I1021 14:34:59.645078 35371 normal_forward_compute_actor.cpp:28] actor 44 switch to &NormalForwardCompActor::HandlerNormal
I1021 14:34:59.645144 35371 runtime_context.cpp:27] DecreaseCounter constructing_actor_cnt, current val is 8
I1021 14:34:59.645153 35371 thread.cpp:77] thread 0 construct actor 45
I1021 14:34:59.645887 35371 normal_forward_compute_actor.cpp:28] actor 45 switch to &NormalForwardCompActor::HandlerNormal
I1021 14:34:59.645954 35371 runtime_context.cpp:27] DecreaseCounter constructing_actor_cnt, current val is 7
I1021 14:34:59.645962 35371 thread.cpp:77] thread 0 construct actor 48
I1021 14:34:59.646656 35371 normal_forward_compute_actor.cpp:28] actor 48 switch to &NormalForwardCompActor::HandlerNormal
I1021 14:34:59.646721 35371 runtime_context.cpp:27] DecreaseCounter constructing_actor_cnt, current val is 6
I1021 14:34:59.646730 35371 thread.cpp:77] thread 0 construct actor 49
I1021 14:34:59.647413 35371 normal_forward_compute_actor.cpp:28] actor 49 switch to &NormalForwardCompActor::HandlerNormal
I1021 14:34:59.647476 35371 runtime_context.cpp:27] DecreaseCounter constructing_actor_cnt, current val is 5
I1021 14:34:59.647485 35371 thread.cpp:77] thread 0 construct actor 50
I1021 14:34:59.648167 35371 normal_forward_compute_actor.cpp:28] actor 50 switch to &NormalForwardCompActor::HandlerNormal
I1021 14:34:59.648236 35371 runtime_context.cpp:27] DecreaseCounter constructing_actor_cnt, current val is 4
I1021 14:34:59.648245 35371 thread.cpp:77] thread 0 construct actor 51
I1021 14:34:59.648936 35371 normal_forward_compute_actor.cpp:28] actor 51 switch to &NormalForwardCompActor::HandlerNormal
I1021 14:34:59.649000 35371 runtime_context.cpp:27] DecreaseCounter constructing_actor_cnt, current val is 3
I1021 14:34:59.649009 35371 thread.cpp:77] thread 0 construct actor 52
I1021 14:34:59.649699 35371 normal_forward_compute_actor.cpp:28] actor 52 switch to &NormalForwardCompActor::HandlerNormal
I1021 14:34:59.649765 35371 runtime_context.cpp:27] DecreaseCounter constructing_actor_cnt, current val is 2
I1021 14:34:59.649773 35371 thread.cpp:77] thread 0 construct actor 53
I1021 14:34:59.650473 35371 normal_forward_compute_actor.cpp:28] actor 53 switch to &NormalForwardCompActor::HandlerNormal
I1021 14:34:59.650539 35371 runtime_context.cpp:27] DecreaseCounter constructing_actor_cnt, current val is 1
I1021 14:34:59.650547 35371 thread.cpp:77] thread 0 construct actor 54
I1021 14:34:59.651206 35371 tick_compute_actor.cpp:22] actor 54 switch to &TickComputeActor::HandlerNormal
I1021 14:34:59.651271 35371 runtime_context.cpp:27] DecreaseCounter constructing_actor_cnt, current val is 0
I1021 14:34:59.652189 35239 runtime.cpp:82] Actors on this machine constructed
I1021 14:34:59.652808 35239 runtime.cpp:84] Actors on every machine constructed
I1021 14:34:59.653234 35239 runtime_context.cpp:21] NewCounter running_actor_cnt 137
I1021 14:34:59.653318 35402 wait_and_send_ids_compute_actor.cpp:49] actor 109951162777600 switch to &WaitAndSendIdsCompActor::HandlerNormal
I1021 14:34:59.660320 35239 global.h:37] DeleteGlobal N7oneflow7OneflowE
I1021 14:34:59.660461 35402 actor.cpp:333] actor 109951162777600 switch to &Actor::HandlerZombie
I1021 14:34:59.660470 35396 actor.cpp:333] actor 83562883711030 switch to &Actor::HandlerZombie
I1021 14:34:59.660511 35402 thread.cpp:67] thread 25 deconstruct actor 109951162777600
I1021 14:34:59.660559 35396 actor.cpp:330] actor 83562883711031 switch to nullptr
I1021 14:34:59.660570 35396 thread.cpp:67] thread 19 deconstruct actor 83562883711031
I1021 14:34:59.660765 35396 runtime_context.cpp:27] DecreaseCounter running_actor_cnt, current val is 136
I1021 14:34:59.660802 35396 actor.cpp:330] actor 83562883711032 switch to nullptr
I1021 14:34:59.660810 35396 thread.cpp:67] thread 19 deconstruct actor 83562883711032
I1021 14:34:59.660846 35371 actor.cpp:330] actor 31 switch to nullptr
I1021 14:34:59.660869 35371 thread.cpp:67] thread 0 deconstruct actor 31
I1021 14:34:59.660889 35402 runtime_context.cpp:27] DecreaseCounter running_actor_cnt, current val is 135
I1021 14:34:59.660902 35396 runtime_context.cpp:27] DecreaseCounter running_actor_cnt, current val is 134
I1021 14:34:59.660929 35396 actor.cpp:330] actor 83562883711034 switch to nullptr
I1021 14:34:59.660936 35396 thread.cpp:67] thread 19 deconstruct actor 83562883711034
I1021 14:34:59.660979 35371 runtime_context.cpp:27] DecreaseCounter running_actor_cnt, current val is 133
I1021 14:34:59.661017 35371 actor.cpp:330] actor 28 switch to nullptr
I1021 14:34:59.661022 35396 runtime_context.cpp:27] DecreaseCounter running_actor_cnt, current val is 132
I1021 14:34:59.661026 35371 thread.cpp:67] thread 0 deconstruct actor 28
I1021 14:34:59.661053 35396 actor.cpp:330] actor 83562883711041 switch to nullptr
I1021 14:34:59.661060 35396 thread.cpp:67] thread 19 deconstruct actor 83562883711041
I1021 14:34:59.661136 35371 runtime_context.cpp:27] DecreaseCounter running_actor_cnt, current val is 131
I1021 14:34:59.661145 35396 runtime_context.cpp:27] DecreaseCounter running_actor_cnt, current val is 130
I1021 14:34:59.661170 35371 actor.cpp:330] actor 11 switch to nullptr
I1021 14:34:59.661175 35396 actor.cpp:330] actor 83562883711039 switch to nullptr
I1021 14:34:59.661190 35396 thread.cpp:67] thread 19 deconstruct actor 83562883711039
I1021 14:34:59.661181 35371 thread.cpp:67] thread 0 deconstruct actor 11
I1021 14:34:59.661279 35396 runtime_context.cpp:27] DecreaseCounter running_actor_cnt, current val is 129
I1021 14:34:59.661293 35371 runtime_context.cpp:27] DecreaseCounter running_actor_cnt, current val is 128
I1021 14:34:59.661309 35396 actor.cpp:330] actor 83562883711035 switch to nullptr
I1021 14:34:59.661316 35396 thread.cpp:67] thread 19 deconstruct actor 83562883711035
I1021 14:34:59.661326 35371 actor.cpp:330] actor 7 switch to nullptr
I1021 14:34:59.661334 35371 thread.cpp:67] thread 0 deconstruct actor 7
I1021 14:34:59.661401 35396 runtime_context.cpp:27] DecreaseCounter running_actor_cnt, current val is 127
I1021 14:34:59.661427 35371 runtime_context.cpp:27] DecreaseCounter running_actor_cnt, current val is 126
I1021 14:34:59.661428 35396 actor.cpp:330] actor 83562883711036 switch to nullptr
I1021 14:34:59.661448 35396 thread.cpp:67] thread 19 deconstruct actor 83562883711036
I1021 14:34:59.661460 35371 actor.cpp:330] actor 3 switch to nullptr
I1021 14:34:59.661468 35371 thread.cpp:67] thread 0 deconstruct actor 3
I1021 14:34:59.661535 35396 runtime_context.cpp:27] DecreaseCounter running_actor_cnt, current val is 125
I1021 14:34:59.661559 35371 runtime_context.cpp:27] DecreaseCounter running_actor_cnt, current val is 124
I1021 14:34:59.661563 35396 actor.cpp:330] actor 83562883711033 switch to nullptr
I1021 14:34:59.661579 35396 thread.cpp:67] thread 19 deconstruct actor 83562883711033
I1021 14:34:59.661592 35371 actor.cpp:330] actor 1 switch to nullptr
I1021 14:34:59.661600 35371 thread.cpp:67] thread 0 deconstruct actor 1
I1021 14:34:59.661669 35396 runtime_context.cpp:27] DecreaseCounter running_actor_cnt, current val is 123
I1021 14:34:59.661690 35371 runtime_context.cpp:27] DecreaseCounter running_actor_cnt, current val is 122
I1021 14:34:59.661698 35396 actor.cpp:330] actor 83562883711038 switch to nullptr
I1021 14:34:59.661711 35396 thread.cpp:67] thread 19 deconstruct actor 83562883711038
I1021 14:34:59.661725 35371 actor.cpp:330] actor 0 switch to nullptr
I1021 14:34:59.661754 35371 thread.cpp:67] thread 0 deconstruct actor 0
I1021 14:34:59.661800 35396 runtime_context.cpp:27] DecreaseCounter running_actor_cnt, current val is 121
I1021 14:34:59.661828 35396 actor.cpp:330] actor 83562883711037 switch to nullptr
I1021 14:34:59.661835 35396 thread.cpp:67] thread 19 deconstruct actor 83562883711037
I1021 14:34:59.661860 35371 runtime_context.cpp:27] DecreaseCounter running_actor_cnt, current val is 120
I1021 14:34:59.661898 35371 actor.cpp:333] actor 29 switch to &Actor::HandlerZombie
I1021 14:34:59.661916 35371 actor.cpp:333] actor 12 switch to &Actor::HandlerZombie
I1021 14:34:59.661922 35396 runtime_context.cpp:27] DecreaseCounter running_actor_cnt, current val is 119
I1021 14:34:59.661931 35371 actor.cpp:333] actor 8 switch to &Actor::HandlerZombie
I1021 14:34:59.661955 35396 actor.cpp:330] actor 83562883711040 switch to nullptr
I1021 14:34:59.661967 35396 thread.cpp:67] thread 19 deconstruct actor 83562883711040
I1021 14:34:59.661955 35371 actor.cpp:333] actor 4 switch to &Actor::HandlerZombie
I1021 14:34:59.661991 35371 actor.cpp:333] actor 22 switch to &Actor::HandlerZombie
I1021 14:34:59.662005 35371 actor.cpp:330] actor 54 switch to nullptr
I1021 14:34:59.662012 35371 thread.cpp:67] thread 0 deconstruct actor 54
I1021 14:34:59.662053 35396 runtime_context.cpp:27] DecreaseCounter running_actor_cnt, current val is 118
I1021 14:34:59.662087 35396 actor.cpp:330] actor 83562883710986 switch to nullptr
I1021 14:34:59.662096 35396 thread.cpp:67] thread 19 deconstruct actor 83562883710986
I1021 14:34:59.662106 35371 runtime_context.cpp:27] DecreaseCounter running_actor_cnt, current val is 117
I1021 14:34:59.662142 35371 actor.cpp:330] actor 10 switch to nullptr
I1021 14:34:59.662149 35371 thread.cpp:67] thread 0 deconstruct actor 10
I1021 14:34:59.662143 35397 actor.cpp:330] actor 87960930222080 switch to nullptr
I1021 14:34:59.662184 35383 actor.cpp:330] actor 26388279066625 switch to nullptr
I1021 14:34:59.662202 35375 actor.cpp:333] actor 8796093022208 switch to &Actor::HandlerZombie
I1021 14:34:59.662196 35396 runtime_context.cpp:27] DecreaseCounter running_actor_cnt, current val is 116
I1021 14:34:59.662225 35383 thread.cpp:67] thread 6 deconstruct actor 26388279066625
I1021 14:34:59.662190 35397 thread.cpp:67] thread 20 deconstruct actor 87960930222080
I1021 14:34:59.662286 35396 actor.cpp:330] actor 83562883711025 switch to nullptr
I1021 14:34:59.662299 35396 thread.cpp:67] thread 19 deconstruct actor 83562883711025
I1021 14:34:59.662334 35401 actor.cpp:333] actor 105553116266496 switch to &Actor::HandlerZombie
I1021 14:34:59.662389 35371 runtime_context.cpp:27] DecreaseCounter running_actor_cnt, current val is 115
I1021 14:34:59.662416 35396 runtime_context.cpp:27] DecreaseCounter running_actor_cnt, current val is 114
I1021 14:34:59.662441 35371 actor.cpp:333] actor 6 switch to &Actor::HandlerZombie
I1021 14:34:59.662447 35383 runtime_context.cpp:27] DecreaseCounter running_actor_cnt, current val is 113
I1021 14:34:59.662458 35396 actor.cpp:330] actor 83562883711014 switch to nullptr
I1021 14:34:59.662461 35371 actor.cpp:333] actor 2 switch to &Actor::HandlerZombie
I1021 14:34:59.662472 35396 thread.cpp:67] thread 19 deconstruct actor 83562883711014
I1021 14:34:59.662477 35397 runtime_context.cpp:27] DecreaseCounter running_actor_cnt, current val is 112
I1021 14:34:59.662504 35399 actor.cpp:333] actor 96757023244288 switch to &Actor::HandlerZombie
I1021 14:34:59.662495 35371 actor.cpp:330] actor 30 switch to nullptr
I1021 14:34:59.662540 35371 thread.cpp:67] thread 0 deconstruct actor 30
I1021 14:34:59.662511 35375 thread.cpp:67] thread 2 deconstruct actor 8796093022208
I1021 14:34:59.662482 35383 actor.cpp:333] actor 26388279066624 switch to &Actor::HandlerZombie
I1021 14:34:59.662600 35396 runtime_context.cpp:27] DecreaseCounter running_actor_cnt, current val is 111
I1021 14:34:59.662602 35383 actor.cpp:333] actor 26388279066627 switch to &Actor::HandlerZombie
I1021 14:34:59.662616 35401 thread.cpp:67] thread 24 deconstruct actor 105553116266496
I1021 14:34:59.662642 35396 actor.cpp:330] actor 83562883711013 switch to nullptr
I1021 14:34:59.662672 35396 thread.cpp:67] thread 19 deconstruct actor 83562883711013
I1021 14:34:59.662717 35375 runtime_context.cpp:27] DecreaseCounter running_actor_cnt, current val is 110
I1021 14:34:59.662740 35371 runtime_context.cpp:27] DecreaseCounter running_actor_cnt, current val is 109
I1021 14:34:59.662750 35401 runtime_context.cpp:27] DecreaseCounter running_actor_cnt, current val is 108
I1021 14:34:59.662781 35371 actor.cpp:330] actor 13 switch to nullptr
I1021 14:34:59.662789 35371 thread.cpp:67] thread 0 deconstruct actor 13
I1021 14:34:59.662792 35396 runtime_context.cpp:27] DecreaseCounter running_actor_cnt, current val is 107
I1021 14:34:59.662832 35396 actor.cpp:330] actor 83562883710992 switch to nullptr
I1021 14:34:59.662842 35396 thread.cpp:67] thread 19 deconstruct actor 83562883710992
I1021 14:34:59.662941 35396 runtime_context.cpp:27] DecreaseCounter running_actor_cnt, current val is 106
I1021 14:34:59.662974 35396 actor.cpp:330] actor 83562883710997 switch to nullptr
I1021 14:34:59.662982 35396 thread.cpp:67] thread 19 deconstruct actor 83562883710997
I1021 14:34:59.662984 35371 runtime_context.cpp:27] DecreaseCounter running_actor_cnt, current val is 105
I1021 14:34:59.663012 35398 actor.cpp:330] actor 92358976733184 switch to nullptr
I1021 14:34:59.663023 35371 actor.cpp:330] actor 9 switch to nullptr
I1021 14:34:59.663025 35398 thread.cpp:67] thread 21 deconstruct actor 92358976733184
I1021 14:34:59.663035 35371 thread.cpp:67] thread 0 deconstruct actor 9
I1021 14:34:59.663045 35383 actor.cpp:330] actor 26388279066626 switch to nullptr
I1021 14:34:59.663062 35383 thread.cpp:67] thread 6 deconstruct actor 26388279066626
I1021 14:34:59.663087 35396 runtime_context.cpp:27] DecreaseCounter running_actor_cnt, current val is 104
I1021 14:34:59.663120 35396 actor.cpp:330] actor 83562883710980 switch to nullptr
I1021 14:34:59.663132 35396 thread.cpp:67] thread 19 deconstruct actor 83562883710980
I1021 14:34:59.663166 35398 runtime_context.cpp:27] DecreaseCounter running_actor_cnt, current val is 103
I1021 14:34:59.663240 35396 runtime_context.cpp:27] DecreaseCounter running_actor_cnt, current val is 102
I1021 14:34:59.663260 35383 runtime_context.cpp:27] DecreaseCounter running_actor_cnt, current val is 101
I1021 14:34:59.663265 35371 runtime_context.cpp:27] DecreaseCounter running_actor_cnt, current val is 100
I1021 14:34:59.663281 35396 actor.cpp:330] actor 83562883711008 switch to nullptr
I1021 14:34:59.663281 35383 thread.cpp:67] thread 6 deconstruct actor 26388279066624
I1021 14:34:59.663297 35396 thread.cpp:67] thread 19 deconstruct actor 83562883711008
I1021 14:34:59.663312 35371 actor.cpp:330] actor 5 switch to nullptr
I1021 14:34:59.663321 35400 actor.cpp:330] actor 101155069755392 switch to nullptr
I1021 14:34:59.663321 35371 thread.cpp:67] thread 0 deconstruct actor 5
I1021 14:34:59.663347 35400 thread.cpp:67] thread 23 deconstruct actor 101155069755392
I1021 14:34:59.663417 35396 runtime_context.cpp:27] DecreaseCounter running_actor_cnt, current val is 98
I1021 14:34:59.663417 35383 runtime_context.cpp:27] DecreaseCounter running_actor_cnt, current val is 99
I1021 14:34:59.663467 35396 actor.cpp:330] actor 83562883711003 switch to nullptr
I1021 14:34:59.663476 35396 thread.cpp:67] thread 19 deconstruct actor 83562883711003
I1021 14:34:59.663511 35400 runtime_context.cpp:27] DecreaseCounter running_actor_cnt, current val is 97
I1021 14:34:59.663547 35371 runtime_context.cpp:27] DecreaseCounter running_actor_cnt, current val is 96
I1021 14:34:59.663585 35396 runtime_context.cpp:27] DecreaseCounter running_actor_cnt, current val is 95
I1021 14:34:59.663591 35371 actor.cpp:330] actor 23 switch to nullptr
I1021 14:34:59.663607 35371 thread.cpp:67] thread 0 deconstruct actor 23
I1021 14:34:59.663620 35396 actor.cpp:330] actor 83562883711020 switch to nullptr
I1021 14:34:59.663628 35383 thread.cpp:67] thread 6 deconstruct actor 26388279066627
I1021 14:34:59.663631 35396 thread.cpp:67] thread 19 deconstruct actor 83562883711020
I1021 14:34:59.663769 35383 runtime_context.cpp:27] DecreaseCounter running_actor_cnt, current val is 94
I1021 14:34:59.663779 35396 runtime_context.cpp:27] DecreaseCounter running_actor_cnt, current val is 93
I1021 14:34:59.663797 35371 runtime_context.cpp:27] DecreaseCounter running_actor_cnt, current val is 92
I1021 14:34:59.663831 35396 actor.cpp:330] actor 83562883710985 switch to nullptr
I1021 14:34:59.663841 35396 thread.cpp:67] thread 19 deconstruct actor 83562883710985
I1021 14:34:59.663846 35371 actor.cpp:333] actor 53 switch to &Actor::HandlerZombie
I1021 14:34:59.663867 35371 actor.cpp:333] actor 52 switch to &Actor::HandlerZombie
I1021 14:34:59.663897 35371 actor.cpp:333] actor 51 switch to &Actor::HandlerZombie
I1021 14:34:59.663902 35375 actor.cpp:330] actor 8796093022218 switch to nullptr
I1021 14:34:59.663923 35375 thread.cpp:67] thread 2 deconstruct actor 8796093022218
I1021 14:34:59.663929 35371 actor.cpp:333] actor 50 switch to &Actor::HandlerZombie
I1021 14:34:59.663942 35396 runtime_context.cpp:27] DecreaseCounter running_actor_cnt, current val is 91
I1021 14:34:59.663962 35371 actor.cpp:333] actor 49 switch to &Actor::HandlerZombie
I1021 14:34:59.663972 35396 actor.cpp:333] actor 83562883711026 switch to &Actor::HandlerZombie
I1021 14:34:59.663985 35371 actor.cpp:333] actor 48 switch to &Actor::HandlerZombie
I1021 14:34:59.663985 35396 actor.cpp:330] actor 83562883711022 switch to nullptr
I1021 14:34:59.663995 35371 thread.cpp:67] thread 0 deconstruct actor 12
I1021 14:34:59.664002 35396 thread.cpp:67] thread 19 deconstruct actor 83562883711022
I1021 14:34:59.664088 35375 runtime_context.cpp:27] DecreaseCounter running_actor_cnt, current val is 90
I1021 14:34:59.664091 35396 runtime_context.cpp:27] DecreaseCounter running_actor_cnt, current val is 89
I1021 14:34:59.664137 35396 actor.cpp:330] actor 83562883710981 switch to nullptr
I1021 14:34:59.664145 35396 thread.cpp:67] thread 19 deconstruct actor 83562883710981
I1021 14:34:59.664146 35375 actor.cpp:330] actor 8796093022217 switch to nullptr
I1021 14:34:59.664168 35375 thread.cpp:67] thread 2 deconstruct actor 8796093022217
I1021 14:34:59.664228 35396 runtime_context.cpp:27] DecreaseCounter running_actor_cnt, current val is 87
I1021 14:34:59.664234 35371 runtime_context.cpp:27] DecreaseCounter running_actor_cnt, current val is 88
I1021 14:34:59.664256 35396 actor.cpp:330] actor 83562883710977 switch to nullptr
I1021 14:34:59.664264 35396 thread.cpp:67] thread 19 deconstruct actor 83562883710977
I1021 14:34:59.664290 35371 actor.cpp:333] actor 37 switch to &Actor::HandlerZombie
I1021 14:34:59.664319 35371 actor.cpp:333] actor 36 switch to &Actor::HandlerZombie
I1021 14:34:59.664314 35375 runtime_context.cpp:27] DecreaseCounter running_actor_cnt, current val is 86
I1021 14:34:59.664345 35371 actor.cpp:333] actor 34 switch to &Actor::HandlerZombie
I1021 14:34:59.664340 35396 runtime_context.cpp:27] DecreaseCounter running_actor_cnt, current val is 85
I1021 14:34:59.664369 35371 actor.cpp:333] actor 35 switch to &Actor::HandlerZombie
I1021 14:34:59.664379 35396 actor.cpp:330] actor 83562883711015 switch to nullptr
I1021 14:34:59.664386 35375 actor.cpp:330] actor 8796093022216 switch to nullptr
I1021 14:34:59.664393 35396 thread.cpp:67] thread 19 deconstruct actor 83562883711015
I1021 14:34:59.664407 35371 actor.cpp:333] actor 33 switch to &Actor::HandlerZombie
I1021 14:34:59.664409 35375 thread.cpp:67] thread 2 deconstruct actor 8796093022216
I1021 14:34:59.664448 35371 actor.cpp:333] actor 32 switch to &Actor::HandlerZombie
I1021 14:34:59.664458 35371 thread.cpp:67] thread 0 deconstruct actor 2
I1021 14:34:59.664499 35396 runtime_context.cpp:27] DecreaseCounter running_actor_cnt, current val is 84
I1021 14:34:59.664528 35396 actor.cpp:333] actor 83562883711010 switch to &Actor::HandlerZombie
I1021 14:34:59.664537 35396 thread.cpp:67] thread 19 deconstruct actor 83562883711026
I1021 14:34:59.664590 35375 runtime_context.cpp:27] DecreaseCounter running_actor_cnt, current val is 83
I1021 14:34:59.664615 35396 runtime_context.cpp:27] DecreaseCounter running_actor_cnt, current val is 82
I1021 14:34:59.664642 35375 actor.cpp:330] actor 8796093022215 switch to nullptr
I1021 14:34:59.664666 35371 runtime_context.cpp:27] DecreaseCounter running_actor_cnt, current val is 81
I1021 14:34:59.664680 35396 actor.cpp:330] actor 83562883710996 switch to nullptr
I1021 14:34:59.664690 35371 thread.cpp:67] thread 0 deconstruct actor 8
I1021 14:34:59.664672 35375 thread.cpp:67] thread 2 deconstruct actor 8796093022215
I1021 14:34:59.664692 35396 thread.cpp:67] thread 19 deconstruct actor 83562883710996
I1021 14:34:59.664806 35396 runtime_context.cpp:27] DecreaseCounter running_actor_cnt, current val is 80
I1021 14:34:59.664836 35375 runtime_context.cpp:27] DecreaseCounter running_actor_cnt, current val is 79
I1021 14:34:59.664836 35396 actor.cpp:330] actor 83562883711007 switch to nullptr
I1021 14:34:59.664865 35396 thread.cpp:67] thread 19 deconstruct actor 83562883711007
I1021 14:34:59.664888 35375 actor.cpp:330] actor 8796093022214 switch to nullptr
I1021 14:34:59.664901 35375 thread.cpp:67] thread 2 deconstruct actor 8796093022214
I1021 14:34:59.664913 35371 runtime_context.cpp:27] DecreaseCounter running_actor_cnt, current val is 78
I1021 14:34:59.664947 35371 thread.cpp:67] thread 0 deconstruct actor 53
I1021 14:34:59.664958 35396 runtime_context.cpp:27] DecreaseCounter running_actor_cnt, current val is 77
I1021 14:34:59.664990 35396 actor.cpp:330] actor 83562883710988 switch to nullptr
I1021 14:34:59.664999 35396 thread.cpp:67] thread 19 deconstruct actor 83562883710988
I1021 14:34:59.665032 35375 runtime_context.cpp:27] DecreaseCounter running_actor_cnt, current val is 76
I1021 14:34:59.665051 35371 runtime_context.cpp:27] DecreaseCounter running_actor_cnt, current val is 75
I1021 14:34:59.665079 35375 actor.cpp:330] actor 8796093022213 switch to nullptr
I1021 14:34:59.665079 35396 runtime_context.cpp:27] DecreaseCounter running_actor_cnt, current val is 74
I1021 14:34:59.665102 35399 thread.cpp:67] thread 22 deconstruct actor 96757023244288
I1021 14:34:59.665100 35375 thread.cpp:67] thread 2 deconstruct actor 8796093022213
I1021 14:34:59.665092 35371 actor.cpp:330] actor 18 switch to nullptr
I1021 14:34:59.665127 35396 actor.cpp:330] actor 83562883711029 switch to nullptr
I1021 14:34:59.665143 35371 thread.cpp:67] thread 0 deconstruct actor 18
I1021 14:34:59.665150 35396 thread.cpp:67] thread 19 deconstruct actor 83562883711029
I1021 14:34:59.665246 35396 runtime_context.cpp:27] DecreaseCounter running_actor_cnt, current val is 73
I1021 14:34:59.665263 35375 runtime_context.cpp:27] DecreaseCounter running_actor_cnt, current val is 72
I1021 14:34:59.665275 35396 actor.cpp:330] actor 83562883711024 switch to nullptr
I1021 14:34:59.665292 35396 thread.cpp:67] thread 19 deconstruct actor 83562883711024
I1021 14:34:59.665280 35399 runtime_context.cpp:27] DecreaseCounter running_actor_cnt, current val is 71
I1021 14:34:59.665349 35371 runtime_context.cpp:27] DecreaseCounter running_actor_cnt, current val is 70
I1021 14:34:59.665369 35371 thread.cpp:67] thread 0 deconstruct actor 37
I1021 14:34:59.665385 35396 runtime_context.cpp:27] DecreaseCounter running_actor_cnt, current val is 69
I1021 14:34:59.665416 35396 actor.cpp:330] actor 83562883710984 switch to nullptr
I1021 14:34:59.665423 35396 thread.cpp:67] thread 19 deconstruct actor 83562883710984
I1021 14:34:59.665470 35371 runtime_context.cpp:27] DecreaseCounter running_actor_cnt, current val is 68
I1021 14:34:59.665510 35371 actor.cpp:330] actor 16 switch to nullptr
I1021 14:34:59.665521 35371 thread.cpp:67] thread 0 deconstruct actor 16
I1021 14:34:59.665511 35396 runtime_context.cpp:27] DecreaseCounter running_actor_cnt, current val is 67
I1021 14:34:59.665556 35396 actor.cpp:330] actor 83562883710979 switch to nullptr
I1021 14:34:59.665565 35396 thread.cpp:67] thread 19 deconstruct actor 83562883710979
I1021 14:34:59.665657 35396 runtime_context.cpp:27] DecreaseCounter running_actor_cnt, current val is 66
I1021 14:34:59.665686 35396 actor.cpp:330] actor 83562883711018 switch to nullptr
I1021 14:34:59.665694 35396 thread.cpp:67] thread 19 deconstruct actor 83562883711018
I1021 14:34:59.665716 35371 runtime_context.cpp:27] DecreaseCounter running_actor_cnt, current val is 65
I1021 14:34:59.665781 35371 actor.cpp:333] actor 45 switch to &Actor::HandlerZombie
I1021 14:34:59.665807 35371 actor.cpp:333] actor 44 switch to &Actor::HandlerZombie
I1021 14:34:59.665820 35396 runtime_context.cpp:27] DecreaseCounter running_actor_cnt, current val is 64
I1021 14:34:59.665828 35371 actor.cpp:333] actor 42 switch to &Actor::HandlerZombie
I1021 14:34:59.665855 35396 actor.cpp:330] actor 83562883711012 switch to nullptr
I1021 14:34:59.665858 35371 actor.cpp:333] actor 43 switch to &Actor::HandlerZombie
I1021 14:34:59.665866 35396 thread.cpp:67] thread 19 deconstruct actor 83562883711012
I1021 14:34:59.665890 35371 actor.cpp:333] actor 41 switch to &Actor::HandlerZombie
I1021 14:34:59.665915 35371 actor.cpp:333] actor 40 switch to &Actor::HandlerZombie
I1021 14:34:59.665931 35371 actor.cpp:330] actor 14 switch to nullptr
I1021 14:34:59.665938 35371 thread.cpp:67] thread 0 deconstruct actor 14
I1021 14:34:59.665964 35396 runtime_context.cpp:27] DecreaseCounter running_actor_cnt, current val is 63
I1021 14:34:59.665993 35396 actor.cpp:330] actor 83562883710999 switch to nullptr
I1021 14:34:59.666002 35396 thread.cpp:67] thread 19 deconstruct actor 83562883710999
I1021 14:34:59.666081 35396 runtime_context.cpp:27] DecreaseCounter running_actor_cnt, current val is 62
I1021 14:34:59.666096 35396 thread.cpp:67] thread 19 deconstruct actor 83562883711010
I1021 14:34:59.666139 35371 runtime_context.cpp:27] DecreaseCounter running_actor_cnt, current val is 61
I1021 14:34:59.666158 35371 thread.cpp:67] thread 0 deconstruct actor 45
I1021 14:34:59.666167 35396 runtime_context.cpp:27] DecreaseCounter running_actor_cnt, current val is 60
I1021 14:34:59.666199 35396 actor.cpp:330] actor 83562883710991 switch to nullptr
I1021 14:34:59.666214 35396 thread.cpp:67] thread 19 deconstruct actor 83562883710991
I1021 14:34:59.666275 35371 runtime_context.cpp:27] DecreaseCounter running_actor_cnt, current val is 59
I1021 14:34:59.666307 35396 runtime_context.cpp:27] DecreaseCounter running_actor_cnt, current val is 58
I1021 14:34:59.666327 35371 actor.cpp:333] actor 24 switch to &Actor::HandlerZombie
I1021 14:34:59.666327 35396 actor.cpp:330] actor 83562883711028 switch to nullptr
I1021 14:34:59.666340 35371 thread.cpp:67] thread 0 deconstruct actor 52
I1021 14:34:59.666342 35396 thread.cpp:67] thread 19 deconstruct actor 83562883711028
I1021 14:34:59.666409 35396 runtime_context.cpp:27] DecreaseCounter running_actor_cnt, current val is 57
I1021 14:34:59.666429 35396 actor.cpp:330] actor 83562883711023 switch to nullptr
I1021 14:34:59.666435 35396 thread.cpp:67] thread 19 deconstruct actor 83562883711023
I1021 14:34:59.666437 35371 runtime_context.cpp:27] DecreaseCounter running_actor_cnt, current val is 56
I1021 14:34:59.666471 35371 actor.cpp:333] actor 55 switch to &Actor::HandlerZombie
I1021 14:34:59.666479 35371 thread.cpp:67] thread 0 deconstruct actor 51
I1021 14:34:59.666496 35396 runtime_context.cpp:27] DecreaseCounter running_actor_cnt, current val is 55
I1021 14:34:59.666514 35396 actor.cpp:330] actor 83562883710983 switch to nullptr
I1021 14:34:59.666519 35396 thread.cpp:67] thread 19 deconstruct actor 83562883710983
I1021 14:34:59.666517 35375 actor.cpp:330] actor 8796093022219 switch to nullptr
I1021 14:34:59.666543 35375 thread.cpp:67] thread 2 deconstruct actor 8796093022219
I1021 14:34:59.666577 35371 runtime_context.cpp:27] DecreaseCounter running_actor_cnt, current val is 54
I1021 14:34:59.666579 35396 runtime_context.cpp:27] DecreaseCounter running_actor_cnt, current val is 53
I1021 14:34:59.666597 35371 thread.cpp:67] thread 0 deconstruct actor 49
I1021 14:34:59.666610 35396 actor.cpp:330] actor 83562883710978 switch to nullptr
I1021 14:34:59.666616 35396 thread.cpp:67] thread 19 deconstruct actor 83562883710978
I1021 14:34:59.666677 35396 runtime_context.cpp:27] DecreaseCounter running_actor_cnt, current val is 52
I1021 14:34:59.666682 35375 runtime_context.cpp:27] DecreaseCounter running_actor_cnt, current val is 51
I1021 14:34:59.666687 35371 runtime_context.cpp:27] DecreaseCounter running_actor_cnt, current val is 50
I1021 14:34:59.666697 35396 actor.cpp:333] actor 83562883711017 switch to &Actor::HandlerZombie
I1021 14:34:59.666752 35371 thread.cpp:67] thread 0 deconstruct actor 48
I1021 14:34:59.666757 35396 actor.cpp:330] actor 83562883711011 switch to nullptr
I1021 14:34:59.666765 35396 thread.cpp:67] thread 19 deconstruct actor 83562883711011
I1021 14:34:59.666827 35396 runtime_context.cpp:27] DecreaseCounter running_actor_cnt, current val is 49
I1021 14:34:59.666844 35371 runtime_context.cpp:27] DecreaseCounter running_actor_cnt, current val is 48
I1021 14:34:59.666846 35396 actor.cpp:330] actor 83562883711002 switch to nullptr
I1021 14:34:59.666862 35396 thread.cpp:67] thread 19 deconstruct actor 83562883711002
I1021 14:34:59.666863 35371 thread.cpp:67] thread 0 deconstruct actor 50
I1021 14:34:59.666926 35396 runtime_context.cpp:27] DecreaseCounter running_actor_cnt, current val is 47
I1021 14:34:59.666949 35396 actor.cpp:333] actor 83562883710989 switch to &Actor::HandlerZombie
I1021 14:34:59.666955 35371 runtime_context.cpp:27] DecreaseCounter running_actor_cnt, current val is 46
I1021 14:34:59.666965 35396 actor.cpp:330] actor 83562883711019 switch to nullptr
I1021 14:34:59.666970 35396 thread.cpp:67] thread 19 deconstruct actor 83562883711019
I1021 14:34:59.666970 35371 thread.cpp:67] thread 0 deconstruct actor 55
I1021 14:34:59.667037 35396 runtime_context.cpp:27] DecreaseCounter running_actor_cnt, current val is 45
I1021 14:34:59.667053 35371 runtime_context.cpp:27] DecreaseCounter running_actor_cnt, current val is 44
I1021 14:34:59.667063 35396 actor.cpp:333] actor 83562883711000 switch to &Actor::HandlerZombie
I1021 14:34:59.667068 35371 thread.cpp:67] thread 0 deconstruct actor 36
I1021 14:34:59.667073 35396 thread.cpp:67] thread 19 deconstruct actor 83562883711017
I1021 14:34:59.667140 35396 runtime_context.cpp:27] DecreaseCounter running_actor_cnt, current val is 43
I1021 14:34:59.667155 35371 runtime_context.cpp:27] DecreaseCounter running_actor_cnt, current val is 42
I1021 14:34:59.667160 35396 actor.cpp:330] actor 83562883711043 switch to nullptr
I1021 14:34:59.667172 35396 thread.cpp:67] thread 19 deconstruct actor 83562883711043
I1021 14:34:59.667186 35403 actor.cpp:330] actor 114349209288704 switch to nullptr
I1021 14:34:59.667191 35371 actor.cpp:333] actor 39 switch to &Actor::HandlerZombie
I1021 14:34:59.667202 35403 thread.cpp:67] thread 26 deconstruct actor 114349209288704
I1021 14:34:59.667218 35371 actor.cpp:333] actor 38 switch to &Actor::HandlerZombie
I1021 14:34:59.667227 35371 thread.cpp:67] thread 0 deconstruct actor 35
I1021 14:34:59.667234 35375 actor.cpp:330] actor 8796093022210 switch to nullptr
I1021 14:34:59.667248 35375 thread.cpp:67] thread 2 deconstruct actor 8796093022210
I1021 14:34:59.667259 35396 runtime_context.cpp:27] DecreaseCounter running_actor_cnt, current val is 41
I1021 14:34:59.667284 35396 actor.cpp:330] actor 83562883710995 switch to nullptr
I1021 14:34:59.667289 35396 thread.cpp:67] thread 19 deconstruct actor 83562883710995
I1021 14:34:59.667299 35403 runtime_context.cpp:27] DecreaseCounter running_actor_cnt, current val is 40
I1021 14:34:59.667331 35371 runtime_context.cpp:27] DecreaseCounter running_actor_cnt, current val is 39
I1021 14:34:59.667349 35371 thread.cpp:67] thread 0 deconstruct actor 33
I1021 14:34:59.667351 35396 runtime_context.cpp:27] DecreaseCounter running_actor_cnt, current val is 38
I1021 14:34:59.667357 35375 runtime_context.cpp:27] DecreaseCounter running_actor_cnt, current val is 37
I1021 14:34:59.667372 35396 actor.cpp:330] actor 83562883710994 switch to nullptr
I1021 14:34:59.667378 35396 thread.cpp:67] thread 19 deconstruct actor 83562883710994
I1021 14:34:59.667392 35375 actor.cpp:330] actor 8796093022209 switch to nullptr
I1021 14:34:59.667400 35375 thread.cpp:67] thread 2 deconstruct actor 8796093022209
I1021 14:34:59.667438 35396 runtime_context.cpp:27] DecreaseCounter running_actor_cnt, current val is 36
I1021 14:34:59.667443 35371 runtime_context.cpp:27] DecreaseCounter running_actor_cnt, current val is 35
I1021 14:34:59.667485 35396 actor.cpp:330] actor 83562883710990 switch to nullptr
I1021 14:34:59.667491 35375 runtime_context.cpp:27] DecreaseCounter running_actor_cnt, current val is 34
I1021 14:34:59.667486 35371 thread.cpp:67] thread 0 deconstruct actor 34
I1021 14:34:59.667496 35396 thread.cpp:67] thread 19 deconstruct actor 83562883710990
I1021 14:34:59.667578 35396 runtime_context.cpp:27] DecreaseCounter running_actor_cnt, current val is 33
I1021 14:34:59.667590 35396 thread.cpp:67] thread 19 deconstruct actor 83562883710989
I1021 14:34:59.667601 35371 runtime_context.cpp:27] DecreaseCounter running_actor_cnt, current val is 32
I1021 14:34:59.667618 35371 thread.cpp:67] thread 0 deconstruct actor 32
I1021 14:34:59.667652 35396 runtime_context.cpp:27] DecreaseCounter running_actor_cnt, current val is 31
I1021 14:34:59.667703 35371 runtime_context.cpp:27] DecreaseCounter running_actor_cnt, current val is 30
I1021 14:34:59.667721 35371 thread.cpp:67] thread 0 deconstruct actor 39
I1021 14:34:59.667793 35371 runtime_context.cpp:27] DecreaseCounter running_actor_cnt, current val is 29
I1021 14:34:59.667807 35371 thread.cpp:67] thread 0 deconstruct actor 38
I1021 14:34:59.667876 35371 runtime_context.cpp:27] DecreaseCounter running_actor_cnt, current val is 28
I1021 14:34:59.667920 35371 actor.cpp:330] actor 19 switch to nullptr
I1021 14:34:59.667928 35371 thread.cpp:67] thread 0 deconstruct actor 19
I1021 14:34:59.668126 35371 runtime_context.cpp:27] DecreaseCounter running_actor_cnt, current val is 27
I1021 14:34:59.668165 35371 actor.cpp:330] actor 17 switch to nullptr
I1021 14:34:59.668174 35371 thread.cpp:67] thread 0 deconstruct actor 17
I1021 14:34:59.668368 35371 runtime_context.cpp:27] DecreaseCounter running_actor_cnt, current val is 26
I1021 14:34:59.668387 35371 thread.cpp:67] thread 0 deconstruct actor 44
I1021 14:34:59.668483 35371 runtime_context.cpp:27] DecreaseCounter running_actor_cnt, current val is 25
I1021 14:34:59.668515 35371 actor.cpp:333] actor 47 switch to &Actor::HandlerZombie
I1021 14:34:59.668531 35371 actor.cpp:333] actor 46 switch to &Actor::HandlerZombie
I1021 14:34:59.668540 35371 thread.cpp:67] thread 0 deconstruct actor 43
I1021 14:34:59.668540 35375 actor.cpp:330] actor 8796093022212 switch to nullptr
I1021 14:34:59.668556 35375 thread.cpp:67] thread 2 deconstruct actor 8796093022212
I1021 14:34:59.668570 35396 actor.cpp:330] actor 83562883711006 switch to nullptr
I1021 14:34:59.668577 35396 thread.cpp:67] thread 19 deconstruct actor 83562883711006
I1021 14:34:59.668644 35396 runtime_context.cpp:27] DecreaseCounter running_actor_cnt, current val is 23
I1021 14:34:59.668648 35375 runtime_context.cpp:27] DecreaseCounter running_actor_cnt, current val is 22
I1021 14:34:59.668644 35371 runtime_context.cpp:27] DecreaseCounter running_actor_cnt, current val is 24
I1021 14:34:59.668669 35396 actor.cpp:330] actor 83562883711005 switch to nullptr
I1021 14:34:59.668682 35396 thread.cpp:67] thread 19 deconstruct actor 83562883711005
I1021 14:34:59.668684 35371 thread.cpp:67] thread 0 deconstruct actor 41
I1021 14:34:59.668689 35375 actor.cpp:330] actor 8796093022211 switch to nullptr
I1021 14:34:59.668702 35375 thread.cpp:67] thread 2 deconstruct actor 8796093022211
I1021 14:34:59.668746 35396 runtime_context.cpp:27] DecreaseCounter running_actor_cnt, current val is 21
I1021 14:34:59.668766 35396 actor.cpp:330] actor 83562883711042 switch to nullptr
I1021 14:34:59.668772 35396 thread.cpp:67] thread 19 deconstruct actor 83562883711042
I1021 14:34:59.668785 35371 runtime_context.cpp:27] DecreaseCounter running_actor_cnt, current val is 20
I1021 14:34:59.668792 35375 runtime_context.cpp:27] DecreaseCounter running_actor_cnt, current val is 19
I1021 14:34:59.668805 35371 thread.cpp:67] thread 0 deconstruct actor 42
I1021 14:34:59.668864 35396 runtime_context.cpp:27] DecreaseCounter running_actor_cnt, current val is 18
I1021 14:34:59.668884 35396 actor.cpp:330] actor 83562883711001 switch to nullptr
I1021 14:34:59.668895 35371 runtime_context.cpp:27] DecreaseCounter running_actor_cnt, current val is 17
I1021 14:34:59.668903 35396 thread.cpp:67] thread 19 deconstruct actor 83562883711001
I1021 14:34:59.668926 35371 thread.cpp:67] thread 0 deconstruct actor 40
I1021 14:34:59.668988 35396 runtime_context.cpp:27] DecreaseCounter running_actor_cnt, current val is 16
I1021 14:34:59.669001 35396 thread.cpp:67] thread 19 deconstruct actor 83562883711030
I1021 14:34:59.669016 35371 runtime_context.cpp:27] DecreaseCounter running_actor_cnt, current val is 15
I1021 14:34:59.669034 35371 thread.cpp:67] thread 0 deconstruct actor 47
I1021 14:34:59.669073 35396 runtime_context.cpp:27] DecreaseCounter running_actor_cnt, current val is 14
I1021 14:34:59.669085 35396 thread.cpp:67] thread 19 deconstruct actor 83562883711000
I1021 14:34:59.669106 35371 runtime_context.cpp:27] DecreaseCounter running_actor_cnt, current val is 13
I1021 14:34:59.669121 35371 thread.cpp:67] thread 0 deconstruct actor 46
I1021 14:34:59.669144 35396 runtime_context.cpp:27] DecreaseCounter running_actor_cnt, current val is 12
I1021 14:34:59.669189 35371 runtime_context.cpp:27] DecreaseCounter running_actor_cnt, current val is 11
I1021 14:34:59.669222 35371 actor.cpp:330] actor 15 switch to nullptr
I1021 14:34:59.669231 35371 thread.cpp:67] thread 0 deconstruct actor 15
I1021 14:34:59.669421 35371 runtime_context.cpp:27] DecreaseCounter running_actor_cnt, current val is 10
I1021 14:34:59.669459 35371 actor.cpp:330] actor 25 switch to nullptr
I1021 14:34:59.669467 35371 thread.cpp:67] thread 0 deconstruct actor 25
I1021 14:34:59.669661 35371 runtime_context.cpp:27] DecreaseCounter running_actor_cnt, current val is 9
I1021 14:34:59.669683 35371 thread.cpp:67] thread 0 deconstruct actor 6
I1021 14:34:59.669867 35371 runtime_context.cpp:27] DecreaseCounter running_actor_cnt, current val is 8
I1021 14:34:59.669884 35371 thread.cpp:67] thread 0 deconstruct actor 24
I1021 14:34:59.670091 35371 runtime_context.cpp:27] DecreaseCounter running_actor_cnt, current val is 7
I1021 14:34:59.670109 35371 thread.cpp:67] thread 0 deconstruct actor 4
I1021 14:34:59.670337 35371 runtime_context.cpp:27] DecreaseCounter running_actor_cnt, current val is 6
I1021 14:34:59.670387 35371 actor.cpp:333] actor 21 switch to &Actor::HandlerZombie
I1021 14:34:59.670403 35371 actor.cpp:330] actor 20 switch to nullptr
I1021 14:34:59.670410 35371 thread.cpp:67] thread 0 deconstruct actor 20
I1021 14:34:59.670624 35371 runtime_context.cpp:27] DecreaseCounter running_actor_cnt, current val is 5
I1021 14:34:59.670660 35371 actor.cpp:330] actor 26 switch to nullptr
I1021 14:34:59.670668 35371 thread.cpp:67] thread 0 deconstruct actor 26
I1021 14:34:59.670855 35371 runtime_context.cpp:27] DecreaseCounter running_actor_cnt, current val is 4
I1021 14:34:59.670876 35371 thread.cpp:67] thread 0 deconstruct actor 22
I1021 14:34:59.671054 35371 runtime_context.cpp:27] DecreaseCounter running_actor_cnt, current val is 3
I1021 14:34:59.671072 35371 thread.cpp:67] thread 0 deconstruct actor 21
I1021 14:34:59.671278 35371 runtime_context.cpp:27] DecreaseCounter running_actor_cnt, current val is 2
I1021 14:34:59.671316 35371 actor.cpp:330] actor 27 switch to nullptr
I1021 14:34:59.671325 35371 thread.cpp:67] thread 0 deconstruct actor 27
I1021 14:34:59.671511 35371 runtime_context.cpp:27] DecreaseCounter running_actor_cnt, current val is 1
I1021 14:34:59.671530 35371 thread.cpp:67] thread 0 deconstruct actor 29
I1021 14:34:59.671731 35371 runtime_context.cpp:27] DecreaseCounter running_actor_cnt, current val is 0
I1021 14:34:59.672260 35239 global.h:37] DeleteGlobal N7oneflow15RuntimeJobDescsE
I1021 14:34:59.672324 35239 global.h:37] DeleteGlobal N7oneflow6boxing10collective31CollectiveBoxingDeviceCtxPollerE
I1021 14:34:59.672466 35239 global.h:37] DeleteGlobal N7oneflow9ThreadMgrE
I1021 14:34:59.672832 35239 thread_manager.cpp:33] actor thread 0 finish
I1021 14:34:59.672899 35239 thread_manager.cpp:33] actor thread 1 finish
I1021 14:34:59.672981 35239 thread_manager.cpp:33] actor thread 2 finish
I1021 14:34:59.673080 35239 thread_manager.cpp:33] actor thread 3 finish
I1021 14:34:59.673138 35239 thread_manager.cpp:33] actor thread 4 finish
I1021 14:34:59.673188 35239 thread_manager.cpp:33] actor thread 5 finish
I1021 14:34:59.673238 35239 thread_manager.cpp:33] actor thread 6 finish
I1021 14:34:59.673277 35239 thread_manager.cpp:33] actor thread 7 finish
I1021 14:34:59.673314 35239 thread_manager.cpp:33] actor thread 8 finish
I1021 14:34:59.673362 35239 thread_manager.cpp:33] actor thread 9 finish
I1021 14:34:59.673403 35239 thread_manager.cpp:33] actor thread 10 finish
I1021 14:34:59.673439 35239 thread_manager.cpp:33] actor thread 11 finish
I1021 14:34:59.673475 35239 thread_manager.cpp:33] actor thread 12 finish
I1021 14:34:59.673511 35239 thread_manager.cpp:33] actor thread 13 finish
I1021 14:34:59.673547 35239 thread_manager.cpp:33] actor thread 14 finish
I1021 14:34:59.673590 35239 thread_manager.cpp:33] actor thread 15 finish
I1021 14:34:59.673633 35239 thread_manager.cpp:33] actor thread 16 finish
I1021 14:34:59.673671 35239 thread_manager.cpp:33] actor thread 17 finish
I1021 14:34:59.673707 35239 thread_manager.cpp:33] actor thread 18 finish
I1021 14:34:59.673761 35239 thread_manager.cpp:33] actor thread 19 finish
I1021 14:34:59.673817 35239 thread_manager.cpp:33] actor thread 20 finish
I1021 14:34:59.673867 35239 thread_manager.cpp:33] actor thread 21 finish
I1021 14:34:59.673920 35239 thread_manager.cpp:33] actor thread 22 finish
I1021 14:34:59.673967 35239 thread_manager.cpp:33] actor thread 23 finish
I1021 14:34:59.674017 35239 thread_manager.cpp:33] actor thread 24 finish
I1021 14:34:59.674065 35239 thread_manager.cpp:33] actor thread 25 finish
I1021 14:34:59.674114 35239 thread_manager.cpp:33] actor thread 26 finish
I1021 14:34:59.674127 35239 global.h:37] DeleteGlobal N7oneflow11ActorMsgBusE
I1021 14:34:59.674136 35239 global.h:37] DeleteGlobal N7oneflow8RegstMgrE
I1021 14:34:59.677695 35239 global.h:37] DeleteGlobal N7oneflow15MemoryAllocatorE
I1021 14:34:59.683064 35239 global.h:37] DeleteGlobal N7oneflow6boxing10collective24CollectiveBoxingExecutorE
I1021 14:34:59.683239 35239 global.h:37] DeleteGlobal N7oneflow10RuntimeCtxE
I1021 14:34:59.683266 35239 global.h:37] DeleteGlobal N7oneflow7summary12EventsWriterE
I1021 14:34:59.686836 35239 global.h:37] DeleteGlobal N7oneflow24InterJobReuseMemStrategyE
I1021 14:34:59.686919 35239 global.h:37] DeleteGlobal N7oneflow25SessionGlobalObjectsScopeE
I1021 14:34:59.686928 35239 global.h:37] DeleteGlobal N7oneflow26RuntimeBufferManagersScopeE
I1021 14:34:59.686933 35239 global.h:37] DeleteGlobal N7oneflow9BufferMgrISt10shared_ptrINS_18ForeignJobInstanceEEEE
I1021 14:34:59.686959 35239 global.h:37] DeleteGlobal N7oneflow9BufferMgrIlEE
I1021 14:34:59.686971 35239 global.h:37] DeleteGlobal N7oneflow16JobSetCompileCtxE
I1021 14:34:59.686985 35239 global.h:37] DeleteGlobal N7oneflow26LazyJobBuildAndInferCtxMgrE
I1021 14:34:59.688802 35239 global.h:37] DeleteGlobal N7oneflow16InterUserJobInfoE
I1021 14:34:59.688834 35239 global.h:37] DeleteGlobal N7oneflow19CriticalSectionDescE
I1021 14:34:59.688866 35239 global.h:37] DeleteGlobal St13unordered_mapINSt7__cxx1112basic_stringIcSt11char_traitsIcESaIcEEElSt4hashIS5_ESt8equal_toIS5_ESaISt4pairIKS5_lEEE
I1021 14:34:59.688876 35239 global.h:37] DeleteGlobal N7oneflow16AvailableMemDescE
I1021 14:34:59.688884 35239 global.h:37] DeleteGlobal N7oneflow5IDMgrE
I1021 14:34:59.688894 35239 global.h:37] DeleteGlobal N7oneflow12ProfilerConfE
I1021 14:34:59.688899 35239 global.h:37] DeleteGlobal N7oneflow6IOConfE
I1021 14:34:59.688906 35239 global.h:37] DeleteGlobal N7oneflow12ResourceDescE
I1021 14:34:59.688912 35239 global.h:32] NewGlobal N7oneflow12ResourceDescE
I1021 14:34:59.688964 35239 cluster_instruction.cpp:84] ClusterInstructionKey/13
