Log file created at: 2021/10/14 10:54:55
Running on machine: oneflow-14
Log line format: [IWEF]mmdd hh:mm:ss.uuuuuu threadid file:line] msg
I1014 10:54:55.205302 14401 global.h:36] NewGlobal 14cudaDeviceProp
I1014 10:54:55.206169 14401 global.h:36] NewGlobal N7oneflow7EnvDescE
I1014 10:54:55.206184 14401 global.h:36] NewGlobal N7oneflow10ProcessCtxE
I1014 10:54:55.206192 14401 env_global_objects_scope.cpp:152] using rpc backend: local
I1014 10:54:55.206243 14401 global.h:36] NewGlobal N7oneflow12ResourceDescE
I1014 10:54:55.206254 14401 global.h:36] NewGlobal N7oneflow12ResourceDescE
I1014 10:54:55.270478 14401 global.h:36] NewGlobal N7oneflow10ThreadPoolE
I1014 10:54:55.271795 14401 global.h:36] NewGlobal N7oneflow16EagerNcclCommMgrE
I1014 10:54:55.271813 14401 global.h:36] NewGlobal N7oneflow18CudnnConvAlgoCacheE
I1014 10:54:55.271822 14401 global.h:36] NewGlobal N7oneflow2vm19VirtualMachineScopeE
I1014 10:54:55.271833 14401 global.h:36] NewGlobal N7oneflow9OneflowVME
I1014 10:54:55.272809 14401 oneflow_vm.cpp:75] transport stream type: N7oneflow2vm13CpuStreamTypeE
I1014 10:54:55.272828 14401 oneflow_vm.cpp:75] transport stream type: N7oneflow2vm14CudaStreamTypeE
I1014 10:54:55.272836 14401 oneflow_vm.cpp:75] transport stream type: N7oneflow2vm19AsyncCudaStreamTypeE
I1014 10:54:55.272986 14401 global.h:36] NewGlobal N7oneflow27EagerJobBuildAndInferCtxMgrE
I1014 10:54:55.273001 14401 global.h:36] NewGlobal N7oneflow12EpollCommNetE
I1014 10:54:55.273133 14401 epoll_comm_network.cpp:63] CommNet:Epoll listening on 0.0.0.0:37024
I1014 10:54:55.273170 14401 epoll_comm_network.cpp:197] machine 0 sockfd -1
I1014 10:54:55.273293 14401 global.h:36] NewGlobal N7oneflow9TransportE
I1014 10:54:55.276732 14401 global.h:43] DeleteGlobal N7oneflow12ResourceDescE
I1014 10:54:55.276762 14401 version.cpp:22] OneFlow git version: b295ca2324
I1014 10:54:55.276779 14401 device_register_gpu.cpp:56] CUDA runtime version: 11.2
I1014 10:54:55.276808 14401 device_register_gpu.cpp:65] cuDNN version: 8.1.1
I1014 10:54:55.276820 14401 device_register_gpu.cpp:78] NCCL version: 2.9.8
I1014 10:54:55.276829 14401 global.h:36] NewGlobal N7oneflow12ResourceDescE
I1014 10:54:55.276839 14401 global.h:36] NewGlobal N7oneflow5IDMgrE
I1014 10:54:55.276846 14401 global.h:36] NewGlobal N7oneflow16AvailableMemDescE
I1014 10:54:55.276880 14401 global.h:36] NewGlobal St13unordered_mapISslSt4hashISsESt8equal_toISsESaISt4pairIKSslEEE
I1014 10:54:55.276890 14401 global.h:36] NewGlobal N7oneflow19CriticalSectionDescE
I1014 10:54:55.276896 14401 global.h:36] NewGlobal N7oneflow16InterUserJobInfoE
I1014 10:54:55.276906 14401 global.h:36] NewGlobal N7oneflow26LazyJobBuildAndInferCtxMgrE
I1014 10:54:55.276914 14401 global.h:36] NewGlobal N7oneflow16JobSetCompileCtxE
I1014 10:54:55.276922 14401 global.h:36] NewGlobal N7oneflow26RuntimeBufferManagersScopeE
I1014 10:54:55.276930 14401 global.h:36] NewGlobal N7oneflow9BufferMgrIlEE
I1014 10:54:55.276938 14401 global.h:36] NewGlobal N7oneflow9BufferMgrISt10shared_ptrINS_11JobInstanceEEEE
I1014 10:54:55.276947 14401 global.h:36] NewGlobal N7oneflow10RuntimeCtxE
I1014 10:54:55.276953 14401 global.h:36] NewGlobal N7oneflow15MemoryAllocatorE
I1014 10:54:55.276960 14401 global.h:36] NewGlobal N7oneflow8ChunkMgrE
I1014 10:54:55.276968 14401 global.h:36] NewGlobal N7oneflow8RegstMgrE
I1014 10:54:55.276975 14401 global.h:36] NewGlobal N7oneflow11ActorMsgBusE
I1014 10:54:55.276983 14401 global.h:36] NewGlobal N7oneflow9ThreadMgrE
I1014 10:54:55.276990 14401 global.h:36] NewGlobal N7oneflow15RuntimeJobDescsE
I1014 10:54:55.276998 14401 global.h:36] NewGlobal N7oneflow7summary12EventsWriterE
I1014 10:54:55.277009 14401 global.h:36] NewGlobal N7oneflow6boxing10collective24CollectiveBoxingExecutorE
I1014 10:54:55.277015 14401 global.h:36] NewGlobal N7oneflow6boxing10collective31CollectiveBoxingDeviceCtxPollerE
I1014 10:54:55.277159 14401 session.h:77] NewGlobal N7oneflow25SessionGlobalObjectsScopeE
I1014 10:54:55.278198 14401 global.h:36] NewGlobal N7oneflow7JobDescE
I1014 10:54:55.771761 14401 global.h:43] DeleteGlobal N7oneflow7JobDescE
I1014 10:54:55.771963 14401 global.h:36] NewGlobal N7oneflow7JobDescE
I1014 10:54:55.775396 14401 global.h:36] NewGlobal N7oneflow7OpGraphE
I1014 10:54:55.782727 14401 global.h:43] DeleteGlobal N7oneflow7OpGraphE
I1014 10:54:56.088305 14401 global.h:43] DeleteGlobal N7oneflow7JobDescE
I1014 10:54:56.107084 14401 global.h:36] NewGlobal N7oneflow24InterJobReuseMemStrategyE
I1014 10:54:56.107108 14401 global.h:36] NewGlobal N7oneflow7OneflowE
I1014 10:54:56.119982 14401 global.h:36] NewGlobal N7oneflow7JobDescE
I1014 10:54:56.394093 14401 insert_nccl_logical_op_pass.cpp:663]  Try insert nccl logical ops into job: train_job. Begin...
I1014 10:54:56.395493 14401 insert_nccl_logical_op_pass.cpp:432]  insert nccl op: System-NCCL-Logical-S2S-116 from: [Gather_12](order=6, nd_sbp=[S(2)])->[Reshape_14](order=8, nd_sbp=[S(0)]) and before: [Reshape_8](order=7)
I1014 10:54:56.395661 14401 insert_nccl_logical_op_pass.cpp:432]  insert nccl op: System-NCCL-Logical-P2S-117 from: [ReduceSum_9](order=9, nd_sbp=[P])->[AddN_23](order=48, nd_sbp=[S(0)]) and before: [Concat_15](order=10)
I1014 10:54:56.396261 14401 insert_nccl_logical_op_pass.cpp:432]  insert nccl op: System-NCCL-Logical-S2B-118 from: [SigmoidCrossEntropy_24_grad](order=52, nd_sbp=[S(0)])->[ReduceSum_9_grad](order=57, nd_sbp=[B]) and before: [ScalarMul_26](order=53)
I1014 10:54:56.396343 14401 insert_nccl_logical_op_pass.cpp:432]  insert nccl op: System-NCCL-Logical-P2B-119 from: [deep_scores-matmul_grad_b](order=54, nd_sbp=[P])->[System-ModelDiffScale-ScalarMul_66](order=58, nd_sbp=[B]) and before: [deep_scores-matmul_grad_a](order=55)
I1014 10:54:56.396414 14401 insert_nccl_logical_op_pass.cpp:432]  insert nccl op: System-NCCL-Logical-P2B-120 from: [deep_scores-bias_add_grad](order=56, nd_sbp=[P])->[System-ModelDiffScale-ScalarMul_78](order=61, nd_sbp=[B]) and before: [ReduceSum_9_grad](order=57)
I1014 10:54:56.396533 14401 insert_nccl_logical_op_pass.cpp:432]  insert nccl op: System-NCCL-Logical-P2B-121 from: [fc6-matmul_grad_b](order=66, nd_sbp=[P])->[System-ModelDiffScale-ScalarMul_70](order=70, nd_sbp=[B]) and before: [fc6-bias_add_grad](order=67)
I1014 10:54:56.396596 14401 insert_nccl_logical_op_pass.cpp:432]  insert nccl op: System-NCCL-Logical-P2B-122 from: [fc6-bias_add_grad](order=67, nd_sbp=[P])->[System-ModelDiffScale-ScalarMul_69](order=71, nd_sbp=[B]) and before: [fc6-matmul_grad_a](order=68)
I1014 10:54:56.396709 14401 insert_nccl_logical_op_pass.cpp:432]  insert nccl op: System-NCCL-Logical-P2B-123 from: [fc5-matmul_grad_b](order=77, nd_sbp=[P])->[System-ModelDiffScale-ScalarMul_68](order=80, nd_sbp=[B]) and before: [fc5-bias_add_grad](order=78)
I1014 10:54:56.396773 14401 insert_nccl_logical_op_pass.cpp:432]  insert nccl op: System-NCCL-Logical-P2B-124 from: [fc5-bias_add_grad](order=78, nd_sbp=[P])->[System-ModelDiffScale-ScalarMul_71](order=81, nd_sbp=[B]) and before: [fc5-matmul_grad_a](order=79)
I1014 10:54:56.396883 14401 insert_nccl_logical_op_pass.cpp:432]  insert nccl op: System-NCCL-Logical-P2B-125 from: [fc4-bias_add_grad](order=86, nd_sbp=[P])->[System-ModelDiffScale-ScalarMul_79](order=89, nd_sbp=[B]) and before: [fc4-matmul_grad_b](order=87)
I1014 10:54:56.396942 14401 insert_nccl_logical_op_pass.cpp:432]  insert nccl op: System-NCCL-Logical-P2B-126 from: [fc4-matmul_grad_b](order=87, nd_sbp=[P])->[System-ModelDiffScale-ScalarMul_74](order=90, nd_sbp=[B]) and before: [fc4-matmul_grad_a](order=88)
I1014 10:54:56.397044 14401 insert_nccl_logical_op_pass.cpp:432]  insert nccl op: System-NCCL-Logical-P2B-127 from: [fc3-matmul_grad_b](order=95, nd_sbp=[P])->[System-ModelDiffScale-ScalarMul_67](order=98, nd_sbp=[B]) and before: [fc3-bias_add_grad](order=96)
I1014 10:54:56.397100 14401 insert_nccl_logical_op_pass.cpp:432]  insert nccl op: System-NCCL-Logical-P2B-128 from: [fc3-bias_add_grad](order=96, nd_sbp=[P])->[System-ModelDiffScale-ScalarMul_82](order=99, nd_sbp=[B]) and before: [fc3-matmul_grad_a](order=97)
I1014 10:54:56.397199 14401 insert_nccl_logical_op_pass.cpp:432]  insert nccl op: System-NCCL-Logical-P2B-129 from: [fc2-bias_add_grad](order=104, nd_sbp=[P])->[System-ModelDiffScale-ScalarMul_73](order=107, nd_sbp=[B]) and before: [fc2-matmul_grad_b](order=105)
I1014 10:54:56.397382 14401 insert_nccl_logical_op_pass.cpp:432]  insert nccl op: System-NCCL-Logical-P2B-130 from: [fc2-matmul_grad_b](order=105, nd_sbp=[P])->[System-ModelDiffScale-ScalarMul_77](order=108, nd_sbp=[B]) and before: [fc2-matmul_grad_a](order=106)
I1014 10:54:56.397496 14401 insert_nccl_logical_op_pass.cpp:432]  insert nccl op: System-NCCL-Logical-P2B-131 from: [fc1-matmul_grad_b](order=113, nd_sbp=[P])->[System-ModelDiffScale-ScalarMul_81](order=116, nd_sbp=[B]) and before: [fc1-bias_add_grad](order=114)
I1014 10:54:56.397604 14401 insert_nccl_logical_op_pass.cpp:432]  insert nccl op: System-NCCL-Logical-P2B-132 from: [fc1-bias_add_grad](order=114, nd_sbp=[P])->[System-ModelDiffScale-ScalarMul_65](order=117, nd_sbp=[B]) and before: [fc1-matmul_grad_a](order=115)
I1014 10:54:56.397727 14401 insert_nccl_logical_op_pass.cpp:432]  insert nccl op: System-NCCL-Logical-P2B-133 from: [fc0-matmul_grad_b](order=122, nd_sbp=[P])->[System-ModelDiffScale-ScalarMul_75](order=125, nd_sbp=[B]) and before: [fc0-bias_add_grad](order=123)
I1014 10:54:56.397790 14401 insert_nccl_logical_op_pass.cpp:432]  insert nccl op: System-NCCL-Logical-P2B-134 from: [fc0-bias_add_grad](order=123, nd_sbp=[P])->[System-ModelDiffScale-ScalarMul_72](order=126, nd_sbp=[B]) and before: [fc0-matmul_grad_a](order=124)
I1014 10:54:56.397933 14401 insert_nccl_logical_op_pass.cpp:432]  insert nccl op: System-NCCL-Logical-S2S-135 from: [Reshape_14_grad](order=130, nd_sbp=[S(0)])->[Gather_12_grad](order=131, nd_sbp=[S(2)]) and before: [Gather_12_grad](order=131)
I1014 10:54:56.397979 14401 insert_nccl_logical_op_pass.cpp:699]  Try insert nccl logical ops into job: train_job. ...End

I1014 10:54:56.460444 14401 global.h:36] NewGlobal N7oneflow7OpGraphE
I1014 10:54:56.588969 14401 global.h:43] DeleteGlobal N7oneflow7OpGraphE
I1014 10:54:56.602311 14401 oneflow.cpp:210] 
job_id: 0 , job_name: train_job , compile time: 0.482263 seconds.
I1014 10:54:56.681957 14401 global.h:43] DeleteGlobal N7oneflow7JobDescE
I1014 10:54:56.682278 14401 global.h:36] NewGlobal N7oneflow7JobDescE
I1014 10:54:56.730603 14401 global.h:36] NewGlobal N7oneflow7OpGraphE
I1014 10:54:56.752151 14401 global.h:43] DeleteGlobal N7oneflow7OpGraphE
I1014 10:54:56.756781 14401 oneflow.cpp:210] 
job_id: 1 , job_name: System-ModelInit , compile time: 0.0738852 seconds.
I1014 10:54:56.771382 14401 global.h:43] DeleteGlobal N7oneflow7JobDescE
I1014 10:54:56.771410 14401 global.h:36] NewGlobal N7oneflow7JobDescE
I1014 10:54:56.816929 14401 global.h:36] NewGlobal N7oneflow7OpGraphE
I1014 10:54:56.839910 14401 global.h:43] DeleteGlobal N7oneflow7OpGraphE
I1014 10:54:56.844789 14401 oneflow.cpp:210] 
job_id: 2 , job_name: System-ModelLoad , compile time: 0.0733617 seconds.
I1014 10:54:56.859203 14401 global.h:43] DeleteGlobal N7oneflow7JobDescE
I1014 10:54:56.859230 14401 global.h:36] NewGlobal N7oneflow7JobDescE
I1014 10:54:56.903291 14401 global.h:36] NewGlobal N7oneflow7OpGraphE
I1014 10:54:56.925141 14401 global.h:43] DeleteGlobal N7oneflow7OpGraphE
I1014 10:54:56.930373 14401 oneflow.cpp:210] 
job_id: 3 , job_name: System-ModelSave , compile time: 0.071125 seconds.
I1014 10:54:56.945281 14401 global.h:43] DeleteGlobal N7oneflow7JobDescE
I1014 10:54:56.945358 14401 global.h:36] NewGlobal N7oneflow7JobDescE
I1014 10:54:56.954700 14401 global.h:36] NewGlobal N7oneflow7OpGraphE
I1014 10:54:56.959172 14401 global.h:43] DeleteGlobal N7oneflow7OpGraphE
I1014 10:54:56.961164 14401 oneflow.cpp:210] 
job_id: 4 , job_name: System-Pull-Return_27 , compile time: 0.0157852 seconds.
I1014 10:54:56.965517 14401 global.h:43] DeleteGlobal N7oneflow7JobDescE
I1014 10:54:56.972340 14401 global.h:36] NewGlobal N7oneflow7JobDescE
I1014 10:54:56.972373 14401 global.h:36] NewGlobal N7oneflow7OpGraphE
I1014 10:54:56.977649 14401 global.h:43] DeleteGlobal N7oneflow7OpGraphE
I1014 10:54:56.981215 14401 oneflow.cpp:210] 
job_id: 5 , job_name: MainJob-unamed , compile time: 0.00884941 seconds.
I1014 10:54:56.988399 14401 global.h:43] DeleteGlobal N7oneflow7JobDescE
I1014 10:54:56.993608 14401 plan_util.cpp:928]  Plan: merged_plan needs to allocate [ 726.024 MiB ] device memory in Rank: 0 , Device: 0
I1014 10:54:56.993678 14401 plan_util.cpp:928]  Plan: merged_plan needs to allocate [ 759.474 MiB ] device memory in Rank: 0 , Device: 1
I1014 10:54:57.149974 14401 oneflow.cpp:998]  PushPlan merged_plan time: 0.0158136 seconds.
I1014 10:54:57.195104 14401 oneflow.cpp:1014]  PullPlan merged_plan time: 0.0403067 seconds.
I1014 10:55:01.189857 14401 runtime_context.cpp:21] NewCounter constructing_actor_cnt 769
I1014 10:55:01.191363 14969 naive_actor.cpp:25] actor 2199023255723 switch to &NaiveActor::HandlerNormal
I1014 10:55:01.191373 14962 naive_actor.cpp:25] actor 1099614388230 switch to &NaiveActor::HandlerNormal
I1014 10:55:01.191515 14969 thread.cpp:96] Thread 1048576 construct Actor kDeviceTick 2199023255723
I1014 10:55:01.191618 14962 thread.cpp:96] Thread 524337 construct Actor kDeviceTick 1099614388230
I1014 10:55:01.191736 14962 runtime_context.cpp:29] DecreaseCounter constructing_actor_cnt, current val is 768
I1014 10:55:01.191757 14969 runtime_context.cpp:29] DecreaseCounter constructing_actor_cnt, current val is 767
I1014 10:55:01.191788 14975 naive_actor.cpp:25] actor 2207613190315 switch to &NaiveActor::HandlerNormal
I1014 10:55:01.191850 14975 thread.cpp:96] Thread 1052672 construct Actor kDeviceTick 2207613190315
I1014 10:55:01.191946 14962 naive_actor.cpp:25] actor 1099614388238 switch to &NaiveActor::HandlerNormal
I1014 10:55:01.191956 14963 wait_and_send_ids_actor.cpp:53] actor 1099616485376 switch to &WaitAndSendIdsActor::HandlerWaitToStart
I1014 10:55:01.191962 14975 runtime_context.cpp:29] DecreaseCounter constructing_actor_cnt, current val is 766
I1014 10:55:01.191992 14962 thread.cpp:96] Thread 524337 construct Actor kDeviceTick 1099614388238
I1014 10:55:01.192018 14969 naive_actor.cpp:25] actor 2199023255782 switch to &NaiveActor::HandlerNormal
I1014 10:55:01.192027 14963 thread.cpp:96] Thread 524338 construct Actor kWaitAndSendIds 1099616485376
I1014 10:55:01.192107 14969 thread.cpp:96] Thread 1048576 construct Actor kDeviceTick 2199023255782
I1014 10:55:01.192113 14962 runtime_context.cpp:29] DecreaseCounter constructing_actor_cnt, current val is 765
I1014 10:55:01.192181 14963 runtime_context.cpp:29] DecreaseCounter constructing_actor_cnt, current val is 764
I1014 10:55:01.192198 14969 runtime_context.cpp:29] DecreaseCounter constructing_actor_cnt, current val is 763
I1014 10:55:01.192309 14975 naive_actor.cpp:25] actor 2207613190374 switch to &NaiveActor::HandlerNormal
I1014 10:55:01.192334 14962 naive_actor.cpp:25] actor 1099614388239 switch to &NaiveActor::HandlerNormal
I1014 10:55:01.192345 14975 thread.cpp:96] Thread 1052672 construct Actor kDeviceTick 2207613190374
I1014 10:55:01.192363 14962 thread.cpp:96] Thread 524337 construct Actor kDeviceTick 1099614388239
I1014 10:55:01.192435 14975 runtime_context.cpp:29] DecreaseCounter constructing_actor_cnt, current val is 762
I1014 10:55:01.192440 14962 runtime_context.cpp:29] DecreaseCounter constructing_actor_cnt, current val is 761
I1014 10:55:01.192456 14969 naive_actor.cpp:25] actor 2199023255821 switch to &NaiveActor::HandlerNormal
I1014 10:55:01.192531 14969 thread.cpp:96] Thread 1048576 construct Actor kDeviceTick 2199023255821
I1014 10:55:01.192615 14969 runtime_context.cpp:29] DecreaseCounter constructing_actor_cnt, current val is 760
I1014 10:55:01.192682 14962 naive_actor.cpp:25] actor 1099614388228 switch to &NaiveActor::HandlerNormal
I1014 10:55:01.192706 14962 thread.cpp:96] Thread 524337 construct Actor kDeviceTick 1099614388228
I1014 10:55:01.192728 14975 naive_actor.cpp:25] actor 2207613190413 switch to &NaiveActor::HandlerNormal
I1014 10:55:01.192742 14962 runtime_context.cpp:29] DecreaseCounter constructing_actor_cnt, current val is 759
I1014 10:55:01.192766 14975 thread.cpp:96] Thread 1052672 construct Actor kDeviceTick 2207613190413
I1014 10:55:01.192867 14975 runtime_context.cpp:29] DecreaseCounter constructing_actor_cnt, current val is 758
I1014 10:55:01.192869 14969 naive_actor.cpp:25] actor 2199023255860 switch to &NaiveActor::HandlerNormal
I1014 10:55:01.192960 14962 naive_actor.cpp:25] actor 1099614388229 switch to &NaiveActor::HandlerNormal
I1014 10:55:01.193078 14969 thread.cpp:96] Thread 1048576 construct Actor kDeviceTick 2199023255860
I1014 10:55:01.193107 14962 thread.cpp:96] Thread 524337 construct Actor kDeviceTick 1099614388229
I1014 10:55:01.193161 14969 runtime_context.cpp:29] DecreaseCounter constructing_actor_cnt, current val is 757
I1014 10:55:01.193181 14962 runtime_context.cpp:29] DecreaseCounter constructing_actor_cnt, current val is 756
I1014 10:55:01.193348 14975 naive_actor.cpp:25] actor 2207613190452 switch to &NaiveActor::HandlerNormal
I1014 10:55:01.193385 14975 thread.cpp:96] Thread 1052672 construct Actor kDeviceTick 2207613190452
I1014 10:55:01.193440 14975 runtime_context.cpp:29] DecreaseCounter constructing_actor_cnt, current val is 755
I1014 10:55:01.193449 14962 naive_actor.cpp:25] actor 1099614388249 switch to &NaiveActor::HandlerNormal
I1014 10:55:01.193482 14962 thread.cpp:96] Thread 524337 construct Actor kDeviceTick 1099614388249
I1014 10:55:01.193531 14962 runtime_context.cpp:29] DecreaseCounter constructing_actor_cnt, current val is 754
I1014 10:55:01.193751 14962 naive_actor.cpp:25] actor 1099614388258 switch to &NaiveActor::HandlerNormal
I1014 10:55:01.193783 14962 thread.cpp:96] Thread 524337 construct Actor kDeviceTick 1099614388258
I1014 10:55:01.193832 14962 runtime_context.cpp:29] DecreaseCounter constructing_actor_cnt, current val is 753
I1014 10:55:01.194034 14962 naive_actor.cpp:25] actor 1099614388267 switch to &NaiveActor::HandlerNormal
I1014 10:55:01.194065 14962 thread.cpp:96] Thread 524337 construct Actor kDeviceTick 1099614388267
I1014 10:55:01.194113 14962 runtime_context.cpp:29] DecreaseCounter constructing_actor_cnt, current val is 752
I1014 10:55:01.194334 14962 naive_actor.cpp:25] actor 1099614388285 switch to &NaiveActor::HandlerNormal
I1014 10:55:01.194365 14962 thread.cpp:96] Thread 524337 construct Actor kDeviceTick 1099614388285
I1014 10:55:01.194414 14962 runtime_context.cpp:29] DecreaseCounter constructing_actor_cnt, current val is 751
I1014 10:55:01.194644 14962 naive_actor.cpp:25] actor 1099614388284 switch to &NaiveActor::HandlerNormal
I1014 10:55:01.194675 14962 thread.cpp:96] Thread 524337 construct Actor kDeviceTick 1099614388284
I1014 10:55:01.194723 14962 runtime_context.cpp:29] DecreaseCounter constructing_actor_cnt, current val is 750
I1014 10:55:01.195039 14962 naive_actor.cpp:25] actor 1099614388276 switch to &NaiveActor::HandlerNormal
I1014 10:55:01.195072 14962 thread.cpp:96] Thread 524337 construct Actor kDeviceTick 1099614388276
I1014 10:55:01.195122 14962 runtime_context.cpp:29] DecreaseCounter constructing_actor_cnt, current val is 749
I1014 10:55:01.195349 14962 naive_actor.cpp:25] actor 1099614388287 switch to &NaiveActor::HandlerNormal
I1014 10:55:01.195381 14962 thread.cpp:96] Thread 524337 construct Actor kDeviceTick 1099614388287
I1014 10:55:01.195430 14962 runtime_context.cpp:29] DecreaseCounter constructing_actor_cnt, current val is 748
I1014 10:55:01.212378 14943 naive_actor.cpp:25] actor 1099536793600 switch to &NaiveActor::HandlerNormal
I1014 10:55:01.212453 14949 naive_actor.cpp:25] actor 1099549376512 switch to &NaiveActor::HandlerNormal
I1014 10:55:01.212481 14943 thread.cpp:96] Thread 524300 construct Actor kNormalForward 1099536793600
I1014 10:55:01.212544 14944 naive_actor.cpp:25] actor 1099538890752 switch to &NaiveActor::HandlerNormal
I1014 10:55:01.212703 14944 thread.cpp:96] Thread 524301 construct Actor kNormalForward 1099538890752
I1014 10:55:01.212625 14943 runtime_context.cpp:29] DecreaseCounter constructing_actor_cnt, current val is 747
I1014 10:55:01.212656 14948 naive_actor.cpp:25] actor 1099547279360 switch to &NaiveActor::HandlerNormal
I1014 10:55:01.212941 14948 thread.cpp:96] Thread 524305 construct Actor kNormalForward 1099547279360
I1014 10:55:01.213025 14937 naive_actor.cpp:25] actor 1099524210688 switch to &NaiveActor::HandlerNormal
I1014 10:55:01.213150 14936 naive_actor.cpp:25] actor 1099522113536 switch to &NaiveActor::HandlerNormal
I1014 10:55:01.212513 14949 thread.cpp:96] Thread 524306 construct Actor kNormalForward 1099549376512
I1014 10:55:01.213325 14952 naive_actor.cpp:25] actor 1099555667968 switch to &NaiveActor::HandlerNormal
I1014 10:55:01.213399 14933 naive_actor.cpp:25] actor 1099515822080 switch to &NaiveActor::HandlerNormal
I1014 10:55:01.213084 14948 runtime_context.cpp:29] DecreaseCounter constructing_actor_cnt, current val is 745
I1014 10:55:01.213080 14953 naive_actor.cpp:25] actor 1099557765120 switch to &NaiveActor::HandlerNormal
I1014 10:55:01.212556 14945 naive_actor.cpp:25] actor 1099540987904 switch to &NaiveActor::HandlerNormal
I1014 10:55:01.213129 14950 naive_actor.cpp:25] actor 1099551473664 switch to &NaiveActor::HandlerNormal
I1014 10:55:01.212951 14944 runtime_context.cpp:29] DecreaseCounter constructing_actor_cnt, current val is 746
I1014 10:55:01.213903 14964 sink_actor.cpp:21] actor 1099618582528 switch to &SinkActor::HandlerNormal
I1014 10:55:01.213196 14937 thread.cpp:96] Thread 524294 construct Actor kNormalForward 1099524210688
I1014 10:55:01.213205 14973 naive_actor.cpp:25] actor 2199027449856 switch to &NaiveActor::HandlerNormal
I1014 10:55:01.214218 14934 naive_actor.cpp:25] actor 1099517919232 switch to &NaiveActor::HandlerNormal
I1014 10:55:01.214274 14942 naive_actor.cpp:25] actor 1099534696448 switch to &NaiveActor::HandlerNormal
I1014 10:55:01.213279 14936 thread.cpp:96] Thread 524293 construct Actor kNormalForward 1099522113536
I1014 10:55:01.212922 14954 naive_actor.cpp:25] actor 1099559862272 switch to &NaiveActor::HandlerNormal
I1014 10:55:01.213387 14949 runtime_context.cpp:29] DecreaseCounter constructing_actor_cnt, current val is 744
I1014 10:55:01.214596 14954 thread.cpp:96] Thread 524311 construct Actor kNormalForward 1099559862272
I1014 10:55:01.213042 14951 naive_actor.cpp:25] actor 1099553570816 switch to &NaiveActor::HandlerNormal
I1014 10:55:01.213495 14933 thread.cpp:96] Thread 524290 construct Actor kNormalForward 1099515822080
I1014 10:55:01.213502 14947 naive_actor.cpp:25] actor 1099545182208 switch to &NaiveActor::HandlerNormal
I1014 10:55:01.214864 14947 thread.cpp:96] Thread 524304 construct Actor kNormalForward 1099545182208
I1014 10:55:01.214880 14933 runtime_context.cpp:29] DecreaseCounter constructing_actor_cnt, current val is 740
I1014 10:55:01.214937 14947 runtime_context.cpp:29] DecreaseCounter constructing_actor_cnt, current val is 739
I1014 10:55:01.213690 14953 thread.cpp:96] Thread 524310 construct Actor kForeignInput 1099557765120
I1014 10:55:01.213765 14960 naive_actor.cpp:25] actor 1099572445184 switch to &NaiveActor::HandlerNormal
I1014 10:55:01.213768 14945 thread.cpp:96] Thread 524302 construct Actor kNormalForward 1099540987904
I1014 10:55:01.213825 14977 naive_actor.cpp:25] actor 2207615287300 switch to &NaiveActor::HandlerNormal
I1014 10:55:01.215243 14945 runtime_context.cpp:29] DecreaseCounter constructing_actor_cnt, current val is 737
I1014 10:55:01.213871 14950 thread.cpp:96] Thread 524307 construct Actor kForeignInput 1099551473664
I1014 10:55:01.213896 14962 naive_actor.cpp:25] actor 1099614388242 switch to &NaiveActor::HandlerNormal
I1014 10:55:01.213925 14956 naive_actor.cpp:25] actor 1099564056576 switch to &NaiveActor::HandlerNormal
I1014 10:55:01.213152 14946 naive_actor.cpp:25] actor 1099543085056 switch to &NaiveActor::HandlerNormal
I1014 10:55:01.213959 14958 naive_actor.cpp:25] actor 1099568250880 switch to &NaiveActor::HandlerNormal
I1014 10:55:01.214005 14971 naive_actor.cpp:25] actor 2199025352706 switch to &NaiveActor::HandlerNormal
I1014 10:55:01.215493 14971 thread.cpp:96] Thread 1048577 construct Actor kSliceBoxing 2199025352706
I1014 10:55:01.214037 14939 naive_actor.cpp:25] actor 1099528404992 switch to &NaiveActor::HandlerNormal
I1014 10:55:01.214079 14964 thread.cpp:96] Thread 524339 construct Actor kCallbackNotify 1099618582528
I1014 10:55:01.214112 14957 naive_actor.cpp:25] actor 1099566153728 switch to &NaiveActor::HandlerNormal
I1014 10:55:01.215925 14957 thread.cpp:96] Thread 524314 construct Actor kNormalForward 1099566153728
I1014 10:55:01.214234 14937 runtime_context.cpp:29] DecreaseCounter constructing_actor_cnt, current val is 743
I1014 10:55:01.214237 14973 thread.cpp:96] Thread 1048578 construct Actor kCopyHd 2199027449856
I1014 10:55:01.216086 14973 runtime_context.cpp:29] DecreaseCounter constructing_actor_cnt, current val is 732
I1014 10:55:01.214287 14941 naive_actor.cpp:25] actor 1099532599296 switch to &NaiveActor::HandlerNormal
I1014 10:55:01.216148 14941 thread.cpp:96] Thread 524298 construct Actor kNormalForward 1099532599296
I1014 10:55:01.214308 14935 naive_actor.cpp:25] actor 1099520016384 switch to &NaiveActor::HandlerNormal
I1014 10:55:01.216261 14941 runtime_context.cpp:29] DecreaseCounter constructing_actor_cnt, current val is 731
I1014 10:55:01.216261 14935 thread.cpp:96] Thread 524292 construct Actor kNormalForward 1099520016384
I1014 10:55:01.214483 14938 naive_actor.cpp:25] actor 1099526307840 switch to &NaiveActor::HandlerNormal
I1014 10:55:01.216370 14935 runtime_context.cpp:29] DecreaseCounter constructing_actor_cnt, current val is 730
I1014 10:55:01.214548 14936 runtime_context.cpp:29] DecreaseCounter constructing_actor_cnt, current val is 742
I1014 10:55:01.213408 14952 thread.cpp:96] Thread 524309 construct Actor kNormalForward 1099555667968
I1014 10:55:01.214692 14975 naive_actor.cpp:25] actor 2207613190148 switch to &NaiveActor::HandlerNormal
I1014 10:55:01.216609 14975 thread.cpp:96] Thread 1052672 construct Actor kNormalForward 2207613190148
I1014 10:55:01.214737 14951 thread.cpp:96] Thread 524308 construct Actor kNormalForward 1099553570816
I1014 10:55:01.213687 14940 naive_actor.cpp:25] actor 1099530502144 switch to &NaiveActor::HandlerNormal
I1014 10:55:01.216841 14940 thread.cpp:96] Thread 524297 construct Actor kNormalForward 1099530502144
I1014 10:55:01.215109 14953 runtime_context.cpp:29] DecreaseCounter constructing_actor_cnt, current val is 738
I1014 10:55:01.216938 14940 runtime_context.cpp:29] DecreaseCounter constructing_actor_cnt, current val is 726
I1014 10:55:01.215272 14977 thread.cpp:96] Thread 1052673 construct Actor kCopyHd 2207615287300
I1014 10:55:01.213871 14961 naive_actor.cpp:25] actor 1099574542336 switch to &NaiveActor::HandlerNormal
I1014 10:55:01.215342 14962 thread.cpp:96] Thread 524337 construct Actor kTick 1099614388242
I1014 10:55:01.215358 14950 runtime_context.cpp:29] DecreaseCounter constructing_actor_cnt, current val is 736
I1014 10:55:01.215404 14956 thread.cpp:96] Thread 524313 construct Actor kForeignInput 1099564056576
I1014 10:55:01.215435 14946 thread.cpp:96] Thread 524303 construct Actor kNormalForward 1099543085056
I1014 10:55:01.217587 14956 runtime_context.cpp:29] DecreaseCounter constructing_actor_cnt, current val is 723
I1014 10:55:01.215544 14971 runtime_context.cpp:29] DecreaseCounter constructing_actor_cnt, current val is 735
I1014 10:55:01.215627 14939 thread.cpp:96] Thread 524296 construct Actor kNormalForward 1099528404992
I1014 10:55:01.215692 14964 runtime_context.cpp:29] DecreaseCounter constructing_actor_cnt, current val is 734
I1014 10:55:01.217955 14939 runtime_context.cpp:29] DecreaseCounter constructing_actor_cnt, current val is 721
I1014 10:55:01.216048 14957 runtime_context.cpp:29] DecreaseCounter constructing_actor_cnt, current val is 733
I1014 10:55:01.214289 14934 thread.cpp:96] Thread 524291 construct Actor kNormalForward 1099517919232
I1014 10:55:01.213235 14959 naive_actor.cpp:25] actor 1099570348032 switch to &NaiveActor::HandlerNormal
I1014 10:55:01.218292 14959 thread.cpp:96] Thread 524316 construct Actor kNormalForward 1099570348032
I1014 10:55:01.216392 14938 thread.cpp:96] Thread 524295 construct Actor kNormalForward 1099526307840
I1014 10:55:01.216538 14952 runtime_context.cpp:29] DecreaseCounter constructing_actor_cnt, current val is 729
I1014 10:55:01.214704 14954 runtime_context.cpp:29] DecreaseCounter constructing_actor_cnt, current val is 741
I1014 10:55:01.216737 14975 runtime_context.cpp:29] DecreaseCounter constructing_actor_cnt, current val is 728
I1014 10:55:01.216854 14951 runtime_context.cpp:29] DecreaseCounter constructing_actor_cnt, current val is 727
I1014 10:55:01.215082 14969 naive_actor.cpp:25] actor 2199023255567 switch to &NaiveActor::HandlerNormal
I1014 10:55:01.215155 14960 thread.cpp:96] Thread 524317 construct Actor kNormalForward 1099572445184
I1014 10:55:01.217168 14977 runtime_context.cpp:29] DecreaseCounter constructing_actor_cnt, current val is 725
I1014 10:55:01.217248 14961 thread.cpp:96] Thread 524318 construct Actor kForeignOutput 1099574542336
I1014 10:55:01.217356 14962 runtime_context.cpp:29] DecreaseCounter constructing_actor_cnt, current val is 724
I1014 10:55:01.219388 14977 naive_actor.cpp:25] actor 2207615287298 switch to &NaiveActor::HandlerNormal
I1014 10:55:01.217650 14946 runtime_context.cpp:29] DecreaseCounter constructing_actor_cnt, current val is 722
I1014 10:55:01.213229 14955 naive_actor.cpp:25] actor 1099561959424 switch to &NaiveActor::HandlerNormal
I1014 10:55:01.218075 14971 naive_actor.cpp:25] actor 2199025352705 switch to &NaiveActor::HandlerNormal
I1014 10:55:01.214351 14942 thread.cpp:96] Thread 524299 construct Actor kNormalForward 1099534696448
I1014 10:55:01.218303 14934 runtime_context.cpp:29] DecreaseCounter constructing_actor_cnt, current val is 720
I1014 10:55:01.218385 14959 runtime_context.cpp:29] DecreaseCounter constructing_actor_cnt, current val is 719
I1014 10:55:01.218489 14938 runtime_context.cpp:29] DecreaseCounter constructing_actor_cnt, current val is 718
I1014 10:55:01.219022 14969 thread.cpp:96] Thread 1048576 construct Actor kNormalForward 2199023255567
I1014 10:55:01.219146 14960 runtime_context.cpp:29] DecreaseCounter constructing_actor_cnt, current val is 717
I1014 10:55:01.219985 14969 runtime_context.cpp:29] DecreaseCounter constructing_actor_cnt, current val is 714
I1014 10:55:01.219353 14961 runtime_context.cpp:29] DecreaseCounter constructing_actor_cnt, current val is 716
I1014 10:55:01.215461 14958 thread.cpp:96] Thread 524315 construct Actor kNormalForward 1099568250880
I1014 10:55:01.219478 14977 thread.cpp:96] Thread 1052673 construct Actor kCopyHd 2207615287298
I1014 10:55:01.219660 14955 thread.cpp:96] Thread 524312 construct Actor kNormalForward 1099561959424
I1014 10:55:01.219691 14971 thread.cpp:96] Thread 1048577 construct Actor kSliceBoxing 2199025352705
I1014 10:55:01.219832 14942 runtime_context.cpp:29] DecreaseCounter constructing_actor_cnt, current val is 715
I1014 10:55:01.220118 14962 naive_actor.cpp:25] actor 1099614388237 switch to &NaiveActor::HandlerNormal
I1014 10:55:01.220213 14958 runtime_context.cpp:29] DecreaseCounter constructing_actor_cnt, current val is 713
I1014 10:55:01.220350 14977 runtime_context.cpp:29] DecreaseCounter constructing_actor_cnt, current val is 712
I1014 10:55:01.220391 14975 naive_actor.cpp:25] actor 2207613190149 switch to &NaiveActor::HandlerNormal
I1014 10:55:01.220413 14955 runtime_context.cpp:29] DecreaseCounter constructing_actor_cnt, current val is 711
I1014 10:55:01.220420 14971 runtime_context.cpp:29] DecreaseCounter constructing_actor_cnt, current val is 710
I1014 10:55:01.220526 14962 thread.cpp:96] Thread 524337 construct Actor kTick 1099614388237
I1014 10:55:01.220698 14975 thread.cpp:96] Thread 1052672 construct Actor kNormalForward 2207613190149
I1014 10:55:01.220896 14962 runtime_context.cpp:29] DecreaseCounter constructing_actor_cnt, current val is 709
I1014 10:55:01.220929 14969 naive_actor.cpp:25] actor 2199023255557 switch to &NaiveActor::HandlerNormal
I1014 10:55:01.220940 14975 runtime_context.cpp:29] DecreaseCounter constructing_actor_cnt, current val is 708
I1014 10:55:01.220978 14969 thread.cpp:96] Thread 1048576 construct Actor kNormalForward 2199023255557
I1014 10:55:01.221046 14971 naive_actor.cpp:25] actor 2199025352704 switch to &NaiveActor::HandlerNormal
I1014 10:55:01.221078 14969 runtime_context.cpp:29] DecreaseCounter constructing_actor_cnt, current val is 707
I1014 10:55:01.221108 14971 thread.cpp:96] Thread 1048577 construct Actor kSliceBoxing 2199025352704
I1014 10:55:01.221168 14977 naive_actor.cpp:25] actor 2207615287297 switch to &NaiveActor::HandlerNormal
I1014 10:55:01.221196 14971 runtime_context.cpp:29] DecreaseCounter constructing_actor_cnt, current val is 706
I1014 10:55:01.221405 14969 naive_actor.cpp:25] actor 2199023255558 switch to &NaiveActor::HandlerNormal
I1014 10:55:01.221379 14977 thread.cpp:96] Thread 1052673 construct Actor kSliceBoxing 2207615287297
I1014 10:55:01.221442 14969 thread.cpp:96] Thread 1048576 construct Actor kNormalForward 2199023255558
I1014 10:55:01.221536 14977 runtime_context.cpp:29] DecreaseCounter constructing_actor_cnt, current val is 705
I1014 10:55:01.221546 14969 runtime_context.cpp:29] DecreaseCounter constructing_actor_cnt, current val is 704
I1014 10:55:01.221549 14962 naive_actor.cpp:25] actor 1099614388243 switch to &NaiveActor::HandlerNormal
I1014 10:55:01.221587 14971 naive_actor.cpp:25] actor 2199025352707 switch to &NaiveActor::HandlerNormal
I1014 10:55:01.221683 14962 thread.cpp:96] Thread 524337 construct Actor kDstSubsetTick 1099614388243
I1014 10:55:01.221720 14971 thread.cpp:96] Thread 1048577 construct Actor kCopyHd 2199025352707
I1014 10:55:01.221839 14971 runtime_context.cpp:29] DecreaseCounter constructing_actor_cnt, current val is 703
I1014 10:55:01.221866 14977 naive_actor.cpp:25] actor 2207615287296 switch to &NaiveActor::HandlerNormal
I1014 10:55:01.221864 14969 naive_actor.cpp:25] actor 2199023255569 switch to &NaiveActor::HandlerNormal
I1014 10:55:01.221843 14962 runtime_context.cpp:29] DecreaseCounter constructing_actor_cnt, current val is 702
I1014 10:55:01.221930 14977 thread.cpp:96] Thread 1052673 construct Actor kSliceBoxing 2207615287296
I1014 10:55:01.221962 14969 thread.cpp:96] Thread 1048576 construct Actor kNormalForward 2199023255569
I1014 10:55:01.222084 14969 runtime_context.cpp:29] DecreaseCounter constructing_actor_cnt, current val is 700
I1014 10:55:01.222086 14977 runtime_context.cpp:29] DecreaseCounter constructing_actor_cnt, current val is 701
I1014 10:55:01.222141 14971 naive_actor.cpp:25] actor 2199025352708 switch to &NaiveActor::HandlerNormal
I1014 10:55:01.222205 14971 thread.cpp:96] Thread 1048577 construct Actor kCopyHd 2199025352708
I1014 10:55:01.222240 14971 runtime_context.cpp:29] DecreaseCounter constructing_actor_cnt, current val is 699
I1014 10:55:01.222458 14971 naive_actor.cpp:25] actor 2199025352709 switch to &NaiveActor::HandlerNormal
I1014 10:55:01.222470 14977 naive_actor.cpp:25] actor 2207615287299 switch to &NaiveActor::HandlerNormal
I1014 10:55:01.222476 14962 naive_actor.cpp:25] actor 1099614388224 switch to &NaiveActor::HandlerNormal
I1014 10:55:01.222512 14975 naive_actor.cpp:25] actor 2207613190160 switch to &NaiveActor::HandlerNormal
I1014 10:55:01.222514 14971 thread.cpp:96] Thread 1048577 construct Actor kCopyHd 2199025352709
I1014 10:55:01.222574 14977 thread.cpp:96] Thread 1052673 construct Actor kCopyHd 2207615287299
I1014 10:55:01.222625 14962 thread.cpp:96] Thread 524337 construct Actor kDeviceTick 1099614388224
I1014 10:55:01.222790 14977 runtime_context.cpp:29] DecreaseCounter constructing_actor_cnt, current val is 697
I1014 10:55:01.222743 14971 runtime_context.cpp:29] DecreaseCounter constructing_actor_cnt, current val is 698
I1014 10:55:01.222685 14975 thread.cpp:96] Thread 1052672 construct Actor kNormalForward 2207613190160
I1014 10:55:01.222848 14962 runtime_context.cpp:29] DecreaseCounter constructing_actor_cnt, current val is 696
I1014 10:55:01.222945 14969 naive_actor.cpp:25] actor 2199023255556 switch to &NaiveActor::HandlerNormal
I1014 10:55:01.222980 14975 runtime_context.cpp:29] DecreaseCounter constructing_actor_cnt, current val is 695
I1014 10:55:01.222987 14969 thread.cpp:96] Thread 1048576 construct Actor kNormalForward 2199023255556
I1014 10:55:01.223069 14971 naive_actor.cpp:25] actor 2199025352710 switch to &NaiveActor::HandlerNormal
I1014 10:55:01.223081 14969 runtime_context.cpp:29] DecreaseCounter constructing_actor_cnt, current val is 694
I1014 10:55:01.223119 14977 naive_actor.cpp:25] actor 2207615287301 switch to &NaiveActor::HandlerNormal
I1014 10:55:01.223125 14971 thread.cpp:96] Thread 1048577 construct Actor kCopyHd 2199025352710
I1014 10:55:01.223328 14971 runtime_context.cpp:29] DecreaseCounter constructing_actor_cnt, current val is 693
I1014 10:55:01.223271 14977 thread.cpp:96] Thread 1052673 construct Actor kCopyHd 2207615287301
I1014 10:55:01.223461 14977 runtime_context.cpp:29] DecreaseCounter constructing_actor_cnt, current val is 692
I1014 10:55:01.223513 14971 naive_actor.cpp:25] actor 2199025352711 switch to &NaiveActor::HandlerNormal
I1014 10:55:01.223562 14971 thread.cpp:96] Thread 1048577 construct Actor kCopyHd 2199025352711
I1014 10:55:01.223577 14962 naive_actor.cpp:25] actor 1099614388233 switch to &NaiveActor::HandlerNormal
I1014 10:55:01.223635 14971 runtime_context.cpp:29] DecreaseCounter constructing_actor_cnt, current val is 691
I1014 10:55:01.223659 14962 thread.cpp:96] Thread 524337 construct Actor kDstSubsetTick 1099614388233
I1014 10:55:01.223765 14977 naive_actor.cpp:25] actor 2207615287302 switch to &NaiveActor::HandlerNormal
I1014 10:55:01.223788 14962 runtime_context.cpp:29] DecreaseCounter constructing_actor_cnt, current val is 690
I1014 10:55:01.223832 14977 thread.cpp:96] Thread 1052673 construct Actor kCopyHd 2207615287302
I1014 10:55:01.223948 14977 runtime_context.cpp:29] DecreaseCounter constructing_actor_cnt, current val is 689
I1014 10:55:01.224026 14969 naive_actor.cpp:25] actor 2199023255559 switch to &NaiveActor::HandlerNormal
I1014 10:55:01.224066 14969 thread.cpp:96] Thread 1048576 construct Actor kNormalForward 2199023255559
I1014 10:55:01.224118 14969 runtime_context.cpp:29] DecreaseCounter constructing_actor_cnt, current val is 688
I1014 10:55:01.224136 14975 naive_actor.cpp:25] actor 2207613190159 switch to &NaiveActor::HandlerNormal
I1014 10:55:01.224179 14975 thread.cpp:96] Thread 1052672 construct Actor kNormalForward 2207613190159
I1014 10:55:01.224241 14975 runtime_context.cpp:29] DecreaseCounter constructing_actor_cnt, current val is 687
I1014 10:55:01.224295 14962 naive_actor.cpp:25] actor 1099614388235 switch to &NaiveActor::HandlerNormal
I1014 10:55:01.224354 14962 thread.cpp:96] Thread 524337 construct Actor kTick 1099614388235
I1014 10:55:01.224386 14969 naive_actor.cpp:25] actor 2199023255583 switch to &NaiveActor::HandlerNormal
I1014 10:55:01.224414 14969 thread.cpp:96] Thread 1048576 construct Actor kNormalForward 2199023255583
I1014 10:55:01.224437 14962 runtime_context.cpp:29] DecreaseCounter constructing_actor_cnt, current val is 686
I1014 10:55:01.224465 14969 runtime_context.cpp:29] DecreaseCounter constructing_actor_cnt, current val is 685
I1014 10:55:01.224714 14975 naive_actor.cpp:25] actor 2207613190150 switch to &NaiveActor::HandlerNormal
I1014 10:55:01.224766 14975 thread.cpp:96] Thread 1052672 construct Actor kNormalForward 2207613190150
I1014 10:55:01.224817 14975 runtime_context.cpp:29] DecreaseCounter constructing_actor_cnt, current val is 684
I1014 10:55:01.224943 14962 naive_actor.cpp:25] actor 1099614388236 switch to &NaiveActor::HandlerNormal
I1014 10:55:01.225001 14962 thread.cpp:96] Thread 524337 construct Actor kTick 1099614388236
I1014 10:55:01.225086 14962 runtime_context.cpp:29] DecreaseCounter constructing_actor_cnt, current val is 683
I1014 10:55:01.225086 14975 naive_actor.cpp:25] actor 2207613190154 switch to &NaiveActor::HandlerNormal
I1014 10:55:01.225167 14975 thread.cpp:96] Thread 1052672 construct Actor kNormalForward 2207613190154
I1014 10:55:01.225217 14975 runtime_context.cpp:29] DecreaseCounter constructing_actor_cnt, current val is 682
I1014 10:55:01.225476 14975 naive_actor.cpp:25] actor 2207613190145 switch to &NaiveActor::HandlerNormal
I1014 10:55:01.225477 14962 naive_actor.cpp:25] actor 1099614388245 switch to &NaiveActor::HandlerNormal
I1014 10:55:01.225517 14975 thread.cpp:96] Thread 1052672 construct Actor kNormalForward 2207613190145
I1014 10:55:01.225534 14969 naive_actor.cpp:25] actor 2199023255563 switch to &NaiveActor::HandlerNormal
I1014 10:55:01.225620 14975 runtime_context.cpp:29] DecreaseCounter constructing_actor_cnt, current val is 681
I1014 10:55:01.225574 14962 thread.cpp:96] Thread 524337 construct Actor kTick 1099614388245
I1014 10:55:01.225627 14969 thread.cpp:96] Thread 1048576 construct Actor kNormalForward 2199023255563
I1014 10:55:01.225814 14962 runtime_context.cpp:29] DecreaseCounter constructing_actor_cnt, current val is 680
I1014 10:55:01.225829 14969 runtime_context.cpp:29] DecreaseCounter constructing_actor_cnt, current val is 679
I1014 10:55:01.226158 14969 naive_actor.cpp:25] actor 2199023255562 switch to &NaiveActor::HandlerNormal
I1014 10:55:01.226161 14962 naive_actor.cpp:25] actor 1099614388306 switch to &NaiveActor::HandlerNormal
I1014 10:55:01.226194 14969 thread.cpp:96] Thread 1048576 construct Actor kNormalForward 2199023255562
I1014 10:55:01.226236 14962 thread.cpp:96] Thread 524337 construct Actor kTick 1099614388306
I1014 10:55:01.226284 14969 runtime_context.cpp:29] DecreaseCounter constructing_actor_cnt, current val is 678
I1014 10:55:01.226338 14962 runtime_context.cpp:29] DecreaseCounter constructing_actor_cnt, current val is 677
I1014 10:55:01.226454 14975 naive_actor.cpp:25] actor 2207613190155 switch to &NaiveActor::HandlerNormal
I1014 10:55:01.226496 14975 thread.cpp:96] Thread 1052672 construct Actor kNormalForward 2207613190155
I1014 10:55:01.226541 14969 naive_actor.cpp:25] actor 2199023255553 switch to &NaiveActor::HandlerNormal
I1014 10:55:01.226554 14975 runtime_context.cpp:29] DecreaseCounter constructing_actor_cnt, current val is 676
I1014 10:55:01.226589 14969 thread.cpp:96] Thread 1048576 construct Actor kNormalForward 2199023255553
I1014 10:55:01.226666 14969 runtime_context.cpp:29] DecreaseCounter constructing_actor_cnt, current val is 675
I1014 10:55:01.226714 14962 naive_actor.cpp:25] actor 1099614388240 switch to &NaiveActor::HandlerNormal
I1014 10:55:01.226769 14962 thread.cpp:96] Thread 524337 construct Actor kSrcSubsetTick 1099614388240
I1014 10:55:01.226847 14962 runtime_context.cpp:29] DecreaseCounter constructing_actor_cnt, current val is 674
I1014 10:55:01.227222 14962 naive_actor.cpp:25] actor 1099614388299 switch to &NaiveActor::HandlerNormal
I1014 10:55:01.227227 14975 naive_actor.cpp:25] actor 2207613190158 switch to &NaiveActor::HandlerNormal
I1014 10:55:01.227278 14962 thread.cpp:96] Thread 524337 construct Actor kTick 1099614388299
I1014 10:55:01.227308 14975 thread.cpp:96] Thread 1052672 construct Actor kNormalForward 2207613190158
I1014 10:55:01.227391 14962 runtime_context.cpp:29] DecreaseCounter constructing_actor_cnt, current val is 673
I1014 10:55:01.227408 14975 runtime_context.cpp:29] DecreaseCounter constructing_actor_cnt, current val is 672
I1014 10:55:01.227473 14969 naive_actor.cpp:25] actor 2199023255568 switch to &NaiveActor::HandlerNormal
I1014 10:55:01.227545 14969 thread.cpp:96] Thread 1048576 construct Actor kNormalForward 2199023255568
I1014 10:55:01.227602 14969 runtime_context.cpp:29] DecreaseCounter constructing_actor_cnt, current val is 671
I1014 10:55:01.227792 14962 naive_actor.cpp:25] actor 1099614388234 switch to &NaiveActor::HandlerNormal
I1014 10:55:01.227846 14962 thread.cpp:96] Thread 524337 construct Actor kTick 1099614388234
I1014 10:55:01.227929 14962 runtime_context.cpp:29] DecreaseCounter constructing_actor_cnt, current val is 670
I1014 10:55:01.228176 14969 naive_actor.cpp:25] actor 2199023255566 switch to &NaiveActor::HandlerNormal
I1014 10:55:01.228215 14969 thread.cpp:96] Thread 1048576 construct Actor kNormalForward 2199023255566
I1014 10:55:01.228264 14969 runtime_context.cpp:29] DecreaseCounter constructing_actor_cnt, current val is 669
I1014 10:55:01.228287 14975 naive_actor.cpp:25] actor 2207613190157 switch to &NaiveActor::HandlerNormal
I1014 10:55:01.228319 14975 thread.cpp:96] Thread 1052672 construct Actor kNormalForward 2207613190157
I1014 10:55:01.228307 14962 naive_actor.cpp:25] actor 1099614388244 switch to &NaiveActor::HandlerNormal
I1014 10:55:01.228381 14975 runtime_context.cpp:29] DecreaseCounter constructing_actor_cnt, current val is 668
I1014 10:55:01.228389 14962 thread.cpp:96] Thread 524337 construct Actor kTick 1099614388244
I1014 10:55:01.228541 14962 runtime_context.cpp:29] DecreaseCounter constructing_actor_cnt, current val is 667
I1014 10:55:01.228998 14962 naive_actor.cpp:25] actor 1099614388225 switch to &NaiveActor::HandlerNormal
I1014 10:55:01.229053 14962 thread.cpp:96] Thread 524337 construct Actor kDeviceTick 1099614388225
I1014 10:55:01.229084 14975 naive_actor.cpp:25] actor 2207613190147 switch to &NaiveActor::HandlerNormal
I1014 10:55:01.229110 14969 naive_actor.cpp:25] actor 2199023255561 switch to &NaiveActor::HandlerNormal
I1014 10:55:01.229135 14962 runtime_context.cpp:29] DecreaseCounter constructing_actor_cnt, current val is 666
I1014 10:55:01.229192 14975 thread.cpp:96] Thread 1052672 construct Actor kNormalForward 2207613190147
I1014 10:55:01.229223 14969 thread.cpp:96] Thread 1048576 construct Actor kNormalForward 2199023255561
I1014 10:55:01.229372 14969 runtime_context.cpp:29] DecreaseCounter constructing_actor_cnt, current val is 665
I1014 10:55:01.229393 14975 runtime_context.cpp:29] DecreaseCounter constructing_actor_cnt, current val is 664
I1014 10:55:01.229662 14962 naive_actor.cpp:25] actor 1099614388232 switch to &NaiveActor::HandlerNormal
I1014 10:55:01.229691 14969 naive_actor.cpp:25] actor 2199023255585 switch to &NaiveActor::HandlerNormal
I1014 10:55:01.229727 14962 thread.cpp:96] Thread 524337 construct Actor kTick 1099614388232
I1014 10:55:01.229754 14969 thread.cpp:96] Thread 1048576 construct Actor kNormalForward 2199023255585
I1014 10:55:01.229846 14962 runtime_context.cpp:29] DecreaseCounter constructing_actor_cnt, current val is 663
I1014 10:55:01.229852 14969 runtime_context.cpp:29] DecreaseCounter constructing_actor_cnt, current val is 662
I1014 10:55:01.229909 14975 naive_actor.cpp:25] actor 2207613190163 switch to &NaiveActor::HandlerNormal
I1014 10:55:01.229969 14975 thread.cpp:96] Thread 1052672 construct Actor kNormalForward 2207613190163
I1014 10:55:01.230057 14975 runtime_context.cpp:29] DecreaseCounter constructing_actor_cnt, current val is 661
I1014 10:55:01.230232 14962 naive_actor.cpp:25] actor 1099614388227 switch to &NaiveActor::HandlerNormal
I1014 10:55:01.230285 14962 thread.cpp:96] Thread 524337 construct Actor kSrcSubsetTick 1099614388227
I1014 10:55:01.230361 14962 runtime_context.cpp:29] DecreaseCounter constructing_actor_cnt, current val is 660
I1014 10:55:01.230674 14969 naive_actor.cpp:25] actor 2199023255565 switch to &NaiveActor::HandlerNormal
I1014 10:55:01.230710 14969 thread.cpp:96] Thread 1048576 construct Actor kNormalForward 2199023255565
I1014 10:55:01.230758 14969 runtime_context.cpp:29] DecreaseCounter constructing_actor_cnt, current val is 659
I1014 10:55:01.230782 14962 naive_actor.cpp:25] actor 1099614388226 switch to &NaiveActor::HandlerNormal
I1014 10:55:01.230831 14962 thread.cpp:96] Thread 524337 construct Actor kDeviceTick 1099614388226
I1014 10:55:01.230911 14962 runtime_context.cpp:29] DecreaseCounter constructing_actor_cnt, current val is 658
I1014 10:55:01.231025 14975 naive_actor.cpp:25] actor 2207613190165 switch to &NaiveActor::HandlerNormal
I1014 10:55:01.231084 14975 thread.cpp:96] Thread 1052672 construct Actor kNormalForward 2207613190165
I1014 10:55:01.231189 14975 runtime_context.cpp:29] DecreaseCounter constructing_actor_cnt, current val is 657
I1014 10:55:01.231309 14962 naive_actor.cpp:25] actor 1099614388246 switch to &NaiveActor::HandlerNormal
I1014 10:55:01.231364 14962 thread.cpp:96] Thread 524337 construct Actor kTick 1099614388246
I1014 10:55:01.231441 14962 runtime_context.cpp:29] DecreaseCounter constructing_actor_cnt, current val is 656
I1014 10:55:01.231514 14969 naive_actor.cpp:25] actor 2199023255555 switch to &NaiveActor::HandlerNormal
I1014 10:55:01.231551 14969 thread.cpp:96] Thread 1048576 construct Actor kNormalForward 2199023255555
I1014 10:55:01.231604 14969 runtime_context.cpp:29] DecreaseCounter constructing_actor_cnt, current val is 655
I1014 10:55:01.231845 14962 naive_actor.cpp:25] actor 1099614388251 switch to &NaiveActor::HandlerNormal
I1014 10:55:01.231899 14962 thread.cpp:96] Thread 524337 construct Actor kTick 1099614388251
I1014 10:55:01.232084 14962 runtime_context.cpp:29] DecreaseCounter constructing_actor_cnt, current val is 654
I1014 10:55:01.232239 14975 naive_actor.cpp:25] actor 2207613190144 switch to &NaiveActor::HandlerNormal
I1014 10:55:01.232297 14969 naive_actor.cpp:25] actor 2199023255560 switch to &NaiveActor::HandlerNormal
I1014 10:55:01.232300 14975 thread.cpp:96] Thread 1052672 construct Actor kNormalForward 2207613190144
I1014 10:55:01.232342 14969 thread.cpp:96] Thread 1048576 construct Actor kNormalForward 2199023255560
I1014 10:55:01.232455 14975 runtime_context.cpp:29] DecreaseCounter constructing_actor_cnt, current val is 653
I1014 10:55:01.232455 14969 runtime_context.cpp:29] DecreaseCounter constructing_actor_cnt, current val is 652
