Log file created at: 2021/10/14 10:53:17
Running on machine: oneflow-14
Log line format: [IWEF]mmdd hh:mm:ss.uuuuuu threadid file:line] msg
I1014 10:53:17.067756 13187 global.h:36] NewGlobal 14cudaDeviceProp
I1014 10:53:17.068647 13187 global.h:36] NewGlobal N7oneflow7EnvDescE
I1014 10:53:17.068665 13187 global.h:36] NewGlobal N7oneflow10ProcessCtxE
I1014 10:53:17.068671 13187 env_global_objects_scope.cpp:152] using rpc backend: local
I1014 10:53:17.068727 13187 global.h:36] NewGlobal N7oneflow12ResourceDescE
I1014 10:53:17.068737 13187 global.h:36] NewGlobal N7oneflow12ResourceDescE
I1014 10:53:17.142398 13187 global.h:36] NewGlobal N7oneflow10ThreadPoolE
I1014 10:53:17.143993 13187 global.h:36] NewGlobal N7oneflow16EagerNcclCommMgrE
I1014 10:53:17.144021 13187 global.h:36] NewGlobal N7oneflow18CudnnConvAlgoCacheE
I1014 10:53:17.144032 13187 global.h:36] NewGlobal N7oneflow2vm19VirtualMachineScopeE
I1014 10:53:17.144045 13187 global.h:36] NewGlobal N7oneflow9OneflowVME
I1014 10:53:17.145195 13187 oneflow_vm.cpp:75] transport stream type: N7oneflow2vm13CpuStreamTypeE
I1014 10:53:17.145215 13187 oneflow_vm.cpp:75] transport stream type: N7oneflow2vm14CudaStreamTypeE
I1014 10:53:17.145226 13187 oneflow_vm.cpp:75] transport stream type: N7oneflow2vm19AsyncCudaStreamTypeE
I1014 10:53:17.145406 13187 global.h:36] NewGlobal N7oneflow27EagerJobBuildAndInferCtxMgrE
I1014 10:53:17.145423 13187 global.h:36] NewGlobal N7oneflow12EpollCommNetE
I1014 10:53:17.145586 13187 epoll_comm_network.cpp:63] CommNet:Epoll listening on 0.0.0.0:40273
I1014 10:53:17.145646 13187 epoll_comm_network.cpp:197] machine 0 sockfd -1
I1014 10:53:17.145792 13187 global.h:36] NewGlobal N7oneflow9TransportE
I1014 10:53:17.149740 13187 global.h:43] DeleteGlobal N7oneflow12ResourceDescE
I1014 10:53:17.149778 13187 version.cpp:22] OneFlow git version: b295ca2324
I1014 10:53:17.149799 13187 device_register_gpu.cpp:56] CUDA runtime version: 11.2
I1014 10:53:17.149832 13187 device_register_gpu.cpp:65] cuDNN version: 8.1.1
I1014 10:53:17.149847 13187 device_register_gpu.cpp:78] NCCL version: 2.9.8
I1014 10:53:17.149858 13187 global.h:36] NewGlobal N7oneflow12ResourceDescE
I1014 10:53:17.149868 13187 global.h:36] NewGlobal N7oneflow5IDMgrE
I1014 10:53:17.149878 13187 global.h:36] NewGlobal N7oneflow16AvailableMemDescE
I1014 10:53:17.149925 13187 global.h:36] NewGlobal St13unordered_mapISslSt4hashISsESt8equal_toISsESaISt4pairIKSslEEE
I1014 10:53:17.149936 13187 global.h:36] NewGlobal N7oneflow19CriticalSectionDescE
I1014 10:53:17.149945 13187 global.h:36] NewGlobal N7oneflow16InterUserJobInfoE
I1014 10:53:17.149955 13187 global.h:36] NewGlobal N7oneflow26LazyJobBuildAndInferCtxMgrE
I1014 10:53:17.149966 13187 global.h:36] NewGlobal N7oneflow16JobSetCompileCtxE
I1014 10:53:17.149976 13187 global.h:36] NewGlobal N7oneflow26RuntimeBufferManagersScopeE
I1014 10:53:17.149986 13187 global.h:36] NewGlobal N7oneflow9BufferMgrIlEE
I1014 10:53:17.149994 13187 global.h:36] NewGlobal N7oneflow9BufferMgrISt10shared_ptrINS_11JobInstanceEEEE
I1014 10:53:17.150003 13187 global.h:36] NewGlobal N7oneflow10RuntimeCtxE
I1014 10:53:17.150012 13187 global.h:36] NewGlobal N7oneflow15MemoryAllocatorE
I1014 10:53:17.150022 13187 global.h:36] NewGlobal N7oneflow8ChunkMgrE
I1014 10:53:17.150030 13187 global.h:36] NewGlobal N7oneflow8RegstMgrE
I1014 10:53:17.150039 13187 global.h:36] NewGlobal N7oneflow11ActorMsgBusE
I1014 10:53:17.150048 13187 global.h:36] NewGlobal N7oneflow9ThreadMgrE
I1014 10:53:17.150058 13187 global.h:36] NewGlobal N7oneflow15RuntimeJobDescsE
I1014 10:53:17.150065 13187 global.h:36] NewGlobal N7oneflow7summary12EventsWriterE
I1014 10:53:17.150077 13187 global.h:36] NewGlobal N7oneflow6boxing10collective24CollectiveBoxingExecutorE
I1014 10:53:17.150086 13187 global.h:36] NewGlobal N7oneflow6boxing10collective31CollectiveBoxingDeviceCtxPollerE
I1014 10:53:17.150264 13187 session.h:77] NewGlobal N7oneflow25SessionGlobalObjectsScopeE
I1014 10:53:17.151437 13187 global.h:36] NewGlobal N7oneflow7JobDescE
I1014 10:53:17.651821 13187 global.h:43] DeleteGlobal N7oneflow7JobDescE
I1014 10:53:17.652021 13187 global.h:36] NewGlobal N7oneflow7JobDescE
I1014 10:53:17.655357 13187 global.h:36] NewGlobal N7oneflow7OpGraphE
I1014 10:53:17.662612 13187 global.h:43] DeleteGlobal N7oneflow7OpGraphE
I1014 10:53:17.972769 13187 global.h:43] DeleteGlobal N7oneflow7JobDescE
I1014 10:53:17.991396 13187 global.h:36] NewGlobal N7oneflow24InterJobReuseMemStrategyE
I1014 10:53:17.991420 13187 global.h:36] NewGlobal N7oneflow7OneflowE
I1014 10:53:18.004534 13187 global.h:36] NewGlobal N7oneflow7JobDescE
I1014 10:53:18.277195 13187 insert_nccl_logical_op_pass.cpp:663]  Try insert nccl logical ops into job: train_job. Begin...
I1014 10:53:18.278475 13187 insert_nccl_logical_op_pass.cpp:432]  insert nccl op: System-NCCL-Logical-S2S-116 from: [Gather_12](order=6, nd_sbp=[S(2)])->[Reshape_14](order=8, nd_sbp=[S(0)]) and before: [Reshape_8](order=7)
I1014 10:53:18.278607 13187 insert_nccl_logical_op_pass.cpp:432]  insert nccl op: System-NCCL-Logical-P2S-117 from: [ReduceSum_9](order=9, nd_sbp=[P])->[AddN_23](order=48, nd_sbp=[S(0)]) and before: [Concat_15](order=10)
I1014 10:53:18.279137 13187 insert_nccl_logical_op_pass.cpp:432]  insert nccl op: System-NCCL-Logical-S2B-118 from: [SigmoidCrossEntropy_24_grad](order=52, nd_sbp=[S(0)])->[ReduceSum_9_grad](order=57, nd_sbp=[B]) and before: [ScalarMul_26](order=53)
I1014 10:53:18.279232 13187 insert_nccl_logical_op_pass.cpp:432]  insert nccl op: System-NCCL-Logical-P2B-119 from: [deep_scores-matmul_grad_b](order=55, nd_sbp=[P])->[System-ModelDiffScale-ScalarMul_66](order=59, nd_sbp=[B]) and before: [deep_scores-bias_add_grad](order=56)
I1014 10:53:18.279296 13187 insert_nccl_logical_op_pass.cpp:432]  insert nccl op: System-NCCL-Logical-P2B-120 from: [deep_scores-bias_add_grad](order=56, nd_sbp=[P])->[System-ModelDiffScale-ScalarMul_78](order=60, nd_sbp=[B]) and before: [ReduceSum_9_grad](order=57)
I1014 10:53:18.279414 13187 insert_nccl_logical_op_pass.cpp:432]  insert nccl op: System-NCCL-Logical-P2B-121 from: [fc6-matmul_grad_b](order=66, nd_sbp=[P])->[System-ModelDiffScale-ScalarMul_70](order=70, nd_sbp=[B]) and before: [fc6-bias_add_grad](order=67)
I1014 10:53:18.279474 13187 insert_nccl_logical_op_pass.cpp:432]  insert nccl op: System-NCCL-Logical-P2B-122 from: [fc6-bias_add_grad](order=67, nd_sbp=[P])->[System-ModelDiffScale-ScalarMul_69](order=71, nd_sbp=[B]) and before: [fc6-matmul_grad_a](order=68)
I1014 10:53:18.279597 13187 insert_nccl_logical_op_pass.cpp:432]  insert nccl op: System-NCCL-Logical-P2B-123 from: [fc5-matmul_grad_b](order=77, nd_sbp=[P])->[System-ModelDiffScale-ScalarMul_68](order=80, nd_sbp=[B]) and before: [fc5-bias_add_grad](order=78)
I1014 10:53:18.279661 13187 insert_nccl_logical_op_pass.cpp:432]  insert nccl op: System-NCCL-Logical-P2B-124 from: [fc5-bias_add_grad](order=78, nd_sbp=[P])->[System-ModelDiffScale-ScalarMul_71](order=81, nd_sbp=[B]) and before: [fc5-matmul_grad_a](order=79)
I1014 10:53:18.279769 13187 insert_nccl_logical_op_pass.cpp:432]  insert nccl op: System-NCCL-Logical-P2B-125 from: [fc4-matmul_grad_b](order=86, nd_sbp=[P])->[System-ModelDiffScale-ScalarMul_74](order=89, nd_sbp=[B]) and before: [fc4-bias_add_grad](order=87)
I1014 10:53:18.279826 13187 insert_nccl_logical_op_pass.cpp:432]  insert nccl op: System-NCCL-Logical-P2B-126 from: [fc4-bias_add_grad](order=87, nd_sbp=[P])->[System-ModelDiffScale-ScalarMul_79](order=90, nd_sbp=[B]) and before: [fc4-matmul_grad_a](order=88)
I1014 10:53:18.279928 13187 insert_nccl_logical_op_pass.cpp:432]  insert nccl op: System-NCCL-Logical-P2B-127 from: [fc3-matmul_grad_b](order=95, nd_sbp=[P])->[System-ModelDiffScale-ScalarMul_67](order=98, nd_sbp=[B]) and before: [fc3-bias_add_grad](order=96)
I1014 10:53:18.279987 13187 insert_nccl_logical_op_pass.cpp:432]  insert nccl op: System-NCCL-Logical-P2B-128 from: [fc3-bias_add_grad](order=96, nd_sbp=[P])->[System-ModelDiffScale-ScalarMul_82](order=99, nd_sbp=[B]) and before: [fc3-matmul_grad_a](order=97)
I1014 10:53:18.280092 13187 insert_nccl_logical_op_pass.cpp:432]  insert nccl op: System-NCCL-Logical-P2B-129 from: [fc2-bias_add_grad](order=104, nd_sbp=[P])->[System-ModelDiffScale-ScalarMul_73](order=107, nd_sbp=[B]) and before: [fc2-matmul_grad_b](order=105)
I1014 10:53:18.280244 13187 insert_nccl_logical_op_pass.cpp:432]  insert nccl op: System-NCCL-Logical-P2B-130 from: [fc2-matmul_grad_b](order=105, nd_sbp=[P])->[System-ModelDiffScale-ScalarMul_77](order=108, nd_sbp=[B]) and before: [fc2-matmul_grad_a](order=106)
I1014 10:53:18.280354 13187 insert_nccl_logical_op_pass.cpp:432]  insert nccl op: System-NCCL-Logical-P2B-131 from: [fc1-matmul_grad_b](order=113, nd_sbp=[P])->[System-ModelDiffScale-ScalarMul_81](order=116, nd_sbp=[B]) and before: [fc1-bias_add_grad](order=114)
I1014 10:53:18.280431 13187 insert_nccl_logical_op_pass.cpp:432]  insert nccl op: System-NCCL-Logical-P2B-132 from: [fc1-bias_add_grad](order=114, nd_sbp=[P])->[System-ModelDiffScale-ScalarMul_65](order=117, nd_sbp=[B]) and before: [fc1-matmul_grad_a](order=115)
I1014 10:53:18.280540 13187 insert_nccl_logical_op_pass.cpp:432]  insert nccl op: System-NCCL-Logical-P2B-133 from: [fc0-matmul_grad_b](order=122, nd_sbp=[P])->[System-ModelDiffScale-ScalarMul_75](order=125, nd_sbp=[B]) and before: [fc0-bias_add_grad](order=123)
I1014 10:53:18.280612 13187 insert_nccl_logical_op_pass.cpp:432]  insert nccl op: System-NCCL-Logical-P2B-134 from: [fc0-bias_add_grad](order=123, nd_sbp=[P])->[System-ModelDiffScale-ScalarMul_72](order=126, nd_sbp=[B]) and before: [fc0-matmul_grad_a](order=124)
I1014 10:53:18.280717 13187 insert_nccl_logical_op_pass.cpp:432]  insert nccl op: System-NCCL-Logical-S2S-135 from: [Reshape_14_grad](order=130, nd_sbp=[S(0)])->[Gather_12_grad](order=131, nd_sbp=[S(2)]) and before: [Gather_12_grad](order=131)
I1014 10:53:18.280764 13187 insert_nccl_logical_op_pass.cpp:699]  Try insert nccl logical ops into job: train_job. ...End

I1014 10:53:18.340911 13187 global.h:36] NewGlobal N7oneflow7OpGraphE
I1014 10:53:18.473867 13187 global.h:43] DeleteGlobal N7oneflow7OpGraphE
I1014 10:53:18.491185 13187 oneflow.cpp:210] 
job_id: 0 , job_name: train_job , compile time: 0.486603 seconds.
I1014 10:53:18.587126 13187 global.h:43] DeleteGlobal N7oneflow7JobDescE
I1014 10:53:18.587450 13187 global.h:36] NewGlobal N7oneflow7JobDescE
I1014 10:53:18.635675 13187 global.h:36] NewGlobal N7oneflow7OpGraphE
I1014 10:53:18.657454 13187 global.h:43] DeleteGlobal N7oneflow7OpGraphE
I1014 10:53:18.661808 13187 oneflow.cpp:210] 
job_id: 1 , job_name: System-ModelInit , compile time: 0.0737352 seconds.
I1014 10:53:18.676151 13187 global.h:43] DeleteGlobal N7oneflow7JobDescE
I1014 10:53:18.676179 13187 global.h:36] NewGlobal N7oneflow7JobDescE
I1014 10:53:18.721594 13187 global.h:36] NewGlobal N7oneflow7OpGraphE
I1014 10:53:18.743412 13187 global.h:43] DeleteGlobal N7oneflow7OpGraphE
I1014 10:53:18.748358 13187 oneflow.cpp:210] 
job_id: 2 , job_name: System-ModelLoad , compile time: 0.0721615 seconds.
I1014 10:53:18.762523 13187 global.h:43] DeleteGlobal N7oneflow7JobDescE
I1014 10:53:18.762552 13187 global.h:36] NewGlobal N7oneflow7JobDescE
I1014 10:53:18.806360 13187 global.h:36] NewGlobal N7oneflow7OpGraphE
I1014 10:53:18.827390 13187 global.h:43] DeleteGlobal N7oneflow7OpGraphE
I1014 10:53:18.832561 13187 oneflow.cpp:210] 
job_id: 3 , job_name: System-ModelSave , compile time: 0.0699876 seconds.
I1014 10:53:18.847023 13187 global.h:43] DeleteGlobal N7oneflow7JobDescE
I1014 10:53:18.847049 13187 global.h:36] NewGlobal N7oneflow7JobDescE
I1014 10:53:18.856398 13187 global.h:36] NewGlobal N7oneflow7OpGraphE
I1014 10:53:18.860991 13187 global.h:43] DeleteGlobal N7oneflow7OpGraphE
I1014 10:53:18.863132 13187 oneflow.cpp:210] 
job_id: 4 , job_name: System-Pull-Return_27 , compile time: 0.0160653 seconds.
I1014 10:53:18.867348 13187 global.h:43] DeleteGlobal N7oneflow7JobDescE
I1014 10:53:18.874169 13187 global.h:36] NewGlobal N7oneflow7JobDescE
I1014 10:53:18.874204 13187 global.h:36] NewGlobal N7oneflow7OpGraphE
I1014 10:53:18.879695 13187 global.h:43] DeleteGlobal N7oneflow7OpGraphE
I1014 10:53:18.883116 13187 oneflow.cpp:210] 
job_id: 5 , job_name: MainJob-unamed , compile time: 0.00892134 seconds.
I1014 10:53:18.890110 13187 global.h:43] DeleteGlobal N7oneflow7JobDescE
I1014 10:53:18.895232 13187 plan_util.cpp:928]  Plan: merged_plan needs to allocate [ 759.938 MiB ] device memory in Rank: 0 , Device: 0
I1014 10:53:18.895301 13187 plan_util.cpp:928]  Plan: merged_plan needs to allocate [ 759.937 MiB ] device memory in Rank: 0 , Device: 1
I1014 10:53:19.050952 13187 oneflow.cpp:998]  PushPlan merged_plan time: 0.0158497 seconds.
I1014 10:53:19.096148 13187 oneflow.cpp:1014]  PullPlan merged_plan time: 0.0402693 seconds.
I1014 10:53:23.071347 13187 runtime_context.cpp:21] NewCounter constructing_actor_cnt 783
I1014 10:53:23.072841 13767 naive_actor.cpp:25] actor 2199023255723 switch to &NaiveActor::HandlerNormal
I1014 10:53:23.073331 13767 thread.cpp:96] Thread 1048576 construct Actor kDeviceTick 2199023255723
I1014 10:53:23.073359 13757 naive_actor.cpp:25] actor 1099614388240 switch to &NaiveActor::HandlerNormal
I1014 10:53:23.073487 13757 thread.cpp:96] Thread 524337 construct Actor kDeviceTick 1099614388240
I1014 10:53:23.073519 13767 runtime_context.cpp:29] DecreaseCounter constructing_actor_cnt, current val is 782
I1014 10:53:23.073616 13757 runtime_context.cpp:29] DecreaseCounter constructing_actor_cnt, current val is 781
I1014 10:53:23.073302 13758 wait_and_send_ids_actor.cpp:53] actor 1099616485376 switch to &WaitAndSendIdsActor::HandlerWaitToStart
I1014 10:53:23.072950 13773 naive_actor.cpp:25] actor 2207613190315 switch to &NaiveActor::HandlerNormal
I1014 10:53:23.073843 13758 thread.cpp:96] Thread 524338 construct Actor kWaitAndSendIds 1099616485376
I1014 10:53:23.073892 13773 thread.cpp:96] Thread 1052672 construct Actor kDeviceTick 2207613190315
I1014 10:53:23.073940 13767 naive_actor.cpp:25] actor 2199023255782 switch to &NaiveActor::HandlerNormal
I1014 10:53:23.074015 13757 naive_actor.cpp:25] actor 1099614388232 switch to &NaiveActor::HandlerNormal
I1014 10:53:23.074009 13773 runtime_context.cpp:29] DecreaseCounter constructing_actor_cnt, current val is 779
I1014 10:53:23.074002 13758 runtime_context.cpp:29] DecreaseCounter constructing_actor_cnt, current val is 780
I1014 10:53:23.074031 13767 thread.cpp:96] Thread 1048576 construct Actor kDeviceTick 2199023255782
I1014 10:53:23.074066 13757 thread.cpp:96] Thread 524337 construct Actor kDeviceTick 1099614388232
I1014 10:53:23.074239 13767 runtime_context.cpp:29] DecreaseCounter constructing_actor_cnt, current val is 778
I1014 10:53:23.074270 13757 runtime_context.cpp:29] DecreaseCounter constructing_actor_cnt, current val is 777
I1014 10:53:23.074347 13773 naive_actor.cpp:25] actor 2207613190374 switch to &NaiveActor::HandlerNormal
I1014 10:53:23.074414 13773 thread.cpp:96] Thread 1052672 construct Actor kDeviceTick 2207613190374
I1014 10:53:23.074472 13773 runtime_context.cpp:29] DecreaseCounter constructing_actor_cnt, current val is 776
I1014 10:53:23.074558 13767 naive_actor.cpp:25] actor 2199023255821 switch to &NaiveActor::HandlerNormal
I1014 10:53:23.074589 13757 naive_actor.cpp:25] actor 1099614388241 switch to &NaiveActor::HandlerNormal
I1014 10:53:23.074638 13767 thread.cpp:96] Thread 1048576 construct Actor kDeviceTick 2199023255821
I1014 10:53:23.074671 13757 thread.cpp:96] Thread 524337 construct Actor kDeviceTick 1099614388241
I1014 10:53:23.074731 13773 naive_actor.cpp:25] actor 2207613190413 switch to &NaiveActor::HandlerNormal
I1014 10:53:23.074764 13757 runtime_context.cpp:29] DecreaseCounter constructing_actor_cnt, current val is 774
I1014 10:53:23.074743 13767 runtime_context.cpp:29] DecreaseCounter constructing_actor_cnt, current val is 775
I1014 10:53:23.074769 13773 thread.cpp:96] Thread 1052672 construct Actor kDeviceTick 2207613190413
I1014 10:53:23.074883 13773 runtime_context.cpp:29] DecreaseCounter constructing_actor_cnt, current val is 773
I1014 10:53:23.075034 13757 naive_actor.cpp:25] actor 1099614388231 switch to &NaiveActor::HandlerNormal
I1014 10:53:23.075085 13757 thread.cpp:96] Thread 524337 construct Actor kDeviceTick 1099614388231
I1014 10:53:23.075098 13767 naive_actor.cpp:25] actor 2199023255860 switch to &NaiveActor::HandlerNormal
I1014 10:53:23.075167 13757 runtime_context.cpp:29] DecreaseCounter constructing_actor_cnt, current val is 772
I1014 10:53:23.075176 13773 naive_actor.cpp:25] actor 2207613190452 switch to &NaiveActor::HandlerNormal
I1014 10:53:23.075345 13767 thread.cpp:96] Thread 1048576 construct Actor kDeviceTick 2199023255860
I1014 10:53:23.075417 13773 thread.cpp:96] Thread 1052672 construct Actor kDeviceTick 2207613190452
I1014 10:53:23.075498 13767 runtime_context.cpp:29] DecreaseCounter constructing_actor_cnt, current val is 771
I1014 10:53:23.075538 13773 runtime_context.cpp:29] DecreaseCounter constructing_actor_cnt, current val is 770
I1014 10:53:23.075649 13757 naive_actor.cpp:25] actor 1099614388230 switch to &NaiveActor::HandlerNormal
I1014 10:53:23.075685 13757 thread.cpp:96] Thread 524337 construct Actor kDeviceTick 1099614388230
I1014 10:53:23.075735 13757 runtime_context.cpp:29] DecreaseCounter constructing_actor_cnt, current val is 769
I1014 10:53:23.075992 13757 naive_actor.cpp:25] actor 1099614388251 switch to &NaiveActor::HandlerNormal
I1014 10:53:23.076026 13757 thread.cpp:96] Thread 524337 construct Actor kDeviceTick 1099614388251
I1014 10:53:23.076076 13757 runtime_context.cpp:29] DecreaseCounter constructing_actor_cnt, current val is 768
I1014 10:53:23.076311 13757 naive_actor.cpp:25] actor 1099614388260 switch to &NaiveActor::HandlerNormal
I1014 10:53:23.076344 13757 thread.cpp:96] Thread 524337 construct Actor kDeviceTick 1099614388260
I1014 10:53:23.076395 13757 runtime_context.cpp:29] DecreaseCounter constructing_actor_cnt, current val is 767
I1014 10:53:23.076786 13757 naive_actor.cpp:25] actor 1099614388269 switch to &NaiveActor::HandlerNormal
I1014 10:53:23.076819 13757 thread.cpp:96] Thread 524337 construct Actor kDeviceTick 1099614388269
I1014 10:53:23.076869 13757 runtime_context.cpp:29] DecreaseCounter constructing_actor_cnt, current val is 766
I1014 10:53:23.077097 13757 naive_actor.cpp:25] actor 1099614388289 switch to &NaiveActor::HandlerNormal
I1014 10:53:23.077129 13757 thread.cpp:96] Thread 524337 construct Actor kDeviceTick 1099614388289
I1014 10:53:23.077178 13757 runtime_context.cpp:29] DecreaseCounter constructing_actor_cnt, current val is 765
I1014 10:53:23.077417 13757 naive_actor.cpp:25] actor 1099614388278 switch to &NaiveActor::HandlerNormal
I1014 10:53:23.077450 13757 thread.cpp:96] Thread 524337 construct Actor kDeviceTick 1099614388278
I1014 10:53:23.077498 13757 runtime_context.cpp:29] DecreaseCounter constructing_actor_cnt, current val is 764
I1014 10:53:23.077764 13757 naive_actor.cpp:25] actor 1099614388286 switch to &NaiveActor::HandlerNormal
I1014 10:53:23.077797 13757 thread.cpp:96] Thread 524337 construct Actor kDeviceTick 1099614388286
I1014 10:53:23.077845 13757 runtime_context.cpp:29] DecreaseCounter constructing_actor_cnt, current val is 763
I1014 10:53:23.078094 13757 naive_actor.cpp:25] actor 1099614388287 switch to &NaiveActor::HandlerNormal
I1014 10:53:23.078127 13757 thread.cpp:96] Thread 524337 construct Actor kDeviceTick 1099614388287
I1014 10:53:23.078176 13757 runtime_context.cpp:29] DecreaseCounter constructing_actor_cnt, current val is 762
I1014 10:53:23.095511 13748 naive_actor.cpp:25] actor 1099582930944 switch to &NaiveActor::HandlerNormal
I1014 10:53:23.095592 13747 naive_actor.cpp:25] actor 1099580833792 switch to &NaiveActor::HandlerNormal
I1014 10:53:23.095824 13748 thread.cpp:96] Thread 524322 construct Actor kForeignInput 1099582930944
I1014 10:53:23.095906 13747 thread.cpp:96] Thread 524321 construct Actor kNormalForward 1099580833792
I1014 10:53:23.096061 13748 runtime_context.cpp:29] DecreaseCounter constructing_actor_cnt, current val is 761
I1014 10:53:23.096086 13747 runtime_context.cpp:29] DecreaseCounter constructing_actor_cnt, current val is 760
I1014 10:53:23.096251 13744 naive_actor.cpp:25] actor 1099574542336 switch to &NaiveActor::HandlerNormal
I1014 10:53:23.096256 13746 naive_actor.cpp:25] actor 1099578736640 switch to &NaiveActor::HandlerNormal
I1014 10:53:23.096349 13744 thread.cpp:96] Thread 524318 construct Actor kNormalForward 1099574542336
I1014 10:53:23.096439 13746 thread.cpp:96] Thread 524320 construct Actor kNormalForward 1099578736640
I1014 10:53:23.096613 13744 runtime_context.cpp:29] DecreaseCounter constructing_actor_cnt, current val is 759
I1014 10:53:23.096640 13740 naive_actor.cpp:25] actor 1099566153728 switch to &NaiveActor::HandlerNormal
I1014 10:53:23.096662 13741 naive_actor.cpp:25] actor 1099568250880 switch to &NaiveActor::HandlerNormal
I1014 10:53:23.096732 13746 runtime_context.cpp:29] DecreaseCounter constructing_actor_cnt, current val is 758
I1014 10:53:23.096761 13739 naive_actor.cpp:25] actor 1099564056576 switch to &NaiveActor::HandlerNormal
I1014 10:53:23.096794 13740 thread.cpp:96] Thread 524314 construct Actor kNormalForward 1099566153728
I1014 10:53:23.096887 13749 naive_actor.cpp:25] actor 1099585028096 switch to &NaiveActor::HandlerNormal
I1014 10:53:23.096899 13741 thread.cpp:96] Thread 524315 construct Actor kNormalForward 1099568250880
I1014 10:53:23.096928 13726 naive_actor.cpp:25] actor 1099536793600 switch to &NaiveActor::HandlerNormal
I1014 10:53:23.096940 13718 naive_actor.cpp:25] actor 1099520016384 switch to &NaiveActor::HandlerNormal
I1014 10:53:23.097239 13738 naive_actor.cpp:25] actor 1099561959424 switch to &NaiveActor::HandlerNormal
I1014 10:53:23.097028 13739 thread.cpp:96] Thread 524313 construct Actor kNormalForward 1099564056576
I1014 10:53:23.097081 13749 thread.cpp:96] Thread 524323 construct Actor kNormalForward 1099585028096
I1014 10:53:23.097111 13740 runtime_context.cpp:29] DecreaseCounter constructing_actor_cnt, current val is 757
I1014 10:53:23.097081 13731 naive_actor.cpp:25] actor 1099547279360 switch to &NaiveActor::HandlerNormal
I1014 10:53:23.097136 13756 naive_actor.cpp:25] actor 1099599708160 switch to &NaiveActor::HandlerNormal
I1014 10:53:23.097417 13739 runtime_context.cpp:29] DecreaseCounter constructing_actor_cnt, current val is 754
I1014 10:53:23.097211 13741 runtime_context.cpp:29] DecreaseCounter constructing_actor_cnt, current val is 756
I1014 10:53:23.097427 13756 thread.cpp:96] Thread 524330 construct Actor kForeignOutput 1099599708160
I1014 10:53:23.097502 13724 naive_actor.cpp:25] actor 1099532599296 switch to &NaiveActor::HandlerNormal
I1014 10:53:23.097530 13724 thread.cpp:96] Thread 524298 construct Actor kNormalForward 1099532599296
I1014 10:53:23.097290 13738 thread.cpp:96] Thread 524312 construct Actor kNormalForward 1099561959424
I1014 10:53:23.097580 13756 runtime_context.cpp:29] DecreaseCounter constructing_actor_cnt, current val is 753
I1014 10:53:23.097390 13749 runtime_context.cpp:29] DecreaseCounter constructing_actor_cnt, current val is 755
I1014 10:53:23.097398 13722 naive_actor.cpp:25] actor 1099528404992 switch to &NaiveActor::HandlerNormal
I1014 10:53:23.097203 13726 thread.cpp:96] Thread 524300 construct Actor kNormalForward 1099536793600
I1014 10:53:23.097425 13729 naive_actor.cpp:25] actor 1099543085056 switch to &NaiveActor::HandlerNormal
I1014 10:53:23.096997 13720 naive_actor.cpp:25] actor 1099524210688 switch to &NaiveActor::HandlerNormal
I1014 10:53:23.097921 13771 naive_actor.cpp:25] actor 2199027449856 switch to &NaiveActor::HandlerNormal
I1014 10:53:23.097985 13759 sink_actor.cpp:21] actor 1099618582528 switch to &SinkActor::HandlerNormal
I1014 10:53:23.098047 13759 thread.cpp:96] Thread 524339 construct Actor kCallbackNotify 1099618582528
I1014 10:53:23.098096 13769 naive_actor.cpp:25] actor 2199025352709 switch to &NaiveActor::HandlerNormal
I1014 10:53:23.098148 13759 runtime_context.cpp:29] DecreaseCounter constructing_actor_cnt, current val is 749
I1014 10:53:23.097663 13734 naive_actor.cpp:25] actor 1099553570816 switch to &NaiveActor::HandlerNormal
I1014 10:53:23.098230 13773 naive_actor.cpp:25] actor 2207613190158 switch to &NaiveActor::HandlerNormal
I1014 10:53:23.098243 13775 naive_actor.cpp:25] actor 2207615287300 switch to &NaiveActor::HandlerNormal
I1014 10:53:23.098300 13775 thread.cpp:96] Thread 1052673 construct Actor kSliceBoxing 2207615287300
I1014 10:53:23.098317 13755 naive_actor.cpp:25] actor 1099597611008 switch to &NaiveActor::HandlerNormal
I1014 10:53:23.097820 13729 thread.cpp:96] Thread 524303 construct Actor kNormalForward 1099543085056
I1014 10:53:23.097822 13726 runtime_context.cpp:29] DecreaseCounter constructing_actor_cnt, current val is 750
I1014 10:53:23.097892 13751 naive_actor.cpp:25] actor 1099589222400 switch to &NaiveActor::HandlerNormal
I1014 10:53:23.097898 13735 naive_actor.cpp:25] actor 1099555667968 switch to &NaiveActor::HandlerNormal
I1014 10:53:23.097934 13757 naive_actor.cpp:25] actor 1099614388237 switch to &NaiveActor::HandlerNormal
I1014 10:53:23.097926 13745 naive_actor.cpp:25] actor 1099576639488 switch to &NaiveActor::HandlerNormal
I1014 10:53:23.098914 13745 thread.cpp:96] Thread 524319 construct Actor kForeignInput 1099576639488
I1014 10:53:23.097929 13720 thread.cpp:96] Thread 524294 construct Actor kNormalForward 1099524210688
I1014 10:53:23.097972 13750 naive_actor.cpp:25] actor 1099587125248 switch to &NaiveActor::HandlerNormal
I1014 10:53:23.099175 13720 runtime_context.cpp:29] DecreaseCounter constructing_actor_cnt, current val is 745
I1014 10:53:23.097280 13737 naive_actor.cpp:25] actor 1099559862272 switch to &NaiveActor::HandlerNormal
I1014 10:53:23.099318 13733 naive_actor.cpp:25] actor 1099551473664 switch to &NaiveActor::HandlerNormal
I1014 10:53:23.099421 13733 thread.cpp:96] Thread 524307 construct Actor kNormalForward 1099551473664
I1014 10:53:23.097383 13731 thread.cpp:96] Thread 524305 construct Actor kNormalForward 1099547279360
I1014 10:53:23.097612 13724 runtime_context.cpp:29] DecreaseCounter constructing_actor_cnt, current val is 752
I1014 10:53:23.099539 13733 runtime_context.cpp:29] DecreaseCounter constructing_actor_cnt, current val is 744
I1014 10:53:23.099562 13731 runtime_context.cpp:29] DecreaseCounter constructing_actor_cnt, current val is 743
I1014 10:53:23.098237 13734 thread.cpp:96] Thread 524308 construct Actor kNormalForward 1099553570816
I1014 10:53:23.097674 13738 runtime_context.cpp:29] DecreaseCounter constructing_actor_cnt, current val is 751
I1014 10:53:23.097700 13736 naive_actor.cpp:25] actor 1099557765120 switch to &NaiveActor::HandlerNormal
I1014 10:53:23.098244 13752 naive_actor.cpp:25] actor 1099591319552 switch to &NaiveActor::HandlerNormal
I1014 10:53:23.098265 13723 naive_actor.cpp:25] actor 1099530502144 switch to &NaiveActor::HandlerNormal
I1014 10:53:23.099833 13723 thread.cpp:96] Thread 524297 construct Actor kNormalForward 1099530502144
I1014 10:53:23.097710 13722 thread.cpp:96] Thread 524296 construct Actor kNormalForward 1099528404992
I1014 10:53:23.097774 13725 naive_actor.cpp:25] actor 1099534696448 switch to &NaiveActor::HandlerNormal
I1014 10:53:23.100035 13725 thread.cpp:96] Thread 524299 construct Actor kNormalForward 1099534696448
I1014 10:53:23.100064 13722 runtime_context.cpp:29] DecreaseCounter constructing_actor_cnt, current val is 740
I1014 10:53:23.100112 13725 runtime_context.cpp:29] DecreaseCounter constructing_actor_cnt, current val is 739
I1014 10:53:23.098394 13775 runtime_context.cpp:29] DecreaseCounter constructing_actor_cnt, current val is 748
I1014 10:53:23.098436 13754 naive_actor.cpp:25] actor 1099595513856 switch to &NaiveActor::HandlerNormal
I1014 10:53:23.098558 13732 naive_actor.cpp:25] actor 1099549376512 switch to &NaiveActor::HandlerNormal
I1014 10:53:23.100345 13732 thread.cpp:96] Thread 524306 construct Actor kNormalForward 1099549376512
I1014 10:53:23.098623 13755 thread.cpp:96] Thread 524329 construct Actor kNormalForward 1099597611008
I1014 10:53:23.098637 13719 naive_actor.cpp:25] actor 1099522113536 switch to &NaiveActor::HandlerNormal
I1014 10:53:23.100452 13755 runtime_context.cpp:29] DecreaseCounter constructing_actor_cnt, current val is 737
I1014 10:53:23.098704 13742 naive_actor.cpp:25] actor 1099570348032 switch to &NaiveActor::HandlerNormal
I1014 10:53:23.100534 13742 thread.cpp:96] Thread 524316 construct Actor kNormalForward 1099570348032
I1014 10:53:23.098819 13735 thread.cpp:96] Thread 524309 construct Actor kNormalForward 1099555667968
I1014 10:53:23.098865 13757 thread.cpp:96] Thread 524337 construct Actor kTick 1099614388237
I1014 10:53:23.098870 13767 naive_actor.cpp:25] actor 2199023255552 switch to &NaiveActor::HandlerNormal
I1014 10:53:23.098919 13730 naive_actor.cpp:25] actor 1099545182208 switch to &NaiveActor::HandlerNormal
I1014 10:53:23.097259 13718 thread.cpp:96] Thread 524292 construct Actor kNormalForward 1099520016384
I1014 10:53:23.099021 13745 runtime_context.cpp:29] DecreaseCounter constructing_actor_cnt, current val is 746
I1014 10:53:23.100963 13718 runtime_context.cpp:29] DecreaseCounter constructing_actor_cnt, current val is 733
I1014 10:53:23.099140 13743 naive_actor.cpp:25] actor 1099572445184 switch to &NaiveActor::HandlerNormal
I1014 10:53:23.101042 13743 thread.cpp:96] Thread 524317 construct Actor kNormalForward 1099572445184
I1014 10:53:23.099193 13750 thread.cpp:96] Thread 524324 construct Actor kNormalForward 1099587125248
I1014 10:53:23.101121 13743 runtime_context.cpp:29] DecreaseCounter constructing_actor_cnt, current val is 732
I1014 10:53:23.097998 13771 thread.cpp:96] Thread 1048578 construct Actor kCopyHd 2199027449856
I1014 10:53:23.101164 13750 runtime_context.cpp:29] DecreaseCounter constructing_actor_cnt, current val is 731
I1014 10:53:23.099364 13737 thread.cpp:96] Thread 524311 construct Actor kNormalForward 1099559862272
I1014 10:53:23.097524 13721 naive_actor.cpp:25] actor 1099526307840 switch to &NaiveActor::HandlerNormal
I1014 10:53:23.101416 13737 runtime_context.cpp:29] DecreaseCounter constructing_actor_cnt, current val is 729
I1014 10:53:23.099730 13736 thread.cpp:96] Thread 524310 construct Actor kNormalForward 1099557765120
I1014 10:53:23.099735 13734 runtime_context.cpp:29] DecreaseCounter constructing_actor_cnt, current val is 742
I1014 10:53:23.099769 13752 thread.cpp:96] Thread 524326 construct Actor kNormalForward 1099591319552
I1014 10:53:23.098270 13773 thread.cpp:96] Thread 1052672 construct Actor kNormalForward 2207613190158
I1014 10:53:23.099959 13723 runtime_context.cpp:29] DecreaseCounter constructing_actor_cnt, current val is 741
I1014 10:53:23.098367 13727 naive_actor.cpp:25] actor 1099538890752 switch to &NaiveActor::HandlerNormal
I1014 10:53:23.098385 13753 naive_actor.cpp:25] actor 1099593416704 switch to &NaiveActor::HandlerNormal
I1014 10:53:23.101886 13753 thread.cpp:96] Thread 524327 construct Actor kNormalForward 1099593416704
I1014 10:53:23.100381 13732 runtime_context.cpp:29] DecreaseCounter constructing_actor_cnt, current val is 738
I1014 10:53:23.100471 13719 thread.cpp:96] Thread 524293 construct Actor kNormalForward 1099522113536
I1014 10:53:23.098757 13729 runtime_context.cpp:29] DecreaseCounter constructing_actor_cnt, current val is 747
I1014 10:53:23.102077 13719 runtime_context.cpp:29] DecreaseCounter constructing_actor_cnt, current val is 724
I1014 10:53:23.100602 13742 runtime_context.cpp:29] DecreaseCounter constructing_actor_cnt, current val is 736
I1014 10:53:23.100632 13775 naive_actor.cpp:25] actor 2207615287297 switch to &NaiveActor::HandlerNormal
I1014 10:53:23.100725 13757 runtime_context.cpp:29] DecreaseCounter constructing_actor_cnt, current val is 735
I1014 10:53:23.100767 13735 runtime_context.cpp:29] DecreaseCounter constructing_actor_cnt, current val is 734
I1014 10:53:23.100814 13767 thread.cpp:96] Thread 1048576 construct Actor kNormalForward 2199023255552
I1014 10:53:23.100860 13730 thread.cpp:96] Thread 524304 construct Actor kNormalForward 1099545182208
I1014 10:53:23.098047 13728 naive_actor.cpp:25] actor 1099540987904 switch to &NaiveActor::HandlerNormal
I1014 10:53:23.101217 13771 runtime_context.cpp:29] DecreaseCounter constructing_actor_cnt, current val is 730
I1014 10:53:23.098157 13769 thread.cpp:96] Thread 1048577 construct Actor kSliceBoxing 2199025352709
I1014 10:53:23.101434 13721 thread.cpp:96] Thread 524295 construct Actor kNormalForward 1099526307840
I1014 10:53:23.101630 13736 runtime_context.cpp:29] DecreaseCounter constructing_actor_cnt, current val is 728
I1014 10:53:23.101706 13752 runtime_context.cpp:29] DecreaseCounter constructing_actor_cnt, current val is 727
I1014 10:53:23.101729 13773 runtime_context.cpp:29] DecreaseCounter constructing_actor_cnt, current val is 726
I1014 10:53:23.101819 13727 thread.cpp:96] Thread 524301 construct Actor kNormalForward 1099538890752
I1014 10:53:23.100314 13754 thread.cpp:96] Thread 524328 construct Actor kNormalForward 1099595513856
I1014 10:53:23.101989 13753 runtime_context.cpp:29] DecreaseCounter constructing_actor_cnt, current val is 725
I1014 10:53:23.098762 13751 thread.cpp:96] Thread 524325 construct Actor kForeignInput 1099589222400
I1014 10:53:23.102301 13775 thread.cpp:96] Thread 1052673 construct Actor kSliceBoxing 2207615287297
I1014 10:53:23.103390 13751 runtime_context.cpp:29] DecreaseCounter constructing_actor_cnt, current val is 717
I1014 10:53:23.102677 13728 thread.cpp:96] Thread 524302 construct Actor kNormalForward 1099540987904
I1014 10:53:23.102684 13730 runtime_context.cpp:29] DecreaseCounter constructing_actor_cnt, current val is 722
I1014 10:53:23.103600 13773 naive_actor.cpp:25] actor 2207613190150 switch to &NaiveActor::HandlerNormal
I1014 10:53:23.103636 13728 runtime_context.cpp:29] DecreaseCounter constructing_actor_cnt, current val is 715
I1014 10:53:23.102972 13757 naive_actor.cpp:25] actor 1099614388239 switch to &NaiveActor::HandlerNormal
I1014 10:53:23.103219 13727 runtime_context.cpp:29] DecreaseCounter constructing_actor_cnt, current val is 719
I1014 10:53:23.103307 13754 runtime_context.cpp:29] DecreaseCounter constructing_actor_cnt, current val is 718
I1014 10:53:23.102646 13767 runtime_context.cpp:29] DecreaseCounter constructing_actor_cnt, current val is 723
I1014 10:53:23.103418 13775 runtime_context.cpp:29] DecreaseCounter constructing_actor_cnt, current val is 716
I1014 10:53:23.102869 13769 runtime_context.cpp:29] DecreaseCounter constructing_actor_cnt, current val is 721
I1014 10:53:23.102941 13721 runtime_context.cpp:29] DecreaseCounter constructing_actor_cnt, current val is 720
I1014 10:53:23.103653 13773 thread.cpp:96] Thread 1052672 construct Actor kNormalForward 2207613190150
I1014 10:53:23.103778 13757 thread.cpp:96] Thread 524337 construct Actor kTick 1099614388239
I1014 10:53:23.104351 13773 runtime_context.cpp:29] DecreaseCounter constructing_actor_cnt, current val is 714
I1014 10:53:23.104435 13757 runtime_context.cpp:29] DecreaseCounter constructing_actor_cnt, current val is 713
I1014 10:53:23.104516 13775 naive_actor.cpp:25] actor 2207615287296 switch to &NaiveActor::HandlerNormal
I1014 10:53:23.104538 13769 naive_actor.cpp:25] actor 2199025352704 switch to &NaiveActor::HandlerNormal
I1014 10:53:23.104585 13775 thread.cpp:96] Thread 1052673 construct Actor kSliceBoxing 2207615287296
I1014 10:53:23.104648 13769 thread.cpp:96] Thread 1048577 construct Actor kSliceBoxing 2199025352704
I1014 10:53:23.104727 13775 runtime_context.cpp:29] DecreaseCounter constructing_actor_cnt, current val is 712
I1014 10:53:23.104776 13769 runtime_context.cpp:29] DecreaseCounter constructing_actor_cnt, current val is 711
I1014 10:53:23.104898 13757 naive_actor.cpp:25] actor 1099614388325 switch to &NaiveActor::HandlerNormal
I1014 10:53:23.104979 13757 thread.cpp:96] Thread 524337 construct Actor kTick 1099614388325
I1014 10:53:23.105072 13757 runtime_context.cpp:29] DecreaseCounter constructing_actor_cnt, current val is 710
I1014 10:53:23.105212 13769 naive_actor.cpp:25] actor 2199025352706 switch to &NaiveActor::HandlerNormal
I1014 10:53:23.105264 13775 naive_actor.cpp:25] actor 2207615287298 switch to &NaiveActor::HandlerNormal
I1014 10:53:23.105284 13769 thread.cpp:96] Thread 1048577 construct Actor kSliceBoxing 2199025352706
I1014 10:53:23.105329 13775 thread.cpp:96] Thread 1052673 construct Actor kSliceBoxing 2207615287298
I1014 10:53:23.105406 13769 runtime_context.cpp:29] DecreaseCounter constructing_actor_cnt, current val is 709
I1014 10:53:23.105443 13775 runtime_context.cpp:29] DecreaseCounter constructing_actor_cnt, current val is 708
I1014 10:53:23.105665 13769 naive_actor.cpp:25] actor 2199025352708 switch to &NaiveActor::HandlerNormal
I1014 10:53:23.105671 13757 naive_actor.cpp:25] actor 1099614388226 switch to &NaiveActor::HandlerNormal
I1014 10:53:23.105681 13767 naive_actor.cpp:25] actor 2199023255555 switch to &NaiveActor::HandlerNormal
I1014 10:53:23.105739 13769 thread.cpp:96] Thread 1048577 construct Actor kCopyHd 2199025352708
I1014 10:53:23.105744 13775 naive_actor.cpp:25] actor 2207615287299 switch to &NaiveActor::HandlerNormal
I1014 10:53:23.105834 13757 thread.cpp:96] Thread 524337 construct Actor kDeviceTick 1099614388226
I1014 10:53:23.105866 13773 naive_actor.cpp:25] actor 2207613190174 switch to &NaiveActor::HandlerNormal
I1014 10:53:23.105913 13767 thread.cpp:96] Thread 1048576 construct Actor kNormalForward 2199023255555
I1014 10:53:23.105964 13769 runtime_context.cpp:29] DecreaseCounter constructing_actor_cnt, current val is 707
I1014 10:53:23.105983 13775 thread.cpp:96] Thread 1052673 construct Actor kCopyHd 2207615287299
I1014 10:53:23.106077 13773 thread.cpp:96] Thread 1052672 construct Actor kNormalForward 2207613190174
I1014 10:53:23.106078 13757 runtime_context.cpp:29] DecreaseCounter constructing_actor_cnt, current val is 706
I1014 10:53:23.106182 13767 runtime_context.cpp:29] DecreaseCounter constructing_actor_cnt, current val is 705
I1014 10:53:23.106237 13775 runtime_context.cpp:29] DecreaseCounter constructing_actor_cnt, current val is 704
I1014 10:53:23.106277 13773 runtime_context.cpp:29] DecreaseCounter constructing_actor_cnt, current val is 703
I1014 10:53:23.106412 13769 naive_actor.cpp:25] actor 2199025352705 switch to &NaiveActor::HandlerNormal
I1014 10:53:23.106472 13769 thread.cpp:96] Thread 1048577 construct Actor kSliceBoxing 2199025352705
I1014 10:53:23.106516 13775 naive_actor.cpp:25] actor 2207615287301 switch to &NaiveActor::HandlerNormal
I1014 10:53:23.106556 13769 runtime_context.cpp:29] DecreaseCounter constructing_actor_cnt, current val is 702
I1014 10:53:23.106559 13775 thread.cpp:96] Thread 1052673 construct Actor kCopyHd 2207615287301
I1014 10:53:23.106693 13775 runtime_context.cpp:29] DecreaseCounter constructing_actor_cnt, current val is 701
I1014 10:53:23.106753 13757 naive_actor.cpp:25] actor 1099614388247 switch to &NaiveActor::HandlerNormal
I1014 10:53:23.106808 13767 naive_actor.cpp:25] actor 2199023255553 switch to &NaiveActor::HandlerNormal
I1014 10:53:23.106837 13757 thread.cpp:96] Thread 524337 construct Actor kTick 1099614388247
I1014 10:53:23.106896 13767 thread.cpp:96] Thread 1048576 construct Actor kNormalForward 2199023255553
I1014 10:53:23.106997 13775 naive_actor.cpp:25] actor 2207615287302 switch to &NaiveActor::HandlerNormal
I1014 10:53:23.107028 13767 runtime_context.cpp:29] DecreaseCounter constructing_actor_cnt, current val is 700
I1014 10:53:23.107054 13775 thread.cpp:96] Thread 1052673 construct Actor kCopyHd 2207615287302
I1014 10:53:23.107053 13757 runtime_context.cpp:29] DecreaseCounter constructing_actor_cnt, current val is 699
I1014 10:53:23.107079 13769 naive_actor.cpp:25] actor 2199025352707 switch to &NaiveActor::HandlerNormal
I1014 10:53:23.107151 13775 runtime_context.cpp:29] DecreaseCounter constructing_actor_cnt, current val is 698
I1014 10:53:23.107228 13769 thread.cpp:96] Thread 1048577 construct Actor kSliceBoxing 2199025352707
I1014 10:53:23.107342 13769 runtime_context.cpp:29] DecreaseCounter constructing_actor_cnt, current val is 697
I1014 10:53:23.107352 13773 naive_actor.cpp:25] actor 2207613190152 switch to &NaiveActor::HandlerNormal
I1014 10:53:23.107420 13773 thread.cpp:96] Thread 1052672 construct Actor kNormalForward 2207613190152
I1014 10:53:23.107491 13773 runtime_context.cpp:29] DecreaseCounter constructing_actor_cnt, current val is 696
I1014 10:53:23.107695 13769 naive_actor.cpp:25] actor 2199025352710 switch to &NaiveActor::HandlerNormal
I1014 10:53:23.107733 13757 naive_actor.cpp:25] actor 1099614388238 switch to &NaiveActor::HandlerNormal
I1014 10:53:23.107697 13767 naive_actor.cpp:25] actor 2199023255558 switch to &NaiveActor::HandlerNormal
I1014 10:53:23.107762 13769 thread.cpp:96] Thread 1048577 construct Actor kCopyHd 2199025352710
I1014 10:53:23.107818 13757 thread.cpp:96] Thread 524337 construct Actor kTick 1099614388238
I1014 10:53:23.107856 13767 thread.cpp:96] Thread 1048576 construct Actor kNormalForward 2199023255558
I1014 10:53:23.107928 13769 runtime_context.cpp:29] DecreaseCounter constructing_actor_cnt, current val is 695
I1014 10:53:23.108070 13757 runtime_context.cpp:29] DecreaseCounter constructing_actor_cnt, current val is 694
I1014 10:53:23.108108 13767 runtime_context.cpp:29] DecreaseCounter constructing_actor_cnt, current val is 693
I1014 10:53:23.108383 13769 naive_actor.cpp:25] actor 2199025352711 switch to &NaiveActor::HandlerNormal
I1014 10:53:23.108443 13769 thread.cpp:96] Thread 1048577 construct Actor kCopyHd 2199025352711
I1014 10:53:23.108506 13769 runtime_context.cpp:29] DecreaseCounter constructing_actor_cnt, current val is 692
I1014 10:53:23.108628 13767 naive_actor.cpp:25] actor 2199023255562 switch to &NaiveActor::HandlerNormal
I1014 10:53:23.108630 13757 naive_actor.cpp:25] actor 1099614388229 switch to &NaiveActor::HandlerNormal
I1014 10:53:23.108695 13767 thread.cpp:96] Thread 1048576 construct Actor kNormalForward 2199023255562
I1014 10:53:23.108752 13757 thread.cpp:96] Thread 524337 construct Actor kSrcSubsetTick 1099614388229
I1014 10:53:23.108753 13773 naive_actor.cpp:25] actor 2207613190153 switch to &NaiveActor::HandlerNormal
I1014 10:53:23.108839 13767 runtime_context.cpp:29] DecreaseCounter constructing_actor_cnt, current val is 691
I1014 10:53:23.108857 13773 thread.cpp:96] Thread 1052672 construct Actor kNormalForward 2207613190153
I1014 10:53:23.108870 13757 runtime_context.cpp:29] DecreaseCounter constructing_actor_cnt, current val is 690
I1014 10:53:23.108970 13773 runtime_context.cpp:29] DecreaseCounter constructing_actor_cnt, current val is 689
I1014 10:53:23.109375 13757 naive_actor.cpp:25] actor 1099614388244 switch to &NaiveActor::HandlerNormal
I1014 10:53:23.109439 13757 thread.cpp:96] Thread 524337 construct Actor kTick 1099614388244
I1014 10:53:23.109524 13757 runtime_context.cpp:29] DecreaseCounter constructing_actor_cnt, current val is 688
I1014 10:53:23.109997 13757 naive_actor.cpp:25] actor 1099614388236 switch to &NaiveActor::HandlerNormal
I1014 10:53:23.110057 13767 naive_actor.cpp:25] actor 2199023255560 switch to &NaiveActor::HandlerNormal
I1014 10:53:23.110059 13757 thread.cpp:96] Thread 524337 construct Actor kTick 1099614388236
I1014 10:53:23.110129 13767 thread.cpp:96] Thread 1048576 construct Actor kNormalForward 2199023255560
I1014 10:53:23.110222 13757 runtime_context.cpp:29] DecreaseCounter constructing_actor_cnt, current val is 687
I1014 10:53:23.110249 13767 runtime_context.cpp:29] DecreaseCounter constructing_actor_cnt, current val is 686
I1014 10:53:23.110327 13773 naive_actor.cpp:25] actor 2207613190164 switch to &NaiveActor::HandlerNormal
I1014 10:53:23.110373 13773 thread.cpp:96] Thread 1052672 construct Actor kNormalForward 2207613190164
I1014 10:53:23.110445 13773 runtime_context.cpp:29] DecreaseCounter constructing_actor_cnt, current val is 685
I1014 10:53:23.110734 13757 naive_actor.cpp:25] actor 1099614388225 switch to &NaiveActor::HandlerNormal
I1014 10:53:23.110795 13757 thread.cpp:96] Thread 524337 construct Actor kDeviceTick 1099614388225
I1014 10:53:23.110884 13757 runtime_context.cpp:29] DecreaseCounter constructing_actor_cnt, current val is 684
I1014 10:53:23.111404 13757 naive_actor.cpp:25] actor 1099614388228 switch to &NaiveActor::HandlerNormal
I1014 10:53:23.111469 13757 thread.cpp:96] Thread 524337 construct Actor kDeviceTick 1099614388228
I1014 10:53:23.111548 13757 runtime_context.cpp:29] DecreaseCounter constructing_actor_cnt, current val is 683
I1014 10:53:23.111680 13773 naive_actor.cpp:25] actor 2207613190155 switch to &NaiveActor::HandlerNormal
I1014 10:53:23.111723 13773 thread.cpp:96] Thread 1052672 construct Actor kNormalForward 2207613190155
I1014 10:53:23.111788 13773 runtime_context.cpp:29] DecreaseCounter constructing_actor_cnt, current val is 682
I1014 10:53:23.111964 13767 naive_actor.cpp:25] actor 2199023255554 switch to &NaiveActor::HandlerNormal
I1014 10:53:23.112036 13767 thread.cpp:96] Thread 1048576 construct Actor kNormalForward 2199023255554
I1014 10:53:23.112073 13757 naive_actor.cpp:25] actor 1099614388227 switch to &NaiveActor::HandlerNormal
I1014 10:53:23.112182 13757 thread.cpp:96] Thread 524337 construct Actor kDeviceTick 1099614388227
I1014 10:53:23.112192 13767 runtime_context.cpp:29] DecreaseCounter constructing_actor_cnt, current val is 681
I1014 10:53:23.112252 13773 naive_actor.cpp:25] actor 2207613190154 switch to &NaiveActor::HandlerNormal
I1014 10:53:23.112278 13757 runtime_context.cpp:29] DecreaseCounter constructing_actor_cnt, current val is 680
I1014 10:53:23.112316 13773 thread.cpp:96] Thread 1052672 construct Actor kNormalForward 2207613190154
I1014 10:53:23.112421 13773 runtime_context.cpp:29] DecreaseCounter constructing_actor_cnt, current val is 679
I1014 10:53:23.112784 13757 naive_actor.cpp:25] actor 1099614388242 switch to &NaiveActor::HandlerNormal
I1014 10:53:23.112843 13757 thread.cpp:96] Thread 524337 construct Actor kSrcSubsetTick 1099614388242
I1014 10:53:23.112929 13757 runtime_context.cpp:29] DecreaseCounter constructing_actor_cnt, current val is 678
I1014 10:53:23.113360 13757 naive_actor.cpp:25] actor 1099614388234 switch to &NaiveActor::HandlerNormal
I1014 10:53:23.113416 13757 thread.cpp:96] Thread 524337 construct Actor kTick 1099614388234
I1014 10:53:23.113515 13757 runtime_context.cpp:29] DecreaseCounter constructing_actor_cnt, current val is 677
I1014 10:53:23.113629 13767 naive_actor.cpp:25] actor 2199023255561 switch to &NaiveActor::HandlerNormal
I1014 10:53:23.113689 13773 naive_actor.cpp:25] actor 2207613190148 switch to &NaiveActor::HandlerNormal
I1014 10:53:23.113690 13767 thread.cpp:96] Thread 1048576 construct Actor kNormalForward 2199023255561
I1014 10:53:23.113740 13773 thread.cpp:96] Thread 1052672 construct Actor kNormalForward 2207613190148
I1014 10:53:23.113852 13767 runtime_context.cpp:29] DecreaseCounter constructing_actor_cnt, current val is 676
I1014 10:53:23.113862 13773 runtime_context.cpp:29] DecreaseCounter constructing_actor_cnt, current val is 675
I1014 10:53:23.114053 13757 naive_actor.cpp:25] actor 1099614388330 switch to &NaiveActor::HandlerNormal
I1014 10:53:23.114117 13757 thread.cpp:96] Thread 524337 construct Actor kTick 1099614388330
I1014 10:53:23.114202 13757 runtime_context.cpp:29] DecreaseCounter constructing_actor_cnt, current val is 674
I1014 10:53:23.114317 13767 naive_actor.cpp:25] actor 2199023255585 switch to &NaiveActor::HandlerNormal
I1014 10:53:23.114385 13767 thread.cpp:96] Thread 1048576 construct Actor kNormalForward 2199023255585
I1014 10:53:23.114467 13767 runtime_context.cpp:29] DecreaseCounter constructing_actor_cnt, current val is 673
I1014 10:53:23.114818 13757 naive_actor.cpp:25] actor 1099614388235 switch to &NaiveActor::HandlerNormal
I1014 10:53:23.114885 13757 thread.cpp:96] Thread 524337 construct Actor kDstSubsetTick 1099614388235
I1014 10:53:23.114965 13773 naive_actor.cpp:25] actor 2207613190144 switch to &NaiveActor::HandlerNormal
I1014 10:53:23.114987 13757 runtime_context.cpp:29] DecreaseCounter constructing_actor_cnt, current val is 672
I1014 10:53:23.115025 13773 thread.cpp:96] Thread 1052672 construct Actor kNormalForward 2207613190144
I1014 10:53:23.115139 13773 runtime_context.cpp:29] DecreaseCounter constructing_actor_cnt, current val is 671
I1014 10:53:23.115612 13757 naive_actor.cpp:25] actor 1099614388245 switch to &NaiveActor::HandlerNormal
I1014 10:53:23.115672 13757 thread.cpp:96] Thread 524337 construct Actor kDstSubsetTick 1099614388245
I1014 10:53:23.115764 13757 runtime_context.cpp:29] DecreaseCounter constructing_actor_cnt, current val is 670
I1014 10:53:23.115859 13767 naive_actor.cpp:25] actor 2199023255556 switch to &NaiveActor::HandlerNormal
I1014 10:53:23.115929 13767 thread.cpp:96] Thread 1048576 construct Actor kNormalForward 2199023255556
I1014 10:53:23.116024 13767 runtime_context.cpp:29] DecreaseCounter constructing_actor_cnt, current val is 669
I1014 10:53:23.116289 13757 naive_actor.cpp:25] actor 1099614388224 switch to &NaiveActor::HandlerNormal
I1014 10:53:23.116377 13757 thread.cpp:96] Thread 524337 construct Actor kDeviceTick 1099614388224
I1014 10:53:23.116633 13757 runtime_context.cpp:29] DecreaseCounter constructing_actor_cnt, current val is 668
I1014 10:53:23.117202 13757 naive_actor.cpp:25] actor 1099614388246 switch to &NaiveActor::HandlerNormal
I1014 10:53:23.117266 13773 naive_actor.cpp:25] actor 2207613190159 switch to &NaiveActor::HandlerNormal
I1014 10:53:23.117269 13757 thread.cpp:96] Thread 524337 construct Actor kTick 1099614388246
I1014 10:53:23.117321 13773 thread.cpp:96] Thread 1052672 construct Actor kNormalForward 2207613190159
I1014 10:53:23.117406 13757 runtime_context.cpp:29] DecreaseCounter constructing_actor_cnt, current val is 667
I1014 10:53:23.117432 13773 runtime_context.cpp:29] DecreaseCounter constructing_actor_cnt, current val is 666
