I1013 15:26:54.113770 23185 thread.cpp:96] Thread 1048576 construct Actor kNormalForward 2199023255725
I1013 15:26:54.113806 23185 runtime_context.cpp:29] DecreaseCounter constructing_actor_cnt, current val is 95
I1013 15:26:54.113988 23185 naive_actor.cpp:25] actor 2199023255717 switch to &NaiveActor::HandlerNormal
I1013 15:26:54.114024 23185 thread.cpp:96] Thread 1048576 construct Actor kNormalForward 2199023255717
I1013 15:26:54.114061 23185 runtime_context.cpp:29] DecreaseCounter constructing_actor_cnt, current val is 94
I1013 15:26:54.114243 23185 naive_actor.cpp:25] actor 2199023255719 switch to &NaiveActor::HandlerNormal
I1013 15:26:54.114279 23185 thread.cpp:96] Thread 1048576 construct Actor kNormalForward 2199023255719
I1013 15:26:54.114315 23185 runtime_context.cpp:29] DecreaseCounter constructing_actor_cnt, current val is 93
I1013 15:26:54.114485 23185 naive_actor.cpp:25] actor 2199023255722 switch to &NaiveActor::HandlerNormal
I1013 15:26:54.114522 23185 thread.cpp:96] Thread 1048576 construct Actor kNormalForward 2199023255722
I1013 15:26:54.114558 23185 runtime_context.cpp:29] DecreaseCounter constructing_actor_cnt, current val is 92
I1013 15:26:54.114733 23185 naive_actor.cpp:25] actor 2199023255729 switch to &NaiveActor::HandlerNormal
I1013 15:26:54.114770 23185 thread.cpp:96] Thread 1048576 construct Actor kNormalForward 2199023255729
I1013 15:26:54.114807 23185 runtime_context.cpp:29] DecreaseCounter constructing_actor_cnt, current val is 91
I1013 15:26:54.114977 23185 naive_actor.cpp:25] actor 2199023255730 switch to &NaiveActor::HandlerNormal
I1013 15:26:54.115015 23185 thread.cpp:96] Thread 1048576 construct Actor kNormalForward 2199023255730
I1013 15:26:54.115051 23185 runtime_context.cpp:29] DecreaseCounter constructing_actor_cnt, current val is 90
I1013 15:26:54.115221 23185 naive_actor.cpp:25] actor 2199023255726 switch to &NaiveActor::HandlerNormal
I1013 15:26:54.115243 23185 thread.cpp:96] Thread 1048576 construct Actor kNormalForward 2199023255726
I1013 15:26:54.115276 23185 runtime_context.cpp:29] DecreaseCounter constructing_actor_cnt, current val is 89
I1013 15:26:54.115463 23185 naive_actor.cpp:25] actor 2199023255723 switch to &NaiveActor::HandlerNormal
I1013 15:26:54.115501 23185 thread.cpp:96] Thread 1048576 construct Actor kNormalForward 2199023255723
I1013 15:26:54.115537 23185 runtime_context.cpp:29] DecreaseCounter constructing_actor_cnt, current val is 88
I1013 15:26:54.115715 23185 naive_actor.cpp:25] actor 2199023255720 switch to &NaiveActor::HandlerNormal
I1013 15:26:54.115772 23185 thread.cpp:96] Thread 1048576 construct Actor kNormalForward 2199023255720
I1013 15:26:54.115813 23185 runtime_context.cpp:29] DecreaseCounter constructing_actor_cnt, current val is 87
I1013 15:26:54.116003 23185 naive_actor.cpp:25] actor 2199023255728 switch to &NaiveActor::HandlerNormal
I1013 15:26:54.116042 23185 thread.cpp:96] Thread 1048576 construct Actor kNormalForward 2199023255728
I1013 15:26:54.116080 23185 runtime_context.cpp:29] DecreaseCounter constructing_actor_cnt, current val is 86
I1013 15:26:54.116250 23185 naive_actor.cpp:25] actor 2199023255721 switch to &NaiveActor::HandlerNormal
I1013 15:26:54.116286 23185 thread.cpp:96] Thread 1048576 construct Actor kNormalForward 2199023255721
I1013 15:26:54.116322 23185 runtime_context.cpp:29] DecreaseCounter constructing_actor_cnt, current val is 85
I1013 15:26:54.116490 23185 naive_actor.cpp:25] actor 2199023255727 switch to &NaiveActor::HandlerNormal
I1013 15:26:54.116528 23185 thread.cpp:96] Thread 1048576 construct Actor kNormalForward 2199023255727
I1013 15:26:54.116575 23185 runtime_context.cpp:29] DecreaseCounter constructing_actor_cnt, current val is 84
I1013 15:26:54.116761 23185 naive_actor.cpp:25] actor 2199023255732 switch to &NaiveActor::HandlerNormal
I1013 15:26:54.116799 23185 thread.cpp:96] Thread 1048576 construct Actor kNormalForward 2199023255732
I1013 15:26:54.116837 23185 runtime_context.cpp:29] DecreaseCounter constructing_actor_cnt, current val is 83
I1013 15:26:54.117000 23185 naive_actor.cpp:25] actor 2199023255735 switch to &NaiveActor::HandlerNormal
I1013 15:26:54.117038 23185 thread.cpp:96] Thread 1048576 construct Actor kNormalForward 2199023255735
I1013 15:26:54.117074 23185 runtime_context.cpp:29] DecreaseCounter constructing_actor_cnt, current val is 82
I1013 15:26:54.117254 23185 naive_actor.cpp:25] actor 2199023255737 switch to &NaiveActor::HandlerNormal
I1013 15:26:54.117291 23185 thread.cpp:96] Thread 1048576 construct Actor kDeviceTick 2199023255737
I1013 15:26:54.117338 23185 runtime_context.cpp:29] DecreaseCounter constructing_actor_cnt, current val is 81
I1013 15:26:54.117506 23185 naive_actor.cpp:25] actor 2199023255731 switch to &NaiveActor::HandlerNormal
I1013 15:26:54.117543 23185 thread.cpp:96] Thread 1048576 construct Actor kNormalForward 2199023255731
I1013 15:26:54.117591 23185 runtime_context.cpp:29] DecreaseCounter constructing_actor_cnt, current val is 80
I1013 15:26:54.117775 23185 naive_actor.cpp:25] actor 2199023255718 switch to &NaiveActor::HandlerNormal
I1013 15:26:54.117797 23185 thread.cpp:96] Thread 1048576 construct Actor kNormalForward 2199023255718
I1013 15:26:54.117832 23185 runtime_context.cpp:29] DecreaseCounter constructing_actor_cnt, current val is 79
I1013 15:26:54.118012 23185 naive_actor.cpp:25] actor 2199023255734 switch to &NaiveActor::HandlerNormal
I1013 15:26:54.118048 23185 thread.cpp:96] Thread 1048576 construct Actor kNormalForward 2199023255734
I1013 15:26:54.118096 23185 runtime_context.cpp:29] DecreaseCounter constructing_actor_cnt, current val is 78
I1013 15:26:54.118269 23185 naive_actor.cpp:25] actor 2199023255733 switch to &NaiveActor::HandlerNormal
I1013 15:26:54.118307 23185 thread.cpp:96] Thread 1048576 construct Actor kNormalForward 2199023255733
I1013 15:26:54.118343 23185 runtime_context.cpp:29] DecreaseCounter constructing_actor_cnt, current val is 77
I1013 15:26:54.119455 23185 naive_actor.cpp:25] actor 2199023255736 switch to &NaiveActor::HandlerNormal
I1013 15:26:54.119496 23185 thread.cpp:96] Thread 1048576 construct Actor kNormalForward 2199023255736
I1013 15:26:54.119603 23185 runtime_context.cpp:29] DecreaseCounter constructing_actor_cnt, current val is 76
I1013 15:26:54.119803 23185 naive_actor.cpp:25] actor 2199023255741 switch to &NaiveActor::HandlerNormal
I1013 15:26:54.119840 23185 thread.cpp:96] Thread 1048576 construct Actor kNormalForward 2199023255741
I1013 15:26:54.119879 23185 runtime_context.cpp:29] DecreaseCounter constructing_actor_cnt, current val is 75
I1013 15:26:54.120050 23185 naive_actor.cpp:25] actor 2199023255753 switch to &NaiveActor::HandlerNormal
I1013 15:26:54.120108 23185 thread.cpp:96] Thread 1048576 construct Actor kNormalForward 2199023255753
I1013 15:26:54.120151 23185 runtime_context.cpp:29] DecreaseCounter constructing_actor_cnt, current val is 74
I1013 15:26:54.120324 23185 naive_actor.cpp:25] actor 2199023255756 switch to &NaiveActor::HandlerNormal
I1013 15:26:54.120364 23185 thread.cpp:96] Thread 1048576 construct Actor kNormalForward 2199023255756
I1013 15:26:54.120402 23185 runtime_context.cpp:29] DecreaseCounter constructing_actor_cnt, current val is 73
I1013 15:26:54.120595 23185 naive_actor.cpp:25] actor 2199023255772 switch to &NaiveActor::HandlerNormal
I1013 15:26:54.120632 23185 thread.cpp:96] Thread 1048576 construct Actor kNormalForward 2199023255772
I1013 15:26:54.120669 23185 runtime_context.cpp:29] DecreaseCounter constructing_actor_cnt, current val is 72
I1013 15:26:54.120839 23185 naive_actor.cpp:25] actor 2199023255740 switch to &NaiveActor::HandlerNormal
I1013 15:26:54.120875 23185 thread.cpp:96] Thread 1048576 construct Actor kNormalForward 2199023255740
I1013 15:26:54.120913 23185 runtime_context.cpp:29] DecreaseCounter constructing_actor_cnt, current val is 71
I1013 15:26:54.121094 23185 naive_actor.cpp:25] actor 2199023255744 switch to &NaiveActor::HandlerNormal
I1013 15:26:54.121130 23185 thread.cpp:96] Thread 1048576 construct Actor kNormalForward 2199023255744
I1013 15:26:54.121167 23185 runtime_context.cpp:29] DecreaseCounter constructing_actor_cnt, current val is 70
I1013 15:26:54.121348 23185 naive_actor.cpp:25] actor 2199023255742 switch to &NaiveActor::HandlerNormal
I1013 15:26:54.121384 23185 thread.cpp:96] Thread 1048576 construct Actor kNormalForward 2199023255742
I1013 15:26:54.121420 23185 runtime_context.cpp:29] DecreaseCounter constructing_actor_cnt, current val is 69
I1013 15:26:54.121619 23185 naive_actor.cpp:25] actor 2199023255752 switch to &NaiveActor::HandlerNormal
I1013 15:26:54.121660 23185 thread.cpp:96] Thread 1048576 construct Actor kNormalForward 2199023255752
I1013 15:26:54.121696 23185 runtime_context.cpp:29] DecreaseCounter constructing_actor_cnt, current val is 68
I1013 15:26:54.121865 23185 naive_actor.cpp:25] actor 2199023255745 switch to &NaiveActor::HandlerNormal
I1013 15:26:54.121903 23185 thread.cpp:96] Thread 1048576 construct Actor kNormalForward 2199023255745
I1013 15:26:54.121940 23185 runtime_context.cpp:29] DecreaseCounter constructing_actor_cnt, current val is 67
I1013 15:26:54.122109 23185 naive_actor.cpp:25] actor 2199023255749 switch to &NaiveActor::HandlerNormal
I1013 15:26:54.122145 23185 thread.cpp:96] Thread 1048576 construct Actor kNormalForward 2199023255749
I1013 15:26:54.122181 23185 runtime_context.cpp:29] DecreaseCounter constructing_actor_cnt, current val is 66
I1013 15:26:54.122366 23185 naive_actor.cpp:25] actor 2199023255747 switch to &NaiveActor::HandlerNormal
I1013 15:26:54.122402 23185 thread.cpp:96] Thread 1048576 construct Actor kNormalForward 2199023255747
I1013 15:26:54.122438 23185 runtime_context.cpp:29] DecreaseCounter constructing_actor_cnt, current val is 65
I1013 15:26:54.122660 23185 naive_actor.cpp:25] actor 2199023255751 switch to &NaiveActor::HandlerNormal
I1013 15:26:54.122697 23185 thread.cpp:96] Thread 1048576 construct Actor kNormalForward 2199023255751
I1013 15:26:54.122735 23185 runtime_context.cpp:29] DecreaseCounter constructing_actor_cnt, current val is 64
I1013 15:26:54.122931 23185 naive_actor.cpp:25] actor 2199023255748 switch to &NaiveActor::HandlerNormal
I1013 15:26:54.122967 23185 thread.cpp:96] Thread 1048576 construct Actor kNormalForward 2199023255748
I1013 15:26:54.123003 23185 runtime_context.cpp:29] DecreaseCounter constructing_actor_cnt, current val is 63
I1013 15:26:54.123170 23185 naive_actor.cpp:25] actor 2199023255746 switch to &NaiveActor::HandlerNormal
I1013 15:26:54.123205 23185 thread.cpp:96] Thread 1048576 construct Actor kNormalForward 2199023255746
I1013 15:26:54.123241 23185 runtime_context.cpp:29] DecreaseCounter constructing_actor_cnt, current val is 62
I1013 15:26:54.123420 23185 naive_actor.cpp:25] actor 2199023255755 switch to &NaiveActor::HandlerNormal
I1013 15:26:54.123477 23185 thread.cpp:96] Thread 1048576 construct Actor kNormalForward 2199023255755
I1013 15:26:54.123517 23185 runtime_context.cpp:29] DecreaseCounter constructing_actor_cnt, current val is 61
I1013 15:26:54.123695 23185 naive_actor.cpp:25] actor 2199023255739 switch to &NaiveActor::HandlerNormal
I1013 15:26:54.123736 23185 thread.cpp:96] Thread 1048576 construct Actor kNormalForward 2199023255739
I1013 15:26:54.123773 23185 runtime_context.cpp:29] DecreaseCounter constructing_actor_cnt, current val is 60
I1013 15:26:54.123952 23185 naive_actor.cpp:25] actor 2199023255750 switch to &NaiveActor::HandlerNormal
I1013 15:26:54.123988 23185 thread.cpp:96] Thread 1048576 construct Actor kNormalForward 2199023255750
I1013 15:26:54.124023 23185 runtime_context.cpp:29] DecreaseCounter constructing_actor_cnt, current val is 59
I1013 15:26:54.124203 23185 naive_actor.cpp:25] actor 2199023255743 switch to &NaiveActor::HandlerNormal
I1013 15:26:54.124239 23185 thread.cpp:96] Thread 1048576 construct Actor kNormalForward 2199023255743
I1013 15:26:54.124275 23185 runtime_context.cpp:29] DecreaseCounter constructing_actor_cnt, current val is 58
I1013 15:26:54.124457 23185 naive_actor.cpp:25] actor 2199023255760 switch to &NaiveActor::HandlerNormal
I1013 15:26:54.124492 23185 thread.cpp:96] Thread 1048576 construct Actor kNormalForward 2199023255760
I1013 15:26:54.124528 23185 runtime_context.cpp:29] DecreaseCounter constructing_actor_cnt, current val is 57
I1013 15:26:54.124711 23185 naive_actor.cpp:25] actor 2199023255758 switch to &NaiveActor::HandlerNormal
I1013 15:26:54.124733 23185 thread.cpp:96] Thread 1048576 construct Actor kNormalForward 2199023255758
I1013 15:26:54.124768 23185 runtime_context.cpp:29] DecreaseCounter constructing_actor_cnt, current val is 56
I1013 15:26:54.124936 23185 naive_actor.cpp:25] actor 2199023255757 switch to &NaiveActor::HandlerNormal
I1013 15:26:54.124958 23185 thread.cpp:96] Thread 1048576 construct Actor kNormalForward 2199023255757
I1013 15:26:54.124991 23185 runtime_context.cpp:29] DecreaseCounter constructing_actor_cnt, current val is 55
I1013 15:26:54.125159 23185 naive_actor.cpp:25] actor 2199023255768 switch to &NaiveActor::HandlerNormal
I1013 15:26:54.125180 23185 thread.cpp:96] Thread 1048576 construct Actor kNormalForward 2199023255768
I1013 15:26:54.125212 23185 runtime_context.cpp:29] DecreaseCounter constructing_actor_cnt, current val is 54
I1013 15:26:54.125380 23185 naive_actor.cpp:25] actor 2199023255766 switch to &NaiveActor::HandlerNormal
I1013 15:26:54.125401 23185 thread.cpp:96] Thread 1048576 construct Actor kNormalForward 2199023255766
I1013 15:26:54.125433 23185 runtime_context.cpp:29] DecreaseCounter constructing_actor_cnt, current val is 53
I1013 15:26:54.125609 23185 naive_actor.cpp:25] actor 2199023255759 switch to &NaiveActor::HandlerNormal
I1013 15:26:54.125630 23185 thread.cpp:96] Thread 1048576 construct Actor kNormalForward 2199023255759
I1013 15:26:54.125663 23185 runtime_context.cpp:29] DecreaseCounter constructing_actor_cnt, current val is 52
I1013 15:26:54.125830 23185 naive_actor.cpp:25] actor 2199023255761 switch to &NaiveActor::HandlerNormal
I1013 15:26:54.125851 23185 thread.cpp:96] Thread 1048576 construct Actor kNormalForward 2199023255761
I1013 15:26:54.125885 23185 runtime_context.cpp:29] DecreaseCounter constructing_actor_cnt, current val is 51
I1013 15:26:54.126057 23185 naive_actor.cpp:25] actor 2199023255771 switch to &NaiveActor::HandlerNormal
I1013 15:26:54.126078 23185 thread.cpp:96] Thread 1048576 construct Actor kNormalForward 2199023255771
I1013 15:26:54.126111 23185 runtime_context.cpp:29] DecreaseCounter constructing_actor_cnt, current val is 50
I1013 15:26:54.126281 23185 naive_actor.cpp:25] actor 2199023255770 switch to &NaiveActor::HandlerNormal
I1013 15:26:54.126302 23185 thread.cpp:96] Thread 1048576 construct Actor kNormalForward 2199023255770
I1013 15:26:54.126335 23185 runtime_context.cpp:29] DecreaseCounter constructing_actor_cnt, current val is 49
I1013 15:26:54.126530 23185 naive_actor.cpp:25] actor 2199023255763 switch to &NaiveActor::HandlerNormal
I1013 15:26:54.126575 23185 thread.cpp:96] Thread 1048576 construct Actor kNormalForward 2199023255763
I1013 15:26:54.126613 23185 runtime_context.cpp:29] DecreaseCounter constructing_actor_cnt, current val is 48
I1013 15:26:54.126782 23185 naive_actor.cpp:25] actor 2199023255767 switch to &NaiveActor::HandlerNormal
I1013 15:26:54.126803 23185 thread.cpp:96] Thread 1048576 construct Actor kNormalForward 2199023255767
I1013 15:26:54.126837 23185 runtime_context.cpp:29] DecreaseCounter constructing_actor_cnt, current val is 47
I1013 15:26:54.127008 23185 naive_actor.cpp:25] actor 2199023255769 switch to &NaiveActor::HandlerNormal
I1013 15:26:54.127029 23185 thread.cpp:96] Thread 1048576 construct Actor kNormalForward 2199023255769
I1013 15:26:54.127063 23185 runtime_context.cpp:29] DecreaseCounter constructing_actor_cnt, current val is 46
I1013 15:26:54.127230 23185 naive_actor.cpp:25] actor 2199023255762 switch to &NaiveActor::HandlerNormal
I1013 15:26:54.127251 23185 thread.cpp:96] Thread 1048576 construct Actor kNormalForward 2199023255762
I1013 15:26:54.127285 23185 runtime_context.cpp:29] DecreaseCounter constructing_actor_cnt, current val is 45
I1013 15:26:54.127450 23185 naive_actor.cpp:25] actor 2199023255764 switch to &NaiveActor::HandlerNormal
I1013 15:26:54.127471 23185 thread.cpp:96] Thread 1048576 construct Actor kNormalForward 2199023255764
I1013 15:26:54.127504 23185 runtime_context.cpp:29] DecreaseCounter constructing_actor_cnt, current val is 44
I1013 15:26:54.127684 23185 naive_actor.cpp:25] actor 2199023255765 switch to &NaiveActor::HandlerNormal
I1013 15:26:54.127705 23185 thread.cpp:96] Thread 1048576 construct Actor kNormalForward 2199023255765
I1013 15:26:54.127738 23185 runtime_context.cpp:29] DecreaseCounter constructing_actor_cnt, current val is 43
I1013 15:26:54.127908 23185 naive_actor.cpp:25] actor 2199023255773 switch to &NaiveActor::HandlerNormal
I1013 15:26:54.127929 23185 thread.cpp:96] Thread 1048576 construct Actor kNormalForward 2199023255773
I1013 15:26:54.127962 23185 runtime_context.cpp:29] DecreaseCounter constructing_actor_cnt, current val is 42
I1013 15:26:54.128129 23185 naive_actor.cpp:25] actor 2199023255754 switch to &NaiveActor::HandlerNormal
I1013 15:26:54.128149 23185 thread.cpp:96] Thread 1048576 construct Actor kNormalForward 2199023255754
I1013 15:26:54.128182 23185 runtime_context.cpp:29] DecreaseCounter constructing_actor_cnt, current val is 41
I1013 15:26:54.128350 23185 naive_actor.cpp:25] actor 2199023255774 switch to &NaiveActor::HandlerNormal
I1013 15:26:54.128371 23185 thread.cpp:96] Thread 1048576 construct Actor kNormalForward 2199023255774
I1013 15:26:54.128403 23185 runtime_context.cpp:29] DecreaseCounter constructing_actor_cnt, current val is 40
I1013 15:26:54.128592 23185 naive_actor.cpp:25] actor 2199023255776 switch to &NaiveActor::HandlerNormal
I1013 15:26:54.128614 23185 thread.cpp:96] Thread 1048576 construct Actor kDeviceTick 2199023255776
I1013 15:26:54.128646 23185 runtime_context.cpp:29] DecreaseCounter constructing_actor_cnt, current val is 39
I1013 15:26:54.129777 23185 naive_actor.cpp:25] actor 2199023255775 switch to &NaiveActor::HandlerNormal
I1013 15:26:54.129801 23185 thread.cpp:96] Thread 1048576 construct Actor kNormalForward 2199023255775
I1013 15:26:54.129899 23185 runtime_context.cpp:29] DecreaseCounter constructing_actor_cnt, current val is 38
I1013 15:26:54.130085 23185 naive_actor.cpp:25] actor 2199023255788 switch to &NaiveActor::HandlerNormal
I1013 15:26:54.130107 23185 thread.cpp:96] Thread 1048576 construct Actor kNormalForward 2199023255788
I1013 15:26:54.130142 23185 runtime_context.cpp:29] DecreaseCounter constructing_actor_cnt, current val is 37
I1013 15:26:54.130314 23185 naive_actor.cpp:25] actor 2199023255789 switch to &NaiveActor::HandlerNormal
I1013 15:26:54.130335 23185 thread.cpp:96] Thread 1048576 construct Actor kNormalForward 2199023255789
I1013 15:26:54.130369 23185 runtime_context.cpp:29] DecreaseCounter constructing_actor_cnt, current val is 36
I1013 15:26:54.130573 23185 naive_actor.cpp:25] actor 2199023255808 switch to &NaiveActor::HandlerNormal
I1013 15:26:54.130612 23185 thread.cpp:96] Thread 1048576 construct Actor kNormalForward 2199023255808
I1013 15:26:54.130650 23185 runtime_context.cpp:29] DecreaseCounter constructing_actor_cnt, current val is 35
I1013 15:26:54.130823 23185 naive_actor.cpp:25] actor 2199023255784 switch to &NaiveActor::HandlerNormal
I1013 15:26:54.130844 23185 thread.cpp:96] Thread 1048576 construct Actor kNormalForward 2199023255784
I1013 15:26:54.130878 23185 runtime_context.cpp:29] DecreaseCounter constructing_actor_cnt, current val is 34
I1013 15:26:54.131072 23185 naive_actor.cpp:25] actor 2199023255778 switch to &NaiveActor::HandlerNormal
I1013 15:26:54.131093 23185 thread.cpp:96] Thread 1048576 construct Actor kNormalForward 2199023255778
I1013 15:26:54.131127 23185 runtime_context.cpp:29] DecreaseCounter constructing_actor_cnt, current val is 33
I1013 15:26:54.131294 23185 naive_actor.cpp:25] actor 2199023255790 switch to &NaiveActor::HandlerNormal
I1013 15:26:54.131314 23185 thread.cpp:96] Thread 1048576 construct Actor kNormalForward 2199023255790
I1013 15:26:54.131348 23185 runtime_context.cpp:29] DecreaseCounter constructing_actor_cnt, current val is 32
I1013 15:26:54.131518 23185 naive_actor.cpp:25] actor 2199023255783 switch to &NaiveActor::HandlerNormal
I1013 15:26:54.131539 23185 thread.cpp:96] Thread 1048576 construct Actor kNormalForward 2199023255783
I1013 15:26:54.131580 23185 runtime_context.cpp:29] DecreaseCounter constructing_actor_cnt, current val is 31
I1013 15:26:54.131747 23185 naive_actor.cpp:25] actor 2199023255780 switch to &NaiveActor::HandlerNormal
I1013 15:26:54.131768 23185 thread.cpp:96] Thread 1048576 construct Actor kNormalForward 2199023255780
I1013 15:26:54.131801 23185 runtime_context.cpp:29] DecreaseCounter constructing_actor_cnt, current val is 30
I1013 15:26:54.131968 23185 naive_actor.cpp:25] actor 2199023255779 switch to &NaiveActor::HandlerNormal
I1013 15:26:54.131989 23185 thread.cpp:96] Thread 1048576 construct Actor kNormalForward 2199023255779
I1013 15:26:54.132022 23185 runtime_context.cpp:29] DecreaseCounter constructing_actor_cnt, current val is 29
I1013 15:26:54.132194 23185 naive_actor.cpp:25] actor 2199023255786 switch to &NaiveActor::HandlerNormal
I1013 15:26:54.132215 23185 thread.cpp:96] Thread 1048576 construct Actor kNormalForward 2199023255786
I1013 15:26:54.132248 23185 runtime_context.cpp:29] DecreaseCounter constructing_actor_cnt, current val is 28
I1013 15:26:54.132417 23185 naive_actor.cpp:25] actor 2199023255785 switch to &NaiveActor::HandlerNormal
I1013 15:26:54.132438 23185 thread.cpp:96] Thread 1048576 construct Actor kNormalForward 2199023255785
I1013 15:26:54.132472 23185 runtime_context.cpp:29] DecreaseCounter constructing_actor_cnt, current val is 27
I1013 15:26:54.132644 23185 naive_actor.cpp:25] actor 2199023255787 switch to &NaiveActor::HandlerNormal
I1013 15:26:54.132666 23185 thread.cpp:96] Thread 1048576 construct Actor kNormalForward 2199023255787
I1013 15:26:54.132699 23185 runtime_context.cpp:29] DecreaseCounter constructing_actor_cnt, current val is 26
I1013 15:26:54.132869 23185 naive_actor.cpp:25] actor 2199023255792 switch to &NaiveActor::HandlerNormal
I1013 15:26:54.132889 23185 thread.cpp:96] Thread 1048576 construct Actor kNormalForward 2199023255792
I1013 15:26:54.132922 23185 runtime_context.cpp:29] DecreaseCounter constructing_actor_cnt, current val is 25
I1013 15:26:54.133095 23185 naive_actor.cpp:25] actor 2199023255791 switch to &NaiveActor::HandlerNormal
I1013 15:26:54.133116 23185 thread.cpp:96] Thread 1048576 construct Actor kNormalForward 2199023255791
I1013 15:26:54.133149 23185 runtime_context.cpp:29] DecreaseCounter constructing_actor_cnt, current val is 24
I1013 15:26:54.133317 23185 naive_actor.cpp:25] actor 2199023255794 switch to &NaiveActor::HandlerNormal
I1013 15:26:54.133338 23185 thread.cpp:96] Thread 1048576 construct Actor kNormalForward 2199023255794
I1013 15:26:54.133371 23185 runtime_context.cpp:29] DecreaseCounter constructing_actor_cnt, current val is 23
I1013 15:26:54.133561 23185 naive_actor.cpp:25] actor 2199023255781 switch to &NaiveActor::HandlerNormal
I1013 15:26:54.133605 23185 thread.cpp:96] Thread 1048576 construct Actor kNormalForward 2199023255781
I1013 15:26:54.133643 23185 runtime_context.cpp:29] DecreaseCounter constructing_actor_cnt, current val is 22
I1013 15:26:54.133817 23185 naive_actor.cpp:25] actor 2199023255782 switch to &NaiveActor::HandlerNormal
I1013 15:26:54.133839 23185 thread.cpp:96] Thread 1048576 construct Actor kNormalForward 2199023255782
I1013 15:26:54.133872 23185 runtime_context.cpp:29] DecreaseCounter constructing_actor_cnt, current val is 21
I1013 15:26:54.134040 23185 naive_actor.cpp:25] actor 2199023255797 switch to &NaiveActor::HandlerNormal
I1013 15:26:54.134061 23185 thread.cpp:96] Thread 1048576 construct Actor kNormalForward 2199023255797
I1013 15:26:54.134094 23185 runtime_context.cpp:29] DecreaseCounter constructing_actor_cnt, current val is 20
I1013 15:26:54.134261 23185 naive_actor.cpp:25] actor 2199023255805 switch to &NaiveActor::HandlerNormal
I1013 15:26:54.134282 23185 thread.cpp:96] Thread 1048576 construct Actor kNormalForward 2199023255805
I1013 15:26:54.134315 23185 runtime_context.cpp:29] DecreaseCounter constructing_actor_cnt, current val is 19
I1013 15:26:54.134481 23185 naive_actor.cpp:25] actor 2199023255799 switch to &NaiveActor::HandlerNormal
I1013 15:26:54.134502 23185 thread.cpp:96] Thread 1048576 construct Actor kNormalForward 2199023255799
I1013 15:26:54.134536 23185 runtime_context.cpp:29] DecreaseCounter constructing_actor_cnt, current val is 18
I1013 15:26:54.134711 23185 naive_actor.cpp:25] actor 2199023255796 switch to &NaiveActor::HandlerNormal
I1013 15:26:54.134732 23185 thread.cpp:96] Thread 1048576 construct Actor kNormalForward 2199023255796
I1013 15:26:54.134764 23185 runtime_context.cpp:29] DecreaseCounter constructing_actor_cnt, current val is 17
I1013 15:26:54.134932 23185 naive_actor.cpp:25] actor 2199023255804 switch to &NaiveActor::HandlerNormal
I1013 15:26:54.134951 23185 thread.cpp:96] Thread 1048576 construct Actor kNormalForward 2199023255804
I1013 15:26:54.134984 23185 runtime_context.cpp:29] DecreaseCounter constructing_actor_cnt, current val is 16
I1013 15:26:54.135152 23185 naive_actor.cpp:25] actor 2199023255795 switch to &NaiveActor::HandlerNormal
I1013 15:26:54.135174 23185 thread.cpp:96] Thread 1048576 construct Actor kNormalForward 2199023255795
I1013 15:26:54.135206 23185 runtime_context.cpp:29] DecreaseCounter constructing_actor_cnt, current val is 15
I1013 15:26:54.135373 23185 naive_actor.cpp:25] actor 2199023255798 switch to &NaiveActor::HandlerNormal
I1013 15:26:54.135394 23185 thread.cpp:96] Thread 1048576 construct Actor kNormalForward 2199023255798
I1013 15:26:54.135427 23185 runtime_context.cpp:29] DecreaseCounter constructing_actor_cnt, current val is 14
I1013 15:26:54.135601 23185 naive_actor.cpp:25] actor 2199023255809 switch to &NaiveActor::HandlerNormal
I1013 15:26:54.135622 23185 thread.cpp:96] Thread 1048576 construct Actor kNormalForward 2199023255809
I1013 15:26:54.135654 23185 runtime_context.cpp:29] DecreaseCounter constructing_actor_cnt, current val is 13
I1013 15:26:54.135823 23185 naive_actor.cpp:25] actor 2199023255803 switch to &NaiveActor::HandlerNormal
I1013 15:26:54.135843 23185 thread.cpp:96] Thread 1048576 construct Actor kNormalForward 2199023255803
I1013 15:26:54.135875 23185 runtime_context.cpp:29] DecreaseCounter constructing_actor_cnt, current val is 12
I1013 15:26:54.136044 23185 naive_actor.cpp:25] actor 2199023255802 switch to &NaiveActor::HandlerNormal
I1013 15:26:54.136065 23185 thread.cpp:96] Thread 1048576 construct Actor kNormalForward 2199023255802
I1013 15:26:54.136101 23185 runtime_context.cpp:29] DecreaseCounter constructing_actor_cnt, current val is 11
I1013 15:26:54.136267 23185 naive_actor.cpp:25] actor 2199023255801 switch to &NaiveActor::HandlerNormal
I1013 15:26:54.136288 23185 thread.cpp:96] Thread 1048576 construct Actor kNormalForward 2199023255801
I1013 15:26:54.136343 23185 runtime_context.cpp:29] DecreaseCounter constructing_actor_cnt, current val is 10
I1013 15:26:54.136528 23185 naive_actor.cpp:25] actor 2199023255807 switch to &NaiveActor::HandlerNormal
I1013 15:26:54.136574 23185 thread.cpp:96] Thread 1048576 construct Actor kNormalForward 2199023255807
I1013 15:26:54.136611 23185 runtime_context.cpp:29] DecreaseCounter constructing_actor_cnt, current val is 9
I1013 15:26:54.136778 23185 naive_actor.cpp:25] actor 2199023255806 switch to &NaiveActor::HandlerNormal
I1013 15:26:54.136799 23185 thread.cpp:96] Thread 1048576 construct Actor kNormalForward 2199023255806
I1013 15:26:54.136832 23185 runtime_context.cpp:29] DecreaseCounter constructing_actor_cnt, current val is 8
I1013 15:26:54.137002 23185 naive_actor.cpp:25] actor 2199023255800 switch to &NaiveActor::HandlerNormal
I1013 15:26:54.137024 23185 thread.cpp:96] Thread 1048576 construct Actor kNormalForward 2199023255800
I1013 15:26:54.137058 23185 runtime_context.cpp:29] DecreaseCounter constructing_actor_cnt, current val is 7
I1013 15:26:54.137226 23185 naive_actor.cpp:25] actor 2199023255812 switch to &NaiveActor::HandlerNormal
I1013 15:26:54.137248 23185 thread.cpp:96] Thread 1048576 construct Actor kNormalForward 2199023255812
I1013 15:26:54.137280 23185 runtime_context.cpp:29] DecreaseCounter constructing_actor_cnt, current val is 6
I1013 15:26:54.137447 23185 naive_actor.cpp:25] actor 2199023255793 switch to &NaiveActor::HandlerNormal
I1013 15:26:54.137468 23185 thread.cpp:96] Thread 1048576 construct Actor kNormalForward 2199023255793
I1013 15:26:54.137501 23185 runtime_context.cpp:29] DecreaseCounter constructing_actor_cnt, current val is 5
I1013 15:26:54.137683 23185 naive_actor.cpp:25] actor 2199023255810 switch to &NaiveActor::HandlerNormal
I1013 15:26:54.137704 23185 thread.cpp:96] Thread 1048576 construct Actor kNormalForward 2199023255810
I1013 15:26:54.137738 23185 runtime_context.cpp:29] DecreaseCounter constructing_actor_cnt, current val is 4
I1013 15:26:54.137909 23185 naive_actor.cpp:25] actor 2199023255813 switch to &NaiveActor::HandlerNormal
I1013 15:26:54.137930 23185 thread.cpp:96] Thread 1048576 construct Actor kNormalForward 2199023255813
I1013 15:26:54.137964 23185 runtime_context.cpp:29] DecreaseCounter constructing_actor_cnt, current val is 3
I1013 15:26:54.138144 23185 naive_actor.cpp:25] actor 2199023255815 switch to &NaiveActor::HandlerNormal
I1013 15:26:54.138164 23185 thread.cpp:96] Thread 1048576 construct Actor kDeviceTick 2199023255815
I1013 15:26:54.138197 23185 runtime_context.cpp:29] DecreaseCounter constructing_actor_cnt, current val is 2
I1013 15:26:54.138365 23185 naive_actor.cpp:25] actor 2199023255811 switch to &NaiveActor::HandlerNormal
I1013 15:26:54.138386 23185 thread.cpp:96] Thread 1048576 construct Actor kNormalForward 2199023255811
I1013 15:26:54.138419 23185 runtime_context.cpp:29] DecreaseCounter constructing_actor_cnt, current val is 1
I1013 15:26:54.139562 23185 naive_actor.cpp:25] actor 2199023255814 switch to &NaiveActor::HandlerNormal
I1013 15:26:54.139593 23185 thread.cpp:96] Thread 1048576 construct Actor kNormalForward 2199023255814
I1013 15:26:54.139696 23185 runtime_context.cpp:29] DecreaseCounter constructing_actor_cnt, current val is 0
I1013 15:26:54.141167 22532 runtime.cpp:93] Actors on this machine constructed
I1013 15:26:54.141223 22532 runtime.cpp:95] Actors on every machine constructed
I1013 15:26:54.141253 22532 runtime_context.cpp:21] NewCounter job_5_running_actor_count 41
I1013 15:26:54.141274 22532 runtime_context.cpp:21] NewCounter job_4_running_actor_count 16
I1013 15:26:54.141291 22532 runtime_context.cpp:21] NewCounter job_3_running_actor_count 51
I1013 15:26:54.141310 22532 runtime_context.cpp:21] NewCounter job_2_running_actor_count 51
I1013 15:26:54.141326 22532 runtime_context.cpp:21] NewCounter job_0_running_actor_count 179
I1013 15:26:54.141343 22532 runtime_context.cpp:21] NewCounter job_1_running_actor_count 50
I1013 15:26:54.141427 23161 wait_and_send_ids_actor.cpp:73] actor 1099616485376 switch to &WaitAndSendIdsActor::HandlerNormal
I1013 15:26:54.141688 22532 global.h:36] NewGlobal N7oneflow7JobDescE
I1013 15:26:54.168674 22532 global.h:43] DeleteGlobal N7oneflow7JobDescE
I1013 15:27:03.282757 22532 global.h:43] DeleteGlobal N7oneflow7OneflowE
I1013 15:27:03.283200 23161 actor.cpp:411] actor 1099616485376 switch to &Actor::HandlerZombie
I1013 15:27:03.283275 23160 actor.cpp:411] actor 1099614388283 switch to &Actor::HandlerZombie
I1013 15:27:03.283308 23161 thread.cpp:76] thread 524338 deconstruct actor 1099616485376
I1013 15:27:03.283362 23160 actor.cpp:408] actor 1099614388284 switch to nullptr
I1013 15:27:03.283406 23160 thread.cpp:76] thread 524337 deconstruct actor 1099614388284
I1013 15:27:03.283710 23161 runtime_context.cpp:29] DecreaseCounter job_5_running_actor_count, current val is 40
I1013 15:27:03.283876 23160 runtime_context.cpp:29] DecreaseCounter job_5_running_actor_count, current val is 39
I1013 15:27:03.283918 23160 actor.cpp:408] actor 1099614388309 switch to nullptr
I1013 15:27:03.283936 23160 thread.cpp:76] thread 524337 deconstruct actor 1099614388309
I1013 15:27:03.284081 23160 runtime_context.cpp:29] DecreaseCounter job_5_running_actor_count, current val is 38
I1013 15:27:03.284112 23160 actor.cpp:408] actor 1099614388289 switch to nullptr
I1013 15:27:03.284128 23160 thread.cpp:76] thread 524337 deconstruct actor 1099614388289
I1013 15:27:03.284262 23160 runtime_context.cpp:29] DecreaseCounter job_5_running_actor_count, current val is 37
I1013 15:27:03.284291 23160 actor.cpp:408] actor 1099614388285 switch to nullptr
I1013 15:27:03.284307 23160 thread.cpp:76] thread 524337 deconstruct actor 1099614388285
I1013 15:27:03.284437 23160 runtime_context.cpp:29] DecreaseCounter job_5_running_actor_count, current val is 36
I1013 15:27:03.284464 23160 actor.cpp:408] actor 1099614388293 switch to nullptr
I1013 15:27:03.284480 23160 thread.cpp:76] thread 524337 deconstruct actor 1099614388293
I1013 15:27:03.284621 23160 runtime_context.cpp:29] DecreaseCounter job_5_running_actor_count, current val is 35
I1013 15:27:03.284652 23160 actor.cpp:408] actor 1099614388297 switch to nullptr
I1013 15:27:03.284668 23160 thread.cpp:76] thread 524337 deconstruct actor 1099614388297
I1013 15:27:03.284793 23160 runtime_context.cpp:29] DecreaseCounter job_5_running_actor_count, current val is 34
I1013 15:27:03.284819 23160 actor.cpp:408] actor 1099614388301 switch to nullptr
I1013 15:27:03.284834 23160 thread.cpp:76] thread 524337 deconstruct actor 1099614388301
I1013 15:27:03.284950 23160 runtime_context.cpp:29] DecreaseCounter job_5_running_actor_count, current val is 33
I1013 15:27:03.284977 23160 actor.cpp:408] actor 1099614388305 switch to nullptr
I1013 15:27:03.284993 23160 thread.cpp:76] thread 524337 deconstruct actor 1099614388305
I1013 15:27:03.285118 23160 runtime_context.cpp:29] DecreaseCounter job_5_running_actor_count, current val is 32
I1013 15:27:03.285145 23160 actor.cpp:408] actor 1099614388310 switch to nullptr
I1013 15:27:03.285161 23160 thread.cpp:76] thread 524337 deconstruct actor 1099614388310
I1013 15:27:03.285285 23160 runtime_context.cpp:29] DecreaseCounter job_5_running_actor_count, current val is 31
I1013 15:27:03.285310 23160 actor.cpp:408] actor 1099614388290 switch to nullptr
I1013 15:27:03.285326 23160 thread.cpp:76] thread 524337 deconstruct actor 1099614388290
I1013 15:27:03.285451 23160 runtime_context.cpp:29] DecreaseCounter job_5_running_actor_count, current val is 30
I1013 15:27:03.285477 23160 actor.cpp:408] actor 1099614388286 switch to nullptr
I1013 15:27:03.285492 23160 thread.cpp:76] thread 524337 deconstruct actor 1099614388286
I1013 15:27:03.285629 23160 runtime_context.cpp:29] DecreaseCounter job_5_running_actor_count, current val is 29
I1013 15:27:03.285655 23160 actor.cpp:408] actor 1099614388294 switch to nullptr
I1013 15:27:03.285671 23160 thread.cpp:76] thread 524337 deconstruct actor 1099614388294
I1013 15:27:03.285794 23160 runtime_context.cpp:29] DecreaseCounter job_5_running_actor_count, current val is 28
I1013 15:27:03.285820 23160 actor.cpp:408] actor 1099614388298 switch to nullptr
I1013 15:27:03.285969 23160 thread.cpp:76] thread 524337 deconstruct actor 1099614388298
I1013 15:27:03.286118 23160 runtime_context.cpp:29] DecreaseCounter job_5_running_actor_count, current val is 27
I1013 15:27:03.286171 23160 actor.cpp:408] actor 1099614388302 switch to nullptr
I1013 15:27:03.286191 23160 thread.cpp:76] thread 524337 deconstruct actor 1099614388302
I1013 15:27:03.286315 23160 runtime_context.cpp:29] DecreaseCounter job_5_running_actor_count, current val is 26
I1013 15:27:03.286346 23160 actor.cpp:408] actor 1099614388306 switch to nullptr
I1013 15:27:03.286361 23160 thread.cpp:76] thread 524337 deconstruct actor 1099614388306
I1013 15:27:03.286479 23160 runtime_context.cpp:29] DecreaseCounter job_5_running_actor_count, current val is 25
I1013 15:27:03.286509 23160 actor.cpp:408] actor 1099614388279 switch to nullptr
I1013 15:27:03.286525 23160 thread.cpp:76] thread 524337 deconstruct actor 1099614388279
I1013 15:27:03.286669 23160 runtime_context.cpp:29] DecreaseCounter job_4_running_actor_count, current val is 15
I1013 15:27:03.286700 23160 actor.cpp:408] actor 1099614388236 switch to nullptr
I1013 15:27:03.286716 23160 thread.cpp:76] thread 524337 deconstruct actor 1099614388236
I1013 15:27:03.286847 23160 runtime_context.cpp:29] DecreaseCounter job_0_running_actor_count, current val is 178
I1013 15:27:03.286876 23160 actor.cpp:408] actor 1099614388228 switch to nullptr
I1013 15:27:03.286892 23160 thread.cpp:76] thread 524337 deconstruct actor 1099614388228
I1013 15:27:03.287019 23160 runtime_context.cpp:29] DecreaseCounter job_0_running_actor_count, current val is 177
I1013 15:27:03.287048 23160 actor.cpp:408] actor 1099614388245 switch to nullptr
I1013 15:27:03.287063 23160 thread.cpp:76] thread 524337 deconstruct actor 1099614388245
I1013 15:27:03.287190 23160 runtime_context.cpp:29] DecreaseCounter job_1_running_actor_count, current val is 49
I1013 15:27:03.287220 23160 actor.cpp:408] actor 1099614388254 switch to nullptr
I1013 15:27:03.287235 23160 thread.cpp:76] thread 524337 deconstruct actor 1099614388254
I1013 15:27:03.287358 23160 runtime_context.cpp:29] DecreaseCounter job_2_running_actor_count, current val is 50
I1013 15:27:03.287385 23160 actor.cpp:408] actor 1099614388263 switch to nullptr
I1013 15:27:03.287401 23160 thread.cpp:76] thread 524337 deconstruct actor 1099614388263
I1013 15:27:03.287524 23160 runtime_context.cpp:29] DecreaseCounter job_3_running_actor_count, current val is 50
I1013 15:27:03.287550 23160 actor.cpp:408] actor 1099614388271 switch to nullptr
I1013 15:27:03.287575 23160 thread.cpp:76] thread 524337 deconstruct actor 1099614388271
I1013 15:27:03.287699 23160 runtime_context.cpp:29] DecreaseCounter job_4_running_actor_count, current val is 14
I1013 15:27:03.287727 23160 actor.cpp:408] actor 1099614388277 switch to nullptr
I1013 15:27:03.287744 23160 thread.cpp:76] thread 524337 deconstruct actor 1099614388277
I1013 15:27:03.287861 23160 runtime_context.cpp:29] DecreaseCounter job_4_running_actor_count, current val is 13
I1013 15:27:03.287889 23160 actor.cpp:408] actor 1099614388234 switch to nullptr
I1013 15:27:03.287905 23160 thread.cpp:76] thread 524337 deconstruct actor 1099614388234
I1013 15:27:03.288030 23160 runtime_context.cpp:29] DecreaseCounter job_0_running_actor_count, current val is 176
I1013 15:27:03.288069 23160 actor.cpp:408] actor 1099614388225 switch to nullptr
I1013 15:27:03.288087 23160 thread.cpp:76] thread 524337 deconstruct actor 1099614388225
I1013 15:27:03.288228 23160 runtime_context.cpp:29] DecreaseCounter job_0_running_actor_count, current val is 175
I1013 15:27:03.288228 23185 actor.cpp:408] actor 2199023255698 switch to nullptr
I1013 15:27:03.288285 23160 actor.cpp:408] actor 1099614388242 switch to nullptr
I1013 15:27:03.288321 23185 thread.cpp:76] thread 1048576 deconstruct actor 2199023255698
I1013 15:27:03.288340 23160 thread.cpp:76] thread 524337 deconstruct actor 1099614388242
I1013 15:27:03.288514 23160 runtime_context.cpp:29] DecreaseCounter job_1_running_actor_count, current val is 48
I1013 15:27:03.288525 23185 runtime_context.cpp:29] DecreaseCounter job_0_running_actor_count, current val is 174
I1013 15:27:03.288553 23160 actor.cpp:408] actor 1099614388251 switch to nullptr
I1013 15:27:03.288669 23160 thread.cpp:76] thread 524337 deconstruct actor 1099614388251
I1013 15:27:03.288676 23185 actor.cpp:408] actor 2199023255737 switch to nullptr
I1013 15:27:03.288719 23185 thread.cpp:76] thread 1048576 deconstruct actor 2199023255737
I1013 15:27:03.288820 23160 runtime_context.cpp:29] DecreaseCounter job_2_running_actor_count, current val is 49
I1013 15:27:03.288856 23160 actor.cpp:408] actor 1099614388260 switch to nullptr
I1013 15:27:03.288872 23160 thread.cpp:76] thread 524337 deconstruct actor 1099614388260
I1013 15:27:03.288898 23185 runtime_context.cpp:29] DecreaseCounter job_1_running_actor_count, current val is 47
I1013 15:27:03.288952 23185 actor.cpp:408] actor 2199023255691 switch to nullptr
I1013 15:27:03.288973 23185 thread.cpp:76] thread 1048576 deconstruct actor 2199023255691
I1013 15:27:03.288996 23160 runtime_context.cpp:29] DecreaseCounter job_3_running_actor_count, current val is 49
I1013 15:27:03.289023 23160 actor.cpp:408] actor 1099614388268 switch to nullptr
I1013 15:27:03.289039 23160 thread.cpp:76] thread 524337 deconstruct actor 1099614388268
I1013 15:27:03.289110 23185 runtime_context.cpp:29] DecreaseCounter job_0_running_actor_count, current val is 173
I1013 15:27:03.289152 23185 actor.cpp:408] actor 2199023255685 switch to nullptr
I1013 15:27:03.289156 23160 runtime_context.cpp:29] DecreaseCounter job_4_running_actor_count, current val is 12
I1013 15:27:03.289176 23185 thread.cpp:76] thread 1048576 deconstruct actor 2199023255685
I1013 15:27:03.289208 23160 actor.cpp:411] actor 1099614388280 switch to &Actor::HandlerZombie
I1013 15:27:03.289266 23160 actor.cpp:408] actor 1099614388275 switch to nullptr
I1013 15:27:03.289285 23160 thread.cpp:76] thread 524337 deconstruct actor 1099614388275
I1013 15:27:03.289322 23159 actor.cpp:411] actor 1099555667968 switch to &Actor::HandlerZombie
I1013 15:27:03.289345 23158 actor.cpp:411] actor 1099553570816 switch to &Actor::HandlerZombie
I1013 15:27:03.289430 23160 runtime_context.cpp:29] DecreaseCounter job_4_running_actor_count, current val is 11
I1013 15:27:03.289402 23159 thread.cpp:76] thread 524309 deconstruct actor 1099555667968
I1013 15:27:03.289366 23185 runtime_context.cpp:29] DecreaseCounter job_0_running_actor_count, current val is 172
I1013 15:27:03.289471 23160 actor.cpp:411] actor 1099614388237 switch to &Actor::HandlerZombie
I1013 15:27:03.289530 23185 actor.cpp:408] actor 2199023255683 switch to nullptr
I1013 15:27:03.289543 23160 actor.cpp:408] actor 1099614388232 switch to nullptr
I1013 15:27:03.289558 23185 thread.cpp:76] thread 1048576 deconstruct actor 2199023255683
I1013 15:27:03.289590 23160 thread.cpp:76] thread 524337 deconstruct actor 1099614388232
I1013 15:27:03.289633 23159 runtime_context.cpp:29] DecreaseCounter job_4_running_actor_count, current val is 10
I1013 15:27:03.289646 23143 actor.cpp:411] actor 1099522113536 switch to &Actor::HandlerZombie
I1013 15:27:03.289732 23185 runtime_context.cpp:29] DecreaseCounter job_0_running_actor_count, current val is 171
I1013 15:27:03.289762 23160 runtime_context.cpp:29] DecreaseCounter job_0_running_actor_count, current val is 170
I1013 15:27:03.289803 23185 actor.cpp:408] actor 2199023255681 switch to nullptr
I1013 15:27:03.289813 23160 actor.cpp:411] actor 1099614388229 switch to &Actor::HandlerZombie
I1013 15:27:03.289829 23185 thread.cpp:76] thread 1048576 deconstruct actor 2199023255681
I1013 15:27:03.289877 23160 actor.cpp:408] actor 1099614388224 switch to nullptr
I1013 15:27:03.289897 23160 thread.cpp:76] thread 524337 deconstruct actor 1099614388224
I1013 15:27:03.289984 23185 runtime_context.cpp:29] DecreaseCounter job_0_running_actor_count, current val is 169
I1013 15:27:03.290024 23138 actor.cpp:408] actor 1099511627776 switch to nullptr
I1013 15:27:03.289991 23144 actor.cpp:408] actor 1099524210688 switch to nullptr
I1013 15:27:03.290053 23185 actor.cpp:408] actor 2199023255675 switch to nullptr
I1013 15:27:03.290072 23160 runtime_context.cpp:29] DecreaseCounter job_0_running_actor_count, current val is 168
I1013 15:27:03.290081 23138 thread.cpp:76] thread 524288 deconstruct actor 1099511627776
I1013 15:27:03.290122 23144 thread.cpp:76] thread 524294 deconstruct actor 1099524210688
I1013 15:27:03.290326 23148 actor.cpp:408] actor 1099532599296 switch to nullptr
I1013 15:27:03.290212 23160 actor.cpp:411] actor 1099614388246 switch to &Actor::HandlerZombie
I1013 15:27:03.290505 23144 runtime_context.cpp:29] DecreaseCounter job_0_running_actor_count, current val is 167
I1013 15:27:03.290205 23142 actor.cpp:408] actor 1099520016384 switch to nullptr
I1013 15:27:03.290607 23142 thread.cpp:76] thread 524292 deconstruct actor 1099520016384
I1013 15:27:03.290622 23149 actor.cpp:408] actor 1099534696448 switch to nullptr
I1013 15:27:03.290220 23145 actor.cpp:408] actor 1099526307840 switch to nullptr
I1013 15:27:03.290220 23147 actor.cpp:411] actor 1099530502144 switch to &Actor::HandlerZombie
I1013 15:27:03.290290 23140 actor.cpp:408] actor 1099515822080 switch to nullptr
I1013 15:27:03.290818 23140 thread.cpp:76] thread 524290 deconstruct actor 1099515822080
I1013 15:27:03.290294 23139 actor.cpp:408] actor 1099513724928 switch to nullptr
I1013 15:27:03.290181 23185 thread.cpp:76] thread 1048576 deconstruct actor 2199023255675
I1013 15:27:03.290900 23139 thread.cpp:76] thread 524289 deconstruct actor 1099513724928
I1013 15:27:03.290357 23146 actor.cpp:408] actor 1099528404992 switch to nullptr
I1013 15:27:03.290380 23187 actor.cpp:408] actor 2199025352705 switch to nullptr
I1013 15:27:03.291038 23185 runtime_context.cpp:29] DecreaseCounter job_0_running_actor_count, current val is 165
I1013 15:27:03.291056 23187 thread.cpp:76] thread 1048577 deconstruct actor 2199025352705
I1013 15:27:03.290503 23148 thread.cpp:76] thread 524298 deconstruct actor 1099532599296
I1013 15:27:03.290539 23160 actor.cpp:408] actor 1099614388241 switch to nullptr
I1013 15:27:03.291158 23160 thread.cpp:76] thread 524337 deconstruct actor 1099614388241
I1013 15:27:03.291164 23187 runtime_context.cpp:29] DecreaseCounter job_0_running_actor_count, current val is 162
I1013 15:27:03.290208 23141 actor.cpp:408] actor 1099517919232 switch to nullptr
I1013 15:27:03.291229 23141 thread.cpp:76] thread 524291 deconstruct actor 1099517919232
I1013 15:27:03.290726 23145 thread.cpp:76] thread 524295 deconstruct actor 1099526307840
I1013 15:27:03.290771 23147 thread.cpp:76] thread 524297 deconstruct actor 1099530502144
I1013 15:27:03.290865 23142 runtime_context.cpp:29] DecreaseCounter job_0_running_actor_count, current val is 166
I1013 15:27:03.291018 23146 thread.cpp:76] thread 524296 deconstruct actor 1099528404992
I1013 15:27:03.291085 23185 actor.cpp:408] actor 2199023255673 switch to nullptr
I1013 15:27:03.291538 23185 thread.cpp:76] thread 1048576 deconstruct actor 2199023255673
I1013 15:27:03.291103 23140 runtime_context.cpp:29] DecreaseCounter job_0_running_actor_count, current val is 164
I1013 15:27:03.291174 23139 runtime_context.cpp:29] DecreaseCounter job_0_running_actor_count, current val is 163
I1013 15:27:03.291623 23147 runtime_context.cpp:29] DecreaseCounter job_0_running_actor_count, current val is 157
I1013 15:27:03.290671 23151 actor.cpp:408] actor 1099538890752 switch to nullptr
I1013 15:27:03.291208 23187 actor.cpp:408] actor 2199025352704 switch to nullptr
I1013 15:27:03.290673 23149 thread.cpp:76] thread 524299 deconstruct actor 1099534696448
I1013 15:27:03.291286 23160 runtime_context.cpp:29] DecreaseCounter job_1_running_actor_count, current val is 46
I1013 15:27:03.291904 23160 actor.cpp:411] actor 1099614388255 switch to &Actor::HandlerZombie
I1013 15:27:03.291939 23149 runtime_context.cpp:29] DecreaseCounter job_1_running_actor_count, current val is 45
I1013 15:27:03.291961 23160 actor.cpp:408] actor 1099614388250 switch to nullptr
I1013 15:27:03.291987 23160 thread.cpp:76] thread 524337 deconstruct actor 1099614388250
I1013 15:27:03.291620 23148 runtime_context.cpp:29] DecreaseCounter job_0_running_actor_count, current val is 158
I1013 15:27:03.291622 23138 runtime_context.cpp:29] DecreaseCounter job_0_running_actor_count, current val is 159
I1013 15:27:03.292165 23160 runtime_context.cpp:29] DecreaseCounter job_2_running_actor_count, current val is 48
I1013 15:27:03.291688 23185 runtime_context.cpp:29] DecreaseCounter job_0_running_actor_count, current val is 156
I1013 15:27:03.291733 23146 runtime_context.cpp:29] DecreaseCounter job_0_running_actor_count, current val is 155
I1013 15:27:03.291738 23151 thread.cpp:76] thread 524301 deconstruct actor 1099538890752
I1013 15:27:03.291769 23187 thread.cpp:76] thread 1048577 deconstruct actor 2199025352704
I1013 15:27:03.291453 23141 runtime_context.cpp:29] DecreaseCounter job_0_running_actor_count, current val is 161
I1013 15:27:03.292398 23187 runtime_context.cpp:29] DecreaseCounter job_0_running_actor_count, current val is 154
I1013 15:27:03.292032 23152 actor.cpp:408] actor 1099540987904 switch to nullptr
I1013 15:27:03.292471 23152 thread.cpp:76] thread 524302 deconstruct actor 1099540987904
I1013 15:27:03.292032 23153 actor.cpp:408] actor 1099543085056 switch to nullptr
I1013 15:27:03.292083 23154 actor.cpp:411] actor 1099545182208 switch to &Actor::HandlerZombie
I1013 15:27:03.290644 23150 actor.cpp:408] actor 1099536793600 switch to nullptr
I1013 15:27:03.292232 23160 actor.cpp:411] actor 1099614388264 switch to &Actor::HandlerZombie
I1013 15:27:03.292266 23185 actor.cpp:408] actor 2199023255671 switch to nullptr
I1013 15:27:03.292690 23160 actor.cpp:408] actor 1099614388259 switch to nullptr
I1013 15:27:03.292703 23185 thread.cpp:76] thread 1048576 deconstruct actor 2199023255671
I1013 15:27:03.292454 23187 actor.cpp:408] actor 2199025352707 switch to nullptr
I1013 15:27:03.292735 23155 actor.cpp:408] actor 1099547279360 switch to nullptr
I1013 15:27:03.292585 23154 thread.cpp:76] thread 524304 deconstruct actor 1099545182208
I1013 15:27:03.292634 23152 runtime_context.cpp:29] DecreaseCounter job_2_running_actor_count, current val is 47
I1013 15:27:03.292639 23150 thread.cpp:76] thread 524300 deconstruct actor 1099536793600
I1013 15:27:03.292400 23151 runtime_context.cpp:29] DecreaseCounter job_1_running_actor_count, current val is 44
I1013 15:27:03.291497 23145 runtime_context.cpp:29] DecreaseCounter job_0_running_actor_count, current val is 160
