Log file created at: 2021/10/12 13:51:11
Running on machine: oneflow-14
Log line format: [IWEF]mmdd hh:mm:ss.uuuuuu threadid file:line] msg
I1012 13:51:11.070873 15453 global.h:36] NewGlobal 14cudaDeviceProp
I1012 13:51:11.071593 15453 global.h:36] NewGlobal N7oneflow7EnvDescE
I1012 13:51:11.071611 15453 global.h:36] NewGlobal N7oneflow10ProcessCtxE
I1012 13:51:11.071619 15453 env_global_objects_scope.cpp:152] using rpc backend: local
I1012 13:51:11.071676 15453 global.h:36] NewGlobal N7oneflow12ResourceDescE
I1012 13:51:11.071686 15453 global.h:36] NewGlobal N7oneflow12ResourceDescE
I1012 13:51:11.130251 15453 global.h:36] NewGlobal N7oneflow10ThreadPoolE
I1012 13:51:11.131245 15453 global.h:36] NewGlobal N7oneflow16EagerNcclCommMgrE
I1012 13:51:11.131259 15453 global.h:36] NewGlobal N7oneflow18CudnnConvAlgoCacheE
I1012 13:51:11.131266 15453 global.h:36] NewGlobal N7oneflow2vm19VirtualMachineScopeE
I1012 13:51:11.131273 15453 global.h:36] NewGlobal N7oneflow9OneflowVME
I1012 13:51:11.131963 15453 oneflow_vm.cpp:75] transport stream type: N7oneflow2vm13CpuStreamTypeE
I1012 13:51:11.131976 15453 oneflow_vm.cpp:75] transport stream type: N7oneflow2vm14CudaStreamTypeE
I1012 13:51:11.131983 15453 oneflow_vm.cpp:75] transport stream type: N7oneflow2vm19AsyncCudaStreamTypeE
I1012 13:51:11.132084 15453 global.h:36] NewGlobal N7oneflow27EagerJobBuildAndInferCtxMgrE
I1012 13:51:11.132097 15453 global.h:36] NewGlobal N7oneflow12EpollCommNetE
I1012 13:51:11.132225 15453 epoll_comm_network.cpp:63] CommNet:Epoll listening on 0.0.0.0:46697
I1012 13:51:11.132256 15453 epoll_comm_network.cpp:197] machine 0 sockfd -1
I1012 13:51:11.132344 15453 global.h:36] NewGlobal N7oneflow9TransportE
I1012 13:51:11.133683 15453 global.h:43] DeleteGlobal N7oneflow12ResourceDescE
I1012 13:51:11.133718 15453 version.cpp:22] OneFlow git version: b295ca2324
I1012 13:51:11.133733 15453 device_register_gpu.cpp:56] CUDA runtime version: 11.2
I1012 13:51:11.133769 15453 device_register_gpu.cpp:65] cuDNN version: 8.1.1
I1012 13:51:11.133780 15453 device_register_gpu.cpp:78] NCCL version: 2.9.8
I1012 13:51:11.133786 15453 global.h:36] NewGlobal N7oneflow12ResourceDescE
I1012 13:51:11.133792 15453 global.h:36] NewGlobal N7oneflow5IDMgrE
I1012 13:51:11.133798 15453 global.h:36] NewGlobal N7oneflow16AvailableMemDescE
I1012 13:51:11.133821 15453 global.h:36] NewGlobal St13unordered_mapISslSt4hashISsESt8equal_toISsESaISt4pairIKSslEEE
I1012 13:51:11.133826 15453 global.h:36] NewGlobal N7oneflow19CriticalSectionDescE
I1012 13:51:11.133831 15453 global.h:36] NewGlobal N7oneflow16InterUserJobInfoE
I1012 13:51:11.133838 15453 global.h:36] NewGlobal N7oneflow26LazyJobBuildAndInferCtxMgrE
I1012 13:51:11.133843 15453 global.h:36] NewGlobal N7oneflow16JobSetCompileCtxE
I1012 13:51:11.133849 15453 global.h:36] NewGlobal N7oneflow26RuntimeBufferManagersScopeE
I1012 13:51:11.133855 15453 global.h:36] NewGlobal N7oneflow9BufferMgrIlEE
I1012 13:51:11.133860 15453 global.h:36] NewGlobal N7oneflow9BufferMgrISt10shared_ptrINS_11JobInstanceEEEE
I1012 13:51:11.133867 15453 global.h:36] NewGlobal N7oneflow10RuntimeCtxE
I1012 13:51:11.133872 15453 global.h:36] NewGlobal N7oneflow15MemoryAllocatorE
I1012 13:51:11.133877 15453 global.h:36] NewGlobal N7oneflow8ChunkMgrE
I1012 13:51:11.133882 15453 global.h:36] NewGlobal N7oneflow8RegstMgrE
I1012 13:51:11.133888 15453 global.h:36] NewGlobal N7oneflow11ActorMsgBusE
I1012 13:51:11.133893 15453 global.h:36] NewGlobal N7oneflow9ThreadMgrE
I1012 13:51:11.133898 15453 global.h:36] NewGlobal N7oneflow15RuntimeJobDescsE
I1012 13:51:11.133903 15453 global.h:36] NewGlobal N7oneflow7summary12EventsWriterE
I1012 13:51:11.133910 15453 global.h:36] NewGlobal N7oneflow6boxing10collective24CollectiveBoxingExecutorE
I1012 13:51:11.133916 15453 global.h:36] NewGlobal N7oneflow6boxing10collective31CollectiveBoxingDeviceCtxPollerE
I1012 13:51:11.134028 15453 session.h:77] NewGlobal N7oneflow25SessionGlobalObjectsScopeE
I1012 13:51:11.134675 15453 global.h:36] NewGlobal N7oneflow7JobDescE
I1012 13:51:11.583456 15453 global.h:43] DeleteGlobal N7oneflow7JobDescE
I1012 13:51:11.583756 15453 global.h:36] NewGlobal N7oneflow7JobDescE
I1012 13:51:11.587152 15453 global.h:36] NewGlobal N7oneflow7OpGraphE
I1012 13:51:11.593799 15453 global.h:43] DeleteGlobal N7oneflow7OpGraphE
I1012 13:51:11.908006 15453 global.h:43] DeleteGlobal N7oneflow7JobDescE
I1012 13:51:11.927331 15453 global.h:36] NewGlobal N7oneflow24InterJobReuseMemStrategyE
I1012 13:51:11.927397 15453 global.h:36] NewGlobal N7oneflow7OneflowE
I1012 13:51:11.941488 15453 global.h:36] NewGlobal N7oneflow7JobDescE
I1012 13:51:12.210537 15453 insert_nccl_logical_op_pass.cpp:663]  Try insert nccl logical ops into job: train_job. Begin...
I1012 13:51:12.211324 15453 insert_nccl_logical_op_pass.cpp:432]  insert nccl op: System-NCCL-Logical-S2B-107 from: [IdentityN_5](order=0, nd_sbp=[S(0)])->[ParallelCast_6](order=2, nd_sbp=[B]) and before: [System-Boxing-Identity-86](order=1)
I1012 13:51:12.211414 15453 insert_nccl_logical_op_pass.cpp:432]  insert nccl op: System-NCCL-Logical-S2B-108 from: [IdentityN_5](order=0, nd_sbp=[S(0)])->[ParallelCast_11](order=3, nd_sbp=[B]) and before: [System-Boxing-Identity-86](order=1)
I1012 13:51:12.211606 15453 insert_nccl_logical_op_pass.cpp:432]  insert nccl op: System-NCCL-Logical-S2S-109 from: [Gather_12](order=5, nd_sbp=[S(2)])->[Reshape_14](order=7, nd_sbp=[S(0)]) and before: [Reshape_8](order=6)
I1012 13:51:12.211736 15453 insert_nccl_logical_op_pass.cpp:432]  insert nccl op: System-NCCL-Logical-P2S-110 from: [ReduceSum_9](order=8, nd_sbp=[P])->[AddN_16](order=33, nd_sbp=[S(0)]) and before: [Concat_15](order=9)
I1012 13:51:12.212167 15453 insert_nccl_logical_op_pass.cpp:432]  insert nccl op: System-NCCL-Logical-S2B-111 from: [SigmoidCrossEntropy_17_grad](order=37, nd_sbp=[S(0)])->[ReduceSum_9_grad](order=42, nd_sbp=[B]) and before: [ScalarMul_19](order=38)
I1012 13:51:12.212266 15453 insert_nccl_logical_op_pass.cpp:432]  insert nccl op: System-NCCL-Logical-P2B-112 from: [deep_scores-bias_add_grad](order=39, nd_sbp=[P])->[System-ModelDiffScale-ScalarMul_74](order=43, nd_sbp=[B]) and before: [deep_scores-matmul_grad_b](order=40)
I1012 13:51:12.212345 15453 insert_nccl_logical_op_pass.cpp:432]  insert nccl op: System-NCCL-Logical-P2B-113 from: [deep_scores-matmul_grad_b](order=40, nd_sbp=[P])->[System-ModelDiffScale-ScalarMul_70](order=44, nd_sbp=[B]) and before: [deep_scores-matmul_grad_a](order=41)
I1012 13:51:12.212508 15453 insert_nccl_logical_op_pass.cpp:432]  insert nccl op: System-NCCL-Logical-P2B-114 from: [fc6-matmul_grad_b](order=49, nd_sbp=[P])->[System-ModelDiffScale-ScalarMul_64](order=53, nd_sbp=[B]) and before: [fc6-bias_add_grad](order=50)
I1012 13:51:12.212591 15453 insert_nccl_logical_op_pass.cpp:432]  insert nccl op: System-NCCL-Logical-P2B-115 from: [fc6-bias_add_grad](order=50, nd_sbp=[P])->[System-ModelDiffScale-ScalarMul_63](order=54, nd_sbp=[B]) and before: [fc6-matmul_grad_a](order=51)
I1012 13:51:12.212754 15453 insert_nccl_logical_op_pass.cpp:432]  insert nccl op: System-NCCL-Logical-P2B-116 from: [fc5-matmul_grad_b](order=59, nd_sbp=[P])->[System-ModelDiffScale-ScalarMul_59](order=63, nd_sbp=[B]) and before: [fc5-bias_add_grad](order=60)
I1012 13:51:12.212831 15453 insert_nccl_logical_op_pass.cpp:432]  insert nccl op: System-NCCL-Logical-P2B-117 from: [fc5-bias_add_grad](order=60, nd_sbp=[P])->[System-ModelDiffScale-ScalarMul_62](order=64, nd_sbp=[B]) and before: [fc5-matmul_grad_a](order=61)
I1012 13:51:12.212942 15453 insert_nccl_logical_op_pass.cpp:432]  insert nccl op: System-NCCL-Logical-P2B-118 from: [fc4-matmul_grad_b](order=68, nd_sbp=[P])->[System-ModelDiffScale-ScalarMul_68](order=71, nd_sbp=[B]) and before: [fc4-bias_add_grad](order=69)
I1012 13:51:12.213014 15453 insert_nccl_logical_op_pass.cpp:432]  insert nccl op: System-NCCL-Logical-P2B-119 from: [fc4-bias_add_grad](order=69, nd_sbp=[P])->[System-ModelDiffScale-ScalarMul_73](order=72, nd_sbp=[B]) and before: [fc4-matmul_grad_a](order=70)
I1012 13:51:12.213133 15453 insert_nccl_logical_op_pass.cpp:432]  insert nccl op: System-NCCL-Logical-P2B-120 from: [fc3-matmul_grad_b](order=76, nd_sbp=[P])->[System-ModelDiffScale-ScalarMul_58](order=79, nd_sbp=[B]) and before: [fc3-bias_add_grad](order=77)
I1012 13:51:12.213335 15453 insert_nccl_logical_op_pass.cpp:432]  insert nccl op: System-NCCL-Logical-P2B-121 from: [fc3-bias_add_grad](order=77, nd_sbp=[P])->[System-ModelDiffScale-ScalarMul_71](order=80, nd_sbp=[B]) and before: [fc3-matmul_grad_a](order=78)
I1012 13:51:12.213518 15453 insert_nccl_logical_op_pass.cpp:432]  insert nccl op: System-NCCL-Logical-P2B-122 from: [fc2-matmul_grad_b](order=84, nd_sbp=[P])->[System-ModelDiffScale-ScalarMul_67](order=87, nd_sbp=[B]) and before: [fc2-bias_add_grad](order=85)
I1012 13:51:12.213591 15453 insert_nccl_logical_op_pass.cpp:432]  insert nccl op: System-NCCL-Logical-P2B-123 from: [fc2-bias_add_grad](order=85, nd_sbp=[P])->[System-ModelDiffScale-ScalarMul_60](order=88, nd_sbp=[B]) and before: [fc2-matmul_grad_a](order=86)
I1012 13:51:12.213706 15453 insert_nccl_logical_op_pass.cpp:432]  insert nccl op: System-NCCL-Logical-P2B-124 from: [fc1-bias_add_grad](order=92, nd_sbp=[P])->[System-ModelDiffScale-ScalarMul_75](order=95, nd_sbp=[B]) and before: [fc1-matmul_grad_b](order=93)
I1012 13:51:12.213789 15453 insert_nccl_logical_op_pass.cpp:432]  insert nccl op: System-NCCL-Logical-P2B-125 from: [fc1-matmul_grad_b](order=93, nd_sbp=[P])->[System-ModelDiffScale-ScalarMul_69](order=96, nd_sbp=[B]) and before: [fc1-matmul_grad_a](order=94)
I1012 13:51:12.213891 15453 insert_nccl_logical_op_pass.cpp:432]  insert nccl op: System-NCCL-Logical-P2B-126 from: [fc0-matmul_grad_b](order=100, nd_sbp=[P])->[System-ModelDiffScale-ScalarMul_66](order=103, nd_sbp=[B]) and before: [fc0-bias_add_grad](order=101)
I1012 13:51:12.213956 15453 insert_nccl_logical_op_pass.cpp:432]  insert nccl op: System-NCCL-Logical-P2B-127 from: [fc0-bias_add_grad](order=101, nd_sbp=[P])->[System-ModelDiffScale-ScalarMul_61](order=104, nd_sbp=[B]) and before: [fc0-matmul_grad_a](order=102)
I1012 13:51:12.214066 15453 insert_nccl_logical_op_pass.cpp:432]  insert nccl op: System-NCCL-Logical-S2S-128 from: [Reshape_14_grad](order=108, nd_sbp=[S(0)])->[Gather_12_grad](order=109, nd_sbp=[S(2)]) and before: [Gather_12_grad](order=109)
I1012 13:51:12.214116 15453 insert_nccl_logical_op_pass.cpp:699]  Try insert nccl logical ops into job: train_job. ...End

I1012 13:51:12.276316 15453 global.h:36] NewGlobal N7oneflow7OpGraphE
I1012 13:51:12.396268 15453 global.h:43] DeleteGlobal N7oneflow7OpGraphE
I1012 13:51:12.407409 15453 oneflow.cpp:210] 
job_id: 0 , job_name: train_job , compile time: 0.465848 seconds.
I1012 13:51:12.492929 15453 global.h:43] DeleteGlobal N7oneflow7JobDescE
I1012 13:51:12.493357 15453 global.h:36] NewGlobal N7oneflow7JobDescE
I1012 13:51:12.544140 15453 global.h:36] NewGlobal N7oneflow7OpGraphE
I1012 13:51:12.565349 15453 global.h:43] DeleteGlobal N7oneflow7OpGraphE
I1012 13:51:12.569324 15453 oneflow.cpp:210] 
job_id: 1 , job_name: System-ModelInit , compile time: 0.0753836 seconds.
I1012 13:51:12.584959 15453 global.h:43] DeleteGlobal N7oneflow7JobDescE
I1012 13:51:12.585007 15453 global.h:36] NewGlobal N7oneflow7JobDescE
I1012 13:51:12.634035 15453 global.h:36] NewGlobal N7oneflow7OpGraphE
I1012 13:51:12.655933 15453 global.h:43] DeleteGlobal N7oneflow7OpGraphE
I1012 13:51:12.659920 15453 oneflow.cpp:210] 
job_id: 2 , job_name: System-ModelLoad , compile time: 0.074881 seconds.
I1012 13:51:12.675896 15453 global.h:43] DeleteGlobal N7oneflow7JobDescE
I1012 13:51:12.675941 15453 global.h:36] NewGlobal N7oneflow7JobDescE
I1012 13:51:12.723034 15453 global.h:36] NewGlobal N7oneflow7OpGraphE
I1012 13:51:12.743155 15453 global.h:43] DeleteGlobal N7oneflow7OpGraphE
I1012 13:51:12.746783 15453 oneflow.cpp:210] 
job_id: 3 , job_name: System-ModelSave , compile time: 0.0708127 seconds.
I1012 13:51:12.763043 15453 global.h:43] DeleteGlobal N7oneflow7JobDescE
I1012 13:51:12.763074 15453 global.h:36] NewGlobal N7oneflow7JobDescE
I1012 13:51:12.773339 15453 global.h:36] NewGlobal N7oneflow7OpGraphE
I1012 13:51:12.777940 15453 global.h:43] DeleteGlobal N7oneflow7OpGraphE
I1012 13:51:12.779448 15453 oneflow.cpp:210] 
job_id: 4 , job_name: System-Pull-Return_20 , compile time: 0.0163474 seconds.
I1012 13:51:12.783911 15453 global.h:43] DeleteGlobal N7oneflow7JobDescE
I1012 13:51:12.791225 15453 global.h:36] NewGlobal N7oneflow7JobDescE
I1012 13:51:12.791275 15453 global.h:36] NewGlobal N7oneflow7OpGraphE
I1012 13:51:12.796923 15453 global.h:43] DeleteGlobal N7oneflow7OpGraphE
I1012 13:51:12.799108 15453 oneflow.cpp:210] 
job_id: 5 , job_name: MainJob-unamed , compile time: 0.00784205 seconds.
I1012 13:51:12.806315 15453 global.h:43] DeleteGlobal N7oneflow7JobDescE
I1012 13:51:12.811645 15453 plan_util.cpp:928]  Plan: merged_plan needs to allocate [ 214.452 MiB ] device memory in Rank: 0 , Device: 0
I1012 13:51:12.811687 15453 plan_util.cpp:928]  Plan: merged_plan needs to allocate [ 214.451 MiB ] device memory in Rank: 0 , Device: 1
I1012 13:51:12.970890 15453 oneflow.cpp:998]  PushPlan merged_plan time: 0.0163543 seconds.
I1012 13:51:13.023087 15453 oneflow.cpp:1014]  PullPlan merged_plan time: 0.0469307 seconds.
I1012 13:51:17.359262 15453 runtime_context.cpp:21] NewCounter constructing_actor_cnt 739
I1012 13:51:17.360554 16041 naive_actor.cpp:25] actor 1099614388232 switch to &NaiveActor::HandlerNormal
I1012 13:51:17.360566 16052 naive_actor.cpp:25] actor 2199023255701 switch to &NaiveActor::HandlerNormal
I1012 13:51:17.360827 16052 thread.cpp:96] Thread 1048576 construct Actor kDeviceTick 2199023255701
I1012 13:51:17.360764 16041 thread.cpp:96] Thread 524337 construct Actor kDeviceTick 1099614388232
I1012 13:51:17.360666 16064 naive_actor.cpp:25] actor 2207613190293 switch to &NaiveActor::HandlerNormal
I1012 13:51:17.360949 16052 runtime_context.cpp:29] DecreaseCounter constructing_actor_cnt, current val is 738
I1012 13:51:17.360987 16064 thread.cpp:96] Thread 1052672 construct Actor kDeviceTick 2207613190293
I1012 13:51:17.361002 16041 runtime_context.cpp:29] DecreaseCounter constructing_actor_cnt, current val is 737
I1012 13:51:17.361105 16042 wait_and_send_ids_actor.cpp:53] actor 1099616485376 switch to &WaitAndSendIdsActor::HandlerWaitToStart
I1012 13:51:17.361147 16064 runtime_context.cpp:29] DecreaseCounter constructing_actor_cnt, current val is 736
I1012 13:51:17.361155 16042 thread.cpp:96] Thread 524338 construct Actor kWaitAndSendIds 1099616485376
I1012 13:51:17.361167 16052 naive_actor.cpp:25] actor 2199023255762 switch to &NaiveActor::HandlerNormal
I1012 13:51:17.361297 16041 naive_actor.cpp:25] actor 1099614388230 switch to &NaiveActor::HandlerNormal
I1012 13:51:17.361328 16052 thread.cpp:96] Thread 1048576 construct Actor kDeviceTick 2199023255762
I1012 13:51:17.361368 16042 runtime_context.cpp:29] DecreaseCounter constructing_actor_cnt, current val is 735
I1012 13:51:17.361358 16041 thread.cpp:96] Thread 524337 construct Actor kDeviceTick 1099614388230
I1012 13:51:17.361447 16052 runtime_context.cpp:29] DecreaseCounter constructing_actor_cnt, current val is 734
I1012 13:51:17.361488 16041 runtime_context.cpp:29] DecreaseCounter constructing_actor_cnt, current val is 733
I1012 13:51:17.361600 16064 naive_actor.cpp:25] actor 2207613190354 switch to &NaiveActor::HandlerNormal
I1012 13:51:17.361608 16052 naive_actor.cpp:25] actor 2199023255801 switch to &NaiveActor::HandlerNormal
I1012 13:51:17.361660 16052 thread.cpp:96] Thread 1048576 construct Actor kDeviceTick 2199023255801
I1012 13:51:17.361639 16064 thread.cpp:96] Thread 1052672 construct Actor kDeviceTick 2207613190354
I1012 13:51:17.361716 16052 runtime_context.cpp:29] DecreaseCounter constructing_actor_cnt, current val is 732
I1012 13:51:17.361740 16041 naive_actor.cpp:25] actor 1099614388241 switch to &NaiveActor::HandlerNormal
I1012 13:51:17.361773 16041 thread.cpp:96] Thread 524337 construct Actor kDeviceTick 1099614388241
I1012 13:51:17.361786 16064 runtime_context.cpp:29] DecreaseCounter constructing_actor_cnt, current val is 731
I1012 13:51:17.361829 16041 runtime_context.cpp:29] DecreaseCounter constructing_actor_cnt, current val is 730
I1012 13:51:17.361899 16052 naive_actor.cpp:25] actor 2199023255840 switch to &NaiveActor::HandlerNormal
I1012 13:51:17.361936 16052 thread.cpp:96] Thread 1048576 construct Actor kDeviceTick 2199023255840
I1012 13:51:17.362080 16041 naive_actor.cpp:25] actor 1099614388240 switch to &NaiveActor::HandlerNormal
I1012 13:51:17.362123 16052 runtime_context.cpp:29] DecreaseCounter constructing_actor_cnt, current val is 729
I1012 13:51:17.362147 16064 naive_actor.cpp:25] actor 2207613190393 switch to &NaiveActor::HandlerNormal
I1012 13:51:17.362157 16041 thread.cpp:96] Thread 524337 construct Actor kDeviceTick 1099614388240
I1012 13:51:17.362257 16064 thread.cpp:96] Thread 1052672 construct Actor kDeviceTick 2207613190393
I1012 13:51:17.362318 16041 runtime_context.cpp:29] DecreaseCounter constructing_actor_cnt, current val is 728
I1012 13:51:17.362337 16064 runtime_context.cpp:29] DecreaseCounter constructing_actor_cnt, current val is 727
I1012 13:51:17.362568 16041 naive_actor.cpp:25] actor 1099614388231 switch to &NaiveActor::HandlerNormal
I1012 13:51:17.362624 16041 thread.cpp:96] Thread 524337 construct Actor kDeviceTick 1099614388231
I1012 13:51:17.362635 16064 naive_actor.cpp:25] actor 2207613190432 switch to &NaiveActor::HandlerNormal
I1012 13:51:17.362699 16064 thread.cpp:96] Thread 1052672 construct Actor kDeviceTick 2207613190432
I1012 13:51:17.362702 16041 runtime_context.cpp:29] DecreaseCounter constructing_actor_cnt, current val is 726
I1012 13:51:17.362759 16064 runtime_context.cpp:29] DecreaseCounter constructing_actor_cnt, current val is 725
I1012 13:51:17.362959 16041 naive_actor.cpp:25] actor 1099614388251 switch to &NaiveActor::HandlerNormal
I1012 13:51:17.362993 16041 thread.cpp:96] Thread 524337 construct Actor kDeviceTick 1099614388251
I1012 13:51:17.363042 16041 runtime_context.cpp:29] DecreaseCounter constructing_actor_cnt, current val is 724
I1012 13:51:17.363265 16041 naive_actor.cpp:25] actor 1099614388260 switch to &NaiveActor::HandlerNormal
I1012 13:51:17.363298 16041 thread.cpp:96] Thread 524337 construct Actor kDeviceTick 1099614388260
I1012 13:51:17.363349 16041 runtime_context.cpp:29] DecreaseCounter constructing_actor_cnt, current val is 723
I1012 13:51:17.363600 16041 naive_actor.cpp:25] actor 1099614388269 switch to &NaiveActor::HandlerNormal
I1012 13:51:17.363632 16041 thread.cpp:96] Thread 524337 construct Actor kDeviceTick 1099614388269
I1012 13:51:17.363680 16041 runtime_context.cpp:29] DecreaseCounter constructing_actor_cnt, current val is 722
I1012 13:51:17.363942 16041 naive_actor.cpp:25] actor 1099614388278 switch to &NaiveActor::HandlerNormal
I1012 13:51:17.363989 16041 thread.cpp:96] Thread 524337 construct Actor kDeviceTick 1099614388278
I1012 13:51:17.364042 16041 runtime_context.cpp:29] DecreaseCounter constructing_actor_cnt, current val is 721
I1012 13:51:17.364295 16041 naive_actor.cpp:25] actor 1099614388289 switch to &NaiveActor::HandlerNormal
I1012 13:51:17.364329 16041 thread.cpp:96] Thread 524337 construct Actor kDeviceTick 1099614388289
I1012 13:51:17.364383 16041 runtime_context.cpp:29] DecreaseCounter constructing_actor_cnt, current val is 720
I1012 13:51:17.364656 16041 naive_actor.cpp:25] actor 1099614388287 switch to &NaiveActor::HandlerNormal
I1012 13:51:17.364691 16041 thread.cpp:96] Thread 524337 construct Actor kDeviceTick 1099614388287
I1012 13:51:17.364738 16041 runtime_context.cpp:29] DecreaseCounter constructing_actor_cnt, current val is 719
I1012 13:51:17.364989 16041 naive_actor.cpp:25] actor 1099614388286 switch to &NaiveActor::HandlerNormal
I1012 13:51:17.365022 16041 thread.cpp:96] Thread 524337 construct Actor kDeviceTick 1099614388286
I1012 13:51:17.365072 16041 runtime_context.cpp:29] DecreaseCounter constructing_actor_cnt, current val is 718
I1012 13:51:17.382875 16011 naive_actor.cpp:25] actor 1099534696448 switch to &NaiveActor::HandlerNormal
I1012 13:51:17.383352 16011 thread.cpp:96] Thread 524299 construct Actor kNormalForward 1099534696448
I1012 13:51:17.383460 16006 naive_actor.cpp:25] actor 1099524210688 switch to &NaiveActor::HandlerNormal
I1012 13:51:17.383579 16006 thread.cpp:96] Thread 524294 construct Actor kNormalForward 1099524210688
I1012 13:51:17.383734 16006 runtime_context.cpp:29] DecreaseCounter constructing_actor_cnt, current val is 716
I1012 13:51:17.383882 16015 naive_actor.cpp:25] actor 1099543085056 switch to &NaiveActor::HandlerNormal
I1012 13:51:17.383910 16015 thread.cpp:96] Thread 524303 construct Actor kNormalForward 1099543085056
I1012 13:51:17.383939 16020 naive_actor.cpp:25] actor 1099553570816 switch to &NaiveActor::HandlerNormal
I1012 13:51:17.384035 16020 thread.cpp:96] Thread 524308 construct Actor kNormalForward 1099553570816
I1012 13:51:17.383252 16005 naive_actor.cpp:25] actor 1099522113536 switch to &NaiveActor::HandlerNormal
I1012 13:51:17.384182 16013 naive_actor.cpp:25] actor 1099538890752 switch to &NaiveActor::HandlerNormal
I1012 13:51:17.383253 16008 naive_actor.cpp:25] actor 1099528404992 switch to &NaiveActor::HandlerNormal
I1012 13:51:17.383323 16010 naive_actor.cpp:25] actor 1099532599296 switch to &NaiveActor::HandlerNormal
I1012 13:51:17.384335 16008 thread.cpp:96] Thread 524296 construct Actor kNormalForward 1099528404992
I1012 13:51:17.382875 16012 naive_actor.cpp:25] actor 1099536793600 switch to &NaiveActor::HandlerNormal
I1012 13:51:17.383960 16015 runtime_context.cpp:29] DecreaseCounter constructing_actor_cnt, current val is 715
I1012 13:51:17.384402 16012 thread.cpp:96] Thread 524300 construct Actor kNormalForward 1099536793600
I1012 13:51:17.384160 16014 naive_actor.cpp:25] actor 1099540987904 switch to &NaiveActor::HandlerNormal
I1012 13:51:17.384169 16004 naive_actor.cpp:25] actor 1099520016384 switch to &NaiveActor::HandlerNormal
I1012 13:51:17.384182 16020 runtime_context.cpp:29] DecreaseCounter constructing_actor_cnt, current val is 714
I1012 13:51:17.384217 16005 thread.cpp:96] Thread 524293 construct Actor kNormalForward 1099522113536
I1012 13:51:17.384761 16027 naive_actor.cpp:25] actor 1099568250880 switch to &NaiveActor::HandlerNormal
I1012 13:51:17.384886 16027 thread.cpp:96] Thread 524315 construct Actor kForeignInput 1099568250880
I1012 13:51:17.384972 16019 naive_actor.cpp:25] actor 1099551473664 switch to &NaiveActor::HandlerNormal
I1012 13:51:17.384356 16010 thread.cpp:96] Thread 524298 construct Actor kNormalForward 1099532599296
I1012 13:51:17.383028 16009 naive_actor.cpp:25] actor 1099530502144 switch to &NaiveActor::HandlerNormal
I1012 13:51:17.385082 16028 naive_actor.cpp:25] actor 1099570348032 switch to &NaiveActor::HandlerNormal
I1012 13:51:17.384462 16014 thread.cpp:96] Thread 524302 construct Actor kNormalForward 1099540987904
I1012 13:51:17.384486 16012 runtime_context.cpp:29] DecreaseCounter constructing_actor_cnt, current val is 712
I1012 13:51:17.384511 16004 thread.cpp:96] Thread 524292 construct Actor kNormalForward 1099520016384
I1012 13:51:17.383270 16007 naive_actor.cpp:25] actor 1099526307840 switch to &NaiveActor::HandlerNormal
I1012 13:51:17.384845 16005 runtime_context.cpp:29] DecreaseCounter constructing_actor_cnt, current val is 711
I1012 13:51:17.384935 16032 naive_actor.cpp:25] actor 1099574542336 switch to &NaiveActor::HandlerNormal
I1012 13:51:17.383517 16011 runtime_context.cpp:29] DecreaseCounter constructing_actor_cnt, current val is 717
I1012 13:51:17.384289 16013 thread.cpp:96] Thread 524301 construct Actor kNormalForward 1099538890752
I1012 13:51:17.385645 16002 naive_actor.cpp:25] actor 1099515822080 switch to &NaiveActor::HandlerNormal
I1012 13:51:17.385033 16023 naive_actor.cpp:25] actor 1099559862272 switch to &NaiveActor::HandlerNormal
I1012 13:51:17.385037 16040 naive_actor.cpp:25] actor 1099591319552 switch to &NaiveActor::HandlerNormal
I1012 13:51:17.385049 16027 runtime_context.cpp:29] DecreaseCounter constructing_actor_cnt, current val is 710
I1012 13:51:17.385092 16009 thread.cpp:96] Thread 524297 construct Actor kNormalForward 1099530502144
I1012 13:51:17.385924 16052 naive_actor.cpp:25] actor 2199023255554 switch to &NaiveActor::HandlerNormal
I1012 13:51:17.386005 16009 runtime_context.cpp:29] DecreaseCounter constructing_actor_cnt, current val is 705
I1012 13:51:17.385082 16010 runtime_context.cpp:29] DecreaseCounter constructing_actor_cnt, current val is 709
I1012 13:51:17.384413 16008 runtime_context.cpp:29] DecreaseCounter constructing_actor_cnt, current val is 713
I1012 13:51:17.385179 16028 thread.cpp:96] Thread 524316 construct Actor kNormalForward 1099570348032
I1012 13:51:17.385186 16033 naive_actor.cpp:25] actor 1099576639488 switch to &NaiveActor::HandlerNormal
I1012 13:51:17.385257 16022 naive_actor.cpp:25] actor 1099557765120 switch to &NaiveActor::HandlerNormal
I1012 13:51:17.385300 16017 naive_actor.cpp:25] actor 1099547279360 switch to &NaiveActor::HandlerNormal
I1012 13:51:17.385313 16014 runtime_context.cpp:29] DecreaseCounter constructing_actor_cnt, current val is 708
I1012 13:51:17.385354 16025 naive_actor.cpp:25] actor 1099564056576 switch to &NaiveActor::HandlerNormal
I1012 13:51:17.385360 16041 naive_actor.cpp:25] actor 1099614388227 switch to &NaiveActor::HandlerNormal
I1012 13:51:17.385366 16007 thread.cpp:96] Thread 524295 construct Actor kNormalForward 1099526307840
I1012 13:51:17.385354 16004 runtime_context.cpp:29] DecreaseCounter constructing_actor_cnt, current val is 707
I1012 13:51:17.385390 16035 naive_actor.cpp:25] actor 1099580833792 switch to &NaiveActor::HandlerNormal
I1012 13:51:17.385483 16021 naive_actor.cpp:25] actor 1099555667968 switch to &NaiveActor::HandlerNormal
I1012 13:51:17.386740 16035 thread.cpp:96] Thread 524321 construct Actor kForeignInput 1099580833792
I1012 13:51:17.386754 16021 thread.cpp:96] Thread 524309 construct Actor kNormalForward 1099555667968
I1012 13:51:17.385630 16031 naive_actor.cpp:25] actor 1099572445184 switch to &NaiveActor::HandlerNormal
I1012 13:51:17.385020 16019 thread.cpp:96] Thread 524307 construct Actor kNormalForward 1099551473664
I1012 13:51:17.385676 16002 thread.cpp:96] Thread 524290 construct Actor kNormalForward 1099515822080
I1012 13:51:17.385697 16013 runtime_context.cpp:29] DecreaseCounter constructing_actor_cnt, current val is 706
I1012 13:51:17.385691 16056 naive_actor.cpp:25] actor 2199027449856 switch to &NaiveActor::HandlerNormal
I1012 13:51:17.385730 16023 thread.cpp:96] Thread 524311 construct Actor kNormalForward 1099559862272
I1012 13:51:17.385731 16054 naive_actor.cpp:25] actor 2199025352709 switch to &NaiveActor::HandlerNormal
I1012 13:51:17.385820 16040 thread.cpp:96] Thread 524326 construct Actor kForeignOutput 1099591319552
I1012 13:51:17.387192 16054 thread.cpp:96] Thread 1048577 construct Actor kCopyHd 2199025352709
I1012 13:51:17.385097 16024 naive_actor.cpp:25] actor 1099561959424 switch to &NaiveActor::HandlerNormal
I1012 13:51:17.385952 16003 naive_actor.cpp:25] actor 1099517919232 switch to &NaiveActor::HandlerNormal
I1012 13:51:17.387252 16040 runtime_context.cpp:29] DecreaseCounter constructing_actor_cnt, current val is 697
I1012 13:51:17.385143 16016 naive_actor.cpp:25] actor 1099545182208 switch to &NaiveActor::HandlerNormal
I1012 13:51:17.386006 16036 naive_actor.cpp:25] actor 1099582930944 switch to &NaiveActor::HandlerNormal
I1012 13:51:17.386032 16052 thread.cpp:96] Thread 1048576 construct Actor kNormalForward 2199023255554
I1012 13:51:17.386044 16066 naive_actor.cpp:25] actor 2207615287299 switch to &NaiveActor::HandlerNormal
I1012 13:51:17.386137 16001 naive_actor.cpp:25] actor 1099513724928 switch to &NaiveActor::HandlerNormal
I1012 13:51:17.386138 16038 naive_actor.cpp:25] actor 1099587125248 switch to &NaiveActor::HandlerNormal
I1012 13:51:17.386142 16043 sink_actor.cpp:21] actor 1099618582528 switch to &SinkActor::HandlerNormal
I1012 13:51:17.387399 16052 runtime_context.cpp:29] DecreaseCounter constructing_actor_cnt, current val is 695
I1012 13:51:17.386202 16026 naive_actor.cpp:25] actor 1099566153728 switch to &NaiveActor::HandlerNormal
I1012 13:51:17.386236 16037 naive_actor.cpp:25] actor 1099585028096 switch to &NaiveActor::HandlerNormal
I1012 13:51:17.386260 16000 naive_actor.cpp:25] actor 1099511627776 switch to &NaiveActor::HandlerNormal
I1012 13:51:17.386456 16028 runtime_context.cpp:29] DecreaseCounter constructing_actor_cnt, current val is 704
I1012 13:51:17.386480 16033 thread.cpp:96] Thread 524319 construct Actor kNormalForward 1099576639488
I1012 13:51:17.386507 16022 thread.cpp:96] Thread 524310 construct Actor kNormalForward 1099557765120
I1012 13:51:17.386538 16017 thread.cpp:96] Thread 524305 construct Actor kNormalForward 1099547279360
I1012 13:51:17.386600 16025 thread.cpp:96] Thread 524313 construct Actor kNormalForward 1099564056576
I1012 13:51:17.387766 16022 runtime_context.cpp:29] DecreaseCounter constructing_actor_cnt, current val is 692
I1012 13:51:17.386729 16007 runtime_context.cpp:29] DecreaseCounter constructing_actor_cnt, current val is 703
I1012 13:51:17.385520 16032 thread.cpp:96] Thread 524318 construct Actor kForeignInput 1099574542336
I1012 13:51:17.385542 16034 naive_actor.cpp:25] actor 1099578736640 switch to &NaiveActor::HandlerNormal
I1012 13:51:17.387995 16032 runtime_context.cpp:29] DecreaseCounter constructing_actor_cnt, current val is 690
I1012 13:51:17.386791 16031 thread.cpp:96] Thread 524317 construct Actor kNormalForward 1099572445184
I1012 13:51:17.386809 16021 runtime_context.cpp:29] DecreaseCounter constructing_actor_cnt, current val is 701
I1012 13:51:17.386894 16002 runtime_context.cpp:29] DecreaseCounter constructing_actor_cnt, current val is 699
I1012 13:51:17.386894 16019 runtime_context.cpp:29] DecreaseCounter constructing_actor_cnt, current val is 700
I1012 13:51:17.388414 16052 naive_actor.cpp:25] actor 2199023255556 switch to &NaiveActor::HandlerNormal
I1012 13:51:17.387077 16023 runtime_context.cpp:29] DecreaseCounter constructing_actor_cnt, current val is 698
I1012 13:51:17.385890 16018 naive_actor.cpp:25] actor 1099549376512 switch to &NaiveActor::HandlerNormal
I1012 13:51:17.387240 16024 thread.cpp:96] Thread 524312 construct Actor kNormalForward 1099561959424
I1012 13:51:17.387254 16003 thread.cpp:96] Thread 524291 construct Actor kNormalForward 1099517919232
I1012 13:51:17.387262 16054 runtime_context.cpp:29] DecreaseCounter constructing_actor_cnt, current val is 696
I1012 13:51:17.386006 16064 naive_actor.cpp:25] actor 2207613190146 switch to &NaiveActor::HandlerNormal
I1012 13:51:17.388778 16064 thread.cpp:96] Thread 1052672 construct Actor kNormalForward 2207613190146
I1012 13:51:17.387318 16036 thread.cpp:96] Thread 524322 construct Actor kNormalForward 1099582930944
I1012 13:51:17.387360 16066 thread.cpp:96] Thread 1052673 construct Actor kSliceBoxing 2207615287299
I1012 13:51:17.388911 16064 runtime_context.cpp:29] DecreaseCounter constructing_actor_cnt, current val is 686
I1012 13:51:17.386199 16039 naive_actor.cpp:25] actor 1099589222400 switch to &NaiveActor::HandlerNormal
I1012 13:51:17.387413 16043 thread.cpp:96] Thread 524339 construct Actor kCallbackNotify 1099618582528
I1012 13:51:17.387401 16038 thread.cpp:96] Thread 524324 construct Actor kNormalForward 1099587125248
I1012 13:51:17.389055 16043 runtime_context.cpp:29] DecreaseCounter constructing_actor_cnt, current val is 683
I1012 13:51:17.387497 16037 thread.cpp:96] Thread 524323 construct Actor kNormalForward 1099585028096
I1012 13:51:17.387524 16000 thread.cpp:96] Thread 524288 construct Actor kNormalForward 1099511627776
I1012 13:51:17.387635 16033 runtime_context.cpp:29] DecreaseCounter constructing_actor_cnt, current val is 694
I1012 13:51:17.389271 16000 runtime_context.cpp:29] DecreaseCounter constructing_actor_cnt, current val is 680
I1012 13:51:17.386631 16041 thread.cpp:96] Thread 524337 construct Actor kDeviceTick 1099614388227
I1012 13:51:17.387815 16025 runtime_context.cpp:29] DecreaseCounter constructing_actor_cnt, current val is 691
I1012 13:51:17.387996 16034 thread.cpp:96] Thread 524320 construct Actor kNormalForward 1099578736640
I1012 13:51:17.389377 16041 runtime_context.cpp:29] DecreaseCounter constructing_actor_cnt, current val is 679
I1012 13:51:17.388120 16031 runtime_context.cpp:29] DecreaseCounter constructing_actor_cnt, current val is 689
I1012 13:51:17.387007 16056 thread.cpp:96] Thread 1048578 construct Actor kCopyHd 2199027449856
I1012 13:51:17.388528 16052 thread.cpp:96] Thread 1048576 construct Actor kNormalForward 2199023255556
I1012 13:51:17.388618 16018 thread.cpp:96] Thread 524306 construct Actor kNormalForward 1099549376512
I1012 13:51:17.388696 16024 runtime_context.cpp:29] DecreaseCounter constructing_actor_cnt, current val is 688
I1012 13:51:17.388707 16003 runtime_context.cpp:29] DecreaseCounter constructing_actor_cnt, current val is 687
I1012 13:51:17.389850 16018 runtime_context.cpp:29] DecreaseCounter constructing_actor_cnt, current val is 675
I1012 13:51:17.388928 16036 runtime_context.cpp:29] DecreaseCounter constructing_actor_cnt, current val is 685
I1012 13:51:17.387374 16001 thread.cpp:96] Thread 524289 construct Actor kNormalForward 1099513724928
I1012 13:51:17.388937 16066 runtime_context.cpp:29] DecreaseCounter constructing_actor_cnt, current val is 684
I1012 13:51:17.388986 16039 thread.cpp:96] Thread 524325 construct Actor kNormalForward 1099589222400
I1012 13:51:17.390065 16001 runtime_context.cpp:29] DecreaseCounter constructing_actor_cnt, current val is 674
I1012 13:51:17.387459 16026 thread.cpp:96] Thread 524314 construct Actor kNormalForward 1099566153728
I1012 13:51:17.389091 16038 runtime_context.cpp:29] DecreaseCounter constructing_actor_cnt, current val is 682
I1012 13:51:17.390156 16066 naive_actor.cpp:25] actor 2207615287296 switch to &NaiveActor::HandlerNormal
I1012 13:51:17.390180 16066 thread.cpp:96] Thread 1052673 construct Actor kSliceBoxing 2207615287296
I1012 13:51:17.389192 16064 naive_actor.cpp:25] actor 2207613190151 switch to &NaiveActor::HandlerNormal
I1012 13:51:17.387758 16017 runtime_context.cpp:29] DecreaseCounter constructing_actor_cnt, current val is 693
I1012 13:51:17.390237 16064 thread.cpp:96] Thread 1052672 construct Actor kNormalForward 2207613190151
I1012 13:51:17.389441 16034 runtime_context.cpp:29] DecreaseCounter constructing_actor_cnt, current val is 678
I1012 13:51:17.390311 16064 runtime_context.cpp:29] DecreaseCounter constructing_actor_cnt, current val is 670
I1012 13:51:17.389665 16052 runtime_context.cpp:29] DecreaseCounter constructing_actor_cnt, current val is 676
I1012 13:51:17.389762 16041 naive_actor.cpp:25] actor 1099614388226 switch to &NaiveActor::HandlerNormal
I1012 13:51:17.387300 16016 thread.cpp:96] Thread 524304 construct Actor kNormalForward 1099545182208
I1012 13:51:17.390595 16016 runtime_context.cpp:29] DecreaseCounter constructing_actor_cnt, current val is 669
I1012 13:51:17.390077 16039 runtime_context.cpp:29] DecreaseCounter constructing_actor_cnt, current val is 673
I1012 13:51:17.389160 16037 runtime_context.cpp:29] DecreaseCounter constructing_actor_cnt, current val is 681
I1012 13:51:17.390162 16026 runtime_context.cpp:29] DecreaseCounter constructing_actor_cnt, current val is 672
I1012 13:51:17.390208 16066 runtime_context.cpp:29] DecreaseCounter constructing_actor_cnt, current val is 671
I1012 13:51:17.386790 16035 runtime_context.cpp:29] DecreaseCounter constructing_actor_cnt, current val is 702
I1012 13:51:17.389569 16056 runtime_context.cpp:29] DecreaseCounter constructing_actor_cnt, current val is 677
I1012 13:51:17.390463 16041 thread.cpp:96] Thread 524337 construct Actor kDeviceTick 1099614388226
I1012 13:51:17.391016 16066 naive_actor.cpp:25] actor 2207615287297 switch to &NaiveActor::HandlerNormal
I1012 13:51:17.391038 16066 thread.cpp:96] Thread 1052673 construct Actor kSliceBoxing 2207615287297
I1012 13:51:17.391078 16041 runtime_context.cpp:29] DecreaseCounter constructing_actor_cnt, current val is 668
I1012 13:51:17.391080 16066 runtime_context.cpp:29] DecreaseCounter constructing_actor_cnt, current val is 667
I1012 13:51:17.391275 16066 naive_actor.cpp:25] actor 2207615287298 switch to &NaiveActor::HandlerNormal
I1012 13:51:17.391314 16066 thread.cpp:96] Thread 1052673 construct Actor kSliceBoxing 2207615287298
I1012 13:51:17.391353 16066 runtime_context.cpp:29] DecreaseCounter constructing_actor_cnt, current val is 666
I1012 13:51:17.391381 16064 naive_actor.cpp:25] actor 2207613190148 switch to &NaiveActor::HandlerNormal
I1012 13:51:17.391464 16064 thread.cpp:96] Thread 1052672 construct Actor kNormalForward 2207613190148
I1012 13:51:17.391484 16041 naive_actor.cpp:25] actor 1099614388224 switch to &NaiveActor::HandlerNormal
I1012 13:51:17.391501 16066 naive_actor.cpp:25] actor 2207615287300 switch to &NaiveActor::HandlerNormal
I1012 13:51:17.388988 16054 naive_actor.cpp:25] actor 2199025352704 switch to &NaiveActor::HandlerNormal
I1012 13:51:17.391723 16054 thread.cpp:96] Thread 1048577 construct Actor kSliceBoxing 2199025352704
I1012 13:51:17.391527 16052 naive_actor.cpp:25] actor 2199023255557 switch to &NaiveActor::HandlerNormal
I1012 13:51:17.391783 16054 runtime_context.cpp:29] DecreaseCounter constructing_actor_cnt, current val is 664
I1012 13:51:17.391798 16052 thread.cpp:96] Thread 1048576 construct Actor kNormalForward 2199023255557
I1012 13:51:17.391660 16066 thread.cpp:96] Thread 1052673 construct Actor kCopyHd 2207615287300
I1012 13:51:17.391595 16064 runtime_context.cpp:29] DecreaseCounter constructing_actor_cnt, current val is 665
I1012 13:51:17.391867 16066 runtime_context.cpp:29] DecreaseCounter constructing_actor_cnt, current val is 663
I1012 13:51:17.391635 16041 thread.cpp:96] Thread 524337 construct Actor kDeviceTick 1099614388224
I1012 13:51:17.391896 16052 runtime_context.cpp:29] DecreaseCounter constructing_actor_cnt, current val is 662
I1012 13:51:17.391971 16066 naive_actor.cpp:25] actor 2207615287301 switch to &NaiveActor::HandlerNormal
I1012 13:51:17.391974 16041 runtime_context.cpp:29] DecreaseCounter constructing_actor_cnt, current val is 661
I1012 13:51:17.392010 16066 thread.cpp:96] Thread 1052673 construct Actor kCopyHd 2207615287301
I1012 13:51:17.392051 16054 naive_actor.cpp:25] actor 2199025352706 switch to &NaiveActor::HandlerNormal
I1012 13:51:17.392087 16066 runtime_context.cpp:29] DecreaseCounter constructing_actor_cnt, current val is 660
I1012 13:51:17.392092 16054 thread.cpp:96] Thread 1048577 construct Actor kSliceBoxing 2199025352706
I1012 13:51:17.392189 16054 runtime_context.cpp:29] DecreaseCounter constructing_actor_cnt, current val is 659
I1012 13:51:17.392210 16066 naive_actor.cpp:25] actor 2207615287302 switch to &NaiveActor::HandlerNormal
I1012 13:51:17.392228 16064 naive_actor.cpp:25] actor 2207613190172 switch to &NaiveActor::HandlerNormal
I1012 13:51:17.392263 16066 thread.cpp:96] Thread 1052673 construct Actor kCopyHd 2207615287302
I1012 13:51:17.392309 16064 thread.cpp:96] Thread 1052672 construct Actor kNormalForward 2207613190172
I1012 13:51:17.392343 16052 naive_actor.cpp:25] actor 2199023255575 switch to &NaiveActor::HandlerNormal
I1012 13:51:17.392411 16064 runtime_context.cpp:29] DecreaseCounter constructing_actor_cnt, current val is 657
I1012 13:51:17.392352 16066 runtime_context.cpp:29] DecreaseCounter constructing_actor_cnt, current val is 658
I1012 13:51:17.392416 16041 naive_actor.cpp:25] actor 1099614388329 switch to &NaiveActor::HandlerNormal
I1012 13:51:17.392532 16054 naive_actor.cpp:25] actor 2199025352708 switch to &NaiveActor::HandlerNormal
I1012 13:51:17.392423 16052 thread.cpp:96] Thread 1048576 construct Actor kNormalForward 2199023255575
I1012 13:51:17.392541 16041 thread.cpp:96] Thread 524337 construct Actor kTick 1099614388329
I1012 13:51:17.392585 16054 thread.cpp:96] Thread 1048577 construct Actor kSliceBoxing 2199025352708
I1012 13:51:17.392714 16052 runtime_context.cpp:29] DecreaseCounter constructing_actor_cnt, current val is 656
I1012 13:51:17.392747 16041 runtime_context.cpp:29] DecreaseCounter constructing_actor_cnt, current val is 655
I1012 13:51:17.392765 16054 runtime_context.cpp:29] DecreaseCounter constructing_actor_cnt, current val is 654
I1012 13:51:17.393124 16054 naive_actor.cpp:25] actor 2199025352707 switch to &NaiveActor::HandlerNormal
I1012 13:51:17.393131 16041 naive_actor.cpp:25] actor 1099614388225 switch to &NaiveActor::HandlerNormal
I1012 13:51:17.393177 16054 thread.cpp:96] Thread 1048577 construct Actor kSliceBoxing 2199025352707
I1012 13:51:17.393220 16041 thread.cpp:96] Thread 524337 construct Actor kDeviceTick 1099614388225
I1012 13:51:17.393276 16054 runtime_context.cpp:29] DecreaseCounter constructing_actor_cnt, current val is 653
I1012 13:51:17.393329 16041 runtime_context.cpp:29] DecreaseCounter constructing_actor_cnt, current val is 652
I1012 13:51:17.393537 16054 naive_actor.cpp:25] actor 2199025352705 switch to &NaiveActor::HandlerNormal
I1012 13:51:17.393599 16054 thread.cpp:96] Thread 1048577 construct Actor kSliceBoxing 2199025352705
I1012 13:51:17.393671 16054 runtime_context.cpp:29] DecreaseCounter constructing_actor_cnt, current val is 651
I1012 13:51:17.393685 16052 naive_actor.cpp:25] actor 2199023255553 switch to &NaiveActor::HandlerNormal
I1012 13:51:17.393745 16052 thread.cpp:96] Thread 1048576 construct Actor kNormalForward 2199023255553
I1012 13:51:17.393826 16041 naive_actor.cpp:25] actor 1099614388333 switch to &NaiveActor::HandlerNormal
I1012 13:51:17.393855 16064 naive_actor.cpp:25] actor 2207613190144 switch to &NaiveActor::HandlerNormal
I1012 13:51:17.393838 16052 runtime_context.cpp:29] DecreaseCounter constructing_actor_cnt, current val is 650
I1012 13:51:17.393875 16054 naive_actor.cpp:25] actor 2199025352710 switch to &NaiveActor::HandlerNormal
I1012 13:51:17.393879 16041 thread.cpp:96] Thread 524337 construct Actor kTick 1099614388333
I1012 13:51:17.393925 16064 thread.cpp:96] Thread 1052672 construct Actor kNormalForward 2207613190144
I1012 13:51:17.394001 16054 thread.cpp:96] Thread 1048577 construct Actor kCopyHd 2199025352710
I1012 13:51:17.394076 16041 runtime_context.cpp:29] DecreaseCounter constructing_actor_cnt, current val is 649
I1012 13:51:17.394126 16054 runtime_context.cpp:29] DecreaseCounter constructing_actor_cnt, current val is 648
I1012 13:51:17.394182 16064 runtime_context.cpp:29] DecreaseCounter constructing_actor_cnt, current val is 647
I1012 13:51:17.394313 16054 naive_actor.cpp:25] actor 2199025352711 switch to &NaiveActor::HandlerNormal
I1012 13:51:17.394361 16054 thread.cpp:96] Thread 1048577 construct Actor kCopyHd 2199025352711
I1012 13:51:17.394404 16041 naive_actor.cpp:25] actor 1099614388242 switch to &NaiveActor::HandlerNormal
I1012 13:51:17.394464 16041 thread.cpp:96] Thread 524337 construct Actor kSrcSubsetTick 1099614388242
I1012 13:51:17.394662 16054 runtime_context.cpp:29] DecreaseCounter constructing_actor_cnt, current val is 646
I1012 13:51:17.394685 16041 runtime_context.cpp:29] DecreaseCounter constructing_actor_cnt, current val is 645
I1012 13:51:17.394992 16052 naive_actor.cpp:25] actor 2199023255599 switch to &NaiveActor::HandlerNormal
I1012 13:51:17.395009 16041 naive_actor.cpp:25] actor 1099614388229 switch to &NaiveActor::HandlerNormal
I1012 13:51:17.395062 16052 thread.cpp:96] Thread 1048576 construct Actor kNormalForward 2199023255599
I1012 13:51:17.395105 16041 thread.cpp:96] Thread 524337 construct Actor kSrcSubsetTick 1099614388229
I1012 13:51:17.395215 16052 runtime_context.cpp:29] DecreaseCounter constructing_actor_cnt, current val is 644
I1012 13:51:17.395218 16041 runtime_context.cpp:29] DecreaseCounter constructing_actor_cnt, current val is 643
I1012 13:51:17.395591 16064 naive_actor.cpp:25] actor 2207613190150 switch to &NaiveActor::HandlerNormal
I1012 13:51:17.395648 16041 naive_actor.cpp:25] actor 1099614388235 switch to &NaiveActor::HandlerNormal
I1012 13:51:17.395655 16064 thread.cpp:96] Thread 1052672 construct Actor kNormalForward 2207613190150
I1012 13:51:17.395704 16041 thread.cpp:96] Thread 524337 construct Actor kDstSubsetTick 1099614388235
I1012 13:51:17.395800 16064 runtime_context.cpp:29] DecreaseCounter constructing_actor_cnt, current val is 642
I1012 13:51:17.395829 16041 runtime_context.cpp:29] DecreaseCounter constructing_actor_cnt, current val is 641
I1012 13:51:17.396152 16041 naive_actor.cpp:25] actor 1099614388239 switch to &NaiveActor::HandlerNormal
I1012 13:51:17.396203 16041 thread.cpp:96] Thread 524337 construct Actor kTick 1099614388239
I1012 13:51:17.396279 16041 runtime_context.cpp:29] DecreaseCounter constructing_actor_cnt, current val is 640
I1012 13:51:17.396584 16052 naive_actor.cpp:25] actor 2199023255552 switch to &NaiveActor::HandlerNormal
I1012 13:51:17.396592 16041 naive_actor.cpp:25] actor 1099614388236 switch to &NaiveActor::HandlerNormal
I1012 13:51:17.396652 16052 thread.cpp:96] Thread 1048576 construct Actor kNormalForward 2199023255552
I1012 13:51:17.396692 16041 thread.cpp:96] Thread 524337 construct Actor kTick 1099614388236
I1012 13:51:17.396715 16064 naive_actor.cpp:25] actor 2207613190145 switch to &NaiveActor::HandlerNormal
I1012 13:51:17.396883 16064 thread.cpp:96] Thread 1052672 construct Actor kNormalForward 2207613190145
I1012 13:51:17.396894 16041 runtime_context.cpp:29] DecreaseCounter constructing_actor_cnt, current val is 638
I1012 13:51:17.396894 16052 runtime_context.cpp:29] DecreaseCounter constructing_actor_cnt, current val is 639
I1012 13:51:17.396998 16064 runtime_context.cpp:29] DecreaseCounter constructing_actor_cnt, current val is 637
I1012 13:51:17.397260 16041 naive_actor.cpp:25] actor 1099614388244 switch to &NaiveActor::HandlerNormal
I1012 13:51:17.397312 16041 thread.cpp:96] Thread 524337 construct Actor kTick 1099614388244
I1012 13:51:17.397388 16041 runtime_context.cpp:29] DecreaseCounter constructing_actor_cnt, current val is 636
I1012 13:51:17.397694 16041 naive_actor.cpp:25] actor 1099614388246 switch to &NaiveActor::HandlerNormal
I1012 13:51:17.397747 16041 thread.cpp:96] Thread 524337 construct Actor kTick 1099614388246
I1012 13:51:17.397821 16041 runtime_context.cpp:29] DecreaseCounter constructing_actor_cnt, current val is 635
I1012 13:51:17.397895 16052 naive_actor.cpp:25] actor 2199023255561 switch to &NaiveActor::HandlerNormal
I1012 13:51:17.397951 16052 thread.cpp:96] Thread 1048576 construct Actor kNormalForward 2199023255561
I1012 13:51:17.397979 16064 naive_actor.cpp:25] actor 2207613190161 switch to &NaiveActor::HandlerNormal
I1012 13:51:17.398030 16064 thread.cpp:96] Thread 1052672 construct Actor kNormalForward 2207613190161
I1012 13:51:17.398037 16052 runtime_context.cpp:29] DecreaseCounter constructing_actor_cnt, current val is 634
I1012 13:51:17.398121 16064 runtime_context.cpp:29] DecreaseCounter constructing_actor_cnt, current val is 633
I1012 13:51:17.398196 16041 naive_actor.cpp:25] actor 1099614388245 switch to &NaiveActor::HandlerNormal
I1012 13:51:17.398245 16041 thread.cpp:96] Thread 524337 construct Actor kDstSubsetTick 1099614388245
I1012 13:51:17.398322 16041 runtime_context.cpp:29] DecreaseCounter constructing_actor_cnt, current val is 632
I1012 13:51:17.398468 16052 naive_actor.cpp:25] actor 2199023255585 switch to &NaiveActor::HandlerNormal
I1012 13:51:17.398524 16052 thread.cpp:96] Thread 1048576 construct Actor kNormalForward 2199023255585
I1012 13:51:17.398612 16052 runtime_context.cpp:29] DecreaseCounter constructing_actor_cnt, current val is 631
I1012 13:51:17.398691 16041 naive_actor.cpp:25] actor 1099614388228 switch to &NaiveActor::HandlerNormal
I1012 13:51:17.398741 16041 thread.cpp:96] Thread 524337 construct Actor kDeviceTick 1099614388228
I1012 13:51:17.398800 16041 runtime_context.cpp:29] DecreaseCounter constructing_actor_cnt, current val is 630
I1012 13:51:17.398985 16052 naive_actor.cpp:25] actor 2199023255559 switch to &NaiveActor::HandlerNormal
I1012 13:51:17.399044 16052 thread.cpp:96] Thread 1048576 construct Actor kNormalForward 2199023255559
I1012 13:51:17.399108 16041 naive_actor.cpp:25] actor 1099614388237 switch to &NaiveActor::HandlerNormal
I1012 13:51:17.399118 16052 runtime_context.cpp:29] DecreaseCounter constructing_actor_cnt, current val is 629
I1012 13:51:17.399150 16064 naive_actor.cpp:25] actor 2207613190156 switch to &NaiveActor::HandlerNormal
I1012 13:51:17.399159 16041 thread.cpp:96] Thread 524337 construct Actor kTick 1099614388237
I1012 13:51:17.399240 16064 thread.cpp:96] Thread 1052672 construct Actor kNormalForward 2207613190156
I1012 13:51:17.399309 16041 runtime_context.cpp:29] DecreaseCounter constructing_actor_cnt, current val is 628
I1012 13:51:17.399353 16064 runtime_context.cpp:29] DecreaseCounter constructing_actor_cnt, current val is 627
I1012 13:51:17.399622 16041 naive_actor.cpp:25] actor 1099614388238 switch to &NaiveActor::HandlerNormal
I1012 13:51:17.399672 16041 thread.cpp:96] Thread 524337 construct Actor kTick 1099614388238
I1012 13:51:17.399742 16041 runtime_context.cpp:29] DecreaseCounter constructing_actor_cnt, current val is 626
I1012 13:51:17.400126 16041 naive_actor.cpp:25] actor 1099614388234 switch to &NaiveActor::HandlerNormal
I1012 13:51:17.400184 16041 thread.cpp:96] Thread 524337 construct Actor kTick 1099614388234
I1012 13:51:17.400229 16052 naive_actor.cpp:25] actor 2199023255560 switch to &NaiveActor::HandlerNormal
I1012 13:51:17.400264 16064 naive_actor.cpp:25] actor 2207613190149 switch to &NaiveActor::HandlerNormal
I1012 13:51:17.400249 16041 runtime_context.cpp:29] DecreaseCounter constructing_actor_cnt, current val is 625
I1012 13:51:17.400296 16052 thread.cpp:96] Thread 1048576 construct Actor kNormalForward 2199023255560
I1012 13:51:17.400332 16064 thread.cpp:96] Thread 1052672 construct Actor kNormalForward 2207613190149
