Log file created at: 2021/10/12 17:39:06
Running on machine: oneflow-14
Log line format: [IWEF]mmdd hh:mm:ss.uuuuuu threadid file:line] msg
I1012 17:39:06.365823 29637 global.h:36] NewGlobal 14cudaDeviceProp
I1012 17:39:06.366736 29637 global.h:36] NewGlobal N7oneflow7EnvDescE
I1012 17:39:06.366756 29637 global.h:36] NewGlobal N7oneflow10ProcessCtxE
I1012 17:39:06.366765 29637 env_global_objects_scope.cpp:152] using rpc backend: local
I1012 17:39:06.366823 29637 global.h:36] NewGlobal N7oneflow12ResourceDescE
I1012 17:39:06.366837 29637 global.h:36] NewGlobal N7oneflow12ResourceDescE
I1012 17:39:06.464301 29637 global.h:36] NewGlobal N7oneflow10ThreadPoolE
I1012 17:39:06.465989 29637 global.h:36] NewGlobal N7oneflow16EagerNcclCommMgrE
I1012 17:39:06.466015 29637 global.h:36] NewGlobal N7oneflow18CudnnConvAlgoCacheE
I1012 17:39:06.466027 29637 global.h:36] NewGlobal N7oneflow2vm19VirtualMachineScopeE
I1012 17:39:06.466042 29637 global.h:36] NewGlobal N7oneflow9OneflowVME
I1012 17:39:06.467211 29637 oneflow_vm.cpp:75] transport stream type: N7oneflow2vm13CpuStreamTypeE
I1012 17:39:06.467233 29637 oneflow_vm.cpp:75] transport stream type: N7oneflow2vm14CudaStreamTypeE
I1012 17:39:06.467245 29637 oneflow_vm.cpp:75] transport stream type: N7oneflow2vm19AsyncCudaStreamTypeE
I1012 17:39:06.467447 29637 global.h:36] NewGlobal N7oneflow27EagerJobBuildAndInferCtxMgrE
I1012 17:39:06.467468 29637 global.h:36] NewGlobal N7oneflow12EpollCommNetE
I1012 17:39:06.467654 29637 epoll_comm_network.cpp:63] CommNet:Epoll listening on 0.0.0.0:42834
I1012 17:39:06.467706 29637 epoll_comm_network.cpp:197] machine 0 sockfd -1
I1012 17:39:06.467854 29637 global.h:36] NewGlobal N7oneflow9TransportE
I1012 17:39:06.471387 29637 global.h:43] DeleteGlobal N7oneflow12ResourceDescE
I1012 17:39:06.471443 29637 version.cpp:22] OneFlow git version: b295ca2324
I1012 17:39:06.471467 29637 device_register_gpu.cpp:56] CUDA runtime version: 11.2
I1012 17:39:06.471503 29637 device_register_gpu.cpp:65] cuDNN version: 8.1.1
I1012 17:39:06.471518 29637 device_register_gpu.cpp:78] NCCL version: 2.9.8
I1012 17:39:06.471530 29637 global.h:36] NewGlobal N7oneflow12ResourceDescE
I1012 17:39:06.471541 29637 global.h:36] NewGlobal N7oneflow5IDMgrE
I1012 17:39:06.471552 29637 global.h:36] NewGlobal N7oneflow16AvailableMemDescE
I1012 17:39:06.471601 29637 global.h:36] NewGlobal St13unordered_mapISslSt4hashISsESt8equal_toISsESaISt4pairIKSslEEE
I1012 17:39:06.471612 29637 global.h:36] NewGlobal N7oneflow19CriticalSectionDescE
I1012 17:39:06.471621 29637 global.h:36] NewGlobal N7oneflow16InterUserJobInfoE
I1012 17:39:06.471632 29637 global.h:36] NewGlobal N7oneflow26LazyJobBuildAndInferCtxMgrE
I1012 17:39:06.471642 29637 global.h:36] NewGlobal N7oneflow16JobSetCompileCtxE
I1012 17:39:06.471652 29637 global.h:36] NewGlobal N7oneflow26RuntimeBufferManagersScopeE
I1012 17:39:06.471662 29637 global.h:36] NewGlobal N7oneflow9BufferMgrIlEE
I1012 17:39:06.471673 29637 global.h:36] NewGlobal N7oneflow9BufferMgrISt10shared_ptrINS_11JobInstanceEEEE
I1012 17:39:06.471681 29637 global.h:36] NewGlobal N7oneflow10RuntimeCtxE
I1012 17:39:06.471691 29637 global.h:36] NewGlobal N7oneflow15MemoryAllocatorE
I1012 17:39:06.471700 29637 global.h:36] NewGlobal N7oneflow8ChunkMgrE
I1012 17:39:06.471709 29637 global.h:36] NewGlobal N7oneflow8RegstMgrE
I1012 17:39:06.471719 29637 global.h:36] NewGlobal N7oneflow11ActorMsgBusE
I1012 17:39:06.471727 29637 global.h:36] NewGlobal N7oneflow9ThreadMgrE
I1012 17:39:06.471736 29637 global.h:36] NewGlobal N7oneflow15RuntimeJobDescsE
I1012 17:39:06.471746 29637 global.h:36] NewGlobal N7oneflow7summary12EventsWriterE
I1012 17:39:06.471758 29637 global.h:36] NewGlobal N7oneflow6boxing10collective24CollectiveBoxingExecutorE
I1012 17:39:06.471768 29637 global.h:36] NewGlobal N7oneflow6boxing10collective31CollectiveBoxingDeviceCtxPollerE
I1012 17:39:06.471931 29637 session.h:77] NewGlobal N7oneflow25SessionGlobalObjectsScopeE
I1012 17:39:06.473145 29637 global.h:36] NewGlobal N7oneflow7JobDescE
I1012 17:39:07.045557 29637 global.h:43] DeleteGlobal N7oneflow7JobDescE
I1012 17:39:07.045811 29637 global.h:36] NewGlobal N7oneflow7JobDescE
I1012 17:39:07.049819 29637 global.h:36] NewGlobal N7oneflow7OpGraphE
I1012 17:39:07.058243 29637 global.h:43] DeleteGlobal N7oneflow7OpGraphE
I1012 17:39:07.436414 29637 global.h:43] DeleteGlobal N7oneflow7JobDescE
I1012 17:39:07.460307 29637 global.h:36] NewGlobal N7oneflow24InterJobReuseMemStrategyE
I1012 17:39:07.460359 29637 global.h:36] NewGlobal N7oneflow7OneflowE
I1012 17:39:07.477006 29637 global.h:36] NewGlobal N7oneflow7JobDescE
I1012 17:39:07.812777 29637 insert_nccl_logical_op_pass.cpp:663]  Try insert nccl logical ops into job: train_job. Begin...
I1012 17:39:07.813863 29637 insert_nccl_logical_op_pass.cpp:432]  insert nccl op: System-NCCL-Logical-S2B-115 from: [IdentityN_6](order=0, nd_sbp=[S(0)])->[ParallelCast_7](order=2, nd_sbp=[B]) and before: [System-Boxing-Identity-94](order=1)
I1012 17:39:07.813983 29637 insert_nccl_logical_op_pass.cpp:432]  insert nccl op: System-NCCL-Logical-S2B-116 from: [IdentityN_6](order=0, nd_sbp=[S(0)])->[ParallelCast_12](order=3, nd_sbp=[B]) and before: [System-Boxing-Identity-94](order=1)
I1012 17:39:07.814165 29637 insert_nccl_logical_op_pass.cpp:432]  insert nccl op: System-NCCL-Logical-S2S-117 from: [Gather_13](order=5, nd_sbp=[S(2)])->[Reshape_15](order=7, nd_sbp=[S(0)]) and before: [Reshape_9](order=6)
I1012 17:39:07.814314 29637 insert_nccl_logical_op_pass.cpp:432]  insert nccl op: System-NCCL-Logical-P2S-118 from: [ReduceSum_10](order=8, nd_sbp=[P])->[AddN_24](order=47, nd_sbp=[S(0)]) and before: [Concat_16](order=9)
I1012 17:39:07.815024 29637 insert_nccl_logical_op_pass.cpp:432]  insert nccl op: System-NCCL-Logical-S2B-119 from: [SigmoidCrossEntropy_25_grad](order=51, nd_sbp=[S(0)])->[ReduceSum_10_grad](order=56, nd_sbp=[B]) and before: [ScalarMul_27](order=52)
I1012 17:39:07.815135 29637 insert_nccl_logical_op_pass.cpp:432]  insert nccl op: System-NCCL-Logical-P2B-120 from: [deep_scores-matmul_grad_b](order=53, nd_sbp=[P])->[System-ModelDiffScale-ScalarMul_68](order=57, nd_sbp=[B]) and before: [deep_scores-matmul_grad_a](order=54)
I1012 17:39:07.815239 29637 insert_nccl_logical_op_pass.cpp:432]  insert nccl op: System-NCCL-Logical-P2B-121 from: [deep_scores-bias_add_grad](order=55, nd_sbp=[P])->[System-ModelDiffScale-ScalarMul_82](order=60, nd_sbp=[B]) and before: [ReduceSum_10_grad](order=56)
I1012 17:39:07.815389 29637 insert_nccl_logical_op_pass.cpp:432]  insert nccl op: System-NCCL-Logical-P2B-122 from: [fc6-matmul_grad_b](order=65, nd_sbp=[P])->[System-ModelDiffScale-ScalarMul_72](order=69, nd_sbp=[B]) and before: [fc6-bias_add_grad](order=66)
I1012 17:39:07.815486 29637 insert_nccl_logical_op_pass.cpp:432]  insert nccl op: System-NCCL-Logical-P2B-123 from: [fc6-bias_add_grad](order=66, nd_sbp=[P])->[System-ModelDiffScale-ScalarMul_71](order=70, nd_sbp=[B]) and before: [fc6-matmul_grad_a](order=67)
I1012 17:39:07.815631 29637 insert_nccl_logical_op_pass.cpp:432]  insert nccl op: System-NCCL-Logical-P2B-124 from: [fc5-matmul_grad_b](order=76, nd_sbp=[P])->[System-ModelDiffScale-ScalarMul_70](order=79, nd_sbp=[B]) and before: [fc5-bias_add_grad](order=77)
I1012 17:39:07.815722 29637 insert_nccl_logical_op_pass.cpp:432]  insert nccl op: System-NCCL-Logical-P2B-125 from: [fc5-bias_add_grad](order=77, nd_sbp=[P])->[System-ModelDiffScale-ScalarMul_73](order=80, nd_sbp=[B]) and before: [fc5-matmul_grad_a](order=78)
I1012 17:39:07.815871 29637 insert_nccl_logical_op_pass.cpp:432]  insert nccl op: System-NCCL-Logical-P2B-126 from: [fc4-matmul_grad_b](order=85, nd_sbp=[P])->[System-ModelDiffScale-ScalarMul_67](order=88, nd_sbp=[B]) and before: [fc4-bias_add_grad](order=86)
I1012 17:39:07.815955 29637 insert_nccl_logical_op_pass.cpp:432]  insert nccl op: System-NCCL-Logical-P2B-127 from: [fc4-bias_add_grad](order=86, nd_sbp=[P])->[System-ModelDiffScale-ScalarMul_80](order=89, nd_sbp=[B]) and before: [fc4-matmul_grad_a](order=87)
I1012 17:39:07.816082 29637 insert_nccl_logical_op_pass.cpp:432]  insert nccl op: System-NCCL-Logical-P2B-128 from: [fc3-matmul_grad_b](order=94, nd_sbp=[P])->[System-ModelDiffScale-ScalarMul_69](order=97, nd_sbp=[B]) and before: [fc3-bias_add_grad](order=95)
I1012 17:39:07.816279 29637 insert_nccl_logical_op_pass.cpp:432]  insert nccl op: System-NCCL-Logical-P2B-129 from: [fc3-bias_add_grad](order=95, nd_sbp=[P])->[System-ModelDiffScale-ScalarMul_66](order=98, nd_sbp=[B]) and before: [fc3-matmul_grad_a](order=96)
I1012 17:39:07.816439 29637 insert_nccl_logical_op_pass.cpp:432]  insert nccl op: System-NCCL-Logical-P2B-130 from: [fc2-matmul_grad_b](order=103, nd_sbp=[P])->[System-ModelDiffScale-ScalarMul_79](order=106, nd_sbp=[B]) and before: [fc2-bias_add_grad](order=104)
I1012 17:39:07.816524 29637 insert_nccl_logical_op_pass.cpp:432]  insert nccl op: System-NCCL-Logical-P2B-131 from: [fc2-bias_add_grad](order=104, nd_sbp=[P])->[System-ModelDiffScale-ScalarMul_75](order=107, nd_sbp=[B]) and before: [fc2-matmul_grad_a](order=105)
I1012 17:39:07.816674 29637 insert_nccl_logical_op_pass.cpp:432]  insert nccl op: System-NCCL-Logical-P2B-132 from: [fc1-matmul_grad_b](order=112, nd_sbp=[P])->[System-ModelDiffScale-ScalarMul_76](order=115, nd_sbp=[B]) and before: [fc1-bias_add_grad](order=113)
I1012 17:39:07.816761 29637 insert_nccl_logical_op_pass.cpp:432]  insert nccl op: System-NCCL-Logical-P2B-133 from: [fc1-bias_add_grad](order=113, nd_sbp=[P])->[System-ModelDiffScale-ScalarMul_83](order=116, nd_sbp=[B]) and before: [fc1-matmul_grad_a](order=114)
I1012 17:39:07.816900 29637 insert_nccl_logical_op_pass.cpp:432]  insert nccl op: System-NCCL-Logical-P2B-134 from: [fc0-matmul_grad_b](order=121, nd_sbp=[P])->[System-ModelDiffScale-ScalarMul_77](order=124, nd_sbp=[B]) and before: [fc0-bias_add_grad](order=122)
I1012 17:39:07.816987 29637 insert_nccl_logical_op_pass.cpp:432]  insert nccl op: System-NCCL-Logical-P2B-135 from: [fc0-bias_add_grad](order=122, nd_sbp=[P])->[System-ModelDiffScale-ScalarMul_74](order=125, nd_sbp=[B]) and before: [fc0-matmul_grad_a](order=123)
I1012 17:39:07.817122 29637 insert_nccl_logical_op_pass.cpp:432]  insert nccl op: System-NCCL-Logical-S2S-136 from: [Reshape_15_grad](order=129, nd_sbp=[S(0)])->[Gather_13_grad](order=130, nd_sbp=[S(2)]) and before: [Gather_13_grad](order=130)
I1012 17:39:07.817194 29637 insert_nccl_logical_op_pass.cpp:699]  Try insert nccl logical ops into job: train_job. ...End

I1012 17:39:07.902998 29637 global.h:36] NewGlobal N7oneflow7OpGraphE
I1012 17:39:08.059402 29637 global.h:43] DeleteGlobal N7oneflow7OpGraphE
I1012 17:39:08.079131 29637 oneflow.cpp:210] 
job_id: 0 , job_name: train_job , compile time: 0.602014 seconds.
I1012 17:39:08.195739 29637 global.h:43] DeleteGlobal N7oneflow7JobDescE
I1012 17:39:08.196822 29637 global.h:36] NewGlobal N7oneflow7JobDescE
I1012 17:39:08.282763 29637 global.h:36] NewGlobal N7oneflow7OpGraphE
I1012 17:39:08.305950 29637 global.h:43] DeleteGlobal N7oneflow7OpGraphE
I1012 17:39:08.311059 29637 oneflow.cpp:210] 
job_id: 1 , job_name: System-ModelInit , compile time: 0.112752 seconds.
I1012 17:39:08.333122 29637 global.h:43] DeleteGlobal N7oneflow7JobDescE
I1012 17:39:08.333254 29637 global.h:36] NewGlobal N7oneflow7JobDescE
I1012 17:39:08.393854 29637 global.h:36] NewGlobal N7oneflow7OpGraphE
I1012 17:39:08.419541 29637 global.h:43] DeleteGlobal N7oneflow7OpGraphE
I1012 17:39:08.424335 29637 oneflow.cpp:210] 
job_id: 2 , job_name: System-ModelLoad , compile time: 0.0910252 seconds.
I1012 17:39:08.445509 29637 global.h:43] DeleteGlobal N7oneflow7JobDescE
I1012 17:39:08.445603 29637 global.h:36] NewGlobal N7oneflow7JobDescE
I1012 17:39:08.504297 29637 global.h:36] NewGlobal N7oneflow7OpGraphE
I1012 17:39:08.528056 29637 global.h:43] DeleteGlobal N7oneflow7OpGraphE
I1012 17:39:08.532984 29637 oneflow.cpp:210] 
job_id: 3 , job_name: System-ModelSave , compile time: 0.0873347 seconds.
I1012 17:39:08.551877 29637 global.h:43] DeleteGlobal N7oneflow7JobDescE
I1012 17:39:08.551962 29637 global.h:36] NewGlobal N7oneflow7JobDescE
I1012 17:39:08.563136 29637 global.h:36] NewGlobal N7oneflow7OpGraphE
I1012 17:39:08.568818 29637 global.h:43] DeleteGlobal N7oneflow7OpGraphE
I1012 17:39:08.570755 29637 oneflow.cpp:210] 
job_id: 4 , job_name: System-Pull-Return_28 , compile time: 0.0187292 seconds.
I1012 17:39:08.575649 29637 global.h:43] DeleteGlobal N7oneflow7JobDescE
I1012 17:39:08.584867 29637 global.h:36] NewGlobal N7oneflow7JobDescE
I1012 17:39:08.584961 29637 global.h:36] NewGlobal N7oneflow7OpGraphE
I1012 17:39:08.591347 29637 global.h:43] DeleteGlobal N7oneflow7OpGraphE
I1012 17:39:08.593979 29637 oneflow.cpp:210] 
job_id: 5 , job_name: MainJob-unamed , compile time: 0.00902963 seconds.
I1012 17:39:08.601842 29637 global.h:43] DeleteGlobal N7oneflow7JobDescE
I1012 17:39:08.609599 29637 plan_util.cpp:928]  Plan: merged_plan needs to allocate [ 724.647 MiB ] device memory in Rank: 0 , Device: 0
I1012 17:39:08.609683 29637 plan_util.cpp:928]  Plan: merged_plan needs to allocate [ 724.646 MiB ] device memory in Rank: 0 , Device: 1
I1012 17:39:08.806742 29637 oneflow.cpp:998]  PushPlan merged_plan time: 0.0212549 seconds.
I1012 17:39:08.870172 29637 oneflow.cpp:1014]  PullPlan merged_plan time: 0.0539546 seconds.
I1012 17:39:15.421236 29637 runtime_context.cpp:21] NewCounter constructing_actor_cnt 783
I1012 17:39:15.422804 30263 naive_actor.cpp:25] actor 2199023255722 switch to &NaiveActor::HandlerNormal
I1012 17:39:15.422806 30269 naive_actor.cpp:25] actor 2207613190314 switch to &NaiveActor::HandlerNormal
I1012 17:39:15.423265 30269 thread.cpp:96] Thread 1052672 construct Actor kDeviceTick 2207613190314
I1012 17:39:15.422884 30241 naive_actor.cpp:25] actor 1099614388240 switch to &NaiveActor::HandlerNormal
I1012 17:39:15.423193 30242 wait_and_send_ids_actor.cpp:53] actor 1099616485376 switch to &WaitAndSendIdsActor::HandlerWaitToStart
I1012 17:39:15.423355 30242 thread.cpp:96] Thread 524338 construct Actor kWaitAndSendIds 1099616485376
I1012 17:39:15.423323 30241 thread.cpp:96] Thread 524337 construct Actor kDeviceTick 1099614388240
I1012 17:39:15.423367 30269 runtime_context.cpp:29] DecreaseCounter constructing_actor_cnt, current val is 782
I1012 17:39:15.423219 30263 thread.cpp:96] Thread 1048576 construct Actor kDeviceTick 2199023255722
I1012 17:39:15.423493 30242 runtime_context.cpp:29] DecreaseCounter constructing_actor_cnt, current val is 781
I1012 17:39:15.423501 30241 runtime_context.cpp:29] DecreaseCounter constructing_actor_cnt, current val is 780
I1012 17:39:15.423617 30263 runtime_context.cpp:29] DecreaseCounter constructing_actor_cnt, current val is 779
I1012 17:39:15.423745 30269 naive_actor.cpp:25] actor 2207613190375 switch to &NaiveActor::HandlerNormal
I1012 17:39:15.423782 30269 thread.cpp:96] Thread 1052672 construct Actor kDeviceTick 2207613190375
I1012 17:39:15.423822 30241 naive_actor.cpp:25] actor 1099614388241 switch to &NaiveActor::HandlerNormal
I1012 17:39:15.423858 30241 thread.cpp:96] Thread 524337 construct Actor kDeviceTick 1099614388241
I1012 17:39:15.423863 30269 runtime_context.cpp:29] DecreaseCounter constructing_actor_cnt, current val is 778
I1012 17:39:15.423934 30263 naive_actor.cpp:25] actor 2199023255783 switch to &NaiveActor::HandlerNormal
I1012 17:39:15.423966 30241 runtime_context.cpp:29] DecreaseCounter constructing_actor_cnt, current val is 777
I1012 17:39:15.423970 30263 thread.cpp:96] Thread 1048576 construct Actor kDeviceTick 2199023255783
I1012 17:39:15.424083 30263 runtime_context.cpp:29] DecreaseCounter constructing_actor_cnt, current val is 776
I1012 17:39:15.424234 30241 naive_actor.cpp:25] actor 1099614388231 switch to &NaiveActor::HandlerNormal
I1012 17:39:15.424247 30269 naive_actor.cpp:25] actor 2207613190414 switch to &NaiveActor::HandlerNormal
I1012 17:39:15.424293 30241 thread.cpp:96] Thread 524337 construct Actor kDeviceTick 1099614388231
I1012 17:39:15.424319 30269 thread.cpp:96] Thread 1052672 construct Actor kDeviceTick 2207613190414
I1012 17:39:15.424381 30241 runtime_context.cpp:29] DecreaseCounter constructing_actor_cnt, current val is 775
I1012 17:39:15.424394 30269 runtime_context.cpp:29] DecreaseCounter constructing_actor_cnt, current val is 774
I1012 17:39:15.424477 30263 naive_actor.cpp:25] actor 2199023255822 switch to &NaiveActor::HandlerNormal
I1012 17:39:15.424568 30263 thread.cpp:96] Thread 1048576 construct Actor kDeviceTick 2199023255822
I1012 17:39:15.424631 30241 naive_actor.cpp:25] actor 1099614388230 switch to &NaiveActor::HandlerNormal
I1012 17:39:15.424724 30269 naive_actor.cpp:25] actor 2207613190453 switch to &NaiveActor::HandlerNormal
I1012 17:39:15.424810 30263 runtime_context.cpp:29] DecreaseCounter constructing_actor_cnt, current val is 773
I1012 17:39:15.424837 30241 thread.cpp:96] Thread 524337 construct Actor kDeviceTick 1099614388230
I1012 17:39:15.424870 30269 thread.cpp:96] Thread 1052672 construct Actor kDeviceTick 2207613190453
I1012 17:39:15.424970 30241 runtime_context.cpp:29] DecreaseCounter constructing_actor_cnt, current val is 772
I1012 17:39:15.424993 30269 runtime_context.cpp:29] DecreaseCounter constructing_actor_cnt, current val is 771
I1012 17:39:15.425158 30263 naive_actor.cpp:25] actor 2199023255861 switch to &NaiveActor::HandlerNormal
I1012 17:39:15.425194 30263 thread.cpp:96] Thread 1048576 construct Actor kDeviceTick 2199023255861
I1012 17:39:15.425220 30241 naive_actor.cpp:25] actor 1099614388232 switch to &NaiveActor::HandlerNormal
I1012 17:39:15.425246 30263 runtime_context.cpp:29] DecreaseCounter constructing_actor_cnt, current val is 770
I1012 17:39:15.425254 30241 thread.cpp:96] Thread 524337 construct Actor kDeviceTick 1099614388232
I1012 17:39:15.425330 30241 runtime_context.cpp:29] DecreaseCounter constructing_actor_cnt, current val is 769
I1012 17:39:15.425689 30241 naive_actor.cpp:25] actor 1099614388251 switch to &NaiveActor::HandlerNormal
I1012 17:39:15.425722 30241 thread.cpp:96] Thread 524337 construct Actor kDeviceTick 1099614388251
I1012 17:39:15.425773 30241 runtime_context.cpp:29] DecreaseCounter constructing_actor_cnt, current val is 768
I1012 17:39:15.426004 30241 naive_actor.cpp:25] actor 1099614388260 switch to &NaiveActor::HandlerNormal
I1012 17:39:15.426036 30241 thread.cpp:96] Thread 524337 construct Actor kDeviceTick 1099614388260
I1012 17:39:15.426088 30241 runtime_context.cpp:29] DecreaseCounter constructing_actor_cnt, current val is 767
I1012 17:39:15.426311 30241 naive_actor.cpp:25] actor 1099614388269 switch to &NaiveActor::HandlerNormal
I1012 17:39:15.426344 30241 thread.cpp:96] Thread 524337 construct Actor kDeviceTick 1099614388269
I1012 17:39:15.426393 30241 runtime_context.cpp:29] DecreaseCounter constructing_actor_cnt, current val is 766
I1012 17:39:15.426630 30241 naive_actor.cpp:25] actor 1099614388278 switch to &NaiveActor::HandlerNormal
I1012 17:39:15.426662 30241 thread.cpp:96] Thread 524337 construct Actor kDeviceTick 1099614388278
I1012 17:39:15.426712 30241 runtime_context.cpp:29] DecreaseCounter constructing_actor_cnt, current val is 765
I1012 17:39:15.426951 30241 naive_actor.cpp:25] actor 1099614388289 switch to &NaiveActor::HandlerNormal
I1012 17:39:15.426983 30241 thread.cpp:96] Thread 524337 construct Actor kDeviceTick 1099614388289
I1012 17:39:15.427032 30241 runtime_context.cpp:29] DecreaseCounter constructing_actor_cnt, current val is 764
I1012 17:39:15.427281 30241 naive_actor.cpp:25] actor 1099614388286 switch to &NaiveActor::HandlerNormal
I1012 17:39:15.427315 30241 thread.cpp:96] Thread 524337 construct Actor kDeviceTick 1099614388286
I1012 17:39:15.427366 30241 runtime_context.cpp:29] DecreaseCounter constructing_actor_cnt, current val is 763
I1012 17:39:15.427621 30241 naive_actor.cpp:25] actor 1099614388287 switch to &NaiveActor::HandlerNormal
I1012 17:39:15.427654 30241 thread.cpp:96] Thread 524337 construct Actor kDeviceTick 1099614388287
I1012 17:39:15.427702 30241 runtime_context.cpp:29] DecreaseCounter constructing_actor_cnt, current val is 762
I1012 17:39:15.449275 30205 naive_actor.cpp:25] actor 1099522113536 switch to &NaiveActor::HandlerNormal
I1012 17:39:15.449287 30204 naive_actor.cpp:25] actor 1099520016384 switch to &NaiveActor::HandlerNormal
I1012 17:39:15.449287 30208 naive_actor.cpp:25] actor 1099528404992 switch to &NaiveActor::HandlerNormal
I1012 17:39:15.449620 30210 naive_actor.cpp:25] actor 1099532599296 switch to &NaiveActor::HandlerNormal
I1012 17:39:15.449445 30205 thread.cpp:96] Thread 524293 construct Actor kNormalForward 1099522113536
I1012 17:39:15.449510 30204 thread.cpp:96] Thread 524292 construct Actor kNormalForward 1099520016384
I1012 17:39:15.449288 30212 naive_actor.cpp:25] actor 1099536793600 switch to &NaiveActor::HandlerNormal
I1012 17:39:15.450093 30212 thread.cpp:96] Thread 524300 construct Actor kNormalForward 1099536793600
I1012 17:39:15.449651 30209 naive_actor.cpp:25] actor 1099530502144 switch to &NaiveActor::HandlerNormal
I1012 17:39:15.449728 30210 thread.cpp:96] Thread 524298 construct Actor kNormalForward 1099532599296
I1012 17:39:15.449761 30211 naive_actor.cpp:25] actor 1099534696448 switch to &NaiveActor::HandlerNormal
I1012 17:39:15.450846 30213 naive_actor.cpp:25] actor 1099538890752 switch to &NaiveActor::HandlerNormal
I1012 17:39:15.450978 30213 thread.cpp:96] Thread 524301 construct Actor kNormalForward 1099538890752
I1012 17:39:15.449983 30205 runtime_context.cpp:29] DecreaseCounter constructing_actor_cnt, current val is 761
I1012 17:39:15.449630 30208 thread.cpp:96] Thread 524296 construct Actor kNormalForward 1099528404992
I1012 17:39:15.450174 30224 naive_actor.cpp:25] actor 1099561959424 switch to &NaiveActor::HandlerNormal
I1012 17:39:15.450213 30204 runtime_context.cpp:29] DecreaseCounter constructing_actor_cnt, current val is 760
I1012 17:39:15.450261 30212 runtime_context.cpp:29] DecreaseCounter constructing_actor_cnt, current val is 759
I1012 17:39:15.450304 30207 naive_actor.cpp:25] actor 1099526307840 switch to &NaiveActor::HandlerNormal
I1012 17:39:15.450316 30235 naive_actor.cpp:25] actor 1099585028096 switch to &NaiveActor::HandlerNormal
I1012 17:39:15.450515 30209 thread.cpp:96] Thread 524297 construct Actor kNormalForward 1099530502144
I1012 17:39:15.450858 30210 runtime_context.cpp:29] DecreaseCounter constructing_actor_cnt, current val is 758
I1012 17:39:15.449860 30220 naive_actor.cpp:25] actor 1099553570816 switch to &NaiveActor::HandlerNormal
I1012 17:39:15.450860 30211 thread.cpp:96] Thread 524299 construct Actor kNormalForward 1099534696448
I1012 17:39:15.451584 30223 naive_actor.cpp:25] actor 1099559862272 switch to &NaiveActor::HandlerNormal
I1012 17:39:15.451107 30239 naive_actor.cpp:25] actor 1099593416704 switch to &NaiveActor::HandlerNormal
I1012 17:39:15.451733 30239 thread.cpp:96] Thread 524327 construct Actor kNormalForward 1099593416704
I1012 17:39:15.451226 30224 thread.cpp:96] Thread 524312 construct Actor kNormalForward 1099561959424
I1012 17:39:15.451285 30208 runtime_context.cpp:29] DecreaseCounter constructing_actor_cnt, current val is 756
I1012 17:39:15.451325 30207 thread.cpp:96] Thread 524295 construct Actor kNormalForward 1099526307840
I1012 17:39:15.451921 30241 naive_actor.cpp:25] actor 1099614388228 switch to &NaiveActor::HandlerNormal
I1012 17:39:15.451393 30225 naive_actor.cpp:25] actor 1099564056576 switch to &NaiveActor::HandlerNormal
I1012 17:39:15.452092 30237 naive_actor.cpp:25] actor 1099589222400 switch to &NaiveActor::HandlerNormal
I1012 17:39:15.451397 30222 naive_actor.cpp:25] actor 1099557765120 switch to &NaiveActor::HandlerNormal
I1012 17:39:15.451406 30233 naive_actor.cpp:25] actor 1099580833792 switch to &NaiveActor::HandlerNormal
I1012 17:39:15.451447 30216 naive_actor.cpp:25] actor 1099545182208 switch to &NaiveActor::HandlerNormal
I1012 17:39:15.451521 30221 naive_actor.cpp:25] actor 1099555667968 switch to &NaiveActor::HandlerNormal
I1012 17:39:15.451555 30220 thread.cpp:96] Thread 524308 construct Actor kNormalForward 1099553570816
I1012 17:39:15.451570 30209 runtime_context.cpp:29] DecreaseCounter constructing_actor_cnt, current val is 755
I1012 17:39:15.451598 30267 naive_actor.cpp:25] actor 2199027449856 switch to &NaiveActor::HandlerNormal
I1012 17:39:15.449944 30206 naive_actor.cpp:25] actor 1099524210688 switch to &NaiveActor::HandlerNormal
I1012 17:39:15.451618 30236 naive_actor.cpp:25] actor 1099587125248 switch to &NaiveActor::HandlerNormal
I1012 17:39:15.451642 30223 thread.cpp:96] Thread 524311 construct Actor kNormalForward 1099559862272
I1012 17:39:15.451648 30234 naive_actor.cpp:25] actor 1099582930944 switch to &NaiveActor::HandlerNormal
I1012 17:39:15.451663 30227 naive_actor.cpp:25] actor 1099568250880 switch to &NaiveActor::HandlerNormal
I1012 17:39:15.451675 30231 naive_actor.cpp:25] actor 1099576639488 switch to &NaiveActor::HandlerNormal
I1012 17:39:15.451694 30229 naive_actor.cpp:25] actor 1099572445184 switch to &NaiveActor::HandlerNormal
I1012 17:39:15.451704 30211 runtime_context.cpp:29] DecreaseCounter constructing_actor_cnt, current val is 754
I1012 17:39:15.451166 30213 runtime_context.cpp:29] DecreaseCounter constructing_actor_cnt, current val is 757
I1012 17:39:15.451783 30218 naive_actor.cpp:25] actor 1099549376512 switch to &NaiveActor::HandlerNormal
I1012 17:39:15.451788 30230 naive_actor.cpp:25] actor 1099574542336 switch to &NaiveActor::HandlerNormal
I1012 17:39:15.451858 30239 runtime_context.cpp:29] DecreaseCounter constructing_actor_cnt, current val is 753
I1012 17:39:15.451359 30235 thread.cpp:96] Thread 524323 construct Actor kForeignInput 1099585028096
I1012 17:39:15.451961 30215 naive_actor.cpp:25] actor 1099543085056 switch to &NaiveActor::HandlerNormal
I1012 17:39:15.451923 30224 runtime_context.cpp:29] DecreaseCounter constructing_actor_cnt, current val is 752
I1012 17:39:15.451934 30232 naive_actor.cpp:25] actor 1099578736640 switch to &NaiveActor::HandlerNormal
I1012 17:39:15.451921 30214 naive_actor.cpp:25] actor 1099540987904 switch to &NaiveActor::HandlerNormal
I1012 17:39:15.453907 30214 thread.cpp:96] Thread 524302 construct Actor kNormalForward 1099540987904
I1012 17:39:15.451926 30243 sink_actor.cpp:21] actor 1099618582528 switch to &SinkActor::HandlerNormal
I1012 17:39:15.451997 30240 naive_actor.cpp:25] actor 1099595513856 switch to &NaiveActor::HandlerNormal
I1012 17:39:15.452049 30241 thread.cpp:96] Thread 524337 construct Actor kDeviceTick 1099614388228
I1012 17:39:15.452052 30228 naive_actor.cpp:25] actor 1099570348032 switch to &NaiveActor::HandlerNormal
I1012 17:39:15.452054 30265 naive_actor.cpp:25] actor 2199025352705 switch to &NaiveActor::HandlerNormal
I1012 17:39:15.452066 30271 naive_actor.cpp:25] actor 2207615287298 switch to &NaiveActor::HandlerNormal
I1012 17:39:15.454257 30271 thread.cpp:96] Thread 1052673 construct Actor kSliceBoxing 2207615287298
I1012 17:39:15.452100 30225 thread.cpp:96] Thread 524313 construct Actor kNormalForward 1099564056576
I1012 17:39:15.452116 30217 naive_actor.cpp:25] actor 1099547279360 switch to &NaiveActor::HandlerNormal
I1012 17:39:15.454407 30225 runtime_context.cpp:29] DecreaseCounter constructing_actor_cnt, current val is 744
I1012 17:39:15.452172 30222 thread.cpp:96] Thread 524310 construct Actor kNormalForward 1099557765120
I1012 17:39:15.452248 30233 thread.cpp:96] Thread 524321 construct Actor kNormalForward 1099580833792
I1012 17:39:15.452318 30216 thread.cpp:96] Thread 524304 construct Actor kNormalForward 1099545182208
I1012 17:39:15.452349 30269 naive_actor.cpp:25] actor 2207613190155 switch to &NaiveActor::HandlerNormal
I1012 17:39:15.452387 30219 naive_actor.cpp:25] actor 1099551473664 switch to &NaiveActor::HandlerNormal
I1012 17:39:15.454710 30219 thread.cpp:96] Thread 524307 construct Actor kNormalForward 1099551473664
I1012 17:39:15.452456 30226 naive_actor.cpp:25] actor 1099566153728 switch to &NaiveActor::HandlerNormal
I1012 17:39:15.454797 30226 thread.cpp:96] Thread 524314 construct Actor kNormalForward 1099566153728
I1012 17:39:15.452560 30267 thread.cpp:96] Thread 1048578 construct Actor kCopyHd 2199027449856
I1012 17:39:15.452617 30206 thread.cpp:96] Thread 524294 construct Actor kNormalForward 1099524210688
I1012 17:39:15.452649 30236 thread.cpp:96] Thread 524324 construct Actor kNormalForward 1099587125248
I1012 17:39:15.452672 30263 naive_actor.cpp:25] actor 2199023255558 switch to &NaiveActor::HandlerNormal
I1012 17:39:15.455035 30206 runtime_context.cpp:29] DecreaseCounter constructing_actor_cnt, current val is 736
I1012 17:39:15.452955 30234 thread.cpp:96] Thread 524322 construct Actor kNormalForward 1099582930944
I1012 17:39:15.452984 30227 thread.cpp:96] Thread 524315 construct Actor kNormalForward 1099568250880
I1012 17:39:15.453030 30231 thread.cpp:96] Thread 524319 construct Actor kNormalForward 1099576639488
I1012 17:39:15.453088 30229 thread.cpp:96] Thread 524317 construct Actor kForeignInput 1099572445184
I1012 17:39:15.453366 30218 thread.cpp:96] Thread 524306 construct Actor kNormalForward 1099549376512
I1012 17:39:15.453516 30230 thread.cpp:96] Thread 524318 construct Actor kNormalForward 1099574542336
I1012 17:39:15.453671 30235 runtime_context.cpp:29] DecreaseCounter constructing_actor_cnt, current val is 748
I1012 17:39:15.453711 30215 thread.cpp:96] Thread 524303 construct Actor kNormalForward 1099543085056
I1012 17:39:15.453863 30232 thread.cpp:96] Thread 524320 construct Actor kForeignInput 1099578736640
I1012 17:39:15.451993 30207 runtime_context.cpp:29] DecreaseCounter constructing_actor_cnt, current val is 751
I1012 17:39:15.455746 30215 runtime_context.cpp:29] DecreaseCounter constructing_actor_cnt, current val is 729
I1012 17:39:15.454056 30243 thread.cpp:96] Thread 524339 construct Actor kCallbackNotify 1099618582528
I1012 17:39:15.454098 30240 thread.cpp:96] Thread 524328 construct Actor kForeignOutput 1099595513856
I1012 17:39:15.454174 30228 thread.cpp:96] Thread 524316 construct Actor kSliceBoxing 1099570348032
I1012 17:39:15.454200 30241 runtime_context.cpp:29] DecreaseCounter constructing_actor_cnt, current val is 746
I1012 17:39:15.454227 30265 thread.cpp:96] Thread 1048577 construct Actor kSliceBoxing 2199025352705
I1012 17:39:15.451385 30238 naive_actor.cpp:25] actor 1099591319552 switch to &NaiveActor::HandlerNormal
I1012 17:39:15.454326 30271 runtime_context.cpp:29] DecreaseCounter constructing_actor_cnt, current val is 745
I1012 17:39:15.452152 30237 thread.cpp:96] Thread 524325 construct Actor kNormalForward 1099589222400
I1012 17:39:15.454416 30217 thread.cpp:96] Thread 524305 construct Actor kNormalForward 1099547279360
I1012 17:39:15.454555 30222 runtime_context.cpp:29] DecreaseCounter constructing_actor_cnt, current val is 743
I1012 17:39:15.454596 30233 runtime_context.cpp:29] DecreaseCounter constructing_actor_cnt, current val is 742
I1012 17:39:15.454651 30216 runtime_context.cpp:29] DecreaseCounter constructing_actor_cnt, current val is 741
I1012 17:39:15.456473 30217 runtime_context.cpp:29] DecreaseCounter constructing_actor_cnt, current val is 722
I1012 17:39:15.452401 30221 thread.cpp:96] Thread 524309 construct Actor kNormalForward 1099555667968
I1012 17:39:15.454818 30219 runtime_context.cpp:29] DecreaseCounter constructing_actor_cnt, current val is 740
I1012 17:39:15.456719 30221 runtime_context.cpp:29] DecreaseCounter constructing_actor_cnt, current val is 721
I1012 17:39:15.454898 30267 runtime_context.cpp:29] DecreaseCounter constructing_actor_cnt, current val is 739
I1012 17:39:15.454921 30226 runtime_context.cpp:29] DecreaseCounter constructing_actor_cnt, current val is 738
I1012 17:39:15.455029 30236 runtime_context.cpp:29] DecreaseCounter constructing_actor_cnt, current val is 737
I1012 17:39:15.452755 30223 runtime_context.cpp:29] DecreaseCounter constructing_actor_cnt, current val is 749
I1012 17:39:15.455046 30263 thread.cpp:96] Thread 1048576 construct Actor kNormalForward 2199023255558
I1012 17:39:15.455210 30234 runtime_context.cpp:29] DecreaseCounter constructing_actor_cnt, current val is 735
I1012 17:39:15.457120 30263 runtime_context.cpp:29] DecreaseCounter constructing_actor_cnt, current val is 720
I1012 17:39:15.455354 30231 runtime_context.cpp:29] DecreaseCounter constructing_actor_cnt, current val is 733
I1012 17:39:15.455390 30229 runtime_context.cpp:29] DecreaseCounter constructing_actor_cnt, current val is 732
I1012 17:39:15.455495 30218 runtime_context.cpp:29] DecreaseCounter constructing_actor_cnt, current val is 731
I1012 17:39:15.455619 30230 runtime_context.cpp:29] DecreaseCounter constructing_actor_cnt, current val is 730
I1012 17:39:15.454020 30214 runtime_context.cpp:29] DecreaseCounter constructing_actor_cnt, current val is 747
I1012 17:39:15.455767 30232 runtime_context.cpp:29] DecreaseCounter constructing_actor_cnt, current val is 728
I1012 17:39:15.455916 30243 runtime_context.cpp:29] DecreaseCounter constructing_actor_cnt, current val is 727
I1012 17:39:15.455973 30240 runtime_context.cpp:29] DecreaseCounter constructing_actor_cnt, current val is 726
I1012 17:39:15.456001 30228 runtime_context.cpp:29] DecreaseCounter constructing_actor_cnt, current val is 725
I1012 17:39:15.456110 30265 runtime_context.cpp:29] DecreaseCounter constructing_actor_cnt, current val is 724
I1012 17:39:15.456171 30238 thread.cpp:96] Thread 524326 construct Actor kNormalForward 1099591319552
I1012 17:39:15.456349 30237 runtime_context.cpp:29] DecreaseCounter constructing_actor_cnt, current val is 723
I1012 17:39:15.456445 30271 naive_actor.cpp:25] actor 2207615287297 switch to &NaiveActor::HandlerNormal
I1012 17:39:15.454658 30269 thread.cpp:96] Thread 1052672 construct Actor kNormalForward 2207613190155
I1012 17:39:15.452497 30220 runtime_context.cpp:29] DecreaseCounter constructing_actor_cnt, current val is 750
I1012 17:39:15.455281 30227 runtime_context.cpp:29] DecreaseCounter constructing_actor_cnt, current val is 734
I1012 17:39:15.457245 30241 esac_actor.cpp:73] actor 1099614388326 switch to &EsacActor::HandlerNormal
I1012 17:39:15.458077 30238 runtime_context.cpp:29] DecreaseCounter constructing_actor_cnt, current val is 719
I1012 17:39:15.458079 30265 naive_actor.cpp:25] actor 2199025352706 switch to &NaiveActor::HandlerNormal
I1012 17:39:15.458119 30271 thread.cpp:96] Thread 1052673 construct Actor kSliceBoxing 2207615287297
I1012 17:39:15.458240 30269 runtime_context.cpp:29] DecreaseCounter constructing_actor_cnt, current val is 718
I1012 17:39:15.458321 30241 thread.cpp:96] Thread 524337 construct Actor kEsac 1099614388326
I1012 17:39:15.458513 30271 runtime_context.cpp:29] DecreaseCounter constructing_actor_cnt, current val is 717
I1012 17:39:15.458458 30265 thread.cpp:96] Thread 1048577 construct Actor kSliceBoxing 2199025352706
I1012 17:39:15.458623 30265 runtime_context.cpp:29] DecreaseCounter constructing_actor_cnt, current val is 716
I1012 17:39:15.458626 30241 runtime_context.cpp:29] DecreaseCounter constructing_actor_cnt, current val is 715
I1012 17:39:15.458761 30271 naive_actor.cpp:25] actor 2207615287300 switch to &NaiveActor::HandlerNormal
I1012 17:39:15.458846 30271 thread.cpp:96] Thread 1052673 construct Actor kCopyHd 2207615287300
I1012 17:39:15.458921 30265 naive_actor.cpp:25] actor 2199025352708 switch to &NaiveActor::HandlerNormal
I1012 17:39:15.458928 30271 runtime_context.cpp:29] DecreaseCounter constructing_actor_cnt, current val is 714
I1012 17:39:15.458984 30265 thread.cpp:96] Thread 1048577 construct Actor kSliceBoxing 2199025352708
I1012 17:39:15.459142 30265 runtime_context.cpp:29] DecreaseCounter constructing_actor_cnt, current val is 713
I1012 17:39:15.459225 30269 naive_actor.cpp:25] actor 2207613190151 switch to &NaiveActor::HandlerNormal
I1012 17:39:15.459290 30269 thread.cpp:96] Thread 1052672 construct Actor kNormalForward 2207613190151
I1012 17:39:15.459318 30271 naive_actor.cpp:25] actor 2207615287299 switch to &NaiveActor::HandlerNormal
I1012 17:39:15.459358 30265 naive_actor.cpp:25] actor 2199025352709 switch to &NaiveActor::HandlerNormal
I1012 17:39:15.459399 30269 runtime_context.cpp:29] DecreaseCounter constructing_actor_cnt, current val is 712
I1012 17:39:15.459408 30271 thread.cpp:96] Thread 1052673 construct Actor kSliceBoxing 2207615287299
I1012 17:39:15.459416 30241 naive_actor.cpp:25] actor 1099614388239 switch to &NaiveActor::HandlerNormal
I1012 17:39:15.459581 30271 runtime_context.cpp:29] DecreaseCounter constructing_actor_cnt, current val is 711
I1012 17:39:15.459468 30265 thread.cpp:96] Thread 1048577 construct Actor kCopyHd 2199025352709
I1012 17:39:15.459597 30241 thread.cpp:96] Thread 524337 construct Actor kTick 1099614388239
I1012 17:39:15.459619 30263 naive_actor.cpp:25] actor 2199023255555 switch to &NaiveActor::HandlerNormal
I1012 17:39:15.459704 30265 runtime_context.cpp:29] DecreaseCounter constructing_actor_cnt, current val is 710
I1012 17:39:15.459787 30263 thread.cpp:96] Thread 1048576 construct Actor kNormalForward 2199023255555
I1012 17:39:15.459796 30241 runtime_context.cpp:29] DecreaseCounter constructing_actor_cnt, current val is 709
I1012 17:39:15.459971 30271 naive_actor.cpp:25] actor 2207615287296 switch to &NaiveActor::HandlerNormal
I1012 17:39:15.459993 30263 runtime_context.cpp:29] DecreaseCounter constructing_actor_cnt, current val is 708
I1012 17:39:15.460037 30271 thread.cpp:96] Thread 1052673 construct Actor kSliceBoxing 2207615287296
I1012 17:39:15.460108 30265 naive_actor.cpp:25] actor 2199025352707 switch to &NaiveActor::HandlerNormal
I1012 17:39:15.460178 30271 runtime_context.cpp:29] DecreaseCounter constructing_actor_cnt, current val is 707
I1012 17:39:15.460180 30265 thread.cpp:96] Thread 1048577 construct Actor kSliceBoxing 2199025352707
I1012 17:39:15.460336 30265 runtime_context.cpp:29] DecreaseCounter constructing_actor_cnt, current val is 706
I1012 17:39:15.460512 30271 naive_actor.cpp:25] actor 2207615287301 switch to &NaiveActor::HandlerNormal
I1012 17:39:15.460515 30241 naive_actor.cpp:25] actor 1099614388226 switch to &NaiveActor::HandlerNormal
I1012 17:39:15.460593 30271 thread.cpp:96] Thread 1052673 construct Actor kCopyHd 2207615287301
I1012 17:39:15.460646 30241 thread.cpp:96] Thread 524337 construct Actor kDeviceTick 1099614388226
I1012 17:39:15.460714 30271 runtime_context.cpp:29] DecreaseCounter constructing_actor_cnt, current val is 705
I1012 17:39:15.460778 30241 runtime_context.cpp:29] DecreaseCounter constructing_actor_cnt, current val is 704
I1012 17:39:15.460789 30265 naive_actor.cpp:25] actor 2199025352704 switch to &NaiveActor::HandlerNormal
I1012 17:39:15.460906 30265 thread.cpp:96] Thread 1048577 construct Actor kSliceBoxing 2199025352704
I1012 17:39:15.460978 30271 naive_actor.cpp:25] actor 2207615287302 switch to &NaiveActor::HandlerNormal
I1012 17:39:15.460979 30265 runtime_context.cpp:29] DecreaseCounter constructing_actor_cnt, current val is 703
I1012 17:39:15.461056 30271 thread.cpp:96] Thread 1052673 construct Actor kCopyHd 2207615287302
I1012 17:39:15.461171 30271 runtime_context.cpp:29] DecreaseCounter constructing_actor_cnt, current val is 702
I1012 17:39:15.461308 30269 naive_actor.cpp:25] actor 2207613190156 switch to &NaiveActor::HandlerNormal
I1012 17:39:15.461311 30265 naive_actor.cpp:25] actor 2199025352710 switch to &NaiveActor::HandlerNormal
I1012 17:39:15.461372 30269 thread.cpp:96] Thread 1052672 construct Actor kNormalForward 2207613190156
I1012 17:39:15.461409 30265 thread.cpp:96] Thread 1048577 construct Actor kCopyHd 2199025352710
I1012 17:39:15.461475 30241 naive_actor.cpp:25] actor 1099614388247 switch to &NaiveActor::HandlerNormal
I1012 17:39:15.461547 30241 thread.cpp:96] Thread 524337 construct Actor kTick 1099614388247
I1012 17:39:15.461547 30265 runtime_context.cpp:29] DecreaseCounter constructing_actor_cnt, current val is 700
I1012 17:39:15.461547 30269 runtime_context.cpp:29] DecreaseCounter constructing_actor_cnt, current val is 701
I1012 17:39:15.461658 30241 runtime_context.cpp:29] DecreaseCounter constructing_actor_cnt, current val is 699
I1012 17:39:15.461735 30263 naive_actor.cpp:25] actor 2199023255569 switch to &NaiveActor::HandlerNormal
I1012 17:39:15.461800 30263 thread.cpp:96] Thread 1048576 construct Actor kNormalForward 2199023255569
I1012 17:39:15.461894 30263 runtime_context.cpp:29] DecreaseCounter constructing_actor_cnt, current val is 698
I1012 17:39:15.461915 30265 naive_actor.cpp:25] actor 2199025352711 switch to &NaiveActor::HandlerNormal
I1012 17:39:15.461993 30265 thread.cpp:96] Thread 1048577 construct Actor kCopyHd 2199025352711
I1012 17:39:15.462070 30265 runtime_context.cpp:29] DecreaseCounter constructing_actor_cnt, current val is 697
I1012 17:39:15.462222 30241 naive_actor.cpp:25] actor 1099614388236 switch to &NaiveActor::HandlerNormal
I1012 17:39:15.462291 30241 thread.cpp:96] Thread 524337 construct Actor kTick 1099614388236
I1012 17:39:15.462381 30241 runtime_context.cpp:29] DecreaseCounter constructing_actor_cnt, current val is 696
I1012 17:39:15.462502 30263 naive_actor.cpp:25] actor 2199023255593 switch to &NaiveActor::HandlerNormal
I1012 17:39:15.462668 30263 thread.cpp:96] Thread 1048576 construct Actor kNormalForward 2199023255593
I1012 17:39:15.462774 30263 runtime_context.cpp:29] DecreaseCounter constructing_actor_cnt, current val is 695
I1012 17:39:15.462908 30241 naive_actor.cpp:25] actor 1099614388237 switch to &NaiveActor::HandlerNormal
I1012 17:39:15.462982 30241 thread.cpp:96] Thread 524337 construct Actor kTick 1099614388237
I1012 17:39:15.463084 30241 runtime_context.cpp:29] DecreaseCounter constructing_actor_cnt, current val is 694
I1012 17:39:15.463326 30269 naive_actor.cpp:25] actor 2207613190154 switch to &NaiveActor::HandlerNormal
I1012 17:39:15.463403 30269 thread.cpp:96] Thread 1052672 construct Actor kNormalForward 2207613190154
I1012 17:39:15.463558 30269 runtime_context.cpp:29] DecreaseCounter constructing_actor_cnt, current val is 693
I1012 17:39:15.463646 30241 naive_actor.cpp:25] actor 1099614388229 switch to &NaiveActor::HandlerNormal
I1012 17:39:15.463716 30241 thread.cpp:96] Thread 524337 construct Actor kSrcSubsetTick 1099614388229
I1012 17:39:15.463816 30241 runtime_context.cpp:29] DecreaseCounter constructing_actor_cnt, current val is 692
I1012 17:39:15.464143 30263 naive_actor.cpp:25] actor 2199023255574 switch to &NaiveActor::HandlerNormal
I1012 17:39:15.464208 30263 thread.cpp:96] Thread 1048576 construct Actor kNormalForward 2199023255574
I1012 17:39:15.464299 30263 runtime_context.cpp:29] DecreaseCounter constructing_actor_cnt, current val is 691
I1012 17:39:15.464334 30241 naive_actor.cpp:25] actor 1099614388225 switch to &NaiveActor::HandlerNormal
I1012 17:39:15.464411 30241 thread.cpp:96] Thread 524337 construct Actor kDeviceTick 1099614388225
I1012 17:39:15.464542 30241 runtime_context.cpp:29] DecreaseCounter constructing_actor_cnt, current val is 690
I1012 17:39:15.464929 30263 naive_actor.cpp:25] actor 2199023255559 switch to &NaiveActor::HandlerNormal
I1012 17:39:15.465001 30263 thread.cpp:96] Thread 1048576 construct Actor kNormalForward 2199023255559
I1012 17:39:15.465080 30263 runtime_context.cpp:29] DecreaseCounter constructing_actor_cnt, current val is 689
I1012 17:39:15.465085 30241 naive_actor.cpp:25] actor 1099614388238 switch to &NaiveActor::HandlerNormal
I1012 17:39:15.465194 30241 thread.cpp:96] Thread 524337 construct Actor kTick 1099614388238
I1012 17:39:15.465304 30241 runtime_context.cpp:29] DecreaseCounter constructing_actor_cnt, current val is 688
I1012 17:39:15.465382 30269 naive_actor.cpp:25] actor 2207613190149 switch to &NaiveActor::HandlerNormal
I1012 17:39:15.465456 30269 thread.cpp:96] Thread 1052672 construct Actor kNormalForward 2207613190149
I1012 17:39:15.465579 30269 runtime_context.cpp:29] DecreaseCounter constructing_actor_cnt, current val is 687
I1012 17:39:15.465953 30241 naive_actor.cpp:25] actor 1099614388227 switch to &NaiveActor::HandlerNormal
I1012 17:39:15.466029 30241 thread.cpp:96] Thread 524337 construct Actor kDeviceTick 1099614388227
I1012 17:39:15.466120 30241 runtime_context.cpp:29] DecreaseCounter constructing_actor_cnt, current val is 686
I1012 17:39:15.466447 30263 naive_actor.cpp:25] actor 2199023255564 switch to &NaiveActor::HandlerNormal
I1012 17:39:15.466511 30263 thread.cpp:96] Thread 1048576 construct Actor kNormalForward 2199023255564
I1012 17:39:15.466610 30263 runtime_context.cpp:29] DecreaseCounter constructing_actor_cnt, current val is 685
I1012 17:39:15.466645 30241 naive_actor.cpp:25] actor 1099614388313 switch to &NaiveActor::HandlerNormal
I1012 17:39:15.466758 30241 thread.cpp:96] Thread 524337 construct Actor kTick 1099614388313
I1012 17:39:15.466868 30241 runtime_context.cpp:29] DecreaseCounter constructing_actor_cnt, current val is 684
I1012 17:39:15.467233 30269 naive_actor.cpp:25] actor 2207613190153 switch to &NaiveActor::HandlerNormal
I1012 17:39:15.467311 30269 thread.cpp:96] Thread 1052672 construct Actor kNormalForward 2207613190153
I1012 17:39:15.467399 30241 naive_actor.cpp:25] actor 1099614388224 switch to &NaiveActor::HandlerNormal
I1012 17:39:15.467442 30269 runtime_context.cpp:29] DecreaseCounter constructing_actor_cnt, current val is 683
I1012 17:39:15.467483 30241 thread.cpp:96] Thread 524337 construct Actor kDeviceTick 1099614388224
I1012 17:39:15.467692 30263 naive_actor.cpp:25] actor 2199023255556 switch to &NaiveActor::HandlerNormal
I1012 17:39:15.467715 30241 runtime_context.cpp:29] DecreaseCounter constructing_actor_cnt, current val is 682
I1012 17:39:15.467756 30263 thread.cpp:96] Thread 1048576 construct Actor kNormalForward 2199023255556
I1012 17:39:15.467916 30263 runtime_context.cpp:29] DecreaseCounter constructing_actor_cnt, current val is 681
I1012 17:39:15.468307 30241 naive_actor.cpp:25] actor 1099614388242 switch to &NaiveActor::HandlerNormal
I1012 17:39:15.468390 30241 thread.cpp:96] Thread 524337 construct Actor kSrcSubsetTick 1099614388242
I1012 17:39:15.468441 30263 naive_actor.cpp:25] actor 2199023255563 switch to &NaiveActor::HandlerNormal
I1012 17:39:15.468500 30263 thread.cpp:96] Thread 1048576 construct Actor kNormalForward 2199023255563
I1012 17:39:15.468506 30241 runtime_context.cpp:29] DecreaseCounter constructing_actor_cnt, current val is 680
I1012 17:39:15.468587 30263 runtime_context.cpp:29] DecreaseCounter constructing_actor_cnt, current val is 679
I1012 17:39:15.468928 30269 naive_actor.cpp:25] actor 2207613190145 switch to &NaiveActor::HandlerNormal
I1012 17:39:15.468988 30241 naive_actor.cpp:25] actor 1099614388234 switch to &NaiveActor::HandlerNormal
I1012 17:39:15.469003 30269 thread.cpp:96] Thread 1052672 construct Actor kNormalForward 2207613190145
I1012 17:39:15.469043 30241 thread.cpp:96] Thread 524337 construct Actor kTick 1099614388234
I1012 17:39:15.469156 30269 runtime_context.cpp:29] DecreaseCounter constructing_actor_cnt, current val is 678
I1012 17:39:15.469168 30241 runtime_context.cpp:29] DecreaseCounter constructing_actor_cnt, current val is 677
I1012 17:39:15.469795 30263 naive_actor.cpp:25] actor 2199023255561 switch to &NaiveActor::HandlerNormal
I1012 17:39:15.469800 30241 naive_actor.cpp:25] actor 1099614388245 switch to &NaiveActor::HandlerNormal
I1012 17:39:15.469862 30263 thread.cpp:96] Thread 1048576 construct Actor kNormalForward 2199023255561
I1012 17:39:15.469913 30241 thread.cpp:96] Thread 524337 construct Actor kDstSubsetTick 1099614388245
I1012 17:39:15.470001 30263 runtime_context.cpp:29] DecreaseCounter constructing_actor_cnt, current val is 676
I1012 17:39:15.470044 30241 runtime_context.cpp:29] DecreaseCounter constructing_actor_cnt, current val is 675
I1012 17:39:15.470479 30263 naive_actor.cpp:25] actor 2199023255565 switch to &NaiveActor::HandlerNormal
I1012 17:39:15.470536 30263 thread.cpp:96] Thread 1048576 construct Actor kNormalForward 2199023255565
I1012 17:39:15.470609 30263 runtime_context.cpp:29] DecreaseCounter constructing_actor_cnt, current val is 674
I1012 17:39:15.470820 30269 naive_actor.cpp:25] actor 2207613190147 switch to &NaiveActor::HandlerNormal
I1012 17:39:15.470857 30241 naive_actor.cpp:25] actor 1099614388235 switch to &NaiveActor::HandlerNormal
I1012 17:39:15.470893 30269 thread.cpp:96] Thread 1052672 construct Actor kNormalForward 2207613190147
I1012 17:39:15.470945 30241 thread.cpp:96] Thread 524337 construct Actor kDstSubsetTick 1099614388235
I1012 17:39:15.471063 30269 runtime_context.cpp:29] DecreaseCounter constructing_actor_cnt, current val is 673
I1012 17:39:15.471083 30241 runtime_context.cpp:29] DecreaseCounter constructing_actor_cnt, current val is 672
I1012 17:39:15.471556 30241 naive_actor.cpp:25] actor 1099614388244 switch to &NaiveActor::HandlerNormal
I1012 17:39:15.471617 30241 thread.cpp:96] Thread 524337 construct Actor kTick 1099614388244
I1012 17:39:15.471698 30241 runtime_context.cpp:29] DecreaseCounter constructing_actor_cnt, current val is 671
I1012 17:39:15.471837 30263 naive_actor.cpp:25] actor 2199023255562 switch to &NaiveActor::HandlerNormal
I1012 17:39:15.471900 30263 thread.cpp:96] Thread 1048576 construct Actor kNormalForward 2199023255562
I1012 17:39:15.471999 30263 runtime_context.cpp:29] DecreaseCounter constructing_actor_cnt, current val is 670
I1012 17:39:15.472090 30241 naive_actor.cpp:25] actor 1099614388246 switch to &NaiveActor::HandlerNormal
I1012 17:39:15.472209 30241 thread.cpp:96] Thread 524337 construct Actor kTick 1099614388246
I1012 17:39:15.472280 30241 runtime_context.cpp:29] DecreaseCounter constructing_actor_cnt, current val is 669
I1012 17:39:15.472365 30269 naive_actor.cpp:25] actor 2207613190148 switch to &NaiveActor::HandlerNormal
I1012 17:39:15.472441 30269 thread.cpp:96] Thread 1052672 construct Actor kNormalForward 2207613190148
I1012 17:39:15.472560 30269 runtime_context.cpp:29] DecreaseCounter constructing_actor_cnt, current val is 668
I1012 17:39:15.472720 30241 naive_actor.cpp:25] actor 1099614388248 switch to &NaiveActor::HandlerNormal
I1012 17:39:15.472780 30241 thread.cpp:96] Thread 524337 construct Actor kTick 1099614388248
