Log file created at: 2021/10/14 10:15:41
Running on machine: oneflow-14
Log line format: [IWEF]mmdd hh:mm:ss.uuuuuu threadid file:line] msg
I1014 10:15:41.445130 34150 global.h:36] NewGlobal 14cudaDeviceProp
I1014 10:15:41.446125 34150 global.h:36] NewGlobal N7oneflow7EnvDescE
I1014 10:15:41.446139 34150 global.h:36] NewGlobal N7oneflow10ProcessCtxE
I1014 10:15:41.446146 34150 env_global_objects_scope.cpp:152] using rpc backend: local
I1014 10:15:41.446159 34150 global.h:36] NewGlobal N7oneflow12ResourceDescE
I1014 10:15:41.446167 34150 global.h:36] NewGlobal N7oneflow12ResourceDescE
I1014 10:15:41.511296 34150 global.h:36] NewGlobal N7oneflow10ThreadPoolE
I1014 10:15:41.512615 34150 global.h:36] NewGlobal N7oneflow16EagerNcclCommMgrE
I1014 10:15:41.512635 34150 global.h:36] NewGlobal N7oneflow18CudnnConvAlgoCacheE
I1014 10:15:41.512645 34150 global.h:36] NewGlobal N7oneflow2vm19VirtualMachineScopeE
I1014 10:15:41.512653 34150 global.h:36] NewGlobal N7oneflow9OneflowVME
I1014 10:15:41.513546 34150 oneflow_vm.cpp:75] transport stream type: N7oneflow2vm13CpuStreamTypeE
I1014 10:15:41.513571 34150 oneflow_vm.cpp:75] transport stream type: N7oneflow2vm14CudaStreamTypeE
I1014 10:15:41.513581 34150 oneflow_vm.cpp:75] transport stream type: N7oneflow2vm19AsyncCudaStreamTypeE
I1014 10:15:41.513731 34150 global.h:36] NewGlobal N7oneflow27EagerJobBuildAndInferCtxMgrE
I1014 10:15:41.513746 34150 global.h:36] NewGlobal N7oneflow12EpollCommNetE
I1014 10:15:41.513867 34150 epoll_comm_network.cpp:63] CommNet:Epoll listening on 0.0.0.0:44057
I1014 10:15:41.513906 34150 epoll_comm_network.cpp:197] machine 0 sockfd -1
I1014 10:15:41.514024 34150 global.h:36] NewGlobal N7oneflow9TransportE
I1014 10:15:41.515393 34150 global.h:43] DeleteGlobal N7oneflow12ResourceDescE
I1014 10:15:41.515424 34150 version.cpp:22] OneFlow git version: b295ca2324
I1014 10:15:41.515441 34150 device_register_gpu.cpp:56] CUDA runtime version: 11.2
I1014 10:15:41.515462 34150 device_register_gpu.cpp:65] cuDNN version: 8.1.1
I1014 10:15:41.515473 34150 device_register_gpu.cpp:78] NCCL version: 2.9.8
I1014 10:15:41.515483 34150 global.h:36] NewGlobal N7oneflow12ResourceDescE
I1014 10:15:41.515491 34150 global.h:36] NewGlobal N7oneflow5IDMgrE
I1014 10:15:41.515499 34150 global.h:36] NewGlobal N7oneflow16AvailableMemDescE
I1014 10:15:41.515525 34150 global.h:36] NewGlobal St13unordered_mapISslSt4hashISsESt8equal_toISsESaISt4pairIKSslEEE
I1014 10:15:41.515534 34150 global.h:36] NewGlobal N7oneflow19CriticalSectionDescE
I1014 10:15:41.515542 34150 global.h:36] NewGlobal N7oneflow16InterUserJobInfoE
I1014 10:15:41.515552 34150 global.h:36] NewGlobal N7oneflow26LazyJobBuildAndInferCtxMgrE
I1014 10:15:41.515559 34150 global.h:36] NewGlobal N7oneflow16JobSetCompileCtxE
I1014 10:15:41.515585 34150 global.h:36] NewGlobal N7oneflow26RuntimeBufferManagersScopeE
I1014 10:15:41.515594 34150 global.h:36] NewGlobal N7oneflow9BufferMgrIlEE
I1014 10:15:41.515601 34150 global.h:36] NewGlobal N7oneflow9BufferMgrISt10shared_ptrINS_11JobInstanceEEEE
I1014 10:15:41.515609 34150 global.h:36] NewGlobal N7oneflow10RuntimeCtxE
I1014 10:15:41.515616 34150 global.h:36] NewGlobal N7oneflow15MemoryAllocatorE
I1014 10:15:41.515623 34150 global.h:36] NewGlobal N7oneflow8ChunkMgrE
I1014 10:15:41.515631 34150 global.h:36] NewGlobal N7oneflow8RegstMgrE
I1014 10:15:41.515638 34150 global.h:36] NewGlobal N7oneflow11ActorMsgBusE
I1014 10:15:41.515645 34150 global.h:36] NewGlobal N7oneflow9ThreadMgrE
I1014 10:15:41.515652 34150 global.h:36] NewGlobal N7oneflow15RuntimeJobDescsE
I1014 10:15:41.515661 34150 global.h:36] NewGlobal N7oneflow7summary12EventsWriterE
I1014 10:15:41.515671 34150 global.h:36] NewGlobal N7oneflow6boxing10collective24CollectiveBoxingExecutorE
I1014 10:15:41.515678 34150 global.h:36] NewGlobal N7oneflow6boxing10collective31CollectiveBoxingDeviceCtxPollerE
I1014 10:15:41.515821 34150 session.h:77] NewGlobal N7oneflow25SessionGlobalObjectsScopeE
I1014 10:15:41.516556 34150 global.h:36] NewGlobal N7oneflow7JobDescE
I1014 10:15:41.982072 34150 global.h:43] DeleteGlobal N7oneflow7JobDescE
I1014 10:15:41.982312 34150 global.h:36] NewGlobal N7oneflow7JobDescE
I1014 10:15:41.985635 34150 global.h:36] NewGlobal N7oneflow7OpGraphE
I1014 10:15:41.990208 34150 global.h:43] DeleteGlobal N7oneflow7OpGraphE
I1014 10:15:42.168733 34150 global.h:43] DeleteGlobal N7oneflow7JobDescE
I1014 10:15:42.186424 34150 global.h:36] NewGlobal N7oneflow24InterJobReuseMemStrategyE
I1014 10:15:42.186448 34150 global.h:36] NewGlobal N7oneflow7OneflowE
I1014 10:15:42.198801 34150 global.h:36] NewGlobal N7oneflow7JobDescE
I1014 10:15:42.429792 34150 global.h:36] NewGlobal N7oneflow7OpGraphE
I1014 10:15:42.512707 34150 global.h:43] DeleteGlobal N7oneflow7OpGraphE
I1014 10:15:42.523519 34150 oneflow.cpp:210] 
job_id: 0 , job_name: train_job , compile time: 0.324674 seconds.
I1014 10:15:42.583469 34150 global.h:43] DeleteGlobal N7oneflow7JobDescE
I1014 10:15:42.583789 34150 global.h:36] NewGlobal N7oneflow7JobDescE
I1014 10:15:42.630091 34150 global.h:36] NewGlobal N7oneflow7OpGraphE
I1014 10:15:42.647303 34150 global.h:43] DeleteGlobal N7oneflow7OpGraphE
I1014 10:15:42.652155 34150 oneflow.cpp:210] 
job_id: 1 , job_name: System-ModelInit , compile time: 0.0679665 seconds.
I1014 10:15:42.663710 34150 global.h:43] DeleteGlobal N7oneflow7JobDescE
I1014 10:15:42.663738 34150 global.h:36] NewGlobal N7oneflow7JobDescE
I1014 10:15:42.708020 34150 global.h:36] NewGlobal N7oneflow7OpGraphE
I1014 10:15:42.725056 34150 global.h:43] DeleteGlobal N7oneflow7OpGraphE
I1014 10:15:42.729563 34150 oneflow.cpp:210] 
job_id: 2 , job_name: System-ModelLoad , compile time: 0.0658109 seconds.
I1014 10:15:42.741348 34150 global.h:43] DeleteGlobal N7oneflow7JobDescE
I1014 10:15:42.741427 34150 global.h:36] NewGlobal N7oneflow7JobDescE
I1014 10:15:42.785320 34150 global.h:36] NewGlobal N7oneflow7OpGraphE
I1014 10:15:42.801955 34150 global.h:43] DeleteGlobal N7oneflow7OpGraphE
I1014 10:15:42.806718 34150 oneflow.cpp:210] 
job_id: 3 , job_name: System-ModelSave , compile time: 0.0652716 seconds.
I1014 10:15:42.818526 34150 global.h:43] DeleteGlobal N7oneflow7JobDescE
I1014 10:15:42.818553 34150 global.h:36] NewGlobal N7oneflow7JobDescE
I1014 10:15:42.826668 34150 global.h:36] NewGlobal N7oneflow7OpGraphE
I1014 10:15:42.830229 34150 global.h:43] DeleteGlobal N7oneflow7OpGraphE
I1014 10:15:42.831728 34150 oneflow.cpp:210] 
job_id: 4 , job_name: System-Pull-Return_27 , compile time: 0.0131471 seconds.
I1014 10:15:42.835232 34150 global.h:43] DeleteGlobal N7oneflow7JobDescE
I1014 10:15:42.839318 34150 global.h:36] NewGlobal N7oneflow7JobDescE
I1014 10:15:42.839350 34150 global.h:36] NewGlobal N7oneflow7OpGraphE
I1014 10:15:42.844730 34150 global.h:43] DeleteGlobal N7oneflow7OpGraphE
I1014 10:15:42.848258 34150 oneflow.cpp:210] 
job_id: 5 , job_name: MainJob-unamed , compile time: 0.00891648 seconds.
I1014 10:15:42.855279 34150 global.h:43] DeleteGlobal N7oneflow7JobDescE
I1014 10:15:42.857818 34150 plan_util.cpp:928]  Plan: merged_plan needs to allocate [ 2456.33 MiB ] device memory in Rank: 0 , Device: 0
I1014 10:15:42.964327 34150 oneflow.cpp:998]  PushPlan merged_plan time: 0.010626 seconds.
I1014 10:15:42.993818 34150 oneflow.cpp:1014]  PullPlan merged_plan time: 0.0247268 seconds.
I1014 10:15:45.087121 34150 runtime_context.cpp:21] NewCounter constructing_actor_cnt 409
I1014 10:15:45.088210 34695 naive_actor.cpp:25] actor 2199023255720 switch to &NaiveActor::HandlerNormal
I1014 10:15:45.088215 34691 naive_actor.cpp:25] actor 1099614388226 switch to &NaiveActor::HandlerNormal
I1014 10:15:45.088497 34692 wait_and_send_ids_actor.cpp:53] actor 1099616485376 switch to &WaitAndSendIdsActor::HandlerWaitToStart
I1014 10:15:45.088626 34692 thread.cpp:96] Thread 524338 construct Actor kWaitAndSendIds 1099616485376
I1014 10:15:45.088526 34695 thread.cpp:96] Thread 1048576 construct Actor kDeviceTick 2199023255720
I1014 10:15:45.088588 34691 thread.cpp:96] Thread 524337 construct Actor kDeviceTick 1099614388226
I1014 10:15:45.088708 34692 runtime_context.cpp:29] DecreaseCounter constructing_actor_cnt, current val is 408
I1014 10:15:45.088744 34695 runtime_context.cpp:29] DecreaseCounter constructing_actor_cnt, current val is 407
I1014 10:15:45.088791 34691 runtime_context.cpp:29] DecreaseCounter constructing_actor_cnt, current val is 406
I1014 10:15:45.089195 34691 naive_actor.cpp:25] actor 1099614388233 switch to &NaiveActor::HandlerNormal
I1014 10:15:45.089195 34695 naive_actor.cpp:25] actor 2199023255759 switch to &NaiveActor::HandlerNormal
I1014 10:15:45.089269 34691 thread.cpp:96] Thread 524337 construct Actor kDeviceTick 1099614388233
I1014 10:15:45.089304 34695 thread.cpp:96] Thread 1048576 construct Actor kDeviceTick 2199023255759
I1014 10:15:45.089371 34691 runtime_context.cpp:29] DecreaseCounter constructing_actor_cnt, current val is 405
I1014 10:15:45.089393 34695 runtime_context.cpp:29] DecreaseCounter constructing_actor_cnt, current val is 404
I1014 10:15:45.089646 34691 naive_actor.cpp:25] actor 1099614388243 switch to &NaiveActor::HandlerNormal
I1014 10:15:45.089679 34695 naive_actor.cpp:25] actor 2199023255798 switch to &NaiveActor::HandlerNormal
I1014 10:15:45.089712 34691 thread.cpp:96] Thread 524337 construct Actor kDeviceTick 1099614388243
I1014 10:15:45.089735 34695 thread.cpp:96] Thread 1048576 construct Actor kDeviceTick 2199023255798
I1014 10:15:45.089814 34691 runtime_context.cpp:29] DecreaseCounter constructing_actor_cnt, current val is 403
I1014 10:15:45.089856 34695 runtime_context.cpp:29] DecreaseCounter constructing_actor_cnt, current val is 402
I1014 10:15:45.090184 34691 naive_actor.cpp:25] actor 1099614388252 switch to &NaiveActor::HandlerNormal
I1014 10:15:45.090207 34695 naive_actor.cpp:25] actor 2199023255837 switch to &NaiveActor::HandlerNormal
I1014 10:15:45.090251 34691 thread.cpp:96] Thread 524337 construct Actor kDeviceTick 1099614388252
I1014 10:15:45.090286 34695 thread.cpp:96] Thread 1048576 construct Actor kDeviceTick 2199023255837
I1014 10:15:45.090348 34691 runtime_context.cpp:29] DecreaseCounter constructing_actor_cnt, current val is 401
I1014 10:15:45.090373 34695 runtime_context.cpp:29] DecreaseCounter constructing_actor_cnt, current val is 400
I1014 10:15:45.090667 34691 naive_actor.cpp:25] actor 1099614388261 switch to &NaiveActor::HandlerNormal
I1014 10:15:45.090703 34691 thread.cpp:96] Thread 524337 construct Actor kDeviceTick 1099614388261
I1014 10:15:45.090755 34691 runtime_context.cpp:29] DecreaseCounter constructing_actor_cnt, current val is 399
I1014 10:15:45.091001 34691 naive_actor.cpp:25] actor 1099614388269 switch to &NaiveActor::HandlerNormal
I1014 10:15:45.091033 34691 thread.cpp:96] Thread 524337 construct Actor kDeviceTick 1099614388269
I1014 10:15:45.091084 34691 runtime_context.cpp:29] DecreaseCounter constructing_actor_cnt, current val is 398
I1014 10:15:45.091326 34691 naive_actor.cpp:25] actor 1099614388276 switch to &NaiveActor::HandlerNormal
I1014 10:15:45.091360 34691 thread.cpp:96] Thread 524337 construct Actor kDeviceTick 1099614388276
I1014 10:15:45.091413 34691 runtime_context.cpp:29] DecreaseCounter constructing_actor_cnt, current val is 397
I1014 10:15:45.100401 34684 naive_actor.cpp:25] actor 1099543085056 switch to &NaiveActor::HandlerNormal
I1014 10:15:45.100468 34685 naive_actor.cpp:25] actor 1099545182208 switch to &NaiveActor::HandlerNormal
I1014 10:15:45.100473 34674 naive_actor.cpp:25] actor 1099522113536 switch to &NaiveActor::HandlerNormal
I1014 10:15:45.100540 34684 thread.cpp:96] Thread 524303 construct Actor kNormalForward 1099543085056
I1014 10:15:45.100777 34680 naive_actor.cpp:25] actor 1099534696448 switch to &NaiveActor::HandlerNormal
I1014 10:15:45.100909 34680 thread.cpp:96] Thread 524299 construct Actor kForeignInput 1099534696448
I1014 10:15:45.100999 34682 naive_actor.cpp:25] actor 1099538890752 switch to &NaiveActor::HandlerNormal
I1014 10:15:45.100733 34676 naive_actor.cpp:25] actor 1099526307840 switch to &NaiveActor::HandlerNormal
I1014 10:15:45.100741 34674 thread.cpp:96] Thread 524293 construct Actor kNormalForward 1099522113536
I1014 10:15:45.100754 34678 naive_actor.cpp:25] actor 1099530502144 switch to &NaiveActor::HandlerNormal
I1014 10:15:45.101384 34673 naive_actor.cpp:25] actor 1099520016384 switch to &NaiveActor::HandlerNormal
I1014 10:15:45.100617 34675 naive_actor.cpp:25] actor 1099524210688 switch to &NaiveActor::HandlerNormal
I1014 10:15:45.100883 34684 runtime_context.cpp:29] DecreaseCounter constructing_actor_cnt, current val is 396
I1014 10:15:45.100921 34679 naive_actor.cpp:25] actor 1099532599296 switch to &NaiveActor::HandlerNormal
I1014 10:15:45.101768 34670 naive_actor.cpp:25] actor 1099513724928 switch to &NaiveActor::HandlerNormal
I1014 10:15:45.101073 34680 runtime_context.cpp:29] DecreaseCounter constructing_actor_cnt, current val is 395
I1014 10:15:45.101109 34682 thread.cpp:96] Thread 524301 construct Actor kNormalForward 1099538890752
I1014 10:15:45.101125 34691 naive_actor.cpp:25] actor 1099614388234 switch to &NaiveActor::HandlerNormal
I1014 10:15:45.101142 34690 naive_actor.cpp:25] actor 1099555667968 switch to &NaiveActor::HandlerNormal
I1014 10:15:45.100657 34685 thread.cpp:96] Thread 524304 construct Actor kNormalForward 1099545182208
I1014 10:15:45.101231 34676 thread.cpp:96] Thread 524295 construct Actor kNormalForward 1099526307840
I1014 10:15:45.101248 34687 naive_actor.cpp:25] actor 1099549376512 switch to &NaiveActor::HandlerNormal
I1014 10:15:45.102159 34685 runtime_context.cpp:29] DecreaseCounter constructing_actor_cnt, current val is 392
I1014 10:15:45.101249 34688 naive_actor.cpp:25] actor 1099551473664 switch to &NaiveActor::HandlerNormal
I1014 10:15:45.102305 34688 thread.cpp:96] Thread 524307 construct Actor kNormalForward 1099551473664
I1014 10:15:45.101315 34697 naive_actor.cpp:25] actor 2199025352704 switch to &NaiveActor::HandlerNormal
I1014 10:15:45.101320 34689 naive_actor.cpp:25] actor 1099553570816 switch to &NaiveActor::HandlerNormal
I1014 10:15:45.100674 34681 naive_actor.cpp:25] actor 1099536793600 switch to &NaiveActor::HandlerNormal
I1014 10:15:45.101346 34671 naive_actor.cpp:25] actor 1099515822080 switch to &NaiveActor::HandlerNormal
I1014 10:15:45.101377 34674 runtime_context.cpp:29] DecreaseCounter constructing_actor_cnt, current val is 394
I1014 10:15:45.101346 34677 naive_actor.cpp:25] actor 1099528404992 switch to &NaiveActor::HandlerNormal
I1014 10:15:45.102722 34677 thread.cpp:96] Thread 524296 construct Actor kNormalForward 1099528404992
I1014 10:15:45.101368 34699 naive_actor.cpp:25] actor 2199027449856 switch to &NaiveActor::HandlerNormal
I1014 10:15:45.101405 34678 thread.cpp:96] Thread 524297 construct Actor kNormalForward 1099530502144
I1014 10:15:45.102802 34699 thread.cpp:96] Thread 1048578 construct Actor kCopyHd 2199027449856
I1014 10:15:45.100790 34686 naive_actor.cpp:25] actor 1099547279360 switch to &NaiveActor::HandlerNormal
I1014 10:15:45.101549 34673 thread.cpp:96] Thread 524292 construct Actor kNormalForward 1099520016384
I1014 10:15:45.101672 34675 thread.cpp:96] Thread 524294 construct Actor kNormalForward 1099524210688
I1014 10:15:45.103001 34673 runtime_context.cpp:29] DecreaseCounter constructing_actor_cnt, current val is 386
I1014 10:15:45.101025 34683 naive_actor.cpp:25] actor 1099540987904 switch to &NaiveActor::HandlerNormal
I1014 10:15:45.103065 34675 runtime_context.cpp:29] DecreaseCounter constructing_actor_cnt, current val is 385
I1014 10:15:45.101817 34670 thread.cpp:96] Thread 524289 construct Actor kNormalForward 1099513724928
I1014 10:15:45.102007 34691 thread.cpp:96] Thread 524337 construct Actor kSrcSubsetTick 1099614388234
I1014 10:15:45.102010 34682 runtime_context.cpp:29] DecreaseCounter constructing_actor_cnt, current val is 393
I1014 10:15:45.103266 34670 runtime_context.cpp:29] DecreaseCounter constructing_actor_cnt, current val is 384
I1014 10:15:45.102157 34695 naive_actor.cpp:25] actor 2199023255590 switch to &NaiveActor::HandlerNormal
I1014 10:15:45.102201 34687 thread.cpp:96] Thread 524306 construct Actor kNormalForward 1099549376512
I1014 10:15:45.103410 34695 thread.cpp:96] Thread 1048576 construct Actor kNormalForward 2199023255590
I1014 10:15:45.103443 34687 runtime_context.cpp:29] DecreaseCounter constructing_actor_cnt, current val is 382
I1014 10:15:45.101222 34693 sink_actor.cpp:21] actor 1099618582528 switch to &SinkActor::HandlerNormal
I1014 10:15:45.101269 34672 naive_actor.cpp:25] actor 1099517919232 switch to &NaiveActor::HandlerNormal
I1014 10:15:45.102406 34688 runtime_context.cpp:29] DecreaseCounter constructing_actor_cnt, current val is 390
I1014 10:15:45.102473 34697 thread.cpp:96] Thread 1048577 construct Actor kCopyHd 2199025352704
I1014 10:15:45.102550 34689 thread.cpp:96] Thread 524308 construct Actor kNormalForward 1099553570816
I1014 10:15:45.103950 34697 runtime_context.cpp:29] DecreaseCounter constructing_actor_cnt, current val is 380
I1014 10:15:45.102607 34681 thread.cpp:96] Thread 524300 construct Actor kNormalForward 1099536793600
I1014 10:15:45.104019 34689 runtime_context.cpp:29] DecreaseCounter constructing_actor_cnt, current val is 379
I1014 10:15:45.102659 34671 thread.cpp:96] Thread 524290 construct Actor kNormalForward 1099515822080
I1014 10:15:45.104074 34681 runtime_context.cpp:29] DecreaseCounter constructing_actor_cnt, current val is 378
I1014 10:15:45.102799 34677 runtime_context.cpp:29] DecreaseCounter constructing_actor_cnt, current val is 389
I1014 10:15:45.102882 34678 runtime_context.cpp:29] DecreaseCounter constructing_actor_cnt, current val is 388
I1014 10:15:45.102885 34699 runtime_context.cpp:29] DecreaseCounter constructing_actor_cnt, current val is 387
I1014 10:15:45.102907 34686 thread.cpp:96] Thread 524305 construct Actor kForeignInput 1099547279360
I1014 10:15:45.103086 34683 thread.cpp:96] Thread 524302 construct Actor kForeignInput 1099540987904
I1014 10:15:45.101786 34679 thread.cpp:96] Thread 524298 construct Actor kNormalForward 1099532599296
I1014 10:15:45.103276 34691 runtime_context.cpp:29] DecreaseCounter constructing_actor_cnt, current val is 383
I1014 10:15:45.102046 34690 thread.cpp:96] Thread 524309 construct Actor kForeignOutput 1099555667968
I1014 10:15:45.104588 34679 runtime_context.cpp:29] DecreaseCounter constructing_actor_cnt, current val is 374
I1014 10:15:45.104627 34690 runtime_context.cpp:29] DecreaseCounter constructing_actor_cnt, current val is 373
I1014 10:15:45.103508 34695 runtime_context.cpp:29] DecreaseCounter constructing_actor_cnt, current val is 381
I1014 10:15:45.103711 34693 thread.cpp:96] Thread 524339 construct Actor kCallbackNotify 1099618582528
I1014 10:15:45.103772 34672 thread.cpp:96] Thread 524291 construct Actor kNormalForward 1099517919232
I1014 10:15:45.104128 34697 naive_actor.cpp:25] actor 2199025352707 switch to &NaiveActor::HandlerNormal
I1014 10:15:45.105355 34697 thread.cpp:96] Thread 1048577 construct Actor kCopyHd 2199025352707
I1014 10:15:45.104403 34686 runtime_context.cpp:29] DecreaseCounter constructing_actor_cnt, current val is 376
I1014 10:15:45.104498 34683 runtime_context.cpp:29] DecreaseCounter constructing_actor_cnt, current val is 375
I1014 10:15:45.102236 34676 runtime_context.cpp:29] DecreaseCounter constructing_actor_cnt, current val is 391
I1014 10:15:45.105023 34691 naive_actor.cpp:25] actor 1099614388230 switch to &NaiveActor::HandlerNormal
I1014 10:15:45.105152 34693 runtime_context.cpp:29] DecreaseCounter constructing_actor_cnt, current val is 372
I1014 10:15:45.105289 34672 runtime_context.cpp:29] DecreaseCounter constructing_actor_cnt, current val is 371
I1014 10:15:45.104156 34671 runtime_context.cpp:29] DecreaseCounter constructing_actor_cnt, current val is 377
I1014 10:15:45.105446 34697 runtime_context.cpp:29] DecreaseCounter constructing_actor_cnt, current val is 370
I1014 10:15:45.105732 34691 thread.cpp:96] Thread 524337 construct Actor kTick 1099614388230
I1014 10:15:45.106223 34695 naive_actor.cpp:25] actor 2199023255578 switch to &NaiveActor::HandlerNormal
I1014 10:15:45.106236 34691 runtime_context.cpp:29] DecreaseCounter constructing_actor_cnt, current val is 369
I1014 10:15:45.106247 34697 naive_actor.cpp:25] actor 2199025352705 switch to &NaiveActor::HandlerNormal
I1014 10:15:45.106283 34695 thread.cpp:96] Thread 1048576 construct Actor kNormalForward 2199023255578
I1014 10:15:45.106413 34697 thread.cpp:96] Thread 1048577 construct Actor kCopyHd 2199025352705
I1014 10:15:45.106528 34695 runtime_context.cpp:29] DecreaseCounter constructing_actor_cnt, current val is 368
I1014 10:15:45.106561 34697 runtime_context.cpp:29] DecreaseCounter constructing_actor_cnt, current val is 367
I1014 10:15:45.106762 34691 naive_actor.cpp:25] actor 1099614388236 switch to &NaiveActor::HandlerNormal
I1014 10:15:45.106779 34697 naive_actor.cpp:25] actor 2199025352708 switch to &NaiveActor::HandlerNormal
I1014 10:15:45.106822 34691 thread.cpp:96] Thread 524337 construct Actor kTick 1099614388236
I1014 10:15:45.106868 34697 thread.cpp:96] Thread 1048577 construct Actor kCopyHd 2199025352708
I1014 10:15:45.106953 34691 runtime_context.cpp:29] DecreaseCounter constructing_actor_cnt, current val is 366
I1014 10:15:45.106961 34697 runtime_context.cpp:29] DecreaseCounter constructing_actor_cnt, current val is 365
I1014 10:15:45.107156 34697 naive_actor.cpp:25] actor 2199025352706 switch to &NaiveActor::HandlerNormal
I1014 10:15:45.107200 34697 thread.cpp:96] Thread 1048577 construct Actor kCopyHd 2199025352706
I1014 10:15:45.107250 34697 runtime_context.cpp:29] DecreaseCounter constructing_actor_cnt, current val is 364
I1014 10:15:45.107372 34697 naive_actor.cpp:25] actor 2199025352709 switch to &NaiveActor::HandlerNormal
I1014 10:15:45.107416 34697 thread.cpp:96] Thread 1048577 construct Actor kCopyHd 2199025352709
I1014 10:15:45.107416 34691 naive_actor.cpp:25] actor 1099614388231 switch to &NaiveActor::HandlerNormal
I1014 10:15:45.107473 34697 runtime_context.cpp:29] DecreaseCounter constructing_actor_cnt, current val is 363
I1014 10:15:45.107494 34691 thread.cpp:96] Thread 524337 construct Actor kTick 1099614388231
I1014 10:15:45.107610 34691 runtime_context.cpp:29] DecreaseCounter constructing_actor_cnt, current val is 362
I1014 10:15:45.107635 34697 naive_actor.cpp:25] actor 2199025352710 switch to &NaiveActor::HandlerNormal
I1014 10:15:45.107686 34697 thread.cpp:96] Thread 1048577 construct Actor kCopyHd 2199025352710
I1014 10:15:45.107749 34697 runtime_context.cpp:29] DecreaseCounter constructing_actor_cnt, current val is 361
I1014 10:15:45.107883 34695 naive_actor.cpp:25] actor 2199023255554 switch to &NaiveActor::HandlerNormal
I1014 10:15:45.107941 34695 thread.cpp:96] Thread 1048576 construct Actor kNormalForward 2199023255554
I1014 10:15:45.108006 34691 naive_actor.cpp:25] actor 1099614388224 switch to &NaiveActor::HandlerNormal
I1014 10:15:45.108033 34695 runtime_context.cpp:29] DecreaseCounter constructing_actor_cnt, current val is 360
I1014 10:15:45.108062 34691 thread.cpp:96] Thread 524337 construct Actor kDeviceTick 1099614388224
I1014 10:15:45.108152 34691 runtime_context.cpp:29] DecreaseCounter constructing_actor_cnt, current val is 359
I1014 10:15:45.108530 34691 naive_actor.cpp:25] actor 1099614388238 switch to &NaiveActor::HandlerNormal
I1014 10:15:45.108606 34691 thread.cpp:96] Thread 524337 construct Actor kTick 1099614388238
I1014 10:15:45.108680 34691 runtime_context.cpp:29] DecreaseCounter constructing_actor_cnt, current val is 358
I1014 10:15:45.108878 34695 naive_actor.cpp:25] actor 2199023255593 switch to &NaiveActor::HandlerNormal
I1014 10:15:45.108937 34695 thread.cpp:96] Thread 1048576 construct Actor kNormalForward 2199023255593
I1014 10:15:45.109021 34695 runtime_context.cpp:29] DecreaseCounter constructing_actor_cnt, current val is 357
I1014 10:15:45.109097 34691 naive_actor.cpp:25] actor 1099614388228 switch to &NaiveActor::HandlerNormal
I1014 10:15:45.109184 34691 thread.cpp:96] Thread 524337 construct Actor kTick 1099614388228
I1014 10:15:45.109283 34691 runtime_context.cpp:29] DecreaseCounter constructing_actor_cnt, current val is 356
I1014 10:15:45.109449 34695 naive_actor.cpp:25] actor 2199023255589 switch to &NaiveActor::HandlerNormal
I1014 10:15:45.109503 34695 thread.cpp:96] Thread 1048576 construct Actor kNormalForward 2199023255589
I1014 10:15:45.109596 34695 runtime_context.cpp:29] DecreaseCounter constructing_actor_cnt, current val is 355
I1014 10:15:45.109750 34691 naive_actor.cpp:25] actor 1099614388229 switch to &NaiveActor::HandlerNormal
I1014 10:15:45.109798 34691 thread.cpp:96] Thread 524337 construct Actor kDstSubsetTick 1099614388229
I1014 10:15:45.110011 34691 runtime_context.cpp:29] DecreaseCounter constructing_actor_cnt, current val is 354
I1014 10:15:45.110397 34691 naive_actor.cpp:25] actor 1099614388232 switch to &NaiveActor::HandlerNormal
I1014 10:15:45.110452 34691 thread.cpp:96] Thread 524337 construct Actor kTick 1099614388232
I1014 10:15:45.110532 34691 runtime_context.cpp:29] DecreaseCounter constructing_actor_cnt, current val is 353
I1014 10:15:45.110667 34695 naive_actor.cpp:25] actor 2199023255635 switch to &NaiveActor::HandlerNormal
I1014 10:15:45.110724 34695 thread.cpp:96] Thread 1048576 construct Actor kNormalForward 2199023255635
I1014 10:15:45.110814 34695 runtime_context.cpp:29] DecreaseCounter constructing_actor_cnt, current val is 352
I1014 10:15:45.111114 34691 esac_actor.cpp:73] actor 1099614388321 switch to &EsacActor::HandlerNormal
I1014 10:15:45.111166 34691 thread.cpp:96] Thread 524337 construct Actor kEsac 1099614388321
I1014 10:15:45.111202 34695 naive_actor.cpp:25] actor 2199023255577 switch to &NaiveActor::HandlerNormal
I1014 10:15:45.111250 34695 thread.cpp:96] Thread 1048576 construct Actor kNormalForward 2199023255577
I1014 10:15:45.111258 34691 runtime_context.cpp:29] DecreaseCounter constructing_actor_cnt, current val is 351
I1014 10:15:45.111353 34695 runtime_context.cpp:29] DecreaseCounter constructing_actor_cnt, current val is 350
I1014 10:15:45.111716 34691 naive_actor.cpp:25] actor 1099614388239 switch to &NaiveActor::HandlerNormal
I1014 10:15:45.111729 34695 naive_actor.cpp:25] actor 2199023255563 switch to &NaiveActor::HandlerNormal
I1014 10:15:45.111771 34691 thread.cpp:96] Thread 524337 construct Actor kTick 1099614388239
I1014 10:15:45.111814 34695 thread.cpp:96] Thread 1048576 construct Actor kNormalForward 2199023255563
I1014 10:15:45.111882 34691 runtime_context.cpp:29] DecreaseCounter constructing_actor_cnt, current val is 349
I1014 10:15:45.111912 34695 runtime_context.cpp:29] DecreaseCounter constructing_actor_cnt, current val is 348
I1014 10:15:45.112239 34691 naive_actor.cpp:25] actor 1099614388225 switch to &NaiveActor::HandlerNormal
I1014 10:15:45.112293 34691 thread.cpp:96] Thread 524337 construct Actor kSrcSubsetTick 1099614388225
I1014 10:15:45.112366 34691 runtime_context.cpp:29] DecreaseCounter constructing_actor_cnt, current val is 347
I1014 10:15:45.112748 34691 naive_actor.cpp:25] actor 1099614388237 switch to &NaiveActor::HandlerNormal
I1014 10:15:45.112783 34695 naive_actor.cpp:25] actor 2199023255555 switch to &NaiveActor::HandlerNormal
I1014 10:15:45.112804 34691 thread.cpp:96] Thread 524337 construct Actor kDstSubsetTick 1099614388237
I1014 10:15:45.112851 34695 thread.cpp:96] Thread 1048576 construct Actor kNormalForward 2199023255555
I1014 10:15:45.112927 34691 runtime_context.cpp:29] DecreaseCounter constructing_actor_cnt, current val is 346
I1014 10:15:45.112965 34695 runtime_context.cpp:29] DecreaseCounter constructing_actor_cnt, current val is 345
I1014 10:15:45.113289 34691 naive_actor.cpp:25] actor 1099614388240 switch to &NaiveActor::HandlerNormal
I1014 10:15:45.113343 34691 thread.cpp:96] Thread 524337 construct Actor kTick 1099614388240
I1014 10:15:45.113416 34691 runtime_context.cpp:29] DecreaseCounter constructing_actor_cnt, current val is 344
I1014 10:15:45.113797 34691 naive_actor.cpp:25] actor 1099614388242 switch to &NaiveActor::HandlerNormal
I1014 10:15:45.113855 34691 thread.cpp:96] Thread 524337 construct Actor kSrcSubsetTick 1099614388242
I1014 10:15:45.113930 34691 runtime_context.cpp:29] DecreaseCounter constructing_actor_cnt, current val is 343
I1014 10:15:45.114275 34691 naive_actor.cpp:25] actor 1099614388315 switch to &NaiveActor::HandlerNormal
I1014 10:15:45.114326 34691 thread.cpp:96] Thread 524337 construct Actor kTick 1099614388315
I1014 10:15:45.114400 34691 runtime_context.cpp:29] DecreaseCounter constructing_actor_cnt, current val is 342
I1014 10:15:45.114774 34691 naive_actor.cpp:25] actor 1099614388245 switch to &NaiveActor::HandlerNormal
I1014 10:15:45.114825 34691 thread.cpp:96] Thread 524337 construct Actor kTick 1099614388245
I1014 10:15:45.114941 34691 runtime_context.cpp:29] DecreaseCounter constructing_actor_cnt, current val is 341
I1014 10:15:45.114953 34695 naive_actor.cpp:25] actor 2199023255566 switch to &NaiveActor::HandlerNormal
I1014 10:15:45.115043 34695 thread.cpp:96] Thread 1048576 construct Actor kNormalForward 2199023255566
I1014 10:15:45.115134 34695 runtime_context.cpp:29] DecreaseCounter constructing_actor_cnt, current val is 340
I1014 10:15:45.115317 34691 naive_actor.cpp:25] actor 1099614388241 switch to &NaiveActor::HandlerNormal
I1014 10:15:45.115372 34691 thread.cpp:96] Thread 524337 construct Actor kDeviceTick 1099614388241
I1014 10:15:45.115448 34691 runtime_context.cpp:29] DecreaseCounter constructing_actor_cnt, current val is 339
I1014 10:15:45.115833 34691 naive_actor.cpp:25] actor 1099614388247 switch to &NaiveActor::HandlerNormal
I1014 10:15:45.115882 34691 thread.cpp:96] Thread 524337 construct Actor kTick 1099614388247
I1014 10:15:45.115958 34691 runtime_context.cpp:29] DecreaseCounter constructing_actor_cnt, current val is 338
I1014 10:15:45.116132 34695 naive_actor.cpp:25] actor 2199023255558 switch to &NaiveActor::HandlerNormal
I1014 10:15:45.116186 34695 thread.cpp:96] Thread 1048576 construct Actor kNormalForward 2199023255558
I1014 10:15:45.116269 34695 runtime_context.cpp:29] DecreaseCounter constructing_actor_cnt, current val is 337
I1014 10:15:45.116308 34691 naive_actor.cpp:25] actor 1099614388248 switch to &NaiveActor::HandlerNormal
I1014 10:15:45.116358 34691 thread.cpp:96] Thread 524337 construct Actor kTick 1099614388248
I1014 10:15:45.116431 34691 runtime_context.cpp:29] DecreaseCounter constructing_actor_cnt, current val is 336
I1014 10:15:45.116859 34691 naive_actor.cpp:25] actor 1099614388246 switch to &NaiveActor::HandlerNormal
I1014 10:15:45.116911 34691 thread.cpp:96] Thread 524337 construct Actor kDstSubsetTick 1099614388246
I1014 10:15:45.116989 34691 runtime_context.cpp:29] DecreaseCounter constructing_actor_cnt, current val is 335
I1014 10:15:45.117271 34695 naive_actor.cpp:25] actor 2199023255562 switch to &NaiveActor::HandlerNormal
I1014 10:15:45.117324 34695 thread.cpp:96] Thread 1048576 construct Actor kNormalForward 2199023255562
I1014 10:15:45.117385 34691 naive_actor.cpp:25] actor 1099614388249 switch to &NaiveActor::HandlerNormal
I1014 10:15:45.117408 34695 runtime_context.cpp:29] DecreaseCounter constructing_actor_cnt, current val is 334
I1014 10:15:45.117436 34691 thread.cpp:96] Thread 524337 construct Actor kTick 1099614388249
I1014 10:15:45.117535 34691 runtime_context.cpp:29] DecreaseCounter constructing_actor_cnt, current val is 333
I1014 10:15:45.117803 34695 naive_actor.cpp:25] actor 2199023255561 switch to &NaiveActor::HandlerNormal
I1014 10:15:45.117854 34695 thread.cpp:96] Thread 1048576 construct Actor kNormalForward 2199023255561
I1014 10:15:45.117936 34695 runtime_context.cpp:29] DecreaseCounter constructing_actor_cnt, current val is 332
I1014 10:15:45.117971 34691 naive_actor.cpp:25] actor 1099614388250 switch to &NaiveActor::HandlerNormal
I1014 10:15:45.118062 34691 thread.cpp:96] Thread 524337 construct Actor kDeviceTick 1099614388250
I1014 10:15:45.118156 34691 runtime_context.cpp:29] DecreaseCounter constructing_actor_cnt, current val is 331
I1014 10:15:45.118299 34695 naive_actor.cpp:25] actor 2199023255582 switch to &NaiveActor::HandlerNormal
I1014 10:15:45.118351 34695 thread.cpp:96] Thread 1048576 construct Actor kNormalForward 2199023255582
I1014 10:15:45.118432 34695 runtime_context.cpp:29] DecreaseCounter constructing_actor_cnt, current val is 330
I1014 10:15:45.118578 34691 naive_actor.cpp:25] actor 1099614388257 switch to &NaiveActor::HandlerNormal
I1014 10:15:45.118630 34691 thread.cpp:96] Thread 524337 construct Actor kTick 1099614388257
I1014 10:15:45.118706 34691 runtime_context.cpp:29] DecreaseCounter constructing_actor_cnt, current val is 329
I1014 10:15:45.119056 34691 naive_actor.cpp:25] actor 1099614388320 switch to &NaiveActor::HandlerNormal
I1014 10:15:45.119108 34691 thread.cpp:96] Thread 524337 construct Actor kTick 1099614388320
I1014 10:15:45.119275 34691 runtime_context.cpp:29] DecreaseCounter constructing_actor_cnt, current val is 328
I1014 10:15:45.119664 34691 naive_actor.cpp:25] actor 1099614388251 switch to &NaiveActor::HandlerNormal
I1014 10:15:45.119712 34691 thread.cpp:96] Thread 524337 construct Actor kSrcSubsetTick 1099614388251
I1014 10:15:45.119765 34695 naive_actor.cpp:25] actor 2199023255580 switch to &NaiveActor::HandlerNormal
I1014 10:15:45.119781 34691 runtime_context.cpp:29] DecreaseCounter constructing_actor_cnt, current val is 327
I1014 10:15:45.119819 34695 thread.cpp:96] Thread 1048576 construct Actor kNormalForward 2199023255580
I1014 10:15:45.119930 34695 runtime_context.cpp:29] DecreaseCounter constructing_actor_cnt, current val is 326
I1014 10:15:45.120141 34691 naive_actor.cpp:25] actor 1099614388254 switch to &NaiveActor::HandlerNormal
I1014 10:15:45.120191 34691 thread.cpp:96] Thread 524337 construct Actor kTick 1099614388254
I1014 10:15:45.120258 34691 runtime_context.cpp:29] DecreaseCounter constructing_actor_cnt, current val is 325
I1014 10:15:45.120275 34695 naive_actor.cpp:25] actor 2199023255575 switch to &NaiveActor::HandlerNormal
I1014 10:15:45.120332 34695 thread.cpp:96] Thread 1048576 construct Actor kNormalForward 2199023255575
I1014 10:15:45.120404 34695 runtime_context.cpp:29] DecreaseCounter constructing_actor_cnt, current val is 324
I1014 10:15:45.120604 34691 naive_actor.cpp:25] actor 1099614388256 switch to &NaiveActor::HandlerNormal
I1014 10:15:45.120656 34691 thread.cpp:96] Thread 524337 construct Actor kTick 1099614388256
I1014 10:15:45.120712 34691 runtime_context.cpp:29] DecreaseCounter constructing_actor_cnt, current val is 323
I1014 10:15:45.121107 34691 naive_actor.cpp:25] actor 1099614388255 switch to &NaiveActor::HandlerNormal
I1014 10:15:45.121157 34691 thread.cpp:96] Thread 524337 construct Actor kDstSubsetTick 1099614388255
I1014 10:15:45.121235 34691 runtime_context.cpp:29] DecreaseCounter constructing_actor_cnt, current val is 322
I1014 10:15:45.121273 34695 naive_actor.cpp:25] actor 2199023255572 switch to &NaiveActor::HandlerNormal
I1014 10:15:45.121325 34695 thread.cpp:96] Thread 1048576 construct Actor kNormalForward 2199023255572
I1014 10:15:45.121404 34695 runtime_context.cpp:29] DecreaseCounter constructing_actor_cnt, current val is 321
I1014 10:15:45.121596 34691 naive_actor.cpp:25] actor 1099614388263 switch to &NaiveActor::HandlerNormal
I1014 10:15:45.121645 34691 thread.cpp:96] Thread 524337 construct Actor kTick 1099614388263
I1014 10:15:45.121726 34691 runtime_context.cpp:29] DecreaseCounter constructing_actor_cnt, current val is 320
I1014 10:15:45.122061 34691 naive_actor.cpp:25] actor 1099614388260 switch to &NaiveActor::HandlerNormal
I1014 10:15:45.122109 34691 thread.cpp:96] Thread 524337 construct Actor kSrcSubsetTick 1099614388260
I1014 10:15:45.122174 34691 runtime_context.cpp:29] DecreaseCounter constructing_actor_cnt, current val is 319
I1014 10:15:45.122367 34695 naive_actor.cpp:25] actor 2199023255574 switch to &NaiveActor::HandlerNormal
I1014 10:15:45.122416 34695 thread.cpp:96] Thread 1048576 construct Actor kNormalForward 2199023255574
I1014 10:15:45.122500 34695 runtime_context.cpp:29] DecreaseCounter constructing_actor_cnt, current val is 318
I1014 10:15:45.122542 34691 naive_actor.cpp:25] actor 1099614388258 switch to &NaiveActor::HandlerNormal
I1014 10:15:45.122599 34691 thread.cpp:96] Thread 524337 construct Actor kTick 1099614388258
I1014 10:15:45.122673 34691 runtime_context.cpp:29] DecreaseCounter constructing_actor_cnt, current val is 317
I1014 10:15:45.122867 34695 naive_actor.cpp:25] actor 2199023255568 switch to &NaiveActor::HandlerNormal
I1014 10:15:45.122916 34695 thread.cpp:96] Thread 1048576 construct Actor kNormalForward 2199023255568
I1014 10:15:45.122993 34695 runtime_context.cpp:29] DecreaseCounter constructing_actor_cnt, current val is 316
I1014 10:15:45.122996 34691 naive_actor.cpp:25] actor 1099614388259 switch to &NaiveActor::HandlerNormal
I1014 10:15:45.123075 34691 thread.cpp:96] Thread 524337 construct Actor kDeviceTick 1099614388259
I1014 10:15:45.123194 34691 runtime_context.cpp:29] DecreaseCounter constructing_actor_cnt, current val is 315
I1014 10:15:45.123587 34691 naive_actor.cpp:25] actor 1099614388319 switch to &NaiveActor::HandlerNormal
I1014 10:15:45.123638 34691 thread.cpp:96] Thread 524337 construct Actor kTick 1099614388319
I1014 10:15:45.123713 34691 runtime_context.cpp:29] DecreaseCounter constructing_actor_cnt, current val is 314
I1014 10:15:45.123813 34695 naive_actor.cpp:25] actor 2199023255579 switch to &NaiveActor::HandlerNormal
I1014 10:15:45.123875 34695 thread.cpp:96] Thread 1048576 construct Actor kNormalForward 2199023255579
I1014 10:15:45.123953 34695 runtime_context.cpp:29] DecreaseCounter constructing_actor_cnt, current val is 313
I1014 10:15:45.124155 34691 naive_actor.cpp:25] actor 1099614388264 switch to &NaiveActor::HandlerNormal
I1014 10:15:45.124207 34691 thread.cpp:96] Thread 524337 construct Actor kDstSubsetTick 1099614388264
I1014 10:15:45.124284 34691 runtime_context.cpp:29] DecreaseCounter constructing_actor_cnt, current val is 312
I1014 10:15:45.124622 34691 naive_actor.cpp:25] actor 1099614388266 switch to &NaiveActor::HandlerNormal
I1014 10:15:45.124670 34691 thread.cpp:96] Thread 524337 construct Actor kTick 1099614388266
I1014 10:15:45.124742 34691 runtime_context.cpp:29] DecreaseCounter constructing_actor_cnt, current val is 311
I1014 10:15:45.124879 34695 naive_actor.cpp:25] actor 2199023255571 switch to &NaiveActor::HandlerNormal
I1014 10:15:45.124928 34695 thread.cpp:96] Thread 1048576 construct Actor kNormalForward 2199023255571
I1014 10:15:45.125012 34695 runtime_context.cpp:29] DecreaseCounter constructing_actor_cnt, current val is 310
I1014 10:15:45.125104 34691 naive_actor.cpp:25] actor 1099614388265 switch to &NaiveActor::HandlerNormal
I1014 10:15:45.125152 34691 thread.cpp:96] Thread 524337 construct Actor kTick 1099614388265
I1014 10:15:45.125221 34691 runtime_context.cpp:29] DecreaseCounter constructing_actor_cnt, current val is 309
I1014 10:15:45.125560 34691 naive_actor.cpp:25] actor 1099614388316 switch to &NaiveActor::HandlerNormal
I1014 10:15:45.125618 34691 thread.cpp:96] Thread 524337 construct Actor kTick 1099614388316
I1014 10:15:45.125689 34691 runtime_context.cpp:29] DecreaseCounter constructing_actor_cnt, current val is 308
I1014 10:15:45.126003 34695 naive_actor.cpp:25] actor 2199023255595 switch to &NaiveActor::HandlerNormal
I1014 10:15:45.126035 34691 naive_actor.cpp:25] actor 1099614388267 switch to &NaiveActor::HandlerNormal
I1014 10:15:45.126049 34695 thread.cpp:96] Thread 1048576 construct Actor kNormalForward 2199023255595
I1014 10:15:45.126093 34691 thread.cpp:96] Thread 524337 construct Actor kDeviceTick 1099614388267
I1014 10:15:45.126174 34695 runtime_context.cpp:29] DecreaseCounter constructing_actor_cnt, current val is 307
I1014 10:15:45.126188 34691 runtime_context.cpp:29] DecreaseCounter constructing_actor_cnt, current val is 306
I1014 10:15:45.126531 34691 naive_actor.cpp:25] actor 1099614388281 switch to &NaiveActor::HandlerNormal
I1014 10:15:45.126590 34691 thread.cpp:96] Thread 524337 construct Actor kTick 1099614388281
I1014 10:15:45.126660 34691 runtime_context.cpp:29] DecreaseCounter constructing_actor_cnt, current val is 305
I1014 10:15:45.126977 34695 naive_actor.cpp:25] actor 2199023255586 switch to &NaiveActor::HandlerNormal
I1014 10:15:45.126987 34691 naive_actor.cpp:25] actor 1099614388282 switch to &NaiveActor::HandlerNormal
I1014 10:15:45.127034 34695 thread.cpp:96] Thread 1048576 construct Actor kNormalForward 2199023255586
I1014 10:15:45.127069 34691 thread.cpp:96] Thread 524337 construct Actor kTick 1099614388282
I1014 10:15:45.127153 34695 runtime_context.cpp:29] DecreaseCounter constructing_actor_cnt, current val is 304
I1014 10:15:45.127168 34691 runtime_context.cpp:29] DecreaseCounter constructing_actor_cnt, current val is 303
I1014 10:15:45.127792 34691 esac_actor.cpp:73] actor 1099614388313 switch to &EsacActor::HandlerNormal
I1014 10:15:45.127841 34691 thread.cpp:96] Thread 524337 construct Actor kEsac 1099614388313
I1014 10:15:45.128046 34691 runtime_context.cpp:29] DecreaseCounter constructing_actor_cnt, current val is 302
I1014 10:15:45.128047 34695 naive_actor.cpp:25] actor 2199023255637 switch to &NaiveActor::HandlerNormal
I1014 10:15:45.128155 34695 thread.cpp:96] Thread 1048576 construct Actor kNormalForward 2199023255637
I1014 10:15:45.128242 34695 runtime_context.cpp:29] DecreaseCounter constructing_actor_cnt, current val is 301
I1014 10:15:45.128549 34691 naive_actor.cpp:25] actor 1099614388280 switch to &NaiveActor::HandlerNormal
I1014 10:15:45.128613 34691 thread.cpp:96] Thread 524337 construct Actor kDstSubsetTick 1099614388280
I1014 10:15:45.128688 34691 runtime_context.cpp:29] DecreaseCounter constructing_actor_cnt, current val is 300
I1014 10:15:45.129040 34691 naive_actor.cpp:25] actor 1099614388279 switch to &NaiveActor::HandlerNormal
I1014 10:15:45.129122 34691 thread.cpp:96] Thread 524337 construct Actor kTick 1099614388279
I1014 10:15:45.129189 34691 runtime_context.cpp:29] DecreaseCounter constructing_actor_cnt, current val is 299
I1014 10:15:45.129482 34691 naive_actor.cpp:25] actor 1099614388268 switch to &NaiveActor::HandlerNormal
I1014 10:15:45.129529 34691 thread.cpp:96] Thread 524337 construct Actor kSrcSubsetTick 1099614388268
I1014 10:15:45.129576 34695 naive_actor.cpp:25] actor 2199023255587 switch to &NaiveActor::HandlerNormal
I1014 10:15:45.129607 34691 runtime_context.cpp:29] DecreaseCounter constructing_actor_cnt, current val is 298
I1014 10:15:45.129631 34695 thread.cpp:96] Thread 1048576 construct Actor kNormalForward 2199023255587
I1014 10:15:45.129765 34695 runtime_context.cpp:29] DecreaseCounter constructing_actor_cnt, current val is 297
I1014 10:15:45.130091 34695 naive_actor.cpp:25] actor 2199023255557 switch to &NaiveActor::HandlerNormal
I1014 10:15:45.130120 34691 naive_actor.cpp:25] actor 1099614388272 switch to &NaiveActor::HandlerNormal
I1014 10:15:45.130136 34695 thread.cpp:96] Thread 1048576 construct Actor kNormalForward 2199023255557
I1014 10:15:45.130189 34691 thread.cpp:96] Thread 524337 construct Actor kDstSubsetTick 1099614388272
I1014 10:15:45.130256 34695 runtime_context.cpp:29] DecreaseCounter constructing_actor_cnt, current val is 296
I1014 10:15:45.130292 34691 runtime_context.cpp:29] DecreaseCounter constructing_actor_cnt, current val is 295
I1014 10:15:45.130653 34691 naive_actor.cpp:25] actor 1099614388274 switch to &NaiveActor::HandlerNormal
I1014 10:15:45.130703 34691 thread.cpp:96] Thread 524337 construct Actor kTick 1099614388274
I1014 10:15:45.130774 34691 runtime_context.cpp:29] DecreaseCounter constructing_actor_cnt, current val is 294
I1014 10:15:45.131152 34691 naive_actor.cpp:25] actor 1099614388275 switch to &NaiveActor::HandlerNormal
I1014 10:15:45.131201 34691 thread.cpp:96] Thread 524337 construct Actor kTick 1099614388275
I1014 10:15:45.131273 34691 runtime_context.cpp:29] DecreaseCounter constructing_actor_cnt, current val is 293
I1014 10:15:45.131356 34695 naive_actor.cpp:25] actor 2199023255588 switch to &NaiveActor::HandlerNormal
I1014 10:15:45.131404 34695 thread.cpp:96] Thread 1048576 construct Actor kNormalForward 2199023255588
I1014 10:15:45.131482 34695 runtime_context.cpp:29] DecreaseCounter constructing_actor_cnt, current val is 292
I1014 10:15:45.131633 34691 naive_actor.cpp:25] actor 1099614388273 switch to &NaiveActor::HandlerNormal
I1014 10:15:45.131682 34691 thread.cpp:96] Thread 524337 construct Actor kTick 1099614388273
I1014 10:15:45.131752 34691 runtime_context.cpp:29] DecreaseCounter constructing_actor_cnt, current val is 291
I1014 10:15:45.132123 34691 naive_actor.cpp:25] actor 1099614388277 switch to &NaiveActor::HandlerNormal
I1014 10:15:45.132171 34691 thread.cpp:96] Thread 524337 construct Actor kSrcSubsetTick 1099614388277
I1014 10:15:45.132242 34691 runtime_context.cpp:29] DecreaseCounter constructing_actor_cnt, current val is 290
I1014 10:15:45.132405 34695 naive_actor.cpp:25] actor 2199023255560 switch to &NaiveActor::HandlerNormal
I1014 10:15:45.132452 34695 thread.cpp:96] Thread 1048576 construct Actor kNormalForward 2199023255560
I1014 10:15:45.132584 34695 runtime_context.cpp:29] DecreaseCounter constructing_actor_cnt, current val is 289
I1014 10:15:45.132596 34691 naive_actor.cpp:25] actor 1099614388271 switch to &NaiveActor::HandlerNormal
I1014 10:15:45.132687 34691 thread.cpp:96] Thread 524337 construct Actor kTick 1099614388271
I1014 10:15:45.132761 34691 runtime_context.cpp:29] DecreaseCounter constructing_actor_cnt, current val is 288
I1014 10:15:45.132963 34695 naive_actor.cpp:25] actor 2199023255591 switch to &NaiveActor::HandlerNormal
I1014 10:15:45.133013 34695 thread.cpp:96] Thread 1048576 construct Actor kNormalForward 2199023255591
I1014 10:15:45.133085 34695 runtime_context.cpp:29] DecreaseCounter constructing_actor_cnt, current val is 287
I1014 10:15:45.133169 34691 reentrant_lock_actor.cpp:76] actor 1099614388283 switch to &ReentrantLockActor::HandlerNormal
I1014 10:15:45.133216 34691 thread.cpp:96] Thread 524337 construct Actor kReentrantLock 1099614388283
I1014 10:15:45.133287 34691 runtime_context.cpp:29] DecreaseCounter constructing_actor_cnt, current val is 286
I1014 10:15:45.133622 34691 naive_actor.cpp:25] actor 1099614388288 switch to &NaiveActor::HandlerNormal
I1014 10:15:45.133671 34691 thread.cpp:96] Thread 524337 construct Actor kTick 1099614388288
I1014 10:15:45.133735 34691 runtime_context.cpp:29] DecreaseCounter constructing_actor_cnt, current val is 285
I1014 10:15:45.134090 34691 naive_actor.cpp:25] actor 1099614388287 switch to &NaiveActor::HandlerNormal
I1014 10:15:45.134132 34691 thread.cpp:96] Thread 524337 construct Actor kTick 1099614388287
I1014 10:15:45.134196 34691 runtime_context.cpp:29] DecreaseCounter constructing_actor_cnt, current val is 284
I1014 10:15:45.134464 34695 naive_actor.cpp:25] actor 2199023255573 switch to &NaiveActor::HandlerNormal
I1014 10:15:45.134533 34695 thread.cpp:96] Thread 1048576 construct Actor kNormalForward 2199023255573
I1014 10:15:45.134542 34691 naive_actor.cpp:25] actor 1099614388298 switch to &NaiveActor::HandlerNormal
I1014 10:15:45.134624 34691 thread.cpp:96] Thread 524337 construct Actor kTick 1099614388298
I1014 10:15:45.134627 34695 runtime_context.cpp:29] DecreaseCounter constructing_actor_cnt, current val is 283
I1014 10:15:45.134703 34691 runtime_context.cpp:29] DecreaseCounter constructing_actor_cnt, current val is 282
I1014 10:15:45.135046 34691 naive_actor.cpp:25] actor 1099614388290 switch to &NaiveActor::HandlerNormal
I1014 10:15:45.135093 34691 thread.cpp:96] Thread 524337 construct Actor kTick 1099614388290
I1014 10:15:45.135161 34691 runtime_context.cpp:29] DecreaseCounter constructing_actor_cnt, current val is 281
I1014 10:15:45.135462 34691 naive_actor.cpp:25] actor 1099614388285 switch to &NaiveActor::HandlerNormal
I1014 10:15:45.135510 34691 thread.cpp:96] Thread 524337 construct Actor kTick 1099614388285
I1014 10:15:45.135586 34691 runtime_context.cpp:29] DecreaseCounter constructing_actor_cnt, current val is 280
I1014 10:15:45.135610 34695 naive_actor.cpp:25] actor 2199023255581 switch to &NaiveActor::HandlerNormal
I1014 10:15:45.135668 34695 thread.cpp:96] Thread 1048576 construct Actor kNormalForward 2199023255581
I1014 10:15:45.135756 34695 runtime_context.cpp:29] DecreaseCounter constructing_actor_cnt, current val is 279
I1014 10:15:45.135893 34691 naive_actor.cpp:25] actor 1099614388297 switch to &NaiveActor::HandlerNormal
I1014 10:15:45.135942 34691 thread.cpp:96] Thread 524337 construct Actor kTick 1099614388297
I1014 10:15:45.136008 34691 runtime_context.cpp:29] DecreaseCounter constructing_actor_cnt, current val is 278
I1014 10:15:45.136313 34669 naive_actor.cpp:25] actor 1099511627776 switch to &NaiveActor::HandlerNormal
I1014 10:15:45.136333 34691 naive_actor.cpp:25] actor 1099614388292 switch to &NaiveActor::HandlerNormal
I1014 10:15:45.136373 34669 thread.cpp:96] Thread 524288 construct Actor kNormalForward 1099511627776
I1014 10:15:45.136409 34691 thread.cpp:96] Thread 524337 construct Actor kTick 1099614388292
I1014 10:15:45.136497 34691 runtime_context.cpp:29] DecreaseCounter constructing_actor_cnt, current val is 277
I1014 10:15:45.136507 34669 runtime_context.cpp:29] DecreaseCounter constructing_actor_cnt, current val is 276
I1014 10:15:45.136651 34695 naive_actor.cpp:25] actor 2199023255559 switch to &NaiveActor::HandlerNormal
I1014 10:15:45.136734 34695 thread.cpp:96] Thread 1048576 construct Actor kNormalForward 2199023255559
I1014 10:15:45.136812 34695 runtime_context.cpp:29] DecreaseCounter constructing_actor_cnt, current val is 275
I1014 10:15:45.136929 34691 naive_actor.cpp:25] actor 1099614388286 switch to &NaiveActor::HandlerNormal
I1014 10:15:45.136973 34691 thread.cpp:96] Thread 524337 construct Actor kTick 1099614388286
I1014 10:15:45.137034 34691 runtime_context.cpp:29] DecreaseCounter constructing_actor_cnt, current val is 274
