I1012 13:10:55.470953 41551 thread.cpp:96] Thread 524337 construct Actor kTick 1099614388238
I1012 13:10:55.471033 41551 runtime_context.cpp:29] DecreaseCounter constructing_actor_cnt, current val is 623
I1012 13:10:55.471455 41551 esac_actor.cpp:73] actor 1099614388334 switch to &EsacActor::HandlerNormal
I1012 13:10:55.471503 41551 thread.cpp:96] Thread 524337 construct Actor kEsac 1099614388334
I1012 13:10:55.471572 41565 naive_actor.cpp:25] actor 2199023255576 switch to &NaiveActor::HandlerNormal
I1012 13:10:55.471585 41551 runtime_context.cpp:29] DecreaseCounter constructing_actor_cnt, current val is 622
I1012 13:10:55.471611 41565 thread.cpp:96] Thread 1048576 construct Actor kNormalForward 2199023255576
I1012 13:10:55.471707 41565 runtime_context.cpp:29] DecreaseCounter constructing_actor_cnt, current val is 621
I1012 13:10:55.471709 41574 naive_actor.cpp:25] actor 2207613190152 switch to &NaiveActor::HandlerNormal
I1012 13:10:55.471782 41574 thread.cpp:96] Thread 1052672 construct Actor kNormalForward 2207613190152
I1012 13:10:55.471881 41574 runtime_context.cpp:29] DecreaseCounter constructing_actor_cnt, current val is 620
I1012 13:10:55.472201 41551 esac_actor.cpp:73] actor 1099614388326 switch to &EsacActor::HandlerNormal
I1012 13:10:55.472250 41551 thread.cpp:96] Thread 524337 construct Actor kEsac 1099614388326
I1012 13:10:55.472353 41551 runtime_context.cpp:29] DecreaseCounter constructing_actor_cnt, current val is 619
I1012 13:10:55.472617 41565 naive_actor.cpp:25] actor 2199023255557 switch to &NaiveActor::HandlerNormal
I1012 13:10:55.472669 41565 thread.cpp:96] Thread 1048576 construct Actor kNormalForward 2199023255557
I1012 13:10:55.472705 41551 naive_actor.cpp:25] actor 1099614388248 switch to &NaiveActor::HandlerNormal
I1012 13:10:55.472743 41565 runtime_context.cpp:29] DecreaseCounter constructing_actor_cnt, current val is 618
I1012 13:10:55.472766 41574 naive_actor.cpp:25] actor 2207613190148 switch to &NaiveActor::HandlerNormal
I1012 13:10:55.472757 41551 thread.cpp:96] Thread 524337 construct Actor kTick 1099614388248
I1012 13:10:55.472813 41574 thread.cpp:96] Thread 1052672 construct Actor kNormalForward 2207613190148
I1012 13:10:55.472868 41551 runtime_context.cpp:29] DecreaseCounter constructing_actor_cnt, current val is 617
I1012 13:10:55.472914 41574 runtime_context.cpp:29] DecreaseCounter constructing_actor_cnt, current val is 616
I1012 13:10:55.473153 41551 naive_actor.cpp:25] actor 1099614388249 switch to &NaiveActor::HandlerNormal
I1012 13:10:55.473199 41551 thread.cpp:96] Thread 524337 construct Actor kDeviceTick 1099614388249
I1012 13:10:55.473254 41551 runtime_context.cpp:29] DecreaseCounter constructing_actor_cnt, current val is 615
I1012 13:10:55.473258 41574 naive_actor.cpp:25] actor 2207613190172 switch to &NaiveActor::HandlerNormal
I1012 13:10:55.473330 41574 thread.cpp:96] Thread 1052672 construct Actor kNormalForward 2207613190172
I1012 13:10:55.473392 41574 runtime_context.cpp:29] DecreaseCounter constructing_actor_cnt, current val is 614
I1012 13:10:55.473560 41551 naive_actor.cpp:25] actor 1099614388255 switch to &NaiveActor::HandlerNormal
I1012 13:10:55.473587 41565 naive_actor.cpp:25] actor 2199023255561 switch to &NaiveActor::HandlerNormal
I1012 13:10:55.473606 41551 thread.cpp:96] Thread 524337 construct Actor kTick 1099614388255
I1012 13:10:55.473634 41565 thread.cpp:96] Thread 1048576 construct Actor kNormalForward 2199023255561
I1012 13:10:55.473750 41551 runtime_context.cpp:29] DecreaseCounter constructing_actor_cnt, current val is 613
I1012 13:10:55.473778 41565 runtime_context.cpp:29] DecreaseCounter constructing_actor_cnt, current val is 612
I1012 13:10:55.474057 41551 naive_actor.cpp:25] actor 1099614388316 switch to &NaiveActor::HandlerNormal
I1012 13:10:55.474081 41565 naive_actor.cpp:25] actor 2199023255585 switch to &NaiveActor::HandlerNormal
I1012 13:10:55.474109 41551 thread.cpp:96] Thread 524337 construct Actor kTick 1099614388316
I1012 13:10:55.474130 41565 thread.cpp:96] Thread 1048576 construct Actor kNormalForward 2199023255585
I1012 13:10:55.474197 41551 runtime_context.cpp:29] DecreaseCounter constructing_actor_cnt, current val is 611
I1012 13:10:55.474212 41565 runtime_context.cpp:29] DecreaseCounter constructing_actor_cnt, current val is 610
I1012 13:10:55.474278 41574 naive_actor.cpp:25] actor 2207613190145 switch to &NaiveActor::HandlerNormal
I1012 13:10:55.474335 41574 thread.cpp:96] Thread 1052672 construct Actor kNormalForward 2207613190145
I1012 13:10:55.474439 41574 runtime_context.cpp:29] DecreaseCounter constructing_actor_cnt, current val is 609
I1012 13:10:55.474517 41551 naive_actor.cpp:25] actor 1099614388253 switch to &NaiveActor::HandlerNormal
I1012 13:10:55.474570 41551 thread.cpp:96] Thread 524337 construct Actor kTick 1099614388253
I1012 13:10:55.474637 41551 runtime_context.cpp:29] DecreaseCounter constructing_actor_cnt, current val is 608
I1012 13:10:55.474977 41551 naive_actor.cpp:25] actor 1099614388254 switch to &NaiveActor::HandlerNormal
I1012 13:10:55.475024 41551 thread.cpp:96] Thread 524337 construct Actor kDstSubsetTick 1099614388254
I1012 13:10:55.475076 41565 naive_actor.cpp:25] actor 2199023255574 switch to &NaiveActor::HandlerNormal
I1012 13:10:55.475116 41551 runtime_context.cpp:29] DecreaseCounter constructing_actor_cnt, current val is 607
I1012 13:10:55.475121 41565 thread.cpp:96] Thread 1048576 construct Actor kNormalForward 2199023255574
I1012 13:10:55.475219 41565 runtime_context.cpp:29] DecreaseCounter constructing_actor_cnt, current val is 606
I1012 13:10:55.475368 41574 naive_actor.cpp:25] actor 2207613190158 switch to &NaiveActor::HandlerNormal
I1012 13:10:55.475419 41574 thread.cpp:96] Thread 1052672 construct Actor kNormalForward 2207613190158
I1012 13:10:55.475461 41551 naive_actor.cpp:25] actor 1099614388256 switch to &NaiveActor::HandlerNormal
I1012 13:10:55.475503 41551 thread.cpp:96] Thread 524337 construct Actor kTick 1099614388256
I1012 13:10:55.475509 41574 runtime_context.cpp:29] DecreaseCounter constructing_actor_cnt, current val is 605
I1012 13:10:55.475561 41551 runtime_context.cpp:29] DecreaseCounter constructing_actor_cnt, current val is 604
I1012 13:10:55.475797 41574 naive_actor.cpp:25] actor 2207613190167 switch to &NaiveActor::HandlerNormal
I1012 13:10:55.475844 41574 thread.cpp:96] Thread 1052672 construct Actor kNormalForward 2207613190167
I1012 13:10:55.475878 41551 naive_actor.cpp:25] actor 1099614388250 switch to &NaiveActor::HandlerNormal
I1012 13:10:55.475909 41551 thread.cpp:96] Thread 524337 construct Actor kSrcSubsetTick 1099614388250
I1012 13:10:55.475914 41574 runtime_context.cpp:29] DecreaseCounter constructing_actor_cnt, current val is 603
I1012 13:10:55.475960 41565 naive_actor.cpp:25] actor 2199023255558 switch to &NaiveActor::HandlerNormal
I1012 13:10:55.475962 41551 runtime_context.cpp:29] DecreaseCounter constructing_actor_cnt, current val is 602
I1012 13:10:55.476014 41565 thread.cpp:96] Thread 1048576 construct Actor kNormalForward 2199023255558
I1012 13:10:55.476097 41565 runtime_context.cpp:29] DecreaseCounter constructing_actor_cnt, current val is 601
I1012 13:10:55.476311 41551 naive_actor.cpp:25] actor 1099614388257 switch to &NaiveActor::HandlerNormal
I1012 13:10:55.476356 41551 thread.cpp:96] Thread 524337 construct Actor kTick 1099614388257
I1012 13:10:55.476400 41565 naive_actor.cpp:25] actor 2199023255575 switch to &NaiveActor::HandlerNormal
I1012 13:10:55.476413 41551 runtime_context.cpp:29] DecreaseCounter constructing_actor_cnt, current val is 600
I1012 13:10:55.476533 41565 thread.cpp:96] Thread 1048576 construct Actor kNormalForward 2199023255575
I1012 13:10:55.476634 41565 runtime_context.cpp:29] DecreaseCounter constructing_actor_cnt, current val is 599
I1012 13:10:55.476734 41574 naive_actor.cpp:25] actor 2207613190166 switch to &NaiveActor::HandlerNormal
I1012 13:10:55.476783 41574 thread.cpp:96] Thread 1052672 construct Actor kNormalForward 2207613190166
I1012 13:10:55.476846 41574 runtime_context.cpp:29] DecreaseCounter constructing_actor_cnt, current val is 598
I1012 13:10:55.476850 41551 naive_actor.cpp:25] actor 1099614388265 switch to &NaiveActor::HandlerNormal
I1012 13:10:55.476922 41551 thread.cpp:96] Thread 524337 construct Actor kTick 1099614388265
I1012 13:10:55.476989 41551 runtime_context.cpp:29] DecreaseCounter constructing_actor_cnt, current val is 597
I1012 13:10:55.477303 41565 naive_actor.cpp:25] actor 2199023255572 switch to &NaiveActor::HandlerNormal
I1012 13:10:55.477320 41551 naive_actor.cpp:25] actor 1099614388263 switch to &NaiveActor::HandlerNormal
I1012 13:10:55.477353 41565 thread.cpp:96] Thread 1048576 construct Actor kNormalForward 2199023255572
I1012 13:10:55.477380 41551 thread.cpp:96] Thread 524337 construct Actor kDstSubsetTick 1099614388263
I1012 13:10:55.477469 41565 runtime_context.cpp:29] DecreaseCounter constructing_actor_cnt, current val is 596
I1012 13:10:55.477494 41551 runtime_context.cpp:29] DecreaseCounter constructing_actor_cnt, current val is 595
I1012 13:10:55.477767 41574 naive_actor.cpp:25] actor 2207613190191 switch to &NaiveActor::HandlerNormal
I1012 13:10:55.477779 41551 naive_actor.cpp:25] actor 1099614388310 switch to &NaiveActor::HandlerNormal
I1012 13:10:55.477824 41574 thread.cpp:96] Thread 1052672 construct Actor kNormalForward 2207613190191
I1012 13:10:55.477851 41551 thread.cpp:96] Thread 524337 construct Actor kTick 1099614388310
I1012 13:10:55.477926 41574 runtime_context.cpp:29] DecreaseCounter constructing_actor_cnt, current val is 594
I1012 13:10:55.477942 41551 runtime_context.cpp:29] DecreaseCounter constructing_actor_cnt, current val is 593
I1012 13:10:55.478125 41565 naive_actor.cpp:25] actor 2199023255587 switch to &NaiveActor::HandlerNormal
I1012 13:10:55.478173 41565 thread.cpp:96] Thread 1048576 construct Actor kNormalForward 2199023255587
I1012 13:10:55.478231 41565 runtime_context.cpp:29] DecreaseCounter constructing_actor_cnt, current val is 592
I1012 13:10:55.478257 41551 naive_actor.cpp:25] actor 1099614388258 switch to &NaiveActor::HandlerNormal
I1012 13:10:55.478299 41551 thread.cpp:96] Thread 524337 construct Actor kDeviceTick 1099614388258
I1012 13:10:55.478356 41551 runtime_context.cpp:29] DecreaseCounter constructing_actor_cnt, current val is 591
I1012 13:10:55.478646 41551 naive_actor.cpp:25] actor 1099614388262 switch to &NaiveActor::HandlerNormal
I1012 13:10:55.478693 41551 thread.cpp:96] Thread 524337 construct Actor kTick 1099614388262
I1012 13:10:55.478765 41551 runtime_context.cpp:29] DecreaseCounter constructing_actor_cnt, current val is 590
I1012 13:10:55.478797 41574 naive_actor.cpp:25] actor 2207613190163 switch to &NaiveActor::HandlerNormal
I1012 13:10:55.478844 41574 thread.cpp:96] Thread 1052672 construct Actor kNormalForward 2207613190163
I1012 13:10:55.478914 41574 runtime_context.cpp:29] DecreaseCounter constructing_actor_cnt, current val is 589
I1012 13:10:55.479059 41551 naive_actor.cpp:25] actor 1099614388264 switch to &NaiveActor::HandlerNormal
I1012 13:10:55.479086 41565 naive_actor.cpp:25] actor 2199023255566 switch to &NaiveActor::HandlerNormal
I1012 13:10:55.479104 41551 thread.cpp:96] Thread 524337 construct Actor kTick 1099614388264
I1012 13:10:55.479131 41565 thread.cpp:96] Thread 1048576 construct Actor kNormalForward 2199023255566
I1012 13:10:55.479212 41551 runtime_context.cpp:29] DecreaseCounter constructing_actor_cnt, current val is 588
I1012 13:10:55.479240 41565 runtime_context.cpp:29] DecreaseCounter constructing_actor_cnt, current val is 587
I1012 13:10:55.479542 41551 naive_actor.cpp:25] actor 1099614388259 switch to &NaiveActor::HandlerNormal
I1012 13:10:55.479599 41551 thread.cpp:96] Thread 524337 construct Actor kSrcSubsetTick 1099614388259
I1012 13:10:55.479615 41565 naive_actor.cpp:25] actor 2199023255588 switch to &NaiveActor::HandlerNormal
I1012 13:10:55.479653 41565 thread.cpp:96] Thread 1048576 construct Actor kNormalForward 2199023255588
I1012 13:10:55.479668 41551 runtime_context.cpp:29] DecreaseCounter constructing_actor_cnt, current val is 586
I1012 13:10:55.479703 41565 runtime_context.cpp:29] DecreaseCounter constructing_actor_cnt, current val is 585
I1012 13:10:55.479768 41574 naive_actor.cpp:25] actor 2207613190199 switch to &NaiveActor::HandlerNormal
I1012 13:10:55.479817 41574 thread.cpp:96] Thread 1052672 construct Actor kNormalForward 2207613190199
I1012 13:10:55.479905 41574 runtime_context.cpp:29] DecreaseCounter constructing_actor_cnt, current val is 584
I1012 13:10:55.479995 41551 naive_actor.cpp:25] actor 1099614388266 switch to &NaiveActor::HandlerNormal
I1012 13:10:55.480041 41551 thread.cpp:96] Thread 524337 construct Actor kTick 1099614388266
I1012 13:10:55.480100 41551 runtime_context.cpp:29] DecreaseCounter constructing_actor_cnt, current val is 583
I1012 13:10:55.480381 41551 naive_actor.cpp:25] actor 1099614388273 switch to &NaiveActor::HandlerNormal
I1012 13:10:55.480440 41551 thread.cpp:96] Thread 524337 construct Actor kTick 1099614388273
I1012 13:10:55.480510 41551 runtime_context.cpp:29] DecreaseCounter constructing_actor_cnt, current val is 582
I1012 13:10:55.480525 41565 naive_actor.cpp:25] actor 2199023255569 switch to &NaiveActor::HandlerNormal
I1012 13:10:55.480577 41565 thread.cpp:96] Thread 1048576 construct Actor kNormalForward 2199023255569
I1012 13:10:55.480648 41565 runtime_context.cpp:29] DecreaseCounter constructing_actor_cnt, current val is 581
I1012 13:10:55.480742 41574 naive_actor.cpp:25] actor 2207613190181 switch to &NaiveActor::HandlerNormal
I1012 13:10:55.480793 41574 thread.cpp:96] Thread 1052672 construct Actor kNormalForward 2207613190181
I1012 13:10:55.480880 41574 runtime_context.cpp:29] DecreaseCounter constructing_actor_cnt, current val is 580
I1012 13:10:55.480943 41551 naive_actor.cpp:25] actor 1099614388272 switch to &NaiveActor::HandlerNormal
I1012 13:10:55.480985 41551 thread.cpp:96] Thread 524337 construct Actor kDstSubsetTick 1099614388272
I1012 13:10:55.481050 41551 runtime_context.cpp:29] DecreaseCounter constructing_actor_cnt, current val is 579
I1012 13:10:55.481221 41574 naive_actor.cpp:25] actor 2207613190198 switch to &NaiveActor::HandlerNormal
I1012 13:10:55.481267 41574 thread.cpp:96] Thread 1052672 construct Actor kNormalForward 2207613190198
I1012 13:10:55.481324 41551 naive_actor.cpp:25] actor 1099614388271 switch to &NaiveActor::HandlerNormal
I1012 13:10:55.481324 41574 runtime_context.cpp:29] DecreaseCounter constructing_actor_cnt, current val is 578
I1012 13:10:55.481372 41565 naive_actor.cpp:25] actor 2199023255577 switch to &NaiveActor::HandlerNormal
I1012 13:10:55.481361 41551 thread.cpp:96] Thread 524337 construct Actor kTick 1099614388271
I1012 13:10:55.481438 41565 thread.cpp:96] Thread 1048576 construct Actor kNormalForward 2199023255577
I1012 13:10:55.481514 41551 runtime_context.cpp:29] DecreaseCounter constructing_actor_cnt, current val is 577
I1012 13:10:55.481532 41565 runtime_context.cpp:29] DecreaseCounter constructing_actor_cnt, current val is 576
I1012 13:10:55.481698 41574 naive_actor.cpp:25] actor 2207613190165 switch to &NaiveActor::HandlerNormal
I1012 13:10:55.481745 41574 thread.cpp:96] Thread 1052672 construct Actor kNormalForward 2207613190165
I1012 13:10:55.481799 41551 naive_actor.cpp:25] actor 1099614388268 switch to &NaiveActor::HandlerNormal
I1012 13:10:55.481803 41574 runtime_context.cpp:29] DecreaseCounter constructing_actor_cnt, current val is 575
I1012 13:10:55.481844 41551 thread.cpp:96] Thread 524337 construct Actor kSrcSubsetTick 1099614388268
I1012 13:10:55.481844 41565 naive_actor.cpp:25] actor 2199023255573 switch to &NaiveActor::HandlerNormal
I1012 13:10:55.481930 41551 runtime_context.cpp:29] DecreaseCounter constructing_actor_cnt, current val is 574
I1012 13:10:55.482012 41565 thread.cpp:96] Thread 1048576 construct Actor kNormalForward 2199023255573
I1012 13:10:55.482097 41565 runtime_context.cpp:29] DecreaseCounter constructing_actor_cnt, current val is 573
I1012 13:10:55.482149 41574 naive_actor.cpp:25] actor 2207613190170 switch to &NaiveActor::HandlerNormal
I1012 13:10:55.482195 41574 thread.cpp:96] Thread 1052672 construct Actor kNormalForward 2207613190170
I1012 13:10:55.482267 41574 runtime_context.cpp:29] DecreaseCounter constructing_actor_cnt, current val is 572
I1012 13:10:55.482298 41551 naive_actor.cpp:25] actor 1099614388274 switch to &NaiveActor::HandlerNormal
I1012 13:10:55.482342 41551 thread.cpp:96] Thread 524337 construct Actor kTick 1099614388274
I1012 13:10:55.482400 41551 runtime_context.cpp:29] DecreaseCounter constructing_actor_cnt, current val is 571
I1012 13:10:55.482679 41551 naive_actor.cpp:25] actor 1099614388302 switch to &NaiveActor::HandlerNormal
I1012 13:10:55.482733 41551 thread.cpp:96] Thread 524337 construct Actor kTick 1099614388302
I1012 13:10:55.482786 41551 runtime_context.cpp:29] DecreaseCounter constructing_actor_cnt, current val is 570
I1012 13:10:55.482908 41565 naive_actor.cpp:25] actor 2199023255628 switch to &NaiveActor::HandlerNormal
I1012 13:10:55.482954 41565 thread.cpp:96] Thread 1048576 construct Actor kNormalForward 2199023255628
I1012 13:10:55.483028 41565 runtime_context.cpp:29] DecreaseCounter constructing_actor_cnt, current val is 569
I1012 13:10:55.483072 41551 naive_actor.cpp:25] actor 1099614388267 switch to &NaiveActor::HandlerNormal
I1012 13:10:55.483110 41551 thread.cpp:96] Thread 524337 construct Actor kDeviceTick 1099614388267
I1012 13:10:55.483160 41551 runtime_context.cpp:29] DecreaseCounter constructing_actor_cnt, current val is 568
I1012 13:10:55.483161 41574 naive_actor.cpp:25] actor 2207613190161 switch to &NaiveActor::HandlerNormal
I1012 13:10:55.483233 41574 thread.cpp:96] Thread 1052672 construct Actor kNormalForward 2207613190161
I1012 13:10:55.483320 41574 runtime_context.cpp:29] DecreaseCounter constructing_actor_cnt, current val is 567
I1012 13:10:55.483500 41551 naive_actor.cpp:25] actor 1099614388275 switch to &NaiveActor::HandlerNormal
I1012 13:10:55.483553 41551 thread.cpp:96] Thread 524337 construct Actor kDeviceTick 1099614388275
I1012 13:10:55.483615 41551 runtime_context.cpp:29] DecreaseCounter constructing_actor_cnt, current val is 566
I1012 13:10:55.483755 41565 naive_actor.cpp:25] actor 2199023255652 switch to &NaiveActor::HandlerNormal
I1012 13:10:55.483800 41565 thread.cpp:96] Thread 1048576 construct Actor kNormalForward 2199023255652
I1012 13:10:55.483860 41565 runtime_context.cpp:29] DecreaseCounter constructing_actor_cnt, current val is 565
I1012 13:10:55.483908 41551 naive_actor.cpp:25] actor 1099614388276 switch to &NaiveActor::HandlerNormal
I1012 13:10:55.483949 41551 thread.cpp:96] Thread 524337 construct Actor kDeviceTick 1099614388276
I1012 13:10:55.484010 41551 runtime_context.cpp:29] DecreaseCounter constructing_actor_cnt, current val is 564
I1012 13:10:55.484194 41565 naive_actor.cpp:25] actor 2199023255559 switch to &NaiveActor::HandlerNormal
I1012 13:10:55.484236 41565 thread.cpp:96] Thread 1048576 construct Actor kNormalForward 2199023255559
I1012 13:10:55.484261 41574 naive_actor.cpp:25] actor 2207613190154 switch to &NaiveActor::HandlerNormal
I1012 13:10:55.484289 41551 naive_actor.cpp:25] actor 1099614388282 switch to &NaiveActor::HandlerNormal
I1012 13:10:55.484297 41565 runtime_context.cpp:29] DecreaseCounter constructing_actor_cnt, current val is 563
I1012 13:10:55.484313 41574 thread.cpp:96] Thread 1052672 construct Actor kNormalForward 2207613190154
I1012 13:10:55.484336 41551 thread.cpp:96] Thread 524337 construct Actor kTick 1099614388282
I1012 13:10:55.484455 41574 runtime_context.cpp:29] DecreaseCounter constructing_actor_cnt, current val is 562
I1012 13:10:55.484475 41551 runtime_context.cpp:29] DecreaseCounter constructing_actor_cnt, current val is 561
I1012 13:10:55.484817 41551 naive_actor.cpp:25] actor 1099614388290 switch to &NaiveActor::HandlerNormal
I1012 13:10:55.484869 41551 thread.cpp:96] Thread 524337 construct Actor kSrcSubsetTick 1099614388290
I1012 13:10:55.484925 41551 runtime_context.cpp:29] DecreaseCounter constructing_actor_cnt, current val is 560
I1012 13:10:55.485107 41565 naive_actor.cpp:25] actor 2199023255633 switch to &NaiveActor::HandlerNormal
I1012 13:10:55.485158 41565 thread.cpp:96] Thread 1048576 construct Actor kNormalForward 2199023255633
I1012 13:10:55.485163 41574 naive_actor.cpp:25] actor 2207613190179 switch to &NaiveActor::HandlerNormal
I1012 13:10:55.485205 41551 naive_actor.cpp:25] actor 1099614388288 switch to &NaiveActor::HandlerNormal
I1012 13:10:55.485229 41565 runtime_context.cpp:29] DecreaseCounter constructing_actor_cnt, current val is 559
I1012 13:10:55.485230 41574 thread.cpp:96] Thread 1052672 construct Actor kNormalForward 2207613190179
I1012 13:10:55.485251 41551 thread.cpp:96] Thread 524337 construct Actor kTick 1099614388288
I1012 13:10:55.485327 41574 runtime_context.cpp:29] DecreaseCounter constructing_actor_cnt, current val is 558
I1012 13:10:55.485350 41551 runtime_context.cpp:29] DecreaseCounter constructing_actor_cnt, current val is 557
I1012 13:10:55.485666 41551 naive_actor.cpp:25] actor 1099614388281 switch to &NaiveActor::HandlerNormal
I1012 13:10:55.485711 41551 thread.cpp:96] Thread 524337 construct Actor kDstSubsetTick 1099614388281
I1012 13:10:55.485772 41551 runtime_context.cpp:29] DecreaseCounter constructing_actor_cnt, current val is 556
I1012 13:10:55.486011 41565 naive_actor.cpp:25] actor 2199023255589 switch to &NaiveActor::HandlerNormal
I1012 13:10:55.486019 41574 naive_actor.cpp:25] actor 2207613190184 switch to &NaiveActor::HandlerNormal
I1012 13:10:55.486053 41551 naive_actor.cpp:25] actor 1099614388295 switch to &NaiveActor::HandlerNormal
I1012 13:10:55.486059 41565 thread.cpp:96] Thread 1048576 construct Actor kNormalForward 2199023255589
I1012 13:10:55.486084 41574 thread.cpp:96] Thread 1052672 construct Actor kNormalForward 2207613190184
I1012 13:10:55.486110 41551 thread.cpp:96] Thread 524337 construct Actor kTick 1099614388295
I1012 13:10:55.486202 41574 runtime_context.cpp:29] DecreaseCounter constructing_actor_cnt, current val is 555
I1012 13:10:55.486210 41565 runtime_context.cpp:29] DecreaseCounter constructing_actor_cnt, current val is 554
I1012 13:10:55.486219 41551 runtime_context.cpp:29] DecreaseCounter constructing_actor_cnt, current val is 553
I1012 13:10:55.486515 41551 naive_actor.cpp:25] actor 1099614388294 switch to &NaiveActor::HandlerNormal
I1012 13:10:55.486560 41551 thread.cpp:96] Thread 524337 construct Actor kTick 1099614388294
I1012 13:10:55.486626 41551 runtime_context.cpp:29] DecreaseCounter constructing_actor_cnt, current val is 552
I1012 13:10:55.486950 41551 naive_actor.cpp:25] actor 1099614388293 switch to &NaiveActor::HandlerNormal
I1012 13:10:55.486979 41574 naive_actor.cpp:25] actor 2207613190173 switch to &NaiveActor::HandlerNormal
I1012 13:10:55.486994 41551 thread.cpp:96] Thread 524337 construct Actor kDstSubsetTick 1099614388293
I1012 13:10:55.487013 41565 naive_actor.cpp:25] actor 2199023255571 switch to &NaiveActor::HandlerNormal
I1012 13:10:55.487038 41574 thread.cpp:96] Thread 1052672 construct Actor kNormalForward 2207613190173
I1012 13:10:55.487080 41565 thread.cpp:96] Thread 1048576 construct Actor kNormalForward 2199023255571
I1012 13:10:55.487092 41551 runtime_context.cpp:29] DecreaseCounter constructing_actor_cnt, current val is 551
I1012 13:10:55.487152 41574 runtime_context.cpp:29] DecreaseCounter constructing_actor_cnt, current val is 550
I1012 13:10:55.487169 41565 runtime_context.cpp:29] DecreaseCounter constructing_actor_cnt, current val is 549
I1012 13:10:55.487390 41551 naive_actor.cpp:25] actor 1099614388283 switch to &NaiveActor::HandlerNormal
I1012 13:10:55.487445 41551 thread.cpp:96] Thread 524337 construct Actor kTick 1099614388283
I1012 13:10:55.487478 41574 naive_actor.cpp:25] actor 2207613190177 switch to &NaiveActor::HandlerNormal
I1012 13:10:55.487504 41551 runtime_context.cpp:29] DecreaseCounter constructing_actor_cnt, current val is 548
I1012 13:10:55.487567 41574 thread.cpp:96] Thread 1052672 construct Actor kNormalForward 2207613190177
I1012 13:10:55.487699 41574 runtime_context.cpp:29] DecreaseCounter constructing_actor_cnt, current val is 547
I1012 13:10:55.487890 41551 naive_actor.cpp:25] actor 1099614388332 switch to &NaiveActor::HandlerNormal
I1012 13:10:55.487890 41565 naive_actor.cpp:25] actor 2199023255626 switch to &NaiveActor::HandlerNormal
I1012 13:10:55.487949 41551 thread.cpp:96] Thread 524337 construct Actor kTick 1099614388332
I1012 13:10:55.487972 41565 thread.cpp:96] Thread 1048576 construct Actor kNormalForward 2199023255626
I1012 13:10:55.488034 41551 runtime_context.cpp:29] DecreaseCounter constructing_actor_cnt, current val is 546
I1012 13:10:55.488065 41565 runtime_context.cpp:29] DecreaseCounter constructing_actor_cnt, current val is 545
I1012 13:10:55.488318 41551 naive_actor.cpp:25] actor 1099614388280 switch to &NaiveActor::HandlerNormal
I1012 13:10:55.488361 41551 thread.cpp:96] Thread 524337 construct Actor kTick 1099614388280
I1012 13:10:55.488411 41551 runtime_context.cpp:29] DecreaseCounter constructing_actor_cnt, current val is 544
I1012 13:10:55.488564 41574 naive_actor.cpp:25] actor 2207613190197 switch to &NaiveActor::HandlerNormal
I1012 13:10:55.488610 41574 thread.cpp:96] Thread 1052672 construct Actor kNormalForward 2207613190197
I1012 13:10:55.488690 41574 runtime_context.cpp:29] DecreaseCounter constructing_actor_cnt, current val is 543
I1012 13:10:55.488698 41551 naive_actor.cpp:25] actor 1099614388292 switch to &NaiveActor::HandlerNormal
I1012 13:10:55.488754 41551 thread.cpp:96] Thread 524337 construct Actor kTick 1099614388292
I1012 13:10:55.488812 41551 runtime_context.cpp:29] DecreaseCounter constructing_actor_cnt, current val is 542
I1012 13:10:55.488941 41565 naive_actor.cpp:25] actor 2199023255560 switch to &NaiveActor::HandlerNormal
I1012 13:10:55.488984 41565 thread.cpp:96] Thread 1048576 construct Actor kNormalForward 2199023255560
I1012 13:10:55.489059 41565 runtime_context.cpp:29] DecreaseCounter constructing_actor_cnt, current val is 541
I1012 13:10:55.489100 41551 naive_actor.cpp:25] actor 1099614388277 switch to &NaiveActor::HandlerNormal
I1012 13:10:55.489141 41551 thread.cpp:96] Thread 524337 construct Actor kSrcSubsetTick 1099614388277
I1012 13:10:55.489209 41551 runtime_context.cpp:29] DecreaseCounter constructing_actor_cnt, current val is 540
I1012 13:10:55.489485 41551 naive_actor.cpp:25] actor 1099614388284 switch to &NaiveActor::HandlerNormal
I1012 13:10:55.489526 41551 thread.cpp:96] Thread 524337 construct Actor kTick 1099614388284
I1012 13:10:55.489586 41551 runtime_context.cpp:29] DecreaseCounter constructing_actor_cnt, current val is 539
I1012 13:10:55.489583 41574 naive_actor.cpp:25] actor 2207613190176 switch to &NaiveActor::HandlerNormal
I1012 13:10:55.489661 41574 thread.cpp:96] Thread 1052672 construct Actor kNormalForward 2207613190176
I1012 13:10:55.489732 41574 runtime_context.cpp:29] DecreaseCounter constructing_actor_cnt, current val is 538
I1012 13:10:55.489835 41565 naive_actor.cpp:25] actor 2199023255584 switch to &NaiveActor::HandlerNormal
I1012 13:10:55.489878 41565 thread.cpp:96] Thread 1048576 construct Actor kNormalForward 2199023255584
I1012 13:10:55.489902 41551 naive_actor.cpp:25] actor 1099614388285 switch to &NaiveActor::HandlerNormal
I1012 13:10:55.489941 41565 runtime_context.cpp:29] DecreaseCounter constructing_actor_cnt, current val is 537
I1012 13:10:55.489948 41551 thread.cpp:96] Thread 524337 construct Actor kTick 1099614388285
I1012 13:10:55.490031 41551 runtime_context.cpp:29] DecreaseCounter constructing_actor_cnt, current val is 536
I1012 13:10:55.490296 41551 naive_actor.cpp:25] actor 1099614388299 switch to &NaiveActor::HandlerNormal
I1012 13:10:55.490339 41551 thread.cpp:96] Thread 524337 construct Actor kTick 1099614388299
I1012 13:10:55.490398 41551 runtime_context.cpp:29] DecreaseCounter constructing_actor_cnt, current val is 535
I1012 13:10:55.490484 41574 naive_actor.cpp:25] actor 2207613190150 switch to &NaiveActor::HandlerNormal
I1012 13:10:55.490540 41574 thread.cpp:96] Thread 1052672 construct Actor kNormalForward 2207613190150
I1012 13:10:55.490608 41574 runtime_context.cpp:29] DecreaseCounter constructing_actor_cnt, current val is 534
I1012 13:10:55.490746 41551 naive_actor.cpp:25] actor 1099614388298 switch to &NaiveActor::HandlerNormal
I1012 13:10:55.490762 41565 naive_actor.cpp:25] actor 2199023255629 switch to &NaiveActor::HandlerNormal
I1012 13:10:55.490795 41551 thread.cpp:96] Thread 524337 construct Actor kTick 1099614388298
I1012 13:10:55.490818 41565 thread.cpp:96] Thread 1048576 construct Actor kNormalForward 2199023255629
I1012 13:10:55.490872 41551 runtime_context.cpp:29] DecreaseCounter constructing_actor_cnt, current val is 533
I1012 13:10:55.490909 41565 runtime_context.cpp:29] DecreaseCounter constructing_actor_cnt, current val is 532
I1012 13:10:55.491156 41565 naive_actor.cpp:25] actor 2199023255600 switch to &NaiveActor::HandlerNormal
I1012 13:10:55.491158 41551 naive_actor.cpp:25] actor 1099614388304 switch to &NaiveActor::HandlerNormal
I1012 13:10:55.491202 41565 thread.cpp:96] Thread 1048576 construct Actor kNormalForward 2199023255600
I1012 13:10:55.491225 41551 thread.cpp:96] Thread 524337 construct Actor kTick 1099614388304
I1012 13:10:55.491281 41565 runtime_context.cpp:29] DecreaseCounter constructing_actor_cnt, current val is 531
I1012 13:10:55.491291 41551 runtime_context.cpp:29] DecreaseCounter constructing_actor_cnt, current val is 530
I1012 13:10:55.491466 41574 naive_actor.cpp:25] actor 2207613190212 switch to &NaiveActor::HandlerNormal
I1012 13:10:55.491519 41574 thread.cpp:96] Thread 1052672 construct Actor kNormalForward 2207613190212
I1012 13:10:55.491575 41551 naive_actor.cpp:25] actor 1099614388300 switch to &NaiveActor::HandlerNormal
I1012 13:10:55.491598 41574 runtime_context.cpp:29] DecreaseCounter constructing_actor_cnt, current val is 529
I1012 13:10:55.491616 41551 thread.cpp:96] Thread 524337 construct Actor kTick 1099614388300
I1012 13:10:55.491698 41551 runtime_context.cpp:29] DecreaseCounter constructing_actor_cnt, current val is 528
I1012 13:10:55.491917 41574 naive_actor.cpp:25] actor 2207613190182 switch to &NaiveActor::HandlerNormal
I1012 13:10:55.491962 41574 thread.cpp:96] Thread 1052672 construct Actor kNormalForward 2207613190182
I1012 13:10:55.492017 41574 runtime_context.cpp:29] DecreaseCounter constructing_actor_cnt, current val is 527
I1012 13:10:55.492074 41551 reentrant_lock_actor.cpp:76] actor 1099614388296 switch to &ReentrantLockActor::HandlerNormal
I1012 13:10:55.492115 41551 thread.cpp:96] Thread 524337 construct Actor kReentrantLock 1099614388296
I1012 13:10:55.492164 41565 naive_actor.cpp:25] actor 2199023255581 switch to &NaiveActor::HandlerNormal
I1012 13:10:55.492168 41551 runtime_context.cpp:29] DecreaseCounter constructing_actor_cnt, current val is 526
I1012 13:10:55.492211 41565 thread.cpp:96] Thread 1048576 construct Actor kNormalForward 2199023255581
I1012 13:10:55.492295 41565 runtime_context.cpp:29] DecreaseCounter constructing_actor_cnt, current val is 525
I1012 13:10:55.492486 41551 naive_actor.cpp:25] actor 1099614388303 switch to &NaiveActor::HandlerNormal
I1012 13:10:55.492527 41551 thread.cpp:96] Thread 524337 construct Actor kTick 1099614388303
I1012 13:10:55.492581 41551 runtime_context.cpp:29] DecreaseCounter constructing_actor_cnt, current val is 524
I1012 13:10:55.492719 41574 naive_actor.cpp:25] actor 2207613190159 switch to &NaiveActor::HandlerNormal
I1012 13:10:55.492765 41574 thread.cpp:96] Thread 1052672 construct Actor kNormalForward 2207613190159
I1012 13:10:55.492837 41574 runtime_context.cpp:29] DecreaseCounter constructing_actor_cnt, current val is 523
I1012 13:10:55.492838 41551 naive_actor.cpp:25] actor 1099614388311 switch to &NaiveActor::HandlerNormal
I1012 13:10:55.492900 41551 thread.cpp:96] Thread 524337 construct Actor kTick 1099614388311
I1012 13:10:55.492935 41565 naive_actor.cpp:25] actor 2199023255567 switch to &NaiveActor::HandlerNormal
I1012 13:10:55.492964 41551 runtime_context.cpp:29] DecreaseCounter constructing_actor_cnt, current val is 522
I1012 13:10:55.493011 41565 thread.cpp:96] Thread 1048576 construct Actor kNormalForward 2199023255567
I1012 13:10:55.493100 41565 runtime_context.cpp:29] DecreaseCounter constructing_actor_cnt, current val is 521
I1012 13:10:55.493163 41574 naive_actor.cpp:25] actor 2207613190190 switch to &NaiveActor::HandlerNormal
I1012 13:10:55.493206 41574 thread.cpp:96] Thread 1052672 construct Actor kNormalForward 2207613190190
I1012 13:10:55.493261 41574 runtime_context.cpp:29] DecreaseCounter constructing_actor_cnt, current val is 520
I1012 13:10:55.493278 41551 naive_actor.cpp:25] actor 1099614388319 switch to &NaiveActor::HandlerNormal
I1012 13:10:55.493322 41551 thread.cpp:96] Thread 524337 construct Actor kTick 1099614388319
I1012 13:10:55.493402 41551 runtime_context.cpp:29] DecreaseCounter constructing_actor_cnt, current val is 519
I1012 13:10:55.493417 41565 naive_actor.cpp:25] actor 2199023255598 switch to &NaiveActor::HandlerNormal
I1012 13:10:55.493463 41565 thread.cpp:96] Thread 1048576 construct Actor kNormalForward 2199023255598
I1012 13:10:55.493516 41565 runtime_context.cpp:29] DecreaseCounter constructing_actor_cnt, current val is 518
I1012 13:10:55.493683 41551 naive_actor.cpp:25] actor 1099614388320 switch to &NaiveActor::HandlerNormal
I1012 13:10:55.493731 41551 thread.cpp:96] Thread 524337 construct Actor kTick 1099614388320
I1012 13:10:55.493793 41551 runtime_context.cpp:29] DecreaseCounter constructing_actor_cnt, current val is 517
I1012 13:10:55.494031 41551 naive_actor.cpp:25] actor 1099614388318 switch to &NaiveActor::HandlerNormal
I1012 13:10:55.494076 41551 thread.cpp:96] Thread 524337 construct Actor kTick 1099614388318
I1012 13:10:55.494078 41574 naive_actor.cpp:25] actor 2207613190211 switch to &NaiveActor::HandlerNormal
I1012 13:10:55.494132 41574 thread.cpp:96] Thread 1052672 construct Actor kNormalForward 2207613190211
I1012 13:10:55.494136 41551 runtime_context.cpp:29] DecreaseCounter constructing_actor_cnt, current val is 516
I1012 13:10:55.494139 41565 naive_actor.cpp:25] actor 2199023255582 switch to &NaiveActor::HandlerNormal
I1012 13:10:55.494204 41574 runtime_context.cpp:29] DecreaseCounter constructing_actor_cnt, current val is 515
I1012 13:10:55.494226 41565 thread.cpp:96] Thread 1048576 construct Actor kNormalForward 2199023255582
I1012 13:10:55.494314 41565 runtime_context.cpp:29] DecreaseCounter constructing_actor_cnt, current val is 514
I1012 13:10:55.494464 41551 naive_actor.cpp:25] actor 1099614388325 switch to &NaiveActor::HandlerNormal
I1012 13:10:55.494504 41551 thread.cpp:96] Thread 524337 construct Actor kTick 1099614388325
I1012 13:10:55.494552 41551 runtime_context.cpp:29] DecreaseCounter constructing_actor_cnt, current val is 513
I1012 13:10:55.494794 41551 naive_actor.cpp:25] actor 1099614388323 switch to &NaiveActor::HandlerNormal
I1012 13:10:55.494840 41551 thread.cpp:96] Thread 524337 construct Actor kTick 1099614388323
I1012 13:10:55.494879 41574 naive_actor.cpp:25] actor 2207613190164 switch to &NaiveActor::HandlerNormal
I1012 13:10:55.494885 41551 runtime_context.cpp:29] DecreaseCounter constructing_actor_cnt, current val is 512
I1012 13:10:55.494926 41574 thread.cpp:96] Thread 1052672 construct Actor kNormalForward 2207613190164
I1012 13:10:55.495018 41574 runtime_context.cpp:29] DecreaseCounter constructing_actor_cnt, current val is 511
I1012 13:10:55.495111 41565 naive_actor.cpp:25] actor 2199023255611 switch to &NaiveActor::HandlerNormal
I1012 13:10:55.495153 41565 thread.cpp:96] Thread 1048576 construct Actor kNormalForward 2199023255611
I1012 13:10:55.495215 41565 runtime_context.cpp:29] DecreaseCounter constructing_actor_cnt, current val is 510
I1012 13:10:55.495226 41551 naive_actor.cpp:25] actor 1099614388327 switch to &NaiveActor::HandlerNormal
I1012 13:10:55.495271 41551 thread.cpp:96] Thread 524337 construct Actor kTick 1099614388327
I1012 13:10:55.495337 41551 runtime_context.cpp:29] DecreaseCounter constructing_actor_cnt, current val is 509
I1012 13:10:55.495638 41551 naive_actor.cpp:25] actor 1099614388317 switch to &NaiveActor::HandlerNormal
I1012 13:10:55.495690 41551 thread.cpp:96] Thread 524337 construct Actor kTick 1099614388317
I1012 13:10:55.495694 41574 naive_actor.cpp:25] actor 2207613190235 switch to &NaiveActor::HandlerNormal
I1012 13:10:55.495744 41574 thread.cpp:96] Thread 1052672 construct Actor kNormalForward 2207613190235
I1012 13:10:55.495749 41551 runtime_context.cpp:29] DecreaseCounter constructing_actor_cnt, current val is 508
I1012 13:10:55.495815 41574 runtime_context.cpp:29] DecreaseCounter constructing_actor_cnt, current val is 507
I1012 13:10:55.496004 41565 naive_actor.cpp:25] actor 2199023255599 switch to &NaiveActor::HandlerNormal
I1012 13:10:55.496045 41565 thread.cpp:96] Thread 1048576 construct Actor kNormalForward 2199023255599
I1012 13:10:55.496050 41551 naive_actor.cpp:25] actor 1099614388321 switch to &NaiveActor::HandlerNormal
I1012 13:10:55.496086 41551 thread.cpp:96] Thread 524337 construct Actor kTick 1099614388321
I1012 13:10:55.496109 41565 runtime_context.cpp:29] DecreaseCounter constructing_actor_cnt, current val is 506
I1012 13:10:55.496151 41551 runtime_context.cpp:29] DecreaseCounter constructing_actor_cnt, current val is 505
I1012 13:10:55.496381 41551 naive_actor.cpp:25] actor 1099614388322 switch to &NaiveActor::HandlerNormal
I1012 13:10:55.496430 41551 thread.cpp:96] Thread 524337 construct Actor kTick 1099614388322
I1012 13:10:55.496500 41551 runtime_context.cpp:29] DecreaseCounter constructing_actor_cnt, current val is 504
I1012 13:10:55.496599 41574 naive_actor.cpp:25] actor 2207613190188 switch to &NaiveActor::HandlerNormal
I1012 13:10:55.496645 41574 thread.cpp:96] Thread 1052672 construct Actor kNormalForward 2207613190188
I1012 13:10:55.496708 41574 runtime_context.cpp:29] DecreaseCounter constructing_actor_cnt, current val is 503
I1012 13:10:55.496774 41551 naive_actor.cpp:25] actor 1099614388324 switch to &NaiveActor::HandlerNormal
I1012 13:10:55.496799 41565 naive_actor.cpp:25] actor 2199023255635 switch to &NaiveActor::HandlerNormal
I1012 13:10:55.496814 41551 thread.cpp:96] Thread 524337 construct Actor kTick 1099614388324
I1012 13:10:55.496853 41565 thread.cpp:96] Thread 1048576 construct Actor kNormalForward 2199023255635
I1012 13:10:55.496910 41551 runtime_context.cpp:29] DecreaseCounter constructing_actor_cnt, current val is 502
I1012 13:10:55.496933 41565 runtime_context.cpp:29] DecreaseCounter constructing_actor_cnt, current val is 501
I1012 13:10:55.497159 41551 naive_actor.cpp:25] actor 1099614388328 switch to &NaiveActor::HandlerNormal
I1012 13:10:55.497200 41551 thread.cpp:96] Thread 524337 construct Actor kTick 1099614388328
I1012 13:10:55.497251 41551 runtime_context.cpp:29] DecreaseCounter constructing_actor_cnt, current val is 500
I1012 13:10:55.497481 41574 naive_actor.cpp:25] actor 2207613190223 switch to &NaiveActor::HandlerNormal
I1012 13:10:55.497498 41551 naive_actor.cpp:25] actor 1099614388330 switch to &NaiveActor::HandlerNormal
I1012 13:10:55.497529 41574 thread.cpp:96] Thread 1052672 construct Actor kNormalForward 2207613190223
I1012 13:10:55.497552 41551 thread.cpp:96] Thread 524337 construct Actor kTick 1099614388330
I1012 13:10:55.497634 41574 runtime_context.cpp:29] DecreaseCounter constructing_actor_cnt, current val is 499
I1012 13:10:55.497645 41551 runtime_context.cpp:29] DecreaseCounter constructing_actor_cnt, current val is 498
I1012 13:10:55.497716 41565 naive_actor.cpp:25] actor 2199023255610 switch to &NaiveActor::HandlerNormal
I1012 13:10:55.497756 41565 thread.cpp:96] Thread 1048576 construct Actor kNormalForward 2199023255610
I1012 13:10:55.497831 41565 runtime_context.cpp:29] DecreaseCounter constructing_actor_cnt, current val is 497
I1012 13:10:55.497918 41574 naive_actor.cpp:25] actor 2207613190162 switch to &NaiveActor::HandlerNormal
I1012 13:10:55.497958 41574 thread.cpp:96] Thread 1052672 construct Actor kNormalForward 2207613190162
I1012 13:10:55.497980 41551 naive_actor.cpp:25] actor 1099614388308 switch to &NaiveActor::HandlerNormal
I1012 13:10:55.498021 41574 runtime_context.cpp:29] DecreaseCounter constructing_actor_cnt, current val is 496
I1012 13:10:55.498049 41551 thread.cpp:96] Thread 524337 construct Actor kTick 1099614388308
I1012 13:10:55.498116 41565 naive_actor.cpp:25] actor 2199023255593 switch to &NaiveActor::HandlerNormal
I1012 13:10:55.498157 41551 runtime_context.cpp:29] DecreaseCounter constructing_actor_cnt, current val is 495
I1012 13:10:55.498162 41565 thread.cpp:96] Thread 1048576 construct Actor kNormalForward 2199023255593
I1012 13:10:55.498242 41565 runtime_context.cpp:29] DecreaseCounter constructing_actor_cnt, current val is 494
I1012 13:10:55.498440 41551 naive_actor.cpp:25] actor 1099614388306 switch to &NaiveActor::HandlerNormal
I1012 13:10:55.498487 41551 thread.cpp:96] Thread 524337 construct Actor kTick 1099614388306
I1012 13:10:55.498551 41551 runtime_context.cpp:29] DecreaseCounter constructing_actor_cnt, current val is 493
I1012 13:10:55.498788 41574 naive_actor.cpp:25] actor 2207613190222 switch to &NaiveActor::HandlerNormal
I1012 13:10:55.498800 41551 naive_actor.cpp:25] actor 1099614388312 switch to &NaiveActor::HandlerNormal
I1012 13:10:55.498842 41574 thread.cpp:96] Thread 1052672 construct Actor kNormalForward 2207613190222
I1012 13:10:55.498874 41551 thread.cpp:96] Thread 524337 construct Actor kTick 1099614388312
I1012 13:10:55.498934 41565 naive_actor.cpp:25] actor 2199023255601 switch to &NaiveActor::HandlerNormal
I1012 13:10:55.498951 41574 runtime_context.cpp:29] DecreaseCounter constructing_actor_cnt, current val is 492
I1012 13:10:55.498958 41551 runtime_context.cpp:29] DecreaseCounter constructing_actor_cnt, current val is 491
I1012 13:10:55.498962 41565 thread.cpp:96] Thread 1048576 construct Actor kNormalForward 2199023255601
I1012 13:10:55.499083 41565 runtime_context.cpp:29] DecreaseCounter constructing_actor_cnt, current val is 490
I1012 13:10:55.499511 41551 case_actor.cpp:76] actor 1099614388297 switch to &CaseActor::HandlerNormal
I1012 13:10:55.499558 41551 thread.cpp:96] Thread 524337 construct Actor kCase 1099614388297
I1012 13:10:55.499588 41574 naive_actor.cpp:25] actor 2207613190246 switch to &NaiveActor::HandlerNormal
I1012 13:10:55.499617 41574 thread.cpp:96] Thread 1052672 construct Actor kNormalForward 2207613190246
I1012 13:10:55.499629 41551 runtime_context.cpp:29] DecreaseCounter constructing_actor_cnt, current val is 489
I1012 13:10:55.499675 41574 runtime_context.cpp:29] DecreaseCounter constructing_actor_cnt, current val is 488
I1012 13:10:55.499703 41565 naive_actor.cpp:25] actor 2199023255597 switch to &NaiveActor::HandlerNormal
I1012 13:10:55.499747 41565 thread.cpp:96] Thread 1048576 construct Actor kNormalForward 2199023255597
I1012 13:10:55.499819 41565 runtime_context.cpp:29] DecreaseCounter constructing_actor_cnt, current val is 487
I1012 13:10:55.499917 41551 naive_actor.cpp:25] actor 1099614388307 switch to &NaiveActor::HandlerNormal
I1012 13:10:55.499956 41551 thread.cpp:96] Thread 524337 construct Actor kTick 1099614388307
I1012 13:10:55.500015 41551 runtime_context.cpp:29] DecreaseCounter constructing_actor_cnt, current val is 486
I1012 13:10:55.500263 41551 naive_actor.cpp:25] actor 1099614388301 switch to &NaiveActor::HandlerNormal
I1012 13:10:55.500303 41551 thread.cpp:96] Thread 524337 construct Actor kTick 1099614388301
I1012 13:10:55.500353 41551 runtime_context.cpp:29] DecreaseCounter constructing_actor_cnt, current val is 485
I1012 13:10:55.500435 41574 naive_actor.cpp:25] actor 2207613190194 switch to &NaiveActor::HandlerNormal
I1012 13:10:55.500483 41574 thread.cpp:96] Thread 1052672 construct Actor kNormalForward 2207613190194
I1012 13:10:55.500519 41565 naive_actor.cpp:25] actor 2199023255623 switch to &NaiveActor::HandlerNormal
I1012 13:10:55.500550 41574 runtime_context.cpp:29] DecreaseCounter constructing_actor_cnt, current val is 484
I1012 13:10:55.500558 41565 thread.cpp:96] Thread 1048576 construct Actor kNormalForward 2199023255623
I1012 13:10:55.500633 41565 runtime_context.cpp:29] DecreaseCounter constructing_actor_cnt, current val is 483
I1012 13:10:55.500648 41551 naive_actor.cpp:25] actor 1099614388331 switch to &NaiveActor::HandlerNormal
I1012 13:10:55.500725 41551 thread.cpp:96] Thread 524337 construct Actor kTick 1099614388331
I1012 13:10:55.500797 41551 runtime_context.cpp:29] DecreaseCounter constructing_actor_cnt, current val is 482
I1012 13:10:55.500859 41574 naive_actor.cpp:25] actor 2207613190185 switch to &NaiveActor::HandlerNormal
I1012 13:10:55.500901 41574 thread.cpp:96] Thread 1052672 construct Actor kNormalForward 2207613190185
I1012 13:10:55.500952 41574 runtime_context.cpp:29] DecreaseCounter constructing_actor_cnt, current val is 481
I1012 13:10:55.501075 41551 naive_actor.cpp:25] actor 1099614388333 switch to &NaiveActor::HandlerNormal
I1012 13:10:55.501122 41551 thread.cpp:96] Thread 524337 construct Actor kTick 1099614388333
I1012 13:10:55.501183 41551 runtime_context.cpp:29] DecreaseCounter constructing_actor_cnt, current val is 480
I1012 13:10:55.501318 41565 naive_actor.cpp:25] actor 2199023255647 switch to &NaiveActor::HandlerNormal
I1012 13:10:55.501358 41565 thread.cpp:96] Thread 1048576 construct Actor kNormalForward 2199023255647
I1012 13:10:55.501415 41565 runtime_context.cpp:29] DecreaseCounter constructing_actor_cnt, current val is 479
I1012 13:10:55.501464 41551 naive_actor.cpp:25] actor 1099614388305 switch to &NaiveActor::HandlerNormal
I1012 13:10:55.501505 41551 thread.cpp:96] Thread 524337 construct Actor kTick 1099614388305
I1012 13:10:55.501561 41551 runtime_context.cpp:29] DecreaseCounter constructing_actor_cnt, current val is 478
I1012 13:10:55.501765 41574 naive_actor.cpp:25] actor 2207613190178 switch to &NaiveActor::HandlerNormal
I1012 13:10:55.501812 41574 thread.cpp:96] Thread 1052672 construct Actor kNormalForward 2207613190178
I1012 13:10:55.501842 41551 naive_actor.cpp:25] actor 1099614388315 switch to &NaiveActor::HandlerNormal
I1012 13:10:55.501878 41551 thread.cpp:96] Thread 524337 construct Actor kTick 1099614388315
I1012 13:10:55.501888 41574 runtime_context.cpp:29] DecreaseCounter constructing_actor_cnt, current val is 477
I1012 13:10:55.501932 41551 runtime_context.cpp:29] DecreaseCounter constructing_actor_cnt, current val is 476
I1012 13:10:55.502161 41551 naive_actor.cpp:25] actor 1099614388314 switch to &NaiveActor::HandlerNormal
I1012 13:10:55.502199 41551 thread.cpp:96] Thread 524337 construct Actor kTick 1099614388314
I1012 13:10:55.502252 41551 runtime_context.cpp:29] DecreaseCounter constructing_actor_cnt, current val is 475
I1012 13:10:55.502281 41565 naive_actor.cpp:25] actor 2199023255607 switch to &NaiveActor::HandlerNormal
I1012 13:10:55.502321 41565 thread.cpp:96] Thread 1048576 construct Actor kNormalForward 2199023255607
I1012 13:10:55.502400 41565 runtime_context.cpp:29] DecreaseCounter constructing_actor_cnt, current val is 474
I1012 13:10:55.502508 41551 naive_actor.cpp:25] actor 1099614388309 switch to &NaiveActor::HandlerNormal
I1012 13:10:55.502547 41551 thread.cpp:96] Thread 524337 construct Actor kTick 1099614388309
I1012 13:10:55.502597 41551 runtime_context.cpp:29] DecreaseCounter constructing_actor_cnt, current val is 473
I1012 13:10:55.502688 41574 naive_actor.cpp:25] actor 2207613190201 switch to &NaiveActor::HandlerNormal
I1012 13:10:55.502732 41574 thread.cpp:96] Thread 1052672 construct Actor kNormalForward 2207613190201
I1012 13:10:55.502797 41574 runtime_context.cpp:29] DecreaseCounter constructing_actor_cnt, current val is 472
I1012 13:10:55.502874 41551 naive_actor.cpp:25] actor 1099614388329 switch to &NaiveActor::HandlerNormal
I1012 13:10:55.502910 41551 thread.cpp:96] Thread 524337 construct Actor kTick 1099614388329
I1012 13:10:55.502961 41551 runtime_context.cpp:29] DecreaseCounter constructing_actor_cnt, current val is 471
I1012 13:10:55.503203 41551 naive_actor.cpp:25] actor 1099614388313 switch to &NaiveActor::HandlerNormal
I1012 13:10:55.503242 41551 thread.cpp:96] Thread 524337 construct Actor kTick 1099614388313
I1012 13:10:55.503274 41565 naive_actor.cpp:25] actor 2199023255555 switch to &NaiveActor::HandlerNormal
I1012 13:10:55.503298 41551 runtime_context.cpp:29] DecreaseCounter constructing_actor_cnt, current val is 470
I1012 13:10:55.503347 41565 thread.cpp:96] Thread 1048576 construct Actor kNormalForward 2199023255555
I1012 13:10:55.503437 41565 runtime_context.cpp:29] DecreaseCounter constructing_actor_cnt, current val is 469
I1012 13:10:55.503522 41574 naive_actor.cpp:25] actor 2207613190195 switch to &NaiveActor::HandlerNormal
I1012 13:10:55.503563 41574 thread.cpp:96] Thread 1052672 construct Actor kNormalForward 2207613190195
I1012 13:10:55.503633 41574 runtime_context.cpp:29] DecreaseCounter constructing_actor_cnt, current val is 468
I1012 13:10:55.503726 41565 naive_actor.cpp:25] actor 2199023255671 switch to &NaiveActor::HandlerNormal
I1012 13:10:55.503767 41565 thread.cpp:96] Thread 1048576 construct Actor kNormalForward 2199023255671
I1012 13:10:55.503826 41565 runtime_context.cpp:29] DecreaseCounter constructing_actor_cnt, current val is 467
I1012 13:10:55.504315 41574 naive_actor.cpp:25] actor 2207613190196 switch to &NaiveActor::HandlerNormal
I1012 13:10:55.504364 41574 thread.cpp:96] Thread 1052672 construct Actor kNormalForward 2207613190196
I1012 13:10:55.504422 41574 runtime_context.cpp:29] DecreaseCounter constructing_actor_cnt, current val is 466
I1012 13:10:55.504635 41565 naive_actor.cpp:25] actor 2199023255676 switch to &NaiveActor::HandlerNormal
I1012 13:10:55.504683 41565 thread.cpp:96] Thread 1048576 construct Actor kNormalForward 2199023255676
I1012 13:10:55.504765 41565 runtime_context.cpp:29] DecreaseCounter constructing_actor_cnt, current val is 465
