Log file created at: 2021/10/12 13:12:29
Running on machine: oneflow-14
Log line format: [IWEF]mmdd hh:mm:ss.uuuuuu threadid file:line] msg
I1012 13:12:29.314244 42080 global.h:36] NewGlobal 14cudaDeviceProp
I1012 13:12:29.314908 42080 global.h:36] NewGlobal N7oneflow7EnvDescE
I1012 13:12:29.314924 42080 global.h:36] NewGlobal N7oneflow10ProcessCtxE
I1012 13:12:29.314931 42080 env_global_objects_scope.cpp:152] using rpc backend: local
I1012 13:12:29.314982 42080 global.h:36] NewGlobal N7oneflow12ResourceDescE
I1012 13:12:29.314994 42080 global.h:36] NewGlobal N7oneflow12ResourceDescE
I1012 13:12:29.382382 42080 global.h:36] NewGlobal N7oneflow10ThreadPoolE
I1012 13:12:29.383823 42080 global.h:36] NewGlobal N7oneflow16EagerNcclCommMgrE
I1012 13:12:29.383844 42080 global.h:36] NewGlobal N7oneflow18CudnnConvAlgoCacheE
I1012 13:12:29.383854 42080 global.h:36] NewGlobal N7oneflow2vm19VirtualMachineScopeE
I1012 13:12:29.383864 42080 global.h:36] NewGlobal N7oneflow9OneflowVME
I1012 13:12:29.384891 42080 oneflow_vm.cpp:75] transport stream type: N7oneflow2vm13CpuStreamTypeE
I1012 13:12:29.384910 42080 oneflow_vm.cpp:75] transport stream type: N7oneflow2vm14CudaStreamTypeE
I1012 13:12:29.384919 42080 oneflow_vm.cpp:75] transport stream type: N7oneflow2vm19AsyncCudaStreamTypeE
I1012 13:12:29.385074 42080 global.h:36] NewGlobal N7oneflow27EagerJobBuildAndInferCtxMgrE
I1012 13:12:29.385090 42080 global.h:36] NewGlobal N7oneflow12EpollCommNetE
I1012 13:12:29.385222 42080 epoll_comm_network.cpp:63] CommNet:Epoll listening on 0.0.0.0:39540
I1012 13:12:29.385263 42080 epoll_comm_network.cpp:197] machine 0 sockfd -1
I1012 13:12:29.385398 42080 global.h:36] NewGlobal N7oneflow9TransportE
I1012 13:12:29.387055 42080 global.h:43] DeleteGlobal N7oneflow12ResourceDescE
I1012 13:12:29.387090 42080 version.cpp:22] OneFlow git version: b295ca2324
I1012 13:12:29.387110 42080 device_register_gpu.cpp:56] CUDA runtime version: 11.2
I1012 13:12:29.387141 42080 device_register_gpu.cpp:65] cuDNN version: 8.1.1
I1012 13:12:29.387156 42080 device_register_gpu.cpp:78] NCCL version: 2.9.8
I1012 13:12:29.387166 42080 global.h:36] NewGlobal N7oneflow12ResourceDescE
I1012 13:12:29.387174 42080 global.h:36] NewGlobal N7oneflow5IDMgrE
I1012 13:12:29.387183 42080 global.h:36] NewGlobal N7oneflow16AvailableMemDescE
I1012 13:12:29.387213 42080 global.h:36] NewGlobal St13unordered_mapISslSt4hashISsESt8equal_toISsESaISt4pairIKSslEEE
I1012 13:12:29.387223 42080 global.h:36] NewGlobal N7oneflow19CriticalSectionDescE
I1012 13:12:29.387230 42080 global.h:36] NewGlobal N7oneflow16InterUserJobInfoE
I1012 13:12:29.387239 42080 global.h:36] NewGlobal N7oneflow26LazyJobBuildAndInferCtxMgrE
I1012 13:12:29.387248 42080 global.h:36] NewGlobal N7oneflow16JobSetCompileCtxE
I1012 13:12:29.387256 42080 global.h:36] NewGlobal N7oneflow26RuntimeBufferManagersScopeE
I1012 13:12:29.387264 42080 global.h:36] NewGlobal N7oneflow9BufferMgrIlEE
I1012 13:12:29.387272 42080 global.h:36] NewGlobal N7oneflow9BufferMgrISt10shared_ptrINS_11JobInstanceEEEE
I1012 13:12:29.387281 42080 global.h:36] NewGlobal N7oneflow10RuntimeCtxE
I1012 13:12:29.387288 42080 global.h:36] NewGlobal N7oneflow15MemoryAllocatorE
I1012 13:12:29.387296 42080 global.h:36] NewGlobal N7oneflow8ChunkMgrE
I1012 13:12:29.387305 42080 global.h:36] NewGlobal N7oneflow8RegstMgrE
I1012 13:12:29.387312 42080 global.h:36] NewGlobal N7oneflow11ActorMsgBusE
I1012 13:12:29.387320 42080 global.h:36] NewGlobal N7oneflow9ThreadMgrE
I1012 13:12:29.387327 42080 global.h:36] NewGlobal N7oneflow15RuntimeJobDescsE
I1012 13:12:29.387334 42080 global.h:36] NewGlobal N7oneflow7summary12EventsWriterE
I1012 13:12:29.387346 42080 global.h:36] NewGlobal N7oneflow6boxing10collective24CollectiveBoxingExecutorE
I1012 13:12:29.387353 42080 global.h:36] NewGlobal N7oneflow6boxing10collective31CollectiveBoxingDeviceCtxPollerE
I1012 13:12:29.387511 42080 session.h:77] NewGlobal N7oneflow25SessionGlobalObjectsScopeE
I1012 13:12:29.388379 42080 global.h:36] NewGlobal N7oneflow7JobDescE
I1012 13:12:29.886194 42080 global.h:43] DeleteGlobal N7oneflow7JobDescE
I1012 13:12:29.886399 42080 global.h:36] NewGlobal N7oneflow7JobDescE
I1012 13:12:29.889726 42080 global.h:36] NewGlobal N7oneflow7OpGraphE
I1012 13:12:29.897068 42080 global.h:43] DeleteGlobal N7oneflow7OpGraphE
I1012 13:12:30.208434 42080 global.h:43] DeleteGlobal N7oneflow7JobDescE
I1012 13:12:30.226939 42080 global.h:36] NewGlobal N7oneflow24InterJobReuseMemStrategyE
I1012 13:12:30.227016 42080 global.h:36] NewGlobal N7oneflow7OneflowE
I1012 13:12:30.240309 42080 global.h:36] NewGlobal N7oneflow7JobDescE
I1012 13:12:30.512616 42080 insert_nccl_logical_op_pass.cpp:663]  Try insert nccl logical ops into job: train_job. Begin...
I1012 13:12:30.513311 42080 insert_nccl_logical_op_pass.cpp:432]  insert nccl op: System-NCCL-Logical-S2B-114 from: [IdentityN_5](order=0, nd_sbp=[S(0)])->[ParallelCast_6](order=2, nd_sbp=[B]) and before: [System-Boxing-Identity-93](order=1)
I1012 13:12:30.513391 42080 insert_nccl_logical_op_pass.cpp:432]  insert nccl op: System-NCCL-Logical-S2B-115 from: [IdentityN_5](order=0, nd_sbp=[S(0)])->[ParallelCast_11](order=3, nd_sbp=[B]) and before: [System-Boxing-Identity-93](order=1)
I1012 13:12:30.513536 42080 insert_nccl_logical_op_pass.cpp:432]  insert nccl op: System-NCCL-Logical-S2S-116 from: [Gather_12](order=5, nd_sbp=[S(2)])->[Reshape_14](order=7, nd_sbp=[S(0)]) and before: [Reshape_8](order=6)
I1012 13:12:30.513654 42080 insert_nccl_logical_op_pass.cpp:432]  insert nccl op: System-NCCL-Logical-P2S-117 from: [ReduceSum_9](order=8, nd_sbp=[P])->[AddN_23](order=47, nd_sbp=[S(0)]) and before: [Concat_15](order=9)
I1012 13:12:30.514164 42080 insert_nccl_logical_op_pass.cpp:432]  insert nccl op: System-NCCL-Logical-S2B-118 from: [SigmoidCrossEntropy_24_grad](order=51, nd_sbp=[S(0)])->[ReduceSum_9_grad](order=56, nd_sbp=[B]) and before: [ScalarMul_26](order=52)
I1012 13:12:30.514245 42080 insert_nccl_logical_op_pass.cpp:432]  insert nccl op: System-NCCL-Logical-P2B-119 from: [deep_scores-matmul_grad_b](order=53, nd_sbp=[P])->[System-ModelDiffScale-ScalarMul_66](order=57, nd_sbp=[B]) and before: [deep_scores-matmul_grad_a](order=54)
I1012 13:12:30.514319 42080 insert_nccl_logical_op_pass.cpp:432]  insert nccl op: System-NCCL-Logical-P2B-120 from: [deep_scores-bias_add_grad](order=55, nd_sbp=[P])->[System-ModelDiffScale-ScalarMul_78](order=60, nd_sbp=[B]) and before: [ReduceSum_9_grad](order=56)
I1012 13:12:30.514448 42080 insert_nccl_logical_op_pass.cpp:432]  insert nccl op: System-NCCL-Logical-P2B-121 from: [fc6-matmul_grad_b](order=65, nd_sbp=[P])->[System-ModelDiffScale-ScalarMul_70](order=69, nd_sbp=[B]) and before: [fc6-bias_add_grad](order=66)
I1012 13:12:30.514518 42080 insert_nccl_logical_op_pass.cpp:432]  insert nccl op: System-NCCL-Logical-P2B-122 from: [fc6-bias_add_grad](order=66, nd_sbp=[P])->[System-ModelDiffScale-ScalarMul_69](order=70, nd_sbp=[B]) and before: [fc6-matmul_grad_a](order=67)
I1012 13:12:30.514636 42080 insert_nccl_logical_op_pass.cpp:432]  insert nccl op: System-NCCL-Logical-P2B-123 from: [fc5-matmul_grad_b](order=76, nd_sbp=[P])->[System-ModelDiffScale-ScalarMul_68](order=79, nd_sbp=[B]) and before: [fc5-bias_add_grad](order=77)
I1012 13:12:30.514696 42080 insert_nccl_logical_op_pass.cpp:432]  insert nccl op: System-NCCL-Logical-P2B-124 from: [fc5-bias_add_grad](order=77, nd_sbp=[P])->[System-ModelDiffScale-ScalarMul_71](order=80, nd_sbp=[B]) and before: [fc5-matmul_grad_a](order=78)
I1012 13:12:30.514802 42080 insert_nccl_logical_op_pass.cpp:432]  insert nccl op: System-NCCL-Logical-P2B-125 from: [fc4-bias_add_grad](order=85, nd_sbp=[P])->[System-ModelDiffScale-ScalarMul_79](order=88, nd_sbp=[B]) and before: [fc4-matmul_grad_b](order=86)
I1012 13:12:30.514865 42080 insert_nccl_logical_op_pass.cpp:432]  insert nccl op: System-NCCL-Logical-P2B-126 from: [fc4-matmul_grad_b](order=86, nd_sbp=[P])->[System-ModelDiffScale-ScalarMul_74](order=89, nd_sbp=[B]) and before: [fc4-matmul_grad_a](order=87)
I1012 13:12:30.514968 42080 insert_nccl_logical_op_pass.cpp:432]  insert nccl op: System-NCCL-Logical-P2B-127 from: [fc3-matmul_grad_b](order=94, nd_sbp=[P])->[System-ModelDiffScale-ScalarMul_67](order=97, nd_sbp=[B]) and before: [fc3-bias_add_grad](order=95)
I1012 13:12:30.515101 42080 insert_nccl_logical_op_pass.cpp:432]  insert nccl op: System-NCCL-Logical-P2B-128 from: [fc3-bias_add_grad](order=95, nd_sbp=[P])->[System-ModelDiffScale-ScalarMul_82](order=98, nd_sbp=[B]) and before: [fc3-matmul_grad_a](order=96)
I1012 13:12:30.515211 42080 insert_nccl_logical_op_pass.cpp:432]  insert nccl op: System-NCCL-Logical-P2B-129 from: [fc2-bias_add_grad](order=103, nd_sbp=[P])->[System-ModelDiffScale-ScalarMul_73](order=106, nd_sbp=[B]) and before: [fc2-matmul_grad_b](order=104)
I1012 13:12:30.515291 42080 insert_nccl_logical_op_pass.cpp:432]  insert nccl op: System-NCCL-Logical-P2B-130 from: [fc2-matmul_grad_b](order=104, nd_sbp=[P])->[System-ModelDiffScale-ScalarMul_77](order=107, nd_sbp=[B]) and before: [fc2-matmul_grad_a](order=105)
I1012 13:12:30.515401 42080 insert_nccl_logical_op_pass.cpp:432]  insert nccl op: System-NCCL-Logical-P2B-131 from: [fc1-matmul_grad_b](order=112, nd_sbp=[P])->[System-ModelDiffScale-ScalarMul_81](order=115, nd_sbp=[B]) and before: [fc1-bias_add_grad](order=113)
I1012 13:12:30.515472 42080 insert_nccl_logical_op_pass.cpp:432]  insert nccl op: System-NCCL-Logical-P2B-132 from: [fc1-bias_add_grad](order=113, nd_sbp=[P])->[System-ModelDiffScale-ScalarMul_65](order=116, nd_sbp=[B]) and before: [fc1-matmul_grad_a](order=114)
I1012 13:12:30.515578 42080 insert_nccl_logical_op_pass.cpp:432]  insert nccl op: System-NCCL-Logical-P2B-133 from: [fc0-matmul_grad_b](order=121, nd_sbp=[P])->[System-ModelDiffScale-ScalarMul_75](order=124, nd_sbp=[B]) and before: [fc0-bias_add_grad](order=122)
I1012 13:12:30.515638 42080 insert_nccl_logical_op_pass.cpp:432]  insert nccl op: System-NCCL-Logical-P2B-134 from: [fc0-bias_add_grad](order=122, nd_sbp=[P])->[System-ModelDiffScale-ScalarMul_72](order=125, nd_sbp=[B]) and before: [fc0-matmul_grad_a](order=123)
I1012 13:12:30.515738 42080 insert_nccl_logical_op_pass.cpp:432]  insert nccl op: System-NCCL-Logical-S2S-135 from: [Reshape_14_grad](order=129, nd_sbp=[S(0)])->[Gather_12_grad](order=130, nd_sbp=[S(2)]) and before: [Gather_12_grad](order=130)
I1012 13:12:30.515785 42080 insert_nccl_logical_op_pass.cpp:699]  Try insert nccl logical ops into job: train_job. ...End

I1012 13:12:30.576704 42080 global.h:36] NewGlobal N7oneflow7OpGraphE
I1012 13:12:30.705701 42080 global.h:43] DeleteGlobal N7oneflow7OpGraphE
I1012 13:12:30.719130 42080 oneflow.cpp:210] 
job_id: 0 , job_name: train_job , compile time: 0.478774 seconds.
I1012 13:12:30.798081 42080 global.h:43] DeleteGlobal N7oneflow7JobDescE
I1012 13:12:30.798399 42080 global.h:36] NewGlobal N7oneflow7JobDescE
I1012 13:12:30.847621 42080 global.h:36] NewGlobal N7oneflow7OpGraphE
I1012 13:12:30.869331 42080 global.h:43] DeleteGlobal N7oneflow7OpGraphE
I1012 13:12:30.874316 42080 oneflow.cpp:210] 
job_id: 1 , job_name: System-ModelInit , compile time: 0.0755013 seconds.
I1012 13:12:30.889317 42080 global.h:43] DeleteGlobal N7oneflow7JobDescE
I1012 13:12:30.889346 42080 global.h:36] NewGlobal N7oneflow7JobDescE
I1012 13:12:30.935886 42080 global.h:36] NewGlobal N7oneflow7OpGraphE
I1012 13:12:30.957013 42080 global.h:43] DeleteGlobal N7oneflow7OpGraphE
I1012 13:12:30.961967 42080 oneflow.cpp:210] 
job_id: 2 , job_name: System-ModelLoad , compile time: 0.0726031 seconds.
I1012 13:12:30.976835 42080 global.h:43] DeleteGlobal N7oneflow7JobDescE
I1012 13:12:30.976861 42080 global.h:36] NewGlobal N7oneflow7JobDescE
I1012 13:12:31.021319 42080 global.h:36] NewGlobal N7oneflow7OpGraphE
I1012 13:12:31.042546 42080 global.h:43] DeleteGlobal N7oneflow7OpGraphE
I1012 13:12:31.047303 42080 oneflow.cpp:210] 
job_id: 3 , job_name: System-ModelSave , compile time: 0.0704248 seconds.
I1012 13:12:31.065266 42080 global.h:43] DeleteGlobal N7oneflow7JobDescE
I1012 13:12:31.065330 42080 global.h:36] NewGlobal N7oneflow7JobDescE
I1012 13:12:31.075006 42080 global.h:36] NewGlobal N7oneflow7OpGraphE
I1012 13:12:31.079954 42080 global.h:43] DeleteGlobal N7oneflow7OpGraphE
I1012 13:12:31.081876 42080 oneflow.cpp:210] 
job_id: 4 , job_name: System-Pull-Return_27 , compile time: 0.016524 seconds.
I1012 13:12:31.086432 42080 global.h:43] DeleteGlobal N7oneflow7JobDescE
I1012 13:12:31.096787 42080 global.h:36] NewGlobal N7oneflow7JobDescE
I1012 13:12:31.096820 42080 global.h:36] NewGlobal N7oneflow7OpGraphE
I1012 13:12:31.102751 42080 global.h:43] DeleteGlobal N7oneflow7OpGraphE
I1012 13:12:31.106284 42080 oneflow.cpp:210] 
job_id: 5 , job_name: MainJob-unamed , compile time: 0.00947226 seconds.
I1012 13:12:31.113361 42080 global.h:43] DeleteGlobal N7oneflow7JobDescE
I1012 13:12:31.118513 42080 plan_util.cpp:928]  Plan: merged_plan needs to allocate [ 724.647 MiB ] device memory in Rank: 0 , Device: 0
I1012 13:12:31.118539 42080 plan_util.cpp:928]  Plan: merged_plan needs to allocate [ 724.646 MiB ] device memory in Rank: 0 , Device: 1
I1012 13:12:31.285554 42080 oneflow.cpp:998]  PushPlan merged_plan time: 0.0162865 seconds.
I1012 13:12:31.338531 42080 oneflow.cpp:1014]  PullPlan merged_plan time: 0.0474911 seconds.
I1012 13:12:35.379958 42080 runtime_context.cpp:21] NewCounter constructing_actor_cnt 781
I1012 13:12:35.381143 42667 naive_actor.cpp:25] actor 2199023255722 switch to &NaiveActor::HandlerNormal
I1012 13:12:35.381249 42667 thread.cpp:96] Thread 1048576 construct Actor kDeviceTick 2199023255722
I1012 13:12:35.381223 42680 naive_actor.cpp:25] actor 2207613190314 switch to &NaiveActor::HandlerNormal
I1012 13:12:35.381175 42662 naive_actor.cpp:25] actor 1099614388241 switch to &NaiveActor::HandlerNormal
I1012 13:12:35.381397 42680 thread.cpp:96] Thread 1052672 construct Actor kDeviceTick 2207613190314
I1012 13:12:35.381464 42662 thread.cpp:96] Thread 524337 construct Actor kDeviceTick 1099614388241
I1012 13:12:35.381413 42667 runtime_context.cpp:29] DecreaseCounter constructing_actor_cnt, current val is 780
I1012 13:12:35.381570 42680 runtime_context.cpp:29] DecreaseCounter constructing_actor_cnt, current val is 779
I1012 13:12:35.381618 42662 runtime_context.cpp:29] DecreaseCounter constructing_actor_cnt, current val is 778
I1012 13:12:35.381732 42663 wait_and_send_ids_actor.cpp:53] actor 1099616485376 switch to &WaitAndSendIdsActor::HandlerWaitToStart
I1012 13:12:35.381775 42680 naive_actor.cpp:25] actor 2207613190375 switch to &NaiveActor::HandlerNormal
I1012 13:12:35.381804 42663 thread.cpp:96] Thread 524338 construct Actor kWaitAndSendIds 1099616485376
I1012 13:12:35.381839 42667 naive_actor.cpp:25] actor 2199023255783 switch to &NaiveActor::HandlerNormal
I1012 13:12:35.381826 42680 thread.cpp:96] Thread 1052672 construct Actor kDeviceTick 2207613190375
I1012 13:12:35.381896 42667 thread.cpp:96] Thread 1048576 construct Actor kDeviceTick 2199023255783
I1012 13:12:35.381947 42662 naive_actor.cpp:25] actor 1099614388232 switch to &NaiveActor::HandlerNormal
I1012 13:12:35.381985 42680 runtime_context.cpp:29] DecreaseCounter constructing_actor_cnt, current val is 776
I1012 13:12:35.381965 42663 runtime_context.cpp:29] DecreaseCounter constructing_actor_cnt, current val is 777
I1012 13:12:35.381989 42662 thread.cpp:96] Thread 524337 construct Actor kDeviceTick 1099614388232
I1012 13:12:35.382009 42667 runtime_context.cpp:29] DecreaseCounter constructing_actor_cnt, current val is 775
I1012 13:12:35.382135 42662 runtime_context.cpp:29] DecreaseCounter constructing_actor_cnt, current val is 774
I1012 13:12:35.382210 42680 naive_actor.cpp:25] actor 2207613190414 switch to &NaiveActor::HandlerNormal
I1012 13:12:35.382340 42680 thread.cpp:96] Thread 1052672 construct Actor kDeviceTick 2207613190414
I1012 13:12:35.382386 42680 runtime_context.cpp:29] DecreaseCounter constructing_actor_cnt, current val is 773
I1012 13:12:35.382519 42667 naive_actor.cpp:25] actor 2199023255822 switch to &NaiveActor::HandlerNormal
I1012 13:12:35.382597 42662 naive_actor.cpp:25] actor 1099614388231 switch to &NaiveActor::HandlerNormal
I1012 13:12:35.382714 42680 naive_actor.cpp:25] actor 2207613190453 switch to &NaiveActor::HandlerNormal
I1012 13:12:35.382726 42662 thread.cpp:96] Thread 524337 construct Actor kDeviceTick 1099614388231
I1012 13:12:35.382673 42667 thread.cpp:96] Thread 1048576 construct Actor kDeviceTick 2199023255822
I1012 13:12:35.382742 42680 thread.cpp:96] Thread 1052672 construct Actor kDeviceTick 2207613190453
I1012 13:12:35.382798 42662 runtime_context.cpp:29] DecreaseCounter constructing_actor_cnt, current val is 772
I1012 13:12:35.383002 42667 runtime_context.cpp:29] DecreaseCounter constructing_actor_cnt, current val is 771
I1012 13:12:35.383024 42680 runtime_context.cpp:29] DecreaseCounter constructing_actor_cnt, current val is 770
I1012 13:12:35.383289 42667 naive_actor.cpp:25] actor 2199023255861 switch to &NaiveActor::HandlerNormal
I1012 13:12:35.383360 42667 thread.cpp:96] Thread 1048576 construct Actor kDeviceTick 2199023255861
I1012 13:12:35.383450 42667 runtime_context.cpp:29] DecreaseCounter constructing_actor_cnt, current val is 769
I1012 13:12:35.385890 42662 naive_actor.cpp:25] actor 1099614388240 switch to &NaiveActor::HandlerNormal
I1012 13:12:35.385927 42662 thread.cpp:96] Thread 524337 construct Actor kDeviceTick 1099614388240
I1012 13:12:35.386008 42662 runtime_context.cpp:29] DecreaseCounter constructing_actor_cnt, current val is 768
I1012 13:12:35.386241 42662 naive_actor.cpp:25] actor 1099614388230 switch to &NaiveActor::HandlerNormal
I1012 13:12:35.386274 42662 thread.cpp:96] Thread 524337 construct Actor kDeviceTick 1099614388230
I1012 13:12:35.386358 42662 runtime_context.cpp:29] DecreaseCounter constructing_actor_cnt, current val is 767
I1012 13:12:35.386651 42662 naive_actor.cpp:25] actor 1099614388251 switch to &NaiveActor::HandlerNormal
I1012 13:12:35.386687 42662 thread.cpp:96] Thread 524337 construct Actor kDeviceTick 1099614388251
I1012 13:12:35.386759 42662 runtime_context.cpp:29] DecreaseCounter constructing_actor_cnt, current val is 766
I1012 13:12:35.386991 42662 naive_actor.cpp:25] actor 1099614388260 switch to &NaiveActor::HandlerNormal
I1012 13:12:35.387023 42662 thread.cpp:96] Thread 524337 construct Actor kDeviceTick 1099614388260
I1012 13:12:35.387099 42662 runtime_context.cpp:29] DecreaseCounter constructing_actor_cnt, current val is 765
I1012 13:12:35.387326 42662 naive_actor.cpp:25] actor 1099614388269 switch to &NaiveActor::HandlerNormal
I1012 13:12:35.387358 42662 thread.cpp:96] Thread 524337 construct Actor kDeviceTick 1099614388269
I1012 13:12:35.387446 42662 runtime_context.cpp:29] DecreaseCounter constructing_actor_cnt, current val is 764
I1012 13:12:35.387678 42662 naive_actor.cpp:25] actor 1099614388289 switch to &NaiveActor::HandlerNormal
I1012 13:12:35.387712 42662 thread.cpp:96] Thread 524337 construct Actor kDeviceTick 1099614388289
I1012 13:12:35.387780 42662 runtime_context.cpp:29] DecreaseCounter constructing_actor_cnt, current val is 763
I1012 13:12:35.388026 42662 naive_actor.cpp:25] actor 1099614388287 switch to &NaiveActor::HandlerNormal
I1012 13:12:35.388060 42662 thread.cpp:96] Thread 524337 construct Actor kDeviceTick 1099614388287
I1012 13:12:35.388134 42662 runtime_context.cpp:29] DecreaseCounter constructing_actor_cnt, current val is 762
I1012 13:12:35.388365 42662 naive_actor.cpp:25] actor 1099614388278 switch to &NaiveActor::HandlerNormal
I1012 13:12:35.388398 42662 thread.cpp:96] Thread 524337 construct Actor kDeviceTick 1099614388278
I1012 13:12:35.388482 42662 runtime_context.cpp:29] DecreaseCounter constructing_actor_cnt, current val is 761
I1012 13:12:35.388725 42662 naive_actor.cpp:25] actor 1099614388286 switch to &NaiveActor::HandlerNormal
I1012 13:12:35.388758 42662 thread.cpp:96] Thread 524337 construct Actor kDeviceTick 1099614388286
I1012 13:12:35.388828 42662 runtime_context.cpp:29] DecreaseCounter constructing_actor_cnt, current val is 760
I1012 13:12:35.397766 42671 naive_actor.cpp:25] actor 2199027449856 switch to &NaiveActor::HandlerNormal
I1012 13:12:35.398030 42671 thread.cpp:96] Thread 1048578 construct Actor kCopyHd 2199027449856
I1012 13:12:35.398190 42671 runtime_context.cpp:29] DecreaseCounter constructing_actor_cnt, current val is 759
I1012 13:12:35.398257 42669 naive_actor.cpp:25] actor 2199025352704 switch to &NaiveActor::HandlerNormal
I1012 13:12:35.398325 42643 naive_actor.cpp:25] actor 1099553570816 switch to &NaiveActor::HandlerNormal
I1012 13:12:35.398346 42669 thread.cpp:96] Thread 1048577 construct Actor kSliceBoxing 2199025352704
I1012 13:12:35.398394 42644 naive_actor.cpp:25] actor 1099555667968 switch to &NaiveActor::HandlerNormal
I1012 13:12:35.398825 42644 thread.cpp:96] Thread 524309 construct Actor kNormalForward 1099555667968
I1012 13:12:35.398478 42653 naive_actor.cpp:25] actor 1099574542336 switch to &NaiveActor::HandlerNormal
I1012 13:12:35.398566 42651 naive_actor.cpp:25] actor 1099570348032 switch to &NaiveActor::HandlerNormal
I1012 13:12:35.398576 42657 naive_actor.cpp:25] actor 1099582930944 switch to &NaiveActor::HandlerNormal
I1012 13:12:35.399041 42644 runtime_context.cpp:29] DecreaseCounter constructing_actor_cnt, current val is 757
I1012 13:12:35.398658 42643 thread.cpp:96] Thread 524308 construct Actor kNormalForward 1099553570816
I1012 13:12:35.398689 42654 naive_actor.cpp:25] actor 1099576639488 switch to &NaiveActor::HandlerNormal
I1012 13:12:35.399276 42643 runtime_context.cpp:29] DecreaseCounter constructing_actor_cnt, current val is 756
I1012 13:12:35.399293 42630 naive_actor.cpp:25] actor 1099526307840 switch to &NaiveActor::HandlerNormal
I1012 13:12:35.398737 42645 naive_actor.cpp:25] actor 1099557765120 switch to &NaiveActor::HandlerNormal
I1012 13:12:35.398779 42669 runtime_context.cpp:29] DecreaseCounter constructing_actor_cnt, current val is 758
I1012 13:12:35.398419 42656 naive_actor.cpp:25] actor 1099580833792 switch to &NaiveActor::HandlerNormal
I1012 13:12:35.398854 42662 naive_actor.cpp:25] actor 1099614388328 switch to &NaiveActor::HandlerNormal
I1012 13:12:35.398860 42650 naive_actor.cpp:25] actor 1099568250880 switch to &NaiveActor::HandlerNormal
I1012 13:12:35.399601 42637 naive_actor.cpp:25] actor 1099540987904 switch to &NaiveActor::HandlerNormal
I1012 13:12:35.398968 42653 thread.cpp:96] Thread 524318 construct Actor kForeignInput 1099574542336
I1012 13:12:35.399010 42682 naive_actor.cpp:25] actor 2207615287299 switch to &NaiveActor::HandlerNormal
I1012 13:12:35.399024 42651 thread.cpp:96] Thread 524316 construct Actor kNormalForward 1099570348032
I1012 13:12:35.399813 42634 naive_actor.cpp:25] actor 1099534696448 switch to &NaiveActor::HandlerNormal
I1012 13:12:35.399895 42634 thread.cpp:96] Thread 524299 construct Actor kNormalForward 1099534696448
I1012 13:12:35.399044 42640 naive_actor.cpp:25] actor 1099547279360 switch to &NaiveActor::HandlerNormal
I1012 13:12:35.400055 42634 runtime_context.cpp:29] DecreaseCounter constructing_actor_cnt, current val is 753
I1012 13:12:35.399081 42636 naive_actor.cpp:25] actor 1099538890752 switch to &NaiveActor::HandlerNormal
I1012 13:12:35.400295 42636 thread.cpp:96] Thread 524301 construct Actor kNormalForward 1099538890752
I1012 13:12:35.399122 42632 naive_actor.cpp:25] actor 1099530502144 switch to &NaiveActor::HandlerNormal
I1012 13:12:35.399215 42629 naive_actor.cpp:25] actor 1099524210688 switch to &NaiveActor::HandlerNormal
I1012 13:12:35.400579 42629 thread.cpp:96] Thread 524294 construct Actor kNormalForward 1099524210688
I1012 13:12:35.399292 42654 thread.cpp:96] Thread 524319 construct Actor kNormalForward 1099576639488
I1012 13:12:35.398723 42649 naive_actor.cpp:25] actor 1099566153728 switch to &NaiveActor::HandlerNormal
I1012 13:12:35.399327 42639 naive_actor.cpp:25] actor 1099545182208 switch to &NaiveActor::HandlerNormal
I1012 13:12:35.399328 42633 naive_actor.cpp:25] actor 1099532599296 switch to &NaiveActor::HandlerNormal
I1012 13:12:35.401007 42633 thread.cpp:96] Thread 524298 construct Actor kNormalForward 1099532599296
I1012 13:12:35.399399 42630 thread.cpp:96] Thread 524295 construct Actor kNormalForward 1099526307840
I1012 13:12:35.399447 42658 naive_actor.cpp:25] actor 1099585028096 switch to &NaiveActor::HandlerNormal
I1012 13:12:35.401185 42658 thread.cpp:96] Thread 524323 construct Actor kNormalForward 1099585028096
I1012 13:12:35.399552 42656 thread.cpp:96] Thread 524321 construct Actor kForeignInput 1099580833792
I1012 13:12:35.399580 42662 thread.cpp:96] Thread 524337 construct Actor kTick 1099614388328
I1012 13:12:35.398882 42655 naive_actor.cpp:25] actor 1099578736640 switch to &NaiveActor::HandlerNormal
I1012 13:12:35.401530 42662 runtime_context.cpp:29] DecreaseCounter constructing_actor_cnt, current val is 745
I1012 13:12:35.399627 42661 naive_actor.cpp:25] actor 1099591319552 switch to &NaiveActor::HandlerNormal
I1012 13:12:35.399631 42650 thread.cpp:96] Thread 524315 construct Actor kForeignInput 1099568250880
I1012 13:12:35.399674 42637 thread.cpp:96] Thread 524302 construct Actor kNormalForward 1099540987904
I1012 13:12:35.401846 42650 runtime_context.cpp:29] DecreaseCounter constructing_actor_cnt, current val is 744
I1012 13:12:35.401934 42637 runtime_context.cpp:29] DecreaseCounter constructing_actor_cnt, current val is 743
I1012 13:12:35.399842 42680 naive_actor.cpp:25] actor 2207613190153 switch to &NaiveActor::HandlerNormal
I1012 13:12:35.402072 42680 thread.cpp:96] Thread 1052672 construct Actor kNormalForward 2207613190153
I1012 13:12:35.399916 42651 runtime_context.cpp:29] DecreaseCounter constructing_actor_cnt, current val is 754
I1012 13:12:35.398612 42652 naive_actor.cpp:25] actor 1099572445184 switch to &NaiveActor::HandlerNormal
I1012 13:12:35.399924 42667 naive_actor.cpp:25] actor 2199023255561 switch to &NaiveActor::HandlerNormal
I1012 13:12:35.399945 42660 naive_actor.cpp:25] actor 1099589222400 switch to &NaiveActor::HandlerNormal
I1012 13:12:35.399925 42635 naive_actor.cpp:25] actor 1099536793600 switch to &NaiveActor::HandlerNormal
I1012 13:12:35.400007 42659 naive_actor.cpp:25] actor 1099587125248 switch to &NaiveActor::HandlerNormal
I1012 13:12:35.400063 42640 thread.cpp:96] Thread 524305 construct Actor kNormalForward 1099547279360
I1012 13:12:35.399058 42657 thread.cpp:96] Thread 524322 construct Actor kNormalForward 1099582930944
I1012 13:12:35.399081 42627 naive_actor.cpp:25] actor 1099520016384 switch to &NaiveActor::HandlerNormal
I1012 13:12:35.402910 42657 runtime_context.cpp:29] DecreaseCounter constructing_actor_cnt, current val is 740
I1012 13:12:35.400374 42628 naive_actor.cpp:25] actor 1099522113536 switch to &NaiveActor::HandlerNormal
I1012 13:12:35.400413 42647 naive_actor.cpp:25] actor 1099561959424 switch to &NaiveActor::HandlerNormal
I1012 13:12:35.403102 42647 thread.cpp:96] Thread 524312 construct Actor kNormalForward 1099561959424
I1012 13:12:35.400482 42632 thread.cpp:96] Thread 524297 construct Actor kNormalForward 1099530502144
I1012 13:12:35.400532 42648 naive_actor.cpp:25] actor 1099564056576 switch to &NaiveActor::HandlerNormal
I1012 13:12:35.398675 42664 sink_actor.cpp:21] actor 1099618582528 switch to &SinkActor::HandlerNormal
I1012 13:12:35.403369 42664 thread.cpp:96] Thread 524339 construct Actor kCallbackNotify 1099618582528
I1012 13:12:35.400715 42629 runtime_context.cpp:29] DecreaseCounter constructing_actor_cnt, current val is 751
I1012 13:12:35.400840 42649 thread.cpp:96] Thread 524314 construct Actor kNormalForward 1099566153728
I1012 13:12:35.400844 42631 naive_actor.cpp:25] actor 1099528404992 switch to &NaiveActor::HandlerNormal
I1012 13:12:35.400913 42639 thread.cpp:96] Thread 524304 construct Actor kNormalForward 1099545182208
I1012 13:12:35.399371 42638 naive_actor.cpp:25] actor 1099543085056 switch to &NaiveActor::HandlerNormal
I1012 13:12:35.401121 42633 runtime_context.cpp:29] DecreaseCounter constructing_actor_cnt, current val is 749
I1012 13:12:35.401160 42642 naive_actor.cpp:25] actor 1099551473664 switch to &NaiveActor::HandlerNormal
I1012 13:12:35.401185 42630 runtime_context.cpp:29] DecreaseCounter constructing_actor_cnt, current val is 748
I1012 13:12:35.399500 42645 thread.cpp:96] Thread 524310 construct Actor kNormalForward 1099557765120
I1012 13:12:35.401275 42658 runtime_context.cpp:29] DecreaseCounter constructing_actor_cnt, current val is 747
I1012 13:12:35.401315 42656 runtime_context.cpp:29] DecreaseCounter constructing_actor_cnt, current val is 746
I1012 13:12:35.399621 42641 naive_actor.cpp:25] actor 1099549376512 switch to &NaiveActor::HandlerNormal
I1012 13:12:35.401547 42655 thread.cpp:96] Thread 524320 construct Actor kNormalForward 1099578736640
I1012 13:12:35.401674 42661 thread.cpp:96] Thread 524326 construct Actor kForeignOutput 1099591319552
I1012 13:12:35.399761 42653 runtime_context.cpp:29] DecreaseCounter constructing_actor_cnt, current val is 755
I1012 13:12:35.399797 42682 thread.cpp:96] Thread 1052673 construct Actor kSliceBoxing 2207615287299
I1012 13:12:35.399034 42646 naive_actor.cpp:25] actor 1099559862272 switch to &NaiveActor::HandlerNormal
I1012 13:12:35.402145 42662 naive_actor.cpp:25] actor 1099614388226 switch to &NaiveActor::HandlerNormal
I1012 13:12:35.402166 42680 runtime_context.cpp:29] DecreaseCounter constructing_actor_cnt, current val is 742
I1012 13:12:35.402328 42652 thread.cpp:96] Thread 524317 construct Actor kNormalForward 1099572445184
I1012 13:12:35.402444 42667 thread.cpp:96] Thread 1048576 construct Actor kNormalForward 2199023255561
I1012 13:12:35.402515 42660 thread.cpp:96] Thread 524325 construct Actor kNormalForward 1099589222400
I1012 13:12:35.402627 42635 thread.cpp:96] Thread 524300 construct Actor kNormalForward 1099536793600
I1012 13:12:35.402706 42659 thread.cpp:96] Thread 524324 construct Actor kNormalForward 1099587125248
I1012 13:12:35.402858 42640 runtime_context.cpp:29] DecreaseCounter constructing_actor_cnt, current val is 741
I1012 13:12:35.405001 42659 runtime_context.cpp:29] DecreaseCounter constructing_actor_cnt, current val is 726
I1012 13:12:35.400337 42669 naive_actor.cpp:25] actor 2199025352707 switch to &NaiveActor::HandlerNormal
I1012 13:12:35.403046 42628 thread.cpp:96] Thread 524293 construct Actor kNormalForward 1099522113536
I1012 13:12:35.400441 42636 runtime_context.cpp:29] DecreaseCounter constructing_actor_cnt, current val is 752
I1012 13:12:35.403234 42647 runtime_context.cpp:29] DecreaseCounter constructing_actor_cnt, current val is 739
I1012 13:12:35.403317 42648 thread.cpp:96] Thread 524313 construct Actor kNormalForward 1099564056576
I1012 13:12:35.403331 42632 runtime_context.cpp:29] DecreaseCounter constructing_actor_cnt, current val is 738
I1012 13:12:35.400779 42654 runtime_context.cpp:29] DecreaseCounter constructing_actor_cnt, current val is 750
I1012 13:12:35.403510 42664 runtime_context.cpp:29] DecreaseCounter constructing_actor_cnt, current val is 737
I1012 13:12:35.403601 42649 runtime_context.cpp:29] DecreaseCounter constructing_actor_cnt, current val is 736
I1012 13:12:35.403604 42631 thread.cpp:96] Thread 524296 construct Actor kNormalForward 1099528404992
I1012 13:12:35.403703 42639 runtime_context.cpp:29] DecreaseCounter constructing_actor_cnt, current val is 735
I1012 13:12:35.403757 42638 thread.cpp:96] Thread 524303 construct Actor kNormalForward 1099543085056
I1012 13:12:35.403863 42642 thread.cpp:96] Thread 524307 construct Actor kNormalForward 1099551473664
I1012 13:12:35.404034 42645 runtime_context.cpp:29] DecreaseCounter constructing_actor_cnt, current val is 734
I1012 13:12:35.404197 42641 thread.cpp:96] Thread 524306 construct Actor kNormalForward 1099549376512
I1012 13:12:35.404284 42655 runtime_context.cpp:29] DecreaseCounter constructing_actor_cnt, current val is 733
I1012 13:12:35.404420 42661 runtime_context.cpp:29] DecreaseCounter constructing_actor_cnt, current val is 732
I1012 13:12:35.404548 42682 runtime_context.cpp:29] DecreaseCounter constructing_actor_cnt, current val is 731
I1012 13:12:35.404603 42646 thread.cpp:96] Thread 524311 construct Actor kNormalForward 1099559862272
I1012 13:12:35.404649 42662 thread.cpp:96] Thread 524337 construct Actor kDeviceTick 1099614388226
I1012 13:12:35.404737 42652 runtime_context.cpp:29] DecreaseCounter constructing_actor_cnt, current val is 730
I1012 13:12:35.404798 42667 runtime_context.cpp:29] DecreaseCounter constructing_actor_cnt, current val is 729
I1012 13:12:35.404860 42660 runtime_context.cpp:29] DecreaseCounter constructing_actor_cnt, current val is 728
I1012 13:12:35.404901 42635 runtime_context.cpp:29] DecreaseCounter constructing_actor_cnt, current val is 727
I1012 13:12:35.402922 42627 thread.cpp:96] Thread 524292 construct Actor kNormalForward 1099520016384
I1012 13:12:35.405184 42669 thread.cpp:96] Thread 1048577 construct Actor kSliceBoxing 2199025352707
I1012 13:12:35.405292 42628 runtime_context.cpp:29] DecreaseCounter constructing_actor_cnt, current val is 725
I1012 13:12:35.405503 42648 runtime_context.cpp:29] DecreaseCounter constructing_actor_cnt, current val is 724
I1012 13:12:35.405920 42631 runtime_context.cpp:29] DecreaseCounter constructing_actor_cnt, current val is 723
I1012 13:12:35.406002 42638 runtime_context.cpp:29] DecreaseCounter constructing_actor_cnt, current val is 722
I1012 13:12:35.406014 42680 naive_actor.cpp:25] actor 2207613190148 switch to &NaiveActor::HandlerNormal
I1012 13:12:35.406132 42642 runtime_context.cpp:29] DecreaseCounter constructing_actor_cnt, current val is 721
I1012 13:12:35.406363 42641 runtime_context.cpp:29] DecreaseCounter constructing_actor_cnt, current val is 720
I1012 13:12:35.406544 42646 runtime_context.cpp:29] DecreaseCounter constructing_actor_cnt, current val is 719
I1012 13:12:35.406595 42662 runtime_context.cpp:29] DecreaseCounter constructing_actor_cnt, current val is 718
I1012 13:12:35.406649 42682 naive_actor.cpp:25] actor 2207615287296 switch to &NaiveActor::HandlerNormal
I1012 13:12:35.407086 42627 runtime_context.cpp:29] DecreaseCounter constructing_actor_cnt, current val is 717
I1012 13:12:35.407104 42669 runtime_context.cpp:29] DecreaseCounter constructing_actor_cnt, current val is 716
I1012 13:12:35.407270 42667 naive_actor.cpp:25] actor 2199023255554 switch to &NaiveActor::HandlerNormal
I1012 13:12:35.407366 42680 thread.cpp:96] Thread 1052672 construct Actor kNormalForward 2207613190148
I1012 13:12:35.407691 42682 thread.cpp:96] Thread 1052673 construct Actor kSliceBoxing 2207615287296
I1012 13:12:35.407876 42667 thread.cpp:96] Thread 1048576 construct Actor kNormalForward 2199023255554
I1012 13:12:35.407977 42680 runtime_context.cpp:29] DecreaseCounter constructing_actor_cnt, current val is 715
I1012 13:12:35.407999 42682 runtime_context.cpp:29] DecreaseCounter constructing_actor_cnt, current val is 714
I1012 13:12:35.408051 42667 runtime_context.cpp:29] DecreaseCounter constructing_actor_cnt, current val is 713
I1012 13:12:35.408103 42669 naive_actor.cpp:25] actor 2199025352705 switch to &NaiveActor::HandlerNormal
I1012 13:12:35.408149 42669 thread.cpp:96] Thread 1048577 construct Actor kSliceBoxing 2199025352705
I1012 13:12:35.408197 42682 naive_actor.cpp:25] actor 2207615287300 switch to &NaiveActor::HandlerNormal
I1012 13:12:35.408212 42662 naive_actor.cpp:25] actor 1099614388244 switch to &NaiveActor::HandlerNormal
I1012 13:12:35.408227 42669 runtime_context.cpp:29] DecreaseCounter constructing_actor_cnt, current val is 712
I1012 13:12:35.408259 42682 thread.cpp:96] Thread 1052673 construct Actor kCopyHd 2207615287300
I1012 13:12:35.408324 42662 thread.cpp:96] Thread 524337 construct Actor kTick 1099614388244
I1012 13:12:35.408412 42682 runtime_context.cpp:29] DecreaseCounter constructing_actor_cnt, current val is 711
I1012 13:12:35.408510 42662 runtime_context.cpp:29] DecreaseCounter constructing_actor_cnt, current val is 710
I1012 13:12:35.408524 42669 naive_actor.cpp:25] actor 2199025352709 switch to &NaiveActor::HandlerNormal
I1012 13:12:35.408613 42669 thread.cpp:96] Thread 1048577 construct Actor kCopyHd 2199025352709
I1012 13:12:35.408671 42669 runtime_context.cpp:29] DecreaseCounter constructing_actor_cnt, current val is 709
I1012 13:12:35.408759 42682 naive_actor.cpp:25] actor 2207615287297 switch to &NaiveActor::HandlerNormal
I1012 13:12:35.408824 42682 thread.cpp:96] Thread 1052673 construct Actor kSliceBoxing 2207615287297
I1012 13:12:35.408915 42682 runtime_context.cpp:29] DecreaseCounter constructing_actor_cnt, current val is 708
I1012 13:12:35.408975 42669 naive_actor.cpp:25] actor 2199025352708 switch to &NaiveActor::HandlerNormal
I1012 13:12:35.409026 42669 thread.cpp:96] Thread 1048577 construct Actor kSliceBoxing 2199025352708
I1012 13:12:35.409051 42662 naive_actor.cpp:25] actor 1099614388237 switch to &NaiveActor::HandlerNormal
I1012 13:12:35.409104 42682 naive_actor.cpp:25] actor 2207615287298 switch to &NaiveActor::HandlerNormal
I1012 13:12:35.409090 42669 runtime_context.cpp:29] DecreaseCounter constructing_actor_cnt, current val is 707
I1012 13:12:35.409246 42682 thread.cpp:96] Thread 1052673 construct Actor kSliceBoxing 2207615287298
I1012 13:12:35.409121 42662 thread.cpp:96] Thread 524337 construct Actor kTick 1099614388237
I1012 13:12:35.409325 42682 runtime_context.cpp:29] DecreaseCounter constructing_actor_cnt, current val is 706
I1012 13:12:35.409392 42662 runtime_context.cpp:29] DecreaseCounter constructing_actor_cnt, current val is 705
I1012 13:12:35.409466 42680 naive_actor.cpp:25] actor 2207613190172 switch to &NaiveActor::HandlerNormal
I1012 13:12:35.409520 42680 thread.cpp:96] Thread 1052672 construct Actor kNormalForward 2207613190172
I1012 13:12:35.409602 42680 runtime_context.cpp:29] DecreaseCounter constructing_actor_cnt, current val is 704
I1012 13:12:35.409610 42682 naive_actor.cpp:25] actor 2207615287301 switch to &NaiveActor::HandlerNormal
I1012 13:12:35.409623 42669 naive_actor.cpp:25] actor 2199025352706 switch to &NaiveActor::HandlerNormal
I1012 13:12:35.409649 42667 naive_actor.cpp:25] actor 2199023255556 switch to &NaiveActor::HandlerNormal
I1012 13:12:35.409693 42682 thread.cpp:96] Thread 1052673 construct Actor kCopyHd 2207615287301
I1012 13:12:35.409747 42669 thread.cpp:96] Thread 1048577 construct Actor kSliceBoxing 2199025352706
I1012 13:12:35.409794 42667 thread.cpp:96] Thread 1048576 construct Actor kNormalForward 2199023255556
I1012 13:12:35.409904 42669 runtime_context.cpp:29] DecreaseCounter constructing_actor_cnt, current val is 702
I1012 13:12:35.409857 42682 runtime_context.cpp:29] DecreaseCounter constructing_actor_cnt, current val is 703
I1012 13:12:35.409965 42662 naive_actor.cpp:25] actor 1099614388236 switch to &NaiveActor::HandlerNormal
I1012 13:12:35.409970 42667 runtime_context.cpp:29] DecreaseCounter constructing_actor_cnt, current val is 701
I1012 13:12:35.410032 42662 thread.cpp:96] Thread 524337 construct Actor kTick 1099614388236
I1012 13:12:35.410109 42680 naive_actor.cpp:25] actor 2207613190155 switch to &NaiveActor::HandlerNormal
I1012 13:12:35.410112 42682 naive_actor.cpp:25] actor 2207615287302 switch to &NaiveActor::HandlerNormal
I1012 13:12:35.410142 42662 runtime_context.cpp:29] DecreaseCounter constructing_actor_cnt, current val is 700
I1012 13:12:35.410143 42669 naive_actor.cpp:25] actor 2199025352710 switch to &NaiveActor::HandlerNormal
I1012 13:12:35.410164 42680 thread.cpp:96] Thread 1052672 construct Actor kNormalForward 2207613190155
I1012 13:12:35.410203 42682 thread.cpp:96] Thread 1052673 construct Actor kCopyHd 2207615287302
I1012 13:12:35.410296 42669 thread.cpp:96] Thread 1048577 construct Actor kCopyHd 2199025352710
I1012 13:12:35.410393 42682 runtime_context.cpp:29] DecreaseCounter constructing_actor_cnt, current val is 698
I1012 13:12:35.410388 42680 runtime_context.cpp:29] DecreaseCounter constructing_actor_cnt, current val is 699
I1012 13:12:35.410449 42669 runtime_context.cpp:29] DecreaseCounter constructing_actor_cnt, current val is 697
I1012 13:12:35.410504 42667 naive_actor.cpp:25] actor 2199023255563 switch to &NaiveActor::HandlerNormal
I1012 13:12:35.410567 42667 thread.cpp:96] Thread 1048576 construct Actor kNormalForward 2199023255563
I1012 13:12:35.410661 42667 runtime_context.cpp:29] DecreaseCounter constructing_actor_cnt, current val is 696
I1012 13:12:35.410763 42662 naive_actor.cpp:25] actor 1099614388246 switch to &NaiveActor::HandlerNormal
I1012 13:12:35.410779 42669 naive_actor.cpp:25] actor 2199025352711 switch to &NaiveActor::HandlerNormal
I1012 13:12:35.410833 42680 naive_actor.cpp:25] actor 2207613190157 switch to &NaiveActor::HandlerNormal
I1012 13:12:35.410836 42662 thread.cpp:96] Thread 524337 construct Actor kTick 1099614388246
I1012 13:12:35.410878 42669 thread.cpp:96] Thread 1048577 construct Actor kCopyHd 2199025352711
I1012 13:12:35.410915 42680 thread.cpp:96] Thread 1052672 construct Actor kNormalForward 2207613190157
I1012 13:12:35.411018 42669 runtime_context.cpp:29] DecreaseCounter constructing_actor_cnt, current val is 694
I1012 13:12:35.411010 42662 runtime_context.cpp:29] DecreaseCounter constructing_actor_cnt, current val is 695
I1012 13:12:35.411065 42680 runtime_context.cpp:29] DecreaseCounter constructing_actor_cnt, current val is 693
I1012 13:12:35.411182 42667 naive_actor.cpp:25] actor 2199023255565 switch to &NaiveActor::HandlerNormal
I1012 13:12:35.411285 42667 thread.cpp:96] Thread 1048576 construct Actor kNormalForward 2199023255565
I1012 13:12:35.411388 42667 runtime_context.cpp:29] DecreaseCounter constructing_actor_cnt, current val is 692
I1012 13:12:35.411628 42662 naive_actor.cpp:25] actor 1099614388242 switch to &NaiveActor::HandlerNormal
I1012 13:12:35.411691 42662 thread.cpp:96] Thread 524337 construct Actor kSrcSubsetTick 1099614388242
I1012 13:12:35.411787 42662 runtime_context.cpp:29] DecreaseCounter constructing_actor_cnt, current val is 691
I1012 13:12:35.411861 42667 naive_actor.cpp:25] actor 2199023255559 switch to &NaiveActor::HandlerNormal
I1012 13:12:35.411913 42667 thread.cpp:96] Thread 1048576 construct Actor kNormalForward 2199023255559
I1012 13:12:35.411993 42667 runtime_context.cpp:29] DecreaseCounter constructing_actor_cnt, current val is 690
I1012 13:12:35.412395 42662 naive_actor.cpp:25] actor 1099614388235 switch to &NaiveActor::HandlerNormal
I1012 13:12:35.412472 42662 thread.cpp:96] Thread 524337 construct Actor kDstSubsetTick 1099614388235
I1012 13:12:35.412582 42662 runtime_context.cpp:29] DecreaseCounter constructing_actor_cnt, current val is 689
I1012 13:12:35.413094 42662 naive_actor.cpp:25] actor 1099614388229 switch to &NaiveActor::HandlerNormal
I1012 13:12:35.413158 42662 thread.cpp:96] Thread 524337 construct Actor kSrcSubsetTick 1099614388229
I1012 13:12:35.413239 42662 runtime_context.cpp:29] DecreaseCounter constructing_actor_cnt, current val is 688
I1012 13:12:35.413331 42667 naive_actor.cpp:25] actor 2199023255558 switch to &NaiveActor::HandlerNormal
I1012 13:12:35.413388 42667 thread.cpp:96] Thread 1048576 construct Actor kNormalForward 2199023255558
I1012 13:12:35.413489 42667 runtime_context.cpp:29] DecreaseCounter constructing_actor_cnt, current val is 687
I1012 13:12:35.413558 42680 naive_actor.cpp:25] actor 2207613190144 switch to &NaiveActor::HandlerNormal
I1012 13:12:35.413627 42680 thread.cpp:96] Thread 1052672 construct Actor kNormalForward 2207613190144
I1012 13:12:35.413762 42680 runtime_context.cpp:29] DecreaseCounter constructing_actor_cnt, current val is 686
I1012 13:12:35.413836 42662 naive_actor.cpp:25] actor 1099614388247 switch to &NaiveActor::HandlerNormal
I1012 13:12:35.413900 42662 thread.cpp:96] Thread 524337 construct Actor kTick 1099614388247
I1012 13:12:35.413995 42662 runtime_context.cpp:29] DecreaseCounter constructing_actor_cnt, current val is 685
I1012 13:12:35.414443 42662 naive_actor.cpp:25] actor 1099614388310 switch to &NaiveActor::HandlerNormal
I1012 13:12:35.414503 42662 thread.cpp:96] Thread 524337 construct Actor kTick 1099614388310
I1012 13:12:35.414558 42662 runtime_context.cpp:29] DecreaseCounter constructing_actor_cnt, current val is 684
I1012 13:12:35.414963 42662 naive_actor.cpp:25] actor 1099614388224 switch to &NaiveActor::HandlerNormal
I1012 13:12:35.415026 42662 thread.cpp:96] Thread 524337 construct Actor kDeviceTick 1099614388224
I1012 13:12:35.415048 42667 naive_actor.cpp:25] actor 2199023255564 switch to &NaiveActor::HandlerNormal
I1012 13:12:35.415096 42662 runtime_context.cpp:29] DecreaseCounter constructing_actor_cnt, current val is 683
I1012 13:12:35.415102 42667 thread.cpp:96] Thread 1048576 construct Actor kNormalForward 2199023255564
I1012 13:12:35.415138 42680 naive_actor.cpp:25] actor 2207613190145 switch to &NaiveActor::HandlerNormal
I1012 13:12:35.415223 42667 runtime_context.cpp:29] DecreaseCounter constructing_actor_cnt, current val is 682
I1012 13:12:35.415226 42680 thread.cpp:96] Thread 1052672 construct Actor kNormalForward 2207613190145
I1012 13:12:35.415397 42680 runtime_context.cpp:29] DecreaseCounter constructing_actor_cnt, current val is 681
I1012 13:12:35.415601 42662 naive_actor.cpp:25] actor 1099614388245 switch to &NaiveActor::HandlerNormal
I1012 13:12:35.415683 42662 thread.cpp:96] Thread 524337 construct Actor kDstSubsetTick 1099614388245
I1012 13:12:35.415776 42662 runtime_context.cpp:29] DecreaseCounter constructing_actor_cnt, current val is 680
I1012 13:12:35.416218 42662 naive_actor.cpp:25] actor 1099614388225 switch to &NaiveActor::HandlerNormal
I1012 13:12:35.416286 42662 thread.cpp:96] Thread 524337 construct Actor kDeviceTick 1099614388225
I1012 13:12:35.416383 42662 runtime_context.cpp:29] DecreaseCounter constructing_actor_cnt, current val is 679
I1012 13:12:35.416808 42680 naive_actor.cpp:25] actor 2207613190156 switch to &NaiveActor::HandlerNormal
I1012 13:12:35.416920 42662 naive_actor.cpp:25] actor 1099614388239 switch to &NaiveActor::HandlerNormal
I1012 13:12:35.416925 42680 thread.cpp:96] Thread 1052672 construct Actor kNormalForward 2207613190156
I1012 13:12:35.416945 42667 naive_actor.cpp:25] actor 2199023255555 switch to &NaiveActor::HandlerNormal
I1012 13:12:35.416980 42662 thread.cpp:96] Thread 524337 construct Actor kTick 1099614388239
I1012 13:12:35.417073 42680 runtime_context.cpp:29] DecreaseCounter constructing_actor_cnt, current val is 678
I1012 13:12:35.417078 42667 thread.cpp:96] Thread 1048576 construct Actor kNormalForward 2199023255555
I1012 13:12:35.417148 42662 runtime_context.cpp:29] DecreaseCounter constructing_actor_cnt, current val is 677
I1012 13:12:35.417253 42667 runtime_context.cpp:29] DecreaseCounter constructing_actor_cnt, current val is 676
I1012 13:12:35.417680 42662 naive_actor.cpp:25] actor 1099614388234 switch to &NaiveActor::HandlerNormal
I1012 13:12:35.417695 42667 naive_actor.cpp:25] actor 2199023255579 switch to &NaiveActor::HandlerNormal
I1012 13:12:35.417742 42662 thread.cpp:96] Thread 524337 construct Actor kTick 1099614388234
I1012 13:12:35.417784 42667 thread.cpp:96] Thread 1048576 construct Actor kNormalForward 2199023255579
I1012 13:12:35.417888 42662 runtime_context.cpp:29] DecreaseCounter constructing_actor_cnt, current val is 675
I1012 13:12:35.417918 42667 runtime_context.cpp:29] DecreaseCounter constructing_actor_cnt, current val is 674
I1012 13:12:35.418246 42680 naive_actor.cpp:25] actor 2207613190159 switch to &NaiveActor::HandlerNormal
I1012 13:12:35.418296 42662 naive_actor.cpp:25] actor 1099614388228 switch to &NaiveActor::HandlerNormal
I1012 13:12:35.418310 42680 thread.cpp:96] Thread 1052672 construct Actor kNormalForward 2207613190159
I1012 13:12:35.418351 42662 thread.cpp:96] Thread 524337 construct Actor kDeviceTick 1099614388228
I1012 13:12:35.418450 42680 runtime_context.cpp:29] DecreaseCounter constructing_actor_cnt, current val is 673
I1012 13:12:35.418469 42662 runtime_context.cpp:29] DecreaseCounter constructing_actor_cnt, current val is 672
I1012 13:12:35.418917 42680 naive_actor.cpp:25] actor 2207613190151 switch to &NaiveActor::HandlerNormal
I1012 13:12:35.418984 42680 thread.cpp:96] Thread 1052672 construct Actor kNormalForward 2207613190151
I1012 13:12:35.419013 42662 naive_actor.cpp:25] actor 1099614388238 switch to &NaiveActor::HandlerNormal
I1012 13:12:35.419059 42680 runtime_context.cpp:29] DecreaseCounter constructing_actor_cnt, current val is 671
I1012 13:12:35.419085 42662 thread.cpp:96] Thread 524337 construct Actor kTick 1099614388238
I1012 13:12:35.419209 42662 runtime_context.cpp:29] DecreaseCounter constructing_actor_cnt, current val is 670
I1012 13:12:35.419719 42662 naive_actor.cpp:25] actor 1099614388227 switch to &NaiveActor::HandlerNormal
I1012 13:12:35.419790 42662 thread.cpp:96] Thread 524337 construct Actor kDeviceTick 1099614388227
I1012 13:12:35.419843 42667 naive_actor.cpp:25] actor 2199023255552 switch to &NaiveActor::HandlerNormal
I1012 13:12:35.419869 42662 runtime_context.cpp:29] DecreaseCounter constructing_actor_cnt, current val is 669
I1012 13:12:35.419914 42667 thread.cpp:96] Thread 1048576 construct Actor kNormalForward 2199023255552
I1012 13:12:35.420092 42667 runtime_context.cpp:29] DecreaseCounter constructing_actor_cnt, current val is 668
I1012 13:12:35.420382 42662 naive_actor.cpp:25] actor 1099614388248 switch to &NaiveActor::HandlerNormal
I1012 13:12:35.420462 42662 thread.cpp:96] Thread 524337 construct Actor kTick 1099614388248
I1012 13:12:35.420555 42662 runtime_context.cpp:29] DecreaseCounter constructing_actor_cnt, current val is 667
I1012 13:12:35.420662 42680 naive_actor.cpp:25] actor 2207613190175 switch to &NaiveActor::HandlerNormal
I1012 13:12:35.420732 42680 thread.cpp:96] Thread 1052672 construct Actor kNormalForward 2207613190175
I1012 13:12:35.420833 42680 runtime_context.cpp:29] DecreaseCounter constructing_actor_cnt, current val is 666
I1012 13:12:35.421042 42662 naive_actor.cpp:25] actor 1099614388250 switch to &NaiveActor::HandlerNormal
I1012 13:12:35.421108 42662 thread.cpp:96] Thread 524337 construct Actor kSrcSubsetTick 1099614388250
