I1013 15:27:50.347424 24943 thread.cpp:96] Thread 1048576 construct Actor kNormalForward 2199023255718
I1013 15:27:50.347456 24943 runtime_context.cpp:29] DecreaseCounter constructing_actor_cnt, current val is 95
I1013 15:27:50.347646 24943 naive_actor.cpp:25] actor 2199023255700 switch to &NaiveActor::HandlerNormal
I1013 15:27:50.347668 24943 thread.cpp:96] Thread 1048576 construct Actor kNormalForward 2199023255700
I1013 15:27:50.347702 24943 runtime_context.cpp:29] DecreaseCounter constructing_actor_cnt, current val is 94
I1013 15:27:50.347880 24943 naive_actor.cpp:25] actor 2199023255708 switch to &NaiveActor::HandlerNormal
I1013 15:27:50.347930 24943 thread.cpp:96] Thread 1048576 construct Actor kNormalForward 2199023255708
I1013 15:27:50.348006 24943 runtime_context.cpp:29] DecreaseCounter constructing_actor_cnt, current val is 93
I1013 15:27:50.348184 24943 naive_actor.cpp:25] actor 2199023255717 switch to &NaiveActor::HandlerNormal
I1013 15:27:50.348206 24943 thread.cpp:96] Thread 1048576 construct Actor kNormalForward 2199023255717
I1013 15:27:50.348240 24943 runtime_context.cpp:29] DecreaseCounter constructing_actor_cnt, current val is 92
I1013 15:27:50.348414 24943 naive_actor.cpp:25] actor 2199023255723 switch to &NaiveActor::HandlerNormal
I1013 15:27:50.348436 24943 thread.cpp:96] Thread 1048576 construct Actor kNormalForward 2199023255723
I1013 15:27:50.348469 24943 runtime_context.cpp:29] DecreaseCounter constructing_actor_cnt, current val is 91
I1013 15:27:50.348656 24943 naive_actor.cpp:25] actor 2199023255727 switch to &NaiveActor::HandlerNormal
I1013 15:27:50.348706 24943 thread.cpp:96] Thread 1048576 construct Actor kNormalForward 2199023255727
I1013 15:27:50.348743 24943 runtime_context.cpp:29] DecreaseCounter constructing_actor_cnt, current val is 90
I1013 15:27:50.348920 24943 naive_actor.cpp:25] actor 2199023255728 switch to &NaiveActor::HandlerNormal
I1013 15:27:50.348961 24943 thread.cpp:96] Thread 1048576 construct Actor kNormalForward 2199023255728
I1013 15:27:50.348997 24943 runtime_context.cpp:29] DecreaseCounter constructing_actor_cnt, current val is 89
I1013 15:27:50.349179 24943 naive_actor.cpp:25] actor 2199023255725 switch to &NaiveActor::HandlerNormal
I1013 15:27:50.349200 24943 thread.cpp:96] Thread 1048576 construct Actor kNormalForward 2199023255725
I1013 15:27:50.349234 24943 runtime_context.cpp:29] DecreaseCounter constructing_actor_cnt, current val is 88
I1013 15:27:50.349408 24943 naive_actor.cpp:25] actor 2199023255730 switch to &NaiveActor::HandlerNormal
I1013 15:27:50.349452 24943 thread.cpp:96] Thread 1048576 construct Actor kNormalForward 2199023255730
I1013 15:27:50.349490 24943 runtime_context.cpp:29] DecreaseCounter constructing_actor_cnt, current val is 87
I1013 15:27:50.349695 24943 naive_actor.cpp:25] actor 2199023255731 switch to &NaiveActor::HandlerNormal
I1013 15:27:50.349735 24943 thread.cpp:96] Thread 1048576 construct Actor kNormalForward 2199023255731
I1013 15:27:50.349779 24943 runtime_context.cpp:29] DecreaseCounter constructing_actor_cnt, current val is 86
I1013 15:27:50.349987 24943 naive_actor.cpp:25] actor 2199023255732 switch to &NaiveActor::HandlerNormal
I1013 15:27:50.350009 24943 thread.cpp:96] Thread 1048576 construct Actor kNormalForward 2199023255732
I1013 15:27:50.350044 24943 runtime_context.cpp:29] DecreaseCounter constructing_actor_cnt, current val is 85
I1013 15:27:50.350217 24943 naive_actor.cpp:25] actor 2199023255726 switch to &NaiveActor::HandlerNormal
I1013 15:27:50.350239 24943 thread.cpp:96] Thread 1048576 construct Actor kNormalForward 2199023255726
I1013 15:27:50.350272 24943 runtime_context.cpp:29] DecreaseCounter constructing_actor_cnt, current val is 84
I1013 15:27:50.350445 24943 naive_actor.cpp:25] actor 2199023255721 switch to &NaiveActor::HandlerNormal
I1013 15:27:50.350497 24943 thread.cpp:96] Thread 1048576 construct Actor kNormalForward 2199023255721
I1013 15:27:50.350533 24943 runtime_context.cpp:29] DecreaseCounter constructing_actor_cnt, current val is 83
I1013 15:27:50.350723 24943 naive_actor.cpp:25] actor 2199023255722 switch to &NaiveActor::HandlerNormal
I1013 15:27:50.350745 24943 thread.cpp:96] Thread 1048576 construct Actor kNormalForward 2199023255722
I1013 15:27:50.350780 24943 runtime_context.cpp:29] DecreaseCounter constructing_actor_cnt, current val is 82
I1013 15:27:50.350994 24943 naive_actor.cpp:25] actor 2199023255735 switch to &NaiveActor::HandlerNormal
I1013 15:27:50.351016 24943 thread.cpp:96] Thread 1048576 construct Actor kNormalForward 2199023255735
I1013 15:27:50.351050 24943 runtime_context.cpp:29] DecreaseCounter constructing_actor_cnt, current val is 81
I1013 15:27:50.351223 24943 naive_actor.cpp:25] actor 2199023255733 switch to &NaiveActor::HandlerNormal
I1013 15:27:50.351244 24943 thread.cpp:96] Thread 1048576 construct Actor kNormalForward 2199023255733
I1013 15:27:50.351279 24943 runtime_context.cpp:29] DecreaseCounter constructing_actor_cnt, current val is 80
I1013 15:27:50.351452 24943 naive_actor.cpp:25] actor 2199023255734 switch to &NaiveActor::HandlerNormal
I1013 15:27:50.351475 24943 thread.cpp:96] Thread 1048576 construct Actor kNormalForward 2199023255734
I1013 15:27:50.351508 24943 runtime_context.cpp:29] DecreaseCounter constructing_actor_cnt, current val is 79
I1013 15:27:50.351707 24943 naive_actor.cpp:25] actor 2199023255737 switch to &NaiveActor::HandlerNormal
I1013 15:27:50.351763 24943 thread.cpp:96] Thread 1048576 construct Actor kDeviceTick 2199023255737
I1013 15:27:50.351799 24943 runtime_context.cpp:29] DecreaseCounter constructing_actor_cnt, current val is 78
I1013 15:27:50.351976 24943 naive_actor.cpp:25] actor 2199023255729 switch to &NaiveActor::HandlerNormal
I1013 15:27:50.352034 24943 thread.cpp:96] Thread 1048576 construct Actor kNormalForward 2199023255729
I1013 15:27:50.352072 24943 runtime_context.cpp:29] DecreaseCounter constructing_actor_cnt, current val is 77
I1013 15:27:50.353274 24943 naive_actor.cpp:25] actor 2199023255736 switch to &NaiveActor::HandlerNormal
I1013 15:27:50.353315 24943 thread.cpp:96] Thread 1048576 construct Actor kNormalForward 2199023255736
I1013 15:27:50.353416 24943 runtime_context.cpp:29] DecreaseCounter constructing_actor_cnt, current val is 76
I1013 15:27:50.353636 24943 naive_actor.cpp:25] actor 2199023255744 switch to &NaiveActor::HandlerNormal
I1013 15:27:50.353678 24943 thread.cpp:96] Thread 1048576 construct Actor kNormalForward 2199023255744
I1013 15:27:50.353718 24943 runtime_context.cpp:29] DecreaseCounter constructing_actor_cnt, current val is 75
I1013 15:27:50.353902 24943 naive_actor.cpp:25] actor 2199023255749 switch to &NaiveActor::HandlerNormal
I1013 15:27:50.353946 24943 thread.cpp:96] Thread 1048576 construct Actor kNormalForward 2199023255749
I1013 15:27:50.353987 24943 runtime_context.cpp:29] DecreaseCounter constructing_actor_cnt, current val is 74
I1013 15:27:50.354167 24943 naive_actor.cpp:25] actor 2199023255757 switch to &NaiveActor::HandlerNormal
I1013 15:27:50.354221 24943 thread.cpp:96] Thread 1048576 construct Actor kNormalForward 2199023255757
I1013 15:27:50.354259 24943 runtime_context.cpp:29] DecreaseCounter constructing_actor_cnt, current val is 73
I1013 15:27:50.354437 24943 naive_actor.cpp:25] actor 2199023255766 switch to &NaiveActor::HandlerNormal
I1013 15:27:50.354458 24943 thread.cpp:96] Thread 1048576 construct Actor kNormalForward 2199023255766
I1013 15:27:50.354492 24943 runtime_context.cpp:29] DecreaseCounter constructing_actor_cnt, current val is 72
I1013 15:27:50.354673 24943 naive_actor.cpp:25] actor 2199023255745 switch to &NaiveActor::HandlerNormal
I1013 15:27:50.354696 24943 thread.cpp:96] Thread 1048576 construct Actor kNormalForward 2199023255745
I1013 15:27:50.354728 24943 runtime_context.cpp:29] DecreaseCounter constructing_actor_cnt, current val is 71
I1013 15:27:50.354912 24943 naive_actor.cpp:25] actor 2199023255741 switch to &NaiveActor::HandlerNormal
I1013 15:27:50.354933 24943 thread.cpp:96] Thread 1048576 construct Actor kNormalForward 2199023255741
I1013 15:27:50.354965 24943 runtime_context.cpp:29] DecreaseCounter constructing_actor_cnt, current val is 70
I1013 15:27:50.356137 24943 naive_actor.cpp:25] actor 2199023255775 switch to &NaiveActor::HandlerNormal
I1013 15:27:50.356184 24943 thread.cpp:96] Thread 1048576 construct Actor kNormalForward 2199023255775
I1013 15:27:50.356284 24943 runtime_context.cpp:29] DecreaseCounter constructing_actor_cnt, current val is 69
I1013 15:27:50.356477 24943 naive_actor.cpp:25] actor 2199023255742 switch to &NaiveActor::HandlerNormal
I1013 15:27:50.356499 24943 thread.cpp:96] Thread 1048576 construct Actor kNormalForward 2199023255742
I1013 15:27:50.356534 24943 runtime_context.cpp:29] DecreaseCounter constructing_actor_cnt, current val is 68
I1013 15:27:50.356724 24943 naive_actor.cpp:25] actor 2199023255739 switch to &NaiveActor::HandlerNormal
I1013 15:27:50.356776 24943 thread.cpp:96] Thread 1048576 construct Actor kNormalForward 2199023255739
I1013 15:27:50.356813 24943 runtime_context.cpp:29] DecreaseCounter constructing_actor_cnt, current val is 67
I1013 15:27:50.356992 24943 naive_actor.cpp:25] actor 2199023255748 switch to &NaiveActor::HandlerNormal
I1013 15:27:50.357013 24943 thread.cpp:96] Thread 1048576 construct Actor kNormalForward 2199023255748
I1013 15:27:50.357048 24943 runtime_context.cpp:29] DecreaseCounter constructing_actor_cnt, current val is 66
I1013 15:27:50.357224 24943 naive_actor.cpp:25] actor 2199023255752 switch to &NaiveActor::HandlerNormal
I1013 15:27:50.357245 24943 thread.cpp:96] Thread 1048576 construct Actor kNormalForward 2199023255752
I1013 15:27:50.357280 24943 runtime_context.cpp:29] DecreaseCounter constructing_actor_cnt, current val is 65
I1013 15:27:50.357450 24943 naive_actor.cpp:25] actor 2199023255753 switch to &NaiveActor::HandlerNormal
I1013 15:27:50.357487 24943 thread.cpp:96] Thread 1048576 construct Actor kNormalForward 2199023255753
I1013 15:27:50.357524 24943 runtime_context.cpp:29] DecreaseCounter constructing_actor_cnt, current val is 64
I1013 15:27:50.357707 24943 naive_actor.cpp:25] actor 2199023255750 switch to &NaiveActor::HandlerNormal
I1013 15:27:50.357728 24943 thread.cpp:96] Thread 1048576 construct Actor kNormalForward 2199023255750
I1013 15:27:50.357761 24943 runtime_context.cpp:29] DecreaseCounter constructing_actor_cnt, current val is 63
I1013 15:27:50.357936 24943 naive_actor.cpp:25] actor 2199023255747 switch to &NaiveActor::HandlerNormal
I1013 15:27:50.357957 24943 thread.cpp:96] Thread 1048576 construct Actor kNormalForward 2199023255747
I1013 15:27:50.357991 24943 runtime_context.cpp:29] DecreaseCounter constructing_actor_cnt, current val is 62
I1013 15:27:50.358167 24943 naive_actor.cpp:25] actor 2199023255755 switch to &NaiveActor::HandlerNormal
I1013 15:27:50.358212 24943 thread.cpp:96] Thread 1048576 construct Actor kNormalForward 2199023255755
I1013 15:27:50.358251 24943 runtime_context.cpp:29] DecreaseCounter constructing_actor_cnt, current val is 61
I1013 15:27:50.358446 24943 naive_actor.cpp:25] actor 2199023255751 switch to &NaiveActor::HandlerNormal
I1013 15:27:50.358485 24943 thread.cpp:96] Thread 1048576 construct Actor kNormalForward 2199023255751
I1013 15:27:50.358521 24943 runtime_context.cpp:29] DecreaseCounter constructing_actor_cnt, current val is 60
I1013 15:27:50.358736 24943 naive_actor.cpp:25] actor 2199023255743 switch to &NaiveActor::HandlerNormal
I1013 15:27:50.358757 24943 thread.cpp:96] Thread 1048576 construct Actor kNormalForward 2199023255743
I1013 15:27:50.358793 24943 runtime_context.cpp:29] DecreaseCounter constructing_actor_cnt, current val is 59
I1013 15:27:50.358966 24943 naive_actor.cpp:25] actor 2199023255760 switch to &NaiveActor::HandlerNormal
I1013 15:27:50.358987 24943 thread.cpp:96] Thread 1048576 construct Actor kNormalForward 2199023255760
I1013 15:27:50.359021 24943 runtime_context.cpp:29] DecreaseCounter constructing_actor_cnt, current val is 58
I1013 15:27:50.359191 24943 naive_actor.cpp:25] actor 2199023255758 switch to &NaiveActor::HandlerNormal
I1013 15:27:50.359237 24943 thread.cpp:96] Thread 1048576 construct Actor kNormalForward 2199023255758
I1013 15:27:50.359274 24943 runtime_context.cpp:29] DecreaseCounter constructing_actor_cnt, current val is 57
I1013 15:27:50.359447 24943 naive_actor.cpp:25] actor 2199023255759 switch to &NaiveActor::HandlerNormal
I1013 15:27:50.359467 24943 thread.cpp:96] Thread 1048576 construct Actor kNormalForward 2199023255759
I1013 15:27:50.359501 24943 runtime_context.cpp:29] DecreaseCounter constructing_actor_cnt, current val is 56
I1013 15:27:50.359689 24943 naive_actor.cpp:25] actor 2199023255761 switch to &NaiveActor::HandlerNormal
I1013 15:27:50.359711 24943 thread.cpp:96] Thread 1048576 construct Actor kNormalForward 2199023255761
I1013 15:27:50.359745 24943 runtime_context.cpp:29] DecreaseCounter constructing_actor_cnt, current val is 55
I1013 15:27:50.359916 24943 naive_actor.cpp:25] actor 2199023255740 switch to &NaiveActor::HandlerNormal
I1013 15:27:50.359951 24943 thread.cpp:96] Thread 1048576 construct Actor kNormalForward 2199023255740
I1013 15:27:50.359988 24943 runtime_context.cpp:29] DecreaseCounter constructing_actor_cnt, current val is 54
I1013 15:27:50.360167 24943 naive_actor.cpp:25] actor 2199023255771 switch to &NaiveActor::HandlerNormal
I1013 15:27:50.360188 24943 thread.cpp:96] Thread 1048576 construct Actor kNormalForward 2199023255771
I1013 15:27:50.360221 24943 runtime_context.cpp:29] DecreaseCounter constructing_actor_cnt, current val is 53
I1013 15:27:50.360396 24943 naive_actor.cpp:25] actor 2199023255770 switch to &NaiveActor::HandlerNormal
I1013 15:27:50.360417 24943 thread.cpp:96] Thread 1048576 construct Actor kNormalForward 2199023255770
I1013 15:27:50.360450 24943 runtime_context.cpp:29] DecreaseCounter constructing_actor_cnt, current val is 52
I1013 15:27:50.360631 24943 naive_actor.cpp:25] actor 2199023255756 switch to &NaiveActor::HandlerNormal
I1013 15:27:50.360652 24943 thread.cpp:96] Thread 1048576 construct Actor kNormalForward 2199023255756
I1013 15:27:50.360687 24943 runtime_context.cpp:29] DecreaseCounter constructing_actor_cnt, current val is 51
I1013 15:27:50.360855 24943 naive_actor.cpp:25] actor 2199023255762 switch to &NaiveActor::HandlerNormal
I1013 15:27:50.360891 24943 thread.cpp:96] Thread 1048576 construct Actor kNormalForward 2199023255762
I1013 15:27:50.360927 24943 runtime_context.cpp:29] DecreaseCounter constructing_actor_cnt, current val is 50
I1013 15:27:50.361102 24943 naive_actor.cpp:25] actor 2199023255764 switch to &NaiveActor::HandlerNormal
I1013 15:27:50.361124 24943 thread.cpp:96] Thread 1048576 construct Actor kNormalForward 2199023255764
I1013 15:27:50.361157 24943 runtime_context.cpp:29] DecreaseCounter constructing_actor_cnt, current val is 49
I1013 15:27:50.361352 24943 naive_actor.cpp:25] actor 2199023255767 switch to &NaiveActor::HandlerNormal
I1013 15:27:50.361392 24943 thread.cpp:96] Thread 1048576 construct Actor kNormalForward 2199023255767
I1013 15:27:50.361428 24943 runtime_context.cpp:29] DecreaseCounter constructing_actor_cnt, current val is 48
I1013 15:27:50.361610 24943 naive_actor.cpp:25] actor 2199023255769 switch to &NaiveActor::HandlerNormal
I1013 15:27:50.361670 24943 thread.cpp:96] Thread 1048576 construct Actor kNormalForward 2199023255769
I1013 15:27:50.361706 24943 runtime_context.cpp:29] DecreaseCounter constructing_actor_cnt, current val is 47
I1013 15:27:50.361881 24943 naive_actor.cpp:25] actor 2199023255768 switch to &NaiveActor::HandlerNormal
I1013 15:27:50.361901 24943 thread.cpp:96] Thread 1048576 construct Actor kNormalForward 2199023255768
I1013 15:27:50.361934 24943 runtime_context.cpp:29] DecreaseCounter constructing_actor_cnt, current val is 46
I1013 15:27:50.362104 24943 naive_actor.cpp:25] actor 2199023255765 switch to &NaiveActor::HandlerNormal
I1013 15:27:50.362125 24943 thread.cpp:96] Thread 1048576 construct Actor kNormalForward 2199023255765
I1013 15:27:50.362159 24943 runtime_context.cpp:29] DecreaseCounter constructing_actor_cnt, current val is 45
I1013 15:27:50.362334 24943 naive_actor.cpp:25] actor 2199023255763 switch to &NaiveActor::HandlerNormal
I1013 15:27:50.362354 24943 thread.cpp:96] Thread 1048576 construct Actor kNormalForward 2199023255763
I1013 15:27:50.362387 24943 runtime_context.cpp:29] DecreaseCounter constructing_actor_cnt, current val is 44
I1013 15:27:50.362560 24943 naive_actor.cpp:25] actor 2199023255773 switch to &NaiveActor::HandlerNormal
I1013 15:27:50.362591 24943 thread.cpp:96] Thread 1048576 construct Actor kNormalForward 2199023255773
I1013 15:27:50.362625 24943 runtime_context.cpp:29] DecreaseCounter constructing_actor_cnt, current val is 43
I1013 15:27:50.362795 24943 naive_actor.cpp:25] actor 2199023255772 switch to &NaiveActor::HandlerNormal
I1013 15:27:50.362818 24943 thread.cpp:96] Thread 1048576 construct Actor kNormalForward 2199023255772
I1013 15:27:50.362850 24943 runtime_context.cpp:29] DecreaseCounter constructing_actor_cnt, current val is 42
I1013 15:27:50.364388 24943 naive_actor.cpp:25] actor 2199023255774 switch to &NaiveActor::HandlerNormal
I1013 15:27:50.364428 24943 thread.cpp:96] Thread 1048576 construct Actor kNormalForward 2199023255774
I1013 15:27:50.364470 24943 runtime_context.cpp:29] DecreaseCounter constructing_actor_cnt, current val is 41
I1013 15:27:50.364660 24943 naive_actor.cpp:25] actor 2199023255754 switch to &NaiveActor::HandlerNormal
I1013 15:27:50.364681 24943 thread.cpp:96] Thread 1048576 construct Actor kNormalForward 2199023255754
I1013 15:27:50.364718 24943 runtime_context.cpp:29] DecreaseCounter constructing_actor_cnt, current val is 40
I1013 15:27:50.364903 24943 naive_actor.cpp:25] actor 2199023255776 switch to &NaiveActor::HandlerNormal
I1013 15:27:50.364925 24943 thread.cpp:96] Thread 1048576 construct Actor kDeviceTick 2199023255776
I1013 15:27:50.364960 24943 runtime_context.cpp:29] DecreaseCounter constructing_actor_cnt, current val is 39
I1013 15:27:50.365132 24943 naive_actor.cpp:25] actor 2199023255746 switch to &NaiveActor::HandlerNormal
I1013 15:27:50.365170 24943 thread.cpp:96] Thread 1048576 construct Actor kNormalForward 2199023255746
I1013 15:27:50.365209 24943 runtime_context.cpp:29] DecreaseCounter constructing_actor_cnt, current val is 38
I1013 15:27:50.365388 24943 naive_actor.cpp:25] actor 2199023255789 switch to &NaiveActor::HandlerNormal
I1013 15:27:50.365409 24943 thread.cpp:96] Thread 1048576 construct Actor kNormalForward 2199023255789
I1013 15:27:50.365444 24943 runtime_context.cpp:29] DecreaseCounter constructing_actor_cnt, current val is 37
I1013 15:27:50.365628 24943 naive_actor.cpp:25] actor 2199023255784 switch to &NaiveActor::HandlerNormal
I1013 15:27:50.365649 24943 thread.cpp:96] Thread 1048576 construct Actor kNormalForward 2199023255784
I1013 15:27:50.365685 24943 runtime_context.cpp:29] DecreaseCounter constructing_actor_cnt, current val is 36
I1013 15:27:50.365882 24943 naive_actor.cpp:25] actor 2199023255796 switch to &NaiveActor::HandlerNormal
I1013 15:27:50.365921 24943 thread.cpp:96] Thread 1048576 construct Actor kNormalForward 2199023255796
I1013 15:27:50.365960 24943 runtime_context.cpp:29] DecreaseCounter constructing_actor_cnt, current val is 35
I1013 15:27:50.366134 24943 naive_actor.cpp:25] actor 2199023255809 switch to &NaiveActor::HandlerNormal
I1013 15:27:50.366156 24943 thread.cpp:96] Thread 1048576 construct Actor kNormalForward 2199023255809
I1013 15:27:50.366191 24943 runtime_context.cpp:29] DecreaseCounter constructing_actor_cnt, current val is 34
I1013 15:27:50.366364 24943 naive_actor.cpp:25] actor 2199023255779 switch to &NaiveActor::HandlerNormal
I1013 15:27:50.366384 24943 thread.cpp:96] Thread 1048576 construct Actor kNormalForward 2199023255779
I1013 15:27:50.366420 24943 runtime_context.cpp:29] DecreaseCounter constructing_actor_cnt, current val is 33
I1013 15:27:50.366614 24943 naive_actor.cpp:25] actor 2199023255781 switch to &NaiveActor::HandlerNormal
I1013 15:27:50.366650 24943 thread.cpp:96] Thread 1048576 construct Actor kNormalForward 2199023255781
I1013 15:27:50.366688 24943 runtime_context.cpp:29] DecreaseCounter constructing_actor_cnt, current val is 32
I1013 15:27:50.366864 24943 naive_actor.cpp:25] actor 2199023255783 switch to &NaiveActor::HandlerNormal
I1013 15:27:50.366884 24943 thread.cpp:96] Thread 1048576 construct Actor kNormalForward 2199023255783
I1013 15:27:50.366919 24943 runtime_context.cpp:29] DecreaseCounter constructing_actor_cnt, current val is 31
I1013 15:27:50.367086 24943 naive_actor.cpp:25] actor 2199023255778 switch to &NaiveActor::HandlerNormal
I1013 15:27:50.367127 24943 thread.cpp:96] Thread 1048576 construct Actor kNormalForward 2199023255778
I1013 15:27:50.367164 24943 runtime_context.cpp:29] DecreaseCounter constructing_actor_cnt, current val is 30
I1013 15:27:50.367333 24943 naive_actor.cpp:25] actor 2199023255785 switch to &NaiveActor::HandlerNormal
I1013 15:27:50.367367 24943 thread.cpp:96] Thread 1048576 construct Actor kNormalForward 2199023255785
I1013 15:27:50.367405 24943 runtime_context.cpp:29] DecreaseCounter constructing_actor_cnt, current val is 29
I1013 15:27:50.367585 24943 naive_actor.cpp:25] actor 2199023255788 switch to &NaiveActor::HandlerNormal
I1013 15:27:50.367621 24943 thread.cpp:96] Thread 1048576 construct Actor kNormalForward 2199023255788
I1013 15:27:50.367659 24943 runtime_context.cpp:29] DecreaseCounter constructing_actor_cnt, current val is 28
I1013 15:27:50.367831 24943 naive_actor.cpp:25] actor 2199023255786 switch to &NaiveActor::HandlerNormal
I1013 15:27:50.367866 24943 thread.cpp:96] Thread 1048576 construct Actor kNormalForward 2199023255786
I1013 15:27:50.367904 24943 runtime_context.cpp:29] DecreaseCounter constructing_actor_cnt, current val is 27
I1013 15:27:50.368072 24943 naive_actor.cpp:25] actor 2199023255787 switch to &NaiveActor::HandlerNormal
I1013 15:27:50.368105 24943 thread.cpp:96] Thread 1048576 construct Actor kNormalForward 2199023255787
I1013 15:27:50.368144 24943 runtime_context.cpp:29] DecreaseCounter constructing_actor_cnt, current val is 26
I1013 15:27:50.368316 24943 naive_actor.cpp:25] actor 2199023255791 switch to &NaiveActor::HandlerNormal
I1013 15:27:50.368352 24943 thread.cpp:96] Thread 1048576 construct Actor kNormalForward 2199023255791
I1013 15:27:50.368391 24943 runtime_context.cpp:29] DecreaseCounter constructing_actor_cnt, current val is 25
I1013 15:27:50.368562 24943 naive_actor.cpp:25] actor 2199023255790 switch to &NaiveActor::HandlerNormal
I1013 15:27:50.368592 24943 thread.cpp:96] Thread 1048576 construct Actor kNormalForward 2199023255790
I1013 15:27:50.368626 24943 runtime_context.cpp:29] DecreaseCounter constructing_actor_cnt, current val is 24
I1013 15:27:50.368813 24943 naive_actor.cpp:25] actor 2199023255792 switch to &NaiveActor::HandlerNormal
I1013 15:27:50.368834 24943 thread.cpp:96] Thread 1048576 construct Actor kNormalForward 2199023255792
I1013 15:27:50.368870 24943 runtime_context.cpp:29] DecreaseCounter constructing_actor_cnt, current val is 23
I1013 15:27:50.369076 24943 naive_actor.cpp:25] actor 2199023255795 switch to &NaiveActor::HandlerNormal
I1013 15:27:50.369115 24943 thread.cpp:96] Thread 1048576 construct Actor kNormalForward 2199023255795
I1013 15:27:50.369153 24943 runtime_context.cpp:29] DecreaseCounter constructing_actor_cnt, current val is 22
I1013 15:27:50.369325 24943 naive_actor.cpp:25] actor 2199023255801 switch to &NaiveActor::HandlerNormal
I1013 15:27:50.369346 24943 thread.cpp:96] Thread 1048576 construct Actor kNormalForward 2199023255801
I1013 15:27:50.369380 24943 runtime_context.cpp:29] DecreaseCounter constructing_actor_cnt, current val is 21
I1013 15:27:50.369554 24943 naive_actor.cpp:25] actor 2199023255802 switch to &NaiveActor::HandlerNormal
I1013 15:27:50.369582 24943 thread.cpp:96] Thread 1048576 construct Actor kNormalForward 2199023255802
I1013 15:27:50.369617 24943 runtime_context.cpp:29] DecreaseCounter constructing_actor_cnt, current val is 20
I1013 15:27:50.369786 24943 naive_actor.cpp:25] actor 2199023255794 switch to &NaiveActor::HandlerNormal
I1013 15:27:50.369807 24943 thread.cpp:96] Thread 1048576 construct Actor kNormalForward 2199023255794
I1013 15:27:50.369843 24943 runtime_context.cpp:29] DecreaseCounter constructing_actor_cnt, current val is 19
I1013 15:27:50.370018 24943 naive_actor.cpp:25] actor 2199023255797 switch to &NaiveActor::HandlerNormal
I1013 15:27:50.370038 24943 thread.cpp:96] Thread 1048576 construct Actor kNormalForward 2199023255797
I1013 15:27:50.370074 24943 runtime_context.cpp:29] DecreaseCounter constructing_actor_cnt, current val is 18
I1013 15:27:50.370244 24943 naive_actor.cpp:25] actor 2199023255798 switch to &NaiveActor::HandlerNormal
I1013 15:27:50.370263 24943 thread.cpp:96] Thread 1048576 construct Actor kNormalForward 2199023255798
I1013 15:27:50.370297 24943 runtime_context.cpp:29] DecreaseCounter constructing_actor_cnt, current val is 17
I1013 15:27:50.370465 24943 naive_actor.cpp:25] actor 2199023255800 switch to &NaiveActor::HandlerNormal
I1013 15:27:50.370486 24943 thread.cpp:96] Thread 1048576 construct Actor kNormalForward 2199023255800
I1013 15:27:50.370520 24943 runtime_context.cpp:29] DecreaseCounter constructing_actor_cnt, current val is 16
I1013 15:27:50.370695 24943 naive_actor.cpp:25] actor 2199023255793 switch to &NaiveActor::HandlerNormal
I1013 15:27:50.370716 24943 thread.cpp:96] Thread 1048576 construct Actor kNormalForward 2199023255793
I1013 15:27:50.370751 24943 runtime_context.cpp:29] DecreaseCounter constructing_actor_cnt, current val is 15
I1013 15:27:50.370920 24943 naive_actor.cpp:25] actor 2199023255799 switch to &NaiveActor::HandlerNormal
I1013 15:27:50.370941 24943 thread.cpp:96] Thread 1048576 construct Actor kNormalForward 2199023255799
I1013 15:27:50.370975 24943 runtime_context.cpp:29] DecreaseCounter constructing_actor_cnt, current val is 14
I1013 15:27:50.371148 24943 naive_actor.cpp:25] actor 2199023255782 switch to &NaiveActor::HandlerNormal
I1013 15:27:50.371170 24943 thread.cpp:96] Thread 1048576 construct Actor kNormalForward 2199023255782
I1013 15:27:50.371203 24943 runtime_context.cpp:29] DecreaseCounter constructing_actor_cnt, current val is 13
I1013 15:27:50.371371 24943 naive_actor.cpp:25] actor 2199023255804 switch to &NaiveActor::HandlerNormal
I1013 15:27:50.371392 24943 thread.cpp:96] Thread 1048576 construct Actor kNormalForward 2199023255804
I1013 15:27:50.371426 24943 runtime_context.cpp:29] DecreaseCounter constructing_actor_cnt, current val is 12
I1013 15:27:50.371600 24943 naive_actor.cpp:25] actor 2199023255805 switch to &NaiveActor::HandlerNormal
I1013 15:27:50.371621 24943 thread.cpp:96] Thread 1048576 construct Actor kNormalForward 2199023255805
I1013 15:27:50.371656 24943 runtime_context.cpp:29] DecreaseCounter constructing_actor_cnt, current val is 11
I1013 15:27:50.371822 24943 naive_actor.cpp:25] actor 2199023255807 switch to &NaiveActor::HandlerNormal
I1013 15:27:50.371843 24943 thread.cpp:96] Thread 1048576 construct Actor kNormalForward 2199023255807
I1013 15:27:50.371901 24943 runtime_context.cpp:29] DecreaseCounter constructing_actor_cnt, current val is 10
I1013 15:27:50.372076 24943 naive_actor.cpp:25] actor 2199023255803 switch to &NaiveActor::HandlerNormal
I1013 15:27:50.372113 24943 thread.cpp:96] Thread 1048576 construct Actor kNormalForward 2199023255803
I1013 15:27:50.372151 24943 runtime_context.cpp:29] DecreaseCounter constructing_actor_cnt, current val is 9
I1013 15:27:50.372328 24943 naive_actor.cpp:25] actor 2199023255806 switch to &NaiveActor::HandlerNormal
I1013 15:27:50.372347 24943 thread.cpp:96] Thread 1048576 construct Actor kNormalForward 2199023255806
I1013 15:27:50.372382 24943 runtime_context.cpp:29] DecreaseCounter constructing_actor_cnt, current val is 8
I1013 15:27:50.372553 24943 naive_actor.cpp:25] actor 2199023255808 switch to &NaiveActor::HandlerNormal
I1013 15:27:50.372581 24943 thread.cpp:96] Thread 1048576 construct Actor kNormalForward 2199023255808
I1013 15:27:50.372617 24943 runtime_context.cpp:29] DecreaseCounter constructing_actor_cnt, current val is 7
I1013 15:27:50.372799 24943 naive_actor.cpp:25] actor 2199023255815 switch to &NaiveActor::HandlerNormal
I1013 15:27:50.372821 24943 thread.cpp:96] Thread 1048576 construct Actor kDeviceTick 2199023255815
I1013 15:27:50.372854 24943 runtime_context.cpp:29] DecreaseCounter constructing_actor_cnt, current val is 6
I1013 15:27:50.373025 24943 naive_actor.cpp:25] actor 2199023255811 switch to &NaiveActor::HandlerNormal
I1013 15:27:50.373046 24943 thread.cpp:96] Thread 1048576 construct Actor kNormalForward 2199023255811
I1013 15:27:50.373081 24943 runtime_context.cpp:29] DecreaseCounter constructing_actor_cnt, current val is 5
I1013 15:27:50.373250 24943 naive_actor.cpp:25] actor 2199023255812 switch to &NaiveActor::HandlerNormal
I1013 15:27:50.373270 24943 thread.cpp:96] Thread 1048576 construct Actor kNormalForward 2199023255812
I1013 15:27:50.373306 24943 runtime_context.cpp:29] DecreaseCounter constructing_actor_cnt, current val is 4
I1013 15:27:50.373476 24943 naive_actor.cpp:25] actor 2199023255810 switch to &NaiveActor::HandlerNormal
I1013 15:27:50.373497 24943 thread.cpp:96] Thread 1048576 construct Actor kNormalForward 2199023255810
I1013 15:27:50.373533 24943 runtime_context.cpp:29] DecreaseCounter constructing_actor_cnt, current val is 3
I1013 15:27:50.373715 24943 naive_actor.cpp:25] actor 2199023255813 switch to &NaiveActor::HandlerNormal
I1013 15:27:50.373736 24943 thread.cpp:96] Thread 1048576 construct Actor kNormalForward 2199023255813
I1013 15:27:50.373771 24943 runtime_context.cpp:29] DecreaseCounter constructing_actor_cnt, current val is 2
I1013 15:27:50.373939 24943 naive_actor.cpp:25] actor 2199023255780 switch to &NaiveActor::HandlerNormal
I1013 15:27:50.373960 24943 thread.cpp:96] Thread 1048576 construct Actor kNormalForward 2199023255780
I1013 15:27:50.373993 24943 runtime_context.cpp:29] DecreaseCounter constructing_actor_cnt, current val is 1
I1013 15:27:50.375175 24943 naive_actor.cpp:25] actor 2199023255814 switch to &NaiveActor::HandlerNormal
I1013 15:27:50.375198 24943 thread.cpp:96] Thread 1048576 construct Actor kNormalForward 2199023255814
I1013 15:27:50.375322 24943 runtime_context.cpp:29] DecreaseCounter constructing_actor_cnt, current val is 0
I1013 15:27:50.375362 24304 runtime.cpp:93] Actors on this machine constructed
I1013 15:27:50.375396 24304 runtime.cpp:95] Actors on every machine constructed
I1013 15:27:50.375413 24304 runtime_context.cpp:21] NewCounter job_5_running_actor_count 41
I1013 15:27:50.375424 24304 runtime_context.cpp:21] NewCounter job_4_running_actor_count 16
I1013 15:27:50.375434 24304 runtime_context.cpp:21] NewCounter job_3_running_actor_count 51
I1013 15:27:50.375444 24304 runtime_context.cpp:21] NewCounter job_2_running_actor_count 51
I1013 15:27:50.375453 24304 runtime_context.cpp:21] NewCounter job_0_running_actor_count 179
I1013 15:27:50.375463 24304 runtime_context.cpp:21] NewCounter job_1_running_actor_count 50
I1013 15:27:50.375536 24930 wait_and_send_ids_actor.cpp:73] actor 1099616485376 switch to &WaitAndSendIdsActor::HandlerNormal
I1013 15:27:50.375658 24304 global.h:36] NewGlobal N7oneflow7JobDescE
I1013 15:27:50.402340 24304 global.h:43] DeleteGlobal N7oneflow7JobDescE
I1013 15:27:59.280184 24304 global.h:43] DeleteGlobal N7oneflow7OneflowE
I1013 15:27:59.280606 24929 actor.cpp:411] actor 1099614388283 switch to &Actor::HandlerZombie
I1013 15:27:59.280632 24930 actor.cpp:411] actor 1099616485376 switch to &Actor::HandlerZombie
I1013 15:27:59.280694 24929 actor.cpp:408] actor 1099614388284 switch to nullptr
I1013 15:27:59.280761 24929 thread.cpp:76] thread 524337 deconstruct actor 1099614388284
I1013 15:27:59.280782 24930 thread.cpp:76] thread 524338 deconstruct actor 1099616485376
I1013 15:27:59.281116 24930 runtime_context.cpp:29] DecreaseCounter job_5_running_actor_count, current val is 40
I1013 15:27:59.281141 24929 runtime_context.cpp:29] DecreaseCounter job_5_running_actor_count, current val is 39
I1013 15:27:59.281181 24929 actor.cpp:408] actor 1099614388297 switch to nullptr
I1013 15:27:59.281196 24929 thread.cpp:76] thread 524337 deconstruct actor 1099614388297
I1013 15:27:59.281320 24929 runtime_context.cpp:29] DecreaseCounter job_5_running_actor_count, current val is 38
I1013 15:27:59.281348 24929 actor.cpp:408] actor 1099614388305 switch to nullptr
I1013 15:27:59.281363 24929 thread.cpp:76] thread 524337 deconstruct actor 1099614388305
I1013 15:27:59.281477 24929 runtime_context.cpp:29] DecreaseCounter job_5_running_actor_count, current val is 37
I1013 15:27:59.281502 24929 actor.cpp:408] actor 1099614388301 switch to nullptr
I1013 15:27:59.281517 24929 thread.cpp:76] thread 524337 deconstruct actor 1099614388301
I1013 15:27:59.281637 24929 runtime_context.cpp:29] DecreaseCounter job_5_running_actor_count, current val is 36
I1013 15:27:59.281664 24929 actor.cpp:408] actor 1099614388309 switch to nullptr
I1013 15:27:59.281678 24929 thread.cpp:76] thread 524337 deconstruct actor 1099614388309
I1013 15:27:59.281806 24929 runtime_context.cpp:29] DecreaseCounter job_5_running_actor_count, current val is 35
I1013 15:27:59.281831 24929 actor.cpp:408] actor 1099614388285 switch to nullptr
I1013 15:27:59.281845 24929 thread.cpp:76] thread 524337 deconstruct actor 1099614388285
I1013 15:27:59.281955 24929 runtime_context.cpp:29] DecreaseCounter job_5_running_actor_count, current val is 34
I1013 15:27:59.281980 24929 actor.cpp:408] actor 1099614388289 switch to nullptr
I1013 15:27:59.281994 24929 thread.cpp:76] thread 524337 deconstruct actor 1099614388289
I1013 15:27:59.282104 24929 runtime_context.cpp:29] DecreaseCounter job_5_running_actor_count, current val is 33
I1013 15:27:59.282127 24929 actor.cpp:408] actor 1099614388293 switch to nullptr
I1013 15:27:59.282140 24929 thread.cpp:76] thread 524337 deconstruct actor 1099614388293
I1013 15:27:59.282246 24929 runtime_context.cpp:29] DecreaseCounter job_5_running_actor_count, current val is 32
I1013 15:27:59.282272 24929 actor.cpp:408] actor 1099614388298 switch to nullptr
I1013 15:27:59.282286 24929 thread.cpp:76] thread 524337 deconstruct actor 1099614388298
I1013 15:27:59.282392 24929 runtime_context.cpp:29] DecreaseCounter job_5_running_actor_count, current val is 31
I1013 15:27:59.282414 24929 actor.cpp:408] actor 1099614388306 switch to nullptr
I1013 15:27:59.282428 24929 thread.cpp:76] thread 524337 deconstruct actor 1099614388306
I1013 15:27:59.282527 24929 runtime_context.cpp:29] DecreaseCounter job_5_running_actor_count, current val is 30
I1013 15:27:59.282550 24929 actor.cpp:408] actor 1099614388302 switch to nullptr
I1013 15:27:59.282563 24929 thread.cpp:76] thread 524337 deconstruct actor 1099614388302
I1013 15:27:59.282685 24929 runtime_context.cpp:29] DecreaseCounter job_5_running_actor_count, current val is 29
I1013 15:27:59.282707 24929 actor.cpp:408] actor 1099614388310 switch to nullptr
I1013 15:27:59.282721 24929 thread.cpp:76] thread 524337 deconstruct actor 1099614388310
I1013 15:27:59.282817 24929 runtime_context.cpp:29] DecreaseCounter job_5_running_actor_count, current val is 28
I1013 15:27:59.282840 24929 actor.cpp:408] actor 1099614388286 switch to nullptr
I1013 15:27:59.282989 24929 thread.cpp:76] thread 524337 deconstruct actor 1099614388286
I1013 15:27:59.283121 24929 runtime_context.cpp:29] DecreaseCounter job_5_running_actor_count, current val is 27
I1013 15:27:59.283174 24929 actor.cpp:408] actor 1099614388290 switch to nullptr
I1013 15:27:59.283192 24929 thread.cpp:76] thread 524337 deconstruct actor 1099614388290
I1013 15:27:59.283308 24929 runtime_context.cpp:29] DecreaseCounter job_5_running_actor_count, current val is 26
I1013 15:27:59.283335 24929 actor.cpp:408] actor 1099614388294 switch to nullptr
I1013 15:27:59.283349 24929 thread.cpp:76] thread 524337 deconstruct actor 1099614388294
I1013 15:27:59.283457 24929 runtime_context.cpp:29] DecreaseCounter job_5_running_actor_count, current val is 25
I1013 15:27:59.283483 24929 actor.cpp:408] actor 1099614388254 switch to nullptr
I1013 15:27:59.283499 24929 thread.cpp:76] thread 524337 deconstruct actor 1099614388254
I1013 15:27:59.283627 24929 runtime_context.cpp:29] DecreaseCounter job_2_running_actor_count, current val is 50
I1013 15:27:59.283654 24929 actor.cpp:408] actor 1099614388271 switch to nullptr
I1013 15:27:59.283668 24929 thread.cpp:76] thread 524337 deconstruct actor 1099614388271
I1013 15:27:59.283779 24929 runtime_context.cpp:29] DecreaseCounter job_4_running_actor_count, current val is 15
I1013 15:27:59.283805 24929 actor.cpp:408] actor 1099614388263 switch to nullptr
I1013 15:27:59.283819 24929 thread.cpp:76] thread 524337 deconstruct actor 1099614388263
I1013 15:27:59.283926 24929 runtime_context.cpp:29] DecreaseCounter job_3_running_actor_count, current val is 50
I1013 15:27:59.283949 24929 actor.cpp:408] actor 1099614388279 switch to nullptr
I1013 15:27:59.283962 24929 thread.cpp:76] thread 524337 deconstruct actor 1099614388279
I1013 15:27:59.284061 24929 runtime_context.cpp:29] DecreaseCounter job_4_running_actor_count, current val is 14
I1013 15:27:59.284085 24929 actor.cpp:408] actor 1099614388228 switch to nullptr
I1013 15:27:59.284097 24929 thread.cpp:76] thread 524337 deconstruct actor 1099614388228
I1013 15:27:59.284205 24929 runtime_context.cpp:29] DecreaseCounter job_0_running_actor_count, current val is 178
I1013 15:27:59.284229 24929 actor.cpp:408] actor 1099614388236 switch to nullptr
I1013 15:27:59.284242 24929 thread.cpp:76] thread 524337 deconstruct actor 1099614388236
I1013 15:27:59.284355 24929 runtime_context.cpp:29] DecreaseCounter job_0_running_actor_count, current val is 177
I1013 15:27:59.284380 24929 actor.cpp:408] actor 1099614388245 switch to nullptr
I1013 15:27:59.284394 24929 thread.cpp:76] thread 524337 deconstruct actor 1099614388245
I1013 15:27:59.284507 24929 runtime_context.cpp:29] DecreaseCounter job_1_running_actor_count, current val is 49
I1013 15:27:59.284544 24929 actor.cpp:408] actor 1099614388251 switch to nullptr
I1013 15:27:59.284560 24929 thread.cpp:76] thread 524337 deconstruct actor 1099614388251
I1013 15:27:59.284655 24943 actor.cpp:408] actor 2199023255776 switch to nullptr
I1013 15:27:59.284689 24929 runtime_context.cpp:29] DecreaseCounter job_2_running_actor_count, current val is 49
I1013 15:27:59.284698 24943 thread.cpp:76] thread 1048576 deconstruct actor 2199023255776
I1013 15:27:59.284721 24929 actor.cpp:408] actor 1099614388268 switch to nullptr
I1013 15:27:59.284765 24929 thread.cpp:76] thread 524337 deconstruct actor 1099614388268
I1013 15:27:59.284860 24943 runtime_context.cpp:29] DecreaseCounter job_2_running_actor_count, current val is 48
I1013 15:27:59.284873 24929 runtime_context.cpp:29] DecreaseCounter job_4_running_actor_count, current val is 13
I1013 15:27:59.284914 24943 actor.cpp:408] actor 2199023255774 switch to nullptr
I1013 15:27:59.284919 24929 actor.cpp:408] actor 1099614388260 switch to nullptr
I1013 15:27:59.284936 24943 thread.cpp:76] thread 1048576 deconstruct actor 2199023255774
I1013 15:27:59.284955 24929 thread.cpp:76] thread 524337 deconstruct actor 1099614388260
I1013 15:27:59.285079 24943 runtime_context.cpp:29] DecreaseCounter job_2_running_actor_count, current val is 47
I1013 15:27:59.285092 24929 runtime_context.cpp:29] DecreaseCounter job_3_running_actor_count, current val is 49
I1013 15:27:59.285123 24943 actor.cpp:408] actor 2199023255773 switch to nullptr
I1013 15:27:59.285174 24929 actor.cpp:408] actor 1099614388277 switch to nullptr
I1013 15:27:59.285194 24943 thread.cpp:76] thread 1048576 deconstruct actor 2199023255773
I1013 15:27:59.285214 24929 thread.cpp:76] thread 524337 deconstruct actor 1099614388277
I1013 15:27:59.285320 24943 runtime_context.cpp:29] DecreaseCounter job_2_running_actor_count, current val is 46
I1013 15:27:59.285357 24943 actor.cpp:408] actor 2199023255770 switch to nullptr
I1013 15:27:59.285372 24943 thread.cpp:76] thread 1048576 deconstruct actor 2199023255770
I1013 15:27:59.285368 24929 runtime_context.cpp:29] DecreaseCounter job_4_running_actor_count, current val is 12
I1013 15:27:59.285414 24929 actor.cpp:408] actor 1099614388225 switch to nullptr
I1013 15:27:59.285429 24929 thread.cpp:76] thread 524337 deconstruct actor 1099614388225
I1013 15:27:59.285459 24943 runtime_context.cpp:29] DecreaseCounter job_2_running_actor_count, current val is 45
I1013 15:27:59.285490 24943 actor.cpp:408] actor 2199023255772 switch to nullptr
I1013 15:27:59.285501 24943 thread.cpp:76] thread 1048576 deconstruct actor 2199023255772
I1013 15:27:59.285549 24929 runtime_context.cpp:29] DecreaseCounter job_0_running_actor_count, current val is 176
I1013 15:27:59.285588 24929 actor.cpp:408] actor 1099614388234 switch to nullptr
I1013 15:27:59.285595 24943 runtime_context.cpp:29] DecreaseCounter job_2_running_actor_count, current val is 44
I1013 15:27:59.285602 24929 thread.cpp:76] thread 524337 deconstruct actor 1099614388234
I1013 15:27:59.285634 24943 actor.cpp:408] actor 2199023255768 switch to nullptr
I1013 15:27:59.285650 24943 thread.cpp:76] thread 1048576 deconstruct actor 2199023255768
I1013 15:27:59.285737 24929 runtime_context.cpp:29] DecreaseCounter job_0_running_actor_count, current val is 175
I1013 15:27:59.285737 24943 runtime_context.cpp:29] DecreaseCounter job_2_running_actor_count, current val is 43
I1013 15:27:59.285774 24929 actor.cpp:408] actor 1099614388242 switch to nullptr
I1013 15:27:59.285810 24929 thread.cpp:76] thread 524337 deconstruct actor 1099614388242
I1013 15:27:59.285811 24943 actor.cpp:408] actor 2199023255767 switch to nullptr
I1013 15:27:59.285841 24943 thread.cpp:76] thread 1048576 deconstruct actor 2199023255767
I1013 15:27:59.285928 24943 runtime_context.cpp:29] DecreaseCounter job_2_running_actor_count, current val is 42
I1013 15:27:59.285933 24929 runtime_context.cpp:29] DecreaseCounter job_1_running_actor_count, current val is 48
I1013 15:27:59.285964 24943 actor.cpp:408] actor 2199023255766 switch to nullptr
I1013 15:27:59.285980 24929 actor.cpp:411] actor 1099614388255 switch to &Actor::HandlerZombie
I1013 15:27:59.285980 24943 thread.cpp:76] thread 1048576 deconstruct actor 2199023255766
I1013 15:27:59.286024 24929 actor.cpp:408] actor 1099614388250 switch to nullptr
I1013 15:27:59.286042 24929 thread.cpp:76] thread 524337 deconstruct actor 1099614388250
I1013 15:27:59.286094 24943 runtime_context.cpp:29] DecreaseCounter job_2_running_actor_count, current val is 41
I1013 15:27:59.286128 24943 actor.cpp:408] actor 2199023255765 switch to nullptr
I1013 15:27:59.286130 24922 actor.cpp:408] actor 1099543085056 switch to nullptr
I1013 15:27:59.286129 24921 actor.cpp:408] actor 1099540987904 switch to nullptr
I1013 15:27:59.286155 24923 actor.cpp:411] actor 1099545182208 switch to &Actor::HandlerZombie
I1013 15:27:59.286188 24943 thread.cpp:76] thread 1048576 deconstruct actor 2199023255765
I1013 15:27:59.286319 24923 thread.cpp:76] thread 524304 deconstruct actor 1099545182208
I1013 15:27:59.286209 24922 thread.cpp:76] thread 524303 deconstruct actor 1099543085056
I1013 15:27:59.286257 24945 actor.cpp:408] actor 2199025352709 switch to nullptr
I1013 15:27:59.286273 24921 thread.cpp:76] thread 524302 deconstruct actor 1099540987904
I1013 15:27:59.286155 24929 runtime_context.cpp:29] DecreaseCounter job_2_running_actor_count, current val is 40
I1013 15:27:59.286402 24943 runtime_context.cpp:29] DecreaseCounter job_2_running_actor_count, current val is 39
I1013 15:27:59.286528 24922 runtime_context.cpp:29] DecreaseCounter job_2_running_actor_count, current val is 37
I1013 15:27:59.286489 24923 runtime_context.cpp:29] DecreaseCounter job_2_running_actor_count, current val is 38
I1013 15:27:59.286490 24929 actor.cpp:411] actor 1099614388272 switch to &Actor::HandlerZombie
I1013 15:27:59.286434 24945 thread.cpp:76] thread 1048577 deconstruct actor 2199025352709
I1013 15:27:59.286561 24943 actor.cpp:408] actor 2199023255764 switch to nullptr
I1013 15:27:59.286723 24943 thread.cpp:76] thread 1048576 deconstruct actor 2199023255764
I1013 15:27:59.286679 24929 actor.cpp:408] actor 1099614388267 switch to nullptr
I1013 15:27:59.286665 24921 runtime_context.cpp:29] DecreaseCounter job_2_running_actor_count, current val is 36
I1013 15:27:59.286814 24943 runtime_context.cpp:29] DecreaseCounter job_2_running_actor_count, current val is 34
I1013 15:27:59.286782 24945 runtime_context.cpp:29] DecreaseCounter job_2_running_actor_count, current val is 35
I1013 15:27:59.286787 24929 thread.cpp:76] thread 524337 deconstruct actor 1099614388267
I1013 15:27:59.286778 24927 actor.cpp:411] actor 1099553570816 switch to &Actor::HandlerZombie
I1013 15:27:59.286777 24928 actor.cpp:411] actor 1099555667968 switch to &Actor::HandlerZombie
I1013 15:27:59.286864 24943 actor.cpp:408] actor 2199023255763 switch to nullptr
I1013 15:27:59.286993 24943 thread.cpp:76] thread 1048576 deconstruct actor 2199023255763
I1013 15:27:59.286990 24929 runtime_context.cpp:29] DecreaseCounter job_4_running_actor_count, current val is 11
I1013 15:27:59.287037 24929 actor.cpp:411] actor 1099614388264 switch to &Actor::HandlerZombie
I1013 15:27:59.287079 24929 actor.cpp:408] actor 1099614388259 switch to nullptr
I1013 15:27:59.287088 24943 runtime_context.cpp:29] DecreaseCounter job_2_running_actor_count, current val is 33
I1013 15:27:59.287093 24929 thread.cpp:76] thread 524337 deconstruct actor 1099614388259
I1013 15:27:59.287127 24925 actor.cpp:408] actor 1099549376512 switch to nullptr
I1013 15:27:59.287133 24943 actor.cpp:408] actor 2199023255762 switch to nullptr
I1013 15:27:59.287161 24925 thread.cpp:76] thread 524306 deconstruct actor 1099549376512
I1013 15:27:59.287179 24943 thread.cpp:76] thread 1048576 deconstruct actor 2199023255762
I1013 15:27:59.287201 24926 actor.cpp:411] actor 1099551473664 switch to &Actor::HandlerZombie
I1013 15:27:59.287210 24945 actor.cpp:408] actor 2199025352710 switch to nullptr
I1013 15:27:59.287281 24943 runtime_context.cpp:29] DecreaseCounter job_2_running_actor_count, current val is 32
I1013 15:27:59.287235 24929 runtime_context.cpp:29] DecreaseCounter job_3_running_actor_count, current val is 48
I1013 15:27:59.287318 24943 actor.cpp:408] actor 2199023255761 switch to nullptr
I1013 15:27:59.287322 24925 runtime_context.cpp:29] DecreaseCounter job_3_running_actor_count, current val is 47
I1013 15:27:59.287286 24945 thread.cpp:76] thread 1048577 deconstruct actor 2199025352710
I1013 15:27:59.287257 24926 thread.cpp:76] thread 524307 deconstruct actor 1099551473664
I1013 15:27:59.287333 24929 actor.cpp:411] actor 1099614388280 switch to &Actor::HandlerZombie
I1013 15:27:59.287338 24943 thread.cpp:76] thread 1048576 deconstruct actor 2199023255761
I1013 15:27:59.287437 24929 actor.cpp:408] actor 1099614388275 switch to nullptr
I1013 15:27:59.287441 24928 thread.cpp:76] thread 524309 deconstruct actor 1099555667968
I1013 15:27:59.287176 24924 actor.cpp:408] actor 1099547279360 switch to nullptr
I1013 15:27:59.287456 24945 runtime_context.cpp:29] DecreaseCounter job_3_running_actor_count, current val is 46
I1013 15:27:59.287457 24929 thread.cpp:76] thread 524337 deconstruct actor 1099614388275
I1013 15:27:59.287490 24927 thread.cpp:76] thread 524308 deconstruct actor 1099553570816
I1013 15:27:59.287523 24943 runtime_context.cpp:29] DecreaseCounter job_2_running_actor_count, current val is 31
I1013 15:27:59.287526 24924 thread.cpp:76] thread 524305 deconstruct actor 1099547279360
I1013 15:27:59.287544 24926 runtime_context.cpp:29] DecreaseCounter job_3_running_actor_count, current val is 45
I1013 15:27:59.287600 24928 runtime_context.cpp:29] DecreaseCounter job_4_running_actor_count, current val is 10
I1013 15:27:59.287691 24929 runtime_context.cpp:29] DecreaseCounter job_4_running_actor_count, current val is 9
I1013 15:27:59.287701 24943 actor.cpp:408] actor 2199023255760 switch to nullptr
I1013 15:27:59.287930 24943 thread.cpp:76] thread 1048576 deconstruct actor 2199023255760
I1013 15:27:59.287912 24929 actor.cpp:411] actor 1099614388229 switch to &Actor::HandlerZombie
I1013 15:27:59.287786 24927 runtime_context.cpp:29] DecreaseCounter job_4_running_actor_count, current val is 8
I1013 15:27:59.287986 24929 actor.cpp:408] actor 1099614388224 switch to nullptr
I1013 15:27:59.287993 24924 runtime_context.cpp:29] DecreaseCounter job_3_running_actor_count, current val is 44
I1013 15:27:59.288024 24943 runtime_context.cpp:29] DecreaseCounter job_2_running_actor_count, current val is 30
I1013 15:27:59.288007 24929 thread.cpp:76] thread 524337 deconstruct actor 1099614388224
I1013 15:27:59.288066 24943 actor.cpp:408] actor 2199023255759 switch to nullptr
I1013 15:27:59.288082 24943 thread.cpp:76] thread 1048576 deconstruct actor 2199023255759
I1013 15:27:59.288090 24913 actor.cpp:408] actor 1099524210688 switch to nullptr
I1013 15:27:59.288163 24945 actor.cpp:408] actor 2199025352704 switch to nullptr
I1013 15:27:59.288197 24945 thread.cpp:76] thread 1048577 deconstruct actor 2199025352704
I1013 15:27:59.288177 24913 thread.cpp:76] thread 524294 deconstruct actor 1099524210688
I1013 15:27:59.288204 24911 actor.cpp:408] actor 1099520016384 switch to nullptr
I1013 15:27:59.288283 24943 runtime_context.cpp:29] DecreaseCounter job_2_running_actor_count, current val is 29
I1013 15:27:59.288256 24908 actor.cpp:408] actor 1099513724928 switch to nullptr
I1013 15:27:59.288267 24916 actor.cpp:411] actor 1099530502144 switch to &Actor::HandlerZombie
I1013 15:27:59.288271 24929 runtime_context.cpp:29] DecreaseCounter job_0_running_actor_count, current val is 174
I1013 15:27:59.288496 24917 actor.cpp:408] actor 1099532599296 switch to nullptr
I1013 15:27:59.288345 24911 thread.cpp:76] thread 524292 deconstruct actor 1099520016384
I1013 15:27:59.288287 24914 actor.cpp:408] actor 1099526307840 switch to nullptr
