I1013 17:46:51.203323 41989 thread.cpp:96] Thread 1052672 construct Actor kNormalForward 2207613190428
I1013 17:46:51.203405 41989 runtime_context.cpp:29] DecreaseCounter constructing_actor_cnt, current val is 24
I1013 17:46:51.203600 41989 naive_actor.cpp:25] actor 2207613190430 switch to &NaiveActor::HandlerNormal
I1013 17:46:51.203627 41989 thread.cpp:96] Thread 1052672 construct Actor kNormalForward 2207613190430
I1013 17:46:51.203658 41989 runtime_context.cpp:29] DecreaseCounter constructing_actor_cnt, current val is 23
I1013 17:46:51.203830 41989 naive_actor.cpp:25] actor 2207613190429 switch to &NaiveActor::HandlerNormal
I1013 17:46:51.203861 41989 thread.cpp:96] Thread 1052672 construct Actor kNormalForward 2207613190429
I1013 17:46:51.203892 41989 runtime_context.cpp:29] DecreaseCounter constructing_actor_cnt, current val is 22
I1013 17:46:51.204062 41989 naive_actor.cpp:25] actor 2207613190432 switch to &NaiveActor::HandlerNormal
I1013 17:46:51.204104 41989 thread.cpp:96] Thread 1052672 construct Actor kNormalForward 2207613190432
I1013 17:46:51.204135 41989 runtime_context.cpp:29] DecreaseCounter constructing_actor_cnt, current val is 21
I1013 17:46:51.204313 41989 naive_actor.cpp:25] actor 2207613190433 switch to &NaiveActor::HandlerNormal
I1013 17:46:51.204341 41989 thread.cpp:96] Thread 1052672 construct Actor kNormalForward 2207613190433
I1013 17:46:51.204371 41989 runtime_context.cpp:29] DecreaseCounter constructing_actor_cnt, current val is 20
I1013 17:46:51.204535 41989 naive_actor.cpp:25] actor 2207613190435 switch to &NaiveActor::HandlerNormal
I1013 17:46:51.204563 41989 thread.cpp:96] Thread 1052672 construct Actor kNormalForward 2207613190435
I1013 17:46:51.204600 41989 runtime_context.cpp:29] DecreaseCounter constructing_actor_cnt, current val is 19
I1013 17:46:51.204782 41989 naive_actor.cpp:25] actor 2207613190431 switch to &NaiveActor::HandlerNormal
I1013 17:46:51.204814 41989 thread.cpp:96] Thread 1052672 construct Actor kNormalForward 2207613190431
I1013 17:46:51.204850 41989 runtime_context.cpp:29] DecreaseCounter constructing_actor_cnt, current val is 18
I1013 17:46:51.205024 41989 naive_actor.cpp:25] actor 2207613190436 switch to &NaiveActor::HandlerNormal
I1013 17:46:51.205055 41989 thread.cpp:96] Thread 1052672 construct Actor kNormalForward 2207613190436
I1013 17:46:51.205086 41989 runtime_context.cpp:29] DecreaseCounter constructing_actor_cnt, current val is 17
I1013 17:46:51.205262 41989 naive_actor.cpp:25] actor 2207613190434 switch to &NaiveActor::HandlerNormal
I1013 17:46:51.205299 41989 thread.cpp:96] Thread 1052672 construct Actor kNormalForward 2207613190434
I1013 17:46:51.205329 41989 runtime_context.cpp:29] DecreaseCounter constructing_actor_cnt, current val is 16
I1013 17:46:51.205507 41989 naive_actor.cpp:25] actor 2207613190448 switch to &NaiveActor::HandlerNormal
I1013 17:46:51.205535 41989 thread.cpp:96] Thread 1052672 construct Actor kNormalForward 2207613190448
I1013 17:46:51.205572 41989 runtime_context.cpp:29] DecreaseCounter constructing_actor_cnt, current val is 15
I1013 17:46:51.205742 41989 naive_actor.cpp:25] actor 2207613190417 switch to &NaiveActor::HandlerNormal
I1013 17:46:51.205770 41989 thread.cpp:96] Thread 1052672 construct Actor kNormalForward 2207613190417
I1013 17:46:51.205801 41989 runtime_context.cpp:29] DecreaseCounter constructing_actor_cnt, current val is 14
I1013 17:46:51.205993 41989 naive_actor.cpp:25] actor 2207613190445 switch to &NaiveActor::HandlerNormal
I1013 17:46:51.206022 41989 thread.cpp:96] Thread 1052672 construct Actor kNormalForward 2207613190445
I1013 17:46:51.206053 41989 runtime_context.cpp:29] DecreaseCounter constructing_actor_cnt, current val is 13
I1013 17:46:51.206221 41989 naive_actor.cpp:25] actor 2207613190446 switch to &NaiveActor::HandlerNormal
I1013 17:46:51.206250 41989 thread.cpp:96] Thread 1052672 construct Actor kNormalForward 2207613190446
I1013 17:46:51.206281 41989 runtime_context.cpp:29] DecreaseCounter constructing_actor_cnt, current val is 12
I1013 17:46:51.206456 41989 naive_actor.cpp:25] actor 2207613190438 switch to &NaiveActor::HandlerNormal
I1013 17:46:51.206509 41989 thread.cpp:96] Thread 1052672 construct Actor kNormalForward 2207613190438
I1013 17:46:51.206562 41989 runtime_context.cpp:29] DecreaseCounter constructing_actor_cnt, current val is 11
I1013 17:46:51.206753 41989 naive_actor.cpp:25] actor 2207613190444 switch to &NaiveActor::HandlerNormal
I1013 17:46:51.206784 41989 thread.cpp:96] Thread 1052672 construct Actor kNormalForward 2207613190444
I1013 17:46:51.206815 41989 runtime_context.cpp:29] DecreaseCounter constructing_actor_cnt, current val is 10
I1013 17:46:51.206984 41989 naive_actor.cpp:25] actor 2207613190419 switch to &NaiveActor::HandlerNormal
I1013 17:46:51.207011 41989 thread.cpp:96] Thread 1052672 construct Actor kNormalForward 2207613190419
I1013 17:46:51.207056 41989 runtime_context.cpp:29] DecreaseCounter constructing_actor_cnt, current val is 9
I1013 17:46:51.207231 41989 naive_actor.cpp:25] actor 2207613190442 switch to &NaiveActor::HandlerNormal
I1013 17:46:51.207257 41989 thread.cpp:96] Thread 1052672 construct Actor kNormalForward 2207613190442
I1013 17:46:51.207299 41989 runtime_context.cpp:29] DecreaseCounter constructing_actor_cnt, current val is 8
I1013 17:46:51.207479 41989 naive_actor.cpp:25] actor 2207613190452 switch to &NaiveActor::HandlerNormal
I1013 17:46:51.207509 41989 thread.cpp:96] Thread 1052672 construct Actor kDeviceTick 2207613190452
I1013 17:46:51.207556 41989 runtime_context.cpp:29] DecreaseCounter constructing_actor_cnt, current val is 7
I1013 17:46:51.207749 41989 naive_actor.cpp:25] actor 2207613190447 switch to &NaiveActor::HandlerNormal
I1013 17:46:51.207777 41989 thread.cpp:96] Thread 1052672 construct Actor kNormalForward 2207613190447
I1013 17:46:51.207808 41989 runtime_context.cpp:29] DecreaseCounter constructing_actor_cnt, current val is 6
I1013 17:46:51.207991 41989 naive_actor.cpp:25] actor 2207613190450 switch to &NaiveActor::HandlerNormal
I1013 17:46:51.208031 41989 thread.cpp:96] Thread 1052672 construct Actor kNormalForward 2207613190450
I1013 17:46:51.208068 41989 runtime_context.cpp:29] DecreaseCounter constructing_actor_cnt, current val is 5
I1013 17:46:51.209317 41989 naive_actor.cpp:25] actor 2207613190451 switch to &NaiveActor::HandlerNormal
I1013 17:46:51.209352 41989 thread.cpp:96] Thread 1052672 construct Actor kNormalForward 2207613190451
I1013 17:46:51.209445 41989 runtime_context.cpp:29] DecreaseCounter constructing_actor_cnt, current val is 4
I1013 17:46:51.209647 41989 naive_actor.cpp:25] actor 2207613190437 switch to &NaiveActor::HandlerNormal
I1013 17:46:51.209677 41989 thread.cpp:96] Thread 1052672 construct Actor kNormalForward 2207613190437
I1013 17:46:51.209710 41989 runtime_context.cpp:29] DecreaseCounter constructing_actor_cnt, current val is 3
I1013 17:46:51.209883 41989 naive_actor.cpp:25] actor 2207613190441 switch to &NaiveActor::HandlerNormal
I1013 17:46:51.209913 41989 thread.cpp:96] Thread 1052672 construct Actor kNormalForward 2207613190441
I1013 17:46:51.209944 41989 runtime_context.cpp:29] DecreaseCounter constructing_actor_cnt, current val is 2
I1013 17:46:51.210125 41989 naive_actor.cpp:25] actor 2207613190440 switch to &NaiveActor::HandlerNormal
I1013 17:46:51.210155 41989 thread.cpp:96] Thread 1052672 construct Actor kNormalForward 2207613190440
I1013 17:46:51.210186 41989 runtime_context.cpp:29] DecreaseCounter constructing_actor_cnt, current val is 1
I1013 17:46:51.210366 41989 naive_actor.cpp:25] actor 2207613190449 switch to &NaiveActor::HandlerNormal
I1013 17:46:51.210393 41989 thread.cpp:96] Thread 1052672 construct Actor kNormalForward 2207613190449
I1013 17:46:51.210427 41989 runtime_context.cpp:29] DecreaseCounter constructing_actor_cnt, current val is 0
I1013 17:46:51.213541 41385 runtime.cpp:93] Actors on this machine constructed
I1013 17:46:51.213660 41385 runtime.cpp:95] Actors on every machine constructed
I1013 17:46:51.213682 41385 runtime_context.cpp:21] NewCounter job_5_running_actor_count 41
I1013 17:46:51.213713 41385 runtime_context.cpp:21] NewCounter job_4_running_actor_count 22
I1013 17:46:51.213726 41385 runtime_context.cpp:21] NewCounter job_3_running_actor_count 91
I1013 17:46:51.213783 41385 runtime_context.cpp:21] NewCounter job_2_running_actor_count 91
I1013 17:46:51.213799 41385 runtime_context.cpp:21] NewCounter job_0_running_actor_count 435
I1013 17:46:51.213827 41385 runtime_context.cpp:21] NewCounter job_1_running_actor_count 89
I1013 17:46:51.213881 41973 wait_and_send_ids_actor.cpp:73] actor 1099616485376 switch to &WaitAndSendIdsActor::HandlerNormal
I1013 17:46:51.214074 41385 global.h:36] NewGlobal N7oneflow7JobDescE
I1013 17:46:51.237248 41385 global.h:43] DeleteGlobal N7oneflow7JobDescE
I1013 17:46:51.703436 41989 local.cpp:114] waiting for key: eager_nccl_unique_id_rpc_key,0:0,0:1
I1013 17:46:51.723279 41976 eager_nccl_comm_manager.cpp:69]  EagerNcclCommMgr::ncclCommInitRank device_vec.size() = 2, nccl_unique_id = 0200ffffff9affffffbe0b0b010e000000000000000000000000000000000000000000000000000000000000000000000000000000000000000000000000000000000000000000000000000000000000000000000000000000000000000000000000000000000000000000000000000000000000000000000000000000000000000000000000, rank = 0, key = {eager_nccl_unique_id_rpc_key,0:0,0:1}
I1013 17:46:51.723304 41989 eager_nccl_comm_manager.cpp:69]  EagerNcclCommMgr::ncclCommInitRank device_vec.size() = 2, nccl_unique_id = 0200ffffff9affffffbe0b0b010e000000000000000000000000000000000000000000000000000000000000000000000000000000000000000000000000000000000000000000000000000000000000000000000000000000000000000000000000000000000000000000000000000000000000000000000000000000000000000000000000, rank = 1, key = {eager_nccl_unique_id_rpc_key,0:0,0:1}
I1013 17:47:14.838165 41385 global.h:43] DeleteGlobal N7oneflow7OneflowE
I1013 17:47:14.838606 41973 actor.cpp:411] actor 1099616485376 switch to &Actor::HandlerZombie
I1013 17:47:14.838644 41972 actor.cpp:411] actor 1099614388294 switch to &Actor::HandlerZombie
I1013 17:47:14.838735 41973 thread.cpp:76] thread 524338 deconstruct actor 1099616485376
I1013 17:47:14.838747 41972 actor.cpp:408] actor 1099614388295 switch to nullptr
I1013 17:47:14.838771 41972 thread.cpp:76] thread 524337 deconstruct actor 1099614388295
I1013 17:47:14.839030 41973 runtime_context.cpp:29] DecreaseCounter job_5_running_actor_count, current val is 40
I1013 17:47:14.839308 41972 runtime_context.cpp:29] DecreaseCounter job_5_running_actor_count, current val is 39
I1013 17:47:14.839345 41972 actor.cpp:408] actor 1099614388320 switch to nullptr
I1013 17:47:14.839363 41972 thread.cpp:76] thread 524337 deconstruct actor 1099614388320
I1013 17:47:14.839579 41972 runtime_context.cpp:29] DecreaseCounter job_5_running_actor_count, current val is 38
I1013 17:47:14.839613 41972 actor.cpp:408] actor 1099614388300 switch to nullptr
I1013 17:47:14.839629 41972 thread.cpp:76] thread 524337 deconstruct actor 1099614388300
I1013 17:47:14.839828 41972 runtime_context.cpp:29] DecreaseCounter job_5_running_actor_count, current val is 37
I1013 17:47:14.839859 41972 actor.cpp:408] actor 1099614388296 switch to nullptr
I1013 17:47:14.839874 41972 thread.cpp:76] thread 524337 deconstruct actor 1099614388296
I1013 17:47:14.840060 41972 runtime_context.cpp:29] DecreaseCounter job_5_running_actor_count, current val is 36
I1013 17:47:14.840090 41972 actor.cpp:408] actor 1099614388304 switch to nullptr
I1013 17:47:14.840106 41972 thread.cpp:76] thread 524337 deconstruct actor 1099614388304
I1013 17:47:14.840281 41972 runtime_context.cpp:29] DecreaseCounter job_5_running_actor_count, current val is 35
I1013 17:47:14.840306 41972 actor.cpp:408] actor 1099614388308 switch to nullptr
I1013 17:47:14.840322 41972 thread.cpp:76] thread 524337 deconstruct actor 1099614388308
I1013 17:47:14.840497 41972 runtime_context.cpp:29] DecreaseCounter job_5_running_actor_count, current val is 34
I1013 17:47:14.840523 41972 actor.cpp:408] actor 1099614388312 switch to nullptr
I1013 17:47:14.840538 41972 thread.cpp:76] thread 524337 deconstruct actor 1099614388312
I1013 17:47:14.840754 41972 runtime_context.cpp:29] DecreaseCounter job_5_running_actor_count, current val is 33
I1013 17:47:14.840788 41972 actor.cpp:408] actor 1099614388316 switch to nullptr
I1013 17:47:14.840860 41972 thread.cpp:76] thread 524337 deconstruct actor 1099614388316
I1013 17:47:14.841089 41972 runtime_context.cpp:29] DecreaseCounter job_5_running_actor_count, current val is 32
I1013 17:47:14.841147 41972 actor.cpp:408] actor 1099614388321 switch to nullptr
I1013 17:47:14.841166 41972 thread.cpp:76] thread 524337 deconstruct actor 1099614388321
I1013 17:47:14.841351 41972 runtime_context.cpp:29] DecreaseCounter job_5_running_actor_count, current val is 31
I1013 17:47:14.841382 41972 actor.cpp:408] actor 1099614388301 switch to nullptr
I1013 17:47:14.841398 41972 thread.cpp:76] thread 524337 deconstruct actor 1099614388301
I1013 17:47:14.841594 41972 runtime_context.cpp:29] DecreaseCounter job_5_running_actor_count, current val is 30
I1013 17:47:14.841624 41972 actor.cpp:408] actor 1099614388297 switch to nullptr
I1013 17:47:14.841639 41972 thread.cpp:76] thread 524337 deconstruct actor 1099614388297
I1013 17:47:14.841799 41972 runtime_context.cpp:29] DecreaseCounter job_5_running_actor_count, current val is 29
I1013 17:47:14.841826 41972 actor.cpp:408] actor 1099614388305 switch to nullptr
I1013 17:47:14.841842 41972 thread.cpp:76] thread 524337 deconstruct actor 1099614388305
I1013 17:47:14.841995 41972 runtime_context.cpp:29] DecreaseCounter job_5_running_actor_count, current val is 28
I1013 17:47:14.842020 41972 actor.cpp:408] actor 1099614388309 switch to nullptr
I1013 17:47:14.842036 41972 thread.cpp:76] thread 524337 deconstruct actor 1099614388309
I1013 17:47:14.842202 41972 runtime_context.cpp:29] DecreaseCounter job_5_running_actor_count, current val is 27
I1013 17:47:14.842227 41972 actor.cpp:408] actor 1099614388313 switch to nullptr
I1013 17:47:14.842243 41972 thread.cpp:76] thread 524337 deconstruct actor 1099614388313
I1013 17:47:14.842422 41972 runtime_context.cpp:29] DecreaseCounter job_5_running_actor_count, current val is 26
I1013 17:47:14.842449 41972 actor.cpp:408] actor 1099614388317 switch to nullptr
I1013 17:47:14.842465 41972 thread.cpp:76] thread 524337 deconstruct actor 1099614388317
I1013 17:47:14.842635 41972 runtime_context.cpp:29] DecreaseCounter job_5_running_actor_count, current val is 25
I1013 17:47:14.842669 41972 actor.cpp:408] actor 1099614388290 switch to nullptr
I1013 17:47:14.842684 41972 thread.cpp:76] thread 524337 deconstruct actor 1099614388290
I1013 17:47:14.842857 41972 runtime_context.cpp:29] DecreaseCounter job_4_running_actor_count, current val is 21
I1013 17:47:14.842882 41972 actor.cpp:408] actor 1099614388242 switch to nullptr
I1013 17:47:14.842898 41972 thread.cpp:76] thread 524337 deconstruct actor 1099614388242
I1013 17:47:14.843060 41972 runtime_context.cpp:29] DecreaseCounter job_0_running_actor_count, current val is 434
I1013 17:47:14.843087 41972 actor.cpp:408] actor 1099614388232 switch to nullptr
I1013 17:47:14.843106 41972 thread.cpp:76] thread 524337 deconstruct actor 1099614388232
I1013 17:47:14.843274 41972 runtime_context.cpp:29] DecreaseCounter job_0_running_actor_count, current val is 433
I1013 17:47:14.843304 41972 actor.cpp:408] actor 1099614388251 switch to nullptr
I1013 17:47:14.843320 41972 thread.cpp:76] thread 524337 deconstruct actor 1099614388251
I1013 17:47:14.843492 41972 runtime_context.cpp:29] DecreaseCounter job_1_running_actor_count, current val is 88
I1013 17:47:14.843523 41972 actor.cpp:408] actor 1099614388260 switch to nullptr
I1013 17:47:14.843537 41972 thread.cpp:76] thread 524337 deconstruct actor 1099614388260
I1013 17:47:14.843706 41972 runtime_context.cpp:29] DecreaseCounter job_2_running_actor_count, current val is 90
I1013 17:47:14.843739 41972 actor.cpp:408] actor 1099614388269 switch to nullptr
I1013 17:47:14.843755 41972 thread.cpp:76] thread 524337 deconstruct actor 1099614388269
I1013 17:47:14.843926 41972 runtime_context.cpp:29] DecreaseCounter job_3_running_actor_count, current val is 90
I1013 17:47:14.843951 41972 actor.cpp:408] actor 1099614388278 switch to nullptr
I1013 17:47:14.843967 41972 thread.cpp:76] thread 524337 deconstruct actor 1099614388278
I1013 17:47:14.844332 41972 runtime_context.cpp:29] DecreaseCounter job_4_running_actor_count, current val is 20
I1013 17:47:14.844375 41972 actor.cpp:408] actor 1099614388288 switch to nullptr
I1013 17:47:14.844393 41972 thread.cpp:76] thread 524337 deconstruct actor 1099614388288
I1013 17:47:14.844563 41972 runtime_context.cpp:29] DecreaseCounter job_4_running_actor_count, current val is 19
I1013 17:47:14.844609 41972 actor.cpp:408] actor 1099614388240 switch to nullptr
I1013 17:47:14.844626 41972 thread.cpp:76] thread 524337 deconstruct actor 1099614388240
I1013 17:47:14.844808 41972 runtime_context.cpp:29] DecreaseCounter job_0_running_actor_count, current val is 432
I1013 17:47:14.844859 41972 actor.cpp:408] actor 1099614388227 switch to nullptr
I1013 17:47:14.844877 41972 thread.cpp:76] thread 524337 deconstruct actor 1099614388227
I1013 17:47:14.845016 41989 actor.cpp:408] actor 2207613190313 switch to nullptr
I1013 17:47:14.845027 41976 actor.cpp:408] actor 2199023255721 switch to nullptr
I1013 17:47:14.845073 41972 runtime_context.cpp:29] DecreaseCounter job_0_running_actor_count, current val is 431
I1013 17:47:14.845074 41989 thread.cpp:76] thread 1052672 deconstruct actor 2207613190313
I1013 17:47:14.845116 41976 thread.cpp:76] thread 1048576 deconstruct actor 2199023255721
I1013 17:47:14.845153 41972 actor.cpp:408] actor 1099614388248 switch to nullptr
I1013 17:47:14.845213 41972 thread.cpp:76] thread 524337 deconstruct actor 1099614388248
I1013 17:47:14.845391 41989 runtime_context.cpp:29] DecreaseCounter job_0_running_actor_count, current val is 430
I1013 17:47:14.845412 41976 runtime_context.cpp:29] DecreaseCounter job_0_running_actor_count, current val is 429
I1013 17:47:14.845422 41972 runtime_context.cpp:29] DecreaseCounter job_1_running_actor_count, current val is 87
I1013 17:47:14.845460 41976 actor.cpp:408] actor 2199023255710 switch to nullptr
I1013 17:47:14.845481 41976 thread.cpp:76] thread 1048576 deconstruct actor 2199023255710
I1013 17:47:14.845453 41989 actor.cpp:408] actor 2207613190302 switch to nullptr
I1013 17:47:14.845482 41972 actor.cpp:408] actor 1099614388257 switch to nullptr
I1013 17:47:14.845520 41989 thread.cpp:76] thread 1052672 deconstruct actor 2207613190302
I1013 17:47:14.845538 41972 thread.cpp:76] thread 524337 deconstruct actor 1099614388257
I1013 17:47:14.845597 41976 runtime_context.cpp:29] DecreaseCounter job_0_running_actor_count, current val is 428
I1013 17:47:14.845629 41976 actor.cpp:408] actor 2199023255708 switch to nullptr
I1013 17:47:14.845641 41976 thread.cpp:76] thread 1048576 deconstruct actor 2199023255708
I1013 17:47:14.845738 41976 runtime_context.cpp:29] DecreaseCounter job_0_running_actor_count, current val is 426
I1013 17:47:14.845744 41989 runtime_context.cpp:29] DecreaseCounter job_0_running_actor_count, current val is 427
I1013 17:47:14.845769 41972 runtime_context.cpp:29] DecreaseCounter job_2_running_actor_count, current val is 89
I1013 17:47:14.845768 41976 actor.cpp:408] actor 2199023255702 switch to nullptr
I1013 17:47:14.845821 41976 thread.cpp:76] thread 1048576 deconstruct actor 2199023255702
I1013 17:47:14.845799 41989 actor.cpp:408] actor 2207613190300 switch to nullptr
I1013 17:47:14.845808 41972 actor.cpp:408] actor 1099614388266 switch to nullptr
I1013 17:47:14.845861 41989 thread.cpp:76] thread 1052672 deconstruct actor 2207613190300
I1013 17:47:14.845877 41972 thread.cpp:76] thread 524337 deconstruct actor 1099614388266
I1013 17:47:14.845939 41976 runtime_context.cpp:29] DecreaseCounter job_0_running_actor_count, current val is 425
I1013 17:47:14.845985 41976 actor.cpp:408] actor 2199023255700 switch to nullptr
I1013 17:47:14.846004 41976 thread.cpp:76] thread 1048576 deconstruct actor 2199023255700
I1013 17:47:14.846036 41989 runtime_context.cpp:29] DecreaseCounter job_0_running_actor_count, current val is 424
I1013 17:47:14.846083 41989 actor.cpp:408] actor 2207613190294 switch to nullptr
I1013 17:47:14.846084 41972 runtime_context.cpp:29] DecreaseCounter job_3_running_actor_count, current val is 89
I1013 17:47:14.846105 41989 thread.cpp:76] thread 1052672 deconstruct actor 2207613190294
I1013 17:47:14.846132 41976 runtime_context.cpp:29] DecreaseCounter job_0_running_actor_count, current val is 423
I1013 17:47:14.846133 41972 actor.cpp:408] actor 1099614388275 switch to nullptr
I1013 17:47:14.846243 41976 actor.cpp:408] actor 2199023255690 switch to nullptr
I1013 17:47:14.846249 41972 thread.cpp:76] thread 524337 deconstruct actor 1099614388275
I1013 17:47:14.846370 41989 runtime_context.cpp:29] DecreaseCounter job_0_running_actor_count, current val is 422
I1013 17:47:14.846419 41989 actor.cpp:408] actor 2207613190292 switch to nullptr
I1013 17:47:14.846272 41976 thread.cpp:76] thread 1048576 deconstruct actor 2199023255690
I1013 17:47:14.846441 41989 thread.cpp:76] thread 1052672 deconstruct actor 2207613190292
I1013 17:47:14.846604 41972 runtime_context.cpp:29] DecreaseCounter job_4_running_actor_count, current val is 18
I1013 17:47:14.846626 41989 runtime_context.cpp:29] DecreaseCounter job_0_running_actor_count, current val is 421
I1013 17:47:14.846633 41976 runtime_context.cpp:29] DecreaseCounter job_0_running_actor_count, current val is 420
I1013 17:47:14.846637 41972 actor.cpp:411] actor 1099614388291 switch to &Actor::HandlerZombie
I1013 17:47:14.846675 41989 actor.cpp:408] actor 2207613190282 switch to nullptr
I1013 17:47:14.846714 41976 actor.cpp:408] actor 2199023255688 switch to nullptr
I1013 17:47:14.846724 41972 actor.cpp:408] actor 1099614388286 switch to nullptr
I1013 17:47:14.846737 41989 thread.cpp:76] thread 1052672 deconstruct actor 2207613190282
I1013 17:47:14.846760 41976 thread.cpp:76] thread 1048576 deconstruct actor 2199023255688
I1013 17:47:14.846765 41971 actor.cpp:411] actor 1099570348032 switch to &Actor::HandlerZombie
I1013 17:47:14.846781 41972 thread.cpp:76] thread 524337 deconstruct actor 1099614388286
I1013 17:47:14.846926 41989 runtime_context.cpp:29] DecreaseCounter job_0_running_actor_count, current val is 419
I1013 17:47:14.846956 41976 runtime_context.cpp:29] DecreaseCounter job_0_running_actor_count, current val is 418
I1013 17:47:14.846987 41989 actor.cpp:408] actor 2207613190280 switch to nullptr
I1013 17:47:14.847023 41976 actor.cpp:408] actor 2199023255686 switch to nullptr
I1013 17:47:14.847038 41972 runtime_context.cpp:29] DecreaseCounter job_4_running_actor_count, current val is 17
I1013 17:47:14.847028 41989 thread.cpp:76] thread 1052672 deconstruct actor 2207613190280
I1013 17:47:14.847076 41972 actor.cpp:408] actor 1099614388282 switch to nullptr
I1013 17:47:14.847049 41976 thread.cpp:76] thread 1048576 deconstruct actor 2199023255686
I1013 17:47:14.847098 41972 thread.cpp:76] thread 524337 deconstruct actor 1099614388282
I1013 17:47:14.847126 41969 actor.cpp:411] actor 1099566153728 switch to &Actor::HandlerZombie
I1013 17:47:14.847188 41989 runtime_context.cpp:29] DecreaseCounter job_0_running_actor_count, current val is 417
I1013 17:47:14.847230 41976 runtime_context.cpp:29] DecreaseCounter job_0_running_actor_count, current val is 416
I1013 17:47:14.847232 41989 actor.cpp:408] actor 2207613190278 switch to nullptr
I1013 17:47:14.847280 41976 actor.cpp:408] actor 2199023255684 switch to nullptr
I1013 17:47:14.847285 41989 thread.cpp:76] thread 1052672 deconstruct actor 2207613190278
I1013 17:47:14.847314 41972 runtime_context.cpp:29] DecreaseCounter job_4_running_actor_count, current val is 16
I1013 17:47:14.847304 41976 thread.cpp:76] thread 1048576 deconstruct actor 2199023255684
I1013 17:47:14.847353 41972 actor.cpp:408] actor 1099614388283 switch to nullptr
I1013 17:47:14.847390 41972 thread.cpp:76] thread 524337 deconstruct actor 1099614388283
I1013 17:47:14.847424 41970 actor.cpp:411] actor 1099568250880 switch to &Actor::HandlerZombie
I1013 17:47:14.847461 41976 runtime_context.cpp:29] DecreaseCounter job_0_running_actor_count, current val is 414
I1013 17:47:14.847448 41989 runtime_context.cpp:29] DecreaseCounter job_0_running_actor_count, current val is 415
I1013 17:47:14.847509 41976 actor.cpp:408] actor 2199023255614 switch to nullptr
I1013 17:47:14.847442 41971 thread.cpp:76] thread 524316 deconstruct actor 1099570348032
I1013 17:47:14.847534 41989 actor.cpp:408] actor 2207613190276 switch to nullptr
I1013 17:47:14.847537 41976 thread.cpp:76] thread 1048576 deconstruct actor 2199023255614
I1013 17:47:14.847563 41972 runtime_context.cpp:29] DecreaseCounter job_4_running_actor_count, current val is 15
I1013 17:47:14.847623 41989 thread.cpp:76] thread 1052672 deconstruct actor 2207613190276
I1013 17:47:14.847699 41972 actor.cpp:411] actor 1099614388243 switch to &Actor::HandlerZombie
I1013 17:47:14.847738 41972 actor.cpp:408] actor 1099614388236 switch to nullptr
I1013 17:47:14.847748 41976 runtime_context.cpp:29] DecreaseCounter job_0_running_actor_count, current val is 413
I1013 17:47:14.847741 41971 runtime_context.cpp:29] DecreaseCounter job_4_running_actor_count, current val is 14
I1013 17:47:14.847796 41976 actor.cpp:408] actor 2199023255612 switch to nullptr
I1013 17:47:14.847767 41972 thread.cpp:76] thread 524337 deconstruct actor 1099614388236
I1013 17:47:14.847801 41953 actor.cpp:411] actor 1099532599296 switch to &Actor::HandlerZombie
I1013 17:47:14.847821 41976 thread.cpp:76] thread 1048576 deconstruct actor 2199023255612
I1013 17:47:14.847826 41989 runtime_context.cpp:29] DecreaseCounter job_0_running_actor_count, current val is 412
I1013 17:47:14.847935 41989 actor.cpp:408] actor 2207613190206 switch to nullptr
I1013 17:47:14.847954 41989 thread.cpp:76] thread 1052672 deconstruct actor 2207613190206
I1013 17:47:14.848008 41972 runtime_context.cpp:29] DecreaseCounter job_0_running_actor_count, current val is 411
I1013 17:47:14.848039 41976 runtime_context.cpp:29] DecreaseCounter job_0_running_actor_count, current val is 410
I1013 17:47:14.848047 41972 actor.cpp:408] actor 1099614388237 switch to nullptr
I1013 17:47:14.848084 41976 actor.cpp:408] actor 2199023255714 switch to nullptr
I1013 17:47:14.848076 41989 runtime_context.cpp:29] DecreaseCounter job_0_running_actor_count, current val is 409
I1013 17:47:14.848094 41972 thread.cpp:76] thread 524337 deconstruct actor 1099614388237
I1013 17:47:14.848137 41954 actor.cpp:411] actor 1099534696448 switch to &Actor::HandlerZombie
I1013 17:47:14.848153 41989 actor.cpp:408] actor 2207613190204 switch to nullptr
I1013 17:47:14.848225 41989 thread.cpp:76] thread 1052672 deconstruct actor 2207613190204
I1013 17:47:14.848110 41976 thread.cpp:76] thread 1048576 deconstruct actor 2199023255714
I1013 17:47:14.848327 41972 runtime_context.cpp:29] DecreaseCounter job_0_running_actor_count, current val is 408
I1013 17:47:14.848358 41972 actor.cpp:411] actor 1099614388233 switch to &Actor::HandlerZombie
I1013 17:47:14.848361 41976 runtime_context.cpp:29] DecreaseCounter job_0_running_actor_count, current val is 407
I1013 17:47:14.848374 41989 runtime_context.cpp:29] DecreaseCounter job_0_running_actor_count, current val is 406
I1013 17:47:14.848421 41976 actor.cpp:408] actor 2199023255572 switch to nullptr
I1013 17:47:14.848392 41972 actor.cpp:408] actor 1099614388226 switch to nullptr
I1013 17:47:14.848448 41976 thread.cpp:76] thread 1048576 deconstruct actor 2199023255572
I1013 17:47:14.848448 41989 actor.cpp:408] actor 2207613190306 switch to nullptr
I1013 17:47:14.848469 41972 thread.cpp:76] thread 524337 deconstruct actor 1099614388226
I1013 17:47:14.848517 41989 thread.cpp:76] thread 1052672 deconstruct actor 2207613190306
I1013 17:47:14.848593 41950 actor.cpp:408] actor 1099526307840 switch to nullptr
I1013 17:47:14.848542 41944 actor.cpp:408] actor 1099513724928 switch to nullptr
I1013 17:47:14.848646 41976 runtime_context.cpp:29] DecreaseCounter job_0_running_actor_count, current val is 405
I1013 17:47:14.848594 41948 actor.cpp:408] actor 1099522113536 switch to nullptr
I1013 17:47:14.848623 41950 thread.cpp:76] thread 524295 deconstruct actor 1099526307840
I1013 17:47:14.848745 41948 thread.cpp:76] thread 524293 deconstruct actor 1099522113536
I1013 17:47:14.848605 41946 actor.cpp:408] actor 1099517919232 switch to nullptr
I1013 17:47:14.848656 41944 thread.cpp:76] thread 524289 deconstruct actor 1099513724928
I1013 17:47:14.848696 41976 actor.cpp:408] actor 2199023255698 switch to nullptr
I1013 17:47:14.848691 41991 actor.cpp:408] actor 2207615287299 switch to nullptr
I1013 17:47:14.848707 41989 runtime_context.cpp:29] DecreaseCounter job_0_running_actor_count, current val is 404
I1013 17:47:14.849004 41948 runtime_context.cpp:29] DecreaseCounter job_0_running_actor_count, current val is 401
I1013 17:47:14.848616 41952 actor.cpp:408] actor 1099530502144 switch to nullptr
I1013 17:47:14.849140 41952 thread.cpp:76] thread 524297 deconstruct actor 1099530502144
I1013 17:47:14.848907 41950 runtime_context.cpp:29] DecreaseCounter job_0_running_actor_count, current val is 402
I1013 17:47:14.848945 41976 thread.cpp:76] thread 1048576 deconstruct actor 2199023255698
I1013 17:47:14.848996 41991 thread.cpp:76] thread 1052673 deconstruct actor 2207615287299
I1013 17:47:14.848722 41972 runtime_context.cpp:29] DecreaseCounter job_0_running_actor_count, current val is 403
I1013 17:47:14.849040 41989 actor.cpp:408] actor 2207613190164 switch to nullptr
I1013 17:47:14.849284 41972 actor.cpp:408] actor 1099614388224 switch to nullptr
I1013 17:47:14.849306 41972 thread.cpp:76] thread 524337 deconstruct actor 1099614388224
I1013 17:47:14.849316 41991 runtime_context.cpp:29] DecreaseCounter job_0_running_actor_count, current val is 400
I1013 17:47:14.849335 41955 actor.cpp:408] actor 1099536793600 switch to nullptr
I1013 17:47:14.849365 41976 runtime_context.cpp:29] DecreaseCounter job_0_running_actor_count, current val is 399
I1013 17:47:14.848829 41946 thread.cpp:76] thread 524291 deconstruct actor 1099517919232
I1013 17:47:14.849412 41958 actor.cpp:411] actor 1099543085056 switch to &Actor::HandlerZombie
I1013 17:47:14.849289 41989 thread.cpp:76] thread 1052672 deconstruct actor 2207613190164
I1013 17:47:14.849376 41955 thread.cpp:76] thread 524300 deconstruct actor 1099536793600
I1013 17:47:14.849401 41952 runtime_context.cpp:29] DecreaseCounter job_0_running_actor_count, current val is 398
I1013 17:47:14.849411 41956 actor.cpp:408] actor 1099538890752 switch to nullptr
I1013 17:47:14.849614 41978 actor.cpp:408] actor 2199025352709 switch to nullptr
I1013 17:47:14.849436 41959 actor.cpp:408] actor 1099545182208 switch to nullptr
I1013 17:47:14.849361 41991 actor.cpp:408] actor 2207615287297 switch to nullptr
I1013 17:47:14.849464 41957 actor.cpp:408] actor 1099540987904 switch to nullptr
I1013 17:47:14.849475 41972 runtime_context.cpp:29] DecreaseCounter job_0_running_actor_count, current val is 397
I1013 17:47:14.849848 41972 actor.cpp:408] actor 1099614388225 switch to nullptr
I1013 17:47:14.849510 41958 thread.cpp:76] thread 524303 deconstruct actor 1099543085056
I1013 17:47:14.849644 41956 thread.cpp:76] thread 524301 deconstruct actor 1099538890752
I1013 17:47:14.849697 41978 thread.cpp:76] thread 1048577 deconstruct actor 2199025352709
I1013 17:47:14.850071 41949 actor.cpp:408] actor 1099524210688 switch to nullptr
I1013 17:47:14.849699 41989 runtime_context.cpp:29] DecreaseCounter job_0_running_actor_count, current val is 396
I1013 17:47:14.850142 41947 actor.cpp:408] actor 1099520016384 switch to nullptr
I1013 17:47:14.850199 41947 thread.cpp:76] thread 524292 deconstruct actor 1099520016384
I1013 17:47:14.849730 41959 thread.cpp:76] thread 524304 deconstruct actor 1099545182208
I1013 17:47:14.849754 41991 thread.cpp:76] thread 1052673 deconstruct actor 2207615287297
I1013 17:47:14.849790 41946 runtime_context.cpp:29] DecreaseCounter job_0_running_actor_count, current val is 394
I1013 17:47:14.850360 41991 runtime_context.cpp:29] DecreaseCounter job_0_running_actor_count, current val is 390
I1013 17:47:14.850399 41991 actor.cpp:408] actor 2207615287298 switch to nullptr
I1013 17:47:14.849872 41972 thread.cpp:76] thread 524337 deconstruct actor 1099614388225
I1013 17:47:14.849436 41976 actor.cpp:408] actor 2199023255563 switch to nullptr
I1013 17:47:14.849997 41943 actor.cpp:408] actor 1099511627776 switch to nullptr
I1013 17:47:14.850041 41951 actor.cpp:408] actor 1099528404992 switch to nullptr
I1013 17:47:14.850100 41949 thread.cpp:76] thread 524294 deconstruct actor 1099524210688
I1013 17:47:14.850150 41989 actor.cpp:408] actor 2207613190290 switch to nullptr
I1013 17:47:14.849709 41955 runtime_context.cpp:29] DecreaseCounter job_0_running_actor_count, current val is 395
I1013 17:47:14.850142 41945 actor.cpp:408] actor 1099515822080 switch to nullptr
I1013 17:47:14.850968 41945 thread.cpp:76] thread 524290 deconstruct actor 1099515822080
I1013 17:47:14.850226 41978 runtime_context.cpp:29] DecreaseCounter job_0_running_actor_count, current val is 392
I1013 17:47:14.850230 41958 runtime_context.cpp:29] DecreaseCounter job_0_running_actor_count, current val is 393
I1013 17:47:14.850240 41956 runtime_context.cpp:29] DecreaseCounter job_0_running_actor_count, current val is 391
I1013 17:47:14.851191 41945 runtime_context.cpp:29] DecreaseCounter job_0_running_actor_count, current val is 385
I1013 17:47:14.849797 41957 thread.cpp:76] thread 524302 deconstruct actor 1099540987904
I1013 17:47:14.850422 41991 thread.cpp:76] thread 1052673 deconstruct actor 2207615287298
I1013 17:47:14.850416 41947 runtime_context.cpp:29] DecreaseCounter job_0_running_actor_count, current val is 389
I1013 17:47:14.850610 41959 runtime_context.cpp:29] DecreaseCounter job_0_running_actor_count, current val is 388
I1013 17:47:14.850641 41972 runtime_context.cpp:29] DecreaseCounter job_0_running_actor_count, current val is 387
I1013 17:47:14.851425 41972 actor.cpp:411] actor 1099614388252 switch to &Actor::HandlerZombie
I1013 17:47:14.850643 41976 thread.cpp:76] thread 1048576 deconstruct actor 2199023255563
I1013 17:47:14.851461 41972 actor.cpp:408] actor 1099614388247 switch to nullptr
I1013 17:47:14.850704 41951 thread.cpp:76] thread 524296 deconstruct actor 1099528404992
I1013 17:47:14.850805 41989 thread.cpp:76] thread 1052672 deconstruct actor 2207613190290
I1013 17:47:14.851073 41978 actor.cpp:408] actor 2199025352704 switch to nullptr
I1013 17:47:14.851538 41960 actor.cpp:408] actor 1099547279360 switch to nullptr
I1013 17:47:14.850675 41943 thread.cpp:76] thread 524288 deconstruct actor 1099511627776
I1013 17:47:14.851471 41957 runtime_context.cpp:29] DecreaseCounter job_0_running_actor_count, current val is 383
I1013 17:47:14.851483 41972 thread.cpp:76] thread 524337 deconstruct actor 1099614388247
I1013 17:47:14.851709 41951 runtime_context.cpp:29] DecreaseCounter job_0_running_actor_count, current val is 380
I1013 17:47:14.851529 41961 actor.cpp:408] actor 1099549376512 switch to nullptr
I1013 17:47:14.851356 41991 runtime_context.cpp:29] DecreaseCounter job_0_running_actor_count, current val is 384
I1013 17:47:14.851840 41991 actor.cpp:408] actor 2207615287296 switch to nullptr
I1013 17:47:14.851547 41962 actor.cpp:408] actor 1099551473664 switch to nullptr
I1013 17:47:14.851557 41978 thread.cpp:76] thread 1048577 deconstruct actor 2199025352704
I1013 17:47:14.851925 41972 runtime_context.cpp:29] DecreaseCounter job_1_running_actor_count, current val is 86
I1013 17:47:14.851963 41972 actor.cpp:411] actor 1099614388261 switch to &Actor::HandlerZombie
I1013 17:47:14.851697 41976 runtime_context.cpp:29] DecreaseCounter job_0_running_actor_count, current val is 381
I1013 17:47:14.852008 41978 runtime_context.cpp:29] DecreaseCounter job_0_running_actor_count, current val is 379
I1013 17:47:14.851799 41961 thread.cpp:76] thread 524306 deconstruct actor 1099549376512
I1013 17:47:14.852057 41964 actor.cpp:408] actor 1099555667968 switch to nullptr
I1013 17:47:14.851891 41962 thread.cpp:76] thread 524307 deconstruct actor 1099551473664
I1013 17:47:14.851619 41960 thread.cpp:76] thread 524305 deconstruct actor 1099547279360
I1013 17:47:14.851660 41989 runtime_context.cpp:29] DecreaseCounter job_0_running_actor_count, current val is 382
I1013 17:47:14.851994 41972 actor.cpp:408] actor 1099614388256 switch to nullptr
I1013 17:47:14.852265 41961 runtime_context.cpp:29] DecreaseCounter job_1_running_actor_count, current val is 85
I1013 17:47:14.852289 41962 runtime_context.cpp:29] DecreaseCounter job_1_running_actor_count, current val is 84
I1013 17:47:14.852051 41976 actor.cpp:408] actor 2199023255692 switch to nullptr
I1013 17:47:14.851861 41991 thread.cpp:76] thread 1052673 deconstruct actor 2207615287296
I1013 17:47:14.852123 41964 thread.cpp:76] thread 524309 deconstruct actor 1099555667968
I1013 17:47:14.852103 41963 actor.cpp:408] actor 1099553570816 switch to nullptr
I1013 17:47:14.852131 41965 actor.cpp:411] actor 1099557765120 switch to &Actor::HandlerZombie
I1013 17:47:14.852264 41989 actor.cpp:408] actor 2207613190155 switch to nullptr
I1013 17:47:14.851091 41949 runtime_context.cpp:29] DecreaseCounter job_0_running_actor_count, current val is 386
I1013 17:47:14.852289 41972 thread.cpp:76] thread 524337 deconstruct actor 1099614388256
I1013 17:47:14.852056 41978 actor.cpp:408] actor 2199025352705 switch to nullptr
I1013 17:47:14.852397 41960 runtime_context.cpp:29] DecreaseCounter job_1_running_actor_count, current val is 83
I1013 17:47:14.852434 41976 thread.cpp:76] thread 1048576 deconstruct actor 2199023255692
I1013 17:47:14.852506 41991 runtime_context.cpp:29] DecreaseCounter job_0_running_actor_count, current val is 378
I1013 17:47:14.852602 41963 thread.cpp:76] thread 524308 deconstruct actor 1099553570816
I1013 17:47:14.852846 41991 actor.cpp:408] actor 2207615287300 switch to nullptr
I1013 17:47:14.852658 41989 thread.cpp:76] thread 1052672 deconstruct actor 2207613190155
I1013 17:47:14.852892 41972 runtime_context.cpp:29] DecreaseCounter job_2_running_actor_count, current val is 87
I1013 17:47:14.852741 41978 thread.cpp:76] thread 1048577 deconstruct actor 2199025352705
I1013 17:47:14.852634 41965 thread.cpp:76] thread 524310 deconstruct actor 1099557765120
I1013 17:47:14.852871 41991 thread.cpp:76] thread 1052673 deconstruct actor 2207615287300
I1013 17:47:14.852707 41964 runtime_context.cpp:29] DecreaseCounter job_2_running_actor_count, current val is 88
I1013 17:47:14.852931 41972 actor.cpp:411] actor 1099614388270 switch to &Actor::HandlerZombie
I1013 17:47:14.852946 41976 runtime_context.cpp:29] DecreaseCounter job_0_running_actor_count, current val is 377
I1013 17:47:14.853014 41989 runtime_context.cpp:29] DecreaseCounter job_0_running_actor_count, current val is 376
I1013 17:47:14.853129 41976 actor.cpp:408] actor 2199023255565 switch to nullptr
I1013 17:47:14.853137 41965 runtime_context.cpp:29] DecreaseCounter job_2_running_actor_count, current val is 85
I1013 17:47:14.853088 41972 actor.cpp:408] actor 1099614388265 switch to nullptr
I1013 17:47:14.853188 41966 actor.cpp:408] actor 1099559862272 switch to nullptr
I1013 17:47:14.853132 41967 actor.cpp:408] actor 1099561959424 switch to nullptr
I1013 17:47:14.853154 41989 actor.cpp:408] actor 2207613190284 switch to nullptr
I1013 17:47:14.853045 41991 runtime_context.cpp:29] DecreaseCounter job_0_running_actor_count, current val is 374
I1013 17:47:14.853158 41976 thread.cpp:76] thread 1048576 deconstruct actor 2199023255565
I1013 17:47:14.853018 41978 runtime_context.cpp:29] DecreaseCounter job_0_running_actor_count, current val is 375
I1013 17:47:14.853186 41968 actor.cpp:411] actor 1099564056576 switch to &Actor::HandlerZombie
I1013 17:47:14.853116 41963 runtime_context.cpp:29] DecreaseCounter job_2_running_actor_count, current val is 86
I1013 17:47:14.853233 41972 thread.cpp:76] thread 524337 deconstruct actor 1099614388265
I1013 17:47:14.853261 41966 thread.cpp:76] thread 524311 deconstruct actor 1099559862272
I1013 17:47:14.853288 41967 thread.cpp:76] thread 524312 deconstruct actor 1099561959424
I1013 17:47:14.853508 41976 runtime_context.cpp:29] DecreaseCounter job_0_running_actor_count, current val is 373
I1013 17:47:14.853351 41991 actor.cpp:408] actor 2207615287301 switch to nullptr
I1013 17:47:14.853564 41976 actor.cpp:408] actor 2199023255712 switch to nullptr
I1013 17:47:14.853426 41968 thread.cpp:76] thread 524313 deconstruct actor 1099564056576
I1013 17:47:14.853317 41989 thread.cpp:76] thread 1052672 deconstruct actor 2207613190284
I1013 17:47:14.853583 41991 thread.cpp:76] thread 1052673 deconstruct actor 2207615287301
I1013 17:47:14.853607 41976 thread.cpp:76] thread 1048576 deconstruct actor 2199023255712
I1013 17:47:14.853636 41972 runtime_context.cpp:29] DecreaseCounter job_3_running_actor_count, current val is 88
I1013 17:47:14.853771 41968 runtime_context.cpp:29] DecreaseCounter job_3_running_actor_count, current val is 85
I1013 17:47:14.853408 41978 actor.cpp:408] actor 2199025352706 switch to nullptr
I1013 17:47:14.853853 41976 runtime_context.cpp:29] DecreaseCounter job_0_running_actor_count, current val is 371
I1013 17:47:14.853732 41991 runtime_context.cpp:29] DecreaseCounter job_2_running_actor_count, current val is 84
I1013 17:47:14.853761 41989 runtime_context.cpp:29] DecreaseCounter job_0_running_actor_count, current val is 372
I1013 17:47:14.853932 41991 actor.cpp:408] actor 2207615287302 switch to nullptr
I1013 17:47:14.853790 41972 actor.cpp:411] actor 1099614388279 switch to &Actor::HandlerZombie
I1013 17:47:14.853725 41966 runtime_context.cpp:29] DecreaseCounter job_3_running_actor_count, current val is 86
I1013 17:47:14.853988 41972 actor.cpp:408] actor 1099614388273 switch to nullptr
I1013 17:47:14.853902 41976 actor.cpp:408] actor 2199023255570 switch to nullptr
I1013 17:47:14.853657 41967 runtime_context.cpp:29] DecreaseCounter job_3_running_actor_count, current val is 87
I1013 17:47:14.853957 41991 thread.cpp:76] thread 1052673 deconstruct actor 2207615287302
I1013 17:47:14.853966 41989 actor.cpp:408] actor 2207613190157 switch to nullptr
I1013 17:47:14.853870 41978 thread.cpp:76] thread 1048577 deconstruct actor 2199025352706
I1013 17:47:14.854127 41991 runtime_context.cpp:29] DecreaseCounter job_3_running_actor_count, current val is 84
I1013 17:47:14.854012 41972 thread.cpp:76] thread 524337 deconstruct actor 1099614388273
I1013 17:47:14.854046 41976 thread.cpp:76] thread 1048576 deconstruct actor 2199023255570
I1013 17:47:14.854189 41978 runtime_context.cpp:29] DecreaseCounter job_0_running_actor_count, current val is 370
I1013 17:47:14.854010 41969 thread.cpp:76] thread 524314 deconstruct actor 1099566153728
I1013 17:47:14.854115 41989 thread.cpp:76] thread 1052672 deconstruct actor 2207613190157
I1013 17:47:14.854233 41978 actor.cpp:408] actor 2199025352707 switch to nullptr
I1013 17:47:14.854306 41978 thread.cpp:76] thread 1048577 deconstruct actor 2199025352707
I1013 17:47:14.854326 41976 runtime_context.cpp:29] DecreaseCounter job_0_running_actor_count, current val is 369
I1013 17:47:14.854351 41972 runtime_context.cpp:29] DecreaseCounter job_4_running_actor_count, current val is 13
I1013 17:47:14.854372 41978 runtime_context.cpp:29] DecreaseCounter job_0_running_actor_count, current val is 368
I1013 17:47:14.854389 41972 actor.cpp:408] actor 1099614388274 switch to nullptr
I1013 17:47:14.854377 41976 actor.cpp:408] actor 2199023255554 switch to nullptr
I1013 17:47:14.854394 41989 runtime_context.cpp:29] DecreaseCounter job_0_running_actor_count, current val is 367
I1013 17:47:14.854408 41969 runtime_context.cpp:29] DecreaseCounter job_4_running_actor_count, current val is 12
I1013 17:47:14.854413 41978 actor.cpp:408] actor 2199025352710 switch to nullptr
I1013 17:47:14.854413 41972 thread.cpp:76] thread 524337 deconstruct actor 1099614388274
I1013 17:47:14.854419 41970 thread.cpp:76] thread 524315 deconstruct actor 1099568250880
I1013 17:47:14.854445 41976 thread.cpp:76] thread 1048576 deconstruct actor 2199023255554
I1013 17:47:14.854490 41989 actor.cpp:408] actor 2207613190304 switch to nullptr
I1013 17:47:14.854526 41978 thread.cpp:76] thread 1048577 deconstruct actor 2199025352710
I1013 17:47:14.854650 41989 thread.cpp:76] thread 1052672 deconstruct actor 2207613190304
I1013 17:47:14.854723 41978 runtime_context.cpp:29] DecreaseCounter job_2_running_actor_count, current val is 83
I1013 17:47:14.854739 41976 runtime_context.cpp:29] DecreaseCounter job_0_running_actor_count, current val is 366
I1013 17:47:14.854764 41978 actor.cpp:408] actor 2199025352711 switch to nullptr
I1013 17:47:14.854802 41978 thread.cpp:76] thread 1048577 deconstruct actor 2199025352711
I1013 17:47:14.854808 41976 actor.cpp:408] actor 2199023255704 switch to nullptr
I1013 17:47:14.854761 41970 runtime_context.cpp:29] DecreaseCounter job_4_running_actor_count, current val is 10
I1013 17:47:14.854816 41989 runtime_context.cpp:29] DecreaseCounter job_0_running_actor_count, current val is 365
I1013 17:47:14.854728 41972 runtime_context.cpp:29] DecreaseCounter job_4_running_actor_count, current val is 11
I1013 17:47:14.854967 41989 actor.cpp:408] actor 2207613190162 switch to nullptr
I1013 17:47:14.854867 41978 runtime_context.cpp:29] DecreaseCounter job_3_running_actor_count, current val is 83
I1013 17:47:14.854838 41976 thread.cpp:76] thread 1048576 deconstruct actor 2199023255704
I1013 17:47:14.854982 41972 actor.cpp:408] actor 1099614388292 switch to nullptr
I1013 17:47:14.855010 41989 thread.cpp:76] thread 1052672 deconstruct actor 2207613190162
I1013 17:47:14.855087 41972 thread.cpp:76] thread 524337 deconstruct actor 1099614388292
I1013 17:47:14.855216 41976 runtime_context.cpp:29] DecreaseCounter job_0_running_actor_count, current val is 364
I1013 17:47:14.855219 41989 runtime_context.cpp:29] DecreaseCounter job_0_running_actor_count, current val is 363
I1013 17:47:14.855268 41976 actor.cpp:408] actor 2199023255577 switch to nullptr
I1013 17:47:14.855290 41989 actor.cpp:408] actor 2207613190146 switch to nullptr
I1013 17:47:14.855278 41972 runtime_context.cpp:29] DecreaseCounter job_4_running_actor_count, current val is 9
I1013 17:47:14.855293 41976 thread.cpp:76] thread 1048576 deconstruct actor 2199023255577
I1013 17:47:14.855316 41989 thread.cpp:76] thread 1052672 deconstruct actor 2207613190146
I1013 17:47:14.855343 41972 actor.cpp:408] actor 1099614388276 switch to nullptr
I1013 17:47:14.855401 41972 thread.cpp:76] thread 524337 deconstruct actor 1099614388276
I1013 17:47:14.855468 41976 runtime_context.cpp:29] DecreaseCounter job_0_running_actor_count, current val is 362
I1013 17:47:14.855489 41989 runtime_context.cpp:29] DecreaseCounter job_0_running_actor_count, current val is 361
I1013 17:47:14.855512 41976 actor.cpp:408] actor 2199023255716 switch to nullptr
I1013 17:47:14.855528 41989 actor.cpp:408] actor 2207613190296 switch to nullptr
I1013 17:47:14.855553 41989 thread.cpp:76] thread 1052672 deconstruct actor 2207613190296
I1013 17:47:14.855521 41972 runtime_context.cpp:29] DecreaseCounter job_4_running_actor_count, current val is 8
I1013 17:47:14.855537 41976 thread.cpp:76] thread 1048576 deconstruct actor 2199023255716
I1013 17:47:14.855613 41972 actor.cpp:408] actor 1099614388287 switch to nullptr
I1013 17:47:14.855654 41972 thread.cpp:76] thread 524337 deconstruct actor 1099614388287
I1013 17:47:14.855687 41989 runtime_context.cpp:29] DecreaseCounter job_0_running_actor_count, current val is 360
I1013 17:47:14.855728 41989 actor.cpp:408] actor 2207613190169 switch to nullptr
I1013 17:47:14.855729 41976 runtime_context.cpp:29] DecreaseCounter job_0_running_actor_count, current val is 359
I1013 17:47:14.855751 41989 thread.cpp:76] thread 1052672 deconstruct actor 2207613190169
I1013 17:47:14.855782 41972 runtime_context.cpp:29] DecreaseCounter job_4_running_actor_count, current val is 7
I1013 17:47:14.855800 41976 actor.cpp:408] actor 2199023255605 switch to nullptr
I1013 17:47:14.855830 41972 actor.cpp:408] actor 1099614388284 switch to nullptr
I1013 17:47:14.855856 41976 thread.cpp:76] thread 1048576 deconstruct actor 2199023255605
I1013 17:47:14.855877 41972 thread.cpp:76] thread 524337 deconstruct actor 1099614388284
I1013 17:47:14.855907 41989 runtime_context.cpp:29] DecreaseCounter job_0_running_actor_count, current val is 358
I1013 17:47:14.855950 41989 actor.cpp:408] actor 2207613190308 switch to nullptr
I1013 17:47:14.855967 41989 thread.cpp:76] thread 1052672 deconstruct actor 2207613190308
I1013 17:47:14.856016 41976 runtime_context.cpp:29] DecreaseCounter job_0_running_actor_count, current val is 357
I1013 17:47:14.856025 41972 runtime_context.cpp:29] DecreaseCounter job_4_running_actor_count, current val is 6
I1013 17:47:14.856065 41976 actor.cpp:408] actor 2199023255706 switch to nullptr
I1013 17:47:14.856086 41989 runtime_context.cpp:29] DecreaseCounter job_0_running_actor_count, current val is 356
I1013 17:47:14.856076 41972 actor.cpp:408] actor 1099614388285 switch to nullptr
I1013 17:47:14.856091 41976 thread.cpp:76] thread 1048576 deconstruct actor 2199023255706
I1013 17:47:14.856128 41989 actor.cpp:408] actor 2207613190197 switch to nullptr
I1013 17:47:14.856168 41972 thread.cpp:76] thread 524337 deconstruct actor 1099614388285
I1013 17:47:14.856242 41989 thread.cpp:76] thread 1052672 deconstruct actor 2207613190197
I1013 17:47:14.856299 41976 runtime_context.cpp:29] DecreaseCounter job_0_running_actor_count, current val is 355
I1013 17:47:14.856348 41976 actor.cpp:408] actor 2199023255579 switch to nullptr
I1013 17:47:14.856366 41976 thread.cpp:76] thread 1048576 deconstruct actor 2199023255579
I1013 17:47:14.856388 41972 runtime_context.cpp:29] DecreaseCounter job_4_running_actor_count, current val is 5
