I1013 17:01:28.914925 42276 thread.cpp:96] Thread 1052672 construct Actor kNormalForward 2207613190421
I1013 17:01:28.915118 42276 runtime_context.cpp:29] DecreaseCounter constructing_actor_cnt, current val is 24
I1013 17:01:28.915138 42082 naive_actor.cpp:25] actor 2199023255824 switch to &NaiveActor::HandlerNormal
I1013 17:01:28.915251 42082 thread.cpp:96] Thread 1048576 construct Actor kNormalForward 2199023255824
I1013 17:01:28.915352 42082 runtime_context.cpp:29] DecreaseCounter constructing_actor_cnt, current val is 23
I1013 17:01:28.915468 42276 naive_actor.cpp:25] actor 2207613190429 switch to &NaiveActor::HandlerNormal
I1013 17:01:28.915534 42276 thread.cpp:96] Thread 1052672 construct Actor kNormalForward 2207613190429
I1013 17:01:28.915627 42276 runtime_context.cpp:29] DecreaseCounter constructing_actor_cnt, current val is 22
I1013 17:01:28.915719 42082 naive_actor.cpp:25] actor 2199023255825 switch to &NaiveActor::HandlerNormal
I1013 17:01:28.915800 42082 thread.cpp:96] Thread 1048576 construct Actor kNormalForward 2199023255825
I1013 17:01:28.915897 42082 runtime_context.cpp:29] DecreaseCounter constructing_actor_cnt, current val is 21
I1013 17:01:28.915968 42276 naive_actor.cpp:25] actor 2207613190422 switch to &NaiveActor::HandlerNormal
I1013 17:01:28.916040 42276 thread.cpp:96] Thread 1052672 construct Actor kNormalForward 2207613190422
I1013 17:01:28.916122 42276 runtime_context.cpp:29] DecreaseCounter constructing_actor_cnt, current val is 20
I1013 17:01:28.916240 42082 naive_actor.cpp:25] actor 2199023255847 switch to &NaiveActor::HandlerNormal
I1013 17:01:28.916318 42082 thread.cpp:96] Thread 1048576 construct Actor kNormalForward 2199023255847
I1013 17:01:28.916412 42276 naive_actor.cpp:25] actor 2207613190449 switch to &NaiveActor::HandlerNormal
I1013 17:01:28.916414 42082 runtime_context.cpp:29] DecreaseCounter constructing_actor_cnt, current val is 19
I1013 17:01:28.916482 42276 thread.cpp:96] Thread 1052672 construct Actor kNormalForward 2207613190449
I1013 17:01:28.916642 42276 runtime_context.cpp:29] DecreaseCounter constructing_actor_cnt, current val is 18
I1013 17:01:28.916824 42082 naive_actor.cpp:25] actor 2199023255836 switch to &NaiveActor::HandlerNormal
I1013 17:01:28.916904 42082 thread.cpp:96] Thread 1048576 construct Actor kNormalForward 2199023255836
I1013 17:01:28.916965 42276 naive_actor.cpp:25] actor 2207613190447 switch to &NaiveActor::HandlerNormal
I1013 17:01:28.917001 42082 runtime_context.cpp:29] DecreaseCounter constructing_actor_cnt, current val is 17
I1013 17:01:28.917027 42276 thread.cpp:96] Thread 1052672 construct Actor kNormalForward 2207613190447
I1013 17:01:28.917194 42276 runtime_context.cpp:29] DecreaseCounter constructing_actor_cnt, current val is 16
I1013 17:01:28.917376 42082 naive_actor.cpp:25] actor 2199023255827 switch to &NaiveActor::HandlerNormal
I1013 17:01:28.917455 42082 thread.cpp:96] Thread 1048576 construct Actor kNormalForward 2199023255827
I1013 17:01:28.917519 42276 naive_actor.cpp:25] actor 2207613190452 switch to &NaiveActor::HandlerNormal
I1013 17:01:28.917551 42082 runtime_context.cpp:29] DecreaseCounter constructing_actor_cnt, current val is 15
I1013 17:01:28.917600 42276 thread.cpp:96] Thread 1052672 construct Actor kDeviceTick 2207613190452
I1013 17:01:28.917752 42276 runtime_context.cpp:29] DecreaseCounter constructing_actor_cnt, current val is 14
I1013 17:01:28.917951 42082 naive_actor.cpp:25] actor 2199023255826 switch to &NaiveActor::HandlerNormal
I1013 17:01:28.918032 42082 thread.cpp:96] Thread 1048576 construct Actor kNormalForward 2199023255826
I1013 17:01:28.918123 42082 runtime_context.cpp:29] DecreaseCounter constructing_actor_cnt, current val is 13
I1013 17:01:28.918440 42082 naive_actor.cpp:25] actor 2199023255823 switch to &NaiveActor::HandlerNormal
I1013 17:01:28.918515 42082 thread.cpp:96] Thread 1048576 construct Actor kNormalForward 2199023255823
I1013 17:01:28.918615 42082 runtime_context.cpp:29] DecreaseCounter constructing_actor_cnt, current val is 12
I1013 17:01:28.918933 42082 naive_actor.cpp:25] actor 2199023255848 switch to &NaiveActor::HandlerNormal
I1013 17:01:28.919098 42082 thread.cpp:96] Thread 1048576 construct Actor kNormalForward 2199023255848
I1013 17:01:28.919198 42082 runtime_context.cpp:29] DecreaseCounter constructing_actor_cnt, current val is 11
I1013 17:01:28.919519 42082 naive_actor.cpp:25] actor 2199023255849 switch to &NaiveActor::HandlerNormal
I1013 17:01:28.919601 42082 thread.cpp:96] Thread 1048576 construct Actor kNormalForward 2199023255849
I1013 17:01:28.919690 42082 runtime_context.cpp:29] DecreaseCounter constructing_actor_cnt, current val is 10
I1013 17:01:28.920006 42082 naive_actor.cpp:25] actor 2199023255850 switch to &NaiveActor::HandlerNormal
I1013 17:01:28.920081 42082 thread.cpp:96] Thread 1048576 construct Actor kNormalForward 2199023255850
I1013 17:01:28.920173 42082 runtime_context.cpp:29] DecreaseCounter constructing_actor_cnt, current val is 9
I1013 17:01:28.920485 42082 naive_actor.cpp:25] actor 2199023255851 switch to &NaiveActor::HandlerNormal
I1013 17:01:28.920562 42082 thread.cpp:96] Thread 1048576 construct Actor kNormalForward 2199023255851
I1013 17:01:28.920667 42082 runtime_context.cpp:29] DecreaseCounter constructing_actor_cnt, current val is 8
I1013 17:01:28.920992 42082 naive_actor.cpp:25] actor 2199023255855 switch to &NaiveActor::HandlerNormal
I1013 17:01:28.921067 42082 thread.cpp:96] Thread 1048576 construct Actor kNormalForward 2199023255855
I1013 17:01:28.921161 42082 runtime_context.cpp:29] DecreaseCounter constructing_actor_cnt, current val is 7
I1013 17:01:28.921475 42082 naive_actor.cpp:25] actor 2199023255857 switch to &NaiveActor::HandlerNormal
I1013 17:01:28.921548 42082 thread.cpp:96] Thread 1048576 construct Actor kNormalForward 2199023255857
I1013 17:01:28.921643 42082 runtime_context.cpp:29] DecreaseCounter constructing_actor_cnt, current val is 6
I1013 17:01:28.931110 42082 naive_actor.cpp:25] actor 2199023255834 switch to &NaiveActor::HandlerNormal
I1013 17:01:28.931255 42082 thread.cpp:96] Thread 1048576 construct Actor kNormalForward 2199023255834
I1013 17:01:28.931386 42082 runtime_context.cpp:29] DecreaseCounter constructing_actor_cnt, current val is 5
I1013 17:01:28.931730 42082 naive_actor.cpp:25] actor 2199023255832 switch to &NaiveActor::HandlerNormal
I1013 17:01:28.931811 42082 thread.cpp:96] Thread 1048576 construct Actor kNormalForward 2199023255832
I1013 17:01:28.931907 42082 runtime_context.cpp:29] DecreaseCounter constructing_actor_cnt, current val is 4
I1013 17:01:28.932229 42082 naive_actor.cpp:25] actor 2199023255853 switch to &NaiveActor::HandlerNormal
I1013 17:01:28.932309 42082 thread.cpp:96] Thread 1048576 construct Actor kNormalForward 2199023255853
I1013 17:01:28.932402 42082 runtime_context.cpp:29] DecreaseCounter constructing_actor_cnt, current val is 3
I1013 17:01:28.932732 42082 naive_actor.cpp:25] actor 2199023255858 switch to &NaiveActor::HandlerNormal
I1013 17:01:28.932811 42082 thread.cpp:96] Thread 1048576 construct Actor kNormalForward 2199023255858
I1013 17:01:28.932933 42082 runtime_context.cpp:29] DecreaseCounter constructing_actor_cnt, current val is 2
I1013 17:01:28.935184 42082 naive_actor.cpp:25] actor 2199023255859 switch to &NaiveActor::HandlerNormal
I1013 17:01:28.935298 42082 thread.cpp:96] Thread 1048576 construct Actor kNormalForward 2199023255859
I1013 17:01:28.935485 42082 runtime_context.cpp:29] DecreaseCounter constructing_actor_cnt, current val is 1
I1013 17:01:28.935843 42082 naive_actor.cpp:25] actor 2199023255854 switch to &NaiveActor::HandlerNormal
I1013 17:01:28.935921 42082 thread.cpp:96] Thread 1048576 construct Actor kNormalForward 2199023255854
I1013 17:01:28.936029 42082 runtime_context.cpp:29] DecreaseCounter constructing_actor_cnt, current val is 0
I1013 17:01:28.937539 40137 runtime.cpp:93] Actors on this machine constructed
I1013 17:01:28.937691 40137 runtime.cpp:95] Actors on every machine constructed
I1013 17:01:28.937759 40137 runtime_context.cpp:21] NewCounter job_5_running_actor_count 41
I1013 17:01:28.937808 40137 runtime_context.cpp:21] NewCounter job_4_running_actor_count 22
I1013 17:01:28.937865 40137 runtime_context.cpp:21] NewCounter job_3_running_actor_count 91
I1013 17:01:28.937989 40137 runtime_context.cpp:21] NewCounter job_2_running_actor_count 91
I1013 17:01:28.938103 40137 runtime_context.cpp:21] NewCounter job_0_running_actor_count 435
I1013 17:01:28.938156 40137 runtime_context.cpp:21] NewCounter job_1_running_actor_count 89
I1013 17:01:28.938262 41972 wait_and_send_ids_actor.cpp:73] actor 1099616485376 switch to &WaitAndSendIdsActor::HandlerNormal
I1013 17:01:28.938453 40137 global.h:36] NewGlobal N7oneflow7JobDescE
I1013 17:01:29.031877 40137 global.h:43] DeleteGlobal N7oneflow7JobDescE
I1013 17:01:29.869195 42276 local.cpp:114] waiting for key: eager_nccl_unique_id_rpc_key,0:0,0:1
I1013 17:01:29.914744 42082 eager_nccl_comm_manager.cpp:69]  EagerNcclCommMgr::ncclCommInitRank device_vec.size() = 2, nccl_unique_id = 0200ffffff96ffffffdf0b0b010e000000000000000000000000000000000000000000000000000000000000000000000000000000000000000000000000000000000000000000000000000000000000000000000000000000000000000000000000000000000000000000000000000000000000000000000000000000000000000000000000, rank = 0, key = {eager_nccl_unique_id_rpc_key,0:0,0:1}
I1013 17:01:29.914763 42276 eager_nccl_comm_manager.cpp:69]  EagerNcclCommMgr::ncclCommInitRank device_vec.size() = 2, nccl_unique_id = 0200ffffff96ffffffdf0b0b010e000000000000000000000000000000000000000000000000000000000000000000000000000000000000000000000000000000000000000000000000000000000000000000000000000000000000000000000000000000000000000000000000000000000000000000000000000000000000000000000000, rank = 1, key = {eager_nccl_unique_id_rpc_key,0:0,0:1}
I1013 17:02:07.361415 40137 global.h:43] DeleteGlobal N7oneflow7OneflowE
I1013 17:02:07.361819 41972 actor.cpp:411] actor 1099616485376 switch to &Actor::HandlerZombie
I1013 17:02:07.361842 41971 actor.cpp:411] actor 1099614388294 switch to &Actor::HandlerZombie
I1013 17:02:07.361940 41972 thread.cpp:76] thread 524338 deconstruct actor 1099616485376
I1013 17:02:07.361964 41971 actor.cpp:408] actor 1099614388295 switch to nullptr
I1013 17:02:07.362038 41971 thread.cpp:76] thread 524337 deconstruct actor 1099614388295
I1013 17:02:07.362211 41972 runtime_context.cpp:29] DecreaseCounter job_5_running_actor_count, current val is 40
I1013 17:02:07.362423 41971 runtime_context.cpp:29] DecreaseCounter job_5_running_actor_count, current val is 39
I1013 17:02:07.362494 41971 actor.cpp:408] actor 1099614388304 switch to nullptr
I1013 17:02:07.362534 41971 thread.cpp:76] thread 524337 deconstruct actor 1099614388304
I1013 17:02:07.362715 41971 runtime_context.cpp:29] DecreaseCounter job_5_running_actor_count, current val is 38
I1013 17:02:07.362774 41971 actor.cpp:408] actor 1099614388312 switch to nullptr
I1013 17:02:07.362819 41971 thread.cpp:76] thread 524337 deconstruct actor 1099614388312
I1013 17:02:07.362998 41971 runtime_context.cpp:29] DecreaseCounter job_5_running_actor_count, current val is 37
I1013 17:02:07.363059 41971 actor.cpp:408] actor 1099614388308 switch to nullptr
I1013 17:02:07.363107 41971 thread.cpp:76] thread 524337 deconstruct actor 1099614388308
I1013 17:02:07.363270 41971 runtime_context.cpp:29] DecreaseCounter job_5_running_actor_count, current val is 36
I1013 17:02:07.363332 41971 actor.cpp:408] actor 1099614388316 switch to nullptr
I1013 17:02:07.363380 41971 thread.cpp:76] thread 524337 deconstruct actor 1099614388316
I1013 17:02:07.363559 41971 runtime_context.cpp:29] DecreaseCounter job_5_running_actor_count, current val is 35
I1013 17:02:07.363628 41971 actor.cpp:408] actor 1099614388320 switch to nullptr
I1013 17:02:07.363668 41971 thread.cpp:76] thread 524337 deconstruct actor 1099614388320
I1013 17:02:07.363832 41971 runtime_context.cpp:29] DecreaseCounter job_5_running_actor_count, current val is 34
I1013 17:02:07.363895 41971 actor.cpp:408] actor 1099614388296 switch to nullptr
I1013 17:02:07.363936 41971 thread.cpp:76] thread 524337 deconstruct actor 1099614388296
I1013 17:02:07.364107 41971 runtime_context.cpp:29] DecreaseCounter job_5_running_actor_count, current val is 33
I1013 17:02:07.364166 41971 actor.cpp:408] actor 1099614388300 switch to nullptr
I1013 17:02:07.364333 41971 thread.cpp:76] thread 524337 deconstruct actor 1099614388300
I1013 17:02:07.364511 41971 runtime_context.cpp:29] DecreaseCounter job_5_running_actor_count, current val is 32
I1013 17:02:07.364614 41971 actor.cpp:408] actor 1099614388305 switch to nullptr
I1013 17:02:07.364660 41971 thread.cpp:76] thread 524337 deconstruct actor 1099614388305
I1013 17:02:07.364836 41971 runtime_context.cpp:29] DecreaseCounter job_5_running_actor_count, current val is 31
I1013 17:02:07.364894 41971 actor.cpp:408] actor 1099614388313 switch to nullptr
I1013 17:02:07.364931 41971 thread.cpp:76] thread 524337 deconstruct actor 1099614388313
I1013 17:02:07.365098 41971 runtime_context.cpp:29] DecreaseCounter job_5_running_actor_count, current val is 30
I1013 17:02:07.365162 41971 actor.cpp:408] actor 1099614388309 switch to nullptr
I1013 17:02:07.365206 41971 thread.cpp:76] thread 524337 deconstruct actor 1099614388309
I1013 17:02:07.365366 41971 runtime_context.cpp:29] DecreaseCounter job_5_running_actor_count, current val is 29
I1013 17:02:07.365432 41971 actor.cpp:408] actor 1099614388317 switch to nullptr
I1013 17:02:07.365485 41971 thread.cpp:76] thread 524337 deconstruct actor 1099614388317
I1013 17:02:07.365648 41971 runtime_context.cpp:29] DecreaseCounter job_5_running_actor_count, current val is 28
I1013 17:02:07.365707 41971 actor.cpp:408] actor 1099614388321 switch to nullptr
I1013 17:02:07.365757 41971 thread.cpp:76] thread 524337 deconstruct actor 1099614388321
I1013 17:02:07.365919 41971 runtime_context.cpp:29] DecreaseCounter job_5_running_actor_count, current val is 27
I1013 17:02:07.365972 41971 actor.cpp:408] actor 1099614388297 switch to nullptr
I1013 17:02:07.366025 41971 thread.cpp:76] thread 524337 deconstruct actor 1099614388297
I1013 17:02:07.366189 41971 runtime_context.cpp:29] DecreaseCounter job_5_running_actor_count, current val is 26
I1013 17:02:07.366245 41971 actor.cpp:408] actor 1099614388301 switch to nullptr
I1013 17:02:07.366294 41971 thread.cpp:76] thread 524337 deconstruct actor 1099614388301
I1013 17:02:07.366453 41971 runtime_context.cpp:29] DecreaseCounter job_5_running_actor_count, current val is 25
I1013 17:02:07.366511 41971 actor.cpp:408] actor 1099614388251 switch to nullptr
I1013 17:02:07.366559 41971 thread.cpp:76] thread 524337 deconstruct actor 1099614388251
I1013 17:02:07.366736 41971 runtime_context.cpp:29] DecreaseCounter job_1_running_actor_count, current val is 88
I1013 17:02:07.366796 41971 actor.cpp:408] actor 1099614388269 switch to nullptr
I1013 17:02:07.366842 41971 thread.cpp:76] thread 524337 deconstruct actor 1099614388269
I1013 17:02:07.367017 41971 runtime_context.cpp:29] DecreaseCounter job_3_running_actor_count, current val is 90
I1013 17:02:07.367077 41971 actor.cpp:408] actor 1099614388260 switch to nullptr
I1013 17:02:07.367125 41971 thread.cpp:76] thread 524337 deconstruct actor 1099614388260
I1013 17:02:07.367277 41971 runtime_context.cpp:29] DecreaseCounter job_2_running_actor_count, current val is 90
I1013 17:02:07.367334 41971 actor.cpp:408] actor 1099614388278 switch to nullptr
I1013 17:02:07.367386 41971 thread.cpp:76] thread 524337 deconstruct actor 1099614388278
I1013 17:02:07.367579 41971 runtime_context.cpp:29] DecreaseCounter job_4_running_actor_count, current val is 21
I1013 17:02:07.367674 41971 actor.cpp:408] actor 1099614388290 switch to nullptr
I1013 17:02:07.367727 41971 thread.cpp:76] thread 524337 deconstruct actor 1099614388290
I1013 17:02:07.367893 41971 runtime_context.cpp:29] DecreaseCounter job_4_running_actor_count, current val is 20
I1013 17:02:07.367959 41971 actor.cpp:408] actor 1099614388232 switch to nullptr
I1013 17:02:07.368000 41971 thread.cpp:76] thread 524337 deconstruct actor 1099614388232
I1013 17:02:07.368170 41971 runtime_context.cpp:29] DecreaseCounter job_0_running_actor_count, current val is 434
I1013 17:02:07.368233 41971 actor.cpp:408] actor 1099614388242 switch to nullptr
I1013 17:02:07.368273 41971 thread.cpp:76] thread 524337 deconstruct actor 1099614388242
I1013 17:02:07.368643 41971 runtime_context.cpp:29] DecreaseCounter job_0_running_actor_count, current val is 433
I1013 17:02:07.368734 41971 actor.cpp:408] actor 1099614388248 switch to nullptr
I1013 17:02:07.368788 41971 thread.cpp:76] thread 524337 deconstruct actor 1099614388248
I1013 17:02:07.368837 42082 actor.cpp:408] actor 2199023255782 switch to nullptr
I1013 17:02:07.368942 42082 thread.cpp:76] thread 1048576 deconstruct actor 2199023255782
I1013 17:02:07.368966 41971 runtime_context.cpp:29] DecreaseCounter job_1_running_actor_count, current val is 87
I1013 17:02:07.369138 41971 actor.cpp:408] actor 1099614388266 switch to nullptr
I1013 17:02:07.368995 42276 actor.cpp:408] actor 2207613190374 switch to nullptr
I1013 17:02:07.369210 41971 thread.cpp:76] thread 524337 deconstruct actor 1099614388266
I1013 17:02:07.369251 42082 runtime_context.cpp:29] DecreaseCounter job_1_running_actor_count, current val is 86
I1013 17:02:07.369283 42276 thread.cpp:76] thread 1052672 deconstruct actor 2207613190374
I1013 17:02:07.369423 42082 actor.cpp:408] actor 2199023255780 switch to nullptr
I1013 17:02:07.369443 41971 runtime_context.cpp:29] DecreaseCounter job_3_running_actor_count, current val is 89
I1013 17:02:07.369575 42082 thread.cpp:76] thread 1048576 deconstruct actor 2199023255780
I1013 17:02:07.369632 41971 actor.cpp:408] actor 1099614388257 switch to nullptr
I1013 17:02:07.369633 42276 runtime_context.cpp:29] DecreaseCounter job_1_running_actor_count, current val is 85
I1013 17:02:07.369747 41971 thread.cpp:76] thread 524337 deconstruct actor 1099614388257
I1013 17:02:07.369794 42082 runtime_context.cpp:29] DecreaseCounter job_1_running_actor_count, current val is 84
I1013 17:02:07.369823 42276 actor.cpp:408] actor 2207613190368 switch to nullptr
I1013 17:02:07.369922 42082 actor.cpp:408] actor 2199023255779 switch to nullptr
I1013 17:02:07.369967 42276 thread.cpp:76] thread 1052672 deconstruct actor 2207613190368
I1013 17:02:07.369971 41971 runtime_context.cpp:29] DecreaseCounter job_2_running_actor_count, current val is 89
I1013 17:02:07.370075 42082 thread.cpp:76] thread 1048576 deconstruct actor 2199023255779
I1013 17:02:07.370190 41971 actor.cpp:408] actor 1099614388275 switch to nullptr
I1013 17:02:07.370244 42276 runtime_context.cpp:29] DecreaseCounter job_1_running_actor_count, current val is 83
I1013 17:02:07.370366 42082 runtime_context.cpp:29] DecreaseCounter job_1_running_actor_count, current val is 82
I1013 17:02:07.370326 41971 thread.cpp:76] thread 524337 deconstruct actor 1099614388275
I1013 17:02:07.370396 42276 actor.cpp:408] actor 2207613190364 switch to nullptr
I1013 17:02:07.370455 42082 actor.cpp:408] actor 2199023255778 switch to nullptr
I1013 17:02:07.370541 42276 thread.cpp:76] thread 1052672 deconstruct actor 2207613190364
I1013 17:02:07.370609 42082 thread.cpp:76] thread 1048576 deconstruct actor 2199023255778
I1013 17:02:07.370625 41971 runtime_context.cpp:29] DecreaseCounter job_4_running_actor_count, current val is 19
I1013 17:02:07.370764 42276 runtime_context.cpp:29] DecreaseCounter job_1_running_actor_count, current val is 81
I1013 17:02:07.370816 41971 actor.cpp:408] actor 1099614388288 switch to nullptr
I1013 17:02:07.370826 42082 runtime_context.cpp:29] DecreaseCounter job_1_running_actor_count, current val is 80
I1013 17:02:07.370880 42276 actor.cpp:408] actor 2207613190363 switch to nullptr
I1013 17:02:07.370918 41971 thread.cpp:76] thread 524337 deconstruct actor 1099614388288
I1013 17:02:07.371001 42082 actor.cpp:408] actor 2199023255777 switch to nullptr
I1013 17:02:07.371038 42276 thread.cpp:76] thread 1052672 deconstruct actor 2207613190363
I1013 17:02:07.371160 42082 thread.cpp:76] thread 1048576 deconstruct actor 2199023255777
I1013 17:02:07.371210 41971 runtime_context.cpp:29] DecreaseCounter job_4_running_actor_count, current val is 18
I1013 17:02:07.371299 42276 runtime_context.cpp:29] DecreaseCounter job_1_running_actor_count, current val is 79
I1013 17:02:07.371373 42082 runtime_context.cpp:29] DecreaseCounter job_1_running_actor_count, current val is 78
I1013 17:02:07.371345 41971 actor.cpp:408] actor 1099614388227 switch to nullptr
I1013 17:02:07.371405 42276 actor.cpp:408] actor 2207613190372 switch to nullptr
I1013 17:02:07.371459 42082 actor.cpp:408] actor 2199023255776 switch to nullptr
I1013 17:02:07.371583 41971 thread.cpp:76] thread 524337 deconstruct actor 1099614388227
I1013 17:02:07.371640 42276 thread.cpp:76] thread 1052672 deconstruct actor 2207613190372
I1013 17:02:07.371714 42082 thread.cpp:76] thread 1048576 deconstruct actor 2199023255776
I1013 17:02:07.371922 41971 runtime_context.cpp:29] DecreaseCounter job_0_running_actor_count, current val is 432
I1013 17:02:07.371948 42276 runtime_context.cpp:29] DecreaseCounter job_1_running_actor_count, current val is 77
I1013 17:02:07.371999 42082 runtime_context.cpp:29] DecreaseCounter job_1_running_actor_count, current val is 76
I1013 17:02:07.372006 41971 actor.cpp:408] actor 1099614388240 switch to nullptr
I1013 17:02:07.372059 42276 actor.cpp:408] actor 2207613190362 switch to nullptr
I1013 17:02:07.372133 42082 actor.cpp:408] actor 2199023255774 switch to nullptr
I1013 17:02:07.372172 41971 thread.cpp:76] thread 524337 deconstruct actor 1099614388240
I1013 17:02:07.372220 42276 thread.cpp:76] thread 1052672 deconstruct actor 2207613190362
I1013 17:02:07.372292 42082 thread.cpp:76] thread 1048576 deconstruct actor 2199023255774
I1013 17:02:07.372481 41971 runtime_context.cpp:29] DecreaseCounter job_0_running_actor_count, current val is 431
I1013 17:02:07.372507 42276 runtime_context.cpp:29] DecreaseCounter job_1_running_actor_count, current val is 75
I1013 17:02:07.372557 41971 actor.cpp:411] actor 1099614388252 switch to &Actor::HandlerZombie
I1013 17:02:07.372586 42082 runtime_context.cpp:29] DecreaseCounter job_1_running_actor_count, current val is 74
I1013 17:02:07.372745 41959 actor.cpp:408] actor 1099547279360 switch to nullptr
I1013 17:02:07.372715 41971 actor.cpp:408] actor 1099614388247 switch to nullptr
I1013 17:02:07.372658 42276 actor.cpp:408] actor 2207613190361 switch to nullptr
I1013 17:02:07.372751 41960 actor.cpp:408] actor 1099549376512 switch to nullptr
I1013 17:02:07.372779 41961 actor.cpp:408] actor 1099551473664 switch to nullptr
I1013 17:02:07.372781 42082 actor.cpp:408] actor 2199023255769 switch to nullptr
I1013 17:02:07.372833 41959 thread.cpp:76] thread 524305 deconstruct actor 1099547279360
I1013 17:02:07.372889 41971 thread.cpp:76] thread 524337 deconstruct actor 1099614388247
I1013 17:02:07.372946 42276 thread.cpp:76] thread 1052672 deconstruct actor 2207613190361
I1013 17:02:07.373010 41960 thread.cpp:76] thread 524306 deconstruct actor 1099549376512
I1013 17:02:07.373081 41961 thread.cpp:76] thread 524307 deconstruct actor 1099551473664
I1013 17:02:07.373426 42276 runtime_context.cpp:29] DecreaseCounter job_1_running_actor_count, current val is 71
I1013 17:02:07.373368 41959 runtime_context.cpp:29] DecreaseCounter job_1_running_actor_count, current val is 73
I1013 17:02:07.373400 41971 runtime_context.cpp:29] DecreaseCounter job_1_running_actor_count, current val is 72
I1013 17:02:07.373152 42082 thread.cpp:76] thread 1048576 deconstruct actor 2199023255769
I1013 17:02:07.373452 41960 runtime_context.cpp:29] DecreaseCounter job_1_running_actor_count, current val is 70
I1013 17:02:07.373502 42276 actor.cpp:408] actor 2207613190366 switch to nullptr
I1013 17:02:07.373790 42082 runtime_context.cpp:29] DecreaseCounter job_1_running_actor_count, current val is 68
I1013 17:02:07.373629 41971 actor.cpp:411] actor 1099614388270 switch to &Actor::HandlerZombie
I1013 17:02:07.373520 41961 runtime_context.cpp:29] DecreaseCounter job_1_running_actor_count, current val is 69
I1013 17:02:07.373970 41966 actor.cpp:408] actor 1099561959424 switch to nullptr
I1013 17:02:07.373880 42082 actor.cpp:408] actor 2199023255768 switch to nullptr
I1013 17:02:07.373939 41971 actor.cpp:408] actor 1099614388265 switch to nullptr
I1013 17:02:07.373802 42276 thread.cpp:76] thread 1052672 deconstruct actor 2207613190366
I1013 17:02:07.373983 41965 actor.cpp:408] actor 1099559862272 switch to nullptr
I1013 17:02:07.373999 41967 actor.cpp:411] actor 1099564056576 switch to &Actor::HandlerZombie
I1013 17:02:07.374032 41966 thread.cpp:76] thread 524312 deconstruct actor 1099561959424
I1013 17:02:07.374059 42084 actor.cpp:408] actor 2199025352711 switch to nullptr
I1013 17:02:07.374054 42278 actor.cpp:408] actor 2207615287302 switch to nullptr
I1013 17:02:07.374101 42082 thread.cpp:76] thread 1048576 deconstruct actor 2199023255768
I1013 17:02:07.374150 41971 thread.cpp:76] thread 524337 deconstruct actor 1099614388265
I1013 17:02:07.374277 41965 thread.cpp:76] thread 524311 deconstruct actor 1099559862272
I1013 17:02:07.374300 42276 runtime_context.cpp:29] DecreaseCounter job_1_running_actor_count, current val is 67
I1013 17:02:07.374423 41967 thread.cpp:76] thread 524313 deconstruct actor 1099564056576
I1013 17:02:07.374547 42084 thread.cpp:76] thread 1048577 deconstruct actor 2199025352711
I1013 17:02:07.374593 41966 runtime_context.cpp:29] DecreaseCounter job_3_running_actor_count, current val is 88
I1013 17:02:07.374625 42278 thread.cpp:76] thread 1052673 deconstruct actor 2207615287302
I1013 17:02:07.374801 42082 runtime_context.cpp:29] DecreaseCounter job_1_running_actor_count, current val is 66
I1013 17:02:07.374878 41971 runtime_context.cpp:29] DecreaseCounter job_3_running_actor_count, current val is 87
I1013 17:02:07.374886 42276 actor.cpp:408] actor 2207613190359 switch to nullptr
I1013 17:02:07.374953 41965 runtime_context.cpp:29] DecreaseCounter job_3_running_actor_count, current val is 86
I1013 17:02:07.375051 41967 runtime_context.cpp:29] DecreaseCounter job_3_running_actor_count, current val is 85
I1013 17:02:07.375072 42084 runtime_context.cpp:29] DecreaseCounter job_3_running_actor_count, current val is 84
I1013 17:02:07.375188 42278 runtime_context.cpp:29] DecreaseCounter job_3_running_actor_count, current val is 83
I1013 17:02:07.375226 42082 actor.cpp:408] actor 2199023255767 switch to nullptr
I1013 17:02:07.375281 41971 actor.cpp:411] actor 1099614388261 switch to &Actor::HandlerZombie
I1013 17:02:07.375327 42276 thread.cpp:76] thread 1052672 deconstruct actor 2207613190359
I1013 17:02:07.375659 42082 thread.cpp:76] thread 1048576 deconstruct actor 2199023255767
I1013 17:02:07.375730 41971 actor.cpp:408] actor 1099614388256 switch to nullptr
I1013 17:02:07.375780 41962 actor.cpp:408] actor 1099553570816 switch to nullptr
I1013 17:02:07.375780 41963 actor.cpp:408] actor 1099555667968 switch to nullptr
I1013 17:02:07.375794 42278 actor.cpp:408] actor 2207615287301 switch to nullptr
I1013 17:02:07.375814 42084 actor.cpp:408] actor 2199025352710 switch to nullptr
I1013 17:02:07.375818 41964 actor.cpp:411] actor 1099557765120 switch to &Actor::HandlerZombie
I1013 17:02:07.375871 42276 runtime_context.cpp:29] DecreaseCounter job_1_running_actor_count, current val is 65
I1013 17:02:07.375872 41971 thread.cpp:76] thread 524337 deconstruct actor 1099614388256
I1013 17:02:07.375905 42082 runtime_context.cpp:29] DecreaseCounter job_1_running_actor_count, current val is 64
I1013 17:02:07.375933 41962 thread.cpp:76] thread 524308 deconstruct actor 1099553570816
I1013 17:02:07.376439 41971 runtime_context.cpp:29] DecreaseCounter job_2_running_actor_count, current val is 88
I1013 17:02:07.376070 42278 thread.cpp:76] thread 1052673 deconstruct actor 2207615287301
I1013 17:02:07.376132 42084 thread.cpp:76] thread 1048577 deconstruct actor 2199025352710
I1013 17:02:07.376601 42278 runtime_context.cpp:29] DecreaseCounter job_2_running_actor_count, current val is 86
I1013 17:02:07.376264 42276 actor.cpp:408] actor 2207613190371 switch to nullptr
I1013 17:02:07.376405 42082 actor.cpp:408] actor 2199023255766 switch to nullptr
I1013 17:02:07.376005 41963 thread.cpp:76] thread 524309 deconstruct actor 1099555667968
I1013 17:02:07.376502 41971 actor.cpp:411] actor 1099614388279 switch to &Actor::HandlerZombie
I1013 17:02:07.376591 41962 runtime_context.cpp:29] DecreaseCounter job_2_running_actor_count, current val is 87
I1013 17:02:07.376192 41964 thread.cpp:76] thread 524310 deconstruct actor 1099557765120
I1013 17:02:07.376668 42084 runtime_context.cpp:29] DecreaseCounter job_2_running_actor_count, current val is 85
I1013 17:02:07.376718 42276 thread.cpp:76] thread 1052672 deconstruct actor 2207613190371
I1013 17:02:07.376786 42082 thread.cpp:76] thread 1048576 deconstruct actor 2199023255766
I1013 17:02:07.376922 41971 actor.cpp:408] actor 1099614388273 switch to nullptr
I1013 17:02:07.376960 41968 actor.cpp:411] actor 1099566153728 switch to &Actor::HandlerZombie
I1013 17:02:07.376969 41963 runtime_context.cpp:29] DecreaseCounter job_2_running_actor_count, current val is 84
I1013 17:02:07.376992 41970 actor.cpp:411] actor 1099570348032 switch to &Actor::HandlerZombie
I1013 17:02:07.377123 41964 runtime_context.cpp:29] DecreaseCounter job_2_running_actor_count, current val is 83
I1013 17:02:07.377285 42276 runtime_context.cpp:29] DecreaseCounter job_1_running_actor_count, current val is 63
I1013 17:02:07.377319 41971 thread.cpp:76] thread 524337 deconstruct actor 1099614388273
I1013 17:02:07.377358 42082 runtime_context.cpp:29] DecreaseCounter job_1_running_actor_count, current val is 62
I1013 17:02:07.377830 42082 actor.cpp:408] actor 2199023255765 switch to nullptr
I1013 17:02:07.377868 41971 runtime_context.cpp:29] DecreaseCounter job_4_running_actor_count, current val is 17
I1013 17:02:07.377970 41971 actor.cpp:408] actor 1099614388274 switch to nullptr
I1013 17:02:07.377903 42082 thread.cpp:76] thread 1048576 deconstruct actor 2199023255765
I1013 17:02:07.378000 41969 actor.cpp:411] actor 1099568250880 switch to &Actor::HandlerZombie
I1013 17:02:07.378034 41971 thread.cpp:76] thread 524337 deconstruct actor 1099614388274
I1013 17:02:07.378183 42082 runtime_context.cpp:29] DecreaseCounter job_1_running_actor_count, current val is 61
I1013 17:02:07.377715 42276 actor.cpp:408] actor 2207613190357 switch to nullptr
I1013 17:02:07.378273 42082 actor.cpp:408] actor 2199023255773 switch to nullptr
I1013 17:02:07.378304 42276 thread.cpp:76] thread 1052672 deconstruct actor 2207613190357
I1013 17:02:07.378309 41971 runtime_context.cpp:29] DecreaseCounter job_4_running_actor_count, current val is 16
I1013 17:02:07.378520 42082 thread.cpp:76] thread 1048576 deconstruct actor 2199023255773
I1013 17:02:07.378659 41971 actor.cpp:411] actor 1099614388291 switch to &Actor::HandlerZombie
I1013 17:02:07.378690 42276 runtime_context.cpp:29] DecreaseCounter job_1_running_actor_count, current val is 60
I1013 17:02:07.378861 41971 actor.cpp:408] actor 1099614388286 switch to nullptr
I1013 17:02:07.378870 42082 runtime_context.cpp:29] DecreaseCounter job_1_running_actor_count, current val is 59
I1013 17:02:07.378870 41970 thread.cpp:76] thread 524316 deconstruct actor 1099570348032
I1013 17:02:07.378926 42276 actor.cpp:408] actor 2207613190356 switch to nullptr
I1013 17:02:07.378947 41971 thread.cpp:76] thread 524337 deconstruct actor 1099614388286
I1013 17:02:07.379106 42082 actor.cpp:408] actor 2199023255763 switch to nullptr
I1013 17:02:07.379258 41970 runtime_context.cpp:29] DecreaseCounter job_4_running_actor_count, current val is 15
I1013 17:02:07.379303 42276 thread.cpp:76] thread 1052672 deconstruct actor 2207613190356
I1013 17:02:07.379420 42082 thread.cpp:76] thread 1048576 deconstruct actor 2199023255763
I1013 17:02:07.379485 41971 runtime_context.cpp:29] DecreaseCounter job_4_running_actor_count, current val is 14
I1013 17:02:07.379644 42276 runtime_context.cpp:29] DecreaseCounter job_1_running_actor_count, current val is 58
I1013 17:02:07.379695 41968 thread.cpp:76] thread 524314 deconstruct actor 1099566153728
I1013 17:02:07.379679 41971 actor.cpp:408] actor 1099614388282 switch to nullptr
I1013 17:02:07.379704 42082 runtime_context.cpp:29] DecreaseCounter job_1_running_actor_count, current val is 57
I1013 17:02:07.379727 42276 actor.cpp:408] actor 2207613190355 switch to nullptr
I1013 17:02:07.379832 41971 thread.cpp:76] thread 524337 deconstruct actor 1099614388282
I1013 17:02:07.379868 41968 runtime_context.cpp:29] DecreaseCounter job_4_running_actor_count, current val is 13
I1013 17:02:07.379931 42082 actor.cpp:408] actor 2199023255762 switch to nullptr
I1013 17:02:07.379954 42276 thread.cpp:76] thread 1052672 deconstruct actor 2207613190355
I1013 17:02:07.380127 41971 runtime_context.cpp:29] DecreaseCounter job_4_running_actor_count, current val is 12
I1013 17:02:07.380175 42082 thread.cpp:76] thread 1048576 deconstruct actor 2199023255762
I1013 17:02:07.380307 41971 actor.cpp:408] actor 1099614388283 switch to nullptr
I1013 17:02:07.380313 41969 thread.cpp:76] thread 524315 deconstruct actor 1099568250880
I1013 17:02:07.380337 42276 runtime_context.cpp:29] DecreaseCounter job_1_running_actor_count, current val is 56
I1013 17:02:07.380419 41971 thread.cpp:76] thread 524337 deconstruct actor 1099614388283
I1013 17:02:07.380451 42082 runtime_context.cpp:29] DecreaseCounter job_1_running_actor_count, current val is 55
I1013 17:02:07.380538 42276 actor.cpp:408] actor 2207613190354 switch to nullptr
I1013 17:02:07.380575 41969 runtime_context.cpp:29] DecreaseCounter job_4_running_actor_count, current val is 11
I1013 17:02:07.380673 42082 actor.cpp:408] actor 2199023255772 switch to nullptr
I1013 17:02:07.380699 42276 thread.cpp:76] thread 1052672 deconstruct actor 2207613190354
I1013 17:02:07.380713 41971 runtime_context.cpp:29] DecreaseCounter job_4_running_actor_count, current val is 10
I1013 17:02:07.380815 42082 thread.cpp:76] thread 1048576 deconstruct actor 2199023255772
I1013 17:02:07.380954 42276 runtime_context.cpp:29] DecreaseCounter job_1_running_actor_count, current val is 54
I1013 17:02:07.380920 41971 actor.cpp:411] actor 1099614388233 switch to &Actor::HandlerZombie
I1013 17:02:07.381036 42276 actor.cpp:408] actor 2207613190353 switch to nullptr
I1013 17:02:07.381064 42082 runtime_context.cpp:29] DecreaseCounter job_1_running_actor_count, current val is 53
I1013 17:02:07.381160 41945 actor.cpp:408] actor 1099517919232 switch to nullptr
I1013 17:02:07.381114 42276 thread.cpp:76] thread 1052672 deconstruct actor 2207613190353
I1013 17:02:07.381147 41943 actor.cpp:408] actor 1099513724928 switch to nullptr
I1013 17:02:07.381081 41971 actor.cpp:408] actor 1099614388226 switch to nullptr
I1013 17:02:07.381170 42278 actor.cpp:408] actor 2207615287298 switch to nullptr
I1013 17:02:07.381176 41951 actor.cpp:408] actor 1099530502144 switch to nullptr
I1013 17:02:07.381183 41947 actor.cpp:408] actor 1099522113536 switch to nullptr
I1013 17:02:07.381192 41949 actor.cpp:408] actor 1099526307840 switch to nullptr
I1013 17:02:07.381199 42082 actor.cpp:408] actor 2199023255761 switch to nullptr
I1013 17:02:07.381222 41945 thread.cpp:76] thread 524291 deconstruct actor 1099517919232
I1013 17:02:07.381317 41943 thread.cpp:76] thread 524289 deconstruct actor 1099513724928
I1013 17:02:07.381361 41971 thread.cpp:76] thread 524337 deconstruct actor 1099614388226
I1013 17:02:07.381367 42276 runtime_context.cpp:29] DecreaseCounter job_1_running_actor_count, current val is 52
I1013 17:02:07.381414 42278 thread.cpp:76] thread 1052673 deconstruct actor 2207615287298
I1013 17:02:07.381469 41951 thread.cpp:76] thread 524297 deconstruct actor 1099530502144
I1013 17:02:07.381533 41947 thread.cpp:76] thread 524293 deconstruct actor 1099522113536
I1013 17:02:07.381595 41949 thread.cpp:76] thread 524295 deconstruct actor 1099526307840
I1013 17:02:07.382108 41951 runtime_context.cpp:29] DecreaseCounter job_0_running_actor_count, current val is 427
I1013 17:02:07.382207 41947 runtime_context.cpp:29] DecreaseCounter job_0_running_actor_count, current val is 426
I1013 17:02:07.381891 42276 actor.cpp:408] actor 2207613190341 switch to nullptr
I1013 17:02:07.381899 41945 runtime_context.cpp:29] DecreaseCounter job_0_running_actor_count, current val is 430
I1013 17:02:07.381943 41971 runtime_context.cpp:29] DecreaseCounter job_0_running_actor_count, current val is 429
I1013 17:02:07.381974 42278 runtime_context.cpp:29] DecreaseCounter job_0_running_actor_count, current val is 428
I1013 17:02:07.381669 42082 thread.cpp:76] thread 1048576 deconstruct actor 2199023255761
I1013 17:02:07.382318 42276 thread.cpp:76] thread 1052672 deconstruct actor 2207613190341
I1013 17:02:07.382419 41971 actor.cpp:408] actor 1099614388224 switch to nullptr
I1013 17:02:07.382225 41949 runtime_context.cpp:29] DecreaseCounter job_0_running_actor_count, current val is 425
I1013 17:02:07.382477 41954 actor.cpp:408] actor 1099536793600 switch to nullptr
I1013 17:02:07.382480 42278 actor.cpp:408] actor 2207615287296 switch to nullptr
I1013 17:02:07.382513 41957 actor.cpp:411] actor 1099543085056 switch to &Actor::HandlerZombie
I1013 17:02:07.382516 41955 actor.cpp:408] actor 1099538890752 switch to nullptr
I1013 17:02:07.382544 41958 actor.cpp:408] actor 1099545182208 switch to nullptr
I1013 17:02:07.382586 42084 actor.cpp:408] actor 2199025352709 switch to nullptr
I1013 17:02:07.382599 41956 actor.cpp:408] actor 1099540987904 switch to nullptr
I1013 17:02:07.382786 42082 runtime_context.cpp:29] DecreaseCounter job_1_running_actor_count, current val is 51
I1013 17:02:07.382890 42276 runtime_context.cpp:29] DecreaseCounter job_1_running_actor_count, current val is 50
I1013 17:02:07.382933 41971 thread.cpp:76] thread 524337 deconstruct actor 1099614388224
I1013 17:02:07.383080 41954 thread.cpp:76] thread 524300 deconstruct actor 1099536793600
I1013 17:02:07.383139 42278 thread.cpp:76] thread 1052673 deconstruct actor 2207615287296
I1013 17:02:07.383800 41971 runtime_context.cpp:29] DecreaseCounter job_0_running_actor_count, current val is 424
I1013 17:02:07.383204 41957 thread.cpp:76] thread 524303 deconstruct actor 1099543085056
I1013 17:02:07.383272 41955 thread.cpp:76] thread 524301 deconstruct actor 1099538890752
I1013 17:02:07.383961 41942 actor.cpp:408] actor 1099511627776 switch to nullptr
I1013 17:02:07.383412 42084 thread.cpp:76] thread 1048577 deconstruct actor 2199025352709
I1013 17:02:07.383477 41956 thread.cpp:76] thread 524302 deconstruct actor 1099540987904
I1013 17:02:07.383575 42082 actor.cpp:408] actor 2199023255749 switch to nullptr
I1013 17:02:07.383620 42276 actor.cpp:408] actor 2207613190369 switch to nullptr
I1013 17:02:07.383846 42278 runtime_context.cpp:29] DecreaseCounter job_0_running_actor_count, current val is 422
I1013 17:02:07.383867 41971 actor.cpp:408] actor 1099614388225 switch to nullptr
I1013 17:02:07.383846 41954 runtime_context.cpp:29] DecreaseCounter job_0_running_actor_count, current val is 423
I1013 17:02:07.383962 41950 actor.cpp:408] actor 1099528404992 switch to nullptr
I1013 17:02:07.383340 41958 thread.cpp:76] thread 524304 deconstruct actor 1099545182208
I1013 17:02:07.384001 41948 actor.cpp:408] actor 1099524210688 switch to nullptr
I1013 17:02:07.384043 41944 actor.cpp:408] actor 1099515822080 switch to nullptr
I1013 17:02:07.384791 41958 runtime_context.cpp:29] DecreaseCounter job_0_running_actor_count, current val is 417
I1013 17:02:07.384081 41942 thread.cpp:76] thread 524288 deconstruct actor 1099511627776
I1013 17:02:07.384102 41955 runtime_context.cpp:29] DecreaseCounter job_0_running_actor_count, current val is 421
I1013 17:02:07.384120 41957 runtime_context.cpp:29] DecreaseCounter job_0_running_actor_count, current val is 420
I1013 17:02:07.384209 42084 runtime_context.cpp:29] DecreaseCounter job_0_running_actor_count, current val is 419
I1013 17:02:07.385151 42084 actor.cpp:408] actor 2199025352704 switch to nullptr
I1013 17:02:07.385212 42084 thread.cpp:76] thread 1048577 deconstruct actor 2199025352704
I1013 17:02:07.385318 42084 runtime_context.cpp:29] DecreaseCounter job_0_running_actor_count, current val is 416
I1013 17:02:07.384333 42276 thread.cpp:76] thread 1052672 deconstruct actor 2207613190369
I1013 17:02:07.384358 41956 runtime_context.cpp:29] DecreaseCounter job_0_running_actor_count, current val is 418
I1013 17:02:07.384404 42278 actor.cpp:408] actor 2207615287297 switch to nullptr
I1013 17:02:07.384443 41971 thread.cpp:76] thread 524337 deconstruct actor 1099614388225
I1013 17:02:07.384585 41950 thread.cpp:76] thread 524296 deconstruct actor 1099528404992
I1013 17:02:07.384735 41948 thread.cpp:76] thread 524294 deconstruct actor 1099524210688
I1013 17:02:07.385792 41971 runtime_context.cpp:29] DecreaseCounter job_0_running_actor_count, current val is 415
I1013 17:02:07.385847 41971 actor.cpp:411] actor 1099614388243 switch to &Actor::HandlerZombie
I1013 17:02:07.384809 41944 thread.cpp:76] thread 524290 deconstruct actor 1099515822080
I1013 17:02:07.384268 42082 thread.cpp:76] thread 1048576 deconstruct actor 2199023255749
I1013 17:02:07.385443 42084 actor.cpp:408] actor 2199025352705 switch to nullptr
I1013 17:02:07.385596 42276 runtime_context.cpp:29] DecreaseCounter job_1_running_actor_count, current val is 49
I1013 17:02:07.386207 42082 runtime_context.cpp:29] DecreaseCounter job_1_running_actor_count, current val is 48
I1013 17:02:07.385900 41950 runtime_context.cpp:29] DecreaseCounter job_0_running_actor_count, current val is 414
I1013 17:02:07.385962 41971 actor.cpp:408] actor 1099614388236 switch to nullptr
I1013 17:02:07.385984 41948 runtime_context.cpp:29] DecreaseCounter job_0_running_actor_count, current val is 413
I1013 17:02:07.385999 41952 actor.cpp:411] actor 1099532599296 switch to &Actor::HandlerZombie
I1013 17:02:07.386159 42084 thread.cpp:76] thread 1048577 deconstruct actor 2199025352705
I1013 17:02:07.386211 41944 runtime_context.cpp:29] DecreaseCounter job_0_running_actor_count, current val is 412
I1013 17:02:07.386648 42084 runtime_context.cpp:29] DecreaseCounter job_0_running_actor_count, current val is 411
I1013 17:02:07.386245 42276 actor.cpp:408] actor 2207613190340 switch to nullptr
I1013 17:02:07.386293 42082 actor.cpp:408] actor 2199023255775 switch to nullptr
I1013 17:02:07.386391 41971 thread.cpp:76] thread 524337 deconstruct actor 1099614388236
I1013 17:02:07.385620 42278 thread.cpp:76] thread 1052673 deconstruct actor 2207615287297
I1013 17:02:07.386726 42084 actor.cpp:408] actor 2199025352706 switch to nullptr
I1013 17:02:07.386772 42276 thread.cpp:76] thread 1052672 deconstruct actor 2207613190340
I1013 17:02:07.386845 42082 thread.cpp:76] thread 1048576 deconstruct actor 2199023255775
I1013 17:02:07.387009 42278 runtime_context.cpp:29] DecreaseCounter job_0_running_actor_count, current val is 410
I1013 17:02:07.387010 42084 thread.cpp:76] thread 1048577 deconstruct actor 2199025352706
I1013 17:02:07.387033 41971 runtime_context.cpp:29] DecreaseCounter job_0_running_actor_count, current val is 409
I1013 17:02:07.387295 42084 runtime_context.cpp:29] DecreaseCounter job_0_running_actor_count, current val is 408
I1013 17:02:07.387351 41953 actor.cpp:411] actor 1099534696448 switch to &Actor::HandlerZombie
I1013 17:02:07.387228 42082 runtime_context.cpp:29] DecreaseCounter job_1_running_actor_count, current val is 46
I1013 17:02:07.387172 42276 runtime_context.cpp:29] DecreaseCounter job_1_running_actor_count, current val is 47
I1013 17:02:07.387316 41971 actor.cpp:408] actor 1099614388237 switch to nullptr
I1013 17:02:07.387203 42278 actor.cpp:408] actor 2207615287299 switch to nullptr
I1013 17:02:07.387373 42084 actor.cpp:408] actor 2199025352707 switch to nullptr
I1013 17:02:07.387480 42082 actor.cpp:408] actor 2199023255748 switch to nullptr
I1013 17:02:07.387533 42276 actor.cpp:408] actor 2207613190337 switch to nullptr
I1013 17:02:07.387558 41971 thread.cpp:76] thread 524337 deconstruct actor 1099614388237
I1013 17:02:07.387614 42278 thread.cpp:76] thread 1052673 deconstruct actor 2207615287299
I1013 17:02:07.387676 42084 thread.cpp:76] thread 1048577 deconstruct actor 2199025352707
I1013 17:02:07.387734 42082 thread.cpp:76] thread 1048576 deconstruct actor 2199023255748
I1013 17:02:07.388000 42084 runtime_context.cpp:29] DecreaseCounter job_0_running_actor_count, current val is 405
I1013 17:02:07.388103 42082 runtime_context.cpp:29] DecreaseCounter job_1_running_actor_count, current val is 45
I1013 17:02:07.388181 42082 actor.cpp:408] actor 2199023255747 switch to nullptr
I1013 17:02:07.388254 42082 thread.cpp:76] thread 1048576 deconstruct actor 2199023255747
I1013 17:02:07.387791 42276 thread.cpp:76] thread 1052672 deconstruct actor 2207613190337
I1013 17:02:07.387933 42278 runtime_context.cpp:29] DecreaseCounter job_0_running_actor_count, current val is 407
I1013 17:02:07.387962 41971 runtime_context.cpp:29] DecreaseCounter job_0_running_actor_count, current val is 406
I1013 17:02:07.388394 42082 runtime_context.cpp:29] DecreaseCounter job_1_running_actor_count, current val is 44
I1013 17:02:07.388448 42278 actor.cpp:408] actor 2207615287300 switch to nullptr
I1013 17:02:07.388480 42276 runtime_context.cpp:29] DecreaseCounter job_1_running_actor_count, current val is 43
I1013 17:02:07.388542 41971 actor.cpp:408] actor 1099614388253 switch to nullptr
I1013 17:02:07.388599 42082 actor.cpp:408] actor 2199023255750 switch to nullptr
I1013 17:02:07.388633 42278 thread.cpp:76] thread 1052673 deconstruct actor 2207615287300
I1013 17:02:07.388702 42276 actor.cpp:408] actor 2207613190339 switch to nullptr
I1013 17:02:07.388864 42278 runtime_context.cpp:29] DecreaseCounter job_0_running_actor_count, current val is 404
I1013 17:02:07.388782 42082 thread.cpp:76] thread 1048576 deconstruct actor 2199023255750
I1013 17:02:07.388721 41971 thread.cpp:76] thread 524337 deconstruct actor 1099614388253
I1013 17:02:07.388875 42276 thread.cpp:76] thread 1052672 deconstruct actor 2207613190339
I1013 17:02:07.389048 42082 runtime_context.cpp:29] DecreaseCounter job_1_running_actor_count, current val is 42
I1013 17:02:07.389127 42082 actor.cpp:408] actor 2199023255759 switch to nullptr
I1013 17:02:07.389143 41971 runtime_context.cpp:29] DecreaseCounter job_1_running_actor_count, current val is 41
I1013 17:02:07.389153 42276 runtime_context.cpp:29] DecreaseCounter job_1_running_actor_count, current val is 40
I1013 17:02:07.389196 42082 thread.cpp:76] thread 1048576 deconstruct actor 2199023255759
I1013 17:02:07.389252 41971 actor.cpp:408] actor 1099614388246 switch to nullptr
I1013 17:02:07.389310 42276 actor.cpp:408] actor 2207613190370 switch to nullptr
I1013 17:02:07.389451 42082 runtime_context.cpp:29] DecreaseCounter job_1_running_actor_count, current val is 39
I1013 17:02:07.389415 41971 thread.cpp:76] thread 524337 deconstruct actor 1099614388246
I1013 17:02:07.389463 42276 thread.cpp:76] thread 1052672 deconstruct actor 2207613190370
I1013 17:02:07.389533 42082 actor.cpp:408] actor 2199023255771 switch to nullptr
I1013 17:02:07.389676 42082 thread.cpp:76] thread 1048576 deconstruct actor 2199023255771
I1013 17:02:07.389719 42276 runtime_context.cpp:29] DecreaseCounter job_1_running_actor_count, current val is 37
I1013 17:02:07.389709 41971 runtime_context.cpp:29] DecreaseCounter job_1_running_actor_count, current val is 38
I1013 17:02:07.389787 42276 actor.cpp:408] actor 2207613190343 switch to nullptr
I1013 17:02:07.389817 42082 runtime_context.cpp:29] DecreaseCounter job_1_running_actor_count, current val is 36
I1013 17:02:07.389829 41971 actor.cpp:411] actor 1099614388249 switch to &Actor::HandlerZombie
I1013 17:02:07.389870 42276 thread.cpp:76] thread 1052672 deconstruct actor 2207613190343
I1013 17:02:07.389951 42082 actor.cpp:408] actor 2199023255746 switch to nullptr
I1013 17:02:07.389991 41971 actor.cpp:408] actor 1099614388271 switch to nullptr
I1013 17:02:07.390086 42082 thread.cpp:76] thread 1048576 deconstruct actor 2199023255746
I1013 17:02:07.390121 42276 runtime_context.cpp:29] DecreaseCounter job_1_running_actor_count, current val is 35
I1013 17:02:07.390136 41971 thread.cpp:76] thread 524337 deconstruct actor 1099614388271
I1013 17:02:07.390259 42276 actor.cpp:408] actor 2207613190365 switch to nullptr
I1013 17:02:07.390292 42082 runtime_context.cpp:29] DecreaseCounter job_1_running_actor_count, current val is 34
I1013 17:02:07.390342 42276 thread.cpp:76] thread 1052672 deconstruct actor 2207613190365
I1013 17:02:07.390419 42082 actor.cpp:408] actor 2199023255764 switch to nullptr
I1013 17:02:07.390422 41971 runtime_context.cpp:29] DecreaseCounter job_3_running_actor_count, current val is 82
I1013 17:02:07.390504 42082 thread.cpp:76] thread 1048576 deconstruct actor 2199023255764
I1013 17:02:07.390533 42276 runtime_context.cpp:29] DecreaseCounter job_1_running_actor_count, current val is 33
I1013 17:02:07.390563 41971 actor.cpp:408] actor 1099614388264 switch to nullptr
I1013 17:02:07.390682 42276 actor.cpp:408] actor 2207613190342 switch to nullptr
I1013 17:02:07.390710 42082 runtime_context.cpp:29] DecreaseCounter job_1_running_actor_count, current val is 32
I1013 17:02:07.390712 41971 thread.cpp:76] thread 524337 deconstruct actor 1099614388264
I1013 17:02:07.390760 42276 thread.cpp:76] thread 1052672 deconstruct actor 2207613190342
I1013 17:02:07.390915 42082 actor.cpp:408] actor 2199023255751 switch to nullptr
I1013 17:02:07.391057 42082 thread.cpp:76] thread 1048576 deconstruct actor 2199023255751
I1013 17:02:07.391072 41971 runtime_context.cpp:29] DecreaseCounter job_3_running_actor_count, current val is 81
I1013 17:02:07.391079 42276 runtime_context.cpp:29] DecreaseCounter job_1_running_actor_count, current val is 31
I1013 17:02:07.391202 42082 runtime_context.cpp:29] DecreaseCounter job_1_running_actor_count, current val is 30
