I1012 19:33:16.277623 13213 runtime_context.cpp:29] DecreaseCounter constructing_actor_cnt, current val is 671
I1012 19:33:16.277680 13147 naive_actor.cpp:25] actor 1099614388250 switch to &NaiveActor::HandlerNormal
I1012 19:33:16.277768 13147 thread.cpp:96] Thread 524337 construct Actor kSrcSubsetTick 1099614388250
I1012 19:33:16.277874 13147 runtime_context.cpp:29] DecreaseCounter constructing_actor_cnt, current val is 670
I1012 19:33:16.278789 13147 naive_actor.cpp:25] actor 1099614388253 switch to &NaiveActor::HandlerNormal
I1012 19:33:16.278928 13268 naive_actor.cpp:25] actor 2207613190153 switch to &NaiveActor::HandlerNormal
I1012 19:33:16.278932 13147 thread.cpp:96] Thread 524337 construct Actor kTick 1099614388253
I1012 19:33:16.279078 13268 thread.cpp:96] Thread 1052672 construct Actor kNormalForward 2207613190153
I1012 19:33:16.279343 13268 runtime_context.cpp:29] DecreaseCounter constructing_actor_cnt, current val is 668
I1012 19:33:16.279165 13147 runtime_context.cpp:29] DecreaseCounter constructing_actor_cnt, current val is 669
I1012 19:33:16.279805 13213 naive_actor.cpp:25] actor 2199023255562 switch to &NaiveActor::HandlerNormal
I1012 19:33:16.279925 13213 thread.cpp:96] Thread 1048576 construct Actor kNormalForward 2199023255562
I1012 19:33:16.280081 13213 runtime_context.cpp:29] DecreaseCounter constructing_actor_cnt, current val is 667
I1012 19:33:16.280565 13147 naive_actor.cpp:25] actor 1099614388256 switch to &NaiveActor::HandlerNormal
I1012 19:33:16.280725 13147 thread.cpp:96] Thread 524337 construct Actor kTick 1099614388256
I1012 19:33:16.281039 13147 runtime_context.cpp:29] DecreaseCounter constructing_actor_cnt, current val is 666
I1012 19:33:16.281881 13213 naive_actor.cpp:25] actor 2199023255556 switch to &NaiveActor::HandlerNormal
I1012 19:33:16.281977 13213 thread.cpp:96] Thread 1048576 construct Actor kNormalForward 2199023255556
I1012 19:33:16.281992 13268 naive_actor.cpp:25] actor 2207613190148 switch to &NaiveActor::HandlerNormal
I1012 19:33:16.282124 13213 runtime_context.cpp:29] DecreaseCounter constructing_actor_cnt, current val is 665
I1012 19:33:16.282356 13268 thread.cpp:96] Thread 1052672 construct Actor kNormalForward 2207613190148
I1012 19:33:16.282552 13268 runtime_context.cpp:29] DecreaseCounter constructing_actor_cnt, current val is 664
I1012 19:33:16.282763 13147 naive_actor.cpp:25] actor 1099614388249 switch to &NaiveActor::HandlerNormal
I1012 19:33:16.282949 13147 thread.cpp:96] Thread 524337 construct Actor kDeviceTick 1099614388249
I1012 19:33:16.283257 13147 runtime_context.cpp:29] DecreaseCounter constructing_actor_cnt, current val is 663
I1012 19:33:16.283381 13213 naive_actor.cpp:25] actor 2199023255579 switch to &NaiveActor::HandlerNormal
I1012 19:33:16.283474 13213 thread.cpp:96] Thread 1048576 construct Actor kNormalForward 2199023255579
I1012 19:33:16.283591 13213 runtime_context.cpp:29] DecreaseCounter constructing_actor_cnt, current val is 662
I1012 19:33:16.283691 13268 naive_actor.cpp:25] actor 2207613190151 switch to &NaiveActor::HandlerNormal
I1012 19:33:16.284001 13268 thread.cpp:96] Thread 1052672 construct Actor kNormalForward 2207613190151
I1012 19:33:16.284091 13268 runtime_context.cpp:29] DecreaseCounter constructing_actor_cnt, current val is 661
I1012 19:33:16.284577 13147 naive_actor.cpp:25] actor 1099614388254 switch to &NaiveActor::HandlerNormal
I1012 19:33:16.284847 13147 thread.cpp:96] Thread 524337 construct Actor kDstSubsetTick 1099614388254
I1012 19:33:16.285068 13147 runtime_context.cpp:29] DecreaseCounter constructing_actor_cnt, current val is 660
I1012 19:33:16.285992 13147 naive_actor.cpp:25] actor 1099614388255 switch to &NaiveActor::HandlerNormal
I1012 19:33:16.286077 13147 thread.cpp:96] Thread 524337 construct Actor kTick 1099614388255
I1012 19:33:16.286195 13147 runtime_context.cpp:29] DecreaseCounter constructing_actor_cnt, current val is 659
I1012 19:33:16.289480 13213 naive_actor.cpp:25] actor 2199023255553 switch to &NaiveActor::HandlerNormal
I1012 19:33:16.289525 13147 naive_actor.cpp:25] actor 1099614388304 switch to &NaiveActor::HandlerNormal
I1012 19:33:16.292645 13147 thread.cpp:96] Thread 524337 construct Actor kTick 1099614388304
I1012 19:33:16.292793 13147 runtime_context.cpp:29] DecreaseCounter constructing_actor_cnt, current val is 658
I1012 19:33:16.289649 13268 naive_actor.cpp:25] actor 2207613190152 switch to &NaiveActor::HandlerNormal
I1012 19:33:16.292500 13213 thread.cpp:96] Thread 1048576 construct Actor kNormalForward 2199023255553
I1012 19:33:16.292975 13268 thread.cpp:96] Thread 1052672 construct Actor kNormalForward 2207613190152
I1012 19:33:16.293241 13213 runtime_context.cpp:29] DecreaseCounter constructing_actor_cnt, current val is 657
I1012 19:33:16.293241 13268 runtime_context.cpp:29] DecreaseCounter constructing_actor_cnt, current val is 656
I1012 19:33:16.294078 13147 naive_actor.cpp:25] actor 1099614388263 switch to &NaiveActor::HandlerNormal
I1012 19:33:16.294159 13147 thread.cpp:96] Thread 524337 construct Actor kDstSubsetTick 1099614388263
I1012 19:33:16.294314 13147 runtime_context.cpp:29] DecreaseCounter constructing_actor_cnt, current val is 655
I1012 19:33:16.294502 13213 naive_actor.cpp:25] actor 2199023255559 switch to &NaiveActor::HandlerNormal
I1012 19:33:16.294623 13213 thread.cpp:96] Thread 1048576 construct Actor kNormalForward 2199023255559
I1012 19:33:16.294765 13213 runtime_context.cpp:29] DecreaseCounter constructing_actor_cnt, current val is 654
I1012 19:33:16.295382 13147 naive_actor.cpp:25] actor 1099614388257 switch to &NaiveActor::HandlerNormal
I1012 19:33:16.295467 13147 thread.cpp:96] Thread 524337 construct Actor kTick 1099614388257
I1012 19:33:16.295548 13147 runtime_context.cpp:29] DecreaseCounter constructing_actor_cnt, current val is 653
I1012 19:33:16.296533 13147 naive_actor.cpp:25] actor 1099614388259 switch to &NaiveActor::HandlerNormal
I1012 19:33:16.296617 13147 thread.cpp:96] Thread 524337 construct Actor kSrcSubsetTick 1099614388259
I1012 19:33:16.296689 13147 runtime_context.cpp:29] DecreaseCounter constructing_actor_cnt, current val is 652
I1012 19:33:16.297376 13147 naive_actor.cpp:25] actor 1099614388258 switch to &NaiveActor::HandlerNormal
I1012 19:33:16.297403 13106 naive_actor.cpp:25] actor 1099513724928 switch to &NaiveActor::HandlerNormal
I1012 19:33:16.297459 13147 thread.cpp:96] Thread 524337 construct Actor kDeviceTick 1099614388258
I1012 19:33:16.297665 13147 runtime_context.cpp:29] DecreaseCounter constructing_actor_cnt, current val is 651
I1012 19:33:16.297521 13106 thread.cpp:96] Thread 524289 construct Actor kNormalForward 1099513724928
I1012 19:33:16.297809 13106 runtime_context.cpp:29] DecreaseCounter constructing_actor_cnt, current val is 650
I1012 19:33:16.297907 13213 naive_actor.cpp:25] actor 2199023255560 switch to &NaiveActor::HandlerNormal
I1012 19:33:16.298019 13213 thread.cpp:96] Thread 1048576 construct Actor kNormalForward 2199023255560
I1012 19:33:16.298179 13213 runtime_context.cpp:29] DecreaseCounter constructing_actor_cnt, current val is 649
I1012 19:33:16.298760 13147 naive_actor.cpp:25] actor 1099614388264 switch to &NaiveActor::HandlerNormal
I1012 19:33:16.298839 13147 thread.cpp:96] Thread 524337 construct Actor kTick 1099614388264
I1012 19:33:16.298925 13147 runtime_context.cpp:29] DecreaseCounter constructing_actor_cnt, current val is 648
I1012 19:33:16.299010 13268 naive_actor.cpp:25] actor 2207613190144 switch to &NaiveActor::HandlerNormal
I1012 19:33:16.299295 13268 thread.cpp:96] Thread 1052672 construct Actor kNormalForward 2207613190144
I1012 19:33:16.299455 13268 runtime_context.cpp:29] DecreaseCounter constructing_actor_cnt, current val is 647
I1012 19:33:16.300148 13147 naive_actor.cpp:25] actor 1099614388323 switch to &NaiveActor::HandlerNormal
I1012 19:33:16.300233 13147 thread.cpp:96] Thread 524337 construct Actor kTick 1099614388323
I1012 19:33:16.300344 13147 runtime_context.cpp:29] DecreaseCounter constructing_actor_cnt, current val is 646
I1012 19:33:16.301344 13147 naive_actor.cpp:25] actor 1099614388262 switch to &NaiveActor::HandlerNormal
I1012 19:33:16.301421 13147 thread.cpp:96] Thread 524337 construct Actor kTick 1099614388262
I1012 19:33:16.301532 13147 runtime_context.cpp:29] DecreaseCounter constructing_actor_cnt, current val is 645
I1012 19:33:16.301606 13268 naive_actor.cpp:25] actor 2207613190150 switch to &NaiveActor::HandlerNormal
I1012 19:33:16.301697 13268 thread.cpp:96] Thread 1052672 construct Actor kNormalForward 2207613190150
I1012 19:33:16.301791 13268 runtime_context.cpp:29] DecreaseCounter constructing_actor_cnt, current val is 644
I1012 19:33:16.305521 13147 naive_actor.cpp:25] actor 1099614388265 switch to &NaiveActor::HandlerNormal
I1012 19:33:16.305704 13147 thread.cpp:96] Thread 524337 construct Actor kTick 1099614388265
I1012 19:33:16.305830 13147 runtime_context.cpp:29] DecreaseCounter constructing_actor_cnt, current val is 643
I1012 19:33:16.306005 13213 naive_actor.cpp:25] actor 2199023255552 switch to &NaiveActor::HandlerNormal
I1012 19:33:16.306159 13213 thread.cpp:96] Thread 1048576 construct Actor kNormalForward 2199023255552
I1012 19:33:16.306609 13213 runtime_context.cpp:29] DecreaseCounter constructing_actor_cnt, current val is 642
I1012 19:33:16.306689 13147 naive_actor.cpp:25] actor 1099614388266 switch to &NaiveActor::HandlerNormal
I1012 19:33:16.309681 13147 thread.cpp:96] Thread 524337 construct Actor kTick 1099614388266
I1012 19:33:16.309887 13147 runtime_context.cpp:29] DecreaseCounter constructing_actor_cnt, current val is 641
I1012 19:33:16.309970 13105 naive_actor.cpp:25] actor 1099511627776 switch to &NaiveActor::HandlerNormal
I1012 19:33:16.310017 13105 thread.cpp:96] Thread 524288 construct Actor kNormalForward 1099511627776
I1012 19:33:16.310127 13105 runtime_context.cpp:29] DecreaseCounter constructing_actor_cnt, current val is 640
I1012 19:33:16.309135 13268 naive_actor.cpp:25] actor 2207613190167 switch to &NaiveActor::HandlerNormal
I1012 19:33:16.310230 13268 thread.cpp:96] Thread 1052672 construct Actor kNormalForward 2207613190167
I1012 19:33:16.310294 13107 naive_actor.cpp:25] actor 1099515822080 switch to &NaiveActor::HandlerNormal
I1012 19:33:16.310314 13268 runtime_context.cpp:29] DecreaseCounter constructing_actor_cnt, current val is 639
I1012 19:33:16.310369 13107 thread.cpp:96] Thread 524290 construct Actor kNormalForward 1099515822080
I1012 19:33:16.310643 13107 runtime_context.cpp:29] DecreaseCounter constructing_actor_cnt, current val is 638
I1012 19:33:16.310549 13108 naive_actor.cpp:25] actor 1099517919232 switch to &NaiveActor::HandlerNormal
I1012 19:33:16.310755 13108 thread.cpp:96] Thread 524291 construct Actor kNormalForward 1099517919232
I1012 19:33:16.310842 13108 runtime_context.cpp:29] DecreaseCounter constructing_actor_cnt, current val is 637
I1012 19:33:16.311519 13147 naive_actor.cpp:25] actor 1099614388273 switch to &NaiveActor::HandlerNormal
I1012 19:33:16.311607 13147 thread.cpp:96] Thread 524337 construct Actor kTick 1099614388273
I1012 19:33:16.311693 13147 runtime_context.cpp:29] DecreaseCounter constructing_actor_cnt, current val is 636
I1012 19:33:16.312114 13213 naive_actor.cpp:25] actor 2199023255555 switch to &NaiveActor::HandlerNormal
I1012 19:33:16.312258 13213 thread.cpp:96] Thread 1048576 construct Actor kNormalForward 2199023255555
I1012 19:33:16.312448 13213 runtime_context.cpp:29] DecreaseCounter constructing_actor_cnt, current val is 635
I1012 19:33:16.312608 13147 naive_actor.cpp:25] actor 1099614388272 switch to &NaiveActor::HandlerNormal
I1012 19:33:16.313210 13147 thread.cpp:96] Thread 524337 construct Actor kDstSubsetTick 1099614388272
I1012 19:33:16.313529 13147 runtime_context.cpp:29] DecreaseCounter constructing_actor_cnt, current val is 634
I1012 19:33:16.314299 13147 naive_actor.cpp:25] actor 1099614388267 switch to &NaiveActor::HandlerNormal
I1012 19:33:16.314378 13147 thread.cpp:96] Thread 524337 construct Actor kDeviceTick 1099614388267
I1012 19:33:16.314534 13147 runtime_context.cpp:29] DecreaseCounter constructing_actor_cnt, current val is 633
I1012 19:33:16.315124 13147 naive_actor.cpp:25] actor 1099614388274 switch to &NaiveActor::HandlerNormal
I1012 19:33:16.315202 13147 thread.cpp:96] Thread 524337 construct Actor kTick 1099614388274
I1012 19:33:16.315289 13147 runtime_context.cpp:29] DecreaseCounter constructing_actor_cnt, current val is 632
I1012 19:33:16.315404 13213 naive_actor.cpp:25] actor 2199023255569 switch to &NaiveActor::HandlerNormal
I1012 19:33:16.315544 13213 thread.cpp:96] Thread 1048576 construct Actor kNormalForward 2199023255569
I1012 19:33:16.315708 13213 runtime_context.cpp:29] DecreaseCounter constructing_actor_cnt, current val is 631
I1012 19:33:16.321461 13147 naive_actor.cpp:25] actor 1099614388268 switch to &NaiveActor::HandlerNormal
I1012 19:33:16.321637 13147 thread.cpp:96] Thread 524337 construct Actor kSrcSubsetTick 1099614388268
I1012 19:33:16.321760 13147 runtime_context.cpp:29] DecreaseCounter constructing_actor_cnt, current val is 630
I1012 19:33:16.322211 13213 naive_actor.cpp:25] actor 2199023255593 switch to &NaiveActor::HandlerNormal
I1012 19:33:16.322361 13213 thread.cpp:96] Thread 1048576 construct Actor kNormalForward 2199023255593
I1012 19:33:16.322490 13268 naive_actor.cpp:25] actor 2207613190149 switch to &NaiveActor::HandlerNormal
I1012 19:33:16.322540 13213 runtime_context.cpp:29] DecreaseCounter constructing_actor_cnt, current val is 629
I1012 19:33:16.322978 13147 naive_actor.cpp:25] actor 1099614388271 switch to &NaiveActor::HandlerNormal
I1012 19:33:16.327973 13268 thread.cpp:96] Thread 1052672 construct Actor kNormalForward 2207613190149
I1012 19:33:16.328323 13147 thread.cpp:96] Thread 524337 construct Actor kTick 1099614388271
I1012 19:33:16.328541 13268 runtime_context.cpp:29] DecreaseCounter constructing_actor_cnt, current val is 628
I1012 19:33:16.328626 13147 runtime_context.cpp:29] DecreaseCounter constructing_actor_cnt, current val is 627
I1012 19:33:16.329625 13147 naive_actor.cpp:25] actor 1099614388299 switch to &NaiveActor::HandlerNormal
I1012 19:33:16.329725 13147 thread.cpp:96] Thread 524337 construct Actor kTick 1099614388299
I1012 19:33:16.330555 13147 runtime_context.cpp:29] DecreaseCounter constructing_actor_cnt, current val is 626
I1012 19:33:16.331127 13213 naive_actor.cpp:25] actor 2199023255583 switch to &NaiveActor::HandlerNormal
I1012 19:33:16.331245 13213 thread.cpp:96] Thread 1048576 construct Actor kNormalForward 2199023255583
I1012 19:33:16.331411 13213 runtime_context.cpp:29] DecreaseCounter constructing_actor_cnt, current val is 625
I1012 19:33:16.331264 13268 naive_actor.cpp:25] actor 2207613190165 switch to &NaiveActor::HandlerNormal
I1012 19:33:16.331701 13268 thread.cpp:96] Thread 1052672 construct Actor kNormalForward 2207613190165
I1012 19:33:16.331812 13268 runtime_context.cpp:29] DecreaseCounter constructing_actor_cnt, current val is 624
I1012 19:33:16.332002 13147 naive_actor.cpp:25] actor 1099614388282 switch to &NaiveActor::HandlerNormal
I1012 19:33:16.332106 13147 thread.cpp:96] Thread 524337 construct Actor kTick 1099614388282
I1012 19:33:16.332259 13147 runtime_context.cpp:29] DecreaseCounter constructing_actor_cnt, current val is 623
I1012 19:33:16.333331 13147 naive_actor.cpp:25] actor 1099614388283 switch to &NaiveActor::HandlerNormal
I1012 19:33:16.333441 13147 thread.cpp:96] Thread 524337 construct Actor kTick 1099614388283
I1012 19:33:16.333736 13147 runtime_context.cpp:29] DecreaseCounter constructing_actor_cnt, current val is 622
I1012 19:33:16.334653 13213 naive_actor.cpp:25] actor 2199023255574 switch to &NaiveActor::HandlerNormal
I1012 19:33:16.334869 13213 thread.cpp:96] Thread 1048576 construct Actor kNormalForward 2199023255574
I1012 19:33:16.335037 13213 runtime_context.cpp:29] DecreaseCounter constructing_actor_cnt, current val is 621
I1012 19:33:16.334699 13268 naive_actor.cpp:25] actor 2207613190170 switch to &NaiveActor::HandlerNormal
I1012 19:33:16.335235 13268 thread.cpp:96] Thread 1052672 construct Actor kNormalForward 2207613190170
I1012 19:33:16.335348 13268 runtime_context.cpp:29] DecreaseCounter constructing_actor_cnt, current val is 620
I1012 19:33:16.334743 13147 naive_actor.cpp:25] actor 1099614388280 switch to &NaiveActor::HandlerNormal
I1012 19:33:16.335592 13147 thread.cpp:96] Thread 524337 construct Actor kTick 1099614388280
I1012 19:33:16.335677 13147 runtime_context.cpp:29] DecreaseCounter constructing_actor_cnt, current val is 619
I1012 19:33:16.336503 13268 naive_actor.cpp:25] actor 2207613190178 switch to &NaiveActor::HandlerNormal
I1012 19:33:16.336587 13268 thread.cpp:96] Thread 1052672 construct Actor kNormalForward 2207613190178
I1012 19:33:16.337047 13268 runtime_context.cpp:29] DecreaseCounter constructing_actor_cnt, current val is 618
I1012 19:33:16.336773 13147 naive_actor.cpp:25] actor 1099614388298 switch to &NaiveActor::HandlerNormal
I1012 19:33:16.337368 13147 thread.cpp:96] Thread 524337 construct Actor kTick 1099614388298
I1012 19:33:16.337477 13147 runtime_context.cpp:29] DecreaseCounter constructing_actor_cnt, current val is 617
I1012 19:33:16.338279 13268 naive_actor.cpp:25] actor 2207613190146 switch to &NaiveActor::HandlerNormal
I1012 19:33:16.338558 13268 thread.cpp:96] Thread 1052672 construct Actor kNormalForward 2207613190146
I1012 19:33:16.338673 13268 runtime_context.cpp:29] DecreaseCounter constructing_actor_cnt, current val is 616
I1012 19:33:16.338927 13147 naive_actor.cpp:25] actor 1099614388285 switch to &NaiveActor::HandlerNormal
I1012 19:33:16.339008 13147 thread.cpp:96] Thread 524337 construct Actor kTick 1099614388285
I1012 19:33:16.339104 13147 runtime_context.cpp:29] DecreaseCounter constructing_actor_cnt, current val is 615
I1012 19:33:16.339893 13268 naive_actor.cpp:25] actor 2207613190192 switch to &NaiveActor::HandlerNormal
I1012 19:33:16.339982 13268 thread.cpp:96] Thread 1052672 construct Actor kNormalForward 2207613190192
I1012 19:33:16.340068 13268 runtime_context.cpp:29] DecreaseCounter constructing_actor_cnt, current val is 614
I1012 19:33:16.340164 13147 naive_actor.cpp:25] actor 1099614388294 switch to &NaiveActor::HandlerNormal
I1012 19:33:16.340268 13147 thread.cpp:96] Thread 524337 construct Actor kTick 1099614388294
I1012 19:33:16.340370 13147 runtime_context.cpp:29] DecreaseCounter constructing_actor_cnt, current val is 613
I1012 19:33:16.341140 13147 naive_actor.cpp:25] actor 1099614388322 switch to &NaiveActor::HandlerNormal
I1012 19:33:16.341233 13147 thread.cpp:96] Thread 524337 construct Actor kTick 1099614388322
I1012 19:33:16.341326 13147 runtime_context.cpp:29] DecreaseCounter constructing_actor_cnt, current val is 612
I1012 19:33:16.341459 13213 naive_actor.cpp:25] actor 2199023255580 switch to &NaiveActor::HandlerNormal
I1012 19:33:16.341603 13213 thread.cpp:96] Thread 1048576 construct Actor kNormalForward 2199023255580
I1012 19:33:16.341763 13213 runtime_context.cpp:29] DecreaseCounter constructing_actor_cnt, current val is 611
I1012 19:33:16.358659 13147 naive_actor.cpp:25] actor 1099614388277 switch to &NaiveActor::HandlerNormal
I1012 19:33:16.358856 13147 thread.cpp:96] Thread 524337 construct Actor kSrcSubsetTick 1099614388277
I1012 19:33:16.359002 13147 runtime_context.cpp:29] DecreaseCounter constructing_actor_cnt, current val is 610
I1012 19:33:16.360416 13268 naive_actor.cpp:25] actor 2207613190160 switch to &NaiveActor::HandlerNormal
I1012 19:33:16.360509 13268 thread.cpp:96] Thread 1052672 construct Actor kNormalForward 2207613190160
I1012 19:33:16.360656 13268 runtime_context.cpp:29] DecreaseCounter constructing_actor_cnt, current val is 609
I1012 19:33:16.361006 13147 naive_actor.cpp:25] actor 1099614388275 switch to &NaiveActor::HandlerNormal
I1012 19:33:16.361335 13147 thread.cpp:96] Thread 524337 construct Actor kDeviceTick 1099614388275
I1012 19:33:16.361459 13147 runtime_context.cpp:29] DecreaseCounter constructing_actor_cnt, current val is 608
I1012 19:33:16.362505 13147 naive_actor.cpp:25] actor 1099614388281 switch to &NaiveActor::HandlerNormal
I1012 19:33:16.362663 13147 thread.cpp:96] Thread 524337 construct Actor kDstSubsetTick 1099614388281
I1012 19:33:16.362773 13147 runtime_context.cpp:29] DecreaseCounter constructing_actor_cnt, current val is 607
I1012 19:33:16.362932 13213 naive_actor.cpp:25] actor 2199023255621 switch to &NaiveActor::HandlerNormal
I1012 19:33:16.363080 13213 thread.cpp:96] Thread 1048576 construct Actor kNormalForward 2199023255621
I1012 19:33:16.363270 13213 runtime_context.cpp:29] DecreaseCounter constructing_actor_cnt, current val is 606
I1012 19:33:16.363999 13268 naive_actor.cpp:25] actor 2207613190159 switch to &NaiveActor::HandlerNormal
I1012 19:33:16.364082 13268 thread.cpp:96] Thread 1052672 construct Actor kNormalForward 2207613190159
I1012 19:33:16.364181 13268 runtime_context.cpp:29] DecreaseCounter constructing_actor_cnt, current val is 605
I1012 19:33:16.364493 13147 naive_actor.cpp:25] actor 1099614388276 switch to &NaiveActor::HandlerNormal
I1012 19:33:16.364652 13147 thread.cpp:96] Thread 524337 construct Actor kDeviceTick 1099614388276
I1012 19:33:16.364765 13147 runtime_context.cpp:29] DecreaseCounter constructing_actor_cnt, current val is 604
I1012 19:33:16.365578 13213 naive_actor.cpp:25] actor 2199023255567 switch to &NaiveActor::HandlerNormal
I1012 19:33:16.365694 13213 thread.cpp:96] Thread 1048576 construct Actor kNormalForward 2199023255567
I1012 19:33:16.365842 13213 runtime_context.cpp:29] DecreaseCounter constructing_actor_cnt, current val is 603
I1012 19:33:16.365624 13147 naive_actor.cpp:25] actor 1099614388284 switch to &NaiveActor::HandlerNormal
I1012 19:33:16.366084 13147 thread.cpp:96] Thread 524337 construct Actor kTick 1099614388284
I1012 19:33:16.366333 13147 runtime_context.cpp:29] DecreaseCounter constructing_actor_cnt, current val is 602
I1012 19:33:16.366889 13268 naive_actor.cpp:25] actor 2207613190180 switch to &NaiveActor::HandlerNormal
I1012 19:33:16.366986 13268 thread.cpp:96] Thread 1052672 construct Actor kNormalForward 2207613190180
I1012 19:33:16.367133 13268 runtime_context.cpp:29] DecreaseCounter constructing_actor_cnt, current val is 601
I1012 19:33:16.378669 13213 naive_actor.cpp:25] actor 2199023255645 switch to &NaiveActor::HandlerNormal
I1012 19:33:16.378859 13213 thread.cpp:96] Thread 1048576 construct Actor kNormalForward 2199023255645
I1012 19:33:16.379046 13213 runtime_context.cpp:29] DecreaseCounter constructing_actor_cnt, current val is 600
I1012 19:33:16.379309 13147 naive_actor.cpp:25] actor 1099614388293 switch to &NaiveActor::HandlerNormal
I1012 19:33:16.379472 13147 thread.cpp:96] Thread 524337 construct Actor kDstSubsetTick 1099614388293
I1012 19:33:16.379618 13147 runtime_context.cpp:29] DecreaseCounter constructing_actor_cnt, current val is 599
I1012 19:33:16.379727 13268 naive_actor.cpp:25] actor 2207613190177 switch to &NaiveActor::HandlerNormal
I1012 19:33:16.379786 13268 thread.cpp:96] Thread 1052672 construct Actor kNormalForward 2207613190177
I1012 19:33:16.379884 13268 runtime_context.cpp:29] DecreaseCounter constructing_actor_cnt, current val is 598
I1012 19:33:16.381527 13268 naive_actor.cpp:25] actor 2207613190161 switch to &NaiveActor::HandlerNormal
I1012 19:33:16.381629 13268 thread.cpp:96] Thread 1052672 construct Actor kNormalForward 2207613190161
I1012 19:33:16.381742 13268 runtime_context.cpp:29] DecreaseCounter constructing_actor_cnt, current val is 597
I1012 19:33:16.381865 13147 naive_actor.cpp:25] actor 1099614388292 switch to &NaiveActor::HandlerNormal
I1012 19:33:16.382288 13213 naive_actor.cpp:25] actor 2199023255587 switch to &NaiveActor::HandlerNormal
I1012 19:33:16.382512 13268 naive_actor.cpp:25] actor 2207613190171 switch to &NaiveActor::HandlerNormal
I1012 19:33:16.404351 13268 thread.cpp:96] Thread 1052672 construct Actor kNormalForward 2207613190171
I1012 19:33:16.404510 13268 runtime_context.cpp:29] DecreaseCounter constructing_actor_cnt, current val is 596
I1012 19:33:16.406594 13268 naive_actor.cpp:25] actor 2207613190174 switch to &NaiveActor::HandlerNormal
I1012 19:33:16.406695 13268 thread.cpp:96] Thread 1052672 construct Actor kNormalForward 2207613190174
I1012 19:33:16.406801 13268 runtime_context.cpp:29] DecreaseCounter constructing_actor_cnt, current val is 595
I1012 19:33:16.404018 13147 thread.cpp:96] Thread 524337 construct Actor kTick 1099614388292
I1012 19:33:16.404162 13213 thread.cpp:96] Thread 1048576 construct Actor kNormalForward 2199023255587
I1012 19:33:16.408105 13213 runtime_context.cpp:29] DecreaseCounter constructing_actor_cnt, current val is 593
I1012 19:33:16.408214 13268 naive_actor.cpp:25] actor 2207613190173 switch to &NaiveActor::HandlerNormal
I1012 19:33:16.408286 13268 thread.cpp:96] Thread 1052672 construct Actor kNormalForward 2207613190173
I1012 19:33:16.407871 13147 runtime_context.cpp:29] DecreaseCounter constructing_actor_cnt, current val is 594
I1012 19:33:16.408383 13268 runtime_context.cpp:29] DecreaseCounter constructing_actor_cnt, current val is 592
I1012 19:33:16.409154 13213 naive_actor.cpp:25] actor 2199023255577 switch to &NaiveActor::HandlerNormal
I1012 19:33:16.409250 13213 thread.cpp:96] Thread 1048576 construct Actor kNormalForward 2199023255577
I1012 19:33:16.409389 13213 runtime_context.cpp:29] DecreaseCounter constructing_actor_cnt, current val is 591
I1012 19:33:16.409891 13147 naive_actor.cpp:25] actor 1099614388288 switch to &NaiveActor::HandlerNormal
I1012 19:33:16.409977 13147 thread.cpp:96] Thread 524337 construct Actor kTick 1099614388288
I1012 19:33:16.410086 13147 runtime_context.cpp:29] DecreaseCounter constructing_actor_cnt, current val is 590
I1012 19:33:16.411334 13147 naive_actor.cpp:25] actor 1099614388295 switch to &NaiveActor::HandlerNormal
I1012 19:33:16.411406 13147 thread.cpp:96] Thread 524337 construct Actor kTick 1099614388295
I1012 19:33:16.411715 13213 naive_actor.cpp:25] actor 2199023255611 switch to &NaiveActor::HandlerNormal
I1012 19:33:16.412108 13213 thread.cpp:96] Thread 1048576 construct Actor kNormalForward 2199023255611
I1012 19:33:16.412273 13213 runtime_context.cpp:29] DecreaseCounter constructing_actor_cnt, current val is 588
I1012 19:33:16.412030 13147 runtime_context.cpp:29] DecreaseCounter constructing_actor_cnt, current val is 589
I1012 19:33:16.412904 13268 naive_actor.cpp:25] actor 2207613190191 switch to &NaiveActor::HandlerNormal
I1012 19:33:16.412997 13268 thread.cpp:96] Thread 1052672 construct Actor kNormalForward 2207613190191
I1012 19:33:16.413146 13268 runtime_context.cpp:29] DecreaseCounter constructing_actor_cnt, current val is 587
I1012 19:33:16.414064 13147 naive_actor.cpp:25] actor 1099614388290 switch to &NaiveActor::HandlerNormal
I1012 19:33:16.414173 13147 thread.cpp:96] Thread 524337 construct Actor kSrcSubsetTick 1099614388290
I1012 19:33:16.414325 13213 naive_actor.cpp:25] actor 2199023255571 switch to &NaiveActor::HandlerNormal
I1012 19:33:16.414391 13213 thread.cpp:96] Thread 1048576 construct Actor kNormalForward 2199023255571
I1012 19:33:16.414541 13213 runtime_context.cpp:29] DecreaseCounter constructing_actor_cnt, current val is 586
I1012 19:33:16.414744 13147 runtime_context.cpp:29] DecreaseCounter constructing_actor_cnt, current val is 585
I1012 19:33:16.416106 13268 naive_actor.cpp:25] actor 2207613190172 switch to &NaiveActor::HandlerNormal
I1012 19:33:16.416224 13268 thread.cpp:96] Thread 1052672 construct Actor kNormalForward 2207613190172
I1012 19:33:16.416477 13268 runtime_context.cpp:29] DecreaseCounter constructing_actor_cnt, current val is 584
I1012 19:33:16.416647 13213 naive_actor.cpp:25] actor 2199023255588 switch to &NaiveActor::HandlerNormal
I1012 19:33:16.416764 13213 thread.cpp:96] Thread 1048576 construct Actor kNormalForward 2199023255588
I1012 19:33:16.416896 13213 runtime_context.cpp:29] DecreaseCounter constructing_actor_cnt, current val is 583
I1012 19:33:16.416352 13147 naive_actor.cpp:25] actor 1099614388308 switch to &NaiveActor::HandlerNormal
I1012 19:33:16.417268 13147 thread.cpp:96] Thread 524337 construct Actor kTick 1099614388308
I1012 19:33:16.417383 13147 runtime_context.cpp:29] DecreaseCounter constructing_actor_cnt, current val is 582
I1012 19:33:16.417886 13213 naive_actor.cpp:25] actor 2199023255572 switch to &NaiveActor::HandlerNormal
I1012 19:33:16.417963 13213 thread.cpp:96] Thread 1048576 construct Actor kNormalForward 2199023255572
I1012 19:33:16.418119 13213 runtime_context.cpp:29] DecreaseCounter constructing_actor_cnt, current val is 581
I1012 19:33:16.419548 13147 naive_actor.cpp:25] actor 1099614388300 switch to &NaiveActor::HandlerNormal
I1012 19:33:16.419831 13147 thread.cpp:96] Thread 524337 construct Actor kTick 1099614388300
I1012 19:33:16.420047 13147 runtime_context.cpp:29] DecreaseCounter constructing_actor_cnt, current val is 580
I1012 19:33:16.420336 13268 naive_actor.cpp:25] actor 2207613190229 switch to &NaiveActor::HandlerNormal
I1012 19:33:16.420472 13268 thread.cpp:96] Thread 1052672 construct Actor kNormalForward 2207613190229
I1012 19:33:16.420619 13268 runtime_context.cpp:29] DecreaseCounter constructing_actor_cnt, current val is 579
I1012 19:33:16.421419 13213 naive_actor.cpp:25] actor 2199023255581 switch to &NaiveActor::HandlerNormal
I1012 19:33:16.421631 13213 thread.cpp:96] Thread 1048576 construct Actor kNormalForward 2199023255581
I1012 19:33:16.421787 13213 runtime_context.cpp:29] DecreaseCounter constructing_actor_cnt, current val is 578
I1012 19:33:16.421866 13147 naive_actor.cpp:25] actor 1099614388303 switch to &NaiveActor::HandlerNormal
I1012 19:33:16.422045 13147 thread.cpp:96] Thread 524337 construct Actor kTick 1099614388303
I1012 19:33:16.422154 13147 runtime_context.cpp:29] DecreaseCounter constructing_actor_cnt, current val is 577
I1012 19:33:16.422771 13213 naive_actor.cpp:25] actor 2199023255586 switch to &NaiveActor::HandlerNormal
I1012 19:33:16.422866 13213 thread.cpp:96] Thread 1048576 construct Actor kNormalForward 2199023255586
I1012 19:33:16.422982 13213 runtime_context.cpp:29] DecreaseCounter constructing_actor_cnt, current val is 576
I1012 19:33:16.423482 13268 naive_actor.cpp:25] actor 2207613190189 switch to &NaiveActor::HandlerNormal
I1012 19:33:16.423596 13268 thread.cpp:96] Thread 1052672 construct Actor kNormalForward 2207613190189
I1012 19:33:16.424386 13213 naive_actor.cpp:25] actor 2199023255561 switch to &NaiveActor::HandlerNormal
I1012 19:33:16.424494 13213 thread.cpp:96] Thread 1048576 construct Actor kNormalForward 2199023255561
I1012 19:33:16.424628 13213 runtime_context.cpp:29] DecreaseCounter constructing_actor_cnt, current val is 574
I1012 19:33:16.424685 13268 runtime_context.cpp:29] DecreaseCounter constructing_actor_cnt, current val is 575
I1012 19:33:16.425249 13213 naive_actor.cpp:25] actor 2199023255570 switch to &NaiveActor::HandlerNormal
I1012 19:33:16.425349 13213 thread.cpp:96] Thread 1048576 construct Actor kNormalForward 2199023255570
I1012 19:33:16.425478 13213 runtime_context.cpp:29] DecreaseCounter constructing_actor_cnt, current val is 573
I1012 19:33:16.431627 13147 case_actor.cpp:76] actor 1099614388297 switch to &CaseActor::HandlerNormal
I1012 19:33:16.431787 13147 thread.cpp:96] Thread 524337 construct Actor kCase 1099614388297
I1012 19:33:16.431983 13147 runtime_context.cpp:29] DecreaseCounter constructing_actor_cnt, current val is 572
I1012 19:33:16.437536 13213 naive_actor.cpp:25] actor 2199023255603 switch to &NaiveActor::HandlerNormal
I1012 19:33:16.437855 13268 naive_actor.cpp:25] actor 2207613190194 switch to &NaiveActor::HandlerNormal
I1012 19:33:16.440793 13268 thread.cpp:96] Thread 1052672 construct Actor kNormalForward 2207613190194
I1012 19:33:16.440996 13268 runtime_context.cpp:29] DecreaseCounter constructing_actor_cnt, current val is 571
I1012 19:33:16.438459 13147 naive_actor.cpp:25] actor 1099614388324 switch to &NaiveActor::HandlerNormal
I1012 19:33:16.440645 13213 thread.cpp:96] Thread 1048576 construct Actor kNormalForward 2199023255603
I1012 19:33:16.441253 13147 thread.cpp:96] Thread 524337 construct Actor kTick 1099614388324
I1012 19:33:16.441550 13213 runtime_context.cpp:29] DecreaseCounter constructing_actor_cnt, current val is 570
I1012 19:33:16.441638 13147 runtime_context.cpp:29] DecreaseCounter constructing_actor_cnt, current val is 569
I1012 19:33:16.442848 13147 naive_actor.cpp:25] actor 1099614388307 switch to &NaiveActor::HandlerNormal
I1012 19:33:16.442962 13147 thread.cpp:96] Thread 524337 construct Actor kTick 1099614388307
I1012 19:33:16.443058 13147 runtime_context.cpp:29] DecreaseCounter constructing_actor_cnt, current val is 568
I1012 19:33:16.444314 13268 naive_actor.cpp:25] actor 2207613190202 switch to &NaiveActor::HandlerNormal
I1012 19:33:16.444563 13268 thread.cpp:96] Thread 1052672 construct Actor kNormalForward 2207613190202
I1012 19:33:16.444705 13268 runtime_context.cpp:29] DecreaseCounter constructing_actor_cnt, current val is 567
I1012 19:33:16.445330 13213 naive_actor.cpp:25] actor 2199023255576 switch to &NaiveActor::HandlerNormal
I1012 19:33:16.445464 13213 thread.cpp:96] Thread 1048576 construct Actor kNormalForward 2199023255576
I1012 19:33:16.445607 13213 runtime_context.cpp:29] DecreaseCounter constructing_actor_cnt, current val is 566
I1012 19:33:16.445708 13147 reentrant_lock_actor.cpp:76] actor 1099614388296 switch to &ReentrantLockActor::HandlerNormal
I1012 19:33:16.445788 13147 thread.cpp:96] Thread 524337 construct Actor kReentrantLock 1099614388296
I1012 19:33:16.446077 13147 runtime_context.cpp:29] DecreaseCounter constructing_actor_cnt, current val is 565
I1012 19:33:16.446213 13268 naive_actor.cpp:25] actor 2207613190169 switch to &NaiveActor::HandlerNormal
I1012 19:33:16.446280 13268 thread.cpp:96] Thread 1052672 construct Actor kNormalForward 2207613190169
I1012 19:33:16.446372 13268 runtime_context.cpp:29] DecreaseCounter constructing_actor_cnt, current val is 564
I1012 19:33:16.447343 13147 naive_actor.cpp:25] actor 1099614388313 switch to &NaiveActor::HandlerNormal
I1012 19:33:16.447435 13147 thread.cpp:96] Thread 524337 construct Actor kTick 1099614388313
I1012 19:33:16.447551 13147 runtime_context.cpp:29] DecreaseCounter constructing_actor_cnt, current val is 563
I1012 19:33:16.448418 13147 naive_actor.cpp:25] actor 1099614388309 switch to &NaiveActor::HandlerNormal
I1012 19:33:16.448547 13147 thread.cpp:96] Thread 524337 construct Actor kTick 1099614388309
I1012 19:33:16.448761 13147 runtime_context.cpp:29] DecreaseCounter constructing_actor_cnt, current val is 562
I1012 19:33:16.449112 13213 naive_actor.cpp:25] actor 2199023255582 switch to &NaiveActor::HandlerNormal
I1012 19:33:16.449251 13213 thread.cpp:96] Thread 1048576 construct Actor kNormalForward 2199023255582
I1012 19:33:16.449388 13213 runtime_context.cpp:29] DecreaseCounter constructing_actor_cnt, current val is 561
I1012 19:33:16.449792 13268 naive_actor.cpp:25] actor 2207613190163 switch to &NaiveActor::HandlerNormal
I1012 19:33:16.449892 13268 thread.cpp:96] Thread 1052672 construct Actor kNormalForward 2207613190163
I1012 19:33:16.449959 13147 naive_actor.cpp:25] actor 1099614388312 switch to &NaiveActor::HandlerNormal
I1012 19:33:16.450208 13147 thread.cpp:96] Thread 524337 construct Actor kTick 1099614388312
I1012 19:33:16.450322 13213 naive_actor.cpp:25] actor 2199023255584 switch to &NaiveActor::HandlerNormal
I1012 19:33:16.450353 13147 runtime_context.cpp:29] DecreaseCounter constructing_actor_cnt, current val is 560
I1012 19:33:16.450368 13268 runtime_context.cpp:29] DecreaseCounter constructing_actor_cnt, current val is 559
I1012 19:33:16.450451 13213 thread.cpp:96] Thread 1048576 construct Actor kNormalForward 2199023255584
I1012 19:33:16.451012 13147 naive_actor.cpp:25] actor 1099614388328 switch to &NaiveActor::HandlerNormal
I1012 19:33:16.451128 13213 runtime_context.cpp:29] DecreaseCounter constructing_actor_cnt, current val is 558
I1012 19:33:16.451160 13147 thread.cpp:96] Thread 524337 construct Actor kTick 1099614388328
I1012 19:33:16.451349 13147 runtime_context.cpp:29] DecreaseCounter constructing_actor_cnt, current val is 557
I1012 19:33:16.452298 13147 naive_actor.cpp:25] actor 1099614388306 switch to &NaiveActor::HandlerNormal
I1012 19:33:16.452394 13147 thread.cpp:96] Thread 524337 construct Actor kTick 1099614388306
I1012 19:33:16.452659 13147 runtime_context.cpp:29] DecreaseCounter constructing_actor_cnt, current val is 556
I1012 19:33:16.453764 13213 naive_actor.cpp:25] actor 2199023255606 switch to &NaiveActor::HandlerNormal
I1012 19:33:16.453879 13213 thread.cpp:96] Thread 1048576 construct Actor kNormalForward 2199023255606
I1012 19:33:16.454005 13213 runtime_context.cpp:29] DecreaseCounter constructing_actor_cnt, current val is 555
I1012 19:33:16.454211 13147 naive_actor.cpp:25] actor 1099614388316 switch to &NaiveActor::HandlerNormal
I1012 19:33:16.454370 13147 thread.cpp:96] Thread 524337 construct Actor kTick 1099614388316
I1012 19:33:16.454607 13147 runtime_context.cpp:29] DecreaseCounter constructing_actor_cnt, current val is 554
I1012 19:33:16.455996 13147 naive_actor.cpp:25] actor 1099614388305 switch to &NaiveActor::HandlerNormal
I1012 19:33:16.456066 13268 naive_actor.cpp:25] actor 2207613190233 switch to &NaiveActor::HandlerNormal
I1012 19:33:16.456329 13268 thread.cpp:96] Thread 1052672 construct Actor kNormalForward 2207613190233
I1012 19:33:16.456331 13213 naive_actor.cpp:25] actor 2199023255608 switch to &NaiveActor::HandlerNormal
I1012 19:33:16.456385 13147 thread.cpp:96] Thread 524337 construct Actor kTick 1099614388305
I1012 19:33:16.456630 13213 thread.cpp:96] Thread 1048576 construct Actor kNormalForward 2199023255608
I1012 19:33:16.456794 13147 runtime_context.cpp:29] DecreaseCounter constructing_actor_cnt, current val is 553
I1012 19:33:16.456923 13213 runtime_context.cpp:29] DecreaseCounter constructing_actor_cnt, current val is 551
I1012 19:33:16.456809 13268 runtime_context.cpp:29] DecreaseCounter constructing_actor_cnt, current val is 552
I1012 19:33:16.457756 13213 naive_actor.cpp:25] actor 2199023255565 switch to &NaiveActor::HandlerNormal
I1012 19:33:16.457876 13213 thread.cpp:96] Thread 1048576 construct Actor kNormalForward 2199023255565
I1012 19:33:16.458091 13213 runtime_context.cpp:29] DecreaseCounter constructing_actor_cnt, current val is 550
I1012 19:33:16.458492 13268 naive_actor.cpp:25] actor 2207613190164 switch to &NaiveActor::HandlerNormal
I1012 19:33:16.458448 13147 naive_actor.cpp:25] actor 1099614388317 switch to &NaiveActor::HandlerNormal
I1012 19:33:16.458750 13147 thread.cpp:96] Thread 524337 construct Actor kTick 1099614388317
I1012 19:33:16.458825 13268 thread.cpp:96] Thread 1052672 construct Actor kNormalForward 2207613190164
I1012 19:33:16.459192 13268 runtime_context.cpp:29] DecreaseCounter constructing_actor_cnt, current val is 549
I1012 19:33:16.459175 13147 runtime_context.cpp:29] DecreaseCounter constructing_actor_cnt, current val is 548
I1012 19:33:16.460784 13213 naive_actor.cpp:25] actor 2199023255575 switch to &NaiveActor::HandlerNormal
I1012 19:33:16.465473 13213 thread.cpp:96] Thread 1048576 construct Actor kNormalForward 2199023255575
I1012 19:33:16.464202 13268 naive_actor.cpp:25] actor 2207613190184 switch to &NaiveActor::HandlerNormal
I1012 19:33:16.460825 13147 naive_actor.cpp:25] actor 1099614388302 switch to &NaiveActor::HandlerNormal
I1012 19:33:16.465730 13213 runtime_context.cpp:29] DecreaseCounter constructing_actor_cnt, current val is 547
I1012 19:33:16.466261 13147 thread.cpp:96] Thread 524337 construct Actor kTick 1099614388302
I1012 19:33:16.466257 13268 thread.cpp:96] Thread 1052672 construct Actor kNormalForward 2207613190184
I1012 19:33:16.466588 13147 runtime_context.cpp:29] DecreaseCounter constructing_actor_cnt, current val is 546
I1012 19:33:16.467021 13268 runtime_context.cpp:29] DecreaseCounter constructing_actor_cnt, current val is 545
I1012 19:33:16.472757 13147 naive_actor.cpp:25] actor 1099614388301 switch to &NaiveActor::HandlerNormal
I1012 19:33:16.472940 13147 thread.cpp:96] Thread 524337 construct Actor kTick 1099614388301
I1012 19:33:16.473076 13147 runtime_context.cpp:29] DecreaseCounter constructing_actor_cnt, current val is 544
I1012 19:33:16.474298 13147 naive_actor.cpp:25] actor 1099614388310 switch to &NaiveActor::HandlerNormal
I1012 19:33:16.474398 13147 thread.cpp:96] Thread 524337 construct Actor kTick 1099614388310
I1012 19:33:16.474521 13147 runtime_context.cpp:29] DecreaseCounter constructing_actor_cnt, current val is 543
I1012 19:33:16.475266 13147 naive_actor.cpp:25] actor 1099614388327 switch to &NaiveActor::HandlerNormal
I1012 19:33:16.475353 13147 thread.cpp:96] Thread 524337 construct Actor kTick 1099614388327
I1012 19:33:16.475464 13147 runtime_context.cpp:29] DecreaseCounter constructing_actor_cnt, current val is 542
I1012 19:33:16.475565 13213 naive_actor.cpp:25] actor 2199023255578 switch to &NaiveActor::HandlerNormal
I1012 19:33:16.477579 13213 thread.cpp:96] Thread 1048576 construct Actor kNormalForward 2199023255578
I1012 19:33:16.477802 13213 runtime_context.cpp:29] DecreaseCounter constructing_actor_cnt, current val is 541
I1012 19:33:16.478354 13147 naive_actor.cpp:25] actor 1099614388320 switch to &NaiveActor::HandlerNormal
I1012 19:33:16.478482 13147 thread.cpp:96] Thread 524337 construct Actor kTick 1099614388320
I1012 19:33:16.478582 13268 naive_actor.cpp:25] actor 2207613190166 switch to &NaiveActor::HandlerNormal
I1012 19:33:16.479138 13268 thread.cpp:96] Thread 1052672 construct Actor kNormalForward 2207613190166
I1012 19:33:16.479269 13268 runtime_context.cpp:29] DecreaseCounter constructing_actor_cnt, current val is 540
I1012 19:33:16.479568 13147 runtime_context.cpp:29] DecreaseCounter constructing_actor_cnt, current val is 539
I1012 19:33:16.480260 13213 naive_actor.cpp:25] actor 2199023255599 switch to &NaiveActor::HandlerNormal
I1012 19:33:16.480397 13213 thread.cpp:96] Thread 1048576 construct Actor kNormalForward 2199023255599
I1012 19:33:16.480587 13213 runtime_context.cpp:29] DecreaseCounter constructing_actor_cnt, current val is 538
I1012 19:33:16.481151 13147 naive_actor.cpp:25] actor 1099614388330 switch to &NaiveActor::HandlerNormal
I1012 19:33:16.481241 13147 thread.cpp:96] Thread 524337 construct Actor kTick 1099614388330
I1012 19:33:16.481451 13147 runtime_context.cpp:29] DecreaseCounter constructing_actor_cnt, current val is 537
I1012 19:33:16.482445 13213 naive_actor.cpp:25] actor 2199023255602 switch to &NaiveActor::HandlerNormal
I1012 19:33:16.482551 13213 thread.cpp:96] Thread 1048576 construct Actor kNormalForward 2199023255602
I1012 19:33:16.482676 13213 runtime_context.cpp:29] DecreaseCounter constructing_actor_cnt, current val is 536
I1012 19:33:16.483563 13268 naive_actor.cpp:25] actor 2207613190223 switch to &NaiveActor::HandlerNormal
I1012 19:33:16.483667 13268 thread.cpp:96] Thread 1052672 construct Actor kNormalForward 2207613190223
I1012 19:33:16.483788 13268 runtime_context.cpp:29] DecreaseCounter constructing_actor_cnt, current val is 535
I1012 19:33:16.483953 13147 naive_actor.cpp:25] actor 1099614388315 switch to &NaiveActor::HandlerNormal
I1012 19:33:16.484015 13147 thread.cpp:96] Thread 524337 construct Actor kTick 1099614388315
I1012 19:33:16.484228 13147 runtime_context.cpp:29] DecreaseCounter constructing_actor_cnt, current val is 534
I1012 19:33:16.485512 13147 naive_actor.cpp:25] actor 1099614388311 switch to &NaiveActor::HandlerNormal
I1012 19:33:16.485599 13147 thread.cpp:96] Thread 524337 construct Actor kTick 1099614388311
I1012 19:33:16.485908 13213 naive_actor.cpp:25] actor 2199023255617 switch to &NaiveActor::HandlerNormal
I1012 19:33:16.486032 13213 thread.cpp:96] Thread 1048576 construct Actor kNormalForward 2199023255617
I1012 19:33:16.486207 13213 runtime_context.cpp:29] DecreaseCounter constructing_actor_cnt, current val is 532
I1012 19:33:16.485954 13147 runtime_context.cpp:29] DecreaseCounter constructing_actor_cnt, current val is 533
I1012 19:33:16.487277 13213 naive_actor.cpp:25] actor 2199023255607 switch to &NaiveActor::HandlerNormal
I1012 19:33:16.487357 13213 thread.cpp:96] Thread 1048576 construct Actor kNormalForward 2199023255607
I1012 19:33:16.487470 13213 runtime_context.cpp:29] DecreaseCounter constructing_actor_cnt, current val is 531
I1012 19:33:16.488054 13213 naive_actor.cpp:25] actor 2199023255598 switch to &NaiveActor::HandlerNormal
I1012 19:33:16.488143 13213 thread.cpp:96] Thread 1048576 construct Actor kNormalForward 2199023255598
I1012 19:33:16.488240 13213 runtime_context.cpp:29] DecreaseCounter constructing_actor_cnt, current val is 530
I1012 19:33:16.488869 13147 naive_actor.cpp:25] actor 1099614388321 switch to &NaiveActor::HandlerNormal
I1012 19:33:16.488994 13147 thread.cpp:96] Thread 524337 construct Actor kTick 1099614388321
I1012 19:33:16.489100 13147 runtime_context.cpp:29] DecreaseCounter constructing_actor_cnt, current val is 529
I1012 19:33:16.489372 13268 naive_actor.cpp:25] actor 2207613190247 switch to &NaiveActor::HandlerNormal
I1012 19:33:16.489455 13268 thread.cpp:96] Thread 1052672 construct Actor kNormalForward 2207613190247
I1012 19:33:16.489560 13268 runtime_context.cpp:29] DecreaseCounter constructing_actor_cnt, current val is 528
I1012 19:33:16.495889 13213 naive_actor.cpp:25] actor 2199023255623 switch to &NaiveActor::HandlerNormal
I1012 19:33:16.496330 13147 naive_actor.cpp:25] actor 1099614388332 switch to &NaiveActor::HandlerNormal
I1012 19:33:16.500638 13147 thread.cpp:96] Thread 524337 construct Actor kTick 1099614388332
I1012 19:33:16.500852 13147 runtime_context.cpp:29] DecreaseCounter constructing_actor_cnt, current val is 527
I1012 19:33:16.500926 13213 thread.cpp:96] Thread 1048576 construct Actor kNormalForward 2199023255623
I1012 19:33:16.501181 13268 naive_actor.cpp:25] actor 2207613190183 switch to &NaiveActor::HandlerNormal
I1012 19:33:16.501770 13268 thread.cpp:96] Thread 1052672 construct Actor kNormalForward 2207613190183
I1012 19:33:16.501924 13268 runtime_context.cpp:29] DecreaseCounter constructing_actor_cnt, current val is 525
I1012 19:33:16.502025 13147 naive_actor.cpp:25] actor 1099614388325 switch to &NaiveActor::HandlerNormal
I1012 19:33:16.502104 13147 thread.cpp:96] Thread 524337 construct Actor kTick 1099614388325
I1012 19:33:16.502205 13147 runtime_context.cpp:29] DecreaseCounter constructing_actor_cnt, current val is 524
I1012 19:33:16.501744 13213 runtime_context.cpp:29] DecreaseCounter constructing_actor_cnt, current val is 526
I1012 19:33:16.502971 13147 naive_actor.cpp:25] actor 1099614388329 switch to &NaiveActor::HandlerNormal
I1012 19:33:16.503064 13147 thread.cpp:96] Thread 524337 construct Actor kTick 1099614388329
I1012 19:33:16.503152 13268 naive_actor.cpp:25] actor 2207613190204 switch to &NaiveActor::HandlerNormal
I1012 19:33:16.503154 13147 runtime_context.cpp:29] DecreaseCounter constructing_actor_cnt, current val is 523
I1012 19:33:16.503232 13268 thread.cpp:96] Thread 1052672 construct Actor kNormalForward 2207613190204
I1012 19:33:16.503772 13268 runtime_context.cpp:29] DecreaseCounter constructing_actor_cnt, current val is 522
I1012 19:33:16.503861 13147 naive_actor.cpp:25] actor 1099614388319 switch to &NaiveActor::HandlerNormal
I1012 19:33:16.504058 13147 thread.cpp:96] Thread 524337 construct Actor kTick 1099614388319
I1012 19:33:16.504197 13147 runtime_context.cpp:29] DecreaseCounter constructing_actor_cnt, current val is 521
I1012 19:33:16.515185 13147 naive_actor.cpp:25] actor 1099614388333 switch to &NaiveActor::HandlerNormal
I1012 19:33:16.515367 13147 thread.cpp:96] Thread 524337 construct Actor kTick 1099614388333
I1012 19:33:16.515950 13147 runtime_context.cpp:29] DecreaseCounter constructing_actor_cnt, current val is 520
I1012 19:33:16.516402 13213 naive_actor.cpp:25] actor 2199023255604 switch to &NaiveActor::HandlerNormal
I1012 19:33:16.516551 13213 thread.cpp:96] Thread 1048576 construct Actor kNormalForward 2199023255604
I1012 19:33:16.516714 13213 runtime_context.cpp:29] DecreaseCounter constructing_actor_cnt, current val is 519
I1012 19:33:16.517267 13268 naive_actor.cpp:25] actor 2207613190201 switch to &NaiveActor::HandlerNormal
I1012 19:33:16.517354 13268 thread.cpp:96] Thread 1052672 construct Actor kNormalForward 2207613190201
I1012 19:33:16.517464 13268 runtime_context.cpp:29] DecreaseCounter constructing_actor_cnt, current val is 518
I1012 19:33:16.517827 13213 naive_actor.cpp:25] actor 2199023255591 switch to &NaiveActor::HandlerNormal
I1012 19:33:16.521656 13213 thread.cpp:96] Thread 1048576 construct Actor kNormalForward 2199023255591
I1012 19:33:16.521857 13213 runtime_context.cpp:29] DecreaseCounter constructing_actor_cnt, current val is 517
I1012 19:33:16.517917 13147 naive_actor.cpp:25] actor 1099614388331 switch to &NaiveActor::HandlerNormal
I1012 19:33:16.522109 13147 thread.cpp:96] Thread 524337 construct Actor kTick 1099614388331
I1012 19:33:16.522264 13147 runtime_context.cpp:29] DecreaseCounter constructing_actor_cnt, current val is 516
I1012 19:33:16.523489 13147 naive_actor.cpp:25] actor 1099614388318 switch to &NaiveActor::HandlerNormal
I1012 19:33:16.523583 13147 thread.cpp:96] Thread 524337 construct Actor kTick 1099614388318
I1012 19:33:16.523775 13147 runtime_context.cpp:29] DecreaseCounter constructing_actor_cnt, current val is 515
I1012 19:33:16.524243 13268 naive_actor.cpp:25] actor 2207613190222 switch to &NaiveActor::HandlerNormal
I1012 19:33:16.524389 13268 thread.cpp:96] Thread 1052672 construct Actor kNormalForward 2207613190222
I1012 19:33:16.524542 13268 runtime_context.cpp:29] DecreaseCounter constructing_actor_cnt, current val is 514
I1012 19:33:16.524817 13213 naive_actor.cpp:25] actor 2199023255669 switch to &NaiveActor::HandlerNormal
I1012 19:33:16.524924 13213 thread.cpp:96] Thread 1048576 construct Actor kNormalForward 2199023255669
I1012 19:33:16.525041 13213 runtime_context.cpp:29] DecreaseCounter constructing_actor_cnt, current val is 513
