I1014 10:55:01.457269 14975 runtime_context.cpp:29] DecreaseCounter constructing_actor_cnt, current val is 23
I1014 10:55:01.457536 14975 naive_actor.cpp:25] actor 2207613190427 switch to &NaiveActor::HandlerNormal
I1014 10:55:01.457562 14975 thread.cpp:96] Thread 1052672 construct Actor kNormalForward 2207613190427
I1014 10:55:01.457608 14975 runtime_context.cpp:29] DecreaseCounter constructing_actor_cnt, current val is 22
I1014 10:55:01.457811 14975 naive_actor.cpp:25] actor 2207613190425 switch to &NaiveActor::HandlerNormal
I1014 10:55:01.457834 14975 thread.cpp:96] Thread 1052672 construct Actor kNormalForward 2207613190425
I1014 10:55:01.457868 14975 runtime_context.cpp:29] DecreaseCounter constructing_actor_cnt, current val is 21
I1014 10:55:01.458070 14975 naive_actor.cpp:25] actor 2207613190433 switch to &NaiveActor::HandlerNormal
I1014 10:55:01.458092 14975 thread.cpp:96] Thread 1052672 construct Actor kNormalForward 2207613190433
I1014 10:55:01.458127 14975 runtime_context.cpp:29] DecreaseCounter constructing_actor_cnt, current val is 20
I1014 10:55:01.458328 14975 naive_actor.cpp:25] actor 2207613190431 switch to &NaiveActor::HandlerNormal
I1014 10:55:01.458349 14975 thread.cpp:96] Thread 1052672 construct Actor kNormalForward 2207613190431
I1014 10:55:01.458384 14975 runtime_context.cpp:29] DecreaseCounter constructing_actor_cnt, current val is 19
I1014 10:55:01.458592 14975 naive_actor.cpp:25] actor 2207613190428 switch to &NaiveActor::HandlerNormal
I1014 10:55:01.458616 14975 thread.cpp:96] Thread 1052672 construct Actor kNormalForward 2207613190428
I1014 10:55:01.458650 14975 runtime_context.cpp:29] DecreaseCounter constructing_actor_cnt, current val is 18
I1014 10:55:01.458851 14975 naive_actor.cpp:25] actor 2207613190432 switch to &NaiveActor::HandlerNormal
I1014 10:55:01.458874 14975 thread.cpp:96] Thread 1052672 construct Actor kNormalForward 2207613190432
I1014 10:55:01.458909 14975 runtime_context.cpp:29] DecreaseCounter constructing_actor_cnt, current val is 17
I1014 10:55:01.459116 14975 naive_actor.cpp:25] actor 2207613190430 switch to &NaiveActor::HandlerNormal
I1014 10:55:01.459139 14975 thread.cpp:96] Thread 1052672 construct Actor kNormalForward 2207613190430
I1014 10:55:01.459173 14975 runtime_context.cpp:29] DecreaseCounter constructing_actor_cnt, current val is 16
I1014 10:55:01.459376 14975 naive_actor.cpp:25] actor 2207613190438 switch to &NaiveActor::HandlerNormal
I1014 10:55:01.459399 14975 thread.cpp:96] Thread 1052672 construct Actor kNormalForward 2207613190438
I1014 10:55:01.459434 14975 runtime_context.cpp:29] DecreaseCounter constructing_actor_cnt, current val is 15
I1014 10:55:01.459641 14975 naive_actor.cpp:25] actor 2207613190435 switch to &NaiveActor::HandlerNormal
I1014 10:55:01.459663 14975 thread.cpp:96] Thread 1052672 construct Actor kNormalForward 2207613190435
I1014 10:55:01.459697 14975 runtime_context.cpp:29] DecreaseCounter constructing_actor_cnt, current val is 14
I1014 10:55:01.459900 14975 naive_actor.cpp:25] actor 2207613190436 switch to &NaiveActor::HandlerNormal
I1014 10:55:01.459923 14975 thread.cpp:96] Thread 1052672 construct Actor kNormalForward 2207613190436
I1014 10:55:01.459956 14975 runtime_context.cpp:29] DecreaseCounter constructing_actor_cnt, current val is 13
I1014 10:55:01.460163 14975 naive_actor.cpp:25] actor 2207613190422 switch to &NaiveActor::HandlerNormal
I1014 10:55:01.460186 14975 thread.cpp:96] Thread 1052672 construct Actor kNormalForward 2207613190422
I1014 10:55:01.460220 14975 runtime_context.cpp:29] DecreaseCounter constructing_actor_cnt, current val is 12
I1014 10:55:01.460422 14975 naive_actor.cpp:25] actor 2207613190444 switch to &NaiveActor::HandlerNormal
I1014 10:55:01.460444 14975 thread.cpp:96] Thread 1052672 construct Actor kNormalForward 2207613190444
I1014 10:55:01.460479 14975 runtime_context.cpp:29] DecreaseCounter constructing_actor_cnt, current val is 11
I1014 10:55:01.460696 14975 naive_actor.cpp:25] actor 2207613190440 switch to &NaiveActor::HandlerNormal
I1014 10:55:01.460719 14975 thread.cpp:96] Thread 1052672 construct Actor kNormalForward 2207613190440
I1014 10:55:01.460753 14975 runtime_context.cpp:29] DecreaseCounter constructing_actor_cnt, current val is 10
I1014 10:55:01.461004 14975 naive_actor.cpp:25] actor 2207613190448 switch to &NaiveActor::HandlerNormal
I1014 10:55:01.461030 14975 thread.cpp:96] Thread 1052672 construct Actor kNormalForward 2207613190448
I1014 10:55:01.461066 14975 runtime_context.cpp:29] DecreaseCounter constructing_actor_cnt, current val is 9
I1014 10:55:01.461267 14975 naive_actor.cpp:25] actor 2207613190449 switch to &NaiveActor::HandlerNormal
I1014 10:55:01.461289 14975 thread.cpp:96] Thread 1052672 construct Actor kNormalForward 2207613190449
I1014 10:55:01.461323 14975 runtime_context.cpp:29] DecreaseCounter constructing_actor_cnt, current val is 8
I1014 10:55:01.461526 14975 naive_actor.cpp:25] actor 2207613190418 switch to &NaiveActor::HandlerNormal
I1014 10:55:01.461549 14975 thread.cpp:96] Thread 1052672 construct Actor kNormalForward 2207613190418
I1014 10:55:01.461591 14975 runtime_context.cpp:29] DecreaseCounter constructing_actor_cnt, current val is 7
I1014 10:55:01.461796 14975 naive_actor.cpp:25] actor 2207613190442 switch to &NaiveActor::HandlerNormal
I1014 10:55:01.461818 14975 thread.cpp:96] Thread 1052672 construct Actor kNormalForward 2207613190442
I1014 10:55:01.461853 14975 runtime_context.cpp:29] DecreaseCounter constructing_actor_cnt, current val is 6
I1014 10:55:01.462055 14975 naive_actor.cpp:25] actor 2207613190445 switch to &NaiveActor::HandlerNormal
I1014 10:55:01.462077 14975 thread.cpp:96] Thread 1052672 construct Actor kNormalForward 2207613190445
I1014 10:55:01.462111 14975 runtime_context.cpp:29] DecreaseCounter constructing_actor_cnt, current val is 5
I1014 10:55:01.463536 14975 naive_actor.cpp:25] actor 2207613190450 switch to &NaiveActor::HandlerNormal
I1014 10:55:01.463560 14975 thread.cpp:96] Thread 1052672 construct Actor kNormalForward 2207613190450
I1014 10:55:01.463665 14975 runtime_context.cpp:29] DecreaseCounter constructing_actor_cnt, current val is 4
I1014 10:55:01.463877 14975 naive_actor.cpp:25] actor 2207613190451 switch to &NaiveActor::HandlerNormal
I1014 10:55:01.463899 14975 thread.cpp:96] Thread 1052672 construct Actor kDeviceTick 2207613190451
I1014 10:55:01.463935 14975 runtime_context.cpp:29] DecreaseCounter constructing_actor_cnt, current val is 3
I1014 10:55:01.464148 14975 naive_actor.cpp:25] actor 2207613190434 switch to &NaiveActor::HandlerNormal
I1014 10:55:01.464171 14975 thread.cpp:96] Thread 1052672 construct Actor kNormalForward 2207613190434
I1014 10:55:01.464206 14975 runtime_context.cpp:29] DecreaseCounter constructing_actor_cnt, current val is 2
I1014 10:55:01.464418 14975 naive_actor.cpp:25] actor 2207613190447 switch to &NaiveActor::HandlerNormal
I1014 10:55:01.464442 14975 thread.cpp:96] Thread 1052672 construct Actor kNormalForward 2207613190447
I1014 10:55:01.464476 14975 runtime_context.cpp:29] DecreaseCounter constructing_actor_cnt, current val is 1
I1014 10:55:01.464686 14975 naive_actor.cpp:25] actor 2207613190439 switch to &NaiveActor::HandlerNormal
I1014 10:55:01.464709 14975 thread.cpp:96] Thread 1052672 construct Actor kNormalForward 2207613190439
I1014 10:55:01.464748 14975 runtime_context.cpp:29] DecreaseCounter constructing_actor_cnt, current val is 0
I1014 10:55:01.470064 14401 runtime.cpp:93] Actors on this machine constructed
I1014 10:55:01.470125 14401 runtime.cpp:95] Actors on every machine constructed
I1014 10:55:01.470161 14401 runtime_context.cpp:21] NewCounter job_5_running_actor_count 41
I1014 10:55:01.470183 14401 runtime_context.cpp:21] NewCounter job_4_running_actor_count 22
I1014 10:55:01.470201 14401 runtime_context.cpp:21] NewCounter job_3_running_actor_count 91
I1014 10:55:01.470221 14401 runtime_context.cpp:21] NewCounter job_2_running_actor_count 91
I1014 10:55:01.470238 14401 runtime_context.cpp:21] NewCounter job_0_running_actor_count 435
I1014 10:55:01.470255 14401 runtime_context.cpp:21] NewCounter job_1_running_actor_count 89
I1014 10:55:01.470347 14963 wait_and_send_ids_actor.cpp:73] actor 1099616485376 switch to &WaitAndSendIdsActor::HandlerNormal
I1014 10:55:01.470654 14401 global.h:36] NewGlobal N7oneflow7JobDescE
I1014 10:55:01.512152 14401 global.h:43] DeleteGlobal N7oneflow7JobDescE
I1014 10:55:02.007934 14975 local.cpp:114] waiting for key: eager_nccl_unique_id_rpc_key,0:0,0:1
I1014 10:55:02.015887 14969 eager_nccl_comm_manager.cpp:69]  EagerNcclCommMgr::ncclCommInitRank device_vec.size() = 2, nccl_unique_id = 0200ffffffbc390b0b010e000000000000000000000000000000000000000000000000000000000000000000000000000000000000000000000000000000000000000000000000000000000000000000000000000000000000000000000000000000000000000000000000000000000000000000000000000000000000000000000000, rank = 0, key = {eager_nccl_unique_id_rpc_key,0:0,0:1}
I1014 10:55:02.015930 14975 eager_nccl_comm_manager.cpp:69]  EagerNcclCommMgr::ncclCommInitRank device_vec.size() = 2, nccl_unique_id = 0200ffffffbc390b0b010e000000000000000000000000000000000000000000000000000000000000000000000000000000000000000000000000000000000000000000000000000000000000000000000000000000000000000000000000000000000000000000000000000000000000000000000000000000000000000000000000, rank = 1, key = {eager_nccl_unique_id_rpc_key,0:0,0:1}
I1014 10:55:25.324344 14401 global.h:43] DeleteGlobal N7oneflow7OneflowE
I1014 10:55:25.324837 14963 actor.cpp:411] actor 1099616485376 switch to &Actor::HandlerZombie
I1014 10:55:25.324921 14962 actor.cpp:411] actor 1099614388294 switch to &Actor::HandlerZombie
I1014 10:55:25.324966 14963 thread.cpp:76] thread 524338 deconstruct actor 1099616485376
I1014 10:55:25.324983 14962 actor.cpp:408] actor 1099614388295 switch to nullptr
I1014 10:55:25.325022 14962 thread.cpp:76] thread 524337 deconstruct actor 1099614388295
I1014 10:55:25.325354 14963 runtime_context.cpp:29] DecreaseCounter job_5_running_actor_count, current val is 40
I1014 10:55:25.325560 14962 runtime_context.cpp:29] DecreaseCounter job_5_running_actor_count, current val is 39
I1014 10:55:25.325615 14962 actor.cpp:408] actor 1099614388320 switch to nullptr
I1014 10:55:25.325634 14962 thread.cpp:76] thread 524337 deconstruct actor 1099614388320
I1014 10:55:25.325855 14962 runtime_context.cpp:29] DecreaseCounter job_5_running_actor_count, current val is 38
I1014 10:55:25.325886 14962 actor.cpp:408] actor 1099614388300 switch to nullptr
I1014 10:55:25.325902 14962 thread.cpp:76] thread 524337 deconstruct actor 1099614388300
I1014 10:55:25.326097 14962 runtime_context.cpp:29] DecreaseCounter job_5_running_actor_count, current val is 37
I1014 10:55:25.326124 14962 actor.cpp:408] actor 1099614388296 switch to nullptr
I1014 10:55:25.326139 14962 thread.cpp:76] thread 524337 deconstruct actor 1099614388296
I1014 10:55:25.326315 14962 runtime_context.cpp:29] DecreaseCounter job_5_running_actor_count, current val is 36
I1014 10:55:25.326344 14962 actor.cpp:408] actor 1099614388304 switch to nullptr
I1014 10:55:25.326359 14962 thread.cpp:76] thread 524337 deconstruct actor 1099614388304
I1014 10:55:25.326534 14962 runtime_context.cpp:29] DecreaseCounter job_5_running_actor_count, current val is 35
I1014 10:55:25.326562 14962 actor.cpp:408] actor 1099614388308 switch to nullptr
I1014 10:55:25.326588 14962 thread.cpp:76] thread 524337 deconstruct actor 1099614388308
I1014 10:55:25.326761 14962 runtime_context.cpp:29] DecreaseCounter job_5_running_actor_count, current val is 34
I1014 10:55:25.326790 14962 actor.cpp:408] actor 1099614388312 switch to nullptr
I1014 10:55:25.326805 14962 thread.cpp:76] thread 524337 deconstruct actor 1099614388312
I1014 10:55:25.326961 14962 runtime_context.cpp:29] DecreaseCounter job_5_running_actor_count, current val is 33
I1014 10:55:25.326987 14962 actor.cpp:408] actor 1099614388316 switch to nullptr
I1014 10:55:25.327001 14962 thread.cpp:76] thread 524337 deconstruct actor 1099614388316
I1014 10:55:25.327169 14962 runtime_context.cpp:29] DecreaseCounter job_5_running_actor_count, current val is 32
I1014 10:55:25.327198 14962 actor.cpp:408] actor 1099614388321 switch to nullptr
I1014 10:55:25.327214 14962 thread.cpp:76] thread 524337 deconstruct actor 1099614388321
I1014 10:55:25.327385 14962 runtime_context.cpp:29] DecreaseCounter job_5_running_actor_count, current val is 31
I1014 10:55:25.327504 14962 actor.cpp:408] actor 1099614388301 switch to nullptr
I1014 10:55:25.327531 14962 thread.cpp:76] thread 524337 deconstruct actor 1099614388301
I1014 10:55:25.327785 14962 runtime_context.cpp:29] DecreaseCounter job_5_running_actor_count, current val is 30
I1014 10:55:25.327831 14962 actor.cpp:408] actor 1099614388297 switch to nullptr
I1014 10:55:25.327848 14962 thread.cpp:76] thread 524337 deconstruct actor 1099614388297
I1014 10:55:25.328022 14962 runtime_context.cpp:29] DecreaseCounter job_5_running_actor_count, current val is 29
I1014 10:55:25.328048 14962 actor.cpp:408] actor 1099614388305 switch to nullptr
I1014 10:55:25.328064 14962 thread.cpp:76] thread 524337 deconstruct actor 1099614388305
I1014 10:55:25.328228 14962 runtime_context.cpp:29] DecreaseCounter job_5_running_actor_count, current val is 28
I1014 10:55:25.328258 14962 actor.cpp:408] actor 1099614388309 switch to nullptr
I1014 10:55:25.328274 14962 thread.cpp:76] thread 524337 deconstruct actor 1099614388309
I1014 10:55:25.328439 14962 runtime_context.cpp:29] DecreaseCounter job_5_running_actor_count, current val is 27
I1014 10:55:25.328466 14962 actor.cpp:408] actor 1099614388313 switch to nullptr
I1014 10:55:25.328482 14962 thread.cpp:76] thread 524337 deconstruct actor 1099614388313
I1014 10:55:25.328667 14962 runtime_context.cpp:29] DecreaseCounter job_5_running_actor_count, current val is 26
I1014 10:55:25.328696 14962 actor.cpp:408] actor 1099614388317 switch to nullptr
I1014 10:55:25.328711 14962 thread.cpp:76] thread 524337 deconstruct actor 1099614388317
I1014 10:55:25.328881 14962 runtime_context.cpp:29] DecreaseCounter job_5_running_actor_count, current val is 25
I1014 10:55:25.328909 14962 actor.cpp:408] actor 1099614388290 switch to nullptr
I1014 10:55:25.328925 14962 thread.cpp:76] thread 524337 deconstruct actor 1099614388290
I1014 10:55:25.329110 14962 runtime_context.cpp:29] DecreaseCounter job_4_running_actor_count, current val is 21
I1014 10:55:25.329136 14962 actor.cpp:408] actor 1099614388242 switch to nullptr
I1014 10:55:25.329152 14962 thread.cpp:76] thread 524337 deconstruct actor 1099614388242
I1014 10:55:25.329326 14962 runtime_context.cpp:29] DecreaseCounter job_0_running_actor_count, current val is 434
I1014 10:55:25.329355 14962 actor.cpp:408] actor 1099614388232 switch to nullptr
I1014 10:55:25.329371 14962 thread.cpp:76] thread 524337 deconstruct actor 1099614388232
I1014 10:55:25.329550 14962 runtime_context.cpp:29] DecreaseCounter job_0_running_actor_count, current val is 433
I1014 10:55:25.329588 14962 actor.cpp:408] actor 1099614388251 switch to nullptr
I1014 10:55:25.329607 14962 thread.cpp:76] thread 524337 deconstruct actor 1099614388251
I1014 10:55:25.329790 14962 runtime_context.cpp:29] DecreaseCounter job_1_running_actor_count, current val is 88
I1014 10:55:25.329821 14962 actor.cpp:408] actor 1099614388260 switch to nullptr
I1014 10:55:25.329838 14962 thread.cpp:76] thread 524337 deconstruct actor 1099614388260
I1014 10:55:25.330018 14962 runtime_context.cpp:29] DecreaseCounter job_2_running_actor_count, current val is 90
I1014 10:55:25.330047 14962 actor.cpp:408] actor 1099614388269 switch to nullptr
I1014 10:55:25.330063 14962 thread.cpp:76] thread 524337 deconstruct actor 1099614388269
I1014 10:55:25.330237 14962 runtime_context.cpp:29] DecreaseCounter job_3_running_actor_count, current val is 90
I1014 10:55:25.330265 14962 actor.cpp:408] actor 1099614388278 switch to nullptr
I1014 10:55:25.330281 14962 thread.cpp:76] thread 524337 deconstruct actor 1099614388278
I1014 10:55:25.330449 14962 runtime_context.cpp:29] DecreaseCounter job_4_running_actor_count, current val is 20
I1014 10:55:25.330477 14962 actor.cpp:408] actor 1099614388288 switch to nullptr
I1014 10:55:25.330492 14962 thread.cpp:76] thread 524337 deconstruct actor 1099614388288
I1014 10:55:25.330677 14962 runtime_context.cpp:29] DecreaseCounter job_4_running_actor_count, current val is 19
I1014 10:55:25.330709 14962 actor.cpp:408] actor 1099614388240 switch to nullptr
I1014 10:55:25.330888 14962 thread.cpp:76] thread 524337 deconstruct actor 1099614388240
I1014 10:55:25.331132 14962 runtime_context.cpp:29] DecreaseCounter job_0_running_actor_count, current val is 432
I1014 10:55:25.331199 14962 actor.cpp:408] actor 1099614388227 switch to nullptr
I1014 10:55:25.331229 14962 thread.cpp:76] thread 524337 deconstruct actor 1099614388227
I1014 10:55:25.331343 14975 actor.cpp:408] actor 2207613190314 switch to nullptr
I1014 10:55:25.331369 14969 actor.cpp:408] actor 2199023255722 switch to nullptr
I1014 10:55:25.331449 14969 thread.cpp:76] thread 1048576 deconstruct actor 2199023255722
I1014 10:55:25.331398 14975 thread.cpp:76] thread 1052672 deconstruct actor 2207613190314
I1014 10:55:25.331491 14962 runtime_context.cpp:29] DecreaseCounter job_0_running_actor_count, current val is 431
I1014 10:55:25.331555 14962 actor.cpp:408] actor 1099614388248 switch to nullptr
I1014 10:55:25.331604 14962 thread.cpp:76] thread 524337 deconstruct actor 1099614388248
I1014 10:55:25.331753 14969 runtime_context.cpp:29] DecreaseCounter job_0_running_actor_count, current val is 430
I1014 10:55:25.331809 14975 runtime_context.cpp:29] DecreaseCounter job_0_running_actor_count, current val is 429
I1014 10:55:25.331817 14969 actor.cpp:408] actor 2199023255709 switch to nullptr
I1014 10:55:25.331835 14962 runtime_context.cpp:29] DecreaseCounter job_1_running_actor_count, current val is 87
I1014 10:55:25.331889 14969 thread.cpp:76] thread 1048576 deconstruct actor 2199023255709
I1014 10:55:25.331943 14962 actor.cpp:408] actor 1099614388257 switch to nullptr
I1014 10:55:25.331893 14975 actor.cpp:408] actor 2207613190301 switch to nullptr
I1014 10:55:25.331975 14962 thread.cpp:76] thread 524337 deconstruct actor 1099614388257
I1014 10:55:25.332005 14975 thread.cpp:76] thread 1052672 deconstruct actor 2207613190301
I1014 10:55:25.332096 14969 runtime_context.cpp:29] DecreaseCounter job_0_running_actor_count, current val is 428
I1014 10:55:25.332144 14969 actor.cpp:408] actor 2199023255707 switch to nullptr
I1014 10:55:25.332162 14969 thread.cpp:76] thread 1048576 deconstruct actor 2199023255707
I1014 10:55:25.332217 14962 runtime_context.cpp:29] DecreaseCounter job_2_running_actor_count, current val is 89
I1014 10:55:25.332216 14975 runtime_context.cpp:29] DecreaseCounter job_0_running_actor_count, current val is 427
I1014 10:55:25.332281 14962 actor.cpp:408] actor 1099614388266 switch to nullptr
I1014 10:55:25.332288 14969 runtime_context.cpp:29] DecreaseCounter job_0_running_actor_count, current val is 426
I1014 10:55:25.332312 14962 thread.cpp:76] thread 524337 deconstruct actor 1099614388266
I1014 10:55:25.332355 14969 actor.cpp:408] actor 2199023255701 switch to nullptr
I1014 10:55:25.332381 14969 thread.cpp:76] thread 1048576 deconstruct actor 2199023255701
I1014 10:55:25.332314 14975 actor.cpp:408] actor 2207613190293 switch to nullptr
I1014 10:55:25.332429 14975 thread.cpp:76] thread 1052672 deconstruct actor 2207613190293
I1014 10:55:25.332511 14969 runtime_context.cpp:29] DecreaseCounter job_0_running_actor_count, current val is 425
I1014 10:55:25.332553 14969 actor.cpp:408] actor 2199023255699 switch to nullptr
I1014 10:55:25.332582 14969 thread.cpp:76] thread 1048576 deconstruct actor 2199023255699
I1014 10:55:25.332595 14962 runtime_context.cpp:29] DecreaseCounter job_3_running_actor_count, current val is 89
I1014 10:55:25.332623 14975 runtime_context.cpp:29] DecreaseCounter job_0_running_actor_count, current val is 424
I1014 10:55:25.332654 14962 actor.cpp:408] actor 1099614388275 switch to nullptr
I1014 10:55:25.332696 14962 thread.cpp:76] thread 524337 deconstruct actor 1099614388275
I1014 10:55:25.332696 14975 actor.cpp:408] actor 2207613190291 switch to nullptr
I1014 10:55:25.332705 14969 runtime_context.cpp:29] DecreaseCounter job_0_running_actor_count, current val is 423
I1014 10:55:25.332752 14975 thread.cpp:76] thread 1052672 deconstruct actor 2207613190291
I1014 10:55:25.332810 14969 actor.cpp:408] actor 2199023255689 switch to nullptr
I1014 10:55:25.332834 14969 thread.cpp:76] thread 1048576 deconstruct actor 2199023255689
I1014 10:55:25.332950 14962 runtime_context.cpp:29] DecreaseCounter job_4_running_actor_count, current val is 18
I1014 10:55:25.332952 14975 runtime_context.cpp:29] DecreaseCounter job_0_running_actor_count, current val is 422
I1014 10:55:25.333039 14962 actor.cpp:411] actor 1099614388291 switch to &Actor::HandlerZombie
I1014 10:55:25.333040 14969 runtime_context.cpp:29] DecreaseCounter job_0_running_actor_count, current val is 421
I1014 10:55:25.333072 14975 actor.cpp:408] actor 2207613190281 switch to nullptr
I1014 10:55:25.333119 14969 actor.cpp:408] actor 2199023255687 switch to nullptr
I1014 10:55:25.333079 14962 actor.cpp:408] actor 1099614388282 switch to nullptr
I1014 10:55:25.333153 14959 actor.cpp:411] actor 1099570348032 switch to &Actor::HandlerZombie
I1014 10:55:25.333145 14969 thread.cpp:76] thread 1048576 deconstruct actor 2199023255687
I1014 10:55:25.333128 14975 thread.cpp:76] thread 1052672 deconstruct actor 2207613190281
I1014 10:55:25.333170 14962 thread.cpp:76] thread 524337 deconstruct actor 1099614388282
I1014 10:55:25.333184 14961 actor.cpp:411] actor 1099574542336 switch to &Actor::HandlerZombie
I1014 10:55:25.333343 14969 runtime_context.cpp:29] DecreaseCounter job_0_running_actor_count, current val is 420
I1014 10:55:25.333382 14969 actor.cpp:408] actor 2199023255685 switch to nullptr
I1014 10:55:25.333389 14975 runtime_context.cpp:29] DecreaseCounter job_0_running_actor_count, current val is 419
I1014 10:55:25.333400 14969 thread.cpp:76] thread 1048576 deconstruct actor 2199023255685
I1014 10:55:25.333451 14975 actor.cpp:408] actor 2207613190279 switch to nullptr
I1014 10:55:25.333474 14962 runtime_context.cpp:29] DecreaseCounter job_4_running_actor_count, current val is 17
I1014 10:55:25.333485 14975 thread.cpp:76] thread 1052672 deconstruct actor 2207613190279
I1014 10:55:25.333525 14962 actor.cpp:408] actor 1099614388286 switch to nullptr
I1014 10:55:25.333549 14962 thread.cpp:76] thread 524337 deconstruct actor 1099614388286
I1014 10:55:25.333581 14969 runtime_context.cpp:29] DecreaseCounter job_0_running_actor_count, current val is 418
I1014 10:55:25.333626 14969 actor.cpp:408] actor 2199023255683 switch to nullptr
I1014 10:55:25.333643 14969 thread.cpp:76] thread 1048576 deconstruct actor 2199023255683
I1014 10:55:25.333693 14975 runtime_context.cpp:29] DecreaseCounter job_0_running_actor_count, current val is 417
I1014 10:55:25.333752 14975 actor.cpp:408] actor 2207613190277 switch to nullptr
I1014 10:55:25.333756 14969 runtime_context.cpp:29] DecreaseCounter job_0_running_actor_count, current val is 416
I1014 10:55:25.333788 14975 thread.cpp:76] thread 1052672 deconstruct actor 2207613190277
I1014 10:55:25.333786 14962 runtime_context.cpp:29] DecreaseCounter job_4_running_actor_count, current val is 16
I1014 10:55:25.333828 14969 actor.cpp:408] actor 2199023255613 switch to nullptr
I1014 10:55:25.333873 14962 actor.cpp:408] actor 1099614388283 switch to nullptr
I1014 10:55:25.333881 14969 thread.cpp:76] thread 1048576 deconstruct actor 2199023255613
I1014 10:55:25.333925 14960 actor.cpp:411] actor 1099572445184 switch to &Actor::HandlerZombie
I1014 10:55:25.333950 14961 thread.cpp:76] thread 524318 deconstruct actor 1099574542336
I1014 10:55:25.333920 14962 thread.cpp:76] thread 524337 deconstruct actor 1099614388283
I1014 10:55:25.333986 14975 runtime_context.cpp:29] DecreaseCounter job_0_running_actor_count, current val is 415
I1014 10:55:25.334056 14969 runtime_context.cpp:29] DecreaseCounter job_0_running_actor_count, current val is 414
I1014 10:55:25.334084 14975 actor.cpp:408] actor 2207613190275 switch to nullptr
I1014 10:55:25.334100 14969 actor.cpp:408] actor 2199023255611 switch to nullptr
I1014 10:55:25.334131 14961 runtime_context.cpp:29] DecreaseCounter job_4_running_actor_count, current val is 15
I1014 10:55:25.334142 14969 thread.cpp:76] thread 1048576 deconstruct actor 2199023255611
I1014 10:55:25.334118 14975 thread.cpp:76] thread 1052672 deconstruct actor 2207613190275
I1014 10:55:25.334267 14962 runtime_context.cpp:29] DecreaseCounter job_4_running_actor_count, current val is 14
I1014 10:55:25.334280 14969 runtime_context.cpp:29] DecreaseCounter job_0_running_actor_count, current val is 413
I1014 10:55:25.334348 14975 runtime_context.cpp:29] DecreaseCounter job_0_running_actor_count, current val is 412
I1014 10:55:25.334362 14962 actor.cpp:411] actor 1099614388243 switch to &Actor::HandlerZombie
I1014 10:55:25.334403 14969 actor.cpp:408] actor 2199023255713 switch to nullptr
I1014 10:55:25.334482 14962 actor.cpp:408] actor 1099614388236 switch to nullptr
I1014 10:55:25.334465 14975 actor.cpp:408] actor 2207613190205 switch to nullptr
I1014 10:55:25.334488 14969 thread.cpp:76] thread 1048576 deconstruct actor 2199023255713
I1014 10:55:25.334545 14943 actor.cpp:411] actor 1099536793600 switch to &Actor::HandlerZombie
I1014 10:55:25.334537 14975 thread.cpp:76] thread 1052672 deconstruct actor 2207613190205
I1014 10:55:25.334517 14962 thread.cpp:76] thread 524337 deconstruct actor 1099614388236
I1014 10:55:25.334683 14969 runtime_context.cpp:29] DecreaseCounter job_0_running_actor_count, current val is 411
I1014 10:55:25.334728 14969 actor.cpp:408] actor 2199023255571 switch to nullptr
I1014 10:55:25.334745 14969 thread.cpp:76] thread 1048576 deconstruct actor 2199023255571
I1014 10:55:25.334795 14975 runtime_context.cpp:29] DecreaseCounter job_0_running_actor_count, current val is 410
I1014 10:55:25.334848 14969 runtime_context.cpp:29] DecreaseCounter job_0_running_actor_count, current val is 409
I1014 10:55:25.334870 14962 runtime_context.cpp:29] DecreaseCounter job_0_running_actor_count, current val is 408
I1014 10:55:25.334856 14975 actor.cpp:408] actor 2207613190203 switch to nullptr
I1014 10:55:25.334921 14962 actor.cpp:408] actor 1099614388237 switch to nullptr
I1014 10:55:25.334889 14969 actor.cpp:408] actor 2199023255711 switch to nullptr
I1014 10:55:25.334931 14975 thread.cpp:76] thread 1052672 deconstruct actor 2207613190203
I1014 10:55:25.334949 14962 thread.cpp:76] thread 524337 deconstruct actor 1099614388237
I1014 10:55:25.334972 14969 thread.cpp:76] thread 1048576 deconstruct actor 2199023255711
I1014 10:55:25.335011 14944 actor.cpp:411] actor 1099538890752 switch to &Actor::HandlerZombie
I1014 10:55:25.335160 14975 runtime_context.cpp:29] DecreaseCounter job_0_running_actor_count, current val is 407
I1014 10:55:25.335177 14969 runtime_context.cpp:29] DecreaseCounter job_0_running_actor_count, current val is 406
I1014 10:55:25.335222 14975 actor.cpp:408] actor 2207613190305 switch to nullptr
I1014 10:55:25.335225 14962 runtime_context.cpp:29] DecreaseCounter job_0_running_actor_count, current val is 405
I1014 10:55:25.335238 14969 actor.cpp:408] actor 2199023255569 switch to nullptr
I1014 10:55:25.335258 14975 thread.cpp:76] thread 1052672 deconstruct actor 2207613190305
I1014 10:55:25.335287 14962 actor.cpp:411] actor 1099614388233 switch to &Actor::HandlerZombie
I1014 10:55:25.335305 14969 thread.cpp:76] thread 1048576 deconstruct actor 2199023255569
I1014 10:55:25.335371 14962 actor.cpp:408] actor 1099614388226 switch to nullptr
I1014 10:55:25.335400 14962 thread.cpp:76] thread 524337 deconstruct actor 1099614388226
I1014 10:55:25.335480 14975 runtime_context.cpp:29] DecreaseCounter job_0_running_actor_count, current val is 404
I1014 10:55:25.335506 14969 runtime_context.cpp:29] DecreaseCounter job_0_running_actor_count, current val is 403
I1014 10:55:25.335521 14932 actor.cpp:408] actor 1099513724928 switch to nullptr
I1014 10:55:25.335665 14938 actor.cpp:408] actor 1099526307840 switch to nullptr
I1014 10:55:25.335687 14936 actor.cpp:408] actor 1099522113536 switch to nullptr
I1014 10:55:25.335633 14934 actor.cpp:408] actor 1099517919232 switch to nullptr
I1014 10:55:25.335986 14934 thread.cpp:76] thread 524291 deconstruct actor 1099517919232
I1014 10:55:25.335624 14940 actor.cpp:408] actor 1099530502144 switch to nullptr
I1014 10:55:25.335533 14975 actor.cpp:408] actor 2207613190163 switch to nullptr
I1014 10:55:25.335691 14932 thread.cpp:76] thread 524289 deconstruct actor 1099513724928
I1014 10:55:25.335748 14942 actor.cpp:411] actor 1099534696448 switch to &Actor::HandlerZombie
I1014 10:55:25.335793 14962 runtime_context.cpp:29] DecreaseCounter job_0_running_actor_count, current val is 402
I1014 10:55:25.336257 14962 actor.cpp:408] actor 1099614388224 switch to nullptr
I1014 10:55:25.336302 14962 thread.cpp:76] thread 524337 deconstruct actor 1099614388224
I1014 10:55:25.336320 14945 actor.cpp:408] actor 1099540987904 switch to nullptr
I1014 10:55:25.336355 14945 thread.cpp:76] thread 524302 deconstruct actor 1099540987904
I1014 10:55:25.335894 14977 actor.cpp:411] actor 2207615287297 switch to &Actor::HandlerZombie
I1014 10:55:25.336418 14946 actor.cpp:408] actor 1099543085056 switch to nullptr
I1014 10:55:25.336454 14949 actor.cpp:408] actor 1099549376512 switch to nullptr
I1014 10:55:25.336068 14940 thread.cpp:76] thread 524297 deconstruct actor 1099530502144
I1014 10:55:25.335847 14971 actor.cpp:411] actor 2199025352705 switch to &Actor::HandlerZombie
I1014 10:55:25.336222 14942 thread.cpp:76] thread 524299 deconstruct actor 1099534696448
I1014 10:55:25.336647 14971 actor.cpp:411] actor 2199025352704 switch to &Actor::HandlerZombie
I1014 10:55:25.335863 14938 thread.cpp:76] thread 524295 deconstruct actor 1099526307840
I1014 10:55:25.336355 14934 runtime_context.cpp:29] DecreaseCounter job_0_running_actor_count, current val is 401
I1014 10:55:25.336391 14948 actor.cpp:411] actor 1099547279360 switch to &Actor::HandlerZombie
I1014 10:55:25.336843 14948 thread.cpp:76] thread 524305 deconstruct actor 1099547279360
I1014 10:55:25.336844 14940 runtime_context.cpp:29] DecreaseCounter job_0_running_actor_count, current val is 398
I1014 10:55:25.336457 14977 actor.cpp:411] actor 2207615287296 switch to &Actor::HandlerZombie
I1014 10:55:25.336480 14947 actor.cpp:408] actor 1099545182208 switch to nullptr
I1014 10:55:25.336494 14962 runtime_context.cpp:29] DecreaseCounter job_0_running_actor_count, current val is 400
I1014 10:55:25.336093 14975 thread.cpp:76] thread 1052672 deconstruct actor 2207613190163
I1014 10:55:25.337066 14962 actor.cpp:408] actor 1099614388225 switch to nullptr
I1014 10:55:25.337090 14948 runtime_context.cpp:29] DecreaseCounter job_0_running_actor_count, current val is 396
I1014 10:55:25.336517 14949 thread.cpp:76] thread 524306 deconstruct actor 1099549376512
I1014 10:55:25.335637 14969 actor.cpp:408] actor 2199023255697 switch to nullptr
I1014 10:55:25.336691 14971 actor.cpp:408] actor 2199025352708 switch to nullptr
I1014 10:55:25.337260 14971 thread.cpp:76] thread 1048577 deconstruct actor 2199025352708
I1014 10:55:25.337282 14941 actor.cpp:411] actor 1099532599296 switch to &Actor::HandlerZombie
I1014 10:55:25.337292 14942 runtime_context.cpp:29] DecreaseCounter job_0_running_actor_count, current val is 394
I1014 10:55:25.337406 14941 thread.cpp:76] thread 524298 deconstruct actor 1099532599296
I1014 10:55:25.337025 14947 thread.cpp:76] thread 524304 deconstruct actor 1099545182208
I1014 10:55:25.337091 14962 thread.cpp:76] thread 524337 deconstruct actor 1099614388225
I1014 10:55:25.336519 14945 runtime_context.cpp:29] DecreaseCounter job_0_running_actor_count, current val is 399
I1014 10:55:25.337203 14931 actor.cpp:408] actor 1099511627776 switch to nullptr
I1014 10:55:25.337203 14937 actor.cpp:408] actor 1099524210688 switch to nullptr
I1014 10:55:25.337219 14975 runtime_context.cpp:29] DecreaseCounter job_0_running_actor_count, current val is 395
I1014 10:55:25.337205 14969 thread.cpp:76] thread 1048576 deconstruct actor 2199023255697
I1014 10:55:25.337746 14975 actor.cpp:408] actor 2207613190303 switch to nullptr
I1014 10:55:25.337775 14975 thread.cpp:76] thread 1052672 deconstruct actor 2207613190303
I1014 10:55:25.337266 14939 actor.cpp:408] actor 1099528404992 switch to nullptr
I1014 10:55:25.337853 14941 runtime_context.cpp:29] DecreaseCounter job_0_running_actor_count, current val is 389
I1014 10:55:25.337925 14975 runtime_context.cpp:29] DecreaseCounter job_0_running_actor_count, current val is 387
I1014 10:55:25.336971 14977 actor.cpp:408] actor 2207615287298 switch to nullptr
I1014 10:55:25.337977 14975 actor.cpp:408] actor 2207613190161 switch to nullptr
I1014 10:55:25.338045 14975 thread.cpp:76] thread 1052672 deconstruct actor 2207613190161
I1014 10:55:25.337527 14949 runtime_context.cpp:29] DecreaseCounter job_0_running_actor_count, current val is 392
I1014 10:55:25.337641 14931 thread.cpp:76] thread 524288 deconstruct actor 1099511627776
I1014 10:55:25.338371 14975 runtime_context.cpp:29] DecreaseCounter job_0_running_actor_count, current val is 386
I1014 10:55:25.338418 14975 actor.cpp:408] actor 2207613190289 switch to nullptr
I1014 10:55:25.338440 14975 thread.cpp:76] thread 1052672 deconstruct actor 2207613190289
I1014 10:55:25.337720 14947 runtime_context.cpp:29] DecreaseCounter job_0_running_actor_count, current val is 391
I1014 10:55:25.337724 14962 runtime_context.cpp:29] DecreaseCounter job_0_running_actor_count, current val is 390
I1014 10:55:25.335948 14936 thread.cpp:76] thread 524293 deconstruct actor 1099522113536
I1014 10:55:25.337265 14935 actor.cpp:408] actor 1099520016384 switch to nullptr
I1014 10:55:25.338635 14951 actor.cpp:408] actor 1099553570816 switch to nullptr
I1014 10:55:25.338666 14935 thread.cpp:76] thread 524292 deconstruct actor 1099520016384
I1014 10:55:25.338696 14951 thread.cpp:76] thread 524308 deconstruct actor 1099553570816
I1014 10:55:25.336470 14946 thread.cpp:76] thread 524303 deconstruct actor 1099543085056
I1014 10:55:25.337992 14977 thread.cpp:76] thread 1052673 deconstruct actor 2207615287298
I1014 10:55:25.336987 14938 runtime_context.cpp:29] DecreaseCounter job_0_running_actor_count, current val is 397
I1014 10:55:25.338877 14936 runtime_context.cpp:29] DecreaseCounter job_0_running_actor_count, current val is 384
I1014 10:55:25.338925 14977 runtime_context.cpp:29] DecreaseCounter job_0_running_actor_count, current val is 383
I1014 10:55:25.338948 14946 runtime_context.cpp:29] DecreaseCounter job_0_running_actor_count, current val is 381
I1014 10:55:25.338582 14962 actor.cpp:408] actor 1099614388247 switch to nullptr
I1014 10:55:25.339025 14962 thread.cpp:76] thread 524337 deconstruct actor 1099614388247
I1014 10:55:25.337854 14939 thread.cpp:76] thread 524296 deconstruct actor 1099528404992
I1014 10:55:25.338635 14950 actor.cpp:408] actor 1099551473664 switch to nullptr
I1014 10:55:25.339169 14950 thread.cpp:76] thread 524307 deconstruct actor 1099551473664
I1014 10:55:25.337278 14933 actor.cpp:408] actor 1099515822080 switch to nullptr
I1014 10:55:25.337872 14969 runtime_context.cpp:29] DecreaseCounter job_0_running_actor_count, current val is 388
I1014 10:55:25.338879 14951 runtime_context.cpp:29] DecreaseCounter job_1_running_actor_count, current val is 86
I1014 10:55:25.337492 14971 runtime_context.cpp:29] DecreaseCounter job_0_running_actor_count, current val is 393
I1014 10:55:25.338944 14935 runtime_context.cpp:29] DecreaseCounter job_0_running_actor_count, current val is 382
I1014 10:55:25.339416 14971 actor.cpp:408] actor 2199025352707 switch to nullptr
I1014 10:55:25.339449 14971 thread.cpp:76] thread 1048577 deconstruct actor 2199025352707
I1014 10:55:25.338608 14975 runtime_context.cpp:29] DecreaseCounter job_0_running_actor_count, current val is 385
I1014 10:55:25.338992 14977 actor.cpp:408] actor 2207615287300 switch to nullptr
I1014 10:55:25.339525 14975 actor.cpp:408] actor 2207613190154 switch to nullptr
I1014 10:55:25.339540 14977 thread.cpp:76] thread 1052673 deconstruct actor 2207615287300
I1014 10:55:25.339238 14933 thread.cpp:76] thread 524290 deconstruct actor 1099515822080
I1014 10:55:25.339293 14969 actor.cpp:408] actor 2199023255562 switch to nullptr
I1014 10:55:25.339341 14939 runtime_context.cpp:29] DecreaseCounter job_0_running_actor_count, current val is 380
I1014 10:55:25.339390 14950 runtime_context.cpp:29] DecreaseCounter job_1_running_actor_count, current val is 84
I1014 10:55:25.337674 14937 thread.cpp:76] thread 524294 deconstruct actor 1099524210688
I1014 10:55:25.338670 14952 actor.cpp:408] actor 1099555667968 switch to nullptr
I1014 10:55:25.339783 14952 thread.cpp:76] thread 524309 deconstruct actor 1099555667968
I1014 10:55:25.339550 14971 runtime_context.cpp:29] DecreaseCounter job_0_running_actor_count, current val is 379
I1014 10:55:25.339555 14975 thread.cpp:76] thread 1052672 deconstruct actor 2207613190154
I1014 10:55:25.339908 14952 runtime_context.cpp:29] DecreaseCounter job_1_running_actor_count, current val is 83
I1014 10:55:25.339654 14977 runtime_context.cpp:29] DecreaseCounter job_0_running_actor_count, current val is 378
I1014 10:55:25.339215 14962 runtime_context.cpp:29] DecreaseCounter job_1_running_actor_count, current val is 85
I1014 10:55:25.340145 14977 actor.cpp:408] actor 2207615287299 switch to nullptr
I1014 10:55:25.340166 14962 actor.cpp:411] actor 1099614388252 switch to &Actor::HandlerZombie
I1014 10:55:25.339819 14933 runtime_context.cpp:29] DecreaseCounter job_0_running_actor_count, current val is 377
I1014 10:55:25.340003 14937 runtime_context.cpp:29] DecreaseCounter job_0_running_actor_count, current val is 376
I1014 10:55:25.339653 14969 thread.cpp:76] thread 1048576 deconstruct actor 2199023255562
I1014 10:55:25.340047 14975 runtime_context.cpp:29] DecreaseCounter job_0_running_actor_count, current val is 375
I1014 10:55:25.340176 14977 thread.cpp:76] thread 1052673 deconstruct actor 2207615287299
I1014 10:55:25.340356 14975 actor.cpp:408] actor 2207613190283 switch to nullptr
I1014 10:55:25.339890 14971 thread.cpp:76] thread 1048577 deconstruct actor 2199025352705
I1014 10:55:25.340196 14962 actor.cpp:411] actor 1099614388261 switch to &Actor::HandlerZombie
I1014 10:55:25.340385 14975 thread.cpp:76] thread 1052672 deconstruct actor 2207613190283
I1014 10:55:25.340426 14969 runtime_context.cpp:29] DecreaseCounter job_0_running_actor_count, current val is 374
I1014 10:55:25.340445 14977 runtime_context.cpp:29] DecreaseCounter job_0_running_actor_count, current val is 373
I1014 10:55:25.340468 14962 actor.cpp:408] actor 1099614388256 switch to nullptr
I1014 10:55:25.340533 14971 runtime_context.cpp:29] DecreaseCounter job_0_running_actor_count, current val is 372
I1014 10:55:25.340523 14954 actor.cpp:408] actor 1099559862272 switch to nullptr
I1014 10:55:25.340525 14953 actor.cpp:408] actor 1099557765120 switch to nullptr
I1014 10:55:25.340517 14969 actor.cpp:408] actor 2199023255691 switch to nullptr
I1014 10:55:25.340554 14977 thread.cpp:76] thread 1052673 deconstruct actor 2207615287297
I1014 10:55:25.340595 14962 thread.cpp:76] thread 524337 deconstruct actor 1099614388256
I1014 10:55:25.340608 14955 actor.cpp:411] actor 1099561959424 switch to &Actor::HandlerZombie
I1014 10:55:25.340618 14975 runtime_context.cpp:29] DecreaseCounter job_0_running_actor_count, current val is 371
I1014 10:55:25.340632 14971 actor.cpp:408] actor 2199025352709 switch to nullptr
I1014 10:55:25.340934 14971 thread.cpp:76] thread 1048577 deconstruct actor 2199025352709
I1014 10:55:25.340660 14954 thread.cpp:76] thread 524311 deconstruct actor 1099559862272
I1014 10:55:25.340983 14962 runtime_context.cpp:29] DecreaseCounter job_2_running_actor_count, current val is 88
I1014 10:55:25.340692 14953 thread.cpp:76] thread 524310 deconstruct actor 1099557765120
I1014 10:55:25.340716 14969 thread.cpp:76] thread 1048576 deconstruct actor 2199023255691
I1014 10:55:25.340829 14955 thread.cpp:76] thread 524312 deconstruct actor 1099561959424
I1014 10:55:25.340847 14977 runtime_context.cpp:29] DecreaseCounter job_0_running_actor_count, current val is 370
I1014 10:55:25.340912 14975 actor.cpp:408] actor 2207613190156 switch to nullptr
I1014 10:55:25.341022 14962 actor.cpp:411] actor 1099614388270 switch to &Actor::HandlerZombie
I1014 10:55:25.341241 14969 runtime_context.cpp:29] DecreaseCounter job_0_running_actor_count, current val is 368
I1014 10:55:25.341259 14953 runtime_context.cpp:29] DecreaseCounter job_2_running_actor_count, current val is 86
I1014 10:55:25.341292 14969 actor.cpp:408] actor 2199023255564 switch to nullptr
I1014 10:55:25.341301 14955 runtime_context.cpp:29] DecreaseCounter job_2_running_actor_count, current val is 85
I1014 10:55:25.341022 14971 runtime_context.cpp:29] DecreaseCounter job_0_running_actor_count, current val is 369
I1014 10:55:25.341274 14962 actor.cpp:408] actor 1099614388265 switch to nullptr
I1014 10:55:25.341415 14958 actor.cpp:411] actor 1099568250880 switch to &Actor::HandlerZombie
I1014 10:55:25.341210 14977 thread.cpp:76] thread 1052673 deconstruct actor 2207615287296
I1014 10:55:25.341317 14969 thread.cpp:76] thread 1048576 deconstruct actor 2199023255564
I1014 10:55:25.341234 14975 thread.cpp:76] thread 1052672 deconstruct actor 2207613190156
I1014 10:55:25.341349 14956 actor.cpp:408] actor 1099564056576 switch to nullptr
I1014 10:55:25.341351 14957 actor.cpp:408] actor 1099566153728 switch to nullptr
I1014 10:55:25.341682 14969 runtime_context.cpp:29] DecreaseCounter job_0_running_actor_count, current val is 366
I1014 10:55:25.341711 14975 runtime_context.cpp:29] DecreaseCounter job_0_running_actor_count, current val is 365
I1014 10:55:25.341732 14969 actor.cpp:408] actor 2199023255553 switch to nullptr
I1014 10:55:25.341428 14962 thread.cpp:76] thread 524337 deconstruct actor 1099614388265
I1014 10:55:25.341490 14958 thread.cpp:76] thread 524315 deconstruct actor 1099568250880
I1014 10:55:25.341614 14977 runtime_context.cpp:29] DecreaseCounter job_0_running_actor_count, current val is 367
I1014 10:55:25.341905 14977 actor.cpp:408] actor 2207615287301 switch to nullptr
I1014 10:55:25.341641 14956 thread.cpp:76] thread 524313 deconstruct actor 1099564056576
I1014 10:55:25.341960 14958 runtime_context.cpp:29] DecreaseCounter job_3_running_actor_count, current val is 88
I1014 10:55:25.341691 14957 thread.cpp:76] thread 524314 deconstruct actor 1099566153728
I1014 10:55:25.341130 14954 runtime_context.cpp:29] DecreaseCounter job_2_running_actor_count, current val is 87
I1014 10:55:25.341763 14969 thread.cpp:76] thread 1048576 deconstruct actor 2199023255553
I1014 10:55:25.341773 14975 actor.cpp:408] actor 2207613190299 switch to nullptr
I1014 10:55:25.342170 14956 runtime_context.cpp:29] DecreaseCounter job_3_running_actor_count, current val is 86
I1014 10:55:25.342187 14957 runtime_context.cpp:29] DecreaseCounter job_3_running_actor_count, current val is 85
I1014 10:55:25.341403 14971 thread.cpp:76] thread 1048577 deconstruct actor 2199025352704
I1014 10:55:25.342254 14969 runtime_context.cpp:29] DecreaseCounter job_0_running_actor_count, current val is 364
I1014 10:55:25.342187 14975 thread.cpp:76] thread 1052672 deconstruct actor 2207613190299
I1014 10:55:25.342301 14969 actor.cpp:408] actor 2199023255717 switch to nullptr
I1014 10:55:25.342325 14969 thread.cpp:76] thread 1048576 deconstruct actor 2199023255717
I1014 10:55:25.342339 14971 runtime_context.cpp:29] DecreaseCounter job_0_running_actor_count, current val is 363
I1014 10:55:25.341956 14962 runtime_context.cpp:29] DecreaseCounter job_3_running_actor_count, current val is 87
I1014 10:55:25.341938 14977 thread.cpp:76] thread 1052673 deconstruct actor 2207615287301
I1014 10:55:25.342384 14971 actor.cpp:408] actor 2199025352710 switch to nullptr
I1014 10:55:25.342414 14962 actor.cpp:411] actor 1099614388279 switch to &Actor::HandlerZombie
I1014 10:55:25.342442 14969 runtime_context.cpp:29] DecreaseCounter job_0_running_actor_count, current val is 362
I1014 10:55:25.342500 14977 runtime_context.cpp:29] DecreaseCounter job_2_running_actor_count, current val is 84
I1014 10:55:25.342536 14969 actor.cpp:408] actor 2199023255606 switch to nullptr
I1014 10:55:25.342502 14962 actor.cpp:408] actor 1099614388273 switch to nullptr
I1014 10:55:25.342561 14969 thread.cpp:76] thread 1048576 deconstruct actor 2199023255606
I1014 10:55:25.342521 14959 thread.cpp:76] thread 524316 deconstruct actor 1099570348032
I1014 10:55:25.342460 14971 thread.cpp:76] thread 1048577 deconstruct actor 2199025352710
I1014 10:55:25.342561 14977 actor.cpp:408] actor 2207615287302 switch to nullptr
I1014 10:55:25.342460 14975 runtime_context.cpp:29] DecreaseCounter job_0_running_actor_count, current val is 361
I1014 10:55:25.342599 14962 thread.cpp:76] thread 524337 deconstruct actor 1099614388273
I1014 10:55:25.342757 14971 runtime_context.cpp:29] DecreaseCounter job_2_running_actor_count, current val is 83
I1014 10:55:25.342830 14959 runtime_context.cpp:29] DecreaseCounter job_4_running_actor_count, current val is 13
I1014 10:55:25.342867 14971 actor.cpp:408] actor 2199025352711 switch to nullptr
I1014 10:55:25.342929 14971 thread.cpp:76] thread 1048577 deconstruct actor 2199025352711
I1014 10:55:25.342734 14969 runtime_context.cpp:29] DecreaseCounter job_0_running_actor_count, current val is 360
I1014 10:55:25.342726 14977 thread.cpp:76] thread 1052673 deconstruct actor 2207615287302
I1014 10:55:25.343003 14969 actor.cpp:408] actor 2199023255715 switch to nullptr
I1014 10:55:25.343034 14969 thread.cpp:76] thread 1048576 deconstruct actor 2199023255715
I1014 10:55:25.343005 14971 runtime_context.cpp:29] DecreaseCounter job_3_running_actor_count, current val is 84
I1014 10:55:25.342770 14975 actor.cpp:408] actor 2207613190145 switch to nullptr
I1014 10:55:25.342934 14962 runtime_context.cpp:29] DecreaseCounter job_4_running_actor_count, current val is 12
I1014 10:55:25.343076 14977 runtime_context.cpp:29] DecreaseCounter job_3_running_actor_count, current val is 83
I1014 10:55:25.343155 14969 runtime_context.cpp:29] DecreaseCounter job_0_running_actor_count, current val is 359
I1014 10:55:25.343149 14962 actor.cpp:408] actor 1099614388274 switch to nullptr
I1014 10:55:25.343199 14969 actor.cpp:408] actor 2199023255604 switch to nullptr
I1014 10:55:25.343116 14975 thread.cpp:76] thread 1052672 deconstruct actor 2207613190145
I1014 10:55:25.343210 14962 thread.cpp:76] thread 524337 deconstruct actor 1099614388274
I1014 10:55:25.343200 14960 thread.cpp:76] thread 524317 deconstruct actor 1099572445184
I1014 10:55:25.343225 14969 thread.cpp:76] thread 1048576 deconstruct actor 2199023255604
I1014 10:55:25.343400 14975 runtime_context.cpp:29] DecreaseCounter job_0_running_actor_count, current val is 358
I1014 10:55:25.343457 14975 actor.cpp:408] actor 2207613190309 switch to nullptr
I1014 10:55:25.343473 14960 runtime_context.cpp:29] DecreaseCounter job_4_running_actor_count, current val is 11
I1014 10:55:25.343461 14969 runtime_context.cpp:29] DecreaseCounter job_0_running_actor_count, current val is 357
I1014 10:55:25.343488 14962 runtime_context.cpp:29] DecreaseCounter job_4_running_actor_count, current val is 10
I1014 10:55:25.343490 14975 thread.cpp:76] thread 1052672 deconstruct actor 2207613190309
I1014 10:55:25.343591 14962 actor.cpp:408] actor 1099614388292 switch to nullptr
I1014 10:55:25.343547 14969 actor.cpp:408] actor 2199023255703 switch to nullptr
I1014 10:55:25.343621 14962 thread.cpp:76] thread 524337 deconstruct actor 1099614388292
I1014 10:55:25.343652 14969 thread.cpp:76] thread 1048576 deconstruct actor 2199023255703
I1014 10:55:25.343750 14975 runtime_context.cpp:29] DecreaseCounter job_0_running_actor_count, current val is 356
I1014 10:55:25.343809 14975 actor.cpp:408] actor 2207613190198 switch to nullptr
I1014 10:55:25.343809 14969 runtime_context.cpp:29] DecreaseCounter job_0_running_actor_count, current val is 355
I1014 10:55:25.343840 14975 thread.cpp:76] thread 1052672 deconstruct actor 2207613190198
I1014 10:55:25.343891 14962 runtime_context.cpp:29] DecreaseCounter job_4_running_actor_count, current val is 9
I1014 10:55:25.343884 14969 actor.cpp:408] actor 2199023255576 switch to nullptr
I1014 10:55:25.343951 14969 thread.cpp:76] thread 1048576 deconstruct actor 2199023255576
I1014 10:55:25.343931 14962 actor.cpp:408] actor 1099614388284 switch to nullptr
I1014 10:55:25.344000 14962 thread.cpp:76] thread 524337 deconstruct actor 1099614388284
I1014 10:55:25.344049 14975 runtime_context.cpp:29] DecreaseCounter job_0_running_actor_count, current val is 354
I1014 10:55:25.344067 14969 runtime_context.cpp:29] DecreaseCounter job_0_running_actor_count, current val is 353
I1014 10:55:25.344101 14975 actor.cpp:408] actor 2207613190307 switch to nullptr
I1014 10:55:25.344120 14969 actor.cpp:408] actor 2199023255705 switch to nullptr
I1014 10:55:25.344135 14975 thread.cpp:76] thread 1052672 deconstruct actor 2207613190307
I1014 10:55:25.344158 14969 thread.cpp:76] thread 1048576 deconstruct actor 2199023255705
I1014 10:55:25.344188 14962 runtime_context.cpp:29] DecreaseCounter job_4_running_actor_count, current val is 8
I1014 10:55:25.344298 14962 actor.cpp:408] actor 1099614388276 switch to nullptr
I1014 10:55:25.344305 14975 runtime_context.cpp:29] DecreaseCounter job_0_running_actor_count, current val is 352
I1014 10:55:25.344362 14962 thread.cpp:76] thread 524337 deconstruct actor 1099614388276
I1014 10:55:25.344394 14969 runtime_context.cpp:29] DecreaseCounter job_0_running_actor_count, current val is 351
I1014 10:55:25.344405 14975 actor.cpp:408] actor 2207613190196 switch to nullptr
I1014 10:55:25.344449 14969 actor.cpp:408] actor 2199023255578 switch to nullptr
I1014 10:55:25.344466 14975 thread.cpp:76] thread 1052672 deconstruct actor 2207613190196
