Log file created at: 2021/10/12 15:52:13
Running on machine: oneflow-14
Log line format: [IWEF]mmdd hh:mm:ss.uuuuuu threadid file:line] msg
I1012 15:52:13.384434 25227 global.h:36] NewGlobal 14cudaDeviceProp
I1012 15:52:13.385483 25227 global.h:36] NewGlobal N7oneflow7EnvDescE
I1012 15:52:13.385509 25227 global.h:36] NewGlobal N7oneflow10ProcessCtxE
I1012 15:52:13.385517 25227 env_global_objects_scope.cpp:152] using rpc backend: local
I1012 15:52:13.385592 25227 global.h:36] NewGlobal N7oneflow12ResourceDescE
I1012 15:52:13.385608 25227 global.h:36] NewGlobal N7oneflow12ResourceDescE
I1012 15:52:13.452489 25227 global.h:36] NewGlobal N7oneflow10ThreadPoolE
I1012 15:52:13.453819 25227 global.h:36] NewGlobal N7oneflow16EagerNcclCommMgrE
I1012 15:52:13.453837 25227 global.h:36] NewGlobal N7oneflow18CudnnConvAlgoCacheE
I1012 15:52:13.453847 25227 global.h:36] NewGlobal N7oneflow2vm19VirtualMachineScopeE
I1012 15:52:13.453860 25227 global.h:36] NewGlobal N7oneflow9OneflowVME
I1012 15:52:13.454879 25227 oneflow_vm.cpp:75] transport stream type: N7oneflow2vm13CpuStreamTypeE
I1012 15:52:13.454898 25227 oneflow_vm.cpp:75] transport stream type: N7oneflow2vm14CudaStreamTypeE
I1012 15:52:13.454906 25227 oneflow_vm.cpp:75] transport stream type: N7oneflow2vm19AsyncCudaStreamTypeE
I1012 15:52:13.455056 25227 global.h:36] NewGlobal N7oneflow27EagerJobBuildAndInferCtxMgrE
I1012 15:52:13.455071 25227 global.h:36] NewGlobal N7oneflow12EpollCommNetE
I1012 15:52:13.455232 25227 epoll_comm_network.cpp:63] CommNet:Epoll listening on 0.0.0.0:39089
I1012 15:52:13.455273 25227 epoll_comm_network.cpp:197] machine 0 sockfd -1
I1012 15:52:13.455410 25227 global.h:36] NewGlobal N7oneflow9TransportE
I1012 15:52:13.457401 25227 global.h:43] DeleteGlobal N7oneflow12ResourceDescE
I1012 15:52:13.457443 25227 version.cpp:22] OneFlow git version: b295ca2324
I1012 15:52:13.457464 25227 device_register_gpu.cpp:56] CUDA runtime version: 11.2
I1012 15:52:13.457495 25227 device_register_gpu.cpp:65] cuDNN version: 8.1.1
I1012 15:52:13.457509 25227 device_register_gpu.cpp:78] NCCL version: 2.9.8
I1012 15:52:13.457518 25227 global.h:36] NewGlobal N7oneflow12ResourceDescE
I1012 15:52:13.457527 25227 global.h:36] NewGlobal N7oneflow5IDMgrE
I1012 15:52:13.457543 25227 global.h:36] NewGlobal N7oneflow16AvailableMemDescE
I1012 15:52:13.457572 25227 global.h:36] NewGlobal St13unordered_mapISslSt4hashISsESt8equal_toISsESaISt4pairIKSslEEE
I1012 15:52:13.457581 25227 global.h:36] NewGlobal N7oneflow19CriticalSectionDescE
I1012 15:52:13.457588 25227 global.h:36] NewGlobal N7oneflow16InterUserJobInfoE
I1012 15:52:13.457598 25227 global.h:36] NewGlobal N7oneflow26LazyJobBuildAndInferCtxMgrE
I1012 15:52:13.457607 25227 global.h:36] NewGlobal N7oneflow16JobSetCompileCtxE
I1012 15:52:13.457614 25227 global.h:36] NewGlobal N7oneflow26RuntimeBufferManagersScopeE
I1012 15:52:13.457623 25227 global.h:36] NewGlobal N7oneflow9BufferMgrIlEE
I1012 15:52:13.457630 25227 global.h:36] NewGlobal N7oneflow9BufferMgrISt10shared_ptrINS_11JobInstanceEEEE
I1012 15:52:13.457638 25227 global.h:36] NewGlobal N7oneflow10RuntimeCtxE
I1012 15:52:13.457645 25227 global.h:36] NewGlobal N7oneflow15MemoryAllocatorE
I1012 15:52:13.457653 25227 global.h:36] NewGlobal N7oneflow8ChunkMgrE
I1012 15:52:13.457660 25227 global.h:36] NewGlobal N7oneflow8RegstMgrE
I1012 15:52:13.457669 25227 global.h:36] NewGlobal N7oneflow11ActorMsgBusE
I1012 15:52:13.457675 25227 global.h:36] NewGlobal N7oneflow9ThreadMgrE
I1012 15:52:13.457684 25227 global.h:36] NewGlobal N7oneflow15RuntimeJobDescsE
I1012 15:52:13.457690 25227 global.h:36] NewGlobal N7oneflow7summary12EventsWriterE
I1012 15:52:13.457701 25227 global.h:36] NewGlobal N7oneflow6boxing10collective24CollectiveBoxingExecutorE
I1012 15:52:13.457708 25227 global.h:36] NewGlobal N7oneflow6boxing10collective31CollectiveBoxingDeviceCtxPollerE
I1012 15:52:13.457857 25227 session.h:77] NewGlobal N7oneflow25SessionGlobalObjectsScopeE
I1012 15:52:13.458714 25227 global.h:36] NewGlobal N7oneflow7JobDescE
I1012 15:52:13.987828 25227 global.h:43] DeleteGlobal N7oneflow7JobDescE
I1012 15:52:13.988034 25227 global.h:36] NewGlobal N7oneflow7JobDescE
I1012 15:52:13.991434 25227 global.h:36] NewGlobal N7oneflow7OpGraphE
I1012 15:52:13.998544 25227 global.h:43] DeleteGlobal N7oneflow7OpGraphE
I1012 15:52:14.304169 25227 global.h:43] DeleteGlobal N7oneflow7JobDescE
I1012 15:52:14.322675 25227 global.h:36] NewGlobal N7oneflow24InterJobReuseMemStrategyE
I1012 15:52:14.322700 25227 global.h:36] NewGlobal N7oneflow7OneflowE
I1012 15:52:14.335973 25227 global.h:36] NewGlobal N7oneflow7JobDescE
I1012 15:52:14.603520 25227 insert_nccl_logical_op_pass.cpp:663]  Try insert nccl logical ops into job: train_job. Begin...
I1012 15:52:14.604238 25227 insert_nccl_logical_op_pass.cpp:432]  insert nccl op: System-NCCL-Logical-S2B-114 from: [IdentityN_5](order=0, nd_sbp=[S(0)])->[ParallelCast_6](order=2, nd_sbp=[B]) and before: [System-Boxing-Identity-93](order=1)
I1012 15:52:14.604322 25227 insert_nccl_logical_op_pass.cpp:432]  insert nccl op: System-NCCL-Logical-S2B-115 from: [IdentityN_5](order=0, nd_sbp=[S(0)])->[ParallelCast_11](order=3, nd_sbp=[B]) and before: [System-Boxing-Identity-93](order=1)
I1012 15:52:14.604465 25227 insert_nccl_logical_op_pass.cpp:432]  insert nccl op: System-NCCL-Logical-S2S-116 from: [Gather_12](order=5, nd_sbp=[S(2)])->[Reshape_14](order=7, nd_sbp=[S(0)]) and before: [Reshape_8](order=6)
I1012 15:52:14.604579 25227 insert_nccl_logical_op_pass.cpp:432]  insert nccl op: System-NCCL-Logical-P2S-117 from: [ReduceSum_9](order=8, nd_sbp=[P])->[AddN_23](order=47, nd_sbp=[S(0)]) and before: [Concat_15](order=9)
I1012 15:52:14.605098 25227 insert_nccl_logical_op_pass.cpp:432]  insert nccl op: System-NCCL-Logical-S2B-118 from: [SigmoidCrossEntropy_24_grad](order=51, nd_sbp=[S(0)])->[ReduceSum_9_grad](order=56, nd_sbp=[B]) and before: [ScalarMul_26](order=52)
I1012 15:52:14.605177 25227 insert_nccl_logical_op_pass.cpp:432]  insert nccl op: System-NCCL-Logical-P2B-119 from: [deep_scores-matmul_grad_b](order=53, nd_sbp=[P])->[System-ModelDiffScale-ScalarMul_66](order=57, nd_sbp=[B]) and before: [deep_scores-matmul_grad_a](order=54)
I1012 15:52:14.605252 25227 insert_nccl_logical_op_pass.cpp:432]  insert nccl op: System-NCCL-Logical-P2B-120 from: [deep_scores-bias_add_grad](order=55, nd_sbp=[P])->[System-ModelDiffScale-ScalarMul_78](order=60, nd_sbp=[B]) and before: [ReduceSum_9_grad](order=56)
I1012 15:52:14.605370 25227 insert_nccl_logical_op_pass.cpp:432]  insert nccl op: System-NCCL-Logical-P2B-121 from: [fc6-matmul_grad_b](order=65, nd_sbp=[P])->[System-ModelDiffScale-ScalarMul_70](order=69, nd_sbp=[B]) and before: [fc6-bias_add_grad](order=66)
I1012 15:52:14.605437 25227 insert_nccl_logical_op_pass.cpp:432]  insert nccl op: System-NCCL-Logical-P2B-122 from: [fc6-bias_add_grad](order=66, nd_sbp=[P])->[System-ModelDiffScale-ScalarMul_69](order=70, nd_sbp=[B]) and before: [fc6-matmul_grad_a](order=67)
I1012 15:52:14.605552 25227 insert_nccl_logical_op_pass.cpp:432]  insert nccl op: System-NCCL-Logical-P2B-123 from: [fc5-matmul_grad_b](order=76, nd_sbp=[P])->[System-ModelDiffScale-ScalarMul_68](order=79, nd_sbp=[B]) and before: [fc5-bias_add_grad](order=77)
I1012 15:52:14.605615 25227 insert_nccl_logical_op_pass.cpp:432]  insert nccl op: System-NCCL-Logical-P2B-124 from: [fc5-bias_add_grad](order=77, nd_sbp=[P])->[System-ModelDiffScale-ScalarMul_71](order=80, nd_sbp=[B]) and before: [fc5-matmul_grad_a](order=78)
I1012 15:52:14.605720 25227 insert_nccl_logical_op_pass.cpp:432]  insert nccl op: System-NCCL-Logical-P2B-125 from: [fc4-matmul_grad_b](order=85, nd_sbp=[P])->[System-ModelDiffScale-ScalarMul_74](order=88, nd_sbp=[B]) and before: [fc4-bias_add_grad](order=86)
I1012 15:52:14.605778 25227 insert_nccl_logical_op_pass.cpp:432]  insert nccl op: System-NCCL-Logical-P2B-126 from: [fc4-bias_add_grad](order=86, nd_sbp=[P])->[System-ModelDiffScale-ScalarMul_79](order=89, nd_sbp=[B]) and before: [fc4-matmul_grad_a](order=87)
I1012 15:52:14.605878 25227 insert_nccl_logical_op_pass.cpp:432]  insert nccl op: System-NCCL-Logical-P2B-127 from: [fc3-matmul_grad_b](order=94, nd_sbp=[P])->[System-ModelDiffScale-ScalarMul_67](order=97, nd_sbp=[B]) and before: [fc3-bias_add_grad](order=95)
I1012 15:52:14.606021 25227 insert_nccl_logical_op_pass.cpp:432]  insert nccl op: System-NCCL-Logical-P2B-128 from: [fc3-bias_add_grad](order=95, nd_sbp=[P])->[System-ModelDiffScale-ScalarMul_82](order=98, nd_sbp=[B]) and before: [fc3-matmul_grad_a](order=96)
I1012 15:52:14.606133 25227 insert_nccl_logical_op_pass.cpp:432]  insert nccl op: System-NCCL-Logical-P2B-129 from: [fc2-bias_add_grad](order=103, nd_sbp=[P])->[System-ModelDiffScale-ScalarMul_73](order=106, nd_sbp=[B]) and before: [fc2-matmul_grad_b](order=104)
I1012 15:52:14.606209 25227 insert_nccl_logical_op_pass.cpp:432]  insert nccl op: System-NCCL-Logical-P2B-130 from: [fc2-matmul_grad_b](order=104, nd_sbp=[P])->[System-ModelDiffScale-ScalarMul_77](order=107, nd_sbp=[B]) and before: [fc2-matmul_grad_a](order=105)
I1012 15:52:14.606317 25227 insert_nccl_logical_op_pass.cpp:432]  insert nccl op: System-NCCL-Logical-P2B-131 from: [fc1-matmul_grad_b](order=112, nd_sbp=[P])->[System-ModelDiffScale-ScalarMul_81](order=115, nd_sbp=[B]) and before: [fc1-bias_add_grad](order=113)
I1012 15:52:14.606376 25227 insert_nccl_logical_op_pass.cpp:432]  insert nccl op: System-NCCL-Logical-P2B-132 from: [fc1-bias_add_grad](order=113, nd_sbp=[P])->[System-ModelDiffScale-ScalarMul_65](order=116, nd_sbp=[B]) and before: [fc1-matmul_grad_a](order=114)
I1012 15:52:14.606485 25227 insert_nccl_logical_op_pass.cpp:432]  insert nccl op: System-NCCL-Logical-P2B-133 from: [fc0-matmul_grad_b](order=121, nd_sbp=[P])->[System-ModelDiffScale-ScalarMul_75](order=124, nd_sbp=[B]) and before: [fc0-bias_add_grad](order=122)
I1012 15:52:14.606547 25227 insert_nccl_logical_op_pass.cpp:432]  insert nccl op: System-NCCL-Logical-P2B-134 from: [fc0-bias_add_grad](order=122, nd_sbp=[P])->[System-ModelDiffScale-ScalarMul_72](order=125, nd_sbp=[B]) and before: [fc0-matmul_grad_a](order=123)
I1012 15:52:14.606647 25227 insert_nccl_logical_op_pass.cpp:432]  insert nccl op: System-NCCL-Logical-S2S-135 from: [Reshape_14_grad](order=129, nd_sbp=[S(0)])->[Gather_12_grad](order=130, nd_sbp=[S(2)]) and before: [Gather_12_grad](order=130)
I1012 15:52:14.606694 25227 insert_nccl_logical_op_pass.cpp:699]  Try insert nccl logical ops into job: train_job. ...End

I1012 15:52:14.666908 25227 global.h:36] NewGlobal N7oneflow7OpGraphE
I1012 15:52:14.798048 25227 global.h:43] DeleteGlobal N7oneflow7OpGraphE
I1012 15:52:14.811966 25227 oneflow.cpp:210] 
job_id: 0 , job_name: train_job , compile time: 0.475947 seconds.
I1012 15:52:14.891054 25227 global.h:43] DeleteGlobal N7oneflow7JobDescE
I1012 15:52:14.891422 25227 global.h:36] NewGlobal N7oneflow7JobDescE
I1012 15:52:14.939579 25227 global.h:36] NewGlobal N7oneflow7OpGraphE
I1012 15:52:14.962203 25227 global.h:43] DeleteGlobal N7oneflow7OpGraphE
I1012 15:52:14.967522 25227 oneflow.cpp:210] 
job_id: 1 , job_name: System-ModelInit , compile time: 0.0756838 seconds.
I1012 15:52:14.982084 25227 global.h:43] DeleteGlobal N7oneflow7JobDescE
I1012 15:52:14.982112 25227 global.h:36] NewGlobal N7oneflow7JobDescE
I1012 15:52:15.027770 25227 global.h:36] NewGlobal N7oneflow7OpGraphE
I1012 15:52:15.049150 25227 global.h:43] DeleteGlobal N7oneflow7OpGraphE
I1012 15:52:15.054289 25227 oneflow.cpp:210] 
job_id: 2 , job_name: System-ModelLoad , compile time: 0.0721569 seconds.
I1012 15:52:15.069468 25227 global.h:43] DeleteGlobal N7oneflow7JobDescE
I1012 15:52:15.069496 25227 global.h:36] NewGlobal N7oneflow7JobDescE
I1012 15:52:15.113492 25227 global.h:36] NewGlobal N7oneflow7OpGraphE
I1012 15:52:15.133404 25227 global.h:43] DeleteGlobal N7oneflow7OpGraphE
I1012 15:52:15.137526 25227 oneflow.cpp:210] 
job_id: 3 , job_name: System-ModelSave , compile time: 0.0680123 seconds.
I1012 15:52:15.152598 25227 global.h:43] DeleteGlobal N7oneflow7JobDescE
I1012 15:52:15.152626 25227 global.h:36] NewGlobal N7oneflow7JobDescE
I1012 15:52:15.162019 25227 global.h:36] NewGlobal N7oneflow7OpGraphE
I1012 15:52:15.166606 25227 global.h:43] DeleteGlobal N7oneflow7OpGraphE
I1012 15:52:15.168999 25227 oneflow.cpp:210] 
job_id: 4 , job_name: System-Pull-Return_27 , compile time: 0.016361 seconds.
I1012 15:52:15.176297 25227 global.h:43] DeleteGlobal N7oneflow7JobDescE
I1012 15:52:15.186870 25227 global.h:36] NewGlobal N7oneflow7JobDescE
I1012 15:52:15.186919 25227 global.h:36] NewGlobal N7oneflow7OpGraphE
I1012 15:52:15.194654 25227 global.h:43] DeleteGlobal N7oneflow7OpGraphE
I1012 15:52:15.198222 25227 oneflow.cpp:210] 
job_id: 5 , job_name: MainJob-unamed , compile time: 0.0113144 seconds.
I1012 15:52:15.207335 25227 global.h:43] DeleteGlobal N7oneflow7JobDescE
I1012 15:52:15.214160 25227 plan_util.cpp:928]  Plan: merged_plan needs to allocate [ 758.099 MiB ] device memory in Rank: 0 , Device: 0
I1012 15:52:15.214193 25227 plan_util.cpp:928]  Plan: merged_plan needs to allocate [ 724.646 MiB ] device memory in Rank: 0 , Device: 1
I1012 15:52:15.414224 25227 oneflow.cpp:998]  PushPlan merged_plan time: 0.0191022 seconds.
I1012 15:52:15.472666 25227 oneflow.cpp:1014]  PullPlan merged_plan time: 0.0522363 seconds.
I1012 15:52:19.726868 25227 runtime_context.cpp:21] NewCounter constructing_actor_cnt 781
I1012 15:52:19.728469 25808 naive_actor.cpp:25] actor 2199023255722 switch to &NaiveActor::HandlerNormal
I1012 15:52:19.728487 25804 naive_actor.cpp:25] actor 1099614388232 switch to &NaiveActor::HandlerNormal
I1012 15:52:19.728569 25808 thread.cpp:96] Thread 1048576 construct Actor kDeviceTick 2199023255722
I1012 15:52:19.728605 25817 naive_actor.cpp:25] actor 2207613190314 switch to &NaiveActor::HandlerNormal
I1012 15:52:19.728615 25804 thread.cpp:96] Thread 524337 construct Actor kDeviceTick 1099614388232
I1012 15:52:19.728698 25817 thread.cpp:96] Thread 1052672 construct Actor kDeviceTick 2207613190314
I1012 15:52:19.728765 25808 runtime_context.cpp:29] DecreaseCounter constructing_actor_cnt, current val is 780
I1012 15:52:19.728838 25804 runtime_context.cpp:29] DecreaseCounter constructing_actor_cnt, current val is 779
I1012 15:52:19.728852 25817 runtime_context.cpp:29] DecreaseCounter constructing_actor_cnt, current val is 778
I1012 15:52:19.728972 25805 wait_and_send_ids_actor.cpp:53] actor 1099616485376 switch to &WaitAndSendIdsActor::HandlerWaitToStart
I1012 15:52:19.729131 25805 thread.cpp:96] Thread 524338 construct Actor kWaitAndSendIds 1099616485376
I1012 15:52:19.729240 25808 naive_actor.cpp:25] actor 2199023255783 switch to &NaiveActor::HandlerNormal
I1012 15:52:19.729249 25805 runtime_context.cpp:29] DecreaseCounter constructing_actor_cnt, current val is 777
I1012 15:52:19.729362 25817 naive_actor.cpp:25] actor 2207613190375 switch to &NaiveActor::HandlerNormal
I1012 15:52:19.729363 25808 thread.cpp:96] Thread 1048576 construct Actor kDeviceTick 2199023255783
I1012 15:52:19.729265 25804 naive_actor.cpp:25] actor 1099614388231 switch to &NaiveActor::HandlerNormal
I1012 15:52:19.729411 25817 thread.cpp:96] Thread 1052672 construct Actor kDeviceTick 2207613190375
I1012 15:52:19.729463 25804 thread.cpp:96] Thread 524337 construct Actor kDeviceTick 1099614388231
I1012 15:52:19.729492 25808 runtime_context.cpp:29] DecreaseCounter constructing_actor_cnt, current val is 776
I1012 15:52:19.729553 25804 runtime_context.cpp:29] DecreaseCounter constructing_actor_cnt, current val is 775
I1012 15:52:19.729569 25817 runtime_context.cpp:29] DecreaseCounter constructing_actor_cnt, current val is 774
I1012 15:52:19.729750 25804 naive_actor.cpp:25] actor 1099614388230 switch to &NaiveActor::HandlerNormal
I1012 15:52:19.729768 25804 thread.cpp:96] Thread 524337 construct Actor kDeviceTick 1099614388230
I1012 15:52:19.729861 25808 naive_actor.cpp:25] actor 2199023255822 switch to &NaiveActor::HandlerNormal
I1012 15:52:19.729912 25817 naive_actor.cpp:25] actor 2207613190414 switch to &NaiveActor::HandlerNormal
I1012 15:52:19.729883 25804 runtime_context.cpp:29] DecreaseCounter constructing_actor_cnt, current val is 773
I1012 15:52:19.729949 25817 thread.cpp:96] Thread 1052672 construct Actor kDeviceTick 2207613190414
I1012 15:52:19.729954 25808 thread.cpp:96] Thread 1048576 construct Actor kDeviceTick 2199023255822
I1012 15:52:19.730064 25817 runtime_context.cpp:29] DecreaseCounter constructing_actor_cnt, current val is 772
I1012 15:52:19.730073 25808 runtime_context.cpp:29] DecreaseCounter constructing_actor_cnt, current val is 771
I1012 15:52:19.730114 25804 naive_actor.cpp:25] actor 1099614388241 switch to &NaiveActor::HandlerNormal
I1012 15:52:19.730327 25804 thread.cpp:96] Thread 524337 construct Actor kDeviceTick 1099614388241
I1012 15:52:19.730358 25804 runtime_context.cpp:29] DecreaseCounter constructing_actor_cnt, current val is 770
I1012 15:52:19.730521 25808 naive_actor.cpp:25] actor 2199023255861 switch to &NaiveActor::HandlerNormal
I1012 15:52:19.730564 25808 thread.cpp:96] Thread 1048576 construct Actor kDeviceTick 2199023255861
I1012 15:52:19.730582 25804 naive_actor.cpp:25] actor 1099614388240 switch to &NaiveActor::HandlerNormal
I1012 15:52:19.730616 25804 thread.cpp:96] Thread 524337 construct Actor kDeviceTick 1099614388240
I1012 15:52:19.730623 25808 runtime_context.cpp:29] DecreaseCounter constructing_actor_cnt, current val is 769
I1012 15:52:19.730609 25817 naive_actor.cpp:25] actor 2207613190453 switch to &NaiveActor::HandlerNormal
I1012 15:52:19.730648 25804 runtime_context.cpp:29] DecreaseCounter constructing_actor_cnt, current val is 768
I1012 15:52:19.730687 25817 thread.cpp:96] Thread 1052672 construct Actor kDeviceTick 2207613190453
I1012 15:52:19.730762 25817 runtime_context.cpp:29] DecreaseCounter constructing_actor_cnt, current val is 767
I1012 15:52:19.730854 25804 naive_actor.cpp:25] actor 1099614388251 switch to &NaiveActor::HandlerNormal
I1012 15:52:19.730873 25804 thread.cpp:96] Thread 524337 construct Actor kDeviceTick 1099614388251
I1012 15:52:19.730899 25804 runtime_context.cpp:29] DecreaseCounter constructing_actor_cnt, current val is 766
I1012 15:52:19.731138 25804 naive_actor.cpp:25] actor 1099614388260 switch to &NaiveActor::HandlerNormal
I1012 15:52:19.731171 25804 thread.cpp:96] Thread 524337 construct Actor kDeviceTick 1099614388260
I1012 15:52:19.731222 25804 runtime_context.cpp:29] DecreaseCounter constructing_actor_cnt, current val is 765
I1012 15:52:19.731577 25804 naive_actor.cpp:25] actor 1099614388269 switch to &NaiveActor::HandlerNormal
I1012 15:52:19.731612 25804 thread.cpp:96] Thread 524337 construct Actor kDeviceTick 1099614388269
I1012 15:52:19.731662 25804 runtime_context.cpp:29] DecreaseCounter constructing_actor_cnt, current val is 764
I1012 15:52:19.731915 25804 naive_actor.cpp:25] actor 1099614388287 switch to &NaiveActor::HandlerNormal
I1012 15:52:19.731948 25804 thread.cpp:96] Thread 524337 construct Actor kDeviceTick 1099614388287
I1012 15:52:19.731998 25804 runtime_context.cpp:29] DecreaseCounter constructing_actor_cnt, current val is 763
I1012 15:52:19.732245 25804 naive_actor.cpp:25] actor 1099614388286 switch to &NaiveActor::HandlerNormal
I1012 15:52:19.732278 25804 thread.cpp:96] Thread 524337 construct Actor kDeviceTick 1099614388286
I1012 15:52:19.732326 25804 runtime_context.cpp:29] DecreaseCounter constructing_actor_cnt, current val is 762
I1012 15:52:19.732574 25804 naive_actor.cpp:25] actor 1099614388278 switch to &NaiveActor::HandlerNormal
I1012 15:52:19.732606 25804 thread.cpp:96] Thread 524337 construct Actor kDeviceTick 1099614388278
I1012 15:52:19.732656 25804 runtime_context.cpp:29] DecreaseCounter constructing_actor_cnt, current val is 761
I1012 15:52:19.732888 25804 naive_actor.cpp:25] actor 1099614388289 switch to &NaiveActor::HandlerNormal
I1012 15:52:19.732921 25804 thread.cpp:96] Thread 524337 construct Actor kDeviceTick 1099614388289
I1012 15:52:19.732970 25804 runtime_context.cpp:29] DecreaseCounter constructing_actor_cnt, current val is 760
I1012 15:52:19.750128 25812 naive_actor.cpp:25] actor 2199027449856 switch to &NaiveActor::HandlerNormal
I1012 15:52:19.750272 25812 thread.cpp:96] Thread 1048578 construct Actor kCopyHd 2199027449856
I1012 15:52:19.750349 25810 naive_actor.cpp:25] actor 2199025352708 switch to &NaiveActor::HandlerNormal
I1012 15:52:19.750286 25804 naive_actor.cpp:25] actor 1099614388226 switch to &NaiveActor::HandlerNormal
I1012 15:52:19.750362 25802 naive_actor.cpp:25] actor 1099589222400 switch to &NaiveActor::HandlerNormal
I1012 15:52:19.750377 25812 runtime_context.cpp:29] DecreaseCounter constructing_actor_cnt, current val is 759
I1012 15:52:19.750442 25810 thread.cpp:96] Thread 1048577 construct Actor kSliceBoxing 2199025352708
I1012 15:52:19.750891 25810 runtime_context.cpp:29] DecreaseCounter constructing_actor_cnt, current val is 758
I1012 15:52:19.751212 25810 naive_actor.cpp:25] actor 2199025352705 switch to &NaiveActor::HandlerNormal
I1012 15:52:19.750504 25804 thread.cpp:96] Thread 524337 construct Actor kDeviceTick 1099614388226
I1012 15:52:19.750566 25819 naive_actor.cpp:25] actor 2207615287299 switch to &NaiveActor::HandlerNormal
I1012 15:52:19.750604 25817 naive_actor.cpp:25] actor 2207613190146 switch to &NaiveActor::HandlerNormal
I1012 15:52:19.750656 25802 thread.cpp:96] Thread 524325 construct Actor kNormalForward 1099589222400
I1012 15:52:19.750443 25795 naive_actor.cpp:25] actor 1099574542336 switch to &NaiveActor::HandlerNormal
I1012 15:52:19.751282 25777 naive_actor.cpp:25] actor 1099536793600 switch to &NaiveActor::HandlerNormal
I1012 15:52:19.751293 25770 naive_actor.cpp:25] actor 1099522113536 switch to &NaiveActor::HandlerNormal
I1012 15:52:19.752874 25779 naive_actor.cpp:25] actor 1099540987904 switch to &NaiveActor::HandlerNormal
I1012 15:52:19.752924 25806 sink_actor.cpp:21] actor 1099618582528 switch to &SinkActor::HandlerNormal
I1012 15:52:19.753011 25806 thread.cpp:96] Thread 524339 construct Actor kCallbackNotify 1099618582528
I1012 15:52:19.753046 25782 naive_actor.cpp:25] actor 1099547279360 switch to &NaiveActor::HandlerNormal
I1012 15:52:19.753072 25776 naive_actor.cpp:25] actor 1099534696448 switch to &NaiveActor::HandlerNormal
I1012 15:52:19.753163 25776 thread.cpp:96] Thread 524299 construct Actor kNormalForward 1099534696448
I1012 15:52:19.751890 25804 runtime_context.cpp:29] DecreaseCounter constructing_actor_cnt, current val is 757
I1012 15:52:19.751915 25780 naive_actor.cpp:25] actor 1099543085056 switch to &NaiveActor::HandlerNormal
I1012 15:52:19.751969 25817 thread.cpp:96] Thread 1052672 construct Actor kNormalForward 2207613190146
I1012 15:52:19.752059 25786 naive_actor.cpp:25] actor 1099555667968 switch to &NaiveActor::HandlerNormal
I1012 15:52:19.752091 25798 naive_actor.cpp:25] actor 1099580833792 switch to &NaiveActor::HandlerNormal
I1012 15:52:19.752125 25802 runtime_context.cpp:29] DecreaseCounter constructing_actor_cnt, current val is 756
I1012 15:52:19.752153 25784 naive_actor.cpp:25] actor 1099551473664 switch to &NaiveActor::HandlerNormal
I1012 15:52:19.752164 25771 naive_actor.cpp:25] actor 1099524210688 switch to &NaiveActor::HandlerNormal
I1012 15:52:19.753854 25771 thread.cpp:96] Thread 524294 construct Actor kNormalForward 1099524210688
I1012 15:52:19.752190 25792 naive_actor.cpp:25] actor 1099568250880 switch to &NaiveActor::HandlerNormal
I1012 15:52:19.753943 25771 runtime_context.cpp:29] DecreaseCounter constructing_actor_cnt, current val is 752
I1012 15:52:19.753968 25792 thread.cpp:96] Thread 524315 construct Actor kForeignInput 1099568250880
I1012 15:52:19.752398 25793 naive_actor.cpp:25] actor 1099570348032 switch to &NaiveActor::HandlerNormal
I1012 15:52:19.754043 25793 thread.cpp:96] Thread 524316 construct Actor kNormalForward 1099570348032
I1012 15:52:19.752476 25772 naive_actor.cpp:25] actor 1099526307840 switch to &NaiveActor::HandlerNormal
I1012 15:52:19.752508 25795 thread.cpp:96] Thread 524318 construct Actor kForeignInput 1099574542336
I1012 15:52:19.752508 25778 naive_actor.cpp:25] actor 1099538890752 switch to &NaiveActor::HandlerNormal
I1012 15:52:19.754309 25778 thread.cpp:96] Thread 524301 construct Actor kNormalForward 1099538890752
I1012 15:52:19.752578 25797 naive_actor.cpp:25] actor 1099578736640 switch to &NaiveActor::HandlerNormal
I1012 15:52:19.754406 25797 thread.cpp:96] Thread 524320 construct Actor kNormalForward 1099578736640
I1012 15:52:19.752627 25788 naive_actor.cpp:25] actor 1099559862272 switch to &NaiveActor::HandlerNormal
I1012 15:52:19.752630 25799 naive_actor.cpp:25] actor 1099582930944 switch to &NaiveActor::HandlerNormal
I1012 15:52:19.754760 25799 thread.cpp:96] Thread 524322 construct Actor kNormalForward 1099582930944
I1012 15:52:19.752645 25773 naive_actor.cpp:25] actor 1099528404992 switch to &NaiveActor::HandlerNormal
I1012 15:52:19.752677 25791 naive_actor.cpp:25] actor 1099566153728 switch to &NaiveActor::HandlerNormal
I1012 15:52:19.752686 25783 naive_actor.cpp:25] actor 1099549376512 switch to &NaiveActor::HandlerNormal
I1012 15:52:19.755137 25783 thread.cpp:96] Thread 524306 construct Actor kNormalForward 1099549376512
I1012 15:52:19.752825 25803 naive_actor.cpp:25] actor 1099591319552 switch to &NaiveActor::HandlerNormal
I1012 15:52:19.752826 25789 naive_actor.cpp:25] actor 1099561959424 switch to &NaiveActor::HandlerNormal
I1012 15:52:19.751446 25769 naive_actor.cpp:25] actor 1099520016384 switch to &NaiveActor::HandlerNormal
I1012 15:52:19.755322 25769 thread.cpp:96] Thread 524292 construct Actor kNormalForward 1099520016384
I1012 15:52:19.751446 25775 naive_actor.cpp:25] actor 1099532599296 switch to &NaiveActor::HandlerNormal
I1012 15:52:19.752950 25779 thread.cpp:96] Thread 524302 construct Actor kNormalForward 1099540987904
I1012 15:52:19.751684 25785 naive_actor.cpp:25] actor 1099553570816 switch to &NaiveActor::HandlerNormal
I1012 15:52:19.751691 25810 thread.cpp:96] Thread 1048577 construct Actor kSliceBoxing 2199025352705
I1012 15:52:19.753091 25782 thread.cpp:96] Thread 524305 construct Actor kNormalForward 1099547279360
I1012 15:52:19.755697 25810 runtime_context.cpp:29] DecreaseCounter constructing_actor_cnt, current val is 742
I1012 15:52:19.755743 25782 runtime_context.cpp:29] DecreaseCounter constructing_actor_cnt, current val is 741
I1012 15:52:19.753123 25774 naive_actor.cpp:25] actor 1099530502144 switch to &NaiveActor::HandlerNormal
I1012 15:52:19.751904 25808 naive_actor.cpp:25] actor 2199023255557 switch to &NaiveActor::HandlerNormal
I1012 15:52:19.753293 25776 runtime_context.cpp:29] DecreaseCounter constructing_actor_cnt, current val is 754
I1012 15:52:19.753315 25790 naive_actor.cpp:25] actor 1099564056576 switch to &NaiveActor::HandlerNormal
I1012 15:52:19.756166 25790 thread.cpp:96] Thread 524313 construct Actor kNormalForward 1099564056576
I1012 15:52:19.753481 25817 runtime_context.cpp:29] DecreaseCounter constructing_actor_cnt, current val is 753
I1012 15:52:19.753517 25786 thread.cpp:96] Thread 524309 construct Actor kNormalForward 1099555667968
I1012 15:52:19.753603 25798 thread.cpp:96] Thread 524321 construct Actor kForeignInput 1099580833792
I1012 15:52:19.753759 25784 thread.cpp:96] Thread 524307 construct Actor kNormalForward 1099551473664
I1012 15:52:19.752183 25787 naive_actor.cpp:25] actor 1099557765120 switch to &NaiveActor::HandlerNormal
I1012 15:52:19.756682 25787 thread.cpp:96] Thread 524310 construct Actor kNormalForward 1099557765120
I1012 15:52:19.752357 25794 naive_actor.cpp:25] actor 1099572445184 switch to &NaiveActor::HandlerNormal
I1012 15:52:19.756815 25794 thread.cpp:96] Thread 524317 construct Actor kNormalForward 1099572445184
I1012 15:52:19.754045 25792 runtime_context.cpp:29] DecreaseCounter constructing_actor_cnt, current val is 751
I1012 15:52:19.756976 25794 runtime_context.cpp:29] DecreaseCounter constructing_actor_cnt, current val is 735
I1012 15:52:19.754205 25772 thread.cpp:96] Thread 524295 construct Actor kNormalForward 1099526307840
I1012 15:52:19.754226 25804 naive_actor.cpp:25] actor 1099614388242 switch to &NaiveActor::HandlerNormal
I1012 15:52:19.757175 25804 thread.cpp:96] Thread 524337 construct Actor kSrcSubsetTick 1099614388242
I1012 15:52:19.752573 25781 naive_actor.cpp:25] actor 1099545182208 switch to &NaiveActor::HandlerNormal
I1012 15:52:19.752604 25801 naive_actor.cpp:25] actor 1099587125248 switch to &NaiveActor::HandlerNormal
I1012 15:52:19.757443 25801 thread.cpp:96] Thread 524324 construct Actor kNormalForward 1099587125248
I1012 15:52:19.754515 25797 runtime_context.cpp:29] DecreaseCounter constructing_actor_cnt, current val is 747
I1012 15:52:19.754572 25788 thread.cpp:96] Thread 524311 construct Actor kNormalForward 1099559862272
I1012 15:52:19.752638 25796 naive_actor.cpp:25] actor 1099576639488 switch to &NaiveActor::HandlerNormal
I1012 15:52:19.754899 25799 runtime_context.cpp:29] DecreaseCounter constructing_actor_cnt, current val is 746
I1012 15:52:19.755015 25773 thread.cpp:96] Thread 524296 construct Actor kNormalForward 1099528404992
I1012 15:52:19.755075 25791 thread.cpp:96] Thread 524314 construct Actor kNormalForward 1099566153728
I1012 15:52:19.752808 25777 thread.cpp:96] Thread 524300 construct Actor kNormalForward 1099536793600
I1012 15:52:19.755249 25803 thread.cpp:96] Thread 524326 construct Actor kForeignOutput 1099591319552
I1012 15:52:19.755256 25783 runtime_context.cpp:29] DecreaseCounter constructing_actor_cnt, current val is 745
I1012 15:52:19.758258 25777 runtime_context.cpp:29] DecreaseCounter constructing_actor_cnt, current val is 728
I1012 15:52:19.752898 25770 thread.cpp:96] Thread 524293 construct Actor kNormalForward 1099522113536
I1012 15:52:19.755412 25769 runtime_context.cpp:29] DecreaseCounter constructing_actor_cnt, current val is 744
I1012 15:52:19.755436 25775 thread.cpp:96] Thread 524298 construct Actor kNormalForward 1099532599296
I1012 15:52:19.755595 25785 thread.cpp:96] Thread 524308 construct Actor kNormalForward 1099553570816
I1012 15:52:19.758581 25775 runtime_context.cpp:29] DecreaseCounter constructing_actor_cnt, current val is 725
I1012 15:52:19.753100 25806 runtime_context.cpp:29] DecreaseCounter constructing_actor_cnt, current val is 755
I1012 15:52:19.751886 25819 thread.cpp:96] Thread 1052673 construct Actor kSliceBoxing 2207615287299
I1012 15:52:19.755893 25774 thread.cpp:96] Thread 524297 construct Actor kNormalForward 1099530502144
I1012 15:52:19.755956 25808 thread.cpp:96] Thread 1048576 construct Actor kNormalForward 2199023255557
I1012 15:52:19.756019 25810 naive_actor.cpp:25] actor 2199025352707 switch to &NaiveActor::HandlerNormal
I1012 15:52:19.759057 25808 runtime_context.cpp:29] DecreaseCounter constructing_actor_cnt, current val is 721
I1012 15:52:19.756295 25790 runtime_context.cpp:29] DecreaseCounter constructing_actor_cnt, current val is 740
I1012 15:52:19.756443 25786 runtime_context.cpp:29] DecreaseCounter constructing_actor_cnt, current val is 739
I1012 15:52:19.756549 25798 runtime_context.cpp:29] DecreaseCounter constructing_actor_cnt, current val is 738
I1012 15:52:19.756718 25784 runtime_context.cpp:29] DecreaseCounter constructing_actor_cnt, current val is 737
I1012 15:52:19.756749 25787 runtime_context.cpp:29] DecreaseCounter constructing_actor_cnt, current val is 736
I1012 15:52:19.752411 25800 naive_actor.cpp:25] actor 1099585028096 switch to &NaiveActor::HandlerNormal
I1012 15:52:19.759452 25800 thread.cpp:96] Thread 524323 construct Actor kNormalForward 1099585028096
I1012 15:52:19.754124 25793 runtime_context.cpp:29] DecreaseCounter constructing_actor_cnt, current val is 750
I1012 15:52:19.754320 25795 runtime_context.cpp:29] DecreaseCounter constructing_actor_cnt, current val is 749
I1012 15:52:19.757194 25772 runtime_context.cpp:29] DecreaseCounter constructing_actor_cnt, current val is 734
I1012 15:52:19.757268 25804 runtime_context.cpp:29] DecreaseCounter constructing_actor_cnt, current val is 733
I1012 15:52:19.757387 25781 thread.cpp:96] Thread 524304 construct Actor kNormalForward 1099545182208
I1012 15:52:19.754446 25778 runtime_context.cpp:29] DecreaseCounter constructing_actor_cnt, current val is 748
I1012 15:52:19.757542 25801 runtime_context.cpp:29] DecreaseCounter constructing_actor_cnt, current val is 732
I1012 15:52:19.757706 25788 runtime_context.cpp:29] DecreaseCounter constructing_actor_cnt, current val is 731
I1012 15:52:19.757719 25796 thread.cpp:96] Thread 524319 construct Actor kNormalForward 1099576639488
I1012 15:52:19.758041 25773 runtime_context.cpp:29] DecreaseCounter constructing_actor_cnt, current val is 730
I1012 15:52:19.758138 25791 runtime_context.cpp:29] DecreaseCounter constructing_actor_cnt, current val is 729
I1012 15:52:19.755291 25789 thread.cpp:96] Thread 524312 construct Actor kNormalForward 1099561959424
I1012 15:52:19.758270 25803 runtime_context.cpp:29] DecreaseCounter constructing_actor_cnt, current val is 727
I1012 15:52:19.760718 25789 runtime_context.cpp:29] DecreaseCounter constructing_actor_cnt, current val is 717
I1012 15:52:19.755601 25779 runtime_context.cpp:29] DecreaseCounter constructing_actor_cnt, current val is 743
I1012 15:52:19.758626 25785 runtime_context.cpp:29] DecreaseCounter constructing_actor_cnt, current val is 724
I1012 15:52:19.758827 25819 runtime_context.cpp:29] DecreaseCounter constructing_actor_cnt, current val is 723
I1012 15:52:19.759022 25774 runtime_context.cpp:29] DecreaseCounter constructing_actor_cnt, current val is 722
I1012 15:52:19.759058 25810 thread.cpp:96] Thread 1048577 construct Actor kSliceBoxing 2199025352707
I1012 15:52:19.753360 25780 thread.cpp:96] Thread 524303 construct Actor kNormalForward 1099543085056
I1012 15:52:19.756955 25817 naive_actor.cpp:25] actor 2207613190151 switch to &NaiveActor::HandlerNormal
I1012 15:52:19.759567 25800 runtime_context.cpp:29] DecreaseCounter constructing_actor_cnt, current val is 720
I1012 15:52:19.760031 25781 runtime_context.cpp:29] DecreaseCounter constructing_actor_cnt, current val is 719
I1012 15:52:19.760308 25796 runtime_context.cpp:29] DecreaseCounter constructing_actor_cnt, current val is 718
I1012 15:52:19.760331 25804 naive_actor.cpp:25] actor 1099614388228 switch to &NaiveActor::HandlerNormal
I1012 15:52:19.761788 25804 thread.cpp:96] Thread 524337 construct Actor kDeviceTick 1099614388228
I1012 15:52:19.758486 25770 runtime_context.cpp:29] DecreaseCounter constructing_actor_cnt, current val is 726
I1012 15:52:19.760985 25808 naive_actor.cpp:25] actor 2199023255555 switch to &NaiveActor::HandlerNormal
I1012 15:52:19.761992 25808 thread.cpp:96] Thread 1048576 construct Actor kNormalForward 2199023255555
I1012 15:52:19.761250 25810 runtime_context.cpp:29] DecreaseCounter constructing_actor_cnt, current val is 716
I1012 15:52:19.762087 25808 runtime_context.cpp:29] DecreaseCounter constructing_actor_cnt, current val is 713
I1012 15:52:19.761536 25817 thread.cpp:96] Thread 1052672 construct Actor kNormalForward 2207613190151
I1012 15:52:19.761842 25804 runtime_context.cpp:29] DecreaseCounter constructing_actor_cnt, current val is 714
I1012 15:52:19.761248 25819 naive_actor.cpp:25] actor 2207615287300 switch to &NaiveActor::HandlerNormal
I1012 15:52:19.761463 25780 runtime_context.cpp:29] DecreaseCounter constructing_actor_cnt, current val is 715
I1012 15:52:19.762305 25817 runtime_context.cpp:29] DecreaseCounter constructing_actor_cnt, current val is 712
I1012 15:52:19.762320 25810 naive_actor.cpp:25] actor 2199025352704 switch to &NaiveActor::HandlerNormal
I1012 15:52:19.762411 25819 thread.cpp:96] Thread 1052673 construct Actor kCopyHd 2207615287300
I1012 15:52:19.762617 25810 thread.cpp:96] Thread 1048577 construct Actor kSliceBoxing 2199025352704
I1012 15:52:19.762624 25804 naive_actor.cpp:25] actor 1099614388227 switch to &NaiveActor::HandlerNormal
I1012 15:52:19.762774 25810 runtime_context.cpp:29] DecreaseCounter constructing_actor_cnt, current val is 710
I1012 15:52:19.762727 25819 runtime_context.cpp:29] DecreaseCounter constructing_actor_cnt, current val is 711
I1012 15:52:19.762787 25804 thread.cpp:96] Thread 524337 construct Actor kDeviceTick 1099614388227
I1012 15:52:19.763087 25804 runtime_context.cpp:29] DecreaseCounter constructing_actor_cnt, current val is 709
I1012 15:52:19.763227 25819 naive_actor.cpp:25] actor 2207615287297 switch to &NaiveActor::HandlerNormal
I1012 15:52:19.763281 25810 naive_actor.cpp:25] actor 2199025352706 switch to &NaiveActor::HandlerNormal
I1012 15:52:19.763283 25819 thread.cpp:96] Thread 1052673 construct Actor kSliceBoxing 2207615287297
I1012 15:52:19.763347 25810 thread.cpp:96] Thread 1048577 construct Actor kSliceBoxing 2199025352706
I1012 15:52:19.763391 25819 runtime_context.cpp:29] DecreaseCounter constructing_actor_cnt, current val is 708
I1012 15:52:19.763446 25810 runtime_context.cpp:29] DecreaseCounter constructing_actor_cnt, current val is 707
I1012 15:52:19.763494 25808 naive_actor.cpp:25] actor 2199023255553 switch to &NaiveActor::HandlerNormal
I1012 15:52:19.763578 25819 naive_actor.cpp:25] actor 2207615287298 switch to &NaiveActor::HandlerNormal
I1012 15:52:19.763650 25819 thread.cpp:96] Thread 1052673 construct Actor kSliceBoxing 2207615287298
I1012 15:52:19.763679 25804 naive_actor.cpp:25] actor 1099614388234 switch to &NaiveActor::HandlerNormal
I1012 15:52:19.763602 25808 thread.cpp:96] Thread 1048576 construct Actor kNormalForward 2199023255553
I1012 15:52:19.763718 25819 runtime_context.cpp:29] DecreaseCounter constructing_actor_cnt, current val is 706
I1012 15:52:19.763738 25804 thread.cpp:96] Thread 524337 construct Actor kTick 1099614388234
I1012 15:52:19.763813 25808 runtime_context.cpp:29] DecreaseCounter constructing_actor_cnt, current val is 705
I1012 15:52:19.763815 25810 naive_actor.cpp:25] actor 2199025352709 switch to &NaiveActor::HandlerNormal
I1012 15:52:19.763902 25804 runtime_context.cpp:29] DecreaseCounter constructing_actor_cnt, current val is 704
I1012 15:52:19.763949 25810 thread.cpp:96] Thread 1048577 construct Actor kCopyHd 2199025352709
I1012 15:52:19.763993 25819 naive_actor.cpp:25] actor 2207615287296 switch to &NaiveActor::HandlerNormal
I1012 15:52:19.763994 25817 naive_actor.cpp:25] actor 2207613190150 switch to &NaiveActor::HandlerNormal
I1012 15:52:19.764063 25810 runtime_context.cpp:29] DecreaseCounter constructing_actor_cnt, current val is 703
I1012 15:52:19.764081 25819 thread.cpp:96] Thread 1052673 construct Actor kSliceBoxing 2207615287296
I1012 15:52:19.764124 25817 thread.cpp:96] Thread 1052672 construct Actor kNormalForward 2207613190150
I1012 15:52:19.764218 25819 runtime_context.cpp:29] DecreaseCounter constructing_actor_cnt, current val is 702
I1012 15:52:19.764295 25817 runtime_context.cpp:29] DecreaseCounter constructing_actor_cnt, current val is 701
I1012 15:52:19.764408 25819 naive_actor.cpp:25] actor 2207615287301 switch to &NaiveActor::HandlerNormal
I1012 15:52:19.764429 25810 naive_actor.cpp:25] actor 2199025352710 switch to &NaiveActor::HandlerNormal
I1012 15:52:19.764434 25808 naive_actor.cpp:25] actor 2199023255554 switch to &NaiveActor::HandlerNormal
I1012 15:52:19.764464 25804 naive_actor.cpp:25] actor 1099614388236 switch to &NaiveActor::HandlerNormal
I1012 15:52:19.764477 25819 thread.cpp:96] Thread 1052673 construct Actor kCopyHd 2207615287301
I1012 15:52:19.764513 25810 thread.cpp:96] Thread 1048577 construct Actor kCopyHd 2199025352710
I1012 15:52:19.764670 25819 runtime_context.cpp:29] DecreaseCounter constructing_actor_cnt, current val is 700
I1012 15:52:19.764607 25804 thread.cpp:96] Thread 524337 construct Actor kTick 1099614388236
I1012 15:52:19.764566 25808 thread.cpp:96] Thread 1048576 construct Actor kNormalForward 2199023255554
I1012 15:52:19.764695 25810 runtime_context.cpp:29] DecreaseCounter constructing_actor_cnt, current val is 699
I1012 15:52:19.764868 25808 runtime_context.cpp:29] DecreaseCounter constructing_actor_cnt, current val is 697
I1012 15:52:19.764842 25804 runtime_context.cpp:29] DecreaseCounter constructing_actor_cnt, current val is 698
I1012 15:52:19.764817 25819 naive_actor.cpp:25] actor 2207615287302 switch to &NaiveActor::HandlerNormal
I1012 15:52:19.764986 25819 thread.cpp:96] Thread 1052673 construct Actor kCopyHd 2207615287302
I1012 15:52:19.765045 25819 runtime_context.cpp:29] DecreaseCounter constructing_actor_cnt, current val is 696
I1012 15:52:19.765101 25810 naive_actor.cpp:25] actor 2199025352711 switch to &NaiveActor::HandlerNormal
I1012 15:52:19.765154 25810 thread.cpp:96] Thread 1048577 construct Actor kCopyHd 2199025352711
I1012 15:52:19.765211 25810 runtime_context.cpp:29] DecreaseCounter constructing_actor_cnt, current val is 695
I1012 15:52:19.765375 25804 naive_actor.cpp:25] actor 1099614388237 switch to &NaiveActor::HandlerNormal
I1012 15:52:19.765431 25804 thread.cpp:96] Thread 524337 construct Actor kTick 1099614388237
I1012 15:52:19.765477 25804 runtime_context.cpp:29] DecreaseCounter constructing_actor_cnt, current val is 694
I1012 15:52:19.765867 25804 naive_actor.cpp:25] actor 1099614388229 switch to &NaiveActor::HandlerNormal
I1012 15:52:19.765941 25817 naive_actor.cpp:25] actor 2207613190163 switch to &NaiveActor::HandlerNormal
I1012 15:52:19.765975 25804 thread.cpp:96] Thread 524337 construct Actor kSrcSubsetTick 1099614388229
I1012 15:52:19.766041 25817 thread.cpp:96] Thread 1052672 construct Actor kNormalForward 2207613190163
I1012 15:52:19.766103 25804 runtime_context.cpp:29] DecreaseCounter constructing_actor_cnt, current val is 693
I1012 15:52:19.766175 25817 runtime_context.cpp:29] DecreaseCounter constructing_actor_cnt, current val is 692
I1012 15:52:19.766412 25804 naive_actor.cpp:25] actor 1099614388225 switch to &NaiveActor::HandlerNormal
I1012 15:52:19.766463 25804 thread.cpp:96] Thread 524337 construct Actor kDeviceTick 1099614388225
I1012 15:52:19.766513 25804 runtime_context.cpp:29] DecreaseCounter constructing_actor_cnt, current val is 691
I1012 15:52:19.766883 25804 naive_actor.cpp:25] actor 1099614388247 switch to &NaiveActor::HandlerNormal
I1012 15:52:19.766957 25804 thread.cpp:96] Thread 524337 construct Actor kTick 1099614388247
I1012 15:52:19.767053 25804 runtime_context.cpp:29] DecreaseCounter constructing_actor_cnt, current val is 690
I1012 15:52:19.767197 25808 naive_actor.cpp:25] actor 2199023255552 switch to &NaiveActor::HandlerNormal
I1012 15:52:19.767257 25808 thread.cpp:96] Thread 1048576 construct Actor kNormalForward 2199023255552
I1012 15:52:19.767376 25808 runtime_context.cpp:29] DecreaseCounter constructing_actor_cnt, current val is 689
I1012 15:52:19.767539 25804 naive_actor.cpp:25] actor 1099614388246 switch to &NaiveActor::HandlerNormal
I1012 15:52:19.767599 25817 naive_actor.cpp:25] actor 2207613190187 switch to &NaiveActor::HandlerNormal
I1012 15:52:19.767607 25804 thread.cpp:96] Thread 524337 construct Actor kTick 1099614388246
I1012 15:52:19.767660 25817 thread.cpp:96] Thread 1052672 construct Actor kNormalForward 2207613190187
I1012 15:52:19.767743 25804 runtime_context.cpp:29] DecreaseCounter constructing_actor_cnt, current val is 688
I1012 15:52:19.767786 25817 runtime_context.cpp:29] DecreaseCounter constructing_actor_cnt, current val is 687
I1012 15:52:19.767843 25808 naive_actor.cpp:25] actor 2199023255559 switch to &NaiveActor::HandlerNormal
I1012 15:52:19.767894 25808 thread.cpp:96] Thread 1048576 construct Actor kNormalForward 2199023255559
I1012 15:52:19.767966 25808 runtime_context.cpp:29] DecreaseCounter constructing_actor_cnt, current val is 686
I1012 15:52:19.768357 25817 naive_actor.cpp:25] actor 2207613190155 switch to &NaiveActor::HandlerNormal
I1012 15:52:19.768374 25808 naive_actor.cpp:25] actor 2199023255572 switch to &NaiveActor::HandlerNormal
I1012 15:52:19.768420 25817 thread.cpp:96] Thread 1052672 construct Actor kNormalForward 2207613190155
I1012 15:52:19.768463 25808 thread.cpp:96] Thread 1048576 construct Actor kNormalForward 2199023255572
I1012 15:52:19.768550 25817 runtime_context.cpp:29] DecreaseCounter constructing_actor_cnt, current val is 685
I1012 15:52:19.768585 25808 runtime_context.cpp:29] DecreaseCounter constructing_actor_cnt, current val is 684
I1012 15:52:19.768671 25804 esac_actor.cpp:73] actor 1099614388326 switch to &EsacActor::HandlerNormal
I1012 15:52:19.768738 25804 thread.cpp:96] Thread 524337 construct Actor kEsac 1099614388326
I1012 15:52:19.768875 25804 runtime_context.cpp:29] DecreaseCounter constructing_actor_cnt, current val is 683
I1012 15:52:19.768987 25817 naive_actor.cpp:25] actor 2207613190157 switch to &NaiveActor::HandlerNormal
I1012 15:52:19.769050 25817 thread.cpp:96] Thread 1052672 construct Actor kNormalForward 2207613190157
I1012 15:52:19.769134 25817 runtime_context.cpp:29] DecreaseCounter constructing_actor_cnt, current val is 682
I1012 15:52:19.769439 25804 naive_actor.cpp:25] actor 1099614388238 switch to &NaiveActor::HandlerNormal
I1012 15:52:19.769505 25804 thread.cpp:96] Thread 524337 construct Actor kTick 1099614388238
I1012 15:52:19.769588 25804 runtime_context.cpp:29] DecreaseCounter constructing_actor_cnt, current val is 681
I1012 15:52:19.769706 25808 naive_actor.cpp:25] actor 2199023255574 switch to &NaiveActor::HandlerNormal
I1012 15:52:19.769798 25808 thread.cpp:96] Thread 1048576 construct Actor kNormalForward 2199023255574
I1012 15:52:19.769897 25808 runtime_context.cpp:29] DecreaseCounter constructing_actor_cnt, current val is 680
I1012 15:52:19.770005 25804 naive_actor.cpp:25] actor 1099614388244 switch to &NaiveActor::HandlerNormal
I1012 15:52:19.770073 25804 thread.cpp:96] Thread 524337 construct Actor kTick 1099614388244
I1012 15:52:19.770145 25804 runtime_context.cpp:29] DecreaseCounter constructing_actor_cnt, current val is 679
I1012 15:52:19.770996 25817 naive_actor.cpp:25] actor 2207613190179 switch to &NaiveActor::HandlerNormal
I1012 15:52:19.771065 25817 thread.cpp:96] Thread 1052672 construct Actor kNormalForward 2207613190179
I1012 15:52:19.771154 25804 case_actor.cpp:76] actor 1099614388297 switch to &CaseActor::HandlerNormal
I1012 15:52:19.771164 25817 runtime_context.cpp:29] DecreaseCounter constructing_actor_cnt, current val is 678
I1012 15:52:19.771212 25804 thread.cpp:96] Thread 524337 construct Actor kCase 1099614388297
I1012 15:52:19.771339 25808 naive_actor.cpp:25] actor 2199023255558 switch to &NaiveActor::HandlerNormal
I1012 15:52:19.771363 25804 runtime_context.cpp:29] DecreaseCounter constructing_actor_cnt, current val is 677
I1012 15:52:19.771409 25808 thread.cpp:96] Thread 1048576 construct Actor kNormalForward 2199023255558
I1012 15:52:19.771554 25808 runtime_context.cpp:29] DecreaseCounter constructing_actor_cnt, current val is 676
I1012 15:52:19.771998 25808 naive_actor.cpp:25] actor 2199023255598 switch to &NaiveActor::HandlerNormal
I1012 15:52:19.772065 25804 naive_actor.cpp:25] actor 1099614388235 switch to &NaiveActor::HandlerNormal
I1012 15:52:19.772070 25808 thread.cpp:96] Thread 1048576 construct Actor kNormalForward 2199023255598
I1012 15:52:19.772119 25804 thread.cpp:96] Thread 524337 construct Actor kDstSubsetTick 1099614388235
I1012 15:52:19.772194 25808 runtime_context.cpp:29] DecreaseCounter constructing_actor_cnt, current val is 675
I1012 15:52:19.772238 25804 runtime_context.cpp:29] DecreaseCounter constructing_actor_cnt, current val is 674
I1012 15:52:19.772578 25817 naive_actor.cpp:25] actor 2207613190149 switch to &NaiveActor::HandlerNormal
I1012 15:52:19.772640 25817 thread.cpp:96] Thread 1052672 construct Actor kNormalForward 2207613190149
I1012 15:52:19.772718 25817 runtime_context.cpp:29] DecreaseCounter constructing_actor_cnt, current val is 673
I1012 15:52:19.772742 25804 naive_actor.cpp:25] actor 1099614388239 switch to &NaiveActor::HandlerNormal
I1012 15:52:19.772802 25804 thread.cpp:96] Thread 524337 construct Actor kTick 1099614388239
I1012 15:52:19.772864 25804 runtime_context.cpp:29] DecreaseCounter constructing_actor_cnt, current val is 672
I1012 15:52:19.773272 25804 naive_actor.cpp:25] actor 1099614388245 switch to &NaiveActor::HandlerNormal
I1012 15:52:19.773363 25804 thread.cpp:96] Thread 524337 construct Actor kDstSubsetTick 1099614388245
I1012 15:52:19.773461 25804 runtime_context.cpp:29] DecreaseCounter constructing_actor_cnt, current val is 671
I1012 15:52:19.773823 25804 naive_actor.cpp:25] actor 1099614388224 switch to &NaiveActor::HandlerNormal
I1012 15:52:19.773865 25804 thread.cpp:96] Thread 524337 construct Actor kDeviceTick 1099614388224
I1012 15:52:19.773891 25817 naive_actor.cpp:25] actor 2207613190152 switch to &NaiveActor::HandlerNormal
I1012 15:52:19.773908 25804 runtime_context.cpp:29] DecreaseCounter constructing_actor_cnt, current val is 670
I1012 15:52:19.773954 25817 thread.cpp:96] Thread 1052672 construct Actor kNormalForward 2207613190152
I1012 15:52:19.774086 25817 runtime_context.cpp:29] DecreaseCounter constructing_actor_cnt, current val is 669
I1012 15:52:19.774379 25804 naive_actor.cpp:25] actor 1099614388248 switch to &NaiveActor::HandlerNormal
I1012 15:52:19.774447 25804 thread.cpp:96] Thread 524337 construct Actor kTick 1099614388248
I1012 15:52:19.774515 25804 runtime_context.cpp:29] DecreaseCounter constructing_actor_cnt, current val is 668
I1012 15:52:19.774564 25808 naive_actor.cpp:25] actor 2199023255582 switch to &NaiveActor::HandlerNormal
I1012 15:52:19.774607 25817 naive_actor.cpp:25] actor 2207613190176 switch to &NaiveActor::HandlerNormal
I1012 15:52:19.774717 25808 thread.cpp:96] Thread 1048576 construct Actor kNormalForward 2199023255582
I1012 15:52:19.774777 25817 thread.cpp:96] Thread 1052672 construct Actor kNormalForward 2207613190176
I1012 15:52:19.774857 25804 naive_actor.cpp:25] actor 1099614388250 switch to &NaiveActor::HandlerNormal
I1012 15:52:19.774871 25808 runtime_context.cpp:29] DecreaseCounter constructing_actor_cnt, current val is 667
I1012 15:52:19.774892 25817 runtime_context.cpp:29] DecreaseCounter constructing_actor_cnt, current val is 666
I1012 15:52:19.774909 25804 thread.cpp:96] Thread 524337 construct Actor kSrcSubsetTick 1099614388250
