Log file created at: 2021/10/13 15:49:56
Running on machine: oneflow-14
Log line format: [IWEF]mmdd hh:mm:ss.uuuuuu threadid file:line] msg
I1013 15:49:56.152227 43338 global.h:36] NewGlobal 14cudaDeviceProp
I1013 15:49:56.153690 43338 global.h:36] NewGlobal N7oneflow7EnvDescE
I1013 15:49:56.153717 43338 global.h:36] NewGlobal N7oneflow10ProcessCtxE
I1013 15:49:56.153725 43338 env_global_objects_scope.cpp:152] using rpc backend: local
I1013 15:49:56.153793 43338 global.h:36] NewGlobal N7oneflow12ResourceDescE
I1013 15:49:56.153808 43338 global.h:36] NewGlobal N7oneflow12ResourceDescE
I1013 15:49:56.221781 43338 global.h:36] NewGlobal N7oneflow10ThreadPoolE
I1013 15:49:56.223062 43338 global.h:36] NewGlobal N7oneflow16EagerNcclCommMgrE
I1013 15:49:56.223078 43338 global.h:36] NewGlobal N7oneflow18CudnnConvAlgoCacheE
I1013 15:49:56.223088 43338 global.h:36] NewGlobal N7oneflow2vm19VirtualMachineScopeE
I1013 15:49:56.223096 43338 global.h:36] NewGlobal N7oneflow9OneflowVME
I1013 15:49:56.224056 43338 oneflow_vm.cpp:75] transport stream type: N7oneflow2vm13CpuStreamTypeE
I1013 15:49:56.224076 43338 oneflow_vm.cpp:75] transport stream type: N7oneflow2vm14CudaStreamTypeE
I1013 15:49:56.224083 43338 oneflow_vm.cpp:75] transport stream type: N7oneflow2vm19AsyncCudaStreamTypeE
I1013 15:49:56.224236 43338 global.h:36] NewGlobal N7oneflow27EagerJobBuildAndInferCtxMgrE
I1013 15:49:56.224249 43338 global.h:36] NewGlobal N7oneflow12EpollCommNetE
I1013 15:49:56.224390 43338 epoll_comm_network.cpp:63] CommNet:Epoll listening on 0.0.0.0:42184
I1013 15:49:56.224428 43338 epoll_comm_network.cpp:197] machine 0 sockfd -1
I1013 15:49:56.224555 43338 global.h:36] NewGlobal N7oneflow9TransportE
I1013 15:49:56.226416 43338 global.h:43] DeleteGlobal N7oneflow12ResourceDescE
I1013 15:49:56.226446 43338 version.cpp:22] OneFlow git version: b295ca2324
I1013 15:49:56.226464 43338 device_register_gpu.cpp:56] CUDA runtime version: 11.2
I1013 15:49:56.226517 43338 device_register_gpu.cpp:65] cuDNN version: 8.1.1
I1013 15:49:56.226531 43338 device_register_gpu.cpp:78] NCCL version: 2.9.8
I1013 15:49:56.226539 43338 global.h:36] NewGlobal N7oneflow12ResourceDescE
I1013 15:49:56.226548 43338 global.h:36] NewGlobal N7oneflow5IDMgrE
I1013 15:49:56.226577 43338 global.h:36] NewGlobal N7oneflow16AvailableMemDescE
I1013 15:49:56.226605 43338 global.h:36] NewGlobal St13unordered_mapISslSt4hashISsESt8equal_toISsESaISt4pairIKSslEEE
I1013 15:49:56.226614 43338 global.h:36] NewGlobal N7oneflow19CriticalSectionDescE
I1013 15:49:56.226621 43338 global.h:36] NewGlobal N7oneflow16InterUserJobInfoE
I1013 15:49:56.226631 43338 global.h:36] NewGlobal N7oneflow26LazyJobBuildAndInferCtxMgrE
I1013 15:49:56.226639 43338 global.h:36] NewGlobal N7oneflow16JobSetCompileCtxE
I1013 15:49:56.226647 43338 global.h:36] NewGlobal N7oneflow26RuntimeBufferManagersScopeE
I1013 15:49:56.226655 43338 global.h:36] NewGlobal N7oneflow9BufferMgrIlEE
I1013 15:49:56.226662 43338 global.h:36] NewGlobal N7oneflow9BufferMgrISt10shared_ptrINS_11JobInstanceEEEE
I1013 15:49:56.226670 43338 global.h:36] NewGlobal N7oneflow10RuntimeCtxE
I1013 15:49:56.226678 43338 global.h:36] NewGlobal N7oneflow15MemoryAllocatorE
I1013 15:49:56.226686 43338 global.h:36] NewGlobal N7oneflow8ChunkMgrE
I1013 15:49:56.226692 43338 global.h:36] NewGlobal N7oneflow8RegstMgrE
I1013 15:49:56.226701 43338 global.h:36] NewGlobal N7oneflow11ActorMsgBusE
I1013 15:49:56.226707 43338 global.h:36] NewGlobal N7oneflow9ThreadMgrE
I1013 15:49:56.226714 43338 global.h:36] NewGlobal N7oneflow15RuntimeJobDescsE
I1013 15:49:56.226722 43338 global.h:36] NewGlobal N7oneflow7summary12EventsWriterE
I1013 15:49:56.226732 43338 global.h:36] NewGlobal N7oneflow6boxing10collective24CollectiveBoxingExecutorE
I1013 15:49:56.226739 43338 global.h:36] NewGlobal N7oneflow6boxing10collective31CollectiveBoxingDeviceCtxPollerE
I1013 15:49:56.226888 43338 session.h:77] NewGlobal N7oneflow25SessionGlobalObjectsScopeE
I1013 15:49:56.227684 43338 global.h:36] NewGlobal N7oneflow7JobDescE
I1013 15:49:56.701040 43338 global.h:43] DeleteGlobal N7oneflow7JobDescE
I1013 15:49:56.701244 43338 global.h:36] NewGlobal N7oneflow7JobDescE
I1013 15:49:56.704479 43338 global.h:36] NewGlobal N7oneflow7OpGraphE
I1013 15:49:56.709089 43338 global.h:43] DeleteGlobal N7oneflow7OpGraphE
I1013 15:49:56.888646 43338 global.h:43] DeleteGlobal N7oneflow7JobDescE
I1013 15:49:56.906128 43338 global.h:36] NewGlobal N7oneflow24InterJobReuseMemStrategyE
I1013 15:49:56.906152 43338 global.h:36] NewGlobal N7oneflow7OneflowE
I1013 15:49:56.918912 43338 global.h:36] NewGlobal N7oneflow7JobDescE
I1013 15:49:57.149634 43338 global.h:36] NewGlobal N7oneflow7OpGraphE
I1013 15:49:57.231249 43338 global.h:43] DeleteGlobal N7oneflow7OpGraphE
I1013 15:49:57.242894 43338 oneflow.cpp:210] 
job_id: 0 , job_name: train_job , compile time: 0.32394 seconds.
I1013 15:49:57.302294 43338 global.h:43] DeleteGlobal N7oneflow7JobDescE
I1013 15:49:57.302664 43338 global.h:36] NewGlobal N7oneflow7JobDescE
I1013 15:49:57.349720 43338 global.h:36] NewGlobal N7oneflow7OpGraphE
I1013 15:49:57.366726 43338 global.h:43] DeleteGlobal N7oneflow7OpGraphE
I1013 15:49:57.371942 43338 oneflow.cpp:210] 
job_id: 1 , job_name: System-ModelInit , compile time: 0.0688527 seconds.
I1013 15:49:57.383790 43338 global.h:43] DeleteGlobal N7oneflow7JobDescE
I1013 15:49:57.383818 43338 global.h:36] NewGlobal N7oneflow7JobDescE
I1013 15:49:57.428455 43338 global.h:36] NewGlobal N7oneflow7OpGraphE
I1013 15:49:57.445502 43338 global.h:43] DeleteGlobal N7oneflow7OpGraphE
I1013 15:49:57.450035 43338 oneflow.cpp:210] 
job_id: 2 , job_name: System-ModelLoad , compile time: 0.0661975 seconds.
I1013 15:49:57.462006 43338 global.h:43] DeleteGlobal N7oneflow7JobDescE
I1013 15:49:57.462080 43338 global.h:36] NewGlobal N7oneflow7JobDescE
I1013 15:49:57.507118 43338 global.h:36] NewGlobal N7oneflow7OpGraphE
I1013 15:49:57.524756 43338 global.h:43] DeleteGlobal N7oneflow7OpGraphE
I1013 15:49:57.529271 43338 oneflow.cpp:210] 
job_id: 3 , job_name: System-ModelSave , compile time: 0.0671726 seconds.
I1013 15:49:57.541538 43338 global.h:43] DeleteGlobal N7oneflow7JobDescE
I1013 15:49:57.541630 43338 global.h:36] NewGlobal N7oneflow7JobDescE
I1013 15:49:57.550869 43338 global.h:36] NewGlobal N7oneflow7OpGraphE
I1013 15:49:57.572263 43338 global.h:43] DeleteGlobal N7oneflow7OpGraphE
I1013 15:49:57.573554 43338 oneflow.cpp:210] 
job_id: 4 , job_name: System-Pull-Return_27 , compile time: 0.0318868 seconds.
I1013 15:49:57.577039 43338 global.h:43] DeleteGlobal N7oneflow7JobDescE
I1013 15:49:57.581801 43338 global.h:36] NewGlobal N7oneflow7JobDescE
I1013 15:49:57.581851 43338 global.h:36] NewGlobal N7oneflow7OpGraphE
I1013 15:49:57.587191 43338 global.h:43] DeleteGlobal N7oneflow7OpGraphE
I1013 15:49:57.590423 43338 oneflow.cpp:210] 
job_id: 5 , job_name: MainJob-unamed , compile time: 0.00858061 seconds.
I1013 15:49:57.597384 43338 global.h:43] DeleteGlobal N7oneflow7JobDescE
I1013 15:49:57.600258 43338 plan_util.cpp:928]  Plan: merged_plan needs to allocate [ 1390.38 MiB ] device memory in Rank: 0 , Device: 0
I1013 15:49:57.711349 43338 oneflow.cpp:998]  PushPlan merged_plan time: 0.0111017 seconds.
I1013 15:49:57.741051 43338 oneflow.cpp:1014]  PullPlan merged_plan time: 0.025399 seconds.
I1013 15:49:59.972358 43338 runtime_context.cpp:21] NewCounter constructing_actor_cnt 409
I1013 15:49:59.973618 44012 naive_actor.cpp:25] actor 1099614388226 switch to &NaiveActor::HandlerNormal
I1013 15:49:59.973749 44013 wait_and_send_ids_actor.cpp:53] actor 1099616485376 switch to &WaitAndSendIdsActor::HandlerWaitToStart
I1013 15:49:59.973803 44012 thread.cpp:96] Thread 524337 construct Actor kDeviceTick 1099614388226
I1013 15:49:59.973862 44019 naive_actor.cpp:25] actor 2199023255720 switch to &NaiveActor::HandlerNormal
I1013 15:49:59.973857 44013 thread.cpp:96] Thread 524338 construct Actor kWaitAndSendIds 1099616485376
I1013 15:49:59.973944 44019 thread.cpp:96] Thread 1048576 construct Actor kDeviceTick 2199023255720
I1013 15:49:59.973978 44012 runtime_context.cpp:29] DecreaseCounter constructing_actor_cnt, current val is 408
I1013 15:49:59.974004 44013 runtime_context.cpp:29] DecreaseCounter constructing_actor_cnt, current val is 407
I1013 15:49:59.974097 44019 runtime_context.cpp:29] DecreaseCounter constructing_actor_cnt, current val is 406
I1013 15:49:59.974262 44012 naive_actor.cpp:25] actor 1099614388233 switch to &NaiveActor::HandlerNormal
I1013 15:49:59.974339 44012 thread.cpp:96] Thread 524337 construct Actor kDeviceTick 1099614388233
I1013 15:49:59.974417 44012 runtime_context.cpp:29] DecreaseCounter constructing_actor_cnt, current val is 405
I1013 15:49:59.974551 44019 naive_actor.cpp:25] actor 2199023255759 switch to &NaiveActor::HandlerNormal
I1013 15:49:59.974871 44019 thread.cpp:96] Thread 1048576 construct Actor kDeviceTick 2199023255759
I1013 15:49:59.974844 44012 naive_actor.cpp:25] actor 1099614388243 switch to &NaiveActor::HandlerNormal
I1013 15:49:59.974936 44019 runtime_context.cpp:29] DecreaseCounter constructing_actor_cnt, current val is 404
I1013 15:49:59.974969 44012 thread.cpp:96] Thread 524337 construct Actor kDeviceTick 1099614388243
I1013 15:49:59.975133 44012 runtime_context.cpp:29] DecreaseCounter constructing_actor_cnt, current val is 403
I1013 15:49:59.975325 44019 naive_actor.cpp:25] actor 2199023255798 switch to &NaiveActor::HandlerNormal
I1013 15:49:59.975440 44019 thread.cpp:96] Thread 1048576 construct Actor kDeviceTick 2199023255798
I1013 15:49:59.975500 44019 runtime_context.cpp:29] DecreaseCounter constructing_actor_cnt, current val is 402
I1013 15:49:59.975538 44012 naive_actor.cpp:25] actor 1099614388252 switch to &NaiveActor::HandlerNormal
I1013 15:49:59.975633 44012 thread.cpp:96] Thread 524337 construct Actor kDeviceTick 1099614388252
I1013 15:49:59.975710 44012 runtime_context.cpp:29] DecreaseCounter constructing_actor_cnt, current val is 401
I1013 15:49:59.975965 44019 naive_actor.cpp:25] actor 2199023255837 switch to &NaiveActor::HandlerNormal
I1013 15:49:59.975993 44012 naive_actor.cpp:25] actor 1099614388261 switch to &NaiveActor::HandlerNormal
I1013 15:49:59.976019 44019 thread.cpp:96] Thread 1048576 construct Actor kDeviceTick 2199023255837
I1013 15:49:59.976054 44012 thread.cpp:96] Thread 524337 construct Actor kDeviceTick 1099614388261
I1013 15:49:59.976121 44019 runtime_context.cpp:29] DecreaseCounter constructing_actor_cnt, current val is 400
I1013 15:49:59.976135 44012 runtime_context.cpp:29] DecreaseCounter constructing_actor_cnt, current val is 399
I1013 15:49:59.976402 44012 naive_actor.cpp:25] actor 1099614388276 switch to &NaiveActor::HandlerNormal
I1013 15:49:59.976436 44012 thread.cpp:96] Thread 524337 construct Actor kDeviceTick 1099614388276
I1013 15:49:59.976487 44012 runtime_context.cpp:29] DecreaseCounter constructing_actor_cnt, current val is 398
I1013 15:49:59.976752 44012 naive_actor.cpp:25] actor 1099614388269 switch to &NaiveActor::HandlerNormal
I1013 15:49:59.976785 44012 thread.cpp:96] Thread 524337 construct Actor kDeviceTick 1099614388269
I1013 15:49:59.976850 44012 runtime_context.cpp:29] DecreaseCounter constructing_actor_cnt, current val is 397
I1013 15:49:59.987809 43995 naive_actor.cpp:25] actor 1099522113536 switch to &NaiveActor::HandlerNormal
I1013 15:49:59.987867 44008 naive_actor.cpp:25] actor 1099549376512 switch to &NaiveActor::HandlerNormal
I1013 15:49:59.987902 43995 thread.cpp:96] Thread 524293 construct Actor kNormalForward 1099522113536
I1013 15:49:59.987905 44004 naive_actor.cpp:25] actor 1099540987904 switch to &NaiveActor::HandlerNormal
I1013 15:49:59.988162 44006 naive_actor.cpp:25] actor 1099545182208 switch to &NaiveActor::HandlerNormal
I1013 15:49:59.988266 44000 naive_actor.cpp:25] actor 1099532599296 switch to &NaiveActor::HandlerNormal
I1013 15:49:59.988313 43996 naive_actor.cpp:25] actor 1099524210688 switch to &NaiveActor::HandlerNormal
I1013 15:49:59.987957 44008 thread.cpp:96] Thread 524306 construct Actor kNormalForward 1099549376512
I1013 15:49:59.988176 43997 naive_actor.cpp:25] actor 1099526307840 switch to &NaiveActor::HandlerNormal
I1013 15:49:59.988183 44004 thread.cpp:96] Thread 524302 construct Actor kForeignInput 1099540987904
I1013 15:49:59.988186 44005 naive_actor.cpp:25] actor 1099543085056 switch to &NaiveActor::HandlerNormal
I1013 15:49:59.988243 44001 naive_actor.cpp:25] actor 1099534696448 switch to &NaiveActor::HandlerNormal
I1013 15:49:59.988898 43992 naive_actor.cpp:25] actor 1099515822080 switch to &NaiveActor::HandlerNormal
I1013 15:49:59.989020 43992 thread.cpp:96] Thread 524290 construct Actor kNormalForward 1099515822080
I1013 15:49:59.988286 44006 thread.cpp:96] Thread 524304 construct Actor kNormalForward 1099545182208
I1013 15:49:59.989181 43998 naive_actor.cpp:25] actor 1099528404992 switch to &NaiveActor::HandlerNormal
I1013 15:49:59.989243 44006 runtime_context.cpp:29] DecreaseCounter constructing_actor_cnt, current val is 392
I1013 15:49:59.988128 44023 naive_actor.cpp:25] actor 2199027449856 switch to &NaiveActor::HandlerNormal
I1013 15:49:59.988358 44021 naive_actor.cpp:25] actor 2199025352707 switch to &NaiveActor::HandlerNormal
I1013 15:49:59.989439 44021 thread.cpp:96] Thread 1048577 construct Actor kCopyHd 2199025352707
I1013 15:49:59.988394 44012 naive_actor.cpp:25] actor 1099614388224 switch to &NaiveActor::HandlerNormal
I1013 15:49:59.988400 44014 sink_actor.cpp:21] actor 1099618582528 switch to &SinkActor::HandlerNormal
I1013 15:49:59.989579 44014 thread.cpp:96] Thread 524339 construct Actor kCallbackNotify 1099618582528
I1013 15:49:59.988502 44002 naive_actor.cpp:25] actor 1099536793600 switch to &NaiveActor::HandlerNormal
I1013 15:49:59.989761 44002 thread.cpp:96] Thread 524300 construct Actor kNormalForward 1099536793600
I1013 15:49:59.988544 44010 naive_actor.cpp:25] actor 1099553570816 switch to &NaiveActor::HandlerNormal
I1013 15:49:59.989835 44010 thread.cpp:96] Thread 524308 construct Actor kNormalForward 1099553570816
I1013 15:49:59.989866 44002 runtime_context.cpp:29] DecreaseCounter constructing_actor_cnt, current val is 389
I1013 15:49:59.989889 44010 runtime_context.cpp:29] DecreaseCounter constructing_actor_cnt, current val is 388
I1013 15:49:59.988562 43999 naive_actor.cpp:25] actor 1099530502144 switch to &NaiveActor::HandlerNormal
I1013 15:49:59.989990 43999 thread.cpp:96] Thread 524297 construct Actor kNormalForward 1099530502144
I1013 15:49:59.988593 43997 thread.cpp:96] Thread 524295 construct Actor kNormalForward 1099526307840
I1013 15:49:59.988665 44004 runtime_context.cpp:29] DecreaseCounter constructing_actor_cnt, current val is 394
I1013 15:49:59.990072 43999 runtime_context.cpp:29] DecreaseCounter constructing_actor_cnt, current val is 387
I1013 15:49:59.988682 44009 naive_actor.cpp:25] actor 1099551473664 switch to &NaiveActor::HandlerNormal
I1013 15:49:59.988867 43991 naive_actor.cpp:25] actor 1099513724928 switch to &NaiveActor::HandlerNormal
I1013 15:49:59.990164 43991 thread.cpp:96] Thread 524289 construct Actor kNormalForward 1099513724928
I1013 15:49:59.990157 44009 thread.cpp:96] Thread 524307 construct Actor kNormalForward 1099551473664
I1013 15:49:59.988090 43995 runtime_context.cpp:29] DecreaseCounter constructing_actor_cnt, current val is 396
I1013 15:49:59.988900 43994 naive_actor.cpp:25] actor 1099520016384 switch to &NaiveActor::HandlerNormal
I1013 15:49:59.990283 43994 thread.cpp:96] Thread 524292 construct Actor kNormalForward 1099520016384
I1013 15:49:59.988276 44007 naive_actor.cpp:25] actor 1099547279360 switch to &NaiveActor::HandlerNormal
I1013 15:49:59.990368 44007 thread.cpp:96] Thread 524305 construct Actor kForeignInput 1099547279360
I1013 15:49:59.990388 43994 runtime_context.cpp:29] DecreaseCounter constructing_actor_cnt, current val is 383
I1013 15:49:59.988294 43993 naive_actor.cpp:25] actor 1099517919232 switch to &NaiveActor::HandlerNormal
I1013 15:49:59.989264 43998 thread.cpp:96] Thread 524296 construct Actor kNormalForward 1099528404992
I1013 15:49:59.988353 44000 thread.cpp:96] Thread 524298 construct Actor kNormalForward 1099532599296
I1013 15:49:59.989389 44023 thread.cpp:96] Thread 1048578 construct Actor kCopyHd 2199027449856
I1013 15:49:59.989482 44021 runtime_context.cpp:29] DecreaseCounter constructing_actor_cnt, current val is 391
I1013 15:49:59.990759 44023 runtime_context.cpp:29] DecreaseCounter constructing_actor_cnt, current val is 379
I1013 15:49:59.988416 43996 thread.cpp:96] Thread 524294 construct Actor kNormalForward 1099524210688
I1013 15:49:59.988440 44011 naive_actor.cpp:25] actor 1099555667968 switch to &NaiveActor::HandlerNormal
I1013 15:49:59.991098 43996 runtime_context.cpp:29] DecreaseCounter constructing_actor_cnt, current val is 378
I1013 15:49:59.988525 44003 naive_actor.cpp:25] actor 1099538890752 switch to &NaiveActor::HandlerNormal
I1013 15:49:59.988561 44008 runtime_context.cpp:29] DecreaseCounter constructing_actor_cnt, current val is 395
I1013 15:49:59.990119 43997 runtime_context.cpp:29] DecreaseCounter constructing_actor_cnt, current val is 386
I1013 15:49:59.988893 44005 thread.cpp:96] Thread 524303 construct Actor kNormalForward 1099543085056
I1013 15:49:59.990214 43991 runtime_context.cpp:29] DecreaseCounter constructing_actor_cnt, current val is 385
I1013 15:49:59.990240 44009 runtime_context.cpp:29] DecreaseCounter constructing_actor_cnt, current val is 384
I1013 15:49:59.988941 44001 thread.cpp:96] Thread 524299 construct Actor kForeignInput 1099534696448
I1013 15:49:59.989038 44019 naive_actor.cpp:25] actor 2199023255573 switch to &NaiveActor::HandlerNormal
I1013 15:49:59.989142 43992 runtime_context.cpp:29] DecreaseCounter constructing_actor_cnt, current val is 393
I1013 15:49:59.991672 44001 runtime_context.cpp:29] DecreaseCounter constructing_actor_cnt, current val is 376
I1013 15:49:59.990470 43993 thread.cpp:96] Thread 524291 construct Actor kNormalForward 1099517919232
I1013 15:49:59.990607 43998 runtime_context.cpp:29] DecreaseCounter constructing_actor_cnt, current val is 381
I1013 15:49:59.991787 43993 runtime_context.cpp:29] DecreaseCounter constructing_actor_cnt, current val is 375
I1013 15:49:59.989501 44012 thread.cpp:96] Thread 524337 construct Actor kDeviceTick 1099614388224
I1013 15:49:59.990844 44021 naive_actor.cpp:25] actor 2199025352706 switch to &NaiveActor::HandlerNormal
I1013 15:49:59.991897 44021 thread.cpp:96] Thread 1048577 construct Actor kCopyHd 2199025352706
I1013 15:49:59.991118 44011 thread.cpp:96] Thread 524309 construct Actor kForeignOutput 1099555667968
I1013 15:49:59.989697 44014 runtime_context.cpp:29] DecreaseCounter constructing_actor_cnt, current val is 390
I1013 15:49:59.991243 44003 thread.cpp:96] Thread 524301 construct Actor kNormalForward 1099538890752
I1013 15:49:59.991477 44005 runtime_context.cpp:29] DecreaseCounter constructing_actor_cnt, current val is 377
I1013 15:49:59.991653 44019 thread.cpp:96] Thread 1048576 construct Actor kNormalForward 2199023255573
I1013 15:49:59.990453 44007 runtime_context.cpp:29] DecreaseCounter constructing_actor_cnt, current val is 382
I1013 15:49:59.990713 44000 runtime_context.cpp:29] DecreaseCounter constructing_actor_cnt, current val is 380
I1013 15:49:59.991863 44012 runtime_context.cpp:29] DecreaseCounter constructing_actor_cnt, current val is 374
I1013 15:49:59.991931 44021 runtime_context.cpp:29] DecreaseCounter constructing_actor_cnt, current val is 373
I1013 15:49:59.992018 44011 runtime_context.cpp:29] DecreaseCounter constructing_actor_cnt, current val is 372
I1013 15:49:59.992111 44003 runtime_context.cpp:29] DecreaseCounter constructing_actor_cnt, current val is 371
I1013 15:49:59.992244 44019 runtime_context.cpp:29] DecreaseCounter constructing_actor_cnt, current val is 370
I1013 15:49:59.992588 44021 naive_actor.cpp:25] actor 2199025352704 switch to &NaiveActor::HandlerNormal
I1013 15:49:59.992758 44021 thread.cpp:96] Thread 1048577 construct Actor kCopyHd 2199025352704
I1013 15:49:59.992802 44021 runtime_context.cpp:29] DecreaseCounter constructing_actor_cnt, current val is 369
I1013 15:49:59.992823 44012 naive_actor.cpp:25] actor 1099614388230 switch to &NaiveActor::HandlerNormal
I1013 15:49:59.992873 44012 thread.cpp:96] Thread 524337 construct Actor kTick 1099614388230
I1013 15:49:59.992965 44012 runtime_context.cpp:29] DecreaseCounter constructing_actor_cnt, current val is 368
I1013 15:49:59.992974 44021 naive_actor.cpp:25] actor 2199025352708 switch to &NaiveActor::HandlerNormal
I1013 15:49:59.993103 44021 thread.cpp:96] Thread 1048577 construct Actor kCopyHd 2199025352708
I1013 15:49:59.993175 44021 runtime_context.cpp:29] DecreaseCounter constructing_actor_cnt, current val is 367
I1013 15:49:59.993399 44021 naive_actor.cpp:25] actor 2199025352705 switch to &NaiveActor::HandlerNormal
I1013 15:49:59.993413 44012 esac_actor.cpp:73] actor 1099614388321 switch to &EsacActor::HandlerNormal
I1013 15:49:59.993449 44021 thread.cpp:96] Thread 1048577 construct Actor kCopyHd 2199025352705
I1013 15:49:59.993485 44012 thread.cpp:96] Thread 524337 construct Actor kEsac 1099614388321
I1013 15:49:59.993541 44021 runtime_context.cpp:29] DecreaseCounter constructing_actor_cnt, current val is 366
I1013 15:49:59.993589 44012 runtime_context.cpp:29] DecreaseCounter constructing_actor_cnt, current val is 365
I1013 15:49:59.993739 44021 naive_actor.cpp:25] actor 2199025352709 switch to &NaiveActor::HandlerNormal
I1013 15:49:59.993780 44021 thread.cpp:96] Thread 1048577 construct Actor kCopyHd 2199025352709
I1013 15:49:59.993832 44021 runtime_context.cpp:29] DecreaseCounter constructing_actor_cnt, current val is 364
I1013 15:49:59.993886 44012 naive_actor.cpp:25] actor 1099614388239 switch to &NaiveActor::HandlerNormal
I1013 15:49:59.993907 44019 naive_actor.cpp:25] actor 2199023255579 switch to &NaiveActor::HandlerNormal
I1013 15:49:59.993927 44012 thread.cpp:96] Thread 524337 construct Actor kTick 1099614388239
I1013 15:49:59.993973 44021 naive_actor.cpp:25] actor 2199025352710 switch to &NaiveActor::HandlerNormal
I1013 15:49:59.993976 44019 thread.cpp:96] Thread 1048576 construct Actor kNormalForward 2199023255579
I1013 15:49:59.994035 44012 runtime_context.cpp:29] DecreaseCounter constructing_actor_cnt, current val is 363
I1013 15:49:59.994038 44021 thread.cpp:96] Thread 1048577 construct Actor kCopyHd 2199025352710
I1013 15:49:59.994118 44019 runtime_context.cpp:29] DecreaseCounter constructing_actor_cnt, current val is 362
I1013 15:49:59.994141 44021 runtime_context.cpp:29] DecreaseCounter constructing_actor_cnt, current val is 361
I1013 15:49:59.994375 44012 naive_actor.cpp:25] actor 1099614388229 switch to &NaiveActor::HandlerNormal
I1013 15:49:59.994415 44012 thread.cpp:96] Thread 524337 construct Actor kDstSubsetTick 1099614388229
I1013 15:49:59.994474 44012 runtime_context.cpp:29] DecreaseCounter constructing_actor_cnt, current val is 360
I1013 15:49:59.994535 44019 naive_actor.cpp:25] actor 2199023255582 switch to &NaiveActor::HandlerNormal
I1013 15:49:59.994599 44019 thread.cpp:96] Thread 1048576 construct Actor kNormalForward 2199023255582
I1013 15:49:59.994684 44019 runtime_context.cpp:29] DecreaseCounter constructing_actor_cnt, current val is 359
I1013 15:49:59.994735 44012 naive_actor.cpp:25] actor 1099614388315 switch to &NaiveActor::HandlerNormal
I1013 15:49:59.994773 44012 thread.cpp:96] Thread 524337 construct Actor kTick 1099614388315
I1013 15:49:59.994829 44012 runtime_context.cpp:29] DecreaseCounter constructing_actor_cnt, current val is 358
I1013 15:49:59.995040 44019 naive_actor.cpp:25] actor 2199023255584 switch to &NaiveActor::HandlerNormal
I1013 15:49:59.995074 44012 naive_actor.cpp:25] actor 1099614388234 switch to &NaiveActor::HandlerNormal
I1013 15:49:59.995119 44019 thread.cpp:96] Thread 1048576 construct Actor kNormalForward 2199023255584
I1013 15:49:59.995148 44012 thread.cpp:96] Thread 524337 construct Actor kSrcSubsetTick 1099614388234
I1013 15:49:59.995236 44019 runtime_context.cpp:29] DecreaseCounter constructing_actor_cnt, current val is 357
I1013 15:49:59.995236 44012 runtime_context.cpp:29] DecreaseCounter constructing_actor_cnt, current val is 356
I1013 15:49:59.995522 44012 naive_actor.cpp:25] actor 1099614388225 switch to &NaiveActor::HandlerNormal
I1013 15:49:59.995560 44012 thread.cpp:96] Thread 524337 construct Actor kSrcSubsetTick 1099614388225
I1013 15:49:59.995616 44012 runtime_context.cpp:29] DecreaseCounter constructing_actor_cnt, current val is 355
I1013 15:49:59.995679 44019 naive_actor.cpp:25] actor 2199023255589 switch to &NaiveActor::HandlerNormal
I1013 15:49:59.995731 44019 thread.cpp:96] Thread 1048576 construct Actor kNormalForward 2199023255589
I1013 15:49:59.995899 44012 naive_actor.cpp:25] actor 1099614388231 switch to &NaiveActor::HandlerNormal
I1013 15:49:59.995942 44012 thread.cpp:96] Thread 524337 construct Actor kTick 1099614388231
I1013 15:49:59.995955 44019 runtime_context.cpp:29] DecreaseCounter constructing_actor_cnt, current val is 354
I1013 15:49:59.995993 44012 runtime_context.cpp:29] DecreaseCounter constructing_actor_cnt, current val is 353
I1013 15:49:59.996224 44012 naive_actor.cpp:25] actor 1099614388232 switch to &NaiveActor::HandlerNormal
I1013 15:49:59.996259 44012 thread.cpp:96] Thread 524337 construct Actor kTick 1099614388232
I1013 15:49:59.996313 44012 runtime_context.cpp:29] DecreaseCounter constructing_actor_cnt, current val is 352
I1013 15:49:59.996538 44012 naive_actor.cpp:25] actor 1099614388228 switch to &NaiveActor::HandlerNormal
I1013 15:49:59.996587 44012 thread.cpp:96] Thread 524337 construct Actor kTick 1099614388228
I1013 15:49:59.996639 44012 runtime_context.cpp:29] DecreaseCounter constructing_actor_cnt, current val is 351
I1013 15:49:59.996831 44019 naive_actor.cpp:25] actor 2199023255586 switch to &NaiveActor::HandlerNormal
I1013 15:49:59.996886 44019 thread.cpp:96] Thread 1048576 construct Actor kNormalForward 2199023255586
I1013 15:49:59.996903 44012 naive_actor.cpp:25] actor 1099614388238 switch to &NaiveActor::HandlerNormal
I1013 15:49:59.996951 44012 thread.cpp:96] Thread 524337 construct Actor kTick 1099614388238
I1013 15:49:59.996970 44019 runtime_context.cpp:29] DecreaseCounter constructing_actor_cnt, current val is 350
I1013 15:49:59.997002 44012 runtime_context.cpp:29] DecreaseCounter constructing_actor_cnt, current val is 349
I1013 15:49:59.997251 44012 naive_actor.cpp:25] actor 1099614388237 switch to &NaiveActor::HandlerNormal
I1013 15:49:59.997287 44012 thread.cpp:96] Thread 524337 construct Actor kDstSubsetTick 1099614388237
I1013 15:49:59.997341 44012 runtime_context.cpp:29] DecreaseCounter constructing_actor_cnt, current val is 348
I1013 15:49:59.997598 44012 naive_actor.cpp:25] actor 1099614388236 switch to &NaiveActor::HandlerNormal
I1013 15:49:59.997634 44012 thread.cpp:96] Thread 524337 construct Actor kTick 1099614388236
I1013 15:49:59.997685 44012 runtime_context.cpp:29] DecreaseCounter constructing_actor_cnt, current val is 347
I1013 15:49:59.997947 44012 naive_actor.cpp:25] actor 1099614388245 switch to &NaiveActor::HandlerNormal
I1013 15:49:59.997987 44012 thread.cpp:96] Thread 524337 construct Actor kTick 1099614388245
I1013 15:49:59.998036 44012 runtime_context.cpp:29] DecreaseCounter constructing_actor_cnt, current val is 346
I1013 15:49:59.998113 44019 naive_actor.cpp:25] actor 2199023255588 switch to &NaiveActor::HandlerNormal
I1013 15:49:59.998167 44019 thread.cpp:96] Thread 1048576 construct Actor kNormalForward 2199023255588
I1013 15:49:59.998247 44019 runtime_context.cpp:29] DecreaseCounter constructing_actor_cnt, current val is 345
I1013 15:49:59.998282 44012 naive_actor.cpp:25] actor 1099614388241 switch to &NaiveActor::HandlerNormal
I1013 15:49:59.998317 44012 thread.cpp:96] Thread 524337 construct Actor kDeviceTick 1099614388241
I1013 15:49:59.998370 44012 runtime_context.cpp:29] DecreaseCounter constructing_actor_cnt, current val is 344
I1013 15:49:59.998631 44012 naive_actor.cpp:25] actor 1099614388240 switch to &NaiveActor::HandlerNormal
I1013 15:49:59.998665 44012 thread.cpp:96] Thread 524337 construct Actor kTick 1099614388240
I1013 15:49:59.998713 44012 runtime_context.cpp:29] DecreaseCounter constructing_actor_cnt, current val is 343
I1013 15:49:59.999001 44012 naive_actor.cpp:25] actor 1099614388242 switch to &NaiveActor::HandlerNormal
I1013 15:49:59.999038 44012 thread.cpp:96] Thread 524337 construct Actor kSrcSubsetTick 1099614388242
I1013 15:49:59.999090 44012 runtime_context.cpp:29] DecreaseCounter constructing_actor_cnt, current val is 342
I1013 15:49:59.999166 44019 naive_actor.cpp:25] actor 2199023255565 switch to &NaiveActor::HandlerNormal
I1013 15:49:59.999215 44019 thread.cpp:96] Thread 1048576 construct Actor kNormalForward 2199023255565
I1013 15:49:59.999346 44012 naive_actor.cpp:25] actor 1099614388306 switch to &NaiveActor::HandlerNormal
I1013 15:49:59.999347 44019 runtime_context.cpp:29] DecreaseCounter constructing_actor_cnt, current val is 341
I1013 15:49:59.999390 44012 thread.cpp:96] Thread 524337 construct Actor kTick 1099614388306
I1013 15:49:59.999469 44012 runtime_context.cpp:29] DecreaseCounter constructing_actor_cnt, current val is 340
I1013 15:50:00.000020 44012 naive_actor.cpp:25] actor 1099614388246 switch to &NaiveActor::HandlerNormal
I1013 15:50:00.000116 44012 thread.cpp:96] Thread 524337 construct Actor kDstSubsetTick 1099614388246
I1013 15:50:00.000207 44012 runtime_context.cpp:29] DecreaseCounter constructing_actor_cnt, current val is 339
I1013 15:50:00.000577 44012 naive_actor.cpp:25] actor 1099614388248 switch to &NaiveActor::HandlerNormal
I1013 15:50:00.000627 44012 thread.cpp:96] Thread 524337 construct Actor kTick 1099614388248
I1013 15:50:00.000697 44012 runtime_context.cpp:29] DecreaseCounter constructing_actor_cnt, current val is 338
I1013 15:50:00.000824 44019 naive_actor.cpp:25] actor 2199023255594 switch to &NaiveActor::HandlerNormal
I1013 15:50:00.000880 44019 thread.cpp:96] Thread 1048576 construct Actor kNormalForward 2199023255594
I1013 15:50:00.000962 44019 runtime_context.cpp:29] DecreaseCounter constructing_actor_cnt, current val is 337
I1013 15:50:00.001088 44012 naive_actor.cpp:25] actor 1099614388247 switch to &NaiveActor::HandlerNormal
I1013 15:50:00.001143 44012 thread.cpp:96] Thread 524337 construct Actor kTick 1099614388247
I1013 15:50:00.001216 44012 runtime_context.cpp:29] DecreaseCounter constructing_actor_cnt, current val is 336
I1013 15:50:00.001551 44012 naive_actor.cpp:25] actor 1099614388257 switch to &NaiveActor::HandlerNormal
I1013 15:50:00.001613 44012 thread.cpp:96] Thread 524337 construct Actor kTick 1099614388257
I1013 15:50:00.001672 44012 runtime_context.cpp:29] DecreaseCounter constructing_actor_cnt, current val is 335
I1013 15:50:00.002013 44019 naive_actor.cpp:25] actor 2199023255613 switch to &NaiveActor::HandlerNormal
I1013 15:50:00.002028 44012 naive_actor.cpp:25] actor 1099614388249 switch to &NaiveActor::HandlerNormal
I1013 15:50:00.002077 44019 thread.cpp:96] Thread 1048576 construct Actor kNormalForward 2199023255613
I1013 15:50:00.002116 44012 thread.cpp:96] Thread 524337 construct Actor kTick 1099614388249
I1013 15:50:00.002210 44019 runtime_context.cpp:29] DecreaseCounter constructing_actor_cnt, current val is 334
I1013 15:50:00.002219 44012 runtime_context.cpp:29] DecreaseCounter constructing_actor_cnt, current val is 333
I1013 15:50:00.002535 44019 naive_actor.cpp:25] actor 2199023255563 switch to &NaiveActor::HandlerNormal
I1013 15:50:00.002599 44019 thread.cpp:96] Thread 1048576 construct Actor kNormalForward 2199023255563
I1013 15:50:00.002681 44019 runtime_context.cpp:29] DecreaseCounter constructing_actor_cnt, current val is 332
I1013 15:50:00.002918 44012 esac_actor.cpp:73] actor 1099614388313 switch to &EsacActor::HandlerNormal
I1013 15:50:00.003008 44012 thread.cpp:96] Thread 524337 construct Actor kEsac 1099614388313
I1013 15:50:00.003024 44019 naive_actor.cpp:25] actor 2199023255568 switch to &NaiveActor::HandlerNormal
I1013 15:50:00.003087 44019 thread.cpp:96] Thread 1048576 construct Actor kNormalForward 2199023255568
I1013 15:50:00.003119 44012 runtime_context.cpp:29] DecreaseCounter constructing_actor_cnt, current val is 331
I1013 15:50:00.003158 44019 runtime_context.cpp:29] DecreaseCounter constructing_actor_cnt, current val is 330
I1013 15:50:00.003487 44012 naive_actor.cpp:25] actor 1099614388254 switch to &NaiveActor::HandlerNormal
I1013 15:50:00.003544 44012 thread.cpp:96] Thread 524337 construct Actor kTick 1099614388254
I1013 15:50:00.003628 44012 runtime_context.cpp:29] DecreaseCounter constructing_actor_cnt, current val is 329
I1013 15:50:00.003962 44012 naive_actor.cpp:25] actor 1099614388255 switch to &NaiveActor::HandlerNormal
I1013 15:50:00.004022 44012 thread.cpp:96] Thread 524337 construct Actor kDstSubsetTick 1099614388255
I1013 15:50:00.004144 44012 runtime_context.cpp:29] DecreaseCounter constructing_actor_cnt, current val is 328
I1013 15:50:00.004379 44012 naive_actor.cpp:25] actor 1099614388251 switch to &NaiveActor::HandlerNormal
I1013 15:50:00.004412 44012 thread.cpp:96] Thread 524337 construct Actor kSrcSubsetTick 1099614388251
I1013 15:50:00.004458 44012 runtime_context.cpp:29] DecreaseCounter constructing_actor_cnt, current val is 327
I1013 15:50:00.004518 44019 naive_actor.cpp:25] actor 2199023255587 switch to &NaiveActor::HandlerNormal
I1013 15:50:00.004580 44019 thread.cpp:96] Thread 1048576 construct Actor kNormalForward 2199023255587
I1013 15:50:00.004667 44019 runtime_context.cpp:29] DecreaseCounter constructing_actor_cnt, current val is 326
I1013 15:50:00.004717 44012 naive_actor.cpp:25] actor 1099614388250 switch to &NaiveActor::HandlerNormal
I1013 15:50:00.004755 44012 thread.cpp:96] Thread 524337 construct Actor kDeviceTick 1099614388250
I1013 15:50:00.004801 44012 runtime_context.cpp:29] DecreaseCounter constructing_actor_cnt, current val is 325
I1013 15:50:00.005036 44012 naive_actor.cpp:25] actor 1099614388256 switch to &NaiveActor::HandlerNormal
I1013 15:50:00.005070 44012 thread.cpp:96] Thread 524337 construct Actor kTick 1099614388256
I1013 15:50:00.005091 44019 naive_actor.cpp:25] actor 2199023255553 switch to &NaiveActor::HandlerNormal
I1013 15:50:00.005125 44012 runtime_context.cpp:29] DecreaseCounter constructing_actor_cnt, current val is 324
I1013 15:50:00.005141 44019 thread.cpp:96] Thread 1048576 construct Actor kNormalForward 2199023255553
I1013 15:50:00.005240 44019 runtime_context.cpp:29] DecreaseCounter constructing_actor_cnt, current val is 323
I1013 15:50:00.005442 44012 naive_actor.cpp:25] actor 1099614388264 switch to &NaiveActor::HandlerNormal
I1013 15:50:00.005476 44012 thread.cpp:96] Thread 524337 construct Actor kDstSubsetTick 1099614388264
I1013 15:50:00.005525 44012 runtime_context.cpp:29] DecreaseCounter constructing_actor_cnt, current val is 322
I1013 15:50:00.005779 44012 naive_actor.cpp:25] actor 1099614388258 switch to &NaiveActor::HandlerNormal
I1013 15:50:00.005812 44012 thread.cpp:96] Thread 524337 construct Actor kTick 1099614388258
I1013 15:50:00.005861 44012 runtime_context.cpp:29] DecreaseCounter constructing_actor_cnt, current val is 321
I1013 15:50:00.006098 44012 naive_actor.cpp:25] actor 1099614388259 switch to &NaiveActor::HandlerNormal
I1013 15:50:00.006107 44019 naive_actor.cpp:25] actor 2199023255593 switch to &NaiveActor::HandlerNormal
I1013 15:50:00.006140 44012 thread.cpp:96] Thread 524337 construct Actor kDeviceTick 1099614388259
I1013 15:50:00.006182 44019 thread.cpp:96] Thread 1048576 construct Actor kNormalForward 2199023255593
I1013 15:50:00.006222 44012 runtime_context.cpp:29] DecreaseCounter constructing_actor_cnt, current val is 320
I1013 15:50:00.006273 44019 runtime_context.cpp:29] DecreaseCounter constructing_actor_cnt, current val is 319
I1013 15:50:00.006470 44012 naive_actor.cpp:25] actor 1099614388260 switch to &NaiveActor::HandlerNormal
I1013 15:50:00.006505 44012 thread.cpp:96] Thread 524337 construct Actor kSrcSubsetTick 1099614388260
I1013 15:50:00.006553 44012 runtime_context.cpp:29] DecreaseCounter constructing_actor_cnt, current val is 318
I1013 15:50:00.006776 44012 naive_actor.cpp:25] actor 1099614388263 switch to &NaiveActor::HandlerNormal
I1013 15:50:00.006810 44012 thread.cpp:96] Thread 524337 construct Actor kTick 1099614388263
I1013 15:50:00.006855 44012 runtime_context.cpp:29] DecreaseCounter constructing_actor_cnt, current val is 317
I1013 15:50:00.007068 44012 naive_actor.cpp:25] actor 1099614388265 switch to &NaiveActor::HandlerNormal
I1013 15:50:00.007102 44012 thread.cpp:96] Thread 524337 construct Actor kTick 1099614388265
I1013 15:50:00.007148 44012 runtime_context.cpp:29] DecreaseCounter constructing_actor_cnt, current val is 316
I1013 15:50:00.007290 44019 naive_actor.cpp:25] actor 2199023255576 switch to &NaiveActor::HandlerNormal
I1013 15:50:00.007344 44019 thread.cpp:96] Thread 1048576 construct Actor kNormalForward 2199023255576
I1013 15:50:00.007398 44012 naive_actor.cpp:25] actor 1099614388266 switch to &NaiveActor::HandlerNormal
I1013 15:50:00.007448 44012 thread.cpp:96] Thread 524337 construct Actor kTick 1099614388266
I1013 15:50:00.007491 44019 runtime_context.cpp:29] DecreaseCounter constructing_actor_cnt, current val is 315
I1013 15:50:00.007519 44012 runtime_context.cpp:29] DecreaseCounter constructing_actor_cnt, current val is 314
I1013 15:50:00.007534 43990 naive_actor.cpp:25] actor 1099511627776 switch to &NaiveActor::HandlerNormal
I1013 15:50:00.007613 43990 thread.cpp:96] Thread 524288 construct Actor kNormalForward 1099511627776
I1013 15:50:00.007702 43990 runtime_context.cpp:29] DecreaseCounter constructing_actor_cnt, current val is 313
I1013 15:50:00.007776 44012 naive_actor.cpp:25] actor 1099614388267 switch to &NaiveActor::HandlerNormal
I1013 15:50:00.007808 44012 thread.cpp:96] Thread 524337 construct Actor kDeviceTick 1099614388267
I1013 15:50:00.007853 44012 runtime_context.cpp:29] DecreaseCounter constructing_actor_cnt, current val is 312
I1013 15:50:00.007860 44019 naive_actor.cpp:25] actor 2199023255557 switch to &NaiveActor::HandlerNormal
I1013 15:50:00.007911 44019 thread.cpp:96] Thread 1048576 construct Actor kNormalForward 2199023255557
I1013 15:50:00.007979 44019 runtime_context.cpp:29] DecreaseCounter constructing_actor_cnt, current val is 311
I1013 15:50:00.008064 44012 naive_actor.cpp:25] actor 1099614388308 switch to &NaiveActor::HandlerNormal
I1013 15:50:00.008096 44012 thread.cpp:96] Thread 524337 construct Actor kTick 1099614388308
I1013 15:50:00.008141 44012 runtime_context.cpp:29] DecreaseCounter constructing_actor_cnt, current val is 310
I1013 15:50:00.008340 44012 naive_actor.cpp:25] actor 1099614388281 switch to &NaiveActor::HandlerNormal
I1013 15:50:00.008375 44012 thread.cpp:96] Thread 524337 construct Actor kTick 1099614388281
I1013 15:50:00.008419 44012 runtime_context.cpp:29] DecreaseCounter constructing_actor_cnt, current val is 309
I1013 15:50:00.008654 44012 naive_actor.cpp:25] actor 1099614388280 switch to &NaiveActor::HandlerNormal
I1013 15:50:00.008688 44012 thread.cpp:96] Thread 524337 construct Actor kDstSubsetTick 1099614388280
I1013 15:50:00.008734 44012 runtime_context.cpp:29] DecreaseCounter constructing_actor_cnt, current val is 308
I1013 15:50:00.008800 44019 naive_actor.cpp:25] actor 2199023255583 switch to &NaiveActor::HandlerNormal
I1013 15:50:00.008847 44019 thread.cpp:96] Thread 1048576 construct Actor kNormalForward 2199023255583
I1013 15:50:00.008924 44019 runtime_context.cpp:29] DecreaseCounter constructing_actor_cnt, current val is 307
I1013 15:50:00.008942 44012 naive_actor.cpp:25] actor 1099614388274 switch to &NaiveActor::HandlerNormal
I1013 15:50:00.008980 44012 thread.cpp:96] Thread 524337 construct Actor kTick 1099614388274
I1013 15:50:00.009022 44012 runtime_context.cpp:29] DecreaseCounter constructing_actor_cnt, current val is 306
I1013 15:50:00.009232 44012 naive_actor.cpp:25] actor 1099614388320 switch to &NaiveActor::HandlerNormal
I1013 15:50:00.009265 44012 thread.cpp:96] Thread 524337 construct Actor kTick 1099614388320
I1013 15:50:00.009308 44012 runtime_context.cpp:29] DecreaseCounter constructing_actor_cnt, current val is 305
I1013 15:50:00.009521 44012 naive_actor.cpp:25] actor 1099614388271 switch to &NaiveActor::HandlerNormal
I1013 15:50:00.009552 44012 thread.cpp:96] Thread 524337 construct Actor kTick 1099614388271
I1013 15:50:00.009601 44012 runtime_context.cpp:29] DecreaseCounter constructing_actor_cnt, current val is 304
I1013 15:50:00.009773 44019 naive_actor.cpp:25] actor 2199023255560 switch to &NaiveActor::HandlerNormal
I1013 15:50:00.009802 44012 naive_actor.cpp:25] actor 1099614388273 switch to &NaiveActor::HandlerNormal
I1013 15:50:00.009824 44019 thread.cpp:96] Thread 1048576 construct Actor kNormalForward 2199023255560
I1013 15:50:00.009850 44012 thread.cpp:96] Thread 524337 construct Actor kTick 1099614388273
I1013 15:50:00.009923 44012 runtime_context.cpp:29] DecreaseCounter constructing_actor_cnt, current val is 303
I1013 15:50:00.009930 44019 runtime_context.cpp:29] DecreaseCounter constructing_actor_cnt, current val is 302
I1013 15:50:00.010210 44012 naive_actor.cpp:25] actor 1099614388277 switch to &NaiveActor::HandlerNormal
I1013 15:50:00.010247 44012 thread.cpp:96] Thread 524337 construct Actor kSrcSubsetTick 1099614388277
I1013 15:50:00.010293 44012 runtime_context.cpp:29] DecreaseCounter constructing_actor_cnt, current val is 301
I1013 15:50:00.010491 44012 naive_actor.cpp:25] actor 1099614388268 switch to &NaiveActor::HandlerNormal
I1013 15:50:00.010525 44012 thread.cpp:96] Thread 524337 construct Actor kSrcSubsetTick 1099614388268
I1013 15:50:00.010576 44012 runtime_context.cpp:29] DecreaseCounter constructing_actor_cnt, current val is 300
I1013 15:50:00.010792 44012 naive_actor.cpp:25] actor 1099614388275 switch to &NaiveActor::HandlerNormal
I1013 15:50:00.010824 44012 thread.cpp:96] Thread 524337 construct Actor kTick 1099614388275
I1013 15:50:00.010869 44012 runtime_context.cpp:29] DecreaseCounter constructing_actor_cnt, current val is 299
I1013 15:50:00.011003 44019 naive_actor.cpp:25] actor 2199023255558 switch to &NaiveActor::HandlerNormal
I1013 15:50:00.011051 44019 thread.cpp:96] Thread 1048576 construct Actor kNormalForward 2199023255558
I1013 15:50:00.011078 44012 naive_actor.cpp:25] actor 1099614388282 switch to &NaiveActor::HandlerNormal
I1013 15:50:00.011109 44012 thread.cpp:96] Thread 524337 construct Actor kTick 1099614388282
I1013 15:50:00.011126 44019 runtime_context.cpp:29] DecreaseCounter constructing_actor_cnt, current val is 298
I1013 15:50:00.011152 44012 runtime_context.cpp:29] DecreaseCounter constructing_actor_cnt, current val is 297
I1013 15:50:00.011382 44012 naive_actor.cpp:25] actor 1099614388272 switch to &NaiveActor::HandlerNormal
I1013 15:50:00.011416 44012 thread.cpp:96] Thread 524337 construct Actor kDstSubsetTick 1099614388272
I1013 15:50:00.011462 44012 runtime_context.cpp:29] DecreaseCounter constructing_actor_cnt, current val is 296
I1013 15:50:00.011673 44012 naive_actor.cpp:25] actor 1099614388279 switch to &NaiveActor::HandlerNormal
I1013 15:50:00.011705 44012 thread.cpp:96] Thread 524337 construct Actor kTick 1099614388279
I1013 15:50:00.011749 44012 runtime_context.cpp:29] DecreaseCounter constructing_actor_cnt, current val is 295
I1013 15:50:00.011950 44012 naive_actor.cpp:25] actor 1099614388292 switch to &NaiveActor::HandlerNormal
I1013 15:50:00.011991 44012 thread.cpp:96] Thread 524337 construct Actor kTick 1099614388292
I1013 15:50:00.011993 44019 naive_actor.cpp:25] actor 2199023255567 switch to &NaiveActor::HandlerNormal
I1013 15:50:00.012038 44012 runtime_context.cpp:29] DecreaseCounter constructing_actor_cnt, current val is 294
I1013 15:50:00.012053 44019 thread.cpp:96] Thread 1048576 construct Actor kNormalForward 2199023255567
I1013 15:50:00.012141 44019 runtime_context.cpp:29] DecreaseCounter constructing_actor_cnt, current val is 293
I1013 15:50:00.012271 44012 naive_actor.cpp:25] actor 1099614388295 switch to &NaiveActor::HandlerNormal
I1013 15:50:00.012305 44012 thread.cpp:96] Thread 524337 construct Actor kTick 1099614388295
I1013 15:50:00.012349 44012 runtime_context.cpp:29] DecreaseCounter constructing_actor_cnt, current val is 292
I1013 15:50:00.012544 44012 naive_actor.cpp:25] actor 1099614388296 switch to &NaiveActor::HandlerNormal
I1013 15:50:00.012583 44012 thread.cpp:96] Thread 524337 construct Actor kTick 1099614388296
I1013 15:50:00.012630 44012 runtime_context.cpp:29] DecreaseCounter constructing_actor_cnt, current val is 291
I1013 15:50:00.012868 44012 naive_actor.cpp:25] actor 1099614388290 switch to &NaiveActor::HandlerNormal
I1013 15:50:00.012902 44012 thread.cpp:96] Thread 524337 construct Actor kTick 1099614388290
I1013 15:50:00.012955 44012 runtime_context.cpp:29] DecreaseCounter constructing_actor_cnt, current val is 290
I1013 15:50:00.012989 44019 naive_actor.cpp:25] actor 2199023255592 switch to &NaiveActor::HandlerNormal
I1013 15:50:00.013043 44019 thread.cpp:96] Thread 1048576 construct Actor kNormalForward 2199023255592
I1013 15:50:00.013159 44019 runtime_context.cpp:29] DecreaseCounter constructing_actor_cnt, current val is 289
I1013 15:50:00.013190 44012 naive_actor.cpp:25] actor 1099614388285 switch to &NaiveActor::HandlerNormal
I1013 15:50:00.013248 44012 thread.cpp:96] Thread 524337 construct Actor kTick 1099614388285
I1013 15:50:00.013293 44012 runtime_context.cpp:29] DecreaseCounter constructing_actor_cnt, current val is 288
I1013 15:50:00.013489 44012 naive_actor.cpp:25] actor 1099614388289 switch to &NaiveActor::HandlerNormal
I1013 15:50:00.013520 44012 thread.cpp:96] Thread 524337 construct Actor kTick 1099614388289
I1013 15:50:00.013562 44012 runtime_context.cpp:29] DecreaseCounter constructing_actor_cnt, current val is 287
I1013 15:50:00.013828 44012 reentrant_lock_actor.cpp:76] actor 1099614388283 switch to &ReentrantLockActor::HandlerNormal
I1013 15:50:00.013862 44012 thread.cpp:96] Thread 524337 construct Actor kReentrantLock 1099614388283
I1013 15:50:00.013906 44012 runtime_context.cpp:29] DecreaseCounter constructing_actor_cnt, current val is 286
I1013 15:50:00.014086 44019 naive_actor.cpp:25] actor 2199023255554 switch to &NaiveActor::HandlerNormal
I1013 15:50:00.014111 44012 naive_actor.cpp:25] actor 1099614388287 switch to &NaiveActor::HandlerNormal
I1013 15:50:00.014137 44019 thread.cpp:96] Thread 1048576 construct Actor kNormalForward 2199023255554
I1013 15:50:00.014159 44012 thread.cpp:96] Thread 524337 construct Actor kTick 1099614388287
I1013 15:50:00.014233 44012 runtime_context.cpp:29] DecreaseCounter constructing_actor_cnt, current val is 285
I1013 15:50:00.014242 44019 runtime_context.cpp:29] DecreaseCounter constructing_actor_cnt, current val is 284
I1013 15:50:00.014447 44012 naive_actor.cpp:25] actor 1099614388291 switch to &NaiveActor::HandlerNormal
I1013 15:50:00.014479 44012 thread.cpp:96] Thread 524337 construct Actor kTick 1099614388291
I1013 15:50:00.014521 44012 runtime_context.cpp:29] DecreaseCounter constructing_actor_cnt, current val is 283
I1013 15:50:00.014729 44012 naive_actor.cpp:25] actor 1099614388297 switch to &NaiveActor::HandlerNormal
I1013 15:50:00.014762 44012 thread.cpp:96] Thread 524337 construct Actor kTick 1099614388297
I1013 15:50:00.014811 44012 runtime_context.cpp:29] DecreaseCounter constructing_actor_cnt, current val is 282
I1013 15:50:00.015008 44012 naive_actor.cpp:25] actor 1099614388294 switch to &NaiveActor::HandlerNormal
I1013 15:50:00.015043 44012 thread.cpp:96] Thread 524337 construct Actor kTick 1099614388294
I1013 15:50:00.015085 44012 runtime_context.cpp:29] DecreaseCounter constructing_actor_cnt, current val is 281
I1013 15:50:00.015153 44019 naive_actor.cpp:25] actor 2199023255571 switch to &NaiveActor::HandlerNormal
I1013 15:50:00.015202 44019 thread.cpp:96] Thread 1048576 construct Actor kNormalForward 2199023255571
I1013 15:50:00.015278 44019 runtime_context.cpp:29] DecreaseCounter constructing_actor_cnt, current val is 280
I1013 15:50:00.015492 44012 case_actor.cpp:76] actor 1099614388284 switch to &CaseActor::HandlerNormal
I1013 15:50:00.015528 44012 thread.cpp:96] Thread 524337 construct Actor kCase 1099614388284
I1013 15:50:00.015595 44012 runtime_context.cpp:29] DecreaseCounter constructing_actor_cnt, current val is 279
I1013 15:50:00.015810 44012 naive_actor.cpp:25] actor 1099614388293 switch to &NaiveActor::HandlerNormal
I1013 15:50:00.015844 44012 thread.cpp:96] Thread 524337 construct Actor kTick 1099614388293
I1013 15:50:00.015887 44012 runtime_context.cpp:29] DecreaseCounter constructing_actor_cnt, current val is 278
I1013 15:50:00.016081 44012 naive_actor.cpp:25] actor 1099614388286 switch to &NaiveActor::HandlerNormal
I1013 15:50:00.016114 44012 thread.cpp:96] Thread 524337 construct Actor kTick 1099614388286
I1013 15:50:00.016156 44012 runtime_context.cpp:29] DecreaseCounter constructing_actor_cnt, current val is 277
I1013 15:50:00.016186 44019 naive_actor.cpp:25] actor 2199023255556 switch to &NaiveActor::HandlerNormal
I1013 15:50:00.016234 44019 thread.cpp:96] Thread 1048576 construct Actor kNormalForward 2199023255556
I1013 15:50:00.016326 44019 runtime_context.cpp:29] DecreaseCounter constructing_actor_cnt, current val is 276
I1013 15:50:00.016386 44012 naive_actor.cpp:25] actor 1099614388288 switch to &NaiveActor::HandlerNormal
I1013 15:50:00.016474 44012 thread.cpp:96] Thread 524337 construct Actor kTick 1099614388288
I1013 15:50:00.016575 44012 runtime_context.cpp:29] DecreaseCounter constructing_actor_cnt, current val is 275
I1013 15:50:00.016780 44012 naive_actor.cpp:25] actor 1099614388298 switch to &NaiveActor::HandlerNormal
I1013 15:50:00.016815 44012 thread.cpp:96] Thread 524337 construct Actor kTick 1099614388298
I1013 15:50:00.016856 44012 runtime_context.cpp:29] DecreaseCounter constructing_actor_cnt, current val is 274
I1013 15:50:00.017058 44012 naive_actor.cpp:25] actor 1099614388303 switch to &NaiveActor::HandlerNormal
