Log file created at: 2021/10/13 15:26:02
Running on machine: oneflow-14
Log line format: [IWEF]mmdd hh:mm:ss.uuuuuu threadid file:line] msg
I1013 15:26:02.602126 20929 global.h:36] NewGlobal 14cudaDeviceProp
I1013 15:26:02.603636 20929 global.h:36] NewGlobal N7oneflow7EnvDescE
I1013 15:26:02.603658 20929 global.h:36] NewGlobal N7oneflow10ProcessCtxE
I1013 15:26:02.603667 20929 env_global_objects_scope.cpp:152] using rpc backend: local
I1013 15:26:02.603696 20929 global.h:36] NewGlobal N7oneflow12ResourceDescE
I1013 15:26:02.603708 20929 global.h:36] NewGlobal N7oneflow12ResourceDescE
I1013 15:26:02.667284 20929 global.h:36] NewGlobal N7oneflow10ThreadPoolE
I1013 15:26:02.668494 20929 global.h:36] NewGlobal N7oneflow16EagerNcclCommMgrE
I1013 15:26:02.668511 20929 global.h:36] NewGlobal N7oneflow18CudnnConvAlgoCacheE
I1013 15:26:02.668521 20929 global.h:36] NewGlobal N7oneflow2vm19VirtualMachineScopeE
I1013 15:26:02.668530 20929 global.h:36] NewGlobal N7oneflow9OneflowVME
I1013 15:26:02.669425 20929 oneflow_vm.cpp:75] transport stream type: N7oneflow2vm13CpuStreamTypeE
I1013 15:26:02.669445 20929 oneflow_vm.cpp:75] transport stream type: N7oneflow2vm14CudaStreamTypeE
I1013 15:26:02.669453 20929 oneflow_vm.cpp:75] transport stream type: N7oneflow2vm19AsyncCudaStreamTypeE
I1013 15:26:02.669597 20929 global.h:36] NewGlobal N7oneflow27EagerJobBuildAndInferCtxMgrE
I1013 15:26:02.669613 20929 global.h:36] NewGlobal N7oneflow12EpollCommNetE
I1013 15:26:02.669751 20929 epoll_comm_network.cpp:63] CommNet:Epoll listening on 0.0.0.0:37986
I1013 15:26:02.669792 20929 epoll_comm_network.cpp:197] machine 0 sockfd -1
I1013 15:26:02.669903 20929 global.h:36] NewGlobal N7oneflow9TransportE
I1013 15:26:02.671658 20929 global.h:43] DeleteGlobal N7oneflow12ResourceDescE
I1013 15:26:02.671694 20929 version.cpp:22] OneFlow git version: b295ca2324
I1013 15:26:02.671713 20929 device_register_gpu.cpp:56] CUDA runtime version: 11.2
I1013 15:26:02.671736 20929 device_register_gpu.cpp:65] cuDNN version: 8.1.1
I1013 15:26:02.671748 20929 device_register_gpu.cpp:78] NCCL version: 2.9.8
I1013 15:26:02.671758 20929 global.h:36] NewGlobal N7oneflow12ResourceDescE
I1013 15:26:02.671768 20929 global.h:36] NewGlobal N7oneflow5IDMgrE
I1013 15:26:02.671777 20929 global.h:36] NewGlobal N7oneflow16AvailableMemDescE
I1013 15:26:02.671803 20929 global.h:36] NewGlobal St13unordered_mapISslSt4hashISsESt8equal_toISsESaISt4pairIKSslEEE
I1013 15:26:02.671813 20929 global.h:36] NewGlobal N7oneflow19CriticalSectionDescE
I1013 15:26:02.671820 20929 global.h:36] NewGlobal N7oneflow16InterUserJobInfoE
I1013 15:26:02.671830 20929 global.h:36] NewGlobal N7oneflow26LazyJobBuildAndInferCtxMgrE
I1013 15:26:02.671838 20929 global.h:36] NewGlobal N7oneflow16JobSetCompileCtxE
I1013 15:26:02.671847 20929 global.h:36] NewGlobal N7oneflow26RuntimeBufferManagersScopeE
I1013 15:26:02.671855 20929 global.h:36] NewGlobal N7oneflow9BufferMgrIlEE
I1013 15:26:02.671864 20929 global.h:36] NewGlobal N7oneflow9BufferMgrISt10shared_ptrINS_11JobInstanceEEEE
I1013 15:26:02.671872 20929 global.h:36] NewGlobal N7oneflow10RuntimeCtxE
I1013 15:26:02.671880 20929 global.h:36] NewGlobal N7oneflow15MemoryAllocatorE
I1013 15:26:02.671887 20929 global.h:36] NewGlobal N7oneflow8ChunkMgrE
I1013 15:26:02.671895 20929 global.h:36] NewGlobal N7oneflow8RegstMgrE
I1013 15:26:02.671903 20929 global.h:36] NewGlobal N7oneflow11ActorMsgBusE
I1013 15:26:02.671911 20929 global.h:36] NewGlobal N7oneflow9ThreadMgrE
I1013 15:26:02.671919 20929 global.h:36] NewGlobal N7oneflow15RuntimeJobDescsE
I1013 15:26:02.671926 20929 global.h:36] NewGlobal N7oneflow7summary12EventsWriterE
I1013 15:26:02.671937 20929 global.h:36] NewGlobal N7oneflow6boxing10collective24CollectiveBoxingExecutorE
I1013 15:26:02.671945 20929 global.h:36] NewGlobal N7oneflow6boxing10collective31CollectiveBoxingDeviceCtxPollerE
I1013 15:26:02.672072 20929 session.h:77] NewGlobal N7oneflow25SessionGlobalObjectsScopeE
I1013 15:26:02.672905 20929 global.h:36] NewGlobal N7oneflow7JobDescE
I1013 15:26:03.139478 20929 global.h:43] DeleteGlobal N7oneflow7JobDescE
I1013 15:26:03.139748 20929 global.h:36] NewGlobal N7oneflow7JobDescE
I1013 15:26:03.143380 20929 global.h:36] NewGlobal N7oneflow7OpGraphE
I1013 15:26:03.148066 20929 global.h:43] DeleteGlobal N7oneflow7OpGraphE
I1013 15:26:03.345257 20929 global.h:43] DeleteGlobal N7oneflow7JobDescE
I1013 15:26:03.363782 20929 global.h:36] NewGlobal N7oneflow24InterJobReuseMemStrategyE
I1013 15:26:03.363807 20929 global.h:36] NewGlobal N7oneflow7OneflowE
I1013 15:26:03.376132 20929 global.h:36] NewGlobal N7oneflow7JobDescE
I1013 15:26:03.576726 20929 global.h:36] NewGlobal N7oneflow7OpGraphE
I1013 15:26:03.650254 20929 global.h:43] DeleteGlobal N7oneflow7OpGraphE
I1013 15:26:03.662355 20929 oneflow.cpp:210] 
job_id: 0 , job_name: train_job , compile time: 0.286129 seconds.
I1013 15:26:03.735826 20929 global.h:43] DeleteGlobal N7oneflow7JobDescE
I1013 15:26:03.736284 20929 global.h:36] NewGlobal N7oneflow7JobDescE
I1013 15:26:03.786940 20929 global.h:36] NewGlobal N7oneflow7OpGraphE
I1013 15:26:03.804448 20929 global.h:43] DeleteGlobal N7oneflow7OpGraphE
I1013 15:26:03.810525 20929 oneflow.cpp:210] 
job_id: 1 , job_name: System-ModelInit , compile time: 0.0738747 seconds.
I1013 15:26:03.832515 20929 global.h:43] DeleteGlobal N7oneflow7JobDescE
I1013 15:26:03.832584 20929 global.h:36] NewGlobal N7oneflow7JobDescE
I1013 15:26:03.901168 20929 global.h:36] NewGlobal N7oneflow7OpGraphE
I1013 15:26:03.921236 20929 global.h:43] DeleteGlobal N7oneflow7OpGraphE
I1013 15:26:03.925788 20929 oneflow.cpp:210] 
job_id: 2 , job_name: System-ModelLoad , compile time: 0.0931418 seconds.
I1013 15:26:03.940194 20929 global.h:43] DeleteGlobal N7oneflow7JobDescE
I1013 15:26:03.940229 20929 global.h:36] NewGlobal N7oneflow7JobDescE
I1013 15:26:03.997412 20929 global.h:36] NewGlobal N7oneflow7OpGraphE
I1013 15:26:04.016837 20929 global.h:43] DeleteGlobal N7oneflow7OpGraphE
I1013 15:26:04.020784 20929 oneflow.cpp:210] 
job_id: 3 , job_name: System-ModelSave , compile time: 0.0805332 seconds.
I1013 15:26:04.036978 20929 global.h:43] DeleteGlobal N7oneflow7JobDescE
I1013 15:26:04.037031 20929 global.h:36] NewGlobal N7oneflow7JobDescE
I1013 15:26:04.047645 20929 global.h:36] NewGlobal N7oneflow7OpGraphE
I1013 15:26:04.052147 20929 global.h:43] DeleteGlobal N7oneflow7OpGraphE
I1013 15:26:04.053691 20929 oneflow.cpp:210] 
job_id: 4 , job_name: System-Pull-Return_20 , compile time: 0.0166362 seconds.
I1013 15:26:04.057896 20929 global.h:43] DeleteGlobal N7oneflow7JobDescE
I1013 15:26:04.063148 20929 global.h:36] NewGlobal N7oneflow7JobDescE
I1013 15:26:04.063223 20929 global.h:36] NewGlobal N7oneflow7OpGraphE
I1013 15:26:04.069595 20929 global.h:43] DeleteGlobal N7oneflow7OpGraphE
I1013 15:26:04.072968 20929 oneflow.cpp:210] 
job_id: 5 , job_name: MainJob-unamed , compile time: 0.00975667 seconds.
I1013 15:26:04.081395 20929 global.h:43] DeleteGlobal N7oneflow7JobDescE
I1013 15:26:04.085719 20929 plan_util.cpp:928]  Plan: merged_plan needs to allocate [ 374.837 MiB ] device memory in Rank: 0 , Device: 0
I1013 15:26:04.227576 20929 oneflow.cpp:998]  PushPlan merged_plan time: 0.0142318 seconds.
I1013 15:26:04.265153 20929 oneflow.cpp:1014]  PullPlan merged_plan time: 0.0314588 seconds.
I1013 15:26:06.460422 20929 runtime_context.cpp:21] NewCounter constructing_actor_cnt 388
I1013 15:26:06.461653 21580 naive_actor.cpp:25] actor 2199023255699 switch to &NaiveActor::HandlerNormal
I1013 15:26:06.461705 21565 naive_actor.cpp:25] actor 1099614388226 switch to &NaiveActor::HandlerNormal
I1013 15:26:06.461855 21580 thread.cpp:96] Thread 1048576 construct Actor kDeviceTick 2199023255699
I1013 15:26:06.461930 21565 thread.cpp:96] Thread 524337 construct Actor kDeviceTick 1099614388226
I1013 15:26:06.462055 21566 wait_and_send_ids_actor.cpp:53] actor 1099616485376 switch to &WaitAndSendIdsActor::HandlerWaitToStart
I1013 15:26:06.462098 21566 thread.cpp:96] Thread 524338 construct Actor kWaitAndSendIds 1099616485376
I1013 15:26:06.462111 21565 runtime_context.cpp:29] DecreaseCounter constructing_actor_cnt, current val is 386
I1013 15:26:06.462105 21580 runtime_context.cpp:29] DecreaseCounter constructing_actor_cnt, current val is 387
I1013 15:26:06.462180 21566 runtime_context.cpp:29] DecreaseCounter constructing_actor_cnt, current val is 385
I1013 15:26:06.462404 21565 naive_actor.cpp:25] actor 1099614388233 switch to &NaiveActor::HandlerNormal
I1013 15:26:06.462581 21565 thread.cpp:96] Thread 524337 construct Actor kDeviceTick 1099614388233
I1013 15:26:06.462644 21565 runtime_context.cpp:29] DecreaseCounter constructing_actor_cnt, current val is 384
I1013 15:26:06.462790 21580 naive_actor.cpp:25] actor 2199023255738 switch to &NaiveActor::HandlerNormal
I1013 15:26:06.462862 21580 thread.cpp:96] Thread 1048576 construct Actor kDeviceTick 2199023255738
I1013 15:26:06.462930 21580 runtime_context.cpp:29] DecreaseCounter constructing_actor_cnt, current val is 383
I1013 15:26:06.462975 21565 naive_actor.cpp:25] actor 1099614388243 switch to &NaiveActor::HandlerNormal
I1013 15:26:06.463035 21565 thread.cpp:96] Thread 524337 construct Actor kDeviceTick 1099614388243
I1013 15:26:06.463110 21565 runtime_context.cpp:29] DecreaseCounter constructing_actor_cnt, current val is 382
I1013 15:26:06.463243 21580 naive_actor.cpp:25] actor 2199023255777 switch to &NaiveActor::HandlerNormal
I1013 15:26:06.463304 21580 thread.cpp:96] Thread 1048576 construct Actor kDeviceTick 2199023255777
I1013 15:26:06.463366 21580 runtime_context.cpp:29] DecreaseCounter constructing_actor_cnt, current val is 381
I1013 15:26:06.463382 21565 naive_actor.cpp:25] actor 1099614388252 switch to &NaiveActor::HandlerNormal
I1013 15:26:06.463430 21565 thread.cpp:96] Thread 524337 construct Actor kDeviceTick 1099614388252
I1013 15:26:06.463501 21565 runtime_context.cpp:29] DecreaseCounter constructing_actor_cnt, current val is 380
I1013 15:26:06.463677 21580 naive_actor.cpp:25] actor 2199023255816 switch to &NaiveActor::HandlerNormal
I1013 15:26:06.463734 21580 thread.cpp:96] Thread 1048576 construct Actor kDeviceTick 2199023255816
I1013 15:26:06.463790 21580 runtime_context.cpp:29] DecreaseCounter constructing_actor_cnt, current val is 379
I1013 15:26:06.463802 21565 naive_actor.cpp:25] actor 1099614388261 switch to &NaiveActor::HandlerNormal
I1013 15:26:06.463853 21565 thread.cpp:96] Thread 524337 construct Actor kDeviceTick 1099614388261
I1013 15:26:06.463907 21565 runtime_context.cpp:29] DecreaseCounter constructing_actor_cnt, current val is 378
I1013 15:26:06.464151 21565 naive_actor.cpp:25] actor 1099614388269 switch to &NaiveActor::HandlerNormal
I1013 15:26:06.464186 21565 thread.cpp:96] Thread 524337 construct Actor kDeviceTick 1099614388269
I1013 15:26:06.464236 21565 runtime_context.cpp:29] DecreaseCounter constructing_actor_cnt, current val is 377
I1013 15:26:06.464475 21565 naive_actor.cpp:25] actor 1099614388276 switch to &NaiveActor::HandlerNormal
I1013 15:26:06.464509 21565 thread.cpp:96] Thread 524337 construct Actor kDeviceTick 1099614388276
I1013 15:26:06.464582 21565 runtime_context.cpp:29] DecreaseCounter constructing_actor_cnt, current val is 376
I1013 15:26:06.475452 21548 naive_actor.cpp:25] actor 1099522113536 switch to &NaiveActor::HandlerNormal
I1013 15:26:06.475539 21563 naive_actor.cpp:25] actor 1099553570816 switch to &NaiveActor::HandlerNormal
I1013 15:26:06.475633 21559 naive_actor.cpp:25] actor 1099545182208 switch to &NaiveActor::HandlerNormal
I1013 15:26:06.475821 21582 naive_actor.cpp:25] actor 2199025352707 switch to &NaiveActor::HandlerNormal
I1013 15:26:06.475711 21550 naive_actor.cpp:25] actor 1099526307840 switch to &NaiveActor::HandlerNormal
I1013 15:26:06.476001 21560 naive_actor.cpp:25] actor 1099547279360 switch to &NaiveActor::HandlerNormal
I1013 15:26:06.476167 21564 naive_actor.cpp:25] actor 1099555667968 switch to &NaiveActor::HandlerNormal
I1013 15:26:06.476270 21547 naive_actor.cpp:25] actor 1099520016384 switch to &NaiveActor::HandlerNormal
I1013 15:26:06.476356 21547 thread.cpp:96] Thread 524292 construct Actor kNormalForward 1099520016384
I1013 15:26:06.475944 21582 thread.cpp:96] Thread 1048577 construct Actor kCopyHd 2199025352707
I1013 15:26:06.476581 21551 naive_actor.cpp:25] actor 1099528404992 switch to &NaiveActor::HandlerNormal
I1013 15:26:06.475970 21562 naive_actor.cpp:25] actor 1099551473664 switch to &NaiveActor::HandlerNormal
I1013 15:26:06.475755 21563 thread.cpp:96] Thread 524308 construct Actor kNormalForward 1099553570816
I1013 15:26:06.476999 21546 naive_actor.cpp:25] actor 1099517919232 switch to &NaiveActor::HandlerNormal
I1013 15:26:06.477085 21546 thread.cpp:96] Thread 524291 construct Actor kNormalForward 1099517919232
I1013 15:26:06.476034 21555 naive_actor.cpp:25] actor 1099536793600 switch to &NaiveActor::HandlerNormal
I1013 15:26:06.477164 21546 runtime_context.cpp:29] DecreaseCounter constructing_actor_cnt, current val is 372
I1013 15:26:06.477186 21555 thread.cpp:96] Thread 524300 construct Actor kNormalForward 1099536793600
I1013 15:26:06.476182 21545 naive_actor.cpp:25] actor 1099515822080 switch to &NaiveActor::HandlerNormal
I1013 15:26:06.477272 21555 runtime_context.cpp:29] DecreaseCounter constructing_actor_cnt, current val is 371
I1013 15:26:06.477278 21545 thread.cpp:96] Thread 524290 construct Actor kNormalForward 1099515822080
I1013 15:26:06.476183 21560 thread.cpp:96] Thread 524305 construct Actor kForeignInput 1099547279360
I1013 15:26:06.475759 21561 naive_actor.cpp:25] actor 1099549376512 switch to &NaiveActor::HandlerNormal
I1013 15:26:06.476253 21557 naive_actor.cpp:25] actor 1099540987904 switch to &NaiveActor::HandlerNormal
I1013 15:26:06.477460 21557 thread.cpp:96] Thread 524302 construct Actor kForeignInput 1099540987904
I1013 15:26:06.476311 21544 naive_actor.cpp:25] actor 1099513724928 switch to &NaiveActor::HandlerNormal
I1013 15:26:06.475842 21559 thread.cpp:96] Thread 524304 construct Actor kNormalForward 1099545182208
I1013 15:26:06.476337 21554 naive_actor.cpp:25] actor 1099534696448 switch to &NaiveActor::HandlerNormal
I1013 15:26:06.477747 21554 thread.cpp:96] Thread 524299 construct Actor kForeignInput 1099534696448
I1013 15:26:06.476416 21549 naive_actor.cpp:25] actor 1099524210688 switch to &NaiveActor::HandlerNormal
I1013 15:26:06.477823 21549 thread.cpp:96] Thread 524294 construct Actor kNormalForward 1099524210688
I1013 15:26:06.476444 21565 naive_actor.cpp:25] actor 1099614388232 switch to &NaiveActor::HandlerNormal
I1013 15:26:06.477979 21565 thread.cpp:96] Thread 524337 construct Actor kTick 1099614388232
I1013 15:26:06.476483 21567 sink_actor.cpp:21] actor 1099618582528 switch to &SinkActor::HandlerNormal
I1013 15:26:06.476552 21547 runtime_context.cpp:29] DecreaseCounter constructing_actor_cnt, current val is 375
I1013 15:26:06.475958 21580 naive_actor.cpp:25] actor 2199023255581 switch to &NaiveActor::HandlerNormal
I1013 15:26:06.476603 21584 naive_actor.cpp:25] actor 2199027449856 switch to &NaiveActor::HandlerNormal
I1013 15:26:06.478129 21580 thread.cpp:96] Thread 1048576 construct Actor kNormalForward 2199023255581
I1013 15:26:06.476809 21551 thread.cpp:96] Thread 524296 construct Actor kNormalForward 1099528404992
I1013 15:26:06.478219 21580 runtime_context.cpp:29] DecreaseCounter constructing_actor_cnt, current val is 363
I1013 15:26:06.476883 21562 thread.cpp:96] Thread 524307 construct Actor kNormalForward 1099551473664
I1013 15:26:06.478286 21551 runtime_context.cpp:29] DecreaseCounter constructing_actor_cnt, current val is 362
I1013 15:26:06.477056 21563 runtime_context.cpp:29] DecreaseCounter constructing_actor_cnt, current val is 373
I1013 15:26:06.476037 21550 thread.cpp:96] Thread 524295 construct Actor kNormalForward 1099526307840
I1013 15:26:06.476169 21556 naive_actor.cpp:25] actor 1099538890752 switch to &NaiveActor::HandlerNormal
I1013 15:26:06.478621 21556 thread.cpp:96] Thread 524301 construct Actor kNormalForward 1099538890752
I1013 15:26:06.477388 21561 thread.cpp:96] Thread 524306 construct Actor kNormalForward 1099549376512
I1013 15:26:06.476294 21564 thread.cpp:96] Thread 524309 construct Actor kForeignOutput 1099555667968
I1013 15:26:06.477411 21560 runtime_context.cpp:29] DecreaseCounter constructing_actor_cnt, current val is 369
I1013 15:26:06.475636 21548 thread.cpp:96] Thread 524293 construct Actor kNormalForward 1099522113536
I1013 15:26:06.477546 21557 runtime_context.cpp:29] DecreaseCounter constructing_actor_cnt, current val is 368
I1013 15:26:06.477586 21544 thread.cpp:96] Thread 524289 construct Actor kNormalForward 1099513724928
I1013 15:26:06.479418 21580 naive_actor.cpp:25] actor 2199023255574 switch to &NaiveActor::HandlerNormal
I1013 15:26:06.477675 21559 runtime_context.cpp:29] DecreaseCounter constructing_actor_cnt, current val is 367
I1013 15:26:06.476440 21552 naive_actor.cpp:25] actor 1099530502144 switch to &NaiveActor::HandlerNormal
I1013 15:26:06.479646 21552 thread.cpp:96] Thread 524297 construct Actor kNormalForward 1099530502144
I1013 15:26:06.478060 21565 runtime_context.cpp:29] DecreaseCounter constructing_actor_cnt, current val is 364
I1013 15:26:06.478052 21567 thread.cpp:96] Thread 524339 construct Actor kCallbackNotify 1099618582528
I1013 15:26:06.476626 21582 runtime_context.cpp:29] DecreaseCounter constructing_actor_cnt, current val is 374
I1013 15:26:06.478159 21584 thread.cpp:96] Thread 1048578 construct Actor kCopyHd 2199027449856
I1013 15:26:06.476836 21553 naive_actor.cpp:25] actor 1099532599296 switch to &NaiveActor::HandlerNormal
I1013 15:26:06.480258 21565 naive_actor.cpp:25] actor 1099614388239 switch to &NaiveActor::HandlerNormal
I1013 15:26:06.476003 21558 naive_actor.cpp:25] actor 1099543085056 switch to &NaiveActor::HandlerNormal
I1013 15:26:06.480360 21558 thread.cpp:96] Thread 524303 construct Actor kNormalForward 1099543085056
I1013 15:26:06.477381 21545 runtime_context.cpp:29] DecreaseCounter constructing_actor_cnt, current val is 370
I1013 15:26:06.480448 21558 runtime_context.cpp:29] DecreaseCounter constructing_actor_cnt, current val is 351
I1013 15:26:06.478869 21561 runtime_context.cpp:29] DecreaseCounter constructing_actor_cnt, current val is 358
I1013 15:26:06.478999 21564 runtime_context.cpp:29] DecreaseCounter constructing_actor_cnt, current val is 357
I1013 15:26:06.479293 21548 runtime_context.cpp:29] DecreaseCounter constructing_actor_cnt, current val is 356
I1013 15:26:06.479435 21543 naive_actor.cpp:25] actor 1099511627776 switch to &NaiveActor::HandlerNormal
I1013 15:26:06.480752 21543 thread.cpp:96] Thread 524288 construct Actor kNormalForward 1099511627776
I1013 15:26:06.479490 21580 thread.cpp:96] Thread 1048576 construct Actor kNormalForward 2199023255574
I1013 15:26:06.480829 21543 runtime_context.cpp:29] DecreaseCounter constructing_actor_cnt, current val is 350
I1013 15:26:06.479527 21544 runtime_context.cpp:29] DecreaseCounter constructing_actor_cnt, current val is 355
I1013 15:26:06.480890 21580 runtime_context.cpp:29] DecreaseCounter constructing_actor_cnt, current val is 349
I1013 15:26:06.477825 21554 runtime_context.cpp:29] DecreaseCounter constructing_actor_cnt, current val is 366
I1013 15:26:06.477934 21549 runtime_context.cpp:29] DecreaseCounter constructing_actor_cnt, current val is 365
I1013 15:26:06.479784 21552 runtime_context.cpp:29] DecreaseCounter constructing_actor_cnt, current val is 354
I1013 15:26:06.480023 21567 runtime_context.cpp:29] DecreaseCounter constructing_actor_cnt, current val is 353
I1013 15:26:06.480232 21584 runtime_context.cpp:29] DecreaseCounter constructing_actor_cnt, current val is 352
I1013 15:26:06.480249 21582 naive_actor.cpp:25] actor 2199025352706 switch to &NaiveActor::HandlerNormal
I1013 15:26:06.481539 21582 thread.cpp:96] Thread 1048577 construct Actor kCopyHd 2199025352706
I1013 15:26:06.480286 21553 thread.cpp:96] Thread 524298 construct Actor kNormalForward 1099532599296
I1013 15:26:06.480314 21565 thread.cpp:96] Thread 524337 construct Actor kTick 1099614388239
I1013 15:26:06.481711 21553 runtime_context.cpp:29] DecreaseCounter constructing_actor_cnt, current val is 347
I1013 15:26:06.478345 21562 runtime_context.cpp:29] DecreaseCounter constructing_actor_cnt, current val is 361
I1013 15:26:06.481765 21565 runtime_context.cpp:29] DecreaseCounter constructing_actor_cnt, current val is 346
I1013 15:26:06.478530 21550 runtime_context.cpp:29] DecreaseCounter constructing_actor_cnt, current val is 360
I1013 15:26:06.481607 21582 runtime_context.cpp:29] DecreaseCounter constructing_actor_cnt, current val is 348
I1013 15:26:06.478746 21556 runtime_context.cpp:29] DecreaseCounter constructing_actor_cnt, current val is 359
I1013 15:26:06.481914 21580 naive_actor.cpp:25] actor 2199023255570 switch to &NaiveActor::HandlerNormal
I1013 15:26:06.482122 21582 naive_actor.cpp:25] actor 2199025352704 switch to &NaiveActor::HandlerNormal
I1013 15:26:06.482123 21580 thread.cpp:96] Thread 1048576 construct Actor kNormalForward 2199023255570
I1013 15:26:06.482192 21582 thread.cpp:96] Thread 1048577 construct Actor kCopyHd 2199025352704
I1013 15:26:06.482198 21565 naive_actor.cpp:25] actor 1099614388225 switch to &NaiveActor::HandlerNormal
I1013 15:26:06.482282 21582 runtime_context.cpp:29] DecreaseCounter constructing_actor_cnt, current val is 345
I1013 15:26:06.482286 21580 runtime_context.cpp:29] DecreaseCounter constructing_actor_cnt, current val is 344
I1013 15:26:06.482287 21565 thread.cpp:96] Thread 524337 construct Actor kSrcSubsetTick 1099614388225
I1013 15:26:06.482405 21565 runtime_context.cpp:29] DecreaseCounter constructing_actor_cnt, current val is 343
I1013 15:26:06.482431 21582 naive_actor.cpp:25] actor 2199025352705 switch to &NaiveActor::HandlerNormal
I1013 15:26:06.482494 21582 thread.cpp:96] Thread 1048577 construct Actor kCopyHd 2199025352705
I1013 15:26:06.482535 21582 runtime_context.cpp:29] DecreaseCounter constructing_actor_cnt, current val is 342
I1013 15:26:06.482671 21580 naive_actor.cpp:25] actor 2199023255593 switch to &NaiveActor::HandlerNormal
I1013 15:26:06.482690 21582 naive_actor.cpp:25] actor 2199025352708 switch to &NaiveActor::HandlerNormal
I1013 15:26:06.482728 21580 thread.cpp:96] Thread 1048576 construct Actor kNormalForward 2199023255593
I1013 15:26:06.482781 21565 naive_actor.cpp:25] actor 1099614388230 switch to &NaiveActor::HandlerNormal
I1013 15:26:06.482772 21582 thread.cpp:96] Thread 1048577 construct Actor kCopyHd 2199025352708
I1013 15:26:06.482842 21580 runtime_context.cpp:29] DecreaseCounter constructing_actor_cnt, current val is 341
I1013 15:26:06.482828 21565 thread.cpp:96] Thread 524337 construct Actor kTick 1099614388230
I1013 15:26:06.482873 21582 runtime_context.cpp:29] DecreaseCounter constructing_actor_cnt, current val is 340
I1013 15:26:06.482959 21565 runtime_context.cpp:29] DecreaseCounter constructing_actor_cnt, current val is 339
I1013 15:26:06.483036 21582 naive_actor.cpp:25] actor 2199025352709 switch to &NaiveActor::HandlerNormal
I1013 15:26:06.483080 21582 thread.cpp:96] Thread 1048577 construct Actor kCopyHd 2199025352709
I1013 15:26:06.483135 21582 runtime_context.cpp:29] DecreaseCounter constructing_actor_cnt, current val is 338
I1013 15:26:06.483273 21582 naive_actor.cpp:25] actor 2199025352710 switch to &NaiveActor::HandlerNormal
I1013 15:26:06.483317 21582 thread.cpp:96] Thread 1048577 construct Actor kCopyHd 2199025352710
I1013 15:26:06.483361 21582 runtime_context.cpp:29] DecreaseCounter constructing_actor_cnt, current val is 337
I1013 15:26:06.483525 21565 esac_actor.cpp:73] actor 1099614388313 switch to &EsacActor::HandlerNormal
I1013 15:26:06.483589 21565 thread.cpp:96] Thread 524337 construct Actor kEsac 1099614388313
I1013 15:26:06.483680 21565 runtime_context.cpp:29] DecreaseCounter constructing_actor_cnt, current val is 336
I1013 15:26:06.483794 21580 naive_actor.cpp:25] actor 2199023255612 switch to &NaiveActor::HandlerNormal
I1013 15:26:06.483855 21580 thread.cpp:96] Thread 1048576 construct Actor kNormalForward 2199023255612
I1013 15:26:06.483951 21580 runtime_context.cpp:29] DecreaseCounter constructing_actor_cnt, current val is 335
I1013 15:26:06.484146 21565 esac_actor.cpp:73] actor 1099614388321 switch to &EsacActor::HandlerNormal
I1013 15:26:06.484200 21565 thread.cpp:96] Thread 524337 construct Actor kEsac 1099614388321
I1013 15:26:06.484285 21565 runtime_context.cpp:29] DecreaseCounter constructing_actor_cnt, current val is 334
I1013 15:26:06.484649 21565 naive_actor.cpp:25] actor 1099614388229 switch to &NaiveActor::HandlerNormal
I1013 15:26:06.484702 21565 thread.cpp:96] Thread 524337 construct Actor kDstSubsetTick 1099614388229
I1013 15:26:06.484838 21580 naive_actor.cpp:25] actor 2199023255559 switch to &NaiveActor::HandlerNormal
I1013 15:26:06.484879 21580 thread.cpp:96] Thread 1048576 construct Actor kNormalForward 2199023255559
I1013 15:26:06.484932 21565 runtime_context.cpp:29] DecreaseCounter constructing_actor_cnt, current val is 333
I1013 15:26:06.484956 21580 runtime_context.cpp:29] DecreaseCounter constructing_actor_cnt, current val is 332
I1013 15:26:06.485258 21565 naive_actor.cpp:25] actor 1099614388224 switch to &NaiveActor::HandlerNormal
I1013 15:26:06.485280 21580 naive_actor.cpp:25] actor 2199023255563 switch to &NaiveActor::HandlerNormal
I1013 15:26:06.485317 21565 thread.cpp:96] Thread 524337 construct Actor kDeviceTick 1099614388224
I1013 15:26:06.485352 21580 thread.cpp:96] Thread 1048576 construct Actor kNormalForward 2199023255563
I1013 15:26:06.485411 21565 runtime_context.cpp:29] DecreaseCounter constructing_actor_cnt, current val is 331
I1013 15:26:06.485435 21580 runtime_context.cpp:29] DecreaseCounter constructing_actor_cnt, current val is 330
I1013 15:26:06.485742 21565 naive_actor.cpp:25] actor 1099614388237 switch to &NaiveActor::HandlerNormal
I1013 15:26:06.485796 21565 thread.cpp:96] Thread 524337 construct Actor kDstSubsetTick 1099614388237
I1013 15:26:06.485855 21565 runtime_context.cpp:29] DecreaseCounter constructing_actor_cnt, current val is 329
I1013 15:26:06.486146 21565 naive_actor.cpp:25] actor 1099614388231 switch to &NaiveActor::HandlerNormal
I1013 15:26:06.486200 21565 thread.cpp:96] Thread 524337 construct Actor kTick 1099614388231
I1013 15:26:06.486263 21565 runtime_context.cpp:29] DecreaseCounter constructing_actor_cnt, current val is 328
I1013 15:26:06.486341 21580 naive_actor.cpp:25] actor 2199023255564 switch to &NaiveActor::HandlerNormal
I1013 15:26:06.486398 21580 thread.cpp:96] Thread 1048576 construct Actor kNormalForward 2199023255564
I1013 15:26:06.486476 21580 runtime_context.cpp:29] DecreaseCounter constructing_actor_cnt, current val is 327
I1013 15:26:06.486599 21565 naive_actor.cpp:25] actor 1099614388234 switch to &NaiveActor::HandlerNormal
I1013 15:26:06.486651 21565 thread.cpp:96] Thread 524337 construct Actor kSrcSubsetTick 1099614388234
I1013 15:26:06.486708 21565 runtime_context.cpp:29] DecreaseCounter constructing_actor_cnt, current val is 326
I1013 15:26:06.486840 21580 naive_actor.cpp:25] actor 2199023255553 switch to &NaiveActor::HandlerNormal
I1013 15:26:06.486897 21580 thread.cpp:96] Thread 1048576 construct Actor kNormalForward 2199023255553
I1013 15:26:06.486972 21580 runtime_context.cpp:29] DecreaseCounter constructing_actor_cnt, current val is 325
I1013 15:26:06.487044 21565 naive_actor.cpp:25] actor 1099614388238 switch to &NaiveActor::HandlerNormal
I1013 15:26:06.487093 21565 thread.cpp:96] Thread 524337 construct Actor kTick 1099614388238
I1013 15:26:06.487149 21565 runtime_context.cpp:29] DecreaseCounter constructing_actor_cnt, current val is 324
I1013 15:26:06.487304 21580 naive_actor.cpp:25] actor 2199023255557 switch to &NaiveActor::HandlerNormal
I1013 15:26:06.487368 21580 thread.cpp:96] Thread 1048576 construct Actor kNormalForward 2199023255557
I1013 15:26:06.487432 21580 runtime_context.cpp:29] DecreaseCounter constructing_actor_cnt, current val is 323
I1013 15:26:06.487468 21565 naive_actor.cpp:25] actor 1099614388236 switch to &NaiveActor::HandlerNormal
I1013 15:26:06.487516 21565 thread.cpp:96] Thread 524337 construct Actor kTick 1099614388236
I1013 15:26:06.487581 21565 runtime_context.cpp:29] DecreaseCounter constructing_actor_cnt, current val is 322
I1013 15:26:06.487864 21565 naive_actor.cpp:25] actor 1099614388228 switch to &NaiveActor::HandlerNormal
I1013 15:26:06.487915 21565 thread.cpp:96] Thread 524337 construct Actor kTick 1099614388228
I1013 15:26:06.487985 21565 runtime_context.cpp:29] DecreaseCounter constructing_actor_cnt, current val is 321
I1013 15:26:06.488262 21565 naive_actor.cpp:25] actor 1099614388318 switch to &NaiveActor::HandlerNormal
I1013 15:26:06.488287 21580 naive_actor.cpp:25] actor 2199023255601 switch to &NaiveActor::HandlerNormal
I1013 15:26:06.488313 21565 thread.cpp:96] Thread 524337 construct Actor kTick 1099614388318
I1013 15:26:06.488385 21580 thread.cpp:96] Thread 1048576 construct Actor kNormalForward 2199023255601
I1013 15:26:06.488445 21565 runtime_context.cpp:29] DecreaseCounter constructing_actor_cnt, current val is 320
I1013 15:26:06.488485 21580 runtime_context.cpp:29] DecreaseCounter constructing_actor_cnt, current val is 319
I1013 15:26:06.488763 21565 naive_actor.cpp:25] actor 1099614388242 switch to &NaiveActor::HandlerNormal
I1013 15:26:06.488816 21565 thread.cpp:96] Thread 524337 construct Actor kSrcSubsetTick 1099614388242
I1013 15:26:06.488883 21565 runtime_context.cpp:29] DecreaseCounter constructing_actor_cnt, current val is 318
I1013 15:26:06.489154 21565 naive_actor.cpp:25] actor 1099614388240 switch to &NaiveActor::HandlerNormal
I1013 15:26:06.489207 21565 thread.cpp:96] Thread 524337 construct Actor kTick 1099614388240
I1013 15:26:06.489259 21565 runtime_context.cpp:29] DecreaseCounter constructing_actor_cnt, current val is 317
I1013 15:26:06.489419 21580 naive_actor.cpp:25] actor 2199023255562 switch to &NaiveActor::HandlerNormal
I1013 15:26:06.489480 21580 thread.cpp:96] Thread 1048576 construct Actor kNormalForward 2199023255562
I1013 15:26:06.489578 21580 runtime_context.cpp:29] DecreaseCounter constructing_actor_cnt, current val is 316
I1013 15:26:06.489626 21565 naive_actor.cpp:25] actor 1099614388246 switch to &NaiveActor::HandlerNormal
I1013 15:26:06.489660 21565 thread.cpp:96] Thread 524337 construct Actor kDstSubsetTick 1099614388246
I1013 15:26:06.489717 21565 runtime_context.cpp:29] DecreaseCounter constructing_actor_cnt, current val is 315
I1013 15:26:06.489905 21580 naive_actor.cpp:25] actor 2199023255604 switch to &NaiveActor::HandlerNormal
I1013 15:26:06.489959 21580 thread.cpp:96] Thread 1048576 construct Actor kNormalForward 2199023255604
I1013 15:26:06.490020 21565 naive_actor.cpp:25] actor 1099614388241 switch to &NaiveActor::HandlerNormal
I1013 15:26:06.490020 21580 runtime_context.cpp:29] DecreaseCounter constructing_actor_cnt, current val is 314
I1013 15:26:06.490059 21565 thread.cpp:96] Thread 524337 construct Actor kDeviceTick 1099614388241
I1013 15:26:06.490152 21565 runtime_context.cpp:29] DecreaseCounter constructing_actor_cnt, current val is 313
I1013 15:26:06.490372 21580 naive_actor.cpp:25] actor 2199023255568 switch to &NaiveActor::HandlerNormal
I1013 15:26:06.490428 21580 thread.cpp:96] Thread 1048576 construct Actor kNormalForward 2199023255568
I1013 15:26:06.490444 21565 naive_actor.cpp:25] actor 1099614388245 switch to &NaiveActor::HandlerNormal
I1013 15:26:06.490485 21565 thread.cpp:96] Thread 524337 construct Actor kTick 1099614388245
I1013 15:26:06.490501 21580 runtime_context.cpp:29] DecreaseCounter constructing_actor_cnt, current val is 312
I1013 15:26:06.490535 21565 runtime_context.cpp:29] DecreaseCounter constructing_actor_cnt, current val is 311
I1013 15:26:06.490821 21565 naive_actor.cpp:25] actor 1099614388247 switch to &NaiveActor::HandlerNormal
I1013 15:26:06.490872 21565 thread.cpp:96] Thread 524337 construct Actor kTick 1099614388247
I1013 15:26:06.490926 21565 runtime_context.cpp:29] DecreaseCounter constructing_actor_cnt, current val is 310
I1013 15:26:06.491196 21565 naive_actor.cpp:25] actor 1099614388248 switch to &NaiveActor::HandlerNormal
I1013 15:26:06.491248 21565 thread.cpp:96] Thread 524337 construct Actor kTick 1099614388248
I1013 15:26:06.491304 21565 runtime_context.cpp:29] DecreaseCounter constructing_actor_cnt, current val is 309
I1013 15:26:06.491421 21580 naive_actor.cpp:25] actor 2199023255594 switch to &NaiveActor::HandlerNormal
I1013 15:26:06.491479 21580 thread.cpp:96] Thread 1048576 construct Actor kNormalForward 2199023255594
I1013 15:26:06.491552 21580 runtime_context.cpp:29] DecreaseCounter constructing_actor_cnt, current val is 308
I1013 15:26:06.491602 21565 naive_actor.cpp:25] actor 1099614388249 switch to &NaiveActor::HandlerNormal
I1013 15:26:06.491650 21565 thread.cpp:96] Thread 524337 construct Actor kTick 1099614388249
I1013 15:26:06.491835 21565 runtime_context.cpp:29] DecreaseCounter constructing_actor_cnt, current val is 307
I1013 15:26:06.491915 21580 naive_actor.cpp:25] actor 2199023255573 switch to &NaiveActor::HandlerNormal
I1013 15:26:06.491971 21580 thread.cpp:96] Thread 1048576 construct Actor kNormalForward 2199023255573
I1013 15:26:06.492044 21580 runtime_context.cpp:29] DecreaseCounter constructing_actor_cnt, current val is 306
I1013 15:26:06.492164 21565 naive_actor.cpp:25] actor 1099614388256 switch to &NaiveActor::HandlerNormal
I1013 15:26:06.492216 21565 thread.cpp:96] Thread 524337 construct Actor kTick 1099614388256
I1013 15:26:06.492269 21565 runtime_context.cpp:29] DecreaseCounter constructing_actor_cnt, current val is 305
I1013 15:26:06.492559 21565 naive_actor.cpp:25] actor 1099614388251 switch to &NaiveActor::HandlerNormal
I1013 15:26:06.492617 21565 thread.cpp:96] Thread 524337 construct Actor kSrcSubsetTick 1099614388251
I1013 15:26:06.492686 21565 runtime_context.cpp:29] DecreaseCounter constructing_actor_cnt, current val is 304
I1013 15:26:06.492899 21580 naive_actor.cpp:25] actor 2199023255577 switch to &NaiveActor::HandlerNormal
I1013 15:26:06.492954 21580 thread.cpp:96] Thread 1048576 construct Actor kNormalForward 2199023255577
I1013 15:26:06.492992 21565 naive_actor.cpp:25] actor 1099614388250 switch to &NaiveActor::HandlerNormal
I1013 15:26:06.493026 21565 thread.cpp:96] Thread 524337 construct Actor kDeviceTick 1099614388250
I1013 15:26:06.493034 21580 runtime_context.cpp:29] DecreaseCounter constructing_actor_cnt, current val is 303
I1013 15:26:06.493075 21565 runtime_context.cpp:29] DecreaseCounter constructing_actor_cnt, current val is 302
I1013 15:26:06.493435 21565 naive_actor.cpp:25] actor 1099614388255 switch to &NaiveActor::HandlerNormal
I1013 15:26:06.493487 21565 thread.cpp:96] Thread 524337 construct Actor kDstSubsetTick 1099614388255
I1013 15:26:06.493547 21565 runtime_context.cpp:29] DecreaseCounter constructing_actor_cnt, current val is 301
I1013 15:26:06.493827 21580 naive_actor.cpp:25] actor 2199023255565 switch to &NaiveActor::HandlerNormal
I1013 15:26:06.493844 21565 naive_actor.cpp:25] actor 1099614388257 switch to &NaiveActor::HandlerNormal
I1013 15:26:06.493889 21580 thread.cpp:96] Thread 1048576 construct Actor kNormalForward 2199023255565
I1013 15:26:06.493917 21565 thread.cpp:96] Thread 524337 construct Actor kTick 1099614388257
I1013 15:26:06.493999 21580 runtime_context.cpp:29] DecreaseCounter constructing_actor_cnt, current val is 300
I1013 15:26:06.494004 21565 runtime_context.cpp:29] DecreaseCounter constructing_actor_cnt, current val is 299
I1013 15:26:06.494293 21565 naive_actor.cpp:25] actor 1099614388254 switch to &NaiveActor::HandlerNormal
I1013 15:26:06.494345 21565 thread.cpp:96] Thread 524337 construct Actor kTick 1099614388254
I1013 15:26:06.494398 21565 runtime_context.cpp:29] DecreaseCounter constructing_actor_cnt, current val is 298
I1013 15:26:06.494697 21565 naive_actor.cpp:25] actor 1099614388319 switch to &NaiveActor::HandlerNormal
I1013 15:26:06.494747 21565 thread.cpp:96] Thread 524337 construct Actor kTick 1099614388319
I1013 15:26:06.494823 21565 runtime_context.cpp:29] DecreaseCounter constructing_actor_cnt, current val is 297
I1013 15:26:06.494835 21580 naive_actor.cpp:25] actor 2199023255619 switch to &NaiveActor::HandlerNormal
I1013 15:26:06.494884 21580 thread.cpp:96] Thread 1048576 construct Actor kNormalForward 2199023255619
I1013 15:26:06.494956 21580 runtime_context.cpp:29] DecreaseCounter constructing_actor_cnt, current val is 296
I1013 15:26:06.495124 21565 naive_actor.cpp:25] actor 1099614388260 switch to &NaiveActor::HandlerNormal
I1013 15:26:06.495174 21565 thread.cpp:96] Thread 524337 construct Actor kSrcSubsetTick 1099614388260
I1013 15:26:06.495231 21565 runtime_context.cpp:29] DecreaseCounter constructing_actor_cnt, current val is 295
I1013 15:26:06.495515 21565 naive_actor.cpp:25] actor 1099614388259 switch to &NaiveActor::HandlerNormal
I1013 15:26:06.495579 21565 thread.cpp:96] Thread 524337 construct Actor kDeviceTick 1099614388259
I1013 15:26:06.495718 21565 runtime_context.cpp:29] DecreaseCounter constructing_actor_cnt, current val is 294
I1013 15:26:06.495934 21580 naive_actor.cpp:25] actor 2199023255592 switch to &NaiveActor::HandlerNormal
I1013 15:26:06.495992 21580 thread.cpp:96] Thread 1048576 construct Actor kNormalForward 2199023255592
I1013 15:26:06.495992 21565 naive_actor.cpp:25] actor 1099614388263 switch to &NaiveActor::HandlerNormal
I1013 15:26:06.496058 21565 thread.cpp:96] Thread 524337 construct Actor kTick 1099614388263
I1013 15:26:06.496083 21580 runtime_context.cpp:29] DecreaseCounter constructing_actor_cnt, current val is 293
I1013 15:26:06.496109 21565 runtime_context.cpp:29] DecreaseCounter constructing_actor_cnt, current val is 292
I1013 15:26:06.496389 21565 naive_actor.cpp:25] actor 1099614388258 switch to &NaiveActor::HandlerNormal
I1013 15:26:06.496438 21565 thread.cpp:96] Thread 524337 construct Actor kTick 1099614388258
I1013 15:26:06.496488 21565 runtime_context.cpp:29] DecreaseCounter constructing_actor_cnt, current val is 291
I1013 15:26:06.496759 21565 naive_actor.cpp:25] actor 1099614388266 switch to &NaiveActor::HandlerNormal
I1013 15:26:06.496806 21565 thread.cpp:96] Thread 524337 construct Actor kTick 1099614388266
I1013 15:26:06.496855 21565 runtime_context.cpp:29] DecreaseCounter constructing_actor_cnt, current val is 290
I1013 15:26:06.497045 21580 naive_actor.cpp:25] actor 2199023255567 switch to &NaiveActor::HandlerNormal
I1013 15:26:06.497104 21580 thread.cpp:96] Thread 1048576 construct Actor kNormalForward 2199023255567
I1013 15:26:06.497179 21565 naive_actor.cpp:25] actor 1099614388264 switch to &NaiveActor::HandlerNormal
I1013 15:26:06.497180 21580 runtime_context.cpp:29] DecreaseCounter constructing_actor_cnt, current val is 289
I1013 15:26:06.497217 21565 thread.cpp:96] Thread 524337 construct Actor kDstSubsetTick 1099614388264
I1013 15:26:06.497334 21565 runtime_context.cpp:29] DecreaseCounter constructing_actor_cnt, current val is 288
I1013 15:26:06.497550 21580 naive_actor.cpp:25] actor 2199023255561 switch to &NaiveActor::HandlerNormal
I1013 15:26:06.497619 21580 thread.cpp:96] Thread 1048576 construct Actor kNormalForward 2199023255561
I1013 15:26:06.497629 21565 naive_actor.cpp:25] actor 1099614388265 switch to &NaiveActor::HandlerNormal
I1013 15:26:06.497682 21565 thread.cpp:96] Thread 524337 construct Actor kTick 1099614388265
I1013 15:26:06.497699 21580 runtime_context.cpp:29] DecreaseCounter constructing_actor_cnt, current val is 287
I1013 15:26:06.497730 21565 runtime_context.cpp:29] DecreaseCounter constructing_actor_cnt, current val is 286
I1013 15:26:06.498005 21565 naive_actor.cpp:25] actor 1099614388274 switch to &NaiveActor::HandlerNormal
I1013 15:26:06.498055 21565 thread.cpp:96] Thread 524337 construct Actor kTick 1099614388274
I1013 15:26:06.498108 21565 runtime_context.cpp:29] DecreaseCounter constructing_actor_cnt, current val is 285
I1013 15:26:06.498376 21565 naive_actor.cpp:25] actor 1099614388317 switch to &NaiveActor::HandlerNormal
I1013 15:26:06.498426 21565 thread.cpp:96] Thread 524337 construct Actor kTick 1099614388317
I1013 15:26:06.498478 21565 runtime_context.cpp:29] DecreaseCounter constructing_actor_cnt, current val is 284
I1013 15:26:06.498633 21580 naive_actor.cpp:25] actor 2199023255558 switch to &NaiveActor::HandlerNormal
I1013 15:26:06.498693 21580 thread.cpp:96] Thread 1048576 construct Actor kNormalForward 2199023255558
I1013 15:26:06.498754 21565 naive_actor.cpp:25] actor 1099614388267 switch to &NaiveActor::HandlerNormal
I1013 15:26:06.498765 21580 runtime_context.cpp:29] DecreaseCounter constructing_actor_cnt, current val is 283
I1013 15:26:06.498787 21565 thread.cpp:96] Thread 524337 construct Actor kDeviceTick 1099614388267
I1013 15:26:06.498864 21565 runtime_context.cpp:29] DecreaseCounter constructing_actor_cnt, current val is 282
I1013 15:26:06.499147 21565 naive_actor.cpp:25] actor 1099614388282 switch to &NaiveActor::HandlerNormal
I1013 15:26:06.499195 21565 thread.cpp:96] Thread 524337 construct Actor kTick 1099614388282
I1013 15:26:06.499356 21565 runtime_context.cpp:29] DecreaseCounter constructing_actor_cnt, current val is 281
I1013 15:26:06.499521 21580 naive_actor.cpp:25] actor 2199023255575 switch to &NaiveActor::HandlerNormal
I1013 15:26:06.499581 21580 thread.cpp:96] Thread 1048576 construct Actor kNormalForward 2199023255575
I1013 15:26:06.499645 21580 runtime_context.cpp:29] DecreaseCounter constructing_actor_cnt, current val is 280
I1013 15:26:06.499675 21565 naive_actor.cpp:25] actor 1099614388316 switch to &NaiveActor::HandlerNormal
I1013 15:26:06.499706 21565 thread.cpp:96] Thread 524337 construct Actor kTick 1099614388316
I1013 15:26:06.499773 21565 runtime_context.cpp:29] DecreaseCounter constructing_actor_cnt, current val is 279
I1013 15:26:06.500042 21565 naive_actor.cpp:25] actor 1099614388268 switch to &NaiveActor::HandlerNormal
I1013 15:26:06.500090 21565 thread.cpp:96] Thread 524337 construct Actor kSrcSubsetTick 1099614388268
I1013 15:26:06.500140 21565 runtime_context.cpp:29] DecreaseCounter constructing_actor_cnt, current val is 278
I1013 15:26:06.500414 21565 naive_actor.cpp:25] actor 1099614388279 switch to &NaiveActor::HandlerNormal
I1013 15:26:06.500464 21565 thread.cpp:96] Thread 524337 construct Actor kTick 1099614388279
I1013 15:26:06.500474 21580 naive_actor.cpp:25] actor 2199023255569 switch to &NaiveActor::HandlerNormal
I1013 15:26:06.500519 21580 thread.cpp:96] Thread 1048576 construct Actor kNormalForward 2199023255569
I1013 15:26:06.500526 21565 runtime_context.cpp:29] DecreaseCounter constructing_actor_cnt, current val is 277
I1013 15:26:06.500607 21580 runtime_context.cpp:29] DecreaseCounter constructing_actor_cnt, current val is 276
I1013 15:26:06.500829 21565 naive_actor.cpp:25] actor 1099614388273 switch to &NaiveActor::HandlerNormal
I1013 15:26:06.500880 21565 thread.cpp:96] Thread 524337 construct Actor kTick 1099614388273
I1013 15:26:06.500941 21580 naive_actor.cpp:25] actor 2199023255588 switch to &NaiveActor::HandlerNormal
I1013 15:26:06.500942 21565 runtime_context.cpp:29] DecreaseCounter constructing_actor_cnt, current val is 275
I1013 15:26:06.500982 21580 thread.cpp:96] Thread 1048576 construct Actor kNormalForward 2199023255588
I1013 15:26:06.501065 21580 runtime_context.cpp:29] DecreaseCounter constructing_actor_cnt, current val is 274
I1013 15:26:06.501245 21565 naive_actor.cpp:25] actor 1099614388281 switch to &NaiveActor::HandlerNormal
I1013 15:26:06.501294 21565 thread.cpp:96] Thread 524337 construct Actor kTick 1099614388281
I1013 15:26:06.501359 21565 runtime_context.cpp:29] DecreaseCounter constructing_actor_cnt, current val is 273
I1013 15:26:06.501633 21565 naive_actor.cpp:25] actor 1099614388275 switch to &NaiveActor::HandlerNormal
I1013 15:26:06.501682 21565 thread.cpp:96] Thread 524337 construct Actor kTick 1099614388275
I1013 15:26:06.501732 21565 runtime_context.cpp:29] DecreaseCounter constructing_actor_cnt, current val is 272
I1013 15:26:06.501925 21580 naive_actor.cpp:25] actor 2199023255572 switch to &NaiveActor::HandlerNormal
I1013 15:26:06.501982 21580 thread.cpp:96] Thread 1048576 construct Actor kNormalForward 2199023255572
I1013 15:26:06.502032 21565 naive_actor.cpp:25] actor 1099614388272 switch to &NaiveActor::HandlerNormal
I1013 15:26:06.502049 21580 runtime_context.cpp:29] DecreaseCounter constructing_actor_cnt, current val is 271
I1013 15:26:06.502068 21565 thread.cpp:96] Thread 524337 construct Actor kDstSubsetTick 1099614388272
I1013 15:26:06.502163 21565 runtime_context.cpp:29] DecreaseCounter constructing_actor_cnt, current val is 270
I1013 15:26:06.502460 21565 naive_actor.cpp:25] actor 1099614388280 switch to &NaiveActor::HandlerNormal
I1013 15:26:06.502508 21565 thread.cpp:96] Thread 524337 construct Actor kDstSubsetTick 1099614388280
I1013 15:26:06.502562 21565 runtime_context.cpp:29] DecreaseCounter constructing_actor_cnt, current val is 269
I1013 15:26:06.502781 21580 naive_actor.cpp:25] actor 2199023255590 switch to &NaiveActor::HandlerNormal
I1013 15:26:06.502837 21580 thread.cpp:96] Thread 1048576 construct Actor kNormalForward 2199023255590
I1013 15:26:06.502864 21565 naive_actor.cpp:25] actor 1099614388277 switch to &NaiveActor::HandlerNormal
I1013 15:26:06.502945 21565 thread.cpp:96] Thread 524337 construct Actor kSrcSubsetTick 1099614388277
I1013 15:26:06.502959 21580 runtime_context.cpp:29] DecreaseCounter constructing_actor_cnt, current val is 268
I1013 15:26:06.502995 21565 runtime_context.cpp:29] DecreaseCounter constructing_actor_cnt, current val is 267
I1013 15:26:06.503271 21565 naive_actor.cpp:25] actor 1099614388271 switch to &NaiveActor::HandlerNormal
I1013 15:26:06.503283 21580 naive_actor.cpp:25] actor 2199023255578 switch to &NaiveActor::HandlerNormal
I1013 15:26:06.503321 21565 thread.cpp:96] Thread 524337 construct Actor kTick 1099614388271
I1013 15:26:06.503350 21580 thread.cpp:96] Thread 1048576 construct Actor kNormalForward 2199023255578
I1013 15:26:06.503422 21565 runtime_context.cpp:29] DecreaseCounter constructing_actor_cnt, current val is 266
I1013 15:26:06.503444 21580 runtime_context.cpp:29] DecreaseCounter constructing_actor_cnt, current val is 265
I1013 15:26:06.503700 21565 naive_actor.cpp:25] actor 1099614388292 switch to &NaiveActor::HandlerNormal
I1013 15:26:06.503751 21565 thread.cpp:96] Thread 524337 construct Actor kTick 1099614388292
I1013 15:26:06.503759 21580 naive_actor.cpp:25] actor 2199023255571 switch to &NaiveActor::HandlerNormal
I1013 15:26:06.503813 21580 thread.cpp:96] Thread 1048576 construct Actor kNormalForward 2199023255571
I1013 15:26:06.503818 21565 runtime_context.cpp:29] DecreaseCounter constructing_actor_cnt, current val is 264
I1013 15:26:06.503871 21580 runtime_context.cpp:29] DecreaseCounter constructing_actor_cnt, current val is 263
I1013 15:26:06.504096 21565 naive_actor.cpp:25] actor 1099614388286 switch to &NaiveActor::HandlerNormal
I1013 15:26:06.504146 21565 thread.cpp:96] Thread 524337 construct Actor kTick 1099614388286
I1013 15:26:06.504196 21565 runtime_context.cpp:29] DecreaseCounter constructing_actor_cnt, current val is 262
I1013 15:26:06.504487 21565 reentrant_lock_actor.cpp:76] actor 1099614388283 switch to &ReentrantLockActor::HandlerNormal
I1013 15:26:06.504536 21565 thread.cpp:96] Thread 524337 construct Actor kReentrantLock 1099614388283
I1013 15:26:06.504606 21565 runtime_context.cpp:29] DecreaseCounter constructing_actor_cnt, current val is 261
I1013 15:26:06.504714 21580 naive_actor.cpp:25] actor 2199023255579 switch to &NaiveActor::HandlerNormal
I1013 15:26:06.504770 21580 thread.cpp:96] Thread 1048576 construct Actor kNormalForward 2199023255579
I1013 15:26:06.504850 21580 runtime_context.cpp:29] DecreaseCounter constructing_actor_cnt, current val is 260
I1013 15:26:06.504899 21565 naive_actor.cpp:25] actor 1099614388300 switch to &NaiveActor::HandlerNormal
I1013 15:26:06.504949 21565 thread.cpp:96] Thread 524337 construct Actor kTick 1099614388300
I1013 15:26:06.505017 21565 runtime_context.cpp:29] DecreaseCounter constructing_actor_cnt, current val is 259
I1013 15:26:06.505288 21565 naive_actor.cpp:25] actor 1099614388290 switch to &NaiveActor::HandlerNormal
I1013 15:26:06.505335 21565 thread.cpp:96] Thread 524337 construct Actor kTick 1099614388290
I1013 15:26:06.505388 21565 runtime_context.cpp:29] DecreaseCounter constructing_actor_cnt, current val is 258
I1013 15:26:06.505682 21565 naive_actor.cpp:25] actor 1099614388296 switch to &NaiveActor::HandlerNormal
I1013 15:26:06.505692 21580 naive_actor.cpp:25] actor 2199023255584 switch to &NaiveActor::HandlerNormal
I1013 15:26:06.505735 21565 thread.cpp:96] Thread 524337 construct Actor kTick 1099614388296
I1013 15:26:06.505764 21580 thread.cpp:96] Thread 1048576 construct Actor kNormalForward 2199023255584
I1013 15:26:06.505820 21565 runtime_context.cpp:29] DecreaseCounter constructing_actor_cnt, current val is 257
I1013 15:26:06.505851 21580 runtime_context.cpp:29] DecreaseCounter constructing_actor_cnt, current val is 256
I1013 15:26:06.506083 21565 naive_actor.cpp:25] actor 1099614388285 switch to &NaiveActor::HandlerNormal
I1013 15:26:06.506132 21565 thread.cpp:96] Thread 524337 construct Actor kTick 1099614388285
I1013 15:26:06.506165 21580 naive_actor.cpp:25] actor 2199023255576 switch to &NaiveActor::HandlerNormal
I1013 15:26:06.506263 21580 thread.cpp:96] Thread 1048576 construct Actor kNormalForward 2199023255576
I1013 15:26:06.506289 21565 runtime_context.cpp:29] DecreaseCounter constructing_actor_cnt, current val is 255
I1013 15:26:06.506325 21580 runtime_context.cpp:29] DecreaseCounter constructing_actor_cnt, current val is 254
I1013 15:26:06.506552 21565 naive_actor.cpp:25] actor 1099614388287 switch to &NaiveActor::HandlerNormal
I1013 15:26:06.506610 21565 thread.cpp:96] Thread 524337 construct Actor kTick 1099614388287
I1013 15:26:06.506645 21580 naive_actor.cpp:25] actor 2199023255586 switch to &NaiveActor::HandlerNormal
