Log file created at: 2021/10/13 15:33:08
Running on machine: oneflow-14
Log line format: [IWEF]mmdd hh:mm:ss.uuuuuu threadid file:line] msg
I1013 15:33:08.396986 33389 global.h:36] NewGlobal 14cudaDeviceProp
I1013 15:33:08.398435 33389 global.h:36] NewGlobal N7oneflow7EnvDescE
I1013 15:33:08.398458 33389 global.h:36] NewGlobal N7oneflow10ProcessCtxE
I1013 15:33:08.398466 33389 env_global_objects_scope.cpp:152] using rpc backend: local
I1013 15:33:08.398535 33389 global.h:36] NewGlobal N7oneflow12ResourceDescE
I1013 15:33:08.398551 33389 global.h:36] NewGlobal N7oneflow12ResourceDescE
I1013 15:33:08.472276 33389 global.h:36] NewGlobal N7oneflow10ThreadPoolE
I1013 15:33:08.473479 33389 global.h:36] NewGlobal N7oneflow16EagerNcclCommMgrE
I1013 15:33:08.473498 33389 global.h:36] NewGlobal N7oneflow18CudnnConvAlgoCacheE
I1013 15:33:08.473507 33389 global.h:36] NewGlobal N7oneflow2vm19VirtualMachineScopeE
I1013 15:33:08.473517 33389 global.h:36] NewGlobal N7oneflow9OneflowVME
I1013 15:33:08.474454 33389 oneflow_vm.cpp:75] transport stream type: N7oneflow2vm13CpuStreamTypeE
I1013 15:33:08.474473 33389 oneflow_vm.cpp:75] transport stream type: N7oneflow2vm14CudaStreamTypeE
I1013 15:33:08.474483 33389 oneflow_vm.cpp:75] transport stream type: N7oneflow2vm19AsyncCudaStreamTypeE
I1013 15:33:08.474632 33389 global.h:36] NewGlobal N7oneflow27EagerJobBuildAndInferCtxMgrE
I1013 15:33:08.474647 33389 global.h:36] NewGlobal N7oneflow12EpollCommNetE
I1013 15:33:08.474787 33389 epoll_comm_network.cpp:63] CommNet:Epoll listening on 0.0.0.0:42284
I1013 15:33:08.474825 33389 epoll_comm_network.cpp:197] machine 0 sockfd -1
I1013 15:33:08.474951 33389 global.h:36] NewGlobal N7oneflow9TransportE
I1013 15:33:08.476722 33389 global.h:43] DeleteGlobal N7oneflow12ResourceDescE
I1013 15:33:08.476752 33389 version.cpp:22] OneFlow git version: b295ca2324
I1013 15:33:08.476770 33389 device_register_gpu.cpp:56] CUDA runtime version: 11.2
I1013 15:33:08.476799 33389 device_register_gpu.cpp:65] cuDNN version: 8.1.1
I1013 15:33:08.476810 33389 device_register_gpu.cpp:78] NCCL version: 2.9.8
I1013 15:33:08.476820 33389 global.h:36] NewGlobal N7oneflow12ResourceDescE
I1013 15:33:08.476830 33389 global.h:36] NewGlobal N7oneflow5IDMgrE
I1013 15:33:08.476837 33389 global.h:36] NewGlobal N7oneflow16AvailableMemDescE
I1013 15:33:08.476862 33389 global.h:36] NewGlobal St13unordered_mapISslSt4hashISsESt8equal_toISsESaISt4pairIKSslEEE
I1013 15:33:08.476872 33389 global.h:36] NewGlobal N7oneflow19CriticalSectionDescE
I1013 15:33:08.476879 33389 global.h:36] NewGlobal N7oneflow16InterUserJobInfoE
I1013 15:33:08.476889 33389 global.h:36] NewGlobal N7oneflow26LazyJobBuildAndInferCtxMgrE
I1013 15:33:08.476897 33389 global.h:36] NewGlobal N7oneflow16JobSetCompileCtxE
I1013 15:33:08.476905 33389 global.h:36] NewGlobal N7oneflow26RuntimeBufferManagersScopeE
I1013 15:33:08.476913 33389 global.h:36] NewGlobal N7oneflow9BufferMgrIlEE
I1013 15:33:08.476922 33389 global.h:36] NewGlobal N7oneflow9BufferMgrISt10shared_ptrINS_11JobInstanceEEEE
I1013 15:33:08.476929 33389 global.h:36] NewGlobal N7oneflow10RuntimeCtxE
I1013 15:33:08.476938 33389 global.h:36] NewGlobal N7oneflow15MemoryAllocatorE
I1013 15:33:08.476945 33389 global.h:36] NewGlobal N7oneflow8ChunkMgrE
I1013 15:33:08.476953 33389 global.h:36] NewGlobal N7oneflow8RegstMgrE
I1013 15:33:08.476961 33389 global.h:36] NewGlobal N7oneflow11ActorMsgBusE
I1013 15:33:08.476969 33389 global.h:36] NewGlobal N7oneflow9ThreadMgrE
I1013 15:33:08.476976 33389 global.h:36] NewGlobal N7oneflow15RuntimeJobDescsE
I1013 15:33:08.476984 33389 global.h:36] NewGlobal N7oneflow7summary12EventsWriterE
I1013 15:33:08.476994 33389 global.h:36] NewGlobal N7oneflow6boxing10collective24CollectiveBoxingExecutorE
I1013 15:33:08.477003 33389 global.h:36] NewGlobal N7oneflow6boxing10collective31CollectiveBoxingDeviceCtxPollerE
I1013 15:33:08.477152 33389 session.h:77] NewGlobal N7oneflow25SessionGlobalObjectsScopeE
I1013 15:33:08.477891 33389 global.h:36] NewGlobal N7oneflow7JobDescE
I1013 15:33:08.846426 33389 global.h:43] DeleteGlobal N7oneflow7JobDescE
I1013 15:33:08.846684 33389 global.h:36] NewGlobal N7oneflow7JobDescE
I1013 15:33:08.849690 33389 global.h:36] NewGlobal N7oneflow7OpGraphE
I1013 15:33:08.853670 33389 global.h:43] DeleteGlobal N7oneflow7OpGraphE
I1013 15:33:09.020969 33389 global.h:43] DeleteGlobal N7oneflow7JobDescE
I1013 15:33:09.039167 33389 global.h:36] NewGlobal N7oneflow24InterJobReuseMemStrategyE
I1013 15:33:09.039212 33389 global.h:36] NewGlobal N7oneflow7OneflowE
I1013 15:33:09.053719 33389 global.h:36] NewGlobal N7oneflow7JobDescE
I1013 15:33:09.278805 33389 global.h:36] NewGlobal N7oneflow7OpGraphE
I1013 15:33:09.352902 33389 global.h:43] DeleteGlobal N7oneflow7OpGraphE
I1013 15:33:09.362867 33389 oneflow.cpp:210] 
job_id: 0 , job_name: train_job , compile time: 0.309031 seconds.
I1013 15:33:09.410979 33389 global.h:43] DeleteGlobal N7oneflow7JobDescE
I1013 15:33:09.411271 33389 global.h:36] NewGlobal N7oneflow7JobDescE
I1013 15:33:09.457561 33389 global.h:36] NewGlobal N7oneflow7OpGraphE
I1013 15:33:09.474686 33389 global.h:43] DeleteGlobal N7oneflow7OpGraphE
I1013 15:33:09.479557 33389 oneflow.cpp:210] 
job_id: 1 , job_name: System-ModelInit , compile time: 0.0681426 seconds.
I1013 15:33:09.491135 33389 global.h:43] DeleteGlobal N7oneflow7JobDescE
I1013 15:33:09.491228 33389 global.h:36] NewGlobal N7oneflow7JobDescE
I1013 15:33:09.535914 33389 global.h:36] NewGlobal N7oneflow7OpGraphE
I1013 15:33:09.553059 33389 global.h:43] DeleteGlobal N7oneflow7OpGraphE
I1013 15:33:09.557740 33389 oneflow.cpp:210] 
job_id: 2 , job_name: System-ModelLoad , compile time: 0.0664914 seconds.
I1013 15:33:09.569344 33389 global.h:43] DeleteGlobal N7oneflow7JobDescE
I1013 15:33:09.569370 33389 global.h:36] NewGlobal N7oneflow7JobDescE
I1013 15:33:09.613636 33389 global.h:36] NewGlobal N7oneflow7OpGraphE
I1013 15:33:09.630632 33389 global.h:43] DeleteGlobal N7oneflow7OpGraphE
I1013 15:33:09.635299 33389 oneflow.cpp:210] 
job_id: 3 , job_name: System-ModelSave , compile time: 0.0659108 seconds.
I1013 15:33:09.647614 33389 global.h:43] DeleteGlobal N7oneflow7JobDescE
I1013 15:33:09.647657 33389 global.h:36] NewGlobal N7oneflow7JobDescE
I1013 15:33:09.656157 33389 global.h:36] NewGlobal N7oneflow7OpGraphE
I1013 15:33:09.659956 33389 global.h:43] DeleteGlobal N7oneflow7OpGraphE
I1013 15:33:09.661427 33389 oneflow.cpp:210] 
job_id: 4 , job_name: System-Pull-Return_20 , compile time: 0.0137411 seconds.
I1013 15:33:09.665017 33389 global.h:43] DeleteGlobal N7oneflow7JobDescE
I1013 15:33:09.669427 33389 global.h:36] NewGlobal N7oneflow7JobDescE
I1013 15:33:09.669477 33389 global.h:36] NewGlobal N7oneflow7OpGraphE
I1013 15:33:09.675001 33389 global.h:43] DeleteGlobal N7oneflow7OpGraphE
I1013 15:33:09.678205 33389 oneflow.cpp:210] 
job_id: 5 , job_name: MainJob-unamed , compile time: 0.00873702 seconds.
I1013 15:33:09.685046 33389 global.h:43] DeleteGlobal N7oneflow7JobDescE
I1013 15:33:09.687595 33389 plan_util.cpp:928]  Plan: merged_plan needs to allocate [ 374.837 MiB ] device memory in Rank: 0 , Device: 0
I1013 15:33:09.787693 33389 oneflow.cpp:998]  PushPlan merged_plan time: 0.00984192 seconds.
I1013 15:33:09.816599 33389 oneflow.cpp:1014]  PullPlan merged_plan time: 0.024884 seconds.
I1013 15:33:11.832520 33389 runtime_context.cpp:21] NewCounter constructing_actor_cnt 388
I1013 15:33:11.833662 34109 naive_actor.cpp:25] actor 2199023255699 switch to &NaiveActor::HandlerNormal
I1013 15:33:11.834116 34109 thread.cpp:96] Thread 1048576 construct Actor kDeviceTick 2199023255699
I1013 15:33:11.834089 34090 wait_and_send_ids_actor.cpp:53] actor 1099616485376 switch to &WaitAndSendIdsActor::HandlerWaitToStart
I1013 15:33:11.833798 34089 naive_actor.cpp:25] actor 1099614388226 switch to &NaiveActor::HandlerNormal
I1013 15:33:11.834252 34109 runtime_context.cpp:29] DecreaseCounter constructing_actor_cnt, current val is 387
I1013 15:33:11.834303 34089 thread.cpp:96] Thread 524337 construct Actor kDeviceTick 1099614388226
I1013 15:33:11.834255 34090 thread.cpp:96] Thread 524338 construct Actor kWaitAndSendIds 1099616485376
I1013 15:33:11.834414 34090 runtime_context.cpp:29] DecreaseCounter constructing_actor_cnt, current val is 386
I1013 15:33:11.834419 34089 runtime_context.cpp:29] DecreaseCounter constructing_actor_cnt, current val is 385
I1013 15:33:11.834579 34109 naive_actor.cpp:25] actor 2199023255738 switch to &NaiveActor::HandlerNormal
I1013 15:33:11.834674 34109 thread.cpp:96] Thread 1048576 construct Actor kDeviceTick 2199023255738
I1013 15:33:11.834764 34109 runtime_context.cpp:29] DecreaseCounter constructing_actor_cnt, current val is 384
I1013 15:33:11.834903 34089 naive_actor.cpp:25] actor 1099614388233 switch to &NaiveActor::HandlerNormal
I1013 15:33:11.834942 34089 thread.cpp:96] Thread 524337 construct Actor kDeviceTick 1099614388233
I1013 15:33:11.834998 34089 runtime_context.cpp:29] DecreaseCounter constructing_actor_cnt, current val is 383
I1013 15:33:11.835009 34109 naive_actor.cpp:25] actor 2199023255777 switch to &NaiveActor::HandlerNormal
I1013 15:33:11.835109 34109 thread.cpp:96] Thread 1048576 construct Actor kDeviceTick 2199023255777
I1013 15:33:11.835186 34109 runtime_context.cpp:29] DecreaseCounter constructing_actor_cnt, current val is 382
I1013 15:33:11.835351 34089 naive_actor.cpp:25] actor 1099614388243 switch to &NaiveActor::HandlerNormal
I1013 15:33:11.835415 34089 thread.cpp:96] Thread 524337 construct Actor kDeviceTick 1099614388243
I1013 15:33:11.835467 34109 naive_actor.cpp:25] actor 2199023255816 switch to &NaiveActor::HandlerNormal
I1013 15:33:11.835474 34089 runtime_context.cpp:29] DecreaseCounter constructing_actor_cnt, current val is 381
I1013 15:33:11.835505 34109 thread.cpp:96] Thread 1048576 construct Actor kDeviceTick 2199023255816
I1013 15:33:11.835609 34109 runtime_context.cpp:29] DecreaseCounter constructing_actor_cnt, current val is 380
I1013 15:33:11.835793 34089 naive_actor.cpp:25] actor 1099614388252 switch to &NaiveActor::HandlerNormal
I1013 15:33:11.835829 34089 thread.cpp:96] Thread 524337 construct Actor kDeviceTick 1099614388252
I1013 15:33:11.835880 34089 runtime_context.cpp:29] DecreaseCounter constructing_actor_cnt, current val is 379
I1013 15:33:11.836124 34089 naive_actor.cpp:25] actor 1099614388261 switch to &NaiveActor::HandlerNormal
I1013 15:33:11.836158 34089 thread.cpp:96] Thread 524337 construct Actor kDeviceTick 1099614388261
I1013 15:33:11.836207 34089 runtime_context.cpp:29] DecreaseCounter constructing_actor_cnt, current val is 378
I1013 15:33:11.836437 34089 naive_actor.cpp:25] actor 1099614388269 switch to &NaiveActor::HandlerNormal
I1013 15:33:11.836472 34089 thread.cpp:96] Thread 524337 construct Actor kDeviceTick 1099614388269
I1013 15:33:11.836521 34089 runtime_context.cpp:29] DecreaseCounter constructing_actor_cnt, current val is 377
I1013 15:33:11.836767 34089 naive_actor.cpp:25] actor 1099614388276 switch to &NaiveActor::HandlerNormal
I1013 15:33:11.836802 34089 thread.cpp:96] Thread 524337 construct Actor kDeviceTick 1099614388276
I1013 15:33:11.836861 34089 runtime_context.cpp:29] DecreaseCounter constructing_actor_cnt, current val is 376
I1013 15:33:11.846040 34088 naive_actor.cpp:25] actor 1099555667968 switch to &NaiveActor::HandlerNormal
I1013 15:33:11.846168 34088 thread.cpp:96] Thread 524309 construct Actor kForeignOutput 1099555667968
I1013 15:33:11.846244 34113 naive_actor.cpp:25] actor 2199027449856 switch to &NaiveActor::HandlerNormal
I1013 15:33:11.846238 34111 naive_actor.cpp:25] actor 2199025352706 switch to &NaiveActor::HandlerNormal
I1013 15:33:11.846221 34073 naive_actor.cpp:25] actor 1099524210688 switch to &NaiveActor::HandlerNormal
I1013 15:33:11.846253 34089 naive_actor.cpp:25] actor 1099614388224 switch to &NaiveActor::HandlerNormal
I1013 15:33:11.846328 34088 runtime_context.cpp:29] DecreaseCounter constructing_actor_cnt, current val is 375
I1013 15:33:11.846340 34113 thread.cpp:96] Thread 1048578 construct Actor kCopyHd 2199027449856
I1013 15:33:11.846619 34081 naive_actor.cpp:25] actor 1099540987904 switch to &NaiveActor::HandlerNormal
I1013 15:33:11.846455 34072 naive_actor.cpp:25] actor 1099522113536 switch to &NaiveActor::HandlerNormal
I1013 15:33:11.846465 34073 thread.cpp:96] Thread 524294 construct Actor kNormalForward 1099524210688
I1013 15:33:11.846865 34084 naive_actor.cpp:25] actor 1099547279360 switch to &NaiveActor::HandlerNormal
I1013 15:33:11.846933 34077 naive_actor.cpp:25] actor 1099532599296 switch to &NaiveActor::HandlerNormal
I1013 15:33:11.846999 34076 naive_actor.cpp:25] actor 1099530502144 switch to &NaiveActor::HandlerNormal
I1013 15:33:11.847031 34076 thread.cpp:96] Thread 524297 construct Actor kNormalForward 1099530502144
I1013 15:33:11.846561 34109 naive_actor.cpp:25] actor 2199023255553 switch to &NaiveActor::HandlerNormal
I1013 15:33:11.847110 34076 runtime_context.cpp:29] DecreaseCounter constructing_actor_cnt, current val is 372
I1013 15:33:11.846640 34086 naive_actor.cpp:25] actor 1099551473664 switch to &NaiveActor::HandlerNormal
I1013 15:33:11.847301 34086 thread.cpp:96] Thread 524307 construct Actor kNormalForward 1099551473664
I1013 15:33:11.846678 34113 runtime_context.cpp:29] DecreaseCounter constructing_actor_cnt, current val is 374
I1013 15:33:11.847417 34086 runtime_context.cpp:29] DecreaseCounter constructing_actor_cnt, current val is 371
I1013 15:33:11.846698 34082 naive_actor.cpp:25] actor 1099543085056 switch to &NaiveActor::HandlerNormal
I1013 15:33:11.847520 34082 thread.cpp:96] Thread 524303 construct Actor kNormalForward 1099543085056
I1013 15:33:11.846712 34081 thread.cpp:96] Thread 524302 construct Actor kForeignInput 1099540987904
I1013 15:33:11.846783 34078 naive_actor.cpp:25] actor 1099534696448 switch to &NaiveActor::HandlerNormal
I1013 15:33:11.846786 34072 thread.cpp:96] Thread 524293 construct Actor kNormalForward 1099522113536
I1013 15:33:11.847709 34078 thread.cpp:96] Thread 524299 construct Actor kForeignInput 1099534696448
I1013 15:33:11.846521 34074 naive_actor.cpp:25] actor 1099526307840 switch to &NaiveActor::HandlerNormal
I1013 15:33:11.847795 34072 runtime_context.cpp:29] DecreaseCounter constructing_actor_cnt, current val is 368
I1013 15:33:11.847812 34074 thread.cpp:96] Thread 524295 construct Actor kNormalForward 1099526307840
I1013 15:33:11.846935 34084 thread.cpp:96] Thread 524305 construct Actor kForeignInput 1099547279360
I1013 15:33:11.847896 34074 runtime_context.cpp:29] DecreaseCounter constructing_actor_cnt, current val is 366
I1013 15:33:11.846536 34089 thread.cpp:96] Thread 524337 construct Actor kDeviceTick 1099614388224
I1013 15:33:11.846951 34071 naive_actor.cpp:25] actor 1099520016384 switch to &NaiveActor::HandlerNormal
I1013 15:33:11.848009 34089 runtime_context.cpp:29] DecreaseCounter constructing_actor_cnt, current val is 364
I1013 15:33:11.848027 34071 thread.cpp:96] Thread 524292 construct Actor kNormalForward 1099520016384
I1013 15:33:11.847012 34077 thread.cpp:96] Thread 524298 construct Actor kNormalForward 1099532599296
I1013 15:33:11.846582 34087 naive_actor.cpp:25] actor 1099553570816 switch to &NaiveActor::HandlerNormal
I1013 15:33:11.848220 34087 thread.cpp:96] Thread 524308 construct Actor kNormalForward 1099553570816
I1013 15:33:11.847060 34075 naive_actor.cpp:25] actor 1099528404992 switch to &NaiveActor::HandlerNormal
I1013 15:33:11.848302 34087 runtime_context.cpp:29] DecreaseCounter constructing_actor_cnt, current val is 361
I1013 15:33:11.848313 34075 thread.cpp:96] Thread 524296 construct Actor kNormalForward 1099528404992
I1013 15:33:11.847229 34069 naive_actor.cpp:25] actor 1099515822080 switch to &NaiveActor::HandlerNormal
I1013 15:33:11.848415 34075 runtime_context.cpp:29] DecreaseCounter constructing_actor_cnt, current val is 360
I1013 15:33:11.848448 34089 naive_actor.cpp:25] actor 1099614388225 switch to &NaiveActor::HandlerNormal
I1013 15:33:11.846684 34080 naive_actor.cpp:25] actor 1099538890752 switch to &NaiveActor::HandlerNormal
I1013 15:33:11.848551 34080 thread.cpp:96] Thread 524301 construct Actor kNormalForward 1099538890752
I1013 15:33:11.847472 34070 naive_actor.cpp:25] actor 1099517919232 switch to &NaiveActor::HandlerNormal
I1013 15:33:11.846726 34085 naive_actor.cpp:25] actor 1099549376512 switch to &NaiveActor::HandlerNormal
I1013 15:33:11.847617 34082 runtime_context.cpp:29] DecreaseCounter constructing_actor_cnt, current val is 370
I1013 15:33:11.847672 34068 naive_actor.cpp:25] actor 1099513724928 switch to &NaiveActor::HandlerNormal
I1013 15:33:11.848862 34068 thread.cpp:96] Thread 524289 construct Actor kNormalForward 1099513724928
I1013 15:33:11.846822 34079 naive_actor.cpp:25] actor 1099536793600 switch to &NaiveActor::HandlerNormal
I1013 15:33:11.848966 34079 thread.cpp:96] Thread 524300 construct Actor kNormalForward 1099536793600
I1013 15:33:11.846912 34073 runtime_context.cpp:29] DecreaseCounter constructing_actor_cnt, current val is 373
I1013 15:33:11.849037 34079 runtime_context.cpp:29] DecreaseCounter constructing_actor_cnt, current val is 357
I1013 15:33:11.847820 34078 runtime_context.cpp:29] DecreaseCounter constructing_actor_cnt, current val is 367
I1013 15:33:11.846941 34091 sink_actor.cpp:21] actor 1099618582528 switch to &SinkActor::HandlerNormal
I1013 15:33:11.849182 34091 thread.cpp:96] Thread 524339 construct Actor kCallbackNotify 1099618582528
I1013 15:33:11.847935 34084 runtime_context.cpp:29] DecreaseCounter constructing_actor_cnt, current val is 365
I1013 15:33:11.849248 34091 runtime_context.cpp:29] DecreaseCounter constructing_actor_cnt, current val is 356
I1013 15:33:11.848121 34071 runtime_context.cpp:29] DecreaseCounter constructing_actor_cnt, current val is 363
I1013 15:33:11.848150 34077 runtime_context.cpp:29] DecreaseCounter constructing_actor_cnt, current val is 362
I1013 15:33:11.846429 34111 thread.cpp:96] Thread 1048577 construct Actor kCopyHd 2199025352706
I1013 15:33:11.847123 34109 thread.cpp:96] Thread 1048576 construct Actor kNormalForward 2199023255553
I1013 15:33:11.849509 34111 runtime_context.cpp:29] DecreaseCounter constructing_actor_cnt, current val is 355
I1013 15:33:11.848410 34069 thread.cpp:96] Thread 524290 construct Actor kNormalForward 1099515822080
I1013 15:33:11.846648 34083 naive_actor.cpp:25] actor 1099545182208 switch to &NaiveActor::HandlerNormal
I1013 15:33:11.849650 34069 runtime_context.cpp:29] DecreaseCounter constructing_actor_cnt, current val is 353
I1013 15:33:11.849665 34083 thread.cpp:96] Thread 524304 construct Actor kNormalForward 1099545182208
I1013 15:33:11.849697 34111 naive_actor.cpp:25] actor 2199025352707 switch to &NaiveActor::HandlerNormal
I1013 15:33:11.849750 34111 thread.cpp:96] Thread 1048577 construct Actor kCopyHd 2199025352707
I1013 15:33:11.848670 34085 thread.cpp:96] Thread 524306 construct Actor kNormalForward 1099549376512
I1013 15:33:11.847688 34081 runtime_context.cpp:29] DecreaseCounter constructing_actor_cnt, current val is 369
I1013 15:33:11.849870 34085 runtime_context.cpp:29] DecreaseCounter constructing_actor_cnt, current val is 350
I1013 15:33:11.849555 34109 runtime_context.cpp:29] DecreaseCounter constructing_actor_cnt, current val is 354
I1013 15:33:11.848503 34089 thread.cpp:96] Thread 524337 construct Actor kSrcSubsetTick 1099614388225
I1013 15:33:11.848620 34070 thread.cpp:96] Thread 524291 construct Actor kNormalForward 1099517919232
I1013 15:33:11.848632 34080 runtime_context.cpp:29] DecreaseCounter constructing_actor_cnt, current val is 359
I1013 15:33:11.849756 34083 runtime_context.cpp:29] DecreaseCounter constructing_actor_cnt, current val is 352
I1013 15:33:11.849793 34111 runtime_context.cpp:29] DecreaseCounter constructing_actor_cnt, current val is 351
I1013 15:33:11.848992 34068 runtime_context.cpp:29] DecreaseCounter constructing_actor_cnt, current val is 358
I1013 15:33:11.849925 34067 naive_actor.cpp:25] actor 1099511627776 switch to &NaiveActor::HandlerNormal
I1013 15:33:11.850178 34089 runtime_context.cpp:29] DecreaseCounter constructing_actor_cnt, current val is 349
I1013 15:33:11.850345 34070 runtime_context.cpp:29] DecreaseCounter constructing_actor_cnt, current val is 348
I1013 15:33:11.850730 34111 naive_actor.cpp:25] actor 2199025352708 switch to &NaiveActor::HandlerNormal
I1013 15:33:11.850757 34067 thread.cpp:96] Thread 524288 construct Actor kNormalForward 1099511627776
I1013 15:33:11.850991 34111 thread.cpp:96] Thread 1048577 construct Actor kCopyHd 2199025352708
I1013 15:33:11.851080 34109 naive_actor.cpp:25] actor 2199023255562 switch to &NaiveActor::HandlerNormal
I1013 15:33:11.851094 34067 runtime_context.cpp:29] DecreaseCounter constructing_actor_cnt, current val is 347
I1013 15:33:11.851161 34111 runtime_context.cpp:29] DecreaseCounter constructing_actor_cnt, current val is 346
I1013 15:33:11.851168 34109 thread.cpp:96] Thread 1048576 construct Actor kNormalForward 2199023255562
I1013 15:33:11.851326 34109 runtime_context.cpp:29] DecreaseCounter constructing_actor_cnt, current val is 345
I1013 15:33:11.851393 34111 naive_actor.cpp:25] actor 2199025352704 switch to &NaiveActor::HandlerNormal
I1013 15:33:11.851418 34089 esac_actor.cpp:73] actor 1099614388321 switch to &EsacActor::HandlerNormal
I1013 15:33:11.851442 34111 thread.cpp:96] Thread 1048577 construct Actor kCopyHd 2199025352704
I1013 15:33:11.851485 34089 thread.cpp:96] Thread 524337 construct Actor kEsac 1099614388321
I1013 15:33:11.851523 34111 runtime_context.cpp:29] DecreaseCounter constructing_actor_cnt, current val is 344
I1013 15:33:11.851584 34089 runtime_context.cpp:29] DecreaseCounter constructing_actor_cnt, current val is 343
I1013 15:33:11.851673 34111 naive_actor.cpp:25] actor 2199025352705 switch to &NaiveActor::HandlerNormal
I1013 15:33:11.851718 34111 thread.cpp:96] Thread 1048577 construct Actor kCopyHd 2199025352705
I1013 15:33:11.851769 34111 runtime_context.cpp:29] DecreaseCounter constructing_actor_cnt, current val is 342
I1013 15:33:11.851891 34111 naive_actor.cpp:25] actor 2199025352709 switch to &NaiveActor::HandlerNormal
I1013 15:33:11.851933 34111 thread.cpp:96] Thread 1048577 construct Actor kCopyHd 2199025352709
I1013 15:33:11.851960 34089 naive_actor.cpp:25] actor 1099614388239 switch to &NaiveActor::HandlerNormal
I1013 15:33:11.851970 34111 runtime_context.cpp:29] DecreaseCounter constructing_actor_cnt, current val is 341
I1013 15:33:11.852010 34089 thread.cpp:96] Thread 524337 construct Actor kTick 1099614388239
I1013 15:33:11.852083 34089 runtime_context.cpp:29] DecreaseCounter constructing_actor_cnt, current val is 340
I1013 15:33:11.852170 34111 naive_actor.cpp:25] actor 2199025352710 switch to &NaiveActor::HandlerNormal
I1013 15:33:11.852192 34109 naive_actor.cpp:25] actor 2199023255570 switch to &NaiveActor::HandlerNormal
I1013 15:33:11.852217 34111 thread.cpp:96] Thread 1048577 construct Actor kCopyHd 2199025352710
I1013 15:33:11.852244 34109 thread.cpp:96] Thread 1048576 construct Actor kNormalForward 2199023255570
I1013 15:33:11.852283 34111 runtime_context.cpp:29] DecreaseCounter constructing_actor_cnt, current val is 339
I1013 15:33:11.852326 34109 runtime_context.cpp:29] DecreaseCounter constructing_actor_cnt, current val is 338
I1013 15:33:11.852420 34089 naive_actor.cpp:25] actor 1099614388232 switch to &NaiveActor::HandlerNormal
I1013 15:33:11.852471 34089 thread.cpp:96] Thread 524337 construct Actor kTick 1099614388232
I1013 15:33:11.852537 34089 runtime_context.cpp:29] DecreaseCounter constructing_actor_cnt, current val is 337
I1013 15:33:11.852669 34109 naive_actor.cpp:25] actor 2199023255581 switch to &NaiveActor::HandlerNormal
I1013 15:33:11.852720 34109 thread.cpp:96] Thread 1048576 construct Actor kNormalForward 2199023255581
I1013 15:33:11.852782 34109 runtime_context.cpp:29] DecreaseCounter constructing_actor_cnt, current val is 336
I1013 15:33:11.852856 34089 naive_actor.cpp:25] actor 1099614388228 switch to &NaiveActor::HandlerNormal
I1013 15:33:11.852903 34089 thread.cpp:96] Thread 524337 construct Actor kTick 1099614388228
I1013 15:33:11.852958 34089 runtime_context.cpp:29] DecreaseCounter constructing_actor_cnt, current val is 335
I1013 15:33:11.853104 34109 naive_actor.cpp:25] actor 2199023255561 switch to &NaiveActor::HandlerNormal
I1013 15:33:11.853157 34109 thread.cpp:96] Thread 1048576 construct Actor kNormalForward 2199023255561
I1013 15:33:11.853228 34109 runtime_context.cpp:29] DecreaseCounter constructing_actor_cnt, current val is 334
I1013 15:33:11.853272 34089 naive_actor.cpp:25] actor 1099614388230 switch to &NaiveActor::HandlerNormal
I1013 15:33:11.853320 34089 thread.cpp:96] Thread 524337 construct Actor kTick 1099614388230
I1013 15:33:11.853490 34089 runtime_context.cpp:29] DecreaseCounter constructing_actor_cnt, current val is 333
I1013 15:33:11.853807 34089 naive_actor.cpp:25] actor 1099614388236 switch to &NaiveActor::HandlerNormal
I1013 15:33:11.853857 34089 thread.cpp:96] Thread 524337 construct Actor kTick 1099614388236
I1013 15:33:11.853922 34089 runtime_context.cpp:29] DecreaseCounter constructing_actor_cnt, current val is 332
I1013 15:33:11.854212 34089 naive_actor.cpp:25] actor 1099614388231 switch to &NaiveActor::HandlerNormal
I1013 15:33:11.854260 34089 thread.cpp:96] Thread 524337 construct Actor kTick 1099614388231
I1013 15:33:11.854270 34109 naive_actor.cpp:25] actor 2199023255554 switch to &NaiveActor::HandlerNormal
I1013 15:33:11.854315 34109 thread.cpp:96] Thread 1048576 construct Actor kNormalForward 2199023255554
I1013 15:33:11.854322 34089 runtime_context.cpp:29] DecreaseCounter constructing_actor_cnt, current val is 331
I1013 15:33:11.854390 34109 runtime_context.cpp:29] DecreaseCounter constructing_actor_cnt, current val is 330
I1013 15:33:11.854674 34089 naive_actor.cpp:25] actor 1099614388229 switch to &NaiveActor::HandlerNormal
I1013 15:33:11.854723 34089 thread.cpp:96] Thread 524337 construct Actor kDstSubsetTick 1099614388229
I1013 15:33:11.854728 34109 naive_actor.cpp:25] actor 2199023255557 switch to &NaiveActor::HandlerNormal
I1013 15:33:11.854786 34109 thread.cpp:96] Thread 1048576 construct Actor kNormalForward 2199023255557
I1013 15:33:11.854802 34089 runtime_context.cpp:29] DecreaseCounter constructing_actor_cnt, current val is 329
I1013 15:33:11.854847 34109 runtime_context.cpp:29] DecreaseCounter constructing_actor_cnt, current val is 328
I1013 15:33:11.855105 34089 naive_actor.cpp:25] actor 1099614388234 switch to &NaiveActor::HandlerNormal
I1013 15:33:11.855155 34089 thread.cpp:96] Thread 524337 construct Actor kSrcSubsetTick 1099614388234
I1013 15:33:11.855211 34089 runtime_context.cpp:29] DecreaseCounter constructing_actor_cnt, current val is 327
I1013 15:33:11.855509 34089 naive_actor.cpp:25] actor 1099614388237 switch to &NaiveActor::HandlerNormal
I1013 15:33:11.855556 34089 thread.cpp:96] Thread 524337 construct Actor kDstSubsetTick 1099614388237
I1013 15:33:11.855624 34089 runtime_context.cpp:29] DecreaseCounter constructing_actor_cnt, current val is 326
I1013 15:33:11.855831 34109 naive_actor.cpp:25] actor 2199023255602 switch to &NaiveActor::HandlerNormal
I1013 15:33:11.855887 34109 thread.cpp:96] Thread 1048576 construct Actor kNormalForward 2199023255602
I1013 15:33:11.855921 34089 naive_actor.cpp:25] actor 1099614388238 switch to &NaiveActor::HandlerNormal
I1013 15:33:11.855953 34089 thread.cpp:96] Thread 524337 construct Actor kTick 1099614388238
I1013 15:33:11.855971 34109 runtime_context.cpp:29] DecreaseCounter constructing_actor_cnt, current val is 325
I1013 15:33:11.856003 34089 runtime_context.cpp:29] DecreaseCounter constructing_actor_cnt, current val is 324
I1013 15:33:11.856284 34109 naive_actor.cpp:25] actor 2199023255591 switch to &NaiveActor::HandlerNormal
I1013 15:33:11.856290 34089 naive_actor.cpp:25] actor 1099614388241 switch to &NaiveActor::HandlerNormal
I1013 15:33:11.856338 34109 thread.cpp:96] Thread 1048576 construct Actor kNormalForward 2199023255591
I1013 15:33:11.856362 34089 thread.cpp:96] Thread 524337 construct Actor kDeviceTick 1099614388241
I1013 15:33:11.856431 34109 runtime_context.cpp:29] DecreaseCounter constructing_actor_cnt, current val is 323
I1013 15:33:11.856437 34089 runtime_context.cpp:29] DecreaseCounter constructing_actor_cnt, current val is 322
I1013 15:33:11.856730 34109 naive_actor.cpp:25] actor 2199023255563 switch to &NaiveActor::HandlerNormal
I1013 15:33:11.856739 34089 naive_actor.cpp:25] actor 1099614388240 switch to &NaiveActor::HandlerNormal
I1013 15:33:11.856783 34109 thread.cpp:96] Thread 1048576 construct Actor kNormalForward 2199023255563
I1013 15:33:11.856808 34089 thread.cpp:96] Thread 524337 construct Actor kTick 1099614388240
I1013 15:33:11.856873 34109 runtime_context.cpp:29] DecreaseCounter constructing_actor_cnt, current val is 321
I1013 15:33:11.856880 34089 runtime_context.cpp:29] DecreaseCounter constructing_actor_cnt, current val is 320
I1013 15:33:11.857234 34089 naive_actor.cpp:25] actor 1099614388242 switch to &NaiveActor::HandlerNormal
I1013 15:33:11.857287 34089 thread.cpp:96] Thread 524337 construct Actor kSrcSubsetTick 1099614388242
I1013 15:33:11.857353 34089 runtime_context.cpp:29] DecreaseCounter constructing_actor_cnt, current val is 319
I1013 15:33:11.857715 34109 naive_actor.cpp:25] actor 2199023255633 switch to &NaiveActor::HandlerNormal
I1013 15:33:11.857774 34109 thread.cpp:96] Thread 1048576 construct Actor kNormalForward 2199023255633
I1013 15:33:11.857858 34089 esac_actor.cpp:73] actor 1099614388313 switch to &EsacActor::HandlerNormal
I1013 15:33:11.857861 34109 runtime_context.cpp:29] DecreaseCounter constructing_actor_cnt, current val is 318
I1013 15:33:11.857895 34089 thread.cpp:96] Thread 524337 construct Actor kEsac 1099614388313
I1013 15:33:11.857986 34089 runtime_context.cpp:29] DecreaseCounter constructing_actor_cnt, current val is 317
I1013 15:33:11.858283 34089 naive_actor.cpp:25] actor 1099614388248 switch to &NaiveActor::HandlerNormal
I1013 15:33:11.858331 34089 thread.cpp:96] Thread 524337 construct Actor kTick 1099614388248
I1013 15:33:11.858395 34089 runtime_context.cpp:29] DecreaseCounter constructing_actor_cnt, current val is 316
I1013 15:33:11.858703 34089 naive_actor.cpp:25] actor 1099614388245 switch to &NaiveActor::HandlerNormal
I1013 15:33:11.858752 34089 thread.cpp:96] Thread 524337 construct Actor kTick 1099614388245
I1013 15:33:11.858777 34109 naive_actor.cpp:25] actor 2199023255579 switch to &NaiveActor::HandlerNormal
I1013 15:33:11.858806 34089 runtime_context.cpp:29] DecreaseCounter constructing_actor_cnt, current val is 315
I1013 15:33:11.858812 34109 thread.cpp:96] Thread 1048576 construct Actor kNormalForward 2199023255579
I1013 15:33:11.858906 34109 runtime_context.cpp:29] DecreaseCounter constructing_actor_cnt, current val is 314
I1013 15:33:11.859115 34089 naive_actor.cpp:25] actor 1099614388247 switch to &NaiveActor::HandlerNormal
I1013 15:33:11.859161 34089 thread.cpp:96] Thread 524337 construct Actor kTick 1099614388247
I1013 15:33:11.859215 34109 naive_actor.cpp:25] actor 2199023255586 switch to &NaiveActor::HandlerNormal
I1013 15:33:11.859215 34089 runtime_context.cpp:29] DecreaseCounter constructing_actor_cnt, current val is 313
I1013 15:33:11.859256 34109 thread.cpp:96] Thread 1048576 construct Actor kNormalForward 2199023255586
I1013 15:33:11.859333 34109 runtime_context.cpp:29] DecreaseCounter constructing_actor_cnt, current val is 312
I1013 15:33:11.859620 34089 naive_actor.cpp:25] actor 1099614388246 switch to &NaiveActor::HandlerNormal
I1013 15:33:11.859669 34089 thread.cpp:96] Thread 524337 construct Actor kDstSubsetTick 1099614388246
I1013 15:33:11.859728 34089 runtime_context.cpp:29] DecreaseCounter constructing_actor_cnt, current val is 311
I1013 15:33:11.860030 34089 naive_actor.cpp:25] actor 1099614388251 switch to &NaiveActor::HandlerNormal
I1013 15:33:11.860080 34089 thread.cpp:96] Thread 524337 construct Actor kSrcSubsetTick 1099614388251
I1013 15:33:11.860133 34089 runtime_context.cpp:29] DecreaseCounter constructing_actor_cnt, current val is 310
I1013 15:33:11.860229 34109 naive_actor.cpp:25] actor 2199023255564 switch to &NaiveActor::HandlerNormal
I1013 15:33:11.860280 34109 thread.cpp:96] Thread 1048576 construct Actor kNormalForward 2199023255564
I1013 15:33:11.860347 34109 runtime_context.cpp:29] DecreaseCounter constructing_actor_cnt, current val is 309
I1013 15:33:11.860435 34089 naive_actor.cpp:25] actor 1099614388249 switch to &NaiveActor::HandlerNormal
I1013 15:33:11.860478 34089 thread.cpp:96] Thread 524337 construct Actor kTick 1099614388249
I1013 15:33:11.860532 34089 runtime_context.cpp:29] DecreaseCounter constructing_actor_cnt, current val is 308
I1013 15:33:11.860852 34089 naive_actor.cpp:25] actor 1099614388250 switch to &NaiveActor::HandlerNormal
I1013 15:33:11.860900 34089 thread.cpp:96] Thread 524337 construct Actor kDeviceTick 1099614388250
I1013 15:33:11.861043 34089 runtime_context.cpp:29] DecreaseCounter constructing_actor_cnt, current val is 307
I1013 15:33:11.861151 34109 naive_actor.cpp:25] actor 2199023255628 switch to &NaiveActor::HandlerNormal
I1013 15:33:11.861200 34109 thread.cpp:96] Thread 1048576 construct Actor kNormalForward 2199023255628
I1013 15:33:11.861268 34109 runtime_context.cpp:29] DecreaseCounter constructing_actor_cnt, current val is 306
I1013 15:33:11.861368 34089 naive_actor.cpp:25] actor 1099614388308 switch to &NaiveActor::HandlerNormal
I1013 15:33:11.861416 34089 thread.cpp:96] Thread 524337 construct Actor kTick 1099614388308
I1013 15:33:11.861471 34089 runtime_context.cpp:29] DecreaseCounter constructing_actor_cnt, current val is 305
I1013 15:33:11.861776 34089 naive_actor.cpp:25] actor 1099614388254 switch to &NaiveActor::HandlerNormal
I1013 15:33:11.861824 34089 thread.cpp:96] Thread 524337 construct Actor kTick 1099614388254
I1013 15:33:11.861873 34089 runtime_context.cpp:29] DecreaseCounter constructing_actor_cnt, current val is 304
I1013 15:33:11.862002 34109 naive_actor.cpp:25] actor 2199023255590 switch to &NaiveActor::HandlerNormal
I1013 15:33:11.862052 34109 thread.cpp:96] Thread 1048576 construct Actor kNormalForward 2199023255590
I1013 15:33:11.862113 34109 runtime_context.cpp:29] DecreaseCounter constructing_actor_cnt, current val is 303
I1013 15:33:11.862138 34089 naive_actor.cpp:25] actor 1099614388257 switch to &NaiveActor::HandlerNormal
I1013 15:33:11.862183 34089 thread.cpp:96] Thread 524337 construct Actor kTick 1099614388257
I1013 15:33:11.862243 34089 runtime_context.cpp:29] DecreaseCounter constructing_actor_cnt, current val is 302
I1013 15:33:11.862421 34109 naive_actor.cpp:25] actor 2199023255593 switch to &NaiveActor::HandlerNormal
I1013 15:33:11.862468 34109 thread.cpp:96] Thread 1048576 construct Actor kNormalForward 2199023255593
I1013 15:33:11.862519 34089 naive_actor.cpp:25] actor 1099614388256 switch to &NaiveActor::HandlerNormal
I1013 15:33:11.862524 34109 runtime_context.cpp:29] DecreaseCounter constructing_actor_cnt, current val is 301
I1013 15:33:11.862553 34089 thread.cpp:96] Thread 524337 construct Actor kTick 1099614388256
I1013 15:33:11.862632 34089 runtime_context.cpp:29] DecreaseCounter constructing_actor_cnt, current val is 300
I1013 15:33:11.862967 34089 naive_actor.cpp:25] actor 1099614388255 switch to &NaiveActor::HandlerNormal
I1013 15:33:11.863013 34089 thread.cpp:96] Thread 524337 construct Actor kDstSubsetTick 1099614388255
I1013 15:33:11.863070 34089 runtime_context.cpp:29] DecreaseCounter constructing_actor_cnt, current val is 299
I1013 15:33:11.863253 34109 naive_actor.cpp:25] actor 2199023255580 switch to &NaiveActor::HandlerNormal
I1013 15:33:11.863301 34109 thread.cpp:96] Thread 1048576 construct Actor kNormalForward 2199023255580
I1013 15:33:11.863356 34089 naive_actor.cpp:25] actor 1099614388258 switch to &NaiveActor::HandlerNormal
I1013 15:33:11.863360 34109 runtime_context.cpp:29] DecreaseCounter constructing_actor_cnt, current val is 298
I1013 15:33:11.863390 34089 thread.cpp:96] Thread 524337 construct Actor kTick 1099614388258
I1013 15:33:11.863474 34089 runtime_context.cpp:29] DecreaseCounter constructing_actor_cnt, current val is 297
I1013 15:33:11.863760 34089 naive_actor.cpp:25] actor 1099614388259 switch to &NaiveActor::HandlerNormal
I1013 15:33:11.863806 34089 thread.cpp:96] Thread 524337 construct Actor kDeviceTick 1099614388259
I1013 15:33:11.863865 34089 runtime_context.cpp:29] DecreaseCounter constructing_actor_cnt, current val is 296
I1013 15:33:11.864123 34089 naive_actor.cpp:25] actor 1099614388309 switch to &NaiveActor::HandlerNormal
I1013 15:33:11.864169 34089 thread.cpp:96] Thread 524337 construct Actor kTick 1099614388309
I1013 15:33:11.864220 34109 naive_actor.cpp:25] actor 2199023255556 switch to &NaiveActor::HandlerNormal
I1013 15:33:11.864228 34089 runtime_context.cpp:29] DecreaseCounter constructing_actor_cnt, current val is 295
I1013 15:33:11.864259 34109 thread.cpp:96] Thread 1048576 construct Actor kNormalForward 2199023255556
I1013 15:33:11.864393 34109 runtime_context.cpp:29] DecreaseCounter constructing_actor_cnt, current val is 294
I1013 15:33:11.864528 34089 naive_actor.cpp:25] actor 1099614388260 switch to &NaiveActor::HandlerNormal
I1013 15:33:11.864576 34089 thread.cpp:96] Thread 524337 construct Actor kSrcSubsetTick 1099614388260
I1013 15:33:11.864629 34089 runtime_context.cpp:29] DecreaseCounter constructing_actor_cnt, current val is 293
I1013 15:33:11.864888 34089 naive_actor.cpp:25] actor 1099614388263 switch to &NaiveActor::HandlerNormal
I1013 15:33:11.864933 34089 thread.cpp:96] Thread 524337 construct Actor kTick 1099614388263
I1013 15:33:11.864992 34089 runtime_context.cpp:29] DecreaseCounter constructing_actor_cnt, current val is 292
I1013 15:33:11.865206 34109 naive_actor.cpp:25] actor 2199023255582 switch to &NaiveActor::HandlerNormal
I1013 15:33:11.865255 34109 thread.cpp:96] Thread 1048576 construct Actor kNormalForward 2199023255582
I1013 15:33:11.865265 34089 naive_actor.cpp:25] actor 1099614388265 switch to &NaiveActor::HandlerNormal
I1013 15:33:11.865314 34089 thread.cpp:96] Thread 524337 construct Actor kTick 1099614388265
I1013 15:33:11.865334 34109 runtime_context.cpp:29] DecreaseCounter constructing_actor_cnt, current val is 291
I1013 15:33:11.865362 34089 runtime_context.cpp:29] DecreaseCounter constructing_actor_cnt, current val is 290
I1013 15:33:11.865643 34089 naive_actor.cpp:25] actor 1099614388266 switch to &NaiveActor::HandlerNormal
I1013 15:33:11.865643 34109 naive_actor.cpp:25] actor 2199023255583 switch to &NaiveActor::HandlerNormal
I1013 15:33:11.865693 34089 thread.cpp:96] Thread 524337 construct Actor kTick 1099614388266
I1013 15:33:11.865720 34109 thread.cpp:96] Thread 1048576 construct Actor kNormalForward 2199023255583
I1013 15:33:11.865769 34089 runtime_context.cpp:29] DecreaseCounter constructing_actor_cnt, current val is 289
I1013 15:33:11.865790 34109 runtime_context.cpp:29] DecreaseCounter constructing_actor_cnt, current val is 288
I1013 15:33:11.866101 34089 naive_actor.cpp:25] actor 1099614388264 switch to &NaiveActor::HandlerNormal
I1013 15:33:11.866148 34089 thread.cpp:96] Thread 524337 construct Actor kDstSubsetTick 1099614388264
I1013 15:33:11.866205 34089 runtime_context.cpp:29] DecreaseCounter constructing_actor_cnt, current val is 287
I1013 15:33:11.866475 34089 naive_actor.cpp:25] actor 1099614388307 switch to &NaiveActor::HandlerNormal
I1013 15:33:11.866516 34109 naive_actor.cpp:25] actor 2199023255624 switch to &NaiveActor::HandlerNormal
I1013 15:33:11.866519 34089 thread.cpp:96] Thread 524337 construct Actor kTick 1099614388307
I1013 15:33:11.866555 34109 thread.cpp:96] Thread 1048576 construct Actor kNormalForward 2199023255624
I1013 15:33:11.866617 34089 runtime_context.cpp:29] DecreaseCounter constructing_actor_cnt, current val is 286
I1013 15:33:11.866650 34109 runtime_context.cpp:29] DecreaseCounter constructing_actor_cnt, current val is 285
I1013 15:33:11.866883 34089 naive_actor.cpp:25] actor 1099614388273 switch to &NaiveActor::HandlerNormal
I1013 15:33:11.866928 34089 thread.cpp:96] Thread 524337 construct Actor kTick 1099614388273
I1013 15:33:11.866979 34089 runtime_context.cpp:29] DecreaseCounter constructing_actor_cnt, current val is 284
I1013 15:33:11.867229 34089 naive_actor.cpp:25] actor 1099614388281 switch to &NaiveActor::HandlerNormal
I1013 15:33:11.867274 34089 thread.cpp:96] Thread 524337 construct Actor kTick 1099614388281
I1013 15:33:11.867324 34089 runtime_context.cpp:29] DecreaseCounter constructing_actor_cnt, current val is 283
I1013 15:33:11.867513 34109 naive_actor.cpp:25] actor 2199023255589 switch to &NaiveActor::HandlerNormal
I1013 15:33:11.867575 34109 thread.cpp:96] Thread 1048576 construct Actor kNormalForward 2199023255589
I1013 15:33:11.867594 34089 naive_actor.cpp:25] actor 1099614388267 switch to &NaiveActor::HandlerNormal
I1013 15:33:11.867631 34089 thread.cpp:96] Thread 524337 construct Actor kDeviceTick 1099614388267
I1013 15:33:11.867653 34109 runtime_context.cpp:29] DecreaseCounter constructing_actor_cnt, current val is 282
I1013 15:33:11.867679 34089 runtime_context.cpp:29] DecreaseCounter constructing_actor_cnt, current val is 281
I1013 15:33:11.868028 34109 naive_actor.cpp:25] actor 2199023255573 switch to &NaiveActor::HandlerNormal
I1013 15:33:11.868042 34089 naive_actor.cpp:25] actor 1099614388282 switch to &NaiveActor::HandlerNormal
I1013 15:33:11.868083 34109 thread.cpp:96] Thread 1048576 construct Actor kNormalForward 2199023255573
I1013 15:33:11.868108 34089 thread.cpp:96] Thread 524337 construct Actor kTick 1099614388282
I1013 15:33:11.868172 34109 runtime_context.cpp:29] DecreaseCounter constructing_actor_cnt, current val is 280
I1013 15:33:11.868177 34089 runtime_context.cpp:29] DecreaseCounter constructing_actor_cnt, current val is 279
I1013 15:33:11.868454 34089 naive_actor.cpp:25] actor 1099614388311 switch to &NaiveActor::HandlerNormal
I1013 15:33:11.868501 34089 thread.cpp:96] Thread 524337 construct Actor kTick 1099614388311
I1013 15:33:11.868551 34089 runtime_context.cpp:29] DecreaseCounter constructing_actor_cnt, current val is 278
I1013 15:33:11.868852 34089 naive_actor.cpp:25] actor 1099614388272 switch to &NaiveActor::HandlerNormal
I1013 15:33:11.868899 34089 thread.cpp:96] Thread 524337 construct Actor kDstSubsetTick 1099614388272
I1013 15:33:11.868953 34089 runtime_context.cpp:29] DecreaseCounter constructing_actor_cnt, current val is 277
I1013 15:33:11.868983 34109 naive_actor.cpp:25] actor 2199023255584 switch to &NaiveActor::HandlerNormal
I1013 15:33:11.869016 34109 thread.cpp:96] Thread 1048576 construct Actor kNormalForward 2199023255584
I1013 15:33:11.869076 34109 runtime_context.cpp:29] DecreaseCounter constructing_actor_cnt, current val is 276
I1013 15:33:11.869225 34089 naive_actor.cpp:25] actor 1099614388268 switch to &NaiveActor::HandlerNormal
I1013 15:33:11.869269 34089 thread.cpp:96] Thread 524337 construct Actor kSrcSubsetTick 1099614388268
I1013 15:33:11.869320 34089 runtime_context.cpp:29] DecreaseCounter constructing_actor_cnt, current val is 275
I1013 15:33:11.869593 34089 naive_actor.cpp:25] actor 1099614388274 switch to &NaiveActor::HandlerNormal
I1013 15:33:11.869638 34089 thread.cpp:96] Thread 524337 construct Actor kTick 1099614388274
I1013 15:33:11.869696 34089 runtime_context.cpp:29] DecreaseCounter constructing_actor_cnt, current val is 274
I1013 15:33:11.869896 34109 naive_actor.cpp:25] actor 2199023255615 switch to &NaiveActor::HandlerNormal
I1013 15:33:11.869946 34109 thread.cpp:96] Thread 1048576 construct Actor kNormalForward 2199023255615
I1013 15:33:11.869980 34089 naive_actor.cpp:25] actor 1099614388275 switch to &NaiveActor::HandlerNormal
I1013 15:33:11.870012 34089 thread.cpp:96] Thread 524337 construct Actor kTick 1099614388275
I1013 15:33:11.870016 34109 runtime_context.cpp:29] DecreaseCounter constructing_actor_cnt, current val is 273
I1013 15:33:11.870064 34089 runtime_context.cpp:29] DecreaseCounter constructing_actor_cnt, current val is 272
I1013 15:33:11.870323 34089 naive_actor.cpp:25] actor 1099614388277 switch to &NaiveActor::HandlerNormal
I1013 15:33:11.870368 34089 thread.cpp:96] Thread 524337 construct Actor kSrcSubsetTick 1099614388277
I1013 15:33:11.870419 34089 runtime_context.cpp:29] DecreaseCounter constructing_actor_cnt, current val is 271
I1013 15:33:11.870738 34089 naive_actor.cpp:25] actor 1099614388280 switch to &NaiveActor::HandlerNormal
I1013 15:33:11.870784 34089 thread.cpp:96] Thread 524337 construct Actor kDstSubsetTick 1099614388280
I1013 15:33:11.870838 34089 runtime_context.cpp:29] DecreaseCounter constructing_actor_cnt, current val is 270
I1013 15:33:11.870900 34109 naive_actor.cpp:25] actor 2199023255587 switch to &NaiveActor::HandlerNormal
I1013 15:33:11.870949 34109 thread.cpp:96] Thread 1048576 construct Actor kNormalForward 2199023255587
I1013 15:33:11.871021 34109 runtime_context.cpp:29] DecreaseCounter constructing_actor_cnt, current val is 269
I1013 15:33:11.871124 34089 naive_actor.cpp:25] actor 1099614388279 switch to &NaiveActor::HandlerNormal
I1013 15:33:11.871167 34089 thread.cpp:96] Thread 524337 construct Actor kTick 1099614388279
I1013 15:33:11.871268 34089 runtime_context.cpp:29] DecreaseCounter constructing_actor_cnt, current val is 268
I1013 15:33:11.871325 34109 naive_actor.cpp:25] actor 2199023255566 switch to &NaiveActor::HandlerNormal
I1013 15:33:11.871371 34109 thread.cpp:96] Thread 1048576 construct Actor kNormalForward 2199023255566
I1013 15:33:11.871425 34109 runtime_context.cpp:29] DecreaseCounter constructing_actor_cnt, current val is 267
I1013 15:33:11.871582 34089 naive_actor.cpp:25] actor 1099614388271 switch to &NaiveActor::HandlerNormal
I1013 15:33:11.871635 34089 thread.cpp:96] Thread 524337 construct Actor kTick 1099614388271
I1013 15:33:11.871685 34089 runtime_context.cpp:29] DecreaseCounter constructing_actor_cnt, current val is 266
I1013 15:33:11.871717 34109 naive_actor.cpp:25] actor 2199023255568 switch to &NaiveActor::HandlerNormal
I1013 15:33:11.871758 34109 thread.cpp:96] Thread 1048576 construct Actor kNormalForward 2199023255568
I1013 15:33:11.871811 34109 runtime_context.cpp:29] DecreaseCounter constructing_actor_cnt, current val is 265
I1013 15:33:11.871954 34089 naive_actor.cpp:25] actor 1099614388287 switch to &NaiveActor::HandlerNormal
I1013 15:33:11.871996 34089 thread.cpp:96] Thread 524337 construct Actor kTick 1099614388287
I1013 15:33:11.872053 34089 runtime_context.cpp:29] DecreaseCounter constructing_actor_cnt, current val is 264
I1013 15:33:11.872306 34089 naive_actor.cpp:25] actor 1099614388293 switch to &NaiveActor::HandlerNormal
I1013 15:33:11.872350 34089 thread.cpp:96] Thread 524337 construct Actor kTick 1099614388293
I1013 15:33:11.872407 34089 runtime_context.cpp:29] DecreaseCounter constructing_actor_cnt, current val is 263
I1013 15:33:11.872649 34109 naive_actor.cpp:25] actor 2199023255592 switch to &NaiveActor::HandlerNormal
I1013 15:33:11.872666 34089 naive_actor.cpp:25] actor 1099614388286 switch to &NaiveActor::HandlerNormal
I1013 15:33:11.872700 34109 thread.cpp:96] Thread 1048576 construct Actor kNormalForward 2199023255592
I1013 15:33:11.872725 34089 thread.cpp:96] Thread 524337 construct Actor kTick 1099614388286
I1013 15:33:11.872795 34089 runtime_context.cpp:29] DecreaseCounter constructing_actor_cnt, current val is 262
I1013 15:33:11.872795 34109 runtime_context.cpp:29] DecreaseCounter constructing_actor_cnt, current val is 261
I1013 15:33:11.873054 34089 naive_actor.cpp:25] actor 1099614388295 switch to &NaiveActor::HandlerNormal
I1013 15:33:11.873097 34089 thread.cpp:96] Thread 524337 construct Actor kTick 1099614388295
I1013 15:33:11.873145 34089 runtime_context.cpp:29] DecreaseCounter constructing_actor_cnt, current val is 260
I1013 15:33:11.873381 34089 naive_actor.cpp:25] actor 1099614388298 switch to &NaiveActor::HandlerNormal
I1013 15:33:11.873425 34089 thread.cpp:96] Thread 524337 construct Actor kTick 1099614388298
I1013 15:33:11.873472 34089 runtime_context.cpp:29] DecreaseCounter constructing_actor_cnt, current val is 259
I1013 15:33:11.873690 34109 naive_actor.cpp:25] actor 2199023255577 switch to &NaiveActor::HandlerNormal
I1013 15:33:11.873718 34089 naive_actor.cpp:25] actor 1099614388291 switch to &NaiveActor::HandlerNormal
I1013 15:33:11.873739 34109 thread.cpp:96] Thread 1048576 construct Actor kNormalForward 2199023255577
I1013 15:33:11.873759 34089 thread.cpp:96] Thread 524337 construct Actor kTick 1099614388291
I1013 15:33:11.873831 34089 runtime_context.cpp:29] DecreaseCounter constructing_actor_cnt, current val is 258
I1013 15:33:11.873834 34109 runtime_context.cpp:29] DecreaseCounter constructing_actor_cnt, current val is 257
I1013 15:33:11.874078 34089 naive_actor.cpp:25] actor 1099614388285 switch to &NaiveActor::HandlerNormal
I1013 15:33:11.874120 34089 thread.cpp:96] Thread 524337 construct Actor kTick 1099614388285
I1013 15:33:11.874176 34089 runtime_context.cpp:29] DecreaseCounter constructing_actor_cnt, current val is 256
I1013 15:33:11.874461 34089 reentrant_lock_actor.cpp:76] actor 1099614388283 switch to &ReentrantLockActor::HandlerNormal
I1013 15:33:11.874505 34089 thread.cpp:96] Thread 524337 construct Actor kReentrantLock 1099614388283
I1013 15:33:11.874624 34109 naive_actor.cpp:25] actor 2199023255634 switch to &NaiveActor::HandlerNormal
I1013 15:33:11.874653 34089 runtime_context.cpp:29] DecreaseCounter constructing_actor_cnt, current val is 255
I1013 15:33:11.874676 34109 thread.cpp:96] Thread 1048576 construct Actor kNormalForward 2199023255634
I1013 15:33:11.874768 34109 runtime_context.cpp:29] DecreaseCounter constructing_actor_cnt, current val is 254
I1013 15:33:11.874943 34089 naive_actor.cpp:25] actor 1099614388294 switch to &NaiveActor::HandlerNormal
I1013 15:33:11.874989 34089 thread.cpp:96] Thread 524337 construct Actor kTick 1099614388294
I1013 15:33:11.875044 34089 runtime_context.cpp:29] DecreaseCounter constructing_actor_cnt, current val is 253
