Log file created at: 2021/10/13 15:32:25
Running on machine: oneflow-14
Log line format: [IWEF]mmdd hh:mm:ss.uuuuuu threadid file:line] msg
I1013 15:32:25.594835 31866 global.h:36] NewGlobal 14cudaDeviceProp
I1013 15:32:25.596521 31866 global.h:36] NewGlobal N7oneflow7EnvDescE
I1013 15:32:25.596549 31866 global.h:36] NewGlobal N7oneflow10ProcessCtxE
I1013 15:32:25.596561 31866 env_global_objects_scope.cpp:152] using rpc backend: local
I1013 15:32:25.596607 31866 global.h:36] NewGlobal N7oneflow12ResourceDescE
I1013 15:32:25.596626 31866 global.h:36] NewGlobal N7oneflow12ResourceDescE
I1013 15:32:25.664875 31866 global.h:36] NewGlobal N7oneflow10ThreadPoolE
I1013 15:32:25.665836 31866 global.h:36] NewGlobal N7oneflow16EagerNcclCommMgrE
I1013 15:32:25.665849 31866 global.h:36] NewGlobal N7oneflow18CudnnConvAlgoCacheE
I1013 15:32:25.665855 31866 global.h:36] NewGlobal N7oneflow2vm19VirtualMachineScopeE
I1013 15:32:25.665861 31866 global.h:36] NewGlobal N7oneflow9OneflowVME
I1013 15:32:25.666416 31866 oneflow_vm.cpp:75] transport stream type: N7oneflow2vm13CpuStreamTypeE
I1013 15:32:25.666433 31866 oneflow_vm.cpp:75] transport stream type: N7oneflow2vm14CudaStreamTypeE
I1013 15:32:25.666440 31866 oneflow_vm.cpp:75] transport stream type: N7oneflow2vm19AsyncCudaStreamTypeE
I1013 15:32:25.666553 31866 global.h:36] NewGlobal N7oneflow27EagerJobBuildAndInferCtxMgrE
I1013 15:32:25.666589 31866 global.h:36] NewGlobal N7oneflow12EpollCommNetE
I1013 15:32:25.666698 31866 epoll_comm_network.cpp:63] CommNet:Epoll listening on 0.0.0.0:36455
I1013 15:32:25.666728 31866 epoll_comm_network.cpp:197] machine 0 sockfd -1
I1013 15:32:25.666819 31866 global.h:36] NewGlobal N7oneflow9TransportE
I1013 15:32:25.667980 31866 global.h:43] DeleteGlobal N7oneflow12ResourceDescE
I1013 15:32:25.668001 31866 version.cpp:22] OneFlow git version: b295ca2324
I1013 15:32:25.668015 31866 device_register_gpu.cpp:56] CUDA runtime version: 11.2
I1013 15:32:25.668028 31866 device_register_gpu.cpp:65] cuDNN version: 8.1.1
I1013 15:32:25.668036 31866 device_register_gpu.cpp:78] NCCL version: 2.9.8
I1013 15:32:25.668041 31866 global.h:36] NewGlobal N7oneflow12ResourceDescE
I1013 15:32:25.668047 31866 global.h:36] NewGlobal N7oneflow5IDMgrE
I1013 15:32:25.668052 31866 global.h:36] NewGlobal N7oneflow16AvailableMemDescE
I1013 15:32:25.668071 31866 global.h:36] NewGlobal St13unordered_mapISslSt4hashISsESt8equal_toISsESaISt4pairIKSslEEE
I1013 15:32:25.668076 31866 global.h:36] NewGlobal N7oneflow19CriticalSectionDescE
I1013 15:32:25.668081 31866 global.h:36] NewGlobal N7oneflow16InterUserJobInfoE
I1013 15:32:25.668087 31866 global.h:36] NewGlobal N7oneflow26LazyJobBuildAndInferCtxMgrE
I1013 15:32:25.668092 31866 global.h:36] NewGlobal N7oneflow16JobSetCompileCtxE
I1013 15:32:25.668097 31866 global.h:36] NewGlobal N7oneflow26RuntimeBufferManagersScopeE
I1013 15:32:25.668102 31866 global.h:36] NewGlobal N7oneflow9BufferMgrIlEE
I1013 15:32:25.668109 31866 global.h:36] NewGlobal N7oneflow9BufferMgrISt10shared_ptrINS_11JobInstanceEEEE
I1013 15:32:25.668114 31866 global.h:36] NewGlobal N7oneflow10RuntimeCtxE
I1013 15:32:25.668118 31866 global.h:36] NewGlobal N7oneflow15MemoryAllocatorE
I1013 15:32:25.668123 31866 global.h:36] NewGlobal N7oneflow8ChunkMgrE
I1013 15:32:25.668128 31866 global.h:36] NewGlobal N7oneflow8RegstMgrE
I1013 15:32:25.668133 31866 global.h:36] NewGlobal N7oneflow11ActorMsgBusE
I1013 15:32:25.668136 31866 global.h:36] NewGlobal N7oneflow9ThreadMgrE
I1013 15:32:25.668141 31866 global.h:36] NewGlobal N7oneflow15RuntimeJobDescsE
I1013 15:32:25.668145 31866 global.h:36] NewGlobal N7oneflow7summary12EventsWriterE
I1013 15:32:25.668151 31866 global.h:36] NewGlobal N7oneflow6boxing10collective24CollectiveBoxingExecutorE
I1013 15:32:25.668156 31866 global.h:36] NewGlobal N7oneflow6boxing10collective31CollectiveBoxingDeviceCtxPollerE
I1013 15:32:25.668253 31866 session.h:77] NewGlobal N7oneflow25SessionGlobalObjectsScopeE
I1013 15:32:25.668794 31866 global.h:36] NewGlobal N7oneflow7JobDescE
I1013 15:32:26.026964 31866 global.h:43] DeleteGlobal N7oneflow7JobDescE
I1013 15:32:26.027196 31866 global.h:36] NewGlobal N7oneflow7JobDescE
I1013 15:32:26.030133 31866 global.h:36] NewGlobal N7oneflow7OpGraphE
I1013 15:32:26.033847 31866 global.h:43] DeleteGlobal N7oneflow7OpGraphE
I1013 15:32:26.188635 31866 global.h:43] DeleteGlobal N7oneflow7JobDescE
I1013 15:32:26.204073 31866 global.h:36] NewGlobal N7oneflow24InterJobReuseMemStrategyE
I1013 15:32:26.204097 31866 global.h:36] NewGlobal N7oneflow7OneflowE
I1013 15:32:26.216305 31866 global.h:36] NewGlobal N7oneflow7JobDescE
I1013 15:32:26.417402 31866 global.h:36] NewGlobal N7oneflow7OpGraphE
I1013 15:32:26.489326 31866 global.h:43] DeleteGlobal N7oneflow7OpGraphE
I1013 15:32:26.498360 31866 oneflow.cpp:210] 
job_id: 0 , job_name: train_job , compile time: 0.282009 seconds.
I1013 15:32:26.548738 31866 global.h:43] DeleteGlobal N7oneflow7JobDescE
I1013 15:32:26.549176 31866 global.h:36] NewGlobal N7oneflow7JobDescE
I1013 15:32:26.601627 31866 global.h:36] NewGlobal N7oneflow7OpGraphE
I1013 15:32:26.619818 31866 global.h:43] DeleteGlobal N7oneflow7OpGraphE
I1013 15:32:26.624704 31866 oneflow.cpp:210] 
job_id: 1 , job_name: System-ModelInit , compile time: 0.0752102 seconds.
I1013 15:32:26.637461 31866 global.h:43] DeleteGlobal N7oneflow7JobDescE
I1013 15:32:26.637502 31866 global.h:36] NewGlobal N7oneflow7JobDescE
I1013 15:32:26.687266 31866 global.h:36] NewGlobal N7oneflow7OpGraphE
I1013 15:32:26.704720 31866 global.h:43] DeleteGlobal N7oneflow7OpGraphE
I1013 15:32:26.708185 31866 oneflow.cpp:210] 
job_id: 2 , job_name: System-ModelLoad , compile time: 0.0706532 seconds.
I1013 15:32:26.720783 31866 global.h:43] DeleteGlobal N7oneflow7JobDescE
I1013 15:32:26.720873 31866 global.h:36] NewGlobal N7oneflow7JobDescE
I1013 15:32:26.768888 31866 global.h:36] NewGlobal N7oneflow7OpGraphE
I1013 15:32:26.785254 31866 global.h:43] DeleteGlobal N7oneflow7OpGraphE
I1013 15:32:26.789988 31866 oneflow.cpp:210] 
job_id: 3 , job_name: System-ModelSave , compile time: 0.0690486 seconds.
I1013 15:32:26.802022 31866 global.h:43] DeleteGlobal N7oneflow7JobDescE
I1013 15:32:26.802064 31866 global.h:36] NewGlobal N7oneflow7JobDescE
I1013 15:32:26.810307 31866 global.h:36] NewGlobal N7oneflow7OpGraphE
I1013 15:32:26.813975 31866 global.h:43] DeleteGlobal N7oneflow7OpGraphE
I1013 15:32:26.815382 31866 oneflow.cpp:210] 
job_id: 4 , job_name: System-Pull-Return_20 , compile time: 0.0132982 seconds.
I1013 15:32:26.819005 31866 global.h:43] DeleteGlobal N7oneflow7JobDescE
I1013 15:32:26.823729 31866 global.h:36] NewGlobal N7oneflow7JobDescE
I1013 15:32:26.823789 31866 global.h:36] NewGlobal N7oneflow7OpGraphE
I1013 15:32:26.829329 31866 global.h:43] DeleteGlobal N7oneflow7OpGraphE
I1013 15:32:26.833133 31866 oneflow.cpp:210] 
job_id: 5 , job_name: MainJob-unamed , compile time: 0.00935347 seconds.
I1013 15:32:26.840430 31866 global.h:43] DeleteGlobal N7oneflow7JobDescE
I1013 15:32:26.843442 31866 plan_util.cpp:928]  Plan: merged_plan needs to allocate [ 374.837 MiB ] device memory in Rank: 0 , Device: 0
I1013 15:32:26.946524 31866 oneflow.cpp:998]  PushPlan merged_plan time: 0.00988928 seconds.
I1013 15:32:26.974475 31866 oneflow.cpp:1014]  PullPlan merged_plan time: 0.0239314 seconds.
I1013 15:32:29.014292 31866 runtime_context.cpp:21] NewCounter constructing_actor_cnt 388
I1013 15:32:29.015444 32522 naive_actor.cpp:25] actor 2199023255699 switch to &NaiveActor::HandlerNormal
I1013 15:32:29.015476 32494 naive_actor.cpp:25] actor 1099614388233 switch to &NaiveActor::HandlerNormal
I1013 15:32:29.015697 32494 thread.cpp:96] Thread 524337 construct Actor kDeviceTick 1099614388233
I1013 15:32:29.015528 32522 thread.cpp:96] Thread 1048576 construct Actor kDeviceTick 2199023255699
I1013 15:32:29.015815 32494 runtime_context.cpp:29] DecreaseCounter constructing_actor_cnt, current val is 387
I1013 15:32:29.015861 32522 runtime_context.cpp:29] DecreaseCounter constructing_actor_cnt, current val is 386
I1013 15:32:29.015866 32495 wait_and_send_ids_actor.cpp:53] actor 1099616485376 switch to &WaitAndSendIdsActor::HandlerWaitToStart
I1013 15:32:29.015956 32495 thread.cpp:96] Thread 524338 construct Actor kWaitAndSendIds 1099616485376
I1013 15:32:29.016117 32494 naive_actor.cpp:25] actor 1099614388226 switch to &NaiveActor::HandlerNormal
I1013 15:32:29.016276 32495 runtime_context.cpp:29] DecreaseCounter constructing_actor_cnt, current val is 385
I1013 15:32:29.016207 32522 naive_actor.cpp:25] actor 2199023255738 switch to &NaiveActor::HandlerNormal
I1013 15:32:29.016290 32494 thread.cpp:96] Thread 524337 construct Actor kDeviceTick 1099614388226
I1013 15:32:29.016350 32522 thread.cpp:96] Thread 1048576 construct Actor kDeviceTick 2199023255738
I1013 15:32:29.016410 32494 runtime_context.cpp:29] DecreaseCounter constructing_actor_cnt, current val is 384
I1013 15:32:29.016433 32522 runtime_context.cpp:29] DecreaseCounter constructing_actor_cnt, current val is 383
I1013 15:32:29.016718 32522 naive_actor.cpp:25] actor 2199023255777 switch to &NaiveActor::HandlerNormal
I1013 15:32:29.016721 32494 naive_actor.cpp:25] actor 1099614388243 switch to &NaiveActor::HandlerNormal
I1013 15:32:29.016772 32522 thread.cpp:96] Thread 1048576 construct Actor kDeviceTick 2199023255777
I1013 15:32:29.016799 32494 thread.cpp:96] Thread 524337 construct Actor kDeviceTick 1099614388243
I1013 15:32:29.016865 32522 runtime_context.cpp:29] DecreaseCounter constructing_actor_cnt, current val is 382
I1013 15:32:29.016878 32494 runtime_context.cpp:29] DecreaseCounter constructing_actor_cnt, current val is 381
I1013 15:32:29.017117 32522 naive_actor.cpp:25] actor 2199023255816 switch to &NaiveActor::HandlerNormal
I1013 15:32:29.017139 32494 naive_actor.cpp:25] actor 1099614388252 switch to &NaiveActor::HandlerNormal
I1013 15:32:29.017170 32522 thread.cpp:96] Thread 1048576 construct Actor kDeviceTick 2199023255816
I1013 15:32:29.017192 32494 thread.cpp:96] Thread 524337 construct Actor kDeviceTick 1099614388252
I1013 15:32:29.017259 32522 runtime_context.cpp:29] DecreaseCounter constructing_actor_cnt, current val is 380
I1013 15:32:29.017271 32494 runtime_context.cpp:29] DecreaseCounter constructing_actor_cnt, current val is 379
I1013 15:32:29.017518 32494 naive_actor.cpp:25] actor 1099614388261 switch to &NaiveActor::HandlerNormal
I1013 15:32:29.017552 32494 thread.cpp:96] Thread 524337 construct Actor kDeviceTick 1099614388261
I1013 15:32:29.017629 32494 runtime_context.cpp:29] DecreaseCounter constructing_actor_cnt, current val is 378
I1013 15:32:29.017875 32494 naive_actor.cpp:25] actor 1099614388269 switch to &NaiveActor::HandlerNormal
I1013 15:32:29.017910 32494 thread.cpp:96] Thread 524337 construct Actor kDeviceTick 1099614388269
I1013 15:32:29.017959 32494 runtime_context.cpp:29] DecreaseCounter constructing_actor_cnt, current val is 377
I1013 15:32:29.018191 32494 naive_actor.cpp:25] actor 1099614388276 switch to &NaiveActor::HandlerNormal
I1013 15:32:29.018224 32494 thread.cpp:96] Thread 524337 construct Actor kDeviceTick 1099614388276
I1013 15:32:29.018282 32494 runtime_context.cpp:29] DecreaseCounter constructing_actor_cnt, current val is 376
I1013 15:32:29.027081 32524 naive_actor.cpp:25] actor 2199025352704 switch to &NaiveActor::HandlerNormal
I1013 15:32:29.027117 32478 naive_actor.cpp:25] actor 1099524210688 switch to &NaiveActor::HandlerNormal
I1013 15:32:29.027124 32526 naive_actor.cpp:25] actor 2199027449856 switch to &NaiveActor::HandlerNormal
I1013 15:32:29.027204 32479 naive_actor.cpp:25] actor 1099526307840 switch to &NaiveActor::HandlerNormal
I1013 15:32:29.027215 32524 thread.cpp:96] Thread 1048577 construct Actor kCopyHd 2199025352704
I1013 15:32:29.027297 32478 thread.cpp:96] Thread 524294 construct Actor kNormalForward 1099524210688
I1013 15:32:29.027536 32524 runtime_context.cpp:29] DecreaseCounter constructing_actor_cnt, current val is 375
I1013 15:32:29.027354 32526 thread.cpp:96] Thread 1048578 construct Actor kCopyHd 2199027449856
I1013 15:32:29.027427 32489 naive_actor.cpp:25] actor 1099547279360 switch to &NaiveActor::HandlerNormal
I1013 15:32:29.027660 32478 runtime_context.cpp:29] DecreaseCounter constructing_actor_cnt, current val is 373
I1013 15:32:29.027472 32479 thread.cpp:96] Thread 524295 construct Actor kNormalForward 1099526307840
I1013 15:32:29.027482 32482 naive_actor.cpp:25] actor 1099532599296 switch to &NaiveActor::HandlerNormal
I1013 15:32:29.027956 32482 thread.cpp:96] Thread 524298 construct Actor kNormalForward 1099532599296
I1013 15:32:29.027297 32491 naive_actor.cpp:25] actor 1099551473664 switch to &NaiveActor::HandlerNormal
I1013 15:32:29.028051 32482 runtime_context.cpp:29] DecreaseCounter constructing_actor_cnt, current val is 371
I1013 15:32:29.027611 32486 naive_actor.cpp:25] actor 1099540987904 switch to &NaiveActor::HandlerNormal
I1013 15:32:29.028177 32480 naive_actor.cpp:25] actor 1099528404992 switch to &NaiveActor::HandlerNormal
I1013 15:32:29.028271 32475 naive_actor.cpp:25] actor 1099517919232 switch to &NaiveActor::HandlerNormal
I1013 15:32:29.028373 32476 naive_actor.cpp:25] actor 1099520016384 switch to &NaiveActor::HandlerNormal
I1013 15:32:29.027683 32489 thread.cpp:96] Thread 524305 construct Actor kForeignInput 1099547279360
I1013 15:32:29.027701 32477 naive_actor.cpp:25] actor 1099522113536 switch to &NaiveActor::HandlerNormal
I1013 15:32:29.027742 32485 naive_actor.cpp:25] actor 1099538890752 switch to &NaiveActor::HandlerNormal
I1013 15:32:29.028553 32477 thread.cpp:96] Thread 524293 construct Actor kNormalForward 1099522113536
I1013 15:32:29.027771 32483 naive_actor.cpp:25] actor 1099534696448 switch to &NaiveActor::HandlerNormal
I1013 15:32:29.027774 32496 sink_actor.cpp:21] actor 1099618582528 switch to &SinkActor::HandlerNormal
I1013 15:32:29.027815 32484 naive_actor.cpp:25] actor 1099536793600 switch to &NaiveActor::HandlerNormal
I1013 15:32:29.027868 32524 naive_actor.cpp:25] actor 2199025352707 switch to &NaiveActor::HandlerNormal
I1013 15:32:29.027873 32493 naive_actor.cpp:25] actor 1099555667968 switch to &NaiveActor::HandlerNormal
I1013 15:32:29.028861 32493 thread.cpp:96] Thread 524309 construct Actor kForeignOutput 1099555667968
I1013 15:32:29.027505 32490 naive_actor.cpp:25] actor 1099549376512 switch to &NaiveActor::HandlerNormal
I1013 15:32:29.029063 32490 thread.cpp:96] Thread 524306 construct Actor kNormalForward 1099549376512
I1013 15:32:29.027648 32526 runtime_context.cpp:29] DecreaseCounter constructing_actor_cnt, current val is 374
I1013 15:32:29.029147 32490 runtime_context.cpp:29] DecreaseCounter constructing_actor_cnt, current val is 367
I1013 15:32:29.027611 32494 esac_actor.cpp:73] actor 1099614388313 switch to &EsacActor::HandlerNormal
I1013 15:32:29.029305 32494 thread.cpp:96] Thread 524337 construct Actor kEsac 1099614388313
I1013 15:32:29.028242 32522 naive_actor.cpp:25] actor 2199023255564 switch to &NaiveActor::HandlerNormal
I1013 15:32:29.029383 32522 thread.cpp:96] Thread 1048576 construct Actor kNormalForward 2199023255564
I1013 15:32:29.028285 32480 thread.cpp:96] Thread 524296 construct Actor kNormalForward 1099528404992
I1013 15:32:29.029465 32522 runtime_context.cpp:29] DecreaseCounter constructing_actor_cnt, current val is 365
I1013 15:32:29.029505 32480 runtime_context.cpp:29] DecreaseCounter constructing_actor_cnt, current val is 364
I1013 15:32:29.028395 32473 naive_actor.cpp:25] actor 1099513724928 switch to &NaiveActor::HandlerNormal
I1013 15:32:29.027468 32492 naive_actor.cpp:25] actor 1099553570816 switch to &NaiveActor::HandlerNormal
I1013 15:32:29.029736 32492 thread.cpp:96] Thread 524308 construct Actor kNormalForward 1099553570816
I1013 15:32:29.028472 32476 thread.cpp:96] Thread 524292 construct Actor kNormalForward 1099520016384
I1013 15:32:29.029819 32492 runtime_context.cpp:29] DecreaseCounter constructing_actor_cnt, current val is 363
I1013 15:32:29.028584 32485 thread.cpp:96] Thread 524301 construct Actor kNormalForward 1099538890752
I1013 15:32:29.027787 32488 naive_actor.cpp:25] actor 1099545182208 switch to &NaiveActor::HandlerNormal
I1013 15:32:29.028618 32483 thread.cpp:96] Thread 524299 construct Actor kForeignInput 1099534696448
I1013 15:32:29.029979 32488 thread.cpp:96] Thread 524304 construct Actor kNormalForward 1099545182208
I1013 15:32:29.028689 32496 thread.cpp:96] Thread 524339 construct Actor kCallbackNotify 1099618582528
I1013 15:32:29.028728 32474 naive_actor.cpp:25] actor 1099515822080 switch to &NaiveActor::HandlerNormal
I1013 15:32:29.030329 32474 thread.cpp:96] Thread 524290 construct Actor kNormalForward 1099515822080
I1013 15:32:29.028816 32524 thread.cpp:96] Thread 1048577 construct Actor kCopyHd 2199025352707
I1013 15:32:29.030470 32474 runtime_context.cpp:29] DecreaseCounter constructing_actor_cnt, current val is 357
I1013 15:32:29.030490 32524 runtime_context.cpp:29] DecreaseCounter constructing_actor_cnt, current val is 356
I1013 15:32:29.029026 32493 runtime_context.cpp:29] DecreaseCounter constructing_actor_cnt, current val is 368
I1013 15:32:29.028062 32491 thread.cpp:96] Thread 524307 construct Actor kNormalForward 1099551473664
I1013 15:32:29.028120 32481 naive_actor.cpp:25] actor 1099530502144 switch to &NaiveActor::HandlerNormal
I1013 15:32:29.030835 32481 thread.cpp:96] Thread 524297 construct Actor kNormalForward 1099530502144
I1013 15:32:29.028179 32486 thread.cpp:96] Thread 524302 construct Actor kForeignInput 1099540987904
I1013 15:32:29.029408 32494 runtime_context.cpp:29] DecreaseCounter constructing_actor_cnt, current val is 366
I1013 15:32:29.031028 32486 runtime_context.cpp:29] DecreaseCounter constructing_actor_cnt, current val is 353
I1013 15:32:29.027667 32487 naive_actor.cpp:25] actor 1099543085056 switch to &NaiveActor::HandlerNormal
I1013 15:32:29.031183 32487 thread.cpp:96] Thread 524303 construct Actor kNormalForward 1099543085056
I1013 15:32:29.028407 32475 thread.cpp:96] Thread 524291 construct Actor kNormalForward 1099517919232
I1013 15:32:29.028555 32489 runtime_context.cpp:29] DecreaseCounter constructing_actor_cnt, current val is 370
I1013 15:32:29.031390 32472 naive_actor.cpp:25] actor 1099511627776 switch to &NaiveActor::HandlerNormal
I1013 15:32:29.031459 32472 thread.cpp:96] Thread 524288 construct Actor kNormalForward 1099511627776
I1013 15:32:29.031474 32494 naive_actor.cpp:25] actor 1099614388232 switch to &NaiveActor::HandlerNormal
I1013 15:32:29.031584 32472 runtime_context.cpp:29] DecreaseCounter constructing_actor_cnt, current val is 350
I1013 15:32:29.030125 32488 runtime_context.cpp:29] DecreaseCounter constructing_actor_cnt, current val is 359
I1013 15:32:29.030287 32496 runtime_context.cpp:29] DecreaseCounter constructing_actor_cnt, current val is 358
I1013 15:32:29.028784 32484 thread.cpp:96] Thread 524300 construct Actor kNormalForward 1099536793600
I1013 15:32:29.027967 32479 runtime_context.cpp:29] DecreaseCounter constructing_actor_cnt, current val is 372
I1013 15:32:29.031915 32484 runtime_context.cpp:29] DecreaseCounter constructing_actor_cnt, current val is 349
I1013 15:32:29.030577 32522 naive_actor.cpp:25] actor 2199023255589 switch to &NaiveActor::HandlerNormal
I1013 15:32:29.031996 32522 thread.cpp:96] Thread 1048576 construct Actor kNormalForward 2199023255589
I1013 15:32:29.030803 32491 runtime_context.cpp:29] DecreaseCounter constructing_actor_cnt, current val is 355
I1013 15:32:29.032088 32522 runtime_context.cpp:29] DecreaseCounter constructing_actor_cnt, current val is 348
I1013 15:32:29.030911 32481 runtime_context.cpp:29] DecreaseCounter constructing_actor_cnt, current val is 354
I1013 15:32:29.029678 32473 thread.cpp:96] Thread 524289 construct Actor kNormalForward 1099513724928
I1013 15:32:29.031265 32487 runtime_context.cpp:29] DecreaseCounter constructing_actor_cnt, current val is 352
I1013 15:32:29.032402 32473 runtime_context.cpp:29] DecreaseCounter constructing_actor_cnt, current val is 347
I1013 15:32:29.031327 32475 runtime_context.cpp:29] DecreaseCounter constructing_actor_cnt, current val is 351
I1013 15:32:29.029903 32476 runtime_context.cpp:29] DecreaseCounter constructing_actor_cnt, current val is 362
I1013 15:32:29.029929 32485 runtime_context.cpp:29] DecreaseCounter constructing_actor_cnt, current val is 361
I1013 15:32:29.028652 32477 runtime_context.cpp:29] DecreaseCounter constructing_actor_cnt, current val is 369
I1013 15:32:29.030031 32483 runtime_context.cpp:29] DecreaseCounter constructing_actor_cnt, current val is 360
I1013 15:32:29.031594 32494 thread.cpp:96] Thread 524337 construct Actor kTick 1099614388232
I1013 15:32:29.030616 32524 naive_actor.cpp:25] actor 2199025352705 switch to &NaiveActor::HandlerNormal
I1013 15:32:29.032975 32494 runtime_context.cpp:29] DecreaseCounter constructing_actor_cnt, current val is 346
I1013 15:32:29.033008 32524 thread.cpp:96] Thread 1048577 construct Actor kCopyHd 2199025352705
I1013 15:32:29.033084 32524 runtime_context.cpp:29] DecreaseCounter constructing_actor_cnt, current val is 345
I1013 15:32:29.033192 32524 naive_actor.cpp:25] actor 2199025352708 switch to &NaiveActor::HandlerNormal
I1013 15:32:29.033228 32524 thread.cpp:96] Thread 1048577 construct Actor kCopyHd 2199025352708
I1013 15:32:29.033236 32522 naive_actor.cpp:25] actor 2199023255559 switch to &NaiveActor::HandlerNormal
I1013 15:32:29.033275 32524 runtime_context.cpp:29] DecreaseCounter constructing_actor_cnt, current val is 344
I1013 15:32:29.033304 32522 thread.cpp:96] Thread 1048576 construct Actor kNormalForward 2199023255559
I1013 15:32:29.033406 32522 runtime_context.cpp:29] DecreaseCounter constructing_actor_cnt, current val is 343
I1013 15:32:29.033429 32494 naive_actor.cpp:25] actor 1099614388319 switch to &NaiveActor::HandlerNormal
I1013 15:32:29.033425 32524 naive_actor.cpp:25] actor 2199025352706 switch to &NaiveActor::HandlerNormal
I1013 15:32:29.033476 32494 thread.cpp:96] Thread 524337 construct Actor kTick 1099614388319
I1013 15:32:29.033493 32524 thread.cpp:96] Thread 1048577 construct Actor kCopyHd 2199025352706
I1013 15:32:29.033550 32524 runtime_context.cpp:29] DecreaseCounter constructing_actor_cnt, current val is 342
I1013 15:32:29.033583 32494 runtime_context.cpp:29] DecreaseCounter constructing_actor_cnt, current val is 341
I1013 15:32:29.033643 32524 naive_actor.cpp:25] actor 2199025352709 switch to &NaiveActor::HandlerNormal
I1013 15:32:29.033674 32524 thread.cpp:96] Thread 1048577 construct Actor kCopyHd 2199025352709
I1013 15:32:29.033710 32524 runtime_context.cpp:29] DecreaseCounter constructing_actor_cnt, current val is 340
I1013 15:32:29.033790 32522 naive_actor.cpp:25] actor 2199023255568 switch to &NaiveActor::HandlerNormal
I1013 15:32:29.033808 32524 naive_actor.cpp:25] actor 2199025352710 switch to &NaiveActor::HandlerNormal
I1013 15:32:29.033843 32522 thread.cpp:96] Thread 1048576 construct Actor kNormalForward 2199023255568
I1013 15:32:29.033860 32524 thread.cpp:96] Thread 1048577 construct Actor kCopyHd 2199025352710
I1013 15:32:29.033908 32524 runtime_context.cpp:29] DecreaseCounter constructing_actor_cnt, current val is 339
I1013 15:32:29.033922 32522 runtime_context.cpp:29] DecreaseCounter constructing_actor_cnt, current val is 338
I1013 15:32:29.033921 32494 naive_actor.cpp:25] actor 1099614388230 switch to &NaiveActor::HandlerNormal
I1013 15:32:29.033998 32494 thread.cpp:96] Thread 524337 construct Actor kTick 1099614388230
I1013 15:32:29.034077 32494 runtime_context.cpp:29] DecreaseCounter constructing_actor_cnt, current val is 337
I1013 15:32:29.034253 32522 naive_actor.cpp:25] actor 2199023255571 switch to &NaiveActor::HandlerNormal
I1013 15:32:29.034305 32522 thread.cpp:96] Thread 1048576 construct Actor kNormalForward 2199023255571
I1013 15:32:29.034377 32522 runtime_context.cpp:29] DecreaseCounter constructing_actor_cnt, current val is 336
I1013 15:32:29.034423 32494 naive_actor.cpp:25] actor 1099614388228 switch to &NaiveActor::HandlerNormal
I1013 15:32:29.034476 32494 thread.cpp:96] Thread 524337 construct Actor kTick 1099614388228
I1013 15:32:29.034535 32494 runtime_context.cpp:29] DecreaseCounter constructing_actor_cnt, current val is 335
I1013 15:32:29.034693 32522 naive_actor.cpp:25] actor 2199023255581 switch to &NaiveActor::HandlerNormal
I1013 15:32:29.034749 32522 thread.cpp:96] Thread 1048576 construct Actor kNormalForward 2199023255581
I1013 15:32:29.034817 32522 runtime_context.cpp:29] DecreaseCounter constructing_actor_cnt, current val is 334
I1013 15:32:29.034880 32494 naive_actor.cpp:25] actor 1099614388224 switch to &NaiveActor::HandlerNormal
I1013 15:32:29.034927 32494 thread.cpp:96] Thread 524337 construct Actor kDeviceTick 1099614388224
I1013 15:32:29.035107 32494 runtime_context.cpp:29] DecreaseCounter constructing_actor_cnt, current val is 333
I1013 15:32:29.035148 32522 naive_actor.cpp:25] actor 2199023255566 switch to &NaiveActor::HandlerNormal
I1013 15:32:29.035212 32522 thread.cpp:96] Thread 1048576 construct Actor kNormalForward 2199023255566
I1013 15:32:29.035272 32522 runtime_context.cpp:29] DecreaseCounter constructing_actor_cnt, current val is 332
I1013 15:32:29.035487 32494 naive_actor.cpp:25] actor 1099614388237 switch to &NaiveActor::HandlerNormal
I1013 15:32:29.035543 32494 thread.cpp:96] Thread 524337 construct Actor kDstSubsetTick 1099614388237
I1013 15:32:29.035619 32494 runtime_context.cpp:29] DecreaseCounter constructing_actor_cnt, current val is 331
I1013 15:32:29.035897 32494 naive_actor.cpp:25] actor 1099614388234 switch to &NaiveActor::HandlerNormal
I1013 15:32:29.035948 32494 thread.cpp:96] Thread 524337 construct Actor kSrcSubsetTick 1099614388234
I1013 15:32:29.036008 32494 runtime_context.cpp:29] DecreaseCounter constructing_actor_cnt, current val is 330
I1013 15:32:29.036190 32522 naive_actor.cpp:25] actor 2199023255594 switch to &NaiveActor::HandlerNormal
I1013 15:32:29.036244 32522 thread.cpp:96] Thread 1048576 construct Actor kNormalForward 2199023255594
I1013 15:32:29.036315 32522 runtime_context.cpp:29] DecreaseCounter constructing_actor_cnt, current val is 329
I1013 15:32:29.036317 32494 naive_actor.cpp:25] actor 1099614388225 switch to &NaiveActor::HandlerNormal
I1013 15:32:29.036381 32494 thread.cpp:96] Thread 524337 construct Actor kSrcSubsetTick 1099614388225
I1013 15:32:29.036451 32494 runtime_context.cpp:29] DecreaseCounter constructing_actor_cnt, current val is 328
I1013 15:32:29.036772 32494 naive_actor.cpp:25] actor 1099614388231 switch to &NaiveActor::HandlerNormal
I1013 15:32:29.036823 32494 thread.cpp:96] Thread 524337 construct Actor kTick 1099614388231
I1013 15:32:29.036885 32494 runtime_context.cpp:29] DecreaseCounter constructing_actor_cnt, current val is 327
I1013 15:32:29.037226 32522 naive_actor.cpp:25] actor 2199023255608 switch to &NaiveActor::HandlerNormal
I1013 15:32:29.037235 32494 naive_actor.cpp:25] actor 1099614388229 switch to &NaiveActor::HandlerNormal
I1013 15:32:29.037283 32522 thread.cpp:96] Thread 1048576 construct Actor kNormalForward 2199023255608
I1013 15:32:29.037312 32494 thread.cpp:96] Thread 524337 construct Actor kDstSubsetTick 1099614388229
I1013 15:32:29.037393 32522 runtime_context.cpp:29] DecreaseCounter constructing_actor_cnt, current val is 326
I1013 15:32:29.037405 32494 runtime_context.cpp:29] DecreaseCounter constructing_actor_cnt, current val is 325
I1013 15:32:29.037750 32494 naive_actor.cpp:25] actor 1099614388236 switch to &NaiveActor::HandlerNormal
I1013 15:32:29.037801 32494 thread.cpp:96] Thread 524337 construct Actor kTick 1099614388236
I1013 15:32:29.037864 32494 runtime_context.cpp:29] DecreaseCounter constructing_actor_cnt, current val is 324
I1013 15:32:29.038151 32494 naive_actor.cpp:25] actor 1099614388239 switch to &NaiveActor::HandlerNormal
I1013 15:32:29.038198 32494 thread.cpp:96] Thread 524337 construct Actor kTick 1099614388239
I1013 15:32:29.038229 32522 naive_actor.cpp:25] actor 2199023255579 switch to &NaiveActor::HandlerNormal
I1013 15:32:29.038252 32494 runtime_context.cpp:29] DecreaseCounter constructing_actor_cnt, current val is 323
I1013 15:32:29.038267 32522 thread.cpp:96] Thread 1048576 construct Actor kNormalForward 2199023255579
I1013 15:32:29.038350 32522 runtime_context.cpp:29] DecreaseCounter constructing_actor_cnt, current val is 322
I1013 15:32:29.038545 32494 naive_actor.cpp:25] actor 1099614388238 switch to &NaiveActor::HandlerNormal
I1013 15:32:29.038602 32494 thread.cpp:96] Thread 524337 construct Actor kTick 1099614388238
I1013 15:32:29.038657 32494 runtime_context.cpp:29] DecreaseCounter constructing_actor_cnt, current val is 321
I1013 15:32:29.038667 32522 naive_actor.cpp:25] actor 2199023255573 switch to &NaiveActor::HandlerNormal
I1013 15:32:29.038729 32522 thread.cpp:96] Thread 1048576 construct Actor kNormalForward 2199023255573
I1013 15:32:29.038843 32522 runtime_context.cpp:29] DecreaseCounter constructing_actor_cnt, current val is 320
I1013 15:32:29.038982 32494 naive_actor.cpp:25] actor 1099614388240 switch to &NaiveActor::HandlerNormal
I1013 15:32:29.039026 32494 thread.cpp:96] Thread 524337 construct Actor kTick 1099614388240
I1013 15:32:29.039090 32494 runtime_context.cpp:29] DecreaseCounter constructing_actor_cnt, current val is 319
I1013 15:32:29.039379 32494 naive_actor.cpp:25] actor 1099614388242 switch to &NaiveActor::HandlerNormal
I1013 15:32:29.039427 32494 thread.cpp:96] Thread 524337 construct Actor kSrcSubsetTick 1099614388242
I1013 15:32:29.039480 32494 runtime_context.cpp:29] DecreaseCounter constructing_actor_cnt, current val is 318
I1013 15:32:29.039724 32522 naive_actor.cpp:25] actor 2199023255582 switch to &NaiveActor::HandlerNormal
I1013 15:32:29.039777 32522 thread.cpp:96] Thread 1048576 construct Actor kNormalForward 2199023255582
I1013 15:32:29.039780 32494 naive_actor.cpp:25] actor 1099614388241 switch to &NaiveActor::HandlerNormal
I1013 15:32:29.039836 32494 thread.cpp:96] Thread 524337 construct Actor kDeviceTick 1099614388241
I1013 15:32:29.039856 32522 runtime_context.cpp:29] DecreaseCounter constructing_actor_cnt, current val is 317
I1013 15:32:29.039889 32494 runtime_context.cpp:29] DecreaseCounter constructing_actor_cnt, current val is 316
I1013 15:32:29.040155 32494 naive_actor.cpp:25] actor 1099614388245 switch to &NaiveActor::HandlerNormal
I1013 15:32:29.040203 32494 thread.cpp:96] Thread 524337 construct Actor kTick 1099614388245
I1013 15:32:29.040256 32494 runtime_context.cpp:29] DecreaseCounter constructing_actor_cnt, current val is 315
I1013 15:32:29.040521 32494 naive_actor.cpp:25] actor 1099614388307 switch to &NaiveActor::HandlerNormal
I1013 15:32:29.040577 32494 thread.cpp:96] Thread 524337 construct Actor kTick 1099614388307
I1013 15:32:29.040632 32494 runtime_context.cpp:29] DecreaseCounter constructing_actor_cnt, current val is 314
I1013 15:32:29.040689 32522 naive_actor.cpp:25] actor 2199023255587 switch to &NaiveActor::HandlerNormal
I1013 15:32:29.040742 32522 thread.cpp:96] Thread 1048576 construct Actor kNormalForward 2199023255587
I1013 15:32:29.040812 32522 runtime_context.cpp:29] DecreaseCounter constructing_actor_cnt, current val is 313
I1013 15:32:29.040971 32494 naive_actor.cpp:25] actor 1099614388246 switch to &NaiveActor::HandlerNormal
I1013 15:32:29.041019 32494 thread.cpp:96] Thread 524337 construct Actor kDstSubsetTick 1099614388246
I1013 15:32:29.041079 32494 runtime_context.cpp:29] DecreaseCounter constructing_actor_cnt, current val is 312
I1013 15:32:29.041121 32522 naive_actor.cpp:25] actor 2199023255578 switch to &NaiveActor::HandlerNormal
I1013 15:32:29.041164 32522 thread.cpp:96] Thread 1048576 construct Actor kNormalForward 2199023255578
I1013 15:32:29.041230 32522 runtime_context.cpp:29] DecreaseCounter constructing_actor_cnt, current val is 311
I1013 15:32:29.041393 32494 naive_actor.cpp:25] actor 1099614388248 switch to &NaiveActor::HandlerNormal
I1013 15:32:29.041440 32494 thread.cpp:96] Thread 524337 construct Actor kTick 1099614388248
I1013 15:32:29.041492 32494 runtime_context.cpp:29] DecreaseCounter constructing_actor_cnt, current val is 310
I1013 15:32:29.041514 32522 naive_actor.cpp:25] actor 2199023255591 switch to &NaiveActor::HandlerNormal
I1013 15:32:29.041560 32522 thread.cpp:96] Thread 1048576 construct Actor kNormalForward 2199023255591
I1013 15:32:29.041626 32522 runtime_context.cpp:29] DecreaseCounter constructing_actor_cnt, current val is 309
I1013 15:32:29.041805 32494 naive_actor.cpp:25] actor 1099614388247 switch to &NaiveActor::HandlerNormal
I1013 15:32:29.041868 32494 thread.cpp:96] Thread 524337 construct Actor kTick 1099614388247
I1013 15:32:29.041932 32494 runtime_context.cpp:29] DecreaseCounter constructing_actor_cnt, current val is 308
I1013 15:32:29.042223 32494 naive_actor.cpp:25] actor 1099614388249 switch to &NaiveActor::HandlerNormal
I1013 15:32:29.042273 32494 thread.cpp:96] Thread 524337 construct Actor kTick 1099614388249
I1013 15:32:29.042389 32522 naive_actor.cpp:25] actor 2199023255620 switch to &NaiveActor::HandlerNormal
I1013 15:32:29.042418 32494 runtime_context.cpp:29] DecreaseCounter constructing_actor_cnt, current val is 307
I1013 15:32:29.042425 32522 thread.cpp:96] Thread 1048576 construct Actor kNormalForward 2199023255620
I1013 15:32:29.042532 32522 runtime_context.cpp:29] DecreaseCounter constructing_actor_cnt, current val is 306
I1013 15:32:29.042723 32494 naive_actor.cpp:25] actor 1099614388254 switch to &NaiveActor::HandlerNormal
I1013 15:32:29.042771 32494 thread.cpp:96] Thread 524337 construct Actor kTick 1099614388254
I1013 15:32:29.042834 32494 runtime_context.cpp:29] DecreaseCounter constructing_actor_cnt, current val is 305
I1013 15:32:29.043112 32494 naive_actor.cpp:25] actor 1099614388309 switch to &NaiveActor::HandlerNormal
I1013 15:32:29.043164 32494 thread.cpp:96] Thread 524337 construct Actor kTick 1099614388309
I1013 15:32:29.043246 32494 runtime_context.cpp:29] DecreaseCounter constructing_actor_cnt, current val is 304
I1013 15:32:29.043408 32522 naive_actor.cpp:25] actor 2199023255592 switch to &NaiveActor::HandlerNormal
I1013 15:32:29.043458 32522 thread.cpp:96] Thread 1048576 construct Actor kNormalForward 2199023255592
I1013 15:32:29.043525 32522 runtime_context.cpp:29] DecreaseCounter constructing_actor_cnt, current val is 303
I1013 15:32:29.043562 32494 naive_actor.cpp:25] actor 1099614388251 switch to &NaiveActor::HandlerNormal
I1013 15:32:29.043617 32494 thread.cpp:96] Thread 524337 construct Actor kSrcSubsetTick 1099614388251
I1013 15:32:29.043671 32494 runtime_context.cpp:29] DecreaseCounter constructing_actor_cnt, current val is 302
I1013 15:32:29.043843 32522 naive_actor.cpp:25] actor 2199023255561 switch to &NaiveActor::HandlerNormal
I1013 15:32:29.043892 32522 thread.cpp:96] Thread 1048576 construct Actor kNormalForward 2199023255561
I1013 15:32:29.043960 32522 runtime_context.cpp:29] DecreaseCounter constructing_actor_cnt, current val is 301
I1013 15:32:29.043969 32494 naive_actor.cpp:25] actor 1099614388250 switch to &NaiveActor::HandlerNormal
I1013 15:32:29.044034 32494 thread.cpp:96] Thread 524337 construct Actor kDeviceTick 1099614388250
I1013 15:32:29.044098 32494 runtime_context.cpp:29] DecreaseCounter constructing_actor_cnt, current val is 300
I1013 15:32:29.044283 32522 naive_actor.cpp:25] actor 2199023255557 switch to &NaiveActor::HandlerNormal
I1013 15:32:29.044332 32522 thread.cpp:96] Thread 1048576 construct Actor kNormalForward 2199023255557
I1013 15:32:29.044389 32522 runtime_context.cpp:29] DecreaseCounter constructing_actor_cnt, current val is 299
I1013 15:32:29.044394 32494 naive_actor.cpp:25] actor 1099614388256 switch to &NaiveActor::HandlerNormal
I1013 15:32:29.044451 32494 thread.cpp:96] Thread 524337 construct Actor kTick 1099614388256
I1013 15:32:29.044517 32494 runtime_context.cpp:29] DecreaseCounter constructing_actor_cnt, current val is 298
I1013 15:32:29.044695 32522 naive_actor.cpp:25] actor 2199023255583 switch to &NaiveActor::HandlerNormal
I1013 15:32:29.044744 32522 thread.cpp:96] Thread 1048576 construct Actor kNormalForward 2199023255583
I1013 15:32:29.044800 32522 runtime_context.cpp:29] DecreaseCounter constructing_actor_cnt, current val is 297
I1013 15:32:29.044832 32494 naive_actor.cpp:25] actor 1099614388257 switch to &NaiveActor::HandlerNormal
I1013 15:32:29.044875 32494 thread.cpp:96] Thread 524337 construct Actor kTick 1099614388257
I1013 15:32:29.044927 32494 runtime_context.cpp:29] DecreaseCounter constructing_actor_cnt, current val is 296
I1013 15:32:29.045270 32494 naive_actor.cpp:25] actor 1099614388255 switch to &NaiveActor::HandlerNormal
I1013 15:32:29.045318 32494 thread.cpp:96] Thread 524337 construct Actor kDstSubsetTick 1099614388255
I1013 15:32:29.045384 32494 runtime_context.cpp:29] DecreaseCounter constructing_actor_cnt, current val is 295
I1013 15:32:29.045516 32522 naive_actor.cpp:25] actor 2199023255585 switch to &NaiveActor::HandlerNormal
I1013 15:32:29.045574 32522 thread.cpp:96] Thread 1048576 construct Actor kNormalForward 2199023255585
I1013 15:32:29.045688 32522 runtime_context.cpp:29] DecreaseCounter constructing_actor_cnt, current val is 294
I1013 15:32:29.045694 32494 naive_actor.cpp:25] actor 1099614388258 switch to &NaiveActor::HandlerNormal
I1013 15:32:29.045775 32494 thread.cpp:96] Thread 524337 construct Actor kTick 1099614388258
I1013 15:32:29.045841 32494 runtime_context.cpp:29] DecreaseCounter constructing_actor_cnt, current val is 293
I1013 15:32:29.046027 32522 naive_actor.cpp:25] actor 2199023255586 switch to &NaiveActor::HandlerNormal
I1013 15:32:29.046077 32522 thread.cpp:96] Thread 1048576 construct Actor kNormalForward 2199023255586
I1013 15:32:29.046133 32522 runtime_context.cpp:29] DecreaseCounter constructing_actor_cnt, current val is 292
I1013 15:32:29.046147 32494 naive_actor.cpp:25] actor 1099614388259 switch to &NaiveActor::HandlerNormal
I1013 15:32:29.046198 32494 thread.cpp:96] Thread 524337 construct Actor kDeviceTick 1099614388259
I1013 15:32:29.046252 32494 runtime_context.cpp:29] DecreaseCounter constructing_actor_cnt, current val is 291
I1013 15:32:29.046627 32494 naive_actor.cpp:25] actor 1099614388264 switch to &NaiveActor::HandlerNormal
I1013 15:32:29.046675 32494 thread.cpp:96] Thread 524337 construct Actor kDstSubsetTick 1099614388264
I1013 15:32:29.046734 32494 runtime_context.cpp:29] DecreaseCounter constructing_actor_cnt, current val is 290
I1013 15:32:29.046875 32522 naive_actor.cpp:25] actor 2199023255570 switch to &NaiveActor::HandlerNormal
I1013 15:32:29.046923 32522 thread.cpp:96] Thread 1048576 construct Actor kNormalForward 2199023255570
I1013 15:32:29.046994 32522 runtime_context.cpp:29] DecreaseCounter constructing_actor_cnt, current val is 289
I1013 15:32:29.047044 32494 naive_actor.cpp:25] actor 1099614388260 switch to &NaiveActor::HandlerNormal
I1013 15:32:29.047092 32494 thread.cpp:96] Thread 524337 construct Actor kSrcSubsetTick 1099614388260
I1013 15:32:29.047147 32494 runtime_context.cpp:29] DecreaseCounter constructing_actor_cnt, current val is 288
I1013 15:32:29.047428 32494 naive_actor.cpp:25] actor 1099614388308 switch to &NaiveActor::HandlerNormal
I1013 15:32:29.047477 32494 thread.cpp:96] Thread 524337 construct Actor kTick 1099614388308
I1013 15:32:29.047530 32494 runtime_context.cpp:29] DecreaseCounter constructing_actor_cnt, current val is 287
I1013 15:32:29.047690 32522 naive_actor.cpp:25] actor 2199023255580 switch to &NaiveActor::HandlerNormal
I1013 15:32:29.047740 32522 thread.cpp:96] Thread 1048576 construct Actor kNormalForward 2199023255580
I1013 15:32:29.047801 32522 runtime_context.cpp:29] DecreaseCounter constructing_actor_cnt, current val is 286
I1013 15:32:29.047816 32494 naive_actor.cpp:25] actor 1099614388263 switch to &NaiveActor::HandlerNormal
I1013 15:32:29.047868 32494 thread.cpp:96] Thread 524337 construct Actor kTick 1099614388263
I1013 15:32:29.047920 32494 runtime_context.cpp:29] DecreaseCounter constructing_actor_cnt, current val is 285
I1013 15:32:29.048207 32494 naive_actor.cpp:25] actor 1099614388265 switch to &NaiveActor::HandlerNormal
I1013 15:32:29.048254 32494 thread.cpp:96] Thread 524337 construct Actor kTick 1099614388265
I1013 15:32:29.048317 32494 runtime_context.cpp:29] DecreaseCounter constructing_actor_cnt, current val is 284
I1013 15:32:29.048610 32494 naive_actor.cpp:25] actor 1099614388266 switch to &NaiveActor::HandlerNormal
I1013 15:32:29.048660 32494 thread.cpp:96] Thread 524337 construct Actor kTick 1099614388266
I1013 15:32:29.048722 32494 runtime_context.cpp:29] DecreaseCounter constructing_actor_cnt, current val is 283
I1013 15:32:29.048772 32522 naive_actor.cpp:25] actor 2199023255612 switch to &NaiveActor::HandlerNormal
I1013 15:32:29.048817 32522 thread.cpp:96] Thread 1048576 construct Actor kNormalForward 2199023255612
I1013 15:32:29.048882 32522 runtime_context.cpp:29] DecreaseCounter constructing_actor_cnt, current val is 282
I1013 15:32:29.049010 32494 naive_actor.cpp:25] actor 1099614388268 switch to &NaiveActor::HandlerNormal
I1013 15:32:29.049053 32494 thread.cpp:96] Thread 524337 construct Actor kSrcSubsetTick 1099614388268
I1013 15:32:29.049202 32494 runtime_context.cpp:29] DecreaseCounter constructing_actor_cnt, current val is 281
I1013 15:32:29.049463 32494 naive_actor.cpp:25] actor 1099614388279 switch to &NaiveActor::HandlerNormal
I1013 15:32:29.049530 32494 thread.cpp:96] Thread 524337 construct Actor kTick 1099614388279
I1013 15:32:29.049592 32494 runtime_context.cpp:29] DecreaseCounter constructing_actor_cnt, current val is 280
I1013 15:32:29.049680 32522 naive_actor.cpp:25] actor 2199023255556 switch to &NaiveActor::HandlerNormal
I1013 15:32:29.049727 32522 thread.cpp:96] Thread 1048576 construct Actor kNormalForward 2199023255556
I1013 15:32:29.049790 32522 runtime_context.cpp:29] DecreaseCounter constructing_actor_cnt, current val is 279
I1013 15:32:29.049911 32494 naive_actor.cpp:25] actor 1099614388280 switch to &NaiveActor::HandlerNormal
I1013 15:32:29.049955 32494 thread.cpp:96] Thread 524337 construct Actor kDstSubsetTick 1099614388280
I1013 15:32:29.050009 32494 runtime_context.cpp:29] DecreaseCounter constructing_actor_cnt, current val is 278
I1013 15:32:29.050089 32522 naive_actor.cpp:25] actor 2199023255593 switch to &NaiveActor::HandlerNormal
I1013 15:32:29.050130 32522 thread.cpp:96] Thread 1048576 construct Actor kNormalForward 2199023255593
I1013 15:32:29.050184 32522 runtime_context.cpp:29] DecreaseCounter constructing_actor_cnt, current val is 277
I1013 15:32:29.050299 32494 naive_actor.cpp:25] actor 1099614388271 switch to &NaiveActor::HandlerNormal
I1013 15:32:29.050343 32494 thread.cpp:96] Thread 524337 construct Actor kTick 1099614388271
I1013 15:32:29.050393 32494 runtime_context.cpp:29] DecreaseCounter constructing_actor_cnt, current val is 276
I1013 15:32:29.050662 32494 naive_actor.cpp:25] actor 1099614388311 switch to &NaiveActor::HandlerNormal
I1013 15:32:29.050709 32494 thread.cpp:96] Thread 524337 construct Actor kTick 1099614388311
I1013 15:32:29.050758 32494 runtime_context.cpp:29] DecreaseCounter constructing_actor_cnt, current val is 275
I1013 15:32:29.050871 32522 naive_actor.cpp:25] actor 2199023255565 switch to &NaiveActor::HandlerNormal
I1013 15:32:29.050927 32522 thread.cpp:96] Thread 1048576 construct Actor kNormalForward 2199023255565
I1013 15:32:29.050984 32522 runtime_context.cpp:29] DecreaseCounter constructing_actor_cnt, current val is 274
I1013 15:32:29.051038 32494 naive_actor.cpp:25] actor 1099614388281 switch to &NaiveActor::HandlerNormal
I1013 15:32:29.051081 32494 thread.cpp:96] Thread 524337 construct Actor kTick 1099614388281
I1013 15:32:29.051141 32494 runtime_context.cpp:29] DecreaseCounter constructing_actor_cnt, current val is 273
I1013 15:32:29.051409 32494 naive_actor.cpp:25] actor 1099614388275 switch to &NaiveActor::HandlerNormal
I1013 15:32:29.051455 32494 thread.cpp:96] Thread 524337 construct Actor kTick 1099614388275
I1013 15:32:29.051515 32494 runtime_context.cpp:29] DecreaseCounter constructing_actor_cnt, current val is 272
I1013 15:32:29.051755 32522 naive_actor.cpp:25] actor 2199023255555 switch to &NaiveActor::HandlerNormal
I1013 15:32:29.051785 32494 naive_actor.cpp:25] actor 1099614388306 switch to &NaiveActor::HandlerNormal
I1013 15:32:29.051803 32522 thread.cpp:96] Thread 1048576 construct Actor kNormalForward 2199023255555
I1013 15:32:29.051831 32494 thread.cpp:96] Thread 524337 construct Actor kTick 1099614388306
I1013 15:32:29.051898 32522 runtime_context.cpp:29] DecreaseCounter constructing_actor_cnt, current val is 271
I1013 15:32:29.051904 32494 runtime_context.cpp:29] DecreaseCounter constructing_actor_cnt, current val is 270
I1013 15:32:29.052194 32494 naive_actor.cpp:25] actor 1099614388274 switch to &NaiveActor::HandlerNormal
I1013 15:32:29.052240 32494 thread.cpp:96] Thread 524337 construct Actor kTick 1099614388274
I1013 15:32:29.052299 32494 runtime_context.cpp:29] DecreaseCounter constructing_actor_cnt, current val is 269
I1013 15:32:29.052561 32494 naive_actor.cpp:25] actor 1099614388273 switch to &NaiveActor::HandlerNormal
I1013 15:32:29.052615 32494 thread.cpp:96] Thread 524337 construct Actor kTick 1099614388273
I1013 15:32:29.052701 32494 runtime_context.cpp:29] DecreaseCounter constructing_actor_cnt, current val is 268
I1013 15:32:29.052711 32522 naive_actor.cpp:25] actor 2199023255607 switch to &NaiveActor::HandlerNormal
I1013 15:32:29.052785 32522 thread.cpp:96] Thread 1048576 construct Actor kNormalForward 2199023255607
I1013 15:32:29.052852 32522 runtime_context.cpp:29] DecreaseCounter constructing_actor_cnt, current val is 267
I1013 15:32:29.052994 32494 naive_actor.cpp:25] actor 1099614388277 switch to &NaiveActor::HandlerNormal
I1013 15:32:29.053040 32494 thread.cpp:96] Thread 524337 construct Actor kSrcSubsetTick 1099614388277
I1013 15:32:29.053090 32494 runtime_context.cpp:29] DecreaseCounter constructing_actor_cnt, current val is 266
I1013 15:32:29.053354 32494 naive_actor.cpp:25] actor 1099614388282 switch to &NaiveActor::HandlerNormal
I1013 15:32:29.053400 32494 thread.cpp:96] Thread 524337 construct Actor kTick 1099614388282
I1013 15:32:29.053458 32494 runtime_context.cpp:29] DecreaseCounter constructing_actor_cnt, current val is 265
I1013 15:32:29.053725 32522 naive_actor.cpp:25] actor 2199023255554 switch to &NaiveActor::HandlerNormal
I1013 15:32:29.053730 32494 naive_actor.cpp:25] actor 1099614388267 switch to &NaiveActor::HandlerNormal
I1013 15:32:29.053774 32522 thread.cpp:96] Thread 1048576 construct Actor kNormalForward 2199023255554
I1013 15:32:29.053798 32494 thread.cpp:96] Thread 524337 construct Actor kDeviceTick 1099614388267
I1013 15:32:29.053875 32494 runtime_context.cpp:29] DecreaseCounter constructing_actor_cnt, current val is 264
I1013 15:32:29.053877 32522 runtime_context.cpp:29] DecreaseCounter constructing_actor_cnt, current val is 263
I1013 15:32:29.054178 32494 naive_actor.cpp:25] actor 1099614388272 switch to &NaiveActor::HandlerNormal
I1013 15:32:29.054224 32494 thread.cpp:96] Thread 524337 construct Actor kDstSubsetTick 1099614388272
I1013 15:32:29.054277 32494 runtime_context.cpp:29] DecreaseCounter constructing_actor_cnt, current val is 262
I1013 15:32:29.054541 32494 naive_actor.cpp:25] actor 1099614388289 switch to &NaiveActor::HandlerNormal
I1013 15:32:29.054574 32522 naive_actor.cpp:25] actor 2199023255575 switch to &NaiveActor::HandlerNormal
I1013 15:32:29.054597 32494 thread.cpp:96] Thread 524337 construct Actor kTick 1099614388289
I1013 15:32:29.054620 32522 thread.cpp:96] Thread 1048576 construct Actor kNormalForward 2199023255575
I1013 15:32:29.054673 32494 runtime_context.cpp:29] DecreaseCounter constructing_actor_cnt, current val is 261
I1013 15:32:29.054697 32522 runtime_context.cpp:29] DecreaseCounter constructing_actor_cnt, current val is 260
I1013 15:32:29.054977 32494 reentrant_lock_actor.cpp:76] actor 1099614388283 switch to &ReentrantLockActor::HandlerNormal
I1013 15:32:29.055023 32494 thread.cpp:96] Thread 524337 construct Actor kReentrantLock 1099614388283
I1013 15:32:29.055086 32494 runtime_context.cpp:29] DecreaseCounter constructing_actor_cnt, current val is 259
I1013 15:32:29.055346 32494 naive_actor.cpp:25] actor 1099614388291 switch to &NaiveActor::HandlerNormal
I1013 15:32:29.055392 32494 thread.cpp:96] Thread 524337 construct Actor kTick 1099614388291
I1013 15:32:29.055442 32494 runtime_context.cpp:29] DecreaseCounter constructing_actor_cnt, current val is 258
I1013 15:32:29.055508 32522 naive_actor.cpp:25] actor 2199023255602 switch to &NaiveActor::HandlerNormal
I1013 15:32:29.055555 32522 thread.cpp:96] Thread 1048576 construct Actor kNormalForward 2199023255602
I1013 15:32:29.055631 32522 runtime_context.cpp:29] DecreaseCounter constructing_actor_cnt, current val is 257
I1013 15:32:29.055743 32494 naive_actor.cpp:25] actor 1099614388290 switch to &NaiveActor::HandlerNormal
I1013 15:32:29.055785 32494 thread.cpp:96] Thread 524337 construct Actor kTick 1099614388290
I1013 15:32:29.055835 32494 runtime_context.cpp:29] DecreaseCounter constructing_actor_cnt, current val is 256
I1013 15:32:29.056105 32494 naive_actor.cpp:25] actor 1099614388288 switch to &NaiveActor::HandlerNormal
I1013 15:32:29.056151 32494 thread.cpp:96] Thread 524337 construct Actor kTick 1099614388288
I1013 15:32:29.056282 32494 runtime_context.cpp:29] DecreaseCounter constructing_actor_cnt, current val is 255
I1013 15:32:29.056295 32522 naive_actor.cpp:25] actor 2199023255590 switch to &NaiveActor::HandlerNormal
I1013 15:32:29.056376 32522 thread.cpp:96] Thread 1048576 construct Actor kNormalForward 2199023255590
I1013 15:32:29.056448 32522 runtime_context.cpp:29] DecreaseCounter constructing_actor_cnt, current val is 254
I1013 15:32:29.056598 32494 naive_actor.cpp:25] actor 1099614388293 switch to &NaiveActor::HandlerNormal
I1013 15:32:29.056644 32494 thread.cpp:96] Thread 524337 construct Actor kTick 1099614388293
I1013 15:32:29.056704 32494 runtime_context.cpp:29] DecreaseCounter constructing_actor_cnt, current val is 253
