I1014 10:53:23.342927 13767 thread.cpp:96] Thread 1048576 construct Actor kNormalForward 2199023255855
I1014 10:53:23.342962 13767 runtime_context.cpp:29] DecreaseCounter constructing_actor_cnt, current val is 37
I1014 10:53:23.342963 13773 naive_actor.cpp:25] actor 2207613190440 switch to &NaiveActor::HandlerNormal
I1014 10:53:23.343045 13773 thread.cpp:96] Thread 1052672 construct Actor kNormalForward 2207613190440
I1014 10:53:23.343101 13773 runtime_context.cpp:29] DecreaseCounter constructing_actor_cnt, current val is 36
I1014 10:53:23.343204 13767 naive_actor.cpp:25] actor 2199023255838 switch to &NaiveActor::HandlerNormal
I1014 10:53:23.343237 13767 thread.cpp:96] Thread 1048576 construct Actor kNormalForward 2199023255838
I1014 10:53:23.343273 13767 runtime_context.cpp:29] DecreaseCounter constructing_actor_cnt, current val is 35
I1014 10:53:23.343395 13773 naive_actor.cpp:25] actor 2207613190420 switch to &NaiveActor::HandlerNormal
I1014 10:53:23.343437 13773 thread.cpp:96] Thread 1052672 construct Actor kNormalForward 2207613190420
I1014 10:53:23.343466 13767 naive_actor.cpp:25] actor 2199023255847 switch to &NaiveActor::HandlerNormal
I1014 10:53:23.343485 13773 runtime_context.cpp:29] DecreaseCounter constructing_actor_cnt, current val is 34
I1014 10:53:23.343487 13767 thread.cpp:96] Thread 1048576 construct Actor kNormalForward 2199023255847
I1014 10:53:23.343545 13767 runtime_context.cpp:29] DecreaseCounter constructing_actor_cnt, current val is 33
I1014 10:53:23.343762 13767 naive_actor.cpp:25] actor 2199023255850 switch to &NaiveActor::HandlerNormal
I1014 10:53:23.343768 13773 naive_actor.cpp:25] actor 2207613190419 switch to &NaiveActor::HandlerNormal
I1014 10:53:23.343799 13767 thread.cpp:96] Thread 1048576 construct Actor kNormalForward 2199023255850
I1014 10:53:23.343822 13773 thread.cpp:96] Thread 1052672 construct Actor kNormalForward 2207613190419
I1014 10:53:23.343859 13767 runtime_context.cpp:29] DecreaseCounter constructing_actor_cnt, current val is 32
I1014 10:53:23.343883 13773 runtime_context.cpp:29] DecreaseCounter constructing_actor_cnt, current val is 31
I1014 10:53:23.344056 13767 naive_actor.cpp:25] actor 2199023255859 switch to &NaiveActor::HandlerNormal
I1014 10:53:23.344090 13767 thread.cpp:96] Thread 1048576 construct Actor kDeviceTick 2199023255859
I1014 10:53:23.344125 13767 runtime_context.cpp:29] DecreaseCounter constructing_actor_cnt, current val is 30
I1014 10:53:23.344162 13773 naive_actor.cpp:25] actor 2207613190418 switch to &NaiveActor::HandlerNormal
I1014 10:53:23.344189 13773 thread.cpp:96] Thread 1052672 construct Actor kNormalForward 2207613190418
I1014 10:53:23.344233 13773 runtime_context.cpp:29] DecreaseCounter constructing_actor_cnt, current val is 29
I1014 10:53:23.344477 13773 naive_actor.cpp:25] actor 2207613190426 switch to &NaiveActor::HandlerNormal
I1014 10:53:23.344503 13773 thread.cpp:96] Thread 1052672 construct Actor kNormalForward 2207613190426
I1014 10:53:23.344547 13773 runtime_context.cpp:29] DecreaseCounter constructing_actor_cnt, current val is 28
I1014 10:53:23.344805 13773 naive_actor.cpp:25] actor 2207613190422 switch to &NaiveActor::HandlerNormal
I1014 10:53:23.344830 13773 thread.cpp:96] Thread 1052672 construct Actor kNormalForward 2207613190422
I1014 10:53:23.344873 13773 runtime_context.cpp:29] DecreaseCounter constructing_actor_cnt, current val is 27
I1014 10:53:23.345119 13773 naive_actor.cpp:25] actor 2207613190424 switch to &NaiveActor::HandlerNormal
I1014 10:53:23.345144 13773 thread.cpp:96] Thread 1052672 construct Actor kNormalForward 2207613190424
I1014 10:53:23.345186 13773 runtime_context.cpp:29] DecreaseCounter constructing_actor_cnt, current val is 26
I1014 10:53:23.345427 13773 naive_actor.cpp:25] actor 2207613190447 switch to &NaiveActor::HandlerNormal
I1014 10:53:23.345453 13773 thread.cpp:96] Thread 1052672 construct Actor kNormalForward 2207613190447
I1014 10:53:23.345495 13773 runtime_context.cpp:29] DecreaseCounter constructing_actor_cnt, current val is 25
I1014 10:53:23.345748 13773 naive_actor.cpp:25] actor 2207613190427 switch to &NaiveActor::HandlerNormal
I1014 10:53:23.345774 13773 thread.cpp:96] Thread 1052672 construct Actor kNormalForward 2207613190427
I1014 10:53:23.345818 13773 runtime_context.cpp:29] DecreaseCounter constructing_actor_cnt, current val is 24
I1014 10:53:23.346123 13773 naive_actor.cpp:25] actor 2207613190428 switch to &NaiveActor::HandlerNormal
I1014 10:53:23.346153 13773 thread.cpp:96] Thread 1052672 construct Actor kNormalForward 2207613190428
I1014 10:53:23.346197 13773 runtime_context.cpp:29] DecreaseCounter constructing_actor_cnt, current val is 23
I1014 10:53:23.346439 13773 naive_actor.cpp:25] actor 2207613190431 switch to &NaiveActor::HandlerNormal
I1014 10:53:23.346465 13773 thread.cpp:96] Thread 1052672 construct Actor kNormalForward 2207613190431
I1014 10:53:23.346508 13773 runtime_context.cpp:29] DecreaseCounter constructing_actor_cnt, current val is 22
I1014 10:53:23.346758 13773 naive_actor.cpp:25] actor 2207613190435 switch to &NaiveActor::HandlerNormal
I1014 10:53:23.346783 13773 thread.cpp:96] Thread 1052672 construct Actor kNormalForward 2207613190435
I1014 10:53:23.346827 13773 runtime_context.cpp:29] DecreaseCounter constructing_actor_cnt, current val is 21
I1014 10:53:23.347067 13773 naive_actor.cpp:25] actor 2207613190415 switch to &NaiveActor::HandlerNormal
I1014 10:53:23.347092 13773 thread.cpp:96] Thread 1052672 construct Actor kNormalForward 2207613190415
I1014 10:53:23.347136 13773 runtime_context.cpp:29] DecreaseCounter constructing_actor_cnt, current val is 20
I1014 10:53:23.347373 13773 naive_actor.cpp:25] actor 2207613190432 switch to &NaiveActor::HandlerNormal
I1014 10:53:23.347398 13773 thread.cpp:96] Thread 1052672 construct Actor kNormalForward 2207613190432
I1014 10:53:23.347440 13773 runtime_context.cpp:29] DecreaseCounter constructing_actor_cnt, current val is 19
I1014 10:53:23.347687 13773 naive_actor.cpp:25] actor 2207613190430 switch to &NaiveActor::HandlerNormal
I1014 10:53:23.347712 13773 thread.cpp:96] Thread 1052672 construct Actor kNormalForward 2207613190430
I1014 10:53:23.347754 13773 runtime_context.cpp:29] DecreaseCounter constructing_actor_cnt, current val is 18
I1014 10:53:23.347991 13773 naive_actor.cpp:25] actor 2207613190429 switch to &NaiveActor::HandlerNormal
I1014 10:53:23.348016 13773 thread.cpp:96] Thread 1052672 construct Actor kNormalForward 2207613190429
I1014 10:53:23.348059 13773 runtime_context.cpp:29] DecreaseCounter constructing_actor_cnt, current val is 17
I1014 10:53:23.348362 13773 naive_actor.cpp:25] actor 2207613190443 switch to &NaiveActor::HandlerNormal
I1014 10:53:23.348388 13773 thread.cpp:96] Thread 1052672 construct Actor kNormalForward 2207613190443
I1014 10:53:23.348433 13773 runtime_context.cpp:29] DecreaseCounter constructing_actor_cnt, current val is 16
I1014 10:53:23.348687 13773 naive_actor.cpp:25] actor 2207613190444 switch to &NaiveActor::HandlerNormal
I1014 10:53:23.348712 13773 thread.cpp:96] Thread 1052672 construct Actor kNormalForward 2207613190444
I1014 10:53:23.348757 13773 runtime_context.cpp:29] DecreaseCounter constructing_actor_cnt, current val is 15
I1014 10:53:23.348997 13773 naive_actor.cpp:25] actor 2207613190434 switch to &NaiveActor::HandlerNormal
I1014 10:53:23.349023 13773 thread.cpp:96] Thread 1052672 construct Actor kNormalForward 2207613190434
I1014 10:53:23.349066 13773 runtime_context.cpp:29] DecreaseCounter constructing_actor_cnt, current val is 14
I1014 10:53:23.349304 13773 naive_actor.cpp:25] actor 2207613190445 switch to &NaiveActor::HandlerNormal
I1014 10:53:23.349329 13773 thread.cpp:96] Thread 1052672 construct Actor kNormalForward 2207613190445
I1014 10:53:23.349371 13773 runtime_context.cpp:29] DecreaseCounter constructing_actor_cnt, current val is 13
I1014 10:53:23.349615 13773 naive_actor.cpp:25] actor 2207613190437 switch to &NaiveActor::HandlerNormal
I1014 10:53:23.349640 13773 thread.cpp:96] Thread 1052672 construct Actor kNormalForward 2207613190437
I1014 10:53:23.349684 13773 runtime_context.cpp:29] DecreaseCounter constructing_actor_cnt, current val is 12
I1014 10:53:23.349931 13773 naive_actor.cpp:25] actor 2207613190439 switch to &NaiveActor::HandlerNormal
I1014 10:53:23.349956 13773 thread.cpp:96] Thread 1052672 construct Actor kNormalForward 2207613190439
I1014 10:53:23.350025 13773 runtime_context.cpp:29] DecreaseCounter constructing_actor_cnt, current val is 11
I1014 10:53:23.350297 13773 naive_actor.cpp:25] actor 2207613190436 switch to &NaiveActor::HandlerNormal
I1014 10:53:23.350327 13773 thread.cpp:96] Thread 1052672 construct Actor kNormalForward 2207613190436
I1014 10:53:23.350369 13773 runtime_context.cpp:29] DecreaseCounter constructing_actor_cnt, current val is 10
I1014 10:53:23.350621 13773 naive_actor.cpp:25] actor 2207613190442 switch to &NaiveActor::HandlerNormal
I1014 10:53:23.350646 13773 thread.cpp:96] Thread 1052672 construct Actor kNormalForward 2207613190442
I1014 10:53:23.350689 13773 runtime_context.cpp:29] DecreaseCounter constructing_actor_cnt, current val is 9
I1014 10:53:23.350939 13773 naive_actor.cpp:25] actor 2207613190425 switch to &NaiveActor::HandlerNormal
I1014 10:53:23.350962 13773 thread.cpp:96] Thread 1052672 construct Actor kNormalForward 2207613190425
I1014 10:53:23.351003 13773 runtime_context.cpp:29] DecreaseCounter constructing_actor_cnt, current val is 8
I1014 10:53:23.351233 13773 naive_actor.cpp:25] actor 2207613190441 switch to &NaiveActor::HandlerNormal
I1014 10:53:23.351256 13773 thread.cpp:96] Thread 1052672 construct Actor kNormalForward 2207613190441
I1014 10:53:23.351298 13773 runtime_context.cpp:29] DecreaseCounter constructing_actor_cnt, current val is 7
I1014 10:53:23.351534 13773 naive_actor.cpp:25] actor 2207613190446 switch to &NaiveActor::HandlerNormal
I1014 10:53:23.351558 13773 thread.cpp:96] Thread 1052672 construct Actor kNormalForward 2207613190446
I1014 10:53:23.351608 13773 runtime_context.cpp:29] DecreaseCounter constructing_actor_cnt, current val is 6
I1014 10:53:23.351850 13773 naive_actor.cpp:25] actor 2207613190423 switch to &NaiveActor::HandlerNormal
I1014 10:53:23.351873 13773 thread.cpp:96] Thread 1052672 construct Actor kNormalForward 2207613190423
I1014 10:53:23.351915 13773 runtime_context.cpp:29] DecreaseCounter constructing_actor_cnt, current val is 5
I1014 10:53:23.352140 13773 naive_actor.cpp:25] actor 2207613190451 switch to &NaiveActor::HandlerNormal
I1014 10:53:23.352164 13773 thread.cpp:96] Thread 1052672 construct Actor kDeviceTick 2207613190451
I1014 10:53:23.352205 13773 runtime_context.cpp:29] DecreaseCounter constructing_actor_cnt, current val is 4
I1014 10:53:23.353899 13773 naive_actor.cpp:25] actor 2207613190450 switch to &NaiveActor::HandlerNormal
I1014 10:53:23.353926 13773 thread.cpp:96] Thread 1052672 construct Actor kNormalForward 2207613190450
I1014 10:53:23.354036 13773 runtime_context.cpp:29] DecreaseCounter constructing_actor_cnt, current val is 3
I1014 10:53:23.354298 13773 naive_actor.cpp:25] actor 2207613190438 switch to &NaiveActor::HandlerNormal
I1014 10:53:23.354322 13773 thread.cpp:96] Thread 1052672 construct Actor kNormalForward 2207613190438
I1014 10:53:23.354367 13773 runtime_context.cpp:29] DecreaseCounter constructing_actor_cnt, current val is 2
I1014 10:53:23.354610 13773 naive_actor.cpp:25] actor 2207613190449 switch to &NaiveActor::HandlerNormal
I1014 10:53:23.354635 13773 thread.cpp:96] Thread 1052672 construct Actor kNormalForward 2207613190449
I1014 10:53:23.354677 13773 runtime_context.cpp:29] DecreaseCounter constructing_actor_cnt, current val is 1
I1014 10:53:23.354912 13773 naive_actor.cpp:25] actor 2207613190448 switch to &NaiveActor::HandlerNormal
I1014 10:53:23.354936 13773 thread.cpp:96] Thread 1052672 construct Actor kNormalForward 2207613190448
I1014 10:53:23.354982 13773 runtime_context.cpp:29] DecreaseCounter constructing_actor_cnt, current val is 0
I1014 10:53:23.358913 13187 runtime.cpp:93] Actors on this machine constructed
I1014 10:53:23.358960 13187 runtime.cpp:95] Actors on every machine constructed
I1014 10:53:23.358987 13187 runtime_context.cpp:21] NewCounter job_5_running_actor_count 41
I1014 10:53:23.359004 13187 runtime_context.cpp:21] NewCounter job_4_running_actor_count 22
I1014 10:53:23.359017 13187 runtime_context.cpp:21] NewCounter job_3_running_actor_count 91
I1014 10:53:23.359031 13187 runtime_context.cpp:21] NewCounter job_2_running_actor_count 91
I1014 10:53:23.359091 13187 runtime_context.cpp:21] NewCounter job_0_running_actor_count 449
I1014 10:53:23.359112 13187 runtime_context.cpp:21] NewCounter job_1_running_actor_count 89
I1014 10:53:23.359156 13758 wait_and_send_ids_actor.cpp:73] actor 1099616485376 switch to &WaitAndSendIdsActor::HandlerNormal
I1014 10:53:23.359417 13187 global.h:36] NewGlobal N7oneflow7JobDescE
I1014 10:53:23.391269 13187 global.h:43] DeleteGlobal N7oneflow7JobDescE
I1014 10:53:23.881011 13773 local.cpp:114] waiting for key: eager_nccl_unique_id_rpc_key,0:0,0:1
I1014 10:53:23.888376 13767 eager_nccl_comm_manager.cpp:69]  EagerNcclCommMgr::ncclCommInitRank device_vec.size() = 2, nccl_unique_id = 0200ffffffdafffffffa0b0b010e000000000000000000000000000000000000000000000000000000000000000000000000000000000000000000000000000000000000000000000000000000000000000000000000000000000000000000000000000000000000000000000000000000000000000000000000000000000000000000000000, rank = 0, key = {eager_nccl_unique_id_rpc_key,0:0,0:1}
I1014 10:53:23.888417 13773 eager_nccl_comm_manager.cpp:69]  EagerNcclCommMgr::ncclCommInitRank device_vec.size() = 2, nccl_unique_id = 0200ffffffdafffffffa0b0b010e000000000000000000000000000000000000000000000000000000000000000000000000000000000000000000000000000000000000000000000000000000000000000000000000000000000000000000000000000000000000000000000000000000000000000000000000000000000000000000000000, rank = 1, key = {eager_nccl_unique_id_rpc_key,0:0,0:1}
I1014 10:53:48.647248 13187 global.h:43] DeleteGlobal N7oneflow7OneflowE
I1014 10:53:48.647717 13758 actor.cpp:411] actor 1099616485376 switch to &Actor::HandlerZombie
I1014 10:53:48.647759 13757 actor.cpp:411] actor 1099614388296 switch to &Actor::HandlerZombie
I1014 10:53:48.647946 13757 actor.cpp:408] actor 1099614388297 switch to nullptr
I1014 10:53:48.647953 13758 thread.cpp:76] thread 524338 deconstruct actor 1099616485376
I1014 10:53:48.647979 13757 thread.cpp:76] thread 524337 deconstruct actor 1099614388297
I1014 10:53:48.648286 13758 runtime_context.cpp:29] DecreaseCounter job_5_running_actor_count, current val is 40
I1014 10:53:48.648480 13757 runtime_context.cpp:29] DecreaseCounter job_5_running_actor_count, current val is 39
I1014 10:53:48.648519 13757 actor.cpp:408] actor 1099614388318 switch to nullptr
I1014 10:53:48.648536 13757 thread.cpp:76] thread 524337 deconstruct actor 1099614388318
I1014 10:53:48.648737 13757 runtime_context.cpp:29] DecreaseCounter job_5_running_actor_count, current val is 38
I1014 10:53:48.648770 13757 actor.cpp:408] actor 1099614388298 switch to nullptr
I1014 10:53:48.648787 13757 thread.cpp:76] thread 524337 deconstruct actor 1099614388298
I1014 10:53:48.648969 13757 runtime_context.cpp:29] DecreaseCounter job_5_running_actor_count, current val is 37
I1014 10:53:48.648995 13757 actor.cpp:408] actor 1099614388322 switch to nullptr
I1014 10:53:48.649011 13757 thread.cpp:76] thread 524337 deconstruct actor 1099614388322
I1014 10:53:48.649169 13757 runtime_context.cpp:29] DecreaseCounter job_5_running_actor_count, current val is 36
I1014 10:53:48.649197 13757 actor.cpp:408] actor 1099614388302 switch to nullptr
I1014 10:53:48.649214 13757 thread.cpp:76] thread 524337 deconstruct actor 1099614388302
I1014 10:53:48.649394 13757 runtime_context.cpp:29] DecreaseCounter job_5_running_actor_count, current val is 35
I1014 10:53:48.649423 13757 actor.cpp:408] actor 1099614388306 switch to nullptr
I1014 10:53:48.649438 13757 thread.cpp:76] thread 524337 deconstruct actor 1099614388306
I1014 10:53:48.649618 13757 runtime_context.cpp:29] DecreaseCounter job_5_running_actor_count, current val is 34
I1014 10:53:48.649649 13757 actor.cpp:408] actor 1099614388310 switch to nullptr
I1014 10:53:48.649664 13757 thread.cpp:76] thread 524337 deconstruct actor 1099614388310
I1014 10:53:48.649835 13757 runtime_context.cpp:29] DecreaseCounter job_5_running_actor_count, current val is 33
I1014 10:53:48.649863 13757 actor.cpp:408] actor 1099614388314 switch to nullptr
I1014 10:53:48.649878 13757 thread.cpp:76] thread 524337 deconstruct actor 1099614388314
I1014 10:53:48.650205 13757 runtime_context.cpp:29] DecreaseCounter job_5_running_actor_count, current val is 32
I1014 10:53:48.650269 13757 actor.cpp:408] actor 1099614388319 switch to nullptr
I1014 10:53:48.650290 13757 thread.cpp:76] thread 524337 deconstruct actor 1099614388319
I1014 10:53:48.650452 13757 runtime_context.cpp:29] DecreaseCounter job_5_running_actor_count, current val is 31
I1014 10:53:48.650482 13757 actor.cpp:408] actor 1099614388299 switch to nullptr
I1014 10:53:48.650497 13757 thread.cpp:76] thread 524337 deconstruct actor 1099614388299
I1014 10:53:48.650678 13757 runtime_context.cpp:29] DecreaseCounter job_5_running_actor_count, current val is 30
I1014 10:53:48.650710 13757 actor.cpp:408] actor 1099614388323 switch to nullptr
I1014 10:53:48.650725 13757 thread.cpp:76] thread 524337 deconstruct actor 1099614388323
I1014 10:53:48.650887 13757 runtime_context.cpp:29] DecreaseCounter job_5_running_actor_count, current val is 29
I1014 10:53:48.650915 13757 actor.cpp:408] actor 1099614388303 switch to nullptr
I1014 10:53:48.650931 13757 thread.cpp:76] thread 524337 deconstruct actor 1099614388303
I1014 10:53:48.651118 13757 runtime_context.cpp:29] DecreaseCounter job_5_running_actor_count, current val is 28
I1014 10:53:48.651145 13757 actor.cpp:408] actor 1099614388307 switch to nullptr
I1014 10:53:48.651161 13757 thread.cpp:76] thread 524337 deconstruct actor 1099614388307
I1014 10:53:48.651332 13757 runtime_context.cpp:29] DecreaseCounter job_5_running_actor_count, current val is 27
I1014 10:53:48.651358 13757 actor.cpp:408] actor 1099614388311 switch to nullptr
I1014 10:53:48.651373 13757 thread.cpp:76] thread 524337 deconstruct actor 1099614388311
I1014 10:53:48.651540 13757 runtime_context.cpp:29] DecreaseCounter job_5_running_actor_count, current val is 26
I1014 10:53:48.651576 13757 actor.cpp:408] actor 1099614388315 switch to nullptr
I1014 10:53:48.651592 13757 thread.cpp:76] thread 524337 deconstruct actor 1099614388315
I1014 10:53:48.651746 13757 runtime_context.cpp:29] DecreaseCounter job_5_running_actor_count, current val is 25
I1014 10:53:48.651772 13757 actor.cpp:408] actor 1099614388280 switch to nullptr
I1014 10:53:48.651787 13757 thread.cpp:76] thread 524337 deconstruct actor 1099614388280
I1014 10:53:48.651944 13757 runtime_context.cpp:29] DecreaseCounter job_4_running_actor_count, current val is 21
I1014 10:53:48.651973 13757 actor.cpp:408] actor 1099614388234 switch to nullptr
I1014 10:53:48.651988 13757 thread.cpp:76] thread 524337 deconstruct actor 1099614388234
I1014 10:53:48.652179 13757 runtime_context.cpp:29] DecreaseCounter job_0_running_actor_count, current val is 448
I1014 10:53:48.652205 13757 actor.cpp:408] actor 1099614388292 switch to nullptr
I1014 10:53:48.652220 13757 thread.cpp:76] thread 524337 deconstruct actor 1099614388292
I1014 10:53:48.652395 13757 runtime_context.cpp:29] DecreaseCounter job_4_running_actor_count, current val is 20
I1014 10:53:48.652424 13757 actor.cpp:408] actor 1099614388244 switch to nullptr
I1014 10:53:48.652439 13757 thread.cpp:76] thread 524337 deconstruct actor 1099614388244
I1014 10:53:48.652632 13757 runtime_context.cpp:29] DecreaseCounter job_0_running_actor_count, current val is 447
I1014 10:53:48.652662 13757 actor.cpp:408] actor 1099614388253 switch to nullptr
I1014 10:53:48.652678 13757 thread.cpp:76] thread 524337 deconstruct actor 1099614388253
I1014 10:53:48.652850 13757 runtime_context.cpp:29] DecreaseCounter job_1_running_actor_count, current val is 88
I1014 10:53:48.652875 13757 actor.cpp:408] actor 1099614388262 switch to nullptr
I1014 10:53:48.652890 13757 thread.cpp:76] thread 524337 deconstruct actor 1099614388262
I1014 10:53:48.653059 13757 runtime_context.cpp:29] DecreaseCounter job_2_running_actor_count, current val is 90
I1014 10:53:48.653086 13757 actor.cpp:408] actor 1099614388271 switch to nullptr
I1014 10:53:48.653101 13757 thread.cpp:76] thread 524337 deconstruct actor 1099614388271
I1014 10:53:48.653277 13757 runtime_context.cpp:29] DecreaseCounter job_3_running_actor_count, current val is 90
I1014 10:53:48.653344 13757 actor.cpp:408] actor 1099614388277 switch to nullptr
I1014 10:53:48.653367 13757 thread.cpp:76] thread 524337 deconstruct actor 1099614388277
I1014 10:53:48.653523 13757 runtime_context.cpp:29] DecreaseCounter job_4_running_actor_count, current val is 19
I1014 10:53:48.653607 13757 actor.cpp:408] actor 1099614388229 switch to nullptr
I1014 10:53:48.653630 13757 thread.cpp:76] thread 524337 deconstruct actor 1099614388229
I1014 10:53:48.653755 13767 actor.cpp:408] actor 2199023255722 switch to nullptr
I1014 10:53:48.653774 13773 actor.cpp:408] actor 2207613190314 switch to nullptr
I1014 10:53:48.653807 13767 thread.cpp:76] thread 1048576 deconstruct actor 2199023255722
I1014 10:53:48.653846 13757 runtime_context.cpp:29] DecreaseCounter job_0_running_actor_count, current val is 446
I1014 10:53:48.653882 13773 thread.cpp:76] thread 1052672 deconstruct actor 2207613190314
I1014 10:53:48.653949 13757 actor.cpp:408] actor 1099614388290 switch to nullptr
I1014 10:53:48.653998 13757 thread.cpp:76] thread 524337 deconstruct actor 1099614388290
I1014 10:53:48.654124 13767 runtime_context.cpp:29] DecreaseCounter job_0_running_actor_count, current val is 445
I1014 10:53:48.654183 13767 actor.cpp:408] actor 2199023255717 switch to nullptr
I1014 10:53:48.654191 13757 runtime_context.cpp:29] DecreaseCounter job_4_running_actor_count, current val is 18
I1014 10:53:48.654206 13767 thread.cpp:76] thread 1048576 deconstruct actor 2199023255717
I1014 10:53:48.654239 13757 actor.cpp:408] actor 1099614388242 switch to nullptr
I1014 10:53:48.654275 13757 thread.cpp:76] thread 524337 deconstruct actor 1099614388242
I1014 10:53:48.654295 13773 runtime_context.cpp:29] DecreaseCounter job_0_running_actor_count, current val is 444
I1014 10:53:48.654367 13773 actor.cpp:408] actor 2207613190309 switch to nullptr
I1014 10:53:48.654382 13767 runtime_context.cpp:29] DecreaseCounter job_0_running_actor_count, current val is 443
I1014 10:53:48.654389 13773 thread.cpp:76] thread 1052672 deconstruct actor 2207613190309
I1014 10:53:48.654434 13767 actor.cpp:408] actor 2199023255709 switch to nullptr
I1014 10:53:48.654454 13757 runtime_context.cpp:29] DecreaseCounter job_0_running_actor_count, current val is 442
I1014 10:53:48.654474 13767 thread.cpp:76] thread 1048576 deconstruct actor 2199023255709
I1014 10:53:48.654510 13757 actor.cpp:408] actor 1099614388250 switch to nullptr
I1014 10:53:48.654529 13757 thread.cpp:76] thread 524337 deconstruct actor 1099614388250
I1014 10:53:48.654633 13773 runtime_context.cpp:29] DecreaseCounter job_0_running_actor_count, current val is 441
I1014 10:53:48.654667 13767 runtime_context.cpp:29] DecreaseCounter job_0_running_actor_count, current val is 440
I1014 10:53:48.654690 13773 actor.cpp:408] actor 2207613190301 switch to nullptr
I1014 10:53:48.654716 13773 thread.cpp:76] thread 1052672 deconstruct actor 2207613190301
I1014 10:53:48.654721 13757 runtime_context.cpp:29] DecreaseCounter job_1_running_actor_count, current val is 87
I1014 10:53:48.654716 13767 actor.cpp:408] actor 2199023255707 switch to nullptr
I1014 10:53:48.654764 13757 actor.cpp:408] actor 1099614388259 switch to nullptr
I1014 10:53:48.654786 13767 thread.cpp:76] thread 1048576 deconstruct actor 2199023255707
I1014 10:53:48.654805 13757 thread.cpp:76] thread 524337 deconstruct actor 1099614388259
I1014 10:53:48.654865 13773 runtime_context.cpp:29] DecreaseCounter job_0_running_actor_count, current val is 439
I1014 10:53:48.654918 13773 actor.cpp:408] actor 2207613190299 switch to nullptr
I1014 10:53:48.654937 13773 thread.cpp:76] thread 1052672 deconstruct actor 2207613190299
I1014 10:53:48.654958 13767 runtime_context.cpp:29] DecreaseCounter job_0_running_actor_count, current val is 438
I1014 10:53:48.655006 13757 runtime_context.cpp:29] DecreaseCounter job_2_running_actor_count, current val is 89
I1014 10:53:48.655006 13767 actor.cpp:408] actor 2199023255701 switch to nullptr
I1014 10:53:48.655046 13757 actor.cpp:408] actor 1099614388268 switch to nullptr
I1014 10:53:48.655062 13767 thread.cpp:76] thread 1048576 deconstruct actor 2199023255701
I1014 10:53:48.655078 13773 runtime_context.cpp:29] DecreaseCounter job_0_running_actor_count, current val is 437
I1014 10:53:48.655083 13757 thread.cpp:76] thread 524337 deconstruct actor 1099614388268
I1014 10:53:48.655215 13773 actor.cpp:408] actor 2207613190293 switch to nullptr
I1014 10:53:48.655267 13767 runtime_context.cpp:29] DecreaseCounter job_0_running_actor_count, current val is 436
I1014 10:53:48.655275 13773 thread.cpp:76] thread 1052672 deconstruct actor 2207613190293
I1014 10:53:48.655323 13767 actor.cpp:408] actor 2199023255699 switch to nullptr
I1014 10:53:48.655347 13767 thread.cpp:76] thread 1048576 deconstruct actor 2199023255699
I1014 10:53:48.655417 13757 runtime_context.cpp:29] DecreaseCounter job_3_running_actor_count, current val is 89
I1014 10:53:48.655452 13757 actor.cpp:411] actor 1099614388281 switch to &Actor::HandlerZombie
I1014 10:53:48.655465 13773 runtime_context.cpp:29] DecreaseCounter job_0_running_actor_count, current val is 435
I1014 10:53:48.655474 13767 runtime_context.cpp:29] DecreaseCounter job_0_running_actor_count, current val is 434
I1014 10:53:48.655516 13773 actor.cpp:408] actor 2207613190291 switch to nullptr
I1014 10:53:48.655476 13757 actor.cpp:408] actor 1099614388275 switch to nullptr
I1014 10:53:48.655542 13767 actor.cpp:408] actor 2199023255697 switch to nullptr
I1014 10:53:48.655625 13767 thread.cpp:76] thread 1048576 deconstruct actor 2199023255697
I1014 10:53:48.655598 13756 actor.cpp:411] actor 1099599708160 switch to &Actor::HandlerZombie
I1014 10:53:48.655603 13757 thread.cpp:76] thread 524337 deconstruct actor 1099614388275
I1014 10:53:48.655560 13754 actor.cpp:411] actor 1099595513856 switch to &Actor::HandlerZombie
I1014 10:53:48.655544 13773 thread.cpp:76] thread 1052672 deconstruct actor 2207613190291
I1014 10:53:48.655750 13767 runtime_context.cpp:29] DecreaseCounter job_0_running_actor_count, current val is 433
I1014 10:53:48.655814 13767 actor.cpp:408] actor 2199023255687 switch to nullptr
I1014 10:53:48.655833 13767 thread.cpp:76] thread 1048576 deconstruct actor 2199023255687
I1014 10:53:48.655874 13757 runtime_context.cpp:29] DecreaseCounter job_4_running_actor_count, current val is 17
I1014 10:53:48.655900 13773 runtime_context.cpp:29] DecreaseCounter job_0_running_actor_count, current val is 432
I1014 10:53:48.655915 13757 actor.cpp:408] actor 1099614388276 switch to nullptr
I1014 10:53:48.655956 13773 actor.cpp:408] actor 2207613190289 switch to nullptr
I1014 10:53:48.655957 13767 runtime_context.cpp:29] DecreaseCounter job_0_running_actor_count, current val is 431
I1014 10:53:48.655985 13757 thread.cpp:76] thread 524337 deconstruct actor 1099614388276
I1014 10:53:48.656056 13767 actor.cpp:408] actor 2199023255683 switch to nullptr
I1014 10:53:48.656080 13767 thread.cpp:76] thread 1048576 deconstruct actor 2199023255683
I1014 10:53:48.655961 13755 actor.cpp:411] actor 1099597611008 switch to &Actor::HandlerZombie
I1014 10:53:48.656011 13773 thread.cpp:76] thread 1052672 deconstruct actor 2207613190289
I1014 10:53:48.656206 13767 runtime_context.cpp:29] DecreaseCounter job_0_running_actor_count, current val is 430
I1014 10:53:48.656251 13767 actor.cpp:408] actor 2199023255613 switch to nullptr
I1014 10:53:48.656268 13767 thread.cpp:76] thread 1048576 deconstruct actor 2199023255613
I1014 10:53:48.656268 13757 runtime_context.cpp:29] DecreaseCounter job_4_running_actor_count, current val is 16
I1014 10:53:48.656283 13773 runtime_context.cpp:29] DecreaseCounter job_0_running_actor_count, current val is 429
I1014 10:53:48.656323 13757 actor.cpp:411] actor 1099614388235 switch to &Actor::HandlerZombie
I1014 10:53:48.656359 13773 actor.cpp:408] actor 2207613190279 switch to nullptr
I1014 10:53:48.656379 13757 actor.cpp:408] actor 1099614388225 switch to nullptr
I1014 10:53:48.656394 13767 runtime_context.cpp:29] DecreaseCounter job_0_running_actor_count, current val is 428
I1014 10:53:48.656402 13757 thread.cpp:76] thread 524337 deconstruct actor 1099614388225
I1014 10:53:48.656440 13767 actor.cpp:408] actor 2199023255695 switch to nullptr
I1014 10:53:48.656384 13773 thread.cpp:76] thread 1052672 deconstruct actor 2207613190279
I1014 10:53:48.656499 13767 thread.cpp:76] thread 1048576 deconstruct actor 2199023255695
I1014 10:53:48.656502 13714 actor.cpp:408] actor 1099511627776 switch to nullptr
I1014 10:53:48.656800 13769 actor.cpp:411] actor 2199025352705 switch to &Actor::HandlerZombie
I1014 10:53:48.656649 13722 actor.cpp:408] actor 1099528404992 switch to nullptr
I1014 10:53:48.656926 13722 thread.cpp:76] thread 524296 deconstruct actor 1099528404992
I1014 10:53:48.656659 13726 actor.cpp:408] actor 1099536793600 switch to nullptr
I1014 10:53:48.656713 13734 actor.cpp:411] actor 1099553570816 switch to &Actor::HandlerZombie
I1014 10:53:48.656723 13757 runtime_context.cpp:29] DecreaseCounter job_0_running_actor_count, current val is 427
I1014 10:53:48.656738 13773 runtime_context.cpp:29] DecreaseCounter job_0_running_actor_count, current val is 426
I1014 10:53:48.656752 13767 runtime_context.cpp:29] DecreaseCounter job_0_running_actor_count, current val is 425
I1014 10:53:48.657107 13773 actor.cpp:408] actor 2207613190275 switch to nullptr
I1014 10:53:48.657124 13740 actor.cpp:408] actor 1099566153728 switch to nullptr
I1014 10:53:48.657163 13740 thread.cpp:76] thread 524314 deconstruct actor 1099566153728
I1014 10:53:48.656816 13714 thread.cpp:76] thread 524288 deconstruct actor 1099511627776
I1014 10:53:48.656853 13775 actor.cpp:411] actor 2207615287297 switch to &Actor::HandlerZombie
I1014 10:53:48.657279 13744 actor.cpp:408] actor 1099574542336 switch to nullptr
I1014 10:53:48.657313 13775 actor.cpp:411] actor 2207615287296 switch to &Actor::HandlerZombie
I1014 10:53:48.657002 13726 thread.cpp:76] thread 524300 deconstruct actor 1099536793600
I1014 10:53:48.657371 13775 actor.cpp:408] actor 2207615287299 switch to nullptr
I1014 10:53:48.656762 13718 actor.cpp:408] actor 1099520016384 switch to nullptr
I1014 10:53:48.656563 13730 actor.cpp:408] actor 1099545182208 switch to nullptr
I1014 10:53:48.657136 13773 thread.cpp:76] thread 1052672 deconstruct actor 2207613190275
I1014 10:53:48.657137 13767 actor.cpp:408] actor 2199023255599 switch to nullptr
I1014 10:53:48.657522 13767 thread.cpp:76] thread 1048576 deconstruct actor 2199023255599
I1014 10:53:48.657184 13743 actor.cpp:411] actor 1099572445184 switch to &Actor::HandlerZombie
I1014 10:53:48.657202 13722 runtime_context.cpp:29] DecreaseCounter job_0_running_actor_count, current val is 424
I1014 10:53:48.657228 13741 actor.cpp:408] actor 1099568250880 switch to nullptr
I1014 10:53:48.657248 13742 actor.cpp:408] actor 1099570348032 switch to nullptr
I1014 10:53:48.656873 13769 actor.cpp:411] actor 2199025352704 switch to &Actor::HandlerZombie
I1014 10:53:48.657289 13740 runtime_context.cpp:29] DecreaseCounter job_0_running_actor_count, current val is 423
I1014 10:53:48.657763 13769 actor.cpp:411] actor 2199025352707 switch to &Actor::HandlerZombie
I1014 10:53:48.657039 13734 thread.cpp:76] thread 524308 deconstruct actor 1099553570816
I1014 10:53:48.657073 13757 actor.cpp:408] actor 1099614388224 switch to nullptr
I1014 10:53:48.657891 13757 thread.cpp:76] thread 524337 deconstruct actor 1099614388224
I1014 10:53:48.657407 13775 thread.cpp:76] thread 1052673 deconstruct actor 2207615287299
I1014 10:53:48.657439 13718 thread.cpp:76] thread 524292 deconstruct actor 1099520016384
I1014 10:53:48.657465 13730 thread.cpp:76] thread 524304 deconstruct actor 1099545182208
I1014 10:53:48.658092 13775 runtime_context.cpp:29] DecreaseCounter job_0_running_actor_count, current val is 419
I1014 10:53:48.657624 13773 runtime_context.cpp:29] DecreaseCounter job_0_running_actor_count, current val is 421
I1014 10:53:48.658161 13757 runtime_context.cpp:29] DecreaseCounter job_0_running_actor_count, current val is 418
I1014 10:53:48.657670 13767 runtime_context.cpp:29] DecreaseCounter job_0_running_actor_count, current val is 420
I1014 10:53:48.658211 13734 runtime_context.cpp:29] DecreaseCounter job_0_running_actor_count, current val is 417
I1014 10:53:48.657696 13741 thread.cpp:76] thread 524315 deconstruct actor 1099568250880
I1014 10:53:48.658330 13718 runtime_context.cpp:29] DecreaseCounter job_0_running_actor_count, current val is 416
I1014 10:53:48.657330 13744 thread.cpp:76] thread 524318 deconstruct actor 1099574542336
I1014 10:53:48.658448 13719 actor.cpp:408] actor 1099522113536 switch to nullptr
I1014 10:53:48.657639 13726 runtime_context.cpp:29] DecreaseCounter job_0_running_actor_count, current val is 422
I1014 10:53:48.658180 13773 actor.cpp:408] actor 2207613190205 switch to nullptr
I1014 10:53:48.658222 13757 actor.cpp:408] actor 1099614388226 switch to nullptr
I1014 10:53:48.658262 13767 actor.cpp:408] actor 2199023255713 switch to nullptr
I1014 10:53:48.657719 13742 thread.cpp:76] thread 524316 deconstruct actor 1099570348032
I1014 10:53:48.658339 13730 runtime_context.cpp:29] DecreaseCounter job_0_running_actor_count, current val is 415
I1014 10:53:48.657795 13769 actor.cpp:411] actor 2199025352709 switch to &Actor::HandlerZombie
I1014 10:53:48.658957 13769 actor.cpp:408] actor 2199025352708 switch to nullptr
I1014 10:53:48.658982 13769 thread.cpp:76] thread 1048577 deconstruct actor 2199025352708
I1014 10:53:48.658471 13723 actor.cpp:408] actor 1099530502144 switch to nullptr
I1014 10:53:48.659001 13742 runtime_context.cpp:29] DecreaseCounter job_0_running_actor_count, current val is 412
I1014 10:53:48.658474 13727 actor.cpp:408] actor 1099538890752 switch to nullptr
I1014 10:53:48.659103 13727 thread.cpp:76] thread 524301 deconstruct actor 1099538890752
I1014 10:53:48.658604 13719 thread.cpp:76] thread 524293 deconstruct actor 1099522113536
I1014 10:53:48.658612 13741 runtime_context.cpp:29] DecreaseCounter job_0_running_actor_count, current val is 414
I1014 10:53:48.658605 13735 actor.cpp:411] actor 1099555667968 switch to &Actor::HandlerZombie
I1014 10:53:48.659286 13735 thread.cpp:76] thread 524309 deconstruct actor 1099555667968
I1014 10:53:48.658736 13757 thread.cpp:76] thread 524337 deconstruct actor 1099614388226
I1014 10:53:48.658764 13767 thread.cpp:76] thread 1048576 deconstruct actor 2199023255713
I1014 10:53:48.659370 13727 runtime_context.cpp:29] DecreaseCounter job_0_running_actor_count, current val is 410
I1014 10:53:48.658902 13744 runtime_context.cpp:29] DecreaseCounter job_0_running_actor_count, current val is 413
I1014 10:53:48.658390 13715 actor.cpp:408] actor 1099513724928 switch to nullptr
I1014 10:53:48.659499 13767 runtime_context.cpp:29] DecreaseCounter job_0_running_actor_count, current val is 408
I1014 10:53:48.659521 13715 thread.cpp:76] thread 524289 deconstruct actor 1099513724928
I1014 10:53:48.659546 13767 actor.cpp:408] actor 2199023255571 switch to nullptr
I1014 10:53:48.659066 13769 runtime_context.cpp:29] DecreaseCounter job_0_running_actor_count, current val is 411
I1014 10:53:48.659612 13757 runtime_context.cpp:29] DecreaseCounter job_0_running_actor_count, current val is 407
I1014 10:53:48.658704 13773 thread.cpp:76] thread 1052672 deconstruct actor 2207613190205
I1014 10:53:48.659461 13719 runtime_context.cpp:29] DecreaseCounter job_0_running_actor_count, current val is 409
I1014 10:53:48.657613 13743 thread.cpp:76] thread 524317 deconstruct actor 1099572445184
I1014 10:53:48.659603 13767 thread.cpp:76] thread 1048576 deconstruct actor 2199023255571
I1014 10:53:48.659018 13723 thread.cpp:76] thread 524297 deconstruct actor 1099530502144
I1014 10:53:48.658483 13731 actor.cpp:408] actor 1099547279360 switch to nullptr
I1014 10:53:48.660019 13731 thread.cpp:76] thread 524305 deconstruct actor 1099547279360
I1014 10:53:48.659662 13757 actor.cpp:408] actor 1099614388227 switch to nullptr
I1014 10:53:48.660105 13757 thread.cpp:76] thread 524337 deconstruct actor 1099614388227
I1014 10:53:48.659698 13735 runtime_context.cpp:29] DecreaseCounter job_0_running_actor_count, current val is 406
I1014 10:53:48.659809 13716 actor.cpp:408] actor 1099515822080 switch to nullptr
I1014 10:53:48.660202 13716 thread.cpp:76] thread 524290 deconstruct actor 1099515822080
I1014 10:53:48.660265 13767 runtime_context.cpp:29] DecreaseCounter job_0_running_actor_count, current val is 404
I1014 10:53:48.660353 13724 actor.cpp:408] actor 1099532599296 switch to nullptr
I1014 10:53:48.660223 13720 actor.cpp:408] actor 1099524210688 switch to nullptr
I1014 10:53:48.660226 13732 actor.cpp:408] actor 1099549376512 switch to nullptr
I1014 10:53:48.659631 13769 thread.cpp:76] thread 1048577 deconstruct actor 2199025352709
I1014 10:53:48.660342 13728 actor.cpp:408] actor 1099540987904 switch to nullptr
I1014 10:53:48.659834 13773 runtime_context.cpp:29] DecreaseCounter job_0_running_actor_count, current val is 405
I1014 10:53:48.660666 13728 thread.cpp:76] thread 524302 deconstruct actor 1099540987904
I1014 10:53:48.660701 13769 runtime_context.cpp:29] DecreaseCounter job_0_running_actor_count, current val is 399
I1014 10:53:48.660720 13773 actor.cpp:408] actor 2207613190287 switch to nullptr
I1014 10:53:48.660758 13773 thread.cpp:76] thread 1052672 deconstruct actor 2207613190287
I1014 10:53:48.660482 13724 thread.cpp:76] thread 524298 deconstruct actor 1099532599296
I1014 10:53:48.660531 13720 thread.cpp:76] thread 524294 deconstruct actor 1099524210688
I1014 10:53:48.660915 13773 runtime_context.cpp:29] DecreaseCounter job_0_running_actor_count, current val is 398
I1014 10:53:48.660532 13757 runtime_context.cpp:29] DecreaseCounter job_0_running_actor_count, current val is 402
I1014 10:53:48.660583 13732 thread.cpp:76] thread 524306 deconstruct actor 1099549376512
I1014 10:53:48.660658 13731 runtime_context.cpp:29] DecreaseCounter job_0_running_actor_count, current val is 401
I1014 10:53:48.660661 13723 runtime_context.cpp:29] DecreaseCounter job_0_running_actor_count, current val is 400
I1014 10:53:48.660411 13767 actor.cpp:408] actor 2199023255711 switch to nullptr
I1014 10:53:48.661180 13724 runtime_context.cpp:29] DecreaseCounter job_0_running_actor_count, current val is 395
I1014 10:53:48.660737 13769 thread.cpp:76] thread 1048577 deconstruct actor 2199025352707
I1014 10:53:48.660470 13743 runtime_context.cpp:29] DecreaseCounter job_0_running_actor_count, current val is 403
I1014 10:53:48.661301 13721 actor.cpp:408] actor 1099526307840 switch to nullptr
I1014 10:53:48.661388 13721 thread.cpp:76] thread 524295 deconstruct actor 1099526307840
I1014 10:53:48.660965 13773 actor.cpp:408] actor 2207613190191 switch to nullptr
I1014 10:53:48.661005 13728 runtime_context.cpp:29] DecreaseCounter job_0_running_actor_count, current val is 397
I1014 10:53:48.661157 13720 runtime_context.cpp:29] DecreaseCounter job_0_running_actor_count, current val is 396
I1014 10:53:48.660439 13736 actor.cpp:411] actor 1099557765120 switch to &Actor::HandlerZombie
I1014 10:53:48.661192 13767 thread.cpp:76] thread 1048576 deconstruct actor 2199023255711
I1014 10:53:48.661202 13717 actor.cpp:408] actor 1099517919232 switch to nullptr
I1014 10:53:48.661232 13729 actor.cpp:408] actor 1099543085056 switch to nullptr
I1014 10:53:48.661319 13737 actor.cpp:411] actor 1099559862272 switch to &Actor::HandlerZombie
I1014 10:53:48.661685 13729 thread.cpp:76] thread 524303 deconstruct actor 1099543085056
I1014 10:53:48.661303 13725 actor.cpp:408] actor 1099534696448 switch to nullptr
I1014 10:53:48.660445 13775 actor.cpp:411] actor 2207615287298 switch to &Actor::HandlerZombie
I1014 10:53:48.661820 13775 actor.cpp:411] actor 2207615287300 switch to &Actor::HandlerZombie
I1014 10:53:48.661384 13732 runtime_context.cpp:29] DecreaseCounter job_0_running_actor_count, current val is 394
I1014 10:53:48.661397 13769 runtime_context.cpp:29] DecreaseCounter job_0_running_actor_count, current val is 393
I1014 10:53:48.661947 13729 runtime_context.cpp:29] DecreaseCounter job_0_running_actor_count, current val is 390
I1014 10:53:48.661968 13769 thread.cpp:76] thread 1048577 deconstruct actor 2199025352704
I1014 10:53:48.661444 13773 thread.cpp:76] thread 1052672 deconstruct actor 2207613190191
I1014 10:53:48.661011 13757 actor.cpp:408] actor 1099614388228 switch to nullptr
I1014 10:53:48.662101 13769 runtime_context.cpp:29] DecreaseCounter job_0_running_actor_count, current val is 389
I1014 10:53:48.662132 13769 thread.cpp:76] thread 1048577 deconstruct actor 2199025352705
I1014 10:53:48.661684 13721 runtime_context.cpp:29] DecreaseCounter job_0_running_actor_count, current val is 392
I1014 10:53:48.662240 13773 runtime_context.cpp:29] DecreaseCounter job_0_running_actor_count, current val is 388
I1014 10:53:48.661712 13737 thread.cpp:76] thread 524311 deconstruct actor 1099559862272
I1014 10:53:48.661772 13725 thread.cpp:76] thread 524299 deconstruct actor 1099534696448
I1014 10:53:48.661778 13767 runtime_context.cpp:29] DecreaseCounter job_0_running_actor_count, current val is 391
I1014 10:53:48.661859 13775 thread.cpp:76] thread 1052673 deconstruct actor 2207615287300
I1014 10:53:48.662101 13757 thread.cpp:76] thread 524337 deconstruct actor 1099614388228
I1014 10:53:48.661584 13736 thread.cpp:76] thread 524310 deconstruct actor 1099557765120
I1014 10:53:48.661648 13717 thread.cpp:76] thread 524291 deconstruct actor 1099517919232
I1014 10:53:48.661294 13733 actor.cpp:408] actor 1099551473664 switch to nullptr
I1014 10:53:48.662700 13725 runtime_context.cpp:29] DecreaseCounter job_0_running_actor_count, current val is 385
I1014 10:53:48.662355 13773 actor.cpp:408] actor 2207613190305 switch to nullptr
I1014 10:53:48.662781 13773 thread.cpp:76] thread 1052672 deconstruct actor 2207613190305
I1014 10:53:48.662664 13775 runtime_context.cpp:29] DecreaseCounter job_0_running_actor_count, current val is 386
I1014 10:53:48.662243 13769 runtime_context.cpp:29] DecreaseCounter job_0_running_actor_count, current val is 387
I1014 10:53:48.662711 13733 thread.cpp:76] thread 524307 deconstruct actor 1099551473664
I1014 10:53:48.662782 13737 runtime_context.cpp:29] DecreaseCounter job_0_running_actor_count, current val is 384
I1014 10:53:48.662811 13757 runtime_context.cpp:29] DecreaseCounter job_0_running_actor_count, current val is 383
I1014 10:53:48.662973 13773 runtime_context.cpp:29] DecreaseCounter job_0_running_actor_count, current val is 382
I1014 10:53:48.662840 13775 thread.cpp:76] thread 1052673 deconstruct actor 2207615287298
I1014 10:53:48.663031 13773 actor.cpp:408] actor 2207613190163 switch to nullptr
I1014 10:53:48.663059 13773 thread.cpp:76] thread 1052672 deconstruct actor 2207613190163
I1014 10:53:48.663012 13736 runtime_context.cpp:29] DecreaseCounter job_0_running_actor_count, current val is 381
I1014 10:53:48.662984 13757 actor.cpp:411] actor 1099614388293 switch to &Actor::HandlerZombie
I1014 10:53:48.663132 13775 runtime_context.cpp:29] DecreaseCounter job_0_running_actor_count, current val is 380
I1014 10:53:48.662501 13767 actor.cpp:408] actor 2199023255569 switch to nullptr
I1014 10:53:48.663147 13757 actor.cpp:408] actor 1099614388288 switch to nullptr
I1014 10:53:48.663164 13775 thread.cpp:76] thread 1052673 deconstruct actor 2207615287296
I1014 10:53:48.663177 13756 thread.cpp:76] thread 524330 deconstruct actor 1099599708160
I1014 10:53:48.663199 13733 runtime_context.cpp:29] DecreaseCounter job_0_running_actor_count, current val is 379
I1014 10:53:48.663229 13757 thread.cpp:76] thread 524337 deconstruct actor 1099614388288
I1014 10:53:48.663337 13775 runtime_context.cpp:29] DecreaseCounter job_0_running_actor_count, current val is 377
I1014 10:53:48.663220 13767 thread.cpp:76] thread 1048576 deconstruct actor 2199023255569
I1014 10:53:48.663394 13756 runtime_context.cpp:29] DecreaseCounter job_4_running_actor_count, current val is 15
I1014 10:53:48.663367 13775 thread.cpp:76] thread 1052673 deconstruct actor 2207615287297
I1014 10:53:48.663226 13773 runtime_context.cpp:29] DecreaseCounter job_0_running_actor_count, current val is 378
I1014 10:53:48.663497 13773 actor.cpp:408] actor 2207613190303 switch to nullptr
I1014 10:53:48.663519 13773 thread.cpp:76] thread 1052672 deconstruct actor 2207613190303
I1014 10:53:48.663527 13775 runtime_context.cpp:29] DecreaseCounter job_0_running_actor_count, current val is 376
I1014 10:53:48.663547 13757 runtime_context.cpp:29] DecreaseCounter job_4_running_actor_count, current val is 14
I1014 10:53:48.663589 13767 runtime_context.cpp:29] DecreaseCounter job_0_running_actor_count, current val is 375
I1014 10:53:48.663600 13757 actor.cpp:408] actor 1099614388284 switch to nullptr
I1014 10:53:48.663617 13754 thread.cpp:76] thread 524328 deconstruct actor 1099595513856
I1014 10:53:48.663710 13767 actor.cpp:408] actor 2199023255691 switch to nullptr
I1014 10:53:48.663710 13757 thread.cpp:76] thread 524337 deconstruct actor 1099614388284
I1014 10:53:48.663691 13773 runtime_context.cpp:29] DecreaseCounter job_0_running_actor_count, current val is 374
I1014 10:53:48.663795 13767 thread.cpp:76] thread 1048576 deconstruct actor 2199023255691
I1014 10:53:48.663872 13773 actor.cpp:408] actor 2207613190161 switch to nullptr
I1014 10:53:48.663889 13754 runtime_context.cpp:29] DecreaseCounter job_4_running_actor_count, current val is 13
I1014 10:53:48.663898 13773 thread.cpp:76] thread 1052672 deconstruct actor 2207613190161
I1014 10:53:48.664029 13757 runtime_context.cpp:29] DecreaseCounter job_4_running_actor_count, current val is 12
I1014 10:53:48.664037 13767 runtime_context.cpp:29] DecreaseCounter job_0_running_actor_count, current val is 373
I1014 10:53:48.664072 13757 actor.cpp:408] actor 1099614388285 switch to nullptr
I1014 10:53:48.664113 13767 actor.cpp:408] actor 2199023255564 switch to nullptr
I1014 10:53:48.664139 13767 thread.cpp:76] thread 1048576 deconstruct actor 2199023255564
I1014 10:53:48.664088 13755 thread.cpp:76] thread 524329 deconstruct actor 1099597611008
I1014 10:53:48.664119 13757 thread.cpp:76] thread 524337 deconstruct actor 1099614388285
I1014 10:53:48.664093 13773 runtime_context.cpp:29] DecreaseCounter job_0_running_actor_count, current val is 372
I1014 10:53:48.664258 13773 actor.cpp:408] actor 2207613190283 switch to nullptr
I1014 10:53:48.664278 13773 thread.cpp:76] thread 1052672 deconstruct actor 2207613190283
I1014 10:53:48.664286 13767 runtime_context.cpp:29] DecreaseCounter job_0_running_actor_count, current val is 371
I1014 10:53:48.664337 13767 actor.cpp:408] actor 2199023255689 switch to nullptr
I1014 10:53:48.664356 13767 thread.cpp:76] thread 1048576 deconstruct actor 2199023255689
I1014 10:53:48.664362 13755 runtime_context.cpp:29] DecreaseCounter job_4_running_actor_count, current val is 11
I1014 10:53:48.664434 13757 runtime_context.cpp:29] DecreaseCounter job_4_running_actor_count, current val is 10
I1014 10:53:48.664439 13773 runtime_context.cpp:29] DecreaseCounter job_0_running_actor_count, current val is 370
I1014 10:53:48.664474 13757 actor.cpp:411] actor 1099614388245 switch to &Actor::HandlerZombie
I1014 10:53:48.664515 13773 actor.cpp:408] actor 2207613190156 switch to nullptr
I1014 10:53:48.664532 13757 actor.cpp:408] actor 1099614388238 switch to nullptr
I1014 10:53:48.664496 13767 runtime_context.cpp:29] DecreaseCounter job_0_running_actor_count, current val is 369
I1014 10:53:48.664541 13773 thread.cpp:76] thread 1052672 deconstruct actor 2207613190156
I1014 10:53:48.664618 13767 actor.cpp:408] actor 2199023255562 switch to nullptr
I1014 10:53:48.664556 13757 thread.cpp:76] thread 524337 deconstruct actor 1099614388238
I1014 10:53:48.664645 13767 thread.cpp:76] thread 1048576 deconstruct actor 2199023255562
I1014 10:53:48.664647 13738 actor.cpp:411] actor 1099561959424 switch to &Actor::HandlerZombie
I1014 10:53:48.664739 13773 runtime_context.cpp:29] DecreaseCounter job_0_running_actor_count, current val is 368
I1014 10:53:48.664786 13773 actor.cpp:408] actor 2207613190281 switch to nullptr
I1014 10:53:48.664804 13773 thread.cpp:76] thread 1052672 deconstruct actor 2207613190281
I1014 10:53:48.664813 13767 runtime_context.cpp:29] DecreaseCounter job_0_running_actor_count, current val is 367
I1014 10:53:48.664860 13767 actor.cpp:408] actor 2199023255685 switch to nullptr
I1014 10:53:48.664871 13757 runtime_context.cpp:29] DecreaseCounter job_0_running_actor_count, current val is 366
I1014 10:53:48.664878 13767 thread.cpp:76] thread 1048576 deconstruct actor 2199023255685
I1014 10:53:48.664912 13757 actor.cpp:408] actor 1099614388239 switch to nullptr
I1014 10:53:48.664930 13757 thread.cpp:76] thread 524337 deconstruct actor 1099614388239
I1014 10:53:48.664950 13773 runtime_context.cpp:29] DecreaseCounter job_0_running_actor_count, current val is 365
I1014 10:53:48.665007 13739 actor.cpp:411] actor 1099564056576 switch to &Actor::HandlerZombie
I1014 10:53:48.665035 13767 runtime_context.cpp:29] DecreaseCounter job_0_running_actor_count, current val is 364
I1014 10:53:48.665127 13757 runtime_context.cpp:29] DecreaseCounter job_0_running_actor_count, current val is 363
I1014 10:53:48.665341 13767 actor.cpp:408] actor 2199023255558 switch to nullptr
I1014 10:53:48.665163 13773 actor.cpp:408] actor 2207613190154 switch to nullptr
I1014 10:53:48.665354 13757 actor.cpp:411] actor 1099614388254 switch to &Actor::HandlerZombie
