I1013 17:01:28.253590 42082 runtime_context.cpp:29] DecreaseCounter constructing_actor_cnt, current val is 653
I1013 17:01:28.253233 42276 naive_actor.cpp:25] actor 2207613190295 switch to &NaiveActor::HandlerNormal
I1013 17:01:28.253460 41971 naive_actor.cpp:25] actor 1099614388252 switch to &NaiveActor::HandlerNormal
I1013 17:01:28.253976 42276 thread.cpp:96] Thread 1052672 construct Actor kNormalForward 2207613190295
I1013 17:01:28.254125 41971 thread.cpp:96] Thread 524337 construct Actor kDstSubsetTick 1099614388252
I1013 17:01:28.254350 42276 runtime_context.cpp:29] DecreaseCounter constructing_actor_cnt, current val is 652
I1013 17:01:28.254556 41971 runtime_context.cpp:29] DecreaseCounter constructing_actor_cnt, current val is 651
I1013 17:01:28.254716 42082 naive_actor.cpp:25] actor 2199023255654 switch to &NaiveActor::HandlerNormal
I1013 17:01:28.254809 42082 thread.cpp:96] Thread 1048576 construct Actor kNormalForward 2199023255654
I1013 17:01:28.254905 42082 runtime_context.cpp:29] DecreaseCounter constructing_actor_cnt, current val is 650
I1013 17:01:28.255199 41971 naive_actor.cpp:25] actor 1099614388251 switch to &NaiveActor::HandlerNormal
I1013 17:01:28.255266 41971 thread.cpp:96] Thread 524337 construct Actor kTick 1099614388251
I1013 17:01:28.255384 41971 runtime_context.cpp:29] DecreaseCounter constructing_actor_cnt, current val is 649
I1013 17:01:28.256120 42276 naive_actor.cpp:25] actor 2207613190332 switch to &NaiveActor::HandlerNormal
I1013 17:01:28.256206 42276 thread.cpp:96] Thread 1052672 construct Actor kNormalForward 2207613190332
I1013 17:01:28.256350 42276 runtime_context.cpp:29] DecreaseCounter constructing_actor_cnt, current val is 648
I1013 17:01:28.256395 41971 naive_actor.cpp:25] actor 1099614388254 switch to &NaiveActor::HandlerNormal
I1013 17:01:28.256615 41971 thread.cpp:96] Thread 524337 construct Actor kTick 1099614388254
I1013 17:01:28.256701 41971 runtime_context.cpp:29] DecreaseCounter constructing_actor_cnt, current val is 647
I1013 17:01:28.257000 41971 naive_actor.cpp:25] actor 1099614388317 switch to &NaiveActor::HandlerNormal
I1013 17:01:28.257069 41971 thread.cpp:96] Thread 524337 construct Actor kTick 1099614388317
I1013 17:01:28.257166 41971 runtime_context.cpp:29] DecreaseCounter constructing_actor_cnt, current val is 646
I1013 17:01:28.257448 41971 naive_actor.cpp:25] actor 1099614388307 switch to &NaiveActor::HandlerNormal
I1013 17:01:28.257522 41971 thread.cpp:96] Thread 524337 construct Actor kTick 1099614388307
I1013 17:01:28.257612 41971 runtime_context.cpp:29] DecreaseCounter constructing_actor_cnt, current val is 645
I1013 17:01:28.256595 42082 naive_actor.cpp:25] actor 2199023255678 switch to &NaiveActor::HandlerNormal
I1013 17:01:28.257869 42082 thread.cpp:96] Thread 1048576 construct Actor kNormalForward 2199023255678
I1013 17:01:28.258011 42082 runtime_context.cpp:29] DecreaseCounter constructing_actor_cnt, current val is 644
I1013 17:01:28.258165 42276 naive_actor.cpp:25] actor 2207613190157 switch to &NaiveActor::HandlerNormal
I1013 17:01:28.258247 42276 thread.cpp:96] Thread 1052672 construct Actor kNormalForward 2207613190157
I1013 17:01:28.258260 41971 naive_actor.cpp:25] actor 1099614388257 switch to &NaiveActor::HandlerNormal
I1013 17:01:28.258383 42276 runtime_context.cpp:29] DecreaseCounter constructing_actor_cnt, current val is 643
I1013 17:01:28.258587 41971 thread.cpp:96] Thread 524337 construct Actor kSrcSubsetTick 1099614388257
I1013 17:01:28.258855 41971 runtime_context.cpp:29] DecreaseCounter constructing_actor_cnt, current val is 642
I1013 17:01:28.259737 41971 naive_actor.cpp:25] actor 1099614388255 switch to &NaiveActor::HandlerNormal
I1013 17:01:28.259989 41971 thread.cpp:96] Thread 524337 construct Actor kTick 1099614388255
I1013 17:01:28.260109 41971 runtime_context.cpp:29] DecreaseCounter constructing_actor_cnt, current val is 641
I1013 17:01:28.260059 42082 naive_actor.cpp:25] actor 2199023255560 switch to &NaiveActor::HandlerNormal
I1013 17:01:28.260226 42082 thread.cpp:96] Thread 1048576 construct Actor kNormalForward 2199023255560
I1013 17:01:28.260315 42082 runtime_context.cpp:29] DecreaseCounter constructing_actor_cnt, current val is 640
I1013 17:01:28.260520 42276 naive_actor.cpp:25] actor 2207613190201 switch to &NaiveActor::HandlerNormal
I1013 17:01:28.260725 42276 thread.cpp:96] Thread 1052672 construct Actor kNormalForward 2207613190201
I1013 17:01:28.260771 41971 naive_actor.cpp:25] actor 1099614388263 switch to &NaiveActor::HandlerNormal
I1013 17:01:28.261651 41971 thread.cpp:96] Thread 524337 construct Actor kTick 1099614388263
I1013 17:01:28.260927 42276 runtime_context.cpp:29] DecreaseCounter constructing_actor_cnt, current val is 639
I1013 17:01:28.261723 42082 naive_actor.cpp:25] actor 2199023255613 switch to &NaiveActor::HandlerNormal
I1013 17:01:28.265650 42082 thread.cpp:96] Thread 1048576 construct Actor kNormalForward 2199023255613
I1013 17:01:28.265798 42082 runtime_context.cpp:29] DecreaseCounter constructing_actor_cnt, current val is 637
I1013 17:01:28.261767 41971 runtime_context.cpp:29] DecreaseCounter constructing_actor_cnt, current val is 638
I1013 17:01:28.266337 42276 naive_actor.cpp:25] actor 2207613190146 switch to &NaiveActor::HandlerNormal
I1013 17:01:28.266438 42276 thread.cpp:96] Thread 1052672 construct Actor kNormalForward 2207613190146
I1013 17:01:28.266597 42276 runtime_context.cpp:29] DecreaseCounter constructing_actor_cnt, current val is 636
I1013 17:01:28.267010 41971 naive_actor.cpp:25] actor 1099614388256 switch to &NaiveActor::HandlerNormal
I1013 17:01:28.267264 41971 thread.cpp:96] Thread 524337 construct Actor kDeviceTick 1099614388256
I1013 17:01:28.267370 41971 runtime_context.cpp:29] DecreaseCounter constructing_actor_cnt, current val is 635
I1013 17:01:28.267844 41971 naive_actor.cpp:25] actor 1099614388260 switch to &NaiveActor::HandlerNormal
I1013 17:01:28.267927 41971 thread.cpp:96] Thread 524337 construct Actor kTick 1099614388260
I1013 17:01:28.268025 41971 runtime_context.cpp:29] DecreaseCounter constructing_actor_cnt, current val is 634
I1013 17:01:28.268185 42082 naive_actor.cpp:25] actor 2199023255571 switch to &NaiveActor::HandlerNormal
I1013 17:01:28.268263 42082 thread.cpp:96] Thread 1048576 construct Actor kNormalForward 2199023255571
I1013 17:01:28.268321 41971 naive_actor.cpp:25] actor 1099614388262 switch to &NaiveActor::HandlerNormal
I1013 17:01:28.268355 42082 runtime_context.cpp:29] DecreaseCounter constructing_actor_cnt, current val is 633
I1013 17:01:28.268388 41971 thread.cpp:96] Thread 524337 construct Actor kTick 1099614388262
I1013 17:01:28.269134 41971 runtime_context.cpp:29] DecreaseCounter constructing_actor_cnt, current val is 632
I1013 17:01:28.269456 42276 naive_actor.cpp:25] actor 2207613190160 switch to &NaiveActor::HandlerNormal
I1013 17:01:28.269575 42276 thread.cpp:96] Thread 1052672 construct Actor kNormalForward 2207613190160
I1013 17:01:28.269708 42276 runtime_context.cpp:29] DecreaseCounter constructing_actor_cnt, current val is 631
I1013 17:01:28.270051 41971 naive_actor.cpp:25] actor 1099614388261 switch to &NaiveActor::HandlerNormal
I1013 17:01:28.270133 41971 thread.cpp:96] Thread 524337 construct Actor kDstSubsetTick 1099614388261
I1013 17:01:28.270231 41971 runtime_context.cpp:29] DecreaseCounter constructing_actor_cnt, current val is 630
I1013 17:01:28.270934 41971 naive_actor.cpp:25] actor 1099614388303 switch to &NaiveActor::HandlerNormal
I1013 17:01:28.271155 41971 thread.cpp:96] Thread 524337 construct Actor kTick 1099614388303
I1013 17:01:28.271255 42276 naive_actor.cpp:25] actor 2207613190147 switch to &NaiveActor::HandlerNormal
I1013 17:01:28.271571 42276 thread.cpp:96] Thread 1052672 construct Actor kNormalForward 2207613190147
I1013 17:01:28.271530 41971 runtime_context.cpp:29] DecreaseCounter constructing_actor_cnt, current val is 629
I1013 17:01:28.273066 42276 runtime_context.cpp:29] DecreaseCounter constructing_actor_cnt, current val is 628
I1013 17:01:28.271636 42082 naive_actor.cpp:25] actor 2199023255643 switch to &NaiveActor::HandlerNormal
I1013 17:01:28.273526 42082 thread.cpp:96] Thread 1048576 construct Actor kNormalForward 2199023255643
I1013 17:01:28.273663 42082 runtime_context.cpp:29] DecreaseCounter constructing_actor_cnt, current val is 627
I1013 17:01:28.273790 41971 naive_actor.cpp:25] actor 1099614388269 switch to &NaiveActor::HandlerNormal
I1013 17:01:28.273846 41971 thread.cpp:96] Thread 524337 construct Actor kTick 1099614388269
I1013 17:01:28.273934 41971 runtime_context.cpp:29] DecreaseCounter constructing_actor_cnt, current val is 626
I1013 17:01:28.274785 41971 naive_actor.cpp:25] actor 1099614388272 switch to &NaiveActor::HandlerNormal
I1013 17:01:28.274910 41971 thread.cpp:96] Thread 524337 construct Actor kTick 1099614388272
I1013 17:01:28.275007 41971 runtime_context.cpp:29] DecreaseCounter constructing_actor_cnt, current val is 625
I1013 17:01:28.275283 42276 naive_actor.cpp:25] actor 2207613190225 switch to &NaiveActor::HandlerNormal
I1013 17:01:28.275429 42082 naive_actor.cpp:25] actor 2199023255667 switch to &NaiveActor::HandlerNormal
I1013 17:01:28.275914 42082 thread.cpp:96] Thread 1048576 construct Actor kNormalForward 2199023255667
I1013 17:01:28.276005 42082 runtime_context.cpp:29] DecreaseCounter constructing_actor_cnt, current val is 624
I1013 17:01:28.275821 42276 thread.cpp:96] Thread 1052672 construct Actor kNormalForward 2207613190225
I1013 17:01:28.275895 41971 naive_actor.cpp:25] actor 1099614388270 switch to &NaiveActor::HandlerNormal
I1013 17:01:28.276614 41971 thread.cpp:96] Thread 524337 construct Actor kDstSubsetTick 1099614388270
I1013 17:01:28.276623 42276 runtime_context.cpp:29] DecreaseCounter constructing_actor_cnt, current val is 623
I1013 17:01:28.276762 41971 runtime_context.cpp:29] DecreaseCounter constructing_actor_cnt, current val is 622
I1013 17:01:28.277175 41971 naive_actor.cpp:25] actor 1099614388271 switch to &NaiveActor::HandlerNormal
I1013 17:01:28.277246 41971 thread.cpp:96] Thread 524337 construct Actor kTick 1099614388271
I1013 17:01:28.277328 41971 runtime_context.cpp:29] DecreaseCounter constructing_actor_cnt, current val is 621
I1013 17:01:28.277371 42082 naive_actor.cpp:25] actor 2199023255691 switch to &NaiveActor::HandlerNormal
I1013 17:01:28.277423 42082 thread.cpp:96] Thread 1048576 construct Actor kNormalForward 2199023255691
I1013 17:01:28.277525 42082 runtime_context.cpp:29] DecreaseCounter constructing_actor_cnt, current val is 620
I1013 17:01:28.277668 41971 naive_actor.cpp:25] actor 1099614388264 switch to &NaiveActor::HandlerNormal
I1013 17:01:28.277738 41971 thread.cpp:96] Thread 524337 construct Actor kTick 1099614388264
I1013 17:01:28.277818 41971 runtime_context.cpp:29] DecreaseCounter constructing_actor_cnt, current val is 619
I1013 17:01:28.290002 41971 naive_actor.cpp:25] actor 1099614388265 switch to &NaiveActor::HandlerNormal
I1013 17:01:28.290148 41971 thread.cpp:96] Thread 524337 construct Actor kDeviceTick 1099614388265
I1013 17:01:28.290283 41971 runtime_context.cpp:29] DecreaseCounter constructing_actor_cnt, current val is 618
I1013 17:01:28.290874 42082 naive_actor.cpp:25] actor 2199023255715 switch to &NaiveActor::HandlerNormal
I1013 17:01:28.290988 42082 thread.cpp:96] Thread 1048576 construct Actor kNormalForward 2199023255715
I1013 17:01:28.291129 42082 runtime_context.cpp:29] DecreaseCounter constructing_actor_cnt, current val is 617
I1013 17:01:28.291216 41971 naive_actor.cpp:25] actor 1099614388266 switch to &NaiveActor::HandlerNormal
I1013 17:01:28.291414 41971 thread.cpp:96] Thread 524337 construct Actor kSrcSubsetTick 1099614388266
I1013 17:01:28.291551 41971 runtime_context.cpp:29] DecreaseCounter constructing_actor_cnt, current val is 616
I1013 17:01:28.292186 42276 naive_actor.cpp:25] actor 2207613190249 switch to &NaiveActor::HandlerNormal
I1013 17:01:28.292263 42276 thread.cpp:96] Thread 1052672 construct Actor kNormalForward 2207613190249
I1013 17:01:28.292412 42276 runtime_context.cpp:29] DecreaseCounter constructing_actor_cnt, current val is 615
I1013 17:01:28.292726 42082 naive_actor.cpp:25] actor 2199023255728 switch to &NaiveActor::HandlerNormal
I1013 17:01:28.292810 42082 thread.cpp:96] Thread 1048576 construct Actor kNormalForward 2199023255728
I1013 17:01:28.292923 42082 runtime_context.cpp:29] DecreaseCounter constructing_actor_cnt, current val is 614
I1013 17:01:28.292837 41971 naive_actor.cpp:25] actor 1099614388288 switch to &NaiveActor::HandlerNormal
I1013 17:01:28.293396 41971 thread.cpp:96] Thread 524337 construct Actor kSrcSubsetTick 1099614388288
I1013 17:01:28.293506 41971 runtime_context.cpp:29] DecreaseCounter constructing_actor_cnt, current val is 613
I1013 17:01:28.294070 41971 naive_actor.cpp:25] actor 1099614388292 switch to &NaiveActor::HandlerNormal
I1013 17:01:28.294335 41971 thread.cpp:96] Thread 524337 construct Actor kTick 1099614388292
I1013 17:01:28.294414 42082 naive_actor.cpp:25] actor 2199023255558 switch to &NaiveActor::HandlerNormal
I1013 17:01:28.294433 41971 runtime_context.cpp:29] DecreaseCounter constructing_actor_cnt, current val is 612
I1013 17:01:28.294499 42082 thread.cpp:96] Thread 1048576 construct Actor kNormalForward 2199023255558
I1013 17:01:28.294623 42276 naive_actor.cpp:25] actor 2207613190273 switch to &NaiveActor::HandlerNormal
I1013 17:01:28.294698 42276 thread.cpp:96] Thread 1052672 construct Actor kNormalForward 2207613190273
I1013 17:01:28.294701 42082 runtime_context.cpp:29] DecreaseCounter constructing_actor_cnt, current val is 611
I1013 17:01:28.294790 42276 runtime_context.cpp:29] DecreaseCounter constructing_actor_cnt, current val is 610
I1013 17:01:28.295099 41971 naive_actor.cpp:25] actor 1099614388293 switch to &NaiveActor::HandlerNormal
I1013 17:01:28.295177 41971 thread.cpp:96] Thread 524337 construct Actor kTick 1099614388293
I1013 17:01:28.295251 41971 runtime_context.cpp:29] DecreaseCounter constructing_actor_cnt, current val is 609
I1013 17:01:28.296504 41971 naive_actor.cpp:25] actor 1099614388273 switch to &NaiveActor::HandlerNormal
I1013 17:01:28.296623 41971 thread.cpp:96] Thread 524337 construct Actor kDeviceTick 1099614388273
I1013 17:01:28.296600 42082 naive_actor.cpp:25] actor 2199023255582 switch to &NaiveActor::HandlerNormal
I1013 17:01:28.296788 42082 thread.cpp:96] Thread 1048576 construct Actor kNormalForward 2199023255582
I1013 17:01:28.296921 42082 runtime_context.cpp:29] DecreaseCounter constructing_actor_cnt, current val is 607
I1013 17:01:28.296720 41971 runtime_context.cpp:29] DecreaseCounter constructing_actor_cnt, current val is 608
I1013 17:01:28.298143 42082 naive_actor.cpp:25] actor 2199023255606 switch to &NaiveActor::HandlerNormal
I1013 17:01:28.298241 42082 thread.cpp:96] Thread 1048576 construct Actor kNormalForward 2199023255606
I1013 17:01:28.298280 41971 naive_actor.cpp:25] actor 1099614388274 switch to &NaiveActor::HandlerNormal
I1013 17:01:28.298343 42082 runtime_context.cpp:29] DecreaseCounter constructing_actor_cnt, current val is 606
I1013 17:01:28.298346 41971 thread.cpp:96] Thread 524337 construct Actor kDeviceTick 1099614388274
I1013 17:01:28.298154 42276 naive_actor.cpp:25] actor 2207613190297 switch to &NaiveActor::HandlerNormal
I1013 17:01:28.298499 41971 runtime_context.cpp:29] DecreaseCounter constructing_actor_cnt, current val is 605
I1013 17:01:28.298558 42276 thread.cpp:96] Thread 1052672 construct Actor kNormalForward 2207613190297
I1013 17:01:28.298715 42276 runtime_context.cpp:29] DecreaseCounter constructing_actor_cnt, current val is 604
I1013 17:01:28.298919 42082 naive_actor.cpp:25] actor 2199023255721 switch to &NaiveActor::HandlerNormal
I1013 17:01:28.299165 41971 naive_actor.cpp:25] actor 1099614388305 switch to &NaiveActor::HandlerNormal
I1013 17:01:28.299192 42082 thread.cpp:96] Thread 1048576 construct Actor kDeviceTick 2199023255721
I1013 17:01:28.299257 41971 thread.cpp:96] Thread 524337 construct Actor kTick 1099614388305
I1013 17:01:28.299379 42082 runtime_context.cpp:29] DecreaseCounter constructing_actor_cnt, current val is 603
I1013 17:01:28.299425 41971 runtime_context.cpp:29] DecreaseCounter constructing_actor_cnt, current val is 602
I1013 17:01:28.299835 42276 naive_actor.cpp:25] actor 2207613190334 switch to &NaiveActor::HandlerNormal
I1013 17:01:28.299837 41971 naive_actor.cpp:25] actor 1099614388282 switch to &NaiveActor::HandlerNormal
I1013 17:01:28.299835 42082 naive_actor.cpp:25] actor 2199023255605 switch to &NaiveActor::HandlerNormal
I1013 17:01:28.300056 42082 thread.cpp:96] Thread 1048576 construct Actor kNormalForward 2199023255605
I1013 17:01:28.300148 42082 runtime_context.cpp:29] DecreaseCounter constructing_actor_cnt, current val is 601
I1013 17:01:28.299921 42276 thread.cpp:96] Thread 1052672 construct Actor kNormalForward 2207613190334
I1013 17:01:28.299990 41971 thread.cpp:96] Thread 524337 construct Actor kTick 1099614388282
I1013 17:01:28.300644 42276 runtime_context.cpp:29] DecreaseCounter constructing_actor_cnt, current val is 600
I1013 17:01:28.300698 41971 runtime_context.cpp:29] DecreaseCounter constructing_actor_cnt, current val is 599
I1013 17:01:28.301196 42082 naive_actor.cpp:25] actor 2199023255578 switch to &NaiveActor::HandlerNormal
I1013 17:01:28.301199 41971 naive_actor.cpp:25] actor 1099614388275 switch to &NaiveActor::HandlerNormal
I1013 17:01:28.301280 42082 thread.cpp:96] Thread 1048576 construct Actor kNormalForward 2199023255578
I1013 17:01:28.301343 41971 thread.cpp:96] Thread 524337 construct Actor kSrcSubsetTick 1099614388275
I1013 17:01:28.301446 42082 runtime_context.cpp:29] DecreaseCounter constructing_actor_cnt, current val is 598
I1013 17:01:28.301483 41971 runtime_context.cpp:29] DecreaseCounter constructing_actor_cnt, current val is 597
I1013 17:01:28.301811 42276 naive_actor.cpp:25] actor 2207613190166 switch to &NaiveActor::HandlerNormal
I1013 17:01:28.301873 42276 thread.cpp:96] Thread 1052672 construct Actor kNormalForward 2207613190166
I1013 17:01:28.302019 42276 runtime_context.cpp:29] DecreaseCounter constructing_actor_cnt, current val is 596
I1013 17:01:28.302084 41971 naive_actor.cpp:25] actor 1099614388281 switch to &NaiveActor::HandlerNormal
I1013 17:01:28.302270 41971 thread.cpp:96] Thread 524337 construct Actor kTick 1099614388281
I1013 17:01:28.302368 41971 runtime_context.cpp:29] DecreaseCounter constructing_actor_cnt, current val is 595
I1013 17:01:28.302618 42276 naive_actor.cpp:25] actor 2207613190190 switch to &NaiveActor::HandlerNormal
I1013 17:01:28.302731 42276 thread.cpp:96] Thread 1052672 construct Actor kNormalForward 2207613190190
I1013 17:01:28.302827 41971 naive_actor.cpp:25] actor 1099614388279 switch to &NaiveActor::HandlerNormal
I1013 17:01:28.302930 41971 thread.cpp:96] Thread 524337 construct Actor kDstSubsetTick 1099614388279
I1013 17:01:28.303035 41971 runtime_context.cpp:29] DecreaseCounter constructing_actor_cnt, current val is 593
I1013 17:01:28.302907 42276 runtime_context.cpp:29] DecreaseCounter constructing_actor_cnt, current val is 594
I1013 17:01:28.303372 42082 naive_actor.cpp:25] actor 2199023255552 switch to &NaiveActor::HandlerNormal
I1013 17:01:28.303462 42082 thread.cpp:96] Thread 1048576 construct Actor kNormalForward 2199023255552
I1013 17:01:28.303480 41971 naive_actor.cpp:25] actor 1099614388283 switch to &NaiveActor::HandlerNormal
I1013 17:01:28.303591 41971 thread.cpp:96] Thread 524337 construct Actor kTick 1099614388283
I1013 17:01:28.303606 42082 runtime_context.cpp:29] DecreaseCounter constructing_actor_cnt, current val is 592
I1013 17:01:28.303687 41971 runtime_context.cpp:29] DecreaseCounter constructing_actor_cnt, current val is 591
I1013 17:01:28.304302 41971 naive_actor.cpp:25] actor 1099614388306 switch to &NaiveActor::HandlerNormal
I1013 17:01:28.304337 42276 naive_actor.cpp:25] actor 2207613190218 switch to &NaiveActor::HandlerNormal
I1013 17:01:28.304482 41971 thread.cpp:96] Thread 524337 construct Actor kTick 1099614388306
I1013 17:01:28.304643 41971 runtime_context.cpp:29] DecreaseCounter constructing_actor_cnt, current val is 590
I1013 17:01:28.304540 42276 thread.cpp:96] Thread 1052672 construct Actor kNormalForward 2207613190218
I1013 17:01:28.304826 42276 runtime_context.cpp:29] DecreaseCounter constructing_actor_cnt, current val is 589
I1013 17:01:28.305011 42082 naive_actor.cpp:25] actor 2199023255618 switch to &NaiveActor::HandlerNormal
I1013 17:01:28.305104 42082 thread.cpp:96] Thread 1048576 construct Actor kNormalForward 2199023255618
I1013 17:01:28.305109 41971 naive_actor.cpp:25] actor 1099614388280 switch to &NaiveActor::HandlerNormal
I1013 17:01:28.305217 42082 runtime_context.cpp:29] DecreaseCounter constructing_actor_cnt, current val is 588
I1013 17:01:28.305243 41971 thread.cpp:96] Thread 524337 construct Actor kTick 1099614388280
I1013 17:01:28.305408 41971 runtime_context.cpp:29] DecreaseCounter constructing_actor_cnt, current val is 587
I1013 17:01:28.306035 41971 naive_actor.cpp:25] actor 1099614388286 switch to &NaiveActor::HandlerNormal
I1013 17:01:28.306052 42082 naive_actor.cpp:25] actor 2199023255593 switch to &NaiveActor::HandlerNormal
I1013 17:01:28.306373 41971 thread.cpp:96] Thread 524337 construct Actor kTick 1099614388286
I1013 17:01:28.306473 42082 thread.cpp:96] Thread 1048576 construct Actor kNormalForward 2199023255593
I1013 17:01:28.306540 42276 naive_actor.cpp:25] actor 2207613190242 switch to &NaiveActor::HandlerNormal
I1013 17:01:28.306665 42082 runtime_context.cpp:29] DecreaseCounter constructing_actor_cnt, current val is 585
I1013 17:01:28.306674 42276 thread.cpp:96] Thread 1052672 construct Actor kNormalForward 2207613190242
I1013 17:01:28.306864 42276 runtime_context.cpp:29] DecreaseCounter constructing_actor_cnt, current val is 584
I1013 17:01:28.306596 41971 runtime_context.cpp:29] DecreaseCounter constructing_actor_cnt, current val is 586
I1013 17:01:28.307691 41971 naive_actor.cpp:25] actor 1099614388291 switch to &NaiveActor::HandlerNormal
I1013 17:01:28.307816 41971 thread.cpp:96] Thread 524337 construct Actor kDstSubsetTick 1099614388291
I1013 17:01:28.307927 41971 runtime_context.cpp:29] DecreaseCounter constructing_actor_cnt, current val is 583
I1013 17:01:28.308610 42276 naive_actor.cpp:25] actor 2207613190266 switch to &NaiveActor::HandlerNormal
I1013 17:01:28.308615 42082 naive_actor.cpp:25] actor 2199023255588 switch to &NaiveActor::HandlerNormal
I1013 17:01:28.308768 42082 thread.cpp:96] Thread 1048576 construct Actor kNormalForward 2199023255588
I1013 17:01:28.308730 41971 naive_actor.cpp:25] actor 1099614388278 switch to &NaiveActor::HandlerNormal
I1013 17:01:28.308944 41971 thread.cpp:96] Thread 524337 construct Actor kTick 1099614388278
I1013 17:01:28.308885 42082 runtime_context.cpp:29] DecreaseCounter constructing_actor_cnt, current val is 582
I1013 17:01:28.308694 42276 thread.cpp:96] Thread 1052672 construct Actor kNormalForward 2207613190266
I1013 17:01:28.309242 42276 runtime_context.cpp:29] DecreaseCounter constructing_actor_cnt, current val is 580
I1013 17:01:28.309058 41971 runtime_context.cpp:29] DecreaseCounter constructing_actor_cnt, current val is 581
I1013 17:01:28.309900 41971 naive_actor.cpp:25] actor 1099614388290 switch to &NaiveActor::HandlerNormal
I1013 17:01:28.309970 41971 thread.cpp:96] Thread 524337 construct Actor kTick 1099614388290
I1013 17:01:28.310057 41971 runtime_context.cpp:29] DecreaseCounter constructing_actor_cnt, current val is 579
I1013 17:01:28.310108 42276 naive_actor.cpp:25] actor 2207613190290 switch to &NaiveActor::HandlerNormal
I1013 17:01:28.310180 42276 thread.cpp:96] Thread 1052672 construct Actor kNormalForward 2207613190290
I1013 17:01:28.310322 42276 runtime_context.cpp:29] DecreaseCounter constructing_actor_cnt, current val is 578
I1013 17:01:28.310745 41971 naive_actor.cpp:25] actor 1099614388312 switch to &NaiveActor::HandlerNormal
I1013 17:01:28.310933 41971 thread.cpp:96] Thread 524337 construct Actor kTick 1099614388312
I1013 17:01:28.311070 41971 runtime_context.cpp:29] DecreaseCounter constructing_actor_cnt, current val is 577
I1013 17:01:28.311848 42082 naive_actor.cpp:25] actor 2199023255636 switch to &NaiveActor::HandlerNormal
I1013 17:01:28.311962 42082 thread.cpp:96] Thread 1048576 construct Actor kNormalForward 2199023255636
I1013 17:01:28.312090 42082 runtime_context.cpp:29] DecreaseCounter constructing_actor_cnt, current val is 576
I1013 17:01:28.311861 41971 naive_actor.cpp:25] actor 1099614388316 switch to &NaiveActor::HandlerNormal
I1013 17:01:28.312273 41971 thread.cpp:96] Thread 524337 construct Actor kTick 1099614388316
I1013 17:01:28.312394 41971 runtime_context.cpp:29] DecreaseCounter constructing_actor_cnt, current val is 575
I1013 17:01:28.312331 42276 naive_actor.cpp:25] actor 2207613190327 switch to &NaiveActor::HandlerNormal
I1013 17:01:28.312541 42276 thread.cpp:96] Thread 1052672 construct Actor kNormalForward 2207613190327
I1013 17:01:28.312741 42276 runtime_context.cpp:29] DecreaseCounter constructing_actor_cnt, current val is 574
I1013 17:01:28.313060 42082 naive_actor.cpp:25] actor 2199023255612 switch to &NaiveActor::HandlerNormal
I1013 17:01:28.313145 42082 thread.cpp:96] Thread 1048576 construct Actor kNormalForward 2199023255612
I1013 17:01:28.313246 42082 runtime_context.cpp:29] DecreaseCounter constructing_actor_cnt, current val is 573
I1013 17:01:28.313064 41971 naive_actor.cpp:25] actor 1099614388319 switch to &NaiveActor::HandlerNormal
I1013 17:01:28.314152 41971 thread.cpp:96] Thread 524337 construct Actor kTick 1099614388319
I1013 17:01:28.323714 41971 runtime_context.cpp:29] DecreaseCounter constructing_actor_cnt, current val is 572
I1013 17:01:28.314127 42082 naive_actor.cpp:25] actor 2199023255623 switch to &NaiveActor::HandlerNormal
I1013 17:01:28.324359 41971 naive_actor.cpp:25] actor 1099614388318 switch to &NaiveActor::HandlerNormal
I1013 17:01:28.324421 42082 thread.cpp:96] Thread 1048576 construct Actor kNormalForward 2199023255623
I1013 17:01:28.324506 41971 thread.cpp:96] Thread 524337 construct Actor kTick 1099614388318
I1013 17:01:28.324662 42082 runtime_context.cpp:29] DecreaseCounter constructing_actor_cnt, current val is 571
I1013 17:01:28.324720 41971 runtime_context.cpp:29] DecreaseCounter constructing_actor_cnt, current val is 570
I1013 17:01:28.324935 42276 naive_actor.cpp:25] actor 2207613190152 switch to &NaiveActor::HandlerNormal
I1013 17:01:28.325016 42276 thread.cpp:96] Thread 1052672 construct Actor kNormalForward 2207613190152
I1013 17:01:28.325124 41971 naive_actor.cpp:25] actor 1099614388297 switch to &NaiveActor::HandlerNormal
I1013 17:01:28.325132 42276 runtime_context.cpp:29] DecreaseCounter constructing_actor_cnt, current val is 569
I1013 17:01:28.325183 41971 thread.cpp:96] Thread 524337 construct Actor kTick 1099614388297
I1013 17:01:28.325317 41971 runtime_context.cpp:29] DecreaseCounter constructing_actor_cnt, current val is 568
I1013 17:01:28.325736 41971 naive_actor.cpp:25] actor 1099614388299 switch to &NaiveActor::HandlerNormal
I1013 17:01:28.325809 41971 thread.cpp:96] Thread 524337 construct Actor kTick 1099614388299
I1013 17:01:28.325896 41971 runtime_context.cpp:29] DecreaseCounter constructing_actor_cnt, current val is 567
I1013 17:01:28.325948 42082 naive_actor.cpp:25] actor 2199023255647 switch to &NaiveActor::HandlerNormal
I1013 17:01:28.326014 42082 thread.cpp:96] Thread 1048576 construct Actor kNormalForward 2199023255647
I1013 17:01:28.326119 42082 runtime_context.cpp:29] DecreaseCounter constructing_actor_cnt, current val is 566
I1013 17:01:28.326196 41971 naive_actor.cpp:25] actor 1099614388300 switch to &NaiveActor::HandlerNormal
I1013 17:01:28.326254 41971 thread.cpp:96] Thread 524337 construct Actor kTick 1099614388300
I1013 17:01:28.326344 41971 runtime_context.cpp:29] DecreaseCounter constructing_actor_cnt, current val is 565
I1013 17:01:28.326480 42276 naive_actor.cpp:25] actor 2207613190252 switch to &NaiveActor::HandlerNormal
I1013 17:01:28.326661 42276 thread.cpp:96] Thread 1052672 construct Actor kNormalForward 2207613190252
I1013 17:01:28.326757 41971 naive_actor.cpp:25] actor 1099614388323 switch to &NaiveActor::HandlerNormal
I1013 17:01:28.326790 42276 runtime_context.cpp:29] DecreaseCounter constructing_actor_cnt, current val is 564
I1013 17:01:28.326833 41971 thread.cpp:96] Thread 524337 construct Actor kTick 1099614388323
I1013 17:01:28.326970 41971 runtime_context.cpp:29] DecreaseCounter constructing_actor_cnt, current val is 563
I1013 17:01:28.327036 42082 naive_actor.cpp:25] actor 2199023255671 switch to &NaiveActor::HandlerNormal
I1013 17:01:28.327105 42082 thread.cpp:96] Thread 1048576 construct Actor kNormalForward 2199023255671
I1013 17:01:28.327206 42082 runtime_context.cpp:29] DecreaseCounter constructing_actor_cnt, current val is 562
I1013 17:01:28.327277 41971 naive_actor.cpp:25] actor 1099614388309 switch to &NaiveActor::HandlerNormal
I1013 17:01:28.327338 41971 thread.cpp:96] Thread 524337 construct Actor kTick 1099614388309
I1013 17:01:28.327461 41971 runtime_context.cpp:29] DecreaseCounter constructing_actor_cnt, current val is 561
I1013 17:01:28.327737 42276 naive_actor.cpp:25] actor 2207613190158 switch to &NaiveActor::HandlerNormal
I1013 17:01:28.327807 41971 naive_actor.cpp:25] actor 1099614388302 switch to &NaiveActor::HandlerNormal
I1013 17:01:28.328321 42082 naive_actor.cpp:25] actor 2199023255695 switch to &NaiveActor::HandlerNormal
I1013 17:01:28.336624 42276 thread.cpp:96] Thread 1052672 construct Actor kNormalForward 2207613190158
I1013 17:01:28.336730 41971 thread.cpp:96] Thread 524337 construct Actor kTick 1099614388302
I1013 17:01:28.336849 42082 thread.cpp:96] Thread 1048576 construct Actor kNormalForward 2199023255695
I1013 17:01:28.337061 41971 runtime_context.cpp:29] DecreaseCounter constructing_actor_cnt, current val is 560
I1013 17:01:28.337078 42276 runtime_context.cpp:29] DecreaseCounter constructing_actor_cnt, current val is 559
I1013 17:01:28.337149 42082 runtime_context.cpp:29] DecreaseCounter constructing_actor_cnt, current val is 558
I1013 17:01:28.337678 41971 naive_actor.cpp:25] actor 1099614388304 switch to &NaiveActor::HandlerNormal
I1013 17:01:28.337754 41971 thread.cpp:96] Thread 524337 construct Actor kTick 1099614388304
I1013 17:01:28.337847 41971 runtime_context.cpp:29] DecreaseCounter constructing_actor_cnt, current val is 557
I1013 17:01:28.338023 42276 naive_actor.cpp:25] actor 2207613190187 switch to &NaiveActor::HandlerNormal
I1013 17:01:28.338099 42276 thread.cpp:96] Thread 1052672 construct Actor kNormalForward 2207613190187
I1013 17:01:28.338186 41971 naive_actor.cpp:25] actor 1099614388301 switch to &NaiveActor::HandlerNormal
I1013 17:01:28.338199 42276 runtime_context.cpp:29] DecreaseCounter constructing_actor_cnt, current val is 556
I1013 17:01:28.338251 41971 thread.cpp:96] Thread 524337 construct Actor kTick 1099614388301
I1013 17:01:28.338387 41971 runtime_context.cpp:29] DecreaseCounter constructing_actor_cnt, current val is 555
I1013 17:01:28.338457 42082 naive_actor.cpp:25] actor 2199023255719 switch to &NaiveActor::HandlerNormal
I1013 17:01:28.338534 42082 thread.cpp:96] Thread 1048576 construct Actor kNormalForward 2199023255719
I1013 17:01:28.338594 42276 naive_actor.cpp:25] actor 2207613190183 switch to &NaiveActor::HandlerNormal
I1013 17:01:28.338661 42276 thread.cpp:96] Thread 1052672 construct Actor kNormalForward 2207613190183
I1013 17:01:28.338668 42082 runtime_context.cpp:29] DecreaseCounter constructing_actor_cnt, current val is 554
I1013 17:01:28.338728 41971 naive_actor.cpp:25] actor 1099614388311 switch to &NaiveActor::HandlerNormal
I1013 17:01:28.338765 42276 runtime_context.cpp:29] DecreaseCounter constructing_actor_cnt, current val is 553
I1013 17:01:28.338841 41971 thread.cpp:96] Thread 524337 construct Actor kTick 1099614388311
I1013 17:01:28.338971 41971 runtime_context.cpp:29] DecreaseCounter constructing_actor_cnt, current val is 552
I1013 17:01:28.339510 42082 naive_actor.cpp:25] actor 2199023255732 switch to &NaiveActor::HandlerNormal
I1013 17:01:28.339561 41971 case_actor.cpp:76] actor 1099614388295 switch to &CaseActor::HandlerNormal
I1013 17:01:28.339696 42082 thread.cpp:96] Thread 1048576 construct Actor kNormalForward 2199023255732
I1013 17:01:28.339759 41971 thread.cpp:96] Thread 524337 construct Actor kCase 1099614388295
I1013 17:01:28.339871 42082 runtime_context.cpp:29] DecreaseCounter constructing_actor_cnt, current val is 551
I1013 17:01:28.339931 41971 runtime_context.cpp:29] DecreaseCounter constructing_actor_cnt, current val is 550
I1013 17:01:28.340216 41971 naive_actor.cpp:25] actor 1099614388321 switch to &NaiveActor::HandlerNormal
I1013 17:01:28.340225 42082 naive_actor.cpp:25] actor 2199023255572 switch to &NaiveActor::HandlerNormal
I1013 17:01:28.340286 41971 thread.cpp:96] Thread 524337 construct Actor kTick 1099614388321
I1013 17:01:28.340353 42082 thread.cpp:96] Thread 1048576 construct Actor kNormalForward 2199023255572
I1013 17:01:28.340426 41971 runtime_context.cpp:29] DecreaseCounter constructing_actor_cnt, current val is 549
I1013 17:01:28.340498 42276 naive_actor.cpp:25] actor 2207613190181 switch to &NaiveActor::HandlerNormal
I1013 17:01:28.340490 42082 runtime_context.cpp:29] DecreaseCounter constructing_actor_cnt, current val is 548
I1013 17:01:28.340572 42276 thread.cpp:96] Thread 1052672 construct Actor kNormalForward 2207613190181
I1013 17:01:28.340744 42276 runtime_context.cpp:29] DecreaseCounter constructing_actor_cnt, current val is 547
I1013 17:01:28.340766 41971 naive_actor.cpp:25] actor 1099614388326 switch to &NaiveActor::HandlerNormal
I1013 17:01:28.340863 41971 thread.cpp:96] Thread 524337 construct Actor kTick 1099614388326
I1013 17:01:28.340950 41971 runtime_context.cpp:29] DecreaseCounter constructing_actor_cnt, current val is 546
I1013 17:01:28.341349 41971 naive_actor.cpp:25] actor 1099614388313 switch to &NaiveActor::HandlerNormal
I1013 17:01:28.341409 41971 thread.cpp:96] Thread 524337 construct Actor kTick 1099614388313
I1013 17:01:28.341480 41971 runtime_context.cpp:29] DecreaseCounter constructing_actor_cnt, current val is 545
I1013 17:01:28.341888 41971 naive_actor.cpp:25] actor 1099614388296 switch to &NaiveActor::HandlerNormal
I1013 17:01:28.341957 41971 thread.cpp:96] Thread 524337 construct Actor kTick 1099614388296
I1013 17:01:28.342039 41971 runtime_context.cpp:29] DecreaseCounter constructing_actor_cnt, current val is 544
I1013 17:01:28.342151 42276 naive_actor.cpp:25] actor 2207613190207 switch to &NaiveActor::HandlerNormal
I1013 17:01:28.342214 42276 thread.cpp:96] Thread 1052672 construct Actor kNormalForward 2207613190207
I1013 17:01:28.342314 42276 runtime_context.cpp:29] DecreaseCounter constructing_actor_cnt, current val is 543
I1013 17:01:28.342330 41971 naive_actor.cpp:25] actor 1099614388328 switch to &NaiveActor::HandlerNormal
I1013 17:01:28.342386 42082 naive_actor.cpp:25] actor 2199023255596 switch to &NaiveActor::HandlerNormal
I1013 17:01:28.342419 41971 thread.cpp:96] Thread 524337 construct Actor kTick 1099614388328
I1013 17:01:28.342486 42082 thread.cpp:96] Thread 1048576 construct Actor kNormalForward 2199023255596
I1013 17:01:28.342581 41971 runtime_context.cpp:29] DecreaseCounter constructing_actor_cnt, current val is 542
I1013 17:01:28.342659 42082 runtime_context.cpp:29] DecreaseCounter constructing_actor_cnt, current val is 541
I1013 17:01:28.342986 41971 reentrant_lock_actor.cpp:76] actor 1099614388294 switch to &ReentrantLockActor::HandlerNormal
I1013 17:01:28.343055 41971 thread.cpp:96] Thread 524337 construct Actor kReentrantLock 1099614388294
I1013 17:01:28.343083 42082 naive_actor.cpp:25] actor 2199023255702 switch to &NaiveActor::HandlerNormal
I1013 17:01:28.343142 41971 runtime_context.cpp:29] DecreaseCounter constructing_actor_cnt, current val is 540
I1013 17:01:28.343152 42082 thread.cpp:96] Thread 1048576 construct Actor kNormalForward 2199023255702
I1013 17:01:28.343286 42082 runtime_context.cpp:29] DecreaseCounter constructing_actor_cnt, current val is 539
I1013 17:01:28.343394 42276 naive_actor.cpp:25] actor 2207613190224 switch to &NaiveActor::HandlerNormal
I1013 17:01:28.343431 41971 naive_actor.cpp:25] actor 1099614388298 switch to &NaiveActor::HandlerNormal
I1013 17:01:28.343582 42276 thread.cpp:96] Thread 1052672 construct Actor kNormalForward 2207613190224
I1013 17:01:28.343636 41971 thread.cpp:96] Thread 524337 construct Actor kTick 1099614388298
I1013 17:01:28.343691 42082 naive_actor.cpp:25] actor 2199023255584 switch to &NaiveActor::HandlerNormal
I1013 17:01:28.343766 41971 runtime_context.cpp:29] DecreaseCounter constructing_actor_cnt, current val is 537
I1013 17:01:28.343730 42276 runtime_context.cpp:29] DecreaseCounter constructing_actor_cnt, current val is 538
I1013 17:01:28.343775 42082 thread.cpp:96] Thread 1048576 construct Actor kNormalForward 2199023255584
I1013 17:01:28.343957 42082 runtime_context.cpp:29] DecreaseCounter constructing_actor_cnt, current val is 536
I1013 17:01:28.344063 41971 naive_actor.cpp:25] actor 1099614388308 switch to &NaiveActor::HandlerNormal
I1013 17:01:28.344126 41971 thread.cpp:96] Thread 524337 construct Actor kTick 1099614388308
I1013 17:01:28.344219 41971 runtime_context.cpp:29] DecreaseCounter constructing_actor_cnt, current val is 535
I1013 17:01:28.344496 41971 naive_actor.cpp:25] actor 1099614388322 switch to &NaiveActor::HandlerNormal
I1013 17:01:28.344556 41971 thread.cpp:96] Thread 524337 construct Actor kTick 1099614388322
I1013 17:01:28.344650 41971 runtime_context.cpp:29] DecreaseCounter constructing_actor_cnt, current val is 534
I1013 17:01:28.344681 42276 naive_actor.cpp:25] actor 2207613190248 switch to &NaiveActor::HandlerNormal
I1013 17:01:28.344734 42082 naive_actor.cpp:25] actor 2199023255595 switch to &NaiveActor::HandlerNormal
I1013 17:01:28.344759 42276 thread.cpp:96] Thread 1052672 construct Actor kNormalForward 2207613190248
I1013 17:01:28.344820 42082 thread.cpp:96] Thread 1048576 construct Actor kNormalForward 2199023255595
I1013 17:01:28.344924 42276 runtime_context.cpp:29] DecreaseCounter constructing_actor_cnt, current val is 533
I1013 17:01:28.344970 41971 naive_actor.cpp:25] actor 1099614388320 switch to &NaiveActor::HandlerNormal
I1013 17:01:28.344988 42082 runtime_context.cpp:29] DecreaseCounter constructing_actor_cnt, current val is 532
I1013 17:01:28.345027 41971 thread.cpp:96] Thread 524337 construct Actor kTick 1099614388320
I1013 17:01:28.345171 41971 runtime_context.cpp:29] DecreaseCounter constructing_actor_cnt, current val is 531
I1013 17:01:28.345455 41971 naive_actor.cpp:25] actor 1099614388327 switch to &NaiveActor::HandlerNormal
I1013 17:01:28.345517 41971 thread.cpp:96] Thread 524337 construct Actor kTick 1099614388327
I1013 17:01:28.345609 41971 runtime_context.cpp:29] DecreaseCounter constructing_actor_cnt, current val is 530
I1013 17:01:28.345768 42276 naive_actor.cpp:25] actor 2207613190272 switch to &NaiveActor::HandlerNormal
I1013 17:01:28.345814 42082 naive_actor.cpp:25] actor 2199023255619 switch to &NaiveActor::HandlerNormal
I1013 17:01:28.345842 42276 thread.cpp:96] Thread 1052672 construct Actor kNormalForward 2207613190272
I1013 17:01:28.345928 41971 naive_actor.cpp:25] actor 1099614388315 switch to &NaiveActor::HandlerNormal
I1013 17:01:28.345993 42276 runtime_context.cpp:29] DecreaseCounter constructing_actor_cnt, current val is 529
I1013 17:01:28.345896 42082 thread.cpp:96] Thread 1048576 construct Actor kNormalForward 2199023255619
I1013 17:01:28.346004 41971 thread.cpp:96] Thread 524337 construct Actor kTick 1099614388315
I1013 17:01:28.346170 42082 runtime_context.cpp:29] DecreaseCounter constructing_actor_cnt, current val is 528
I1013 17:01:28.346218 41971 runtime_context.cpp:29] DecreaseCounter constructing_actor_cnt, current val is 527
I1013 17:01:28.346366 42276 naive_actor.cpp:25] actor 2207613190296 switch to &NaiveActor::HandlerNormal
I1013 17:01:28.346431 42276 thread.cpp:96] Thread 1052672 construct Actor kNormalForward 2207613190296
I1013 17:01:28.346519 42276 runtime_context.cpp:29] DecreaseCounter constructing_actor_cnt, current val is 526
I1013 17:01:28.365980 41971 naive_actor.cpp:25] actor 1099614388331 switch to &NaiveActor::HandlerNormal
I1013 17:01:28.366232 41971 thread.cpp:96] Thread 524337 construct Actor kTick 1099614388331
I1013 17:01:28.366396 41971 runtime_context.cpp:29] DecreaseCounter constructing_actor_cnt, current val is 525
I1013 17:01:28.366816 42082 naive_actor.cpp:25] actor 2199023255553 switch to &NaiveActor::HandlerNormal
I1013 17:01:28.366928 42082 thread.cpp:96] Thread 1048576 construct Actor kNormalForward 2199023255553
I1013 17:01:28.366933 41971 naive_actor.cpp:25] actor 1099614388314 switch to &NaiveActor::HandlerNormal
I1013 17:01:28.367062 41971 thread.cpp:96] Thread 524337 construct Actor kTick 1099614388314
I1013 17:01:28.367084 42082 runtime_context.cpp:29] DecreaseCounter constructing_actor_cnt, current val is 524
I1013 17:01:28.367139 42276 naive_actor.cpp:25] actor 2207613190333 switch to &NaiveActor::HandlerNormal
I1013 17:01:28.367162 41971 runtime_context.cpp:29] DecreaseCounter constructing_actor_cnt, current val is 523
I1013 17:01:28.367252 42276 thread.cpp:96] Thread 1052672 construct Actor kNormalForward 2207613190333
I1013 17:01:28.367424 42276 runtime_context.cpp:29] DecreaseCounter constructing_actor_cnt, current val is 522
I1013 17:01:28.368279 41971 esac_actor.cpp:73] actor 1099614388324 switch to &EsacActor::HandlerNormal
I1013 17:01:28.368273 42082 naive_actor.cpp:25] actor 2199023255561 switch to &NaiveActor::HandlerNormal
I1013 17:01:28.368355 41971 thread.cpp:96] Thread 524337 construct Actor kEsac 1099614388324
I1013 17:01:28.368420 42082 thread.cpp:96] Thread 1048576 construct Actor kNormalForward 2199023255561
I1013 17:01:28.368523 41971 runtime_context.cpp:29] DecreaseCounter constructing_actor_cnt, current val is 521
I1013 17:01:28.368613 42082 runtime_context.cpp:29] DecreaseCounter constructing_actor_cnt, current val is 520
I1013 17:01:28.369017 42276 naive_actor.cpp:25] actor 2207613190170 switch to &NaiveActor::HandlerNormal
I1013 17:01:28.369094 42276 thread.cpp:96] Thread 1052672 construct Actor kNormalForward 2207613190170
I1013 17:01:28.369056 41971 naive_actor.cpp:25] actor 1099614388329 switch to &NaiveActor::HandlerNormal
I1013 17:01:28.369160 42082 naive_actor.cpp:25] actor 2199023255559 switch to &NaiveActor::HandlerNormal
I1013 17:01:28.369184 42276 runtime_context.cpp:29] DecreaseCounter constructing_actor_cnt, current val is 519
I1013 17:01:28.369232 41971 thread.cpp:96] Thread 524337 construct Actor kTick 1099614388329
I1013 17:01:28.369310 42082 thread.cpp:96] Thread 1048576 construct Actor kNormalForward 2199023255559
I1013 17:01:28.369488 41971 runtime_context.cpp:29] DecreaseCounter constructing_actor_cnt, current val is 518
I1013 17:01:28.369613 42082 runtime_context.cpp:29] DecreaseCounter constructing_actor_cnt, current val is 517
I1013 17:01:28.370121 41971 naive_actor.cpp:25] actor 1099614388330 switch to &NaiveActor::HandlerNormal
I1013 17:01:28.370187 41971 thread.cpp:96] Thread 524337 construct Actor kTick 1099614388330
I1013 17:01:28.370275 41971 runtime_context.cpp:29] DecreaseCounter constructing_actor_cnt, current val is 516
I1013 17:01:28.370501 42276 naive_actor.cpp:25] actor 2207613190194 switch to &NaiveActor::HandlerNormal
I1013 17:01:28.370574 42276 thread.cpp:96] Thread 1052672 construct Actor kNormalForward 2207613190194
I1013 17:01:28.370671 42276 runtime_context.cpp:29] DecreaseCounter constructing_actor_cnt, current val is 515
I1013 17:01:28.370978 41971 naive_actor.cpp:25] actor 1099614388325 switch to &NaiveActor::HandlerNormal
I1013 17:01:28.371042 41971 thread.cpp:96] Thread 524337 construct Actor kTick 1099614388325
I1013 17:01:28.371146 41971 runtime_context.cpp:29] DecreaseCounter constructing_actor_cnt, current val is 514
I1013 17:01:28.371320 42082 naive_actor.cpp:25] actor 2199023255585 switch to &NaiveActor::HandlerNormal
I1013 17:01:28.371405 42082 thread.cpp:96] Thread 1048576 construct Actor kNormalForward 2199023255585
I1013 17:01:28.371526 42082 runtime_context.cpp:29] DecreaseCounter constructing_actor_cnt, current val is 513
I1013 17:01:28.372396 42276 naive_actor.cpp:25] actor 2207613190232 switch to &NaiveActor::HandlerNormal
I1013 17:01:28.372572 42276 thread.cpp:96] Thread 1052672 construct Actor kNormalForward 2207613190232
I1013 17:01:28.372678 42276 runtime_context.cpp:29] DecreaseCounter constructing_actor_cnt, current val is 512
I1013 17:01:28.373339 42082 naive_actor.cpp:25] actor 2199023255562 switch to &NaiveActor::HandlerNormal
I1013 17:01:28.373488 42082 thread.cpp:96] Thread 1048576 construct Actor kNormalForward 2199023255562
I1013 17:01:28.373829 42082 runtime_context.cpp:29] DecreaseCounter constructing_actor_cnt, current val is 511
I1013 17:01:28.373941 42276 naive_actor.cpp:25] actor 2207613190256 switch to &NaiveActor::HandlerNormal
I1013 17:01:28.374009 42276 thread.cpp:96] Thread 1052672 construct Actor kNormalForward 2207613190256
I1013 17:01:28.374102 42276 runtime_context.cpp:29] DecreaseCounter constructing_actor_cnt, current val is 510
I1013 17:01:28.374395 42276 naive_actor.cpp:25] actor 2207613190280 switch to &NaiveActor::HandlerNormal
I1013 17:01:28.374460 42276 thread.cpp:96] Thread 1052672 construct Actor kNormalForward 2207613190280
I1013 17:01:28.374543 42276 runtime_context.cpp:29] DecreaseCounter constructing_actor_cnt, current val is 509
I1013 17:01:28.374845 42276 naive_actor.cpp:25] actor 2207613190304 switch to &NaiveActor::HandlerNormal
I1013 17:01:28.374922 42276 thread.cpp:96] Thread 1052672 construct Actor kNormalForward 2207613190304
I1013 17:01:28.375013 42276 runtime_context.cpp:29] DecreaseCounter constructing_actor_cnt, current val is 508
I1013 17:01:28.375797 42082 naive_actor.cpp:25] actor 2199023255567 switch to &NaiveActor::HandlerNormal
I1013 17:01:28.375900 42082 thread.cpp:96] Thread 1048576 construct Actor kNormalForward 2199023255567
I1013 17:01:28.376015 42082 runtime_context.cpp:29] DecreaseCounter constructing_actor_cnt, current val is 507
I1013 17:01:28.376550 42276 naive_actor.cpp:25] actor 2207613190317 switch to &NaiveActor::HandlerNormal
I1013 17:01:28.376646 42276 thread.cpp:96] Thread 1052672 construct Actor kNormalForward 2207613190317
I1013 17:01:28.376744 42276 runtime_context.cpp:29] DecreaseCounter constructing_actor_cnt, current val is 506
I1013 17:01:28.377534 42082 naive_actor.cpp:25] actor 2199023255555 switch to &NaiveActor::HandlerNormal
I1013 17:01:28.377641 42082 thread.cpp:96] Thread 1048576 construct Actor kNormalForward 2199023255555
I1013 17:01:28.377781 42082 runtime_context.cpp:29] DecreaseCounter constructing_actor_cnt, current val is 505
I1013 17:01:28.378109 42276 naive_actor.cpp:25] actor 2207613190184 switch to &NaiveActor::HandlerNormal
I1013 17:01:28.378191 42276 thread.cpp:96] Thread 1052672 construct Actor kNormalForward 2207613190184
I1013 17:01:28.378293 42276 runtime_context.cpp:29] DecreaseCounter constructing_actor_cnt, current val is 504
I1013 17:01:28.378772 42276 naive_actor.cpp:25] actor 2207613190171 switch to &NaiveActor::HandlerNormal
I1013 17:01:28.378865 42276 thread.cpp:96] Thread 1052672 construct Actor kNormalForward 2207613190171
I1013 17:01:28.378966 42276 runtime_context.cpp:29] DecreaseCounter constructing_actor_cnt, current val is 503
I1013 17:01:28.379361 42082 naive_actor.cpp:25] actor 2199023255602 switch to &NaiveActor::HandlerNormal
I1013 17:01:28.379444 42082 thread.cpp:96] Thread 1048576 construct Actor kNormalForward 2199023255602
I1013 17:01:28.379609 42082 runtime_context.cpp:29] DecreaseCounter constructing_actor_cnt, current val is 502
I1013 17:01:28.380316 42276 naive_actor.cpp:25] actor 2207613190217 switch to &NaiveActor::HandlerNormal
I1013 17:01:28.380410 42276 thread.cpp:96] Thread 1052672 construct Actor kNormalForward 2207613190217
I1013 17:01:28.380636 42276 runtime_context.cpp:29] DecreaseCounter constructing_actor_cnt, current val is 501
I1013 17:01:28.381422 42276 naive_actor.cpp:25] actor 2207613190155 switch to &NaiveActor::HandlerNormal
I1013 17:01:28.381675 42276 thread.cpp:96] Thread 1052672 construct Actor kNormalForward 2207613190155
I1013 17:01:28.381808 42276 runtime_context.cpp:29] DecreaseCounter constructing_actor_cnt, current val is 500
I1013 17:01:28.382874 42082 naive_actor.cpp:25] actor 2199023255621 switch to &NaiveActor::HandlerNormal
I1013 17:01:28.383183 42082 thread.cpp:96] Thread 1048576 construct Actor kNormalForward 2199023255621
I1013 17:01:28.383394 42082 runtime_context.cpp:29] DecreaseCounter constructing_actor_cnt, current val is 499
I1013 17:01:28.384172 42276 naive_actor.cpp:25] actor 2207613190145 switch to &NaiveActor::HandlerNormal
I1013 17:01:28.384312 42276 thread.cpp:96] Thread 1052672 construct Actor kNormalForward 2207613190145
I1013 17:01:28.384526 42276 runtime_context.cpp:29] DecreaseCounter constructing_actor_cnt, current val is 498
I1013 17:01:28.385735 42082 naive_actor.cpp:25] actor 2199023255576 switch to &NaiveActor::HandlerNormal
I1013 17:01:28.386046 42082 thread.cpp:96] Thread 1048576 construct Actor kNormalForward 2199023255576
I1013 17:01:28.386293 42082 runtime_context.cpp:29] DecreaseCounter constructing_actor_cnt, current val is 497
I1013 17:01:28.395653 42276 naive_actor.cpp:25] actor 2207613190150 switch to &NaiveActor::HandlerNormal
I1013 17:01:28.395821 42276 thread.cpp:96] Thread 1052672 construct Actor kNormalForward 2207613190150
I1013 17:01:28.396008 42276 runtime_context.cpp:29] DecreaseCounter constructing_actor_cnt, current val is 496
I1013 17:01:28.397307 42082 naive_actor.cpp:25] actor 2199023255640 switch to &NaiveActor::HandlerNormal
I1013 17:01:28.397441 42082 thread.cpp:96] Thread 1048576 construct Actor kNormalForward 2199023255640
I1013 17:01:28.397595 42082 runtime_context.cpp:29] DecreaseCounter constructing_actor_cnt, current val is 495
