Log file created at: 2021/10/13 19:41:01
Running on machine: oneflow-14
Log line format: [IWEF]mmdd hh:mm:ss.uuuuuu threadid file:line] msg
I1013 19:41:01.590216 33764 global.h:36] NewGlobal 14cudaDeviceProp
I1013 19:41:01.591223 33764 global.h:36] NewGlobal N7oneflow7EnvDescE
I1013 19:41:01.591243 33764 global.h:36] NewGlobal N7oneflow10ProcessCtxE
I1013 19:41:01.591253 33764 env_global_objects_scope.cpp:152] using rpc backend: local
I1013 19:41:01.591269 33764 global.h:36] NewGlobal N7oneflow12ResourceDescE
I1013 19:41:01.591280 33764 global.h:36] NewGlobal N7oneflow12ResourceDescE
I1013 19:41:01.684914 33764 global.h:36] NewGlobal N7oneflow10ThreadPoolE
I1013 19:41:01.686740 33764 global.h:36] NewGlobal N7oneflow16EagerNcclCommMgrE
I1013 19:41:01.686766 33764 global.h:36] NewGlobal N7oneflow18CudnnConvAlgoCacheE
I1013 19:41:01.686781 33764 global.h:36] NewGlobal N7oneflow2vm19VirtualMachineScopeE
I1013 19:41:01.686795 33764 global.h:36] NewGlobal N7oneflow9OneflowVME
I1013 19:41:01.687969 33764 oneflow_vm.cpp:75] transport stream type: N7oneflow2vm13CpuStreamTypeE
I1013 19:41:01.687994 33764 oneflow_vm.cpp:75] transport stream type: N7oneflow2vm14CudaStreamTypeE
I1013 19:41:01.688004 33764 oneflow_vm.cpp:75] transport stream type: N7oneflow2vm19AsyncCudaStreamTypeE
I1013 19:41:01.688246 33764 global.h:36] NewGlobal N7oneflow27EagerJobBuildAndInferCtxMgrE
I1013 19:41:01.688271 33764 global.h:36] NewGlobal N7oneflow12EpollCommNetE
I1013 19:41:01.688477 33764 epoll_comm_network.cpp:63] CommNet:Epoll listening on 0.0.0.0:35190
I1013 19:41:01.688540 33764 epoll_comm_network.cpp:197] machine 0 sockfd -1
I1013 19:41:01.688738 33764 global.h:36] NewGlobal N7oneflow9TransportE
I1013 19:41:01.691532 33764 global.h:43] DeleteGlobal N7oneflow12ResourceDescE
I1013 19:41:01.691586 33764 version.cpp:22] OneFlow git version: b295ca2324
I1013 19:41:01.691613 33764 device_register_gpu.cpp:56] CUDA runtime version: 11.2
I1013 19:41:01.691641 33764 device_register_gpu.cpp:65] cuDNN version: 8.1.1
I1013 19:41:01.691656 33764 device_register_gpu.cpp:78] NCCL version: 2.9.8
I1013 19:41:01.691668 33764 global.h:36] NewGlobal N7oneflow12ResourceDescE
I1013 19:41:01.691679 33764 global.h:36] NewGlobal N7oneflow5IDMgrE
I1013 19:41:01.691690 33764 global.h:36] NewGlobal N7oneflow16AvailableMemDescE
I1013 19:41:01.691759 33764 global.h:36] NewGlobal St13unordered_mapISslSt4hashISsESt8equal_toISsESaISt4pairIKSslEEE
I1013 19:41:01.691774 33764 global.h:36] NewGlobal N7oneflow19CriticalSectionDescE
I1013 19:41:01.691784 33764 global.h:36] NewGlobal N7oneflow16InterUserJobInfoE
I1013 19:41:01.691795 33764 global.h:36] NewGlobal N7oneflow26LazyJobBuildAndInferCtxMgrE
I1013 19:41:01.691807 33764 global.h:36] NewGlobal N7oneflow16JobSetCompileCtxE
I1013 19:41:01.691817 33764 global.h:36] NewGlobal N7oneflow26RuntimeBufferManagersScopeE
I1013 19:41:01.691826 33764 global.h:36] NewGlobal N7oneflow9BufferMgrIlEE
I1013 19:41:01.691836 33764 global.h:36] NewGlobal N7oneflow9BufferMgrISt10shared_ptrINS_11JobInstanceEEEE
I1013 19:41:01.691846 33764 global.h:36] NewGlobal N7oneflow10RuntimeCtxE
I1013 19:41:01.691855 33764 global.h:36] NewGlobal N7oneflow15MemoryAllocatorE
I1013 19:41:01.691865 33764 global.h:36] NewGlobal N7oneflow8ChunkMgrE
I1013 19:41:01.691874 33764 global.h:36] NewGlobal N7oneflow8RegstMgrE
I1013 19:41:01.691884 33764 global.h:36] NewGlobal N7oneflow11ActorMsgBusE
I1013 19:41:01.691893 33764 global.h:36] NewGlobal N7oneflow9ThreadMgrE
I1013 19:41:01.691902 33764 global.h:36] NewGlobal N7oneflow15RuntimeJobDescsE
I1013 19:41:01.691912 33764 global.h:36] NewGlobal N7oneflow7summary12EventsWriterE
I1013 19:41:01.691926 33764 global.h:36] NewGlobal N7oneflow6boxing10collective24CollectiveBoxingExecutorE
I1013 19:41:01.691936 33764 global.h:36] NewGlobal N7oneflow6boxing10collective31CollectiveBoxingDeviceCtxPollerE
I1013 19:41:01.692116 33764 session.h:77] NewGlobal N7oneflow25SessionGlobalObjectsScopeE
I1013 19:41:01.693306 33764 global.h:36] NewGlobal N7oneflow7JobDescE
I1013 19:41:02.316224 33764 global.h:43] DeleteGlobal N7oneflow7JobDescE
I1013 19:41:02.316509 33764 global.h:36] NewGlobal N7oneflow7JobDescE
I1013 19:41:02.320787 33764 global.h:36] NewGlobal N7oneflow7OpGraphE
I1013 19:41:02.326756 33764 global.h:43] DeleteGlobal N7oneflow7OpGraphE
I1013 19:41:02.518744 33764 global.h:43] DeleteGlobal N7oneflow7JobDescE
I1013 19:41:02.536540 33764 global.h:36] NewGlobal N7oneflow24InterJobReuseMemStrategyE
I1013 19:41:02.536563 33764 global.h:36] NewGlobal N7oneflow7OneflowE
I1013 19:41:02.548931 33764 global.h:36] NewGlobal N7oneflow7JobDescE
I1013 19:41:02.782068 33764 global.h:36] NewGlobal N7oneflow7OpGraphE
I1013 19:41:02.891208 33764 global.h:43] DeleteGlobal N7oneflow7OpGraphE
I1013 19:41:02.904049 33764 oneflow.cpp:210] 
job_id: 0 , job_name: train_job , compile time: 0.355076 seconds.
I1013 19:41:02.974301 33764 global.h:43] DeleteGlobal N7oneflow7JobDescE
I1013 19:41:02.974722 33764 global.h:36] NewGlobal N7oneflow7JobDescE
I1013 19:41:03.034042 33764 global.h:36] NewGlobal N7oneflow7OpGraphE
I1013 19:41:03.053967 33764 global.h:43] DeleteGlobal N7oneflow7OpGraphE
I1013 19:41:03.058532 33764 oneflow.cpp:210] 
job_id: 1 , job_name: System-ModelInit , compile time: 0.08334 seconds.
I1013 19:41:03.072661 33764 global.h:43] DeleteGlobal N7oneflow7JobDescE
I1013 19:41:03.072695 33764 global.h:36] NewGlobal N7oneflow7JobDescE
I1013 19:41:03.129962 33764 global.h:36] NewGlobal N7oneflow7OpGraphE
I1013 19:41:03.149933 33764 global.h:43] DeleteGlobal N7oneflow7OpGraphE
I1013 19:41:03.154954 33764 oneflow.cpp:210] 
job_id: 2 , job_name: System-ModelLoad , compile time: 0.082238 seconds.
I1013 19:41:03.169314 33764 global.h:43] DeleteGlobal N7oneflow7JobDescE
I1013 19:41:03.169348 33764 global.h:36] NewGlobal N7oneflow7JobDescE
I1013 19:41:03.226308 33764 global.h:36] NewGlobal N7oneflow7OpGraphE
I1013 19:41:03.245784 33764 global.h:43] DeleteGlobal N7oneflow7OpGraphE
I1013 19:41:03.251148 33764 oneflow.cpp:210] 
job_id: 3 , job_name: System-ModelSave , compile time: 0.0817784 seconds.
I1013 19:41:03.265868 33764 global.h:43] DeleteGlobal N7oneflow7JobDescE
I1013 19:41:03.265902 33764 global.h:36] NewGlobal N7oneflow7JobDescE
I1013 19:41:03.276443 33764 global.h:36] NewGlobal N7oneflow7OpGraphE
I1013 19:41:03.280869 33764 global.h:43] DeleteGlobal N7oneflow7OpGraphE
I1013 19:41:03.282465 33764 oneflow.cpp:210] 
job_id: 4 , job_name: System-Pull-Return_27 , compile time: 0.0165409 seconds.
I1013 19:41:03.286682 33764 global.h:43] DeleteGlobal N7oneflow7JobDescE
I1013 19:41:03.291664 33764 global.h:36] NewGlobal N7oneflow7JobDescE
I1013 19:41:03.291723 33764 global.h:36] NewGlobal N7oneflow7OpGraphE
I1013 19:41:03.297909 33764 global.h:43] DeleteGlobal N7oneflow7OpGraphE
I1013 19:41:03.300998 33764 oneflow.cpp:210] 
job_id: 5 , job_name: MainJob-unamed , compile time: 0.0092864 seconds.
I1013 19:41:03.309362 33764 global.h:43] DeleteGlobal N7oneflow7JobDescE
I1013 19:41:03.312412 33764 plan_util.cpp:928]  Plan: merged_plan needs to allocate [ 1390.38 MiB ] device memory in Rank: 0 , Device: 0
I1013 19:41:03.450210 33764 oneflow.cpp:998]  PushPlan merged_plan time: 0.0118807 seconds.
I1013 19:41:03.480405 33764 oneflow.cpp:1014]  PullPlan merged_plan time: 0.0258504 seconds.
I1013 19:41:05.607040 33764 runtime_context.cpp:21] NewCounter constructing_actor_cnt 409
I1013 19:41:05.608119 34320 naive_actor.cpp:25] actor 1099614388226 switch to &NaiveActor::HandlerNormal
I1013 19:41:05.608160 34324 naive_actor.cpp:25] actor 2199023255720 switch to &NaiveActor::HandlerNormal
I1013 19:41:05.608291 34320 thread.cpp:96] Thread 524337 construct Actor kDeviceTick 1099614388226
I1013 19:41:05.608348 34324 thread.cpp:96] Thread 1048576 construct Actor kDeviceTick 2199023255720
I1013 19:41:05.608465 34320 runtime_context.cpp:29] DecreaseCounter constructing_actor_cnt, current val is 408
I1013 19:41:05.608474 34321 wait_and_send_ids_actor.cpp:53] actor 1099616485376 switch to &WaitAndSendIdsActor::HandlerWaitToStart
I1013 19:41:05.608484 34324 runtime_context.cpp:29] DecreaseCounter constructing_actor_cnt, current val is 407
I1013 19:41:05.608561 34321 thread.cpp:96] Thread 524338 construct Actor kWaitAndSendIds 1099616485376
I1013 19:41:05.608749 34324 naive_actor.cpp:25] actor 2199023255759 switch to &NaiveActor::HandlerNormal
I1013 19:41:05.608788 34320 naive_actor.cpp:25] actor 1099614388233 switch to &NaiveActor::HandlerNormal
I1013 19:41:05.608824 34321 runtime_context.cpp:29] DecreaseCounter constructing_actor_cnt, current val is 406
I1013 19:41:05.608831 34324 thread.cpp:96] Thread 1048576 construct Actor kDeviceTick 2199023255759
I1013 19:41:05.608894 34320 thread.cpp:96] Thread 524337 construct Actor kDeviceTick 1099614388233
I1013 19:41:05.608968 34324 runtime_context.cpp:29] DecreaseCounter constructing_actor_cnt, current val is 405
I1013 19:41:05.609002 34320 runtime_context.cpp:29] DecreaseCounter constructing_actor_cnt, current val is 404
I1013 19:41:05.609138 34324 naive_actor.cpp:25] actor 2199023255798 switch to &NaiveActor::HandlerNormal
I1013 19:41:05.609182 34324 thread.cpp:96] Thread 1048576 construct Actor kDeviceTick 2199023255798
I1013 19:41:05.609225 34324 runtime_context.cpp:29] DecreaseCounter constructing_actor_cnt, current val is 403
I1013 19:41:05.609283 34320 naive_actor.cpp:25] actor 1099614388243 switch to &NaiveActor::HandlerNormal
I1013 19:41:05.609318 34320 thread.cpp:96] Thread 524337 construct Actor kDeviceTick 1099614388243
I1013 19:41:05.609373 34320 runtime_context.cpp:29] DecreaseCounter constructing_actor_cnt, current val is 402
I1013 19:41:05.609424 34324 naive_actor.cpp:25] actor 2199023255837 switch to &NaiveActor::HandlerNormal
I1013 19:41:05.609467 34324 thread.cpp:96] Thread 1048576 construct Actor kDeviceTick 2199023255837
I1013 19:41:05.609508 34324 runtime_context.cpp:29] DecreaseCounter constructing_actor_cnt, current val is 401
I1013 19:41:05.609638 34320 naive_actor.cpp:25] actor 1099614388252 switch to &NaiveActor::HandlerNormal
I1013 19:41:05.609673 34320 thread.cpp:96] Thread 524337 construct Actor kDeviceTick 1099614388252
I1013 19:41:05.609722 34320 runtime_context.cpp:29] DecreaseCounter constructing_actor_cnt, current val is 400
I1013 19:41:05.609952 34320 naive_actor.cpp:25] actor 1099614388261 switch to &NaiveActor::HandlerNormal
I1013 19:41:05.609985 34320 thread.cpp:96] Thread 524337 construct Actor kDeviceTick 1099614388261
I1013 19:41:05.610034 34320 runtime_context.cpp:29] DecreaseCounter constructing_actor_cnt, current val is 399
I1013 19:41:05.610261 34320 naive_actor.cpp:25] actor 1099614388269 switch to &NaiveActor::HandlerNormal
I1013 19:41:05.610294 34320 thread.cpp:96] Thread 524337 construct Actor kDeviceTick 1099614388269
I1013 19:41:05.610343 34320 runtime_context.cpp:29] DecreaseCounter constructing_actor_cnt, current val is 398
I1013 19:41:05.610582 34320 naive_actor.cpp:25] actor 1099614388276 switch to &NaiveActor::HandlerNormal
I1013 19:41:05.610616 34320 thread.cpp:96] Thread 524337 construct Actor kDeviceTick 1099614388276
I1013 19:41:05.610667 34320 runtime_context.cpp:29] DecreaseCounter constructing_actor_cnt, current val is 397
I1013 19:41:05.618979 34305 naive_actor.cpp:25] actor 1099526307840 switch to &NaiveActor::HandlerNormal
I1013 19:41:05.619081 34305 thread.cpp:96] Thread 524295 construct Actor kNormalForward 1099526307840
I1013 19:41:05.619114 34318 naive_actor.cpp:25] actor 1099553570816 switch to &NaiveActor::HandlerNormal
I1013 19:41:05.619153 34319 naive_actor.cpp:25] actor 1099555667968 switch to &NaiveActor::HandlerNormal
I1013 19:41:05.619029 34322 sink_actor.cpp:21] actor 1099618582528 switch to &SinkActor::HandlerNormal
I1013 19:41:05.619032 34304 naive_actor.cpp:25] actor 1099524210688 switch to &NaiveActor::HandlerNormal
I1013 19:41:05.619168 34318 thread.cpp:96] Thread 524308 construct Actor kNormalForward 1099553570816
I1013 19:41:05.619163 34312 naive_actor.cpp:25] actor 1099540987904 switch to &NaiveActor::HandlerNormal
I1013 19:41:05.619433 34320 naive_actor.cpp:25] actor 1099614388229 switch to &NaiveActor::HandlerNormal
I1013 19:41:05.619215 34310 naive_actor.cpp:25] actor 1099536793600 switch to &NaiveActor::HandlerNormal
I1013 19:41:05.619549 34307 naive_actor.cpp:25] actor 1099530502144 switch to &NaiveActor::HandlerNormal
I1013 19:41:05.619210 34315 naive_actor.cpp:25] actor 1099547279360 switch to &NaiveActor::HandlerNormal
I1013 19:41:05.619827 34324 naive_actor.cpp:25] actor 2199023255557 switch to &NaiveActor::HandlerNormal
I1013 19:41:05.619882 34301 naive_actor.cpp:25] actor 1099517919232 switch to &NaiveActor::HandlerNormal
I1013 19:41:05.619927 34300 naive_actor.cpp:25] actor 1099515822080 switch to &NaiveActor::HandlerNormal
I1013 19:41:05.619302 34316 naive_actor.cpp:25] actor 1099549376512 switch to &NaiveActor::HandlerNormal
I1013 19:41:05.620106 34316 thread.cpp:96] Thread 524306 construct Actor kNormalForward 1099549376512
I1013 19:41:05.620159 34302 naive_actor.cpp:25] actor 1099520016384 switch to &NaiveActor::HandlerNormal
I1013 19:41:05.620239 34302 thread.cpp:96] Thread 524292 construct Actor kNormalForward 1099520016384
I1013 19:41:05.619410 34318 runtime_context.cpp:29] DecreaseCounter constructing_actor_cnt, current val is 395
I1013 19:41:05.619450 34312 thread.cpp:96] Thread 524302 construct Actor kForeignInput 1099540987904
I1013 19:41:05.619179 34305 runtime_context.cpp:29] DecreaseCounter constructing_actor_cnt, current val is 396
I1013 19:41:05.619462 34326 naive_actor.cpp:25] actor 2199025352705 switch to &NaiveActor::HandlerNormal
I1013 19:41:05.619498 34299 naive_actor.cpp:25] actor 1099513724928 switch to &NaiveActor::HandlerNormal
I1013 19:41:05.620555 34326 thread.cpp:96] Thread 1048577 construct Actor kCopyHd 2199025352705
I1013 19:41:05.619508 34303 naive_actor.cpp:25] actor 1099522113536 switch to &NaiveActor::HandlerNormal
I1013 19:41:05.619561 34310 thread.cpp:96] Thread 524300 construct Actor kNormalForward 1099536793600
I1013 19:41:05.619215 34319 thread.cpp:96] Thread 524309 construct Actor kForeignOutput 1099555667968
I1013 19:41:05.620810 34310 runtime_context.cpp:29] DecreaseCounter constructing_actor_cnt, current val is 390
I1013 19:41:05.619626 34309 naive_actor.cpp:25] actor 1099534696448 switch to &NaiveActor::HandlerNormal
I1013 19:41:05.620960 34309 thread.cpp:96] Thread 524299 construct Actor kForeignInput 1099534696448
I1013 19:41:05.619748 34307 thread.cpp:96] Thread 524297 construct Actor kNormalForward 1099530502144
I1013 19:41:05.619829 34315 thread.cpp:96] Thread 524305 construct Actor kForeignInput 1099547279360
I1013 19:41:05.619261 34311 naive_actor.cpp:25] actor 1099538890752 switch to &NaiveActor::HandlerNormal
I1013 19:41:05.619890 34324 thread.cpp:96] Thread 1048576 construct Actor kNormalForward 2199023255557
I1013 19:41:05.619262 34322 thread.cpp:96] Thread 524339 construct Actor kCallbackNotify 1099618582528
I1013 19:41:05.619971 34301 thread.cpp:96] Thread 524291 construct Actor kNormalForward 1099517919232
I1013 19:41:05.620004 34300 thread.cpp:96] Thread 524290 construct Actor kNormalForward 1099515822080
I1013 19:41:05.619315 34314 naive_actor.cpp:25] actor 1099545182208 switch to &NaiveActor::HandlerNormal
I1013 19:41:05.621682 34300 runtime_context.cpp:29] DecreaseCounter constructing_actor_cnt, current val is 382
I1013 19:41:05.619330 34313 naive_actor.cpp:25] actor 1099543085056 switch to &NaiveActor::HandlerNormal
I1013 19:41:05.621773 34313 thread.cpp:96] Thread 524303 construct Actor kNormalForward 1099543085056
I1013 19:41:05.619335 34304 thread.cpp:96] Thread 524294 construct Actor kNormalForward 1099524210688
I1013 19:41:05.621853 34313 runtime_context.cpp:29] DecreaseCounter constructing_actor_cnt, current val is 381
I1013 19:41:05.620193 34316 runtime_context.cpp:29] DecreaseCounter constructing_actor_cnt, current val is 394
I1013 19:41:05.621919 34304 runtime_context.cpp:29] DecreaseCounter constructing_actor_cnt, current val is 380
I1013 19:41:05.619355 34328 naive_actor.cpp:25] actor 2199027449856 switch to &NaiveActor::HandlerNormal
I1013 19:41:05.621994 34328 thread.cpp:96] Thread 1048578 construct Actor kCopyHd 2199027449856
I1013 19:41:05.620339 34302 runtime_context.cpp:29] DecreaseCounter constructing_actor_cnt, current val is 393
I1013 19:41:05.620458 34312 runtime_context.cpp:29] DecreaseCounter constructing_actor_cnt, current val is 392
I1013 19:41:05.620599 34299 thread.cpp:96] Thread 524289 construct Actor kNormalForward 1099513724928
I1013 19:41:05.619516 34320 thread.cpp:96] Thread 524337 construct Actor kDstSubsetTick 1099614388229
I1013 19:41:05.620656 34326 runtime_context.cpp:29] DecreaseCounter constructing_actor_cnt, current val is 391
I1013 19:41:05.620725 34303 thread.cpp:96] Thread 524293 construct Actor kNormalForward 1099522113536
I1013 19:41:05.619592 34317 naive_actor.cpp:25] actor 1099551473664 switch to &NaiveActor::HandlerNormal
I1013 19:41:05.622701 34326 naive_actor.cpp:25] actor 2199025352706 switch to &NaiveActor::HandlerNormal
I1013 19:41:05.622745 34326 thread.cpp:96] Thread 1048577 construct Actor kCopyHd 2199025352706
I1013 19:41:05.619655 34306 naive_actor.cpp:25] actor 1099528404992 switch to &NaiveActor::HandlerNormal
I1013 19:41:05.622844 34306 thread.cpp:96] Thread 524296 construct Actor kNormalForward 1099528404992
I1013 19:41:05.621065 34309 runtime_context.cpp:29] DecreaseCounter constructing_actor_cnt, current val is 388
I1013 19:41:05.622911 34306 runtime_context.cpp:29] DecreaseCounter constructing_actor_cnt, current val is 374
I1013 19:41:05.621167 34307 runtime_context.cpp:29] DecreaseCounter constructing_actor_cnt, current val is 387
I1013 19:41:05.621263 34315 runtime_context.cpp:29] DecreaseCounter constructing_actor_cnt, current val is 386
I1013 19:41:05.621312 34311 thread.cpp:96] Thread 524301 construct Actor kNormalForward 1099538890752
I1013 19:41:05.621378 34324 runtime_context.cpp:29] DecreaseCounter constructing_actor_cnt, current val is 385
I1013 19:41:05.621467 34322 runtime_context.cpp:29] DecreaseCounter constructing_actor_cnt, current val is 384
I1013 19:41:05.621551 34301 runtime_context.cpp:29] DecreaseCounter constructing_actor_cnt, current val is 383
I1013 19:41:05.620115 34308 naive_actor.cpp:25] actor 1099532599296 switch to &NaiveActor::HandlerNormal
I1013 19:41:05.623425 34308 thread.cpp:96] Thread 524298 construct Actor kNormalForward 1099532599296
I1013 19:41:05.622032 34328 runtime_context.cpp:29] DecreaseCounter constructing_actor_cnt, current val is 379
I1013 19:41:05.623536 34308 runtime_context.cpp:29] DecreaseCounter constructing_actor_cnt, current val is 372
I1013 19:41:05.622404 34299 runtime_context.cpp:29] DecreaseCounter constructing_actor_cnt, current val is 378
I1013 19:41:05.622509 34320 runtime_context.cpp:29] DecreaseCounter constructing_actor_cnt, current val is 377
I1013 19:41:05.622682 34303 runtime_context.cpp:29] DecreaseCounter constructing_actor_cnt, current val is 376
I1013 19:41:05.622711 34317 thread.cpp:96] Thread 524307 construct Actor kNormalForward 1099551473664
I1013 19:41:05.620875 34319 runtime_context.cpp:29] DecreaseCounter constructing_actor_cnt, current val is 389
I1013 19:41:05.622792 34326 runtime_context.cpp:29] DecreaseCounter constructing_actor_cnt, current val is 375
I1013 19:41:05.623170 34311 runtime_context.cpp:29] DecreaseCounter constructing_actor_cnt, current val is 373
I1013 19:41:05.624284 34320 naive_actor.cpp:25] actor 1099614388230 switch to &NaiveActor::HandlerNormal
I1013 19:41:05.624336 34320 thread.cpp:96] Thread 524337 construct Actor kTick 1099614388230
I1013 19:41:05.624117 34324 naive_actor.cpp:25] actor 2199023255565 switch to &NaiveActor::HandlerNormal
I1013 19:41:05.621711 34314 thread.cpp:96] Thread 524304 construct Actor kNormalForward 1099545182208
I1013 19:41:05.624307 34326 naive_actor.cpp:25] actor 2199025352704 switch to &NaiveActor::HandlerNormal
I1013 19:41:05.623994 34317 runtime_context.cpp:29] DecreaseCounter constructing_actor_cnt, current val is 371
I1013 19:41:05.624418 34324 thread.cpp:96] Thread 1048576 construct Actor kNormalForward 2199023255565
I1013 19:41:05.624428 34320 runtime_context.cpp:29] DecreaseCounter constructing_actor_cnt, current val is 370
I1013 19:41:05.624552 34314 runtime_context.cpp:29] DecreaseCounter constructing_actor_cnt, current val is 369
I1013 19:41:05.624553 34326 thread.cpp:96] Thread 1048577 construct Actor kCopyHd 2199025352704
I1013 19:41:05.624720 34324 runtime_context.cpp:29] DecreaseCounter constructing_actor_cnt, current val is 368
I1013 19:41:05.624863 34326 runtime_context.cpp:29] DecreaseCounter constructing_actor_cnt, current val is 367
I1013 19:41:05.625077 34320 naive_actor.cpp:25] actor 1099614388232 switch to &NaiveActor::HandlerNormal
I1013 19:41:05.625140 34320 thread.cpp:96] Thread 524337 construct Actor kTick 1099614388232
I1013 19:41:05.625175 34326 naive_actor.cpp:25] actor 2199025352708 switch to &NaiveActor::HandlerNormal
I1013 19:41:05.625221 34320 runtime_context.cpp:29] DecreaseCounter constructing_actor_cnt, current val is 366
I1013 19:41:05.625224 34326 thread.cpp:96] Thread 1048577 construct Actor kCopyHd 2199025352708
I1013 19:41:05.625270 34324 naive_actor.cpp:25] actor 2199023255605 switch to &NaiveActor::HandlerNormal
I1013 19:41:05.625326 34326 runtime_context.cpp:29] DecreaseCounter constructing_actor_cnt, current val is 365
I1013 19:41:05.625339 34324 thread.cpp:96] Thread 1048576 construct Actor kNormalForward 2199023255605
I1013 19:41:05.625445 34324 runtime_context.cpp:29] DecreaseCounter constructing_actor_cnt, current val is 364
I1013 19:41:05.625553 34326 naive_actor.cpp:25] actor 2199025352707 switch to &NaiveActor::HandlerNormal
I1013 19:41:05.625607 34320 naive_actor.cpp:25] actor 1099614388225 switch to &NaiveActor::HandlerNormal
I1013 19:41:05.625610 34326 thread.cpp:96] Thread 1048577 construct Actor kCopyHd 2199025352707
I1013 19:41:05.625656 34320 thread.cpp:96] Thread 524337 construct Actor kSrcSubsetTick 1099614388225
I1013 19:41:05.625705 34326 runtime_context.cpp:29] DecreaseCounter constructing_actor_cnt, current val is 363
I1013 19:41:05.625751 34320 runtime_context.cpp:29] DecreaseCounter constructing_actor_cnt, current val is 362
I1013 19:41:05.625836 34324 naive_actor.cpp:25] actor 2199023255570 switch to &NaiveActor::HandlerNormal
I1013 19:41:05.625911 34324 thread.cpp:96] Thread 1048576 construct Actor kNormalForward 2199023255570
I1013 19:41:05.625950 34326 naive_actor.cpp:25] actor 2199025352709 switch to &NaiveActor::HandlerNormal
I1013 19:41:05.625967 34324 runtime_context.cpp:29] DecreaseCounter constructing_actor_cnt, current val is 361
I1013 19:41:05.626000 34326 thread.cpp:96] Thread 1048577 construct Actor kCopyHd 2199025352709
I1013 19:41:05.626087 34326 runtime_context.cpp:29] DecreaseCounter constructing_actor_cnt, current val is 360
I1013 19:41:05.626175 34320 naive_actor.cpp:25] actor 1099614388236 switch to &NaiveActor::HandlerNormal
I1013 19:41:05.626224 34320 thread.cpp:96] Thread 524337 construct Actor kTick 1099614388236
I1013 19:41:05.626276 34326 naive_actor.cpp:25] actor 2199025352710 switch to &NaiveActor::HandlerNormal
I1013 19:41:05.626307 34320 runtime_context.cpp:29] DecreaseCounter constructing_actor_cnt, current val is 359
I1013 19:41:05.626328 34326 thread.cpp:96] Thread 1048577 construct Actor kCopyHd 2199025352710
I1013 19:41:05.626412 34326 runtime_context.cpp:29] DecreaseCounter constructing_actor_cnt, current val is 358
I1013 19:41:05.626670 34320 naive_actor.cpp:25] actor 1099614388315 switch to &NaiveActor::HandlerNormal
I1013 19:41:05.626718 34320 thread.cpp:96] Thread 524337 construct Actor kTick 1099614388315
I1013 19:41:05.626788 34320 runtime_context.cpp:29] DecreaseCounter constructing_actor_cnt, current val is 357
I1013 19:41:05.627014 34324 naive_actor.cpp:25] actor 2199023255583 switch to &NaiveActor::HandlerNormal
I1013 19:41:05.627063 34324 thread.cpp:96] Thread 1048576 construct Actor kNormalForward 2199023255583
I1013 19:41:05.627146 34324 runtime_context.cpp:29] DecreaseCounter constructing_actor_cnt, current val is 356
I1013 19:41:05.627326 34320 esac_actor.cpp:73] actor 1099614388321 switch to &EsacActor::HandlerNormal
I1013 19:41:05.627373 34320 thread.cpp:96] Thread 524337 construct Actor kEsac 1099614388321
I1013 19:41:05.627463 34320 runtime_context.cpp:29] DecreaseCounter constructing_actor_cnt, current val is 355
I1013 19:41:05.627825 34320 naive_actor.cpp:25] actor 1099614388224 switch to &NaiveActor::HandlerNormal
I1013 19:41:05.627871 34320 thread.cpp:96] Thread 524337 construct Actor kDeviceTick 1099614388224
I1013 19:41:05.628054 34320 runtime_context.cpp:29] DecreaseCounter constructing_actor_cnt, current val is 354
I1013 19:41:05.628105 34324 naive_actor.cpp:25] actor 2199023255555 switch to &NaiveActor::HandlerNormal
I1013 19:41:05.628168 34324 thread.cpp:96] Thread 1048576 construct Actor kNormalForward 2199023255555
I1013 19:41:05.628265 34324 runtime_context.cpp:29] DecreaseCounter constructing_actor_cnt, current val is 353
I1013 19:41:05.628350 34320 naive_actor.cpp:25] actor 1099614388234 switch to &NaiveActor::HandlerNormal
I1013 19:41:05.628387 34320 thread.cpp:96] Thread 524337 construct Actor kSrcSubsetTick 1099614388234
I1013 19:41:05.628439 34320 runtime_context.cpp:29] DecreaseCounter constructing_actor_cnt, current val is 352
I1013 19:41:05.628675 34324 naive_actor.cpp:25] actor 2199023255589 switch to &NaiveActor::HandlerNormal
I1013 19:41:05.628684 34320 naive_actor.cpp:25] actor 1099614388238 switch to &NaiveActor::HandlerNormal
I1013 19:41:05.628734 34324 thread.cpp:96] Thread 1048576 construct Actor kNormalForward 2199023255589
I1013 19:41:05.628763 34320 thread.cpp:96] Thread 524337 construct Actor kTick 1099614388238
I1013 19:41:05.628844 34324 runtime_context.cpp:29] DecreaseCounter constructing_actor_cnt, current val is 351
I1013 19:41:05.628852 34320 runtime_context.cpp:29] DecreaseCounter constructing_actor_cnt, current val is 350
I1013 19:41:05.629124 34320 naive_actor.cpp:25] actor 1099614388231 switch to &NaiveActor::HandlerNormal
I1013 19:41:05.629163 34320 thread.cpp:96] Thread 524337 construct Actor kTick 1099614388231
I1013 19:41:05.629212 34320 runtime_context.cpp:29] DecreaseCounter constructing_actor_cnt, current val is 349
I1013 19:41:05.629221 34324 naive_actor.cpp:25] actor 2199023255591 switch to &NaiveActor::HandlerNormal
I1013 19:41:05.629278 34324 thread.cpp:96] Thread 1048576 construct Actor kNormalForward 2199023255591
I1013 19:41:05.629359 34324 runtime_context.cpp:29] DecreaseCounter constructing_actor_cnt, current val is 348
I1013 19:41:05.629581 34320 naive_actor.cpp:25] actor 1099614388228 switch to &NaiveActor::HandlerNormal
I1013 19:41:05.629700 34320 thread.cpp:96] Thread 524337 construct Actor kTick 1099614388228
I1013 19:41:05.629799 34320 runtime_context.cpp:29] DecreaseCounter constructing_actor_cnt, current val is 347
I1013 19:41:05.630187 34320 naive_actor.cpp:25] actor 1099614388239 switch to &NaiveActor::HandlerNormal
I1013 19:41:05.630271 34320 thread.cpp:96] Thread 524337 construct Actor kTick 1099614388239
I1013 19:41:05.630355 34320 runtime_context.cpp:29] DecreaseCounter constructing_actor_cnt, current val is 346
I1013 19:41:05.630409 34324 naive_actor.cpp:25] actor 2199023255631 switch to &NaiveActor::HandlerNormal
I1013 19:41:05.630461 34324 thread.cpp:96] Thread 1048576 construct Actor kNormalForward 2199023255631
I1013 19:41:05.630533 34324 runtime_context.cpp:29] DecreaseCounter constructing_actor_cnt, current val is 345
I1013 19:41:05.630753 34320 naive_actor.cpp:25] actor 1099614388237 switch to &NaiveActor::HandlerNormal
I1013 19:41:05.630803 34320 thread.cpp:96] Thread 524337 construct Actor kDstSubsetTick 1099614388237
I1013 19:41:05.630882 34320 runtime_context.cpp:29] DecreaseCounter constructing_actor_cnt, current val is 344
I1013 19:41:05.631263 34320 naive_actor.cpp:25] actor 1099614388240 switch to &NaiveActor::HandlerNormal
I1013 19:41:05.631312 34320 thread.cpp:96] Thread 524337 construct Actor kTick 1099614388240
I1013 19:41:05.631381 34320 runtime_context.cpp:29] DecreaseCounter constructing_actor_cnt, current val is 343
I1013 19:41:05.631479 34324 naive_actor.cpp:25] actor 2199023255633 switch to &NaiveActor::HandlerNormal
I1013 19:41:05.631534 34324 thread.cpp:96] Thread 1048576 construct Actor kNormalForward 2199023255633
I1013 19:41:05.631625 34324 runtime_context.cpp:29] DecreaseCounter constructing_actor_cnt, current val is 342
I1013 19:41:05.631749 34320 naive_actor.cpp:25] actor 1099614388241 switch to &NaiveActor::HandlerNormal
I1013 19:41:05.631799 34320 thread.cpp:96] Thread 524337 construct Actor kDeviceTick 1099614388241
I1013 19:41:05.631915 34320 runtime_context.cpp:29] DecreaseCounter constructing_actor_cnt, current val is 341
I1013 19:41:05.632270 34320 naive_actor.cpp:25] actor 1099614388242 switch to &NaiveActor::HandlerNormal
I1013 19:41:05.632320 34320 thread.cpp:96] Thread 524337 construct Actor kSrcSubsetTick 1099614388242
I1013 19:41:05.632390 34320 runtime_context.cpp:29] DecreaseCounter constructing_actor_cnt, current val is 340
I1013 19:41:05.632473 34324 naive_actor.cpp:25] actor 2199023255586 switch to &NaiveActor::HandlerNormal
I1013 19:41:05.632522 34324 thread.cpp:96] Thread 1048576 construct Actor kNormalForward 2199023255586
I1013 19:41:05.632613 34324 runtime_context.cpp:29] DecreaseCounter constructing_actor_cnt, current val is 339
I1013 19:41:05.632982 34320 esac_actor.cpp:73] actor 1099614388313 switch to &EsacActor::HandlerNormal
I1013 19:41:05.633033 34320 thread.cpp:96] Thread 524337 construct Actor kEsac 1099614388313
I1013 19:41:05.633132 34320 runtime_context.cpp:29] DecreaseCounter constructing_actor_cnt, current val is 338
I1013 19:41:05.633451 34320 naive_actor.cpp:25] actor 1099614388245 switch to &NaiveActor::HandlerNormal
I1013 19:41:05.633502 34320 thread.cpp:96] Thread 524337 construct Actor kTick 1099614388245
I1013 19:41:05.633508 34324 naive_actor.cpp:25] actor 2199023255560 switch to &NaiveActor::HandlerNormal
I1013 19:41:05.633589 34320 runtime_context.cpp:29] DecreaseCounter constructing_actor_cnt, current val is 337
I1013 19:41:05.633589 34324 thread.cpp:96] Thread 1048576 construct Actor kNormalForward 2199023255560
I1013 19:41:05.633708 34324 runtime_context.cpp:29] DecreaseCounter constructing_actor_cnt, current val is 336
I1013 19:41:05.634017 34320 naive_actor.cpp:25] actor 1099614388246 switch to &NaiveActor::HandlerNormal
I1013 19:41:05.634069 34320 thread.cpp:96] Thread 524337 construct Actor kDstSubsetTick 1099614388246
I1013 19:41:05.634148 34320 runtime_context.cpp:29] DecreaseCounter constructing_actor_cnt, current val is 335
I1013 19:41:05.634482 34320 naive_actor.cpp:25] actor 1099614388247 switch to &NaiveActor::HandlerNormal
I1013 19:41:05.634531 34320 thread.cpp:96] Thread 524337 construct Actor kTick 1099614388247
I1013 19:41:05.634618 34320 runtime_context.cpp:29] DecreaseCounter constructing_actor_cnt, current val is 334
I1013 19:41:05.634655 34324 naive_actor.cpp:25] actor 2199023255576 switch to &NaiveActor::HandlerNormal
I1013 19:41:05.634708 34324 thread.cpp:96] Thread 1048576 construct Actor kNormalForward 2199023255576
I1013 19:41:05.634795 34324 runtime_context.cpp:29] DecreaseCounter constructing_actor_cnt, current val is 333
I1013 19:41:05.634964 34320 naive_actor.cpp:25] actor 1099614388248 switch to &NaiveActor::HandlerNormal
I1013 19:41:05.635018 34320 thread.cpp:96] Thread 524337 construct Actor kTick 1099614388248
I1013 19:41:05.635113 34320 runtime_context.cpp:29] DecreaseCounter constructing_actor_cnt, current val is 332
I1013 19:41:05.635445 34320 naive_actor.cpp:25] actor 1099614388249 switch to &NaiveActor::HandlerNormal
I1013 19:41:05.635494 34320 thread.cpp:96] Thread 524337 construct Actor kTick 1099614388249
I1013 19:41:05.635562 34320 runtime_context.cpp:29] DecreaseCounter constructing_actor_cnt, current val is 331
I1013 19:41:05.635759 34324 naive_actor.cpp:25] actor 2199023255572 switch to &NaiveActor::HandlerNormal
I1013 19:41:05.635821 34324 thread.cpp:96] Thread 1048576 construct Actor kNormalForward 2199023255572
I1013 19:41:05.635885 34320 naive_actor.cpp:25] actor 1099614388254 switch to &NaiveActor::HandlerNormal
I1013 19:41:05.635910 34324 runtime_context.cpp:29] DecreaseCounter constructing_actor_cnt, current val is 330
I1013 19:41:05.635937 34320 thread.cpp:96] Thread 524337 construct Actor kTick 1099614388254
I1013 19:41:05.636035 34320 runtime_context.cpp:29] DecreaseCounter constructing_actor_cnt, current val is 329
I1013 19:41:05.636343 34324 naive_actor.cpp:25] actor 2199023255568 switch to &NaiveActor::HandlerNormal
I1013 19:41:05.636374 34320 naive_actor.cpp:25] actor 1099614388320 switch to &NaiveActor::HandlerNormal
I1013 19:41:05.636400 34324 thread.cpp:96] Thread 1048576 construct Actor kNormalForward 2199023255568
I1013 19:41:05.636530 34320 thread.cpp:96] Thread 524337 construct Actor kTick 1099614388320
I1013 19:41:05.636620 34324 runtime_context.cpp:29] DecreaseCounter constructing_actor_cnt, current val is 328
I1013 19:41:05.636651 34320 runtime_context.cpp:29] DecreaseCounter constructing_actor_cnt, current val is 327
I1013 19:41:05.636940 34324 naive_actor.cpp:25] actor 2199023255563 switch to &NaiveActor::HandlerNormal
I1013 19:41:05.636968 34320 naive_actor.cpp:25] actor 1099614388250 switch to &NaiveActor::HandlerNormal
I1013 19:41:05.636998 34324 thread.cpp:96] Thread 1048576 construct Actor kNormalForward 2199023255563
I1013 19:41:05.637038 34320 thread.cpp:96] Thread 524337 construct Actor kDeviceTick 1099614388250
I1013 19:41:05.637115 34324 runtime_context.cpp:29] DecreaseCounter constructing_actor_cnt, current val is 326
I1013 19:41:05.637140 34320 runtime_context.cpp:29] DecreaseCounter constructing_actor_cnt, current val is 325
I1013 19:41:05.637504 34320 naive_actor.cpp:25] actor 1099614388251 switch to &NaiveActor::HandlerNormal
I1013 19:41:05.637557 34320 thread.cpp:96] Thread 524337 construct Actor kSrcSubsetTick 1099614388251
I1013 19:41:05.637632 34320 runtime_context.cpp:29] DecreaseCounter constructing_actor_cnt, current val is 324
I1013 19:41:05.638031 34320 naive_actor.cpp:25] actor 1099614388255 switch to &NaiveActor::HandlerNormal
I1013 19:41:05.638083 34320 thread.cpp:96] Thread 524337 construct Actor kDstSubsetTick 1099614388255
I1013 19:41:05.638123 34324 naive_actor.cpp:25] actor 2199023255616 switch to &NaiveActor::HandlerNormal
I1013 19:41:05.638146 34320 runtime_context.cpp:29] DecreaseCounter constructing_actor_cnt, current val is 323
I1013 19:41:05.638200 34324 thread.cpp:96] Thread 1048576 construct Actor kNormalForward 2199023255616
I1013 19:41:05.638357 34324 runtime_context.cpp:29] DecreaseCounter constructing_actor_cnt, current val is 322
I1013 19:41:05.638701 34320 naive_actor.cpp:25] actor 1099614388257 switch to &NaiveActor::HandlerNormal
I1013 19:41:05.638759 34320 thread.cpp:96] Thread 524337 construct Actor kTick 1099614388257
I1013 19:41:05.638840 34320 runtime_context.cpp:29] DecreaseCounter constructing_actor_cnt, current val is 321
I1013 19:41:05.639209 34320 naive_actor.cpp:25] actor 1099614388256 switch to &NaiveActor::HandlerNormal
I1013 19:41:05.639262 34320 thread.cpp:96] Thread 524337 construct Actor kTick 1099614388256
I1013 19:41:05.639319 34324 naive_actor.cpp:25] actor 2199023255611 switch to &NaiveActor::HandlerNormal
I1013 19:41:05.639349 34320 runtime_context.cpp:29] DecreaseCounter constructing_actor_cnt, current val is 320
I1013 19:41:05.639370 34324 thread.cpp:96] Thread 1048576 construct Actor kNormalForward 2199023255611
I1013 19:41:05.639479 34324 runtime_context.cpp:29] DecreaseCounter constructing_actor_cnt, current val is 319
I1013 19:41:05.639536 34298 naive_actor.cpp:25] actor 1099511627776 switch to &NaiveActor::HandlerNormal
I1013 19:41:05.639600 34298 thread.cpp:96] Thread 524288 construct Actor kNormalForward 1099511627776
I1013 19:41:05.639691 34298 runtime_context.cpp:29] DecreaseCounter constructing_actor_cnt, current val is 318
I1013 19:41:05.639757 34320 naive_actor.cpp:25] actor 1099614388258 switch to &NaiveActor::HandlerNormal
I1013 19:41:05.639760 34324 naive_actor.cpp:25] actor 2199023255577 switch to &NaiveActor::HandlerNormal
I1013 19:41:05.639815 34320 thread.cpp:96] Thread 524337 construct Actor kTick 1099614388258
I1013 19:41:05.639842 34324 thread.cpp:96] Thread 1048576 construct Actor kNormalForward 2199023255577
I1013 19:41:05.639917 34320 runtime_context.cpp:29] DecreaseCounter constructing_actor_cnt, current val is 317
I1013 19:41:05.639921 34324 runtime_context.cpp:29] DecreaseCounter constructing_actor_cnt, current val is 316
I1013 19:41:05.640255 34320 naive_actor.cpp:25] actor 1099614388266 switch to &NaiveActor::HandlerNormal
I1013 19:41:05.640306 34320 thread.cpp:96] Thread 524337 construct Actor kTick 1099614388266
I1013 19:41:05.640426 34320 runtime_context.cpp:29] DecreaseCounter constructing_actor_cnt, current val is 315
I1013 19:41:05.640650 34324 naive_actor.cpp:25] actor 2199023255567 switch to &NaiveActor::HandlerNormal
I1013 19:41:05.640687 34324 thread.cpp:96] Thread 1048576 construct Actor kNormalForward 2199023255567
I1013 19:41:05.640745 34324 runtime_context.cpp:29] DecreaseCounter constructing_actor_cnt, current val is 314
I1013 19:41:05.640817 34320 naive_actor.cpp:25] actor 1099614388260 switch to &NaiveActor::HandlerNormal
I1013 19:41:05.640866 34320 thread.cpp:96] Thread 524337 construct Actor kSrcSubsetTick 1099614388260
I1013 19:41:05.640933 34320 runtime_context.cpp:29] DecreaseCounter constructing_actor_cnt, current val is 313
I1013 19:41:05.641245 34320 naive_actor.cpp:25] actor 1099614388259 switch to &NaiveActor::HandlerNormal
I1013 19:41:05.641290 34320 thread.cpp:96] Thread 524337 construct Actor kDeviceTick 1099614388259
I1013 19:41:05.641357 34320 runtime_context.cpp:29] DecreaseCounter constructing_actor_cnt, current val is 312
I1013 19:41:05.641446 34324 naive_actor.cpp:25] actor 2199023255562 switch to &NaiveActor::HandlerNormal
I1013 19:41:05.641482 34324 thread.cpp:96] Thread 1048576 construct Actor kNormalForward 2199023255562
I1013 19:41:05.641539 34324 runtime_context.cpp:29] DecreaseCounter constructing_actor_cnt, current val is 311
I1013 19:41:05.641743 34320 naive_actor.cpp:25] actor 1099614388319 switch to &NaiveActor::HandlerNormal
I1013 19:41:05.641777 34324 naive_actor.cpp:25] actor 2199023255584 switch to &NaiveActor::HandlerNormal
I1013 19:41:05.641791 34320 thread.cpp:96] Thread 524337 construct Actor kTick 1099614388319
I1013 19:41:05.641824 34324 thread.cpp:96] Thread 1048576 construct Actor kNormalForward 2199023255584
I1013 19:41:05.641899 34320 runtime_context.cpp:29] DecreaseCounter constructing_actor_cnt, current val is 310
I1013 19:41:05.641904 34324 runtime_context.cpp:29] DecreaseCounter constructing_actor_cnt, current val is 309
I1013 19:41:05.642217 34320 naive_actor.cpp:25] actor 1099614388263 switch to &NaiveActor::HandlerNormal
I1013 19:41:05.642266 34320 thread.cpp:96] Thread 524337 construct Actor kTick 1099614388263
I1013 19:41:05.642333 34320 runtime_context.cpp:29] DecreaseCounter constructing_actor_cnt, current val is 308
I1013 19:41:05.642554 34324 naive_actor.cpp:25] actor 2199023255556 switch to &NaiveActor::HandlerNormal
I1013 19:41:05.642598 34324 thread.cpp:96] Thread 1048576 construct Actor kNormalForward 2199023255556
I1013 19:41:05.642649 34320 naive_actor.cpp:25] actor 1099614388265 switch to &NaiveActor::HandlerNormal
I1013 19:41:05.642654 34324 runtime_context.cpp:29] DecreaseCounter constructing_actor_cnt, current val is 307
I1013 19:41:05.642696 34320 thread.cpp:96] Thread 524337 construct Actor kTick 1099614388265
I1013 19:41:05.642779 34320 runtime_context.cpp:29] DecreaseCounter constructing_actor_cnt, current val is 306
I1013 19:41:05.643173 34320 naive_actor.cpp:25] actor 1099614388264 switch to &NaiveActor::HandlerNormal
I1013 19:41:05.643219 34320 thread.cpp:96] Thread 524337 construct Actor kDstSubsetTick 1099614388264
I1013 19:41:05.643290 34320 runtime_context.cpp:29] DecreaseCounter constructing_actor_cnt, current val is 305
I1013 19:41:05.643661 34320 naive_actor.cpp:25] actor 1099614388314 switch to &NaiveActor::HandlerNormal
I1013 19:41:05.643709 34320 thread.cpp:96] Thread 524337 construct Actor kTick 1099614388314
I1013 19:41:05.643775 34320 runtime_context.cpp:29] DecreaseCounter constructing_actor_cnt, current val is 304
I1013 19:41:05.644001 34324 naive_actor.cpp:25] actor 2199023255573 switch to &NaiveActor::HandlerNormal
I1013 19:41:05.644040 34324 thread.cpp:96] Thread 1048576 construct Actor kNormalForward 2199023255573
I1013 19:41:05.644095 34320 naive_actor.cpp:25] actor 1099614388281 switch to &NaiveActor::HandlerNormal
I1013 19:41:05.644095 34324 runtime_context.cpp:29] DecreaseCounter constructing_actor_cnt, current val is 303
I1013 19:41:05.644146 34320 thread.cpp:96] Thread 524337 construct Actor kTick 1099614388281
I1013 19:41:05.644330 34320 runtime_context.cpp:29] DecreaseCounter constructing_actor_cnt, current val is 302
I1013 19:41:05.644660 34320 naive_actor.cpp:25] actor 1099614388282 switch to &NaiveActor::HandlerNormal
I1013 19:41:05.644711 34320 thread.cpp:96] Thread 524337 construct Actor kTick 1099614388282
I1013 19:41:05.644778 34320 runtime_context.cpp:29] DecreaseCounter constructing_actor_cnt, current val is 301
I1013 19:41:05.645063 34324 naive_actor.cpp:25] actor 2199023255552 switch to &NaiveActor::HandlerNormal
I1013 19:41:05.645079 34320 naive_actor.cpp:25] actor 1099614388273 switch to &NaiveActor::HandlerNormal
I1013 19:41:05.645104 34324 thread.cpp:96] Thread 1048576 construct Actor kNormalForward 2199023255552
I1013 19:41:05.645145 34320 thread.cpp:96] Thread 524337 construct Actor kTick 1099614388273
I1013 19:41:05.645234 34324 runtime_context.cpp:29] DecreaseCounter constructing_actor_cnt, current val is 300
I1013 19:41:05.645237 34320 runtime_context.cpp:29] DecreaseCounter constructing_actor_cnt, current val is 299
I1013 19:41:05.645557 34320 naive_actor.cpp:25] actor 1099614388267 switch to &NaiveActor::HandlerNormal
I1013 19:41:05.645612 34320 thread.cpp:96] Thread 524337 construct Actor kDeviceTick 1099614388267
I1013 19:41:05.645679 34320 runtime_context.cpp:29] DecreaseCounter constructing_actor_cnt, current val is 298
I1013 19:41:05.645880 34324 naive_actor.cpp:25] actor 2199023255592 switch to &NaiveActor::HandlerNormal
I1013 19:41:05.645920 34324 thread.cpp:96] Thread 1048576 construct Actor kNormalForward 2199023255592
I1013 19:41:05.645975 34324 runtime_context.cpp:29] DecreaseCounter constructing_actor_cnt, current val is 297
I1013 19:41:05.646044 34320 naive_actor.cpp:25] actor 1099614388272 switch to &NaiveActor::HandlerNormal
I1013 19:41:05.646091 34320 thread.cpp:96] Thread 524337 construct Actor kDstSubsetTick 1099614388272
I1013 19:41:05.646162 34320 runtime_context.cpp:29] DecreaseCounter constructing_actor_cnt, current val is 296
I1013 19:41:05.646505 34320 naive_actor.cpp:25] actor 1099614388280 switch to &NaiveActor::HandlerNormal
I1013 19:41:05.646551 34320 thread.cpp:96] Thread 524337 construct Actor kDstSubsetTick 1099614388280
I1013 19:41:05.646629 34320 runtime_context.cpp:29] DecreaseCounter constructing_actor_cnt, current val is 295
I1013 19:41:05.646863 34324 naive_actor.cpp:25] actor 2199023255580 switch to &NaiveActor::HandlerNormal
I1013 19:41:05.646901 34324 thread.cpp:96] Thread 1048576 construct Actor kNormalForward 2199023255580
I1013 19:41:05.646953 34320 naive_actor.cpp:25] actor 1099614388268 switch to &NaiveActor::HandlerNormal
I1013 19:41:05.646953 34324 runtime_context.cpp:29] DecreaseCounter constructing_actor_cnt, current val is 294
I1013 19:41:05.647003 34320 thread.cpp:96] Thread 524337 construct Actor kSrcSubsetTick 1099614388268
I1013 19:41:05.647086 34320 runtime_context.cpp:29] DecreaseCounter constructing_actor_cnt, current val is 293
I1013 19:41:05.647398 34320 naive_actor.cpp:25] actor 1099614388275 switch to &NaiveActor::HandlerNormal
I1013 19:41:05.647445 34320 thread.cpp:96] Thread 524337 construct Actor kTick 1099614388275
I1013 19:41:05.647512 34320 runtime_context.cpp:29] DecreaseCounter constructing_actor_cnt, current val is 292
I1013 19:41:05.647704 34324 naive_actor.cpp:25] actor 2199023255569 switch to &NaiveActor::HandlerNormal
I1013 19:41:05.647740 34324 thread.cpp:96] Thread 1048576 construct Actor kNormalForward 2199023255569
I1013 19:41:05.647795 34324 runtime_context.cpp:29] DecreaseCounter constructing_actor_cnt, current val is 291
I1013 19:41:05.647840 34320 naive_actor.cpp:25] actor 1099614388274 switch to &NaiveActor::HandlerNormal
I1013 19:41:05.647884 34320 thread.cpp:96] Thread 524337 construct Actor kTick 1099614388274
I1013 19:41:05.647951 34320 runtime_context.cpp:29] DecreaseCounter constructing_actor_cnt, current val is 290
I1013 19:41:05.648028 34324 naive_actor.cpp:25] actor 2199023255561 switch to &NaiveActor::HandlerNormal
I1013 19:41:05.648061 34324 thread.cpp:96] Thread 1048576 construct Actor kNormalForward 2199023255561
I1013 19:41:05.648144 34324 runtime_context.cpp:29] DecreaseCounter constructing_actor_cnt, current val is 289
I1013 19:41:05.648277 34320 naive_actor.cpp:25] actor 1099614388279 switch to &NaiveActor::HandlerNormal
I1013 19:41:05.648324 34320 thread.cpp:96] Thread 524337 construct Actor kTick 1099614388279
I1013 19:41:05.648391 34320 runtime_context.cpp:29] DecreaseCounter constructing_actor_cnt, current val is 288
I1013 19:41:05.648694 34320 naive_actor.cpp:25] actor 1099614388271 switch to &NaiveActor::HandlerNormal
I1013 19:41:05.648758 34320 thread.cpp:96] Thread 524337 construct Actor kTick 1099614388271
I1013 19:41:05.648821 34320 runtime_context.cpp:29] DecreaseCounter constructing_actor_cnt, current val is 287
I1013 19:41:05.649070 34324 naive_actor.cpp:25] actor 2199023255566 switch to &NaiveActor::HandlerNormal
I1013 19:41:05.649106 34324 thread.cpp:96] Thread 1048576 construct Actor kNormalForward 2199023255566
I1013 19:41:05.649132 34320 naive_actor.cpp:25] actor 1099614388277 switch to &NaiveActor::HandlerNormal
I1013 19:41:05.649156 34324 runtime_context.cpp:29] DecreaseCounter constructing_actor_cnt, current val is 286
I1013 19:41:05.649163 34320 thread.cpp:96] Thread 524337 construct Actor kSrcSubsetTick 1099614388277
I1013 19:41:05.649253 34320 runtime_context.cpp:29] DecreaseCounter constructing_actor_cnt, current val is 285
I1013 19:41:05.649578 34320 naive_actor.cpp:25] actor 1099614388286 switch to &NaiveActor::HandlerNormal
I1013 19:41:05.649624 34320 thread.cpp:96] Thread 524337 construct Actor kTick 1099614388286
I1013 19:41:05.649680 34324 naive_actor.cpp:25] actor 2199023255579 switch to &NaiveActor::HandlerNormal
I1013 19:41:05.649688 34320 runtime_context.cpp:29] DecreaseCounter constructing_actor_cnt, current val is 284
I1013 19:41:05.649717 34324 thread.cpp:96] Thread 1048576 construct Actor kNormalForward 2199023255579
I1013 19:41:05.649793 34324 runtime_context.cpp:29] DecreaseCounter constructing_actor_cnt, current val is 283
I1013 19:41:05.650050 34320 naive_actor.cpp:25] actor 1099614388297 switch to &NaiveActor::HandlerNormal
I1013 19:41:05.650095 34320 thread.cpp:96] Thread 524337 construct Actor kTick 1099614388297
I1013 19:41:05.650159 34320 runtime_context.cpp:29] DecreaseCounter constructing_actor_cnt, current val is 282
I1013 19:41:05.650466 34320 naive_actor.cpp:25] actor 1099614388296 switch to &NaiveActor::HandlerNormal
I1013 19:41:05.650527 34320 thread.cpp:96] Thread 524337 construct Actor kTick 1099614388296
I1013 19:41:05.650606 34320 runtime_context.cpp:29] DecreaseCounter constructing_actor_cnt, current val is 281
I1013 19:41:05.650702 34324 naive_actor.cpp:25] actor 2199023255594 switch to &NaiveActor::HandlerNormal
I1013 19:41:05.650739 34324 thread.cpp:96] Thread 1048576 construct Actor kNormalForward 2199023255594
I1013 19:41:05.650790 34324 runtime_context.cpp:29] DecreaseCounter constructing_actor_cnt, current val is 280
I1013 19:41:05.650981 34320 reentrant_lock_actor.cpp:76] actor 1099614388283 switch to &ReentrantLockActor::HandlerNormal
I1013 19:41:05.651026 34320 thread.cpp:96] Thread 524337 construct Actor kReentrantLock 1099614388283
I1013 19:41:05.651103 34320 runtime_context.cpp:29] DecreaseCounter constructing_actor_cnt, current val is 279
I1013 19:41:05.651381 34320 naive_actor.cpp:25] actor 1099614388288 switch to &NaiveActor::HandlerNormal
I1013 19:41:05.651425 34320 thread.cpp:96] Thread 524337 construct Actor kTick 1099614388288
I1013 19:41:05.651439 34324 naive_actor.cpp:25] actor 2199023255554 switch to &NaiveActor::HandlerNormal
I1013 19:41:05.651485 34324 thread.cpp:96] Thread 1048576 construct Actor kNormalForward 2199023255554
I1013 19:41:05.651491 34320 runtime_context.cpp:29] DecreaseCounter constructing_actor_cnt, current val is 278
I1013 19:41:05.651546 34324 runtime_context.cpp:29] DecreaseCounter constructing_actor_cnt, current val is 277
I1013 19:41:05.651808 34320 naive_actor.cpp:25] actor 1099614388295 switch to &NaiveActor::HandlerNormal
I1013 19:41:05.651855 34320 thread.cpp:96] Thread 524337 construct Actor kTick 1099614388295
I1013 19:41:05.652025 34320 runtime_context.cpp:29] DecreaseCounter constructing_actor_cnt, current val is 276
I1013 19:41:05.652173 34324 naive_actor.cpp:25] actor 2199023255574 switch to &NaiveActor::HandlerNormal
I1013 19:41:05.652209 34324 thread.cpp:96] Thread 1048576 construct Actor kNormalForward 2199023255574
I1013 19:41:05.652263 34324 runtime_context.cpp:29] DecreaseCounter constructing_actor_cnt, current val is 275
I1013 19:41:05.652338 34320 naive_actor.cpp:25] actor 1099614388291 switch to &NaiveActor::HandlerNormal
I1013 19:41:05.652381 34320 thread.cpp:96] Thread 524337 construct Actor kTick 1099614388291
I1013 19:41:05.652442 34320 runtime_context.cpp:29] DecreaseCounter constructing_actor_cnt, current val is 274
