Log file created at: 2021/10/14 10:14:00
Running on machine: oneflow-14
Log line format: [IWEF]mmdd hh:mm:ss.uuuuuu threadid file:line] msg
I1014 10:14:00.623296 32591 global.h:36] NewGlobal 14cudaDeviceProp
I1014 10:14:00.624337 32591 global.h:36] NewGlobal N7oneflow7EnvDescE
I1014 10:14:00.624357 32591 global.h:36] NewGlobal N7oneflow10ProcessCtxE
I1014 10:14:00.624367 32591 env_global_objects_scope.cpp:152] using rpc backend: local
I1014 10:14:00.624382 32591 global.h:36] NewGlobal N7oneflow12ResourceDescE
I1014 10:14:00.624392 32591 global.h:36] NewGlobal N7oneflow12ResourceDescE
I1014 10:14:00.679992 32591 global.h:36] NewGlobal N7oneflow10ThreadPoolE
I1014 10:14:00.681300 32591 global.h:36] NewGlobal N7oneflow16EagerNcclCommMgrE
I1014 10:14:00.681318 32591 global.h:36] NewGlobal N7oneflow18CudnnConvAlgoCacheE
I1014 10:14:00.681326 32591 global.h:36] NewGlobal N7oneflow2vm19VirtualMachineScopeE
I1014 10:14:00.681335 32591 global.h:36] NewGlobal N7oneflow9OneflowVME
I1014 10:14:00.682220 32591 oneflow_vm.cpp:75] transport stream type: N7oneflow2vm13CpuStreamTypeE
I1014 10:14:00.682240 32591 oneflow_vm.cpp:75] transport stream type: N7oneflow2vm14CudaStreamTypeE
I1014 10:14:00.682247 32591 oneflow_vm.cpp:75] transport stream type: N7oneflow2vm19AsyncCudaStreamTypeE
I1014 10:14:00.682399 32591 global.h:36] NewGlobal N7oneflow27EagerJobBuildAndInferCtxMgrE
I1014 10:14:00.682415 32591 global.h:36] NewGlobal N7oneflow12EpollCommNetE
I1014 10:14:00.682557 32591 epoll_comm_network.cpp:63] CommNet:Epoll listening on 0.0.0.0:40442
I1014 10:14:00.682605 32591 epoll_comm_network.cpp:197] machine 0 sockfd -1
I1014 10:14:00.682731 32591 global.h:36] NewGlobal N7oneflow9TransportE
I1014 10:14:00.684370 32591 global.h:43] DeleteGlobal N7oneflow12ResourceDescE
I1014 10:14:00.684403 32591 version.cpp:22] OneFlow git version: b295ca2324
I1014 10:14:00.684423 32591 device_register_gpu.cpp:56] CUDA runtime version: 11.2
I1014 10:14:00.684453 32591 device_register_gpu.cpp:65] cuDNN version: 8.1.1
I1014 10:14:00.684465 32591 device_register_gpu.cpp:78] NCCL version: 2.9.8
I1014 10:14:00.684474 32591 global.h:36] NewGlobal N7oneflow12ResourceDescE
I1014 10:14:00.684484 32591 global.h:36] NewGlobal N7oneflow5IDMgrE
I1014 10:14:00.684492 32591 global.h:36] NewGlobal N7oneflow16AvailableMemDescE
I1014 10:14:00.684520 32591 global.h:36] NewGlobal St13unordered_mapISslSt4hashISsESt8equal_toISsESaISt4pairIKSslEEE
I1014 10:14:00.684528 32591 global.h:36] NewGlobal N7oneflow19CriticalSectionDescE
I1014 10:14:00.684536 32591 global.h:36] NewGlobal N7oneflow16InterUserJobInfoE
I1014 10:14:00.684545 32591 global.h:36] NewGlobal N7oneflow26LazyJobBuildAndInferCtxMgrE
I1014 10:14:00.684553 32591 global.h:36] NewGlobal N7oneflow16JobSetCompileCtxE
I1014 10:14:00.684562 32591 global.h:36] NewGlobal N7oneflow26RuntimeBufferManagersScopeE
I1014 10:14:00.684614 32591 global.h:36] NewGlobal N7oneflow9BufferMgrIlEE
I1014 10:14:00.684623 32591 global.h:36] NewGlobal N7oneflow9BufferMgrISt10shared_ptrINS_11JobInstanceEEEE
I1014 10:14:00.684631 32591 global.h:36] NewGlobal N7oneflow10RuntimeCtxE
I1014 10:14:00.684638 32591 global.h:36] NewGlobal N7oneflow15MemoryAllocatorE
I1014 10:14:00.684645 32591 global.h:36] NewGlobal N7oneflow8ChunkMgrE
I1014 10:14:00.684653 32591 global.h:36] NewGlobal N7oneflow8RegstMgrE
I1014 10:14:00.684660 32591 global.h:36] NewGlobal N7oneflow11ActorMsgBusE
I1014 10:14:00.684669 32591 global.h:36] NewGlobal N7oneflow9ThreadMgrE
I1014 10:14:00.684675 32591 global.h:36] NewGlobal N7oneflow15RuntimeJobDescsE
I1014 10:14:00.684682 32591 global.h:36] NewGlobal N7oneflow7summary12EventsWriterE
I1014 10:14:00.684693 32591 global.h:36] NewGlobal N7oneflow6boxing10collective24CollectiveBoxingExecutorE
I1014 10:14:00.684701 32591 global.h:36] NewGlobal N7oneflow6boxing10collective31CollectiveBoxingDeviceCtxPollerE
I1014 10:14:00.684856 32591 session.h:77] NewGlobal N7oneflow25SessionGlobalObjectsScopeE
I1014 10:14:00.685653 32591 global.h:36] NewGlobal N7oneflow7JobDescE
I1014 10:14:01.158886 32591 global.h:43] DeleteGlobal N7oneflow7JobDescE
I1014 10:14:01.159122 32591 global.h:36] NewGlobal N7oneflow7JobDescE
I1014 10:14:01.162590 32591 global.h:36] NewGlobal N7oneflow7OpGraphE
I1014 10:14:01.167162 32591 global.h:43] DeleteGlobal N7oneflow7OpGraphE
I1014 10:14:01.346035 32591 global.h:43] DeleteGlobal N7oneflow7JobDescE
I1014 10:14:01.363777 32591 global.h:36] NewGlobal N7oneflow24InterJobReuseMemStrategyE
I1014 10:14:01.363803 32591 global.h:36] NewGlobal N7oneflow7OneflowE
I1014 10:14:01.376166 32591 global.h:36] NewGlobal N7oneflow7JobDescE
I1014 10:14:01.603807 32591 global.h:36] NewGlobal N7oneflow7OpGraphE
I1014 10:14:01.684693 32591 global.h:43] DeleteGlobal N7oneflow7OpGraphE
I1014 10:14:01.695617 32591 oneflow.cpp:210] 
job_id: 0 , job_name: train_job , compile time: 0.319404 seconds.
I1014 10:14:01.750355 32591 global.h:43] DeleteGlobal N7oneflow7JobDescE
I1014 10:14:01.750661 32591 global.h:36] NewGlobal N7oneflow7JobDescE
I1014 10:14:01.796794 32591 global.h:36] NewGlobal N7oneflow7OpGraphE
I1014 10:14:01.813836 32591 global.h:43] DeleteGlobal N7oneflow7OpGraphE
I1014 10:14:01.818876 32591 oneflow.cpp:210] 
job_id: 1 , job_name: System-ModelInit , compile time: 0.0679846 seconds.
I1014 10:14:01.830627 32591 global.h:43] DeleteGlobal N7oneflow7JobDescE
I1014 10:14:01.830654 32591 global.h:36] NewGlobal N7oneflow7JobDescE
I1014 10:14:01.874783 32591 global.h:36] NewGlobal N7oneflow7OpGraphE
I1014 10:14:01.892225 32591 global.h:43] DeleteGlobal N7oneflow7OpGraphE
I1014 10:14:01.897166 32591 oneflow.cpp:210] 
job_id: 2 , job_name: System-ModelLoad , compile time: 0.0664932 seconds.
I1014 10:14:01.908744 32591 global.h:43] DeleteGlobal N7oneflow7JobDescE
I1014 10:14:01.908771 32591 global.h:36] NewGlobal N7oneflow7JobDescE
I1014 10:14:01.952647 32591 global.h:36] NewGlobal N7oneflow7OpGraphE
I1014 10:14:01.969417 32591 global.h:43] DeleteGlobal N7oneflow7OpGraphE
I1014 10:14:01.974133 32591 oneflow.cpp:210] 
job_id: 3 , job_name: System-ModelSave , compile time: 0.0653437 seconds.
I1014 10:14:01.985975 32591 global.h:43] DeleteGlobal N7oneflow7JobDescE
I1014 10:14:01.986002 32591 global.h:36] NewGlobal N7oneflow7JobDescE
I1014 10:14:01.994205 32591 global.h:36] NewGlobal N7oneflow7OpGraphE
I1014 10:14:01.997872 32591 global.h:43] DeleteGlobal N7oneflow7OpGraphE
I1014 10:14:01.999450 32591 oneflow.cpp:210] 
job_id: 4 , job_name: System-Pull-Return_27 , compile time: 0.0134305 seconds.
I1014 10:14:02.002995 32591 global.h:43] DeleteGlobal N7oneflow7JobDescE
I1014 10:14:02.007166 32591 global.h:36] NewGlobal N7oneflow7JobDescE
I1014 10:14:02.007200 32591 global.h:36] NewGlobal N7oneflow7OpGraphE
I1014 10:14:02.012514 32591 global.h:43] DeleteGlobal N7oneflow7OpGraphE
I1014 10:14:02.015501 32591 oneflow.cpp:210] 
job_id: 5 , job_name: MainJob-unamed , compile time: 0.00831053 seconds.
I1014 10:14:02.022436 32591 global.h:43] DeleteGlobal N7oneflow7JobDescE
I1014 10:14:02.025012 32591 plan_util.cpp:928]  Plan: merged_plan needs to allocate [ 374.837 MiB ] device memory in Rank: 0 , Device: 0
I1014 10:14:02.132719 32591 oneflow.cpp:998]  PushPlan merged_plan time: 0.010762 seconds.
I1014 10:14:02.162820 32591 oneflow.cpp:1014]  PullPlan merged_plan time: 0.0261289 seconds.
I1014 10:14:04.099386 32591 runtime_context.cpp:21] NewCounter constructing_actor_cnt 409
I1014 10:14:04.100374 33145 naive_actor.cpp:25] actor 2199023255720 switch to &NaiveActor::HandlerNormal
I1014 10:14:04.100822 33145 thread.cpp:96] Thread 1048576 construct Actor kDeviceTick 2199023255720
I1014 10:14:04.100793 33139 wait_and_send_ids_actor.cpp:53] actor 1099616485376 switch to &WaitAndSendIdsActor::HandlerWaitToStart
I1014 10:14:04.100994 33145 runtime_context.cpp:29] DecreaseCounter constructing_actor_cnt, current val is 408
I1014 10:14:04.100989 33139 thread.cpp:96] Thread 524338 construct Actor kWaitAndSendIds 1099616485376
I1014 10:14:04.100463 33138 naive_actor.cpp:25] actor 1099614388226 switch to &NaiveActor::HandlerNormal
I1014 10:14:04.101099 33139 runtime_context.cpp:29] DecreaseCounter constructing_actor_cnt, current val is 407
I1014 10:14:04.101092 33138 thread.cpp:96] Thread 524337 construct Actor kDeviceTick 1099614388226
I1014 10:14:04.101238 33145 naive_actor.cpp:25] actor 2199023255759 switch to &NaiveActor::HandlerNormal
I1014 10:14:04.101287 33145 thread.cpp:96] Thread 1048576 construct Actor kDeviceTick 2199023255759
I1014 10:14:04.101287 33138 runtime_context.cpp:29] DecreaseCounter constructing_actor_cnt, current val is 406
I1014 10:14:04.101346 33145 runtime_context.cpp:29] DecreaseCounter constructing_actor_cnt, current val is 405
I1014 10:14:04.101625 33145 naive_actor.cpp:25] actor 2199023255798 switch to &NaiveActor::HandlerNormal
I1014 10:14:04.101711 33145 thread.cpp:96] Thread 1048576 construct Actor kDeviceTick 2199023255798
I1014 10:14:04.101720 33138 naive_actor.cpp:25] actor 1099614388233 switch to &NaiveActor::HandlerNormal
I1014 10:14:04.101795 33138 thread.cpp:96] Thread 524337 construct Actor kDeviceTick 1099614388233
I1014 10:14:04.101802 33145 runtime_context.cpp:29] DecreaseCounter constructing_actor_cnt, current val is 404
I1014 10:14:04.101855 33138 runtime_context.cpp:29] DecreaseCounter constructing_actor_cnt, current val is 403
I1014 10:14:04.102046 33145 naive_actor.cpp:25] actor 2199023255837 switch to &NaiveActor::HandlerNormal
I1014 10:14:04.102105 33145 thread.cpp:96] Thread 1048576 construct Actor kDeviceTick 2199023255837
I1014 10:14:04.102128 33138 naive_actor.cpp:25] actor 1099614388243 switch to &NaiveActor::HandlerNormal
I1014 10:14:04.102159 33145 runtime_context.cpp:29] DecreaseCounter constructing_actor_cnt, current val is 402
I1014 10:14:04.102162 33138 thread.cpp:96] Thread 524337 construct Actor kDeviceTick 1099614388243
I1014 10:14:04.102239 33138 runtime_context.cpp:29] DecreaseCounter constructing_actor_cnt, current val is 401
I1014 10:14:04.102501 33138 naive_actor.cpp:25] actor 1099614388252 switch to &NaiveActor::HandlerNormal
I1014 10:14:04.102536 33138 thread.cpp:96] Thread 524337 construct Actor kDeviceTick 1099614388252
I1014 10:14:04.102598 33138 runtime_context.cpp:29] DecreaseCounter constructing_actor_cnt, current val is 400
I1014 10:14:04.102836 33138 naive_actor.cpp:25] actor 1099614388261 switch to &NaiveActor::HandlerNormal
I1014 10:14:04.102870 33138 thread.cpp:96] Thread 524337 construct Actor kDeviceTick 1099614388261
I1014 10:14:04.102921 33138 runtime_context.cpp:29] DecreaseCounter constructing_actor_cnt, current val is 399
I1014 10:14:04.103145 33138 naive_actor.cpp:25] actor 1099614388269 switch to &NaiveActor::HandlerNormal
I1014 10:14:04.103179 33138 thread.cpp:96] Thread 524337 construct Actor kDeviceTick 1099614388269
I1014 10:14:04.103228 33138 runtime_context.cpp:29] DecreaseCounter constructing_actor_cnt, current val is 398
I1014 10:14:04.103457 33138 naive_actor.cpp:25] actor 1099614388276 switch to &NaiveActor::HandlerNormal
I1014 10:14:04.103492 33138 thread.cpp:96] Thread 524337 construct Actor kDeviceTick 1099614388276
I1014 10:14:04.103543 33138 runtime_context.cpp:29] DecreaseCounter constructing_actor_cnt, current val is 397
I1014 10:14:04.110911 33123 naive_actor.cpp:25] actor 1099526307840 switch to &NaiveActor::HandlerNormal
I1014 10:14:04.111009 33121 naive_actor.cpp:25] actor 1099522113536 switch to &NaiveActor::HandlerNormal
I1014 10:14:04.111021 33123 thread.cpp:96] Thread 524295 construct Actor kNormalForward 1099526307840
I1014 10:14:04.111075 33138 naive_actor.cpp:25] actor 1099614388239 switch to &NaiveActor::HandlerNormal
I1014 10:14:04.111304 33123 runtime_context.cpp:29] DecreaseCounter constructing_actor_cnt, current val is 396
I1014 10:14:04.111162 33137 naive_actor.cpp:25] actor 1099555667968 switch to &NaiveActor::HandlerNormal
I1014 10:14:04.111481 33127 naive_actor.cpp:25] actor 1099534696448 switch to &NaiveActor::HandlerNormal
I1014 10:14:04.111250 33128 naive_actor.cpp:25] actor 1099536793600 switch to &NaiveActor::HandlerNormal
I1014 10:14:04.111133 33121 thread.cpp:96] Thread 524293 construct Actor kNormalForward 1099522113536
I1014 10:14:04.111675 33132 naive_actor.cpp:25] actor 1099545182208 switch to &NaiveActor::HandlerNormal
I1014 10:14:04.111722 33126 naive_actor.cpp:25] actor 1099532599296 switch to &NaiveActor::HandlerNormal
I1014 10:14:04.111992 33133 naive_actor.cpp:25] actor 1099547279360 switch to &NaiveActor::HandlerNormal
I1014 10:14:04.111407 33131 naive_actor.cpp:25] actor 1099543085056 switch to &NaiveActor::HandlerNormal
I1014 10:14:04.112188 33131 thread.cpp:96] Thread 524303 construct Actor kNormalForward 1099543085056
I1014 10:14:04.111181 33134 naive_actor.cpp:25] actor 1099549376512 switch to &NaiveActor::HandlerNormal
I1014 10:14:04.112375 33134 thread.cpp:96] Thread 524306 construct Actor kNormalForward 1099549376512
I1014 10:14:04.111553 33127 thread.cpp:96] Thread 524299 construct Actor kForeignInput 1099534696448
I1014 10:14:04.112509 33120 naive_actor.cpp:25] actor 1099520016384 switch to &NaiveActor::HandlerNormal
I1014 10:14:04.111641 33128 thread.cpp:96] Thread 524300 construct Actor kNormalForward 1099536793600
I1014 10:14:04.111654 33140 sink_actor.cpp:21] actor 1099618582528 switch to &SinkActor::HandlerNormal
I1014 10:14:04.112818 33128 runtime_context.cpp:29] DecreaseCounter constructing_actor_cnt, current val is 391
I1014 10:14:04.111690 33118 naive_actor.cpp:25] actor 1099515822080 switch to &NaiveActor::HandlerNormal
I1014 10:14:04.112922 33118 thread.cpp:96] Thread 524290 construct Actor kNormalForward 1099515822080
I1014 10:14:04.111759 33121 runtime_context.cpp:29] DecreaseCounter constructing_actor_cnt, current val is 395
I1014 10:14:04.113034 33118 runtime_context.cpp:29] DecreaseCounter constructing_actor_cnt, current val is 390
I1014 10:14:04.111317 33138 thread.cpp:96] Thread 524337 construct Actor kTick 1099614388239
I1014 10:14:04.111773 33132 thread.cpp:96] Thread 524304 construct Actor kNormalForward 1099545182208
I1014 10:14:04.111774 33149 naive_actor.cpp:25] actor 2199027449856 switch to &NaiveActor::HandlerNormal
I1014 10:14:04.113309 33149 thread.cpp:96] Thread 1048578 construct Actor kCopyHd 2199027449856
I1014 10:14:04.111804 33117 naive_actor.cpp:25] actor 1099513724928 switch to &NaiveActor::HandlerNormal
I1014 10:14:04.113373 33149 runtime_context.cpp:29] DecreaseCounter constructing_actor_cnt, current val is 387
I1014 10:14:04.113384 33117 thread.cpp:96] Thread 524289 construct Actor kNormalForward 1099513724928
I1014 10:14:04.111873 33136 naive_actor.cpp:25] actor 1099553570816 switch to &NaiveActor::HandlerNormal
I1014 10:14:04.113466 33136 thread.cpp:96] Thread 524308 construct Actor kNormalForward 1099553570816
I1014 10:14:04.113478 33117 runtime_context.cpp:29] DecreaseCounter constructing_actor_cnt, current val is 386
I1014 10:14:04.111999 33126 thread.cpp:96] Thread 524298 construct Actor kNormalForward 1099532599296
I1014 10:14:04.111326 33147 naive_actor.cpp:25] actor 2199025352705 switch to &NaiveActor::HandlerNormal
I1014 10:14:04.113669 33126 runtime_context.cpp:29] DecreaseCounter constructing_actor_cnt, current val is 384
I1014 10:14:04.113696 33147 thread.cpp:96] Thread 1048577 construct Actor kCopyHd 2199025352705
I1014 10:14:04.112064 33124 naive_actor.cpp:25] actor 1099528404992 switch to &NaiveActor::HandlerNormal
I1014 10:14:04.113759 33147 runtime_context.cpp:29] DecreaseCounter constructing_actor_cnt, current val is 383
I1014 10:14:04.113771 33124 thread.cpp:96] Thread 524296 construct Actor kNormalForward 1099528404992
I1014 10:14:04.112329 33131 runtime_context.cpp:29] DecreaseCounter constructing_actor_cnt, current val is 394
I1014 10:14:04.113915 33147 naive_actor.cpp:25] actor 2199025352704 switch to &NaiveActor::HandlerNormal
I1014 10:14:04.113950 33147 thread.cpp:96] Thread 1048577 construct Actor kCopyHd 2199025352704
I1014 10:14:04.112501 33134 runtime_context.cpp:29] DecreaseCounter constructing_actor_cnt, current val is 393
I1014 10:14:04.111593 33129 naive_actor.cpp:25] actor 1099538890752 switch to &NaiveActor::HandlerNormal
I1014 10:14:04.114058 33129 thread.cpp:96] Thread 524301 construct Actor kNormalForward 1099538890752
I1014 10:14:04.112598 33127 runtime_context.cpp:29] DecreaseCounter constructing_actor_cnt, current val is 392
I1014 10:14:04.112550 33119 naive_actor.cpp:25] actor 1099517919232 switch to &NaiveActor::HandlerNormal
I1014 10:14:04.112665 33120 thread.cpp:96] Thread 524292 construct Actor kNormalForward 1099520016384
I1014 10:14:04.112833 33140 thread.cpp:96] Thread 524339 construct Actor kCallbackNotify 1099618582528
I1014 10:14:04.111279 33145 naive_actor.cpp:25] actor 2199023255563 switch to &NaiveActor::HandlerNormal
I1014 10:14:04.114508 33145 thread.cpp:96] Thread 1048576 construct Actor kNormalForward 2199023255563
I1014 10:14:04.111724 33122 naive_actor.cpp:25] actor 1099524210688 switch to &NaiveActor::HandlerNormal
I1014 10:14:04.114593 33122 thread.cpp:96] Thread 524294 construct Actor kNormalForward 1099524210688
I1014 10:14:04.113173 33138 runtime_context.cpp:29] DecreaseCounter constructing_actor_cnt, current val is 389
I1014 10:14:04.111827 33125 naive_actor.cpp:25] actor 1099530502144 switch to &NaiveActor::HandlerNormal
I1014 10:14:04.114799 33125 thread.cpp:96] Thread 524297 construct Actor kNormalForward 1099530502144
I1014 10:14:04.113512 33136 runtime_context.cpp:29] DecreaseCounter constructing_actor_cnt, current val is 385
I1014 10:14:04.112097 33133 thread.cpp:96] Thread 524305 construct Actor kForeignInput 1099547279360
I1014 10:14:04.115046 33138 naive_actor.cpp:25] actor 1099614388225 switch to &NaiveActor::HandlerNormal
I1014 10:14:04.115089 33138 thread.cpp:96] Thread 524337 construct Actor kSrcSubsetTick 1099614388225
I1014 10:14:04.115108 33133 runtime_context.cpp:29] DecreaseCounter constructing_actor_cnt, current val is 374
I1014 10:14:04.115144 33138 runtime_context.cpp:29] DecreaseCounter constructing_actor_cnt, current val is 373
I1014 10:14:04.111496 33137 thread.cpp:96] Thread 524309 construct Actor kForeignOutput 1099555667968
I1014 10:14:04.113988 33147 runtime_context.cpp:29] DecreaseCounter constructing_actor_cnt, current val is 381
I1014 10:14:04.114136 33129 runtime_context.cpp:29] DecreaseCounter constructing_actor_cnt, current val is 380
I1014 10:14:04.114291 33119 thread.cpp:96] Thread 524291 construct Actor kNormalForward 1099517919232
I1014 10:14:04.114408 33120 runtime_context.cpp:29] DecreaseCounter constructing_actor_cnt, current val is 379
I1014 10:14:04.114480 33140 runtime_context.cpp:29] DecreaseCounter constructing_actor_cnt, current val is 378
I1014 10:14:04.114595 33145 runtime_context.cpp:29] DecreaseCounter constructing_actor_cnt, current val is 377
I1014 10:14:04.113253 33132 runtime_context.cpp:29] DecreaseCounter constructing_actor_cnt, current val is 388
I1014 10:14:04.114687 33122 runtime_context.cpp:29] DecreaseCounter constructing_actor_cnt, current val is 376
I1014 10:14:04.111932 33130 naive_actor.cpp:25] actor 1099540987904 switch to &NaiveActor::HandlerNormal
I1014 10:14:04.115950 33130 thread.cpp:96] Thread 524302 construct Actor kForeignInput 1099540987904
I1014 10:14:04.111433 33135 naive_actor.cpp:25] actor 1099551473664 switch to &NaiveActor::HandlerNormal
I1014 10:14:04.116088 33135 thread.cpp:96] Thread 524307 construct Actor kNormalForward 1099551473664
I1014 10:14:04.113919 33124 runtime_context.cpp:29] DecreaseCounter constructing_actor_cnt, current val is 382
I1014 10:14:04.115294 33137 runtime_context.cpp:29] DecreaseCounter constructing_actor_cnt, current val is 372
I1014 10:14:04.115456 33147 naive_actor.cpp:25] actor 2199025352706 switch to &NaiveActor::HandlerNormal
I1014 10:14:04.116387 33147 thread.cpp:96] Thread 1048577 construct Actor kCopyHd 2199025352706
I1014 10:14:04.115602 33119 runtime_context.cpp:29] DecreaseCounter constructing_actor_cnt, current val is 371
I1014 10:14:04.116441 33147 runtime_context.cpp:29] DecreaseCounter constructing_actor_cnt, current val is 368
I1014 10:14:04.115648 33138 naive_actor.cpp:25] actor 1099614388231 switch to &NaiveActor::HandlerNormal
I1014 10:14:04.116513 33138 thread.cpp:96] Thread 524337 construct Actor kTick 1099614388231
I1014 10:14:04.115764 33116 naive_actor.cpp:25] actor 1099511627776 switch to &NaiveActor::HandlerNormal
I1014 10:14:04.116641 33147 naive_actor.cpp:25] actor 2199025352708 switch to &NaiveActor::HandlerNormal
I1014 10:14:04.116654 33116 thread.cpp:96] Thread 524288 construct Actor kNormalForward 1099511627776
I1014 10:14:04.114874 33125 runtime_context.cpp:29] DecreaseCounter constructing_actor_cnt, current val is 375
I1014 10:14:04.116616 33138 runtime_context.cpp:29] DecreaseCounter constructing_actor_cnt, current val is 367
I1014 10:14:04.116041 33130 runtime_context.cpp:29] DecreaseCounter constructing_actor_cnt, current val is 370
I1014 10:14:04.116173 33135 runtime_context.cpp:29] DecreaseCounter constructing_actor_cnt, current val is 369
I1014 10:14:04.116675 33147 thread.cpp:96] Thread 1048577 construct Actor kCopyHd 2199025352708
I1014 10:14:04.116940 33116 runtime_context.cpp:29] DecreaseCounter constructing_actor_cnt, current val is 366
I1014 10:14:04.117308 33145 naive_actor.cpp:25] actor 2199023255552 switch to &NaiveActor::HandlerNormal
I1014 10:14:04.117309 33147 runtime_context.cpp:29] DecreaseCounter constructing_actor_cnt, current val is 365
I1014 10:14:04.117341 33138 naive_actor.cpp:25] actor 1099614388234 switch to &NaiveActor::HandlerNormal
I1014 10:14:04.117389 33145 thread.cpp:96] Thread 1048576 construct Actor kNormalForward 2199023255552
I1014 10:14:04.117442 33138 thread.cpp:96] Thread 524337 construct Actor kSrcSubsetTick 1099614388234
I1014 10:14:04.117544 33138 runtime_context.cpp:29] DecreaseCounter constructing_actor_cnt, current val is 364
I1014 10:14:04.117583 33145 runtime_context.cpp:29] DecreaseCounter constructing_actor_cnt, current val is 363
I1014 10:14:04.117617 33147 naive_actor.cpp:25] actor 2199025352707 switch to &NaiveActor::HandlerNormal
I1014 10:14:04.117666 33147 thread.cpp:96] Thread 1048577 construct Actor kCopyHd 2199025352707
I1014 10:14:04.117719 33147 runtime_context.cpp:29] DecreaseCounter constructing_actor_cnt, current val is 362
I1014 10:14:04.117866 33147 naive_actor.cpp:25] actor 2199025352709 switch to &NaiveActor::HandlerNormal
I1014 10:14:04.117910 33147 thread.cpp:96] Thread 1048577 construct Actor kCopyHd 2199025352709
I1014 10:14:04.117949 33147 runtime_context.cpp:29] DecreaseCounter constructing_actor_cnt, current val is 361
I1014 10:14:04.117947 33145 naive_actor.cpp:25] actor 2199023255561 switch to &NaiveActor::HandlerNormal
I1014 10:14:04.118038 33145 thread.cpp:96] Thread 1048576 construct Actor kNormalForward 2199023255561
I1014 10:14:04.118070 33138 esac_actor.cpp:73] actor 1099614388321 switch to &EsacActor::HandlerNormal
I1014 10:14:04.118106 33138 thread.cpp:96] Thread 524337 construct Actor kEsac 1099614388321
I1014 10:14:04.118121 33145 runtime_context.cpp:29] DecreaseCounter constructing_actor_cnt, current val is 360
I1014 10:14:04.118139 33147 naive_actor.cpp:25] actor 2199025352710 switch to &NaiveActor::HandlerNormal
I1014 10:14:04.118196 33138 runtime_context.cpp:29] DecreaseCounter constructing_actor_cnt, current val is 359
I1014 10:14:04.118202 33147 thread.cpp:96] Thread 1048577 construct Actor kCopyHd 2199025352710
I1014 10:14:04.118274 33147 runtime_context.cpp:29] DecreaseCounter constructing_actor_cnt, current val is 358
I1014 10:14:04.118467 33145 naive_actor.cpp:25] actor 2199023255598 switch to &NaiveActor::HandlerNormal
I1014 10:14:04.118520 33145 thread.cpp:96] Thread 1048576 construct Actor kNormalForward 2199023255598
I1014 10:14:04.118536 33138 naive_actor.cpp:25] actor 1099614388224 switch to &NaiveActor::HandlerNormal
I1014 10:14:04.118588 33138 thread.cpp:96] Thread 524337 construct Actor kDeviceTick 1099614388224
I1014 10:14:04.118602 33145 runtime_context.cpp:29] DecreaseCounter constructing_actor_cnt, current val is 357
I1014 10:14:04.118646 33138 runtime_context.cpp:29] DecreaseCounter constructing_actor_cnt, current val is 356
I1014 10:14:04.118953 33138 naive_actor.cpp:25] actor 1099614388228 switch to &NaiveActor::HandlerNormal
I1014 10:14:04.119007 33138 thread.cpp:96] Thread 524337 construct Actor kTick 1099614388228
I1014 10:14:04.119064 33138 runtime_context.cpp:29] DecreaseCounter constructing_actor_cnt, current val is 355
I1014 10:14:04.119372 33138 naive_actor.cpp:25] actor 1099614388236 switch to &NaiveActor::HandlerNormal
I1014 10:14:04.119424 33138 thread.cpp:96] Thread 524337 construct Actor kTick 1099614388236
I1014 10:14:04.119529 33138 runtime_context.cpp:29] DecreaseCounter constructing_actor_cnt, current val is 354
I1014 10:14:04.119616 33145 naive_actor.cpp:25] actor 2199023255558 switch to &NaiveActor::HandlerNormal
I1014 10:14:04.119678 33145 thread.cpp:96] Thread 1048576 construct Actor kNormalForward 2199023255558
I1014 10:14:04.119751 33145 runtime_context.cpp:29] DecreaseCounter constructing_actor_cnt, current val is 353
I1014 10:14:04.119864 33138 naive_actor.cpp:25] actor 1099614388238 switch to &NaiveActor::HandlerNormal
I1014 10:14:04.119916 33138 thread.cpp:96] Thread 524337 construct Actor kTick 1099614388238
I1014 10:14:04.119976 33138 runtime_context.cpp:29] DecreaseCounter constructing_actor_cnt, current val is 352
I1014 10:14:04.120270 33138 naive_actor.cpp:25] actor 1099614388230 switch to &NaiveActor::HandlerNormal
I1014 10:14:04.120323 33138 thread.cpp:96] Thread 524337 construct Actor kTick 1099614388230
I1014 10:14:04.120383 33138 runtime_context.cpp:29] DecreaseCounter constructing_actor_cnt, current val is 351
I1014 10:14:04.120605 33145 naive_actor.cpp:25] actor 2199023255640 switch to &NaiveActor::HandlerNormal
I1014 10:14:04.120664 33145 thread.cpp:96] Thread 1048576 construct Actor kNormalForward 2199023255640
I1014 10:14:04.120716 33138 naive_actor.cpp:25] actor 1099614388232 switch to &NaiveActor::HandlerNormal
I1014 10:14:04.120735 33145 runtime_context.cpp:29] DecreaseCounter constructing_actor_cnt, current val is 350
I1014 10:14:04.120756 33138 thread.cpp:96] Thread 524337 construct Actor kTick 1099614388232
I1014 10:14:04.120844 33138 runtime_context.cpp:29] DecreaseCounter constructing_actor_cnt, current val is 349
I1014 10:14:04.121215 33138 naive_actor.cpp:25] actor 1099614388229 switch to &NaiveActor::HandlerNormal
I1014 10:14:04.121268 33138 thread.cpp:96] Thread 524337 construct Actor kDstSubsetTick 1099614388229
I1014 10:14:04.121330 33138 runtime_context.cpp:29] DecreaseCounter constructing_actor_cnt, current val is 348
I1014 10:14:04.121663 33138 naive_actor.cpp:25] actor 1099614388237 switch to &NaiveActor::HandlerNormal
I1014 10:14:04.121708 33145 naive_actor.cpp:25] actor 2199023255578 switch to &NaiveActor::HandlerNormal
I1014 10:14:04.121714 33138 thread.cpp:96] Thread 524337 construct Actor kDstSubsetTick 1099614388237
I1014 10:14:04.121750 33145 thread.cpp:96] Thread 1048576 construct Actor kNormalForward 2199023255578
I1014 10:14:04.121817 33138 runtime_context.cpp:29] DecreaseCounter constructing_actor_cnt, current val is 347
I1014 10:14:04.121842 33145 runtime_context.cpp:29] DecreaseCounter constructing_actor_cnt, current val is 346
I1014 10:14:04.122112 33138 naive_actor.cpp:25] actor 1099614388240 switch to &NaiveActor::HandlerNormal
I1014 10:14:04.122143 33145 naive_actor.cpp:25] actor 2199023255575 switch to &NaiveActor::HandlerNormal
I1014 10:14:04.122164 33138 thread.cpp:96] Thread 524337 construct Actor kTick 1099614388240
I1014 10:14:04.122195 33145 thread.cpp:96] Thread 1048576 construct Actor kNormalForward 2199023255575
I1014 10:14:04.122254 33138 runtime_context.cpp:29] DecreaseCounter constructing_actor_cnt, current val is 345
I1014 10:14:04.122274 33145 runtime_context.cpp:29] DecreaseCounter constructing_actor_cnt, current val is 344
I1014 10:14:04.122555 33138 naive_actor.cpp:25] actor 1099614388320 switch to &NaiveActor::HandlerNormal
I1014 10:14:04.122587 33145 naive_actor.cpp:25] actor 2199023255577 switch to &NaiveActor::HandlerNormal
I1014 10:14:04.122622 33138 thread.cpp:96] Thread 524337 construct Actor kTick 1099614388320
I1014 10:14:04.122650 33145 thread.cpp:96] Thread 1048576 construct Actor kNormalForward 2199023255577
I1014 10:14:04.122707 33138 runtime_context.cpp:29] DecreaseCounter constructing_actor_cnt, current val is 343
I1014 10:14:04.122727 33145 runtime_context.cpp:29] DecreaseCounter constructing_actor_cnt, current val is 342
I1014 10:14:04.123014 33138 naive_actor.cpp:25] actor 1099614388241 switch to &NaiveActor::HandlerNormal
I1014 10:14:04.123066 33138 thread.cpp:96] Thread 524337 construct Actor kDeviceTick 1099614388241
I1014 10:14:04.123260 33138 runtime_context.cpp:29] DecreaseCounter constructing_actor_cnt, current val is 341
I1014 10:14:04.123585 33145 naive_actor.cpp:25] actor 2199023255559 switch to &NaiveActor::HandlerNormal
I1014 10:14:04.123598 33138 naive_actor.cpp:25] actor 1099614388242 switch to &NaiveActor::HandlerNormal
I1014 10:14:04.123647 33145 thread.cpp:96] Thread 1048576 construct Actor kNormalForward 2199023255559
I1014 10:14:04.123672 33138 thread.cpp:96] Thread 524337 construct Actor kSrcSubsetTick 1099614388242
I1014 10:14:04.123746 33145 runtime_context.cpp:29] DecreaseCounter constructing_actor_cnt, current val is 340
I1014 10:14:04.123754 33138 runtime_context.cpp:29] DecreaseCounter constructing_actor_cnt, current val is 339
I1014 10:14:04.124063 33138 naive_actor.cpp:25] actor 1099614388245 switch to &NaiveActor::HandlerNormal
I1014 10:14:04.124116 33138 thread.cpp:96] Thread 524337 construct Actor kTick 1099614388245
I1014 10:14:04.124174 33138 runtime_context.cpp:29] DecreaseCounter constructing_actor_cnt, current val is 338
I1014 10:14:04.124493 33138 naive_actor.cpp:25] actor 1099614388248 switch to &NaiveActor::HandlerNormal
I1014 10:14:04.124545 33138 thread.cpp:96] Thread 524337 construct Actor kTick 1099614388248
I1014 10:14:04.124611 33145 naive_actor.cpp:25] actor 2199023255576 switch to &NaiveActor::HandlerNormal
I1014 10:14:04.124614 33138 runtime_context.cpp:29] DecreaseCounter constructing_actor_cnt, current val is 337
I1014 10:14:04.124658 33145 thread.cpp:96] Thread 1048576 construct Actor kNormalForward 2199023255576
I1014 10:14:04.124747 33145 runtime_context.cpp:29] DecreaseCounter constructing_actor_cnt, current val is 336
I1014 10:14:04.125015 33138 naive_actor.cpp:25] actor 1099614388246 switch to &NaiveActor::HandlerNormal
I1014 10:14:04.125077 33138 thread.cpp:96] Thread 524337 construct Actor kDstSubsetTick 1099614388246
I1014 10:14:04.125094 33145 naive_actor.cpp:25] actor 2199023255557 switch to &NaiveActor::HandlerNormal
I1014 10:14:04.125135 33145 thread.cpp:96] Thread 1048576 construct Actor kNormalForward 2199023255557
I1014 10:14:04.125150 33138 runtime_context.cpp:29] DecreaseCounter constructing_actor_cnt, current val is 335
I1014 10:14:04.125191 33145 runtime_context.cpp:29] DecreaseCounter constructing_actor_cnt, current val is 334
I1014 10:14:04.125460 33138 naive_actor.cpp:25] actor 1099614388247 switch to &NaiveActor::HandlerNormal
I1014 10:14:04.125511 33138 thread.cpp:96] Thread 524337 construct Actor kTick 1099614388247
I1014 10:14:04.125591 33138 runtime_context.cpp:29] DecreaseCounter constructing_actor_cnt, current val is 333
I1014 10:14:04.125905 33138 naive_actor.cpp:25] actor 1099614388249 switch to &NaiveActor::HandlerNormal
I1014 10:14:04.125957 33138 thread.cpp:96] Thread 524337 construct Actor kTick 1099614388249
I1014 10:14:04.126015 33138 runtime_context.cpp:29] DecreaseCounter constructing_actor_cnt, current val is 332
I1014 10:14:04.126025 33145 naive_actor.cpp:25] actor 2199023255560 switch to &NaiveActor::HandlerNormal
I1014 10:14:04.126072 33145 thread.cpp:96] Thread 1048576 construct Actor kNormalForward 2199023255560
I1014 10:14:04.126156 33145 runtime_context.cpp:29] DecreaseCounter constructing_actor_cnt, current val is 331
I1014 10:14:04.126456 33145 naive_actor.cpp:25] actor 2199023255568 switch to &NaiveActor::HandlerNormal
I1014 10:14:04.126505 33145 thread.cpp:96] Thread 1048576 construct Actor kNormalForward 2199023255568
I1014 10:14:04.126560 33138 esac_actor.cpp:73] actor 1099614388313 switch to &EsacActor::HandlerNormal
I1014 10:14:04.126564 33145 runtime_context.cpp:29] DecreaseCounter constructing_actor_cnt, current val is 330
I1014 10:14:04.126618 33138 thread.cpp:96] Thread 524337 construct Actor kEsac 1099614388313
I1014 10:14:04.126734 33138 runtime_context.cpp:29] DecreaseCounter constructing_actor_cnt, current val is 329
I1014 10:14:04.127032 33138 naive_actor.cpp:25] actor 1099614388254 switch to &NaiveActor::HandlerNormal
I1014 10:14:04.127080 33138 thread.cpp:96] Thread 524337 construct Actor kTick 1099614388254
I1014 10:14:04.127185 33138 runtime_context.cpp:29] DecreaseCounter constructing_actor_cnt, current val is 328
I1014 10:14:04.127404 33145 naive_actor.cpp:25] actor 2199023255583 switch to &NaiveActor::HandlerNormal
I1014 10:14:04.127463 33145 thread.cpp:96] Thread 1048576 construct Actor kNormalForward 2199023255583
I1014 10:14:04.127501 33138 naive_actor.cpp:25] actor 1099614388250 switch to &NaiveActor::HandlerNormal
I1014 10:14:04.127532 33138 thread.cpp:96] Thread 524337 construct Actor kDeviceTick 1099614388250
I1014 10:14:04.127539 33145 runtime_context.cpp:29] DecreaseCounter constructing_actor_cnt, current val is 327
I1014 10:14:04.127600 33138 runtime_context.cpp:29] DecreaseCounter constructing_actor_cnt, current val is 326
I1014 10:14:04.127890 33138 naive_actor.cpp:25] actor 1099614388251 switch to &NaiveActor::HandlerNormal
I1014 10:14:04.127940 33138 thread.cpp:96] Thread 524337 construct Actor kSrcSubsetTick 1099614388251
I1014 10:14:04.127995 33138 runtime_context.cpp:29] DecreaseCounter constructing_actor_cnt, current val is 325
I1014 10:14:04.128260 33138 naive_actor.cpp:25] actor 1099614388256 switch to &NaiveActor::HandlerNormal
I1014 10:14:04.128309 33138 thread.cpp:96] Thread 524337 construct Actor kTick 1099614388256
I1014 10:14:04.128362 33138 runtime_context.cpp:29] DecreaseCounter constructing_actor_cnt, current val is 324
I1014 10:14:04.128407 33145 naive_actor.cpp:25] actor 2199023255581 switch to &NaiveActor::HandlerNormal
I1014 10:14:04.128454 33145 thread.cpp:96] Thread 1048576 construct Actor kNormalForward 2199023255581
I1014 10:14:04.128520 33145 runtime_context.cpp:29] DecreaseCounter constructing_actor_cnt, current val is 323
I1014 10:14:04.128742 33138 naive_actor.cpp:25] actor 1099614388255 switch to &NaiveActor::HandlerNormal
I1014 10:14:04.128790 33138 thread.cpp:96] Thread 524337 construct Actor kDstSubsetTick 1099614388255
I1014 10:14:04.128835 33145 naive_actor.cpp:25] actor 2199023255589 switch to &NaiveActor::HandlerNormal
I1014 10:14:04.128849 33138 runtime_context.cpp:29] DecreaseCounter constructing_actor_cnt, current val is 322
I1014 10:14:04.128872 33145 thread.cpp:96] Thread 1048576 construct Actor kNormalForward 2199023255589
I1014 10:14:04.128947 33145 runtime_context.cpp:29] DecreaseCounter constructing_actor_cnt, current val is 321
I1014 10:14:04.129166 33138 naive_actor.cpp:25] actor 1099614388257 switch to &NaiveActor::HandlerNormal
I1014 10:14:04.129215 33138 thread.cpp:96] Thread 524337 construct Actor kTick 1099614388257
I1014 10:14:04.129278 33138 runtime_context.cpp:29] DecreaseCounter constructing_actor_cnt, current val is 320
I1014 10:14:04.129550 33138 naive_actor.cpp:25] actor 1099614388258 switch to &NaiveActor::HandlerNormal
I1014 10:14:04.129611 33138 thread.cpp:96] Thread 524337 construct Actor kTick 1099614388258
I1014 10:14:04.129673 33138 runtime_context.cpp:29] DecreaseCounter constructing_actor_cnt, current val is 319
I1014 10:14:04.129804 33145 naive_actor.cpp:25] actor 2199023255623 switch to &NaiveActor::HandlerNormal
I1014 10:14:04.129854 33145 thread.cpp:96] Thread 1048576 construct Actor kNormalForward 2199023255623
I1014 10:14:04.129931 33145 runtime_context.cpp:29] DecreaseCounter constructing_actor_cnt, current val is 318
I1014 10:14:04.129971 33138 naive_actor.cpp:25] actor 1099614388265 switch to &NaiveActor::HandlerNormal
I1014 10:14:04.130017 33138 thread.cpp:96] Thread 524337 construct Actor kTick 1099614388265
I1014 10:14:04.130079 33138 runtime_context.cpp:29] DecreaseCounter constructing_actor_cnt, current val is 317
I1014 10:14:04.130357 33138 naive_actor.cpp:25] actor 1099614388306 switch to &NaiveActor::HandlerNormal
I1014 10:14:04.130404 33138 thread.cpp:96] Thread 524337 construct Actor kTick 1099614388306
I1014 10:14:04.130466 33138 runtime_context.cpp:29] DecreaseCounter constructing_actor_cnt, current val is 316
I1014 10:14:04.130694 33145 naive_actor.cpp:25] actor 2199023255586 switch to &NaiveActor::HandlerNormal
I1014 10:14:04.130745 33145 thread.cpp:96] Thread 1048576 construct Actor kNormalForward 2199023255586
I1014 10:14:04.130776 33138 naive_actor.cpp:25] actor 1099614388259 switch to &NaiveActor::HandlerNormal
I1014 10:14:04.130905 33138 thread.cpp:96] Thread 524337 construct Actor kDeviceTick 1099614388259
I1014 10:14:04.130925 33145 runtime_context.cpp:29] DecreaseCounter constructing_actor_cnt, current val is 315
I1014 10:14:04.130959 33138 runtime_context.cpp:29] DecreaseCounter constructing_actor_cnt, current val is 314
I1014 10:14:04.131237 33138 naive_actor.cpp:25] actor 1099614388263 switch to &NaiveActor::HandlerNormal
I1014 10:14:04.131286 33138 thread.cpp:96] Thread 524337 construct Actor kTick 1099614388263
I1014 10:14:04.131340 33138 runtime_context.cpp:29] DecreaseCounter constructing_actor_cnt, current val is 313
I1014 10:14:04.131628 33138 naive_actor.cpp:25] actor 1099614388260 switch to &NaiveActor::HandlerNormal
I1014 10:14:04.131713 33138 thread.cpp:96] Thread 524337 construct Actor kSrcSubsetTick 1099614388260
I1014 10:14:04.131767 33138 runtime_context.cpp:29] DecreaseCounter constructing_actor_cnt, current val is 312
I1014 10:14:04.132100 33138 naive_actor.cpp:25] actor 1099614388264 switch to &NaiveActor::HandlerNormal
I1014 10:14:04.132160 33138 thread.cpp:96] Thread 524337 construct Actor kDstSubsetTick 1099614388264
I1014 10:14:04.132220 33138 runtime_context.cpp:29] DecreaseCounter constructing_actor_cnt, current val is 311
I1014 10:14:04.132472 33145 naive_actor.cpp:25] actor 2199023255566 switch to &NaiveActor::HandlerNormal
I1014 10:14:04.132494 33138 naive_actor.cpp:25] actor 1099614388266 switch to &NaiveActor::HandlerNormal
I1014 10:14:04.132534 33145 thread.cpp:96] Thread 1048576 construct Actor kNormalForward 2199023255566
I1014 10:14:04.132558 33138 thread.cpp:96] Thread 524337 construct Actor kTick 1099614388266
I1014 10:14:04.132638 33145 runtime_context.cpp:29] DecreaseCounter constructing_actor_cnt, current val is 310
I1014 10:14:04.132642 33138 runtime_context.cpp:29] DecreaseCounter constructing_actor_cnt, current val is 309
I1014 10:14:04.132968 33138 naive_actor.cpp:25] actor 1099614388272 switch to &NaiveActor::HandlerNormal
I1014 10:14:04.133018 33138 thread.cpp:96] Thread 524337 construct Actor kDstSubsetTick 1099614388272
I1014 10:14:04.133074 33138 runtime_context.cpp:29] DecreaseCounter constructing_actor_cnt, current val is 308
I1014 10:14:04.133350 33138 naive_actor.cpp:25] actor 1099614388315 switch to &NaiveActor::HandlerNormal
I1014 10:14:04.133352 33145 naive_actor.cpp:25] actor 2199023255593 switch to &NaiveActor::HandlerNormal
I1014 10:14:04.133401 33138 thread.cpp:96] Thread 524337 construct Actor kTick 1099614388315
I1014 10:14:04.133428 33145 thread.cpp:96] Thread 1048576 construct Actor kNormalForward 2199023255593
I1014 10:14:04.133484 33138 runtime_context.cpp:29] DecreaseCounter constructing_actor_cnt, current val is 307
I1014 10:14:04.133505 33145 runtime_context.cpp:29] DecreaseCounter constructing_actor_cnt, current val is 306
I1014 10:14:04.133781 33138 naive_actor.cpp:25] actor 1099614388282 switch to &NaiveActor::HandlerNormal
I1014 10:14:04.133831 33138 thread.cpp:96] Thread 524337 construct Actor kTick 1099614388282
I1014 10:14:04.133885 33138 runtime_context.cpp:29] DecreaseCounter constructing_actor_cnt, current val is 305
I1014 10:14:04.134168 33138 naive_actor.cpp:25] actor 1099614388268 switch to &NaiveActor::HandlerNormal
I1014 10:14:04.134217 33138 thread.cpp:96] Thread 524337 construct Actor kSrcSubsetTick 1099614388268
I1014 10:14:04.134271 33138 runtime_context.cpp:29] DecreaseCounter constructing_actor_cnt, current val is 304
I1014 10:14:04.134358 33145 naive_actor.cpp:25] actor 2199023255569 switch to &NaiveActor::HandlerNormal
I1014 10:14:04.134428 33145 thread.cpp:96] Thread 1048576 construct Actor kNormalForward 2199023255569
I1014 10:14:04.134495 33145 runtime_context.cpp:29] DecreaseCounter constructing_actor_cnt, current val is 303
I1014 10:14:04.134593 33138 naive_actor.cpp:25] actor 1099614388281 switch to &NaiveActor::HandlerNormal
I1014 10:14:04.134640 33138 thread.cpp:96] Thread 524337 construct Actor kTick 1099614388281
I1014 10:14:04.134744 33138 runtime_context.cpp:29] DecreaseCounter constructing_actor_cnt, current val is 302
I1014 10:14:04.134840 33145 naive_actor.cpp:25] actor 2199023255584 switch to &NaiveActor::HandlerNormal
I1014 10:14:04.134894 33145 thread.cpp:96] Thread 1048576 construct Actor kNormalForward 2199023255584
I1014 10:14:04.134965 33145 runtime_context.cpp:29] DecreaseCounter constructing_actor_cnt, current val is 301
I1014 10:14:04.135064 33138 naive_actor.cpp:25] actor 1099614388273 switch to &NaiveActor::HandlerNormal
I1014 10:14:04.135113 33138 thread.cpp:96] Thread 524337 construct Actor kTick 1099614388273
I1014 10:14:04.135166 33138 runtime_context.cpp:29] DecreaseCounter constructing_actor_cnt, current val is 300
I1014 10:14:04.135448 33138 naive_actor.cpp:25] actor 1099614388267 switch to &NaiveActor::HandlerNormal
I1014 10:14:04.135499 33138 thread.cpp:96] Thread 524337 construct Actor kDeviceTick 1099614388267
I1014 10:14:04.135560 33138 runtime_context.cpp:29] DecreaseCounter constructing_actor_cnt, current val is 299
I1014 10:14:04.135746 33145 naive_actor.cpp:25] actor 2199023255617 switch to &NaiveActor::HandlerNormal
I1014 10:14:04.135795 33145 thread.cpp:96] Thread 1048576 construct Actor kNormalForward 2199023255617
I1014 10:14:04.135855 33145 runtime_context.cpp:29] DecreaseCounter constructing_actor_cnt, current val is 298
I1014 10:14:04.135855 33138 naive_actor.cpp:25] actor 1099614388274 switch to &NaiveActor::HandlerNormal
I1014 10:14:04.135915 33138 thread.cpp:96] Thread 524337 construct Actor kTick 1099614388274
I1014 10:14:04.135979 33138 runtime_context.cpp:29] DecreaseCounter constructing_actor_cnt, current val is 297
I1014 10:14:04.136271 33138 naive_actor.cpp:25] actor 1099614388275 switch to &NaiveActor::HandlerNormal
I1014 10:14:04.136320 33138 thread.cpp:96] Thread 524337 construct Actor kTick 1099614388275
I1014 10:14:04.136384 33138 runtime_context.cpp:29] DecreaseCounter constructing_actor_cnt, current val is 296
I1014 10:14:04.136699 33138 naive_actor.cpp:25] actor 1099614388277 switch to &NaiveActor::HandlerNormal
I1014 10:14:04.136729 33145 naive_actor.cpp:25] actor 2199023255626 switch to &NaiveActor::HandlerNormal
I1014 10:14:04.136745 33138 thread.cpp:96] Thread 524337 construct Actor kSrcSubsetTick 1099614388277
I1014 10:14:04.136776 33145 thread.cpp:96] Thread 1048576 construct Actor kNormalForward 2199023255626
I1014 10:14:04.136829 33138 runtime_context.cpp:29] DecreaseCounter constructing_actor_cnt, current val is 295
I1014 10:14:04.136859 33145 runtime_context.cpp:29] DecreaseCounter constructing_actor_cnt, current val is 294
I1014 10:14:04.137097 33138 naive_actor.cpp:25] actor 1099614388316 switch to &NaiveActor::HandlerNormal
I1014 10:14:04.137145 33138 thread.cpp:96] Thread 524337 construct Actor kTick 1099614388316
I1014 10:14:04.137204 33138 runtime_context.cpp:29] DecreaseCounter constructing_actor_cnt, current val is 293
I1014 10:14:04.137454 33138 naive_actor.cpp:25] actor 1099614388279 switch to &NaiveActor::HandlerNormal
I1014 10:14:04.137501 33138 thread.cpp:96] Thread 524337 construct Actor kTick 1099614388279
I1014 10:14:04.137550 33138 runtime_context.cpp:29] DecreaseCounter constructing_actor_cnt, current val is 292
I1014 10:14:04.137627 33145 naive_actor.cpp:25] actor 2199023255659 switch to &NaiveActor::HandlerNormal
I1014 10:14:04.137676 33145 thread.cpp:96] Thread 1048576 construct Actor kNormalForward 2199023255659
I1014 10:14:04.137740 33145 runtime_context.cpp:29] DecreaseCounter constructing_actor_cnt, current val is 291
I1014 10:14:04.137838 33138 naive_actor.cpp:25] actor 1099614388271 switch to &NaiveActor::HandlerNormal
I1014 10:14:04.137882 33138 thread.cpp:96] Thread 524337 construct Actor kTick 1099614388271
I1014 10:14:04.137940 33138 runtime_context.cpp:29] DecreaseCounter constructing_actor_cnt, current val is 290
I1014 10:14:04.138047 33145 naive_actor.cpp:25] actor 2199023255553 switch to &NaiveActor::HandlerNormal
I1014 10:14:04.138094 33145 thread.cpp:96] Thread 1048576 construct Actor kNormalForward 2199023255553
I1014 10:14:04.138249 33145 runtime_context.cpp:29] DecreaseCounter constructing_actor_cnt, current val is 289
I1014 10:14:04.138265 33138 naive_actor.cpp:25] actor 1099614388280 switch to &NaiveActor::HandlerNormal
I1014 10:14:04.138331 33138 thread.cpp:96] Thread 524337 construct Actor kDstSubsetTick 1099614388280
I1014 10:14:04.138396 33138 runtime_context.cpp:29] DecreaseCounter constructing_actor_cnt, current val is 288
I1014 10:14:04.138669 33138 naive_actor.cpp:25] actor 1099614388290 switch to &NaiveActor::HandlerNormal
I1014 10:14:04.138716 33138 thread.cpp:96] Thread 524337 construct Actor kTick 1099614388290
I1014 10:14:04.138767 33138 runtime_context.cpp:29] DecreaseCounter constructing_actor_cnt, current val is 287
I1014 10:14:04.139029 33138 naive_actor.cpp:25] actor 1099614388286 switch to &NaiveActor::HandlerNormal
I1014 10:14:04.139060 33138 thread.cpp:96] Thread 524337 construct Actor kTick 1099614388286
I1014 10:14:04.139106 33138 runtime_context.cpp:29] DecreaseCounter constructing_actor_cnt, current val is 286
I1014 10:14:04.139343 33138 naive_actor.cpp:25] actor 1099614388285 switch to &NaiveActor::HandlerNormal
I1014 10:14:04.139374 33138 thread.cpp:96] Thread 524337 construct Actor kTick 1099614388285
I1014 10:14:04.139376 33145 naive_actor.cpp:25] actor 2199023255594 switch to &NaiveActor::HandlerNormal
I1014 10:14:04.139437 33145 thread.cpp:96] Thread 1048576 construct Actor kNormalForward 2199023255594
I1014 10:14:04.139441 33138 runtime_context.cpp:29] DecreaseCounter constructing_actor_cnt, current val is 285
I1014 10:14:04.139500 33145 runtime_context.cpp:29] DecreaseCounter constructing_actor_cnt, current val is 284
I1014 10:14:04.139732 33138 naive_actor.cpp:25] actor 1099614388288 switch to &NaiveActor::HandlerNormal
I1014 10:14:04.139780 33138 thread.cpp:96] Thread 524337 construct Actor kTick 1099614388288
I1014 10:14:04.139830 33138 runtime_context.cpp:29] DecreaseCounter constructing_actor_cnt, current val is 283
I1014 10:14:04.140097 33138 naive_actor.cpp:25] actor 1099614388299 switch to &NaiveActor::HandlerNormal
I1014 10:14:04.140142 33138 thread.cpp:96] Thread 524337 construct Actor kTick 1099614388299
I1014 10:14:04.140192 33138 runtime_context.cpp:29] DecreaseCounter constructing_actor_cnt, current val is 282
I1014 10:14:04.140341 33145 naive_actor.cpp:25] actor 2199023255556 switch to &NaiveActor::HandlerNormal
I1014 10:14:04.140389 33145 thread.cpp:96] Thread 1048576 construct Actor kNormalForward 2199023255556
I1014 10:14:04.140460 33145 runtime_context.cpp:29] DecreaseCounter constructing_actor_cnt, current val is 281
I1014 10:14:04.140463 33138 naive_actor.cpp:25] actor 1099614388291 switch to &NaiveActor::HandlerNormal
I1014 10:14:04.140527 33138 thread.cpp:96] Thread 524337 construct Actor kTick 1099614388291
I1014 10:14:04.140588 33138 runtime_context.cpp:29] DecreaseCounter constructing_actor_cnt, current val is 280
I1014 10:14:04.140853 33138 naive_actor.cpp:25] actor 1099614388293 switch to &NaiveActor::HandlerNormal
I1014 10:14:04.140899 33138 thread.cpp:96] Thread 524337 construct Actor kTick 1099614388293
I1014 10:14:04.140949 33138 runtime_context.cpp:29] DecreaseCounter constructing_actor_cnt, current val is 279
I1014 10:14:04.141211 33138 naive_actor.cpp:25] actor 1099614388292 switch to &NaiveActor::HandlerNormal
I1014 10:14:04.141255 33138 thread.cpp:96] Thread 524337 construct Actor kTick 1099614388292
I1014 10:14:04.141292 33145 naive_actor.cpp:25] actor 2199023255567 switch to &NaiveActor::HandlerNormal
I1014 10:14:04.141304 33138 runtime_context.cpp:29] DecreaseCounter constructing_actor_cnt, current val is 278
I1014 10:14:04.141330 33145 thread.cpp:96] Thread 1048576 construct Actor kNormalForward 2199023255567
I1014 10:14:04.141407 33145 runtime_context.cpp:29] DecreaseCounter constructing_actor_cnt, current val is 277
I1014 10:14:04.141610 33138 naive_actor.cpp:25] actor 1099614388295 switch to &NaiveActor::HandlerNormal
I1014 10:14:04.141655 33138 thread.cpp:96] Thread 524337 construct Actor kTick 1099614388295
I1014 10:14:04.141753 33138 runtime_context.cpp:29] DecreaseCounter constructing_actor_cnt, current val is 276
I1014 10:14:04.142025 33138 naive_actor.cpp:25] actor 1099614388287 switch to &NaiveActor::HandlerNormal
I1014 10:14:04.142081 33145 naive_actor.cpp:25] actor 2199023255572 switch to &NaiveActor::HandlerNormal
I1014 10:14:04.142112 33138 thread.cpp:96] Thread 524337 construct Actor kTick 1099614388287
I1014 10:14:04.142138 33145 thread.cpp:96] Thread 1048576 construct Actor kNormalForward 2199023255572
I1014 10:14:04.142189 33138 runtime_context.cpp:29] DecreaseCounter constructing_actor_cnt, current val is 275
I1014 10:14:04.142208 33145 runtime_context.cpp:29] DecreaseCounter constructing_actor_cnt, current val is 274
I1014 10:14:04.142455 33138 naive_actor.cpp:25] actor 1099614388296 switch to &NaiveActor::HandlerNormal
