I1014 11:28:42.488212  1262 naive_actor.cpp:25] actor 1099614388240 switch to &NaiveActor::HandlerNormal
I1014 11:28:42.488277  1262 thread.cpp:96] Thread 524337 construct Actor kTick 1099614388240
I1014 11:28:42.488400  1262 runtime_context.cpp:29] DecreaseCounter constructing_actor_cnt, current val is 693
I1014 11:28:42.488950  1262 naive_actor.cpp:25] actor 1099614388231 switch to &NaiveActor::HandlerNormal
I1014 11:28:42.489019  1262 thread.cpp:96] Thread 524337 construct Actor kDeviceTick 1099614388231
I1014 11:28:42.489112  1262 runtime_context.cpp:29] DecreaseCounter constructing_actor_cnt, current val is 692
I1014 11:28:42.489145  1266 naive_actor.cpp:25] actor 2199023255633 switch to &NaiveActor::HandlerNormal
I1014 11:28:42.489212  1266 thread.cpp:96] Thread 1048576 construct Actor kNormalForward 2199023255633
I1014 11:28:42.489326  1266 runtime_context.cpp:29] DecreaseCounter constructing_actor_cnt, current val is 691
I1014 11:28:42.489724  1262 naive_actor.cpp:25] actor 1099614388233 switch to &NaiveActor::HandlerNormal
I1014 11:28:42.489796  1262 thread.cpp:96] Thread 524337 construct Actor kSrcSubsetTick 1099614388233
I1014 11:28:42.489871  1262 runtime_context.cpp:29] DecreaseCounter constructing_actor_cnt, current val is 690
I1014 11:28:42.490296  1275 naive_actor.cpp:25] actor 2207613190162 switch to &NaiveActor::HandlerNormal
I1014 11:28:42.490368  1275 thread.cpp:96] Thread 1052672 construct Actor kNormalForward 2207613190162
I1014 11:28:42.490469  1275 runtime_context.cpp:29] DecreaseCounter constructing_actor_cnt, current val is 689
I1014 11:28:42.490691  1262 naive_actor.cpp:25] actor 1099614388239 switch to &NaiveActor::HandlerNormal
I1014 11:28:42.490759  1262 thread.cpp:96] Thread 524337 construct Actor kDstSubsetTick 1099614388239
I1014 11:28:42.490883  1262 runtime_context.cpp:29] DecreaseCounter constructing_actor_cnt, current val is 688
I1014 11:28:42.491408  1266 naive_actor.cpp:25] actor 2199023255657 switch to &NaiveActor::HandlerNormal
I1014 11:28:42.491485  1266 thread.cpp:96] Thread 1048576 construct Actor kNormalForward 2199023255657
I1014 11:28:42.491561  1262 naive_actor.cpp:25] actor 1099614388225 switch to &NaiveActor::HandlerNormal
I1014 11:28:42.491621  1266 runtime_context.cpp:29] DecreaseCounter constructing_actor_cnt, current val is 687
I1014 11:28:42.491627  1262 thread.cpp:96] Thread 524337 construct Actor kDeviceTick 1099614388225
I1014 11:28:42.491750  1262 runtime_context.cpp:29] DecreaseCounter constructing_actor_cnt, current val is 686
I1014 11:28:42.492048  1275 naive_actor.cpp:25] actor 2207613190164 switch to &NaiveActor::HandlerNormal
I1014 11:28:42.492125  1275 thread.cpp:96] Thread 1052672 construct Actor kNormalForward 2207613190164
I1014 11:28:42.492230  1275 runtime_context.cpp:29] DecreaseCounter constructing_actor_cnt, current val is 685
I1014 11:28:42.492283  1262 naive_actor.cpp:25] actor 1099614388241 switch to &NaiveActor::HandlerNormal
I1014 11:28:42.492345  1262 thread.cpp:96] Thread 524337 construct Actor kTick 1099614388241
I1014 11:28:42.492420  1262 runtime_context.cpp:29] DecreaseCounter constructing_actor_cnt, current val is 684
I1014 11:28:42.492957  1262 naive_actor.cpp:25] actor 1099614388226 switch to &NaiveActor::HandlerNormal
I1014 11:28:42.493034  1262 thread.cpp:96] Thread 524337 construct Actor kDeviceTick 1099614388226
I1014 11:28:42.493163  1262 runtime_context.cpp:29] DecreaseCounter constructing_actor_cnt, current val is 683
I1014 11:28:42.493772  1262 naive_actor.cpp:25] actor 1099614388242 switch to &NaiveActor::HandlerNormal
I1014 11:28:42.493847  1262 thread.cpp:96] Thread 524337 construct Actor kTick 1099614388242
I1014 11:28:42.493925  1262 runtime_context.cpp:29] DecreaseCounter constructing_actor_cnt, current val is 682
I1014 11:28:42.494079  1266 naive_actor.cpp:25] actor 2199023255554 switch to &NaiveActor::HandlerNormal
I1014 11:28:42.494141  1266 thread.cpp:96] Thread 1048576 construct Actor kNormalForward 2199023255554
I1014 11:28:42.494228  1266 runtime_context.cpp:29] DecreaseCounter constructing_actor_cnt, current val is 681
I1014 11:28:42.494311  1275 naive_actor.cpp:25] actor 2207613190188 switch to &NaiveActor::HandlerNormal
I1014 11:28:42.494366  1275 thread.cpp:96] Thread 1052672 construct Actor kNormalForward 2207613190188
I1014 11:28:42.494448  1275 runtime_context.cpp:29] DecreaseCounter constructing_actor_cnt, current val is 680
I1014 11:28:42.494527  1262 naive_actor.cpp:25] actor 1099614388238 switch to &NaiveActor::HandlerNormal
I1014 11:28:42.494627  1262 thread.cpp:96] Thread 524337 construct Actor kTick 1099614388238
I1014 11:28:42.494722  1262 runtime_context.cpp:29] DecreaseCounter constructing_actor_cnt, current val is 679
I1014 11:28:42.495499  1262 naive_actor.cpp:25] actor 1099614388333 switch to &NaiveActor::HandlerNormal
I1014 11:28:42.495589  1262 thread.cpp:96] Thread 524337 construct Actor kTick 1099614388333
I1014 11:28:42.495664  1262 runtime_context.cpp:29] DecreaseCounter constructing_actor_cnt, current val is 678
I1014 11:28:42.496124  1275 naive_actor.cpp:25] actor 2207613190167 switch to &NaiveActor::HandlerNormal
I1014 11:28:42.496191  1275 thread.cpp:96] Thread 1052672 construct Actor kNormalForward 2207613190167
I1014 11:28:42.496206  1266 naive_actor.cpp:25] actor 2199023255629 switch to &NaiveActor::HandlerNormal
I1014 11:28:42.496289  1275 runtime_context.cpp:29] DecreaseCounter constructing_actor_cnt, current val is 677
I1014 11:28:42.496261  1262 naive_actor.cpp:25] actor 1099614388252 switch to &NaiveActor::HandlerNormal
I1014 11:28:42.496295  1266 thread.cpp:96] Thread 1048576 construct Actor kNormalForward 2199023255629
I1014 11:28:42.496387  1262 thread.cpp:96] Thread 524337 construct Actor kTick 1099614388252
I1014 11:28:42.496526  1262 runtime_context.cpp:29] DecreaseCounter constructing_actor_cnt, current val is 675
I1014 11:28:42.496526  1266 runtime_context.cpp:29] DecreaseCounter constructing_actor_cnt, current val is 676
I1014 11:28:42.496906  1262 naive_actor.cpp:25] actor 1099614388254 switch to &NaiveActor::HandlerNormal
I1014 11:28:42.496961  1262 thread.cpp:96] Thread 524337 construct Actor kSrcSubsetTick 1099614388254
I1014 11:28:42.497036  1262 runtime_context.cpp:29] DecreaseCounter constructing_actor_cnt, current val is 674
I1014 11:28:42.497524  1262 naive_actor.cpp:25] actor 1099614388257 switch to &NaiveActor::HandlerNormal
I1014 11:28:42.497587  1262 thread.cpp:96] Thread 524337 construct Actor kTick 1099614388257
I1014 11:28:42.497648  1262 runtime_context.cpp:29] DecreaseCounter constructing_actor_cnt, current val is 673
I1014 11:28:42.498193  1275 naive_actor.cpp:25] actor 2207613190153 switch to &NaiveActor::HandlerNormal
I1014 11:28:42.498234  1262 naive_actor.cpp:25] actor 1099614388258 switch to &NaiveActor::HandlerNormal
I1014 11:28:42.498268  1266 naive_actor.cpp:25] actor 2199023255568 switch to &NaiveActor::HandlerNormal
I1014 11:28:42.498261  1275 thread.cpp:96] Thread 1052672 construct Actor kNormalForward 2207613190153
I1014 11:28:42.498289  1262 thread.cpp:96] Thread 524337 construct Actor kDstSubsetTick 1099614388258
I1014 11:28:42.498342  1266 thread.cpp:96] Thread 1048576 construct Actor kNormalForward 2199023255568
I1014 11:28:42.498446  1275 runtime_context.cpp:29] DecreaseCounter constructing_actor_cnt, current val is 672
I1014 11:28:42.498486  1266 runtime_context.cpp:29] DecreaseCounter constructing_actor_cnt, current val is 670
I1014 11:28:42.498450  1262 runtime_context.cpp:29] DecreaseCounter constructing_actor_cnt, current val is 671
I1014 11:28:42.499080  1275 naive_actor.cpp:25] actor 2207613190145 switch to &NaiveActor::HandlerNormal
I1014 11:28:42.499084  1262 naive_actor.cpp:25] actor 1099614388259 switch to &NaiveActor::HandlerNormal
I1014 11:28:42.499159  1275 thread.cpp:96] Thread 1052672 construct Actor kNormalForward 2207613190145
I1014 11:28:42.499198  1262 thread.cpp:96] Thread 524337 construct Actor kTick 1099614388259
I1014 11:28:42.499266  1275 runtime_context.cpp:29] DecreaseCounter constructing_actor_cnt, current val is 669
I1014 11:28:42.499286  1262 runtime_context.cpp:29] DecreaseCounter constructing_actor_cnt, current val is 668
I1014 11:28:42.499657  1262 naive_actor.cpp:25] actor 1099614388253 switch to &NaiveActor::HandlerNormal
I1014 11:28:42.499711  1262 thread.cpp:96] Thread 524337 construct Actor kDeviceTick 1099614388253
I1014 11:28:42.499756  1262 runtime_context.cpp:29] DecreaseCounter constructing_actor_cnt, current val is 667
I1014 11:28:42.500069  1266 naive_actor.cpp:25] actor 2199023255563 switch to &NaiveActor::HandlerNormal
I1014 11:28:42.500140  1266 thread.cpp:96] Thread 1048576 construct Actor kNormalForward 2199023255563
I1014 11:28:42.500200  1262 naive_actor.cpp:25] actor 1099614388307 switch to &NaiveActor::HandlerNormal
I1014 11:28:42.500242  1262 thread.cpp:96] Thread 524337 construct Actor kTick 1099614388307
I1014 11:28:42.500259  1266 runtime_context.cpp:29] DecreaseCounter constructing_actor_cnt, current val is 666
I1014 11:28:42.500274  1262 runtime_context.cpp:29] DecreaseCounter constructing_actor_cnt, current val is 665
I1014 11:28:42.500293  1178 naive_actor.cpp:25] actor 1099517919232 switch to &NaiveActor::HandlerNormal
I1014 11:28:42.500384  1178 thread.cpp:96] Thread 524291 construct Actor kNormalForward 1099517919232
I1014 11:28:42.500489  1178 runtime_context.cpp:29] DecreaseCounter constructing_actor_cnt, current val is 664
I1014 11:28:42.500771  1262 naive_actor.cpp:25] actor 1099614388260 switch to &NaiveActor::HandlerNormal
I1014 11:28:42.500823  1262 thread.cpp:96] Thread 524337 construct Actor kTick 1099614388260
I1014 11:28:42.500870  1262 runtime_context.cpp:29] DecreaseCounter constructing_actor_cnt, current val is 663
I1014 11:28:42.501152  1178 naive_actor.cpp:25] actor 1099517919233 switch to &NaiveActor::HandlerNormal
I1014 11:28:42.501220  1178 thread.cpp:96] Thread 524291 construct Actor kNormalForward 1099517919233
I1014 11:28:42.501297  1178 runtime_context.cpp:29] DecreaseCounter constructing_actor_cnt, current val is 662
I1014 11:28:42.501456  1262 naive_actor.cpp:25] actor 1099614388267 switch to &NaiveActor::HandlerNormal
I1014 11:28:42.501505  1262 thread.cpp:96] Thread 524337 construct Actor kDstSubsetTick 1099614388267
I1014 11:28:42.501561  1262 runtime_context.cpp:29] DecreaseCounter constructing_actor_cnt, current val is 661
I1014 11:28:42.501617  1177 naive_actor.cpp:25] actor 1099515822080 switch to &NaiveActor::HandlerNormal
I1014 11:28:42.501654  1177 thread.cpp:96] Thread 524290 construct Actor kNormalForward 1099515822080
I1014 11:28:42.501745  1177 runtime_context.cpp:29] DecreaseCounter constructing_actor_cnt, current val is 660
I1014 11:28:42.501755  1266 naive_actor.cpp:25] actor 2199023255556 switch to &NaiveActor::HandlerNormal
I1014 11:28:42.501839  1266 thread.cpp:96] Thread 1048576 construct Actor kNormalForward 2199023255556
I1014 11:28:42.501926  1266 runtime_context.cpp:29] DecreaseCounter constructing_actor_cnt, current val is 659
I1014 11:28:42.502050  1262 naive_actor.cpp:25] actor 1099614388261 switch to &NaiveActor::HandlerNormal
I1014 11:28:42.502099  1262 thread.cpp:96] Thread 524337 construct Actor kTick 1099614388261
I1014 11:28:42.502132  1262 runtime_context.cpp:29] DecreaseCounter constructing_actor_cnt, current val is 658
I1014 11:28:42.502372  1177 naive_actor.cpp:25] actor 1099515822081 switch to &NaiveActor::HandlerNormal
I1014 11:28:42.502440  1177 thread.cpp:96] Thread 524290 construct Actor kNormalForward 1099515822081
I1014 11:28:42.502442  1275 naive_actor.cpp:25] actor 2207613190180 switch to &NaiveActor::HandlerNormal
I1014 11:28:42.502529  1262 naive_actor.cpp:25] actor 1099614388269 switch to &NaiveActor::HandlerNormal
I1014 11:28:42.502610  1177 runtime_context.cpp:29] DecreaseCounter constructing_actor_cnt, current val is 657
I1014 11:28:42.502633  1275 thread.cpp:96] Thread 1052672 construct Actor kNormalForward 2207613190180
I1014 11:28:42.502668  1262 thread.cpp:96] Thread 524337 construct Actor kTick 1099614388269
I1014 11:28:42.502802  1262 runtime_context.cpp:29] DecreaseCounter constructing_actor_cnt, current val is 656
I1014 11:28:42.502813  1275 runtime_context.cpp:29] DecreaseCounter constructing_actor_cnt, current val is 655
I1014 11:28:42.503130  1175 naive_actor.cpp:25] actor 1099511627776 switch to &NaiveActor::HandlerNormal
I1014 11:28:42.503190  1175 thread.cpp:96] Thread 524288 construct Actor kNormalForward 1099511627776
I1014 11:28:42.503276  1175 runtime_context.cpp:29] DecreaseCounter constructing_actor_cnt, current val is 654
I1014 11:28:42.503320  1262 naive_actor.cpp:25] actor 1099614388262 switch to &NaiveActor::HandlerNormal
I1014 11:28:42.503361  1262 thread.cpp:96] Thread 524337 construct Actor kDeviceTick 1099614388262
I1014 11:28:42.503413  1262 runtime_context.cpp:29] DecreaseCounter constructing_actor_cnt, current val is 653
I1014 11:28:42.503526  1266 naive_actor.cpp:25] actor 2199023255586 switch to &NaiveActor::HandlerNormal
I1014 11:28:42.503598  1266 thread.cpp:96] Thread 1048576 construct Actor kNormalForward 2199023255586
I1014 11:28:42.503700  1266 runtime_context.cpp:29] DecreaseCounter constructing_actor_cnt, current val is 652
I1014 11:28:42.503898  1262 naive_actor.cpp:25] actor 1099614388263 switch to &NaiveActor::HandlerNormal
I1014 11:28:42.503947  1262 thread.cpp:96] Thread 524337 construct Actor kSrcSubsetTick 1099614388263
I1014 11:28:42.503990  1262 runtime_context.cpp:29] DecreaseCounter constructing_actor_cnt, current val is 651
I1014 11:28:42.504091  1175 naive_actor.cpp:25] actor 1099511627777 switch to &NaiveActor::HandlerNormal
I1014 11:28:42.504148  1175 thread.cpp:96] Thread 524288 construct Actor kNormalForward 1099511627777
I1014 11:28:42.504230  1175 runtime_context.cpp:29] DecreaseCounter constructing_actor_cnt, current val is 650
I1014 11:28:42.504310  1182 naive_actor.cpp:25] actor 1099526307840 switch to &NaiveActor::HandlerNormal
I1014 11:28:42.504354  1182 thread.cpp:96] Thread 524295 construct Actor kNormalForward 1099526307840
I1014 11:28:42.504356  1262 naive_actor.cpp:25] actor 1099614388266 switch to &NaiveActor::HandlerNormal
I1014 11:28:42.504369  1275 naive_actor.cpp:25] actor 2207613190204 switch to &NaiveActor::HandlerNormal
I1014 11:28:42.504418  1262 thread.cpp:96] Thread 524337 construct Actor kTick 1099614388266
I1014 11:28:42.504456  1182 runtime_context.cpp:29] DecreaseCounter constructing_actor_cnt, current val is 649
I1014 11:28:42.504472  1275 thread.cpp:96] Thread 1052672 construct Actor kNormalForward 2207613190204
I1014 11:28:42.504531  1262 runtime_context.cpp:29] DecreaseCounter constructing_actor_cnt, current val is 648
I1014 11:28:42.504624  1180 naive_actor.cpp:25] actor 1099522113536 switch to &NaiveActor::HandlerNormal
I1014 11:28:42.504657  1275 runtime_context.cpp:29] DecreaseCounter constructing_actor_cnt, current val is 647
I1014 11:28:42.504693  1180 thread.cpp:96] Thread 524293 construct Actor kNormalForward 1099522113536
I1014 11:28:42.504765  1176 naive_actor.cpp:25] actor 1099513724928 switch to &NaiveActor::HandlerNormal
I1014 11:28:42.504824  1176 thread.cpp:96] Thread 524289 construct Actor kNormalForward 1099513724928
I1014 11:28:42.504827  1180 runtime_context.cpp:29] DecreaseCounter constructing_actor_cnt, current val is 646
I1014 11:28:42.504927  1176 runtime_context.cpp:29] DecreaseCounter constructing_actor_cnt, current val is 645
I1014 11:28:42.505213  1182 naive_actor.cpp:25] actor 1099526307841 switch to &NaiveActor::HandlerNormal
I1014 11:28:42.505297  1275 naive_actor.cpp:25] actor 2207613190163 switch to &NaiveActor::HandlerNormal
I1014 11:28:42.505306  1266 naive_actor.cpp:25] actor 2199023255631 switch to &NaiveActor::HandlerNormal
I1014 11:28:42.505385  1182 thread.cpp:96] Thread 524295 construct Actor kForeignInput 1099526307841
I1014 11:28:42.505440  1275 thread.cpp:96] Thread 1052672 construct Actor kNormalForward 2207613190163
I1014 11:28:42.505486  1266 thread.cpp:96] Thread 1048576 construct Actor kNormalForward 2199023255631
I1014 11:28:42.505532  1262 esac_actor.cpp:73] actor 1099614388330 switch to &EsacActor::HandlerNormal
I1014 11:28:42.505609  1182 runtime_context.cpp:29] DecreaseCounter constructing_actor_cnt, current val is 644
I1014 11:28:42.505622  1176 naive_actor.cpp:25] actor 1099513724929 switch to &NaiveActor::HandlerNormal
I1014 11:28:42.505650  1275 runtime_context.cpp:29] DecreaseCounter constructing_actor_cnt, current val is 643
I1014 11:28:42.505681  1262 thread.cpp:96] Thread 524337 construct Actor kEsac 1099614388330
I1014 11:28:42.505698  1266 runtime_context.cpp:29] DecreaseCounter constructing_actor_cnt, current val is 642
I1014 11:28:42.505774  1176 thread.cpp:96] Thread 524289 construct Actor kNormalForward 1099513724929
I1014 11:28:42.505877  1262 runtime_context.cpp:29] DecreaseCounter constructing_actor_cnt, current val is 641
I1014 11:28:42.505934  1176 runtime_context.cpp:29] DecreaseCounter constructing_actor_cnt, current val is 640
I1014 11:28:42.505997  1181 naive_actor.cpp:25] actor 1099524210688 switch to &NaiveActor::HandlerNormal
I1014 11:28:42.506039  1181 thread.cpp:96] Thread 524294 construct Actor kNormalForward 1099524210688
I1014 11:28:42.506086  1179 naive_actor.cpp:25] actor 1099520016384 switch to &NaiveActor::HandlerNormal
I1014 11:28:42.506124  1181 runtime_context.cpp:29] DecreaseCounter constructing_actor_cnt, current val is 639
I1014 11:28:42.506137  1179 thread.cpp:96] Thread 524292 construct Actor kNormalForward 1099520016384
I1014 11:28:42.506276  1179 runtime_context.cpp:29] DecreaseCounter constructing_actor_cnt, current val is 638
I1014 11:28:42.506337  1180 naive_actor.cpp:25] actor 1099522113537 switch to &NaiveActor::HandlerNormal
I1014 11:28:42.506338  1262 naive_actor.cpp:25] actor 1099614388268 switch to &NaiveActor::HandlerNormal
I1014 11:28:42.506413  1180 thread.cpp:96] Thread 524293 construct Actor kNormalForward 1099522113537
I1014 11:28:42.506443  1262 thread.cpp:96] Thread 524337 construct Actor kTick 1099614388268
I1014 11:28:42.506558  1262 runtime_context.cpp:29] DecreaseCounter constructing_actor_cnt, current val is 636
I1014 11:28:42.506559  1180 runtime_context.cpp:29] DecreaseCounter constructing_actor_cnt, current val is 637
I1014 11:28:42.506985  1262 naive_actor.cpp:25] actor 1099614388271 switch to &NaiveActor::HandlerNormal
I1014 11:28:42.507033  1262 thread.cpp:96] Thread 524337 construct Actor kDeviceTick 1099614388271
I1014 11:28:42.507081  1262 runtime_context.cpp:29] DecreaseCounter constructing_actor_cnt, current val is 635
I1014 11:28:42.507128  1275 naive_actor.cpp:25] actor 2207613190148 switch to &NaiveActor::HandlerNormal
I1014 11:28:42.507133  1181 naive_actor.cpp:25] actor 1099524210689 switch to &NaiveActor::HandlerNormal
I1014 11:28:42.507192  1275 thread.cpp:96] Thread 1052672 construct Actor kNormalForward 2207613190148
I1014 11:28:42.507241  1181 thread.cpp:96] Thread 524294 construct Actor kNormalForward 1099524210689
I1014 11:28:42.507318  1266 naive_actor.cpp:25] actor 2199023255610 switch to &NaiveActor::HandlerNormal
I1014 11:28:42.507370  1181 runtime_context.cpp:29] DecreaseCounter constructing_actor_cnt, current val is 633
I1014 11:28:42.507339  1275 runtime_context.cpp:29] DecreaseCounter constructing_actor_cnt, current val is 634
I1014 11:28:42.507378  1266 thread.cpp:96] Thread 1048576 construct Actor kNormalForward 2199023255610
I1014 11:28:42.507463  1262 naive_actor.cpp:25] actor 1099614388277 switch to &NaiveActor::HandlerNormal
I1014 11:28:42.507560  1262 thread.cpp:96] Thread 524337 construct Actor kTick 1099614388277
I1014 11:28:42.507562  1266 runtime_context.cpp:29] DecreaseCounter constructing_actor_cnt, current val is 632
I1014 11:28:42.507696  1262 runtime_context.cpp:29] DecreaseCounter constructing_actor_cnt, current val is 631
I1014 11:28:42.507771  1179 naive_actor.cpp:25] actor 1099520016385 switch to &NaiveActor::HandlerNormal
I1014 11:28:42.507827  1179 thread.cpp:96] Thread 524292 construct Actor kNormalForward 1099520016385
I1014 11:28:42.507916  1179 runtime_context.cpp:29] DecreaseCounter constructing_actor_cnt, current val is 630
I1014 11:28:42.508173  1262 naive_actor.cpp:25] actor 1099614388270 switch to &NaiveActor::HandlerNormal
I1014 11:28:42.508241  1262 thread.cpp:96] Thread 524337 construct Actor kTick 1099614388270
I1014 11:28:42.508349  1262 runtime_context.cpp:29] DecreaseCounter constructing_actor_cnt, current val is 629
I1014 11:28:42.508802  1275 naive_actor.cpp:25] actor 2207613190149 switch to &NaiveActor::HandlerNormal
I1014 11:28:42.508859  1275 thread.cpp:96] Thread 1052672 construct Actor kNormalForward 2207613190149
I1014 11:28:42.508929  1262 naive_actor.cpp:25] actor 1099614388272 switch to &NaiveActor::HandlerNormal
I1014 11:28:42.508935  1275 runtime_context.cpp:29] DecreaseCounter constructing_actor_cnt, current val is 628
I1014 11:28:42.508992  1262 thread.cpp:96] Thread 524337 construct Actor kSrcSubsetTick 1099614388272
I1014 11:28:42.509084  1262 runtime_context.cpp:29] DecreaseCounter constructing_actor_cnt, current val is 627
I1014 11:28:42.509256  1266 naive_actor.cpp:25] actor 2199023255552 switch to &NaiveActor::HandlerNormal
I1014 11:28:42.509316  1266 thread.cpp:96] Thread 1048576 construct Actor kNormalForward 2199023255552
I1014 11:28:42.509400  1266 runtime_context.cpp:29] DecreaseCounter constructing_actor_cnt, current val is 626
I1014 11:28:42.509582  1262 naive_actor.cpp:25] actor 1099614388334 switch to &NaiveActor::HandlerNormal
I1014 11:28:42.509645  1262 thread.cpp:96] Thread 524337 construct Actor kTick 1099614388334
I1014 11:28:42.509738  1262 runtime_context.cpp:29] DecreaseCounter constructing_actor_cnt, current val is 625
I1014 11:28:42.509927  1275 naive_actor.cpp:25] actor 2207613190172 switch to &NaiveActor::HandlerNormal
I1014 11:28:42.509984  1275 thread.cpp:96] Thread 1052672 construct Actor kNormalForward 2207613190172
I1014 11:28:42.510061  1275 runtime_context.cpp:29] DecreaseCounter constructing_actor_cnt, current val is 624
I1014 11:28:42.510154  1262 naive_actor.cpp:25] actor 1099614388278 switch to &NaiveActor::HandlerNormal
I1014 11:28:42.510210  1262 thread.cpp:96] Thread 524337 construct Actor kTick 1099614388278
I1014 11:28:42.510288  1262 runtime_context.cpp:29] DecreaseCounter constructing_actor_cnt, current val is 623
I1014 11:28:42.510610  1266 naive_actor.cpp:25] actor 2199023255639 switch to &NaiveActor::HandlerNormal
I1014 11:28:42.510666  1266 thread.cpp:96] Thread 1048576 construct Actor kNormalForward 2199023255639
I1014 11:28:42.510754  1266 runtime_context.cpp:29] DecreaseCounter constructing_actor_cnt, current val is 622
I1014 11:28:42.510807  1262 naive_actor.cpp:25] actor 1099614388275 switch to &NaiveActor::HandlerNormal
I1014 11:28:42.510867  1262 thread.cpp:96] Thread 524337 construct Actor kTick 1099614388275
I1014 11:28:42.510953  1262 runtime_context.cpp:29] DecreaseCounter constructing_actor_cnt, current val is 621
I1014 11:28:42.511341  1275 naive_actor.cpp:25] actor 2207613190202 switch to &NaiveActor::HandlerNormal
I1014 11:28:42.511396  1275 thread.cpp:96] Thread 1052672 construct Actor kNormalForward 2207613190202
I1014 11:28:42.511474  1275 runtime_context.cpp:29] DecreaseCounter constructing_actor_cnt, current val is 620
I1014 11:28:42.511548  1262 naive_actor.cpp:25] actor 1099614388276 switch to &NaiveActor::HandlerNormal
I1014 11:28:42.511620  1262 thread.cpp:96] Thread 524337 construct Actor kDstSubsetTick 1099614388276
I1014 11:28:42.511696  1262 runtime_context.cpp:29] DecreaseCounter constructing_actor_cnt, current val is 619
I1014 11:28:42.512238  1262 naive_actor.cpp:25] actor 1099614388280 switch to &NaiveActor::HandlerNormal
I1014 11:28:42.512348  1262 thread.cpp:96] Thread 524337 construct Actor kDeviceTick 1099614388280
I1014 11:28:42.512439  1262 runtime_context.cpp:29] DecreaseCounter constructing_actor_cnt, current val is 618
I1014 11:28:42.512703  1275 naive_actor.cpp:25] actor 2207613190222 switch to &NaiveActor::HandlerNormal
I1014 11:28:42.512759  1275 thread.cpp:96] Thread 1052672 construct Actor kNormalForward 2207613190222
I1014 11:28:42.512832  1275 runtime_context.cpp:29] DecreaseCounter constructing_actor_cnt, current val is 617
I1014 11:28:42.512892  1266 naive_actor.cpp:25] actor 2199023255574 switch to &NaiveActor::HandlerNormal
I1014 11:28:42.512944  1262 naive_actor.cpp:25] actor 1099614388288 switch to &NaiveActor::HandlerNormal
I1014 11:28:42.512957  1266 thread.cpp:96] Thread 1048576 construct Actor kNormalForward 2199023255574
I1014 11:28:42.513021  1262 thread.cpp:96] Thread 524337 construct Actor kTick 1099614388288
I1014 11:28:42.513098  1266 runtime_context.cpp:29] DecreaseCounter constructing_actor_cnt, current val is 616
I1014 11:28:42.513151  1262 runtime_context.cpp:29] DecreaseCounter constructing_actor_cnt, current val is 615
I1014 11:28:42.513579  1262 naive_actor.cpp:25] actor 1099614388287 switch to &NaiveActor::HandlerNormal
I1014 11:28:42.513638  1262 thread.cpp:96] Thread 524337 construct Actor kTick 1099614388287
I1014 11:28:42.513700  1262 runtime_context.cpp:29] DecreaseCounter constructing_actor_cnt, current val is 614
I1014 11:28:42.514113  1262 naive_actor.cpp:25] actor 1099614388279 switch to &NaiveActor::HandlerNormal
I1014 11:28:42.514165  1262 thread.cpp:96] Thread 524337 construct Actor kDeviceTick 1099614388279
I1014 11:28:42.514248  1262 runtime_context.cpp:29] DecreaseCounter constructing_actor_cnt, current val is 613
I1014 11:28:42.514318  1275 naive_actor.cpp:25] actor 2207613190192 switch to &NaiveActor::HandlerNormal
I1014 11:28:42.514365  1266 naive_actor.cpp:25] actor 2199023255598 switch to &NaiveActor::HandlerNormal
I1014 11:28:42.514371  1275 thread.cpp:96] Thread 1052672 construct Actor kNormalForward 2207613190192
I1014 11:28:42.514421  1266 thread.cpp:96] Thread 1048576 construct Actor kNormalForward 2199023255598
I1014 11:28:42.514487  1275 runtime_context.cpp:29] DecreaseCounter constructing_actor_cnt, current val is 612
I1014 11:28:42.514533  1266 runtime_context.cpp:29] DecreaseCounter constructing_actor_cnt, current val is 611
I1014 11:28:42.514742  1262 naive_actor.cpp:25] actor 1099614388306 switch to &NaiveActor::HandlerNormal
I1014 11:28:42.514791  1262 thread.cpp:96] Thread 524337 construct Actor kTick 1099614388306
I1014 11:28:42.514849  1262 runtime_context.cpp:29] DecreaseCounter constructing_actor_cnt, current val is 610
I1014 11:28:42.515300  1262 naive_actor.cpp:25] actor 1099614388285 switch to &NaiveActor::HandlerNormal
I1014 11:28:42.515352  1262 thread.cpp:96] Thread 524337 construct Actor kDstSubsetTick 1099614388285
I1014 11:28:42.515419  1262 runtime_context.cpp:29] DecreaseCounter constructing_actor_cnt, current val is 609
I1014 11:28:42.515625  1275 naive_actor.cpp:25] actor 2207613190186 switch to &NaiveActor::HandlerNormal
I1014 11:28:42.515684  1275 thread.cpp:96] Thread 1052672 construct Actor kNormalForward 2207613190186
I1014 11:28:42.515763  1275 runtime_context.cpp:29] DecreaseCounter constructing_actor_cnt, current val is 608
I1014 11:28:42.515770  1262 naive_actor.cpp:25] actor 1099614388284 switch to &NaiveActor::HandlerNormal
I1014 11:28:42.515832  1266 naive_actor.cpp:25] actor 2199023255641 switch to &NaiveActor::HandlerNormal
I1014 11:28:42.515847  1262 thread.cpp:96] Thread 524337 construct Actor kTick 1099614388284
I1014 11:28:42.515887  1266 thread.cpp:96] Thread 1048576 construct Actor kNormalForward 2199023255641
I1014 11:28:42.515966  1262 runtime_context.cpp:29] DecreaseCounter constructing_actor_cnt, current val is 607
I1014 11:28:42.516012  1266 runtime_context.cpp:29] DecreaseCounter constructing_actor_cnt, current val is 606
I1014 11:28:42.516346  1262 naive_actor.cpp:25] actor 1099614388281 switch to &NaiveActor::HandlerNormal
I1014 11:28:42.516440  1266 naive_actor.cpp:25] actor 2199023255590 switch to &NaiveActor::HandlerNormal
I1014 11:28:42.516450  1262 thread.cpp:96] Thread 524337 construct Actor kSrcSubsetTick 1099614388281
I1014 11:28:42.516505  1266 thread.cpp:96] Thread 1048576 construct Actor kNormalForward 2199023255590
I1014 11:28:42.516579  1262 runtime_context.cpp:29] DecreaseCounter constructing_actor_cnt, current val is 605
I1014 11:28:42.516626  1266 runtime_context.cpp:29] DecreaseCounter constructing_actor_cnt, current val is 604
I1014 11:28:42.517009  1275 naive_actor.cpp:25] actor 2207613190210 switch to &NaiveActor::HandlerNormal
I1014 11:28:42.517045  1262 naive_actor.cpp:25] actor 1099614388286 switch to &NaiveActor::HandlerNormal
I1014 11:28:42.517076  1275 thread.cpp:96] Thread 1052672 construct Actor kNormalForward 2207613190210
I1014 11:28:42.517107  1262 thread.cpp:96] Thread 524337 construct Actor kTick 1099614388286
I1014 11:28:42.517192  1275 runtime_context.cpp:29] DecreaseCounter constructing_actor_cnt, current val is 603
I1014 11:28:42.517199  1262 runtime_context.cpp:29] DecreaseCounter constructing_actor_cnt, current val is 602
I1014 11:28:42.517632  1262 naive_actor.cpp:25] actor 1099614388289 switch to &NaiveActor::HandlerNormal
I1014 11:28:42.517681  1262 thread.cpp:96] Thread 524337 construct Actor kTick 1099614388289
I1014 11:28:42.517757  1262 runtime_context.cpp:29] DecreaseCounter constructing_actor_cnt, current val is 601
I1014 11:28:42.517820  1266 naive_actor.cpp:25] actor 2199023255575 switch to &NaiveActor::HandlerNormal
I1014 11:28:42.517876  1266 thread.cpp:96] Thread 1048576 construct Actor kNormalForward 2199023255575
I1014 11:28:42.517966  1266 runtime_context.cpp:29] DecreaseCounter constructing_actor_cnt, current val is 600
I1014 11:28:42.518162  1275 naive_actor.cpp:25] actor 2207613190165 switch to &NaiveActor::HandlerNormal
I1014 11:28:42.518184  1262 naive_actor.cpp:25] actor 1099614388298 switch to &NaiveActor::HandlerNormal
I1014 11:28:42.518226  1275 thread.cpp:96] Thread 1052672 construct Actor kNormalForward 2207613190165
I1014 11:28:42.518266  1262 thread.cpp:96] Thread 524337 construct Actor kTick 1099614388298
I1014 11:28:42.518326  1275 runtime_context.cpp:29] DecreaseCounter constructing_actor_cnt, current val is 599
I1014 11:28:42.518349  1262 runtime_context.cpp:29] DecreaseCounter constructing_actor_cnt, current val is 598
I1014 11:28:42.518877  1262 naive_actor.cpp:25] actor 1099614388297 switch to &NaiveActor::HandlerNormal
I1014 11:28:42.518883  1275 naive_actor.cpp:25] actor 2207613190191 switch to &NaiveActor::HandlerNormal
I1014 11:28:42.518932  1262 thread.cpp:96] Thread 524337 construct Actor kDstSubsetTick 1099614388297
I1014 11:28:42.518970  1275 thread.cpp:96] Thread 1052672 construct Actor kNormalForward 2207613190191
I1014 11:28:42.519039  1262 runtime_context.cpp:29] DecreaseCounter constructing_actor_cnt, current val is 597
I1014 11:28:42.519048  1275 runtime_context.cpp:29] DecreaseCounter constructing_actor_cnt, current val is 596
I1014 11:28:42.519382  1266 naive_actor.cpp:25] actor 2199023255614 switch to &NaiveActor::HandlerNormal
I1014 11:28:42.519438  1266 thread.cpp:96] Thread 1048576 construct Actor kNormalForward 2199023255614
I1014 11:28:42.519493  1262 naive_actor.cpp:25] actor 1099614388299 switch to &NaiveActor::HandlerNormal
I1014 11:28:42.519512  1266 runtime_context.cpp:29] DecreaseCounter constructing_actor_cnt, current val is 595
I1014 11:28:42.519542  1262 thread.cpp:96] Thread 524337 construct Actor kTick 1099614388299
I1014 11:28:42.519645  1262 runtime_context.cpp:29] DecreaseCounter constructing_actor_cnt, current val is 594
I1014 11:28:42.520031  1262 naive_actor.cpp:25] actor 1099614388332 switch to &NaiveActor::HandlerNormal
I1014 11:28:42.520078  1262 thread.cpp:96] Thread 524337 construct Actor kTick 1099614388332
I1014 11:28:42.520151  1262 runtime_context.cpp:29] DecreaseCounter constructing_actor_cnt, current val is 593
I1014 11:28:42.520380  1275 naive_actor.cpp:25] actor 2207613190157 switch to &NaiveActor::HandlerNormal
I1014 11:28:42.520483  1275 thread.cpp:96] Thread 1052672 construct Actor kNormalForward 2207613190157
I1014 11:28:42.520560  1275 runtime_context.cpp:29] DecreaseCounter constructing_actor_cnt, current val is 592
I1014 11:28:42.520630  1262 naive_actor.cpp:25] actor 1099614388296 switch to &NaiveActor::HandlerNormal
I1014 11:28:42.520689  1262 thread.cpp:96] Thread 524337 construct Actor kTick 1099614388296
I1014 11:28:42.520762  1262 runtime_context.cpp:29] DecreaseCounter constructing_actor_cnt, current val is 591
I1014 11:28:42.521023  1275 naive_actor.cpp:25] actor 2207613190177 switch to &NaiveActor::HandlerNormal
I1014 11:28:42.521028  1266 naive_actor.cpp:25] actor 2199023255620 switch to &NaiveActor::HandlerNormal
I1014 11:28:42.521075  1275 thread.cpp:96] Thread 1052672 construct Actor kNormalForward 2207613190177
I1014 11:28:42.521090  1262 naive_actor.cpp:25] actor 1099614388292 switch to &NaiveActor::HandlerNormal
I1014 11:28:42.521122  1266 thread.cpp:96] Thread 1048576 construct Actor kNormalForward 2199023255620
I1014 11:28:42.521181  1262 thread.cpp:96] Thread 524337 construct Actor kTick 1099614388292
I1014 11:28:42.521181  1275 runtime_context.cpp:29] DecreaseCounter constructing_actor_cnt, current val is 590
I1014 11:28:42.521265  1266 runtime_context.cpp:29] DecreaseCounter constructing_actor_cnt, current val is 589
I1014 11:28:42.521283  1262 runtime_context.cpp:29] DecreaseCounter constructing_actor_cnt, current val is 588
I1014 11:28:42.521730  1262 naive_actor.cpp:25] actor 1099614388294 switch to &NaiveActor::HandlerNormal
I1014 11:28:42.521787  1262 thread.cpp:96] Thread 524337 construct Actor kSrcSubsetTick 1099614388294
I1014 11:28:42.521840  1262 runtime_context.cpp:29] DecreaseCounter constructing_actor_cnt, current val is 587
I1014 11:28:42.522240  1262 naive_actor.cpp:25] actor 1099614388304 switch to &NaiveActor::HandlerNormal
I1014 11:28:42.522250  1266 naive_actor.cpp:25] actor 2199023255594 switch to &NaiveActor::HandlerNormal
I1014 11:28:42.522289  1262 thread.cpp:96] Thread 524337 construct Actor kTick 1099614388304
I1014 11:28:42.522323  1275 naive_actor.cpp:25] actor 2207613190229 switch to &NaiveActor::HandlerNormal
I1014 11:28:42.522387  1262 runtime_context.cpp:29] DecreaseCounter constructing_actor_cnt, current val is 586
I1014 11:28:42.522326  1266 thread.cpp:96] Thread 1048576 construct Actor kNormalForward 2199023255594
I1014 11:28:42.522395  1275 thread.cpp:96] Thread 1052672 construct Actor kNormalForward 2207613190229
I1014 11:28:42.522500  1266 runtime_context.cpp:29] DecreaseCounter constructing_actor_cnt, current val is 585
I1014 11:28:42.522531  1275 runtime_context.cpp:29] DecreaseCounter constructing_actor_cnt, current val is 584
I1014 11:28:42.522733  1262 naive_actor.cpp:25] actor 1099614388303 switch to &NaiveActor::HandlerNormal
I1014 11:28:42.522780  1262 thread.cpp:96] Thread 524337 construct Actor kTick 1099614388303
I1014 11:28:42.522876  1262 runtime_context.cpp:29] DecreaseCounter constructing_actor_cnt, current val is 583
I1014 11:28:42.523306  1262 naive_actor.cpp:25] actor 1099614388302 switch to &NaiveActor::HandlerNormal
I1014 11:28:42.523356  1262 thread.cpp:96] Thread 524337 construct Actor kTick 1099614388302
I1014 11:28:42.523458  1262 runtime_context.cpp:29] DecreaseCounter constructing_actor_cnt, current val is 582
I1014 11:28:42.523607  1266 naive_actor.cpp:25] actor 2199023255617 switch to &NaiveActor::HandlerNormal
I1014 11:28:42.523664  1266 thread.cpp:96] Thread 1048576 construct Actor kNormalForward 2199023255617
I1014 11:28:42.523738  1266 runtime_context.cpp:29] DecreaseCounter constructing_actor_cnt, current val is 581
I1014 11:28:42.523881  1262 naive_actor.cpp:25] actor 1099614388313 switch to &NaiveActor::HandlerNormal
I1014 11:28:42.523931  1262 thread.cpp:96] Thread 524337 construct Actor kTick 1099614388313
I1014 11:28:42.523943  1275 naive_actor.cpp:25] actor 2207613190169 switch to &NaiveActor::HandlerNormal
I1014 11:28:42.523999  1262 runtime_context.cpp:29] DecreaseCounter constructing_actor_cnt, current val is 580
I1014 11:28:42.524000  1275 thread.cpp:96] Thread 1052672 construct Actor kNormalForward 2207613190169
I1014 11:28:42.524127  1275 runtime_context.cpp:29] DecreaseCounter constructing_actor_cnt, current val is 579
I1014 11:28:42.524946  1266 naive_actor.cpp:25] actor 2199023255560 switch to &NaiveActor::HandlerNormal
I1014 11:28:42.525044  1266 thread.cpp:96] Thread 1048576 construct Actor kNormalForward 2199023255560
I1014 11:28:42.525101  1266 runtime_context.cpp:29] DecreaseCounter constructing_actor_cnt, current val is 578
I1014 11:28:42.525151  1262 case_actor.cpp:76] actor 1099614388301 switch to &CaseActor::HandlerNormal
I1014 11:28:42.525199  1262 thread.cpp:96] Thread 524337 construct Actor kCase 1099614388301
I1014 11:28:42.525274  1262 runtime_context.cpp:29] DecreaseCounter constructing_actor_cnt, current val is 577
I1014 11:28:42.525290  1275 naive_actor.cpp:25] actor 2207613190253 switch to &NaiveActor::HandlerNormal
I1014 11:28:42.525358  1275 thread.cpp:96] Thread 1052672 construct Actor kNormalForward 2207613190253
I1014 11:28:42.525439  1275 runtime_context.cpp:29] DecreaseCounter constructing_actor_cnt, current val is 576
I1014 11:28:42.525691  1262 naive_actor.cpp:25] actor 1099614388309 switch to &NaiveActor::HandlerNormal
I1014 11:28:42.525738  1262 thread.cpp:96] Thread 524337 construct Actor kTick 1099614388309
I1014 11:28:42.525804  1262 runtime_context.cpp:29] DecreaseCounter constructing_actor_cnt, current val is 575
I1014 11:28:42.526239  1262 naive_actor.cpp:25] actor 1099614388308 switch to &NaiveActor::HandlerNormal
I1014 11:28:42.526289  1262 thread.cpp:96] Thread 524337 construct Actor kTick 1099614388308
I1014 11:28:42.526342  1262 runtime_context.cpp:29] DecreaseCounter constructing_actor_cnt, current val is 574
I1014 11:28:42.526526  1266 naive_actor.cpp:25] actor 2199023255581 switch to &NaiveActor::HandlerNormal
I1014 11:28:42.526592  1266 thread.cpp:96] Thread 1048576 construct Actor kNormalForward 2199023255581
I1014 11:28:42.526665  1266 runtime_context.cpp:29] DecreaseCounter constructing_actor_cnt, current val is 573
I1014 11:28:42.526705  1262 naive_actor.cpp:25] actor 1099614388312 switch to &NaiveActor::HandlerNormal
I1014 11:28:42.526749  1262 thread.cpp:96] Thread 524337 construct Actor kTick 1099614388312
I1014 11:28:42.526804  1262 runtime_context.cpp:29] DecreaseCounter constructing_actor_cnt, current val is 572
I1014 11:28:42.527173  1262 naive_actor.cpp:25] actor 1099614388327 switch to &NaiveActor::HandlerNormal
I1014 11:28:42.527225  1262 thread.cpp:96] Thread 524337 construct Actor kTick 1099614388327
I1014 11:28:42.527293  1262 runtime_context.cpp:29] DecreaseCounter constructing_actor_cnt, current val is 571
I1014 11:28:42.527364  1275 naive_actor.cpp:25] actor 2207613190159 switch to &NaiveActor::HandlerNormal
I1014 11:28:42.527417  1275 thread.cpp:96] Thread 1052672 construct Actor kNormalForward 2207613190159
I1014 11:28:42.527488  1275 runtime_context.cpp:29] DecreaseCounter constructing_actor_cnt, current val is 570
I1014 11:28:42.527686  1262 naive_actor.cpp:25] actor 1099614388310 switch to &NaiveActor::HandlerNormal
I1014 11:28:42.527736  1262 thread.cpp:96] Thread 524337 construct Actor kTick 1099614388310
I1014 11:28:42.527798  1262 runtime_context.cpp:29] DecreaseCounter constructing_actor_cnt, current val is 569
I1014 11:28:42.527912  1266 naive_actor.cpp:25] actor 2199023255561 switch to &NaiveActor::HandlerNormal
I1014 11:28:42.527968  1266 thread.cpp:96] Thread 1048576 construct Actor kNormalForward 2199023255561
I1014 11:28:42.528038  1266 runtime_context.cpp:29] DecreaseCounter constructing_actor_cnt, current val is 568
I1014 11:28:42.528182  1262 naive_actor.cpp:25] actor 1099614388326 switch to &NaiveActor::HandlerNormal
I1014 11:28:42.528232  1262 thread.cpp:96] Thread 524337 construct Actor kTick 1099614388326
I1014 11:28:42.528299  1262 runtime_context.cpp:29] DecreaseCounter constructing_actor_cnt, current val is 567
I1014 11:28:42.528731  1262 naive_actor.cpp:25] actor 1099614388317 switch to &NaiveActor::HandlerNormal
I1014 11:28:42.528815  1262 thread.cpp:96] Thread 524337 construct Actor kTick 1099614388317
I1014 11:28:42.528903  1275 naive_actor.cpp:25] actor 2207613190187 switch to &NaiveActor::HandlerNormal
I1014 11:28:42.528905  1262 runtime_context.cpp:29] DecreaseCounter constructing_actor_cnt, current val is 566
I1014 11:28:42.528954  1275 thread.cpp:96] Thread 1052672 construct Actor kNormalForward 2207613190187
I1014 11:28:42.529036  1275 runtime_context.cpp:29] DecreaseCounter constructing_actor_cnt, current val is 565
I1014 11:28:42.529168  1266 naive_actor.cpp:25] actor 2199023255681 switch to &NaiveActor::HandlerNormal
I1014 11:28:42.529224  1266 thread.cpp:96] Thread 1048576 construct Actor kNormalForward 2199023255681
I1014 11:28:42.529300  1266 runtime_context.cpp:29] DecreaseCounter constructing_actor_cnt, current val is 564
I1014 11:28:42.529309  1262 naive_actor.cpp:25] actor 1099614388311 switch to &NaiveActor::HandlerNormal
I1014 11:28:42.529387  1262 thread.cpp:96] Thread 524337 construct Actor kTick 1099614388311
I1014 11:28:42.529433  1262 runtime_context.cpp:29] DecreaseCounter constructing_actor_cnt, current val is 563
I1014 11:28:42.529726  1266 naive_actor.cpp:25] actor 2199023255578 switch to &NaiveActor::HandlerNormal
I1014 11:28:42.529776  1266 thread.cpp:96] Thread 1048576 construct Actor kNormalForward 2199023255578
I1014 11:28:42.529846  1262 naive_actor.cpp:25] actor 1099614388324 switch to &NaiveActor::HandlerNormal
I1014 11:28:42.529862  1266 runtime_context.cpp:29] DecreaseCounter constructing_actor_cnt, current val is 562
I1014 11:28:42.529912  1262 thread.cpp:96] Thread 524337 construct Actor kTick 1099614388324
I1014 11:28:42.530004  1262 runtime_context.cpp:29] DecreaseCounter constructing_actor_cnt, current val is 561
I1014 11:28:42.530352  1262 naive_actor.cpp:25] actor 1099614388318 switch to &NaiveActor::HandlerNormal
I1014 11:28:42.530398  1262 thread.cpp:96] Thread 524337 construct Actor kTick 1099614388318
I1014 11:28:42.530452  1262 runtime_context.cpp:29] DecreaseCounter constructing_actor_cnt, current val is 560
I1014 11:28:42.530469  1275 naive_actor.cpp:25] actor 2207613190173 switch to &NaiveActor::HandlerNormal
I1014 11:28:42.530532  1275 thread.cpp:96] Thread 1052672 construct Actor kNormalForward 2207613190173
I1014 11:28:42.530627  1275 runtime_context.cpp:29] DecreaseCounter constructing_actor_cnt, current val is 559
I1014 11:28:42.530860  1266 naive_actor.cpp:25] actor 2199023255653 switch to &NaiveActor::HandlerNormal
I1014 11:28:42.530917  1266 thread.cpp:96] Thread 1048576 construct Actor kNormalForward 2199023255653
I1014 11:28:42.531004  1266 runtime_context.cpp:29] DecreaseCounter constructing_actor_cnt, current val is 558
I1014 11:28:42.531008  1262 naive_actor.cpp:25] actor 1099614388329 switch to &NaiveActor::HandlerNormal
I1014 11:28:42.531083  1262 thread.cpp:96] Thread 524337 construct Actor kTick 1099614388329
I1014 11:28:42.531137  1262 runtime_context.cpp:29] DecreaseCounter constructing_actor_cnt, current val is 557
I1014 11:28:42.531217  1275 naive_actor.cpp:25] actor 2207613190196 switch to &NaiveActor::HandlerNormal
I1014 11:28:42.531271  1275 thread.cpp:96] Thread 1052672 construct Actor kNormalForward 2207613190196
I1014 11:28:42.531342  1275 runtime_context.cpp:29] DecreaseCounter constructing_actor_cnt, current val is 556
I1014 11:28:42.531508  1266 naive_actor.cpp:25] actor 2199023255592 switch to &NaiveActor::HandlerNormal
I1014 11:28:42.531513  1262 naive_actor.cpp:25] actor 1099614388322 switch to &NaiveActor::HandlerNormal
I1014 11:28:42.531571  1266 thread.cpp:96] Thread 1048576 construct Actor kNormalForward 2199023255592
I1014 11:28:42.531617  1262 thread.cpp:96] Thread 524337 construct Actor kTick 1099614388322
I1014 11:28:42.531680  1266 runtime_context.cpp:29] DecreaseCounter constructing_actor_cnt, current val is 555
I1014 11:28:42.531705  1262 runtime_context.cpp:29] DecreaseCounter constructing_actor_cnt, current val is 554
I1014 11:28:42.532075  1262 naive_actor.cpp:25] actor 1099614388319 switch to &NaiveActor::HandlerNormal
I1014 11:28:42.532120  1262 thread.cpp:96] Thread 524337 construct Actor kTick 1099614388319
I1014 11:28:42.532209  1262 runtime_context.cpp:29] DecreaseCounter constructing_actor_cnt, current val is 553
I1014 11:28:42.532562  1262 naive_actor.cpp:25] actor 1099614388323 switch to &NaiveActor::HandlerNormal
I1014 11:28:42.532614  1262 thread.cpp:96] Thread 524337 construct Actor kTick 1099614388323
I1014 11:28:42.532620  1266 naive_actor.cpp:25] actor 2199023255587 switch to &NaiveActor::HandlerNormal
I1014 11:28:42.532678  1275 naive_actor.cpp:25] actor 2207613190155 switch to &NaiveActor::HandlerNormal
I1014 11:28:42.532673  1262 runtime_context.cpp:29] DecreaseCounter constructing_actor_cnt, current val is 552
I1014 11:28:42.532686  1266 thread.cpp:96] Thread 1048576 construct Actor kNormalForward 2199023255587
I1014 11:28:42.532735  1275 thread.cpp:96] Thread 1052672 construct Actor kNormalForward 2207613190155
I1014 11:28:42.532855  1266 runtime_context.cpp:29] DecreaseCounter constructing_actor_cnt, current val is 551
I1014 11:28:42.532891  1275 runtime_context.cpp:29] DecreaseCounter constructing_actor_cnt, current val is 550
I1014 11:28:42.533157  1262 naive_actor.cpp:25] actor 1099614388328 switch to &NaiveActor::HandlerNormal
I1014 11:28:42.533208  1262 thread.cpp:96] Thread 524337 construct Actor kTick 1099614388328
I1014 11:28:42.533267  1262 runtime_context.cpp:29] DecreaseCounter constructing_actor_cnt, current val is 549
I1014 11:28:42.533282  1266 naive_actor.cpp:25] actor 2199023255558 switch to &NaiveActor::HandlerNormal
I1014 11:28:42.533346  1266 thread.cpp:96] Thread 1048576 construct Actor kNormalForward 2199023255558
I1014 11:28:42.533411  1266 runtime_context.cpp:29] DecreaseCounter constructing_actor_cnt, current val is 548
I1014 11:28:42.533728  1262 naive_actor.cpp:25] actor 1099614388336 switch to &NaiveActor::HandlerNormal
I1014 11:28:42.533778  1262 thread.cpp:96] Thread 524337 construct Actor kTick 1099614388336
I1014 11:28:42.533838  1262 runtime_context.cpp:29] DecreaseCounter constructing_actor_cnt, current val is 547
I1014 11:28:42.533967  1275 naive_actor.cpp:25] actor 2207613190246 switch to &NaiveActor::HandlerNormal
I1014 11:28:42.534024  1275 thread.cpp:96] Thread 1052672 construct Actor kNormalForward 2207613190246
I1014 11:28:42.534104  1275 runtime_context.cpp:29] DecreaseCounter constructing_actor_cnt, current val is 546
I1014 11:28:42.534199  1262 naive_actor.cpp:25] actor 1099614388316 switch to &NaiveActor::HandlerNormal
I1014 11:28:42.534245  1262 thread.cpp:96] Thread 524337 construct Actor kTick 1099614388316
I1014 11:28:42.534296  1262 runtime_context.cpp:29] DecreaseCounter constructing_actor_cnt, current val is 545
I1014 11:28:42.534476  1275 naive_actor.cpp:25] actor 2207613190189 switch to &NaiveActor::HandlerNormal
I1014 11:28:42.534525  1275 thread.cpp:96] Thread 1052672 construct Actor kNormalForward 2207613190189
I1014 11:28:42.534601  1275 runtime_context.cpp:29] DecreaseCounter constructing_actor_cnt, current val is 544
I1014 11:28:42.534654  1262 naive_actor.cpp:25] actor 1099614388320 switch to &NaiveActor::HandlerNormal
I1014 11:28:42.534657  1266 naive_actor.cpp:25] actor 2199023255559 switch to &NaiveActor::HandlerNormal
I1014 11:28:42.534711  1262 thread.cpp:96] Thread 524337 construct Actor kTick 1099614388320
I1014 11:28:42.534760  1266 thread.cpp:96] Thread 1048576 construct Actor kNormalForward 2199023255559
I1014 11:28:42.534822  1262 runtime_context.cpp:29] DecreaseCounter constructing_actor_cnt, current val is 543
I1014 11:28:42.534865  1266 runtime_context.cpp:29] DecreaseCounter constructing_actor_cnt, current val is 542
I1014 11:28:42.535115  1262 naive_actor.cpp:25] actor 1099614388325 switch to &NaiveActor::HandlerNormal
I1014 11:28:42.535166  1262 thread.cpp:96] Thread 524337 construct Actor kTick 1099614388325
I1014 11:28:42.535219  1262 runtime_context.cpp:29] DecreaseCounter constructing_actor_cnt, current val is 541
I1014 11:28:42.535533  1262 naive_actor.cpp:25] actor 1099614388315 switch to &NaiveActor::HandlerNormal
I1014 11:28:42.535585  1262 thread.cpp:96] Thread 524337 construct Actor kTick 1099614388315
I1014 11:28:42.535665  1266 naive_actor.cpp:25] actor 2199023255580 switch to &NaiveActor::HandlerNormal
I1014 11:28:42.535683  1262 runtime_context.cpp:29] DecreaseCounter constructing_actor_cnt, current val is 540
I1014 11:28:42.535722  1266 thread.cpp:96] Thread 1048576 construct Actor kNormalForward 2199023255580
I1014 11:28:42.535804  1275 naive_actor.cpp:25] actor 2207613190146 switch to &NaiveActor::HandlerNormal
I1014 11:28:42.535830  1266 runtime_context.cpp:29] DecreaseCounter constructing_actor_cnt, current val is 539
I1014 11:28:42.535871  1275 thread.cpp:96] Thread 1052672 construct Actor kNormalForward 2207613190146
I1014 11:28:42.535985  1275 runtime_context.cpp:29] DecreaseCounter constructing_actor_cnt, current val is 538
I1014 11:28:42.536069  1262 naive_actor.cpp:25] actor 1099614388314 switch to &NaiveActor::HandlerNormal
I1014 11:28:42.536115  1262 thread.cpp:96] Thread 524337 construct Actor kTick 1099614388314
I1014 11:28:42.536172  1262 runtime_context.cpp:29] DecreaseCounter constructing_actor_cnt, current val is 537
I1014 11:28:42.536547  1275 naive_actor.cpp:25] actor 2207613190170 switch to &NaiveActor::HandlerNormal
I1014 11:28:42.536607  1275 thread.cpp:96] Thread 1052672 construct Actor kNormalForward 2207613190170
I1014 11:28:42.536624  1262 naive_actor.cpp:25] actor 1099614388305 switch to &NaiveActor::HandlerNormal
I1014 11:28:42.536670  1275 runtime_context.cpp:29] DecreaseCounter constructing_actor_cnt, current val is 536
I1014 11:28:42.536674  1262 thread.cpp:96] Thread 524337 construct Actor kTick 1099614388305
