Log file created at: 2021/10/13 11:09:28
Running on machine: oneflow-14
Log line format: [IWEF]mmdd hh:mm:ss.uuuuuu threadid file:line] msg
I1013 11:09:28.228981 34109 global.h:36] NewGlobal 14cudaDeviceProp
I1013 11:09:28.229872 34109 global.h:36] NewGlobal N7oneflow7EnvDescE
I1013 11:09:28.229898 34109 global.h:36] NewGlobal N7oneflow10ProcessCtxE
I1013 11:09:28.229907 34109 env_global_objects_scope.cpp:152] using rpc backend: local
I1013 11:09:28.229974 34109 global.h:36] NewGlobal N7oneflow12ResourceDescE
I1013 11:09:28.229990 34109 global.h:36] NewGlobal N7oneflow12ResourceDescE
I1013 11:09:28.318809 34109 global.h:36] NewGlobal N7oneflow10ThreadPoolE
I1013 11:09:28.320063 34109 global.h:36] NewGlobal N7oneflow16EagerNcclCommMgrE
I1013 11:09:28.320082 34109 global.h:36] NewGlobal N7oneflow18CudnnConvAlgoCacheE
I1013 11:09:28.320094 34109 global.h:36] NewGlobal N7oneflow2vm19VirtualMachineScopeE
I1013 11:09:28.320103 34109 global.h:36] NewGlobal N7oneflow9OneflowVME
I1013 11:09:28.321132 34109 oneflow_vm.cpp:75] transport stream type: N7oneflow2vm13CpuStreamTypeE
I1013 11:09:28.321152 34109 oneflow_vm.cpp:75] transport stream type: N7oneflow2vm14CudaStreamTypeE
I1013 11:09:28.321161 34109 oneflow_vm.cpp:75] transport stream type: N7oneflow2vm19AsyncCudaStreamTypeE
I1013 11:09:28.321300 34109 global.h:36] NewGlobal N7oneflow27EagerJobBuildAndInferCtxMgrE
I1013 11:09:28.321314 34109 global.h:36] NewGlobal N7oneflow12EpollCommNetE
I1013 11:09:28.321457 34109 epoll_comm_network.cpp:63] CommNet:Epoll listening on 0.0.0.0:37747
I1013 11:09:28.321496 34109 epoll_comm_network.cpp:197] machine 0 sockfd -1
I1013 11:09:28.321619 34109 global.h:36] NewGlobal N7oneflow9TransportE
I1013 11:09:28.323213 34109 global.h:43] DeleteGlobal N7oneflow12ResourceDescE
I1013 11:09:28.323243 34109 version.cpp:22] OneFlow git version: b295ca2324
I1013 11:09:28.323261 34109 device_register_gpu.cpp:56] CUDA runtime version: 11.2
I1013 11:09:28.323292 34109 device_register_gpu.cpp:65] cuDNN version: 8.1.1
I1013 11:09:28.323304 34109 device_register_gpu.cpp:78] NCCL version: 2.9.8
I1013 11:09:28.323313 34109 global.h:36] NewGlobal N7oneflow12ResourceDescE
I1013 11:09:28.323321 34109 global.h:36] NewGlobal N7oneflow5IDMgrE
I1013 11:09:28.323336 34109 global.h:36] NewGlobal N7oneflow16AvailableMemDescE
I1013 11:09:28.323362 34109 global.h:36] NewGlobal St13unordered_mapISslSt4hashISsESt8equal_toISsESaISt4pairIKSslEEE
I1013 11:09:28.323370 34109 global.h:36] NewGlobal N7oneflow19CriticalSectionDescE
I1013 11:09:28.323377 34109 global.h:36] NewGlobal N7oneflow16InterUserJobInfoE
I1013 11:09:28.323386 34109 global.h:36] NewGlobal N7oneflow26LazyJobBuildAndInferCtxMgrE
I1013 11:09:28.323395 34109 global.h:36] NewGlobal N7oneflow16JobSetCompileCtxE
I1013 11:09:28.323401 34109 global.h:36] NewGlobal N7oneflow26RuntimeBufferManagersScopeE
I1013 11:09:28.323410 34109 global.h:36] NewGlobal N7oneflow9BufferMgrIlEE
I1013 11:09:28.323416 34109 global.h:36] NewGlobal N7oneflow9BufferMgrISt10shared_ptrINS_11JobInstanceEEEE
I1013 11:09:28.323438 34109 global.h:36] NewGlobal N7oneflow10RuntimeCtxE
I1013 11:09:28.323447 34109 global.h:36] NewGlobal N7oneflow15MemoryAllocatorE
I1013 11:09:28.323454 34109 global.h:36] NewGlobal N7oneflow8ChunkMgrE
I1013 11:09:28.323462 34109 global.h:36] NewGlobal N7oneflow8RegstMgrE
I1013 11:09:28.323468 34109 global.h:36] NewGlobal N7oneflow11ActorMsgBusE
I1013 11:09:28.323475 34109 global.h:36] NewGlobal N7oneflow9ThreadMgrE
I1013 11:09:28.323482 34109 global.h:36] NewGlobal N7oneflow15RuntimeJobDescsE
I1013 11:09:28.323489 34109 global.h:36] NewGlobal N7oneflow7summary12EventsWriterE
I1013 11:09:28.323499 34109 global.h:36] NewGlobal N7oneflow6boxing10collective24CollectiveBoxingExecutorE
I1013 11:09:28.323506 34109 global.h:36] NewGlobal N7oneflow6boxing10collective31CollectiveBoxingDeviceCtxPollerE
I1013 11:09:28.323630 34109 session.h:77] NewGlobal N7oneflow25SessionGlobalObjectsScopeE
I1013 11:09:28.324373 34109 global.h:36] NewGlobal N7oneflow7JobDescE
I1013 11:09:28.725472 34109 global.h:43] DeleteGlobal N7oneflow7JobDescE
I1013 11:09:28.725687 34109 global.h:36] NewGlobal N7oneflow7JobDescE
I1013 11:09:28.728974 34109 global.h:36] NewGlobal N7oneflow7OpGraphE
I1013 11:09:28.733384 34109 global.h:43] DeleteGlobal N7oneflow7OpGraphE
I1013 11:09:28.907438 34109 global.h:43] DeleteGlobal N7oneflow7JobDescE
I1013 11:09:28.924633 34109 global.h:36] NewGlobal N7oneflow24InterJobReuseMemStrategyE
I1013 11:09:28.924671 34109 global.h:36] NewGlobal N7oneflow7OneflowE
I1013 11:09:28.936920 34109 global.h:36] NewGlobal N7oneflow7JobDescE
I1013 11:09:29.141726 34109 global.h:36] NewGlobal N7oneflow7OpGraphE
I1013 11:09:29.217754 34109 global.h:43] DeleteGlobal N7oneflow7OpGraphE
I1013 11:09:29.226254 34109 oneflow.cpp:210] 
job_id: 0 , job_name: train_job , compile time: 0.289273 seconds.
I1013 11:09:29.299903 34109 global.h:43] DeleteGlobal N7oneflow7JobDescE
I1013 11:09:29.300271 34109 global.h:36] NewGlobal N7oneflow7JobDescE
I1013 11:09:29.347587 34109 global.h:36] NewGlobal N7oneflow7OpGraphE
I1013 11:09:29.363747 34109 global.h:43] DeleteGlobal N7oneflow7OpGraphE
I1013 11:09:29.367460 34109 oneflow.cpp:210] 
job_id: 1 , job_name: System-ModelInit , compile time: 0.0669903 seconds.
I1013 11:09:29.379158 34109 global.h:43] DeleteGlobal N7oneflow7JobDescE
I1013 11:09:29.379199 34109 global.h:36] NewGlobal N7oneflow7JobDescE
I1013 11:09:29.423453 34109 global.h:36] NewGlobal N7oneflow7OpGraphE
I1013 11:09:29.439170 34109 global.h:43] DeleteGlobal N7oneflow7OpGraphE
I1013 11:09:29.443275 34109 oneflow.cpp:210] 
job_id: 2 , job_name: System-ModelLoad , compile time: 0.0640571 seconds.
I1013 11:09:29.455094 34109 global.h:43] DeleteGlobal N7oneflow7JobDescE
I1013 11:09:29.455134 34109 global.h:36] NewGlobal N7oneflow7JobDescE
I1013 11:09:29.499284 34109 global.h:36] NewGlobal N7oneflow7OpGraphE
I1013 11:09:29.515405 34109 global.h:43] DeleteGlobal N7oneflow7OpGraphE
I1013 11:09:29.519346 34109 oneflow.cpp:210] 
job_id: 3 , job_name: System-ModelSave , compile time: 0.064193 seconds.
I1013 11:09:29.531963 34109 global.h:43] DeleteGlobal N7oneflow7JobDescE
I1013 11:09:29.532004 34109 global.h:36] NewGlobal N7oneflow7JobDescE
I1013 11:09:29.540195 34109 global.h:36] NewGlobal N7oneflow7OpGraphE
I1013 11:09:29.543869 34109 global.h:43] DeleteGlobal N7oneflow7OpGraphE
I1013 11:09:29.545145 34109 oneflow.cpp:210] 
job_id: 4 , job_name: System-Pull-Return_22 , compile time: 0.0131213 seconds.
I1013 11:09:29.548628 34109 global.h:43] DeleteGlobal N7oneflow7JobDescE
I1013 11:09:29.552786 34109 global.h:36] NewGlobal N7oneflow7JobDescE
I1013 11:09:29.552830 34109 global.h:36] NewGlobal N7oneflow7OpGraphE
I1013 11:09:29.558014 34109 global.h:43] DeleteGlobal N7oneflow7OpGraphE
I1013 11:09:29.560827 34109 oneflow.cpp:210] 
job_id: 5 , job_name: MainJob-unamed , compile time: 0.00800512 seconds.
I1013 11:09:29.567683 34109 global.h:43] DeleteGlobal N7oneflow7JobDescE
I1013 11:09:29.570261 34109 plan_util.cpp:928]  Plan: merged_plan needs to allocate [ 374.897 MiB ] device memory in Rank: 0 , Device: 0
I1013 11:09:29.674109 34109 oneflow.cpp:998]  PushPlan merged_plan time: 0.00997811 seconds.
I1013 11:09:29.702461 34109 oneflow.cpp:1014]  PullPlan merged_plan time: 0.0242276 seconds.
I1013 11:09:31.705336 34109 runtime_context.cpp:21] NewCounter constructing_actor_cnt 399
I1013 11:09:31.706562 34655 naive_actor.cpp:25] actor 2199023255699 switch to &NaiveActor::HandlerNormal
I1013 11:09:31.706640 34655 thread.cpp:96] Thread 1048576 construct Actor kDeviceTick 2199023255699
I1013 11:09:31.706562 34648 naive_actor.cpp:25] actor 1099614388235 switch to &NaiveActor::HandlerNormal
I1013 11:09:31.706779 34655 runtime_context.cpp:29] DecreaseCounter constructing_actor_cnt, current val is 398
I1013 11:09:31.706862 34648 thread.cpp:96] Thread 524337 construct Actor kDeviceTick 1099614388235
I1013 11:09:31.706864 34649 wait_and_send_ids_actor.cpp:53] actor 1099616485376 switch to &WaitAndSendIdsActor::HandlerWaitToStart
I1013 11:09:31.706971 34649 thread.cpp:96] Thread 524338 construct Actor kWaitAndSendIds 1099616485376
I1013 11:09:31.707002 34648 runtime_context.cpp:29] DecreaseCounter constructing_actor_cnt, current val is 397
I1013 11:09:31.707064 34649 runtime_context.cpp:29] DecreaseCounter constructing_actor_cnt, current val is 396
I1013 11:09:31.707146 34655 naive_actor.cpp:25] actor 2199023255738 switch to &NaiveActor::HandlerNormal
I1013 11:09:31.707270 34655 thread.cpp:96] Thread 1048576 construct Actor kDeviceTick 2199023255738
I1013 11:09:31.707360 34655 runtime_context.cpp:29] DecreaseCounter constructing_actor_cnt, current val is 395
I1013 11:09:31.707561 34648 naive_actor.cpp:25] actor 1099614388228 switch to &NaiveActor::HandlerNormal
I1013 11:09:31.707600 34648 thread.cpp:96] Thread 524337 construct Actor kDeviceTick 1099614388228
I1013 11:09:31.707608 34655 naive_actor.cpp:25] actor 2199023255777 switch to &NaiveActor::HandlerNormal
I1013 11:09:31.707643 34655 thread.cpp:96] Thread 1048576 construct Actor kDeviceTick 2199023255777
I1013 11:09:31.707654 34648 runtime_context.cpp:29] DecreaseCounter constructing_actor_cnt, current val is 394
I1013 11:09:31.707695 34655 runtime_context.cpp:29] DecreaseCounter constructing_actor_cnt, current val is 393
I1013 11:09:31.707937 34648 naive_actor.cpp:25] actor 1099614388245 switch to &NaiveActor::HandlerNormal
I1013 11:09:31.707962 34655 naive_actor.cpp:25] actor 2199023255816 switch to &NaiveActor::HandlerNormal
I1013 11:09:31.708073 34648 thread.cpp:96] Thread 524337 construct Actor kDeviceTick 1099614388245
I1013 11:09:31.708096 34655 thread.cpp:96] Thread 1048576 construct Actor kDeviceTick 2199023255816
I1013 11:09:31.708166 34648 runtime_context.cpp:29] DecreaseCounter constructing_actor_cnt, current val is 392
I1013 11:09:31.708182 34655 runtime_context.cpp:29] DecreaseCounter constructing_actor_cnt, current val is 391
I1013 11:09:31.708456 34648 naive_actor.cpp:25] actor 1099614388254 switch to &NaiveActor::HandlerNormal
I1013 11:09:31.708504 34648 thread.cpp:96] Thread 524337 construct Actor kDeviceTick 1099614388254
I1013 11:09:31.708557 34648 runtime_context.cpp:29] DecreaseCounter constructing_actor_cnt, current val is 390
I1013 11:09:31.708806 34648 naive_actor.cpp:25] actor 1099614388263 switch to &NaiveActor::HandlerNormal
I1013 11:09:31.708840 34648 thread.cpp:96] Thread 524337 construct Actor kDeviceTick 1099614388263
I1013 11:09:31.708889 34648 runtime_context.cpp:29] DecreaseCounter constructing_actor_cnt, current val is 389
I1013 11:09:31.709113 34648 naive_actor.cpp:25] actor 1099614388271 switch to &NaiveActor::HandlerNormal
I1013 11:09:31.709146 34648 thread.cpp:96] Thread 524337 construct Actor kDeviceTick 1099614388271
I1013 11:09:31.709193 34648 runtime_context.cpp:29] DecreaseCounter constructing_actor_cnt, current val is 388
I1013 11:09:31.709439 34648 naive_actor.cpp:25] actor 1099614388278 switch to &NaiveActor::HandlerNormal
I1013 11:09:31.709473 34648 thread.cpp:96] Thread 524337 construct Actor kDeviceTick 1099614388278
I1013 11:09:31.709525 34648 runtime_context.cpp:29] DecreaseCounter constructing_actor_cnt, current val is 387
I1013 11:09:31.718407 34629 naive_actor.cpp:25] actor 1099532599296 switch to &NaiveActor::HandlerNormal
I1013 11:09:31.718482 34630 naive_actor.cpp:25] actor 1099534696448 switch to &NaiveActor::HandlerNormal
I1013 11:09:31.718565 34629 thread.cpp:96] Thread 524298 construct Actor kNormalForward 1099532599296
I1013 11:09:31.718690 34630 thread.cpp:96] Thread 524299 construct Actor kNormalForward 1099534696448
I1013 11:09:31.718735 34631 naive_actor.cpp:25] actor 1099536793600 switch to &NaiveActor::HandlerNormal
I1013 11:09:31.718972 34638 naive_actor.cpp:25] actor 1099551473664 switch to &NaiveActor::HandlerNormal
I1013 11:09:31.718861 34646 naive_actor.cpp:25] actor 1099568250880 switch to &NaiveActor::HandlerNormal
I1013 11:09:31.718912 34645 naive_actor.cpp:25] actor 1099566153728 switch to &NaiveActor::HandlerNormal
I1013 11:09:31.719224 34633 naive_actor.cpp:25] actor 1099540987904 switch to &NaiveActor::HandlerNormal
I1013 11:09:31.718995 34630 runtime_context.cpp:29] DecreaseCounter constructing_actor_cnt, current val is 385
I1013 11:09:31.719367 34647 naive_actor.cpp:25] actor 1099570348032 switch to &NaiveActor::HandlerNormal
I1013 11:09:31.719007 34640 naive_actor.cpp:25] actor 1099555667968 switch to &NaiveActor::HandlerNormal
I1013 11:09:31.719043 34641 naive_actor.cpp:25] actor 1099557765120 switch to &NaiveActor::HandlerNormal
I1013 11:09:31.719095 34638 thread.cpp:96] Thread 524307 construct Actor kNormalForward 1099551473664
I1013 11:09:31.719149 34625 naive_actor.cpp:25] actor 1099524210688 switch to &NaiveActor::HandlerNormal
I1013 11:09:31.719893 34635 naive_actor.cpp:25] actor 1099545182208 switch to &NaiveActor::HandlerNormal
I1013 11:09:31.719970 34627 naive_actor.cpp:25] actor 1099528404992 switch to &NaiveActor::HandlerNormal
I1013 11:09:31.719234 34645 thread.cpp:96] Thread 524314 construct Actor kNormalForward 1099566153728
I1013 11:09:31.719233 34623 naive_actor.cpp:25] actor 1099520016384 switch to &NaiveActor::HandlerNormal
I1013 11:09:31.720151 34645 runtime_context.cpp:29] DecreaseCounter constructing_actor_cnt, current val is 383
I1013 11:09:31.719328 34626 naive_actor.cpp:25] actor 1099526307840 switch to &NaiveActor::HandlerNormal
I1013 11:09:31.720789 34626 thread.cpp:96] Thread 524295 construct Actor kNormalForward 1099526307840
I1013 11:09:31.719321 34650 sink_actor.cpp:21] actor 1099618582528 switch to &SinkActor::HandlerNormal
I1013 11:09:31.719334 34637 naive_actor.cpp:25] actor 1099549376512 switch to &NaiveActor::HandlerNormal
I1013 11:09:31.720890 34650 thread.cpp:96] Thread 524339 construct Actor kCallbackNotify 1099618582528
I1013 11:09:31.719334 34648 naive_actor.cpp:25] actor 1099614388238 switch to &NaiveActor::HandlerNormal
I1013 11:09:31.720978 34650 runtime_context.cpp:29] DecreaseCounter constructing_actor_cnt, current val is 381
I1013 11:09:31.719391 34634 naive_actor.cpp:25] actor 1099543085056 switch to &NaiveActor::HandlerNormal
I1013 11:09:31.721055 34634 thread.cpp:96] Thread 524303 construct Actor kNormalForward 1099543085056
I1013 11:09:31.719368 34639 naive_actor.cpp:25] actor 1099553570816 switch to &NaiveActor::HandlerNormal
I1013 11:09:31.719547 34624 naive_actor.cpp:25] actor 1099522113536 switch to &NaiveActor::HandlerNormal
I1013 11:09:31.719554 34647 thread.cpp:96] Thread 524316 construct Actor kForeignOutput 1099570348032
I1013 11:09:31.719558 34636 naive_actor.cpp:25] actor 1099547279360 switch to &NaiveActor::HandlerNormal
I1013 11:09:31.721391 34636 thread.cpp:96] Thread 524305 construct Actor kNormalForward 1099547279360
I1013 11:09:31.719638 34640 thread.cpp:96] Thread 524309 construct Actor kForeignInput 1099555667968
I1013 11:09:31.719687 34641 thread.cpp:96] Thread 524310 construct Actor kNormalForward 1099557765120
I1013 11:09:31.719745 34643 naive_actor.cpp:25] actor 1099561959424 switch to &NaiveActor::HandlerNormal
I1013 11:09:31.721684 34643 thread.cpp:96] Thread 524312 construct Actor kForeignInput 1099561959424
I1013 11:09:31.719831 34657 naive_actor.cpp:25] actor 2199025352704 switch to &NaiveActor::HandlerNormal
I1013 11:09:31.721896 34657 thread.cpp:96] Thread 1048577 construct Actor kSliceBoxing 2199025352704
I1013 11:09:31.719832 34622 naive_actor.cpp:25] actor 1099517919232 switch to &NaiveActor::HandlerNormal
I1013 11:09:31.722066 34622 thread.cpp:96] Thread 524291 construct Actor kNormalForward 1099517919232
I1013 11:09:31.719909 34625 thread.cpp:96] Thread 524294 construct Actor kNormalForward 1099524210688
I1013 11:09:31.719910 34638 runtime_context.cpp:29] DecreaseCounter constructing_actor_cnt, current val is 384
I1013 11:09:31.719982 34635 thread.cpp:96] Thread 524304 construct Actor kNormalForward 1099545182208
I1013 11:09:31.719997 34621 naive_actor.cpp:25] actor 1099515822080 switch to &NaiveActor::HandlerNormal
I1013 11:09:31.722505 34635 runtime_context.cpp:29] DecreaseCounter constructing_actor_cnt, current val is 371
I1013 11:09:31.720052 34627 thread.cpp:96] Thread 524296 construct Actor kNormalForward 1099528404992
I1013 11:09:31.720070 34628 naive_actor.cpp:25] actor 1099530502144 switch to &NaiveActor::HandlerNormal
I1013 11:09:31.722708 34627 runtime_context.cpp:29] DecreaseCounter constructing_actor_cnt, current val is 370
I1013 11:09:31.720170 34623 thread.cpp:96] Thread 524292 construct Actor kNormalForward 1099520016384
I1013 11:09:31.720257 34655 naive_actor.cpp:25] actor 2199023255575 switch to &NaiveActor::HandlerNormal
I1013 11:09:31.723140 34623 runtime_context.cpp:29] DecreaseCounter constructing_actor_cnt, current val is 369
I1013 11:09:31.720913 34637 thread.cpp:96] Thread 524306 construct Actor kForeignInput 1099549376512
I1013 11:09:31.719331 34659 naive_actor.cpp:25] actor 2199027449857 switch to &NaiveActor::HandlerNormal
I1013 11:09:31.723351 34659 thread.cpp:96] Thread 1048578 construct Actor kCopyHd 2199027449857
I1013 11:09:31.720991 34648 thread.cpp:96] Thread 524337 construct Actor kTick 1099614388238
I1013 11:09:31.721108 34634 runtime_context.cpp:29] DecreaseCounter constructing_actor_cnt, current val is 380
I1013 11:09:31.721160 34639 thread.cpp:96] Thread 524308 construct Actor kNormalForward 1099553570816
I1013 11:09:31.721246 34624 thread.cpp:96] Thread 524293 construct Actor kNormalForward 1099522113536
I1013 11:09:31.723680 34639 runtime_context.cpp:29] DecreaseCounter constructing_actor_cnt, current val is 365
I1013 11:09:31.723744 34624 runtime_context.cpp:29] DecreaseCounter constructing_actor_cnt, current val is 364
I1013 11:09:31.719624 34642 naive_actor.cpp:25] actor 1099559862272 switch to &NaiveActor::HandlerNormal
I1013 11:09:31.723857 34642 thread.cpp:96] Thread 524311 construct Actor kNormalForward 1099559862272
I1013 11:09:31.721660 34640 runtime_context.cpp:29] DecreaseCounter constructing_actor_cnt, current val is 377
I1013 11:09:31.721701 34641 runtime_context.cpp:29] DecreaseCounter constructing_actor_cnt, current val is 376
I1013 11:09:31.719763 34644 naive_actor.cpp:25] actor 1099564056576 switch to &NaiveActor::HandlerNormal
I1013 11:09:31.721808 34643 runtime_context.cpp:29] DecreaseCounter constructing_actor_cnt, current val is 375
I1013 11:09:31.719831 34632 naive_actor.cpp:25] actor 1099538890752 switch to &NaiveActor::HandlerNormal
I1013 11:09:31.721992 34657 runtime_context.cpp:29] DecreaseCounter constructing_actor_cnt, current val is 374
I1013 11:09:31.719152 34646 thread.cpp:96] Thread 524315 construct Actor kNormalForward 1099568250880
I1013 11:09:31.724490 34646 runtime_context.cpp:29] DecreaseCounter constructing_actor_cnt, current val is 362
I1013 11:09:31.722286 34625 runtime_context.cpp:29] DecreaseCounter constructing_actor_cnt, current val is 372
I1013 11:09:31.722525 34621 thread.cpp:96] Thread 524290 construct Actor kNormalForward 1099515822080
I1013 11:09:31.718827 34629 runtime_context.cpp:29] DecreaseCounter constructing_actor_cnt, current val is 386
I1013 11:09:31.722719 34628 thread.cpp:96] Thread 524297 construct Actor kNormalForward 1099530502144
I1013 11:09:31.719312 34633 thread.cpp:96] Thread 524302 construct Actor kNormalForward 1099540987904
I1013 11:09:31.722746 34619 naive_actor.cpp:25] actor 1099511627776 switch to &NaiveActor::HandlerNormal
I1013 11:09:31.725085 34619 thread.cpp:96] Thread 524288 construct Actor kNormalForward 1099511627776
I1013 11:09:31.720839 34626 runtime_context.cpp:29] DecreaseCounter constructing_actor_cnt, current val is 382
I1013 11:09:31.725206 34619 runtime_context.cpp:29] DecreaseCounter constructing_actor_cnt, current val is 358
I1013 11:09:31.723312 34637 runtime_context.cpp:29] DecreaseCounter constructing_actor_cnt, current val is 368
I1013 11:09:31.719002 34631 thread.cpp:96] Thread 524300 construct Actor kNormalForward 1099536793600
I1013 11:09:31.723457 34659 runtime_context.cpp:29] DecreaseCounter constructing_actor_cnt, current val is 367
I1013 11:09:31.725415 34631 runtime_context.cpp:29] DecreaseCounter constructing_actor_cnt, current val is 357
I1013 11:09:31.723500 34648 runtime_context.cpp:29] DecreaseCounter constructing_actor_cnt, current val is 366
I1013 11:09:31.721309 34647 runtime_context.cpp:29] DecreaseCounter constructing_actor_cnt, current val is 379
I1013 11:09:31.721565 34636 runtime_context.cpp:29] DecreaseCounter constructing_actor_cnt, current val is 378
I1013 11:09:31.723946 34642 runtime_context.cpp:29] DecreaseCounter constructing_actor_cnt, current val is 363
I1013 11:09:31.724226 34644 thread.cpp:96] Thread 524313 construct Actor kNormalForward 1099564056576
I1013 11:09:31.724341 34632 thread.cpp:96] Thread 524301 construct Actor kNormalForward 1099538890752
I1013 11:09:31.726109 34644 runtime_context.cpp:29] DecreaseCounter constructing_actor_cnt, current val is 356
I1013 11:09:31.722187 34622 runtime_context.cpp:29] DecreaseCounter constructing_actor_cnt, current val is 373
I1013 11:09:31.726179 34632 runtime_context.cpp:29] DecreaseCounter constructing_actor_cnt, current val is 355
I1013 11:09:31.724589 34657 naive_actor.cpp:25] actor 2199025352707 switch to &NaiveActor::HandlerNormal
I1013 11:09:31.724762 34621 runtime_context.cpp:29] DecreaseCounter constructing_actor_cnt, current val is 361
I1013 11:09:31.724928 34628 runtime_context.cpp:29] DecreaseCounter constructing_actor_cnt, current val is 360
I1013 11:09:31.725029 34633 runtime_context.cpp:29] DecreaseCounter constructing_actor_cnt, current val is 359
I1013 11:09:31.723167 34655 thread.cpp:96] Thread 1048576 construct Actor kNormalForward 2199023255575
I1013 11:09:31.723143 34620 naive_actor.cpp:25] actor 1099513724928 switch to &NaiveActor::HandlerNormal
I1013 11:09:31.726528 34620 thread.cpp:96] Thread 524289 construct Actor kNormalForward 1099513724928
I1013 11:09:31.725982 34648 naive_actor.cpp:25] actor 1099614388234 switch to &NaiveActor::HandlerNormal
I1013 11:09:31.726606 34620 runtime_context.cpp:29] DecreaseCounter constructing_actor_cnt, current val is 353
I1013 11:09:31.726502 34655 runtime_context.cpp:29] DecreaseCounter constructing_actor_cnt, current val is 354
I1013 11:09:31.725602 34659 naive_actor.cpp:25] actor 2199027449856 switch to &NaiveActor::HandlerNormal
I1013 11:09:31.726274 34657 thread.cpp:96] Thread 1048577 construct Actor kSliceBoxing 2199025352707
I1013 11:09:31.726617 34648 thread.cpp:96] Thread 524337 construct Actor kTick 1099614388234
I1013 11:09:31.726884 34657 runtime_context.cpp:29] DecreaseCounter constructing_actor_cnt, current val is 352
I1013 11:09:31.726934 34648 runtime_context.cpp:29] DecreaseCounter constructing_actor_cnt, current val is 351
I1013 11:09:31.726769 34659 thread.cpp:96] Thread 1048578 construct Actor kCopyHd 2199027449856
I1013 11:09:31.727063 34659 runtime_context.cpp:29] DecreaseCounter constructing_actor_cnt, current val is 350
I1013 11:09:31.727120 34657 naive_actor.cpp:25] actor 2199025352708 switch to &NaiveActor::HandlerNormal
I1013 11:09:31.727165 34657 thread.cpp:96] Thread 1048577 construct Actor kCopyHd 2199025352708
I1013 11:09:31.727241 34657 runtime_context.cpp:29] DecreaseCounter constructing_actor_cnt, current val is 349
I1013 11:09:31.727329 34659 naive_actor.cpp:25] actor 2199027449858 switch to &NaiveActor::HandlerNormal
I1013 11:09:31.727391 34659 thread.cpp:96] Thread 1048578 construct Actor kCopyHd 2199027449858
I1013 11:09:31.727418 34648 esac_actor.cpp:73] actor 1099614388323 switch to &EsacActor::HandlerNormal
I1013 11:09:31.727509 34659 runtime_context.cpp:29] DecreaseCounter constructing_actor_cnt, current val is 348
I1013 11:09:31.727484 34657 naive_actor.cpp:25] actor 2199025352706 switch to &NaiveActor::HandlerNormal
I1013 11:09:31.727520 34648 thread.cpp:96] Thread 524337 construct Actor kEsac 1099614388323
I1013 11:09:31.727614 34657 thread.cpp:96] Thread 1048577 construct Actor kSliceBoxing 2199025352706
I1013 11:09:31.727694 34648 runtime_context.cpp:29] DecreaseCounter constructing_actor_cnt, current val is 347
I1013 11:09:31.727708 34657 runtime_context.cpp:29] DecreaseCounter constructing_actor_cnt, current val is 346
I1013 11:09:31.727862 34655 naive_actor.cpp:25] actor 2199023255555 switch to &NaiveActor::HandlerNormal
I1013 11:09:31.727949 34657 naive_actor.cpp:25] actor 2199025352705 switch to &NaiveActor::HandlerNormal
I1013 11:09:31.728061 34648 naive_actor.cpp:25] actor 1099614388240 switch to &NaiveActor::HandlerNormal
I1013 11:09:31.728180 34648 thread.cpp:96] Thread 524337 construct Actor kTick 1099614388240
I1013 11:09:31.728116 34657 thread.cpp:96] Thread 1048577 construct Actor kSliceBoxing 2199025352705
I1013 11:09:31.728086 34655 thread.cpp:96] Thread 1048576 construct Actor kNormalForward 2199023255555
I1013 11:09:31.728364 34648 runtime_context.cpp:29] DecreaseCounter constructing_actor_cnt, current val is 345
I1013 11:09:31.728370 34657 runtime_context.cpp:29] DecreaseCounter constructing_actor_cnt, current val is 344
I1013 11:09:31.728495 34655 runtime_context.cpp:29] DecreaseCounter constructing_actor_cnt, current val is 343
I1013 11:09:31.728606 34657 naive_actor.cpp:25] actor 2199025352709 switch to &NaiveActor::HandlerNormal
I1013 11:09:31.728653 34657 thread.cpp:96] Thread 1048577 construct Actor kCopyHd 2199025352709
I1013 11:09:31.728708 34657 runtime_context.cpp:29] DecreaseCounter constructing_actor_cnt, current val is 342
I1013 11:09:31.728819 34648 naive_actor.cpp:25] actor 1099614388227 switch to &NaiveActor::HandlerNormal
I1013 11:09:31.728870 34648 thread.cpp:96] Thread 524337 construct Actor kSrcSubsetTick 1099614388227
I1013 11:09:31.728873 34657 naive_actor.cpp:25] actor 2199025352710 switch to &NaiveActor::HandlerNormal
I1013 11:09:31.728946 34657 thread.cpp:96] Thread 1048577 construct Actor kCopyHd 2199025352710
I1013 11:09:31.728955 34648 runtime_context.cpp:29] DecreaseCounter constructing_actor_cnt, current val is 341
I1013 11:09:31.728976 34655 naive_actor.cpp:25] actor 2199023255553 switch to &NaiveActor::HandlerNormal
I1013 11:09:31.729001 34657 runtime_context.cpp:29] DecreaseCounter constructing_actor_cnt, current val is 340
I1013 11:09:31.729127 34655 thread.cpp:96] Thread 1048576 construct Actor kNormalForward 2199023255553
I1013 11:09:31.729257 34655 runtime_context.cpp:29] DecreaseCounter constructing_actor_cnt, current val is 339
I1013 11:09:31.729354 34648 naive_actor.cpp:25] actor 1099614388224 switch to &NaiveActor::HandlerNormal
I1013 11:09:31.729406 34648 thread.cpp:96] Thread 524337 construct Actor kDeviceTick 1099614388224
I1013 11:09:31.729478 34648 runtime_context.cpp:29] DecreaseCounter constructing_actor_cnt, current val is 338
I1013 11:09:31.729640 34655 naive_actor.cpp:25] actor 2199023255568 switch to &NaiveActor::HandlerNormal
I1013 11:09:31.729740 34655 thread.cpp:96] Thread 1048576 construct Actor kNormalForward 2199023255568
I1013 11:09:31.729833 34655 runtime_context.cpp:29] DecreaseCounter constructing_actor_cnt, current val is 337
I1013 11:09:31.729833 34648 naive_actor.cpp:25] actor 1099614388236 switch to &NaiveActor::HandlerNormal
I1013 11:09:31.729928 34648 thread.cpp:96] Thread 524337 construct Actor kSrcSubsetTick 1099614388236
I1013 11:09:31.729993 34648 runtime_context.cpp:29] DecreaseCounter constructing_actor_cnt, current val is 336
I1013 11:09:31.730335 34648 naive_actor.cpp:25] actor 1099614388239 switch to &NaiveActor::HandlerNormal
I1013 11:09:31.730383 34648 thread.cpp:96] Thread 524337 construct Actor kDstSubsetTick 1099614388239
I1013 11:09:31.730479 34648 runtime_context.cpp:29] DecreaseCounter constructing_actor_cnt, current val is 335
I1013 11:09:31.730756 34655 naive_actor.cpp:25] actor 2199023255600 switch to &NaiveActor::HandlerNormal
I1013 11:09:31.730783 34648 naive_actor.cpp:25] actor 1099614388241 switch to &NaiveActor::HandlerNormal
I1013 11:09:31.730816 34655 thread.cpp:96] Thread 1048576 construct Actor kNormalForward 2199023255600
I1013 11:09:31.730855 34648 thread.cpp:96] Thread 524337 construct Actor kTick 1099614388241
I1013 11:09:31.730943 34655 runtime_context.cpp:29] DecreaseCounter constructing_actor_cnt, current val is 334
I1013 11:09:31.730953 34648 runtime_context.cpp:29] DecreaseCounter constructing_actor_cnt, current val is 333
I1013 11:09:31.731268 34655 naive_actor.cpp:25] actor 2199023255573 switch to &NaiveActor::HandlerNormal
I1013 11:09:31.731269 34648 naive_actor.cpp:25] actor 1099614388226 switch to &NaiveActor::HandlerNormal
I1013 11:09:31.731321 34655 thread.cpp:96] Thread 1048576 construct Actor kNormalForward 2199023255573
I1013 11:09:31.731355 34648 thread.cpp:96] Thread 524337 construct Actor kDeviceTick 1099614388226
I1013 11:09:31.731423 34655 runtime_context.cpp:29] DecreaseCounter constructing_actor_cnt, current val is 332
I1013 11:09:31.731505 34648 runtime_context.cpp:29] DecreaseCounter constructing_actor_cnt, current val is 331
I1013 11:09:31.731755 34655 naive_actor.cpp:25] actor 2199023255566 switch to &NaiveActor::HandlerNormal
I1013 11:09:31.731806 34655 thread.cpp:96] Thread 1048576 construct Actor kNormalForward 2199023255566
I1013 11:09:31.731863 34648 naive_actor.cpp:25] actor 1099614388231 switch to &NaiveActor::HandlerNormal
I1013 11:09:31.731873 34655 runtime_context.cpp:29] DecreaseCounter constructing_actor_cnt, current val is 330
I1013 11:09:31.731911 34648 thread.cpp:96] Thread 524337 construct Actor kDstSubsetTick 1099614388231
I1013 11:09:31.732010 34648 runtime_context.cpp:29] DecreaseCounter constructing_actor_cnt, current val is 329
I1013 11:09:31.732303 34648 naive_actor.cpp:25] actor 1099614388233 switch to &NaiveActor::HandlerNormal
I1013 11:09:31.732352 34648 thread.cpp:96] Thread 524337 construct Actor kTick 1099614388233
I1013 11:09:31.732415 34648 runtime_context.cpp:29] DecreaseCounter constructing_actor_cnt, current val is 328
I1013 11:09:31.732734 34648 naive_actor.cpp:25] actor 1099614388319 switch to &NaiveActor::HandlerNormal
I1013 11:09:31.732784 34648 thread.cpp:96] Thread 524337 construct Actor kTick 1099614388319
I1013 11:09:31.732821 34655 naive_actor.cpp:25] actor 2199023255615 switch to &NaiveActor::HandlerNormal
I1013 11:09:31.732848 34648 runtime_context.cpp:29] DecreaseCounter constructing_actor_cnt, current val is 327
I1013 11:09:31.732873 34655 thread.cpp:96] Thread 1048576 construct Actor kNormalForward 2199023255615
I1013 11:09:31.732977 34655 runtime_context.cpp:29] DecreaseCounter constructing_actor_cnt, current val is 326
I1013 11:09:31.733165 34648 naive_actor.cpp:25] actor 1099614388232 switch to &NaiveActor::HandlerNormal
I1013 11:09:31.733212 34648 thread.cpp:96] Thread 524337 construct Actor kTick 1099614388232
I1013 11:09:31.733279 34648 runtime_context.cpp:29] DecreaseCounter constructing_actor_cnt, current val is 325
I1013 11:09:31.733283 34655 naive_actor.cpp:25] actor 2199023255578 switch to &NaiveActor::HandlerNormal
I1013 11:09:31.733355 34655 thread.cpp:96] Thread 1048576 construct Actor kNormalForward 2199023255578
I1013 11:09:31.733438 34655 runtime_context.cpp:29] DecreaseCounter constructing_actor_cnt, current val is 324
I1013 11:09:31.733605 34648 naive_actor.cpp:25] actor 1099614388225 switch to &NaiveActor::HandlerNormal
I1013 11:09:31.733652 34648 thread.cpp:96] Thread 524337 construct Actor kDeviceTick 1099614388225
I1013 11:09:31.733721 34648 runtime_context.cpp:29] DecreaseCounter constructing_actor_cnt, current val is 323
I1013 11:09:31.734004 34648 naive_actor.cpp:25] actor 1099614388230 switch to &NaiveActor::HandlerNormal
I1013 11:09:31.734050 34648 thread.cpp:96] Thread 524337 construct Actor kTick 1099614388230
I1013 11:09:31.734112 34648 runtime_context.cpp:29] DecreaseCounter constructing_actor_cnt, current val is 322
I1013 11:09:31.734356 34655 naive_actor.cpp:25] actor 2199023255564 switch to &NaiveActor::HandlerNormal
I1013 11:09:31.734406 34648 naive_actor.cpp:25] actor 1099614388244 switch to &NaiveActor::HandlerNormal
I1013 11:09:31.734409 34655 thread.cpp:96] Thread 1048576 construct Actor kNormalForward 2199023255564
I1013 11:09:31.734467 34648 thread.cpp:96] Thread 524337 construct Actor kSrcSubsetTick 1099614388244
I1013 11:09:31.734552 34655 runtime_context.cpp:29] DecreaseCounter constructing_actor_cnt, current val is 321
I1013 11:09:31.734565 34648 runtime_context.cpp:29] DecreaseCounter constructing_actor_cnt, current val is 320
I1013 11:09:31.734935 34648 naive_actor.cpp:25] actor 1099614388248 switch to &NaiveActor::HandlerNormal
I1013 11:09:31.734985 34648 thread.cpp:96] Thread 524337 construct Actor kDstSubsetTick 1099614388248
I1013 11:09:31.735054 34648 runtime_context.cpp:29] DecreaseCounter constructing_actor_cnt, current val is 319
I1013 11:09:31.735352 34648 naive_actor.cpp:25] actor 1099614388250 switch to &NaiveActor::HandlerNormal
I1013 11:09:31.735447 34655 naive_actor.cpp:25] actor 2199023255556 switch to &NaiveActor::HandlerNormal
I1013 11:09:31.735515 34648 thread.cpp:96] Thread 524337 construct Actor kTick 1099614388250
I1013 11:09:31.735558 34655 thread.cpp:96] Thread 1048576 construct Actor kNormalForward 2199023255556
I1013 11:09:31.735637 34648 runtime_context.cpp:29] DecreaseCounter constructing_actor_cnt, current val is 318
I1013 11:09:31.735673 34655 runtime_context.cpp:29] DecreaseCounter constructing_actor_cnt, current val is 317
I1013 11:09:31.735956 34648 naive_actor.cpp:25] actor 1099614388242 switch to &NaiveActor::HandlerNormal
I1013 11:09:31.736004 34648 thread.cpp:96] Thread 524337 construct Actor kTick 1099614388242
I1013 11:09:31.736070 34648 runtime_context.cpp:29] DecreaseCounter constructing_actor_cnt, current val is 316
I1013 11:09:31.736362 34648 naive_actor.cpp:25] actor 1099614388243 switch to &NaiveActor::HandlerNormal
I1013 11:09:31.736410 34648 thread.cpp:96] Thread 524337 construct Actor kDeviceTick 1099614388243
I1013 11:09:31.736491 34648 runtime_context.cpp:29] DecreaseCounter constructing_actor_cnt, current val is 315
I1013 11:09:31.736575 34655 naive_actor.cpp:25] actor 2199023255569 switch to &NaiveActor::HandlerNormal
I1013 11:09:31.736627 34655 thread.cpp:96] Thread 1048576 construct Actor kNormalForward 2199023255569
I1013 11:09:31.736694 34655 runtime_context.cpp:29] DecreaseCounter constructing_actor_cnt, current val is 314
I1013 11:09:31.736786 34648 naive_actor.cpp:25] actor 1099614388247 switch to &NaiveActor::HandlerNormal
I1013 11:09:31.736832 34648 thread.cpp:96] Thread 524337 construct Actor kTick 1099614388247
I1013 11:09:31.736899 34648 runtime_context.cpp:29] DecreaseCounter constructing_actor_cnt, current val is 313
I1013 11:09:31.737185 34648 naive_actor.cpp:25] actor 1099614388322 switch to &NaiveActor::HandlerNormal
I1013 11:09:31.737232 34648 thread.cpp:96] Thread 524337 construct Actor kTick 1099614388322
I1013 11:09:31.737296 34648 runtime_context.cpp:29] DecreaseCounter constructing_actor_cnt, current val is 312
I1013 11:09:31.737565 34655 naive_actor.cpp:25] actor 2199023255560 switch to &NaiveActor::HandlerNormal
I1013 11:09:31.737586 34648 naive_actor.cpp:25] actor 1099614388249 switch to &NaiveActor::HandlerNormal
I1013 11:09:31.737624 34655 thread.cpp:96] Thread 1048576 construct Actor kNormalForward 2199023255560
I1013 11:09:31.737663 34648 thread.cpp:96] Thread 524337 construct Actor kTick 1099614388249
I1013 11:09:31.737744 34648 runtime_context.cpp:29] DecreaseCounter constructing_actor_cnt, current val is 311
I1013 11:09:31.737749 34655 runtime_context.cpp:29] DecreaseCounter constructing_actor_cnt, current val is 310
I1013 11:09:31.738039 34648 naive_actor.cpp:25] actor 1099614388251 switch to &NaiveActor::HandlerNormal
I1013 11:09:31.738088 34648 thread.cpp:96] Thread 524337 construct Actor kTick 1099614388251
I1013 11:09:31.738152 34648 runtime_context.cpp:29] DecreaseCounter constructing_actor_cnt, current val is 309
I1013 11:09:31.738442 34648 naive_actor.cpp:25] actor 1099614388252 switch to &NaiveActor::HandlerNormal
I1013 11:09:31.738490 34648 thread.cpp:96] Thread 524337 construct Actor kDeviceTick 1099614388252
I1013 11:09:31.738504 34655 naive_actor.cpp:25] actor 2199023255565 switch to &NaiveActor::HandlerNormal
I1013 11:09:31.738554 34648 runtime_context.cpp:29] DecreaseCounter constructing_actor_cnt, current val is 308
I1013 11:09:31.738556 34655 thread.cpp:96] Thread 1048576 construct Actor kNormalForward 2199023255565
I1013 11:09:31.738660 34655 runtime_context.cpp:29] DecreaseCounter constructing_actor_cnt, current val is 307
I1013 11:09:31.738883 34648 naive_actor.cpp:25] actor 1099614388321 switch to &NaiveActor::HandlerNormal
I1013 11:09:31.738927 34648 thread.cpp:96] Thread 524337 construct Actor kTick 1099614388321
I1013 11:09:31.738993 34648 runtime_context.cpp:29] DecreaseCounter constructing_actor_cnt, current val is 306
I1013 11:09:31.739323 34648 naive_actor.cpp:25] actor 1099614388257 switch to &NaiveActor::HandlerNormal
I1013 11:09:31.739405 34648 thread.cpp:96] Thread 524337 construct Actor kDstSubsetTick 1099614388257
I1013 11:09:31.739491 34648 runtime_context.cpp:29] DecreaseCounter constructing_actor_cnt, current val is 305
I1013 11:09:31.739496 34655 naive_actor.cpp:25] actor 2199023255599 switch to &NaiveActor::HandlerNormal
I1013 11:09:31.739562 34655 thread.cpp:96] Thread 1048576 construct Actor kNormalForward 2199023255599
I1013 11:09:31.739640 34655 runtime_context.cpp:29] DecreaseCounter constructing_actor_cnt, current val is 304
I1013 11:09:31.739804 34648 naive_actor.cpp:25] actor 1099614388256 switch to &NaiveActor::HandlerNormal
I1013 11:09:31.739850 34648 thread.cpp:96] Thread 524337 construct Actor kTick 1099614388256
I1013 11:09:31.739912 34648 runtime_context.cpp:29] DecreaseCounter constructing_actor_cnt, current val is 303
I1013 11:09:31.739965 34655 naive_actor.cpp:25] actor 2199023255576 switch to &NaiveActor::HandlerNormal
I1013 11:09:31.740012 34655 thread.cpp:96] Thread 1048576 construct Actor kNormalForward 2199023255576
I1013 11:09:31.740080 34655 runtime_context.cpp:29] DecreaseCounter constructing_actor_cnt, current val is 302
I1013 11:09:31.740200 34648 naive_actor.cpp:25] actor 1099614388253 switch to &NaiveActor::HandlerNormal
I1013 11:09:31.740244 34648 thread.cpp:96] Thread 524337 construct Actor kSrcSubsetTick 1099614388253
I1013 11:09:31.740315 34648 runtime_context.cpp:29] DecreaseCounter constructing_actor_cnt, current val is 301
I1013 11:09:31.740615 34648 naive_actor.cpp:25] actor 1099614388258 switch to &NaiveActor::HandlerNormal
I1013 11:09:31.740658 34648 thread.cpp:96] Thread 524337 construct Actor kTick 1099614388258
I1013 11:09:31.740722 34648 runtime_context.cpp:29] DecreaseCounter constructing_actor_cnt, current val is 300
I1013 11:09:31.740895 34655 naive_actor.cpp:25] actor 2199023255567 switch to &NaiveActor::HandlerNormal
I1013 11:09:31.740945 34655 thread.cpp:96] Thread 1048576 construct Actor kNormalForward 2199023255567
I1013 11:09:31.741003 34648 naive_actor.cpp:25] actor 1099614388259 switch to &NaiveActor::HandlerNormal
I1013 11:09:31.741021 34655 runtime_context.cpp:29] DecreaseCounter constructing_actor_cnt, current val is 299
I1013 11:09:31.741050 34648 thread.cpp:96] Thread 524337 construct Actor kTick 1099614388259
I1013 11:09:31.741525 34648 runtime_context.cpp:29] DecreaseCounter constructing_actor_cnt, current val is 298
I1013 11:09:31.741796 34648 naive_actor.cpp:25] actor 1099614388260 switch to &NaiveActor::HandlerNormal
I1013 11:09:31.741842 34648 thread.cpp:96] Thread 524337 construct Actor kTick 1099614388260
I1013 11:09:31.741905 34648 runtime_context.cpp:29] DecreaseCounter constructing_actor_cnt, current val is 297
I1013 11:09:31.742166 34648 naive_actor.cpp:25] actor 1099614388267 switch to &NaiveActor::HandlerNormal
I1013 11:09:31.742210 34648 thread.cpp:96] Thread 524337 construct Actor kTick 1099614388267
I1013 11:09:31.742274 34648 runtime_context.cpp:29] DecreaseCounter constructing_actor_cnt, current val is 296
I1013 11:09:31.742326 34655 naive_actor.cpp:25] actor 2199023255618 switch to &NaiveActor::HandlerNormal
I1013 11:09:31.742378 34655 thread.cpp:96] Thread 1048576 construct Actor kNormalForward 2199023255618
I1013 11:09:31.742465 34655 runtime_context.cpp:29] DecreaseCounter constructing_actor_cnt, current val is 295
I1013 11:09:31.742622 34648 naive_actor.cpp:25] actor 1099614388266 switch to &NaiveActor::HandlerNormal
I1013 11:09:31.742666 34648 thread.cpp:96] Thread 524337 construct Actor kDstSubsetTick 1099614388266
I1013 11:09:31.742736 34648 runtime_context.cpp:29] DecreaseCounter constructing_actor_cnt, current val is 294
I1013 11:09:31.743034 34648 naive_actor.cpp:25] actor 1099614388318 switch to &NaiveActor::HandlerNormal
I1013 11:09:31.743078 34648 thread.cpp:96] Thread 524337 construct Actor kTick 1099614388318
I1013 11:09:31.743142 34648 runtime_context.cpp:29] DecreaseCounter constructing_actor_cnt, current val is 293
I1013 11:09:31.743371 34655 naive_actor.cpp:25] actor 2199023255554 switch to &NaiveActor::HandlerNormal
I1013 11:09:31.743422 34648 naive_actor.cpp:25] actor 1099614388261 switch to &NaiveActor::HandlerNormal
I1013 11:09:31.743438 34655 thread.cpp:96] Thread 1048576 construct Actor kNormalForward 2199023255554
I1013 11:09:31.743577 34648 thread.cpp:96] Thread 524337 construct Actor kDeviceTick 1099614388261
I1013 11:09:31.743649 34655 runtime_context.cpp:29] DecreaseCounter constructing_actor_cnt, current val is 292
I1013 11:09:31.743683 34648 runtime_context.cpp:29] DecreaseCounter constructing_actor_cnt, current val is 291
I1013 11:09:31.743921 34655 naive_actor.cpp:25] actor 2199023255563 switch to &NaiveActor::HandlerNormal
I1013 11:09:31.743968 34648 naive_actor.cpp:25] actor 1099614388262 switch to &NaiveActor::HandlerNormal
I1013 11:09:31.743970 34655 thread.cpp:96] Thread 1048576 construct Actor kNormalForward 2199023255563
I1013 11:09:31.744015 34648 thread.cpp:96] Thread 524337 construct Actor kSrcSubsetTick 1099614388262
I1013 11:09:31.744081 34655 runtime_context.cpp:29] DecreaseCounter constructing_actor_cnt, current val is 290
I1013 11:09:31.744103 34648 runtime_context.cpp:29] DecreaseCounter constructing_actor_cnt, current val is 289
I1013 11:09:31.744369 34648 naive_actor.cpp:25] actor 1099614388265 switch to &NaiveActor::HandlerNormal
I1013 11:09:31.744415 34648 thread.cpp:96] Thread 524337 construct Actor kTick 1099614388265
I1013 11:09:31.744490 34648 runtime_context.cpp:29] DecreaseCounter constructing_actor_cnt, current val is 288
I1013 11:09:31.744750 34648 naive_actor.cpp:25] actor 1099614388268 switch to &NaiveActor::HandlerNormal
I1013 11:09:31.744796 34648 thread.cpp:96] Thread 524337 construct Actor kTick 1099614388268
I1013 11:09:31.744856 34655 naive_actor.cpp:25] actor 2199023255559 switch to &NaiveActor::HandlerNormal
I1013 11:09:31.744858 34648 runtime_context.cpp:29] DecreaseCounter constructing_actor_cnt, current val is 287
I1013 11:09:31.744907 34655 thread.cpp:96] Thread 1048576 construct Actor kNormalForward 2199023255559
I1013 11:09:31.745005 34655 runtime_context.cpp:29] DecreaseCounter constructing_actor_cnt, current val is 286
I1013 11:09:31.745188 34648 naive_actor.cpp:25] actor 1099614388270 switch to &NaiveActor::HandlerNormal
I1013 11:09:31.745234 34648 thread.cpp:96] Thread 524337 construct Actor kSrcSubsetTick 1099614388270
I1013 11:09:31.745292 34648 runtime_context.cpp:29] DecreaseCounter constructing_actor_cnt, current val is 285
I1013 11:09:31.745302 34655 naive_actor.cpp:25] actor 2199023255583 switch to &NaiveActor::HandlerNormal
I1013 11:09:31.745363 34655 thread.cpp:96] Thread 1048576 construct Actor kNormalForward 2199023255583
I1013 11:09:31.745438 34655 runtime_context.cpp:29] DecreaseCounter constructing_actor_cnt, current val is 284
I1013 11:09:31.745579 34648 naive_actor.cpp:25] actor 1099614388320 switch to &NaiveActor::HandlerNormal
I1013 11:09:31.745623 34648 thread.cpp:96] Thread 524337 construct Actor kTick 1099614388320
I1013 11:09:31.745684 34648 runtime_context.cpp:29] DecreaseCounter constructing_actor_cnt, current val is 283
I1013 11:09:31.745946 34648 naive_actor.cpp:25] actor 1099614388276 switch to &NaiveActor::HandlerNormal
I1013 11:09:31.745991 34648 thread.cpp:96] Thread 524337 construct Actor kTick 1099614388276
I1013 11:09:31.746054 34648 runtime_context.cpp:29] DecreaseCounter constructing_actor_cnt, current val is 282
I1013 11:09:31.746227 34655 naive_actor.cpp:25] actor 2199023255589 switch to &NaiveActor::HandlerNormal
I1013 11:09:31.746279 34655 thread.cpp:96] Thread 1048576 construct Actor kNormalForward 2199023255589
I1013 11:09:31.746333 34648 naive_actor.cpp:25] actor 1099614388269 switch to &NaiveActor::HandlerNormal
I1013 11:09:31.746353 34655 runtime_context.cpp:29] DecreaseCounter constructing_actor_cnt, current val is 281
I1013 11:09:31.746378 34648 thread.cpp:96] Thread 524337 construct Actor kDeviceTick 1099614388269
I1013 11:09:31.746471 34648 runtime_context.cpp:29] DecreaseCounter constructing_actor_cnt, current val is 280
I1013 11:09:31.746732 34648 naive_actor.cpp:25] actor 1099614388284 switch to &NaiveActor::HandlerNormal
I1013 11:09:31.746783 34648 thread.cpp:96] Thread 524337 construct Actor kTick 1099614388284
I1013 11:09:31.746881 34648 runtime_context.cpp:29] DecreaseCounter constructing_actor_cnt, current val is 279
I1013 11:09:31.747157 34648 naive_actor.cpp:25] actor 1099614388273 switch to &NaiveActor::HandlerNormal
I1013 11:09:31.747210 34655 naive_actor.cpp:25] actor 2199023255558 switch to &NaiveActor::HandlerNormal
I1013 11:09:31.747226 34648 thread.cpp:96] Thread 524337 construct Actor kTick 1099614388273
I1013 11:09:31.747259 34655 thread.cpp:96] Thread 1048576 construct Actor kNormalForward 2199023255558
I1013 11:09:31.747318 34648 runtime_context.cpp:29] DecreaseCounter constructing_actor_cnt, current val is 278
I1013 11:09:31.747357 34655 runtime_context.cpp:29] DecreaseCounter constructing_actor_cnt, current val is 277
I1013 11:09:31.747666 34648 naive_actor.cpp:25] actor 1099614388274 switch to &NaiveActor::HandlerNormal
I1013 11:09:31.747714 34648 thread.cpp:96] Thread 524337 construct Actor kDstSubsetTick 1099614388274
I1013 11:09:31.747766 34648 runtime_context.cpp:29] DecreaseCounter constructing_actor_cnt, current val is 276
I1013 11:09:31.748026 34648 naive_actor.cpp:25] actor 1099614388283 switch to &NaiveActor::HandlerNormal
I1013 11:09:31.748071 34648 thread.cpp:96] Thread 524337 construct Actor kTick 1099614388283
I1013 11:09:31.748136 34648 runtime_context.cpp:29] DecreaseCounter constructing_actor_cnt, current val is 275
I1013 11:09:31.748229 34655 naive_actor.cpp:25] actor 2199023255572 switch to &NaiveActor::HandlerNormal
I1013 11:09:31.748279 34655 thread.cpp:96] Thread 1048576 construct Actor kNormalForward 2199023255572
I1013 11:09:31.748350 34655 runtime_context.cpp:29] DecreaseCounter constructing_actor_cnt, current val is 274
I1013 11:09:31.748412 34648 naive_actor.cpp:25] actor 1099614388275 switch to &NaiveActor::HandlerNormal
I1013 11:09:31.748481 34648 thread.cpp:96] Thread 524337 construct Actor kTick 1099614388275
I1013 11:09:31.748540 34648 runtime_context.cpp:29] DecreaseCounter constructing_actor_cnt, current val is 273
I1013 11:09:31.748811 34648 naive_actor.cpp:25] actor 1099614388281 switch to &NaiveActor::HandlerNormal
I1013 11:09:31.748854 34648 thread.cpp:96] Thread 524337 construct Actor kTick 1099614388281
I1013 11:09:31.748912 34648 runtime_context.cpp:29] DecreaseCounter constructing_actor_cnt, current val is 272
I1013 11:09:31.749047 34655 naive_actor.cpp:25] actor 2199023255585 switch to &NaiveActor::HandlerNormal
I1013 11:09:31.749094 34655 thread.cpp:96] Thread 1048576 construct Actor kNormalForward 2199023255585
I1013 11:09:31.749166 34655 runtime_context.cpp:29] DecreaseCounter constructing_actor_cnt, current val is 271
I1013 11:09:31.749171 34648 naive_actor.cpp:25] actor 1099614388279 switch to &NaiveActor::HandlerNormal
I1013 11:09:31.749238 34648 thread.cpp:96] Thread 524337 construct Actor kSrcSubsetTick 1099614388279
I1013 11:09:31.749294 34648 runtime_context.cpp:29] DecreaseCounter constructing_actor_cnt, current val is 270
I1013 11:09:31.749568 34648 naive_actor.cpp:25] actor 1099614388277 switch to &NaiveActor::HandlerNormal
I1013 11:09:31.749611 34648 thread.cpp:96] Thread 524337 construct Actor kTick 1099614388277
I1013 11:09:31.749671 34648 runtime_context.cpp:29] DecreaseCounter constructing_actor_cnt, current val is 269
I1013 11:09:31.749943 34648 naive_actor.cpp:25] actor 1099614388282 switch to &NaiveActor::HandlerNormal
I1013 11:09:31.749986 34648 thread.cpp:96] Thread 524337 construct Actor kDstSubsetTick 1099614388282
I1013 11:09:31.750018 34655 naive_actor.cpp:25] actor 2199023255614 switch to &NaiveActor::HandlerNormal
I1013 11:09:31.750044 34648 runtime_context.cpp:29] DecreaseCounter constructing_actor_cnt, current val is 268
I1013 11:09:31.750063 34655 thread.cpp:96] Thread 1048576 construct Actor kNormalForward 2199023255614
I1013 11:09:31.750159 34655 runtime_context.cpp:29] DecreaseCounter constructing_actor_cnt, current val is 267
I1013 11:09:31.750313 34648 naive_actor.cpp:25] actor 1099614388287 switch to &NaiveActor::HandlerNormal
I1013 11:09:31.750355 34648 thread.cpp:96] Thread 524337 construct Actor kTick 1099614388287
I1013 11:09:31.750499 34648 runtime_context.cpp:29] DecreaseCounter constructing_actor_cnt, current val is 266
I1013 11:09:31.750763 34648 naive_actor.cpp:25] actor 1099614388298 switch to &NaiveActor::HandlerNormal
I1013 11:09:31.750844 34648 thread.cpp:96] Thread 524337 construct Actor kTick 1099614388298
I1013 11:09:31.750859 34655 naive_actor.cpp:25] actor 2199023255627 switch to &NaiveActor::HandlerNormal
I1013 11:09:31.750903 34648 runtime_context.cpp:29] DecreaseCounter constructing_actor_cnt, current val is 265
I1013 11:09:31.750908 34655 thread.cpp:96] Thread 1048576 construct Actor kNormalForward 2199023255627
I1013 11:09:31.751003 34655 runtime_context.cpp:29] DecreaseCounter constructing_actor_cnt, current val is 264
