I1012 16:02:23.381417 29138 naive_actor.cpp:25] actor 2207613190427 switch to &NaiveActor::HandlerNormal
I1012 16:02:23.381466 29138 thread.cpp:96] Thread 1052672 construct Actor kNormalForward 2207613190427
I1012 16:02:23.381525 29138 runtime_context.cpp:29] DecreaseCounter constructing_actor_cnt, current val is 36
I1012 16:02:23.381723 29138 naive_actor.cpp:25] actor 2207613190415 switch to &NaiveActor::HandlerNormal
I1012 16:02:23.381744 29138 thread.cpp:96] Thread 1052672 construct Actor kNormalForward 2207613190415
I1012 16:02:23.381778 29138 runtime_context.cpp:29] DecreaseCounter constructing_actor_cnt, current val is 35
I1012 16:02:23.381973 29138 naive_actor.cpp:25] actor 2207613190417 switch to &NaiveActor::HandlerNormal
I1012 16:02:23.381994 29138 thread.cpp:96] Thread 1052672 construct Actor kNormalForward 2207613190417
I1012 16:02:23.382025 29138 runtime_context.cpp:29] DecreaseCounter constructing_actor_cnt, current val is 34
I1012 16:02:23.382212 29138 naive_actor.cpp:25] actor 2207613190418 switch to &NaiveActor::HandlerNormal
I1012 16:02:23.382232 29138 thread.cpp:96] Thread 1052672 construct Actor kNormalForward 2207613190418
I1012 16:02:23.382264 29138 runtime_context.cpp:29] DecreaseCounter constructing_actor_cnt, current val is 33
I1012 16:02:23.382459 29138 naive_actor.cpp:25] actor 2207613190442 switch to &NaiveActor::HandlerNormal
I1012 16:02:23.382480 29138 thread.cpp:96] Thread 1052672 construct Actor kNormalForward 2207613190442
I1012 16:02:23.382512 29138 runtime_context.cpp:29] DecreaseCounter constructing_actor_cnt, current val is 32
I1012 16:02:23.382700 29138 naive_actor.cpp:25] actor 2207613190416 switch to &NaiveActor::HandlerNormal
I1012 16:02:23.382721 29138 thread.cpp:96] Thread 1052672 construct Actor kNormalForward 2207613190416
I1012 16:02:23.382752 29138 runtime_context.cpp:29] DecreaseCounter constructing_actor_cnt, current val is 31
I1012 16:02:23.382946 29138 naive_actor.cpp:25] actor 2207613190423 switch to &NaiveActor::HandlerNormal
I1012 16:02:23.382966 29138 thread.cpp:96] Thread 1052672 construct Actor kNormalForward 2207613190423
I1012 16:02:23.382998 29138 runtime_context.cpp:29] DecreaseCounter constructing_actor_cnt, current val is 30
I1012 16:02:23.383193 29138 naive_actor.cpp:25] actor 2207613190425 switch to &NaiveActor::HandlerNormal
I1012 16:02:23.383213 29138 thread.cpp:96] Thread 1052672 construct Actor kNormalForward 2207613190425
I1012 16:02:23.383244 29138 runtime_context.cpp:29] DecreaseCounter constructing_actor_cnt, current val is 29
I1012 16:02:23.383446 29138 naive_actor.cpp:25] actor 2207613190447 switch to &NaiveActor::HandlerNormal
I1012 16:02:23.383467 29138 thread.cpp:96] Thread 1052672 construct Actor kNormalForward 2207613190447
I1012 16:02:23.383499 29138 runtime_context.cpp:29] DecreaseCounter constructing_actor_cnt, current val is 28
I1012 16:02:23.383687 29138 naive_actor.cpp:25] actor 2207613190446 switch to &NaiveActor::HandlerNormal
I1012 16:02:23.383708 29138 thread.cpp:96] Thread 1052672 construct Actor kNormalForward 2207613190446
I1012 16:02:23.383739 29138 runtime_context.cpp:29] DecreaseCounter constructing_actor_cnt, current val is 27
I1012 16:02:23.383926 29138 naive_actor.cpp:25] actor 2207613190426 switch to &NaiveActor::HandlerNormal
I1012 16:02:23.383947 29138 thread.cpp:96] Thread 1052672 construct Actor kNormalForward 2207613190426
I1012 16:02:23.383978 29138 runtime_context.cpp:29] DecreaseCounter constructing_actor_cnt, current val is 26
I1012 16:02:23.384169 29138 naive_actor.cpp:25] actor 2207613190424 switch to &NaiveActor::HandlerNormal
I1012 16:02:23.384191 29138 thread.cpp:96] Thread 1052672 construct Actor kNormalForward 2207613190424
I1012 16:02:23.384222 29138 runtime_context.cpp:29] DecreaseCounter constructing_actor_cnt, current val is 25
I1012 16:02:23.384411 29138 naive_actor.cpp:25] actor 2207613190449 switch to &NaiveActor::HandlerNormal
I1012 16:02:23.384440 29138 thread.cpp:96] Thread 1052672 construct Actor kNormalForward 2207613190449
I1012 16:02:23.384474 29138 runtime_context.cpp:29] DecreaseCounter constructing_actor_cnt, current val is 24
I1012 16:02:23.384663 29138 naive_actor.cpp:25] actor 2207613190429 switch to &NaiveActor::HandlerNormal
I1012 16:02:23.384706 29138 thread.cpp:96] Thread 1052672 construct Actor kNormalForward 2207613190429
I1012 16:02:23.384760 29138 runtime_context.cpp:29] DecreaseCounter constructing_actor_cnt, current val is 23
I1012 16:02:23.384961 29138 naive_actor.cpp:25] actor 2207613190430 switch to &NaiveActor::HandlerNormal
I1012 16:02:23.384982 29138 thread.cpp:96] Thread 1052672 construct Actor kNormalForward 2207613190430
I1012 16:02:23.385015 29138 runtime_context.cpp:29] DecreaseCounter constructing_actor_cnt, current val is 22
I1012 16:02:23.385200 29138 naive_actor.cpp:25] actor 2207613190452 switch to &NaiveActor::HandlerNormal
I1012 16:02:23.385221 29138 thread.cpp:96] Thread 1052672 construct Actor kDeviceTick 2207613190452
I1012 16:02:23.385252 29138 runtime_context.cpp:29] DecreaseCounter constructing_actor_cnt, current val is 21
I1012 16:02:23.385489 29138 naive_actor.cpp:25] actor 2207613190431 switch to &NaiveActor::HandlerNormal
I1012 16:02:23.385511 29138 thread.cpp:96] Thread 1052672 construct Actor kNormalForward 2207613190431
I1012 16:02:23.385545 29138 runtime_context.cpp:29] DecreaseCounter constructing_actor_cnt, current val is 20
I1012 16:02:23.385736 29138 naive_actor.cpp:25] actor 2207613190432 switch to &NaiveActor::HandlerNormal
I1012 16:02:23.385757 29138 thread.cpp:96] Thread 1052672 construct Actor kNormalForward 2207613190432
I1012 16:02:23.385789 29138 runtime_context.cpp:29] DecreaseCounter constructing_actor_cnt, current val is 19
I1012 16:02:23.385983 29138 naive_actor.cpp:25] actor 2207613190428 switch to &NaiveActor::HandlerNormal
I1012 16:02:23.386004 29138 thread.cpp:96] Thread 1052672 construct Actor kNormalForward 2207613190428
I1012 16:02:23.386036 29138 runtime_context.cpp:29] DecreaseCounter constructing_actor_cnt, current val is 18
I1012 16:02:23.386227 29138 naive_actor.cpp:25] actor 2207613190434 switch to &NaiveActor::HandlerNormal
I1012 16:02:23.386250 29138 thread.cpp:96] Thread 1052672 construct Actor kNormalForward 2207613190434
I1012 16:02:23.386281 29138 runtime_context.cpp:29] DecreaseCounter constructing_actor_cnt, current val is 17
I1012 16:02:23.386484 29138 naive_actor.cpp:25] actor 2207613190433 switch to &NaiveActor::HandlerNormal
I1012 16:02:23.386504 29138 thread.cpp:96] Thread 1052672 construct Actor kNormalForward 2207613190433
I1012 16:02:23.386536 29138 runtime_context.cpp:29] DecreaseCounter constructing_actor_cnt, current val is 16
I1012 16:02:23.386724 29138 naive_actor.cpp:25] actor 2207613190436 switch to &NaiveActor::HandlerNormal
I1012 16:02:23.386745 29138 thread.cpp:96] Thread 1052672 construct Actor kNormalForward 2207613190436
I1012 16:02:23.386777 29138 runtime_context.cpp:29] DecreaseCounter constructing_actor_cnt, current val is 15
I1012 16:02:23.386962 29138 naive_actor.cpp:25] actor 2207613190435 switch to &NaiveActor::HandlerNormal
I1012 16:02:23.386982 29138 thread.cpp:96] Thread 1052672 construct Actor kNormalForward 2207613190435
I1012 16:02:23.387014 29138 runtime_context.cpp:29] DecreaseCounter constructing_actor_cnt, current val is 14
I1012 16:02:23.387202 29138 naive_actor.cpp:25] actor 2207613190438 switch to &NaiveActor::HandlerNormal
I1012 16:02:23.387223 29138 thread.cpp:96] Thread 1052672 construct Actor kNormalForward 2207613190438
I1012 16:02:23.387254 29138 runtime_context.cpp:29] DecreaseCounter constructing_actor_cnt, current val is 13
I1012 16:02:23.387449 29138 naive_actor.cpp:25] actor 2207613190420 switch to &NaiveActor::HandlerNormal
I1012 16:02:23.387470 29138 thread.cpp:96] Thread 1052672 construct Actor kNormalForward 2207613190420
I1012 16:02:23.387503 29138 runtime_context.cpp:29] DecreaseCounter constructing_actor_cnt, current val is 12
I1012 16:02:23.387691 29138 naive_actor.cpp:25] actor 2207613190444 switch to &NaiveActor::HandlerNormal
I1012 16:02:23.387712 29138 thread.cpp:96] Thread 1052672 construct Actor kNormalForward 2207613190444
I1012 16:02:23.387743 29138 runtime_context.cpp:29] DecreaseCounter constructing_actor_cnt, current val is 11
I1012 16:02:23.387935 29138 naive_actor.cpp:25] actor 2207613190441 switch to &NaiveActor::HandlerNormal
I1012 16:02:23.387979 29138 thread.cpp:96] Thread 1052672 construct Actor kNormalForward 2207613190441
I1012 16:02:23.388034 29138 runtime_context.cpp:29] DecreaseCounter constructing_actor_cnt, current val is 10
I1012 16:02:23.388236 29138 naive_actor.cpp:25] actor 2207613190419 switch to &NaiveActor::HandlerNormal
I1012 16:02:23.388257 29138 thread.cpp:96] Thread 1052672 construct Actor kNormalForward 2207613190419
I1012 16:02:23.388289 29138 runtime_context.cpp:29] DecreaseCounter constructing_actor_cnt, current val is 9
I1012 16:02:23.388487 29138 naive_actor.cpp:25] actor 2207613190443 switch to &NaiveActor::HandlerNormal
I1012 16:02:23.388509 29138 thread.cpp:96] Thread 1052672 construct Actor kNormalForward 2207613190443
I1012 16:02:23.388540 29138 runtime_context.cpp:29] DecreaseCounter constructing_actor_cnt, current val is 8
I1012 16:02:23.388727 29138 naive_actor.cpp:25] actor 2207613190445 switch to &NaiveActor::HandlerNormal
I1012 16:02:23.388747 29138 thread.cpp:96] Thread 1052672 construct Actor kNormalForward 2207613190445
I1012 16:02:23.388779 29138 runtime_context.cpp:29] DecreaseCounter constructing_actor_cnt, current val is 7
I1012 16:02:23.388972 29138 naive_actor.cpp:25] actor 2207613190422 switch to &NaiveActor::HandlerNormal
I1012 16:02:23.388993 29138 thread.cpp:96] Thread 1052672 construct Actor kNormalForward 2207613190422
I1012 16:02:23.389025 29138 runtime_context.cpp:29] DecreaseCounter constructing_actor_cnt, current val is 6
I1012 16:02:23.389211 29138 naive_actor.cpp:25] actor 2207613190448 switch to &NaiveActor::HandlerNormal
I1012 16:02:23.389232 29138 thread.cpp:96] Thread 1052672 construct Actor kNormalForward 2207613190448
I1012 16:02:23.389263 29138 runtime_context.cpp:29] DecreaseCounter constructing_actor_cnt, current val is 5
I1012 16:02:23.389468 29138 naive_actor.cpp:25] actor 2207613190439 switch to &NaiveActor::HandlerNormal
I1012 16:02:23.389489 29138 thread.cpp:96] Thread 1052672 construct Actor kNormalForward 2207613190439
I1012 16:02:23.389523 29138 runtime_context.cpp:29] DecreaseCounter constructing_actor_cnt, current val is 4
I1012 16:02:23.390942 29138 naive_actor.cpp:25] actor 2207613190451 switch to &NaiveActor::HandlerNormal
I1012 16:02:23.390967 29138 thread.cpp:96] Thread 1052672 construct Actor kNormalForward 2207613190451
I1012 16:02:23.391062 29138 runtime_context.cpp:29] DecreaseCounter constructing_actor_cnt, current val is 3
I1012 16:02:23.391273 29138 naive_actor.cpp:25] actor 2207613190440 switch to &NaiveActor::HandlerNormal
I1012 16:02:23.391294 29138 thread.cpp:96] Thread 1052672 construct Actor kNormalForward 2207613190440
I1012 16:02:23.391327 29138 runtime_context.cpp:29] DecreaseCounter constructing_actor_cnt, current val is 2
I1012 16:02:23.391539 29138 naive_actor.cpp:25] actor 2207613190450 switch to &NaiveActor::HandlerNormal
I1012 16:02:23.391561 29138 thread.cpp:96] Thread 1052672 construct Actor kNormalForward 2207613190450
I1012 16:02:23.391593 29138 runtime_context.cpp:29] DecreaseCounter constructing_actor_cnt, current val is 1
I1012 16:02:23.391788 29138 naive_actor.cpp:25] actor 2207613190437 switch to &NaiveActor::HandlerNormal
I1012 16:02:23.391808 29138 thread.cpp:96] Thread 1052672 construct Actor kNormalForward 2207613190437
I1012 16:02:23.391845 29138 runtime_context.cpp:29] DecreaseCounter constructing_actor_cnt, current val is 0
I1012 16:02:23.394954 28552 runtime.cpp:93] Actors on this machine constructed
I1012 16:02:23.394989 28552 runtime.cpp:95] Actors on every machine constructed
I1012 16:02:23.395007 28552 runtime_context.cpp:21] NewCounter job_5_running_actor_count 41
I1012 16:02:23.395020 28552 runtime_context.cpp:21] NewCounter job_4_running_actor_count 22
I1012 16:02:23.395028 28552 runtime_context.cpp:21] NewCounter job_3_running_actor_count 91
I1012 16:02:23.395038 28552 runtime_context.cpp:21] NewCounter job_2_running_actor_count 91
I1012 16:02:23.395047 28552 runtime_context.cpp:21] NewCounter job_0_running_actor_count 447
I1012 16:02:23.395089 28552 runtime_context.cpp:21] NewCounter job_1_running_actor_count 89
I1012 16:02:23.395128 29123 wait_and_send_ids_actor.cpp:73] actor 1099616485376 switch to &WaitAndSendIdsActor::HandlerNormal
I1012 16:02:23.395345 28552 global.h:36] NewGlobal N7oneflow7JobDescE
I1012 16:02:23.418900 28552 global.h:43] DeleteGlobal N7oneflow7JobDescE
I1012 16:02:23.929527 29138 local.cpp:114] waiting for key: eager_nccl_unique_id_rpc_key,0:0,0:1
I1012 16:02:23.937755 29138 eager_nccl_comm_manager.cpp:69]  EagerNcclCommMgr::ncclCommInitRank device_vec.size() = 2, nccl_unique_id = 0200ffffffe8ffffffab0b0b010e000000000000000000000000000000000000000000000000000000000000000000000000000000000000000000000000000000000000000000000000000000000000000000000000000000000000000000000000000000000000000000000000000000000000000000000000000000000000000000000000, rank = 1, key = {eager_nccl_unique_id_rpc_key,0:0,0:1}
I1012 16:02:23.937732 29126 eager_nccl_comm_manager.cpp:69]  EagerNcclCommMgr::ncclCommInitRank device_vec.size() = 2, nccl_unique_id = 0200ffffffe8ffffffab0b0b010e000000000000000000000000000000000000000000000000000000000000000000000000000000000000000000000000000000000000000000000000000000000000000000000000000000000000000000000000000000000000000000000000000000000000000000000000000000000000000000000000, rank = 0, key = {eager_nccl_unique_id_rpc_key,0:0,0:1}
I1012 16:02:52.315752 28552 global.h:43] DeleteGlobal N7oneflow7OneflowE
I1012 16:02:52.316144 29123 actor.cpp:411] actor 1099616485376 switch to &Actor::HandlerZombie
I1012 16:02:52.316190 29122 actor.cpp:411] actor 1099614388296 switch to &Actor::HandlerZombie
I1012 16:02:52.316221 29123 thread.cpp:76] thread 524338 deconstruct actor 1099616485376
I1012 16:02:52.316282 29122 actor.cpp:408] actor 1099614388297 switch to nullptr
I1012 16:02:52.316305 29122 thread.cpp:76] thread 524337 deconstruct actor 1099614388297
I1012 16:02:52.316509 29123 runtime_context.cpp:29] DecreaseCounter job_5_running_actor_count, current val is 40
I1012 16:02:52.316828 29122 runtime_context.cpp:29] DecreaseCounter job_5_running_actor_count, current val is 39
I1012 16:02:52.316871 29122 actor.cpp:408] actor 1099614388306 switch to nullptr
I1012 16:02:52.316890 29122 thread.cpp:76] thread 524337 deconstruct actor 1099614388306
I1012 16:02:52.317096 29122 runtime_context.cpp:29] DecreaseCounter job_5_running_actor_count, current val is 38
I1012 16:02:52.317129 29122 actor.cpp:408] actor 1099614388314 switch to nullptr
I1012 16:02:52.317147 29122 thread.cpp:76] thread 524337 deconstruct actor 1099614388314
I1012 16:02:52.317328 29122 runtime_context.cpp:29] DecreaseCounter job_5_running_actor_count, current val is 37
I1012 16:02:52.317360 29122 actor.cpp:408] actor 1099614388310 switch to nullptr
I1012 16:02:52.317378 29122 thread.cpp:76] thread 524337 deconstruct actor 1099614388310
I1012 16:02:52.317564 29122 runtime_context.cpp:29] DecreaseCounter job_5_running_actor_count, current val is 36
I1012 16:02:52.317593 29122 actor.cpp:408] actor 1099614388318 switch to nullptr
I1012 16:02:52.317610 29122 thread.cpp:76] thread 524337 deconstruct actor 1099614388318
I1012 16:02:52.317773 29122 runtime_context.cpp:29] DecreaseCounter job_5_running_actor_count, current val is 35
I1012 16:02:52.317802 29122 actor.cpp:408] actor 1099614388322 switch to nullptr
I1012 16:02:52.317819 29122 thread.cpp:76] thread 524337 deconstruct actor 1099614388322
I1012 16:02:52.317994 29122 runtime_context.cpp:29] DecreaseCounter job_5_running_actor_count, current val is 34
I1012 16:02:52.318024 29122 actor.cpp:408] actor 1099614388298 switch to nullptr
I1012 16:02:52.318040 29122 thread.cpp:76] thread 524337 deconstruct actor 1099614388298
I1012 16:02:52.318212 29122 runtime_context.cpp:29] DecreaseCounter job_5_running_actor_count, current val is 33
I1012 16:02:52.318238 29122 actor.cpp:408] actor 1099614388302 switch to nullptr
I1012 16:02:52.318254 29122 thread.cpp:76] thread 524337 deconstruct actor 1099614388302
I1012 16:02:52.318415 29122 runtime_context.cpp:29] DecreaseCounter job_5_running_actor_count, current val is 32
I1012 16:02:52.318547 29122 actor.cpp:408] actor 1099614388307 switch to nullptr
I1012 16:02:52.318572 29122 thread.cpp:76] thread 524337 deconstruct actor 1099614388307
I1012 16:02:52.318763 29122 runtime_context.cpp:29] DecreaseCounter job_5_running_actor_count, current val is 31
I1012 16:02:52.318820 29122 actor.cpp:408] actor 1099614388315 switch to nullptr
I1012 16:02:52.318841 29122 thread.cpp:76] thread 524337 deconstruct actor 1099614388315
I1012 16:02:52.319001 29122 runtime_context.cpp:29] DecreaseCounter job_5_running_actor_count, current val is 30
I1012 16:02:52.319029 29122 actor.cpp:408] actor 1099614388311 switch to nullptr
I1012 16:02:52.319046 29122 thread.cpp:76] thread 524337 deconstruct actor 1099614388311
I1012 16:02:52.319216 29122 runtime_context.cpp:29] DecreaseCounter job_5_running_actor_count, current val is 29
I1012 16:02:52.319243 29122 actor.cpp:408] actor 1099614388319 switch to nullptr
I1012 16:02:52.319259 29122 thread.cpp:76] thread 524337 deconstruct actor 1099614388319
I1012 16:02:52.319411 29122 runtime_context.cpp:29] DecreaseCounter job_5_running_actor_count, current val is 28
I1012 16:02:52.319456 29122 actor.cpp:408] actor 1099614388323 switch to nullptr
I1012 16:02:52.319474 29122 thread.cpp:76] thread 524337 deconstruct actor 1099614388323
I1012 16:02:52.319648 29122 runtime_context.cpp:29] DecreaseCounter job_5_running_actor_count, current val is 27
I1012 16:02:52.319677 29122 actor.cpp:408] actor 1099614388299 switch to nullptr
I1012 16:02:52.319694 29122 thread.cpp:76] thread 524337 deconstruct actor 1099614388299
I1012 16:02:52.319834 29122 runtime_context.cpp:29] DecreaseCounter job_5_running_actor_count, current val is 26
I1012 16:02:52.319860 29122 actor.cpp:408] actor 1099614388303 switch to nullptr
I1012 16:02:52.319876 29122 thread.cpp:76] thread 524337 deconstruct actor 1099614388303
I1012 16:02:52.320041 29122 runtime_context.cpp:29] DecreaseCounter job_5_running_actor_count, current val is 25
I1012 16:02:52.320072 29122 actor.cpp:408] actor 1099614388253 switch to nullptr
I1012 16:02:52.320088 29122 thread.cpp:76] thread 524337 deconstruct actor 1099614388253
I1012 16:02:52.320264 29122 runtime_context.cpp:29] DecreaseCounter job_1_running_actor_count, current val is 88
I1012 16:02:52.320293 29122 actor.cpp:408] actor 1099614388271 switch to nullptr
I1012 16:02:52.320309 29122 thread.cpp:76] thread 524337 deconstruct actor 1099614388271
I1012 16:02:52.320497 29122 runtime_context.cpp:29] DecreaseCounter job_3_running_actor_count, current val is 90
I1012 16:02:52.320529 29122 actor.cpp:408] actor 1099614388262 switch to nullptr
I1012 16:02:52.320545 29122 thread.cpp:76] thread 524337 deconstruct actor 1099614388262
I1012 16:02:52.320714 29122 runtime_context.cpp:29] DecreaseCounter job_2_running_actor_count, current val is 90
I1012 16:02:52.320740 29122 actor.cpp:408] actor 1099614388280 switch to nullptr
I1012 16:02:52.320756 29122 thread.cpp:76] thread 524337 deconstruct actor 1099614388280
I1012 16:02:52.320926 29122 runtime_context.cpp:29] DecreaseCounter job_4_running_actor_count, current val is 21
I1012 16:02:52.320953 29122 actor.cpp:408] actor 1099614388292 switch to nullptr
I1012 16:02:52.320969 29122 thread.cpp:76] thread 524337 deconstruct actor 1099614388292
I1012 16:02:52.321141 29122 runtime_context.cpp:29] DecreaseCounter job_4_running_actor_count, current val is 20
I1012 16:02:52.321172 29122 actor.cpp:408] actor 1099614388234 switch to nullptr
I1012 16:02:52.321188 29122 thread.cpp:76] thread 524337 deconstruct actor 1099614388234
I1012 16:02:52.321394 29122 runtime_context.cpp:29] DecreaseCounter job_0_running_actor_count, current val is 446
I1012 16:02:52.321422 29122 actor.cpp:408] actor 1099614388244 switch to nullptr
I1012 16:02:52.321450 29122 thread.cpp:76] thread 524337 deconstruct actor 1099614388244
I1012 16:02:52.321617 29122 runtime_context.cpp:29] DecreaseCounter job_0_running_actor_count, current val is 445
I1012 16:02:52.321671 29122 actor.cpp:408] actor 1099614388250 switch to nullptr
I1012 16:02:52.321691 29122 thread.cpp:76] thread 524337 deconstruct actor 1099614388250
I1012 16:02:52.321794 29138 actor.cpp:408] actor 2207613190374 switch to nullptr
I1012 16:02:52.321816 29126 actor.cpp:408] actor 2199023255782 switch to nullptr
I1012 16:02:52.321907 29138 thread.cpp:76] thread 1052672 deconstruct actor 2207613190374
I1012 16:02:52.321926 29122 runtime_context.cpp:29] DecreaseCounter job_1_running_actor_count, current val is 87
I1012 16:02:52.321957 29126 thread.cpp:76] thread 1048576 deconstruct actor 2199023255782
I1012 16:02:52.322029 29122 actor.cpp:408] actor 1099614388268 switch to nullptr
I1012 16:02:52.322052 29122 thread.cpp:76] thread 524337 deconstruct actor 1099614388268
I1012 16:02:52.322203 29138 runtime_context.cpp:29] DecreaseCounter job_1_running_actor_count, current val is 86
I1012 16:02:52.322237 29126 runtime_context.cpp:29] DecreaseCounter job_1_running_actor_count, current val is 85
I1012 16:02:52.322240 29122 runtime_context.cpp:29] DecreaseCounter job_3_running_actor_count, current val is 89
I1012 16:02:52.322257 29138 actor.cpp:408] actor 2207613190372 switch to nullptr
I1012 16:02:52.322309 29126 actor.cpp:408] actor 2199023255776 switch to nullptr
I1012 16:02:52.322321 29138 thread.cpp:76] thread 1052672 deconstruct actor 2207613190372
I1012 16:02:52.322307 29122 actor.cpp:408] actor 1099614388259 switch to nullptr
I1012 16:02:52.322340 29126 thread.cpp:76] thread 1048576 deconstruct actor 2199023255776
I1012 16:02:52.322381 29122 thread.cpp:76] thread 524337 deconstruct actor 1099614388259
I1012 16:02:52.322474 29138 runtime_context.cpp:29] DecreaseCounter job_1_running_actor_count, current val is 84
I1012 16:02:52.322510 29138 actor.cpp:408] actor 2207613190370 switch to nullptr
I1012 16:02:52.322521 29138 thread.cpp:76] thread 1052672 deconstruct actor 2207613190370
I1012 16:02:52.322559 29126 runtime_context.cpp:29] DecreaseCounter job_1_running_actor_count, current val is 83
I1012 16:02:52.322587 29122 runtime_context.cpp:29] DecreaseCounter job_2_running_actor_count, current val is 89
I1012 16:02:52.322611 29126 actor.cpp:408] actor 2199023255774 switch to nullptr
I1012 16:02:52.322620 29122 actor.cpp:408] actor 1099614388277 switch to nullptr
I1012 16:02:52.322620 29138 runtime_context.cpp:29] DecreaseCounter job_1_running_actor_count, current val is 82
I1012 16:02:52.322638 29126 thread.cpp:76] thread 1048576 deconstruct actor 2199023255774
I1012 16:02:52.322721 29138 actor.cpp:408] actor 2207613190369 switch to nullptr
I1012 16:02:52.322660 29122 thread.cpp:76] thread 524337 deconstruct actor 1099614388277
I1012 16:02:52.322749 29138 thread.cpp:76] thread 1052672 deconstruct actor 2207613190369
I1012 16:02:52.322849 29126 runtime_context.cpp:29] DecreaseCounter job_1_running_actor_count, current val is 81
I1012 16:02:52.322896 29126 actor.cpp:408] actor 2199023255772 switch to nullptr
I1012 16:02:52.322914 29126 thread.cpp:76] thread 1048576 deconstruct actor 2199023255772
I1012 16:02:52.322926 29138 runtime_context.cpp:29] DecreaseCounter job_1_running_actor_count, current val is 80
I1012 16:02:52.322955 29122 runtime_context.cpp:29] DecreaseCounter job_4_running_actor_count, current val is 19
I1012 16:02:52.322971 29138 actor.cpp:408] actor 2207613190367 switch to nullptr
I1012 16:02:52.322994 29122 actor.cpp:408] actor 1099614388290 switch to nullptr
I1012 16:02:52.323017 29138 thread.cpp:76] thread 1052672 deconstruct actor 2207613190367
I1012 16:02:52.323025 29126 runtime_context.cpp:29] DecreaseCounter job_1_running_actor_count, current val is 79
I1012 16:02:52.323042 29122 thread.cpp:76] thread 524337 deconstruct actor 1099614388290
I1012 16:02:52.323115 29126 actor.cpp:408] actor 2199023255769 switch to nullptr
I1012 16:02:52.323137 29126 thread.cpp:76] thread 1048576 deconstruct actor 2199023255769
I1012 16:02:52.323189 29138 runtime_context.cpp:29] DecreaseCounter job_1_running_actor_count, current val is 78
I1012 16:02:52.323231 29138 actor.cpp:408] actor 2207613190366 switch to nullptr
I1012 16:02:52.323251 29138 thread.cpp:76] thread 1052672 deconstruct actor 2207613190366
I1012 16:02:52.323258 29122 runtime_context.cpp:29] DecreaseCounter job_4_running_actor_count, current val is 18
I1012 16:02:52.323258 29126 runtime_context.cpp:29] DecreaseCounter job_1_running_actor_count, current val is 77
I1012 16:02:52.323345 29122 actor.cpp:408] actor 1099614388229 switch to nullptr
I1012 16:02:52.323379 29126 actor.cpp:408] actor 2199023255768 switch to nullptr
I1012 16:02:52.323364 29138 runtime_context.cpp:29] DecreaseCounter job_1_running_actor_count, current val is 76
I1012 16:02:52.323387 29122 thread.cpp:76] thread 524337 deconstruct actor 1099614388229
I1012 16:02:52.323501 29138 actor.cpp:408] actor 2207613190368 switch to nullptr
I1012 16:02:52.323405 29126 thread.cpp:76] thread 1048576 deconstruct actor 2199023255768
I1012 16:02:52.323530 29138 thread.cpp:76] thread 1052672 deconstruct actor 2207613190368
I1012 16:02:52.323663 29126 runtime_context.cpp:29] DecreaseCounter job_1_running_actor_count, current val is 75
I1012 16:02:52.323686 29138 runtime_context.cpp:29] DecreaseCounter job_1_running_actor_count, current val is 74
I1012 16:02:52.323710 29126 actor.cpp:408] actor 2199023255767 switch to nullptr
I1012 16:02:52.323689 29122 runtime_context.cpp:29] DecreaseCounter job_0_running_actor_count, current val is 444
I1012 16:02:52.323734 29138 actor.cpp:408] actor 2207613190365 switch to nullptr
I1012 16:02:52.323736 29126 thread.cpp:76] thread 1048576 deconstruct actor 2199023255767
I1012 16:02:52.323767 29122 actor.cpp:408] actor 1099614388242 switch to nullptr
I1012 16:02:52.323787 29138 thread.cpp:76] thread 1052672 deconstruct actor 2207613190365
I1012 16:02:52.323830 29122 thread.cpp:76] thread 524337 deconstruct actor 1099614388242
I1012 16:02:52.323920 29126 runtime_context.cpp:29] DecreaseCounter job_1_running_actor_count, current val is 73
I1012 16:02:52.323963 29138 runtime_context.cpp:29] DecreaseCounter job_1_running_actor_count, current val is 72
I1012 16:02:52.323964 29126 actor.cpp:408] actor 2199023255775 switch to nullptr
I1012 16:02:52.324012 29138 actor.cpp:408] actor 2207613190362 switch to nullptr
I1012 16:02:52.324023 29126 thread.cpp:76] thread 1048576 deconstruct actor 2199023255775
I1012 16:02:52.324038 29138 thread.cpp:76] thread 1052672 deconstruct actor 2207613190362
I1012 16:02:52.324038 29122 runtime_context.cpp:29] DecreaseCounter job_0_running_actor_count, current val is 443
I1012 16:02:52.324111 29122 actor.cpp:411] actor 1099614388254 switch to &Actor::HandlerZombie
I1012 16:02:52.324151 29122 actor.cpp:408] actor 1099614388249 switch to nullptr
I1012 16:02:52.324156 29126 runtime_context.cpp:29] DecreaseCounter job_1_running_actor_count, current val is 71
I1012 16:02:52.324189 29138 runtime_context.cpp:29] DecreaseCounter job_1_running_actor_count, current val is 70
I1012 16:02:52.324173 29122 thread.cpp:76] thread 524337 deconstruct actor 1099614388249
I1012 16:02:52.324218 29111 actor.cpp:408] actor 1099570348032 switch to nullptr
I1012 16:02:52.324216 29126 actor.cpp:408] actor 2199023255766 switch to nullptr
I1012 16:02:52.324239 29138 actor.cpp:408] actor 2207613190358 switch to nullptr
I1012 16:02:52.324318 29138 thread.cpp:76] thread 1052672 deconstruct actor 2207613190358
I1012 16:02:52.324273 29111 thread.cpp:76] thread 524316 deconstruct actor 1099570348032
I1012 16:02:52.324265 29112 actor.cpp:408] actor 1099572445184 switch to nullptr
I1012 16:02:52.324292 29126 thread.cpp:76] thread 1048576 deconstruct actor 2199023255766
I1012 16:02:52.324412 29122 runtime_context.cpp:29] DecreaseCounter job_1_running_actor_count, current val is 69
I1012 16:02:52.324409 29112 thread.cpp:76] thread 524317 deconstruct actor 1099572445184
I1012 16:02:52.324477 29138 runtime_context.cpp:29] DecreaseCounter job_1_running_actor_count, current val is 68
I1012 16:02:52.324468 29122 actor.cpp:411] actor 1099614388272 switch to &Actor::HandlerZombie
I1012 16:02:52.324524 29138 actor.cpp:408] actor 2207613190357 switch to nullptr
I1012 16:02:52.324551 29138 thread.cpp:76] thread 1052672 deconstruct actor 2207613190357
I1012 16:02:52.324605 29117 actor.cpp:408] actor 1099582930944 switch to nullptr
I1012 16:02:52.324239 29110 actor.cpp:408] actor 1099568250880 switch to nullptr
I1012 16:02:52.324508 29111 runtime_context.cpp:29] DecreaseCounter job_1_running_actor_count, current val is 67
I1012 16:02:52.324555 29122 actor.cpp:408] actor 1099614388267 switch to nullptr
I1012 16:02:52.324630 29116 actor.cpp:408] actor 1099580833792 switch to nullptr
I1012 16:02:52.324640 29112 runtime_context.cpp:29] DecreaseCounter job_1_running_actor_count, current val is 65
I1012 16:02:52.324646 29118 actor.cpp:411] actor 1099585028096 switch to &Actor::HandlerZombie
I1012 16:02:52.324689 29117 thread.cpp:76] thread 524322 deconstruct actor 1099582930944
I1012 16:02:52.324692 29138 runtime_context.cpp:29] DecreaseCounter job_1_running_actor_count, current val is 64
I1012 16:02:52.325014 29138 actor.cpp:408] actor 2207613190356 switch to nullptr
I1012 16:02:52.325033 29138 thread.cpp:76] thread 1052672 deconstruct actor 2207613190356
I1012 16:02:52.325127 29117 runtime_context.cpp:29] DecreaseCounter job_3_running_actor_count, current val is 88
I1012 16:02:52.324529 29126 runtime_context.cpp:29] DecreaseCounter job_1_running_actor_count, current val is 66
I1012 16:02:52.325201 29126 actor.cpp:408] actor 2199023255763 switch to nullptr
I1012 16:02:52.324694 29140 actor.cpp:408] actor 2207615287302 switch to nullptr
I1012 16:02:52.324779 29128 actor.cpp:408] actor 2199025352711 switch to nullptr
I1012 16:02:52.324827 29122 thread.cpp:76] thread 524337 deconstruct actor 1099614388267
I1012 16:02:52.325336 29128 thread.cpp:76] thread 1048577 deconstruct actor 2199025352711
I1012 16:02:52.324951 29118 thread.cpp:76] thread 524323 deconstruct actor 1099585028096
I1012 16:02:52.325158 29138 runtime_context.cpp:29] DecreaseCounter job_1_running_actor_count, current val is 63
I1012 16:02:52.325225 29126 thread.cpp:76] thread 1048576 deconstruct actor 2199023255763
I1012 16:02:52.325451 29138 actor.cpp:408] actor 2207613190361 switch to nullptr
I1012 16:02:52.325480 29138 thread.cpp:76] thread 1052672 deconstruct actor 2207613190361
I1012 16:02:52.324887 29116 thread.cpp:76] thread 524321 deconstruct actor 1099580833792
I1012 16:02:52.324745 29110 thread.cpp:76] thread 524315 deconstruct actor 1099568250880
I1012 16:02:52.325275 29140 thread.cpp:76] thread 1052673 deconstruct actor 2207615287302
I1012 16:02:52.325565 29126 runtime_context.cpp:29] DecreaseCounter job_1_running_actor_count, current val is 62
I1012 16:02:52.325614 29138 runtime_context.cpp:29] DecreaseCounter job_1_running_actor_count, current val is 61
I1012 16:02:52.325567 29118 runtime_context.cpp:29] DecreaseCounter job_3_running_actor_count, current val is 85
I1012 16:02:52.325500 29128 runtime_context.cpp:29] DecreaseCounter job_3_running_actor_count, current val is 87
I1012 16:02:52.325562 29122 runtime_context.cpp:29] DecreaseCounter job_3_running_actor_count, current val is 86
I1012 16:02:52.325647 29126 actor.cpp:408] actor 2199023255762 switch to nullptr
I1012 16:02:52.325753 29116 runtime_context.cpp:29] DecreaseCounter job_3_running_actor_count, current val is 83
I1012 16:02:52.325711 29140 runtime_context.cpp:29] DecreaseCounter job_3_running_actor_count, current val is 84
I1012 16:02:52.325742 29122 actor.cpp:411] actor 1099614388263 switch to &Actor::HandlerZombie
I1012 16:02:52.325660 29138 actor.cpp:408] actor 2207613190355 switch to nullptr
I1012 16:02:52.325764 29126 thread.cpp:76] thread 1048576 deconstruct actor 2199023255762
I1012 16:02:52.325794 29110 runtime_context.cpp:29] DecreaseCounter job_1_running_actor_count, current val is 60
I1012 16:02:52.325932 29114 actor.cpp:408] actor 1099576639488 switch to nullptr
I1012 16:02:52.325999 29128 actor.cpp:408] actor 2199025352710 switch to nullptr
I1012 16:02:52.326009 29115 actor.cpp:411] actor 1099578736640 switch to &Actor::HandlerZombie
I1012 16:02:52.325968 29113 actor.cpp:408] actor 1099574542336 switch to nullptr
I1012 16:02:52.325982 29140 actor.cpp:408] actor 2207615287301 switch to nullptr
I1012 16:02:52.325875 29122 actor.cpp:408] actor 1099614388258 switch to nullptr
I1012 16:02:52.325875 29138 thread.cpp:76] thread 1052672 deconstruct actor 2207613190355
I1012 16:02:52.326012 29114 thread.cpp:76] thread 524319 deconstruct actor 1099576639488
I1012 16:02:52.326032 29128 thread.cpp:76] thread 1048577 deconstruct actor 2199025352710
I1012 16:02:52.326045 29126 runtime_context.cpp:29] DecreaseCounter job_1_running_actor_count, current val is 59
I1012 16:02:52.326380 29128 runtime_context.cpp:29] DecreaseCounter job_2_running_actor_count, current val is 88
I1012 16:02:52.326076 29115 thread.cpp:76] thread 524320 deconstruct actor 1099578736640
I1012 16:02:52.326121 29113 thread.cpp:76] thread 524318 deconstruct actor 1099574542336
I1012 16:02:52.326470 29114 runtime_context.cpp:29] DecreaseCounter job_2_running_actor_count, current val is 87
I1012 16:02:52.326404 29126 actor.cpp:408] actor 2199023255761 switch to nullptr
I1012 16:02:52.326414 29138 runtime_context.cpp:29] DecreaseCounter job_1_running_actor_count, current val is 58
I1012 16:02:52.326174 29122 thread.cpp:76] thread 524337 deconstruct actor 1099614388258
I1012 16:02:52.326602 29138 actor.cpp:408] actor 2207613190353 switch to nullptr
I1012 16:02:52.326155 29140 thread.cpp:76] thread 1052673 deconstruct actor 2207615287301
I1012 16:02:52.326630 29138 thread.cpp:76] thread 1052672 deconstruct actor 2207613190353
I1012 16:02:52.326556 29126 thread.cpp:76] thread 1048576 deconstruct actor 2199023255761
I1012 16:02:52.326694 29115 runtime_context.cpp:29] DecreaseCounter job_2_running_actor_count, current val is 86
I1012 16:02:52.326756 29140 runtime_context.cpp:29] DecreaseCounter job_2_running_actor_count, current val is 85
I1012 16:02:52.326761 29113 runtime_context.cpp:29] DecreaseCounter job_2_running_actor_count, current val is 84
I1012 16:02:52.326820 29126 runtime_context.cpp:29] DecreaseCounter job_1_running_actor_count, current val is 56
I1012 16:02:52.326804 29138 runtime_context.cpp:29] DecreaseCounter job_1_running_actor_count, current val is 57
I1012 16:02:52.326874 29126 actor.cpp:408] actor 2199023255756 switch to nullptr
I1012 16:02:52.326895 29138 actor.cpp:408] actor 2207613190339 switch to nullptr
I1012 16:02:52.326781 29122 runtime_context.cpp:29] DecreaseCounter job_2_running_actor_count, current val is 83
I1012 16:02:52.326901 29126 thread.cpp:76] thread 1048576 deconstruct actor 2199023255756
I1012 16:02:52.326922 29138 thread.cpp:76] thread 1052672 deconstruct actor 2207613190339
I1012 16:02:52.326958 29122 actor.cpp:411] actor 1099614388281 switch to &Actor::HandlerZombie
I1012 16:02:52.327029 29122 actor.cpp:408] actor 1099614388275 switch to nullptr
I1012 16:02:52.327044 29122 thread.cpp:76] thread 524337 deconstruct actor 1099614388275
I1012 16:02:52.327088 29126 runtime_context.cpp:29] DecreaseCounter job_1_running_actor_count, current val is 55
I1012 16:02:52.327102 29119 actor.cpp:411] actor 1099587125248 switch to &Actor::HandlerZombie
I1012 16:02:52.327100 29138 runtime_context.cpp:29] DecreaseCounter job_1_running_actor_count, current val is 54
I1012 16:02:52.327139 29126 actor.cpp:408] actor 2199023255773 switch to nullptr
I1012 16:02:52.327203 29138 actor.cpp:408] actor 2207613190360 switch to nullptr
I1012 16:02:52.327229 29138 thread.cpp:76] thread 1052672 deconstruct actor 2207613190360
I1012 16:02:52.327214 29126 thread.cpp:76] thread 1048576 deconstruct actor 2199023255773
I1012 16:02:52.327155 29121 actor.cpp:411] actor 1099591319552 switch to &Actor::HandlerZombie
I1012 16:02:52.327209 29122 runtime_context.cpp:29] DecreaseCounter job_4_running_actor_count, current val is 17
I1012 16:02:52.327354 29122 actor.cpp:408] actor 1099614388276 switch to nullptr
I1012 16:02:52.327366 29138 runtime_context.cpp:29] DecreaseCounter job_1_running_actor_count, current val is 52
I1012 16:02:52.327359 29126 runtime_context.cpp:29] DecreaseCounter job_1_running_actor_count, current val is 53
I1012 16:02:52.327414 29138 actor.cpp:408] actor 2207613190341 switch to nullptr
I1012 16:02:52.327378 29122 thread.cpp:76] thread 524337 deconstruct actor 1099614388276
I1012 16:02:52.327450 29120 actor.cpp:411] actor 1099589222400 switch to &Actor::HandlerZombie
I1012 16:02:52.327452 29126 actor.cpp:408] actor 2199023255747 switch to nullptr
I1012 16:02:52.327450 29138 thread.cpp:76] thread 1052672 deconstruct actor 2207613190341
I1012 16:02:52.327589 29126 thread.cpp:76] thread 1048576 deconstruct actor 2199023255747
I1012 16:02:52.327615 29122 runtime_context.cpp:29] DecreaseCounter job_4_running_actor_count, current val is 16
I1012 16:02:52.327688 29122 actor.cpp:408] actor 1099614388288 switch to nullptr
I1012 16:02:52.327705 29122 thread.cpp:76] thread 524337 deconstruct actor 1099614388288
I1012 16:02:52.327734 29138 runtime_context.cpp:29] DecreaseCounter job_1_running_actor_count, current val is 51
I1012 16:02:52.327742 29121 thread.cpp:76] thread 524326 deconstruct actor 1099591319552
I1012 16:02:52.327749 29126 runtime_context.cpp:29] DecreaseCounter job_1_running_actor_count, current val is 50
I1012 16:02:52.327783 29138 actor.cpp:408] actor 2207613190337 switch to nullptr
I1012 16:02:52.327848 29126 actor.cpp:408] actor 2199023255777 switch to nullptr
I1012 16:02:52.327857 29138 thread.cpp:76] thread 1052672 deconstruct actor 2207613190337
I1012 16:02:52.327874 29126 thread.cpp:76] thread 1048576 deconstruct actor 2199023255777
I1012 16:02:52.327953 29122 runtime_context.cpp:29] DecreaseCounter job_4_running_actor_count, current val is 15
I1012 16:02:52.327970 29121 runtime_context.cpp:29] DecreaseCounter job_4_running_actor_count, current val is 14
I1012 16:02:52.328006 29126 runtime_context.cpp:29] DecreaseCounter job_1_running_actor_count, current val is 49
I1012 16:02:52.328001 29122 actor.cpp:411] actor 1099614388293 switch to &Actor::HandlerZombie
I1012 16:02:52.328007 29138 runtime_context.cpp:29] DecreaseCounter job_1_running_actor_count, current val is 48
I1012 16:02:52.328055 29126 actor.cpp:408] actor 2199023255745 switch to nullptr
I1012 16:02:52.328092 29138 actor.cpp:408] actor 2207613190363 switch to nullptr
I1012 16:02:52.328105 29126 thread.cpp:76] thread 1048576 deconstruct actor 2199023255745
I1012 16:02:52.328117 29119 thread.cpp:76] thread 524324 deconstruct actor 1099587125248
I1012 16:02:52.328119 29138 thread.cpp:76] thread 1052672 deconstruct actor 2207613190363
I1012 16:02:52.328065 29122 actor.cpp:408] actor 1099614388284 switch to nullptr
I1012 16:02:52.328220 29122 thread.cpp:76] thread 524337 deconstruct actor 1099614388284
I1012 16:02:52.328235 29126 runtime_context.cpp:29] DecreaseCounter job_1_running_actor_count, current val is 47
I1012 16:02:52.328282 29126 actor.cpp:408] actor 2199023255752 switch to nullptr
I1012 16:02:52.328301 29126 thread.cpp:76] thread 1048576 deconstruct actor 2199023255752
I1012 16:02:52.328312 29138 runtime_context.cpp:29] DecreaseCounter job_1_running_actor_count, current val is 46
I1012 16:02:52.328354 29138 actor.cpp:408] actor 2207613190338 switch to nullptr
I1012 16:02:52.328372 29119 runtime_context.cpp:29] DecreaseCounter job_4_running_actor_count, current val is 13
I1012 16:02:52.328372 29138 thread.cpp:76] thread 1052672 deconstruct actor 2207613190338
I1012 16:02:52.328411 29126 runtime_context.cpp:29] DecreaseCounter job_1_running_actor_count, current val is 45
I1012 16:02:52.328456 29122 runtime_context.cpp:29] DecreaseCounter job_4_running_actor_count, current val is 12
I1012 16:02:52.328485 29126 actor.cpp:408] actor 2199023255755 switch to nullptr
I1012 16:02:52.328500 29122 actor.cpp:408] actor 1099614388285 switch to nullptr
I1012 16:02:52.328514 29126 thread.cpp:76] thread 1048576 deconstruct actor 2199023255755
I1012 16:02:52.328516 29120 thread.cpp:76] thread 524325 deconstruct actor 1099589222400
I1012 16:02:52.328536 29138 runtime_context.cpp:29] DecreaseCounter job_1_running_actor_count, current val is 44
I1012 16:02:52.328539 29122 thread.cpp:76] thread 524337 deconstruct actor 1099614388285
I1012 16:02:52.328639 29138 actor.cpp:408] actor 2207613190342 switch to nullptr
I1012 16:02:52.328658 29138 thread.cpp:76] thread 1052672 deconstruct actor 2207613190342
I1012 16:02:52.328657 29126 runtime_context.cpp:29] DecreaseCounter job_1_running_actor_count, current val is 43
I1012 16:02:52.328750 29120 runtime_context.cpp:29] DecreaseCounter job_4_running_actor_count, current val is 11
I1012 16:02:52.328761 29126 actor.cpp:408] actor 2199023255748 switch to nullptr
I1012 16:02:52.328794 29138 runtime_context.cpp:29] DecreaseCounter job_1_running_actor_count, current val is 42
I1012 16:02:52.328819 29126 thread.cpp:76] thread 1048576 deconstruct actor 2199023255748
I1012 16:02:52.328825 29122 runtime_context.cpp:29] DecreaseCounter job_4_running_actor_count, current val is 10
I1012 16:02:52.328864 29138 actor.cpp:408] actor 2207613190371 switch to nullptr
I1012 16:02:52.328927 29122 actor.cpp:411] actor 1099614388235 switch to &Actor::HandlerZombie
I1012 16:02:52.328941 29138 thread.cpp:76] thread 1052672 deconstruct actor 2207613190371
I1012 16:02:52.328974 29122 actor.cpp:408] actor 1099614388225 switch to nullptr
I1012 16:02:52.328994 29122 thread.cpp:76] thread 524337 deconstruct actor 1099614388225
I1012 16:02:52.328994 29126 runtime_context.cpp:29] DecreaseCounter job_1_running_actor_count, current val is 41
I1012 16:02:52.329056 29126 actor.cpp:408] actor 2199023255746 switch to nullptr
I1012 16:02:52.329077 29126 thread.cpp:76] thread 1048576 deconstruct actor 2199023255746
I1012 16:02:52.329080 29138 runtime_context.cpp:29] DecreaseCounter job_1_running_actor_count, current val is 40
I1012 16:02:52.329136 29138 actor.cpp:408] actor 2207613190344 switch to nullptr
I1012 16:02:52.329144 29083 actor.cpp:408] actor 1099511627776 switch to nullptr
I1012 16:02:52.329177 29091 actor.cpp:408] actor 1099528404992 switch to nullptr
I1012 16:02:52.329231 29095 actor.cpp:408] actor 1099536793600 switch to nullptr
I1012 16:02:52.329180 29087 actor.cpp:408] actor 1099520016384 switch to nullptr
I1012 16:02:52.329218 29126 runtime_context.cpp:29] DecreaseCounter job_1_running_actor_count, current val is 39
I1012 16:02:52.329226 29083 thread.cpp:76] thread 524288 deconstruct actor 1099511627776
I1012 16:02:52.329236 29128 actor.cpp:411] actor 2199025352707 switch to &Actor::HandlerZombie
I1012 16:02:52.329232 29122 runtime_context.cpp:29] DecreaseCounter job_0_running_actor_count, current val is 442
I1012 16:02:52.329558 29128 actor.cpp:411] actor 2199025352706 switch to &Actor::HandlerZombie
I1012 16:02:52.329177 29138 thread.cpp:76] thread 1052672 deconstruct actor 2207613190344
I1012 16:02:52.329361 29091 thread.cpp:76] thread 524296 deconstruct actor 1099528404992
I1012 16:02:52.329397 29095 thread.cpp:76] thread 524300 deconstruct actor 1099536793600
I1012 16:02:52.329686 29105 actor.cpp:408] actor 1099557765120 switch to nullptr
I1012 16:02:52.329727 29138 runtime_context.cpp:29] DecreaseCounter job_1_running_actor_count, current val is 38
I1012 16:02:52.329233 29099 actor.cpp:408] actor 1099545182208 switch to nullptr
I1012 16:02:52.329777 29138 actor.cpp:408] actor 2207613190345 switch to nullptr
I1012 16:02:52.329809 29099 thread.cpp:76] thread 524304 deconstruct actor 1099545182208
I1012 16:02:52.329598 29128 actor.cpp:411] actor 2199025352704 switch to &Actor::HandlerZombie
I1012 16:02:52.329474 29126 actor.cpp:408] actor 2199023255770 switch to nullptr
I1012 16:02:52.329866 29128 actor.cpp:411] actor 2199025352705 switch to &Actor::HandlerZombie
I1012 16:02:52.329744 29105 thread.cpp:76] thread 524310 deconstruct actor 1099557765120
I1012 16:02:52.329778 29109 actor.cpp:408] actor 1099566153728 switch to nullptr
I1012 16:02:52.329958 29091 runtime_context.cpp:29] DecreaseCounter job_0_running_actor_count, current val is 441
I1012 16:02:52.329588 29122 actor.cpp:408] actor 1099614388224 switch to nullptr
I1012 16:02:52.329818 29138 thread.cpp:76] thread 1052672 deconstruct actor 2207613190345
I1012 16:02:52.329440 29087 thread.cpp:76] thread 524292 deconstruct actor 1099520016384
I1012 16:02:52.329828 29107 actor.cpp:408] actor 1099561959424 switch to nullptr
I1012 16:02:52.330137 29107 thread.cpp:76] thread 524312 deconstruct actor 1099561959424
I1012 16:02:52.329846 29140 actor.cpp:408] actor 2207615287300 switch to nullptr
I1012 16:02:52.329877 29126 thread.cpp:76] thread 1048576 deconstruct actor 2199023255770
I1012 16:02:52.329900 29128 actor.cpp:408] actor 2199025352709 switch to nullptr
I1012 16:02:52.330322 29128 thread.cpp:76] thread 1048577 deconstruct actor 2199025352709
I1012 16:02:52.329975 29109 thread.cpp:76] thread 524314 deconstruct actor 1099566153728
I1012 16:02:52.330003 29095 runtime_context.cpp:29] DecreaseCounter job_0_running_actor_count, current val is 440
I1012 16:02:52.330030 29122 thread.cpp:76] thread 524337 deconstruct actor 1099614388224
I1012 16:02:52.330055 29099 runtime_context.cpp:29] DecreaseCounter job_0_running_actor_count, current val is 439
I1012 16:02:52.330140 29105 runtime_context.cpp:29] DecreaseCounter job_0_running_actor_count, current val is 438
I1012 16:02:52.329741 29106 actor.cpp:408] actor 1099559862272 switch to nullptr
I1012 16:02:52.330179 29138 runtime_context.cpp:29] DecreaseCounter job_1_running_actor_count, current val is 37
I1012 16:02:52.330660 29109 runtime_context.cpp:29] DecreaseCounter job_0_running_actor_count, current val is 434
I1012 16:02:52.330217 29140 thread.cpp:76] thread 1052673 deconstruct actor 2207615287300
I1012 16:02:52.329759 29108 actor.cpp:411] actor 1099564056576 switch to &Actor::HandlerZombie
I1012 16:02:52.330837 29108 thread.cpp:76] thread 524313 deconstruct actor 1099564056576
I1012 16:02:52.330848 29140 runtime_context.cpp:29] DecreaseCounter job_0_running_actor_count, current val is 432
I1012 16:02:52.330406 29107 runtime_context.cpp:29] DecreaseCounter job_0_running_actor_count, current val is 436
I1012 16:02:52.330636 29106 thread.cpp:76] thread 524311 deconstruct actor 1099559862272
I1012 16:02:52.330684 29138 actor.cpp:408] actor 2207613190348 switch to nullptr
I1012 16:02:52.331049 29138 thread.cpp:76] thread 1052672 deconstruct actor 2207613190348
I1012 16:02:52.330724 29122 runtime_context.cpp:29] DecreaseCounter job_0_running_actor_count, current val is 433
I1012 16:02:52.331084 29108 runtime_context.cpp:29] DecreaseCounter job_0_running_actor_count, current val is 431
I1012 16:02:52.330365 29126 runtime_context.cpp:29] DecreaseCounter job_1_running_actor_count, current val is 36
I1012 16:02:52.331144 29106 runtime_context.cpp:29] DecreaseCounter job_0_running_actor_count, current val is 430
I1012 16:02:52.330468 29128 runtime_context.cpp:29] DecreaseCounter job_0_running_actor_count, current val is 435
I1012 16:02:52.331193 29126 actor.cpp:408] actor 2199023255751 switch to nullptr
I1012 16:02:52.330332 29087 runtime_context.cpp:29] DecreaseCounter job_0_running_actor_count, current val is 437
I1012 16:02:52.331120 29122 actor.cpp:408] actor 1099614388226 switch to nullptr
I1012 16:02:52.331207 29138 runtime_context.cpp:29] DecreaseCounter job_1_running_actor_count, current val is 35
I1012 16:02:52.331233 29128 thread.cpp:76] thread 1048577 deconstruct actor 2199025352705
I1012 16:02:52.331357 29088 actor.cpp:408] actor 1099522113536 switch to nullptr
I1012 16:02:52.331274 29084 actor.cpp:408] actor 1099513724928 switch to nullptr
I1012 16:02:52.331290 29096 actor.cpp:408] actor 1099538890752 switch to nullptr
I1012 16:02:52.331308 29122 thread.cpp:76] thread 524337 deconstruct actor 1099614388226
I1012 16:02:52.331317 29092 actor.cpp:408] actor 1099530502144 switch to nullptr
I1012 16:02:52.331346 29100 actor.cpp:408] actor 1099547279360 switch to nullptr
I1012 16:02:52.331359 29138 actor.cpp:408] actor 2207613190346 switch to nullptr
I1012 16:02:52.331669 29138 thread.cpp:76] thread 1052672 deconstruct actor 2207613190346
I1012 16:02:52.331233 29126 thread.cpp:76] thread 1048576 deconstruct actor 2199023255751
I1012 16:02:52.331753 29122 runtime_context.cpp:29] DecreaseCounter job_0_running_actor_count, current val is 428
I1012 16:02:52.331420 29088 thread.cpp:76] thread 524293 deconstruct actor 1099522113536
I1012 16:02:52.331485 29084 thread.cpp:76] thread 524289 deconstruct actor 1099513724928
I1012 16:02:52.331490 29128 runtime_context.cpp:29] DecreaseCounter job_0_running_actor_count, current val is 429
I1012 16:02:52.331905 29126 runtime_context.cpp:29] DecreaseCounter job_1_running_actor_count, current val is 33
I1012 16:02:52.331991 29101 actor.cpp:408] actor 1099549376512 switch to nullptr
I1012 16:02:52.331581 29092 thread.cpp:76] thread 524297 deconstruct actor 1099530502144
I1012 16:02:52.331800 29122 actor.cpp:408] actor 1099614388227 switch to nullptr
I1012 16:02:52.332172 29088 runtime_context.cpp:29] DecreaseCounter job_0_running_actor_count, current val is 427
I1012 16:02:52.331935 29128 thread.cpp:76] thread 1048577 deconstruct actor 2199025352704
I1012 16:02:52.331943 29085 actor.cpp:408] actor 1099515822080 switch to nullptr
I1012 16:02:52.332310 29085 thread.cpp:76] thread 524290 deconstruct actor 1099515822080
I1012 16:02:52.331998 29097 actor.cpp:408] actor 1099540987904 switch to nullptr
