Log file created at: 2021/10/14 10:08:10
Running on machine: oneflow-14
Log line format: [IWEF]mmdd hh:mm:ss.uuuuuu threadid file:line] msg
I1014 10:08:10.562239 30248 global.h:36] NewGlobal 14cudaDeviceProp
I1014 10:08:10.563622 30248 global.h:36] NewGlobal N7oneflow7EnvDescE
I1014 10:08:10.563645 30248 global.h:36] NewGlobal N7oneflow10ProcessCtxE
I1014 10:08:10.563653 30248 env_global_objects_scope.cpp:152] using rpc backend: local
I1014 10:08:10.563678 30248 global.h:36] NewGlobal N7oneflow12ResourceDescE
I1014 10:08:10.563694 30248 global.h:36] NewGlobal N7oneflow12ResourceDescE
I1014 10:08:10.628927 30248 global.h:36] NewGlobal N7oneflow10ThreadPoolE
I1014 10:08:10.630151 30248 global.h:36] NewGlobal N7oneflow16EagerNcclCommMgrE
I1014 10:08:10.630168 30248 global.h:36] NewGlobal N7oneflow18CudnnConvAlgoCacheE
I1014 10:08:10.630182 30248 global.h:36] NewGlobal N7oneflow2vm19VirtualMachineScopeE
I1014 10:08:10.630190 30248 global.h:36] NewGlobal N7oneflow9OneflowVME
I1014 10:08:10.631192 30248 oneflow_vm.cpp:75] transport stream type: N7oneflow2vm13CpuStreamTypeE
I1014 10:08:10.631212 30248 oneflow_vm.cpp:75] transport stream type: N7oneflow2vm14CudaStreamTypeE
I1014 10:08:10.631220 30248 oneflow_vm.cpp:75] transport stream type: N7oneflow2vm19AsyncCudaStreamTypeE
I1014 10:08:10.631359 30248 global.h:36] NewGlobal N7oneflow27EagerJobBuildAndInferCtxMgrE
I1014 10:08:10.631376 30248 global.h:36] NewGlobal N7oneflow12EpollCommNetE
I1014 10:08:10.631516 30248 epoll_comm_network.cpp:63] CommNet:Epoll listening on 0.0.0.0:45906
I1014 10:08:10.631556 30248 epoll_comm_network.cpp:197] machine 0 sockfd -1
I1014 10:08:10.631695 30248 global.h:36] NewGlobal N7oneflow9TransportE
I1014 10:08:10.633409 30248 global.h:43] DeleteGlobal N7oneflow12ResourceDescE
I1014 10:08:10.633440 30248 version.cpp:22] OneFlow git version: b295ca2324
I1014 10:08:10.633460 30248 device_register_gpu.cpp:56] CUDA runtime version: 11.2
I1014 10:08:10.633488 30248 device_register_gpu.cpp:65] cuDNN version: 8.1.1
I1014 10:08:10.633502 30248 device_register_gpu.cpp:78] NCCL version: 2.9.8
I1014 10:08:10.633512 30248 global.h:36] NewGlobal N7oneflow12ResourceDescE
I1014 10:08:10.633520 30248 global.h:36] NewGlobal N7oneflow5IDMgrE
I1014 10:08:10.633529 30248 global.h:36] NewGlobal N7oneflow16AvailableMemDescE
I1014 10:08:10.633554 30248 global.h:36] NewGlobal St13unordered_mapISslSt4hashISsESt8equal_toISsESaISt4pairIKSslEEE
I1014 10:08:10.633563 30248 global.h:36] NewGlobal N7oneflow19CriticalSectionDescE
I1014 10:08:10.633582 30248 global.h:36] NewGlobal N7oneflow16InterUserJobInfoE
I1014 10:08:10.633592 30248 global.h:36] NewGlobal N7oneflow26LazyJobBuildAndInferCtxMgrE
I1014 10:08:10.633600 30248 global.h:36] NewGlobal N7oneflow16JobSetCompileCtxE
I1014 10:08:10.633608 30248 global.h:36] NewGlobal N7oneflow26RuntimeBufferManagersScopeE
I1014 10:08:10.633617 30248 global.h:36] NewGlobal N7oneflow9BufferMgrIlEE
I1014 10:08:10.633626 30248 global.h:36] NewGlobal N7oneflow9BufferMgrISt10shared_ptrINS_11JobInstanceEEEE
I1014 10:08:10.633635 30248 global.h:36] NewGlobal N7oneflow10RuntimeCtxE
I1014 10:08:10.633642 30248 global.h:36] NewGlobal N7oneflow15MemoryAllocatorE
I1014 10:08:10.633649 30248 global.h:36] NewGlobal N7oneflow8ChunkMgrE
I1014 10:08:10.633657 30248 global.h:36] NewGlobal N7oneflow8RegstMgrE
I1014 10:08:10.633666 30248 global.h:36] NewGlobal N7oneflow11ActorMsgBusE
I1014 10:08:10.633672 30248 global.h:36] NewGlobal N7oneflow9ThreadMgrE
I1014 10:08:10.633680 30248 global.h:36] NewGlobal N7oneflow15RuntimeJobDescsE
I1014 10:08:10.633687 30248 global.h:36] NewGlobal N7oneflow7summary12EventsWriterE
I1014 10:08:10.633698 30248 global.h:36] NewGlobal N7oneflow6boxing10collective24CollectiveBoxingExecutorE
I1014 10:08:10.633706 30248 global.h:36] NewGlobal N7oneflow6boxing10collective31CollectiveBoxingDeviceCtxPollerE
I1014 10:08:10.633841 30248 session.h:77] NewGlobal N7oneflow25SessionGlobalObjectsScopeE
I1014 10:08:10.634658 30248 global.h:36] NewGlobal N7oneflow7JobDescE
I1014 10:08:11.224438 30248 global.h:43] DeleteGlobal N7oneflow7JobDescE
I1014 10:08:11.224666 30248 global.h:36] NewGlobal N7oneflow7JobDescE
I1014 10:08:11.228011 30248 global.h:36] NewGlobal N7oneflow7OpGraphE
I1014 10:08:11.232549 30248 global.h:43] DeleteGlobal N7oneflow7OpGraphE
I1014 10:08:11.408856 30248 global.h:43] DeleteGlobal N7oneflow7JobDescE
I1014 10:08:11.426614 30248 global.h:36] NewGlobal N7oneflow24InterJobReuseMemStrategyE
I1014 10:08:11.426652 30248 global.h:36] NewGlobal N7oneflow7OneflowE
I1014 10:08:11.438750 30248 global.h:36] NewGlobal N7oneflow7JobDescE
I1014 10:08:11.672129 30248 global.h:36] NewGlobal N7oneflow7OpGraphE
I1014 10:08:11.748941 30248 global.h:43] DeleteGlobal N7oneflow7OpGraphE
I1014 10:08:11.757158 30248 oneflow.cpp:210] 
job_id: 0 , job_name: train_job , compile time: 0.318348 seconds.
I1014 10:08:11.808136 30248 global.h:43] DeleteGlobal N7oneflow7JobDescE
I1014 10:08:11.808445 30248 global.h:36] NewGlobal N7oneflow7JobDescE
I1014 10:08:11.854470 30248 global.h:36] NewGlobal N7oneflow7OpGraphE
I1014 10:08:11.870986 30248 global.h:43] DeleteGlobal N7oneflow7OpGraphE
I1014 10:08:11.875228 30248 oneflow.cpp:210] 
job_id: 1 , job_name: System-ModelInit , compile time: 0.0663603 seconds.
I1014 10:08:11.886854 30248 global.h:43] DeleteGlobal N7oneflow7JobDescE
I1014 10:08:11.886924 30248 global.h:36] NewGlobal N7oneflow7JobDescE
I1014 10:08:11.931100 30248 global.h:36] NewGlobal N7oneflow7OpGraphE
I1014 10:08:11.948082 30248 global.h:43] DeleteGlobal N7oneflow7OpGraphE
I1014 10:08:11.952090 30248 oneflow.cpp:210] 
job_id: 2 , job_name: System-ModelLoad , compile time: 0.0651451 seconds.
I1014 10:08:11.963809 30248 global.h:43] DeleteGlobal N7oneflow7JobDescE
I1014 10:08:11.963850 30248 global.h:36] NewGlobal N7oneflow7JobDescE
I1014 10:08:12.007853 30248 global.h:36] NewGlobal N7oneflow7OpGraphE
I1014 10:08:12.023690 30248 global.h:43] DeleteGlobal N7oneflow7OpGraphE
I1014 10:08:12.027377 30248 oneflow.cpp:210] 
job_id: 3 , job_name: System-ModelSave , compile time: 0.0635082 seconds.
I1014 10:08:12.039026 30248 global.h:43] DeleteGlobal N7oneflow7JobDescE
I1014 10:08:12.039068 30248 global.h:36] NewGlobal N7oneflow7JobDescE
I1014 10:08:12.047281 30248 global.h:36] NewGlobal N7oneflow7OpGraphE
I1014 10:08:12.050906 30248 global.h:43] DeleteGlobal N7oneflow7OpGraphE
I1014 10:08:12.052318 30248 oneflow.cpp:210] 
job_id: 4 , job_name: System-Pull-Return_27 , compile time: 0.0132303 seconds.
I1014 10:08:12.055811 30248 global.h:43] DeleteGlobal N7oneflow7JobDescE
I1014 10:08:12.059890 30248 global.h:36] NewGlobal N7oneflow7JobDescE
I1014 10:08:12.059952 30248 global.h:36] NewGlobal N7oneflow7OpGraphE
I1014 10:08:12.065075 30248 global.h:43] DeleteGlobal N7oneflow7OpGraphE
I1014 10:08:12.067598 30248 oneflow.cpp:210] 
job_id: 5 , job_name: MainJob-unamed , compile time: 0.00765619 seconds.
I1014 10:08:12.074347 30248 global.h:43] DeleteGlobal N7oneflow7JobDescE
I1014 10:08:12.076943 30248 plan_util.cpp:928]  Plan: merged_plan needs to allocate [ 1457.3 MiB ] device memory in Rank: 0 , Device: 0
I1014 10:08:12.181926 30248 oneflow.cpp:998]  PushPlan merged_plan time: 0.0103109 seconds.
I1014 10:08:12.211246 30248 oneflow.cpp:1014]  PullPlan merged_plan time: 0.024768 seconds.
I1014 10:08:14.138895 30248 runtime_context.cpp:21] NewCounter constructing_actor_cnt 409
I1014 10:08:14.139897 30788 naive_actor.cpp:25] actor 2199023255720 switch to &NaiveActor::HandlerNormal
I1014 10:08:14.139945 30776 naive_actor.cpp:25] actor 1099614388233 switch to &NaiveActor::HandlerNormal
I1014 10:08:14.140069 30788 thread.cpp:96] Thread 1048576 construct Actor kDeviceTick 2199023255720
I1014 10:08:14.140131 30776 thread.cpp:96] Thread 524337 construct Actor kDeviceTick 1099614388233
I1014 10:08:14.140216 30777 wait_and_send_ids_actor.cpp:53] actor 1099616485376 switch to &WaitAndSendIdsActor::HandlerWaitToStart
I1014 10:08:14.140233 30788 runtime_context.cpp:29] DecreaseCounter constructing_actor_cnt, current val is 408
I1014 10:08:14.140257 30776 runtime_context.cpp:29] DecreaseCounter constructing_actor_cnt, current val is 407
I1014 10:08:14.140265 30777 thread.cpp:96] Thread 524338 construct Actor kWaitAndSendIds 1099616485376
I1014 10:08:14.140602 30776 naive_actor.cpp:25] actor 1099614388226 switch to &NaiveActor::HandlerNormal
I1014 10:08:14.140628 30788 naive_actor.cpp:25] actor 2199023255759 switch to &NaiveActor::HandlerNormal
I1014 10:08:14.140635 30777 runtime_context.cpp:29] DecreaseCounter constructing_actor_cnt, current val is 406
I1014 10:08:14.140674 30776 thread.cpp:96] Thread 524337 construct Actor kDeviceTick 1099614388226
I1014 10:08:14.140708 30788 thread.cpp:96] Thread 1048576 construct Actor kDeviceTick 2199023255759
I1014 10:08:14.140800 30776 runtime_context.cpp:29] DecreaseCounter constructing_actor_cnt, current val is 405
I1014 10:08:14.140820 30788 runtime_context.cpp:29] DecreaseCounter constructing_actor_cnt, current val is 404
I1014 10:08:14.141050 30776 naive_actor.cpp:25] actor 1099614388243 switch to &NaiveActor::HandlerNormal
I1014 10:08:14.141079 30788 naive_actor.cpp:25] actor 2199023255798 switch to &NaiveActor::HandlerNormal
I1014 10:08:14.141101 30776 thread.cpp:96] Thread 524337 construct Actor kDeviceTick 1099614388243
I1014 10:08:14.141130 30788 thread.cpp:96] Thread 1048576 construct Actor kDeviceTick 2199023255798
I1014 10:08:14.141185 30776 runtime_context.cpp:29] DecreaseCounter constructing_actor_cnt, current val is 403
I1014 10:08:14.141203 30788 runtime_context.cpp:29] DecreaseCounter constructing_actor_cnt, current val is 402
I1014 10:08:14.141402 30776 naive_actor.cpp:25] actor 1099614388252 switch to &NaiveActor::HandlerNormal
I1014 10:08:14.141451 30788 naive_actor.cpp:25] actor 2199023255837 switch to &NaiveActor::HandlerNormal
I1014 10:08:14.141453 30776 thread.cpp:96] Thread 524337 construct Actor kDeviceTick 1099614388252
I1014 10:08:14.141489 30788 thread.cpp:96] Thread 1048576 construct Actor kDeviceTick 2199023255837
I1014 10:08:14.141541 30776 runtime_context.cpp:29] DecreaseCounter constructing_actor_cnt, current val is 401
I1014 10:08:14.141558 30788 runtime_context.cpp:29] DecreaseCounter constructing_actor_cnt, current val is 400
I1014 10:08:14.141791 30776 naive_actor.cpp:25] actor 1099614388261 switch to &NaiveActor::HandlerNormal
I1014 10:08:14.141824 30776 thread.cpp:96] Thread 524337 construct Actor kDeviceTick 1099614388261
I1014 10:08:14.141872 30776 runtime_context.cpp:29] DecreaseCounter constructing_actor_cnt, current val is 399
I1014 10:08:14.142077 30776 naive_actor.cpp:25] actor 1099614388269 switch to &NaiveActor::HandlerNormal
I1014 10:08:14.142109 30776 thread.cpp:96] Thread 524337 construct Actor kDeviceTick 1099614388269
I1014 10:08:14.142156 30776 runtime_context.cpp:29] DecreaseCounter constructing_actor_cnt, current val is 398
I1014 10:08:14.142360 30776 naive_actor.cpp:25] actor 1099614388276 switch to &NaiveActor::HandlerNormal
I1014 10:08:14.142391 30776 thread.cpp:96] Thread 524337 construct Actor kDeviceTick 1099614388276
I1014 10:08:14.142441 30776 runtime_context.cpp:29] DecreaseCounter constructing_actor_cnt, current val is 397
I1014 10:08:14.149732 30771 naive_actor.cpp:25] actor 1099547279360 switch to &NaiveActor::HandlerNormal
I1014 10:08:14.149789 30770 naive_actor.cpp:25] actor 1099545182208 switch to &NaiveActor::HandlerNormal
I1014 10:08:14.149897 30770 thread.cpp:96] Thread 524304 construct Actor kNormalForward 1099545182208
I1014 10:08:14.149813 30759 naive_actor.cpp:25] actor 1099522113536 switch to &NaiveActor::HandlerNormal
I1014 10:08:14.149817 30771 thread.cpp:96] Thread 524305 construct Actor kForeignInput 1099547279360
I1014 10:08:14.149987 30770 runtime_context.cpp:29] DecreaseCounter constructing_actor_cnt, current val is 396
I1014 10:08:14.150004 30760 naive_actor.cpp:25] actor 1099524210688 switch to &NaiveActor::HandlerNormal
I1014 10:08:14.150035 30764 naive_actor.cpp:25] actor 1099532599296 switch to &NaiveActor::HandlerNormal
I1014 10:08:14.150108 30759 thread.cpp:96] Thread 524293 construct Actor kNormalForward 1099522113536
I1014 10:08:14.150471 30758 naive_actor.cpp:25] actor 1099520016384 switch to &NaiveActor::HandlerNormal
I1014 10:08:14.150153 30773 naive_actor.cpp:25] actor 1099551473664 switch to &NaiveActor::HandlerNormal
I1014 10:08:14.150561 30758 thread.cpp:96] Thread 524292 construct Actor kNormalForward 1099520016384
I1014 10:08:14.150686 30790 naive_actor.cpp:25] actor 2199025352704 switch to &NaiveActor::HandlerNormal
I1014 10:08:14.150216 30767 naive_actor.cpp:25] actor 1099538890752 switch to &NaiveActor::HandlerNormal
I1014 10:08:14.150267 30771 runtime_context.cpp:29] DecreaseCounter constructing_actor_cnt, current val is 395
I1014 10:08:14.150279 30768 naive_actor.cpp:25] actor 1099540987904 switch to &NaiveActor::HandlerNormal
I1014 10:08:14.150279 30769 naive_actor.cpp:25] actor 1099543085056 switch to &NaiveActor::HandlerNormal
I1014 10:08:14.151124 30769 thread.cpp:96] Thread 524303 construct Actor kNormalForward 1099543085056
I1014 10:08:14.150315 30772 naive_actor.cpp:25] actor 1099549376512 switch to &NaiveActor::HandlerNormal
I1014 10:08:14.151227 30772 thread.cpp:96] Thread 524306 construct Actor kNormalForward 1099549376512
I1014 10:08:14.150336 30757 naive_actor.cpp:25] actor 1099517919232 switch to &NaiveActor::HandlerNormal
I1014 10:08:14.151321 30757 thread.cpp:96] Thread 524291 construct Actor kNormalForward 1099517919232
I1014 10:08:14.150429 30764 thread.cpp:96] Thread 524298 construct Actor kNormalForward 1099532599296
I1014 10:08:14.150425 30755 naive_actor.cpp:25] actor 1099513724928 switch to &NaiveActor::HandlerNormal
I1014 10:08:14.151470 30755 thread.cpp:96] Thread 524289 construct Actor kNormalForward 1099513724928
I1014 10:08:14.150460 30776 naive_actor.cpp:25] actor 1099614388230 switch to &NaiveActor::HandlerNormal
I1014 10:08:14.150473 30762 naive_actor.cpp:25] actor 1099528404992 switch to &NaiveActor::HandlerNormal
I1014 10:08:14.151595 30776 thread.cpp:96] Thread 524337 construct Actor kTick 1099614388230
I1014 10:08:14.151619 30762 thread.cpp:96] Thread 524296 construct Actor kNormalForward 1099528404992
I1014 10:08:14.150559 30759 runtime_context.cpp:29] DecreaseCounter constructing_actor_cnt, current val is 394
I1014 10:08:14.150092 30761 naive_actor.cpp:25] actor 1099526307840 switch to &NaiveActor::HandlerNormal
I1014 10:08:14.151705 30762 runtime_context.cpp:29] DecreaseCounter constructing_actor_cnt, current val is 386
I1014 10:08:14.150660 30788 naive_actor.cpp:25] actor 2199023255553 switch to &NaiveActor::HandlerNormal
I1014 10:08:14.150213 30765 naive_actor.cpp:25] actor 1099534696448 switch to &NaiveActor::HandlerNormal
I1014 10:08:14.150743 30774 naive_actor.cpp:25] actor 1099553570816 switch to &NaiveActor::HandlerNormal
I1014 10:08:14.151911 30774 thread.cpp:96] Thread 524308 construct Actor kNormalForward 1099553570816
I1014 10:08:14.150766 30758 runtime_context.cpp:29] DecreaseCounter constructing_actor_cnt, current val is 393
I1014 10:08:14.150810 30790 thread.cpp:96] Thread 1048577 construct Actor kCopyHd 2199025352704
I1014 10:08:14.150820 30792 naive_actor.cpp:25] actor 2199027449856 switch to &NaiveActor::HandlerNormal
I1014 10:08:14.150887 30756 naive_actor.cpp:25] actor 1099515822080 switch to &NaiveActor::HandlerNormal
I1014 10:08:14.150892 30767 thread.cpp:96] Thread 524301 construct Actor kNormalForward 1099538890752
I1014 10:08:14.151086 30768 thread.cpp:96] Thread 524302 construct Actor kForeignInput 1099540987904
I1014 10:08:14.151190 30769 runtime_context.cpp:29] DecreaseCounter constructing_actor_cnt, current val is 392
I1014 10:08:14.150331 30763 naive_actor.cpp:25] actor 1099530502144 switch to &NaiveActor::HandlerNormal
I1014 10:08:14.152357 30763 thread.cpp:96] Thread 524297 construct Actor kNormalForward 1099530502144
I1014 10:08:14.151333 30772 runtime_context.cpp:29] DecreaseCounter constructing_actor_cnt, current val is 391
I1014 10:08:14.152442 30763 runtime_context.cpp:29] DecreaseCounter constructing_actor_cnt, current val is 381
I1014 10:08:14.151423 30757 runtime_context.cpp:29] DecreaseCounter constructing_actor_cnt, current val is 390
I1014 10:08:14.151430 30764 runtime_context.cpp:29] DecreaseCounter constructing_actor_cnt, current val is 389
I1014 10:08:14.151523 30755 runtime_context.cpp:29] DecreaseCounter constructing_actor_cnt, current val is 388
I1014 10:08:14.150097 30766 naive_actor.cpp:25] actor 1099536793600 switch to &NaiveActor::HandlerNormal
I1014 10:08:14.152664 30766 thread.cpp:96] Thread 524300 construct Actor kNormalForward 1099536793600
I1014 10:08:14.151684 30776 runtime_context.cpp:29] DecreaseCounter constructing_actor_cnt, current val is 387
I1014 10:08:14.150637 30773 thread.cpp:96] Thread 524307 construct Actor kNormalForward 1099551473664
I1014 10:08:14.151715 30761 thread.cpp:96] Thread 524295 construct Actor kNormalForward 1099526307840
I1014 10:08:14.151767 30788 thread.cpp:96] Thread 1048576 construct Actor kNormalForward 2199023255553
I1014 10:08:14.151816 30765 thread.cpp:96] Thread 524299 construct Actor kForeignInput 1099534696448
I1014 10:08:14.150758 30778 sink_actor.cpp:21] actor 1099618582528 switch to &SinkActor::HandlerNormal
I1014 10:08:14.152966 30778 thread.cpp:96] Thread 524339 construct Actor kCallbackNotify 1099618582528
I1014 10:08:14.152040 30790 runtime_context.cpp:29] DecreaseCounter constructing_actor_cnt, current val is 384
I1014 10:08:14.152087 30792 thread.cpp:96] Thread 1048578 construct Actor kCopyHd 2199027449856
I1014 10:08:14.153036 30778 runtime_context.cpp:29] DecreaseCounter constructing_actor_cnt, current val is 375
I1014 10:08:14.152225 30767 runtime_context.cpp:29] DecreaseCounter constructing_actor_cnt, current val is 383
I1014 10:08:14.152303 30768 runtime_context.cpp:29] DecreaseCounter constructing_actor_cnt, current val is 382
I1014 10:08:14.150398 30760 thread.cpp:96] Thread 524294 construct Actor kNormalForward 1099524210688
I1014 10:08:14.150548 30775 naive_actor.cpp:25] actor 1099555667968 switch to &NaiveActor::HandlerNormal
I1014 10:08:14.153277 30760 runtime_context.cpp:29] DecreaseCounter constructing_actor_cnt, current val is 373
I1014 10:08:14.152700 30766 runtime_context.cpp:29] DecreaseCounter constructing_actor_cnt, current val is 380
I1014 10:08:14.152781 30773 runtime_context.cpp:29] DecreaseCounter constructing_actor_cnt, current val is 379
I1014 10:08:14.152840 30761 runtime_context.cpp:29] DecreaseCounter constructing_actor_cnt, current val is 378
I1014 10:08:14.152861 30788 runtime_context.cpp:29] DecreaseCounter constructing_actor_cnt, current val is 377
I1014 10:08:14.152977 30765 runtime_context.cpp:29] DecreaseCounter constructing_actor_cnt, current val is 376
I1014 10:08:14.153021 30776 naive_actor.cpp:25] actor 1099614388234 switch to &NaiveActor::HandlerNormal
I1014 10:08:14.152040 30774 runtime_context.cpp:29] DecreaseCounter constructing_actor_cnt, current val is 385
I1014 10:08:14.152117 30756 thread.cpp:96] Thread 524290 construct Actor kNormalForward 1099515822080
I1014 10:08:14.153074 30792 runtime_context.cpp:29] DecreaseCounter constructing_actor_cnt, current val is 374
I1014 10:08:14.153172 30790 naive_actor.cpp:25] actor 2199025352706 switch to &NaiveActor::HandlerNormal
I1014 10:08:14.153863 30790 thread.cpp:96] Thread 1048577 construct Actor kCopyHd 2199025352706
I1014 10:08:14.153299 30775 thread.cpp:96] Thread 524309 construct Actor kForeignOutput 1099555667968
I1014 10:08:14.153625 30776 thread.cpp:96] Thread 524337 construct Actor kSrcSubsetTick 1099614388234
I1014 10:08:14.153822 30756 runtime_context.cpp:29] DecreaseCounter constructing_actor_cnt, current val is 372
I1014 10:08:14.154075 30776 runtime_context.cpp:29] DecreaseCounter constructing_actor_cnt, current val is 369
I1014 10:08:14.153992 30775 runtime_context.cpp:29] DecreaseCounter constructing_actor_cnt, current val is 370
I1014 10:08:14.153910 30790 runtime_context.cpp:29] DecreaseCounter constructing_actor_cnt, current val is 371
I1014 10:08:14.154351 30790 naive_actor.cpp:25] actor 2199025352708 switch to &NaiveActor::HandlerNormal
I1014 10:08:14.154402 30790 thread.cpp:96] Thread 1048577 construct Actor kCopyHd 2199025352708
I1014 10:08:14.154443 30776 naive_actor.cpp:25] actor 1099614388228 switch to &NaiveActor::HandlerNormal
I1014 10:08:14.154460 30790 runtime_context.cpp:29] DecreaseCounter constructing_actor_cnt, current val is 368
I1014 10:08:14.154505 30776 thread.cpp:96] Thread 524337 construct Actor kTick 1099614388228
I1014 10:08:14.154587 30788 naive_actor.cpp:25] actor 2199023255559 switch to &NaiveActor::HandlerNormal
I1014 10:08:14.154706 30776 runtime_context.cpp:29] DecreaseCounter constructing_actor_cnt, current val is 367
I1014 10:08:14.154740 30788 thread.cpp:96] Thread 1048576 construct Actor kNormalForward 2199023255559
I1014 10:08:14.154745 30790 naive_actor.cpp:25] actor 2199025352707 switch to &NaiveActor::HandlerNormal
I1014 10:08:14.154899 30788 runtime_context.cpp:29] DecreaseCounter constructing_actor_cnt, current val is 366
I1014 10:08:14.154970 30790 thread.cpp:96] Thread 1048577 construct Actor kCopyHd 2199025352707
I1014 10:08:14.155081 30790 runtime_context.cpp:29] DecreaseCounter constructing_actor_cnt, current val is 365
I1014 10:08:14.155144 30776 naive_actor.cpp:25] actor 1099614388232 switch to &NaiveActor::HandlerNormal
I1014 10:08:14.155196 30776 thread.cpp:96] Thread 524337 construct Actor kTick 1099614388232
I1014 10:08:14.155261 30776 runtime_context.cpp:29] DecreaseCounter constructing_actor_cnt, current val is 364
I1014 10:08:14.155443 30790 naive_actor.cpp:25] actor 2199025352705 switch to &NaiveActor::HandlerNormal
I1014 10:08:14.155499 30790 thread.cpp:96] Thread 1048577 construct Actor kCopyHd 2199025352705
I1014 10:08:14.155578 30790 runtime_context.cpp:29] DecreaseCounter constructing_actor_cnt, current val is 363
I1014 10:08:14.155774 30776 naive_actor.cpp:25] actor 1099614388225 switch to &NaiveActor::HandlerNormal
I1014 10:08:14.155776 30790 naive_actor.cpp:25] actor 2199025352709 switch to &NaiveActor::HandlerNormal
I1014 10:08:14.155831 30776 thread.cpp:96] Thread 524337 construct Actor kSrcSubsetTick 1099614388225
I1014 10:08:14.155869 30790 thread.cpp:96] Thread 1048577 construct Actor kCopyHd 2199025352709
I1014 10:08:14.155937 30776 runtime_context.cpp:29] DecreaseCounter constructing_actor_cnt, current val is 362
I1014 10:08:14.155947 30790 runtime_context.cpp:29] DecreaseCounter constructing_actor_cnt, current val is 361
I1014 10:08:14.156075 30788 naive_actor.cpp:25] actor 2199023255556 switch to &NaiveActor::HandlerNormal
I1014 10:08:14.156136 30788 thread.cpp:96] Thread 1048576 construct Actor kNormalForward 2199023255556
I1014 10:08:14.156148 30790 naive_actor.cpp:25] actor 2199025352710 switch to &NaiveActor::HandlerNormal
I1014 10:08:14.156215 30790 thread.cpp:96] Thread 1048577 construct Actor kCopyHd 2199025352710
I1014 10:08:14.156239 30788 runtime_context.cpp:29] DecreaseCounter constructing_actor_cnt, current val is 360
I1014 10:08:14.156282 30790 runtime_context.cpp:29] DecreaseCounter constructing_actor_cnt, current val is 359
I1014 10:08:14.156368 30776 naive_actor.cpp:25] actor 1099614388236 switch to &NaiveActor::HandlerNormal
I1014 10:08:14.156461 30776 thread.cpp:96] Thread 524337 construct Actor kTick 1099614388236
I1014 10:08:14.156550 30776 runtime_context.cpp:29] DecreaseCounter constructing_actor_cnt, current val is 358
I1014 10:08:14.156947 30776 naive_actor.cpp:25] actor 1099614388224 switch to &NaiveActor::HandlerNormal
I1014 10:08:14.157001 30776 thread.cpp:96] Thread 524337 construct Actor kDeviceTick 1099614388224
I1014 10:08:14.157076 30776 runtime_context.cpp:29] DecreaseCounter constructing_actor_cnt, current val is 357
I1014 10:08:14.157124 30788 naive_actor.cpp:25] actor 2199023255565 switch to &NaiveActor::HandlerNormal
I1014 10:08:14.157181 30788 thread.cpp:96] Thread 1048576 construct Actor kNormalForward 2199023255565
I1014 10:08:14.157261 30788 runtime_context.cpp:29] DecreaseCounter constructing_actor_cnt, current val is 356
I1014 10:08:14.157481 30776 naive_actor.cpp:25] actor 1099614388231 switch to &NaiveActor::HandlerNormal
I1014 10:08:14.157534 30776 thread.cpp:96] Thread 524337 construct Actor kTick 1099614388231
I1014 10:08:14.157619 30776 runtime_context.cpp:29] DecreaseCounter constructing_actor_cnt, current val is 355
I1014 10:08:14.158102 30788 naive_actor.cpp:25] actor 2199023255572 switch to &NaiveActor::HandlerNormal
I1014 10:08:14.158155 30776 esac_actor.cpp:73] actor 1099614388321 switch to &EsacActor::HandlerNormal
I1014 10:08:14.158157 30788 thread.cpp:96] Thread 1048576 construct Actor kNormalForward 2199023255572
I1014 10:08:14.158305 30776 thread.cpp:96] Thread 524337 construct Actor kEsac 1099614388321
I1014 10:08:14.158378 30788 runtime_context.cpp:29] DecreaseCounter constructing_actor_cnt, current val is 354
I1014 10:08:14.158447 30776 runtime_context.cpp:29] DecreaseCounter constructing_actor_cnt, current val is 353
I1014 10:08:14.158771 30788 naive_actor.cpp:25] actor 2199023255568 switch to &NaiveActor::HandlerNormal
I1014 10:08:14.158823 30788 thread.cpp:96] Thread 1048576 construct Actor kNormalForward 2199023255568
I1014 10:08:14.158843 30776 naive_actor.cpp:25] actor 1099614388239 switch to &NaiveActor::HandlerNormal
I1014 10:08:14.158900 30776 thread.cpp:96] Thread 524337 construct Actor kTick 1099614388239
I1014 10:08:14.158900 30788 runtime_context.cpp:29] DecreaseCounter constructing_actor_cnt, current val is 352
I1014 10:08:14.158982 30776 runtime_context.cpp:29] DecreaseCounter constructing_actor_cnt, current val is 351
I1014 10:08:14.159304 30776 naive_actor.cpp:25] actor 1099614388238 switch to &NaiveActor::HandlerNormal
I1014 10:08:14.159358 30776 thread.cpp:96] Thread 524337 construct Actor kTick 1099614388238
I1014 10:08:14.159431 30776 runtime_context.cpp:29] DecreaseCounter constructing_actor_cnt, current val is 350
I1014 10:08:14.159780 30788 naive_actor.cpp:25] actor 2199023255593 switch to &NaiveActor::HandlerNormal
I1014 10:08:14.159830 30788 thread.cpp:96] Thread 1048576 construct Actor kNormalForward 2199023255593
I1014 10:08:14.159878 30776 naive_actor.cpp:25] actor 1099614388237 switch to &NaiveActor::HandlerNormal
I1014 10:08:14.159902 30788 runtime_context.cpp:29] DecreaseCounter constructing_actor_cnt, current val is 349
I1014 10:08:14.159925 30776 thread.cpp:96] Thread 524337 construct Actor kDstSubsetTick 1099614388237
I1014 10:08:14.160022 30776 runtime_context.cpp:29] DecreaseCounter constructing_actor_cnt, current val is 348
I1014 10:08:14.160390 30776 naive_actor.cpp:25] actor 1099614388229 switch to &NaiveActor::HandlerNormal
I1014 10:08:14.160441 30776 thread.cpp:96] Thread 524337 construct Actor kDstSubsetTick 1099614388229
I1014 10:08:14.160514 30776 runtime_context.cpp:29] DecreaseCounter constructing_actor_cnt, current val is 347
I1014 10:08:14.160868 30788 naive_actor.cpp:25] actor 2199023255567 switch to &NaiveActor::HandlerNormal
I1014 10:08:14.160869 30776 naive_actor.cpp:25] actor 1099614388240 switch to &NaiveActor::HandlerNormal
I1014 10:08:14.160926 30788 thread.cpp:96] Thread 1048576 construct Actor kNormalForward 2199023255567
I1014 10:08:14.160962 30776 thread.cpp:96] Thread 524337 construct Actor kTick 1099614388240
I1014 10:08:14.161052 30788 runtime_context.cpp:29] DecreaseCounter constructing_actor_cnt, current val is 346
I1014 10:08:14.161062 30776 runtime_context.cpp:29] DecreaseCounter constructing_actor_cnt, current val is 345
I1014 10:08:14.161689 30776 esac_actor.cpp:73] actor 1099614388313 switch to &EsacActor::HandlerNormal
I1014 10:08:14.161738 30776 thread.cpp:96] Thread 524337 construct Actor kEsac 1099614388313
I1014 10:08:14.161829 30776 runtime_context.cpp:29] DecreaseCounter constructing_actor_cnt, current val is 344
I1014 10:08:14.161972 30788 naive_actor.cpp:25] actor 2199023255571 switch to &NaiveActor::HandlerNormal
I1014 10:08:14.162025 30788 thread.cpp:96] Thread 1048576 construct Actor kNormalForward 2199023255571
I1014 10:08:14.162108 30788 runtime_context.cpp:29] DecreaseCounter constructing_actor_cnt, current val is 343
I1014 10:08:14.162204 30776 naive_actor.cpp:25] actor 1099614388241 switch to &NaiveActor::HandlerNormal
I1014 10:08:14.162250 30776 thread.cpp:96] Thread 524337 construct Actor kDeviceTick 1099614388241
I1014 10:08:14.162307 30776 runtime_context.cpp:29] DecreaseCounter constructing_actor_cnt, current val is 342
I1014 10:08:14.162539 30788 naive_actor.cpp:25] actor 2199023255570 switch to &NaiveActor::HandlerNormal
I1014 10:08:14.162616 30788 thread.cpp:96] Thread 1048576 construct Actor kNormalForward 2199023255570
I1014 10:08:14.162638 30776 naive_actor.cpp:25] actor 1099614388245 switch to &NaiveActor::HandlerNormal
I1014 10:08:14.162744 30776 thread.cpp:96] Thread 524337 construct Actor kTick 1099614388245
I1014 10:08:14.162745 30788 runtime_context.cpp:29] DecreaseCounter constructing_actor_cnt, current val is 341
I1014 10:08:14.162834 30776 runtime_context.cpp:29] DecreaseCounter constructing_actor_cnt, current val is 340
I1014 10:08:14.163193 30776 naive_actor.cpp:25] actor 1099614388242 switch to &NaiveActor::HandlerNormal
I1014 10:08:14.163205 30788 naive_actor.cpp:25] actor 2199023255557 switch to &NaiveActor::HandlerNormal
I1014 10:08:14.163242 30776 thread.cpp:96] Thread 524337 construct Actor kSrcSubsetTick 1099614388242
I1014 10:08:14.163280 30788 thread.cpp:96] Thread 1048576 construct Actor kNormalForward 2199023255557
I1014 10:08:14.163343 30776 runtime_context.cpp:29] DecreaseCounter constructing_actor_cnt, current val is 339
I1014 10:08:14.163372 30788 runtime_context.cpp:29] DecreaseCounter constructing_actor_cnt, current val is 338
I1014 10:08:14.163687 30776 naive_actor.cpp:25] actor 1099614388247 switch to &NaiveActor::HandlerNormal
I1014 10:08:14.163736 30776 thread.cpp:96] Thread 524337 construct Actor kTick 1099614388247
I1014 10:08:14.163805 30776 runtime_context.cpp:29] DecreaseCounter constructing_actor_cnt, current val is 337
I1014 10:08:14.164182 30776 naive_actor.cpp:25] actor 1099614388246 switch to &NaiveActor::HandlerNormal
I1014 10:08:14.164232 30776 thread.cpp:96] Thread 524337 construct Actor kDstSubsetTick 1099614388246
I1014 10:08:14.164302 30776 runtime_context.cpp:29] DecreaseCounter constructing_actor_cnt, current val is 336
I1014 10:08:14.164638 30776 naive_actor.cpp:25] actor 1099614388248 switch to &NaiveActor::HandlerNormal
I1014 10:08:14.164687 30776 thread.cpp:96] Thread 524337 construct Actor kTick 1099614388248
I1014 10:08:14.164752 30776 runtime_context.cpp:29] DecreaseCounter constructing_actor_cnt, current val is 335
I1014 10:08:14.165082 30788 naive_actor.cpp:25] actor 2199023255587 switch to &NaiveActor::HandlerNormal
I1014 10:08:14.165089 30776 naive_actor.cpp:25] actor 1099614388249 switch to &NaiveActor::HandlerNormal
I1014 10:08:14.165138 30788 thread.cpp:96] Thread 1048576 construct Actor kNormalForward 2199023255587
I1014 10:08:14.165174 30776 thread.cpp:96] Thread 524337 construct Actor kTick 1099614388249
I1014 10:08:14.165251 30788 runtime_context.cpp:29] DecreaseCounter constructing_actor_cnt, current val is 334
I1014 10:08:14.165268 30776 runtime_context.cpp:29] DecreaseCounter constructing_actor_cnt, current val is 333
I1014 10:08:14.165599 30776 naive_actor.cpp:25] actor 1099614388250 switch to &NaiveActor::HandlerNormal
I1014 10:08:14.165649 30776 thread.cpp:96] Thread 524337 construct Actor kDeviceTick 1099614388250
I1014 10:08:14.165715 30776 runtime_context.cpp:29] DecreaseCounter constructing_actor_cnt, current val is 332
I1014 10:08:14.166023 30776 naive_actor.cpp:25] actor 1099614388251 switch to &NaiveActor::HandlerNormal
I1014 10:08:14.166098 30776 thread.cpp:96] Thread 524337 construct Actor kSrcSubsetTick 1099614388251
I1014 10:08:14.166162 30776 runtime_context.cpp:29] DecreaseCounter constructing_actor_cnt, current val is 331
I1014 10:08:14.166468 30776 naive_actor.cpp:25] actor 1099614388320 switch to &NaiveActor::HandlerNormal
I1014 10:08:14.166514 30776 thread.cpp:96] Thread 524337 construct Actor kTick 1099614388320
I1014 10:08:14.166536 30788 naive_actor.cpp:25] actor 2199023255566 switch to &NaiveActor::HandlerNormal
I1014 10:08:14.166592 30776 runtime_context.cpp:29] DecreaseCounter constructing_actor_cnt, current val is 330
I1014 10:08:14.166595 30788 thread.cpp:96] Thread 1048576 construct Actor kNormalForward 2199023255566
I1014 10:08:14.166709 30788 runtime_context.cpp:29] DecreaseCounter constructing_actor_cnt, current val is 329
I1014 10:08:14.166898 30776 naive_actor.cpp:25] actor 1099614388254 switch to &NaiveActor::HandlerNormal
I1014 10:08:14.166946 30776 thread.cpp:96] Thread 524337 construct Actor kTick 1099614388254
I1014 10:08:14.167043 30788 naive_actor.cpp:25] actor 2199023255582 switch to &NaiveActor::HandlerNormal
I1014 10:08:14.167109 30788 thread.cpp:96] Thread 1048576 construct Actor kNormalForward 2199023255582
I1014 10:08:14.167119 30776 runtime_context.cpp:29] DecreaseCounter constructing_actor_cnt, current val is 328
I1014 10:08:14.167191 30788 runtime_context.cpp:29] DecreaseCounter constructing_actor_cnt, current val is 327
I1014 10:08:14.167474 30788 naive_actor.cpp:25] actor 2199023255563 switch to &NaiveActor::HandlerNormal
I1014 10:08:14.167521 30788 thread.cpp:96] Thread 1048576 construct Actor kNormalForward 2199023255563
I1014 10:08:14.167554 30776 naive_actor.cpp:25] actor 1099614388255 switch to &NaiveActor::HandlerNormal
I1014 10:08:14.167598 30788 runtime_context.cpp:29] DecreaseCounter constructing_actor_cnt, current val is 326
I1014 10:08:14.167618 30776 thread.cpp:96] Thread 524337 construct Actor kDstSubsetTick 1099614388255
I1014 10:08:14.167721 30776 runtime_context.cpp:29] DecreaseCounter constructing_actor_cnt, current val is 325
I1014 10:08:14.168071 30776 naive_actor.cpp:25] actor 1099614388257 switch to &NaiveActor::HandlerNormal
I1014 10:08:14.168118 30776 thread.cpp:96] Thread 524337 construct Actor kTick 1099614388257
I1014 10:08:14.168185 30776 runtime_context.cpp:29] DecreaseCounter constructing_actor_cnt, current val is 324
I1014 10:08:14.168512 30776 naive_actor.cpp:25] actor 1099614388256 switch to &NaiveActor::HandlerNormal
I1014 10:08:14.168556 30776 thread.cpp:96] Thread 524337 construct Actor kTick 1099614388256
I1014 10:08:14.168630 30776 runtime_context.cpp:29] DecreaseCounter constructing_actor_cnt, current val is 323
I1014 10:08:14.168879 30788 naive_actor.cpp:25] actor 2199023255580 switch to &NaiveActor::HandlerNormal
I1014 10:08:14.168936 30788 thread.cpp:96] Thread 1048576 construct Actor kNormalForward 2199023255580
I1014 10:08:14.168952 30776 naive_actor.cpp:25] actor 1099614388258 switch to &NaiveActor::HandlerNormal
I1014 10:08:14.169013 30788 runtime_context.cpp:29] DecreaseCounter constructing_actor_cnt, current val is 322
I1014 10:08:14.169034 30776 thread.cpp:96] Thread 524337 construct Actor kTick 1099614388258
I1014 10:08:14.169131 30776 runtime_context.cpp:29] DecreaseCounter constructing_actor_cnt, current val is 321
I1014 10:08:14.169257 30754 naive_actor.cpp:25] actor 1099511627776 switch to &NaiveActor::HandlerNormal
I1014 10:08:14.169315 30754 thread.cpp:96] Thread 524288 construct Actor kNormalForward 1099511627776
I1014 10:08:14.169406 30754 runtime_context.cpp:29] DecreaseCounter constructing_actor_cnt, current val is 320
I1014 10:08:14.169414 30776 naive_actor.cpp:25] actor 1099614388259 switch to &NaiveActor::HandlerNormal
I1014 10:08:14.169476 30776 thread.cpp:96] Thread 524337 construct Actor kDeviceTick 1099614388259
I1014 10:08:14.169529 30776 runtime_context.cpp:29] DecreaseCounter constructing_actor_cnt, current val is 319
I1014 10:08:14.169792 30776 naive_actor.cpp:25] actor 1099614388309 switch to &NaiveActor::HandlerNormal
I1014 10:08:14.169886 30788 naive_actor.cpp:25] actor 2199023255585 switch to &NaiveActor::HandlerNormal
I1014 10:08:14.170914 30776 thread.cpp:96] Thread 524337 construct Actor kTick 1099614388309
I1014 10:08:14.170953 30788 thread.cpp:96] Thread 1048576 construct Actor kNormalForward 2199023255585
I1014 10:08:14.171000 30776 runtime_context.cpp:29] DecreaseCounter constructing_actor_cnt, current val is 318
I1014 10:08:14.171039 30788 runtime_context.cpp:29] DecreaseCounter constructing_actor_cnt, current val is 317
I1014 10:08:14.171248 30776 naive_actor.cpp:25] actor 1099614388260 switch to &NaiveActor::HandlerNormal
I1014 10:08:14.171857 30788 naive_actor.cpp:25] actor 2199023255574 switch to &NaiveActor::HandlerNormal
I1014 10:08:14.172325 30776 thread.cpp:96] Thread 524337 construct Actor kSrcSubsetTick 1099614388260
I1014 10:08:14.172360 30788 thread.cpp:96] Thread 1048576 construct Actor kNormalForward 2199023255574
I1014 10:08:14.172413 30776 runtime_context.cpp:29] DecreaseCounter constructing_actor_cnt, current val is 316
I1014 10:08:14.172452 30788 runtime_context.cpp:29] DecreaseCounter constructing_actor_cnt, current val is 315
I1014 10:08:14.173915 30776 naive_actor.cpp:25] actor 1099614388263 switch to &NaiveActor::HandlerNormal
I1014 10:08:14.174492 30788 naive_actor.cpp:25] actor 2199023255576 switch to &NaiveActor::HandlerNormal
I1014 10:08:14.175092 30776 thread.cpp:96] Thread 524337 construct Actor kTick 1099614388263
I1014 10:08:14.175128 30788 thread.cpp:96] Thread 1048576 construct Actor kNormalForward 2199023255576
I1014 10:08:14.175184 30776 runtime_context.cpp:29] DecreaseCounter constructing_actor_cnt, current val is 314
I1014 10:08:14.175226 30788 runtime_context.cpp:29] DecreaseCounter constructing_actor_cnt, current val is 313
I1014 10:08:14.175428 30776 naive_actor.cpp:25] actor 1099614388266 switch to &NaiveActor::HandlerNormal
I1014 10:08:14.176748 30776 thread.cpp:96] Thread 524337 construct Actor kTick 1099614388266
I1014 10:08:14.176805 30776 runtime_context.cpp:29] DecreaseCounter constructing_actor_cnt, current val is 312
I1014 10:08:14.177057 30776 naive_actor.cpp:25] actor 1099614388265 switch to &NaiveActor::HandlerNormal
I1014 10:08:14.178040 30776 thread.cpp:96] Thread 524337 construct Actor kTick 1099614388265
I1014 10:08:14.177636 30788 naive_actor.cpp:25] actor 2199023255590 switch to &NaiveActor::HandlerNormal
I1014 10:08:14.178122 30776 runtime_context.cpp:29] DecreaseCounter constructing_actor_cnt, current val is 311
I1014 10:08:14.178151 30788 thread.cpp:96] Thread 1048576 construct Actor kNormalForward 2199023255590
I1014 10:08:14.178470 30776 naive_actor.cpp:25] actor 1099614388264 switch to &NaiveActor::HandlerNormal
I1014 10:08:14.179651 30788 runtime_context.cpp:29] DecreaseCounter constructing_actor_cnt, current val is 310
I1014 10:08:14.179656 30776 thread.cpp:96] Thread 524337 construct Actor kDstSubsetTick 1099614388264
I1014 10:08:14.180081 30788 naive_actor.cpp:25] actor 2199023255589 switch to &NaiveActor::HandlerNormal
I1014 10:08:14.181164 30776 runtime_context.cpp:29] DecreaseCounter constructing_actor_cnt, current val is 309
I1014 10:08:14.181252 30788 thread.cpp:96] Thread 1048576 construct Actor kNormalForward 2199023255589
I1014 10:08:14.181360 30788 runtime_context.cpp:29] DecreaseCounter constructing_actor_cnt, current val is 308
I1014 10:08:14.181504 30776 naive_actor.cpp:25] actor 1099614388281 switch to &NaiveActor::HandlerNormal
I1014 10:08:14.181537 30776 thread.cpp:96] Thread 524337 construct Actor kTick 1099614388281
I1014 10:08:14.181591 30776 runtime_context.cpp:29] DecreaseCounter constructing_actor_cnt, current val is 307
I1014 10:08:14.181728 30788 naive_actor.cpp:25] actor 2199023255591 switch to &NaiveActor::HandlerNormal
I1014 10:08:14.181778 30788 thread.cpp:96] Thread 1048576 construct Actor kNormalForward 2199023255591
I1014 10:08:14.181825 30776 naive_actor.cpp:25] actor 1099614388279 switch to &NaiveActor::HandlerNormal
I1014 10:08:14.181846 30788 runtime_context.cpp:29] DecreaseCounter constructing_actor_cnt, current val is 306
I1014 10:08:14.181860 30776 thread.cpp:96] Thread 524337 construct Actor kTick 1099614388279
I1014 10:08:14.181938 30776 runtime_context.cpp:29] DecreaseCounter constructing_actor_cnt, current val is 305
I1014 10:08:14.182155 30776 naive_actor.cpp:25] actor 1099614388282 switch to &NaiveActor::HandlerNormal
I1014 10:08:14.182191 30776 thread.cpp:96] Thread 524337 construct Actor kTick 1099614388282
I1014 10:08:14.182235 30776 runtime_context.cpp:29] DecreaseCounter constructing_actor_cnt, current val is 304
I1014 10:08:14.182448 30776 naive_actor.cpp:25] actor 1099614388273 switch to &NaiveActor::HandlerNormal
I1014 10:08:14.182482 30776 thread.cpp:96] Thread 524337 construct Actor kTick 1099614388273
I1014 10:08:14.182523 30776 runtime_context.cpp:29] DecreaseCounter constructing_actor_cnt, current val is 303
I1014 10:08:14.182755 30776 naive_actor.cpp:25] actor 1099614388315 switch to &NaiveActor::HandlerNormal
I1014 10:08:14.182793 30776 thread.cpp:96] Thread 524337 construct Actor kTick 1099614388315
I1014 10:08:14.182798 30788 naive_actor.cpp:25] actor 2199023255631 switch to &NaiveActor::HandlerNormal
I1014 10:08:14.182910 30776 runtime_context.cpp:29] DecreaseCounter constructing_actor_cnt, current val is 302
I1014 10:08:14.182929 30788 thread.cpp:96] Thread 1048576 construct Actor kNormalForward 2199023255631
I1014 10:08:14.183032 30788 runtime_context.cpp:29] DecreaseCounter constructing_actor_cnt, current val is 301
I1014 10:08:14.183164 30776 naive_actor.cpp:25] actor 1099614388267 switch to &NaiveActor::HandlerNormal
I1014 10:08:14.183199 30776 thread.cpp:96] Thread 524337 construct Actor kDeviceTick 1099614388267
I1014 10:08:14.183244 30776 runtime_context.cpp:29] DecreaseCounter constructing_actor_cnt, current val is 300
I1014 10:08:14.183465 30776 naive_actor.cpp:25] actor 1099614388271 switch to &NaiveActor::HandlerNormal
I1014 10:08:14.183499 30776 thread.cpp:96] Thread 524337 construct Actor kTick 1099614388271
I1014 10:08:14.183544 30776 runtime_context.cpp:29] DecreaseCounter constructing_actor_cnt, current val is 299
I1014 10:08:14.183789 30776 naive_actor.cpp:25] actor 1099614388272 switch to &NaiveActor::HandlerNormal
I1014 10:08:14.183804 30788 naive_actor.cpp:25] actor 2199023255586 switch to &NaiveActor::HandlerNormal
I1014 10:08:14.183821 30776 thread.cpp:96] Thread 524337 construct Actor kDstSubsetTick 1099614388272
I1014 10:08:14.183861 30788 thread.cpp:96] Thread 1048576 construct Actor kNormalForward 2199023255586
I1014 10:08:14.183905 30776 runtime_context.cpp:29] DecreaseCounter constructing_actor_cnt, current val is 298
I1014 10:08:14.183946 30788 runtime_context.cpp:29] DecreaseCounter constructing_actor_cnt, current val is 297
I1014 10:08:14.184129 30776 naive_actor.cpp:25] actor 1099614388268 switch to &NaiveActor::HandlerNormal
I1014 10:08:14.184165 30776 thread.cpp:96] Thread 524337 construct Actor kSrcSubsetTick 1099614388268
I1014 10:08:14.184211 30776 runtime_context.cpp:29] DecreaseCounter constructing_actor_cnt, current val is 296
I1014 10:08:14.184448 30776 naive_actor.cpp:25] actor 1099614388280 switch to &NaiveActor::HandlerNormal
I1014 10:08:14.184481 30776 thread.cpp:96] Thread 524337 construct Actor kDstSubsetTick 1099614388280
I1014 10:08:14.184528 30776 runtime_context.cpp:29] DecreaseCounter constructing_actor_cnt, current val is 295
I1014 10:08:14.184746 30776 naive_actor.cpp:25] actor 1099614388318 switch to &NaiveActor::HandlerNormal
I1014 10:08:14.184760 30788 naive_actor.cpp:25] actor 2199023255679 switch to &NaiveActor::HandlerNormal
I1014 10:08:14.184780 30776 thread.cpp:96] Thread 524337 construct Actor kTick 1099614388318
I1014 10:08:14.184818 30788 thread.cpp:96] Thread 1048576 construct Actor kNormalForward 2199023255679
I1014 10:08:14.184861 30776 runtime_context.cpp:29] DecreaseCounter constructing_actor_cnt, current val is 294
I1014 10:08:14.184906 30788 runtime_context.cpp:29] DecreaseCounter constructing_actor_cnt, current val is 293
I1014 10:08:14.185075 30776 naive_actor.cpp:25] actor 1099614388274 switch to &NaiveActor::HandlerNormal
I1014 10:08:14.185110 30776 thread.cpp:96] Thread 524337 construct Actor kTick 1099614388274
I1014 10:08:14.185155 30776 runtime_context.cpp:29] DecreaseCounter constructing_actor_cnt, current val is 292
I1014 10:08:14.185371 30776 naive_actor.cpp:25] actor 1099614388277 switch to &NaiveActor::HandlerNormal
I1014 10:08:14.185405 30776 thread.cpp:96] Thread 524337 construct Actor kSrcSubsetTick 1099614388277
I1014 10:08:14.185454 30776 runtime_context.cpp:29] DecreaseCounter constructing_actor_cnt, current val is 291
I1014 10:08:14.185678 30776 naive_actor.cpp:25] actor 1099614388275 switch to &NaiveActor::HandlerNormal
I1014 10:08:14.185712 30776 thread.cpp:96] Thread 524337 construct Actor kTick 1099614388275
I1014 10:08:14.185758 30776 runtime_context.cpp:29] DecreaseCounter constructing_actor_cnt, current val is 290
I1014 10:08:14.185806 30788 naive_actor.cpp:25] actor 2199023255581 switch to &NaiveActor::HandlerNormal
I1014 10:08:14.185855 30788 thread.cpp:96] Thread 1048576 construct Actor kNormalForward 2199023255581
I1014 10:08:14.185982 30788 runtime_context.cpp:29] DecreaseCounter constructing_actor_cnt, current val is 289
I1014 10:08:14.185983 30776 naive_actor.cpp:25] actor 1099614388289 switch to &NaiveActor::HandlerNormal
I1014 10:08:14.186060 30776 thread.cpp:96] Thread 524337 construct Actor kTick 1099614388289
I1014 10:08:14.186105 30776 runtime_context.cpp:29] DecreaseCounter constructing_actor_cnt, current val is 288
I1014 10:08:14.186317 30776 naive_actor.cpp:25] actor 1099614388296 switch to &NaiveActor::HandlerNormal
I1014 10:08:14.186350 30776 thread.cpp:96] Thread 524337 construct Actor kTick 1099614388296
I1014 10:08:14.186395 30776 runtime_context.cpp:29] DecreaseCounter constructing_actor_cnt, current val is 287
I1014 10:08:14.186609 30776 naive_actor.cpp:25] actor 1099614388292 switch to &NaiveActor::HandlerNormal
I1014 10:08:14.186643 30776 thread.cpp:96] Thread 524337 construct Actor kTick 1099614388292
I1014 10:08:14.186689 30776 runtime_context.cpp:29] DecreaseCounter constructing_actor_cnt, current val is 286
I1014 10:08:14.186888 30776 naive_actor.cpp:25] actor 1099614388286 switch to &NaiveActor::HandlerNormal
I1014 10:08:14.186923 30776 thread.cpp:96] Thread 524337 construct Actor kTick 1099614388286
I1014 10:08:14.186954 30788 naive_actor.cpp:25] actor 2199023255554 switch to &NaiveActor::HandlerNormal
I1014 10:08:14.186966 30776 runtime_context.cpp:29] DecreaseCounter constructing_actor_cnt, current val is 285
I1014 10:08:14.187005 30788 thread.cpp:96] Thread 1048576 construct Actor kNormalForward 2199023255554
I1014 10:08:14.187103 30788 runtime_context.cpp:29] DecreaseCounter constructing_actor_cnt, current val is 284
I1014 10:08:14.187420 30776 case_actor.cpp:76] actor 1099614388284 switch to &CaseActor::HandlerNormal
I1014 10:08:14.187456 30776 thread.cpp:96] Thread 524337 construct Actor kCase 1099614388284
I1014 10:08:14.187518 30776 runtime_context.cpp:29] DecreaseCounter constructing_actor_cnt, current val is 283
I1014 10:08:14.187757 30776 naive_actor.cpp:25] actor 1099614388295 switch to &NaiveActor::HandlerNormal
I1014 10:08:14.187791 30776 thread.cpp:96] Thread 524337 construct Actor kTick 1099614388295
I1014 10:08:14.187844 30776 runtime_context.cpp:29] DecreaseCounter constructing_actor_cnt, current val is 282
I1014 10:08:14.188035 30788 naive_actor.cpp:25] actor 2199023255558 switch to &NaiveActor::HandlerNormal
I1014 10:08:14.188084 30788 thread.cpp:96] Thread 1048576 construct Actor kNormalForward 2199023255558
I1014 10:08:14.188109 30776 reentrant_lock_actor.cpp:76] actor 1099614388283 switch to &ReentrantLockActor::HandlerNormal
I1014 10:08:14.188141 30776 thread.cpp:96] Thread 524337 construct Actor kReentrantLock 1099614388283
I1014 10:08:14.188163 30788 runtime_context.cpp:29] DecreaseCounter constructing_actor_cnt, current val is 281
I1014 10:08:14.188189 30776 runtime_context.cpp:29] DecreaseCounter constructing_actor_cnt, current val is 280
I1014 10:08:14.188400 30776 naive_actor.cpp:25] actor 1099614388293 switch to &NaiveActor::HandlerNormal
I1014 10:08:14.188436 30776 thread.cpp:96] Thread 524337 construct Actor kTick 1099614388293
I1014 10:08:14.188480 30776 runtime_context.cpp:29] DecreaseCounter constructing_actor_cnt, current val is 279
I1014 10:08:14.188477 30788 naive_actor.cpp:25] actor 2199023255561 switch to &NaiveActor::HandlerNormal
I1014 10:08:14.188545 30788 thread.cpp:96] Thread 1048576 construct Actor kNormalForward 2199023255561
I1014 10:08:14.188623 30788 runtime_context.cpp:29] DecreaseCounter constructing_actor_cnt, current val is 278
I1014 10:08:14.188717 30776 naive_actor.cpp:25] actor 1099614388287 switch to &NaiveActor::HandlerNormal
I1014 10:08:14.188750 30776 thread.cpp:96] Thread 524337 construct Actor kTick 1099614388287
I1014 10:08:14.188794 30776 runtime_context.cpp:29] DecreaseCounter constructing_actor_cnt, current val is 277
I1014 10:08:14.189028 30776 naive_actor.cpp:25] actor 1099614388285 switch to &NaiveActor::HandlerNormal
I1014 10:08:14.189060 30776 thread.cpp:96] Thread 524337 construct Actor kTick 1099614388285
I1014 10:08:14.189169 30776 runtime_context.cpp:29] DecreaseCounter constructing_actor_cnt, current val is 276
I1014 10:08:14.189375 30776 naive_actor.cpp:25] actor 1099614388294 switch to &NaiveActor::HandlerNormal
I1014 10:08:14.189422 30776 thread.cpp:96] Thread 524337 construct Actor kTick 1099614388294
I1014 10:08:14.189471 30776 runtime_context.cpp:29] DecreaseCounter constructing_actor_cnt, current val is 275
I1014 10:08:14.189633 30788 naive_actor.cpp:25] actor 2199023255569 switch to &NaiveActor::HandlerNormal
I1014 10:08:14.189683 30788 thread.cpp:96] Thread 1048576 construct Actor kNormalForward 2199023255569
I1014 10:08:14.189687 30776 naive_actor.cpp:25] actor 1099614388290 switch to &NaiveActor::HandlerNormal
I1014 10:08:14.189738 30776 thread.cpp:96] Thread 524337 construct Actor kTick 1099614388290
