I1012 13:51:17.400477 16052 runtime_context.cpp:29] DecreaseCounter constructing_actor_cnt, current val is 624
I1012 13:51:17.400506 16064 runtime_context.cpp:29] DecreaseCounter constructing_actor_cnt, current val is 623
I1012 13:51:17.400665 16041 naive_actor.cpp:25] actor 1099614388247 switch to &NaiveActor::HandlerNormal
I1012 13:51:17.400714 16041 thread.cpp:96] Thread 524337 construct Actor kTick 1099614388247
I1012 13:51:17.400781 16041 runtime_context.cpp:29] DecreaseCounter constructing_actor_cnt, current val is 622
I1012 13:51:17.401064 16041 naive_actor.cpp:25] actor 1099614388248 switch to &NaiveActor::HandlerNormal
I1012 13:51:17.401111 16041 thread.cpp:96] Thread 524337 construct Actor kTick 1099614388248
I1012 13:51:17.401181 16041 runtime_context.cpp:29] DecreaseCounter constructing_actor_cnt, current val is 621
I1012 13:51:17.401362 16064 naive_actor.cpp:25] actor 2207613190153 switch to &NaiveActor::HandlerNormal
I1012 13:51:17.401415 16064 thread.cpp:96] Thread 1052672 construct Actor kNormalForward 2207613190153
I1012 13:51:17.401489 16041 naive_actor.cpp:25] actor 1099614388331 switch to &NaiveActor::HandlerNormal
I1012 13:51:17.401510 16064 runtime_context.cpp:29] DecreaseCounter constructing_actor_cnt, current val is 620
I1012 13:51:17.401540 16041 thread.cpp:96] Thread 524337 construct Actor kTick 1099614388331
I1012 13:51:17.401598 16052 naive_actor.cpp:25] actor 2199023255566 switch to &NaiveActor::HandlerNormal
I1012 13:51:17.401634 16041 runtime_context.cpp:29] DecreaseCounter constructing_actor_cnt, current val is 619
I1012 13:51:17.401655 16052 thread.cpp:96] Thread 1048576 construct Actor kNormalForward 2199023255566
I1012 13:51:17.401782 16052 runtime_context.cpp:29] DecreaseCounter constructing_actor_cnt, current val is 618
I1012 13:51:17.401958 16041 naive_actor.cpp:25] actor 1099614388255 switch to &NaiveActor::HandlerNormal
I1012 13:51:17.402011 16041 thread.cpp:96] Thread 524337 construct Actor kTick 1099614388255
I1012 13:51:17.402079 16041 runtime_context.cpp:29] DecreaseCounter constructing_actor_cnt, current val is 617
I1012 13:51:17.402163 16052 naive_actor.cpp:25] actor 2199023255565 switch to &NaiveActor::HandlerNormal
I1012 13:51:17.402216 16052 thread.cpp:96] Thread 1048576 construct Actor kNormalForward 2199023255565
I1012 13:51:17.402304 16052 runtime_context.cpp:29] DecreaseCounter constructing_actor_cnt, current val is 616
I1012 13:51:17.402386 16041 naive_actor.cpp:25] actor 1099614388249 switch to &NaiveActor::HandlerNormal
I1012 13:51:17.402439 16041 thread.cpp:96] Thread 524337 construct Actor kDeviceTick 1099614388249
I1012 13:51:17.402472 16064 naive_actor.cpp:25] actor 2207613190173 switch to &NaiveActor::HandlerNormal
I1012 13:51:17.402516 16041 runtime_context.cpp:29] DecreaseCounter constructing_actor_cnt, current val is 615
I1012 13:51:17.402523 16064 thread.cpp:96] Thread 1052672 construct Actor kNormalForward 2207613190173
I1012 13:51:17.402645 16064 runtime_context.cpp:29] DecreaseCounter constructing_actor_cnt, current val is 614
I1012 13:51:17.402818 16041 naive_actor.cpp:25] actor 1099614388250 switch to &NaiveActor::HandlerNormal
I1012 13:51:17.402865 16041 thread.cpp:96] Thread 524337 construct Actor kSrcSubsetTick 1099614388250
I1012 13:51:17.402933 16041 runtime_context.cpp:29] DecreaseCounter constructing_actor_cnt, current val is 613
I1012 13:51:17.403276 16041 naive_actor.cpp:25] actor 1099614388253 switch to &NaiveActor::HandlerNormal
I1012 13:51:17.403328 16041 thread.cpp:96] Thread 524337 construct Actor kTick 1099614388253
I1012 13:51:17.403338 16052 naive_actor.cpp:25] actor 2199023255555 switch to &NaiveActor::HandlerNormal
I1012 13:51:17.403396 16052 thread.cpp:96] Thread 1048576 construct Actor kNormalForward 2199023255555
I1012 13:51:17.403401 16041 runtime_context.cpp:29] DecreaseCounter constructing_actor_cnt, current val is 612
I1012 13:51:17.403498 16052 runtime_context.cpp:29] DecreaseCounter constructing_actor_cnt, current val is 611
I1012 13:51:17.403599 16064 naive_actor.cpp:25] actor 2207613190152 switch to &NaiveActor::HandlerNormal
I1012 13:51:17.403653 16064 thread.cpp:96] Thread 1052672 construct Actor kNormalForward 2207613190152
I1012 13:51:17.403751 16064 runtime_context.cpp:29] DecreaseCounter constructing_actor_cnt, current val is 610
I1012 13:51:17.403754 16041 naive_actor.cpp:25] actor 1099614388256 switch to &NaiveActor::HandlerNormal
I1012 13:51:17.403828 16041 thread.cpp:96] Thread 524337 construct Actor kTick 1099614388256
I1012 13:51:17.403892 16041 runtime_context.cpp:29] DecreaseCounter constructing_actor_cnt, current val is 609
I1012 13:51:17.404083 16064 naive_actor.cpp:25] actor 2207613190170 switch to &NaiveActor::HandlerNormal
I1012 13:51:17.404131 16064 thread.cpp:96] Thread 1052672 construct Actor kNormalForward 2207613190170
I1012 13:51:17.404204 16064 runtime_context.cpp:29] DecreaseCounter constructing_actor_cnt, current val is 608
I1012 13:51:17.404232 16041 naive_actor.cpp:25] actor 1099614388254 switch to &NaiveActor::HandlerNormal
I1012 13:51:17.404275 16041 thread.cpp:96] Thread 524337 construct Actor kDstSubsetTick 1099614388254
I1012 13:51:17.404353 16041 runtime_context.cpp:29] DecreaseCounter constructing_actor_cnt, current val is 607
I1012 13:51:17.404474 16052 naive_actor.cpp:25] actor 2199023255562 switch to &NaiveActor::HandlerNormal
I1012 13:51:17.404528 16052 thread.cpp:96] Thread 1048576 construct Actor kNormalForward 2199023255562
I1012 13:51:17.404616 16052 runtime_context.cpp:29] DecreaseCounter constructing_actor_cnt, current val is 606
I1012 13:51:17.404685 16041 naive_actor.cpp:25] actor 1099614388257 switch to &NaiveActor::HandlerNormal
I1012 13:51:17.404732 16041 thread.cpp:96] Thread 524337 construct Actor kTick 1099614388257
I1012 13:51:17.404808 16041 runtime_context.cpp:29] DecreaseCounter constructing_actor_cnt, current val is 605
I1012 13:51:17.405086 16064 naive_actor.cpp:25] actor 2207613190166 switch to &NaiveActor::HandlerNormal
I1012 13:51:17.405138 16064 thread.cpp:96] Thread 1052672 construct Actor kNormalForward 2207613190166
I1012 13:51:17.405226 16064 runtime_context.cpp:29] DecreaseCounter constructing_actor_cnt, current val is 604
I1012 13:51:17.405375 16041 case_actor.cpp:76] actor 1099614388297 switch to &CaseActor::HandlerNormal
I1012 13:51:17.405433 16041 thread.cpp:96] Thread 524337 construct Actor kCase 1099614388297
I1012 13:51:17.405550 16041 runtime_context.cpp:29] DecreaseCounter constructing_actor_cnt, current val is 603
I1012 13:51:17.405616 16052 naive_actor.cpp:25] actor 2199023255579 switch to &NaiveActor::HandlerNormal
I1012 13:51:17.405668 16052 thread.cpp:96] Thread 1048576 construct Actor kNormalForward 2199023255579
I1012 13:51:17.405764 16052 runtime_context.cpp:29] DecreaseCounter constructing_actor_cnt, current val is 602
I1012 13:51:17.405887 16041 naive_actor.cpp:25] actor 1099614388259 switch to &NaiveActor::HandlerNormal
I1012 13:51:17.405937 16041 thread.cpp:96] Thread 524337 construct Actor kSrcSubsetTick 1099614388259
I1012 13:51:17.406009 16041 runtime_context.cpp:29] DecreaseCounter constructing_actor_cnt, current val is 601
I1012 13:51:17.406138 16064 naive_actor.cpp:25] actor 2207613190158 switch to &NaiveActor::HandlerNormal
I1012 13:51:17.406193 16064 thread.cpp:96] Thread 1052672 construct Actor kNormalForward 2207613190158
I1012 13:51:17.406268 16064 runtime_context.cpp:29] DecreaseCounter constructing_actor_cnt, current val is 600
I1012 13:51:17.406298 16041 naive_actor.cpp:25] actor 1099614388258 switch to &NaiveActor::HandlerNormal
I1012 13:51:17.406466 16041 thread.cpp:96] Thread 524337 construct Actor kDeviceTick 1099614388258
I1012 13:51:17.406543 16041 runtime_context.cpp:29] DecreaseCounter constructing_actor_cnt, current val is 599
I1012 13:51:17.406700 16052 naive_actor.cpp:25] actor 2199023255564 switch to &NaiveActor::HandlerNormal
I1012 13:51:17.406755 16052 thread.cpp:96] Thread 1048576 construct Actor kNormalForward 2199023255564
I1012 13:51:17.406841 16041 naive_actor.cpp:25] actor 1099614388265 switch to &NaiveActor::HandlerNormal
I1012 13:51:17.406841 16052 runtime_context.cpp:29] DecreaseCounter constructing_actor_cnt, current val is 598
I1012 13:51:17.406893 16041 thread.cpp:96] Thread 524337 construct Actor kTick 1099614388265
I1012 13:51:17.406981 16041 runtime_context.cpp:29] DecreaseCounter constructing_actor_cnt, current val is 597
I1012 13:51:17.407181 16064 naive_actor.cpp:25] actor 2207613190164 switch to &NaiveActor::HandlerNormal
I1012 13:51:17.407238 16064 thread.cpp:96] Thread 1052672 construct Actor kNormalForward 2207613190164
I1012 13:51:17.407267 16052 naive_actor.cpp:25] actor 2199023255578 switch to &NaiveActor::HandlerNormal
I1012 13:51:17.407310 16064 runtime_context.cpp:29] DecreaseCounter constructing_actor_cnt, current val is 596
I1012 13:51:17.407277 16041 naive_actor.cpp:25] actor 1099614388264 switch to &NaiveActor::HandlerNormal
I1012 13:51:17.407317 16052 thread.cpp:96] Thread 1048576 construct Actor kNormalForward 2199023255578
I1012 13:51:17.407388 16041 thread.cpp:96] Thread 524337 construct Actor kTick 1099614388264
I1012 13:51:17.407486 16052 runtime_context.cpp:29] DecreaseCounter constructing_actor_cnt, current val is 595
I1012 13:51:17.407495 16041 runtime_context.cpp:29] DecreaseCounter constructing_actor_cnt, current val is 594
I1012 13:51:17.407667 16064 naive_actor.cpp:25] actor 2207613190165 switch to &NaiveActor::HandlerNormal
I1012 13:51:17.407719 16064 thread.cpp:96] Thread 1052672 construct Actor kNormalForward 2207613190165
I1012 13:51:17.407791 16064 runtime_context.cpp:29] DecreaseCounter constructing_actor_cnt, current val is 593
I1012 13:51:17.407852 16052 naive_actor.cpp:25] actor 2199023255580 switch to &NaiveActor::HandlerNormal
I1012 13:51:17.407892 16041 naive_actor.cpp:25] actor 1099614388263 switch to &NaiveActor::HandlerNormal
I1012 13:51:17.407905 16052 thread.cpp:96] Thread 1048576 construct Actor kNormalForward 2199023255580
I1012 13:51:17.407927 16041 thread.cpp:96] Thread 524337 construct Actor kDstSubsetTick 1099614388263
I1012 13:51:17.408004 16052 runtime_context.cpp:29] DecreaseCounter constructing_actor_cnt, current val is 592
I1012 13:51:17.408023 16041 runtime_context.cpp:29] DecreaseCounter constructing_actor_cnt, current val is 591
I1012 13:51:17.408123 16064 naive_actor.cpp:25] actor 2207613190162 switch to &NaiveActor::HandlerNormal
I1012 13:51:17.408169 16064 thread.cpp:96] Thread 1052672 construct Actor kNormalForward 2207613190162
I1012 13:51:17.408246 16064 runtime_context.cpp:29] DecreaseCounter constructing_actor_cnt, current val is 590
I1012 13:51:17.408344 16041 naive_actor.cpp:25] actor 1099614388262 switch to &NaiveActor::HandlerNormal
I1012 13:51:17.408388 16041 thread.cpp:96] Thread 524337 construct Actor kTick 1099614388262
I1012 13:51:17.408454 16041 runtime_context.cpp:29] DecreaseCounter constructing_actor_cnt, current val is 589
I1012 13:51:17.408563 16064 naive_actor.cpp:25] actor 2207613190175 switch to &NaiveActor::HandlerNormal
I1012 13:51:17.408612 16064 thread.cpp:96] Thread 1052672 construct Actor kNormalForward 2207613190175
I1012 13:51:17.408684 16064 runtime_context.cpp:29] DecreaseCounter constructing_actor_cnt, current val is 588
I1012 13:51:17.408756 16041 naive_actor.cpp:25] actor 1099614388273 switch to &NaiveActor::HandlerNormal
I1012 13:51:17.408802 16041 thread.cpp:96] Thread 524337 construct Actor kTick 1099614388273
I1012 13:51:17.408871 16041 runtime_context.cpp:29] DecreaseCounter constructing_actor_cnt, current val is 587
I1012 13:51:17.409004 16052 naive_actor.cpp:25] actor 2199023255581 switch to &NaiveActor::HandlerNormal
I1012 13:51:17.409065 16052 thread.cpp:96] Thread 1048576 construct Actor kNormalForward 2199023255581
I1012 13:51:17.409142 16052 runtime_context.cpp:29] DecreaseCounter constructing_actor_cnt, current val is 586
I1012 13:51:17.409245 16041 naive_actor.cpp:25] actor 1099614388266 switch to &NaiveActor::HandlerNormal
I1012 13:51:17.409289 16041 thread.cpp:96] Thread 524337 construct Actor kTick 1099614388266
I1012 13:51:17.409353 16041 runtime_context.cpp:29] DecreaseCounter constructing_actor_cnt, current val is 585
I1012 13:51:17.409622 16041 naive_actor.cpp:25] actor 1099614388271 switch to &NaiveActor::HandlerNormal
I1012 13:51:17.409642 16064 naive_actor.cpp:25] actor 2207613190186 switch to &NaiveActor::HandlerNormal
I1012 13:51:17.409672 16041 thread.cpp:96] Thread 524337 construct Actor kTick 1099614388271
I1012 13:51:17.409701 16064 thread.cpp:96] Thread 1052672 construct Actor kNormalForward 2207613190186
I1012 13:51:17.409767 16041 runtime_context.cpp:29] DecreaseCounter constructing_actor_cnt, current val is 584
I1012 13:51:17.409801 16064 runtime_context.cpp:29] DecreaseCounter constructing_actor_cnt, current val is 583
I1012 13:51:17.409940 16052 naive_actor.cpp:25] actor 2199023255577 switch to &NaiveActor::HandlerNormal
I1012 13:51:17.409991 16052 thread.cpp:96] Thread 1048576 construct Actor kNormalForward 2199023255577
I1012 13:51:17.410039 16041 naive_actor.cpp:25] actor 1099614388267 switch to &NaiveActor::HandlerNormal
I1012 13:51:17.410055 16052 runtime_context.cpp:29] DecreaseCounter constructing_actor_cnt, current val is 582
I1012 13:51:17.410085 16041 thread.cpp:96] Thread 524337 construct Actor kDeviceTick 1099614388267
I1012 13:51:17.410154 16064 naive_actor.cpp:25] actor 2207613190157 switch to &NaiveActor::HandlerNormal
I1012 13:51:17.410161 16041 runtime_context.cpp:29] DecreaseCounter constructing_actor_cnt, current val is 581
I1012 13:51:17.410207 16064 thread.cpp:96] Thread 1052672 construct Actor kNormalForward 2207613190157
I1012 13:51:17.410303 16064 runtime_context.cpp:29] DecreaseCounter constructing_actor_cnt, current val is 580
I1012 13:51:17.410485 16041 naive_actor.cpp:25] actor 1099614388274 switch to &NaiveActor::HandlerNormal
I1012 13:51:17.410529 16041 thread.cpp:96] Thread 524337 construct Actor kTick 1099614388274
I1012 13:51:17.410593 16041 runtime_context.cpp:29] DecreaseCounter constructing_actor_cnt, current val is 579
I1012 13:51:17.410967 16041 esac_actor.cpp:73] actor 1099614388334 switch to &EsacActor::HandlerNormal
I1012 13:51:17.411020 16041 thread.cpp:96] Thread 524337 construct Actor kEsac 1099614388334
I1012 13:51:17.411058 16052 naive_actor.cpp:25] actor 2199023255610 switch to &NaiveActor::HandlerNormal
I1012 13:51:17.411089 16041 runtime_context.cpp:29] DecreaseCounter constructing_actor_cnt, current val is 578
I1012 13:51:17.411115 16052 thread.cpp:96] Thread 1048576 construct Actor kNormalForward 2199023255610
I1012 13:51:17.411118 16064 naive_actor.cpp:25] actor 2207613190181 switch to &NaiveActor::HandlerNormal
I1012 13:51:17.411211 16064 thread.cpp:96] Thread 1052672 construct Actor kNormalForward 2207613190181
I1012 13:51:17.411234 16052 runtime_context.cpp:29] DecreaseCounter constructing_actor_cnt, current val is 577
I1012 13:51:17.411286 16064 runtime_context.cpp:29] DecreaseCounter constructing_actor_cnt, current val is 576
I1012 13:51:17.411506 16041 naive_actor.cpp:25] actor 1099614388272 switch to &NaiveActor::HandlerNormal
I1012 13:51:17.411552 16041 thread.cpp:96] Thread 524337 construct Actor kDstSubsetTick 1099614388272
I1012 13:51:17.411609 16041 runtime_context.cpp:29] DecreaseCounter constructing_actor_cnt, current val is 575
I1012 13:51:17.411875 16041 naive_actor.cpp:25] actor 1099614388268 switch to &NaiveActor::HandlerNormal
I1012 13:51:17.411919 16041 thread.cpp:96] Thread 524337 construct Actor kSrcSubsetTick 1099614388268
I1012 13:51:17.411978 16041 runtime_context.cpp:29] DecreaseCounter constructing_actor_cnt, current val is 574
I1012 13:51:17.412061 16052 naive_actor.cpp:25] actor 2199023255634 switch to &NaiveActor::HandlerNormal
I1012 13:51:17.412101 16064 naive_actor.cpp:25] actor 2207613190196 switch to &NaiveActor::HandlerNormal
I1012 13:51:17.412156 16052 thread.cpp:96] Thread 1048576 construct Actor kNormalForward 2199023255634
I1012 13:51:17.412199 16064 thread.cpp:96] Thread 1052672 construct Actor kNormalForward 2207613190196
I1012 13:51:17.412293 16052 runtime_context.cpp:29] DecreaseCounter constructing_actor_cnt, current val is 573
I1012 13:51:17.412309 16064 runtime_context.cpp:29] DecreaseCounter constructing_actor_cnt, current val is 572
I1012 13:51:17.412410 16041 naive_actor.cpp:25] actor 1099614388276 switch to &NaiveActor::HandlerNormal
I1012 13:51:17.412461 16041 thread.cpp:96] Thread 524337 construct Actor kDeviceTick 1099614388276
I1012 13:51:17.412528 16041 runtime_context.cpp:29] DecreaseCounter constructing_actor_cnt, current val is 571
I1012 13:51:17.412793 16041 naive_actor.cpp:25] actor 1099614388283 switch to &NaiveActor::HandlerNormal
I1012 13:51:17.412837 16041 thread.cpp:96] Thread 524337 construct Actor kTick 1099614388283
I1012 13:51:17.412899 16041 runtime_context.cpp:29] DecreaseCounter constructing_actor_cnt, current val is 570
I1012 13:51:17.413177 16041 naive_actor.cpp:25] actor 1099614388284 switch to &NaiveActor::HandlerNormal
I1012 13:51:17.413218 16052 naive_actor.cpp:25] actor 2199023255576 switch to &NaiveActor::HandlerNormal
I1012 13:51:17.413220 16041 thread.cpp:96] Thread 524337 construct Actor kTick 1099614388284
I1012 13:51:17.413254 16052 thread.cpp:96] Thread 1048576 construct Actor kNormalForward 2199023255576
I1012 13:51:17.413272 16064 naive_actor.cpp:25] actor 2207613190168 switch to &NaiveActor::HandlerNormal
I1012 13:51:17.413301 16041 runtime_context.cpp:29] DecreaseCounter constructing_actor_cnt, current val is 569
I1012 13:51:17.413334 16064 thread.cpp:96] Thread 1052672 construct Actor kNormalForward 2207613190168
I1012 13:51:17.413352 16052 runtime_context.cpp:29] DecreaseCounter constructing_actor_cnt, current val is 568
I1012 13:51:17.413439 16064 runtime_context.cpp:29] DecreaseCounter constructing_actor_cnt, current val is 567
I1012 13:51:17.413609 16041 naive_actor.cpp:25] actor 1099614388312 switch to &NaiveActor::HandlerNormal
I1012 13:51:17.413651 16041 thread.cpp:96] Thread 524337 construct Actor kTick 1099614388312
I1012 13:51:17.413702 16041 runtime_context.cpp:29] DecreaseCounter constructing_actor_cnt, current val is 566
I1012 13:51:17.413714 16052 naive_actor.cpp:25] actor 2199023255570 switch to &NaiveActor::HandlerNormal
I1012 13:51:17.413769 16052 thread.cpp:96] Thread 1048576 construct Actor kNormalForward 2199023255570
I1012 13:51:17.413830 16052 runtime_context.cpp:29] DecreaseCounter constructing_actor_cnt, current val is 565
I1012 13:51:17.413976 16041 naive_actor.cpp:25] actor 1099614388280 switch to &NaiveActor::HandlerNormal
I1012 13:51:17.414021 16041 thread.cpp:96] Thread 524337 construct Actor kTick 1099614388280
I1012 13:51:17.414073 16041 runtime_context.cpp:29] DecreaseCounter constructing_actor_cnt, current val is 564
I1012 13:51:17.414180 16064 naive_actor.cpp:25] actor 2207613190174 switch to &NaiveActor::HandlerNormal
I1012 13:51:17.414228 16064 thread.cpp:96] Thread 1052672 construct Actor kNormalForward 2207613190174
I1012 13:51:17.414304 16064 runtime_context.cpp:29] DecreaseCounter constructing_actor_cnt, current val is 563
I1012 13:51:17.414391 16041 naive_actor.cpp:25] actor 1099614388281 switch to &NaiveActor::HandlerNormal
I1012 13:51:17.414438 16041 thread.cpp:96] Thread 524337 construct Actor kDstSubsetTick 1099614388281
I1012 13:51:17.414495 16041 runtime_context.cpp:29] DecreaseCounter constructing_actor_cnt, current val is 562
I1012 13:51:17.414765 16041 naive_actor.cpp:25] actor 1099614388332 switch to &NaiveActor::HandlerNormal
I1012 13:51:17.414810 16041 thread.cpp:96] Thread 524337 construct Actor kTick 1099614388332
I1012 13:51:17.414834 16052 naive_actor.cpp:25] actor 2199023255594 switch to &NaiveActor::HandlerNormal
I1012 13:51:17.414875 16041 runtime_context.cpp:29] DecreaseCounter constructing_actor_cnt, current val is 561
I1012 13:51:17.414924 16052 thread.cpp:96] Thread 1048576 construct Actor kNormalForward 2199023255594
I1012 13:51:17.415024 16052 runtime_context.cpp:29] DecreaseCounter constructing_actor_cnt, current val is 560
I1012 13:51:17.415040 16064 naive_actor.cpp:25] actor 2207613190169 switch to &NaiveActor::HandlerNormal
I1012 13:51:17.415110 16064 thread.cpp:96] Thread 1052672 construct Actor kNormalForward 2207613190169
I1012 13:51:17.415185 16064 runtime_context.cpp:29] DecreaseCounter constructing_actor_cnt, current val is 559
I1012 13:51:17.415215 16041 naive_actor.cpp:25] actor 1099614388275 switch to &NaiveActor::HandlerNormal
I1012 13:51:17.415256 16041 thread.cpp:96] Thread 524337 construct Actor kDeviceTick 1099614388275
I1012 13:51:17.415319 16041 runtime_context.cpp:29] DecreaseCounter constructing_actor_cnt, current val is 558
I1012 13:51:17.415587 16041 naive_actor.cpp:25] actor 1099614388294 switch to &NaiveActor::HandlerNormal
I1012 13:51:17.415633 16041 thread.cpp:96] Thread 524337 construct Actor kTick 1099614388294
I1012 13:51:17.415688 16041 runtime_context.cpp:29] DecreaseCounter constructing_actor_cnt, current val is 557
I1012 13:51:17.415777 16052 naive_actor.cpp:25] actor 2199023255567 switch to &NaiveActor::HandlerNormal
I1012 13:51:17.415825 16052 thread.cpp:96] Thread 1048576 construct Actor kNormalForward 2199023255567
I1012 13:51:17.415904 16052 runtime_context.cpp:29] DecreaseCounter constructing_actor_cnt, current val is 556
I1012 13:51:17.415980 16041 naive_actor.cpp:25] actor 1099614388295 switch to &NaiveActor::HandlerNormal
I1012 13:51:17.416023 16041 thread.cpp:96] Thread 524337 construct Actor kTick 1099614388295
I1012 13:51:17.416074 16041 runtime_context.cpp:29] DecreaseCounter constructing_actor_cnt, current val is 555
I1012 13:51:17.416110 16064 naive_actor.cpp:25] actor 2207613190154 switch to &NaiveActor::HandlerNormal
I1012 13:51:17.416158 16064 thread.cpp:96] Thread 1052672 construct Actor kNormalForward 2207613190154
I1012 13:51:17.416226 16064 runtime_context.cpp:29] DecreaseCounter constructing_actor_cnt, current val is 554
I1012 13:51:17.416260 16052 naive_actor.cpp:25] actor 2199023255583 switch to &NaiveActor::HandlerNormal
I1012 13:51:17.416307 16052 thread.cpp:96] Thread 1048576 construct Actor kNormalForward 2199023255583
I1012 13:51:17.416376 16041 naive_actor.cpp:25] actor 1099614388285 switch to &NaiveActor::HandlerNormal
I1012 13:51:17.416378 16052 runtime_context.cpp:29] DecreaseCounter constructing_actor_cnt, current val is 553
I1012 13:51:17.416421 16041 thread.cpp:96] Thread 524337 construct Actor kTick 1099614388285
I1012 13:51:17.416517 16041 runtime_context.cpp:29] DecreaseCounter constructing_actor_cnt, current val is 552
I1012 13:51:17.416777 16041 naive_actor.cpp:25] actor 1099614388282 switch to &NaiveActor::HandlerNormal
I1012 13:51:17.416822 16041 thread.cpp:96] Thread 524337 construct Actor kTick 1099614388282
I1012 13:51:17.416873 16041 runtime_context.cpp:29] DecreaseCounter constructing_actor_cnt, current val is 551
I1012 13:51:17.417104 16064 naive_actor.cpp:25] actor 2207613190221 switch to &NaiveActor::HandlerNormal
I1012 13:51:17.417135 16041 naive_actor.cpp:25] actor 1099614388288 switch to &NaiveActor::HandlerNormal
I1012 13:51:17.417155 16064 thread.cpp:96] Thread 1052672 construct Actor kNormalForward 2207613190221
I1012 13:51:17.417174 16041 thread.cpp:96] Thread 524337 construct Actor kTick 1099614388288
I1012 13:51:17.417258 16041 runtime_context.cpp:29] DecreaseCounter constructing_actor_cnt, current val is 550
I1012 13:51:17.417263 16064 runtime_context.cpp:29] DecreaseCounter constructing_actor_cnt, current val is 549
I1012 13:51:17.417301 16052 naive_actor.cpp:25] actor 2199023255591 switch to &NaiveActor::HandlerNormal
I1012 13:51:17.417351 16052 thread.cpp:96] Thread 1048576 construct Actor kNormalForward 2199023255591
I1012 13:51:17.417421 16052 runtime_context.cpp:29] DecreaseCounter constructing_actor_cnt, current val is 548
I1012 13:51:17.417548 16041 naive_actor.cpp:25] actor 1099614388292 switch to &NaiveActor::HandlerNormal
I1012 13:51:17.417600 16041 thread.cpp:96] Thread 524337 construct Actor kTick 1099614388292
I1012 13:51:17.417603 16064 naive_actor.cpp:25] actor 2207613190155 switch to &NaiveActor::HandlerNormal
I1012 13:51:17.417668 16041 runtime_context.cpp:29] DecreaseCounter constructing_actor_cnt, current val is 547
I1012 13:51:17.417673 16064 thread.cpp:96] Thread 1052672 construct Actor kNormalForward 2207613190155
I1012 13:51:17.417765 16064 runtime_context.cpp:29] DecreaseCounter constructing_actor_cnt, current val is 546
I1012 13:51:17.418000 16041 naive_actor.cpp:25] actor 1099614388293 switch to &NaiveActor::HandlerNormal
I1012 13:51:17.418045 16041 thread.cpp:96] Thread 524337 construct Actor kDstSubsetTick 1099614388293
I1012 13:51:17.418047 16064 naive_actor.cpp:25] actor 2207613190180 switch to &NaiveActor::HandlerNormal
I1012 13:51:17.418110 16064 thread.cpp:96] Thread 1052672 construct Actor kNormalForward 2207613190180
I1012 13:51:17.418114 16041 runtime_context.cpp:29] DecreaseCounter constructing_actor_cnt, current val is 545
I1012 13:51:17.418181 16064 runtime_context.cpp:29] DecreaseCounter constructing_actor_cnt, current val is 544
I1012 13:51:17.418402 16041 naive_actor.cpp:25] actor 1099614388290 switch to &NaiveActor::HandlerNormal
I1012 13:51:17.418457 16041 thread.cpp:96] Thread 524337 construct Actor kSrcSubsetTick 1099614388290
I1012 13:51:17.418483 16052 naive_actor.cpp:25] actor 2199023255569 switch to &NaiveActor::HandlerNormal
I1012 13:51:17.418517 16052 thread.cpp:96] Thread 1048576 construct Actor kNormalForward 2199023255569
I1012 13:51:17.418521 16041 runtime_context.cpp:29] DecreaseCounter constructing_actor_cnt, current val is 543
I1012 13:51:17.418589 16052 runtime_context.cpp:29] DecreaseCounter constructing_actor_cnt, current val is 542
I1012 13:51:17.418817 16041 naive_actor.cpp:25] actor 1099614388277 switch to &NaiveActor::HandlerNormal
I1012 13:51:17.418864 16041 thread.cpp:96] Thread 524337 construct Actor kSrcSubsetTick 1099614388277
I1012 13:51:17.418936 16041 runtime_context.cpp:29] DecreaseCounter constructing_actor_cnt, current val is 541
I1012 13:51:17.419023 16064 naive_actor.cpp:25] actor 2207613190201 switch to &NaiveActor::HandlerNormal
I1012 13:51:17.419075 16064 thread.cpp:96] Thread 1052672 construct Actor kNormalForward 2207613190201
I1012 13:51:17.419150 16064 runtime_context.cpp:29] DecreaseCounter constructing_actor_cnt, current val is 540
I1012 13:51:17.419203 16041 naive_actor.cpp:25] actor 1099614388307 switch to &NaiveActor::HandlerNormal
I1012 13:51:17.419241 16041 thread.cpp:96] Thread 524337 construct Actor kTick 1099614388307
I1012 13:51:17.419307 16041 runtime_context.cpp:29] DecreaseCounter constructing_actor_cnt, current val is 539
I1012 13:51:17.419386 16052 naive_actor.cpp:25] actor 2199023255584 switch to &NaiveActor::HandlerNormal
I1012 13:51:17.419450 16052 thread.cpp:96] Thread 1048576 construct Actor kNormalForward 2199023255584
I1012 13:51:17.419514 16064 naive_actor.cpp:25] actor 2207613190177 switch to &NaiveActor::HandlerNormal
I1012 13:51:17.419520 16052 runtime_context.cpp:29] DecreaseCounter constructing_actor_cnt, current val is 538
I1012 13:51:17.419565 16064 thread.cpp:96] Thread 1052672 construct Actor kNormalForward 2207613190177
I1012 13:51:17.419572 16041 naive_actor.cpp:25] actor 1099614388306 switch to &NaiveActor::HandlerNormal
I1012 13:51:17.419651 16041 thread.cpp:96] Thread 524337 construct Actor kTick 1099614388306
I1012 13:51:17.419682 16064 runtime_context.cpp:29] DecreaseCounter constructing_actor_cnt, current val is 537
I1012 13:51:17.419700 16041 runtime_context.cpp:29] DecreaseCounter constructing_actor_cnt, current val is 536
I1012 13:51:17.419885 16052 naive_actor.cpp:25] actor 2199023255590 switch to &NaiveActor::HandlerNormal
I1012 13:51:17.419934 16052 thread.cpp:96] Thread 1048576 construct Actor kNormalForward 2199023255590
I1012 13:51:17.419966 16041 naive_actor.cpp:25] actor 1099614388299 switch to &NaiveActor::HandlerNormal
I1012 13:51:17.420006 16052 runtime_context.cpp:29] DecreaseCounter constructing_actor_cnt, current val is 535
I1012 13:51:17.420025 16041 thread.cpp:96] Thread 524337 construct Actor kTick 1099614388299
I1012 13:51:17.420140 16041 runtime_context.cpp:29] DecreaseCounter constructing_actor_cnt, current val is 534
I1012 13:51:17.420469 16041 reentrant_lock_actor.cpp:76] actor 1099614388296 switch to &ReentrantLockActor::HandlerNormal
I1012 13:51:17.420512 16041 thread.cpp:96] Thread 524337 construct Actor kReentrantLock 1099614388296
I1012 13:51:17.420564 16041 runtime_context.cpp:29] DecreaseCounter constructing_actor_cnt, current val is 533
I1012 13:51:17.420578 16064 naive_actor.cpp:25] actor 2207613190225 switch to &NaiveActor::HandlerNormal
I1012 13:51:17.420639 16064 thread.cpp:96] Thread 1052672 construct Actor kNormalForward 2207613190225
I1012 13:51:17.420715 16064 runtime_context.cpp:29] DecreaseCounter constructing_actor_cnt, current val is 532
I1012 13:51:17.420843 16041 naive_actor.cpp:25] actor 1099614388322 switch to &NaiveActor::HandlerNormal
I1012 13:51:17.420886 16041 thread.cpp:96] Thread 524337 construct Actor kTick 1099614388322
I1012 13:51:17.420892 16052 naive_actor.cpp:25] actor 2199023255571 switch to &NaiveActor::HandlerNormal
I1012 13:51:17.420945 16052 thread.cpp:96] Thread 1048576 construct Actor kNormalForward 2199023255571
I1012 13:51:17.420948 16041 runtime_context.cpp:29] DecreaseCounter constructing_actor_cnt, current val is 531
I1012 13:51:17.421043 16052 runtime_context.cpp:29] DecreaseCounter constructing_actor_cnt, current val is 530
I1012 13:51:17.421247 16041 naive_actor.cpp:25] actor 1099614388317 switch to &NaiveActor::HandlerNormal
I1012 13:51:17.421290 16041 thread.cpp:96] Thread 524337 construct Actor kTick 1099614388317
I1012 13:51:17.421337 16041 runtime_context.cpp:29] DecreaseCounter constructing_actor_cnt, current val is 529
I1012 13:51:17.421532 16064 naive_actor.cpp:25] actor 2207613190163 switch to &NaiveActor::HandlerNormal
I1012 13:51:17.421577 16064 thread.cpp:96] Thread 1052672 construct Actor kNormalForward 2207613190163
I1012 13:51:17.421614 16041 naive_actor.cpp:25] actor 1099614388323 switch to &NaiveActor::HandlerNormal
I1012 13:51:17.421638 16064 runtime_context.cpp:29] DecreaseCounter constructing_actor_cnt, current val is 528
I1012 13:51:17.421655 16041 thread.cpp:96] Thread 524337 construct Actor kTick 1099614388323
I1012 13:51:17.421741 16041 runtime_context.cpp:29] DecreaseCounter constructing_actor_cnt, current val is 527
I1012 13:51:17.421825 16052 naive_actor.cpp:25] actor 2199023255558 switch to &NaiveActor::HandlerNormal
I1012 13:51:17.421881 16052 thread.cpp:96] Thread 1048576 construct Actor kNormalForward 2199023255558
I1012 13:51:17.421937 16064 naive_actor.cpp:25] actor 2207613190160 switch to &NaiveActor::HandlerNormal
I1012 13:51:17.421959 16052 runtime_context.cpp:29] DecreaseCounter constructing_actor_cnt, current val is 526
I1012 13:51:17.421981 16064 thread.cpp:96] Thread 1052672 construct Actor kNormalForward 2207613190160
I1012 13:51:17.422003 16041 naive_actor.cpp:25] actor 1099614388301 switch to &NaiveActor::HandlerNormal
I1012 13:51:17.422057 16041 thread.cpp:96] Thread 524337 construct Actor kTick 1099614388301
I1012 13:51:17.422075 16064 runtime_context.cpp:29] DecreaseCounter constructing_actor_cnt, current val is 525
I1012 13:51:17.422102 16041 runtime_context.cpp:29] DecreaseCounter constructing_actor_cnt, current val is 524
I1012 13:51:17.422282 16052 naive_actor.cpp:25] actor 2199023255595 switch to &NaiveActor::HandlerNormal
I1012 13:51:17.422330 16052 thread.cpp:96] Thread 1048576 construct Actor kNormalForward 2199023255595
I1012 13:51:17.422340 16041 naive_actor.cpp:25] actor 1099614388300 switch to &NaiveActor::HandlerNormal
I1012 13:51:17.422389 16041 thread.cpp:96] Thread 524337 construct Actor kTick 1099614388300
I1012 13:51:17.422403 16052 runtime_context.cpp:29] DecreaseCounter constructing_actor_cnt, current val is 523
I1012 13:51:17.422441 16041 runtime_context.cpp:29] DecreaseCounter constructing_actor_cnt, current val is 522
I1012 13:51:17.422753 16041 naive_actor.cpp:25] actor 1099614388324 switch to &NaiveActor::HandlerNormal
I1012 13:51:17.422801 16041 thread.cpp:96] Thread 524337 construct Actor kTick 1099614388324
I1012 13:51:17.422863 16041 runtime_context.cpp:29] DecreaseCounter constructing_actor_cnt, current val is 521
I1012 13:51:17.422894 16064 naive_actor.cpp:25] actor 2207613190176 switch to &NaiveActor::HandlerNormal
I1012 13:51:17.422942 16064 thread.cpp:96] Thread 1052672 construct Actor kNormalForward 2207613190176
I1012 13:51:17.423007 16064 runtime_context.cpp:29] DecreaseCounter constructing_actor_cnt, current val is 520
I1012 13:51:17.423126 16041 naive_actor.cpp:25] actor 1099614388325 switch to &NaiveActor::HandlerNormal
I1012 13:51:17.423147 16052 naive_actor.cpp:25] actor 2199023255582 switch to &NaiveActor::HandlerNormal
I1012 13:51:17.423166 16041 thread.cpp:96] Thread 524337 construct Actor kTick 1099614388325
I1012 13:51:17.423192 16052 thread.cpp:96] Thread 1048576 construct Actor kNormalForward 2199023255582
I1012 13:51:17.423256 16041 runtime_context.cpp:29] DecreaseCounter constructing_actor_cnt, current val is 519
I1012 13:51:17.423281 16052 runtime_context.cpp:29] DecreaseCounter constructing_actor_cnt, current val is 518
I1012 13:51:17.423534 16041 naive_actor.cpp:25] actor 1099614388319 switch to &NaiveActor::HandlerNormal
I1012 13:51:17.423576 16041 thread.cpp:96] Thread 524337 construct Actor kTick 1099614388319
I1012 13:51:17.423622 16041 runtime_context.cpp:29] DecreaseCounter constructing_actor_cnt, current val is 517
I1012 13:51:17.423758 16064 naive_actor.cpp:25] actor 2207613190194 switch to &NaiveActor::HandlerNormal
I1012 13:51:17.423804 16064 thread.cpp:96] Thread 1052672 construct Actor kNormalForward 2207613190194
I1012 13:51:17.423862 16041 naive_actor.cpp:25] actor 1099614388310 switch to &NaiveActor::HandlerNormal
I1012 13:51:17.423880 16064 runtime_context.cpp:29] DecreaseCounter constructing_actor_cnt, current val is 516
I1012 13:51:17.423908 16041 thread.cpp:96] Thread 524337 construct Actor kTick 1099614388310
I1012 13:51:17.423971 16041 runtime_context.cpp:29] DecreaseCounter constructing_actor_cnt, current val is 515
I1012 13:51:17.424121 16052 naive_actor.cpp:25] actor 2199023255589 switch to &NaiveActor::HandlerNormal
I1012 13:51:17.424167 16052 thread.cpp:96] Thread 1048576 construct Actor kNormalForward 2199023255589
I1012 13:51:17.424194 16064 naive_actor.cpp:25] actor 2207613190190 switch to &NaiveActor::HandlerNormal
I1012 13:51:17.424224 16064 thread.cpp:96] Thread 1052672 construct Actor kNormalForward 2207613190190
I1012 13:51:17.424235 16041 naive_actor.cpp:25] actor 1099614388320 switch to &NaiveActor::HandlerNormal
I1012 13:51:17.424242 16052 runtime_context.cpp:29] DecreaseCounter constructing_actor_cnt, current val is 514
I1012 13:51:17.424275 16041 thread.cpp:96] Thread 524337 construct Actor kTick 1099614388320
I1012 13:51:17.424283 16064 runtime_context.cpp:29] DecreaseCounter constructing_actor_cnt, current val is 513
I1012 13:51:17.424346 16041 runtime_context.cpp:29] DecreaseCounter constructing_actor_cnt, current val is 512
I1012 13:51:17.424599 16041 naive_actor.cpp:25] actor 1099614388304 switch to &NaiveActor::HandlerNormal
I1012 13:51:17.424643 16041 thread.cpp:96] Thread 524337 construct Actor kTick 1099614388304
I1012 13:51:17.424687 16041 runtime_context.cpp:29] DecreaseCounter constructing_actor_cnt, current val is 511
I1012 13:51:17.424930 16041 naive_actor.cpp:25] actor 1099614388303 switch to &NaiveActor::HandlerNormal
I1012 13:51:17.424943 16064 naive_actor.cpp:25] actor 2207613190189 switch to &NaiveActor::HandlerNormal
I1012 13:51:17.424975 16041 thread.cpp:96] Thread 524337 construct Actor kTick 1099614388303
I1012 13:51:17.425000 16064 thread.cpp:96] Thread 1052672 construct Actor kNormalForward 2207613190189
I1012 13:51:17.425057 16041 runtime_context.cpp:29] DecreaseCounter constructing_actor_cnt, current val is 510
I1012 13:51:17.425077 16064 runtime_context.cpp:29] DecreaseCounter constructing_actor_cnt, current val is 509
I1012 13:51:17.425109 16052 naive_actor.cpp:25] actor 2199023255586 switch to &NaiveActor::HandlerNormal
I1012 13:51:17.425181 16052 thread.cpp:96] Thread 1048576 construct Actor kNormalForward 2199023255586
I1012 13:51:17.425276 16052 runtime_context.cpp:29] DecreaseCounter constructing_actor_cnt, current val is 508
I1012 13:51:17.425331 16041 naive_actor.cpp:25] actor 1099614388298 switch to &NaiveActor::HandlerNormal
I1012 13:51:17.425370 16041 thread.cpp:96] Thread 524337 construct Actor kTick 1099614388298
I1012 13:51:17.425439 16041 runtime_context.cpp:29] DecreaseCounter constructing_actor_cnt, current val is 507
I1012 13:51:17.425616 16052 naive_actor.cpp:25] actor 2199023255568 switch to &NaiveActor::HandlerNormal
I1012 13:51:17.425662 16052 thread.cpp:96] Thread 1048576 construct Actor kNormalForward 2199023255568
I1012 13:51:17.425698 16041 naive_actor.cpp:25] actor 1099614388316 switch to &NaiveActor::HandlerNormal
I1012 13:51:17.425727 16052 runtime_context.cpp:29] DecreaseCounter constructing_actor_cnt, current val is 506
I1012 13:51:17.425738 16041 thread.cpp:96] Thread 524337 construct Actor kTick 1099614388316
I1012 13:51:17.425803 16041 runtime_context.cpp:29] DecreaseCounter constructing_actor_cnt, current val is 505
I1012 13:51:17.425948 16064 naive_actor.cpp:25] actor 2207613190211 switch to &NaiveActor::HandlerNormal
I1012 13:51:17.426000 16064 thread.cpp:96] Thread 1052672 construct Actor kNormalForward 2207613190211
I1012 13:51:17.426038 16052 naive_actor.cpp:25] actor 2199023255588 switch to &NaiveActor::HandlerNormal
I1012 13:51:17.426059 16064 runtime_context.cpp:29] DecreaseCounter constructing_actor_cnt, current val is 504
I1012 13:51:17.426061 16041 naive_actor.cpp:25] actor 1099614388311 switch to &NaiveActor::HandlerNormal
I1012 13:51:17.426085 16052 thread.cpp:96] Thread 1048576 construct Actor kNormalForward 2199023255588
I1012 13:51:17.426128 16041 thread.cpp:96] Thread 524337 construct Actor kTick 1099614388311
I1012 13:51:17.426200 16052 runtime_context.cpp:29] DecreaseCounter constructing_actor_cnt, current val is 503
I1012 13:51:17.426216 16041 runtime_context.cpp:29] DecreaseCounter constructing_actor_cnt, current val is 502
I1012 13:51:17.426370 16064 naive_actor.cpp:25] actor 2207613190192 switch to &NaiveActor::HandlerNormal
I1012 13:51:17.426415 16064 thread.cpp:96] Thread 1052672 construct Actor kNormalForward 2207613190192
I1012 13:51:17.426481 16064 runtime_context.cpp:29] DecreaseCounter constructing_actor_cnt, current val is 501
I1012 13:51:17.426498 16041 naive_actor.cpp:25] actor 1099614388305 switch to &NaiveActor::HandlerNormal
I1012 13:51:17.426530 16041 thread.cpp:96] Thread 524337 construct Actor kTick 1099614388305
I1012 13:51:17.426595 16041 runtime_context.cpp:29] DecreaseCounter constructing_actor_cnt, current val is 500
I1012 13:51:17.426864 16041 naive_actor.cpp:25] actor 1099614388308 switch to &NaiveActor::HandlerNormal
I1012 13:51:17.426911 16041 thread.cpp:96] Thread 524337 construct Actor kTick 1099614388308
I1012 13:51:17.426959 16041 runtime_context.cpp:29] DecreaseCounter constructing_actor_cnt, current val is 499
I1012 13:51:17.426968 16052 naive_actor.cpp:25] actor 2199023255603 switch to &NaiveActor::HandlerNormal
I1012 13:51:17.427032 16052 thread.cpp:96] Thread 1048576 construct Actor kNormalForward 2199023255603
I1012 13:51:17.427109 16052 runtime_context.cpp:29] DecreaseCounter constructing_actor_cnt, current val is 498
I1012 13:51:17.427348 16064 naive_actor.cpp:25] actor 2207613190206 switch to &NaiveActor::HandlerNormal
I1012 13:51:17.427397 16064 thread.cpp:96] Thread 1052672 construct Actor kNormalForward 2207613190206
I1012 13:51:17.427412 16041 esac_actor.cpp:73] actor 1099614388326 switch to &EsacActor::HandlerNormal
I1012 13:51:17.427469 16041 thread.cpp:96] Thread 524337 construct Actor kEsac 1099614388326
I1012 13:51:17.427485 16064 runtime_context.cpp:29] DecreaseCounter constructing_actor_cnt, current val is 497
I1012 13:51:17.427547 16041 runtime_context.cpp:29] DecreaseCounter constructing_actor_cnt, current val is 496
I1012 13:51:17.427878 16041 naive_actor.cpp:25] actor 1099614388315 switch to &NaiveActor::HandlerNormal
I1012 13:51:17.427892 16052 naive_actor.cpp:25] actor 2199023255602 switch to &NaiveActor::HandlerNormal
I1012 13:51:17.427932 16041 thread.cpp:96] Thread 524337 construct Actor kTick 1099614388315
I1012 13:51:17.427958 16052 thread.cpp:96] Thread 1048576 construct Actor kNormalForward 2199023255602
I1012 13:51:17.428028 16041 runtime_context.cpp:29] DecreaseCounter constructing_actor_cnt, current val is 495
I1012 13:51:17.428054 16052 runtime_context.cpp:29] DecreaseCounter constructing_actor_cnt, current val is 494
I1012 13:51:17.428275 16041 naive_actor.cpp:25] actor 1099614388309 switch to &NaiveActor::HandlerNormal
I1012 13:51:17.428292 16064 naive_actor.cpp:25] actor 2207613190193 switch to &NaiveActor::HandlerNormal
I1012 13:51:17.428326 16041 thread.cpp:96] Thread 524337 construct Actor kTick 1099614388309
I1012 13:51:17.428351 16064 thread.cpp:96] Thread 1052672 construct Actor kNormalForward 2207613190193
I1012 13:51:17.428416 16041 runtime_context.cpp:29] DecreaseCounter constructing_actor_cnt, current val is 493
I1012 13:51:17.428452 16064 runtime_context.cpp:29] DecreaseCounter constructing_actor_cnt, current val is 492
I1012 13:51:17.428689 16041 naive_actor.cpp:25] actor 1099614388313 switch to &NaiveActor::HandlerNormal
I1012 13:51:17.428730 16041 thread.cpp:96] Thread 524337 construct Actor kTick 1099614388313
I1012 13:51:17.428781 16041 runtime_context.cpp:29] DecreaseCounter constructing_actor_cnt, current val is 491
I1012 13:51:17.428799 16052 naive_actor.cpp:25] actor 2199023255623 switch to &NaiveActor::HandlerNormal
I1012 13:51:17.428858 16052 thread.cpp:96] Thread 1048576 construct Actor kNormalForward 2199023255623
I1012 13:51:17.428941 16052 runtime_context.cpp:29] DecreaseCounter constructing_actor_cnt, current val is 490
I1012 13:51:17.429057 16041 naive_actor.cpp:25] actor 1099614388318 switch to &NaiveActor::HandlerNormal
I1012 13:51:17.429100 16041 thread.cpp:96] Thread 524337 construct Actor kTick 1099614388318
I1012 13:51:17.429145 16041 runtime_context.cpp:29] DecreaseCounter constructing_actor_cnt, current val is 489
I1012 13:51:17.429263 16064 naive_actor.cpp:25] actor 2207613190178 switch to &NaiveActor::HandlerNormal
I1012 13:51:17.429311 16064 thread.cpp:96] Thread 1052672 construct Actor kNormalForward 2207613190178
I1012 13:51:17.429383 16064 runtime_context.cpp:29] DecreaseCounter constructing_actor_cnt, current val is 488
I1012 13:51:17.429384 16041 naive_actor.cpp:25] actor 1099614388314 switch to &NaiveActor::HandlerNormal
I1012 13:51:17.429453 16041 thread.cpp:96] Thread 524337 construct Actor kTick 1099614388314
I1012 13:51:17.429513 16041 runtime_context.cpp:29] DecreaseCounter constructing_actor_cnt, current val is 487
I1012 13:51:17.429755 16041 naive_actor.cpp:25] actor 1099614388321 switch to &NaiveActor::HandlerNormal
I1012 13:51:17.429795 16041 thread.cpp:96] Thread 524337 construct Actor kTick 1099614388321
I1012 13:51:17.429826 16052 naive_actor.cpp:25] actor 2199023255619 switch to &NaiveActor::HandlerNormal
I1012 13:51:17.429852 16041 runtime_context.cpp:29] DecreaseCounter constructing_actor_cnt, current val is 486
I1012 13:51:17.429858 16052 thread.cpp:96] Thread 1048576 construct Actor kNormalForward 2199023255619
I1012 13:51:17.429953 16052 runtime_context.cpp:29] DecreaseCounter constructing_actor_cnt, current val is 485
I1012 13:51:17.430133 16041 naive_actor.cpp:25] actor 1099614388327 switch to &NaiveActor::HandlerNormal
I1012 13:51:17.430186 16041 thread.cpp:96] Thread 524337 construct Actor kTick 1099614388327
I1012 13:51:17.430233 16064 naive_actor.cpp:25] actor 2207613190147 switch to &NaiveActor::HandlerNormal
I1012 13:51:17.430243 16041 runtime_context.cpp:29] DecreaseCounter constructing_actor_cnt, current val is 484
I1012 13:51:17.430281 16052 naive_actor.cpp:25] actor 2199023255563 switch to &NaiveActor::HandlerNormal
I1012 13:51:17.430281 16064 thread.cpp:96] Thread 1052672 construct Actor kNormalForward 2207613190147
I1012 13:51:17.430323 16052 thread.cpp:96] Thread 1048576 construct Actor kNormalForward 2199023255563
I1012 13:51:17.430383 16064 runtime_context.cpp:29] DecreaseCounter constructing_actor_cnt, current val is 483
I1012 13:51:17.430454 16052 runtime_context.cpp:29] DecreaseCounter constructing_actor_cnt, current val is 482
I1012 13:51:17.430554 16041 naive_actor.cpp:25] actor 1099614388302 switch to &NaiveActor::HandlerNormal
I1012 13:51:17.430595 16041 thread.cpp:96] Thread 524337 construct Actor kTick 1099614388302
I1012 13:51:17.430653 16041 runtime_context.cpp:29] DecreaseCounter constructing_actor_cnt, current val is 481
I1012 13:51:17.430905 16041 naive_actor.cpp:25] actor 1099614388328 switch to &NaiveActor::HandlerNormal
I1012 13:51:17.430946 16041 thread.cpp:96] Thread 524337 construct Actor kTick 1099614388328
I1012 13:51:17.431003 16041 runtime_context.cpp:29] DecreaseCounter constructing_actor_cnt, current val is 480
I1012 13:51:17.431214 16064 naive_actor.cpp:25] actor 2207613190203 switch to &NaiveActor::HandlerNormal
I1012 13:51:17.431243 16041 naive_actor.cpp:25] actor 1099614388330 switch to &NaiveActor::HandlerNormal
I1012 13:51:17.431260 16064 thread.cpp:96] Thread 1052672 construct Actor kNormalForward 2207613190203
I1012 13:51:17.431279 16041 thread.cpp:96] Thread 524337 construct Actor kTick 1099614388330
I1012 13:51:17.431318 16052 naive_actor.cpp:25] actor 2199023255604 switch to &NaiveActor::HandlerNormal
I1012 13:51:17.431344 16064 runtime_context.cpp:29] DecreaseCounter constructing_actor_cnt, current val is 479
I1012 13:51:17.431351 16052 thread.cpp:96] Thread 1048576 construct Actor kNormalForward 2199023255604
I1012 13:51:17.431351 16041 runtime_context.cpp:29] DecreaseCounter constructing_actor_cnt, current val is 478
I1012 13:51:17.431443 16052 runtime_context.cpp:29] DecreaseCounter constructing_actor_cnt, current val is 477
I1012 13:51:17.431969 16064 naive_actor.cpp:25] actor 2207613190245 switch to &NaiveActor::HandlerNormal
I1012 13:51:17.432018 16064 thread.cpp:96] Thread 1052672 construct Actor kNormalForward 2207613190245
I1012 13:51:17.432077 16064 runtime_context.cpp:29] DecreaseCounter constructing_actor_cnt, current val is 476
I1012 13:51:17.432188 16052 naive_actor.cpp:25] actor 2199023255628 switch to &NaiveActor::HandlerNormal
I1012 13:51:17.432238 16052 thread.cpp:96] Thread 1048576 construct Actor kNormalForward 2199023255628
I1012 13:51:17.432315 16052 runtime_context.cpp:29] DecreaseCounter constructing_actor_cnt, current val is 475
I1012 13:51:17.432711 16064 naive_actor.cpp:25] actor 2207613190179 switch to &NaiveActor::HandlerNormal
I1012 13:51:17.432760 16064 thread.cpp:96] Thread 1052672 construct Actor kNormalForward 2207613190179
I1012 13:51:17.432826 16064 runtime_context.cpp:29] DecreaseCounter constructing_actor_cnt, current val is 474
I1012 13:51:17.433030 16052 naive_actor.cpp:25] actor 2199023255615 switch to &NaiveActor::HandlerNormal
I1012 13:51:17.433073 16052 thread.cpp:96] Thread 1048576 construct Actor kNormalForward 2199023255615
I1012 13:51:17.433135 16052 runtime_context.cpp:29] DecreaseCounter constructing_actor_cnt, current val is 473
I1012 13:51:17.433643 16064 naive_actor.cpp:25] actor 2207613190202 switch to &NaiveActor::HandlerNormal
I1012 13:51:17.433693 16064 thread.cpp:96] Thread 1052672 construct Actor kNormalForward 2207613190202
I1012 13:51:17.433758 16064 runtime_context.cpp:29] DecreaseCounter constructing_actor_cnt, current val is 472
I1012 13:51:17.433815 16052 naive_actor.cpp:25] actor 2199023255639 switch to &NaiveActor::HandlerNormal
I1012 13:51:17.433862 16052 thread.cpp:96] Thread 1048576 construct Actor kNormalForward 2199023255639
I1012 13:51:17.433935 16052 runtime_context.cpp:29] DecreaseCounter constructing_actor_cnt, current val is 471
I1012 13:51:17.434571 16064 naive_actor.cpp:25] actor 2207613190220 switch to &NaiveActor::HandlerNormal
I1012 13:51:17.434623 16064 thread.cpp:96] Thread 1052672 construct Actor kNormalForward 2207613190220
I1012 13:51:17.434684 16064 runtime_context.cpp:29] DecreaseCounter constructing_actor_cnt, current val is 470
I1012 13:51:17.434685 16052 naive_actor.cpp:25] actor 2199023255574 switch to &NaiveActor::HandlerNormal
I1012 13:51:17.434775 16052 thread.cpp:96] Thread 1048576 construct Actor kNormalForward 2199023255574
I1012 13:51:17.434834 16052 runtime_context.cpp:29] DecreaseCounter constructing_actor_cnt, current val is 469
I1012 13:51:17.435123 16052 naive_actor.cpp:25] actor 2199023255573 switch to &NaiveActor::HandlerNormal
I1012 13:51:17.435165 16052 thread.cpp:96] Thread 1048576 construct Actor kNormalForward 2199023255573
I1012 13:51:17.435215 16052 runtime_context.cpp:29] DecreaseCounter constructing_actor_cnt, current val is 468
I1012 13:51:17.435365 16064 naive_actor.cpp:25] actor 2207613190159 switch to &NaiveActor::HandlerNormal
I1012 13:51:17.435415 16064 thread.cpp:96] Thread 1052672 construct Actor kNormalForward 2207613190159
I1012 13:51:17.435487 16064 runtime_context.cpp:29] DecreaseCounter constructing_actor_cnt, current val is 467
I1012 13:51:17.435847 16052 naive_actor.cpp:25] actor 2199023255572 switch to &NaiveActor::HandlerNormal
I1012 13:51:17.435891 16052 thread.cpp:96] Thread 1048576 construct Actor kNormalForward 2199023255572
I1012 13:51:17.435956 16052 runtime_context.cpp:29] DecreaseCounter constructing_actor_cnt, current val is 466
I1012 13:51:17.436163 16064 naive_actor.cpp:25] actor 2207613190226 switch to &NaiveActor::HandlerNormal
I1012 13:51:17.436211 16064 thread.cpp:96] Thread 1052672 construct Actor kNormalForward 2207613190226
