Log file created at: 2021/10/14 11:33:45
Running on machine: oneflow-14
Log line format: [IWEF]mmdd hh:mm:ss.uuuuuu threadid file:line] msg
I1014 11:33:45.375974 11957 global.h:36] NewGlobal 14cudaDeviceProp
I1014 11:33:45.377111 11957 global.h:36] NewGlobal N7oneflow7EnvDescE
I1014 11:33:45.377130 11957 global.h:36] NewGlobal N7oneflow10ProcessCtxE
I1014 11:33:45.377141 11957 env_global_objects_scope.cpp:152] using rpc backend: local
I1014 11:33:45.377203 11957 global.h:36] NewGlobal N7oneflow12ResourceDescE
I1014 11:33:45.377219 11957 global.h:36] NewGlobal N7oneflow12ResourceDescE
I1014 11:33:45.462611 11957 global.h:36] NewGlobal N7oneflow10ThreadPoolE
I1014 11:33:45.463667 11957 global.h:36] NewGlobal N7oneflow16EagerNcclCommMgrE
I1014 11:33:45.463680 11957 global.h:36] NewGlobal N7oneflow18CudnnConvAlgoCacheE
I1014 11:33:45.463686 11957 global.h:36] NewGlobal N7oneflow2vm19VirtualMachineScopeE
I1014 11:33:45.463692 11957 global.h:36] NewGlobal N7oneflow9OneflowVME
I1014 11:33:45.464382 11957 oneflow_vm.cpp:75] transport stream type: N7oneflow2vm13CpuStreamTypeE
I1014 11:33:45.464397 11957 oneflow_vm.cpp:75] transport stream type: N7oneflow2vm14CudaStreamTypeE
I1014 11:33:45.464403 11957 oneflow_vm.cpp:75] transport stream type: N7oneflow2vm19AsyncCudaStreamTypeE
I1014 11:33:45.464514 11957 global.h:36] NewGlobal N7oneflow27EagerJobBuildAndInferCtxMgrE
I1014 11:33:45.464525 11957 global.h:36] NewGlobal N7oneflow12EpollCommNetE
I1014 11:33:45.464735 11957 epoll_comm_network.cpp:63] CommNet:Epoll listening on 0.0.0.0:42160
I1014 11:33:45.464764 11957 epoll_comm_network.cpp:197] machine 0 sockfd -1
I1014 11:33:45.464874 11957 global.h:36] NewGlobal N7oneflow9TransportE
I1014 11:33:45.466241 11957 global.h:43] DeleteGlobal N7oneflow12ResourceDescE
I1014 11:33:45.466264 11957 version.cpp:22] OneFlow git version: b295ca2324
I1014 11:33:45.466279 11957 device_register_gpu.cpp:56] CUDA runtime version: 11.2
I1014 11:33:45.466295 11957 device_register_gpu.cpp:65] cuDNN version: 8.1.1
I1014 11:33:45.466302 11957 device_register_gpu.cpp:78] NCCL version: 2.9.8
I1014 11:33:45.466310 11957 global.h:36] NewGlobal N7oneflow12ResourceDescE
I1014 11:33:45.466316 11957 global.h:36] NewGlobal N7oneflow5IDMgrE
I1014 11:33:45.466322 11957 global.h:36] NewGlobal N7oneflow16AvailableMemDescE
I1014 11:33:45.466342 11957 global.h:36] NewGlobal St13unordered_mapISslSt4hashISsESt8equal_toISsESaISt4pairIKSslEEE
I1014 11:33:45.466348 11957 global.h:36] NewGlobal N7oneflow19CriticalSectionDescE
I1014 11:33:45.466354 11957 global.h:36] NewGlobal N7oneflow16InterUserJobInfoE
I1014 11:33:45.466360 11957 global.h:36] NewGlobal N7oneflow26LazyJobBuildAndInferCtxMgrE
I1014 11:33:45.466367 11957 global.h:36] NewGlobal N7oneflow16JobSetCompileCtxE
I1014 11:33:45.466372 11957 global.h:36] NewGlobal N7oneflow26RuntimeBufferManagersScopeE
I1014 11:33:45.466378 11957 global.h:36] NewGlobal N7oneflow9BufferMgrIlEE
I1014 11:33:45.466385 11957 global.h:36] NewGlobal N7oneflow9BufferMgrISt10shared_ptrINS_11JobInstanceEEEE
I1014 11:33:45.466390 11957 global.h:36] NewGlobal N7oneflow10RuntimeCtxE
I1014 11:33:45.466396 11957 global.h:36] NewGlobal N7oneflow15MemoryAllocatorE
I1014 11:33:45.466401 11957 global.h:36] NewGlobal N7oneflow8ChunkMgrE
I1014 11:33:45.466406 11957 global.h:36] NewGlobal N7oneflow8RegstMgrE
I1014 11:33:45.466411 11957 global.h:36] NewGlobal N7oneflow11ActorMsgBusE
I1014 11:33:45.466416 11957 global.h:36] NewGlobal N7oneflow9ThreadMgrE
I1014 11:33:45.466423 11957 global.h:36] NewGlobal N7oneflow15RuntimeJobDescsE
I1014 11:33:45.466428 11957 global.h:36] NewGlobal N7oneflow7summary12EventsWriterE
I1014 11:33:45.466434 11957 global.h:36] NewGlobal N7oneflow6boxing10collective24CollectiveBoxingExecutorE
I1014 11:33:45.466439 11957 global.h:36] NewGlobal N7oneflow6boxing10collective31CollectiveBoxingDeviceCtxPollerE
I1014 11:33:45.466540 11957 session.h:77] NewGlobal N7oneflow25SessionGlobalObjectsScopeE
I1014 11:33:45.467236 11957 global.h:36] NewGlobal N7oneflow7JobDescE
I1014 11:33:46.112303 11957 global.h:43] DeleteGlobal N7oneflow7JobDescE
I1014 11:33:46.112646 11957 global.h:36] NewGlobal N7oneflow7JobDescE
I1014 11:33:46.120265 11957 global.h:36] NewGlobal N7oneflow7OpGraphE
I1014 11:33:46.130230 11957 global.h:43] DeleteGlobal N7oneflow7OpGraphE
I1014 11:33:46.380650 11957 global.h:43] DeleteGlobal N7oneflow7JobDescE
I1014 11:33:46.405117 11957 global.h:36] NewGlobal N7oneflow24InterJobReuseMemStrategyE
I1014 11:33:46.405200 11957 global.h:36] NewGlobal N7oneflow7OneflowE
I1014 11:33:46.421311 11957 global.h:36] NewGlobal N7oneflow7JobDescE
I1014 11:33:46.718571 11957 global.h:36] NewGlobal N7oneflow7OpGraphE
I1014 11:33:46.807873 11957 global.h:43] DeleteGlobal N7oneflow7OpGraphE
I1014 11:33:46.816421 11957 oneflow.cpp:210] 
job_id: 0 , job_name: train_job , compile time: 0.395009 seconds.
I1014 11:33:46.872254 11957 global.h:43] DeleteGlobal N7oneflow7JobDescE
I1014 11:33:46.872571 11957 global.h:36] NewGlobal N7oneflow7JobDescE
I1014 11:33:46.920413 11957 global.h:36] NewGlobal N7oneflow7OpGraphE
I1014 11:33:46.938473 11957 global.h:43] DeleteGlobal N7oneflow7OpGraphE
I1014 11:33:46.945170 11957 oneflow.cpp:210] 
job_id: 1 , job_name: System-ModelInit , compile time: 0.0723489 seconds.
I1014 11:33:46.968495 11957 global.h:43] DeleteGlobal N7oneflow7JobDescE
I1014 11:33:46.968627 11957 global.h:36] NewGlobal N7oneflow7JobDescE
I1014 11:33:47.037603 11957 global.h:36] NewGlobal N7oneflow7OpGraphE
I1014 11:33:47.058172 11957 global.h:43] DeleteGlobal N7oneflow7OpGraphE
I1014 11:33:47.063483 11957 oneflow.cpp:210] 
job_id: 2 , job_name: System-ModelLoad , compile time: 0.0947976 seconds.
I1014 11:33:47.078383 11957 global.h:43] DeleteGlobal N7oneflow7JobDescE
I1014 11:33:47.078491 11957 global.h:36] NewGlobal N7oneflow7JobDescE
I1014 11:33:47.134393 11957 global.h:36] NewGlobal N7oneflow7OpGraphE
I1014 11:33:47.153147 11957 global.h:43] DeleteGlobal N7oneflow7OpGraphE
I1014 11:33:47.157207 11957 oneflow.cpp:210] 
job_id: 3 , job_name: System-ModelSave , compile time: 0.0786747 seconds.
I1014 11:33:47.172070 11957 global.h:43] DeleteGlobal N7oneflow7JobDescE
I1014 11:33:47.172173 11957 global.h:36] NewGlobal N7oneflow7JobDescE
I1014 11:33:47.182557 11957 global.h:36] NewGlobal N7oneflow7OpGraphE
I1014 11:33:47.187036 11957 global.h:43] DeleteGlobal N7oneflow7OpGraphE
I1014 11:33:47.188452 11957 oneflow.cpp:210] 
job_id: 4 , job_name: System-Pull-Return_27 , compile time: 0.016236 seconds.
I1014 11:33:47.192735 11957 global.h:43] DeleteGlobal N7oneflow7JobDescE
I1014 11:33:47.198786 11957 global.h:36] NewGlobal N7oneflow7JobDescE
I1014 11:33:47.198838 11957 global.h:36] NewGlobal N7oneflow7OpGraphE
I1014 11:33:47.205016 11957 global.h:43] DeleteGlobal N7oneflow7OpGraphE
I1014 11:33:47.207834 11957 oneflow.cpp:210] 
job_id: 5 , job_name: MainJob-unamed , compile time: 0.00900557 seconds.
I1014 11:33:47.216282 11957 global.h:43] DeleteGlobal N7oneflow7JobDescE
I1014 11:33:47.219755 11957 plan_util.cpp:928]  Plan: merged_plan needs to allocate [ 1393.14 MiB ] device memory in Rank: 0 , Device: 0
I1014 11:33:47.370128 11957 oneflow.cpp:998]  PushPlan merged_plan time: 0.0148114 seconds.
I1014 11:33:47.409368 11957 oneflow.cpp:1014]  PullPlan merged_plan time: 0.0335854 seconds.
I1014 11:33:49.565685 11957 runtime_context.cpp:21] NewCounter constructing_actor_cnt 435
I1014 11:33:49.566856 12606 naive_actor.cpp:25] actor 2199023255723 switch to &NaiveActor::HandlerNormal
I1014 11:33:49.567093 12606 thread.cpp:96] Thread 1048576 construct Actor kDeviceTick 2199023255723
I1014 11:33:49.567225 12600 wait_and_send_ids_actor.cpp:53] actor 1099616485376 switch to &WaitAndSendIdsActor::HandlerWaitToStart
I1014 11:33:49.567399 12606 runtime_context.cpp:29] DecreaseCounter constructing_actor_cnt, current val is 434
I1014 11:33:49.567375 12599 naive_actor.cpp:25] actor 1099614388237 switch to &NaiveActor::HandlerNormal
I1014 11:33:49.567418 12600 thread.cpp:96] Thread 524338 construct Actor kWaitAndSendIds 1099616485376
I1014 11:33:49.567495 12599 thread.cpp:96] Thread 524337 construct Actor kDeviceTick 1099614388237
I1014 11:33:49.567636 12600 runtime_context.cpp:29] DecreaseCounter constructing_actor_cnt, current val is 433
I1014 11:33:49.567664 12599 runtime_context.cpp:29] DecreaseCounter constructing_actor_cnt, current val is 432
I1014 11:33:49.567764 12606 naive_actor.cpp:25] actor 2199023255762 switch to &NaiveActor::HandlerNormal
I1014 11:33:49.568017 12606 thread.cpp:96] Thread 1048576 construct Actor kDeviceTick 2199023255762
I1014 11:33:49.568095 12606 runtime_context.cpp:29] DecreaseCounter constructing_actor_cnt, current val is 431
I1014 11:33:49.568267 12599 naive_actor.cpp:25] actor 1099614388230 switch to &NaiveActor::HandlerNormal
I1014 11:33:49.568333 12599 thread.cpp:96] Thread 524337 construct Actor kDeviceTick 1099614388230
I1014 11:33:49.568394 12606 naive_actor.cpp:25] actor 2199023255801 switch to &NaiveActor::HandlerNormal
I1014 11:33:49.568410 12599 runtime_context.cpp:29] DecreaseCounter constructing_actor_cnt, current val is 430
I1014 11:33:49.568444 12606 thread.cpp:96] Thread 1048576 construct Actor kDeviceTick 2199023255801
I1014 11:33:49.568536 12606 runtime_context.cpp:29] DecreaseCounter constructing_actor_cnt, current val is 429
I1014 11:33:49.568817 12599 naive_actor.cpp:25] actor 1099614388247 switch to &NaiveActor::HandlerNormal
I1014 11:33:49.568822 12606 naive_actor.cpp:25] actor 2199023255840 switch to &NaiveActor::HandlerNormal
I1014 11:33:49.568879 12599 thread.cpp:96] Thread 524337 construct Actor kDeviceTick 1099614388247
I1014 11:33:49.568912 12606 thread.cpp:96] Thread 1048576 construct Actor kDeviceTick 2199023255840
I1014 11:33:49.568980 12599 runtime_context.cpp:29] DecreaseCounter constructing_actor_cnt, current val is 428
I1014 11:33:49.568981 12606 runtime_context.cpp:29] DecreaseCounter constructing_actor_cnt, current val is 427
I1014 11:33:49.569298 12599 naive_actor.cpp:25] actor 1099614388256 switch to &NaiveActor::HandlerNormal
I1014 11:33:49.569332 12599 thread.cpp:96] Thread 524337 construct Actor kDeviceTick 1099614388256
I1014 11:33:49.569382 12599 runtime_context.cpp:29] DecreaseCounter constructing_actor_cnt, current val is 426
I1014 11:33:49.569635 12599 naive_actor.cpp:25] actor 1099614388265 switch to &NaiveActor::HandlerNormal
I1014 11:33:49.569684 12599 thread.cpp:96] Thread 524337 construct Actor kDeviceTick 1099614388265
I1014 11:33:49.569736 12599 runtime_context.cpp:29] DecreaseCounter constructing_actor_cnt, current val is 425
I1014 11:33:49.569962 12599 naive_actor.cpp:25] actor 1099614388273 switch to &NaiveActor::HandlerNormal
I1014 11:33:49.570009 12599 thread.cpp:96] Thread 524337 construct Actor kDeviceTick 1099614388273
I1014 11:33:49.570061 12599 runtime_context.cpp:29] DecreaseCounter constructing_actor_cnt, current val is 424
I1014 11:33:49.570293 12599 naive_actor.cpp:25] actor 1099614388280 switch to &NaiveActor::HandlerNormal
I1014 11:33:49.570339 12599 thread.cpp:96] Thread 524337 construct Actor kDeviceTick 1099614388280
I1014 11:33:49.570394 12599 runtime_context.cpp:29] DecreaseCounter constructing_actor_cnt, current val is 423
I1014 11:33:49.581604 12585 naive_actor.cpp:25] actor 1099568250880 switch to &NaiveActor::HandlerNormal
I1014 11:33:49.581609 12576 naive_actor.cpp:25] actor 1099549376512 switch to &NaiveActor::HandlerNormal
I1014 11:33:49.581773 12565 naive_actor.cpp:25] actor 1099530502144 switch to &NaiveActor::HandlerNormal
I1014 11:33:49.581770 12561 naive_actor.cpp:25] actor 1099522113536 switch to &NaiveActor::HandlerNormal
I1014 11:33:49.581743 12585 thread.cpp:96] Thread 524315 construct Actor kNormalForward 1099568250880
I1014 11:33:49.581818 12576 thread.cpp:96] Thread 524306 construct Actor kNormalForward 1099549376512
I1014 11:33:49.581779 12570 naive_actor.cpp:25] actor 1099536793600 switch to &NaiveActor::HandlerNormal
I1014 11:33:49.581924 12565 thread.cpp:96] Thread 524297 construct Actor kNormalForward 1099530502144
I1014 11:33:49.581979 12582 naive_actor.cpp:25] actor 1099561959424 switch to &NaiveActor::HandlerNormal
I1014 11:33:49.582005 12561 thread.cpp:96] Thread 524293 construct Actor kNormalForward 1099522113536
I1014 11:33:49.582276 12565 runtime_context.cpp:29] DecreaseCounter constructing_actor_cnt, current val is 420
I1014 11:33:49.582134 12570 thread.cpp:96] Thread 524300 construct Actor kNormalForward 1099536793600
I1014 11:33:49.582491 12562 naive_actor.cpp:25] actor 1099524210688 switch to &NaiveActor::HandlerNormal
I1014 11:33:49.582239 12586 naive_actor.cpp:25] actor 1099570348032 switch to &NaiveActor::HandlerNormal
I1014 11:33:49.582243 12582 thread.cpp:96] Thread 524312 construct Actor kNormalForward 1099561959424
I1014 11:33:49.582242 12563 naive_actor.cpp:25] actor 1099526307840 switch to &NaiveActor::HandlerNormal
I1014 11:33:49.582108 12585 runtime_context.cpp:29] DecreaseCounter constructing_actor_cnt, current val is 422
I1014 11:33:49.582866 12575 naive_actor.cpp:25] actor 1099547279360 switch to &NaiveActor::HandlerNormal
I1014 11:33:49.582981 12575 thread.cpp:96] Thread 524305 construct Actor kNormalForward 1099547279360
I1014 11:33:49.583030 12594 naive_actor.cpp:25] actor 1099587125248 switch to &NaiveActor::HandlerNormal
I1014 11:33:49.582398 12590 naive_actor.cpp:25] actor 1099578736640 switch to &NaiveActor::HandlerNormal
I1014 11:33:49.582413 12577 naive_actor.cpp:25] actor 1099551473664 switch to &NaiveActor::HandlerNormal
I1014 11:33:49.583163 12581 naive_actor.cpp:25] actor 1099559862272 switch to &NaiveActor::HandlerNormal
I1014 11:33:49.583230 12581 thread.cpp:96] Thread 524311 construct Actor kNormalForward 1099559862272
I1014 11:33:49.583262 12592 naive_actor.cpp:25] actor 1099582930944 switch to &NaiveActor::HandlerNormal
I1014 11:33:49.583292 12592 thread.cpp:96] Thread 524322 construct Actor kNormalForward 1099582930944
I1014 11:33:49.582756 12582 runtime_context.cpp:29] DecreaseCounter constructing_actor_cnt, current val is 417
I1014 11:33:49.583328 12608 naive_actor.cpp:25] actor 2199025352706 switch to &NaiveActor::HandlerNormal
I1014 11:33:49.582878 12587 naive_actor.cpp:25] actor 1099572445184 switch to &NaiveActor::HandlerNormal
I1014 11:33:49.583408 12592 runtime_context.cpp:29] DecreaseCounter constructing_actor_cnt, current val is 415
I1014 11:33:49.583415 12587 thread.cpp:96] Thread 524317 construct Actor kNormalForward 1099572445184
I1014 11:33:49.582377 12561 runtime_context.cpp:29] DecreaseCounter constructing_actor_cnt, current val is 419
I1014 11:33:49.583086 12594 thread.cpp:96] Thread 524324 construct Actor kForeignInput 1099587125248
I1014 11:33:49.582412 12560 naive_actor.cpp:25] actor 1099520016384 switch to &NaiveActor::HandlerNormal
I1014 11:33:49.583562 12564 naive_actor.cpp:25] actor 1099528404992 switch to &NaiveActor::HandlerNormal
I1014 11:33:49.583132 12596 naive_actor.cpp:25] actor 1099591319552 switch to &NaiveActor::HandlerNormal
I1014 11:33:49.583163 12590 thread.cpp:96] Thread 524320 construct Actor kNormalForward 1099578736640
I1014 11:33:49.583163 12599 naive_actor.cpp:25] actor 1099614388232 switch to &NaiveActor::HandlerNormal
I1014 11:33:49.583856 12593 naive_actor.cpp:25] actor 1099585028096 switch to &NaiveActor::HandlerNormal
I1014 11:33:49.583894 12610 naive_actor.cpp:25] actor 2199027449856 switch to &NaiveActor::HandlerNormal
I1014 11:33:49.583935 12569 naive_actor.cpp:25] actor 1099534696448 switch to &NaiveActor::HandlerNormal
I1014 11:33:49.584059 12569 thread.cpp:96] Thread 524299 construct Actor kNormalForward 1099534696448
I1014 11:33:49.584120 12571 naive_actor.cpp:25] actor 1099538890752 switch to &NaiveActor::HandlerNormal
I1014 11:33:49.584178 12569 runtime_context.cpp:29] DecreaseCounter constructing_actor_cnt, current val is 410
I1014 11:33:49.582638 12562 thread.cpp:96] Thread 524294 construct Actor kNormalForward 1099524210688
I1014 11:33:49.582690 12586 thread.cpp:96] Thread 524316 construct Actor kNormalForward 1099570348032
I1014 11:33:49.582821 12563 thread.cpp:96] Thread 524295 construct Actor kNormalForward 1099526307840
I1014 11:33:49.583374 12608 thread.cpp:96] Thread 1048577 construct Actor kCopyHd 2199025352706
I1014 11:33:49.584347 12562 runtime_context.cpp:29] DecreaseCounter constructing_actor_cnt, current val is 408
I1014 11:33:49.582360 12583 naive_actor.cpp:25] actor 1099564056576 switch to &NaiveActor::HandlerNormal
I1014 11:33:49.583412 12581 runtime_context.cpp:29] DecreaseCounter constructing_actor_cnt, current val is 414
I1014 11:33:49.583410 12580 naive_actor.cpp:25] actor 1099557765120 switch to &NaiveActor::HandlerNormal
I1014 11:33:49.582934 12572 naive_actor.cpp:25] actor 1099540987904 switch to &NaiveActor::HandlerNormal
I1014 11:33:49.583465 12588 naive_actor.cpp:25] actor 1099574542336 switch to &NaiveActor::HandlerNormal
I1014 11:33:49.583474 12597 naive_actor.cpp:25] actor 1099593416704 switch to &NaiveActor::HandlerNormal
I1014 11:33:49.583511 12587 runtime_context.cpp:29] DecreaseCounter constructing_actor_cnt, current val is 413
I1014 11:33:49.584872 12597 thread.cpp:96] Thread 524327 construct Actor kNormalForward 1099593416704
I1014 11:33:49.583544 12589 naive_actor.cpp:25] actor 1099576639488 switch to &NaiveActor::HandlerNormal
I1014 11:33:49.584920 12589 thread.cpp:96] Thread 524319 construct Actor kNormalForward 1099576639488
I1014 11:33:49.584954 12597 runtime_context.cpp:29] DecreaseCounter constructing_actor_cnt, current val is 405
I1014 11:33:49.584967 12589 runtime_context.cpp:29] DecreaseCounter constructing_actor_cnt, current val is 404
I1014 11:33:49.583581 12594 runtime_context.cpp:29] DecreaseCounter constructing_actor_cnt, current val is 412
I1014 11:33:49.583124 12575 runtime_context.cpp:29] DecreaseCounter constructing_actor_cnt, current val is 416
I1014 11:33:49.583608 12560 thread.cpp:96] Thread 524292 construct Actor kNormalForward 1099520016384
I1014 11:33:49.583705 12564 thread.cpp:96] Thread 524296 construct Actor kNormalForward 1099528404992
I1014 11:33:49.583707 12578 naive_actor.cpp:25] actor 1099553570816 switch to &NaiveActor::HandlerNormal
I1014 11:33:49.583747 12591 naive_actor.cpp:25] actor 1099580833792 switch to &NaiveActor::HandlerNormal
I1014 11:33:49.585543 12591 thread.cpp:96] Thread 524321 construct Actor kForeignInput 1099580833792
I1014 11:33:49.583775 12574 naive_actor.cpp:25] actor 1099545182208 switch to &NaiveActor::HandlerNormal
I1014 11:33:49.583797 12606 naive_actor.cpp:25] actor 2199023255571 switch to &NaiveActor::HandlerNormal
I1014 11:33:49.585783 12606 thread.cpp:96] Thread 1048576 construct Actor kNormalForward 2199023255571
I1014 11:33:49.583858 12599 thread.cpp:96] Thread 524337 construct Actor kTick 1099614388232
I1014 11:33:49.585844 12606 runtime_context.cpp:29] DecreaseCounter constructing_actor_cnt, current val is 400
I1014 11:33:49.585878 12599 runtime_context.cpp:29] DecreaseCounter constructing_actor_cnt, current val is 399
I1014 11:33:49.583896 12590 runtime_context.cpp:29] DecreaseCounter constructing_actor_cnt, current val is 411
I1014 11:33:49.583922 12593 thread.cpp:96] Thread 524323 construct Actor kNormalForward 1099585028096
I1014 11:33:49.583189 12598 naive_actor.cpp:25] actor 1099595513856 switch to &NaiveActor::HandlerNormal
I1014 11:33:49.586207 12606 naive_actor.cpp:25] actor 2199023255569 switch to &NaiveActor::HandlerNormal
I1014 11:33:49.586251 12606 thread.cpp:96] Thread 1048576 construct Actor kNormalForward 2199023255569
I1014 11:33:49.583967 12610 thread.cpp:96] Thread 1048578 construct Actor kCopyHd 2199027449856
I1014 11:33:49.583191 12568 naive_actor.cpp:25] actor 1099532599296 switch to &NaiveActor::HandlerNormal
I1014 11:33:49.586382 12610 runtime_context.cpp:29] DecreaseCounter constructing_actor_cnt, current val is 396
I1014 11:33:49.584195 12571 thread.cpp:96] Thread 524301 construct Actor kNormalForward 1099538890752
I1014 11:33:49.583276 12579 naive_actor.cpp:25] actor 1099555667968 switch to &NaiveActor::HandlerNormal
I1014 11:33:49.586700 12579 thread.cpp:96] Thread 524309 construct Actor kNormalForward 1099555667968
I1014 11:33:49.583374 12595 naive_actor.cpp:25] actor 1099589222400 switch to &NaiveActor::HandlerNormal
I1014 11:33:49.586791 12579 runtime_context.cpp:29] DecreaseCounter constructing_actor_cnt, current val is 394
I1014 11:33:49.584405 12563 runtime_context.cpp:29] DecreaseCounter constructing_actor_cnt, current val is 407
I1014 11:33:49.584636 12583 thread.cpp:96] Thread 524313 construct Actor kNormalForward 1099564056576
I1014 11:33:49.584704 12580 thread.cpp:96] Thread 524310 construct Actor kNormalForward 1099557765120
I1014 11:33:49.584734 12572 thread.cpp:96] Thread 524302 construct Actor kNormalForward 1099540987904
I1014 11:33:49.584832 12588 thread.cpp:96] Thread 524318 construct Actor kForeignInput 1099574542336
I1014 11:33:49.587117 12572 runtime_context.cpp:29] DecreaseCounter constructing_actor_cnt, current val is 391
I1014 11:33:49.583526 12573 naive_actor.cpp:25] actor 1099543085056 switch to &NaiveActor::HandlerNormal
I1014 11:33:49.587184 12588 runtime_context.cpp:29] DecreaseCounter constructing_actor_cnt, current val is 390
I1014 11:33:49.587209 12573 thread.cpp:96] Thread 524303 construct Actor kNormalForward 1099543085056
I1014 11:33:49.585295 12560 runtime_context.cpp:29] DecreaseCounter constructing_actor_cnt, current val is 403
I1014 11:33:49.585429 12564 runtime_context.cpp:29] DecreaseCounter constructing_actor_cnt, current val is 402
I1014 11:33:49.585465 12578 thread.cpp:96] Thread 524308 construct Actor kNormalForward 1099553570816
I1014 11:33:49.583750 12596 thread.cpp:96] Thread 524326 construct Actor kNormalForward 1099591319552
I1014 11:33:49.585661 12591 runtime_context.cpp:29] DecreaseCounter constructing_actor_cnt, current val is 401
I1014 11:33:49.587533 12596 runtime_context.cpp:29] DecreaseCounter constructing_actor_cnt, current val is 387
I1014 11:33:49.583791 12584 naive_actor.cpp:25] actor 1099566153728 switch to &NaiveActor::HandlerNormal
I1014 11:33:49.582145 12576 runtime_context.cpp:29] DecreaseCounter constructing_actor_cnt, current val is 421
I1014 11:33:49.586114 12593 runtime_context.cpp:29] DecreaseCounter constructing_actor_cnt, current val is 398
I1014 11:33:49.586201 12598 thread.cpp:96] Thread 524328 construct Actor kForeignOutput 1099595513856
I1014 11:33:49.586206 12599 naive_actor.cpp:25] actor 1099614388224 switch to &NaiveActor::HandlerNormal
I1014 11:33:49.587922 12599 thread.cpp:96] Thread 524337 construct Actor kDeviceTick 1099614388224
I1014 11:33:49.586289 12606 runtime_context.cpp:29] DecreaseCounter constructing_actor_cnt, current val is 397
I1014 11:33:49.582612 12570 runtime_context.cpp:29] DecreaseCounter constructing_actor_cnt, current val is 418
I1014 11:33:49.586409 12568 thread.cpp:96] Thread 524298 construct Actor kNormalForward 1099532599296
I1014 11:33:49.586658 12571 runtime_context.cpp:29] DecreaseCounter constructing_actor_cnt, current val is 395
I1014 11:33:49.584336 12586 runtime_context.cpp:29] DecreaseCounter constructing_actor_cnt, current val is 409
I1014 11:33:49.584404 12608 runtime_context.cpp:29] DecreaseCounter constructing_actor_cnt, current val is 406
I1014 11:33:49.586807 12595 thread.cpp:96] Thread 524325 construct Actor kNormalForward 1099589222400
I1014 11:33:49.586920 12583 runtime_context.cpp:29] DecreaseCounter constructing_actor_cnt, current val is 393
I1014 11:33:49.588464 12595 runtime_context.cpp:29] DecreaseCounter constructing_actor_cnt, current val is 383
I1014 11:33:49.583531 12601 sink_actor.cpp:21] actor 1099618582528 switch to &SinkActor::HandlerNormal
I1014 11:33:49.587304 12573 runtime_context.cpp:29] DecreaseCounter constructing_actor_cnt, current val is 389
I1014 11:33:49.587493 12578 runtime_context.cpp:29] DecreaseCounter constructing_actor_cnt, current val is 388
I1014 11:33:49.585749 12574 thread.cpp:96] Thread 524304 construct Actor kNormalForward 1099545182208
I1014 11:33:49.587682 12584 thread.cpp:96] Thread 524314 construct Actor kNormalForward 1099566153728
I1014 11:33:49.587888 12598 runtime_context.cpp:29] DecreaseCounter constructing_actor_cnt, current val is 386
I1014 11:33:49.583192 12577 thread.cpp:96] Thread 524307 construct Actor kNormalForward 1099551473664
I1014 11:33:49.587994 12599 runtime_context.cpp:29] DecreaseCounter constructing_actor_cnt, current val is 385
I1014 11:33:49.588163 12568 runtime_context.cpp:29] DecreaseCounter constructing_actor_cnt, current val is 384
I1014 11:33:49.586999 12580 runtime_context.cpp:29] DecreaseCounter constructing_actor_cnt, current val is 392
I1014 11:33:49.588620 12601 thread.cpp:96] Thread 524339 construct Actor kCallbackNotify 1099618582528
I1014 11:33:49.588791 12574 runtime_context.cpp:29] DecreaseCounter constructing_actor_cnt, current val is 382
I1014 11:33:49.588893 12608 naive_actor.cpp:25] actor 2199025352704 switch to &NaiveActor::HandlerNormal
I1014 11:33:49.589356 12608 thread.cpp:96] Thread 1048577 construct Actor kSliceBoxing 2199025352704
I1014 11:33:49.589027 12577 runtime_context.cpp:29] DecreaseCounter constructing_actor_cnt, current val is 380
I1014 11:33:49.589444 12608 runtime_context.cpp:29] DecreaseCounter constructing_actor_cnt, current val is 378
I1014 11:33:49.589278 12599 naive_actor.cpp:25] actor 1099614388228 switch to &NaiveActor::HandlerNormal
I1014 11:33:49.589308 12601 runtime_context.cpp:29] DecreaseCounter constructing_actor_cnt, current val is 379
I1014 11:33:49.588907 12584 runtime_context.cpp:29] DecreaseCounter constructing_actor_cnt, current val is 381
I1014 11:33:49.589205 12606 naive_actor.cpp:25] actor 2199023255566 switch to &NaiveActor::HandlerNormal
I1014 11:33:49.589524 12599 thread.cpp:96] Thread 524337 construct Actor kDeviceTick 1099614388228
I1014 11:33:49.589741 12606 thread.cpp:96] Thread 1048576 construct Actor kNormalForward 2199023255566
I1014 11:33:49.589794 12599 runtime_context.cpp:29] DecreaseCounter constructing_actor_cnt, current val is 377
I1014 11:33:49.589766 12608 naive_actor.cpp:25] actor 2199025352705 switch to &NaiveActor::HandlerNormal
I1014 11:33:49.589859 12608 thread.cpp:96] Thread 1048577 construct Actor kSliceBoxing 2199025352705
I1014 11:33:49.589869 12606 runtime_context.cpp:29] DecreaseCounter constructing_actor_cnt, current val is 376
I1014 11:33:49.589947 12608 runtime_context.cpp:29] DecreaseCounter constructing_actor_cnt, current val is 375
I1014 11:33:49.590073 12599 naive_actor.cpp:25] actor 1099614388242 switch to &NaiveActor::HandlerNormal
I1014 11:33:49.590117 12599 thread.cpp:96] Thread 524337 construct Actor kTick 1099614388242
I1014 11:33:49.590168 12599 runtime_context.cpp:29] DecreaseCounter constructing_actor_cnt, current val is 374
I1014 11:33:49.590164 12608 naive_actor.cpp:25] actor 2199025352708 switch to &NaiveActor::HandlerNormal
I1014 11:33:49.590246 12608 thread.cpp:96] Thread 1048577 construct Actor kSliceBoxing 2199025352708
I1014 11:33:49.590317 12608 runtime_context.cpp:29] DecreaseCounter constructing_actor_cnt, current val is 373
I1014 11:33:49.590443 12606 naive_actor.cpp:25] actor 2199023255562 switch to &NaiveActor::HandlerNormal
I1014 11:33:49.590507 12606 thread.cpp:96] Thread 1048576 construct Actor kNormalForward 2199023255562
I1014 11:33:49.590605 12606 runtime_context.cpp:29] DecreaseCounter constructing_actor_cnt, current val is 372
I1014 11:33:49.590723 12599 naive_actor.cpp:25] actor 1099614388234 switch to &NaiveActor::HandlerNormal
I1014 11:33:49.590755 12608 naive_actor.cpp:25] actor 2199025352707 switch to &NaiveActor::HandlerNormal
I1014 11:33:49.590816 12599 thread.cpp:96] Thread 524337 construct Actor kTick 1099614388234
I1014 11:33:49.590857 12608 thread.cpp:96] Thread 1048577 construct Actor kSliceBoxing 2199025352707
I1014 11:33:49.590958 12599 runtime_context.cpp:29] DecreaseCounter constructing_actor_cnt, current val is 371
I1014 11:33:49.590978 12608 runtime_context.cpp:29] DecreaseCounter constructing_actor_cnt, current val is 370
I1014 11:33:49.591158 12606 naive_actor.cpp:25] actor 2199023255578 switch to &NaiveActor::HandlerNormal
I1014 11:33:49.591220 12606 thread.cpp:96] Thread 1048576 construct Actor kNormalForward 2199023255578
I1014 11:33:49.591302 12608 naive_actor.cpp:25] actor 2199025352709 switch to &NaiveActor::HandlerNormal
I1014 11:33:49.591315 12606 runtime_context.cpp:29] DecreaseCounter constructing_actor_cnt, current val is 369
I1014 11:33:49.591362 12608 thread.cpp:96] Thread 1048577 construct Actor kCopyHd 2199025352709
I1014 11:33:49.591454 12608 runtime_context.cpp:29] DecreaseCounter constructing_actor_cnt, current val is 368
I1014 11:33:49.591609 12599 naive_actor.cpp:25] actor 1099614388225 switch to &NaiveActor::HandlerNormal
I1014 11:33:49.591719 12599 thread.cpp:96] Thread 524337 construct Actor kDeviceTick 1099614388225
I1014 11:33:49.591763 12608 naive_actor.cpp:25] actor 2199025352710 switch to &NaiveActor::HandlerNormal
I1014 11:33:49.591820 12608 thread.cpp:96] Thread 1048577 construct Actor kCopyHd 2199025352710
I1014 11:33:49.591822 12599 runtime_context.cpp:29] DecreaseCounter constructing_actor_cnt, current val is 367
I1014 11:33:49.591895 12608 runtime_context.cpp:29] DecreaseCounter constructing_actor_cnt, current val is 366
I1014 11:33:49.592350 12599 naive_actor.cpp:25] actor 1099614388243 switch to &NaiveActor::HandlerNormal
I1014 11:33:49.592417 12599 thread.cpp:96] Thread 524337 construct Actor kTick 1099614388243
I1014 11:33:49.592519 12599 runtime_context.cpp:29] DecreaseCounter constructing_actor_cnt, current val is 365
I1014 11:33:49.592586 12606 naive_actor.cpp:25] actor 2199023255565 switch to &NaiveActor::HandlerNormal
I1014 11:33:49.592648 12606 thread.cpp:96] Thread 1048576 construct Actor kNormalForward 2199023255565
I1014 11:33:49.592746 12606 runtime_context.cpp:29] DecreaseCounter constructing_actor_cnt, current val is 364
I1014 11:33:49.593029 12599 naive_actor.cpp:25] actor 1099614388233 switch to &NaiveActor::HandlerNormal
I1014 11:33:49.593096 12599 thread.cpp:96] Thread 524337 construct Actor kDstSubsetTick 1099614388233
I1014 11:33:49.593181 12599 runtime_context.cpp:29] DecreaseCounter constructing_actor_cnt, current val is 363
I1014 11:33:49.593685 12599 naive_actor.cpp:25] actor 1099614388240 switch to &NaiveActor::HandlerNormal
I1014 11:33:49.593747 12599 thread.cpp:96] Thread 524337 construct Actor kTick 1099614388240
I1014 11:33:49.593833 12599 runtime_context.cpp:29] DecreaseCounter constructing_actor_cnt, current val is 362
I1014 11:33:49.593993 12606 naive_actor.cpp:25] actor 2199023255575 switch to &NaiveActor::HandlerNormal
I1014 11:33:49.594054 12606 thread.cpp:96] Thread 1048576 construct Actor kNormalForward 2199023255575
I1014 11:33:49.594147 12606 runtime_context.cpp:29] DecreaseCounter constructing_actor_cnt, current val is 361
I1014 11:33:49.594239 12599 naive_actor.cpp:25] actor 1099614388316 switch to &NaiveActor::HandlerNormal
I1014 11:33:49.594297 12599 thread.cpp:96] Thread 524337 construct Actor kTick 1099614388316
I1014 11:33:49.594420 12599 runtime_context.cpp:29] DecreaseCounter constructing_actor_cnt, current val is 360
I1014 11:33:49.594864 12599 naive_actor.cpp:25] actor 1099614388241 switch to &NaiveActor::HandlerNormal
I1014 11:33:49.594928 12599 thread.cpp:96] Thread 524337 construct Actor kDstSubsetTick 1099614388241
I1014 11:33:49.595016 12599 runtime_context.cpp:29] DecreaseCounter constructing_actor_cnt, current val is 359
I1014 11:33:49.595458 12599 naive_actor.cpp:25] actor 1099614388236 switch to &NaiveActor::HandlerNormal
I1014 11:33:49.595518 12599 thread.cpp:96] Thread 524337 construct Actor kTick 1099614388236
I1014 11:33:49.595618 12599 runtime_context.cpp:29] DecreaseCounter constructing_actor_cnt, current val is 358
I1014 11:33:49.596066 12599 naive_actor.cpp:25] actor 1099614388229 switch to &NaiveActor::HandlerNormal
I1014 11:33:49.596129 12599 thread.cpp:96] Thread 524337 construct Actor kSrcSubsetTick 1099614388229
I1014 11:33:49.596218 12599 runtime_context.cpp:29] DecreaseCounter constructing_actor_cnt, current val is 357
I1014 11:33:49.596272 12606 naive_actor.cpp:25] actor 2199023255574 switch to &NaiveActor::HandlerNormal
I1014 11:33:49.596330 12606 thread.cpp:96] Thread 1048576 construct Actor kNormalForward 2199023255574
I1014 11:33:49.596441 12606 runtime_context.cpp:29] DecreaseCounter constructing_actor_cnt, current val is 356
I1014 11:33:49.596733 12599 naive_actor.cpp:25] actor 1099614388238 switch to &NaiveActor::HandlerNormal
I1014 11:33:49.596798 12599 thread.cpp:96] Thread 524337 construct Actor kSrcSubsetTick 1099614388238
I1014 11:33:49.596884 12599 runtime_context.cpp:29] DecreaseCounter constructing_actor_cnt, current val is 355
I1014 11:33:49.597388 12599 naive_actor.cpp:25] actor 1099614388226 switch to &NaiveActor::HandlerNormal
I1014 11:33:49.597548 12599 thread.cpp:96] Thread 524337 construct Actor kDeviceTick 1099614388226
I1014 11:33:49.597657 12599 runtime_context.cpp:29] DecreaseCounter constructing_actor_cnt, current val is 354
I1014 11:33:49.597694 12606 naive_actor.cpp:25] actor 2199023255561 switch to &NaiveActor::HandlerNormal
I1014 11:33:49.597764 12606 thread.cpp:96] Thread 1048576 construct Actor kNormalForward 2199023255561
I1014 11:33:49.597869 12606 runtime_context.cpp:29] DecreaseCounter constructing_actor_cnt, current val is 353
I1014 11:33:49.598417 12599 esac_actor.cpp:73] actor 1099614388325 switch to &EsacActor::HandlerNormal
I1014 11:33:49.598484 12599 thread.cpp:96] Thread 524337 construct Actor kEsac 1099614388325
I1014 11:33:49.598603 12599 runtime_context.cpp:29] DecreaseCounter constructing_actor_cnt, current val is 352
I1014 11:33:49.598960 12606 naive_actor.cpp:25] actor 2199023255557 switch to &NaiveActor::HandlerNormal
I1014 11:33:49.599020 12606 thread.cpp:96] Thread 1048576 construct Actor kNormalForward 2199023255557
I1014 11:33:49.599046 12599 naive_actor.cpp:25] actor 1099614388235 switch to &NaiveActor::HandlerNormal
I1014 11:33:49.599104 12606 runtime_context.cpp:29] DecreaseCounter constructing_actor_cnt, current val is 351
I1014 11:33:49.599112 12599 thread.cpp:96] Thread 524337 construct Actor kTick 1099614388235
I1014 11:33:49.599239 12599 runtime_context.cpp:29] DecreaseCounter constructing_actor_cnt, current val is 350
I1014 11:33:49.599704 12599 naive_actor.cpp:25] actor 1099614388227 switch to &NaiveActor::HandlerNormal
I1014 11:33:49.599763 12599 thread.cpp:96] Thread 524337 construct Actor kDeviceTick 1099614388227
I1014 11:33:49.599841 12599 runtime_context.cpp:29] DecreaseCounter constructing_actor_cnt, current val is 349
I1014 11:33:49.600159 12606 naive_actor.cpp:25] actor 2199023255560 switch to &NaiveActor::HandlerNormal
I1014 11:33:49.600210 12599 naive_actor.cpp:25] actor 1099614388245 switch to &NaiveActor::HandlerNormal
I1014 11:33:49.600215 12606 thread.cpp:96] Thread 1048576 construct Actor kNormalForward 2199023255560
I1014 11:33:49.600268 12599 thread.cpp:96] Thread 524337 construct Actor kDeviceTick 1099614388245
I1014 11:33:49.600353 12606 runtime_context.cpp:29] DecreaseCounter constructing_actor_cnt, current val is 348
I1014 11:33:49.600380 12599 runtime_context.cpp:29] DecreaseCounter constructing_actor_cnt, current val is 347
I1014 11:33:49.600899 12599 naive_actor.cpp:25] actor 1099614388320 switch to &NaiveActor::HandlerNormal
I1014 11:33:49.600960 12599 thread.cpp:96] Thread 524337 construct Actor kTick 1099614388320
I1014 11:33:49.601029 12599 runtime_context.cpp:29] DecreaseCounter constructing_actor_cnt, current val is 346
I1014 11:33:49.601262 12606 naive_actor.cpp:25] actor 2199023255573 switch to &NaiveActor::HandlerNormal
I1014 11:33:49.601320 12606 thread.cpp:96] Thread 1048576 construct Actor kNormalForward 2199023255573
I1014 11:33:49.601400 12606 runtime_context.cpp:29] DecreaseCounter constructing_actor_cnt, current val is 345
I1014 11:33:49.601431 12599 naive_actor.cpp:25] actor 1099614388249 switch to &NaiveActor::HandlerNormal
I1014 11:33:49.601483 12599 thread.cpp:96] Thread 524337 construct Actor kTick 1099614388249
I1014 11:33:49.601559 12599 runtime_context.cpp:29] DecreaseCounter constructing_actor_cnt, current val is 344
I1014 11:33:49.601939 12599 naive_actor.cpp:25] actor 1099614388244 switch to &NaiveActor::HandlerNormal
I1014 11:33:49.602003 12599 thread.cpp:96] Thread 524337 construct Actor kTick 1099614388244
I1014 11:33:49.602080 12599 runtime_context.cpp:29] DecreaseCounter constructing_actor_cnt, current val is 343
I1014 11:33:49.602614 12606 naive_actor.cpp:25] actor 2199023255554 switch to &NaiveActor::HandlerNormal
I1014 11:33:49.602617 12599 naive_actor.cpp:25] actor 1099614388250 switch to &NaiveActor::HandlerNormal
I1014 11:33:49.602675 12606 thread.cpp:96] Thread 1048576 construct Actor kNormalForward 2199023255554
I1014 11:33:49.602727 12599 thread.cpp:96] Thread 524337 construct Actor kDstSubsetTick 1099614388250
I1014 11:33:49.602813 12606 runtime_context.cpp:29] DecreaseCounter constructing_actor_cnt, current val is 342
I1014 11:33:49.602926 12599 runtime_context.cpp:29] DecreaseCounter constructing_actor_cnt, current val is 341
I1014 11:33:49.603354 12599 naive_actor.cpp:25] actor 1099614388246 switch to &NaiveActor::HandlerNormal
I1014 11:33:49.603404 12599 thread.cpp:96] Thread 524337 construct Actor kSrcSubsetTick 1099614388246
I1014 11:33:49.603475 12599 runtime_context.cpp:29] DecreaseCounter constructing_actor_cnt, current val is 340
I1014 11:33:49.603821 12599 naive_actor.cpp:25] actor 1099614388252 switch to &NaiveActor::HandlerNormal
I1014 11:33:49.603866 12599 thread.cpp:96] Thread 524337 construct Actor kTick 1099614388252
I1014 11:33:49.603910 12599 runtime_context.cpp:29] DecreaseCounter constructing_actor_cnt, current val is 339
I1014 11:33:49.603967 12606 naive_actor.cpp:25] actor 2199023255559 switch to &NaiveActor::HandlerNormal
I1014 11:33:49.604029 12606 thread.cpp:96] Thread 1048576 construct Actor kNormalForward 2199023255559
I1014 11:33:49.604130 12606 runtime_context.cpp:29] DecreaseCounter constructing_actor_cnt, current val is 338
I1014 11:33:49.604254 12599 naive_actor.cpp:25] actor 1099614388251 switch to &NaiveActor::HandlerNormal
I1014 11:33:49.604307 12599 thread.cpp:96] Thread 524337 construct Actor kTick 1099614388251
I1014 11:33:49.604377 12599 runtime_context.cpp:29] DecreaseCounter constructing_actor_cnt, current val is 337
I1014 11:33:49.604748 12599 naive_actor.cpp:25] actor 1099614388253 switch to &NaiveActor::HandlerNormal
I1014 11:33:49.604800 12599 thread.cpp:96] Thread 524337 construct Actor kTick 1099614388253
I1014 11:33:49.604869 12599 runtime_context.cpp:29] DecreaseCounter constructing_actor_cnt, current val is 336
I1014 11:33:49.605254 12599 naive_actor.cpp:25] actor 1099614388259 switch to &NaiveActor::HandlerNormal
I1014 11:33:49.605258 12606 naive_actor.cpp:25] actor 2199023255568 switch to &NaiveActor::HandlerNormal
I1014 11:33:49.605305 12599 thread.cpp:96] Thread 524337 construct Actor kDstSubsetTick 1099614388259
I1014 11:33:49.605348 12606 thread.cpp:96] Thread 1048576 construct Actor kNormalForward 2199023255568
I1014 11:33:49.605409 12599 runtime_context.cpp:29] DecreaseCounter constructing_actor_cnt, current val is 335
I1014 11:33:49.605463 12606 runtime_context.cpp:29] DecreaseCounter constructing_actor_cnt, current val is 334
I1014 11:33:49.605829 12599 naive_actor.cpp:25] actor 1099614388255 switch to &NaiveActor::HandlerNormal
I1014 11:33:49.605885 12599 thread.cpp:96] Thread 524337 construct Actor kSrcSubsetTick 1099614388255
I1014 11:33:49.605950 12599 runtime_context.cpp:29] DecreaseCounter constructing_actor_cnt, current val is 333
I1014 11:33:49.606299 12599 naive_actor.cpp:25] actor 1099614388254 switch to &NaiveActor::HandlerNormal
I1014 11:33:49.606349 12599 thread.cpp:96] Thread 524337 construct Actor kDeviceTick 1099614388254
I1014 11:33:49.606420 12599 runtime_context.cpp:29] DecreaseCounter constructing_actor_cnt, current val is 332
I1014 11:33:49.606601 12606 naive_actor.cpp:25] actor 2199023255570 switch to &NaiveActor::HandlerNormal
I1014 11:33:49.606660 12606 thread.cpp:96] Thread 1048576 construct Actor kNormalForward 2199023255570
I1014 11:33:49.606761 12606 runtime_context.cpp:29] DecreaseCounter constructing_actor_cnt, current val is 331
I1014 11:33:49.606809 12599 naive_actor.cpp:25] actor 1099614388323 switch to &NaiveActor::HandlerNormal
I1014 11:33:49.606858 12599 thread.cpp:96] Thread 524337 construct Actor kTick 1099614388323
I1014 11:33:49.606917 12599 runtime_context.cpp:29] DecreaseCounter constructing_actor_cnt, current val is 330
I1014 11:33:49.607074 12555 naive_actor.cpp:25] actor 1099511627776 switch to &NaiveActor::HandlerNormal
I1014 11:33:49.607137 12555 thread.cpp:96] Thread 524288 construct Actor kNormalForward 1099511627776
I1014 11:33:49.607234 12559 naive_actor.cpp:25] actor 1099517919232 switch to &NaiveActor::HandlerNormal
I1014 11:33:49.607236 12555 runtime_context.cpp:29] DecreaseCounter constructing_actor_cnt, current val is 329
I1014 11:33:49.607323 12559 thread.cpp:96] Thread 524291 construct Actor kNormalForward 1099517919232
I1014 11:33:49.607334 12599 naive_actor.cpp:25] actor 1099614388258 switch to &NaiveActor::HandlerNormal
I1014 11:33:49.607612 12599 thread.cpp:96] Thread 524337 construct Actor kTick 1099614388258
I1014 11:33:49.607650 12559 runtime_context.cpp:29] DecreaseCounter constructing_actor_cnt, current val is 328
I1014 11:33:49.607693 12599 runtime_context.cpp:29] DecreaseCounter constructing_actor_cnt, current val is 327
I1014 11:33:49.607718 12557 naive_actor.cpp:25] actor 1099513724928 switch to &NaiveActor::HandlerNormal
I1014 11:33:49.607785 12557 thread.cpp:96] Thread 524289 construct Actor kNormalForward 1099513724928
I1014 11:33:49.607796 12606 naive_actor.cpp:25] actor 2199023255661 switch to &NaiveActor::HandlerNormal
I1014 11:33:49.607872 12606 thread.cpp:96] Thread 1048576 construct Actor kNormalForward 2199023255661
I1014 11:33:49.607879 12557 runtime_context.cpp:29] DecreaseCounter constructing_actor_cnt, current val is 326
I1014 11:33:49.607964 12606 runtime_context.cpp:29] DecreaseCounter constructing_actor_cnt, current val is 325
I1014 11:33:49.608011 12558 naive_actor.cpp:25] actor 1099515822080 switch to &NaiveActor::HandlerNormal
I1014 11:33:49.608078 12558 thread.cpp:96] Thread 524290 construct Actor kNormalForward 1099515822080
I1014 11:33:49.608161 12599 naive_actor.cpp:25] actor 1099614388260 switch to &NaiveActor::HandlerNormal
I1014 11:33:49.608186 12558 runtime_context.cpp:29] DecreaseCounter constructing_actor_cnt, current val is 324
I1014 11:33:49.608217 12599 thread.cpp:96] Thread 524337 construct Actor kTick 1099614388260
I1014 11:33:49.608328 12599 runtime_context.cpp:29] DecreaseCounter constructing_actor_cnt, current val is 323
I1014 11:33:49.608722 12599 naive_actor.cpp:25] actor 1099614388261 switch to &NaiveActor::HandlerNormal
I1014 11:33:49.608776 12599 thread.cpp:96] Thread 524337 construct Actor kTick 1099614388261
I1014 11:33:49.608850 12599 runtime_context.cpp:29] DecreaseCounter constructing_actor_cnt, current val is 322
I1014 11:33:49.608985 12606 naive_actor.cpp:25] actor 2199023255563 switch to &NaiveActor::HandlerNormal
I1014 11:33:49.609037 12606 thread.cpp:96] Thread 1048576 construct Actor kNormalForward 2199023255563
I1014 11:33:49.609123 12606 runtime_context.cpp:29] DecreaseCounter constructing_actor_cnt, current val is 321
I1014 11:33:49.609267 12599 naive_actor.cpp:25] actor 1099614388263 switch to &NaiveActor::HandlerNormal
I1014 11:33:49.609319 12599 thread.cpp:96] Thread 524337 construct Actor kDeviceTick 1099614388263
I1014 11:33:49.609373 12599 runtime_context.cpp:29] DecreaseCounter constructing_actor_cnt, current val is 320
I1014 11:33:49.609752 12599 naive_actor.cpp:25] actor 1099614388264 switch to &NaiveActor::HandlerNormal
I1014 11:33:49.609807 12599 thread.cpp:96] Thread 524337 construct Actor kSrcSubsetTick 1099614388264
I1014 11:33:49.609875 12599 runtime_context.cpp:29] DecreaseCounter constructing_actor_cnt, current val is 319
I1014 11:33:49.610324 12599 naive_actor.cpp:25] actor 1099614388268 switch to &NaiveActor::HandlerNormal
I1014 11:33:49.610373 12599 thread.cpp:96] Thread 524337 construct Actor kDstSubsetTick 1099614388268
I1014 11:33:49.610455 12599 runtime_context.cpp:29] DecreaseCounter constructing_actor_cnt, current val is 318
I1014 11:33:49.610482 12606 naive_actor.cpp:25] actor 2199023255588 switch to &NaiveActor::HandlerNormal
I1014 11:33:49.610538 12606 thread.cpp:96] Thread 1048576 construct Actor kNormalForward 2199023255588
I1014 11:33:49.610620 12606 runtime_context.cpp:29] DecreaseCounter constructing_actor_cnt, current val is 317
I1014 11:33:49.610904 12599 naive_actor.cpp:25] actor 1099614388324 switch to &NaiveActor::HandlerNormal
I1014 11:33:49.610960 12599 thread.cpp:96] Thread 524337 construct Actor kTick 1099614388324
I1014 11:33:49.610986 12606 naive_actor.cpp:25] actor 2199023255553 switch to &NaiveActor::HandlerNormal
I1014 11:33:49.611029 12599 runtime_context.cpp:29] DecreaseCounter constructing_actor_cnt, current val is 316
I1014 11:33:49.611042 12606 thread.cpp:96] Thread 1048576 construct Actor kNormalForward 2199023255553
I1014 11:33:49.611191 12606 runtime_context.cpp:29] DecreaseCounter constructing_actor_cnt, current val is 315
I1014 11:33:49.611508 12599 naive_actor.cpp:25] actor 1099614388270 switch to &NaiveActor::HandlerNormal
I1014 11:33:49.611558 12599 thread.cpp:96] Thread 524337 construct Actor kTick 1099614388270
I1014 11:33:49.611644 12599 runtime_context.cpp:29] DecreaseCounter constructing_actor_cnt, current val is 314
I1014 11:33:49.611986 12599 naive_actor.cpp:25] actor 1099614388267 switch to &NaiveActor::HandlerNormal
I1014 11:33:49.612035 12599 thread.cpp:96] Thread 524337 construct Actor kTick 1099614388267
I1014 11:33:49.612115 12599 runtime_context.cpp:29] DecreaseCounter constructing_actor_cnt, current val is 313
I1014 11:33:49.612176 12606 naive_actor.cpp:25] actor 2199023255555 switch to &NaiveActor::HandlerNormal
I1014 11:33:49.612222 12606 thread.cpp:96] Thread 1048576 construct Actor kNormalForward 2199023255555
I1014 11:33:49.612296 12606 runtime_context.cpp:29] DecreaseCounter constructing_actor_cnt, current val is 312
I1014 11:33:49.612534 12599 naive_actor.cpp:25] actor 1099614388262 switch to &NaiveActor::HandlerNormal
I1014 11:33:49.612591 12599 thread.cpp:96] Thread 524337 construct Actor kTick 1099614388262
I1014 11:33:49.612668 12599 runtime_context.cpp:29] DecreaseCounter constructing_actor_cnt, current val is 311
I1014 11:33:49.613054 12599 naive_actor.cpp:25] actor 1099614388269 switch to &NaiveActor::HandlerNormal
I1014 11:33:49.613098 12599 thread.cpp:96] Thread 524337 construct Actor kTick 1099614388269
I1014 11:33:49.613160 12599 runtime_context.cpp:29] DecreaseCounter constructing_actor_cnt, current val is 310
I1014 11:33:49.613286 12606 naive_actor.cpp:25] actor 2199023255556 switch to &NaiveActor::HandlerNormal
I1014 11:33:49.613337 12606 thread.cpp:96] Thread 1048576 construct Actor kNormalForward 2199023255556
I1014 11:33:49.613420 12606 runtime_context.cpp:29] DecreaseCounter constructing_actor_cnt, current val is 309
I1014 11:33:49.613863 12599 esac_actor.cpp:73] actor 1099614388317 switch to &EsacActor::HandlerNormal
I1014 11:33:49.613925 12599 thread.cpp:96] Thread 524337 construct Actor kEsac 1099614388317
I1014 11:33:49.614023 12599 runtime_context.cpp:29] DecreaseCounter constructing_actor_cnt, current val is 308
I1014 11:33:49.614185 12606 naive_actor.cpp:25] actor 2199023255594 switch to &NaiveActor::HandlerNormal
I1014 11:33:49.614239 12606 thread.cpp:96] Thread 1048576 construct Actor kNormalForward 2199023255594
I1014 11:33:49.614311 12606 runtime_context.cpp:29] DecreaseCounter constructing_actor_cnt, current val is 307
I1014 11:33:49.614444 12599 naive_actor.cpp:25] actor 1099614388272 switch to &NaiveActor::HandlerNormal
I1014 11:33:49.614501 12599 thread.cpp:96] Thread 524337 construct Actor kSrcSubsetTick 1099614388272
I1014 11:33:49.614583 12599 runtime_context.cpp:29] DecreaseCounter constructing_actor_cnt, current val is 306
I1014 11:33:49.614965 12599 naive_actor.cpp:25] actor 1099614388277 switch to &NaiveActor::HandlerNormal
I1014 11:33:49.615015 12599 thread.cpp:96] Thread 524337 construct Actor kTick 1099614388277
I1014 11:33:49.615087 12599 runtime_context.cpp:29] DecreaseCounter constructing_actor_cnt, current val is 305
I1014 11:33:49.615295 12606 naive_actor.cpp:25] actor 2199023255636 switch to &NaiveActor::HandlerNormal
I1014 11:33:49.615345 12606 thread.cpp:96] Thread 1048576 construct Actor kNormalForward 2199023255636
I1014 11:33:49.615423 12606 runtime_context.cpp:29] DecreaseCounter constructing_actor_cnt, current val is 304
I1014 11:33:49.615465 12599 naive_actor.cpp:25] actor 1099614388283 switch to &NaiveActor::HandlerNormal
I1014 11:33:49.615514 12599 thread.cpp:96] Thread 524337 construct Actor kTick 1099614388283
I1014 11:33:49.615594 12599 runtime_context.cpp:29] DecreaseCounter constructing_actor_cnt, current val is 303
I1014 11:33:49.615976 12599 naive_actor.cpp:25] actor 1099614388315 switch to &NaiveActor::HandlerNormal
I1014 11:33:49.616147 12599 thread.cpp:96] Thread 524337 construct Actor kTick 1099614388315
I1014 11:33:49.616228 12599 runtime_context.cpp:29] DecreaseCounter constructing_actor_cnt, current val is 302
I1014 11:33:49.616348 12606 naive_actor.cpp:25] actor 2199023255598 switch to &NaiveActor::HandlerNormal
I1014 11:33:49.616397 12606 thread.cpp:96] Thread 1048576 construct Actor kNormalForward 2199023255598
I1014 11:33:49.616470 12606 runtime_context.cpp:29] DecreaseCounter constructing_actor_cnt, current val is 301
I1014 11:33:49.616624 12599 naive_actor.cpp:25] actor 1099614388275 switch to &NaiveActor::HandlerNormal
I1014 11:33:49.616679 12599 thread.cpp:96] Thread 524337 construct Actor kTick 1099614388275
