Log file created at: 2021/10/12 16:43:39
Running on machine: oneflow-14
Log line format: [IWEF]mmdd hh:mm:ss.uuuuuu threadid file:line] msg
I1012 16:43:39.636739 25226 global.h:36] NewGlobal 14cudaDeviceProp
I1012 16:43:39.637890 25226 global.h:36] NewGlobal N7oneflow7EnvDescE
I1012 16:43:39.637907 25226 global.h:36] NewGlobal N7oneflow10ProcessCtxE
I1012 16:43:39.637914 25226 env_global_objects_scope.cpp:152] using rpc backend: local
I1012 16:43:39.637928 25226 global.h:36] NewGlobal N7oneflow12ResourceDescE
I1012 16:43:39.637936 25226 global.h:36] NewGlobal N7oneflow12ResourceDescE
I1012 16:43:39.710608 25226 global.h:36] NewGlobal N7oneflow10ThreadPoolE
I1012 16:43:39.712170 25226 global.h:36] NewGlobal N7oneflow16EagerNcclCommMgrE
I1012 16:43:39.712195 25226 global.h:36] NewGlobal N7oneflow18CudnnConvAlgoCacheE
I1012 16:43:39.712208 25226 global.h:36] NewGlobal N7oneflow2vm19VirtualMachineScopeE
I1012 16:43:39.712219 25226 global.h:36] NewGlobal N7oneflow9OneflowVME
I1012 16:43:39.713451 25226 oneflow_vm.cpp:75] transport stream type: N7oneflow2vm13CpuStreamTypeE
I1012 16:43:39.713474 25226 oneflow_vm.cpp:75] transport stream type: N7oneflow2vm14CudaStreamTypeE
I1012 16:43:39.713485 25226 oneflow_vm.cpp:75] transport stream type: N7oneflow2vm19AsyncCudaStreamTypeE
I1012 16:43:39.713654 25226 global.h:36] NewGlobal N7oneflow27EagerJobBuildAndInferCtxMgrE
I1012 16:43:39.713671 25226 global.h:36] NewGlobal N7oneflow12EpollCommNetE
I1012 16:43:39.713845 25226 epoll_comm_network.cpp:63] CommNet:Epoll listening on 0.0.0.0:36674
I1012 16:43:39.713889 25226 epoll_comm_network.cpp:197] machine 0 sockfd -1
I1012 16:43:39.714031 25226 global.h:36] NewGlobal N7oneflow9TransportE
I1012 16:43:39.716441 25226 global.h:43] DeleteGlobal N7oneflow12ResourceDescE
I1012 16:43:39.716478 25226 version.cpp:22] OneFlow git version: b295ca2324
I1012 16:43:39.716502 25226 device_register_gpu.cpp:56] CUDA runtime version: 11.2
I1012 16:43:39.716534 25226 device_register_gpu.cpp:65] cuDNN version: 8.1.1
I1012 16:43:39.716550 25226 device_register_gpu.cpp:78] NCCL version: 2.9.8
I1012 16:43:39.716562 25226 global.h:36] NewGlobal N7oneflow12ResourceDescE
I1012 16:43:39.716572 25226 global.h:36] NewGlobal N7oneflow5IDMgrE
I1012 16:43:39.716590 25226 global.h:36] NewGlobal N7oneflow16AvailableMemDescE
I1012 16:43:39.716624 25226 global.h:36] NewGlobal St13unordered_mapISslSt4hashISsESt8equal_toISsESaISt4pairIKSslEEE
I1012 16:43:39.716635 25226 global.h:36] NewGlobal N7oneflow19CriticalSectionDescE
I1012 16:43:39.716645 25226 global.h:36] NewGlobal N7oneflow16InterUserJobInfoE
I1012 16:43:39.716655 25226 global.h:36] NewGlobal N7oneflow26LazyJobBuildAndInferCtxMgrE
I1012 16:43:39.716665 25226 global.h:36] NewGlobal N7oneflow16JobSetCompileCtxE
I1012 16:43:39.716675 25226 global.h:36] NewGlobal N7oneflow26RuntimeBufferManagersScopeE
I1012 16:43:39.716686 25226 global.h:36] NewGlobal N7oneflow9BufferMgrIlEE
I1012 16:43:39.716694 25226 global.h:36] NewGlobal N7oneflow9BufferMgrISt10shared_ptrINS_11JobInstanceEEEE
I1012 16:43:39.716703 25226 global.h:36] NewGlobal N7oneflow10RuntimeCtxE
I1012 16:43:39.716712 25226 global.h:36] NewGlobal N7oneflow15MemoryAllocatorE
I1012 16:43:39.716722 25226 global.h:36] NewGlobal N7oneflow8ChunkMgrE
I1012 16:43:39.716730 25226 global.h:36] NewGlobal N7oneflow8RegstMgrE
I1012 16:43:39.716739 25226 global.h:36] NewGlobal N7oneflow11ActorMsgBusE
I1012 16:43:39.716748 25226 global.h:36] NewGlobal N7oneflow9ThreadMgrE
I1012 16:43:39.716758 25226 global.h:36] NewGlobal N7oneflow15RuntimeJobDescsE
I1012 16:43:39.716765 25226 global.h:36] NewGlobal N7oneflow7summary12EventsWriterE
I1012 16:43:39.716778 25226 global.h:36] NewGlobal N7oneflow6boxing10collective24CollectiveBoxingExecutorE
I1012 16:43:39.716787 25226 global.h:36] NewGlobal N7oneflow6boxing10collective31CollectiveBoxingDeviceCtxPollerE
I1012 16:43:39.716950 25226 session.h:77] NewGlobal N7oneflow25SessionGlobalObjectsScopeE
I1012 16:43:39.717948 25226 global.h:36] NewGlobal N7oneflow7JobDescE
I1012 16:43:40.229835 25226 global.h:43] DeleteGlobal N7oneflow7JobDescE
I1012 16:43:40.230046 25226 global.h:36] NewGlobal N7oneflow7JobDescE
I1012 16:43:40.233501 25226 global.h:36] NewGlobal N7oneflow7OpGraphE
I1012 16:43:40.240860 25226 global.h:43] DeleteGlobal N7oneflow7OpGraphE
I1012 16:43:40.570509 25226 global.h:43] DeleteGlobal N7oneflow7JobDescE
I1012 16:43:40.589288 25226 global.h:36] NewGlobal N7oneflow24InterJobReuseMemStrategyE
I1012 16:43:40.589315 25226 global.h:36] NewGlobal N7oneflow7OneflowE
I1012 16:43:40.602558 25226 global.h:36] NewGlobal N7oneflow7JobDescE
I1012 16:43:40.876075 25226 insert_nccl_logical_op_pass.cpp:663]  Try insert nccl logical ops into job: train_job. Begin...
I1012 16:43:40.876806 25226 insert_nccl_logical_op_pass.cpp:432]  insert nccl op: System-NCCL-Logical-S2B-114 from: [IdentityN_5](order=0, nd_sbp=[S(0)])->[ParallelCast_6](order=2, nd_sbp=[B]) and before: [System-Boxing-Identity-93](order=1)
I1012 16:43:40.876888 25226 insert_nccl_logical_op_pass.cpp:432]  insert nccl op: System-NCCL-Logical-S2B-115 from: [IdentityN_5](order=0, nd_sbp=[S(0)])->[ParallelCast_11](order=3, nd_sbp=[B]) and before: [System-Boxing-Identity-93](order=1)
I1012 16:43:40.877025 25226 insert_nccl_logical_op_pass.cpp:432]  insert nccl op: System-NCCL-Logical-S2S-116 from: [Gather_12](order=5, nd_sbp=[S(2)])->[Reshape_14](order=7, nd_sbp=[S(0)]) and before: [Reshape_8](order=6)
I1012 16:43:40.877135 25226 insert_nccl_logical_op_pass.cpp:432]  insert nccl op: System-NCCL-Logical-P2S-117 from: [ReduceSum_9](order=8, nd_sbp=[P])->[AddN_23](order=47, nd_sbp=[S(0)]) and before: [Concat_15](order=9)
I1012 16:43:40.877646 25226 insert_nccl_logical_op_pass.cpp:432]  insert nccl op: System-NCCL-Logical-S2B-118 from: [SigmoidCrossEntropy_24_grad](order=51, nd_sbp=[S(0)])->[ReduceSum_9_grad](order=56, nd_sbp=[B]) and before: [ScalarMul_26](order=52)
I1012 16:43:40.877728 25226 insert_nccl_logical_op_pass.cpp:432]  insert nccl op: System-NCCL-Logical-P2B-119 from: [deep_scores-matmul_grad_b](order=53, nd_sbp=[P])->[System-ModelDiffScale-ScalarMul_66](order=57, nd_sbp=[B]) and before: [deep_scores-matmul_grad_a](order=54)
I1012 16:43:40.877802 25226 insert_nccl_logical_op_pass.cpp:432]  insert nccl op: System-NCCL-Logical-P2B-120 from: [deep_scores-bias_add_grad](order=55, nd_sbp=[P])->[System-ModelDiffScale-ScalarMul_78](order=60, nd_sbp=[B]) and before: [ReduceSum_9_grad](order=56)
I1012 16:43:40.877923 25226 insert_nccl_logical_op_pass.cpp:432]  insert nccl op: System-NCCL-Logical-P2B-121 from: [fc6-bias_add_grad](order=65, nd_sbp=[P])->[System-ModelDiffScale-ScalarMul_69](order=69, nd_sbp=[B]) and before: [fc6-matmul_grad_b](order=66)
I1012 16:43:40.877981 25226 insert_nccl_logical_op_pass.cpp:432]  insert nccl op: System-NCCL-Logical-P2B-122 from: [fc6-matmul_grad_b](order=66, nd_sbp=[P])->[System-ModelDiffScale-ScalarMul_70](order=70, nd_sbp=[B]) and before: [fc6-matmul_grad_a](order=67)
I1012 16:43:40.878099 25226 insert_nccl_logical_op_pass.cpp:432]  insert nccl op: System-NCCL-Logical-P2B-123 from: [fc5-matmul_grad_b](order=76, nd_sbp=[P])->[System-ModelDiffScale-ScalarMul_68](order=79, nd_sbp=[B]) and before: [fc5-bias_add_grad](order=77)
I1012 16:43:40.878158 25226 insert_nccl_logical_op_pass.cpp:432]  insert nccl op: System-NCCL-Logical-P2B-124 from: [fc5-bias_add_grad](order=77, nd_sbp=[P])->[System-ModelDiffScale-ScalarMul_71](order=80, nd_sbp=[B]) and before: [fc5-matmul_grad_a](order=78)
I1012 16:43:40.878263 25226 insert_nccl_logical_op_pass.cpp:432]  insert nccl op: System-NCCL-Logical-P2B-125 from: [fc4-matmul_grad_b](order=85, nd_sbp=[P])->[System-ModelDiffScale-ScalarMul_74](order=88, nd_sbp=[B]) and before: [fc4-bias_add_grad](order=86)
I1012 16:43:40.878324 25226 insert_nccl_logical_op_pass.cpp:432]  insert nccl op: System-NCCL-Logical-P2B-126 from: [fc4-bias_add_grad](order=86, nd_sbp=[P])->[System-ModelDiffScale-ScalarMul_79](order=89, nd_sbp=[B]) and before: [fc4-matmul_grad_a](order=87)
I1012 16:43:40.878428 25226 insert_nccl_logical_op_pass.cpp:432]  insert nccl op: System-NCCL-Logical-P2B-127 from: [fc3-bias_add_grad](order=94, nd_sbp=[P])->[System-ModelDiffScale-ScalarMul_82](order=97, nd_sbp=[B]) and before: [fc3-matmul_grad_b](order=95)
I1012 16:43:40.878569 25226 insert_nccl_logical_op_pass.cpp:432]  insert nccl op: System-NCCL-Logical-P2B-128 from: [fc3-matmul_grad_b](order=95, nd_sbp=[P])->[System-ModelDiffScale-ScalarMul_67](order=98, nd_sbp=[B]) and before: [fc3-matmul_grad_a](order=96)
I1012 16:43:40.878682 25226 insert_nccl_logical_op_pass.cpp:432]  insert nccl op: System-NCCL-Logical-P2B-129 from: [fc2-matmul_grad_b](order=103, nd_sbp=[P])->[System-ModelDiffScale-ScalarMul_77](order=106, nd_sbp=[B]) and before: [fc2-bias_add_grad](order=104)
I1012 16:43:40.878760 25226 insert_nccl_logical_op_pass.cpp:432]  insert nccl op: System-NCCL-Logical-P2B-130 from: [fc2-bias_add_grad](order=104, nd_sbp=[P])->[System-ModelDiffScale-ScalarMul_73](order=107, nd_sbp=[B]) and before: [fc2-matmul_grad_a](order=105)
I1012 16:43:40.878868 25226 insert_nccl_logical_op_pass.cpp:432]  insert nccl op: System-NCCL-Logical-P2B-131 from: [fc1-matmul_grad_b](order=112, nd_sbp=[P])->[System-ModelDiffScale-ScalarMul_81](order=115, nd_sbp=[B]) and before: [fc1-bias_add_grad](order=113)
I1012 16:43:40.878931 25226 insert_nccl_logical_op_pass.cpp:432]  insert nccl op: System-NCCL-Logical-P2B-132 from: [fc1-bias_add_grad](order=113, nd_sbp=[P])->[System-ModelDiffScale-ScalarMul_65](order=116, nd_sbp=[B]) and before: [fc1-matmul_grad_a](order=114)
I1012 16:43:40.879032 25226 insert_nccl_logical_op_pass.cpp:432]  insert nccl op: System-NCCL-Logical-P2B-133 from: [fc0-matmul_grad_b](order=121, nd_sbp=[P])->[System-ModelDiffScale-ScalarMul_75](order=124, nd_sbp=[B]) and before: [fc0-bias_add_grad](order=122)
I1012 16:43:40.879092 25226 insert_nccl_logical_op_pass.cpp:432]  insert nccl op: System-NCCL-Logical-P2B-134 from: [fc0-bias_add_grad](order=122, nd_sbp=[P])->[System-ModelDiffScale-ScalarMul_72](order=125, nd_sbp=[B]) and before: [fc0-matmul_grad_a](order=123)
I1012 16:43:40.879194 25226 insert_nccl_logical_op_pass.cpp:432]  insert nccl op: System-NCCL-Logical-S2S-135 from: [Reshape_14_grad](order=129, nd_sbp=[S(0)])->[Gather_12_grad](order=130, nd_sbp=[S(2)]) and before: [Gather_12_grad](order=130)
I1012 16:43:40.879241 25226 insert_nccl_logical_op_pass.cpp:699]  Try insert nccl logical ops into job: train_job. ...End

I1012 16:43:40.940141 25226 global.h:36] NewGlobal N7oneflow7OpGraphE
I1012 16:43:41.066016 25226 global.h:43] DeleteGlobal N7oneflow7OpGraphE
I1012 16:43:41.079353 25226 oneflow.cpp:210] 
job_id: 0 , job_name: train_job , compile time: 0.476747 seconds.
I1012 16:43:41.160080 25226 global.h:43] DeleteGlobal N7oneflow7JobDescE
I1012 16:43:41.160405 25226 global.h:36] NewGlobal N7oneflow7JobDescE
I1012 16:43:41.208647 25226 global.h:36] NewGlobal N7oneflow7OpGraphE
I1012 16:43:41.231026 25226 global.h:43] DeleteGlobal N7oneflow7OpGraphE
I1012 16:43:41.236145 25226 oneflow.cpp:210] 
job_id: 1 , job_name: System-ModelInit , compile time: 0.0751237 seconds.
I1012 16:43:41.250890 25226 global.h:43] DeleteGlobal N7oneflow7JobDescE
I1012 16:43:41.250919 25226 global.h:36] NewGlobal N7oneflow7JobDescE
I1012 16:43:41.296197 25226 global.h:36] NewGlobal N7oneflow7OpGraphE
I1012 16:43:41.318297 25226 global.h:43] DeleteGlobal N7oneflow7OpGraphE
I1012 16:43:41.323403 25226 oneflow.cpp:210] 
job_id: 2 , job_name: System-ModelLoad , compile time: 0.0724628 seconds.
I1012 16:43:41.338567 25226 global.h:43] DeleteGlobal N7oneflow7JobDescE
I1012 16:43:41.338611 25226 global.h:36] NewGlobal N7oneflow7JobDescE
I1012 16:43:41.382647 25226 global.h:36] NewGlobal N7oneflow7OpGraphE
I1012 16:43:41.403062 25226 global.h:43] DeleteGlobal N7oneflow7OpGraphE
I1012 16:43:41.408120 25226 oneflow.cpp:210] 
job_id: 3 , job_name: System-ModelSave , compile time: 0.0694889 seconds.
I1012 16:43:41.423604 25226 global.h:43] DeleteGlobal N7oneflow7JobDescE
I1012 16:43:41.423630 25226 global.h:36] NewGlobal N7oneflow7JobDescE
I1012 16:43:41.433032 25226 global.h:36] NewGlobal N7oneflow7OpGraphE
I1012 16:43:41.437446 25226 global.h:43] DeleteGlobal N7oneflow7OpGraphE
I1012 16:43:41.439334 25226 oneflow.cpp:210] 
job_id: 4 , job_name: System-Pull-Return_27 , compile time: 0.0156854 seconds.
I1012 16:43:41.443709 25226 global.h:43] DeleteGlobal N7oneflow7JobDescE
I1012 16:43:41.450569 25226 global.h:36] NewGlobal N7oneflow7JobDescE
I1012 16:43:41.450603 25226 global.h:36] NewGlobal N7oneflow7OpGraphE
I1012 16:43:41.456045 25226 global.h:43] DeleteGlobal N7oneflow7OpGraphE
I1012 16:43:41.459998 25226 oneflow.cpp:210] 
job_id: 5 , job_name: MainJob-unamed , compile time: 0.00940467 seconds.
I1012 16:43:41.467083 25226 global.h:43] DeleteGlobal N7oneflow7JobDescE
I1012 16:43:41.472105 25226 plan_util.cpp:928]  Plan: merged_plan needs to allocate [ 724.647 MiB ] device memory in Rank: 0 , Device: 0
I1012 16:43:41.472131 25226 plan_util.cpp:928]  Plan: merged_plan needs to allocate [ 724.646 MiB ] device memory in Rank: 0 , Device: 1
I1012 16:43:41.628409 25226 oneflow.cpp:998]  PushPlan merged_plan time: 0.0158904 seconds.
I1012 16:43:41.674177 25226 oneflow.cpp:1014]  PullPlan merged_plan time: 0.0408179 seconds.
I1012 16:43:47.203071 25226 runtime_context.cpp:21] NewCounter constructing_actor_cnt 781
I1012 16:43:47.204644 25806 naive_actor.cpp:25] actor 1099614388231 switch to &NaiveActor::HandlerNormal
I1012 16:43:47.204668 25828 naive_actor.cpp:25] actor 2199023255722 switch to &NaiveActor::HandlerNormal
I1012 16:43:47.204707 25806 thread.cpp:96] Thread 524337 construct Actor kDeviceTick 1099614388231
I1012 16:43:47.204743 25828 thread.cpp:96] Thread 1048576 construct Actor kDeviceTick 2199023255722
I1012 16:43:47.204748 25837 naive_actor.cpp:25] actor 2207613190314 switch to &NaiveActor::HandlerNormal
I1012 16:43:47.204855 25828 runtime_context.cpp:29] DecreaseCounter constructing_actor_cnt, current val is 779
I1012 16:43:47.204869 25837 thread.cpp:96] Thread 1052672 construct Actor kDeviceTick 2207613190314
I1012 16:43:47.204789 25807 wait_and_send_ids_actor.cpp:53] actor 1099616485376 switch to &WaitAndSendIdsActor::HandlerWaitToStart
I1012 16:43:47.204845 25806 runtime_context.cpp:29] DecreaseCounter constructing_actor_cnt, current val is 780
I1012 16:43:47.204938 25807 thread.cpp:96] Thread 524338 construct Actor kWaitAndSendIds 1099616485376
I1012 16:43:47.205027 25837 runtime_context.cpp:29] DecreaseCounter constructing_actor_cnt, current val is 778
I1012 16:43:47.205051 25807 runtime_context.cpp:29] DecreaseCounter constructing_actor_cnt, current val is 777
I1012 16:43:47.205142 25828 naive_actor.cpp:25] actor 2199023255783 switch to &NaiveActor::HandlerNormal
I1012 16:43:47.205154 25806 naive_actor.cpp:25] actor 1099614388232 switch to &NaiveActor::HandlerNormal
I1012 16:43:47.205194 25828 thread.cpp:96] Thread 1048576 construct Actor kDeviceTick 2199023255783
I1012 16:43:47.205214 25806 thread.cpp:96] Thread 524337 construct Actor kDeviceTick 1099614388232
I1012 16:43:47.205287 25806 runtime_context.cpp:29] DecreaseCounter constructing_actor_cnt, current val is 776
I1012 16:43:47.205300 25828 runtime_context.cpp:29] DecreaseCounter constructing_actor_cnt, current val is 775
I1012 16:43:47.205314 25837 naive_actor.cpp:25] actor 2207613190375 switch to &NaiveActor::HandlerNormal
I1012 16:43:47.205402 25837 thread.cpp:96] Thread 1052672 construct Actor kDeviceTick 2207613190375
I1012 16:43:47.205456 25806 naive_actor.cpp:25] actor 1099614388230 switch to &NaiveActor::HandlerNormal
I1012 16:43:47.205482 25806 thread.cpp:96] Thread 524337 construct Actor kDeviceTick 1099614388230
I1012 16:43:47.205507 25837 runtime_context.cpp:29] DecreaseCounter constructing_actor_cnt, current val is 774
I1012 16:43:47.205526 25806 runtime_context.cpp:29] DecreaseCounter constructing_actor_cnt, current val is 773
I1012 16:43:47.205626 25828 naive_actor.cpp:25] actor 2199023255822 switch to &NaiveActor::HandlerNormal
I1012 16:43:47.205811 25828 thread.cpp:96] Thread 1048576 construct Actor kDeviceTick 2199023255822
I1012 16:43:47.205775 25837 naive_actor.cpp:25] actor 2207613190414 switch to &NaiveActor::HandlerNormal
I1012 16:43:47.205868 25806 naive_actor.cpp:25] actor 1099614388240 switch to &NaiveActor::HandlerNormal
I1012 16:43:47.205893 25837 thread.cpp:96] Thread 1052672 construct Actor kDeviceTick 2207613190414
I1012 16:43:47.205896 25828 runtime_context.cpp:29] DecreaseCounter constructing_actor_cnt, current val is 772
I1012 16:43:47.205904 25806 thread.cpp:96] Thread 524337 construct Actor kDeviceTick 1099614388240
I1012 16:43:47.206168 25806 runtime_context.cpp:29] DecreaseCounter constructing_actor_cnt, current val is 770
I1012 16:43:47.206135 25837 runtime_context.cpp:29] DecreaseCounter constructing_actor_cnt, current val is 771
I1012 16:43:47.206375 25828 naive_actor.cpp:25] actor 2199023255861 switch to &NaiveActor::HandlerNormal
I1012 16:43:47.206401 25806 naive_actor.cpp:25] actor 1099614388241 switch to &NaiveActor::HandlerNormal
I1012 16:43:47.206451 25828 thread.cpp:96] Thread 1048576 construct Actor kDeviceTick 2199023255861
I1012 16:43:47.206470 25806 thread.cpp:96] Thread 524337 construct Actor kDeviceTick 1099614388241
I1012 16:43:47.206521 25806 runtime_context.cpp:29] DecreaseCounter constructing_actor_cnt, current val is 769
I1012 16:43:47.206528 25837 naive_actor.cpp:25] actor 2207613190453 switch to &NaiveActor::HandlerNormal
I1012 16:43:47.206530 25828 runtime_context.cpp:29] DecreaseCounter constructing_actor_cnt, current val is 768
I1012 16:43:47.206595 25837 thread.cpp:96] Thread 1052672 construct Actor kDeviceTick 2207613190453
I1012 16:43:47.206678 25837 runtime_context.cpp:29] DecreaseCounter constructing_actor_cnt, current val is 767
I1012 16:43:47.206686 25806 naive_actor.cpp:25] actor 1099614388251 switch to &NaiveActor::HandlerNormal
I1012 16:43:47.206729 25806 thread.cpp:96] Thread 524337 construct Actor kDeviceTick 1099614388251
I1012 16:43:47.206756 25806 runtime_context.cpp:29] DecreaseCounter constructing_actor_cnt, current val is 766
I1012 16:43:47.206934 25806 naive_actor.cpp:25] actor 1099614388260 switch to &NaiveActor::HandlerNormal
I1012 16:43:47.206952 25806 thread.cpp:96] Thread 524337 construct Actor kDeviceTick 1099614388260
I1012 16:43:47.206979 25806 runtime_context.cpp:29] DecreaseCounter constructing_actor_cnt, current val is 765
I1012 16:43:47.207099 25806 naive_actor.cpp:25] actor 1099614388269 switch to &NaiveActor::HandlerNormal
I1012 16:43:47.207116 25806 thread.cpp:96] Thread 524337 construct Actor kDeviceTick 1099614388269
I1012 16:43:47.207141 25806 runtime_context.cpp:29] DecreaseCounter constructing_actor_cnt, current val is 764
I1012 16:43:47.207260 25806 naive_actor.cpp:25] actor 1099614388278 switch to &NaiveActor::HandlerNormal
I1012 16:43:47.207278 25806 thread.cpp:96] Thread 524337 construct Actor kDeviceTick 1099614388278
I1012 16:43:47.207302 25806 runtime_context.cpp:29] DecreaseCounter constructing_actor_cnt, current val is 763
I1012 16:43:47.207443 25806 naive_actor.cpp:25] actor 1099614388287 switch to &NaiveActor::HandlerNormal
I1012 16:43:47.207460 25806 thread.cpp:96] Thread 524337 construct Actor kDeviceTick 1099614388287
I1012 16:43:47.207485 25806 runtime_context.cpp:29] DecreaseCounter constructing_actor_cnt, current val is 762
I1012 16:43:47.207608 25806 naive_actor.cpp:25] actor 1099614388289 switch to &NaiveActor::HandlerNormal
I1012 16:43:47.207625 25806 thread.cpp:96] Thread 524337 construct Actor kDeviceTick 1099614388289
I1012 16:43:47.207649 25806 runtime_context.cpp:29] DecreaseCounter constructing_actor_cnt, current val is 761
I1012 16:43:47.207775 25806 naive_actor.cpp:25] actor 1099614388286 switch to &NaiveActor::HandlerNormal
I1012 16:43:47.207792 25806 thread.cpp:96] Thread 524337 construct Actor kDeviceTick 1099614388286
I1012 16:43:47.207818 25806 runtime_context.cpp:29] DecreaseCounter constructing_actor_cnt, current val is 760
I1012 16:43:47.224830 25794 naive_actor.cpp:25] actor 1099568250880 switch to &NaiveActor::HandlerNormal
I1012 16:43:47.224912 25794 thread.cpp:96] Thread 524315 construct Actor kForeignInput 1099568250880
I1012 16:43:47.224992 25794 runtime_context.cpp:29] DecreaseCounter constructing_actor_cnt, current val is 759
I1012 16:43:47.225220 25788 naive_actor.cpp:25] actor 1099555667968 switch to &NaiveActor::HandlerNormal
I1012 16:43:47.225288 25790 naive_actor.cpp:25] actor 1099559862272 switch to &NaiveActor::HandlerNormal
I1012 16:43:47.225479 25775 naive_actor.cpp:25] actor 1099528404992 switch to &NaiveActor::HandlerNormal
I1012 16:43:47.225579 25801 naive_actor.cpp:25] actor 1099582930944 switch to &NaiveActor::HandlerNormal
I1012 16:43:47.225705 25796 naive_actor.cpp:25] actor 1099572445184 switch to &NaiveActor::HandlerNormal
I1012 16:43:47.225401 25804 naive_actor.cpp:25] actor 1099589222400 switch to &NaiveActor::HandlerNormal
I1012 16:43:47.225598 25775 thread.cpp:96] Thread 524296 construct Actor kNormalForward 1099528404992
I1012 16:43:47.225735 25801 thread.cpp:96] Thread 524322 construct Actor kNormalForward 1099582930944
I1012 16:43:47.225769 25784 naive_actor.cpp:25] actor 1099547279360 switch to &NaiveActor::HandlerNormal
I1012 16:43:47.225791 25787 naive_actor.cpp:25] actor 1099553570816 switch to &NaiveActor::HandlerNormal
I1012 16:43:47.225487 25790 thread.cpp:96] Thread 524311 construct Actor kNormalForward 1099559862272
I1012 16:43:47.225822 25796 thread.cpp:96] Thread 524317 construct Actor kNormalForward 1099572445184
I1012 16:43:47.225845 25799 naive_actor.cpp:25] actor 1099578736640 switch to &NaiveActor::HandlerNormal
I1012 16:43:47.225873 25804 thread.cpp:96] Thread 524325 construct Actor kNormalForward 1099589222400
I1012 16:43:47.226109 25789 naive_actor.cpp:25] actor 1099557765120 switch to &NaiveActor::HandlerNormal
I1012 16:43:47.225960 25784 thread.cpp:96] Thread 524305 construct Actor kNormalForward 1099547279360
I1012 16:43:47.226166 25796 runtime_context.cpp:29] DecreaseCounter constructing_actor_cnt, current val is 755
I1012 16:43:47.226158 25790 runtime_context.cpp:29] DecreaseCounter constructing_actor_cnt, current val is 756
I1012 16:43:47.226019 25801 runtime_context.cpp:29] DecreaseCounter constructing_actor_cnt, current val is 757
I1012 16:43:47.226095 25799 thread.cpp:96] Thread 524320 construct Actor kNormalForward 1099578736640
I1012 16:43:47.225955 25797 naive_actor.cpp:25] actor 1099574542336 switch to &NaiveActor::HandlerNormal
I1012 16:43:47.226006 25787 thread.cpp:96] Thread 524308 construct Actor kNormalForward 1099553570816
I1012 16:43:47.226297 25799 runtime_context.cpp:29] DecreaseCounter constructing_actor_cnt, current val is 752
I1012 16:43:47.226018 25775 runtime_context.cpp:29] DecreaseCounter constructing_actor_cnt, current val is 758
I1012 16:43:47.226254 25804 runtime_context.cpp:29] DecreaseCounter constructing_actor_cnt, current val is 754
I1012 16:43:47.226281 25784 runtime_context.cpp:29] DecreaseCounter constructing_actor_cnt, current val is 753
I1012 16:43:47.226285 25797 thread.cpp:96] Thread 524318 construct Actor kForeignInput 1099574542336
I1012 16:43:47.226161 25789 thread.cpp:96] Thread 524310 construct Actor kNormalForward 1099557765120
I1012 16:43:47.226413 25781 naive_actor.cpp:25] actor 1099540987904 switch to &NaiveActor::HandlerNormal
I1012 16:43:47.226382 25787 runtime_context.cpp:29] DecreaseCounter constructing_actor_cnt, current val is 751
I1012 16:43:47.225303 25788 thread.cpp:96] Thread 524309 construct Actor kNormalForward 1099555667968
I1012 16:43:47.226503 25797 runtime_context.cpp:29] DecreaseCounter constructing_actor_cnt, current val is 750
I1012 16:43:47.226480 25781 thread.cpp:96] Thread 524302 construct Actor kNormalForward 1099540987904
I1012 16:43:47.226518 25789 runtime_context.cpp:29] DecreaseCounter constructing_actor_cnt, current val is 749
I1012 16:43:47.226711 25781 runtime_context.cpp:29] DecreaseCounter constructing_actor_cnt, current val is 747
I1012 16:43:47.226676 25773 naive_actor.cpp:25] actor 1099524210688 switch to &NaiveActor::HandlerNormal
I1012 16:43:47.225934 25808 sink_actor.cpp:21] actor 1099618582528 switch to &SinkActor::HandlerNormal
I1012 16:43:47.226624 25788 runtime_context.cpp:29] DecreaseCounter constructing_actor_cnt, current val is 748
I1012 16:43:47.226732 25802 naive_actor.cpp:25] actor 1099585028096 switch to &NaiveActor::HandlerNormal
I1012 16:43:47.226678 25779 naive_actor.cpp:25] actor 1099536793600 switch to &NaiveActor::HandlerNormal
I1012 16:43:47.226856 25773 thread.cpp:96] Thread 524294 construct Actor kNormalForward 1099524210688
I1012 16:43:47.226891 25808 thread.cpp:96] Thread 524339 construct Actor kCallbackNotify 1099618582528
I1012 16:43:47.226976 25802 thread.cpp:96] Thread 524323 construct Actor kNormalForward 1099585028096
I1012 16:43:47.227344 25808 runtime_context.cpp:29] DecreaseCounter constructing_actor_cnt, current val is 746
I1012 16:43:47.227169 25779 thread.cpp:96] Thread 524300 construct Actor kNormalForward 1099536793600
I1012 16:43:47.227237 25776 naive_actor.cpp:25] actor 1099530502144 switch to &NaiveActor::HandlerNormal
I1012 16:43:47.227234 25774 naive_actor.cpp:25] actor 1099526307840 switch to &NaiveActor::HandlerNormal
I1012 16:43:47.226984 25803 naive_actor.cpp:25] actor 1099587125248 switch to &NaiveActor::HandlerNormal
I1012 16:43:47.227351 25828 naive_actor.cpp:25] actor 2199023255565 switch to &NaiveActor::HandlerNormal
I1012 16:43:47.227382 25773 runtime_context.cpp:29] DecreaseCounter constructing_actor_cnt, current val is 745
I1012 16:43:47.227406 25832 naive_actor.cpp:25] actor 2199027449856 switch to &NaiveActor::HandlerNormal
I1012 16:43:47.227830 25832 thread.cpp:96] Thread 1048578 construct Actor kCopyHd 2199027449856
I1012 16:43:47.227479 25771 naive_actor.cpp:25] actor 1099520016384 switch to &NaiveActor::HandlerNormal
I1012 16:43:47.227538 25776 thread.cpp:96] Thread 524297 construct Actor kNormalForward 1099530502144
I1012 16:43:47.227550 25779 runtime_context.cpp:29] DecreaseCounter constructing_actor_cnt, current val is 743
I1012 16:43:47.227617 25774 thread.cpp:96] Thread 524295 construct Actor kNormalForward 1099526307840
I1012 16:43:47.227643 25805 naive_actor.cpp:25] actor 1099591319552 switch to &NaiveActor::HandlerNormal
I1012 16:43:47.228202 25805 thread.cpp:96] Thread 524326 construct Actor kForeignOutput 1099591319552
I1012 16:43:47.227648 25803 thread.cpp:96] Thread 524324 construct Actor kNormalForward 1099587125248
I1012 16:43:47.228323 25805 runtime_context.cpp:29] DecreaseCounter constructing_actor_cnt, current val is 739
I1012 16:43:47.227730 25828 thread.cpp:96] Thread 1048576 construct Actor kNormalForward 2199023255565
I1012 16:43:47.227730 25830 naive_actor.cpp:25] actor 2199025352708 switch to &NaiveActor::HandlerNormal
I1012 16:43:47.227767 25785 naive_actor.cpp:25] actor 1099549376512 switch to &NaiveActor::HandlerNormal
I1012 16:43:47.227440 25802 runtime_context.cpp:29] DecreaseCounter constructing_actor_cnt, current val is 744
I1012 16:43:47.228673 25782 naive_actor.cpp:25] actor 1099543085056 switch to &NaiveActor::HandlerNormal
I1012 16:43:47.227913 25783 naive_actor.cpp:25] actor 1099545182208 switch to &NaiveActor::HandlerNormal
I1012 16:43:47.228817 25778 naive_actor.cpp:25] actor 1099534696448 switch to &NaiveActor::HandlerNormal
I1012 16:43:47.227921 25771 thread.cpp:96] Thread 524292 construct Actor kNormalForward 1099520016384
I1012 16:43:47.227943 25792 naive_actor.cpp:25] actor 1099564056576 switch to &NaiveActor::HandlerNormal
I1012 16:43:47.227994 25798 naive_actor.cpp:25] actor 1099576639488 switch to &NaiveActor::HandlerNormal
I1012 16:43:47.229215 25798 thread.cpp:96] Thread 524319 construct Actor kNormalForward 1099576639488
I1012 16:43:47.228073 25776 runtime_context.cpp:29] DecreaseCounter constructing_actor_cnt, current val is 741
I1012 16:43:47.228176 25774 runtime_context.cpp:29] DecreaseCounter constructing_actor_cnt, current val is 740
I1012 16:43:47.228209 25777 naive_actor.cpp:25] actor 1099532599296 switch to &NaiveActor::HandlerNormal
I1012 16:43:47.227649 25839 naive_actor.cpp:25] actor 2207615287299 switch to &NaiveActor::HandlerNormal
I1012 16:43:47.227653 25806 naive_actor.cpp:25] actor 1099614388236 switch to &NaiveActor::HandlerNormal
I1012 16:43:47.228415 25803 runtime_context.cpp:29] DecreaseCounter constructing_actor_cnt, current val is 738
I1012 16:43:47.228457 25800 naive_actor.cpp:25] actor 1099580833792 switch to &NaiveActor::HandlerNormal
I1012 16:43:47.229867 25800 thread.cpp:96] Thread 524321 construct Actor kForeignInput 1099580833792
I1012 16:43:47.228595 25828 runtime_context.cpp:29] DecreaseCounter constructing_actor_cnt, current val is 737
I1012 16:43:47.228626 25785 thread.cpp:96] Thread 524306 construct Actor kNormalForward 1099549376512
I1012 16:43:47.228572 25830 thread.cpp:96] Thread 1048577 construct Actor kSliceBoxing 2199025352708
I1012 16:43:47.228634 25786 naive_actor.cpp:25] actor 1099551473664 switch to &NaiveActor::HandlerNormal
I1012 16:43:47.230259 25786 thread.cpp:96] Thread 524307 construct Actor kNormalForward 1099551473664
I1012 16:43:47.228734 25782 thread.cpp:96] Thread 524303 construct Actor kNormalForward 1099543085056
I1012 16:43:47.230417 25786 runtime_context.cpp:29] DecreaseCounter constructing_actor_cnt, current val is 731
I1012 16:43:47.227921 25793 naive_actor.cpp:25] actor 1099566153728 switch to &NaiveActor::HandlerNormal
I1012 16:43:47.228837 25783 thread.cpp:96] Thread 524304 construct Actor kNormalForward 1099545182208
I1012 16:43:47.228996 25778 thread.cpp:96] Thread 524299 construct Actor kNormalForward 1099534696448
I1012 16:43:47.230731 25783 runtime_context.cpp:29] DecreaseCounter constructing_actor_cnt, current val is 729
I1012 16:43:47.229108 25771 runtime_context.cpp:29] DecreaseCounter constructing_actor_cnt, current val is 736
I1012 16:43:47.229148 25792 thread.cpp:96] Thread 524313 construct Actor kNormalForward 1099564056576
I1012 16:43:47.229187 25772 naive_actor.cpp:25] actor 1099522113536 switch to &NaiveActor::HandlerNormal
I1012 16:43:47.227996 25795 naive_actor.cpp:25] actor 1099570348032 switch to &NaiveActor::HandlerNormal
I1012 16:43:47.229349 25798 runtime_context.cpp:29] DecreaseCounter constructing_actor_cnt, current val is 735
I1012 16:43:47.229537 25777 thread.cpp:96] Thread 524298 construct Actor kNormalForward 1099532599296
I1012 16:43:47.229584 25839 thread.cpp:96] Thread 1052673 construct Actor kSliceBoxing 2207615287299
I1012 16:43:47.231269 25777 runtime_context.cpp:29] DecreaseCounter constructing_actor_cnt, current val is 726
I1012 16:43:47.228509 25780 naive_actor.cpp:25] actor 1099538890752 switch to &NaiveActor::HandlerNormal
I1012 16:43:47.231380 25780 thread.cpp:96] Thread 524301 construct Actor kNormalForward 1099538890752
I1012 16:43:47.230214 25785 runtime_context.cpp:29] DecreaseCounter constructing_actor_cnt, current val is 733
I1012 16:43:47.230233 25830 runtime_context.cpp:29] DecreaseCounter constructing_actor_cnt, current val is 732
I1012 16:43:47.227901 25832 runtime_context.cpp:29] DecreaseCounter constructing_actor_cnt, current val is 742
I1012 16:43:47.228780 25791 naive_actor.cpp:25] actor 1099561959424 switch to &NaiveActor::HandlerNormal
I1012 16:43:47.230470 25782 runtime_context.cpp:29] DecreaseCounter constructing_actor_cnt, current val is 730
I1012 16:43:47.230614 25793 thread.cpp:96] Thread 524314 construct Actor kNormalForward 1099566153728
I1012 16:43:47.229063 25837 naive_actor.cpp:25] actor 2207613190156 switch to &NaiveActor::HandlerNormal
I1012 16:43:47.230798 25778 runtime_context.cpp:29] DecreaseCounter constructing_actor_cnt, current val is 728
I1012 16:43:47.231037 25792 runtime_context.cpp:29] DecreaseCounter constructing_actor_cnt, current val is 727
I1012 16:43:47.231068 25772 thread.cpp:96] Thread 524293 construct Actor kNormalForward 1099522113536
I1012 16:43:47.231117 25795 thread.cpp:96] Thread 524316 construct Actor kNormalForward 1099570348032
I1012 16:43:47.229650 25806 thread.cpp:96] Thread 524337 construct Actor kTick 1099614388236
I1012 16:43:47.232174 25795 runtime_context.cpp:29] DecreaseCounter constructing_actor_cnt, current val is 721
I1012 16:43:47.232239 25806 runtime_context.cpp:29] DecreaseCounter constructing_actor_cnt, current val is 720
I1012 16:43:47.231505 25780 runtime_context.cpp:29] DecreaseCounter constructing_actor_cnt, current val is 724
I1012 16:43:47.231652 25791 thread.cpp:96] Thread 524312 construct Actor kNormalForward 1099561959424
I1012 16:43:47.231797 25830 naive_actor.cpp:25] actor 2199025352707 switch to &NaiveActor::HandlerNormal
I1012 16:43:47.231873 25793 runtime_context.cpp:29] DecreaseCounter constructing_actor_cnt, current val is 723
I1012 16:43:47.231915 25837 thread.cpp:96] Thread 1052672 construct Actor kNormalForward 2207613190156
I1012 16:43:47.232149 25772 runtime_context.cpp:29] DecreaseCounter constructing_actor_cnt, current val is 722
I1012 16:43:47.231308 25839 runtime_context.cpp:29] DecreaseCounter constructing_actor_cnt, current val is 725
I1012 16:43:47.230077 25800 runtime_context.cpp:29] DecreaseCounter constructing_actor_cnt, current val is 734
I1012 16:43:47.232539 25830 thread.cpp:96] Thread 1048577 construct Actor kSliceBoxing 2199025352707
I1012 16:43:47.232549 25791 runtime_context.cpp:29] DecreaseCounter constructing_actor_cnt, current val is 719
I1012 16:43:47.232829 25806 naive_actor.cpp:25] actor 1099614388234 switch to &NaiveActor::HandlerNormal
I1012 16:43:47.233326 25806 thread.cpp:96] Thread 524337 construct Actor kTick 1099614388234
I1012 16:43:47.232955 25828 naive_actor.cpp:25] actor 2199023255589 switch to &NaiveActor::HandlerNormal
I1012 16:43:47.233034 25839 naive_actor.cpp:25] actor 2207615287300 switch to &NaiveActor::HandlerNormal
I1012 16:43:47.233150 25830 runtime_context.cpp:29] DecreaseCounter constructing_actor_cnt, current val is 717
I1012 16:43:47.232868 25837 runtime_context.cpp:29] DecreaseCounter constructing_actor_cnt, current val is 718
I1012 16:43:47.233419 25806 runtime_context.cpp:29] DecreaseCounter constructing_actor_cnt, current val is 716
I1012 16:43:47.233439 25828 thread.cpp:96] Thread 1048576 construct Actor kNormalForward 2199023255589
I1012 16:43:47.233484 25839 thread.cpp:96] Thread 1052673 construct Actor kCopyHd 2207615287300
I1012 16:43:47.233700 25830 naive_actor.cpp:25] actor 2199025352706 switch to &NaiveActor::HandlerNormal
I1012 16:43:47.233701 25828 runtime_context.cpp:29] DecreaseCounter constructing_actor_cnt, current val is 715
I1012 16:43:47.233721 25839 runtime_context.cpp:29] DecreaseCounter constructing_actor_cnt, current val is 714
I1012 16:43:47.233760 25830 thread.cpp:96] Thread 1048577 construct Actor kSliceBoxing 2199025352706
I1012 16:43:47.234037 25830 runtime_context.cpp:29] DecreaseCounter constructing_actor_cnt, current val is 713
I1012 16:43:47.234256 25806 naive_actor.cpp:25] actor 1099614388237 switch to &NaiveActor::HandlerNormal
I1012 16:43:47.234257 25830 naive_actor.cpp:25] actor 2199025352709 switch to &NaiveActor::HandlerNormal
I1012 16:43:47.234344 25839 naive_actor.cpp:25] actor 2207615287297 switch to &NaiveActor::HandlerNormal
I1012 16:43:47.234334 25806 thread.cpp:96] Thread 524337 construct Actor kTick 1099614388237
I1012 16:43:47.234376 25830 thread.cpp:96] Thread 1048577 construct Actor kCopyHd 2199025352709
I1012 16:43:47.234421 25839 thread.cpp:96] Thread 1052673 construct Actor kSliceBoxing 2207615287297
I1012 16:43:47.234531 25830 runtime_context.cpp:29] DecreaseCounter constructing_actor_cnt, current val is 711
I1012 16:43:47.234515 25806 runtime_context.cpp:29] DecreaseCounter constructing_actor_cnt, current val is 712
I1012 16:43:47.234587 25839 runtime_context.cpp:29] DecreaseCounter constructing_actor_cnt, current val is 710
I1012 16:43:47.234954 25830 naive_actor.cpp:25] actor 2199025352705 switch to &NaiveActor::HandlerNormal
I1012 16:43:47.235030 25830 thread.cpp:96] Thread 1048577 construct Actor kSliceBoxing 2199025352705
I1012 16:43:47.235101 25830 runtime_context.cpp:29] DecreaseCounter constructing_actor_cnt, current val is 709
I1012 16:43:47.235106 25806 naive_actor.cpp:25] actor 1099614388242 switch to &NaiveActor::HandlerNormal
I1012 16:43:47.235121 25839 naive_actor.cpp:25] actor 2207615287298 switch to &NaiveActor::HandlerNormal
I1012 16:43:47.235195 25806 thread.cpp:96] Thread 524337 construct Actor kSrcSubsetTick 1099614388242
I1012 16:43:47.235247 25839 thread.cpp:96] Thread 1052673 construct Actor kSliceBoxing 2207615287298
I1012 16:43:47.235332 25828 naive_actor.cpp:25] actor 2199023255557 switch to &NaiveActor::HandlerNormal
I1012 16:43:47.235339 25806 runtime_context.cpp:29] DecreaseCounter constructing_actor_cnt, current val is 708
I1012 16:43:47.235380 25839 runtime_context.cpp:29] DecreaseCounter constructing_actor_cnt, current val is 707
I1012 16:43:47.235383 25828 thread.cpp:96] Thread 1048576 construct Actor kNormalForward 2199023255557
I1012 16:43:47.235445 25837 naive_actor.cpp:25] actor 2207613190149 switch to &NaiveActor::HandlerNormal
I1012 16:43:47.235531 25830 naive_actor.cpp:25] actor 2199025352704 switch to &NaiveActor::HandlerNormal
I1012 16:43:47.235647 25828 runtime_context.cpp:29] DecreaseCounter constructing_actor_cnt, current val is 706
I1012 16:43:47.235671 25837 thread.cpp:96] Thread 1052672 construct Actor kNormalForward 2207613190149
I1012 16:43:47.235724 25830 thread.cpp:96] Thread 1048577 construct Actor kSliceBoxing 2199025352704
I1012 16:43:47.235872 25837 runtime_context.cpp:29] DecreaseCounter constructing_actor_cnt, current val is 705
I1012 16:43:47.235884 25830 runtime_context.cpp:29] DecreaseCounter constructing_actor_cnt, current val is 704
I1012 16:43:47.235903 25839 naive_actor.cpp:25] actor 2207615287296 switch to &NaiveActor::HandlerNormal
I1012 16:43:47.235910 25806 naive_actor.cpp:25] actor 1099614388247 switch to &NaiveActor::HandlerNormal
I1012 16:43:47.236030 25839 thread.cpp:96] Thread 1052673 construct Actor kSliceBoxing 2207615287296
I1012 16:43:47.236064 25806 thread.cpp:96] Thread 524337 construct Actor kTick 1099614388247
I1012 16:43:47.236150 25839 runtime_context.cpp:29] DecreaseCounter constructing_actor_cnt, current val is 703
I1012 16:43:47.236203 25828 naive_actor.cpp:25] actor 2199023255559 switch to &NaiveActor::HandlerNormal
I1012 16:43:47.236215 25806 runtime_context.cpp:29] DecreaseCounter constructing_actor_cnt, current val is 702
I1012 16:43:47.236218 25830 naive_actor.cpp:25] actor 2199025352710 switch to &NaiveActor::HandlerNormal
I1012 16:43:47.236253 25828 thread.cpp:96] Thread 1048576 construct Actor kNormalForward 2199023255559
I1012 16:43:47.236335 25830 thread.cpp:96] Thread 1048577 construct Actor kCopyHd 2199025352710
I1012 16:43:47.236459 25828 runtime_context.cpp:29] DecreaseCounter constructing_actor_cnt, current val is 701
I1012 16:43:47.236466 25830 runtime_context.cpp:29] DecreaseCounter constructing_actor_cnt, current val is 700
I1012 16:43:47.236516 25839 naive_actor.cpp:25] actor 2207615287301 switch to &NaiveActor::HandlerNormal
I1012 16:43:47.236609 25839 thread.cpp:96] Thread 1052673 construct Actor kCopyHd 2207615287301
I1012 16:43:47.236697 25839 runtime_context.cpp:29] DecreaseCounter constructing_actor_cnt, current val is 699
I1012 16:43:47.236814 25830 naive_actor.cpp:25] actor 2199025352711 switch to &NaiveActor::HandlerNormal
I1012 16:43:47.236876 25830 thread.cpp:96] Thread 1048577 construct Actor kCopyHd 2199025352711
I1012 16:43:47.236934 25806 naive_actor.cpp:25] actor 1099614388235 switch to &NaiveActor::HandlerNormal
I1012 16:43:47.236948 25830 runtime_context.cpp:29] DecreaseCounter constructing_actor_cnt, current val is 698
I1012 16:43:47.236999 25806 thread.cpp:96] Thread 524337 construct Actor kDstSubsetTick 1099614388235
I1012 16:43:47.237082 25839 naive_actor.cpp:25] actor 2207615287302 switch to &NaiveActor::HandlerNormal
I1012 16:43:47.237119 25806 runtime_context.cpp:29] DecreaseCounter constructing_actor_cnt, current val is 697
I1012 16:43:47.237147 25839 thread.cpp:96] Thread 1052673 construct Actor kCopyHd 2207615287302
I1012 16:43:47.237253 25839 runtime_context.cpp:29] DecreaseCounter constructing_actor_cnt, current val is 696
I1012 16:43:47.237306 25837 naive_actor.cpp:25] actor 2207613190148 switch to &NaiveActor::HandlerNormal
I1012 16:43:47.237370 25837 thread.cpp:96] Thread 1052672 construct Actor kNormalForward 2207613190148
I1012 16:43:47.237502 25837 runtime_context.cpp:29] DecreaseCounter constructing_actor_cnt, current val is 695
I1012 16:43:47.237751 25806 naive_actor.cpp:25] actor 1099614388239 switch to &NaiveActor::HandlerNormal
I1012 16:43:47.237823 25806 thread.cpp:96] Thread 524337 construct Actor kTick 1099614388239
I1012 16:43:47.237898 25806 runtime_context.cpp:29] DecreaseCounter constructing_actor_cnt, current val is 694
I1012 16:43:47.237932 25828 naive_actor.cpp:25] actor 2199023255556 switch to &NaiveActor::HandlerNormal
I1012 16:43:47.238101 25828 thread.cpp:96] Thread 1048576 construct Actor kNormalForward 2199023255556
I1012 16:43:47.238212 25828 runtime_context.cpp:29] DecreaseCounter constructing_actor_cnt, current val is 693
I1012 16:43:47.238214 25837 naive_actor.cpp:25] actor 2207613190157 switch to &NaiveActor::HandlerNormal
I1012 16:43:47.238293 25837 thread.cpp:96] Thread 1052672 construct Actor kNormalForward 2207613190157
I1012 16:43:47.238368 25806 naive_actor.cpp:25] actor 1099614388226 switch to &NaiveActor::HandlerNormal
I1012 16:43:47.238387 25837 runtime_context.cpp:29] DecreaseCounter constructing_actor_cnt, current val is 692
I1012 16:43:47.238441 25806 thread.cpp:96] Thread 524337 construct Actor kDeviceTick 1099614388226
I1012 16:43:47.238569 25806 runtime_context.cpp:29] DecreaseCounter constructing_actor_cnt, current val is 691
I1012 16:43:47.239012 25806 naive_actor.cpp:25] actor 1099614388225 switch to &NaiveActor::HandlerNormal
I1012 16:43:47.239074 25806 thread.cpp:96] Thread 524337 construct Actor kDeviceTick 1099614388225
I1012 16:43:47.239157 25806 runtime_context.cpp:29] DecreaseCounter constructing_actor_cnt, current val is 690
I1012 16:43:47.239645 25806 naive_actor.cpp:25] actor 1099614388229 switch to &NaiveActor::HandlerNormal
I1012 16:43:47.239717 25806 thread.cpp:96] Thread 524337 construct Actor kSrcSubsetTick 1099614388229
I1012 16:43:47.239807 25806 runtime_context.cpp:29] DecreaseCounter constructing_actor_cnt, current val is 689
I1012 16:43:47.239953 25828 naive_actor.cpp:25] actor 2199023255555 switch to &NaiveActor::HandlerNormal
I1012 16:43:47.240017 25828 thread.cpp:96] Thread 1048576 construct Actor kNormalForward 2199023255555
I1012 16:43:47.240083 25828 runtime_context.cpp:29] DecreaseCounter constructing_actor_cnt, current val is 688
I1012 16:43:47.240120 25837 naive_actor.cpp:25] actor 2207613190165 switch to &NaiveActor::HandlerNormal
I1012 16:43:47.240186 25837 thread.cpp:96] Thread 1052672 construct Actor kNormalForward 2207613190165
I1012 16:43:47.240294 25837 runtime_context.cpp:29] DecreaseCounter constructing_actor_cnt, current val is 687
I1012 16:43:47.240787 25837 naive_actor.cpp:25] actor 2207613190146 switch to &NaiveActor::HandlerNormal
I1012 16:43:47.240862 25837 thread.cpp:96] Thread 1052672 construct Actor kNormalForward 2207613190146
I1012 16:43:47.240947 25837 runtime_context.cpp:29] DecreaseCounter constructing_actor_cnt, current val is 686
I1012 16:43:47.241055 25806 case_actor.cpp:76] actor 1099614388297 switch to &CaseActor::HandlerNormal
I1012 16:43:47.241123 25806 thread.cpp:96] Thread 524337 construct Actor kCase 1099614388297
I1012 16:43:47.241235 25806 runtime_context.cpp:29] DecreaseCounter constructing_actor_cnt, current val is 685
I1012 16:43:47.241523 25837 naive_actor.cpp:25] actor 2207613190151 switch to &NaiveActor::HandlerNormal
I1012 16:43:47.241587 25837 thread.cpp:96] Thread 1052672 construct Actor kNormalForward 2207613190151
I1012 16:43:47.241663 25828 naive_actor.cpp:25] actor 2199023255564 switch to &NaiveActor::HandlerNormal
I1012 16:43:47.241664 25837 runtime_context.cpp:29] DecreaseCounter constructing_actor_cnt, current val is 684
I1012 16:43:47.241709 25806 naive_actor.cpp:25] actor 1099614388246 switch to &NaiveActor::HandlerNormal
I1012 16:43:47.241734 25828 thread.cpp:96] Thread 1048576 construct Actor kNormalForward 2199023255564
I1012 16:43:47.241830 25806 thread.cpp:96] Thread 524337 construct Actor kTick 1099614388246
I1012 16:43:47.241955 25806 runtime_context.cpp:29] DecreaseCounter constructing_actor_cnt, current val is 683
I1012 16:43:47.241959 25828 runtime_context.cpp:29] DecreaseCounter constructing_actor_cnt, current val is 682
I1012 16:43:47.242136 25837 naive_actor.cpp:25] actor 2207613190155 switch to &NaiveActor::HandlerNormal
I1012 16:43:47.242197 25837 thread.cpp:96] Thread 1052672 construct Actor kNormalForward 2207613190155
I1012 16:43:47.242288 25837 runtime_context.cpp:29] DecreaseCounter constructing_actor_cnt, current val is 681
I1012 16:43:47.242422 25806 naive_actor.cpp:25] actor 1099614388238 switch to &NaiveActor::HandlerNormal
I1012 16:43:47.242545 25806 thread.cpp:96] Thread 524337 construct Actor kTick 1099614388238
I1012 16:43:47.242592 25828 naive_actor.cpp:25] actor 2199023255563 switch to &NaiveActor::HandlerNormal
I1012 16:43:47.242638 25806 runtime_context.cpp:29] DecreaseCounter constructing_actor_cnt, current val is 680
I1012 16:43:47.242651 25828 thread.cpp:96] Thread 1048576 construct Actor kNormalForward 2199023255563
I1012 16:43:47.242750 25828 runtime_context.cpp:29] DecreaseCounter constructing_actor_cnt, current val is 679
I1012 16:43:47.243140 25806 naive_actor.cpp:25] actor 1099614388319 switch to &NaiveActor::HandlerNormal
I1012 16:43:47.243207 25806 thread.cpp:96] Thread 524337 construct Actor kTick 1099614388319
I1012 16:43:47.243292 25806 runtime_context.cpp:29] DecreaseCounter constructing_actor_cnt, current val is 678
I1012 16:43:47.243628 25837 naive_actor.cpp:25] actor 2207613190150 switch to &NaiveActor::HandlerNormal
I1012 16:43:47.243693 25837 thread.cpp:96] Thread 1052672 construct Actor kNormalForward 2207613190150
I1012 16:43:47.243783 25806 naive_actor.cpp:25] actor 1099614388245 switch to &NaiveActor::HandlerNormal
I1012 16:43:47.243788 25837 runtime_context.cpp:29] DecreaseCounter constructing_actor_cnt, current val is 677
I1012 16:43:47.243849 25806 thread.cpp:96] Thread 524337 construct Actor kDstSubsetTick 1099614388245
I1012 16:43:47.243968 25806 runtime_context.cpp:29] DecreaseCounter constructing_actor_cnt, current val is 676
I1012 16:43:47.244199 25828 naive_actor.cpp:25] actor 2199023255560 switch to &NaiveActor::HandlerNormal
I1012 16:43:47.244263 25828 thread.cpp:96] Thread 1048576 construct Actor kNormalForward 2199023255560
I1012 16:43:47.244376 25828 runtime_context.cpp:29] DecreaseCounter constructing_actor_cnt, current val is 675
I1012 16:43:47.244413 25806 naive_actor.cpp:25] actor 1099614388227 switch to &NaiveActor::HandlerNormal
I1012 16:43:47.244477 25806 thread.cpp:96] Thread 524337 construct Actor kDeviceTick 1099614388227
I1012 16:43:47.244565 25806 runtime_context.cpp:29] DecreaseCounter constructing_actor_cnt, current val is 674
I1012 16:43:47.245043 25806 naive_actor.cpp:25] actor 1099614388224 switch to &NaiveActor::HandlerNormal
I1012 16:43:47.245106 25806 thread.cpp:96] Thread 524337 construct Actor kDeviceTick 1099614388224
I1012 16:43:47.245200 25806 runtime_context.cpp:29] DecreaseCounter constructing_actor_cnt, current val is 673
I1012 16:43:47.245625 25806 naive_actor.cpp:25] actor 1099614388228 switch to &NaiveActor::HandlerNormal
I1012 16:43:47.245692 25806 thread.cpp:96] Thread 524337 construct Actor kDeviceTick 1099614388228
I1012 16:43:47.245751 25828 naive_actor.cpp:25] actor 2199023255558 switch to &NaiveActor::HandlerNormal
I1012 16:43:47.245764 25806 runtime_context.cpp:29] DecreaseCounter constructing_actor_cnt, current val is 672
I1012 16:43:47.245803 25828 thread.cpp:96] Thread 1048576 construct Actor kNormalForward 2199023255558
I1012 16:43:47.245934 25828 runtime_context.cpp:29] DecreaseCounter constructing_actor_cnt, current val is 671
I1012 16:43:47.246207 25837 naive_actor.cpp:25] actor 2207613190144 switch to &NaiveActor::HandlerNormal
I1012 16:43:47.246230 25806 naive_actor.cpp:25] actor 1099614388244 switch to &NaiveActor::HandlerNormal
I1012 16:43:47.246276 25837 thread.cpp:96] Thread 1052672 construct Actor kNormalForward 2207613190144
I1012 16:43:47.246327 25806 thread.cpp:96] Thread 524337 construct Actor kTick 1099614388244
I1012 16:43:47.246510 25837 runtime_context.cpp:29] DecreaseCounter constructing_actor_cnt, current val is 670
I1012 16:43:47.246512 25806 runtime_context.cpp:29] DecreaseCounter constructing_actor_cnt, current val is 669
I1012 16:43:47.246897 25828 naive_actor.cpp:25] actor 2199023255553 switch to &NaiveActor::HandlerNormal
I1012 16:43:47.246959 25828 thread.cpp:96] Thread 1048576 construct Actor kNormalForward 2199023255553
I1012 16:43:47.247020 25828 runtime_context.cpp:29] DecreaseCounter constructing_actor_cnt, current val is 668
I1012 16:43:47.247016 25806 naive_actor.cpp:25] actor 1099614388248 switch to &NaiveActor::HandlerNormal
I1012 16:43:47.247232 25806 thread.cpp:96] Thread 524337 construct Actor kTick 1099614388248
I1012 16:43:47.247367 25806 runtime_context.cpp:29] DecreaseCounter constructing_actor_cnt, current val is 667
I1012 16:43:47.248106 25806 naive_actor.cpp:25] actor 1099614388254 switch to &NaiveActor::HandlerNormal
I1012 16:43:47.248170 25806 thread.cpp:96] Thread 524337 construct Actor kDstSubsetTick 1099614388254
I1012 16:43:47.248261 25806 runtime_context.cpp:29] DecreaseCounter constructing_actor_cnt, current val is 666
I1012 16:43:47.248448 25837 naive_actor.cpp:25] actor 2207613190168 switch to &NaiveActor::HandlerNormal
I1012 16:43:47.248530 25837 thread.cpp:96] Thread 1052672 construct Actor kNormalForward 2207613190168
