Log file created at: 2021/10/13 17:01:15
Running on machine: oneflow-14
Log line format: [IWEF]mmdd hh:mm:ss.uuuuuu threadid file:line] msg
I1013 17:01:15.225797 40137 global.h:36] NewGlobal 14cudaDeviceProp
I1013 17:01:15.227298 40137 global.h:36] NewGlobal N7oneflow7EnvDescE
I1013 17:01:15.227327 40137 global.h:36] NewGlobal N7oneflow10ProcessCtxE
I1013 17:01:15.227350 40137 env_global_objects_scope.cpp:152] using rpc backend: local
I1013 17:01:15.227442 40137 global.h:36] NewGlobal N7oneflow12ResourceDescE
I1013 17:01:15.227468 40137 global.h:36] NewGlobal N7oneflow12ResourceDescE
I1013 17:01:15.514904 40137 global.h:36] NewGlobal N7oneflow10ThreadPoolE
I1013 17:01:15.516650 40137 global.h:36] NewGlobal N7oneflow16EagerNcclCommMgrE
I1013 17:01:15.516685 40137 global.h:36] NewGlobal N7oneflow18CudnnConvAlgoCacheE
I1013 17:01:15.516700 40137 global.h:36] NewGlobal N7oneflow2vm19VirtualMachineScopeE
I1013 17:01:15.516713 40137 global.h:36] NewGlobal N7oneflow9OneflowVME
I1013 17:01:15.517693 40137 oneflow_vm.cpp:75] transport stream type: N7oneflow2vm13CpuStreamTypeE
I1013 17:01:15.517719 40137 oneflow_vm.cpp:75] transport stream type: N7oneflow2vm14CudaStreamTypeE
I1013 17:01:15.517730 40137 oneflow_vm.cpp:75] transport stream type: N7oneflow2vm19AsyncCudaStreamTypeE
I1013 17:01:15.517875 40137 global.h:36] NewGlobal N7oneflow27EagerJobBuildAndInferCtxMgrE
I1013 17:01:15.517896 40137 global.h:36] NewGlobal N7oneflow12EpollCommNetE
I1013 17:01:15.518074 40137 epoll_comm_network.cpp:63] CommNet:Epoll listening on 0.0.0.0:40182
I1013 17:01:15.518129 40137 epoll_comm_network.cpp:197] machine 0 sockfd -1
I1013 17:01:15.518262 40137 global.h:36] NewGlobal N7oneflow9TransportE
I1013 17:01:15.520288 40137 global.h:43] DeleteGlobal N7oneflow12ResourceDescE
I1013 17:01:15.520329 40137 version.cpp:22] OneFlow git version: b295ca2324
I1013 17:01:15.520352 40137 device_register_gpu.cpp:56] CUDA runtime version: 11.2
I1013 17:01:15.520388 40137 device_register_gpu.cpp:65] cuDNN version: 8.1.1
I1013 17:01:15.520403 40137 device_register_gpu.cpp:78] NCCL version: 2.9.8
I1013 17:01:15.520416 40137 global.h:36] NewGlobal N7oneflow12ResourceDescE
I1013 17:01:15.520429 40137 global.h:36] NewGlobal N7oneflow5IDMgrE
I1013 17:01:15.520442 40137 global.h:36] NewGlobal N7oneflow16AvailableMemDescE
I1013 17:01:15.520478 40137 global.h:36] NewGlobal St13unordered_mapISslSt4hashISsESt8equal_toISsESaISt4pairIKSslEEE
I1013 17:01:15.520490 40137 global.h:36] NewGlobal N7oneflow19CriticalSectionDescE
I1013 17:01:15.520500 40137 global.h:36] NewGlobal N7oneflow16InterUserJobInfoE
I1013 17:01:15.520514 40137 global.h:36] NewGlobal N7oneflow26LazyJobBuildAndInferCtxMgrE
I1013 17:01:15.520524 40137 global.h:36] NewGlobal N7oneflow16JobSetCompileCtxE
I1013 17:01:15.520536 40137 global.h:36] NewGlobal N7oneflow26RuntimeBufferManagersScopeE
I1013 17:01:15.520547 40137 global.h:36] NewGlobal N7oneflow9BufferMgrIlEE
I1013 17:01:15.520558 40137 global.h:36] NewGlobal N7oneflow9BufferMgrISt10shared_ptrINS_11JobInstanceEEEE
I1013 17:01:15.520578 40137 global.h:36] NewGlobal N7oneflow10RuntimeCtxE
I1013 17:01:15.520589 40137 global.h:36] NewGlobal N7oneflow15MemoryAllocatorE
I1013 17:01:15.520601 40137 global.h:36] NewGlobal N7oneflow8ChunkMgrE
I1013 17:01:15.520610 40137 global.h:36] NewGlobal N7oneflow8RegstMgrE
I1013 17:01:15.520622 40137 global.h:36] NewGlobal N7oneflow11ActorMsgBusE
I1013 17:01:15.520632 40137 global.h:36] NewGlobal N7oneflow9ThreadMgrE
I1013 17:01:15.520642 40137 global.h:36] NewGlobal N7oneflow15RuntimeJobDescsE
I1013 17:01:15.520651 40137 global.h:36] NewGlobal N7oneflow7summary12EventsWriterE
I1013 17:01:15.520665 40137 global.h:36] NewGlobal N7oneflow6boxing10collective24CollectiveBoxingExecutorE
I1013 17:01:15.520676 40137 global.h:36] NewGlobal N7oneflow6boxing10collective31CollectiveBoxingDeviceCtxPollerE
I1013 17:01:15.520826 40137 session.h:77] NewGlobal N7oneflow25SessionGlobalObjectsScopeE
I1013 17:01:15.521857 40137 global.h:36] NewGlobal N7oneflow7JobDescE
I1013 17:01:16.868235 40137 global.h:43] DeleteGlobal N7oneflow7JobDescE
I1013 17:01:16.868631 40137 global.h:36] NewGlobal N7oneflow7JobDescE
I1013 17:01:16.877808 40137 global.h:36] NewGlobal N7oneflow7OpGraphE
I1013 17:01:16.897724 40137 global.h:43] DeleteGlobal N7oneflow7OpGraphE
I1013 17:01:17.832597 40137 global.h:43] DeleteGlobal N7oneflow7JobDescE
I1013 17:01:17.925163 40137 global.h:36] NewGlobal N7oneflow24InterJobReuseMemStrategyE
I1013 17:01:17.925320 40137 global.h:36] NewGlobal N7oneflow7OneflowE
I1013 17:01:17.986981 40137 global.h:36] NewGlobal N7oneflow7JobDescE
I1013 17:01:18.898578 40137 insert_nccl_logical_op_pass.cpp:663]  Try insert nccl logical ops into job: train_job. Begin...
I1013 17:01:18.900631 40137 insert_nccl_logical_op_pass.cpp:432]  insert nccl op: System-NCCL-Logical-S2B-114 from: [IdentityN_5](order=0, nd_sbp=[S(0)])->[ParallelCast_6](order=2, nd_sbp=[B]) and before: [System-Boxing-Identity-93](order=1)
I1013 17:01:18.900961 40137 insert_nccl_logical_op_pass.cpp:432]  insert nccl op: System-NCCL-Logical-S2B-115 from: [IdentityN_5](order=0, nd_sbp=[S(0)])->[ParallelCast_11](order=3, nd_sbp=[B]) and before: [System-Boxing-Identity-93](order=1)
I1013 17:01:18.901350 40137 insert_nccl_logical_op_pass.cpp:432]  insert nccl op: System-NCCL-Logical-S2S-116 from: [Gather_12](order=5, nd_sbp=[S(2)])->[Reshape_14](order=7, nd_sbp=[S(0)]) and before: [Reshape_8](order=6)
I1013 17:01:18.901641 40137 insert_nccl_logical_op_pass.cpp:432]  insert nccl op: System-NCCL-Logical-P2S-117 from: [ReduceSum_9](order=8, nd_sbp=[P])->[AddN_23](order=47, nd_sbp=[S(0)]) and before: [Concat_15](order=9)
I1013 17:01:18.903152 40137 insert_nccl_logical_op_pass.cpp:432]  insert nccl op: System-NCCL-Logical-S2B-118 from: [SigmoidCrossEntropy_24_grad](order=51, nd_sbp=[S(0)])->[ReduceSum_9_grad](order=56, nd_sbp=[B]) and before: [ScalarMul_26](order=52)
I1013 17:01:18.903360 40137 insert_nccl_logical_op_pass.cpp:432]  insert nccl op: System-NCCL-Logical-P2B-119 from: [deep_scores-matmul_grad_b](order=53, nd_sbp=[P])->[System-ModelDiffScale-ScalarMul_66](order=57, nd_sbp=[B]) and before: [deep_scores-matmul_grad_a](order=54)
I1013 17:01:18.903575 40137 insert_nccl_logical_op_pass.cpp:432]  insert nccl op: System-NCCL-Logical-P2B-120 from: [deep_scores-bias_add_grad](order=55, nd_sbp=[P])->[System-ModelDiffScale-ScalarMul_78](order=60, nd_sbp=[B]) and before: [ReduceSum_9_grad](order=56)
I1013 17:01:18.903947 40137 insert_nccl_logical_op_pass.cpp:432]  insert nccl op: System-NCCL-Logical-P2B-121 from: [fc6-matmul_grad_b](order=65, nd_sbp=[P])->[System-ModelDiffScale-ScalarMul_70](order=69, nd_sbp=[B]) and before: [fc6-bias_add_grad](order=66)
I1013 17:01:18.904129 40137 insert_nccl_logical_op_pass.cpp:432]  insert nccl op: System-NCCL-Logical-P2B-122 from: [fc6-bias_add_grad](order=66, nd_sbp=[P])->[System-ModelDiffScale-ScalarMul_69](order=70, nd_sbp=[B]) and before: [fc6-matmul_grad_a](order=67)
I1013 17:01:18.904453 40137 insert_nccl_logical_op_pass.cpp:432]  insert nccl op: System-NCCL-Logical-P2B-123 from: [fc5-bias_add_grad](order=76, nd_sbp=[P])->[System-ModelDiffScale-ScalarMul_71](order=79, nd_sbp=[B]) and before: [fc5-matmul_grad_b](order=77)
I1013 17:01:18.904634 40137 insert_nccl_logical_op_pass.cpp:432]  insert nccl op: System-NCCL-Logical-P2B-124 from: [fc5-matmul_grad_b](order=77, nd_sbp=[P])->[System-ModelDiffScale-ScalarMul_68](order=80, nd_sbp=[B]) and before: [fc5-matmul_grad_a](order=78)
I1013 17:01:18.904937 40137 insert_nccl_logical_op_pass.cpp:432]  insert nccl op: System-NCCL-Logical-P2B-125 from: [fc4-matmul_grad_b](order=85, nd_sbp=[P])->[System-ModelDiffScale-ScalarMul_74](order=88, nd_sbp=[B]) and before: [fc4-bias_add_grad](order=86)
I1013 17:01:18.905117 40137 insert_nccl_logical_op_pass.cpp:432]  insert nccl op: System-NCCL-Logical-P2B-126 from: [fc4-bias_add_grad](order=86, nd_sbp=[P])->[System-ModelDiffScale-ScalarMul_79](order=89, nd_sbp=[B]) and before: [fc4-matmul_grad_a](order=87)
I1013 17:01:18.905403 40137 insert_nccl_logical_op_pass.cpp:432]  insert nccl op: System-NCCL-Logical-P2B-127 from: [fc3-matmul_grad_b](order=94, nd_sbp=[P])->[System-ModelDiffScale-ScalarMul_67](order=97, nd_sbp=[B]) and before: [fc3-bias_add_grad](order=95)
I1013 17:01:18.905771 40137 insert_nccl_logical_op_pass.cpp:432]  insert nccl op: System-NCCL-Logical-P2B-128 from: [fc3-bias_add_grad](order=95, nd_sbp=[P])->[System-ModelDiffScale-ScalarMul_82](order=98, nd_sbp=[B]) and before: [fc3-matmul_grad_a](order=96)
I1013 17:01:18.906070 40137 insert_nccl_logical_op_pass.cpp:432]  insert nccl op: System-NCCL-Logical-P2B-129 from: [fc2-matmul_grad_b](order=103, nd_sbp=[P])->[System-ModelDiffScale-ScalarMul_77](order=106, nd_sbp=[B]) and before: [fc2-bias_add_grad](order=104)
I1013 17:01:18.906240 40137 insert_nccl_logical_op_pass.cpp:432]  insert nccl op: System-NCCL-Logical-P2B-130 from: [fc2-bias_add_grad](order=104, nd_sbp=[P])->[System-ModelDiffScale-ScalarMul_73](order=107, nd_sbp=[B]) and before: [fc2-matmul_grad_a](order=105)
I1013 17:01:18.906538 40137 insert_nccl_logical_op_pass.cpp:432]  insert nccl op: System-NCCL-Logical-P2B-131 from: [fc1-matmul_grad_b](order=112, nd_sbp=[P])->[System-ModelDiffScale-ScalarMul_81](order=115, nd_sbp=[B]) and before: [fc1-bias_add_grad](order=113)
I1013 17:01:18.906718 40137 insert_nccl_logical_op_pass.cpp:432]  insert nccl op: System-NCCL-Logical-P2B-132 from: [fc1-bias_add_grad](order=113, nd_sbp=[P])->[System-ModelDiffScale-ScalarMul_65](order=116, nd_sbp=[B]) and before: [fc1-matmul_grad_a](order=114)
I1013 17:01:18.907022 40137 insert_nccl_logical_op_pass.cpp:432]  insert nccl op: System-NCCL-Logical-P2B-133 from: [fc0-matmul_grad_b](order=121, nd_sbp=[P])->[System-ModelDiffScale-ScalarMul_75](order=124, nd_sbp=[B]) and before: [fc0-bias_add_grad](order=122)
I1013 17:01:18.907194 40137 insert_nccl_logical_op_pass.cpp:432]  insert nccl op: System-NCCL-Logical-P2B-134 from: [fc0-bias_add_grad](order=122, nd_sbp=[P])->[System-ModelDiffScale-ScalarMul_72](order=125, nd_sbp=[B]) and before: [fc0-matmul_grad_a](order=123)
I1013 17:01:18.907477 40137 insert_nccl_logical_op_pass.cpp:432]  insert nccl op: System-NCCL-Logical-S2S-135 from: [Reshape_14_grad](order=129, nd_sbp=[S(0)])->[Gather_12_grad](order=130, nd_sbp=[S(2)]) and before: [Gather_12_grad](order=130)
I1013 17:01:18.907624 40137 insert_nccl_logical_op_pass.cpp:699]  Try insert nccl logical ops into job: train_job. ...End

I1013 17:01:19.142544 40137 global.h:36] NewGlobal N7oneflow7OpGraphE
I1013 17:01:19.453497 40137 global.h:43] DeleteGlobal N7oneflow7OpGraphE
I1013 17:01:19.499680 40137 oneflow.cpp:210] 
job_id: 0 , job_name: train_job , compile time: 1.51229 seconds.
I1013 17:01:19.696391 40137 global.h:43] DeleteGlobal N7oneflow7JobDescE
I1013 17:01:19.697721 40137 global.h:36] NewGlobal N7oneflow7JobDescE
I1013 17:01:19.820415 40137 global.h:36] NewGlobal N7oneflow7OpGraphE
I1013 17:01:19.864591 40137 global.h:43] DeleteGlobal N7oneflow7OpGraphE
I1013 17:01:19.870064 40137 oneflow.cpp:210] 
job_id: 1 , job_name: System-ModelInit , compile time: 0.170108 seconds.
I1013 17:01:19.903793 40137 global.h:43] DeleteGlobal N7oneflow7JobDescE
I1013 17:01:19.903951 40137 global.h:36] NewGlobal N7oneflow7JobDescE
I1013 17:01:20.012969 40137 global.h:36] NewGlobal N7oneflow7OpGraphE
I1013 17:01:20.070084 40137 global.h:43] DeleteGlobal N7oneflow7OpGraphE
I1013 17:01:20.076159 40137 oneflow.cpp:210] 
job_id: 2 , job_name: System-ModelLoad , compile time: 0.172113 seconds.
I1013 17:01:20.112790 40137 global.h:43] DeleteGlobal N7oneflow7JobDescE
I1013 17:01:20.112952 40137 global.h:36] NewGlobal N7oneflow7JobDescE
I1013 17:01:20.205440 40137 global.h:36] NewGlobal N7oneflow7OpGraphE
I1013 17:01:20.248092 40137 global.h:43] DeleteGlobal N7oneflow7OpGraphE
I1013 17:01:20.253327 40137 oneflow.cpp:210] 
job_id: 3 , job_name: System-ModelSave , compile time: 0.140281 seconds.
I1013 17:01:20.285323 40137 global.h:43] DeleteGlobal N7oneflow7JobDescE
I1013 17:01:20.285481 40137 global.h:36] NewGlobal N7oneflow7JobDescE
I1013 17:01:20.304003 40137 global.h:36] NewGlobal N7oneflow7OpGraphE
I1013 17:01:20.348341 40137 global.h:43] DeleteGlobal N7oneflow7OpGraphE
I1013 17:01:20.350706 40137 oneflow.cpp:210] 
job_id: 4 , job_name: System-Pull-Return_27 , compile time: 0.0651136 seconds.
I1013 17:01:20.359697 40137 global.h:43] DeleteGlobal N7oneflow7JobDescE
I1013 17:01:20.374264 40137 global.h:36] NewGlobal N7oneflow7JobDescE
I1013 17:01:20.374428 40137 global.h:36] NewGlobal N7oneflow7OpGraphE
I1013 17:01:20.400348 40137 global.h:43] DeleteGlobal N7oneflow7OpGraphE
I1013 17:01:20.403962 40137 oneflow.cpp:210] 
job_id: 5 , job_name: MainJob-unamed , compile time: 0.0295616 seconds.
I1013 17:01:20.431293 40137 global.h:43] DeleteGlobal N7oneflow7JobDescE
I1013 17:01:20.443179 40137 plan_util.cpp:928]  Plan: merged_plan needs to allocate [ 723.271 MiB ] device memory in Rank: 0 , Device: 0
I1013 17:01:20.455618 40137 plan_util.cpp:928]  Plan: merged_plan needs to allocate [ 723.27 MiB ] device memory in Rank: 0 , Device: 1
I1013 17:01:20.841368 40137 oneflow.cpp:998]  PushPlan merged_plan time: 0.0516221 seconds.
I1013 17:01:20.997818 40137 oneflow.cpp:1014]  PullPlan merged_plan time: 0.122073 seconds.
I1013 17:01:28.147466 40137 runtime_context.cpp:21] NewCounter constructing_actor_cnt 769
I1013 17:01:28.148993 42082 naive_actor.cpp:25] actor 2199023255722 switch to &NaiveActor::HandlerNormal
I1013 17:01:28.148996 41971 naive_actor.cpp:25] actor 1099614388238 switch to &NaiveActor::HandlerNormal
I1013 17:01:28.149119 42082 thread.cpp:96] Thread 1048576 construct Actor kDeviceTick 2199023255722
I1013 17:01:28.149123 41972 wait_and_send_ids_actor.cpp:53] actor 1099616485376 switch to &WaitAndSendIdsActor::HandlerWaitToStart
I1013 17:01:28.149195 41971 thread.cpp:96] Thread 524337 construct Actor kDeviceTick 1099614388238
I1013 17:01:28.149324 41972 thread.cpp:96] Thread 524338 construct Actor kWaitAndSendIds 1099616485376
I1013 17:01:28.149333 42082 runtime_context.cpp:29] DecreaseCounter constructing_actor_cnt, current val is 768
I1013 17:01:28.149479 41971 runtime_context.cpp:29] DecreaseCounter constructing_actor_cnt, current val is 767
I1013 17:01:28.149518 41972 runtime_context.cpp:29] DecreaseCounter constructing_actor_cnt, current val is 766
I1013 17:01:28.149724 42082 naive_actor.cpp:25] actor 2199023255783 switch to &NaiveActor::HandlerNormal
I1013 17:01:28.149792 42082 thread.cpp:96] Thread 1048576 construct Actor kDeviceTick 2199023255783
I1013 17:01:28.149844 41971 naive_actor.cpp:25] actor 1099614388230 switch to &NaiveActor::HandlerNormal
I1013 17:01:28.149894 42082 runtime_context.cpp:29] DecreaseCounter constructing_actor_cnt, current val is 765
I1013 17:01:28.149914 41971 thread.cpp:96] Thread 524337 construct Actor kDeviceTick 1099614388230
I1013 17:01:28.150084 41971 runtime_context.cpp:29] DecreaseCounter constructing_actor_cnt, current val is 764
I1013 17:01:28.150161 42082 naive_actor.cpp:25] actor 2199023255822 switch to &NaiveActor::HandlerNormal
I1013 17:01:28.150225 42082 thread.cpp:96] Thread 1048576 construct Actor kDeviceTick 2199023255822
I1013 17:01:28.150311 42082 runtime_context.cpp:29] DecreaseCounter constructing_actor_cnt, current val is 763
I1013 17:01:28.150337 41971 naive_actor.cpp:25] actor 1099614388229 switch to &NaiveActor::HandlerNormal
I1013 17:01:28.150434 41971 thread.cpp:96] Thread 524337 construct Actor kDeviceTick 1099614388229
I1013 17:01:28.150527 41971 runtime_context.cpp:29] DecreaseCounter constructing_actor_cnt, current val is 762
I1013 17:01:28.150576 42082 naive_actor.cpp:25] actor 2199023255861 switch to &NaiveActor::HandlerNormal
I1013 17:01:28.150650 42082 thread.cpp:96] Thread 1048576 construct Actor kDeviceTick 2199023255861
I1013 17:01:28.150738 42082 runtime_context.cpp:29] DecreaseCounter constructing_actor_cnt, current val is 761
I1013 17:01:28.150768 41971 naive_actor.cpp:25] actor 1099614388228 switch to &NaiveActor::HandlerNormal
I1013 17:01:28.150866 41971 thread.cpp:96] Thread 524337 construct Actor kDeviceTick 1099614388228
I1013 17:01:28.150947 41971 runtime_context.cpp:29] DecreaseCounter constructing_actor_cnt, current val is 760
I1013 17:01:28.151187 41971 naive_actor.cpp:25] actor 1099614388239 switch to &NaiveActor::HandlerNormal
I1013 17:01:28.151255 41971 thread.cpp:96] Thread 524337 construct Actor kDeviceTick 1099614388239
I1013 17:01:28.151542 41971 runtime_context.cpp:29] DecreaseCounter constructing_actor_cnt, current val is 759
I1013 17:01:28.151810 41971 naive_actor.cpp:25] actor 1099614388249 switch to &NaiveActor::HandlerNormal
I1013 17:01:28.151881 41971 thread.cpp:96] Thread 524337 construct Actor kDeviceTick 1099614388249
I1013 17:01:28.151968 41971 runtime_context.cpp:29] DecreaseCounter constructing_actor_cnt, current val is 758
I1013 17:01:28.152191 41971 naive_actor.cpp:25] actor 1099614388258 switch to &NaiveActor::HandlerNormal
I1013 17:01:28.152256 41971 thread.cpp:96] Thread 524337 construct Actor kDeviceTick 1099614388258
I1013 17:01:28.152341 41971 runtime_context.cpp:29] DecreaseCounter constructing_actor_cnt, current val is 757
I1013 17:01:28.152544 42276 naive_actor.cpp:25] actor 2207613190314 switch to &NaiveActor::HandlerNormal
I1013 17:01:28.152588 41971 naive_actor.cpp:25] actor 1099614388267 switch to &NaiveActor::HandlerNormal
I1013 17:01:28.155444 42276 thread.cpp:96] Thread 1052672 construct Actor kDeviceTick 2207613190314
I1013 17:01:28.155580 41971 thread.cpp:96] Thread 524337 construct Actor kDeviceTick 1099614388267
I1013 17:01:28.155694 42276 runtime_context.cpp:29] DecreaseCounter constructing_actor_cnt, current val is 756
I1013 17:01:28.155719 41971 runtime_context.cpp:29] DecreaseCounter constructing_actor_cnt, current val is 755
I1013 17:01:28.156072 41971 naive_actor.cpp:25] actor 1099614388284 switch to &NaiveActor::HandlerNormal
I1013 17:01:28.156076 42276 naive_actor.cpp:25] actor 2207613190375 switch to &NaiveActor::HandlerNormal
I1013 17:01:28.156143 41971 thread.cpp:96] Thread 524337 construct Actor kDeviceTick 1099614388284
I1013 17:01:28.156198 42276 thread.cpp:96] Thread 1052672 construct Actor kDeviceTick 2207613190375
I1013 17:01:28.156277 41971 runtime_context.cpp:29] DecreaseCounter constructing_actor_cnt, current val is 754
I1013 17:01:28.156313 42276 runtime_context.cpp:29] DecreaseCounter constructing_actor_cnt, current val is 753
I1013 17:01:28.156549 41971 naive_actor.cpp:25] actor 1099614388276 switch to &NaiveActor::HandlerNormal
I1013 17:01:28.156558 42276 naive_actor.cpp:25] actor 2207613190414 switch to &NaiveActor::HandlerNormal
I1013 17:01:28.156631 41971 thread.cpp:96] Thread 524337 construct Actor kDeviceTick 1099614388276
I1013 17:01:28.156682 42276 thread.cpp:96] Thread 1052672 construct Actor kDeviceTick 2207613190414
I1013 17:01:28.156759 41971 runtime_context.cpp:29] DecreaseCounter constructing_actor_cnt, current val is 752
I1013 17:01:28.156788 42276 runtime_context.cpp:29] DecreaseCounter constructing_actor_cnt, current val is 751
I1013 17:01:28.157011 41971 naive_actor.cpp:25] actor 1099614388285 switch to &NaiveActor::HandlerNormal
I1013 17:01:28.157034 42276 naive_actor.cpp:25] actor 2207613190453 switch to &NaiveActor::HandlerNormal
I1013 17:01:28.157085 41971 thread.cpp:96] Thread 524337 construct Actor kDeviceTick 1099614388285
I1013 17:01:28.157133 42276 thread.cpp:96] Thread 1052672 construct Actor kDeviceTick 2207613190453
I1013 17:01:28.157202 41971 runtime_context.cpp:29] DecreaseCounter constructing_actor_cnt, current val is 750
I1013 17:01:28.157236 42276 runtime_context.cpp:29] DecreaseCounter constructing_actor_cnt, current val is 749
I1013 17:01:28.157455 41971 naive_actor.cpp:25] actor 1099614388287 switch to &NaiveActor::HandlerNormal
I1013 17:01:28.157523 41971 thread.cpp:96] Thread 524337 construct Actor kDeviceTick 1099614388287
I1013 17:01:28.157606 41971 runtime_context.cpp:29] DecreaseCounter constructing_actor_cnt, current val is 748
I1013 17:01:28.192998 41942 naive_actor.cpp:25] actor 1099511627776 switch to &NaiveActor::HandlerNormal
I1013 17:01:28.193158 41942 thread.cpp:96] Thread 524288 construct Actor kNormalForward 1099511627776
I1013 17:01:28.193327 41942 runtime_context.cpp:29] DecreaseCounter constructing_actor_cnt, current val is 747
I1013 17:01:28.194438 41948 naive_actor.cpp:25] actor 1099524210688 switch to &NaiveActor::HandlerNormal
I1013 17:01:28.194525 41962 naive_actor.cpp:25] actor 1099553570816 switch to &NaiveActor::HandlerNormal
I1013 17:01:28.194639 41966 naive_actor.cpp:25] actor 1099561959424 switch to &NaiveActor::HandlerNormal
I1013 17:01:28.194443 41952 naive_actor.cpp:25] actor 1099532599296 switch to &NaiveActor::HandlerNormal
I1013 17:01:28.194782 41959 naive_actor.cpp:25] actor 1099547279360 switch to &NaiveActor::HandlerNormal
I1013 17:01:28.194551 41944 naive_actor.cpp:25] actor 1099515822080 switch to &NaiveActor::HandlerNormal
I1013 17:01:28.194563 41954 naive_actor.cpp:25] actor 1099536793600 switch to &NaiveActor::HandlerNormal
I1013 17:01:28.194998 42087 naive_actor.cpp:25] actor 2199027449856 switch to &NaiveActor::HandlerNormal
I1013 17:01:28.194633 41945 naive_actor.cpp:25] actor 1099517919232 switch to &NaiveActor::HandlerNormal
I1013 17:01:28.194660 41960 naive_actor.cpp:25] actor 1099549376512 switch to &NaiveActor::HandlerNormal
I1013 17:01:28.194638 41953 naive_actor.cpp:25] actor 1099534696448 switch to &NaiveActor::HandlerNormal
I1013 17:01:28.195354 41953 thread.cpp:96] Thread 524299 construct Actor kNormalForward 1099534696448
I1013 17:01:28.194641 41955 naive_actor.cpp:25] actor 1099538890752 switch to &NaiveActor::HandlerNormal
I1013 17:01:28.195480 41953 runtime_context.cpp:29] DecreaseCounter constructing_actor_cnt, current val is 746
I1013 17:01:28.194718 41962 thread.cpp:96] Thread 524308 construct Actor kForeignInput 1099553570816
I1013 17:01:28.194736 41963 naive_actor.cpp:25] actor 1099555667968 switch to &NaiveActor::HandlerNormal
I1013 17:01:28.194738 41966 thread.cpp:96] Thread 524312 construct Actor kNormalForward 1099561959424
I1013 17:01:28.194540 41948 thread.cpp:96] Thread 524294 construct Actor kNormalForward 1099524210688
I1013 17:01:28.194800 41952 thread.cpp:96] Thread 524298 construct Actor kNormalForward 1099532599296
I1013 17:01:28.195868 41948 runtime_context.cpp:29] DecreaseCounter constructing_actor_cnt, current val is 743
I1013 17:01:28.195919 41952 runtime_context.cpp:29] DecreaseCounter constructing_actor_cnt, current val is 742
I1013 17:01:28.194849 41969 naive_actor.cpp:25] actor 1099568250880 switch to &NaiveActor::HandlerNormal
I1013 17:01:28.194850 41958 naive_actor.cpp:25] actor 1099545182208 switch to &NaiveActor::HandlerNormal
I1013 17:01:28.194865 41965 naive_actor.cpp:25] actor 1099559862272 switch to &NaiveActor::HandlerNormal
I1013 17:01:28.194892 41959 thread.cpp:96] Thread 524305 construct Actor kForeignInput 1099547279360
I1013 17:01:28.194903 41973 sink_actor.cpp:21] actor 1099618582528 switch to &SinkActor::HandlerNormal
I1013 17:01:28.194905 41968 naive_actor.cpp:25] actor 1099566153728 switch to &NaiveActor::HandlerNormal
I1013 17:01:28.194919 41971 naive_actor.cpp:25] actor 1099614388233 switch to &NaiveActor::HandlerNormal
I1013 17:01:28.194957 41944 thread.cpp:96] Thread 524290 construct Actor kNormalForward 1099515822080
I1013 17:01:28.194599 41964 naive_actor.cpp:25] actor 1099557765120 switch to &NaiveActor::HandlerNormal
I1013 17:01:28.195016 41967 naive_actor.cpp:25] actor 1099564056576 switch to &NaiveActor::HandlerNormal
I1013 17:01:28.195016 41954 thread.cpp:96] Thread 524300 construct Actor kNormalForward 1099536793600
I1013 17:01:28.195050 41951 naive_actor.cpp:25] actor 1099530502144 switch to &NaiveActor::HandlerNormal
I1013 17:01:28.195051 41957 naive_actor.cpp:25] actor 1099543085056 switch to &NaiveActor::HandlerNormal
I1013 17:01:28.195106 42084 naive_actor.cpp:25] actor 2199025352705 switch to &NaiveActor::HandlerNormal
I1013 17:01:28.196923 42084 thread.cpp:96] Thread 1048577 construct Actor kCopyHd 2199025352705
I1013 17:01:28.195171 41950 naive_actor.cpp:25] actor 1099528404992 switch to &NaiveActor::HandlerNormal
I1013 17:01:28.195211 41945 thread.cpp:96] Thread 524291 construct Actor kNormalForward 1099517919232
I1013 17:01:28.195282 41960 thread.cpp:96] Thread 524306 construct Actor kNormalForward 1099549376512
I1013 17:01:28.195386 42082 naive_actor.cpp:25] actor 2199023255554 switch to &NaiveActor::HandlerNormal
I1013 17:01:28.194440 41949 naive_actor.cpp:25] actor 1099526307840 switch to &NaiveActor::HandlerNormal
I1013 17:01:28.195396 41956 naive_actor.cpp:25] actor 1099540987904 switch to &NaiveActor::HandlerNormal
I1013 17:01:28.195447 41947 naive_actor.cpp:25] actor 1099522113536 switch to &NaiveActor::HandlerNormal
I1013 17:01:28.194682 41946 naive_actor.cpp:25] actor 1099520016384 switch to &NaiveActor::HandlerNormal
I1013 17:01:28.195493 41955 thread.cpp:96] Thread 524301 construct Actor kNormalForward 1099538890752
I1013 17:01:28.195631 42276 naive_actor.cpp:25] actor 2207613190161 switch to &NaiveActor::HandlerNormal
I1013 17:01:28.197780 41955 runtime_context.cpp:29] DecreaseCounter constructing_actor_cnt, current val is 735
I1013 17:01:28.195695 41963 thread.cpp:96] Thread 524309 construct Actor kNormalForward 1099555667968
I1013 17:01:28.195796 41966 runtime_context.cpp:29] DecreaseCounter constructing_actor_cnt, current val is 744
I1013 17:01:28.197969 41963 runtime_context.cpp:29] DecreaseCounter constructing_actor_cnt, current val is 734
I1013 17:01:28.195911 42278 naive_actor.cpp:25] actor 2207615287296 switch to &NaiveActor::HandlerNormal
I1013 17:01:28.194839 41961 naive_actor.cpp:25] actor 1099551473664 switch to &NaiveActor::HandlerNormal
I1013 17:01:28.196049 41969 thread.cpp:96] Thread 524315 construct Actor kNormalForward 1099568250880
I1013 17:01:28.196118 41958 thread.cpp:96] Thread 524304 construct Actor kNormalForward 1099545182208
I1013 17:01:28.198297 41969 runtime_context.cpp:29] DecreaseCounter constructing_actor_cnt, current val is 733
I1013 17:01:28.196306 41959 runtime_context.cpp:29] DecreaseCounter constructing_actor_cnt, current val is 741
I1013 17:01:28.196329 41973 thread.cpp:96] Thread 524339 construct Actor kCallbackNotify 1099618582528
I1013 17:01:28.196395 41968 thread.cpp:96] Thread 524314 construct Actor kNormalForward 1099566153728
I1013 17:01:28.196451 41971 thread.cpp:96] Thread 524337 construct Actor kDstSubsetTick 1099614388233
I1013 17:01:28.198609 41968 runtime_context.cpp:29] DecreaseCounter constructing_actor_cnt, current val is 730
I1013 17:01:28.196581 41964 thread.cpp:96] Thread 524310 construct Actor kNormalForward 1099557765120
I1013 17:01:28.196664 41967 thread.cpp:96] Thread 524313 construct Actor kNormalForward 1099564056576
I1013 17:01:28.196761 41954 runtime_context.cpp:29] DecreaseCounter constructing_actor_cnt, current val is 739
I1013 17:01:28.196786 41951 thread.cpp:96] Thread 524297 construct Actor kNormalForward 1099530502144
I1013 17:01:28.196858 41957 thread.cpp:96] Thread 524303 construct Actor kNormalForward 1099543085056
I1013 17:01:28.195130 42087 thread.cpp:96] Thread 1048578 construct Actor kCopyHd 2199027449856
I1013 17:01:28.199069 41957 runtime_context.cpp:29] DecreaseCounter constructing_actor_cnt, current val is 725
I1013 17:01:28.197048 41950 thread.cpp:96] Thread 524296 construct Actor kNormalForward 1099528404992
I1013 17:01:28.197158 41945 runtime_context.cpp:29] DecreaseCounter constructing_actor_cnt, current val is 737
I1013 17:01:28.197204 41960 runtime_context.cpp:29] DecreaseCounter constructing_actor_cnt, current val is 736
I1013 17:01:28.197223 42082 thread.cpp:96] Thread 1048576 construct Actor kNormalForward 2199023255554
I1013 17:01:28.197438 41949 thread.cpp:96] Thread 524295 construct Actor kNormalForward 1099526307840
I1013 17:01:28.199443 42082 runtime_context.cpp:29] DecreaseCounter constructing_actor_cnt, current val is 722
I1013 17:01:28.199501 41949 runtime_context.cpp:29] DecreaseCounter constructing_actor_cnt, current val is 721
I1013 17:01:28.199864 42082 naive_actor.cpp:25] actor 2199023255570 switch to &NaiveActor::HandlerNormal
I1013 17:01:28.197660 41946 thread.cpp:96] Thread 524292 construct Actor kNormalForward 1099520016384
I1013 17:01:28.195672 41962 runtime_context.cpp:29] DecreaseCounter constructing_actor_cnt, current val is 745
I1013 17:01:28.197791 42276 thread.cpp:96] Thread 1052672 construct Actor kNormalForward 2207613190161
I1013 17:01:28.194801 41970 naive_actor.cpp:25] actor 1099570348032 switch to &NaiveActor::HandlerNormal
I1013 17:01:28.200150 42276 runtime_context.cpp:29] DecreaseCounter constructing_actor_cnt, current val is 719
I1013 17:01:28.198181 41961 thread.cpp:96] Thread 524307 construct Actor kNormalForward 1099551473664
I1013 17:01:28.196197 41965 thread.cpp:96] Thread 524311 construct Actor kForeignInput 1099559862272
I1013 17:01:28.198359 41958 runtime_context.cpp:29] DecreaseCounter constructing_actor_cnt, current val is 732
I1013 17:01:28.198536 41973 runtime_context.cpp:29] DecreaseCounter constructing_actor_cnt, current val is 731
I1013 17:01:28.196548 41944 runtime_context.cpp:29] DecreaseCounter constructing_actor_cnt, current val is 740
I1013 17:01:28.198680 41971 runtime_context.cpp:29] DecreaseCounter constructing_actor_cnt, current val is 729
I1013 17:01:28.198768 41964 runtime_context.cpp:29] DecreaseCounter constructing_actor_cnt, current val is 728
I1013 17:01:28.198845 41967 runtime_context.cpp:29] DecreaseCounter constructing_actor_cnt, current val is 727
I1013 17:01:28.198978 41951 runtime_context.cpp:29] DecreaseCounter constructing_actor_cnt, current val is 726
I1013 17:01:28.199090 42087 runtime_context.cpp:29] DecreaseCounter constructing_actor_cnt, current val is 724
I1013 17:01:28.197002 42084 runtime_context.cpp:29] DecreaseCounter constructing_actor_cnt, current val is 738
I1013 17:01:28.199275 41950 runtime_context.cpp:29] DecreaseCounter constructing_actor_cnt, current val is 723
I1013 17:01:28.197510 41956 thread.cpp:96] Thread 524302 construct Actor kNormalForward 1099540987904
I1013 17:01:28.201241 41956 runtime_context.cpp:29] DecreaseCounter constructing_actor_cnt, current val is 716
I1013 17:01:28.199944 42082 thread.cpp:96] Thread 1048576 construct Actor kNormalForward 2199023255570
I1013 17:01:28.200063 41946 runtime_context.cpp:29] DecreaseCounter constructing_actor_cnt, current val is 720
I1013 17:01:28.198101 42278 thread.cpp:96] Thread 1052673 construct Actor kCopyHd 2207615287296
I1013 17:01:28.201478 42276 naive_actor.cpp:25] actor 2207613190153 switch to &NaiveActor::HandlerNormal
I1013 17:01:28.200541 41961 runtime_context.cpp:29] DecreaseCounter constructing_actor_cnt, current val is 718
I1013 17:01:28.200554 41965 runtime_context.cpp:29] DecreaseCounter constructing_actor_cnt, current val is 717
I1013 17:01:28.201077 41971 naive_actor.cpp:25] actor 1099614388237 switch to &NaiveActor::HandlerNormal
I1013 17:01:28.201287 42084 naive_actor.cpp:25] actor 2199025352708 switch to &NaiveActor::HandlerNormal
I1013 17:01:28.197587 41947 thread.cpp:96] Thread 524293 construct Actor kNormalForward 1099522113536
I1013 17:01:28.201408 42082 runtime_context.cpp:29] DecreaseCounter constructing_actor_cnt, current val is 715
I1013 17:01:28.201930 41947 runtime_context.cpp:29] DecreaseCounter constructing_actor_cnt, current val is 713
I1013 17:01:28.201517 42278 runtime_context.cpp:29] DecreaseCounter constructing_actor_cnt, current val is 714
I1013 17:01:28.201535 42276 thread.cpp:96] Thread 1052672 construct Actor kNormalForward 2207613190153
I1013 17:01:28.202152 42276 runtime_context.cpp:29] DecreaseCounter constructing_actor_cnt, current val is 712
I1013 17:01:28.201756 41971 thread.cpp:96] Thread 524337 construct Actor kTick 1099614388237
I1013 17:01:28.202307 41971 runtime_context.cpp:29] DecreaseCounter constructing_actor_cnt, current val is 711
I1013 17:01:28.200165 41970 thread.cpp:96] Thread 524316 construct Actor kForeignOutput 1099570348032
I1013 17:01:28.202184 42278 naive_actor.cpp:25] actor 2207615287299 switch to &NaiveActor::HandlerNormal
I1013 17:01:28.202458 41970 runtime_context.cpp:29] DecreaseCounter constructing_actor_cnt, current val is 710
I1013 17:01:28.202689 41971 naive_actor.cpp:25] actor 1099614388235 switch to &NaiveActor::HandlerNormal
I1013 17:01:28.202471 42278 thread.cpp:96] Thread 1052673 construct Actor kCopyHd 2207615287299
I1013 17:01:28.202839 42278 runtime_context.cpp:29] DecreaseCounter constructing_actor_cnt, current val is 709
I1013 17:01:28.202919 42082 naive_actor.cpp:25] actor 2199023255594 switch to &NaiveActor::HandlerNormal
I1013 17:01:28.202765 41971 thread.cpp:96] Thread 524337 construct Actor kTick 1099614388235
I1013 17:01:28.201813 42084 thread.cpp:96] Thread 1048577 construct Actor kSliceBoxing 2199025352708
I1013 17:01:28.203315 42084 runtime_context.cpp:29] DecreaseCounter constructing_actor_cnt, current val is 707
I1013 17:01:28.203016 42278 naive_actor.cpp:25] actor 2207615287297 switch to &NaiveActor::HandlerNormal
I1013 17:01:28.203138 42276 naive_actor.cpp:25] actor 2207613190177 switch to &NaiveActor::HandlerNormal
I1013 17:01:28.203492 42276 thread.cpp:96] Thread 1052672 construct Actor kNormalForward 2207613190177
I1013 17:01:28.203251 41971 runtime_context.cpp:29] DecreaseCounter constructing_actor_cnt, current val is 708
I1013 17:01:28.202992 42082 thread.cpp:96] Thread 1048576 construct Actor kNormalForward 2199023255594
I1013 17:01:28.203442 42278 thread.cpp:96] Thread 1052673 construct Actor kCopyHd 2207615287297
I1013 17:01:28.203724 42082 runtime_context.cpp:29] DecreaseCounter constructing_actor_cnt, current val is 705
I1013 17:01:28.201730 41943 naive_actor.cpp:25] actor 1099513724928 switch to &NaiveActor::HandlerNormal
I1013 17:01:28.203850 41943 thread.cpp:96] Thread 524289 construct Actor kNormalForward 1099513724928
I1013 17:01:28.203891 41971 naive_actor.cpp:25] actor 1099614388240 switch to &NaiveActor::HandlerNormal
I1013 17:01:28.203948 41943 runtime_context.cpp:29] DecreaseCounter constructing_actor_cnt, current val is 703
I1013 17:01:28.203599 42276 runtime_context.cpp:29] DecreaseCounter constructing_actor_cnt, current val is 706
I1013 17:01:28.203758 42278 runtime_context.cpp:29] DecreaseCounter constructing_actor_cnt, current val is 704
I1013 17:01:28.203953 41971 thread.cpp:96] Thread 524337 construct Actor kSrcSubsetTick 1099614388240
I1013 17:01:28.203522 42084 naive_actor.cpp:25] actor 2199025352707 switch to &NaiveActor::HandlerNormal
I1013 17:01:28.204205 42278 naive_actor.cpp:25] actor 2207615287298 switch to &NaiveActor::HandlerNormal
I1013 17:01:28.204181 41971 runtime_context.cpp:29] DecreaseCounter constructing_actor_cnt, current val is 702
I1013 17:01:28.204216 42084 thread.cpp:96] Thread 1048577 construct Actor kCopyHd 2199025352707
I1013 17:01:28.204402 42084 runtime_context.cpp:29] DecreaseCounter constructing_actor_cnt, current val is 701
I1013 17:01:28.204267 42278 thread.cpp:96] Thread 1052673 construct Actor kCopyHd 2207615287298
I1013 17:01:28.204262 42082 naive_actor.cpp:25] actor 2199023255563 switch to &NaiveActor::HandlerNormal
I1013 17:01:28.204533 42278 runtime_context.cpp:29] DecreaseCounter constructing_actor_cnt, current val is 700
I1013 17:01:28.204640 42084 naive_actor.cpp:25] actor 2199025352704 switch to &NaiveActor::HandlerNormal
I1013 17:01:28.204785 42084 thread.cpp:96] Thread 1048577 construct Actor kCopyHd 2199025352704
I1013 17:01:28.204720 42276 naive_actor.cpp:25] actor 2207613190162 switch to &NaiveActor::HandlerNormal
I1013 17:01:28.204730 41971 naive_actor.cpp:25] actor 1099614388244 switch to &NaiveActor::HandlerNormal
I1013 17:01:28.204658 42082 thread.cpp:96] Thread 1048576 construct Actor kNormalForward 2199023255563
I1013 17:01:28.204844 42278 naive_actor.cpp:25] actor 2207615287300 switch to &NaiveActor::HandlerNormal
I1013 17:01:28.204855 42084 runtime_context.cpp:29] DecreaseCounter constructing_actor_cnt, current val is 699
I1013 17:01:28.204908 42276 thread.cpp:96] Thread 1052672 construct Actor kNormalForward 2207613190162
I1013 17:01:28.204968 41971 thread.cpp:96] Thread 524337 construct Actor kTick 1099614388244
I1013 17:01:28.205261 42084 naive_actor.cpp:25] actor 2199025352709 switch to &NaiveActor::HandlerNormal
I1013 17:01:28.205083 42278 thread.cpp:96] Thread 1052673 construct Actor kCopyHd 2207615287300
I1013 17:01:28.205226 42276 runtime_context.cpp:29] DecreaseCounter constructing_actor_cnt, current val is 697
I1013 17:01:28.205291 41971 runtime_context.cpp:29] DecreaseCounter constructing_actor_cnt, current val is 696
I1013 17:01:28.205055 42082 runtime_context.cpp:29] DecreaseCounter constructing_actor_cnt, current val is 698
I1013 17:01:28.205322 42084 thread.cpp:96] Thread 1048577 construct Actor kCopyHd 2199025352709
I1013 17:01:28.205399 42278 runtime_context.cpp:29] DecreaseCounter constructing_actor_cnt, current val is 695
I1013 17:01:28.205915 42276 naive_actor.cpp:25] actor 2207613190185 switch to &NaiveActor::HandlerNormal
I1013 17:01:28.205933 41971 naive_actor.cpp:25] actor 1099614388225 switch to &NaiveActor::HandlerNormal
I1013 17:01:28.206038 41971 thread.cpp:96] Thread 524337 construct Actor kDeviceTick 1099614388225
I1013 17:01:28.206135 41971 runtime_context.cpp:29] DecreaseCounter constructing_actor_cnt, current val is 693
I1013 17:01:28.205983 42276 thread.cpp:96] Thread 1052672 construct Actor kNormalForward 2207613190185
I1013 17:01:28.206009 42278 naive_actor.cpp:25] actor 2207615287301 switch to &NaiveActor::HandlerNormal
I1013 17:01:28.205873 42084 runtime_context.cpp:29] DecreaseCounter constructing_actor_cnt, current val is 694
I1013 17:01:28.206283 42276 runtime_context.cpp:29] DecreaseCounter constructing_actor_cnt, current val is 692
I1013 17:01:28.206297 42278 thread.cpp:96] Thread 1052673 construct Actor kCopyHd 2207615287301
I1013 17:01:28.206465 42278 runtime_context.cpp:29] DecreaseCounter constructing_actor_cnt, current val is 691
I1013 17:01:28.206632 42278 naive_actor.cpp:25] actor 2207615287302 switch to &NaiveActor::HandlerNormal
I1013 17:01:28.206697 42278 thread.cpp:96] Thread 1052673 construct Actor kCopyHd 2207615287302
I1013 17:01:28.206779 42278 runtime_context.cpp:29] DecreaseCounter constructing_actor_cnt, current val is 690
I1013 17:01:28.206912 41971 naive_actor.cpp:25] actor 1099614388243 switch to &NaiveActor::HandlerNormal
I1013 17:01:28.206982 41971 thread.cpp:96] Thread 524337 construct Actor kDstSubsetTick 1099614388243
I1013 17:01:28.207078 41971 runtime_context.cpp:29] DecreaseCounter constructing_actor_cnt, current val is 689
I1013 17:01:28.206729 42084 naive_actor.cpp:25] actor 2199025352706 switch to &NaiveActor::HandlerNormal
I1013 17:01:28.207255 42084 thread.cpp:96] Thread 1048577 construct Actor kCopyHd 2199025352706
I1013 17:01:28.207329 42084 runtime_context.cpp:29] DecreaseCounter constructing_actor_cnt, current val is 688
I1013 17:01:28.207522 42082 naive_actor.cpp:25] actor 2199023255587 switch to &NaiveActor::HandlerNormal
I1013 17:01:28.207602 42082 thread.cpp:96] Thread 1048576 construct Actor kNormalForward 2199023255587
I1013 17:01:28.207710 42082 runtime_context.cpp:29] DecreaseCounter constructing_actor_cnt, current val is 687
I1013 17:01:28.207720 41971 naive_actor.cpp:25] actor 1099614388242 switch to &NaiveActor::HandlerNormal
I1013 17:01:28.207911 41971 thread.cpp:96] Thread 524337 construct Actor kTick 1099614388242
I1013 17:01:28.208004 41971 runtime_context.cpp:29] DecreaseCounter constructing_actor_cnt, current val is 686
I1013 17:01:28.208423 41971 esac_actor.cpp:73] actor 1099614388332 switch to &EsacActor::HandlerNormal
I1013 17:01:28.208494 41971 thread.cpp:96] Thread 524337 construct Actor kEsac 1099614388332
I1013 17:01:28.208528 42082 naive_actor.cpp:25] actor 2199023255566 switch to &NaiveActor::HandlerNormal
I1013 17:01:28.207891 42276 naive_actor.cpp:25] actor 2207613190228 switch to &NaiveActor::HandlerNormal
I1013 17:01:28.207650 42084 naive_actor.cpp:25] actor 2199025352710 switch to &NaiveActor::HandlerNormal
I1013 17:01:28.208588 41971 runtime_context.cpp:29] DecreaseCounter constructing_actor_cnt, current val is 685
I1013 17:01:28.208608 42082 thread.cpp:96] Thread 1048576 construct Actor kNormalForward 2199023255566
I1013 17:01:28.208881 42082 runtime_context.cpp:29] DecreaseCounter constructing_actor_cnt, current val is 684
I1013 17:01:28.208669 42276 thread.cpp:96] Thread 1052672 construct Actor kNormalForward 2207613190228
I1013 17:01:28.209206 42276 runtime_context.cpp:29] DecreaseCounter constructing_actor_cnt, current val is 683
I1013 17:01:28.209126 41971 naive_actor.cpp:25] actor 1099614388245 switch to &NaiveActor::HandlerNormal
I1013 17:01:28.209383 41971 thread.cpp:96] Thread 524337 construct Actor kTick 1099614388245
I1013 17:01:28.209390 42082 naive_actor.cpp:25] actor 2199023255565 switch to &NaiveActor::HandlerNormal
I1013 17:01:28.209677 42082 thread.cpp:96] Thread 1048576 construct Actor kNormalForward 2199023255565
I1013 17:01:28.209491 41971 runtime_context.cpp:29] DecreaseCounter constructing_actor_cnt, current val is 682
I1013 17:01:28.208730 42084 thread.cpp:96] Thread 1048577 construct Actor kCopyHd 2199025352710
I1013 17:01:28.209863 42084 runtime_context.cpp:29] DecreaseCounter constructing_actor_cnt, current val is 680
I1013 17:01:28.209774 42082 runtime_context.cpp:29] DecreaseCounter constructing_actor_cnt, current val is 681
I1013 17:01:28.222116 42084 naive_actor.cpp:25] actor 2199025352711 switch to &NaiveActor::HandlerNormal
I1013 17:01:28.222344 42084 thread.cpp:96] Thread 1048577 construct Actor kCopyHd 2199025352711
I1013 17:01:28.222460 42084 runtime_context.cpp:29] DecreaseCounter constructing_actor_cnt, current val is 679
I1013 17:01:28.222348 41971 naive_actor.cpp:25] actor 1099614388234 switch to &NaiveActor::HandlerNormal
I1013 17:01:28.222647 41971 thread.cpp:96] Thread 524337 construct Actor kTick 1099614388234
I1013 17:01:28.222829 41971 runtime_context.cpp:29] DecreaseCounter constructing_actor_cnt, current val is 678
I1013 17:01:28.223626 41971 naive_actor.cpp:25] actor 1099614388310 switch to &NaiveActor::HandlerNormal
I1013 17:01:28.223798 41971 thread.cpp:96] Thread 524337 construct Actor kTick 1099614388310
I1013 17:01:28.223901 41971 runtime_context.cpp:29] DecreaseCounter constructing_actor_cnt, current val is 677
I1013 17:01:28.223778 42276 naive_actor.cpp:25] actor 2207613190163 switch to &NaiveActor::HandlerNormal
I1013 17:01:28.224292 42276 thread.cpp:96] Thread 1052672 construct Actor kNormalForward 2207613190163
I1013 17:01:28.224463 42276 runtime_context.cpp:29] DecreaseCounter constructing_actor_cnt, current val is 676
I1013 17:01:28.224742 42082 naive_actor.cpp:25] actor 2199023255589 switch to &NaiveActor::HandlerNormal
I1013 17:01:28.224831 42082 thread.cpp:96] Thread 1048576 construct Actor kNormalForward 2199023255589
I1013 17:01:28.224953 42082 runtime_context.cpp:29] DecreaseCounter constructing_actor_cnt, current val is 675
I1013 17:01:28.225220 42276 naive_actor.cpp:25] actor 2207613190159 switch to &NaiveActor::HandlerNormal
I1013 17:01:28.225297 42276 thread.cpp:96] Thread 1052672 construct Actor kNormalForward 2207613190159
I1013 17:01:28.225395 42276 runtime_context.cpp:29] DecreaseCounter constructing_actor_cnt, current val is 674
I1013 17:01:28.224273 41971 naive_actor.cpp:25] actor 1099614388224 switch to &NaiveActor::HandlerNormal
I1013 17:01:28.225844 41971 thread.cpp:96] Thread 524337 construct Actor kDeviceTick 1099614388224
I1013 17:01:28.225886 42082 naive_actor.cpp:25] actor 2199023255557 switch to &NaiveActor::HandlerNormal
I1013 17:01:28.226035 42082 thread.cpp:96] Thread 1048576 construct Actor kNormalForward 2199023255557
I1013 17:01:28.226132 42082 runtime_context.cpp:29] DecreaseCounter constructing_actor_cnt, current val is 672
I1013 17:01:28.226001 41971 runtime_context.cpp:29] DecreaseCounter constructing_actor_cnt, current val is 673
I1013 17:01:28.226646 41971 naive_actor.cpp:25] actor 1099614388227 switch to &NaiveActor::HandlerNormal
I1013 17:01:28.226907 41971 thread.cpp:96] Thread 524337 construct Actor kSrcSubsetTick 1099614388227
I1013 17:01:28.227100 41971 runtime_context.cpp:29] DecreaseCounter constructing_actor_cnt, current val is 671
I1013 17:01:28.227178 42082 naive_actor.cpp:25] actor 2199023255581 switch to &NaiveActor::HandlerNormal
I1013 17:01:28.227241 42082 thread.cpp:96] Thread 1048576 construct Actor kNormalForward 2199023255581
I1013 17:01:28.227334 42082 runtime_context.cpp:29] DecreaseCounter constructing_actor_cnt, current val is 670
I1013 17:01:28.227728 41971 naive_actor.cpp:25] actor 1099614388232 switch to &NaiveActor::HandlerNormal
I1013 17:01:28.227972 41971 thread.cpp:96] Thread 524337 construct Actor kTick 1099614388232
I1013 17:01:28.228646 41971 runtime_context.cpp:29] DecreaseCounter constructing_actor_cnt, current val is 669
I1013 17:01:28.228761 42082 naive_actor.cpp:25] actor 2199023255568 switch to &NaiveActor::HandlerNormal
I1013 17:01:28.237794 42082 thread.cpp:96] Thread 1048576 construct Actor kNormalForward 2199023255568
I1013 17:01:28.237980 42082 runtime_context.cpp:29] DecreaseCounter constructing_actor_cnt, current val is 668
I1013 17:01:28.238188 41971 naive_actor.cpp:25] actor 1099614388236 switch to &NaiveActor::HandlerNormal
I1013 17:01:28.238292 41971 thread.cpp:96] Thread 524337 construct Actor kTick 1099614388236
I1013 17:01:28.238623 41971 runtime_context.cpp:29] DecreaseCounter constructing_actor_cnt, current val is 667
I1013 17:01:28.239140 42082 naive_actor.cpp:25] actor 2199023255592 switch to &NaiveActor::HandlerNormal
I1013 17:01:28.239220 42082 thread.cpp:96] Thread 1048576 construct Actor kNormalForward 2199023255592
I1013 17:01:28.239284 41971 naive_actor.cpp:25] actor 1099614388226 switch to &NaiveActor::HandlerNormal
I1013 17:01:28.239317 42082 runtime_context.cpp:29] DecreaseCounter constructing_actor_cnt, current val is 666
I1013 17:01:28.239348 41971 thread.cpp:96] Thread 524337 construct Actor kDeviceTick 1099614388226
I1013 17:01:28.239506 41971 runtime_context.cpp:29] DecreaseCounter constructing_actor_cnt, current val is 665
I1013 17:01:28.238971 42276 naive_actor.cpp:25] actor 2207613190223 switch to &NaiveActor::HandlerNormal
I1013 17:01:28.239900 42276 thread.cpp:96] Thread 1052672 construct Actor kNormalForward 2207613190223
I1013 17:01:28.240221 42276 runtime_context.cpp:29] DecreaseCounter constructing_actor_cnt, current val is 664
I1013 17:01:28.239881 41971 naive_actor.cpp:25] actor 1099614388253 switch to &NaiveActor::HandlerNormal
I1013 17:01:28.240303 42082 naive_actor.cpp:25] actor 2199023255616 switch to &NaiveActor::HandlerNormal
I1013 17:01:28.246069 42082 thread.cpp:96] Thread 1048576 construct Actor kNormalForward 2199023255616
I1013 17:01:28.246263 42082 runtime_context.cpp:29] DecreaseCounter constructing_actor_cnt, current val is 663
I1013 17:01:28.245954 41971 thread.cpp:96] Thread 524337 construct Actor kTick 1099614388253
I1013 17:01:28.246754 41971 runtime_context.cpp:29] DecreaseCounter constructing_actor_cnt, current val is 662
I1013 17:01:28.247659 42276 naive_actor.cpp:25] actor 2207613190247 switch to &NaiveActor::HandlerNormal
I1013 17:01:28.247733 42276 thread.cpp:96] Thread 1052672 construct Actor kNormalForward 2207613190247
I1013 17:01:28.247859 42276 runtime_context.cpp:29] DecreaseCounter constructing_actor_cnt, current val is 661
I1013 17:01:28.248098 42082 naive_actor.cpp:25] actor 2199023255569 switch to &NaiveActor::HandlerNormal
I1013 17:01:28.248189 42082 thread.cpp:96] Thread 1048576 construct Actor kNormalForward 2199023255569
I1013 17:01:28.247916 41971 naive_actor.cpp:25] actor 1099614388246 switch to &NaiveActor::HandlerNormal
I1013 17:01:28.248294 42082 runtime_context.cpp:29] DecreaseCounter constructing_actor_cnt, current val is 660
I1013 17:01:28.248440 41971 thread.cpp:96] Thread 524337 construct Actor kTick 1099614388246
I1013 17:01:28.249058 41971 runtime_context.cpp:29] DecreaseCounter constructing_actor_cnt, current val is 659
I1013 17:01:28.249627 42276 naive_actor.cpp:25] actor 2207613190271 switch to &NaiveActor::HandlerNormal
I1013 17:01:28.249713 42276 thread.cpp:96] Thread 1052672 construct Actor kNormalForward 2207613190271
I1013 17:01:28.249842 42276 runtime_context.cpp:29] DecreaseCounter constructing_actor_cnt, current val is 658
I1013 17:01:28.250087 42082 naive_actor.cpp:25] actor 2199023255611 switch to &NaiveActor::HandlerNormal
I1013 17:01:28.250172 42082 thread.cpp:96] Thread 1048576 construct Actor kNormalForward 2199023255611
I1013 17:01:28.250268 42082 runtime_context.cpp:29] DecreaseCounter constructing_actor_cnt, current val is 657
I1013 17:01:28.250154 41971 naive_actor.cpp:25] actor 1099614388247 switch to &NaiveActor::HandlerNormal
I1013 17:01:28.250934 41971 thread.cpp:96] Thread 524337 construct Actor kDeviceTick 1099614388247
I1013 17:01:28.251255 41971 runtime_context.cpp:29] DecreaseCounter constructing_actor_cnt, current val is 656
I1013 17:01:28.251348 42082 naive_actor.cpp:25] actor 2199023255564 switch to &NaiveActor::HandlerNormal
I1013 17:01:28.251570 42082 thread.cpp:96] Thread 1048576 construct Actor kNormalForward 2199023255564
I1013 17:01:28.251920 42082 runtime_context.cpp:29] DecreaseCounter constructing_actor_cnt, current val is 655
I1013 17:01:28.251854 41971 naive_actor.cpp:25] actor 1099614388248 switch to &NaiveActor::HandlerNormal
I1013 17:01:28.252321 41971 thread.cpp:96] Thread 524337 construct Actor kSrcSubsetTick 1099614388248
I1013 17:01:28.252473 41971 runtime_context.cpp:29] DecreaseCounter constructing_actor_cnt, current val is 654
I1013 17:01:28.253279 42082 naive_actor.cpp:25] actor 2199023255630 switch to &NaiveActor::HandlerNormal
I1013 17:01:28.253479 42082 thread.cpp:96] Thread 1048576 construct Actor kNormalForward 2199023255630
