Log file created at: 2021/10/13 11:51:12
Running on machine: oneflow-14
Log line format: [IWEF]mmdd hh:mm:ss.uuuuuu threadid file:line] msg
I1013 11:51:12.755056  6386 global.h:36] NewGlobal 14cudaDeviceProp
I1013 11:51:12.756064  6386 global.h:36] NewGlobal N7oneflow7EnvDescE
I1013 11:51:12.756084  6386 global.h:36] NewGlobal N7oneflow10ProcessCtxE
I1013 11:51:12.756093  6386 env_global_objects_scope.cpp:152] using rpc backend: local
I1013 11:51:12.756124  6386 global.h:36] NewGlobal N7oneflow12ResourceDescE
I1013 11:51:12.756136  6386 global.h:36] NewGlobal N7oneflow12ResourceDescE
I1013 11:51:12.841040  6386 global.h:36] NewGlobal N7oneflow10ThreadPoolE
I1013 11:51:12.842542  6386 global.h:36] NewGlobal N7oneflow16EagerNcclCommMgrE
I1013 11:51:12.842564  6386 global.h:36] NewGlobal N7oneflow18CudnnConvAlgoCacheE
I1013 11:51:12.842576  6386 global.h:36] NewGlobal N7oneflow2vm19VirtualMachineScopeE
I1013 11:51:12.842587  6386 global.h:36] NewGlobal N7oneflow9OneflowVME
I1013 11:51:12.843719  6386 oneflow_vm.cpp:75] transport stream type: N7oneflow2vm13CpuStreamTypeE
I1013 11:51:12.843739  6386 oneflow_vm.cpp:75] transport stream type: N7oneflow2vm14CudaStreamTypeE
I1013 11:51:12.843750  6386 oneflow_vm.cpp:75] transport stream type: N7oneflow2vm19AsyncCudaStreamTypeE
I1013 11:51:12.843904  6386 global.h:36] NewGlobal N7oneflow27EagerJobBuildAndInferCtxMgrE
I1013 11:51:12.843922  6386 global.h:36] NewGlobal N7oneflow12EpollCommNetE
I1013 11:51:12.844094  6386 epoll_comm_network.cpp:63] CommNet:Epoll listening on 0.0.0.0:44818
I1013 11:51:12.844139  6386 epoll_comm_network.cpp:197] machine 0 sockfd -1
I1013 11:51:12.844274  6386 global.h:36] NewGlobal N7oneflow9TransportE
I1013 11:51:12.846246  6386 global.h:43] DeleteGlobal N7oneflow12ResourceDescE
I1013 11:51:12.846283  6386 version.cpp:22] OneFlow git version: b295ca2324
I1013 11:51:12.846305  6386 device_register_gpu.cpp:56] CUDA runtime version: 11.2
I1013 11:51:12.846329  6386 device_register_gpu.cpp:65] cuDNN version: 8.1.1
I1013 11:51:12.846343  6386 device_register_gpu.cpp:78] NCCL version: 2.9.8
I1013 11:51:12.846354  6386 global.h:36] NewGlobal N7oneflow12ResourceDescE
I1013 11:51:12.846365  6386 global.h:36] NewGlobal N7oneflow5IDMgrE
I1013 11:51:12.846375  6386 global.h:36] NewGlobal N7oneflow16AvailableMemDescE
I1013 11:51:12.846406  6386 global.h:36] NewGlobal St13unordered_mapISslSt4hashISsESt8equal_toISsESaISt4pairIKSslEEE
I1013 11:51:12.846416  6386 global.h:36] NewGlobal N7oneflow19CriticalSectionDescE
I1013 11:51:12.846434  6386 global.h:36] NewGlobal N7oneflow16InterUserJobInfoE
I1013 11:51:12.846446  6386 global.h:36] NewGlobal N7oneflow26LazyJobBuildAndInferCtxMgrE
I1013 11:51:12.846455  6386 global.h:36] NewGlobal N7oneflow16JobSetCompileCtxE
I1013 11:51:12.846465  6386 global.h:36] NewGlobal N7oneflow26RuntimeBufferManagersScopeE
I1013 11:51:12.846474  6386 global.h:36] NewGlobal N7oneflow9BufferMgrIlEE
I1013 11:51:12.846486  6386 global.h:36] NewGlobal N7oneflow9BufferMgrISt10shared_ptrINS_11JobInstanceEEEE
I1013 11:51:12.846495  6386 global.h:36] NewGlobal N7oneflow10RuntimeCtxE
I1013 11:51:12.846504  6386 global.h:36] NewGlobal N7oneflow15MemoryAllocatorE
I1013 11:51:12.846513  6386 global.h:36] NewGlobal N7oneflow8ChunkMgrE
I1013 11:51:12.846521  6386 global.h:36] NewGlobal N7oneflow8RegstMgrE
I1013 11:51:12.846530  6386 global.h:36] NewGlobal N7oneflow11ActorMsgBusE
I1013 11:51:12.846539  6386 global.h:36] NewGlobal N7oneflow9ThreadMgrE
I1013 11:51:12.846547  6386 global.h:36] NewGlobal N7oneflow15RuntimeJobDescsE
I1013 11:51:12.846556  6386 global.h:36] NewGlobal N7oneflow7summary12EventsWriterE
I1013 11:51:12.846568  6386 global.h:36] NewGlobal N7oneflow6boxing10collective24CollectiveBoxingExecutorE
I1013 11:51:12.846577  6386 global.h:36] NewGlobal N7oneflow6boxing10collective31CollectiveBoxingDeviceCtxPollerE
I1013 11:51:12.846729  6386 session.h:77] NewGlobal N7oneflow25SessionGlobalObjectsScopeE
I1013 11:51:12.847636  6386 global.h:36] NewGlobal N7oneflow7JobDescE
I1013 11:51:13.352257  6386 global.h:43] DeleteGlobal N7oneflow7JobDescE
I1013 11:51:13.352500  6386 global.h:36] NewGlobal N7oneflow7JobDescE
I1013 11:51:13.356338  6386 global.h:36] NewGlobal N7oneflow7OpGraphE
I1013 11:51:13.361552  6386 global.h:43] DeleteGlobal N7oneflow7OpGraphE
I1013 11:51:13.565227  6386 global.h:43] DeleteGlobal N7oneflow7JobDescE
I1013 11:51:13.585579  6386 global.h:36] NewGlobal N7oneflow24InterJobReuseMemStrategyE
I1013 11:51:13.585621  6386 global.h:36] NewGlobal N7oneflow7OneflowE
I1013 11:51:13.598938  6386 global.h:36] NewGlobal N7oneflow7JobDescE
I1013 11:51:13.868119  6386 global.h:36] NewGlobal N7oneflow7OpGraphE
I1013 11:51:13.959667  6386 global.h:43] DeleteGlobal N7oneflow7OpGraphE
I1013 11:51:13.970134  6386 oneflow.cpp:210] 
job_id: 0 , job_name: train_job , compile time: 0.371133 seconds.
I1013 11:51:14.044888  6386 global.h:43] DeleteGlobal N7oneflow7JobDescE
I1013 11:51:14.045579  6386 global.h:36] NewGlobal N7oneflow7JobDescE
I1013 11:51:14.115303  6386 global.h:36] NewGlobal N7oneflow7OpGraphE
I1013 11:51:14.137034  6386 global.h:43] DeleteGlobal N7oneflow7OpGraphE
I1013 11:51:14.141847  6386 oneflow.cpp:210] 
job_id: 1 , job_name: System-ModelInit , compile time: 0.0960653 seconds.
I1013 11:51:14.156816  6386 global.h:43] DeleteGlobal N7oneflow7JobDescE
I1013 11:51:14.156864  6386 global.h:36] NewGlobal N7oneflow7JobDescE
I1013 11:51:14.213071  6386 global.h:36] NewGlobal N7oneflow7OpGraphE
I1013 11:51:14.232870  6386 global.h:43] DeleteGlobal N7oneflow7OpGraphE
I1013 11:51:14.237555  6386 oneflow.cpp:210] 
job_id: 2 , job_name: System-ModelLoad , compile time: 0.0806605 seconds.
I1013 11:51:14.252019  6386 global.h:43] DeleteGlobal N7oneflow7JobDescE
I1013 11:51:14.252068  6386 global.h:36] NewGlobal N7oneflow7JobDescE
I1013 11:51:14.304924  6386 global.h:36] NewGlobal N7oneflow7OpGraphE
I1013 11:51:14.321869  6386 global.h:43] DeleteGlobal N7oneflow7OpGraphE
I1013 11:51:14.326355  6386 oneflow.cpp:210] 
job_id: 3 , job_name: System-ModelSave , compile time: 0.0742633 seconds.
I1013 11:51:14.338783  6386 global.h:43] DeleteGlobal N7oneflow7JobDescE
I1013 11:51:14.338824  6386 global.h:36] NewGlobal N7oneflow7JobDescE
I1013 11:51:14.347853  6386 global.h:36] NewGlobal N7oneflow7OpGraphE
I1013 11:51:14.351851  6386 global.h:43] DeleteGlobal N7oneflow7OpGraphE
I1013 11:51:14.353458  6386 oneflow.cpp:210] 
job_id: 4 , job_name: System-Pull-Return_22 , compile time: 0.0145987 seconds.
I1013 11:51:14.357072  6386 global.h:43] DeleteGlobal N7oneflow7JobDescE
I1013 11:51:14.361557  6386 global.h:36] NewGlobal N7oneflow7JobDescE
I1013 11:51:14.361606  6386 global.h:36] NewGlobal N7oneflow7OpGraphE
I1013 11:51:14.367157  6386 global.h:43] DeleteGlobal N7oneflow7OpGraphE
I1013 11:51:14.370041  6386 oneflow.cpp:210] 
job_id: 5 , job_name: MainJob-unamed , compile time: 0.00844467 seconds.
I1013 11:51:14.377056  6386 global.h:43] DeleteGlobal N7oneflow7JobDescE
I1013 11:51:14.379706  6386 plan_util.cpp:928]  Plan: merged_plan needs to allocate [ 374.897 MiB ] device memory in Rank: 0 , Device: 0
I1013 11:51:14.493368  6386 oneflow.cpp:998]  PushPlan merged_plan time: 0.0110446 seconds.
I1013 11:51:14.522281  6386 oneflow.cpp:1014]  PullPlan merged_plan time: 0.0250732 seconds.
I1013 11:51:17.003863  6386 runtime_context.cpp:21] NewCounter constructing_actor_cnt 399
I1013 11:51:17.004786  6945 naive_actor.cpp:25] actor 1099614388235 switch to &NaiveActor::HandlerNormal
I1013 11:51:17.004801  6951 naive_actor.cpp:25] actor 2199023255699 switch to &NaiveActor::HandlerNormal
I1013 11:51:17.004997  6945 thread.cpp:96] Thread 524337 construct Actor kDeviceTick 1099614388235
I1013 11:51:17.005070  6951 thread.cpp:96] Thread 1048576 construct Actor kDeviceTick 2199023255699
I1013 11:51:17.005177  6945 runtime_context.cpp:29] DecreaseCounter constructing_actor_cnt, current val is 398
I1013 11:51:17.005221  6951 runtime_context.cpp:29] DecreaseCounter constructing_actor_cnt, current val is 397
I1013 11:51:17.005322  6946 wait_and_send_ids_actor.cpp:53] actor 1099616485376 switch to &WaitAndSendIdsActor::HandlerWaitToStart
I1013 11:51:17.005460  6945 naive_actor.cpp:25] actor 1099614388228 switch to &NaiveActor::HandlerNormal
I1013 11:51:17.005477  6946 thread.cpp:96] Thread 524338 construct Actor kWaitAndSendIds 1099616485376
I1013 11:51:17.005661  6945 thread.cpp:96] Thread 524337 construct Actor kDeviceTick 1099614388228
I1013 11:51:17.005667  6951 naive_actor.cpp:25] actor 2199023255738 switch to &NaiveActor::HandlerNormal
I1013 11:51:17.005849  6946 runtime_context.cpp:29] DecreaseCounter constructing_actor_cnt, current val is 396
I1013 11:51:17.005874  6945 runtime_context.cpp:29] DecreaseCounter constructing_actor_cnt, current val is 395
I1013 11:51:17.005877  6951 thread.cpp:96] Thread 1048576 construct Actor kDeviceTick 2199023255738
I1013 11:51:17.005985  6951 runtime_context.cpp:29] DecreaseCounter constructing_actor_cnt, current val is 394
I1013 11:51:17.006162  6945 naive_actor.cpp:25] actor 1099614388245 switch to &NaiveActor::HandlerNormal
I1013 11:51:17.006219  6945 thread.cpp:96] Thread 524337 construct Actor kDeviceTick 1099614388245
I1013 11:51:17.006237  6951 naive_actor.cpp:25] actor 2199023255777 switch to &NaiveActor::HandlerNormal
I1013 11:51:17.006287  6945 runtime_context.cpp:29] DecreaseCounter constructing_actor_cnt, current val is 393
I1013 11:51:17.006290  6951 thread.cpp:96] Thread 1048576 construct Actor kDeviceTick 2199023255777
I1013 11:51:17.006386  6951 runtime_context.cpp:29] DecreaseCounter constructing_actor_cnt, current val is 392
I1013 11:51:17.006573  6945 naive_actor.cpp:25] actor 1099614388254 switch to &NaiveActor::HandlerNormal
I1013 11:51:17.006626  6945 thread.cpp:96] Thread 524337 construct Actor kDeviceTick 1099614388254
I1013 11:51:17.006659  6951 naive_actor.cpp:25] actor 2199023255816 switch to &NaiveActor::HandlerNormal
I1013 11:51:17.006691  6945 runtime_context.cpp:29] DecreaseCounter constructing_actor_cnt, current val is 391
I1013 11:51:17.006704  6951 thread.cpp:96] Thread 1048576 construct Actor kDeviceTick 2199023255816
I1013 11:51:17.006793  6951 runtime_context.cpp:29] DecreaseCounter constructing_actor_cnt, current val is 390
I1013 11:51:17.006953  6945 naive_actor.cpp:25] actor 1099614388263 switch to &NaiveActor::HandlerNormal
I1013 11:51:17.007002  6945 thread.cpp:96] Thread 524337 construct Actor kDeviceTick 1099614388263
I1013 11:51:17.007071  6945 runtime_context.cpp:29] DecreaseCounter constructing_actor_cnt, current val is 389
I1013 11:51:17.007313  6945 naive_actor.cpp:25] actor 1099614388271 switch to &NaiveActor::HandlerNormal
I1013 11:51:17.007360  6945 thread.cpp:96] Thread 524337 construct Actor kDeviceTick 1099614388271
I1013 11:51:17.007437  6945 runtime_context.cpp:29] DecreaseCounter constructing_actor_cnt, current val is 388
I1013 11:51:17.007684  6945 naive_actor.cpp:25] actor 1099614388278 switch to &NaiveActor::HandlerNormal
I1013 11:51:17.007745  6945 thread.cpp:96] Thread 524337 construct Actor kDeviceTick 1099614388278
I1013 11:51:17.007800  6945 runtime_context.cpp:29] DecreaseCounter constructing_actor_cnt, current val is 387
I1013 11:51:17.016178  6927 naive_actor.cpp:25] actor 1099534696448 switch to &NaiveActor::HandlerNormal
I1013 11:51:17.016247  6926 naive_actor.cpp:25] actor 1099532599296 switch to &NaiveActor::HandlerNormal
I1013 11:51:17.016239  6930 naive_actor.cpp:25] actor 1099540987904 switch to &NaiveActor::HandlerNormal
I1013 11:51:17.016259  6929 naive_actor.cpp:25] actor 1099538890752 switch to &NaiveActor::HandlerNormal
I1013 11:51:17.016374  6927 thread.cpp:96] Thread 524299 construct Actor kNormalForward 1099534696448
I1013 11:51:17.016422  6925 naive_actor.cpp:25] actor 1099530502144 switch to &NaiveActor::HandlerNormal
I1013 11:51:17.016821  6925 thread.cpp:96] Thread 524297 construct Actor kNormalForward 1099530502144
I1013 11:51:17.016487  6926 thread.cpp:96] Thread 524298 construct Actor kNormalForward 1099532599296
I1013 11:51:17.016461  6935 naive_actor.cpp:25] actor 1099551473664 switch to &NaiveActor::HandlerNormal
I1013 11:51:17.017071  6925 runtime_context.cpp:29] DecreaseCounter constructing_actor_cnt, current val is 385
I1013 11:51:17.017163  6919 naive_actor.cpp:25] actor 1099517919232 switch to &NaiveActor::HandlerNormal
I1013 11:51:17.017271  6940 naive_actor.cpp:25] actor 1099561959424 switch to &NaiveActor::HandlerNormal
I1013 11:51:17.017293  6943 naive_actor.cpp:25] actor 1099568250880 switch to &NaiveActor::HandlerNormal
I1013 11:51:17.017401  6921 naive_actor.cpp:25] actor 1099522113536 switch to &NaiveActor::HandlerNormal
I1013 11:51:17.016650  6934 naive_actor.cpp:25] actor 1099549376512 switch to &NaiveActor::HandlerNormal
I1013 11:51:17.016659  6937 naive_actor.cpp:25] actor 1099555667968 switch to &NaiveActor::HandlerNormal
I1013 11:51:17.018038  6937 thread.cpp:96] Thread 524309 construct Actor kForeignInput 1099555667968
I1013 11:51:17.018218  6937 runtime_context.cpp:29] DecreaseCounter constructing_actor_cnt, current val is 383
I1013 11:51:17.016729  6923 naive_actor.cpp:25] actor 1099526307840 switch to &NaiveActor::HandlerNormal
I1013 11:51:17.016826  6922 naive_actor.cpp:25] actor 1099524210688 switch to &NaiveActor::HandlerNormal
I1013 11:51:17.018393  6922 thread.cpp:96] Thread 524294 construct Actor kNormalForward 1099524210688
I1013 11:51:17.016891  6931 naive_actor.cpp:25] actor 1099543085056 switch to &NaiveActor::HandlerNormal
I1013 11:51:17.016919  6927 runtime_context.cpp:29] DecreaseCounter constructing_actor_cnt, current val is 386
I1013 11:51:17.018527  6922 runtime_context.cpp:29] DecreaseCounter constructing_actor_cnt, current val is 382
I1013 11:51:17.016463  6924 naive_actor.cpp:25] actor 1099528404992 switch to &NaiveActor::HandlerNormal
I1013 11:51:17.017087  6935 thread.cpp:96] Thread 524307 construct Actor kNormalForward 1099551473664
I1013 11:51:17.017105  6945 naive_actor.cpp:25] actor 1099614388231 switch to &NaiveActor::HandlerNormal
I1013 11:51:17.017112  6926 runtime_context.cpp:29] DecreaseCounter constructing_actor_cnt, current val is 384
I1013 11:51:17.016463  6936 naive_actor.cpp:25] actor 1099553570816 switch to &NaiveActor::HandlerNormal
I1013 11:51:17.016521  6920 naive_actor.cpp:25] actor 1099520016384 switch to &NaiveActor::HandlerNormal
I1013 11:51:17.018800  6920 thread.cpp:96] Thread 524292 construct Actor kNormalForward 1099520016384
I1013 11:51:17.018846  6920 runtime_context.cpp:29] DecreaseCounter constructing_actor_cnt, current val is 380
I1013 11:51:17.017293  6919 thread.cpp:96] Thread 524291 construct Actor kNormalForward 1099517919232
I1013 11:51:17.016548  6930 thread.cpp:96] Thread 524302 construct Actor kNormalForward 1099540987904
I1013 11:51:17.017382  6940 thread.cpp:96] Thread 524312 construct Actor kForeignInput 1099561959424
I1013 11:51:17.019021  6930 runtime_context.cpp:29] DecreaseCounter constructing_actor_cnt, current val is 378
I1013 11:51:17.017336  6947 sink_actor.cpp:21] actor 1099618582528 switch to &SinkActor::HandlerNormal
I1013 11:51:17.017395  6938 naive_actor.cpp:25] actor 1099557765120 switch to &NaiveActor::HandlerNormal
I1013 11:51:17.016619  6929 thread.cpp:96] Thread 524301 construct Actor kNormalForward 1099538890752
I1013 11:51:17.017405  6955 naive_actor.cpp:25] actor 2199027449858 switch to &NaiveActor::HandlerNormal
I1013 11:51:17.017441  6943 thread.cpp:96] Thread 524315 construct Actor kNormalForward 1099568250880
I1013 11:51:17.017450  6953 naive_actor.cpp:25] actor 2199025352704 switch to &NaiveActor::HandlerNormal
I1013 11:51:17.019413  6953 thread.cpp:96] Thread 1048577 construct Actor kSliceBoxing 2199025352704
I1013 11:51:17.017443  6942 naive_actor.cpp:25] actor 1099566153728 switch to &NaiveActor::HandlerNormal
I1013 11:51:17.017498  6921 thread.cpp:96] Thread 524293 construct Actor kNormalForward 1099522113536
I1013 11:51:17.017592  6934 thread.cpp:96] Thread 524306 construct Actor kForeignInput 1099549376512
I1013 11:51:17.017997  6951 naive_actor.cpp:25] actor 2199023255555 switch to &NaiveActor::HandlerNormal
I1013 11:51:17.019707  6934 runtime_context.cpp:29] DecreaseCounter constructing_actor_cnt, current val is 372
I1013 11:51:17.019721  6951 thread.cpp:96] Thread 1048576 construct Actor kNormalForward 2199023255555
I1013 11:51:17.016705  6933 naive_actor.cpp:25] actor 1099547279360 switch to &NaiveActor::HandlerNormal
I1013 11:51:17.019882  6933 thread.cpp:96] Thread 524305 construct Actor kNormalForward 1099547279360
I1013 11:51:17.018497  6931 thread.cpp:96] Thread 524303 construct Actor kNormalForward 1099543085056
I1013 11:51:17.019973  6933 runtime_context.cpp:29] DecreaseCounter constructing_actor_cnt, current val is 370
I1013 11:51:17.020000  6931 runtime_context.cpp:29] DecreaseCounter constructing_actor_cnt, current val is 369
I1013 11:51:17.018666  6935 runtime_context.cpp:29] DecreaseCounter constructing_actor_cnt, current val is 381
I1013 11:51:17.018667  6945 thread.cpp:96] Thread 524337 construct Actor kDstSubsetTick 1099614388231
I1013 11:51:17.017216  6941 naive_actor.cpp:25] actor 1099564056576 switch to &NaiveActor::HandlerNormal
I1013 11:51:17.020117  6941 thread.cpp:96] Thread 524313 construct Actor kNormalForward 1099564056576
I1013 11:51:17.018792  6936 thread.cpp:96] Thread 524308 construct Actor kNormalForward 1099553570816
I1013 11:51:17.018996  6919 runtime_context.cpp:29] DecreaseCounter constructing_actor_cnt, current val is 379
I1013 11:51:17.020202  6936 runtime_context.cpp:29] DecreaseCounter constructing_actor_cnt, current val is 366
I1013 11:51:17.019170  6947 thread.cpp:96] Thread 524339 construct Actor kCallbackNotify 1099618582528
I1013 11:51:17.019222  6938 thread.cpp:96] Thread 524310 construct Actor kNormalForward 1099557765120
I1013 11:51:17.020284  6947 runtime_context.cpp:29] DecreaseCounter constructing_actor_cnt, current val is 365
I1013 11:51:17.020318  6938 runtime_context.cpp:29] DecreaseCounter constructing_actor_cnt, current val is 364
I1013 11:51:17.019373  6917 naive_actor.cpp:25] actor 1099513724928 switch to &NaiveActor::HandlerNormal
I1013 11:51:17.017410  6939 naive_actor.cpp:25] actor 1099559862272 switch to &NaiveActor::HandlerNormal
I1013 11:51:17.020386  6917 thread.cpp:96] Thread 524289 construct Actor kNormalForward 1099513724928
I1013 11:51:17.020406  6939 thread.cpp:96] Thread 524311 construct Actor kNormalForward 1099559862272
I1013 11:51:17.019547  6942 thread.cpp:96] Thread 524314 construct Actor kNormalForward 1099566153728
I1013 11:51:17.019680  6921 runtime_context.cpp:29] DecreaseCounter constructing_actor_cnt, current val is 373
I1013 11:51:17.018326  6923 thread.cpp:96] Thread 524295 construct Actor kNormalForward 1099526307840
I1013 11:51:17.016726  6918 naive_actor.cpp:25] actor 1099515822080 switch to &NaiveActor::HandlerNormal
I1013 11:51:17.019796  6916 naive_actor.cpp:25] actor 1099511627776 switch to &NaiveActor::HandlerNormal
I1013 11:51:17.019804  6951 runtime_context.cpp:29] DecreaseCounter constructing_actor_cnt, current val is 371
I1013 11:51:17.016825  6932 naive_actor.cpp:25] actor 1099545182208 switch to &NaiveActor::HandlerNormal
I1013 11:51:17.020727  6932 thread.cpp:96] Thread 524304 construct Actor kNormalForward 1099545182208
I1013 11:51:17.018635  6924 thread.cpp:96] Thread 524296 construct Actor kNormalForward 1099528404992
I1013 11:51:17.020126  6945 runtime_context.cpp:29] DecreaseCounter constructing_actor_cnt, current val is 368
I1013 11:51:17.016541  6928 naive_actor.cpp:25] actor 1099536793600 switch to &NaiveActor::HandlerNormal
I1013 11:51:17.020944  6928 thread.cpp:96] Thread 524300 construct Actor kNormalForward 1099536793600
I1013 11:51:17.020169  6941 runtime_context.cpp:29] DecreaseCounter constructing_actor_cnt, current val is 367
I1013 11:51:17.019093  6940 runtime_context.cpp:29] DecreaseCounter constructing_actor_cnt, current val is 377
I1013 11:51:17.021162  6945 naive_actor.cpp:25] actor 1099614388317 switch to &NaiveActor::HandlerNormal
I1013 11:51:17.021188  6945 thread.cpp:96] Thread 524337 construct Actor kTick 1099614388317
I1013 11:51:17.019279  6929 runtime_context.cpp:29] DecreaseCounter constructing_actor_cnt, current val is 376
I1013 11:51:17.019327  6955 thread.cpp:96] Thread 1048578 construct Actor kCopyHd 2199027449858
I1013 11:51:17.019451  6943 runtime_context.cpp:29] DecreaseCounter constructing_actor_cnt, current val is 375
I1013 11:51:17.021322  6955 runtime_context.cpp:29] DecreaseCounter constructing_actor_cnt, current val is 355
I1013 11:51:17.020488  6939 runtime_context.cpp:29] DecreaseCounter constructing_actor_cnt, current val is 363
I1013 11:51:17.020515  6917 runtime_context.cpp:29] DecreaseCounter constructing_actor_cnt, current val is 362
I1013 11:51:17.020526  6942 runtime_context.cpp:29] DecreaseCounter constructing_actor_cnt, current val is 361
I1013 11:51:17.020591  6923 runtime_context.cpp:29] DecreaseCounter constructing_actor_cnt, current val is 360
I1013 11:51:17.020596  6918 thread.cpp:96] Thread 524290 construct Actor kNormalForward 1099515822080
I1013 11:51:17.020644  6916 thread.cpp:96] Thread 524288 construct Actor kNormalForward 1099511627776
I1013 11:51:17.016965  6944 naive_actor.cpp:25] actor 1099570348032 switch to &NaiveActor::HandlerNormal
I1013 11:51:17.021792  6944 thread.cpp:96] Thread 524316 construct Actor kForeignOutput 1099570348032
I1013 11:51:17.021800  6916 runtime_context.cpp:29] DecreaseCounter constructing_actor_cnt, current val is 353
I1013 11:51:17.020833  6932 runtime_context.cpp:29] DecreaseCounter constructing_actor_cnt, current val is 359
I1013 11:51:17.021011  6928 runtime_context.cpp:29] DecreaseCounter constructing_actor_cnt, current val is 357
I1013 11:51:17.021044  6951 naive_actor.cpp:25] actor 2199023255557 switch to &NaiveActor::HandlerNormal
I1013 11:51:17.021224  6945 runtime_context.cpp:29] DecreaseCounter constructing_actor_cnt, current val is 356
I1013 11:51:17.021989  6951 thread.cpp:96] Thread 1048576 construct Actor kNormalForward 2199023255557
I1013 11:51:17.021629  6955 naive_actor.cpp:25] actor 2199027449856 switch to &NaiveActor::HandlerNormal
I1013 11:51:17.022114  6955 thread.cpp:96] Thread 1048578 construct Actor kCopyHd 2199027449856
I1013 11:51:17.021772  6918 runtime_context.cpp:29] DecreaseCounter constructing_actor_cnt, current val is 354
I1013 11:51:17.020874  6924 runtime_context.cpp:29] DecreaseCounter constructing_actor_cnt, current val is 358
I1013 11:51:17.021832  6944 runtime_context.cpp:29] DecreaseCounter constructing_actor_cnt, current val is 352
I1013 11:51:17.022289  6945 naive_actor.cpp:25] actor 1099614388225 switch to &NaiveActor::HandlerNormal
I1013 11:51:17.022136  6951 runtime_context.cpp:29] DecreaseCounter constructing_actor_cnt, current val is 351
I1013 11:51:17.022154  6955 runtime_context.cpp:29] DecreaseCounter constructing_actor_cnt, current val is 350
I1013 11:51:17.019470  6953 runtime_context.cpp:29] DecreaseCounter constructing_actor_cnt, current val is 374
I1013 11:51:17.022327  6945 thread.cpp:96] Thread 524337 construct Actor kDeviceTick 1099614388225
I1013 11:51:17.022467  6945 runtime_context.cpp:29] DecreaseCounter constructing_actor_cnt, current val is 349
I1013 11:51:17.022536  6955 naive_actor.cpp:25] actor 2199027449857 switch to &NaiveActor::HandlerNormal
I1013 11:51:17.022588  6955 thread.cpp:96] Thread 1048578 construct Actor kCopyHd 2199027449857
I1013 11:51:17.022608  6953 naive_actor.cpp:25] actor 2199025352705 switch to &NaiveActor::HandlerNormal
I1013 11:51:17.022651  6953 thread.cpp:96] Thread 1048577 construct Actor kSliceBoxing 2199025352705
I1013 11:51:17.022651  6955 runtime_context.cpp:29] DecreaseCounter constructing_actor_cnt, current val is 348
I1013 11:51:17.022661  6945 naive_actor.cpp:25] actor 1099614388230 switch to &NaiveActor::HandlerNormal
I1013 11:51:17.022711  6953 runtime_context.cpp:29] DecreaseCounter constructing_actor_cnt, current val is 347
I1013 11:51:17.022733  6945 thread.cpp:96] Thread 524337 construct Actor kTick 1099614388230
I1013 11:51:17.022791  6945 runtime_context.cpp:29] DecreaseCounter constructing_actor_cnt, current val is 346
I1013 11:51:17.022912  6953 naive_actor.cpp:25] actor 2199025352706 switch to &NaiveActor::HandlerNormal
I1013 11:51:17.022962  6953 thread.cpp:96] Thread 1048577 construct Actor kSliceBoxing 2199025352706
I1013 11:51:17.023033  6953 runtime_context.cpp:29] DecreaseCounter constructing_actor_cnt, current val is 345
I1013 11:51:17.023115  6945 esac_actor.cpp:73] actor 1099614388323 switch to &EsacActor::HandlerNormal
I1013 11:51:17.023211  6953 naive_actor.cpp:25] actor 2199025352707 switch to &NaiveActor::HandlerNormal
I1013 11:51:17.023216  6945 thread.cpp:96] Thread 524337 construct Actor kEsac 1099614388323
I1013 11:51:17.023242  6953 thread.cpp:96] Thread 1048577 construct Actor kSliceBoxing 2199025352707
I1013 11:51:17.023303  6953 runtime_context.cpp:29] DecreaseCounter constructing_actor_cnt, current val is 344
I1013 11:51:17.023306  6945 runtime_context.cpp:29] DecreaseCounter constructing_actor_cnt, current val is 343
I1013 11:51:17.023356  6951 naive_actor.cpp:25] actor 2199023255556 switch to &NaiveActor::HandlerNormal
I1013 11:51:17.023450  6951 thread.cpp:96] Thread 1048576 construct Actor kNormalForward 2199023255556
I1013 11:51:17.023474  6953 naive_actor.cpp:25] actor 2199025352708 switch to &NaiveActor::HandlerNormal
I1013 11:51:17.023528  6953 thread.cpp:96] Thread 1048577 construct Actor kCopyHd 2199025352708
I1013 11:51:17.023550  6951 runtime_context.cpp:29] DecreaseCounter constructing_actor_cnt, current val is 342
I1013 11:51:17.023566  6945 naive_actor.cpp:25] actor 1099614388241 switch to &NaiveActor::HandlerNormal
I1013 11:51:17.023573  6953 runtime_context.cpp:29] DecreaseCounter constructing_actor_cnt, current val is 341
I1013 11:51:17.023622  6945 thread.cpp:96] Thread 524337 construct Actor kTick 1099614388241
I1013 11:51:17.023691  6945 runtime_context.cpp:29] DecreaseCounter constructing_actor_cnt, current val is 340
I1013 11:51:17.023743  6953 naive_actor.cpp:25] actor 2199025352709 switch to &NaiveActor::HandlerNormal
I1013 11:51:17.023782  6953 thread.cpp:96] Thread 1048577 construct Actor kCopyHd 2199025352709
I1013 11:51:17.023826  6953 runtime_context.cpp:29] DecreaseCounter constructing_actor_cnt, current val is 339
I1013 11:51:17.023921  6945 naive_actor.cpp:25] actor 1099614388233 switch to &NaiveActor::HandlerNormal
I1013 11:51:17.023917  6951 naive_actor.cpp:25] actor 2199023255591 switch to &NaiveActor::HandlerNormal
I1013 11:51:17.023958  6945 thread.cpp:96] Thread 524337 construct Actor kTick 1099614388233
I1013 11:51:17.023960  6953 naive_actor.cpp:25] actor 2199025352710 switch to &NaiveActor::HandlerNormal
I1013 11:51:17.024003  6951 thread.cpp:96] Thread 1048576 construct Actor kNormalForward 2199023255591
I1013 11:51:17.024031  6953 thread.cpp:96] Thread 1048577 construct Actor kCopyHd 2199025352710
I1013 11:51:17.024034  6945 runtime_context.cpp:29] DecreaseCounter constructing_actor_cnt, current val is 338
I1013 11:51:17.024102  6951 runtime_context.cpp:29] DecreaseCounter constructing_actor_cnt, current val is 336
I1013 11:51:17.024102  6953 runtime_context.cpp:29] DecreaseCounter constructing_actor_cnt, current val is 337
I1013 11:51:17.024256  6945 naive_actor.cpp:25] actor 1099614388234 switch to &NaiveActor::HandlerNormal
I1013 11:51:17.024292  6945 thread.cpp:96] Thread 524337 construct Actor kTick 1099614388234
I1013 11:51:17.024327  6945 runtime_context.cpp:29] DecreaseCounter constructing_actor_cnt, current val is 335
I1013 11:51:17.024451  6951 naive_actor.cpp:25] actor 2199023255568 switch to &NaiveActor::HandlerNormal
I1013 11:51:17.024500  6951 thread.cpp:96] Thread 1048576 construct Actor kNormalForward 2199023255568
I1013 11:51:17.024530  6945 naive_actor.cpp:25] actor 1099614388224 switch to &NaiveActor::HandlerNormal
I1013 11:51:17.024559  6945 thread.cpp:96] Thread 524337 construct Actor kDeviceTick 1099614388224
I1013 11:51:17.024598  6945 runtime_context.cpp:29] DecreaseCounter constructing_actor_cnt, current val is 333
I1013 11:51:17.024600  6951 runtime_context.cpp:29] DecreaseCounter constructing_actor_cnt, current val is 334
I1013 11:51:17.024791  6945 naive_actor.cpp:25] actor 1099614388239 switch to &NaiveActor::HandlerNormal
I1013 11:51:17.024825  6945 thread.cpp:96] Thread 524337 construct Actor kDstSubsetTick 1099614388239
I1013 11:51:17.024864  6945 runtime_context.cpp:29] DecreaseCounter constructing_actor_cnt, current val is 332
I1013 11:51:17.025049  6945 naive_actor.cpp:25] actor 1099614388232 switch to &NaiveActor::HandlerNormal
I1013 11:51:17.025106  6945 thread.cpp:96] Thread 524337 construct Actor kTick 1099614388232
I1013 11:51:17.025146  6945 runtime_context.cpp:29] DecreaseCounter constructing_actor_cnt, current val is 331
I1013 11:51:17.025333  6945 naive_actor.cpp:25] actor 1099614388238 switch to &NaiveActor::HandlerNormal
I1013 11:51:17.025370  6945 thread.cpp:96] Thread 524337 construct Actor kTick 1099614388238
I1013 11:51:17.025405  6945 runtime_context.cpp:29] DecreaseCounter constructing_actor_cnt, current val is 330
I1013 11:51:17.025521  6951 naive_actor.cpp:25] actor 2199023255567 switch to &NaiveActor::HandlerNormal
I1013 11:51:17.025573  6951 thread.cpp:96] Thread 1048576 construct Actor kNormalForward 2199023255567
I1013 11:51:17.025591  6945 naive_actor.cpp:25] actor 1099614388226 switch to &NaiveActor::HandlerNormal
I1013 11:51:17.025619  6945 thread.cpp:96] Thread 524337 construct Actor kDeviceTick 1099614388226
I1013 11:51:17.025661  6945 runtime_context.cpp:29] DecreaseCounter constructing_actor_cnt, current val is 329
I1013 11:51:17.025663  6951 runtime_context.cpp:29] DecreaseCounter constructing_actor_cnt, current val is 328
I1013 11:51:17.025842  6945 naive_actor.cpp:25] actor 1099614388240 switch to &NaiveActor::HandlerNormal
I1013 11:51:17.025876  6945 thread.cpp:96] Thread 524337 construct Actor kTick 1099614388240
I1013 11:51:17.025919  6945 runtime_context.cpp:29] DecreaseCounter constructing_actor_cnt, current val is 327
I1013 11:51:17.026000  6951 naive_actor.cpp:25] actor 2199023255553 switch to &NaiveActor::HandlerNormal
I1013 11:51:17.026048  6951 thread.cpp:96] Thread 1048576 construct Actor kNormalForward 2199023255553
I1013 11:51:17.026118  6951 runtime_context.cpp:29] DecreaseCounter constructing_actor_cnt, current val is 326
I1013 11:51:17.026124  6945 naive_actor.cpp:25] actor 1099614388236 switch to &NaiveActor::HandlerNormal
I1013 11:51:17.026167  6945 thread.cpp:96] Thread 524337 construct Actor kSrcSubsetTick 1099614388236
I1013 11:51:17.026211  6945 runtime_context.cpp:29] DecreaseCounter constructing_actor_cnt, current val is 325
I1013 11:51:17.026397  6945 naive_actor.cpp:25] actor 1099614388227 switch to &NaiveActor::HandlerNormal
I1013 11:51:17.026448  6945 thread.cpp:96] Thread 524337 construct Actor kSrcSubsetTick 1099614388227
I1013 11:51:17.026482  6945 runtime_context.cpp:29] DecreaseCounter constructing_actor_cnt, current val is 324
I1013 11:51:17.026655  6945 naive_actor.cpp:25] actor 1099614388242 switch to &NaiveActor::HandlerNormal
I1013 11:51:17.026688  6945 thread.cpp:96] Thread 524337 construct Actor kTick 1099614388242
I1013 11:51:17.026722  6945 runtime_context.cpp:29] DecreaseCounter constructing_actor_cnt, current val is 323
I1013 11:51:17.026906  6945 naive_actor.cpp:25] actor 1099614388250 switch to &NaiveActor::HandlerNormal
I1013 11:51:17.026939  6945 thread.cpp:96] Thread 524337 construct Actor kTick 1099614388250
I1013 11:51:17.026973  6945 runtime_context.cpp:29] DecreaseCounter constructing_actor_cnt, current val is 322
I1013 11:51:17.027041  6951 naive_actor.cpp:25] actor 2199023255569 switch to &NaiveActor::HandlerNormal
I1013 11:51:17.027091  6951 thread.cpp:96] Thread 1048576 construct Actor kNormalForward 2199023255569
I1013 11:51:17.027155  6951 runtime_context.cpp:29] DecreaseCounter constructing_actor_cnt, current val is 321
I1013 11:51:17.027156  6945 naive_actor.cpp:25] actor 1099614388247 switch to &NaiveActor::HandlerNormal
I1013 11:51:17.027206  6945 thread.cpp:96] Thread 524337 construct Actor kTick 1099614388247
I1013 11:51:17.027240  6945 runtime_context.cpp:29] DecreaseCounter constructing_actor_cnt, current val is 320
I1013 11:51:17.027438  6945 naive_actor.cpp:25] actor 1099614388321 switch to &NaiveActor::HandlerNormal
I1013 11:51:17.027475  6945 thread.cpp:96] Thread 524337 construct Actor kTick 1099614388321
I1013 11:51:17.027479  6951 naive_actor.cpp:25] actor 2199023255563 switch to &NaiveActor::HandlerNormal
I1013 11:51:17.027519  6945 runtime_context.cpp:29] DecreaseCounter constructing_actor_cnt, current val is 319
I1013 11:51:17.027519  6951 thread.cpp:96] Thread 1048576 construct Actor kNormalForward 2199023255563
I1013 11:51:17.027705  6951 runtime_context.cpp:29] DecreaseCounter constructing_actor_cnt, current val is 318
I1013 11:51:17.027716  6945 naive_actor.cpp:25] actor 1099614388243 switch to &NaiveActor::HandlerNormal
I1013 11:51:17.027772  6945 thread.cpp:96] Thread 524337 construct Actor kDeviceTick 1099614388243
I1013 11:51:17.027815  6945 runtime_context.cpp:29] DecreaseCounter constructing_actor_cnt, current val is 317
I1013 11:51:17.028004  6945 naive_actor.cpp:25] actor 1099614388244 switch to &NaiveActor::HandlerNormal
I1013 11:51:17.028038  6945 thread.cpp:96] Thread 524337 construct Actor kSrcSubsetTick 1099614388244
I1013 11:51:17.028071  6945 runtime_context.cpp:29] DecreaseCounter constructing_actor_cnt, current val is 316
I1013 11:51:17.028251  6945 naive_actor.cpp:25] actor 1099614388249 switch to &NaiveActor::HandlerNormal
I1013 11:51:17.028285  6945 thread.cpp:96] Thread 524337 construct Actor kTick 1099614388249
I1013 11:51:17.028318  6945 runtime_context.cpp:29] DecreaseCounter constructing_actor_cnt, current val is 315
I1013 11:51:17.028501  6951 naive_actor.cpp:25] actor 2199023255611 switch to &NaiveActor::HandlerNormal
I1013 11:51:17.028543  6945 naive_actor.cpp:25] actor 1099614388248 switch to &NaiveActor::HandlerNormal
I1013 11:51:17.028548  6951 thread.cpp:96] Thread 1048576 construct Actor kNormalForward 2199023255611
I1013 11:51:17.028566  6945 thread.cpp:96] Thread 524337 construct Actor kDstSubsetTick 1099614388248
I1013 11:51:17.028635  6945 runtime_context.cpp:29] DecreaseCounter constructing_actor_cnt, current val is 314
I1013 11:51:17.028642  6951 runtime_context.cpp:29] DecreaseCounter constructing_actor_cnt, current val is 313
I1013 11:51:17.028812  6945 naive_actor.cpp:25] actor 1099614388251 switch to &NaiveActor::HandlerNormal
I1013 11:51:17.028848  6945 thread.cpp:96] Thread 524337 construct Actor kTick 1099614388251
I1013 11:51:17.028882  6945 runtime_context.cpp:29] DecreaseCounter constructing_actor_cnt, current val is 312
I1013 11:51:17.029059  6945 naive_actor.cpp:25] actor 1099614388256 switch to &NaiveActor::HandlerNormal
I1013 11:51:17.029093  6945 thread.cpp:96] Thread 524337 construct Actor kTick 1099614388256
I1013 11:51:17.029134  6945 runtime_context.cpp:29] DecreaseCounter constructing_actor_cnt, current val is 311
I1013 11:51:17.029314  6945 naive_actor.cpp:25] actor 1099614388253 switch to &NaiveActor::HandlerNormal
I1013 11:51:17.029348  6945 thread.cpp:96] Thread 524337 construct Actor kSrcSubsetTick 1099614388253
I1013 11:51:17.029383  6945 runtime_context.cpp:29] DecreaseCounter constructing_actor_cnt, current val is 310
I1013 11:51:17.029508  6951 naive_actor.cpp:25] actor 2199023255579 switch to &NaiveActor::HandlerNormal
I1013 11:51:17.029557  6951 thread.cpp:96] Thread 1048576 construct Actor kNormalForward 2199023255579
I1013 11:51:17.029567  6945 naive_actor.cpp:25] actor 1099614388252 switch to &NaiveActor::HandlerNormal
I1013 11:51:17.029604  6945 thread.cpp:96] Thread 524337 construct Actor kDeviceTick 1099614388252
I1013 11:51:17.029644  6945 runtime_context.cpp:29] DecreaseCounter constructing_actor_cnt, current val is 308
I1013 11:51:17.029642  6951 runtime_context.cpp:29] DecreaseCounter constructing_actor_cnt, current val is 309
I1013 11:51:17.029855  6945 naive_actor.cpp:25] actor 1099614388316 switch to &NaiveActor::HandlerNormal
I1013 11:51:17.029889  6945 thread.cpp:96] Thread 524337 construct Actor kTick 1099614388316
I1013 11:51:17.029925  6945 runtime_context.cpp:29] DecreaseCounter constructing_actor_cnt, current val is 307
I1013 11:51:17.029970  6951 naive_actor.cpp:25] actor 2199023255571 switch to &NaiveActor::HandlerNormal
I1013 11:51:17.030016  6951 thread.cpp:96] Thread 1048576 construct Actor kNormalForward 2199023255571
I1013 11:51:17.030081  6951 runtime_context.cpp:29] DecreaseCounter constructing_actor_cnt, current val is 306
I1013 11:51:17.030120  6945 naive_actor.cpp:25] actor 1099614388259 switch to &NaiveActor::HandlerNormal
I1013 11:51:17.030151  6945 thread.cpp:96] Thread 524337 construct Actor kTick 1099614388259
I1013 11:51:17.030229  6945 runtime_context.cpp:29] DecreaseCounter constructing_actor_cnt, current val is 305
I1013 11:51:17.030419  6945 naive_actor.cpp:25] actor 1099614388258 switch to &NaiveActor::HandlerNormal
I1013 11:51:17.030467  6945 thread.cpp:96] Thread 524337 construct Actor kTick 1099614388258
I1013 11:51:17.030501  6945 runtime_context.cpp:29] DecreaseCounter constructing_actor_cnt, current val is 304
I1013 11:51:17.030719  6945 naive_actor.cpp:25] actor 1099614388257 switch to &NaiveActor::HandlerNormal
I1013 11:51:17.030752  6945 thread.cpp:96] Thread 524337 construct Actor kDstSubsetTick 1099614388257
I1013 11:51:17.030789  6945 runtime_context.cpp:29] DecreaseCounter constructing_actor_cnt, current val is 303
I1013 11:51:17.030959  6951 naive_actor.cpp:25] actor 2199023255564 switch to &NaiveActor::HandlerNormal
I1013 11:51:17.030969  6945 naive_actor.cpp:25] actor 1099614388260 switch to &NaiveActor::HandlerNormal
I1013 11:51:17.031013  6951 thread.cpp:96] Thread 1048576 construct Actor kNormalForward 2199023255564
I1013 11:51:17.031028  6945 thread.cpp:96] Thread 524337 construct Actor kTick 1099614388260
I1013 11:51:17.031085  6945 runtime_context.cpp:29] DecreaseCounter constructing_actor_cnt, current val is 302
I1013 11:51:17.031103  6951 runtime_context.cpp:29] DecreaseCounter constructing_actor_cnt, current val is 301
I1013 11:51:17.031266  6945 naive_actor.cpp:25] actor 1099614388268 switch to &NaiveActor::HandlerNormal
I1013 11:51:17.031301  6945 thread.cpp:96] Thread 524337 construct Actor kTick 1099614388268
I1013 11:51:17.031334  6945 runtime_context.cpp:29] DecreaseCounter constructing_actor_cnt, current val is 300
I1013 11:51:17.031531  6945 naive_actor.cpp:25] actor 1099614388267 switch to &NaiveActor::HandlerNormal
I1013 11:51:17.031565  6945 thread.cpp:96] Thread 524337 construct Actor kTick 1099614388267
I1013 11:51:17.031599  6945 runtime_context.cpp:29] DecreaseCounter constructing_actor_cnt, current val is 299
I1013 11:51:17.031780  6945 naive_actor.cpp:25] actor 1099614388261 switch to &NaiveActor::HandlerNormal
I1013 11:51:17.031813  6945 thread.cpp:96] Thread 524337 construct Actor kDeviceTick 1099614388261
I1013 11:51:17.031847  6945 runtime_context.cpp:29] DecreaseCounter constructing_actor_cnt, current val is 298
I1013 11:51:17.032021  6945 naive_actor.cpp:25] actor 1099614388262 switch to &NaiveActor::HandlerNormal
I1013 11:51:17.032034  6951 naive_actor.cpp:25] actor 2199023255558 switch to &NaiveActor::HandlerNormal
I1013 11:51:17.032056  6945 thread.cpp:96] Thread 524337 construct Actor kSrcSubsetTick 1099614388262
I1013 11:51:17.032083  6951 thread.cpp:96] Thread 1048576 construct Actor kNormalForward 2199023255558
I1013 11:51:17.032114  6945 runtime_context.cpp:29] DecreaseCounter constructing_actor_cnt, current val is 297
I1013 11:51:17.032151  6951 runtime_context.cpp:29] DecreaseCounter constructing_actor_cnt, current val is 296
I1013 11:51:17.032337  6945 naive_actor.cpp:25] actor 1099614388266 switch to &NaiveActor::HandlerNormal
I1013 11:51:17.032372  6945 thread.cpp:96] Thread 524337 construct Actor kDstSubsetTick 1099614388266
I1013 11:51:17.032409  6945 runtime_context.cpp:29] DecreaseCounter constructing_actor_cnt, current val is 295
I1013 11:51:17.032619  6945 naive_actor.cpp:25] actor 1099614388265 switch to &NaiveActor::HandlerNormal
I1013 11:51:17.032655  6945 thread.cpp:96] Thread 524337 construct Actor kTick 1099614388265
I1013 11:51:17.032696  6945 runtime_context.cpp:29] DecreaseCounter constructing_actor_cnt, current val is 294
I1013 11:51:17.032905  6945 naive_actor.cpp:25] actor 1099614388322 switch to &NaiveActor::HandlerNormal
I1013 11:51:17.032939  6945 thread.cpp:96] Thread 524337 construct Actor kTick 1099614388322
I1013 11:51:17.032974  6945 runtime_context.cpp:29] DecreaseCounter constructing_actor_cnt, current val is 293
I1013 11:51:17.032976  6951 naive_actor.cpp:25] actor 2199023255572 switch to &NaiveActor::HandlerNormal
I1013 11:51:17.033030  6951 thread.cpp:96] Thread 1048576 construct Actor kNormalForward 2199023255572
I1013 11:51:17.033174  6945 naive_actor.cpp:25] actor 1099614388270 switch to &NaiveActor::HandlerNormal
I1013 11:51:17.033196  6945 thread.cpp:96] Thread 524337 construct Actor kSrcSubsetTick 1099614388270
I1013 11:51:17.033197  6951 runtime_context.cpp:29] DecreaseCounter constructing_actor_cnt, current val is 292
I1013 11:51:17.033228  6945 runtime_context.cpp:29] DecreaseCounter constructing_actor_cnt, current val is 291
I1013 11:51:17.033418  6945 naive_actor.cpp:25] actor 1099614388320 switch to &NaiveActor::HandlerNormal
I1013 11:51:17.033460  6945 thread.cpp:96] Thread 524337 construct Actor kTick 1099614388320
I1013 11:51:17.033506  6945 runtime_context.cpp:29] DecreaseCounter constructing_actor_cnt, current val is 290
I1013 11:51:17.033690  6945 naive_actor.cpp:25] actor 1099614388269 switch to &NaiveActor::HandlerNormal
I1013 11:51:17.033726  6945 thread.cpp:96] Thread 524337 construct Actor kDeviceTick 1099614388269
I1013 11:51:17.033761  6945 runtime_context.cpp:29] DecreaseCounter constructing_actor_cnt, current val is 289
I1013 11:51:17.033941  6945 naive_actor.cpp:25] actor 1099614388276 switch to &NaiveActor::HandlerNormal
I1013 11:51:17.033974  6945 thread.cpp:96] Thread 524337 construct Actor kTick 1099614388276
I1013 11:51:17.034008  6945 runtime_context.cpp:29] DecreaseCounter constructing_actor_cnt, current val is 288
I1013 11:51:17.034163  6951 naive_actor.cpp:25] actor 2199023255559 switch to &NaiveActor::HandlerNormal
I1013 11:51:17.034178  6945 naive_actor.cpp:25] actor 1099614388273 switch to &NaiveActor::HandlerNormal
I1013 11:51:17.034219  6951 thread.cpp:96] Thread 1048576 construct Actor kNormalForward 2199023255559
I1013 11:51:17.034233  6945 thread.cpp:96] Thread 524337 construct Actor kTick 1099614388273
I1013 11:51:17.034286  6945 runtime_context.cpp:29] DecreaseCounter constructing_actor_cnt, current val is 287
I1013 11:51:17.034301  6951 runtime_context.cpp:29] DecreaseCounter constructing_actor_cnt, current val is 286
I1013 11:51:17.034495  6945 naive_actor.cpp:25] actor 1099614388274 switch to &NaiveActor::HandlerNormal
I1013 11:51:17.034528  6945 thread.cpp:96] Thread 524337 construct Actor kDstSubsetTick 1099614388274
I1013 11:51:17.034564  6945 runtime_context.cpp:29] DecreaseCounter constructing_actor_cnt, current val is 285
I1013 11:51:17.034617  6951 naive_actor.cpp:25] actor 2199023255586 switch to &NaiveActor::HandlerNormal
I1013 11:51:17.034667  6951 thread.cpp:96] Thread 1048576 construct Actor kNormalForward 2199023255586
I1013 11:51:17.034732  6951 runtime_context.cpp:29] DecreaseCounter constructing_actor_cnt, current val is 284
I1013 11:51:17.034771  6945 naive_actor.cpp:25] actor 1099614388277 switch to &NaiveActor::HandlerNormal
I1013 11:51:17.034801  6945 thread.cpp:96] Thread 524337 construct Actor kTick 1099614388277
I1013 11:51:17.034835  6945 runtime_context.cpp:29] DecreaseCounter constructing_actor_cnt, current val is 283
I1013 11:51:17.035008  6945 naive_actor.cpp:25] actor 1099614388279 switch to &NaiveActor::HandlerNormal
I1013 11:51:17.035041  6945 thread.cpp:96] Thread 524337 construct Actor kSrcSubsetTick 1099614388279
I1013 11:51:17.035074  6945 runtime_context.cpp:29] DecreaseCounter constructing_actor_cnt, current val is 282
I1013 11:51:17.035265  6945 naive_actor.cpp:25] actor 1099614388282 switch to &NaiveActor::HandlerNormal
I1013 11:51:17.035298  6945 thread.cpp:96] Thread 524337 construct Actor kDstSubsetTick 1099614388282
I1013 11:51:17.035333  6945 runtime_context.cpp:29] DecreaseCounter constructing_actor_cnt, current val is 281
I1013 11:51:17.035508  6951 naive_actor.cpp:25] actor 2199023255584 switch to &NaiveActor::HandlerNormal
I1013 11:51:17.035511  6945 naive_actor.cpp:25] actor 1099614388281 switch to &NaiveActor::HandlerNormal
I1013 11:51:17.035553  6951 thread.cpp:96] Thread 1048576 construct Actor kNormalForward 2199023255584
I1013 11:51:17.035578  6945 thread.cpp:96] Thread 524337 construct Actor kTick 1099614388281
I1013 11:51:17.035631  6945 runtime_context.cpp:29] DecreaseCounter constructing_actor_cnt, current val is 280
I1013 11:51:17.035641  6951 runtime_context.cpp:29] DecreaseCounter constructing_actor_cnt, current val is 279
I1013 11:51:17.035845  6945 naive_actor.cpp:25] actor 1099614388275 switch to &NaiveActor::HandlerNormal
I1013 11:51:17.035887  6945 thread.cpp:96] Thread 524337 construct Actor kTick 1099614388275
I1013 11:51:17.035929  6945 runtime_context.cpp:29] DecreaseCounter constructing_actor_cnt, current val is 278
I1013 11:51:17.036125  6945 naive_actor.cpp:25] actor 1099614388284 switch to &NaiveActor::HandlerNormal
I1013 11:51:17.036159  6945 thread.cpp:96] Thread 524337 construct Actor kTick 1099614388284
I1013 11:51:17.036191  6945 runtime_context.cpp:29] DecreaseCounter constructing_actor_cnt, current val is 277
I1013 11:51:17.036370  6945 naive_actor.cpp:25] actor 1099614388283 switch to &NaiveActor::HandlerNormal
I1013 11:51:17.036402  6945 thread.cpp:96] Thread 524337 construct Actor kTick 1099614388283
I1013 11:51:17.036409  6951 naive_actor.cpp:25] actor 2199023255560 switch to &NaiveActor::HandlerNormal
I1013 11:51:17.036449  6945 runtime_context.cpp:29] DecreaseCounter constructing_actor_cnt, current val is 276
I1013 11:51:17.036463  6951 thread.cpp:96] Thread 1048576 construct Actor kNormalForward 2199023255560
I1013 11:51:17.036525  6951 runtime_context.cpp:29] DecreaseCounter constructing_actor_cnt, current val is 275
I1013 11:51:17.036675  6945 reentrant_lock_actor.cpp:76] actor 1099614388285 switch to &ReentrantLockActor::HandlerNormal
I1013 11:51:17.036707  6945 thread.cpp:96] Thread 524337 construct Actor kReentrantLock 1099614388285
I1013 11:51:17.036742  6945 runtime_context.cpp:29] DecreaseCounter constructing_actor_cnt, current val is 274
I1013 11:51:17.036919  6945 naive_actor.cpp:25] actor 1099614388287 switch to &NaiveActor::HandlerNormal
I1013 11:51:17.036953  6945 thread.cpp:96] Thread 524337 construct Actor kTick 1099614388287
I1013 11:51:17.036986  6945 runtime_context.cpp:29] DecreaseCounter constructing_actor_cnt, current val is 273
I1013 11:51:17.037168  6945 naive_actor.cpp:25] actor 1099614388298 switch to &NaiveActor::HandlerNormal
I1013 11:51:17.037201  6945 thread.cpp:96] Thread 524337 construct Actor kTick 1099614388298
I1013 11:51:17.037228  6951 naive_actor.cpp:25] actor 2199023255577 switch to &NaiveActor::HandlerNormal
I1013 11:51:17.037235  6945 runtime_context.cpp:29] DecreaseCounter constructing_actor_cnt, current val is 272
I1013 11:51:17.037262  6951 thread.cpp:96] Thread 1048576 construct Actor kNormalForward 2199023255577
I1013 11:51:17.037330  6951 runtime_context.cpp:29] DecreaseCounter constructing_actor_cnt, current val is 271
I1013 11:51:17.037456  6945 naive_actor.cpp:25] actor 1099614388297 switch to &NaiveActor::HandlerNormal
I1013 11:51:17.037494  6945 thread.cpp:96] Thread 524337 construct Actor kTick 1099614388297
I1013 11:51:17.037528  6945 runtime_context.cpp:29] DecreaseCounter constructing_actor_cnt, current val is 270
I1013 11:51:17.037621  6951 naive_actor.cpp:25] actor 2199023255581 switch to &NaiveActor::HandlerNormal
I1013 11:51:17.037662  6951 thread.cpp:96] Thread 1048576 construct Actor kNormalForward 2199023255581
I1013 11:51:17.037714  6951 runtime_context.cpp:29] DecreaseCounter constructing_actor_cnt, current val is 269
I1013 11:51:17.037715  6945 naive_actor.cpp:25] actor 1099614388288 switch to &NaiveActor::HandlerNormal
I1013 11:51:17.037756  6945 thread.cpp:96] Thread 524337 construct Actor kTick 1099614388288
I1013 11:51:17.037798  6945 runtime_context.cpp:29] DecreaseCounter constructing_actor_cnt, current val is 268
I1013 11:51:17.037984  6945 naive_actor.cpp:25] actor 1099614388289 switch to &NaiveActor::HandlerNormal
I1013 11:51:17.038017  6945 thread.cpp:96] Thread 524337 construct Actor kTick 1099614388289
I1013 11:51:17.038050  6945 runtime_context.cpp:29] DecreaseCounter constructing_actor_cnt, current val is 267
I1013 11:51:17.038219  6945 naive_actor.cpp:25] actor 1099614388296 switch to &NaiveActor::HandlerNormal
I1013 11:51:17.038252  6945 thread.cpp:96] Thread 524337 construct Actor kTick 1099614388296
I1013 11:51:17.038336  6945 runtime_context.cpp:29] DecreaseCounter constructing_actor_cnt, current val is 266
I1013 11:51:17.038338  6951 naive_actor.cpp:25] actor 2199023255570 switch to &NaiveActor::HandlerNormal
I1013 11:51:17.038408  6951 thread.cpp:96] Thread 1048576 construct Actor kNormalForward 2199023255570
I1013 11:51:17.038487  6951 runtime_context.cpp:29] DecreaseCounter constructing_actor_cnt, current val is 265
I1013 11:51:17.038556  6945 naive_actor.cpp:25] actor 1099614388291 switch to &NaiveActor::HandlerNormal
I1013 11:51:17.038589  6945 thread.cpp:96] Thread 524337 construct Actor kTick 1099614388291
I1013 11:51:17.038621  6945 runtime_context.cpp:29] DecreaseCounter constructing_actor_cnt, current val is 264
