Log file created at: 2021/10/13 15:26:50
Running on machine: oneflow-14
Log line format: [IWEF]mmdd hh:mm:ss.uuuuuu threadid file:line] msg
I1013 15:26:50.542981 22532 global.h:36] NewGlobal 14cudaDeviceProp
I1013 15:26:50.545146 22532 global.h:36] NewGlobal N7oneflow7EnvDescE
I1013 15:26:50.545173 22532 global.h:36] NewGlobal N7oneflow10ProcessCtxE
I1013 15:26:50.545182 22532 env_global_objects_scope.cpp:152] using rpc backend: local
I1013 15:26:50.545210 22532 global.h:36] NewGlobal N7oneflow12ResourceDescE
I1013 15:26:50.545223 22532 global.h:36] NewGlobal N7oneflow12ResourceDescE
I1013 15:26:50.620544 22532 global.h:36] NewGlobal N7oneflow10ThreadPoolE
I1013 15:26:50.621750 22532 global.h:36] NewGlobal N7oneflow16EagerNcclCommMgrE
I1013 15:26:50.621767 22532 global.h:36] NewGlobal N7oneflow18CudnnConvAlgoCacheE
I1013 15:26:50.621775 22532 global.h:36] NewGlobal N7oneflow2vm19VirtualMachineScopeE
I1013 15:26:50.621784 22532 global.h:36] NewGlobal N7oneflow9OneflowVME
I1013 15:26:50.622699 22532 oneflow_vm.cpp:75] transport stream type: N7oneflow2vm13CpuStreamTypeE
I1013 15:26:50.622716 22532 oneflow_vm.cpp:75] transport stream type: N7oneflow2vm14CudaStreamTypeE
I1013 15:26:50.622725 22532 oneflow_vm.cpp:75] transport stream type: N7oneflow2vm19AsyncCudaStreamTypeE
I1013 15:26:50.622882 22532 global.h:36] NewGlobal N7oneflow27EagerJobBuildAndInferCtxMgrE
I1013 15:26:50.622897 22532 global.h:36] NewGlobal N7oneflow12EpollCommNetE
I1013 15:26:50.623023 22532 epoll_comm_network.cpp:63] CommNet:Epoll listening on 0.0.0.0:32960
I1013 15:26:50.623059 22532 epoll_comm_network.cpp:197] machine 0 sockfd -1
I1013 15:26:50.623172 22532 global.h:36] NewGlobal N7oneflow9TransportE
I1013 15:26:50.624948 22532 global.h:43] DeleteGlobal N7oneflow12ResourceDescE
I1013 15:26:50.624975 22532 version.cpp:22] OneFlow git version: b295ca2324
I1013 15:26:50.624991 22532 device_register_gpu.cpp:56] CUDA runtime version: 11.2
I1013 15:26:50.625017 22532 device_register_gpu.cpp:65] cuDNN version: 8.1.1
I1013 15:26:50.625027 22532 device_register_gpu.cpp:78] NCCL version: 2.9.8
I1013 15:26:50.625036 22532 global.h:36] NewGlobal N7oneflow12ResourceDescE
I1013 15:26:50.625044 22532 global.h:36] NewGlobal N7oneflow5IDMgrE
I1013 15:26:50.625057 22532 global.h:36] NewGlobal N7oneflow16AvailableMemDescE
I1013 15:26:50.625082 22532 global.h:36] NewGlobal St13unordered_mapISslSt4hashISsESt8equal_toISsESaISt4pairIKSslEEE
I1013 15:26:50.625090 22532 global.h:36] NewGlobal N7oneflow19CriticalSectionDescE
I1013 15:26:50.625097 22532 global.h:36] NewGlobal N7oneflow16InterUserJobInfoE
I1013 15:26:50.625105 22532 global.h:36] NewGlobal N7oneflow26LazyJobBuildAndInferCtxMgrE
I1013 15:26:50.625113 22532 global.h:36] NewGlobal N7oneflow16JobSetCompileCtxE
I1013 15:26:50.625120 22532 global.h:36] NewGlobal N7oneflow26RuntimeBufferManagersScopeE
I1013 15:26:50.625128 22532 global.h:36] NewGlobal N7oneflow9BufferMgrIlEE
I1013 15:26:50.625133 22532 global.h:36] NewGlobal N7oneflow9BufferMgrISt10shared_ptrINS_11JobInstanceEEEE
I1013 15:26:50.625141 22532 global.h:36] NewGlobal N7oneflow10RuntimeCtxE
I1013 15:26:50.625149 22532 global.h:36] NewGlobal N7oneflow15MemoryAllocatorE
I1013 15:26:50.625154 22532 global.h:36] NewGlobal N7oneflow8ChunkMgrE
I1013 15:26:50.625161 22532 global.h:36] NewGlobal N7oneflow8RegstMgrE
I1013 15:26:50.625167 22532 global.h:36] NewGlobal N7oneflow11ActorMsgBusE
I1013 15:26:50.625174 22532 global.h:36] NewGlobal N7oneflow9ThreadMgrE
I1013 15:26:50.625180 22532 global.h:36] NewGlobal N7oneflow15RuntimeJobDescsE
I1013 15:26:50.625187 22532 global.h:36] NewGlobal N7oneflow7summary12EventsWriterE
I1013 15:26:50.625196 22532 global.h:36] NewGlobal N7oneflow6boxing10collective24CollectiveBoxingExecutorE
I1013 15:26:50.625203 22532 global.h:36] NewGlobal N7oneflow6boxing10collective31CollectiveBoxingDeviceCtxPollerE
I1013 15:26:50.625334 22532 session.h:77] NewGlobal N7oneflow25SessionGlobalObjectsScopeE
I1013 15:26:50.626063 22532 global.h:36] NewGlobal N7oneflow7JobDescE
I1013 15:26:51.009634 22532 global.h:43] DeleteGlobal N7oneflow7JobDescE
I1013 15:26:51.009850 22532 global.h:36] NewGlobal N7oneflow7JobDescE
I1013 15:26:51.012907 22532 global.h:36] NewGlobal N7oneflow7OpGraphE
I1013 15:26:51.016789 22532 global.h:43] DeleteGlobal N7oneflow7OpGraphE
I1013 15:26:51.170398 22532 global.h:43] DeleteGlobal N7oneflow7JobDescE
I1013 15:26:51.185748 22532 global.h:36] NewGlobal N7oneflow24InterJobReuseMemStrategyE
I1013 15:26:51.185773 22532 global.h:36] NewGlobal N7oneflow7OneflowE
I1013 15:26:51.197299 22532 global.h:36] NewGlobal N7oneflow7JobDescE
I1013 15:26:51.397585 22532 global.h:36] NewGlobal N7oneflow7OpGraphE
I1013 15:26:51.469699 22532 global.h:43] DeleteGlobal N7oneflow7OpGraphE
I1013 15:26:51.479514 22532 oneflow.cpp:210] 
job_id: 0 , job_name: train_job , compile time: 0.282171 seconds.
I1013 15:26:51.525745 22532 global.h:43] DeleteGlobal N7oneflow7JobDescE
I1013 15:26:51.526080 22532 global.h:36] NewGlobal N7oneflow7JobDescE
I1013 15:26:51.574882 22532 global.h:36] NewGlobal N7oneflow7OpGraphE
I1013 15:26:51.592945 22532 global.h:43] DeleteGlobal N7oneflow7OpGraphE
I1013 15:26:51.597438 22532 oneflow.cpp:210] 
job_id: 1 , job_name: System-ModelInit , compile time: 0.0710687 seconds.
I1013 15:26:51.609184 22532 global.h:43] DeleteGlobal N7oneflow7JobDescE
I1013 15:26:51.609212 22532 global.h:36] NewGlobal N7oneflow7JobDescE
I1013 15:26:51.653633 22532 global.h:36] NewGlobal N7oneflow7OpGraphE
I1013 15:26:51.670045 22532 global.h:43] DeleteGlobal N7oneflow7OpGraphE
I1013 15:26:51.674914 22532 oneflow.cpp:210] 
job_id: 2 , job_name: System-ModelLoad , compile time: 0.0656824 seconds.
I1013 15:26:51.686512 22532 global.h:43] DeleteGlobal N7oneflow7JobDescE
I1013 15:26:51.686599 22532 global.h:36] NewGlobal N7oneflow7JobDescE
I1013 15:26:51.732018 22532 global.h:36] NewGlobal N7oneflow7OpGraphE
I1013 15:26:51.749159 22532 global.h:43] DeleteGlobal N7oneflow7OpGraphE
I1013 15:26:51.753451 22532 oneflow.cpp:210] 
job_id: 3 , job_name: System-ModelSave , compile time: 0.0668324 seconds.
I1013 15:26:51.765384 22532 global.h:43] DeleteGlobal N7oneflow7JobDescE
I1013 15:26:51.765456 22532 global.h:36] NewGlobal N7oneflow7JobDescE
I1013 15:26:51.773671 22532 global.h:36] NewGlobal N7oneflow7OpGraphE
I1013 15:26:51.777216 22532 global.h:43] DeleteGlobal N7oneflow7OpGraphE
I1013 15:26:51.778606 22532 oneflow.cpp:210] 
job_id: 4 , job_name: System-Pull-Return_20 , compile time: 0.0131305 seconds.
I1013 15:26:51.782059 22532 global.h:43] DeleteGlobal N7oneflow7JobDescE
I1013 15:26:51.786290 22532 global.h:36] NewGlobal N7oneflow7JobDescE
I1013 15:26:51.786373 22532 global.h:36] NewGlobal N7oneflow7OpGraphE
I1013 15:26:51.791919 22532 global.h:43] DeleteGlobal N7oneflow7OpGraphE
I1013 15:26:51.795307 22532 oneflow.cpp:210] 
job_id: 5 , job_name: MainJob-unamed , compile time: 0.00894259 seconds.
I1013 15:26:51.802282 22532 global.h:43] DeleteGlobal N7oneflow7JobDescE
I1013 15:26:51.804919 22532 plan_util.cpp:928]  Plan: merged_plan needs to allocate [ 374.837 MiB ] device memory in Rank: 0 , Device: 0
I1013 15:26:51.909932 22532 oneflow.cpp:998]  PushPlan merged_plan time: 0.0116357 seconds.
I1013 15:26:51.938398 22532 oneflow.cpp:1014]  PullPlan merged_plan time: 0.0245714 seconds.
I1013 15:26:53.994408 22532 runtime_context.cpp:21] NewCounter constructing_actor_cnt 388
I1013 15:26:53.995537 23185 naive_actor.cpp:25] actor 2199023255699 switch to &NaiveActor::HandlerNormal
I1013 15:26:53.995640 23185 thread.cpp:96] Thread 1048576 construct Actor kDeviceTick 2199023255699
I1013 15:26:53.995682 23160 naive_actor.cpp:25] actor 1099614388226 switch to &NaiveActor::HandlerNormal
I1013 15:26:53.995756 23185 runtime_context.cpp:29] DecreaseCounter constructing_actor_cnt, current val is 387
I1013 15:26:53.995837 23161 wait_and_send_ids_actor.cpp:53] actor 1099616485376 switch to &WaitAndSendIdsActor::HandlerWaitToStart
I1013 15:26:53.995829 23160 thread.cpp:96] Thread 524337 construct Actor kDeviceTick 1099614388226
I1013 15:26:53.995875 23161 thread.cpp:96] Thread 524338 construct Actor kWaitAndSendIds 1099616485376
I1013 15:26:53.996019 23160 runtime_context.cpp:29] DecreaseCounter constructing_actor_cnt, current val is 386
I1013 15:26:53.996093 23161 runtime_context.cpp:29] DecreaseCounter constructing_actor_cnt, current val is 385
I1013 15:26:53.996280 23185 naive_actor.cpp:25] actor 2199023255738 switch to &NaiveActor::HandlerNormal
I1013 15:26:53.996320 23185 thread.cpp:96] Thread 1048576 construct Actor kDeviceTick 2199023255738
I1013 15:26:53.996374 23185 runtime_context.cpp:29] DecreaseCounter constructing_actor_cnt, current val is 384
I1013 15:26:53.996399 23160 naive_actor.cpp:25] actor 1099614388233 switch to &NaiveActor::HandlerNormal
I1013 15:26:53.996448 23160 thread.cpp:96] Thread 524337 construct Actor kDeviceTick 1099614388233
I1013 15:26:53.996500 23160 runtime_context.cpp:29] DecreaseCounter constructing_actor_cnt, current val is 383
I1013 15:26:53.996690 23185 naive_actor.cpp:25] actor 2199023255777 switch to &NaiveActor::HandlerNormal
I1013 15:26:53.996726 23185 thread.cpp:96] Thread 1048576 construct Actor kDeviceTick 2199023255777
I1013 15:26:53.996778 23185 runtime_context.cpp:29] DecreaseCounter constructing_actor_cnt, current val is 382
I1013 15:26:53.996793 23160 naive_actor.cpp:25] actor 1099614388243 switch to &NaiveActor::HandlerNormal
I1013 15:26:53.996820 23160 thread.cpp:96] Thread 524337 construct Actor kDeviceTick 1099614388243
I1013 15:26:53.996876 23160 runtime_context.cpp:29] DecreaseCounter constructing_actor_cnt, current val is 381
I1013 15:26:53.997035 23185 naive_actor.cpp:25] actor 2199023255816 switch to &NaiveActor::HandlerNormal
I1013 15:26:53.997068 23185 thread.cpp:96] Thread 1048576 construct Actor kDeviceTick 2199023255816
I1013 15:26:53.997085 23160 naive_actor.cpp:25] actor 1099614388252 switch to &NaiveActor::HandlerNormal
I1013 15:26:53.997117 23185 runtime_context.cpp:29] DecreaseCounter constructing_actor_cnt, current val is 380
I1013 15:26:53.997118 23160 thread.cpp:96] Thread 524337 construct Actor kDeviceTick 1099614388252
I1013 15:26:53.997195 23160 runtime_context.cpp:29] DecreaseCounter constructing_actor_cnt, current val is 379
I1013 15:26:53.997419 23160 naive_actor.cpp:25] actor 1099614388261 switch to &NaiveActor::HandlerNormal
I1013 15:26:53.997452 23160 thread.cpp:96] Thread 524337 construct Actor kDeviceTick 1099614388261
I1013 15:26:53.997501 23160 runtime_context.cpp:29] DecreaseCounter constructing_actor_cnt, current val is 378
I1013 15:26:53.997740 23160 naive_actor.cpp:25] actor 1099614388269 switch to &NaiveActor::HandlerNormal
I1013 15:26:53.997771 23160 thread.cpp:96] Thread 524337 construct Actor kDeviceTick 1099614388269
I1013 15:26:53.997819 23160 runtime_context.cpp:29] DecreaseCounter constructing_actor_cnt, current val is 377
I1013 15:26:53.998055 23160 naive_actor.cpp:25] actor 1099614388276 switch to &NaiveActor::HandlerNormal
I1013 15:26:53.998087 23160 thread.cpp:96] Thread 524337 construct Actor kDeviceTick 1099614388276
I1013 15:26:53.998138 23160 runtime_context.cpp:29] DecreaseCounter constructing_actor_cnt, current val is 376
I1013 15:26:54.006832 23156 naive_actor.cpp:25] actor 1099549376512 switch to &NaiveActor::HandlerNormal
I1013 15:26:54.006911 23143 naive_actor.cpp:25] actor 1099522113536 switch to &NaiveActor::HandlerNormal
I1013 15:26:54.006925 23157 naive_actor.cpp:25] actor 1099551473664 switch to &NaiveActor::HandlerNormal
I1013 15:26:54.007014 23144 naive_actor.cpp:25] actor 1099524210688 switch to &NaiveActor::HandlerNormal
I1013 15:26:54.007009 23162 sink_actor.cpp:21] actor 1099618582528 switch to &SinkActor::HandlerNormal
I1013 15:26:54.007077 23156 thread.cpp:96] Thread 524306 construct Actor kNormalForward 1099549376512
I1013 15:26:54.007812 23141 naive_actor.cpp:25] actor 1099517919232 switch to &NaiveActor::HandlerNormal
I1013 15:26:54.007112 23155 naive_actor.cpp:25] actor 1099547279360 switch to &NaiveActor::HandlerNormal
I1013 15:26:54.008023 23155 thread.cpp:96] Thread 524305 construct Actor kForeignInput 1099547279360
I1013 15:26:54.007107 23187 naive_actor.cpp:25] actor 2199025352705 switch to &NaiveActor::HandlerNormal
I1013 15:26:54.008177 23187 thread.cpp:96] Thread 1048577 construct Actor kCopyHd 2199025352705
I1013 15:26:54.007258 23158 naive_actor.cpp:25] actor 1099553570816 switch to &NaiveActor::HandlerNormal
I1013 15:26:54.008389 23158 thread.cpp:96] Thread 524308 construct Actor kNormalForward 1099553570816
I1013 15:26:54.007273 23159 naive_actor.cpp:25] actor 1099555667968 switch to &NaiveActor::HandlerNormal
I1013 15:26:54.008512 23159 thread.cpp:96] Thread 524309 construct Actor kForeignOutput 1099555667968
I1013 15:26:54.007366 23145 naive_actor.cpp:25] actor 1099526307840 switch to &NaiveActor::HandlerNormal
I1013 15:26:54.007452 23151 naive_actor.cpp:25] actor 1099538890752 switch to &NaiveActor::HandlerNormal
I1013 15:26:54.007459 23185 naive_actor.cpp:25] actor 2199023255576 switch to &NaiveActor::HandlerNormal
I1013 15:26:54.007519 23142 naive_actor.cpp:25] actor 1099520016384 switch to &NaiveActor::HandlerNormal
I1013 15:26:54.008878 23142 thread.cpp:96] Thread 524292 construct Actor kNormalForward 1099520016384
I1013 15:26:54.007560 23157 thread.cpp:96] Thread 524307 construct Actor kNormalForward 1099551473664
I1013 15:26:54.007583 23153 naive_actor.cpp:25] actor 1099543085056 switch to &NaiveActor::HandlerNormal
I1013 15:26:54.007632 23154 naive_actor.cpp:25] actor 1099545182208 switch to &NaiveActor::HandlerNormal
I1013 15:26:54.009205 23154 thread.cpp:96] Thread 524304 construct Actor kNormalForward 1099545182208
I1013 15:26:54.007670 23144 thread.cpp:96] Thread 524294 construct Actor kNormalForward 1099524210688
I1013 15:26:54.007687 23140 naive_actor.cpp:25] actor 1099515822080 switch to &NaiveActor::HandlerNormal
I1013 15:26:54.007745 23148 naive_actor.cpp:25] actor 1099532599296 switch to &NaiveActor::HandlerNormal
I1013 15:26:54.009461 23148 thread.cpp:96] Thread 524298 construct Actor kNormalForward 1099532599296
I1013 15:26:54.007762 23146 naive_actor.cpp:25] actor 1099528404992 switch to &NaiveActor::HandlerNormal
I1013 15:26:54.007773 23162 thread.cpp:96] Thread 524339 construct Actor kCallbackNotify 1099618582528
I1013 15:26:54.007078 23189 naive_actor.cpp:25] actor 2199027449856 switch to &NaiveActor::HandlerNormal
I1013 15:26:54.009716 23189 thread.cpp:96] Thread 1048578 construct Actor kCopyHd 2199027449856
I1013 15:26:54.007829 23147 naive_actor.cpp:25] actor 1099530502144 switch to &NaiveActor::HandlerNormal
I1013 15:26:54.007884 23156 runtime_context.cpp:29] DecreaseCounter constructing_actor_cnt, current val is 375
I1013 15:26:54.007951 23141 thread.cpp:96] Thread 524291 construct Actor kNormalForward 1099517919232
I1013 15:26:54.007961 23139 naive_actor.cpp:25] actor 1099513724928 switch to &NaiveActor::HandlerNormal
I1013 15:26:54.009996 23141 runtime_context.cpp:29] DecreaseCounter constructing_actor_cnt, current val is 363
I1013 15:26:54.008141 23155 runtime_context.cpp:29] DecreaseCounter constructing_actor_cnt, current val is 374
I1013 15:26:54.007184 23152 naive_actor.cpp:25] actor 1099540987904 switch to &NaiveActor::HandlerNormal
I1013 15:26:54.010192 23152 thread.cpp:96] Thread 524302 construct Actor kForeignInput 1099540987904
I1013 15:26:54.008333 23187 runtime_context.cpp:29] DecreaseCounter constructing_actor_cnt, current val is 373
I1013 15:26:54.010248 23152 runtime_context.cpp:29] DecreaseCounter constructing_actor_cnt, current val is 362
I1013 15:26:54.007272 23143 thread.cpp:96] Thread 524293 construct Actor kNormalForward 1099522113536
I1013 15:26:54.008482 23158 runtime_context.cpp:29] DecreaseCounter constructing_actor_cnt, current val is 372
I1013 15:26:54.007305 23150 naive_actor.cpp:25] actor 1099536793600 switch to &NaiveActor::HandlerNormal
I1013 15:26:54.010500 23150 thread.cpp:96] Thread 524300 construct Actor kNormalForward 1099536793600
I1013 15:26:54.008683 23145 thread.cpp:96] Thread 524295 construct Actor kNormalForward 1099526307840
I1013 15:26:54.008733 23151 thread.cpp:96] Thread 524301 construct Actor kNormalForward 1099538890752
I1013 15:26:54.008767 23185 thread.cpp:96] Thread 1048576 construct Actor kNormalForward 2199023255576
I1013 15:26:54.007536 23149 naive_actor.cpp:25] actor 1099534696448 switch to &NaiveActor::HandlerNormal
I1013 15:26:54.010917 23149 thread.cpp:96] Thread 524299 construct Actor kForeignInput 1099534696448
I1013 15:26:54.009119 23157 runtime_context.cpp:29] DecreaseCounter constructing_actor_cnt, current val is 369
I1013 15:26:54.009167 23153 thread.cpp:96] Thread 524303 construct Actor kNormalForward 1099543085056
I1013 15:26:54.009274 23154 runtime_context.cpp:29] DecreaseCounter constructing_actor_cnt, current val is 368
I1013 15:26:54.011299 23153 runtime_context.cpp:29] DecreaseCounter constructing_actor_cnt, current val is 355
I1013 15:26:54.009348 23144 runtime_context.cpp:29] DecreaseCounter constructing_actor_cnt, current val is 367
I1013 15:26:54.009405 23140 thread.cpp:96] Thread 524290 construct Actor kNormalForward 1099515822080
I1013 15:26:54.009536 23148 runtime_context.cpp:29] DecreaseCounter constructing_actor_cnt, current val is 366
I1013 15:26:54.009557 23146 thread.cpp:96] Thread 524296 construct Actor kNormalForward 1099528404992
I1013 15:26:54.009678 23162 runtime_context.cpp:29] DecreaseCounter constructing_actor_cnt, current val is 365
I1013 15:26:54.009768 23189 runtime_context.cpp:29] DecreaseCounter constructing_actor_cnt, current val is 364
I1013 15:26:54.009791 23147 thread.cpp:96] Thread 524297 construct Actor kNormalForward 1099530502144
I1013 15:26:54.010005 23139 thread.cpp:96] Thread 524289 construct Actor kNormalForward 1099513724928
I1013 15:26:54.011799 23147 runtime_context.cpp:29] DecreaseCounter constructing_actor_cnt, current val is 352
I1013 15:26:54.011847 23139 runtime_context.cpp:29] DecreaseCounter constructing_actor_cnt, current val is 351
I1013 15:26:54.010375 23187 naive_actor.cpp:25] actor 2199025352708 switch to &NaiveActor::HandlerNormal
I1013 15:26:54.011925 23187 thread.cpp:96] Thread 1048577 construct Actor kCopyHd 2199025352708
I1013 15:26:54.010381 23143 runtime_context.cpp:29] DecreaseCounter constructing_actor_cnt, current val is 361
I1013 15:26:54.011983 23187 runtime_context.cpp:29] DecreaseCounter constructing_actor_cnt, current val is 350
I1013 15:26:54.008625 23159 runtime_context.cpp:29] DecreaseCounter constructing_actor_cnt, current val is 371
I1013 15:26:54.010603 23150 runtime_context.cpp:29] DecreaseCounter constructing_actor_cnt, current val is 360
I1013 15:26:54.010672 23138 naive_actor.cpp:25] actor 1099511627776 switch to &NaiveActor::HandlerNormal
I1013 15:26:54.012262 23138 thread.cpp:96] Thread 524288 construct Actor kNormalForward 1099511627776
I1013 15:26:54.010681 23145 runtime_context.cpp:29] DecreaseCounter constructing_actor_cnt, current val is 359
I1013 15:26:54.010776 23151 runtime_context.cpp:29] DecreaseCounter constructing_actor_cnt, current val is 358
I1013 15:26:54.010836 23185 runtime_context.cpp:29] DecreaseCounter constructing_actor_cnt, current val is 357
I1013 15:26:54.009037 23142 runtime_context.cpp:29] DecreaseCounter constructing_actor_cnt, current val is 370
I1013 15:26:54.011080 23149 runtime_context.cpp:29] DecreaseCounter constructing_actor_cnt, current val is 356
I1013 15:26:54.011504 23140 runtime_context.cpp:29] DecreaseCounter constructing_actor_cnt, current val is 354
I1013 15:26:54.007081 23160 naive_actor.cpp:25] actor 1099614388238 switch to &NaiveActor::HandlerNormal
I1013 15:26:54.012207 23187 naive_actor.cpp:25] actor 2199025352706 switch to &NaiveActor::HandlerNormal
I1013 15:26:54.012703 23160 thread.cpp:96] Thread 524337 construct Actor kTick 1099614388238
I1013 15:26:54.012725 23187 thread.cpp:96] Thread 1048577 construct Actor kCopyHd 2199025352706
I1013 15:26:54.011620 23146 runtime_context.cpp:29] DecreaseCounter constructing_actor_cnt, current val is 353
I1013 15:26:54.012370 23138 runtime_context.cpp:29] DecreaseCounter constructing_actor_cnt, current val is 349
I1013 15:26:54.012775 23187 runtime_context.cpp:29] DecreaseCounter constructing_actor_cnt, current val is 348
I1013 15:26:54.012789 23160 runtime_context.cpp:29] DecreaseCounter constructing_actor_cnt, current val is 347
I1013 15:26:54.013046 23187 naive_actor.cpp:25] actor 2199025352704 switch to &NaiveActor::HandlerNormal
I1013 15:26:54.013130 23187 thread.cpp:96] Thread 1048577 construct Actor kCopyHd 2199025352704
I1013 15:26:54.013186 23187 runtime_context.cpp:29] DecreaseCounter constructing_actor_cnt, current val is 346
I1013 15:26:54.013242 23160 naive_actor.cpp:25] actor 1099614388224 switch to &NaiveActor::HandlerNormal
I1013 15:26:54.013304 23160 thread.cpp:96] Thread 524337 construct Actor kDeviceTick 1099614388224
I1013 15:26:54.013330 23187 naive_actor.cpp:25] actor 2199025352707 switch to &NaiveActor::HandlerNormal
I1013 15:26:54.013356 23187 thread.cpp:96] Thread 1048577 construct Actor kCopyHd 2199025352707
I1013 15:26:54.013366 23160 runtime_context.cpp:29] DecreaseCounter constructing_actor_cnt, current val is 345
I1013 15:26:54.013387 23187 runtime_context.cpp:29] DecreaseCounter constructing_actor_cnt, current val is 344
I1013 15:26:54.013484 23187 naive_actor.cpp:25] actor 2199025352709 switch to &NaiveActor::HandlerNormal
I1013 15:26:54.013523 23187 thread.cpp:96] Thread 1048577 construct Actor kCopyHd 2199025352709
I1013 15:26:54.013557 23187 runtime_context.cpp:29] DecreaseCounter constructing_actor_cnt, current val is 343
I1013 15:26:54.013604 23185 naive_actor.cpp:25] actor 2199023255579 switch to &NaiveActor::HandlerNormal
I1013 15:26:54.013659 23185 thread.cpp:96] Thread 1048576 construct Actor kNormalForward 2199023255579
I1013 15:26:54.013717 23160 naive_actor.cpp:25] actor 1099614388230 switch to &NaiveActor::HandlerNormal
I1013 15:26:54.013728 23187 naive_actor.cpp:25] actor 2199025352710 switch to &NaiveActor::HandlerNormal
I1013 15:26:54.013733 23185 runtime_context.cpp:29] DecreaseCounter constructing_actor_cnt, current val is 342
I1013 15:26:54.013778 23160 thread.cpp:96] Thread 524337 construct Actor kTick 1099614388230
I1013 15:26:54.013798 23187 thread.cpp:96] Thread 1048577 construct Actor kCopyHd 2199025352710
I1013 15:26:54.013902 23187 runtime_context.cpp:29] DecreaseCounter constructing_actor_cnt, current val is 341
I1013 15:26:54.013912 23160 runtime_context.cpp:29] DecreaseCounter constructing_actor_cnt, current val is 340
I1013 15:26:54.014292 23160 naive_actor.cpp:25] actor 1099614388237 switch to &NaiveActor::HandlerNormal
I1013 15:26:54.014346 23160 thread.cpp:96] Thread 524337 construct Actor kDstSubsetTick 1099614388237
I1013 15:26:54.014411 23160 runtime_context.cpp:29] DecreaseCounter constructing_actor_cnt, current val is 339
I1013 15:26:54.014626 23185 naive_actor.cpp:25] actor 2199023255590 switch to &NaiveActor::HandlerNormal
I1013 15:26:54.014683 23185 thread.cpp:96] Thread 1048576 construct Actor kNormalForward 2199023255590
I1013 15:26:54.014735 23160 naive_actor.cpp:25] actor 1099614388225 switch to &NaiveActor::HandlerNormal
I1013 15:26:54.014752 23185 runtime_context.cpp:29] DecreaseCounter constructing_actor_cnt, current val is 338
I1013 15:26:54.014775 23160 thread.cpp:96] Thread 524337 construct Actor kSrcSubsetTick 1099614388225
I1013 15:26:54.014856 23160 runtime_context.cpp:29] DecreaseCounter constructing_actor_cnt, current val is 337
I1013 15:26:54.015112 23185 naive_actor.cpp:25] actor 2199023255557 switch to &NaiveActor::HandlerNormal
I1013 15:26:54.015166 23185 thread.cpp:96] Thread 1048576 construct Actor kNormalForward 2199023255557
I1013 15:26:54.015180 23160 naive_actor.cpp:25] actor 1099614388317 switch to &NaiveActor::HandlerNormal
I1013 15:26:54.015223 23160 thread.cpp:96] Thread 524337 construct Actor kTick 1099614388317
I1013 15:26:54.015240 23185 runtime_context.cpp:29] DecreaseCounter constructing_actor_cnt, current val is 336
I1013 15:26:54.015277 23160 runtime_context.cpp:29] DecreaseCounter constructing_actor_cnt, current val is 335
I1013 15:26:54.015537 23185 naive_actor.cpp:25] actor 2199023255561 switch to &NaiveActor::HandlerNormal
I1013 15:26:54.015600 23185 thread.cpp:96] Thread 1048576 construct Actor kNormalForward 2199023255561
I1013 15:26:54.015619 23160 naive_actor.cpp:25] actor 1099614388228 switch to &NaiveActor::HandlerNormal
I1013 15:26:54.015661 23160 thread.cpp:96] Thread 524337 construct Actor kTick 1099614388228
I1013 15:26:54.015673 23185 runtime_context.cpp:29] DecreaseCounter constructing_actor_cnt, current val is 334
I1013 15:26:54.015717 23160 runtime_context.cpp:29] DecreaseCounter constructing_actor_cnt, current val is 333
I1013 15:26:54.016063 23185 naive_actor.cpp:25] actor 2199023255563 switch to &NaiveActor::HandlerNormal
I1013 15:26:54.016085 23160 naive_actor.cpp:25] actor 1099614388236 switch to &NaiveActor::HandlerNormal
I1013 15:26:54.016130 23185 thread.cpp:96] Thread 1048576 construct Actor kNormalForward 2199023255563
I1013 15:26:54.016157 23160 thread.cpp:96] Thread 524337 construct Actor kTick 1099614388236
I1013 15:26:54.016225 23185 runtime_context.cpp:29] DecreaseCounter constructing_actor_cnt, current val is 332
I1013 15:26:54.016234 23160 runtime_context.cpp:29] DecreaseCounter constructing_actor_cnt, current val is 331
I1013 15:26:54.016520 23185 naive_actor.cpp:25] actor 2199023255568 switch to &NaiveActor::HandlerNormal
I1013 15:26:54.016578 23185 thread.cpp:96] Thread 1048576 construct Actor kNormalForward 2199023255568
I1013 15:26:54.016639 23185 runtime_context.cpp:29] DecreaseCounter constructing_actor_cnt, current val is 330
I1013 15:26:54.016738 23160 esac_actor.cpp:73] actor 1099614388321 switch to &EsacActor::HandlerNormal
I1013 15:26:54.016788 23160 thread.cpp:96] Thread 524337 construct Actor kEsac 1099614388321
I1013 15:26:54.016856 23160 runtime_context.cpp:29] DecreaseCounter constructing_actor_cnt, current val is 329
I1013 15:26:54.017187 23160 naive_actor.cpp:25] actor 1099614388229 switch to &NaiveActor::HandlerNormal
I1013 15:26:54.017235 23160 thread.cpp:96] Thread 524337 construct Actor kDstSubsetTick 1099614388229
I1013 15:26:54.017298 23160 runtime_context.cpp:29] DecreaseCounter constructing_actor_cnt, current val is 328
I1013 15:26:54.017406 23185 naive_actor.cpp:25] actor 2199023255575 switch to &NaiveActor::HandlerNormal
I1013 15:26:54.017457 23185 thread.cpp:96] Thread 1048576 construct Actor kNormalForward 2199023255575
I1013 15:26:54.017521 23185 runtime_context.cpp:29] DecreaseCounter constructing_actor_cnt, current val is 327
I1013 15:26:54.017629 23160 naive_actor.cpp:25] actor 1099614388232 switch to &NaiveActor::HandlerNormal
I1013 15:26:54.017678 23160 thread.cpp:96] Thread 524337 construct Actor kTick 1099614388232
I1013 15:26:54.017750 23160 runtime_context.cpp:29] DecreaseCounter constructing_actor_cnt, current val is 326
I1013 15:26:54.017889 23185 naive_actor.cpp:25] actor 2199023255553 switch to &NaiveActor::HandlerNormal
I1013 15:26:54.017935 23185 thread.cpp:96] Thread 1048576 construct Actor kNormalForward 2199023255553
I1013 15:26:54.017992 23185 runtime_context.cpp:29] DecreaseCounter constructing_actor_cnt, current val is 325
I1013 15:26:54.018080 23160 naive_actor.cpp:25] actor 1099614388234 switch to &NaiveActor::HandlerNormal
I1013 15:26:54.018127 23160 thread.cpp:96] Thread 524337 construct Actor kSrcSubsetTick 1099614388234
I1013 15:26:54.018189 23160 runtime_context.cpp:29] DecreaseCounter constructing_actor_cnt, current val is 324
I1013 15:26:54.018478 23160 naive_actor.cpp:25] actor 1099614388239 switch to &NaiveActor::HandlerNormal
I1013 15:26:54.018527 23160 thread.cpp:96] Thread 524337 construct Actor kTick 1099614388239
I1013 15:26:54.018600 23160 runtime_context.cpp:29] DecreaseCounter constructing_actor_cnt, current val is 323
I1013 15:26:54.018879 23185 naive_actor.cpp:25] actor 2199023255599 switch to &NaiveActor::HandlerNormal
I1013 15:26:54.018887 23160 naive_actor.cpp:25] actor 1099614388231 switch to &NaiveActor::HandlerNormal
I1013 15:26:54.018934 23185 thread.cpp:96] Thread 1048576 construct Actor kNormalForward 2199023255599
I1013 15:26:54.018958 23160 thread.cpp:96] Thread 524337 construct Actor kTick 1099614388231
I1013 15:26:54.019037 23185 runtime_context.cpp:29] DecreaseCounter constructing_actor_cnt, current val is 322
I1013 15:26:54.019037 23160 runtime_context.cpp:29] DecreaseCounter constructing_actor_cnt, current val is 321
I1013 15:26:54.019362 23160 naive_actor.cpp:25] actor 1099614388240 switch to &NaiveActor::HandlerNormal
I1013 15:26:54.019410 23160 thread.cpp:96] Thread 524337 construct Actor kTick 1099614388240
I1013 15:26:54.019523 23160 runtime_context.cpp:29] DecreaseCounter constructing_actor_cnt, current val is 320
I1013 15:26:54.019845 23160 naive_actor.cpp:25] actor 1099614388242 switch to &NaiveActor::HandlerNormal
I1013 15:26:54.019893 23160 thread.cpp:96] Thread 524337 construct Actor kSrcSubsetTick 1099614388242
I1013 15:26:54.019948 23185 naive_actor.cpp:25] actor 2199023255556 switch to &NaiveActor::HandlerNormal
I1013 15:26:54.019960 23160 runtime_context.cpp:29] DecreaseCounter constructing_actor_cnt, current val is 319
I1013 15:26:54.019999 23185 thread.cpp:96] Thread 1048576 construct Actor kNormalForward 2199023255556
I1013 15:26:54.020098 23185 runtime_context.cpp:29] DecreaseCounter constructing_actor_cnt, current val is 318
I1013 15:26:54.020295 23160 naive_actor.cpp:25] actor 1099614388245 switch to &NaiveActor::HandlerNormal
I1013 15:26:54.020344 23160 thread.cpp:96] Thread 524337 construct Actor kTick 1099614388245
I1013 15:26:54.020411 23160 runtime_context.cpp:29] DecreaseCounter constructing_actor_cnt, current val is 317
I1013 15:26:54.020406 23185 naive_actor.cpp:25] actor 2199023255583 switch to &NaiveActor::HandlerNormal
I1013 15:26:54.020471 23185 thread.cpp:96] Thread 1048576 construct Actor kNormalForward 2199023255583
I1013 15:26:54.020542 23185 runtime_context.cpp:29] DecreaseCounter constructing_actor_cnt, current val is 316
I1013 15:26:54.021014 23160 esac_actor.cpp:73] actor 1099614388313 switch to &EsacActor::HandlerNormal
I1013 15:26:54.021064 23160 thread.cpp:96] Thread 524337 construct Actor kEsac 1099614388313
I1013 15:26:54.021136 23160 runtime_context.cpp:29] DecreaseCounter constructing_actor_cnt, current val is 315
I1013 15:26:54.021354 23185 naive_actor.cpp:25] actor 2199023255555 switch to &NaiveActor::HandlerNormal
I1013 15:26:54.021406 23185 thread.cpp:96] Thread 1048576 construct Actor kNormalForward 2199023255555
I1013 15:26:54.021438 23160 naive_actor.cpp:25] actor 1099614388241 switch to &NaiveActor::HandlerNormal
I1013 15:26:54.021473 23185 runtime_context.cpp:29] DecreaseCounter constructing_actor_cnt, current val is 314
I1013 15:26:54.021492 23160 thread.cpp:96] Thread 524337 construct Actor kDeviceTick 1099614388241
I1013 15:26:54.021561 23160 runtime_context.cpp:29] DecreaseCounter constructing_actor_cnt, current val is 313
I1013 15:26:54.021867 23160 naive_actor.cpp:25] actor 1099614388247 switch to &NaiveActor::HandlerNormal
I1013 15:26:54.021914 23160 thread.cpp:96] Thread 524337 construct Actor kTick 1099614388247
I1013 15:26:54.021968 23160 runtime_context.cpp:29] DecreaseCounter constructing_actor_cnt, current val is 312
I1013 15:26:54.022256 23160 naive_actor.cpp:25] actor 1099614388248 switch to &NaiveActor::HandlerNormal
I1013 15:26:54.022303 23160 thread.cpp:96] Thread 524337 construct Actor kTick 1099614388248
I1013 15:26:54.022356 23160 runtime_context.cpp:29] DecreaseCounter constructing_actor_cnt, current val is 311
I1013 15:26:54.022368 23185 naive_actor.cpp:25] actor 2199023255562 switch to &NaiveActor::HandlerNormal
I1013 15:26:54.022449 23185 thread.cpp:96] Thread 1048576 construct Actor kNormalForward 2199023255562
I1013 15:26:54.022526 23185 runtime_context.cpp:29] DecreaseCounter constructing_actor_cnt, current val is 310
I1013 15:26:54.022744 23160 naive_actor.cpp:25] actor 1099614388246 switch to &NaiveActor::HandlerNormal
I1013 15:26:54.022794 23160 thread.cpp:96] Thread 524337 construct Actor kDstSubsetTick 1099614388246
I1013 15:26:54.022861 23160 runtime_context.cpp:29] DecreaseCounter constructing_actor_cnt, current val is 309
I1013 15:26:54.023156 23160 naive_actor.cpp:25] actor 1099614388251 switch to &NaiveActor::HandlerNormal
I1013 15:26:54.023203 23160 thread.cpp:96] Thread 524337 construct Actor kSrcSubsetTick 1099614388251
I1013 15:26:54.023257 23160 runtime_context.cpp:29] DecreaseCounter constructing_actor_cnt, current val is 308
I1013 15:26:54.023392 23185 naive_actor.cpp:25] actor 2199023255592 switch to &NaiveActor::HandlerNormal
I1013 15:26:54.023444 23185 thread.cpp:96] Thread 1048576 construct Actor kNormalForward 2199023255592
I1013 15:26:54.023548 23160 naive_actor.cpp:25] actor 1099614388249 switch to &NaiveActor::HandlerNormal
I1013 15:26:54.023649 23160 thread.cpp:96] Thread 524337 construct Actor kTick 1099614388249
I1013 15:26:54.023658 23185 runtime_context.cpp:29] DecreaseCounter constructing_actor_cnt, current val is 307
I1013 15:26:54.023705 23160 runtime_context.cpp:29] DecreaseCounter constructing_actor_cnt, current val is 306
I1013 15:26:54.023949 23185 naive_actor.cpp:25] actor 2199023255571 switch to &NaiveActor::HandlerNormal
I1013 15:26:54.023975 23160 naive_actor.cpp:25] actor 1099614388250 switch to &NaiveActor::HandlerNormal
I1013 15:26:54.023999 23185 thread.cpp:96] Thread 1048576 construct Actor kNormalForward 2199023255571
I1013 15:26:54.024022 23160 thread.cpp:96] Thread 524337 construct Actor kDeviceTick 1099614388250
I1013 15:26:54.024085 23185 runtime_context.cpp:29] DecreaseCounter constructing_actor_cnt, current val is 305
I1013 15:26:54.024094 23160 runtime_context.cpp:29] DecreaseCounter constructing_actor_cnt, current val is 304
I1013 15:26:54.024389 23160 naive_actor.cpp:25] actor 1099614388315 switch to &NaiveActor::HandlerNormal
I1013 15:26:54.024438 23160 thread.cpp:96] Thread 524337 construct Actor kTick 1099614388315
I1013 15:26:54.024502 23160 runtime_context.cpp:29] DecreaseCounter constructing_actor_cnt, current val is 303
I1013 15:26:54.024789 23160 naive_actor.cpp:25] actor 1099614388254 switch to &NaiveActor::HandlerNormal
I1013 15:26:54.024868 23160 thread.cpp:96] Thread 524337 construct Actor kTick 1099614388254
I1013 15:26:54.024920 23160 runtime_context.cpp:29] DecreaseCounter constructing_actor_cnt, current val is 302
I1013 15:26:54.024971 23185 naive_actor.cpp:25] actor 2199023255634 switch to &NaiveActor::HandlerNormal
I1013 15:26:54.025019 23185 thread.cpp:96] Thread 1048576 construct Actor kNormalForward 2199023255634
I1013 15:26:54.025089 23185 runtime_context.cpp:29] DecreaseCounter constructing_actor_cnt, current val is 301
I1013 15:26:54.025219 23160 naive_actor.cpp:25] actor 1099614388256 switch to &NaiveActor::HandlerNormal
I1013 15:26:54.025266 23160 thread.cpp:96] Thread 524337 construct Actor kTick 1099614388256
I1013 15:26:54.025327 23160 runtime_context.cpp:29] DecreaseCounter constructing_actor_cnt, current val is 300
I1013 15:26:54.025404 23185 naive_actor.cpp:25] actor 2199023255588 switch to &NaiveActor::HandlerNormal
I1013 15:26:54.025450 23185 thread.cpp:96] Thread 1048576 construct Actor kNormalForward 2199023255588
I1013 15:26:54.025509 23185 runtime_context.cpp:29] DecreaseCounter constructing_actor_cnt, current val is 299
I1013 15:26:54.025657 23160 naive_actor.cpp:25] actor 1099614388257 switch to &NaiveActor::HandlerNormal
I1013 15:26:54.025707 23160 thread.cpp:96] Thread 524337 construct Actor kTick 1099614388257
I1013 15:26:54.025758 23160 runtime_context.cpp:29] DecreaseCounter constructing_actor_cnt, current val is 298
I1013 15:26:54.026111 23160 naive_actor.cpp:25] actor 1099614388255 switch to &NaiveActor::HandlerNormal
I1013 15:26:54.026161 23160 thread.cpp:96] Thread 524337 construct Actor kDstSubsetTick 1099614388255
I1013 15:26:54.026226 23160 runtime_context.cpp:29] DecreaseCounter constructing_actor_cnt, current val is 297
I1013 15:26:54.026335 23185 naive_actor.cpp:25] actor 2199023255560 switch to &NaiveActor::HandlerNormal
I1013 15:26:54.026397 23185 thread.cpp:96] Thread 1048576 construct Actor kNormalForward 2199023255560
I1013 15:26:54.026473 23185 runtime_context.cpp:29] DecreaseCounter constructing_actor_cnt, current val is 296
I1013 15:26:54.026535 23160 naive_actor.cpp:25] actor 1099614388258 switch to &NaiveActor::HandlerNormal
I1013 15:26:54.026592 23160 thread.cpp:96] Thread 524337 construct Actor kTick 1099614388258
I1013 15:26:54.026657 23160 runtime_context.cpp:29] DecreaseCounter constructing_actor_cnt, current val is 295
I1013 15:26:54.026945 23160 naive_actor.cpp:25] actor 1099614388260 switch to &NaiveActor::HandlerNormal
I1013 15:26:54.026993 23160 thread.cpp:96] Thread 524337 construct Actor kSrcSubsetTick 1099614388260
I1013 15:26:54.027094 23160 runtime_context.cpp:29] DecreaseCounter constructing_actor_cnt, current val is 294
I1013 15:26:54.027279 23185 naive_actor.cpp:25] actor 2199023255630 switch to &NaiveActor::HandlerNormal
I1013 15:26:54.027330 23185 thread.cpp:96] Thread 1048576 construct Actor kNormalForward 2199023255630
I1013 15:26:54.027410 23185 runtime_context.cpp:29] DecreaseCounter constructing_actor_cnt, current val is 293
I1013 15:26:54.027418 23160 naive_actor.cpp:25] actor 1099614388259 switch to &NaiveActor::HandlerNormal
I1013 15:26:54.027473 23160 thread.cpp:96] Thread 524337 construct Actor kDeviceTick 1099614388259
I1013 15:26:54.027539 23160 runtime_context.cpp:29] DecreaseCounter constructing_actor_cnt, current val is 292
I1013 15:26:54.027828 23160 naive_actor.cpp:25] actor 1099614388304 switch to &NaiveActor::HandlerNormal
I1013 15:26:54.027899 23160 thread.cpp:96] Thread 524337 construct Actor kTick 1099614388304
I1013 15:26:54.027961 23160 runtime_context.cpp:29] DecreaseCounter constructing_actor_cnt, current val is 291
I1013 15:26:54.028239 23160 naive_actor.cpp:25] actor 1099614388263 switch to &NaiveActor::HandlerNormal
I1013 15:26:54.028285 23185 naive_actor.cpp:25] actor 2199023255589 switch to &NaiveActor::HandlerNormal
I1013 15:26:54.028287 23160 thread.cpp:96] Thread 524337 construct Actor kTick 1099614388263
I1013 15:26:54.028323 23185 thread.cpp:96] Thread 1048576 construct Actor kNormalForward 2199023255589
I1013 15:26:54.028380 23160 runtime_context.cpp:29] DecreaseCounter constructing_actor_cnt, current val is 290
I1013 15:26:54.028404 23185 runtime_context.cpp:29] DecreaseCounter constructing_actor_cnt, current val is 289
I1013 15:26:54.028744 23160 naive_actor.cpp:25] actor 1099614388264 switch to &NaiveActor::HandlerNormal
I1013 15:26:54.028810 23160 thread.cpp:96] Thread 524337 construct Actor kDstSubsetTick 1099614388264
I1013 15:26:54.028870 23160 runtime_context.cpp:29] DecreaseCounter constructing_actor_cnt, current val is 288
I1013 15:26:54.029083 23185 naive_actor.cpp:25] actor 2199023255565 switch to &NaiveActor::HandlerNormal
I1013 15:26:54.029129 23185 thread.cpp:96] Thread 1048576 construct Actor kNormalForward 2199023255565
I1013 15:26:54.029175 23160 naive_actor.cpp:25] actor 1099614388266 switch to &NaiveActor::HandlerNormal
I1013 15:26:54.029186 23185 runtime_context.cpp:29] DecreaseCounter constructing_actor_cnt, current val is 287
I1013 15:26:54.029211 23160 thread.cpp:96] Thread 524337 construct Actor kTick 1099614388266
I1013 15:26:54.029276 23160 runtime_context.cpp:29] DecreaseCounter constructing_actor_cnt, current val is 286
I1013 15:26:54.029477 23185 naive_actor.cpp:25] actor 2199023255581 switch to &NaiveActor::HandlerNormal
I1013 15:26:54.029534 23185 thread.cpp:96] Thread 1048576 construct Actor kNormalForward 2199023255581
I1013 15:26:54.029547 23160 naive_actor.cpp:25] actor 1099614388265 switch to &NaiveActor::HandlerNormal
I1013 15:26:54.029593 23160 thread.cpp:96] Thread 524337 construct Actor kTick 1099614388265
I1013 15:26:54.029605 23185 runtime_context.cpp:29] DecreaseCounter constructing_actor_cnt, current val is 285
I1013 15:26:54.029641 23160 runtime_context.cpp:29] DecreaseCounter constructing_actor_cnt, current val is 284
I1013 15:26:54.029901 23160 naive_actor.cpp:25] actor 1099614388281 switch to &NaiveActor::HandlerNormal
I1013 15:26:54.029945 23160 thread.cpp:96] Thread 524337 construct Actor kTick 1099614388281
I1013 15:26:54.030012 23160 runtime_context.cpp:29] DecreaseCounter constructing_actor_cnt, current val is 283
I1013 15:26:54.030267 23160 naive_actor.cpp:25] actor 1099614388316 switch to &NaiveActor::HandlerNormal
I1013 15:26:54.030313 23160 thread.cpp:96] Thread 524337 construct Actor kTick 1099614388316
I1013 15:26:54.030364 23160 runtime_context.cpp:29] DecreaseCounter constructing_actor_cnt, current val is 282
I1013 15:26:54.030365 23185 naive_actor.cpp:25] actor 2199023255584 switch to &NaiveActor::HandlerNormal
I1013 15:26:54.030432 23185 thread.cpp:96] Thread 1048576 construct Actor kNormalForward 2199023255584
I1013 15:26:54.030601 23185 runtime_context.cpp:29] DecreaseCounter constructing_actor_cnt, current val is 281
I1013 15:26:54.030670 23160 naive_actor.cpp:25] actor 1099614388274 switch to &NaiveActor::HandlerNormal
I1013 15:26:54.030714 23160 thread.cpp:96] Thread 524337 construct Actor kTick 1099614388274
I1013 15:26:54.030773 23160 runtime_context.cpp:29] DecreaseCounter constructing_actor_cnt, current val is 280
I1013 15:26:54.031037 23160 naive_actor.cpp:25] actor 1099614388282 switch to &NaiveActor::HandlerNormal
I1013 15:26:54.031082 23160 thread.cpp:96] Thread 524337 construct Actor kTick 1099614388282
I1013 15:26:54.031145 23160 runtime_context.cpp:29] DecreaseCounter constructing_actor_cnt, current val is 279
I1013 15:26:54.031374 23185 naive_actor.cpp:25] actor 2199023255559 switch to &NaiveActor::HandlerNormal
I1013 15:26:54.031404 23160 naive_actor.cpp:25] actor 1099614388307 switch to &NaiveActor::HandlerNormal
I1013 15:26:54.031422 23185 thread.cpp:96] Thread 1048576 construct Actor kNormalForward 2199023255559
I1013 15:26:54.031450 23160 thread.cpp:96] Thread 524337 construct Actor kTick 1099614388307
I1013 15:26:54.031517 23185 runtime_context.cpp:29] DecreaseCounter constructing_actor_cnt, current val is 278
I1013 15:26:54.031519 23160 runtime_context.cpp:29] DecreaseCounter constructing_actor_cnt, current val is 277
I1013 15:26:54.031795 23160 naive_actor.cpp:25] actor 1099614388279 switch to &NaiveActor::HandlerNormal
I1013 15:26:54.031842 23160 thread.cpp:96] Thread 524337 construct Actor kTick 1099614388279
I1013 15:26:54.031899 23160 runtime_context.cpp:29] DecreaseCounter constructing_actor_cnt, current val is 276
I1013 15:26:54.032176 23185 naive_actor.cpp:25] actor 2199023255580 switch to &NaiveActor::HandlerNormal
I1013 15:26:54.032178 23160 naive_actor.cpp:25] actor 1099614388268 switch to &NaiveActor::HandlerNormal
I1013 15:26:54.032222 23185 thread.cpp:96] Thread 1048576 construct Actor kNormalForward 2199023255580
I1013 15:26:54.032245 23160 thread.cpp:96] Thread 524337 construct Actor kSrcSubsetTick 1099614388268
I1013 15:26:54.032310 23185 runtime_context.cpp:29] DecreaseCounter constructing_actor_cnt, current val is 275
I1013 15:26:54.032315 23160 runtime_context.cpp:29] DecreaseCounter constructing_actor_cnt, current val is 274
I1013 15:26:54.032598 23185 naive_actor.cpp:25] actor 2199023255566 switch to &NaiveActor::HandlerNormal
I1013 15:26:54.032624 23160 naive_actor.cpp:25] actor 1099614388277 switch to &NaiveActor::HandlerNormal
I1013 15:26:54.032644 23185 thread.cpp:96] Thread 1048576 construct Actor kNormalForward 2199023255566
I1013 15:26:54.032667 23160 thread.cpp:96] Thread 524337 construct Actor kSrcSubsetTick 1099614388277
I1013 15:26:54.032728 23185 runtime_context.cpp:29] DecreaseCounter constructing_actor_cnt, current val is 273
I1013 15:26:54.032737 23160 runtime_context.cpp:29] DecreaseCounter constructing_actor_cnt, current val is 272
I1013 15:26:54.033002 23160 naive_actor.cpp:25] actor 1099614388271 switch to &NaiveActor::HandlerNormal
I1013 15:26:54.033046 23160 thread.cpp:96] Thread 524337 construct Actor kTick 1099614388271
I1013 15:26:54.033095 23160 runtime_context.cpp:29] DecreaseCounter constructing_actor_cnt, current val is 271
I1013 15:26:54.033356 23160 naive_actor.cpp:25] actor 1099614388267 switch to &NaiveActor::HandlerNormal
I1013 15:26:54.033373 23185 naive_actor.cpp:25] actor 2199023255585 switch to &NaiveActor::HandlerNormal
I1013 15:26:54.033406 23160 thread.cpp:96] Thread 524337 construct Actor kDeviceTick 1099614388267
I1013 15:26:54.033440 23185 thread.cpp:96] Thread 1048576 construct Actor kNormalForward 2199023255585
I1013 15:26:54.033489 23160 runtime_context.cpp:29] DecreaseCounter constructing_actor_cnt, current val is 270
I1013 15:26:54.033517 23185 runtime_context.cpp:29] DecreaseCounter constructing_actor_cnt, current val is 269
I1013 15:26:54.033761 23160 naive_actor.cpp:25] actor 1099614388273 switch to &NaiveActor::HandlerNormal
I1013 15:26:54.033807 23160 thread.cpp:96] Thread 524337 construct Actor kTick 1099614388273
I1013 15:26:54.033893 23160 runtime_context.cpp:29] DecreaseCounter constructing_actor_cnt, current val is 268
I1013 15:26:54.034204 23160 naive_actor.cpp:25] actor 1099614388272 switch to &NaiveActor::HandlerNormal
I1013 15:26:54.034250 23160 thread.cpp:96] Thread 524337 construct Actor kDstSubsetTick 1099614388272
I1013 15:26:54.034303 23160 runtime_context.cpp:29] DecreaseCounter constructing_actor_cnt, current val is 267
I1013 15:26:54.034325 23185 naive_actor.cpp:25] actor 2199023255574 switch to &NaiveActor::HandlerNormal
I1013 15:26:54.034359 23185 thread.cpp:96] Thread 1048576 construct Actor kNormalForward 2199023255574
I1013 15:26:54.034433 23185 runtime_context.cpp:29] DecreaseCounter constructing_actor_cnt, current val is 266
I1013 15:26:54.034595 23160 naive_actor.cpp:25] actor 1099614388275 switch to &NaiveActor::HandlerNormal
I1013 15:26:54.034641 23160 thread.cpp:96] Thread 524337 construct Actor kTick 1099614388275
I1013 15:26:54.034701 23160 runtime_context.cpp:29] DecreaseCounter constructing_actor_cnt, current val is 265
I1013 15:26:54.034736 23185 naive_actor.cpp:25] actor 2199023255578 switch to &NaiveActor::HandlerNormal
I1013 15:26:54.034780 23185 thread.cpp:96] Thread 1048576 construct Actor kNormalForward 2199023255578
I1013 15:26:54.034833 23185 runtime_context.cpp:29] DecreaseCounter constructing_actor_cnt, current val is 264
I1013 15:26:54.035008 23160 naive_actor.cpp:25] actor 1099614388280 switch to &NaiveActor::HandlerNormal
I1013 15:26:54.035054 23160 thread.cpp:96] Thread 524337 construct Actor kDstSubsetTick 1099614388280
I1013 15:26:54.035104 23185 naive_actor.cpp:25] actor 2199023255573 switch to &NaiveActor::HandlerNormal
I1013 15:26:54.035106 23160 runtime_context.cpp:29] DecreaseCounter constructing_actor_cnt, current val is 263
I1013 15:26:54.035142 23185 thread.cpp:96] Thread 1048576 construct Actor kNormalForward 2199023255573
I1013 15:26:54.035210 23185 runtime_context.cpp:29] DecreaseCounter constructing_actor_cnt, current val is 262
I1013 15:26:54.035408 23160 naive_actor.cpp:25] actor 1099614388286 switch to &NaiveActor::HandlerNormal
I1013 15:26:54.035454 23160 thread.cpp:96] Thread 524337 construct Actor kTick 1099614388286
I1013 15:26:54.035504 23160 runtime_context.cpp:29] DecreaseCounter constructing_actor_cnt, current val is 261
I1013 15:26:54.035809 23160 reentrant_lock_actor.cpp:76] actor 1099614388283 switch to &ReentrantLockActor::HandlerNormal
I1013 15:26:54.035856 23160 thread.cpp:96] Thread 524337 construct Actor kReentrantLock 1099614388283
I1013 15:26:54.035918 23160 runtime_context.cpp:29] DecreaseCounter constructing_actor_cnt, current val is 260
I1013 15:26:54.036077 23185 naive_actor.cpp:25] actor 2199023255567 switch to &NaiveActor::HandlerNormal
I1013 15:26:54.036124 23185 thread.cpp:96] Thread 1048576 construct Actor kNormalForward 2199023255567
I1013 15:26:54.036186 23185 runtime_context.cpp:29] DecreaseCounter constructing_actor_cnt, current val is 259
I1013 15:26:54.036191 23160 naive_actor.cpp:25] actor 1099614388287 switch to &NaiveActor::HandlerNormal
I1013 15:26:54.036247 23160 thread.cpp:96] Thread 524337 construct Actor kTick 1099614388287
I1013 15:26:54.036294 23160 runtime_context.cpp:29] DecreaseCounter constructing_actor_cnt, current val is 258
I1013 15:26:54.036556 23160 naive_actor.cpp:25] actor 1099614388297 switch to &NaiveActor::HandlerNormal
I1013 15:26:54.036612 23160 thread.cpp:96] Thread 524337 construct Actor kTick 1099614388297
I1013 15:26:54.036662 23160 runtime_context.cpp:29] DecreaseCounter constructing_actor_cnt, current val is 257
I1013 15:26:54.036936 23160 naive_actor.cpp:25] actor 1099614388293 switch to &NaiveActor::HandlerNormal
I1013 15:26:54.036942 23185 naive_actor.cpp:25] actor 2199023255615 switch to &NaiveActor::HandlerNormal
I1013 15:26:54.036983 23160 thread.cpp:96] Thread 524337 construct Actor kTick 1099614388293
I1013 15:26:54.037006 23185 thread.cpp:96] Thread 1048576 construct Actor kNormalForward 2199023255615
I1013 15:26:54.037056 23160 runtime_context.cpp:29] DecreaseCounter constructing_actor_cnt, current val is 256
I1013 15:26:54.037091 23185 runtime_context.cpp:29] DecreaseCounter constructing_actor_cnt, current val is 255
I1013 15:26:54.037413 23160 naive_actor.cpp:25] actor 1099614388288 switch to &NaiveActor::HandlerNormal
I1013 15:26:54.037465 23160 thread.cpp:96] Thread 524337 construct Actor kTick 1099614388288
I1013 15:26:54.037518 23160 runtime_context.cpp:29] DecreaseCounter constructing_actor_cnt, current val is 254
I1013 15:26:54.037781 23160 naive_actor.cpp:25] actor 1099614388296 switch to &NaiveActor::HandlerNormal
I1013 15:26:54.037827 23160 thread.cpp:96] Thread 524337 construct Actor kTick 1099614388296
I1013 15:26:54.037839 23185 naive_actor.cpp:25] actor 2199023255570 switch to &NaiveActor::HandlerNormal
