Log file created at: 2021/10/13 15:09:35
Running on machine: oneflow-14
Log line format: [IWEF]mmdd hh:mm:ss.uuuuuu threadid file:line] msg
I1013 15:09:35.844687  1509 global.h:36] NewGlobal 14cudaDeviceProp
I1013 15:09:35.845412  1509 global.h:36] NewGlobal N7oneflow7EnvDescE
I1013 15:09:35.845428  1509 global.h:36] NewGlobal N7oneflow10ProcessCtxE
I1013 15:09:35.845436  1509 env_global_objects_scope.cpp:152] using rpc backend: local
I1013 15:09:35.845453  1509 global.h:36] NewGlobal N7oneflow12ResourceDescE
I1013 15:09:35.845461  1509 global.h:36] NewGlobal N7oneflow12ResourceDescE
I1013 15:09:35.919970  1509 global.h:36] NewGlobal N7oneflow10ThreadPoolE
I1013 15:09:35.921260  1509 global.h:36] NewGlobal N7oneflow16EagerNcclCommMgrE
I1013 15:09:35.921279  1509 global.h:36] NewGlobal N7oneflow18CudnnConvAlgoCacheE
I1013 15:09:35.921289  1509 global.h:36] NewGlobal N7oneflow2vm19VirtualMachineScopeE
I1013 15:09:35.921300  1509 global.h:36] NewGlobal N7oneflow9OneflowVME
I1013 15:09:35.922363  1509 oneflow_vm.cpp:75] transport stream type: N7oneflow2vm13CpuStreamTypeE
I1013 15:09:35.922384  1509 oneflow_vm.cpp:75] transport stream type: N7oneflow2vm14CudaStreamTypeE
I1013 15:09:35.922394  1509 oneflow_vm.cpp:75] transport stream type: N7oneflow2vm19AsyncCudaStreamTypeE
I1013 15:09:35.922549  1509 global.h:36] NewGlobal N7oneflow27EagerJobBuildAndInferCtxMgrE
I1013 15:09:35.922576  1509 global.h:36] NewGlobal N7oneflow12EpollCommNetE
I1013 15:09:35.922753  1509 epoll_comm_network.cpp:63] CommNet:Epoll listening on 0.0.0.0:41659
I1013 15:09:35.922796  1509 epoll_comm_network.cpp:197] machine 0 sockfd -1
I1013 15:09:35.922921  1509 global.h:36] NewGlobal N7oneflow9TransportE
I1013 15:09:35.925001  1509 global.h:43] DeleteGlobal N7oneflow12ResourceDescE
I1013 15:09:35.925033  1509 version.cpp:22] OneFlow git version: b295ca2324
I1013 15:09:35.925053  1509 device_register_gpu.cpp:56] CUDA runtime version: 11.2
I1013 15:09:35.925086  1509 device_register_gpu.cpp:65] cuDNN version: 8.1.1
I1013 15:09:35.925101  1509 device_register_gpu.cpp:78] NCCL version: 2.9.8
I1013 15:09:35.925110  1509 global.h:36] NewGlobal N7oneflow12ResourceDescE
I1013 15:09:35.925120  1509 global.h:36] NewGlobal N7oneflow5IDMgrE
I1013 15:09:35.925129  1509 global.h:36] NewGlobal N7oneflow16AvailableMemDescE
I1013 15:09:35.925158  1509 global.h:36] NewGlobal St13unordered_mapISslSt4hashISsESt8equal_toISsESaISt4pairIKSslEEE
I1013 15:09:35.925166  1509 global.h:36] NewGlobal N7oneflow19CriticalSectionDescE
I1013 15:09:35.925174  1509 global.h:36] NewGlobal N7oneflow16InterUserJobInfoE
I1013 15:09:35.925184  1509 global.h:36] NewGlobal N7oneflow26LazyJobBuildAndInferCtxMgrE
I1013 15:09:35.925192  1509 global.h:36] NewGlobal N7oneflow16JobSetCompileCtxE
I1013 15:09:35.925201  1509 global.h:36] NewGlobal N7oneflow26RuntimeBufferManagersScopeE
I1013 15:09:35.925209  1509 global.h:36] NewGlobal N7oneflow9BufferMgrIlEE
I1013 15:09:35.925217  1509 global.h:36] NewGlobal N7oneflow9BufferMgrISt10shared_ptrINS_11JobInstanceEEEE
I1013 15:09:35.925226  1509 global.h:36] NewGlobal N7oneflow10RuntimeCtxE
I1013 15:09:35.925235  1509 global.h:36] NewGlobal N7oneflow15MemoryAllocatorE
I1013 15:09:35.925241  1509 global.h:36] NewGlobal N7oneflow8ChunkMgrE
I1013 15:09:35.925249  1509 global.h:36] NewGlobal N7oneflow8RegstMgrE
I1013 15:09:35.925257  1509 global.h:36] NewGlobal N7oneflow11ActorMsgBusE
I1013 15:09:35.925266  1509 global.h:36] NewGlobal N7oneflow9ThreadMgrE
I1013 15:09:35.925273  1509 global.h:36] NewGlobal N7oneflow15RuntimeJobDescsE
I1013 15:09:35.925282  1509 global.h:36] NewGlobal N7oneflow7summary12EventsWriterE
I1013 15:09:35.925292  1509 global.h:36] NewGlobal N7oneflow6boxing10collective24CollectiveBoxingExecutorE
I1013 15:09:35.925300  1509 global.h:36] NewGlobal N7oneflow6boxing10collective31CollectiveBoxingDeviceCtxPollerE
I1013 15:09:35.925441  1509 session.h:77] NewGlobal N7oneflow25SessionGlobalObjectsScopeE
I1013 15:09:35.926290  1509 global.h:36] NewGlobal N7oneflow7JobDescE
I1013 15:09:36.310053  1509 global.h:43] DeleteGlobal N7oneflow7JobDescE
I1013 15:09:36.310310  1509 global.h:36] NewGlobal N7oneflow7JobDescE
I1013 15:09:36.313465  1509 global.h:36] NewGlobal N7oneflow7OpGraphE
I1013 15:09:36.317457  1509 global.h:43] DeleteGlobal N7oneflow7OpGraphE
I1013 15:09:36.476464  1509 global.h:43] DeleteGlobal N7oneflow7JobDescE
I1013 15:09:36.492120  1509 global.h:36] NewGlobal N7oneflow24InterJobReuseMemStrategyE
I1013 15:09:36.492144  1509 global.h:36] NewGlobal N7oneflow7OneflowE
I1013 15:09:36.503970  1509 global.h:36] NewGlobal N7oneflow7JobDescE
I1013 15:09:36.707275  1509 global.h:36] NewGlobal N7oneflow7OpGraphE
I1013 15:09:36.778820  1509 global.h:43] DeleteGlobal N7oneflow7OpGraphE
I1013 15:09:36.787457  1509 oneflow.cpp:210] 
job_id: 0 , job_name: train_job , compile time: 0.283441 seconds.
I1013 15:09:36.833379  1509 global.h:43] DeleteGlobal N7oneflow7JobDescE
I1013 15:09:36.833696  1509 global.h:36] NewGlobal N7oneflow7JobDescE
I1013 15:09:36.879546  1509 global.h:36] NewGlobal N7oneflow7OpGraphE
I1013 15:09:36.896557  1509 global.h:43] DeleteGlobal N7oneflow7OpGraphE
I1013 15:09:36.901190  1509 oneflow.cpp:210] 
job_id: 1 , job_name: System-ModelInit , compile time: 0.0672172 seconds.
I1013 15:09:36.912729  1509 global.h:43] DeleteGlobal N7oneflow7JobDescE
I1013 15:09:36.912756  1509 global.h:36] NewGlobal N7oneflow7JobDescE
I1013 15:09:36.957087  1509 global.h:36] NewGlobal N7oneflow7OpGraphE
I1013 15:09:36.974069  1509 global.h:43] DeleteGlobal N7oneflow7OpGraphE
I1013 15:09:36.978328  1509 oneflow.cpp:210] 
job_id: 2 , job_name: System-ModelLoad , compile time: 0.0655532 seconds.
I1013 15:09:36.989881  1509 global.h:43] DeleteGlobal N7oneflow7JobDescE
I1013 15:09:36.989907  1509 global.h:36] NewGlobal N7oneflow7JobDescE
I1013 15:09:37.034219  1509 global.h:36] NewGlobal N7oneflow7OpGraphE
I1013 15:09:37.050025  1509 global.h:43] DeleteGlobal N7oneflow7OpGraphE
I1013 15:09:37.054719  1509 oneflow.cpp:210] 
job_id: 3 , job_name: System-ModelSave , compile time: 0.0647959 seconds.
I1013 15:09:37.066535  1509 global.h:43] DeleteGlobal N7oneflow7JobDescE
I1013 15:09:37.066625  1509 global.h:36] NewGlobal N7oneflow7JobDescE
I1013 15:09:37.074975  1509 global.h:36] NewGlobal N7oneflow7OpGraphE
I1013 15:09:37.078651  1509 global.h:43] DeleteGlobal N7oneflow7OpGraphE
I1013 15:09:37.080394  1509 oneflow.cpp:210] 
job_id: 4 , job_name: System-Pull-Return_22 , compile time: 0.0137472 seconds.
I1013 15:09:37.083873  1509 global.h:43] DeleteGlobal N7oneflow7JobDescE
I1013 15:09:37.087978  1509 global.h:36] NewGlobal N7oneflow7JobDescE
I1013 15:09:37.088011  1509 global.h:36] NewGlobal N7oneflow7OpGraphE
I1013 15:09:37.093308  1509 global.h:43] DeleteGlobal N7oneflow7OpGraphE
I1013 15:09:37.097085  1509 oneflow.cpp:210] 
job_id: 5 , job_name: MainJob-unamed , compile time: 0.00908262 seconds.
I1013 15:09:37.104043  1509 global.h:43] DeleteGlobal N7oneflow7JobDescE
I1013 15:09:37.106531  1509 plan_util.cpp:928]  Plan: merged_plan needs to allocate [ 374.89 MiB ] device memory in Rank: 0 , Device: 0
I1013 15:09:37.206465  1509 oneflow.cpp:998]  PushPlan merged_plan time: 0.0100239 seconds.
I1013 15:09:37.234629  1509 oneflow.cpp:1014]  PullPlan merged_plan time: 0.0245225 seconds.
I1013 15:09:39.376128  1509 runtime_context.cpp:21] NewCounter constructing_actor_cnt 392
I1013 15:09:39.377207  2124 naive_actor.cpp:25] actor 2199023255699 switch to &NaiveActor::HandlerNormal
I1013 15:09:39.377292  2111 naive_actor.cpp:25] actor 1099614388233 switch to &NaiveActor::HandlerNormal
I1013 15:09:39.377388  2124 thread.cpp:96] Thread 1048576 construct Actor kDeviceTick 2199023255699
I1013 15:09:39.377454  2111 thread.cpp:96] Thread 524337 construct Actor kDeviceTick 1099614388233
I1013 15:09:39.377537  2112 wait_and_send_ids_actor.cpp:53] actor 1099616485376 switch to &WaitAndSendIdsActor::HandlerWaitToStart
I1013 15:09:39.377609  2124 runtime_context.cpp:29] DecreaseCounter constructing_actor_cnt, current val is 391
I1013 15:09:39.377635  2112 thread.cpp:96] Thread 524338 construct Actor kWaitAndSendIds 1099616485376
I1013 15:09:39.377684  2111 runtime_context.cpp:29] DecreaseCounter constructing_actor_cnt, current val is 390
I1013 15:09:39.377729  2112 runtime_context.cpp:29] DecreaseCounter constructing_actor_cnt, current val is 389
I1013 15:09:39.377923  2124 naive_actor.cpp:25] actor 2199023255738 switch to &NaiveActor::HandlerNormal
I1013 15:09:39.378063  2124 thread.cpp:96] Thread 1048576 construct Actor kDeviceTick 2199023255738
I1013 15:09:39.378125  2124 runtime_context.cpp:29] DecreaseCounter constructing_actor_cnt, current val is 388
I1013 15:09:39.378190  2111 naive_actor.cpp:25] actor 1099614388226 switch to &NaiveActor::HandlerNormal
I1013 15:09:39.378255  2111 thread.cpp:96] Thread 524337 construct Actor kDeviceTick 1099614388226
I1013 15:09:39.378314  2111 runtime_context.cpp:29] DecreaseCounter constructing_actor_cnt, current val is 387
I1013 15:09:39.378382  2124 naive_actor.cpp:25] actor 2199023255777 switch to &NaiveActor::HandlerNormal
I1013 15:09:39.378414  2124 thread.cpp:96] Thread 1048576 construct Actor kDeviceTick 2199023255777
I1013 15:09:39.378487  2124 runtime_context.cpp:29] DecreaseCounter constructing_actor_cnt, current val is 386
I1013 15:09:39.378623  2111 naive_actor.cpp:25] actor 1099614388243 switch to &NaiveActor::HandlerNormal
I1013 15:09:39.378684  2111 thread.cpp:96] Thread 524337 construct Actor kDeviceTick 1099614388243
I1013 15:09:39.378746  2124 naive_actor.cpp:25] actor 2199023255816 switch to &NaiveActor::HandlerNormal
I1013 15:09:39.378749  2111 runtime_context.cpp:29] DecreaseCounter constructing_actor_cnt, current val is 385
I1013 15:09:39.378780  2124 thread.cpp:96] Thread 1048576 construct Actor kDeviceTick 2199023255816
I1013 15:09:39.378860  2124 runtime_context.cpp:29] DecreaseCounter constructing_actor_cnt, current val is 384
I1013 15:09:39.379057  2111 naive_actor.cpp:25] actor 1099614388252 switch to &NaiveActor::HandlerNormal
I1013 15:09:39.379092  2111 thread.cpp:96] Thread 524337 construct Actor kDeviceTick 1099614388252
I1013 15:09:39.379144  2111 runtime_context.cpp:29] DecreaseCounter constructing_actor_cnt, current val is 383
I1013 15:09:39.379376  2111 naive_actor.cpp:25] actor 1099614388261 switch to &NaiveActor::HandlerNormal
I1013 15:09:39.379410  2111 thread.cpp:96] Thread 524337 construct Actor kDeviceTick 1099614388261
I1013 15:09:39.379460  2111 runtime_context.cpp:29] DecreaseCounter constructing_actor_cnt, current val is 382
I1013 15:09:39.379698  2111 naive_actor.cpp:25] actor 1099614388269 switch to &NaiveActor::HandlerNormal
I1013 15:09:39.379731  2111 thread.cpp:96] Thread 524337 construct Actor kDeviceTick 1099614388269
I1013 15:09:39.379781  2111 runtime_context.cpp:29] DecreaseCounter constructing_actor_cnt, current val is 381
I1013 15:09:39.380009  2111 naive_actor.cpp:25] actor 1099614388276 switch to &NaiveActor::HandlerNormal
I1013 15:09:39.380043  2111 thread.cpp:96] Thread 524337 construct Actor kDeviceTick 1099614388276
I1013 15:09:39.380095  2111 runtime_context.cpp:29] DecreaseCounter constructing_actor_cnt, current val is 380
I1013 15:09:39.389431  2128 naive_actor.cpp:25] actor 2199027449856 switch to &NaiveActor::HandlerNormal
I1013 15:09:39.389483  2126 naive_actor.cpp:25] actor 2199025352705 switch to &NaiveActor::HandlerNormal
I1013 15:09:39.389544  2128 thread.cpp:96] Thread 1048578 construct Actor kCopyHd 2199027449856
I1013 15:09:39.389600  2126 thread.cpp:96] Thread 1048577 construct Actor kCopyHd 2199025352705
I1013 15:09:39.389711  2128 runtime_context.cpp:29] DecreaseCounter constructing_actor_cnt, current val is 379
I1013 15:09:39.389744  2126 runtime_context.cpp:29] DecreaseCounter constructing_actor_cnt, current val is 378
I1013 15:09:39.389600  2111 naive_actor.cpp:25] actor 1099614388238 switch to &NaiveActor::HandlerNormal
I1013 15:09:39.389817  2091 naive_actor.cpp:25] actor 1099526307840 switch to &NaiveActor::HandlerNormal
I1013 15:09:39.389766  2089 naive_actor.cpp:25] actor 1099522113536 switch to &NaiveActor::HandlerNormal
I1013 15:09:39.389940  2096 naive_actor.cpp:25] actor 1099536793600 switch to &NaiveActor::HandlerNormal
I1013 15:09:39.389665  2093 naive_actor.cpp:25] actor 1099530502144 switch to &NaiveActor::HandlerNormal
I1013 15:09:39.389840  2111 thread.cpp:96] Thread 524337 construct Actor kTick 1099614388238
I1013 15:09:39.390179  2105 naive_actor.cpp:25] actor 1099555667968 switch to &NaiveActor::HandlerNormal
I1013 15:09:39.389904  2092 naive_actor.cpp:25] actor 1099528404992 switch to &NaiveActor::HandlerNormal
I1013 15:09:39.390367  2103 naive_actor.cpp:25] actor 1099551473664 switch to &NaiveActor::HandlerNormal
I1013 15:09:39.389801  2104 naive_actor.cpp:25] actor 1099553570816 switch to &NaiveActor::HandlerNormal
I1013 15:09:39.389940  2107 naive_actor.cpp:25] actor 1099559862272 switch to &NaiveActor::HandlerNormal
I1013 15:09:39.389961  2128 naive_actor.cpp:25] actor 2199027449858 switch to &NaiveActor::HandlerNormal
I1013 15:09:39.389981  2089 thread.cpp:96] Thread 524293 construct Actor kNormalForward 1099522113536
I1013 15:09:39.390027  2096 thread.cpp:96] Thread 524300 construct Actor kNormalForward 1099536793600
I1013 15:09:39.390039  2124 naive_actor.cpp:25] actor 2199023255561 switch to &NaiveActor::HandlerNormal
I1013 15:09:39.390045  2113 sink_actor.cpp:21] actor 1099618582528 switch to &SinkActor::HandlerNormal
I1013 15:09:39.390079  2106 naive_actor.cpp:25] actor 1099557765120 switch to &NaiveActor::HandlerNormal
I1013 15:09:39.390848  2087 naive_actor.cpp:25] actor 1099517919232 switch to &NaiveActor::HandlerNormal
I1013 15:09:39.390146  2093 thread.cpp:96] Thread 524297 construct Actor kNormalForward 1099530502144
I1013 15:09:39.390162  2100 naive_actor.cpp:25] actor 1099545182208 switch to &NaiveActor::HandlerNormal
I1013 15:09:39.390960  2100 thread.cpp:96] Thread 524304 construct Actor kForeignInput 1099545182208
I1013 15:09:39.390986  2093 runtime_context.cpp:29] DecreaseCounter constructing_actor_cnt, current val is 374
I1013 15:09:39.391021  2100 runtime_context.cpp:29] DecreaseCounter constructing_actor_cnt, current val is 373
I1013 15:09:39.390204  2099 naive_actor.cpp:25] actor 1099543085056 switch to &NaiveActor::HandlerNormal
I1013 15:09:39.391140  2099 thread.cpp:96] Thread 524303 construct Actor kNormalForward 1099543085056
I1013 15:09:39.390254  2111 runtime_context.cpp:29] DecreaseCounter constructing_actor_cnt, current val is 377
I1013 15:09:39.391222  2099 runtime_context.cpp:29] DecreaseCounter constructing_actor_cnt, current val is 372
I1013 15:09:39.390280  2105 thread.cpp:96] Thread 524309 construct Actor kNormalForward 1099555667968
I1013 15:09:39.390373  2092 thread.cpp:96] Thread 524296 construct Actor kNormalForward 1099528404992
I1013 15:09:39.391340  2105 runtime_context.cpp:29] DecreaseCounter constructing_actor_cnt, current val is 371
I1013 15:09:39.389905  2091 thread.cpp:96] Thread 524295 construct Actor kNormalForward 1099526307840
I1013 15:09:39.390400  2126 naive_actor.cpp:25] actor 2199025352707 switch to &NaiveActor::HandlerNormal
I1013 15:09:39.391489  2091 runtime_context.cpp:29] DecreaseCounter constructing_actor_cnt, current val is 369
I1013 15:09:39.390435  2103 thread.cpp:96] Thread 524307 construct Actor kForeignInput 1099551473664
I1013 15:09:39.390436  2085 naive_actor.cpp:25] actor 1099513724928 switch to &NaiveActor::HandlerNormal
I1013 15:09:39.390502  2104 thread.cpp:96] Thread 524308 construct Actor kNormalForward 1099553570816
I1013 15:09:39.390534  2107 thread.cpp:96] Thread 524311 construct Actor kForeignOutput 1099559862272
I1013 15:09:39.391821  2104 runtime_context.cpp:29] DecreaseCounter constructing_actor_cnt, current val is 367
I1013 15:09:39.390558  2128 thread.cpp:96] Thread 1048578 construct Actor kCopyHd 2199027449858
I1013 15:09:39.391901  2128 runtime_context.cpp:29] DecreaseCounter constructing_actor_cnt, current val is 365
I1013 15:09:39.390707  2124 thread.cpp:96] Thread 1048576 construct Actor kNormalForward 2199023255561
I1013 15:09:39.390743  2096 runtime_context.cpp:29] DecreaseCounter constructing_actor_cnt, current val is 375
I1013 15:09:39.390761  2094 naive_actor.cpp:25] actor 1099532599296 switch to &NaiveActor::HandlerNormal
I1013 15:09:39.392235  2094 thread.cpp:96] Thread 524298 construct Actor kNormalForward 1099532599296
I1013 15:09:39.390789  2086 naive_actor.cpp:25] actor 1099515822080 switch to &NaiveActor::HandlerNormal
I1013 15:09:39.392495  2094 runtime_context.cpp:29] DecreaseCounter constructing_actor_cnt, current val is 363
I1013 15:09:39.390858  2106 thread.cpp:96] Thread 524310 construct Actor kNormalForward 1099557765120
I1013 15:09:39.390138  2101 naive_actor.cpp:25] actor 1099547279360 switch to &NaiveActor::HandlerNormal
I1013 15:09:39.390866  2088 naive_actor.cpp:25] actor 1099520016384 switch to &NaiveActor::HandlerNormal
I1013 15:09:39.390903  2087 thread.cpp:96] Thread 524291 construct Actor kNormalForward 1099517919232
I1013 15:09:39.392758  2088 thread.cpp:96] Thread 524292 construct Actor kNormalForward 1099520016384
I1013 15:09:39.389871  2090 naive_actor.cpp:25] actor 1099524210688 switch to &NaiveActor::HandlerNormal
I1013 15:09:39.392848  2088 runtime_context.cpp:29] DecreaseCounter constructing_actor_cnt, current val is 360
I1013 15:09:39.392881  2090 thread.cpp:96] Thread 524294 construct Actor kNormalForward 1099524210688
I1013 15:09:39.390249  2097 naive_actor.cpp:25] actor 1099538890752 switch to &NaiveActor::HandlerNormal
I1013 15:09:39.392968  2090 runtime_context.cpp:29] DecreaseCounter constructing_actor_cnt, current val is 359
I1013 15:09:39.392985  2097 thread.cpp:96] Thread 524301 construct Actor kForeignInput 1099538890752
I1013 15:09:39.391505  2126 thread.cpp:96] Thread 1048577 construct Actor kCopyHd 2199025352707
I1013 15:09:39.393072  2097 runtime_context.cpp:29] DecreaseCounter constructing_actor_cnt, current val is 358
I1013 15:09:39.391770  2085 thread.cpp:96] Thread 524289 construct Actor kNormalForward 1099513724928
I1013 15:09:39.391851  2111 esac_actor.cpp:73] actor 1099614388321 switch to &EsacActor::HandlerNormal
I1013 15:09:39.393224  2111 thread.cpp:96] Thread 524337 construct Actor kEsac 1099614388321
I1013 15:09:39.390681  2089 runtime_context.cpp:29] DecreaseCounter constructing_actor_cnt, current val is 376
I1013 15:09:39.392001  2128 naive_actor.cpp:25] actor 2199027449857 switch to &NaiveActor::HandlerNormal
I1013 15:09:39.393352  2128 thread.cpp:96] Thread 1048578 construct Actor kCopyHd 2199027449857
I1013 15:09:39.392122  2124 runtime_context.cpp:29] DecreaseCounter constructing_actor_cnt, current val is 364
I1013 15:09:39.393409  2128 runtime_context.cpp:29] DecreaseCounter constructing_actor_cnt, current val is 354
I1013 15:09:39.390805  2113 thread.cpp:96] Thread 524339 construct Actor kCallbackNotify 1099618582528
I1013 15:09:39.392576  2086 thread.cpp:96] Thread 524290 construct Actor kNormalForward 1099515822080
I1013 15:09:39.392693  2106 runtime_context.cpp:29] DecreaseCounter constructing_actor_cnt, current val is 362
I1013 15:09:39.392716  2101 thread.cpp:96] Thread 524305 construct Actor kNormalForward 1099547279360
I1013 15:09:39.392848  2087 runtime_context.cpp:29] DecreaseCounter constructing_actor_cnt, current val is 361
I1013 15:09:39.390216  2102 naive_actor.cpp:25] actor 1099549376512 switch to &NaiveActor::HandlerNormal
I1013 15:09:39.393878  2102 thread.cpp:96] Thread 524306 construct Actor kNormalForward 1099549376512
I1013 15:09:39.391386  2092 runtime_context.cpp:29] DecreaseCounter constructing_actor_cnt, current val is 370
I1013 15:09:39.390408  2098 naive_actor.cpp:25] actor 1099540987904 switch to &NaiveActor::HandlerNormal
I1013 15:09:39.393986  2098 thread.cpp:96] Thread 524302 construct Actor kNormalForward 1099540987904
I1013 15:09:39.391744  2103 runtime_context.cpp:29] DecreaseCounter constructing_actor_cnt, current val is 368
I1013 15:09:39.394058  2098 runtime_context.cpp:29] DecreaseCounter constructing_actor_cnt, current val is 349
I1013 15:09:39.393103  2126 runtime_context.cpp:29] DecreaseCounter constructing_actor_cnt, current val is 357
I1013 15:09:39.393183  2085 runtime_context.cpp:29] DecreaseCounter constructing_actor_cnt, current val is 356
I1013 15:09:39.391860  2107 runtime_context.cpp:29] DecreaseCounter constructing_actor_cnt, current val is 366
I1013 15:09:39.393316  2111 runtime_context.cpp:29] DecreaseCounter constructing_actor_cnt, current val is 355
I1013 15:09:39.390765  2095 naive_actor.cpp:25] actor 1099534696448 switch to &NaiveActor::HandlerNormal
I1013 15:09:39.394446  2095 thread.cpp:96] Thread 524299 construct Actor kNormalForward 1099534696448
I1013 15:09:39.393723  2086 runtime_context.cpp:29] DecreaseCounter constructing_actor_cnt, current val is 352
I1013 15:09:39.393829  2101 runtime_context.cpp:29] DecreaseCounter constructing_actor_cnt, current val is 351
I1013 15:09:39.393960  2102 runtime_context.cpp:29] DecreaseCounter constructing_actor_cnt, current val is 350
I1013 15:09:39.394757  2111 naive_actor.cpp:25] actor 1099614388224 switch to &NaiveActor::HandlerNormal
I1013 15:09:39.394317  2126 naive_actor.cpp:25] actor 2199025352704 switch to &NaiveActor::HandlerNormal
I1013 15:09:39.394884  2126 thread.cpp:96] Thread 1048577 construct Actor kCopyHd 2199025352704
I1013 15:09:39.394590  2095 runtime_context.cpp:29] DecreaseCounter constructing_actor_cnt, current val is 348
I1013 15:09:39.394353  2084 naive_actor.cpp:25] actor 1099511627776 switch to &NaiveActor::HandlerNormal
I1013 15:09:39.394840  2111 thread.cpp:96] Thread 524337 construct Actor kDeviceTick 1099614388224
I1013 15:09:39.393630  2113 runtime_context.cpp:29] DecreaseCounter constructing_actor_cnt, current val is 353
I1013 15:09:39.394987  2126 runtime_context.cpp:29] DecreaseCounter constructing_actor_cnt, current val is 347
I1013 15:09:39.394992  2124 naive_actor.cpp:25] actor 2199023255579 switch to &NaiveActor::HandlerNormal
I1013 15:09:39.395076  2084 thread.cpp:96] Thread 524288 construct Actor kNormalForward 1099511627776
I1013 15:09:39.395153  2111 runtime_context.cpp:29] DecreaseCounter constructing_actor_cnt, current val is 346
I1013 15:09:39.395212  2124 thread.cpp:96] Thread 1048576 construct Actor kNormalForward 2199023255579
I1013 15:09:39.395301  2084 runtime_context.cpp:29] DecreaseCounter constructing_actor_cnt, current val is 345
I1013 15:09:39.395313  2126 naive_actor.cpp:25] actor 2199025352706 switch to &NaiveActor::HandlerNormal
I1013 15:09:39.395339  2124 runtime_context.cpp:29] DecreaseCounter constructing_actor_cnt, current val is 344
I1013 15:09:39.395391  2126 thread.cpp:96] Thread 1048577 construct Actor kCopyHd 2199025352706
I1013 15:09:39.395454  2126 runtime_context.cpp:29] DecreaseCounter constructing_actor_cnt, current val is 343
I1013 15:09:39.395627  2126 naive_actor.cpp:25] actor 2199025352708 switch to &NaiveActor::HandlerNormal
I1013 15:09:39.395651  2111 naive_actor.cpp:25] actor 1099614388229 switch to &NaiveActor::HandlerNormal
I1013 15:09:39.395678  2126 thread.cpp:96] Thread 1048577 construct Actor kCopyHd 2199025352708
I1013 15:09:39.395704  2111 thread.cpp:96] Thread 524337 construct Actor kDstSubsetTick 1099614388229
I1013 15:09:39.395743  2126 runtime_context.cpp:29] DecreaseCounter constructing_actor_cnt, current val is 342
I1013 15:09:39.395748  2124 naive_actor.cpp:25] actor 2199023255576 switch to &NaiveActor::HandlerNormal
I1013 15:09:39.395783  2111 runtime_context.cpp:29] DecreaseCounter constructing_actor_cnt, current val is 341
I1013 15:09:39.395817  2124 thread.cpp:96] Thread 1048576 construct Actor kNormalForward 2199023255576
I1013 15:09:39.395871  2126 naive_actor.cpp:25] actor 2199025352709 switch to &NaiveActor::HandlerNormal
I1013 15:09:39.395910  2126 thread.cpp:96] Thread 1048577 construct Actor kCopyHd 2199025352709
I1013 15:09:39.395922  2124 runtime_context.cpp:29] DecreaseCounter constructing_actor_cnt, current val is 340
I1013 15:09:39.395949  2126 runtime_context.cpp:29] DecreaseCounter constructing_actor_cnt, current val is 339
I1013 15:09:39.396091  2126 naive_actor.cpp:25] actor 2199025352710 switch to &NaiveActor::HandlerNormal
I1013 15:09:39.396135  2126 thread.cpp:96] Thread 1048577 construct Actor kCopyHd 2199025352710
I1013 15:09:39.396188  2126 runtime_context.cpp:29] DecreaseCounter constructing_actor_cnt, current val is 338
I1013 15:09:39.396188  2111 naive_actor.cpp:25] actor 1099614388237 switch to &NaiveActor::HandlerNormal
I1013 15:09:39.396253  2111 thread.cpp:96] Thread 524337 construct Actor kDstSubsetTick 1099614388237
I1013 15:09:39.396270  2124 naive_actor.cpp:25] actor 2199023255573 switch to &NaiveActor::HandlerNormal
I1013 15:09:39.396428  2124 thread.cpp:96] Thread 1048576 construct Actor kNormalForward 2199023255573
I1013 15:09:39.396447  2111 runtime_context.cpp:29] DecreaseCounter constructing_actor_cnt, current val is 337
I1013 15:09:39.396492  2124 runtime_context.cpp:29] DecreaseCounter constructing_actor_cnt, current val is 336
I1013 15:09:39.396812  2111 naive_actor.cpp:25] actor 1099614388236 switch to &NaiveActor::HandlerNormal
I1013 15:09:39.396867  2111 thread.cpp:96] Thread 524337 construct Actor kTick 1099614388236
I1013 15:09:39.396926  2111 runtime_context.cpp:29] DecreaseCounter constructing_actor_cnt, current val is 335
I1013 15:09:39.397231  2111 naive_actor.cpp:25] actor 1099614388239 switch to &NaiveActor::HandlerNormal
I1013 15:09:39.397284  2111 thread.cpp:96] Thread 524337 construct Actor kTick 1099614388239
I1013 15:09:39.397342  2111 runtime_context.cpp:29] DecreaseCounter constructing_actor_cnt, current val is 334
I1013 15:09:39.397454  2124 naive_actor.cpp:25] actor 2199023255618 switch to &NaiveActor::HandlerNormal
I1013 15:09:39.397511  2124 thread.cpp:96] Thread 1048576 construct Actor kNormalForward 2199023255618
I1013 15:09:39.397608  2124 runtime_context.cpp:29] DecreaseCounter constructing_actor_cnt, current val is 333
I1013 15:09:39.397672  2111 naive_actor.cpp:25] actor 1099614388317 switch to &NaiveActor::HandlerNormal
I1013 15:09:39.397719  2111 thread.cpp:96] Thread 524337 construct Actor kTick 1099614388317
I1013 15:09:39.397786  2111 runtime_context.cpp:29] DecreaseCounter constructing_actor_cnt, current val is 332
I1013 15:09:39.398074  2111 naive_actor.cpp:25] actor 1099614388234 switch to &NaiveActor::HandlerNormal
I1013 15:09:39.398124  2111 thread.cpp:96] Thread 524337 construct Actor kSrcSubsetTick 1099614388234
I1013 15:09:39.398181  2111 runtime_context.cpp:29] DecreaseCounter constructing_actor_cnt, current val is 331
I1013 15:09:39.398466  2124 naive_actor.cpp:25] actor 2199023255615 switch to &NaiveActor::HandlerNormal
I1013 15:09:39.398485  2111 naive_actor.cpp:25] actor 1099614388225 switch to &NaiveActor::HandlerNormal
I1013 15:09:39.398525  2124 thread.cpp:96] Thread 1048576 construct Actor kNormalForward 2199023255615
I1013 15:09:39.398551  2111 thread.cpp:96] Thread 524337 construct Actor kSrcSubsetTick 1099614388225
I1013 15:09:39.398641  2124 runtime_context.cpp:29] DecreaseCounter constructing_actor_cnt, current val is 330
I1013 15:09:39.398649  2111 runtime_context.cpp:29] DecreaseCounter constructing_actor_cnt, current val is 329
I1013 15:09:39.398977  2111 naive_actor.cpp:25] actor 1099614388232 switch to &NaiveActor::HandlerNormal
I1013 15:09:39.399030  2111 thread.cpp:96] Thread 524337 construct Actor kTick 1099614388232
I1013 15:09:39.399098  2111 runtime_context.cpp:29] DecreaseCounter constructing_actor_cnt, current val is 328
I1013 15:09:39.399395  2111 naive_actor.cpp:25] actor 1099614388230 switch to &NaiveActor::HandlerNormal
I1013 15:09:39.399446  2111 thread.cpp:96] Thread 524337 construct Actor kTick 1099614388230
I1013 15:09:39.399503  2111 runtime_context.cpp:29] DecreaseCounter constructing_actor_cnt, current val is 327
I1013 15:09:39.399662  2124 naive_actor.cpp:25] actor 2199023255666 switch to &NaiveActor::HandlerNormal
I1013 15:09:39.399717  2124 thread.cpp:96] Thread 1048576 construct Actor kNormalForward 2199023255666
I1013 15:09:39.399803  2124 runtime_context.cpp:29] DecreaseCounter constructing_actor_cnt, current val is 326
I1013 15:09:39.399834  2111 naive_actor.cpp:25] actor 1099614388228 switch to &NaiveActor::HandlerNormal
I1013 15:09:39.399869  2111 thread.cpp:96] Thread 524337 construct Actor kTick 1099614388228
I1013 15:09:39.399938  2111 runtime_context.cpp:29] DecreaseCounter constructing_actor_cnt, current val is 325
I1013 15:09:39.400136  2124 naive_actor.cpp:25] actor 2199023255563 switch to &NaiveActor::HandlerNormal
I1013 15:09:39.400187  2124 thread.cpp:96] Thread 1048576 construct Actor kNormalForward 2199023255563
I1013 15:09:39.400266  2111 naive_actor.cpp:25] actor 1099614388231 switch to &NaiveActor::HandlerNormal
I1013 15:09:39.400303  2111 thread.cpp:96] Thread 524337 construct Actor kTick 1099614388231
I1013 15:09:39.400308  2124 runtime_context.cpp:29] DecreaseCounter constructing_actor_cnt, current val is 324
I1013 15:09:39.400362  2111 runtime_context.cpp:29] DecreaseCounter constructing_actor_cnt, current val is 323
I1013 15:09:39.400660  2111 naive_actor.cpp:25] actor 1099614388241 switch to &NaiveActor::HandlerNormal
I1013 15:09:39.400712  2111 thread.cpp:96] Thread 524337 construct Actor kDeviceTick 1099614388241
I1013 15:09:39.400768  2111 runtime_context.cpp:29] DecreaseCounter constructing_actor_cnt, current val is 322
I1013 15:09:39.401089  2111 naive_actor.cpp:25] actor 1099614388319 switch to &NaiveActor::HandlerNormal
I1013 15:09:39.401136  2111 thread.cpp:96] Thread 524337 construct Actor kTick 1099614388319
I1013 15:09:39.401141  2124 naive_actor.cpp:25] actor 2199023255575 switch to &NaiveActor::HandlerNormal
I1013 15:09:39.401196  2124 thread.cpp:96] Thread 1048576 construct Actor kNormalForward 2199023255575
I1013 15:09:39.401206  2111 runtime_context.cpp:29] DecreaseCounter constructing_actor_cnt, current val is 321
I1013 15:09:39.401257  2124 runtime_context.cpp:29] DecreaseCounter constructing_actor_cnt, current val is 320
I1013 15:09:39.401505  2111 naive_actor.cpp:25] actor 1099614388240 switch to &NaiveActor::HandlerNormal
I1013 15:09:39.401551  2111 thread.cpp:96] Thread 524337 construct Actor kTick 1099614388240
I1013 15:09:39.401616  2111 runtime_context.cpp:29] DecreaseCounter constructing_actor_cnt, current val is 319
I1013 15:09:39.401902  2111 naive_actor.cpp:25] actor 1099614388242 switch to &NaiveActor::HandlerNormal
I1013 15:09:39.401949  2111 thread.cpp:96] Thread 524337 construct Actor kSrcSubsetTick 1099614388242
I1013 15:09:39.402002  2111 runtime_context.cpp:29] DecreaseCounter constructing_actor_cnt, current val is 318
I1013 15:09:39.402081  2124 naive_actor.cpp:25] actor 2199023255574 switch to &NaiveActor::HandlerNormal
I1013 15:09:39.402127  2124 thread.cpp:96] Thread 1048576 construct Actor kNormalForward 2199023255574
I1013 15:09:39.402191  2124 runtime_context.cpp:29] DecreaseCounter constructing_actor_cnt, current val is 317
I1013 15:09:39.402374  2111 naive_actor.cpp:25] actor 1099614388246 switch to &NaiveActor::HandlerNormal
I1013 15:09:39.402421  2111 thread.cpp:96] Thread 524337 construct Actor kDstSubsetTick 1099614388246
I1013 15:09:39.402488  2111 runtime_context.cpp:29] DecreaseCounter constructing_actor_cnt, current val is 316
I1013 15:09:39.402503  2124 naive_actor.cpp:25] actor 2199023255578 switch to &NaiveActor::HandlerNormal
I1013 15:09:39.402556  2124 thread.cpp:96] Thread 1048576 construct Actor kNormalForward 2199023255578
I1013 15:09:39.402635  2124 runtime_context.cpp:29] DecreaseCounter constructing_actor_cnt, current val is 315
I1013 15:09:39.402810  2111 naive_actor.cpp:25] actor 1099614388245 switch to &NaiveActor::HandlerNormal
I1013 15:09:39.402858  2111 thread.cpp:96] Thread 524337 construct Actor kTick 1099614388245
I1013 15:09:39.402920  2111 runtime_context.cpp:29] DecreaseCounter constructing_actor_cnt, current val is 314
I1013 15:09:39.403194  2111 naive_actor.cpp:25] actor 1099614388247 switch to &NaiveActor::HandlerNormal
I1013 15:09:39.403242  2111 thread.cpp:96] Thread 524337 construct Actor kTick 1099614388247
I1013 15:09:39.403302  2111 runtime_context.cpp:29] DecreaseCounter constructing_actor_cnt, current val is 313
I1013 15:09:39.403479  2124 naive_actor.cpp:25] actor 2199023255577 switch to &NaiveActor::HandlerNormal
I1013 15:09:39.403530  2124 thread.cpp:96] Thread 1048576 construct Actor kNormalForward 2199023255577
I1013 15:09:39.403594  2111 naive_actor.cpp:25] actor 1099614388248 switch to &NaiveActor::HandlerNormal
I1013 15:09:39.403609  2124 runtime_context.cpp:29] DecreaseCounter constructing_actor_cnt, current val is 312
I1013 15:09:39.403630  2111 thread.cpp:96] Thread 524337 construct Actor kTick 1099614388248
I1013 15:09:39.403802  2111 runtime_context.cpp:29] DecreaseCounter constructing_actor_cnt, current val is 311
I1013 15:09:39.403929  2124 naive_actor.cpp:25] actor 2199023255583 switch to &NaiveActor::HandlerNormal
I1013 15:09:39.403981  2124 thread.cpp:96] Thread 1048576 construct Actor kNormalForward 2199023255583
I1013 15:09:39.404043  2124 runtime_context.cpp:29] DecreaseCounter constructing_actor_cnt, current val is 310
I1013 15:09:39.404187  2111 naive_actor.cpp:25] actor 1099614388255 switch to &NaiveActor::HandlerNormal
I1013 15:09:39.404234  2111 thread.cpp:96] Thread 524337 construct Actor kDstSubsetTick 1099614388255
I1013 15:09:39.404304  2111 runtime_context.cpp:29] DecreaseCounter constructing_actor_cnt, current val is 309
I1013 15:09:39.404345  2124 naive_actor.cpp:25] actor 2199023255553 switch to &NaiveActor::HandlerNormal
I1013 15:09:39.404392  2124 thread.cpp:96] Thread 1048576 construct Actor kNormalForward 2199023255553
I1013 15:09:39.404459  2124 runtime_context.cpp:29] DecreaseCounter constructing_actor_cnt, current val is 308
I1013 15:09:39.404616  2111 naive_actor.cpp:25] actor 1099614388249 switch to &NaiveActor::HandlerNormal
I1013 15:09:39.404664  2111 thread.cpp:96] Thread 524337 construct Actor kTick 1099614388249
I1013 15:09:39.404726  2111 runtime_context.cpp:29] DecreaseCounter constructing_actor_cnt, current val is 307
I1013 15:09:39.405025  2111 naive_actor.cpp:25] actor 1099614388250 switch to &NaiveActor::HandlerNormal
I1013 15:09:39.405069  2111 thread.cpp:96] Thread 524337 construct Actor kDeviceTick 1099614388250
I1013 15:09:39.405129  2111 runtime_context.cpp:29] DecreaseCounter constructing_actor_cnt, current val is 306
I1013 15:09:39.405402  2124 naive_actor.cpp:25] actor 2199023255587 switch to &NaiveActor::HandlerNormal
I1013 15:09:39.405447  2111 naive_actor.cpp:25] actor 1099614388318 switch to &NaiveActor::HandlerNormal
I1013 15:09:39.405452  2124 thread.cpp:96] Thread 1048576 construct Actor kNormalForward 2199023255587
I1013 15:09:39.405483  2111 thread.cpp:96] Thread 524337 construct Actor kTick 1099614388318
I1013 15:09:39.405556  2124 runtime_context.cpp:29] DecreaseCounter constructing_actor_cnt, current val is 305
I1013 15:09:39.405562  2111 runtime_context.cpp:29] DecreaseCounter constructing_actor_cnt, current val is 304
I1013 15:09:39.405875  2111 naive_actor.cpp:25] actor 1099614388251 switch to &NaiveActor::HandlerNormal
I1013 15:09:39.405922  2111 thread.cpp:96] Thread 524337 construct Actor kSrcSubsetTick 1099614388251
I1013 15:09:39.405975  2111 runtime_context.cpp:29] DecreaseCounter constructing_actor_cnt, current val is 303
I1013 15:09:39.406239  2111 naive_actor.cpp:25] actor 1099614388254 switch to &NaiveActor::HandlerNormal
I1013 15:09:39.406270  2124 naive_actor.cpp:25] actor 2199023255565 switch to &NaiveActor::HandlerNormal
I1013 15:09:39.406288  2111 thread.cpp:96] Thread 524337 construct Actor kTick 1099614388254
I1013 15:09:39.406319  2124 thread.cpp:96] Thread 1048576 construct Actor kNormalForward 2199023255565
I1013 15:09:39.406375  2111 runtime_context.cpp:29] DecreaseCounter constructing_actor_cnt, current val is 302
I1013 15:09:39.406397  2124 runtime_context.cpp:29] DecreaseCounter constructing_actor_cnt, current val is 301
I1013 15:09:39.406656  2111 naive_actor.cpp:25] actor 1099614388256 switch to &NaiveActor::HandlerNormal
I1013 15:09:39.406683  2124 naive_actor.cpp:25] actor 2199023255586 switch to &NaiveActor::HandlerNormal
I1013 15:09:39.406703  2111 thread.cpp:96] Thread 524337 construct Actor kTick 1099614388256
I1013 15:09:39.406731  2124 thread.cpp:96] Thread 1048576 construct Actor kNormalForward 2199023255586
I1013 15:09:39.406785  2111 runtime_context.cpp:29] DecreaseCounter constructing_actor_cnt, current val is 300
I1013 15:09:39.406805  2124 runtime_context.cpp:29] DecreaseCounter constructing_actor_cnt, current val is 299
I1013 15:09:39.407055  2111 naive_actor.cpp:25] actor 1099614388257 switch to &NaiveActor::HandlerNormal
I1013 15:09:39.407104  2111 thread.cpp:96] Thread 524337 construct Actor kTick 1099614388257
I1013 15:09:39.407203  2111 runtime_context.cpp:29] DecreaseCounter constructing_actor_cnt, current val is 298
I1013 15:09:39.407497  2111 naive_actor.cpp:25] actor 1099614388260 switch to &NaiveActor::HandlerNormal
I1013 15:09:39.407577  2111 thread.cpp:96] Thread 524337 construct Actor kSrcSubsetTick 1099614388260
I1013 15:09:39.407605  2124 naive_actor.cpp:25] actor 2199023255564 switch to &NaiveActor::HandlerNormal
I1013 15:09:39.407634  2111 runtime_context.cpp:29] DecreaseCounter constructing_actor_cnt, current val is 297
I1013 15:09:39.407640  2124 thread.cpp:96] Thread 1048576 construct Actor kNormalForward 2199023255564
I1013 15:09:39.407739  2124 runtime_context.cpp:29] DecreaseCounter constructing_actor_cnt, current val is 296
I1013 15:09:39.407935  2111 naive_actor.cpp:25] actor 1099614388259 switch to &NaiveActor::HandlerNormal
I1013 15:09:39.407984  2111 thread.cpp:96] Thread 524337 construct Actor kDeviceTick 1099614388259
I1013 15:09:39.408036  2111 runtime_context.cpp:29] DecreaseCounter constructing_actor_cnt, current val is 295
I1013 15:09:39.408331  2111 naive_actor.cpp:25] actor 1099614388258 switch to &NaiveActor::HandlerNormal
I1013 15:09:39.408380  2111 thread.cpp:96] Thread 524337 construct Actor kTick 1099614388258
I1013 15:09:39.408432  2111 runtime_context.cpp:29] DecreaseCounter constructing_actor_cnt, current val is 294
I1013 15:09:39.408579  2124 naive_actor.cpp:25] actor 2199023255592 switch to &NaiveActor::HandlerNormal
I1013 15:09:39.408629  2124 thread.cpp:96] Thread 1048576 construct Actor kNormalForward 2199023255592
I1013 15:09:39.408704  2124 runtime_context.cpp:29] DecreaseCounter constructing_actor_cnt, current val is 293
I1013 15:09:39.408766  2111 naive_actor.cpp:25] actor 1099614388314 switch to &NaiveActor::HandlerNormal
I1013 15:09:39.408813  2111 thread.cpp:96] Thread 524337 construct Actor kTick 1099614388314
I1013 15:09:39.408877  2111 runtime_context.cpp:29] DecreaseCounter constructing_actor_cnt, current val is 292
I1013 15:09:39.409158  2111 naive_actor.cpp:25] actor 1099614388263 switch to &NaiveActor::HandlerNormal
I1013 15:09:39.409206  2111 thread.cpp:96] Thread 524337 construct Actor kTick 1099614388263
I1013 15:09:39.409267  2111 runtime_context.cpp:29] DecreaseCounter constructing_actor_cnt, current val is 291
I1013 15:09:39.409495  2124 naive_actor.cpp:25] actor 2199023255582 switch to &NaiveActor::HandlerNormal
I1013 15:09:39.409548  2124 thread.cpp:96] Thread 1048576 construct Actor kNormalForward 2199023255582
I1013 15:09:39.409555  2111 naive_actor.cpp:25] actor 1099614388266 switch to &NaiveActor::HandlerNormal
I1013 15:09:39.409618  2111 thread.cpp:96] Thread 524337 construct Actor kTick 1099614388266
I1013 15:09:39.409638  2124 runtime_context.cpp:29] DecreaseCounter constructing_actor_cnt, current val is 290
I1013 15:09:39.409672  2111 runtime_context.cpp:29] DecreaseCounter constructing_actor_cnt, current val is 289
I1013 15:09:39.410013  2111 naive_actor.cpp:25] actor 1099614388264 switch to &NaiveActor::HandlerNormal
I1013 15:09:39.410063  2111 thread.cpp:96] Thread 524337 construct Actor kDstSubsetTick 1099614388264
I1013 15:09:39.410121  2111 runtime_context.cpp:29] DecreaseCounter constructing_actor_cnt, current val is 288
I1013 15:09:39.410400  2111 naive_actor.cpp:25] actor 1099614388265 switch to &NaiveActor::HandlerNormal
I1013 15:09:39.410449  2111 thread.cpp:96] Thread 524337 construct Actor kTick 1099614388265
I1013 15:09:39.410490  2124 naive_actor.cpp:25] actor 2199023255572 switch to &NaiveActor::HandlerNormal
I1013 15:09:39.410501  2111 runtime_context.cpp:29] DecreaseCounter constructing_actor_cnt, current val is 287
I1013 15:09:39.410529  2124 thread.cpp:96] Thread 1048576 construct Actor kNormalForward 2199023255572
I1013 15:09:39.410625  2124 runtime_context.cpp:29] DecreaseCounter constructing_actor_cnt, current val is 286
I1013 15:09:39.410827  2111 naive_actor.cpp:25] actor 1099614388320 switch to &NaiveActor::HandlerNormal
I1013 15:09:39.410884  2111 thread.cpp:96] Thread 524337 construct Actor kTick 1099614388320
I1013 15:09:39.411026  2111 runtime_context.cpp:29] DecreaseCounter constructing_actor_cnt, current val is 285
I1013 15:09:39.411303  2111 naive_actor.cpp:25] actor 1099614388271 switch to &NaiveActor::HandlerNormal
I1013 15:09:39.411368  2111 thread.cpp:96] Thread 524337 construct Actor kTick 1099614388271
I1013 15:09:39.411378  2124 naive_actor.cpp:25] actor 2199023255624 switch to &NaiveActor::HandlerNormal
I1013 15:09:39.411417  2124 thread.cpp:96] Thread 1048576 construct Actor kNormalForward 2199023255624
I1013 15:09:39.411427  2111 runtime_context.cpp:29] DecreaseCounter constructing_actor_cnt, current val is 284
I1013 15:09:39.411476  2124 runtime_context.cpp:29] DecreaseCounter constructing_actor_cnt, current val is 283
I1013 15:09:39.411702  2111 naive_actor.cpp:25] actor 1099614388274 switch to &NaiveActor::HandlerNormal
I1013 15:09:39.411747  2111 thread.cpp:96] Thread 524337 construct Actor kTick 1099614388274
I1013 15:09:39.411803  2111 runtime_context.cpp:29] DecreaseCounter constructing_actor_cnt, current val is 282
I1013 15:09:39.412051  2111 naive_actor.cpp:25] actor 1099614388273 switch to &NaiveActor::HandlerNormal
I1013 15:09:39.412096  2111 thread.cpp:96] Thread 524337 construct Actor kTick 1099614388273
I1013 15:09:39.412145  2111 runtime_context.cpp:29] DecreaseCounter constructing_actor_cnt, current val is 281
I1013 15:09:39.412160  2124 naive_actor.cpp:25] actor 2199023255590 switch to &NaiveActor::HandlerNormal
I1013 15:09:39.412214  2124 thread.cpp:96] Thread 1048576 construct Actor kNormalForward 2199023255590
I1013 15:09:39.412279  2124 runtime_context.cpp:29] DecreaseCounter constructing_actor_cnt, current val is 280
I1013 15:09:39.412425  2111 naive_actor.cpp:25] actor 1099614388267 switch to &NaiveActor::HandlerNormal
I1013 15:09:39.412472  2111 thread.cpp:96] Thread 524337 construct Actor kDeviceTick 1099614388267
I1013 15:09:39.412520  2111 runtime_context.cpp:29] DecreaseCounter constructing_actor_cnt, current val is 279
I1013 15:09:39.412559  2124 naive_actor.cpp:25] actor 2199023255591 switch to &NaiveActor::HandlerNormal
I1013 15:09:39.412611  2124 thread.cpp:96] Thread 1048576 construct Actor kNormalForward 2199023255591
I1013 15:09:39.412665  2124 runtime_context.cpp:29] DecreaseCounter constructing_actor_cnt, current val is 278
I1013 15:09:39.412807  2111 naive_actor.cpp:25] actor 1099614388268 switch to &NaiveActor::HandlerNormal
I1013 15:09:39.412853  2111 thread.cpp:96] Thread 524337 construct Actor kSrcSubsetTick 1099614388268
I1013 15:09:39.412902  2111 runtime_context.cpp:29] DecreaseCounter constructing_actor_cnt, current val is 277
I1013 15:09:39.412937  2124 naive_actor.cpp:25] actor 2199023255571 switch to &NaiveActor::HandlerNormal
I1013 15:09:39.412979  2124 thread.cpp:96] Thread 1048576 construct Actor kNormalForward 2199023255571
I1013 15:09:39.413033  2124 runtime_context.cpp:29] DecreaseCounter constructing_actor_cnt, current val is 276
I1013 15:09:39.413209  2111 naive_actor.cpp:25] actor 1099614388272 switch to &NaiveActor::HandlerNormal
I1013 15:09:39.413254  2111 thread.cpp:96] Thread 524337 construct Actor kDstSubsetTick 1099614388272
I1013 15:09:39.413292  2124 naive_actor.cpp:25] actor 2199023255588 switch to &NaiveActor::HandlerNormal
I1013 15:09:39.413314  2111 runtime_context.cpp:29] DecreaseCounter constructing_actor_cnt, current val is 275
I1013 15:09:39.413321  2124 thread.cpp:96] Thread 1048576 construct Actor kNormalForward 2199023255588
I1013 15:09:39.413389  2124 runtime_context.cpp:29] DecreaseCounter constructing_actor_cnt, current val is 274
I1013 15:09:39.413606  2111 naive_actor.cpp:25] actor 1099614388275 switch to &NaiveActor::HandlerNormal
I1013 15:09:39.413651  2111 thread.cpp:96] Thread 524337 construct Actor kTick 1099614388275
I1013 15:09:39.413703  2111 runtime_context.cpp:29] DecreaseCounter constructing_actor_cnt, current val is 273
I1013 15:09:39.413965  2111 naive_actor.cpp:25] actor 1099614388311 switch to &NaiveActor::HandlerNormal
I1013 15:09:39.414011  2111 thread.cpp:96] Thread 524337 construct Actor kTick 1099614388311
I1013 15:09:39.414094  2111 runtime_context.cpp:29] DecreaseCounter constructing_actor_cnt, current val is 272
I1013 15:09:39.414216  2124 naive_actor.cpp:25] actor 2199023255554 switch to &NaiveActor::HandlerNormal
I1013 15:09:39.414268  2124 thread.cpp:96] Thread 1048576 construct Actor kNormalForward 2199023255554
I1013 15:09:39.414330  2124 runtime_context.cpp:29] DecreaseCounter constructing_actor_cnt, current val is 271
I1013 15:09:39.414373  2111 naive_actor.cpp:25] actor 1099614388281 switch to &NaiveActor::HandlerNormal
I1013 15:09:39.414417  2111 thread.cpp:96] Thread 524337 construct Actor kTick 1099614388281
I1013 15:09:39.414474  2111 runtime_context.cpp:29] DecreaseCounter constructing_actor_cnt, current val is 270
I1013 15:09:39.414744  2111 naive_actor.cpp:25] actor 1099614388279 switch to &NaiveActor::HandlerNormal
I1013 15:09:39.414790  2111 thread.cpp:96] Thread 524337 construct Actor kTick 1099614388279
I1013 15:09:39.414839  2111 runtime_context.cpp:29] DecreaseCounter constructing_actor_cnt, current val is 269
I1013 15:09:39.415017  2124 naive_actor.cpp:25] actor 2199023255585 switch to &NaiveActor::HandlerNormal
I1013 15:09:39.415064  2124 thread.cpp:96] Thread 1048576 construct Actor kNormalForward 2199023255585
I1013 15:09:39.415117  2111 naive_actor.cpp:25] actor 1099614388277 switch to &NaiveActor::HandlerNormal
I1013 15:09:39.415120  2124 runtime_context.cpp:29] DecreaseCounter constructing_actor_cnt, current val is 268
I1013 15:09:39.415151  2111 thread.cpp:96] Thread 524337 construct Actor kSrcSubsetTick 1099614388277
I1013 15:09:39.415231  2111 runtime_context.cpp:29] DecreaseCounter constructing_actor_cnt, current val is 267
I1013 15:09:39.415515  2111 naive_actor.cpp:25] actor 1099614388282 switch to &NaiveActor::HandlerNormal
I1013 15:09:39.415561  2111 thread.cpp:96] Thread 524337 construct Actor kTick 1099614388282
I1013 15:09:39.415622  2111 runtime_context.cpp:29] DecreaseCounter constructing_actor_cnt, current val is 266
I1013 15:09:39.415912  2111 naive_actor.cpp:25] actor 1099614388280 switch to &NaiveActor::HandlerNormal
I1013 15:09:39.415958  2111 thread.cpp:96] Thread 524337 construct Actor kDstSubsetTick 1099614388280
I1013 15:09:39.416003  2124 naive_actor.cpp:25] actor 2199023255589 switch to &NaiveActor::HandlerNormal
I1013 15:09:39.416010  2111 runtime_context.cpp:29] DecreaseCounter constructing_actor_cnt, current val is 265
I1013 15:09:39.416039  2124 thread.cpp:96] Thread 1048576 construct Actor kNormalForward 2199023255589
I1013 15:09:39.416127  2124 runtime_context.cpp:29] DecreaseCounter constructing_actor_cnt, current val is 264
I1013 15:09:39.416316  2111 naive_actor.cpp:25] actor 1099614388299 switch to &NaiveActor::HandlerNormal
I1013 15:09:39.416361  2111 thread.cpp:96] Thread 524337 construct Actor kTick 1099614388299
I1013 15:09:39.416411  2111 runtime_context.cpp:29] DecreaseCounter constructing_actor_cnt, current val is 263
I1013 15:09:39.416416  2124 naive_actor.cpp:25] actor 2199023255557 switch to &NaiveActor::HandlerNormal
I1013 15:09:39.416481  2124 thread.cpp:96] Thread 1048576 construct Actor kNormalForward 2199023255557
I1013 15:09:39.416543  2124 runtime_context.cpp:29] DecreaseCounter constructing_actor_cnt, current val is 262
I1013 15:09:39.416702  2111 naive_actor.cpp:25] actor 1099614388289 switch to &NaiveActor::HandlerNormal
I1013 15:09:39.416749  2111 thread.cpp:96] Thread 524337 construct Actor kTick 1099614388289
I1013 15:09:39.416798  2111 runtime_context.cpp:29] DecreaseCounter constructing_actor_cnt, current val is 261
I1013 15:09:39.417057  2111 naive_actor.cpp:25] actor 1099614388286 switch to &NaiveActor::HandlerNormal
I1013 15:09:39.417101  2111 thread.cpp:96] Thread 524337 construct Actor kTick 1099614388286
I1013 15:09:39.417150  2111 runtime_context.cpp:29] DecreaseCounter constructing_actor_cnt, current val is 260
I1013 15:09:39.417387  2124 naive_actor.cpp:25] actor 2199023255556 switch to &NaiveActor::HandlerNormal
I1013 15:09:39.417404  2111 naive_actor.cpp:25] actor 1099614388298 switch to &NaiveActor::HandlerNormal
I1013 15:09:39.417440  2124 thread.cpp:96] Thread 1048576 construct Actor kNormalForward 2199023255556
I1013 15:09:39.417544  2111 thread.cpp:96] Thread 524337 construct Actor kTick 1099614388298
I1013 15:09:39.417626  2124 runtime_context.cpp:29] DecreaseCounter constructing_actor_cnt, current val is 259
I1013 15:09:39.417632  2111 runtime_context.cpp:29] DecreaseCounter constructing_actor_cnt, current val is 258
I1013 15:09:39.417912  2124 naive_actor.cpp:25] actor 2199023255568 switch to &NaiveActor::HandlerNormal
I1013 15:09:39.417929  2111 naive_actor.cpp:25] actor 1099614388291 switch to &NaiveActor::HandlerNormal
I1013 15:09:39.417963  2124 thread.cpp:96] Thread 1048576 construct Actor kNormalForward 2199023255568
