I1012 13:12:35.421195 42662 runtime_context.cpp:29] DecreaseCounter constructing_actor_cnt, current val is 665
I1012 13:12:35.421603 42662 naive_actor.cpp:25] actor 1099614388249 switch to &NaiveActor::HandlerNormal
I1012 13:12:35.421663 42662 thread.cpp:96] Thread 524337 construct Actor kDeviceTick 1099614388249
I1012 13:12:35.421733 42662 runtime_context.cpp:29] DecreaseCounter constructing_actor_cnt, current val is 664
I1012 13:12:35.422076 42662 naive_actor.cpp:25] actor 1099614388255 switch to &NaiveActor::HandlerNormal
I1012 13:12:35.422130 42662 thread.cpp:96] Thread 524337 construct Actor kTick 1099614388255
I1012 13:12:35.422156 42680 naive_actor.cpp:25] actor 2207613190158 switch to &NaiveActor::HandlerNormal
I1012 13:12:35.422191 42662 runtime_context.cpp:29] DecreaseCounter constructing_actor_cnt, current val is 663
I1012 13:12:35.422209 42680 thread.cpp:96] Thread 1052672 construct Actor kNormalForward 2207613190158
I1012 13:12:35.422348 42680 runtime_context.cpp:29] DecreaseCounter constructing_actor_cnt, current val is 662
I1012 13:12:35.422613 42662 naive_actor.cpp:25] actor 1099614388256 switch to &NaiveActor::HandlerNormal
I1012 13:12:35.422645 42667 naive_actor.cpp:25] actor 2199023255568 switch to &NaiveActor::HandlerNormal
I1012 13:12:35.422677 42662 thread.cpp:96] Thread 524337 construct Actor kTick 1099614388256
I1012 13:12:35.422730 42667 thread.cpp:96] Thread 1048576 construct Actor kNormalForward 2199023255568
I1012 13:12:35.422806 42662 runtime_context.cpp:29] DecreaseCounter constructing_actor_cnt, current val is 661
I1012 13:12:35.422855 42667 runtime_context.cpp:29] DecreaseCounter constructing_actor_cnt, current val is 660
I1012 13:12:35.423230 42662 naive_actor.cpp:25] actor 1099614388253 switch to &NaiveActor::HandlerNormal
I1012 13:12:35.423285 42662 thread.cpp:96] Thread 524337 construct Actor kTick 1099614388253
I1012 13:12:35.423308 42667 naive_actor.cpp:25] actor 2199023255570 switch to &NaiveActor::HandlerNormal
I1012 13:12:35.423358 42662 runtime_context.cpp:29] DecreaseCounter constructing_actor_cnt, current val is 659
I1012 13:12:35.423365 42667 thread.cpp:96] Thread 1048576 construct Actor kNormalForward 2199023255570
I1012 13:12:35.423485 42667 runtime_context.cpp:29] DecreaseCounter constructing_actor_cnt, current val is 658
I1012 13:12:35.423748 42680 naive_actor.cpp:25] actor 2207613190182 switch to &NaiveActor::HandlerNormal
I1012 13:12:35.423784 42662 naive_actor.cpp:25] actor 1099614388254 switch to &NaiveActor::HandlerNormal
I1012 13:12:35.423816 42680 thread.cpp:96] Thread 1052672 construct Actor kNormalForward 2207613190182
I1012 13:12:35.423861 42662 thread.cpp:96] Thread 524337 construct Actor kDstSubsetTick 1099614388254
I1012 13:12:35.423967 42680 runtime_context.cpp:29] DecreaseCounter constructing_actor_cnt, current val is 657
I1012 13:12:35.424005 42662 runtime_context.cpp:29] DecreaseCounter constructing_actor_cnt, current val is 656
I1012 13:12:35.424376 42623 naive_actor.cpp:25] actor 1099511627776 switch to &NaiveActor::HandlerNormal
I1012 13:12:35.424443 42623 thread.cpp:96] Thread 524288 construct Actor kNormalForward 1099511627776
I1012 13:12:35.424485 42662 naive_actor.cpp:25] actor 1099614388302 switch to &NaiveActor::HandlerNormal
I1012 13:12:35.424554 42623 runtime_context.cpp:29] DecreaseCounter constructing_actor_cnt, current val is 655
I1012 13:12:35.424583 42662 thread.cpp:96] Thread 524337 construct Actor kTick 1099614388302
I1012 13:12:35.424697 42662 runtime_context.cpp:29] DecreaseCounter constructing_actor_cnt, current val is 654
I1012 13:12:35.424752 42667 naive_actor.cpp:25] actor 2199023255585 switch to &NaiveActor::HandlerNormal
I1012 13:12:35.424813 42667 thread.cpp:96] Thread 1048576 construct Actor kNormalForward 2199023255585
I1012 13:12:35.424906 42667 runtime_context.cpp:29] DecreaseCounter constructing_actor_cnt, current val is 653
I1012 13:12:35.424917 42626 naive_actor.cpp:25] actor 1099517919232 switch to &NaiveActor::HandlerNormal
I1012 13:12:35.424998 42626 thread.cpp:96] Thread 524291 construct Actor kNormalForward 1099517919232
I1012 13:12:35.425089 42626 runtime_context.cpp:29] DecreaseCounter constructing_actor_cnt, current val is 652
I1012 13:12:35.425164 42662 naive_actor.cpp:25] actor 1099614388257 switch to &NaiveActor::HandlerNormal
I1012 13:12:35.425252 42662 thread.cpp:96] Thread 524337 construct Actor kTick 1099614388257
I1012 13:12:35.425307 42625 naive_actor.cpp:25] actor 1099515822080 switch to &NaiveActor::HandlerNormal
I1012 13:12:35.425341 42662 runtime_context.cpp:29] DecreaseCounter constructing_actor_cnt, current val is 651
I1012 13:12:35.425369 42625 thread.cpp:96] Thread 524290 construct Actor kNormalForward 1099515822080
I1012 13:12:35.425513 42625 runtime_context.cpp:29] DecreaseCounter constructing_actor_cnt, current val is 650
I1012 13:12:35.425679 42680 naive_actor.cpp:25] actor 2207613190149 switch to &NaiveActor::HandlerNormal
I1012 13:12:35.425741 42680 thread.cpp:96] Thread 1052672 construct Actor kNormalForward 2207613190149
I1012 13:12:35.425832 42680 runtime_context.cpp:29] DecreaseCounter constructing_actor_cnt, current val is 649
I1012 13:12:35.425838 42624 naive_actor.cpp:25] actor 1099513724928 switch to &NaiveActor::HandlerNormal
I1012 13:12:35.425846 42662 naive_actor.cpp:25] actor 1099614388264 switch to &NaiveActor::HandlerNormal
I1012 13:12:35.425922 42624 thread.cpp:96] Thread 524289 construct Actor kNormalForward 1099513724928
I1012 13:12:35.425971 42662 thread.cpp:96] Thread 524337 construct Actor kTick 1099614388264
I1012 13:12:35.426002 42667 naive_actor.cpp:25] actor 2199023255609 switch to &NaiveActor::HandlerNormal
I1012 13:12:35.426049 42624 runtime_context.cpp:29] DecreaseCounter constructing_actor_cnt, current val is 648
I1012 13:12:35.426067 42667 thread.cpp:96] Thread 1048576 construct Actor kNormalForward 2199023255609
I1012 13:12:35.426071 42662 runtime_context.cpp:29] DecreaseCounter constructing_actor_cnt, current val is 647
I1012 13:12:35.426179 42667 runtime_context.cpp:29] DecreaseCounter constructing_actor_cnt, current val is 646
I1012 13:12:35.426654 42662 naive_actor.cpp:25] actor 1099614388262 switch to &NaiveActor::HandlerNormal
I1012 13:12:35.426713 42662 thread.cpp:96] Thread 524337 construct Actor kTick 1099614388262
I1012 13:12:35.426793 42662 runtime_context.cpp:29] DecreaseCounter constructing_actor_cnt, current val is 645
I1012 13:12:35.426946 42680 naive_actor.cpp:25] actor 2207613190173 switch to &NaiveActor::HandlerNormal
I1012 13:12:35.427001 42680 thread.cpp:96] Thread 1052672 construct Actor kNormalForward 2207613190173
I1012 13:12:35.427083 42680 runtime_context.cpp:29] DecreaseCounter constructing_actor_cnt, current val is 644
I1012 13:12:35.427224 42662 naive_actor.cpp:25] actor 1099614388259 switch to &NaiveActor::HandlerNormal
I1012 13:12:35.427282 42662 thread.cpp:96] Thread 524337 construct Actor kSrcSubsetTick 1099614388259
I1012 13:12:35.427359 42662 runtime_context.cpp:29] DecreaseCounter constructing_actor_cnt, current val is 643
I1012 13:12:35.427361 42667 naive_actor.cpp:25] actor 2199023255580 switch to &NaiveActor::HandlerNormal
I1012 13:12:35.427459 42667 thread.cpp:96] Thread 1048576 construct Actor kNormalForward 2199023255580
I1012 13:12:35.427558 42667 runtime_context.cpp:29] DecreaseCounter constructing_actor_cnt, current val is 642
I1012 13:12:35.427759 42662 naive_actor.cpp:25] actor 1099614388318 switch to &NaiveActor::HandlerNormal
I1012 13:12:35.427819 42662 thread.cpp:96] Thread 524337 construct Actor kTick 1099614388318
I1012 13:12:35.427915 42662 runtime_context.cpp:29] DecreaseCounter constructing_actor_cnt, current val is 641
I1012 13:12:35.428284 42680 naive_actor.cpp:25] actor 2207613190163 switch to &NaiveActor::HandlerNormal
I1012 13:12:35.428349 42680 thread.cpp:96] Thread 1052672 construct Actor kNormalForward 2207613190163
I1012 13:12:35.428385 42662 naive_actor.cpp:25] actor 1099614388263 switch to &NaiveActor::HandlerNormal
I1012 13:12:35.428472 42662 thread.cpp:96] Thread 524337 construct Actor kDstSubsetTick 1099614388263
I1012 13:12:35.428500 42680 runtime_context.cpp:29] DecreaseCounter constructing_actor_cnt, current val is 640
I1012 13:12:35.428580 42662 runtime_context.cpp:29] DecreaseCounter constructing_actor_cnt, current val is 639
I1012 13:12:35.428941 42662 naive_actor.cpp:25] actor 1099614388265 switch to &NaiveActor::HandlerNormal
I1012 13:12:35.428988 42662 thread.cpp:96] Thread 524337 construct Actor kTick 1099614388265
I1012 13:12:35.429049 42662 runtime_context.cpp:29] DecreaseCounter constructing_actor_cnt, current val is 638
I1012 13:12:35.429100 42667 naive_actor.cpp:25] actor 2199023255575 switch to &NaiveActor::HandlerNormal
I1012 13:12:35.429155 42667 thread.cpp:96] Thread 1048576 construct Actor kNormalForward 2199023255575
I1012 13:12:35.429245 42667 runtime_context.cpp:29] DecreaseCounter constructing_actor_cnt, current val is 637
I1012 13:12:35.429432 42662 naive_actor.cpp:25] actor 1099614388258 switch to &NaiveActor::HandlerNormal
I1012 13:12:35.429487 42662 thread.cpp:96] Thread 524337 construct Actor kDeviceTick 1099614388258
I1012 13:12:35.429584 42662 runtime_context.cpp:29] DecreaseCounter constructing_actor_cnt, current val is 636
I1012 13:12:35.429759 42680 naive_actor.cpp:25] actor 2207613190147 switch to &NaiveActor::HandlerNormal
I1012 13:12:35.429812 42680 thread.cpp:96] Thread 1052672 construct Actor kNormalForward 2207613190147
I1012 13:12:35.429903 42680 runtime_context.cpp:29] DecreaseCounter constructing_actor_cnt, current val is 635
I1012 13:12:35.429929 42662 naive_actor.cpp:25] actor 1099614388266 switch to &NaiveActor::HandlerNormal
I1012 13:12:35.429978 42662 thread.cpp:96] Thread 524337 construct Actor kTick 1099614388266
I1012 13:12:35.430047 42662 runtime_context.cpp:29] DecreaseCounter constructing_actor_cnt, current val is 634
I1012 13:12:35.430197 42667 naive_actor.cpp:25] actor 2199023255587 switch to &NaiveActor::HandlerNormal
I1012 13:12:35.430250 42667 thread.cpp:96] Thread 1048576 construct Actor kNormalForward 2199023255587
I1012 13:12:35.430328 42667 runtime_context.cpp:29] DecreaseCounter constructing_actor_cnt, current val is 633
I1012 13:12:35.430361 42662 naive_actor.cpp:25] actor 1099614388268 switch to &NaiveActor::HandlerNormal
I1012 13:12:35.430402 42662 thread.cpp:96] Thread 524337 construct Actor kSrcSubsetTick 1099614388268
I1012 13:12:35.430480 42662 runtime_context.cpp:29] DecreaseCounter constructing_actor_cnt, current val is 632
I1012 13:12:35.430794 42662 naive_actor.cpp:25] actor 1099614388324 switch to &NaiveActor::HandlerNormal
I1012 13:12:35.430846 42662 thread.cpp:96] Thread 524337 construct Actor kTick 1099614388324
I1012 13:12:35.430922 42662 runtime_context.cpp:29] DecreaseCounter constructing_actor_cnt, current val is 631
I1012 13:12:35.431018 42680 naive_actor.cpp:25] actor 2207613190154 switch to &NaiveActor::HandlerNormal
I1012 13:12:35.431072 42680 thread.cpp:96] Thread 1052672 construct Actor kNormalForward 2207613190154
I1012 13:12:35.431160 42680 runtime_context.cpp:29] DecreaseCounter constructing_actor_cnt, current val is 630
I1012 13:12:35.431347 42662 naive_actor.cpp:25] actor 1099614388272 switch to &NaiveActor::HandlerNormal
I1012 13:12:35.431397 42662 thread.cpp:96] Thread 524337 construct Actor kDstSubsetTick 1099614388272
I1012 13:12:35.431468 42662 runtime_context.cpp:29] DecreaseCounter constructing_actor_cnt, current val is 629
I1012 13:12:35.431540 42680 naive_actor.cpp:25] actor 2207613190164 switch to &NaiveActor::HandlerNormal
I1012 13:12:35.431599 42680 thread.cpp:96] Thread 1052672 construct Actor kNormalForward 2207613190164
I1012 13:12:35.431665 42667 naive_actor.cpp:25] actor 2199023255589 switch to &NaiveActor::HandlerNormal
I1012 13:12:35.431672 42680 runtime_context.cpp:29] DecreaseCounter constructing_actor_cnt, current val is 628
I1012 13:12:35.431721 42667 thread.cpp:96] Thread 1048576 construct Actor kNormalForward 2199023255589
I1012 13:12:35.431820 42662 naive_actor.cpp:25] actor 1099614388274 switch to &NaiveActor::HandlerNormal
I1012 13:12:35.431838 42667 runtime_context.cpp:29] DecreaseCounter constructing_actor_cnt, current val is 627
I1012 13:12:35.431866 42662 thread.cpp:96] Thread 524337 construct Actor kTick 1099614388274
I1012 13:12:35.431952 42662 runtime_context.cpp:29] DecreaseCounter constructing_actor_cnt, current val is 626
I1012 13:12:35.432232 42662 naive_actor.cpp:25] actor 1099614388273 switch to &NaiveActor::HandlerNormal
I1012 13:12:35.432284 42662 thread.cpp:96] Thread 524337 construct Actor kTick 1099614388273
I1012 13:12:35.432296 42667 naive_actor.cpp:25] actor 2199023255572 switch to &NaiveActor::HandlerNormal
I1012 13:12:35.432349 42662 runtime_context.cpp:29] DecreaseCounter constructing_actor_cnt, current val is 625
I1012 13:12:35.432351 42667 thread.cpp:96] Thread 1048576 construct Actor kNormalForward 2199023255572
I1012 13:12:35.432454 42667 runtime_context.cpp:29] DecreaseCounter constructing_actor_cnt, current val is 624
I1012 13:12:35.432622 42662 naive_actor.cpp:25] actor 1099614388267 switch to &NaiveActor::HandlerNormal
I1012 13:12:35.432664 42662 thread.cpp:96] Thread 524337 construct Actor kDeviceTick 1099614388267
I1012 13:12:35.432724 42662 runtime_context.cpp:29] DecreaseCounter constructing_actor_cnt, current val is 623
I1012 13:12:35.432857 42680 naive_actor.cpp:25] actor 2207613190177 switch to &NaiveActor::HandlerNormal
I1012 13:12:35.432909 42680 thread.cpp:96] Thread 1052672 construct Actor kNormalForward 2207613190177
I1012 13:12:35.432988 42680 runtime_context.cpp:29] DecreaseCounter constructing_actor_cnt, current val is 622
I1012 13:12:35.433032 42662 naive_actor.cpp:25] actor 1099614388271 switch to &NaiveActor::HandlerNormal
I1012 13:12:35.433075 42662 thread.cpp:96] Thread 524337 construct Actor kTick 1099614388271
I1012 13:12:35.433136 42662 runtime_context.cpp:29] DecreaseCounter constructing_actor_cnt, current val is 621
I1012 13:12:35.433423 42662 naive_actor.cpp:25] actor 1099614388277 switch to &NaiveActor::HandlerNormal
I1012 13:12:35.433435 42667 naive_actor.cpp:25] actor 2199023255573 switch to &NaiveActor::HandlerNormal
I1012 13:12:35.433470 42662 thread.cpp:96] Thread 524337 construct Actor kSrcSubsetTick 1099614388277
I1012 13:12:35.433509 42667 thread.cpp:96] Thread 1048576 construct Actor kNormalForward 2199023255573
I1012 13:12:35.433565 42662 runtime_context.cpp:29] DecreaseCounter constructing_actor_cnt, current val is 620
I1012 13:12:35.433610 42667 runtime_context.cpp:29] DecreaseCounter constructing_actor_cnt, current val is 619
I1012 13:12:35.433874 42662 naive_actor.cpp:25] actor 1099614388276 switch to &NaiveActor::HandlerNormal
I1012 13:12:35.433892 42680 naive_actor.cpp:25] actor 2207613190166 switch to &NaiveActor::HandlerNormal
I1012 13:12:35.433920 42662 thread.cpp:96] Thread 524337 construct Actor kDeviceTick 1099614388276
I1012 13:12:35.433969 42680 thread.cpp:96] Thread 1052672 construct Actor kNormalForward 2207613190166
I1012 13:12:35.434021 42662 runtime_context.cpp:29] DecreaseCounter constructing_actor_cnt, current val is 618
I1012 13:12:35.434070 42680 runtime_context.cpp:29] DecreaseCounter constructing_actor_cnt, current val is 617
I1012 13:12:35.434345 42667 naive_actor.cpp:25] actor 2199023255567 switch to &NaiveActor::HandlerNormal
I1012 13:12:35.434397 42667 thread.cpp:96] Thread 1048576 construct Actor kNormalForward 2199023255567
I1012 13:12:35.434412 42662 naive_actor.cpp:25] actor 1099614388288 switch to &NaiveActor::HandlerNormal
I1012 13:12:35.434474 42667 runtime_context.cpp:29] DecreaseCounter constructing_actor_cnt, current val is 616
I1012 13:12:35.434566 42662 thread.cpp:96] Thread 524337 construct Actor kTick 1099614388288
I1012 13:12:35.434674 42662 runtime_context.cpp:29] DecreaseCounter constructing_actor_cnt, current val is 615
I1012 13:12:35.435003 42662 naive_actor.cpp:25] actor 1099614388280 switch to &NaiveActor::HandlerNormal
I1012 13:12:35.435047 42662 thread.cpp:96] Thread 524337 construct Actor kTick 1099614388280
I1012 13:12:35.435109 42662 runtime_context.cpp:29] DecreaseCounter constructing_actor_cnt, current val is 614
I1012 13:12:35.435164 42680 naive_actor.cpp:25] actor 2207613190161 switch to &NaiveActor::HandlerNormal
I1012 13:12:35.435220 42680 thread.cpp:96] Thread 1052672 construct Actor kNormalForward 2207613190161
I1012 13:12:35.435305 42680 runtime_context.cpp:29] DecreaseCounter constructing_actor_cnt, current val is 613
I1012 13:12:35.435468 42662 naive_actor.cpp:25] actor 1099614388292 switch to &NaiveActor::HandlerNormal
I1012 13:12:35.435515 42667 naive_actor.cpp:25] actor 2199023255625 switch to &NaiveActor::HandlerNormal
I1012 13:12:35.435516 42662 thread.cpp:96] Thread 524337 construct Actor kTick 1099614388292
I1012 13:12:35.435565 42667 thread.cpp:96] Thread 1048576 construct Actor kNormalForward 2199023255625
I1012 13:12:35.435626 42662 runtime_context.cpp:29] DecreaseCounter constructing_actor_cnt, current val is 612
I1012 13:12:35.435662 42667 runtime_context.cpp:29] DecreaseCounter constructing_actor_cnt, current val is 611
I1012 13:12:35.435707 42680 naive_actor.cpp:25] actor 2207613190185 switch to &NaiveActor::HandlerNormal
I1012 13:12:35.435755 42680 thread.cpp:96] Thread 1052672 construct Actor kNormalForward 2207613190185
I1012 13:12:35.435832 42680 runtime_context.cpp:29] DecreaseCounter constructing_actor_cnt, current val is 610
I1012 13:12:35.435982 42667 naive_actor.cpp:25] actor 2199023255591 switch to &NaiveActor::HandlerNormal
I1012 13:12:35.435997 42662 naive_actor.cpp:25] actor 1099614388281 switch to &NaiveActor::HandlerNormal
I1012 13:12:35.436038 42667 thread.cpp:96] Thread 1048576 construct Actor kNormalForward 2199023255591
I1012 13:12:35.436074 42662 thread.cpp:96] Thread 524337 construct Actor kDstSubsetTick 1099614388281
I1012 13:12:35.436146 42667 runtime_context.cpp:29] DecreaseCounter constructing_actor_cnt, current val is 609
I1012 13:12:35.436177 42662 runtime_context.cpp:29] DecreaseCounter constructing_actor_cnt, current val is 608
I1012 13:12:35.436482 42662 naive_actor.cpp:25] actor 1099614388275 switch to &NaiveActor::HandlerNormal
I1012 13:12:35.436544 42662 thread.cpp:96] Thread 524337 construct Actor kDeviceTick 1099614388275
I1012 13:12:35.436609 42662 runtime_context.cpp:29] DecreaseCounter constructing_actor_cnt, current val is 607
I1012 13:12:35.436827 42680 naive_actor.cpp:25] actor 2207613190196 switch to &NaiveActor::HandlerNormal
I1012 13:12:35.436883 42680 thread.cpp:96] Thread 1052672 construct Actor kNormalForward 2207613190196
I1012 13:12:35.436930 42662 naive_actor.cpp:25] actor 1099614388290 switch to &NaiveActor::HandlerNormal
I1012 13:12:35.436952 42680 runtime_context.cpp:29] DecreaseCounter constructing_actor_cnt, current val is 606
I1012 13:12:35.436981 42662 thread.cpp:96] Thread 524337 construct Actor kSrcSubsetTick 1099614388290
I1012 13:12:35.437076 42662 runtime_context.cpp:29] DecreaseCounter constructing_actor_cnt, current val is 605
I1012 13:12:35.437119 42667 naive_actor.cpp:25] actor 2199023255569 switch to &NaiveActor::HandlerNormal
I1012 13:12:35.437211 42667 thread.cpp:96] Thread 1048576 construct Actor kNormalForward 2199023255569
I1012 13:12:35.437328 42667 runtime_context.cpp:29] DecreaseCounter constructing_actor_cnt, current val is 604
I1012 13:12:35.437455 42662 naive_actor.cpp:25] actor 1099614388285 switch to &NaiveActor::HandlerNormal
I1012 13:12:35.437500 42662 thread.cpp:96] Thread 524337 construct Actor kTick 1099614388285
I1012 13:12:35.437561 42662 runtime_context.cpp:29] DecreaseCounter constructing_actor_cnt, current val is 603
I1012 13:12:35.437958 42662 naive_actor.cpp:25] actor 1099614388284 switch to &NaiveActor::HandlerNormal
I1012 13:12:35.438015 42662 thread.cpp:96] Thread 524337 construct Actor kTick 1099614388284
I1012 13:12:35.438015 42680 naive_actor.cpp:25] actor 2207613190168 switch to &NaiveActor::HandlerNormal
I1012 13:12:35.438086 42662 runtime_context.cpp:29] DecreaseCounter constructing_actor_cnt, current val is 602
I1012 13:12:35.438098 42680 thread.cpp:96] Thread 1052672 construct Actor kNormalForward 2207613190168
I1012 13:12:35.438212 42680 runtime_context.cpp:29] DecreaseCounter constructing_actor_cnt, current val is 601
I1012 13:12:35.438395 42667 naive_actor.cpp:25] actor 2199023255583 switch to &NaiveActor::HandlerNormal
I1012 13:12:35.438458 42667 thread.cpp:96] Thread 1048576 construct Actor kNormalForward 2199023255583
I1012 13:12:35.438508 42662 naive_actor.cpp:25] actor 1099614388293 switch to &NaiveActor::HandlerNormal
I1012 13:12:35.438542 42667 runtime_context.cpp:29] DecreaseCounter constructing_actor_cnt, current val is 600
I1012 13:12:35.438550 42662 thread.cpp:96] Thread 524337 construct Actor kDstSubsetTick 1099614388293
I1012 13:12:35.438659 42662 runtime_context.cpp:29] DecreaseCounter constructing_actor_cnt, current val is 599
I1012 13:12:35.439013 42662 naive_actor.cpp:25] actor 1099614388294 switch to &NaiveActor::HandlerNormal
I1012 13:12:35.439059 42662 thread.cpp:96] Thread 524337 construct Actor kTick 1099614388294
I1012 13:12:35.439123 42662 runtime_context.cpp:29] DecreaseCounter constructing_actor_cnt, current val is 598
I1012 13:12:35.439188 42680 naive_actor.cpp:25] actor 2207613190165 switch to &NaiveActor::HandlerNormal
I1012 13:12:35.439236 42680 thread.cpp:96] Thread 1052672 construct Actor kNormalForward 2207613190165
I1012 13:12:35.439321 42680 runtime_context.cpp:29] DecreaseCounter constructing_actor_cnt, current val is 597
I1012 13:12:35.439385 42667 naive_actor.cpp:25] actor 2199023255553 switch to &NaiveActor::HandlerNormal
I1012 13:12:35.439438 42667 thread.cpp:96] Thread 1048576 construct Actor kNormalForward 2199023255553
I1012 13:12:35.439481 42662 naive_actor.cpp:25] actor 1099614388282 switch to &NaiveActor::HandlerNormal
I1012 13:12:35.439519 42667 runtime_context.cpp:29] DecreaseCounter constructing_actor_cnt, current val is 596
I1012 13:12:35.439528 42662 thread.cpp:96] Thread 524337 construct Actor kTick 1099614388282
I1012 13:12:35.439630 42662 runtime_context.cpp:29] DecreaseCounter constructing_actor_cnt, current val is 595
I1012 13:12:35.439787 42680 naive_actor.cpp:25] actor 2207613190169 switch to &NaiveActor::HandlerNormal
I1012 13:12:35.439841 42680 thread.cpp:96] Thread 1052672 construct Actor kNormalForward 2207613190169
I1012 13:12:35.439915 42680 runtime_context.cpp:29] DecreaseCounter constructing_actor_cnt, current val is 594
I1012 13:12:35.439962 42662 naive_actor.cpp:25] actor 1099614388300 switch to &NaiveActor::HandlerNormal
I1012 13:12:35.440009 42662 thread.cpp:96] Thread 524337 construct Actor kTick 1099614388300
I1012 13:12:35.440071 42662 runtime_context.cpp:29] DecreaseCounter constructing_actor_cnt, current val is 593
I1012 13:12:35.440385 42662 naive_actor.cpp:25] actor 1099614388295 switch to &NaiveActor::HandlerNormal
I1012 13:12:35.440438 42662 thread.cpp:96] Thread 524337 construct Actor kTick 1099614388295
I1012 13:12:35.440496 42662 runtime_context.cpp:29] DecreaseCounter constructing_actor_cnt, current val is 592
I1012 13:12:35.440757 42662 naive_actor.cpp:25] actor 1099614388283 switch to &NaiveActor::HandlerNormal
I1012 13:12:35.440779 42680 naive_actor.cpp:25] actor 2207613190180 switch to &NaiveActor::HandlerNormal
I1012 13:12:35.440802 42662 thread.cpp:96] Thread 524337 construct Actor kTick 1099614388283
I1012 13:12:35.440841 42680 thread.cpp:96] Thread 1052672 construct Actor kNormalForward 2207613190180
I1012 13:12:35.440861 42667 naive_actor.cpp:25] actor 2199023255582 switch to &NaiveActor::HandlerNormal
I1012 13:12:35.440899 42662 runtime_context.cpp:29] DecreaseCounter constructing_actor_cnt, current val is 591
I1012 13:12:35.440939 42667 thread.cpp:96] Thread 1048576 construct Actor kNormalForward 2199023255582
I1012 13:12:35.440943 42680 runtime_context.cpp:29] DecreaseCounter constructing_actor_cnt, current val is 590
I1012 13:12:35.441066 42667 runtime_context.cpp:29] DecreaseCounter constructing_actor_cnt, current val is 589
I1012 13:12:35.441278 42662 naive_actor.cpp:25] actor 1099614388313 switch to &NaiveActor::HandlerNormal
I1012 13:12:35.441321 42662 thread.cpp:96] Thread 524337 construct Actor kTick 1099614388313
I1012 13:12:35.441382 42662 runtime_context.cpp:29] DecreaseCounter constructing_actor_cnt, current val is 588
I1012 13:12:35.441468 42680 naive_actor.cpp:25] actor 2207613190183 switch to &NaiveActor::HandlerNormal
I1012 13:12:35.441515 42680 thread.cpp:96] Thread 1052672 construct Actor kNormalForward 2207613190183
I1012 13:12:35.441594 42680 runtime_context.cpp:29] DecreaseCounter constructing_actor_cnt, current val is 587
I1012 13:12:35.441730 42662 naive_actor.cpp:25] actor 1099614388306 switch to &NaiveActor::HandlerNormal
I1012 13:12:35.441778 42662 thread.cpp:96] Thread 524337 construct Actor kTick 1099614388306
I1012 13:12:35.441838 42662 runtime_context.cpp:29] DecreaseCounter constructing_actor_cnt, current val is 586
I1012 13:12:35.441903 42667 naive_actor.cpp:25] actor 2199023255588 switch to &NaiveActor::HandlerNormal
I1012 13:12:35.441956 42667 thread.cpp:96] Thread 1048576 construct Actor kNormalForward 2199023255588
I1012 13:12:35.442031 42667 runtime_context.cpp:29] DecreaseCounter constructing_actor_cnt, current val is 585
I1012 13:12:35.442039 42680 naive_actor.cpp:25] actor 2207613190146 switch to &NaiveActor::HandlerNormal
I1012 13:12:35.442114 42680 thread.cpp:96] Thread 1052672 construct Actor kNormalForward 2207613190146
I1012 13:12:35.442186 42680 runtime_context.cpp:29] DecreaseCounter constructing_actor_cnt, current val is 584
I1012 13:12:35.442189 42662 naive_actor.cpp:25] actor 1099614388320 switch to &NaiveActor::HandlerNormal
I1012 13:12:35.442274 42662 thread.cpp:96] Thread 524337 construct Actor kTick 1099614388320
I1012 13:12:35.442342 42662 runtime_context.cpp:29] DecreaseCounter constructing_actor_cnt, current val is 583
I1012 13:12:35.442420 42667 naive_actor.cpp:25] actor 2199023255612 switch to &NaiveActor::HandlerNormal
I1012 13:12:35.442483 42667 thread.cpp:96] Thread 1048576 construct Actor kNormalForward 2199023255612
I1012 13:12:35.442559 42667 runtime_context.cpp:29] DecreaseCounter constructing_actor_cnt, current val is 582
I1012 13:12:35.442692 42662 naive_actor.cpp:25] actor 1099614388323 switch to &NaiveActor::HandlerNormal
I1012 13:12:35.442737 42662 thread.cpp:96] Thread 524337 construct Actor kTick 1099614388323
I1012 13:12:35.442800 42662 runtime_context.cpp:29] DecreaseCounter constructing_actor_cnt, current val is 581
I1012 13:12:35.443130 42662 naive_actor.cpp:25] actor 1099614388316 switch to &NaiveActor::HandlerNormal
I1012 13:12:35.443178 42662 thread.cpp:96] Thread 524337 construct Actor kTick 1099614388316
I1012 13:12:35.443222 42680 naive_actor.cpp:25] actor 2207613190170 switch to &NaiveActor::HandlerNormal
I1012 13:12:35.443239 42662 runtime_context.cpp:29] DecreaseCounter constructing_actor_cnt, current val is 580
I1012 13:12:35.443277 42680 thread.cpp:96] Thread 1052672 construct Actor kNormalForward 2207613190170
I1012 13:12:35.443382 42680 runtime_context.cpp:29] DecreaseCounter constructing_actor_cnt, current val is 579
I1012 13:12:35.443555 42667 naive_actor.cpp:25] actor 2199023255560 switch to &NaiveActor::HandlerNormal
I1012 13:12:35.443629 42667 thread.cpp:96] Thread 1048576 construct Actor kNormalForward 2199023255560
I1012 13:12:35.443651 42662 naive_actor.cpp:25] actor 1099614388322 switch to &NaiveActor::HandlerNormal
I1012 13:12:35.443701 42662 thread.cpp:96] Thread 524337 construct Actor kTick 1099614388322
I1012 13:12:35.443717 42667 runtime_context.cpp:29] DecreaseCounter constructing_actor_cnt, current val is 578
I1012 13:12:35.443747 42662 runtime_context.cpp:29] DecreaseCounter constructing_actor_cnt, current val is 577
I1012 13:12:35.444124 42662 naive_actor.cpp:25] actor 1099614388312 switch to &NaiveActor::HandlerNormal
I1012 13:12:35.444181 42662 thread.cpp:96] Thread 524337 construct Actor kTick 1099614388312
I1012 13:12:35.444240 42662 runtime_context.cpp:29] DecreaseCounter constructing_actor_cnt, current val is 576
I1012 13:12:35.444516 42667 naive_actor.cpp:25] actor 2199023255574 switch to &NaiveActor::HandlerNormal
I1012 13:12:35.444542 42680 naive_actor.cpp:25] actor 2207613190224 switch to &NaiveActor::HandlerNormal
I1012 13:12:35.444576 42667 thread.cpp:96] Thread 1048576 construct Actor kNormalForward 2199023255574
I1012 13:12:35.444626 42680 thread.cpp:96] Thread 1052672 construct Actor kNormalForward 2207613190224
I1012 13:12:35.444628 42662 naive_actor.cpp:25] actor 1099614388315 switch to &NaiveActor::HandlerNormal
I1012 13:12:35.444706 42667 runtime_context.cpp:29] DecreaseCounter constructing_actor_cnt, current val is 575
I1012 13:12:35.444734 42662 thread.cpp:96] Thread 524337 construct Actor kTick 1099614388315
I1012 13:12:35.444741 42680 runtime_context.cpp:29] DecreaseCounter constructing_actor_cnt, current val is 574
I1012 13:12:35.444924 42662 runtime_context.cpp:29] DecreaseCounter constructing_actor_cnt, current val is 573
I1012 13:12:35.445103 42667 naive_actor.cpp:25] actor 2199023255584 switch to &NaiveActor::HandlerNormal
I1012 13:12:35.445150 42667 thread.cpp:96] Thread 1048576 construct Actor kNormalForward 2199023255584
I1012 13:12:35.445165 42680 naive_actor.cpp:25] actor 2207613190199 switch to &NaiveActor::HandlerNormal
I1012 13:12:35.445219 42680 thread.cpp:96] Thread 1052672 construct Actor kNormalForward 2207613190199
I1012 13:12:35.445250 42667 runtime_context.cpp:29] DecreaseCounter constructing_actor_cnt, current val is 572
I1012 13:12:35.445317 42680 runtime_context.cpp:29] DecreaseCounter constructing_actor_cnt, current val is 571
I1012 13:12:35.445598 42667 naive_actor.cpp:25] actor 2199023255598 switch to &NaiveActor::HandlerNormal
I1012 13:12:35.445636 42662 esac_actor.cpp:73] actor 1099614388326 switch to &EsacActor::HandlerNormal
I1012 13:12:35.445645 42667 thread.cpp:96] Thread 1048576 construct Actor kNormalForward 2199023255598
I1012 13:12:35.445647 42680 naive_actor.cpp:25] actor 2207613190197 switch to &NaiveActor::HandlerNormal
I1012 13:12:35.445724 42662 thread.cpp:96] Thread 524337 construct Actor kEsac 1099614388326
I1012 13:12:35.445785 42667 runtime_context.cpp:29] DecreaseCounter constructing_actor_cnt, current val is 570
I1012 13:12:35.445791 42680 thread.cpp:96] Thread 1052672 construct Actor kNormalForward 2207613190197
I1012 13:12:35.445869 42662 runtime_context.cpp:29] DecreaseCounter constructing_actor_cnt, current val is 569
I1012 13:12:35.445958 42680 runtime_context.cpp:29] DecreaseCounter constructing_actor_cnt, current val is 568
I1012 13:12:35.446329 42662 naive_actor.cpp:25] actor 1099614388314 switch to &NaiveActor::HandlerNormal
I1012 13:12:35.446383 42662 thread.cpp:96] Thread 524337 construct Actor kTick 1099614388314
I1012 13:12:35.446476 42662 runtime_context.cpp:29] DecreaseCounter constructing_actor_cnt, current val is 567
I1012 13:12:35.446797 42662 naive_actor.cpp:25] actor 1099614388301 switch to &NaiveActor::HandlerNormal
I1012 13:12:35.446805 42680 naive_actor.cpp:25] actor 2207613190187 switch to &NaiveActor::HandlerNormal
I1012 13:12:35.446854 42662 thread.cpp:96] Thread 524337 construct Actor kTick 1099614388301
I1012 13:12:35.446895 42680 thread.cpp:96] Thread 1052672 construct Actor kNormalForward 2207613190187
I1012 13:12:35.446933 42667 naive_actor.cpp:25] actor 2199023255608 switch to &NaiveActor::HandlerNormal
I1012 13:12:35.446947 42662 runtime_context.cpp:29] DecreaseCounter constructing_actor_cnt, current val is 566
I1012 13:12:35.446980 42680 runtime_context.cpp:29] DecreaseCounter constructing_actor_cnt, current val is 565
I1012 13:12:35.446982 42667 thread.cpp:96] Thread 1048576 construct Actor kNormalForward 2199023255608
I1012 13:12:35.447120 42667 runtime_context.cpp:29] DecreaseCounter constructing_actor_cnt, current val is 564
I1012 13:12:35.447324 42680 naive_actor.cpp:25] actor 2207613190178 switch to &NaiveActor::HandlerNormal
I1012 13:12:35.447355 42662 naive_actor.cpp:25] actor 1099614388317 switch to &NaiveActor::HandlerNormal
I1012 13:12:35.447386 42680 thread.cpp:96] Thread 1052672 construct Actor kNormalForward 2207613190178
I1012 13:12:35.447441 42662 thread.cpp:96] Thread 524337 construct Actor kTick 1099614388317
I1012 13:12:35.447515 42680 runtime_context.cpp:29] DecreaseCounter constructing_actor_cnt, current val is 563
I1012 13:12:35.447540 42662 runtime_context.cpp:29] DecreaseCounter constructing_actor_cnt, current val is 562
I1012 13:12:35.447924 42662 naive_actor.cpp:25] actor 1099614388303 switch to &NaiveActor::HandlerNormal
I1012 13:12:35.447974 42662 thread.cpp:96] Thread 524337 construct Actor kTick 1099614388303
I1012 13:12:35.448045 42662 runtime_context.cpp:29] DecreaseCounter constructing_actor_cnt, current val is 561
I1012 13:12:35.448099 42667 naive_actor.cpp:25] actor 2199023255626 switch to &NaiveActor::HandlerNormal
I1012 13:12:35.448148 42667 thread.cpp:96] Thread 1048576 construct Actor kNormalForward 2199023255626
I1012 13:12:35.448233 42667 runtime_context.cpp:29] DecreaseCounter constructing_actor_cnt, current val is 560
I1012 13:12:35.448403 42662 naive_actor.cpp:25] actor 1099614388308 switch to &NaiveActor::HandlerNormal
I1012 13:12:35.448464 42662 thread.cpp:96] Thread 524337 construct Actor kTick 1099614388308
I1012 13:12:35.448532 42662 runtime_context.cpp:29] DecreaseCounter constructing_actor_cnt, current val is 559
I1012 13:12:35.448879 42662 naive_actor.cpp:25] actor 1099614388304 switch to &NaiveActor::HandlerNormal
I1012 13:12:35.448928 42662 thread.cpp:96] Thread 524337 construct Actor kTick 1099614388304
I1012 13:12:35.448987 42662 runtime_context.cpp:29] DecreaseCounter constructing_actor_cnt, current val is 558
I1012 13:12:35.449175 42667 naive_actor.cpp:25] actor 2199023255650 switch to &NaiveActor::HandlerNormal
I1012 13:12:35.449223 42667 thread.cpp:96] Thread 1048576 construct Actor kNormalForward 2199023255650
I1012 13:12:35.449271 42680 naive_actor.cpp:25] actor 2207613190160 switch to &NaiveActor::HandlerNormal
I1012 13:12:35.449280 42667 runtime_context.cpp:29] DecreaseCounter constructing_actor_cnt, current val is 557
I1012 13:12:35.449335 42680 thread.cpp:96] Thread 1052672 construct Actor kNormalForward 2207613190160
I1012 13:12:35.449338 42662 naive_actor.cpp:25] actor 1099614388319 switch to &NaiveActor::HandlerNormal
I1012 13:12:35.449455 42680 runtime_context.cpp:29] DecreaseCounter constructing_actor_cnt, current val is 556
I1012 13:12:35.449460 42662 thread.cpp:96] Thread 524337 construct Actor kTick 1099614388319
I1012 13:12:35.449561 42662 runtime_context.cpp:29] DecreaseCounter constructing_actor_cnt, current val is 555
I1012 13:12:35.449900 42662 naive_actor.cpp:25] actor 1099614388299 switch to &NaiveActor::HandlerNormal
I1012 13:12:35.449947 42662 thread.cpp:96] Thread 524337 construct Actor kTick 1099614388299
I1012 13:12:35.450021 42662 runtime_context.cpp:29] DecreaseCounter constructing_actor_cnt, current val is 554
I1012 13:12:35.450279 42667 naive_actor.cpp:25] actor 2199023255674 switch to &NaiveActor::HandlerNormal
I1012 13:12:35.450330 42667 thread.cpp:96] Thread 1048576 construct Actor kNormalForward 2199023255674
I1012 13:12:35.450352 42662 naive_actor.cpp:25] actor 1099614388330 switch to &NaiveActor::HandlerNormal
I1012 13:12:35.450388 42667 runtime_context.cpp:29] DecreaseCounter constructing_actor_cnt, current val is 553
I1012 13:12:35.450404 42662 thread.cpp:96] Thread 524337 construct Actor kTick 1099614388330
I1012 13:12:35.450506 42662 runtime_context.cpp:29] DecreaseCounter constructing_actor_cnt, current val is 552
I1012 13:12:35.450695 42680 naive_actor.cpp:25] actor 2207613190184 switch to &NaiveActor::HandlerNormal
I1012 13:12:35.450755 42680 thread.cpp:96] Thread 1052672 construct Actor kNormalForward 2207613190184
I1012 13:12:35.450834 42680 runtime_context.cpp:29] DecreaseCounter constructing_actor_cnt, current val is 551
I1012 13:12:35.450851 42662 naive_actor.cpp:25] actor 1099614388307 switch to &NaiveActor::HandlerNormal
I1012 13:12:35.450966 42662 thread.cpp:96] Thread 524337 construct Actor kTick 1099614388307
I1012 13:12:35.451045 42662 runtime_context.cpp:29] DecreaseCounter constructing_actor_cnt, current val is 550
I1012 13:12:35.451383 42667 naive_actor.cpp:25] actor 2199023255592 switch to &NaiveActor::HandlerNormal
I1012 13:12:35.451437 42667 thread.cpp:96] Thread 1048576 construct Actor kNormalForward 2199023255592
I1012 13:12:35.451522 42667 runtime_context.cpp:29] DecreaseCounter constructing_actor_cnt, current val is 549
I1012 13:12:35.451767 42662 case_actor.cpp:76] actor 1099614388297 switch to &CaseActor::HandlerNormal
I1012 13:12:35.451838 42662 thread.cpp:96] Thread 524337 construct Actor kCase 1099614388297
I1012 13:12:35.451928 42662 runtime_context.cpp:29] DecreaseCounter constructing_actor_cnt, current val is 548
I1012 13:12:35.452338 42662 naive_actor.cpp:25] actor 1099614388298 switch to &NaiveActor::HandlerNormal
I1012 13:12:35.452387 42662 thread.cpp:96] Thread 524337 construct Actor kTick 1099614388298
I1012 13:12:35.452461 42662 runtime_context.cpp:29] DecreaseCounter constructing_actor_cnt, current val is 547
I1012 13:12:35.452564 42667 naive_actor.cpp:25] actor 2199023255566 switch to &NaiveActor::HandlerNormal
I1012 13:12:35.452620 42667 thread.cpp:96] Thread 1048576 construct Actor kNormalForward 2199023255566
I1012 13:12:35.452679 42680 naive_actor.cpp:25] actor 2207613190188 switch to &NaiveActor::HandlerNormal
I1012 13:12:35.452701 42667 runtime_context.cpp:29] DecreaseCounter constructing_actor_cnt, current val is 546
I1012 13:12:35.452737 42680 thread.cpp:96] Thread 1052672 construct Actor kNormalForward 2207613190188
I1012 13:12:35.452848 42680 runtime_context.cpp:29] DecreaseCounter constructing_actor_cnt, current val is 545
I1012 13:12:35.452911 42662 naive_actor.cpp:25] actor 1099614388311 switch to &NaiveActor::HandlerNormal
I1012 13:12:35.452967 42662 thread.cpp:96] Thread 524337 construct Actor kTick 1099614388311
I1012 13:12:35.453061 42662 runtime_context.cpp:29] DecreaseCounter constructing_actor_cnt, current val is 544
I1012 13:12:35.453459 42662 naive_actor.cpp:25] actor 1099614388325 switch to &NaiveActor::HandlerNormal
I1012 13:12:35.453508 42662 thread.cpp:96] Thread 524337 construct Actor kTick 1099614388325
I1012 13:12:35.453577 42662 runtime_context.cpp:29] DecreaseCounter constructing_actor_cnt, current val is 543
I1012 13:12:35.453742 42680 naive_actor.cpp:25] actor 2207613190201 switch to &NaiveActor::HandlerNormal
I1012 13:12:35.453786 42667 naive_actor.cpp:25] actor 2199023255643 switch to &NaiveActor::HandlerNormal
I1012 13:12:35.453794 42680 thread.cpp:96] Thread 1052672 construct Actor kNormalForward 2207613190201
I1012 13:12:35.453835 42667 thread.cpp:96] Thread 1048576 construct Actor kNormalForward 2199023255643
I1012 13:12:35.453920 42680 runtime_context.cpp:29] DecreaseCounter constructing_actor_cnt, current val is 542
I1012 13:12:35.453960 42667 runtime_context.cpp:29] DecreaseCounter constructing_actor_cnt, current val is 541
I1012 13:12:35.454176 42662 esac_actor.cpp:73] actor 1099614388334 switch to &EsacActor::HandlerNormal
I1012 13:12:35.454227 42662 thread.cpp:96] Thread 524337 construct Actor kEsac 1099614388334
I1012 13:12:35.454304 42680 naive_actor.cpp:25] actor 2207613190190 switch to &NaiveActor::HandlerNormal
I1012 13:12:35.454313 42662 runtime_context.cpp:29] DecreaseCounter constructing_actor_cnt, current val is 540
I1012 13:12:35.454352 42680 thread.cpp:96] Thread 1052672 construct Actor kNormalForward 2207613190190
I1012 13:12:35.454491 42680 runtime_context.cpp:29] DecreaseCounter constructing_actor_cnt, current val is 539
I1012 13:12:35.454758 42662 naive_actor.cpp:25] actor 1099614388321 switch to &NaiveActor::HandlerNormal
I1012 13:12:35.454807 42662 thread.cpp:96] Thread 524337 construct Actor kTick 1099614388321
I1012 13:12:35.454870 42662 runtime_context.cpp:29] DecreaseCounter constructing_actor_cnt, current val is 538
I1012 13:12:35.454905 42667 naive_actor.cpp:25] actor 2199023255604 switch to &NaiveActor::HandlerNormal
I1012 13:12:35.454982 42667 thread.cpp:96] Thread 1048576 construct Actor kNormalForward 2199023255604
I1012 13:12:35.455075 42667 runtime_context.cpp:29] DecreaseCounter constructing_actor_cnt, current val is 537
I1012 13:12:35.455253 42662 naive_actor.cpp:25] actor 1099614388327 switch to &NaiveActor::HandlerNormal
I1012 13:12:35.455305 42662 thread.cpp:96] Thread 524337 construct Actor kTick 1099614388327
I1012 13:12:35.455377 42662 runtime_context.cpp:29] DecreaseCounter constructing_actor_cnt, current val is 536
I1012 13:12:35.455654 42680 naive_actor.cpp:25] actor 2207613190209 switch to &NaiveActor::HandlerNormal
I1012 13:12:35.455706 42680 thread.cpp:96] Thread 1052672 construct Actor kNormalForward 2207613190209
I1012 13:12:35.455760 42662 naive_actor.cpp:25] actor 1099614388331 switch to &NaiveActor::HandlerNormal
I1012 13:12:35.455785 42680 runtime_context.cpp:29] DecreaseCounter constructing_actor_cnt, current val is 535
I1012 13:12:35.455813 42662 thread.cpp:96] Thread 524337 construct Actor kTick 1099614388331
I1012 13:12:35.455909 42662 runtime_context.cpp:29] DecreaseCounter constructing_actor_cnt, current val is 534
I1012 13:12:35.456051 42667 naive_actor.cpp:25] actor 2199023255599 switch to &NaiveActor::HandlerNormal
I1012 13:12:35.456104 42667 thread.cpp:96] Thread 1048576 construct Actor kNormalForward 2199023255599
I1012 13:12:35.456185 42667 runtime_context.cpp:29] DecreaseCounter constructing_actor_cnt, current val is 533
I1012 13:12:35.456265 42662 naive_actor.cpp:25] actor 1099614388309 switch to &NaiveActor::HandlerNormal
I1012 13:12:35.456333 42662 thread.cpp:96] Thread 524337 construct Actor kTick 1099614388309
I1012 13:12:35.456436 42662 runtime_context.cpp:29] DecreaseCounter constructing_actor_cnt, current val is 532
I1012 13:12:35.456809 42680 naive_actor.cpp:25] actor 2207613190221 switch to &NaiveActor::HandlerNormal
I1012 13:12:35.456862 42680 thread.cpp:96] Thread 1052672 construct Actor kNormalForward 2207613190221
I1012 13:12:35.456867 42662 naive_actor.cpp:25] actor 1099614388305 switch to &NaiveActor::HandlerNormal
I1012 13:12:35.456948 42662 thread.cpp:96] Thread 524337 construct Actor kTick 1099614388305
I1012 13:12:35.456952 42680 runtime_context.cpp:29] DecreaseCounter constructing_actor_cnt, current val is 531
I1012 13:12:35.457029 42662 runtime_context.cpp:29] DecreaseCounter constructing_actor_cnt, current val is 530
I1012 13:12:35.457089 42667 naive_actor.cpp:25] actor 2199023255611 switch to &NaiveActor::HandlerNormal
I1012 13:12:35.457136 42667 thread.cpp:96] Thread 1048576 construct Actor kNormalForward 2199023255611
I1012 13:12:35.457229 42667 runtime_context.cpp:29] DecreaseCounter constructing_actor_cnt, current val is 529
I1012 13:12:35.457422 42680 naive_actor.cpp:25] actor 2207613190162 switch to &NaiveActor::HandlerNormal
I1012 13:12:35.457465 42662 naive_actor.cpp:25] actor 1099614388329 switch to &NaiveActor::HandlerNormal
I1012 13:12:35.457484 42680 thread.cpp:96] Thread 1052672 construct Actor kNormalForward 2207613190162
I1012 13:12:35.457567 42662 thread.cpp:96] Thread 524337 construct Actor kTick 1099614388329
I1012 13:12:35.457636 42680 runtime_context.cpp:29] DecreaseCounter constructing_actor_cnt, current val is 528
I1012 13:12:35.457681 42662 runtime_context.cpp:29] DecreaseCounter constructing_actor_cnt, current val is 527
I1012 13:12:35.458150 42662 naive_actor.cpp:25] actor 1099614388332 switch to &NaiveActor::HandlerNormal
I1012 13:12:35.458207 42662 thread.cpp:96] Thread 524337 construct Actor kTick 1099614388332
I1012 13:12:35.458287 42662 runtime_context.cpp:29] DecreaseCounter constructing_actor_cnt, current val is 526
I1012 13:12:35.458709 42662 naive_actor.cpp:25] actor 1099614388333 switch to &NaiveActor::HandlerNormal
I1012 13:12:35.458797 42662 thread.cpp:96] Thread 524337 construct Actor kTick 1099614388333
I1012 13:12:35.458797 42680 naive_actor.cpp:25] actor 2207613190186 switch to &NaiveActor::HandlerNormal
I1012 13:12:35.458879 42680 thread.cpp:96] Thread 1052672 construct Actor kNormalForward 2207613190186
I1012 13:12:35.458879 42662 runtime_context.cpp:29] DecreaseCounter constructing_actor_cnt, current val is 525
I1012 13:12:35.459046 42680 runtime_context.cpp:29] DecreaseCounter constructing_actor_cnt, current val is 524
I1012 13:12:35.459136 42667 naive_actor.cpp:25] actor 2199023255596 switch to &NaiveActor::HandlerNormal
I1012 13:12:35.459199 42667 thread.cpp:96] Thread 1048576 construct Actor kNormalForward 2199023255596
I1012 13:12:35.459285 42667 runtime_context.cpp:29] DecreaseCounter constructing_actor_cnt, current val is 523
I1012 13:12:35.459436 42662 reentrant_lock_actor.cpp:76] actor 1099614388296 switch to &ReentrantLockActor::HandlerNormal
I1012 13:12:35.459491 42662 thread.cpp:96] Thread 524337 construct Actor kReentrantLock 1099614388296
I1012 13:12:35.459584 42662 runtime_context.cpp:29] DecreaseCounter constructing_actor_cnt, current val is 522
I1012 13:12:35.460254 42667 naive_actor.cpp:25] actor 2199023255597 switch to &NaiveActor::HandlerNormal
I1012 13:12:35.460317 42667 thread.cpp:96] Thread 1048576 construct Actor kNormalForward 2199023255597
I1012 13:12:35.460394 42667 runtime_context.cpp:29] DecreaseCounter constructing_actor_cnt, current val is 521
I1012 13:12:35.460530 42680 naive_actor.cpp:25] actor 2207613190181 switch to &NaiveActor::HandlerNormal
I1012 13:12:35.460587 42680 thread.cpp:96] Thread 1052672 construct Actor kNormalForward 2207613190181
I1012 13:12:35.460671 42680 runtime_context.cpp:29] DecreaseCounter constructing_actor_cnt, current val is 520
I1012 13:12:35.461041 42680 naive_actor.cpp:25] actor 2207613190192 switch to &NaiveActor::HandlerNormal
I1012 13:12:35.461089 42680 thread.cpp:96] Thread 1052672 construct Actor kNormalForward 2207613190192
I1012 13:12:35.461163 42680 runtime_context.cpp:29] DecreaseCounter constructing_actor_cnt, current val is 519
I1012 13:12:35.461369 42667 naive_actor.cpp:25] actor 2199023255649 switch to &NaiveActor::HandlerNormal
I1012 13:12:35.461419 42667 thread.cpp:96] Thread 1048576 construct Actor kNormalForward 2199023255649
I1012 13:12:35.461514 42667 runtime_context.cpp:29] DecreaseCounter constructing_actor_cnt, current val is 518
I1012 13:12:35.462149 42680 naive_actor.cpp:25] actor 2207613190189 switch to &NaiveActor::HandlerNormal
I1012 13:12:35.462198 42680 thread.cpp:96] Thread 1052672 construct Actor kNormalForward 2207613190189
I1012 13:12:35.462275 42680 runtime_context.cpp:29] DecreaseCounter constructing_actor_cnt, current val is 517
I1012 13:12:35.462499 42667 naive_actor.cpp:25] actor 2199023255615 switch to &NaiveActor::HandlerNormal
I1012 13:12:35.462558 42667 thread.cpp:96] Thread 1048576 construct Actor kNormalForward 2199023255615
I1012 13:12:35.462633 42667 runtime_context.cpp:29] DecreaseCounter constructing_actor_cnt, current val is 516
I1012 13:12:35.463275 42680 naive_actor.cpp:25] actor 2207613190227 switch to &NaiveActor::HandlerNormal
I1012 13:12:35.463323 42680 thread.cpp:96] Thread 1052672 construct Actor kNormalForward 2207613190227
I1012 13:12:35.463403 42680 runtime_context.cpp:29] DecreaseCounter constructing_actor_cnt, current val is 515
I1012 13:12:35.463563 42667 naive_actor.cpp:25] actor 2199023255622 switch to &NaiveActor::HandlerNormal
I1012 13:12:35.463613 42667 thread.cpp:96] Thread 1048576 construct Actor kNormalForward 2199023255622
I1012 13:12:35.463699 42667 runtime_context.cpp:29] DecreaseCounter constructing_actor_cnt, current val is 514
I1012 13:12:35.464445 42680 naive_actor.cpp:25] actor 2207613190193 switch to &NaiveActor::HandlerNormal
I1012 13:12:35.464494 42680 thread.cpp:96] Thread 1052672 construct Actor kNormalForward 2207613190193
I1012 13:12:35.464576 42680 runtime_context.cpp:29] DecreaseCounter constructing_actor_cnt, current val is 513
I1012 13:12:35.464723 42667 naive_actor.cpp:25] actor 2199023255633 switch to &NaiveActor::HandlerNormal
I1012 13:12:35.464781 42667 thread.cpp:96] Thread 1048576 construct Actor kNormalForward 2199023255633
I1012 13:12:35.464865 42667 runtime_context.cpp:29] DecreaseCounter constructing_actor_cnt, current val is 512
I1012 13:12:35.464999 42680 naive_actor.cpp:25] actor 2207613190204 switch to &NaiveActor::HandlerNormal
I1012 13:12:35.465057 42680 thread.cpp:96] Thread 1052672 construct Actor kNormalForward 2207613190204
I1012 13:12:35.465129 42680 runtime_context.cpp:29] DecreaseCounter constructing_actor_cnt, current val is 511
I1012 13:12:35.465946 42667 naive_actor.cpp:25] actor 2199023255606 switch to &NaiveActor::HandlerNormal
I1012 13:12:35.466008 42667 thread.cpp:96] Thread 1048576 construct Actor kNormalForward 2199023255606
I1012 13:12:35.466094 42667 runtime_context.cpp:29] DecreaseCounter constructing_actor_cnt, current val is 510
I1012 13:12:35.466194 42680 naive_actor.cpp:25] actor 2207613190207 switch to &NaiveActor::HandlerNormal
I1012 13:12:35.466243 42680 thread.cpp:96] Thread 1052672 construct Actor kNormalForward 2207613190207
I1012 13:12:35.466322 42680 runtime_context.cpp:29] DecreaseCounter constructing_actor_cnt, current val is 509
I1012 13:12:35.467341 42680 naive_actor.cpp:25] actor 2207613190215 switch to &NaiveActor::HandlerNormal
I1012 13:12:35.467388 42680 thread.cpp:96] Thread 1052672 construct Actor kNormalForward 2207613190215
I1012 13:12:35.467435 42667 naive_actor.cpp:25] actor 2199023255603 switch to &NaiveActor::HandlerNormal
I1012 13:12:35.467473 42680 runtime_context.cpp:29] DecreaseCounter constructing_actor_cnt, current val is 508
I1012 13:12:35.467487 42667 thread.cpp:96] Thread 1048576 construct Actor kNormalForward 2199023255603
I1012 13:12:35.467610 42667 runtime_context.cpp:29] DecreaseCounter constructing_actor_cnt, current val is 507
