I1012 16:02:23.170923 29126 runtime_context.cpp:29] DecreaseCounter constructing_actor_cnt, current val is 665
I1012 16:02:23.171046 29122 naive_actor.cpp:25] actor 1099614388249 switch to &NaiveActor::HandlerNormal
I1012 16:02:23.171099 29122 thread.cpp:96] Thread 524337 construct Actor kDeviceTick 1099614388249
I1012 16:02:23.171164 29122 runtime_context.cpp:29] DecreaseCounter constructing_actor_cnt, current val is 664
I1012 16:02:23.171352 29138 naive_actor.cpp:25] actor 2207613190165 switch to &NaiveActor::HandlerNormal
I1012 16:02:23.171416 29138 thread.cpp:96] Thread 1052672 construct Actor kNormalForward 2207613190165
I1012 16:02:23.171542 29138 runtime_context.cpp:29] DecreaseCounter constructing_actor_cnt, current val is 663
I1012 16:02:23.171602 29122 naive_actor.cpp:25] actor 1099614388250 switch to &NaiveActor::HandlerNormal
I1012 16:02:23.171658 29122 thread.cpp:96] Thread 524337 construct Actor kSrcSubsetTick 1099614388250
I1012 16:02:23.171736 29122 runtime_context.cpp:29] DecreaseCounter constructing_actor_cnt, current val is 662
I1012 16:02:23.172010 29138 naive_actor.cpp:25] actor 2207613190157 switch to &NaiveActor::HandlerNormal
I1012 16:02:23.172068 29138 thread.cpp:96] Thread 1052672 construct Actor kNormalForward 2207613190157
I1012 16:02:23.172158 29122 naive_actor.cpp:25] actor 1099614388253 switch to &NaiveActor::HandlerNormal
I1012 16:02:23.172171 29138 runtime_context.cpp:29] DecreaseCounter constructing_actor_cnt, current val is 661
I1012 16:02:23.172185 29126 naive_actor.cpp:25] actor 2199023255555 switch to &NaiveActor::HandlerNormal
I1012 16:02:23.172224 29122 thread.cpp:96] Thread 524337 construct Actor kTick 1099614388253
I1012 16:02:23.172315 29126 thread.cpp:96] Thread 1048576 construct Actor kNormalForward 2199023255555
I1012 16:02:23.172394 29122 runtime_context.cpp:29] DecreaseCounter constructing_actor_cnt, current val is 660
I1012 16:02:23.172446 29126 runtime_context.cpp:29] DecreaseCounter constructing_actor_cnt, current val is 659
I1012 16:02:23.172720 29084 naive_actor.cpp:25] actor 1099513724928 switch to &NaiveActor::HandlerNormal
I1012 16:02:23.172785 29084 thread.cpp:96] Thread 524289 construct Actor kNormalForward 1099513724928
I1012 16:02:23.172816 29122 naive_actor.cpp:25] actor 1099614388313 switch to &NaiveActor::HandlerNormal
I1012 16:02:23.172871 29122 thread.cpp:96] Thread 524337 construct Actor kTick 1099614388313
I1012 16:02:23.172894 29084 runtime_context.cpp:29] DecreaseCounter constructing_actor_cnt, current val is 658
I1012 16:02:23.172927 29083 naive_actor.cpp:25] actor 1099511627776 switch to &NaiveActor::HandlerNormal
I1012 16:02:23.172938 29122 runtime_context.cpp:29] DecreaseCounter constructing_actor_cnt, current val is 657
I1012 16:02:23.172994 29083 thread.cpp:96] Thread 524288 construct Actor kNormalForward 1099511627776
I1012 16:02:23.173122 29083 runtime_context.cpp:29] DecreaseCounter constructing_actor_cnt, current val is 656
I1012 16:02:23.173406 29122 naive_actor.cpp:25] actor 1099614388254 switch to &NaiveActor::HandlerNormal
I1012 16:02:23.173408 29085 naive_actor.cpp:25] actor 1099515822080 switch to &NaiveActor::HandlerNormal
I1012 16:02:23.173470 29122 thread.cpp:96] Thread 524337 construct Actor kDstSubsetTick 1099614388254
I1012 16:02:23.173509 29085 thread.cpp:96] Thread 524290 construct Actor kNormalForward 1099515822080
I1012 16:02:23.173624 29122 runtime_context.cpp:29] DecreaseCounter constructing_actor_cnt, current val is 655
I1012 16:02:23.173699 29085 runtime_context.cpp:29] DecreaseCounter constructing_actor_cnt, current val is 654
I1012 16:02:23.173919 29126 naive_actor.cpp:25] actor 2199023255569 switch to &NaiveActor::HandlerNormal
I1012 16:02:23.173979 29126 thread.cpp:96] Thread 1048576 construct Actor kNormalForward 2199023255569
I1012 16:02:23.174029 29122 naive_actor.cpp:25] actor 1099614388255 switch to &NaiveActor::HandlerNormal
I1012 16:02:23.174068 29126 runtime_context.cpp:29] DecreaseCounter constructing_actor_cnt, current val is 653
I1012 16:02:23.174077 29122 thread.cpp:96] Thread 524337 construct Actor kTick 1099614388255
I1012 16:02:23.174175 29122 runtime_context.cpp:29] DecreaseCounter constructing_actor_cnt, current val is 652
I1012 16:02:23.174191 29138 naive_actor.cpp:25] actor 2207613190181 switch to &NaiveActor::HandlerNormal
I1012 16:02:23.174273 29138 thread.cpp:96] Thread 1052672 construct Actor kNormalForward 2207613190181
I1012 16:02:23.174365 29138 runtime_context.cpp:29] DecreaseCounter constructing_actor_cnt, current val is 651
I1012 16:02:23.174597 29122 naive_actor.cpp:25] actor 1099614388256 switch to &NaiveActor::HandlerNormal
I1012 16:02:23.174655 29122 thread.cpp:96] Thread 524337 construct Actor kTick 1099614388256
I1012 16:02:23.174726 29122 runtime_context.cpp:29] DecreaseCounter constructing_actor_cnt, current val is 650
I1012 16:02:23.175060 29122 naive_actor.cpp:25] actor 1099614388257 switch to &NaiveActor::HandlerNormal
I1012 16:02:23.175114 29122 thread.cpp:96] Thread 524337 construct Actor kTick 1099614388257
I1012 16:02:23.175137 29126 naive_actor.cpp:25] actor 2199023255558 switch to &NaiveActor::HandlerNormal
I1012 16:02:23.175176 29122 runtime_context.cpp:29] DecreaseCounter constructing_actor_cnt, current val is 649
I1012 16:02:23.175196 29126 thread.cpp:96] Thread 1048576 construct Actor kNormalForward 2199023255558
I1012 16:02:23.175314 29126 runtime_context.cpp:29] DecreaseCounter constructing_actor_cnt, current val is 648
I1012 16:02:23.175482 29138 naive_actor.cpp:25] actor 2207613190145 switch to &NaiveActor::HandlerNormal
I1012 16:02:23.175539 29138 thread.cpp:96] Thread 1052672 construct Actor kNormalForward 2207613190145
I1012 16:02:23.175643 29138 runtime_context.cpp:29] DecreaseCounter constructing_actor_cnt, current val is 647
I1012 16:02:23.175805 29122 esac_actor.cpp:73] actor 1099614388334 switch to &EsacActor::HandlerNormal
I1012 16:02:23.175861 29122 thread.cpp:96] Thread 524337 construct Actor kEsac 1099614388334
I1012 16:02:23.175952 29122 runtime_context.cpp:29] DecreaseCounter constructing_actor_cnt, current val is 646
I1012 16:02:23.176350 29122 naive_actor.cpp:25] actor 1099614388264 switch to &NaiveActor::HandlerNormal
I1012 16:02:23.176407 29122 thread.cpp:96] Thread 524337 construct Actor kTick 1099614388264
I1012 16:02:23.176482 29122 runtime_context.cpp:29] DecreaseCounter constructing_actor_cnt, current val is 645
I1012 16:02:23.176869 29122 naive_actor.cpp:25] actor 1099614388263 switch to &NaiveActor::HandlerNormal
I1012 16:02:23.176918 29122 thread.cpp:96] Thread 524337 construct Actor kDstSubsetTick 1099614388263
I1012 16:02:23.176928 29138 naive_actor.cpp:25] actor 2207613190149 switch to &NaiveActor::HandlerNormal
I1012 16:02:23.176998 29122 runtime_context.cpp:29] DecreaseCounter constructing_actor_cnt, current val is 644
I1012 16:02:23.177006 29138 thread.cpp:96] Thread 1052672 construct Actor kNormalForward 2207613190149
I1012 16:02:23.177135 29126 naive_actor.cpp:25] actor 2199023255552 switch to &NaiveActor::HandlerNormal
I1012 16:02:23.177175 29138 runtime_context.cpp:29] DecreaseCounter constructing_actor_cnt, current val is 643
I1012 16:02:23.177196 29126 thread.cpp:96] Thread 1048576 construct Actor kNormalForward 2199023255552
I1012 16:02:23.177356 29126 runtime_context.cpp:29] DecreaseCounter constructing_actor_cnt, current val is 642
I1012 16:02:23.177456 29122 naive_actor.cpp:25] actor 1099614388258 switch to &NaiveActor::HandlerNormal
I1012 16:02:23.177562 29122 thread.cpp:96] Thread 524337 construct Actor kDeviceTick 1099614388258
I1012 16:02:23.177639 29122 runtime_context.cpp:29] DecreaseCounter constructing_actor_cnt, current val is 641
I1012 16:02:23.177911 29126 naive_actor.cpp:25] actor 2199023255572 switch to &NaiveActor::HandlerNormal
I1012 16:02:23.177970 29126 thread.cpp:96] Thread 1048576 construct Actor kNormalForward 2199023255572
I1012 16:02:23.178023 29122 naive_actor.cpp:25] actor 1099614388259 switch to &NaiveActor::HandlerNormal
I1012 16:02:23.178050 29126 runtime_context.cpp:29] DecreaseCounter constructing_actor_cnt, current val is 640
I1012 16:02:23.178072 29122 thread.cpp:96] Thread 524337 construct Actor kSrcSubsetTick 1099614388259
I1012 16:02:23.178174 29122 runtime_context.cpp:29] DecreaseCounter constructing_actor_cnt, current val is 639
I1012 16:02:23.178306 29138 naive_actor.cpp:25] actor 2207613190150 switch to &NaiveActor::HandlerNormal
I1012 16:02:23.178364 29138 thread.cpp:96] Thread 1052672 construct Actor kNormalForward 2207613190150
I1012 16:02:23.178481 29138 runtime_context.cpp:29] DecreaseCounter constructing_actor_cnt, current val is 638
I1012 16:02:23.178606 29122 naive_actor.cpp:25] actor 1099614388265 switch to &NaiveActor::HandlerNormal
I1012 16:02:23.178674 29122 thread.cpp:96] Thread 524337 construct Actor kTick 1099614388265
I1012 16:02:23.178756 29122 runtime_context.cpp:29] DecreaseCounter constructing_actor_cnt, current val is 637
I1012 16:02:23.179165 29122 naive_actor.cpp:25] actor 1099614388262 switch to &NaiveActor::HandlerNormal
I1012 16:02:23.179211 29122 thread.cpp:96] Thread 524337 construct Actor kTick 1099614388262
I1012 16:02:23.179241 29126 naive_actor.cpp:25] actor 2199023255576 switch to &NaiveActor::HandlerNormal
I1012 16:02:23.179286 29122 runtime_context.cpp:29] DecreaseCounter constructing_actor_cnt, current val is 636
I1012 16:02:23.179291 29126 thread.cpp:96] Thread 1048576 construct Actor kNormalForward 2199023255576
I1012 16:02:23.179407 29126 runtime_context.cpp:29] DecreaseCounter constructing_actor_cnt, current val is 635
I1012 16:02:23.179615 29138 naive_actor.cpp:25] actor 2207613190214 switch to &NaiveActor::HandlerNormal
I1012 16:02:23.179661 29122 naive_actor.cpp:25] actor 1099614388266 switch to &NaiveActor::HandlerNormal
I1012 16:02:23.179667 29138 thread.cpp:96] Thread 1052672 construct Actor kNormalForward 2207613190214
I1012 16:02:23.179715 29122 thread.cpp:96] Thread 524337 construct Actor kTick 1099614388266
I1012 16:02:23.179816 29138 runtime_context.cpp:29] DecreaseCounter constructing_actor_cnt, current val is 634
I1012 16:02:23.179831 29122 runtime_context.cpp:29] DecreaseCounter constructing_actor_cnt, current val is 633
I1012 16:02:23.180184 29122 naive_actor.cpp:25] actor 1099614388268 switch to &NaiveActor::HandlerNormal
I1012 16:02:23.180233 29122 thread.cpp:96] Thread 524337 construct Actor kSrcSubsetTick 1099614388268
I1012 16:02:23.180302 29122 runtime_context.cpp:29] DecreaseCounter constructing_actor_cnt, current val is 632
I1012 16:02:23.180661 29122 naive_actor.cpp:25] actor 1099614388274 switch to &NaiveActor::HandlerNormal
I1012 16:02:23.180716 29122 thread.cpp:96] Thread 524337 construct Actor kTick 1099614388274
I1012 16:02:23.180781 29122 runtime_context.cpp:29] DecreaseCounter constructing_actor_cnt, current val is 631
I1012 16:02:23.180845 29138 naive_actor.cpp:25] actor 2207613190191 switch to &NaiveActor::HandlerNormal
I1012 16:02:23.180899 29138 thread.cpp:96] Thread 1052672 construct Actor kNormalForward 2207613190191
I1012 16:02:23.180985 29138 runtime_context.cpp:29] DecreaseCounter constructing_actor_cnt, current val is 630
I1012 16:02:23.181191 29122 naive_actor.cpp:25] actor 1099614388332 switch to &NaiveActor::HandlerNormal
I1012 16:02:23.181246 29122 thread.cpp:96] Thread 524337 construct Actor kTick 1099614388332
I1012 16:02:23.181282 29126 naive_actor.cpp:25] actor 2199023255596 switch to &NaiveActor::HandlerNormal
I1012 16:02:23.181319 29122 runtime_context.cpp:29] DecreaseCounter constructing_actor_cnt, current val is 629
I1012 16:02:23.181376 29126 thread.cpp:96] Thread 1048576 construct Actor kNormalForward 2199023255596
I1012 16:02:23.181501 29126 runtime_context.cpp:29] DecreaseCounter constructing_actor_cnt, current val is 628
I1012 16:02:23.181809 29122 naive_actor.cpp:25] actor 1099614388267 switch to &NaiveActor::HandlerNormal
I1012 16:02:23.181864 29122 thread.cpp:96] Thread 524337 construct Actor kDeviceTick 1099614388267
I1012 16:02:23.181926 29122 runtime_context.cpp:29] DecreaseCounter constructing_actor_cnt, current val is 627
I1012 16:02:23.181989 29126 naive_actor.cpp:25] actor 2199023255559 switch to &NaiveActor::HandlerNormal
I1012 16:02:23.182080 29126 thread.cpp:96] Thread 1048576 construct Actor kNormalForward 2199023255559
I1012 16:02:23.182088 29138 naive_actor.cpp:25] actor 2207613190238 switch to &NaiveActor::HandlerNormal
I1012 16:02:23.182152 29126 runtime_context.cpp:29] DecreaseCounter constructing_actor_cnt, current val is 626
I1012 16:02:23.182157 29138 thread.cpp:96] Thread 1052672 construct Actor kNormalForward 2207613190238
I1012 16:02:23.182291 29138 runtime_context.cpp:29] DecreaseCounter constructing_actor_cnt, current val is 625
I1012 16:02:23.182433 29122 naive_actor.cpp:25] actor 1099614388272 switch to &NaiveActor::HandlerNormal
I1012 16:02:23.182485 29122 thread.cpp:96] Thread 524337 construct Actor kDstSubsetTick 1099614388272
I1012 16:02:23.182567 29122 runtime_context.cpp:29] DecreaseCounter constructing_actor_cnt, current val is 624
I1012 16:02:23.182595 29126 naive_actor.cpp:25] actor 2199023255565 switch to &NaiveActor::HandlerNormal
I1012 16:02:23.182636 29126 thread.cpp:96] Thread 1048576 construct Actor kNormalForward 2199023255565
I1012 16:02:23.182710 29126 runtime_context.cpp:29] DecreaseCounter constructing_actor_cnt, current val is 623
I1012 16:02:23.182904 29122 naive_actor.cpp:25] actor 1099614388271 switch to &NaiveActor::HandlerNormal
I1012 16:02:23.182952 29122 thread.cpp:96] Thread 524337 construct Actor kTick 1099614388271
I1012 16:02:23.183014 29122 runtime_context.cpp:29] DecreaseCounter constructing_actor_cnt, current val is 622
I1012 16:02:23.183307 29122 naive_actor.cpp:25] actor 1099614388273 switch to &NaiveActor::HandlerNormal
I1012 16:02:23.183354 29122 thread.cpp:96] Thread 524337 construct Actor kTick 1099614388273
I1012 16:02:23.183403 29122 runtime_context.cpp:29] DecreaseCounter constructing_actor_cnt, current val is 621
I1012 16:02:23.183420 29138 naive_actor.cpp:25] actor 2207613190200 switch to &NaiveActor::HandlerNormal
I1012 16:02:23.183501 29138 thread.cpp:96] Thread 1052672 construct Actor kNormalForward 2207613190200
I1012 16:02:23.183594 29138 runtime_context.cpp:29] DecreaseCounter constructing_actor_cnt, current val is 620
I1012 16:02:23.183768 29122 naive_actor.cpp:25] actor 1099614388317 switch to &NaiveActor::HandlerNormal
I1012 16:02:23.183820 29122 thread.cpp:96] Thread 524337 construct Actor kTick 1099614388317
I1012 16:02:23.183882 29122 runtime_context.cpp:29] DecreaseCounter constructing_actor_cnt, current val is 619
I1012 16:02:23.183907 29126 naive_actor.cpp:25] actor 2199023255560 switch to &NaiveActor::HandlerNormal
I1012 16:02:23.183979 29126 thread.cpp:96] Thread 1048576 construct Actor kNormalForward 2199023255560
I1012 16:02:23.184041 29126 runtime_context.cpp:29] DecreaseCounter constructing_actor_cnt, current val is 618
I1012 16:02:23.184329 29122 naive_actor.cpp:25] actor 1099614388277 switch to &NaiveActor::HandlerNormal
I1012 16:02:23.184379 29122 thread.cpp:96] Thread 524337 construct Actor kSrcSubsetTick 1099614388277
I1012 16:02:23.184453 29122 runtime_context.cpp:29] DecreaseCounter constructing_actor_cnt, current val is 617
I1012 16:02:23.184794 29122 naive_actor.cpp:25] actor 1099614388292 switch to &NaiveActor::HandlerNormal
I1012 16:02:23.184842 29122 thread.cpp:96] Thread 524337 construct Actor kTick 1099614388292
I1012 16:02:23.184902 29122 runtime_context.cpp:29] DecreaseCounter constructing_actor_cnt, current val is 616
I1012 16:02:23.184937 29138 naive_actor.cpp:25] actor 2207613190177 switch to &NaiveActor::HandlerNormal
I1012 16:02:23.185071 29126 naive_actor.cpp:25] actor 2199023255571 switch to &NaiveActor::HandlerNormal
I1012 16:02:23.185091 29138 thread.cpp:96] Thread 1052672 construct Actor kNormalForward 2207613190177
I1012 16:02:23.185144 29126 thread.cpp:96] Thread 1048576 construct Actor kNormalForward 2199023255571
I1012 16:02:23.185221 29138 runtime_context.cpp:29] DecreaseCounter constructing_actor_cnt, current val is 615
I1012 16:02:23.185268 29126 runtime_context.cpp:29] DecreaseCounter constructing_actor_cnt, current val is 614
I1012 16:02:23.185412 29122 naive_actor.cpp:25] actor 1099614388288 switch to &NaiveActor::HandlerNormal
I1012 16:02:23.185477 29122 thread.cpp:96] Thread 524337 construct Actor kTick 1099614388288
I1012 16:02:23.185550 29122 runtime_context.cpp:29] DecreaseCounter constructing_actor_cnt, current val is 613
I1012 16:02:23.185916 29122 naive_actor.cpp:25] actor 1099614388280 switch to &NaiveActor::HandlerNormal
I1012 16:02:23.185966 29122 thread.cpp:96] Thread 524337 construct Actor kTick 1099614388280
I1012 16:02:23.186028 29122 runtime_context.cpp:29] DecreaseCounter constructing_actor_cnt, current val is 612
I1012 16:02:23.186375 29122 naive_actor.cpp:25] actor 1099614388282 switch to &NaiveActor::HandlerNormal
I1012 16:02:23.186419 29122 thread.cpp:96] Thread 524337 construct Actor kTick 1099614388282
I1012 16:02:23.186419 29138 naive_actor.cpp:25] actor 2207613190156 switch to &NaiveActor::HandlerNormal
I1012 16:02:23.186421 29126 naive_actor.cpp:25] actor 2199023255585 switch to &NaiveActor::HandlerNormal
I1012 16:02:23.186497 29122 runtime_context.cpp:29] DecreaseCounter constructing_actor_cnt, current val is 611
I1012 16:02:23.186515 29138 thread.cpp:96] Thread 1052672 construct Actor kNormalForward 2207613190156
I1012 16:02:23.186558 29126 thread.cpp:96] Thread 1048576 construct Actor kNormalForward 2199023255585
I1012 16:02:23.186681 29138 runtime_context.cpp:29] DecreaseCounter constructing_actor_cnt, current val is 610
I1012 16:02:23.186712 29126 runtime_context.cpp:29] DecreaseCounter constructing_actor_cnt, current val is 609
I1012 16:02:23.186923 29122 naive_actor.cpp:25] actor 1099614388275 switch to &NaiveActor::HandlerNormal
I1012 16:02:23.186975 29122 thread.cpp:96] Thread 524337 construct Actor kDeviceTick 1099614388275
I1012 16:02:23.187047 29122 runtime_context.cpp:29] DecreaseCounter constructing_actor_cnt, current val is 608
I1012 16:02:23.187371 29122 naive_actor.cpp:25] actor 1099614388295 switch to &NaiveActor::HandlerNormal
I1012 16:02:23.187422 29122 thread.cpp:96] Thread 524337 construct Actor kTick 1099614388295
I1012 16:02:23.187501 29122 runtime_context.cpp:29] DecreaseCounter constructing_actor_cnt, current val is 607
I1012 16:02:23.187649 29138 naive_actor.cpp:25] actor 2207613190201 switch to &NaiveActor::HandlerNormal
I1012 16:02:23.187705 29138 thread.cpp:96] Thread 1052672 construct Actor kNormalForward 2207613190201
I1012 16:02:23.187794 29138 runtime_context.cpp:29] DecreaseCounter constructing_actor_cnt, current val is 606
I1012 16:02:23.187826 29122 naive_actor.cpp:25] actor 1099614388276 switch to &NaiveActor::HandlerNormal
I1012 16:02:23.187875 29122 thread.cpp:96] Thread 524337 construct Actor kDeviceTick 1099614388276
I1012 16:02:23.187934 29122 runtime_context.cpp:29] DecreaseCounter constructing_actor_cnt, current val is 605
I1012 16:02:23.187961 29126 naive_actor.cpp:25] actor 2199023255566 switch to &NaiveActor::HandlerNormal
I1012 16:02:23.188005 29126 thread.cpp:96] Thread 1048576 construct Actor kNormalForward 2199023255566
I1012 16:02:23.188091 29126 runtime_context.cpp:29] DecreaseCounter constructing_actor_cnt, current val is 604
I1012 16:02:23.188340 29122 naive_actor.cpp:25] actor 1099614388290 switch to &NaiveActor::HandlerNormal
I1012 16:02:23.188393 29122 thread.cpp:96] Thread 524337 construct Actor kSrcSubsetTick 1099614388290
I1012 16:02:23.188468 29122 runtime_context.cpp:29] DecreaseCounter constructing_actor_cnt, current val is 603
I1012 16:02:23.188531 29126 naive_actor.cpp:25] actor 2199023255570 switch to &NaiveActor::HandlerNormal
I1012 16:02:23.188587 29126 thread.cpp:96] Thread 1048576 construct Actor kNormalForward 2199023255570
I1012 16:02:23.188663 29126 runtime_context.cpp:29] DecreaseCounter constructing_actor_cnt, current val is 602
I1012 16:02:23.188772 29138 naive_actor.cpp:25] actor 2207613190180 switch to &NaiveActor::HandlerNormal
I1012 16:02:23.188829 29138 thread.cpp:96] Thread 1052672 construct Actor kNormalForward 2207613190180
I1012 16:02:23.188901 29138 runtime_context.cpp:29] DecreaseCounter constructing_actor_cnt, current val is 601
I1012 16:02:23.188928 29122 naive_actor.cpp:25] actor 1099614388285 switch to &NaiveActor::HandlerNormal
I1012 16:02:23.188978 29122 thread.cpp:96] Thread 524337 construct Actor kTick 1099614388285
I1012 16:02:23.189049 29122 runtime_context.cpp:29] DecreaseCounter constructing_actor_cnt, current val is 600
I1012 16:02:23.189100 29126 naive_actor.cpp:25] actor 2199023255563 switch to &NaiveActor::HandlerNormal
I1012 16:02:23.189152 29126 thread.cpp:96] Thread 1048576 construct Actor kNormalForward 2199023255563
I1012 16:02:23.189224 29126 runtime_context.cpp:29] DecreaseCounter constructing_actor_cnt, current val is 599
I1012 16:02:23.189373 29138 naive_actor.cpp:25] actor 2207613190162 switch to &NaiveActor::HandlerNormal
I1012 16:02:23.189435 29138 thread.cpp:96] Thread 1052672 construct Actor kNormalForward 2207613190162
I1012 16:02:23.189486 29122 naive_actor.cpp:25] actor 1099614388283 switch to &NaiveActor::HandlerNormal
I1012 16:02:23.189507 29138 runtime_context.cpp:29] DecreaseCounter constructing_actor_cnt, current val is 598
I1012 16:02:23.189548 29122 thread.cpp:96] Thread 524337 construct Actor kTick 1099614388283
I1012 16:02:23.189659 29122 runtime_context.cpp:29] DecreaseCounter constructing_actor_cnt, current val is 597
I1012 16:02:23.190061 29122 naive_actor.cpp:25] actor 1099614388311 switch to &NaiveActor::HandlerNormal
I1012 16:02:23.190109 29122 thread.cpp:96] Thread 524337 construct Actor kTick 1099614388311
I1012 16:02:23.190181 29122 runtime_context.cpp:29] DecreaseCounter constructing_actor_cnt, current val is 596
I1012 16:02:23.190443 29126 naive_actor.cpp:25] actor 2199023255594 switch to &NaiveActor::HandlerNormal
I1012 16:02:23.190491 29126 thread.cpp:96] Thread 1048576 construct Actor kNormalForward 2199023255594
I1012 16:02:23.190575 29126 runtime_context.cpp:29] DecreaseCounter constructing_actor_cnt, current val is 595
I1012 16:02:23.190606 29122 naive_actor.cpp:25] actor 1099614388281 switch to &NaiveActor::HandlerNormal
I1012 16:02:23.190654 29122 thread.cpp:96] Thread 524337 construct Actor kDstSubsetTick 1099614388281
I1012 16:02:23.190666 29138 naive_actor.cpp:25] actor 2207613190179 switch to &NaiveActor::HandlerNormal
I1012 16:02:23.190727 29122 runtime_context.cpp:29] DecreaseCounter constructing_actor_cnt, current val is 594
I1012 16:02:23.190734 29138 thread.cpp:96] Thread 1052672 construct Actor kNormalForward 2207613190179
I1012 16:02:23.190865 29138 runtime_context.cpp:29] DecreaseCounter constructing_actor_cnt, current val is 593
I1012 16:02:23.191069 29122 naive_actor.cpp:25] actor 1099614388294 switch to &NaiveActor::HandlerNormal
I1012 16:02:23.191120 29122 thread.cpp:96] Thread 524337 construct Actor kTick 1099614388294
I1012 16:02:23.191187 29122 runtime_context.cpp:29] DecreaseCounter constructing_actor_cnt, current val is 592
I1012 16:02:23.191555 29126 naive_actor.cpp:25] actor 2199023255587 switch to &NaiveActor::HandlerNormal
I1012 16:02:23.191603 29126 thread.cpp:96] Thread 1048576 construct Actor kNormalForward 2199023255587
I1012 16:02:23.191639 29122 naive_actor.cpp:25] actor 1099614388293 switch to &NaiveActor::HandlerNormal
I1012 16:02:23.191663 29126 runtime_context.cpp:29] DecreaseCounter constructing_actor_cnt, current val is 591
I1012 16:02:23.191686 29122 thread.cpp:96] Thread 524337 construct Actor kDstSubsetTick 1099614388293
I1012 16:02:23.191787 29122 runtime_context.cpp:29] DecreaseCounter constructing_actor_cnt, current val is 590
I1012 16:02:23.192024 29126 naive_actor.cpp:25] actor 2199023255593 switch to &NaiveActor::HandlerNormal
I1012 16:02:23.192080 29126 thread.cpp:96] Thread 1048576 construct Actor kNormalForward 2199023255593
I1012 16:02:23.192135 29138 naive_actor.cpp:25] actor 2207613190163 switch to &NaiveActor::HandlerNormal
I1012 16:02:23.192135 29122 naive_actor.cpp:25] actor 1099614388284 switch to &NaiveActor::HandlerNormal
I1012 16:02:23.192147 29126 runtime_context.cpp:29] DecreaseCounter constructing_actor_cnt, current val is 589
I1012 16:02:23.192198 29138 thread.cpp:96] Thread 1052672 construct Actor kNormalForward 2207613190163
I1012 16:02:23.192238 29122 thread.cpp:96] Thread 524337 construct Actor kTick 1099614388284
I1012 16:02:23.192384 29138 runtime_context.cpp:29] DecreaseCounter constructing_actor_cnt, current val is 588
I1012 16:02:23.192386 29122 runtime_context.cpp:29] DecreaseCounter constructing_actor_cnt, current val is 587
I1012 16:02:23.192731 29122 naive_actor.cpp:25] actor 1099614388310 switch to &NaiveActor::HandlerNormal
I1012 16:02:23.192782 29122 thread.cpp:96] Thread 524337 construct Actor kTick 1099614388310
I1012 16:02:23.192845 29122 runtime_context.cpp:29] DecreaseCounter constructing_actor_cnt, current val is 586
I1012 16:02:23.193202 29122 naive_actor.cpp:25] actor 1099614388302 switch to &NaiveActor::HandlerNormal
I1012 16:02:23.193248 29122 thread.cpp:96] Thread 524337 construct Actor kTick 1099614388302
I1012 16:02:23.193313 29122 runtime_context.cpp:29] DecreaseCounter constructing_actor_cnt, current val is 585
I1012 16:02:23.193604 29126 naive_actor.cpp:25] actor 2199023255582 switch to &NaiveActor::HandlerNormal
I1012 16:02:23.193643 29122 naive_actor.cpp:25] actor 1099614388308 switch to &NaiveActor::HandlerNormal
I1012 16:02:23.193617 29138 naive_actor.cpp:25] actor 2207613190175 switch to &NaiveActor::HandlerNormal
I1012 16:02:23.193660 29126 thread.cpp:96] Thread 1048576 construct Actor kNormalForward 2199023255582
I1012 16:02:23.193687 29122 thread.cpp:96] Thread 524337 construct Actor kTick 1099614388308
I1012 16:02:23.193737 29138 thread.cpp:96] Thread 1052672 construct Actor kNormalForward 2207613190175
I1012 16:02:23.193835 29122 runtime_context.cpp:29] DecreaseCounter constructing_actor_cnt, current val is 583
I1012 16:02:23.193817 29126 runtime_context.cpp:29] DecreaseCounter constructing_actor_cnt, current val is 584
I1012 16:02:23.193897 29138 runtime_context.cpp:29] DecreaseCounter constructing_actor_cnt, current val is 582
I1012 16:02:23.194131 29122 naive_actor.cpp:25] actor 1099614388298 switch to &NaiveActor::HandlerNormal
I1012 16:02:23.194188 29122 thread.cpp:96] Thread 524337 construct Actor kTick 1099614388298
I1012 16:02:23.194252 29122 runtime_context.cpp:29] DecreaseCounter constructing_actor_cnt, current val is 581
I1012 16:02:23.194617 29122 naive_actor.cpp:25] actor 1099614388307 switch to &NaiveActor::HandlerNormal
I1012 16:02:23.194665 29122 thread.cpp:96] Thread 524337 construct Actor kTick 1099614388307
I1012 16:02:23.194730 29122 runtime_context.cpp:29] DecreaseCounter constructing_actor_cnt, current val is 580
I1012 16:02:23.195029 29122 naive_actor.cpp:25] actor 1099614388300 switch to &NaiveActor::HandlerNormal
I1012 16:02:23.195034 29138 naive_actor.cpp:25] actor 2207613190187 switch to &NaiveActor::HandlerNormal
I1012 16:02:23.195078 29122 thread.cpp:96] Thread 524337 construct Actor kTick 1099614388300
I1012 16:02:23.195127 29138 thread.cpp:96] Thread 1052672 construct Actor kNormalForward 2207613190187
I1012 16:02:23.195187 29122 runtime_context.cpp:29] DecreaseCounter constructing_actor_cnt, current val is 579
I1012 16:02:23.195204 29126 naive_actor.cpp:25] actor 2199023255568 switch to &NaiveActor::HandlerNormal
I1012 16:02:23.195240 29138 runtime_context.cpp:29] DecreaseCounter constructing_actor_cnt, current val is 578
I1012 16:02:23.195268 29126 thread.cpp:96] Thread 1048576 construct Actor kNormalForward 2199023255568
I1012 16:02:23.195384 29126 runtime_context.cpp:29] DecreaseCounter constructing_actor_cnt, current val is 577
I1012 16:02:23.195518 29122 naive_actor.cpp:25] actor 1099614388306 switch to &NaiveActor::HandlerNormal
I1012 16:02:23.195574 29122 thread.cpp:96] Thread 524337 construct Actor kTick 1099614388306
I1012 16:02:23.195672 29122 runtime_context.cpp:29] DecreaseCounter constructing_actor_cnt, current val is 576
I1012 16:02:23.195709 29138 naive_actor.cpp:25] actor 2207613190171 switch to &NaiveActor::HandlerNormal
I1012 16:02:23.195768 29138 thread.cpp:96] Thread 1052672 construct Actor kNormalForward 2207613190171
I1012 16:02:23.195860 29138 runtime_context.cpp:29] DecreaseCounter constructing_actor_cnt, current val is 575
I1012 16:02:23.196036 29122 naive_actor.cpp:25] actor 1099614388323 switch to &NaiveActor::HandlerNormal
I1012 16:02:23.196089 29122 thread.cpp:96] Thread 524337 construct Actor kTick 1099614388323
I1012 16:02:23.196143 29122 runtime_context.cpp:29] DecreaseCounter constructing_actor_cnt, current val is 574
I1012 16:02:23.196274 29126 naive_actor.cpp:25] actor 2199023255588 switch to &NaiveActor::HandlerNormal
I1012 16:02:23.196355 29126 thread.cpp:96] Thread 1048576 construct Actor kNormalForward 2199023255588
I1012 16:02:23.196439 29126 runtime_context.cpp:29] DecreaseCounter constructing_actor_cnt, current val is 573
I1012 16:02:23.196516 29122 naive_actor.cpp:25] actor 1099614388322 switch to &NaiveActor::HandlerNormal
I1012 16:02:23.196558 29122 thread.cpp:96] Thread 524337 construct Actor kTick 1099614388322
I1012 16:02:23.196607 29122 runtime_context.cpp:29] DecreaseCounter constructing_actor_cnt, current val is 572
I1012 16:02:23.196940 29122 naive_actor.cpp:25] actor 1099614388320 switch to &NaiveActor::HandlerNormal
I1012 16:02:23.197016 29122 thread.cpp:96] Thread 524337 construct Actor kTick 1099614388320
I1012 16:02:23.197079 29122 runtime_context.cpp:29] DecreaseCounter constructing_actor_cnt, current val is 571
I1012 16:02:23.197269 29138 naive_actor.cpp:25] actor 2207613190182 switch to &NaiveActor::HandlerNormal
I1012 16:02:23.197330 29138 thread.cpp:96] Thread 1052672 construct Actor kNormalForward 2207613190182
I1012 16:02:23.197350 29126 naive_actor.cpp:25] actor 2199023255574 switch to &NaiveActor::HandlerNormal
I1012 16:02:23.197400 29122 naive_actor.cpp:25] actor 1099614388330 switch to &NaiveActor::HandlerNormal
I1012 16:02:23.197409 29126 thread.cpp:96] Thread 1048576 construct Actor kNormalForward 2199023255574
I1012 16:02:23.197436 29138 runtime_context.cpp:29] DecreaseCounter constructing_actor_cnt, current val is 570
I1012 16:02:23.197458 29122 thread.cpp:96] Thread 524337 construct Actor kTick 1099614388330
I1012 16:02:23.197525 29126 runtime_context.cpp:29] DecreaseCounter constructing_actor_cnt, current val is 569
I1012 16:02:23.197597 29122 runtime_context.cpp:29] DecreaseCounter constructing_actor_cnt, current val is 568
I1012 16:02:23.197896 29122 naive_actor.cpp:25] actor 1099614388329 switch to &NaiveActor::HandlerNormal
I1012 16:02:23.197939 29122 thread.cpp:96] Thread 524337 construct Actor kTick 1099614388329
I1012 16:02:23.197947 29126 naive_actor.cpp:25] actor 2199023255598 switch to &NaiveActor::HandlerNormal
I1012 16:02:23.198014 29122 runtime_context.cpp:29] DecreaseCounter constructing_actor_cnt, current val is 567
I1012 16:02:23.198019 29126 thread.cpp:96] Thread 1048576 construct Actor kNormalForward 2199023255598
I1012 16:02:23.198123 29126 runtime_context.cpp:29] DecreaseCounter constructing_actor_cnt, current val is 566
I1012 16:02:23.198330 29122 naive_actor.cpp:25] actor 1099614388333 switch to &NaiveActor::HandlerNormal
I1012 16:02:23.198375 29122 thread.cpp:96] Thread 524337 construct Actor kTick 1099614388333
I1012 16:02:23.198447 29122 runtime_context.cpp:29] DecreaseCounter constructing_actor_cnt, current val is 565
I1012 16:02:23.198796 29122 naive_actor.cpp:25] actor 1099614388324 switch to &NaiveActor::HandlerNormal
I1012 16:02:23.198848 29122 thread.cpp:96] Thread 524337 construct Actor kTick 1099614388324
I1012 16:02:23.198905 29122 runtime_context.cpp:29] DecreaseCounter constructing_actor_cnt, current val is 564
I1012 16:02:23.199003 29138 naive_actor.cpp:25] actor 2207613190170 switch to &NaiveActor::HandlerNormal
I1012 16:02:23.199136 29138 thread.cpp:96] Thread 1052672 construct Actor kNormalForward 2207613190170
I1012 16:02:23.199164 29126 naive_actor.cpp:25] actor 2199023255583 switch to &NaiveActor::HandlerNormal
I1012 16:02:23.199229 29126 thread.cpp:96] Thread 1048576 construct Actor kNormalForward 2199023255583
I1012 16:02:23.199241 29122 naive_actor.cpp:25] actor 1099614388328 switch to &NaiveActor::HandlerNormal
I1012 16:02:23.199252 29138 runtime_context.cpp:29] DecreaseCounter constructing_actor_cnt, current val is 563
I1012 16:02:23.199291 29122 thread.cpp:96] Thread 524337 construct Actor kTick 1099614388328
I1012 16:02:23.199304 29126 runtime_context.cpp:29] DecreaseCounter constructing_actor_cnt, current val is 562
I1012 16:02:23.199402 29122 runtime_context.cpp:29] DecreaseCounter constructing_actor_cnt, current val is 561
I1012 16:02:23.199731 29138 naive_actor.cpp:25] actor 2207613190206 switch to &NaiveActor::HandlerNormal
I1012 16:02:23.199743 29122 naive_actor.cpp:25] actor 1099614388314 switch to &NaiveActor::HandlerNormal
I1012 16:02:23.199791 29138 thread.cpp:96] Thread 1052672 construct Actor kNormalForward 2207613190206
I1012 16:02:23.199831 29122 thread.cpp:96] Thread 524337 construct Actor kTick 1099614388314
I1012 16:02:23.199929 29138 runtime_context.cpp:29] DecreaseCounter constructing_actor_cnt, current val is 560
I1012 16:02:23.199939 29122 runtime_context.cpp:29] DecreaseCounter constructing_actor_cnt, current val is 559
I1012 16:02:23.200481 29122 naive_actor.cpp:25] actor 1099614388331 switch to &NaiveActor::HandlerNormal
I1012 16:02:23.200547 29122 thread.cpp:96] Thread 524337 construct Actor kTick 1099614388331
I1012 16:02:23.200629 29122 runtime_context.cpp:29] DecreaseCounter constructing_actor_cnt, current val is 558
I1012 16:02:23.200700 29126 naive_actor.cpp:25] actor 2199023255589 switch to &NaiveActor::HandlerNormal
I1012 16:02:23.200755 29126 thread.cpp:96] Thread 1048576 construct Actor kNormalForward 2199023255589
I1012 16:02:23.200841 29126 runtime_context.cpp:29] DecreaseCounter constructing_actor_cnt, current val is 557
I1012 16:02:23.200987 29138 naive_actor.cpp:25] actor 2207613190166 switch to &NaiveActor::HandlerNormal
I1012 16:02:23.201047 29138 thread.cpp:96] Thread 1052672 construct Actor kNormalForward 2207613190166
I1012 16:02:23.201135 29138 runtime_context.cpp:29] DecreaseCounter constructing_actor_cnt, current val is 556
I1012 16:02:23.201143 29122 naive_actor.cpp:25] actor 1099614388327 switch to &NaiveActor::HandlerNormal
I1012 16:02:23.201234 29122 thread.cpp:96] Thread 524337 construct Actor kTick 1099614388327
I1012 16:02:23.201324 29122 runtime_context.cpp:29] DecreaseCounter constructing_actor_cnt, current val is 555
I1012 16:02:23.201639 29138 naive_actor.cpp:25] actor 2207613190190 switch to &NaiveActor::HandlerNormal
I1012 16:02:23.201699 29138 thread.cpp:96] Thread 1052672 construct Actor kNormalForward 2207613190190
I1012 16:02:23.201774 29138 runtime_context.cpp:29] DecreaseCounter constructing_actor_cnt, current val is 554
I1012 16:02:23.201794 29122 naive_actor.cpp:25] actor 1099614388303 switch to &NaiveActor::HandlerNormal
I1012 16:02:23.201858 29122 thread.cpp:96] Thread 524337 construct Actor kTick 1099614388303
I1012 16:02:23.201942 29122 runtime_context.cpp:29] DecreaseCounter constructing_actor_cnt, current val is 553
I1012 16:02:23.202077 29126 naive_actor.cpp:25] actor 2199023255613 switch to &NaiveActor::HandlerNormal
I1012 16:02:23.202132 29126 thread.cpp:96] Thread 1048576 construct Actor kNormalForward 2199023255613
I1012 16:02:23.202214 29126 runtime_context.cpp:29] DecreaseCounter constructing_actor_cnt, current val is 552
I1012 16:02:23.202394 29122 naive_actor.cpp:25] actor 1099614388304 switch to &NaiveActor::HandlerNormal
I1012 16:02:23.202467 29122 thread.cpp:96] Thread 524337 construct Actor kTick 1099614388304
I1012 16:02:23.202543 29122 runtime_context.cpp:29] DecreaseCounter constructing_actor_cnt, current val is 551
I1012 16:02:23.202684 29126 naive_actor.cpp:25] actor 2199023255620 switch to &NaiveActor::HandlerNormal
I1012 16:02:23.202769 29126 thread.cpp:96] Thread 1048576 construct Actor kNormalForward 2199023255620
I1012 16:02:23.202877 29126 runtime_context.cpp:29] DecreaseCounter constructing_actor_cnt, current val is 550
I1012 16:02:23.202953 29122 naive_actor.cpp:25] actor 1099614388301 switch to &NaiveActor::HandlerNormal
I1012 16:02:23.203008 29122 thread.cpp:96] Thread 524337 construct Actor kTick 1099614388301
I1012 16:02:23.203079 29122 runtime_context.cpp:29] DecreaseCounter constructing_actor_cnt, current val is 549
I1012 16:02:23.203088 29138 naive_actor.cpp:25] actor 2207613190216 switch to &NaiveActor::HandlerNormal
I1012 16:02:23.203177 29138 thread.cpp:96] Thread 1052672 construct Actor kNormalForward 2207613190216
I1012 16:02:23.203305 29138 runtime_context.cpp:29] DecreaseCounter constructing_actor_cnt, current val is 548
I1012 16:02:23.203647 29122 reentrant_lock_actor.cpp:76] actor 1099614388296 switch to &ReentrantLockActor::HandlerNormal
I1012 16:02:23.203717 29122 thread.cpp:96] Thread 524337 construct Actor kReentrantLock 1099614388296
I1012 16:02:23.203804 29122 runtime_context.cpp:29] DecreaseCounter constructing_actor_cnt, current val is 547
I1012 16:02:23.203851 29126 naive_actor.cpp:25] actor 2199023255629 switch to &NaiveActor::HandlerNormal
I1012 16:02:23.203902 29126 thread.cpp:96] Thread 1048576 construct Actor kNormalForward 2199023255629
I1012 16:02:23.203985 29126 runtime_context.cpp:29] DecreaseCounter constructing_actor_cnt, current val is 546
I1012 16:02:23.204305 29122 naive_actor.cpp:25] actor 1099614388325 switch to &NaiveActor::HandlerNormal
I1012 16:02:23.204370 29122 thread.cpp:96] Thread 524337 construct Actor kTick 1099614388325
I1012 16:02:23.204376 29126 naive_actor.cpp:25] actor 2199023255584 switch to &NaiveActor::HandlerNormal
I1012 16:02:23.204453 29126 thread.cpp:96] Thread 1048576 construct Actor kNormalForward 2199023255584
I1012 16:02:23.204468 29122 runtime_context.cpp:29] DecreaseCounter constructing_actor_cnt, current val is 545
I1012 16:02:23.204528 29126 runtime_context.cpp:29] DecreaseCounter constructing_actor_cnt, current val is 544
I1012 16:02:23.204593 29138 naive_actor.cpp:25] actor 2207613190189 switch to &NaiveActor::HandlerNormal
I1012 16:02:23.204648 29138 thread.cpp:96] Thread 1052672 construct Actor kNormalForward 2207613190189
I1012 16:02:23.204746 29138 runtime_context.cpp:29] DecreaseCounter constructing_actor_cnt, current val is 543
I1012 16:02:23.204860 29122 naive_actor.cpp:25] actor 1099614388318 switch to &NaiveActor::HandlerNormal
I1012 16:02:23.204888 29126 naive_actor.cpp:25] actor 2199023255577 switch to &NaiveActor::HandlerNormal
I1012 16:02:23.204928 29122 thread.cpp:96] Thread 524337 construct Actor kTick 1099614388318
I1012 16:02:23.204965 29126 thread.cpp:96] Thread 1048576 construct Actor kNormalForward 2199023255577
I1012 16:02:23.205046 29122 runtime_context.cpp:29] DecreaseCounter constructing_actor_cnt, current val is 542
I1012 16:02:23.205072 29126 runtime_context.cpp:29] DecreaseCounter constructing_actor_cnt, current val is 541
I1012 16:02:23.205485 29122 naive_actor.cpp:25] actor 1099614388315 switch to &NaiveActor::HandlerNormal
I1012 16:02:23.205544 29122 thread.cpp:96] Thread 524337 construct Actor kTick 1099614388315
I1012 16:02:23.205624 29122 runtime_context.cpp:29] DecreaseCounter constructing_actor_cnt, current val is 540
I1012 16:02:23.206014 29138 naive_actor.cpp:25] actor 2207613190205 switch to &NaiveActor::HandlerNormal
I1012 16:02:23.206061 29122 naive_actor.cpp:25] actor 1099614388321 switch to &NaiveActor::HandlerNormal
I1012 16:02:23.206068 29138 thread.cpp:96] Thread 1052672 construct Actor kNormalForward 2207613190205
I1012 16:02:23.206120 29122 thread.cpp:96] Thread 524337 construct Actor kTick 1099614388321
I1012 16:02:23.206187 29126 naive_actor.cpp:25] actor 2199023255630 switch to &NaiveActor::HandlerNormal
I1012 16:02:23.206221 29138 runtime_context.cpp:29] DecreaseCounter constructing_actor_cnt, current val is 539
I1012 16:02:23.206238 29126 thread.cpp:96] Thread 1048576 construct Actor kNormalForward 2199023255630
I1012 16:02:23.206238 29122 runtime_context.cpp:29] DecreaseCounter constructing_actor_cnt, current val is 538
I1012 16:02:23.206406 29126 runtime_context.cpp:29] DecreaseCounter constructing_actor_cnt, current val is 537
I1012 16:02:23.206732 29122 naive_actor.cpp:25] actor 1099614388305 switch to &NaiveActor::HandlerNormal
I1012 16:02:23.206787 29122 thread.cpp:96] Thread 524337 construct Actor kTick 1099614388305
I1012 16:02:23.206866 29122 runtime_context.cpp:29] DecreaseCounter constructing_actor_cnt, current val is 536
I1012 16:02:23.207201 29122 naive_actor.cpp:25] actor 1099614388319 switch to &NaiveActor::HandlerNormal
I1012 16:02:23.207254 29122 thread.cpp:96] Thread 524337 construct Actor kTick 1099614388319
I1012 16:02:23.207319 29122 runtime_context.cpp:29] DecreaseCounter constructing_actor_cnt, current val is 535
I1012 16:02:23.207371 29138 naive_actor.cpp:25] actor 2207613190161 switch to &NaiveActor::HandlerNormal
I1012 16:02:23.207438 29138 thread.cpp:96] Thread 1052672 construct Actor kNormalForward 2207613190161
I1012 16:02:23.207515 29126 naive_actor.cpp:25] actor 2199023255633 switch to &NaiveActor::HandlerNormal
I1012 16:02:23.207533 29138 runtime_context.cpp:29] DecreaseCounter constructing_actor_cnt, current val is 534
I1012 16:02:23.207573 29126 thread.cpp:96] Thread 1048576 construct Actor kNormalForward 2199023255633
I1012 16:02:23.207705 29126 runtime_context.cpp:29] DecreaseCounter constructing_actor_cnt, current val is 533
I1012 16:02:23.207721 29122 naive_actor.cpp:25] actor 1099614388312 switch to &NaiveActor::HandlerNormal
I1012 16:02:23.207792 29122 thread.cpp:96] Thread 524337 construct Actor kTick 1099614388312
I1012 16:02:23.207863 29122 runtime_context.cpp:29] DecreaseCounter constructing_actor_cnt, current val is 532
I1012 16:02:23.208060 29138 naive_actor.cpp:25] actor 2207613190169 switch to &NaiveActor::HandlerNormal
I1012 16:02:23.208115 29138 thread.cpp:96] Thread 1052672 construct Actor kNormalForward 2207613190169
I1012 16:02:23.208200 29138 runtime_context.cpp:29] DecreaseCounter constructing_actor_cnt, current val is 531
I1012 16:02:23.208204 29122 naive_actor.cpp:25] actor 1099614388309 switch to &NaiveActor::HandlerNormal
I1012 16:02:23.208299 29122 thread.cpp:96] Thread 524337 construct Actor kTick 1099614388309
I1012 16:02:23.208382 29122 runtime_context.cpp:29] DecreaseCounter constructing_actor_cnt, current val is 530
I1012 16:02:23.208532 29126 naive_actor.cpp:25] actor 2199023255595 switch to &NaiveActor::HandlerNormal
I1012 16:02:23.208585 29126 thread.cpp:96] Thread 1048576 construct Actor kNormalForward 2199023255595
I1012 16:02:23.208652 29126 runtime_context.cpp:29] DecreaseCounter constructing_actor_cnt, current val is 529
I1012 16:02:23.208752 29122 naive_actor.cpp:25] actor 1099614388316 switch to &NaiveActor::HandlerNormal
I1012 16:02:23.208791 29122 thread.cpp:96] Thread 524337 construct Actor kTick 1099614388316
I1012 16:02:23.208842 29122 runtime_context.cpp:29] DecreaseCounter constructing_actor_cnt, current val is 528
I1012 16:02:23.209072 29122 naive_actor.cpp:25] actor 1099614388299 switch to &NaiveActor::HandlerNormal
I1012 16:02:23.209110 29122 thread.cpp:96] Thread 524337 construct Actor kTick 1099614388299
I1012 16:02:23.209149 29122 runtime_context.cpp:29] DecreaseCounter constructing_actor_cnt, current val is 527
I1012 16:02:23.209571 29126 naive_actor.cpp:25] actor 2199023255609 switch to &NaiveActor::HandlerNormal
I1012 16:02:23.209623 29126 thread.cpp:96] Thread 1048576 construct Actor kNormalForward 2199023255609
I1012 16:02:23.209697 29126 runtime_context.cpp:29] DecreaseCounter constructing_actor_cnt, current val is 526
I1012 16:02:23.209779 29138 naive_actor.cpp:25] actor 2207613190160 switch to &NaiveActor::HandlerNormal
I1012 16:02:23.209838 29138 thread.cpp:96] Thread 1052672 construct Actor kNormalForward 2207613190160
I1012 16:02:23.209926 29138 runtime_context.cpp:29] DecreaseCounter constructing_actor_cnt, current val is 525
I1012 16:02:23.210703 29126 naive_actor.cpp:25] actor 2199023255557 switch to &NaiveActor::HandlerNormal
I1012 16:02:23.210786 29126 thread.cpp:96] Thread 1048576 construct Actor kNormalForward 2199023255557
I1012 16:02:23.210878 29126 runtime_context.cpp:29] DecreaseCounter constructing_actor_cnt, current val is 524
I1012 16:02:23.210901 29138 naive_actor.cpp:25] actor 2207613190159 switch to &NaiveActor::HandlerNormal
I1012 16:02:23.210964 29138 thread.cpp:96] Thread 1052672 construct Actor kNormalForward 2207613190159
I1012 16:02:23.211051 29138 runtime_context.cpp:29] DecreaseCounter constructing_actor_cnt, current val is 523
I1012 16:02:23.211652 29126 naive_actor.cpp:25] actor 2199023255581 switch to &NaiveActor::HandlerNormal
I1012 16:02:23.211704 29126 thread.cpp:96] Thread 1048576 construct Actor kNormalForward 2199023255581
I1012 16:02:23.211776 29126 runtime_context.cpp:29] DecreaseCounter constructing_actor_cnt, current val is 522
I1012 16:02:23.211875 29138 naive_actor.cpp:25] actor 2207613190173 switch to &NaiveActor::HandlerNormal
I1012 16:02:23.211930 29138 thread.cpp:96] Thread 1052672 construct Actor kNormalForward 2207613190173
I1012 16:02:23.212019 29138 runtime_context.cpp:29] DecreaseCounter constructing_actor_cnt, current val is 521
I1012 16:02:23.212393 29138 naive_actor.cpp:25] actor 2207613190183 switch to &NaiveActor::HandlerNormal
I1012 16:02:23.212453 29138 thread.cpp:96] Thread 1052672 construct Actor kNormalForward 2207613190183
I1012 16:02:23.212527 29138 runtime_context.cpp:29] DecreaseCounter constructing_actor_cnt, current val is 520
I1012 16:02:23.212853 29126 naive_actor.cpp:25] actor 2199023255562 switch to &NaiveActor::HandlerNormal
I1012 16:02:23.212900 29126 thread.cpp:96] Thread 1048576 construct Actor kNormalForward 2199023255562
I1012 16:02:23.212966 29126 runtime_context.cpp:29] DecreaseCounter constructing_actor_cnt, current val is 519
I1012 16:02:23.212985 29138 naive_actor.cpp:25] actor 2207613190164 switch to &NaiveActor::HandlerNormal
I1012 16:02:23.213045 29138 thread.cpp:96] Thread 1052672 construct Actor kNormalForward 2207613190164
I1012 16:02:23.213125 29138 runtime_context.cpp:29] DecreaseCounter constructing_actor_cnt, current val is 518
I1012 16:02:23.213316 29126 naive_actor.cpp:25] actor 2199023255586 switch to &NaiveActor::HandlerNormal
I1012 16:02:23.213371 29126 thread.cpp:96] Thread 1048576 construct Actor kNormalForward 2199023255586
I1012 16:02:23.213443 29126 runtime_context.cpp:29] DecreaseCounter constructing_actor_cnt, current val is 517
I1012 16:02:23.214277 29126 naive_actor.cpp:25] actor 2199023255625 switch to &NaiveActor::HandlerNormal
I1012 16:02:23.214330 29126 thread.cpp:96] Thread 1048576 construct Actor kNormalForward 2199023255625
I1012 16:02:23.214385 29126 runtime_context.cpp:29] DecreaseCounter constructing_actor_cnt, current val is 516
I1012 16:02:23.214653 29138 naive_actor.cpp:25] actor 2207613190188 switch to &NaiveActor::HandlerNormal
I1012 16:02:23.214707 29138 thread.cpp:96] Thread 1052672 construct Actor kNormalForward 2207613190188
I1012 16:02:23.214803 29138 runtime_context.cpp:29] DecreaseCounter constructing_actor_cnt, current val is 515
I1012 16:02:23.215873 29126 naive_actor.cpp:25] actor 2199023255610 switch to &NaiveActor::HandlerNormal
I1012 16:02:23.215945 29126 thread.cpp:96] Thread 1048576 construct Actor kNormalForward 2199023255610
I1012 16:02:23.216012 29126 runtime_context.cpp:29] DecreaseCounter constructing_actor_cnt, current val is 514
I1012 16:02:23.216209 29138 naive_actor.cpp:25] actor 2207613190174 switch to &NaiveActor::HandlerNormal
I1012 16:02:23.216264 29138 thread.cpp:96] Thread 1052672 construct Actor kNormalForward 2207613190174
I1012 16:02:23.216346 29138 runtime_context.cpp:29] DecreaseCounter constructing_actor_cnt, current val is 513
I1012 16:02:23.216364 29126 naive_actor.cpp:25] actor 2199023255579 switch to &NaiveActor::HandlerNormal
I1012 16:02:23.216432 29126 thread.cpp:96] Thread 1048576 construct Actor kNormalForward 2199023255579
I1012 16:02:23.216496 29126 runtime_context.cpp:29] DecreaseCounter constructing_actor_cnt, current val is 512
I1012 16:02:23.217355 29126 naive_actor.cpp:25] actor 2199023255618 switch to &NaiveActor::HandlerNormal
I1012 16:02:23.217360 29138 naive_actor.cpp:25] actor 2207613190232 switch to &NaiveActor::HandlerNormal
I1012 16:02:23.217412 29126 thread.cpp:96] Thread 1048576 construct Actor kNormalForward 2199023255618
I1012 16:02:23.217464 29138 thread.cpp:96] Thread 1052672 construct Actor kNormalForward 2207613190232
I1012 16:02:23.217530 29126 runtime_context.cpp:29] DecreaseCounter constructing_actor_cnt, current val is 511
I1012 16:02:23.217573 29138 runtime_context.cpp:29] DecreaseCounter constructing_actor_cnt, current val is 510
I1012 16:02:23.218490 29126 naive_actor.cpp:25] actor 2199023255611 switch to &NaiveActor::HandlerNormal
I1012 16:02:23.218542 29126 thread.cpp:96] Thread 1048576 construct Actor kNormalForward 2199023255611
I1012 16:02:23.218617 29126 runtime_context.cpp:29] DecreaseCounter constructing_actor_cnt, current val is 509
I1012 16:02:23.218658 29138 naive_actor.cpp:25] actor 2207613190154 switch to &NaiveActor::HandlerNormal
I1012 16:02:23.218713 29138 thread.cpp:96] Thread 1052672 construct Actor kNormalForward 2207613190154
I1012 16:02:23.218797 29138 runtime_context.cpp:29] DecreaseCounter constructing_actor_cnt, current val is 508
I1012 16:02:23.219334 29126 naive_actor.cpp:25] actor 2199023255567 switch to &NaiveActor::HandlerNormal
I1012 16:02:23.219380 29126 thread.cpp:96] Thread 1048576 construct Actor kNormalForward 2199023255567
I1012 16:02:23.219458 29126 runtime_context.cpp:29] DecreaseCounter constructing_actor_cnt, current val is 507
