I1012 15:52:19.775041 25804 runtime_context.cpp:29] DecreaseCounter constructing_actor_cnt, current val is 665
I1012 15:52:19.775418 25808 naive_actor.cpp:25] actor 2199023255563 switch to &NaiveActor::HandlerNormal
I1012 15:52:19.775424 25804 naive_actor.cpp:25] actor 1099614388255 switch to &NaiveActor::HandlerNormal
I1012 15:52:19.775493 25808 thread.cpp:96] Thread 1048576 construct Actor kNormalForward 2199023255563
I1012 15:52:19.775529 25765 naive_actor.cpp:25] actor 1099511627776 switch to &NaiveActor::HandlerNormal
I1012 15:52:19.775547 25804 thread.cpp:96] Thread 524337 construct Actor kTick 1099614388255
I1012 15:52:19.775635 25766 naive_actor.cpp:25] actor 1099513724928 switch to &NaiveActor::HandlerNormal
I1012 15:52:19.775622 25808 runtime_context.cpp:29] DecreaseCounter constructing_actor_cnt, current val is 664
I1012 15:52:19.775611 25765 thread.cpp:96] Thread 524288 construct Actor kNormalForward 1099511627776
I1012 15:52:19.775687 25804 runtime_context.cpp:29] DecreaseCounter constructing_actor_cnt, current val is 663
I1012 15:52:19.775687 25766 thread.cpp:96] Thread 524289 construct Actor kNormalForward 1099513724928
I1012 15:52:19.775802 25765 runtime_context.cpp:29] DecreaseCounter constructing_actor_cnt, current val is 662
I1012 15:52:19.775902 25766 runtime_context.cpp:29] DecreaseCounter constructing_actor_cnt, current val is 661
I1012 15:52:19.776222 25804 naive_actor.cpp:25] actor 1099614388256 switch to &NaiveActor::HandlerNormal
I1012 15:52:19.776226 25817 naive_actor.cpp:25] actor 2207613190153 switch to &NaiveActor::HandlerNormal
I1012 15:52:19.776281 25804 thread.cpp:96] Thread 524337 construct Actor kTick 1099614388256
I1012 15:52:19.776330 25817 thread.cpp:96] Thread 1052672 construct Actor kNormalForward 2207613190153
I1012 15:52:19.776401 25804 runtime_context.cpp:29] DecreaseCounter constructing_actor_cnt, current val is 660
I1012 15:52:19.776461 25817 runtime_context.cpp:29] DecreaseCounter constructing_actor_cnt, current val is 659
I1012 15:52:19.776583 25768 naive_actor.cpp:25] actor 1099517919232 switch to &NaiveActor::HandlerNormal
I1012 15:52:19.776624 25767 naive_actor.cpp:25] actor 1099515822080 switch to &NaiveActor::HandlerNormal
I1012 15:52:19.776656 25768 thread.cpp:96] Thread 524291 construct Actor kNormalForward 1099517919232
I1012 15:52:19.776692 25767 thread.cpp:96] Thread 524290 construct Actor kNormalForward 1099515822080
I1012 15:52:19.776820 25768 runtime_context.cpp:29] DecreaseCounter constructing_actor_cnt, current val is 658
I1012 15:52:19.776827 25767 runtime_context.cpp:29] DecreaseCounter constructing_actor_cnt, current val is 657
I1012 15:52:19.776832 25804 naive_actor.cpp:25] actor 1099614388312 switch to &NaiveActor::HandlerNormal
I1012 15:52:19.776942 25808 naive_actor.cpp:25] actor 2199023255587 switch to &NaiveActor::HandlerNormal
I1012 15:52:19.776988 25804 thread.cpp:96] Thread 524337 construct Actor kTick 1099614388312
I1012 15:52:19.777031 25808 thread.cpp:96] Thread 1048576 construct Actor kNormalForward 2199023255587
I1012 15:52:19.777103 25804 runtime_context.cpp:29] DecreaseCounter constructing_actor_cnt, current val is 656
I1012 15:52:19.777145 25808 runtime_context.cpp:29] DecreaseCounter constructing_actor_cnt, current val is 655
I1012 15:52:19.777559 25804 naive_actor.cpp:25] actor 1099614388253 switch to &NaiveActor::HandlerNormal
I1012 15:52:19.777609 25808 naive_actor.cpp:25] actor 2199023255565 switch to &NaiveActor::HandlerNormal
I1012 15:52:19.777560 25817 naive_actor.cpp:25] actor 2207613190145 switch to &NaiveActor::HandlerNormal
I1012 15:52:19.777626 25804 thread.cpp:96] Thread 524337 construct Actor kTick 1099614388253
I1012 15:52:19.777662 25808 thread.cpp:96] Thread 1048576 construct Actor kNormalForward 2199023255565
I1012 15:52:19.777710 25817 thread.cpp:96] Thread 1052672 construct Actor kNormalForward 2207613190145
I1012 15:52:19.777812 25808 runtime_context.cpp:29] DecreaseCounter constructing_actor_cnt, current val is 653
I1012 15:52:19.777822 25804 runtime_context.cpp:29] DecreaseCounter constructing_actor_cnt, current val is 654
I1012 15:52:19.777853 25817 runtime_context.cpp:29] DecreaseCounter constructing_actor_cnt, current val is 652
I1012 15:52:19.778254 25804 naive_actor.cpp:25] actor 1099614388254 switch to &NaiveActor::HandlerNormal
I1012 15:52:19.778307 25804 thread.cpp:96] Thread 524337 construct Actor kDstSubsetTick 1099614388254
I1012 15:52:19.778399 25804 runtime_context.cpp:29] DecreaseCounter constructing_actor_cnt, current val is 651
I1012 15:52:19.778789 25804 naive_actor.cpp:25] actor 1099614388249 switch to &NaiveActor::HandlerNormal
I1012 15:52:19.778851 25804 thread.cpp:96] Thread 524337 construct Actor kDeviceTick 1099614388249
I1012 15:52:19.778868 25817 naive_actor.cpp:25] actor 2207613190148 switch to &NaiveActor::HandlerNormal
I1012 15:52:19.778921 25804 runtime_context.cpp:29] DecreaseCounter constructing_actor_cnt, current val is 650
I1012 15:52:19.778925 25817 thread.cpp:96] Thread 1052672 construct Actor kNormalForward 2207613190148
I1012 15:52:19.779049 25817 runtime_context.cpp:29] DecreaseCounter constructing_actor_cnt, current val is 649
I1012 15:52:19.779124 25808 naive_actor.cpp:25] actor 2199023255564 switch to &NaiveActor::HandlerNormal
I1012 15:52:19.779184 25808 thread.cpp:96] Thread 1048576 construct Actor kNormalForward 2199023255564
I1012 15:52:19.779276 25808 runtime_context.cpp:29] DecreaseCounter constructing_actor_cnt, current val is 648
I1012 15:52:19.779326 25804 naive_actor.cpp:25] actor 1099614388257 switch to &NaiveActor::HandlerNormal
I1012 15:52:19.779383 25804 thread.cpp:96] Thread 524337 construct Actor kTick 1099614388257
I1012 15:52:19.779464 25804 runtime_context.cpp:29] DecreaseCounter constructing_actor_cnt, current val is 647
I1012 15:52:19.779819 25804 naive_actor.cpp:25] actor 1099614388259 switch to &NaiveActor::HandlerNormal
I1012 15:52:19.779865 25804 thread.cpp:96] Thread 524337 construct Actor kSrcSubsetTick 1099614388259
I1012 15:52:19.779937 25804 runtime_context.cpp:29] DecreaseCounter constructing_actor_cnt, current val is 646
I1012 15:52:19.780032 25817 naive_actor.cpp:25] actor 2207613190159 switch to &NaiveActor::HandlerNormal
I1012 15:52:19.780084 25817 thread.cpp:96] Thread 1052672 construct Actor kNormalForward 2207613190159
I1012 15:52:19.780164 25817 runtime_context.cpp:29] DecreaseCounter constructing_actor_cnt, current val is 645
I1012 15:52:19.780267 25808 naive_actor.cpp:25] actor 2199023255561 switch to &NaiveActor::HandlerNormal
I1012 15:52:19.780323 25808 thread.cpp:96] Thread 1048576 construct Actor kNormalForward 2199023255561
I1012 15:52:19.780362 25804 naive_actor.cpp:25] actor 1099614388303 switch to &NaiveActor::HandlerNormal
I1012 15:52:19.780398 25808 runtime_context.cpp:29] DecreaseCounter constructing_actor_cnt, current val is 644
I1012 15:52:19.780417 25804 thread.cpp:96] Thread 524337 construct Actor kTick 1099614388303
I1012 15:52:19.780539 25804 runtime_context.cpp:29] DecreaseCounter constructing_actor_cnt, current val is 643
I1012 15:52:19.780933 25804 naive_actor.cpp:25] actor 1099614388258 switch to &NaiveActor::HandlerNormal
I1012 15:52:19.780987 25804 thread.cpp:96] Thread 524337 construct Actor kDeviceTick 1099614388258
I1012 15:52:19.781059 25804 runtime_context.cpp:29] DecreaseCounter constructing_actor_cnt, current val is 642
I1012 15:52:19.781143 25817 naive_actor.cpp:25] actor 2207613190166 switch to &NaiveActor::HandlerNormal
I1012 15:52:19.781256 25817 thread.cpp:96] Thread 1052672 construct Actor kNormalForward 2207613190166
I1012 15:52:19.781347 25817 runtime_context.cpp:29] DecreaseCounter constructing_actor_cnt, current val is 641
I1012 15:52:19.781514 25804 naive_actor.cpp:25] actor 1099614388262 switch to &NaiveActor::HandlerNormal
I1012 15:52:19.781576 25804 thread.cpp:96] Thread 524337 construct Actor kTick 1099614388262
I1012 15:52:19.781644 25804 runtime_context.cpp:29] DecreaseCounter constructing_actor_cnt, current val is 640
I1012 15:52:19.781822 25808 naive_actor.cpp:25] actor 2199023255562 switch to &NaiveActor::HandlerNormal
I1012 15:52:19.781878 25808 thread.cpp:96] Thread 1048576 construct Actor kNormalForward 2199023255562
I1012 15:52:19.781963 25808 runtime_context.cpp:29] DecreaseCounter constructing_actor_cnt, current val is 639
I1012 15:52:19.782023 25804 naive_actor.cpp:25] actor 1099614388264 switch to &NaiveActor::HandlerNormal
I1012 15:52:19.782069 25804 thread.cpp:96] Thread 524337 construct Actor kTick 1099614388264
I1012 15:52:19.782141 25804 runtime_context.cpp:29] DecreaseCounter constructing_actor_cnt, current val is 638
I1012 15:52:19.782471 25804 naive_actor.cpp:25] actor 1099614388265 switch to &NaiveActor::HandlerNormal
I1012 15:52:19.782521 25804 thread.cpp:96] Thread 524337 construct Actor kTick 1099614388265
I1012 15:52:19.782604 25804 runtime_context.cpp:29] DecreaseCounter constructing_actor_cnt, current val is 637
I1012 15:52:19.782663 25817 naive_actor.cpp:25] actor 2207613190170 switch to &NaiveActor::HandlerNormal
I1012 15:52:19.782718 25817 thread.cpp:96] Thread 1052672 construct Actor kNormalForward 2207613190170
I1012 15:52:19.782811 25817 runtime_context.cpp:29] DecreaseCounter constructing_actor_cnt, current val is 636
I1012 15:52:19.783051 25804 naive_actor.cpp:25] actor 1099614388263 switch to &NaiveActor::HandlerNormal
I1012 15:52:19.783093 25808 naive_actor.cpp:25] actor 2199023255560 switch to &NaiveActor::HandlerNormal
I1012 15:52:19.783113 25804 thread.cpp:96] Thread 524337 construct Actor kDstSubsetTick 1099614388263
I1012 15:52:19.783144 25808 thread.cpp:96] Thread 1048576 construct Actor kNormalForward 2199023255560
I1012 15:52:19.783201 25817 naive_actor.cpp:25] actor 2207613190190 switch to &NaiveActor::HandlerNormal
I1012 15:52:19.783241 25808 runtime_context.cpp:29] DecreaseCounter constructing_actor_cnt, current val is 634
I1012 15:52:19.783229 25804 runtime_context.cpp:29] DecreaseCounter constructing_actor_cnt, current val is 635
I1012 15:52:19.783247 25817 thread.cpp:96] Thread 1052672 construct Actor kNormalForward 2207613190190
I1012 15:52:19.783380 25817 runtime_context.cpp:29] DecreaseCounter constructing_actor_cnt, current val is 633
I1012 15:52:19.783509 25808 naive_actor.cpp:25] actor 2199023255584 switch to &NaiveActor::HandlerNormal
I1012 15:52:19.783548 25808 thread.cpp:96] Thread 1048576 construct Actor kNormalForward 2199023255584
I1012 15:52:19.783589 25808 runtime_context.cpp:29] DecreaseCounter constructing_actor_cnt, current val is 632
I1012 15:52:19.783923 25804 naive_actor.cpp:25] actor 1099614388266 switch to &NaiveActor::HandlerNormal
I1012 15:52:19.783953 25817 naive_actor.cpp:25] actor 2207613190162 switch to &NaiveActor::HandlerNormal
I1012 15:52:19.783984 25804 thread.cpp:96] Thread 524337 construct Actor kTick 1099614388266
I1012 15:52:19.784024 25817 thread.cpp:96] Thread 1052672 construct Actor kNormalForward 2207613190162
I1012 15:52:19.784093 25804 runtime_context.cpp:29] DecreaseCounter constructing_actor_cnt, current val is 631
I1012 15:52:19.784129 25817 runtime_context.cpp:29] DecreaseCounter constructing_actor_cnt, current val is 630
I1012 15:52:19.784494 25804 naive_actor.cpp:25] actor 1099614388317 switch to &NaiveActor::HandlerNormal
I1012 15:52:19.784569 25804 thread.cpp:96] Thread 524337 construct Actor kTick 1099614388317
I1012 15:52:19.784646 25804 runtime_context.cpp:29] DecreaseCounter constructing_actor_cnt, current val is 629
I1012 15:52:19.784880 25808 naive_actor.cpp:25] actor 2199023255608 switch to &NaiveActor::HandlerNormal
I1012 15:52:19.784951 25808 thread.cpp:96] Thread 1048576 construct Actor kNormalForward 2199023255608
I1012 15:52:19.785037 25808 runtime_context.cpp:29] DecreaseCounter constructing_actor_cnt, current val is 628
I1012 15:52:19.785080 25804 naive_actor.cpp:25] actor 1099614388268 switch to &NaiveActor::HandlerNormal
I1012 15:52:19.785135 25804 thread.cpp:96] Thread 524337 construct Actor kSrcSubsetTick 1099614388268
I1012 15:52:19.785205 25804 runtime_context.cpp:29] DecreaseCounter constructing_actor_cnt, current val is 627
I1012 15:52:19.785476 25808 naive_actor.cpp:25] actor 2199023255570 switch to &NaiveActor::HandlerNormal
I1012 15:52:19.785512 25817 naive_actor.cpp:25] actor 2207613190175 switch to &NaiveActor::HandlerNormal
I1012 15:52:19.785529 25808 thread.cpp:96] Thread 1048576 construct Actor kNormalForward 2199023255570
I1012 15:52:19.785574 25817 thread.cpp:96] Thread 1052672 construct Actor kNormalForward 2207613190175
I1012 15:52:19.785640 25808 runtime_context.cpp:29] DecreaseCounter constructing_actor_cnt, current val is 626
I1012 15:52:19.785662 25804 naive_actor.cpp:25] actor 1099614388272 switch to &NaiveActor::HandlerNormal
I1012 15:52:19.785681 25817 runtime_context.cpp:29] DecreaseCounter constructing_actor_cnt, current val is 625
I1012 15:52:19.785715 25804 thread.cpp:96] Thread 524337 construct Actor kDstSubsetTick 1099614388272
I1012 15:52:19.785842 25804 runtime_context.cpp:29] DecreaseCounter constructing_actor_cnt, current val is 624
I1012 15:52:19.786193 25804 naive_actor.cpp:25] actor 1099614388267 switch to &NaiveActor::HandlerNormal
I1012 15:52:19.786245 25804 thread.cpp:96] Thread 524337 construct Actor kDeviceTick 1099614388267
I1012 15:52:19.786321 25804 runtime_context.cpp:29] DecreaseCounter constructing_actor_cnt, current val is 623
I1012 15:52:19.786659 25804 naive_actor.cpp:25] actor 1099614388274 switch to &NaiveActor::HandlerNormal
I1012 15:52:19.786723 25808 naive_actor.cpp:25] actor 2199023255571 switch to &NaiveActor::HandlerNormal
I1012 15:52:19.786751 25804 thread.cpp:96] Thread 524337 construct Actor kTick 1099614388274
I1012 15:52:19.786792 25808 thread.cpp:96] Thread 1048576 construct Actor kNormalForward 2199023255571
I1012 15:52:19.786856 25804 runtime_context.cpp:29] DecreaseCounter constructing_actor_cnt, current val is 622
I1012 15:52:19.786887 25808 runtime_context.cpp:29] DecreaseCounter constructing_actor_cnt, current val is 621
I1012 15:52:19.787178 25804 naive_actor.cpp:25] actor 1099614388271 switch to &NaiveActor::HandlerNormal
I1012 15:52:19.787214 25817 naive_actor.cpp:25] actor 2207613190174 switch to &NaiveActor::HandlerNormal
I1012 15:52:19.787235 25804 thread.cpp:96] Thread 524337 construct Actor kTick 1099614388271
I1012 15:52:19.787284 25817 thread.cpp:96] Thread 1052672 construct Actor kNormalForward 2207613190174
I1012 15:52:19.787351 25804 runtime_context.cpp:29] DecreaseCounter constructing_actor_cnt, current val is 620
I1012 15:52:19.787401 25817 runtime_context.cpp:29] DecreaseCounter constructing_actor_cnt, current val is 619
I1012 15:52:19.787746 25804 naive_actor.cpp:25] actor 1099614388273 switch to &NaiveActor::HandlerNormal
I1012 15:52:19.787799 25804 thread.cpp:96] Thread 524337 construct Actor kTick 1099614388273
I1012 15:52:19.787855 25804 runtime_context.cpp:29] DecreaseCounter constructing_actor_cnt, current val is 618
I1012 15:52:19.787950 25808 naive_actor.cpp:25] actor 2199023255594 switch to &NaiveActor::HandlerNormal
I1012 15:52:19.788012 25808 thread.cpp:96] Thread 1048576 construct Actor kNormalForward 2199023255594
I1012 15:52:19.788110 25808 runtime_context.cpp:29] DecreaseCounter constructing_actor_cnt, current val is 617
I1012 15:52:19.788203 25804 naive_actor.cpp:25] actor 1099614388275 switch to &NaiveActor::HandlerNormal
I1012 15:52:19.788249 25804 thread.cpp:96] Thread 524337 construct Actor kDeviceTick 1099614388275
I1012 15:52:19.788321 25804 runtime_context.cpp:29] DecreaseCounter constructing_actor_cnt, current val is 616
I1012 15:52:19.788511 25808 naive_actor.cpp:25] actor 2199023255579 switch to &NaiveActor::HandlerNormal
I1012 15:52:19.788573 25808 thread.cpp:96] Thread 1048576 construct Actor kNormalForward 2199023255579
I1012 15:52:19.788602 25817 naive_actor.cpp:25] actor 2207613190198 switch to &NaiveActor::HandlerNormal
I1012 15:52:19.788641 25808 runtime_context.cpp:29] DecreaseCounter constructing_actor_cnt, current val is 615
I1012 15:52:19.788661 25817 thread.cpp:96] Thread 1052672 construct Actor kNormalForward 2207613190198
I1012 15:52:19.788764 25804 naive_actor.cpp:25] actor 1099614388276 switch to &NaiveActor::HandlerNormal
I1012 15:52:19.788784 25817 runtime_context.cpp:29] DecreaseCounter constructing_actor_cnt, current val is 614
I1012 15:52:19.788816 25804 thread.cpp:96] Thread 524337 construct Actor kDeviceTick 1099614388276
I1012 15:52:19.788916 25804 runtime_context.cpp:29] DecreaseCounter constructing_actor_cnt, current val is 613
I1012 15:52:19.789034 25808 naive_actor.cpp:25] actor 2199023255577 switch to &NaiveActor::HandlerNormal
I1012 15:52:19.789090 25808 thread.cpp:96] Thread 1048576 construct Actor kNormalForward 2199023255577
I1012 15:52:19.789171 25808 runtime_context.cpp:29] DecreaseCounter constructing_actor_cnt, current val is 612
I1012 15:52:19.789220 25804 naive_actor.cpp:25] actor 1099614388277 switch to &NaiveActor::HandlerNormal
I1012 15:52:19.789263 25804 thread.cpp:96] Thread 524337 construct Actor kSrcSubsetTick 1099614388277
I1012 15:52:19.789332 25804 runtime_context.cpp:29] DecreaseCounter constructing_actor_cnt, current val is 611
I1012 15:52:19.789638 25804 naive_actor.cpp:25] actor 1099614388292 switch to &NaiveActor::HandlerNormal
I1012 15:52:19.789685 25804 thread.cpp:96] Thread 524337 construct Actor kTick 1099614388292
I1012 15:52:19.789752 25804 runtime_context.cpp:29] DecreaseCounter constructing_actor_cnt, current val is 610
I1012 15:52:19.789862 25817 naive_actor.cpp:25] actor 2207613190154 switch to &NaiveActor::HandlerNormal
I1012 15:52:19.789917 25817 thread.cpp:96] Thread 1052672 construct Actor kNormalForward 2207613190154
I1012 15:52:19.790007 25817 runtime_context.cpp:29] DecreaseCounter constructing_actor_cnt, current val is 609
I1012 15:52:19.790074 25804 naive_actor.cpp:25] actor 1099614388290 switch to &NaiveActor::HandlerNormal
I1012 15:52:19.790122 25804 thread.cpp:96] Thread 524337 construct Actor kSrcSubsetTick 1099614388290
I1012 15:52:19.790180 25804 runtime_context.cpp:29] DecreaseCounter constructing_actor_cnt, current val is 608
I1012 15:52:19.790217 25808 naive_actor.cpp:25] actor 2199023255576 switch to &NaiveActor::HandlerNormal
I1012 15:52:19.790308 25808 thread.cpp:96] Thread 1048576 construct Actor kNormalForward 2199023255576
I1012 15:52:19.790398 25808 runtime_context.cpp:29] DecreaseCounter constructing_actor_cnt, current val is 607
I1012 15:52:19.790529 25804 naive_actor.cpp:25] actor 1099614388316 switch to &NaiveActor::HandlerNormal
I1012 15:52:19.790573 25804 thread.cpp:96] Thread 524337 construct Actor kTick 1099614388316
I1012 15:52:19.790624 25804 runtime_context.cpp:29] DecreaseCounter constructing_actor_cnt, current val is 606
I1012 15:52:19.790975 25804 naive_actor.cpp:25] actor 1099614388285 switch to &NaiveActor::HandlerNormal
I1012 15:52:19.791026 25804 thread.cpp:96] Thread 524337 construct Actor kTick 1099614388285
I1012 15:52:19.791092 25804 runtime_context.cpp:29] DecreaseCounter constructing_actor_cnt, current val is 605
I1012 15:52:19.791184 25817 naive_actor.cpp:25] actor 2207613190147 switch to &NaiveActor::HandlerNormal
I1012 15:52:19.791244 25817 thread.cpp:96] Thread 1052672 construct Actor kNormalForward 2207613190147
I1012 15:52:19.791321 25817 runtime_context.cpp:29] DecreaseCounter constructing_actor_cnt, current val is 604
I1012 15:52:19.791548 25804 naive_actor.cpp:25] actor 1099614388295 switch to &NaiveActor::HandlerNormal
I1012 15:52:19.791595 25804 thread.cpp:96] Thread 524337 construct Actor kTick 1099614388295
I1012 15:52:19.791677 25804 runtime_context.cpp:29] DecreaseCounter constructing_actor_cnt, current val is 603
I1012 15:52:19.791747 25808 naive_actor.cpp:25] actor 2199023255568 switch to &NaiveActor::HandlerNormal
I1012 15:52:19.791812 25808 thread.cpp:96] Thread 1048576 construct Actor kNormalForward 2199023255568
I1012 15:52:19.791898 25808 runtime_context.cpp:29] DecreaseCounter constructing_actor_cnt, current val is 602
I1012 15:52:19.792063 25804 naive_actor.cpp:25] actor 1099614388294 switch to &NaiveActor::HandlerNormal
I1012 15:52:19.792150 25804 thread.cpp:96] Thread 524337 construct Actor kTick 1099614388294
I1012 15:52:19.792213 25804 runtime_context.cpp:29] DecreaseCounter constructing_actor_cnt, current val is 601
I1012 15:52:19.792469 25817 naive_actor.cpp:25] actor 2207613190233 switch to &NaiveActor::HandlerNormal
I1012 15:52:19.792524 25817 thread.cpp:96] Thread 1052672 construct Actor kNormalForward 2207613190233
I1012 15:52:19.792608 25817 runtime_context.cpp:29] DecreaseCounter constructing_actor_cnt, current val is 600
I1012 15:52:19.792644 25804 naive_actor.cpp:25] actor 1099614388288 switch to &NaiveActor::HandlerNormal
I1012 15:52:19.792694 25804 thread.cpp:96] Thread 524337 construct Actor kTick 1099614388288
I1012 15:52:19.792754 25804 runtime_context.cpp:29] DecreaseCounter constructing_actor_cnt, current val is 599
I1012 15:52:19.792968 25808 naive_actor.cpp:25] actor 2199023255583 switch to &NaiveActor::HandlerNormal
I1012 15:52:19.793020 25808 thread.cpp:96] Thread 1048576 construct Actor kNormalForward 2199023255583
I1012 15:52:19.793104 25808 runtime_context.cpp:29] DecreaseCounter constructing_actor_cnt, current val is 598
I1012 15:52:19.793116 25804 naive_actor.cpp:25] actor 1099614388283 switch to &NaiveActor::HandlerNormal
I1012 15:52:19.793184 25804 thread.cpp:96] Thread 524337 construct Actor kTick 1099614388283
I1012 15:52:19.793248 25804 runtime_context.cpp:29] DecreaseCounter constructing_actor_cnt, current val is 597
I1012 15:52:19.793610 25804 naive_actor.cpp:25] actor 1099614388282 switch to &NaiveActor::HandlerNormal
I1012 15:52:19.793656 25804 thread.cpp:96] Thread 524337 construct Actor kTick 1099614388282
I1012 15:52:19.793725 25804 runtime_context.cpp:29] DecreaseCounter constructing_actor_cnt, current val is 596
I1012 15:52:19.793877 25817 naive_actor.cpp:25] actor 2207613190211 switch to &NaiveActor::HandlerNormal
I1012 15:52:19.793941 25817 thread.cpp:96] Thread 1052672 construct Actor kNormalForward 2207613190211
I1012 15:52:19.794036 25817 runtime_context.cpp:29] DecreaseCounter constructing_actor_cnt, current val is 595
I1012 15:52:19.794093 25804 naive_actor.cpp:25] actor 1099614388280 switch to &NaiveActor::HandlerNormal
I1012 15:52:19.794142 25804 thread.cpp:96] Thread 524337 construct Actor kTick 1099614388280
I1012 15:52:19.794203 25804 runtime_context.cpp:29] DecreaseCounter constructing_actor_cnt, current val is 594
I1012 15:52:19.794289 25808 naive_actor.cpp:25] actor 2199023255596 switch to &NaiveActor::HandlerNormal
I1012 15:52:19.794342 25808 thread.cpp:96] Thread 1048576 construct Actor kNormalForward 2199023255596
I1012 15:52:19.794414 25808 runtime_context.cpp:29] DecreaseCounter constructing_actor_cnt, current val is 593
I1012 15:52:19.794622 25804 naive_actor.cpp:25] actor 1099614388281 switch to &NaiveActor::HandlerNormal
I1012 15:52:19.794669 25804 thread.cpp:96] Thread 524337 construct Actor kDstSubsetTick 1099614388281
I1012 15:52:19.794737 25804 runtime_context.cpp:29] DecreaseCounter constructing_actor_cnt, current val is 592
I1012 15:52:19.795050 25804 naive_actor.cpp:25] actor 1099614388284 switch to &NaiveActor::HandlerNormal
I1012 15:52:19.795118 25804 thread.cpp:96] Thread 524337 construct Actor kTick 1099614388284
I1012 15:52:19.795181 25804 runtime_context.cpp:29] DecreaseCounter constructing_actor_cnt, current val is 591
I1012 15:52:19.795405 25808 naive_actor.cpp:25] actor 2199023255573 switch to &NaiveActor::HandlerNormal
I1012 15:52:19.795460 25808 thread.cpp:96] Thread 1048576 construct Actor kNormalForward 2199023255573
I1012 15:52:19.795527 25808 runtime_context.cpp:29] DecreaseCounter constructing_actor_cnt, current val is 590
I1012 15:52:19.795620 25804 naive_actor.cpp:25] actor 1099614388293 switch to &NaiveActor::HandlerNormal
I1012 15:52:19.795729 25804 thread.cpp:96] Thread 524337 construct Actor kDstSubsetTick 1099614388293
I1012 15:52:19.795801 25804 runtime_context.cpp:29] DecreaseCounter constructing_actor_cnt, current val is 589
I1012 15:52:19.795986 25817 naive_actor.cpp:25] actor 2207613190181 switch to &NaiveActor::HandlerNormal
I1012 15:52:19.796054 25817 thread.cpp:96] Thread 1052672 construct Actor kNormalForward 2207613190181
I1012 15:52:19.796113 25804 naive_actor.cpp:25] actor 1099614388333 switch to &NaiveActor::HandlerNormal
I1012 15:52:19.796145 25817 runtime_context.cpp:29] DecreaseCounter constructing_actor_cnt, current val is 588
I1012 15:52:19.796162 25804 thread.cpp:96] Thread 524337 construct Actor kTick 1099614388333
I1012 15:52:19.796268 25804 runtime_context.cpp:29] DecreaseCounter constructing_actor_cnt, current val is 587
I1012 15:52:19.796598 25804 naive_actor.cpp:25] actor 1099614388299 switch to &NaiveActor::HandlerNormal
I1012 15:52:19.796600 25808 naive_actor.cpp:25] actor 2199023255606 switch to &NaiveActor::HandlerNormal
I1012 15:52:19.796651 25804 thread.cpp:96] Thread 524337 construct Actor kTick 1099614388299
I1012 15:52:19.796691 25808 thread.cpp:96] Thread 1048576 construct Actor kNormalForward 2199023255606
I1012 15:52:19.796754 25804 runtime_context.cpp:29] DecreaseCounter constructing_actor_cnt, current val is 586
I1012 15:52:19.796784 25808 runtime_context.cpp:29] DecreaseCounter constructing_actor_cnt, current val is 585
I1012 15:52:19.797053 25804 naive_actor.cpp:25] actor 1099614388298 switch to &NaiveActor::HandlerNormal
I1012 15:52:19.797098 25804 thread.cpp:96] Thread 524337 construct Actor kTick 1099614388298
I1012 15:52:19.797154 25804 runtime_context.cpp:29] DecreaseCounter constructing_actor_cnt, current val is 584
I1012 15:52:19.797355 25817 naive_actor.cpp:25] actor 2207613190203 switch to &NaiveActor::HandlerNormal
I1012 15:52:19.797420 25817 thread.cpp:96] Thread 1052672 construct Actor kNormalForward 2207613190203
I1012 15:52:19.797482 25804 naive_actor.cpp:25] actor 1099614388307 switch to &NaiveActor::HandlerNormal
I1012 15:52:19.797518 25817 runtime_context.cpp:29] DecreaseCounter constructing_actor_cnt, current val is 583
I1012 15:52:19.797526 25804 thread.cpp:96] Thread 524337 construct Actor kTick 1099614388307
I1012 15:52:19.797679 25804 runtime_context.cpp:29] DecreaseCounter constructing_actor_cnt, current val is 582
I1012 15:52:19.797689 25808 naive_actor.cpp:25] actor 2199023255597 switch to &NaiveActor::HandlerNormal
I1012 15:52:19.797749 25808 thread.cpp:96] Thread 1048576 construct Actor kNormalForward 2199023255597
I1012 15:52:19.797823 25808 runtime_context.cpp:29] DecreaseCounter constructing_actor_cnt, current val is 581
I1012 15:52:19.798056 25804 naive_actor.cpp:25] actor 1099614388308 switch to &NaiveActor::HandlerNormal
I1012 15:52:19.798101 25804 thread.cpp:96] Thread 524337 construct Actor kTick 1099614388308
I1012 15:52:19.798158 25804 runtime_context.cpp:29] DecreaseCounter constructing_actor_cnt, current val is 580
I1012 15:52:19.798564 25804 reentrant_lock_actor.cpp:76] actor 1099614388296 switch to &ReentrantLockActor::HandlerNormal
I1012 15:52:19.798622 25817 naive_actor.cpp:25] actor 2207613190173 switch to &NaiveActor::HandlerNormal
I1012 15:52:19.798625 25804 thread.cpp:96] Thread 524337 construct Actor kReentrantLock 1099614388296
I1012 15:52:19.798686 25817 thread.cpp:96] Thread 1052672 construct Actor kNormalForward 2207613190173
I1012 15:52:19.798758 25804 runtime_context.cpp:29] DecreaseCounter constructing_actor_cnt, current val is 579
I1012 15:52:19.798800 25817 runtime_context.cpp:29] DecreaseCounter constructing_actor_cnt, current val is 578
I1012 15:52:19.799088 25808 naive_actor.cpp:25] actor 2199023255589 switch to &NaiveActor::HandlerNormal
I1012 15:52:19.799137 25808 thread.cpp:96] Thread 1048576 construct Actor kNormalForward 2199023255589
I1012 15:52:19.799135 25804 naive_actor.cpp:25] actor 1099614388318 switch to &NaiveActor::HandlerNormal
I1012 15:52:19.799212 25808 runtime_context.cpp:29] DecreaseCounter constructing_actor_cnt, current val is 577
I1012 15:52:19.799247 25817 naive_actor.cpp:25] actor 2207613190164 switch to &NaiveActor::HandlerNormal
I1012 15:52:19.799257 25804 thread.cpp:96] Thread 524337 construct Actor kTick 1099614388318
I1012 15:52:19.799353 25817 thread.cpp:96] Thread 1052672 construct Actor kNormalForward 2207613190164
I1012 15:52:19.799440 25804 runtime_context.cpp:29] DecreaseCounter constructing_actor_cnt, current val is 576
I1012 15:52:19.799490 25817 runtime_context.cpp:29] DecreaseCounter constructing_actor_cnt, current val is 575
I1012 15:52:19.799782 25804 naive_actor.cpp:25] actor 1099614388323 switch to &NaiveActor::HandlerNormal
I1012 15:52:19.799834 25804 thread.cpp:96] Thread 524337 construct Actor kTick 1099614388323
I1012 15:52:19.799907 25817 naive_actor.cpp:25] actor 2207613190197 switch to &NaiveActor::HandlerNormal
I1012 15:52:19.799962 25817 thread.cpp:96] Thread 1052672 construct Actor kNormalForward 2207613190197
I1012 15:52:19.799978 25804 runtime_context.cpp:29] DecreaseCounter constructing_actor_cnt, current val is 574
I1012 15:52:19.800047 25817 runtime_context.cpp:29] DecreaseCounter constructing_actor_cnt, current val is 573
I1012 15:52:19.800086 25808 naive_actor.cpp:25] actor 2199023255626 switch to &NaiveActor::HandlerNormal
I1012 15:52:19.800128 25808 thread.cpp:96] Thread 1048576 construct Actor kNormalForward 2199023255626
I1012 15:52:19.800195 25808 runtime_context.cpp:29] DecreaseCounter constructing_actor_cnt, current val is 572
I1012 15:52:19.800351 25804 naive_actor.cpp:25] actor 1099614388322 switch to &NaiveActor::HandlerNormal
I1012 15:52:19.800405 25804 thread.cpp:96] Thread 524337 construct Actor kTick 1099614388322
I1012 15:52:19.800479 25804 runtime_context.cpp:29] DecreaseCounter constructing_actor_cnt, current val is 571
I1012 15:52:19.800829 25804 naive_actor.cpp:25] actor 1099614388319 switch to &NaiveActor::HandlerNormal
I1012 15:52:19.800877 25804 thread.cpp:96] Thread 524337 construct Actor kTick 1099614388319
I1012 15:52:19.800935 25808 naive_actor.cpp:25] actor 2199023255588 switch to &NaiveActor::HandlerNormal
I1012 15:52:19.800951 25804 runtime_context.cpp:29] DecreaseCounter constructing_actor_cnt, current val is 570
I1012 15:52:19.800977 25808 thread.cpp:96] Thread 1048576 construct Actor kNormalForward 2199023255588
I1012 15:52:19.801069 25808 runtime_context.cpp:29] DecreaseCounter constructing_actor_cnt, current val is 569
I1012 15:52:19.801324 25804 naive_actor.cpp:25] actor 1099614388320 switch to &NaiveActor::HandlerNormal
I1012 15:52:19.801374 25804 thread.cpp:96] Thread 524337 construct Actor kTick 1099614388320
I1012 15:52:19.801448 25804 runtime_context.cpp:29] DecreaseCounter constructing_actor_cnt, current val is 568
I1012 15:52:19.801537 25817 naive_actor.cpp:25] actor 2207613190188 switch to &NaiveActor::HandlerNormal
I1012 15:52:19.801600 25817 thread.cpp:96] Thread 1052672 construct Actor kNormalForward 2207613190188
I1012 15:52:19.801682 25817 runtime_context.cpp:29] DecreaseCounter constructing_actor_cnt, current val is 567
I1012 15:52:19.802016 25804 naive_actor.cpp:25] actor 1099614388321 switch to &NaiveActor::HandlerNormal
I1012 15:52:19.802067 25804 thread.cpp:96] Thread 524337 construct Actor kTick 1099614388321
I1012 15:52:19.802143 25804 runtime_context.cpp:29] DecreaseCounter constructing_actor_cnt, current val is 566
I1012 15:52:19.802378 25808 naive_actor.cpp:25] actor 2199023255630 switch to &NaiveActor::HandlerNormal
I1012 15:52:19.802449 25808 thread.cpp:96] Thread 1048576 construct Actor kNormalForward 2199023255630
I1012 15:52:19.802474 25804 naive_actor.cpp:25] actor 1099614388315 switch to &NaiveActor::HandlerNormal
I1012 15:52:19.802536 25804 thread.cpp:96] Thread 524337 construct Actor kTick 1099614388315
I1012 15:52:19.802546 25808 runtime_context.cpp:29] DecreaseCounter constructing_actor_cnt, current val is 565
I1012 15:52:19.802642 25804 runtime_context.cpp:29] DecreaseCounter constructing_actor_cnt, current val is 564
I1012 15:52:19.802987 25804 naive_actor.cpp:25] actor 1099614388306 switch to &NaiveActor::HandlerNormal
I1012 15:52:19.802989 25808 naive_actor.cpp:25] actor 2199023255586 switch to &NaiveActor::HandlerNormal
I1012 15:52:19.803041 25804 thread.cpp:96] Thread 524337 construct Actor kTick 1099614388306
I1012 15:52:19.803082 25808 thread.cpp:96] Thread 1048576 construct Actor kNormalForward 2199023255586
I1012 15:52:19.803143 25804 runtime_context.cpp:29] DecreaseCounter constructing_actor_cnt, current val is 563
I1012 15:52:19.803179 25808 runtime_context.cpp:29] DecreaseCounter constructing_actor_cnt, current val is 562
I1012 15:52:19.803593 25804 naive_actor.cpp:25] actor 1099614388324 switch to &NaiveActor::HandlerNormal
I1012 15:52:19.803647 25804 thread.cpp:96] Thread 524337 construct Actor kTick 1099614388324
I1012 15:52:19.803711 25804 runtime_context.cpp:29] DecreaseCounter constructing_actor_cnt, current val is 561
I1012 15:52:19.803869 25817 naive_actor.cpp:25] actor 2207613190177 switch to &NaiveActor::HandlerNormal
I1012 15:52:19.803936 25817 thread.cpp:96] Thread 1052672 construct Actor kNormalForward 2207613190177
I1012 15:52:19.804003 25804 naive_actor.cpp:25] actor 1099614388313 switch to &NaiveActor::HandlerNormal
I1012 15:52:19.804050 25804 thread.cpp:96] Thread 524337 construct Actor kTick 1099614388313
I1012 15:52:19.804071 25817 runtime_context.cpp:29] DecreaseCounter constructing_actor_cnt, current val is 560
I1012 15:52:19.804106 25804 runtime_context.cpp:29] DecreaseCounter constructing_actor_cnt, current val is 559
I1012 15:52:19.804214 25808 naive_actor.cpp:25] actor 2199023255556 switch to &NaiveActor::HandlerNormal
I1012 15:52:19.804268 25808 thread.cpp:96] Thread 1048576 construct Actor kNormalForward 2199023255556
I1012 15:52:19.804339 25808 runtime_context.cpp:29] DecreaseCounter constructing_actor_cnt, current val is 558
I1012 15:52:19.804527 25804 naive_actor.cpp:25] actor 1099614388327 switch to &NaiveActor::HandlerNormal
I1012 15:52:19.804574 25804 thread.cpp:96] Thread 524337 construct Actor kTick 1099614388327
I1012 15:52:19.804642 25804 runtime_context.cpp:29] DecreaseCounter constructing_actor_cnt, current val is 557
I1012 15:52:19.804957 25804 naive_actor.cpp:25] actor 1099614388301 switch to &NaiveActor::HandlerNormal
I1012 15:52:19.805009 25804 thread.cpp:96] Thread 524337 construct Actor kTick 1099614388301
I1012 15:52:19.805074 25804 runtime_context.cpp:29] DecreaseCounter constructing_actor_cnt, current val is 556
I1012 15:52:19.805369 25804 naive_actor.cpp:25] actor 1099614388311 switch to &NaiveActor::HandlerNormal
I1012 15:52:19.805410 25804 thread.cpp:96] Thread 524337 construct Actor kTick 1099614388311
I1012 15:52:19.805547 25804 runtime_context.cpp:29] DecreaseCounter constructing_actor_cnt, current val is 555
I1012 15:52:19.805878 25804 naive_actor.cpp:25] actor 1099614388328 switch to &NaiveActor::HandlerNormal
I1012 15:52:19.805924 25804 thread.cpp:96] Thread 524337 construct Actor kTick 1099614388328
I1012 15:52:19.805984 25804 runtime_context.cpp:29] DecreaseCounter constructing_actor_cnt, current val is 554
I1012 15:52:19.806015 25817 naive_actor.cpp:25] actor 2207613190160 switch to &NaiveActor::HandlerNormal
I1012 15:52:19.806072 25817 thread.cpp:96] Thread 1052672 construct Actor kNormalForward 2207613190160
I1012 15:52:19.806164 25817 runtime_context.cpp:29] DecreaseCounter constructing_actor_cnt, current val is 553
I1012 15:52:19.806268 25804 naive_actor.cpp:25] actor 1099614388314 switch to &NaiveActor::HandlerNormal
I1012 15:52:19.806314 25804 thread.cpp:96] Thread 524337 construct Actor kTick 1099614388314
I1012 15:52:19.806335 25808 naive_actor.cpp:25] actor 2199023255610 switch to &NaiveActor::HandlerNormal
I1012 15:52:19.806370 25804 runtime_context.cpp:29] DecreaseCounter constructing_actor_cnt, current val is 552
I1012 15:52:19.806391 25808 thread.cpp:96] Thread 1048576 construct Actor kNormalForward 2199023255610
I1012 15:52:19.806507 25808 runtime_context.cpp:29] DecreaseCounter constructing_actor_cnt, current val is 551
I1012 15:52:19.806744 25804 naive_actor.cpp:25] actor 1099614388302 switch to &NaiveActor::HandlerNormal
I1012 15:52:19.806830 25804 thread.cpp:96] Thread 524337 construct Actor kTick 1099614388302
I1012 15:52:19.806905 25804 runtime_context.cpp:29] DecreaseCounter constructing_actor_cnt, current val is 550
I1012 15:52:19.807241 25804 naive_actor.cpp:25] actor 1099614388329 switch to &NaiveActor::HandlerNormal
I1012 15:52:19.807251 25817 naive_actor.cpp:25] actor 2207613190201 switch to &NaiveActor::HandlerNormal
I1012 15:52:19.807291 25804 thread.cpp:96] Thread 524337 construct Actor kTick 1099614388329
I1012 15:52:19.807345 25817 thread.cpp:96] Thread 1052672 construct Actor kNormalForward 2207613190201
I1012 15:52:19.807406 25804 runtime_context.cpp:29] DecreaseCounter constructing_actor_cnt, current val is 549
I1012 15:52:19.807464 25817 runtime_context.cpp:29] DecreaseCounter constructing_actor_cnt, current val is 548
I1012 15:52:19.807657 25808 naive_actor.cpp:25] actor 2199023255580 switch to &NaiveActor::HandlerNormal
I1012 15:52:19.807715 25808 thread.cpp:96] Thread 1048576 construct Actor kNormalForward 2199023255580
I1012 15:52:19.807796 25808 runtime_context.cpp:29] DecreaseCounter constructing_actor_cnt, current val is 547
I1012 15:52:19.807823 25804 naive_actor.cpp:25] actor 1099614388332 switch to &NaiveActor::HandlerNormal
I1012 15:52:19.807876 25804 thread.cpp:96] Thread 524337 construct Actor kTick 1099614388332
I1012 15:52:19.807937 25804 runtime_context.cpp:29] DecreaseCounter constructing_actor_cnt, current val is 546
I1012 15:52:19.808234 25804 naive_actor.cpp:25] actor 1099614388300 switch to &NaiveActor::HandlerNormal
I1012 15:52:19.808281 25804 thread.cpp:96] Thread 524337 construct Actor kTick 1099614388300
I1012 15:52:19.808331 25804 runtime_context.cpp:29] DecreaseCounter constructing_actor_cnt, current val is 545
I1012 15:52:19.808635 25808 naive_actor.cpp:25] actor 2199023255581 switch to &NaiveActor::HandlerNormal
I1012 15:52:19.808689 25804 naive_actor.cpp:25] actor 1099614388305 switch to &NaiveActor::HandlerNormal
I1012 15:52:19.808697 25808 thread.cpp:96] Thread 1048576 construct Actor kNormalForward 2199023255581
I1012 15:52:19.808730 25804 thread.cpp:96] Thread 524337 construct Actor kTick 1099614388305
I1012 15:52:19.808799 25808 runtime_context.cpp:29] DecreaseCounter constructing_actor_cnt, current val is 544
I1012 15:52:19.808837 25804 runtime_context.cpp:29] DecreaseCounter constructing_actor_cnt, current val is 543
I1012 15:52:19.808871 25817 naive_actor.cpp:25] actor 2207613190184 switch to &NaiveActor::HandlerNormal
I1012 15:52:19.808943 25817 thread.cpp:96] Thread 1052672 construct Actor kNormalForward 2207613190184
I1012 15:52:19.809043 25817 runtime_context.cpp:29] DecreaseCounter constructing_actor_cnt, current val is 542
I1012 15:52:19.809170 25804 naive_actor.cpp:25] actor 1099614388330 switch to &NaiveActor::HandlerNormal
I1012 15:52:19.809218 25804 thread.cpp:96] Thread 524337 construct Actor kTick 1099614388330
I1012 15:52:19.809280 25804 runtime_context.cpp:29] DecreaseCounter constructing_actor_cnt, current val is 541
I1012 15:52:19.809535 25817 naive_actor.cpp:25] actor 2207613190183 switch to &NaiveActor::HandlerNormal
I1012 15:52:19.809590 25817 thread.cpp:96] Thread 1052672 construct Actor kNormalForward 2207613190183
I1012 15:52:19.809599 25804 naive_actor.cpp:25] actor 1099614388304 switch to &NaiveActor::HandlerNormal
I1012 15:52:19.809664 25804 thread.cpp:96] Thread 524337 construct Actor kTick 1099614388304
I1012 15:52:19.809674 25817 runtime_context.cpp:29] DecreaseCounter constructing_actor_cnt, current val is 540
I1012 15:52:19.809718 25804 runtime_context.cpp:29] DecreaseCounter constructing_actor_cnt, current val is 539
I1012 15:52:19.809731 25808 naive_actor.cpp:25] actor 2199023255604 switch to &NaiveActor::HandlerNormal
I1012 15:52:19.809813 25808 thread.cpp:96] Thread 1048576 construct Actor kNormalForward 2199023255604
I1012 15:52:19.809896 25808 runtime_context.cpp:29] DecreaseCounter constructing_actor_cnt, current val is 538
I1012 15:52:19.810075 25804 naive_actor.cpp:25] actor 1099614388310 switch to &NaiveActor::HandlerNormal
I1012 15:52:19.810144 25804 thread.cpp:96] Thread 524337 construct Actor kTick 1099614388310
I1012 15:52:19.810211 25804 runtime_context.cpp:29] DecreaseCounter constructing_actor_cnt, current val is 537
I1012 15:52:19.810586 25804 naive_actor.cpp:25] actor 1099614388309 switch to &NaiveActor::HandlerNormal
I1012 15:52:19.810632 25804 thread.cpp:96] Thread 524337 construct Actor kTick 1099614388309
I1012 15:52:19.810683 25804 runtime_context.cpp:29] DecreaseCounter constructing_actor_cnt, current val is 536
I1012 15:52:19.810803 25817 naive_actor.cpp:25] actor 2207613190194 switch to &NaiveActor::HandlerNormal
I1012 15:52:19.810863 25817 thread.cpp:96] Thread 1052672 construct Actor kNormalForward 2207613190194
I1012 15:52:19.810953 25817 runtime_context.cpp:29] DecreaseCounter constructing_actor_cnt, current val is 535
I1012 15:52:19.811226 25804 esac_actor.cpp:73] actor 1099614388334 switch to &EsacActor::HandlerNormal
I1012 15:52:19.811273 25804 thread.cpp:96] Thread 524337 construct Actor kEsac 1099614388334
I1012 15:52:19.811308 25808 naive_actor.cpp:25] actor 2199023255575 switch to &NaiveActor::HandlerNormal
I1012 15:52:19.811352 25804 runtime_context.cpp:29] DecreaseCounter constructing_actor_cnt, current val is 534
I1012 15:52:19.811357 25808 thread.cpp:96] Thread 1048576 construct Actor kNormalForward 2199023255575
I1012 15:52:19.811453 25808 runtime_context.cpp:29] DecreaseCounter constructing_actor_cnt, current val is 533
I1012 15:52:19.811722 25804 naive_actor.cpp:25] actor 1099614388331 switch to &NaiveActor::HandlerNormal
I1012 15:52:19.811777 25804 thread.cpp:96] Thread 524337 construct Actor kTick 1099614388331
I1012 15:52:19.811854 25804 runtime_context.cpp:29] DecreaseCounter constructing_actor_cnt, current val is 532
I1012 15:52:19.812224 25808 naive_actor.cpp:25] actor 2199023255595 switch to &NaiveActor::HandlerNormal
I1012 15:52:19.812250 25804 naive_actor.cpp:25] actor 1099614388325 switch to &NaiveActor::HandlerNormal
I1012 15:52:19.812283 25808 thread.cpp:96] Thread 1048576 construct Actor kNormalForward 2199023255595
I1012 15:52:19.812323 25817 naive_actor.cpp:25] actor 2207613190186 switch to &NaiveActor::HandlerNormal
I1012 15:52:19.812333 25804 thread.cpp:96] Thread 524337 construct Actor kTick 1099614388325
I1012 15:52:19.812388 25808 runtime_context.cpp:29] DecreaseCounter constructing_actor_cnt, current val is 531
I1012 15:52:19.812404 25817 thread.cpp:96] Thread 1052672 construct Actor kNormalForward 2207613190186
I1012 15:52:19.812480 25804 runtime_context.cpp:29] DecreaseCounter constructing_actor_cnt, current val is 530
I1012 15:52:19.812561 25817 runtime_context.cpp:29] DecreaseCounter constructing_actor_cnt, current val is 529
I1012 15:52:19.813323 25808 naive_actor.cpp:25] actor 2199023255618 switch to &NaiveActor::HandlerNormal
I1012 15:52:19.813380 25808 thread.cpp:96] Thread 1048576 construct Actor kNormalForward 2199023255618
I1012 15:52:19.813458 25808 runtime_context.cpp:29] DecreaseCounter constructing_actor_cnt, current val is 528
I1012 15:52:19.813714 25817 naive_actor.cpp:25] actor 2207613190161 switch to &NaiveActor::HandlerNormal
I1012 15:52:19.813796 25817 thread.cpp:96] Thread 1052672 construct Actor kNormalForward 2207613190161
I1012 15:52:19.813885 25817 runtime_context.cpp:29] DecreaseCounter constructing_actor_cnt, current val is 527
I1012 15:52:19.814226 25817 naive_actor.cpp:25] actor 2207613190185 switch to &NaiveActor::HandlerNormal
I1012 15:52:19.814278 25817 thread.cpp:96] Thread 1052672 construct Actor kNormalForward 2207613190185
I1012 15:52:19.814353 25817 runtime_context.cpp:29] DecreaseCounter constructing_actor_cnt, current val is 526
I1012 15:52:19.814791 25808 naive_actor.cpp:25] actor 2199023255603 switch to &NaiveActor::HandlerNormal
I1012 15:52:19.814850 25808 thread.cpp:96] Thread 1048576 construct Actor kNormalForward 2199023255603
I1012 15:52:19.814919 25808 runtime_context.cpp:29] DecreaseCounter constructing_actor_cnt, current val is 525
I1012 15:52:19.815413 25817 naive_actor.cpp:25] actor 2207613190209 switch to &NaiveActor::HandlerNormal
I1012 15:52:19.815522 25817 thread.cpp:96] Thread 1052672 construct Actor kNormalForward 2207613190209
I1012 15:52:19.815647 25817 runtime_context.cpp:29] DecreaseCounter constructing_actor_cnt, current val is 524
I1012 15:52:19.815886 25808 naive_actor.cpp:25] actor 2199023255601 switch to &NaiveActor::HandlerNormal
I1012 15:52:19.815945 25808 thread.cpp:96] Thread 1048576 construct Actor kNormalForward 2199023255601
I1012 15:52:19.816020 25808 runtime_context.cpp:29] DecreaseCounter constructing_actor_cnt, current val is 523
I1012 15:52:19.816042 25817 naive_actor.cpp:25] actor 2207613190178 switch to &NaiveActor::HandlerNormal
I1012 15:52:19.816102 25817 thread.cpp:96] Thread 1052672 construct Actor kNormalForward 2207613190178
I1012 15:52:19.816181 25817 runtime_context.cpp:29] DecreaseCounter constructing_actor_cnt, current val is 522
I1012 15:52:19.817237 25808 naive_actor.cpp:25] actor 2199023255578 switch to &NaiveActor::HandlerNormal
I1012 15:52:19.817306 25808 thread.cpp:96] Thread 1048576 construct Actor kNormalForward 2199023255578
I1012 15:52:19.817375 25808 runtime_context.cpp:29] DecreaseCounter constructing_actor_cnt, current val is 521
I1012 15:52:19.817631 25817 naive_actor.cpp:25] actor 2207613190202 switch to &NaiveActor::HandlerNormal
I1012 15:52:19.817695 25817 thread.cpp:96] Thread 1052672 construct Actor kNormalForward 2207613190202
I1012 15:52:19.817783 25817 runtime_context.cpp:29] DecreaseCounter constructing_actor_cnt, current val is 520
I1012 15:52:19.818243 25808 naive_actor.cpp:25] actor 2199023255643 switch to &NaiveActor::HandlerNormal
I1012 15:52:19.818300 25808 thread.cpp:96] Thread 1048576 construct Actor kNormalForward 2199023255643
I1012 15:52:19.818383 25808 runtime_context.cpp:29] DecreaseCounter constructing_actor_cnt, current val is 519
I1012 15:52:19.818704 25808 naive_actor.cpp:25] actor 2199023255600 switch to &NaiveActor::HandlerNormal
I1012 15:52:19.818758 25808 thread.cpp:96] Thread 1048576 construct Actor kNormalForward 2199023255600
I1012 15:52:19.818826 25808 runtime_context.cpp:29] DecreaseCounter constructing_actor_cnt, current val is 518
I1012 15:52:19.818898 25817 naive_actor.cpp:25] actor 2207613190232 switch to &NaiveActor::HandlerNormal
I1012 15:52:19.818956 25817 thread.cpp:96] Thread 1052672 construct Actor kNormalForward 2207613190232
I1012 15:52:19.819047 25817 runtime_context.cpp:29] DecreaseCounter constructing_actor_cnt, current val is 517
I1012 15:52:19.819839 25808 naive_actor.cpp:25] actor 2199023255592 switch to &NaiveActor::HandlerNormal
I1012 15:52:19.819892 25808 thread.cpp:96] Thread 1048576 construct Actor kNormalForward 2199023255592
I1012 15:52:19.819964 25808 runtime_context.cpp:29] DecreaseCounter constructing_actor_cnt, current val is 516
I1012 15:52:19.820222 25817 naive_actor.cpp:25] actor 2207613190156 switch to &NaiveActor::HandlerNormal
I1012 15:52:19.820277 25817 thread.cpp:96] Thread 1052672 construct Actor kNormalForward 2207613190156
I1012 15:52:19.820365 25817 runtime_context.cpp:29] DecreaseCounter constructing_actor_cnt, current val is 515
I1012 15:52:19.820793 25808 naive_actor.cpp:25] actor 2199023255638 switch to &NaiveActor::HandlerNormal
I1012 15:52:19.820842 25808 thread.cpp:96] Thread 1048576 construct Actor kNormalForward 2199023255638
I1012 15:52:19.820917 25808 runtime_context.cpp:29] DecreaseCounter constructing_actor_cnt, current val is 514
I1012 15:52:19.821375 25817 naive_actor.cpp:25] actor 2207613190256 switch to &NaiveActor::HandlerNormal
I1012 15:52:19.821441 25817 thread.cpp:96] Thread 1052672 construct Actor kNormalForward 2207613190256
I1012 15:52:19.821534 25817 runtime_context.cpp:29] DecreaseCounter constructing_actor_cnt, current val is 513
I1012 15:52:19.821830 25808 naive_actor.cpp:25] actor 2199023255633 switch to &NaiveActor::HandlerNormal
I1012 15:52:19.821882 25808 thread.cpp:96] Thread 1048576 construct Actor kNormalForward 2199023255633
I1012 15:52:19.821957 25808 runtime_context.cpp:29] DecreaseCounter constructing_actor_cnt, current val is 512
I1012 15:52:19.822402 25817 naive_actor.cpp:25] actor 2207613190180 switch to &NaiveActor::HandlerNormal
I1012 15:52:19.822482 25817 thread.cpp:96] Thread 1052672 construct Actor kNormalForward 2207613190180
I1012 15:52:19.822571 25817 runtime_context.cpp:29] DecreaseCounter constructing_actor_cnt, current val is 511
I1012 15:52:19.822918 25808 naive_actor.cpp:25] actor 2199023255640 switch to &NaiveActor::HandlerNormal
I1012 15:52:19.822978 25808 thread.cpp:96] Thread 1048576 construct Actor kNormalForward 2199023255640
I1012 15:52:19.822991 25817 naive_actor.cpp:25] actor 2207613190171 switch to &NaiveActor::HandlerNormal
I1012 15:52:19.823045 25808 runtime_context.cpp:29] DecreaseCounter constructing_actor_cnt, current val is 510
I1012 15:52:19.823047 25817 thread.cpp:96] Thread 1052672 construct Actor kNormalForward 2207613190171
I1012 15:52:19.823155 25817 runtime_context.cpp:29] DecreaseCounter constructing_actor_cnt, current val is 509
I1012 15:52:19.823539 25817 naive_actor.cpp:25] actor 2207613190204 switch to &NaiveActor::HandlerNormal
I1012 15:52:19.823601 25817 thread.cpp:96] Thread 1052672 construct Actor kNormalForward 2207613190204
I1012 15:52:19.823678 25817 runtime_context.cpp:29] DecreaseCounter constructing_actor_cnt, current val is 508
I1012 15:52:19.823792 25808 naive_actor.cpp:25] actor 2199023255657 switch to &NaiveActor::HandlerNormal
I1012 15:52:19.823840 25808 thread.cpp:96] Thread 1048576 construct Actor kNormalForward 2199023255657
I1012 15:52:19.823899 25808 runtime_context.cpp:29] DecreaseCounter constructing_actor_cnt, current val is 507
