Log file created at: 2021/10/13 09:54:05
Running on machine: oneflow-14
Log line format: [IWEF]mmdd hh:mm:ss.uuuuuu threadid file:line] msg
I1013 09:54:05.185407 25299 global.h:36] NewGlobal 14cudaDeviceProp
I1013 09:54:05.186223 25299 global.h:36] NewGlobal N7oneflow7EnvDescE
I1013 09:54:05.186239 25299 global.h:36] NewGlobal N7oneflow10ProcessCtxE
I1013 09:54:05.186247 25299 env_global_objects_scope.cpp:152] using rpc backend: local
I1013 09:54:05.186297 25299 global.h:36] NewGlobal N7oneflow12ResourceDescE
I1013 09:54:05.186308 25299 global.h:36] NewGlobal N7oneflow12ResourceDescE
I1013 09:54:05.253927 25299 global.h:36] NewGlobal N7oneflow10ThreadPoolE
I1013 09:54:05.255115 25299 global.h:36] NewGlobal N7oneflow16EagerNcclCommMgrE
I1013 09:54:05.255131 25299 global.h:36] NewGlobal N7oneflow18CudnnConvAlgoCacheE
I1013 09:54:05.255137 25299 global.h:36] NewGlobal N7oneflow2vm19VirtualMachineScopeE
I1013 09:54:05.255146 25299 global.h:36] NewGlobal N7oneflow9OneflowVME
I1013 09:54:05.255980 25299 oneflow_vm.cpp:75] transport stream type: N7oneflow2vm13CpuStreamTypeE
I1013 09:54:05.255996 25299 oneflow_vm.cpp:75] transport stream type: N7oneflow2vm14CudaStreamTypeE
I1013 09:54:05.256003 25299 oneflow_vm.cpp:75] transport stream type: N7oneflow2vm19AsyncCudaStreamTypeE
I1013 09:54:05.256139 25299 global.h:36] NewGlobal N7oneflow27EagerJobBuildAndInferCtxMgrE
I1013 09:54:05.256152 25299 global.h:36] NewGlobal N7oneflow12EpollCommNetE
I1013 09:54:05.256273 25299 epoll_comm_network.cpp:63] CommNet:Epoll listening on 0.0.0.0:43604
I1013 09:54:05.256306 25299 epoll_comm_network.cpp:197] machine 0 sockfd -1
I1013 09:54:05.256422 25299 global.h:36] NewGlobal N7oneflow9TransportE
I1013 09:54:05.257797 25299 global.h:43] DeleteGlobal N7oneflow12ResourceDescE
I1013 09:54:05.257824 25299 version.cpp:22] OneFlow git version: b295ca2324
I1013 09:54:05.257843 25299 device_register_gpu.cpp:56] CUDA runtime version: 11.2
I1013 09:54:05.257869 25299 device_register_gpu.cpp:65] cuDNN version: 8.1.1
I1013 09:54:05.257880 25299 device_register_gpu.cpp:78] NCCL version: 2.9.8
I1013 09:54:05.257889 25299 global.h:36] NewGlobal N7oneflow12ResourceDescE
I1013 09:54:05.257895 25299 global.h:36] NewGlobal N7oneflow5IDMgrE
I1013 09:54:05.257902 25299 global.h:36] NewGlobal N7oneflow16AvailableMemDescE
I1013 09:54:05.257928 25299 global.h:36] NewGlobal St13unordered_mapISslSt4hashISsESt8equal_toISsESaISt4pairIKSslEEE
I1013 09:54:05.257936 25299 global.h:36] NewGlobal N7oneflow19CriticalSectionDescE
I1013 09:54:05.257942 25299 global.h:36] NewGlobal N7oneflow16InterUserJobInfoE
I1013 09:54:05.257951 25299 global.h:36] NewGlobal N7oneflow26LazyJobBuildAndInferCtxMgrE
I1013 09:54:05.257956 25299 global.h:36] NewGlobal N7oneflow16JobSetCompileCtxE
I1013 09:54:05.257963 25299 global.h:36] NewGlobal N7oneflow26RuntimeBufferManagersScopeE
I1013 09:54:05.257970 25299 global.h:36] NewGlobal N7oneflow9BufferMgrIlEE
I1013 09:54:05.257977 25299 global.h:36] NewGlobal N7oneflow9BufferMgrISt10shared_ptrINS_11JobInstanceEEEE
I1013 09:54:05.257983 25299 global.h:36] NewGlobal N7oneflow10RuntimeCtxE
I1013 09:54:05.257989 25299 global.h:36] NewGlobal N7oneflow15MemoryAllocatorE
I1013 09:54:05.257997 25299 global.h:36] NewGlobal N7oneflow8ChunkMgrE
I1013 09:54:05.258002 25299 global.h:36] NewGlobal N7oneflow8RegstMgrE
I1013 09:54:05.258008 25299 global.h:36] NewGlobal N7oneflow11ActorMsgBusE
I1013 09:54:05.258014 25299 global.h:36] NewGlobal N7oneflow9ThreadMgrE
I1013 09:54:05.258020 25299 global.h:36] NewGlobal N7oneflow15RuntimeJobDescsE
I1013 09:54:05.258026 25299 global.h:36] NewGlobal N7oneflow7summary12EventsWriterE
I1013 09:54:05.258036 25299 global.h:36] NewGlobal N7oneflow6boxing10collective24CollectiveBoxingExecutorE
I1013 09:54:05.258042 25299 global.h:36] NewGlobal N7oneflow6boxing10collective31CollectiveBoxingDeviceCtxPollerE
I1013 09:54:05.258172 25299 session.h:77] NewGlobal N7oneflow25SessionGlobalObjectsScopeE
I1013 09:54:05.258901 25299 global.h:36] NewGlobal N7oneflow7JobDescE
I1013 09:54:05.635327 25299 global.h:43] DeleteGlobal N7oneflow7JobDescE
I1013 09:54:05.635514 25299 global.h:36] NewGlobal N7oneflow7JobDescE
I1013 09:54:05.638415 25299 global.h:36] NewGlobal N7oneflow7OpGraphE
I1013 09:54:05.642452 25299 global.h:43] DeleteGlobal N7oneflow7OpGraphE
I1013 09:54:05.811328 25299 global.h:43] DeleteGlobal N7oneflow7JobDescE
I1013 09:54:05.828399 25299 global.h:36] NewGlobal N7oneflow24InterJobReuseMemStrategyE
I1013 09:54:05.828435 25299 global.h:36] NewGlobal N7oneflow7OneflowE
I1013 09:54:05.842722 25299 global.h:36] NewGlobal N7oneflow7JobDescE
I1013 09:54:06.048770 25299 global.h:36] NewGlobal N7oneflow7OpGraphE
I1013 09:54:06.122848 25299 global.h:43] DeleteGlobal N7oneflow7OpGraphE
I1013 09:54:06.133822 25299 oneflow.cpp:210] 
job_id: 0 , job_name: train_job , compile time: 0.29102 seconds.
I1013 09:54:06.188776 25299 global.h:43] DeleteGlobal N7oneflow7JobDescE
I1013 09:54:06.189087 25299 global.h:36] NewGlobal N7oneflow7JobDescE
I1013 09:54:06.235123 25299 global.h:36] NewGlobal N7oneflow7OpGraphE
I1013 09:54:06.251704 25299 global.h:43] DeleteGlobal N7oneflow7OpGraphE
I1013 09:54:06.256563 25299 oneflow.cpp:210] 
job_id: 1 , job_name: System-ModelInit , compile time: 0.0673208 seconds.
I1013 09:54:06.268103 25299 global.h:43] DeleteGlobal N7oneflow7JobDescE
I1013 09:54:06.268131 25299 global.h:36] NewGlobal N7oneflow7JobDescE
I1013 09:54:06.312788 25299 global.h:36] NewGlobal N7oneflow7OpGraphE
I1013 09:54:06.329800 25299 global.h:43] DeleteGlobal N7oneflow7OpGraphE
I1013 09:54:06.334504 25299 oneflow.cpp:210] 
job_id: 2 , job_name: System-ModelLoad , compile time: 0.0663552 seconds.
I1013 09:54:06.346468 25299 global.h:43] DeleteGlobal N7oneflow7JobDescE
I1013 09:54:06.346494 25299 global.h:36] NewGlobal N7oneflow7JobDescE
I1013 09:54:06.390537 25299 global.h:36] NewGlobal N7oneflow7OpGraphE
I1013 09:54:06.407445 25299 global.h:43] DeleteGlobal N7oneflow7OpGraphE
I1013 09:54:06.412192 25299 oneflow.cpp:210] 
job_id: 3 , job_name: System-ModelSave , compile time: 0.0656799 seconds.
I1013 09:54:06.424137 25299 global.h:43] DeleteGlobal N7oneflow7JobDescE
I1013 09:54:06.424181 25299 global.h:36] NewGlobal N7oneflow7JobDescE
I1013 09:54:06.432538 25299 global.h:36] NewGlobal N7oneflow7OpGraphE
I1013 09:54:06.436252 25299 global.h:43] DeleteGlobal N7oneflow7OpGraphE
I1013 09:54:06.438047 25299 oneflow.cpp:210] 
job_id: 4 , job_name: System-Pull-Return_22 , compile time: 0.0138468 seconds.
I1013 09:54:06.441553 25299 global.h:43] DeleteGlobal N7oneflow7JobDescE
I1013 09:54:06.445802 25299 global.h:36] NewGlobal N7oneflow7JobDescE
I1013 09:54:06.445835 25299 global.h:36] NewGlobal N7oneflow7OpGraphE
I1013 09:54:06.451346 25299 global.h:43] DeleteGlobal N7oneflow7OpGraphE
I1013 09:54:06.454821 25299 oneflow.cpp:210] 
job_id: 5 , job_name: MainJob-unamed , compile time: 0.00899558 seconds.
I1013 09:54:06.461809 25299 global.h:43] DeleteGlobal N7oneflow7JobDescE
I1013 09:54:06.464215 25299 plan_util.cpp:928]  Plan: merged_plan needs to allocate [ 374.897 MiB ] device memory in Rank: 0 , Device: 0
I1013 09:54:06.567713 25299 oneflow.cpp:998]  PushPlan merged_plan time: 0.0102441 seconds.
I1013 09:54:06.596241 25299 oneflow.cpp:1014]  PullPlan merged_plan time: 0.0243663 seconds.
I1013 09:54:08.521508 25299 runtime_context.cpp:21] NewCounter constructing_actor_cnt 400
I1013 09:54:08.522486 25840 naive_actor.cpp:25] actor 2199023255700 switch to &NaiveActor::HandlerNormal
I1013 09:54:08.522526 25836 naive_actor.cpp:25] actor 1099614388228 switch to &NaiveActor::HandlerNormal
I1013 09:54:08.522576 25840 thread.cpp:96] Thread 1048576 construct Actor kDeviceTick 2199023255700
I1013 09:54:08.522713 25836 thread.cpp:96] Thread 524337 construct Actor kDeviceTick 1099614388228
I1013 09:54:08.522876 25837 wait_and_send_ids_actor.cpp:53] actor 1099616485376 switch to &WaitAndSendIdsActor::HandlerWaitToStart
I1013 09:54:08.522970 25840 runtime_context.cpp:29] DecreaseCounter constructing_actor_cnt, current val is 399
I1013 09:54:08.522995 25836 runtime_context.cpp:29] DecreaseCounter constructing_actor_cnt, current val is 398
I1013 09:54:08.522972 25837 thread.cpp:96] Thread 524338 construct Actor kWaitAndSendIds 1099616485376
I1013 09:54:08.523247 25836 naive_actor.cpp:25] actor 1099614388235 switch to &NaiveActor::HandlerNormal
I1013 09:54:08.523285 25837 runtime_context.cpp:29] DecreaseCounter constructing_actor_cnt, current val is 397
I1013 09:54:08.523320 25840 naive_actor.cpp:25] actor 2199023255739 switch to &NaiveActor::HandlerNormal
I1013 09:54:08.523326 25836 thread.cpp:96] Thread 524337 construct Actor kDeviceTick 1099614388235
I1013 09:54:08.523394 25840 thread.cpp:96] Thread 1048576 construct Actor kDeviceTick 2199023255739
I1013 09:54:08.523468 25836 runtime_context.cpp:29] DecreaseCounter constructing_actor_cnt, current val is 396
I1013 09:54:08.523488 25840 runtime_context.cpp:29] DecreaseCounter constructing_actor_cnt, current val is 395
I1013 09:54:08.523723 25836 naive_actor.cpp:25] actor 1099614388245 switch to &NaiveActor::HandlerNormal
I1013 09:54:08.523744 25840 naive_actor.cpp:25] actor 2199023255778 switch to &NaiveActor::HandlerNormal
I1013 09:54:08.523790 25836 thread.cpp:96] Thread 524337 construct Actor kDeviceTick 1099614388245
I1013 09:54:08.523823 25840 thread.cpp:96] Thread 1048576 construct Actor kDeviceTick 2199023255778
I1013 09:54:08.523893 25836 runtime_context.cpp:29] DecreaseCounter constructing_actor_cnt, current val is 394
I1013 09:54:08.523913 25840 runtime_context.cpp:29] DecreaseCounter constructing_actor_cnt, current val is 393
I1013 09:54:08.524173 25840 naive_actor.cpp:25] actor 2199023255817 switch to &NaiveActor::HandlerNormal
I1013 09:54:08.524178 25836 naive_actor.cpp:25] actor 1099614388254 switch to &NaiveActor::HandlerNormal
I1013 09:54:08.524227 25840 thread.cpp:96] Thread 1048576 construct Actor kDeviceTick 2199023255817
I1013 09:54:08.524260 25836 thread.cpp:96] Thread 524337 construct Actor kDeviceTick 1099614388254
I1013 09:54:08.524317 25840 runtime_context.cpp:29] DecreaseCounter constructing_actor_cnt, current val is 392
I1013 09:54:08.524335 25836 runtime_context.cpp:29] DecreaseCounter constructing_actor_cnt, current val is 391
I1013 09:54:08.524597 25836 naive_actor.cpp:25] actor 1099614388263 switch to &NaiveActor::HandlerNormal
I1013 09:54:08.524632 25836 thread.cpp:96] Thread 524337 construct Actor kDeviceTick 1099614388263
I1013 09:54:08.524682 25836 runtime_context.cpp:29] DecreaseCounter constructing_actor_cnt, current val is 390
I1013 09:54:08.524902 25836 naive_actor.cpp:25] actor 1099614388271 switch to &NaiveActor::HandlerNormal
I1013 09:54:08.524935 25836 thread.cpp:96] Thread 524337 construct Actor kDeviceTick 1099614388271
I1013 09:54:08.524982 25836 runtime_context.cpp:29] DecreaseCounter constructing_actor_cnt, current val is 389
I1013 09:54:08.525218 25836 naive_actor.cpp:25] actor 1099614388278 switch to &NaiveActor::HandlerNormal
I1013 09:54:08.525251 25836 thread.cpp:96] Thread 524337 construct Actor kDeviceTick 1099614388278
I1013 09:54:08.525302 25836 runtime_context.cpp:29] DecreaseCounter constructing_actor_cnt, current val is 388
I1013 09:54:08.532593 25834 naive_actor.cpp:25] actor 1099568250880 switch to &NaiveActor::HandlerNormal
I1013 09:54:08.532627 25821 naive_actor.cpp:25] actor 1099540987904 switch to &NaiveActor::HandlerNormal
I1013 09:54:08.532804 25829 naive_actor.cpp:25] actor 1099557765120 switch to &NaiveActor::HandlerNormal
I1013 09:54:08.532879 25828 naive_actor.cpp:25] actor 1099555667968 switch to &NaiveActor::HandlerNormal
I1013 09:54:08.532770 25838 sink_actor.cpp:21] actor 1099618582528 switch to &SinkActor::HandlerNormal
I1013 09:54:08.532675 25818 naive_actor.cpp:25] actor 1099534696448 switch to &NaiveActor::HandlerNormal
I1013 09:54:08.532829 25821 thread.cpp:96] Thread 524302 construct Actor kNormalForward 1099540987904
I1013 09:54:08.533213 25835 naive_actor.cpp:25] actor 1099570348032 switch to &NaiveActor::HandlerNormal
I1013 09:54:08.532753 25834 thread.cpp:96] Thread 524315 construct Actor kNormalForward 1099568250880
I1013 09:54:08.532896 25829 thread.cpp:96] Thread 524310 construct Actor kNormalForward 1099557765120
I1013 09:54:08.532929 25842 naive_actor.cpp:25] actor 2199025352706 switch to &NaiveActor::HandlerNormal
I1013 09:54:08.533583 25829 runtime_context.cpp:29] DecreaseCounter constructing_actor_cnt, current val is 385
I1013 09:54:08.533738 25840 naive_actor.cpp:25] actor 2199023255583 switch to &NaiveActor::HandlerNormal
I1013 09:54:08.533812 25824 naive_actor.cpp:25] actor 1099547279360 switch to &NaiveActor::HandlerNormal
I1013 09:54:08.533891 25811 naive_actor.cpp:25] actor 1099520016384 switch to &NaiveActor::HandlerNormal
I1013 09:54:08.533951 25811 thread.cpp:96] Thread 524292 construct Actor kNormalForward 1099520016384
I1013 09:54:08.533062 25830 naive_actor.cpp:25] actor 1099559862272 switch to &NaiveActor::HandlerNormal
I1013 09:54:08.533080 25827 naive_actor.cpp:25] actor 1099553570816 switch to &NaiveActor::HandlerNormal
I1013 09:54:08.534081 25810 naive_actor.cpp:25] actor 1099517919232 switch to &NaiveActor::HandlerNormal
I1013 09:54:08.534231 25813 naive_actor.cpp:25] actor 1099524210688 switch to &NaiveActor::HandlerNormal
I1013 09:54:08.534283 25815 naive_actor.cpp:25] actor 1099528404992 switch to &NaiveActor::HandlerNormal
I1013 09:54:08.534421 25815 thread.cpp:96] Thread 524296 construct Actor kNormalForward 1099528404992
I1013 09:54:08.532845 25820 naive_actor.cpp:25] actor 1099538890752 switch to &NaiveActor::HandlerNormal
I1013 09:54:08.533294 25821 runtime_context.cpp:29] DecreaseCounter constructing_actor_cnt, current val is 387
I1013 09:54:08.533361 25823 naive_actor.cpp:25] actor 1099545182208 switch to &NaiveActor::HandlerNormal
I1013 09:54:08.534718 25823 thread.cpp:96] Thread 524304 construct Actor kNormalForward 1099545182208
I1013 09:54:08.533388 25825 naive_actor.cpp:25] actor 1099549376512 switch to &NaiveActor::HandlerNormal
I1013 09:54:08.534809 25825 thread.cpp:96] Thread 524306 construct Actor kForeignInput 1099549376512
I1013 09:54:08.533494 25834 runtime_context.cpp:29] DecreaseCounter constructing_actor_cnt, current val is 386
I1013 09:54:08.533529 25831 naive_actor.cpp:25] actor 1099561959424 switch to &NaiveActor::HandlerNormal
I1013 09:54:08.535293 25831 thread.cpp:96] Thread 524312 construct Actor kForeignInput 1099561959424
I1013 09:54:08.533597 25842 thread.cpp:96] Thread 1048577 construct Actor kSliceBoxing 2199025352706
I1013 09:54:08.532898 25817 naive_actor.cpp:25] actor 1099532599296 switch to &NaiveActor::HandlerNormal
I1013 09:54:08.532995 25828 thread.cpp:96] Thread 524309 construct Actor kForeignInput 1099555667968
I1013 09:54:08.533829 25840 thread.cpp:96] Thread 1048576 construct Actor kNormalForward 2199023255583
I1013 09:54:08.533067 25838 thread.cpp:96] Thread 524339 construct Actor kCallbackNotify 1099618582528
I1013 09:54:08.535557 25828 runtime_context.cpp:29] DecreaseCounter constructing_actor_cnt, current val is 378
I1013 09:54:08.533900 25816 naive_actor.cpp:25] actor 1099530502144 switch to &NaiveActor::HandlerNormal
I1013 09:54:08.535642 25816 thread.cpp:96] Thread 524297 construct Actor kNormalForward 1099530502144
I1013 09:54:08.533944 25814 naive_actor.cpp:25] actor 1099526307840 switch to &NaiveActor::HandlerNormal
I1013 09:54:08.535746 25816 runtime_context.cpp:29] DecreaseCounter constructing_actor_cnt, current val is 375
I1013 09:54:08.535769 25814 thread.cpp:96] Thread 524295 construct Actor kNormalForward 1099526307840
I1013 09:54:08.533066 25819 naive_actor.cpp:25] actor 1099536793600 switch to &NaiveActor::HandlerNormal
I1013 09:54:08.535858 25814 runtime_context.cpp:29] DecreaseCounter constructing_actor_cnt, current val is 374
I1013 09:54:08.534044 25830 thread.cpp:96] Thread 524311 construct Actor kNormalForward 1099559862272
I1013 09:54:08.533120 25836 naive_actor.cpp:25] actor 1099614388240 switch to &NaiveActor::HandlerNormal
I1013 09:54:08.535993 25836 thread.cpp:96] Thread 524337 construct Actor kTick 1099614388240
I1013 09:54:08.533143 25844 naive_actor.cpp:25] actor 2199027449858 switch to &NaiveActor::HandlerNormal
I1013 09:54:08.536144 25844 thread.cpp:96] Thread 1048578 construct Actor kCopyHd 2199027449858
I1013 09:54:08.534260 25810 thread.cpp:96] Thread 524291 construct Actor kNormalForward 1099517919232
I1013 09:54:08.534301 25822 naive_actor.cpp:25] actor 1099543085056 switch to &NaiveActor::HandlerNormal
I1013 09:54:08.534337 25813 thread.cpp:96] Thread 524294 construct Actor kNormalForward 1099524210688
I1013 09:54:08.533169 25818 thread.cpp:96] Thread 524299 construct Actor kNormalForward 1099534696448
I1013 09:54:08.533195 25832 naive_actor.cpp:25] actor 1099564056576 switch to &NaiveActor::HandlerNormal
I1013 09:54:08.534559 25815 runtime_context.cpp:29] DecreaseCounter constructing_actor_cnt, current val is 383
I1013 09:54:08.534601 25820 thread.cpp:96] Thread 524301 construct Actor kNormalForward 1099538890752
I1013 09:54:08.533371 25826 naive_actor.cpp:25] actor 1099551473664 switch to &NaiveActor::HandlerNormal
I1013 09:54:08.536993 25820 runtime_context.cpp:29] DecreaseCounter constructing_actor_cnt, current val is 367
I1013 09:54:08.537019 25826 thread.cpp:96] Thread 524307 construct Actor kNormalForward 1099551473664
I1013 09:54:08.534829 25823 runtime_context.cpp:29] DecreaseCounter constructing_actor_cnt, current val is 382
I1013 09:54:08.533372 25835 thread.cpp:96] Thread 524316 construct Actor kForeignOutput 1099570348032
I1013 09:54:08.532941 25833 naive_actor.cpp:25] actor 1099566153728 switch to &NaiveActor::HandlerNormal
I1013 09:54:08.537182 25835 runtime_context.cpp:29] DecreaseCounter constructing_actor_cnt, current val is 365
I1013 09:54:08.537207 25833 thread.cpp:96] Thread 524314 construct Actor kNormalForward 1099566153728
I1013 09:54:08.535404 25831 runtime_context.cpp:29] DecreaseCounter constructing_actor_cnt, current val is 379
I1013 09:54:08.537297 25833 runtime_context.cpp:29] DecreaseCounter constructing_actor_cnt, current val is 364
I1013 09:54:08.535456 25817 thread.cpp:96] Thread 524298 construct Actor kNormalForward 1099532599296
I1013 09:54:08.535609 25838 runtime_context.cpp:29] DecreaseCounter constructing_actor_cnt, current val is 377
I1013 09:54:08.535612 25840 runtime_context.cpp:29] DecreaseCounter constructing_actor_cnt, current val is 376
I1013 09:54:08.533905 25824 thread.cpp:96] Thread 524305 construct Actor kNormalForward 1099547279360
I1013 09:54:08.533991 25812 naive_actor.cpp:25] actor 1099522113536 switch to &NaiveActor::HandlerNormal
I1013 09:54:08.537710 25807 naive_actor.cpp:25] actor 1099511627776 switch to &NaiveActor::HandlerNormal
I1013 09:54:08.534049 25811 runtime_context.cpp:29] DecreaseCounter constructing_actor_cnt, current val is 384
I1013 09:54:08.534082 25827 thread.cpp:96] Thread 524308 construct Actor kNormalForward 1099553570816
I1013 09:54:08.535995 25830 runtime_context.cpp:29] DecreaseCounter constructing_actor_cnt, current val is 373
I1013 09:54:08.537937 25827 runtime_context.cpp:29] DecreaseCounter constructing_actor_cnt, current val is 361
I1013 09:54:08.534181 25809 naive_actor.cpp:25] actor 1099515822080 switch to &NaiveActor::HandlerNormal
I1013 09:54:08.538045 25809 thread.cpp:96] Thread 524290 construct Actor kNormalForward 1099515822080
I1013 09:54:08.536440 25822 thread.cpp:96] Thread 524303 construct Actor kNormalForward 1099543085056
I1013 09:54:08.538151 25809 runtime_context.cpp:29] DecreaseCounter constructing_actor_cnt, current val is 360
I1013 09:54:08.536451 25810 runtime_context.cpp:29] DecreaseCounter constructing_actor_cnt, current val is 370
I1013 09:54:08.536682 25818 runtime_context.cpp:29] DecreaseCounter constructing_actor_cnt, current val is 368
I1013 09:54:08.536772 25832 thread.cpp:96] Thread 524313 construct Actor kNormalForward 1099564056576
I1013 09:54:08.534896 25825 runtime_context.cpp:29] DecreaseCounter constructing_actor_cnt, current val is 381
I1013 09:54:08.537106 25826 runtime_context.cpp:29] DecreaseCounter constructing_actor_cnt, current val is 366
I1013 09:54:08.535395 25842 runtime_context.cpp:29] DecreaseCounter constructing_actor_cnt, current val is 380
I1013 09:54:08.537410 25817 runtime_context.cpp:29] DecreaseCounter constructing_actor_cnt, current val is 363
I1013 09:54:08.537567 25808 naive_actor.cpp:25] actor 1099513724928 switch to &NaiveActor::HandlerNormal
I1013 09:54:08.537670 25824 runtime_context.cpp:29] DecreaseCounter constructing_actor_cnt, current val is 362
I1013 09:54:08.538769 25842 naive_actor.cpp:25] actor 2199025352707 switch to &NaiveActor::HandlerNormal
I1013 09:54:08.537716 25812 thread.cpp:96] Thread 524293 construct Actor kNormalForward 1099522113536
I1013 09:54:08.537752 25807 thread.cpp:96] Thread 524288 construct Actor kNormalForward 1099511627776
I1013 09:54:08.538924 25812 runtime_context.cpp:29] DecreaseCounter constructing_actor_cnt, current val is 357
I1013 09:54:08.535857 25819 thread.cpp:96] Thread 524300 construct Actor kNormalForward 1099536793600
I1013 09:54:08.538995 25807 runtime_context.cpp:29] DecreaseCounter constructing_actor_cnt, current val is 356
I1013 09:54:08.537919 25840 naive_actor.cpp:25] actor 2199023255558 switch to &NaiveActor::HandlerNormal
I1013 09:54:08.539063 25819 runtime_context.cpp:29] DecreaseCounter constructing_actor_cnt, current val is 355
I1013 09:54:08.539088 25840 thread.cpp:96] Thread 1048576 construct Actor kNormalForward 2199023255558
I1013 09:54:08.536197 25844 runtime_context.cpp:29] DecreaseCounter constructing_actor_cnt, current val is 371
I1013 09:54:08.539171 25840 runtime_context.cpp:29] DecreaseCounter constructing_actor_cnt, current val is 354
I1013 09:54:08.536561 25813 runtime_context.cpp:29] DecreaseCounter constructing_actor_cnt, current val is 369
I1013 09:54:08.538192 25822 runtime_context.cpp:29] DecreaseCounter constructing_actor_cnt, current val is 359
I1013 09:54:08.538437 25832 runtime_context.cpp:29] DecreaseCounter constructing_actor_cnt, current val is 358
I1013 09:54:08.538602 25808 thread.cpp:96] Thread 524289 construct Actor kNormalForward 1099513724928
I1013 09:54:08.538812 25842 thread.cpp:96] Thread 1048577 construct Actor kSliceBoxing 2199025352707
I1013 09:54:08.536095 25836 runtime_context.cpp:29] DecreaseCounter constructing_actor_cnt, current val is 372
I1013 09:54:08.539752 25808 runtime_context.cpp:29] DecreaseCounter constructing_actor_cnt, current val is 353
I1013 09:54:08.539299 25844 naive_actor.cpp:25] actor 2199027449857 switch to &NaiveActor::HandlerNormal
I1013 09:54:08.539747 25842 runtime_context.cpp:29] DecreaseCounter constructing_actor_cnt, current val is 352
I1013 09:54:08.539908 25844 thread.cpp:96] Thread 1048578 construct Actor kCopyHd 2199027449857
I1013 09:54:08.540002 25844 runtime_context.cpp:29] DecreaseCounter constructing_actor_cnt, current val is 351
I1013 09:54:08.540055 25842 naive_actor.cpp:25] actor 2199025352704 switch to &NaiveActor::HandlerNormal
I1013 09:54:08.540086 25842 thread.cpp:96] Thread 1048577 construct Actor kSliceBoxing 2199025352704
I1013 09:54:08.540127 25842 runtime_context.cpp:29] DecreaseCounter constructing_actor_cnt, current val is 350
I1013 09:54:08.540225 25844 naive_actor.cpp:25] actor 2199027449856 switch to &NaiveActor::HandlerNormal
I1013 09:54:08.540263 25842 naive_actor.cpp:25] actor 2199025352708 switch to &NaiveActor::HandlerNormal
I1013 09:54:08.540271 25844 thread.cpp:96] Thread 1048578 construct Actor kCopyHd 2199027449856
I1013 09:54:08.540293 25842 thread.cpp:96] Thread 1048577 construct Actor kCopyHd 2199025352708
I1013 09:54:08.540313 25836 naive_actor.cpp:25] actor 1099614388239 switch to &NaiveActor::HandlerNormal
I1013 09:54:08.540342 25842 runtime_context.cpp:29] DecreaseCounter constructing_actor_cnt, current val is 348
I1013 09:54:08.540366 25836 thread.cpp:96] Thread 524337 construct Actor kDstSubsetTick 1099614388239
I1013 09:54:08.540340 25844 runtime_context.cpp:29] DecreaseCounter constructing_actor_cnt, current val is 349
I1013 09:54:08.540468 25836 runtime_context.cpp:29] DecreaseCounter constructing_actor_cnt, current val is 347
I1013 09:54:08.540490 25840 naive_actor.cpp:25] actor 2199023255554 switch to &NaiveActor::HandlerNormal
I1013 09:54:08.540517 25842 naive_actor.cpp:25] actor 2199025352705 switch to &NaiveActor::HandlerNormal
I1013 09:54:08.540614 25840 thread.cpp:96] Thread 1048576 construct Actor kNormalForward 2199023255554
I1013 09:54:08.540671 25842 thread.cpp:96] Thread 1048577 construct Actor kSliceBoxing 2199025352705
I1013 09:54:08.540779 25840 runtime_context.cpp:29] DecreaseCounter constructing_actor_cnt, current val is 346
I1013 09:54:08.540834 25842 runtime_context.cpp:29] DecreaseCounter constructing_actor_cnt, current val is 345
I1013 09:54:08.540946 25842 naive_actor.cpp:25] actor 2199025352709 switch to &NaiveActor::HandlerNormal
I1013 09:54:08.540952 25836 naive_actor.cpp:25] actor 1099614388238 switch to &NaiveActor::HandlerNormal
I1013 09:54:08.540977 25842 thread.cpp:96] Thread 1048577 construct Actor kCopyHd 2199025352709
I1013 09:54:08.541004 25836 thread.cpp:96] Thread 524337 construct Actor kTick 1099614388238
I1013 09:54:08.541034 25842 runtime_context.cpp:29] DecreaseCounter constructing_actor_cnt, current val is 344
I1013 09:54:08.541093 25836 runtime_context.cpp:29] DecreaseCounter constructing_actor_cnt, current val is 343
I1013 09:54:08.541141 25842 naive_actor.cpp:25] actor 2199025352710 switch to &NaiveActor::HandlerNormal
I1013 09:54:08.541168 25842 thread.cpp:96] Thread 1048577 construct Actor kCopyHd 2199025352710
I1013 09:54:08.541167 25840 naive_actor.cpp:25] actor 2199023255587 switch to &NaiveActor::HandlerNormal
I1013 09:54:08.541209 25842 runtime_context.cpp:29] DecreaseCounter constructing_actor_cnt, current val is 342
I1013 09:54:08.541235 25840 thread.cpp:96] Thread 1048576 construct Actor kNormalForward 2199023255587
I1013 09:54:08.541309 25840 runtime_context.cpp:29] DecreaseCounter constructing_actor_cnt, current val is 341
I1013 09:54:08.541481 25836 naive_actor.cpp:25] actor 1099614388226 switch to &NaiveActor::HandlerNormal
I1013 09:54:08.541534 25836 thread.cpp:96] Thread 524337 construct Actor kDeviceTick 1099614388226
I1013 09:54:08.541595 25836 runtime_context.cpp:29] DecreaseCounter constructing_actor_cnt, current val is 340
I1013 09:54:08.541908 25836 naive_actor.cpp:25] actor 1099614388230 switch to &NaiveActor::HandlerNormal
I1013 09:54:08.541960 25836 thread.cpp:96] Thread 524337 construct Actor kTick 1099614388230
I1013 09:54:08.542018 25836 runtime_context.cpp:29] DecreaseCounter constructing_actor_cnt, current val is 339
I1013 09:54:08.542266 25840 naive_actor.cpp:25] actor 2199023255590 switch to &NaiveActor::HandlerNormal
I1013 09:54:08.542317 25836 naive_actor.cpp:25] actor 1099614388236 switch to &NaiveActor::HandlerNormal
I1013 09:54:08.542321 25840 thread.cpp:96] Thread 1048576 construct Actor kNormalForward 2199023255590
I1013 09:54:08.542356 25836 thread.cpp:96] Thread 524337 construct Actor kSrcSubsetTick 1099614388236
I1013 09:54:08.542445 25840 runtime_context.cpp:29] DecreaseCounter constructing_actor_cnt, current val is 338
I1013 09:54:08.542449 25836 runtime_context.cpp:29] DecreaseCounter constructing_actor_cnt, current val is 337
I1013 09:54:08.542779 25836 naive_actor.cpp:25] actor 1099614388232 switch to &NaiveActor::HandlerNormal
I1013 09:54:08.542834 25836 thread.cpp:96] Thread 524337 construct Actor kTick 1099614388232
I1013 09:54:08.542902 25836 runtime_context.cpp:29] DecreaseCounter constructing_actor_cnt, current val is 336
I1013 09:54:08.543195 25840 naive_actor.cpp:25] actor 2199023255629 switch to &NaiveActor::HandlerNormal
I1013 09:54:08.543252 25840 thread.cpp:96] Thread 1048576 construct Actor kNormalForward 2199023255629
I1013 09:54:08.543323 25840 runtime_context.cpp:29] DecreaseCounter constructing_actor_cnt, current val is 335
I1013 09:54:08.543380 25836 esac_actor.cpp:73] actor 1099614388323 switch to &EsacActor::HandlerNormal
I1013 09:54:08.543438 25836 thread.cpp:96] Thread 524337 construct Actor kEsac 1099614388323
I1013 09:54:08.543522 25836 runtime_context.cpp:29] DecreaseCounter constructing_actor_cnt, current val is 334
I1013 09:54:08.543843 25836 naive_actor.cpp:25] actor 1099614388234 switch to &NaiveActor::HandlerNormal
I1013 09:54:08.543896 25836 thread.cpp:96] Thread 524337 construct Actor kTick 1099614388234
I1013 09:54:08.543965 25836 runtime_context.cpp:29] DecreaseCounter constructing_actor_cnt, current val is 333
I1013 09:54:08.544194 25840 naive_actor.cpp:25] actor 2199023255570 switch to &NaiveActor::HandlerNormal
I1013 09:54:08.544287 25836 naive_actor.cpp:25] actor 1099614388225 switch to &NaiveActor::HandlerNormal
I1013 09:54:08.544287 25840 thread.cpp:96] Thread 1048576 construct Actor kNormalForward 2199023255570
I1013 09:54:08.544332 25836 thread.cpp:96] Thread 524337 construct Actor kDeviceTick 1099614388225
I1013 09:54:08.544399 25840 runtime_context.cpp:29] DecreaseCounter constructing_actor_cnt, current val is 332
I1013 09:54:08.544461 25836 runtime_context.cpp:29] DecreaseCounter constructing_actor_cnt, current val is 331
I1013 09:54:08.544800 25836 naive_actor.cpp:25] actor 1099614388227 switch to &NaiveActor::HandlerNormal
I1013 09:54:08.544849 25836 thread.cpp:96] Thread 524337 construct Actor kSrcSubsetTick 1099614388227
I1013 09:54:08.544904 25836 runtime_context.cpp:29] DecreaseCounter constructing_actor_cnt, current val is 330
I1013 09:54:08.545184 25836 naive_actor.cpp:25] actor 1099614388320 switch to &NaiveActor::HandlerNormal
I1013 09:54:08.545233 25836 thread.cpp:96] Thread 524337 construct Actor kTick 1099614388320
I1013 09:54:08.545287 25836 runtime_context.cpp:29] DecreaseCounter constructing_actor_cnt, current val is 329
I1013 09:54:08.545292 25840 naive_actor.cpp:25] actor 2199023255578 switch to &NaiveActor::HandlerNormal
I1013 09:54:08.545353 25840 thread.cpp:96] Thread 1048576 construct Actor kNormalForward 2199023255578
I1013 09:54:08.545449 25840 runtime_context.cpp:29] DecreaseCounter constructing_actor_cnt, current val is 328
I1013 09:54:08.545630 25836 naive_actor.cpp:25] actor 1099614388224 switch to &NaiveActor::HandlerNormal
I1013 09:54:08.545678 25836 thread.cpp:96] Thread 524337 construct Actor kDeviceTick 1099614388224
I1013 09:54:08.545750 25836 runtime_context.cpp:29] DecreaseCounter constructing_actor_cnt, current val is 327
I1013 09:54:08.545778 25840 naive_actor.cpp:25] actor 2199023255577 switch to &NaiveActor::HandlerNormal
I1013 09:54:08.545826 25840 thread.cpp:96] Thread 1048576 construct Actor kNormalForward 2199023255577
I1013 09:54:08.545886 25840 runtime_context.cpp:29] DecreaseCounter constructing_actor_cnt, current val is 326
I1013 09:54:08.546087 25836 naive_actor.cpp:25] actor 1099614388231 switch to &NaiveActor::HandlerNormal
I1013 09:54:08.546135 25836 thread.cpp:96] Thread 524337 construct Actor kDstSubsetTick 1099614388231
I1013 09:54:08.546205 25836 runtime_context.cpp:29] DecreaseCounter constructing_actor_cnt, current val is 325
I1013 09:54:08.546499 25836 naive_actor.cpp:25] actor 1099614388241 switch to &NaiveActor::HandlerNormal
I1013 09:54:08.546548 25836 thread.cpp:96] Thread 524337 construct Actor kTick 1099614388241
I1013 09:54:08.546602 25836 runtime_context.cpp:29] DecreaseCounter constructing_actor_cnt, current val is 324
I1013 09:54:08.546686 25840 naive_actor.cpp:25] actor 2199023255620 switch to &NaiveActor::HandlerNormal
I1013 09:54:08.546736 25840 thread.cpp:96] Thread 1048576 construct Actor kNormalForward 2199023255620
I1013 09:54:08.546804 25840 runtime_context.cpp:29] DecreaseCounter constructing_actor_cnt, current val is 323
I1013 09:54:08.546912 25836 naive_actor.cpp:25] actor 1099614388233 switch to &NaiveActor::HandlerNormal
I1013 09:54:08.546960 25836 thread.cpp:96] Thread 524337 construct Actor kTick 1099614388233
I1013 09:54:08.547014 25836 runtime_context.cpp:29] DecreaseCounter constructing_actor_cnt, current val is 322
I1013 09:54:08.547302 25836 naive_actor.cpp:25] actor 1099614388242 switch to &NaiveActor::HandlerNormal
I1013 09:54:08.547353 25836 thread.cpp:96] Thread 524337 construct Actor kTick 1099614388242
I1013 09:54:08.547417 25836 runtime_context.cpp:29] DecreaseCounter constructing_actor_cnt, current val is 321
I1013 09:54:08.547628 25840 naive_actor.cpp:25] actor 2199023255556 switch to &NaiveActor::HandlerNormal
I1013 09:54:08.547679 25840 thread.cpp:96] Thread 1048576 construct Actor kNormalForward 2199023255556
I1013 09:54:08.547715 25836 naive_actor.cpp:25] actor 1099614388318 switch to &NaiveActor::HandlerNormal
I1013 09:54:08.547744 25840 runtime_context.cpp:29] DecreaseCounter constructing_actor_cnt, current val is 320
I1013 09:54:08.547747 25836 thread.cpp:96] Thread 524337 construct Actor kTick 1099614388318
I1013 09:54:08.547926 25836 runtime_context.cpp:29] DecreaseCounter constructing_actor_cnt, current val is 319
I1013 09:54:08.548211 25836 naive_actor.cpp:25] actor 1099614388247 switch to &NaiveActor::HandlerNormal
I1013 09:54:08.548286 25836 thread.cpp:96] Thread 524337 construct Actor kTick 1099614388247
I1013 09:54:08.548352 25836 runtime_context.cpp:29] DecreaseCounter constructing_actor_cnt, current val is 318
I1013 09:54:08.548650 25836 naive_actor.cpp:25] actor 1099614388243 switch to &NaiveActor::HandlerNormal
I1013 09:54:08.548694 25840 naive_actor.cpp:25] actor 2199023255585 switch to &NaiveActor::HandlerNormal
I1013 09:54:08.548699 25836 thread.cpp:96] Thread 524337 construct Actor kDeviceTick 1099614388243
I1013 09:54:08.548734 25840 thread.cpp:96] Thread 1048576 construct Actor kNormalForward 2199023255585
I1013 09:54:08.548791 25836 runtime_context.cpp:29] DecreaseCounter constructing_actor_cnt, current val is 317
I1013 09:54:08.548818 25840 runtime_context.cpp:29] DecreaseCounter constructing_actor_cnt, current val is 316
I1013 09:54:08.549089 25836 naive_actor.cpp:25] actor 1099614388244 switch to &NaiveActor::HandlerNormal
I1013 09:54:08.549137 25836 thread.cpp:96] Thread 524337 construct Actor kSrcSubsetTick 1099614388244
I1013 09:54:08.549192 25836 runtime_context.cpp:29] DecreaseCounter constructing_actor_cnt, current val is 315
I1013 09:54:08.549490 25836 naive_actor.cpp:25] actor 1099614388250 switch to &NaiveActor::HandlerNormal
I1013 09:54:08.549540 25836 thread.cpp:96] Thread 524337 construct Actor kTick 1099614388250
I1013 09:54:08.549594 25836 runtime_context.cpp:29] DecreaseCounter constructing_actor_cnt, current val is 314
I1013 09:54:08.549680 25840 naive_actor.cpp:25] actor 2199023255563 switch to &NaiveActor::HandlerNormal
I1013 09:54:08.549732 25840 thread.cpp:96] Thread 1048576 construct Actor kNormalForward 2199023255563
I1013 09:54:08.549803 25840 runtime_context.cpp:29] DecreaseCounter constructing_actor_cnt, current val is 313
I1013 09:54:08.549890 25836 naive_actor.cpp:25] actor 1099614388249 switch to &NaiveActor::HandlerNormal
I1013 09:54:08.549937 25836 thread.cpp:96] Thread 524337 construct Actor kTick 1099614388249
I1013 09:54:08.549999 25836 runtime_context.cpp:29] DecreaseCounter constructing_actor_cnt, current val is 312
I1013 09:54:08.550336 25836 naive_actor.cpp:25] actor 1099614388248 switch to &NaiveActor::HandlerNormal
I1013 09:54:08.550384 25836 thread.cpp:96] Thread 524337 construct Actor kDstSubsetTick 1099614388248
I1013 09:54:08.550475 25836 runtime_context.cpp:29] DecreaseCounter constructing_actor_cnt, current val is 311
I1013 09:54:08.550689 25840 naive_actor.cpp:25] actor 2199023255559 switch to &NaiveActor::HandlerNormal
I1013 09:54:08.550742 25840 thread.cpp:96] Thread 1048576 construct Actor kNormalForward 2199023255559
I1013 09:54:08.550776 25836 naive_actor.cpp:25] actor 1099614388251 switch to &NaiveActor::HandlerNormal
I1013 09:54:08.550808 25836 thread.cpp:96] Thread 524337 construct Actor kTick 1099614388251
I1013 09:54:08.550815 25840 runtime_context.cpp:29] DecreaseCounter constructing_actor_cnt, current val is 310
I1013 09:54:08.550865 25836 runtime_context.cpp:29] DecreaseCounter constructing_actor_cnt, current val is 309
I1013 09:54:08.551105 25840 naive_actor.cpp:25] actor 2199023255569 switch to &NaiveActor::HandlerNormal
I1013 09:54:08.551152 25840 thread.cpp:96] Thread 1048576 construct Actor kNormalForward 2199023255569
I1013 09:54:08.551209 25840 runtime_context.cpp:29] DecreaseCounter constructing_actor_cnt, current val is 308
I1013 09:54:08.551223 25836 naive_actor.cpp:25] actor 1099614388257 switch to &NaiveActor::HandlerNormal
I1013 09:54:08.551280 25836 thread.cpp:96] Thread 524337 construct Actor kDstSubsetTick 1099614388257
I1013 09:54:08.551348 25836 runtime_context.cpp:29] DecreaseCounter constructing_actor_cnt, current val is 307
I1013 09:54:08.551532 25840 naive_actor.cpp:25] actor 2199023255579 switch to &NaiveActor::HandlerNormal
I1013 09:54:08.551615 25840 thread.cpp:96] Thread 1048576 construct Actor kNormalForward 2199023255579
I1013 09:54:08.551671 25836 naive_actor.cpp:25] actor 1099614388316 switch to &NaiveActor::HandlerNormal
I1013 09:54:08.551679 25840 runtime_context.cpp:29] DecreaseCounter constructing_actor_cnt, current val is 306
I1013 09:54:08.551726 25836 thread.cpp:96] Thread 524337 construct Actor kTick 1099614388316
I1013 09:54:08.551797 25836 runtime_context.cpp:29] DecreaseCounter constructing_actor_cnt, current val is 305
I1013 09:54:08.552098 25836 naive_actor.cpp:25] actor 1099614388256 switch to &NaiveActor::HandlerNormal
I1013 09:54:08.552145 25836 thread.cpp:96] Thread 524337 construct Actor kTick 1099614388256
I1013 09:54:08.552214 25836 runtime_context.cpp:29] DecreaseCounter constructing_actor_cnt, current val is 304
I1013 09:54:08.552454 25840 naive_actor.cpp:25] actor 2199023255611 switch to &NaiveActor::HandlerNormal
I1013 09:54:08.552510 25840 thread.cpp:96] Thread 1048576 construct Actor kNormalForward 2199023255611
I1013 09:54:08.552537 25836 naive_actor.cpp:25] actor 1099614388252 switch to &NaiveActor::HandlerNormal
I1013 09:54:08.552570 25836 thread.cpp:96] Thread 524337 construct Actor kDeviceTick 1099614388252
I1013 09:54:08.552582 25840 runtime_context.cpp:29] DecreaseCounter constructing_actor_cnt, current val is 303
I1013 09:54:08.552621 25836 runtime_context.cpp:29] DecreaseCounter constructing_actor_cnt, current val is 302
I1013 09:54:08.552925 25836 naive_actor.cpp:25] actor 1099614388253 switch to &NaiveActor::HandlerNormal
I1013 09:54:08.552974 25836 thread.cpp:96] Thread 524337 construct Actor kSrcSubsetTick 1099614388253
I1013 09:54:08.553035 25836 runtime_context.cpp:29] DecreaseCounter constructing_actor_cnt, current val is 301
I1013 09:54:08.553297 25840 naive_actor.cpp:25] actor 2199023255621 switch to &NaiveActor::HandlerNormal
I1013 09:54:08.553315 25836 naive_actor.cpp:25] actor 1099614388258 switch to &NaiveActor::HandlerNormal
I1013 09:54:08.553354 25840 thread.cpp:96] Thread 1048576 construct Actor kNormalForward 2199023255621
I1013 09:54:08.553378 25836 thread.cpp:96] Thread 524337 construct Actor kTick 1099614388258
I1013 09:54:08.553472 25836 runtime_context.cpp:29] DecreaseCounter constructing_actor_cnt, current val is 300
I1013 09:54:08.553473 25840 runtime_context.cpp:29] DecreaseCounter constructing_actor_cnt, current val is 299
I1013 09:54:08.553782 25836 naive_actor.cpp:25] actor 1099614388259 switch to &NaiveActor::HandlerNormal
I1013 09:54:08.553831 25836 thread.cpp:96] Thread 524337 construct Actor kTick 1099614388259
I1013 09:54:08.553885 25836 runtime_context.cpp:29] DecreaseCounter constructing_actor_cnt, current val is 298
I1013 09:54:08.554216 25836 naive_actor.cpp:25] actor 1099614388266 switch to &NaiveActor::HandlerNormal
I1013 09:54:08.554267 25836 thread.cpp:96] Thread 524337 construct Actor kDstSubsetTick 1099614388266
I1013 09:54:08.554311 25840 naive_actor.cpp:25] actor 2199023255575 switch to &NaiveActor::HandlerNormal
I1013 09:54:08.554327 25836 runtime_context.cpp:29] DecreaseCounter constructing_actor_cnt, current val is 297
I1013 09:54:08.554348 25840 thread.cpp:96] Thread 1048576 construct Actor kNormalForward 2199023255575
I1013 09:54:08.554445 25840 runtime_context.cpp:29] DecreaseCounter constructing_actor_cnt, current val is 296
I1013 09:54:08.554670 25836 naive_actor.cpp:25] actor 1099614388260 switch to &NaiveActor::HandlerNormal
I1013 09:54:08.554716 25836 thread.cpp:96] Thread 524337 construct Actor kTick 1099614388260
I1013 09:54:08.554769 25836 runtime_context.cpp:29] DecreaseCounter constructing_actor_cnt, current val is 295
I1013 09:54:08.555027 25836 naive_actor.cpp:25] actor 1099614388267 switch to &NaiveActor::HandlerNormal
I1013 09:54:08.555071 25836 thread.cpp:96] Thread 524337 construct Actor kTick 1099614388267
I1013 09:54:08.555130 25836 runtime_context.cpp:29] DecreaseCounter constructing_actor_cnt, current val is 294
I1013 09:54:08.555146 25840 naive_actor.cpp:25] actor 2199023255617 switch to &NaiveActor::HandlerNormal
I1013 09:54:08.555270 25840 thread.cpp:96] Thread 1048576 construct Actor kNormalForward 2199023255617
I1013 09:54:08.555346 25840 runtime_context.cpp:29] DecreaseCounter constructing_actor_cnt, current val is 293
I1013 09:54:08.555438 25836 naive_actor.cpp:25] actor 1099614388317 switch to &NaiveActor::HandlerNormal
I1013 09:54:08.555481 25836 thread.cpp:96] Thread 524337 construct Actor kTick 1099614388317
I1013 09:54:08.555532 25836 runtime_context.cpp:29] DecreaseCounter constructing_actor_cnt, current val is 292
I1013 09:54:08.555812 25836 naive_actor.cpp:25] actor 1099614388265 switch to &NaiveActor::HandlerNormal
I1013 09:54:08.555857 25836 thread.cpp:96] Thread 524337 construct Actor kTick 1099614388265
I1013 09:54:08.555917 25836 runtime_context.cpp:29] DecreaseCounter constructing_actor_cnt, current val is 291
I1013 09:54:08.556188 25840 naive_actor.cpp:25] actor 2199023255565 switch to &NaiveActor::HandlerNormal
I1013 09:54:08.556188 25836 naive_actor.cpp:25] actor 1099614388261 switch to &NaiveActor::HandlerNormal
I1013 09:54:08.556238 25840 thread.cpp:96] Thread 1048576 construct Actor kNormalForward 2199023255565
I1013 09:54:08.556262 25836 thread.cpp:96] Thread 524337 construct Actor kDeviceTick 1099614388261
I1013 09:54:08.556334 25836 runtime_context.cpp:29] DecreaseCounter constructing_actor_cnt, current val is 290
I1013 09:54:08.556336 25840 runtime_context.cpp:29] DecreaseCounter constructing_actor_cnt, current val is 289
I1013 09:54:08.556623 25836 naive_actor.cpp:25] actor 1099614388262 switch to &NaiveActor::HandlerNormal
I1013 09:54:08.556669 25836 thread.cpp:96] Thread 524337 construct Actor kSrcSubsetTick 1099614388262
I1013 09:54:08.556720 25836 runtime_context.cpp:29] DecreaseCounter constructing_actor_cnt, current val is 288
I1013 09:54:08.556989 25836 naive_actor.cpp:25] actor 1099614388268 switch to &NaiveActor::HandlerNormal
I1013 09:54:08.557016 25840 naive_actor.cpp:25] actor 2199023255586 switch to &NaiveActor::HandlerNormal
I1013 09:54:08.557034 25836 thread.cpp:96] Thread 524337 construct Actor kTick 1099614388268
I1013 09:54:08.557063 25840 thread.cpp:96] Thread 1048576 construct Actor kNormalForward 2199023255586
I1013 09:54:08.557117 25836 runtime_context.cpp:29] DecreaseCounter constructing_actor_cnt, current val is 287
I1013 09:54:08.557134 25840 runtime_context.cpp:29] DecreaseCounter constructing_actor_cnt, current val is 286
I1013 09:54:08.557387 25836 naive_actor.cpp:25] actor 1099614388270 switch to &NaiveActor::HandlerNormal
I1013 09:54:08.557404 25840 naive_actor.cpp:25] actor 2199023255584 switch to &NaiveActor::HandlerNormal
I1013 09:54:08.557448 25836 thread.cpp:96] Thread 524337 construct Actor kSrcSubsetTick 1099614388270
I1013 09:54:08.557473 25840 thread.cpp:96] Thread 1048576 construct Actor kNormalForward 2199023255584
I1013 09:54:08.557523 25836 runtime_context.cpp:29] DecreaseCounter constructing_actor_cnt, current val is 285
I1013 09:54:08.557540 25840 runtime_context.cpp:29] DecreaseCounter constructing_actor_cnt, current val is 284
I1013 09:54:08.557798 25836 naive_actor.cpp:25] actor 1099614388322 switch to &NaiveActor::HandlerNormal
I1013 09:54:08.557845 25836 thread.cpp:96] Thread 524337 construct Actor kTick 1099614388322
I1013 09:54:08.557895 25836 runtime_context.cpp:29] DecreaseCounter constructing_actor_cnt, current val is 283
I1013 09:54:08.558207 25836 naive_actor.cpp:25] actor 1099614388282 switch to &NaiveActor::HandlerNormal
I1013 09:54:08.558254 25836 thread.cpp:96] Thread 524337 construct Actor kDstSubsetTick 1099614388282
I1013 09:54:08.558288 25840 naive_actor.cpp:25] actor 2199023255555 switch to &NaiveActor::HandlerNormal
I1013 09:54:08.558306 25836 runtime_context.cpp:29] DecreaseCounter constructing_actor_cnt, current val is 282
I1013 09:54:08.558324 25840 thread.cpp:96] Thread 1048576 construct Actor kNormalForward 2199023255555
I1013 09:54:08.558398 25840 runtime_context.cpp:29] DecreaseCounter constructing_actor_cnt, current val is 281
I1013 09:54:08.558605 25836 naive_actor.cpp:25] actor 1099614388283 switch to &NaiveActor::HandlerNormal
I1013 09:54:08.558691 25836 thread.cpp:96] Thread 524337 construct Actor kTick 1099614388283
I1013 09:54:08.558749 25836 runtime_context.cpp:29] DecreaseCounter constructing_actor_cnt, current val is 280
I1013 09:54:08.559026 25836 naive_actor.cpp:25] actor 1099614388273 switch to &NaiveActor::HandlerNormal
I1013 09:54:08.559059 25840 naive_actor.cpp:25] actor 2199023255571 switch to &NaiveActor::HandlerNormal
I1013 09:54:08.559078 25836 thread.cpp:96] Thread 524337 construct Actor kTick 1099614388273
I1013 09:54:08.559105 25840 thread.cpp:96] Thread 1048576 construct Actor kNormalForward 2199023255571
I1013 09:54:08.559159 25836 runtime_context.cpp:29] DecreaseCounter constructing_actor_cnt, current val is 279
I1013 09:54:08.559180 25840 runtime_context.cpp:29] DecreaseCounter constructing_actor_cnt, current val is 278
I1013 09:54:08.559422 25836 naive_actor.cpp:25] actor 1099614388269 switch to &NaiveActor::HandlerNormal
I1013 09:54:08.559489 25836 thread.cpp:96] Thread 524337 construct Actor kDeviceTick 1099614388269
I1013 09:54:08.559547 25836 runtime_context.cpp:29] DecreaseCounter constructing_actor_cnt, current val is 277
I1013 09:54:08.559809 25836 naive_actor.cpp:25] actor 1099614388279 switch to &NaiveActor::HandlerNormal
I1013 09:54:08.559855 25836 thread.cpp:96] Thread 524337 construct Actor kSrcSubsetTick 1099614388279
I1013 09:54:08.559906 25836 runtime_context.cpp:29] DecreaseCounter constructing_actor_cnt, current val is 276
I1013 09:54:08.559906 25840 naive_actor.cpp:25] actor 2199023255576 switch to &NaiveActor::HandlerNormal
I1013 09:54:08.559975 25840 thread.cpp:96] Thread 1048576 construct Actor kNormalForward 2199023255576
I1013 09:54:08.560041 25840 runtime_context.cpp:29] DecreaseCounter constructing_actor_cnt, current val is 275
I1013 09:54:08.560194 25836 naive_actor.cpp:25] actor 1099614388275 switch to &NaiveActor::HandlerNormal
I1013 09:54:08.560240 25836 thread.cpp:96] Thread 524337 construct Actor kTick 1099614388275
I1013 09:54:08.560290 25836 runtime_context.cpp:29] DecreaseCounter constructing_actor_cnt, current val is 274
I1013 09:54:08.560319 25840 naive_actor.cpp:25] actor 2199023255564 switch to &NaiveActor::HandlerNormal
I1013 09:54:08.560362 25840 thread.cpp:96] Thread 1048576 construct Actor kNormalForward 2199023255564
I1013 09:54:08.560433 25840 runtime_context.cpp:29] DecreaseCounter constructing_actor_cnt, current val is 273
I1013 09:54:08.560621 25836 naive_actor.cpp:25] actor 1099614388274 switch to &NaiveActor::HandlerNormal
I1013 09:54:08.560667 25836 thread.cpp:96] Thread 524337 construct Actor kDstSubsetTick 1099614388274
I1013 09:54:08.560731 25836 runtime_context.cpp:29] DecreaseCounter constructing_actor_cnt, current val is 272
I1013 09:54:08.560984 25836 naive_actor.cpp:25] actor 1099614388319 switch to &NaiveActor::HandlerNormal
I1013 09:54:08.561029 25836 thread.cpp:96] Thread 524337 construct Actor kTick 1099614388319
I1013 09:54:08.561080 25836 runtime_context.cpp:29] DecreaseCounter constructing_actor_cnt, current val is 271
I1013 09:54:08.561146 25840 naive_actor.cpp:25] actor 2199023255618 switch to &NaiveActor::HandlerNormal
I1013 09:54:08.561192 25840 thread.cpp:96] Thread 1048576 construct Actor kNormalForward 2199023255618
I1013 09:54:08.561261 25840 runtime_context.cpp:29] DecreaseCounter constructing_actor_cnt, current val is 270
I1013 09:54:08.561373 25836 naive_actor.cpp:25] actor 1099614388277 switch to &NaiveActor::HandlerNormal
I1013 09:54:08.561419 25836 thread.cpp:96] Thread 524337 construct Actor kTick 1099614388277
I1013 09:54:08.561479 25836 runtime_context.cpp:29] DecreaseCounter constructing_actor_cnt, current val is 269
I1013 09:54:08.561743 25836 naive_actor.cpp:25] actor 1099614388281 switch to &NaiveActor::HandlerNormal
I1013 09:54:08.561789 25836 thread.cpp:96] Thread 524337 construct Actor kTick 1099614388281
I1013 09:54:08.561838 25836 runtime_context.cpp:29] DecreaseCounter constructing_actor_cnt, current val is 268
I1013 09:54:08.562021 25840 naive_actor.cpp:25] actor 2199023255606 switch to &NaiveActor::HandlerNormal
I1013 09:54:08.562069 25840 thread.cpp:96] Thread 1048576 construct Actor kNormalForward 2199023255606
I1013 09:54:08.562104 25836 naive_actor.cpp:25] actor 1099614388284 switch to &NaiveActor::HandlerNormal
I1013 09:54:08.562216 25836 thread.cpp:96] Thread 524337 construct Actor kTick 1099614388284
I1013 09:54:08.562239 25840 runtime_context.cpp:29] DecreaseCounter constructing_actor_cnt, current val is 267
I1013 09:54:08.562268 25836 runtime_context.cpp:29] DecreaseCounter constructing_actor_cnt, current val is 266
I1013 09:54:08.562564 25836 naive_actor.cpp:25] actor 1099614388276 switch to &NaiveActor::HandlerNormal
I1013 09:54:08.562610 25836 thread.cpp:96] Thread 524337 construct Actor kTick 1099614388276
I1013 09:54:08.562660 25836 runtime_context.cpp:29] DecreaseCounter constructing_actor_cnt, current val is 265
