Log file created at: 2021/10/13 15:07:47
Running on machine: oneflow-14
Log line format: [IWEF]mmdd hh:mm:ss.uuuuuu threadid file:line] msg
I1013 15:07:47.120026 48855 global.h:36] NewGlobal 14cudaDeviceProp
I1013 15:07:47.120880 48855 global.h:36] NewGlobal N7oneflow7EnvDescE
I1013 15:07:47.120903 48855 global.h:36] NewGlobal N7oneflow10ProcessCtxE
I1013 15:07:47.120911 48855 env_global_objects_scope.cpp:152] using rpc backend: local
I1013 15:07:47.120967 48855 global.h:36] NewGlobal N7oneflow12ResourceDescE
I1013 15:07:47.120980 48855 global.h:36] NewGlobal N7oneflow12ResourceDescE
I1013 15:07:47.188324 48855 global.h:36] NewGlobal N7oneflow10ThreadPoolE
I1013 15:07:47.189204 48855 global.h:36] NewGlobal N7oneflow16EagerNcclCommMgrE
I1013 15:07:47.189215 48855 global.h:36] NewGlobal N7oneflow18CudnnConvAlgoCacheE
I1013 15:07:47.189221 48855 global.h:36] NewGlobal N7oneflow2vm19VirtualMachineScopeE
I1013 15:07:47.189226 48855 global.h:36] NewGlobal N7oneflow9OneflowVME
I1013 15:07:47.189836 48855 oneflow_vm.cpp:75] transport stream type: N7oneflow2vm13CpuStreamTypeE
I1013 15:07:47.189847 48855 oneflow_vm.cpp:75] transport stream type: N7oneflow2vm14CudaStreamTypeE
I1013 15:07:47.189852 48855 oneflow_vm.cpp:75] transport stream type: N7oneflow2vm19AsyncCudaStreamTypeE
I1013 15:07:47.189949 48855 global.h:36] NewGlobal N7oneflow27EagerJobBuildAndInferCtxMgrE
I1013 15:07:47.189960 48855 global.h:36] NewGlobal N7oneflow12EpollCommNetE
I1013 15:07:47.190061 48855 epoll_comm_network.cpp:63] CommNet:Epoll listening on 0.0.0.0:46782
I1013 15:07:47.190088 48855 epoll_comm_network.cpp:197] machine 0 sockfd -1
I1013 15:07:47.190169 48855 global.h:36] NewGlobal N7oneflow9TransportE
I1013 15:07:47.191540 48855 global.h:43] DeleteGlobal N7oneflow12ResourceDescE
I1013 15:07:47.191560 48855 version.cpp:22] OneFlow git version: b295ca2324
I1013 15:07:47.192142 48855 device_register_gpu.cpp:56] CUDA runtime version: 11.2
I1013 15:07:47.192165 48855 device_register_gpu.cpp:65] cuDNN version: 8.1.1
I1013 15:07:47.192173 48855 device_register_gpu.cpp:78] NCCL version: 2.9.8
I1013 15:07:47.192179 48855 global.h:36] NewGlobal N7oneflow12ResourceDescE
I1013 15:07:47.192184 48855 global.h:36] NewGlobal N7oneflow5IDMgrE
I1013 15:07:47.192189 48855 global.h:36] NewGlobal N7oneflow16AvailableMemDescE
I1013 15:07:47.192214 48855 global.h:36] NewGlobal St13unordered_mapISslSt4hashISsESt8equal_toISsESaISt4pairIKSslEEE
I1013 15:07:47.192219 48855 global.h:36] NewGlobal N7oneflow19CriticalSectionDescE
I1013 15:07:47.192224 48855 global.h:36] NewGlobal N7oneflow16InterUserJobInfoE
I1013 15:07:47.192229 48855 global.h:36] NewGlobal N7oneflow26LazyJobBuildAndInferCtxMgrE
I1013 15:07:47.192234 48855 global.h:36] NewGlobal N7oneflow16JobSetCompileCtxE
I1013 15:07:47.192239 48855 global.h:36] NewGlobal N7oneflow26RuntimeBufferManagersScopeE
I1013 15:07:47.192245 48855 global.h:36] NewGlobal N7oneflow9BufferMgrIlEE
I1013 15:07:47.192248 48855 global.h:36] NewGlobal N7oneflow9BufferMgrISt10shared_ptrINS_11JobInstanceEEEE
I1013 15:07:47.192253 48855 global.h:36] NewGlobal N7oneflow10RuntimeCtxE
I1013 15:07:47.192257 48855 global.h:36] NewGlobal N7oneflow15MemoryAllocatorE
I1013 15:07:47.192261 48855 global.h:36] NewGlobal N7oneflow8ChunkMgrE
I1013 15:07:47.192266 48855 global.h:36] NewGlobal N7oneflow8RegstMgrE
I1013 15:07:47.192270 48855 global.h:36] NewGlobal N7oneflow11ActorMsgBusE
I1013 15:07:47.192274 48855 global.h:36] NewGlobal N7oneflow9ThreadMgrE
I1013 15:07:47.192278 48855 global.h:36] NewGlobal N7oneflow15RuntimeJobDescsE
I1013 15:07:47.192283 48855 global.h:36] NewGlobal N7oneflow7summary12EventsWriterE
I1013 15:07:47.192289 48855 global.h:36] NewGlobal N7oneflow6boxing10collective24CollectiveBoxingExecutorE
I1013 15:07:47.192293 48855 global.h:36] NewGlobal N7oneflow6boxing10collective31CollectiveBoxingDeviceCtxPollerE
I1013 15:07:47.192392 48855 session.h:77] NewGlobal N7oneflow25SessionGlobalObjectsScopeE
I1013 15:07:47.193025 48855 global.h:36] NewGlobal N7oneflow7JobDescE
I1013 15:07:47.554476 48855 global.h:43] DeleteGlobal N7oneflow7JobDescE
I1013 15:07:47.554702 48855 global.h:36] NewGlobal N7oneflow7JobDescE
I1013 15:07:47.557636 48855 global.h:36] NewGlobal N7oneflow7OpGraphE
I1013 15:07:47.561468 48855 global.h:43] DeleteGlobal N7oneflow7OpGraphE
I1013 15:07:47.715728 48855 global.h:43] DeleteGlobal N7oneflow7JobDescE
I1013 15:07:47.731442 48855 global.h:36] NewGlobal N7oneflow24InterJobReuseMemStrategyE
I1013 15:07:47.731504 48855 global.h:36] NewGlobal N7oneflow7OneflowE
I1013 15:07:47.743547 48855 global.h:36] NewGlobal N7oneflow7JobDescE
I1013 15:07:47.946868 48855 global.h:36] NewGlobal N7oneflow7OpGraphE
I1013 15:07:48.020545 48855 global.h:43] DeleteGlobal N7oneflow7OpGraphE
I1013 15:07:48.028813 48855 oneflow.cpp:210] 
job_id: 0 , job_name: train_job , compile time: 0.285214 seconds.
I1013 15:07:48.078742 48855 global.h:43] DeleteGlobal N7oneflow7JobDescE
I1013 15:07:48.079109 48855 global.h:36] NewGlobal N7oneflow7JobDescE
I1013 15:07:48.128532 48855 global.h:36] NewGlobal N7oneflow7OpGraphE
I1013 15:07:48.145704 48855 global.h:43] DeleteGlobal N7oneflow7OpGraphE
I1013 15:07:48.149922 48855 oneflow.cpp:210] 
job_id: 1 , job_name: System-ModelInit , compile time: 0.0705044 seconds.
I1013 15:07:48.161799 48855 global.h:43] DeleteGlobal N7oneflow7JobDescE
I1013 15:07:48.161844 48855 global.h:36] NewGlobal N7oneflow7JobDescE
I1013 15:07:48.207342 48855 global.h:36] NewGlobal N7oneflow7OpGraphE
I1013 15:07:48.224447 48855 global.h:43] DeleteGlobal N7oneflow7OpGraphE
I1013 15:07:48.228663 48855 oneflow.cpp:210] 
job_id: 2 , job_name: System-ModelLoad , compile time: 0.066783 seconds.
I1013 15:07:48.241308 48855 global.h:43] DeleteGlobal N7oneflow7JobDescE
I1013 15:07:48.241411 48855 global.h:36] NewGlobal N7oneflow7JobDescE
I1013 15:07:48.286942 48855 global.h:36] NewGlobal N7oneflow7OpGraphE
I1013 15:07:48.303359 48855 global.h:43] DeleteGlobal N7oneflow7OpGraphE
I1013 15:07:48.307704 48855 oneflow.cpp:210] 
job_id: 3 , job_name: System-ModelSave , compile time: 0.066272 seconds.
I1013 15:07:48.319404 48855 global.h:43] DeleteGlobal N7oneflow7JobDescE
I1013 15:07:48.319432 48855 global.h:36] NewGlobal N7oneflow7JobDescE
I1013 15:07:48.327548 48855 global.h:36] NewGlobal N7oneflow7OpGraphE
I1013 15:07:48.331136 48855 global.h:43] DeleteGlobal N7oneflow7OpGraphE
I1013 15:07:48.332651 48855 oneflow.cpp:210] 
job_id: 4 , job_name: System-Pull-Return_22 , compile time: 0.0132032 seconds.
I1013 15:07:48.336136 48855 global.h:43] DeleteGlobal N7oneflow7JobDescE
I1013 15:07:48.340360 48855 global.h:36] NewGlobal N7oneflow7JobDescE
I1013 15:07:48.340392 48855 global.h:36] NewGlobal N7oneflow7OpGraphE
I1013 15:07:48.345628 48855 global.h:43] DeleteGlobal N7oneflow7OpGraphE
I1013 15:07:48.348853 48855 oneflow.cpp:210] 
job_id: 5 , job_name: MainJob-unamed , compile time: 0.00847078 seconds.
I1013 15:07:48.355708 48855 global.h:43] DeleteGlobal N7oneflow7JobDescE
I1013 15:07:48.358250 48855 plan_util.cpp:928]  Plan: merged_plan needs to allocate [ 374.89 MiB ] device memory in Rank: 0 , Device: 0
I1013 15:07:48.470971 48855 oneflow.cpp:998]  PushPlan merged_plan time: 0.0101038 seconds.
I1013 15:07:48.499560 48855 oneflow.cpp:1014]  PullPlan merged_plan time: 0.0238574 seconds.
I1013 15:07:50.585062 48855 runtime_context.cpp:21] NewCounter constructing_actor_cnt 392
I1013 15:07:50.586166   601 naive_actor.cpp:25] actor 2199023255699 switch to &NaiveActor::HandlerNormal
I1013 15:07:50.586308   601 thread.cpp:96] Thread 1048576 construct Actor kDeviceTick 2199023255699
I1013 15:07:50.586308   593 naive_actor.cpp:25] actor 1099614388226 switch to &NaiveActor::HandlerNormal
I1013 15:07:50.586457   594 wait_and_send_ids_actor.cpp:53] actor 1099616485376 switch to &WaitAndSendIdsActor::HandlerWaitToStart
I1013 15:07:50.586457   601 runtime_context.cpp:29] DecreaseCounter constructing_actor_cnt, current val is 391
I1013 15:07:50.586515   593 thread.cpp:96] Thread 524337 construct Actor kDeviceTick 1099614388226
I1013 15:07:50.586527   594 thread.cpp:96] Thread 524338 construct Actor kWaitAndSendIds 1099616485376
I1013 15:07:50.586650   593 runtime_context.cpp:29] DecreaseCounter constructing_actor_cnt, current val is 390
I1013 15:07:50.586658   594 runtime_context.cpp:29] DecreaseCounter constructing_actor_cnt, current val is 389
I1013 15:07:50.586777   601 naive_actor.cpp:25] actor 2199023255738 switch to &NaiveActor::HandlerNormal
I1013 15:07:50.586889   601 thread.cpp:96] Thread 1048576 construct Actor kDeviceTick 2199023255738
I1013 15:07:50.586946   601 runtime_context.cpp:29] DecreaseCounter constructing_actor_cnt, current val is 388
I1013 15:07:50.587071   593 naive_actor.cpp:25] actor 1099614388233 switch to &NaiveActor::HandlerNormal
I1013 15:07:50.587108   593 thread.cpp:96] Thread 524337 construct Actor kDeviceTick 1099614388233
I1013 15:07:50.587162   593 runtime_context.cpp:29] DecreaseCounter constructing_actor_cnt, current val is 387
I1013 15:07:50.587206   601 naive_actor.cpp:25] actor 2199023255777 switch to &NaiveActor::HandlerNormal
I1013 15:07:50.587242   601 thread.cpp:96] Thread 1048576 construct Actor kDeviceTick 2199023255777
I1013 15:07:50.587296   601 runtime_context.cpp:29] DecreaseCounter constructing_actor_cnt, current val is 386
I1013 15:07:50.587384   593 naive_actor.cpp:25] actor 1099614388243 switch to &NaiveActor::HandlerNormal
I1013 15:07:50.587419   593 thread.cpp:96] Thread 524337 construct Actor kDeviceTick 1099614388243
I1013 15:07:50.587469   593 runtime_context.cpp:29] DecreaseCounter constructing_actor_cnt, current val is 385
I1013 15:07:50.587513   601 naive_actor.cpp:25] actor 2199023255816 switch to &NaiveActor::HandlerNormal
I1013 15:07:50.587576   601 thread.cpp:96] Thread 1048576 construct Actor kDeviceTick 2199023255816
I1013 15:07:50.587630   601 runtime_context.cpp:29] DecreaseCounter constructing_actor_cnt, current val is 384
I1013 15:07:50.587754   593 naive_actor.cpp:25] actor 1099614388252 switch to &NaiveActor::HandlerNormal
I1013 15:07:50.587790   593 thread.cpp:96] Thread 524337 construct Actor kDeviceTick 1099614388252
I1013 15:07:50.587838   593 runtime_context.cpp:29] DecreaseCounter constructing_actor_cnt, current val is 383
I1013 15:07:50.588069   593 naive_actor.cpp:25] actor 1099614388261 switch to &NaiveActor::HandlerNormal
I1013 15:07:50.588104   593 thread.cpp:96] Thread 524337 construct Actor kDeviceTick 1099614388261
I1013 15:07:50.588151   593 runtime_context.cpp:29] DecreaseCounter constructing_actor_cnt, current val is 382
I1013 15:07:50.588376   593 naive_actor.cpp:25] actor 1099614388269 switch to &NaiveActor::HandlerNormal
I1013 15:07:50.588409   593 thread.cpp:96] Thread 524337 construct Actor kDeviceTick 1099614388269
I1013 15:07:50.588457   593 runtime_context.cpp:29] DecreaseCounter constructing_actor_cnt, current val is 381
I1013 15:07:50.588698   593 naive_actor.cpp:25] actor 1099614388276 switch to &NaiveActor::HandlerNormal
I1013 15:07:50.588732   593 thread.cpp:96] Thread 524337 construct Actor kDeviceTick 1099614388276
I1013 15:07:50.588783   593 runtime_context.cpp:29] DecreaseCounter constructing_actor_cnt, current val is 380
I1013 15:07:50.597340   603 naive_actor.cpp:25] actor 2199025352704 switch to &NaiveActor::HandlerNormal
I1013 15:07:50.597447   603 thread.cpp:96] Thread 1048577 construct Actor kCopyHd 2199025352704
I1013 15:07:50.597494   603 runtime_context.cpp:29] DecreaseCounter constructing_actor_cnt, current val is 379
I1013 15:07:50.598225   605 naive_actor.cpp:25] actor 2199027449856 switch to &NaiveActor::HandlerNormal
I1013 15:07:50.598402   580 naive_actor.cpp:25] actor 1099536793600 switch to &NaiveActor::HandlerNormal
I1013 15:07:50.598444   592 naive_actor.cpp:25] actor 1099559862272 switch to &NaiveActor::HandlerNormal
I1013 15:07:50.598382   593 naive_actor.cpp:25] actor 1099614388228 switch to &NaiveActor::HandlerNormal
I1013 15:07:50.598397   574 naive_actor.cpp:25] actor 1099526307840 switch to &NaiveActor::HandlerNormal
I1013 15:07:50.598743   596 sink_actor.cpp:21] actor 1099618582528 switch to &SinkActor::HandlerNormal
I1013 15:07:50.598821   582 naive_actor.cpp:25] actor 1099538890752 switch to &NaiveActor::HandlerNormal
I1013 15:07:50.598289   572 naive_actor.cpp:25] actor 1099522113536 switch to &NaiveActor::HandlerNormal
I1013 15:07:50.599058   572 thread.cpp:96] Thread 524293 construct Actor kNormalForward 1099522113536
I1013 15:07:50.599123   590 naive_actor.cpp:25] actor 1099555667968 switch to &NaiveActor::HandlerNormal
I1013 15:07:50.599203   570 naive_actor.cpp:25] actor 1099517919232 switch to &NaiveActor::HandlerNormal
I1013 15:07:50.599282   570 thread.cpp:96] Thread 524291 construct Actor kNormalForward 1099517919232
I1013 15:07:50.599303   577 naive_actor.cpp:25] actor 1099532599296 switch to &NaiveActor::HandlerNormal
I1013 15:07:50.599419   577 thread.cpp:96] Thread 524298 construct Actor kNormalForward 1099532599296
I1013 15:07:50.598556   584 naive_actor.cpp:25] actor 1099543085056 switch to &NaiveActor::HandlerNormal
I1013 15:07:50.598608   573 naive_actor.cpp:25] actor 1099524210688 switch to &NaiveActor::HandlerNormal
I1013 15:07:50.598659   575 naive_actor.cpp:25] actor 1099528404992 switch to &NaiveActor::HandlerNormal
I1013 15:07:50.598680   593 thread.cpp:96] Thread 524337 construct Actor kTick 1099614388228
I1013 15:07:50.598718   591 naive_actor.cpp:25] actor 1099557765120 switch to &NaiveActor::HandlerNormal
I1013 15:07:50.599941   591 thread.cpp:96] Thread 524310 construct Actor kNormalForward 1099557765120
I1013 15:07:50.598759   574 thread.cpp:96] Thread 524295 construct Actor kNormalForward 1099526307840
I1013 15:07:50.598771   603 naive_actor.cpp:25] actor 2199025352707 switch to &NaiveActor::HandlerNormal
I1013 15:07:50.598827   596 thread.cpp:96] Thread 524339 construct Actor kCallbackNotify 1099618582528
I1013 15:07:50.600126   574 runtime_context.cpp:29] DecreaseCounter constructing_actor_cnt, current val is 373
I1013 15:07:50.600184   596 runtime_context.cpp:29] DecreaseCounter constructing_actor_cnt, current val is 372
I1013 15:07:50.598906   588 naive_actor.cpp:25] actor 1099551473664 switch to &NaiveActor::HandlerNormal
I1013 15:07:50.600253   588 thread.cpp:96] Thread 524307 construct Actor kForeignInput 1099551473664
I1013 15:07:50.598927   582 thread.cpp:96] Thread 524301 construct Actor kForeignInput 1099538890752
I1013 15:07:50.600324   588 runtime_context.cpp:29] DecreaseCounter constructing_actor_cnt, current val is 371
I1013 15:07:50.598920   578 naive_actor.cpp:25] actor 1099534696448 switch to &NaiveActor::HandlerNormal
I1013 15:07:50.600373   582 runtime_context.cpp:29] DecreaseCounter constructing_actor_cnt, current val is 370
I1013 15:07:50.600394   578 thread.cpp:96] Thread 524299 construct Actor kNormalForward 1099534696448
I1013 15:07:50.598465   587 naive_actor.cpp:25] actor 1099549376512 switch to &NaiveActor::HandlerNormal
I1013 15:07:50.598479   586 naive_actor.cpp:25] actor 1099547279360 switch to &NaiveActor::HandlerNormal
I1013 15:07:50.600533   586 thread.cpp:96] Thread 524305 construct Actor kNormalForward 1099547279360
I1013 15:07:50.598423   605 thread.cpp:96] Thread 1048578 construct Actor kCopyHd 2199027449856
I1013 15:07:50.600616   586 runtime_context.cpp:29] DecreaseCounter constructing_actor_cnt, current val is 368
I1013 15:07:50.599189   569 naive_actor.cpp:25] actor 1099515822080 switch to &NaiveActor::HandlerNormal
I1013 15:07:50.599208   572 runtime_context.cpp:29] DecreaseCounter constructing_actor_cnt, current val is 378
I1013 15:07:50.600693   569 thread.cpp:96] Thread 524290 construct Actor kNormalForward 1099515822080
I1013 15:07:50.598484   576 naive_actor.cpp:25] actor 1099530502144 switch to &NaiveActor::HandlerNormal
I1013 15:07:50.600788   569 runtime_context.cpp:29] DecreaseCounter constructing_actor_cnt, current val is 366
I1013 15:07:50.600808   576 thread.cpp:96] Thread 524297 construct Actor kNormalForward 1099530502144
I1013 15:07:50.599395   570 runtime_context.cpp:29] DecreaseCounter constructing_actor_cnt, current val is 377
I1013 15:07:50.598542   592 thread.cpp:96] Thread 524311 construct Actor kForeignOutput 1099559862272
I1013 15:07:50.599457   571 naive_actor.cpp:25] actor 1099520016384 switch to &NaiveActor::HandlerNormal
I1013 15:07:50.601099   592 runtime_context.cpp:29] DecreaseCounter constructing_actor_cnt, current val is 364
I1013 15:07:50.599563   577 runtime_context.cpp:29] DecreaseCounter constructing_actor_cnt, current val is 376
I1013 15:07:50.599649   584 thread.cpp:96] Thread 524303 construct Actor kNormalForward 1099543085056
I1013 15:07:50.599690   573 thread.cpp:96] Thread 524294 construct Actor kNormalForward 1099524210688
I1013 15:07:50.599764   575 thread.cpp:96] Thread 524296 construct Actor kNormalForward 1099528404992
I1013 15:07:50.601554   573 runtime_context.cpp:29] DecreaseCounter constructing_actor_cnt, current val is 362
I1013 15:07:50.599887   593 runtime_context.cpp:29] DecreaseCounter constructing_actor_cnt, current val is 375
I1013 15:07:50.598242   601 naive_actor.cpp:25] actor 2199023255557 switch to &NaiveActor::HandlerNormal
I1013 15:07:50.601866   601 thread.cpp:96] Thread 1048576 construct Actor kNormalForward 2199023255557
I1013 15:07:50.600107   603 thread.cpp:96] Thread 1048577 construct Actor kCopyHd 2199025352707
I1013 15:07:50.598894   585 naive_actor.cpp:25] actor 1099545182208 switch to &NaiveActor::HandlerNormal
I1013 15:07:50.602140   585 thread.cpp:96] Thread 524304 construct Actor kForeignInput 1099545182208
I1013 15:07:50.600493   578 runtime_context.cpp:29] DecreaseCounter constructing_actor_cnt, current val is 369
I1013 15:07:50.602249   585 runtime_context.cpp:29] DecreaseCounter constructing_actor_cnt, current val is 358
I1013 15:07:50.600488   587 thread.cpp:96] Thread 524306 construct Actor kNormalForward 1099549376512
I1013 15:07:50.600651   605 runtime_context.cpp:29] DecreaseCounter constructing_actor_cnt, current val is 367
I1013 15:07:50.602388   587 runtime_context.cpp:29] DecreaseCounter constructing_actor_cnt, current val is 357
I1013 15:07:50.598469   580 thread.cpp:96] Thread 524300 construct Actor kNormalForward 1099536793600
I1013 15:07:50.598534   583 naive_actor.cpp:25] actor 1099540987904 switch to &NaiveActor::HandlerNormal
I1013 15:07:50.602560   605 naive_actor.cpp:25] actor 2199027449857 switch to &NaiveActor::HandlerNormal
I1013 15:07:50.602577   583 thread.cpp:96] Thread 524302 construct Actor kNormalForward 1099540987904
I1013 15:07:50.599531   568 naive_actor.cpp:25] actor 1099513724928 switch to &NaiveActor::HandlerNormal
I1013 15:07:50.602679   583 runtime_context.cpp:29] DecreaseCounter constructing_actor_cnt, current val is 355
I1013 15:07:50.601620   575 runtime_context.cpp:29] DecreaseCounter constructing_actor_cnt, current val is 361
I1013 15:07:50.600065   591 runtime_context.cpp:29] DecreaseCounter constructing_actor_cnt, current val is 374
I1013 15:07:50.601999   601 runtime_context.cpp:29] DecreaseCounter constructing_actor_cnt, current val is 360
I1013 15:07:50.602082   603 runtime_context.cpp:29] DecreaseCounter constructing_actor_cnt, current val is 359
I1013 15:07:50.602087   593 naive_actor.cpp:25] actor 1099614388225 switch to &NaiveActor::HandlerNormal
I1013 15:07:50.603101   593 thread.cpp:96] Thread 524337 construct Actor kSrcSubsetTick 1099614388225
I1013 15:07:50.599022   589 naive_actor.cpp:25] actor 1099553570816 switch to &NaiveActor::HandlerNormal
I1013 15:07:50.603166   593 runtime_context.cpp:29] DecreaseCounter constructing_actor_cnt, current val is 354
I1013 15:07:50.600950   576 runtime_context.cpp:29] DecreaseCounter constructing_actor_cnt, current val is 365
I1013 15:07:50.602592   580 runtime_context.cpp:29] DecreaseCounter constructing_actor_cnt, current val is 356
I1013 15:07:50.603407   593 naive_actor.cpp:25] actor 1099614388234 switch to &NaiveActor::HandlerNormal
I1013 15:07:50.603433   593 thread.cpp:96] Thread 524337 construct Actor kSrcSubsetTick 1099614388234
I1013 15:07:50.601127   571 thread.cpp:96] Thread 524292 construct Actor kNormalForward 1099520016384
I1013 15:07:50.602686   568 thread.cpp:96] Thread 524289 construct Actor kNormalForward 1099513724928
I1013 15:07:50.601477   584 runtime_context.cpp:29] DecreaseCounter constructing_actor_cnt, current val is 363
I1013 15:07:50.599220   590 thread.cpp:96] Thread 524309 construct Actor kNormalForward 1099555667968
I1013 15:07:50.603176   589 thread.cpp:96] Thread 524308 construct Actor kNormalForward 1099553570816
I1013 15:07:50.603220   603 naive_actor.cpp:25] actor 2199025352708 switch to &NaiveActor::HandlerNormal
I1013 15:07:50.604099   603 thread.cpp:96] Thread 1048577 construct Actor kCopyHd 2199025352708
I1013 15:07:50.603471   593 runtime_context.cpp:29] DecreaseCounter constructing_actor_cnt, current val is 353
I1013 15:07:50.604190   603 runtime_context.cpp:29] DecreaseCounter constructing_actor_cnt, current val is 348
I1013 15:07:50.603619   571 runtime_context.cpp:29] DecreaseCounter constructing_actor_cnt, current val is 352
I1013 15:07:50.603739   568 runtime_context.cpp:29] DecreaseCounter constructing_actor_cnt, current val is 351
I1013 15:07:50.604413   593 naive_actor.cpp:25] actor 1099614388238 switch to &NaiveActor::HandlerNormal
I1013 15:07:50.604462   593 thread.cpp:96] Thread 524337 construct Actor kTick 1099614388238
I1013 15:07:50.604050   589 runtime_context.cpp:29] DecreaseCounter constructing_actor_cnt, current val is 349
I1013 15:07:50.604499   593 runtime_context.cpp:29] DecreaseCounter constructing_actor_cnt, current val is 347
I1013 15:07:50.602620   605 thread.cpp:96] Thread 1048578 construct Actor kCopyHd 2199027449857
I1013 15:07:50.603471   567 naive_actor.cpp:25] actor 1099511627776 switch to &NaiveActor::HandlerNormal
I1013 15:07:50.604220   601 naive_actor.cpp:25] actor 2199023255562 switch to &NaiveActor::HandlerNormal
I1013 15:07:50.604394   603 naive_actor.cpp:25] actor 2199025352705 switch to &NaiveActor::HandlerNormal
I1013 15:07:50.603899   590 runtime_context.cpp:29] DecreaseCounter constructing_actor_cnt, current val is 350
I1013 15:07:50.604650   605 runtime_context.cpp:29] DecreaseCounter constructing_actor_cnt, current val is 346
I1013 15:07:50.604660   567 thread.cpp:96] Thread 524288 construct Actor kNormalForward 1099511627776
I1013 15:07:50.604691   601 thread.cpp:96] Thread 1048576 construct Actor kNormalForward 2199023255562
I1013 15:07:50.604732   603 thread.cpp:96] Thread 1048577 construct Actor kCopyHd 2199025352705
I1013 15:07:50.604758   593 naive_actor.cpp:25] actor 1099614388230 switch to &NaiveActor::HandlerNormal
I1013 15:07:50.604890   593 thread.cpp:96] Thread 524337 construct Actor kTick 1099614388230
I1013 15:07:50.604912   601 runtime_context.cpp:29] DecreaseCounter constructing_actor_cnt, current val is 344
I1013 15:07:50.604930   593 runtime_context.cpp:29] DecreaseCounter constructing_actor_cnt, current val is 342
I1013 15:07:50.604913   567 runtime_context.cpp:29] DecreaseCounter constructing_actor_cnt, current val is 345
I1013 15:07:50.604986   605 naive_actor.cpp:25] actor 2199027449858 switch to &NaiveActor::HandlerNormal
I1013 15:07:50.604918   603 runtime_context.cpp:29] DecreaseCounter constructing_actor_cnt, current val is 343
I1013 15:07:50.605073   605 thread.cpp:96] Thread 1048578 construct Actor kCopyHd 2199027449858
I1013 15:07:50.605155   593 naive_actor.cpp:25] actor 1099614388239 switch to &NaiveActor::HandlerNormal
I1013 15:07:50.605168   605 runtime_context.cpp:29] DecreaseCounter constructing_actor_cnt, current val is 341
I1013 15:07:50.605180   593 thread.cpp:96] Thread 524337 construct Actor kTick 1099614388239
I1013 15:07:50.605232   593 runtime_context.cpp:29] DecreaseCounter constructing_actor_cnt, current val is 340
I1013 15:07:50.605242   601 naive_actor.cpp:25] actor 2199023255571 switch to &NaiveActor::HandlerNormal
I1013 15:07:50.605240   603 naive_actor.cpp:25] actor 2199025352706 switch to &NaiveActor::HandlerNormal
I1013 15:07:50.605309   601 thread.cpp:96] Thread 1048576 construct Actor kNormalForward 2199023255571
I1013 15:07:50.605337   603 thread.cpp:96] Thread 1048577 construct Actor kCopyHd 2199025352706
I1013 15:07:50.605419   603 runtime_context.cpp:29] DecreaseCounter constructing_actor_cnt, current val is 339
I1013 15:07:50.605424   601 runtime_context.cpp:29] DecreaseCounter constructing_actor_cnt, current val is 338
I1013 15:07:50.605484   593 naive_actor.cpp:25] actor 1099614388224 switch to &NaiveActor::HandlerNormal
I1013 15:07:50.605506   593 thread.cpp:96] Thread 524337 construct Actor kDeviceTick 1099614388224
I1013 15:07:50.605547   603 naive_actor.cpp:25] actor 2199025352709 switch to &NaiveActor::HandlerNormal
I1013 15:07:50.605640   593 runtime_context.cpp:29] DecreaseCounter constructing_actor_cnt, current val is 337
I1013 15:07:50.605667   603 thread.cpp:96] Thread 1048577 construct Actor kCopyHd 2199025352709
I1013 15:07:50.605752   603 runtime_context.cpp:29] DecreaseCounter constructing_actor_cnt, current val is 336
I1013 15:07:50.605891   593 naive_actor.cpp:25] actor 1099614388236 switch to &NaiveActor::HandlerNormal
I1013 15:07:50.605909   603 naive_actor.cpp:25] actor 2199025352710 switch to &NaiveActor::HandlerNormal
I1013 15:07:50.605931   593 thread.cpp:96] Thread 524337 construct Actor kTick 1099614388236
I1013 15:07:50.605967   603 thread.cpp:96] Thread 1048577 construct Actor kCopyHd 2199025352710
I1013 15:07:50.606004   593 runtime_context.cpp:29] DecreaseCounter constructing_actor_cnt, current val is 335
I1013 15:07:50.606019   603 runtime_context.cpp:29] DecreaseCounter constructing_actor_cnt, current val is 334
I1013 15:07:50.606216   593 naive_actor.cpp:25] actor 1099614388232 switch to &NaiveActor::HandlerNormal
I1013 15:07:50.606253   593 thread.cpp:96] Thread 524337 construct Actor kTick 1099614388232
I1013 15:07:50.606292   593 runtime_context.cpp:29] DecreaseCounter constructing_actor_cnt, current val is 333
I1013 15:07:50.606513   601 naive_actor.cpp:25] actor 2199023255572 switch to &NaiveActor::HandlerNormal
I1013 15:07:50.606578   601 thread.cpp:96] Thread 1048576 construct Actor kNormalForward 2199023255572
I1013 15:07:50.606592   593 esac_actor.cpp:73] actor 1099614388321 switch to &EsacActor::HandlerNormal
I1013 15:07:50.606632   593 thread.cpp:96] Thread 524337 construct Actor kEsac 1099614388321
I1013 15:07:50.606678   601 runtime_context.cpp:29] DecreaseCounter constructing_actor_cnt, current val is 332
I1013 15:07:50.606690   593 runtime_context.cpp:29] DecreaseCounter constructing_actor_cnt, current val is 331
I1013 15:07:50.606904   593 naive_actor.cpp:25] actor 1099614388237 switch to &NaiveActor::HandlerNormal
I1013 15:07:50.606942   593 thread.cpp:96] Thread 524337 construct Actor kDstSubsetTick 1099614388237
I1013 15:07:50.606982   593 runtime_context.cpp:29] DecreaseCounter constructing_actor_cnt, current val is 330
I1013 15:07:50.607009   601 naive_actor.cpp:25] actor 2199023255576 switch to &NaiveActor::HandlerNormal
I1013 15:07:50.607056   601 thread.cpp:96] Thread 1048576 construct Actor kNormalForward 2199023255576
I1013 15:07:50.607120   601 runtime_context.cpp:29] DecreaseCounter constructing_actor_cnt, current val is 329
I1013 15:07:50.607206   593 naive_actor.cpp:25] actor 1099614388231 switch to &NaiveActor::HandlerNormal
I1013 15:07:50.607240   593 thread.cpp:96] Thread 524337 construct Actor kTick 1099614388231
I1013 15:07:50.607277   593 runtime_context.cpp:29] DecreaseCounter constructing_actor_cnt, current val is 328
I1013 15:07:50.607486   593 naive_actor.cpp:25] actor 1099614388229 switch to &NaiveActor::HandlerNormal
I1013 15:07:50.607524   593 thread.cpp:96] Thread 524337 construct Actor kDstSubsetTick 1099614388229
I1013 15:07:50.607571   593 runtime_context.cpp:29] DecreaseCounter constructing_actor_cnt, current val is 327
I1013 15:07:50.607769   593 naive_actor.cpp:25] actor 1099614388320 switch to &NaiveActor::HandlerNormal
I1013 15:07:50.607806   593 thread.cpp:96] Thread 524337 construct Actor kTick 1099614388320
I1013 15:07:50.607843   593 runtime_context.cpp:29] DecreaseCounter constructing_actor_cnt, current val is 326
I1013 15:07:50.608031   593 naive_actor.cpp:25] actor 1099614388240 switch to &NaiveActor::HandlerNormal
I1013 15:07:50.608068   593 thread.cpp:96] Thread 524337 construct Actor kTick 1099614388240
I1013 15:07:50.608090   601 naive_actor.cpp:25] actor 2199023255614 switch to &NaiveActor::HandlerNormal
I1013 15:07:50.608105   593 runtime_context.cpp:29] DecreaseCounter constructing_actor_cnt, current val is 325
I1013 15:07:50.608132   601 thread.cpp:96] Thread 1048576 construct Actor kNormalForward 2199023255614
I1013 15:07:50.608269   601 runtime_context.cpp:29] DecreaseCounter constructing_actor_cnt, current val is 324
I1013 15:07:50.608332   593 naive_actor.cpp:25] actor 1099614388241 switch to &NaiveActor::HandlerNormal
I1013 15:07:50.608367   593 thread.cpp:96] Thread 524337 construct Actor kDeviceTick 1099614388241
I1013 15:07:50.608405   593 runtime_context.cpp:29] DecreaseCounter constructing_actor_cnt, current val is 323
I1013 15:07:50.608610   593 naive_actor.cpp:25] actor 1099614388242 switch to &NaiveActor::HandlerNormal
I1013 15:07:50.608647   593 thread.cpp:96] Thread 524337 construct Actor kSrcSubsetTick 1099614388242
I1013 15:07:50.608630   601 naive_actor.cpp:25] actor 2199023255568 switch to &NaiveActor::HandlerNormal
I1013 15:07:50.608688   593 runtime_context.cpp:29] DecreaseCounter constructing_actor_cnt, current val is 322
I1013 15:07:50.608695   601 thread.cpp:96] Thread 1048576 construct Actor kNormalForward 2199023255568
I1013 15:07:50.608759   601 runtime_context.cpp:29] DecreaseCounter constructing_actor_cnt, current val is 321
I1013 15:07:50.608880   593 naive_actor.cpp:25] actor 1099614388245 switch to &NaiveActor::HandlerNormal
I1013 15:07:50.608916   593 thread.cpp:96] Thread 524337 construct Actor kTick 1099614388245
I1013 15:07:50.608952   593 runtime_context.cpp:29] DecreaseCounter constructing_actor_cnt, current val is 320
I1013 15:07:50.609145   593 naive_actor.cpp:25] actor 1099614388248 switch to &NaiveActor::HandlerNormal
I1013 15:07:50.609181   593 thread.cpp:96] Thread 524337 construct Actor kTick 1099614388248
I1013 15:07:50.609218   593 runtime_context.cpp:29] DecreaseCounter constructing_actor_cnt, current val is 319
I1013 15:07:50.609411   593 naive_actor.cpp:25] actor 1099614388247 switch to &NaiveActor::HandlerNormal
I1013 15:07:50.609447   593 thread.cpp:96] Thread 524337 construct Actor kTick 1099614388247
I1013 15:07:50.609484   593 runtime_context.cpp:29] DecreaseCounter constructing_actor_cnt, current val is 318
I1013 15:07:50.609668   601 naive_actor.cpp:25] actor 2199023255559 switch to &NaiveActor::HandlerNormal
I1013 15:07:50.609721   601 thread.cpp:96] Thread 1048576 construct Actor kNormalForward 2199023255559
I1013 15:07:50.609730   593 naive_actor.cpp:25] actor 1099614388246 switch to &NaiveActor::HandlerNormal
I1013 15:07:50.609771   593 thread.cpp:96] Thread 524337 construct Actor kDstSubsetTick 1099614388246
I1013 15:07:50.609808   601 runtime_context.cpp:29] DecreaseCounter constructing_actor_cnt, current val is 317
I1013 15:07:50.609818   593 runtime_context.cpp:29] DecreaseCounter constructing_actor_cnt, current val is 316
I1013 15:07:50.610025   593 naive_actor.cpp:25] actor 1099614388249 switch to &NaiveActor::HandlerNormal
I1013 15:07:50.610064   593 thread.cpp:96] Thread 524337 construct Actor kTick 1099614388249
I1013 15:07:50.610108   593 runtime_context.cpp:29] DecreaseCounter constructing_actor_cnt, current val is 315
I1013 15:07:50.610318   593 naive_actor.cpp:25] actor 1099614388319 switch to &NaiveActor::HandlerNormal
I1013 15:07:50.610354   593 thread.cpp:96] Thread 524337 construct Actor kTick 1099614388319
I1013 15:07:50.610392   593 runtime_context.cpp:29] DecreaseCounter constructing_actor_cnt, current val is 314
I1013 15:07:50.610587   593 naive_actor.cpp:25] actor 1099614388257 switch to &NaiveActor::HandlerNormal
I1013 15:07:50.610623   593 thread.cpp:96] Thread 524337 construct Actor kTick 1099614388257
I1013 15:07:50.610661   593 runtime_context.cpp:29] DecreaseCounter constructing_actor_cnt, current val is 313
I1013 15:07:50.610780   601 naive_actor.cpp:25] actor 2199023255577 switch to &NaiveActor::HandlerNormal
I1013 15:07:50.610834   601 thread.cpp:96] Thread 1048576 construct Actor kNormalForward 2199023255577
I1013 15:07:50.610854   593 naive_actor.cpp:25] actor 1099614388250 switch to &NaiveActor::HandlerNormal
I1013 15:07:50.610883   593 thread.cpp:96] Thread 524337 construct Actor kDeviceTick 1099614388250
I1013 15:07:50.610924   593 runtime_context.cpp:29] DecreaseCounter constructing_actor_cnt, current val is 311
I1013 15:07:50.610921   601 runtime_context.cpp:29] DecreaseCounter constructing_actor_cnt, current val is 312
I1013 15:07:50.611186   593 naive_actor.cpp:25] actor 1099614388251 switch to &NaiveActor::HandlerNormal
I1013 15:07:50.611229   593 thread.cpp:96] Thread 524337 construct Actor kSrcSubsetTick 1099614388251
I1013 15:07:50.611276   593 runtime_context.cpp:29] DecreaseCounter constructing_actor_cnt, current val is 310
I1013 15:07:50.611351   601 naive_actor.cpp:25] actor 2199023255561 switch to &NaiveActor::HandlerNormal
I1013 15:07:50.611400   601 thread.cpp:96] Thread 1048576 construct Actor kNormalForward 2199023255561
I1013 15:07:50.611471   601 runtime_context.cpp:29] DecreaseCounter constructing_actor_cnt, current val is 309
I1013 15:07:50.611479   593 naive_actor.cpp:25] actor 1099614388254 switch to &NaiveActor::HandlerNormal
I1013 15:07:50.611524   593 thread.cpp:96] Thread 524337 construct Actor kTick 1099614388254
I1013 15:07:50.611578   593 runtime_context.cpp:29] DecreaseCounter constructing_actor_cnt, current val is 308
I1013 15:07:50.611766   593 naive_actor.cpp:25] actor 1099614388256 switch to &NaiveActor::HandlerNormal
I1013 15:07:50.611804   593 thread.cpp:96] Thread 524337 construct Actor kTick 1099614388256
I1013 15:07:50.611840   593 runtime_context.cpp:29] DecreaseCounter constructing_actor_cnt, current val is 307
I1013 15:07:50.612064   593 naive_actor.cpp:25] actor 1099614388255 switch to &NaiveActor::HandlerNormal
I1013 15:07:50.612102   593 thread.cpp:96] Thread 524337 construct Actor kDstSubsetTick 1099614388255
I1013 15:07:50.612143   593 runtime_context.cpp:29] DecreaseCounter constructing_actor_cnt, current val is 306
I1013 15:07:50.612322   601 naive_actor.cpp:25] actor 2199023255619 switch to &NaiveActor::HandlerNormal
I1013 15:07:50.612331   593 naive_actor.cpp:25] actor 1099614388266 switch to &NaiveActor::HandlerNormal
I1013 15:07:50.612377   601 thread.cpp:96] Thread 1048576 construct Actor kNormalForward 2199023255619
I1013 15:07:50.612394   593 thread.cpp:96] Thread 524337 construct Actor kTick 1099614388266
I1013 15:07:50.612462   593 runtime_context.cpp:29] DecreaseCounter constructing_actor_cnt, current val is 305
I1013 15:07:50.612474   601 runtime_context.cpp:29] DecreaseCounter constructing_actor_cnt, current val is 304
I1013 15:07:50.612669   593 naive_actor.cpp:25] actor 1099614388317 switch to &NaiveActor::HandlerNormal
I1013 15:07:50.612707   593 thread.cpp:96] Thread 524337 construct Actor kTick 1099614388317
I1013 15:07:50.612752   593 runtime_context.cpp:29] DecreaseCounter constructing_actor_cnt, current val is 303
I1013 15:07:50.612810   601 naive_actor.cpp:25] actor 2199023255591 switch to &NaiveActor::HandlerNormal
I1013 15:07:50.612859   601 thread.cpp:96] Thread 1048576 construct Actor kNormalForward 2199023255591
I1013 15:07:50.612929   601 runtime_context.cpp:29] DecreaseCounter constructing_actor_cnt, current val is 302
I1013 15:07:50.612965   593 naive_actor.cpp:25] actor 1099614388260 switch to &NaiveActor::HandlerNormal
I1013 15:07:50.612999   593 thread.cpp:96] Thread 524337 construct Actor kSrcSubsetTick 1099614388260
I1013 15:07:50.613044   593 runtime_context.cpp:29] DecreaseCounter constructing_actor_cnt, current val is 301
I1013 15:07:50.613235   593 naive_actor.cpp:25] actor 1099614388263 switch to &NaiveActor::HandlerNormal
I1013 15:07:50.613270   593 thread.cpp:96] Thread 524337 construct Actor kTick 1099614388263
I1013 15:07:50.613267   601 naive_actor.cpp:25] actor 2199023255563 switch to &NaiveActor::HandlerNormal
I1013 15:07:50.613312   593 runtime_context.cpp:29] DecreaseCounter constructing_actor_cnt, current val is 300
I1013 15:07:50.613317   601 thread.cpp:96] Thread 1048576 construct Actor kNormalForward 2199023255563
I1013 15:07:50.613384   601 runtime_context.cpp:29] DecreaseCounter constructing_actor_cnt, current val is 299
I1013 15:07:50.613509   593 naive_actor.cpp:25] actor 1099614388259 switch to &NaiveActor::HandlerNormal
I1013 15:07:50.613545   593 thread.cpp:96] Thread 524337 construct Actor kDeviceTick 1099614388259
I1013 15:07:50.613626   593 runtime_context.cpp:29] DecreaseCounter constructing_actor_cnt, current val is 298
I1013 15:07:50.613710   601 naive_actor.cpp:25] actor 2199023255566 switch to &NaiveActor::HandlerNormal
I1013 15:07:50.613768   601 thread.cpp:96] Thread 1048576 construct Actor kNormalForward 2199023255566
I1013 15:07:50.613831   601 runtime_context.cpp:29] DecreaseCounter constructing_actor_cnt, current val is 297
I1013 15:07:50.613831   593 naive_actor.cpp:25] actor 1099614388258 switch to &NaiveActor::HandlerNormal
I1013 15:07:50.613895   593 thread.cpp:96] Thread 524337 construct Actor kTick 1099614388258
I1013 15:07:50.613932   593 runtime_context.cpp:29] DecreaseCounter constructing_actor_cnt, current val is 296
I1013 15:07:50.614168   593 naive_actor.cpp:25] actor 1099614388264 switch to &NaiveActor::HandlerNormal
I1013 15:07:50.614205   593 thread.cpp:96] Thread 524337 construct Actor kDstSubsetTick 1099614388264
I1013 15:07:50.614246   593 runtime_context.cpp:29] DecreaseCounter constructing_actor_cnt, current val is 295
I1013 15:07:50.614434   593 naive_actor.cpp:25] actor 1099614388265 switch to &NaiveActor::HandlerNormal
I1013 15:07:50.614470   593 thread.cpp:96] Thread 524337 construct Actor kTick 1099614388265
I1013 15:07:50.614507   593 runtime_context.cpp:29] DecreaseCounter constructing_actor_cnt, current val is 294
I1013 15:07:50.614635   601 naive_actor.cpp:25] actor 2199023255575 switch to &NaiveActor::HandlerNormal
I1013 15:07:50.614688   601 thread.cpp:96] Thread 1048576 construct Actor kNormalForward 2199023255575
I1013 15:07:50.614712   593 naive_actor.cpp:25] actor 1099614388281 switch to &NaiveActor::HandlerNormal
I1013 15:07:50.614733   593 thread.cpp:96] Thread 524337 construct Actor kTick 1099614388281
I1013 15:07:50.614754   601 runtime_context.cpp:29] DecreaseCounter constructing_actor_cnt, current val is 293
I1013 15:07:50.614765   593 runtime_context.cpp:29] DecreaseCounter constructing_actor_cnt, current val is 292
I1013 15:07:50.614989   593 naive_actor.cpp:25] actor 1099614388272 switch to &NaiveActor::HandlerNormal
I1013 15:07:50.615025   593 thread.cpp:96] Thread 524337 construct Actor kDstSubsetTick 1099614388272
I1013 15:07:50.615061   593 runtime_context.cpp:29] DecreaseCounter constructing_actor_cnt, current val is 291
I1013 15:07:50.615247   593 naive_actor.cpp:25] actor 1099614388282 switch to &NaiveActor::HandlerNormal
I1013 15:07:50.615283   593 thread.cpp:96] Thread 524337 construct Actor kTick 1099614388282
I1013 15:07:50.615316   593 runtime_context.cpp:29] DecreaseCounter constructing_actor_cnt, current val is 290
I1013 15:07:50.615500   593 naive_actor.cpp:25] actor 1099614388277 switch to &NaiveActor::HandlerNormal
I1013 15:07:50.615535   593 thread.cpp:96] Thread 524337 construct Actor kSrcSubsetTick 1099614388277
I1013 15:07:50.615576   593 runtime_context.cpp:29] DecreaseCounter constructing_actor_cnt, current val is 289
I1013 15:07:50.615721   601 naive_actor.cpp:25] actor 2199023255608 switch to &NaiveActor::HandlerNormal
I1013 15:07:50.615770   593 naive_actor.cpp:25] actor 1099614388268 switch to &NaiveActor::HandlerNormal
I1013 15:07:50.615772   601 thread.cpp:96] Thread 1048576 construct Actor kNormalForward 2199023255608
I1013 15:07:50.615797   593 thread.cpp:96] Thread 524337 construct Actor kSrcSubsetTick 1099614388268
I1013 15:07:50.615852   593 runtime_context.cpp:29] DecreaseCounter constructing_actor_cnt, current val is 288
I1013 15:07:50.615869   601 runtime_context.cpp:29] DecreaseCounter constructing_actor_cnt, current val is 287
I1013 15:07:50.616029   593 naive_actor.cpp:25] actor 1099614388267 switch to &NaiveActor::HandlerNormal
I1013 15:07:50.616065   593 thread.cpp:96] Thread 524337 construct Actor kDeviceTick 1099614388267
I1013 15:07:50.616098   593 runtime_context.cpp:29] DecreaseCounter constructing_actor_cnt, current val is 286
I1013 15:07:50.616266   593 naive_actor.cpp:25] actor 1099614388274 switch to &NaiveActor::HandlerNormal
I1013 15:07:50.616300   593 thread.cpp:96] Thread 524337 construct Actor kTick 1099614388274
I1013 15:07:50.616392   593 runtime_context.cpp:29] DecreaseCounter constructing_actor_cnt, current val is 285
I1013 15:07:50.616590   593 naive_actor.cpp:25] actor 1099614388318 switch to &NaiveActor::HandlerNormal
I1013 15:07:50.616626   593 thread.cpp:96] Thread 524337 construct Actor kTick 1099614388318
I1013 15:07:50.616662   593 runtime_context.cpp:29] DecreaseCounter constructing_actor_cnt, current val is 284
I1013 15:07:50.616793   601 naive_actor.cpp:25] actor 2199023255569 switch to &NaiveActor::HandlerNormal
I1013 15:07:50.616842   593 naive_actor.cpp:25] actor 1099614388279 switch to &NaiveActor::HandlerNormal
I1013 15:07:50.616843   601 thread.cpp:96] Thread 1048576 construct Actor kNormalForward 2199023255569
I1013 15:07:50.616866   593 thread.cpp:96] Thread 524337 construct Actor kTick 1099614388279
I1013 15:07:50.616925   593 runtime_context.cpp:29] DecreaseCounter constructing_actor_cnt, current val is 283
I1013 15:07:50.616937   601 runtime_context.cpp:29] DecreaseCounter constructing_actor_cnt, current val is 282
I1013 15:07:50.617125   593 naive_actor.cpp:25] actor 1099614388280 switch to &NaiveActor::HandlerNormal
I1013 15:07:50.617159   593 thread.cpp:96] Thread 524337 construct Actor kDstSubsetTick 1099614388280
I1013 15:07:50.617204   593 runtime_context.cpp:29] DecreaseCounter constructing_actor_cnt, current val is 281
I1013 15:07:50.617604   593 esac_actor.cpp:73] actor 1099614388313 switch to &EsacActor::HandlerNormal
I1013 15:07:50.617640   593 thread.cpp:96] Thread 524337 construct Actor kEsac 1099614388313
I1013 15:07:50.617686   593 runtime_context.cpp:29] DecreaseCounter constructing_actor_cnt, current val is 280
I1013 15:07:50.617800   601 naive_actor.cpp:25] actor 2199023255556 switch to &NaiveActor::HandlerNormal
I1013 15:07:50.617851   601 thread.cpp:96] Thread 1048576 construct Actor kNormalForward 2199023255556
I1013 15:07:50.617877   593 naive_actor.cpp:25] actor 1099614388273 switch to &NaiveActor::HandlerNormal
I1013 15:07:50.617898   593 thread.cpp:96] Thread 524337 construct Actor kTick 1099614388273
I1013 15:07:50.617936   601 runtime_context.cpp:29] DecreaseCounter constructing_actor_cnt, current val is 279
I1013 15:07:50.617938   593 runtime_context.cpp:29] DecreaseCounter constructing_actor_cnt, current val is 278
I1013 15:07:50.618142   593 naive_actor.cpp:25] actor 1099614388275 switch to &NaiveActor::HandlerNormal
I1013 15:07:50.618177   593 thread.cpp:96] Thread 524337 construct Actor kTick 1099614388275
I1013 15:07:50.618221   593 runtime_context.cpp:29] DecreaseCounter constructing_actor_cnt, current val is 277
I1013 15:07:50.618400   593 naive_actor.cpp:25] actor 1099614388271 switch to &NaiveActor::HandlerNormal
I1013 15:07:50.618433   593 thread.cpp:96] Thread 524337 construct Actor kTick 1099614388271
I1013 15:07:50.618468   593 runtime_context.cpp:29] DecreaseCounter constructing_actor_cnt, current val is 276
I1013 15:07:50.618649   593 naive_actor.cpp:25] actor 1099614388285 switch to &NaiveActor::HandlerNormal
I1013 15:07:50.618681   593 thread.cpp:96] Thread 524337 construct Actor kTick 1099614388285
I1013 15:07:50.618716   593 runtime_context.cpp:29] DecreaseCounter constructing_actor_cnt, current val is 275
I1013 15:07:50.618881   601 naive_actor.cpp:25] actor 2199023255567 switch to &NaiveActor::HandlerNormal
I1013 15:07:50.618911   593 reentrant_lock_actor.cpp:76] actor 1099614388283 switch to &ReentrantLockActor::HandlerNormal
I1013 15:07:50.618935   601 thread.cpp:96] Thread 1048576 construct Actor kNormalForward 2199023255567
I1013 15:07:50.618952   593 thread.cpp:96] Thread 524337 construct Actor kReentrantLock 1099614388283
I1013 15:07:50.619010   593 runtime_context.cpp:29] DecreaseCounter constructing_actor_cnt, current val is 274
I1013 15:07:50.619021   601 runtime_context.cpp:29] DecreaseCounter constructing_actor_cnt, current val is 273
I1013 15:07:50.619191   593 naive_actor.cpp:25] actor 1099614388289 switch to &NaiveActor::HandlerNormal
I1013 15:07:50.619226   593 thread.cpp:96] Thread 524337 construct Actor kTick 1099614388289
I1013 15:07:50.619284   593 runtime_context.cpp:29] DecreaseCounter constructing_actor_cnt, current val is 272
I1013 15:07:50.619331   601 naive_actor.cpp:25] actor 2199023255581 switch to &NaiveActor::HandlerNormal
I1013 15:07:50.619387   601 thread.cpp:96] Thread 1048576 construct Actor kNormalForward 2199023255581
I1013 15:07:50.619457   601 runtime_context.cpp:29] DecreaseCounter constructing_actor_cnt, current val is 271
I1013 15:07:50.619488   593 naive_actor.cpp:25] actor 1099614388286 switch to &NaiveActor::HandlerNormal
I1013 15:07:50.619520   593 thread.cpp:96] Thread 524337 construct Actor kTick 1099614388286
I1013 15:07:50.619561   593 runtime_context.cpp:29] DecreaseCounter constructing_actor_cnt, current val is 270
I1013 15:07:50.619752   593 naive_actor.cpp:25] actor 1099614388287 switch to &NaiveActor::HandlerNormal
I1013 15:07:50.619787   593 thread.cpp:96] Thread 524337 construct Actor kTick 1099614388287
I1013 15:07:50.619822   593 runtime_context.cpp:29] DecreaseCounter constructing_actor_cnt, current val is 269
I1013 15:07:50.619990   593 naive_actor.cpp:25] actor 1099614388299 switch to &NaiveActor::HandlerNormal
I1013 15:07:50.620023   593 thread.cpp:96] Thread 524337 construct Actor kTick 1099614388299
I1013 15:07:50.620065   593 runtime_context.cpp:29] DecreaseCounter constructing_actor_cnt, current val is 268
I1013 15:07:50.620251   593 naive_actor.cpp:25] actor 1099614388294 switch to &NaiveActor::HandlerNormal
I1013 15:07:50.620285   593 thread.cpp:96] Thread 524337 construct Actor kTick 1099614388294
I1013 15:07:50.620321   593 runtime_context.cpp:29] DecreaseCounter constructing_actor_cnt, current val is 267
I1013 15:07:50.620383   601 naive_actor.cpp:25] actor 2199023255574 switch to &NaiveActor::HandlerNormal
I1013 15:07:50.620431   601 thread.cpp:96] Thread 1048576 construct Actor kNormalForward 2199023255574
I1013 15:07:50.620507   601 runtime_context.cpp:29] DecreaseCounter constructing_actor_cnt, current val is 266
I1013 15:07:50.620508   593 naive_actor.cpp:25] actor 1099614388300 switch to &NaiveActor::HandlerNormal
I1013 15:07:50.620555   593 thread.cpp:96] Thread 524337 construct Actor kTick 1099614388300
I1013 15:07:50.620595   593 runtime_context.cpp:29] DecreaseCounter constructing_actor_cnt, current val is 265
I1013 15:07:50.620779   593 naive_actor.cpp:25] actor 1099614388290 switch to &NaiveActor::HandlerNormal
I1013 15:07:50.620813   593 thread.cpp:96] Thread 524337 construct Actor kTick 1099614388290
I1013 15:07:50.620846   593 runtime_context.cpp:29] DecreaseCounter constructing_actor_cnt, current val is 264
I1013 15:07:50.621024   593 naive_actor.cpp:25] actor 1099614388295 switch to &NaiveActor::HandlerNormal
I1013 15:07:50.621058   593 thread.cpp:96] Thread 524337 construct Actor kTick 1099614388295
I1013 15:07:50.621100   593 runtime_context.cpp:29] DecreaseCounter constructing_actor_cnt, current val is 263
I1013 15:07:50.621284   593 naive_actor.cpp:25] actor 1099614388292 switch to &NaiveActor::HandlerNormal
I1013 15:07:50.621318   593 thread.cpp:96] Thread 524337 construct Actor kTick 1099614388292
I1013 15:07:50.621353   593 runtime_context.cpp:29] DecreaseCounter constructing_actor_cnt, current val is 262
I1013 15:07:50.621436   601 naive_actor.cpp:25] actor 2199023255554 switch to &NaiveActor::HandlerNormal
I1013 15:07:50.621485   601 thread.cpp:96] Thread 1048576 construct Actor kNormalForward 2199023255554
I1013 15:07:50.621539   593 naive_actor.cpp:25] actor 1099614388297 switch to &NaiveActor::HandlerNormal
I1013 15:07:50.621562   593 thread.cpp:96] Thread 524337 construct Actor kTick 1099614388297
I1013 15:07:50.621562   601 runtime_context.cpp:29] DecreaseCounter constructing_actor_cnt, current val is 261
I1013 15:07:50.621601   593 runtime_context.cpp:29] DecreaseCounter constructing_actor_cnt, current val is 260
I1013 15:07:50.621769   593 naive_actor.cpp:25] actor 1099614388288 switch to &NaiveActor::HandlerNormal
I1013 15:07:50.621804   593 thread.cpp:96] Thread 524337 construct Actor kTick 1099614388288
I1013 15:07:50.621846   593 runtime_context.cpp:29] DecreaseCounter constructing_actor_cnt, current val is 259
I1013 15:07:50.622076   593 naive_actor.cpp:25] actor 1099614388296 switch to &NaiveActor::HandlerNormal
I1013 15:07:50.622114   593 thread.cpp:96] Thread 524337 construct Actor kTick 1099614388296
I1013 15:07:50.622150   593 runtime_context.cpp:29] DecreaseCounter constructing_actor_cnt, current val is 258
I1013 15:07:50.622329   593 naive_actor.cpp:25] actor 1099614388291 switch to &NaiveActor::HandlerNormal
I1013 15:07:50.622364   593 thread.cpp:96] Thread 524337 construct Actor kTick 1099614388291
I1013 15:07:50.622398   593 runtime_context.cpp:29] DecreaseCounter constructing_actor_cnt, current val is 257
I1013 15:07:50.622416   601 naive_actor.cpp:25] actor 2199023255589 switch to &NaiveActor::HandlerNormal
