Log file created at: 2021/10/12 16:12:57
Running on machine: oneflow-14
Log line format: [IWEF]mmdd hh:mm:ss.uuuuuu threadid file:line] msg
I1012 16:12:57.521939  6226 global.h:36] NewGlobal 14cudaDeviceProp
I1012 16:12:57.523049  6226 global.h:36] NewGlobal N7oneflow7EnvDescE
I1012 16:12:57.523074  6226 global.h:36] NewGlobal N7oneflow10ProcessCtxE
I1012 16:12:57.523088  6226 env_global_objects_scope.cpp:152] using rpc backend: local
I1012 16:12:57.523228  6226 global.h:36] NewGlobal N7oneflow12ResourceDescE
I1012 16:12:57.523247  6226 global.h:36] NewGlobal N7oneflow12ResourceDescE
I1012 16:12:57.685416  6226 global.h:36] NewGlobal N7oneflow10ThreadPoolE
I1012 16:12:57.686791  6226 global.h:36] NewGlobal N7oneflow16EagerNcclCommMgrE
I1012 16:12:57.686830  6226 global.h:36] NewGlobal N7oneflow18CudnnConvAlgoCacheE
I1012 16:12:57.686843  6226 global.h:36] NewGlobal N7oneflow2vm19VirtualMachineScopeE
I1012 16:12:57.686854  6226 global.h:36] NewGlobal N7oneflow9OneflowVME
I1012 16:12:57.687747  6226 oneflow_vm.cpp:75] transport stream type: N7oneflow2vm13CpuStreamTypeE
I1012 16:12:57.687772  6226 oneflow_vm.cpp:75] transport stream type: N7oneflow2vm14CudaStreamTypeE
I1012 16:12:57.687784  6226 oneflow_vm.cpp:75] transport stream type: N7oneflow2vm19AsyncCudaStreamTypeE
I1012 16:12:57.687950  6226 global.h:36] NewGlobal N7oneflow27EagerJobBuildAndInferCtxMgrE
I1012 16:12:57.687971  6226 global.h:36] NewGlobal N7oneflow12EpollCommNetE
I1012 16:12:57.688158  6226 epoll_comm_network.cpp:63] CommNet:Epoll listening on 0.0.0.0:46327
I1012 16:12:57.688213  6226 epoll_comm_network.cpp:197] machine 0 sockfd -1
I1012 16:12:57.688342  6226 global.h:36] NewGlobal N7oneflow9TransportE
I1012 16:12:57.690037  6226 global.h:43] DeleteGlobal N7oneflow12ResourceDescE
I1012 16:12:57.690068  6226 version.cpp:22] OneFlow git version: b295ca2324
I1012 16:12:57.690084  6226 device_register_gpu.cpp:56] CUDA runtime version: 11.2
I1012 16:12:57.690104  6226 device_register_gpu.cpp:65] cuDNN version: 8.1.1
I1012 16:12:57.690115  6226 device_register_gpu.cpp:78] NCCL version: 2.9.8
I1012 16:12:57.690124  6226 global.h:36] NewGlobal N7oneflow12ResourceDescE
I1012 16:12:57.690133  6226 global.h:36] NewGlobal N7oneflow5IDMgrE
I1012 16:12:57.690143  6226 global.h:36] NewGlobal N7oneflow16AvailableMemDescE
I1012 16:12:57.690169  6226 global.h:36] NewGlobal St13unordered_mapISslSt4hashISsESt8equal_toISsESaISt4pairIKSslEEE
I1012 16:12:57.690178  6226 global.h:36] NewGlobal N7oneflow19CriticalSectionDescE
I1012 16:12:57.690186  6226 global.h:36] NewGlobal N7oneflow16InterUserJobInfoE
I1012 16:12:57.690194  6226 global.h:36] NewGlobal N7oneflow26LazyJobBuildAndInferCtxMgrE
I1012 16:12:57.690202  6226 global.h:36] NewGlobal N7oneflow16JobSetCompileCtxE
I1012 16:12:57.690210  6226 global.h:36] NewGlobal N7oneflow26RuntimeBufferManagersScopeE
I1012 16:12:57.690218  6226 global.h:36] NewGlobal N7oneflow9BufferMgrIlEE
I1012 16:12:57.690225  6226 global.h:36] NewGlobal N7oneflow9BufferMgrISt10shared_ptrINS_11JobInstanceEEEE
I1012 16:12:57.690233  6226 global.h:36] NewGlobal N7oneflow10RuntimeCtxE
I1012 16:12:57.690240  6226 global.h:36] NewGlobal N7oneflow15MemoryAllocatorE
I1012 16:12:57.690248  6226 global.h:36] NewGlobal N7oneflow8ChunkMgrE
I1012 16:12:57.690255  6226 global.h:36] NewGlobal N7oneflow8RegstMgrE
I1012 16:12:57.690263  6226 global.h:36] NewGlobal N7oneflow11ActorMsgBusE
I1012 16:12:57.690270  6226 global.h:36] NewGlobal N7oneflow9ThreadMgrE
I1012 16:12:57.690279  6226 global.h:36] NewGlobal N7oneflow15RuntimeJobDescsE
I1012 16:12:57.690285  6226 global.h:36] NewGlobal N7oneflow7summary12EventsWriterE
I1012 16:12:57.690295  6226 global.h:36] NewGlobal N7oneflow6boxing10collective24CollectiveBoxingExecutorE
I1012 16:12:57.690304  6226 global.h:36] NewGlobal N7oneflow6boxing10collective31CollectiveBoxingDeviceCtxPollerE
I1012 16:12:57.690454  6226 session.h:77] NewGlobal N7oneflow25SessionGlobalObjectsScopeE
I1012 16:12:57.691308  6226 global.h:36] NewGlobal N7oneflow7JobDescE
I1012 16:12:58.833680  6226 global.h:43] DeleteGlobal N7oneflow7JobDescE
I1012 16:12:58.834065  6226 global.h:36] NewGlobal N7oneflow7JobDescE
I1012 16:12:58.841265  6226 global.h:36] NewGlobal N7oneflow7OpGraphE
I1012 16:12:58.857211  6226 global.h:43] DeleteGlobal N7oneflow7OpGraphE
I1012 16:12:59.675387  6226 global.h:43] DeleteGlobal N7oneflow7JobDescE
I1012 16:12:59.723014  6226 global.h:36] NewGlobal N7oneflow24InterJobReuseMemStrategyE
I1012 16:12:59.723194  6226 global.h:36] NewGlobal N7oneflow7OneflowE
I1012 16:12:59.754916  6226 global.h:36] NewGlobal N7oneflow7JobDescE
I1012 16:13:00.454411  6226 insert_nccl_logical_op_pass.cpp:663]  Try insert nccl logical ops into job: train_job. Begin...
I1012 16:13:00.456816  6226 insert_nccl_logical_op_pass.cpp:432]  insert nccl op: System-NCCL-Logical-S2B-114 from: [IdentityN_5](order=0, nd_sbp=[S(0)])->[ParallelCast_6](order=2, nd_sbp=[B]) and before: [System-Boxing-Identity-93](order=1)
I1012 16:13:00.457073  6226 insert_nccl_logical_op_pass.cpp:432]  insert nccl op: System-NCCL-Logical-S2B-115 from: [IdentityN_5](order=0, nd_sbp=[S(0)])->[ParallelCast_11](order=3, nd_sbp=[B]) and before: [System-Boxing-Identity-93](order=1)
I1012 16:13:00.457381  6226 insert_nccl_logical_op_pass.cpp:432]  insert nccl op: System-NCCL-Logical-S2S-116 from: [Gather_12](order=5, nd_sbp=[S(2)])->[Reshape_14](order=7, nd_sbp=[S(0)]) and before: [Reshape_8](order=6)
I1012 16:13:00.457648  6226 insert_nccl_logical_op_pass.cpp:432]  insert nccl op: System-NCCL-Logical-P2S-117 from: [ReduceSum_9](order=8, nd_sbp=[P])->[AddN_23](order=47, nd_sbp=[S(0)]) and before: [Concat_15](order=9)
I1012 16:13:00.458858  6226 insert_nccl_logical_op_pass.cpp:432]  insert nccl op: System-NCCL-Logical-S2B-118 from: [SigmoidCrossEntropy_24_grad](order=51, nd_sbp=[S(0)])->[ReduceSum_9_grad](order=56, nd_sbp=[B]) and before: [ScalarMul_26](order=52)
I1012 16:13:00.459065  6226 insert_nccl_logical_op_pass.cpp:432]  insert nccl op: System-NCCL-Logical-P2B-119 from: [deep_scores-matmul_grad_b](order=53, nd_sbp=[P])->[System-ModelDiffScale-ScalarMul_66](order=57, nd_sbp=[B]) and before: [deep_scores-matmul_grad_a](order=54)
I1012 16:13:00.459374  6226 insert_nccl_logical_op_pass.cpp:432]  insert nccl op: System-NCCL-Logical-P2B-120 from: [deep_scores-bias_add_grad](order=55, nd_sbp=[P])->[System-ModelDiffScale-ScalarMul_78](order=60, nd_sbp=[B]) and before: [ReduceSum_9_grad](order=56)
I1012 16:13:00.459748  6226 insert_nccl_logical_op_pass.cpp:432]  insert nccl op: System-NCCL-Logical-P2B-121 from: [fc6-matmul_grad_b](order=65, nd_sbp=[P])->[System-ModelDiffScale-ScalarMul_70](order=69, nd_sbp=[B]) and before: [fc6-bias_add_grad](order=66)
I1012 16:13:00.459987  6226 insert_nccl_logical_op_pass.cpp:432]  insert nccl op: System-NCCL-Logical-P2B-122 from: [fc6-bias_add_grad](order=66, nd_sbp=[P])->[System-ModelDiffScale-ScalarMul_69](order=70, nd_sbp=[B]) and before: [fc6-matmul_grad_a](order=67)
I1012 16:13:00.460310  6226 insert_nccl_logical_op_pass.cpp:432]  insert nccl op: System-NCCL-Logical-P2B-123 from: [fc5-matmul_grad_b](order=76, nd_sbp=[P])->[System-ModelDiffScale-ScalarMul_68](order=79, nd_sbp=[B]) and before: [fc5-bias_add_grad](order=77)
I1012 16:13:00.460507  6226 insert_nccl_logical_op_pass.cpp:432]  insert nccl op: System-NCCL-Logical-P2B-124 from: [fc5-bias_add_grad](order=77, nd_sbp=[P])->[System-ModelDiffScale-ScalarMul_71](order=80, nd_sbp=[B]) and before: [fc5-matmul_grad_a](order=78)
I1012 16:13:00.460796  6226 insert_nccl_logical_op_pass.cpp:432]  insert nccl op: System-NCCL-Logical-P2B-125 from: [fc4-matmul_grad_b](order=85, nd_sbp=[P])->[System-ModelDiffScale-ScalarMul_74](order=88, nd_sbp=[B]) and before: [fc4-bias_add_grad](order=86)
I1012 16:13:00.460973  6226 insert_nccl_logical_op_pass.cpp:432]  insert nccl op: System-NCCL-Logical-P2B-126 from: [fc4-bias_add_grad](order=86, nd_sbp=[P])->[System-ModelDiffScale-ScalarMul_79](order=89, nd_sbp=[B]) and before: [fc4-matmul_grad_a](order=87)
I1012 16:13:00.461253  6226 insert_nccl_logical_op_pass.cpp:432]  insert nccl op: System-NCCL-Logical-P2B-127 from: [fc3-matmul_grad_b](order=94, nd_sbp=[P])->[System-ModelDiffScale-ScalarMul_67](order=97, nd_sbp=[B]) and before: [fc3-bias_add_grad](order=95)
I1012 16:13:00.461653  6226 insert_nccl_logical_op_pass.cpp:432]  insert nccl op: System-NCCL-Logical-P2B-128 from: [fc3-bias_add_grad](order=95, nd_sbp=[P])->[System-ModelDiffScale-ScalarMul_82](order=98, nd_sbp=[B]) and before: [fc3-matmul_grad_a](order=96)
I1012 16:13:00.461953  6226 insert_nccl_logical_op_pass.cpp:432]  insert nccl op: System-NCCL-Logical-P2B-129 from: [fc2-matmul_grad_b](order=103, nd_sbp=[P])->[System-ModelDiffScale-ScalarMul_77](order=106, nd_sbp=[B]) and before: [fc2-bias_add_grad](order=104)
I1012 16:13:00.462141  6226 insert_nccl_logical_op_pass.cpp:432]  insert nccl op: System-NCCL-Logical-P2B-130 from: [fc2-bias_add_grad](order=104, nd_sbp=[P])->[System-ModelDiffScale-ScalarMul_73](order=107, nd_sbp=[B]) and before: [fc2-matmul_grad_a](order=105)
I1012 16:13:00.462433  6226 insert_nccl_logical_op_pass.cpp:432]  insert nccl op: System-NCCL-Logical-P2B-131 from: [fc1-matmul_grad_b](order=112, nd_sbp=[P])->[System-ModelDiffScale-ScalarMul_81](order=115, nd_sbp=[B]) and before: [fc1-bias_add_grad](order=113)
I1012 16:13:00.462617  6226 insert_nccl_logical_op_pass.cpp:432]  insert nccl op: System-NCCL-Logical-P2B-132 from: [fc1-bias_add_grad](order=113, nd_sbp=[P])->[System-ModelDiffScale-ScalarMul_65](order=116, nd_sbp=[B]) and before: [fc1-matmul_grad_a](order=114)
I1012 16:13:00.462900  6226 insert_nccl_logical_op_pass.cpp:432]  insert nccl op: System-NCCL-Logical-P2B-133 from: [fc0-matmul_grad_b](order=121, nd_sbp=[P])->[System-ModelDiffScale-ScalarMul_75](order=124, nd_sbp=[B]) and before: [fc0-bias_add_grad](order=122)
I1012 16:13:00.463075  6226 insert_nccl_logical_op_pass.cpp:432]  insert nccl op: System-NCCL-Logical-P2B-134 from: [fc0-bias_add_grad](order=122, nd_sbp=[P])->[System-ModelDiffScale-ScalarMul_72](order=125, nd_sbp=[B]) and before: [fc0-matmul_grad_a](order=123)
I1012 16:13:00.463347  6226 insert_nccl_logical_op_pass.cpp:432]  insert nccl op: System-NCCL-Logical-S2S-135 from: [Reshape_14_grad](order=129, nd_sbp=[S(0)])->[Gather_12_grad](order=130, nd_sbp=[S(2)]) and before: [Gather_12_grad](order=130)
I1012 16:13:00.463501  6226 insert_nccl_logical_op_pass.cpp:699]  Try insert nccl logical ops into job: train_job. ...End

I1012 16:13:00.629325  6226 global.h:36] NewGlobal N7oneflow7OpGraphE
I1012 16:13:00.895896  6226 global.h:43] DeleteGlobal N7oneflow7OpGraphE
I1012 16:13:00.939954  6226 oneflow.cpp:210] 
job_id: 0 , job_name: train_job , compile time: 1.18478 seconds.
I1012 16:13:01.165984  6226 global.h:43] DeleteGlobal N7oneflow7JobDescE
I1012 16:13:01.167309  6226 global.h:36] NewGlobal N7oneflow7JobDescE
I1012 16:13:01.322192  6226 global.h:36] NewGlobal N7oneflow7OpGraphE
I1012 16:13:01.374450  6226 global.h:43] DeleteGlobal N7oneflow7OpGraphE
I1012 16:13:01.384889  6226 oneflow.cpp:210] 
job_id: 1 , job_name: System-ModelInit , compile time: 0.216022 seconds.
I1012 16:13:01.470813  6226 global.h:43] DeleteGlobal N7oneflow7JobDescE
I1012 16:13:01.471048  6226 global.h:36] NewGlobal N7oneflow7JobDescE
I1012 16:13:01.632061  6226 global.h:36] NewGlobal N7oneflow7OpGraphE
I1012 16:13:01.688172  6226 global.h:43] DeleteGlobal N7oneflow7OpGraphE
I1012 16:13:01.696540  6226 oneflow.cpp:210] 
job_id: 2 , job_name: System-ModelLoad , compile time: 0.212993 seconds.
I1012 16:13:01.737248  6226 global.h:43] DeleteGlobal N7oneflow7JobDescE
I1012 16:13:01.748543  6226 global.h:36] NewGlobal N7oneflow7JobDescE
I1012 16:13:01.940044  6226 global.h:36] NewGlobal N7oneflow7OpGraphE
I1012 16:13:02.006177  6226 global.h:43] DeleteGlobal N7oneflow7OpGraphE
I1012 16:13:02.014320  6226 oneflow.cpp:210] 
job_id: 3 , job_name: System-ModelSave , compile time: 0.265523 seconds.
I1012 16:13:02.060010  6226 global.h:43] DeleteGlobal N7oneflow7JobDescE
I1012 16:13:02.060410  6226 global.h:36] NewGlobal N7oneflow7JobDescE
I1012 16:13:02.081095  6226 global.h:36] NewGlobal N7oneflow7OpGraphE
I1012 16:13:02.110121  6226 global.h:43] DeleteGlobal N7oneflow7OpGraphE
I1012 16:13:02.116307  6226 oneflow.cpp:210] 
job_id: 4 , job_name: System-Pull-Return_27 , compile time: 0.0557417 seconds.
I1012 16:13:02.125679  6226 global.h:43] DeleteGlobal N7oneflow7JobDescE
I1012 16:13:02.167552  6226 global.h:36] NewGlobal N7oneflow7JobDescE
I1012 16:13:02.167794  6226 global.h:36] NewGlobal N7oneflow7OpGraphE
I1012 16:13:02.197188  6226 global.h:43] DeleteGlobal N7oneflow7OpGraphE
I1012 16:13:02.202152  6226 oneflow.cpp:210] 
job_id: 5 , job_name: MainJob-unamed , compile time: 0.0343885 seconds.
I1012 16:13:02.217476  6226 global.h:43] DeleteGlobal N7oneflow7JobDescE
I1012 16:13:02.244565  6226 plan_util.cpp:928]  Plan: merged_plan needs to allocate [ 724.647 MiB ] device memory in Rank: 0 , Device: 0
I1012 16:13:02.257483  6226 plan_util.cpp:928]  Plan: merged_plan needs to allocate [ 758.097 MiB ] device memory in Rank: 0 , Device: 1
I1012 16:13:02.665261  6226 oneflow.cpp:998]  PushPlan merged_plan time: 0.057922 seconds.
I1012 16:13:02.836338  6226 oneflow.cpp:1014]  PullPlan merged_plan time: 0.151316 seconds.
I1012 16:13:11.091567  6226 runtime_context.cpp:21] NewCounter constructing_actor_cnt 781
I1012 16:13:11.093732  7314 naive_actor.cpp:25] actor 2199023255722 switch to &NaiveActor::HandlerNormal
I1012 16:13:11.093866  7314 thread.cpp:96] Thread 1048576 construct Actor kDeviceTick 2199023255722
I1012 16:13:11.094029  7314 runtime_context.cpp:29] DecreaseCounter constructing_actor_cnt, current val is 780
I1012 16:13:11.094230  7277 wait_and_send_ids_actor.cpp:53] actor 1099616485376 switch to &WaitAndSendIdsActor::HandlerWaitToStart
I1012 16:13:11.094290  7314 naive_actor.cpp:25] actor 2199023255783 switch to &NaiveActor::HandlerNormal
I1012 16:13:11.094321  7277 thread.cpp:96] Thread 524338 construct Actor kWaitAndSendIds 1099616485376
I1012 16:13:11.094491  7277 runtime_context.cpp:29] DecreaseCounter constructing_actor_cnt, current val is 779
I1012 16:13:11.094383  7314 thread.cpp:96] Thread 1048576 construct Actor kDeviceTick 2199023255783
I1012 16:13:11.093719  7276 naive_actor.cpp:25] actor 1099614388232 switch to &NaiveActor::HandlerNormal
I1012 16:13:11.094676  7314 runtime_context.cpp:29] DecreaseCounter constructing_actor_cnt, current val is 778
I1012 16:13:11.094710  7276 thread.cpp:96] Thread 524337 construct Actor kDeviceTick 1099614388232
I1012 16:13:11.094877  7276 runtime_context.cpp:29] DecreaseCounter constructing_actor_cnt, current val is 777
I1012 16:13:11.094962  7314 naive_actor.cpp:25] actor 2199023255822 switch to &NaiveActor::HandlerNormal
I1012 16:13:11.095041  7314 thread.cpp:96] Thread 1048576 construct Actor kDeviceTick 2199023255822
I1012 16:13:11.095137  7314 runtime_context.cpp:29] DecreaseCounter constructing_actor_cnt, current val is 776
I1012 16:13:11.095166  7276 naive_actor.cpp:25] actor 1099614388240 switch to &NaiveActor::HandlerNormal
I1012 16:13:11.095280  7276 thread.cpp:96] Thread 524337 construct Actor kDeviceTick 1099614388240
I1012 16:13:11.095387  7276 runtime_context.cpp:29] DecreaseCounter constructing_actor_cnt, current val is 775
I1012 16:13:11.095394  7314 naive_actor.cpp:25] actor 2199023255861 switch to &NaiveActor::HandlerNormal
I1012 16:13:11.095549  7314 thread.cpp:96] Thread 1048576 construct Actor kDeviceTick 2199023255861
I1012 16:13:11.095641  7314 runtime_context.cpp:29] DecreaseCounter constructing_actor_cnt, current val is 774
I1012 16:13:11.095687  7276 naive_actor.cpp:25] actor 1099614388231 switch to &NaiveActor::HandlerNormal
I1012 16:13:11.095778  7276 thread.cpp:96] Thread 524337 construct Actor kDeviceTick 1099614388231
I1012 16:13:11.095878  7276 runtime_context.cpp:29] DecreaseCounter constructing_actor_cnt, current val is 773
I1012 16:13:11.096120  7276 naive_actor.cpp:25] actor 1099614388230 switch to &NaiveActor::HandlerNormal
I1012 16:13:11.096217  7276 thread.cpp:96] Thread 524337 construct Actor kDeviceTick 1099614388230
I1012 16:13:11.096310  7276 runtime_context.cpp:29] DecreaseCounter constructing_actor_cnt, current val is 772
I1012 16:13:11.096601  7276 naive_actor.cpp:25] actor 1099614388241 switch to &NaiveActor::HandlerNormal
I1012 16:13:11.096696  7276 thread.cpp:96] Thread 524337 construct Actor kDeviceTick 1099614388241
I1012 16:13:11.096952  7276 runtime_context.cpp:29] DecreaseCounter constructing_actor_cnt, current val is 771
I1012 16:13:11.097194  7350 naive_actor.cpp:25] actor 2207613190314 switch to &NaiveActor::HandlerNormal
I1012 16:13:11.097244  7276 naive_actor.cpp:25] actor 1099614388251 switch to &NaiveActor::HandlerNormal
I1012 16:13:11.109488  7350 thread.cpp:96] Thread 1052672 construct Actor kDeviceTick 2207613190314
I1012 16:13:11.109670  7276 thread.cpp:96] Thread 524337 construct Actor kDeviceTick 1099614388251
I1012 16:13:11.109848  7350 runtime_context.cpp:29] DecreaseCounter constructing_actor_cnt, current val is 770
I1012 16:13:11.109939  7276 runtime_context.cpp:29] DecreaseCounter constructing_actor_cnt, current val is 769
I1012 16:13:11.110363  7350 naive_actor.cpp:25] actor 2207613190375 switch to &NaiveActor::HandlerNormal
I1012 16:13:11.110474  7350 thread.cpp:96] Thread 1052672 construct Actor kDeviceTick 2207613190375
I1012 16:13:11.110519  7276 naive_actor.cpp:25] actor 1099614388260 switch to &NaiveActor::HandlerNormal
I1012 16:13:11.110580  7350 runtime_context.cpp:29] DecreaseCounter constructing_actor_cnt, current val is 768
I1012 16:13:11.110626  7276 thread.cpp:96] Thread 524337 construct Actor kDeviceTick 1099614388260
I1012 16:13:11.110811  7276 runtime_context.cpp:29] DecreaseCounter constructing_actor_cnt, current val is 767
I1012 16:13:11.110939  7350 naive_actor.cpp:25] actor 2207613190414 switch to &NaiveActor::HandlerNormal
I1012 16:13:11.111016  7350 thread.cpp:96] Thread 1052672 construct Actor kDeviceTick 2207613190414
I1012 16:13:11.111101  7350 runtime_context.cpp:29] DecreaseCounter constructing_actor_cnt, current val is 766
I1012 16:13:11.111119  7276 naive_actor.cpp:25] actor 1099614388269 switch to &NaiveActor::HandlerNormal
I1012 16:13:11.111234  7276 thread.cpp:96] Thread 524337 construct Actor kDeviceTick 1099614388269
I1012 16:13:11.111337  7276 runtime_context.cpp:29] DecreaseCounter constructing_actor_cnt, current val is 765
I1012 16:13:11.111411  7350 naive_actor.cpp:25] actor 2207613190453 switch to &NaiveActor::HandlerNormal
I1012 16:13:11.111491  7350 thread.cpp:96] Thread 1052672 construct Actor kDeviceTick 2207613190453
I1012 16:13:11.111572  7350 runtime_context.cpp:29] DecreaseCounter constructing_actor_cnt, current val is 764
I1012 16:13:11.111722  7276 naive_actor.cpp:25] actor 1099614388289 switch to &NaiveActor::HandlerNormal
I1012 16:13:11.111827  7276 thread.cpp:96] Thread 524337 construct Actor kDeviceTick 1099614388289
I1012 16:13:11.111918  7276 runtime_context.cpp:29] DecreaseCounter constructing_actor_cnt, current val is 763
I1012 16:13:11.112218  7276 naive_actor.cpp:25] actor 1099614388286 switch to &NaiveActor::HandlerNormal
I1012 16:13:11.112533  7276 thread.cpp:96] Thread 524337 construct Actor kDeviceTick 1099614388286
I1012 16:13:11.112643  7276 runtime_context.cpp:29] DecreaseCounter constructing_actor_cnt, current val is 762
I1012 16:13:11.112912  7276 naive_actor.cpp:25] actor 1099614388278 switch to &NaiveActor::HandlerNormal
I1012 16:13:11.112998  7276 thread.cpp:96] Thread 524337 construct Actor kDeviceTick 1099614388278
I1012 16:13:11.113103  7276 runtime_context.cpp:29] DecreaseCounter constructing_actor_cnt, current val is 761
I1012 16:13:11.113379  7276 naive_actor.cpp:25] actor 1099614388287 switch to &NaiveActor::HandlerNormal
I1012 16:13:11.113473  7276 thread.cpp:96] Thread 524337 construct Actor kDeviceTick 1099614388287
I1012 16:13:11.113562  7276 runtime_context.cpp:29] DecreaseCounter constructing_actor_cnt, current val is 760
I1012 16:13:11.157819  7243 naive_actor.cpp:25] actor 1099526307840 switch to &NaiveActor::HandlerNormal
I1012 16:13:11.158028  7243 thread.cpp:96] Thread 524295 construct Actor kNormalForward 1099526307840
I1012 16:13:11.158186  7243 runtime_context.cpp:29] DecreaseCounter constructing_actor_cnt, current val is 759
I1012 16:13:11.158071  7251 naive_actor.cpp:25] actor 1099540987904 switch to &NaiveActor::HandlerNormal
I1012 16:13:11.158818  7251 thread.cpp:96] Thread 524302 construct Actor kNormalForward 1099540987904
I1012 16:13:11.159039  7251 runtime_context.cpp:29] DecreaseCounter constructing_actor_cnt, current val is 758
I1012 16:13:11.158457  7240 naive_actor.cpp:25] actor 1099520016384 switch to &NaiveActor::HandlerNormal
I1012 16:13:11.159165  7240 thread.cpp:96] Thread 524292 construct Actor kNormalForward 1099520016384
I1012 16:13:11.159271  7240 runtime_context.cpp:29] DecreaseCounter constructing_actor_cnt, current val is 757
I1012 16:13:11.159402  7248 naive_actor.cpp:25] actor 1099536793600 switch to &NaiveActor::HandlerNormal
I1012 16:13:11.159492  7248 thread.cpp:96] Thread 524300 construct Actor kNormalForward 1099536793600
I1012 16:13:11.160173  7248 runtime_context.cpp:29] DecreaseCounter constructing_actor_cnt, current val is 756
I1012 16:13:11.160064  7244 naive_actor.cpp:25] actor 1099528404992 switch to &NaiveActor::HandlerNormal
I1012 16:13:11.160315  7244 thread.cpp:96] Thread 524296 construct Actor kNormalForward 1099528404992
I1012 16:13:11.160405  7244 runtime_context.cpp:29] DecreaseCounter constructing_actor_cnt, current val is 755
I1012 16:13:11.159901  7246 naive_actor.cpp:25] actor 1099532599296 switch to &NaiveActor::HandlerNormal
I1012 16:13:11.160988  7246 thread.cpp:96] Thread 524298 construct Actor kNormalForward 1099532599296
I1012 16:13:11.161126  7246 runtime_context.cpp:29] DecreaseCounter constructing_actor_cnt, current val is 754
I1012 16:13:11.160912  7241 naive_actor.cpp:25] actor 1099522113536 switch to &NaiveActor::HandlerNormal
I1012 16:13:11.161809  7241 thread.cpp:96] Thread 524293 construct Actor kNormalForward 1099522113536
I1012 16:13:11.161985  7241 runtime_context.cpp:29] DecreaseCounter constructing_actor_cnt, current val is 753
I1012 16:13:11.160877  7250 naive_actor.cpp:25] actor 1099538890752 switch to &NaiveActor::HandlerNormal
I1012 16:13:11.162128  7250 thread.cpp:96] Thread 524301 construct Actor kNormalForward 1099538890752
I1012 16:13:11.162223  7250 runtime_context.cpp:29] DecreaseCounter constructing_actor_cnt, current val is 752
I1012 16:13:11.161479  7245 naive_actor.cpp:25] actor 1099530502144 switch to &NaiveActor::HandlerNormal
I1012 16:13:11.162333  7245 thread.cpp:96] Thread 524297 construct Actor kNormalForward 1099530502144
I1012 16:13:11.162405  7252 naive_actor.cpp:25] actor 1099543085056 switch to &NaiveActor::HandlerNormal
I1012 16:13:11.162490  7252 thread.cpp:96] Thread 524303 construct Actor kNormalForward 1099543085056
I1012 16:13:11.162442  7245 runtime_context.cpp:29] DecreaseCounter constructing_actor_cnt, current val is 751
I1012 16:13:11.161504  7242 naive_actor.cpp:25] actor 1099524210688 switch to &NaiveActor::HandlerNormal
I1012 16:13:11.162595  7252 runtime_context.cpp:29] DecreaseCounter constructing_actor_cnt, current val is 750
I1012 16:13:11.162616  7247 naive_actor.cpp:25] actor 1099534696448 switch to &NaiveActor::HandlerNormal
I1012 16:13:11.162848  7247 thread.cpp:96] Thread 524299 construct Actor kNormalForward 1099534696448
I1012 16:13:11.162711  7242 thread.cpp:96] Thread 524294 construct Actor kNormalForward 1099524210688
I1012 16:13:11.163221  7242 runtime_context.cpp:29] DecreaseCounter constructing_actor_cnt, current val is 748
I1012 16:13:11.163103  7247 runtime_context.cpp:29] DecreaseCounter constructing_actor_cnt, current val is 749
I1012 16:13:11.163767  7253 naive_actor.cpp:25] actor 1099545182208 switch to &NaiveActor::HandlerNormal
I1012 16:13:11.163849  7253 thread.cpp:96] Thread 524304 construct Actor kNormalForward 1099545182208
I1012 16:13:11.163975  7253 runtime_context.cpp:29] DecreaseCounter constructing_actor_cnt, current val is 747
I1012 16:13:11.164211  7254 naive_actor.cpp:25] actor 1099547279360 switch to &NaiveActor::HandlerNormal
I1012 16:13:11.164275  7255 naive_actor.cpp:25] actor 1099549376512 switch to &NaiveActor::HandlerNormal
I1012 16:13:11.164460  7255 thread.cpp:96] Thread 524306 construct Actor kNormalForward 1099549376512
I1012 16:13:11.164614  7255 runtime_context.cpp:29] DecreaseCounter constructing_actor_cnt, current val is 746
I1012 16:13:11.164960  7258 naive_actor.cpp:25] actor 1099555667968 switch to &NaiveActor::HandlerNormal
I1012 16:13:11.165151  7258 thread.cpp:96] Thread 524309 construct Actor kNormalForward 1099555667968
I1012 16:13:11.165259  7258 runtime_context.cpp:29] DecreaseCounter constructing_actor_cnt, current val is 745
I1012 16:13:11.165117  7259 naive_actor.cpp:25] actor 1099557765120 switch to &NaiveActor::HandlerNormal
I1012 16:13:11.165406  7259 thread.cpp:96] Thread 524310 construct Actor kNormalForward 1099557765120
I1012 16:13:11.165500  7259 runtime_context.cpp:29] DecreaseCounter constructing_actor_cnt, current val is 744
I1012 16:13:11.164394  7257 naive_actor.cpp:25] actor 1099553570816 switch to &NaiveActor::HandlerNormal
I1012 16:13:11.165710  7257 thread.cpp:96] Thread 524308 construct Actor kNormalForward 1099553570816
I1012 16:13:11.165812  7257 runtime_context.cpp:29] DecreaseCounter constructing_actor_cnt, current val is 743
I1012 16:13:11.164330  7254 thread.cpp:96] Thread 524305 construct Actor kNormalForward 1099547279360
I1012 16:13:11.165997  7254 runtime_context.cpp:29] DecreaseCounter constructing_actor_cnt, current val is 742
I1012 16:13:11.166285  7256 naive_actor.cpp:25] actor 1099551473664 switch to &NaiveActor::HandlerNormal
I1012 16:13:11.166373  7256 thread.cpp:96] Thread 524307 construct Actor kNormalForward 1099551473664
I1012 16:13:11.166477  7256 runtime_context.cpp:29] DecreaseCounter constructing_actor_cnt, current val is 741
I1012 16:13:11.166702  7261 naive_actor.cpp:25] actor 1099561959424 switch to &NaiveActor::HandlerNormal
I1012 16:13:11.166779  7261 thread.cpp:96] Thread 524312 construct Actor kNormalForward 1099561959424
I1012 16:13:11.166877  7261 runtime_context.cpp:29] DecreaseCounter constructing_actor_cnt, current val is 740
I1012 16:13:11.167166  7264 naive_actor.cpp:25] actor 1099568250880 switch to &NaiveActor::HandlerNormal
I1012 16:13:11.167629  7264 thread.cpp:96] Thread 524315 construct Actor kForeignInput 1099568250880
I1012 16:13:11.167753  7264 runtime_context.cpp:29] DecreaseCounter constructing_actor_cnt, current val is 739
I1012 16:13:11.167603  7260 naive_actor.cpp:25] actor 1099559862272 switch to &NaiveActor::HandlerNormal
I1012 16:13:11.167896  7260 thread.cpp:96] Thread 524311 construct Actor kNormalForward 1099559862272
I1012 16:13:11.167989  7260 runtime_context.cpp:29] DecreaseCounter constructing_actor_cnt, current val is 738
I1012 16:13:11.167423  7265 naive_actor.cpp:25] actor 1099570348032 switch to &NaiveActor::HandlerNormal
I1012 16:13:11.168115  7265 thread.cpp:96] Thread 524316 construct Actor kNormalForward 1099570348032
I1012 16:13:11.168197  7265 runtime_context.cpp:29] DecreaseCounter constructing_actor_cnt, current val is 737
I1012 16:13:11.168015  7262 naive_actor.cpp:25] actor 1099564056576 switch to &NaiveActor::HandlerNormal
I1012 16:13:11.168365  7262 thread.cpp:96] Thread 524313 construct Actor kNormalForward 1099564056576
I1012 16:13:11.168490  7262 runtime_context.cpp:29] DecreaseCounter constructing_actor_cnt, current val is 736
I1012 16:13:11.167528  7266 naive_actor.cpp:25] actor 1099572445184 switch to &NaiveActor::HandlerNormal
I1012 16:13:11.168677  7266 thread.cpp:96] Thread 524317 construct Actor kNormalForward 1099572445184
I1012 16:13:11.168799  7266 runtime_context.cpp:29] DecreaseCounter constructing_actor_cnt, current val is 735
I1012 16:13:11.167613  7263 naive_actor.cpp:25] actor 1099566153728 switch to &NaiveActor::HandlerNormal
I1012 16:13:11.168913  7263 thread.cpp:96] Thread 524314 construct Actor kNormalForward 1099566153728
I1012 16:13:11.169001  7263 runtime_context.cpp:29] DecreaseCounter constructing_actor_cnt, current val is 734
I1012 16:13:11.182284  7268 naive_actor.cpp:25] actor 1099576639488 switch to &NaiveActor::HandlerNormal
I1012 16:13:11.182313  7267 naive_actor.cpp:25] actor 1099574542336 switch to &NaiveActor::HandlerNormal
I1012 16:13:11.182559  7267 thread.cpp:96] Thread 524318 construct Actor kForeignInput 1099574542336
I1012 16:13:11.182696  7267 runtime_context.cpp:29] DecreaseCounter constructing_actor_cnt, current val is 733
I1012 16:13:11.182482  7268 thread.cpp:96] Thread 524319 construct Actor kNormalForward 1099576639488
I1012 16:13:11.183034  7318 naive_actor.cpp:25] actor 2199027449856 switch to &NaiveActor::HandlerNormal
I1012 16:13:11.183125  7318 thread.cpp:96] Thread 1048578 construct Actor kCopyHd 2199027449856
I1012 16:13:11.183226  7318 runtime_context.cpp:29] DecreaseCounter constructing_actor_cnt, current val is 732
I1012 16:13:11.183485  7352 naive_actor.cpp:25] actor 2207615287300 switch to &NaiveActor::HandlerNormal
I1012 16:13:11.183513  7268 runtime_context.cpp:29] DecreaseCounter constructing_actor_cnt, current val is 731
I1012 16:13:11.183634  7352 thread.cpp:96] Thread 1052673 construct Actor kCopyHd 2207615287300
I1012 16:13:11.183825  7352 runtime_context.cpp:29] DecreaseCounter constructing_actor_cnt, current val is 730
I1012 16:13:11.184305  7276 naive_actor.cpp:25] actor 1099614388239 switch to &NaiveActor::HandlerNormal
I1012 16:13:11.184398  7276 thread.cpp:96] Thread 524337 construct Actor kTick 1099614388239
I1012 16:13:11.184897  7276 runtime_context.cpp:29] DecreaseCounter constructing_actor_cnt, current val is 729
I1012 16:13:11.185297  7316 naive_actor.cpp:25] actor 2199025352704 switch to &NaiveActor::HandlerNormal
I1012 16:13:11.185386  7316 thread.cpp:96] Thread 1048577 construct Actor kSliceBoxing 2199025352704
I1012 16:13:11.185554  7316 runtime_context.cpp:29] DecreaseCounter constructing_actor_cnt, current val is 728
I1012 16:13:11.185832  7316 naive_actor.cpp:25] actor 2199025352706 switch to &NaiveActor::HandlerNormal
I1012 16:13:11.185915  7316 thread.cpp:96] Thread 1048577 construct Actor kSliceBoxing 2199025352706
I1012 16:13:11.186028  7316 runtime_context.cpp:29] DecreaseCounter constructing_actor_cnt, current val is 727
I1012 16:13:11.186254  7316 naive_actor.cpp:25] actor 2199025352707 switch to &NaiveActor::HandlerNormal
I1012 16:13:11.186329  7316 thread.cpp:96] Thread 1048577 construct Actor kSliceBoxing 2199025352707
I1012 16:13:11.186408  7316 runtime_context.cpp:29] DecreaseCounter constructing_actor_cnt, current val is 726
I1012 16:13:11.186621  7316 naive_actor.cpp:25] actor 2199025352705 switch to &NaiveActor::HandlerNormal
I1012 16:13:11.186698  7316 thread.cpp:96] Thread 1048577 construct Actor kSliceBoxing 2199025352705
I1012 16:13:11.186777  7274 naive_actor.cpp:25] actor 1099589222400 switch to &NaiveActor::HandlerNormal
I1012 16:13:11.186810  7316 runtime_context.cpp:29] DecreaseCounter constructing_actor_cnt, current val is 725
I1012 16:13:11.186883  7274 thread.cpp:96] Thread 524325 construct Actor kNormalForward 1099589222400
I1012 16:13:11.187106  7352 naive_actor.cpp:25] actor 2207615287296 switch to &NaiveActor::HandlerNormal
I1012 16:13:11.187148  7274 runtime_context.cpp:29] DecreaseCounter constructing_actor_cnt, current val is 724
I1012 16:13:11.187180  7352 thread.cpp:96] Thread 1052673 construct Actor kSliceBoxing 2207615287296
I1012 16:13:11.187256  7270 naive_actor.cpp:25] actor 1099580833792 switch to &NaiveActor::HandlerNormal
I1012 16:13:11.187316  7316 naive_actor.cpp:25] actor 2199025352708 switch to &NaiveActor::HandlerNormal
I1012 16:13:11.187451  7316 thread.cpp:96] Thread 1048577 construct Actor kSliceBoxing 2199025352708
I1012 16:13:11.187384  7270 thread.cpp:96] Thread 524321 construct Actor kForeignInput 1099580833792
I1012 16:13:11.187716  7270 runtime_context.cpp:29] DecreaseCounter constructing_actor_cnt, current val is 721
I1012 16:13:11.187624  7316 runtime_context.cpp:29] DecreaseCounter constructing_actor_cnt, current val is 722
I1012 16:13:11.187342  7352 runtime_context.cpp:29] DecreaseCounter constructing_actor_cnt, current val is 723
I1012 16:13:11.187937  7276 naive_actor.cpp:25] actor 1099614388237 switch to &NaiveActor::HandlerNormal
I1012 16:13:11.188024  7276 thread.cpp:96] Thread 524337 construct Actor kTick 1099614388237
I1012 16:13:11.188077  7271 naive_actor.cpp:25] actor 1099582930944 switch to &NaiveActor::HandlerNormal
I1012 16:13:11.188122  7276 runtime_context.cpp:29] DecreaseCounter constructing_actor_cnt, current val is 720
I1012 16:13:11.188402  7272 naive_actor.cpp:25] actor 1099585028096 switch to &NaiveActor::HandlerNormal
I1012 16:13:11.188508  7272 thread.cpp:96] Thread 524323 construct Actor kNormalForward 1099585028096
I1012 16:13:11.188441  7316 naive_actor.cpp:25] actor 2199025352709 switch to &NaiveActor::HandlerNormal
I1012 16:13:11.188163  7271 thread.cpp:96] Thread 524322 construct Actor kNormalForward 1099582930944
I1012 16:13:11.188611  7272 runtime_context.cpp:29] DecreaseCounter constructing_actor_cnt, current val is 719
I1012 16:13:11.188789  7271 runtime_context.cpp:29] DecreaseCounter constructing_actor_cnt, current val is 718
I1012 16:13:11.188665  7316 thread.cpp:96] Thread 1048577 construct Actor kCopyHd 2199025352709
I1012 16:13:11.188462  7352 naive_actor.cpp:25] actor 2207615287298 switch to &NaiveActor::HandlerNormal
I1012 16:13:11.188905  7269 naive_actor.cpp:25] actor 1099578736640 switch to &NaiveActor::HandlerNormal
I1012 16:13:11.188964  7316 runtime_context.cpp:29] DecreaseCounter constructing_actor_cnt, current val is 717
I1012 16:13:11.189005  7352 thread.cpp:96] Thread 1052673 construct Actor kSliceBoxing 2207615287298
I1012 16:13:11.189087  7269 thread.cpp:96] Thread 524320 construct Actor kNormalForward 1099578736640
I1012 16:13:11.189252  7352 runtime_context.cpp:29] DecreaseCounter constructing_actor_cnt, current val is 716
I1012 16:13:11.189349  7269 runtime_context.cpp:29] DecreaseCounter constructing_actor_cnt, current val is 715
I1012 16:13:11.189808  7278 sink_actor.cpp:21] actor 1099618582528 switch to &SinkActor::HandlerNormal
I1012 16:13:11.189898  7278 thread.cpp:96] Thread 524339 construct Actor kCallbackNotify 1099618582528
I1012 16:13:11.189982  7278 runtime_context.cpp:29] DecreaseCounter constructing_actor_cnt, current val is 714
I1012 16:13:11.190062  7273 naive_actor.cpp:25] actor 1099587125248 switch to &NaiveActor::HandlerNormal
I1012 16:13:11.190114  7275 naive_actor.cpp:25] actor 1099591319552 switch to &NaiveActor::HandlerNormal
I1012 16:13:11.190140  7273 thread.cpp:96] Thread 524324 construct Actor kNormalForward 1099587125248
I1012 16:13:11.190193  7314 naive_actor.cpp:25] actor 2199023255631 switch to &NaiveActor::HandlerNormal
I1012 16:13:11.190358  7276 naive_actor.cpp:25] actor 1099614388228 switch to &NaiveActor::HandlerNormal
I1012 16:13:11.190433  7276 thread.cpp:96] Thread 524337 construct Actor kDeviceTick 1099614388228
I1012 16:13:11.190240  7316 naive_actor.cpp:25] actor 2199025352710 switch to &NaiveActor::HandlerNormal
I1012 16:13:11.190331  7273 runtime_context.cpp:29] DecreaseCounter constructing_actor_cnt, current val is 713
I1012 16:13:11.190197  7352 naive_actor.cpp:25] actor 2207615287297 switch to &NaiveActor::HandlerNormal
I1012 16:13:11.190364  7314 thread.cpp:96] Thread 1048576 construct Actor kNormalForward 2199023255631
I1012 16:13:11.190403  7350 naive_actor.cpp:25] actor 2207613190154 switch to &NaiveActor::HandlerNormal
I1012 16:13:11.190227  7275 thread.cpp:96] Thread 524326 construct Actor kForeignOutput 1099591319552
I1012 16:13:11.190541  7276 runtime_context.cpp:29] DecreaseCounter constructing_actor_cnt, current val is 712
I1012 16:13:11.190624  7316 thread.cpp:96] Thread 1048577 construct Actor kCopyHd 2199025352710
I1012 16:13:11.190752  7352 thread.cpp:96] Thread 1052673 construct Actor kSliceBoxing 2207615287297
I1012 16:13:11.190866  7314 runtime_context.cpp:29] DecreaseCounter constructing_actor_cnt, current val is 711
I1012 16:13:11.190896  7350 thread.cpp:96] Thread 1052672 construct Actor kNormalForward 2207613190154
I1012 16:13:11.191000  7275 runtime_context.cpp:29] DecreaseCounter constructing_actor_cnt, current val is 710
I1012 16:13:11.191170  7316 runtime_context.cpp:29] DecreaseCounter constructing_actor_cnt, current val is 709
I1012 16:13:11.191241  7352 runtime_context.cpp:29] DecreaseCounter constructing_actor_cnt, current val is 708
I1012 16:13:11.191466  7350 runtime_context.cpp:29] DecreaseCounter constructing_actor_cnt, current val is 707
I1012 16:13:11.191998  7316 naive_actor.cpp:25] actor 2199025352711 switch to &NaiveActor::HandlerNormal
I1012 16:13:11.192140  7316 thread.cpp:96] Thread 1048577 construct Actor kCopyHd 2199025352711
I1012 16:13:11.192266  7316 runtime_context.cpp:29] DecreaseCounter constructing_actor_cnt, current val is 706
I1012 16:13:11.192230  7276 naive_actor.cpp:25] actor 1099614388225 switch to &NaiveActor::HandlerNormal
I1012 16:13:11.192435  7276 thread.cpp:96] Thread 524337 construct Actor kDeviceTick 1099614388225
I1012 16:13:11.192441  7352 naive_actor.cpp:25] actor 2207615287299 switch to &NaiveActor::HandlerNormal
I1012 16:13:11.192521  7276 runtime_context.cpp:29] DecreaseCounter constructing_actor_cnt, current val is 705
I1012 16:13:11.192569  7352 thread.cpp:96] Thread 1052673 construct Actor kSliceBoxing 2207615287299
I1012 16:13:11.192800  7352 runtime_context.cpp:29] DecreaseCounter constructing_actor_cnt, current val is 704
I1012 16:13:11.193038  7350 naive_actor.cpp:25] actor 2207613190178 switch to &NaiveActor::HandlerNormal
I1012 16:13:11.193118  7350 thread.cpp:96] Thread 1052672 construct Actor kNormalForward 2207613190178
I1012 16:13:11.193207  7350 runtime_context.cpp:29] DecreaseCounter constructing_actor_cnt, current val is 703
I1012 16:13:11.193497  7352 naive_actor.cpp:25] actor 2207615287301 switch to &NaiveActor::HandlerNormal
I1012 16:13:11.193585  7352 thread.cpp:96] Thread 1052673 construct Actor kCopyHd 2207615287301
I1012 16:13:11.193660  7352 runtime_context.cpp:29] DecreaseCounter constructing_actor_cnt, current val is 702
I1012 16:13:11.193890  7276 naive_actor.cpp:25] actor 1099614388229 switch to &NaiveActor::HandlerNormal
I1012 16:13:11.193979  7276 thread.cpp:96] Thread 524337 construct Actor kSrcSubsetTick 1099614388229
I1012 16:13:11.194219  7276 runtime_context.cpp:29] DecreaseCounter constructing_actor_cnt, current val is 701
I1012 16:13:11.194320  7314 naive_actor.cpp:25] actor 2199023255655 switch to &NaiveActor::HandlerNormal
I1012 16:13:11.194388  7352 naive_actor.cpp:25] actor 2207615287302 switch to &NaiveActor::HandlerNormal
I1012 16:13:11.194397  7314 thread.cpp:96] Thread 1048576 construct Actor kNormalForward 2199023255655
I1012 16:13:11.194474  7352 thread.cpp:96] Thread 1052673 construct Actor kCopyHd 2207615287302
I1012 16:13:11.194590  7314 runtime_context.cpp:29] DecreaseCounter constructing_actor_cnt, current val is 700
I1012 16:13:11.194624  7352 runtime_context.cpp:29] DecreaseCounter constructing_actor_cnt, current val is 699
I1012 16:13:11.195027  7276 naive_actor.cpp:25] actor 1099614388244 switch to &NaiveActor::HandlerNormal
I1012 16:13:11.195128  7276 thread.cpp:96] Thread 524337 construct Actor kTick 1099614388244
I1012 16:13:11.195241  7276 runtime_context.cpp:29] DecreaseCounter constructing_actor_cnt, current val is 698
I1012 16:13:11.195957  7276 naive_actor.cpp:25] actor 1099614388234 switch to &NaiveActor::HandlerNormal
I1012 16:13:11.196048  7276 thread.cpp:96] Thread 524337 construct Actor kTick 1099614388234
I1012 16:13:11.196142  7276 runtime_context.cpp:29] DecreaseCounter constructing_actor_cnt, current val is 697
I1012 16:13:11.196936  7276 naive_actor.cpp:25] actor 1099614388312 switch to &NaiveActor::HandlerNormal
I1012 16:13:11.197037  7276 thread.cpp:96] Thread 524337 construct Actor kTick 1099614388312
I1012 16:13:11.197141  7276 runtime_context.cpp:29] DecreaseCounter constructing_actor_cnt, current val is 696
I1012 16:13:11.197872  7276 naive_actor.cpp:25] actor 1099614388224 switch to &NaiveActor::HandlerNormal
I1012 16:13:11.197970  7276 thread.cpp:96] Thread 524337 construct Actor kDeviceTick 1099614388224
I1012 16:13:11.198060  7276 runtime_context.cpp:29] DecreaseCounter constructing_actor_cnt, current val is 695
I1012 16:13:11.198177  7350 naive_actor.cpp:25] actor 2207613190202 switch to &NaiveActor::HandlerNormal
I1012 16:13:11.198184  7314 naive_actor.cpp:25] actor 2199023255679 switch to &NaiveActor::HandlerNormal
I1012 16:13:11.198261  7350 thread.cpp:96] Thread 1052672 construct Actor kNormalForward 2207613190202
I1012 16:13:11.198367  7314 thread.cpp:96] Thread 1048576 construct Actor kNormalForward 2199023255679
I1012 16:13:11.198491  7350 runtime_context.cpp:29] DecreaseCounter constructing_actor_cnt, current val is 694
I1012 16:13:11.198755  7314 runtime_context.cpp:29] DecreaseCounter constructing_actor_cnt, current val is 693
I1012 16:13:11.199436  7276 naive_actor.cpp:25] actor 1099614388235 switch to &NaiveActor::HandlerNormal
I1012 16:13:11.199540  7276 thread.cpp:96] Thread 524337 construct Actor kDstSubsetTick 1099614388235
I1012 16:13:11.199744  7276 runtime_context.cpp:29] DecreaseCounter constructing_actor_cnt, current val is 692
I1012 16:13:11.200577  7276 naive_actor.cpp:25] actor 1099614388242 switch to &NaiveActor::HandlerNormal
I1012 16:13:11.200664  7276 thread.cpp:96] Thread 524337 construct Actor kSrcSubsetTick 1099614388242
I1012 16:13:11.200757  7276 runtime_context.cpp:29] DecreaseCounter constructing_actor_cnt, current val is 691
I1012 16:13:11.201524  7350 naive_actor.cpp:25] actor 2207613190226 switch to &NaiveActor::HandlerNormal
I1012 16:13:11.201618  7350 thread.cpp:96] Thread 1052672 construct Actor kNormalForward 2207613190226
I1012 16:13:11.201643  7276 naive_actor.cpp:25] actor 1099614388227 switch to &NaiveActor::HandlerNormal
I1012 16:13:11.201740  7350 runtime_context.cpp:29] DecreaseCounter constructing_actor_cnt, current val is 690
I1012 16:13:11.201761  7276 thread.cpp:96] Thread 524337 construct Actor kDeviceTick 1099614388227
I1012 16:13:11.201915  7276 runtime_context.cpp:29] DecreaseCounter constructing_actor_cnt, current val is 689
I1012 16:13:11.202708  7276 naive_actor.cpp:25] actor 1099614388238 switch to &NaiveActor::HandlerNormal
I1012 16:13:11.202795  7276 thread.cpp:96] Thread 524337 construct Actor kTick 1099614388238
I1012 16:13:11.202843  7314 naive_actor.cpp:25] actor 2199023255703 switch to &NaiveActor::HandlerNormal
I1012 16:13:11.202888  7276 runtime_context.cpp:29] DecreaseCounter constructing_actor_cnt, current val is 688
I1012 16:13:11.202981  7314 thread.cpp:96] Thread 1048576 construct Actor kNormalForward 2199023255703
I1012 16:13:11.203219  7314 runtime_context.cpp:29] DecreaseCounter constructing_actor_cnt, current val is 687
I1012 16:13:11.203981  7350 naive_actor.cpp:25] actor 2207613190250 switch to &NaiveActor::HandlerNormal
I1012 16:13:11.204082  7350 thread.cpp:96] Thread 1052672 construct Actor kNormalForward 2207613190250
I1012 16:13:11.204200  7350 runtime_context.cpp:29] DecreaseCounter constructing_actor_cnt, current val is 686
I1012 16:13:11.204699  7314 naive_actor.cpp:25] actor 2199023255739 switch to &NaiveActor::HandlerNormal
I1012 16:13:11.204797  7314 thread.cpp:96] Thread 1048576 construct Actor kNormalForward 2199023255739
I1012 16:13:11.204911  7314 runtime_context.cpp:29] DecreaseCounter constructing_actor_cnt, current val is 685
I1012 16:13:11.205385  7276 case_actor.cpp:76] actor 1099614388297 switch to &CaseActor::HandlerNormal
I1012 16:13:11.205543  7276 thread.cpp:96] Thread 524337 construct Actor kCase 1099614388297
I1012 16:13:11.205703  7276 runtime_context.cpp:29] DecreaseCounter constructing_actor_cnt, current val is 684
I1012 16:13:11.205823  7350 naive_actor.cpp:25] actor 2207613190274 switch to &NaiveActor::HandlerNormal
I1012 16:13:11.205909  7350 thread.cpp:96] Thread 1052672 construct Actor kNormalForward 2207613190274
I1012 16:13:11.206003  7350 runtime_context.cpp:29] DecreaseCounter constructing_actor_cnt, current val is 683
I1012 16:13:11.206931  7276 naive_actor.cpp:25] actor 1099614388236 switch to &NaiveActor::HandlerNormal
I1012 16:13:11.207036  7276 thread.cpp:96] Thread 524337 construct Actor kTick 1099614388236
I1012 16:13:11.207082  7350 naive_actor.cpp:25] actor 2207613190298 switch to &NaiveActor::HandlerNormal
I1012 16:13:11.207190  7350 thread.cpp:96] Thread 1052672 construct Actor kNormalForward 2207613190298
I1012 16:13:11.207195  7276 runtime_context.cpp:29] DecreaseCounter constructing_actor_cnt, current val is 682
I1012 16:13:11.207286  7350 runtime_context.cpp:29] DecreaseCounter constructing_actor_cnt, current val is 681
I1012 16:13:11.208237  7314 naive_actor.cpp:25] actor 2199023255566 switch to &NaiveActor::HandlerNormal
I1012 16:13:11.208268  7276 naive_actor.cpp:25] actor 1099614388247 switch to &NaiveActor::HandlerNormal
I1012 16:13:11.208449  7314 thread.cpp:96] Thread 1048576 construct Actor kNormalForward 2199023255566
I1012 16:13:11.208562  7276 thread.cpp:96] Thread 524337 construct Actor kTick 1099614388247
I1012 16:13:11.208706  7314 runtime_context.cpp:29] DecreaseCounter constructing_actor_cnt, current val is 680
I1012 16:13:11.208746  7276 runtime_context.cpp:29] DecreaseCounter constructing_actor_cnt, current val is 679
I1012 16:13:11.209302  7350 naive_actor.cpp:25] actor 2207613190334 switch to &NaiveActor::HandlerNormal
I1012 16:13:11.209391  7350 thread.cpp:96] Thread 1052672 construct Actor kNormalForward 2207613190334
I1012 16:13:11.209487  7350 runtime_context.cpp:29] DecreaseCounter constructing_actor_cnt, current val is 678
I1012 16:13:11.210078  7276 naive_actor.cpp:25] actor 1099614388246 switch to &NaiveActor::HandlerNormal
I1012 16:13:11.210178  7276 thread.cpp:96] Thread 524337 construct Actor kTick 1099614388246
I1012 16:13:11.210281  7276 runtime_context.cpp:29] DecreaseCounter constructing_actor_cnt, current val is 677
I1012 16:13:11.211622  7276 naive_actor.cpp:25] actor 1099614388245 switch to &NaiveActor::HandlerNormal
I1012 16:13:11.211715  7276 thread.cpp:96] Thread 524337 construct Actor kDstSubsetTick 1099614388245
I1012 16:13:11.211807  7276 runtime_context.cpp:29] DecreaseCounter constructing_actor_cnt, current val is 676
I1012 16:13:11.212451  7314 naive_actor.cpp:25] actor 2199023255590 switch to &NaiveActor::HandlerNormal
I1012 16:13:11.212541  7314 thread.cpp:96] Thread 1048576 construct Actor kNormalForward 2199023255590
I1012 16:13:11.212673  7314 runtime_context.cpp:29] DecreaseCounter constructing_actor_cnt, current val is 675
I1012 16:13:11.212908  7350 naive_actor.cpp:25] actor 2207613190150 switch to &NaiveActor::HandlerNormal
I1012 16:13:11.212934  7276 naive_actor.cpp:25] actor 1099614388226 switch to &NaiveActor::HandlerNormal
I1012 16:13:11.213032  7350 thread.cpp:96] Thread 1052672 construct Actor kNormalForward 2207613190150
I1012 16:13:11.213119  7276 thread.cpp:96] Thread 524337 construct Actor kDeviceTick 1099614388226
I1012 16:13:11.213250  7350 runtime_context.cpp:29] DecreaseCounter constructing_actor_cnt, current val is 674
I1012 16:13:11.213313  7276 runtime_context.cpp:29] DecreaseCounter constructing_actor_cnt, current val is 673
I1012 16:13:11.213846  7314 naive_actor.cpp:25] actor 2199023255614 switch to &NaiveActor::HandlerNormal
I1012 16:13:11.213935  7314 thread.cpp:96] Thread 1048576 construct Actor kNormalForward 2199023255614
I1012 16:13:11.214092  7314 runtime_context.cpp:29] DecreaseCounter constructing_actor_cnt, current val is 672
I1012 16:13:11.214491  7276 naive_actor.cpp:25] actor 1099614388253 switch to &NaiveActor::HandlerNormal
I1012 16:13:11.214576  7276 thread.cpp:96] Thread 524337 construct Actor kTick 1099614388253
I1012 16:13:11.214737  7276 runtime_context.cpp:29] DecreaseCounter constructing_actor_cnt, current val is 671
I1012 16:13:11.216790  7276 naive_actor.cpp:25] actor 1099614388248 switch to &NaiveActor::HandlerNormal
I1012 16:13:11.216926  7276 thread.cpp:96] Thread 524337 construct Actor kTick 1099614388248
I1012 16:13:11.216975  7350 naive_actor.cpp:25] actor 2207613190174 switch to &NaiveActor::HandlerNormal
I1012 16:13:11.217119  7350 thread.cpp:96] Thread 1052672 construct Actor kNormalForward 2207613190174
I1012 16:13:11.217047  7276 runtime_context.cpp:29] DecreaseCounter constructing_actor_cnt, current val is 670
I1012 16:13:11.217275  7350 runtime_context.cpp:29] DecreaseCounter constructing_actor_cnt, current val is 669
I1012 16:13:11.218578  7276 naive_actor.cpp:25] actor 1099614388250 switch to &NaiveActor::HandlerNormal
I1012 16:13:11.218679  7276 thread.cpp:96] Thread 524337 construct Actor kSrcSubsetTick 1099614388250
I1012 16:13:11.218775  7276 runtime_context.cpp:29] DecreaseCounter constructing_actor_cnt, current val is 668
I1012 16:13:11.218993  7314 naive_actor.cpp:25] actor 2199023255627 switch to &NaiveActor::HandlerNormal
I1012 16:13:11.219277  7314 thread.cpp:96] Thread 1048576 construct Actor kNormalForward 2199023255627
I1012 16:13:11.219408  7314 runtime_context.cpp:29] DecreaseCounter constructing_actor_cnt, current val is 667
I1012 16:13:11.220376  7350 naive_actor.cpp:25] actor 2207613190198 switch to &NaiveActor::HandlerNormal
I1012 16:13:11.220410  7276 naive_actor.cpp:25] actor 1099614388254 switch to &NaiveActor::HandlerNormal
I1012 16:13:11.220511  7350 thread.cpp:96] Thread 1052672 construct Actor kNormalForward 2207613190198
I1012 16:13:11.220578  7276 thread.cpp:96] Thread 524337 construct Actor kDstSubsetTick 1099614388254
I1012 16:13:11.220728  7350 runtime_context.cpp:29] DecreaseCounter constructing_actor_cnt, current val is 666
