I1012 15:52:19.986447 25817 naive_actor.cpp:25] actor 2207613190435 switch to &NaiveActor::HandlerNormal
I1012 15:52:19.986490 25817 thread.cpp:96] Thread 1052672 construct Actor kNormalForward 2207613190435
I1012 15:52:19.986526 25817 runtime_context.cpp:29] DecreaseCounter constructing_actor_cnt, current val is 36
I1012 15:52:19.986742 25817 naive_actor.cpp:25] actor 2207613190420 switch to &NaiveActor::HandlerNormal
I1012 15:52:19.986765 25817 thread.cpp:96] Thread 1052672 construct Actor kNormalForward 2207613190420
I1012 15:52:19.986799 25817 runtime_context.cpp:29] DecreaseCounter constructing_actor_cnt, current val is 35
I1012 15:52:19.986987 25817 naive_actor.cpp:25] actor 2207613190415 switch to &NaiveActor::HandlerNormal
I1012 15:52:19.987007 25817 thread.cpp:96] Thread 1052672 construct Actor kNormalForward 2207613190415
I1012 15:52:19.987040 25817 runtime_context.cpp:29] DecreaseCounter constructing_actor_cnt, current val is 34
I1012 15:52:19.987228 25817 naive_actor.cpp:25] actor 2207613190418 switch to &NaiveActor::HandlerNormal
I1012 15:52:19.987249 25817 thread.cpp:96] Thread 1052672 construct Actor kNormalForward 2207613190418
I1012 15:52:19.987282 25817 runtime_context.cpp:29] DecreaseCounter constructing_actor_cnt, current val is 33
I1012 15:52:19.987479 25817 naive_actor.cpp:25] actor 2207613190416 switch to &NaiveActor::HandlerNormal
I1012 15:52:19.987501 25817 thread.cpp:96] Thread 1052672 construct Actor kNormalForward 2207613190416
I1012 15:52:19.987534 25817 runtime_context.cpp:29] DecreaseCounter constructing_actor_cnt, current val is 32
I1012 15:52:19.987730 25817 naive_actor.cpp:25] actor 2207613190446 switch to &NaiveActor::HandlerNormal
I1012 15:52:19.987751 25817 thread.cpp:96] Thread 1052672 construct Actor kNormalForward 2207613190446
I1012 15:52:19.987783 25817 runtime_context.cpp:29] DecreaseCounter constructing_actor_cnt, current val is 31
I1012 15:52:19.987968 25817 naive_actor.cpp:25] actor 2207613190417 switch to &NaiveActor::HandlerNormal
I1012 15:52:19.987989 25817 thread.cpp:96] Thread 1052672 construct Actor kNormalForward 2207613190417
I1012 15:52:19.988021 25817 runtime_context.cpp:29] DecreaseCounter constructing_actor_cnt, current val is 30
I1012 15:52:19.988209 25817 naive_actor.cpp:25] actor 2207613190421 switch to &NaiveActor::HandlerNormal
I1012 15:52:19.988229 25817 thread.cpp:96] Thread 1052672 construct Actor kNormalForward 2207613190421
I1012 15:52:19.988261 25817 runtime_context.cpp:29] DecreaseCounter constructing_actor_cnt, current val is 29
I1012 15:52:19.988461 25817 naive_actor.cpp:25] actor 2207613190419 switch to &NaiveActor::HandlerNormal
I1012 15:52:19.988482 25817 thread.cpp:96] Thread 1052672 construct Actor kNormalForward 2207613190419
I1012 15:52:19.988516 25817 runtime_context.cpp:29] DecreaseCounter constructing_actor_cnt, current val is 28
I1012 15:52:19.988708 25817 naive_actor.cpp:25] actor 2207613190424 switch to &NaiveActor::HandlerNormal
I1012 15:52:19.988729 25817 thread.cpp:96] Thread 1052672 construct Actor kNormalForward 2207613190424
I1012 15:52:19.988760 25817 runtime_context.cpp:29] DecreaseCounter constructing_actor_cnt, current val is 27
I1012 15:52:19.988953 25817 naive_actor.cpp:25] actor 2207613190423 switch to &NaiveActor::HandlerNormal
I1012 15:52:19.988974 25817 thread.cpp:96] Thread 1052672 construct Actor kNormalForward 2207613190423
I1012 15:52:19.989007 25817 runtime_context.cpp:29] DecreaseCounter constructing_actor_cnt, current val is 26
I1012 15:52:19.989245 25817 naive_actor.cpp:25] actor 2207613190429 switch to &NaiveActor::HandlerNormal
I1012 15:52:19.989267 25817 thread.cpp:96] Thread 1052672 construct Actor kNormalForward 2207613190429
I1012 15:52:19.989301 25817 runtime_context.cpp:29] DecreaseCounter constructing_actor_cnt, current val is 25
I1012 15:52:19.989502 25817 naive_actor.cpp:25] actor 2207613190425 switch to &NaiveActor::HandlerNormal
I1012 15:52:19.989524 25817 thread.cpp:96] Thread 1052672 construct Actor kNormalForward 2207613190425
I1012 15:52:19.989557 25817 runtime_context.cpp:29] DecreaseCounter constructing_actor_cnt, current val is 24
I1012 15:52:19.989749 25817 naive_actor.cpp:25] actor 2207613190428 switch to &NaiveActor::HandlerNormal
I1012 15:52:19.989791 25817 thread.cpp:96] Thread 1052672 construct Actor kNormalForward 2207613190428
I1012 15:52:19.989828 25817 runtime_context.cpp:29] DecreaseCounter constructing_actor_cnt, current val is 23
I1012 15:52:19.990046 25817 naive_actor.cpp:25] actor 2207613190426 switch to &NaiveActor::HandlerNormal
I1012 15:52:19.990069 25817 thread.cpp:96] Thread 1052672 construct Actor kNormalForward 2207613190426
I1012 15:52:19.990103 25817 runtime_context.cpp:29] DecreaseCounter constructing_actor_cnt, current val is 22
I1012 15:52:19.990296 25817 naive_actor.cpp:25] actor 2207613190439 switch to &NaiveActor::HandlerNormal
I1012 15:52:19.990317 25817 thread.cpp:96] Thread 1052672 construct Actor kNormalForward 2207613190439
I1012 15:52:19.990350 25817 runtime_context.cpp:29] DecreaseCounter constructing_actor_cnt, current val is 21
I1012 15:52:19.990550 25817 naive_actor.cpp:25] actor 2207613190432 switch to &NaiveActor::HandlerNormal
I1012 15:52:19.990571 25817 thread.cpp:96] Thread 1052672 construct Actor kNormalForward 2207613190432
I1012 15:52:19.990604 25817 runtime_context.cpp:29] DecreaseCounter constructing_actor_cnt, current val is 20
I1012 15:52:19.990801 25817 naive_actor.cpp:25] actor 2207613190434 switch to &NaiveActor::HandlerNormal
I1012 15:52:19.990823 25817 thread.cpp:96] Thread 1052672 construct Actor kNormalForward 2207613190434
I1012 15:52:19.990856 25817 runtime_context.cpp:29] DecreaseCounter constructing_actor_cnt, current val is 19
I1012 15:52:19.991045 25817 naive_actor.cpp:25] actor 2207613190433 switch to &NaiveActor::HandlerNormal
I1012 15:52:19.991066 25817 thread.cpp:96] Thread 1052672 construct Actor kNormalForward 2207613190433
I1012 15:52:19.991098 25817 runtime_context.cpp:29] DecreaseCounter constructing_actor_cnt, current val is 18
I1012 15:52:19.991287 25817 naive_actor.cpp:25] actor 2207613190436 switch to &NaiveActor::HandlerNormal
I1012 15:52:19.991308 25817 thread.cpp:96] Thread 1052672 construct Actor kNormalForward 2207613190436
I1012 15:52:19.991341 25817 runtime_context.cpp:29] DecreaseCounter constructing_actor_cnt, current val is 17
I1012 15:52:19.991540 25817 naive_actor.cpp:25] actor 2207613190445 switch to &NaiveActor::HandlerNormal
I1012 15:52:19.991561 25817 thread.cpp:96] Thread 1052672 construct Actor kNormalForward 2207613190445
I1012 15:52:19.991595 25817 runtime_context.cpp:29] DecreaseCounter constructing_actor_cnt, current val is 16
I1012 15:52:19.991787 25817 naive_actor.cpp:25] actor 2207613190447 switch to &NaiveActor::HandlerNormal
I1012 15:52:19.991808 25817 thread.cpp:96] Thread 1052672 construct Actor kNormalForward 2207613190447
I1012 15:52:19.991842 25817 runtime_context.cpp:29] DecreaseCounter constructing_actor_cnt, current val is 15
I1012 15:52:19.992030 25817 naive_actor.cpp:25] actor 2207613190437 switch to &NaiveActor::HandlerNormal
I1012 15:52:19.992053 25817 thread.cpp:96] Thread 1052672 construct Actor kNormalForward 2207613190437
I1012 15:52:19.992085 25817 runtime_context.cpp:29] DecreaseCounter constructing_actor_cnt, current val is 14
I1012 15:52:19.992280 25817 naive_actor.cpp:25] actor 2207613190441 switch to &NaiveActor::HandlerNormal
I1012 15:52:19.992300 25817 thread.cpp:96] Thread 1052672 construct Actor kNormalForward 2207613190441
I1012 15:52:19.992333 25817 runtime_context.cpp:29] DecreaseCounter constructing_actor_cnt, current val is 13
I1012 15:52:19.992535 25817 naive_actor.cpp:25] actor 2207613190444 switch to &NaiveActor::HandlerNormal
I1012 15:52:19.992556 25817 thread.cpp:96] Thread 1052672 construct Actor kNormalForward 2207613190444
I1012 15:52:19.992589 25817 runtime_context.cpp:29] DecreaseCounter constructing_actor_cnt, current val is 12
I1012 15:52:19.992779 25817 naive_actor.cpp:25] actor 2207613190440 switch to &NaiveActor::HandlerNormal
I1012 15:52:19.992799 25817 thread.cpp:96] Thread 1052672 construct Actor kNormalForward 2207613190440
I1012 15:52:19.992832 25817 runtime_context.cpp:29] DecreaseCounter constructing_actor_cnt, current val is 11
I1012 15:52:19.993021 25817 naive_actor.cpp:25] actor 2207613190442 switch to &NaiveActor::HandlerNormal
I1012 15:52:19.993063 25817 thread.cpp:96] Thread 1052672 construct Actor kNormalForward 2207613190442
I1012 15:52:19.993100 25817 runtime_context.cpp:29] DecreaseCounter constructing_actor_cnt, current val is 10
I1012 15:52:19.993312 25817 naive_actor.cpp:25] actor 2207613190448 switch to &NaiveActor::HandlerNormal
I1012 15:52:19.993336 25817 thread.cpp:96] Thread 1052672 construct Actor kNormalForward 2207613190448
I1012 15:52:19.993369 25817 runtime_context.cpp:29] DecreaseCounter constructing_actor_cnt, current val is 9
I1012 15:52:19.993568 25817 naive_actor.cpp:25] actor 2207613190427 switch to &NaiveActor::HandlerNormal
I1012 15:52:19.993590 25817 thread.cpp:96] Thread 1052672 construct Actor kNormalForward 2207613190427
I1012 15:52:19.993623 25817 runtime_context.cpp:29] DecreaseCounter constructing_actor_cnt, current val is 8
I1012 15:52:19.993818 25817 naive_actor.cpp:25] actor 2207613190452 switch to &NaiveActor::HandlerNormal
I1012 15:52:19.993839 25817 thread.cpp:96] Thread 1052672 construct Actor kDeviceTick 2207613190452
I1012 15:52:19.993870 25817 runtime_context.cpp:29] DecreaseCounter constructing_actor_cnt, current val is 7
I1012 15:52:19.994061 25817 naive_actor.cpp:25] actor 2207613190449 switch to &NaiveActor::HandlerNormal
I1012 15:52:19.994082 25817 thread.cpp:96] Thread 1052672 construct Actor kNormalForward 2207613190449
I1012 15:52:19.994115 25817 runtime_context.cpp:29] DecreaseCounter constructing_actor_cnt, current val is 6
I1012 15:52:19.994307 25817 naive_actor.cpp:25] actor 2207613190450 switch to &NaiveActor::HandlerNormal
I1012 15:52:19.994328 25817 thread.cpp:96] Thread 1052672 construct Actor kNormalForward 2207613190450
I1012 15:52:19.994360 25817 runtime_context.cpp:29] DecreaseCounter constructing_actor_cnt, current val is 5
I1012 15:52:19.994560 25817 naive_actor.cpp:25] actor 2207613190430 switch to &NaiveActor::HandlerNormal
I1012 15:52:19.994580 25817 thread.cpp:96] Thread 1052672 construct Actor kNormalForward 2207613190430
I1012 15:52:19.994613 25817 runtime_context.cpp:29] DecreaseCounter constructing_actor_cnt, current val is 4
I1012 15:52:19.996045 25817 naive_actor.cpp:25] actor 2207613190451 switch to &NaiveActor::HandlerNormal
I1012 15:52:19.996070 25817 thread.cpp:96] Thread 1052672 construct Actor kNormalForward 2207613190451
I1012 15:52:19.996168 25817 runtime_context.cpp:29] DecreaseCounter constructing_actor_cnt, current val is 3
I1012 15:52:19.996376 25817 naive_actor.cpp:25] actor 2207613190431 switch to &NaiveActor::HandlerNormal
I1012 15:52:19.996397 25817 thread.cpp:96] Thread 1052672 construct Actor kNormalForward 2207613190431
I1012 15:52:19.996439 25817 runtime_context.cpp:29] DecreaseCounter constructing_actor_cnt, current val is 2
I1012 15:52:19.996634 25817 naive_actor.cpp:25] actor 2207613190438 switch to &NaiveActor::HandlerNormal
I1012 15:52:19.996654 25817 thread.cpp:96] Thread 1052672 construct Actor kNormalForward 2207613190438
I1012 15:52:19.996688 25817 runtime_context.cpp:29] DecreaseCounter constructing_actor_cnt, current val is 1
I1012 15:52:19.996883 25817 naive_actor.cpp:25] actor 2207613190443 switch to &NaiveActor::HandlerNormal
I1012 15:52:19.996904 25817 thread.cpp:96] Thread 1052672 construct Actor kNormalForward 2207613190443
I1012 15:52:19.996942 25817 runtime_context.cpp:29] DecreaseCounter constructing_actor_cnt, current val is 0
I1012 15:52:20.001555 25227 runtime.cpp:93] Actors on this machine constructed
I1012 15:52:20.001613 25227 runtime.cpp:95] Actors on every machine constructed
I1012 15:52:20.001647 25227 runtime_context.cpp:21] NewCounter job_5_running_actor_count 41
I1012 15:52:20.001667 25227 runtime_context.cpp:21] NewCounter job_4_running_actor_count 22
I1012 15:52:20.001684 25227 runtime_context.cpp:21] NewCounter job_3_running_actor_count 91
I1012 15:52:20.001701 25227 runtime_context.cpp:21] NewCounter job_2_running_actor_count 91
I1012 15:52:20.001718 25227 runtime_context.cpp:21] NewCounter job_0_running_actor_count 447
I1012 15:52:20.001734 25227 runtime_context.cpp:21] NewCounter job_1_running_actor_count 89
I1012 15:52:20.001843 25805 wait_and_send_ids_actor.cpp:73] actor 1099616485376 switch to &WaitAndSendIdsActor::HandlerNormal
I1012 15:52:20.002163 25227 global.h:36] NewGlobal N7oneflow7JobDescE
I1012 15:52:20.042804 25227 global.h:43] DeleteGlobal N7oneflow7JobDescE
I1012 15:52:20.564685 25817 local.cpp:114] waiting for key: eager_nccl_unique_id_rpc_key,0:0,0:1
I1012 15:52:20.580221 25808 eager_nccl_comm_manager.cpp:69]  EagerNcclCommMgr::ncclCommInitRank device_vec.size() = 2, nccl_unique_id = 0200ffffffcb130b0b010e000000000000000000000000000000000000000000000000000000000000000000000000000000000000000000000000000000000000000000000000000000000000000000000000000000000000000000000000000000000000000000000000000000000000000000000000000000000000000000000000, rank = 0, key = {eager_nccl_unique_id_rpc_key,0:0,0:1}
I1012 15:52:20.580250 25817 eager_nccl_comm_manager.cpp:69]  EagerNcclCommMgr::ncclCommInitRank device_vec.size() = 2, nccl_unique_id = 0200ffffffcb130b0b010e000000000000000000000000000000000000000000000000000000000000000000000000000000000000000000000000000000000000000000000000000000000000000000000000000000000000000000000000000000000000000000000000000000000000000000000000000000000000000000000000, rank = 1, key = {eager_nccl_unique_id_rpc_key,0:0,0:1}
I1012 15:52:48.238476 25227 global.h:43] DeleteGlobal N7oneflow7OneflowE
I1012 15:52:48.238831 25805 actor.cpp:411] actor 1099616485376 switch to &Actor::HandlerZombie
I1012 15:52:48.238940 25805 thread.cpp:76] thread 524338 deconstruct actor 1099616485376
I1012 15:52:48.238931 25804 actor.cpp:411] actor 1099614388296 switch to &Actor::HandlerZombie
I1012 15:52:48.239118 25804 actor.cpp:408] actor 1099614388297 switch to nullptr
I1012 15:52:48.239145 25804 thread.cpp:76] thread 524337 deconstruct actor 1099614388297
I1012 15:52:48.239379 25805 runtime_context.cpp:29] DecreaseCounter job_5_running_actor_count, current val is 40
I1012 15:52:48.239645 25804 runtime_context.cpp:29] DecreaseCounter job_5_running_actor_count, current val is 39
I1012 15:52:48.239682 25804 actor.cpp:408] actor 1099614388314 switch to nullptr
I1012 15:52:48.239696 25804 thread.cpp:76] thread 524337 deconstruct actor 1099614388314
I1012 15:52:48.239847 25804 runtime_context.cpp:29] DecreaseCounter job_5_running_actor_count, current val is 38
I1012 15:52:48.239872 25804 actor.cpp:408] actor 1099614388322 switch to nullptr
I1012 15:52:48.239883 25804 thread.cpp:76] thread 524337 deconstruct actor 1099614388322
I1012 15:52:48.240026 25804 runtime_context.cpp:29] DecreaseCounter job_5_running_actor_count, current val is 37
I1012 15:52:48.240046 25804 actor.cpp:408] actor 1099614388318 switch to nullptr
I1012 15:52:48.240058 25804 thread.cpp:76] thread 524337 deconstruct actor 1099614388318
I1012 15:52:48.240197 25804 runtime_context.cpp:29] DecreaseCounter job_5_running_actor_count, current val is 36
I1012 15:52:48.240219 25804 actor.cpp:408] actor 1099614388298 switch to nullptr
I1012 15:52:48.240231 25804 thread.cpp:76] thread 524337 deconstruct actor 1099614388298
I1012 15:52:48.240360 25804 runtime_context.cpp:29] DecreaseCounter job_5_running_actor_count, current val is 35
I1012 15:52:48.240381 25804 actor.cpp:408] actor 1099614388302 switch to nullptr
I1012 15:52:48.240391 25804 thread.cpp:76] thread 524337 deconstruct actor 1099614388302
I1012 15:52:48.240526 25804 runtime_context.cpp:29] DecreaseCounter job_5_running_actor_count, current val is 34
I1012 15:52:48.240553 25804 actor.cpp:408] actor 1099614388306 switch to nullptr
I1012 15:52:48.240564 25804 thread.cpp:76] thread 524337 deconstruct actor 1099614388306
I1012 15:52:48.240685 25804 runtime_context.cpp:29] DecreaseCounter job_5_running_actor_count, current val is 33
I1012 15:52:48.240710 25804 actor.cpp:408] actor 1099614388310 switch to nullptr
I1012 15:52:48.240721 25804 thread.cpp:76] thread 524337 deconstruct actor 1099614388310
I1012 15:52:48.240839 25804 runtime_context.cpp:29] DecreaseCounter job_5_running_actor_count, current val is 32
I1012 15:52:48.240902 25804 actor.cpp:408] actor 1099614388315 switch to nullptr
I1012 15:52:48.240926 25804 thread.cpp:76] thread 524337 deconstruct actor 1099614388315
I1012 15:52:48.241091 25804 runtime_context.cpp:29] DecreaseCounter job_5_running_actor_count, current val is 31
I1012 15:52:48.241119 25804 actor.cpp:408] actor 1099614388323 switch to nullptr
I1012 15:52:48.241130 25804 thread.cpp:76] thread 524337 deconstruct actor 1099614388323
I1012 15:52:48.241261 25804 runtime_context.cpp:29] DecreaseCounter job_5_running_actor_count, current val is 30
I1012 15:52:48.241282 25804 actor.cpp:408] actor 1099614388319 switch to nullptr
I1012 15:52:48.241292 25804 thread.cpp:76] thread 524337 deconstruct actor 1099614388319
I1012 15:52:48.241413 25804 runtime_context.cpp:29] DecreaseCounter job_5_running_actor_count, current val is 29
I1012 15:52:48.241447 25804 actor.cpp:408] actor 1099614388299 switch to nullptr
I1012 15:52:48.241461 25804 thread.cpp:76] thread 524337 deconstruct actor 1099614388299
I1012 15:52:48.241590 25804 runtime_context.cpp:29] DecreaseCounter job_5_running_actor_count, current val is 28
I1012 15:52:48.241612 25804 actor.cpp:408] actor 1099614388303 switch to nullptr
I1012 15:52:48.241624 25804 thread.cpp:76] thread 524337 deconstruct actor 1099614388303
I1012 15:52:48.241751 25804 runtime_context.cpp:29] DecreaseCounter job_5_running_actor_count, current val is 27
I1012 15:52:48.241771 25804 actor.cpp:408] actor 1099614388307 switch to nullptr
I1012 15:52:48.241782 25804 thread.cpp:76] thread 524337 deconstruct actor 1099614388307
I1012 15:52:48.241897 25804 runtime_context.cpp:29] DecreaseCounter job_5_running_actor_count, current val is 26
I1012 15:52:48.241917 25804 actor.cpp:408] actor 1099614388311 switch to nullptr
I1012 15:52:48.241927 25804 thread.cpp:76] thread 524337 deconstruct actor 1099614388311
I1012 15:52:48.242038 25804 runtime_context.cpp:29] DecreaseCounter job_5_running_actor_count, current val is 25
I1012 15:52:48.242060 25804 actor.cpp:408] actor 1099614388271 switch to nullptr
I1012 15:52:48.242071 25804 thread.cpp:76] thread 524337 deconstruct actor 1099614388271
I1012 15:52:48.242205 25804 runtime_context.cpp:29] DecreaseCounter job_3_running_actor_count, current val is 90
I1012 15:52:48.242225 25804 actor.cpp:408] actor 1099614388292 switch to nullptr
I1012 15:52:48.242235 25804 thread.cpp:76] thread 524337 deconstruct actor 1099614388292
I1012 15:52:48.242370 25804 runtime_context.cpp:29] DecreaseCounter job_4_running_actor_count, current val is 21
I1012 15:52:48.242390 25804 actor.cpp:408] actor 1099614388280 switch to nullptr
I1012 15:52:48.242401 25804 thread.cpp:76] thread 524337 deconstruct actor 1099614388280
I1012 15:52:48.242529 25804 runtime_context.cpp:29] DecreaseCounter job_4_running_actor_count, current val is 20
I1012 15:52:48.242555 25804 actor.cpp:408] actor 1099614388234 switch to nullptr
I1012 15:52:48.242566 25804 thread.cpp:76] thread 524337 deconstruct actor 1099614388234
I1012 15:52:48.242698 25804 runtime_context.cpp:29] DecreaseCounter job_0_running_actor_count, current val is 446
I1012 15:52:48.242720 25804 actor.cpp:408] actor 1099614388244 switch to nullptr
I1012 15:52:48.242731 25804 thread.cpp:76] thread 524337 deconstruct actor 1099614388244
I1012 15:52:48.242859 25804 runtime_context.cpp:29] DecreaseCounter job_0_running_actor_count, current val is 445
I1012 15:52:48.242882 25804 actor.cpp:408] actor 1099614388253 switch to nullptr
I1012 15:52:48.242892 25804 thread.cpp:76] thread 524337 deconstruct actor 1099614388253
I1012 15:52:48.243014 25804 runtime_context.cpp:29] DecreaseCounter job_1_running_actor_count, current val is 88
I1012 15:52:48.243036 25804 actor.cpp:408] actor 1099614388262 switch to nullptr
I1012 15:52:48.243047 25804 thread.cpp:76] thread 524337 deconstruct actor 1099614388262
I1012 15:52:48.243180 25804 runtime_context.cpp:29] DecreaseCounter job_2_running_actor_count, current val is 90
I1012 15:52:48.243222 25804 actor.cpp:408] actor 1099614388268 switch to nullptr
I1012 15:52:48.243235 25804 thread.cpp:76] thread 524337 deconstruct actor 1099614388268
I1012 15:52:48.243333 25817 actor.cpp:408] actor 2207613190452 switch to nullptr
I1012 15:52:48.243542 25817 thread.cpp:76] thread 1052672 deconstruct actor 2207613190452
I1012 15:52:48.243619 25804 runtime_context.cpp:29] DecreaseCounter job_3_running_actor_count, current val is 89
I1012 15:52:48.243683 25804 actor.cpp:408] actor 1099614388290 switch to nullptr
I1012 15:52:48.243703 25804 thread.cpp:76] thread 524337 deconstruct actor 1099614388290
I1012 15:52:48.243733 25817 runtime_context.cpp:29] DecreaseCounter job_3_running_actor_count, current val is 88
I1012 15:52:48.243798 25817 actor.cpp:408] actor 2207613190443 switch to nullptr
I1012 15:52:48.243818 25817 thread.cpp:76] thread 1052672 deconstruct actor 2207613190443
I1012 15:52:48.243914 25804 runtime_context.cpp:29] DecreaseCounter job_4_running_actor_count, current val is 19
I1012 15:52:48.243948 25804 actor.cpp:408] actor 1099614388277 switch to nullptr
I1012 15:52:48.243958 25817 runtime_context.cpp:29] DecreaseCounter job_3_running_actor_count, current val is 87
I1012 15:52:48.244010 25817 actor.cpp:408] actor 2207613190442 switch to nullptr
I1012 15:52:48.243965 25804 thread.cpp:76] thread 524337 deconstruct actor 1099614388277
I1012 15:52:48.243388 25808 actor.cpp:408] actor 2199023255860 switch to nullptr
I1012 15:52:48.244030 25817 thread.cpp:76] thread 1052672 deconstruct actor 2207613190442
I1012 15:52:48.244105 25808 thread.cpp:76] thread 1048576 deconstruct actor 2199023255860
I1012 15:52:48.244259 25817 runtime_context.cpp:29] DecreaseCounter job_3_running_actor_count, current val is 86
I1012 15:52:48.244293 25808 runtime_context.cpp:29] DecreaseCounter job_3_running_actor_count, current val is 85
I1012 15:52:48.244289 25804 runtime_context.cpp:29] DecreaseCounter job_4_running_actor_count, current val is 18
I1012 15:52:48.244307 25817 actor.cpp:408] actor 2207613190441 switch to nullptr
I1012 15:52:48.244377 25804 actor.cpp:408] actor 1099614388229 switch to nullptr
I1012 15:52:48.244362 25808 actor.cpp:408] actor 2199023255854 switch to nullptr
I1012 15:52:48.244385 25817 thread.cpp:76] thread 1052672 deconstruct actor 2207613190441
I1012 15:52:48.244406 25804 thread.cpp:76] thread 524337 deconstruct actor 1099614388229
I1012 15:52:48.244442 25808 thread.cpp:76] thread 1048576 deconstruct actor 2199023255854
I1012 15:52:48.244590 25817 runtime_context.cpp:29] DecreaseCounter job_3_running_actor_count, current val is 84
I1012 15:52:48.244642 25817 actor.cpp:408] actor 2207613190440 switch to nullptr
I1012 15:52:48.244660 25817 thread.cpp:76] thread 1052672 deconstruct actor 2207613190440
I1012 15:52:48.244658 25808 runtime_context.cpp:29] DecreaseCounter job_3_running_actor_count, current val is 83
I1012 15:52:48.244699 25804 runtime_context.cpp:29] DecreaseCounter job_0_running_actor_count, current val is 444
I1012 15:52:48.244742 25808 actor.cpp:408] actor 2199023255852 switch to nullptr
I1012 15:52:48.244751 25804 actor.cpp:408] actor 1099614388242 switch to nullptr
I1012 15:52:48.244771 25808 thread.cpp:76] thread 1048576 deconstruct actor 2199023255852
I1012 15:52:48.244776 25817 runtime_context.cpp:29] DecreaseCounter job_3_running_actor_count, current val is 82
I1012 15:52:48.244798 25804 thread.cpp:76] thread 524337 deconstruct actor 1099614388242
I1012 15:52:48.244879 25817 actor.cpp:408] actor 2207613190438 switch to nullptr
I1012 15:52:48.244904 25817 thread.cpp:76] thread 1052672 deconstruct actor 2207613190438
I1012 15:52:48.244932 25808 runtime_context.cpp:29] DecreaseCounter job_3_running_actor_count, current val is 81
I1012 15:52:48.244982 25808 actor.cpp:408] actor 2199023255851 switch to nullptr
I1012 15:52:48.245002 25808 thread.cpp:76] thread 1048576 deconstruct actor 2199023255851
I1012 15:52:48.245014 25817 runtime_context.cpp:29] DecreaseCounter job_3_running_actor_count, current val is 80
I1012 15:52:48.245057 25817 actor.cpp:408] actor 2207613190437 switch to nullptr
I1012 15:52:48.245081 25817 thread.cpp:76] thread 1052672 deconstruct actor 2207613190437
I1012 15:52:48.245060 25804 runtime_context.cpp:29] DecreaseCounter job_0_running_actor_count, current val is 443
I1012 15:52:48.245188 25817 runtime_context.cpp:29] DecreaseCounter job_3_running_actor_count, current val is 78
I1012 15:52:48.245216 25804 actor.cpp:408] actor 1099614388250 switch to nullptr
I1012 15:52:48.245239 25817 actor.cpp:408] actor 2207613190436 switch to nullptr
I1012 15:52:48.245267 25817 thread.cpp:76] thread 1052672 deconstruct actor 2207613190436
I1012 15:52:48.245249 25804 thread.cpp:76] thread 524337 deconstruct actor 1099614388250
I1012 15:52:48.245113 25808 runtime_context.cpp:29] DecreaseCounter job_3_running_actor_count, current val is 79
I1012 15:52:48.245390 25808 actor.cpp:408] actor 2199023255850 switch to nullptr
I1012 15:52:48.245411 25808 thread.cpp:76] thread 1048576 deconstruct actor 2199023255850
I1012 15:52:48.245442 25817 runtime_context.cpp:29] DecreaseCounter job_3_running_actor_count, current val is 77
I1012 15:52:48.245491 25817 actor.cpp:408] actor 2207613190435 switch to nullptr
I1012 15:52:48.245510 25817 thread.cpp:76] thread 1052672 deconstruct actor 2207613190435
I1012 15:52:48.245538 25804 runtime_context.cpp:29] DecreaseCounter job_1_running_actor_count, current val is 87
I1012 15:52:48.245549 25808 runtime_context.cpp:29] DecreaseCounter job_3_running_actor_count, current val is 76
I1012 15:52:48.245582 25804 actor.cpp:408] actor 1099614388259 switch to nullptr
I1012 15:52:48.245617 25804 thread.cpp:76] thread 524337 deconstruct actor 1099614388259
I1012 15:52:48.245618 25808 actor.cpp:408] actor 2199023255849 switch to nullptr
I1012 15:52:48.245661 25808 thread.cpp:76] thread 1048576 deconstruct actor 2199023255849
I1012 15:52:48.245633 25817 runtime_context.cpp:29] DecreaseCounter job_3_running_actor_count, current val is 75
I1012 15:52:48.245730 25817 actor.cpp:408] actor 2207613190434 switch to nullptr
I1012 15:52:48.245759 25817 thread.cpp:76] thread 1052672 deconstruct actor 2207613190434
I1012 15:52:48.245780 25808 runtime_context.cpp:29] DecreaseCounter job_3_running_actor_count, current val is 74
I1012 15:52:48.245806 25804 runtime_context.cpp:29] DecreaseCounter job_2_running_actor_count, current val is 89
I1012 15:52:48.245820 25808 actor.cpp:408] actor 2199023255848 switch to nullptr
I1012 15:52:48.245849 25804 actor.cpp:411] actor 1099614388272 switch to &Actor::HandlerZombie
I1012 15:52:48.245859 25808 thread.cpp:76] thread 1048576 deconstruct actor 2199023255848
I1012 15:52:48.245885 25817 runtime_context.cpp:29] DecreaseCounter job_3_running_actor_count, current val is 73
I1012 15:52:48.245895 25804 actor.cpp:408] actor 1099614388267 switch to nullptr
I1012 15:52:48.245929 25817 actor.cpp:408] actor 2207613190433 switch to nullptr
I1012 15:52:48.245944 25804 thread.cpp:76] thread 524337 deconstruct actor 1099614388267
I1012 15:52:48.245976 25808 runtime_context.cpp:29] DecreaseCounter job_3_running_actor_count, current val is 72
I1012 15:52:48.245978 25799 actor.cpp:408] actor 1099582930944 switch to nullptr
I1012 15:52:48.245968 25817 thread.cpp:76] thread 1052672 deconstruct actor 2207613190433
I1012 15:52:48.246059 25800 actor.cpp:411] actor 1099585028096 switch to &Actor::HandlerZombie
I1012 15:52:48.246026 25808 actor.cpp:408] actor 2199023255847 switch to nullptr
I1012 15:52:48.245977 25798 actor.cpp:408] actor 1099580833792 switch to nullptr
I1012 15:52:48.246181 25804 runtime_context.cpp:29] DecreaseCounter job_3_running_actor_count, current val is 70
I1012 15:52:48.246088 25810 actor.cpp:408] actor 2199025352711 switch to nullptr
I1012 15:52:48.246063 25819 actor.cpp:408] actor 2207615287302 switch to nullptr
I1012 15:52:48.246135 25800 thread.cpp:76] thread 524323 deconstruct actor 1099585028096
I1012 15:52:48.246160 25808 thread.cpp:76] thread 1048576 deconstruct actor 2199023255847
I1012 15:52:48.246166 25817 runtime_context.cpp:29] DecreaseCounter job_3_running_actor_count, current val is 71
I1012 15:52:48.246060 25799 thread.cpp:76] thread 524322 deconstruct actor 1099582930944
I1012 15:52:48.246194 25798 thread.cpp:76] thread 524321 deconstruct actor 1099580833792
I1012 15:52:48.246222 25804 actor.cpp:411] actor 1099614388293 switch to &Actor::HandlerZombie
I1012 15:52:48.246265 25810 thread.cpp:76] thread 1048577 deconstruct actor 2199025352711
I1012 15:52:48.246322 25819 thread.cpp:76] thread 1052673 deconstruct actor 2207615287302
I1012 15:52:48.246412 25817 actor.cpp:408] actor 2207613190432 switch to nullptr
I1012 15:52:48.246464 25808 runtime_context.cpp:29] DecreaseCounter job_3_running_actor_count, current val is 69
I1012 15:52:48.246803 25798 runtime_context.cpp:29] DecreaseCounter job_3_running_actor_count, current val is 66
I1012 15:52:48.246531 25804 actor.cpp:408] actor 1099614388288 switch to nullptr
I1012 15:52:48.246863 25819 runtime_context.cpp:29] DecreaseCounter job_3_running_actor_count, current val is 64
I1012 15:52:48.246583 25799 runtime_context.cpp:29] DecreaseCounter job_3_running_actor_count, current val is 67
I1012 15:52:48.246805 25817 thread.cpp:76] thread 1052672 deconstruct actor 2207613190432
I1012 15:52:48.246804 25810 runtime_context.cpp:29] DecreaseCounter job_3_running_actor_count, current val is 65
I1012 15:52:48.246850 25808 actor.cpp:408] actor 2199023255846 switch to nullptr
I1012 15:52:48.246529 25800 runtime_context.cpp:29] DecreaseCounter job_3_running_actor_count, current val is 68
I1012 15:52:48.246876 25804 thread.cpp:76] thread 524337 deconstruct actor 1099614388288
I1012 15:52:48.246567 25803 actor.cpp:411] actor 1099591319552 switch to &Actor::HandlerZombie
I1012 15:52:48.247037 25808 thread.cpp:76] thread 1048576 deconstruct actor 2199023255846
I1012 15:52:48.247072 25817 runtime_context.cpp:29] DecreaseCounter job_3_running_actor_count, current val is 63
I1012 15:52:48.247205 25817 actor.cpp:408] actor 2207613190431 switch to nullptr
I1012 15:52:48.247226 25817 thread.cpp:76] thread 1052672 deconstruct actor 2207613190431
I1012 15:52:48.247242 25808 runtime_context.cpp:29] DecreaseCounter job_3_running_actor_count, current val is 62
I1012 15:52:48.247275 25804 runtime_context.cpp:29] DecreaseCounter job_4_running_actor_count, current val is 17
I1012 15:52:48.247288 25808 actor.cpp:408] actor 2199023255845 switch to nullptr
I1012 15:52:48.247318 25804 actor.cpp:408] actor 1099614388284 switch to nullptr
I1012 15:52:48.247337 25808 thread.cpp:76] thread 1048576 deconstruct actor 2199023255845
I1012 15:52:48.247370 25801 actor.cpp:411] actor 1099587125248 switch to &Actor::HandlerZombie
I1012 15:52:48.247359 25804 thread.cpp:76] thread 524337 deconstruct actor 1099614388284
I1012 15:52:48.247342 25817 runtime_context.cpp:29] DecreaseCounter job_3_running_actor_count, current val is 61
I1012 15:52:48.247534 25808 runtime_context.cpp:29] DecreaseCounter job_3_running_actor_count, current val is 60
I1012 15:52:48.247541 25817 actor.cpp:408] actor 2207613190446 switch to nullptr
I1012 15:52:48.247587 25808 actor.cpp:408] actor 2199023255844 switch to nullptr
I1012 15:52:48.247625 25808 thread.cpp:76] thread 1048576 deconstruct actor 2199023255844
I1012 15:52:48.247598 25817 thread.cpp:76] thread 1052672 deconstruct actor 2207613190446
I1012 15:52:48.247670 25804 runtime_context.cpp:29] DecreaseCounter job_4_running_actor_count, current val is 16
I1012 15:52:48.247714 25804 actor.cpp:408] actor 1099614388285 switch to nullptr
I1012 15:52:48.247723 25808 runtime_context.cpp:29] DecreaseCounter job_3_running_actor_count, current val is 59
I1012 15:52:48.247732 25804 thread.cpp:76] thread 524337 deconstruct actor 1099614388285
I1012 15:52:48.247792 25803 thread.cpp:76] thread 524326 deconstruct actor 1099591319552
I1012 15:52:48.247768 25802 actor.cpp:411] actor 1099589222400 switch to &Actor::HandlerZombie
I1012 15:52:48.247802 25817 runtime_context.cpp:29] DecreaseCounter job_3_running_actor_count, current val is 58
I1012 15:52:48.247769 25808 actor.cpp:408] actor 2199023255843 switch to nullptr
I1012 15:52:48.247925 25817 actor.cpp:408] actor 2207613190420 switch to nullptr
I1012 15:52:48.247931 25808 thread.cpp:76] thread 1048576 deconstruct actor 2199023255843
I1012 15:52:48.247952 25817 thread.cpp:76] thread 1052672 deconstruct actor 2207613190420
I1012 15:52:48.248031 25803 runtime_context.cpp:29] DecreaseCounter job_4_running_actor_count, current val is 15
I1012 15:52:48.248061 25808 runtime_context.cpp:29] DecreaseCounter job_3_running_actor_count, current val is 57
I1012 15:52:48.248064 25804 runtime_context.cpp:29] DecreaseCounter job_4_running_actor_count, current val is 14
I1012 15:52:48.248203 25808 actor.cpp:408] actor 2199023255842 switch to nullptr
I1012 15:52:48.248226 25804 actor.cpp:411] actor 1099614388281 switch to &Actor::HandlerZombie
I1012 15:52:48.248235 25808 thread.cpp:76] thread 1048576 deconstruct actor 2199023255842
I1012 15:52:48.248268 25804 actor.cpp:408] actor 1099614388275 switch to nullptr
I1012 15:52:48.248205 25817 runtime_context.cpp:29] DecreaseCounter job_3_running_actor_count, current val is 56
I1012 15:52:48.248294 25804 thread.cpp:76] thread 524337 deconstruct actor 1099614388275
I1012 15:52:48.248337 25817 actor.cpp:408] actor 2207613190445 switch to nullptr
I1012 15:52:48.248361 25817 thread.cpp:76] thread 1052672 deconstruct actor 2207613190445
I1012 15:52:48.248286 25801 thread.cpp:76] thread 524324 deconstruct actor 1099587125248
I1012 15:52:48.248399 25808 runtime_context.cpp:29] DecreaseCounter job_3_running_actor_count, current val is 55
I1012 15:52:48.248482 25808 actor.cpp:408] actor 2199023255840 switch to nullptr
I1012 15:52:48.248489 25817 runtime_context.cpp:29] DecreaseCounter job_3_running_actor_count, current val is 54
I1012 15:52:48.248519 25808 thread.cpp:76] thread 1048576 deconstruct actor 2199023255840
I1012 15:52:48.248531 25804 runtime_context.cpp:29] DecreaseCounter job_4_running_actor_count, current val is 13
I1012 15:52:48.248564 25817 actor.cpp:408] actor 2207613190419 switch to nullptr
I1012 15:52:48.248628 25804 actor.cpp:408] actor 1099614388276 switch to nullptr
I1012 15:52:48.248641 25817 thread.cpp:76] thread 1052672 deconstruct actor 2207613190419
I1012 15:52:48.248605 25801 runtime_context.cpp:29] DecreaseCounter job_4_running_actor_count, current val is 12
I1012 15:52:48.248711 25808 runtime_context.cpp:29] DecreaseCounter job_3_running_actor_count, current val is 53
I1012 15:52:48.248641 25802 thread.cpp:76] thread 524325 deconstruct actor 1099589222400
I1012 15:52:48.248651 25804 thread.cpp:76] thread 524337 deconstruct actor 1099614388276
I1012 15:52:48.248760 25808 actor.cpp:408] actor 2199023255839 switch to nullptr
I1012 15:52:48.248786 25817 runtime_context.cpp:29] DecreaseCounter job_3_running_actor_count, current val is 52
I1012 15:52:48.248837 25808 thread.cpp:76] thread 1048576 deconstruct actor 2199023255839
I1012 15:52:48.248893 25817 actor.cpp:408] actor 2207613190444 switch to nullptr
I1012 15:52:48.248929 25817 thread.cpp:76] thread 1052672 deconstruct actor 2207613190444
I1012 15:52:48.248965 25802 runtime_context.cpp:29] DecreaseCounter job_4_running_actor_count, current val is 11
I1012 15:52:48.248997 25804 runtime_context.cpp:29] DecreaseCounter job_4_running_actor_count, current val is 10
I1012 15:52:48.248975 25808 runtime_context.cpp:29] DecreaseCounter job_3_running_actor_count, current val is 51
I1012 15:52:48.249032 25804 actor.cpp:411] actor 1099614388235 switch to &Actor::HandlerZombie
I1012 15:52:48.249069 25808 actor.cpp:408] actor 2199023255828 switch to nullptr
I1012 15:52:48.249094 25804 actor.cpp:408] actor 1099614388225 switch to nullptr
I1012 15:52:48.249061 25817 runtime_context.cpp:29] DecreaseCounter job_3_running_actor_count, current val is 50
I1012 15:52:48.249096 25808 thread.cpp:76] thread 1048576 deconstruct actor 2199023255828
I1012 15:52:48.249161 25817 actor.cpp:408] actor 2207613190418 switch to nullptr
I1012 15:52:48.249119 25804 thread.cpp:76] thread 524337 deconstruct actor 1099614388225
I1012 15:52:48.249187 25817 thread.cpp:76] thread 1052672 deconstruct actor 2207613190418
I1012 15:52:48.249255 25808 runtime_context.cpp:29] DecreaseCounter job_3_running_actor_count, current val is 49
I1012 15:52:48.249294 25810 actor.cpp:411] actor 2199025352704 switch to &Actor::HandlerZombie
I1012 15:52:48.249261 25765 actor.cpp:408] actor 1099511627776 switch to nullptr
I1012 15:52:48.249315 25777 actor.cpp:408] actor 1099536793600 switch to nullptr
I1012 15:52:48.249316 25773 actor.cpp:408] actor 1099528404992 switch to nullptr
I1012 15:52:48.249361 25817 runtime_context.cpp:29] DecreaseCounter job_3_running_actor_count, current val is 48
I1012 15:52:48.249322 25769 actor.cpp:408] actor 1099520016384 switch to nullptr
I1012 15:52:48.249742 25769 thread.cpp:76] thread 524292 deconstruct actor 1099520016384
I1012 15:52:48.249261 25781 actor.cpp:408] actor 1099545182208 switch to nullptr
I1012 15:52:48.249388 25808 actor.cpp:408] actor 2199023255853 switch to nullptr
I1012 15:52:48.249827 25781 thread.cpp:76] thread 524304 deconstruct actor 1099545182208
I1012 15:52:48.249451 25810 actor.cpp:411] actor 2199025352706 switch to &Actor::HandlerZombie
I1012 15:52:48.249549 25765 thread.cpp:76] thread 524288 deconstruct actor 1099511627776
I1012 15:52:48.249634 25777 thread.cpp:76] thread 524300 deconstruct actor 1099536793600
I1012 15:52:48.249670 25773 thread.cpp:76] thread 524296 deconstruct actor 1099528404992
I1012 15:52:48.249706 25817 actor.cpp:408] actor 2207613190416 switch to nullptr
I1012 15:52:48.249416 25804 runtime_context.cpp:29] DecreaseCounter job_0_running_actor_count, current val is 442
I1012 15:52:48.250124 25769 runtime_context.cpp:29] DecreaseCounter job_0_running_actor_count, current val is 441
I1012 15:52:48.249929 25810 actor.cpp:411] actor 2199025352705 switch to &Actor::HandlerZombie
I1012 15:52:48.250119 25817 thread.cpp:76] thread 1052672 deconstruct actor 2207613190416
I1012 15:52:48.250238 25810 actor.cpp:411] actor 2199025352707 switch to &Actor::HandlerZombie
I1012 15:52:48.250160 25804 actor.cpp:408] actor 1099614388224 switch to nullptr
I1012 15:52:48.250329 25804 thread.cpp:76] thread 524337 deconstruct actor 1099614388224
I1012 15:52:48.249845 25808 thread.cpp:76] thread 1048576 deconstruct actor 2199023255853
I1012 15:52:48.250360 25791 actor.cpp:408] actor 1099566153728 switch to nullptr
I1012 15:52:48.250391 25773 runtime_context.cpp:29] DecreaseCounter job_0_running_actor_count, current val is 438
I1012 15:52:48.250331 25817 runtime_context.cpp:29] DecreaseCounter job_3_running_actor_count, current val is 47
I1012 15:52:48.250445 25789 actor.cpp:408] actor 1099561959424 switch to nullptr
I1012 15:52:48.250344 25788 actor.cpp:408] actor 1099559862272 switch to nullptr
I1012 15:52:48.250321 25777 runtime_context.cpp:29] DecreaseCounter job_0_running_actor_count, current val is 439
I1012 15:52:48.250375 25810 actor.cpp:408] actor 2199025352709 switch to nullptr
I1012 15:52:48.250654 25810 thread.cpp:76] thread 1048577 deconstruct actor 2199025352709
I1012 15:52:48.250411 25791 thread.cpp:76] thread 524314 deconstruct actor 1099566153728
I1012 15:52:48.250736 25810 runtime_context.cpp:29] DecreaseCounter job_0_running_actor_count, current val is 436
I1012 15:52:48.250196 25781 runtime_context.cpp:29] DecreaseCounter job_0_running_actor_count, current val is 440
I1012 15:52:48.250247 25787 actor.cpp:408] actor 1099557765120 switch to nullptr
I1012 15:52:48.250445 25819 actor.cpp:408] actor 2207615287300 switch to nullptr
I1012 15:52:48.250933 25819 thread.cpp:76] thread 1052673 deconstruct actor 2207615287300
I1012 15:52:48.250963 25791 runtime_context.cpp:29] DecreaseCounter job_0_running_actor_count, current val is 435
I1012 15:52:48.250504 25808 runtime_context.cpp:29] DecreaseCounter job_3_running_actor_count, current val is 46
I1012 15:52:48.251031 25819 runtime_context.cpp:29] DecreaseCounter job_0_running_actor_count, current val is 434
I1012 15:52:48.250530 25789 thread.cpp:76] thread 524312 deconstruct actor 1099561959424
I1012 15:52:48.250550 25804 runtime_context.cpp:29] DecreaseCounter job_0_running_actor_count, current val is 437
I1012 15:52:48.251145 25804 actor.cpp:408] actor 1099614388226 switch to nullptr
I1012 15:52:48.251168 25804 thread.cpp:76] thread 524337 deconstruct actor 1099614388226
I1012 15:52:48.250874 25787 thread.cpp:76] thread 524310 deconstruct actor 1099557765120
I1012 15:52:48.250303 25790 actor.cpp:411] actor 1099564056576 switch to &Actor::HandlerZombie
I1012 15:52:48.250501 25817 actor.cpp:408] actor 2207613190417 switch to nullptr
I1012 15:52:48.251367 25770 actor.cpp:408] actor 1099522113536 switch to nullptr
I1012 15:52:48.250576 25788 thread.cpp:76] thread 524311 deconstruct actor 1099559862272
I1012 15:52:48.251565 25804 runtime_context.cpp:29] DecreaseCounter job_0_running_actor_count, current val is 432
I1012 15:52:48.251317 25778 actor.cpp:408] actor 1099538890752 switch to nullptr
I1012 15:52:48.251616 25804 actor.cpp:408] actor 1099614388227 switch to nullptr
I1012 15:52:48.251626 25789 runtime_context.cpp:29] DecreaseCounter job_0_running_actor_count, current val is 431
I1012 15:52:48.251682 25788 runtime_context.cpp:29] DecreaseCounter job_0_running_actor_count, current val is 430
I1012 15:52:48.251063 25808 actor.cpp:408] actor 2199023255827 switch to nullptr
I1012 15:52:48.251773 25771 actor.cpp:408] actor 1099524210688 switch to nullptr
I1012 15:52:48.251803 25783 actor.cpp:408] actor 1099549376512 switch to nullptr
I1012 15:52:48.251503 25782 actor.cpp:408] actor 1099547279360 switch to nullptr
I1012 15:52:48.251525 25770 thread.cpp:76] thread 524293 deconstruct actor 1099522113536
I1012 15:52:48.251530 25787 runtime_context.cpp:29] DecreaseCounter job_0_running_actor_count, current val is 433
I1012 15:52:48.251271 25766 actor.cpp:408] actor 1099513724928 switch to nullptr
I1012 15:52:48.252058 25766 thread.cpp:76] thread 524289 deconstruct actor 1099513724928
I1012 15:52:48.251323 25810 thread.cpp:76] thread 1048577 deconstruct actor 2199025352704
I1012 15:52:48.251637 25804 thread.cpp:76] thread 524337 deconstruct actor 1099614388227
I1012 15:52:48.251369 25774 actor.cpp:408] actor 1099530502144 switch to nullptr
I1012 15:52:48.252152 25774 thread.cpp:76] thread 524297 deconstruct actor 1099530502144
I1012 15:52:48.251720 25767 actor.cpp:408] actor 1099515822080 switch to nullptr
I1012 15:52:48.252234 25767 thread.cpp:76] thread 524290 deconstruct actor 1099515822080
I1012 15:52:48.251775 25779 actor.cpp:408] actor 1099540987904 switch to nullptr
I1012 15:52:48.252298 25779 thread.cpp:76] thread 524302 deconstruct actor 1099540987904
I1012 15:52:48.251410 25817 thread.cpp:76] thread 1052672 deconstruct actor 2207613190417
I1012 15:52:48.252367 25774 runtime_context.cpp:29] DecreaseCounter job_0_running_actor_count, current val is 426
I1012 15:52:48.251415 25790 thread.cpp:76] thread 524313 deconstruct actor 1099564056576
I1012 15:52:48.251837 25771 thread.cpp:76] thread 524294 deconstruct actor 1099524210688
I1012 15:52:48.251866 25783 thread.cpp:76] thread 524306 deconstruct actor 1099549376512
I1012 15:52:48.251875 25775 actor.cpp:408] actor 1099532599296 switch to nullptr
I1012 15:52:48.252573 25779 runtime_context.cpp:29] DecreaseCounter job_0_running_actor_count, current val is 425
I1012 15:52:48.251942 25782 thread.cpp:76] thread 524305 deconstruct actor 1099547279360
I1012 15:52:48.252687 25783 runtime_context.cpp:29] DecreaseCounter job_0_running_actor_count, current val is 424
I1012 15:52:48.251758 25819 actor.cpp:411] actor 2207615287297 switch to &Actor::HandlerZombie
I1012 15:52:48.252177 25810 runtime_context.cpp:29] DecreaseCounter job_0_running_actor_count, current val is 428
I1012 15:52:48.252791 25819 actor.cpp:411] actor 2207615287296 switch to &Actor::HandlerZombie
I1012 15:52:48.252804 25771 runtime_context.cpp:29] DecreaseCounter job_0_running_actor_count, current val is 422
I1012 15:52:48.252329 25804 runtime_context.cpp:29] DecreaseCounter job_0_running_actor_count, current val is 427
I1012 15:52:48.252902 25782 runtime_context.cpp:29] DecreaseCounter job_0_running_actor_count, current val is 421
I1012 15:52:48.252930 25804 actor.cpp:408] actor 1099614388228 switch to nullptr
I1012 15:52:48.252962 25804 thread.cpp:76] thread 524337 deconstruct actor 1099614388228
I1012 15:52:48.251621 25778 thread.cpp:76] thread 524301 deconstruct actor 1099538890752
I1012 15:52:48.252156 25770 runtime_context.cpp:29] DecreaseCounter job_0_running_actor_count, current val is 429
I1012 15:52:48.253087 25772 actor.cpp:408] actor 1099526307840 switch to nullptr
I1012 15:52:48.253156 25772 thread.cpp:76] thread 524295 deconstruct actor 1099526307840
I1012 15:52:48.251786 25808 thread.cpp:76] thread 1048576 deconstruct actor 2199023255827
I1012 15:52:48.252832 25819 actor.cpp:411] actor 2207615287298 switch to &Actor::HandlerZombie
I1012 15:52:48.252523 25817 runtime_context.cpp:29] DecreaseCounter job_3_running_actor_count, current val is 45
I1012 15:52:48.252578 25775 thread.cpp:76] thread 524298 deconstruct actor 1099532599296
I1012 15:52:48.253036 25768 actor.cpp:408] actor 1099517919232 switch to nullptr
I1012 15:52:48.253418 25772 runtime_context.cpp:29] DecreaseCounter job_0_running_actor_count, current val is 418
I1012 15:52:48.252771 25790 runtime_context.cpp:29] DecreaseCounter job_0_running_actor_count, current val is 423
I1012 15:52:48.253110 25776 actor.cpp:408] actor 1099534696448 switch to nullptr
I1012 15:52:48.253126 25784 actor.cpp:408] actor 1099551473664 switch to nullptr
I1012 15:52:48.252799 25810 thread.cpp:76] thread 1048577 deconstruct actor 2199025352705
I1012 15:52:48.253221 25778 runtime_context.cpp:29] DecreaseCounter job_0_running_actor_count, current val is 420
I1012 15:52:48.253744 25810 runtime_context.cpp:29] DecreaseCounter job_0_running_actor_count, current val is 416
I1012 15:52:48.253791 25810 thread.cpp:76] thread 1048577 deconstruct actor 2199025352707
I1012 15:52:48.253310 25819 actor.cpp:411] actor 2207615287299 switch to &Actor::HandlerZombie
I1012 15:52:48.253355 25817 actor.cpp:408] actor 2207613190448 switch to nullptr
I1012 15:52:48.253914 25817 thread.cpp:76] thread 1052672 deconstruct actor 2207613190448
I1012 15:52:48.253099 25780 actor.cpp:408] actor 1099543085056 switch to nullptr
I1012 15:52:48.253993 25780 thread.cpp:76] thread 524303 deconstruct actor 1099543085056
I1012 15:52:48.253455 25768 thread.cpp:76] thread 524291 deconstruct actor 1099517919232
I1012 15:52:48.254065 25817 runtime_context.cpp:29] DecreaseCounter job_3_running_actor_count, current val is 43
I1012 15:52:48.253634 25784 thread.cpp:76] thread 524307 deconstruct actor 1099551473664
I1012 15:52:48.253636 25775 runtime_context.cpp:29] DecreaseCounter job_0_running_actor_count, current val is 417
I1012 15:52:48.253302 25804 runtime_context.cpp:29] DecreaseCounter job_0_running_actor_count, current val is 419
I1012 15:52:48.254279 25780 runtime_context.cpp:29] DecreaseCounter job_0_running_actor_count, current val is 414
I1012 15:52:48.254303 25804 actor.cpp:411] actor 1099614388245 switch to &Actor::HandlerZombie
I1012 15:52:48.253872 25819 thread.cpp:76] thread 1052673 deconstruct actor 2207615287297
I1012 15:52:48.254350 25804 actor.cpp:408] actor 1099614388238 switch to nullptr
I1012 15:52:48.254374 25804 thread.cpp:76] thread 524337 deconstruct actor 1099614388238
I1012 15:52:48.254124 25817 actor.cpp:408] actor 2207613190428 switch to nullptr
I1012 15:52:48.253846 25810 runtime_context.cpp:29] DecreaseCounter job_0_running_actor_count, current val is 415
I1012 15:52:48.254467 25785 actor.cpp:411] actor 1099553570816 switch to &Actor::HandlerZombie
I1012 15:52:48.253600 25776 thread.cpp:76] thread 524299 deconstruct actor 1099534696448
I1012 15:52:48.254413 25784 runtime_context.cpp:29] DecreaseCounter job_0_running_actor_count, current val is 413
I1012 15:52:48.254459 25817 thread.cpp:76] thread 1052672 deconstruct actor 2207613190428
I1012 15:52:48.254473 25819 runtime_context.cpp:29] DecreaseCounter job_0_running_actor_count, current val is 412
I1012 15:52:48.253422 25808 runtime_context.cpp:29] DecreaseCounter job_3_running_actor_count, current val is 44
I1012 15:52:48.254686 25804 runtime_context.cpp:29] DecreaseCounter job_0_running_actor_count, current val is 411
I1012 15:52:48.254658 25819 thread.cpp:76] thread 1052673 deconstruct actor 2207615287298
I1012 15:52:48.254738 25804 actor.cpp:408] actor 1099614388239 switch to nullptr
I1012 15:52:48.254757 25804 thread.cpp:76] thread 524337 deconstruct actor 1099614388239
I1012 15:52:48.254760 25817 runtime_context.cpp:29] DecreaseCounter job_3_running_actor_count, current val is 42
I1012 15:52:48.254724 25808 actor.cpp:408] actor 2199023255826 switch to nullptr
I1012 15:52:48.254789 25786 actor.cpp:411] actor 1099555667968 switch to &Actor::HandlerZombie
I1012 15:52:48.254492 25810 thread.cpp:76] thread 1048577 deconstruct actor 2199025352706
I1012 15:52:48.255002 25804 runtime_context.cpp:29] DecreaseCounter job_0_running_actor_count, current val is 408
I1012 15:52:48.254863 25776 runtime_context.cpp:29] DecreaseCounter job_0_running_actor_count, current val is 409
I1012 15:52:48.254873 25808 thread.cpp:76] thread 1048576 deconstruct actor 2199023255826
I1012 15:52:48.254889 25817 actor.cpp:408] actor 2207613190439 switch to nullptr
