I1013 15:33:11.951898 34109 thread.cpp:96] Thread 1048576 construct Actor kNormalForward 2199023255723
I1013 15:33:11.951946 34109 runtime_context.cpp:29] DecreaseCounter constructing_actor_cnt, current val is 95
I1013 15:33:11.952136 34109 naive_actor.cpp:25] actor 2199023255719 switch to &NaiveActor::HandlerNormal
I1013 15:33:11.952173 34109 thread.cpp:96] Thread 1048576 construct Actor kNormalForward 2199023255719
I1013 15:33:11.952210 34109 runtime_context.cpp:29] DecreaseCounter constructing_actor_cnt, current val is 94
I1013 15:33:11.952387 34109 naive_actor.cpp:25] actor 2199023255717 switch to &NaiveActor::HandlerNormal
I1013 15:33:11.952409 34109 thread.cpp:96] Thread 1048576 construct Actor kNormalForward 2199023255717
I1013 15:33:11.952445 34109 runtime_context.cpp:29] DecreaseCounter constructing_actor_cnt, current val is 93
I1013 15:33:11.952643 34109 naive_actor.cpp:25] actor 2199023255722 switch to &NaiveActor::HandlerNormal
I1013 15:33:11.952684 34109 thread.cpp:96] Thread 1048576 construct Actor kNormalForward 2199023255722
I1013 15:33:11.952739 34109 runtime_context.cpp:29] DecreaseCounter constructing_actor_cnt, current val is 92
I1013 15:33:11.952925 34109 naive_actor.cpp:25] actor 2199023255720 switch to &NaiveActor::HandlerNormal
I1013 15:33:11.952963 34109 thread.cpp:96] Thread 1048576 construct Actor kNormalForward 2199023255720
I1013 15:33:11.953001 34109 runtime_context.cpp:29] DecreaseCounter constructing_actor_cnt, current val is 91
I1013 15:33:11.953188 34109 naive_actor.cpp:25] actor 2199023255705 switch to &NaiveActor::HandlerNormal
I1013 15:33:11.953210 34109 thread.cpp:96] Thread 1048576 construct Actor kNormalForward 2199023255705
I1013 15:33:11.953244 34109 runtime_context.cpp:29] DecreaseCounter constructing_actor_cnt, current val is 90
I1013 15:33:11.953413 34109 naive_actor.cpp:25] actor 2199023255726 switch to &NaiveActor::HandlerNormal
I1013 15:33:11.953435 34109 thread.cpp:96] Thread 1048576 construct Actor kNormalForward 2199023255726
I1013 15:33:11.953469 34109 runtime_context.cpp:29] DecreaseCounter constructing_actor_cnt, current val is 89
I1013 15:33:11.953647 34109 naive_actor.cpp:25] actor 2199023255725 switch to &NaiveActor::HandlerNormal
I1013 15:33:11.953670 34109 thread.cpp:96] Thread 1048576 construct Actor kNormalForward 2199023255725
I1013 15:33:11.953704 34109 runtime_context.cpp:29] DecreaseCounter constructing_actor_cnt, current val is 88
I1013 15:33:11.953876 34109 naive_actor.cpp:25] actor 2199023255718 switch to &NaiveActor::HandlerNormal
I1013 15:33:11.954232 34109 thread.cpp:96] Thread 1048576 construct Actor kNormalForward 2199023255718
I1013 15:33:11.954288 34109 runtime_context.cpp:29] DecreaseCounter constructing_actor_cnt, current val is 87
I1013 15:33:11.954478 34109 naive_actor.cpp:25] actor 2199023255737 switch to &NaiveActor::HandlerNormal
I1013 15:33:11.954501 34109 thread.cpp:96] Thread 1048576 construct Actor kDeviceTick 2199023255737
I1013 15:33:11.954535 34109 runtime_context.cpp:29] DecreaseCounter constructing_actor_cnt, current val is 86
I1013 15:33:11.954713 34109 naive_actor.cpp:25] actor 2199023255727 switch to &NaiveActor::HandlerNormal
I1013 15:33:11.954735 34109 thread.cpp:96] Thread 1048576 construct Actor kNormalForward 2199023255727
I1013 15:33:11.954771 34109 runtime_context.cpp:29] DecreaseCounter constructing_actor_cnt, current val is 85
I1013 15:33:11.954941 34109 naive_actor.cpp:25] actor 2199023255709 switch to &NaiveActor::HandlerNormal
I1013 15:33:11.954962 34109 thread.cpp:96] Thread 1048576 construct Actor kNormalForward 2199023255709
I1013 15:33:11.954995 34109 runtime_context.cpp:29] DecreaseCounter constructing_actor_cnt, current val is 84
I1013 15:33:11.955163 34109 naive_actor.cpp:25] actor 2199023255728 switch to &NaiveActor::HandlerNormal
I1013 15:33:11.955185 34109 thread.cpp:96] Thread 1048576 construct Actor kNormalForward 2199023255728
I1013 15:33:11.955219 34109 runtime_context.cpp:29] DecreaseCounter constructing_actor_cnt, current val is 83
I1013 15:33:11.955389 34109 naive_actor.cpp:25] actor 2199023255729 switch to &NaiveActor::HandlerNormal
I1013 15:33:11.955430 34109 thread.cpp:96] Thread 1048576 construct Actor kNormalForward 2199023255729
I1013 15:33:11.955466 34109 runtime_context.cpp:29] DecreaseCounter constructing_actor_cnt, current val is 82
I1013 15:33:11.955660 34109 naive_actor.cpp:25] actor 2199023255733 switch to &NaiveActor::HandlerNormal
I1013 15:33:11.955698 34109 thread.cpp:96] Thread 1048576 construct Actor kNormalForward 2199023255733
I1013 15:33:11.955734 34109 runtime_context.cpp:29] DecreaseCounter constructing_actor_cnt, current val is 81
I1013 15:33:11.955909 34109 naive_actor.cpp:25] actor 2199023255732 switch to &NaiveActor::HandlerNormal
I1013 15:33:11.955931 34109 thread.cpp:96] Thread 1048576 construct Actor kNormalForward 2199023255732
I1013 15:33:11.955965 34109 runtime_context.cpp:29] DecreaseCounter constructing_actor_cnt, current val is 80
I1013 15:33:11.956135 34109 naive_actor.cpp:25] actor 2199023255730 switch to &NaiveActor::HandlerNormal
I1013 15:33:11.956156 34109 thread.cpp:96] Thread 1048576 construct Actor kNormalForward 2199023255730
I1013 15:33:11.956190 34109 runtime_context.cpp:29] DecreaseCounter constructing_actor_cnt, current val is 79
I1013 15:33:11.956358 34109 naive_actor.cpp:25] actor 2199023255731 switch to &NaiveActor::HandlerNormal
I1013 15:33:11.956379 34109 thread.cpp:96] Thread 1048576 construct Actor kNormalForward 2199023255731
I1013 15:33:11.956413 34109 runtime_context.cpp:29] DecreaseCounter constructing_actor_cnt, current val is 78
I1013 15:33:11.956589 34109 naive_actor.cpp:25] actor 2199023255735 switch to &NaiveActor::HandlerNormal
I1013 15:33:11.956611 34109 thread.cpp:96] Thread 1048576 construct Actor kNormalForward 2199023255735
I1013 15:33:11.956645 34109 runtime_context.cpp:29] DecreaseCounter constructing_actor_cnt, current val is 77
I1013 15:33:11.956816 34109 naive_actor.cpp:25] actor 2199023255704 switch to &NaiveActor::HandlerNormal
I1013 15:33:11.956838 34109 thread.cpp:96] Thread 1048576 construct Actor kNormalForward 2199023255704
I1013 15:33:11.956872 34109 runtime_context.cpp:29] DecreaseCounter constructing_actor_cnt, current val is 76
I1013 15:33:11.957044 34109 naive_actor.cpp:25] actor 2199023255742 switch to &NaiveActor::HandlerNormal
I1013 15:33:11.957065 34109 thread.cpp:96] Thread 1048576 construct Actor kNormalForward 2199023255742
I1013 15:33:11.957099 34109 runtime_context.cpp:29] DecreaseCounter constructing_actor_cnt, current val is 75
I1013 15:33:11.957267 34109 naive_actor.cpp:25] actor 2199023255754 switch to &NaiveActor::HandlerNormal
I1013 15:33:11.957310 34109 thread.cpp:96] Thread 1048576 construct Actor kNormalForward 2199023255754
I1013 15:33:11.957350 34109 runtime_context.cpp:29] DecreaseCounter constructing_actor_cnt, current val is 74
I1013 15:33:11.957523 34109 naive_actor.cpp:25] actor 2199023255753 switch to &NaiveActor::HandlerNormal
I1013 15:33:11.957562 34109 thread.cpp:96] Thread 1048576 construct Actor kNormalForward 2199023255753
I1013 15:33:11.957609 34109 runtime_context.cpp:29] DecreaseCounter constructing_actor_cnt, current val is 73
I1013 15:33:11.957779 34109 naive_actor.cpp:25] actor 2199023255744 switch to &NaiveActor::HandlerNormal
I1013 15:33:11.957801 34109 thread.cpp:96] Thread 1048576 construct Actor kNormalForward 2199023255744
I1013 15:33:11.957835 34109 runtime_context.cpp:29] DecreaseCounter constructing_actor_cnt, current val is 72
I1013 15:33:11.958004 34109 naive_actor.cpp:25] actor 2199023255750 switch to &NaiveActor::HandlerNormal
I1013 15:33:11.958045 34109 thread.cpp:96] Thread 1048576 construct Actor kNormalForward 2199023255750
I1013 15:33:11.958138 34109 runtime_context.cpp:29] DecreaseCounter constructing_actor_cnt, current val is 71
I1013 15:33:11.958324 34109 naive_actor.cpp:25] actor 2199023255748 switch to &NaiveActor::HandlerNormal
I1013 15:33:11.958372 34109 thread.cpp:96] Thread 1048576 construct Actor kNormalForward 2199023255748
I1013 15:33:11.958408 34109 runtime_context.cpp:29] DecreaseCounter constructing_actor_cnt, current val is 70
I1013 15:33:11.958595 34109 naive_actor.cpp:25] actor 2199023255739 switch to &NaiveActor::HandlerNormal
I1013 15:33:11.958631 34109 thread.cpp:96] Thread 1048576 construct Actor kNormalForward 2199023255739
I1013 15:33:11.958667 34109 runtime_context.cpp:29] DecreaseCounter constructing_actor_cnt, current val is 69
I1013 15:33:11.958837 34109 naive_actor.cpp:25] actor 2199023255741 switch to &NaiveActor::HandlerNormal
I1013 15:33:11.958858 34109 thread.cpp:96] Thread 1048576 construct Actor kNormalForward 2199023255741
I1013 15:33:11.958894 34109 runtime_context.cpp:29] DecreaseCounter constructing_actor_cnt, current val is 68
I1013 15:33:11.959066 34109 naive_actor.cpp:25] actor 2199023255747 switch to &NaiveActor::HandlerNormal
I1013 15:33:11.959105 34109 thread.cpp:96] Thread 1048576 construct Actor kNormalForward 2199023255747
I1013 15:33:11.959141 34109 runtime_context.cpp:29] DecreaseCounter constructing_actor_cnt, current val is 67
I1013 15:33:11.959312 34109 naive_actor.cpp:25] actor 2199023255745 switch to &NaiveActor::HandlerNormal
I1013 15:33:11.959334 34109 thread.cpp:96] Thread 1048576 construct Actor kNormalForward 2199023255745
I1013 15:33:11.959368 34109 runtime_context.cpp:29] DecreaseCounter constructing_actor_cnt, current val is 66
I1013 15:33:11.959537 34109 naive_actor.cpp:25] actor 2199023255740 switch to &NaiveActor::HandlerNormal
I1013 15:33:11.959559 34109 thread.cpp:96] Thread 1048576 construct Actor kNormalForward 2199023255740
I1013 15:33:11.959602 34109 runtime_context.cpp:29] DecreaseCounter constructing_actor_cnt, current val is 65
I1013 15:33:11.959771 34109 naive_actor.cpp:25] actor 2199023255746 switch to &NaiveActor::HandlerNormal
I1013 15:33:11.959794 34109 thread.cpp:96] Thread 1048576 construct Actor kNormalForward 2199023255746
I1013 15:33:11.959828 34109 runtime_context.cpp:29] DecreaseCounter constructing_actor_cnt, current val is 64
I1013 15:33:11.960001 34109 naive_actor.cpp:25] actor 2199023255749 switch to &NaiveActor::HandlerNormal
I1013 15:33:11.960023 34109 thread.cpp:96] Thread 1048576 construct Actor kNormalForward 2199023255749
I1013 15:33:11.960057 34109 runtime_context.cpp:29] DecreaseCounter constructing_actor_cnt, current val is 63
I1013 15:33:11.960230 34109 naive_actor.cpp:25] actor 2199023255752 switch to &NaiveActor::HandlerNormal
I1013 15:33:11.960253 34109 thread.cpp:96] Thread 1048576 construct Actor kNormalForward 2199023255752
I1013 15:33:11.960286 34109 runtime_context.cpp:29] DecreaseCounter constructing_actor_cnt, current val is 62
I1013 15:33:11.960454 34109 naive_actor.cpp:25] actor 2199023255743 switch to &NaiveActor::HandlerNormal
I1013 15:33:11.960498 34109 thread.cpp:96] Thread 1048576 construct Actor kNormalForward 2199023255743
I1013 15:33:11.960538 34109 runtime_context.cpp:29] DecreaseCounter constructing_actor_cnt, current val is 61
I1013 15:33:11.960718 34109 naive_actor.cpp:25] actor 2199023255751 switch to &NaiveActor::HandlerNormal
I1013 15:33:11.960757 34109 thread.cpp:96] Thread 1048576 construct Actor kNormalForward 2199023255751
I1013 15:33:11.960794 34109 runtime_context.cpp:29] DecreaseCounter constructing_actor_cnt, current val is 60
I1013 15:33:11.960968 34109 naive_actor.cpp:25] actor 2199023255755 switch to &NaiveActor::HandlerNormal
I1013 15:33:11.960989 34109 thread.cpp:96] Thread 1048576 construct Actor kNormalForward 2199023255755
I1013 15:33:11.961022 34109 runtime_context.cpp:29] DecreaseCounter constructing_actor_cnt, current val is 59
I1013 15:33:11.961194 34109 naive_actor.cpp:25] actor 2199023255762 switch to &NaiveActor::HandlerNormal
I1013 15:33:11.961215 34109 thread.cpp:96] Thread 1048576 construct Actor kNormalForward 2199023255762
I1013 15:33:11.961248 34109 runtime_context.cpp:29] DecreaseCounter constructing_actor_cnt, current val is 58
I1013 15:33:11.961421 34109 naive_actor.cpp:25] actor 2199023255758 switch to &NaiveActor::HandlerNormal
I1013 15:33:11.961442 34109 thread.cpp:96] Thread 1048576 construct Actor kNormalForward 2199023255758
I1013 15:33:11.961477 34109 runtime_context.cpp:29] DecreaseCounter constructing_actor_cnt, current val is 57
I1013 15:33:11.961654 34109 naive_actor.cpp:25] actor 2199023255768 switch to &NaiveActor::HandlerNormal
I1013 15:33:11.961675 34109 thread.cpp:96] Thread 1048576 construct Actor kNormalForward 2199023255768
I1013 15:33:11.961710 34109 runtime_context.cpp:29] DecreaseCounter constructing_actor_cnt, current val is 56
I1013 15:33:11.961879 34109 naive_actor.cpp:25] actor 2199023255767 switch to &NaiveActor::HandlerNormal
I1013 15:33:11.961901 34109 thread.cpp:96] Thread 1048576 construct Actor kNormalForward 2199023255767
I1013 15:33:11.961935 34109 runtime_context.cpp:29] DecreaseCounter constructing_actor_cnt, current val is 55
I1013 15:33:11.962102 34109 naive_actor.cpp:25] actor 2199023255757 switch to &NaiveActor::HandlerNormal
I1013 15:33:11.962123 34109 thread.cpp:96] Thread 1048576 construct Actor kNormalForward 2199023255757
I1013 15:33:11.962157 34109 runtime_context.cpp:29] DecreaseCounter constructing_actor_cnt, current val is 54
I1013 15:33:11.962327 34109 naive_actor.cpp:25] actor 2199023255760 switch to &NaiveActor::HandlerNormal
I1013 15:33:11.962347 34109 thread.cpp:96] Thread 1048576 construct Actor kNormalForward 2199023255760
I1013 15:33:11.962381 34109 runtime_context.cpp:29] DecreaseCounter constructing_actor_cnt, current val is 53
I1013 15:33:11.962584 34109 naive_actor.cpp:25] actor 2199023255759 switch to &NaiveActor::HandlerNormal
I1013 15:33:11.962607 34109 thread.cpp:96] Thread 1048576 construct Actor kNormalForward 2199023255759
I1013 15:33:11.962642 34109 runtime_context.cpp:29] DecreaseCounter constructing_actor_cnt, current val is 52
I1013 15:33:11.962818 34109 naive_actor.cpp:25] actor 2199023255763 switch to &NaiveActor::HandlerNormal
I1013 15:33:11.962841 34109 thread.cpp:96] Thread 1048576 construct Actor kNormalForward 2199023255763
I1013 15:33:11.962875 34109 runtime_context.cpp:29] DecreaseCounter constructing_actor_cnt, current val is 51
I1013 15:33:11.963043 34109 naive_actor.cpp:25] actor 2199023255764 switch to &NaiveActor::HandlerNormal
I1013 15:33:11.963065 34109 thread.cpp:96] Thread 1048576 construct Actor kNormalForward 2199023255764
I1013 15:33:11.963099 34109 runtime_context.cpp:29] DecreaseCounter constructing_actor_cnt, current val is 50
I1013 15:33:11.963269 34109 naive_actor.cpp:25] actor 2199023255756 switch to &NaiveActor::HandlerNormal
I1013 15:33:11.963290 34109 thread.cpp:96] Thread 1048576 construct Actor kNormalForward 2199023255756
I1013 15:33:11.963325 34109 runtime_context.cpp:29] DecreaseCounter constructing_actor_cnt, current val is 49
I1013 15:33:11.963518 34109 naive_actor.cpp:25] actor 2199023255765 switch to &NaiveActor::HandlerNormal
I1013 15:33:11.963557 34109 thread.cpp:96] Thread 1048576 construct Actor kNormalForward 2199023255765
I1013 15:33:11.963603 34109 runtime_context.cpp:29] DecreaseCounter constructing_actor_cnt, current val is 48
I1013 15:33:11.963776 34109 naive_actor.cpp:25] actor 2199023255766 switch to &NaiveActor::HandlerNormal
I1013 15:33:11.963798 34109 thread.cpp:96] Thread 1048576 construct Actor kNormalForward 2199023255766
I1013 15:33:11.963833 34109 runtime_context.cpp:29] DecreaseCounter constructing_actor_cnt, current val is 47
I1013 15:33:11.964005 34109 naive_actor.cpp:25] actor 2199023255769 switch to &NaiveActor::HandlerNormal
I1013 15:33:11.964027 34109 thread.cpp:96] Thread 1048576 construct Actor kNormalForward 2199023255769
I1013 15:33:11.964062 34109 runtime_context.cpp:29] DecreaseCounter constructing_actor_cnt, current val is 46
I1013 15:33:11.964231 34109 naive_actor.cpp:25] actor 2199023255761 switch to &NaiveActor::HandlerNormal
I1013 15:33:11.964253 34109 thread.cpp:96] Thread 1048576 construct Actor kNormalForward 2199023255761
I1013 15:33:11.964287 34109 runtime_context.cpp:29] DecreaseCounter constructing_actor_cnt, current val is 45
I1013 15:33:11.964459 34109 naive_actor.cpp:25] actor 2199023255771 switch to &NaiveActor::HandlerNormal
I1013 15:33:11.964481 34109 thread.cpp:96] Thread 1048576 construct Actor kNormalForward 2199023255771
I1013 15:33:11.964515 34109 runtime_context.cpp:29] DecreaseCounter constructing_actor_cnt, current val is 44
I1013 15:33:11.964691 34109 naive_actor.cpp:25] actor 2199023255770 switch to &NaiveActor::HandlerNormal
I1013 15:33:11.964712 34109 thread.cpp:96] Thread 1048576 construct Actor kNormalForward 2199023255770
I1013 15:33:11.964747 34109 runtime_context.cpp:29] DecreaseCounter constructing_actor_cnt, current val is 43
I1013 15:33:11.964915 34109 naive_actor.cpp:25] actor 2199023255772 switch to &NaiveActor::HandlerNormal
I1013 15:33:11.964936 34109 thread.cpp:96] Thread 1048576 construct Actor kNormalForward 2199023255772
I1013 15:33:11.964970 34109 runtime_context.cpp:29] DecreaseCounter constructing_actor_cnt, current val is 42
I1013 15:33:11.965138 34109 naive_actor.cpp:25] actor 2199023255773 switch to &NaiveActor::HandlerNormal
I1013 15:33:11.965160 34109 thread.cpp:96] Thread 1048576 construct Actor kNormalForward 2199023255773
I1013 15:33:11.965194 34109 runtime_context.cpp:29] DecreaseCounter constructing_actor_cnt, current val is 41
I1013 15:33:11.965365 34109 naive_actor.cpp:25] actor 2199023255774 switch to &NaiveActor::HandlerNormal
I1013 15:33:11.965387 34109 thread.cpp:96] Thread 1048576 construct Actor kNormalForward 2199023255774
I1013 15:33:11.965421 34109 runtime_context.cpp:29] DecreaseCounter constructing_actor_cnt, current val is 40
I1013 15:33:11.965611 34109 naive_actor.cpp:25] actor 2199023255776 switch to &NaiveActor::HandlerNormal
I1013 15:33:11.965632 34109 thread.cpp:96] Thread 1048576 construct Actor kDeviceTick 2199023255776
I1013 15:33:11.965667 34109 runtime_context.cpp:29] DecreaseCounter constructing_actor_cnt, current val is 39
I1013 15:33:11.966811 34109 naive_actor.cpp:25] actor 2199023255775 switch to &NaiveActor::HandlerNormal
I1013 15:33:11.966836 34109 thread.cpp:96] Thread 1048576 construct Actor kNormalForward 2199023255775
I1013 15:33:11.966938 34109 runtime_context.cpp:29] DecreaseCounter constructing_actor_cnt, current val is 38
I1013 15:33:11.967130 34109 naive_actor.cpp:25] actor 2199023255787 switch to &NaiveActor::HandlerNormal
I1013 15:33:11.967178 34109 thread.cpp:96] Thread 1048576 construct Actor kNormalForward 2199023255787
I1013 15:33:11.967217 34109 runtime_context.cpp:29] DecreaseCounter constructing_actor_cnt, current val is 37
I1013 15:33:11.967399 34109 naive_actor.cpp:25] actor 2199023255791 switch to &NaiveActor::HandlerNormal
I1013 15:33:11.967422 34109 thread.cpp:96] Thread 1048576 construct Actor kNormalForward 2199023255791
I1013 15:33:11.967458 34109 runtime_context.cpp:29] DecreaseCounter constructing_actor_cnt, current val is 36
I1013 15:33:11.967669 34109 naive_actor.cpp:25] actor 2199023255802 switch to &NaiveActor::HandlerNormal
I1013 15:33:11.967710 34109 thread.cpp:96] Thread 1048576 construct Actor kNormalForward 2199023255802
I1013 15:33:11.967747 34109 runtime_context.cpp:29] DecreaseCounter constructing_actor_cnt, current val is 35
I1013 15:33:11.967919 34109 naive_actor.cpp:25] actor 2199023255805 switch to &NaiveActor::HandlerNormal
I1013 15:33:11.967942 34109 thread.cpp:96] Thread 1048576 construct Actor kNormalForward 2199023255805
I1013 15:33:11.967978 34109 runtime_context.cpp:29] DecreaseCounter constructing_actor_cnt, current val is 34
I1013 15:33:11.968147 34109 naive_actor.cpp:25] actor 2199023255783 switch to &NaiveActor::HandlerNormal
I1013 15:33:11.968169 34109 thread.cpp:96] Thread 1048576 construct Actor kNormalForward 2199023255783
I1013 15:33:11.968204 34109 runtime_context.cpp:29] DecreaseCounter constructing_actor_cnt, current val is 33
I1013 15:33:11.968379 34109 naive_actor.cpp:25] actor 2199023255781 switch to &NaiveActor::HandlerNormal
I1013 15:33:11.968402 34109 thread.cpp:96] Thread 1048576 construct Actor kNormalForward 2199023255781
I1013 15:33:11.968456 34109 runtime_context.cpp:29] DecreaseCounter constructing_actor_cnt, current val is 32
I1013 15:33:11.968650 34109 naive_actor.cpp:25] actor 2199023255784 switch to &NaiveActor::HandlerNormal
I1013 15:33:11.968691 34109 thread.cpp:96] Thread 1048576 construct Actor kNormalForward 2199023255784
I1013 15:33:11.968739 34109 runtime_context.cpp:29] DecreaseCounter constructing_actor_cnt, current val is 31
I1013 15:33:11.968926 34109 naive_actor.cpp:25] actor 2199023255785 switch to &NaiveActor::HandlerNormal
I1013 15:33:11.968962 34109 thread.cpp:96] Thread 1048576 construct Actor kNormalForward 2199023255785
I1013 15:33:11.968999 34109 runtime_context.cpp:29] DecreaseCounter constructing_actor_cnt, current val is 30
I1013 15:33:11.969187 34109 naive_actor.cpp:25] actor 2199023255778 switch to &NaiveActor::HandlerNormal
I1013 15:33:11.969208 34109 thread.cpp:96] Thread 1048576 construct Actor kNormalForward 2199023255778
I1013 15:33:11.969241 34109 runtime_context.cpp:29] DecreaseCounter constructing_actor_cnt, current val is 29
I1013 15:33:11.969409 34109 naive_actor.cpp:25] actor 2199023255779 switch to &NaiveActor::HandlerNormal
I1013 15:33:11.969431 34109 thread.cpp:96] Thread 1048576 construct Actor kNormalForward 2199023255779
I1013 15:33:11.969465 34109 runtime_context.cpp:29] DecreaseCounter constructing_actor_cnt, current val is 28
I1013 15:33:11.969640 34109 naive_actor.cpp:25] actor 2199023255780 switch to &NaiveActor::HandlerNormal
I1013 15:33:11.969662 34109 thread.cpp:96] Thread 1048576 construct Actor kNormalForward 2199023255780
I1013 15:33:11.969696 34109 runtime_context.cpp:29] DecreaseCounter constructing_actor_cnt, current val is 27
I1013 15:33:11.969868 34109 naive_actor.cpp:25] actor 2199023255790 switch to &NaiveActor::HandlerNormal
I1013 15:33:11.969890 34109 thread.cpp:96] Thread 1048576 construct Actor kNormalForward 2199023255790
I1013 15:33:11.969924 34109 runtime_context.cpp:29] DecreaseCounter constructing_actor_cnt, current val is 26
I1013 15:33:11.970093 34109 naive_actor.cpp:25] actor 2199023255792 switch to &NaiveActor::HandlerNormal
I1013 15:33:11.970113 34109 thread.cpp:96] Thread 1048576 construct Actor kNormalForward 2199023255792
I1013 15:33:11.970147 34109 runtime_context.cpp:29] DecreaseCounter constructing_actor_cnt, current val is 25
I1013 15:33:11.970315 34109 naive_actor.cpp:25] actor 2199023255788 switch to &NaiveActor::HandlerNormal
I1013 15:33:11.970336 34109 thread.cpp:96] Thread 1048576 construct Actor kNormalForward 2199023255788
I1013 15:33:11.970371 34109 runtime_context.cpp:29] DecreaseCounter constructing_actor_cnt, current val is 24
I1013 15:33:11.970541 34109 naive_actor.cpp:25] actor 2199023255786 switch to &NaiveActor::HandlerNormal
I1013 15:33:11.970563 34109 thread.cpp:96] Thread 1048576 construct Actor kNormalForward 2199023255786
I1013 15:33:11.970604 34109 runtime_context.cpp:29] DecreaseCounter constructing_actor_cnt, current val is 23
I1013 15:33:11.970801 34109 naive_actor.cpp:25] actor 2199023255782 switch to &NaiveActor::HandlerNormal
I1013 15:33:11.970837 34109 thread.cpp:96] Thread 1048576 construct Actor kNormalForward 2199023255782
I1013 15:33:11.970875 34109 runtime_context.cpp:29] DecreaseCounter constructing_actor_cnt, current val is 22
I1013 15:33:11.971045 34109 naive_actor.cpp:25] actor 2199023255794 switch to &NaiveActor::HandlerNormal
I1013 15:33:11.971065 34109 thread.cpp:96] Thread 1048576 construct Actor kNormalForward 2199023255794
I1013 15:33:11.971098 34109 runtime_context.cpp:29] DecreaseCounter constructing_actor_cnt, current val is 21
I1013 15:33:11.971269 34109 naive_actor.cpp:25] actor 2199023255801 switch to &NaiveActor::HandlerNormal
I1013 15:33:11.971292 34109 thread.cpp:96] Thread 1048576 construct Actor kNormalForward 2199023255801
I1013 15:33:11.971325 34109 runtime_context.cpp:29] DecreaseCounter constructing_actor_cnt, current val is 20
I1013 15:33:11.971491 34109 naive_actor.cpp:25] actor 2199023255796 switch to &NaiveActor::HandlerNormal
I1013 15:33:11.971513 34109 thread.cpp:96] Thread 1048576 construct Actor kNormalForward 2199023255796
I1013 15:33:11.971546 34109 runtime_context.cpp:29] DecreaseCounter constructing_actor_cnt, current val is 19
I1013 15:33:11.971724 34109 naive_actor.cpp:25] actor 2199023255795 switch to &NaiveActor::HandlerNormal
I1013 15:33:11.971745 34109 thread.cpp:96] Thread 1048576 construct Actor kNormalForward 2199023255795
I1013 15:33:11.971778 34109 runtime_context.cpp:29] DecreaseCounter constructing_actor_cnt, current val is 18
I1013 15:33:11.971944 34109 naive_actor.cpp:25] actor 2199023255798 switch to &NaiveActor::HandlerNormal
I1013 15:33:11.971966 34109 thread.cpp:96] Thread 1048576 construct Actor kNormalForward 2199023255798
I1013 15:33:11.971999 34109 runtime_context.cpp:29] DecreaseCounter constructing_actor_cnt, current val is 17
I1013 15:33:11.972167 34109 naive_actor.cpp:25] actor 2199023255793 switch to &NaiveActor::HandlerNormal
I1013 15:33:11.972187 34109 thread.cpp:96] Thread 1048576 construct Actor kNormalForward 2199023255793
I1013 15:33:11.972221 34109 runtime_context.cpp:29] DecreaseCounter constructing_actor_cnt, current val is 16
I1013 15:33:11.972386 34109 naive_actor.cpp:25] actor 2199023255799 switch to &NaiveActor::HandlerNormal
I1013 15:33:11.972409 34109 thread.cpp:96] Thread 1048576 construct Actor kNormalForward 2199023255799
I1013 15:33:11.972441 34109 runtime_context.cpp:29] DecreaseCounter constructing_actor_cnt, current val is 15
I1013 15:33:11.972617 34109 naive_actor.cpp:25] actor 2199023255803 switch to &NaiveActor::HandlerNormal
I1013 15:33:11.972640 34109 thread.cpp:96] Thread 1048576 construct Actor kNormalForward 2199023255803
I1013 15:33:11.972672 34109 runtime_context.cpp:29] DecreaseCounter constructing_actor_cnt, current val is 14
I1013 15:33:11.972841 34109 naive_actor.cpp:25] actor 2199023255800 switch to &NaiveActor::HandlerNormal
I1013 15:33:11.972863 34109 thread.cpp:96] Thread 1048576 construct Actor kNormalForward 2199023255800
I1013 15:33:11.972898 34109 runtime_context.cpp:29] DecreaseCounter constructing_actor_cnt, current val is 13
I1013 15:33:11.973062 34109 naive_actor.cpp:25] actor 2199023255804 switch to &NaiveActor::HandlerNormal
I1013 15:33:11.973083 34109 thread.cpp:96] Thread 1048576 construct Actor kNormalForward 2199023255804
I1013 15:33:11.973117 34109 runtime_context.cpp:29] DecreaseCounter constructing_actor_cnt, current val is 12
I1013 15:33:11.973282 34109 naive_actor.cpp:25] actor 2199023255797 switch to &NaiveActor::HandlerNormal
I1013 15:33:11.973304 34109 thread.cpp:96] Thread 1048576 construct Actor kNormalForward 2199023255797
I1013 15:33:11.973337 34109 runtime_context.cpp:29] DecreaseCounter constructing_actor_cnt, current val is 11
I1013 15:33:11.973502 34109 naive_actor.cpp:25] actor 2199023255808 switch to &NaiveActor::HandlerNormal
I1013 15:33:11.973524 34109 thread.cpp:96] Thread 1048576 construct Actor kNormalForward 2199023255808
I1013 15:33:11.973587 34109 runtime_context.cpp:29] DecreaseCounter constructing_actor_cnt, current val is 10
I1013 15:33:11.973767 34109 naive_actor.cpp:25] actor 2199023255789 switch to &NaiveActor::HandlerNormal
I1013 15:33:11.973804 34109 thread.cpp:96] Thread 1048576 construct Actor kNormalForward 2199023255789
I1013 15:33:11.973841 34109 runtime_context.cpp:29] DecreaseCounter constructing_actor_cnt, current val is 9
I1013 15:33:11.974010 34109 naive_actor.cpp:25] actor 2199023255806 switch to &NaiveActor::HandlerNormal
I1013 15:33:11.974031 34109 thread.cpp:96] Thread 1048576 construct Actor kNormalForward 2199023255806
I1013 15:33:11.974066 34109 runtime_context.cpp:29] DecreaseCounter constructing_actor_cnt, current val is 8
I1013 15:33:11.974231 34109 naive_actor.cpp:25] actor 2199023255811 switch to &NaiveActor::HandlerNormal
I1013 15:33:11.974252 34109 thread.cpp:96] Thread 1048576 construct Actor kNormalForward 2199023255811
I1013 15:33:11.974287 34109 runtime_context.cpp:29] DecreaseCounter constructing_actor_cnt, current val is 7
I1013 15:33:11.974452 34109 naive_actor.cpp:25] actor 2199023255809 switch to &NaiveActor::HandlerNormal
I1013 15:33:11.974472 34109 thread.cpp:96] Thread 1048576 construct Actor kNormalForward 2199023255809
I1013 15:33:11.974506 34109 runtime_context.cpp:29] DecreaseCounter constructing_actor_cnt, current val is 6
I1013 15:33:11.974685 34109 naive_actor.cpp:25] actor 2199023255810 switch to &NaiveActor::HandlerNormal
I1013 15:33:11.974707 34109 thread.cpp:96] Thread 1048576 construct Actor kNormalForward 2199023255810
I1013 15:33:11.974741 34109 runtime_context.cpp:29] DecreaseCounter constructing_actor_cnt, current val is 5
I1013 15:33:11.974906 34109 naive_actor.cpp:25] actor 2199023255813 switch to &NaiveActor::HandlerNormal
I1013 15:33:11.974928 34109 thread.cpp:96] Thread 1048576 construct Actor kNormalForward 2199023255813
I1013 15:33:11.974961 34109 runtime_context.cpp:29] DecreaseCounter constructing_actor_cnt, current val is 4
I1013 15:33:11.975131 34109 naive_actor.cpp:25] actor 2199023255812 switch to &NaiveActor::HandlerNormal
I1013 15:33:11.975152 34109 thread.cpp:96] Thread 1048576 construct Actor kNormalForward 2199023255812
I1013 15:33:11.975185 34109 runtime_context.cpp:29] DecreaseCounter constructing_actor_cnt, current val is 3
I1013 15:33:11.975349 34109 naive_actor.cpp:25] actor 2199023255807 switch to &NaiveActor::HandlerNormal
I1013 15:33:11.975371 34109 thread.cpp:96] Thread 1048576 construct Actor kNormalForward 2199023255807
I1013 15:33:11.975405 34109 runtime_context.cpp:29] DecreaseCounter constructing_actor_cnt, current val is 2
I1013 15:33:11.975591 34109 naive_actor.cpp:25] actor 2199023255815 switch to &NaiveActor::HandlerNormal
I1013 15:33:11.975613 34109 thread.cpp:96] Thread 1048576 construct Actor kDeviceTick 2199023255815
I1013 15:33:11.975646 34109 runtime_context.cpp:29] DecreaseCounter constructing_actor_cnt, current val is 1
I1013 15:33:11.976776 34109 naive_actor.cpp:25] actor 2199023255814 switch to &NaiveActor::HandlerNormal
I1013 15:33:11.976800 34109 thread.cpp:96] Thread 1048576 construct Actor kNormalForward 2199023255814
I1013 15:33:11.976905 34109 runtime_context.cpp:29] DecreaseCounter constructing_actor_cnt, current val is 0
I1013 15:33:11.978181 33389 runtime.cpp:93] Actors on this machine constructed
I1013 15:33:11.978237 33389 runtime.cpp:95] Actors on every machine constructed
I1013 15:33:11.978271 33389 runtime_context.cpp:21] NewCounter job_5_running_actor_count 41
I1013 15:33:11.978292 33389 runtime_context.cpp:21] NewCounter job_4_running_actor_count 16
I1013 15:33:11.978310 33389 runtime_context.cpp:21] NewCounter job_3_running_actor_count 51
I1013 15:33:11.978329 33389 runtime_context.cpp:21] NewCounter job_2_running_actor_count 51
I1013 15:33:11.978346 33389 runtime_context.cpp:21] NewCounter job_0_running_actor_count 179
I1013 15:33:11.978363 33389 runtime_context.cpp:21] NewCounter job_1_running_actor_count 50
I1013 15:33:11.978459 34090 wait_and_send_ids_actor.cpp:73] actor 1099616485376 switch to &WaitAndSendIdsActor::HandlerNormal
I1013 15:33:11.978713 33389 global.h:36] NewGlobal N7oneflow7JobDescE
I1013 15:33:12.005782 33389 global.h:43] DeleteGlobal N7oneflow7JobDescE
I1013 15:33:20.942999 33389 global.h:43] DeleteGlobal N7oneflow7OneflowE
I1013 15:33:20.943382 34090 actor.cpp:411] actor 1099616485376 switch to &Actor::HandlerZombie
I1013 15:33:20.943408 34089 actor.cpp:411] actor 1099614388283 switch to &Actor::HandlerZombie
I1013 15:33:20.943498 34090 thread.cpp:76] thread 524338 deconstruct actor 1099616485376
I1013 15:33:20.943514 34089 actor.cpp:408] actor 1099614388284 switch to nullptr
I1013 15:33:20.943533 34089 thread.cpp:76] thread 524337 deconstruct actor 1099614388284
I1013 15:33:20.943768 34090 runtime_context.cpp:29] DecreaseCounter job_5_running_actor_count, current val is 40
I1013 15:33:20.943877 34089 runtime_context.cpp:29] DecreaseCounter job_5_running_actor_count, current val is 39
I1013 15:33:20.943909 34089 actor.cpp:408] actor 1099614388297 switch to nullptr
I1013 15:33:20.943923 34089 thread.cpp:76] thread 524337 deconstruct actor 1099614388297
I1013 15:33:20.944036 34089 runtime_context.cpp:29] DecreaseCounter job_5_running_actor_count, current val is 38
I1013 15:33:20.944058 34089 actor.cpp:408] actor 1099614388305 switch to nullptr
I1013 15:33:20.944070 34089 thread.cpp:76] thread 524337 deconstruct actor 1099614388305
I1013 15:33:20.944166 34089 runtime_context.cpp:29] DecreaseCounter job_5_running_actor_count, current val is 37
I1013 15:33:20.944186 34089 actor.cpp:408] actor 1099614388301 switch to nullptr
I1013 15:33:20.944197 34089 thread.cpp:76] thread 524337 deconstruct actor 1099614388301
I1013 15:33:20.944285 34089 runtime_context.cpp:29] DecreaseCounter job_5_running_actor_count, current val is 36
I1013 15:33:20.944306 34089 actor.cpp:408] actor 1099614388309 switch to nullptr
I1013 15:33:20.944319 34089 thread.cpp:76] thread 524337 deconstruct actor 1099614388309
I1013 15:33:20.944414 34089 runtime_context.cpp:29] DecreaseCounter job_5_running_actor_count, current val is 35
I1013 15:33:20.944437 34089 actor.cpp:408] actor 1099614388285 switch to nullptr
I1013 15:33:20.944448 34089 thread.cpp:76] thread 524337 deconstruct actor 1099614388285
I1013 15:33:20.944543 34089 runtime_context.cpp:29] DecreaseCounter job_5_running_actor_count, current val is 34
I1013 15:33:20.944573 34089 actor.cpp:408] actor 1099614388289 switch to nullptr
I1013 15:33:20.944588 34089 thread.cpp:76] thread 524337 deconstruct actor 1099614388289
I1013 15:33:20.944684 34089 runtime_context.cpp:29] DecreaseCounter job_5_running_actor_count, current val is 33
I1013 15:33:20.944705 34089 actor.cpp:408] actor 1099614388293 switch to nullptr
I1013 15:33:20.944716 34089 thread.cpp:76] thread 524337 deconstruct actor 1099614388293
I1013 15:33:20.944802 34089 runtime_context.cpp:29] DecreaseCounter job_5_running_actor_count, current val is 32
I1013 15:33:20.944825 34089 actor.cpp:408] actor 1099614388298 switch to nullptr
I1013 15:33:20.944837 34089 thread.cpp:76] thread 524337 deconstruct actor 1099614388298
I1013 15:33:20.944934 34089 runtime_context.cpp:29] DecreaseCounter job_5_running_actor_count, current val is 31
I1013 15:33:20.944955 34089 actor.cpp:408] actor 1099614388306 switch to nullptr
I1013 15:33:20.944989 34089 thread.cpp:76] thread 524337 deconstruct actor 1099614388306
I1013 15:33:20.945093 34089 runtime_context.cpp:29] DecreaseCounter job_5_running_actor_count, current val is 30
I1013 15:33:20.945116 34089 actor.cpp:408] actor 1099614388302 switch to nullptr
I1013 15:33:20.945128 34089 thread.cpp:76] thread 524337 deconstruct actor 1099614388302
I1013 15:33:20.945219 34089 runtime_context.cpp:29] DecreaseCounter job_5_running_actor_count, current val is 29
I1013 15:33:20.945238 34089 actor.cpp:408] actor 1099614388310 switch to nullptr
I1013 15:33:20.945250 34089 thread.cpp:76] thread 524337 deconstruct actor 1099614388310
I1013 15:33:20.945338 34089 runtime_context.cpp:29] DecreaseCounter job_5_running_actor_count, current val is 28
I1013 15:33:20.945358 34089 actor.cpp:408] actor 1099614388286 switch to nullptr
I1013 15:33:20.945557 34089 thread.cpp:76] thread 524337 deconstruct actor 1099614388286
I1013 15:33:20.945681 34089 runtime_context.cpp:29] DecreaseCounter job_5_running_actor_count, current val is 27
I1013 15:33:20.945729 34089 actor.cpp:408] actor 1099614388290 switch to nullptr
I1013 15:33:20.945744 34089 thread.cpp:76] thread 524337 deconstruct actor 1099614388290
I1013 15:33:20.945837 34089 runtime_context.cpp:29] DecreaseCounter job_5_running_actor_count, current val is 26
I1013 15:33:20.945858 34089 actor.cpp:408] actor 1099614388294 switch to nullptr
I1013 15:33:20.945869 34089 thread.cpp:76] thread 524337 deconstruct actor 1099614388294
I1013 15:33:20.945963 34089 runtime_context.cpp:29] DecreaseCounter job_5_running_actor_count, current val is 25
I1013 15:33:20.945984 34089 actor.cpp:408] actor 1099614388254 switch to nullptr
I1013 15:33:20.945995 34089 thread.cpp:76] thread 524337 deconstruct actor 1099614388254
I1013 15:33:20.946091 34089 runtime_context.cpp:29] DecreaseCounter job_2_running_actor_count, current val is 50
I1013 15:33:20.946110 34089 actor.cpp:408] actor 1099614388271 switch to nullptr
I1013 15:33:20.946121 34089 thread.cpp:76] thread 524337 deconstruct actor 1099614388271
I1013 15:33:20.946216 34089 runtime_context.cpp:29] DecreaseCounter job_4_running_actor_count, current val is 15
I1013 15:33:20.946238 34089 actor.cpp:408] actor 1099614388263 switch to nullptr
I1013 15:33:20.946249 34089 thread.cpp:76] thread 524337 deconstruct actor 1099614388263
I1013 15:33:20.946338 34089 runtime_context.cpp:29] DecreaseCounter job_3_running_actor_count, current val is 50
I1013 15:33:20.946358 34089 actor.cpp:408] actor 1099614388279 switch to nullptr
I1013 15:33:20.946369 34089 thread.cpp:76] thread 524337 deconstruct actor 1099614388279
I1013 15:33:20.946460 34089 runtime_context.cpp:29] DecreaseCounter job_4_running_actor_count, current val is 14
I1013 15:33:20.946482 34089 actor.cpp:408] actor 1099614388228 switch to nullptr
I1013 15:33:20.946493 34089 thread.cpp:76] thread 524337 deconstruct actor 1099614388228
I1013 15:33:20.946599 34089 runtime_context.cpp:29] DecreaseCounter job_0_running_actor_count, current val is 178
I1013 15:33:20.946619 34089 actor.cpp:408] actor 1099614388236 switch to nullptr
I1013 15:33:20.946630 34089 thread.cpp:76] thread 524337 deconstruct actor 1099614388236
I1013 15:33:20.946727 34089 runtime_context.cpp:29] DecreaseCounter job_0_running_actor_count, current val is 177
I1013 15:33:20.946748 34089 actor.cpp:408] actor 1099614388245 switch to nullptr
I1013 15:33:20.946760 34089 thread.cpp:76] thread 524337 deconstruct actor 1099614388245
I1013 15:33:20.946851 34089 runtime_context.cpp:29] DecreaseCounter job_1_running_actor_count, current val is 49
I1013 15:33:20.946884 34089 actor.cpp:408] actor 1099614388251 switch to nullptr
I1013 15:33:20.946897 34089 thread.cpp:76] thread 524337 deconstruct actor 1099614388251
I1013 15:33:20.947000 34109 actor.cpp:408] actor 2199023255776 switch to nullptr
I1013 15:33:20.947002 34089 runtime_context.cpp:29] DecreaseCounter job_2_running_actor_count, current val is 49
I1013 15:33:20.947049 34109 thread.cpp:76] thread 1048576 deconstruct actor 2199023255776
I1013 15:33:20.947075 34089 actor.cpp:408] actor 1099614388268 switch to nullptr
I1013 15:33:20.947108 34089 thread.cpp:76] thread 524337 deconstruct actor 1099614388268
I1013 15:33:20.947213 34089 runtime_context.cpp:29] DecreaseCounter job_4_running_actor_count, current val is 13
I1013 15:33:20.947219 34109 runtime_context.cpp:29] DecreaseCounter job_2_running_actor_count, current val is 48
I1013 15:33:20.947242 34089 actor.cpp:408] actor 1099614388260 switch to nullptr
I1013 15:33:20.947271 34089 thread.cpp:76] thread 524337 deconstruct actor 1099614388260
I1013 15:33:20.947284 34109 actor.cpp:408] actor 2199023255770 switch to nullptr
I1013 15:33:20.947304 34109 thread.cpp:76] thread 1048576 deconstruct actor 2199023255770
I1013 15:33:20.947362 34089 runtime_context.cpp:29] DecreaseCounter job_3_running_actor_count, current val is 49
I1013 15:33:20.947405 34089 actor.cpp:408] actor 1099614388277 switch to nullptr
I1013 15:33:20.947427 34109 runtime_context.cpp:29] DecreaseCounter job_2_running_actor_count, current val is 47
I1013 15:33:20.947453 34089 thread.cpp:76] thread 524337 deconstruct actor 1099614388277
I1013 15:33:20.947598 34109 actor.cpp:408] actor 2199023255767 switch to nullptr
I1013 15:33:20.947638 34109 thread.cpp:76] thread 1048576 deconstruct actor 2199023255767
I1013 15:33:20.947711 34089 runtime_context.cpp:29] DecreaseCounter job_4_running_actor_count, current val is 12
I1013 15:33:20.947738 34089 actor.cpp:408] actor 1099614388225 switch to nullptr
I1013 15:33:20.947751 34089 thread.cpp:76] thread 524337 deconstruct actor 1099614388225
I1013 15:33:20.947755 34109 runtime_context.cpp:29] DecreaseCounter job_2_running_actor_count, current val is 46
I1013 15:33:20.947790 34109 actor.cpp:408] actor 2199023255766 switch to nullptr
I1013 15:33:20.947805 34109 thread.cpp:76] thread 1048576 deconstruct actor 2199023255766
I1013 15:33:20.947849 34089 runtime_context.cpp:29] DecreaseCounter job_0_running_actor_count, current val is 176
I1013 15:33:20.947868 34089 actor.cpp:408] actor 1099614388234 switch to nullptr
I1013 15:33:20.947880 34089 thread.cpp:76] thread 524337 deconstruct actor 1099614388234
I1013 15:33:20.947912 34109 runtime_context.cpp:29] DecreaseCounter job_2_running_actor_count, current val is 45
I1013 15:33:20.947947 34109 actor.cpp:408] actor 2199023255765 switch to nullptr
I1013 15:33:20.947960 34109 thread.cpp:76] thread 1048576 deconstruct actor 2199023255765
I1013 15:33:20.947975 34089 runtime_context.cpp:29] DecreaseCounter job_0_running_actor_count, current val is 175
I1013 15:33:20.947997 34089 actor.cpp:408] actor 1099614388242 switch to nullptr
I1013 15:33:20.948009 34089 thread.cpp:76] thread 524337 deconstruct actor 1099614388242
I1013 15:33:20.948060 34109 runtime_context.cpp:29] DecreaseCounter job_2_running_actor_count, current val is 44
I1013 15:33:20.948092 34109 actor.cpp:408] actor 2199023255764 switch to nullptr
I1013 15:33:20.948101 34089 runtime_context.cpp:29] DecreaseCounter job_1_running_actor_count, current val is 48
I1013 15:33:20.948107 34109 thread.cpp:76] thread 1048576 deconstruct actor 2199023255764
I1013 15:33:20.948128 34089 actor.cpp:411] actor 1099614388255 switch to &Actor::HandlerZombie
I1013 15:33:20.948170 34089 actor.cpp:408] actor 1099614388250 switch to nullptr
I1013 15:33:20.948184 34089 thread.cpp:76] thread 524337 deconstruct actor 1099614388250
I1013 15:33:20.948243 34109 runtime_context.cpp:29] DecreaseCounter job_2_running_actor_count, current val is 43
I1013 15:33:20.948259 34081 actor.cpp:408] actor 1099540987904 switch to nullptr
I1013 15:33:20.948304 34109 actor.cpp:408] actor 2199023255763 switch to nullptr
I1013 15:33:20.948329 34109 thread.cpp:76] thread 1048576 deconstruct actor 2199023255763
I1013 15:33:20.948282 34089 runtime_context.cpp:29] DecreaseCounter job_2_running_actor_count, current val is 42
I1013 15:33:20.948315 34081 thread.cpp:76] thread 524302 deconstruct actor 1099540987904
I1013 15:33:20.948261 34082 actor.cpp:408] actor 1099543085056 switch to nullptr
I1013 15:33:20.948336 34083 actor.cpp:411] actor 1099545182208 switch to &Actor::HandlerZombie
I1013 15:33:20.948390 34089 actor.cpp:411] actor 1099614388272 switch to &Actor::HandlerZombie
I1013 15:33:20.948491 34083 thread.cpp:76] thread 524304 deconstruct actor 1099545182208
I1013 15:33:20.948511 34089 actor.cpp:408] actor 1099614388267 switch to nullptr
I1013 15:33:20.948531 34089 thread.cpp:76] thread 524337 deconstruct actor 1099614388267
I1013 15:33:20.948359 34111 actor.cpp:408] actor 2199025352709 switch to nullptr
I1013 15:33:20.948446 34109 runtime_context.cpp:29] DecreaseCounter job_2_running_actor_count, current val is 41
I1013 15:33:20.948451 34082 thread.cpp:76] thread 524303 deconstruct actor 1099543085056
I1013 15:33:20.948627 34087 actor.cpp:411] actor 1099553570816 switch to &Actor::HandlerZombie
I1013 15:33:20.948614 34081 runtime_context.cpp:29] DecreaseCounter job_2_running_actor_count, current val is 40
I1013 15:33:20.948769 34082 runtime_context.cpp:29] DecreaseCounter job_2_running_actor_count, current val is 38
I1013 15:33:20.948632 34109 actor.cpp:408] actor 2199023255762 switch to nullptr
I1013 15:33:20.948644 34089 runtime_context.cpp:29] DecreaseCounter job_4_running_actor_count, current val is 11
I1013 15:33:20.948602 34111 thread.cpp:76] thread 1048577 deconstruct actor 2199025352709
I1013 15:33:20.948717 34083 runtime_context.cpp:29] DecreaseCounter job_2_running_actor_count, current val is 39
I1013 15:33:20.948617 34088 actor.cpp:411] actor 1099555667968 switch to &Actor::HandlerZombie
I1013 15:33:20.948822 34109 thread.cpp:76] thread 1048576 deconstruct actor 2199023255762
I1013 15:33:20.948879 34089 actor.cpp:411] actor 1099614388264 switch to &Actor::HandlerZombie
I1013 15:33:20.948982 34111 runtime_context.cpp:29] DecreaseCounter job_2_running_actor_count, current val is 37
I1013 15:33:20.949038 34089 actor.cpp:408] actor 1099614388259 switch to nullptr
I1013 15:33:20.949061 34089 thread.cpp:76] thread 524337 deconstruct actor 1099614388259
I1013 15:33:20.949101 34109 runtime_context.cpp:29] DecreaseCounter job_2_running_actor_count, current val is 36
I1013 15:33:20.949118 34085 actor.cpp:408] actor 1099549376512 switch to nullptr
I1013 15:33:20.949155 34086 actor.cpp:411] actor 1099551473664 switch to &Actor::HandlerZombie
I1013 15:33:20.949142 34111 actor.cpp:408] actor 2199025352710 switch to nullptr
I1013 15:33:20.949146 34109 actor.cpp:408] actor 2199023255761 switch to nullptr
I1013 15:33:20.949126 34084 actor.cpp:408] actor 1099547279360 switch to nullptr
I1013 15:33:20.949167 34085 thread.cpp:76] thread 524306 deconstruct actor 1099549376512
I1013 15:33:20.949157 34089 runtime_context.cpp:29] DecreaseCounter job_3_running_actor_count, current val is 48
I1013 15:33:20.949198 34086 thread.cpp:76] thread 524307 deconstruct actor 1099551473664
I1013 15:33:20.949224 34111 thread.cpp:76] thread 1048577 deconstruct actor 2199025352710
I1013 15:33:20.949246 34109 thread.cpp:76] thread 1048576 deconstruct actor 2199023255761
I1013 15:33:20.949287 34084 thread.cpp:76] thread 524305 deconstruct actor 1099547279360
I1013 15:33:20.949334 34089 actor.cpp:411] actor 1099614388280 switch to &Actor::HandlerZombie
I1013 15:33:20.949427 34111 runtime_context.cpp:29] DecreaseCounter job_3_running_actor_count, current val is 47
I1013 15:33:20.949434 34089 actor.cpp:408] actor 1099614388275 switch to nullptr
I1013 15:33:20.949434 34085 runtime_context.cpp:29] DecreaseCounter job_3_running_actor_count, current val is 46
I1013 15:33:20.949473 34088 thread.cpp:76] thread 524309 deconstruct actor 1099555667968
I1013 15:33:20.949456 34087 thread.cpp:76] thread 524308 deconstruct actor 1099553570816
I1013 15:33:20.949461 34089 thread.cpp:76] thread 524337 deconstruct actor 1099614388275
I1013 15:33:20.949506 34086 runtime_context.cpp:29] DecreaseCounter job_3_running_actor_count, current val is 45
I1013 15:33:20.949594 34084 runtime_context.cpp:29] DecreaseCounter job_3_running_actor_count, current val is 44
I1013 15:33:20.949507 34109 runtime_context.cpp:29] DecreaseCounter job_2_running_actor_count, current val is 35
I1013 15:33:20.949635 34088 runtime_context.cpp:29] DecreaseCounter job_4_running_actor_count, current val is 10
I1013 15:33:20.949667 34109 actor.cpp:408] actor 2199023255760 switch to nullptr
I1013 15:33:20.949677 34089 runtime_context.cpp:29] DecreaseCounter job_4_running_actor_count, current val is 9
I1013 15:33:20.949693 34109 thread.cpp:76] thread 1048576 deconstruct actor 2199023255760
I1013 15:33:20.949723 34089 actor.cpp:411] actor 1099614388229 switch to &Actor::HandlerZombie
I1013 15:33:20.949739 34087 runtime_context.cpp:29] DecreaseCounter job_4_running_actor_count, current val is 8
I1013 15:33:20.949771 34089 actor.cpp:408] actor 1099614388224 switch to nullptr
I1013 15:33:20.949785 34089 thread.cpp:76] thread 524337 deconstruct actor 1099614388224
I1013 15:33:20.949822 34073 actor.cpp:408] actor 1099524210688 switch to nullptr
I1013 15:33:20.949849 34076 actor.cpp:411] actor 1099530502144 switch to &Actor::HandlerZombie
I1013 15:33:20.949949 34077 actor.cpp:408] actor 1099532599296 switch to nullptr
I1013 15:33:20.949872 34074 actor.cpp:408] actor 1099526307840 switch to nullptr
I1013 15:33:20.949875 34073 thread.cpp:76] thread 524294 deconstruct actor 1099524210688
I1013 15:33:20.949892 34089 runtime_context.cpp:29] DecreaseCounter job_0_running_actor_count, current val is 174
I1013 15:33:20.950222 34089 actor.cpp:411] actor 1099614388237 switch to &Actor::HandlerZombie
I1013 15:33:20.950243 34089 actor.cpp:408] actor 1099614388232 switch to nullptr
I1013 15:33:20.949918 34067 actor.cpp:408] actor 1099511627776 switch to nullptr
I1013 15:33:20.950280 34072 actor.cpp:411] actor 1099522113536 switch to &Actor::HandlerZombie
I1013 15:33:20.949971 34111 actor.cpp:408] actor 2199025352708 switch to nullptr
I1013 15:33:20.949980 34076 thread.cpp:76] thread 524297 deconstruct actor 1099530502144
I1013 15:33:20.950080 34077 thread.cpp:76] thread 524298 deconstruct actor 1099532599296
I1013 15:33:20.949992 34068 actor.cpp:408] actor 1099513724928 switch to nullptr
I1013 15:33:20.949993 34075 actor.cpp:408] actor 1099528404992 switch to nullptr
I1013 15:33:20.950085 34069 actor.cpp:408] actor 1099515822080 switch to nullptr
I1013 15:33:20.950064 34070 actor.cpp:408] actor 1099517919232 switch to nullptr
I1013 15:33:20.950067 34071 actor.cpp:408] actor 1099520016384 switch to nullptr
I1013 15:33:20.950170 34074 thread.cpp:76] thread 524295 deconstruct actor 1099526307840
I1013 15:33:20.950255 34089 thread.cpp:76] thread 524337 deconstruct actor 1099614388232
I1013 15:33:20.949834 34109 runtime_context.cpp:29] DecreaseCounter job_2_running_actor_count, current val is 34
I1013 15:33:20.950304 34067 thread.cpp:76] thread 524288 deconstruct actor 1099511627776
I1013 15:33:20.950827 34074 runtime_context.cpp:29] DecreaseCounter job_0_running_actor_count, current val is 170
I1013 15:33:20.950330 34073 runtime_context.cpp:29] DecreaseCounter job_0_running_actor_count, current val is 173
I1013 15:33:20.950363 34111 thread.cpp:76] thread 1048577 deconstruct actor 2199025352708
I1013 15:33:20.950531 34068 thread.cpp:76] thread 524289 deconstruct actor 1099513724928
I1013 15:33:20.951051 34111 runtime_context.cpp:29] DecreaseCounter job_0_running_actor_count, current val is 168
