Log file created at: 2021/10/13 15:23:44
Running on machine: oneflow-14
Log line format: [IWEF]mmdd hh:mm:ss.uuuuuu threadid file:line] msg
I1013 15:23:44.041734 16403 global.h:36] NewGlobal 14cudaDeviceProp
I1013 15:23:44.042798 16403 global.h:36] NewGlobal N7oneflow7EnvDescE
I1013 15:23:44.042819 16403 global.h:36] NewGlobal N7oneflow10ProcessCtxE
I1013 15:23:44.042826 16403 env_global_objects_scope.cpp:152] using rpc backend: local
I1013 15:23:44.042896 16403 global.h:36] NewGlobal N7oneflow12ResourceDescE
I1013 15:23:44.042907 16403 global.h:36] NewGlobal N7oneflow12ResourceDescE
I1013 15:23:44.124138 16403 global.h:36] NewGlobal N7oneflow10ThreadPoolE
I1013 15:23:44.125541 16403 global.h:36] NewGlobal N7oneflow16EagerNcclCommMgrE
I1013 15:23:44.125577 16403 global.h:36] NewGlobal N7oneflow18CudnnConvAlgoCacheE
I1013 15:23:44.125589 16403 global.h:36] NewGlobal N7oneflow2vm19VirtualMachineScopeE
I1013 15:23:44.125602 16403 global.h:36] NewGlobal N7oneflow9OneflowVME
I1013 15:23:44.126744 16403 oneflow_vm.cpp:75] transport stream type: N7oneflow2vm13CpuStreamTypeE
I1013 15:23:44.126766 16403 oneflow_vm.cpp:75] transport stream type: N7oneflow2vm14CudaStreamTypeE
I1013 15:23:44.126776 16403 oneflow_vm.cpp:75] transport stream type: N7oneflow2vm19AsyncCudaStreamTypeE
I1013 15:23:44.126943 16403 global.h:36] NewGlobal N7oneflow27EagerJobBuildAndInferCtxMgrE
I1013 15:23:44.126962 16403 global.h:36] NewGlobal N7oneflow12EpollCommNetE
I1013 15:23:44.127144 16403 epoll_comm_network.cpp:63] CommNet:Epoll listening on 0.0.0.0:32915
I1013 15:23:44.127190 16403 epoll_comm_network.cpp:197] machine 0 sockfd -1
I1013 15:23:44.127331 16403 global.h:36] NewGlobal N7oneflow9TransportE
I1013 15:23:44.129760 16403 global.h:43] DeleteGlobal N7oneflow12ResourceDescE
I1013 15:23:44.129796 16403 version.cpp:22] OneFlow git version: b295ca2324
I1013 15:23:44.129818 16403 device_register_gpu.cpp:56] CUDA runtime version: 11.2
I1013 15:23:44.129856 16403 device_register_gpu.cpp:65] cuDNN version: 8.1.1
I1013 15:23:44.129871 16403 device_register_gpu.cpp:78] NCCL version: 2.9.8
I1013 15:23:44.129882 16403 global.h:36] NewGlobal N7oneflow12ResourceDescE
I1013 15:23:44.129894 16403 global.h:36] NewGlobal N7oneflow5IDMgrE
I1013 15:23:44.129912 16403 global.h:36] NewGlobal N7oneflow16AvailableMemDescE
I1013 15:23:44.129945 16403 global.h:36] NewGlobal St13unordered_mapISslSt4hashISsESt8equal_toISsESaISt4pairIKSslEEE
I1013 15:23:44.129956 16403 global.h:36] NewGlobal N7oneflow19CriticalSectionDescE
I1013 15:23:44.129964 16403 global.h:36] NewGlobal N7oneflow16InterUserJobInfoE
I1013 15:23:44.129976 16403 global.h:36] NewGlobal N7oneflow26LazyJobBuildAndInferCtxMgrE
I1013 15:23:44.129985 16403 global.h:36] NewGlobal N7oneflow16JobSetCompileCtxE
I1013 15:23:44.129995 16403 global.h:36] NewGlobal N7oneflow26RuntimeBufferManagersScopeE
I1013 15:23:44.130004 16403 global.h:36] NewGlobal N7oneflow9BufferMgrIlEE
I1013 15:23:44.130014 16403 global.h:36] NewGlobal N7oneflow9BufferMgrISt10shared_ptrINS_11JobInstanceEEEE
I1013 15:23:44.130024 16403 global.h:36] NewGlobal N7oneflow10RuntimeCtxE
I1013 15:23:44.130033 16403 global.h:36] NewGlobal N7oneflow15MemoryAllocatorE
I1013 15:23:44.130043 16403 global.h:36] NewGlobal N7oneflow8ChunkMgrE
I1013 15:23:44.130051 16403 global.h:36] NewGlobal N7oneflow8RegstMgrE
I1013 15:23:44.130060 16403 global.h:36] NewGlobal N7oneflow11ActorMsgBusE
I1013 15:23:44.130069 16403 global.h:36] NewGlobal N7oneflow9ThreadMgrE
I1013 15:23:44.130079 16403 global.h:36] NewGlobal N7oneflow15RuntimeJobDescsE
I1013 15:23:44.130086 16403 global.h:36] NewGlobal N7oneflow7summary12EventsWriterE
I1013 15:23:44.130098 16403 global.h:36] NewGlobal N7oneflow6boxing10collective24CollectiveBoxingExecutorE
I1013 15:23:44.130108 16403 global.h:36] NewGlobal N7oneflow6boxing10collective31CollectiveBoxingDeviceCtxPollerE
I1013 15:23:44.130275 16403 session.h:77] NewGlobal N7oneflow25SessionGlobalObjectsScopeE
I1013 15:23:44.131244 16403 global.h:36] NewGlobal N7oneflow7JobDescE
I1013 15:23:44.606709 16403 global.h:43] DeleteGlobal N7oneflow7JobDescE
I1013 15:23:44.606971 16403 global.h:36] NewGlobal N7oneflow7JobDescE
I1013 15:23:44.610664 16403 global.h:36] NewGlobal N7oneflow7OpGraphE
I1013 15:23:44.615473 16403 global.h:43] DeleteGlobal N7oneflow7OpGraphE
I1013 15:23:44.815068 16403 global.h:43] DeleteGlobal N7oneflow7JobDescE
I1013 15:23:44.835383 16403 global.h:36] NewGlobal N7oneflow24InterJobReuseMemStrategyE
I1013 15:23:44.835414 16403 global.h:36] NewGlobal N7oneflow7OneflowE
I1013 15:23:44.850644 16403 global.h:36] NewGlobal N7oneflow7JobDescE
I1013 15:23:45.059494 16403 global.h:36] NewGlobal N7oneflow7OpGraphE
I1013 15:23:45.136337 16403 global.h:43] DeleteGlobal N7oneflow7OpGraphE
I1013 15:23:45.147047 16403 oneflow.cpp:210] 
job_id: 0 , job_name: train_job , compile time: 0.296293 seconds.
I1013 15:23:45.198266 16403 global.h:43] DeleteGlobal N7oneflow7JobDescE
I1013 15:23:45.199337 16403 global.h:36] NewGlobal N7oneflow7JobDescE
I1013 15:23:45.282091 16403 global.h:36] NewGlobal N7oneflow7OpGraphE
I1013 15:23:45.304922 16403 global.h:43] DeleteGlobal N7oneflow7OpGraphE
I1013 15:23:45.310767 16403 oneflow.cpp:210] 
job_id: 1 , job_name: System-ModelInit , compile time: 0.110834 seconds.
I1013 15:23:45.326306 16403 global.h:43] DeleteGlobal N7oneflow7JobDescE
I1013 15:23:45.326385 16403 global.h:36] NewGlobal N7oneflow7JobDescE
I1013 15:23:45.384011 16403 global.h:36] NewGlobal N7oneflow7OpGraphE
I1013 15:23:45.405001 16403 global.h:43] DeleteGlobal N7oneflow7OpGraphE
I1013 15:23:45.410836 16403 oneflow.cpp:210] 
job_id: 2 , job_name: System-ModelLoad , compile time: 0.0844224 seconds.
I1013 15:23:45.425406 16403 global.h:43] DeleteGlobal N7oneflow7JobDescE
I1013 15:23:45.425441 16403 global.h:36] NewGlobal N7oneflow7JobDescE
I1013 15:23:45.482832 16403 global.h:36] NewGlobal N7oneflow7OpGraphE
I1013 15:23:45.503798 16403 global.h:43] DeleteGlobal N7oneflow7OpGraphE
I1013 15:23:45.509631 16403 oneflow.cpp:210] 
job_id: 3 , job_name: System-ModelSave , compile time: 0.0841682 seconds.
I1013 15:23:45.524289 16403 global.h:43] DeleteGlobal N7oneflow7JobDescE
I1013 15:23:45.524323 16403 global.h:36] NewGlobal N7oneflow7JobDescE
I1013 15:23:45.534960 16403 global.h:36] NewGlobal N7oneflow7OpGraphE
I1013 15:23:45.539511 16403 global.h:43] DeleteGlobal N7oneflow7OpGraphE
I1013 15:23:45.541167 16403 oneflow.cpp:210] 
job_id: 4 , job_name: System-Pull-Return_20 , compile time: 0.0168225 seconds.
I1013 15:23:45.545342 16403 global.h:43] DeleteGlobal N7oneflow7JobDescE
I1013 15:23:45.550745 16403 global.h:36] NewGlobal N7oneflow7JobDescE
I1013 15:23:45.550786 16403 global.h:36] NewGlobal N7oneflow7OpGraphE
I1013 15:23:45.558099 16403 global.h:43] DeleteGlobal N7oneflow7OpGraphE
I1013 15:23:45.562500 16403 oneflow.cpp:210] 
job_id: 5 , job_name: MainJob-unamed , compile time: 0.0117233 seconds.
I1013 15:23:45.570890 16403 global.h:43] DeleteGlobal N7oneflow7JobDescE
I1013 15:23:45.574048 16403 plan_util.cpp:928]  Plan: merged_plan needs to allocate [ 374.837 MiB ] device memory in Rank: 0 , Device: 0
I1013 15:23:45.706475 16403 oneflow.cpp:998]  PushPlan merged_plan time: 0.0127537 seconds.
I1013 15:23:45.742345 16403 oneflow.cpp:1014]  PullPlan merged_plan time: 0.0304704 seconds.
I1013 15:23:48.175194 16403 runtime_context.cpp:21] NewCounter constructing_actor_cnt 388
I1013 15:23:48.176352 17079 naive_actor.cpp:25] actor 2199023255699 switch to &NaiveActor::HandlerNormal
I1013 15:23:48.176352 17065 naive_actor.cpp:25] actor 1099614388226 switch to &NaiveActor::HandlerNormal
I1013 15:23:48.176466 17079 thread.cpp:96] Thread 1048576 construct Actor kDeviceTick 2199023255699
I1013 15:23:48.176510 17065 thread.cpp:96] Thread 524337 construct Actor kDeviceTick 1099614388226
I1013 15:23:48.176632 17079 runtime_context.cpp:29] DecreaseCounter constructing_actor_cnt, current val is 387
I1013 15:23:48.176646 17065 runtime_context.cpp:29] DecreaseCounter constructing_actor_cnt, current val is 386
I1013 15:23:48.176911 17079 naive_actor.cpp:25] actor 2199023255738 switch to &NaiveActor::HandlerNormal
I1013 15:23:48.176968 17079 thread.cpp:96] Thread 1048576 construct Actor kDeviceTick 2199023255738
I1013 15:23:48.177006 17065 naive_actor.cpp:25] actor 1099614388233 switch to &NaiveActor::HandlerNormal
I1013 15:23:48.177063 17066 wait_and_send_ids_actor.cpp:53] actor 1099616485376 switch to &WaitAndSendIdsActor::HandlerWaitToStart
I1013 15:23:48.177189 17065 thread.cpp:96] Thread 524337 construct Actor kDeviceTick 1099614388233
I1013 15:23:48.177191 17079 runtime_context.cpp:29] DecreaseCounter constructing_actor_cnt, current val is 385
I1013 15:23:48.177223 17066 thread.cpp:96] Thread 524338 construct Actor kWaitAndSendIds 1099616485376
I1013 15:23:48.177307 17065 runtime_context.cpp:29] DecreaseCounter constructing_actor_cnt, current val is 384
I1013 15:23:48.177354 17066 runtime_context.cpp:29] DecreaseCounter constructing_actor_cnt, current val is 383
I1013 15:23:48.177507 17079 naive_actor.cpp:25] actor 2199023255777 switch to &NaiveActor::HandlerNormal
I1013 15:23:48.177559 17079 thread.cpp:96] Thread 1048576 construct Actor kDeviceTick 2199023255777
I1013 15:23:48.177621 17065 naive_actor.cpp:25] actor 1099614388243 switch to &NaiveActor::HandlerNormal
I1013 15:23:48.177641 17079 runtime_context.cpp:29] DecreaseCounter constructing_actor_cnt, current val is 382
I1013 15:23:48.177659 17065 thread.cpp:96] Thread 524337 construct Actor kDeviceTick 1099614388243
I1013 15:23:48.177742 17065 runtime_context.cpp:29] DecreaseCounter constructing_actor_cnt, current val is 381
I1013 15:23:48.177912 17079 naive_actor.cpp:25] actor 2199023255816 switch to &NaiveActor::HandlerNormal
I1013 15:23:48.177961 17079 thread.cpp:96] Thread 1048576 construct Actor kDeviceTick 2199023255816
I1013 15:23:48.178015 17079 runtime_context.cpp:29] DecreaseCounter constructing_actor_cnt, current val is 380
I1013 15:23:48.178028 17065 naive_actor.cpp:25] actor 1099614388252 switch to &NaiveActor::HandlerNormal
I1013 15:23:48.178071 17065 thread.cpp:96] Thread 524337 construct Actor kDeviceTick 1099614388252
I1013 15:23:48.178122 17065 runtime_context.cpp:29] DecreaseCounter constructing_actor_cnt, current val is 379
I1013 15:23:48.178354 17065 naive_actor.cpp:25] actor 1099614388261 switch to &NaiveActor::HandlerNormal
I1013 15:23:48.178387 17065 thread.cpp:96] Thread 524337 construct Actor kDeviceTick 1099614388261
I1013 15:23:48.178436 17065 runtime_context.cpp:29] DecreaseCounter constructing_actor_cnt, current val is 378
I1013 15:23:48.178680 17065 naive_actor.cpp:25] actor 1099614388269 switch to &NaiveActor::HandlerNormal
I1013 15:23:48.178714 17065 thread.cpp:96] Thread 524337 construct Actor kDeviceTick 1099614388269
I1013 15:23:48.178762 17065 runtime_context.cpp:29] DecreaseCounter constructing_actor_cnt, current val is 377
I1013 15:23:48.178992 17065 naive_actor.cpp:25] actor 1099614388276 switch to &NaiveActor::HandlerNormal
I1013 15:23:48.179024 17065 thread.cpp:96] Thread 524337 construct Actor kDeviceTick 1099614388276
I1013 15:23:48.179081 17065 runtime_context.cpp:29] DecreaseCounter constructing_actor_cnt, current val is 376
I1013 15:23:48.188151 17083 naive_actor.cpp:25] actor 2199027449856 switch to &NaiveActor::HandlerNormal
I1013 15:23:48.188235 17081 naive_actor.cpp:25] actor 2199025352708 switch to &NaiveActor::HandlerNormal
I1013 15:23:48.188277 17079 naive_actor.cpp:25] actor 2199023255563 switch to &NaiveActor::HandlerNormal
I1013 15:23:48.188285 17083 thread.cpp:96] Thread 1048578 construct Actor kCopyHd 2199027449856
I1013 15:23:48.188596 17061 naive_actor.cpp:25] actor 1099549376512 switch to &NaiveActor::HandlerNormal
I1013 15:23:48.188628 17049 naive_actor.cpp:25] actor 1099524210688 switch to &NaiveActor::HandlerNormal
I1013 15:23:48.188340 17050 naive_actor.cpp:25] actor 1099526307840 switch to &NaiveActor::HandlerNormal
I1013 15:23:48.188444 17081 thread.cpp:96] Thread 1048577 construct Actor kCopyHd 2199025352708
I1013 15:23:48.188894 17056 naive_actor.cpp:25] actor 1099538890752 switch to &NaiveActor::HandlerNormal
I1013 15:23:48.189064 17056 thread.cpp:96] Thread 524301 construct Actor kNormalForward 1099538890752
I1013 15:23:48.188517 17064 naive_actor.cpp:25] actor 1099555667968 switch to &NaiveActor::HandlerNormal
I1013 15:23:48.188519 17054 naive_actor.cpp:25] actor 1099534696448 switch to &NaiveActor::HandlerNormal
I1013 15:23:48.189359 17054 thread.cpp:96] Thread 524299 construct Actor kForeignInput 1099534696448
I1013 15:23:48.188347 17059 naive_actor.cpp:25] actor 1099545182208 switch to &NaiveActor::HandlerNormal
I1013 15:23:48.189419 17054 runtime_context.cpp:29] DecreaseCounter constructing_actor_cnt, current val is 372
I1013 15:23:48.189424 17059 thread.cpp:96] Thread 524304 construct Actor kNormalForward 1099545182208
I1013 15:23:48.188663 17057 naive_actor.cpp:25] actor 1099540987904 switch to &NaiveActor::HandlerNormal
I1013 15:23:48.188699 17048 naive_actor.cpp:25] actor 1099522113536 switch to &NaiveActor::HandlerNormal
I1013 15:23:48.188706 17061 thread.cpp:96] Thread 524306 construct Actor kNormalForward 1099549376512
I1013 15:23:48.188766 17049 thread.cpp:96] Thread 524294 construct Actor kNormalForward 1099524210688
I1013 15:23:48.188773 17063 naive_actor.cpp:25] actor 1099553570816 switch to &NaiveActor::HandlerNormal
I1013 15:23:48.188859 17060 naive_actor.cpp:25] actor 1099547279360 switch to &NaiveActor::HandlerNormal
I1013 15:23:48.189944 17060 thread.cpp:96] Thread 524305 construct Actor kForeignInput 1099547279360
I1013 15:23:48.188860 17053 naive_actor.cpp:25] actor 1099532599296 switch to &NaiveActor::HandlerNormal
I1013 15:23:48.190019 17060 runtime_context.cpp:29] DecreaseCounter constructing_actor_cnt, current val is 368
I1013 15:23:48.188899 17067 sink_actor.cpp:21] actor 1099618582528 switch to &SinkActor::HandlerNormal
I1013 15:23:48.188863 17050 thread.cpp:96] Thread 524295 construct Actor kNormalForward 1099526307840
I1013 15:23:48.188499 17055 naive_actor.cpp:25] actor 1099536793600 switch to &NaiveActor::HandlerNormal
I1013 15:23:48.189002 17058 naive_actor.cpp:25] actor 1099543085056 switch to &NaiveActor::HandlerNormal
I1013 15:23:48.189030 17081 runtime_context.cpp:29] DecreaseCounter constructing_actor_cnt, current val is 374
I1013 15:23:48.188508 17079 thread.cpp:96] Thread 1048576 construct Actor kNormalForward 2199023255563
I1013 15:23:48.189088 17052 naive_actor.cpp:25] actor 1099530502144 switch to &NaiveActor::HandlerNormal
I1013 15:23:48.190394 17079 runtime_context.cpp:29] DecreaseCounter constructing_actor_cnt, current val is 366
I1013 15:23:48.190416 17052 thread.cpp:96] Thread 524297 construct Actor kNormalForward 1099530502144
I1013 15:23:48.189163 17056 runtime_context.cpp:29] DecreaseCounter constructing_actor_cnt, current val is 373
I1013 15:23:48.189251 17044 naive_actor.cpp:25] actor 1099513724928 switch to &NaiveActor::HandlerNormal
I1013 15:23:48.190682 17044 thread.cpp:96] Thread 524289 construct Actor kNormalForward 1099513724928
I1013 15:23:48.189291 17047 naive_actor.cpp:25] actor 1099520016384 switch to &NaiveActor::HandlerNormal
I1013 15:23:48.188656 17083 runtime_context.cpp:29] DecreaseCounter constructing_actor_cnt, current val is 375
I1013 15:23:48.189450 17045 naive_actor.cpp:25] actor 1099515822080 switch to &NaiveActor::HandlerNormal
I1013 15:23:48.190995 17045 thread.cpp:96] Thread 524290 construct Actor kNormalForward 1099515822080
I1013 15:23:48.188339 17065 naive_actor.cpp:25] actor 1099614388316 switch to &NaiveActor::HandlerNormal
I1013 15:23:48.191169 17065 thread.cpp:96] Thread 524337 construct Actor kTick 1099614388316
I1013 15:23:48.189640 17057 thread.cpp:96] Thread 524302 construct Actor kForeignInput 1099540987904
I1013 15:23:48.189674 17048 thread.cpp:96] Thread 524293 construct Actor kNormalForward 1099522113536
I1013 15:23:48.191391 17057 runtime_context.cpp:29] DecreaseCounter constructing_actor_cnt, current val is 361
I1013 15:23:48.191421 17079 naive_actor.cpp:25] actor 2199023255569 switch to &NaiveActor::HandlerNormal
I1013 15:23:48.189829 17061 runtime_context.cpp:29] DecreaseCounter constructing_actor_cnt, current val is 370
I1013 15:23:48.189873 17049 runtime_context.cpp:29] DecreaseCounter constructing_actor_cnt, current val is 369
I1013 15:23:48.189873 17063 thread.cpp:96] Thread 524308 construct Actor kNormalForward 1099553570816
I1013 15:23:48.190013 17053 thread.cpp:96] Thread 524298 construct Actor kNormalForward 1099532599296
I1013 15:23:48.190083 17067 thread.cpp:96] Thread 524339 construct Actor kCallbackNotify 1099618582528
I1013 15:23:48.188993 17062 naive_actor.cpp:25] actor 1099551473664 switch to &NaiveActor::HandlerNormal
I1013 15:23:48.192065 17062 thread.cpp:96] Thread 524307 construct Actor kNormalForward 1099551473664
I1013 15:23:48.190157 17055 thread.cpp:96] Thread 524300 construct Actor kNormalForward 1099536793600
I1013 15:23:48.190178 17050 runtime_context.cpp:29] DecreaseCounter constructing_actor_cnt, current val is 367
I1013 15:23:48.190237 17058 thread.cpp:96] Thread 524303 construct Actor kNormalForward 1099543085056
I1013 15:23:48.190420 17081 naive_actor.cpp:25] actor 2199025352704 switch to &NaiveActor::HandlerNormal
I1013 15:23:48.192342 17081 thread.cpp:96] Thread 1048577 construct Actor kCopyHd 2199025352704
I1013 15:23:48.189170 17051 naive_actor.cpp:25] actor 1099528404992 switch to &NaiveActor::HandlerNormal
I1013 15:23:48.192396 17043 naive_actor.cpp:25] actor 1099511627776 switch to &NaiveActor::HandlerNormal
I1013 15:23:48.190505 17052 runtime_context.cpp:29] DecreaseCounter constructing_actor_cnt, current val is 365
I1013 15:23:48.189285 17064 thread.cpp:96] Thread 524309 construct Actor kForeignOutput 1099555667968
I1013 15:23:48.190774 17044 runtime_context.cpp:29] DecreaseCounter constructing_actor_cnt, current val is 364
I1013 15:23:48.190836 17047 thread.cpp:96] Thread 524292 construct Actor kNormalForward 1099520016384
I1013 15:23:48.191135 17045 runtime_context.cpp:29] DecreaseCounter constructing_actor_cnt, current val is 363
I1013 15:23:48.189558 17059 runtime_context.cpp:29] DecreaseCounter constructing_actor_cnt, current val is 371
I1013 15:23:48.191304 17065 runtime_context.cpp:29] DecreaseCounter constructing_actor_cnt, current val is 362
I1013 15:23:48.191448 17079 thread.cpp:96] Thread 1048576 construct Actor kNormalForward 2199023255569
I1013 15:23:48.191448 17048 runtime_context.cpp:29] DecreaseCounter constructing_actor_cnt, current val is 360
I1013 15:23:48.191802 17063 runtime_context.cpp:29] DecreaseCounter constructing_actor_cnt, current val is 359
I1013 15:23:48.191910 17053 runtime_context.cpp:29] DecreaseCounter constructing_actor_cnt, current val is 358
I1013 15:23:48.192035 17067 runtime_context.cpp:29] DecreaseCounter constructing_actor_cnt, current val is 357
I1013 15:23:48.192140 17062 runtime_context.cpp:29] DecreaseCounter constructing_actor_cnt, current val is 356
I1013 15:23:48.192212 17055 runtime_context.cpp:29] DecreaseCounter constructing_actor_cnt, current val is 355
I1013 15:23:48.192358 17058 runtime_context.cpp:29] DecreaseCounter constructing_actor_cnt, current val is 354
I1013 15:23:48.192394 17081 runtime_context.cpp:29] DecreaseCounter constructing_actor_cnt, current val is 353
I1013 15:23:48.192436 17051 thread.cpp:96] Thread 524296 construct Actor kNormalForward 1099528404992
I1013 15:23:48.192468 17043 thread.cpp:96] Thread 524288 construct Actor kNormalForward 1099511627776
I1013 15:23:48.189424 17046 naive_actor.cpp:25] actor 1099517919232 switch to &NaiveActor::HandlerNormal
I1013 15:23:48.193994 17043 runtime_context.cpp:29] DecreaseCounter constructing_actor_cnt, current val is 348
I1013 15:23:48.192718 17047 runtime_context.cpp:29] DecreaseCounter constructing_actor_cnt, current val is 351
I1013 15:23:48.193063 17079 runtime_context.cpp:29] DecreaseCounter constructing_actor_cnt, current val is 350
I1013 15:23:48.193444 17065 naive_actor.cpp:25] actor 1099614388234 switch to &NaiveActor::HandlerNormal
I1013 15:23:48.193941 17051 runtime_context.cpp:29] DecreaseCounter constructing_actor_cnt, current val is 349
I1013 15:23:48.193998 17081 naive_actor.cpp:25] actor 2199025352706 switch to &NaiveActor::HandlerNormal
I1013 15:23:48.194010 17046 thread.cpp:96] Thread 524291 construct Actor kNormalForward 1099517919232
I1013 15:23:48.192612 17064 runtime_context.cpp:29] DecreaseCounter constructing_actor_cnt, current val is 352
I1013 15:23:48.194136 17065 thread.cpp:96] Thread 524337 construct Actor kSrcSubsetTick 1099614388234
I1013 15:23:48.194240 17081 thread.cpp:96] Thread 1048577 construct Actor kCopyHd 2199025352706
I1013 15:23:48.194480 17065 runtime_context.cpp:29] DecreaseCounter constructing_actor_cnt, current val is 346
I1013 15:23:48.194339 17046 runtime_context.cpp:29] DecreaseCounter constructing_actor_cnt, current val is 347
I1013 15:23:48.194399 17079 naive_actor.cpp:25] actor 2199023255557 switch to &NaiveActor::HandlerNormal
I1013 15:23:48.194519 17081 runtime_context.cpp:29] DecreaseCounter constructing_actor_cnt, current val is 345
I1013 15:23:48.194641 17079 thread.cpp:96] Thread 1048576 construct Actor kNormalForward 2199023255557
I1013 15:23:48.194722 17079 runtime_context.cpp:29] DecreaseCounter constructing_actor_cnt, current val is 344
I1013 15:23:48.194820 17081 naive_actor.cpp:25] actor 2199025352707 switch to &NaiveActor::HandlerNormal
I1013 15:23:48.194866 17081 thread.cpp:96] Thread 1048577 construct Actor kCopyHd 2199025352707
I1013 15:23:48.194911 17065 naive_actor.cpp:25] actor 1099614388231 switch to &NaiveActor::HandlerNormal
I1013 15:23:48.194933 17081 runtime_context.cpp:29] DecreaseCounter constructing_actor_cnt, current val is 343
I1013 15:23:48.194964 17065 thread.cpp:96] Thread 524337 construct Actor kTick 1099614388231
I1013 15:23:48.195053 17065 runtime_context.cpp:29] DecreaseCounter constructing_actor_cnt, current val is 342
I1013 15:23:48.195139 17081 naive_actor.cpp:25] actor 2199025352705 switch to &NaiveActor::HandlerNormal
I1013 15:23:48.195181 17081 thread.cpp:96] Thread 1048577 construct Actor kCopyHd 2199025352705
I1013 15:23:48.195225 17081 runtime_context.cpp:29] DecreaseCounter constructing_actor_cnt, current val is 341
I1013 15:23:48.195363 17081 naive_actor.cpp:25] actor 2199025352709 switch to &NaiveActor::HandlerNormal
I1013 15:23:48.195407 17081 thread.cpp:96] Thread 1048577 construct Actor kCopyHd 2199025352709
I1013 15:23:48.195418 17079 naive_actor.cpp:25] actor 2199023255562 switch to &NaiveActor::HandlerNormal
I1013 15:23:48.195434 17065 naive_actor.cpp:25] actor 1099614388225 switch to &NaiveActor::HandlerNormal
I1013 15:23:48.195458 17079 thread.cpp:96] Thread 1048576 construct Actor kNormalForward 2199023255562
I1013 15:23:48.195459 17081 runtime_context.cpp:29] DecreaseCounter constructing_actor_cnt, current val is 340
I1013 15:23:48.195489 17065 thread.cpp:96] Thread 524337 construct Actor kSrcSubsetTick 1099614388225
I1013 15:23:48.195538 17079 runtime_context.cpp:29] DecreaseCounter constructing_actor_cnt, current val is 339
I1013 15:23:48.195616 17065 runtime_context.cpp:29] DecreaseCounter constructing_actor_cnt, current val is 338
I1013 15:23:48.195686 17081 naive_actor.cpp:25] actor 2199025352710 switch to &NaiveActor::HandlerNormal
I1013 15:23:48.195730 17081 thread.cpp:96] Thread 1048577 construct Actor kCopyHd 2199025352710
I1013 15:23:48.195785 17081 runtime_context.cpp:29] DecreaseCounter constructing_actor_cnt, current val is 337
I1013 15:23:48.196004 17065 naive_actor.cpp:25] actor 1099614388229 switch to &NaiveActor::HandlerNormal
I1013 15:23:48.196054 17065 thread.cpp:96] Thread 524337 construct Actor kDstSubsetTick 1099614388229
I1013 15:23:48.196127 17065 runtime_context.cpp:29] DecreaseCounter constructing_actor_cnt, current val is 336
I1013 15:23:48.196223 17079 naive_actor.cpp:25] actor 2199023255567 switch to &NaiveActor::HandlerNormal
I1013 15:23:48.196267 17079 thread.cpp:96] Thread 1048576 construct Actor kNormalForward 2199023255567
I1013 15:23:48.196324 17079 runtime_context.cpp:29] DecreaseCounter constructing_actor_cnt, current val is 335
I1013 15:23:48.196455 17065 naive_actor.cpp:25] actor 1099614388317 switch to &NaiveActor::HandlerNormal
I1013 15:23:48.196503 17065 thread.cpp:96] Thread 524337 construct Actor kTick 1099614388317
I1013 15:23:48.196588 17065 runtime_context.cpp:29] DecreaseCounter constructing_actor_cnt, current val is 334
I1013 15:23:48.196880 17079 naive_actor.cpp:25] actor 2199023255565 switch to &NaiveActor::HandlerNormal
I1013 15:23:48.196903 17065 naive_actor.cpp:25] actor 1099614388230 switch to &NaiveActor::HandlerNormal
I1013 15:23:48.196983 17079 thread.cpp:96] Thread 1048576 construct Actor kNormalForward 2199023255565
I1013 15:23:48.197016 17065 thread.cpp:96] Thread 524337 construct Actor kTick 1099614388230
I1013 15:23:48.197064 17079 runtime_context.cpp:29] DecreaseCounter constructing_actor_cnt, current val is 333
I1013 15:23:48.197124 17065 runtime_context.cpp:29] DecreaseCounter constructing_actor_cnt, current val is 332
I1013 15:23:48.197302 17079 naive_actor.cpp:25] actor 2199023255571 switch to &NaiveActor::HandlerNormal
I1013 15:23:48.197342 17079 thread.cpp:96] Thread 1048576 construct Actor kNormalForward 2199023255571
I1013 15:23:48.197386 17079 runtime_context.cpp:29] DecreaseCounter constructing_actor_cnt, current val is 331
I1013 15:23:48.197450 17065 naive_actor.cpp:25] actor 1099614388232 switch to &NaiveActor::HandlerNormal
I1013 15:23:48.197499 17065 thread.cpp:96] Thread 524337 construct Actor kTick 1099614388232
I1013 15:23:48.197562 17065 runtime_context.cpp:29] DecreaseCounter constructing_actor_cnt, current val is 330
I1013 15:23:48.197875 17065 naive_actor.cpp:25] actor 1099614388228 switch to &NaiveActor::HandlerNormal
I1013 15:23:48.197922 17065 thread.cpp:96] Thread 524337 construct Actor kTick 1099614388228
I1013 15:23:48.197980 17065 runtime_context.cpp:29] DecreaseCounter constructing_actor_cnt, current val is 329
I1013 15:23:48.197985 17079 naive_actor.cpp:25] actor 2199023255555 switch to &NaiveActor::HandlerNormal
I1013 15:23:48.198041 17079 thread.cpp:96] Thread 1048576 construct Actor kNormalForward 2199023255555
I1013 15:23:48.198105 17079 runtime_context.cpp:29] DecreaseCounter constructing_actor_cnt, current val is 328
I1013 15:23:48.198295 17065 naive_actor.cpp:25] actor 1099614388238 switch to &NaiveActor::HandlerNormal
I1013 15:23:48.198310 17079 naive_actor.cpp:25] actor 2199023255573 switch to &NaiveActor::HandlerNormal
I1013 15:23:48.198346 17065 thread.cpp:96] Thread 524337 construct Actor kTick 1099614388238
I1013 15:23:48.198366 17079 thread.cpp:96] Thread 1048576 construct Actor kNormalForward 2199023255573
I1013 15:23:48.198453 17065 runtime_context.cpp:29] DecreaseCounter constructing_actor_cnt, current val is 327
I1013 15:23:48.198454 17079 runtime_context.cpp:29] DecreaseCounter constructing_actor_cnt, current val is 326
I1013 15:23:48.198755 17065 naive_actor.cpp:25] actor 1099614388236 switch to &NaiveActor::HandlerNormal
I1013 15:23:48.198809 17065 thread.cpp:96] Thread 524337 construct Actor kTick 1099614388236
I1013 15:23:48.198884 17065 runtime_context.cpp:29] DecreaseCounter constructing_actor_cnt, current val is 325
I1013 15:23:48.199061 17079 naive_actor.cpp:25] actor 2199023255559 switch to &NaiveActor::HandlerNormal
I1013 15:23:48.199102 17079 thread.cpp:96] Thread 1048576 construct Actor kNormalForward 2199023255559
I1013 15:23:48.199164 17079 runtime_context.cpp:29] DecreaseCounter constructing_actor_cnt, current val is 324
I1013 15:23:48.199236 17065 naive_actor.cpp:25] actor 1099614388237 switch to &NaiveActor::HandlerNormal
I1013 15:23:48.199283 17065 thread.cpp:96] Thread 524337 construct Actor kDstSubsetTick 1099614388237
I1013 15:23:48.199345 17065 runtime_context.cpp:29] DecreaseCounter constructing_actor_cnt, current val is 323
I1013 15:23:48.199705 17065 naive_actor.cpp:25] actor 1099614388224 switch to &NaiveActor::HandlerNormal
I1013 15:23:48.199757 17065 thread.cpp:96] Thread 524337 construct Actor kDeviceTick 1099614388224
I1013 15:23:48.199787 17079 naive_actor.cpp:25] actor 2199023255579 switch to &NaiveActor::HandlerNormal
I1013 15:23:48.199821 17079 thread.cpp:96] Thread 1048576 construct Actor kNormalForward 2199023255579
I1013 15:23:48.199836 17065 runtime_context.cpp:29] DecreaseCounter constructing_actor_cnt, current val is 322
I1013 15:23:48.199865 17079 runtime_context.cpp:29] DecreaseCounter constructing_actor_cnt, current val is 321
I1013 15:23:48.200078 17079 naive_actor.cpp:25] actor 2199023255578 switch to &NaiveActor::HandlerNormal
I1013 15:23:48.200120 17065 naive_actor.cpp:25] actor 1099614388239 switch to &NaiveActor::HandlerNormal
I1013 15:23:48.200141 17079 thread.cpp:96] Thread 1048576 construct Actor kNormalForward 2199023255578
I1013 15:23:48.200170 17065 thread.cpp:96] Thread 524337 construct Actor kTick 1099614388239
I1013 15:23:48.200217 17079 runtime_context.cpp:29] DecreaseCounter constructing_actor_cnt, current val is 320
I1013 15:23:48.200242 17065 runtime_context.cpp:29] DecreaseCounter constructing_actor_cnt, current val is 319
I1013 15:23:48.200528 17065 naive_actor.cpp:25] actor 1099614388241 switch to &NaiveActor::HandlerNormal
I1013 15:23:48.200580 17065 thread.cpp:96] Thread 524337 construct Actor kDeviceTick 1099614388241
I1013 15:23:48.200649 17065 runtime_context.cpp:29] DecreaseCounter constructing_actor_cnt, current val is 318
I1013 15:23:48.200763 17079 naive_actor.cpp:25] actor 2199023255580 switch to &NaiveActor::HandlerNormal
I1013 15:23:48.200816 17079 thread.cpp:96] Thread 1048576 construct Actor kNormalForward 2199023255580
I1013 15:23:48.200875 17079 runtime_context.cpp:29] DecreaseCounter constructing_actor_cnt, current val is 317
I1013 15:23:48.200942 17065 naive_actor.cpp:25] actor 1099614388240 switch to &NaiveActor::HandlerNormal
I1013 15:23:48.200987 17065 thread.cpp:96] Thread 524337 construct Actor kTick 1099614388240
I1013 15:23:48.201052 17065 runtime_context.cpp:29] DecreaseCounter constructing_actor_cnt, current val is 316
I1013 15:23:48.201092 17079 naive_actor.cpp:25] actor 2199023255568 switch to &NaiveActor::HandlerNormal
I1013 15:23:48.201128 17079 thread.cpp:96] Thread 1048576 construct Actor kNormalForward 2199023255568
I1013 15:23:48.201169 17079 runtime_context.cpp:29] DecreaseCounter constructing_actor_cnt, current val is 315
I1013 15:23:48.201411 17065 naive_actor.cpp:25] actor 1099614388246 switch to &NaiveActor::HandlerNormal
I1013 15:23:48.201457 17065 thread.cpp:96] Thread 524337 construct Actor kDstSubsetTick 1099614388246
I1013 15:23:48.201534 17065 runtime_context.cpp:29] DecreaseCounter constructing_actor_cnt, current val is 314
I1013 15:23:48.201661 17079 naive_actor.cpp:25] actor 2199023255570 switch to &NaiveActor::HandlerNormal
I1013 15:23:48.201700 17079 thread.cpp:96] Thread 1048576 construct Actor kNormalForward 2199023255570
I1013 15:23:48.201747 17079 runtime_context.cpp:29] DecreaseCounter constructing_actor_cnt, current val is 313
I1013 15:23:48.201853 17065 naive_actor.cpp:25] actor 1099614388318 switch to &NaiveActor::HandlerNormal
I1013 15:23:48.201898 17065 thread.cpp:96] Thread 524337 construct Actor kTick 1099614388318
I1013 15:23:48.201953 17065 runtime_context.cpp:29] DecreaseCounter constructing_actor_cnt, current val is 312
I1013 15:23:48.201962 17079 naive_actor.cpp:25] actor 2199023255566 switch to &NaiveActor::HandlerNormal
I1013 15:23:48.202008 17079 thread.cpp:96] Thread 1048576 construct Actor kNormalForward 2199023255566
I1013 15:23:48.202065 17079 runtime_context.cpp:29] DecreaseCounter constructing_actor_cnt, current val is 311
I1013 15:23:48.202253 17065 naive_actor.cpp:25] actor 1099614388242 switch to &NaiveActor::HandlerNormal
I1013 15:23:48.202303 17065 thread.cpp:96] Thread 524337 construct Actor kSrcSubsetTick 1099614388242
I1013 15:23:48.202371 17065 runtime_context.cpp:29] DecreaseCounter constructing_actor_cnt, current val is 310
I1013 15:23:48.202646 17065 naive_actor.cpp:25] actor 1099614388245 switch to &NaiveActor::HandlerNormal
I1013 15:23:48.202661 17079 naive_actor.cpp:25] actor 2199023255592 switch to &NaiveActor::HandlerNormal
I1013 15:23:48.202693 17065 thread.cpp:96] Thread 524337 construct Actor kTick 1099614388245
I1013 15:23:48.202714 17079 thread.cpp:96] Thread 1048576 construct Actor kNormalForward 2199023255592
I1013 15:23:48.202775 17065 runtime_context.cpp:29] DecreaseCounter constructing_actor_cnt, current val is 309
I1013 15:23:48.202790 17079 runtime_context.cpp:29] DecreaseCounter constructing_actor_cnt, current val is 308
I1013 15:23:48.203037 17065 naive_actor.cpp:25] actor 1099614388247 switch to &NaiveActor::HandlerNormal
I1013 15:23:48.203249 17065 thread.cpp:96] Thread 524337 construct Actor kTick 1099614388247
I1013 15:23:48.203266 17079 naive_actor.cpp:25] actor 2199023255590 switch to &NaiveActor::HandlerNormal
I1013 15:23:48.203347 17079 thread.cpp:96] Thread 1048576 construct Actor kNormalForward 2199023255590
I1013 15:23:48.203361 17065 runtime_context.cpp:29] DecreaseCounter constructing_actor_cnt, current val is 307
I1013 15:23:48.203389 17079 runtime_context.cpp:29] DecreaseCounter constructing_actor_cnt, current val is 306
I1013 15:23:48.203594 17079 naive_actor.cpp:25] actor 2199023255591 switch to &NaiveActor::HandlerNormal
I1013 15:23:48.203634 17079 thread.cpp:96] Thread 1048576 construct Actor kNormalForward 2199023255591
I1013 15:23:48.203665 17065 naive_actor.cpp:25] actor 1099614388248 switch to &NaiveActor::HandlerNormal
I1013 15:23:48.203673 17079 runtime_context.cpp:29] DecreaseCounter constructing_actor_cnt, current val is 305
I1013 15:23:48.203699 17065 thread.cpp:96] Thread 524337 construct Actor kTick 1099614388248
I1013 15:23:48.203779 17065 runtime_context.cpp:29] DecreaseCounter constructing_actor_cnt, current val is 304
I1013 15:23:48.204078 17065 naive_actor.cpp:25] actor 1099614388249 switch to &NaiveActor::HandlerNormal
I1013 15:23:48.204123 17065 thread.cpp:96] Thread 524337 construct Actor kTick 1099614388249
I1013 15:23:48.204192 17065 runtime_context.cpp:29] DecreaseCounter constructing_actor_cnt, current val is 303
I1013 15:23:48.204274 17079 naive_actor.cpp:25] actor 2199023255564 switch to &NaiveActor::HandlerNormal
I1013 15:23:48.204315 17079 thread.cpp:96] Thread 1048576 construct Actor kNormalForward 2199023255564
I1013 15:23:48.204365 17079 runtime_context.cpp:29] DecreaseCounter constructing_actor_cnt, current val is 302
I1013 15:23:48.204494 17065 naive_actor.cpp:25] actor 1099614388257 switch to &NaiveActor::HandlerNormal
I1013 15:23:48.204540 17065 thread.cpp:96] Thread 524337 construct Actor kTick 1099614388257
I1013 15:23:48.204593 17079 naive_actor.cpp:25] actor 2199023255588 switch to &NaiveActor::HandlerNormal
I1013 15:23:48.204609 17065 runtime_context.cpp:29] DecreaseCounter constructing_actor_cnt, current val is 301
I1013 15:23:48.204617 17079 thread.cpp:96] Thread 1048576 construct Actor kNormalForward 2199023255588
I1013 15:23:48.204691 17079 runtime_context.cpp:29] DecreaseCounter constructing_actor_cnt, current val is 300
I1013 15:23:48.204888 17079 naive_actor.cpp:25] actor 2199023255593 switch to &NaiveActor::HandlerNormal
I1013 15:23:48.204905 17065 naive_actor.cpp:25] actor 1099614388250 switch to &NaiveActor::HandlerNormal
I1013 15:23:48.204926 17079 thread.cpp:96] Thread 1048576 construct Actor kNormalForward 2199023255593
I1013 15:23:48.204952 17065 thread.cpp:96] Thread 524337 construct Actor kDeviceTick 1099614388250
I1013 15:23:48.204991 17079 runtime_context.cpp:29] DecreaseCounter constructing_actor_cnt, current val is 299
I1013 15:23:48.205024 17065 runtime_context.cpp:29] DecreaseCounter constructing_actor_cnt, current val is 298
I1013 15:23:48.205304 17065 naive_actor.cpp:25] actor 1099614388254 switch to &NaiveActor::HandlerNormal
I1013 15:23:48.205349 17065 thread.cpp:96] Thread 524337 construct Actor kTick 1099614388254
I1013 15:23:48.205415 17065 runtime_context.cpp:29] DecreaseCounter constructing_actor_cnt, current val is 297
I1013 15:23:48.205535 17079 naive_actor.cpp:25] actor 2199023255630 switch to &NaiveActor::HandlerNormal
I1013 15:23:48.205590 17079 thread.cpp:96] Thread 1048576 construct Actor kNormalForward 2199023255630
I1013 15:23:48.205652 17079 runtime_context.cpp:29] DecreaseCounter constructing_actor_cnt, current val is 296
I1013 15:23:48.205724 17065 naive_actor.cpp:25] actor 1099614388251 switch to &NaiveActor::HandlerNormal
I1013 15:23:48.205770 17065 thread.cpp:96] Thread 524337 construct Actor kSrcSubsetTick 1099614388251
I1013 15:23:48.205842 17065 runtime_context.cpp:29] DecreaseCounter constructing_actor_cnt, current val is 295
I1013 15:23:48.206208 17079 naive_actor.cpp:25] actor 2199023255594 switch to &NaiveActor::HandlerNormal
I1013 15:23:48.206279 17079 thread.cpp:96] Thread 1048576 construct Actor kNormalForward 2199023255594
I1013 15:23:48.206348 17079 runtime_context.cpp:29] DecreaseCounter constructing_actor_cnt, current val is 294
I1013 15:23:48.206357 17065 esac_actor.cpp:73] actor 1099614388313 switch to &EsacActor::HandlerNormal
I1013 15:23:48.206426 17065 thread.cpp:96] Thread 524337 construct Actor kEsac 1099614388313
I1013 15:23:48.206514 17065 runtime_context.cpp:29] DecreaseCounter constructing_actor_cnt, current val is 293
I1013 15:23:48.206817 17065 naive_actor.cpp:25] actor 1099614388256 switch to &NaiveActor::HandlerNormal
I1013 15:23:48.206863 17065 thread.cpp:96] Thread 524337 construct Actor kTick 1099614388256
I1013 15:23:48.206918 17065 runtime_context.cpp:29] DecreaseCounter constructing_actor_cnt, current val is 292
I1013 15:23:48.207031 17079 naive_actor.cpp:25] actor 2199023255556 switch to &NaiveActor::HandlerNormal
I1013 15:23:48.207072 17079 thread.cpp:96] Thread 1048576 construct Actor kNormalForward 2199023255556
I1013 15:23:48.207125 17079 runtime_context.cpp:29] DecreaseCounter constructing_actor_cnt, current val is 291
I1013 15:23:48.207269 17065 naive_actor.cpp:25] actor 1099614388255 switch to &NaiveActor::HandlerNormal
I1013 15:23:48.207321 17065 thread.cpp:96] Thread 524337 construct Actor kDstSubsetTick 1099614388255
I1013 15:23:48.207407 17065 runtime_context.cpp:29] DecreaseCounter constructing_actor_cnt, current val is 290
I1013 15:23:48.207644 17079 naive_actor.cpp:25] actor 2199023255595 switch to &NaiveActor::HandlerNormal
I1013 15:23:48.207685 17079 thread.cpp:96] Thread 1048576 construct Actor kNormalForward 2199023255595
I1013 15:23:48.207728 17065 naive_actor.cpp:25] actor 1099614388258 switch to &NaiveActor::HandlerNormal
I1013 15:23:48.207729 17079 runtime_context.cpp:29] DecreaseCounter constructing_actor_cnt, current val is 289
I1013 15:23:48.207767 17065 thread.cpp:96] Thread 524337 construct Actor kTick 1099614388258
I1013 15:23:48.207842 17065 runtime_context.cpp:29] DecreaseCounter constructing_actor_cnt, current val is 288
I1013 15:23:48.207983 17079 naive_actor.cpp:25] actor 2199023255581 switch to &NaiveActor::HandlerNormal
I1013 15:23:48.208021 17079 thread.cpp:96] Thread 1048576 construct Actor kNormalForward 2199023255581
I1013 15:23:48.208067 17079 runtime_context.cpp:29] DecreaseCounter constructing_actor_cnt, current val is 287
I1013 15:23:48.208214 17065 naive_actor.cpp:25] actor 1099614388264 switch to &NaiveActor::HandlerNormal
I1013 15:23:48.208263 17065 thread.cpp:96] Thread 524337 construct Actor kDstSubsetTick 1099614388264
I1013 15:23:48.208331 17065 runtime_context.cpp:29] DecreaseCounter constructing_actor_cnt, current val is 286
I1013 15:23:48.208629 17065 naive_actor.cpp:25] actor 1099614388266 switch to &NaiveActor::HandlerNormal
I1013 15:23:48.208680 17065 thread.cpp:96] Thread 524337 construct Actor kTick 1099614388266
I1013 15:23:48.208680 17079 naive_actor.cpp:25] actor 2199023255558 switch to &NaiveActor::HandlerNormal
I1013 15:23:48.208734 17079 thread.cpp:96] Thread 1048576 construct Actor kNormalForward 2199023255558
I1013 15:23:48.208748 17065 runtime_context.cpp:29] DecreaseCounter constructing_actor_cnt, current val is 285
I1013 15:23:48.208781 17079 runtime_context.cpp:29] DecreaseCounter constructing_actor_cnt, current val is 284
I1013 15:23:48.209023 17065 naive_actor.cpp:25] actor 1099614388309 switch to &NaiveActor::HandlerNormal
I1013 15:23:48.209069 17065 thread.cpp:96] Thread 524337 construct Actor kTick 1099614388309
I1013 15:23:48.209126 17065 runtime_context.cpp:29] DecreaseCounter constructing_actor_cnt, current val is 283
I1013 15:23:48.209378 17079 naive_actor.cpp:25] actor 2199023255584 switch to &NaiveActor::HandlerNormal
I1013 15:23:48.209419 17079 thread.cpp:96] Thread 1048576 construct Actor kNormalForward 2199023255584
I1013 15:23:48.209420 17065 naive_actor.cpp:25] actor 1099614388263 switch to &NaiveActor::HandlerNormal
I1013 15:23:48.209475 17065 thread.cpp:96] Thread 524337 construct Actor kTick 1099614388263
I1013 15:23:48.209478 17079 runtime_context.cpp:29] DecreaseCounter constructing_actor_cnt, current val is 282
I1013 15:23:48.209529 17065 runtime_context.cpp:29] DecreaseCounter constructing_actor_cnt, current val is 281
I1013 15:23:48.209774 17079 naive_actor.cpp:25] actor 2199023255576 switch to &NaiveActor::HandlerNormal
I1013 15:23:48.209820 17079 thread.cpp:96] Thread 1048576 construct Actor kNormalForward 2199023255576
I1013 15:23:48.209863 17079 runtime_context.cpp:29] DecreaseCounter constructing_actor_cnt, current val is 280
I1013 15:23:48.209889 17065 naive_actor.cpp:25] actor 1099614388259 switch to &NaiveActor::HandlerNormal
I1013 15:23:48.209933 17065 thread.cpp:96] Thread 524337 construct Actor kDeviceTick 1099614388259
I1013 15:23:48.210003 17065 runtime_context.cpp:29] DecreaseCounter constructing_actor_cnt, current val is 279
I1013 15:23:48.210289 17065 naive_actor.cpp:25] actor 1099614388260 switch to &NaiveActor::HandlerNormal
I1013 15:23:48.210333 17065 thread.cpp:96] Thread 524337 construct Actor kSrcSubsetTick 1099614388260
I1013 15:23:48.210381 17079 naive_actor.cpp:25] actor 2199023255585 switch to &NaiveActor::HandlerNormal
I1013 15:23:48.210386 17065 runtime_context.cpp:29] DecreaseCounter constructing_actor_cnt, current val is 278
I1013 15:23:48.210408 17079 thread.cpp:96] Thread 1048576 construct Actor kNormalForward 2199023255585
I1013 15:23:48.210479 17079 runtime_context.cpp:29] DecreaseCounter constructing_actor_cnt, current val is 277
I1013 15:23:48.210711 17065 naive_actor.cpp:25] actor 1099614388265 switch to &NaiveActor::HandlerNormal
I1013 15:23:48.210759 17065 thread.cpp:96] Thread 524337 construct Actor kTick 1099614388265
I1013 15:23:48.210824 17065 runtime_context.cpp:29] DecreaseCounter constructing_actor_cnt, current val is 276
I1013 15:23:48.211045 17079 naive_actor.cpp:25] actor 2199023255627 switch to &NaiveActor::HandlerNormal
I1013 15:23:48.211082 17079 thread.cpp:96] Thread 1048576 construct Actor kNormalForward 2199023255627
I1013 15:23:48.211095 17065 naive_actor.cpp:25] actor 1099614388271 switch to &NaiveActor::HandlerNormal
I1013 15:23:48.211133 17065 thread.cpp:96] Thread 524337 construct Actor kTick 1099614388271
I1013 15:23:48.211138 17079 runtime_context.cpp:29] DecreaseCounter constructing_actor_cnt, current val is 275
I1013 15:23:48.211184 17065 runtime_context.cpp:29] DecreaseCounter constructing_actor_cnt, current val is 274
I1013 15:23:48.211346 17079 naive_actor.cpp:25] actor 2199023255561 switch to &NaiveActor::HandlerNormal
I1013 15:23:48.211382 17079 thread.cpp:96] Thread 1048576 construct Actor kNormalForward 2199023255561
I1013 15:23:48.211432 17079 runtime_context.cpp:29] DecreaseCounter constructing_actor_cnt, current val is 273
I1013 15:23:48.211452 17065 naive_actor.cpp:25] actor 1099614388281 switch to &NaiveActor::HandlerNormal
I1013 15:23:48.211498 17065 thread.cpp:96] Thread 524337 construct Actor kTick 1099614388281
I1013 15:23:48.211560 17065 runtime_context.cpp:29] DecreaseCounter constructing_actor_cnt, current val is 272
I1013 15:23:48.211843 17065 naive_actor.cpp:25] actor 1099614388274 switch to &NaiveActor::HandlerNormal
I1013 15:23:48.211889 17065 thread.cpp:96] Thread 524337 construct Actor kTick 1099614388274
I1013 15:23:48.211942 17065 runtime_context.cpp:29] DecreaseCounter constructing_actor_cnt, current val is 271
I1013 15:23:48.212013 17079 naive_actor.cpp:25] actor 2199023255572 switch to &NaiveActor::HandlerNormal
I1013 15:23:48.212051 17079 thread.cpp:96] Thread 1048576 construct Actor kNormalForward 2199023255572
I1013 15:23:48.212105 17079 runtime_context.cpp:29] DecreaseCounter constructing_actor_cnt, current val is 270
I1013 15:23:48.212218 17065 naive_actor.cpp:25] actor 1099614388282 switch to &NaiveActor::HandlerNormal
I1013 15:23:48.212260 17065 thread.cpp:96] Thread 524337 construct Actor kTick 1099614388282
I1013 15:23:48.212314 17065 runtime_context.cpp:29] DecreaseCounter constructing_actor_cnt, current val is 269
I1013 15:23:48.212590 17065 naive_actor.cpp:25] actor 1099614388300 switch to &NaiveActor::HandlerNormal
I1013 15:23:48.212637 17065 thread.cpp:96] Thread 524337 construct Actor kTick 1099614388300
I1013 15:23:48.212682 17079 naive_actor.cpp:25] actor 2199023255560 switch to &NaiveActor::HandlerNormal
I1013 15:23:48.212747 17079 thread.cpp:96] Thread 1048576 construct Actor kNormalForward 2199023255560
I1013 15:23:48.212759 17065 runtime_context.cpp:29] DecreaseCounter constructing_actor_cnt, current val is 268
I1013 15:23:48.212791 17079 runtime_context.cpp:29] DecreaseCounter constructing_actor_cnt, current val is 267
I1013 15:23:48.213008 17079 naive_actor.cpp:25] actor 2199023255553 switch to &NaiveActor::HandlerNormal
I1013 15:23:48.213047 17079 thread.cpp:96] Thread 1048576 construct Actor kNormalForward 2199023255553
I1013 15:23:48.213088 17065 naive_actor.cpp:25] actor 1099614388268 switch to &NaiveActor::HandlerNormal
I1013 15:23:48.213114 17079 runtime_context.cpp:29] DecreaseCounter constructing_actor_cnt, current val is 266
I1013 15:23:48.213119 17065 thread.cpp:96] Thread 524337 construct Actor kSrcSubsetTick 1099614388268
I1013 15:23:48.213203 17065 runtime_context.cpp:29] DecreaseCounter constructing_actor_cnt, current val is 265
I1013 15:23:48.213472 17065 naive_actor.cpp:25] actor 1099614388277 switch to &NaiveActor::HandlerNormal
I1013 15:23:48.213521 17065 thread.cpp:96] Thread 524337 construct Actor kSrcSubsetTick 1099614388277
I1013 15:23:48.213594 17065 runtime_context.cpp:29] DecreaseCounter constructing_actor_cnt, current val is 264
I1013 15:23:48.213683 17079 naive_actor.cpp:25] actor 2199023255574 switch to &NaiveActor::HandlerNormal
I1013 15:23:48.213722 17079 thread.cpp:96] Thread 1048576 construct Actor kNormalForward 2199023255574
I1013 15:23:48.213784 17079 runtime_context.cpp:29] DecreaseCounter constructing_actor_cnt, current val is 263
I1013 15:23:48.213881 17065 naive_actor.cpp:25] actor 1099614388273 switch to &NaiveActor::HandlerNormal
I1013 15:23:48.213922 17065 thread.cpp:96] Thread 524337 construct Actor kTick 1099614388273
I1013 15:23:48.213979 17065 runtime_context.cpp:29] DecreaseCounter constructing_actor_cnt, current val is 262
I1013 15:23:48.214249 17065 naive_actor.cpp:25] actor 1099614388267 switch to &NaiveActor::HandlerNormal
I1013 15:23:48.214291 17065 thread.cpp:96] Thread 524337 construct Actor kDeviceTick 1099614388267
I1013 15:23:48.214355 17079 naive_actor.cpp:25] actor 2199023255589 switch to &NaiveActor::HandlerNormal
I1013 15:23:48.214356 17065 runtime_context.cpp:29] DecreaseCounter constructing_actor_cnt, current val is 261
I1013 15:23:48.214385 17079 thread.cpp:96] Thread 1048576 construct Actor kNormalForward 2199023255589
I1013 15:23:48.214468 17079 runtime_context.cpp:29] DecreaseCounter constructing_actor_cnt, current val is 260
I1013 15:23:48.214671 17065 naive_actor.cpp:25] actor 1099614388279 switch to &NaiveActor::HandlerNormal
I1013 15:23:48.214720 17065 thread.cpp:96] Thread 524337 construct Actor kTick 1099614388279
I1013 15:23:48.214776 17065 runtime_context.cpp:29] DecreaseCounter constructing_actor_cnt, current val is 259
I1013 15:23:48.215049 17079 naive_actor.cpp:25] actor 2199023255587 switch to &NaiveActor::HandlerNormal
I1013 15:23:48.215088 17065 naive_actor.cpp:25] actor 1099614388272 switch to &NaiveActor::HandlerNormal
I1013 15:23:48.215090 17079 thread.cpp:96] Thread 1048576 construct Actor kNormalForward 2199023255587
I1013 15:23:48.215123 17065 thread.cpp:96] Thread 524337 construct Actor kDstSubsetTick 1099614388272
I1013 15:23:48.215174 17079 runtime_context.cpp:29] DecreaseCounter constructing_actor_cnt, current val is 258
I1013 15:23:48.215196 17065 runtime_context.cpp:29] DecreaseCounter constructing_actor_cnt, current val is 257
I1013 15:23:48.215363 17079 naive_actor.cpp:25] actor 2199023255583 switch to &NaiveActor::HandlerNormal
I1013 15:23:48.215400 17079 thread.cpp:96] Thread 1048576 construct Actor kNormalForward 2199023255583
I1013 15:23:48.215440 17079 runtime_context.cpp:29] DecreaseCounter constructing_actor_cnt, current val is 256
I1013 15:23:48.215497 17065 naive_actor.cpp:25] actor 1099614388280 switch to &NaiveActor::HandlerNormal
I1013 15:23:48.215637 17065 thread.cpp:96] Thread 524337 construct Actor kDstSubsetTick 1099614388280
I1013 15:23:48.215639 17079 naive_actor.cpp:25] actor 2199023255586 switch to &NaiveActor::HandlerNormal
I1013 15:23:48.215719 17079 thread.cpp:96] Thread 1048576 construct Actor kNormalForward 2199023255586
I1013 15:23:48.215735 17065 runtime_context.cpp:29] DecreaseCounter constructing_actor_cnt, current val is 255
I1013 15:23:48.215756 17079 runtime_context.cpp:29] DecreaseCounter constructing_actor_cnt, current val is 254
I1013 15:23:48.216006 17065 naive_actor.cpp:25] actor 1099614388307 switch to &NaiveActor::HandlerNormal
I1013 15:23:48.216055 17065 thread.cpp:96] Thread 524337 construct Actor kTick 1099614388307
I1013 15:23:48.216123 17065 runtime_context.cpp:29] DecreaseCounter constructing_actor_cnt, current val is 253
