Log file created at: 2021/10/13 17:46:44
Running on machine: oneflow-14
Log line format: [IWEF]mmdd hh:mm:ss.uuuuuu threadid file:line] msg
I1013 17:46:44.702736 41385 global.h:36] NewGlobal 14cudaDeviceProp
I1013 17:46:44.703614 41385 global.h:36] NewGlobal N7oneflow7EnvDescE
I1013 17:46:44.703630 41385 global.h:36] NewGlobal N7oneflow10ProcessCtxE
I1013 17:46:44.703639 41385 env_global_objects_scope.cpp:152] using rpc backend: local
I1013 17:46:44.703650 41385 global.h:36] NewGlobal N7oneflow12ResourceDescE
I1013 17:46:44.703658 41385 global.h:36] NewGlobal N7oneflow12ResourceDescE
I1013 17:46:44.774786 41385 global.h:36] NewGlobal N7oneflow10ThreadPoolE
I1013 17:46:44.776186 41385 global.h:36] NewGlobal N7oneflow16EagerNcclCommMgrE
I1013 17:46:44.776208 41385 global.h:36] NewGlobal N7oneflow18CudnnConvAlgoCacheE
I1013 17:46:44.776217 41385 global.h:36] NewGlobal N7oneflow2vm19VirtualMachineScopeE
I1013 17:46:44.776228 41385 global.h:36] NewGlobal N7oneflow9OneflowVME
I1013 17:46:44.777181 41385 oneflow_vm.cpp:75] transport stream type: N7oneflow2vm13CpuStreamTypeE
I1013 17:46:44.777200 41385 oneflow_vm.cpp:75] transport stream type: N7oneflow2vm14CudaStreamTypeE
I1013 17:46:44.777209 41385 oneflow_vm.cpp:75] transport stream type: N7oneflow2vm19AsyncCudaStreamTypeE
I1013 17:46:44.777388 41385 global.h:36] NewGlobal N7oneflow27EagerJobBuildAndInferCtxMgrE
I1013 17:46:44.777406 41385 global.h:36] NewGlobal N7oneflow12EpollCommNetE
I1013 17:46:44.777537 41385 epoll_comm_network.cpp:63] CommNet:Epoll listening on 0.0.0.0:42935
I1013 17:46:44.777586 41385 epoll_comm_network.cpp:197] machine 0 sockfd -1
I1013 17:46:44.777716 41385 global.h:36] NewGlobal N7oneflow9TransportE
I1013 17:46:44.779577 41385 global.h:43] DeleteGlobal N7oneflow12ResourceDescE
I1013 17:46:44.779608 41385 version.cpp:22] OneFlow git version: b295ca2324
I1013 17:46:44.779626 41385 device_register_gpu.cpp:56] CUDA runtime version: 11.2
I1013 17:46:44.779649 41385 device_register_gpu.cpp:65] cuDNN version: 8.1.1
I1013 17:46:44.779660 41385 device_register_gpu.cpp:78] NCCL version: 2.9.8
I1013 17:46:44.779670 41385 global.h:36] NewGlobal N7oneflow12ResourceDescE
I1013 17:46:44.779677 41385 global.h:36] NewGlobal N7oneflow5IDMgrE
I1013 17:46:44.779686 41385 global.h:36] NewGlobal N7oneflow16AvailableMemDescE
I1013 17:46:44.779726 41385 global.h:36] NewGlobal St13unordered_mapISslSt4hashISsESt8equal_toISsESaISt4pairIKSslEEE
I1013 17:46:44.779736 41385 global.h:36] NewGlobal N7oneflow19CriticalSectionDescE
I1013 17:46:44.779742 41385 global.h:36] NewGlobal N7oneflow16InterUserJobInfoE
I1013 17:46:44.779752 41385 global.h:36] NewGlobal N7oneflow26LazyJobBuildAndInferCtxMgrE
I1013 17:46:44.779759 41385 global.h:36] NewGlobal N7oneflow16JobSetCompileCtxE
I1013 17:46:44.779767 41385 global.h:36] NewGlobal N7oneflow26RuntimeBufferManagersScopeE
I1013 17:46:44.779774 41385 global.h:36] NewGlobal N7oneflow9BufferMgrIlEE
I1013 17:46:44.779783 41385 global.h:36] NewGlobal N7oneflow9BufferMgrISt10shared_ptrINS_11JobInstanceEEEE
I1013 17:46:44.779789 41385 global.h:36] NewGlobal N7oneflow10RuntimeCtxE
I1013 17:46:44.779798 41385 global.h:36] NewGlobal N7oneflow15MemoryAllocatorE
I1013 17:46:44.779804 41385 global.h:36] NewGlobal N7oneflow8ChunkMgrE
I1013 17:46:44.779811 41385 global.h:36] NewGlobal N7oneflow8RegstMgrE
I1013 17:46:44.779819 41385 global.h:36] NewGlobal N7oneflow11ActorMsgBusE
I1013 17:46:44.779826 41385 global.h:36] NewGlobal N7oneflow9ThreadMgrE
I1013 17:46:44.779834 41385 global.h:36] NewGlobal N7oneflow15RuntimeJobDescsE
I1013 17:46:44.779840 41385 global.h:36] NewGlobal N7oneflow7summary12EventsWriterE
I1013 17:46:44.779850 41385 global.h:36] NewGlobal N7oneflow6boxing10collective24CollectiveBoxingExecutorE
I1013 17:46:44.779858 41385 global.h:36] NewGlobal N7oneflow6boxing10collective31CollectiveBoxingDeviceCtxPollerE
I1013 17:46:44.779996 41385 session.h:77] NewGlobal N7oneflow25SessionGlobalObjectsScopeE
I1013 17:46:44.780864 41385 global.h:36] NewGlobal N7oneflow7JobDescE
I1013 17:46:45.276067 41385 global.h:43] DeleteGlobal N7oneflow7JobDescE
I1013 17:46:45.276307 41385 global.h:36] NewGlobal N7oneflow7JobDescE
I1013 17:46:45.279599 41385 global.h:36] NewGlobal N7oneflow7OpGraphE
I1013 17:46:45.286674 41385 global.h:43] DeleteGlobal N7oneflow7OpGraphE
I1013 17:46:45.666571 41385 global.h:43] DeleteGlobal N7oneflow7JobDescE
I1013 17:46:45.690857 41385 global.h:36] NewGlobal N7oneflow24InterJobReuseMemStrategyE
I1013 17:46:45.690971 41385 global.h:36] NewGlobal N7oneflow7OneflowE
I1013 17:46:45.719219 41385 global.h:36] NewGlobal N7oneflow7JobDescE
I1013 17:46:46.075398 41385 insert_nccl_logical_op_pass.cpp:663]  Try insert nccl logical ops into job: train_job. Begin...
I1013 17:46:46.076956 41385 insert_nccl_logical_op_pass.cpp:432]  insert nccl op: System-NCCL-Logical-S2B-114 from: [IdentityN_5](order=0, nd_sbp=[S(0)])->[ParallelCast_6](order=2, nd_sbp=[B]) and before: [System-Boxing-Identity-93](order=1)
I1013 17:46:46.077061 41385 insert_nccl_logical_op_pass.cpp:432]  insert nccl op: System-NCCL-Logical-S2B-115 from: [IdentityN_5](order=0, nd_sbp=[S(0)])->[ParallelCast_11](order=3, nd_sbp=[B]) and before: [System-Boxing-Identity-93](order=1)
I1013 17:46:46.077232 41385 insert_nccl_logical_op_pass.cpp:432]  insert nccl op: System-NCCL-Logical-S2S-116 from: [Gather_12](order=5, nd_sbp=[S(2)])->[Reshape_14](order=7, nd_sbp=[S(0)]) and before: [Reshape_8](order=6)
I1013 17:46:46.077374 41385 insert_nccl_logical_op_pass.cpp:432]  insert nccl op: System-NCCL-Logical-P2S-117 from: [ReduceSum_9](order=8, nd_sbp=[P])->[AddN_23](order=47, nd_sbp=[S(0)]) and before: [Concat_15](order=9)
I1013 17:46:46.078042 41385 insert_nccl_logical_op_pass.cpp:432]  insert nccl op: System-NCCL-Logical-S2B-118 from: [SigmoidCrossEntropy_24_grad](order=51, nd_sbp=[S(0)])->[ReduceSum_9_grad](order=56, nd_sbp=[B]) and before: [ScalarMul_26](order=52)
I1013 17:46:46.078140 41385 insert_nccl_logical_op_pass.cpp:432]  insert nccl op: System-NCCL-Logical-P2B-119 from: [deep_scores-matmul_grad_b](order=53, nd_sbp=[P])->[System-ModelDiffScale-ScalarMul_66](order=57, nd_sbp=[B]) and before: [deep_scores-matmul_grad_a](order=54)
I1013 17:46:46.078229 41385 insert_nccl_logical_op_pass.cpp:432]  insert nccl op: System-NCCL-Logical-P2B-120 from: [deep_scores-bias_add_grad](order=55, nd_sbp=[P])->[System-ModelDiffScale-ScalarMul_78](order=60, nd_sbp=[B]) and before: [ReduceSum_9_grad](order=56)
I1013 17:46:46.078382 41385 insert_nccl_logical_op_pass.cpp:432]  insert nccl op: System-NCCL-Logical-P2B-121 from: [fc6-matmul_grad_b](order=65, nd_sbp=[P])->[System-ModelDiffScale-ScalarMul_70](order=69, nd_sbp=[B]) and before: [fc6-bias_add_grad](order=66)
I1013 17:46:46.078456 41385 insert_nccl_logical_op_pass.cpp:432]  insert nccl op: System-NCCL-Logical-P2B-122 from: [fc6-bias_add_grad](order=66, nd_sbp=[P])->[System-ModelDiffScale-ScalarMul_69](order=70, nd_sbp=[B]) and before: [fc6-matmul_grad_a](order=67)
I1013 17:46:46.078606 41385 insert_nccl_logical_op_pass.cpp:432]  insert nccl op: System-NCCL-Logical-P2B-123 from: [fc5-matmul_grad_b](order=76, nd_sbp=[P])->[System-ModelDiffScale-ScalarMul_68](order=79, nd_sbp=[B]) and before: [fc5-bias_add_grad](order=77)
I1013 17:46:46.078689 41385 insert_nccl_logical_op_pass.cpp:432]  insert nccl op: System-NCCL-Logical-P2B-124 from: [fc5-bias_add_grad](order=77, nd_sbp=[P])->[System-ModelDiffScale-ScalarMul_71](order=80, nd_sbp=[B]) and before: [fc5-matmul_grad_a](order=78)
I1013 17:46:46.078822 41385 insert_nccl_logical_op_pass.cpp:432]  insert nccl op: System-NCCL-Logical-P2B-125 from: [fc4-matmul_grad_b](order=85, nd_sbp=[P])->[System-ModelDiffScale-ScalarMul_74](order=88, nd_sbp=[B]) and before: [fc4-bias_add_grad](order=86)
I1013 17:46:46.078895 41385 insert_nccl_logical_op_pass.cpp:432]  insert nccl op: System-NCCL-Logical-P2B-126 from: [fc4-bias_add_grad](order=86, nd_sbp=[P])->[System-ModelDiffScale-ScalarMul_79](order=89, nd_sbp=[B]) and before: [fc4-matmul_grad_a](order=87)
I1013 17:46:46.079022 41385 insert_nccl_logical_op_pass.cpp:432]  insert nccl op: System-NCCL-Logical-P2B-127 from: [fc3-matmul_grad_b](order=94, nd_sbp=[P])->[System-ModelDiffScale-ScalarMul_67](order=97, nd_sbp=[B]) and before: [fc3-bias_add_grad](order=95)
I1013 17:46:46.079281 41385 insert_nccl_logical_op_pass.cpp:432]  insert nccl op: System-NCCL-Logical-P2B-128 from: [fc3-bias_add_grad](order=95, nd_sbp=[P])->[System-ModelDiffScale-ScalarMul_82](order=98, nd_sbp=[B]) and before: [fc3-matmul_grad_a](order=96)
I1013 17:46:46.079430 41385 insert_nccl_logical_op_pass.cpp:432]  insert nccl op: System-NCCL-Logical-P2B-129 from: [fc2-matmul_grad_b](order=103, nd_sbp=[P])->[System-ModelDiffScale-ScalarMul_77](order=106, nd_sbp=[B]) and before: [fc2-bias_add_grad](order=104)
I1013 17:46:46.079504 41385 insert_nccl_logical_op_pass.cpp:432]  insert nccl op: System-NCCL-Logical-P2B-130 from: [fc2-bias_add_grad](order=104, nd_sbp=[P])->[System-ModelDiffScale-ScalarMul_73](order=107, nd_sbp=[B]) and before: [fc2-matmul_grad_a](order=105)
I1013 17:46:46.079646 41385 insert_nccl_logical_op_pass.cpp:432]  insert nccl op: System-NCCL-Logical-P2B-131 from: [fc1-matmul_grad_b](order=112, nd_sbp=[P])->[System-ModelDiffScale-ScalarMul_81](order=115, nd_sbp=[B]) and before: [fc1-bias_add_grad](order=113)
I1013 17:46:46.079720 41385 insert_nccl_logical_op_pass.cpp:432]  insert nccl op: System-NCCL-Logical-P2B-132 from: [fc1-bias_add_grad](order=113, nd_sbp=[P])->[System-ModelDiffScale-ScalarMul_65](order=116, nd_sbp=[B]) and before: [fc1-matmul_grad_a](order=114)
I1013 17:46:46.079849 41385 insert_nccl_logical_op_pass.cpp:432]  insert nccl op: System-NCCL-Logical-P2B-133 from: [fc0-matmul_grad_b](order=121, nd_sbp=[P])->[System-ModelDiffScale-ScalarMul_75](order=124, nd_sbp=[B]) and before: [fc0-bias_add_grad](order=122)
I1013 17:46:46.079926 41385 insert_nccl_logical_op_pass.cpp:432]  insert nccl op: System-NCCL-Logical-P2B-134 from: [fc0-bias_add_grad](order=122, nd_sbp=[P])->[System-ModelDiffScale-ScalarMul_72](order=125, nd_sbp=[B]) and before: [fc0-matmul_grad_a](order=123)
I1013 17:46:46.080051 41385 insert_nccl_logical_op_pass.cpp:432]  insert nccl op: System-NCCL-Logical-S2S-135 from: [Reshape_14_grad](order=129, nd_sbp=[S(0)])->[Gather_12_grad](order=130, nd_sbp=[S(2)]) and before: [Gather_12_grad](order=130)
I1013 17:46:46.080111 41385 insert_nccl_logical_op_pass.cpp:699]  Try insert nccl logical ops into job: train_job. ...End

I1013 17:46:46.155607 41385 global.h:36] NewGlobal N7oneflow7OpGraphE
I1013 17:46:46.311203 41385 global.h:43] DeleteGlobal N7oneflow7OpGraphE
I1013 17:46:46.330787 41385 oneflow.cpp:210] 
job_id: 0 , job_name: train_job , compile time: 0.61145 seconds.
I1013 17:46:46.439771 41385 global.h:43] DeleteGlobal N7oneflow7JobDescE
I1013 17:46:46.440210 41385 global.h:36] NewGlobal N7oneflow7JobDescE
I1013 17:46:46.501626 41385 global.h:36] NewGlobal N7oneflow7OpGraphE
I1013 17:46:46.528034 41385 global.h:43] DeleteGlobal N7oneflow7OpGraphE
I1013 17:46:46.533768 41385 oneflow.cpp:210] 
job_id: 1 , job_name: System-ModelInit , compile time: 0.0927995 seconds.
I1013 17:46:46.551420 41385 global.h:43] DeleteGlobal N7oneflow7JobDescE
I1013 17:46:46.551456 41385 global.h:36] NewGlobal N7oneflow7JobDescE
I1013 17:46:46.609724 41385 global.h:36] NewGlobal N7oneflow7OpGraphE
I1013 17:46:46.634887 41385 global.h:43] DeleteGlobal N7oneflow7OpGraphE
I1013 17:46:46.640053 41385 oneflow.cpp:210] 
job_id: 2 , job_name: System-ModelLoad , compile time: 0.0885755 seconds.
I1013 17:46:46.657393 41385 global.h:43] DeleteGlobal N7oneflow7JobDescE
I1013 17:46:46.657428 41385 global.h:36] NewGlobal N7oneflow7JobDescE
I1013 17:46:46.713973 41385 global.h:36] NewGlobal N7oneflow7OpGraphE
I1013 17:46:46.738157 41385 global.h:43] DeleteGlobal N7oneflow7OpGraphE
I1013 17:46:46.743580 41385 oneflow.cpp:210] 
job_id: 3 , job_name: System-ModelSave , compile time: 0.0861302 seconds.
I1013 17:46:46.761420 41385 global.h:43] DeleteGlobal N7oneflow7JobDescE
I1013 17:46:46.761454 41385 global.h:36] NewGlobal N7oneflow7JobDescE
I1013 17:46:46.773591 41385 global.h:36] NewGlobal N7oneflow7OpGraphE
I1013 17:46:46.779012 41385 global.h:43] DeleteGlobal N7oneflow7OpGraphE
I1013 17:46:46.781147 41385 oneflow.cpp:210] 
job_id: 4 , job_name: System-Pull-Return_27 , compile time: 0.01967 seconds.
I1013 17:46:46.786262 41385 global.h:43] DeleteGlobal N7oneflow7JobDescE
I1013 17:46:46.794486 41385 global.h:36] NewGlobal N7oneflow7JobDescE
I1013 17:46:46.794528 41385 global.h:36] NewGlobal N7oneflow7OpGraphE
I1013 17:46:46.800959 41385 global.h:43] DeleteGlobal N7oneflow7OpGraphE
I1013 17:46:46.804807 41385 oneflow.cpp:210] 
job_id: 5 , job_name: MainJob-unamed , compile time: 0.0102907 seconds.
I1013 17:46:46.813315 41385 global.h:43] DeleteGlobal N7oneflow7JobDescE
I1013 17:46:46.819504 41385 plan_util.cpp:928]  Plan: merged_plan needs to allocate [ 723.271 MiB ] device memory in Rank: 0 , Device: 0
I1013 17:46:46.819536 41385 plan_util.cpp:928]  Plan: merged_plan needs to allocate [ 723.27 MiB ] device memory in Rank: 0 , Device: 1
I1013 17:46:46.990936 41385 oneflow.cpp:998]  PushPlan merged_plan time: 0.0168141 seconds.
I1013 17:46:47.039391 41385 oneflow.cpp:1014]  PullPlan merged_plan time: 0.043446 seconds.
I1013 17:46:50.951444 41385 runtime_context.cpp:21] NewCounter constructing_actor_cnt 769
I1013 17:46:50.953076 41972 naive_actor.cpp:25] actor 1099614388239 switch to &NaiveActor::HandlerNormal
I1013 17:46:50.953078 41976 naive_actor.cpp:25] actor 2199023255722 switch to &NaiveActor::HandlerNormal
I1013 17:46:50.953220 41972 thread.cpp:96] Thread 524337 construct Actor kDeviceTick 1099614388239
I1013 17:46:50.953220 41989 naive_actor.cpp:25] actor 2207613190314 switch to &NaiveActor::HandlerNormal
I1013 17:46:50.953258 41976 thread.cpp:96] Thread 1048576 construct Actor kDeviceTick 2199023255722
I1013 17:46:50.953305 41989 thread.cpp:96] Thread 1052672 construct Actor kDeviceTick 2207613190314
I1013 17:46:50.953346 41972 runtime_context.cpp:29] DecreaseCounter constructing_actor_cnt, current val is 768
I1013 17:46:50.953387 41973 wait_and_send_ids_actor.cpp:53] actor 1099616485376 switch to &WaitAndSendIdsActor::HandlerWaitToStart
I1013 17:46:50.953395 41976 runtime_context.cpp:29] DecreaseCounter constructing_actor_cnt, current val is 767
I1013 17:46:50.953459 41973 thread.cpp:96] Thread 524338 construct Actor kWaitAndSendIds 1099616485376
I1013 17:46:50.953496 41989 runtime_context.cpp:29] DecreaseCounter constructing_actor_cnt, current val is 766
I1013 17:46:50.953595 41973 runtime_context.cpp:29] DecreaseCounter constructing_actor_cnt, current val is 765
I1013 17:46:50.953641 41972 naive_actor.cpp:25] actor 1099614388229 switch to &NaiveActor::HandlerNormal
I1013 17:46:50.953670 41972 thread.cpp:96] Thread 524337 construct Actor kDeviceTick 1099614388229
I1013 17:46:50.953732 41972 runtime_context.cpp:29] DecreaseCounter constructing_actor_cnt, current val is 764
I1013 17:46:50.953832 41976 naive_actor.cpp:25] actor 2199023255783 switch to &NaiveActor::HandlerNormal
I1013 17:46:50.953855 41989 naive_actor.cpp:25] actor 2207613190375 switch to &NaiveActor::HandlerNormal
I1013 17:46:50.953886 41976 thread.cpp:96] Thread 1048576 construct Actor kDeviceTick 2199023255783
I1013 17:46:50.953912 41989 thread.cpp:96] Thread 1052672 construct Actor kDeviceTick 2207613190375
I1013 17:46:50.954012 41976 runtime_context.cpp:29] DecreaseCounter constructing_actor_cnt, current val is 763
I1013 17:46:50.954032 41972 naive_actor.cpp:25] actor 1099614388230 switch to &NaiveActor::HandlerNormal
I1013 17:46:50.954057 41989 runtime_context.cpp:29] DecreaseCounter constructing_actor_cnt, current val is 762
I1013 17:46:50.954082 41972 thread.cpp:96] Thread 524337 construct Actor kDeviceTick 1099614388230
I1013 17:46:50.954164 41972 runtime_context.cpp:29] DecreaseCounter constructing_actor_cnt, current val is 761
I1013 17:46:50.954249 41976 naive_actor.cpp:25] actor 2199023255822 switch to &NaiveActor::HandlerNormal
I1013 17:46:50.954296 41976 thread.cpp:96] Thread 1048576 construct Actor kDeviceTick 2199023255822
I1013 17:46:50.954349 41976 runtime_context.cpp:29] DecreaseCounter constructing_actor_cnt, current val is 760
I1013 17:46:50.954366 41989 naive_actor.cpp:25] actor 2207613190414 switch to &NaiveActor::HandlerNormal
I1013 17:46:50.954385 41972 naive_actor.cpp:25] actor 1099614388228 switch to &NaiveActor::HandlerNormal
I1013 17:46:50.954430 41989 thread.cpp:96] Thread 1052672 construct Actor kDeviceTick 2207613190414
I1013 17:46:50.954610 41972 thread.cpp:96] Thread 524337 construct Actor kDeviceTick 1099614388228
I1013 17:46:50.954629 41976 naive_actor.cpp:25] actor 2199023255861 switch to &NaiveActor::HandlerNormal
I1013 17:46:50.954708 41989 runtime_context.cpp:29] DecreaseCounter constructing_actor_cnt, current val is 759
I1013 17:46:50.954743 41976 thread.cpp:96] Thread 1048576 construct Actor kDeviceTick 2199023255861
I1013 17:46:50.954751 41972 runtime_context.cpp:29] DecreaseCounter constructing_actor_cnt, current val is 758
I1013 17:46:50.954860 41976 runtime_context.cpp:29] DecreaseCounter constructing_actor_cnt, current val is 757
I1013 17:46:50.955072 41989 naive_actor.cpp:25] actor 2207613190453 switch to &NaiveActor::HandlerNormal
I1013 17:46:50.955130 41989 thread.cpp:96] Thread 1052672 construct Actor kDeviceTick 2207613190453
I1013 17:46:50.955194 41989 runtime_context.cpp:29] DecreaseCounter constructing_actor_cnt, current val is 756
I1013 17:46:50.955253 41972 naive_actor.cpp:25] actor 1099614388238 switch to &NaiveActor::HandlerNormal
I1013 17:46:50.955291 41972 thread.cpp:96] Thread 524337 construct Actor kDeviceTick 1099614388238
I1013 17:46:50.955344 41972 runtime_context.cpp:29] DecreaseCounter constructing_actor_cnt, current val is 755
I1013 17:46:50.955618 41972 naive_actor.cpp:25] actor 1099614388249 switch to &NaiveActor::HandlerNormal
I1013 17:46:50.955680 41972 thread.cpp:96] Thread 524337 construct Actor kDeviceTick 1099614388249
I1013 17:46:50.955760 41972 runtime_context.cpp:29] DecreaseCounter constructing_actor_cnt, current val is 754
I1013 17:46:50.956043 41972 naive_actor.cpp:25] actor 1099614388258 switch to &NaiveActor::HandlerNormal
I1013 17:46:50.956117 41972 thread.cpp:96] Thread 524337 construct Actor kDeviceTick 1099614388258
I1013 17:46:50.956179 41972 runtime_context.cpp:29] DecreaseCounter constructing_actor_cnt, current val is 753
I1013 17:46:50.956424 41972 naive_actor.cpp:25] actor 1099614388267 switch to &NaiveActor::HandlerNormal
I1013 17:46:50.956480 41972 thread.cpp:96] Thread 524337 construct Actor kDeviceTick 1099614388267
I1013 17:46:50.956544 41972 runtime_context.cpp:29] DecreaseCounter constructing_actor_cnt, current val is 752
I1013 17:46:50.956811 41972 naive_actor.cpp:25] actor 1099614388285 switch to &NaiveActor::HandlerNormal
I1013 17:46:50.956867 41972 thread.cpp:96] Thread 524337 construct Actor kDeviceTick 1099614388285
I1013 17:46:50.956919 41972 runtime_context.cpp:29] DecreaseCounter constructing_actor_cnt, current val is 751
I1013 17:46:50.957258 41972 naive_actor.cpp:25] actor 1099614388287 switch to &NaiveActor::HandlerNormal
I1013 17:46:50.957290 41972 thread.cpp:96] Thread 524337 construct Actor kDeviceTick 1099614388287
I1013 17:46:50.957338 41972 runtime_context.cpp:29] DecreaseCounter constructing_actor_cnt, current val is 750
I1013 17:46:50.957604 41972 naive_actor.cpp:25] actor 1099614388284 switch to &NaiveActor::HandlerNormal
I1013 17:46:50.957636 41972 thread.cpp:96] Thread 524337 construct Actor kDeviceTick 1099614388284
I1013 17:46:50.957686 41972 runtime_context.cpp:29] DecreaseCounter constructing_actor_cnt, current val is 749
I1013 17:46:50.957926 41972 naive_actor.cpp:25] actor 1099614388276 switch to &NaiveActor::HandlerNormal
I1013 17:46:50.957959 41972 thread.cpp:96] Thread 524337 construct Actor kDeviceTick 1099614388276
I1013 17:46:50.958009 41972 runtime_context.cpp:29] DecreaseCounter constructing_actor_cnt, current val is 748
I1013 17:46:50.979315 41964 naive_actor.cpp:25] actor 1099555667968 switch to &NaiveActor::HandlerNormal
I1013 17:46:50.979460 41964 thread.cpp:96] Thread 524309 construct Actor kNormalForward 1099555667968
I1013 17:46:50.979494 41970 naive_actor.cpp:25] actor 1099568250880 switch to &NaiveActor::HandlerNormal
I1013 17:46:50.979548 41967 naive_actor.cpp:25] actor 1099561959424 switch to &NaiveActor::HandlerNormal
I1013 17:46:50.979559 41966 naive_actor.cpp:25] actor 1099559862272 switch to &NaiveActor::HandlerNormal
I1013 17:46:50.979820 41968 naive_actor.cpp:25] actor 1099564056576 switch to &NaiveActor::HandlerNormal
I1013 17:46:50.979672 41964 runtime_context.cpp:29] DecreaseCounter constructing_actor_cnt, current val is 747
I1013 17:46:50.980016 41980 naive_actor.cpp:25] actor 2199027449856 switch to &NaiveActor::HandlerNormal
I1013 17:46:50.979641 41970 thread.cpp:96] Thread 524315 construct Actor kNormalForward 1099568250880
I1013 17:46:50.979874 41966 thread.cpp:96] Thread 524311 construct Actor kForeignInput 1099559862272
I1013 17:46:50.980218 41954 naive_actor.cpp:25] actor 1099534696448 switch to &NaiveActor::HandlerNormal
I1013 17:46:50.979863 41969 naive_actor.cpp:25] actor 1099566153728 switch to &NaiveActor::HandlerNormal
I1013 17:46:50.980350 41945 naive_actor.cpp:25] actor 1099515822080 switch to &NaiveActor::HandlerNormal
I1013 17:46:50.980435 41945 thread.cpp:96] Thread 524290 construct Actor kNormalForward 1099515822080
I1013 17:46:50.979935 41961 naive_actor.cpp:25] actor 1099549376512 switch to &NaiveActor::HandlerNormal
I1013 17:46:50.979712 41967 thread.cpp:96] Thread 524312 construct Actor kNormalForward 1099561959424
I1013 17:46:50.980613 41947 naive_actor.cpp:25] actor 1099520016384 switch to &NaiveActor::HandlerNormal
I1013 17:46:50.980124 41980 thread.cpp:96] Thread 1048578 construct Actor kCopyHd 2199027449856
I1013 17:46:50.980175 41958 naive_actor.cpp:25] actor 1099543085056 switch to &NaiveActor::HandlerNormal
I1013 17:46:50.980895 41952 naive_actor.cpp:25] actor 1099530502144 switch to &NaiveActor::HandlerNormal
I1013 17:46:50.980196 41963 naive_actor.cpp:25] actor 1099553570816 switch to &NaiveActor::HandlerNormal
I1013 17:46:50.980224 41970 runtime_context.cpp:29] DecreaseCounter constructing_actor_cnt, current val is 746
I1013 17:46:50.981017 41963 thread.cpp:96] Thread 524308 construct Actor kForeignInput 1099553570816
I1013 17:46:50.981120 41949 naive_actor.cpp:25] actor 1099524210688 switch to &NaiveActor::HandlerNormal
I1013 17:46:50.981177 41963 runtime_context.cpp:29] DecreaseCounter constructing_actor_cnt, current val is 741
I1013 17:46:50.980304 41974 sink_actor.cpp:21] actor 1099618582528 switch to &SinkActor::HandlerNormal
I1013 17:46:50.980300 41950 naive_actor.cpp:25] actor 1099526307840 switch to &NaiveActor::HandlerNormal
I1013 17:46:50.981444 41950 thread.cpp:96] Thread 524295 construct Actor kNormalForward 1099526307840
I1013 17:46:50.980310 41953 naive_actor.cpp:25] actor 1099532599296 switch to &NaiveActor::HandlerNormal
I1013 17:46:50.981549 41950 runtime_context.cpp:29] DecreaseCounter constructing_actor_cnt, current val is 740
I1013 17:46:50.980301 41965 naive_actor.cpp:25] actor 1099557765120 switch to &NaiveActor::HandlerNormal
I1013 17:46:50.981731 41965 thread.cpp:96] Thread 524310 construct Actor kNormalForward 1099557765120
I1013 17:46:50.979909 41968 thread.cpp:96] Thread 524313 construct Actor kNormalForward 1099564056576
I1013 17:46:50.981843 41965 runtime_context.cpp:29] DecreaseCounter constructing_actor_cnt, current val is 739
I1013 17:46:50.980376 41969 thread.cpp:96] Thread 524314 construct Actor kNormalForward 1099566153728
I1013 17:46:50.980388 41978 naive_actor.cpp:25] actor 2199025352705 switch to &NaiveActor::HandlerNormal
I1013 17:46:50.981987 41969 runtime_context.cpp:29] DecreaseCounter constructing_actor_cnt, current val is 737
I1013 17:46:50.979918 41991 naive_actor.cpp:25] actor 2207615287299 switch to &NaiveActor::HandlerNormal
I1013 17:46:50.982082 41991 thread.cpp:96] Thread 1052673 construct Actor kCopyHd 2207615287299
I1013 17:46:50.980613 41948 naive_actor.cpp:25] actor 1099522113536 switch to &NaiveActor::HandlerNormal
I1013 17:46:50.982194 41948 thread.cpp:96] Thread 524293 construct Actor kNormalForward 1099522113536
I1013 17:46:50.980641 41959 naive_actor.cpp:25] actor 1099545182208 switch to &NaiveActor::HandlerNormal
I1013 17:46:50.982272 41959 thread.cpp:96] Thread 524304 construct Actor kNormalForward 1099545182208
I1013 17:46:50.980697 41947 thread.cpp:96] Thread 524292 construct Actor kNormalForward 1099520016384
I1013 17:46:50.980712 41967 runtime_context.cpp:29] DecreaseCounter constructing_actor_cnt, current val is 743
I1013 17:46:50.982537 41947 runtime_context.cpp:29] DecreaseCounter constructing_actor_cnt, current val is 733
I1013 17:46:50.980845 41976 naive_actor.cpp:25] actor 2199023255560 switch to &NaiveActor::HandlerNormal
I1013 17:46:50.980871 41980 runtime_context.cpp:29] DecreaseCounter constructing_actor_cnt, current val is 742
I1013 17:46:50.980895 41957 naive_actor.cpp:25] actor 1099540987904 switch to &NaiveActor::HandlerNormal
I1013 17:46:50.980926 41958 thread.cpp:96] Thread 524303 construct Actor kNormalForward 1099543085056
I1013 17:46:50.980981 41952 thread.cpp:96] Thread 524297 construct Actor kNormalForward 1099530502144
I1013 17:46:50.979859 41962 naive_actor.cpp:25] actor 1099551473664 switch to &NaiveActor::HandlerNormal
I1013 17:46:50.983074 41952 runtime_context.cpp:29] DecreaseCounter constructing_actor_cnt, current val is 731
I1013 17:46:50.980235 41971 naive_actor.cpp:25] actor 1099570348032 switch to &NaiveActor::HandlerNormal
I1013 17:46:50.983186 41971 thread.cpp:96] Thread 524316 construct Actor kForeignOutput 1099570348032
I1013 17:46:50.980295 41954 thread.cpp:96] Thread 524299 construct Actor kNormalForward 1099534696448
I1013 17:46:50.981338 41989 naive_actor.cpp:25] actor 2207613190147 switch to &NaiveActor::HandlerNormal
I1013 17:46:50.983426 41954 runtime_context.cpp:29] DecreaseCounter constructing_actor_cnt, current val is 729
I1013 17:46:50.980315 41951 naive_actor.cpp:25] actor 1099528404992 switch to &NaiveActor::HandlerNormal
I1013 17:46:50.983610 41951 thread.cpp:96] Thread 524296 construct Actor kNormalForward 1099528404992
I1013 17:46:50.980312 41966 runtime_context.cpp:29] DecreaseCounter constructing_actor_cnt, current val is 745
I1013 17:46:50.980324 41960 naive_actor.cpp:25] actor 1099547279360 switch to &NaiveActor::HandlerNormal
I1013 17:46:50.983875 41960 thread.cpp:96] Thread 524305 construct Actor kForeignInput 1099547279360
I1013 17:46:50.980396 41972 naive_actor.cpp:25] actor 1099614388225 switch to &NaiveActor::HandlerNormal
I1013 17:46:50.984040 41972 thread.cpp:96] Thread 524337 construct Actor kDeviceTick 1099614388225
I1013 17:46:50.984103 41972 runtime_context.cpp:29] DecreaseCounter constructing_actor_cnt, current val is 726
I1013 17:46:50.982167 41991 runtime_context.cpp:29] DecreaseCounter constructing_actor_cnt, current val is 736
I1013 17:46:50.980048 41955 naive_actor.cpp:25] actor 1099536793600 switch to &NaiveActor::HandlerNormal
I1013 17:46:50.984287 41955 thread.cpp:96] Thread 524300 construct Actor kNormalForward 1099536793600
I1013 17:46:50.980644 41945 runtime_context.cpp:29] DecreaseCounter constructing_actor_cnt, current val is 744
I1013 17:46:50.984433 41991 naive_actor.cpp:25] actor 2207615287297 switch to &NaiveActor::HandlerNormal
I1013 17:46:50.980788 41946 naive_actor.cpp:25] actor 1099517919232 switch to &NaiveActor::HandlerNormal
I1013 17:46:50.982700 41976 thread.cpp:96] Thread 1048576 construct Actor kNormalForward 2199023255560
I1013 17:46:50.982899 41957 thread.cpp:96] Thread 524302 construct Actor kNormalForward 1099540987904
I1013 17:46:50.982995 41958 runtime_context.cpp:29] DecreaseCounter constructing_actor_cnt, current val is 732
I1013 17:46:50.983094 41962 thread.cpp:96] Thread 524307 construct Actor kNormalForward 1099551473664
I1013 17:46:50.980242 41956 naive_actor.cpp:25] actor 1099538890752 switch to &NaiveActor::HandlerNormal
I1013 17:46:50.985081 41956 thread.cpp:96] Thread 524301 construct Actor kNormalForward 1099538890752
I1013 17:46:50.983281 41971 runtime_context.cpp:29] DecreaseCounter constructing_actor_cnt, current val is 730
I1013 17:46:50.985177 41956 runtime_context.cpp:29] DecreaseCounter constructing_actor_cnt, current val is 721
I1013 17:46:50.983428 41989 thread.cpp:96] Thread 1052672 construct Actor kNormalForward 2207613190147
I1013 17:46:50.981385 41974 thread.cpp:96] Thread 524339 construct Actor kCallbackNotify 1099618582528
I1013 17:46:50.981556 41953 thread.cpp:96] Thread 524298 construct Actor kNormalForward 1099532599296
I1013 17:46:50.983706 41951 runtime_context.cpp:29] DecreaseCounter constructing_actor_cnt, current val is 728
I1013 17:46:50.981889 41968 runtime_context.cpp:29] DecreaseCounter constructing_actor_cnt, current val is 738
I1013 17:46:50.984005 41960 runtime_context.cpp:29] DecreaseCounter constructing_actor_cnt, current val is 727
I1013 17:46:50.981992 41978 thread.cpp:96] Thread 1048577 construct Actor kCopyHd 2199025352705
I1013 17:46:50.980592 41961 thread.cpp:96] Thread 524306 construct Actor kNormalForward 1099549376512
I1013 17:46:50.982277 41948 runtime_context.cpp:29] DecreaseCounter constructing_actor_cnt, current val is 735
I1013 17:46:50.984370 41955 runtime_context.cpp:29] DecreaseCounter constructing_actor_cnt, current val is 725
I1013 17:46:50.982360 41959 runtime_context.cpp:29] DecreaseCounter constructing_actor_cnt, current val is 734
I1013 17:46:50.984511 41991 thread.cpp:96] Thread 1052673 construct Actor kCopyHd 2207615287297
I1013 17:46:50.984627 41946 thread.cpp:96] Thread 524291 construct Actor kNormalForward 1099517919232
I1013 17:46:50.984735 41972 naive_actor.cpp:25] actor 1099614388237 switch to &NaiveActor::HandlerNormal
I1013 17:46:50.984763 41976 runtime_context.cpp:29] DecreaseCounter constructing_actor_cnt, current val is 724
I1013 17:46:50.984910 41957 runtime_context.cpp:29] DecreaseCounter constructing_actor_cnt, current val is 723
I1013 17:46:50.985055 41962 runtime_context.cpp:29] DecreaseCounter constructing_actor_cnt, current val is 722
I1013 17:46:50.981192 41949 thread.cpp:96] Thread 524294 construct Actor kNormalForward 1099524210688
I1013 17:46:50.985354 41989 runtime_context.cpp:29] DecreaseCounter constructing_actor_cnt, current val is 720
I1013 17:46:50.985385 41974 runtime_context.cpp:29] DecreaseCounter constructing_actor_cnt, current val is 719
I1013 17:46:50.985512 41953 runtime_context.cpp:29] DecreaseCounter constructing_actor_cnt, current val is 718
I1013 17:46:50.985924 41978 runtime_context.cpp:29] DecreaseCounter constructing_actor_cnt, current val is 717
I1013 17:46:50.986065 41961 runtime_context.cpp:29] DecreaseCounter constructing_actor_cnt, current val is 716
I1013 17:46:50.986349 41991 runtime_context.cpp:29] DecreaseCounter constructing_actor_cnt, current val is 715
I1013 17:46:50.986502 41972 thread.cpp:96] Thread 524337 construct Actor kTick 1099614388237
I1013 17:46:50.986517 41946 runtime_context.cpp:29] DecreaseCounter constructing_actor_cnt, current val is 714
I1013 17:46:50.986819 41949 runtime_context.cpp:29] DecreaseCounter constructing_actor_cnt, current val is 713
I1013 17:46:50.987282 41978 naive_actor.cpp:25] actor 2199025352707 switch to &NaiveActor::HandlerNormal
I1013 17:46:50.987383 41972 runtime_context.cpp:29] DecreaseCounter constructing_actor_cnt, current val is 712
I1013 17:46:50.987390 41991 naive_actor.cpp:25] actor 2207615287298 switch to &NaiveActor::HandlerNormal
I1013 17:46:50.987607 41978 thread.cpp:96] Thread 1048577 construct Actor kCopyHd 2199025352707
I1013 17:46:50.987699 41991 thread.cpp:96] Thread 1052673 construct Actor kCopyHd 2207615287298
I1013 17:46:50.987790 41976 naive_actor.cpp:25] actor 2199023255558 switch to &NaiveActor::HandlerNormal
I1013 17:46:50.987799 41978 runtime_context.cpp:29] DecreaseCounter constructing_actor_cnt, current val is 711
I1013 17:46:50.987823 41991 runtime_context.cpp:29] DecreaseCounter constructing_actor_cnt, current val is 710
I1013 17:46:50.987845 41976 thread.cpp:96] Thread 1048576 construct Actor kNormalForward 2199023255558
I1013 17:46:50.988036 41976 runtime_context.cpp:29] DecreaseCounter constructing_actor_cnt, current val is 709
I1013 17:46:50.988047 41978 naive_actor.cpp:25] actor 2199025352706 switch to &NaiveActor::HandlerNormal
I1013 17:46:50.988054 41991 naive_actor.cpp:25] actor 2207615287296 switch to &NaiveActor::HandlerNormal
I1013 17:46:50.988142 41978 thread.cpp:96] Thread 1048577 construct Actor kCopyHd 2199025352706
I1013 17:46:50.988178 41991 thread.cpp:96] Thread 1052673 construct Actor kCopyHd 2207615287296
I1013 17:46:50.988255 41978 runtime_context.cpp:29] DecreaseCounter constructing_actor_cnt, current val is 708
I1013 17:46:50.988283 41972 naive_actor.cpp:25] actor 1099614388233 switch to &NaiveActor::HandlerNormal
I1013 17:46:50.988286 41989 naive_actor.cpp:25] actor 2207613190145 switch to &NaiveActor::HandlerNormal
I1013 17:46:50.988392 41991 runtime_context.cpp:29] DecreaseCounter constructing_actor_cnt, current val is 707
I1013 17:46:50.988445 41972 thread.cpp:96] Thread 524337 construct Actor kDstSubsetTick 1099614388233
I1013 17:46:50.988497 41989 thread.cpp:96] Thread 1052672 construct Actor kNormalForward 2207613190145
I1013 17:46:50.988551 41978 naive_actor.cpp:25] actor 2199025352704 switch to &NaiveActor::HandlerNormal
I1013 17:46:50.988641 41972 runtime_context.cpp:29] DecreaseCounter constructing_actor_cnt, current val is 706
I1013 17:46:50.988642 41978 thread.cpp:96] Thread 1048577 construct Actor kCopyHd 2199025352704
I1013 17:46:50.988663 41989 runtime_context.cpp:29] DecreaseCounter constructing_actor_cnt, current val is 705
I1013 17:46:50.988744 41978 runtime_context.cpp:29] DecreaseCounter constructing_actor_cnt, current val is 704
I1013 17:46:50.988867 41991 naive_actor.cpp:25] actor 2207615287300 switch to &NaiveActor::HandlerNormal
I1013 17:46:50.988916 41991 thread.cpp:96] Thread 1052673 construct Actor kCopyHd 2207615287300
I1013 17:46:50.988970 41991 runtime_context.cpp:29] DecreaseCounter constructing_actor_cnt, current val is 703
I1013 17:46:50.989109 41972 naive_actor.cpp:25] actor 1099614388244 switch to &NaiveActor::HandlerNormal
I1013 17:46:50.989131 41991 naive_actor.cpp:25] actor 2207615287301 switch to &NaiveActor::HandlerNormal
I1013 17:46:50.989205 41989 naive_actor.cpp:25] actor 2207613190162 switch to &NaiveActor::HandlerNormal
I1013 17:46:50.989178 41972 thread.cpp:96] Thread 524337 construct Actor kTick 1099614388244
I1013 17:46:50.989218 41991 thread.cpp:96] Thread 1052673 construct Actor kCopyHd 2207615287301
I1013 17:46:50.989214 41978 naive_actor.cpp:25] actor 2199025352708 switch to &NaiveActor::HandlerNormal
I1013 17:46:50.989267 41989 thread.cpp:96] Thread 1052672 construct Actor kNormalForward 2207613190162
I1013 17:46:50.989349 41991 runtime_context.cpp:29] DecreaseCounter constructing_actor_cnt, current val is 702
I1013 17:46:50.989353 41972 runtime_context.cpp:29] DecreaseCounter constructing_actor_cnt, current val is 701
I1013 17:46:50.989383 41978 thread.cpp:96] Thread 1048577 construct Actor kSliceBoxing 2199025352708
I1013 17:46:50.989488 41976 naive_actor.cpp:25] actor 2199023255566 switch to &NaiveActor::HandlerNormal
I1013 17:46:50.989485 41989 runtime_context.cpp:29] DecreaseCounter constructing_actor_cnt, current val is 700
I1013 17:46:50.989542 41978 runtime_context.cpp:29] DecreaseCounter constructing_actor_cnt, current val is 699
I1013 17:46:50.989579 41976 thread.cpp:96] Thread 1048576 construct Actor kNormalForward 2199023255566
I1013 17:46:50.989593 41991 naive_actor.cpp:25] actor 2207615287302 switch to &NaiveActor::HandlerNormal
I1013 17:46:50.989753 41991 thread.cpp:96] Thread 1052673 construct Actor kCopyHd 2207615287302
I1013 17:46:50.989789 41978 naive_actor.cpp:25] actor 2199025352709 switch to &NaiveActor::HandlerNormal
I1013 17:46:50.989823 41976 runtime_context.cpp:29] DecreaseCounter constructing_actor_cnt, current val is 697
I1013 17:46:50.989826 41972 naive_actor.cpp:25] actor 1099614388245 switch to &NaiveActor::HandlerNormal
I1013 17:46:50.989809 41991 runtime_context.cpp:29] DecreaseCounter constructing_actor_cnt, current val is 698
I1013 17:46:50.989845 41978 thread.cpp:96] Thread 1048577 construct Actor kCopyHd 2199025352709
I1013 17:46:50.989913 41972 thread.cpp:96] Thread 524337 construct Actor kTick 1099614388245
I1013 17:46:50.990002 41978 runtime_context.cpp:29] DecreaseCounter constructing_actor_cnt, current val is 696
I1013 17:46:50.990033 41972 runtime_context.cpp:29] DecreaseCounter constructing_actor_cnt, current val is 695
I1013 17:46:50.990011 41989 naive_actor.cpp:25] actor 2207613190151 switch to &NaiveActor::HandlerNormal
I1013 17:46:50.990154 41978 naive_actor.cpp:25] actor 2199025352710 switch to &NaiveActor::HandlerNormal
I1013 17:46:50.990181 41989 thread.cpp:96] Thread 1052672 construct Actor kNormalForward 2207613190151
I1013 17:46:50.990216 41978 thread.cpp:96] Thread 1048577 construct Actor kCopyHd 2199025352710
I1013 17:46:50.990299 41972 naive_actor.cpp:25] actor 1099614388242 switch to &NaiveActor::HandlerNormal
I1013 17:46:50.990326 41978 runtime_context.cpp:29] DecreaseCounter constructing_actor_cnt, current val is 693
I1013 17:46:50.990322 41989 runtime_context.cpp:29] DecreaseCounter constructing_actor_cnt, current val is 694
I1013 17:46:50.990339 41972 thread.cpp:96] Thread 524337 construct Actor kTick 1099614388242
I1013 17:46:50.990449 41972 runtime_context.cpp:29] DecreaseCounter constructing_actor_cnt, current val is 692
I1013 17:46:50.990528 41978 naive_actor.cpp:25] actor 2199025352711 switch to &NaiveActor::HandlerNormal
I1013 17:46:50.990588 41978 thread.cpp:96] Thread 1048577 construct Actor kCopyHd 2199025352711
I1013 17:46:50.990646 41978 runtime_context.cpp:29] DecreaseCounter constructing_actor_cnt, current val is 691
I1013 17:46:50.990757 41972 naive_actor.cpp:25] actor 1099614388235 switch to &NaiveActor::HandlerNormal
I1013 17:46:50.990793 41972 thread.cpp:96] Thread 524337 construct Actor kTick 1099614388235
I1013 17:46:50.990849 41972 runtime_context.cpp:29] DecreaseCounter constructing_actor_cnt, current val is 690
I1013 17:46:50.991114 41972 naive_actor.cpp:25] actor 1099614388224 switch to &NaiveActor::HandlerNormal
I1013 17:46:50.991156 41972 thread.cpp:96] Thread 524337 construct Actor kDeviceTick 1099614388224
I1013 17:46:50.991211 41972 runtime_context.cpp:29] DecreaseCounter constructing_actor_cnt, current val is 689
I1013 17:46:50.991300 41976 naive_actor.cpp:25] actor 2199023255590 switch to &NaiveActor::HandlerNormal
I1013 17:46:50.991361 41976 thread.cpp:96] Thread 1048576 construct Actor kNormalForward 2199023255590
I1013 17:46:50.991465 41976 runtime_context.cpp:29] DecreaseCounter constructing_actor_cnt, current val is 688
I1013 17:46:50.991497 41972 naive_actor.cpp:25] actor 1099614388226 switch to &NaiveActor::HandlerNormal
I1013 17:46:50.991539 41972 thread.cpp:96] Thread 524337 construct Actor kDeviceTick 1099614388226
I1013 17:46:50.991588 41972 runtime_context.cpp:29] DecreaseCounter constructing_actor_cnt, current val is 687
I1013 17:46:50.991681 41989 naive_actor.cpp:25] actor 2207613190226 switch to &NaiveActor::HandlerNormal
I1013 17:46:50.991744 41989 thread.cpp:96] Thread 1052672 construct Actor kNormalForward 2207613190226
I1013 17:46:50.991844 41989 runtime_context.cpp:29] DecreaseCounter constructing_actor_cnt, current val is 686
I1013 17:46:50.991854 41972 naive_actor.cpp:25] actor 1099614388227 switch to &NaiveActor::HandlerNormal
I1013 17:46:50.991916 41972 thread.cpp:96] Thread 524337 construct Actor kSrcSubsetTick 1099614388227
I1013 17:46:50.991951 41972 runtime_context.cpp:29] DecreaseCounter constructing_actor_cnt, current val is 685
I1013 17:46:50.992046 41976 naive_actor.cpp:25] actor 2199023255614 switch to &NaiveActor::HandlerNormal
I1013 17:46:50.992110 41976 thread.cpp:96] Thread 1048576 construct Actor kNormalForward 2199023255614
I1013 17:46:50.992193 41976 runtime_context.cpp:29] DecreaseCounter constructing_actor_cnt, current val is 684
I1013 17:46:50.992302 41972 naive_actor.cpp:25] actor 1099614388236 switch to &NaiveActor::HandlerNormal
I1013 17:46:50.992349 41972 thread.cpp:96] Thread 524337 construct Actor kTick 1099614388236
I1013 17:46:50.992413 41972 runtime_context.cpp:29] DecreaseCounter constructing_actor_cnt, current val is 683
I1013 17:46:50.992640 41976 naive_actor.cpp:25] actor 2199023255563 switch to &NaiveActor::HandlerNormal
I1013 17:46:50.992697 41972 naive_actor.cpp:25] actor 1099614388240 switch to &NaiveActor::HandlerNormal
I1013 17:46:50.992697 41976 thread.cpp:96] Thread 1048576 construct Actor kNormalForward 2199023255563
I1013 17:46:50.992735 41972 thread.cpp:96] Thread 524337 construct Actor kSrcSubsetTick 1099614388240
I1013 17:46:50.992817 41976 runtime_context.cpp:29] DecreaseCounter constructing_actor_cnt, current val is 682
I1013 17:46:50.992887 41972 runtime_context.cpp:29] DecreaseCounter constructing_actor_cnt, current val is 681
I1013 17:46:50.993120 41972 naive_actor.cpp:25] actor 1099614388234 switch to &NaiveActor::HandlerNormal
I1013 17:46:50.993157 41972 thread.cpp:96] Thread 524337 construct Actor kTick 1099614388234
I1013 17:46:50.993211 41972 runtime_context.cpp:29] DecreaseCounter constructing_actor_cnt, current val is 680
I1013 17:46:50.993517 41972 naive_actor.cpp:25] actor 1099614388243 switch to &NaiveActor::HandlerNormal
I1013 17:46:50.993553 41972 thread.cpp:96] Thread 524337 construct Actor kDstSubsetTick 1099614388243
I1013 17:46:50.993602 41972 runtime_context.cpp:29] DecreaseCounter constructing_actor_cnt, current val is 679
I1013 17:46:50.993870 41972 naive_actor.cpp:25] actor 1099614388302 switch to &NaiveActor::HandlerNormal
I1013 17:46:50.993904 41972 thread.cpp:96] Thread 524337 construct Actor kTick 1099614388302
I1013 17:46:50.993947 41972 runtime_context.cpp:29] DecreaseCounter constructing_actor_cnt, current val is 678
I1013 17:46:50.994057 41989 naive_actor.cpp:25] actor 2207613190160 switch to &NaiveActor::HandlerNormal
I1013 17:46:50.994122 41989 thread.cpp:96] Thread 1052672 construct Actor kNormalForward 2207613190160
I1013 17:46:50.994160 41972 naive_actor.cpp:25] actor 1099614388232 switch to &NaiveActor::HandlerNormal
I1013 17:46:50.994195 41972 thread.cpp:96] Thread 524337 construct Actor kTick 1099614388232
I1013 17:46:50.994218 41989 runtime_context.cpp:29] DecreaseCounter constructing_actor_cnt, current val is 677
I1013 17:46:50.994238 41972 runtime_context.cpp:29] DecreaseCounter constructing_actor_cnt, current val is 676
I1013 17:46:50.994755 41972 esac_actor.cpp:73] actor 1099614388324 switch to &EsacActor::HandlerNormal
I1013 17:46:50.994801 41972 thread.cpp:96] Thread 524337 construct Actor kEsac 1099614388324
I1013 17:46:50.994833 41976 naive_actor.cpp:25] actor 2199023255568 switch to &NaiveActor::HandlerNormal
I1013 17:46:50.994861 41972 runtime_context.cpp:29] DecreaseCounter constructing_actor_cnt, current val is 675
I1013 17:46:50.994890 41976 thread.cpp:96] Thread 1048576 construct Actor kNormalForward 2199023255568
I1013 17:46:50.994992 41976 runtime_context.cpp:29] DecreaseCounter constructing_actor_cnt, current val is 674
I1013 17:46:50.995157 41972 naive_actor.cpp:25] actor 1099614388246 switch to &NaiveActor::HandlerNormal
I1013 17:46:50.995193 41972 thread.cpp:96] Thread 524337 construct Actor kTick 1099614388246
I1013 17:46:50.995234 41972 runtime_context.cpp:29] DecreaseCounter constructing_actor_cnt, current val is 673
I1013 17:46:50.995458 41972 naive_actor.cpp:25] actor 1099614388247 switch to &NaiveActor::HandlerNormal
I1013 17:46:50.995491 41972 thread.cpp:96] Thread 524337 construct Actor kDeviceTick 1099614388247
I1013 17:46:50.995532 41972 runtime_context.cpp:29] DecreaseCounter constructing_actor_cnt, current val is 672
I1013 17:46:50.995611 41989 naive_actor.cpp:25] actor 2207613190250 switch to &NaiveActor::HandlerNormal
I1013 17:46:50.995683 41989 thread.cpp:96] Thread 1052672 construct Actor kNormalForward 2207613190250
I1013 17:46:50.995759 41972 naive_actor.cpp:25] actor 1099614388254 switch to &NaiveActor::HandlerNormal
I1013 17:46:50.995795 41972 thread.cpp:96] Thread 524337 construct Actor kTick 1099614388254
I1013 17:46:50.995797 41989 runtime_context.cpp:29] DecreaseCounter constructing_actor_cnt, current val is 671
I1013 17:46:50.995838 41972 runtime_context.cpp:29] DecreaseCounter constructing_actor_cnt, current val is 670
I1013 17:46:50.995927 41976 naive_actor.cpp:25] actor 2199023255561 switch to &NaiveActor::HandlerNormal
I1013 17:46:50.995976 41976 thread.cpp:96] Thread 1048576 construct Actor kNormalForward 2199023255561
I1013 17:46:50.996057 41976 runtime_context.cpp:29] DecreaseCounter constructing_actor_cnt, current val is 669
I1013 17:46:50.996107 41972 naive_actor.cpp:25] actor 1099614388248 switch to &NaiveActor::HandlerNormal
I1013 17:46:50.996167 41972 thread.cpp:96] Thread 524337 construct Actor kSrcSubsetTick 1099614388248
I1013 17:46:50.996232 41972 runtime_context.cpp:29] DecreaseCounter constructing_actor_cnt, current val is 668
I1013 17:46:50.996423 41976 naive_actor.cpp:25] actor 2199023255554 switch to &NaiveActor::HandlerNormal
I1013 17:46:50.996477 41976 thread.cpp:96] Thread 1048576 construct Actor kNormalForward 2199023255554
I1013 17:46:50.996501 41972 naive_actor.cpp:25] actor 1099614388253 switch to &NaiveActor::HandlerNormal
I1013 17:46:50.996533 41972 thread.cpp:96] Thread 524337 construct Actor kTick 1099614388253
I1013 17:46:50.996542 41976 runtime_context.cpp:29] DecreaseCounter constructing_actor_cnt, current val is 667
I1013 17:46:50.996574 41972 runtime_context.cpp:29] DecreaseCounter constructing_actor_cnt, current val is 666
I1013 17:46:50.996832 41972 naive_actor.cpp:25] actor 1099614388251 switch to &NaiveActor::HandlerNormal
I1013 17:46:50.996874 41972 thread.cpp:96] Thread 524337 construct Actor kTick 1099614388251
I1013 17:46:50.996927 41972 runtime_context.cpp:29] DecreaseCounter constructing_actor_cnt, current val is 665
I1013 17:46:50.997040 41989 naive_actor.cpp:25] actor 2207613190153 switch to &NaiveActor::HandlerNormal
I1013 17:46:50.997099 41989 thread.cpp:96] Thread 1052672 construct Actor kNormalForward 2207613190153
I1013 17:46:50.997170 41972 naive_actor.cpp:25] actor 1099614388307 switch to &NaiveActor::HandlerNormal
I1013 17:46:50.997205 41972 thread.cpp:96] Thread 524337 construct Actor kTick 1099614388307
I1013 17:46:50.997210 41989 runtime_context.cpp:29] DecreaseCounter constructing_actor_cnt, current val is 664
I1013 17:46:50.997249 41972 runtime_context.cpp:29] DecreaseCounter constructing_actor_cnt, current val is 663
I1013 17:46:50.997586 41972 naive_actor.cpp:25] actor 1099614388252 switch to &NaiveActor::HandlerNormal
I1013 17:46:50.997623 41972 thread.cpp:96] Thread 524337 construct Actor kDstSubsetTick 1099614388252
I1013 17:46:50.997686 41972 runtime_context.cpp:29] DecreaseCounter constructing_actor_cnt, current val is 662
I1013 17:46:50.997794 41976 naive_actor.cpp:25] actor 2199023255585 switch to &NaiveActor::HandlerNormal
I1013 17:46:50.997859 41976 thread.cpp:96] Thread 1048576 construct Actor kNormalForward 2199023255585
I1013 17:46:50.997939 41976 runtime_context.cpp:29] DecreaseCounter constructing_actor_cnt, current val is 661
I1013 17:46:50.997985 41972 naive_actor.cpp:25] actor 1099614388255 switch to &NaiveActor::HandlerNormal
I1013 17:46:50.998015 41972 thread.cpp:96] Thread 524337 construct Actor kTick 1099614388255
I1013 17:46:50.998070 41972 runtime_context.cpp:29] DecreaseCounter constructing_actor_cnt, current val is 660
I1013 17:46:50.998325 41972 naive_actor.cpp:25] actor 1099614388262 switch to &NaiveActor::HandlerNormal
I1013 17:46:50.998359 41972 thread.cpp:96] Thread 524337 construct Actor kTick 1099614388262
I1013 17:46:50.998400 41972 runtime_context.cpp:29] DecreaseCounter constructing_actor_cnt, current val is 659
I1013 17:46:50.998672 41972 naive_actor.cpp:25] actor 1099614388303 switch to &NaiveActor::HandlerNormal
I1013 17:46:50.998708 41972 thread.cpp:96] Thread 524337 construct Actor kTick 1099614388303
I1013 17:46:50.998710 41989 naive_actor.cpp:25] actor 2207613190156 switch to &NaiveActor::HandlerNormal
I1013 17:46:50.998751 41972 runtime_context.cpp:29] DecreaseCounter constructing_actor_cnt, current val is 658
I1013 17:46:50.998785 41989 thread.cpp:96] Thread 1052672 construct Actor kNormalForward 2207613190156
I1013 17:46:50.998924 41989 runtime_context.cpp:29] DecreaseCounter constructing_actor_cnt, current val is 657
I1013 17:46:50.998967 41976 naive_actor.cpp:25] actor 2199023255562 switch to &NaiveActor::HandlerNormal
I1013 17:46:50.998998 41976 thread.cpp:96] Thread 1048576 construct Actor kNormalForward 2199023255562
I1013 17:46:50.999084 41976 runtime_context.cpp:29] DecreaseCounter constructing_actor_cnt, current val is 656
I1013 17:46:50.999174 41972 naive_actor.cpp:25] actor 1099614388261 switch to &NaiveActor::HandlerNormal
I1013 17:46:50.999208 41972 thread.cpp:96] Thread 524337 construct Actor kDstSubsetTick 1099614388261
I1013 17:46:50.999330 41972 runtime_context.cpp:29] DecreaseCounter constructing_actor_cnt, current val is 655
I1013 17:46:50.999691 41972 naive_actor.cpp:25] actor 1099614388257 switch to &NaiveActor::HandlerNormal
I1013 17:46:50.999732 41972 thread.cpp:96] Thread 524337 construct Actor kSrcSubsetTick 1099614388257
I1013 17:46:50.999764 41972 runtime_context.cpp:29] DecreaseCounter constructing_actor_cnt, current val is 654
I1013 17:46:51.000048 41972 naive_actor.cpp:25] actor 1099614388260 switch to &NaiveActor::HandlerNormal
I1013 17:46:51.000084 41972 thread.cpp:96] Thread 524337 construct Actor kTick 1099614388260
I1013 17:46:51.000136 41972 runtime_context.cpp:29] DecreaseCounter constructing_actor_cnt, current val is 653
