Log file created at: 2021/10/12 19:30:05
Running on machine: oneflow-14
Log line format: [IWEF]mmdd hh:mm:ss.uuuuuu threadid file:line] msg
I1012 19:30:05.068133  6824 global.h:36] NewGlobal 14cudaDeviceProp
I1012 19:30:05.069797  6824 global.h:36] NewGlobal N7oneflow7EnvDescE
I1012 19:30:05.069842  6824 global.h:36] NewGlobal N7oneflow10ProcessCtxE
I1012 19:30:05.069860  6824 env_global_objects_scope.cpp:152] using rpc backend: local
I1012 19:30:05.070039  6824 global.h:36] NewGlobal N7oneflow12ResourceDescE
I1012 19:30:05.070082  6824 global.h:36] NewGlobal N7oneflow12ResourceDescE
I1012 19:30:05.333935  6824 global.h:36] NewGlobal N7oneflow10ThreadPoolE
I1012 19:30:05.335366  6824 global.h:36] NewGlobal N7oneflow16EagerNcclCommMgrE
I1012 19:30:05.335419  6824 global.h:36] NewGlobal N7oneflow18CudnnConvAlgoCacheE
I1012 19:30:05.335443  6824 global.h:36] NewGlobal N7oneflow2vm19VirtualMachineScopeE
I1012 19:30:05.335453  6824 global.h:36] NewGlobal N7oneflow9OneflowVME
I1012 19:30:05.336364  6824 oneflow_vm.cpp:75] transport stream type: N7oneflow2vm13CpuStreamTypeE
I1012 19:30:05.336395  6824 oneflow_vm.cpp:75] transport stream type: N7oneflow2vm14CudaStreamTypeE
I1012 19:30:05.336407  6824 oneflow_vm.cpp:75] transport stream type: N7oneflow2vm19AsyncCudaStreamTypeE
I1012 19:30:05.336580  6824 global.h:36] NewGlobal N7oneflow27EagerJobBuildAndInferCtxMgrE
I1012 19:30:05.336602  6824 global.h:36] NewGlobal N7oneflow12EpollCommNetE
I1012 19:30:05.336807  6824 epoll_comm_network.cpp:63] CommNet:Epoll listening on 0.0.0.0:41741
I1012 19:30:05.336863  6824 epoll_comm_network.cpp:197] machine 0 sockfd -1
I1012 19:30:05.337005  6824 global.h:36] NewGlobal N7oneflow9TransportE
I1012 19:30:05.339200  6824 global.h:43] DeleteGlobal N7oneflow12ResourceDescE
I1012 19:30:05.339244  6824 version.cpp:22] OneFlow git version: b295ca2324
I1012 19:30:05.339268  6824 device_register_gpu.cpp:56] CUDA runtime version: 11.2
I1012 19:30:05.339303  6824 device_register_gpu.cpp:65] cuDNN version: 8.1.1
I1012 19:30:05.339320  6824 device_register_gpu.cpp:78] NCCL version: 2.9.8
I1012 19:30:05.339332  6824 global.h:36] NewGlobal N7oneflow12ResourceDescE
I1012 19:30:05.339344  6824 global.h:36] NewGlobal N7oneflow5IDMgrE
I1012 19:30:05.339362  6824 global.h:36] NewGlobal N7oneflow16AvailableMemDescE
I1012 19:30:05.339395  6824 global.h:36] NewGlobal St13unordered_mapISslSt4hashISsESt8equal_toISsESaISt4pairIKSslEEE
I1012 19:30:05.339409  6824 global.h:36] NewGlobal N7oneflow19CriticalSectionDescE
I1012 19:30:05.339418  6824 global.h:36] NewGlobal N7oneflow16InterUserJobInfoE
I1012 19:30:05.339437  6824 global.h:36] NewGlobal N7oneflow26LazyJobBuildAndInferCtxMgrE
I1012 19:30:05.339448  6824 global.h:36] NewGlobal N7oneflow16JobSetCompileCtxE
I1012 19:30:05.339458  6824 global.h:36] NewGlobal N7oneflow26RuntimeBufferManagersScopeE
I1012 19:30:05.339468  6824 global.h:36] NewGlobal N7oneflow9BufferMgrIlEE
I1012 19:30:05.339478  6824 global.h:36] NewGlobal N7oneflow9BufferMgrISt10shared_ptrINS_11JobInstanceEEEE
I1012 19:30:05.339486  6824 global.h:36] NewGlobal N7oneflow10RuntimeCtxE
I1012 19:30:05.339495  6824 global.h:36] NewGlobal N7oneflow15MemoryAllocatorE
I1012 19:30:05.339504  6824 global.h:36] NewGlobal N7oneflow8ChunkMgrE
I1012 19:30:05.339514  6824 global.h:36] NewGlobal N7oneflow8RegstMgrE
I1012 19:30:05.339521  6824 global.h:36] NewGlobal N7oneflow11ActorMsgBusE
I1012 19:30:05.339529  6824 global.h:36] NewGlobal N7oneflow9ThreadMgrE
I1012 19:30:05.339538  6824 global.h:36] NewGlobal N7oneflow15RuntimeJobDescsE
I1012 19:30:05.339546  6824 global.h:36] NewGlobal N7oneflow7summary12EventsWriterE
I1012 19:30:05.339557  6824 global.h:36] NewGlobal N7oneflow6boxing10collective24CollectiveBoxingExecutorE
I1012 19:30:05.339567  6824 global.h:36] NewGlobal N7oneflow6boxing10collective31CollectiveBoxingDeviceCtxPollerE
I1012 19:30:05.339728  6824 session.h:77] NewGlobal N7oneflow25SessionGlobalObjectsScopeE
I1012 19:30:05.340724  6824 global.h:36] NewGlobal N7oneflow7JobDescE
I1012 19:30:06.846980  6824 global.h:43] DeleteGlobal N7oneflow7JobDescE
I1012 19:30:06.847354  6824 global.h:36] NewGlobal N7oneflow7JobDescE
I1012 19:30:06.853917  6824 global.h:36] NewGlobal N7oneflow7OpGraphE
I1012 19:30:06.882844  6824 global.h:43] DeleteGlobal N7oneflow7OpGraphE
I1012 19:30:08.420397  6824 global.h:43] DeleteGlobal N7oneflow7JobDescE
I1012 19:30:08.483983  6824 global.h:36] NewGlobal N7oneflow24InterJobReuseMemStrategyE
I1012 19:30:08.496486  6824 global.h:36] NewGlobal N7oneflow7OneflowE
I1012 19:30:08.577515  6824 global.h:36] NewGlobal N7oneflow7JobDescE
I1012 19:30:09.442724  6824 insert_nccl_logical_op_pass.cpp:663]  Try insert nccl logical ops into job: train_job. Begin...
I1012 19:30:09.444875  6824 insert_nccl_logical_op_pass.cpp:432]  insert nccl op: System-NCCL-Logical-S2B-116 from: [IdentityN_5](order=0, nd_sbp=[S(0)])->[ParallelCast_6](order=2, nd_sbp=[B]) and before: [System-Boxing-Identity-95](order=1)
I1012 19:30:09.445231  6824 insert_nccl_logical_op_pass.cpp:432]  insert nccl op: System-NCCL-Logical-S2B-117 from: [IdentityN_5](order=0, nd_sbp=[S(0)])->[ParallelCast_11](order=3, nd_sbp=[B]) and before: [System-Boxing-Identity-95](order=1)
I1012 19:30:09.445621  6824 insert_nccl_logical_op_pass.cpp:432]  insert nccl op: System-NCCL-Logical-S2S-118 from: [Gather_13](order=5, nd_sbp=[S(2)])->[Reshape_16](order=7, nd_sbp=[S(0)]) and before: [Reshape_8](order=6)
I1012 19:30:09.445940  6824 insert_nccl_logical_op_pass.cpp:432]  insert nccl op: System-NCCL-Logical-P2S-119 from: [ReduceSum_9](order=8, nd_sbp=[P])->[AddN_25](order=47, nd_sbp=[S(0)]) and before: [Concat_17](order=9)
I1012 19:30:09.447543  6824 insert_nccl_logical_op_pass.cpp:432]  insert nccl op: System-NCCL-Logical-S2B-120 from: [SigmoidCrossEntropy_26_grad](order=51, nd_sbp=[S(0)])->[ReduceSum_9_grad](order=56, nd_sbp=[B]) and before: [ScalarMul_28](order=52)
I1012 19:30:09.447782  6824 insert_nccl_logical_op_pass.cpp:432]  insert nccl op: System-NCCL-Logical-P2B-121 from: [deep_scores-matmul_grad_b](order=53, nd_sbp=[P])->[System-ModelDiffScale-ScalarMul_69](order=57, nd_sbp=[B]) and before: [deep_scores-matmul_grad_a](order=54)
I1012 19:30:09.447997  6824 insert_nccl_logical_op_pass.cpp:432]  insert nccl op: System-NCCL-Logical-P2B-122 from: [deep_scores-bias_add_grad](order=55, nd_sbp=[P])->[System-ModelDiffScale-ScalarMul_81](order=60, nd_sbp=[B]) and before: [ReduceSum_9_grad](order=56)
I1012 19:30:09.448359  6824 insert_nccl_logical_op_pass.cpp:432]  insert nccl op: System-NCCL-Logical-P2B-123 from: [fc6-matmul_grad_b](order=65, nd_sbp=[P])->[System-ModelDiffScale-ScalarMul_72](order=69, nd_sbp=[B]) and before: [fc6-bias_add_grad](order=66)
I1012 19:30:09.448563  6824 insert_nccl_logical_op_pass.cpp:432]  insert nccl op: System-NCCL-Logical-P2B-124 from: [fc6-bias_add_grad](order=66, nd_sbp=[P])->[System-ModelDiffScale-ScalarMul_71](order=70, nd_sbp=[B]) and before: [fc6-matmul_grad_a](order=67)
I1012 19:30:09.448915  6824 insert_nccl_logical_op_pass.cpp:432]  insert nccl op: System-NCCL-Logical-P2B-125 from: [fc5-matmul_grad_b](order=76, nd_sbp=[P])->[System-ModelDiffScale-ScalarMul_70](order=79, nd_sbp=[B]) and before: [fc5-bias_add_grad](order=77)
I1012 19:30:09.449097  6824 insert_nccl_logical_op_pass.cpp:432]  insert nccl op: System-NCCL-Logical-P2B-126 from: [fc5-bias_add_grad](order=77, nd_sbp=[P])->[System-ModelDiffScale-ScalarMul_73](order=80, nd_sbp=[B]) and before: [fc5-matmul_grad_a](order=78)
I1012 19:30:09.449415  6824 insert_nccl_logical_op_pass.cpp:432]  insert nccl op: System-NCCL-Logical-P2B-127 from: [fc4-matmul_grad_b](order=85, nd_sbp=[P])->[System-ModelDiffScale-ScalarMul_68](order=88, nd_sbp=[B]) and before: [fc4-bias_add_grad](order=86)
I1012 19:30:09.449637  6824 insert_nccl_logical_op_pass.cpp:432]  insert nccl op: System-NCCL-Logical-P2B-128 from: [fc4-bias_add_grad](order=86, nd_sbp=[P])->[System-ModelDiffScale-ScalarMul_80](order=89, nd_sbp=[B]) and before: [fc4-matmul_grad_a](order=87)
I1012 19:30:09.449959  6824 insert_nccl_logical_op_pass.cpp:432]  insert nccl op: System-NCCL-Logical-P2B-129 from: [fc3-bias_add_grad](order=94, nd_sbp=[P])->[System-ModelDiffScale-ScalarMul_84](order=97, nd_sbp=[B]) and before: [fc3-matmul_grad_b](order=95)
I1012 19:30:09.450361  6824 insert_nccl_logical_op_pass.cpp:432]  insert nccl op: System-NCCL-Logical-P2B-130 from: [fc3-matmul_grad_b](order=95, nd_sbp=[P])->[System-ModelDiffScale-ScalarMul_67](order=98, nd_sbp=[B]) and before: [fc3-matmul_grad_a](order=96)
I1012 19:30:09.450714  6824 insert_nccl_logical_op_pass.cpp:432]  insert nccl op: System-NCCL-Logical-P2B-131 from: [fc2-matmul_grad_b](order=103, nd_sbp=[P])->[System-ModelDiffScale-ScalarMul_78](order=106, nd_sbp=[B]) and before: [fc2-bias_add_grad](order=104)
I1012 19:30:09.450908  6824 insert_nccl_logical_op_pass.cpp:432]  insert nccl op: System-NCCL-Logical-P2B-132 from: [fc2-bias_add_grad](order=104, nd_sbp=[P])->[System-ModelDiffScale-ScalarMul_75](order=107, nd_sbp=[B]) and before: [fc2-matmul_grad_a](order=105)
I1012 19:30:09.451242  6824 insert_nccl_logical_op_pass.cpp:432]  insert nccl op: System-NCCL-Logical-P2B-133 from: [fc1-matmul_grad_b](order=112, nd_sbp=[P])->[System-ModelDiffScale-ScalarMul_83](order=115, nd_sbp=[B]) and before: [fc1-bias_add_grad](order=113)
I1012 19:30:09.451440  6824 insert_nccl_logical_op_pass.cpp:432]  insert nccl op: System-NCCL-Logical-P2B-134 from: [fc1-bias_add_grad](order=113, nd_sbp=[P])->[System-ModelDiffScale-ScalarMul_79](order=116, nd_sbp=[B]) and before: [fc1-matmul_grad_a](order=114)
I1012 19:30:09.451742  6824 insert_nccl_logical_op_pass.cpp:432]  insert nccl op: System-NCCL-Logical-P2B-135 from: [fc0-bias_add_grad](order=121, nd_sbp=[P])->[System-ModelDiffScale-ScalarMul_74](order=124, nd_sbp=[B]) and before: [fc0-matmul_grad_b](order=122)
I1012 19:30:09.451916  6824 insert_nccl_logical_op_pass.cpp:432]  insert nccl op: System-NCCL-Logical-P2B-136 from: [fc0-matmul_grad_b](order=122, nd_sbp=[P])->[System-ModelDiffScale-ScalarMul_76](order=125, nd_sbp=[B]) and before: [fc0-matmul_grad_a](order=123)
I1012 19:30:09.452220  6824 insert_nccl_logical_op_pass.cpp:432]  insert nccl op: System-NCCL-Logical-S2S-137 from: [Reshape_16_grad](order=129, nd_sbp=[S(0)])->[Gather_13_grad](order=130, nd_sbp=[S(2)]) and before: [Gather_13_grad](order=130)
I1012 19:30:09.452389  6824 insert_nccl_logical_op_pass.cpp:699]  Try insert nccl logical ops into job: train_job. ...End

I1012 19:30:09.742439  6824 global.h:36] NewGlobal N7oneflow7OpGraphE
I1012 19:30:10.056548  6824 global.h:43] DeleteGlobal N7oneflow7OpGraphE
I1012 19:30:10.111734  6824 oneflow.cpp:210] 
job_id: 0 , job_name: train_job , compile time: 1.53392 seconds.
I1012 19:30:10.527669  6824 global.h:43] DeleteGlobal N7oneflow7JobDescE
I1012 19:30:10.528896  6824 global.h:36] NewGlobal N7oneflow7JobDescE
I1012 19:30:10.717437  6824 global.h:36] NewGlobal N7oneflow7OpGraphE
I1012 19:30:10.818262  6824 global.h:43] DeleteGlobal N7oneflow7OpGraphE
I1012 19:30:10.825804  6824 oneflow.cpp:210] 
job_id: 1 , job_name: System-ModelInit , compile time: 0.294734 seconds.
I1012 19:30:10.874475  6824 global.h:43] DeleteGlobal N7oneflow7JobDescE
I1012 19:30:10.874676  6824 global.h:36] NewGlobal N7oneflow7JobDescE
I1012 19:30:11.117012  6824 global.h:36] NewGlobal N7oneflow7OpGraphE
I1012 19:30:11.192862  6824 global.h:43] DeleteGlobal N7oneflow7OpGraphE
I1012 19:30:11.199966  6824 oneflow.cpp:210] 
job_id: 2 , job_name: System-ModelLoad , compile time: 0.325187 seconds.
I1012 19:30:11.287407  6824 global.h:43] DeleteGlobal N7oneflow7JobDescE
I1012 19:30:11.300630  6824 global.h:36] NewGlobal N7oneflow7JobDescE
I1012 19:30:11.464021  6824 global.h:36] NewGlobal N7oneflow7OpGraphE
I1012 19:30:11.517810  6824 global.h:43] DeleteGlobal N7oneflow7OpGraphE
I1012 19:30:11.524619  6824 oneflow.cpp:210] 
job_id: 3 , job_name: System-ModelSave , compile time: 0.223844 seconds.
I1012 19:30:11.610926  6824 global.h:43] DeleteGlobal N7oneflow7JobDescE
I1012 19:30:11.623522  6824 global.h:36] NewGlobal N7oneflow7JobDescE
I1012 19:30:11.662197  6824 global.h:36] NewGlobal N7oneflow7OpGraphE
I1012 19:30:11.701155  6824 global.h:43] DeleteGlobal N7oneflow7OpGraphE
I1012 19:30:11.703758  6824 oneflow.cpp:210] 
job_id: 4 , job_name: System-Pull-Return_29 , compile time: 0.0800271 seconds.
I1012 19:30:11.715612  6824 global.h:43] DeleteGlobal N7oneflow7JobDescE
I1012 19:30:11.732969  6824 global.h:36] NewGlobal N7oneflow7JobDescE
I1012 19:30:11.733186  6824 global.h:36] NewGlobal N7oneflow7OpGraphE
I1012 19:30:11.768267  6824 global.h:43] DeleteGlobal N7oneflow7OpGraphE
I1012 19:30:11.772459  6824 oneflow.cpp:210] 
job_id: 5 , job_name: MainJob-unamed , compile time: 0.0393004 seconds.
I1012 19:30:11.805189  6824 global.h:43] DeleteGlobal N7oneflow7JobDescE
I1012 19:30:11.821045  6824 plan_util.cpp:928]  Plan: merged_plan needs to allocate [ 771.73 MiB ] device memory in Rank: 0 , Device: 0
I1012 19:30:11.821244  6824 plan_util.cpp:928]  Plan: merged_plan needs to allocate [ 738.277 MiB ] device memory in Rank: 0 , Device: 1
I1012 19:30:12.416409  6824 oneflow.cpp:998]  PushPlan merged_plan time: 0.0516628 seconds.
I1012 19:30:12.571074  6824 oneflow.cpp:1014]  PullPlan merged_plan time: 0.137593 seconds.
I1012 19:30:24.118350  6824 runtime_context.cpp:21] NewCounter constructing_actor_cnt 787
I1012 19:30:24.120319  8125 naive_actor.cpp:25] actor 1099614388232 switch to &NaiveActor::HandlerNormal
I1012 19:30:24.120436  8125 thread.cpp:96] Thread 524337 construct Actor kDeviceTick 1099614388232
I1012 19:30:24.120493  8126 wait_and_send_ids_actor.cpp:53] actor 1099616485376 switch to &WaitAndSendIdsActor::HandlerWaitToStart
I1012 19:30:24.120558  8125 runtime_context.cpp:29] DecreaseCounter constructing_actor_cnt, current val is 786
I1012 19:30:24.120559  8126 thread.cpp:96] Thread 524338 construct Actor kWaitAndSendIds 1099616485376
I1012 19:30:24.120700  8126 runtime_context.cpp:29] DecreaseCounter constructing_actor_cnt, current val is 785
I1012 19:30:24.120788  8125 naive_actor.cpp:25] actor 1099614388240 switch to &NaiveActor::HandlerNormal
I1012 19:30:24.120844  8182 naive_actor.cpp:25] actor 2199023255722 switch to &NaiveActor::HandlerNormal
I1012 19:30:24.120854  8125 thread.cpp:96] Thread 524337 construct Actor kDeviceTick 1099614388240
I1012 19:30:24.121001  8182 thread.cpp:96] Thread 1048576 construct Actor kDeviceTick 2199023255722
I1012 19:30:24.121109  8125 runtime_context.cpp:29] DecreaseCounter constructing_actor_cnt, current val is 784
I1012 19:30:24.121235  8182 runtime_context.cpp:29] DecreaseCounter constructing_actor_cnt, current val is 783
I1012 19:30:24.121445  8125 naive_actor.cpp:25] actor 1099614388241 switch to &NaiveActor::HandlerNormal
I1012 19:30:24.121527  8125 thread.cpp:96] Thread 524337 construct Actor kDeviceTick 1099614388241
I1012 19:30:24.121611  8182 naive_actor.cpp:25] actor 2199023255783 switch to &NaiveActor::HandlerNormal
I1012 19:30:24.121614  8125 runtime_context.cpp:29] DecreaseCounter constructing_actor_cnt, current val is 782
I1012 19:30:24.121706  8182 thread.cpp:96] Thread 1048576 construct Actor kDeviceTick 2199023255783
I1012 19:30:24.121882  8182 runtime_context.cpp:29] DecreaseCounter constructing_actor_cnt, current val is 781
I1012 19:30:24.121982  8125 naive_actor.cpp:25] actor 1099614388231 switch to &NaiveActor::HandlerNormal
I1012 19:30:24.122052  8125 thread.cpp:96] Thread 524337 construct Actor kDeviceTick 1099614388231
I1012 19:30:24.122145  8125 runtime_context.cpp:29] DecreaseCounter constructing_actor_cnt, current val is 780
I1012 19:30:24.122226  8182 naive_actor.cpp:25] actor 2199023255822 switch to &NaiveActor::HandlerNormal
I1012 19:30:24.122313  8182 thread.cpp:96] Thread 1048576 construct Actor kDeviceTick 2199023255822
I1012 19:30:24.122399  8125 naive_actor.cpp:25] actor 1099614388230 switch to &NaiveActor::HandlerNormal
I1012 19:30:24.122447  8182 runtime_context.cpp:29] DecreaseCounter constructing_actor_cnt, current val is 779
I1012 19:30:24.122474  8125 thread.cpp:96] Thread 524337 construct Actor kDeviceTick 1099614388230
I1012 19:30:24.122640  8125 runtime_context.cpp:29] DecreaseCounter constructing_actor_cnt, current val is 778
I1012 19:30:24.122772  8182 naive_actor.cpp:25] actor 2199023255861 switch to &NaiveActor::HandlerNormal
I1012 19:30:24.122857  8182 thread.cpp:96] Thread 1048576 construct Actor kDeviceTick 2199023255861
I1012 19:30:24.122972  8125 naive_actor.cpp:25] actor 1099614388251 switch to &NaiveActor::HandlerNormal
I1012 19:30:24.123167  8182 runtime_context.cpp:29] DecreaseCounter constructing_actor_cnt, current val is 777
I1012 19:30:24.123186  8125 thread.cpp:96] Thread 524337 construct Actor kDeviceTick 1099614388251
I1012 19:30:24.123360  8125 runtime_context.cpp:29] DecreaseCounter constructing_actor_cnt, current val is 776
I1012 19:30:24.123601  8125 naive_actor.cpp:25] actor 1099614388260 switch to &NaiveActor::HandlerNormal
I1012 19:30:24.123680  8125 thread.cpp:96] Thread 524337 construct Actor kDeviceTick 1099614388260
I1012 19:30:24.123764  8125 runtime_context.cpp:29] DecreaseCounter constructing_actor_cnt, current val is 775
I1012 19:30:24.123993  8125 naive_actor.cpp:25] actor 1099614388269 switch to &NaiveActor::HandlerNormal
I1012 19:30:24.124069  8125 thread.cpp:96] Thread 524337 construct Actor kDeviceTick 1099614388269
I1012 19:30:24.124146  8125 runtime_context.cpp:29] DecreaseCounter constructing_actor_cnt, current val is 774
I1012 19:30:24.124387  8125 naive_actor.cpp:25] actor 1099614388287 switch to &NaiveActor::HandlerNormal
I1012 19:30:24.124511  8125 thread.cpp:96] Thread 524337 construct Actor kDeviceTick 1099614388287
I1012 19:30:24.124596  8125 runtime_context.cpp:29] DecreaseCounter constructing_actor_cnt, current val is 773
I1012 19:30:24.124832  8125 naive_actor.cpp:25] actor 1099614388278 switch to &NaiveActor::HandlerNormal
I1012 19:30:24.124912  8125 thread.cpp:96] Thread 524337 construct Actor kDeviceTick 1099614388278
I1012 19:30:24.124991  8125 runtime_context.cpp:29] DecreaseCounter constructing_actor_cnt, current val is 772
I1012 19:30:24.125227  8125 naive_actor.cpp:25] actor 1099614388289 switch to &NaiveActor::HandlerNormal
I1012 19:30:24.125306  8125 thread.cpp:96] Thread 524337 construct Actor kDeviceTick 1099614388289
I1012 19:30:24.125378  8125 runtime_context.cpp:29] DecreaseCounter constructing_actor_cnt, current val is 771
I1012 19:30:24.125627  8125 naive_actor.cpp:25] actor 1099614388286 switch to &NaiveActor::HandlerNormal
I1012 19:30:24.125703  8125 thread.cpp:96] Thread 524337 construct Actor kDeviceTick 1099614388286
I1012 19:30:24.125854  8125 runtime_context.cpp:29] DecreaseCounter constructing_actor_cnt, current val is 770
I1012 19:30:24.124480  8213 naive_actor.cpp:25] actor 2207613190314 switch to &NaiveActor::HandlerNormal
I1012 19:30:24.137635  8213 thread.cpp:96] Thread 1052672 construct Actor kDeviceTick 2207613190314
I1012 19:30:24.137796  8213 runtime_context.cpp:29] DecreaseCounter constructing_actor_cnt, current val is 769
I1012 19:30:24.138242  8213 naive_actor.cpp:25] actor 2207613190375 switch to &NaiveActor::HandlerNormal
I1012 19:30:24.138319  8213 thread.cpp:96] Thread 1052672 construct Actor kDeviceTick 2207613190375
I1012 19:30:24.138402  8213 runtime_context.cpp:29] DecreaseCounter constructing_actor_cnt, current val is 768
I1012 19:30:24.138690  8213 naive_actor.cpp:25] actor 2207613190414 switch to &NaiveActor::HandlerNormal
I1012 19:30:24.138768  8213 thread.cpp:96] Thread 1052672 construct Actor kDeviceTick 2207613190414
I1012 19:30:24.138861  8213 runtime_context.cpp:29] DecreaseCounter constructing_actor_cnt, current val is 767
I1012 19:30:24.139130  8213 naive_actor.cpp:25] actor 2207613190453 switch to &NaiveActor::HandlerNormal
I1012 19:30:24.139201  8213 thread.cpp:96] Thread 1052672 construct Actor kDeviceTick 2207613190453
I1012 19:30:24.139294  8213 runtime_context.cpp:29] DecreaseCounter constructing_actor_cnt, current val is 766
I1012 19:30:24.220669  8105 naive_actor.cpp:25] actor 1099557765120 switch to &NaiveActor::HandlerNormal
I1012 19:30:24.220692  8108 naive_actor.cpp:25] actor 1099564056576 switch to &NaiveActor::HandlerNormal
I1012 19:30:24.220716  8107 naive_actor.cpp:25] actor 1099561959424 switch to &NaiveActor::HandlerNormal
I1012 19:30:24.220674  8103 naive_actor.cpp:25] actor 1099553570816 switch to &NaiveActor::HandlerNormal
I1012 19:30:24.221129  8103 thread.cpp:96] Thread 524308 construct Actor kNormalForward 1099553570816
I1012 19:30:24.220676  8112 naive_actor.cpp:25] actor 1099572445184 switch to &NaiveActor::HandlerNormal
I1012 19:30:24.220849  8105 thread.cpp:96] Thread 524310 construct Actor kNormalForward 1099557765120
I1012 19:30:24.220963  8108 thread.cpp:96] Thread 524313 construct Actor kNormalForward 1099564056576
I1012 19:30:24.220995  8104 naive_actor.cpp:25] actor 1099555667968 switch to &NaiveActor::HandlerNormal
I1012 19:30:24.221050  8107 thread.cpp:96] Thread 524312 construct Actor kNormalForward 1099561959424
I1012 19:30:24.221386  8103 runtime_context.cpp:29] DecreaseCounter constructing_actor_cnt, current val is 765
I1012 19:30:24.221805  8095 naive_actor.cpp:25] actor 1099536793600 switch to &NaiveActor::HandlerNormal
I1012 19:30:24.221536  8120 naive_actor.cpp:25] actor 1099589222400 switch to &NaiveActor::HandlerNormal
I1012 19:30:24.221570  8116 naive_actor.cpp:25] actor 1099580833792 switch to &NaiveActor::HandlerNormal
I1012 19:30:24.221586  8105 runtime_context.cpp:29] DecreaseCounter constructing_actor_cnt, current val is 764
I1012 19:30:24.221609  8097 naive_actor.cpp:25] actor 1099540987904 switch to &NaiveActor::HandlerNormal
I1012 19:30:24.221642  8093 naive_actor.cpp:25] actor 1099532599296 switch to &NaiveActor::HandlerNormal
I1012 19:30:24.222198  8117 naive_actor.cpp:25] actor 1099582930944 switch to &NaiveActor::HandlerNormal
I1012 19:30:24.222283  8117 thread.cpp:96] Thread 524322 construct Actor kNormalForward 1099582930944
I1012 19:30:24.221702  8108 runtime_context.cpp:29] DecreaseCounter constructing_actor_cnt, current val is 763
I1012 19:30:24.221745  8119 naive_actor.cpp:25] actor 1099587125248 switch to &NaiveActor::HandlerNormal
I1012 19:30:24.222513  8087 naive_actor.cpp:25] actor 1099520016384 switch to &NaiveActor::HandlerNormal
I1012 19:30:24.222573  8110 naive_actor.cpp:25] actor 1099568250880 switch to &NaiveActor::HandlerNormal
I1012 19:30:24.221884  8095 thread.cpp:96] Thread 524300 construct Actor kNormalForward 1099536793600
I1012 19:30:24.221946  8120 thread.cpp:96] Thread 524325 construct Actor kNormalForward 1099589222400
I1012 19:30:24.222018  8116 thread.cpp:96] Thread 524321 construct Actor kForeignInput 1099580833792
I1012 19:30:24.222023  8111 naive_actor.cpp:25] actor 1099570348032 switch to &NaiveActor::HandlerNormal
I1012 19:30:24.222040  8113 naive_actor.cpp:25] actor 1099574542336 switch to &NaiveActor::HandlerNormal
I1012 19:30:24.222075  8096 naive_actor.cpp:25] actor 1099538890752 switch to &NaiveActor::HandlerNormal
I1012 19:30:24.223096  8096 thread.cpp:96] Thread 524301 construct Actor kNormalForward 1099538890752
I1012 19:30:24.223209  8096 runtime_context.cpp:29] DecreaseCounter constructing_actor_cnt, current val is 757
I1012 19:30:24.222131  8090 naive_actor.cpp:25] actor 1099526307840 switch to &NaiveActor::HandlerNormal
I1012 19:30:24.222154  8097 thread.cpp:96] Thread 524302 construct Actor kNormalForward 1099540987904
I1012 19:30:24.221673  8100 naive_actor.cpp:25] actor 1099547279360 switch to &NaiveActor::HandlerNormal
I1012 19:30:24.222209  8093 thread.cpp:96] Thread 524298 construct Actor kNormalForward 1099532599296
I1012 19:30:24.222211  8099 naive_actor.cpp:25] actor 1099545182208 switch to &NaiveActor::HandlerNormal
I1012 19:30:24.222225  8089 naive_actor.cpp:25] actor 1099524210688 switch to &NaiveActor::HandlerNormal
I1012 19:30:24.222231  8115 naive_actor.cpp:25] actor 1099578736640 switch to &NaiveActor::HandlerNormal
I1012 19:30:24.221675  8104 thread.cpp:96] Thread 524309 construct Actor kNormalForward 1099555667968
I1012 19:30:24.222324  8102 naive_actor.cpp:25] actor 1099551473664 switch to &NaiveActor::HandlerNormal
I1012 19:30:24.222412  8117 runtime_context.cpp:29] DecreaseCounter constructing_actor_cnt, current val is 761
I1012 19:30:24.222445  8092 naive_actor.cpp:25] actor 1099530502144 switch to &NaiveActor::HandlerNormal
I1012 19:30:24.222437  8114 naive_actor.cpp:25] actor 1099576639488 switch to &NaiveActor::HandlerNormal
I1012 19:30:24.222461  8118 naive_actor.cpp:25] actor 1099585028096 switch to &NaiveActor::HandlerNormal
I1012 19:30:24.224541  8118 thread.cpp:96] Thread 524323 construct Actor kNormalForward 1099585028096
I1012 19:30:24.224656  8118 runtime_context.cpp:29] DecreaseCounter constructing_actor_cnt, current val is 753
I1012 19:30:24.222440  8091 naive_actor.cpp:25] actor 1099528404992 switch to &NaiveActor::HandlerNormal
I1012 19:30:24.221812  8107 runtime_context.cpp:29] DecreaseCounter constructing_actor_cnt, current val is 762
I1012 19:30:24.222522  8119 thread.cpp:96] Thread 524324 construct Actor kForeignInput 1099587125248
I1012 19:30:24.221470  8112 thread.cpp:96] Thread 524317 construct Actor kSliceBoxing 1099572445184
I1012 19:30:24.222585  8087 thread.cpp:96] Thread 524292 construct Actor kNormalForward 1099520016384
I1012 19:30:24.222631  8098 naive_actor.cpp:25] actor 1099543085056 switch to &NaiveActor::HandlerNormal
I1012 19:30:24.222638  8110 thread.cpp:96] Thread 524315 construct Actor kNormalForward 1099568250880
I1012 19:30:24.222736  8094 naive_actor.cpp:25] actor 1099534696448 switch to &NaiveActor::HandlerNormal
I1012 19:30:24.222767  8095 runtime_context.cpp:29] DecreaseCounter constructing_actor_cnt, current val is 760
I1012 19:30:24.222832  8120 runtime_context.cpp:29] DecreaseCounter constructing_actor_cnt, current val is 759
I1012 19:30:24.222858  8101 naive_actor.cpp:25] actor 1099549376512 switch to &NaiveActor::HandlerNormal
I1012 19:30:24.222906  8116 runtime_context.cpp:29] DecreaseCounter constructing_actor_cnt, current val is 758
I1012 19:30:24.222934  8111 thread.cpp:96] Thread 524316 construct Actor kNormalForward 1099570348032
I1012 19:30:24.223019  8113 thread.cpp:96] Thread 524318 construct Actor kForeignInput 1099574542336
I1012 19:30:24.225807  8111 runtime_context.cpp:29] DecreaseCounter constructing_actor_cnt, current val is 748
I1012 19:30:24.222092  8106 naive_actor.cpp:25] actor 1099559862272 switch to &NaiveActor::HandlerNormal
I1012 19:30:24.223352  8090 thread.cpp:96] Thread 524295 construct Actor kNormalForward 1099526307840
I1012 19:30:24.223477  8097 runtime_context.cpp:29] DecreaseCounter constructing_actor_cnt, current val is 756
I1012 19:30:24.226102  8090 runtime_context.cpp:29] DecreaseCounter constructing_actor_cnt, current val is 746
I1012 19:30:24.223623  8093 runtime_context.cpp:29] DecreaseCounter constructing_actor_cnt, current val is 755
I1012 19:30:24.223670  8099 thread.cpp:96] Thread 524304 construct Actor kNormalForward 1099545182208
I1012 19:30:24.226493  8099 runtime_context.cpp:29] DecreaseCounter constructing_actor_cnt, current val is 745
I1012 19:30:24.226577  8125 naive_actor.cpp:25] actor 1099614388237 switch to &NaiveActor::HandlerNormal
I1012 19:30:24.223953  8104 runtime_context.cpp:29] DecreaseCounter constructing_actor_cnt, current val is 754
I1012 19:30:24.224020  8102 thread.cpp:96] Thread 524307 construct Actor kNormalForward 1099551473664
I1012 19:30:24.224182  8092 thread.cpp:96] Thread 524297 construct Actor kNormalForward 1099530502144
I1012 19:30:24.224200  8109 naive_actor.cpp:25] actor 1099566153728 switch to &NaiveActor::HandlerNormal
I1012 19:30:24.224261  8114 thread.cpp:96] Thread 524319 construct Actor kNormalForward 1099576639488
I1012 19:30:24.227041  8102 runtime_context.cpp:29] DecreaseCounter constructing_actor_cnt, current val is 744
I1012 19:30:24.224982  8119 runtime_context.cpp:29] DecreaseCounter constructing_actor_cnt, current val is 752
I1012 19:30:24.225071  8112 runtime_context.cpp:29] DecreaseCounter constructing_actor_cnt, current val is 751
I1012 19:30:24.225157  8087 runtime_context.cpp:29] DecreaseCounter constructing_actor_cnt, current val is 750
I1012 19:30:24.225179  8098 thread.cpp:96] Thread 524303 construct Actor kNormalForward 1099543085056
I1012 19:30:24.225302  8110 runtime_context.cpp:29] DecreaseCounter constructing_actor_cnt, current val is 749
I1012 19:30:24.227516  8185 naive_actor.cpp:25] actor 2199025352707 switch to &NaiveActor::HandlerNormal
I1012 19:30:24.225584  8101 thread.cpp:96] Thread 524306 construct Actor kNormalForward 1099549376512
I1012 19:30:24.223218  8088 naive_actor.cpp:25] actor 1099522113536 switch to &NaiveActor::HandlerNormal
I1012 19:30:24.225859  8113 runtime_context.cpp:29] DecreaseCounter constructing_actor_cnt, current val is 747
I1012 19:30:24.225965  8106 thread.cpp:96] Thread 524311 construct Actor kNormalForward 1099559862272
I1012 19:30:24.223512  8100 thread.cpp:96] Thread 524305 construct Actor kNormalForward 1099547279360
I1012 19:30:24.228088  8106 runtime_context.cpp:29] DecreaseCounter constructing_actor_cnt, current val is 739
I1012 19:30:24.223841  8115 thread.cpp:96] Thread 524320 construct Actor kNormalForward 1099578736640
I1012 19:30:24.226656  8125 thread.cpp:96] Thread 524337 construct Actor kTick 1099614388237
I1012 19:30:24.226691  8124 naive_actor.cpp:25] actor 1099597611008 switch to &NaiveActor::HandlerNormal
I1012 19:30:24.226763  8122 naive_actor.cpp:25] actor 1099593416704 switch to &NaiveActor::HandlerNormal
I1012 19:30:24.226867  8121 naive_actor.cpp:25] actor 1099591319552 switch to &NaiveActor::HandlerNormal
I1012 19:30:24.228518  8121 thread.cpp:96] Thread 524326 construct Actor kNormalForward 1099591319552
I1012 19:30:24.224784  8091 thread.cpp:96] Thread 524296 construct Actor kNormalForward 1099528404992
I1012 19:30:24.227128  8114 runtime_context.cpp:29] DecreaseCounter constructing_actor_cnt, current val is 743
I1012 19:30:24.228706  8091 runtime_context.cpp:29] DecreaseCounter constructing_actor_cnt, current val is 734
I1012 19:30:24.227469  8188 naive_actor.cpp:25] actor 2199027449858 switch to &NaiveActor::HandlerNormal
I1012 19:30:24.225361  8094 thread.cpp:96] Thread 524299 construct Actor kNormalForward 1099534696448
I1012 19:30:24.227546  8127 sink_actor.cpp:21] actor 1099618582528 switch to &SinkActor::HandlerNormal
I1012 19:30:24.229030  8094 runtime_context.cpp:29] DecreaseCounter constructing_actor_cnt, current val is 733
I1012 19:30:24.227602  8185 thread.cpp:96] Thread 1048577 construct Actor kSliceBoxing 2199025352707
I1012 19:30:24.227636  8123 naive_actor.cpp:25] actor 1099595513856 switch to &NaiveActor::HandlerNormal
I1012 19:30:24.227725  8217 naive_actor.cpp:25] actor 2207617384448 switch to &NaiveActor::HandlerNormal
I1012 19:30:24.227783  8215 naive_actor.cpp:25] actor 2207615287296 switch to &NaiveActor::HandlerNormal
I1012 19:30:24.227834  8101 runtime_context.cpp:29] DecreaseCounter constructing_actor_cnt, current val is 740
I1012 19:30:24.227880  8088 thread.cpp:96] Thread 524293 construct Actor kNormalForward 1099522113536
I1012 19:30:24.223747  8089 thread.cpp:96] Thread 524294 construct Actor kNormalForward 1099524210688
I1012 19:30:24.228159  8100 runtime_context.cpp:29] DecreaseCounter constructing_actor_cnt, current val is 738
I1012 19:30:24.228283  8115 runtime_context.cpp:29] DecreaseCounter constructing_actor_cnt, current val is 737
I1012 19:30:24.228349  8125 runtime_context.cpp:29] DecreaseCounter constructing_actor_cnt, current val is 736
I1012 19:30:24.228384  8124 thread.cpp:96] Thread 524329 construct Actor kForeignOutput 1099597611008
I1012 19:30:24.228448  8122 thread.cpp:96] Thread 524327 construct Actor kNormalForward 1099593416704
I1012 19:30:24.229957  8124 runtime_context.cpp:29] DecreaseCounter constructing_actor_cnt, current val is 729
I1012 19:30:24.230010  8122 runtime_context.cpp:29] DecreaseCounter constructing_actor_cnt, current val is 728
I1012 19:30:24.228622  8121 runtime_context.cpp:29] DecreaseCounter constructing_actor_cnt, current val is 735
I1012 19:30:24.226975  8109 thread.cpp:96] Thread 524314 construct Actor kNormalForward 1099566153728
I1012 19:30:24.227190  8092 runtime_context.cpp:29] DecreaseCounter constructing_actor_cnt, current val is 742
I1012 19:30:24.228879  8188 thread.cpp:96] Thread 1048578 construct Actor kCopyHd 2199027449858
I1012 19:30:24.227560  8098 runtime_context.cpp:29] DecreaseCounter constructing_actor_cnt, current val is 741
I1012 19:30:24.229048  8127 thread.cpp:96] Thread 524339 construct Actor kCallbackNotify 1099618582528
I1012 19:30:24.229224  8185 runtime_context.cpp:29] DecreaseCounter constructing_actor_cnt, current val is 732
I1012 19:30:24.229254  8123 thread.cpp:96] Thread 524328 construct Actor kNormalForward 1099595513856
I1012 19:30:24.229326  8217 thread.cpp:96] Thread 1052674 construct Actor kCopyHd 2207617384448
I1012 19:30:24.229396  8215 thread.cpp:96] Thread 1052673 construct Actor kSliceBoxing 2207615287296
I1012 19:30:24.229614  8088 runtime_context.cpp:29] DecreaseCounter constructing_actor_cnt, current val is 731
I1012 19:30:24.229671  8089 runtime_context.cpp:29] DecreaseCounter constructing_actor_cnt, current val is 730
I1012 19:30:24.228484  8182 naive_actor.cpp:25] actor 2199023255624 switch to &NaiveActor::HandlerNormal
I1012 19:30:24.228528  8213 naive_actor.cpp:25] actor 2207613190148 switch to &NaiveActor::HandlerNormal
I1012 19:30:24.230252  8109 runtime_context.cpp:29] DecreaseCounter constructing_actor_cnt, current val is 727
I1012 19:30:24.230391  8188 runtime_context.cpp:29] DecreaseCounter constructing_actor_cnt, current val is 726
I1012 19:30:24.230552  8127 runtime_context.cpp:29] DecreaseCounter constructing_actor_cnt, current val is 725
I1012 19:30:24.230880  8123 runtime_context.cpp:29] DecreaseCounter constructing_actor_cnt, current val is 724
I1012 19:30:24.230937  8217 runtime_context.cpp:29] DecreaseCounter constructing_actor_cnt, current val is 723
I1012 19:30:24.230996  8215 runtime_context.cpp:29] DecreaseCounter constructing_actor_cnt, current val is 722
I1012 19:30:24.231005  8185 naive_actor.cpp:25] actor 2199025352706 switch to &NaiveActor::HandlerNormal
I1012 19:30:24.231191  8182 thread.cpp:96] Thread 1048576 construct Actor kNormalForward 2199023255624
I1012 19:30:24.231261  8213 thread.cpp:96] Thread 1052672 construct Actor kNormalForward 2207613190148
I1012 19:30:24.231726  8188 naive_actor.cpp:25] actor 2199027449857 switch to &NaiveActor::HandlerNormal
I1012 19:30:24.232153  8213 runtime_context.cpp:29] DecreaseCounter constructing_actor_cnt, current val is 720
I1012 19:30:24.232111  8182 runtime_context.cpp:29] DecreaseCounter constructing_actor_cnt, current val is 721
I1012 19:30:24.231968  8185 thread.cpp:96] Thread 1048577 construct Actor kSliceBoxing 2199025352706
I1012 19:30:24.232167  8188 thread.cpp:96] Thread 1048578 construct Actor kCopyHd 2199027449857
I1012 19:30:24.232362  8215 naive_actor.cpp:25] actor 2207615287298 switch to &NaiveActor::HandlerNormal
I1012 19:30:24.232391  8185 runtime_context.cpp:29] DecreaseCounter constructing_actor_cnt, current val is 719
I1012 19:30:24.232447  8188 runtime_context.cpp:29] DecreaseCounter constructing_actor_cnt, current val is 718
I1012 19:30:24.232497  8215 thread.cpp:96] Thread 1052673 construct Actor kSliceBoxing 2207615287298
I1012 19:30:24.232717  8215 runtime_context.cpp:29] DecreaseCounter constructing_actor_cnt, current val is 717
I1012 19:30:24.232764  8188 naive_actor.cpp:25] actor 2199027449856 switch to &NaiveActor::HandlerNormal
I1012 19:30:24.232852  8188 thread.cpp:96] Thread 1048578 construct Actor kCopyHd 2199027449856
I1012 19:30:24.232940  8188 runtime_context.cpp:29] DecreaseCounter constructing_actor_cnt, current val is 716
I1012 19:30:24.232942  8215 naive_actor.cpp:25] actor 2207615287299 switch to &NaiveActor::HandlerNormal
I1012 19:30:24.233079  8215 thread.cpp:96] Thread 1052673 construct Actor kSliceBoxing 2207615287299
I1012 19:30:24.233155  8215 runtime_context.cpp:29] DecreaseCounter constructing_actor_cnt, current val is 715
I1012 19:30:24.233240  8213 naive_actor.cpp:25] actor 2207613190171 switch to &NaiveActor::HandlerNormal
I1012 19:30:24.232547  8125 case_actor.cpp:76] actor 1099614388297 switch to &CaseActor::HandlerNormal
I1012 19:30:24.233328  8213 thread.cpp:96] Thread 1052672 construct Actor kNormalForward 2207613190171
I1012 19:30:24.233381  8125 thread.cpp:96] Thread 524337 construct Actor kCase 1099614388297
I1012 19:30:24.233494  8213 runtime_context.cpp:29] DecreaseCounter constructing_actor_cnt, current val is 714
I1012 19:30:24.233583  8185 naive_actor.cpp:25] actor 2199025352705 switch to &NaiveActor::HandlerNormal
I1012 19:30:24.233611  8125 runtime_context.cpp:29] DecreaseCounter constructing_actor_cnt, current val is 713
I1012 19:30:24.233667  8185 thread.cpp:96] Thread 1048577 construct Actor kSliceBoxing 2199025352705
I1012 19:30:24.233963  8185 runtime_context.cpp:29] DecreaseCounter constructing_actor_cnt, current val is 712
I1012 19:30:24.234088  8215 naive_actor.cpp:25] actor 2207615287297 switch to &NaiveActor::HandlerNormal
I1012 19:30:24.234167  8215 thread.cpp:96] Thread 1052673 construct Actor kSliceBoxing 2207615287297
I1012 19:30:24.234249  8215 runtime_context.cpp:29] DecreaseCounter constructing_actor_cnt, current val is 711
I1012 19:30:24.236529  8185 naive_actor.cpp:25] actor 2199025352709 switch to &NaiveActor::HandlerNormal
I1012 19:30:24.236670  8185 thread.cpp:96] Thread 1048577 construct Actor kCopyHd 2199025352709
I1012 19:30:24.236778  8185 runtime_context.cpp:29] DecreaseCounter constructing_actor_cnt, current val is 710
I1012 19:30:24.239634  8215 naive_actor.cpp:25] actor 2207615287300 switch to &NaiveActor::HandlerNormal
I1012 19:30:24.239776  8215 thread.cpp:96] Thread 1052673 construct Actor kCopyHd 2207615287300
I1012 19:30:24.239883  8215 runtime_context.cpp:29] DecreaseCounter constructing_actor_cnt, current val is 709
I1012 19:30:24.240144  8125 naive_actor.cpp:25] actor 1099614388225 switch to &NaiveActor::HandlerNormal
I1012 19:30:24.240233  8125 thread.cpp:96] Thread 524337 construct Actor kDeviceTick 1099614388225
I1012 19:30:24.240350  8125 runtime_context.cpp:29] DecreaseCounter constructing_actor_cnt, current val is 708
I1012 19:30:24.240552  8185 naive_actor.cpp:25] actor 2199025352704 switch to &NaiveActor::HandlerNormal
I1012 19:30:24.240682  8185 thread.cpp:96] Thread 1048577 construct Actor kSliceBoxing 2199025352704
I1012 19:30:24.240798  8185 runtime_context.cpp:29] DecreaseCounter constructing_actor_cnt, current val is 707
I1012 19:30:24.241144  8215 naive_actor.cpp:25] actor 2207615287301 switch to &NaiveActor::HandlerNormal
I1012 19:30:24.241233  8215 thread.cpp:96] Thread 1052673 construct Actor kCopyHd 2207615287301
I1012 19:30:24.241273  8182 naive_actor.cpp:25] actor 2199023255648 switch to &NaiveActor::HandlerNormal
I1012 19:30:24.241364  8182 thread.cpp:96] Thread 1048576 construct Actor kNormalForward 2199023255648
I1012 19:30:24.241312  8215 runtime_context.cpp:29] DecreaseCounter constructing_actor_cnt, current val is 706
I1012 19:30:24.241534  8182 runtime_context.cpp:29] DecreaseCounter constructing_actor_cnt, current val is 705
I1012 19:30:24.241735  8185 naive_actor.cpp:25] actor 2199025352708 switch to &NaiveActor::HandlerNormal
I1012 19:30:24.241901  8185 thread.cpp:96] Thread 1048577 construct Actor kSliceBoxing 2199025352708
I1012 19:30:24.241844  8125 naive_actor.cpp:25] actor 1099614388234 switch to &NaiveActor::HandlerNormal
I1012 19:30:24.242002  8185 runtime_context.cpp:29] DecreaseCounter constructing_actor_cnt, current val is 704
I1012 19:30:24.242115  8215 naive_actor.cpp:25] actor 2207615287302 switch to &NaiveActor::HandlerNormal
I1012 19:30:24.242180  8215 thread.cpp:96] Thread 1052673 construct Actor kCopyHd 2207615287302
I1012 19:30:24.242252  8215 runtime_context.cpp:29] DecreaseCounter constructing_actor_cnt, current val is 703
I1012 19:30:24.242039  8125 thread.cpp:96] Thread 524337 construct Actor kTick 1099614388234
I1012 19:30:24.242398  8125 runtime_context.cpp:29] DecreaseCounter constructing_actor_cnt, current val is 702
I1012 19:30:24.242445  8185 naive_actor.cpp:25] actor 2199025352710 switch to &NaiveActor::HandlerNormal
I1012 19:30:24.242560  8185 thread.cpp:96] Thread 1048577 construct Actor kCopyHd 2199025352710
I1012 19:30:24.242656  8185 runtime_context.cpp:29] DecreaseCounter constructing_actor_cnt, current val is 701
I1012 19:30:24.243203  8125 naive_actor.cpp:25] actor 1099614388229 switch to &NaiveActor::HandlerNormal
I1012 19:30:24.243274  8185 naive_actor.cpp:25] actor 2199025352711 switch to &NaiveActor::HandlerNormal
I1012 19:30:24.243299  8125 thread.cpp:96] Thread 524337 construct Actor kSrcSubsetTick 1099614388229
I1012 19:30:24.243434  8185 thread.cpp:96] Thread 1048577 construct Actor kCopyHd 2199025352711
I1012 19:30:24.243548  8125 runtime_context.cpp:29] DecreaseCounter constructing_actor_cnt, current val is 700
I1012 19:30:24.243882  8182 naive_actor.cpp:25] actor 2199023255672 switch to &NaiveActor::HandlerNormal
I1012 19:30:24.243831  8185 runtime_context.cpp:29] DecreaseCounter constructing_actor_cnt, current val is 699
I1012 19:30:24.243913  8213 naive_actor.cpp:25] actor 2207613190195 switch to &NaiveActor::HandlerNormal
I1012 19:30:24.243993  8182 thread.cpp:96] Thread 1048576 construct Actor kNormalForward 2199023255672
I1012 19:30:24.244155  8213 thread.cpp:96] Thread 1052672 construct Actor kNormalForward 2207613190195
I1012 19:30:24.244333  8182 runtime_context.cpp:29] DecreaseCounter constructing_actor_cnt, current val is 698
I1012 19:30:24.244393  8213 runtime_context.cpp:29] DecreaseCounter constructing_actor_cnt, current val is 697
I1012 19:30:24.244719  8125 naive_actor.cpp:25] actor 1099614388318 switch to &NaiveActor::HandlerNormal
I1012 19:30:24.244803  8125 thread.cpp:96] Thread 524337 construct Actor kTick 1099614388318
I1012 19:30:24.244894  8125 runtime_context.cpp:29] DecreaseCounter constructing_actor_cnt, current val is 696
I1012 19:30:24.245280  8182 naive_actor.cpp:25] actor 2199023255696 switch to &NaiveActor::HandlerNormal
I1012 19:30:24.245368  8182 thread.cpp:96] Thread 1048576 construct Actor kNormalForward 2199023255696
I1012 19:30:24.245494  8182 runtime_context.cpp:29] DecreaseCounter constructing_actor_cnt, current val is 695
I1012 19:30:24.245836  8125 naive_actor.cpp:25] actor 1099614388224 switch to &NaiveActor::HandlerNormal
I1012 19:30:24.245924  8125 thread.cpp:96] Thread 524337 construct Actor kDeviceTick 1099614388224
I1012 19:30:24.246001  8125 runtime_context.cpp:29] DecreaseCounter constructing_actor_cnt, current val is 694
I1012 19:30:24.246335  8182 naive_actor.cpp:25] actor 2199023255720 switch to &NaiveActor::HandlerNormal
I1012 19:30:24.246452  8182 thread.cpp:96] Thread 1048576 construct Actor kNormalForward 2199023255720
I1012 19:30:24.246562  8182 runtime_context.cpp:29] DecreaseCounter constructing_actor_cnt, current val is 693
I1012 19:30:24.247278  8125 naive_actor.cpp:25] actor 1099614388246 switch to &NaiveActor::HandlerNormal
I1012 19:30:24.247282  8213 naive_actor.cpp:25] actor 2207613190225 switch to &NaiveActor::HandlerNormal
I1012 19:30:24.247377  8125 thread.cpp:96] Thread 524337 construct Actor kTick 1099614388246
I1012 19:30:24.247464  8213 thread.cpp:96] Thread 1052672 construct Actor kNormalForward 2207613190225
I1012 19:30:24.247570  8125 runtime_context.cpp:29] DecreaseCounter constructing_actor_cnt, current val is 692
I1012 19:30:24.247642  8213 runtime_context.cpp:29] DecreaseCounter constructing_actor_cnt, current val is 691
I1012 19:30:24.248376  8125 naive_actor.cpp:25] actor 1099614388227 switch to &NaiveActor::HandlerNormal
I1012 19:30:24.248476  8125 thread.cpp:96] Thread 524337 construct Actor kDeviceTick 1099614388227
I1012 19:30:24.248560  8125 runtime_context.cpp:29] DecreaseCounter constructing_actor_cnt, current val is 690
I1012 19:30:24.249064  8182 naive_actor.cpp:25] actor 2199023255732 switch to &NaiveActor::HandlerNormal
I1012 19:30:24.249190  8182 thread.cpp:96] Thread 1048576 construct Actor kNormalForward 2199023255732
I1012 19:30:24.249368  8182 runtime_context.cpp:29] DecreaseCounter constructing_actor_cnt, current val is 689
I1012 19:30:24.249527  8125 naive_actor.cpp:25] actor 1099614388228 switch to &NaiveActor::HandlerNormal
I1012 19:30:24.249612  8125 thread.cpp:96] Thread 524337 construct Actor kDeviceTick 1099614388228
I1012 19:30:24.249698  8125 runtime_context.cpp:29] DecreaseCounter constructing_actor_cnt, current val is 688
I1012 19:30:24.250474  8182 naive_actor.cpp:25] actor 2199023255565 switch to &NaiveActor::HandlerNormal
I1012 19:30:24.250475  8213 naive_actor.cpp:25] actor 2207613190249 switch to &NaiveActor::HandlerNormal
I1012 19:30:24.250582  8182 thread.cpp:96] Thread 1048576 construct Actor kNormalForward 2199023255565
I1012 19:30:24.250664  8213 thread.cpp:96] Thread 1052672 construct Actor kNormalForward 2207613190249
I1012 19:30:24.250788  8182 runtime_context.cpp:29] DecreaseCounter constructing_actor_cnt, current val is 687
I1012 19:30:24.250998  8213 runtime_context.cpp:29] DecreaseCounter constructing_actor_cnt, current val is 686
I1012 19:30:24.251286  8125 naive_actor.cpp:25] actor 1099614388238 switch to &NaiveActor::HandlerNormal
I1012 19:30:24.251370  8125 thread.cpp:96] Thread 524337 construct Actor kTick 1099614388238
I1012 19:30:24.251462  8125 runtime_context.cpp:29] DecreaseCounter constructing_actor_cnt, current val is 685
I1012 19:30:24.252780  8125 naive_actor.cpp:25] actor 1099614388245 switch to &NaiveActor::HandlerNormal
I1012 19:30:24.252874  8125 thread.cpp:96] Thread 524337 construct Actor kDstSubsetTick 1099614388245
I1012 19:30:24.252974  8125 runtime_context.cpp:29] DecreaseCounter constructing_actor_cnt, current val is 684
I1012 19:30:24.255359  8182 naive_actor.cpp:25] actor 2199023255589 switch to &NaiveActor::HandlerNormal
I1012 19:30:24.255520  8182 thread.cpp:96] Thread 1048576 construct Actor kNormalForward 2199023255589
I1012 19:30:24.255697  8182 runtime_context.cpp:29] DecreaseCounter constructing_actor_cnt, current val is 683
I1012 19:30:24.255708  8213 naive_actor.cpp:25] actor 2207613190273 switch to &NaiveActor::HandlerNormal
I1012 19:30:24.255861  8213 thread.cpp:96] Thread 1052672 construct Actor kNormalForward 2207613190273
I1012 19:30:24.255975  8213 runtime_context.cpp:29] DecreaseCounter constructing_actor_cnt, current val is 682
I1012 19:30:24.256333  8125 naive_actor.cpp:25] actor 1099614388235 switch to &NaiveActor::HandlerNormal
I1012 19:30:24.256422  8125 thread.cpp:96] Thread 524337 construct Actor kDstSubsetTick 1099614388235
I1012 19:30:24.256528  8125 runtime_context.cpp:29] DecreaseCounter constructing_actor_cnt, current val is 681
I1012 19:30:24.257520  8125 naive_actor.cpp:25] actor 1099614388236 switch to &NaiveActor::HandlerNormal
I1012 19:30:24.258682  8182 naive_actor.cpp:25] actor 2199023255613 switch to &NaiveActor::HandlerNormal
I1012 19:30:24.259012  8125 thread.cpp:96] Thread 524337 construct Actor kTick 1099614388236
I1012 19:30:24.259169  8182 thread.cpp:96] Thread 1048576 construct Actor kNormalForward 2199023255613
I1012 19:30:24.259307  8125 runtime_context.cpp:29] DecreaseCounter constructing_actor_cnt, current val is 680
I1012 19:30:24.259455  8182 runtime_context.cpp:29] DecreaseCounter constructing_actor_cnt, current val is 679
I1012 19:30:24.259932  8213 naive_actor.cpp:25] actor 2207613190297 switch to &NaiveActor::HandlerNormal
I1012 19:30:24.260031  8213 thread.cpp:96] Thread 1052672 construct Actor kNormalForward 2207613190297
I1012 19:30:24.260139  8213 runtime_context.cpp:29] DecreaseCounter constructing_actor_cnt, current val is 678
I1012 19:30:24.260484  8125 naive_actor.cpp:25] actor 1099614388226 switch to &NaiveActor::HandlerNormal
I1012 19:30:24.260567  8125 thread.cpp:96] Thread 524337 construct Actor kDeviceTick 1099614388226
I1012 19:30:24.260640  8125 runtime_context.cpp:29] DecreaseCounter constructing_actor_cnt, current val is 677
I1012 19:30:24.261497  8125 naive_actor.cpp:25] actor 1099614388242 switch to &NaiveActor::HandlerNormal
I1012 19:30:24.261591  8125 thread.cpp:96] Thread 524337 construct Actor kSrcSubsetTick 1099614388242
I1012 19:30:24.261688  8125 runtime_context.cpp:29] DecreaseCounter constructing_actor_cnt, current val is 676
I1012 19:30:24.262199  8213 naive_actor.cpp:25] actor 2207613190333 switch to &NaiveActor::HandlerNormal
I1012 19:30:24.262287  8213 thread.cpp:96] Thread 1052672 construct Actor kNormalForward 2207613190333
I1012 19:30:24.262378  8213 runtime_context.cpp:29] DecreaseCounter constructing_actor_cnt, current val is 675
I1012 19:30:24.262522  8125 naive_actor.cpp:25] actor 1099614388244 switch to &NaiveActor::HandlerNormal
I1012 19:30:24.262594  8125 thread.cpp:96] Thread 524337 construct Actor kTick 1099614388244
I1012 19:30:24.262708  8125 runtime_context.cpp:29] DecreaseCounter constructing_actor_cnt, current val is 674
I1012 19:30:24.263800  8182 naive_actor.cpp:25] actor 2199023255568 switch to &NaiveActor::HandlerNormal
I1012 19:30:24.264087  8182 thread.cpp:96] Thread 1048576 construct Actor kNormalForward 2199023255568
I1012 19:30:24.264266  8182 runtime_context.cpp:29] DecreaseCounter constructing_actor_cnt, current val is 673
I1012 19:30:24.264441  8125 naive_actor.cpp:25] actor 1099614388247 switch to &NaiveActor::HandlerNormal
I1012 19:30:24.264575  8125 thread.cpp:96] Thread 524337 construct Actor kTick 1099614388247
I1012 19:30:24.264688  8125 runtime_context.cpp:29] DecreaseCounter constructing_actor_cnt, current val is 672
I1012 19:30:24.265362  8125 naive_actor.cpp:25] actor 1099614388239 switch to &NaiveActor::HandlerNormal
I1012 19:30:24.265447  8125 thread.cpp:96] Thread 524337 construct Actor kTick 1099614388239
