Log file created at: 2021/10/12 13:04:08
Running on machine: oneflow-14
Log line format: [IWEF]mmdd hh:mm:ss.uuuuuu threadid file:line] msg
I1012 13:04:08.149914 39082 global.h:36] NewGlobal 14cudaDeviceProp
I1012 13:04:08.151371 39082 global.h:36] NewGlobal N7oneflow7EnvDescE
I1012 13:04:08.151391 39082 global.h:36] NewGlobal N7oneflow10ProcessCtxE
I1012 13:04:08.151401 39082 env_global_objects_scope.cpp:152] using rpc backend: local
I1012 13:04:08.151472 39082 global.h:36] NewGlobal N7oneflow12ResourceDescE
I1012 13:04:08.151485 39082 global.h:36] NewGlobal N7oneflow12ResourceDescE
I1012 13:04:08.217864 39082 global.h:36] NewGlobal N7oneflow10ThreadPoolE
I1012 13:04:08.219084 39082 global.h:36] NewGlobal N7oneflow16EagerNcclCommMgrE
I1012 13:04:08.219100 39082 global.h:36] NewGlobal N7oneflow18CudnnConvAlgoCacheE
I1012 13:04:08.219111 39082 global.h:36] NewGlobal N7oneflow2vm19VirtualMachineScopeE
I1012 13:04:08.219120 39082 global.h:36] NewGlobal N7oneflow9OneflowVME
I1012 13:04:08.220000 39082 oneflow_vm.cpp:75] transport stream type: N7oneflow2vm13CpuStreamTypeE
I1012 13:04:08.220016 39082 oneflow_vm.cpp:75] transport stream type: N7oneflow2vm14CudaStreamTypeE
I1012 13:04:08.220023 39082 oneflow_vm.cpp:75] transport stream type: N7oneflow2vm19AsyncCudaStreamTypeE
I1012 13:04:08.220153 39082 global.h:36] NewGlobal N7oneflow27EagerJobBuildAndInferCtxMgrE
I1012 13:04:08.220167 39082 global.h:36] NewGlobal N7oneflow12EpollCommNetE
I1012 13:04:08.220302 39082 epoll_comm_network.cpp:63] CommNet:Epoll listening on 0.0.0.0:39269
I1012 13:04:08.220340 39082 epoll_comm_network.cpp:197] machine 0 sockfd -1
I1012 13:04:08.220465 39082 global.h:36] NewGlobal N7oneflow9TransportE
I1012 13:04:08.221974 39082 global.h:43] DeleteGlobal N7oneflow12ResourceDescE
I1012 13:04:08.222005 39082 version.cpp:22] OneFlow git version: b295ca2324
I1012 13:04:08.222023 39082 device_register_gpu.cpp:56] CUDA runtime version: 11.2
I1012 13:04:08.222044 39082 device_register_gpu.cpp:65] cuDNN version: 8.1.1
I1012 13:04:08.222056 39082 device_register_gpu.cpp:78] NCCL version: 2.9.8
I1012 13:04:08.222065 39082 global.h:36] NewGlobal N7oneflow12ResourceDescE
I1012 13:04:08.222074 39082 global.h:36] NewGlobal N7oneflow5IDMgrE
I1012 13:04:08.222081 39082 global.h:36] NewGlobal N7oneflow16AvailableMemDescE
I1012 13:04:08.222108 39082 global.h:36] NewGlobal St13unordered_mapISslSt4hashISsESt8equal_toISsESaISt4pairIKSslEEE
I1012 13:04:08.222117 39082 global.h:36] NewGlobal N7oneflow19CriticalSectionDescE
I1012 13:04:08.222123 39082 global.h:36] NewGlobal N7oneflow16InterUserJobInfoE
I1012 13:04:08.222131 39082 global.h:36] NewGlobal N7oneflow26LazyJobBuildAndInferCtxMgrE
I1012 13:04:08.222139 39082 global.h:36] NewGlobal N7oneflow16JobSetCompileCtxE
I1012 13:04:08.222146 39082 global.h:36] NewGlobal N7oneflow26RuntimeBufferManagersScopeE
I1012 13:04:08.222154 39082 global.h:36] NewGlobal N7oneflow9BufferMgrIlEE
I1012 13:04:08.222163 39082 global.h:36] NewGlobal N7oneflow9BufferMgrISt10shared_ptrINS_11JobInstanceEEEE
I1012 13:04:08.222170 39082 global.h:36] NewGlobal N7oneflow10RuntimeCtxE
I1012 13:04:08.222177 39082 global.h:36] NewGlobal N7oneflow15MemoryAllocatorE
I1012 13:04:08.222184 39082 global.h:36] NewGlobal N7oneflow8ChunkMgrE
I1012 13:04:08.222191 39082 global.h:36] NewGlobal N7oneflow8RegstMgrE
I1012 13:04:08.222198 39082 global.h:36] NewGlobal N7oneflow11ActorMsgBusE
I1012 13:04:08.222204 39082 global.h:36] NewGlobal N7oneflow9ThreadMgrE
I1012 13:04:08.222211 39082 global.h:36] NewGlobal N7oneflow15RuntimeJobDescsE
I1012 13:04:08.222218 39082 global.h:36] NewGlobal N7oneflow7summary12EventsWriterE
I1012 13:04:08.222229 39082 global.h:36] NewGlobal N7oneflow6boxing10collective24CollectiveBoxingExecutorE
I1012 13:04:08.222235 39082 global.h:36] NewGlobal N7oneflow6boxing10collective31CollectiveBoxingDeviceCtxPollerE
I1012 13:04:08.222366 39082 session.h:77] NewGlobal N7oneflow25SessionGlobalObjectsScopeE
I1012 13:04:08.223137 39082 global.h:36] NewGlobal N7oneflow7JobDescE
I1012 13:04:08.602706 39082 global.h:43] DeleteGlobal N7oneflow7JobDescE
I1012 13:04:08.602929 39082 global.h:36] NewGlobal N7oneflow7JobDescE
I1012 13:04:08.605859 39082 global.h:36] NewGlobal N7oneflow7OpGraphE
I1012 13:04:08.611477 39082 global.h:43] DeleteGlobal N7oneflow7OpGraphE
I1012 13:04:08.875794 39082 global.h:43] DeleteGlobal N7oneflow7JobDescE
I1012 13:04:08.892477 39082 global.h:36] NewGlobal N7oneflow24InterJobReuseMemStrategyE
I1012 13:04:08.892513 39082 global.h:36] NewGlobal N7oneflow7OneflowE
I1012 13:04:08.905122 39082 global.h:36] NewGlobal N7oneflow7JobDescE
I1012 13:04:09.139897 39082 insert_nccl_logical_op_pass.cpp:663]  Try insert nccl logical ops into job: train_job. Begin...
I1012 13:04:09.140497 39082 insert_nccl_logical_op_pass.cpp:432]  insert nccl op: System-NCCL-Logical-S2B-107 from: [IdentityN_5](order=0, nd_sbp=[S(0)])->[ParallelCast_6](order=2, nd_sbp=[B]) and before: [System-Boxing-Identity-86](order=1)
I1012 13:04:09.140578 39082 insert_nccl_logical_op_pass.cpp:432]  insert nccl op: System-NCCL-Logical-S2B-108 from: [IdentityN_5](order=0, nd_sbp=[S(0)])->[ParallelCast_11](order=3, nd_sbp=[B]) and before: [System-Boxing-Identity-86](order=1)
I1012 13:04:09.140708 39082 insert_nccl_logical_op_pass.cpp:432]  insert nccl op: System-NCCL-Logical-S2S-109 from: [Gather_12](order=5, nd_sbp=[S(2)])->[Reshape_14](order=7, nd_sbp=[S(0)]) and before: [Reshape_8](order=6)
I1012 13:04:09.140812 39082 insert_nccl_logical_op_pass.cpp:432]  insert nccl op: System-NCCL-Logical-P2S-110 from: [ReduceSum_9](order=8, nd_sbp=[P])->[AddN_16](order=33, nd_sbp=[S(0)]) and before: [Concat_15](order=9)
I1012 13:04:09.141157 39082 insert_nccl_logical_op_pass.cpp:432]  insert nccl op: System-NCCL-Logical-S2B-111 from: [SigmoidCrossEntropy_17_grad](order=37, nd_sbp=[S(0)])->[ReduceSum_9_grad](order=42, nd_sbp=[B]) and before: [ScalarMul_19](order=38)
I1012 13:04:09.141229 39082 insert_nccl_logical_op_pass.cpp:432]  insert nccl op: System-NCCL-Logical-P2B-112 from: [deep_scores-matmul_grad_b](order=39, nd_sbp=[P])->[System-ModelDiffScale-ScalarMul_70](order=43, nd_sbp=[B]) and before: [deep_scores-matmul_grad_a](order=40)
I1012 13:04:09.141294 39082 insert_nccl_logical_op_pass.cpp:432]  insert nccl op: System-NCCL-Logical-P2B-113 from: [deep_scores-bias_add_grad](order=41, nd_sbp=[P])->[System-ModelDiffScale-ScalarMul_74](order=46, nd_sbp=[B]) and before: [ReduceSum_9_grad](order=42)
I1012 13:04:09.141396 39082 insert_nccl_logical_op_pass.cpp:432]  insert nccl op: System-NCCL-Logical-P2B-114 from: [fc6-matmul_grad_b](order=48, nd_sbp=[P])->[System-ModelDiffScale-ScalarMul_64](order=53, nd_sbp=[B]) and before: [fc6-bias_add_grad](order=49)
I1012 13:04:09.141464 39082 insert_nccl_logical_op_pass.cpp:432]  insert nccl op: System-NCCL-Logical-P2B-115 from: [fc6-bias_add_grad](order=49, nd_sbp=[P])->[System-ModelDiffScale-ScalarMul_63](order=54, nd_sbp=[B]) and before: [fc6-matmul_grad_a](order=50)
I1012 13:04:09.141575 39082 insert_nccl_logical_op_pass.cpp:432]  insert nccl op: System-NCCL-Logical-P2B-116 from: [fc5-matmul_grad_b](order=59, nd_sbp=[P])->[System-ModelDiffScale-ScalarMul_59](order=63, nd_sbp=[B]) and before: [fc5-bias_add_grad](order=60)
I1012 13:04:09.141633 39082 insert_nccl_logical_op_pass.cpp:432]  insert nccl op: System-NCCL-Logical-P2B-117 from: [fc5-bias_add_grad](order=60, nd_sbp=[P])->[System-ModelDiffScale-ScalarMul_62](order=64, nd_sbp=[B]) and before: [fc5-matmul_grad_a](order=61)
I1012 13:04:09.141729 39082 insert_nccl_logical_op_pass.cpp:432]  insert nccl op: System-NCCL-Logical-P2B-118 from: [fc4-matmul_grad_b](order=68, nd_sbp=[P])->[System-ModelDiffScale-ScalarMul_68](order=71, nd_sbp=[B]) and before: [fc4-bias_add_grad](order=69)
I1012 13:04:09.141790 39082 insert_nccl_logical_op_pass.cpp:432]  insert nccl op: System-NCCL-Logical-P2B-119 from: [fc4-bias_add_grad](order=69, nd_sbp=[P])->[System-ModelDiffScale-ScalarMul_73](order=72, nd_sbp=[B]) and before: [fc4-matmul_grad_a](order=70)
I1012 13:04:09.141883 39082 insert_nccl_logical_op_pass.cpp:432]  insert nccl op: System-NCCL-Logical-P2B-120 from: [fc3-bias_add_grad](order=76, nd_sbp=[P])->[System-ModelDiffScale-ScalarMul_71](order=79, nd_sbp=[B]) and before: [fc3-matmul_grad_b](order=77)
I1012 13:04:09.142001 39082 insert_nccl_logical_op_pass.cpp:432]  insert nccl op: System-NCCL-Logical-P2B-121 from: [fc3-matmul_grad_b](order=77, nd_sbp=[P])->[System-ModelDiffScale-ScalarMul_58](order=80, nd_sbp=[B]) and before: [fc3-matmul_grad_a](order=78)
I1012 13:04:09.142102 39082 insert_nccl_logical_op_pass.cpp:432]  insert nccl op: System-NCCL-Logical-P2B-122 from: [fc2-matmul_grad_b](order=84, nd_sbp=[P])->[System-ModelDiffScale-ScalarMul_67](order=87, nd_sbp=[B]) and before: [fc2-bias_add_grad](order=85)
I1012 13:04:09.142179 39082 insert_nccl_logical_op_pass.cpp:432]  insert nccl op: System-NCCL-Logical-P2B-123 from: [fc2-bias_add_grad](order=85, nd_sbp=[P])->[System-ModelDiffScale-ScalarMul_60](order=88, nd_sbp=[B]) and before: [fc2-matmul_grad_a](order=86)
I1012 13:04:09.142280 39082 insert_nccl_logical_op_pass.cpp:432]  insert nccl op: System-NCCL-Logical-P2B-124 from: [fc1-matmul_grad_b](order=92, nd_sbp=[P])->[System-ModelDiffScale-ScalarMul_69](order=95, nd_sbp=[B]) and before: [fc1-bias_add_grad](order=93)
I1012 13:04:09.142340 39082 insert_nccl_logical_op_pass.cpp:432]  insert nccl op: System-NCCL-Logical-P2B-125 from: [fc1-bias_add_grad](order=93, nd_sbp=[P])->[System-ModelDiffScale-ScalarMul_75](order=96, nd_sbp=[B]) and before: [fc1-matmul_grad_a](order=94)
I1012 13:04:09.142441 39082 insert_nccl_logical_op_pass.cpp:432]  insert nccl op: System-NCCL-Logical-P2B-126 from: [fc0-matmul_grad_b](order=100, nd_sbp=[P])->[System-ModelDiffScale-ScalarMul_66](order=103, nd_sbp=[B]) and before: [fc0-bias_add_grad](order=101)
I1012 13:04:09.142508 39082 insert_nccl_logical_op_pass.cpp:432]  insert nccl op: System-NCCL-Logical-P2B-127 from: [fc0-bias_add_grad](order=101, nd_sbp=[P])->[System-ModelDiffScale-ScalarMul_61](order=104, nd_sbp=[B]) and before: [fc0-matmul_grad_a](order=102)
I1012 13:04:09.142611 39082 insert_nccl_logical_op_pass.cpp:432]  insert nccl op: System-NCCL-Logical-S2S-128 from: [Reshape_14_grad](order=108, nd_sbp=[S(0)])->[Gather_12_grad](order=109, nd_sbp=[S(2)]) and before: [Gather_12_grad](order=109)
I1012 13:04:09.142657 39082 insert_nccl_logical_op_pass.cpp:699]  Try insert nccl logical ops into job: train_job. ...End

I1012 13:04:09.195933 39082 global.h:36] NewGlobal N7oneflow7OpGraphE
I1012 13:04:09.308418 39082 global.h:43] DeleteGlobal N7oneflow7OpGraphE
I1012 13:04:09.320976 39082 oneflow.cpp:210] 
job_id: 0 , job_name: train_job , compile time: 0.415809 seconds.
I1012 13:04:09.393671 39082 global.h:43] DeleteGlobal N7oneflow7JobDescE
I1012 13:04:09.393982 39082 global.h:36] NewGlobal N7oneflow7JobDescE
I1012 13:04:09.441222 39082 global.h:36] NewGlobal N7oneflow7OpGraphE
I1012 13:04:09.463372 39082 global.h:43] DeleteGlobal N7oneflow7OpGraphE
I1012 13:04:09.468405 39082 oneflow.cpp:210] 
job_id: 1 , job_name: System-ModelInit , compile time: 0.0739889 seconds.
I1012 13:04:09.483484 39082 global.h:43] DeleteGlobal N7oneflow7JobDescE
I1012 13:04:09.483513 39082 global.h:36] NewGlobal N7oneflow7JobDescE
I1012 13:04:09.528311 39082 global.h:36] NewGlobal N7oneflow7OpGraphE
I1012 13:04:09.550338 39082 global.h:43] DeleteGlobal N7oneflow7OpGraphE
I1012 13:04:09.555305 39082 oneflow.cpp:210] 
job_id: 2 , job_name: System-ModelLoad , compile time: 0.0717724 seconds.
I1012 13:04:09.570086 39082 global.h:43] DeleteGlobal N7oneflow7JobDescE
I1012 13:04:09.570114 39082 global.h:36] NewGlobal N7oneflow7JobDescE
I1012 13:04:09.613919 39082 global.h:36] NewGlobal N7oneflow7OpGraphE
I1012 13:04:09.634023 39082 global.h:43] DeleteGlobal N7oneflow7OpGraphE
I1012 13:04:09.638772 39082 oneflow.cpp:210] 
job_id: 3 , job_name: System-ModelSave , compile time: 0.0686405 seconds.
I1012 13:04:09.653656 39082 global.h:43] DeleteGlobal N7oneflow7JobDescE
I1012 13:04:09.653683 39082 global.h:36] NewGlobal N7oneflow7JobDescE
I1012 13:04:09.663031 39082 global.h:36] NewGlobal N7oneflow7OpGraphE
I1012 13:04:09.667335 39082 global.h:43] DeleteGlobal N7oneflow7OpGraphE
I1012 13:04:09.669651 39082 oneflow.cpp:210] 
job_id: 4 , job_name: System-Pull-Return_20 , compile time: 0.0159511 seconds.
I1012 13:04:09.673949 39082 global.h:43] DeleteGlobal N7oneflow7JobDescE
I1012 13:04:09.680794 39082 global.h:36] NewGlobal N7oneflow7JobDescE
I1012 13:04:09.680827 39082 global.h:36] NewGlobal N7oneflow7OpGraphE
I1012 13:04:09.686609 39082 global.h:43] DeleteGlobal N7oneflow7OpGraphE
I1012 13:04:09.690233 39082 oneflow.cpp:210] 
job_id: 5 , job_name: MainJob-unamed , compile time: 0.0094144 seconds.
I1012 13:04:09.697157 39082 global.h:43] DeleteGlobal N7oneflow7JobDescE
I1012 13:04:09.701952 39082 plan_util.cpp:928]  Plan: merged_plan needs to allocate [ 214.451 MiB ] device memory in Rank: 0 , Device: 1
I1012 13:04:09.701977 39082 plan_util.cpp:928]  Plan: merged_plan needs to allocate [ 214.452 MiB ] device memory in Rank: 0 , Device: 0
I1012 13:04:09.844350 39082 oneflow.cpp:998]  PushPlan merged_plan time: 0.0138107 seconds.
I1012 13:04:09.889324 39082 oneflow.cpp:1014]  PullPlan merged_plan time: 0.0404982 seconds.
I1012 13:04:14.070569 39082 runtime_context.cpp:21] NewCounter constructing_actor_cnt 739
I1012 13:04:14.072237 39683 naive_actor.cpp:25] actor 2207613190293 switch to &NaiveActor::HandlerNormal
I1012 13:04:14.072257 39660 naive_actor.cpp:25] actor 1099614388231 switch to &NaiveActor::HandlerNormal
I1012 13:04:14.073189 39660 thread.cpp:96] Thread 524337 construct Actor kDeviceTick 1099614388231
I1012 13:04:14.072840 39670 naive_actor.cpp:25] actor 2199023255701 switch to &NaiveActor::HandlerNormal
I1012 13:04:14.073076 39661 wait_and_send_ids_actor.cpp:53] actor 1099616485376 switch to &WaitAndSendIdsActor::HandlerWaitToStart
I1012 13:04:14.073279 39660 runtime_context.cpp:29] DecreaseCounter constructing_actor_cnt, current val is 738
I1012 13:04:14.073297 39661 thread.cpp:96] Thread 524338 construct Actor kWaitAndSendIds 1099616485376
I1012 13:04:14.073110 39683 thread.cpp:96] Thread 1052672 construct Actor kDeviceTick 2207613190293
I1012 13:04:14.073262 39670 thread.cpp:96] Thread 1048576 construct Actor kDeviceTick 2199023255701
I1012 13:04:14.073390 39683 runtime_context.cpp:29] DecreaseCounter constructing_actor_cnt, current val is 737
I1012 13:04:14.073403 39661 runtime_context.cpp:29] DecreaseCounter constructing_actor_cnt, current val is 736
I1012 13:04:14.073443 39670 runtime_context.cpp:29] DecreaseCounter constructing_actor_cnt, current val is 735
I1012 13:04:14.073534 39683 naive_actor.cpp:25] actor 2207613190354 switch to &NaiveActor::HandlerNormal
I1012 13:04:14.073551 39683 thread.cpp:96] Thread 1052672 construct Actor kDeviceTick 2207613190354
I1012 13:04:14.073565 39660 naive_actor.cpp:25] actor 1099614388232 switch to &NaiveActor::HandlerNormal
I1012 13:04:14.073580 39683 runtime_context.cpp:29] DecreaseCounter constructing_actor_cnt, current val is 734
I1012 13:04:14.073601 39660 thread.cpp:96] Thread 524337 construct Actor kDeviceTick 1099614388232
I1012 13:04:14.073681 39660 runtime_context.cpp:29] DecreaseCounter constructing_actor_cnt, current val is 733
I1012 13:04:14.073732 39670 naive_actor.cpp:25] actor 2199023255762 switch to &NaiveActor::HandlerNormal
I1012 13:04:14.073757 39683 naive_actor.cpp:25] actor 2207613190393 switch to &NaiveActor::HandlerNormal
I1012 13:04:14.073803 39683 thread.cpp:96] Thread 1052672 construct Actor kDeviceTick 2207613190393
I1012 13:04:14.073787 39670 thread.cpp:96] Thread 1048576 construct Actor kDeviceTick 2199023255762
I1012 13:04:14.073832 39683 runtime_context.cpp:29] DecreaseCounter constructing_actor_cnt, current val is 732
I1012 13:04:14.073879 39670 runtime_context.cpp:29] DecreaseCounter constructing_actor_cnt, current val is 731
I1012 13:04:14.073935 39660 naive_actor.cpp:25] actor 1099614388230 switch to &NaiveActor::HandlerNormal
I1012 13:04:14.073958 39683 naive_actor.cpp:25] actor 2207613190432 switch to &NaiveActor::HandlerNormal
I1012 13:04:14.073987 39683 thread.cpp:96] Thread 1052672 construct Actor kDeviceTick 2207613190432
I1012 13:04:14.073971 39660 thread.cpp:96] Thread 524337 construct Actor kDeviceTick 1099614388230
I1012 13:04:14.074016 39683 runtime_context.cpp:29] DecreaseCounter constructing_actor_cnt, current val is 730
I1012 13:04:14.074071 39660 runtime_context.cpp:29] DecreaseCounter constructing_actor_cnt, current val is 729
I1012 13:04:14.074153 39670 naive_actor.cpp:25] actor 2199023255801 switch to &NaiveActor::HandlerNormal
I1012 13:04:14.074256 39670 thread.cpp:96] Thread 1048576 construct Actor kDeviceTick 2199023255801
I1012 13:04:14.074345 39670 runtime_context.cpp:29] DecreaseCounter constructing_actor_cnt, current val is 728
I1012 13:04:14.074507 39660 naive_actor.cpp:25] actor 1099614388240 switch to &NaiveActor::HandlerNormal
I1012 13:04:14.074648 39660 thread.cpp:96] Thread 524337 construct Actor kDeviceTick 1099614388240
I1012 13:04:14.074707 39660 runtime_context.cpp:29] DecreaseCounter constructing_actor_cnt, current val is 727
I1012 13:04:14.074752 39670 naive_actor.cpp:25] actor 2199023255840 switch to &NaiveActor::HandlerNormal
I1012 13:04:14.074801 39670 thread.cpp:96] Thread 1048576 construct Actor kDeviceTick 2199023255840
I1012 13:04:14.074856 39670 runtime_context.cpp:29] DecreaseCounter constructing_actor_cnt, current val is 726
I1012 13:04:14.074973 39660 naive_actor.cpp:25] actor 1099614388241 switch to &NaiveActor::HandlerNormal
I1012 13:04:14.075007 39660 thread.cpp:96] Thread 524337 construct Actor kDeviceTick 1099614388241
I1012 13:04:14.075058 39660 runtime_context.cpp:29] DecreaseCounter constructing_actor_cnt, current val is 725
I1012 13:04:14.075302 39660 naive_actor.cpp:25] actor 1099614388251 switch to &NaiveActor::HandlerNormal
I1012 13:04:14.075336 39660 thread.cpp:96] Thread 524337 construct Actor kDeviceTick 1099614388251
I1012 13:04:14.075387 39660 runtime_context.cpp:29] DecreaseCounter constructing_actor_cnt, current val is 724
I1012 13:04:14.075629 39660 naive_actor.cpp:25] actor 1099614388260 switch to &NaiveActor::HandlerNormal
I1012 13:04:14.075662 39660 thread.cpp:96] Thread 524337 construct Actor kDeviceTick 1099614388260
I1012 13:04:14.075716 39660 runtime_context.cpp:29] DecreaseCounter constructing_actor_cnt, current val is 723
I1012 13:04:14.075944 39660 naive_actor.cpp:25] actor 1099614388269 switch to &NaiveActor::HandlerNormal
I1012 13:04:14.075976 39660 thread.cpp:96] Thread 524337 construct Actor kDeviceTick 1099614388269
I1012 13:04:14.076025 39660 runtime_context.cpp:29] DecreaseCounter constructing_actor_cnt, current val is 722
I1012 13:04:14.076243 39660 naive_actor.cpp:25] actor 1099614388289 switch to &NaiveActor::HandlerNormal
I1012 13:04:14.076277 39660 thread.cpp:96] Thread 524337 construct Actor kDeviceTick 1099614388289
I1012 13:04:14.076324 39660 runtime_context.cpp:29] DecreaseCounter constructing_actor_cnt, current val is 721
I1012 13:04:14.076575 39660 naive_actor.cpp:25] actor 1099614388286 switch to &NaiveActor::HandlerNormal
I1012 13:04:14.076609 39660 thread.cpp:96] Thread 524337 construct Actor kDeviceTick 1099614388286
I1012 13:04:14.076658 39660 runtime_context.cpp:29] DecreaseCounter constructing_actor_cnt, current val is 720
I1012 13:04:14.076897 39660 naive_actor.cpp:25] actor 1099614388287 switch to &NaiveActor::HandlerNormal
I1012 13:04:14.076930 39660 thread.cpp:96] Thread 524337 construct Actor kDeviceTick 1099614388287
I1012 13:04:14.076979 39660 runtime_context.cpp:29] DecreaseCounter constructing_actor_cnt, current val is 719
I1012 13:04:14.077214 39660 naive_actor.cpp:25] actor 1099614388278 switch to &NaiveActor::HandlerNormal
I1012 13:04:14.077247 39660 thread.cpp:96] Thread 524337 construct Actor kDeviceTick 1099614388278
I1012 13:04:14.077296 39660 runtime_context.cpp:29] DecreaseCounter constructing_actor_cnt, current val is 718
I1012 13:04:14.107600 39641 naive_actor.cpp:25] actor 1099553570816 switch to &NaiveActor::HandlerNormal
I1012 13:04:14.107848 39641 thread.cpp:96] Thread 524308 construct Actor kNormalForward 1099553570816
I1012 13:04:14.108023 39641 runtime_context.cpp:29] DecreaseCounter constructing_actor_cnt, current val is 717
I1012 13:04:14.108166 39647 naive_actor.cpp:25] actor 1099566153728 switch to &NaiveActor::HandlerNormal
I1012 13:04:14.108247 39647 thread.cpp:96] Thread 524314 construct Actor kNormalForward 1099566153728
I1012 13:04:14.108551 39626 naive_actor.cpp:25] actor 1099522113536 switch to &NaiveActor::HandlerNormal
I1012 13:04:14.108582 39627 naive_actor.cpp:25] actor 1099524210688 switch to &NaiveActor::HandlerNormal
I1012 13:04:14.108630 39632 naive_actor.cpp:25] actor 1099534696448 switch to &NaiveActor::HandlerNormal
I1012 13:04:14.108669 39626 thread.cpp:96] Thread 524293 construct Actor kNormalForward 1099522113536
I1012 13:04:14.108680 39647 runtime_context.cpp:29] DecreaseCounter constructing_actor_cnt, current val is 716
I1012 13:04:14.108748 39655 naive_actor.cpp:25] actor 1099582930944 switch to &NaiveActor::HandlerNormal
I1012 13:04:14.108762 39627 thread.cpp:96] Thread 524294 construct Actor kNormalForward 1099524210688
I1012 13:04:14.108834 39632 thread.cpp:96] Thread 524299 construct Actor kNormalForward 1099534696448
I1012 13:04:14.108912 39659 naive_actor.cpp:25] actor 1099591319552 switch to &NaiveActor::HandlerNormal
I1012 13:04:14.109287 39672 naive_actor.cpp:25] actor 2199025352708 switch to &NaiveActor::HandlerNormal
I1012 13:04:14.109388 39632 runtime_context.cpp:29] DecreaseCounter constructing_actor_cnt, current val is 713
I1012 13:04:14.109093 39655 thread.cpp:96] Thread 524322 construct Actor kNormalForward 1099582930944
I1012 13:04:14.109099 39674 naive_actor.cpp:25] actor 2199027449856 switch to &NaiveActor::HandlerNormal
I1012 13:04:14.109524 39636 naive_actor.cpp:25] actor 1099543085056 switch to &NaiveActor::HandlerNormal
I1012 13:04:14.109138 39637 naive_actor.cpp:25] actor 1099545182208 switch to &NaiveActor::HandlerNormal
I1012 13:04:14.109634 39646 naive_actor.cpp:25] actor 1099564056576 switch to &NaiveActor::HandlerNormal
I1012 13:04:14.109757 39646 thread.cpp:96] Thread 524313 construct Actor kNormalForward 1099564056576
I1012 13:04:14.109289 39627 runtime_context.cpp:29] DecreaseCounter constructing_actor_cnt, current val is 714
I1012 13:04:14.109899 39634 naive_actor.cpp:25] actor 1099538890752 switch to &NaiveActor::HandlerNormal
I1012 13:04:14.109954 39629 naive_actor.cpp:25] actor 1099528404992 switch to &NaiveActor::HandlerNormal
I1012 13:04:14.110042 39629 thread.cpp:96] Thread 524296 construct Actor kNormalForward 1099528404992
I1012 13:04:14.109372 39642 naive_actor.cpp:25] actor 1099555667968 switch to &NaiveActor::HandlerNormal
I1012 13:04:14.110181 39642 thread.cpp:96] Thread 524309 construct Actor kNormalForward 1099555667968
I1012 13:04:14.109405 39672 thread.cpp:96] Thread 1048577 construct Actor kSliceBoxing 2199025352708
I1012 13:04:14.109501 39649 naive_actor.cpp:25] actor 1099570348032 switch to &NaiveActor::HandlerNormal
I1012 13:04:14.109128 39662 sink_actor.cpp:21] actor 1099618582528 switch to &SinkActor::HandlerNormal
I1012 13:04:14.109539 39652 naive_actor.cpp:25] actor 1099576639488 switch to &NaiveActor::HandlerNormal
I1012 13:04:14.109549 39674 thread.cpp:96] Thread 1048578 construct Actor kCopyHd 2199027449856
I1012 13:04:14.109565 39655 runtime_context.cpp:29] DecreaseCounter constructing_actor_cnt, current val is 712
I1012 13:04:14.110708 39674 runtime_context.cpp:29] DecreaseCounter constructing_actor_cnt, current val is 707
I1012 13:04:14.109596 39636 thread.cpp:96] Thread 524303 construct Actor kNormalForward 1099543085056
I1012 13:04:14.109611 39654 naive_actor.cpp:25] actor 1099580833792 switch to &NaiveActor::HandlerNormal
I1012 13:04:14.110874 39636 runtime_context.cpp:29] DecreaseCounter constructing_actor_cnt, current val is 706
I1012 13:04:14.109221 39644 naive_actor.cpp:25] actor 1099559862272 switch to &NaiveActor::HandlerNormal
I1012 13:04:14.110980 39644 thread.cpp:96] Thread 524311 construct Actor kNormalForward 1099559862272
I1012 13:04:14.109663 39637 thread.cpp:96] Thread 524304 construct Actor kNormalForward 1099545182208
I1012 13:04:14.111052 39644 runtime_context.cpp:29] DecreaseCounter constructing_actor_cnt, current val is 705
I1012 13:04:14.109673 39631 naive_actor.cpp:25] actor 1099532599296 switch to &NaiveActor::HandlerNormal
I1012 13:04:14.111114 39637 runtime_context.cpp:29] DecreaseCounter constructing_actor_cnt, current val is 704
I1012 13:04:14.109272 39628 naive_actor.cpp:25] actor 1099526307840 switch to &NaiveActor::HandlerNormal
I1012 13:04:14.111335 39628 thread.cpp:96] Thread 524295 construct Actor kNormalForward 1099526307840
I1012 13:04:14.109887 39646 runtime_context.cpp:29] DecreaseCounter constructing_actor_cnt, current val is 711
I1012 13:04:14.109316 39659 thread.cpp:96] Thread 524326 construct Actor kForeignOutput 1099591319552
I1012 13:04:14.109962 39634 thread.cpp:96] Thread 524301 construct Actor kNormalForward 1099538890752
I1012 13:04:14.108964 39635 naive_actor.cpp:25] actor 1099540987904 switch to &NaiveActor::HandlerNormal
I1012 13:04:14.111600 39659 runtime_context.cpp:29] DecreaseCounter constructing_actor_cnt, current val is 702
I1012 13:04:14.111603 39635 thread.cpp:96] Thread 524302 construct Actor kNormalForward 1099540987904
I1012 13:04:14.111636 39634 runtime_context.cpp:29] DecreaseCounter constructing_actor_cnt, current val is 701
I1012 13:04:14.110118 39630 naive_actor.cpp:25] actor 1099530502144 switch to &NaiveActor::HandlerNormal
I1012 13:04:14.111806 39630 thread.cpp:96] Thread 524297 construct Actor kNormalForward 1099530502144
I1012 13:04:14.109068 39626 runtime_context.cpp:29] DecreaseCounter constructing_actor_cnt, current val is 715
I1012 13:04:14.110222 39629 runtime_context.cpp:29] DecreaseCounter constructing_actor_cnt, current val is 710
I1012 13:04:14.110255 39633 naive_actor.cpp:25] actor 1099536793600 switch to &NaiveActor::HandlerNormal
I1012 13:04:14.110311 39642 runtime_context.cpp:29] DecreaseCounter constructing_actor_cnt, current val is 709
I1012 13:04:14.110328 39670 naive_actor.cpp:25] actor 2199023255554 switch to &NaiveActor::HandlerNormal
I1012 13:04:14.110332 39638 naive_actor.cpp:25] actor 1099547279360 switch to &NaiveActor::HandlerNormal
I1012 13:04:14.112243 39638 thread.cpp:96] Thread 524305 construct Actor kNormalForward 1099547279360
I1012 13:04:14.110378 39643 naive_actor.cpp:25] actor 1099557765120 switch to &NaiveActor::HandlerNormal
I1012 13:04:14.110438 39685 naive_actor.cpp:25] actor 2207615287300 switch to &NaiveActor::HandlerNormal
I1012 13:04:14.112366 39685 thread.cpp:96] Thread 1052673 construct Actor kCopyHd 2207615287300
I1012 13:04:14.110445 39645 naive_actor.cpp:25] actor 1099561959424 switch to &NaiveActor::HandlerNormal
I1012 13:04:14.110446 39651 naive_actor.cpp:25] actor 1099574542336 switch to &NaiveActor::HandlerNormal
I1012 13:04:14.112457 39645 thread.cpp:96] Thread 524312 construct Actor kNormalForward 1099561959424
I1012 13:04:14.112481 39651 thread.cpp:96] Thread 524318 construct Actor kForeignInput 1099574542336
I1012 13:04:14.110580 39662 thread.cpp:96] Thread 524339 construct Actor kCallbackNotify 1099618582528
I1012 13:04:14.112561 39651 runtime_context.cpp:29] DecreaseCounter constructing_actor_cnt, current val is 696
I1012 13:04:14.112574 39645 runtime_context.cpp:29] DecreaseCounter constructing_actor_cnt, current val is 695
I1012 13:04:14.110625 39652 thread.cpp:96] Thread 524319 construct Actor kNormalForward 1099576639488
I1012 13:04:14.109572 39648 naive_actor.cpp:25] actor 1099568250880 switch to &NaiveActor::HandlerNormal
I1012 13:04:14.112709 39648 thread.cpp:96] Thread 524315 construct Actor kForeignInput 1099568250880
I1012 13:04:14.110710 39640 naive_actor.cpp:25] actor 1099551473664 switch to &NaiveActor::HandlerNormal
I1012 13:04:14.112789 39648 runtime_context.cpp:29] DecreaseCounter constructing_actor_cnt, current val is 692
I1012 13:04:14.110715 39657 naive_actor.cpp:25] actor 1099587125248 switch to &NaiveActor::HandlerNormal
I1012 13:04:14.110882 39654 thread.cpp:96] Thread 524321 construct Actor kForeignInput 1099580833792
I1012 13:04:14.112859 39657 thread.cpp:96] Thread 524324 construct Actor kNormalForward 1099587125248
I1012 13:04:14.109633 39653 naive_actor.cpp:25] actor 1099578736640 switch to &NaiveActor::HandlerNormal
I1012 13:04:14.112948 39657 runtime_context.cpp:29] DecreaseCounter constructing_actor_cnt, current val is 690
I1012 13:04:14.112965 39653 thread.cpp:96] Thread 524320 construct Actor kNormalForward 1099578736640
I1012 13:04:14.111132 39631 thread.cpp:96] Thread 524298 construct Actor kNormalForward 1099532599296
I1012 13:04:14.109794 39658 naive_actor.cpp:25] actor 1099589222400 switch to &NaiveActor::HandlerNormal
I1012 13:04:14.113226 39658 thread.cpp:96] Thread 524325 construct Actor kNormalForward 1099589222400
I1012 13:04:14.111480 39628 runtime_context.cpp:29] DecreaseCounter constructing_actor_cnt, current val is 703
I1012 13:04:14.109333 39650 naive_actor.cpp:25] actor 1099572445184 switch to &NaiveActor::HandlerNormal
I1012 13:04:14.110064 39621 naive_actor.cpp:25] actor 1099511627776 switch to &NaiveActor::HandlerNormal
I1012 13:04:14.113472 39621 thread.cpp:96] Thread 524288 construct Actor kNormalForward 1099511627776
I1012 13:04:14.111732 39683 naive_actor.cpp:25] actor 2207613190153 switch to &NaiveActor::HandlerNormal
I1012 13:04:14.110131 39656 naive_actor.cpp:25] actor 1099585028096 switch to &NaiveActor::HandlerNormal
I1012 13:04:14.113613 39656 thread.cpp:96] Thread 524323 construct Actor kNormalForward 1099585028096
I1012 13:04:14.111922 39630 runtime_context.cpp:29] DecreaseCounter constructing_actor_cnt, current val is 699
I1012 13:04:14.111925 39624 naive_actor.cpp:25] actor 1099517919232 switch to &NaiveActor::HandlerNormal
I1012 13:04:14.113719 39624 thread.cpp:96] Thread 524291 construct Actor kNormalForward 1099517919232
I1012 13:04:14.112072 39633 thread.cpp:96] Thread 524300 construct Actor kNormalForward 1099536793600
I1012 13:04:14.113803 39624 runtime_context.cpp:29] DecreaseCounter constructing_actor_cnt, current val is 684
I1012 13:04:14.113848 39633 runtime_context.cpp:29] DecreaseCounter constructing_actor_cnt, current val is 683
I1012 13:04:14.112329 39638 runtime_context.cpp:29] DecreaseCounter constructing_actor_cnt, current val is 698
I1012 13:04:14.112417 39685 runtime_context.cpp:29] DecreaseCounter constructing_actor_cnt, current val is 697
I1012 13:04:14.110530 39672 runtime_context.cpp:29] DecreaseCounter constructing_actor_cnt, current val is 708
I1012 13:04:14.110535 39649 thread.cpp:96] Thread 524316 construct Actor kNormalForward 1099570348032
I1012 13:04:14.110580 39639 naive_actor.cpp:25] actor 1099549376512 switch to &NaiveActor::HandlerNormal
I1012 13:04:14.112586 39662 runtime_context.cpp:29] DecreaseCounter constructing_actor_cnt, current val is 694
I1012 13:04:14.114359 39685 naive_actor.cpp:25] actor 2207615287296 switch to &NaiveActor::HandlerNormal
I1012 13:04:14.114401 39685 thread.cpp:96] Thread 1052673 construct Actor kSliceBoxing 2207615287296
I1012 13:04:14.112658 39652 runtime_context.cpp:29] DecreaseCounter constructing_actor_cnt, current val is 693
I1012 13:04:14.114466 39685 runtime_context.cpp:29] DecreaseCounter constructing_actor_cnt, current val is 681
I1012 13:04:14.112784 39640 thread.cpp:96] Thread 524307 construct Actor kNormalForward 1099551473664
I1012 13:04:14.110728 39625 naive_actor.cpp:25] actor 1099520016384 switch to &NaiveActor::HandlerNormal
I1012 13:04:14.112928 39654 runtime_context.cpp:29] DecreaseCounter constructing_actor_cnt, current val is 691
I1012 13:04:14.114624 39640 runtime_context.cpp:29] DecreaseCounter constructing_actor_cnt, current val is 680
I1012 13:04:14.114673 39685 naive_actor.cpp:25] actor 2207615287299 switch to &NaiveActor::HandlerNormal
I1012 13:04:14.114703 39685 thread.cpp:96] Thread 1052673 construct Actor kSliceBoxing 2207615287299
I1012 13:04:14.113098 39653 runtime_context.cpp:29] DecreaseCounter constructing_actor_cnt, current val is 689
I1012 13:04:14.113191 39631 runtime_context.cpp:29] DecreaseCounter constructing_actor_cnt, current val is 688
I1012 13:04:14.111390 39622 naive_actor.cpp:25] actor 1099513724928 switch to &NaiveActor::HandlerNormal
I1012 13:04:14.114926 39622 thread.cpp:96] Thread 524289 construct Actor kNormalForward 1099513724928
I1012 13:04:14.113312 39658 runtime_context.cpp:29] DecreaseCounter constructing_actor_cnt, current val is 687
I1012 13:04:14.113409 39650 thread.cpp:96] Thread 524317 construct Actor kNormalForward 1099572445184
I1012 13:04:14.113567 39683 thread.cpp:96] Thread 1052672 construct Actor kNormalForward 2207613190153
I1012 13:04:14.113575 39621 runtime_context.cpp:29] DecreaseCounter constructing_actor_cnt, current val is 686
I1012 13:04:14.113689 39656 runtime_context.cpp:29] DecreaseCounter constructing_actor_cnt, current val is 685
I1012 13:04:14.112200 39670 thread.cpp:96] Thread 1048576 construct Actor kNormalForward 2199023255554
I1012 13:04:14.112318 39643 thread.cpp:96] Thread 524310 construct Actor kNormalForward 1099557765120
I1012 13:04:14.114210 39649 runtime_context.cpp:29] DecreaseCounter constructing_actor_cnt, current val is 682
I1012 13:04:14.114297 39639 thread.cpp:96] Thread 524306 construct Actor kNormalForward 1099549376512
I1012 13:04:14.114326 39672 naive_actor.cpp:25] actor 2199025352705 switch to &NaiveActor::HandlerNormal
I1012 13:04:14.115558 39672 thread.cpp:96] Thread 1048577 construct Actor kSliceBoxing 2199025352705
I1012 13:04:14.110616 39623 naive_actor.cpp:25] actor 1099515822080 switch to &NaiveActor::HandlerNormal
I1012 13:04:14.114621 39625 thread.cpp:96] Thread 524292 construct Actor kNormalForward 1099520016384
I1012 13:04:14.109766 39660 naive_actor.cpp:25] actor 1099614388228 switch to &NaiveActor::HandlerNormal
I1012 13:04:14.115689 39660 thread.cpp:96] Thread 524337 construct Actor kDeviceTick 1099614388228
I1012 13:04:14.114746 39685 runtime_context.cpp:29] DecreaseCounter constructing_actor_cnt, current val is 679
I1012 13:04:14.111716 39635 runtime_context.cpp:29] DecreaseCounter constructing_actor_cnt, current val is 700
I1012 13:04:14.115017 39622 runtime_context.cpp:29] DecreaseCounter constructing_actor_cnt, current val is 678
I1012 13:04:14.116027 39685 naive_actor.cpp:25] actor 2207615287297 switch to &NaiveActor::HandlerNormal
I1012 13:04:14.116065 39685 thread.cpp:96] Thread 1052673 construct Actor kSliceBoxing 2207615287297
I1012 13:04:14.116114 39685 runtime_context.cpp:29] DecreaseCounter constructing_actor_cnt, current val is 669
I1012 13:04:14.116323 39685 naive_actor.cpp:25] actor 2207615287298 switch to &NaiveActor::HandlerNormal
I1012 13:04:14.116353 39685 thread.cpp:96] Thread 1052673 construct Actor kSliceBoxing 2207615287298
I1012 13:04:14.116395 39685 runtime_context.cpp:29] DecreaseCounter constructing_actor_cnt, current val is 668
I1012 13:04:14.116526 39685 naive_actor.cpp:25] actor 2207615287301 switch to &NaiveActor::HandlerNormal
I1012 13:04:14.116554 39685 thread.cpp:96] Thread 1052673 construct Actor kCopyHd 2207615287301
I1012 13:04:14.116590 39685 runtime_context.cpp:29] DecreaseCounter constructing_actor_cnt, current val is 667
I1012 13:04:14.116724 39685 naive_actor.cpp:25] actor 2207615287302 switch to &NaiveActor::HandlerNormal
I1012 13:04:14.116751 39685 thread.cpp:96] Thread 1052673 construct Actor kCopyHd 2207615287302
I1012 13:04:14.116796 39685 runtime_context.cpp:29] DecreaseCounter constructing_actor_cnt, current val is 666
I1012 13:04:14.115238 39683 runtime_context.cpp:29] DecreaseCounter constructing_actor_cnt, current val is 676
I1012 13:04:14.115238 39650 runtime_context.cpp:29] DecreaseCounter constructing_actor_cnt, current val is 677
I1012 13:04:14.115422 39670 runtime_context.cpp:29] DecreaseCounter constructing_actor_cnt, current val is 675
I1012 13:04:14.115485 39643 runtime_context.cpp:29] DecreaseCounter constructing_actor_cnt, current val is 674
I1012 13:04:14.115590 39639 runtime_context.cpp:29] DecreaseCounter constructing_actor_cnt, current val is 673
I1012 13:04:14.115609 39672 runtime_context.cpp:29] DecreaseCounter constructing_actor_cnt, current val is 672
I1012 13:04:14.115630 39623 thread.cpp:96] Thread 524290 construct Actor kNormalForward 1099515822080
I1012 13:04:14.115720 39625 runtime_context.cpp:29] DecreaseCounter constructing_actor_cnt, current val is 671
I1012 13:04:14.115746 39660 runtime_context.cpp:29] DecreaseCounter constructing_actor_cnt, current val is 670
I1012 13:04:14.117215 39683 naive_actor.cpp:25] actor 2207613190155 switch to &NaiveActor::HandlerNormal
I1012 13:04:14.117599 39623 runtime_context.cpp:29] DecreaseCounter constructing_actor_cnt, current val is 665
I1012 13:04:14.117637 39672 naive_actor.cpp:25] actor 2199025352704 switch to &NaiveActor::HandlerNormal
I1012 13:04:14.117784 39683 thread.cpp:96] Thread 1052672 construct Actor kNormalForward 2207613190155
I1012 13:04:14.117923 39672 thread.cpp:96] Thread 1048577 construct Actor kSliceBoxing 2199025352704
I1012 13:04:14.118046 39683 runtime_context.cpp:29] DecreaseCounter constructing_actor_cnt, current val is 664
I1012 13:04:14.118057 39672 runtime_context.cpp:29] DecreaseCounter constructing_actor_cnt, current val is 663
I1012 13:04:14.118063 39660 naive_actor.cpp:25] actor 1099614388236 switch to &NaiveActor::HandlerNormal
I1012 13:04:14.118185 39660 thread.cpp:96] Thread 524337 construct Actor kTick 1099614388236
I1012 13:04:14.118278 39660 runtime_context.cpp:29] DecreaseCounter constructing_actor_cnt, current val is 662
I1012 13:04:14.118371 39672 naive_actor.cpp:25] actor 2199025352706 switch to &NaiveActor::HandlerNormal
I1012 13:04:14.118422 39672 thread.cpp:96] Thread 1048577 construct Actor kSliceBoxing 2199025352706
I1012 13:04:14.118505 39672 runtime_context.cpp:29] DecreaseCounter constructing_actor_cnt, current val is 661
I1012 13:04:14.118680 39660 naive_actor.cpp:25] actor 1099614388237 switch to &NaiveActor::HandlerNormal
I1012 13:04:14.118736 39660 thread.cpp:96] Thread 524337 construct Actor kTick 1099614388237
I1012 13:04:14.118753 39672 naive_actor.cpp:25] actor 2199025352707 switch to &NaiveActor::HandlerNormal
I1012 13:04:14.118818 39660 runtime_context.cpp:29] DecreaseCounter constructing_actor_cnt, current val is 660
I1012 13:04:14.118825 39672 thread.cpp:96] Thread 1048577 construct Actor kSliceBoxing 2199025352707
I1012 13:04:14.118850 39670 naive_actor.cpp:25] actor 2199023255552 switch to &NaiveActor::HandlerNormal
I1012 13:04:14.118911 39672 runtime_context.cpp:29] DecreaseCounter constructing_actor_cnt, current val is 659
I1012 13:04:14.118921 39670 thread.cpp:96] Thread 1048576 construct Actor kNormalForward 2199023255552
I1012 13:04:14.119046 39670 runtime_context.cpp:29] DecreaseCounter constructing_actor_cnt, current val is 658
I1012 13:04:14.119060 39683 naive_actor.cpp:25] actor 2207613190150 switch to &NaiveActor::HandlerNormal
I1012 13:04:14.119107 39672 naive_actor.cpp:25] actor 2199025352709 switch to &NaiveActor::HandlerNormal
I1012 13:04:14.119136 39683 thread.cpp:96] Thread 1052672 construct Actor kNormalForward 2207613190150
I1012 13:04:14.119172 39660 naive_actor.cpp:25] actor 1099614388234 switch to &NaiveActor::HandlerNormal
I1012 13:04:14.119175 39672 thread.cpp:96] Thread 1048577 construct Actor kCopyHd 2199025352709
I1012 13:04:14.119243 39660 thread.cpp:96] Thread 524337 construct Actor kTick 1099614388234
I1012 13:04:14.119284 39683 runtime_context.cpp:29] DecreaseCounter constructing_actor_cnt, current val is 657
I1012 13:04:14.119292 39672 runtime_context.cpp:29] DecreaseCounter constructing_actor_cnt, current val is 656
I1012 13:04:14.119323 39660 runtime_context.cpp:29] DecreaseCounter constructing_actor_cnt, current val is 655
I1012 13:04:14.119439 39670 naive_actor.cpp:25] actor 2199023255565 switch to &NaiveActor::HandlerNormal
I1012 13:04:14.119491 39670 thread.cpp:96] Thread 1048576 construct Actor kNormalForward 2199023255565
I1012 13:04:14.119506 39672 naive_actor.cpp:25] actor 2199025352710 switch to &NaiveActor::HandlerNormal
I1012 13:04:14.119558 39672 thread.cpp:96] Thread 1048577 construct Actor kCopyHd 2199025352710
I1012 13:04:14.119570 39670 runtime_context.cpp:29] DecreaseCounter constructing_actor_cnt, current val is 654
I1012 13:04:14.119614 39672 runtime_context.cpp:29] DecreaseCounter constructing_actor_cnt, current val is 653
I1012 13:04:14.119799 39672 naive_actor.cpp:25] actor 2199025352711 switch to &NaiveActor::HandlerNormal
I1012 13:04:14.119803 39660 naive_actor.cpp:25] actor 1099614388235 switch to &NaiveActor::HandlerNormal
I1012 13:04:14.119846 39672 thread.cpp:96] Thread 1048577 construct Actor kCopyHd 2199025352711
I1012 13:04:14.119881 39660 thread.cpp:96] Thread 524337 construct Actor kDstSubsetTick 1099614388235
I1012 13:04:14.119930 39672 runtime_context.cpp:29] DecreaseCounter constructing_actor_cnt, current val is 652
I1012 13:04:14.120095 39660 runtime_context.cpp:29] DecreaseCounter constructing_actor_cnt, current val is 651
I1012 13:04:14.120172 39683 naive_actor.cpp:25] actor 2207613190179 switch to &NaiveActor::HandlerNormal
I1012 13:04:14.120229 39683 thread.cpp:96] Thread 1052672 construct Actor kNormalForward 2207613190179
I1012 13:04:14.120312 39683 runtime_context.cpp:29] DecreaseCounter constructing_actor_cnt, current val is 650
I1012 13:04:14.120493 39660 naive_actor.cpp:25] actor 1099614388245 switch to &NaiveActor::HandlerNormal
I1012 13:04:14.120544 39660 thread.cpp:96] Thread 524337 construct Actor kDstSubsetTick 1099614388245
I1012 13:04:14.120618 39660 runtime_context.cpp:29] DecreaseCounter constructing_actor_cnt, current val is 649
I1012 13:04:14.120689 39670 naive_actor.cpp:25] actor 2199023255589 switch to &NaiveActor::HandlerNormal
I1012 13:04:14.120740 39670 thread.cpp:96] Thread 1048576 construct Actor kNormalForward 2199023255589
I1012 13:04:14.120841 39670 runtime_context.cpp:29] DecreaseCounter constructing_actor_cnt, current val is 648
I1012 13:04:14.120971 39660 naive_actor.cpp:25] actor 1099614388227 switch to &NaiveActor::HandlerNormal
I1012 13:04:14.121018 39660 thread.cpp:96] Thread 524337 construct Actor kDeviceTick 1099614388227
I1012 13:04:14.121078 39660 runtime_context.cpp:29] DecreaseCounter constructing_actor_cnt, current val is 647
I1012 13:04:14.121243 39683 naive_actor.cpp:25] actor 2207613190154 switch to &NaiveActor::HandlerNormal
I1012 13:04:14.121296 39683 thread.cpp:96] Thread 1052672 construct Actor kNormalForward 2207613190154
I1012 13:04:14.121376 39660 naive_actor.cpp:25] actor 1099614388229 switch to &NaiveActor::HandlerNormal
I1012 13:04:14.121376 39683 runtime_context.cpp:29] DecreaseCounter constructing_actor_cnt, current val is 646
I1012 13:04:14.121435 39660 thread.cpp:96] Thread 524337 construct Actor kSrcSubsetTick 1099614388229
I1012 13:04:14.121520 39660 runtime_context.cpp:29] DecreaseCounter constructing_actor_cnt, current val is 645
I1012 13:04:14.121629 39670 naive_actor.cpp:25] actor 2199023255553 switch to &NaiveActor::HandlerNormal
I1012 13:04:14.121680 39670 thread.cpp:96] Thread 1048576 construct Actor kNormalForward 2199023255553
I1012 13:04:14.121753 39670 runtime_context.cpp:29] DecreaseCounter constructing_actor_cnt, current val is 644
I1012 13:04:14.121851 39660 naive_actor.cpp:25] actor 1099614388242 switch to &NaiveActor::HandlerNormal
I1012 13:04:14.121899 39660 thread.cpp:96] Thread 524337 construct Actor kSrcSubsetTick 1099614388242
I1012 13:04:14.121971 39660 runtime_context.cpp:29] DecreaseCounter constructing_actor_cnt, current val is 643
I1012 13:04:14.122141 39670 naive_actor.cpp:25] actor 2199023255563 switch to &NaiveActor::HandlerNormal
I1012 13:04:14.122191 39670 thread.cpp:96] Thread 1048576 construct Actor kNormalForward 2199023255563
I1012 13:04:14.122256 39670 runtime_context.cpp:29] DecreaseCounter constructing_actor_cnt, current val is 642
I1012 13:04:14.122298 39660 naive_actor.cpp:25] actor 1099614388244 switch to &NaiveActor::HandlerNormal
I1012 13:04:14.122339 39660 thread.cpp:96] Thread 524337 construct Actor kTick 1099614388244
I1012 13:04:14.122396 39660 runtime_context.cpp:29] DecreaseCounter constructing_actor_cnt, current val is 641
I1012 13:04:14.122407 39683 naive_actor.cpp:25] actor 2207613190147 switch to &NaiveActor::HandlerNormal
I1012 13:04:14.122476 39683 thread.cpp:96] Thread 1052672 construct Actor kNormalForward 2207613190147
I1012 13:04:14.122577 39683 runtime_context.cpp:29] DecreaseCounter constructing_actor_cnt, current val is 640
I1012 13:04:14.122745 39660 naive_actor.cpp:25] actor 1099614388239 switch to &NaiveActor::HandlerNormal
I1012 13:04:14.122793 39660 thread.cpp:96] Thread 524337 construct Actor kTick 1099614388239
I1012 13:04:14.122857 39660 runtime_context.cpp:29] DecreaseCounter constructing_actor_cnt, current val is 639
I1012 13:04:14.123214 39660 naive_actor.cpp:25] actor 1099614388226 switch to &NaiveActor::HandlerNormal
I1012 13:04:14.123286 39670 naive_actor.cpp:25] actor 2199023255574 switch to &NaiveActor::HandlerNormal
I1012 13:04:14.123287 39660 thread.cpp:96] Thread 524337 construct Actor kDeviceTick 1099614388226
I1012 13:04:14.123347 39670 thread.cpp:96] Thread 1048576 construct Actor kNormalForward 2199023255574
I1012 13:04:14.123435 39660 runtime_context.cpp:29] DecreaseCounter constructing_actor_cnt, current val is 638
I1012 13:04:14.123467 39670 runtime_context.cpp:29] DecreaseCounter constructing_actor_cnt, current val is 637
I1012 13:04:14.123589 39683 naive_actor.cpp:25] actor 2207613190171 switch to &NaiveActor::HandlerNormal
I1012 13:04:14.123646 39683 thread.cpp:96] Thread 1052672 construct Actor kNormalForward 2207613190171
I1012 13:04:14.123739 39683 runtime_context.cpp:29] DecreaseCounter constructing_actor_cnt, current val is 636
I1012 13:04:14.123771 39660 naive_actor.cpp:25] actor 1099614388246 switch to &NaiveActor::HandlerNormal
I1012 13:04:14.123816 39660 thread.cpp:96] Thread 524337 construct Actor kTick 1099614388246
I1012 13:04:14.123885 39660 runtime_context.cpp:29] DecreaseCounter constructing_actor_cnt, current val is 635
I1012 13:04:14.124199 39660 naive_actor.cpp:25] actor 1099614388327 switch to &NaiveActor::HandlerNormal
I1012 13:04:14.124264 39660 thread.cpp:96] Thread 524337 construct Actor kTick 1099614388327
I1012 13:04:14.124348 39660 runtime_context.cpp:29] DecreaseCounter constructing_actor_cnt, current val is 634
I1012 13:04:14.124480 39670 naive_actor.cpp:25] actor 2199023255564 switch to &NaiveActor::HandlerNormal
I1012 13:04:14.124529 39670 thread.cpp:96] Thread 1048576 construct Actor kNormalForward 2199023255564
I1012 13:04:14.124608 39670 runtime_context.cpp:29] DecreaseCounter constructing_actor_cnt, current val is 633
I1012 13:04:14.124694 39660 naive_actor.cpp:25] actor 1099614388308 switch to &NaiveActor::HandlerNormal
I1012 13:04:14.124698 39683 naive_actor.cpp:25] actor 2207613190195 switch to &NaiveActor::HandlerNormal
I1012 13:04:14.124745 39660 thread.cpp:96] Thread 524337 construct Actor kTick 1099614388308
I1012 13:04:14.124787 39683 thread.cpp:96] Thread 1052672 construct Actor kNormalForward 2207613190195
I1012 13:04:14.124864 39660 runtime_context.cpp:29] DecreaseCounter constructing_actor_cnt, current val is 632
I1012 13:04:14.124891 39683 runtime_context.cpp:29] DecreaseCounter constructing_actor_cnt, current val is 631
I1012 13:04:14.125161 39660 naive_actor.cpp:25] actor 1099614388238 switch to &NaiveActor::HandlerNormal
I1012 13:04:14.125209 39660 thread.cpp:96] Thread 524337 construct Actor kTick 1099614388238
I1012 13:04:14.125277 39660 runtime_context.cpp:29] DecreaseCounter constructing_actor_cnt, current val is 630
I1012 13:04:14.125587 39660 naive_actor.cpp:25] actor 1099614388224 switch to &NaiveActor::HandlerNormal
I1012 13:04:14.125600 39670 naive_actor.cpp:25] actor 2199023255562 switch to &NaiveActor::HandlerNormal
I1012 13:04:14.125638 39660 thread.cpp:96] Thread 524337 construct Actor kDeviceTick 1099614388224
I1012 13:04:14.125679 39670 thread.cpp:96] Thread 1048576 construct Actor kNormalForward 2199023255562
I1012 13:04:14.125746 39660 runtime_context.cpp:29] DecreaseCounter constructing_actor_cnt, current val is 629
I1012 13:04:14.125747 39683 naive_actor.cpp:25] actor 2207613190152 switch to &NaiveActor::HandlerNormal
I1012 13:04:14.125772 39670 runtime_context.cpp:29] DecreaseCounter constructing_actor_cnt, current val is 628
I1012 13:04:14.125833 39683 thread.cpp:96] Thread 1052672 construct Actor kNormalForward 2207613190152
I1012 13:04:14.125959 39683 runtime_context.cpp:29] DecreaseCounter constructing_actor_cnt, current val is 627
I1012 13:04:14.126082 39660 naive_actor.cpp:25] actor 1099614388247 switch to &NaiveActor::HandlerNormal
I1012 13:04:14.126130 39660 thread.cpp:96] Thread 524337 construct Actor kTick 1099614388247
I1012 13:04:14.126201 39660 runtime_context.cpp:29] DecreaseCounter constructing_actor_cnt, current val is 626
I1012 13:04:14.126292 39683 naive_actor.cpp:25] actor 2207613190151 switch to &NaiveActor::HandlerNormal
I1012 13:04:14.126473 39683 thread.cpp:96] Thread 1052672 construct Actor kNormalForward 2207613190151
I1012 13:04:14.126528 39660 naive_actor.cpp:25] actor 1099614388225 switch to &NaiveActor::HandlerNormal
I1012 13:04:14.126565 39660 thread.cpp:96] Thread 524337 construct Actor kDeviceTick 1099614388225
I1012 13:04:14.126578 39683 runtime_context.cpp:29] DecreaseCounter constructing_actor_cnt, current val is 625
I1012 13:04:14.126619 39660 runtime_context.cpp:29] DecreaseCounter constructing_actor_cnt, current val is 624
I1012 13:04:14.126756 39670 naive_actor.cpp:25] actor 2199023255624 switch to &NaiveActor::HandlerNormal
I1012 13:04:14.126809 39670 thread.cpp:96] Thread 1048576 construct Actor kNormalForward 2199023255624
