Log file created at: 2021/10/12 16:21:17
Running on machine: oneflow-14
Log line format: [IWEF]mmdd hh:mm:ss.uuuuuu threadid file:line] msg
I1012 16:21:17.475720 17996 global.h:36] NewGlobal 14cudaDeviceProp
I1012 16:21:17.476682 17996 global.h:36] NewGlobal N7oneflow7EnvDescE
I1012 16:21:17.476701 17996 global.h:36] NewGlobal N7oneflow10ProcessCtxE
I1012 16:21:17.476708 17996 env_global_objects_scope.cpp:152] using rpc backend: local
I1012 16:21:17.476768 17996 global.h:36] NewGlobal N7oneflow12ResourceDescE
I1012 16:21:17.476780 17996 global.h:36] NewGlobal N7oneflow12ResourceDescE
I1012 16:21:17.536077 17996 global.h:36] NewGlobal N7oneflow10ThreadPoolE
I1012 16:21:17.537058 17996 global.h:36] NewGlobal N7oneflow16EagerNcclCommMgrE
I1012 16:21:17.537070 17996 global.h:36] NewGlobal N7oneflow18CudnnConvAlgoCacheE
I1012 16:21:17.537076 17996 global.h:36] NewGlobal N7oneflow2vm19VirtualMachineScopeE
I1012 16:21:17.537086 17996 global.h:36] NewGlobal N7oneflow9OneflowVME
I1012 16:21:17.537736 17996 oneflow_vm.cpp:75] transport stream type: N7oneflow2vm13CpuStreamTypeE
I1012 16:21:17.537748 17996 oneflow_vm.cpp:75] transport stream type: N7oneflow2vm14CudaStreamTypeE
I1012 16:21:17.537753 17996 oneflow_vm.cpp:75] transport stream type: N7oneflow2vm19AsyncCudaStreamTypeE
I1012 16:21:17.537866 17996 global.h:36] NewGlobal N7oneflow27EagerJobBuildAndInferCtxMgrE
I1012 16:21:17.537878 17996 global.h:36] NewGlobal N7oneflow12EpollCommNetE
I1012 16:21:17.538017 17996 epoll_comm_network.cpp:63] CommNet:Epoll listening on 0.0.0.0:40266
I1012 16:21:17.538049 17996 epoll_comm_network.cpp:197] machine 0 sockfd -1
I1012 16:21:17.538139 17996 global.h:36] NewGlobal N7oneflow9TransportE
I1012 16:21:17.539337 17996 global.h:43] DeleteGlobal N7oneflow12ResourceDescE
I1012 16:21:17.539358 17996 version.cpp:22] OneFlow git version: b295ca2324
I1012 16:21:17.539371 17996 device_register_gpu.cpp:56] CUDA runtime version: 11.2
I1012 16:21:17.539386 17996 device_register_gpu.cpp:65] cuDNN version: 8.1.1
I1012 16:21:17.539394 17996 device_register_gpu.cpp:78] NCCL version: 2.9.8
I1012 16:21:17.539400 17996 global.h:36] NewGlobal N7oneflow12ResourceDescE
I1012 16:21:17.539405 17996 global.h:36] NewGlobal N7oneflow5IDMgrE
I1012 16:21:17.539410 17996 global.h:36] NewGlobal N7oneflow16AvailableMemDescE
I1012 16:21:17.539448 17996 global.h:36] NewGlobal St13unordered_mapISslSt4hashISsESt8equal_toISsESaISt4pairIKSslEEE
I1012 16:21:17.539454 17996 global.h:36] NewGlobal N7oneflow19CriticalSectionDescE
I1012 16:21:17.539458 17996 global.h:36] NewGlobal N7oneflow16InterUserJobInfoE
I1012 16:21:17.539464 17996 global.h:36] NewGlobal N7oneflow26LazyJobBuildAndInferCtxMgrE
I1012 16:21:17.539469 17996 global.h:36] NewGlobal N7oneflow16JobSetCompileCtxE
I1012 16:21:17.539474 17996 global.h:36] NewGlobal N7oneflow26RuntimeBufferManagersScopeE
I1012 16:21:17.539479 17996 global.h:36] NewGlobal N7oneflow9BufferMgrIlEE
I1012 16:21:17.539484 17996 global.h:36] NewGlobal N7oneflow9BufferMgrISt10shared_ptrINS_11JobInstanceEEEE
I1012 16:21:17.539489 17996 global.h:36] NewGlobal N7oneflow10RuntimeCtxE
I1012 16:21:17.539494 17996 global.h:36] NewGlobal N7oneflow15MemoryAllocatorE
I1012 16:21:17.539499 17996 global.h:36] NewGlobal N7oneflow8ChunkMgrE
I1012 16:21:17.539502 17996 global.h:36] NewGlobal N7oneflow8RegstMgrE
I1012 16:21:17.539507 17996 global.h:36] NewGlobal N7oneflow11ActorMsgBusE
I1012 16:21:17.539511 17996 global.h:36] NewGlobal N7oneflow9ThreadMgrE
I1012 16:21:17.539516 17996 global.h:36] NewGlobal N7oneflow15RuntimeJobDescsE
I1012 16:21:17.539520 17996 global.h:36] NewGlobal N7oneflow7summary12EventsWriterE
I1012 16:21:17.539527 17996 global.h:36] NewGlobal N7oneflow6boxing10collective24CollectiveBoxingExecutorE
I1012 16:21:17.539532 17996 global.h:36] NewGlobal N7oneflow6boxing10collective31CollectiveBoxingDeviceCtxPollerE
I1012 16:21:17.539636 17996 session.h:77] NewGlobal N7oneflow25SessionGlobalObjectsScopeE
I1012 16:21:17.540194 17996 global.h:36] NewGlobal N7oneflow7JobDescE
I1012 16:21:18.120455 17996 global.h:43] DeleteGlobal N7oneflow7JobDescE
I1012 16:21:18.120759 17996 global.h:36] NewGlobal N7oneflow7JobDescE
I1012 16:21:18.125201 17996 global.h:36] NewGlobal N7oneflow7OpGraphE
I1012 16:21:18.134793 17996 global.h:43] DeleteGlobal N7oneflow7OpGraphE
I1012 16:21:18.562575 17996 global.h:43] DeleteGlobal N7oneflow7JobDescE
I1012 16:21:18.587378 17996 global.h:36] NewGlobal N7oneflow24InterJobReuseMemStrategyE
I1012 16:21:18.587608 17996 global.h:36] NewGlobal N7oneflow7OneflowE
I1012 16:21:18.604264 17996 global.h:36] NewGlobal N7oneflow7JobDescE
I1012 16:21:18.948951 17996 insert_nccl_logical_op_pass.cpp:663]  Try insert nccl logical ops into job: train_job. Begin...
I1012 16:21:18.950007 17996 insert_nccl_logical_op_pass.cpp:432]  insert nccl op: System-NCCL-Logical-S2B-114 from: [IdentityN_5](order=0, nd_sbp=[S(0)])->[ParallelCast_6](order=2, nd_sbp=[B]) and before: [System-Boxing-Identity-93](order=1)
I1012 16:21:18.950227 17996 insert_nccl_logical_op_pass.cpp:432]  insert nccl op: System-NCCL-Logical-S2B-115 from: [IdentityN_5](order=0, nd_sbp=[S(0)])->[ParallelCast_11](order=3, nd_sbp=[B]) and before: [System-Boxing-Identity-93](order=1)
I1012 16:21:18.950462 17996 insert_nccl_logical_op_pass.cpp:432]  insert nccl op: System-NCCL-Logical-S2S-116 from: [Gather_12](order=5, nd_sbp=[S(2)])->[Reshape_14](order=7, nd_sbp=[S(0)]) and before: [Reshape_8](order=6)
I1012 16:21:18.950603 17996 insert_nccl_logical_op_pass.cpp:432]  insert nccl op: System-NCCL-Logical-P2S-117 from: [ReduceSum_9](order=8, nd_sbp=[P])->[AddN_23](order=47, nd_sbp=[S(0)]) and before: [Concat_15](order=9)
I1012 16:21:18.951279 17996 insert_nccl_logical_op_pass.cpp:432]  insert nccl op: System-NCCL-Logical-S2B-118 from: [SigmoidCrossEntropy_24_grad](order=51, nd_sbp=[S(0)])->[ReduceSum_9_grad](order=56, nd_sbp=[B]) and before: [ScalarMul_26](order=52)
I1012 16:21:18.951393 17996 insert_nccl_logical_op_pass.cpp:432]  insert nccl op: System-NCCL-Logical-P2B-119 from: [deep_scores-bias_add_grad](order=54, nd_sbp=[P])->[System-ModelDiffScale-ScalarMul_78](order=58, nd_sbp=[B]) and before: [deep_scores-matmul_grad_b](order=55)
I1012 16:21:18.951494 17996 insert_nccl_logical_op_pass.cpp:432]  insert nccl op: System-NCCL-Logical-P2B-120 from: [deep_scores-matmul_grad_b](order=55, nd_sbp=[P])->[System-ModelDiffScale-ScalarMul_66](order=59, nd_sbp=[B]) and before: [ReduceSum_9_grad](order=56)
I1012 16:21:18.951666 17996 insert_nccl_logical_op_pass.cpp:432]  insert nccl op: System-NCCL-Logical-P2B-121 from: [fc6-bias_add_grad](order=65, nd_sbp=[P])->[System-ModelDiffScale-ScalarMul_69](order=69, nd_sbp=[B]) and before: [fc6-matmul_grad_b](order=66)
I1012 16:21:18.951772 17996 insert_nccl_logical_op_pass.cpp:432]  insert nccl op: System-NCCL-Logical-P2B-122 from: [fc6-matmul_grad_b](order=66, nd_sbp=[P])->[System-ModelDiffScale-ScalarMul_70](order=70, nd_sbp=[B]) and before: [fc6-matmul_grad_a](order=67)
I1012 16:21:18.951930 17996 insert_nccl_logical_op_pass.cpp:432]  insert nccl op: System-NCCL-Logical-P2B-123 from: [fc5-matmul_grad_b](order=76, nd_sbp=[P])->[System-ModelDiffScale-ScalarMul_68](order=79, nd_sbp=[B]) and before: [fc5-bias_add_grad](order=77)
I1012 16:21:18.952025 17996 insert_nccl_logical_op_pass.cpp:432]  insert nccl op: System-NCCL-Logical-P2B-124 from: [fc5-bias_add_grad](order=77, nd_sbp=[P])->[System-ModelDiffScale-ScalarMul_71](order=80, nd_sbp=[B]) and before: [fc5-matmul_grad_a](order=78)
I1012 16:21:18.952174 17996 insert_nccl_logical_op_pass.cpp:432]  insert nccl op: System-NCCL-Logical-P2B-125 from: [fc4-matmul_grad_b](order=85, nd_sbp=[P])->[System-ModelDiffScale-ScalarMul_74](order=88, nd_sbp=[B]) and before: [fc4-bias_add_grad](order=86)
I1012 16:21:18.952263 17996 insert_nccl_logical_op_pass.cpp:432]  insert nccl op: System-NCCL-Logical-P2B-126 from: [fc4-bias_add_grad](order=86, nd_sbp=[P])->[System-ModelDiffScale-ScalarMul_79](order=89, nd_sbp=[B]) and before: [fc4-matmul_grad_a](order=87)
I1012 16:21:18.952404 17996 insert_nccl_logical_op_pass.cpp:432]  insert nccl op: System-NCCL-Logical-P2B-127 from: [fc3-matmul_grad_b](order=94, nd_sbp=[P])->[System-ModelDiffScale-ScalarMul_67](order=97, nd_sbp=[B]) and before: [fc3-bias_add_grad](order=95)
I1012 16:21:18.952672 17996 insert_nccl_logical_op_pass.cpp:432]  insert nccl op: System-NCCL-Logical-P2B-128 from: [fc3-bias_add_grad](order=95, nd_sbp=[P])->[System-ModelDiffScale-ScalarMul_82](order=98, nd_sbp=[B]) and before: [fc3-matmul_grad_a](order=96)
I1012 16:21:18.952828 17996 insert_nccl_logical_op_pass.cpp:432]  insert nccl op: System-NCCL-Logical-P2B-129 from: [fc2-bias_add_grad](order=103, nd_sbp=[P])->[System-ModelDiffScale-ScalarMul_73](order=106, nd_sbp=[B]) and before: [fc2-matmul_grad_b](order=104)
I1012 16:21:18.952919 17996 insert_nccl_logical_op_pass.cpp:432]  insert nccl op: System-NCCL-Logical-P2B-130 from: [fc2-matmul_grad_b](order=104, nd_sbp=[P])->[System-ModelDiffScale-ScalarMul_77](order=107, nd_sbp=[B]) and before: [fc2-matmul_grad_a](order=105)
I1012 16:21:18.953061 17996 insert_nccl_logical_op_pass.cpp:432]  insert nccl op: System-NCCL-Logical-P2B-131 from: [fc1-matmul_grad_b](order=112, nd_sbp=[P])->[System-ModelDiffScale-ScalarMul_81](order=115, nd_sbp=[B]) and before: [fc1-bias_add_grad](order=113)
I1012 16:21:18.953143 17996 insert_nccl_logical_op_pass.cpp:432]  insert nccl op: System-NCCL-Logical-P2B-132 from: [fc1-bias_add_grad](order=113, nd_sbp=[P])->[System-ModelDiffScale-ScalarMul_65](order=116, nd_sbp=[B]) and before: [fc1-matmul_grad_a](order=114)
I1012 16:21:18.953277 17996 insert_nccl_logical_op_pass.cpp:432]  insert nccl op: System-NCCL-Logical-P2B-133 from: [fc0-matmul_grad_b](order=121, nd_sbp=[P])->[System-ModelDiffScale-ScalarMul_75](order=124, nd_sbp=[B]) and before: [fc0-bias_add_grad](order=122)
I1012 16:21:18.953372 17996 insert_nccl_logical_op_pass.cpp:432]  insert nccl op: System-NCCL-Logical-P2B-134 from: [fc0-bias_add_grad](order=122, nd_sbp=[P])->[System-ModelDiffScale-ScalarMul_72](order=125, nd_sbp=[B]) and before: [fc0-matmul_grad_a](order=123)
I1012 16:21:18.953521 17996 insert_nccl_logical_op_pass.cpp:432]  insert nccl op: System-NCCL-Logical-S2S-135 from: [Reshape_14_grad](order=129, nd_sbp=[S(0)])->[Gather_12_grad](order=130, nd_sbp=[S(2)]) and before: [Gather_12_grad](order=130)
I1012 16:21:18.953595 17996 insert_nccl_logical_op_pass.cpp:699]  Try insert nccl logical ops into job: train_job. ...End

I1012 16:21:19.037799 17996 global.h:36] NewGlobal N7oneflow7OpGraphE
I1012 16:21:19.184798 17996 global.h:43] DeleteGlobal N7oneflow7OpGraphE
I1012 16:21:19.200234 17996 oneflow.cpp:210] 
job_id: 0 , job_name: train_job , compile time: 0.595794 seconds.
I1012 16:21:19.308791 17996 global.h:43] DeleteGlobal N7oneflow7JobDescE
I1012 16:21:19.309265 17996 global.h:36] NewGlobal N7oneflow7JobDescE
I1012 16:21:19.366446 17996 global.h:36] NewGlobal N7oneflow7OpGraphE
I1012 16:21:19.390094 17996 global.h:43] DeleteGlobal N7oneflow7OpGraphE
I1012 16:21:19.395081 17996 oneflow.cpp:210] 
job_id: 1 , job_name: System-ModelInit , compile time: 0.0853363 seconds.
I1012 16:21:19.411840 17996 global.h:43] DeleteGlobal N7oneflow7JobDescE
I1012 16:21:19.411911 17996 global.h:36] NewGlobal N7oneflow7JobDescE
I1012 16:21:19.464072 17996 global.h:36] NewGlobal N7oneflow7OpGraphE
I1012 16:21:19.487339 17996 global.h:43] DeleteGlobal N7oneflow7OpGraphE
I1012 16:21:19.492560 17996 oneflow.cpp:210] 
job_id: 2 , job_name: System-ModelLoad , compile time: 0.0805901 seconds.
I1012 16:21:19.510051 17996 global.h:43] DeleteGlobal N7oneflow7JobDescE
I1012 16:21:19.510123 17996 global.h:36] NewGlobal N7oneflow7JobDescE
I1012 16:21:19.560468 17996 global.h:36] NewGlobal N7oneflow7OpGraphE
I1012 16:21:19.582082 17996 global.h:43] DeleteGlobal N7oneflow7OpGraphE
I1012 16:21:19.586675 17996 oneflow.cpp:210] 
job_id: 3 , job_name: System-ModelSave , compile time: 0.0764984 seconds.
I1012 16:21:19.605268 17996 global.h:43] DeleteGlobal N7oneflow7JobDescE
I1012 16:21:19.605347 17996 global.h:36] NewGlobal N7oneflow7JobDescE
I1012 16:21:19.616369 17996 global.h:36] NewGlobal N7oneflow7OpGraphE
I1012 16:21:19.621942 17996 global.h:43] DeleteGlobal N7oneflow7OpGraphE
I1012 16:21:19.623989 17996 oneflow.cpp:210] 
job_id: 4 , job_name: System-Pull-Return_27 , compile time: 0.0185846 seconds.
I1012 16:21:19.629158 17996 global.h:43] DeleteGlobal N7oneflow7JobDescE
I1012 16:21:19.638123 17996 global.h:36] NewGlobal N7oneflow7JobDescE
I1012 16:21:19.638207 17996 global.h:36] NewGlobal N7oneflow7OpGraphE
I1012 16:21:19.644500 17996 global.h:43] DeleteGlobal N7oneflow7OpGraphE
I1012 16:21:19.647420 17996 oneflow.cpp:210] 
job_id: 5 , job_name: MainJob-unamed , compile time: 0.00923034 seconds.
I1012 16:21:19.655457 17996 global.h:43] DeleteGlobal N7oneflow7JobDescE
I1012 16:21:19.663065 17996 plan_util.cpp:928]  Plan: merged_plan needs to allocate [ 758.132 MiB ] device memory in Rank: 0 , Device: 0
I1012 16:21:19.663141 17996 plan_util.cpp:928]  Plan: merged_plan needs to allocate [ 758.131 MiB ] device memory in Rank: 0 , Device: 1
I1012 16:21:19.890406 17996 oneflow.cpp:998]  PushPlan merged_plan time: 0.0209254 seconds.
I1012 16:21:19.954802 17996 oneflow.cpp:1014]  PullPlan merged_plan time: 0.0550223 seconds.
I1012 16:21:25.719272 17996 runtime_context.cpp:21] NewCounter constructing_actor_cnt 781
I1012 16:21:25.721472 18576 naive_actor.cpp:25] actor 1099614388230 switch to &NaiveActor::HandlerNormal
I1012 16:21:25.721482 18587 naive_actor.cpp:25] actor 2199023255722 switch to &NaiveActor::HandlerNormal
I1012 16:21:25.721498 18593 naive_actor.cpp:25] actor 2207613190314 switch to &NaiveActor::HandlerNormal
I1012 16:21:25.721565 18576 thread.cpp:96] Thread 524337 construct Actor kDeviceTick 1099614388230
I1012 16:21:25.721601 18577 wait_and_send_ids_actor.cpp:53] actor 1099616485376 switch to &WaitAndSendIdsActor::HandlerWaitToStart
I1012 16:21:25.721626 18587 thread.cpp:96] Thread 1048576 construct Actor kDeviceTick 2199023255722
I1012 16:21:25.721653 18593 thread.cpp:96] Thread 1052672 construct Actor kDeviceTick 2207613190314
I1012 16:21:25.721843 18576 runtime_context.cpp:29] DecreaseCounter constructing_actor_cnt, current val is 780
I1012 16:21:25.721928 18577 thread.cpp:96] Thread 524338 construct Actor kWaitAndSendIds 1099616485376
I1012 16:21:25.722034 18587 runtime_context.cpp:29] DecreaseCounter constructing_actor_cnt, current val is 779
I1012 16:21:25.722126 18593 runtime_context.cpp:29] DecreaseCounter constructing_actor_cnt, current val is 778
I1012 16:21:25.722242 18577 runtime_context.cpp:29] DecreaseCounter constructing_actor_cnt, current val is 777
I1012 16:21:25.722267 18576 naive_actor.cpp:25] actor 1099614388240 switch to &NaiveActor::HandlerNormal
I1012 16:21:25.722321 18576 thread.cpp:96] Thread 524337 construct Actor kDeviceTick 1099614388240
I1012 16:21:25.722349 18587 naive_actor.cpp:25] actor 2199023255783 switch to &NaiveActor::HandlerNormal
I1012 16:21:25.722398 18587 thread.cpp:96] Thread 1048576 construct Actor kDeviceTick 2199023255783
I1012 16:21:25.722451 18576 runtime_context.cpp:29] DecreaseCounter constructing_actor_cnt, current val is 776
I1012 16:21:25.722483 18587 runtime_context.cpp:29] DecreaseCounter constructing_actor_cnt, current val is 775
I1012 16:21:25.722599 18593 naive_actor.cpp:25] actor 2207613190375 switch to &NaiveActor::HandlerNormal
I1012 16:21:25.722649 18587 naive_actor.cpp:25] actor 2199023255822 switch to &NaiveActor::HandlerNormal
I1012 16:21:25.722703 18576 naive_actor.cpp:25] actor 1099614388232 switch to &NaiveActor::HandlerNormal
I1012 16:21:25.722707 18587 thread.cpp:96] Thread 1048576 construct Actor kDeviceTick 2199023255822
I1012 16:21:25.722760 18576 thread.cpp:96] Thread 524337 construct Actor kDeviceTick 1099614388232
I1012 16:21:25.722673 18593 thread.cpp:96] Thread 1052672 construct Actor kDeviceTick 2207613190375
I1012 16:21:25.722810 18587 runtime_context.cpp:29] DecreaseCounter constructing_actor_cnt, current val is 774
I1012 16:21:25.722870 18576 runtime_context.cpp:29] DecreaseCounter constructing_actor_cnt, current val is 773
I1012 16:21:25.722929 18593 runtime_context.cpp:29] DecreaseCounter constructing_actor_cnt, current val is 772
I1012 16:21:25.723017 18587 naive_actor.cpp:25] actor 2199023255861 switch to &NaiveActor::HandlerNormal
I1012 16:21:25.723054 18587 thread.cpp:96] Thread 1048576 construct Actor kDeviceTick 2199023255861
I1012 16:21:25.723131 18576 naive_actor.cpp:25] actor 1099614388231 switch to &NaiveActor::HandlerNormal
I1012 16:21:25.723248 18587 runtime_context.cpp:29] DecreaseCounter constructing_actor_cnt, current val is 771
I1012 16:21:25.723248 18576 thread.cpp:96] Thread 524337 construct Actor kDeviceTick 1099614388231
I1012 16:21:25.723333 18593 naive_actor.cpp:25] actor 2207613190414 switch to &NaiveActor::HandlerNormal
I1012 16:21:25.723354 18576 runtime_context.cpp:29] DecreaseCounter constructing_actor_cnt, current val is 770
I1012 16:21:25.723410 18593 thread.cpp:96] Thread 1052672 construct Actor kDeviceTick 2207613190414
I1012 16:21:25.723547 18593 runtime_context.cpp:29] DecreaseCounter constructing_actor_cnt, current val is 769
I1012 16:21:25.723630 18576 naive_actor.cpp:25] actor 1099614388241 switch to &NaiveActor::HandlerNormal
I1012 16:21:25.723673 18576 thread.cpp:96] Thread 524337 construct Actor kDeviceTick 1099614388241
I1012 16:21:25.723757 18576 runtime_context.cpp:29] DecreaseCounter constructing_actor_cnt, current val is 768
I1012 16:21:25.724004 18593 naive_actor.cpp:25] actor 2207613190453 switch to &NaiveActor::HandlerNormal
I1012 16:21:25.724079 18593 thread.cpp:96] Thread 1052672 construct Actor kDeviceTick 2207613190453
I1012 16:21:25.724094 18576 naive_actor.cpp:25] actor 1099614388251 switch to &NaiveActor::HandlerNormal
I1012 16:21:25.724171 18576 thread.cpp:96] Thread 524337 construct Actor kDeviceTick 1099614388251
I1012 16:21:25.724185 18593 runtime_context.cpp:29] DecreaseCounter constructing_actor_cnt, current val is 767
I1012 16:21:25.724237 18576 runtime_context.cpp:29] DecreaseCounter constructing_actor_cnt, current val is 766
I1012 16:21:25.724473 18576 naive_actor.cpp:25] actor 1099614388260 switch to &NaiveActor::HandlerNormal
I1012 16:21:25.724519 18576 thread.cpp:96] Thread 524337 construct Actor kDeviceTick 1099614388260
I1012 16:21:25.724576 18576 runtime_context.cpp:29] DecreaseCounter constructing_actor_cnt, current val is 765
I1012 16:21:25.724812 18576 naive_actor.cpp:25] actor 1099614388269 switch to &NaiveActor::HandlerNormal
I1012 16:21:25.724853 18576 thread.cpp:96] Thread 524337 construct Actor kDeviceTick 1099614388269
I1012 16:21:25.724911 18576 runtime_context.cpp:29] DecreaseCounter constructing_actor_cnt, current val is 764
I1012 16:21:25.725137 18576 naive_actor.cpp:25] actor 1099614388278 switch to &NaiveActor::HandlerNormal
I1012 16:21:25.725186 18576 thread.cpp:96] Thread 524337 construct Actor kDeviceTick 1099614388278
I1012 16:21:25.725247 18576 runtime_context.cpp:29] DecreaseCounter constructing_actor_cnt, current val is 763
I1012 16:21:25.725503 18576 naive_actor.cpp:25] actor 1099614388287 switch to &NaiveActor::HandlerNormal
I1012 16:21:25.725549 18576 thread.cpp:96] Thread 524337 construct Actor kDeviceTick 1099614388287
I1012 16:21:25.725616 18576 runtime_context.cpp:29] DecreaseCounter constructing_actor_cnt, current val is 762
I1012 16:21:25.725857 18576 naive_actor.cpp:25] actor 1099614388289 switch to &NaiveActor::HandlerNormal
I1012 16:21:25.725900 18576 thread.cpp:96] Thread 524337 construct Actor kDeviceTick 1099614388289
I1012 16:21:25.725968 18576 runtime_context.cpp:29] DecreaseCounter constructing_actor_cnt, current val is 761
I1012 16:21:25.726205 18576 naive_actor.cpp:25] actor 1099614388286 switch to &NaiveActor::HandlerNormal
I1012 16:21:25.726248 18576 thread.cpp:96] Thread 524337 construct Actor kDeviceTick 1099614388286
I1012 16:21:25.726315 18576 runtime_context.cpp:29] DecreaseCounter constructing_actor_cnt, current val is 760
I1012 16:21:25.758096 18547 naive_actor.cpp:25] actor 1099532599296 switch to &NaiveActor::HandlerNormal
I1012 16:21:25.758107 18541 naive_actor.cpp:25] actor 1099520016384 switch to &NaiveActor::HandlerNormal
I1012 16:21:25.758127 18549 naive_actor.cpp:25] actor 1099536793600 switch to &NaiveActor::HandlerNormal
I1012 16:21:25.758479 18545 naive_actor.cpp:25] actor 1099528404992 switch to &NaiveActor::HandlerNormal
I1012 16:21:25.758283 18547 thread.cpp:96] Thread 524298 construct Actor kNormalForward 1099532599296
I1012 16:21:25.758420 18541 thread.cpp:96] Thread 524292 construct Actor kNormalForward 1099520016384
I1012 16:21:25.758935 18547 runtime_context.cpp:29] DecreaseCounter constructing_actor_cnt, current val is 759
I1012 16:21:25.759033 18541 runtime_context.cpp:29] DecreaseCounter constructing_actor_cnt, current val is 758
I1012 16:21:25.758495 18544 naive_actor.cpp:25] actor 1099526307840 switch to &NaiveActor::HandlerNormal
I1012 16:21:25.758502 18549 thread.cpp:96] Thread 524300 construct Actor kNormalForward 1099536793600
I1012 16:21:25.758595 18545 thread.cpp:96] Thread 524296 construct Actor kNormalForward 1099528404992
I1012 16:21:25.758671 18548 naive_actor.cpp:25] actor 1099534696448 switch to &NaiveActor::HandlerNormal
I1012 16:21:25.758767 18542 naive_actor.cpp:25] actor 1099522113536 switch to &NaiveActor::HandlerNormal
I1012 16:21:25.758249 18553 naive_actor.cpp:25] actor 1099545182208 switch to &NaiveActor::HandlerNormal
I1012 16:21:25.759243 18552 naive_actor.cpp:25] actor 1099543085056 switch to &NaiveActor::HandlerNormal
I1012 16:21:25.759250 18546 naive_actor.cpp:25] actor 1099530502144 switch to &NaiveActor::HandlerNormal
I1012 16:21:25.759299 18544 thread.cpp:96] Thread 524295 construct Actor kNormalForward 1099526307840
I1012 16:21:25.759303 18543 naive_actor.cpp:25] actor 1099524210688 switch to &NaiveActor::HandlerNormal
I1012 16:21:25.760159 18543 thread.cpp:96] Thread 524294 construct Actor kNormalForward 1099524210688
I1012 16:21:25.759485 18548 thread.cpp:96] Thread 524299 construct Actor kNormalForward 1099534696448
I1012 16:21:25.759511 18545 runtime_context.cpp:29] DecreaseCounter constructing_actor_cnt, current val is 756
I1012 16:21:25.760301 18556 naive_actor.cpp:25] actor 1099551473664 switch to &NaiveActor::HandlerNormal
I1012 16:21:25.759622 18553 thread.cpp:96] Thread 524304 construct Actor kNormalForward 1099545182208
I1012 16:21:25.760458 18557 naive_actor.cpp:25] actor 1099553570816 switch to &NaiveActor::HandlerNormal
I1012 16:21:25.759917 18559 naive_actor.cpp:25] actor 1099557765120 switch to &NaiveActor::HandlerNormal
I1012 16:21:25.759917 18550 naive_actor.cpp:25] actor 1099538890752 switch to &NaiveActor::HandlerNormal
I1012 16:21:25.759958 18552 thread.cpp:96] Thread 524303 construct Actor kNormalForward 1099543085056
I1012 16:21:25.760023 18546 thread.cpp:96] Thread 524297 construct Actor kNormalForward 1099530502144
I1012 16:21:25.760744 18555 naive_actor.cpp:25] actor 1099549376512 switch to &NaiveActor::HandlerNormal
I1012 16:21:25.760182 18544 runtime_context.cpp:29] DecreaseCounter constructing_actor_cnt, current val is 755
I1012 16:21:25.760181 18551 naive_actor.cpp:25] actor 1099540987904 switch to &NaiveActor::HandlerNormal
I1012 16:21:25.760921 18593 naive_actor.cpp:25] actor 2207613190157 switch to &NaiveActor::HandlerNormal
I1012 16:21:25.760334 18548 runtime_context.cpp:29] DecreaseCounter constructing_actor_cnt, current val is 753
I1012 16:21:25.759560 18542 thread.cpp:96] Thread 524293 construct Actor kNormalForward 1099522113536
I1012 16:21:25.760416 18556 thread.cpp:96] Thread 524307 construct Actor kNormalForward 1099551473664
I1012 16:21:25.761137 18589 naive_actor.cpp:25] actor 2199025352704 switch to &NaiveActor::HandlerNormal
I1012 16:21:25.760458 18565 naive_actor.cpp:25] actor 1099570348032 switch to &NaiveActor::HandlerNormal
I1012 16:21:25.760507 18557 thread.cpp:96] Thread 524308 construct Actor kNormalForward 1099553570816
I1012 16:21:25.760535 18553 runtime_context.cpp:29] DecreaseCounter constructing_actor_cnt, current val is 752
I1012 16:21:25.760557 18587 naive_actor.cpp:25] actor 2199023255563 switch to &NaiveActor::HandlerNormal
I1012 16:21:25.761335 18557 runtime_context.cpp:29] DecreaseCounter constructing_actor_cnt, current val is 747
I1012 16:21:25.761415 18563 naive_actor.cpp:25] actor 1099566153728 switch to &NaiveActor::HandlerNormal
I1012 16:21:25.760713 18591 naive_actor.cpp:25] actor 2199027449856 switch to &NaiveActor::HandlerNormal
I1012 16:21:25.759445 18549 runtime_context.cpp:29] DecreaseCounter constructing_actor_cnt, current val is 757
I1012 16:21:25.760757 18595 naive_actor.cpp:25] actor 2207615287300 switch to &NaiveActor::HandlerNormal
I1012 16:21:25.760777 18552 runtime_context.cpp:29] DecreaseCounter constructing_actor_cnt, current val is 751
I1012 16:21:25.760833 18546 runtime_context.cpp:29] DecreaseCounter constructing_actor_cnt, current val is 750
I1012 16:21:25.762017 18561 naive_actor.cpp:25] actor 1099561959424 switch to &NaiveActor::HandlerNormal
I1012 16:21:25.760885 18560 naive_actor.cpp:25] actor 1099559862272 switch to &NaiveActor::HandlerNormal
I1012 16:21:25.762152 18560 thread.cpp:96] Thread 524311 construct Actor kNormalForward 1099559862272
I1012 16:21:25.760941 18551 thread.cpp:96] Thread 524302 construct Actor kNormalForward 1099540987904
I1012 16:21:25.761005 18593 thread.cpp:96] Thread 1052672 construct Actor kNormalForward 2207613190157
I1012 16:21:25.759878 18558 naive_actor.cpp:25] actor 1099555667968 switch to &NaiveActor::HandlerNormal
I1012 16:21:25.761165 18542 runtime_context.cpp:29] DecreaseCounter constructing_actor_cnt, current val is 749
I1012 16:21:25.761198 18589 thread.cpp:96] Thread 1048577 construct Actor kSliceBoxing 2199025352704
I1012 16:21:25.761224 18565 thread.cpp:96] Thread 524316 construct Actor kNormalForward 1099570348032
I1012 16:21:25.761224 18556 runtime_context.cpp:29] DecreaseCounter constructing_actor_cnt, current val is 748
I1012 16:21:25.762715 18571 naive_actor.cpp:25] actor 1099582930944 switch to &NaiveActor::HandlerNormal
I1012 16:21:25.760569 18559 thread.cpp:96] Thread 524310 construct Actor kNormalForward 1099557765120
I1012 16:21:25.761363 18562 naive_actor.cpp:25] actor 1099564056576 switch to &NaiveActor::HandlerNormal
I1012 16:21:25.760645 18550 thread.cpp:96] Thread 524301 construct Actor kNormalForward 1099538890752
I1012 16:21:25.761492 18563 thread.cpp:96] Thread 524314 construct Actor kNormalForward 1099566153728
I1012 16:21:25.763054 18569 naive_actor.cpp:25] actor 1099578736640 switch to &NaiveActor::HandlerNormal
I1012 16:21:25.763108 18575 naive_actor.cpp:25] actor 1099591319552 switch to &NaiveActor::HandlerNormal
I1012 16:21:25.762020 18554 naive_actor.cpp:25] actor 1099547279360 switch to &NaiveActor::HandlerNormal
I1012 16:21:25.760835 18555 thread.cpp:96] Thread 524306 construct Actor kNormalForward 1099549376512
I1012 16:21:25.762086 18561 thread.cpp:96] Thread 524312 construct Actor kNormalForward 1099561959424
I1012 16:21:25.760300 18543 runtime_context.cpp:29] DecreaseCounter constructing_actor_cnt, current val is 754
I1012 16:21:25.762267 18564 naive_actor.cpp:25] actor 1099568250880 switch to &NaiveActor::HandlerNormal
I1012 16:21:25.762281 18560 runtime_context.cpp:29] DecreaseCounter constructing_actor_cnt, current val is 746
I1012 16:21:25.762297 18566 naive_actor.cpp:25] actor 1099572445184 switch to &NaiveActor::HandlerNormal
I1012 16:21:25.762409 18593 runtime_context.cpp:29] DecreaseCounter constructing_actor_cnt, current val is 744
I1012 16:21:25.762405 18551 runtime_context.cpp:29] DecreaseCounter constructing_actor_cnt, current val is 745
I1012 16:21:25.762439 18558 thread.cpp:96] Thread 524309 construct Actor kNormalForward 1099555667968
I1012 16:21:25.762524 18576 case_actor.cpp:76] actor 1099614388297 switch to &CaseActor::HandlerNormal
I1012 16:21:25.763779 18558 runtime_context.cpp:29] DecreaseCounter constructing_actor_cnt, current val is 736
I1012 16:21:25.763792 18576 thread.cpp:96] Thread 524337 construct Actor kCase 1099614388297
I1012 16:21:25.762670 18565 runtime_context.cpp:29] DecreaseCounter constructing_actor_cnt, current val is 742
I1012 16:21:25.762722 18570 naive_actor.cpp:25] actor 1099580833792 switch to &NaiveActor::HandlerNormal
I1012 16:21:25.761353 18587 thread.cpp:96] Thread 1048576 construct Actor kNormalForward 2199023255563
I1012 16:21:25.762729 18573 naive_actor.cpp:25] actor 1099587125248 switch to &NaiveActor::HandlerNormal
I1012 16:21:25.762727 18578 sink_actor.cpp:21] actor 1099618582528 switch to &SinkActor::HandlerNormal
I1012 16:21:25.762801 18572 naive_actor.cpp:25] actor 1099585028096 switch to &NaiveActor::HandlerNormal
I1012 16:21:25.762822 18571 thread.cpp:96] Thread 524322 construct Actor kNormalForward 1099582930944
I1012 16:21:25.762969 18559 runtime_context.cpp:29] DecreaseCounter constructing_actor_cnt, current val is 741
I1012 16:21:25.762969 18562 thread.cpp:96] Thread 524313 construct Actor kNormalForward 1099564056576
I1012 16:21:25.761567 18591 thread.cpp:96] Thread 1048578 construct Actor kCopyHd 2199027449856
I1012 16:21:25.763057 18568 naive_actor.cpp:25] actor 1099576639488 switch to &NaiveActor::HandlerNormal
I1012 16:21:25.763070 18574 naive_actor.cpp:25] actor 1099589222400 switch to &NaiveActor::HandlerNormal
I1012 16:21:25.763101 18563 runtime_context.cpp:29] DecreaseCounter constructing_actor_cnt, current val is 740
I1012 16:21:25.763119 18550 runtime_context.cpp:29] DecreaseCounter constructing_actor_cnt, current val is 739
I1012 16:21:25.764729 18593 naive_actor.cpp:25] actor 2207613190151 switch to &NaiveActor::HandlerNormal
I1012 16:21:25.763131 18569 thread.cpp:96] Thread 524320 construct Actor kNormalForward 1099578736640
I1012 16:21:25.763180 18575 thread.cpp:96] Thread 524326 construct Actor kForeignOutput 1099591319552
I1012 16:21:25.763238 18554 thread.cpp:96] Thread 524305 construct Actor kNormalForward 1099547279360
I1012 16:21:25.763360 18555 runtime_context.cpp:29] DecreaseCounter constructing_actor_cnt, current val is 738
I1012 16:21:25.763386 18561 runtime_context.cpp:29] DecreaseCounter constructing_actor_cnt, current val is 737
I1012 16:21:25.763489 18564 thread.cpp:96] Thread 524315 construct Actor kForeignInput 1099568250880
I1012 16:21:25.763594 18566 thread.cpp:96] Thread 524317 construct Actor kNormalForward 1099572445184
I1012 16:21:25.762542 18567 naive_actor.cpp:25] actor 1099574542336 switch to &NaiveActor::HandlerNormal
I1012 16:21:25.762617 18589 runtime_context.cpp:29] DecreaseCounter constructing_actor_cnt, current val is 743
I1012 16:21:25.763965 18570 thread.cpp:96] Thread 524321 construct Actor kForeignInput 1099580833792
I1012 16:21:25.763967 18576 runtime_context.cpp:29] DecreaseCounter constructing_actor_cnt, current val is 735
I1012 16:21:25.765326 18570 runtime_context.cpp:29] DecreaseCounter constructing_actor_cnt, current val is 725
I1012 16:21:25.764139 18587 runtime_context.cpp:29] DecreaseCounter constructing_actor_cnt, current val is 734
I1012 16:21:25.764261 18578 thread.cpp:96] Thread 524339 construct Actor kCallbackNotify 1099618582528
I1012 16:21:25.765483 18589 naive_actor.cpp:25] actor 2199025352709 switch to &NaiveActor::HandlerNormal
I1012 16:21:25.764449 18571 runtime_context.cpp:29] DecreaseCounter constructing_actor_cnt, current val is 733
I1012 16:21:25.764571 18562 runtime_context.cpp:29] DecreaseCounter constructing_actor_cnt, current val is 732
I1012 16:21:25.764590 18591 runtime_context.cpp:29] DecreaseCounter constructing_actor_cnt, current val is 731
I1012 16:21:25.764623 18568 thread.cpp:96] Thread 524319 construct Actor kNormalForward 1099576639488
I1012 16:21:25.764674 18574 thread.cpp:96] Thread 524325 construct Actor kNormalForward 1099589222400
I1012 16:21:25.761904 18595 thread.cpp:96] Thread 1052673 construct Actor kCopyHd 2207615287300
I1012 16:21:25.764809 18593 thread.cpp:96] Thread 1052672 construct Actor kNormalForward 2207613190151
I1012 16:21:25.765924 18595 runtime_context.cpp:29] DecreaseCounter constructing_actor_cnt, current val is 721
I1012 16:21:25.764935 18575 runtime_context.cpp:29] DecreaseCounter constructing_actor_cnt, current val is 729
I1012 16:21:25.765026 18554 runtime_context.cpp:29] DecreaseCounter constructing_actor_cnt, current val is 728
I1012 16:21:25.765183 18566 runtime_context.cpp:29] DecreaseCounter constructing_actor_cnt, current val is 727
I1012 16:21:25.765185 18567 thread.cpp:96] Thread 524318 construct Actor kForeignInput 1099574542336
I1012 16:21:25.765192 18564 runtime_context.cpp:29] DecreaseCounter constructing_actor_cnt, current val is 726
I1012 16:21:25.764106 18573 thread.cpp:96] Thread 524324 construct Actor kNormalForward 1099587125248
I1012 16:21:25.764330 18572 thread.cpp:96] Thread 524323 construct Actor kNormalForward 1099585028096
I1012 16:21:25.765534 18589 thread.cpp:96] Thread 1048577 construct Actor kCopyHd 2199025352709
I1012 16:21:25.766765 18572 runtime_context.cpp:29] DecreaseCounter constructing_actor_cnt, current val is 717
I1012 16:21:25.765786 18576 naive_actor.cpp:25] actor 1099614388234 switch to &NaiveActor::HandlerNormal
I1012 16:21:25.765837 18568 runtime_context.cpp:29] DecreaseCounter constructing_actor_cnt, current val is 723
I1012 16:21:25.765898 18574 runtime_context.cpp:29] DecreaseCounter constructing_actor_cnt, current val is 722
I1012 16:21:25.764878 18569 runtime_context.cpp:29] DecreaseCounter constructing_actor_cnt, current val is 730
I1012 16:21:25.765997 18593 runtime_context.cpp:29] DecreaseCounter constructing_actor_cnt, current val is 720
I1012 16:21:25.766278 18595 naive_actor.cpp:25] actor 2207615287298 switch to &NaiveActor::HandlerNormal
I1012 16:21:25.766346 18567 runtime_context.cpp:29] DecreaseCounter constructing_actor_cnt, current val is 719
I1012 16:21:25.766681 18573 runtime_context.cpp:29] DecreaseCounter constructing_actor_cnt, current val is 718
I1012 16:21:25.765537 18578 runtime_context.cpp:29] DecreaseCounter constructing_actor_cnt, current val is 724
I1012 16:21:25.766795 18589 runtime_context.cpp:29] DecreaseCounter constructing_actor_cnt, current val is 716
I1012 16:21:25.766894 18576 thread.cpp:96] Thread 524337 construct Actor kTick 1099614388234
I1012 16:21:25.767014 18587 naive_actor.cpp:25] actor 2199023255557 switch to &NaiveActor::HandlerNormal
I1012 16:21:25.767477 18576 runtime_context.cpp:29] DecreaseCounter constructing_actor_cnt, current val is 715
I1012 16:21:25.767145 18595 thread.cpp:96] Thread 1052673 construct Actor kSliceBoxing 2207615287298
I1012 16:21:25.767498 18587 thread.cpp:96] Thread 1048576 construct Actor kNormalForward 2199023255557
I1012 16:21:25.767604 18595 runtime_context.cpp:29] DecreaseCounter constructing_actor_cnt, current val is 714
I1012 16:21:25.767714 18587 runtime_context.cpp:29] DecreaseCounter constructing_actor_cnt, current val is 713
I1012 16:21:25.767815 18589 naive_actor.cpp:25] actor 2199025352705 switch to &NaiveActor::HandlerNormal
I1012 16:21:25.767822 18595 naive_actor.cpp:25] actor 2207615287296 switch to &NaiveActor::HandlerNormal
I1012 16:21:25.767887 18589 thread.cpp:96] Thread 1048577 construct Actor kSliceBoxing 2199025352705
I1012 16:21:25.767943 18595 thread.cpp:96] Thread 1052673 construct Actor kSliceBoxing 2207615287296
I1012 16:21:25.767946 18576 naive_actor.cpp:25] actor 1099614388244 switch to &NaiveActor::HandlerNormal
I1012 16:21:25.768028 18589 runtime_context.cpp:29] DecreaseCounter constructing_actor_cnt, current val is 712
I1012 16:21:25.768054 18595 runtime_context.cpp:29] DecreaseCounter constructing_actor_cnt, current val is 711
I1012 16:21:25.768076 18576 thread.cpp:96] Thread 524337 construct Actor kTick 1099614388244
I1012 16:21:25.768265 18576 runtime_context.cpp:29] DecreaseCounter constructing_actor_cnt, current val is 710
I1012 16:21:25.768436 18595 naive_actor.cpp:25] actor 2207615287297 switch to &NaiveActor::HandlerNormal
I1012 16:21:25.768489 18587 naive_actor.cpp:25] actor 2199023255565 switch to &NaiveActor::HandlerNormal
I1012 16:21:25.768501 18595 thread.cpp:96] Thread 1052673 construct Actor kSliceBoxing 2207615287297
I1012 16:21:25.768554 18587 thread.cpp:96] Thread 1048576 construct Actor kNormalForward 2199023255565
I1012 16:21:25.768618 18595 runtime_context.cpp:29] DecreaseCounter constructing_actor_cnt, current val is 709
I1012 16:21:25.768615 18589 naive_actor.cpp:25] actor 2199025352708 switch to &NaiveActor::HandlerNormal
I1012 16:21:25.768710 18587 runtime_context.cpp:29] DecreaseCounter constructing_actor_cnt, current val is 708
I1012 16:21:25.768764 18589 thread.cpp:96] Thread 1048577 construct Actor kSliceBoxing 2199025352708
I1012 16:21:25.768826 18595 naive_actor.cpp:25] actor 2207615287299 switch to &NaiveActor::HandlerNormal
I1012 16:21:25.768796 18576 naive_actor.cpp:25] actor 1099614388238 switch to &NaiveActor::HandlerNormal
I1012 16:21:25.768838 18593 naive_actor.cpp:25] actor 2207613190152 switch to &NaiveActor::HandlerNormal
I1012 16:21:25.768877 18589 runtime_context.cpp:29] DecreaseCounter constructing_actor_cnt, current val is 707
I1012 16:21:25.768880 18595 thread.cpp:96] Thread 1052673 construct Actor kSliceBoxing 2207615287299
I1012 16:21:25.769034 18576 thread.cpp:96] Thread 524337 construct Actor kTick 1099614388238
I1012 16:21:25.769088 18593 thread.cpp:96] Thread 1052672 construct Actor kNormalForward 2207613190152
I1012 16:21:25.769181 18595 runtime_context.cpp:29] DecreaseCounter constructing_actor_cnt, current val is 706
I1012 16:21:25.769268 18576 runtime_context.cpp:29] DecreaseCounter constructing_actor_cnt, current val is 705
I1012 16:21:25.769320 18593 runtime_context.cpp:29] DecreaseCounter constructing_actor_cnt, current val is 704
I1012 16:21:25.769366 18595 naive_actor.cpp:25] actor 2207615287301 switch to &NaiveActor::HandlerNormal
I1012 16:21:25.769410 18595 thread.cpp:96] Thread 1052673 construct Actor kCopyHd 2207615287301
I1012 16:21:25.769465 18595 runtime_context.cpp:29] DecreaseCounter constructing_actor_cnt, current val is 703
I1012 16:21:25.769577 18595 naive_actor.cpp:25] actor 2207615287302 switch to &NaiveActor::HandlerNormal
I1012 16:21:25.769619 18595 thread.cpp:96] Thread 1052673 construct Actor kCopyHd 2207615287302
I1012 16:21:25.769676 18595 runtime_context.cpp:29] DecreaseCounter constructing_actor_cnt, current val is 702
I1012 16:21:25.769675 18589 naive_actor.cpp:25] actor 2199025352706 switch to &NaiveActor::HandlerNormal
I1012 16:21:25.769776 18589 thread.cpp:96] Thread 1048577 construct Actor kSliceBoxing 2199025352706
I1012 16:21:25.769856 18589 runtime_context.cpp:29] DecreaseCounter constructing_actor_cnt, current val is 701
I1012 16:21:25.769953 18593 naive_actor.cpp:25] actor 2207613190155 switch to &NaiveActor::HandlerNormal
I1012 16:21:25.769955 18576 naive_actor.cpp:25] actor 1099614388227 switch to &NaiveActor::HandlerNormal
I1012 16:21:25.770099 18593 thread.cpp:96] Thread 1052672 construct Actor kNormalForward 2207613190155
I1012 16:21:25.770159 18576 thread.cpp:96] Thread 524337 construct Actor kDeviceTick 1099614388227
I1012 16:21:25.770222 18593 runtime_context.cpp:29] DecreaseCounter constructing_actor_cnt, current val is 700
I1012 16:21:25.770257 18589 naive_actor.cpp:25] actor 2199025352707 switch to &NaiveActor::HandlerNormal
I1012 16:21:25.770310 18589 thread.cpp:96] Thread 1048577 construct Actor kSliceBoxing 2199025352707
I1012 16:21:25.770320 18576 runtime_context.cpp:29] DecreaseCounter constructing_actor_cnt, current val is 699
I1012 16:21:25.770396 18589 runtime_context.cpp:29] DecreaseCounter constructing_actor_cnt, current val is 698
I1012 16:21:25.770385 18587 naive_actor.cpp:25] actor 2199023255555 switch to &NaiveActor::HandlerNormal
I1012 16:21:25.770519 18587 thread.cpp:96] Thread 1048576 construct Actor kNormalForward 2199023255555
I1012 16:21:25.770639 18587 runtime_context.cpp:29] DecreaseCounter constructing_actor_cnt, current val is 697
I1012 16:21:25.770650 18593 naive_actor.cpp:25] actor 2207613190176 switch to &NaiveActor::HandlerNormal
I1012 16:21:25.770747 18593 thread.cpp:96] Thread 1052672 construct Actor kNormalForward 2207613190176
I1012 16:21:25.770781 18589 naive_actor.cpp:25] actor 2199025352710 switch to &NaiveActor::HandlerNormal
I1012 16:21:25.770823 18593 runtime_context.cpp:29] DecreaseCounter constructing_actor_cnt, current val is 696
I1012 16:21:25.770844 18589 thread.cpp:96] Thread 1048577 construct Actor kCopyHd 2199025352710
I1012 16:21:25.770922 18576 naive_actor.cpp:25] actor 1099614388229 switch to &NaiveActor::HandlerNormal
I1012 16:21:25.770929 18589 runtime_context.cpp:29] DecreaseCounter constructing_actor_cnt, current val is 695
I1012 16:21:25.770998 18576 thread.cpp:96] Thread 524337 construct Actor kSrcSubsetTick 1099614388229
I1012 16:21:25.771143 18576 runtime_context.cpp:29] DecreaseCounter constructing_actor_cnt, current val is 694
I1012 16:21:25.771227 18587 naive_actor.cpp:25] actor 2199023255559 switch to &NaiveActor::HandlerNormal
I1012 16:21:25.771292 18589 naive_actor.cpp:25] actor 2199025352711 switch to &NaiveActor::HandlerNormal
I1012 16:21:25.771414 18587 thread.cpp:96] Thread 1048576 construct Actor kNormalForward 2199023255559
I1012 16:21:25.771522 18589 thread.cpp:96] Thread 1048577 construct Actor kCopyHd 2199025352711
I1012 16:21:25.771621 18587 runtime_context.cpp:29] DecreaseCounter constructing_actor_cnt, current val is 693
I1012 16:21:25.771637 18589 runtime_context.cpp:29] DecreaseCounter constructing_actor_cnt, current val is 692
I1012 16:21:25.771904 18576 naive_actor.cpp:25] actor 1099614388235 switch to &NaiveActor::HandlerNormal
I1012 16:21:25.771977 18576 thread.cpp:96] Thread 524337 construct Actor kDstSubsetTick 1099614388235
I1012 16:21:25.772068 18593 naive_actor.cpp:25] actor 2207613190149 switch to &NaiveActor::HandlerNormal
I1012 16:21:25.772073 18576 runtime_context.cpp:29] DecreaseCounter constructing_actor_cnt, current val is 691
I1012 16:21:25.772123 18593 thread.cpp:96] Thread 1052672 construct Actor kNormalForward 2207613190149
I1012 16:21:25.772256 18593 runtime_context.cpp:29] DecreaseCounter constructing_actor_cnt, current val is 690
I1012 16:21:25.772646 18576 naive_actor.cpp:25] actor 1099614388225 switch to &NaiveActor::HandlerNormal
I1012 16:21:25.772722 18576 thread.cpp:96] Thread 524337 construct Actor kDeviceTick 1099614388225
I1012 16:21:25.772810 18576 runtime_context.cpp:29] DecreaseCounter constructing_actor_cnt, current val is 689
I1012 16:21:25.773005 18587 naive_actor.cpp:25] actor 2199023255553 switch to &NaiveActor::HandlerNormal
I1012 16:21:25.773077 18587 thread.cpp:96] Thread 1048576 construct Actor kNormalForward 2199023255553
I1012 16:21:25.773185 18587 runtime_context.cpp:29] DecreaseCounter constructing_actor_cnt, current val is 688
I1012 16:21:25.773290 18593 naive_actor.cpp:25] actor 2207613190153 switch to &NaiveActor::HandlerNormal
I1012 16:21:25.773299 18576 naive_actor.cpp:25] actor 1099614388245 switch to &NaiveActor::HandlerNormal
I1012 16:21:25.773350 18593 thread.cpp:96] Thread 1052672 construct Actor kNormalForward 2207613190153
I1012 16:21:25.773408 18576 thread.cpp:96] Thread 524337 construct Actor kDstSubsetTick 1099614388245
I1012 16:21:25.773478 18593 runtime_context.cpp:29] DecreaseCounter constructing_actor_cnt, current val is 687
I1012 16:21:25.773522 18576 runtime_context.cpp:29] DecreaseCounter constructing_actor_cnt, current val is 686
I1012 16:21:25.774063 18576 naive_actor.cpp:25] actor 1099614388226 switch to &NaiveActor::HandlerNormal
I1012 16:21:25.774138 18576 thread.cpp:96] Thread 524337 construct Actor kDeviceTick 1099614388226
I1012 16:21:25.774224 18576 runtime_context.cpp:29] DecreaseCounter constructing_actor_cnt, current val is 685
I1012 16:21:25.774658 18587 naive_actor.cpp:25] actor 2199023255574 switch to &NaiveActor::HandlerNormal
I1012 16:21:25.774724 18593 naive_actor.cpp:25] actor 2207613190147 switch to &NaiveActor::HandlerNormal
I1012 16:21:25.774731 18587 thread.cpp:96] Thread 1048576 construct Actor kNormalForward 2199023255574
I1012 16:21:25.774775 18593 thread.cpp:96] Thread 1052672 construct Actor kNormalForward 2207613190147
I1012 16:21:25.774780 18576 naive_actor.cpp:25] actor 1099614388242 switch to &NaiveActor::HandlerNormal
I1012 16:21:25.774885 18587 runtime_context.cpp:29] DecreaseCounter constructing_actor_cnt, current val is 684
I1012 16:21:25.774905 18593 runtime_context.cpp:29] DecreaseCounter constructing_actor_cnt, current val is 683
I1012 16:21:25.774907 18576 thread.cpp:96] Thread 524337 construct Actor kSrcSubsetTick 1099614388242
I1012 16:21:25.775076 18576 runtime_context.cpp:29] DecreaseCounter constructing_actor_cnt, current val is 682
I1012 16:21:25.775336 18593 naive_actor.cpp:25] actor 2207613190146 switch to &NaiveActor::HandlerNormal
I1012 16:21:25.775389 18593 thread.cpp:96] Thread 1052672 construct Actor kNormalForward 2207613190146
I1012 16:21:25.775468 18593 runtime_context.cpp:29] DecreaseCounter constructing_actor_cnt, current val is 681
I1012 16:21:25.775480 18576 naive_actor.cpp:25] actor 1099614388237 switch to &NaiveActor::HandlerNormal
I1012 16:21:25.775645 18576 thread.cpp:96] Thread 524337 construct Actor kTick 1099614388237
I1012 16:21:25.775748 18576 runtime_context.cpp:29] DecreaseCounter constructing_actor_cnt, current val is 680
I1012 16:21:25.776113 18587 naive_actor.cpp:25] actor 2199023255558 switch to &NaiveActor::HandlerNormal
I1012 16:21:25.776185 18587 thread.cpp:96] Thread 1048576 construct Actor kNormalForward 2199023255558
I1012 16:21:25.776221 18576 naive_actor.cpp:25] actor 1099614388247 switch to &NaiveActor::HandlerNormal
I1012 16:21:25.776276 18587 runtime_context.cpp:29] DecreaseCounter constructing_actor_cnt, current val is 679
I1012 16:21:25.776286 18576 thread.cpp:96] Thread 524337 construct Actor kTick 1099614388247
I1012 16:21:25.776420 18576 runtime_context.cpp:29] DecreaseCounter constructing_actor_cnt, current val is 678
I1012 16:21:25.776607 18593 naive_actor.cpp:25] actor 2207613190150 switch to &NaiveActor::HandlerNormal
I1012 16:21:25.776669 18593 thread.cpp:96] Thread 1052672 construct Actor kNormalForward 2207613190150
I1012 16:21:25.776767 18593 runtime_context.cpp:29] DecreaseCounter constructing_actor_cnt, current val is 677
I1012 16:21:25.776998 18576 naive_actor.cpp:25] actor 1099614388228 switch to &NaiveActor::HandlerNormal
I1012 16:21:25.777072 18576 thread.cpp:96] Thread 524337 construct Actor kDeviceTick 1099614388228
I1012 16:21:25.777163 18576 runtime_context.cpp:29] DecreaseCounter constructing_actor_cnt, current val is 676
I1012 16:21:25.777693 18576 naive_actor.cpp:25] actor 1099614388246 switch to &NaiveActor::HandlerNormal
I1012 16:21:25.777724 18593 naive_actor.cpp:25] actor 2207613190148 switch to &NaiveActor::HandlerNormal
I1012 16:21:25.777777 18576 thread.cpp:96] Thread 524337 construct Actor kTick 1099614388246
I1012 16:21:25.777823 18593 thread.cpp:96] Thread 1052672 construct Actor kNormalForward 2207613190148
I1012 16:21:25.777906 18576 runtime_context.cpp:29] DecreaseCounter constructing_actor_cnt, current val is 675
I1012 16:21:25.777937 18593 runtime_context.cpp:29] DecreaseCounter constructing_actor_cnt, current val is 674
I1012 16:21:25.778331 18576 naive_actor.cpp:25] actor 1099614388224 switch to &NaiveActor::HandlerNormal
I1012 16:21:25.778405 18576 thread.cpp:96] Thread 524337 construct Actor kDeviceTick 1099614388224
I1012 16:21:25.778501 18576 runtime_context.cpp:29] DecreaseCounter constructing_actor_cnt, current val is 673
I1012 16:21:25.778923 18576 naive_actor.cpp:25] actor 1099614388315 switch to &NaiveActor::HandlerNormal
I1012 16:21:25.779037 18576 thread.cpp:96] Thread 524337 construct Actor kTick 1099614388315
I1012 16:21:25.779078 18587 naive_actor.cpp:25] actor 2199023255575 switch to &NaiveActor::HandlerNormal
I1012 16:21:25.779143 18576 runtime_context.cpp:29] DecreaseCounter constructing_actor_cnt, current val is 672
I1012 16:21:25.779143 18587 thread.cpp:96] Thread 1048576 construct Actor kNormalForward 2199023255575
I1012 16:21:25.779234 18593 naive_actor.cpp:25] actor 2207613190154 switch to &NaiveActor::HandlerNormal
I1012 16:21:25.779285 18593 thread.cpp:96] Thread 1052672 construct Actor kNormalForward 2207613190154
I1012 16:21:25.779285 18587 runtime_context.cpp:29] DecreaseCounter constructing_actor_cnt, current val is 671
I1012 16:21:25.779376 18593 runtime_context.cpp:29] DecreaseCounter constructing_actor_cnt, current val is 670
I1012 16:21:25.779619 18576 naive_actor.cpp:25] actor 1099614388236 switch to &NaiveActor::HandlerNormal
I1012 16:21:25.779696 18576 thread.cpp:96] Thread 524337 construct Actor kTick 1099614388236
I1012 16:21:25.779798 18576 runtime_context.cpp:29] DecreaseCounter constructing_actor_cnt, current val is 669
I1012 16:21:25.780206 18576 naive_actor.cpp:25] actor 1099614388239 switch to &NaiveActor::HandlerNormal
I1012 16:21:25.780272 18576 thread.cpp:96] Thread 524337 construct Actor kTick 1099614388239
I1012 16:21:25.780354 18576 runtime_context.cpp:29] DecreaseCounter constructing_actor_cnt, current val is 668
I1012 16:21:25.780699 18587 naive_actor.cpp:25] actor 2199023255560 switch to &NaiveActor::HandlerNormal
I1012 16:21:25.780779 18587 thread.cpp:96] Thread 1048576 construct Actor kNormalForward 2199023255560
I1012 16:21:25.780882 18587 runtime_context.cpp:29] DecreaseCounter constructing_actor_cnt, current val is 667
I1012 16:21:25.780894 18576 naive_actor.cpp:25] actor 1099614388248 switch to &NaiveActor::HandlerNormal
I1012 16:21:25.780958 18593 naive_actor.cpp:25] actor 2207613190167 switch to &NaiveActor::HandlerNormal
I1012 16:21:25.780995 18576 thread.cpp:96] Thread 524337 construct Actor kTick 1099614388248
I1012 16:21:25.781041 18593 thread.cpp:96] Thread 1052672 construct Actor kNormalForward 2207613190167
I1012 16:21:25.781111 18576 runtime_context.cpp:29] DecreaseCounter constructing_actor_cnt, current val is 666
