Log file created at: 2021/10/12 12:45:27
Running on machine: oneflow-14
Log line format: [IWEF]mmdd hh:mm:ss.uuuuuu threadid file:line] msg
I1012 12:45:27.826267 33213 global.h:36] NewGlobal 14cudaDeviceProp
I1012 12:45:27.826905 33213 global.h:36] NewGlobal N7oneflow7EnvDescE
I1012 12:45:27.826920 33213 global.h:36] NewGlobal N7oneflow10ProcessCtxE
I1012 12:45:27.826928 33213 env_global_objects_scope.cpp:152] using rpc backend: local
I1012 12:45:27.826941 33213 global.h:36] NewGlobal N7oneflow12ResourceDescE
I1012 12:45:27.826951 33213 global.h:36] NewGlobal N7oneflow12ResourceDescE
I1012 12:45:27.894806 33213 global.h:36] NewGlobal N7oneflow10ThreadPoolE
I1012 12:45:27.896054 33213 global.h:36] NewGlobal N7oneflow16EagerNcclCommMgrE
I1012 12:45:27.896070 33213 global.h:36] NewGlobal N7oneflow18CudnnConvAlgoCacheE
I1012 12:45:27.896080 33213 global.h:36] NewGlobal N7oneflow2vm19VirtualMachineScopeE
I1012 12:45:27.896088 33213 global.h:36] NewGlobal N7oneflow9OneflowVME
I1012 12:45:27.896996 33213 oneflow_vm.cpp:75] transport stream type: N7oneflow2vm13CpuStreamTypeE
I1012 12:45:27.897014 33213 oneflow_vm.cpp:75] transport stream type: N7oneflow2vm14CudaStreamTypeE
I1012 12:45:27.897023 33213 oneflow_vm.cpp:75] transport stream type: N7oneflow2vm19AsyncCudaStreamTypeE
I1012 12:45:27.897166 33213 global.h:36] NewGlobal N7oneflow27EagerJobBuildAndInferCtxMgrE
I1012 12:45:27.897181 33213 global.h:36] NewGlobal N7oneflow12EpollCommNetE
I1012 12:45:27.897311 33213 epoll_comm_network.cpp:63] CommNet:Epoll listening on 0.0.0.0:37176
I1012 12:45:27.897349 33213 epoll_comm_network.cpp:197] machine 0 sockfd -1
I1012 12:45:27.897491 33213 global.h:36] NewGlobal N7oneflow9TransportE
I1012 12:45:27.898851 33213 global.h:43] DeleteGlobal N7oneflow12ResourceDescE
I1012 12:45:27.898881 33213 version.cpp:22] OneFlow git version: b295ca2324
I1012 12:45:27.898900 33213 device_register_gpu.cpp:56] CUDA runtime version: 11.2
I1012 12:45:27.898921 33213 device_register_gpu.cpp:65] cuDNN version: 8.1.1
I1012 12:45:27.898931 33213 device_register_gpu.cpp:78] NCCL version: 2.9.8
I1012 12:45:27.898941 33213 global.h:36] NewGlobal N7oneflow12ResourceDescE
I1012 12:45:27.898948 33213 global.h:36] NewGlobal N7oneflow5IDMgrE
I1012 12:45:27.898957 33213 global.h:36] NewGlobal N7oneflow16AvailableMemDescE
I1012 12:45:27.898984 33213 global.h:36] NewGlobal St13unordered_mapISslSt4hashISsESt8equal_toISsESaISt4pairIKSslEEE
I1012 12:45:27.898993 33213 global.h:36] NewGlobal N7oneflow19CriticalSectionDescE
I1012 12:45:27.898999 33213 global.h:36] NewGlobal N7oneflow16InterUserJobInfoE
I1012 12:45:27.899008 33213 global.h:36] NewGlobal N7oneflow26LazyJobBuildAndInferCtxMgrE
I1012 12:45:27.899015 33213 global.h:36] NewGlobal N7oneflow16JobSetCompileCtxE
I1012 12:45:27.899024 33213 global.h:36] NewGlobal N7oneflow26RuntimeBufferManagersScopeE
I1012 12:45:27.899031 33213 global.h:36] NewGlobal N7oneflow9BufferMgrIlEE
I1012 12:45:27.899039 33213 global.h:36] NewGlobal N7oneflow9BufferMgrISt10shared_ptrINS_11JobInstanceEEEE
I1012 12:45:27.899046 33213 global.h:36] NewGlobal N7oneflow10RuntimeCtxE
I1012 12:45:27.899053 33213 global.h:36] NewGlobal N7oneflow15MemoryAllocatorE
I1012 12:45:27.899060 33213 global.h:36] NewGlobal N7oneflow8ChunkMgrE
I1012 12:45:27.899067 33213 global.h:36] NewGlobal N7oneflow8RegstMgrE
I1012 12:45:27.899075 33213 global.h:36] NewGlobal N7oneflow11ActorMsgBusE
I1012 12:45:27.899081 33213 global.h:36] NewGlobal N7oneflow9ThreadMgrE
I1012 12:45:27.899088 33213 global.h:36] NewGlobal N7oneflow15RuntimeJobDescsE
I1012 12:45:27.899096 33213 global.h:36] NewGlobal N7oneflow7summary12EventsWriterE
I1012 12:45:27.899106 33213 global.h:36] NewGlobal N7oneflow6boxing10collective24CollectiveBoxingExecutorE
I1012 12:45:27.899112 33213 global.h:36] NewGlobal N7oneflow6boxing10collective31CollectiveBoxingDeviceCtxPollerE
I1012 12:45:27.899245 33213 session.h:77] NewGlobal N7oneflow25SessionGlobalObjectsScopeE
I1012 12:45:27.900002 33213 global.h:36] NewGlobal N7oneflow7JobDescE
I1012 12:45:28.279577 33213 global.h:43] DeleteGlobal N7oneflow7JobDescE
I1012 12:45:28.279788 33213 global.h:36] NewGlobal N7oneflow7JobDescE
I1012 12:45:28.282713 33213 global.h:36] NewGlobal N7oneflow7OpGraphE
I1012 12:45:28.286602 33213 global.h:43] DeleteGlobal N7oneflow7OpGraphE
I1012 12:45:28.443650 33213 global.h:43] DeleteGlobal N7oneflow7JobDescE
I1012 12:45:28.459193 33213 global.h:36] NewGlobal N7oneflow24InterJobReuseMemStrategyE
I1012 12:45:28.459218 33213 global.h:36] NewGlobal N7oneflow7OneflowE
I1012 12:45:28.470701 33213 global.h:36] NewGlobal N7oneflow7JobDescE
I1012 12:45:28.672478 33213 global.h:36] NewGlobal N7oneflow7OpGraphE
I1012 12:45:28.749187 33213 global.h:43] DeleteGlobal N7oneflow7OpGraphE
I1012 12:45:28.759474 33213 oneflow.cpp:210] 
job_id: 0 , job_name: train_job , compile time: 0.288726 seconds.
I1012 12:45:28.807050 33213 global.h:43] DeleteGlobal N7oneflow7JobDescE
I1012 12:45:28.807341 33213 global.h:36] NewGlobal N7oneflow7JobDescE
I1012 12:45:28.852790 33213 global.h:36] NewGlobal N7oneflow7OpGraphE
I1012 12:45:28.870414 33213 global.h:43] DeleteGlobal N7oneflow7OpGraphE
I1012 12:45:28.875885 33213 oneflow.cpp:210] 
job_id: 1 , job_name: System-ModelInit , compile time: 0.068386 seconds.
I1012 12:45:28.887578 33213 global.h:43] DeleteGlobal N7oneflow7JobDescE
I1012 12:45:28.887604 33213 global.h:36] NewGlobal N7oneflow7JobDescE
I1012 12:45:28.931520 33213 global.h:36] NewGlobal N7oneflow7OpGraphE
I1012 12:45:28.949548 33213 global.h:43] DeleteGlobal N7oneflow7OpGraphE
I1012 12:45:28.954946 33213 oneflow.cpp:210] 
job_id: 2 , job_name: System-ModelLoad , compile time: 0.0673216 seconds.
I1012 12:45:28.966837 33213 global.h:43] DeleteGlobal N7oneflow7JobDescE
I1012 12:45:28.966864 33213 global.h:36] NewGlobal N7oneflow7JobDescE
I1012 12:45:29.010692 33213 global.h:36] NewGlobal N7oneflow7OpGraphE
I1012 12:45:29.028460 33213 global.h:43] DeleteGlobal N7oneflow7OpGraphE
I1012 12:45:29.033898 33213 oneflow.cpp:210] 
job_id: 3 , job_name: System-ModelSave , compile time: 0.0670175 seconds.
I1012 12:45:29.046041 33213 global.h:43] DeleteGlobal N7oneflow7JobDescE
I1012 12:45:29.046106 33213 global.h:36] NewGlobal N7oneflow7JobDescE
I1012 12:45:29.054396 33213 global.h:36] NewGlobal N7oneflow7OpGraphE
I1012 12:45:29.059056 33213 global.h:43] DeleteGlobal N7oneflow7OpGraphE
I1012 12:45:29.061367 33213 oneflow.cpp:210] 
job_id: 4 , job_name: System-Pull-Return_20 , compile time: 0.0152305 seconds.
I1012 12:45:29.064867 33213 global.h:43] DeleteGlobal N7oneflow7JobDescE
I1012 12:45:29.069312 33213 global.h:36] NewGlobal N7oneflow7JobDescE
I1012 12:45:29.069399 33213 global.h:36] NewGlobal N7oneflow7OpGraphE
I1012 12:45:29.075596 33213 global.h:43] DeleteGlobal N7oneflow7OpGraphE
I1012 12:45:29.079794 33213 oneflow.cpp:210] 
job_id: 5 , job_name: MainJob-unamed , compile time: 0.0104041 seconds.
I1012 12:45:29.086699 33213 global.h:43] DeleteGlobal N7oneflow7JobDescE
I1012 12:45:29.089295 33213 plan_util.cpp:928]  Plan: merged_plan needs to allocate [ 374.844 MiB ] device memory in Rank: 0 , Device: 0
I1012 12:45:29.191251 33213 oneflow.cpp:998]  PushPlan merged_plan time: 0.0099648 seconds.
I1012 12:45:29.219347 33213 oneflow.cpp:1014]  PullPlan merged_plan time: 0.0239452 seconds.
I1012 12:45:31.383865 33213 runtime_context.cpp:21] NewCounter constructing_actor_cnt 395
I1012 12:45:31.384905 33769 naive_actor.cpp:25] actor 1099614388228 switch to &NaiveActor::HandlerNormal
I1012 12:45:31.384964 33769 thread.cpp:96] Thread 524337 construct Actor kDeviceTick 1099614388228
I1012 12:45:31.385037 33773 naive_actor.cpp:25] actor 2199023255699 switch to &NaiveActor::HandlerNormal
I1012 12:45:31.385079 33769 runtime_context.cpp:29] DecreaseCounter constructing_actor_cnt, current val is 394
I1012 12:45:31.385334 33770 wait_and_send_ids_actor.cpp:53] actor 1099616485376 switch to &WaitAndSendIdsActor::HandlerWaitToStart
I1012 12:45:31.385440 33770 thread.cpp:96] Thread 524338 construct Actor kWaitAndSendIds 1099616485376
I1012 12:45:31.385362 33773 thread.cpp:96] Thread 1048576 construct Actor kDeviceTick 2199023255699
I1012 12:45:31.385574 33769 naive_actor.cpp:25] actor 1099614388235 switch to &NaiveActor::HandlerNormal
I1012 12:45:31.385579 33770 runtime_context.cpp:29] DecreaseCounter constructing_actor_cnt, current val is 393
I1012 12:45:31.385603 33773 runtime_context.cpp:29] DecreaseCounter constructing_actor_cnt, current val is 392
I1012 12:45:31.385792 33769 thread.cpp:96] Thread 524337 construct Actor kDeviceTick 1099614388235
I1012 12:45:31.386032 33769 runtime_context.cpp:29] DecreaseCounter constructing_actor_cnt, current val is 391
I1012 12:45:31.386256 33769 naive_actor.cpp:25] actor 1099614388245 switch to &NaiveActor::HandlerNormal
I1012 12:45:31.386262 33773 naive_actor.cpp:25] actor 2199023255738 switch to &NaiveActor::HandlerNormal
I1012 12:45:31.386297 33769 thread.cpp:96] Thread 524337 construct Actor kDeviceTick 1099614388245
I1012 12:45:31.386333 33773 thread.cpp:96] Thread 1048576 construct Actor kDeviceTick 2199023255738
I1012 12:45:31.386375 33769 runtime_context.cpp:29] DecreaseCounter constructing_actor_cnt, current val is 390
I1012 12:45:31.386409 33773 runtime_context.cpp:29] DecreaseCounter constructing_actor_cnt, current val is 389
I1012 12:45:31.386543 33769 naive_actor.cpp:25] actor 1099614388254 switch to &NaiveActor::HandlerNormal
I1012 12:45:31.386584 33769 thread.cpp:96] Thread 524337 construct Actor kDeviceTick 1099614388254
I1012 12:45:31.386620 33769 runtime_context.cpp:29] DecreaseCounter constructing_actor_cnt, current val is 388
I1012 12:45:31.386709 33773 naive_actor.cpp:25] actor 2199023255777 switch to &NaiveActor::HandlerNormal
I1012 12:45:31.386955 33773 thread.cpp:96] Thread 1048576 construct Actor kDeviceTick 2199023255777
I1012 12:45:31.386927 33769 naive_actor.cpp:25] actor 1099614388263 switch to &NaiveActor::HandlerNormal
I1012 12:45:31.387018 33773 runtime_context.cpp:29] DecreaseCounter constructing_actor_cnt, current val is 387
I1012 12:45:31.387034 33769 thread.cpp:96] Thread 524337 construct Actor kDeviceTick 1099614388263
I1012 12:45:31.387115 33769 runtime_context.cpp:29] DecreaseCounter constructing_actor_cnt, current val is 386
I1012 12:45:31.387382 33773 naive_actor.cpp:25] actor 2199023255816 switch to &NaiveActor::HandlerNormal
I1012 12:45:31.387490 33773 thread.cpp:96] Thread 1048576 construct Actor kDeviceTick 2199023255816
I1012 12:45:31.387564 33773 runtime_context.cpp:29] DecreaseCounter constructing_actor_cnt, current val is 385
I1012 12:45:31.387614 33769 naive_actor.cpp:25] actor 1099614388271 switch to &NaiveActor::HandlerNormal
I1012 12:45:31.387651 33769 thread.cpp:96] Thread 524337 construct Actor kDeviceTick 1099614388271
I1012 12:45:31.387707 33769 runtime_context.cpp:29] DecreaseCounter constructing_actor_cnt, current val is 384
I1012 12:45:31.387969 33769 naive_actor.cpp:25] actor 1099614388278 switch to &NaiveActor::HandlerNormal
I1012 12:45:31.388002 33769 thread.cpp:96] Thread 524337 construct Actor kDeviceTick 1099614388278
I1012 12:45:31.388064 33769 runtime_context.cpp:29] DecreaseCounter constructing_actor_cnt, current val is 383
I1012 12:45:31.398272 33759 naive_actor.cpp:25] actor 1099547279360 switch to &NaiveActor::HandlerNormal
I1012 12:45:31.398382 33759 thread.cpp:96] Thread 524305 construct Actor kNormalForward 1099547279360
I1012 12:45:31.398548 33759 runtime_context.cpp:29] DecreaseCounter constructing_actor_cnt, current val is 382
I1012 12:45:31.398929 33749 naive_actor.cpp:25] actor 1099526307840 switch to &NaiveActor::HandlerNormal
I1012 12:45:31.398953 33767 naive_actor.cpp:25] actor 1099564056576 switch to &NaiveActor::HandlerNormal
I1012 12:45:31.398954 33761 naive_actor.cpp:25] actor 1099551473664 switch to &NaiveActor::HandlerNormal
I1012 12:45:31.399019 33754 naive_actor.cpp:25] actor 1099536793600 switch to &NaiveActor::HandlerNormal
I1012 12:45:31.399037 33766 naive_actor.cpp:25] actor 1099561959424 switch to &NaiveActor::HandlerNormal
I1012 12:45:31.399466 33758 naive_actor.cpp:25] actor 1099545182208 switch to &NaiveActor::HandlerNormal
I1012 12:45:31.399513 33777 naive_actor.cpp:25] actor 2199027449856 switch to &NaiveActor::HandlerNormal
I1012 12:45:31.399085 33752 naive_actor.cpp:25] actor 1099532599296 switch to &NaiveActor::HandlerNormal
I1012 12:45:31.399034 33768 naive_actor.cpp:25] actor 1099566153728 switch to &NaiveActor::HandlerNormal
I1012 12:45:31.399874 33768 thread.cpp:96] Thread 524314 construct Actor kForeignOutput 1099566153728
I1012 12:45:31.399120 33771 sink_actor.cpp:21] actor 1099618582528 switch to &SinkActor::HandlerNormal
I1012 12:45:31.399156 33762 naive_actor.cpp:25] actor 1099553570816 switch to &NaiveActor::HandlerNormal
I1012 12:45:31.400043 33762 thread.cpp:96] Thread 524308 construct Actor kNormalForward 1099553570816
I1012 12:45:31.399273 33764 naive_actor.cpp:25] actor 1099557765120 switch to &NaiveActor::HandlerNormal
I1012 12:45:31.400642 33764 thread.cpp:96] Thread 524310 construct Actor kForeignInput 1099557765120
I1012 12:45:31.399320 33761 thread.cpp:96] Thread 524307 construct Actor kForeignInput 1099551473664
I1012 12:45:31.400741 33764 runtime_context.cpp:29] DecreaseCounter constructing_actor_cnt, current val is 379
I1012 12:45:31.399369 33754 thread.cpp:96] Thread 524300 construct Actor kNormalForward 1099536793600
I1012 12:45:31.400801 33761 runtime_context.cpp:29] DecreaseCounter constructing_actor_cnt, current val is 378
I1012 12:45:31.399375 33753 naive_actor.cpp:25] actor 1099534696448 switch to &NaiveActor::HandlerNormal
I1012 12:45:31.400920 33753 thread.cpp:96] Thread 524299 construct Actor kNormalForward 1099534696448
I1012 12:45:31.399456 33745 naive_actor.cpp:25] actor 1099517919232 switch to &NaiveActor::HandlerNormal
I1012 12:45:31.401002 33753 runtime_context.cpp:29] DecreaseCounter constructing_actor_cnt, current val is 376
I1012 12:45:31.399483 33766 thread.cpp:96] Thread 524312 construct Actor kNormalForward 1099561959424
I1012 12:45:31.399071 33760 naive_actor.cpp:25] actor 1099549376512 switch to &NaiveActor::HandlerNormal
I1012 12:45:31.401170 33760 thread.cpp:96] Thread 524306 construct Actor kNormalForward 1099549376512
I1012 12:45:31.399564 33777 thread.cpp:96] Thread 1048578 construct Actor kCopyHd 2199027449856
I1012 12:45:31.401269 33760 runtime_context.cpp:29] DecreaseCounter constructing_actor_cnt, current val is 374
I1012 12:45:31.399570 33773 naive_actor.cpp:25] actor 2199023255553 switch to &NaiveActor::HandlerNormal
I1012 12:45:31.401368 33773 thread.cpp:96] Thread 1048576 construct Actor kNormalForward 2199023255553
I1012 12:45:31.399574 33769 naive_actor.cpp:25] actor 1099614388225 switch to &NaiveActor::HandlerNormal
I1012 12:45:31.401548 33769 thread.cpp:96] Thread 524337 construct Actor kDeviceTick 1099614388225
I1012 12:45:31.399613 33756 naive_actor.cpp:25] actor 1099540987904 switch to &NaiveActor::HandlerNormal
I1012 12:45:31.401729 33756 thread.cpp:96] Thread 524302 construct Actor kNormalForward 1099540987904
I1012 12:45:31.399653 33747 naive_actor.cpp:25] actor 1099522113536 switch to &NaiveActor::HandlerNormal
I1012 12:45:31.401876 33756 runtime_context.cpp:29] DecreaseCounter constructing_actor_cnt, current val is 370
I1012 12:45:31.401893 33747 thread.cpp:96] Thread 524293 construct Actor kNormalForward 1099522113536
I1012 12:45:31.399685 33751 naive_actor.cpp:25] actor 1099530502144 switch to &NaiveActor::HandlerNormal
I1012 12:45:31.399685 33757 naive_actor.cpp:25] actor 1099543085056 switch to &NaiveActor::HandlerNormal
I1012 12:45:31.399708 33775 naive_actor.cpp:25] actor 2199025352706 switch to &NaiveActor::HandlerNormal
I1012 12:45:31.402007 33757 thread.cpp:96] Thread 524303 construct Actor kNormalForward 1099543085056
I1012 12:45:31.402035 33775 thread.cpp:96] Thread 1048577 construct Actor kSliceBoxing 2199025352706
I1012 12:45:31.402107 33757 runtime_context.cpp:29] DecreaseCounter constructing_actor_cnt, current val is 368
I1012 12:45:31.400007 33771 thread.cpp:96] Thread 524339 construct Actor kCallbackNotify 1099618582528
I1012 12:45:31.399204 33767 thread.cpp:96] Thread 524313 construct Actor kNormalForward 1099564056576
I1012 12:45:31.400141 33762 runtime_context.cpp:29] DecreaseCounter constructing_actor_cnt, current val is 380
I1012 12:45:31.402348 33767 runtime_context.cpp:29] DecreaseCounter constructing_actor_cnt, current val is 365
I1012 12:45:31.399374 33748 naive_actor.cpp:25] actor 1099524210688 switch to &NaiveActor::HandlerNormal
I1012 12:45:31.402664 33748 thread.cpp:96] Thread 524294 construct Actor kNormalForward 1099524210688
I1012 12:45:31.400874 33754 runtime_context.cpp:29] DecreaseCounter constructing_actor_cnt, current val is 377
I1012 12:45:31.402750 33748 runtime_context.cpp:29] DecreaseCounter constructing_actor_cnt, current val is 364
I1012 12:45:31.400996 33745 thread.cpp:96] Thread 524291 construct Actor kNormalForward 1099517919232
I1012 12:45:31.399063 33763 naive_actor.cpp:25] actor 1099555667968 switch to &NaiveActor::HandlerNormal
I1012 12:45:31.401131 33766 runtime_context.cpp:29] DecreaseCounter constructing_actor_cnt, current val is 375
I1012 12:45:31.399533 33758 thread.cpp:96] Thread 524304 construct Actor kForeignInput 1099545182208
I1012 12:45:31.399576 33750 naive_actor.cpp:25] actor 1099528404992 switch to &NaiveActor::HandlerNormal
I1012 12:45:31.401325 33777 runtime_context.cpp:29] DecreaseCounter constructing_actor_cnt, current val is 373
I1012 12:45:31.399610 33744 naive_actor.cpp:25] actor 1099515822080 switch to &NaiveActor::HandlerNormal
I1012 12:45:31.401633 33769 runtime_context.cpp:29] DecreaseCounter constructing_actor_cnt, current val is 371
I1012 12:45:31.399643 33755 naive_actor.cpp:25] actor 1099538890752 switch to &NaiveActor::HandlerNormal
I1012 12:45:31.403178 33755 thread.cpp:96] Thread 524301 construct Actor kNormalForward 1099538890752
I1012 12:45:31.401981 33747 runtime_context.cpp:29] DecreaseCounter constructing_actor_cnt, current val is 369
I1012 12:45:31.399755 33765 naive_actor.cpp:25] actor 1099559862272 switch to &NaiveActor::HandlerNormal
I1012 12:45:31.403422 33769 naive_actor.cpp:25] actor 1099614388227 switch to &NaiveActor::HandlerNormal
I1012 12:45:31.403518 33765 thread.cpp:96] Thread 524311 construct Actor kNormalForward 1099559862272
I1012 12:45:31.403540 33769 thread.cpp:96] Thread 524337 construct Actor kSrcSubsetTick 1099614388227
I1012 12:45:31.402140 33775 runtime_context.cpp:29] DecreaseCounter constructing_actor_cnt, current val is 367
I1012 12:45:31.402256 33771 runtime_context.cpp:29] DecreaseCounter constructing_actor_cnt, current val is 366
I1012 12:45:31.403622 33769 runtime_context.cpp:29] DecreaseCounter constructing_actor_cnt, current val is 360
I1012 12:45:31.402842 33763 thread.cpp:96] Thread 524309 construct Actor kNormalForward 1099555667968
I1012 12:45:31.402855 33745 runtime_context.cpp:29] DecreaseCounter constructing_actor_cnt, current val is 363
I1012 12:45:31.403707 33763 runtime_context.cpp:29] DecreaseCounter constructing_actor_cnt, current val is 358
I1012 12:45:31.402940 33750 thread.cpp:96] Thread 524296 construct Actor kNormalForward 1099528404992
I1012 12:45:31.402953 33758 runtime_context.cpp:29] DecreaseCounter constructing_actor_cnt, current val is 362
I1012 12:45:31.401468 33773 runtime_context.cpp:29] DecreaseCounter constructing_actor_cnt, current val is 372
I1012 12:45:31.403061 33744 thread.cpp:96] Thread 524290 construct Actor kNormalForward 1099515822080
I1012 12:45:31.403183 33742 naive_actor.cpp:25] actor 1099511627776 switch to &NaiveActor::HandlerNormal
I1012 12:45:31.404208 33742 thread.cpp:96] Thread 524288 construct Actor kNormalForward 1099511627776
I1012 12:45:31.403275 33743 naive_actor.cpp:25] actor 1099513724928 switch to &NaiveActor::HandlerNormal
I1012 12:45:31.404333 33742 runtime_context.cpp:29] DecreaseCounter constructing_actor_cnt, current val is 355
I1012 12:45:31.403317 33755 runtime_context.cpp:29] DecreaseCounter constructing_actor_cnt, current val is 361
I1012 12:45:31.399111 33749 thread.cpp:96] Thread 524295 construct Actor kNormalForward 1099526307840
I1012 12:45:31.399968 33768 runtime_context.cpp:29] DecreaseCounter constructing_actor_cnt, current val is 381
I1012 12:45:31.403623 33765 runtime_context.cpp:29] DecreaseCounter constructing_actor_cnt, current val is 359
I1012 12:45:31.399302 33746 naive_actor.cpp:25] actor 1099520016384 switch to &NaiveActor::HandlerNormal
I1012 12:45:31.404791 33746 thread.cpp:96] Thread 524292 construct Actor kNormalForward 1099520016384
I1012 12:45:31.403905 33750 runtime_context.cpp:29] DecreaseCounter constructing_actor_cnt, current val is 357
I1012 12:45:31.404922 33746 runtime_context.cpp:29] DecreaseCounter constructing_actor_cnt, current val is 353
I1012 12:45:31.403988 33769 naive_actor.cpp:25] actor 1099614388230 switch to &NaiveActor::HandlerNormal
I1012 12:45:31.405015 33769 thread.cpp:96] Thread 524337 construct Actor kTick 1099614388230
I1012 12:45:31.404165 33744 runtime_context.cpp:29] DecreaseCounter constructing_actor_cnt, current val is 356
I1012 12:45:31.405092 33769 runtime_context.cpp:29] DecreaseCounter constructing_actor_cnt, current val is 352
I1012 12:45:31.401969 33751 thread.cpp:96] Thread 524297 construct Actor kNormalForward 1099530502144
I1012 12:45:31.404352 33743 thread.cpp:96] Thread 524289 construct Actor kNormalForward 1099513724928
I1012 12:45:31.405303 33751 runtime_context.cpp:29] DecreaseCounter constructing_actor_cnt, current val is 351
I1012 12:45:31.405375 33743 runtime_context.cpp:29] DecreaseCounter constructing_actor_cnt, current val is 350
I1012 12:45:31.403887 33775 naive_actor.cpp:25] actor 2199025352705 switch to &NaiveActor::HandlerNormal
I1012 12:45:31.405169 33773 naive_actor.cpp:25] actor 2199023255554 switch to &NaiveActor::HandlerNormal
I1012 12:45:31.399796 33752 thread.cpp:96] Thread 524298 construct Actor kNormalForward 1099532599296
I1012 12:45:31.405567 33769 naive_actor.cpp:25] actor 1099614388226 switch to &NaiveActor::HandlerNormal
I1012 12:45:31.405504 33775 thread.cpp:96] Thread 1048577 construct Actor kSliceBoxing 2199025352705
I1012 12:45:31.405541 33773 thread.cpp:96] Thread 1048576 construct Actor kNormalForward 2199023255554
I1012 12:45:31.404525 33749 runtime_context.cpp:29] DecreaseCounter constructing_actor_cnt, current val is 354
I1012 12:45:31.405673 33769 thread.cpp:96] Thread 524337 construct Actor kDeviceTick 1099614388226
I1012 12:45:31.405696 33752 runtime_context.cpp:29] DecreaseCounter constructing_actor_cnt, current val is 349
I1012 12:45:31.405735 33775 runtime_context.cpp:29] DecreaseCounter constructing_actor_cnt, current val is 348
I1012 12:45:31.405786 33773 runtime_context.cpp:29] DecreaseCounter constructing_actor_cnt, current val is 347
I1012 12:45:31.405830 33769 runtime_context.cpp:29] DecreaseCounter constructing_actor_cnt, current val is 346
I1012 12:45:31.406078 33775 naive_actor.cpp:25] actor 2199025352704 switch to &NaiveActor::HandlerNormal
I1012 12:45:31.406137 33775 thread.cpp:96] Thread 1048577 construct Actor kSliceBoxing 2199025352704
I1012 12:45:31.406211 33769 naive_actor.cpp:25] actor 1099614388238 switch to &NaiveActor::HandlerNormal
I1012 12:45:31.406231 33775 runtime_context.cpp:29] DecreaseCounter constructing_actor_cnt, current val is 345
I1012 12:45:31.406263 33769 thread.cpp:96] Thread 524337 construct Actor kTick 1099614388238
I1012 12:45:31.406337 33769 runtime_context.cpp:29] DecreaseCounter constructing_actor_cnt, current val is 344
I1012 12:45:31.406420 33775 naive_actor.cpp:25] actor 2199025352708 switch to &NaiveActor::HandlerNormal
I1012 12:45:31.406477 33775 thread.cpp:96] Thread 1048577 construct Actor kCopyHd 2199025352708
I1012 12:45:31.406513 33775 runtime_context.cpp:29] DecreaseCounter constructing_actor_cnt, current val is 343
I1012 12:45:31.406692 33769 naive_actor.cpp:25] actor 1099614388236 switch to &NaiveActor::HandlerNormal
I1012 12:45:31.406744 33769 thread.cpp:96] Thread 524337 construct Actor kSrcSubsetTick 1099614388236
I1012 12:45:31.406749 33775 naive_actor.cpp:25] actor 2199025352707 switch to &NaiveActor::HandlerNormal
I1012 12:45:31.406816 33775 thread.cpp:96] Thread 1048577 construct Actor kSliceBoxing 2199025352707
I1012 12:45:31.406826 33769 runtime_context.cpp:29] DecreaseCounter constructing_actor_cnt, current val is 342
I1012 12:45:31.406865 33775 runtime_context.cpp:29] DecreaseCounter constructing_actor_cnt, current val is 341
I1012 12:45:31.406956 33773 naive_actor.cpp:25] actor 2199023255564 switch to &NaiveActor::HandlerNormal
I1012 12:45:31.407018 33775 naive_actor.cpp:25] actor 2199025352709 switch to &NaiveActor::HandlerNormal
I1012 12:45:31.407137 33773 thread.cpp:96] Thread 1048576 construct Actor kNormalForward 2199023255564
I1012 12:45:31.407158 33769 naive_actor.cpp:25] actor 1099614388232 switch to &NaiveActor::HandlerNormal
I1012 12:45:31.407162 33775 thread.cpp:96] Thread 1048577 construct Actor kCopyHd 2199025352709
I1012 12:45:31.407253 33769 thread.cpp:96] Thread 524337 construct Actor kTick 1099614388232
I1012 12:45:31.407269 33773 runtime_context.cpp:29] DecreaseCounter constructing_actor_cnt, current val is 340
I1012 12:45:31.407291 33775 runtime_context.cpp:29] DecreaseCounter constructing_actor_cnt, current val is 339
I1012 12:45:31.407326 33769 runtime_context.cpp:29] DecreaseCounter constructing_actor_cnt, current val is 338
I1012 12:45:31.407491 33775 naive_actor.cpp:25] actor 2199025352710 switch to &NaiveActor::HandlerNormal
I1012 12:45:31.407541 33775 thread.cpp:96] Thread 1048577 construct Actor kCopyHd 2199025352710
I1012 12:45:31.407598 33775 runtime_context.cpp:29] DecreaseCounter constructing_actor_cnt, current val is 337
I1012 12:45:31.407655 33773 naive_actor.cpp:25] actor 2199023255563 switch to &NaiveActor::HandlerNormal
I1012 12:45:31.407685 33769 naive_actor.cpp:25] actor 1099614388234 switch to &NaiveActor::HandlerNormal
I1012 12:45:31.407706 33773 thread.cpp:96] Thread 1048576 construct Actor kNormalForward 2199023255563
I1012 12:45:31.407732 33769 thread.cpp:96] Thread 524337 construct Actor kTick 1099614388234
I1012 12:45:31.407814 33773 runtime_context.cpp:29] DecreaseCounter constructing_actor_cnt, current val is 336
I1012 12:45:31.407820 33769 runtime_context.cpp:29] DecreaseCounter constructing_actor_cnt, current val is 335
I1012 12:45:31.408128 33773 naive_actor.cpp:25] actor 2199023255568 switch to &NaiveActor::HandlerNormal
I1012 12:45:31.408138 33769 naive_actor.cpp:25] actor 1099614388233 switch to &NaiveActor::HandlerNormal
I1012 12:45:31.408179 33773 thread.cpp:96] Thread 1048576 construct Actor kNormalForward 2199023255568
I1012 12:45:31.408205 33769 thread.cpp:96] Thread 524337 construct Actor kTick 1099614388233
I1012 12:45:31.408274 33773 runtime_context.cpp:29] DecreaseCounter constructing_actor_cnt, current val is 334
I1012 12:45:31.408283 33769 runtime_context.cpp:29] DecreaseCounter constructing_actor_cnt, current val is 333
I1012 12:45:31.408596 33773 naive_actor.cpp:25] actor 2199023255561 switch to &NaiveActor::HandlerNormal
I1012 12:45:31.408643 33769 naive_actor.cpp:25] actor 1099614388239 switch to &NaiveActor::HandlerNormal
I1012 12:45:31.408648 33773 thread.cpp:96] Thread 1048576 construct Actor kNormalForward 2199023255561
I1012 12:45:31.408680 33769 thread.cpp:96] Thread 524337 construct Actor kDstSubsetTick 1099614388239
I1012 12:45:31.408751 33773 runtime_context.cpp:29] DecreaseCounter constructing_actor_cnt, current val is 332
I1012 12:45:31.408764 33769 runtime_context.cpp:29] DecreaseCounter constructing_actor_cnt, current val is 331
I1012 12:45:31.409276 33769 esac_actor.cpp:73] actor 1099614388315 switch to &EsacActor::HandlerNormal
I1012 12:45:31.409327 33769 thread.cpp:96] Thread 524337 construct Actor kEsac 1099614388315
I1012 12:45:31.409401 33769 runtime_context.cpp:29] DecreaseCounter constructing_actor_cnt, current val is 330
I1012 12:45:31.409654 33773 naive_actor.cpp:25] actor 2199023255562 switch to &NaiveActor::HandlerNormal
I1012 12:45:31.409708 33773 thread.cpp:96] Thread 1048576 construct Actor kNormalForward 2199023255562
I1012 12:45:31.409752 33769 naive_actor.cpp:25] actor 1099614388231 switch to &NaiveActor::HandlerNormal
I1012 12:45:31.409775 33773 runtime_context.cpp:29] DecreaseCounter constructing_actor_cnt, current val is 329
I1012 12:45:31.409785 33769 thread.cpp:96] Thread 524337 construct Actor kDstSubsetTick 1099614388231
I1012 12:45:31.409859 33769 runtime_context.cpp:29] DecreaseCounter constructing_actor_cnt, current val is 328
I1012 12:45:31.410089 33773 naive_actor.cpp:25] actor 2199023255557 switch to &NaiveActor::HandlerNormal
I1012 12:45:31.410154 33769 naive_actor.cpp:25] actor 1099614388240 switch to &NaiveActor::HandlerNormal
I1012 12:45:31.410178 33773 thread.cpp:96] Thread 1048576 construct Actor kNormalForward 2199023255557
I1012 12:45:31.410203 33769 thread.cpp:96] Thread 524337 construct Actor kTick 1099614388240
I1012 12:45:31.410276 33773 runtime_context.cpp:29] DecreaseCounter constructing_actor_cnt, current val is 327
I1012 12:45:31.410284 33769 runtime_context.cpp:29] DecreaseCounter constructing_actor_cnt, current val is 326
I1012 12:45:31.410612 33773 naive_actor.cpp:25] actor 2199023255576 switch to &NaiveActor::HandlerNormal
I1012 12:45:31.410624 33769 naive_actor.cpp:25] actor 1099614388224 switch to &NaiveActor::HandlerNormal
I1012 12:45:31.410665 33773 thread.cpp:96] Thread 1048576 construct Actor kNormalForward 2199023255576
I1012 12:45:31.410688 33769 thread.cpp:96] Thread 524337 construct Actor kDeviceTick 1099614388224
I1012 12:45:31.410750 33773 runtime_context.cpp:29] DecreaseCounter constructing_actor_cnt, current val is 325
I1012 12:45:31.410758 33769 runtime_context.cpp:29] DecreaseCounter constructing_actor_cnt, current val is 324
I1012 12:45:31.411056 33769 naive_actor.cpp:25] actor 1099614388241 switch to &NaiveActor::HandlerNormal
I1012 12:45:31.411104 33769 thread.cpp:96] Thread 524337 construct Actor kTick 1099614388241
I1012 12:45:31.411167 33769 runtime_context.cpp:29] DecreaseCounter constructing_actor_cnt, current val is 323
I1012 12:45:31.411476 33769 naive_actor.cpp:25] actor 1099614388314 switch to &NaiveActor::HandlerNormal
I1012 12:45:31.411526 33769 thread.cpp:96] Thread 524337 construct Actor kTick 1099614388314
I1012 12:45:31.411589 33769 runtime_context.cpp:29] DecreaseCounter constructing_actor_cnt, current val is 322
I1012 12:45:31.411619 33773 naive_actor.cpp:25] actor 2199023255574 switch to &NaiveActor::HandlerNormal
I1012 12:45:31.411654 33773 thread.cpp:96] Thread 1048576 construct Actor kNormalForward 2199023255574
I1012 12:45:31.411733 33773 runtime_context.cpp:29] DecreaseCounter constructing_actor_cnt, current val is 321
I1012 12:45:31.411900 33769 naive_actor.cpp:25] actor 1099614388242 switch to &NaiveActor::HandlerNormal
I1012 12:45:31.411947 33769 thread.cpp:96] Thread 524337 construct Actor kTick 1099614388242
I1012 12:45:31.412001 33769 runtime_context.cpp:29] DecreaseCounter constructing_actor_cnt, current val is 320
I1012 12:45:31.412062 33773 naive_actor.cpp:25] actor 2199023255566 switch to &NaiveActor::HandlerNormal
I1012 12:45:31.412107 33773 thread.cpp:96] Thread 1048576 construct Actor kNormalForward 2199023255566
I1012 12:45:31.412166 33773 runtime_context.cpp:29] DecreaseCounter constructing_actor_cnt, current val is 319
I1012 12:45:31.412308 33769 naive_actor.cpp:25] actor 1099614388249 switch to &NaiveActor::HandlerNormal
I1012 12:45:31.412354 33769 thread.cpp:96] Thread 524337 construct Actor kTick 1099614388249
I1012 12:45:31.412407 33769 runtime_context.cpp:29] DecreaseCounter constructing_actor_cnt, current val is 318
I1012 12:45:31.412787 33769 naive_actor.cpp:25] actor 1099614388248 switch to &NaiveActor::HandlerNormal
I1012 12:45:31.412833 33769 thread.cpp:96] Thread 524337 construct Actor kDstSubsetTick 1099614388248
I1012 12:45:31.412899 33769 runtime_context.cpp:29] DecreaseCounter constructing_actor_cnt, current val is 317
I1012 12:45:31.413082 33773 naive_actor.cpp:25] actor 2199023255592 switch to &NaiveActor::HandlerNormal
I1012 12:45:31.413133 33773 thread.cpp:96] Thread 1048576 construct Actor kNormalForward 2199023255592
I1012 12:45:31.413192 33769 naive_actor.cpp:25] actor 1099614388247 switch to &NaiveActor::HandlerNormal
I1012 12:45:31.413201 33773 runtime_context.cpp:29] DecreaseCounter constructing_actor_cnt, current val is 316
I1012 12:45:31.413228 33769 thread.cpp:96] Thread 524337 construct Actor kTick 1099614388247
I1012 12:45:31.413300 33769 runtime_context.cpp:29] DecreaseCounter constructing_actor_cnt, current val is 315
I1012 12:45:31.413596 33769 naive_actor.cpp:25] actor 1099614388243 switch to &NaiveActor::HandlerNormal
I1012 12:45:31.413729 33769 thread.cpp:96] Thread 524337 construct Actor kDeviceTick 1099614388243
I1012 12:45:31.413803 33769 runtime_context.cpp:29] DecreaseCounter constructing_actor_cnt, current val is 314
I1012 12:45:31.414110 33769 naive_actor.cpp:25] actor 1099614388244 switch to &NaiveActor::HandlerNormal
I1012 12:45:31.414126 33773 naive_actor.cpp:25] actor 2199023255558 switch to &NaiveActor::HandlerNormal
I1012 12:45:31.414165 33769 thread.cpp:96] Thread 524337 construct Actor kSrcSubsetTick 1099614388244
I1012 12:45:31.414193 33773 thread.cpp:96] Thread 1048576 construct Actor kNormalForward 2199023255558
I1012 12:45:31.414252 33769 runtime_context.cpp:29] DecreaseCounter constructing_actor_cnt, current val is 313
I1012 12:45:31.414284 33773 runtime_context.cpp:29] DecreaseCounter constructing_actor_cnt, current val is 312
I1012 12:45:31.414559 33769 naive_actor.cpp:25] actor 1099614388294 switch to &NaiveActor::HandlerNormal
I1012 12:45:31.414608 33769 thread.cpp:96] Thread 524337 construct Actor kTick 1099614388294
I1012 12:45:31.414660 33769 runtime_context.cpp:29] DecreaseCounter constructing_actor_cnt, current val is 311
I1012 12:45:31.414940 33769 naive_actor.cpp:25] actor 1099614388250 switch to &NaiveActor::HandlerNormal
I1012 12:45:31.414986 33769 thread.cpp:96] Thread 524337 construct Actor kTick 1099614388250
I1012 12:45:31.415040 33769 runtime_context.cpp:29] DecreaseCounter constructing_actor_cnt, current val is 310
I1012 12:45:31.415128 33773 naive_actor.cpp:25] actor 2199023255634 switch to &NaiveActor::HandlerNormal
I1012 12:45:31.415179 33773 thread.cpp:96] Thread 1048576 construct Actor kNormalForward 2199023255634
I1012 12:45:31.415251 33773 runtime_context.cpp:29] DecreaseCounter constructing_actor_cnt, current val is 309
I1012 12:45:31.415338 33769 naive_actor.cpp:25] actor 1099614388253 switch to &NaiveActor::HandlerNormal
I1012 12:45:31.415382 33769 thread.cpp:96] Thread 524337 construct Actor kSrcSubsetTick 1099614388253
I1012 12:45:31.415447 33769 runtime_context.cpp:29] DecreaseCounter constructing_actor_cnt, current val is 308
I1012 12:45:31.415591 33773 naive_actor.cpp:25] actor 2199023255573 switch to &NaiveActor::HandlerNormal
I1012 12:45:31.415640 33773 thread.cpp:96] Thread 1048576 construct Actor kNormalForward 2199023255573
I1012 12:45:31.415710 33773 runtime_context.cpp:29] DecreaseCounter constructing_actor_cnt, current val is 307
I1012 12:45:31.415760 33769 naive_actor.cpp:25] actor 1099614388251 switch to &NaiveActor::HandlerNormal
I1012 12:45:31.415805 33769 thread.cpp:96] Thread 524337 construct Actor kTick 1099614388251
I1012 12:45:31.415858 33769 runtime_context.cpp:29] DecreaseCounter constructing_actor_cnt, current val is 306
I1012 12:45:31.416015 33773 naive_actor.cpp:25] actor 2199023255581 switch to &NaiveActor::HandlerNormal
I1012 12:45:31.416064 33773 thread.cpp:96] Thread 1048576 construct Actor kNormalForward 2199023255581
I1012 12:45:31.416122 33773 runtime_context.cpp:29] DecreaseCounter constructing_actor_cnt, current val is 305
I1012 12:45:31.416162 33769 naive_actor.cpp:25] actor 1099614388252 switch to &NaiveActor::HandlerNormal
I1012 12:45:31.416208 33769 thread.cpp:96] Thread 524337 construct Actor kDeviceTick 1099614388252
I1012 12:45:31.416631 33769 runtime_context.cpp:29] DecreaseCounter constructing_actor_cnt, current val is 304
I1012 12:45:31.416985 33769 naive_actor.cpp:25] actor 1099614388316 switch to &NaiveActor::HandlerNormal
I1012 12:45:31.417029 33769 thread.cpp:96] Thread 524337 construct Actor kTick 1099614388316
I1012 12:45:31.417090 33769 runtime_context.cpp:29] DecreaseCounter constructing_actor_cnt, current val is 303
I1012 12:45:31.417361 33773 naive_actor.cpp:25] actor 2199023255570 switch to &NaiveActor::HandlerNormal
I1012 12:45:31.417376 33769 naive_actor.cpp:25] actor 1099614388256 switch to &NaiveActor::HandlerNormal
I1012 12:45:31.417416 33773 thread.cpp:96] Thread 1048576 construct Actor kNormalForward 2199023255570
I1012 12:45:31.417454 33769 thread.cpp:96] Thread 524337 construct Actor kTick 1099614388256
I1012 12:45:31.417521 33773 runtime_context.cpp:29] DecreaseCounter constructing_actor_cnt, current val is 302
I1012 12:45:31.417563 33769 runtime_context.cpp:29] DecreaseCounter constructing_actor_cnt, current val is 301
I1012 12:45:31.417845 33769 naive_actor.cpp:25] actor 1099614388258 switch to &NaiveActor::HandlerNormal
I1012 12:45:31.417928 33769 thread.cpp:96] Thread 524337 construct Actor kTick 1099614388258
I1012 12:45:31.417992 33769 runtime_context.cpp:29] DecreaseCounter constructing_actor_cnt, current val is 300
I1012 12:45:31.418303 33769 naive_actor.cpp:25] actor 1099614388259 switch to &NaiveActor::HandlerNormal
I1012 12:45:31.418352 33769 thread.cpp:96] Thread 524337 construct Actor kTick 1099614388259
I1012 12:45:31.418419 33769 runtime_context.cpp:29] DecreaseCounter constructing_actor_cnt, current val is 299
I1012 12:45:31.418457 33773 naive_actor.cpp:25] actor 2199023255582 switch to &NaiveActor::HandlerNormal
I1012 12:45:31.418501 33773 thread.cpp:96] Thread 1048576 construct Actor kNormalForward 2199023255582
I1012 12:45:31.418620 33773 runtime_context.cpp:29] DecreaseCounter constructing_actor_cnt, current val is 298
I1012 12:45:31.418823 33769 naive_actor.cpp:25] actor 1099614388257 switch to &NaiveActor::HandlerNormal
I1012 12:45:31.418871 33769 thread.cpp:96] Thread 524337 construct Actor kDstSubsetTick 1099614388257
I1012 12:45:31.418946 33769 runtime_context.cpp:29] DecreaseCounter constructing_actor_cnt, current val is 297
I1012 12:45:31.419234 33769 naive_actor.cpp:25] actor 1099614388262 switch to &NaiveActor::HandlerNormal
I1012 12:45:31.419281 33769 thread.cpp:96] Thread 524337 construct Actor kSrcSubsetTick 1099614388262
I1012 12:45:31.419335 33769 runtime_context.cpp:29] DecreaseCounter constructing_actor_cnt, current val is 296
I1012 12:45:31.419561 33773 naive_actor.cpp:25] actor 2199023255572 switch to &NaiveActor::HandlerNormal
I1012 12:45:31.419612 33773 thread.cpp:96] Thread 1048576 construct Actor kNormalForward 2199023255572
I1012 12:45:31.419629 33769 naive_actor.cpp:25] actor 1099614388317 switch to &NaiveActor::HandlerNormal
I1012 12:45:31.419667 33769 thread.cpp:96] Thread 524337 construct Actor kTick 1099614388317
I1012 12:45:31.419687 33773 runtime_context.cpp:29] DecreaseCounter constructing_actor_cnt, current val is 295
I1012 12:45:31.419724 33769 runtime_context.cpp:29] DecreaseCounter constructing_actor_cnt, current val is 294
I1012 12:45:31.419981 33773 naive_actor.cpp:25] actor 2199023255583 switch to &NaiveActor::HandlerNormal
I1012 12:45:31.420011 33769 naive_actor.cpp:25] actor 1099614388265 switch to &NaiveActor::HandlerNormal
I1012 12:45:31.420030 33773 thread.cpp:96] Thread 1048576 construct Actor kNormalForward 2199023255583
I1012 12:45:31.420058 33769 thread.cpp:96] Thread 524337 construct Actor kTick 1099614388265
I1012 12:45:31.420121 33773 runtime_context.cpp:29] DecreaseCounter constructing_actor_cnt, current val is 293
I1012 12:45:31.420137 33769 runtime_context.cpp:29] DecreaseCounter constructing_actor_cnt, current val is 292
I1012 12:45:31.420415 33769 naive_actor.cpp:25] actor 1099614388260 switch to &NaiveActor::HandlerNormal
I1012 12:45:31.420473 33769 thread.cpp:96] Thread 524337 construct Actor kTick 1099614388260
I1012 12:45:31.420538 33769 runtime_context.cpp:29] DecreaseCounter constructing_actor_cnt, current val is 291
I1012 12:45:31.420811 33769 naive_actor.cpp:25] actor 1099614388261 switch to &NaiveActor::HandlerNormal
I1012 12:45:31.420857 33769 thread.cpp:96] Thread 524337 construct Actor kDeviceTick 1099614388261
I1012 12:45:31.420892 33773 naive_actor.cpp:25] actor 2199023255601 switch to &NaiveActor::HandlerNormal
I1012 12:45:31.420910 33769 runtime_context.cpp:29] DecreaseCounter constructing_actor_cnt, current val is 290
I1012 12:45:31.420928 33773 thread.cpp:96] Thread 1048576 construct Actor kNormalForward 2199023255601
I1012 12:45:31.421021 33773 runtime_context.cpp:29] DecreaseCounter constructing_actor_cnt, current val is 289
I1012 12:45:31.421276 33769 naive_actor.cpp:25] actor 1099614388266 switch to &NaiveActor::HandlerNormal
I1012 12:45:31.421406 33769 thread.cpp:96] Thread 524337 construct Actor kDstSubsetTick 1099614388266
I1012 12:45:31.421495 33769 runtime_context.cpp:29] DecreaseCounter constructing_actor_cnt, current val is 288
I1012 12:45:31.421800 33769 naive_actor.cpp:25] actor 1099614388268 switch to &NaiveActor::HandlerNormal
I1012 12:45:31.421847 33769 thread.cpp:96] Thread 524337 construct Actor kTick 1099614388268
I1012 12:45:31.421886 33773 naive_actor.cpp:25] actor 2199023255587 switch to &NaiveActor::HandlerNormal
I1012 12:45:31.421898 33769 runtime_context.cpp:29] DecreaseCounter constructing_actor_cnt, current val is 287
I1012 12:45:31.421924 33773 thread.cpp:96] Thread 1048576 construct Actor kNormalForward 2199023255587
I1012 12:45:31.422006 33773 runtime_context.cpp:29] DecreaseCounter constructing_actor_cnt, current val is 286
I1012 12:45:31.422200 33769 naive_actor.cpp:25] actor 1099614388267 switch to &NaiveActor::HandlerNormal
I1012 12:45:31.422246 33769 thread.cpp:96] Thread 524337 construct Actor kTick 1099614388267
I1012 12:45:31.422305 33769 runtime_context.cpp:29] DecreaseCounter constructing_actor_cnt, current val is 285
I1012 12:45:31.422621 33769 naive_actor.cpp:25] actor 1099614388321 switch to &NaiveActor::HandlerNormal
I1012 12:45:31.422664 33769 thread.cpp:96] Thread 524337 construct Actor kTick 1099614388321
I1012 12:45:31.422719 33769 runtime_context.cpp:29] DecreaseCounter constructing_actor_cnt, current val is 284
I1012 12:45:31.422801 33773 naive_actor.cpp:25] actor 2199023255555 switch to &NaiveActor::HandlerNormal
I1012 12:45:31.422852 33773 thread.cpp:96] Thread 1048576 construct Actor kNormalForward 2199023255555
I1012 12:45:31.422924 33773 runtime_context.cpp:29] DecreaseCounter constructing_actor_cnt, current val is 283
I1012 12:45:31.423125 33769 esac_actor.cpp:73] actor 1099614388323 switch to &EsacActor::HandlerNormal
I1012 12:45:31.423171 33769 thread.cpp:96] Thread 524337 construct Actor kEsac 1099614388323
I1012 12:45:31.423235 33769 runtime_context.cpp:29] DecreaseCounter constructing_actor_cnt, current val is 282
I1012 12:45:31.423545 33769 naive_actor.cpp:25] actor 1099614388270 switch to &NaiveActor::HandlerNormal
I1012 12:45:31.423591 33769 thread.cpp:96] Thread 524337 construct Actor kSrcSubsetTick 1099614388270
I1012 12:45:31.423642 33769 runtime_context.cpp:29] DecreaseCounter constructing_actor_cnt, current val is 281
I1012 12:45:31.423710 33773 naive_actor.cpp:25] actor 2199023255556 switch to &NaiveActor::HandlerNormal
I1012 12:45:31.423759 33773 thread.cpp:96] Thread 1048576 construct Actor kNormalForward 2199023255556
I1012 12:45:31.423823 33773 runtime_context.cpp:29] DecreaseCounter constructing_actor_cnt, current val is 280
I1012 12:45:31.423933 33769 naive_actor.cpp:25] actor 1099614388273 switch to &NaiveActor::HandlerNormal
I1012 12:45:31.423979 33769 thread.cpp:96] Thread 524337 construct Actor kTick 1099614388273
I1012 12:45:31.424038 33769 runtime_context.cpp:29] DecreaseCounter constructing_actor_cnt, current val is 279
I1012 12:45:31.424299 33769 naive_actor.cpp:25] actor 1099614388281 switch to &NaiveActor::HandlerNormal
I1012 12:45:31.424345 33769 thread.cpp:96] Thread 524337 construct Actor kTick 1099614388281
I1012 12:45:31.424394 33769 runtime_context.cpp:29] DecreaseCounter constructing_actor_cnt, current val is 278
I1012 12:45:31.424604 33773 naive_actor.cpp:25] actor 2199023255629 switch to &NaiveActor::HandlerNormal
I1012 12:45:31.424654 33773 thread.cpp:96] Thread 1048576 construct Actor kNormalForward 2199023255629
I1012 12:45:31.424683 33769 naive_actor.cpp:25] actor 1099614388269 switch to &NaiveActor::HandlerNormal
I1012 12:45:31.424713 33769 thread.cpp:96] Thread 524337 construct Actor kDeviceTick 1099614388269
I1012 12:45:31.424727 33773 runtime_context.cpp:29] DecreaseCounter constructing_actor_cnt, current val is 277
I1012 12:45:31.424760 33769 runtime_context.cpp:29] DecreaseCounter constructing_actor_cnt, current val is 276
I1012 12:45:31.425007 33773 naive_actor.cpp:25] actor 2199023255591 switch to &NaiveActor::HandlerNormal
I1012 12:45:31.425055 33773 thread.cpp:96] Thread 1048576 construct Actor kNormalForward 2199023255591
I1012 12:45:31.425067 33769 naive_actor.cpp:25] actor 1099614388282 switch to &NaiveActor::HandlerNormal
I1012 12:45:31.425151 33769 thread.cpp:96] Thread 524337 construct Actor kDstSubsetTick 1099614388282
I1012 12:45:31.425166 33773 runtime_context.cpp:29] DecreaseCounter constructing_actor_cnt, current val is 275
I1012 12:45:31.425204 33769 runtime_context.cpp:29] DecreaseCounter constructing_actor_cnt, current val is 274
I1012 12:45:31.425473 33773 naive_actor.cpp:25] actor 2199023255593 switch to &NaiveActor::HandlerNormal
I1012 12:45:31.425520 33773 thread.cpp:96] Thread 1048576 construct Actor kNormalForward 2199023255593
I1012 12:45:31.425552 33769 naive_actor.cpp:25] actor 1099614388274 switch to &NaiveActor::HandlerNormal
I1012 12:45:31.425583 33769 thread.cpp:96] Thread 524337 construct Actor kDstSubsetTick 1099614388274
I1012 12:45:31.425585 33773 runtime_context.cpp:29] DecreaseCounter constructing_actor_cnt, current val is 273
I1012 12:45:31.425637 33769 runtime_context.cpp:29] DecreaseCounter constructing_actor_cnt, current val is 272
I1012 12:45:31.425909 33769 naive_actor.cpp:25] actor 1099614388283 switch to &NaiveActor::HandlerNormal
I1012 12:45:31.425954 33769 thread.cpp:96] Thread 524337 construct Actor kTick 1099614388283
I1012 12:45:31.426014 33769 runtime_context.cpp:29] DecreaseCounter constructing_actor_cnt, current val is 271
I1012 12:45:31.426286 33769 naive_actor.cpp:25] actor 1099614388276 switch to &NaiveActor::HandlerNormal
I1012 12:45:31.426332 33769 thread.cpp:96] Thread 524337 construct Actor kTick 1099614388276
I1012 12:45:31.426381 33769 runtime_context.cpp:29] DecreaseCounter constructing_actor_cnt, current val is 270
I1012 12:45:31.426383 33773 naive_actor.cpp:25] actor 2199023255633 switch to &NaiveActor::HandlerNormal
I1012 12:45:31.426460 33773 thread.cpp:96] Thread 1048576 construct Actor kNormalForward 2199023255633
I1012 12:45:31.426537 33773 runtime_context.cpp:29] DecreaseCounter constructing_actor_cnt, current val is 269
I1012 12:45:31.426677 33769 naive_actor.cpp:25] actor 1099614388275 switch to &NaiveActor::HandlerNormal
I1012 12:45:31.426723 33769 thread.cpp:96] Thread 524337 construct Actor kTick 1099614388275
I1012 12:45:31.426774 33769 runtime_context.cpp:29] DecreaseCounter constructing_actor_cnt, current val is 268
I1012 12:45:31.427052 33769 naive_actor.cpp:25] actor 1099614388277 switch to &NaiveActor::HandlerNormal
I1012 12:45:31.427098 33769 thread.cpp:96] Thread 524337 construct Actor kTick 1099614388277
I1012 12:45:31.427147 33769 runtime_context.cpp:29] DecreaseCounter constructing_actor_cnt, current val is 267
I1012 12:45:31.427381 33773 naive_actor.cpp:25] actor 2199023255635 switch to &NaiveActor::HandlerNormal
I1012 12:45:31.427439 33773 thread.cpp:96] Thread 1048576 construct Actor kNormalForward 2199023255635
I1012 12:45:31.427448 33769 naive_actor.cpp:25] actor 1099614388279 switch to &NaiveActor::HandlerNormal
I1012 12:45:31.427498 33769 thread.cpp:96] Thread 524337 construct Actor kSrcSubsetTick 1099614388279
I1012 12:45:31.427523 33773 runtime_context.cpp:29] DecreaseCounter constructing_actor_cnt, current val is 266
I1012 12:45:31.427547 33769 runtime_context.cpp:29] DecreaseCounter constructing_actor_cnt, current val is 265
I1012 12:45:31.427817 33773 naive_actor.cpp:25] actor 2199023255681 switch to &NaiveActor::HandlerNormal
I1012 12:45:31.427824 33769 naive_actor.cpp:25] actor 1099614388284 switch to &NaiveActor::HandlerNormal
I1012 12:45:31.427867 33773 thread.cpp:96] Thread 1048576 construct Actor kNormalForward 2199023255681
I1012 12:45:31.427892 33769 thread.cpp:96] Thread 524337 construct Actor kTick 1099614388284
I1012 12:45:31.427953 33773 runtime_context.cpp:29] DecreaseCounter constructing_actor_cnt, current val is 264
I1012 12:45:31.427960 33769 runtime_context.cpp:29] DecreaseCounter constructing_actor_cnt, current val is 263
I1012 12:45:31.428232 33773 naive_actor.cpp:25] actor 2199023255683 switch to &NaiveActor::HandlerNormal
I1012 12:45:31.428237 33769 naive_actor.cpp:25] actor 1099614388290 switch to &NaiveActor::HandlerNormal
I1012 12:45:31.428279 33773 thread.cpp:96] Thread 1048576 construct Actor kNormalForward 2199023255683
I1012 12:45:31.428400 33769 thread.cpp:96] Thread 524337 construct Actor kTick 1099614388290
I1012 12:45:31.428468 33773 runtime_context.cpp:29] DecreaseCounter constructing_actor_cnt, current val is 262
I1012 12:45:31.428480 33769 runtime_context.cpp:29] DecreaseCounter constructing_actor_cnt, current val is 261
I1012 12:45:31.428764 33773 naive_actor.cpp:25] actor 2199023255588 switch to &NaiveActor::HandlerNormal
I1012 12:45:31.428793 33769 naive_actor.cpp:25] actor 1099614388288 switch to &NaiveActor::HandlerNormal
I1012 12:45:31.428813 33773 thread.cpp:96] Thread 1048576 construct Actor kNormalForward 2199023255588
