Log file created at: 2021/10/13 15:19:56
Running on machine: oneflow-14
Log line format: [IWEF]mmdd hh:mm:ss.uuuuuu threadid file:line] msg
I1013 15:19:56.022684  9667 global.h:36] NewGlobal 14cudaDeviceProp
I1013 15:19:56.036798  9667 global.h:36] NewGlobal N7oneflow7EnvDescE
I1013 15:19:56.036830  9667 global.h:36] NewGlobal N7oneflow10ProcessCtxE
I1013 15:19:56.036840  9667 env_global_objects_scope.cpp:152] using rpc backend: local
I1013 15:19:56.036908  9667 global.h:36] NewGlobal N7oneflow12ResourceDescE
I1013 15:19:56.036923  9667 global.h:36] NewGlobal N7oneflow12ResourceDescE
I1013 15:19:56.142832  9667 global.h:36] NewGlobal N7oneflow10ThreadPoolE
I1013 15:19:56.144302  9667 global.h:36] NewGlobal N7oneflow16EagerNcclCommMgrE
I1013 15:19:56.144325  9667 global.h:36] NewGlobal N7oneflow18CudnnConvAlgoCacheE
I1013 15:19:56.144336  9667 global.h:36] NewGlobal N7oneflow2vm19VirtualMachineScopeE
I1013 15:19:56.144348  9667 global.h:36] NewGlobal N7oneflow9OneflowVME
I1013 15:19:56.145525  9667 oneflow_vm.cpp:75] transport stream type: N7oneflow2vm13CpuStreamTypeE
I1013 15:19:56.145547  9667 oneflow_vm.cpp:75] transport stream type: N7oneflow2vm14CudaStreamTypeE
I1013 15:19:56.145558  9667 oneflow_vm.cpp:75] transport stream type: N7oneflow2vm19AsyncCudaStreamTypeE
I1013 15:19:56.145790  9667 global.h:36] NewGlobal N7oneflow27EagerJobBuildAndInferCtxMgrE
I1013 15:19:56.145808  9667 global.h:36] NewGlobal N7oneflow12EpollCommNetE
I1013 15:19:56.145992  9667 epoll_comm_network.cpp:63] CommNet:Epoll listening on 0.0.0.0:44373
I1013 15:19:56.146037  9667 epoll_comm_network.cpp:197] machine 0 sockfd -1
I1013 15:19:56.146186  9667 global.h:36] NewGlobal N7oneflow9TransportE
I1013 15:19:56.148401  9667 global.h:43] DeleteGlobal N7oneflow12ResourceDescE
I1013 15:19:56.148437  9667 version.cpp:22] OneFlow git version: b295ca2324
I1013 15:19:56.148458  9667 device_register_gpu.cpp:56] CUDA runtime version: 11.2
I1013 15:19:56.148489  9667 device_register_gpu.cpp:65] cuDNN version: 8.1.1
I1013 15:19:56.148504  9667 device_register_gpu.cpp:78] NCCL version: 2.9.8
I1013 15:19:56.148515  9667 global.h:36] NewGlobal N7oneflow12ResourceDescE
I1013 15:19:56.148526  9667 global.h:36] NewGlobal N7oneflow5IDMgrE
I1013 15:19:56.148545  9667 global.h:36] NewGlobal N7oneflow16AvailableMemDescE
I1013 15:19:56.148586  9667 global.h:36] NewGlobal St13unordered_mapISslSt4hashISsESt8equal_toISsESaISt4pairIKSslEEE
I1013 15:19:56.148598  9667 global.h:36] NewGlobal N7oneflow19CriticalSectionDescE
I1013 15:19:56.148607  9667 global.h:36] NewGlobal N7oneflow16InterUserJobInfoE
I1013 15:19:56.148618  9667 global.h:36] NewGlobal N7oneflow26LazyJobBuildAndInferCtxMgrE
I1013 15:19:56.148628  9667 global.h:36] NewGlobal N7oneflow16JobSetCompileCtxE
I1013 15:19:56.148638  9667 global.h:36] NewGlobal N7oneflow26RuntimeBufferManagersScopeE
I1013 15:19:56.148648  9667 global.h:36] NewGlobal N7oneflow9BufferMgrIlEE
I1013 15:19:56.148658  9667 global.h:36] NewGlobal N7oneflow9BufferMgrISt10shared_ptrINS_11JobInstanceEEEE
I1013 15:19:56.148669  9667 global.h:36] NewGlobal N7oneflow10RuntimeCtxE
I1013 15:19:56.148677  9667 global.h:36] NewGlobal N7oneflow15MemoryAllocatorE
I1013 15:19:56.148686  9667 global.h:36] NewGlobal N7oneflow8ChunkMgrE
I1013 15:19:56.148695  9667 global.h:36] NewGlobal N7oneflow8RegstMgrE
I1013 15:19:56.148705  9667 global.h:36] NewGlobal N7oneflow11ActorMsgBusE
I1013 15:19:56.148715  9667 global.h:36] NewGlobal N7oneflow9ThreadMgrE
I1013 15:19:56.148723  9667 global.h:36] NewGlobal N7oneflow15RuntimeJobDescsE
I1013 15:19:56.148732  9667 global.h:36] NewGlobal N7oneflow7summary12EventsWriterE
I1013 15:19:56.148744  9667 global.h:36] NewGlobal N7oneflow6boxing10collective24CollectiveBoxingExecutorE
I1013 15:19:56.148754  9667 global.h:36] NewGlobal N7oneflow6boxing10collective31CollectiveBoxingDeviceCtxPollerE
I1013 15:19:56.149812  9667 session.h:77] NewGlobal N7oneflow25SessionGlobalObjectsScopeE
I1013 15:19:56.150748  9667 global.h:36] NewGlobal N7oneflow7JobDescE
I1013 15:19:56.624047  9667 global.h:43] DeleteGlobal N7oneflow7JobDescE
I1013 15:19:56.624311  9667 global.h:36] NewGlobal N7oneflow7JobDescE
I1013 15:19:56.627892  9667 global.h:36] NewGlobal N7oneflow7OpGraphE
I1013 15:19:56.632551  9667 global.h:43] DeleteGlobal N7oneflow7OpGraphE
I1013 15:19:56.827968  9667 global.h:43] DeleteGlobal N7oneflow7JobDescE
I1013 15:19:56.847942  9667 global.h:36] NewGlobal N7oneflow24InterJobReuseMemStrategyE
I1013 15:19:56.847972  9667 global.h:36] NewGlobal N7oneflow7OneflowE
I1013 15:19:56.862943  9667 global.h:36] NewGlobal N7oneflow7JobDescE
I1013 15:19:57.070036  9667 global.h:36] NewGlobal N7oneflow7OpGraphE
I1013 15:19:57.138938  9667 global.h:43] DeleteGlobal N7oneflow7OpGraphE
I1013 15:19:57.146375  9667 oneflow.cpp:210] 
job_id: 0 , job_name: train_job , compile time: 0.283296 seconds.
I1013 15:19:57.194847  9667 global.h:43] DeleteGlobal N7oneflow7JobDescE
I1013 15:19:57.195137  9667 global.h:36] NewGlobal N7oneflow7JobDescE
I1013 15:19:57.244810  9667 global.h:36] NewGlobal N7oneflow7OpGraphE
I1013 15:19:57.262039  9667 global.h:43] DeleteGlobal N7oneflow7OpGraphE
I1013 15:19:57.266516  9667 oneflow.cpp:210] 
job_id: 1 , job_name: System-ModelInit , compile time: 0.0710968 seconds.
I1013 15:19:57.278650  9667 global.h:43] DeleteGlobal N7oneflow7JobDescE
I1013 15:19:57.278681  9667 global.h:36] NewGlobal N7oneflow7JobDescE
I1013 15:19:57.326706  9667 global.h:36] NewGlobal N7oneflow7OpGraphE
I1013 15:19:57.344821  9667 global.h:43] DeleteGlobal N7oneflow7OpGraphE
I1013 15:19:57.349330  9667 oneflow.cpp:210] 
job_id: 2 , job_name: System-ModelLoad , compile time: 0.0706299 seconds.
I1013 15:19:57.361371  9667 global.h:43] DeleteGlobal N7oneflow7JobDescE
I1013 15:19:57.361445  9667 global.h:36] NewGlobal N7oneflow7JobDescE
I1013 15:19:57.407531  9667 global.h:36] NewGlobal N7oneflow7OpGraphE
I1013 15:19:57.423251  9667 global.h:43] DeleteGlobal N7oneflow7OpGraphE
I1013 15:19:57.427053  9667 oneflow.cpp:210] 
job_id: 3 , job_name: System-ModelSave , compile time: 0.0655892 seconds.
I1013 15:19:57.438956  9667 global.h:43] DeleteGlobal N7oneflow7JobDescE
I1013 15:19:57.438982  9667 global.h:36] NewGlobal N7oneflow7JobDescE
I1013 15:19:57.447749  9667 global.h:36] NewGlobal N7oneflow7OpGraphE
I1013 15:19:57.451411  9667 global.h:43] DeleteGlobal N7oneflow7OpGraphE
I1013 15:19:57.452641  9667 oneflow.cpp:210] 
job_id: 4 , job_name: System-Pull-Return_22 , compile time: 0.0136399 seconds.
I1013 15:19:57.456110  9667 global.h:43] DeleteGlobal N7oneflow7JobDescE
I1013 15:19:57.460311  9667 global.h:36] NewGlobal N7oneflow7JobDescE
I1013 15:19:57.460343  9667 global.h:36] NewGlobal N7oneflow7OpGraphE
I1013 15:19:57.465454  9667 global.h:43] DeleteGlobal N7oneflow7OpGraphE
I1013 15:19:57.468047  9667 oneflow.cpp:210] 
job_id: 5 , job_name: MainJob-unamed , compile time: 0.00771226 seconds.
I1013 15:19:57.474845  9667 global.h:43] DeleteGlobal N7oneflow7JobDescE
I1013 15:19:57.477363  9667 plan_util.cpp:928]  Plan: merged_plan needs to allocate [ 374.89 MiB ] device memory in Rank: 0 , Device: 0
I1013 15:19:57.587816  9667 oneflow.cpp:998]  PushPlan merged_plan time: 0.0110835 seconds.
I1013 15:19:57.617489  9667 oneflow.cpp:1014]  PullPlan merged_plan time: 0.0253445 seconds.
I1013 15:19:59.973254  9667 runtime_context.cpp:21] NewCounter constructing_actor_cnt 393
I1013 15:19:59.974208 10337 naive_actor.cpp:25] actor 2199023255700 switch to &NaiveActor::HandlerNormal
I1013 15:19:59.974237 10337 thread.cpp:96] Thread 1048576 construct Actor kDeviceTick 2199023255700
I1013 15:19:59.974726 10317 wait_and_send_ids_actor.cpp:53] actor 1099616485376 switch to &WaitAndSendIdsActor::HandlerWaitToStart
I1013 15:19:59.974838 10337 runtime_context.cpp:29] DecreaseCounter constructing_actor_cnt, current val is 392
I1013 15:19:59.974853 10317 thread.cpp:96] Thread 524338 construct Actor kWaitAndSendIds 1099616485376
I1013 15:19:59.974784 10316 naive_actor.cpp:25] actor 1099614388226 switch to &NaiveActor::HandlerNormal
I1013 15:19:59.974933 10316 thread.cpp:96] Thread 524337 construct Actor kDeviceTick 1099614388226
I1013 15:19:59.974941 10317 runtime_context.cpp:29] DecreaseCounter constructing_actor_cnt, current val is 391
I1013 15:19:59.974987 10337 naive_actor.cpp:25] actor 2199023255739 switch to &NaiveActor::HandlerNormal
I1013 15:19:59.975456 10337 thread.cpp:96] Thread 1048576 construct Actor kDeviceTick 2199023255739
I1013 15:19:59.975004 10316 runtime_context.cpp:29] DecreaseCounter constructing_actor_cnt, current val is 390
I1013 15:19:59.975522 10337 runtime_context.cpp:29] DecreaseCounter constructing_actor_cnt, current val is 389
I1013 15:19:59.975754 10316 naive_actor.cpp:25] actor 1099614388233 switch to &NaiveActor::HandlerNormal
I1013 15:19:59.975764 10337 naive_actor.cpp:25] actor 2199023255778 switch to &NaiveActor::HandlerNormal
I1013 15:19:59.975796 10316 thread.cpp:96] Thread 524337 construct Actor kDeviceTick 1099614388233
I1013 15:19:59.975843 10337 thread.cpp:96] Thread 1048576 construct Actor kDeviceTick 2199023255778
I1013 15:19:59.975898 10316 runtime_context.cpp:29] DecreaseCounter constructing_actor_cnt, current val is 388
I1013 15:19:59.975924 10337 runtime_context.cpp:29] DecreaseCounter constructing_actor_cnt, current val is 387
I1013 15:19:59.976130 10316 naive_actor.cpp:25] actor 1099614388243 switch to &NaiveActor::HandlerNormal
I1013 15:19:59.976213 10337 naive_actor.cpp:25] actor 2199023255817 switch to &NaiveActor::HandlerNormal
I1013 15:19:59.976215 10316 thread.cpp:96] Thread 524337 construct Actor kDeviceTick 1099614388243
I1013 15:19:59.976250 10337 thread.cpp:96] Thread 1048576 construct Actor kDeviceTick 2199023255817
I1013 15:19:59.976316 10316 runtime_context.cpp:29] DecreaseCounter constructing_actor_cnt, current val is 386
I1013 15:19:59.976333 10337 runtime_context.cpp:29] DecreaseCounter constructing_actor_cnt, current val is 385
I1013 15:19:59.976589 10316 naive_actor.cpp:25] actor 1099614388252 switch to &NaiveActor::HandlerNormal
I1013 15:19:59.976624 10316 thread.cpp:96] Thread 524337 construct Actor kDeviceTick 1099614388252
I1013 15:19:59.976673 10316 runtime_context.cpp:29] DecreaseCounter constructing_actor_cnt, current val is 384
I1013 15:19:59.976910 10316 naive_actor.cpp:25] actor 1099614388261 switch to &NaiveActor::HandlerNormal
I1013 15:19:59.976943 10316 thread.cpp:96] Thread 524337 construct Actor kDeviceTick 1099614388261
I1013 15:19:59.976991 10316 runtime_context.cpp:29] DecreaseCounter constructing_actor_cnt, current val is 383
I1013 15:19:59.977216 10316 naive_actor.cpp:25] actor 1099614388269 switch to &NaiveActor::HandlerNormal
I1013 15:19:59.977246 10316 thread.cpp:96] Thread 524337 construct Actor kDeviceTick 1099614388269
I1013 15:19:59.977294 10316 runtime_context.cpp:29] DecreaseCounter constructing_actor_cnt, current val is 382
I1013 15:19:59.977522 10316 naive_actor.cpp:25] actor 1099614388276 switch to &NaiveActor::HandlerNormal
I1013 15:19:59.977555 10316 thread.cpp:96] Thread 524337 construct Actor kDeviceTick 1099614388276
I1013 15:19:59.977617 10316 runtime_context.cpp:29] DecreaseCounter constructing_actor_cnt, current val is 381
I1013 15:19:59.985975 10341 naive_actor.cpp:25] actor 2199027449857 switch to &NaiveActor::HandlerNormal
I1013 15:19:59.986029 10339 naive_actor.cpp:25] actor 2199025352704 switch to &NaiveActor::HandlerNormal
I1013 15:19:59.986065 10341 thread.cpp:96] Thread 1048578 construct Actor kCopyHd 2199027449857
I1013 15:19:59.986230 10316 naive_actor.cpp:25] actor 1099614388236 switch to &NaiveActor::HandlerNormal
I1013 15:19:59.986312 10341 runtime_context.cpp:29] DecreaseCounter constructing_actor_cnt, current val is 380
I1013 15:19:59.986300 10300 naive_actor.cpp:25] actor 1099528404992 switch to &NaiveActor::HandlerNormal
I1013 15:19:59.986209 10339 thread.cpp:96] Thread 1048577 construct Actor kCopyHd 2199025352704
I1013 15:19:59.986415 10300 thread.cpp:96] Thread 524296 construct Actor kNormalForward 1099528404992
I1013 15:19:59.986431 10341 naive_actor.cpp:25] actor 2199027449858 switch to &NaiveActor::HandlerNormal
I1013 15:19:59.986325 10316 thread.cpp:96] Thread 524337 construct Actor kTick 1099614388236
I1013 15:19:59.986470 10341 thread.cpp:96] Thread 1048578 construct Actor kCopyHd 2199027449858
I1013 15:19:59.986474 10339 runtime_context.cpp:29] DecreaseCounter constructing_actor_cnt, current val is 379
I1013 15:19:59.986477 10298 naive_actor.cpp:25] actor 1099524210688 switch to &NaiveActor::HandlerNormal
I1013 15:19:59.986543 10300 runtime_context.cpp:29] DecreaseCounter constructing_actor_cnt, current val is 378
I1013 15:19:59.986908 10312 naive_actor.cpp:25] actor 1099553570816 switch to &NaiveActor::HandlerNormal
I1013 15:19:59.986591 10310 naive_actor.cpp:25] actor 1099549376512 switch to &NaiveActor::HandlerNormal
I1013 15:19:59.987013 10299 naive_actor.cpp:25] actor 1099526307840 switch to &NaiveActor::HandlerNormal
I1013 15:19:59.986665 10297 naive_actor.cpp:25] actor 1099522113536 switch to &NaiveActor::HandlerNormal
I1013 15:19:59.987206 10297 thread.cpp:96] Thread 524293 construct Actor kNormalForward 1099522113536
I1013 15:19:59.986665 10341 runtime_context.cpp:29] DecreaseCounter constructing_actor_cnt, current val is 376
I1013 15:19:59.987295 10309 naive_actor.cpp:25] actor 1099547279360 switch to &NaiveActor::HandlerNormal
I1013 15:19:59.987375 10307 naive_actor.cpp:25] actor 1099543085056 switch to &NaiveActor::HandlerNormal
I1013 15:19:59.987440 10307 thread.cpp:96] Thread 524303 construct Actor kNormalForward 1099543085056
I1013 15:19:59.986917 10303 naive_actor.cpp:25] actor 1099534696448 switch to &NaiveActor::HandlerNormal
I1013 15:19:59.987515 10303 thread.cpp:96] Thread 524299 construct Actor kNormalForward 1099534696448
I1013 15:19:59.986984 10295 naive_actor.cpp:25] actor 1099517919232 switch to &NaiveActor::HandlerNormal
I1013 15:19:59.986990 10312 thread.cpp:96] Thread 524308 construct Actor kNormalForward 1099553570816
I1013 15:19:59.987679 10296 naive_actor.cpp:25] actor 1099520016384 switch to &NaiveActor::HandlerNormal
I1013 15:19:59.987048 10304 naive_actor.cpp:25] actor 1099536793600 switch to &NaiveActor::HandlerNormal
I1013 15:19:59.987056 10311 naive_actor.cpp:25] actor 1099551473664 switch to &NaiveActor::HandlerNormal
I1013 15:19:59.986634 10316 runtime_context.cpp:29] DecreaseCounter constructing_actor_cnt, current val is 377
I1013 15:19:59.987080 10293 naive_actor.cpp:25] actor 1099513724928 switch to &NaiveActor::HandlerNormal
I1013 15:19:59.988013 10293 thread.cpp:96] Thread 524289 construct Actor kNormalForward 1099513724928
I1013 15:19:59.987092 10310 thread.cpp:96] Thread 524306 construct Actor kNormalForward 1099549376512
I1013 15:19:59.987103 10294 naive_actor.cpp:25] actor 1099515822080 switch to &NaiveActor::HandlerNormal
I1013 15:19:59.988544 10310 runtime_context.cpp:29] DecreaseCounter constructing_actor_cnt, current val is 370
I1013 15:19:59.988580 10294 thread.cpp:96] Thread 524290 construct Actor kNormalForward 1099515822080
I1013 15:19:59.987169 10299 thread.cpp:96] Thread 524295 construct Actor kNormalForward 1099526307840
I1013 15:19:59.987229 10306 naive_actor.cpp:25] actor 1099540987904 switch to &NaiveActor::HandlerNormal
I1013 15:19:59.987277 10297 runtime_context.cpp:29] DecreaseCounter constructing_actor_cnt, current val is 375
I1013 15:19:59.988790 10306 thread.cpp:96] Thread 524302 construct Actor kNormalForward 1099540987904
I1013 15:19:59.986745 10339 naive_actor.cpp:25] actor 2199025352705 switch to &NaiveActor::HandlerNormal
I1013 15:19:59.988869 10339 thread.cpp:96] Thread 1048577 construct Actor kCopyHd 2199025352705
I1013 15:19:59.988876 10306 runtime_context.cpp:29] DecreaseCounter constructing_actor_cnt, current val is 367
I1013 15:19:59.988899 10339 runtime_context.cpp:29] DecreaseCounter constructing_actor_cnt, current val is 366
I1013 15:19:59.987331 10314 naive_actor.cpp:25] actor 1099557765120 switch to &NaiveActor::HandlerNormal
I1013 15:19:59.989017 10314 thread.cpp:96] Thread 524310 construct Actor kNormalForward 1099557765120
I1013 15:19:59.986768 10298 thread.cpp:96] Thread 524294 construct Actor kNormalForward 1099524210688
I1013 15:19:59.987393 10309 thread.cpp:96] Thread 524305 construct Actor kNormalForward 1099547279360
I1013 15:19:59.986891 10305 naive_actor.cpp:25] actor 1099538890752 switch to &NaiveActor::HandlerNormal
I1013 15:19:59.989362 10305 thread.cpp:96] Thread 524301 construct Actor kForeignInput 1099538890752
I1013 15:19:59.987481 10308 naive_actor.cpp:25] actor 1099545182208 switch to &NaiveActor::HandlerNormal
I1013 15:19:59.989506 10308 thread.cpp:96] Thread 524304 construct Actor kForeignInput 1099545182208
I1013 15:19:59.987525 10307 runtime_context.cpp:29] DecreaseCounter constructing_actor_cnt, current val is 374
I1013 15:19:59.987601 10295 thread.cpp:96] Thread 524291 construct Actor kNormalForward 1099517919232
I1013 15:19:59.987612 10303 runtime_context.cpp:29] DecreaseCounter constructing_actor_cnt, current val is 373
I1013 15:19:59.986994 10315 naive_actor.cpp:25] actor 1099559862272 switch to &NaiveActor::HandlerNormal
I1013 15:19:59.989778 10315 thread.cpp:96] Thread 524311 construct Actor kForeignOutput 1099559862272
I1013 15:19:59.987720 10296 thread.cpp:96] Thread 524292 construct Actor kNormalForward 1099520016384
I1013 15:19:59.987752 10312 runtime_context.cpp:29] DecreaseCounter constructing_actor_cnt, current val is 372
I1013 15:19:59.987782 10304 thread.cpp:96] Thread 524300 construct Actor kNormalForward 1099536793600
I1013 15:19:59.987815 10311 thread.cpp:96] Thread 524307 construct Actor kForeignInput 1099551473664
I1013 15:19:59.987021 10302 naive_actor.cpp:25] actor 1099532599296 switch to &NaiveActor::HandlerNormal
I1013 15:19:59.990168 10302 thread.cpp:96] Thread 524298 construct Actor kNormalForward 1099532599296
I1013 15:19:59.988281 10316 naive_actor.cpp:25] actor 1099614388232 switch to &NaiveActor::HandlerNormal
I1013 15:19:59.990247 10302 runtime_context.cpp:29] DecreaseCounter constructing_actor_cnt, current val is 355
I1013 15:19:59.988466 10293 runtime_context.cpp:29] DecreaseCounter constructing_actor_cnt, current val is 371
I1013 15:19:59.987147 10301 naive_actor.cpp:25] actor 1099530502144 switch to &NaiveActor::HandlerNormal
I1013 15:19:59.990388 10301 thread.cpp:96] Thread 524297 construct Actor kNormalForward 1099530502144
I1013 15:19:59.987352 10313 naive_actor.cpp:25] actor 1099555667968 switch to &NaiveActor::HandlerNormal
I1013 15:19:59.990499 10313 thread.cpp:96] Thread 524309 construct Actor kNormalForward 1099555667968
I1013 15:19:59.987368 10318 sink_actor.cpp:21] actor 1099618582528 switch to &SinkActor::HandlerNormal
I1013 15:19:59.989042 10339 naive_actor.cpp:25] actor 2199025352706 switch to &NaiveActor::HandlerNormal
I1013 15:19:59.989188 10298 runtime_context.cpp:29] DecreaseCounter constructing_actor_cnt, current val is 364
I1013 15:19:59.989230 10309 runtime_context.cpp:29] DecreaseCounter constructing_actor_cnt, current val is 363
I1013 15:19:59.987452 10341 naive_actor.cpp:25] actor 2199027449856 switch to &NaiveActor::HandlerNormal
I1013 15:19:59.989475 10305 runtime_context.cpp:29] DecreaseCounter constructing_actor_cnt, current val is 362
I1013 15:19:59.986586 10337 naive_actor.cpp:25] actor 2199023255567 switch to &NaiveActor::HandlerNormal
I1013 15:19:59.990869 10337 thread.cpp:96] Thread 1048576 construct Actor kNormalForward 2199023255567
I1013 15:19:59.990880 10292 naive_actor.cpp:25] actor 1099511627776 switch to &NaiveActor::HandlerNormal
I1013 15:19:59.990942 10337 runtime_context.cpp:29] DecreaseCounter constructing_actor_cnt, current val is 352
I1013 15:19:59.989814 10315 runtime_context.cpp:29] DecreaseCounter constructing_actor_cnt, current val is 359
I1013 15:19:59.989884 10296 runtime_context.cpp:29] DecreaseCounter constructing_actor_cnt, current val is 358
I1013 15:19:59.990036 10304 runtime_context.cpp:29] DecreaseCounter constructing_actor_cnt, current val is 357
I1013 15:19:59.990135 10311 runtime_context.cpp:29] DecreaseCounter constructing_actor_cnt, current val is 356
I1013 15:19:59.990243 10316 thread.cpp:96] Thread 524337 construct Actor kTick 1099614388232
I1013 15:19:59.988675 10294 runtime_context.cpp:29] DecreaseCounter constructing_actor_cnt, current val is 369
I1013 15:19:59.988777 10299 runtime_context.cpp:29] DecreaseCounter constructing_actor_cnt, current val is 368
I1013 15:19:59.990473 10301 runtime_context.cpp:29] DecreaseCounter constructing_actor_cnt, current val is 354
I1013 15:19:59.989107 10314 runtime_context.cpp:29] DecreaseCounter constructing_actor_cnt, current val is 365
I1013 15:19:59.990609 10318 thread.cpp:96] Thread 524339 construct Actor kCallbackNotify 1099618582528
I1013 15:19:59.990645 10339 thread.cpp:96] Thread 1048577 construct Actor kCopyHd 2199025352706
I1013 15:19:59.990612 10313 runtime_context.cpp:29] DecreaseCounter constructing_actor_cnt, current val is 353
I1013 15:19:59.990815 10341 thread.cpp:96] Thread 1048578 construct Actor kCopyHd 2199027449856
I1013 15:19:59.989678 10308 runtime_context.cpp:29] DecreaseCounter constructing_actor_cnt, current val is 361
I1013 15:19:59.989740 10295 runtime_context.cpp:29] DecreaseCounter constructing_actor_cnt, current val is 360
I1013 15:19:59.990942 10292 thread.cpp:96] Thread 524288 construct Actor kNormalForward 1099511627776
I1013 15:19:59.991530 10316 runtime_context.cpp:29] DecreaseCounter constructing_actor_cnt, current val is 351
I1013 15:19:59.991698 10337 naive_actor.cpp:25] actor 2199023255586 switch to &NaiveActor::HandlerNormal
I1013 15:19:59.992492 10337 thread.cpp:96] Thread 1048576 construct Actor kNormalForward 2199023255586
I1013 15:19:59.992027 10318 runtime_context.cpp:29] DecreaseCounter constructing_actor_cnt, current val is 350
I1013 15:19:59.992539 10337 runtime_context.cpp:29] DecreaseCounter constructing_actor_cnt, current val is 346
I1013 15:19:59.992215 10341 runtime_context.cpp:29] DecreaseCounter constructing_actor_cnt, current val is 348
I1013 15:19:59.992449 10292 runtime_context.cpp:29] DecreaseCounter constructing_actor_cnt, current val is 347
I1013 15:19:59.992085 10339 runtime_context.cpp:29] DecreaseCounter constructing_actor_cnt, current val is 349
I1013 15:19:59.992769 10337 naive_actor.cpp:25] actor 2199023255564 switch to &NaiveActor::HandlerNormal
I1013 15:19:59.992842 10316 naive_actor.cpp:25] actor 1099614388229 switch to &NaiveActor::HandlerNormal
I1013 15:19:59.993036 10337 thread.cpp:96] Thread 1048576 construct Actor kNormalForward 2199023255564
I1013 15:19:59.993065 10316 thread.cpp:96] Thread 524337 construct Actor kDstSubsetTick 1099614388229
I1013 15:19:59.993088 10339 naive_actor.cpp:25] actor 2199025352707 switch to &NaiveActor::HandlerNormal
I1013 15:19:59.993106 10339 thread.cpp:96] Thread 1048577 construct Actor kCopyHd 2199025352707
I1013 15:19:59.993113 10337 runtime_context.cpp:29] DecreaseCounter constructing_actor_cnt, current val is 345
I1013 15:19:59.993132 10339 runtime_context.cpp:29] DecreaseCounter constructing_actor_cnt, current val is 344
I1013 15:19:59.993162 10316 runtime_context.cpp:29] DecreaseCounter constructing_actor_cnt, current val is 343
I1013 15:19:59.993196 10339 naive_actor.cpp:25] actor 2199025352708 switch to &NaiveActor::HandlerNormal
I1013 15:19:59.993257 10339 thread.cpp:96] Thread 1048577 construct Actor kCopyHd 2199025352708
I1013 15:19:59.993279 10339 runtime_context.cpp:29] DecreaseCounter constructing_actor_cnt, current val is 342
I1013 15:19:59.993353 10339 naive_actor.cpp:25] actor 2199025352709 switch to &NaiveActor::HandlerNormal
I1013 15:19:59.993378 10339 thread.cpp:96] Thread 1048577 construct Actor kCopyHd 2199025352709
I1013 15:19:59.993381 10337 naive_actor.cpp:25] actor 2199023255553 switch to &NaiveActor::HandlerNormal
I1013 15:19:59.993405 10339 runtime_context.cpp:29] DecreaseCounter constructing_actor_cnt, current val is 341
I1013 15:19:59.993423 10337 thread.cpp:96] Thread 1048576 construct Actor kNormalForward 2199023255553
I1013 15:19:59.993468 10337 runtime_context.cpp:29] DecreaseCounter constructing_actor_cnt, current val is 340
I1013 15:19:59.993482 10339 naive_actor.cpp:25] actor 2199025352710 switch to &NaiveActor::HandlerNormal
I1013 15:19:59.993505 10339 thread.cpp:96] Thread 1048577 construct Actor kCopyHd 2199025352710
I1013 15:19:59.993532 10339 runtime_context.cpp:29] DecreaseCounter constructing_actor_cnt, current val is 339
I1013 15:19:59.993608 10316 naive_actor.cpp:25] actor 1099614388228 switch to &NaiveActor::HandlerNormal
I1013 15:19:59.993753 10316 thread.cpp:96] Thread 524337 construct Actor kTick 1099614388228
I1013 15:19:59.993835 10316 runtime_context.cpp:29] DecreaseCounter constructing_actor_cnt, current val is 338
I1013 15:19:59.994079 10337 naive_actor.cpp:25] actor 2199023255606 switch to &NaiveActor::HandlerNormal
I1013 15:19:59.994119 10337 thread.cpp:96] Thread 1048576 construct Actor kNormalForward 2199023255606
I1013 15:19:59.994169 10337 runtime_context.cpp:29] DecreaseCounter constructing_actor_cnt, current val is 337
I1013 15:19:59.994176 10316 naive_actor.cpp:25] actor 1099614388230 switch to &NaiveActor::HandlerNormal
I1013 15:19:59.994230 10316 thread.cpp:96] Thread 524337 construct Actor kTick 1099614388230
I1013 15:19:59.994297 10316 runtime_context.cpp:29] DecreaseCounter constructing_actor_cnt, current val is 336
I1013 15:19:59.994765 10316 esac_actor.cpp:73] actor 1099614388321 switch to &EsacActor::HandlerNormal
I1013 15:19:59.994791 10337 naive_actor.cpp:25] actor 2199023255561 switch to &NaiveActor::HandlerNormal
I1013 15:19:59.994818 10316 thread.cpp:96] Thread 524337 construct Actor kEsac 1099614388321
I1013 15:19:59.994837 10337 thread.cpp:96] Thread 1048576 construct Actor kNormalForward 2199023255561
I1013 15:19:59.994930 10337 runtime_context.cpp:29] DecreaseCounter constructing_actor_cnt, current val is 335
I1013 15:19:59.994941 10316 runtime_context.cpp:29] DecreaseCounter constructing_actor_cnt, current val is 334
I1013 15:19:59.995260 10316 naive_actor.cpp:25] actor 1099614388224 switch to &NaiveActor::HandlerNormal
I1013 15:19:59.995307 10316 thread.cpp:96] Thread 524337 construct Actor kDeviceTick 1099614388224
I1013 15:19:59.995366 10316 runtime_context.cpp:29] DecreaseCounter constructing_actor_cnt, current val is 333
I1013 15:19:59.995425 10337 naive_actor.cpp:25] actor 2199023255571 switch to &NaiveActor::HandlerNormal
I1013 15:19:59.995465 10337 thread.cpp:96] Thread 1048576 construct Actor kNormalForward 2199023255571
I1013 15:19:59.995510 10337 runtime_context.cpp:29] DecreaseCounter constructing_actor_cnt, current val is 332
I1013 15:19:59.995713 10316 naive_actor.cpp:25] actor 1099614388231 switch to &NaiveActor::HandlerNormal
I1013 15:19:59.995762 10316 thread.cpp:96] Thread 524337 construct Actor kTick 1099614388231
I1013 15:19:59.995762 10337 naive_actor.cpp:25] actor 2199023255569 switch to &NaiveActor::HandlerNormal
I1013 15:19:59.995813 10337 thread.cpp:96] Thread 1048576 construct Actor kNormalForward 2199023255569
I1013 15:19:59.995833 10316 runtime_context.cpp:29] DecreaseCounter constructing_actor_cnt, current val is 331
I1013 15:19:59.995854 10337 runtime_context.cpp:29] DecreaseCounter constructing_actor_cnt, current val is 330
I1013 15:19:59.996162 10316 naive_actor.cpp:25] actor 1099614388319 switch to &NaiveActor::HandlerNormal
I1013 15:19:59.996209 10316 thread.cpp:96] Thread 524337 construct Actor kTick 1099614388319
I1013 15:19:59.996277 10316 runtime_context.cpp:29] DecreaseCounter constructing_actor_cnt, current val is 329
I1013 15:19:59.996439 10337 naive_actor.cpp:25] actor 2199023255560 switch to &NaiveActor::HandlerNormal
I1013 15:19:59.996479 10337 thread.cpp:96] Thread 1048576 construct Actor kNormalForward 2199023255560
I1013 15:19:59.996524 10337 runtime_context.cpp:29] DecreaseCounter constructing_actor_cnt, current val is 328
I1013 15:19:59.996625 10316 naive_actor.cpp:25] actor 1099614388238 switch to &NaiveActor::HandlerNormal
I1013 15:19:59.996671 10316 thread.cpp:96] Thread 524337 construct Actor kTick 1099614388238
I1013 15:19:59.996739 10316 runtime_context.cpp:29] DecreaseCounter constructing_actor_cnt, current val is 327
I1013 15:19:59.996784 10337 naive_actor.cpp:25] actor 2199023255597 switch to &NaiveActor::HandlerNormal
I1013 15:19:59.996809 10337 thread.cpp:96] Thread 1048576 construct Actor kNormalForward 2199023255597
I1013 15:19:59.996860 10337 runtime_context.cpp:29] DecreaseCounter constructing_actor_cnt, current val is 326
I1013 15:19:59.997082 10316 naive_actor.cpp:25] actor 1099614388239 switch to &NaiveActor::HandlerNormal
I1013 15:19:59.997124 10316 thread.cpp:96] Thread 524337 construct Actor kTick 1099614388239
I1013 15:19:59.997220 10316 runtime_context.cpp:29] DecreaseCounter constructing_actor_cnt, current val is 325
I1013 15:19:59.997434 10337 naive_actor.cpp:25] actor 2199023255555 switch to &NaiveActor::HandlerNormal
I1013 15:19:59.997478 10337 thread.cpp:96] Thread 1048576 construct Actor kNormalForward 2199023255555
I1013 15:19:59.997507 10316 naive_actor.cpp:25] actor 1099614388225 switch to &NaiveActor::HandlerNormal
I1013 15:19:59.997522 10337 runtime_context.cpp:29] DecreaseCounter constructing_actor_cnt, current val is 324
I1013 15:19:59.997542 10316 thread.cpp:96] Thread 524337 construct Actor kSrcSubsetTick 1099614388225
I1013 15:19:59.997627 10316 runtime_context.cpp:29] DecreaseCounter constructing_actor_cnt, current val is 323
I1013 15:19:59.997921 10316 naive_actor.cpp:25] actor 1099614388234 switch to &NaiveActor::HandlerNormal
I1013 15:19:59.997963 10316 thread.cpp:96] Thread 524337 construct Actor kSrcSubsetTick 1099614388234
I1013 15:19:59.998028 10316 runtime_context.cpp:29] DecreaseCounter constructing_actor_cnt, current val is 322
I1013 15:19:59.998215 10337 naive_actor.cpp:25] actor 2199023255554 switch to &NaiveActor::HandlerNormal
I1013 15:19:59.998253 10337 thread.cpp:96] Thread 1048576 construct Actor kNormalForward 2199023255554
I1013 15:19:59.998301 10337 runtime_context.cpp:29] DecreaseCounter constructing_actor_cnt, current val is 321
I1013 15:19:59.998337 10316 naive_actor.cpp:25] actor 1099614388237 switch to &NaiveActor::HandlerNormal
I1013 15:19:59.998378 10316 thread.cpp:96] Thread 524337 construct Actor kDstSubsetTick 1099614388237
I1013 15:19:59.998440 10316 runtime_context.cpp:29] DecreaseCounter constructing_actor_cnt, current val is 320
I1013 15:19:59.998523 10337 naive_actor.cpp:25] actor 2199023255589 switch to &NaiveActor::HandlerNormal
I1013 15:19:59.998558 10337 thread.cpp:96] Thread 1048576 construct Actor kNormalForward 2199023255589
I1013 15:19:59.998636 10337 runtime_context.cpp:29] DecreaseCounter constructing_actor_cnt, current val is 319
I1013 15:19:59.998764 10316 naive_actor.cpp:25] actor 1099614388315 switch to &NaiveActor::HandlerNormal
I1013 15:19:59.998808 10316 thread.cpp:96] Thread 524337 construct Actor kTick 1099614388315
I1013 15:19:59.998862 10316 runtime_context.cpp:29] DecreaseCounter constructing_actor_cnt, current val is 318
I1013 15:19:59.999155 10316 naive_actor.cpp:25] actor 1099614388240 switch to &NaiveActor::HandlerNormal
I1013 15:19:59.999199 10316 thread.cpp:96] Thread 524337 construct Actor kTick 1099614388240
I1013 15:19:59.999250 10316 runtime_context.cpp:29] DecreaseCounter constructing_actor_cnt, current val is 317
I1013 15:19:59.999445 10337 naive_actor.cpp:25] actor 2199023255552 switch to &NaiveActor::HandlerNormal
I1013 15:19:59.999482 10337 thread.cpp:96] Thread 1048576 construct Actor kNormalForward 2199023255552
I1013 15:19:59.999536 10316 naive_actor.cpp:25] actor 1099614388247 switch to &NaiveActor::HandlerNormal
I1013 15:19:59.999541 10337 runtime_context.cpp:29] DecreaseCounter constructing_actor_cnt, current val is 316
I1013 15:19:59.999585 10316 thread.cpp:96] Thread 524337 construct Actor kTick 1099614388247
I1013 15:19:59.999650 10316 runtime_context.cpp:29] DecreaseCounter constructing_actor_cnt, current val is 315
I1013 15:19:59.999929 10316 naive_actor.cpp:25] actor 1099614388242 switch to &NaiveActor::HandlerNormal
I1013 15:19:59.999974 10316 thread.cpp:96] Thread 524337 construct Actor kSrcSubsetTick 1099614388242
I1013 15:20:00.000026 10316 runtime_context.cpp:29] DecreaseCounter constructing_actor_cnt, current val is 314
I1013 15:20:00.000106 10337 naive_actor.cpp:25] actor 2199023255568 switch to &NaiveActor::HandlerNormal
I1013 15:20:00.000147 10337 thread.cpp:96] Thread 1048576 construct Actor kNormalForward 2199023255568
I1013 15:20:00.000202 10337 runtime_context.cpp:29] DecreaseCounter constructing_actor_cnt, current val is 313
I1013 15:20:00.000313 10316 naive_actor.cpp:25] actor 1099614388241 switch to &NaiveActor::HandlerNormal
I1013 15:20:00.000356 10316 thread.cpp:96] Thread 524337 construct Actor kDeviceTick 1099614388241
I1013 15:20:00.000417 10337 naive_actor.cpp:25] actor 2199023255572 switch to &NaiveActor::HandlerNormal
I1013 15:20:00.000480 10337 thread.cpp:96] Thread 1048576 construct Actor kNormalForward 2199023255572
I1013 15:20:00.000499 10316 runtime_context.cpp:29] DecreaseCounter constructing_actor_cnt, current val is 312
I1013 15:20:00.000520 10337 runtime_context.cpp:29] DecreaseCounter constructing_actor_cnt, current val is 311
I1013 15:20:00.000821 10316 naive_actor.cpp:25] actor 1099614388245 switch to &NaiveActor::HandlerNormal
I1013 15:20:00.000867 10316 thread.cpp:96] Thread 524337 construct Actor kTick 1099614388245
I1013 15:20:00.000927 10316 runtime_context.cpp:29] DecreaseCounter constructing_actor_cnt, current val is 310
I1013 15:20:00.001085 10337 naive_actor.cpp:25] actor 2199023255610 switch to &NaiveActor::HandlerNormal
I1013 15:20:00.001122 10337 thread.cpp:96] Thread 1048576 construct Actor kNormalForward 2199023255610
I1013 15:20:00.001168 10337 runtime_context.cpp:29] DecreaseCounter constructing_actor_cnt, current val is 309
I1013 15:20:00.001236 10316 naive_actor.cpp:25] actor 1099614388248 switch to &NaiveActor::HandlerNormal
I1013 15:20:00.001277 10316 thread.cpp:96] Thread 524337 construct Actor kTick 1099614388248
I1013 15:20:00.001336 10316 runtime_context.cpp:29] DecreaseCounter constructing_actor_cnt, current val is 308
I1013 15:20:00.001390 10337 naive_actor.cpp:25] actor 2199023255579 switch to &NaiveActor::HandlerNormal
I1013 15:20:00.001425 10337 thread.cpp:96] Thread 1048576 construct Actor kNormalForward 2199023255579
I1013 15:20:00.001466 10337 runtime_context.cpp:29] DecreaseCounter constructing_actor_cnt, current val is 307
I1013 15:20:00.001708 10316 naive_actor.cpp:25] actor 1099614388246 switch to &NaiveActor::HandlerNormal
I1013 15:20:00.001755 10316 thread.cpp:96] Thread 524337 construct Actor kDstSubsetTick 1099614388246
I1013 15:20:00.001821 10316 runtime_context.cpp:29] DecreaseCounter constructing_actor_cnt, current val is 306
I1013 15:20:00.002039 10337 naive_actor.cpp:25] actor 2199023255556 switch to &NaiveActor::HandlerNormal
I1013 15:20:00.002079 10337 thread.cpp:96] Thread 1048576 construct Actor kNormalForward 2199023255556
I1013 15:20:00.002112 10316 naive_actor.cpp:25] actor 1099614388250 switch to &NaiveActor::HandlerNormal
I1013 15:20:00.002123 10337 runtime_context.cpp:29] DecreaseCounter constructing_actor_cnt, current val is 305
I1013 15:20:00.002147 10316 thread.cpp:96] Thread 524337 construct Actor kDeviceTick 1099614388250
I1013 15:20:00.002210 10316 runtime_context.cpp:29] DecreaseCounter constructing_actor_cnt, current val is 304
I1013 15:20:00.002494 10316 naive_actor.cpp:25] actor 1099614388316 switch to &NaiveActor::HandlerNormal
I1013 15:20:00.002538 10316 thread.cpp:96] Thread 524337 construct Actor kTick 1099614388316
I1013 15:20:00.002601 10316 runtime_context.cpp:29] DecreaseCounter constructing_actor_cnt, current val is 303
I1013 15:20:00.002658 10337 naive_actor.cpp:25] actor 2199023255566 switch to &NaiveActor::HandlerNormal
I1013 15:20:00.002694 10337 thread.cpp:96] Thread 1048576 construct Actor kNormalForward 2199023255566
I1013 15:20:00.002737 10337 runtime_context.cpp:29] DecreaseCounter constructing_actor_cnt, current val is 302
I1013 15:20:00.002890 10316 naive_actor.cpp:25] actor 1099614388254 switch to &NaiveActor::HandlerNormal
I1013 15:20:00.002934 10316 thread.cpp:96] Thread 524337 construct Actor kTick 1099614388254
I1013 15:20:00.002996 10316 runtime_context.cpp:29] DecreaseCounter constructing_actor_cnt, current val is 301
I1013 15:20:00.003320 10316 naive_actor.cpp:25] actor 1099614388255 switch to &NaiveActor::HandlerNormal
I1013 15:20:00.003361 10337 naive_actor.cpp:25] actor 2199023255588 switch to &NaiveActor::HandlerNormal
I1013 15:20:00.003365 10316 thread.cpp:96] Thread 524337 construct Actor kDstSubsetTick 1099614388255
I1013 15:20:00.003389 10337 thread.cpp:96] Thread 1048576 construct Actor kNormalForward 2199023255588
I1013 15:20:00.003458 10316 runtime_context.cpp:29] DecreaseCounter constructing_actor_cnt, current val is 300
I1013 15:20:00.003464 10337 runtime_context.cpp:29] DecreaseCounter constructing_actor_cnt, current val is 299
I1013 15:20:00.003799 10316 naive_actor.cpp:25] actor 1099614388249 switch to &NaiveActor::HandlerNormal
I1013 15:20:00.003852 10316 thread.cpp:96] Thread 524337 construct Actor kTick 1099614388249
I1013 15:20:00.003914 10316 runtime_context.cpp:29] DecreaseCounter constructing_actor_cnt, current val is 298
I1013 15:20:00.004103 10337 naive_actor.cpp:25] actor 2199023255595 switch to &NaiveActor::HandlerNormal
I1013 15:20:00.004142 10337 thread.cpp:96] Thread 1048576 construct Actor kNormalForward 2199023255595
I1013 15:20:00.004187 10337 runtime_context.cpp:29] DecreaseCounter constructing_actor_cnt, current val is 297
I1013 15:20:00.004221 10316 naive_actor.cpp:25] actor 1099614388251 switch to &NaiveActor::HandlerNormal
I1013 15:20:00.004266 10316 thread.cpp:96] Thread 524337 construct Actor kSrcSubsetTick 1099614388251
I1013 15:20:00.004325 10316 runtime_context.cpp:29] DecreaseCounter constructing_actor_cnt, current val is 296
I1013 15:20:00.004617 10316 naive_actor.cpp:25] actor 1099614388257 switch to &NaiveActor::HandlerNormal
I1013 15:20:00.004663 10316 thread.cpp:96] Thread 524337 construct Actor kTick 1099614388257
I1013 15:20:00.004716 10316 runtime_context.cpp:29] DecreaseCounter constructing_actor_cnt, current val is 295
I1013 15:20:00.004719 10337 naive_actor.cpp:25] actor 2199023255637 switch to &NaiveActor::HandlerNormal
I1013 15:20:00.004765 10337 thread.cpp:96] Thread 1048576 construct Actor kNormalForward 2199023255637
I1013 15:20:00.004820 10337 runtime_context.cpp:29] DecreaseCounter constructing_actor_cnt, current val is 294
I1013 15:20:00.004997 10316 naive_actor.cpp:25] actor 1099614388256 switch to &NaiveActor::HandlerNormal
I1013 15:20:00.005041 10316 thread.cpp:96] Thread 524337 construct Actor kTick 1099614388256
I1013 15:20:00.005110 10316 runtime_context.cpp:29] DecreaseCounter constructing_actor_cnt, current val is 293
I1013 15:20:00.005357 10337 naive_actor.cpp:25] actor 2199023255557 switch to &NaiveActor::HandlerNormal
I1013 15:20:00.005376 10316 naive_actor.cpp:25] actor 1099614388258 switch to &NaiveActor::HandlerNormal
I1013 15:20:00.005395 10337 thread.cpp:96] Thread 1048576 construct Actor kNormalForward 2199023255557
I1013 15:20:00.005421 10316 thread.cpp:96] Thread 524337 construct Actor kTick 1099614388258
I1013 15:20:00.005467 10337 runtime_context.cpp:29] DecreaseCounter constructing_actor_cnt, current val is 292
I1013 15:20:00.005481 10316 runtime_context.cpp:29] DecreaseCounter constructing_actor_cnt, current val is 291
I1013 15:20:00.005765 10316 naive_actor.cpp:25] actor 1099614388259 switch to &NaiveActor::HandlerNormal
I1013 15:20:00.005810 10316 thread.cpp:96] Thread 524337 construct Actor kDeviceTick 1099614388259
I1013 15:20:00.005863 10316 runtime_context.cpp:29] DecreaseCounter constructing_actor_cnt, current val is 290
I1013 15:20:00.006062 10337 naive_actor.cpp:25] actor 2199023255580 switch to &NaiveActor::HandlerNormal
I1013 15:20:00.006100 10337 thread.cpp:96] Thread 1048576 construct Actor kNormalForward 2199023255580
I1013 15:20:00.006145 10337 runtime_context.cpp:29] DecreaseCounter constructing_actor_cnt, current val is 289
I1013 15:20:00.006155 10316 naive_actor.cpp:25] actor 1099614388260 switch to &NaiveActor::HandlerNormal
I1013 15:20:00.006204 10316 thread.cpp:96] Thread 524337 construct Actor kSrcSubsetTick 1099614388260
I1013 15:20:00.006264 10316 runtime_context.cpp:29] DecreaseCounter constructing_actor_cnt, current val is 288
I1013 15:20:00.006541 10316 naive_actor.cpp:25] actor 1099614388320 switch to &NaiveActor::HandlerNormal
I1013 15:20:00.006618 10316 thread.cpp:96] Thread 524337 construct Actor kTick 1099614388320
I1013 15:20:00.006672 10316 runtime_context.cpp:29] DecreaseCounter constructing_actor_cnt, current val is 287
I1013 15:20:00.006774 10337 naive_actor.cpp:25] actor 2199023255603 switch to &NaiveActor::HandlerNormal
I1013 15:20:00.006811 10337 thread.cpp:96] Thread 1048576 construct Actor kNormalForward 2199023255603
I1013 15:20:00.006944 10337 runtime_context.cpp:29] DecreaseCounter constructing_actor_cnt, current val is 286
I1013 15:20:00.006959 10316 naive_actor.cpp:25] actor 1099614388263 switch to &NaiveActor::HandlerNormal
I1013 15:20:00.007021 10316 thread.cpp:96] Thread 524337 construct Actor kTick 1099614388263
I1013 15:20:00.007079 10316 runtime_context.cpp:29] DecreaseCounter constructing_actor_cnt, current val is 285
I1013 15:20:00.007402 10316 naive_actor.cpp:25] actor 1099614388264 switch to &NaiveActor::HandlerNormal
I1013 15:20:00.007444 10316 thread.cpp:96] Thread 524337 construct Actor kDstSubsetTick 1099614388264
I1013 15:20:00.007499 10316 runtime_context.cpp:29] DecreaseCounter constructing_actor_cnt, current val is 284
I1013 15:20:00.007560 10337 naive_actor.cpp:25] actor 2199023255590 switch to &NaiveActor::HandlerNormal
I1013 15:20:00.007616 10337 thread.cpp:96] Thread 1048576 construct Actor kNormalForward 2199023255590
I1013 15:20:00.007660 10337 runtime_context.cpp:29] DecreaseCounter constructing_actor_cnt, current val is 283
I1013 15:20:00.007798 10316 naive_actor.cpp:25] actor 1099614388266 switch to &NaiveActor::HandlerNormal
I1013 15:20:00.007840 10316 thread.cpp:96] Thread 524337 construct Actor kTick 1099614388266
I1013 15:20:00.007913 10316 runtime_context.cpp:29] DecreaseCounter constructing_actor_cnt, current val is 282
I1013 15:20:00.008154 10337 naive_actor.cpp:25] actor 2199023255576 switch to &NaiveActor::HandlerNormal
I1013 15:20:00.008172 10316 naive_actor.cpp:25] actor 1099614388265 switch to &NaiveActor::HandlerNormal
I1013 15:20:00.008191 10337 thread.cpp:96] Thread 1048576 construct Actor kNormalForward 2199023255576
I1013 15:20:00.008214 10316 thread.cpp:96] Thread 524337 construct Actor kTick 1099614388265
I1013 15:20:00.008255 10337 runtime_context.cpp:29] DecreaseCounter constructing_actor_cnt, current val is 281
I1013 15:20:00.008268 10316 runtime_context.cpp:29] DecreaseCounter constructing_actor_cnt, current val is 280
I1013 15:20:00.008514 10316 naive_actor.cpp:25] actor 1099614388267 switch to &NaiveActor::HandlerNormal
I1013 15:20:00.008556 10316 thread.cpp:96] Thread 524337 construct Actor kDeviceTick 1099614388267
I1013 15:20:00.008631 10316 runtime_context.cpp:29] DecreaseCounter constructing_actor_cnt, current val is 279
I1013 15:20:00.008783 10337 naive_actor.cpp:25] actor 2199023255632 switch to &NaiveActor::HandlerNormal
I1013 15:20:00.008819 10337 thread.cpp:96] Thread 1048576 construct Actor kNormalForward 2199023255632
I1013 15:20:00.008864 10337 runtime_context.cpp:29] DecreaseCounter constructing_actor_cnt, current val is 278
I1013 15:20:00.008904 10316 naive_actor.cpp:25] actor 1099614388279 switch to &NaiveActor::HandlerNormal
I1013 15:20:00.008944 10316 thread.cpp:96] Thread 524337 construct Actor kTick 1099614388279
I1013 15:20:00.008999 10316 runtime_context.cpp:29] DecreaseCounter constructing_actor_cnt, current val is 277
I1013 15:20:00.009258 10316 naive_actor.cpp:25] actor 1099614388318 switch to &NaiveActor::HandlerNormal
I1013 15:20:00.009299 10316 thread.cpp:96] Thread 524337 construct Actor kTick 1099614388318
I1013 15:20:00.009348 10316 runtime_context.cpp:29] DecreaseCounter constructing_actor_cnt, current val is 276
I1013 15:20:00.009402 10337 naive_actor.cpp:25] actor 2199023255585 switch to &NaiveActor::HandlerNormal
I1013 15:20:00.009438 10337 thread.cpp:96] Thread 1048576 construct Actor kNormalForward 2199023255585
I1013 15:20:00.009481 10337 runtime_context.cpp:29] DecreaseCounter constructing_actor_cnt, current val is 275
I1013 15:20:00.009624 10316 naive_actor.cpp:25] actor 1099614388268 switch to &NaiveActor::HandlerNormal
I1013 15:20:00.009666 10316 thread.cpp:96] Thread 524337 construct Actor kSrcSubsetTick 1099614388268
I1013 15:20:00.009694 10337 naive_actor.cpp:25] actor 2199023255562 switch to &NaiveActor::HandlerNormal
I1013 15:20:00.009717 10337 thread.cpp:96] Thread 1048576 construct Actor kNormalForward 2199023255562
I1013 15:20:00.009724 10316 runtime_context.cpp:29] DecreaseCounter constructing_actor_cnt, current val is 274
I1013 15:20:00.009753 10337 runtime_context.cpp:29] DecreaseCounter constructing_actor_cnt, current val is 273
I1013 15:20:00.009956 10337 naive_actor.cpp:25] actor 2199023255594 switch to &NaiveActor::HandlerNormal
I1013 15:20:00.009996 10337 thread.cpp:96] Thread 1048576 construct Actor kNormalForward 2199023255594
I1013 15:20:00.010030 10316 naive_actor.cpp:25] actor 1099614388282 switch to &NaiveActor::HandlerNormal
I1013 15:20:00.010035 10337 runtime_context.cpp:29] DecreaseCounter constructing_actor_cnt, current val is 272
I1013 15:20:00.010064 10316 thread.cpp:96] Thread 524337 construct Actor kTick 1099614388282
I1013 15:20:00.010134 10316 runtime_context.cpp:29] DecreaseCounter constructing_actor_cnt, current val is 271
I1013 15:20:00.010272 10337 naive_actor.cpp:25] actor 2199023255574 switch to &NaiveActor::HandlerNormal
I1013 15:20:00.010304 10337 thread.cpp:96] Thread 1048576 construct Actor kNormalForward 2199023255574
I1013 15:20:00.010345 10337 runtime_context.cpp:29] DecreaseCounter constructing_actor_cnt, current val is 270
I1013 15:20:00.010422 10316 naive_actor.cpp:25] actor 1099614388271 switch to &NaiveActor::HandlerNormal
I1013 15:20:00.010462 10316 thread.cpp:96] Thread 524337 construct Actor kTick 1099614388271
I1013 15:20:00.010515 10316 runtime_context.cpp:29] DecreaseCounter constructing_actor_cnt, current val is 269
I1013 15:20:00.010792 10316 naive_actor.cpp:25] actor 1099614388273 switch to &NaiveActor::HandlerNormal
I1013 15:20:00.010834 10316 thread.cpp:96] Thread 524337 construct Actor kTick 1099614388273
I1013 15:20:00.010885 10316 runtime_context.cpp:29] DecreaseCounter constructing_actor_cnt, current val is 268
I1013 15:20:00.010934 10337 naive_actor.cpp:25] actor 2199023255559 switch to &NaiveActor::HandlerNormal
I1013 15:20:00.010982 10337 thread.cpp:96] Thread 1048576 construct Actor kNormalForward 2199023255559
I1013 15:20:00.011025 10337 runtime_context.cpp:29] DecreaseCounter constructing_actor_cnt, current val is 267
I1013 15:20:00.011168 10316 naive_actor.cpp:25] actor 1099614388275 switch to &NaiveActor::HandlerNormal
I1013 15:20:00.011209 10316 thread.cpp:96] Thread 524337 construct Actor kTick 1099614388275
I1013 15:20:00.011265 10316 runtime_context.cpp:29] DecreaseCounter constructing_actor_cnt, current val is 266
I1013 15:20:00.011518 10316 naive_actor.cpp:25] actor 1099614388277 switch to &NaiveActor::HandlerNormal
I1013 15:20:00.011555 10337 naive_actor.cpp:25] actor 2199023255565 switch to &NaiveActor::HandlerNormal
I1013 15:20:00.011559 10316 thread.cpp:96] Thread 524337 construct Actor kSrcSubsetTick 1099614388277
I1013 15:20:00.011595 10337 thread.cpp:96] Thread 1048576 construct Actor kNormalForward 2199023255565
I1013 15:20:00.011659 10316 runtime_context.cpp:29] DecreaseCounter constructing_actor_cnt, current val is 265
I1013 15:20:00.011668 10337 runtime_context.cpp:29] DecreaseCounter constructing_actor_cnt, current val is 264
I1013 15:20:00.011862 10337 naive_actor.cpp:25] actor 2199023255577 switch to &NaiveActor::HandlerNormal
I1013 15:20:00.011898 10337 thread.cpp:96] Thread 1048576 construct Actor kNormalForward 2199023255577
I1013 15:20:00.011936 10337 runtime_context.cpp:29] DecreaseCounter constructing_actor_cnt, current val is 263
I1013 15:20:00.011965 10316 naive_actor.cpp:25] actor 1099614388272 switch to &NaiveActor::HandlerNormal
I1013 15:20:00.012003 10316 thread.cpp:96] Thread 524337 construct Actor kDstSubsetTick 1099614388272
I1013 15:20:00.012063 10316 runtime_context.cpp:29] DecreaseCounter constructing_actor_cnt, current val is 262
I1013 15:20:00.012322 10316 naive_actor.cpp:25] actor 1099614388274 switch to &NaiveActor::HandlerNormal
I1013 15:20:00.012364 10316 thread.cpp:96] Thread 524337 construct Actor kTick 1099614388274
I1013 15:20:00.012413 10316 runtime_context.cpp:29] DecreaseCounter constructing_actor_cnt, current val is 261
I1013 15:20:00.012465 10337 naive_actor.cpp:25] actor 2199023255607 switch to &NaiveActor::HandlerNormal
I1013 15:20:00.012501 10337 thread.cpp:96] Thread 1048576 construct Actor kNormalForward 2199023255607
I1013 15:20:00.012629 10337 runtime_context.cpp:29] DecreaseCounter constructing_actor_cnt, current val is 260
I1013 15:20:00.012745 10316 naive_actor.cpp:25] actor 1099614388280 switch to &NaiveActor::HandlerNormal
I1013 15:20:00.012786 10316 thread.cpp:96] Thread 524337 construct Actor kDstSubsetTick 1099614388280
I1013 15:20:00.012837 10316 runtime_context.cpp:29] DecreaseCounter constructing_actor_cnt, current val is 259
I1013 15:20:00.013113 10316 naive_actor.cpp:25] actor 1099614388281 switch to &NaiveActor::HandlerNormal
I1013 15:20:00.013113 10337 naive_actor.cpp:25] actor 2199023255591 switch to &NaiveActor::HandlerNormal
I1013 15:20:00.013160 10316 thread.cpp:96] Thread 524337 construct Actor kTick 1099614388281
