Log file created at: 2021/10/14 10:03:42
Running on machine: oneflow-14
Log line format: [IWEF]mmdd hh:mm:ss.uuuuuu threadid file:line] msg
I1014 10:03:42.552155 24732 global.h:36] NewGlobal 14cudaDeviceProp
I1014 10:03:42.553788 24732 global.h:36] NewGlobal N7oneflow7EnvDescE
I1014 10:03:42.553820 24732 global.h:36] NewGlobal N7oneflow10ProcessCtxE
I1014 10:03:42.553830 24732 env_global_objects_scope.cpp:152] using rpc backend: local
I1014 10:03:42.553864 24732 global.h:36] NewGlobal N7oneflow12ResourceDescE
I1014 10:03:42.553879 24732 global.h:36] NewGlobal N7oneflow12ResourceDescE
I1014 10:03:42.609776 24732 global.h:36] NewGlobal N7oneflow10ThreadPoolE
I1014 10:03:42.610867 24732 global.h:36] NewGlobal N7oneflow16EagerNcclCommMgrE
I1014 10:03:42.610882 24732 global.h:36] NewGlobal N7oneflow18CudnnConvAlgoCacheE
I1014 10:03:42.610888 24732 global.h:36] NewGlobal N7oneflow2vm19VirtualMachineScopeE
I1014 10:03:42.610896 24732 global.h:36] NewGlobal N7oneflow9OneflowVME
I1014 10:03:42.611686 24732 oneflow_vm.cpp:75] transport stream type: N7oneflow2vm13CpuStreamTypeE
I1014 10:03:42.611701 24732 oneflow_vm.cpp:75] transport stream type: N7oneflow2vm14CudaStreamTypeE
I1014 10:03:42.611708 24732 oneflow_vm.cpp:75] transport stream type: N7oneflow2vm19AsyncCudaStreamTypeE
I1014 10:03:42.611835 24732 global.h:36] NewGlobal N7oneflow27EagerJobBuildAndInferCtxMgrE
I1014 10:03:42.611848 24732 global.h:36] NewGlobal N7oneflow12EpollCommNetE
I1014 10:03:42.611963 24732 epoll_comm_network.cpp:63] CommNet:Epoll listening on 0.0.0.0:33090
I1014 10:03:42.611996 24732 epoll_comm_network.cpp:197] machine 0 sockfd -1
I1014 10:03:42.612104 24732 global.h:36] NewGlobal N7oneflow9TransportE
I1014 10:03:42.613463 24732 global.h:43] DeleteGlobal N7oneflow12ResourceDescE
I1014 10:03:42.613489 24732 version.cpp:22] OneFlow git version: b295ca2324
I1014 10:03:42.613505 24732 device_register_gpu.cpp:56] CUDA runtime version: 11.2
I1014 10:03:42.613523 24732 device_register_gpu.cpp:65] cuDNN version: 8.1.1
I1014 10:03:42.613533 24732 device_register_gpu.cpp:78] NCCL version: 2.9.8
I1014 10:03:42.613540 24732 global.h:36] NewGlobal N7oneflow12ResourceDescE
I1014 10:03:42.613548 24732 global.h:36] NewGlobal N7oneflow5IDMgrE
I1014 10:03:42.613554 24732 global.h:36] NewGlobal N7oneflow16AvailableMemDescE
I1014 10:03:42.613585 24732 global.h:36] NewGlobal St13unordered_mapISslSt4hashISsESt8equal_toISsESaISt4pairIKSslEEE
I1014 10:03:42.613595 24732 global.h:36] NewGlobal N7oneflow19CriticalSectionDescE
I1014 10:03:42.613600 24732 global.h:36] NewGlobal N7oneflow16InterUserJobInfoE
I1014 10:03:42.613608 24732 global.h:36] NewGlobal N7oneflow26LazyJobBuildAndInferCtxMgrE
I1014 10:03:42.613615 24732 global.h:36] NewGlobal N7oneflow16JobSetCompileCtxE
I1014 10:03:42.613622 24732 global.h:36] NewGlobal N7oneflow26RuntimeBufferManagersScopeE
I1014 10:03:42.613628 24732 global.h:36] NewGlobal N7oneflow9BufferMgrIlEE
I1014 10:03:42.613636 24732 global.h:36] NewGlobal N7oneflow9BufferMgrISt10shared_ptrINS_11JobInstanceEEEE
I1014 10:03:42.613643 24732 global.h:36] NewGlobal N7oneflow10RuntimeCtxE
I1014 10:03:42.613649 24732 global.h:36] NewGlobal N7oneflow15MemoryAllocatorE
I1014 10:03:42.613656 24732 global.h:36] NewGlobal N7oneflow8ChunkMgrE
I1014 10:03:42.613662 24732 global.h:36] NewGlobal N7oneflow8RegstMgrE
I1014 10:03:42.613667 24732 global.h:36] NewGlobal N7oneflow11ActorMsgBusE
I1014 10:03:42.613673 24732 global.h:36] NewGlobal N7oneflow9ThreadMgrE
I1014 10:03:42.613679 24732 global.h:36] NewGlobal N7oneflow15RuntimeJobDescsE
I1014 10:03:42.613685 24732 global.h:36] NewGlobal N7oneflow7summary12EventsWriterE
I1014 10:03:42.613694 24732 global.h:36] NewGlobal N7oneflow6boxing10collective24CollectiveBoxingExecutorE
I1014 10:03:42.613700 24732 global.h:36] NewGlobal N7oneflow6boxing10collective31CollectiveBoxingDeviceCtxPollerE
I1014 10:03:42.613818 24732 session.h:77] NewGlobal N7oneflow25SessionGlobalObjectsScopeE
I1014 10:03:42.614462 24732 global.h:36] NewGlobal N7oneflow7JobDescE
I1014 10:03:43.074537 24732 global.h:43] DeleteGlobal N7oneflow7JobDescE
I1014 10:03:43.074748 24732 global.h:36] NewGlobal N7oneflow7JobDescE
I1014 10:03:43.078092 24732 global.h:36] NewGlobal N7oneflow7OpGraphE
I1014 10:03:43.082840 24732 global.h:43] DeleteGlobal N7oneflow7OpGraphE
I1014 10:03:43.261329 24732 global.h:43] DeleteGlobal N7oneflow7JobDescE
I1014 10:03:43.279109 24732 global.h:36] NewGlobal N7oneflow24InterJobReuseMemStrategyE
I1014 10:03:43.279134 24732 global.h:36] NewGlobal N7oneflow7OneflowE
I1014 10:03:43.291577 24732 global.h:36] NewGlobal N7oneflow7JobDescE
I1014 10:03:43.519780 24732 global.h:36] NewGlobal N7oneflow7OpGraphE
I1014 10:03:43.598220 24732 global.h:43] DeleteGlobal N7oneflow7OpGraphE
I1014 10:03:43.607110 24732 oneflow.cpp:210] 
job_id: 0 , job_name: train_job , compile time: 0.315486 seconds.
I1014 10:03:43.659451 24732 global.h:43] DeleteGlobal N7oneflow7JobDescE
I1014 10:03:43.659763 24732 global.h:36] NewGlobal N7oneflow7JobDescE
I1014 10:03:43.705888 24732 global.h:36] NewGlobal N7oneflow7OpGraphE
I1014 10:03:43.723088 24732 global.h:43] DeleteGlobal N7oneflow7OpGraphE
I1014 10:03:43.728063 24732 oneflow.cpp:210] 
job_id: 1 , job_name: System-ModelInit , compile time: 0.0680837 seconds.
I1014 10:03:43.739938 24732 global.h:43] DeleteGlobal N7oneflow7JobDescE
I1014 10:03:43.739966 24732 global.h:36] NewGlobal N7oneflow7JobDescE
I1014 10:03:43.784241 24732 global.h:36] NewGlobal N7oneflow7OpGraphE
I1014 10:03:43.801339 24732 global.h:43] DeleteGlobal N7oneflow7OpGraphE
I1014 10:03:43.805949 24732 oneflow.cpp:210] 
job_id: 2 , job_name: System-ModelLoad , compile time: 0.0659666 seconds.
I1014 10:03:43.817921 24732 global.h:43] DeleteGlobal N7oneflow7JobDescE
I1014 10:03:43.817947 24732 global.h:36] NewGlobal N7oneflow7JobDescE
I1014 10:03:43.861770 24732 global.h:36] NewGlobal N7oneflow7OpGraphE
I1014 10:03:43.878921 24732 global.h:43] DeleteGlobal N7oneflow7OpGraphE
I1014 10:03:43.883700 24732 oneflow.cpp:210] 
job_id: 3 , job_name: System-ModelSave , compile time: 0.0657372 seconds.
I1014 10:03:43.895877 24732 global.h:43] DeleteGlobal N7oneflow7JobDescE
I1014 10:03:43.895903 24732 global.h:36] NewGlobal N7oneflow7JobDescE
I1014 10:03:43.904074 24732 global.h:36] NewGlobal N7oneflow7OpGraphE
I1014 10:03:43.907778 24732 global.h:43] DeleteGlobal N7oneflow7OpGraphE
I1014 10:03:43.909363 24732 oneflow.cpp:210] 
job_id: 4 , job_name: System-Pull-Return_27 , compile time: 0.0134525 seconds.
I1014 10:03:43.912966 24732 global.h:43] DeleteGlobal N7oneflow7JobDescE
I1014 10:03:43.917090 24732 global.h:36] NewGlobal N7oneflow7JobDescE
I1014 10:03:43.917124 24732 global.h:36] NewGlobal N7oneflow7OpGraphE
I1014 10:03:43.922224 24732 global.h:43] DeleteGlobal N7oneflow7OpGraphE
I1014 10:03:43.925544 24732 oneflow.cpp:210] 
job_id: 5 , job_name: MainJob-unamed , compile time: 0.00842957 seconds.
I1014 10:03:43.932530 24732 global.h:43] DeleteGlobal N7oneflow7JobDescE
I1014 10:03:43.935034 24732 plan_util.cpp:928]  Plan: merged_plan needs to allocate [ 1390.45 MiB ] device memory in Rank: 0 , Device: 0
I1014 10:03:44.042593 24732 oneflow.cpp:998]  PushPlan merged_plan time: 0.0105208 seconds.
I1014 10:03:44.072130 24732 oneflow.cpp:1014]  PullPlan merged_plan time: 0.0247903 seconds.
I1014 10:03:46.129691 24732 runtime_context.cpp:21] NewCounter constructing_actor_cnt 409
I1014 10:03:46.130595 25263 naive_actor.cpp:25] actor 2199023255720 switch to &NaiveActor::HandlerNormal
I1014 10:03:46.131103 25263 thread.cpp:96] Thread 1048576 construct Actor kDeviceTick 2199023255720
I1014 10:03:46.131062 25252 wait_and_send_ids_actor.cpp:53] actor 1099616485376 switch to &WaitAndSendIdsActor::HandlerWaitToStart
I1014 10:03:46.130808 25251 naive_actor.cpp:25] actor 1099614388233 switch to &NaiveActor::HandlerNormal
I1014 10:03:46.131268 25263 runtime_context.cpp:29] DecreaseCounter constructing_actor_cnt, current val is 408
I1014 10:03:46.131229 25252 thread.cpp:96] Thread 524338 construct Actor kWaitAndSendIds 1099616485376
I1014 10:03:46.131285 25251 thread.cpp:96] Thread 524337 construct Actor kDeviceTick 1099614388233
I1014 10:03:46.131330 25252 runtime_context.cpp:29] DecreaseCounter constructing_actor_cnt, current val is 407
I1014 10:03:46.131422 25251 runtime_context.cpp:29] DecreaseCounter constructing_actor_cnt, current val is 406
I1014 10:03:46.131603 25263 naive_actor.cpp:25] actor 2199023255759 switch to &NaiveActor::HandlerNormal
I1014 10:03:46.131659 25263 thread.cpp:96] Thread 1048576 construct Actor kDeviceTick 2199023255759
I1014 10:03:46.131717 25263 runtime_context.cpp:29] DecreaseCounter constructing_actor_cnt, current val is 405
I1014 10:03:46.131803 25251 naive_actor.cpp:25] actor 1099614388226 switch to &NaiveActor::HandlerNormal
I1014 10:03:46.131896 25251 thread.cpp:96] Thread 524337 construct Actor kDeviceTick 1099614388226
I1014 10:03:46.131958 25251 runtime_context.cpp:29] DecreaseCounter constructing_actor_cnt, current val is 404
I1014 10:03:46.132035 25263 naive_actor.cpp:25] actor 2199023255798 switch to &NaiveActor::HandlerNormal
I1014 10:03:46.132099 25263 thread.cpp:96] Thread 1048576 construct Actor kDeviceTick 2199023255798
I1014 10:03:46.132182 25263 runtime_context.cpp:29] DecreaseCounter constructing_actor_cnt, current val is 403
I1014 10:03:46.132246 25251 naive_actor.cpp:25] actor 1099614388243 switch to &NaiveActor::HandlerNormal
I1014 10:03:46.132308 25251 thread.cpp:96] Thread 524337 construct Actor kDeviceTick 1099614388243
I1014 10:03:46.132367 25251 runtime_context.cpp:29] DecreaseCounter constructing_actor_cnt, current val is 402
I1014 10:03:46.132462 25263 naive_actor.cpp:25] actor 2199023255837 switch to &NaiveActor::HandlerNormal
I1014 10:03:46.132515 25263 thread.cpp:96] Thread 1048576 construct Actor kDeviceTick 2199023255837
I1014 10:03:46.132582 25263 runtime_context.cpp:29] DecreaseCounter constructing_actor_cnt, current val is 401
I1014 10:03:46.132673 25251 naive_actor.cpp:25] actor 1099614388252 switch to &NaiveActor::HandlerNormal
I1014 10:03:46.132709 25251 thread.cpp:96] Thread 524337 construct Actor kDeviceTick 1099614388252
I1014 10:03:46.132759 25251 runtime_context.cpp:29] DecreaseCounter constructing_actor_cnt, current val is 400
I1014 10:03:46.132997 25251 naive_actor.cpp:25] actor 1099614388261 switch to &NaiveActor::HandlerNormal
I1014 10:03:46.133030 25251 thread.cpp:96] Thread 524337 construct Actor kDeviceTick 1099614388261
I1014 10:03:46.133080 25251 runtime_context.cpp:29] DecreaseCounter constructing_actor_cnt, current val is 399
I1014 10:03:46.133304 25251 naive_actor.cpp:25] actor 1099614388269 switch to &NaiveActor::HandlerNormal
I1014 10:03:46.133337 25251 thread.cpp:96] Thread 524337 construct Actor kDeviceTick 1099614388269
I1014 10:03:46.133385 25251 runtime_context.cpp:29] DecreaseCounter constructing_actor_cnt, current val is 398
I1014 10:03:46.133625 25251 naive_actor.cpp:25] actor 1099614388276 switch to &NaiveActor::HandlerNormal
I1014 10:03:46.133658 25251 thread.cpp:96] Thread 524337 construct Actor kDeviceTick 1099614388276
I1014 10:03:46.133709 25251 runtime_context.cpp:29] DecreaseCounter constructing_actor_cnt, current val is 397
I1014 10:03:46.140905 25267 naive_actor.cpp:25] actor 2199027449856 switch to &NaiveActor::HandlerNormal
I1014 10:03:46.140902 25253 sink_actor.cpp:21] actor 1099618582528 switch to &SinkActor::HandlerNormal
I1014 10:03:46.140944 25240 naive_actor.cpp:25] actor 1099534696448 switch to &NaiveActor::HandlerNormal
I1014 10:03:46.141022 25267 thread.cpp:96] Thread 1048578 construct Actor kCopyHd 2199027449856
I1014 10:03:46.141067 25242 naive_actor.cpp:25] actor 1099538890752 switch to &NaiveActor::HandlerNormal
I1014 10:03:46.141099 25253 thread.cpp:96] Thread 524339 construct Actor kCallbackNotify 1099618582528
I1014 10:03:46.141127 25265 naive_actor.cpp:25] actor 2199025352704 switch to &NaiveActor::HandlerNormal
I1014 10:03:46.141178 25240 thread.cpp:96] Thread 524299 construct Actor kForeignInput 1099534696448
I1014 10:03:46.141225 25235 naive_actor.cpp:25] actor 1099524210688 switch to &NaiveActor::HandlerNormal
I1014 10:03:46.141247 25267 runtime_context.cpp:29] DecreaseCounter constructing_actor_cnt, current val is 396
I1014 10:03:46.141258 25263 naive_actor.cpp:25] actor 2199023255563 switch to &NaiveActor::HandlerNormal
I1014 10:03:46.141672 25232 naive_actor.cpp:25] actor 1099517919232 switch to &NaiveActor::HandlerNormal
I1014 10:03:46.141302 25242 thread.cpp:96] Thread 524301 construct Actor kNormalForward 1099538890752
I1014 10:03:46.141326 25244 naive_actor.cpp:25] actor 1099543085056 switch to &NaiveActor::HandlerNormal
I1014 10:03:46.141342 25236 naive_actor.cpp:25] actor 1099526307840 switch to &NaiveActor::HandlerNormal
I1014 10:03:46.141391 25253 runtime_context.cpp:29] DecreaseCounter constructing_actor_cnt, current val is 395
I1014 10:03:46.142043 25237 naive_actor.cpp:25] actor 1099528404992 switch to &NaiveActor::HandlerNormal
I1014 10:03:46.142138 25237 thread.cpp:96] Thread 524296 construct Actor kNormalForward 1099528404992
I1014 10:03:46.142189 25238 naive_actor.cpp:25] actor 1099530502144 switch to &NaiveActor::HandlerNormal
I1014 10:03:46.142314 25238 thread.cpp:96] Thread 524297 construct Actor kNormalForward 1099530502144
I1014 10:03:46.142376 25231 naive_actor.cpp:25] actor 1099515822080 switch to &NaiveActor::HandlerNormal
I1014 10:03:46.142427 25231 thread.cpp:96] Thread 524290 construct Actor kNormalForward 1099515822080
I1014 10:03:46.141541 25248 naive_actor.cpp:25] actor 1099551473664 switch to &NaiveActor::HandlerNormal
I1014 10:03:46.142547 25248 thread.cpp:96] Thread 524307 construct Actor kNormalForward 1099551473664
I1014 10:03:46.141628 25246 naive_actor.cpp:25] actor 1099547279360 switch to &NaiveActor::HandlerNormal
I1014 10:03:46.141278 25247 naive_actor.cpp:25] actor 1099549376512 switch to &NaiveActor::HandlerNormal
I1014 10:03:46.141696 25263 thread.cpp:96] Thread 1048576 construct Actor kNormalForward 2199023255563
I1014 10:03:46.141711 25243 naive_actor.cpp:25] actor 1099540987904 switch to &NaiveActor::HandlerNormal
I1014 10:03:46.141778 25232 thread.cpp:96] Thread 524291 construct Actor kNormalForward 1099517919232
I1014 10:03:46.141827 25234 naive_actor.cpp:25] actor 1099522113536 switch to &NaiveActor::HandlerNormal
I1014 10:03:46.142942 25232 runtime_context.cpp:29] DecreaseCounter constructing_actor_cnt, current val is 387
I1014 10:03:46.141839 25242 runtime_context.cpp:29] DecreaseCounter constructing_actor_cnt, current val is 393
I1014 10:03:46.141853 25251 naive_actor.cpp:25] actor 1099614388225 switch to &NaiveActor::HandlerNormal
I1014 10:03:46.143527 25251 thread.cpp:96] Thread 524337 construct Actor kSrcSubsetTick 1099614388225
I1014 10:03:46.141880 25249 naive_actor.cpp:25] actor 1099553570816 switch to &NaiveActor::HandlerNormal
I1014 10:03:46.141880 25245 naive_actor.cpp:25] actor 1099545182208 switch to &NaiveActor::HandlerNormal
I1014 10:03:46.143676 25245 thread.cpp:96] Thread 524304 construct Actor kNormalForward 1099545182208
I1014 10:03:46.141914 25244 thread.cpp:96] Thread 524303 construct Actor kNormalForward 1099543085056
I1014 10:03:46.142058 25233 naive_actor.cpp:25] actor 1099520016384 switch to &NaiveActor::HandlerNormal
I1014 10:03:46.143800 25244 runtime_context.cpp:29] DecreaseCounter constructing_actor_cnt, current val is 384
I1014 10:03:46.141393 25250 naive_actor.cpp:25] actor 1099555667968 switch to &NaiveActor::HandlerNormal
I1014 10:03:46.143864 25250 thread.cpp:96] Thread 524309 construct Actor kForeignOutput 1099555667968
I1014 10:03:46.141453 25239 naive_actor.cpp:25] actor 1099532599296 switch to &NaiveActor::HandlerNormal
I1014 10:03:46.142246 25237 runtime_context.cpp:29] DecreaseCounter constructing_actor_cnt, current val is 392
I1014 10:03:46.143937 25239 thread.cpp:96] Thread 524298 construct Actor kNormalForward 1099532599296
I1014 10:03:46.141503 25235 thread.cpp:96] Thread 524294 construct Actor kNormalForward 1099524210688
I1014 10:03:46.141522 25240 runtime_context.cpp:29] DecreaseCounter constructing_actor_cnt, current val is 394
I1014 10:03:46.144090 25235 runtime_context.cpp:29] DecreaseCounter constructing_actor_cnt, current val is 381
I1014 10:03:46.142527 25231 runtime_context.cpp:29] DecreaseCounter constructing_actor_cnt, current val is 390
I1014 10:03:46.142606 25246 thread.cpp:96] Thread 524305 construct Actor kForeignInput 1099547279360
I1014 10:03:46.142632 25248 runtime_context.cpp:29] DecreaseCounter constructing_actor_cnt, current val is 389
I1014 10:03:46.142695 25247 thread.cpp:96] Thread 524306 construct Actor kNormalForward 1099549376512
I1014 10:03:46.142794 25263 runtime_context.cpp:29] DecreaseCounter constructing_actor_cnt, current val is 388
I1014 10:03:46.144676 25247 runtime_context.cpp:29] DecreaseCounter constructing_actor_cnt, current val is 379
I1014 10:03:46.142802 25243 thread.cpp:96] Thread 524302 construct Actor kForeignInput 1099540987904
I1014 10:03:46.142969 25234 thread.cpp:96] Thread 524293 construct Actor kNormalForward 1099522113536
I1014 10:03:46.144865 25243 runtime_context.cpp:29] DecreaseCounter constructing_actor_cnt, current val is 378
I1014 10:03:46.144930 25234 runtime_context.cpp:29] DecreaseCounter constructing_actor_cnt, current val is 377
I1014 10:03:46.143592 25251 runtime_context.cpp:29] DecreaseCounter constructing_actor_cnt, current val is 386
I1014 10:03:46.143625 25249 thread.cpp:96] Thread 524308 construct Actor kNormalForward 1099553570816
I1014 10:03:46.141994 25236 thread.cpp:96] Thread 524295 construct Actor kNormalForward 1099526307840
I1014 10:03:46.143766 25245 runtime_context.cpp:29] DecreaseCounter constructing_actor_cnt, current val is 385
I1014 10:03:46.143805 25233 thread.cpp:96] Thread 524292 construct Actor kNormalForward 1099520016384
I1014 10:03:46.141419 25265 thread.cpp:96] Thread 1048577 construct Actor kCopyHd 2199025352704
I1014 10:03:46.143918 25250 runtime_context.cpp:29] DecreaseCounter constructing_actor_cnt, current val is 383
I1014 10:03:46.141455 25241 naive_actor.cpp:25] actor 1099536793600 switch to &NaiveActor::HandlerNormal
I1014 10:03:46.145709 25241 thread.cpp:96] Thread 524300 construct Actor kNormalForward 1099536793600
I1014 10:03:46.142442 25238 runtime_context.cpp:29] DecreaseCounter constructing_actor_cnt, current val is 391
I1014 10:03:46.144017 25239 runtime_context.cpp:29] DecreaseCounter constructing_actor_cnt, current val is 382
I1014 10:03:46.141866 25230 naive_actor.cpp:25] actor 1099513724928 switch to &NaiveActor::HandlerNormal
I1014 10:03:46.145908 25230 thread.cpp:96] Thread 524289 construct Actor kNormalForward 1099513724928
I1014 10:03:46.145207 25249 runtime_context.cpp:29] DecreaseCounter constructing_actor_cnt, current val is 376
I1014 10:03:46.145279 25251 naive_actor.cpp:25] actor 1099614388232 switch to &NaiveActor::HandlerNormal
I1014 10:03:46.145998 25251 thread.cpp:96] Thread 524337 construct Actor kTick 1099614388232
I1014 10:03:46.145534 25265 runtime_context.cpp:29] DecreaseCounter constructing_actor_cnt, current val is 373
I1014 10:03:46.145792 25241 runtime_context.cpp:29] DecreaseCounter constructing_actor_cnt, current val is 372
I1014 10:03:46.144443 25246 runtime_context.cpp:29] DecreaseCounter constructing_actor_cnt, current val is 380
I1014 10:03:46.146220 25265 naive_actor.cpp:25] actor 2199025352708 switch to &NaiveActor::HandlerNormal
I1014 10:03:46.145288 25236 runtime_context.cpp:29] DecreaseCounter constructing_actor_cnt, current val is 375
I1014 10:03:46.146006 25230 runtime_context.cpp:29] DecreaseCounter constructing_actor_cnt, current val is 371
I1014 10:03:46.145426 25233 runtime_context.cpp:29] DecreaseCounter constructing_actor_cnt, current val is 374
I1014 10:03:46.146059 25251 runtime_context.cpp:29] DecreaseCounter constructing_actor_cnt, current val is 370
I1014 10:03:46.145846 25263 naive_actor.cpp:25] actor 2199023255554 switch to &NaiveActor::HandlerNormal
I1014 10:03:46.146258 25265 thread.cpp:96] Thread 1048577 construct Actor kCopyHd 2199025352708
I1014 10:03:46.146477 25263 thread.cpp:96] Thread 1048576 construct Actor kNormalForward 2199023255554
I1014 10:03:46.146541 25265 runtime_context.cpp:29] DecreaseCounter constructing_actor_cnt, current val is 369
I1014 10:03:46.146582 25263 runtime_context.cpp:29] DecreaseCounter constructing_actor_cnt, current val is 368
I1014 10:03:46.146728 25265 naive_actor.cpp:25] actor 2199025352707 switch to &NaiveActor::HandlerNormal
I1014 10:03:46.146771 25251 naive_actor.cpp:25] actor 1099614388231 switch to &NaiveActor::HandlerNormal
I1014 10:03:46.146843 25265 thread.cpp:96] Thread 1048577 construct Actor kCopyHd 2199025352707
I1014 10:03:46.146956 25251 thread.cpp:96] Thread 524337 construct Actor kTick 1099614388231
I1014 10:03:46.147043 25265 runtime_context.cpp:29] DecreaseCounter constructing_actor_cnt, current val is 367
I1014 10:03:46.147120 25251 runtime_context.cpp:29] DecreaseCounter constructing_actor_cnt, current val is 366
I1014 10:03:46.147292 25265 naive_actor.cpp:25] actor 2199025352706 switch to &NaiveActor::HandlerNormal
I1014 10:03:46.147347 25265 thread.cpp:96] Thread 1048577 construct Actor kCopyHd 2199025352706
I1014 10:03:46.147404 25265 runtime_context.cpp:29] DecreaseCounter constructing_actor_cnt, current val is 365
I1014 10:03:46.147559 25251 naive_actor.cpp:25] actor 1099614388318 switch to &NaiveActor::HandlerNormal
I1014 10:03:46.147619 25265 naive_actor.cpp:25] actor 2199025352705 switch to &NaiveActor::HandlerNormal
I1014 10:03:46.147639 25251 thread.cpp:96] Thread 524337 construct Actor kTick 1099614388318
I1014 10:03:46.147677 25265 thread.cpp:96] Thread 1048577 construct Actor kCopyHd 2199025352705
I1014 10:03:46.147759 25251 runtime_context.cpp:29] DecreaseCounter constructing_actor_cnt, current val is 364
I1014 10:03:46.147765 25263 naive_actor.cpp:25] actor 2199023255583 switch to &NaiveActor::HandlerNormal
I1014 10:03:46.147783 25265 runtime_context.cpp:29] DecreaseCounter constructing_actor_cnt, current val is 363
I1014 10:03:46.147848 25263 thread.cpp:96] Thread 1048576 construct Actor kNormalForward 2199023255583
I1014 10:03:46.147972 25263 runtime_context.cpp:29] DecreaseCounter constructing_actor_cnt, current val is 362
I1014 10:03:46.148087 25265 naive_actor.cpp:25] actor 2199025352709 switch to &NaiveActor::HandlerNormal
I1014 10:03:46.148134 25265 thread.cpp:96] Thread 1048577 construct Actor kCopyHd 2199025352709
I1014 10:03:46.148191 25265 runtime_context.cpp:29] DecreaseCounter constructing_actor_cnt, current val is 361
I1014 10:03:46.148236 25251 naive_actor.cpp:25] actor 1099614388228 switch to &NaiveActor::HandlerNormal
I1014 10:03:46.148285 25263 naive_actor.cpp:25] actor 2199023255577 switch to &NaiveActor::HandlerNormal
I1014 10:03:46.148288 25251 thread.cpp:96] Thread 524337 construct Actor kTick 1099614388228
I1014 10:03:46.148335 25263 thread.cpp:96] Thread 1048576 construct Actor kNormalForward 2199023255577
I1014 10:03:46.148407 25251 runtime_context.cpp:29] DecreaseCounter constructing_actor_cnt, current val is 360
I1014 10:03:46.148412 25265 naive_actor.cpp:25] actor 2199025352710 switch to &NaiveActor::HandlerNormal
I1014 10:03:46.148434 25263 runtime_context.cpp:29] DecreaseCounter constructing_actor_cnt, current val is 359
I1014 10:03:46.148491 25265 thread.cpp:96] Thread 1048577 construct Actor kCopyHd 2199025352710
I1014 10:03:46.148583 25265 runtime_context.cpp:29] DecreaseCounter constructing_actor_cnt, current val is 358
I1014 10:03:46.148809 25251 naive_actor.cpp:25] actor 1099614388234 switch to &NaiveActor::HandlerNormal
I1014 10:03:46.148864 25251 thread.cpp:96] Thread 524337 construct Actor kSrcSubsetTick 1099614388234
I1014 10:03:46.148941 25251 runtime_context.cpp:29] DecreaseCounter constructing_actor_cnt, current val is 357
I1014 10:03:46.149363 25251 naive_actor.cpp:25] actor 1099614388229 switch to &NaiveActor::HandlerNormal
I1014 10:03:46.149413 25251 thread.cpp:96] Thread 524337 construct Actor kDstSubsetTick 1099614388229
I1014 10:03:46.149410 25263 naive_actor.cpp:25] actor 2199023255571 switch to &NaiveActor::HandlerNormal
I1014 10:03:46.149495 25263 thread.cpp:96] Thread 1048576 construct Actor kNormalForward 2199023255571
I1014 10:03:46.149495 25251 runtime_context.cpp:29] DecreaseCounter constructing_actor_cnt, current val is 356
I1014 10:03:46.149602 25263 runtime_context.cpp:29] DecreaseCounter constructing_actor_cnt, current val is 355
I1014 10:03:46.149941 25251 naive_actor.cpp:25] actor 1099614388317 switch to &NaiveActor::HandlerNormal
I1014 10:03:46.150022 25263 naive_actor.cpp:25] actor 2199023255591 switch to &NaiveActor::HandlerNormal
I1014 10:03:46.150105 25251 thread.cpp:96] Thread 524337 construct Actor kTick 1099614388317
I1014 10:03:46.150156 25263 thread.cpp:96] Thread 1048576 construct Actor kNormalForward 2199023255591
I1014 10:03:46.150239 25251 runtime_context.cpp:29] DecreaseCounter constructing_actor_cnt, current val is 354
I1014 10:03:46.150267 25263 runtime_context.cpp:29] DecreaseCounter constructing_actor_cnt, current val is 353
I1014 10:03:46.150570 25251 naive_actor.cpp:25] actor 1099614388224 switch to &NaiveActor::HandlerNormal
I1014 10:03:46.150612 25251 thread.cpp:96] Thread 524337 construct Actor kDeviceTick 1099614388224
I1014 10:03:46.150668 25251 runtime_context.cpp:29] DecreaseCounter constructing_actor_cnt, current val is 352
I1014 10:03:46.150904 25251 naive_actor.cpp:25] actor 1099614388239 switch to &NaiveActor::HandlerNormal
I1014 10:03:46.150943 25251 thread.cpp:96] Thread 524337 construct Actor kTick 1099614388239
I1014 10:03:46.151013 25251 runtime_context.cpp:29] DecreaseCounter constructing_actor_cnt, current val is 351
I1014 10:03:46.151197 25251 naive_actor.cpp:25] actor 1099614388238 switch to &NaiveActor::HandlerNormal
I1014 10:03:46.151228 25251 thread.cpp:96] Thread 524337 construct Actor kTick 1099614388238
I1014 10:03:46.151226 25263 naive_actor.cpp:25] actor 2199023255567 switch to &NaiveActor::HandlerNormal
I1014 10:03:46.151278 25251 runtime_context.cpp:29] DecreaseCounter constructing_actor_cnt, current val is 350
I1014 10:03:46.151293 25263 thread.cpp:96] Thread 1048576 construct Actor kNormalForward 2199023255567
I1014 10:03:46.151401 25263 runtime_context.cpp:29] DecreaseCounter constructing_actor_cnt, current val is 349
I1014 10:03:46.151512 25251 naive_actor.cpp:25] actor 1099614388237 switch to &NaiveActor::HandlerNormal
I1014 10:03:46.151542 25251 thread.cpp:96] Thread 524337 construct Actor kDstSubsetTick 1099614388237
I1014 10:03:46.151603 25251 runtime_context.cpp:29] DecreaseCounter constructing_actor_cnt, current val is 348
I1014 10:03:46.151724 25263 naive_actor.cpp:25] actor 2199023255589 switch to &NaiveActor::HandlerNormal
I1014 10:03:46.151770 25263 thread.cpp:96] Thread 1048576 construct Actor kNormalForward 2199023255589
I1014 10:03:46.151813 25251 naive_actor.cpp:25] actor 1099614388230 switch to &NaiveActor::HandlerNormal
I1014 10:03:46.151842 25251 thread.cpp:96] Thread 524337 construct Actor kTick 1099614388230
I1014 10:03:46.151846 25263 runtime_context.cpp:29] DecreaseCounter constructing_actor_cnt, current val is 347
I1014 10:03:46.151897 25251 runtime_context.cpp:29] DecreaseCounter constructing_actor_cnt, current val is 346
I1014 10:03:46.152153 25251 naive_actor.cpp:25] actor 1099614388236 switch to &NaiveActor::HandlerNormal
I1014 10:03:46.152190 25251 thread.cpp:96] Thread 524337 construct Actor kTick 1099614388236
I1014 10:03:46.152243 25251 runtime_context.cpp:29] DecreaseCounter constructing_actor_cnt, current val is 345
I1014 10:03:46.152488 25251 naive_actor.cpp:25] actor 1099614388240 switch to &NaiveActor::HandlerNormal
I1014 10:03:46.152518 25251 thread.cpp:96] Thread 524337 construct Actor kTick 1099614388240
I1014 10:03:46.152570 25251 runtime_context.cpp:29] DecreaseCounter constructing_actor_cnt, current val is 344
I1014 10:03:46.152791 25251 naive_actor.cpp:25] actor 1099614388247 switch to &NaiveActor::HandlerNormal
I1014 10:03:46.152822 25251 thread.cpp:96] Thread 524337 construct Actor kTick 1099614388247
I1014 10:03:46.152879 25251 runtime_context.cpp:29] DecreaseCounter constructing_actor_cnt, current val is 343
I1014 10:03:46.152876 25263 naive_actor.cpp:25] actor 2199023255585 switch to &NaiveActor::HandlerNormal
I1014 10:03:46.152943 25263 thread.cpp:96] Thread 1048576 construct Actor kNormalForward 2199023255585
I1014 10:03:46.153036 25263 runtime_context.cpp:29] DecreaseCounter constructing_actor_cnt, current val is 342
I1014 10:03:46.153108 25251 naive_actor.cpp:25] actor 1099614388304 switch to &NaiveActor::HandlerNormal
I1014 10:03:46.153141 25251 thread.cpp:96] Thread 524337 construct Actor kTick 1099614388304
I1014 10:03:46.153259 25251 runtime_context.cpp:29] DecreaseCounter constructing_actor_cnt, current val is 341
I1014 10:03:46.153465 25251 naive_actor.cpp:25] actor 1099614388245 switch to &NaiveActor::HandlerNormal
I1014 10:03:46.153503 25251 thread.cpp:96] Thread 524337 construct Actor kTick 1099614388245
I1014 10:03:46.153546 25251 runtime_context.cpp:29] DecreaseCounter constructing_actor_cnt, current val is 340
I1014 10:03:46.153738 25251 naive_actor.cpp:25] actor 1099614388241 switch to &NaiveActor::HandlerNormal
I1014 10:03:46.153777 25251 thread.cpp:96] Thread 524337 construct Actor kDeviceTick 1099614388241
I1014 10:03:46.153827 25251 runtime_context.cpp:29] DecreaseCounter constructing_actor_cnt, current val is 339
I1014 10:03:46.153990 25263 naive_actor.cpp:25] actor 2199023255588 switch to &NaiveActor::HandlerNormal
I1014 10:03:46.154039 25263 thread.cpp:96] Thread 1048576 construct Actor kNormalForward 2199023255588
I1014 10:03:46.154110 25263 runtime_context.cpp:29] DecreaseCounter constructing_actor_cnt, current val is 338
I1014 10:03:46.154120 25251 naive_actor.cpp:25] actor 1099614388242 switch to &NaiveActor::HandlerNormal
I1014 10:03:46.154173 25251 thread.cpp:96] Thread 524337 construct Actor kSrcSubsetTick 1099614388242
I1014 10:03:46.154220 25251 runtime_context.cpp:29] DecreaseCounter constructing_actor_cnt, current val is 337
I1014 10:03:46.154455 25251 naive_actor.cpp:25] actor 1099614388246 switch to &NaiveActor::HandlerNormal
I1014 10:03:46.154493 25251 thread.cpp:96] Thread 524337 construct Actor kDstSubsetTick 1099614388246
I1014 10:03:46.154541 25251 runtime_context.cpp:29] DecreaseCounter constructing_actor_cnt, current val is 336
I1014 10:03:46.154758 25251 naive_actor.cpp:25] actor 1099614388248 switch to &NaiveActor::HandlerNormal
I1014 10:03:46.154795 25251 thread.cpp:96] Thread 524337 construct Actor kTick 1099614388248
I1014 10:03:46.154839 25251 runtime_context.cpp:29] DecreaseCounter constructing_actor_cnt, current val is 335
I1014 10:03:46.155027 25251 naive_actor.cpp:25] actor 1099614388249 switch to &NaiveActor::HandlerNormal
I1014 10:03:46.155058 25251 thread.cpp:96] Thread 524337 construct Actor kTick 1099614388249
I1014 10:03:46.155088 25263 naive_actor.cpp:25] actor 2199023255576 switch to &NaiveActor::HandlerNormal
I1014 10:03:46.155107 25251 runtime_context.cpp:29] DecreaseCounter constructing_actor_cnt, current val is 334
I1014 10:03:46.155133 25263 thread.cpp:96] Thread 1048576 construct Actor kNormalForward 2199023255576
I1014 10:03:46.155220 25263 runtime_context.cpp:29] DecreaseCounter constructing_actor_cnt, current val is 333
I1014 10:03:46.155341 25251 naive_actor.cpp:25] actor 1099614388251 switch to &NaiveActor::HandlerNormal
I1014 10:03:46.155373 25251 thread.cpp:96] Thread 524337 construct Actor kSrcSubsetTick 1099614388251
I1014 10:03:46.155419 25251 runtime_context.cpp:29] DecreaseCounter constructing_actor_cnt, current val is 332
I1014 10:03:46.155656 25251 naive_actor.cpp:25] actor 1099614388250 switch to &NaiveActor::HandlerNormal
I1014 10:03:46.155685 25251 thread.cpp:96] Thread 524337 construct Actor kDeviceTick 1099614388250
I1014 10:03:46.155736 25251 runtime_context.cpp:29] DecreaseCounter constructing_actor_cnt, current val is 331
I1014 10:03:46.155943 25251 naive_actor.cpp:25] actor 1099614388256 switch to &NaiveActor::HandlerNormal
I1014 10:03:46.155972 25251 thread.cpp:96] Thread 524337 construct Actor kTick 1099614388256
I1014 10:03:46.156023 25251 runtime_context.cpp:29] DecreaseCounter constructing_actor_cnt, current val is 330
I1014 10:03:46.156160 25263 naive_actor.cpp:25] actor 2199023255574 switch to &NaiveActor::HandlerNormal
I1014 10:03:46.156208 25263 thread.cpp:96] Thread 1048576 construct Actor kNormalForward 2199023255574
I1014 10:03:46.156220 25251 naive_actor.cpp:25] actor 1099614388254 switch to &NaiveActor::HandlerNormal
I1014 10:03:46.156267 25251 thread.cpp:96] Thread 524337 construct Actor kTick 1099614388254
I1014 10:03:46.156289 25263 runtime_context.cpp:29] DecreaseCounter constructing_actor_cnt, current val is 329
I1014 10:03:46.156313 25251 runtime_context.cpp:29] DecreaseCounter constructing_actor_cnt, current val is 328
I1014 10:03:46.156765 25251 esac_actor.cpp:73] actor 1099614388321 switch to &EsacActor::HandlerNormal
I1014 10:03:46.156813 25251 thread.cpp:96] Thread 524337 construct Actor kEsac 1099614388321
I1014 10:03:46.156885 25251 runtime_context.cpp:29] DecreaseCounter constructing_actor_cnt, current val is 327
I1014 10:03:46.157116 25251 naive_actor.cpp:25] actor 1099614388257 switch to &NaiveActor::HandlerNormal
I1014 10:03:46.157148 25251 thread.cpp:96] Thread 524337 construct Actor kTick 1099614388257
I1014 10:03:46.157196 25251 runtime_context.cpp:29] DecreaseCounter constructing_actor_cnt, current val is 326
I1014 10:03:46.157416 25251 naive_actor.cpp:25] actor 1099614388255 switch to &NaiveActor::HandlerNormal
I1014 10:03:46.157449 25251 thread.cpp:96] Thread 524337 construct Actor kDstSubsetTick 1099614388255
I1014 10:03:46.157507 25251 runtime_context.cpp:29] DecreaseCounter constructing_actor_cnt, current val is 325
I1014 10:03:46.157758 25251 naive_actor.cpp:25] actor 1099614388258 switch to &NaiveActor::HandlerNormal
I1014 10:03:46.157790 25251 thread.cpp:96] Thread 524337 construct Actor kTick 1099614388258
I1014 10:03:46.157837 25251 runtime_context.cpp:29] DecreaseCounter constructing_actor_cnt, current val is 324
I1014 10:03:46.157917 25263 naive_actor.cpp:25] actor 2199023255580 switch to &NaiveActor::HandlerNormal
I1014 10:03:46.157963 25263 thread.cpp:96] Thread 1048576 construct Actor kNormalForward 2199023255580
I1014 10:03:46.158047 25263 runtime_context.cpp:29] DecreaseCounter constructing_actor_cnt, current val is 323
I1014 10:03:46.158056 25251 naive_actor.cpp:25] actor 1099614388260 switch to &NaiveActor::HandlerNormal
I1014 10:03:46.158111 25251 thread.cpp:96] Thread 524337 construct Actor kSrcSubsetTick 1099614388260
I1014 10:03:46.158164 25251 runtime_context.cpp:29] DecreaseCounter constructing_actor_cnt, current val is 322
I1014 10:03:46.158380 25263 naive_actor.cpp:25] actor 2199023255557 switch to &NaiveActor::HandlerNormal
I1014 10:03:46.158478 25251 naive_actor.cpp:25] actor 1099614388259 switch to &NaiveActor::HandlerNormal
I1014 10:03:46.158483 25263 thread.cpp:96] Thread 1048576 construct Actor kNormalForward 2199023255557
I1014 10:03:46.158509 25251 thread.cpp:96] Thread 524337 construct Actor kDeviceTick 1099614388259
I1014 10:03:46.158593 25263 runtime_context.cpp:29] DecreaseCounter constructing_actor_cnt, current val is 321
I1014 10:03:46.158596 25251 runtime_context.cpp:29] DecreaseCounter constructing_actor_cnt, current val is 320
I1014 10:03:46.158823 25251 naive_actor.cpp:25] actor 1099614388315 switch to &NaiveActor::HandlerNormal
I1014 10:03:46.158861 25251 thread.cpp:96] Thread 524337 construct Actor kTick 1099614388315
I1014 10:03:46.158922 25251 runtime_context.cpp:29] DecreaseCounter constructing_actor_cnt, current val is 319
I1014 10:03:46.159113 25251 naive_actor.cpp:25] actor 1099614388263 switch to &NaiveActor::HandlerNormal
I1014 10:03:46.159149 25251 thread.cpp:96] Thread 524337 construct Actor kTick 1099614388263
I1014 10:03:46.159199 25251 runtime_context.cpp:29] DecreaseCounter constructing_actor_cnt, current val is 318
I1014 10:03:46.159443 25251 naive_actor.cpp:25] actor 1099614388264 switch to &NaiveActor::HandlerNormal
I1014 10:03:46.159476 25251 thread.cpp:96] Thread 524337 construct Actor kDstSubsetTick 1099614388264
I1014 10:03:46.159528 25251 runtime_context.cpp:29] DecreaseCounter constructing_actor_cnt, current val is 317
I1014 10:03:46.159744 25251 naive_actor.cpp:25] actor 1099614388265 switch to &NaiveActor::HandlerNormal
I1014 10:03:46.159773 25251 thread.cpp:96] Thread 524337 construct Actor kTick 1099614388265
I1014 10:03:46.159775 25263 naive_actor.cpp:25] actor 2199023255566 switch to &NaiveActor::HandlerNormal
I1014 10:03:46.159821 25251 runtime_context.cpp:29] DecreaseCounter constructing_actor_cnt, current val is 316
I1014 10:03:46.159834 25263 thread.cpp:96] Thread 1048576 construct Actor kNormalForward 2199023255566
I1014 10:03:46.160017 25263 runtime_context.cpp:29] DecreaseCounter constructing_actor_cnt, current val is 315
I1014 10:03:46.160032 25251 naive_actor.cpp:25] actor 1099614388266 switch to &NaiveActor::HandlerNormal
I1014 10:03:46.160090 25251 thread.cpp:96] Thread 524337 construct Actor kTick 1099614388266
I1014 10:03:46.160149 25251 runtime_context.cpp:29] DecreaseCounter constructing_actor_cnt, current val is 314
I1014 10:03:46.160372 25251 naive_actor.cpp:25] actor 1099614388274 switch to &NaiveActor::HandlerNormal
I1014 10:03:46.160400 25251 thread.cpp:96] Thread 524337 construct Actor kTick 1099614388274
I1014 10:03:46.160451 25251 runtime_context.cpp:29] DecreaseCounter constructing_actor_cnt, current val is 313
I1014 10:03:46.160706 25251 naive_actor.cpp:25] actor 1099614388319 switch to &NaiveActor::HandlerNormal
I1014 10:03:46.160738 25251 thread.cpp:96] Thread 524337 construct Actor kTick 1099614388319
I1014 10:03:46.160785 25251 runtime_context.cpp:29] DecreaseCounter constructing_actor_cnt, current val is 312
I1014 10:03:46.160825 25263 naive_actor.cpp:25] actor 2199023255555 switch to &NaiveActor::HandlerNormal
I1014 10:03:46.160869 25263 thread.cpp:96] Thread 1048576 construct Actor kNormalForward 2199023255555
I1014 10:03:46.160948 25263 runtime_context.cpp:29] DecreaseCounter constructing_actor_cnt, current val is 311
I1014 10:03:46.161036 25251 naive_actor.cpp:25] actor 1099614388268 switch to &NaiveActor::HandlerNormal
I1014 10:03:46.161064 25251 thread.cpp:96] Thread 524337 construct Actor kSrcSubsetTick 1099614388268
I1014 10:03:46.161114 25251 runtime_context.cpp:29] DecreaseCounter constructing_actor_cnt, current val is 310
I1014 10:03:46.161309 25251 naive_actor.cpp:25] actor 1099614388282 switch to &NaiveActor::HandlerNormal
I1014 10:03:46.161339 25251 thread.cpp:96] Thread 524337 construct Actor kTick 1099614388282
I1014 10:03:46.161384 25251 runtime_context.cpp:29] DecreaseCounter constructing_actor_cnt, current val is 309
I1014 10:03:46.161676 25251 naive_actor.cpp:25] actor 1099614388267 switch to &NaiveActor::HandlerNormal
I1014 10:03:46.161717 25251 thread.cpp:96] Thread 524337 construct Actor kDeviceTick 1099614388267
I1014 10:03:46.161764 25251 runtime_context.cpp:29] DecreaseCounter constructing_actor_cnt, current val is 308
I1014 10:03:46.161816 25263 naive_actor.cpp:25] actor 2199023255614 switch to &NaiveActor::HandlerNormal
I1014 10:03:46.161860 25263 thread.cpp:96] Thread 1048576 construct Actor kNormalForward 2199023255614
I1014 10:03:46.161976 25263 runtime_context.cpp:29] DecreaseCounter constructing_actor_cnt, current val is 307
I1014 10:03:46.162071 25251 naive_actor.cpp:25] actor 1099614388273 switch to &NaiveActor::HandlerNormal
I1014 10:03:46.162102 25251 thread.cpp:96] Thread 524337 construct Actor kTick 1099614388273
I1014 10:03:46.162149 25251 runtime_context.cpp:29] DecreaseCounter constructing_actor_cnt, current val is 306
I1014 10:03:46.162346 25251 naive_actor.cpp:25] actor 1099614388281 switch to &NaiveActor::HandlerNormal
I1014 10:03:46.162380 25251 thread.cpp:96] Thread 524337 construct Actor kTick 1099614388281
I1014 10:03:46.162426 25251 runtime_context.cpp:29] DecreaseCounter constructing_actor_cnt, current val is 305
I1014 10:03:46.162640 25251 naive_actor.cpp:25] actor 1099614388320 switch to &NaiveActor::HandlerNormal
I1014 10:03:46.162672 25251 thread.cpp:96] Thread 524337 construct Actor kTick 1099614388320
I1014 10:03:46.162712 25251 runtime_context.cpp:29] DecreaseCounter constructing_actor_cnt, current val is 304
I1014 10:03:46.162775 25263 naive_actor.cpp:25] actor 2199023255656 switch to &NaiveActor::HandlerNormal
I1014 10:03:46.162827 25263 thread.cpp:96] Thread 1048576 construct Actor kNormalForward 2199023255656
I1014 10:03:46.162904 25263 runtime_context.cpp:29] DecreaseCounter constructing_actor_cnt, current val is 303
I1014 10:03:46.162925 25251 naive_actor.cpp:25] actor 1099614388272 switch to &NaiveActor::HandlerNormal
I1014 10:03:46.162961 25251 thread.cpp:96] Thread 524337 construct Actor kDstSubsetTick 1099614388272
I1014 10:03:46.163031 25251 runtime_context.cpp:29] DecreaseCounter constructing_actor_cnt, current val is 302
I1014 10:03:46.163205 25263 naive_actor.cpp:25] actor 2199023255568 switch to &NaiveActor::HandlerNormal
I1014 10:03:46.163244 25251 naive_actor.cpp:25] actor 1099614388275 switch to &NaiveActor::HandlerNormal
I1014 10:03:46.163254 25263 thread.cpp:96] Thread 1048576 construct Actor kNormalForward 2199023255568
I1014 10:03:46.163277 25251 thread.cpp:96] Thread 524337 construct Actor kTick 1099614388275
I1014 10:03:46.163332 25263 runtime_context.cpp:29] DecreaseCounter constructing_actor_cnt, current val is 301
I1014 10:03:46.163332 25251 runtime_context.cpp:29] DecreaseCounter constructing_actor_cnt, current val is 300
I1014 10:03:46.163585 25251 naive_actor.cpp:25] actor 1099614388277 switch to &NaiveActor::HandlerNormal
I1014 10:03:46.163620 25251 thread.cpp:96] Thread 524337 construct Actor kSrcSubsetTick 1099614388277
I1014 10:03:46.163636 25263 naive_actor.cpp:25] actor 2199023255561 switch to &NaiveActor::HandlerNormal
I1014 10:03:46.163664 25251 runtime_context.cpp:29] DecreaseCounter constructing_actor_cnt, current val is 299
I1014 10:03:46.163678 25263 thread.cpp:96] Thread 1048576 construct Actor kNormalForward 2199023255561
I1014 10:03:46.163753 25263 runtime_context.cpp:29] DecreaseCounter constructing_actor_cnt, current val is 298
I1014 10:03:46.163869 25251 naive_actor.cpp:25] actor 1099614388279 switch to &NaiveActor::HandlerNormal
I1014 10:03:46.163902 25251 thread.cpp:96] Thread 524337 construct Actor kTick 1099614388279
I1014 10:03:46.163942 25251 runtime_context.cpp:29] DecreaseCounter constructing_actor_cnt, current val is 297
I1014 10:03:46.164156 25251 naive_actor.cpp:25] actor 1099614388271 switch to &NaiveActor::HandlerNormal
I1014 10:03:46.164186 25251 thread.cpp:96] Thread 524337 construct Actor kTick 1099614388271
I1014 10:03:46.164170 25229 naive_actor.cpp:25] actor 1099511627776 switch to &NaiveActor::HandlerNormal
I1014 10:03:46.164218 25251 runtime_context.cpp:29] DecreaseCounter constructing_actor_cnt, current val is 296
I1014 10:03:46.164237 25229 thread.cpp:96] Thread 524288 construct Actor kNormalForward 1099511627776
I1014 10:03:46.164353 25229 runtime_context.cpp:29] DecreaseCounter constructing_actor_cnt, current val is 295
I1014 10:03:46.164439 25251 naive_actor.cpp:25] actor 1099614388280 switch to &NaiveActor::HandlerNormal
I1014 10:03:46.164469 25251 thread.cpp:96] Thread 524337 construct Actor kDstSubsetTick 1099614388280
I1014 10:03:46.164510 25251 runtime_context.cpp:29] DecreaseCounter constructing_actor_cnt, current val is 294
I1014 10:03:46.164613 25263 naive_actor.cpp:25] actor 2199023255586 switch to &NaiveActor::HandlerNormal
I1014 10:03:46.164710 25263 thread.cpp:96] Thread 1048576 construct Actor kNormalForward 2199023255586
I1014 10:03:46.164741 25251 naive_actor.cpp:25] actor 1099614388299 switch to &NaiveActor::HandlerNormal
I1014 10:03:46.164794 25251 thread.cpp:96] Thread 524337 construct Actor kTick 1099614388299
I1014 10:03:46.164826 25263 runtime_context.cpp:29] DecreaseCounter constructing_actor_cnt, current val is 293
I1014 10:03:46.164835 25251 runtime_context.cpp:29] DecreaseCounter constructing_actor_cnt, current val is 292
I1014 10:03:46.165045 25251 naive_actor.cpp:25] actor 1099614388287 switch to &NaiveActor::HandlerNormal
I1014 10:03:46.165076 25251 thread.cpp:96] Thread 524337 construct Actor kTick 1099614388287
I1014 10:03:46.165122 25251 runtime_context.cpp:29] DecreaseCounter constructing_actor_cnt, current val is 291
I1014 10:03:46.165298 25251 naive_actor.cpp:25] actor 1099614388291 switch to &NaiveActor::HandlerNormal
I1014 10:03:46.165330 25251 thread.cpp:96] Thread 524337 construct Actor kTick 1099614388291
I1014 10:03:46.165369 25251 runtime_context.cpp:29] DecreaseCounter constructing_actor_cnt, current val is 290
I1014 10:03:46.165551 25251 naive_actor.cpp:25] actor 1099614388290 switch to &NaiveActor::HandlerNormal
I1014 10:03:46.165586 25251 thread.cpp:96] Thread 524337 construct Actor kTick 1099614388290
I1014 10:03:46.165625 25251 runtime_context.cpp:29] DecreaseCounter constructing_actor_cnt, current val is 289
I1014 10:03:46.165866 25251 naive_actor.cpp:25] actor 1099614388286 switch to &NaiveActor::HandlerNormal
I1014 10:03:46.165901 25251 thread.cpp:96] Thread 524337 construct Actor kTick 1099614388286
I1014 10:03:46.165940 25251 runtime_context.cpp:29] DecreaseCounter constructing_actor_cnt, current val is 288
I1014 10:03:46.166114 25251 naive_actor.cpp:25] actor 1099614388295 switch to &NaiveActor::HandlerNormal
I1014 10:03:46.166144 25251 thread.cpp:96] Thread 524337 construct Actor kTick 1099614388295
I1014 10:03:46.166175 25251 runtime_context.cpp:29] DecreaseCounter constructing_actor_cnt, current val is 287
I1014 10:03:46.166175 25263 naive_actor.cpp:25] actor 2199023255573 switch to &NaiveActor::HandlerNormal
I1014 10:03:46.166260 25263 thread.cpp:96] Thread 1048576 construct Actor kNormalForward 2199023255573
I1014 10:03:46.166343 25263 runtime_context.cpp:29] DecreaseCounter constructing_actor_cnt, current val is 286
I1014 10:03:46.166383 25251 reentrant_lock_actor.cpp:76] actor 1099614388283 switch to &ReentrantLockActor::HandlerNormal
I1014 10:03:46.166414 25251 thread.cpp:96] Thread 524337 construct Actor kReentrantLock 1099614388283
I1014 10:03:46.166455 25251 runtime_context.cpp:29] DecreaseCounter constructing_actor_cnt, current val is 285
I1014 10:03:46.166646 25251 naive_actor.cpp:25] actor 1099614388298 switch to &NaiveActor::HandlerNormal
I1014 10:03:46.166674 25251 thread.cpp:96] Thread 524337 construct Actor kTick 1099614388298
I1014 10:03:46.166712 25251 runtime_context.cpp:29] DecreaseCounter constructing_actor_cnt, current val is 284
I1014 10:03:46.166903 25251 naive_actor.cpp:25] actor 1099614388285 switch to &NaiveActor::HandlerNormal
I1014 10:03:46.166932 25251 thread.cpp:96] Thread 524337 construct Actor kTick 1099614388285
I1014 10:03:46.166970 25251 runtime_context.cpp:29] DecreaseCounter constructing_actor_cnt, current val is 283
I1014 10:03:46.167158 25251 naive_actor.cpp:25] actor 1099614388292 switch to &NaiveActor::HandlerNormal
I1014 10:03:46.167187 25251 thread.cpp:96] Thread 524337 construct Actor kTick 1099614388292
I1014 10:03:46.167227 25251 runtime_context.cpp:29] DecreaseCounter constructing_actor_cnt, current val is 282
I1014 10:03:46.167277 25263 naive_actor.cpp:25] actor 2199023255569 switch to &NaiveActor::HandlerNormal
I1014 10:03:46.167325 25263 thread.cpp:96] Thread 1048576 construct Actor kNormalForward 2199023255569
I1014 10:03:46.167404 25263 runtime_context.cpp:29] DecreaseCounter constructing_actor_cnt, current val is 281
I1014 10:03:46.167413 25251 naive_actor.cpp:25] actor 1099614388289 switch to &NaiveActor::HandlerNormal
I1014 10:03:46.167462 25251 thread.cpp:96] Thread 524337 construct Actor kTick 1099614388289
I1014 10:03:46.167500 25251 runtime_context.cpp:29] DecreaseCounter constructing_actor_cnt, current val is 280
I1014 10:03:46.167672 25251 naive_actor.cpp:25] actor 1099614388297 switch to &NaiveActor::HandlerNormal
I1014 10:03:46.167702 25251 thread.cpp:96] Thread 524337 construct Actor kTick 1099614388297
I1014 10:03:46.167740 25251 runtime_context.cpp:29] DecreaseCounter constructing_actor_cnt, current val is 279
I1014 10:03:46.167925 25251 naive_actor.cpp:25] actor 1099614388294 switch to &NaiveActor::HandlerNormal
I1014 10:03:46.167954 25251 thread.cpp:96] Thread 524337 construct Actor kTick 1099614388294
I1014 10:03:46.167994 25251 runtime_context.cpp:29] DecreaseCounter constructing_actor_cnt, current val is 278
I1014 10:03:46.168126 25263 naive_actor.cpp:25] actor 2199023255579 switch to &NaiveActor::HandlerNormal
I1014 10:03:46.168169 25251 naive_actor.cpp:25] actor 1099614388296 switch to &NaiveActor::HandlerNormal
I1014 10:03:46.168177 25263 thread.cpp:96] Thread 1048576 construct Actor kNormalForward 2199023255579
I1014 10:03:46.168200 25251 thread.cpp:96] Thread 524337 construct Actor kTick 1099614388296
I1014 10:03:46.168269 25251 runtime_context.cpp:29] DecreaseCounter constructing_actor_cnt, current val is 277
I1014 10:03:46.168285 25263 runtime_context.cpp:29] DecreaseCounter constructing_actor_cnt, current val is 276
I1014 10:03:46.168489 25251 naive_actor.cpp:25] actor 1099614388288 switch to &NaiveActor::HandlerNormal
I1014 10:03:46.168524 25251 thread.cpp:96] Thread 524337 construct Actor kTick 1099614388288
I1014 10:03:46.168562 25251 runtime_context.cpp:29] DecreaseCounter constructing_actor_cnt, current val is 275
I1014 10:03:46.168754 25251 naive_actor.cpp:25] actor 1099614388293 switch to &NaiveActor::HandlerNormal
I1014 10:03:46.168782 25251 thread.cpp:96] Thread 524337 construct Actor kTick 1099614388293
I1014 10:03:46.168821 25251 runtime_context.cpp:29] DecreaseCounter constructing_actor_cnt, current val is 274
I1014 10:03:46.168990 25251 naive_actor.cpp:25] actor 1099614388300 switch to &NaiveActor::HandlerNormal
