Log file created at: 2021/10/14 10:27:57
Running on machine: oneflow-14
Log line format: [IWEF]mmdd hh:mm:ss.uuuuuu threadid file:line] msg
I1014 10:27:57.397488 48611 global.h:36] NewGlobal 14cudaDeviceProp
I1014 10:27:57.398335 48611 global.h:36] NewGlobal N7oneflow7EnvDescE
I1014 10:27:57.398350 48611 global.h:36] NewGlobal N7oneflow10ProcessCtxE
I1014 10:27:57.398358 48611 env_global_objects_scope.cpp:152] using rpc backend: local
I1014 10:27:57.398408 48611 global.h:36] NewGlobal N7oneflow12ResourceDescE
I1014 10:27:57.398419 48611 global.h:36] NewGlobal N7oneflow12ResourceDescE
I1014 10:27:57.479159 48611 global.h:36] NewGlobal N7oneflow10ThreadPoolE
I1014 10:27:57.480476 48611 global.h:36] NewGlobal N7oneflow16EagerNcclCommMgrE
I1014 10:27:57.480496 48611 global.h:36] NewGlobal N7oneflow18CudnnConvAlgoCacheE
I1014 10:27:57.480506 48611 global.h:36] NewGlobal N7oneflow2vm19VirtualMachineScopeE
I1014 10:27:57.480516 48611 global.h:36] NewGlobal N7oneflow9OneflowVME
I1014 10:27:57.481508 48611 oneflow_vm.cpp:75] transport stream type: N7oneflow2vm13CpuStreamTypeE
I1014 10:27:57.481525 48611 oneflow_vm.cpp:75] transport stream type: N7oneflow2vm14CudaStreamTypeE
I1014 10:27:57.481534 48611 oneflow_vm.cpp:75] transport stream type: N7oneflow2vm19AsyncCudaStreamTypeE
I1014 10:27:57.481695 48611 global.h:36] NewGlobal N7oneflow27EagerJobBuildAndInferCtxMgrE
I1014 10:27:57.481712 48611 global.h:36] NewGlobal N7oneflow12EpollCommNetE
I1014 10:27:57.481848 48611 epoll_comm_network.cpp:63] CommNet:Epoll listening on 0.0.0.0:32821
I1014 10:27:57.481886 48611 epoll_comm_network.cpp:197] machine 0 sockfd -1
I1014 10:27:57.482007 48611 global.h:36] NewGlobal N7oneflow9TransportE
I1014 10:27:57.483467 48611 global.h:43] DeleteGlobal N7oneflow12ResourceDescE
I1014 10:27:57.483498 48611 version.cpp:22] OneFlow git version: b295ca2324
I1014 10:27:57.483517 48611 device_register_gpu.cpp:56] CUDA runtime version: 11.2
I1014 10:27:57.483551 48611 device_register_gpu.cpp:65] cuDNN version: 8.1.1
I1014 10:27:57.483562 48611 device_register_gpu.cpp:78] NCCL version: 2.9.8
I1014 10:27:57.483583 48611 global.h:36] NewGlobal N7oneflow12ResourceDescE
I1014 10:27:57.483592 48611 global.h:36] NewGlobal N7oneflow5IDMgrE
I1014 10:27:57.483601 48611 global.h:36] NewGlobal N7oneflow16AvailableMemDescE
I1014 10:27:57.483628 48611 global.h:36] NewGlobal St13unordered_mapISslSt4hashISsESt8equal_toISsESaISt4pairIKSslEEE
I1014 10:27:57.483637 48611 global.h:36] NewGlobal N7oneflow19CriticalSectionDescE
I1014 10:27:57.483645 48611 global.h:36] NewGlobal N7oneflow16InterUserJobInfoE
I1014 10:27:57.483654 48611 global.h:36] NewGlobal N7oneflow26LazyJobBuildAndInferCtxMgrE
I1014 10:27:57.483662 48611 global.h:36] NewGlobal N7oneflow16JobSetCompileCtxE
I1014 10:27:57.483671 48611 global.h:36] NewGlobal N7oneflow26RuntimeBufferManagersScopeE
I1014 10:27:57.483680 48611 global.h:36] NewGlobal N7oneflow9BufferMgrIlEE
I1014 10:27:57.483687 48611 global.h:36] NewGlobal N7oneflow9BufferMgrISt10shared_ptrINS_11JobInstanceEEEE
I1014 10:27:57.483695 48611 global.h:36] NewGlobal N7oneflow10RuntimeCtxE
I1014 10:27:57.483703 48611 global.h:36] NewGlobal N7oneflow15MemoryAllocatorE
I1014 10:27:57.483711 48611 global.h:36] NewGlobal N7oneflow8ChunkMgrE
I1014 10:27:57.483718 48611 global.h:36] NewGlobal N7oneflow8RegstMgrE
I1014 10:27:57.483726 48611 global.h:36] NewGlobal N7oneflow11ActorMsgBusE
I1014 10:27:57.483733 48611 global.h:36] NewGlobal N7oneflow9ThreadMgrE
I1014 10:27:57.483741 48611 global.h:36] NewGlobal N7oneflow15RuntimeJobDescsE
I1014 10:27:57.483748 48611 global.h:36] NewGlobal N7oneflow7summary12EventsWriterE
I1014 10:27:57.483758 48611 global.h:36] NewGlobal N7oneflow6boxing10collective24CollectiveBoxingExecutorE
I1014 10:27:57.483767 48611 global.h:36] NewGlobal N7oneflow6boxing10collective31CollectiveBoxingDeviceCtxPollerE
I1014 10:27:57.483897 48611 session.h:77] NewGlobal N7oneflow25SessionGlobalObjectsScopeE
I1014 10:27:57.484683 48611 global.h:36] NewGlobal N7oneflow7JobDescE
I1014 10:27:58.116008 48611 global.h:43] DeleteGlobal N7oneflow7JobDescE
I1014 10:27:58.116263 48611 global.h:36] NewGlobal N7oneflow7JobDescE
I1014 10:27:58.120638 48611 global.h:36] NewGlobal N7oneflow7OpGraphE
I1014 10:27:58.126562 48611 global.h:43] DeleteGlobal N7oneflow7OpGraphE
I1014 10:27:58.312538 48611 global.h:43] DeleteGlobal N7oneflow7JobDescE
I1014 10:27:58.330485 48611 global.h:36] NewGlobal N7oneflow24InterJobReuseMemStrategyE
I1014 10:27:58.330524 48611 global.h:36] NewGlobal N7oneflow7OneflowE
I1014 10:27:58.342839 48611 global.h:36] NewGlobal N7oneflow7JobDescE
I1014 10:27:58.576860 48611 global.h:36] NewGlobal N7oneflow7OpGraphE
I1014 10:27:58.656988 48611 global.h:43] DeleteGlobal N7oneflow7OpGraphE
I1014 10:27:58.665017 48611 oneflow.cpp:210] 
job_id: 0 , job_name: train_job , compile time: 0.322104 seconds.
I1014 10:27:58.717501 48611 global.h:43] DeleteGlobal N7oneflow7JobDescE
I1014 10:27:58.717815 48611 global.h:36] NewGlobal N7oneflow7JobDescE
I1014 10:27:58.764276 48611 global.h:36] NewGlobal N7oneflow7OpGraphE
I1014 10:27:58.781204 48611 global.h:43] DeleteGlobal N7oneflow7OpGraphE
I1014 10:27:58.785286 48611 oneflow.cpp:210] 
job_id: 1 , job_name: System-ModelInit , compile time: 0.0670618 seconds.
I1014 10:27:58.797084 48611 global.h:43] DeleteGlobal N7oneflow7JobDescE
I1014 10:27:58.797125 48611 global.h:36] NewGlobal N7oneflow7JobDescE
I1014 10:27:58.842007 48611 global.h:36] NewGlobal N7oneflow7OpGraphE
I1014 10:27:58.858774 48611 global.h:43] DeleteGlobal N7oneflow7OpGraphE
I1014 10:27:58.862736 48611 oneflow.cpp:210] 
job_id: 2 , job_name: System-ModelLoad , compile time: 0.0655923 seconds.
I1014 10:27:58.874557 48611 global.h:43] DeleteGlobal N7oneflow7JobDescE
I1014 10:27:58.874691 48611 global.h:36] NewGlobal N7oneflow7JobDescE
I1014 10:27:58.919098 48611 global.h:36] NewGlobal N7oneflow7OpGraphE
I1014 10:27:58.935930 48611 global.h:43] DeleteGlobal N7oneflow7OpGraphE
I1014 10:27:58.939802 48611 oneflow.cpp:210] 
job_id: 3 , job_name: System-ModelSave , compile time: 0.0650921 seconds.
I1014 10:27:58.951561 48611 global.h:43] DeleteGlobal N7oneflow7JobDescE
I1014 10:27:58.951606 48611 global.h:36] NewGlobal N7oneflow7JobDescE
I1014 10:27:58.959887 48611 global.h:36] NewGlobal N7oneflow7OpGraphE
I1014 10:27:58.963557 48611 global.h:43] DeleteGlobal N7oneflow7OpGraphE
I1014 10:27:58.964874 48611 oneflow.cpp:210] 
job_id: 4 , job_name: System-Pull-Return_27 , compile time: 0.0132641 seconds.
I1014 10:27:58.968370 48611 global.h:43] DeleteGlobal N7oneflow7JobDescE
I1014 10:27:58.972501 48611 global.h:36] NewGlobal N7oneflow7JobDescE
I1014 10:27:58.972548 48611 global.h:36] NewGlobal N7oneflow7OpGraphE
I1014 10:27:58.977849 48611 global.h:43] DeleteGlobal N7oneflow7OpGraphE
I1014 10:27:58.980676 48611 oneflow.cpp:210] 
job_id: 5 , job_name: MainJob-unamed , compile time: 0.00813798 seconds.
I1014 10:27:58.987510 48611 global.h:43] DeleteGlobal N7oneflow7JobDescE
I1014 10:27:58.990207 48611 plan_util.cpp:928]  Plan: merged_plan needs to allocate [ 822.097 MiB ] device memory in Rank: 0 , Device: 0
I1014 10:27:59.098069 48611 oneflow.cpp:998]  PushPlan merged_plan time: 0.0104517 seconds.
I1014 10:27:59.128367 48611 oneflow.cpp:1014]  PullPlan merged_plan time: 0.0262121 seconds.
I1014 10:28:01.301617 48611 runtime_context.cpp:21] NewCounter constructing_actor_cnt 413
I1014 10:28:01.302768   334 naive_actor.cpp:25] actor 1099614388226 switch to &NaiveActor::HandlerNormal
I1014 10:28:01.302873   338 naive_actor.cpp:25] actor 2199023255723 switch to &NaiveActor::HandlerNormal
I1014 10:28:01.302881   334 thread.cpp:96] Thread 524337 construct Actor kDeviceTick 1099614388226
I1014 10:28:01.302948   338 thread.cpp:96] Thread 1048576 construct Actor kDeviceTick 2199023255723
I1014 10:28:01.303051   335 wait_and_send_ids_actor.cpp:53] actor 1099616485376 switch to &WaitAndSendIdsActor::HandlerWaitToStart
I1014 10:28:01.303076   334 runtime_context.cpp:29] DecreaseCounter constructing_actor_cnt, current val is 412
I1014 10:28:01.303100   338 runtime_context.cpp:29] DecreaseCounter constructing_actor_cnt, current val is 411
I1014 10:28:01.303125   335 thread.cpp:96] Thread 524338 construct Actor kWaitAndSendIds 1099616485376
I1014 10:28:01.303391   334 naive_actor.cpp:25] actor 1099614388233 switch to &NaiveActor::HandlerNormal
I1014 10:28:01.303458   334 thread.cpp:96] Thread 524337 construct Actor kDeviceTick 1099614388233
I1014 10:28:01.303483   338 naive_actor.cpp:25] actor 2199023255762 switch to &NaiveActor::HandlerNormal
I1014 10:28:01.303460   335 runtime_context.cpp:29] DecreaseCounter constructing_actor_cnt, current val is 410
I1014 10:28:01.303535   334 runtime_context.cpp:29] DecreaseCounter constructing_actor_cnt, current val is 409
I1014 10:28:01.303541   338 thread.cpp:96] Thread 1048576 construct Actor kDeviceTick 2199023255762
I1014 10:28:01.303660   338 runtime_context.cpp:29] DecreaseCounter constructing_actor_cnt, current val is 408
I1014 10:28:01.303809   334 naive_actor.cpp:25] actor 1099614388243 switch to &NaiveActor::HandlerNormal
I1014 10:28:01.303874   334 thread.cpp:96] Thread 524337 construct Actor kDeviceTick 1099614388243
I1014 10:28:01.303930   338 naive_actor.cpp:25] actor 2199023255801 switch to &NaiveActor::HandlerNormal
I1014 10:28:01.303946   334 runtime_context.cpp:29] DecreaseCounter constructing_actor_cnt, current val is 407
I1014 10:28:01.303967   338 thread.cpp:96] Thread 1048576 construct Actor kDeviceTick 2199023255801
I1014 10:28:01.304050   338 runtime_context.cpp:29] DecreaseCounter constructing_actor_cnt, current val is 406
I1014 10:28:01.304237   334 naive_actor.cpp:25] actor 1099614388252 switch to &NaiveActor::HandlerNormal
I1014 10:28:01.304289   334 thread.cpp:96] Thread 524337 construct Actor kDeviceTick 1099614388252
I1014 10:28:01.304319   338 naive_actor.cpp:25] actor 2199023255840 switch to &NaiveActor::HandlerNormal
I1014 10:28:01.304352   338 thread.cpp:96] Thread 1048576 construct Actor kDeviceTick 2199023255840
I1014 10:28:01.304353   334 runtime_context.cpp:29] DecreaseCounter constructing_actor_cnt, current val is 405
I1014 10:28:01.304406   338 runtime_context.cpp:29] DecreaseCounter constructing_actor_cnt, current val is 404
I1014 10:28:01.304646   334 naive_actor.cpp:25] actor 1099614388261 switch to &NaiveActor::HandlerNormal
I1014 10:28:01.304694   334 thread.cpp:96] Thread 524337 construct Actor kDeviceTick 1099614388261
I1014 10:28:01.304747   334 runtime_context.cpp:29] DecreaseCounter constructing_actor_cnt, current val is 403
I1014 10:28:01.304973   334 naive_actor.cpp:25] actor 1099614388269 switch to &NaiveActor::HandlerNormal
I1014 10:28:01.305020   334 thread.cpp:96] Thread 524337 construct Actor kDeviceTick 1099614388269
I1014 10:28:01.305088   334 runtime_context.cpp:29] DecreaseCounter constructing_actor_cnt, current val is 402
I1014 10:28:01.305336   334 naive_actor.cpp:25] actor 1099614388276 switch to &NaiveActor::HandlerNormal
I1014 10:28:01.305370   334 thread.cpp:96] Thread 524337 construct Actor kDeviceTick 1099614388276
I1014 10:28:01.305423   334 runtime_context.cpp:29] DecreaseCounter constructing_actor_cnt, current val is 401
I1014 10:28:01.318178 49148 naive_actor.cpp:25] actor 1099528404992 switch to &NaiveActor::HandlerNormal
I1014 10:28:01.318269 49148 thread.cpp:96] Thread 524296 construct Actor kNormalForward 1099528404992
I1014 10:28:01.318292 49146 naive_actor.cpp:25] actor 1099524210688 switch to &NaiveActor::HandlerNormal
I1014 10:28:01.318274 49147 naive_actor.cpp:25] actor 1099526307840 switch to &NaiveActor::HandlerNormal
I1014 10:28:01.318339 49148 runtime_context.cpp:29] DecreaseCounter constructing_actor_cnt, current val is 400
I1014 10:28:01.318421   310 naive_actor.cpp:25] actor 1099543085056 switch to &NaiveActor::HandlerNormal
I1014 10:28:01.318410 49147 thread.cpp:96] Thread 524295 construct Actor kNormalForward 1099526307840
I1014 10:28:01.318652   302 naive_actor.cpp:25] actor 1099540987904 switch to &NaiveActor::HandlerNormal
I1014 10:28:01.318755 49150 naive_actor.cpp:25] actor 1099532599296 switch to &NaiveActor::HandlerNormal
I1014 10:28:01.318523   310 thread.cpp:96] Thread 524303 construct Actor kForeignInput 1099543085056
I1014 10:28:01.318636 49151 naive_actor.cpp:25] actor 1099534696448 switch to &NaiveActor::HandlerNormal
I1014 10:28:01.318989 49143 naive_actor.cpp:25] actor 1099517919232 switch to &NaiveActor::HandlerNormal
I1014 10:28:01.318733 49147 runtime_context.cpp:29] DecreaseCounter constructing_actor_cnt, current val is 399
I1014 10:28:01.318487   301 naive_actor.cpp:25] actor 1099538890752 switch to &NaiveActor::HandlerNormal
I1014 10:28:01.318750   300 naive_actor.cpp:25] actor 1099536793600 switch to &NaiveActor::HandlerNormal
I1014 10:28:01.319309   343 naive_actor.cpp:25] actor 2199027449856 switch to &NaiveActor::HandlerNormal
I1014 10:28:01.319326 49141 naive_actor.cpp:25] actor 1099513724928 switch to &NaiveActor::HandlerNormal
I1014 10:28:01.318814 49150 thread.cpp:96] Thread 524298 construct Actor kNormalForward 1099532599296
I1014 10:28:01.319387 49141 thread.cpp:96] Thread 524289 construct Actor kNormalForward 1099513724928
I1014 10:28:01.318969   310 runtime_context.cpp:29] DecreaseCounter constructing_actor_cnt, current val is 398
I1014 10:28:01.318365 49146 thread.cpp:96] Thread 524294 construct Actor kNormalForward 1099524210688
I1014 10:28:01.318998 49144 naive_actor.cpp:25] actor 1099520016384 switch to &NaiveActor::HandlerNormal
I1014 10:28:01.319005   314 naive_actor.cpp:25] actor 1099547279360 switch to &NaiveActor::HandlerNormal
I1014 10:28:01.319010 49151 thread.cpp:96] Thread 524299 construct Actor kNormalForward 1099534696448
I1014 10:28:01.319036 49142 naive_actor.cpp:25] actor 1099515822080 switch to &NaiveActor::HandlerNormal
I1014 10:28:01.319114   326 naive_actor.cpp:25] actor 1099553570816 switch to &NaiveActor::HandlerNormal
I1014 10:28:01.319123 49143 thread.cpp:96] Thread 524291 construct Actor kNormalForward 1099517919232
I1014 10:28:01.319159 49149 naive_actor.cpp:25] actor 1099530502144 switch to &NaiveActor::HandlerNormal
I1014 10:28:01.319169   322 naive_actor.cpp:25] actor 1099551473664 switch to &NaiveActor::HandlerNormal
I1014 10:28:01.319186   332 naive_actor.cpp:25] actor 1099555667968 switch to &NaiveActor::HandlerNormal
I1014 10:28:01.319281   301 thread.cpp:96] Thread 524301 construct Actor kNormalForward 1099538890752
I1014 10:28:01.318768   302 thread.cpp:96] Thread 524302 construct Actor kNormalForward 1099540987904
I1014 10:28:01.319319   300 thread.cpp:96] Thread 524300 construct Actor kForeignInput 1099536793600
I1014 10:28:01.319321   334 naive_actor.cpp:25] actor 1099614388228 switch to &NaiveActor::HandlerNormal
I1014 10:28:01.320176   302 runtime_context.cpp:29] DecreaseCounter constructing_actor_cnt, current val is 391
I1014 10:28:01.319330   333 naive_actor.cpp:25] actor 1099557765120 switch to &NaiveActor::HandlerNormal
I1014 10:28:01.319344   341 naive_actor.cpp:25] actor 2199025352705 switch to &NaiveActor::HandlerNormal
I1014 10:28:01.319347   343 thread.cpp:96] Thread 1048578 construct Actor kCopyHd 2199027449856
I1014 10:28:01.320303   341 thread.cpp:96] Thread 1048577 construct Actor kCopyHd 2199025352705
I1014 10:28:01.318905   312 naive_actor.cpp:25] actor 1099545182208 switch to &NaiveActor::HandlerNormal
I1014 10:28:01.319433   338 naive_actor.cpp:25] actor 2199023255571 switch to &NaiveActor::HandlerNormal
I1014 10:28:01.319440 49150 runtime_context.cpp:29] DecreaseCounter constructing_actor_cnt, current val is 397
I1014 10:28:01.319468 49141 runtime_context.cpp:29] DecreaseCounter constructing_actor_cnt, current val is 396
I1014 10:28:01.319555 49146 runtime_context.cpp:29] DecreaseCounter constructing_actor_cnt, current val is 395
I1014 10:28:01.319599 49144 thread.cpp:96] Thread 524292 construct Actor kNormalForward 1099520016384
I1014 10:28:01.319633   314 thread.cpp:96] Thread 524305 construct Actor kNormalForward 1099547279360
I1014 10:28:01.319725 49142 thread.cpp:96] Thread 524290 construct Actor kNormalForward 1099515822080
I1014 10:28:01.319733 49151 runtime_context.cpp:29] DecreaseCounter constructing_actor_cnt, current val is 394
I1014 10:28:01.319801   326 thread.cpp:96] Thread 524308 construct Actor kNormalForward 1099553570816
I1014 10:28:01.320721 49142 runtime_context.cpp:29] DecreaseCounter constructing_actor_cnt, current val is 385
I1014 10:28:01.319919 49143 runtime_context.cpp:29] DecreaseCounter constructing_actor_cnt, current val is 393
I1014 10:28:01.319973 49149 thread.cpp:96] Thread 524297 construct Actor kNormalForward 1099530502144
I1014 10:28:01.320020   322 thread.cpp:96] Thread 524307 construct Actor kNormalForward 1099551473664
I1014 10:28:01.320060   332 thread.cpp:96] Thread 524309 construct Actor kNormalForward 1099555667968
I1014 10:28:01.320165   301 runtime_context.cpp:29] DecreaseCounter constructing_actor_cnt, current val is 392
I1014 10:28:01.320189   334 thread.cpp:96] Thread 524337 construct Actor kTick 1099614388228
I1014 10:28:01.320197   300 runtime_context.cpp:29] DecreaseCounter constructing_actor_cnt, current val is 390
I1014 10:28:01.321409   334 runtime_context.cpp:29] DecreaseCounter constructing_actor_cnt, current val is 380
I1014 10:28:01.320266   333 thread.cpp:96] Thread 524310 construct Actor kForeignOutput 1099557765120
I1014 10:28:01.319373   336 sink_actor.cpp:21] actor 1099618582528 switch to &SinkActor::HandlerNormal
I1014 10:28:01.320329   343 runtime_context.cpp:29] DecreaseCounter constructing_actor_cnt, current val is 389
I1014 10:28:01.321691   336 thread.cpp:96] Thread 524339 construct Actor kCallbackNotify 1099618582528
I1014 10:28:01.320358   341 runtime_context.cpp:29] DecreaseCounter constructing_actor_cnt, current val is 388
I1014 10:28:01.320379   338 thread.cpp:96] Thread 1048576 construct Actor kNormalForward 2199023255571
I1014 10:28:01.320673 49144 runtime_context.cpp:29] DecreaseCounter constructing_actor_cnt, current val is 387
I1014 10:28:01.320703   314 runtime_context.cpp:29] DecreaseCounter constructing_actor_cnt, current val is 386
I1014 10:28:01.319804 49145 naive_actor.cpp:25] actor 1099522113536 switch to &NaiveActor::HandlerNormal
I1014 10:28:01.320753   326 runtime_context.cpp:29] DecreaseCounter constructing_actor_cnt, current val is 384
I1014 10:28:01.321146 49149 runtime_context.cpp:29] DecreaseCounter constructing_actor_cnt, current val is 383
I1014 10:28:01.321307   332 runtime_context.cpp:29] DecreaseCounter constructing_actor_cnt, current val is 381
I1014 10:28:01.321298   322 runtime_context.cpp:29] DecreaseCounter constructing_actor_cnt, current val is 382
I1014 10:28:01.318781   315 naive_actor.cpp:25] actor 1099549376512 switch to &NaiveActor::HandlerNormal
I1014 10:28:01.321624   333 runtime_context.cpp:29] DecreaseCounter constructing_actor_cnt, current val is 379
I1014 10:28:01.320355   312 thread.cpp:96] Thread 524304 construct Actor kNormalForward 1099545182208
I1014 10:28:01.321767   336 runtime_context.cpp:29] DecreaseCounter constructing_actor_cnt, current val is 378
I1014 10:28:01.322427   312 runtime_context.cpp:29] DecreaseCounter constructing_actor_cnt, current val is 376
I1014 10:28:01.321892   341 naive_actor.cpp:25] actor 2199025352707 switch to &NaiveActor::HandlerNormal
I1014 10:28:01.322515   341 thread.cpp:96] Thread 1048577 construct Actor kCopyHd 2199025352707
I1014 10:28:01.322065 49145 thread.cpp:96] Thread 524293 construct Actor kNormalForward 1099522113536
I1014 10:28:01.322290   315 thread.cpp:96] Thread 524306 construct Actor kForeignInput 1099549376512
I1014 10:28:01.321835   338 runtime_context.cpp:29] DecreaseCounter constructing_actor_cnt, current val is 377
I1014 10:28:01.321914   334 naive_actor.cpp:25] actor 1099614388230 switch to &NaiveActor::HandlerNormal
I1014 10:28:01.322615   341 runtime_context.cpp:29] DecreaseCounter constructing_actor_cnt, current val is 375
I1014 10:28:01.322749   315 runtime_context.cpp:29] DecreaseCounter constructing_actor_cnt, current val is 374
I1014 10:28:01.322780   334 thread.cpp:96] Thread 524337 construct Actor kTick 1099614388230
I1014 10:28:01.322782 49145 runtime_context.cpp:29] DecreaseCounter constructing_actor_cnt, current val is 373
I1014 10:28:01.322927   341 naive_actor.cpp:25] actor 2199025352708 switch to &NaiveActor::HandlerNormal
I1014 10:28:01.322973   334 runtime_context.cpp:29] DecreaseCounter constructing_actor_cnt, current val is 372
I1014 10:28:01.322996   341 thread.cpp:96] Thread 1048577 construct Actor kCopyHd 2199025352708
I1014 10:28:01.323138   341 runtime_context.cpp:29] DecreaseCounter constructing_actor_cnt, current val is 371
I1014 10:28:01.323356   341 naive_actor.cpp:25] actor 2199025352706 switch to &NaiveActor::HandlerNormal
I1014 10:28:01.323408   341 thread.cpp:96] Thread 1048577 construct Actor kCopyHd 2199025352706
I1014 10:28:01.323457   334 naive_actor.cpp:25] actor 1099614388231 switch to &NaiveActor::HandlerNormal
I1014 10:28:01.323475   341 runtime_context.cpp:29] DecreaseCounter constructing_actor_cnt, current val is 370
I1014 10:28:01.323519   334 thread.cpp:96] Thread 524337 construct Actor kTick 1099614388231
I1014 10:28:01.323655   334 runtime_context.cpp:29] DecreaseCounter constructing_actor_cnt, current val is 369
I1014 10:28:01.323763   341 naive_actor.cpp:25] actor 2199025352704 switch to &NaiveActor::HandlerNormal
I1014 10:28:01.323807   341 thread.cpp:96] Thread 1048577 construct Actor kCopyHd 2199025352704
I1014 10:28:01.323866   341 runtime_context.cpp:29] DecreaseCounter constructing_actor_cnt, current val is 368
I1014 10:28:01.323899   338 naive_actor.cpp:25] actor 2199023255575 switch to &NaiveActor::HandlerNormal
I1014 10:28:01.323958   338 thread.cpp:96] Thread 1048576 construct Actor kNormalForward 2199023255575
I1014 10:28:01.324049   334 naive_actor.cpp:25] actor 1099614388234 switch to &NaiveActor::HandlerNormal
I1014 10:28:01.324060   338 runtime_context.cpp:29] DecreaseCounter constructing_actor_cnt, current val is 367
I1014 10:28:01.324061   341 naive_actor.cpp:25] actor 2199025352709 switch to &NaiveActor::HandlerNormal
I1014 10:28:01.324105   334 thread.cpp:96] Thread 524337 construct Actor kSrcSubsetTick 1099614388234
I1014 10:28:01.324173   341 thread.cpp:96] Thread 1048577 construct Actor kCopyHd 2199025352709
I1014 10:28:01.324275   341 runtime_context.cpp:29] DecreaseCounter constructing_actor_cnt, current val is 366
I1014 10:28:01.324277   334 runtime_context.cpp:29] DecreaseCounter constructing_actor_cnt, current val is 365
I1014 10:28:01.324487   341 naive_actor.cpp:25] actor 2199025352710 switch to &NaiveActor::HandlerNormal
I1014 10:28:01.324506   338 naive_actor.cpp:25] actor 2199023255592 switch to &NaiveActor::HandlerNormal
I1014 10:28:01.324535   341 thread.cpp:96] Thread 1048577 construct Actor kCopyHd 2199025352710
I1014 10:28:01.324596   338 thread.cpp:96] Thread 1048576 construct Actor kNormalForward 2199023255592
I1014 10:28:01.324651   341 runtime_context.cpp:29] DecreaseCounter constructing_actor_cnt, current val is 364
I1014 10:28:01.324700   334 naive_actor.cpp:25] actor 1099614388236 switch to &NaiveActor::HandlerNormal
I1014 10:28:01.324707   338 runtime_context.cpp:29] DecreaseCounter constructing_actor_cnt, current val is 363
I1014 10:28:01.324760   334 thread.cpp:96] Thread 524337 construct Actor kTick 1099614388236
I1014 10:28:01.324864   334 runtime_context.cpp:29] DecreaseCounter constructing_actor_cnt, current val is 362
I1014 10:28:01.325292   334 naive_actor.cpp:25] actor 1099614388229 switch to &NaiveActor::HandlerNormal
I1014 10:28:01.325343   334 thread.cpp:96] Thread 524337 construct Actor kDstSubsetTick 1099614388229
I1014 10:28:01.325450   334 runtime_context.cpp:29] DecreaseCounter constructing_actor_cnt, current val is 361
I1014 10:28:01.325803   338 naive_actor.cpp:25] actor 2199023255561 switch to &NaiveActor::HandlerNormal
I1014 10:28:01.325830   334 naive_actor.cpp:25] actor 1099614388224 switch to &NaiveActor::HandlerNormal
I1014 10:28:01.325860   338 thread.cpp:96] Thread 1048576 construct Actor kNormalForward 2199023255561
I1014 10:28:01.325901   334 thread.cpp:96] Thread 524337 construct Actor kDeviceTick 1099614388224
I1014 10:28:01.326020   338 runtime_context.cpp:29] DecreaseCounter constructing_actor_cnt, current val is 360
I1014 10:28:01.326023   334 runtime_context.cpp:29] DecreaseCounter constructing_actor_cnt, current val is 359
I1014 10:28:01.326485   334 naive_actor.cpp:25] actor 1099614388225 switch to &NaiveActor::HandlerNormal
I1014 10:28:01.326540   334 thread.cpp:96] Thread 524337 construct Actor kSrcSubsetTick 1099614388225
I1014 10:28:01.326750   334 runtime_context.cpp:29] DecreaseCounter constructing_actor_cnt, current val is 358
I1014 10:28:01.327128   338 naive_actor.cpp:25] actor 2199023255593 switch to &NaiveActor::HandlerNormal
I1014 10:28:01.327180   338 thread.cpp:96] Thread 1048576 construct Actor kNormalForward 2199023255593
I1014 10:28:01.327229   334 naive_actor.cpp:25] actor 1099614388238 switch to &NaiveActor::HandlerNormal
I1014 10:28:01.327258   338 runtime_context.cpp:29] DecreaseCounter constructing_actor_cnt, current val is 357
I1014 10:28:01.327359   334 thread.cpp:96] Thread 524337 construct Actor kTick 1099614388238
I1014 10:28:01.327558   334 runtime_context.cpp:29] DecreaseCounter constructing_actor_cnt, current val is 356
I1014 10:28:01.327723   338 naive_actor.cpp:25] actor 2199023255569 switch to &NaiveActor::HandlerNormal
I1014 10:28:01.327776   338 thread.cpp:96] Thread 1048576 construct Actor kNormalForward 2199023255569
I1014 10:28:01.327875   338 runtime_context.cpp:29] DecreaseCounter constructing_actor_cnt, current val is 355
I1014 10:28:01.328367   334 esac_actor.cpp:73] actor 1099614388321 switch to &EsacActor::HandlerNormal
I1014 10:28:01.328460   334 thread.cpp:96] Thread 524337 construct Actor kEsac 1099614388321
I1014 10:28:01.328594   334 runtime_context.cpp:29] DecreaseCounter constructing_actor_cnt, current val is 354
I1014 10:28:01.328707   338 naive_actor.cpp:25] actor 2199023255573 switch to &NaiveActor::HandlerNormal
I1014 10:28:01.328758   338 thread.cpp:96] Thread 1048576 construct Actor kNormalForward 2199023255573
I1014 10:28:01.328845   338 runtime_context.cpp:29] DecreaseCounter constructing_actor_cnt, current val is 353
I1014 10:28:01.329059   334 naive_actor.cpp:25] actor 1099614388239 switch to &NaiveActor::HandlerNormal
I1014 10:28:01.329123   334 thread.cpp:96] Thread 524337 construct Actor kTick 1099614388239
I1014 10:28:01.329206   334 runtime_context.cpp:29] DecreaseCounter constructing_actor_cnt, current val is 352
I1014 10:28:01.329636   334 naive_actor.cpp:25] actor 1099614388232 switch to &NaiveActor::HandlerNormal
I1014 10:28:01.329690   334 thread.cpp:96] Thread 524337 construct Actor kTick 1099614388232
I1014 10:28:01.329775   334 runtime_context.cpp:29] DecreaseCounter constructing_actor_cnt, current val is 351
I1014 10:28:01.329912   338 naive_actor.cpp:25] actor 2199023255556 switch to &NaiveActor::HandlerNormal
I1014 10:28:01.329965   338 thread.cpp:96] Thread 1048576 construct Actor kNormalForward 2199023255556
I1014 10:28:01.330073   338 runtime_context.cpp:29] DecreaseCounter constructing_actor_cnt, current val is 350
I1014 10:28:01.330476   334 esac_actor.cpp:73] actor 1099614388313 switch to &EsacActor::HandlerNormal
I1014 10:28:01.330539   334 thread.cpp:96] Thread 524337 construct Actor kEsac 1099614388313
I1014 10:28:01.330662   334 runtime_context.cpp:29] DecreaseCounter constructing_actor_cnt, current val is 349
I1014 10:28:01.330824 49140 naive_actor.cpp:25] actor 1099511627776 switch to &NaiveActor::HandlerNormal
I1014 10:28:01.330888 49140 thread.cpp:96] Thread 524288 construct Actor kNormalForward 1099511627776
I1014 10:28:01.330994 49140 runtime_context.cpp:29] DecreaseCounter constructing_actor_cnt, current val is 348
I1014 10:28:01.331094   334 naive_actor.cpp:25] actor 1099614388237 switch to &NaiveActor::HandlerNormal
I1014 10:28:01.331146   334 thread.cpp:96] Thread 524337 construct Actor kDstSubsetTick 1099614388237
I1014 10:28:01.331158   338 naive_actor.cpp:25] actor 2199023255563 switch to &NaiveActor::HandlerNormal
I1014 10:28:01.331218   338 thread.cpp:96] Thread 1048576 construct Actor kNormalForward 2199023255563
I1014 10:28:01.331223   334 runtime_context.cpp:29] DecreaseCounter constructing_actor_cnt, current val is 347
I1014 10:28:01.331305   338 runtime_context.cpp:29] DecreaseCounter constructing_actor_cnt, current val is 346
I1014 10:28:01.331594   334 naive_actor.cpp:25] actor 1099614388320 switch to &NaiveActor::HandlerNormal
I1014 10:28:01.331653   334 thread.cpp:96] Thread 524337 construct Actor kTick 1099614388320
I1014 10:28:01.331846   334 runtime_context.cpp:29] DecreaseCounter constructing_actor_cnt, current val is 345
I1014 10:28:01.332173   338 naive_actor.cpp:25] actor 2199023255552 switch to &NaiveActor::HandlerNormal
I1014 10:28:01.332223   334 naive_actor.cpp:25] actor 1099614388240 switch to &NaiveActor::HandlerNormal
I1014 10:28:01.332228   338 thread.cpp:96] Thread 1048576 construct Actor kNormalForward 2199023255552
I1014 10:28:01.332274   334 thread.cpp:96] Thread 524337 construct Actor kTick 1099614388240
I1014 10:28:01.332368   338 runtime_context.cpp:29] DecreaseCounter constructing_actor_cnt, current val is 344
I1014 10:28:01.332382   334 runtime_context.cpp:29] DecreaseCounter constructing_actor_cnt, current val is 343
I1014 10:28:01.332687   338 naive_actor.cpp:25] actor 2199023255562 switch to &NaiveActor::HandlerNormal
I1014 10:28:01.332739   338 thread.cpp:96] Thread 1048576 construct Actor kNormalForward 2199023255562
I1014 10:28:01.332765   334 naive_actor.cpp:25] actor 1099614388241 switch to &NaiveActor::HandlerNormal
I1014 10:28:01.332814   334 thread.cpp:96] Thread 524337 construct Actor kDeviceTick 1099614388241
I1014 10:28:01.332818   338 runtime_context.cpp:29] DecreaseCounter constructing_actor_cnt, current val is 342
I1014 10:28:01.332890   334 runtime_context.cpp:29] DecreaseCounter constructing_actor_cnt, current val is 341
I1014 10:28:01.333257   334 naive_actor.cpp:25] actor 1099614388242 switch to &NaiveActor::HandlerNormal
I1014 10:28:01.333317   334 thread.cpp:96] Thread 524337 construct Actor kSrcSubsetTick 1099614388242
I1014 10:28:01.333392   334 runtime_context.cpp:29] DecreaseCounter constructing_actor_cnt, current val is 340
I1014 10:28:01.333734   338 naive_actor.cpp:25] actor 2199023255591 switch to &NaiveActor::HandlerNormal
I1014 10:28:01.333762   334 naive_actor.cpp:25] actor 1099614388245 switch to &NaiveActor::HandlerNormal
I1014 10:28:01.333794   338 thread.cpp:96] Thread 1048576 construct Actor kNormalForward 2199023255591
I1014 10:28:01.333842   334 thread.cpp:96] Thread 524337 construct Actor kTick 1099614388245
I1014 10:28:01.333938   338 runtime_context.cpp:29] DecreaseCounter constructing_actor_cnt, current val is 339
I1014 10:28:01.333950   334 runtime_context.cpp:29] DecreaseCounter constructing_actor_cnt, current val is 338
I1014 10:28:01.334312   334 naive_actor.cpp:25] actor 1099614388247 switch to &NaiveActor::HandlerNormal
I1014 10:28:01.334363   334 thread.cpp:96] Thread 524337 construct Actor kTick 1099614388247
I1014 10:28:01.334439   334 runtime_context.cpp:29] DecreaseCounter constructing_actor_cnt, current val is 337
I1014 10:28:01.334682   338 naive_actor.cpp:25] actor 2199023255558 switch to &NaiveActor::HandlerNormal
I1014 10:28:01.334728   338 thread.cpp:96] Thread 1048576 construct Actor kNormalForward 2199023255558
I1014 10:28:01.334811   338 runtime_context.cpp:29] DecreaseCounter constructing_actor_cnt, current val is 336
I1014 10:28:01.334913   334 naive_actor.cpp:25] actor 1099614388246 switch to &NaiveActor::HandlerNormal
I1014 10:28:01.334964   334 thread.cpp:96] Thread 524337 construct Actor kDstSubsetTick 1099614388246
I1014 10:28:01.335048   334 runtime_context.cpp:29] DecreaseCounter constructing_actor_cnt, current val is 335
I1014 10:28:01.335393   334 naive_actor.cpp:25] actor 1099614388248 switch to &NaiveActor::HandlerNormal
I1014 10:28:01.335448   334 thread.cpp:96] Thread 524337 construct Actor kTick 1099614388248
I1014 10:28:01.335518   334 runtime_context.cpp:29] DecreaseCounter constructing_actor_cnt, current val is 334
I1014 10:28:01.335686   338 naive_actor.cpp:25] actor 2199023255565 switch to &NaiveActor::HandlerNormal
I1014 10:28:01.335741   338 thread.cpp:96] Thread 1048576 construct Actor kNormalForward 2199023255565
I1014 10:28:01.335822   338 runtime_context.cpp:29] DecreaseCounter constructing_actor_cnt, current val is 333
I1014 10:28:01.335906   334 naive_actor.cpp:25] actor 1099614388249 switch to &NaiveActor::HandlerNormal
I1014 10:28:01.335958   334 thread.cpp:96] Thread 524337 construct Actor kTick 1099614388249
I1014 10:28:01.336174   334 runtime_context.cpp:29] DecreaseCounter constructing_actor_cnt, current val is 332
I1014 10:28:01.336509   334 naive_actor.cpp:25] actor 1099614388250 switch to &NaiveActor::HandlerNormal
I1014 10:28:01.336593   334 thread.cpp:96] Thread 524337 construct Actor kDeviceTick 1099614388250
I1014 10:28:01.336666   334 runtime_context.cpp:29] DecreaseCounter constructing_actor_cnt, current val is 331
I1014 10:28:01.336999   334 naive_actor.cpp:25] actor 1099614388251 switch to &NaiveActor::HandlerNormal
I1014 10:28:01.337049   334 thread.cpp:96] Thread 524337 construct Actor kSrcSubsetTick 1099614388251
I1014 10:28:01.337118   334 runtime_context.cpp:29] DecreaseCounter constructing_actor_cnt, current val is 330
I1014 10:28:01.337355   338 naive_actor.cpp:25] actor 2199023255567 switch to &NaiveActor::HandlerNormal
I1014 10:28:01.337411   338 thread.cpp:96] Thread 1048576 construct Actor kNormalForward 2199023255567
I1014 10:28:01.337460   334 naive_actor.cpp:25] actor 1099614388254 switch to &NaiveActor::HandlerNormal
I1014 10:28:01.337492   338 runtime_context.cpp:29] DecreaseCounter constructing_actor_cnt, current val is 329
I1014 10:28:01.337517   334 thread.cpp:96] Thread 524337 construct Actor kTick 1099614388254
I1014 10:28:01.337638   334 runtime_context.cpp:29] DecreaseCounter constructing_actor_cnt, current val is 328
I1014 10:28:01.337841   338 naive_actor.cpp:25] actor 2199023255564 switch to &NaiveActor::HandlerNormal
I1014 10:28:01.337890   338 thread.cpp:96] Thread 1048576 construct Actor kNormalForward 2199023255564
I1014 10:28:01.337961   338 runtime_context.cpp:29] DecreaseCounter constructing_actor_cnt, current val is 327
I1014 10:28:01.337993   334 naive_actor.cpp:25] actor 1099614388256 switch to &NaiveActor::HandlerNormal
I1014 10:28:01.338044   334 thread.cpp:96] Thread 524337 construct Actor kTick 1099614388256
I1014 10:28:01.338127   334 runtime_context.cpp:29] DecreaseCounter constructing_actor_cnt, current val is 326
I1014 10:28:01.338491   334 naive_actor.cpp:25] actor 1099614388255 switch to &NaiveActor::HandlerNormal
I1014 10:28:01.338543   334 thread.cpp:96] Thread 524337 construct Actor kDstSubsetTick 1099614388255
I1014 10:28:01.338665   334 runtime_context.cpp:29] DecreaseCounter constructing_actor_cnt, current val is 325
I1014 10:28:01.338992   334 naive_actor.cpp:25] actor 1099614388257 switch to &NaiveActor::HandlerNormal
I1014 10:28:01.339041   334 thread.cpp:96] Thread 524337 construct Actor kTick 1099614388257
I1014 10:28:01.339115   334 runtime_context.cpp:29] DecreaseCounter constructing_actor_cnt, current val is 324
I1014 10:28:01.339207   338 naive_actor.cpp:25] actor 2199023255574 switch to &NaiveActor::HandlerNormal
I1014 10:28:01.339259   338 thread.cpp:96] Thread 1048576 construct Actor kNormalForward 2199023255574
I1014 10:28:01.339346   338 runtime_context.cpp:29] DecreaseCounter constructing_actor_cnt, current val is 323
I1014 10:28:01.339458   334 naive_actor.cpp:25] actor 1099614388258 switch to &NaiveActor::HandlerNormal
I1014 10:28:01.339507   334 thread.cpp:96] Thread 524337 construct Actor kTick 1099614388258
I1014 10:28:01.339598   334 runtime_context.cpp:29] DecreaseCounter constructing_actor_cnt, current val is 322
I1014 10:28:01.339933   334 naive_actor.cpp:25] actor 1099614388260 switch to &NaiveActor::HandlerNormal
I1014 10:28:01.339984   334 thread.cpp:96] Thread 524337 construct Actor kSrcSubsetTick 1099614388260
I1014 10:28:01.340054   334 runtime_context.cpp:29] DecreaseCounter constructing_actor_cnt, current val is 321
I1014 10:28:01.340380   334 naive_actor.cpp:25] actor 1099614388259 switch to &NaiveActor::HandlerNormal
I1014 10:28:01.340385   338 naive_actor.cpp:25] actor 2199023255559 switch to &NaiveActor::HandlerNormal
I1014 10:28:01.340430   334 thread.cpp:96] Thread 524337 construct Actor kDeviceTick 1099614388259
I1014 10:28:01.340471   338 thread.cpp:96] Thread 1048576 construct Actor kNormalForward 2199023255559
I1014 10:28:01.340534   334 runtime_context.cpp:29] DecreaseCounter constructing_actor_cnt, current val is 320
I1014 10:28:01.340677   338 runtime_context.cpp:29] DecreaseCounter constructing_actor_cnt, current val is 319
I1014 10:28:01.340924   334 naive_actor.cpp:25] actor 1099614388318 switch to &NaiveActor::HandlerNormal
I1014 10:28:01.340978   334 thread.cpp:96] Thread 524337 construct Actor kTick 1099614388318
I1014 10:28:01.341055   334 runtime_context.cpp:29] DecreaseCounter constructing_actor_cnt, current val is 318
I1014 10:28:01.341369   334 naive_actor.cpp:25] actor 1099614388263 switch to &NaiveActor::HandlerNormal
I1014 10:28:01.341413   338 naive_actor.cpp:25] actor 2199023255566 switch to &NaiveActor::HandlerNormal
I1014 10:28:01.341418   334 thread.cpp:96] Thread 524337 construct Actor kTick 1099614388263
I1014 10:28:01.341462   338 thread.cpp:96] Thread 1048576 construct Actor kNormalForward 2199023255566
I1014 10:28:01.341540   334 runtime_context.cpp:29] DecreaseCounter constructing_actor_cnt, current val is 317
I1014 10:28:01.341590   338 runtime_context.cpp:29] DecreaseCounter constructing_actor_cnt, current val is 316
I1014 10:28:01.341943   334 naive_actor.cpp:25] actor 1099614388264 switch to &NaiveActor::HandlerNormal
I1014 10:28:01.341995   334 thread.cpp:96] Thread 524337 construct Actor kDstSubsetTick 1099614388264
I1014 10:28:01.342087   334 runtime_context.cpp:29] DecreaseCounter constructing_actor_cnt, current val is 315
I1014 10:28:01.342417   334 naive_actor.cpp:25] actor 1099614388266 switch to &NaiveActor::HandlerNormal
I1014 10:28:01.342422   338 naive_actor.cpp:25] actor 2199023255560 switch to &NaiveActor::HandlerNormal
I1014 10:28:01.342471   334 thread.cpp:96] Thread 524337 construct Actor kTick 1099614388266
I1014 10:28:01.342511   338 thread.cpp:96] Thread 1048576 construct Actor kNormalForward 2199023255560
I1014 10:28:01.342599   334 runtime_context.cpp:29] DecreaseCounter constructing_actor_cnt, current val is 314
I1014 10:28:01.342643   338 runtime_context.cpp:29] DecreaseCounter constructing_actor_cnt, current val is 313
I1014 10:28:01.342905   334 naive_actor.cpp:25] actor 1099614388265 switch to &NaiveActor::HandlerNormal
I1014 10:28:01.342934   338 naive_actor.cpp:25] actor 2199023255583 switch to &NaiveActor::HandlerNormal
I1014 10:28:01.342957   334 thread.cpp:96] Thread 524337 construct Actor kTick 1099614388265
I1014 10:28:01.342995   338 thread.cpp:96] Thread 1048576 construct Actor kNormalForward 2199023255583
I1014 10:28:01.343081   334 runtime_context.cpp:29] DecreaseCounter constructing_actor_cnt, current val is 312
I1014 10:28:01.343116   338 runtime_context.cpp:29] DecreaseCounter constructing_actor_cnt, current val is 311
I1014 10:28:01.343380   334 naive_actor.cpp:25] actor 1099614388267 switch to &NaiveActor::HandlerNormal
I1014 10:28:01.343436   334 thread.cpp:96] Thread 524337 construct Actor kDeviceTick 1099614388267
I1014 10:28:01.343505   334 runtime_context.cpp:29] DecreaseCounter constructing_actor_cnt, current val is 310
I1014 10:28:01.343814   334 naive_actor.cpp:25] actor 1099614388281 switch to &NaiveActor::HandlerNormal
I1014 10:28:01.343869   334 thread.cpp:96] Thread 524337 construct Actor kTick 1099614388281
I1014 10:28:01.343938   334 runtime_context.cpp:29] DecreaseCounter constructing_actor_cnt, current val is 309
I1014 10:28:01.343998   338 naive_actor.cpp:25] actor 2199023255582 switch to &NaiveActor::HandlerNormal
I1014 10:28:01.344046   338 thread.cpp:96] Thread 1048576 construct Actor kNormalForward 2199023255582
I1014 10:28:01.344127   338 runtime_context.cpp:29] DecreaseCounter constructing_actor_cnt, current val is 308
I1014 10:28:01.344276   334 naive_actor.cpp:25] actor 1099614388282 switch to &NaiveActor::HandlerNormal
I1014 10:28:01.344327   334 thread.cpp:96] Thread 524337 construct Actor kTick 1099614388282
I1014 10:28:01.344396   334 runtime_context.cpp:29] DecreaseCounter constructing_actor_cnt, current val is 307
I1014 10:28:01.344426   338 naive_actor.cpp:25] actor 2199023255585 switch to &NaiveActor::HandlerNormal
I1014 10:28:01.344467   338 thread.cpp:96] Thread 1048576 construct Actor kNormalForward 2199023255585
I1014 10:28:01.344650   338 runtime_context.cpp:29] DecreaseCounter constructing_actor_cnt, current val is 306
I1014 10:28:01.344763   334 naive_actor.cpp:25] actor 1099614388319 switch to &NaiveActor::HandlerNormal
I1014 10:28:01.344812   334 thread.cpp:96] Thread 524337 construct Actor kTick 1099614388319
I1014 10:28:01.344887   334 runtime_context.cpp:29] DecreaseCounter constructing_actor_cnt, current val is 305
I1014 10:28:01.345235   334 naive_actor.cpp:25] actor 1099614388280 switch to &NaiveActor::HandlerNormal
I1014 10:28:01.345286   334 thread.cpp:96] Thread 524337 construct Actor kDstSubsetTick 1099614388280
I1014 10:28:01.345363   334 runtime_context.cpp:29] DecreaseCounter constructing_actor_cnt, current val is 304
I1014 10:28:01.345474   338 naive_actor.cpp:25] actor 2199023255624 switch to &NaiveActor::HandlerNormal
I1014 10:28:01.345523   338 thread.cpp:96] Thread 1048576 construct Actor kNormalForward 2199023255624
I1014 10:28:01.345615   338 runtime_context.cpp:29] DecreaseCounter constructing_actor_cnt, current val is 303
I1014 10:28:01.345710   334 naive_actor.cpp:25] actor 1099614388268 switch to &NaiveActor::HandlerNormal
I1014 10:28:01.345762   334 thread.cpp:96] Thread 524337 construct Actor kSrcSubsetTick 1099614388268
I1014 10:28:01.345831   334 runtime_context.cpp:29] DecreaseCounter constructing_actor_cnt, current val is 302
I1014 10:28:01.346145   334 naive_actor.cpp:25] actor 1099614388271 switch to &NaiveActor::HandlerNormal
I1014 10:28:01.346201   334 thread.cpp:96] Thread 524337 construct Actor kTick 1099614388271
I1014 10:28:01.346272   334 runtime_context.cpp:29] DecreaseCounter constructing_actor_cnt, current val is 301
I1014 10:28:01.346483   338 naive_actor.cpp:25] actor 2199023255584 switch to &NaiveActor::HandlerNormal
I1014 10:28:01.346529   338 thread.cpp:96] Thread 1048576 construct Actor kNormalForward 2199023255584
I1014 10:28:01.346592   334 naive_actor.cpp:25] actor 1099614388315 switch to &NaiveActor::HandlerNormal
I1014 10:28:01.346613   338 runtime_context.cpp:29] DecreaseCounter constructing_actor_cnt, current val is 300
I1014 10:28:01.346642   334 thread.cpp:96] Thread 524337 construct Actor kTick 1099614388315
I1014 10:28:01.346750   334 runtime_context.cpp:29] DecreaseCounter constructing_actor_cnt, current val is 299
I1014 10:28:01.346941   338 naive_actor.cpp:25] actor 2199023255553 switch to &NaiveActor::HandlerNormal
I1014 10:28:01.346985   338 thread.cpp:96] Thread 1048576 construct Actor kNormalForward 2199023255553
I1014 10:28:01.347055   338 runtime_context.cpp:29] DecreaseCounter constructing_actor_cnt, current val is 298
I1014 10:28:01.347087   334 naive_actor.cpp:25] actor 1099614388274 switch to &NaiveActor::HandlerNormal
I1014 10:28:01.347139   334 thread.cpp:96] Thread 524337 construct Actor kTick 1099614388274
I1014 10:28:01.347208   334 runtime_context.cpp:29] DecreaseCounter constructing_actor_cnt, current val is 297
I1014 10:28:01.347348   338 naive_actor.cpp:25] actor 2199023255590 switch to &NaiveActor::HandlerNormal
I1014 10:28:01.347394   338 thread.cpp:96] Thread 1048576 construct Actor kNormalForward 2199023255590
I1014 10:28:01.347467   338 runtime_context.cpp:29] DecreaseCounter constructing_actor_cnt, current val is 296
I1014 10:28:01.347609   334 naive_actor.cpp:25] actor 1099614388272 switch to &NaiveActor::HandlerNormal
I1014 10:28:01.347671   334 thread.cpp:96] Thread 524337 construct Actor kDstSubsetTick 1099614388272
I1014 10:28:01.347748   334 runtime_context.cpp:29] DecreaseCounter constructing_actor_cnt, current val is 295
I1014 10:28:01.348042   334 naive_actor.cpp:25] actor 1099614388273 switch to &NaiveActor::HandlerNormal
I1014 10:28:01.348101   334 thread.cpp:96] Thread 524337 construct Actor kTick 1099614388273
I1014 10:28:01.348166   334 runtime_context.cpp:29] DecreaseCounter constructing_actor_cnt, current val is 294
I1014 10:28:01.348316   338 naive_actor.cpp:25] actor 2199023255577 switch to &NaiveActor::HandlerNormal
I1014 10:28:01.348361   338 thread.cpp:96] Thread 1048576 construct Actor kNormalForward 2199023255577
I1014 10:28:01.348472   334 naive_actor.cpp:25] actor 1099614388279 switch to &NaiveActor::HandlerNormal
I1014 10:28:01.348484   338 runtime_context.cpp:29] DecreaseCounter constructing_actor_cnt, current val is 293
I1014 10:28:01.348563   334 thread.cpp:96] Thread 524337 construct Actor kTick 1099614388279
I1014 10:28:01.348677   334 runtime_context.cpp:29] DecreaseCounter constructing_actor_cnt, current val is 292
I1014 10:28:01.348992   334 naive_actor.cpp:25] actor 1099614388275 switch to &NaiveActor::HandlerNormal
I1014 10:28:01.349040   334 thread.cpp:96] Thread 524337 construct Actor kTick 1099614388275
I1014 10:28:01.349107   334 runtime_context.cpp:29] DecreaseCounter constructing_actor_cnt, current val is 291
I1014 10:28:01.349404   338 naive_actor.cpp:25] actor 2199023255570 switch to &NaiveActor::HandlerNormal
I1014 10:28:01.349409   334 naive_actor.cpp:25] actor 1099614388277 switch to &NaiveActor::HandlerNormal
I1014 10:28:01.349455   338 thread.cpp:96] Thread 1048576 construct Actor kNormalForward 2199023255570
I1014 10:28:01.349491   334 thread.cpp:96] Thread 524337 construct Actor kSrcSubsetTick 1099614388277
I1014 10:28:01.349591   338 runtime_context.cpp:29] DecreaseCounter constructing_actor_cnt, current val is 290
I1014 10:28:01.349597   334 runtime_context.cpp:29] DecreaseCounter constructing_actor_cnt, current val is 289
I1014 10:28:01.349910   334 naive_actor.cpp:25] actor 1099614388286 switch to &NaiveActor::HandlerNormal
I1014 10:28:01.349956   334 thread.cpp:96] Thread 524337 construct Actor kTick 1099614388286
I1014 10:28:01.350021   334 runtime_context.cpp:29] DecreaseCounter constructing_actor_cnt, current val is 288
I1014 10:28:01.350298   334 naive_actor.cpp:25] actor 1099614388297 switch to &NaiveActor::HandlerNormal
I1014 10:28:01.350344   334 thread.cpp:96] Thread 524337 construct Actor kTick 1099614388297
I1014 10:28:01.350360   338 naive_actor.cpp:25] actor 2199023255555 switch to &NaiveActor::HandlerNormal
I1014 10:28:01.350406   334 runtime_context.cpp:29] DecreaseCounter constructing_actor_cnt, current val is 287
I1014 10:28:01.350415   338 thread.cpp:96] Thread 1048576 construct Actor kNormalForward 2199023255555
I1014 10:28:01.350524   338 runtime_context.cpp:29] DecreaseCounter constructing_actor_cnt, current val is 286
I1014 10:28:01.350769   334 naive_actor.cpp:25] actor 1099614388294 switch to &NaiveActor::HandlerNormal
I1014 10:28:01.350813   334 thread.cpp:96] Thread 524337 construct Actor kTick 1099614388294
I1014 10:28:01.350875   334 runtime_context.cpp:29] DecreaseCounter constructing_actor_cnt, current val is 285
I1014 10:28:01.351191   334 naive_actor.cpp:25] actor 1099614388287 switch to &NaiveActor::HandlerNormal
I1014 10:28:01.351236   334 thread.cpp:96] Thread 524337 construct Actor kTick 1099614388287
I1014 10:28:01.351305   334 runtime_context.cpp:29] DecreaseCounter constructing_actor_cnt, current val is 284
I1014 10:28:01.351389   338 naive_actor.cpp:25] actor 2199023255568 switch to &NaiveActor::HandlerNormal
I1014 10:28:01.351441   338 thread.cpp:96] Thread 1048576 construct Actor kNormalForward 2199023255568
I1014 10:28:01.351527   338 runtime_context.cpp:29] DecreaseCounter constructing_actor_cnt, current val is 283
I1014 10:28:01.351671   334 reentrant_lock_actor.cpp:76] actor 1099614388283 switch to &ReentrantLockActor::HandlerNormal
I1014 10:28:01.351719   334 thread.cpp:96] Thread 524337 construct Actor kReentrantLock 1099614388283
I1014 10:28:01.351796   334 runtime_context.cpp:29] DecreaseCounter constructing_actor_cnt, current val is 282
I1014 10:28:01.352114   334 naive_actor.cpp:25] actor 1099614388293 switch to &NaiveActor::HandlerNormal
I1014 10:28:01.352164   334 thread.cpp:96] Thread 524337 construct Actor kTick 1099614388293
I1014 10:28:01.352231   334 runtime_context.cpp:29] DecreaseCounter constructing_actor_cnt, current val is 281
I1014 10:28:01.352355   338 naive_actor.cpp:25] actor 2199023255603 switch to &NaiveActor::HandlerNormal
I1014 10:28:01.352403   338 thread.cpp:96] Thread 1048576 construct Actor kNormalForward 2199023255603
I1014 10:28:01.352532   334 naive_actor.cpp:25] actor 1099614388289 switch to &NaiveActor::HandlerNormal
I1014 10:28:01.352560   338 runtime_context.cpp:29] DecreaseCounter constructing_actor_cnt, current val is 280
I1014 10:28:01.352579   334 thread.cpp:96] Thread 524337 construct Actor kTick 1099614388289
I1014 10:28:01.352686   334 runtime_context.cpp:29] DecreaseCounter constructing_actor_cnt, current val is 279
I1014 10:28:01.352875   338 naive_actor.cpp:25] actor 2199023255576 switch to &NaiveActor::HandlerNormal
I1014 10:28:01.352924   338 thread.cpp:96] Thread 1048576 construct Actor kNormalForward 2199023255576
I1014 10:28:01.353027   334 naive_actor.cpp:25] actor 1099614388288 switch to &NaiveActor::HandlerNormal
