Log file created at: 2021/10/12 16:54:47
Running on machine: oneflow-14
Log line format: [IWEF]mmdd hh:mm:ss.uuuuuu threadid file:line] msg
I1012 16:54:47.406478 28794 global.h:36] NewGlobal 14cudaDeviceProp
I1012 16:54:47.407403 28794 global.h:36] NewGlobal N7oneflow7EnvDescE
I1012 16:54:47.407454 28794 global.h:36] NewGlobal N7oneflow10ProcessCtxE
I1012 16:54:47.407467 28794 env_global_objects_scope.cpp:152] using rpc backend: local
I1012 16:54:47.407541 28794 global.h:36] NewGlobal N7oneflow12ResourceDescE
I1012 16:54:47.407557 28794 global.h:36] NewGlobal N7oneflow12ResourceDescE
I1012 16:54:47.473510 28794 global.h:36] NewGlobal N7oneflow10ThreadPoolE
I1012 16:54:47.474603 28794 global.h:36] NewGlobal N7oneflow16EagerNcclCommMgrE
I1012 16:54:47.474618 28794 global.h:36] NewGlobal N7oneflow18CudnnConvAlgoCacheE
I1012 16:54:47.474627 28794 global.h:36] NewGlobal N7oneflow2vm19VirtualMachineScopeE
I1012 16:54:47.474635 28794 global.h:36] NewGlobal N7oneflow9OneflowVME
I1012 16:54:47.475410 28794 oneflow_vm.cpp:75] transport stream type: N7oneflow2vm13CpuStreamTypeE
I1012 16:54:47.475432 28794 oneflow_vm.cpp:75] transport stream type: N7oneflow2vm14CudaStreamTypeE
I1012 16:54:47.475440 28794 oneflow_vm.cpp:75] transport stream type: N7oneflow2vm19AsyncCudaStreamTypeE
I1012 16:54:47.475566 28794 global.h:36] NewGlobal N7oneflow27EagerJobBuildAndInferCtxMgrE
I1012 16:54:47.475579 28794 global.h:36] NewGlobal N7oneflow12EpollCommNetE
I1012 16:54:47.475697 28794 epoll_comm_network.cpp:63] CommNet:Epoll listening on 0.0.0.0:39686
I1012 16:54:47.475728 28794 epoll_comm_network.cpp:197] machine 0 sockfd -1
I1012 16:54:47.475829 28794 global.h:36] NewGlobal N7oneflow9TransportE
I1012 16:54:47.477392 28794 global.h:43] DeleteGlobal N7oneflow12ResourceDescE
I1012 16:54:47.477416 28794 version.cpp:22] OneFlow git version: b295ca2324
I1012 16:54:47.477438 28794 device_register_gpu.cpp:56] CUDA runtime version: 11.2
I1012 16:54:47.477464 28794 device_register_gpu.cpp:65] cuDNN version: 8.1.1
I1012 16:54:47.477474 28794 device_register_gpu.cpp:78] NCCL version: 2.9.8
I1012 16:54:47.477483 28794 global.h:36] NewGlobal N7oneflow12ResourceDescE
I1012 16:54:47.477488 28794 global.h:36] NewGlobal N7oneflow5IDMgrE
I1012 16:54:47.477504 28794 global.h:36] NewGlobal N7oneflow16AvailableMemDescE
I1012 16:54:47.477526 28794 global.h:36] NewGlobal St13unordered_mapISslSt4hashISsESt8equal_toISsESaISt4pairIKSslEEE
I1012 16:54:47.477533 28794 global.h:36] NewGlobal N7oneflow19CriticalSectionDescE
I1012 16:54:47.477538 28794 global.h:36] NewGlobal N7oneflow16InterUserJobInfoE
I1012 16:54:47.477546 28794 global.h:36] NewGlobal N7oneflow26LazyJobBuildAndInferCtxMgrE
I1012 16:54:47.477552 28794 global.h:36] NewGlobal N7oneflow16JobSetCompileCtxE
I1012 16:54:47.477558 28794 global.h:36] NewGlobal N7oneflow26RuntimeBufferManagersScopeE
I1012 16:54:47.477564 28794 global.h:36] NewGlobal N7oneflow9BufferMgrIlEE
I1012 16:54:47.477571 28794 global.h:36] NewGlobal N7oneflow9BufferMgrISt10shared_ptrINS_11JobInstanceEEEE
I1012 16:54:47.477577 28794 global.h:36] NewGlobal N7oneflow10RuntimeCtxE
I1012 16:54:47.477582 28794 global.h:36] NewGlobal N7oneflow15MemoryAllocatorE
I1012 16:54:47.477588 28794 global.h:36] NewGlobal N7oneflow8ChunkMgrE
I1012 16:54:47.477593 28794 global.h:36] NewGlobal N7oneflow8RegstMgrE
I1012 16:54:47.477599 28794 global.h:36] NewGlobal N7oneflow11ActorMsgBusE
I1012 16:54:47.477605 28794 global.h:36] NewGlobal N7oneflow9ThreadMgrE
I1012 16:54:47.477610 28794 global.h:36] NewGlobal N7oneflow15RuntimeJobDescsE
I1012 16:54:47.477617 28794 global.h:36] NewGlobal N7oneflow7summary12EventsWriterE
I1012 16:54:47.477624 28794 global.h:36] NewGlobal N7oneflow6boxing10collective24CollectiveBoxingExecutorE
I1012 16:54:47.477630 28794 global.h:36] NewGlobal N7oneflow6boxing10collective31CollectiveBoxingDeviceCtxPollerE
I1012 16:54:47.477744 28794 session.h:77] NewGlobal N7oneflow25SessionGlobalObjectsScopeE
I1012 16:54:47.478379 28794 global.h:36] NewGlobal N7oneflow7JobDescE
I1012 16:54:47.948415 28794 global.h:43] DeleteGlobal N7oneflow7JobDescE
I1012 16:54:47.948626 28794 global.h:36] NewGlobal N7oneflow7JobDescE
I1012 16:54:47.951928 28794 global.h:36] NewGlobal N7oneflow7OpGraphE
I1012 16:54:47.959654 28794 global.h:43] DeleteGlobal N7oneflow7OpGraphE
I1012 16:54:48.277384 28794 global.h:43] DeleteGlobal N7oneflow7JobDescE
I1012 16:54:48.296106 28794 global.h:36] NewGlobal N7oneflow24InterJobReuseMemStrategyE
I1012 16:54:48.296131 28794 global.h:36] NewGlobal N7oneflow7OneflowE
I1012 16:54:48.309465 28794 global.h:36] NewGlobal N7oneflow7JobDescE
I1012 16:54:48.588694 28794 insert_nccl_logical_op_pass.cpp:663]  Try insert nccl logical ops into job: train_job. Begin...
I1012 16:54:48.589392 28794 insert_nccl_logical_op_pass.cpp:432]  insert nccl op: System-NCCL-Logical-S2B-114 from: [IdentityN_5](order=0, nd_sbp=[S(0)])->[ParallelCast_6](order=2, nd_sbp=[B]) and before: [System-Boxing-Identity-93](order=1)
I1012 16:54:48.589483 28794 insert_nccl_logical_op_pass.cpp:432]  insert nccl op: System-NCCL-Logical-S2B-115 from: [IdentityN_5](order=0, nd_sbp=[S(0)])->[ParallelCast_11](order=3, nd_sbp=[B]) and before: [System-Boxing-Identity-93](order=1)
I1012 16:54:48.589622 28794 insert_nccl_logical_op_pass.cpp:432]  insert nccl op: System-NCCL-Logical-S2S-116 from: [Gather_12](order=5, nd_sbp=[S(2)])->[Reshape_14](order=7, nd_sbp=[S(0)]) and before: [Reshape_8](order=6)
I1012 16:54:48.589735 28794 insert_nccl_logical_op_pass.cpp:432]  insert nccl op: System-NCCL-Logical-P2S-117 from: [ReduceSum_9](order=8, nd_sbp=[P])->[AddN_23](order=47, nd_sbp=[S(0)]) and before: [Concat_15](order=9)
I1012 16:54:48.590241 28794 insert_nccl_logical_op_pass.cpp:432]  insert nccl op: System-NCCL-Logical-S2B-118 from: [SigmoidCrossEntropy_24_grad](order=51, nd_sbp=[S(0)])->[ReduceSum_9_grad](order=56, nd_sbp=[B]) and before: [ScalarMul_26](order=52)
I1012 16:54:48.590322 28794 insert_nccl_logical_op_pass.cpp:432]  insert nccl op: System-NCCL-Logical-P2B-119 from: [deep_scores-matmul_grad_b](order=53, nd_sbp=[P])->[System-ModelDiffScale-ScalarMul_66](order=57, nd_sbp=[B]) and before: [deep_scores-bias_add_grad](order=54)
I1012 16:54:48.590389 28794 insert_nccl_logical_op_pass.cpp:432]  insert nccl op: System-NCCL-Logical-P2B-120 from: [deep_scores-bias_add_grad](order=54, nd_sbp=[P])->[System-ModelDiffScale-ScalarMul_78](order=58, nd_sbp=[B]) and before: [deep_scores-matmul_grad_a](order=55)
I1012 16:54:48.590519 28794 insert_nccl_logical_op_pass.cpp:432]  insert nccl op: System-NCCL-Logical-P2B-121 from: [fc6-matmul_grad_b](order=65, nd_sbp=[P])->[System-ModelDiffScale-ScalarMul_70](order=69, nd_sbp=[B]) and before: [fc6-bias_add_grad](order=66)
I1012 16:54:48.590580 28794 insert_nccl_logical_op_pass.cpp:432]  insert nccl op: System-NCCL-Logical-P2B-122 from: [fc6-bias_add_grad](order=66, nd_sbp=[P])->[System-ModelDiffScale-ScalarMul_69](order=70, nd_sbp=[B]) and before: [fc6-matmul_grad_a](order=67)
I1012 16:54:48.590693 28794 insert_nccl_logical_op_pass.cpp:432]  insert nccl op: System-NCCL-Logical-P2B-123 from: [fc5-bias_add_grad](order=76, nd_sbp=[P])->[System-ModelDiffScale-ScalarMul_71](order=79, nd_sbp=[B]) and before: [fc5-matmul_grad_b](order=77)
I1012 16:54:48.590759 28794 insert_nccl_logical_op_pass.cpp:432]  insert nccl op: System-NCCL-Logical-P2B-124 from: [fc5-matmul_grad_b](order=77, nd_sbp=[P])->[System-ModelDiffScale-ScalarMul_68](order=80, nd_sbp=[B]) and before: [fc5-matmul_grad_a](order=78)
I1012 16:54:48.590863 28794 insert_nccl_logical_op_pass.cpp:432]  insert nccl op: System-NCCL-Logical-P2B-125 from: [fc4-matmul_grad_b](order=85, nd_sbp=[P])->[System-ModelDiffScale-ScalarMul_74](order=88, nd_sbp=[B]) and before: [fc4-bias_add_grad](order=86)
I1012 16:54:48.590921 28794 insert_nccl_logical_op_pass.cpp:432]  insert nccl op: System-NCCL-Logical-P2B-126 from: [fc4-bias_add_grad](order=86, nd_sbp=[P])->[System-ModelDiffScale-ScalarMul_79](order=89, nd_sbp=[B]) and before: [fc4-matmul_grad_a](order=87)
I1012 16:54:48.591022 28794 insert_nccl_logical_op_pass.cpp:432]  insert nccl op: System-NCCL-Logical-P2B-127 from: [fc3-matmul_grad_b](order=94, nd_sbp=[P])->[System-ModelDiffScale-ScalarMul_67](order=97, nd_sbp=[B]) and before: [fc3-bias_add_grad](order=95)
I1012 16:54:48.591157 28794 insert_nccl_logical_op_pass.cpp:432]  insert nccl op: System-NCCL-Logical-P2B-128 from: [fc3-bias_add_grad](order=95, nd_sbp=[P])->[System-ModelDiffScale-ScalarMul_82](order=98, nd_sbp=[B]) and before: [fc3-matmul_grad_a](order=96)
I1012 16:54:48.591267 28794 insert_nccl_logical_op_pass.cpp:432]  insert nccl op: System-NCCL-Logical-P2B-129 from: [fc2-matmul_grad_b](order=103, nd_sbp=[P])->[System-ModelDiffScale-ScalarMul_77](order=106, nd_sbp=[B]) and before: [fc2-bias_add_grad](order=104)
I1012 16:54:48.591342 28794 insert_nccl_logical_op_pass.cpp:432]  insert nccl op: System-NCCL-Logical-P2B-130 from: [fc2-bias_add_grad](order=104, nd_sbp=[P])->[System-ModelDiffScale-ScalarMul_73](order=107, nd_sbp=[B]) and before: [fc2-matmul_grad_a](order=105)
I1012 16:54:48.591456 28794 insert_nccl_logical_op_pass.cpp:432]  insert nccl op: System-NCCL-Logical-P2B-131 from: [fc1-matmul_grad_b](order=112, nd_sbp=[P])->[System-ModelDiffScale-ScalarMul_81](order=115, nd_sbp=[B]) and before: [fc1-bias_add_grad](order=113)
I1012 16:54:48.591516 28794 insert_nccl_logical_op_pass.cpp:432]  insert nccl op: System-NCCL-Logical-P2B-132 from: [fc1-bias_add_grad](order=113, nd_sbp=[P])->[System-ModelDiffScale-ScalarMul_65](order=116, nd_sbp=[B]) and before: [fc1-matmul_grad_a](order=114)
I1012 16:54:48.591617 28794 insert_nccl_logical_op_pass.cpp:432]  insert nccl op: System-NCCL-Logical-P2B-133 from: [fc0-matmul_grad_b](order=121, nd_sbp=[P])->[System-ModelDiffScale-ScalarMul_75](order=124, nd_sbp=[B]) and before: [fc0-bias_add_grad](order=122)
I1012 16:54:48.591678 28794 insert_nccl_logical_op_pass.cpp:432]  insert nccl op: System-NCCL-Logical-P2B-134 from: [fc0-bias_add_grad](order=122, nd_sbp=[P])->[System-ModelDiffScale-ScalarMul_72](order=125, nd_sbp=[B]) and before: [fc0-matmul_grad_a](order=123)
I1012 16:54:48.591779 28794 insert_nccl_logical_op_pass.cpp:432]  insert nccl op: System-NCCL-Logical-S2S-135 from: [Reshape_14_grad](order=129, nd_sbp=[S(0)])->[Gather_12_grad](order=130, nd_sbp=[S(2)]) and before: [Gather_12_grad](order=130)
I1012 16:54:48.591827 28794 insert_nccl_logical_op_pass.cpp:699]  Try insert nccl logical ops into job: train_job. ...End

I1012 16:54:48.653726 28794 global.h:36] NewGlobal N7oneflow7OpGraphE
I1012 16:54:48.787312 28794 global.h:43] DeleteGlobal N7oneflow7OpGraphE
I1012 16:54:48.800999 28794 oneflow.cpp:210] 
job_id: 0 , job_name: train_job , compile time: 0.491487 seconds.
I1012 16:54:48.879942 28794 global.h:43] DeleteGlobal N7oneflow7JobDescE
I1012 16:54:48.880281 28794 global.h:36] NewGlobal N7oneflow7JobDescE
I1012 16:54:48.928764 28794 global.h:36] NewGlobal N7oneflow7OpGraphE
I1012 16:54:48.950863 28794 global.h:43] DeleteGlobal N7oneflow7OpGraphE
I1012 16:54:48.955487 28794 oneflow.cpp:210] 
job_id: 1 , job_name: System-ModelInit , compile time: 0.0747917 seconds.
I1012 16:54:48.969993 28794 global.h:43] DeleteGlobal N7oneflow7JobDescE
I1012 16:54:48.970021 28794 global.h:36] NewGlobal N7oneflow7JobDescE
I1012 16:54:49.016033 28794 global.h:36] NewGlobal N7oneflow7OpGraphE
I1012 16:54:49.037384 28794 global.h:43] DeleteGlobal N7oneflow7OpGraphE
I1012 16:54:49.041339 28794 oneflow.cpp:210] 
job_id: 2 , job_name: System-ModelLoad , compile time: 0.0712996 seconds.
I1012 16:54:49.055814 28794 global.h:43] DeleteGlobal N7oneflow7JobDescE
I1012 16:54:49.055842 28794 global.h:36] NewGlobal N7oneflow7JobDescE
I1012 16:54:49.100741 28794 global.h:36] NewGlobal N7oneflow7OpGraphE
I1012 16:54:49.121738 28794 global.h:43] DeleteGlobal N7oneflow7OpGraphE
I1012 16:54:49.126344 28794 oneflow.cpp:210] 
job_id: 3 , job_name: System-ModelSave , compile time: 0.0704855 seconds.
I1012 16:54:49.142171 28794 global.h:43] DeleteGlobal N7oneflow7JobDescE
I1012 16:54:49.142200 28794 global.h:36] NewGlobal N7oneflow7JobDescE
I1012 16:54:49.152177 28794 global.h:36] NewGlobal N7oneflow7OpGraphE
I1012 16:54:49.156615 28794 global.h:43] DeleteGlobal N7oneflow7OpGraphE
I1012 16:54:49.158596 28794 oneflow.cpp:210] 
job_id: 4 , job_name: System-Pull-Return_27 , compile time: 0.0163781 seconds.
I1012 16:54:49.162992 28794 global.h:43] DeleteGlobal N7oneflow7JobDescE
I1012 16:54:49.169865 28794 global.h:36] NewGlobal N7oneflow7JobDescE
I1012 16:54:49.169899 28794 global.h:36] NewGlobal N7oneflow7OpGraphE
I1012 16:54:49.175499 28794 global.h:43] DeleteGlobal N7oneflow7OpGraphE
I1012 16:54:49.178954 28794 oneflow.cpp:210] 
job_id: 5 , job_name: MainJob-unamed , compile time: 0.00906394 seconds.
I1012 16:54:49.186007 28794 global.h:43] DeleteGlobal N7oneflow7JobDescE
I1012 16:54:49.191149 28794 plan_util.cpp:928]  Plan: merged_plan needs to allocate [ 724.646 MiB ] device memory in Rank: 0 , Device: 1
I1012 16:54:49.191174 28794 plan_util.cpp:928]  Plan: merged_plan needs to allocate [ 724.647 MiB ] device memory in Rank: 0 , Device: 0
I1012 16:54:49.344247 28794 oneflow.cpp:998]  PushPlan merged_plan time: 0.0152755 seconds.
I1012 16:54:49.389690 28794 oneflow.cpp:1014]  PullPlan merged_plan time: 0.0406587 seconds.
I1012 16:54:54.906546 28794 runtime_context.cpp:21] NewCounter constructing_actor_cnt 781
I1012 16:54:54.908238 29403 naive_actor.cpp:25] actor 2207613190314 switch to &NaiveActor::HandlerNormal
I1012 16:54:54.908318 29388 naive_actor.cpp:25] actor 1099614388241 switch to &NaiveActor::HandlerNormal
I1012 16:54:54.908337 29403 thread.cpp:96] Thread 1052672 construct Actor kDeviceTick 2207613190314
I1012 16:54:54.908337 29392 naive_actor.cpp:25] actor 2199023255722 switch to &NaiveActor::HandlerNormal
I1012 16:54:54.908385 29388 thread.cpp:96] Thread 524337 construct Actor kDeviceTick 1099614388241
I1012 16:54:54.908532 29403 runtime_context.cpp:29] DecreaseCounter constructing_actor_cnt, current val is 780
I1012 16:54:54.908609 29392 thread.cpp:96] Thread 1048576 construct Actor kDeviceTick 2199023255722
I1012 16:54:54.908746 29388 runtime_context.cpp:29] DecreaseCounter constructing_actor_cnt, current val is 779
I1012 16:54:54.908807 29392 runtime_context.cpp:29] DecreaseCounter constructing_actor_cnt, current val is 778
I1012 16:54:54.908960 29403 naive_actor.cpp:25] actor 2207613190375 switch to &NaiveActor::HandlerNormal
I1012 16:54:54.909015 29388 naive_actor.cpp:25] actor 1099614388230 switch to &NaiveActor::HandlerNormal
I1012 16:54:54.909040 29403 thread.cpp:96] Thread 1052672 construct Actor kDeviceTick 2207613190375
I1012 16:54:54.908984 29389 wait_and_send_ids_actor.cpp:53] actor 1099616485376 switch to &WaitAndSendIdsActor::HandlerWaitToStart
I1012 16:54:54.909104 29392 naive_actor.cpp:25] actor 2199023255783 switch to &NaiveActor::HandlerNormal
I1012 16:54:54.909181 29389 thread.cpp:96] Thread 524338 construct Actor kWaitAndSendIds 1099616485376
I1012 16:54:54.909200 29392 thread.cpp:96] Thread 1048576 construct Actor kDeviceTick 2199023255783
I1012 16:54:54.909142 29403 runtime_context.cpp:29] DecreaseCounter constructing_actor_cnt, current val is 777
I1012 16:54:54.909056 29388 thread.cpp:96] Thread 524337 construct Actor kDeviceTick 1099614388230
I1012 16:54:54.909327 29389 runtime_context.cpp:29] DecreaseCounter constructing_actor_cnt, current val is 776
I1012 16:54:54.909327 29392 runtime_context.cpp:29] DecreaseCounter constructing_actor_cnt, current val is 775
I1012 16:54:54.909373 29388 runtime_context.cpp:29] DecreaseCounter constructing_actor_cnt, current val is 774
I1012 16:54:54.909554 29403 naive_actor.cpp:25] actor 2207613190414 switch to &NaiveActor::HandlerNormal
I1012 16:54:54.909591 29403 thread.cpp:96] Thread 1052672 construct Actor kDeviceTick 2207613190414
I1012 16:54:54.909627 29392 naive_actor.cpp:25] actor 2199023255822 switch to &NaiveActor::HandlerNormal
I1012 16:54:54.909663 29392 thread.cpp:96] Thread 1048576 construct Actor kDeviceTick 2199023255822
I1012 16:54:54.909660 29388 naive_actor.cpp:25] actor 1099614388232 switch to &NaiveActor::HandlerNormal
I1012 16:54:54.909659 29403 runtime_context.cpp:29] DecreaseCounter constructing_actor_cnt, current val is 773
I1012 16:54:54.909714 29388 thread.cpp:96] Thread 524337 construct Actor kDeviceTick 1099614388232
I1012 16:54:54.909719 29392 runtime_context.cpp:29] DecreaseCounter constructing_actor_cnt, current val is 772
I1012 16:54:54.909811 29388 runtime_context.cpp:29] DecreaseCounter constructing_actor_cnt, current val is 771
I1012 16:54:54.909983 29403 naive_actor.cpp:25] actor 2207613190453 switch to &NaiveActor::HandlerNormal
I1012 16:54:54.910024 29403 thread.cpp:96] Thread 1052672 construct Actor kDeviceTick 2207613190453
I1012 16:54:54.910118 29403 runtime_context.cpp:29] DecreaseCounter constructing_actor_cnt, current val is 770
I1012 16:54:54.910193 29392 naive_actor.cpp:25] actor 2199023255861 switch to &NaiveActor::HandlerNormal
I1012 16:54:54.910212 29388 naive_actor.cpp:25] actor 1099614388231 switch to &NaiveActor::HandlerNormal
I1012 16:54:54.910252 29392 thread.cpp:96] Thread 1048576 construct Actor kDeviceTick 2199023255861
I1012 16:54:54.910280 29388 thread.cpp:96] Thread 524337 construct Actor kDeviceTick 1099614388231
I1012 16:54:54.910336 29392 runtime_context.cpp:29] DecreaseCounter constructing_actor_cnt, current val is 769
I1012 16:54:54.910351 29388 runtime_context.cpp:29] DecreaseCounter constructing_actor_cnt, current val is 768
I1012 16:54:54.910604 29388 naive_actor.cpp:25] actor 1099614388240 switch to &NaiveActor::HandlerNormal
I1012 16:54:54.910637 29388 thread.cpp:96] Thread 524337 construct Actor kDeviceTick 1099614388240
I1012 16:54:54.910687 29388 runtime_context.cpp:29] DecreaseCounter constructing_actor_cnt, current val is 767
I1012 16:54:54.910951 29388 naive_actor.cpp:25] actor 1099614388251 switch to &NaiveActor::HandlerNormal
I1012 16:54:54.910984 29388 thread.cpp:96] Thread 524337 construct Actor kDeviceTick 1099614388251
I1012 16:54:54.911033 29388 runtime_context.cpp:29] DecreaseCounter constructing_actor_cnt, current val is 766
I1012 16:54:54.911273 29388 naive_actor.cpp:25] actor 1099614388260 switch to &NaiveActor::HandlerNormal
I1012 16:54:54.911306 29388 thread.cpp:96] Thread 524337 construct Actor kDeviceTick 1099614388260
I1012 16:54:54.911357 29388 runtime_context.cpp:29] DecreaseCounter constructing_actor_cnt, current val is 765
I1012 16:54:54.911715 29388 naive_actor.cpp:25] actor 1099614388269 switch to &NaiveActor::HandlerNormal
I1012 16:54:54.911748 29388 thread.cpp:96] Thread 524337 construct Actor kDeviceTick 1099614388269
I1012 16:54:54.911798 29388 runtime_context.cpp:29] DecreaseCounter constructing_actor_cnt, current val is 764
I1012 16:54:54.912029 29388 naive_actor.cpp:25] actor 1099614388278 switch to &NaiveActor::HandlerNormal
I1012 16:54:54.912062 29388 thread.cpp:96] Thread 524337 construct Actor kDeviceTick 1099614388278
I1012 16:54:54.912111 29388 runtime_context.cpp:29] DecreaseCounter constructing_actor_cnt, current val is 763
I1012 16:54:54.912359 29388 naive_actor.cpp:25] actor 1099614388289 switch to &NaiveActor::HandlerNormal
I1012 16:54:54.912392 29388 thread.cpp:96] Thread 524337 construct Actor kDeviceTick 1099614388289
I1012 16:54:54.912451 29388 runtime_context.cpp:29] DecreaseCounter constructing_actor_cnt, current val is 762
I1012 16:54:54.912711 29388 naive_actor.cpp:25] actor 1099614388286 switch to &NaiveActor::HandlerNormal
I1012 16:54:54.912744 29388 thread.cpp:96] Thread 524337 construct Actor kDeviceTick 1099614388286
I1012 16:54:54.912793 29388 runtime_context.cpp:29] DecreaseCounter constructing_actor_cnt, current val is 761
I1012 16:54:54.913043 29388 naive_actor.cpp:25] actor 1099614388287 switch to &NaiveActor::HandlerNormal
I1012 16:54:54.913076 29388 thread.cpp:96] Thread 524337 construct Actor kDeviceTick 1099614388287
I1012 16:54:54.913125 29388 runtime_context.cpp:29] DecreaseCounter constructing_actor_cnt, current val is 760
I1012 16:54:54.932044 29396 naive_actor.cpp:25] actor 2199027449856 switch to &NaiveActor::HandlerNormal
I1012 16:54:54.932168 29405 naive_actor.cpp:25] actor 2207615287299 switch to &NaiveActor::HandlerNormal
I1012 16:54:54.932230 29396 thread.cpp:96] Thread 1048578 construct Actor kCopyHd 2199027449856
I1012 16:54:54.932312 29405 thread.cpp:96] Thread 1052673 construct Actor kSliceBoxing 2207615287299
I1012 16:54:54.932374 29388 naive_actor.cpp:25] actor 1099614388237 switch to &NaiveActor::HandlerNormal
I1012 16:54:54.932379 29396 runtime_context.cpp:29] DecreaseCounter constructing_actor_cnt, current val is 759
I1012 16:54:54.932507 29377 naive_actor.cpp:25] actor 1099570348032 switch to &NaiveActor::HandlerNormal
I1012 16:54:54.932550 29405 runtime_context.cpp:29] DecreaseCounter constructing_actor_cnt, current val is 758
I1012 16:54:54.932674 29387 naive_actor.cpp:25] actor 1099591319552 switch to &NaiveActor::HandlerNormal
I1012 16:54:54.932691 29388 thread.cpp:96] Thread 524337 construct Actor kTick 1099614388237
I1012 16:54:54.932749 29384 naive_actor.cpp:25] actor 1099585028096 switch to &NaiveActor::HandlerNormal
I1012 16:54:54.933137 29388 runtime_context.cpp:29] DecreaseCounter constructing_actor_cnt, current val is 757
I1012 16:54:54.932751 29385 naive_actor.cpp:25] actor 1099587125248 switch to &NaiveActor::HandlerNormal
I1012 16:54:54.932752 29381 naive_actor.cpp:25] actor 1099578736640 switch to &NaiveActor::HandlerNormal
I1012 16:54:54.932875 29377 thread.cpp:96] Thread 524316 construct Actor kNormalForward 1099570348032
I1012 16:54:54.933025 29387 thread.cpp:96] Thread 524326 construct Actor kForeignOutput 1099591319552
I1012 16:54:54.933096 29375 naive_actor.cpp:25] actor 1099566153728 switch to &NaiveActor::HandlerNormal
I1012 16:54:54.933650 29387 runtime_context.cpp:29] DecreaseCounter constructing_actor_cnt, current val is 755
I1012 16:54:54.933259 29385 thread.cpp:96] Thread 524324 construct Actor kNormalForward 1099587125248
I1012 16:54:54.933925 29386 naive_actor.cpp:25] actor 1099589222400 switch to &NaiveActor::HandlerNormal
I1012 16:54:54.934051 29380 naive_actor.cpp:25] actor 1099576639488 switch to &NaiveActor::HandlerNormal
I1012 16:54:54.933396 29374 naive_actor.cpp:25] actor 1099564056576 switch to &NaiveActor::HandlerNormal
I1012 16:54:54.933502 29377 runtime_context.cpp:29] DecreaseCounter constructing_actor_cnt, current val is 756
I1012 16:54:54.933547 29394 naive_actor.cpp:25] actor 2199025352708 switch to &NaiveActor::HandlerNormal
I1012 16:54:54.933578 29357 naive_actor.cpp:25] actor 1099528404992 switch to &NaiveActor::HandlerNormal
I1012 16:54:54.933604 29360 naive_actor.cpp:25] actor 1099534696448 switch to &NaiveActor::HandlerNormal
I1012 16:54:54.933650 29375 thread.cpp:96] Thread 524314 construct Actor kNormalForward 1099566153728
I1012 16:54:54.933926 29385 runtime_context.cpp:29] DecreaseCounter constructing_actor_cnt, current val is 754
I1012 16:54:54.934566 29383 naive_actor.cpp:25] actor 1099582930944 switch to &NaiveActor::HandlerNormal
I1012 16:54:54.934046 29390 sink_actor.cpp:21] actor 1099618582528 switch to &SinkActor::HandlerNormal
I1012 16:54:54.934670 29370 naive_actor.cpp:25] actor 1099555667968 switch to &NaiveActor::HandlerNormal
I1012 16:54:54.934074 29386 thread.cpp:96] Thread 524325 construct Actor kNormalForward 1099589222400
I1012 16:54:54.934723 29388 naive_actor.cpp:25] actor 1099614388226 switch to &NaiveActor::HandlerNormal
I1012 16:54:54.934116 29354 naive_actor.cpp:25] actor 1099522113536 switch to &NaiveActor::HandlerNormal
I1012 16:54:54.934124 29380 thread.cpp:96] Thread 524319 construct Actor kNormalForward 1099576639488
I1012 16:54:54.933349 29381 thread.cpp:96] Thread 524320 construct Actor kNormalForward 1099578736640
I1012 16:54:54.934219 29374 thread.cpp:96] Thread 524313 construct Actor kNormalForward 1099564056576
I1012 16:54:54.934247 29356 naive_actor.cpp:25] actor 1099526307840 switch to &NaiveActor::HandlerNormal
I1012 16:54:54.934307 29394 thread.cpp:96] Thread 1048577 construct Actor kSliceBoxing 2199025352708
I1012 16:54:54.935228 29363 naive_actor.cpp:25] actor 1099540987904 switch to &NaiveActor::HandlerNormal
I1012 16:54:54.934358 29357 thread.cpp:96] Thread 524296 construct Actor kNormalForward 1099528404992
I1012 16:54:54.934396 29364 naive_actor.cpp:25] actor 1099543085056 switch to &NaiveActor::HandlerNormal
I1012 16:54:54.935472 29357 runtime_context.cpp:29] DecreaseCounter constructing_actor_cnt, current val is 747
I1012 16:54:54.935534 29353 naive_actor.cpp:25] actor 1099520016384 switch to &NaiveActor::HandlerNormal
I1012 16:54:54.935704 29353 thread.cpp:96] Thread 524292 construct Actor kNormalForward 1099520016384
I1012 16:54:54.933156 29384 thread.cpp:96] Thread 524323 construct Actor kNormalForward 1099585028096
I1012 16:54:54.934604 29375 runtime_context.cpp:29] DecreaseCounter constructing_actor_cnt, current val is 753
I1012 16:54:54.934657 29383 thread.cpp:96] Thread 524322 construct Actor kNormalForward 1099582930944
I1012 16:54:54.934695 29390 thread.cpp:96] Thread 524339 construct Actor kCallbackNotify 1099618582528
I1012 16:54:54.936153 29361 naive_actor.cpp:25] actor 1099536793600 switch to &NaiveActor::HandlerNormal
I1012 16:54:54.936216 29361 thread.cpp:96] Thread 524300 construct Actor kNormalForward 1099536793600
I1012 16:54:54.936242 29390 runtime_context.cpp:29] DecreaseCounter constructing_actor_cnt, current val is 743
I1012 16:54:54.934711 29405 naive_actor.cpp:25] actor 2207615287300 switch to &NaiveActor::HandlerNormal
I1012 16:54:54.934720 29372 naive_actor.cpp:25] actor 1099559862272 switch to &NaiveActor::HandlerNormal
I1012 16:54:54.936452 29372 thread.cpp:96] Thread 524311 construct Actor kNormalForward 1099559862272
I1012 16:54:54.934753 29382 naive_actor.cpp:25] actor 1099580833792 switch to &NaiveActor::HandlerNormal
I1012 16:54:54.936559 29372 runtime_context.cpp:29] DecreaseCounter constructing_actor_cnt, current val is 741
I1012 16:54:54.933354 29369 naive_actor.cpp:25] actor 1099553570816 switch to &NaiveActor::HandlerNormal
I1012 16:54:54.934768 29370 thread.cpp:96] Thread 524309 construct Actor kNormalForward 1099555667968
I1012 16:54:54.934911 29386 runtime_context.cpp:29] DecreaseCounter constructing_actor_cnt, current val is 752
I1012 16:54:54.934911 29365 naive_actor.cpp:25] actor 1099545182208 switch to &NaiveActor::HandlerNormal
I1012 16:54:54.934932 29388 thread.cpp:96] Thread 524337 construct Actor kDeviceTick 1099614388226
I1012 16:54:54.934991 29354 thread.cpp:96] Thread 524293 construct Actor kNormalForward 1099522113536
I1012 16:54:54.934998 29376 naive_actor.cpp:25] actor 1099568250880 switch to &NaiveActor::HandlerNormal
I1012 16:54:54.937131 29376 thread.cpp:96] Thread 524315 construct Actor kForeignInput 1099568250880
I1012 16:54:54.935065 29378 naive_actor.cpp:25] actor 1099572445184 switch to &NaiveActor::HandlerNormal
I1012 16:54:54.935111 29380 runtime_context.cpp:29] DecreaseCounter constructing_actor_cnt, current val is 751
I1012 16:54:54.937297 29378 thread.cpp:96] Thread 524317 construct Actor kNormalForward 1099572445184
I1012 16:54:54.935207 29356 thread.cpp:96] Thread 524295 construct Actor kNormalForward 1099526307840
I1012 16:54:54.935214 29374 runtime_context.cpp:29] DecreaseCounter constructing_actor_cnt, current val is 749
I1012 16:54:54.934303 29379 naive_actor.cpp:25] actor 1099574542336 switch to &NaiveActor::HandlerNormal
I1012 16:54:54.935289 29394 runtime_context.cpp:29] DecreaseCounter constructing_actor_cnt, current val is 748
I1012 16:54:54.937489 29356 runtime_context.cpp:29] DecreaseCounter constructing_actor_cnt, current val is 735
I1012 16:54:54.935312 29363 thread.cpp:96] Thread 524302 construct Actor kNormalForward 1099540987904
I1012 16:54:54.935374 29368 naive_actor.cpp:25] actor 1099551473664 switch to &NaiveActor::HandlerNormal
I1012 16:54:54.937664 29368 thread.cpp:96] Thread 524307 construct Actor kNormalForward 1099551473664
I1012 16:54:54.935484 29364 thread.cpp:96] Thread 524303 construct Actor kNormalForward 1099543085056
I1012 16:54:54.934459 29360 thread.cpp:96] Thread 524299 construct Actor kNormalForward 1099534696448
I1012 16:54:54.935648 29362 naive_actor.cpp:25] actor 1099538890752 switch to &NaiveActor::HandlerNormal
I1012 16:54:54.937965 29362 thread.cpp:96] Thread 524301 construct Actor kNormalForward 1099538890752
I1012 16:54:54.935729 29392 naive_actor.cpp:25] actor 2199023255557 switch to &NaiveActor::HandlerNormal
I1012 16:54:54.938076 29362 runtime_context.cpp:29] DecreaseCounter constructing_actor_cnt, current val is 730
I1012 16:54:54.935961 29384 runtime_context.cpp:29] DecreaseCounter constructing_actor_cnt, current val is 745
I1012 16:54:54.935988 29373 naive_actor.cpp:25] actor 1099561959424 switch to &NaiveActor::HandlerNormal
I1012 16:54:54.936149 29383 runtime_context.cpp:29] DecreaseCounter constructing_actor_cnt, current val is 744
I1012 16:54:54.934698 29359 naive_actor.cpp:25] actor 1099532599296 switch to &NaiveActor::HandlerNormal
I1012 16:54:54.934057 29355 naive_actor.cpp:25] actor 1099524210688 switch to &NaiveActor::HandlerNormal
I1012 16:54:54.936307 29361 runtime_context.cpp:29] DecreaseCounter constructing_actor_cnt, current val is 742
I1012 16:54:54.936388 29405 thread.cpp:96] Thread 1052673 construct Actor kCopyHd 2207615287300
I1012 16:54:54.934752 29358 naive_actor.cpp:25] actor 1099530502144 switch to &NaiveActor::HandlerNormal
I1012 16:54:54.934782 29371 naive_actor.cpp:25] actor 1099557765120 switch to &NaiveActor::HandlerNormal
I1012 16:54:54.936570 29382 thread.cpp:96] Thread 524321 construct Actor kForeignInput 1099580833792
I1012 16:54:54.936720 29369 thread.cpp:96] Thread 524308 construct Actor kNormalForward 1099553570816
I1012 16:54:54.936866 29370 runtime_context.cpp:29] DecreaseCounter constructing_actor_cnt, current val is 740
I1012 16:54:54.939126 29369 runtime_context.cpp:29] DecreaseCounter constructing_actor_cnt, current val is 727
I1012 16:54:54.937062 29388 runtime_context.cpp:29] DecreaseCounter constructing_actor_cnt, current val is 739
I1012 16:54:54.937090 29354 runtime_context.cpp:29] DecreaseCounter constructing_actor_cnt, current val is 738
I1012 16:54:54.935004 29403 naive_actor.cpp:25] actor 2207613190144 switch to &NaiveActor::HandlerNormal
I1012 16:54:54.937248 29376 runtime_context.cpp:29] DecreaseCounter constructing_actor_cnt, current val is 737
I1012 16:54:54.935178 29381 runtime_context.cpp:29] DecreaseCounter constructing_actor_cnt, current val is 750
I1012 16:54:54.937379 29378 runtime_context.cpp:29] DecreaseCounter constructing_actor_cnt, current val is 736
I1012 16:54:54.937460 29379 thread.cpp:96] Thread 524318 construct Actor kForeignInput 1099574542336
I1012 16:54:54.937631 29363 runtime_context.cpp:29] DecreaseCounter constructing_actor_cnt, current val is 734
I1012 16:54:54.934458 29367 naive_actor.cpp:25] actor 1099549376512 switch to &NaiveActor::HandlerNormal
I1012 16:54:54.939944 29388 naive_actor.cpp:25] actor 1099614388244 switch to &NaiveActor::HandlerNormal
I1012 16:54:54.937785 29368 runtime_context.cpp:29] DecreaseCounter constructing_actor_cnt, current val is 733
I1012 16:54:54.937912 29364 runtime_context.cpp:29] DecreaseCounter constructing_actor_cnt, current val is 732
I1012 16:54:54.937970 29360 runtime_context.cpp:29] DecreaseCounter constructing_actor_cnt, current val is 731
I1012 16:54:54.934401 29366 naive_actor.cpp:25] actor 1099547279360 switch to &NaiveActor::HandlerNormal
I1012 16:54:54.935838 29353 runtime_context.cpp:29] DecreaseCounter constructing_actor_cnt, current val is 746
I1012 16:54:54.938082 29392 thread.cpp:96] Thread 1048576 construct Actor kNormalForward 2199023255557
I1012 16:54:54.938287 29373 thread.cpp:96] Thread 524312 construct Actor kNormalForward 1099561959424
I1012 16:54:54.938457 29359 thread.cpp:96] Thread 524298 construct Actor kNormalForward 1099532599296
I1012 16:54:54.940593 29373 runtime_context.cpp:29] DecreaseCounter constructing_actor_cnt, current val is 724
I1012 16:54:54.938724 29405 runtime_context.cpp:29] DecreaseCounter constructing_actor_cnt, current val is 729
I1012 16:54:54.938839 29358 thread.cpp:96] Thread 524297 construct Actor kNormalForward 1099530502144
I1012 16:54:54.938926 29371 thread.cpp:96] Thread 524310 construct Actor kNormalForward 1099557765120
I1012 16:54:54.939070 29382 runtime_context.cpp:29] DecreaseCounter constructing_actor_cnt, current val is 728
I1012 16:54:54.936923 29365 thread.cpp:96] Thread 524304 construct Actor kNormalForward 1099545182208
I1012 16:54:54.939471 29403 thread.cpp:96] Thread 1052672 construct Actor kNormalForward 2207613190144
I1012 16:54:54.940994 29365 runtime_context.cpp:29] DecreaseCounter constructing_actor_cnt, current val is 720
I1012 16:54:54.937750 29394 naive_actor.cpp:25] actor 2199025352707 switch to &NaiveActor::HandlerNormal
I1012 16:54:54.939956 29367 thread.cpp:96] Thread 524306 construct Actor kNormalForward 1099549376512
I1012 16:54:54.940011 29388 thread.cpp:96] Thread 524337 construct Actor kTick 1099614388244
I1012 16:54:54.940315 29366 thread.cpp:96] Thread 524305 construct Actor kNormalForward 1099547279360
I1012 16:54:54.941390 29367 runtime_context.cpp:29] DecreaseCounter constructing_actor_cnt, current val is 718
I1012 16:54:54.938575 29355 thread.cpp:96] Thread 524294 construct Actor kNormalForward 1099524210688
I1012 16:54:54.940665 29359 runtime_context.cpp:29] DecreaseCounter constructing_actor_cnt, current val is 723
I1012 16:54:54.940842 29358 runtime_context.cpp:29] DecreaseCounter constructing_actor_cnt, current val is 722
I1012 16:54:54.940893 29371 runtime_context.cpp:29] DecreaseCounter constructing_actor_cnt, current val is 721
I1012 16:54:54.939844 29379 runtime_context.cpp:29] DecreaseCounter constructing_actor_cnt, current val is 726
I1012 16:54:54.941061 29403 runtime_context.cpp:29] DecreaseCounter constructing_actor_cnt, current val is 719
I1012 16:54:54.941071 29405 naive_actor.cpp:25] actor 2207615287297 switch to &NaiveActor::HandlerNormal
I1012 16:54:54.941269 29394 thread.cpp:96] Thread 1048577 construct Actor kSliceBoxing 2199025352707
I1012 16:54:54.940518 29392 runtime_context.cpp:29] DecreaseCounter constructing_actor_cnt, current val is 725
I1012 16:54:54.941407 29388 runtime_context.cpp:29] DecreaseCounter constructing_actor_cnt, current val is 717
I1012 16:54:54.941480 29366 runtime_context.cpp:29] DecreaseCounter constructing_actor_cnt, current val is 716
I1012 16:54:54.941639 29355 runtime_context.cpp:29] DecreaseCounter constructing_actor_cnt, current val is 715
I1012 16:54:54.941946 29405 thread.cpp:96] Thread 1052673 construct Actor kSliceBoxing 2207615287297
I1012 16:54:54.942054 29394 runtime_context.cpp:29] DecreaseCounter constructing_actor_cnt, current val is 714
I1012 16:54:54.942488 29405 runtime_context.cpp:29] DecreaseCounter constructing_actor_cnt, current val is 713
I1012 16:54:54.942665 29388 naive_actor.cpp:25] actor 1099614388229 switch to &NaiveActor::HandlerNormal
I1012 16:54:54.942695 29394 naive_actor.cpp:25] actor 2199025352704 switch to &NaiveActor::HandlerNormal
I1012 16:54:54.942737 29388 thread.cpp:96] Thread 524337 construct Actor kSrcSubsetTick 1099614388229
I1012 16:54:54.942766 29394 thread.cpp:96] Thread 1048577 construct Actor kSliceBoxing 2199025352704
I1012 16:54:54.942819 29405 naive_actor.cpp:25] actor 2207615287296 switch to &NaiveActor::HandlerNormal
I1012 16:54:54.942867 29388 runtime_context.cpp:29] DecreaseCounter constructing_actor_cnt, current val is 712
I1012 16:54:54.942883 29394 runtime_context.cpp:29] DecreaseCounter constructing_actor_cnt, current val is 711
I1012 16:54:54.942919 29405 thread.cpp:96] Thread 1052673 construct Actor kSliceBoxing 2207615287296
I1012 16:54:54.943100 29405 runtime_context.cpp:29] DecreaseCounter constructing_actor_cnt, current val is 710
I1012 16:54:54.943193 29394 naive_actor.cpp:25] actor 2199025352705 switch to &NaiveActor::HandlerNormal
I1012 16:54:54.943253 29394 thread.cpp:96] Thread 1048577 construct Actor kSliceBoxing 2199025352705
I1012 16:54:54.943329 29394 runtime_context.cpp:29] DecreaseCounter constructing_actor_cnt, current val is 709
I1012 16:54:54.943455 29405 naive_actor.cpp:25] actor 2207615287298 switch to &NaiveActor::HandlerNormal
I1012 16:54:54.943495 29388 naive_actor.cpp:25] actor 1099614388236 switch to &NaiveActor::HandlerNormal
I1012 16:54:54.943552 29405 thread.cpp:96] Thread 1052673 construct Actor kSliceBoxing 2207615287298
I1012 16:54:54.943596 29388 thread.cpp:96] Thread 524337 construct Actor kTick 1099614388236
I1012 16:54:54.943665 29394 naive_actor.cpp:25] actor 2199025352706 switch to &NaiveActor::HandlerNormal
I1012 16:54:54.943681 29405 runtime_context.cpp:29] DecreaseCounter constructing_actor_cnt, current val is 708
I1012 16:54:54.943711 29394 thread.cpp:96] Thread 1048577 construct Actor kSliceBoxing 2199025352706
I1012 16:54:54.943734 29388 runtime_context.cpp:29] DecreaseCounter constructing_actor_cnt, current val is 707
I1012 16:54:54.943888 29394 runtime_context.cpp:29] DecreaseCounter constructing_actor_cnt, current val is 706
I1012 16:54:54.944181 29405 naive_actor.cpp:25] actor 2207615287301 switch to &NaiveActor::HandlerNormal
I1012 16:54:54.944252 29405 thread.cpp:96] Thread 1052673 construct Actor kCopyHd 2207615287301
I1012 16:54:54.944252 29403 naive_actor.cpp:25] actor 2207613190154 switch to &NaiveActor::HandlerNormal
I1012 16:54:54.944305 29394 naive_actor.cpp:25] actor 2199025352709 switch to &NaiveActor::HandlerNormal
I1012 16:54:54.944335 29405 runtime_context.cpp:29] DecreaseCounter constructing_actor_cnt, current val is 705
I1012 16:54:54.944355 29403 thread.cpp:96] Thread 1052672 construct Actor kNormalForward 2207613190154
I1012 16:54:54.944394 29394 thread.cpp:96] Thread 1048577 construct Actor kCopyHd 2199025352709
I1012 16:54:54.944465 29392 naive_actor.cpp:25] actor 2199023255560 switch to &NaiveActor::HandlerNormal
I1012 16:54:54.944563 29394 runtime_context.cpp:29] DecreaseCounter constructing_actor_cnt, current val is 704
I1012 16:54:54.944584 29388 naive_actor.cpp:25] actor 1099614388225 switch to &NaiveActor::HandlerNormal
I1012 16:54:54.944592 29392 thread.cpp:96] Thread 1048576 construct Actor kNormalForward 2199023255560
I1012 16:54:54.944586 29403 runtime_context.cpp:29] DecreaseCounter constructing_actor_cnt, current val is 703
I1012 16:54:54.944658 29405 naive_actor.cpp:25] actor 2207615287302 switch to &NaiveActor::HandlerNormal
I1012 16:54:54.944689 29388 thread.cpp:96] Thread 524337 construct Actor kDeviceTick 1099614388225
I1012 16:54:54.944814 29392 runtime_context.cpp:29] DecreaseCounter constructing_actor_cnt, current val is 702
I1012 16:54:54.944842 29394 naive_actor.cpp:25] actor 2199025352710 switch to &NaiveActor::HandlerNormal
I1012 16:54:54.944849 29405 thread.cpp:96] Thread 1052673 construct Actor kCopyHd 2207615287302
I1012 16:54:54.944921 29388 runtime_context.cpp:29] DecreaseCounter constructing_actor_cnt, current val is 701
I1012 16:54:54.944977 29394 thread.cpp:96] Thread 1048577 construct Actor kCopyHd 2199025352710
I1012 16:54:54.945067 29405 runtime_context.cpp:29] DecreaseCounter constructing_actor_cnt, current val is 700
I1012 16:54:54.945137 29394 runtime_context.cpp:29] DecreaseCounter constructing_actor_cnt, current val is 699
I1012 16:54:54.945328 29403 naive_actor.cpp:25] actor 2207613190155 switch to &NaiveActor::HandlerNormal
I1012 16:54:54.945396 29403 thread.cpp:96] Thread 1052672 construct Actor kNormalForward 2207613190155
I1012 16:54:54.945415 29394 naive_actor.cpp:25] actor 2199025352711 switch to &NaiveActor::HandlerNormal
I1012 16:54:54.945508 29394 thread.cpp:96] Thread 1048577 construct Actor kCopyHd 2199025352711
I1012 16:54:54.945508 29403 runtime_context.cpp:29] DecreaseCounter constructing_actor_cnt, current val is 698
I1012 16:54:54.945565 29394 runtime_context.cpp:29] DecreaseCounter constructing_actor_cnt, current val is 697
I1012 16:54:54.945945 29388 naive_actor.cpp:25] actor 1099614388235 switch to &NaiveActor::HandlerNormal
I1012 16:54:54.946008 29388 thread.cpp:96] Thread 524337 construct Actor kDstSubsetTick 1099614388235
I1012 16:54:54.946115 29388 runtime_context.cpp:29] DecreaseCounter constructing_actor_cnt, current val is 696
I1012 16:54:54.946645 29388 naive_actor.cpp:25] actor 1099614388242 switch to &NaiveActor::HandlerNormal
I1012 16:54:54.946663 29392 naive_actor.cpp:25] actor 2199023255573 switch to &NaiveActor::HandlerNormal
I1012 16:54:54.946705 29388 thread.cpp:96] Thread 524337 construct Actor kSrcSubsetTick 1099614388242
I1012 16:54:54.946754 29392 thread.cpp:96] Thread 1048576 construct Actor kNormalForward 2199023255573
I1012 16:54:54.946841 29388 runtime_context.cpp:29] DecreaseCounter constructing_actor_cnt, current val is 695
I1012 16:54:54.946897 29392 runtime_context.cpp:29] DecreaseCounter constructing_actor_cnt, current val is 694
I1012 16:54:54.946997 29403 naive_actor.cpp:25] actor 2207613190149 switch to &NaiveActor::HandlerNormal
I1012 16:54:54.947239 29388 naive_actor.cpp:25] actor 1099614388239 switch to &NaiveActor::HandlerNormal
I1012 16:54:54.947249 29403 thread.cpp:96] Thread 1052672 construct Actor kNormalForward 2207613190149
I1012 16:54:54.947304 29388 thread.cpp:96] Thread 524337 construct Actor kTick 1099614388239
I1012 16:54:54.947417 29403 runtime_context.cpp:29] DecreaseCounter constructing_actor_cnt, current val is 693
I1012 16:54:54.947446 29388 runtime_context.cpp:29] DecreaseCounter constructing_actor_cnt, current val is 692
I1012 16:54:54.947948 29388 naive_actor.cpp:25] actor 1099614388247 switch to &NaiveActor::HandlerNormal
I1012 16:54:54.948020 29388 thread.cpp:96] Thread 524337 construct Actor kTick 1099614388247
I1012 16:54:54.948109 29388 runtime_context.cpp:29] DecreaseCounter constructing_actor_cnt, current val is 691
I1012 16:54:54.948571 29403 naive_actor.cpp:25] actor 2207613190150 switch to &NaiveActor::HandlerNormal
I1012 16:54:54.948575 29388 naive_actor.cpp:25] actor 1099614388246 switch to &NaiveActor::HandlerNormal
I1012 16:54:54.948637 29403 thread.cpp:96] Thread 1052672 construct Actor kNormalForward 2207613190150
I1012 16:54:54.948696 29392 naive_actor.cpp:25] actor 2199023255564 switch to &NaiveActor::HandlerNormal
I1012 16:54:54.948685 29388 thread.cpp:96] Thread 524337 construct Actor kTick 1099614388246
I1012 16:54:54.948763 29392 thread.cpp:96] Thread 1048576 construct Actor kNormalForward 2199023255564
I1012 16:54:54.948766 29403 runtime_context.cpp:29] DecreaseCounter constructing_actor_cnt, current val is 690
I1012 16:54:54.948837 29388 runtime_context.cpp:29] DecreaseCounter constructing_actor_cnt, current val is 689
I1012 16:54:54.948904 29392 runtime_context.cpp:29] DecreaseCounter constructing_actor_cnt, current val is 688
I1012 16:54:54.949344 29392 naive_actor.cpp:25] actor 2199023255565 switch to &NaiveActor::HandlerNormal
I1012 16:54:54.949404 29388 naive_actor.cpp:25] actor 1099614388245 switch to &NaiveActor::HandlerNormal
I1012 16:54:54.949405 29392 thread.cpp:96] Thread 1048576 construct Actor kNormalForward 2199023255565
I1012 16:54:54.949481 29388 thread.cpp:96] Thread 524337 construct Actor kDstSubsetTick 1099614388245
I1012 16:54:54.949590 29392 runtime_context.cpp:29] DecreaseCounter constructing_actor_cnt, current val is 687
I1012 16:54:54.949613 29388 runtime_context.cpp:29] DecreaseCounter constructing_actor_cnt, current val is 686
I1012 16:54:54.950067 29388 naive_actor.cpp:25] actor 1099614388234 switch to &NaiveActor::HandlerNormal
I1012 16:54:54.950129 29388 thread.cpp:96] Thread 524337 construct Actor kTick 1099614388234
I1012 16:54:54.950194 29388 runtime_context.cpp:29] DecreaseCounter constructing_actor_cnt, current val is 685
I1012 16:54:54.950202 29403 naive_actor.cpp:25] actor 2207613190163 switch to &NaiveActor::HandlerNormal
I1012 16:54:54.950289 29403 thread.cpp:96] Thread 1052672 construct Actor kNormalForward 2207613190163
I1012 16:54:54.950385 29403 runtime_context.cpp:29] DecreaseCounter constructing_actor_cnt, current val is 684
I1012 16:54:54.950613 29388 naive_actor.cpp:25] actor 1099614388224 switch to &NaiveActor::HandlerNormal
I1012 16:54:54.950678 29388 thread.cpp:96] Thread 524337 construct Actor kDeviceTick 1099614388224
I1012 16:54:54.950762 29388 runtime_context.cpp:29] DecreaseCounter constructing_actor_cnt, current val is 683
I1012 16:54:54.950901 29392 naive_actor.cpp:25] actor 2199023255562 switch to &NaiveActor::HandlerNormal
I1012 16:54:54.950970 29392 thread.cpp:96] Thread 1048576 construct Actor kNormalForward 2199023255562
I1012 16:54:54.951083 29392 runtime_context.cpp:29] DecreaseCounter constructing_actor_cnt, current val is 682
I1012 16:54:54.951186 29388 naive_actor.cpp:25] actor 1099614388238 switch to &NaiveActor::HandlerNormal
I1012 16:54:54.951252 29388 thread.cpp:96] Thread 524337 construct Actor kTick 1099614388238
I1012 16:54:54.951334 29388 runtime_context.cpp:29] DecreaseCounter constructing_actor_cnt, current val is 681
I1012 16:54:54.951534 29403 naive_actor.cpp:25] actor 2207613190145 switch to &NaiveActor::HandlerNormal
I1012 16:54:54.951665 29403 thread.cpp:96] Thread 1052672 construct Actor kNormalForward 2207613190145
I1012 16:54:54.951802 29403 runtime_context.cpp:29] DecreaseCounter constructing_actor_cnt, current val is 680
I1012 16:54:54.952281 29403 naive_actor.cpp:25] actor 2207613190146 switch to &NaiveActor::HandlerNormal
I1012 16:54:54.952338 29403 thread.cpp:96] Thread 1052672 construct Actor kNormalForward 2207613190146
I1012 16:54:54.952389 29388 case_actor.cpp:76] actor 1099614388297 switch to &CaseActor::HandlerNormal
I1012 16:54:54.952419 29403 runtime_context.cpp:29] DecreaseCounter constructing_actor_cnt, current val is 679
I1012 16:54:54.952458 29388 thread.cpp:96] Thread 524337 construct Actor kCase 1099614388297
I1012 16:54:54.952596 29388 runtime_context.cpp:29] DecreaseCounter constructing_actor_cnt, current val is 678
I1012 16:54:54.953476 29388 esac_actor.cpp:73] actor 1099614388334 switch to &EsacActor::HandlerNormal
I1012 16:54:54.953538 29388 thread.cpp:96] Thread 524337 construct Actor kEsac 1099614388334
I1012 16:54:54.953635 29388 runtime_context.cpp:29] DecreaseCounter constructing_actor_cnt, current val is 677
I1012 16:54:54.953779 29392 naive_actor.cpp:25] actor 2199023255589 switch to &NaiveActor::HandlerNormal
I1012 16:54:54.953846 29392 thread.cpp:96] Thread 1048576 construct Actor kNormalForward 2199023255589
I1012 16:54:54.953938 29392 runtime_context.cpp:29] DecreaseCounter constructing_actor_cnt, current val is 676
I1012 16:54:54.953979 29403 naive_actor.cpp:25] actor 2207613190161 switch to &NaiveActor::HandlerNormal
I1012 16:54:54.954030 29403 thread.cpp:96] Thread 1052672 construct Actor kNormalForward 2207613190161
I1012 16:54:54.954111 29403 runtime_context.cpp:29] DecreaseCounter constructing_actor_cnt, current val is 675
I1012 16:54:54.954130 29388 naive_actor.cpp:25] actor 1099614388228 switch to &NaiveActor::HandlerNormal
I1012 16:54:54.954212 29388 thread.cpp:96] Thread 524337 construct Actor kDeviceTick 1099614388228
I1012 16:54:54.954289 29388 runtime_context.cpp:29] DecreaseCounter constructing_actor_cnt, current val is 674
I1012 16:54:54.954373 29392 naive_actor.cpp:25] actor 2199023255586 switch to &NaiveActor::HandlerNormal
I1012 16:54:54.954435 29392 thread.cpp:96] Thread 1048576 construct Actor kNormalForward 2199023255586
I1012 16:54:54.954514 29392 runtime_context.cpp:29] DecreaseCounter constructing_actor_cnt, current val is 673
I1012 16:54:54.954767 29388 naive_actor.cpp:25] actor 1099614388227 switch to &NaiveActor::HandlerNormal
I1012 16:54:54.954841 29388 thread.cpp:96] Thread 524337 construct Actor kDeviceTick 1099614388227
I1012 16:54:54.954913 29388 runtime_context.cpp:29] DecreaseCounter constructing_actor_cnt, current val is 672
I1012 16:54:54.955369 29388 naive_actor.cpp:25] actor 1099614388248 switch to &NaiveActor::HandlerNormal
I1012 16:54:54.955433 29388 thread.cpp:96] Thread 524337 construct Actor kTick 1099614388248
I1012 16:54:54.955507 29388 runtime_context.cpp:29] DecreaseCounter constructing_actor_cnt, current val is 671
I1012 16:54:54.955515 29403 naive_actor.cpp:25] actor 2207613190156 switch to &NaiveActor::HandlerNormal
I1012 16:54:54.955592 29403 thread.cpp:96] Thread 1052672 construct Actor kNormalForward 2207613190156
I1012 16:54:54.955696 29403 runtime_context.cpp:29] DecreaseCounter constructing_actor_cnt, current val is 670
I1012 16:54:54.955710 29392 naive_actor.cpp:25] actor 2199023255555 switch to &NaiveActor::HandlerNormal
I1012 16:54:54.955786 29392 thread.cpp:96] Thread 1048576 construct Actor kNormalForward 2199023255555
I1012 16:54:54.955893 29392 runtime_context.cpp:29] DecreaseCounter constructing_actor_cnt, current val is 669
I1012 16:54:54.955916 29388 naive_actor.cpp:25] actor 1099614388253 switch to &NaiveActor::HandlerNormal
I1012 16:54:54.955989 29388 thread.cpp:96] Thread 524337 construct Actor kTick 1099614388253
I1012 16:54:54.956061 29388 runtime_context.cpp:29] DecreaseCounter constructing_actor_cnt, current val is 668
I1012 16:54:54.956387 29403 naive_actor.cpp:25] actor 2207613190157 switch to &NaiveActor::HandlerNormal
I1012 16:54:54.956388 29392 naive_actor.cpp:25] actor 2199023255579 switch to &NaiveActor::HandlerNormal
I1012 16:54:54.956528 29388 naive_actor.cpp:25] actor 1099614388255 switch to &NaiveActor::HandlerNormal
I1012 16:54:54.956585 29403 thread.cpp:96] Thread 1052672 construct Actor kNormalForward 2207613190157
I1012 16:54:54.956640 29392 thread.cpp:96] Thread 1048576 construct Actor kNormalForward 2199023255579
I1012 16:54:54.956681 29388 thread.cpp:96] Thread 524337 construct Actor kTick 1099614388255
I1012 16:54:54.956763 29403 runtime_context.cpp:29] DecreaseCounter constructing_actor_cnt, current val is 667
I1012 16:54:54.956799 29392 runtime_context.cpp:29] DecreaseCounter constructing_actor_cnt, current val is 666
