I1012 16:19:20.276255 17243 runtime_context.cpp:29] DecreaseCounter constructing_actor_cnt, current val is 666
I1012 16:19:20.276317 17257 thread.cpp:96] Thread 1052672 construct Actor kNormalForward 2207613190144
I1012 16:19:20.276366 17233 runtime_context.cpp:29] DecreaseCounter constructing_actor_cnt, current val is 665
I1012 16:19:20.276516 17257 runtime_context.cpp:29] DecreaseCounter constructing_actor_cnt, current val is 664
I1012 16:19:20.276834 17233 naive_actor.cpp:25] actor 1099614388333 switch to &NaiveActor::HandlerNormal
I1012 16:19:20.276885 17233 thread.cpp:96] Thread 524337 construct Actor kTick 1099614388333
I1012 16:19:20.276940 17233 runtime_context.cpp:29] DecreaseCounter constructing_actor_cnt, current val is 663
I1012 16:19:20.277289 17233 naive_actor.cpp:25] actor 1099614388253 switch to &NaiveActor::HandlerNormal
I1012 16:19:20.277333 17233 thread.cpp:96] Thread 524337 construct Actor kTick 1099614388253
I1012 16:19:20.277395 17233 runtime_context.cpp:29] DecreaseCounter constructing_actor_cnt, current val is 662
I1012 16:19:20.277482 17243 naive_actor.cpp:25] actor 2199023255566 switch to &NaiveActor::HandlerNormal
I1012 16:19:20.277537 17243 thread.cpp:96] Thread 1048576 construct Actor kNormalForward 2199023255566
I1012 16:19:20.277617 17243 runtime_context.cpp:29] DecreaseCounter constructing_actor_cnt, current val is 661
I1012 16:19:20.277742 17233 naive_actor.cpp:25] actor 1099614388255 switch to &NaiveActor::HandlerNormal
I1012 16:19:20.277786 17233 thread.cpp:96] Thread 524337 construct Actor kTick 1099614388255
I1012 16:19:20.278051 17257 naive_actor.cpp:25] actor 2207613190156 switch to &NaiveActor::HandlerNormal
I1012 16:19:20.278118 17257 thread.cpp:96] Thread 1052672 construct Actor kNormalForward 2207613190156
I1012 16:19:20.278307 17233 runtime_context.cpp:29] DecreaseCounter constructing_actor_cnt, current val is 660
I1012 16:19:20.278373 17257 runtime_context.cpp:29] DecreaseCounter constructing_actor_cnt, current val is 659
I1012 16:19:20.278689 17233 naive_actor.cpp:25] actor 1099614388256 switch to &NaiveActor::HandlerNormal
I1012 16:19:20.278736 17233 thread.cpp:96] Thread 524337 construct Actor kTick 1099614388256
I1012 16:19:20.278780 17233 runtime_context.cpp:29] DecreaseCounter constructing_actor_cnt, current val is 658
I1012 16:19:20.278784 17243 naive_actor.cpp:25] actor 2199023255559 switch to &NaiveActor::HandlerNormal
I1012 16:19:20.278847 17243 thread.cpp:96] Thread 1048576 construct Actor kNormalForward 2199023255559
I1012 16:19:20.278928 17243 runtime_context.cpp:29] DecreaseCounter constructing_actor_cnt, current val is 657
I1012 16:19:20.279114 17233 naive_actor.cpp:25] actor 1099614388257 switch to &NaiveActor::HandlerNormal
I1012 16:19:20.279158 17233 thread.cpp:96] Thread 524337 construct Actor kTick 1099614388257
I1012 16:19:20.279206 17233 runtime_context.cpp:29] DecreaseCounter constructing_actor_cnt, current val is 656
I1012 16:19:20.279523 17233 naive_actor.cpp:25] actor 1099614388258 switch to &NaiveActor::HandlerNormal
I1012 16:19:20.279569 17233 thread.cpp:96] Thread 524337 construct Actor kDeviceTick 1099614388258
I1012 16:19:20.279618 17233 runtime_context.cpp:29] DecreaseCounter constructing_actor_cnt, current val is 655
I1012 16:19:20.279795 17257 naive_actor.cpp:25] actor 2207613190154 switch to &NaiveActor::HandlerNormal
I1012 16:19:20.279964 17257 thread.cpp:96] Thread 1052672 construct Actor kNormalForward 2207613190154
I1012 16:19:20.279984 17233 naive_actor.cpp:25] actor 1099614388259 switch to &NaiveActor::HandlerNormal
I1012 16:19:20.280061 17233 thread.cpp:96] Thread 524337 construct Actor kSrcSubsetTick 1099614388259
I1012 16:19:20.280081 17257 runtime_context.cpp:29] DecreaseCounter constructing_actor_cnt, current val is 654
I1012 16:19:20.280117 17233 runtime_context.cpp:29] DecreaseCounter constructing_actor_cnt, current val is 653
I1012 16:19:20.280462 17233 naive_actor.cpp:25] actor 1099614388331 switch to &NaiveActor::HandlerNormal
I1012 16:19:20.280508 17233 thread.cpp:96] Thread 524337 construct Actor kTick 1099614388331
I1012 16:19:20.280555 17233 runtime_context.cpp:29] DecreaseCounter constructing_actor_cnt, current val is 652
I1012 16:19:20.280879 17233 naive_actor.cpp:25] actor 1099614388262 switch to &NaiveActor::HandlerNormal
I1012 16:19:20.280925 17233 thread.cpp:96] Thread 524337 construct Actor kTick 1099614388262
I1012 16:19:20.280979 17243 naive_actor.cpp:25] actor 2199023255568 switch to &NaiveActor::HandlerNormal
I1012 16:19:20.280990 17233 runtime_context.cpp:29] DecreaseCounter constructing_actor_cnt, current val is 651
I1012 16:19:20.280980 17257 naive_actor.cpp:25] actor 2207613190155 switch to &NaiveActor::HandlerNormal
I1012 16:19:20.281034 17243 thread.cpp:96] Thread 1048576 construct Actor kNormalForward 2199023255568
I1012 16:19:20.281141 17257 thread.cpp:96] Thread 1052672 construct Actor kNormalForward 2207613190155
I1012 16:19:20.281231 17243 runtime_context.cpp:29] DecreaseCounter constructing_actor_cnt, current val is 650
I1012 16:19:20.281320 17257 runtime_context.cpp:29] DecreaseCounter constructing_actor_cnt, current val is 649
I1012 16:19:20.281437 17233 naive_actor.cpp:25] actor 1099614388263 switch to &NaiveActor::HandlerNormal
I1012 16:19:20.281483 17233 thread.cpp:96] Thread 524337 construct Actor kDstSubsetTick 1099614388263
I1012 16:19:20.281531 17233 runtime_context.cpp:29] DecreaseCounter constructing_actor_cnt, current val is 648
I1012 16:19:20.282131 17233 naive_actor.cpp:25] actor 1099614388264 switch to &NaiveActor::HandlerNormal
I1012 16:19:20.282176 17233 thread.cpp:96] Thread 524337 construct Actor kTick 1099614388264
I1012 16:19:20.282232 17233 runtime_context.cpp:29] DecreaseCounter constructing_actor_cnt, current val is 647
I1012 16:19:20.282300 17243 naive_actor.cpp:25] actor 2199023255567 switch to &NaiveActor::HandlerNormal
I1012 16:19:20.282352 17243 thread.cpp:96] Thread 1048576 construct Actor kNormalForward 2199023255567
I1012 16:19:20.282441 17243 runtime_context.cpp:29] DecreaseCounter constructing_actor_cnt, current val is 646
I1012 16:19:20.282554 17233 naive_actor.cpp:25] actor 1099614388265 switch to &NaiveActor::HandlerNormal
I1012 16:19:20.282598 17233 thread.cpp:96] Thread 524337 construct Actor kTick 1099614388265
I1012 16:19:20.282653 17233 runtime_context.cpp:29] DecreaseCounter constructing_actor_cnt, current val is 645
I1012 16:19:20.282778 17257 naive_actor.cpp:25] actor 2207613190147 switch to &NaiveActor::HandlerNormal
I1012 16:19:20.282847 17257 thread.cpp:96] Thread 1052672 construct Actor kNormalForward 2207613190147
I1012 16:19:20.282971 17257 runtime_context.cpp:29] DecreaseCounter constructing_actor_cnt, current val is 644
I1012 16:19:20.283000 17196 naive_actor.cpp:25] actor 1099515822080 switch to &NaiveActor::HandlerNormal
I1012 16:19:20.283061 17196 thread.cpp:96] Thread 524290 construct Actor kNormalForward 1099515822080
I1012 16:19:20.283100 17233 naive_actor.cpp:25] actor 1099614388266 switch to &NaiveActor::HandlerNormal
I1012 16:19:20.283143 17233 thread.cpp:96] Thread 524337 construct Actor kTick 1099614388266
I1012 16:19:20.283144 17196 runtime_context.cpp:29] DecreaseCounter constructing_actor_cnt, current val is 643
I1012 16:19:20.283201 17233 runtime_context.cpp:29] DecreaseCounter constructing_actor_cnt, current val is 642
I1012 16:19:20.283341 17195 naive_actor.cpp:25] actor 1099513724928 switch to &NaiveActor::HandlerNormal
I1012 16:19:20.283601 17197 naive_actor.cpp:25] actor 1099517919232 switch to &NaiveActor::HandlerNormal
I1012 16:19:20.283546 17243 naive_actor.cpp:25] actor 2199023255569 switch to &NaiveActor::HandlerNormal
I1012 16:19:20.283522 17233 naive_actor.cpp:25] actor 1099614388273 switch to &NaiveActor::HandlerNormal
I1012 16:19:20.283617 17195 thread.cpp:96] Thread 524289 construct Actor kNormalForward 1099513724928
I1012 16:19:20.283675 17197 thread.cpp:96] Thread 524291 construct Actor kNormalForward 1099517919232
I1012 16:19:20.283716 17243 thread.cpp:96] Thread 1048576 construct Actor kNormalForward 2199023255569
I1012 16:19:20.283751 17233 thread.cpp:96] Thread 524337 construct Actor kTick 1099614388273
I1012 16:19:20.283864 17195 runtime_context.cpp:29] DecreaseCounter constructing_actor_cnt, current val is 641
I1012 16:19:20.283905 17197 runtime_context.cpp:29] DecreaseCounter constructing_actor_cnt, current val is 640
I1012 16:19:20.283955 17243 runtime_context.cpp:29] DecreaseCounter constructing_actor_cnt, current val is 639
I1012 16:19:20.283964 17233 runtime_context.cpp:29] DecreaseCounter constructing_actor_cnt, current val is 638
I1012 16:19:20.284169 17194 naive_actor.cpp:25] actor 1099511627776 switch to &NaiveActor::HandlerNormal
I1012 16:19:20.284205 17257 naive_actor.cpp:25] actor 2207613190158 switch to &NaiveActor::HandlerNormal
I1012 16:19:20.284215 17194 thread.cpp:96] Thread 524288 construct Actor kNormalForward 1099511627776
I1012 16:19:20.284258 17257 thread.cpp:96] Thread 1052672 construct Actor kNormalForward 2207613190158
I1012 16:19:20.284281 17243 naive_actor.cpp:25] actor 2199023255570 switch to &NaiveActor::HandlerNormal
I1012 16:19:20.284304 17233 naive_actor.cpp:25] actor 1099614388274 switch to &NaiveActor::HandlerNormal
I1012 16:19:20.284374 17257 runtime_context.cpp:29] DecreaseCounter constructing_actor_cnt, current val is 636
I1012 16:19:20.284355 17243 thread.cpp:96] Thread 1048576 construct Actor kNormalForward 2199023255570
I1012 16:19:20.284330 17194 runtime_context.cpp:29] DecreaseCounter constructing_actor_cnt, current val is 637
I1012 16:19:20.284381 17233 thread.cpp:96] Thread 524337 construct Actor kTick 1099614388274
I1012 16:19:20.284477 17243 runtime_context.cpp:29] DecreaseCounter constructing_actor_cnt, current val is 635
I1012 16:19:20.284551 17233 runtime_context.cpp:29] DecreaseCounter constructing_actor_cnt, current val is 634
I1012 16:19:20.284788 17233 naive_actor.cpp:25] actor 1099614388267 switch to &NaiveActor::HandlerNormal
I1012 16:19:20.284828 17233 thread.cpp:96] Thread 524337 construct Actor kDeviceTick 1099614388267
I1012 16:19:20.284878 17233 runtime_context.cpp:29] DecreaseCounter constructing_actor_cnt, current val is 633
I1012 16:19:20.285138 17233 naive_actor.cpp:25] actor 1099614388268 switch to &NaiveActor::HandlerNormal
I1012 16:19:20.285178 17233 thread.cpp:96] Thread 524337 construct Actor kSrcSubsetTick 1099614388268
I1012 16:19:20.285238 17233 runtime_context.cpp:29] DecreaseCounter constructing_actor_cnt, current val is 632
I1012 16:19:20.285288 17257 naive_actor.cpp:25] actor 2207613190159 switch to &NaiveActor::HandlerNormal
I1012 16:19:20.285339 17257 thread.cpp:96] Thread 1052672 construct Actor kNormalForward 2207613190159
I1012 16:19:20.285349 17243 naive_actor.cpp:25] actor 2199023255571 switch to &NaiveActor::HandlerNormal
I1012 16:19:20.285434 17243 thread.cpp:96] Thread 1048576 construct Actor kNormalForward 2199023255571
I1012 16:19:20.285485 17257 runtime_context.cpp:29] DecreaseCounter constructing_actor_cnt, current val is 631
I1012 16:19:20.285517 17243 runtime_context.cpp:29] DecreaseCounter constructing_actor_cnt, current val is 630
I1012 16:19:20.285543 17233 naive_actor.cpp:25] actor 1099614388332 switch to &NaiveActor::HandlerNormal
I1012 16:19:20.285588 17233 thread.cpp:96] Thread 524337 construct Actor kTick 1099614388332
I1012 16:19:20.285642 17233 runtime_context.cpp:29] DecreaseCounter constructing_actor_cnt, current val is 629
I1012 16:19:20.285830 17243 naive_actor.cpp:25] actor 2199023255572 switch to &NaiveActor::HandlerNormal
I1012 16:19:20.285881 17243 thread.cpp:96] Thread 1048576 construct Actor kNormalForward 2199023255572
I1012 16:19:20.285941 17243 runtime_context.cpp:29] DecreaseCounter constructing_actor_cnt, current val is 628
I1012 16:19:20.286002 17233 naive_actor.cpp:25] actor 1099614388271 switch to &NaiveActor::HandlerNormal
I1012 16:19:20.286043 17233 thread.cpp:96] Thread 524337 construct Actor kTick 1099614388271
I1012 16:19:20.286098 17233 runtime_context.cpp:29] DecreaseCounter constructing_actor_cnt, current val is 627
I1012 16:19:20.286442 17233 naive_actor.cpp:25] actor 1099614388272 switch to &NaiveActor::HandlerNormal
I1012 16:19:20.286478 17233 thread.cpp:96] Thread 524337 construct Actor kDstSubsetTick 1099614388272
I1012 16:19:20.286535 17233 runtime_context.cpp:29] DecreaseCounter constructing_actor_cnt, current val is 626
I1012 16:19:20.286803 17243 naive_actor.cpp:25] actor 2199023255573 switch to &NaiveActor::HandlerNormal
I1012 16:19:20.286845 17243 thread.cpp:96] Thread 1048576 construct Actor kNormalForward 2199023255573
I1012 16:19:20.286859 17233 naive_actor.cpp:25] actor 1099614388276 switch to &NaiveActor::HandlerNormal
I1012 16:19:20.286892 17233 thread.cpp:96] Thread 524337 construct Actor kDeviceTick 1099614388276
I1012 16:19:20.286897 17243 runtime_context.cpp:29] DecreaseCounter constructing_actor_cnt, current val is 625
I1012 16:19:20.286942 17233 runtime_context.cpp:29] DecreaseCounter constructing_actor_cnt, current val is 624
I1012 16:19:20.287041 17257 naive_actor.cpp:25] actor 2207613190160 switch to &NaiveActor::HandlerNormal
I1012 16:19:20.287096 17257 thread.cpp:96] Thread 1052672 construct Actor kNormalForward 2207613190160
I1012 16:19:20.287233 17257 runtime_context.cpp:29] DecreaseCounter constructing_actor_cnt, current val is 623
I1012 16:19:20.287258 17233 naive_actor.cpp:25] actor 1099614388277 switch to &NaiveActor::HandlerNormal
I1012 16:19:20.287322 17233 thread.cpp:96] Thread 524337 construct Actor kSrcSubsetTick 1099614388277
I1012 16:19:20.287377 17233 runtime_context.cpp:29] DecreaseCounter constructing_actor_cnt, current val is 622
I1012 16:19:20.287550 17243 naive_actor.cpp:25] actor 2199023255574 switch to &NaiveActor::HandlerNormal
I1012 16:19:20.287595 17243 thread.cpp:96] Thread 1048576 construct Actor kNormalForward 2199023255574
I1012 16:19:20.287634 17233 naive_actor.cpp:25] actor 1099614388275 switch to &NaiveActor::HandlerNormal
I1012 16:19:20.287647 17243 runtime_context.cpp:29] DecreaseCounter constructing_actor_cnt, current val is 621
I1012 16:19:20.287678 17233 thread.cpp:96] Thread 524337 construct Actor kDeviceTick 1099614388275
I1012 16:19:20.287760 17233 runtime_context.cpp:29] DecreaseCounter constructing_actor_cnt, current val is 620
I1012 16:19:20.288028 17233 naive_actor.cpp:25] actor 1099614388280 switch to &NaiveActor::HandlerNormal
I1012 16:19:20.288066 17233 thread.cpp:96] Thread 524337 construct Actor kTick 1099614388280
I1012 16:19:20.288117 17233 runtime_context.cpp:29] DecreaseCounter constructing_actor_cnt, current val is 619
I1012 16:19:20.288290 17257 naive_actor.cpp:25] actor 2207613190161 switch to &NaiveActor::HandlerNormal
I1012 16:19:20.288345 17257 thread.cpp:96] Thread 1052672 construct Actor kNormalForward 2207613190161
I1012 16:19:20.288406 17233 naive_actor.cpp:25] actor 1099614388329 switch to &NaiveActor::HandlerNormal
I1012 16:19:20.288452 17233 thread.cpp:96] Thread 524337 construct Actor kTick 1099614388329
I1012 16:19:20.288456 17257 runtime_context.cpp:29] DecreaseCounter constructing_actor_cnt, current val is 618
I1012 16:19:20.288511 17233 runtime_context.cpp:29] DecreaseCounter constructing_actor_cnt, current val is 617
I1012 16:19:20.288765 17233 naive_actor.cpp:25] actor 1099614388282 switch to &NaiveActor::HandlerNormal
I1012 16:19:20.288803 17233 thread.cpp:96] Thread 524337 construct Actor kTick 1099614388282
I1012 16:19:20.288859 17243 naive_actor.cpp:25] actor 2199023255575 switch to &NaiveActor::HandlerNormal
I1012 16:19:20.288905 17243 thread.cpp:96] Thread 1048576 construct Actor kNormalForward 2199023255575
I1012 16:19:20.288872 17233 runtime_context.cpp:29] DecreaseCounter constructing_actor_cnt, current val is 616
I1012 16:19:20.288867 17257 naive_actor.cpp:25] actor 2207613190162 switch to &NaiveActor::HandlerNormal
I1012 16:19:20.289070 17243 runtime_context.cpp:29] DecreaseCounter constructing_actor_cnt, current val is 615
I1012 16:19:20.289136 17257 thread.cpp:96] Thread 1052672 construct Actor kNormalForward 2207613190162
I1012 16:19:20.289220 17257 runtime_context.cpp:29] DecreaseCounter constructing_actor_cnt, current val is 614
I1012 16:19:20.289475 17243 naive_actor.cpp:25] actor 2199023255577 switch to &NaiveActor::HandlerNormal
I1012 16:19:20.289521 17243 thread.cpp:96] Thread 1048576 construct Actor kNormalForward 2199023255577
I1012 16:19:20.289578 17243 runtime_context.cpp:29] DecreaseCounter constructing_actor_cnt, current val is 613
I1012 16:19:20.289638 17233 naive_actor.cpp:25] actor 1099614388281 switch to &NaiveActor::HandlerNormal
I1012 16:19:20.289693 17233 thread.cpp:96] Thread 524337 construct Actor kDstSubsetTick 1099614388281
I1012 16:19:20.289783 17233 runtime_context.cpp:29] DecreaseCounter constructing_actor_cnt, current val is 612
I1012 16:19:20.290174 17233 naive_actor.cpp:25] actor 1099614388283 switch to &NaiveActor::HandlerNormal
I1012 16:19:20.290236 17233 thread.cpp:96] Thread 524337 construct Actor kTick 1099614388283
I1012 16:19:20.290305 17257 naive_actor.cpp:25] actor 2207613190163 switch to &NaiveActor::HandlerNormal
I1012 16:19:20.290313 17233 runtime_context.cpp:29] DecreaseCounter constructing_actor_cnt, current val is 611
I1012 16:19:20.290366 17257 thread.cpp:96] Thread 1052672 construct Actor kNormalForward 2207613190163
I1012 16:19:20.290374 17243 naive_actor.cpp:25] actor 2199023255576 switch to &NaiveActor::HandlerNormal
I1012 16:19:20.290486 17243 thread.cpp:96] Thread 1048576 construct Actor kNormalForward 2199023255576
I1012 16:19:20.290490 17257 runtime_context.cpp:29] DecreaseCounter constructing_actor_cnt, current val is 610
I1012 16:19:20.290589 17243 runtime_context.cpp:29] DecreaseCounter constructing_actor_cnt, current val is 609
I1012 16:19:20.290792 17233 naive_actor.cpp:25] actor 1099614388284 switch to &NaiveActor::HandlerNormal
I1012 16:19:20.290846 17233 thread.cpp:96] Thread 524337 construct Actor kTick 1099614388284
I1012 16:19:20.290846 17257 naive_actor.cpp:25] actor 2207613190164 switch to &NaiveActor::HandlerNormal
I1012 16:19:20.290925 17233 runtime_context.cpp:29] DecreaseCounter constructing_actor_cnt, current val is 608
I1012 16:19:20.290932 17257 thread.cpp:96] Thread 1052672 construct Actor kNormalForward 2207613190164
I1012 16:19:20.291049 17257 runtime_context.cpp:29] DecreaseCounter constructing_actor_cnt, current val is 607
I1012 16:19:20.291287 17233 naive_actor.cpp:25] actor 1099614388285 switch to &NaiveActor::HandlerNormal
I1012 16:19:20.291343 17233 thread.cpp:96] Thread 524337 construct Actor kTick 1099614388285
I1012 16:19:20.291410 17257 naive_actor.cpp:25] actor 2207613190157 switch to &NaiveActor::HandlerNormal
I1012 16:19:20.291411 17233 runtime_context.cpp:29] DecreaseCounter constructing_actor_cnt, current val is 606
I1012 16:19:20.291474 17257 thread.cpp:96] Thread 1052672 construct Actor kNormalForward 2207613190157
I1012 16:19:20.291555 17243 naive_actor.cpp:25] actor 2199023255578 switch to &NaiveActor::HandlerNormal
I1012 16:19:20.291611 17243 thread.cpp:96] Thread 1048576 construct Actor kNormalForward 2199023255578
I1012 16:19:20.291589 17257 runtime_context.cpp:29] DecreaseCounter constructing_actor_cnt, current val is 605
I1012 16:19:20.291728 17243 runtime_context.cpp:29] DecreaseCounter constructing_actor_cnt, current val is 604
I1012 16:19:20.291838 17233 naive_actor.cpp:25] actor 1099614388288 switch to &NaiveActor::HandlerNormal
I1012 16:19:20.291889 17233 thread.cpp:96] Thread 524337 construct Actor kTick 1099614388288
I1012 16:19:20.291955 17233 runtime_context.cpp:29] DecreaseCounter constructing_actor_cnt, current val is 603
I1012 16:19:20.292063 17243 naive_actor.cpp:25] actor 2199023255579 switch to &NaiveActor::HandlerNormal
I1012 16:19:20.292116 17243 thread.cpp:96] Thread 1048576 construct Actor kNormalForward 2199023255579
I1012 16:19:20.292196 17243 runtime_context.cpp:29] DecreaseCounter constructing_actor_cnt, current val is 602
I1012 16:19:20.292364 17233 naive_actor.cpp:25] actor 1099614388290 switch to &NaiveActor::HandlerNormal
I1012 16:19:20.292420 17233 thread.cpp:96] Thread 524337 construct Actor kSrcSubsetTick 1099614388290
I1012 16:19:20.292496 17233 runtime_context.cpp:29] DecreaseCounter constructing_actor_cnt, current val is 601
I1012 16:19:20.292733 17257 naive_actor.cpp:25] actor 2207613190165 switch to &NaiveActor::HandlerNormal
I1012 16:19:20.292791 17257 thread.cpp:96] Thread 1052672 construct Actor kNormalForward 2207613190165
I1012 16:19:20.292847 17233 naive_actor.cpp:25] actor 1099614388292 switch to &NaiveActor::HandlerNormal
I1012 16:19:20.292878 17257 runtime_context.cpp:29] DecreaseCounter constructing_actor_cnt, current val is 600
I1012 16:19:20.292901 17233 thread.cpp:96] Thread 524337 construct Actor kTick 1099614388292
I1012 16:19:20.293013 17233 runtime_context.cpp:29] DecreaseCounter constructing_actor_cnt, current val is 599
I1012 16:19:20.293195 17243 naive_actor.cpp:25] actor 2199023255580 switch to &NaiveActor::HandlerNormal
I1012 16:19:20.293248 17243 thread.cpp:96] Thread 1048576 construct Actor kNormalForward 2199023255580
I1012 16:19:20.293349 17243 runtime_context.cpp:29] DecreaseCounter constructing_actor_cnt, current val is 598
I1012 16:19:20.293372 17233 naive_actor.cpp:25] actor 1099614388327 switch to &NaiveActor::HandlerNormal
I1012 16:19:20.293437 17233 thread.cpp:96] Thread 524337 construct Actor kTick 1099614388327
I1012 16:19:20.293516 17233 runtime_context.cpp:29] DecreaseCounter constructing_actor_cnt, current val is 597
I1012 16:19:20.293676 17257 naive_actor.cpp:25] actor 2207613190166 switch to &NaiveActor::HandlerNormal
I1012 16:19:20.293735 17257 thread.cpp:96] Thread 1052672 construct Actor kNormalForward 2207613190166
I1012 16:19:20.293824 17257 runtime_context.cpp:29] DecreaseCounter constructing_actor_cnt, current val is 596
I1012 16:19:20.293849 17233 naive_actor.cpp:25] actor 1099614388294 switch to &NaiveActor::HandlerNormal
I1012 16:19:20.293907 17233 thread.cpp:96] Thread 524337 construct Actor kTick 1099614388294
I1012 16:19:20.293978 17233 runtime_context.cpp:29] DecreaseCounter constructing_actor_cnt, current val is 595
I1012 16:19:20.294066 17243 naive_actor.cpp:25] actor 2199023255581 switch to &NaiveActor::HandlerNormal
I1012 16:19:20.294112 17243 thread.cpp:96] Thread 1048576 construct Actor kNormalForward 2199023255581
I1012 16:19:20.294181 17243 runtime_context.cpp:29] DecreaseCounter constructing_actor_cnt, current val is 594
I1012 16:19:20.294414 17233 naive_actor.cpp:25] actor 1099614388293 switch to &NaiveActor::HandlerNormal
I1012 16:19:20.294476 17233 thread.cpp:96] Thread 524337 construct Actor kDstSubsetTick 1099614388293
I1012 16:19:20.294553 17233 runtime_context.cpp:29] DecreaseCounter constructing_actor_cnt, current val is 593
I1012 16:19:20.294879 17233 naive_actor.cpp:25] actor 1099614388295 switch to &NaiveActor::HandlerNormal
I1012 16:19:20.294929 17233 thread.cpp:96] Thread 524337 construct Actor kTick 1099614388295
I1012 16:19:20.294987 17233 runtime_context.cpp:29] DecreaseCounter constructing_actor_cnt, current val is 592
I1012 16:19:20.295310 17233 naive_actor.cpp:25] actor 1099614388298 switch to &NaiveActor::HandlerNormal
I1012 16:19:20.295357 17233 thread.cpp:96] Thread 524337 construct Actor kTick 1099614388298
I1012 16:19:20.295418 17233 runtime_context.cpp:29] DecreaseCounter constructing_actor_cnt, current val is 591
I1012 16:19:20.295558 17243 naive_actor.cpp:25] actor 2199023255582 switch to &NaiveActor::HandlerNormal
I1012 16:19:20.295599 17243 thread.cpp:96] Thread 1048576 construct Actor kNormalForward 2199023255582
I1012 16:19:20.295683 17243 runtime_context.cpp:29] DecreaseCounter constructing_actor_cnt, current val is 590
I1012 16:19:20.295872 17233 reentrant_lock_actor.cpp:76] actor 1099614388296 switch to &ReentrantLockActor::HandlerNormal
I1012 16:19:20.295907 17257 naive_actor.cpp:25] actor 2207613190167 switch to &NaiveActor::HandlerNormal
I1012 16:19:20.295930 17233 thread.cpp:96] Thread 524337 construct Actor kReentrantLock 1099614388296
I1012 16:19:20.295979 17257 thread.cpp:96] Thread 1052672 construct Actor kNormalForward 2207613190167
I1012 16:19:20.296051 17233 runtime_context.cpp:29] DecreaseCounter constructing_actor_cnt, current val is 589
I1012 16:19:20.296092 17257 runtime_context.cpp:29] DecreaseCounter constructing_actor_cnt, current val is 588
I1012 16:19:20.296742 17233 case_actor.cpp:76] actor 1099614388297 switch to &CaseActor::HandlerNormal
I1012 16:19:20.296790 17233 thread.cpp:96] Thread 524337 construct Actor kCase 1099614388297
I1012 16:19:20.296813 17243 naive_actor.cpp:25] actor 2199023255583 switch to &NaiveActor::HandlerNormal
I1012 16:19:20.296862 17243 thread.cpp:96] Thread 1048576 construct Actor kNormalForward 2199023255583
I1012 16:19:20.296864 17233 runtime_context.cpp:29] DecreaseCounter constructing_actor_cnt, current val is 587
I1012 16:19:20.296974 17243 runtime_context.cpp:29] DecreaseCounter constructing_actor_cnt, current val is 586
I1012 16:19:20.296979 17257 naive_actor.cpp:25] actor 2207613190168 switch to &NaiveActor::HandlerNormal
I1012 16:19:20.297060 17257 thread.cpp:96] Thread 1052672 construct Actor kNormalForward 2207613190168
I1012 16:19:20.297150 17257 runtime_context.cpp:29] DecreaseCounter constructing_actor_cnt, current val is 585
I1012 16:19:20.297209 17233 naive_actor.cpp:25] actor 1099614388299 switch to &NaiveActor::HandlerNormal
I1012 16:19:20.297250 17233 thread.cpp:96] Thread 524337 construct Actor kTick 1099614388299
I1012 16:19:20.297307 17233 runtime_context.cpp:29] DecreaseCounter constructing_actor_cnt, current val is 584
I1012 16:19:20.297348 17243 naive_actor.cpp:25] actor 2199023255584 switch to &NaiveActor::HandlerNormal
I1012 16:19:20.297400 17243 thread.cpp:96] Thread 1048576 construct Actor kNormalForward 2199023255584
I1012 16:19:20.297534 17243 runtime_context.cpp:29] DecreaseCounter constructing_actor_cnt, current val is 583
I1012 16:19:20.297608 17233 naive_actor.cpp:25] actor 1099614388300 switch to &NaiveActor::HandlerNormal
I1012 16:19:20.297646 17233 thread.cpp:96] Thread 524337 construct Actor kTick 1099614388300
I1012 16:19:20.297701 17233 runtime_context.cpp:29] DecreaseCounter constructing_actor_cnt, current val is 582
I1012 16:19:20.297953 17233 naive_actor.cpp:25] actor 1099614388302 switch to &NaiveActor::HandlerNormal
I1012 16:19:20.297996 17233 thread.cpp:96] Thread 524337 construct Actor kTick 1099614388302
I1012 16:19:20.298050 17233 runtime_context.cpp:29] DecreaseCounter constructing_actor_cnt, current val is 581
I1012 16:19:20.298132 17257 naive_actor.cpp:25] actor 2207613190170 switch to &NaiveActor::HandlerNormal
I1012 16:19:20.298183 17257 thread.cpp:96] Thread 1052672 construct Actor kNormalForward 2207613190170
I1012 16:19:20.298293 17257 runtime_context.cpp:29] DecreaseCounter constructing_actor_cnt, current val is 580
I1012 16:19:20.298346 17233 naive_actor.cpp:25] actor 1099614388301 switch to &NaiveActor::HandlerNormal
I1012 16:19:20.298386 17233 thread.cpp:96] Thread 524337 construct Actor kTick 1099614388301
I1012 16:19:20.298434 17233 runtime_context.cpp:29] DecreaseCounter constructing_actor_cnt, current val is 579
I1012 16:19:20.298667 17243 naive_actor.cpp:25] actor 2199023255585 switch to &NaiveActor::HandlerNormal
I1012 16:19:20.298676 17233 naive_actor.cpp:25] actor 1099614388306 switch to &NaiveActor::HandlerNormal
I1012 16:19:20.298719 17257 naive_actor.cpp:25] actor 2207613190169 switch to &NaiveActor::HandlerNormal
I1012 16:19:20.298723 17243 thread.cpp:96] Thread 1048576 construct Actor kNormalForward 2199023255585
I1012 16:19:20.298755 17233 thread.cpp:96] Thread 524337 construct Actor kTick 1099614388306
I1012 16:19:20.298808 17257 thread.cpp:96] Thread 1052672 construct Actor kNormalForward 2207613190169
I1012 16:19:20.298885 17243 runtime_context.cpp:29] DecreaseCounter constructing_actor_cnt, current val is 578
I1012 16:19:20.298975 17233 runtime_context.cpp:29] DecreaseCounter constructing_actor_cnt, current val is 577
I1012 16:19:20.299046 17257 runtime_context.cpp:29] DecreaseCounter constructing_actor_cnt, current val is 576
I1012 16:19:20.299273 17233 naive_actor.cpp:25] actor 1099614388308 switch to &NaiveActor::HandlerNormal
I1012 16:19:20.299319 17233 thread.cpp:96] Thread 524337 construct Actor kTick 1099614388308
I1012 16:19:20.299337 17243 naive_actor.cpp:25] actor 2199023255586 switch to &NaiveActor::HandlerNormal
I1012 16:19:20.299367 17233 runtime_context.cpp:29] DecreaseCounter constructing_actor_cnt, current val is 575
I1012 16:19:20.299386 17243 thread.cpp:96] Thread 1048576 construct Actor kNormalForward 2199023255586
I1012 16:19:20.299453 17257 naive_actor.cpp:25] actor 2207613190171 switch to &NaiveActor::HandlerNormal
I1012 16:19:20.299479 17243 runtime_context.cpp:29] DecreaseCounter constructing_actor_cnt, current val is 574
I1012 16:19:20.299497 17257 thread.cpp:96] Thread 1052672 construct Actor kNormalForward 2207613190171
I1012 16:19:20.299609 17257 runtime_context.cpp:29] DecreaseCounter constructing_actor_cnt, current val is 573
I1012 16:19:20.299651 17233 naive_actor.cpp:25] actor 1099614388315 switch to &NaiveActor::HandlerNormal
I1012 16:19:20.299686 17233 thread.cpp:96] Thread 524337 construct Actor kTick 1099614388315
I1012 16:19:20.299739 17233 runtime_context.cpp:29] DecreaseCounter constructing_actor_cnt, current val is 572
I1012 16:19:20.299983 17233 naive_actor.cpp:25] actor 1099614388305 switch to &NaiveActor::HandlerNormal
I1012 16:19:20.300019 17233 thread.cpp:96] Thread 524337 construct Actor kTick 1099614388305
I1012 16:19:20.300058 17233 runtime_context.cpp:29] DecreaseCounter constructing_actor_cnt, current val is 571
I1012 16:19:20.300293 17243 naive_actor.cpp:25] actor 2199023255588 switch to &NaiveActor::HandlerNormal
I1012 16:19:20.300328 17233 naive_actor.cpp:25] actor 1099614388307 switch to &NaiveActor::HandlerNormal
I1012 16:19:20.300346 17243 thread.cpp:96] Thread 1048576 construct Actor kNormalForward 2199023255588
I1012 16:19:20.300369 17233 thread.cpp:96] Thread 524337 construct Actor kTick 1099614388307
I1012 16:19:20.300443 17243 runtime_context.cpp:29] DecreaseCounter constructing_actor_cnt, current val is 570
I1012 16:19:20.300493 17233 runtime_context.cpp:29] DecreaseCounter constructing_actor_cnt, current val is 569
I1012 16:19:20.300587 17257 naive_actor.cpp:25] actor 2207613190172 switch to &NaiveActor::HandlerNormal
I1012 16:19:20.300680 17257 thread.cpp:96] Thread 1052672 construct Actor kNormalForward 2207613190172
I1012 16:19:20.300777 17257 runtime_context.cpp:29] DecreaseCounter constructing_actor_cnt, current val is 568
I1012 16:19:20.300868 17233 naive_actor.cpp:25] actor 1099614388311 switch to &NaiveActor::HandlerNormal
I1012 16:19:20.300923 17233 thread.cpp:96] Thread 524337 construct Actor kTick 1099614388311
I1012 16:19:20.300997 17233 runtime_context.cpp:29] DecreaseCounter constructing_actor_cnt, current val is 567
I1012 16:19:20.301301 17243 naive_actor.cpp:25] actor 2199023255587 switch to &NaiveActor::HandlerNormal
I1012 16:19:20.301347 17233 naive_actor.cpp:25] actor 1099614388309 switch to &NaiveActor::HandlerNormal
I1012 16:19:20.301347 17243 thread.cpp:96] Thread 1048576 construct Actor kNormalForward 2199023255587
I1012 16:19:20.301406 17233 thread.cpp:96] Thread 524337 construct Actor kTick 1099614388309
I1012 16:19:20.301473 17243 runtime_context.cpp:29] DecreaseCounter constructing_actor_cnt, current val is 566
I1012 16:19:20.301510 17233 runtime_context.cpp:29] DecreaseCounter constructing_actor_cnt, current val is 565
I1012 16:19:20.301849 17233 naive_actor.cpp:25] actor 1099614388310 switch to &NaiveActor::HandlerNormal
I1012 16:19:20.301910 17233 thread.cpp:96] Thread 524337 construct Actor kTick 1099614388310
I1012 16:19:20.301925 17257 naive_actor.cpp:25] actor 2207613190174 switch to &NaiveActor::HandlerNormal
I1012 16:19:20.301985 17233 runtime_context.cpp:29] DecreaseCounter constructing_actor_cnt, current val is 564
I1012 16:19:20.301993 17257 thread.cpp:96] Thread 1052672 construct Actor kNormalForward 2207613190174
I1012 16:19:20.302163 17257 runtime_context.cpp:29] DecreaseCounter constructing_actor_cnt, current val is 563
I1012 16:19:20.302405 17233 naive_actor.cpp:25] actor 1099614388313 switch to &NaiveActor::HandlerNormal
I1012 16:19:20.302466 17233 thread.cpp:96] Thread 524337 construct Actor kTick 1099614388313
I1012 16:19:20.302541 17233 runtime_context.cpp:29] DecreaseCounter constructing_actor_cnt, current val is 562
I1012 16:19:20.302686 17243 naive_actor.cpp:25] actor 2199023255589 switch to &NaiveActor::HandlerNormal
I1012 16:19:20.302743 17243 thread.cpp:96] Thread 1048576 construct Actor kNormalForward 2199023255589
I1012 16:19:20.302814 17243 runtime_context.cpp:29] DecreaseCounter constructing_actor_cnt, current val is 561
I1012 16:19:20.302824 17257 naive_actor.cpp:25] actor 2207613190173 switch to &NaiveActor::HandlerNormal
I1012 16:19:20.302893 17257 thread.cpp:96] Thread 1052672 construct Actor kNormalForward 2207613190173
I1012 16:19:20.302927 17233 naive_actor.cpp:25] actor 1099614388304 switch to &NaiveActor::HandlerNormal
I1012 16:19:20.302978 17257 runtime_context.cpp:29] DecreaseCounter constructing_actor_cnt, current val is 560
I1012 16:19:20.303071 17233 thread.cpp:96] Thread 524337 construct Actor kTick 1099614388304
I1012 16:19:20.303185 17233 runtime_context.cpp:29] DecreaseCounter constructing_actor_cnt, current val is 559
I1012 16:19:20.303509 17233 naive_actor.cpp:25] actor 1099614388303 switch to &NaiveActor::HandlerNormal
I1012 16:19:20.303560 17233 thread.cpp:96] Thread 524337 construct Actor kTick 1099614388303
I1012 16:19:20.303632 17233 runtime_context.cpp:29] DecreaseCounter constructing_actor_cnt, current val is 558
I1012 16:19:20.303826 17243 naive_actor.cpp:25] actor 2199023255590 switch to &NaiveActor::HandlerNormal
I1012 16:19:20.303876 17243 thread.cpp:96] Thread 1048576 construct Actor kNormalForward 2199023255590
I1012 16:19:20.303951 17243 runtime_context.cpp:29] DecreaseCounter constructing_actor_cnt, current val is 557
I1012 16:19:20.304001 17233 naive_actor.cpp:25] actor 1099614388312 switch to &NaiveActor::HandlerNormal
I1012 16:19:20.304054 17233 thread.cpp:96] Thread 524337 construct Actor kTick 1099614388312
I1012 16:19:20.304128 17233 runtime_context.cpp:29] DecreaseCounter constructing_actor_cnt, current val is 556
I1012 16:19:20.304157 17257 naive_actor.cpp:25] actor 2207613190175 switch to &NaiveActor::HandlerNormal
I1012 16:19:20.304210 17257 thread.cpp:96] Thread 1052672 construct Actor kNormalForward 2207613190175
I1012 16:19:20.304299 17243 naive_actor.cpp:25] actor 2199023255591 switch to &NaiveActor::HandlerNormal
I1012 16:19:20.304316 17257 runtime_context.cpp:29] DecreaseCounter constructing_actor_cnt, current val is 555
I1012 16:19:20.304350 17243 thread.cpp:96] Thread 1048576 construct Actor kNormalForward 2199023255591
I1012 16:19:20.304459 17243 runtime_context.cpp:29] DecreaseCounter constructing_actor_cnt, current val is 554
I1012 16:19:20.304491 17233 naive_actor.cpp:25] actor 1099614388317 switch to &NaiveActor::HandlerNormal
I1012 16:19:20.304543 17233 thread.cpp:96] Thread 524337 construct Actor kTick 1099614388317
I1012 16:19:20.304615 17233 runtime_context.cpp:29] DecreaseCounter constructing_actor_cnt, current val is 553
I1012 16:19:20.304714 17257 naive_actor.cpp:25] actor 2207613190176 switch to &NaiveActor::HandlerNormal
I1012 16:19:20.304761 17257 thread.cpp:96] Thread 1052672 construct Actor kNormalForward 2207613190176
I1012 16:19:20.304853 17257 runtime_context.cpp:29] DecreaseCounter constructing_actor_cnt, current val is 552
I1012 16:19:20.305001 17233 naive_actor.cpp:25] actor 1099614388318 switch to &NaiveActor::HandlerNormal
I1012 16:19:20.305056 17233 thread.cpp:96] Thread 524337 construct Actor kTick 1099614388318
I1012 16:19:20.305140 17233 runtime_context.cpp:29] DecreaseCounter constructing_actor_cnt, current val is 551
I1012 16:19:20.305502 17243 naive_actor.cpp:25] actor 2199023255592 switch to &NaiveActor::HandlerNormal
I1012 16:19:20.305505 17233 naive_actor.cpp:25] actor 1099614388316 switch to &NaiveActor::HandlerNormal
I1012 16:19:20.305584 17243 thread.cpp:96] Thread 1048576 construct Actor kNormalForward 2199023255592
I1012 16:19:20.305629 17233 thread.cpp:96] Thread 524337 construct Actor kTick 1099614388316
I1012 16:19:20.305711 17243 runtime_context.cpp:29] DecreaseCounter constructing_actor_cnt, current val is 550
I1012 16:19:20.305732 17233 runtime_context.cpp:29] DecreaseCounter constructing_actor_cnt, current val is 549
I1012 16:19:20.305806 17257 naive_actor.cpp:25] actor 2207613190177 switch to &NaiveActor::HandlerNormal
I1012 16:19:20.305860 17257 thread.cpp:96] Thread 1052672 construct Actor kNormalForward 2207613190177
I1012 16:19:20.305958 17257 runtime_context.cpp:29] DecreaseCounter constructing_actor_cnt, current val is 548
I1012 16:19:20.306017 17243 naive_actor.cpp:25] actor 2199023255593 switch to &NaiveActor::HandlerNormal
I1012 16:19:20.306066 17243 thread.cpp:96] Thread 1048576 construct Actor kNormalForward 2199023255593
I1012 16:19:20.306083 17233 naive_actor.cpp:25] actor 1099614388314 switch to &NaiveActor::HandlerNormal
I1012 16:19:20.306134 17243 runtime_context.cpp:29] DecreaseCounter constructing_actor_cnt, current val is 547
I1012 16:19:20.306146 17233 thread.cpp:96] Thread 524337 construct Actor kTick 1099614388314
I1012 16:19:20.306241 17233 runtime_context.cpp:29] DecreaseCounter constructing_actor_cnt, current val is 546
I1012 16:19:20.306308 17257 naive_actor.cpp:25] actor 2207613190178 switch to &NaiveActor::HandlerNormal
I1012 16:19:20.306351 17257 thread.cpp:96] Thread 1052672 construct Actor kNormalForward 2207613190178
I1012 16:19:20.306423 17257 runtime_context.cpp:29] DecreaseCounter constructing_actor_cnt, current val is 545
I1012 16:19:20.306603 17233 naive_actor.cpp:25] actor 1099614388319 switch to &NaiveActor::HandlerNormal
I1012 16:19:20.306659 17233 thread.cpp:96] Thread 524337 construct Actor kTick 1099614388319
I1012 16:19:20.306731 17233 runtime_context.cpp:29] DecreaseCounter constructing_actor_cnt, current val is 544
I1012 16:19:20.307101 17233 naive_actor.cpp:25] actor 1099614388320 switch to &NaiveActor::HandlerNormal
I1012 16:19:20.307149 17233 thread.cpp:96] Thread 524337 construct Actor kTick 1099614388320
I1012 16:19:20.307153 17243 naive_actor.cpp:25] actor 2199023255594 switch to &NaiveActor::HandlerNormal
I1012 16:19:20.307221 17233 runtime_context.cpp:29] DecreaseCounter constructing_actor_cnt, current val is 543
I1012 16:19:20.307224 17243 thread.cpp:96] Thread 1048576 construct Actor kNormalForward 2199023255594
I1012 16:19:20.307301 17257 naive_actor.cpp:25] actor 2207613190179 switch to &NaiveActor::HandlerNormal
I1012 16:19:20.307329 17243 runtime_context.cpp:29] DecreaseCounter constructing_actor_cnt, current val is 542
I1012 16:19:20.307353 17257 thread.cpp:96] Thread 1052672 construct Actor kNormalForward 2207613190179
I1012 16:19:20.307487 17257 runtime_context.cpp:29] DecreaseCounter constructing_actor_cnt, current val is 541
I1012 16:19:20.307587 17233 naive_actor.cpp:25] actor 1099614388324 switch to &NaiveActor::HandlerNormal
I1012 16:19:20.307641 17233 thread.cpp:96] Thread 524337 construct Actor kTick 1099614388324
I1012 16:19:20.307715 17233 runtime_context.cpp:29] DecreaseCounter constructing_actor_cnt, current val is 540
I1012 16:19:20.307855 17257 naive_actor.cpp:25] actor 2207613190183 switch to &NaiveActor::HandlerNormal
I1012 16:19:20.307904 17257 thread.cpp:96] Thread 1052672 construct Actor kNormalForward 2207613190183
I1012 16:19:20.307972 17257 runtime_context.cpp:29] DecreaseCounter constructing_actor_cnt, current val is 539
I1012 16:19:20.308058 17233 naive_actor.cpp:25] actor 1099614388321 switch to &NaiveActor::HandlerNormal
I1012 16:19:20.308105 17233 thread.cpp:96] Thread 524337 construct Actor kTick 1099614388321
I1012 16:19:20.308174 17233 runtime_context.cpp:29] DecreaseCounter constructing_actor_cnt, current val is 538
I1012 16:19:20.308565 17233 naive_actor.cpp:25] actor 1099614388322 switch to &NaiveActor::HandlerNormal
I1012 16:19:20.308650 17233 thread.cpp:96] Thread 524337 construct Actor kTick 1099614388322
I1012 16:19:20.308761 17233 runtime_context.cpp:29] DecreaseCounter constructing_actor_cnt, current val is 537
I1012 16:19:20.308871 17257 naive_actor.cpp:25] actor 2207613190182 switch to &NaiveActor::HandlerNormal
I1012 16:19:20.308919 17243 naive_actor.cpp:25] actor 2199023255596 switch to &NaiveActor::HandlerNormal
I1012 16:19:20.308938 17257 thread.cpp:96] Thread 1052672 construct Actor kNormalForward 2207613190182
I1012 16:19:20.308995 17243 thread.cpp:96] Thread 1048576 construct Actor kNormalForward 2199023255596
I1012 16:19:20.309141 17257 runtime_context.cpp:29] DecreaseCounter constructing_actor_cnt, current val is 536
I1012 16:19:20.309183 17243 runtime_context.cpp:29] DecreaseCounter constructing_actor_cnt, current val is 535
I1012 16:19:20.309242 17233 naive_actor.cpp:25] actor 1099614388323 switch to &NaiveActor::HandlerNormal
I1012 16:19:20.309295 17233 thread.cpp:96] Thread 524337 construct Actor kTick 1099614388323
I1012 16:19:20.309367 17233 runtime_context.cpp:29] DecreaseCounter constructing_actor_cnt, current val is 534
I1012 16:19:20.309697 17233 naive_actor.cpp:25] actor 1099614388325 switch to &NaiveActor::HandlerNormal
I1012 16:19:20.309751 17233 thread.cpp:96] Thread 524337 construct Actor kTick 1099614388325
I1012 16:19:20.309813 17233 runtime_context.cpp:29] DecreaseCounter constructing_actor_cnt, current val is 533
I1012 16:19:20.310006 17243 naive_actor.cpp:25] actor 2199023255595 switch to &NaiveActor::HandlerNormal
I1012 16:19:20.310052 17243 thread.cpp:96] Thread 1048576 construct Actor kNormalForward 2199023255595
I1012 16:19:20.310124 17243 runtime_context.cpp:29] DecreaseCounter constructing_actor_cnt, current val is 532
I1012 16:19:20.310467 17257 naive_actor.cpp:25] actor 2207613190181 switch to &NaiveActor::HandlerNormal
I1012 16:19:20.310489 17233 esac_actor.cpp:73] actor 1099614388326 switch to &EsacActor::HandlerNormal
I1012 16:19:20.310564 17233 thread.cpp:96] Thread 524337 construct Actor kEsac 1099614388326
I1012 16:19:20.310534 17243 naive_actor.cpp:25] actor 2199023255598 switch to &NaiveActor::HandlerNormal
I1012 16:19:20.310518 17257 thread.cpp:96] Thread 1052672 construct Actor kNormalForward 2207613190181
I1012 16:19:20.310640 17243 thread.cpp:96] Thread 1048576 construct Actor kNormalForward 2199023255598
I1012 16:19:20.310657 17233 runtime_context.cpp:29] DecreaseCounter constructing_actor_cnt, current val is 531
I1012 16:19:20.310703 17257 runtime_context.cpp:29] DecreaseCounter constructing_actor_cnt, current val is 530
I1012 16:19:20.310757 17243 runtime_context.cpp:29] DecreaseCounter constructing_actor_cnt, current val is 529
I1012 16:19:20.311072 17233 naive_actor.cpp:25] actor 1099614388328 switch to &NaiveActor::HandlerNormal
I1012 16:19:20.311125 17233 thread.cpp:96] Thread 524337 construct Actor kTick 1099614388328
I1012 16:19:20.311192 17233 runtime_context.cpp:29] DecreaseCounter constructing_actor_cnt, current val is 528
I1012 16:19:20.311368 17257 naive_actor.cpp:25] actor 2207613190180 switch to &NaiveActor::HandlerNormal
I1012 16:19:20.311409 17257 thread.cpp:96] Thread 1052672 construct Actor kNormalForward 2207613190180
I1012 16:19:20.311470 17257 runtime_context.cpp:29] DecreaseCounter constructing_actor_cnt, current val is 527
I1012 16:19:20.311535 17233 naive_actor.cpp:25] actor 1099614388330 switch to &NaiveActor::HandlerNormal
I1012 16:19:20.311586 17233 thread.cpp:96] Thread 524337 construct Actor kTick 1099614388330
I1012 16:19:20.311655 17233 runtime_context.cpp:29] DecreaseCounter constructing_actor_cnt, current val is 526
I1012 16:19:20.311726 17243 naive_actor.cpp:25] actor 2199023255599 switch to &NaiveActor::HandlerNormal
I1012 16:19:20.311777 17243 thread.cpp:96] Thread 1048576 construct Actor kNormalForward 2199023255599
I1012 16:19:20.311833 17257 naive_actor.cpp:25] actor 2207613190185 switch to &NaiveActor::HandlerNormal
I1012 16:19:20.311858 17243 runtime_context.cpp:29] DecreaseCounter constructing_actor_cnt, current val is 525
I1012 16:19:20.311880 17257 thread.cpp:96] Thread 1052672 construct Actor kNormalForward 2207613190185
I1012 16:19:20.312011 17257 runtime_context.cpp:29] DecreaseCounter constructing_actor_cnt, current val is 524
I1012 16:19:20.312232 17243 naive_actor.cpp:25] actor 2199023255600 switch to &NaiveActor::HandlerNormal
I1012 16:19:20.312279 17243 thread.cpp:96] Thread 1048576 construct Actor kNormalForward 2199023255600
I1012 16:19:20.312353 17243 runtime_context.cpp:29] DecreaseCounter constructing_actor_cnt, current val is 523
I1012 16:19:20.312867 17257 naive_actor.cpp:25] actor 2207613190184 switch to &NaiveActor::HandlerNormal
I1012 16:19:20.312913 17257 thread.cpp:96] Thread 1052672 construct Actor kNormalForward 2207613190184
I1012 16:19:20.312994 17257 runtime_context.cpp:29] DecreaseCounter constructing_actor_cnt, current val is 522
I1012 16:19:20.313230 17243 naive_actor.cpp:25] actor 2199023255601 switch to &NaiveActor::HandlerNormal
I1012 16:19:20.313277 17243 thread.cpp:96] Thread 1048576 construct Actor kNormalForward 2199023255601
I1012 16:19:20.313364 17243 runtime_context.cpp:29] DecreaseCounter constructing_actor_cnt, current val is 521
I1012 16:19:20.313637 17257 naive_actor.cpp:25] actor 2207613190187 switch to &NaiveActor::HandlerNormal
I1012 16:19:20.313678 17257 thread.cpp:96] Thread 1052672 construct Actor kNormalForward 2207613190187
I1012 16:19:20.313738 17257 runtime_context.cpp:29] DecreaseCounter constructing_actor_cnt, current val is 520
I1012 16:19:20.314265 17243 naive_actor.cpp:25] actor 2199023255597 switch to &NaiveActor::HandlerNormal
I1012 16:19:20.314311 17243 thread.cpp:96] Thread 1048576 construct Actor kNormalForward 2199023255597
I1012 16:19:20.314393 17243 runtime_context.cpp:29] DecreaseCounter constructing_actor_cnt, current val is 519
I1012 16:19:20.314570 17257 naive_actor.cpp:25] actor 2207613190186 switch to &NaiveActor::HandlerNormal
I1012 16:19:20.314611 17257 thread.cpp:96] Thread 1052672 construct Actor kNormalForward 2207613190186
I1012 16:19:20.314677 17257 runtime_context.cpp:29] DecreaseCounter constructing_actor_cnt, current val is 518
I1012 16:19:20.315088 17243 naive_actor.cpp:25] actor 2199023255602 switch to &NaiveActor::HandlerNormal
I1012 16:19:20.315135 17243 thread.cpp:96] Thread 1048576 construct Actor kNormalForward 2199023255602
I1012 16:19:20.315194 17243 runtime_context.cpp:29] DecreaseCounter constructing_actor_cnt, current val is 517
I1012 16:19:20.315893 17257 naive_actor.cpp:25] actor 2207613190188 switch to &NaiveActor::HandlerNormal
I1012 16:19:20.315955 17257 thread.cpp:96] Thread 1052672 construct Actor kNormalForward 2207613190188
I1012 16:19:20.316030 17257 runtime_context.cpp:29] DecreaseCounter constructing_actor_cnt, current val is 516
I1012 16:19:20.316265 17243 naive_actor.cpp:25] actor 2199023255603 switch to &NaiveActor::HandlerNormal
I1012 16:19:20.316313 17243 thread.cpp:96] Thread 1048576 construct Actor kNormalForward 2199023255603
I1012 16:19:20.316381 17243 runtime_context.cpp:29] DecreaseCounter constructing_actor_cnt, current val is 515
I1012 16:19:20.316895 17257 naive_actor.cpp:25] actor 2207613190189 switch to &NaiveActor::HandlerNormal
I1012 16:19:20.316951 17257 thread.cpp:96] Thread 1052672 construct Actor kNormalForward 2207613190189
I1012 16:19:20.317027 17257 runtime_context.cpp:29] DecreaseCounter constructing_actor_cnt, current val is 514
I1012 16:19:20.317265 17243 naive_actor.cpp:25] actor 2199023255604 switch to &NaiveActor::HandlerNormal
I1012 16:19:20.317312 17243 thread.cpp:96] Thread 1048576 construct Actor kNormalForward 2199023255604
I1012 16:19:20.317376 17257 naive_actor.cpp:25] actor 2207613190190 switch to &NaiveActor::HandlerNormal
I1012 16:19:20.317384 17243 runtime_context.cpp:29] DecreaseCounter constructing_actor_cnt, current val is 513
I1012 16:19:20.317436 17257 thread.cpp:96] Thread 1052672 construct Actor kNormalForward 2207613190190
I1012 16:19:20.317548 17257 runtime_context.cpp:29] DecreaseCounter constructing_actor_cnt, current val is 512
I1012 16:19:20.317749 17243 naive_actor.cpp:25] actor 2199023255605 switch to &NaiveActor::HandlerNormal
I1012 16:19:20.317802 17243 thread.cpp:96] Thread 1048576 construct Actor kNormalForward 2199023255605
I1012 16:19:20.317871 17243 runtime_context.cpp:29] DecreaseCounter constructing_actor_cnt, current val is 511
I1012 16:19:20.318158 17243 naive_actor.cpp:25] actor 2199023255607 switch to &NaiveActor::HandlerNormal
I1012 16:19:20.318209 17243 thread.cpp:96] Thread 1048576 construct Actor kNormalForward 2199023255607
I1012 16:19:20.318274 17243 runtime_context.cpp:29] DecreaseCounter constructing_actor_cnt, current val is 510
I1012 16:19:20.318526 17257 naive_actor.cpp:25] actor 2207613190191 switch to &NaiveActor::HandlerNormal
I1012 16:19:20.318572 17257 thread.cpp:96] Thread 1052672 construct Actor kNormalForward 2207613190191
I1012 16:19:20.318635 17257 runtime_context.cpp:29] DecreaseCounter constructing_actor_cnt, current val is 509
I1012 16:19:20.318899 17257 naive_actor.cpp:25] actor 2207613190192 switch to &NaiveActor::HandlerNormal
I1012 16:19:20.318938 17257 thread.cpp:96] Thread 1052672 construct Actor kNormalForward 2207613190192
I1012 16:19:20.318996 17257 runtime_context.cpp:29] DecreaseCounter constructing_actor_cnt, current val is 508
I1012 16:19:20.319206 17243 naive_actor.cpp:25] actor 2199023255606 switch to &NaiveActor::HandlerNormal
I1012 16:19:20.319257 17243 thread.cpp:96] Thread 1048576 construct Actor kNormalForward 2199023255606
I1012 16:19:20.319331 17243 runtime_context.cpp:29] DecreaseCounter constructing_actor_cnt, current val is 507
