Log file created at: 2021/10/14 10:05:51
Running on machine: oneflow-14
Log line format: [IWEF]mmdd hh:mm:ss.uuuuuu threadid file:line] msg
I1014 10:05:51.807333 25543 global.h:36] NewGlobal 14cudaDeviceProp
I1014 10:05:51.808297 25543 global.h:36] NewGlobal N7oneflow7EnvDescE
I1014 10:05:51.808313 25543 global.h:36] NewGlobal N7oneflow10ProcessCtxE
I1014 10:05:51.808321 25543 env_global_objects_scope.cpp:152] using rpc backend: local
I1014 10:05:51.808336 25543 global.h:36] NewGlobal N7oneflow12ResourceDescE
I1014 10:05:51.808343 25543 global.h:36] NewGlobal N7oneflow12ResourceDescE
I1014 10:05:51.876192 25543 global.h:36] NewGlobal N7oneflow10ThreadPoolE
I1014 10:05:51.877259 25543 global.h:36] NewGlobal N7oneflow16EagerNcclCommMgrE
I1014 10:05:51.877279 25543 global.h:36] NewGlobal N7oneflow18CudnnConvAlgoCacheE
I1014 10:05:51.877286 25543 global.h:36] NewGlobal N7oneflow2vm19VirtualMachineScopeE
I1014 10:05:51.877293 25543 global.h:36] NewGlobal N7oneflow9OneflowVME
I1014 10:05:51.878018 25543 oneflow_vm.cpp:75] transport stream type: N7oneflow2vm13CpuStreamTypeE
I1014 10:05:51.878033 25543 oneflow_vm.cpp:75] transport stream type: N7oneflow2vm14CudaStreamTypeE
I1014 10:05:51.878039 25543 oneflow_vm.cpp:75] transport stream type: N7oneflow2vm19AsyncCudaStreamTypeE
I1014 10:05:51.878170 25543 global.h:36] NewGlobal N7oneflow27EagerJobBuildAndInferCtxMgrE
I1014 10:05:51.878182 25543 global.h:36] NewGlobal N7oneflow12EpollCommNetE
I1014 10:05:51.878286 25543 epoll_comm_network.cpp:63] CommNet:Epoll listening on 0.0.0.0:46551
I1014 10:05:51.878316 25543 epoll_comm_network.cpp:197] machine 0 sockfd -1
I1014 10:05:51.878422 25543 global.h:36] NewGlobal N7oneflow9TransportE
I1014 10:05:51.879690 25543 global.h:43] DeleteGlobal N7oneflow12ResourceDescE
I1014 10:05:51.879716 25543 version.cpp:22] OneFlow git version: b295ca2324
I1014 10:05:51.879730 25543 device_register_gpu.cpp:56] CUDA runtime version: 11.2
I1014 10:05:51.879747 25543 device_register_gpu.cpp:65] cuDNN version: 8.1.1
I1014 10:05:51.879756 25543 device_register_gpu.cpp:78] NCCL version: 2.9.8
I1014 10:05:51.879765 25543 global.h:36] NewGlobal N7oneflow12ResourceDescE
I1014 10:05:51.879770 25543 global.h:36] NewGlobal N7oneflow5IDMgrE
I1014 10:05:51.879776 25543 global.h:36] NewGlobal N7oneflow16AvailableMemDescE
I1014 10:05:51.879798 25543 global.h:36] NewGlobal St13unordered_mapISslSt4hashISsESt8equal_toISsESaISt4pairIKSslEEE
I1014 10:05:51.879804 25543 global.h:36] NewGlobal N7oneflow19CriticalSectionDescE
I1014 10:05:51.879810 25543 global.h:36] NewGlobal N7oneflow16InterUserJobInfoE
I1014 10:05:51.879817 25543 global.h:36] NewGlobal N7oneflow26LazyJobBuildAndInferCtxMgrE
I1014 10:05:51.879823 25543 global.h:36] NewGlobal N7oneflow16JobSetCompileCtxE
I1014 10:05:51.879829 25543 global.h:36] NewGlobal N7oneflow26RuntimeBufferManagersScopeE
I1014 10:05:51.879835 25543 global.h:36] NewGlobal N7oneflow9BufferMgrIlEE
I1014 10:05:51.879842 25543 global.h:36] NewGlobal N7oneflow9BufferMgrISt10shared_ptrINS_11JobInstanceEEEE
I1014 10:05:51.879848 25543 global.h:36] NewGlobal N7oneflow10RuntimeCtxE
I1014 10:05:51.879853 25543 global.h:36] NewGlobal N7oneflow15MemoryAllocatorE
I1014 10:05:51.879858 25543 global.h:36] NewGlobal N7oneflow8ChunkMgrE
I1014 10:05:51.879864 25543 global.h:36] NewGlobal N7oneflow8RegstMgrE
I1014 10:05:51.879869 25543 global.h:36] NewGlobal N7oneflow11ActorMsgBusE
I1014 10:05:51.879875 25543 global.h:36] NewGlobal N7oneflow9ThreadMgrE
I1014 10:05:51.879880 25543 global.h:36] NewGlobal N7oneflow15RuntimeJobDescsE
I1014 10:05:51.879886 25543 global.h:36] NewGlobal N7oneflow7summary12EventsWriterE
I1014 10:05:51.879894 25543 global.h:36] NewGlobal N7oneflow6boxing10collective24CollectiveBoxingExecutorE
I1014 10:05:51.879900 25543 global.h:36] NewGlobal N7oneflow6boxing10collective31CollectiveBoxingDeviceCtxPollerE
I1014 10:05:51.880012 25543 session.h:77] NewGlobal N7oneflow25SessionGlobalObjectsScopeE
I1014 10:05:51.880630 25543 global.h:36] NewGlobal N7oneflow7JobDescE
I1014 10:05:52.329541 25543 global.h:43] DeleteGlobal N7oneflow7JobDescE
I1014 10:05:52.329742 25543 global.h:36] NewGlobal N7oneflow7JobDescE
I1014 10:05:52.333089 25543 global.h:36] NewGlobal N7oneflow7OpGraphE
I1014 10:05:52.337594 25543 global.h:43] DeleteGlobal N7oneflow7OpGraphE
I1014 10:05:52.514015 25543 global.h:43] DeleteGlobal N7oneflow7JobDescE
I1014 10:05:52.531800 25543 global.h:36] NewGlobal N7oneflow24InterJobReuseMemStrategyE
I1014 10:05:52.531826 25543 global.h:36] NewGlobal N7oneflow7OneflowE
I1014 10:05:52.544207 25543 global.h:36] NewGlobal N7oneflow7JobDescE
I1014 10:05:52.769654 25543 global.h:36] NewGlobal N7oneflow7OpGraphE
I1014 10:05:52.849182 25543 global.h:43] DeleteGlobal N7oneflow7OpGraphE
I1014 10:05:52.859602 25543 oneflow.cpp:210] 
job_id: 0 , job_name: train_job , compile time: 0.31535 seconds.
I1014 10:05:52.912734 25543 global.h:43] DeleteGlobal N7oneflow7JobDescE
I1014 10:05:52.913029 25543 global.h:36] NewGlobal N7oneflow7JobDescE
I1014 10:05:52.958824 25543 global.h:36] NewGlobal N7oneflow7OpGraphE
I1014 10:05:52.975396 25543 global.h:43] DeleteGlobal N7oneflow7OpGraphE
I1014 10:05:52.979598 25543 oneflow.cpp:210] 
job_id: 1 , job_name: System-ModelInit , compile time: 0.0663557 seconds.
I1014 10:05:52.991516 25543 global.h:43] DeleteGlobal N7oneflow7JobDescE
I1014 10:05:52.991544 25543 global.h:36] NewGlobal N7oneflow7JobDescE
I1014 10:05:53.035646 25543 global.h:36] NewGlobal N7oneflow7OpGraphE
I1014 10:05:53.053198 25543 global.h:43] DeleteGlobal N7oneflow7OpGraphE
I1014 10:05:53.058041 25543 oneflow.cpp:210] 
job_id: 2 , job_name: System-ModelLoad , compile time: 0.0664758 seconds.
I1014 10:05:53.070003 25543 global.h:43] DeleteGlobal N7oneflow7JobDescE
I1014 10:05:53.070029 25543 global.h:36] NewGlobal N7oneflow7JobDescE
I1014 10:05:53.113989 25543 global.h:36] NewGlobal N7oneflow7OpGraphE
I1014 10:05:53.130013 25543 global.h:43] DeleteGlobal N7oneflow7OpGraphE
I1014 10:05:53.134199 25543 oneflow.cpp:210] 
job_id: 3 , job_name: System-ModelSave , compile time: 0.0641544 seconds.
I1014 10:05:53.146390 25543 global.h:43] DeleteGlobal N7oneflow7JobDescE
I1014 10:05:53.146416 25543 global.h:36] NewGlobal N7oneflow7JobDescE
I1014 10:05:53.154620 25543 global.h:36] NewGlobal N7oneflow7OpGraphE
I1014 10:05:53.158234 25543 global.h:43] DeleteGlobal N7oneflow7OpGraphE
I1014 10:05:53.159749 25543 oneflow.cpp:210] 
job_id: 4 , job_name: System-Pull-Return_27 , compile time: 0.0133166 seconds.
I1014 10:05:53.163252 25543 global.h:43] DeleteGlobal N7oneflow7JobDescE
I1014 10:05:53.167376 25543 global.h:36] NewGlobal N7oneflow7JobDescE
I1014 10:05:53.167408 25543 global.h:36] NewGlobal N7oneflow7OpGraphE
I1014 10:05:53.172655 25543 global.h:43] DeleteGlobal N7oneflow7OpGraphE
I1014 10:05:53.175261 25543 oneflow.cpp:210] 
job_id: 5 , job_name: MainJob-unamed , compile time: 0.00786176 seconds.
I1014 10:05:53.182346 25543 global.h:43] DeleteGlobal N7oneflow7JobDescE
I1014 10:05:53.184909 25543 plan_util.cpp:928]  Plan: merged_plan needs to allocate [ 1390.45 MiB ] device memory in Rank: 0 , Device: 0
I1014 10:05:53.293648 25543 oneflow.cpp:998]  PushPlan merged_plan time: 0.00998118 seconds.
I1014 10:05:53.323215 25543 oneflow.cpp:1014]  PullPlan merged_plan time: 0.0256451 seconds.
I1014 10:05:55.242164 25543 runtime_context.cpp:21] NewCounter constructing_actor_cnt 409
I1014 10:05:55.243093 26112 naive_actor.cpp:25] actor 2199023255720 switch to &NaiveActor::HandlerNormal
I1014 10:05:55.243839 26112 thread.cpp:96] Thread 1048576 construct Actor kDeviceTick 2199023255720
I1014 10:05:55.243460 26103 naive_actor.cpp:25] actor 1099614388226 switch to &NaiveActor::HandlerNormal
I1014 10:05:55.243923 26112 runtime_context.cpp:29] DecreaseCounter constructing_actor_cnt, current val is 408
I1014 10:05:55.243934 26103 thread.cpp:96] Thread 524337 construct Actor kDeviceTick 1099614388226
I1014 10:05:55.243806 26104 wait_and_send_ids_actor.cpp:53] actor 1099616485376 switch to &WaitAndSendIdsActor::HandlerWaitToStart
I1014 10:05:55.244014 26104 thread.cpp:96] Thread 524338 construct Actor kWaitAndSendIds 1099616485376
I1014 10:05:55.244041 26103 runtime_context.cpp:29] DecreaseCounter constructing_actor_cnt, current val is 407
I1014 10:05:55.244093 26104 runtime_context.cpp:29] DecreaseCounter constructing_actor_cnt, current val is 406
I1014 10:05:55.244163 26112 naive_actor.cpp:25] actor 2199023255759 switch to &NaiveActor::HandlerNormal
I1014 10:05:55.244304 26112 thread.cpp:96] Thread 1048576 construct Actor kDeviceTick 2199023255759
I1014 10:05:55.244360 26112 runtime_context.cpp:29] DecreaseCounter constructing_actor_cnt, current val is 405
I1014 10:05:55.244586 26103 naive_actor.cpp:25] actor 1099614388233 switch to &NaiveActor::HandlerNormal
I1014 10:05:55.244685 26103 thread.cpp:96] Thread 524337 construct Actor kDeviceTick 1099614388233
I1014 10:05:55.244726 26112 naive_actor.cpp:25] actor 2199023255798 switch to &NaiveActor::HandlerNormal
I1014 10:05:55.244766 26112 thread.cpp:96] Thread 1048576 construct Actor kDeviceTick 2199023255798
I1014 10:05:55.244745 26103 runtime_context.cpp:29] DecreaseCounter constructing_actor_cnt, current val is 404
I1014 10:05:55.244823 26112 runtime_context.cpp:29] DecreaseCounter constructing_actor_cnt, current val is 403
I1014 10:05:55.245039 26103 naive_actor.cpp:25] actor 1099614388243 switch to &NaiveActor::HandlerNormal
I1014 10:05:55.245052 26112 naive_actor.cpp:25] actor 2199023255837 switch to &NaiveActor::HandlerNormal
I1014 10:05:55.245095 26103 thread.cpp:96] Thread 524337 construct Actor kDeviceTick 1099614388243
I1014 10:05:55.245127 26112 thread.cpp:96] Thread 1048576 construct Actor kDeviceTick 2199023255837
I1014 10:05:55.245194 26103 runtime_context.cpp:29] DecreaseCounter constructing_actor_cnt, current val is 402
I1014 10:05:55.245213 26112 runtime_context.cpp:29] DecreaseCounter constructing_actor_cnt, current val is 401
I1014 10:05:55.245425 26103 naive_actor.cpp:25] actor 1099614388252 switch to &NaiveActor::HandlerNormal
I1014 10:05:55.245458 26103 thread.cpp:96] Thread 524337 construct Actor kDeviceTick 1099614388252
I1014 10:05:55.245507 26103 runtime_context.cpp:29] DecreaseCounter constructing_actor_cnt, current val is 400
I1014 10:05:55.245754 26103 naive_actor.cpp:25] actor 1099614388261 switch to &NaiveActor::HandlerNormal
I1014 10:05:55.245786 26103 thread.cpp:96] Thread 524337 construct Actor kDeviceTick 1099614388261
I1014 10:05:55.245834 26103 runtime_context.cpp:29] DecreaseCounter constructing_actor_cnt, current val is 399
I1014 10:05:55.246047 26103 naive_actor.cpp:25] actor 1099614388269 switch to &NaiveActor::HandlerNormal
I1014 10:05:55.246078 26103 thread.cpp:96] Thread 524337 construct Actor kDeviceTick 1099614388269
I1014 10:05:55.246124 26103 runtime_context.cpp:29] DecreaseCounter constructing_actor_cnt, current val is 398
I1014 10:05:55.246332 26103 naive_actor.cpp:25] actor 1099614388276 switch to &NaiveActor::HandlerNormal
I1014 10:05:55.246363 26103 thread.cpp:96] Thread 524337 construct Actor kDeviceTick 1099614388276
I1014 10:05:55.246412 26103 runtime_context.cpp:29] DecreaseCounter constructing_actor_cnt, current val is 397
I1014 10:05:55.254060 26117 naive_actor.cpp:25] actor 2199027449856 switch to &NaiveActor::HandlerNormal
I1014 10:05:55.254060 26088 naive_actor.cpp:25] actor 1099526307840 switch to &NaiveActor::HandlerNormal
I1014 10:05:55.254196 26117 thread.cpp:96] Thread 1048578 construct Actor kCopyHd 2199027449856
I1014 10:05:55.254279 26088 thread.cpp:96] Thread 524295 construct Actor kNormalForward 1099526307840
I1014 10:05:55.254288 26087 naive_actor.cpp:25] actor 1099524210688 switch to &NaiveActor::HandlerNormal
I1014 10:05:55.254412 26092 naive_actor.cpp:25] actor 1099534696448 switch to &NaiveActor::HandlerNormal
I1014 10:05:55.254503 26096 naive_actor.cpp:25] actor 1099543085056 switch to &NaiveActor::HandlerNormal
I1014 10:05:55.254628 26091 naive_actor.cpp:25] actor 1099532599296 switch to &NaiveActor::HandlerNormal
I1014 10:05:55.254343 26105 sink_actor.cpp:21] actor 1099618582528 switch to &SinkActor::HandlerNormal
I1014 10:05:55.254808 26105 thread.cpp:96] Thread 524339 construct Actor kCallbackNotify 1099618582528
I1014 10:05:55.254866 26090 naive_actor.cpp:25] actor 1099530502144 switch to &NaiveActor::HandlerNormal
I1014 10:05:55.254426 26093 naive_actor.cpp:25] actor 1099536793600 switch to &NaiveActor::HandlerNormal
I1014 10:05:55.255157 26093 thread.cpp:96] Thread 524300 construct Actor kNormalForward 1099536793600
I1014 10:05:55.254338 26117 runtime_context.cpp:29] DecreaseCounter constructing_actor_cnt, current val is 396
I1014 10:05:55.255262 26093 runtime_context.cpp:29] DecreaseCounter constructing_actor_cnt, current val is 393
I1014 10:05:55.254525 26092 thread.cpp:96] Thread 524299 construct Actor kForeignInput 1099534696448
I1014 10:05:55.254536 26101 naive_actor.cpp:25] actor 1099553570816 switch to &NaiveActor::HandlerNormal
I1014 10:05:55.255414 26101 thread.cpp:96] Thread 524308 construct Actor kNormalForward 1099553570816
I1014 10:05:55.254595 26094 naive_actor.cpp:25] actor 1099538890752 switch to &NaiveActor::HandlerNormal
I1014 10:05:55.255581 26094 thread.cpp:96] Thread 524301 construct Actor kNormalForward 1099538890752
I1014 10:05:55.254637 26097 naive_actor.cpp:25] actor 1099545182208 switch to &NaiveActor::HandlerNormal
I1014 10:05:55.254644 26096 thread.cpp:96] Thread 524303 construct Actor kNormalForward 1099543085056
I1014 10:05:55.254631 26098 naive_actor.cpp:25] actor 1099547279360 switch to &NaiveActor::HandlerNormal
I1014 10:05:55.254634 26115 naive_actor.cpp:25] actor 2199025352707 switch to &NaiveActor::HandlerNormal
I1014 10:05:55.255827 26115 thread.cpp:96] Thread 1048577 construct Actor kCopyHd 2199025352707
I1014 10:05:55.254662 26103 naive_actor.cpp:25] actor 1099614388232 switch to &NaiveActor::HandlerNormal
I1014 10:05:55.255957 26103 thread.cpp:96] Thread 524337 construct Actor kTick 1099614388232
I1014 10:05:55.254711 26102 naive_actor.cpp:25] actor 1099555667968 switch to &NaiveActor::HandlerNormal
I1014 10:05:55.256112 26102 thread.cpp:96] Thread 524309 construct Actor kForeignOutput 1099555667968
I1014 10:05:55.254300 26086 naive_actor.cpp:25] actor 1099522113536 switch to &NaiveActor::HandlerNormal
I1014 10:05:55.254900 26099 naive_actor.cpp:25] actor 1099549376512 switch to &NaiveActor::HandlerNormal
I1014 10:05:55.256297 26099 thread.cpp:96] Thread 524306 construct Actor kNormalForward 1099549376512
I1014 10:05:55.255076 26112 naive_actor.cpp:25] actor 2199023255567 switch to &NaiveActor::HandlerNormal
I1014 10:05:55.256397 26099 runtime_context.cpp:29] DecreaseCounter constructing_actor_cnt, current val is 385
I1014 10:05:55.256417 26112 thread.cpp:96] Thread 1048576 construct Actor kNormalForward 2199023255567
I1014 10:05:55.255080 26090 thread.cpp:96] Thread 524297 construct Actor kNormalForward 1099530502144
I1014 10:05:55.256510 26112 runtime_context.cpp:29] DecreaseCounter constructing_actor_cnt, current val is 384
I1014 10:05:55.255126 26089 naive_actor.cpp:25] actor 1099528404992 switch to &NaiveActor::HandlerNormal
I1014 10:05:55.256584 26090 runtime_context.cpp:29] DecreaseCounter constructing_actor_cnt, current val is 383
I1014 10:05:55.255368 26083 naive_actor.cpp:25] actor 1099515822080 switch to &NaiveActor::HandlerNormal
I1014 10:05:55.255383 26092 runtime_context.cpp:29] DecreaseCounter constructing_actor_cnt, current val is 392
I1014 10:05:55.254534 26100 naive_actor.cpp:25] actor 1099551473664 switch to &NaiveActor::HandlerNormal
I1014 10:05:55.256953 26100 thread.cpp:96] Thread 524307 construct Actor kNormalForward 1099551473664
I1014 10:05:55.255504 26082 naive_actor.cpp:25] actor 1099513724928 switch to &NaiveActor::HandlerNormal
I1014 10:05:55.255519 26101 runtime_context.cpp:29] DecreaseCounter constructing_actor_cnt, current val is 391
I1014 10:05:55.257086 26082 thread.cpp:96] Thread 524289 construct Actor kNormalForward 1099513724928
I1014 10:05:55.254328 26095 naive_actor.cpp:25] actor 1099540987904 switch to &NaiveActor::HandlerNormal
I1014 10:05:55.257179 26082 runtime_context.cpp:29] DecreaseCounter constructing_actor_cnt, current val is 381
I1014 10:05:55.257187 26095 thread.cpp:96] Thread 524302 construct Actor kForeignInput 1099540987904
I1014 10:05:55.255709 26094 runtime_context.cpp:29] DecreaseCounter constructing_actor_cnt, current val is 390
I1014 10:05:55.255777 26098 thread.cpp:96] Thread 524305 construct Actor kForeignInput 1099547279360
I1014 10:05:55.255802 26096 runtime_context.cpp:29] DecreaseCounter constructing_actor_cnt, current val is 389
I1014 10:05:55.257593 26098 runtime_context.cpp:29] DecreaseCounter constructing_actor_cnt, current val is 379
I1014 10:05:55.255867 26115 runtime_context.cpp:29] DecreaseCounter constructing_actor_cnt, current val is 388
I1014 10:05:55.254716 26091 thread.cpp:96] Thread 524298 construct Actor kNormalForward 1099532599296
I1014 10:05:55.256069 26103 runtime_context.cpp:29] DecreaseCounter constructing_actor_cnt, current val is 387
I1014 10:05:55.254422 26088 runtime_context.cpp:29] DecreaseCounter constructing_actor_cnt, current val is 395
I1014 10:05:55.256206 26102 runtime_context.cpp:29] DecreaseCounter constructing_actor_cnt, current val is 386
I1014 10:05:55.256247 26086 thread.cpp:96] Thread 524293 construct Actor kNormalForward 1099522113536
I1014 10:05:55.254927 26105 runtime_context.cpp:29] DecreaseCounter constructing_actor_cnt, current val is 394
I1014 10:05:55.258203 26086 runtime_context.cpp:29] DecreaseCounter constructing_actor_cnt, current val is 377
I1014 10:05:55.256597 26089 thread.cpp:96] Thread 524296 construct Actor kNormalForward 1099528404992
I1014 10:05:55.254436 26087 thread.cpp:96] Thread 524294 construct Actor kNormalForward 1099524210688
I1014 10:05:55.258458 26089 runtime_context.cpp:29] DecreaseCounter constructing_actor_cnt, current val is 376
I1014 10:05:55.256749 26083 thread.cpp:96] Thread 524290 construct Actor kNormalForward 1099515822080
I1014 10:05:55.255504 26084 naive_actor.cpp:25] actor 1099517919232 switch to &NaiveActor::HandlerNormal
I1014 10:05:55.258643 26083 runtime_context.cpp:29] DecreaseCounter constructing_actor_cnt, current val is 374
I1014 10:05:55.255704 26097 thread.cpp:96] Thread 524304 construct Actor kNormalForward 1099545182208
I1014 10:05:55.257279 26095 runtime_context.cpp:29] DecreaseCounter constructing_actor_cnt, current val is 380
I1014 10:05:55.257835 26115 naive_actor.cpp:25] actor 2199025352706 switch to &NaiveActor::HandlerNormal
I1014 10:05:55.259070 26115 thread.cpp:96] Thread 1048577 construct Actor kCopyHd 2199025352706
I1014 10:05:55.255098 26085 naive_actor.cpp:25] actor 1099520016384 switch to &NaiveActor::HandlerNormal
I1014 10:05:55.259238 26085 thread.cpp:96] Thread 524292 construct Actor kNormalForward 1099520016384
I1014 10:05:55.256959 26112 naive_actor.cpp:25] actor 2199023255591 switch to &NaiveActor::HandlerNormal
I1014 10:05:55.259521 26112 thread.cpp:96] Thread 1048576 construct Actor kNormalForward 2199023255591
I1014 10:05:55.258663 26084 thread.cpp:96] Thread 524291 construct Actor kNormalForward 1099517919232
I1014 10:05:55.257059 26100 runtime_context.cpp:29] DecreaseCounter constructing_actor_cnt, current val is 382
I1014 10:05:55.258885 26097 runtime_context.cpp:29] DecreaseCounter constructing_actor_cnt, current val is 373
I1014 10:05:55.257850 26091 runtime_context.cpp:29] DecreaseCounter constructing_actor_cnt, current val is 378
I1014 10:05:55.259157 26115 runtime_context.cpp:29] DecreaseCounter constructing_actor_cnt, current val is 372
I1014 10:05:55.258504 26087 runtime_context.cpp:29] DecreaseCounter constructing_actor_cnt, current val is 375
I1014 10:05:55.259388 26085 runtime_context.cpp:29] DecreaseCounter constructing_actor_cnt, current val is 371
I1014 10:05:55.260172 26115 naive_actor.cpp:25] actor 2199025352704 switch to &NaiveActor::HandlerNormal
I1014 10:05:55.260288 26115 thread.cpp:96] Thread 1048577 construct Actor kCopyHd 2199025352704
I1014 10:05:55.259706 26084 runtime_context.cpp:29] DecreaseCounter constructing_actor_cnt, current val is 369
I1014 10:05:55.258594 26103 esac_actor.cpp:73] actor 1099614388313 switch to &EsacActor::HandlerNormal
I1014 10:05:55.259642 26112 runtime_context.cpp:29] DecreaseCounter constructing_actor_cnt, current val is 370
I1014 10:05:55.260365 26115 runtime_context.cpp:29] DecreaseCounter constructing_actor_cnt, current val is 368
I1014 10:05:55.260465 26103 thread.cpp:96] Thread 524337 construct Actor kEsac 1099614388313
I1014 10:05:55.260749 26103 runtime_context.cpp:29] DecreaseCounter constructing_actor_cnt, current val is 367
I1014 10:05:55.260824 26115 naive_actor.cpp:25] actor 2199025352708 switch to &NaiveActor::HandlerNormal
I1014 10:05:55.260883 26115 thread.cpp:96] Thread 1048577 construct Actor kCopyHd 2199025352708
I1014 10:05:55.260941 26115 runtime_context.cpp:29] DecreaseCounter constructing_actor_cnt, current val is 366
I1014 10:05:55.260962 26112 naive_actor.cpp:25] actor 2199023255568 switch to &NaiveActor::HandlerNormal
I1014 10:05:55.261061 26112 thread.cpp:96] Thread 1048576 construct Actor kNormalForward 2199023255568
I1014 10:05:55.261145 26112 runtime_context.cpp:29] DecreaseCounter constructing_actor_cnt, current val is 365
I1014 10:05:55.261176 26115 naive_actor.cpp:25] actor 2199025352705 switch to &NaiveActor::HandlerNormal
I1014 10:05:55.261250 26115 thread.cpp:96] Thread 1048577 construct Actor kCopyHd 2199025352705
I1014 10:05:55.261312 26115 runtime_context.cpp:29] DecreaseCounter constructing_actor_cnt, current val is 364
I1014 10:05:55.261346 26103 naive_actor.cpp:25] actor 1099614388239 switch to &NaiveActor::HandlerNormal
I1014 10:05:55.261402 26103 thread.cpp:96] Thread 524337 construct Actor kTick 1099614388239
I1014 10:05:55.261484 26103 runtime_context.cpp:29] DecreaseCounter constructing_actor_cnt, current val is 363
I1014 10:05:55.261504 26115 naive_actor.cpp:25] actor 2199025352709 switch to &NaiveActor::HandlerNormal
I1014 10:05:55.261588 26115 thread.cpp:96] Thread 1048577 construct Actor kCopyHd 2199025352709
I1014 10:05:55.261657 26115 runtime_context.cpp:29] DecreaseCounter constructing_actor_cnt, current val is 362
I1014 10:05:55.261890 26115 naive_actor.cpp:25] actor 2199025352710 switch to &NaiveActor::HandlerNormal
I1014 10:05:55.261945 26115 thread.cpp:96] Thread 1048577 construct Actor kCopyHd 2199025352710
I1014 10:05:55.262023 26115 runtime_context.cpp:29] DecreaseCounter constructing_actor_cnt, current val is 361
I1014 10:05:55.262051 26103 naive_actor.cpp:25] actor 1099614388229 switch to &NaiveActor::HandlerNormal
I1014 10:05:55.262104 26103 thread.cpp:96] Thread 524337 construct Actor kDstSubsetTick 1099614388229
I1014 10:05:55.262203 26103 runtime_context.cpp:29] DecreaseCounter constructing_actor_cnt, current val is 360
I1014 10:05:55.262450 26112 naive_actor.cpp:25] actor 2199023255574 switch to &NaiveActor::HandlerNormal
I1014 10:05:55.262516 26112 thread.cpp:96] Thread 1048576 construct Actor kNormalForward 2199023255574
I1014 10:05:55.262581 26103 naive_actor.cpp:25] actor 1099614388224 switch to &NaiveActor::HandlerNormal
I1014 10:05:55.262629 26103 thread.cpp:96] Thread 524337 construct Actor kDeviceTick 1099614388224
I1014 10:05:55.262636 26112 runtime_context.cpp:29] DecreaseCounter constructing_actor_cnt, current val is 359
I1014 10:05:55.262714 26103 runtime_context.cpp:29] DecreaseCounter constructing_actor_cnt, current val is 358
I1014 10:05:55.263020 26103 naive_actor.cpp:25] actor 1099614388225 switch to &NaiveActor::HandlerNormal
I1014 10:05:55.263069 26103 thread.cpp:96] Thread 524337 construct Actor kSrcSubsetTick 1099614388225
I1014 10:05:55.263155 26103 runtime_context.cpp:29] DecreaseCounter constructing_actor_cnt, current val is 357
I1014 10:05:55.263489 26103 naive_actor.cpp:25] actor 1099614388228 switch to &NaiveActor::HandlerNormal
I1014 10:05:55.263554 26103 thread.cpp:96] Thread 524337 construct Actor kTick 1099614388228
I1014 10:05:55.263643 26103 runtime_context.cpp:29] DecreaseCounter constructing_actor_cnt, current val is 356
I1014 10:05:55.264000 26103 naive_actor.cpp:25] actor 1099614388231 switch to &NaiveActor::HandlerNormal
I1014 10:05:55.264052 26103 thread.cpp:96] Thread 524337 construct Actor kTick 1099614388231
I1014 10:05:55.264134 26103 runtime_context.cpp:29] DecreaseCounter constructing_actor_cnt, current val is 355
I1014 10:05:55.264482 26103 naive_actor.cpp:25] actor 1099614388234 switch to &NaiveActor::HandlerNormal
I1014 10:05:55.264530 26103 thread.cpp:96] Thread 524337 construct Actor kSrcSubsetTick 1099614388234
I1014 10:05:55.264525 26112 naive_actor.cpp:25] actor 2199023255573 switch to &NaiveActor::HandlerNormal
I1014 10:05:55.264729 26103 runtime_context.cpp:29] DecreaseCounter constructing_actor_cnt, current val is 354
I1014 10:05:55.264750 26112 thread.cpp:96] Thread 1048576 construct Actor kNormalForward 2199023255573
I1014 10:05:55.264879 26112 runtime_context.cpp:29] DecreaseCounter constructing_actor_cnt, current val is 353
I1014 10:05:55.265190 26103 naive_actor.cpp:25] actor 1099614388237 switch to &NaiveActor::HandlerNormal
I1014 10:05:55.265240 26103 thread.cpp:96] Thread 524337 construct Actor kDstSubsetTick 1099614388237
I1014 10:05:55.265331 26112 naive_actor.cpp:25] actor 2199023255570 switch to &NaiveActor::HandlerNormal
I1014 10:05:55.265380 26112 thread.cpp:96] Thread 1048576 construct Actor kNormalForward 2199023255570
I1014 10:05:55.265383 26103 runtime_context.cpp:29] DecreaseCounter constructing_actor_cnt, current val is 352
I1014 10:05:55.265460 26112 runtime_context.cpp:29] DecreaseCounter constructing_actor_cnt, current val is 351
I1014 10:05:55.265767 26103 naive_actor.cpp:25] actor 1099614388236 switch to &NaiveActor::HandlerNormal
I1014 10:05:55.265833 26103 thread.cpp:96] Thread 524337 construct Actor kTick 1099614388236
I1014 10:05:55.265908 26103 runtime_context.cpp:29] DecreaseCounter constructing_actor_cnt, current val is 350
I1014 10:05:55.266232 26103 naive_actor.cpp:25] actor 1099614388238 switch to &NaiveActor::HandlerNormal
I1014 10:05:55.266292 26103 thread.cpp:96] Thread 524337 construct Actor kTick 1099614388238
I1014 10:05:55.266376 26103 runtime_context.cpp:29] DecreaseCounter constructing_actor_cnt, current val is 349
I1014 10:05:55.266533 26112 naive_actor.cpp:25] actor 2199023255558 switch to &NaiveActor::HandlerNormal
I1014 10:05:55.266593 26112 thread.cpp:96] Thread 1048576 construct Actor kNormalForward 2199023255558
I1014 10:05:55.266692 26112 runtime_context.cpp:29] DecreaseCounter constructing_actor_cnt, current val is 348
I1014 10:05:55.266729 26103 naive_actor.cpp:25] actor 1099614388230 switch to &NaiveActor::HandlerNormal
I1014 10:05:55.266777 26103 thread.cpp:96] Thread 524337 construct Actor kTick 1099614388230
I1014 10:05:55.266856 26103 runtime_context.cpp:29] DecreaseCounter constructing_actor_cnt, current val is 347
I1014 10:05:55.267357 26103 esac_actor.cpp:73] actor 1099614388321 switch to &EsacActor::HandlerNormal
I1014 10:05:55.267406 26103 thread.cpp:96] Thread 524337 construct Actor kEsac 1099614388321
I1014 10:05:55.267485 26112 naive_actor.cpp:25] actor 2199023255572 switch to &NaiveActor::HandlerNormal
I1014 10:05:55.267513 26103 runtime_context.cpp:29] DecreaseCounter constructing_actor_cnt, current val is 346
I1014 10:05:55.267539 26112 thread.cpp:96] Thread 1048576 construct Actor kNormalForward 2199023255572
I1014 10:05:55.267670 26112 runtime_context.cpp:29] DecreaseCounter constructing_actor_cnt, current val is 345
I1014 10:05:55.267940 26103 naive_actor.cpp:25] actor 1099614388240 switch to &NaiveActor::HandlerNormal
I1014 10:05:55.267988 26103 thread.cpp:96] Thread 524337 construct Actor kTick 1099614388240
I1014 10:05:55.268077 26103 runtime_context.cpp:29] DecreaseCounter constructing_actor_cnt, current val is 344
I1014 10:05:55.268432 26103 naive_actor.cpp:25] actor 1099614388242 switch to &NaiveActor::HandlerNormal
I1014 10:05:55.268479 26103 thread.cpp:96] Thread 524337 construct Actor kSrcSubsetTick 1099614388242
I1014 10:05:55.268577 26103 runtime_context.cpp:29] DecreaseCounter constructing_actor_cnt, current val is 343
I1014 10:05:55.268806 26112 naive_actor.cpp:25] actor 2199023255576 switch to &NaiveActor::HandlerNormal
I1014 10:05:55.268859 26112 thread.cpp:96] Thread 1048576 construct Actor kNormalForward 2199023255576
I1014 10:05:55.268935 26103 naive_actor.cpp:25] actor 1099614388319 switch to &NaiveActor::HandlerNormal
I1014 10:05:55.268957 26112 runtime_context.cpp:29] DecreaseCounter constructing_actor_cnt, current val is 342
I1014 10:05:55.268988 26103 thread.cpp:96] Thread 524337 construct Actor kTick 1099614388319
I1014 10:05:55.269124 26103 runtime_context.cpp:29] DecreaseCounter constructing_actor_cnt, current val is 341
I1014 10:05:55.269390 26112 naive_actor.cpp:25] actor 2199023255577 switch to &NaiveActor::HandlerNormal
I1014 10:05:55.269452 26112 thread.cpp:96] Thread 1048576 construct Actor kNormalForward 2199023255577
I1014 10:05:55.269455 26103 naive_actor.cpp:25] actor 1099614388245 switch to &NaiveActor::HandlerNormal
I1014 10:05:55.269526 26103 thread.cpp:96] Thread 524337 construct Actor kTick 1099614388245
I1014 10:05:55.269538 26112 runtime_context.cpp:29] DecreaseCounter constructing_actor_cnt, current val is 340
I1014 10:05:55.269618 26103 runtime_context.cpp:29] DecreaseCounter constructing_actor_cnt, current val is 339
I1014 10:05:55.269953 26103 naive_actor.cpp:25] actor 1099614388241 switch to &NaiveActor::HandlerNormal
I1014 10:05:55.269999 26103 thread.cpp:96] Thread 524337 construct Actor kDeviceTick 1099614388241
I1014 10:05:55.270072 26103 runtime_context.cpp:29] DecreaseCounter constructing_actor_cnt, current val is 338
I1014 10:05:55.270467 26103 naive_actor.cpp:25] actor 1099614388246 switch to &NaiveActor::HandlerNormal
I1014 10:05:55.270534 26103 thread.cpp:96] Thread 524337 construct Actor kDstSubsetTick 1099614388246
I1014 10:05:55.270628 26103 runtime_context.cpp:29] DecreaseCounter constructing_actor_cnt, current val is 337
I1014 10:05:55.270965 26112 naive_actor.cpp:25] actor 2199023255566 switch to &NaiveActor::HandlerNormal
I1014 10:05:55.270972 26103 naive_actor.cpp:25] actor 1099614388248 switch to &NaiveActor::HandlerNormal
I1014 10:05:55.271023 26112 thread.cpp:96] Thread 1048576 construct Actor kNormalForward 2199023255566
I1014 10:05:55.271060 26103 thread.cpp:96] Thread 524337 construct Actor kTick 1099614388248
I1014 10:05:55.271153 26112 runtime_context.cpp:29] DecreaseCounter constructing_actor_cnt, current val is 336
I1014 10:05:55.271155 26103 runtime_context.cpp:29] DecreaseCounter constructing_actor_cnt, current val is 335
I1014 10:05:55.271524 26103 naive_actor.cpp:25] actor 1099614388247 switch to &NaiveActor::HandlerNormal
I1014 10:05:55.271579 26103 thread.cpp:96] Thread 524337 construct Actor kTick 1099614388247
I1014 10:05:55.271662 26103 runtime_context.cpp:29] DecreaseCounter constructing_actor_cnt, current val is 334
I1014 10:05:55.271966 26103 naive_actor.cpp:25] actor 1099614388249 switch to &NaiveActor::HandlerNormal
I1014 10:05:55.272014 26103 thread.cpp:96] Thread 524337 construct Actor kTick 1099614388249
I1014 10:05:55.272092 26103 runtime_context.cpp:29] DecreaseCounter constructing_actor_cnt, current val is 333
I1014 10:05:55.272169 26112 naive_actor.cpp:25] actor 2199023255578 switch to &NaiveActor::HandlerNormal
I1014 10:05:55.272228 26112 thread.cpp:96] Thread 1048576 construct Actor kNormalForward 2199023255578
I1014 10:05:55.272330 26112 runtime_context.cpp:29] DecreaseCounter constructing_actor_cnt, current val is 332
I1014 10:05:55.272431 26103 naive_actor.cpp:25] actor 1099614388250 switch to &NaiveActor::HandlerNormal
I1014 10:05:55.272485 26103 thread.cpp:96] Thread 524337 construct Actor kDeviceTick 1099614388250
I1014 10:05:55.272574 26103 runtime_context.cpp:29] DecreaseCounter constructing_actor_cnt, current val is 331
I1014 10:05:55.272712 26112 naive_actor.cpp:25] actor 2199023255561 switch to &NaiveActor::HandlerNormal
I1014 10:05:55.272761 26112 thread.cpp:96] Thread 1048576 construct Actor kNormalForward 2199023255561
I1014 10:05:55.272855 26112 runtime_context.cpp:29] DecreaseCounter constructing_actor_cnt, current val is 330
I1014 10:05:55.272894 26103 naive_actor.cpp:25] actor 1099614388251 switch to &NaiveActor::HandlerNormal
I1014 10:05:55.272941 26103 thread.cpp:96] Thread 524337 construct Actor kSrcSubsetTick 1099614388251
I1014 10:05:55.273015 26103 runtime_context.cpp:29] DecreaseCounter constructing_actor_cnt, current val is 329
I1014 10:05:55.273348 26103 naive_actor.cpp:25] actor 1099614388314 switch to &NaiveActor::HandlerNormal
I1014 10:05:55.273393 26103 thread.cpp:96] Thread 524337 construct Actor kTick 1099614388314
I1014 10:05:55.273574 26103 runtime_context.cpp:29] DecreaseCounter constructing_actor_cnt, current val is 328
I1014 10:05:55.273825 26112 naive_actor.cpp:25] actor 2199023255569 switch to &NaiveActor::HandlerNormal
I1014 10:05:55.273877 26112 thread.cpp:96] Thread 1048576 construct Actor kNormalForward 2199023255569
I1014 10:05:55.273900 26103 naive_actor.cpp:25] actor 1099614388254 switch to &NaiveActor::HandlerNormal
I1014 10:05:55.273945 26103 thread.cpp:96] Thread 524337 construct Actor kTick 1099614388254
I1014 10:05:55.273973 26112 runtime_context.cpp:29] DecreaseCounter constructing_actor_cnt, current val is 327
I1014 10:05:55.274015 26103 runtime_context.cpp:29] DecreaseCounter constructing_actor_cnt, current val is 326
I1014 10:05:55.274331 26103 naive_actor.cpp:25] actor 1099614388257 switch to &NaiveActor::HandlerNormal
I1014 10:05:55.274379 26103 thread.cpp:96] Thread 524337 construct Actor kTick 1099614388257
I1014 10:05:55.274459 26103 runtime_context.cpp:29] DecreaseCounter constructing_actor_cnt, current val is 325
I1014 10:05:55.274857 26103 naive_actor.cpp:25] actor 1099614388255 switch to &NaiveActor::HandlerNormal
I1014 10:05:55.274904 26103 thread.cpp:96] Thread 524337 construct Actor kDstSubsetTick 1099614388255
I1014 10:05:55.274983 26103 runtime_context.cpp:29] DecreaseCounter constructing_actor_cnt, current val is 324
I1014 10:05:55.275000 26112 naive_actor.cpp:25] actor 2199023255609 switch to &NaiveActor::HandlerNormal
I1014 10:05:55.275069 26112 thread.cpp:96] Thread 1048576 construct Actor kNormalForward 2199023255609
I1014 10:05:55.275175 26112 runtime_context.cpp:29] DecreaseCounter constructing_actor_cnt, current val is 323
I1014 10:05:55.275343 26103 naive_actor.cpp:25] actor 1099614388256 switch to &NaiveActor::HandlerNormal
I1014 10:05:55.275388 26103 thread.cpp:96] Thread 524337 construct Actor kTick 1099614388256
I1014 10:05:55.275475 26103 runtime_context.cpp:29] DecreaseCounter constructing_actor_cnt, current val is 322
I1014 10:05:55.275781 26103 naive_actor.cpp:25] actor 1099614388258 switch to &NaiveActor::HandlerNormal
I1014 10:05:55.275830 26103 thread.cpp:96] Thread 524337 construct Actor kTick 1099614388258
I1014 10:05:55.275902 26103 runtime_context.cpp:29] DecreaseCounter constructing_actor_cnt, current val is 321
I1014 10:05:55.276170 26112 naive_actor.cpp:25] actor 2199023255562 switch to &NaiveActor::HandlerNormal
I1014 10:05:55.276186 26103 naive_actor.cpp:25] actor 1099614388263 switch to &NaiveActor::HandlerNormal
I1014 10:05:55.276226 26112 thread.cpp:96] Thread 1048576 construct Actor kNormalForward 2199023255562
I1014 10:05:55.276262 26103 thread.cpp:96] Thread 524337 construct Actor kTick 1099614388263
I1014 10:05:55.276347 26112 runtime_context.cpp:29] DecreaseCounter constructing_actor_cnt, current val is 320
I1014 10:05:55.276381 26103 runtime_context.cpp:29] DecreaseCounter constructing_actor_cnt, current val is 319
I1014 10:05:55.276552 26081 naive_actor.cpp:25] actor 1099511627776 switch to &NaiveActor::HandlerNormal
I1014 10:05:55.276636 26081 thread.cpp:96] Thread 524288 construct Actor kNormalForward 1099511627776
I1014 10:05:55.276710 26103 naive_actor.cpp:25] actor 1099614388265 switch to &NaiveActor::HandlerNormal
I1014 10:05:55.276742 26081 runtime_context.cpp:29] DecreaseCounter constructing_actor_cnt, current val is 318
I1014 10:05:55.276765 26103 thread.cpp:96] Thread 524337 construct Actor kTick 1099614388265
I1014 10:05:55.276863 26103 runtime_context.cpp:29] DecreaseCounter constructing_actor_cnt, current val is 317
I1014 10:05:55.277165 26103 naive_actor.cpp:25] actor 1099614388260 switch to &NaiveActor::HandlerNormal
I1014 10:05:55.277210 26103 thread.cpp:96] Thread 524337 construct Actor kSrcSubsetTick 1099614388260
I1014 10:05:55.277274 26103 runtime_context.cpp:29] DecreaseCounter constructing_actor_cnt, current val is 316
I1014 10:05:55.277277 26112 naive_actor.cpp:25] actor 2199023255588 switch to &NaiveActor::HandlerNormal
I1014 10:05:55.277348 26112 thread.cpp:96] Thread 1048576 construct Actor kNormalForward 2199023255588
I1014 10:05:55.277508 26112 runtime_context.cpp:29] DecreaseCounter constructing_actor_cnt, current val is 315
I1014 10:05:55.277616 26103 naive_actor.cpp:25] actor 1099614388320 switch to &NaiveActor::HandlerNormal
I1014 10:05:55.277662 26103 thread.cpp:96] Thread 524337 construct Actor kTick 1099614388320
I1014 10:05:55.277731 26103 runtime_context.cpp:29] DecreaseCounter constructing_actor_cnt, current val is 314
I1014 10:05:55.277873 26112 naive_actor.cpp:25] actor 2199023255563 switch to &NaiveActor::HandlerNormal
I1014 10:05:55.277920 26112 thread.cpp:96] Thread 1048576 construct Actor kNormalForward 2199023255563
I1014 10:05:55.277992 26112 runtime_context.cpp:29] DecreaseCounter constructing_actor_cnt, current val is 313
I1014 10:05:55.278041 26103 naive_actor.cpp:25] actor 1099614388259 switch to &NaiveActor::HandlerNormal
I1014 10:05:55.278086 26103 thread.cpp:96] Thread 524337 construct Actor kDeviceTick 1099614388259
I1014 10:05:55.278154 26103 runtime_context.cpp:29] DecreaseCounter constructing_actor_cnt, current val is 312
I1014 10:05:55.278512 26103 naive_actor.cpp:25] actor 1099614388264 switch to &NaiveActor::HandlerNormal
I1014 10:05:55.278555 26103 thread.cpp:96] Thread 524337 construct Actor kDstSubsetTick 1099614388264
I1014 10:05:55.278643 26103 runtime_context.cpp:29] DecreaseCounter constructing_actor_cnt, current val is 311
I1014 10:05:55.278825 26112 naive_actor.cpp:25] actor 2199023255571 switch to &NaiveActor::HandlerNormal
I1014 10:05:55.278874 26112 thread.cpp:96] Thread 1048576 construct Actor kNormalForward 2199023255571
I1014 10:05:55.278937 26103 naive_actor.cpp:25] actor 1099614388266 switch to &NaiveActor::HandlerNormal
I1014 10:05:55.278955 26112 runtime_context.cpp:29] DecreaseCounter constructing_actor_cnt, current val is 310
I1014 10:05:55.278990 26103 thread.cpp:96] Thread 524337 construct Actor kTick 1099614388266
I1014 10:05:55.279094 26103 runtime_context.cpp:29] DecreaseCounter constructing_actor_cnt, current val is 309
I1014 10:05:55.279408 26103 naive_actor.cpp:25] actor 1099614388280 switch to &NaiveActor::HandlerNormal
I1014 10:05:55.279451 26103 thread.cpp:96] Thread 524337 construct Actor kDstSubsetTick 1099614388280
I1014 10:05:55.279517 26103 runtime_context.cpp:29] DecreaseCounter constructing_actor_cnt, current val is 308
I1014 10:05:55.279708 26112 naive_actor.cpp:25] actor 2199023255579 switch to &NaiveActor::HandlerNormal
I1014 10:05:55.279757 26112 thread.cpp:96] Thread 1048576 construct Actor kNormalForward 2199023255579
I1014 10:05:55.279824 26103 naive_actor.cpp:25] actor 1099614388267 switch to &NaiveActor::HandlerNormal
I1014 10:05:55.279831 26112 runtime_context.cpp:29] DecreaseCounter constructing_actor_cnt, current val is 307
I1014 10:05:55.279873 26103 thread.cpp:96] Thread 524337 construct Actor kDeviceTick 1099614388267
I1014 10:05:55.279961 26103 runtime_context.cpp:29] DecreaseCounter constructing_actor_cnt, current val is 306
I1014 10:05:55.280179 26112 naive_actor.cpp:25] actor 2199023255575 switch to &NaiveActor::HandlerNormal
I1014 10:05:55.280228 26112 thread.cpp:96] Thread 1048576 construct Actor kNormalForward 2199023255575
I1014 10:05:55.280242 26103 naive_actor.cpp:25] actor 1099614388279 switch to &NaiveActor::HandlerNormal
I1014 10:05:55.280299 26103 thread.cpp:96] Thread 524337 construct Actor kTick 1099614388279
I1014 10:05:55.280303 26112 runtime_context.cpp:29] DecreaseCounter constructing_actor_cnt, current val is 305
I1014 10:05:55.280364 26103 runtime_context.cpp:29] DecreaseCounter constructing_actor_cnt, current val is 304
I1014 10:05:55.280650 26103 naive_actor.cpp:25] actor 1099614388275 switch to &NaiveActor::HandlerNormal
I1014 10:05:55.280699 26103 thread.cpp:96] Thread 524337 construct Actor kTick 1099614388275
I1014 10:05:55.280761 26103 runtime_context.cpp:29] DecreaseCounter constructing_actor_cnt, current val is 303
I1014 10:05:55.281034 26103 naive_actor.cpp:25] actor 1099614388282 switch to &NaiveActor::HandlerNormal
I1014 10:05:55.281076 26103 thread.cpp:96] Thread 524337 construct Actor kTick 1099614388282
I1014 10:05:55.281205 26112 naive_actor.cpp:25] actor 2199023255560 switch to &NaiveActor::HandlerNormal
I1014 10:05:55.281214 26103 runtime_context.cpp:29] DecreaseCounter constructing_actor_cnt, current val is 302
I1014 10:05:55.281318 26112 thread.cpp:96] Thread 1048576 construct Actor kNormalForward 2199023255560
I1014 10:05:55.281446 26112 runtime_context.cpp:29] DecreaseCounter constructing_actor_cnt, current val is 301
I1014 10:05:55.281623 26103 naive_actor.cpp:25] actor 1099614388281 switch to &NaiveActor::HandlerNormal
I1014 10:05:55.281667 26103 thread.cpp:96] Thread 524337 construct Actor kTick 1099614388281
I1014 10:05:55.281731 26103 runtime_context.cpp:29] DecreaseCounter constructing_actor_cnt, current val is 300
I1014 10:05:55.282025 26103 naive_actor.cpp:25] actor 1099614388268 switch to &NaiveActor::HandlerNormal
I1014 10:05:55.282071 26103 thread.cpp:96] Thread 524337 construct Actor kSrcSubsetTick 1099614388268
I1014 10:05:55.282135 26103 runtime_context.cpp:29] DecreaseCounter constructing_actor_cnt, current val is 299
I1014 10:05:55.282358 26112 naive_actor.cpp:25] actor 2199023255564 switch to &NaiveActor::HandlerNormal
I1014 10:05:55.282405 26112 thread.cpp:96] Thread 1048576 construct Actor kNormalForward 2199023255564
I1014 10:05:55.282445 26103 naive_actor.cpp:25] actor 1099614388272 switch to &NaiveActor::HandlerNormal
I1014 10:05:55.282485 26112 runtime_context.cpp:29] DecreaseCounter constructing_actor_cnt, current val is 298
I1014 10:05:55.282492 26103 thread.cpp:96] Thread 524337 construct Actor kDstSubsetTick 1099614388272
I1014 10:05:55.282599 26103 runtime_context.cpp:29] DecreaseCounter constructing_actor_cnt, current val is 297
I1014 10:05:55.282861 26103 naive_actor.cpp:25] actor 1099614388273 switch to &NaiveActor::HandlerNormal
I1014 10:05:55.282904 26103 thread.cpp:96] Thread 524337 construct Actor kTick 1099614388273
I1014 10:05:55.282968 26103 runtime_context.cpp:29] DecreaseCounter constructing_actor_cnt, current val is 296
I1014 10:05:55.283250 26103 naive_actor.cpp:25] actor 1099614388274 switch to &NaiveActor::HandlerNormal
I1014 10:05:55.283293 26112 naive_actor.cpp:25] actor 2199023255555 switch to &NaiveActor::HandlerNormal
I1014 10:05:55.283294 26103 thread.cpp:96] Thread 524337 construct Actor kTick 1099614388274
I1014 10:05:55.283344 26112 thread.cpp:96] Thread 1048576 construct Actor kNormalForward 2199023255555
I1014 10:05:55.283399 26103 runtime_context.cpp:29] DecreaseCounter constructing_actor_cnt, current val is 295
I1014 10:05:55.283442 26112 runtime_context.cpp:29] DecreaseCounter constructing_actor_cnt, current val is 294
I1014 10:05:55.283686 26103 naive_actor.cpp:25] actor 1099614388277 switch to &NaiveActor::HandlerNormal
I1014 10:05:55.283730 26103 thread.cpp:96] Thread 524337 construct Actor kSrcSubsetTick 1099614388277
I1014 10:05:55.283794 26103 runtime_context.cpp:29] DecreaseCounter constructing_actor_cnt, current val is 293
I1014 10:05:55.284058 26103 naive_actor.cpp:25] actor 1099614388317 switch to &NaiveActor::HandlerNormal
I1014 10:05:55.284101 26103 thread.cpp:96] Thread 524337 construct Actor kTick 1099614388317
I1014 10:05:55.284163 26103 runtime_context.cpp:29] DecreaseCounter constructing_actor_cnt, current val is 292
I1014 10:05:55.284305 26112 naive_actor.cpp:25] actor 2199023255556 switch to &NaiveActor::HandlerNormal
I1014 10:05:55.284353 26112 thread.cpp:96] Thread 1048576 construct Actor kNormalForward 2199023255556
I1014 10:05:55.284430 26112 runtime_context.cpp:29] DecreaseCounter constructing_actor_cnt, current val is 291
I1014 10:05:55.284431 26103 naive_actor.cpp:25] actor 1099614388271 switch to &NaiveActor::HandlerNormal
I1014 10:05:55.284502 26103 thread.cpp:96] Thread 524337 construct Actor kTick 1099614388271
I1014 10:05:55.284574 26103 runtime_context.cpp:29] DecreaseCounter constructing_actor_cnt, current val is 290
I1014 10:05:55.284876 26103 naive_actor.cpp:25] actor 1099614388286 switch to &NaiveActor::HandlerNormal
I1014 10:05:55.284920 26103 thread.cpp:96] Thread 524337 construct Actor kTick 1099614388286
I1014 10:05:55.285018 26103 runtime_context.cpp:29] DecreaseCounter constructing_actor_cnt, current val is 289
I1014 10:05:55.285307 26103 naive_actor.cpp:25] actor 1099614388285 switch to &NaiveActor::HandlerNormal
I1014 10:05:55.285351 26103 thread.cpp:96] Thread 524337 construct Actor kTick 1099614388285
I1014 10:05:55.285394 26112 naive_actor.cpp:25] actor 2199023255604 switch to &NaiveActor::HandlerNormal
I1014 10:05:55.285410 26103 runtime_context.cpp:29] DecreaseCounter constructing_actor_cnt, current val is 288
I1014 10:05:55.285449 26112 thread.cpp:96] Thread 1048576 construct Actor kNormalForward 2199023255604
I1014 10:05:55.285553 26112 runtime_context.cpp:29] DecreaseCounter constructing_actor_cnt, current val is 287
I1014 10:05:55.285727 26103 naive_actor.cpp:25] actor 1099614388300 switch to &NaiveActor::HandlerNormal
I1014 10:05:55.285778 26103 thread.cpp:96] Thread 524337 construct Actor kTick 1099614388300
I1014 10:05:55.285840 26103 runtime_context.cpp:29] DecreaseCounter constructing_actor_cnt, current val is 286
I1014 10:05:55.286108 26103 naive_actor.cpp:25] actor 1099614388288 switch to &NaiveActor::HandlerNormal
I1014 10:05:55.286151 26103 thread.cpp:96] Thread 524337 construct Actor kTick 1099614388288
I1014 10:05:55.286213 26103 runtime_context.cpp:29] DecreaseCounter constructing_actor_cnt, current val is 285
I1014 10:05:55.286280 26112 naive_actor.cpp:25] actor 2199023255565 switch to &NaiveActor::HandlerNormal
I1014 10:05:55.286329 26112 thread.cpp:96] Thread 1048576 construct Actor kNormalForward 2199023255565
I1014 10:05:55.286398 26112 runtime_context.cpp:29] DecreaseCounter constructing_actor_cnt, current val is 284
I1014 10:05:55.286540 26103 reentrant_lock_actor.cpp:76] actor 1099614388283 switch to &ReentrantLockActor::HandlerNormal
I1014 10:05:55.286592 26103 thread.cpp:96] Thread 524337 construct Actor kReentrantLock 1099614388283
I1014 10:05:55.286659 26103 runtime_context.cpp:29] DecreaseCounter constructing_actor_cnt, current val is 283
I1014 10:05:55.286697 26112 naive_actor.cpp:25] actor 2199023255584 switch to &NaiveActor::HandlerNormal
I1014 10:05:55.286741 26112 thread.cpp:96] Thread 1048576 construct Actor kNormalForward 2199023255584
I1014 10:05:55.286803 26112 runtime_context.cpp:29] DecreaseCounter constructing_actor_cnt, current val is 282
I1014 10:05:55.286962 26103 naive_actor.cpp:25] actor 1099614388290 switch to &NaiveActor::HandlerNormal
I1014 10:05:55.287006 26103 thread.cpp:96] Thread 524337 construct Actor kTick 1099614388290
I1014 10:05:55.287070 26103 runtime_context.cpp:29] DecreaseCounter constructing_actor_cnt, current val is 281
I1014 10:05:55.287361 26103 naive_actor.cpp:25] actor 1099614388299 switch to &NaiveActor::HandlerNormal
I1014 10:05:55.287405 26103 thread.cpp:96] Thread 524337 construct Actor kTick 1099614388299
I1014 10:05:55.287470 26103 runtime_context.cpp:29] DecreaseCounter constructing_actor_cnt, current val is 280
I1014 10:05:55.287676 26112 naive_actor.cpp:25] actor 2199023255554 switch to &NaiveActor::HandlerNormal
I1014 10:05:55.287721 26112 thread.cpp:96] Thread 1048576 construct Actor kNormalForward 2199023255554
I1014 10:05:55.287770 26103 naive_actor.cpp:25] actor 1099614388287 switch to &NaiveActor::HandlerNormal
I1014 10:05:55.287796 26112 runtime_context.cpp:29] DecreaseCounter constructing_actor_cnt, current val is 279
I1014 10:05:55.287818 26103 thread.cpp:96] Thread 524337 construct Actor kTick 1099614388287
I1014 10:05:55.287906 26103 runtime_context.cpp:29] DecreaseCounter constructing_actor_cnt, current val is 278
I1014 10:05:55.288096 26112 naive_actor.cpp:25] actor 2199023255582 switch to &NaiveActor::HandlerNormal
I1014 10:05:55.288141 26112 thread.cpp:96] Thread 1048576 construct Actor kNormalForward 2199023255582
I1014 10:05:55.288177 26103 naive_actor.cpp:25] actor 1099614388298 switch to &NaiveActor::HandlerNormal
I1014 10:05:55.288208 26112 runtime_context.cpp:29] DecreaseCounter constructing_actor_cnt, current val is 277
I1014 10:05:55.288223 26103 thread.cpp:96] Thread 524337 construct Actor kTick 1099614388298
I1014 10:05:55.288389 26103 runtime_context.cpp:29] DecreaseCounter constructing_actor_cnt, current val is 276
I1014 10:05:55.288682 26103 naive_actor.cpp:25] actor 1099614388297 switch to &NaiveActor::HandlerNormal
I1014 10:05:55.288728 26103 thread.cpp:96] Thread 524337 construct Actor kTick 1099614388297
I1014 10:05:55.288796 26103 runtime_context.cpp:29] DecreaseCounter constructing_actor_cnt, current val is 275
I1014 10:05:55.289036 26112 naive_actor.cpp:25] actor 2199023255583 switch to &NaiveActor::HandlerNormal
I1014 10:05:55.289083 26112 thread.cpp:96] Thread 1048576 construct Actor kNormalForward 2199023255583
I1014 10:05:55.289083 26103 naive_actor.cpp:25] actor 1099614388291 switch to &NaiveActor::HandlerNormal
