Log file created at: 2021/10/13 19:40:14
Running on machine: oneflow-14
Log line format: [IWEF]mmdd hh:mm:ss.uuuuuu threadid file:line] msg
I1013 19:40:14.736883 32861 global.h:36] NewGlobal 14cudaDeviceProp
I1013 19:40:14.737766 32861 global.h:36] NewGlobal N7oneflow7EnvDescE
I1013 19:40:14.737782 32861 global.h:36] NewGlobal N7oneflow10ProcessCtxE
I1013 19:40:14.737789 32861 env_global_objects_scope.cpp:152] using rpc backend: local
I1013 19:40:14.737800 32861 global.h:36] NewGlobal N7oneflow12ResourceDescE
I1013 19:40:14.737808 32861 global.h:36] NewGlobal N7oneflow12ResourceDescE
I1013 19:40:14.811681 32861 global.h:36] NewGlobal N7oneflow10ThreadPoolE
I1013 19:40:14.812785 32861 global.h:36] NewGlobal N7oneflow16EagerNcclCommMgrE
I1013 19:40:14.812799 32861 global.h:36] NewGlobal N7oneflow18CudnnConvAlgoCacheE
I1013 19:40:14.812806 32861 global.h:36] NewGlobal N7oneflow2vm19VirtualMachineScopeE
I1013 19:40:14.812813 32861 global.h:36] NewGlobal N7oneflow9OneflowVME
I1013 19:40:14.813562 32861 oneflow_vm.cpp:75] transport stream type: N7oneflow2vm13CpuStreamTypeE
I1013 19:40:14.813585 32861 oneflow_vm.cpp:75] transport stream type: N7oneflow2vm14CudaStreamTypeE
I1013 19:40:14.813591 32861 oneflow_vm.cpp:75] transport stream type: N7oneflow2vm19AsyncCudaStreamTypeE
I1013 19:40:14.813743 32861 global.h:36] NewGlobal N7oneflow27EagerJobBuildAndInferCtxMgrE
I1013 19:40:14.813758 32861 global.h:36] NewGlobal N7oneflow12EpollCommNetE
I1013 19:40:14.813875 32861 epoll_comm_network.cpp:63] CommNet:Epoll listening on 0.0.0.0:33162
I1013 19:40:14.813908 32861 epoll_comm_network.cpp:197] machine 0 sockfd -1
I1013 19:40:14.814008 32861 global.h:36] NewGlobal N7oneflow9TransportE
I1013 19:40:14.815659 32861 global.h:43] DeleteGlobal N7oneflow12ResourceDescE
I1013 19:40:14.815683 32861 version.cpp:22] OneFlow git version: b295ca2324
I1013 19:40:14.815698 32861 device_register_gpu.cpp:56] CUDA runtime version: 11.2
I1013 19:40:14.815716 32861 device_register_gpu.cpp:65] cuDNN version: 8.1.1
I1013 19:40:14.815724 32861 device_register_gpu.cpp:78] NCCL version: 2.9.8
I1013 19:40:14.815732 32861 global.h:36] NewGlobal N7oneflow12ResourceDescE
I1013 19:40:14.815737 32861 global.h:36] NewGlobal N7oneflow5IDMgrE
I1013 19:40:14.815743 32861 global.h:36] NewGlobal N7oneflow16AvailableMemDescE
I1013 19:40:14.815776 32861 global.h:36] NewGlobal St13unordered_mapISslSt4hashISsESt8equal_toISsESaISt4pairIKSslEEE
I1013 19:40:14.815783 32861 global.h:36] NewGlobal N7oneflow19CriticalSectionDescE
I1013 19:40:14.815788 32861 global.h:36] NewGlobal N7oneflow16InterUserJobInfoE
I1013 19:40:14.815795 32861 global.h:36] NewGlobal N7oneflow26LazyJobBuildAndInferCtxMgrE
I1013 19:40:14.815801 32861 global.h:36] NewGlobal N7oneflow16JobSetCompileCtxE
I1013 19:40:14.815807 32861 global.h:36] NewGlobal N7oneflow26RuntimeBufferManagersScopeE
I1013 19:40:14.815814 32861 global.h:36] NewGlobal N7oneflow9BufferMgrIlEE
I1013 19:40:14.815819 32861 global.h:36] NewGlobal N7oneflow9BufferMgrISt10shared_ptrINS_11JobInstanceEEEE
I1013 19:40:14.815824 32861 global.h:36] NewGlobal N7oneflow10RuntimeCtxE
I1013 19:40:14.815830 32861 global.h:36] NewGlobal N7oneflow15MemoryAllocatorE
I1013 19:40:14.815835 32861 global.h:36] NewGlobal N7oneflow8ChunkMgrE
I1013 19:40:14.815841 32861 global.h:36] NewGlobal N7oneflow8RegstMgrE
I1013 19:40:14.815846 32861 global.h:36] NewGlobal N7oneflow11ActorMsgBusE
I1013 19:40:14.815852 32861 global.h:36] NewGlobal N7oneflow9ThreadMgrE
I1013 19:40:14.815857 32861 global.h:36] NewGlobal N7oneflow15RuntimeJobDescsE
I1013 19:40:14.815862 32861 global.h:36] NewGlobal N7oneflow7summary12EventsWriterE
I1013 19:40:14.815871 32861 global.h:36] NewGlobal N7oneflow6boxing10collective24CollectiveBoxingExecutorE
I1013 19:40:14.815876 32861 global.h:36] NewGlobal N7oneflow6boxing10collective31CollectiveBoxingDeviceCtxPollerE
I1013 19:40:14.815986 32861 session.h:77] NewGlobal N7oneflow25SessionGlobalObjectsScopeE
I1013 19:40:14.816726 32861 global.h:36] NewGlobal N7oneflow7JobDescE
I1013 19:40:15.279294 32861 global.h:43] DeleteGlobal N7oneflow7JobDescE
I1013 19:40:15.279490 32861 global.h:36] NewGlobal N7oneflow7JobDescE
I1013 19:40:15.282775 32861 global.h:36] NewGlobal N7oneflow7OpGraphE
I1013 19:40:15.290084 32861 global.h:43] DeleteGlobal N7oneflow7OpGraphE
I1013 19:40:15.595189 32861 global.h:43] DeleteGlobal N7oneflow7JobDescE
I1013 19:40:15.613525 32861 global.h:36] NewGlobal N7oneflow24InterJobReuseMemStrategyE
I1013 19:40:15.613550 32861 global.h:36] NewGlobal N7oneflow7OneflowE
I1013 19:40:15.626329 32861 global.h:36] NewGlobal N7oneflow7JobDescE
I1013 19:40:15.898535 32861 insert_nccl_logical_op_pass.cpp:663]  Try insert nccl logical ops into job: train_job. Begin...
I1013 19:40:15.899210 32861 insert_nccl_logical_op_pass.cpp:432]  insert nccl op: System-NCCL-Logical-S2B-114 from: [IdentityN_5](order=0, nd_sbp=[S(0)])->[ParallelCast_6](order=2, nd_sbp=[B]) and before: [System-Boxing-Identity-93](order=1)
I1013 19:40:15.899291 32861 insert_nccl_logical_op_pass.cpp:432]  insert nccl op: System-NCCL-Logical-S2B-115 from: [IdentityN_5](order=0, nd_sbp=[S(0)])->[ParallelCast_11](order=3, nd_sbp=[B]) and before: [System-Boxing-Identity-93](order=1)
I1013 19:40:15.899423 32861 insert_nccl_logical_op_pass.cpp:432]  insert nccl op: System-NCCL-Logical-S2S-116 from: [Gather_12](order=5, nd_sbp=[S(2)])->[Reshape_14](order=7, nd_sbp=[S(0)]) and before: [Reshape_8](order=6)
I1013 19:40:15.899524 32861 insert_nccl_logical_op_pass.cpp:432]  insert nccl op: System-NCCL-Logical-P2S-117 from: [ReduceSum_9](order=8, nd_sbp=[P])->[AddN_23](order=47, nd_sbp=[S(0)]) and before: [Concat_15](order=9)
I1013 19:40:15.900044 32861 insert_nccl_logical_op_pass.cpp:432]  insert nccl op: System-NCCL-Logical-S2B-118 from: [SigmoidCrossEntropy_24_grad](order=51, nd_sbp=[S(0)])->[ReduceSum_9_grad](order=56, nd_sbp=[B]) and before: [ScalarMul_26](order=52)
I1013 19:40:15.900128 32861 insert_nccl_logical_op_pass.cpp:432]  insert nccl op: System-NCCL-Logical-P2B-119 from: [deep_scores-bias_add_grad](order=54, nd_sbp=[P])->[System-ModelDiffScale-ScalarMul_78](order=58, nd_sbp=[B]) and before: [deep_scores-matmul_grad_b](order=55)
I1013 19:40:15.900188 32861 insert_nccl_logical_op_pass.cpp:432]  insert nccl op: System-NCCL-Logical-P2B-120 from: [deep_scores-matmul_grad_b](order=55, nd_sbp=[P])->[System-ModelDiffScale-ScalarMul_66](order=59, nd_sbp=[B]) and before: [ReduceSum_9_grad](order=56)
I1013 19:40:15.900305 32861 insert_nccl_logical_op_pass.cpp:432]  insert nccl op: System-NCCL-Logical-P2B-121 from: [fc6-bias_add_grad](order=65, nd_sbp=[P])->[System-ModelDiffScale-ScalarMul_69](order=69, nd_sbp=[B]) and before: [fc6-matmul_grad_b](order=66)
I1013 19:40:15.900370 32861 insert_nccl_logical_op_pass.cpp:432]  insert nccl op: System-NCCL-Logical-P2B-122 from: [fc6-matmul_grad_b](order=66, nd_sbp=[P])->[System-ModelDiffScale-ScalarMul_70](order=70, nd_sbp=[B]) and before: [fc6-matmul_grad_a](order=67)
I1013 19:40:15.900485 32861 insert_nccl_logical_op_pass.cpp:432]  insert nccl op: System-NCCL-Logical-P2B-123 from: [fc5-matmul_grad_b](order=76, nd_sbp=[P])->[System-ModelDiffScale-ScalarMul_68](order=79, nd_sbp=[B]) and before: [fc5-bias_add_grad](order=77)
I1013 19:40:15.900552 32861 insert_nccl_logical_op_pass.cpp:432]  insert nccl op: System-NCCL-Logical-P2B-124 from: [fc5-bias_add_grad](order=77, nd_sbp=[P])->[System-ModelDiffScale-ScalarMul_71](order=80, nd_sbp=[B]) and before: [fc5-matmul_grad_a](order=78)
I1013 19:40:15.900665 32861 insert_nccl_logical_op_pass.cpp:432]  insert nccl op: System-NCCL-Logical-P2B-125 from: [fc4-matmul_grad_b](order=85, nd_sbp=[P])->[System-ModelDiffScale-ScalarMul_74](order=88, nd_sbp=[B]) and before: [fc4-bias_add_grad](order=86)
I1013 19:40:15.900728 32861 insert_nccl_logical_op_pass.cpp:432]  insert nccl op: System-NCCL-Logical-P2B-126 from: [fc4-bias_add_grad](order=86, nd_sbp=[P])->[System-ModelDiffScale-ScalarMul_79](order=89, nd_sbp=[B]) and before: [fc4-matmul_grad_a](order=87)
I1013 19:40:15.900832 32861 insert_nccl_logical_op_pass.cpp:432]  insert nccl op: System-NCCL-Logical-P2B-127 from: [fc3-bias_add_grad](order=94, nd_sbp=[P])->[System-ModelDiffScale-ScalarMul_82](order=97, nd_sbp=[B]) and before: [fc3-matmul_grad_b](order=95)
I1013 19:40:15.900964 32861 insert_nccl_logical_op_pass.cpp:432]  insert nccl op: System-NCCL-Logical-P2B-128 from: [fc3-matmul_grad_b](order=95, nd_sbp=[P])->[System-ModelDiffScale-ScalarMul_67](order=98, nd_sbp=[B]) and before: [fc3-matmul_grad_a](order=96)
I1013 19:40:15.901075 32861 insert_nccl_logical_op_pass.cpp:432]  insert nccl op: System-NCCL-Logical-P2B-129 from: [fc2-bias_add_grad](order=103, nd_sbp=[P])->[System-ModelDiffScale-ScalarMul_73](order=106, nd_sbp=[B]) and before: [fc2-matmul_grad_b](order=104)
I1013 19:40:15.901155 32861 insert_nccl_logical_op_pass.cpp:432]  insert nccl op: System-NCCL-Logical-P2B-130 from: [fc2-matmul_grad_b](order=104, nd_sbp=[P])->[System-ModelDiffScale-ScalarMul_77](order=107, nd_sbp=[B]) and before: [fc2-matmul_grad_a](order=105)
I1013 19:40:15.901264 32861 insert_nccl_logical_op_pass.cpp:432]  insert nccl op: System-NCCL-Logical-P2B-131 from: [fc1-matmul_grad_b](order=112, nd_sbp=[P])->[System-ModelDiffScale-ScalarMul_81](order=115, nd_sbp=[B]) and before: [fc1-bias_add_grad](order=113)
I1013 19:40:15.901331 32861 insert_nccl_logical_op_pass.cpp:432]  insert nccl op: System-NCCL-Logical-P2B-132 from: [fc1-bias_add_grad](order=113, nd_sbp=[P])->[System-ModelDiffScale-ScalarMul_65](order=116, nd_sbp=[B]) and before: [fc1-matmul_grad_a](order=114)
I1013 19:40:15.901437 32861 insert_nccl_logical_op_pass.cpp:432]  insert nccl op: System-NCCL-Logical-P2B-133 from: [fc0-bias_add_grad](order=121, nd_sbp=[P])->[System-ModelDiffScale-ScalarMul_72](order=124, nd_sbp=[B]) and before: [fc0-matmul_grad_b](order=122)
I1013 19:40:15.901495 32861 insert_nccl_logical_op_pass.cpp:432]  insert nccl op: System-NCCL-Logical-P2B-134 from: [fc0-matmul_grad_b](order=122, nd_sbp=[P])->[System-ModelDiffScale-ScalarMul_75](order=125, nd_sbp=[B]) and before: [fc0-matmul_grad_a](order=123)
I1013 19:40:15.901603 32861 insert_nccl_logical_op_pass.cpp:432]  insert nccl op: System-NCCL-Logical-S2S-135 from: [Reshape_14_grad](order=129, nd_sbp=[S(0)])->[Gather_12_grad](order=130, nd_sbp=[S(2)]) and before: [Gather_12_grad](order=130)
I1013 19:40:15.901652 32861 insert_nccl_logical_op_pass.cpp:699]  Try insert nccl logical ops into job: train_job. ...End

I1013 19:40:15.961797 32861 global.h:36] NewGlobal N7oneflow7OpGraphE
I1013 19:40:16.091641 32861 global.h:43] DeleteGlobal N7oneflow7OpGraphE
I1013 19:40:16.106411 32861 oneflow.cpp:210] 
job_id: 0 , job_name: train_job , compile time: 0.480037 seconds.
I1013 19:40:16.185514 32861 global.h:43] DeleteGlobal N7oneflow7JobDescE
I1013 19:40:16.185837 32861 global.h:36] NewGlobal N7oneflow7JobDescE
I1013 19:40:16.233974 32861 global.h:36] NewGlobal N7oneflow7OpGraphE
I1013 19:40:16.256496 32861 global.h:43] DeleteGlobal N7oneflow7OpGraphE
I1013 19:40:16.261099 32861 oneflow.cpp:210] 
job_id: 1 , job_name: System-ModelInit , compile time: 0.0748598 seconds.
I1013 19:40:16.275398 32861 global.h:43] DeleteGlobal N7oneflow7JobDescE
I1013 19:40:16.275424 32861 global.h:36] NewGlobal N7oneflow7JobDescE
I1013 19:40:16.320984 32861 global.h:36] NewGlobal N7oneflow7OpGraphE
I1013 19:40:16.343384 32861 global.h:43] DeleteGlobal N7oneflow7OpGraphE
I1013 19:40:16.348606 32861 oneflow.cpp:210] 
job_id: 2 , job_name: System-ModelLoad , compile time: 0.0731661 seconds.
I1013 19:40:16.362812 32861 global.h:43] DeleteGlobal N7oneflow7JobDescE
I1013 19:40:16.362839 32861 global.h:36] NewGlobal N7oneflow7JobDescE
I1013 19:40:16.406662 32861 global.h:36] NewGlobal N7oneflow7OpGraphE
I1013 19:40:16.426811 32861 global.h:43] DeleteGlobal N7oneflow7OpGraphE
I1013 19:40:16.431773 32861 oneflow.cpp:210] 
job_id: 3 , job_name: System-ModelSave , compile time: 0.0689175 seconds.
I1013 19:40:16.446070 32861 global.h:43] DeleteGlobal N7oneflow7JobDescE
I1013 19:40:16.446115 32861 global.h:36] NewGlobal N7oneflow7JobDescE
I1013 19:40:16.455449 32861 global.h:36] NewGlobal N7oneflow7OpGraphE
I1013 19:40:16.459955 32861 global.h:43] DeleteGlobal N7oneflow7OpGraphE
I1013 19:40:16.462291 32861 oneflow.cpp:210] 
job_id: 4 , job_name: System-Pull-Return_27 , compile time: 0.016162 seconds.
I1013 19:40:16.469069 32861 global.h:43] DeleteGlobal N7oneflow7JobDescE
I1013 19:40:16.479017 32861 global.h:36] NewGlobal N7oneflow7JobDescE
I1013 19:40:16.479065 32861 global.h:36] NewGlobal N7oneflow7OpGraphE
I1013 19:40:16.486425 32861 global.h:43] DeleteGlobal N7oneflow7OpGraphE
I1013 19:40:16.490182 32861 oneflow.cpp:210] 
job_id: 5 , job_name: MainJob-unamed , compile time: 0.0111278 seconds.
I1013 19:40:16.498875 32861 global.h:43] DeleteGlobal N7oneflow7JobDescE
I1013 19:40:16.504968 32861 plan_util.cpp:928]  Plan: merged_plan needs to allocate [ 756.754 MiB ] device memory in Rank: 0 , Device: 1
I1013 19:40:16.504998 32861 plan_util.cpp:928]  Plan: merged_plan needs to allocate [ 756.756 MiB ] device memory in Rank: 0 , Device: 0
I1013 19:40:16.703745 32861 oneflow.cpp:998]  PushPlan merged_plan time: 0.0202406 seconds.
I1013 19:40:16.761889 32861 oneflow.cpp:1014]  PullPlan merged_plan time: 0.0511731 seconds.
I1013 19:40:20.627215 32861 runtime_context.cpp:21] NewCounter constructing_actor_cnt 769
I1013 19:40:20.628592 33414 naive_actor.cpp:25] actor 1099614388228 switch to &NaiveActor::HandlerNormal
I1013 19:40:20.628612 33424 naive_actor.cpp:25] actor 2207613190314 switch to &NaiveActor::HandlerNormal
I1013 19:40:20.628744 33418 naive_actor.cpp:25] actor 2199023255722 switch to &NaiveActor::HandlerNormal
I1013 19:40:20.628756 33414 thread.cpp:96] Thread 524337 construct Actor kDeviceTick 1099614388228
I1013 19:40:20.628803 33424 thread.cpp:96] Thread 1052672 construct Actor kDeviceTick 2207613190314
I1013 19:40:20.628852 33418 thread.cpp:96] Thread 1048576 construct Actor kDeviceTick 2199023255722
I1013 19:40:20.628964 33415 wait_and_send_ids_actor.cpp:53] actor 1099616485376 switch to &WaitAndSendIdsActor::HandlerWaitToStart
I1013 19:40:20.628988 33414 runtime_context.cpp:29] DecreaseCounter constructing_actor_cnt, current val is 768
I1013 19:40:20.629029 33424 runtime_context.cpp:29] DecreaseCounter constructing_actor_cnt, current val is 767
I1013 19:40:20.629016 33415 thread.cpp:96] Thread 524338 construct Actor kWaitAndSendIds 1099616485376
I1013 19:40:20.629073 33418 runtime_context.cpp:29] DecreaseCounter constructing_actor_cnt, current val is 766
I1013 19:40:20.629209 33415 runtime_context.cpp:29] DecreaseCounter constructing_actor_cnt, current val is 765
I1013 19:40:20.629281 33414 naive_actor.cpp:25] actor 1099614388229 switch to &NaiveActor::HandlerNormal
I1013 19:40:20.629315 33414 thread.cpp:96] Thread 524337 construct Actor kDeviceTick 1099614388229
I1013 19:40:20.629333 33424 naive_actor.cpp:25] actor 2207613190375 switch to &NaiveActor::HandlerNormal
I1013 19:40:20.629366 33414 runtime_context.cpp:29] DecreaseCounter constructing_actor_cnt, current val is 764
I1013 19:40:20.629372 33424 thread.cpp:96] Thread 1052672 construct Actor kDeviceTick 2207613190375
I1013 19:40:20.629406 33418 naive_actor.cpp:25] actor 2199023255783 switch to &NaiveActor::HandlerNormal
I1013 19:40:20.629441 33418 thread.cpp:96] Thread 1048576 construct Actor kDeviceTick 2199023255783
I1013 19:40:20.629459 33424 runtime_context.cpp:29] DecreaseCounter constructing_actor_cnt, current val is 763
I1013 19:40:20.629494 33418 runtime_context.cpp:29] DecreaseCounter constructing_actor_cnt, current val is 762
I1013 19:40:20.629627 33414 naive_actor.cpp:25] actor 1099614388238 switch to &NaiveActor::HandlerNormal
I1013 19:40:20.629662 33414 thread.cpp:96] Thread 524337 construct Actor kDeviceTick 1099614388238
I1013 19:40:20.629714 33414 runtime_context.cpp:29] DecreaseCounter constructing_actor_cnt, current val is 761
I1013 19:40:20.629756 33424 naive_actor.cpp:25] actor 2207613190414 switch to &NaiveActor::HandlerNormal
I1013 19:40:20.629783 33418 naive_actor.cpp:25] actor 2199023255822 switch to &NaiveActor::HandlerNormal
I1013 19:40:20.629962 33414 naive_actor.cpp:25] actor 1099614388230 switch to &NaiveActor::HandlerNormal
I1013 19:40:20.629935 33424 thread.cpp:96] Thread 1052672 construct Actor kDeviceTick 2207613190414
I1013 19:40:20.629990 33418 thread.cpp:96] Thread 1048576 construct Actor kDeviceTick 2199023255822
I1013 19:40:20.630017 33414 thread.cpp:96] Thread 524337 construct Actor kDeviceTick 1099614388230
I1013 19:40:20.630090 33424 runtime_context.cpp:29] DecreaseCounter constructing_actor_cnt, current val is 760
I1013 19:40:20.630241 33418 runtime_context.cpp:29] DecreaseCounter constructing_actor_cnt, current val is 759
I1013 19:40:20.630264 33414 runtime_context.cpp:29] DecreaseCounter constructing_actor_cnt, current val is 758
I1013 19:40:20.630506 33424 naive_actor.cpp:25] actor 2207613190453 switch to &NaiveActor::HandlerNormal
I1013 19:40:20.630517 33418 naive_actor.cpp:25] actor 2199023255861 switch to &NaiveActor::HandlerNormal
I1013 19:40:20.630580 33414 naive_actor.cpp:25] actor 1099614388239 switch to &NaiveActor::HandlerNormal
I1013 19:40:20.630546 33424 thread.cpp:96] Thread 1052672 construct Actor kDeviceTick 2207613190453
I1013 19:40:20.630604 33418 thread.cpp:96] Thread 1048576 construct Actor kDeviceTick 2199023255861
I1013 19:40:20.630632 33414 thread.cpp:96] Thread 524337 construct Actor kDeviceTick 1099614388239
I1013 19:40:20.630719 33424 runtime_context.cpp:29] DecreaseCounter constructing_actor_cnt, current val is 757
I1013 19:40:20.630745 33414 runtime_context.cpp:29] DecreaseCounter constructing_actor_cnt, current val is 755
I1013 19:40:20.630725 33418 runtime_context.cpp:29] DecreaseCounter constructing_actor_cnt, current val is 756
I1013 19:40:20.631000 33414 naive_actor.cpp:25] actor 1099614388249 switch to &NaiveActor::HandlerNormal
I1013 19:40:20.631034 33414 thread.cpp:96] Thread 524337 construct Actor kDeviceTick 1099614388249
I1013 19:40:20.631085 33414 runtime_context.cpp:29] DecreaseCounter constructing_actor_cnt, current val is 754
I1013 19:40:20.631335 33414 naive_actor.cpp:25] actor 1099614388258 switch to &NaiveActor::HandlerNormal
I1013 19:40:20.631368 33414 thread.cpp:96] Thread 524337 construct Actor kDeviceTick 1099614388258
I1013 19:40:20.631419 33414 runtime_context.cpp:29] DecreaseCounter constructing_actor_cnt, current val is 753
I1013 19:40:20.631662 33414 naive_actor.cpp:25] actor 1099614388267 switch to &NaiveActor::HandlerNormal
I1013 19:40:20.631695 33414 thread.cpp:96] Thread 524337 construct Actor kDeviceTick 1099614388267
I1013 19:40:20.631743 33414 runtime_context.cpp:29] DecreaseCounter constructing_actor_cnt, current val is 752
I1013 19:40:20.631989 33414 naive_actor.cpp:25] actor 1099614388284 switch to &NaiveActor::HandlerNormal
I1013 19:40:20.632023 33414 thread.cpp:96] Thread 524337 construct Actor kDeviceTick 1099614388284
I1013 19:40:20.632071 33414 runtime_context.cpp:29] DecreaseCounter constructing_actor_cnt, current val is 751
I1013 19:40:20.632318 33414 naive_actor.cpp:25] actor 1099614388285 switch to &NaiveActor::HandlerNormal
I1013 19:40:20.632351 33414 thread.cpp:96] Thread 524337 construct Actor kDeviceTick 1099614388285
I1013 19:40:20.632400 33414 runtime_context.cpp:29] DecreaseCounter constructing_actor_cnt, current val is 750
I1013 19:40:20.632637 33414 naive_actor.cpp:25] actor 1099614388276 switch to &NaiveActor::HandlerNormal
I1013 19:40:20.632670 33414 thread.cpp:96] Thread 524337 construct Actor kDeviceTick 1099614388276
I1013 19:40:20.632717 33414 runtime_context.cpp:29] DecreaseCounter constructing_actor_cnt, current val is 749
I1013 19:40:20.632952 33414 naive_actor.cpp:25] actor 1099614388287 switch to &NaiveActor::HandlerNormal
I1013 19:40:20.632985 33414 thread.cpp:96] Thread 524337 construct Actor kDeviceTick 1099614388287
I1013 19:40:20.633033 33414 runtime_context.cpp:29] DecreaseCounter constructing_actor_cnt, current val is 748
I1013 19:40:20.649943 33397 naive_actor.cpp:25] actor 1099536793600 switch to &NaiveActor::HandlerNormal
I1013 19:40:20.650061 33397 thread.cpp:96] Thread 524300 construct Actor kNormalForward 1099536793600
I1013 19:40:20.650076 33398 naive_actor.cpp:25] actor 1099538890752 switch to &NaiveActor::HandlerNormal
I1013 19:40:20.650079 33413 naive_actor.cpp:25] actor 1099570348032 switch to &NaiveActor::HandlerNormal
I1013 19:40:20.650096 33408 naive_actor.cpp:25] actor 1099559862272 switch to &NaiveActor::HandlerNormal
I1013 19:40:20.650095 33406 naive_actor.cpp:25] actor 1099555667968 switch to &NaiveActor::HandlerNormal
I1013 19:40:20.650647 33412 naive_actor.cpp:25] actor 1099568250880 switch to &NaiveActor::HandlerNormal
I1013 19:40:20.650159 33409 naive_actor.cpp:25] actor 1099561959424 switch to &NaiveActor::HandlerNormal
I1013 19:40:20.650818 33393 naive_actor.cpp:25] actor 1099528404992 switch to &NaiveActor::HandlerNormal
I1013 19:40:20.650240 33398 thread.cpp:96] Thread 524301 construct Actor kNormalForward 1099538890752
I1013 19:40:20.651067 33401 naive_actor.cpp:25] actor 1099545182208 switch to &NaiveActor::HandlerNormal
I1013 19:40:20.651135 33388 naive_actor.cpp:25] actor 1099517919232 switch to &NaiveActor::HandlerNormal
I1013 19:40:20.650280 33397 runtime_context.cpp:29] DecreaseCounter constructing_actor_cnt, current val is 747
I1013 19:40:20.650283 33404 naive_actor.cpp:25] actor 1099551473664 switch to &NaiveActor::HandlerNormal
I1013 19:40:20.651371 33404 thread.cpp:96] Thread 524307 construct Actor kNormalForward 1099551473664
I1013 19:40:20.650421 33407 naive_actor.cpp:25] actor 1099557765120 switch to &NaiveActor::HandlerNormal
I1013 19:40:20.652159 33407 thread.cpp:96] Thread 524310 construct Actor kNormalForward 1099557765120
I1013 19:40:20.650488 33426 naive_actor.cpp:25] actor 2207615287296 switch to &NaiveActor::HandlerNormal
I1013 19:40:20.652315 33426 thread.cpp:96] Thread 1052673 construct Actor kCopyHd 2207615287296
I1013 19:40:20.650542 33395 naive_actor.cpp:25] actor 1099532599296 switch to &NaiveActor::HandlerNormal
I1013 19:40:20.650549 33414 naive_actor.cpp:25] actor 1099614388226 switch to &NaiveActor::HandlerNormal
I1013 19:40:20.652451 33414 thread.cpp:96] Thread 524337 construct Actor kDeviceTick 1099614388226
I1013 19:40:20.650656 33420 naive_actor.cpp:25] actor 2199025352707 switch to &NaiveActor::HandlerNormal
I1013 19:40:20.652534 33420 thread.cpp:96] Thread 1048577 construct Actor kCopyHd 2199025352707
I1013 19:40:20.650080 33411 naive_actor.cpp:25] actor 1099566153728 switch to &NaiveActor::HandlerNormal
I1013 19:40:20.652611 33420 runtime_context.cpp:29] DecreaseCounter constructing_actor_cnt, current val is 741
I1013 19:40:20.650766 33403 naive_actor.cpp:25] actor 1099549376512 switch to &NaiveActor::HandlerNormal
I1013 19:40:20.650784 33422 naive_actor.cpp:25] actor 2199027449856 switch to &NaiveActor::HandlerNormal
I1013 19:40:20.652873 33422 thread.cpp:96] Thread 1048578 construct Actor kCopyHd 2199027449856
I1013 19:40:20.650846 33399 naive_actor.cpp:25] actor 1099540987904 switch to &NaiveActor::HandlerNormal
I1013 19:40:20.653048 33399 thread.cpp:96] Thread 524302 construct Actor kNormalForward 1099540987904
I1013 19:40:20.650869 33409 thread.cpp:96] Thread 524312 construct Actor kNormalForward 1099561959424
I1013 19:40:20.650141 33416 sink_actor.cpp:21] actor 1099618582528 switch to &SinkActor::HandlerNormal
I1013 19:40:20.653296 33416 thread.cpp:96] Thread 524339 construct Actor kCallbackNotify 1099618582528
I1013 19:40:20.650920 33402 naive_actor.cpp:25] actor 1099547279360 switch to &NaiveActor::HandlerNormal
I1013 19:40:20.653368 33416 runtime_context.cpp:29] DecreaseCounter constructing_actor_cnt, current val is 737
I1013 19:40:20.650991 33400 naive_actor.cpp:25] actor 1099543085056 switch to &NaiveActor::HandlerNormal
I1013 19:40:20.651000 33393 thread.cpp:96] Thread 524296 construct Actor kNormalForward 1099528404992
I1013 19:40:20.650271 33396 naive_actor.cpp:25] actor 1099534696448 switch to &NaiveActor::HandlerNormal
I1013 19:40:20.653498 33396 thread.cpp:96] Thread 524299 construct Actor kNormalForward 1099534696448
I1013 19:40:20.651144 33401 thread.cpp:96] Thread 524304 construct Actor kNormalForward 1099545182208
I1013 19:40:20.651144 33398 runtime_context.cpp:29] DecreaseCounter constructing_actor_cnt, current val is 746
I1013 19:40:20.651149 33390 naive_actor.cpp:25] actor 1099522113536 switch to &NaiveActor::HandlerNormal
I1013 19:40:20.653812 33390 thread.cpp:96] Thread 524293 construct Actor kNormalForward 1099522113536
I1013 19:40:20.651185 33389 naive_actor.cpp:25] actor 1099520016384 switch to &NaiveActor::HandlerNormal
I1013 19:40:20.654356 33389 thread.cpp:96] Thread 524292 construct Actor kNormalForward 1099520016384
I1013 19:40:20.651293 33394 naive_actor.cpp:25] actor 1099530502144 switch to &NaiveActor::HandlerNormal
I1013 19:40:20.651326 33392 naive_actor.cpp:25] actor 1099526307840 switch to &NaiveActor::HandlerNormal
I1013 19:40:20.654860 33392 thread.cpp:96] Thread 524295 construct Actor kNormalForward 1099526307840
I1013 19:40:20.651578 33387 naive_actor.cpp:25] actor 1099515822080 switch to &NaiveActor::HandlerNormal
I1013 19:40:20.655047 33387 thread.cpp:96] Thread 524290 construct Actor kNormalForward 1099515822080
I1013 19:40:20.651880 33424 naive_actor.cpp:25] actor 2207613190144 switch to &NaiveActor::HandlerNormal
I1013 19:40:20.652012 33418 naive_actor.cpp:25] actor 2199023255560 switch to &NaiveActor::HandlerNormal
I1013 19:40:20.655319 33418 thread.cpp:96] Thread 1048576 construct Actor kNormalForward 2199023255560
I1013 19:40:20.652279 33407 runtime_context.cpp:29] DecreaseCounter constructing_actor_cnt, current val is 744
I1013 19:40:20.652359 33426 runtime_context.cpp:29] DecreaseCounter constructing_actor_cnt, current val is 743
I1013 19:40:20.652382 33395 thread.cpp:96] Thread 524298 construct Actor kNormalForward 1099532599296
I1013 19:40:20.650605 33408 thread.cpp:96] Thread 524311 construct Actor kForeignInput 1099559862272
I1013 19:40:20.657544 33426 naive_actor.cpp:25] actor 2207615287300 switch to &NaiveActor::HandlerNormal
I1013 19:40:20.657660 33426 thread.cpp:96] Thread 1052673 construct Actor kCopyHd 2207615287300
I1013 19:40:20.650669 33406 thread.cpp:96] Thread 524309 construct Actor kNormalForward 1099555667968
I1013 19:40:20.652791 33403 thread.cpp:96] Thread 524306 construct Actor kNormalForward 1099549376512
I1013 19:40:20.652884 33420 naive_actor.cpp:25] actor 2199025352706 switch to &NaiveActor::HandlerNormal
I1013 19:40:20.657946 33403 runtime_context.cpp:29] DecreaseCounter constructing_actor_cnt, current val is 724
I1013 19:40:20.652981 33422 runtime_context.cpp:29] DecreaseCounter constructing_actor_cnt, current val is 740
I1013 19:40:20.653136 33399 runtime_context.cpp:29] DecreaseCounter constructing_actor_cnt, current val is 739
I1013 19:40:20.653223 33409 runtime_context.cpp:29] DecreaseCounter constructing_actor_cnt, current val is 738
I1013 19:40:20.653371 33402 thread.cpp:96] Thread 524305 construct Actor kForeignInput 1099547279360
I1013 19:40:20.653439 33400 thread.cpp:96] Thread 524303 construct Actor kNormalForward 1099543085056
I1013 19:40:20.658504 33402 runtime_context.cpp:29] DecreaseCounter constructing_actor_cnt, current val is 723
I1013 19:40:20.653533 33393 runtime_context.cpp:29] DecreaseCounter constructing_actor_cnt, current val is 736
I1013 19:40:20.653563 33396 runtime_context.cpp:29] DecreaseCounter constructing_actor_cnt, current val is 735
I1013 19:40:20.653667 33401 runtime_context.cpp:29] DecreaseCounter constructing_actor_cnt, current val is 734
I1013 19:40:20.650285 33405 naive_actor.cpp:25] actor 1099553570816 switch to &NaiveActor::HandlerNormal
I1013 19:40:20.658859 33405 thread.cpp:96] Thread 524308 construct Actor kForeignInput 1099553570816
I1013 19:40:20.651226 33388 thread.cpp:96] Thread 524291 construct Actor kNormalForward 1099517919232
I1013 19:40:20.654616 33389 runtime_context.cpp:29] DecreaseCounter constructing_actor_cnt, current val is 732
I1013 19:40:20.654758 33394 thread.cpp:96] Thread 524297 construct Actor kNormalForward 1099530502144
I1013 19:40:20.650382 33413 thread.cpp:96] Thread 524316 construct Actor kForeignOutput 1099570348032
I1013 19:40:20.654999 33392 runtime_context.cpp:29] DecreaseCounter constructing_actor_cnt, current val is 731
I1013 19:40:20.659327 33413 runtime_context.cpp:29] DecreaseCounter constructing_actor_cnt, current val is 718
I1013 19:40:20.655189 33387 runtime_context.cpp:29] DecreaseCounter constructing_actor_cnt, current val is 730
I1013 19:40:20.655243 33424 thread.cpp:96] Thread 1052672 construct Actor kNormalForward 2207613190144
I1013 19:40:20.650435 33410 naive_actor.cpp:25] actor 1099564056576 switch to &NaiveActor::HandlerNormal
I1013 19:40:20.655454 33418 runtime_context.cpp:29] DecreaseCounter constructing_actor_cnt, current val is 729
I1013 19:40:20.659790 33424 runtime_context.cpp:29] DecreaseCounter constructing_actor_cnt, current val is 717
I1013 19:40:20.652606 33414 runtime_context.cpp:29] DecreaseCounter constructing_actor_cnt, current val is 742
I1013 19:40:20.657620 33408 runtime_context.cpp:29] DecreaseCounter constructing_actor_cnt, current val is 727
I1013 19:40:20.652612 33411 thread.cpp:96] Thread 524314 construct Actor kNormalForward 1099566153728
I1013 19:40:20.657776 33426 runtime_context.cpp:29] DecreaseCounter constructing_actor_cnt, current val is 726
I1013 19:40:20.657846 33406 runtime_context.cpp:29] DecreaseCounter constructing_actor_cnt, current val is 725
I1013 19:40:20.657949 33420 thread.cpp:96] Thread 1048577 construct Actor kCopyHd 2199025352706
I1013 19:40:20.660460 33426 naive_actor.cpp:25] actor 2207615287298 switch to &NaiveActor::HandlerNormal
I1013 19:40:20.651047 33391 naive_actor.cpp:25] actor 1099524210688 switch to &NaiveActor::HandlerNormal
I1013 19:40:20.658553 33400 runtime_context.cpp:29] DecreaseCounter constructing_actor_cnt, current val is 722
I1013 19:40:20.654177 33390 runtime_context.cpp:29] DecreaseCounter constructing_actor_cnt, current val is 733
I1013 19:40:20.658998 33405 runtime_context.cpp:29] DecreaseCounter constructing_actor_cnt, current val is 721
I1013 19:40:20.659124 33388 runtime_context.cpp:29] DecreaseCounter constructing_actor_cnt, current val is 720
I1013 19:40:20.659258 33394 runtime_context.cpp:29] DecreaseCounter constructing_actor_cnt, current val is 719
I1013 19:40:20.651824 33404 runtime_context.cpp:29] DecreaseCounter constructing_actor_cnt, current val is 745
I1013 19:40:20.659765 33410 thread.cpp:96] Thread 524313 construct Actor kNormalForward 1099564056576
I1013 19:40:20.657562 33395 runtime_context.cpp:29] DecreaseCounter constructing_actor_cnt, current val is 728
I1013 19:40:20.661310 33410 runtime_context.cpp:29] DecreaseCounter constructing_actor_cnt, current val is 714
I1013 19:40:20.650787 33412 thread.cpp:96] Thread 524315 construct Actor kNormalForward 1099568250880
I1013 19:40:20.660482 33420 runtime_context.cpp:29] DecreaseCounter constructing_actor_cnt, current val is 715
I1013 19:40:20.660538 33426 thread.cpp:96] Thread 1052673 construct Actor kCopyHd 2207615287298
I1013 19:40:20.660583 33424 naive_actor.cpp:25] actor 2207613190151 switch to &NaiveActor::HandlerNormal
I1013 19:40:20.660681 33391 thread.cpp:96] Thread 524294 construct Actor kNormalForward 1099524210688
I1013 19:40:20.661736 33420 naive_actor.cpp:25] actor 2199025352704 switch to &NaiveActor::HandlerNormal
I1013 19:40:20.660260 33411 runtime_context.cpp:29] DecreaseCounter constructing_actor_cnt, current val is 716
I1013 19:40:20.661350 33414 case_actor.cpp:76] actor 1099614388295 switch to &CaseActor::HandlerNormal
I1013 19:40:20.661952 33414 thread.cpp:96] Thread 524337 construct Actor kCase 1099614388295
I1013 19:40:20.661646 33426 runtime_context.cpp:29] DecreaseCounter constructing_actor_cnt, current val is 712
I1013 19:40:20.661679 33424 thread.cpp:96] Thread 1052672 construct Actor kNormalForward 2207613190151
I1013 19:40:20.660982 33418 naive_actor.cpp:25] actor 2199023255557 switch to &NaiveActor::HandlerNormal
I1013 19:40:20.661798 33420 thread.cpp:96] Thread 1048577 construct Actor kCopyHd 2199025352704
I1013 19:40:20.661818 33391 runtime_context.cpp:29] DecreaseCounter constructing_actor_cnt, current val is 711
I1013 19:40:20.662250 33420 runtime_context.cpp:29] DecreaseCounter constructing_actor_cnt, current val is 708
I1013 19:40:20.662163 33414 runtime_context.cpp:29] DecreaseCounter constructing_actor_cnt, current val is 710
I1013 19:40:20.662189 33426 naive_actor.cpp:25] actor 2207615287297 switch to &NaiveActor::HandlerNormal
I1013 19:40:20.662191 33418 thread.cpp:96] Thread 1048576 construct Actor kNormalForward 2199023255557
I1013 19:40:20.662200 33424 runtime_context.cpp:29] DecreaseCounter constructing_actor_cnt, current val is 709
I1013 19:40:20.661556 33412 runtime_context.cpp:29] DecreaseCounter constructing_actor_cnt, current val is 713
I1013 19:40:20.662384 33426 thread.cpp:96] Thread 1052673 construct Actor kCopyHd 2207615287297
I1013 19:40:20.662602 33418 runtime_context.cpp:29] DecreaseCounter constructing_actor_cnt, current val is 707
I1013 19:40:20.662645 33420 naive_actor.cpp:25] actor 2199025352708 switch to &NaiveActor::HandlerNormal
I1013 19:40:20.662770 33426 runtime_context.cpp:29] DecreaseCounter constructing_actor_cnt, current val is 706
I1013 19:40:20.662864 33414 naive_actor.cpp:25] actor 1099614388243 switch to &NaiveActor::HandlerNormal
I1013 19:40:20.662899 33420 thread.cpp:96] Thread 1048577 construct Actor kSliceBoxing 2199025352708
I1013 19:40:20.662993 33414 thread.cpp:96] Thread 524337 construct Actor kDstSubsetTick 1099614388243
I1013 19:40:20.663056 33420 runtime_context.cpp:29] DecreaseCounter constructing_actor_cnt, current val is 705
I1013 19:40:20.663110 33414 runtime_context.cpp:29] DecreaseCounter constructing_actor_cnt, current val is 704
I1013 19:40:20.663071 33426 naive_actor.cpp:25] actor 2207615287299 switch to &NaiveActor::HandlerNormal
I1013 19:40:20.663240 33420 naive_actor.cpp:25] actor 2199025352705 switch to &NaiveActor::HandlerNormal
I1013 19:40:20.663254 33426 thread.cpp:96] Thread 1052673 construct Actor kCopyHd 2207615287299
I1013 19:40:20.663298 33420 thread.cpp:96] Thread 1048577 construct Actor kCopyHd 2199025352705
I1013 19:40:20.663360 33426 runtime_context.cpp:29] DecreaseCounter constructing_actor_cnt, current val is 703
I1013 19:40:20.663398 33420 runtime_context.cpp:29] DecreaseCounter constructing_actor_cnt, current val is 702
I1013 19:40:20.663512 33426 naive_actor.cpp:25] actor 2207615287301 switch to &NaiveActor::HandlerNormal
I1013 19:40:20.663547 33414 naive_actor.cpp:25] actor 1099614388224 switch to &NaiveActor::HandlerNormal
I1013 19:40:20.663563 33420 naive_actor.cpp:25] actor 2199025352709 switch to &NaiveActor::HandlerNormal
I1013 19:40:20.663676 33420 thread.cpp:96] Thread 1048577 construct Actor kCopyHd 2199025352709
I1013 19:40:20.663640 33414 thread.cpp:96] Thread 524337 construct Actor kDeviceTick 1099614388224
I1013 19:40:20.663580 33426 thread.cpp:96] Thread 1052673 construct Actor kCopyHd 2207615287301
I1013 19:40:20.663738 33420 runtime_context.cpp:29] DecreaseCounter constructing_actor_cnt, current val is 701
I1013 19:40:20.663815 33426 runtime_context.cpp:29] DecreaseCounter constructing_actor_cnt, current val is 699
I1013 19:40:20.663794 33414 runtime_context.cpp:29] DecreaseCounter constructing_actor_cnt, current val is 700
I1013 19:40:20.663969 33426 naive_actor.cpp:25] actor 2207615287302 switch to &NaiveActor::HandlerNormal
I1013 19:40:20.663987 33420 naive_actor.cpp:25] actor 2199025352710 switch to &NaiveActor::HandlerNormal
I1013 19:40:20.664058 33424 naive_actor.cpp:25] actor 2207613190175 switch to &NaiveActor::HandlerNormal
I1013 19:40:20.664027 33426 thread.cpp:96] Thread 1052673 construct Actor kCopyHd 2207615287302
I1013 19:40:20.664070 33420 thread.cpp:96] Thread 1048577 construct Actor kCopyHd 2199025352710
I1013 19:40:20.664178 33426 runtime_context.cpp:29] DecreaseCounter constructing_actor_cnt, current val is 698
I1013 19:40:20.664115 33424 thread.cpp:96] Thread 1052672 construct Actor kNormalForward 2207613190175
I1013 19:40:20.664207 33420 runtime_context.cpp:29] DecreaseCounter constructing_actor_cnt, current val is 697
I1013 19:40:20.664268 33414 naive_actor.cpp:25] actor 1099614388227 switch to &NaiveActor::HandlerNormal
I1013 19:40:20.664250 33418 naive_actor.cpp:25] actor 2199023255562 switch to &NaiveActor::HandlerNormal
I1013 19:40:20.664319 33424 runtime_context.cpp:29] DecreaseCounter constructing_actor_cnt, current val is 696
I1013 19:40:20.664327 33414 thread.cpp:96] Thread 524337 construct Actor kSrcSubsetTick 1099614388227
I1013 19:40:20.664381 33418 thread.cpp:96] Thread 1048576 construct Actor kNormalForward 2199023255562
I1013 19:40:20.664466 33420 naive_actor.cpp:25] actor 2199025352711 switch to &NaiveActor::HandlerNormal
I1013 19:40:20.664497 33414 runtime_context.cpp:29] DecreaseCounter constructing_actor_cnt, current val is 695
I1013 19:40:20.664592 33420 thread.cpp:96] Thread 1048577 construct Actor kCopyHd 2199025352711
I1013 19:40:20.664597 33418 runtime_context.cpp:29] DecreaseCounter constructing_actor_cnt, current val is 694
I1013 19:40:20.664690 33420 runtime_context.cpp:29] DecreaseCounter constructing_actor_cnt, current val is 693
I1013 19:40:20.664819 33424 naive_actor.cpp:25] actor 2207613190146 switch to &NaiveActor::HandlerNormal
I1013 19:40:20.664877 33424 thread.cpp:96] Thread 1052672 construct Actor kNormalForward 2207613190146
I1013 19:40:20.664978 33414 naive_actor.cpp:25] actor 1099614388245 switch to &NaiveActor::HandlerNormal
I1013 19:40:20.664981 33424 runtime_context.cpp:29] DecreaseCounter constructing_actor_cnt, current val is 692
I1013 19:40:20.665037 33414 thread.cpp:96] Thread 524337 construct Actor kTick 1099614388245
I1013 19:40:20.665158 33414 runtime_context.cpp:29] DecreaseCounter constructing_actor_cnt, current val is 691
I1013 19:40:20.665583 33414 naive_actor.cpp:25] actor 1099614388237 switch to &NaiveActor::HandlerNormal
I1013 19:40:20.665688 33414 thread.cpp:96] Thread 524337 construct Actor kTick 1099614388237
I1013 19:40:20.665767 33414 runtime_context.cpp:29] DecreaseCounter constructing_actor_cnt, current val is 690
I1013 19:40:20.666132 33414 naive_actor.cpp:25] actor 1099614388236 switch to &NaiveActor::HandlerNormal
I1013 19:40:20.666185 33414 thread.cpp:96] Thread 524337 construct Actor kTick 1099614388236
I1013 19:40:20.666257 33414 runtime_context.cpp:29] DecreaseCounter constructing_actor_cnt, current val is 689
I1013 19:40:20.666652 33414 naive_actor.cpp:25] actor 1099614388225 switch to &NaiveActor::HandlerNormal
I1013 19:40:20.666704 33414 thread.cpp:96] Thread 524337 construct Actor kDeviceTick 1099614388225
I1013 19:40:20.666775 33414 runtime_context.cpp:29] DecreaseCounter constructing_actor_cnt, current val is 688
I1013 19:40:20.666828 33418 naive_actor.cpp:25] actor 2199023255568 switch to &NaiveActor::HandlerNormal
I1013 19:40:20.666883 33418 thread.cpp:96] Thread 1048576 construct Actor kNormalForward 2199023255568
I1013 19:40:20.666899 33424 naive_actor.cpp:25] actor 2207613190160 switch to &NaiveActor::HandlerNormal
I1013 19:40:20.666967 33424 thread.cpp:96] Thread 1052672 construct Actor kNormalForward 2207613190160
I1013 19:40:20.666975 33418 runtime_context.cpp:29] DecreaseCounter constructing_actor_cnt, current val is 687
I1013 19:40:20.667080 33424 runtime_context.cpp:29] DecreaseCounter constructing_actor_cnt, current val is 686
I1013 19:40:20.667485 33418 naive_actor.cpp:25] actor 2199023255554 switch to &NaiveActor::HandlerNormal
I1013 19:40:20.667544 33418 thread.cpp:96] Thread 1048576 construct Actor kNormalForward 2199023255554
I1013 19:40:20.667634 33414 esac_actor.cpp:73] actor 1099614388324 switch to &EsacActor::HandlerNormal
I1013 19:40:20.667637 33418 runtime_context.cpp:29] DecreaseCounter constructing_actor_cnt, current val is 685
I1013 19:40:20.667713 33414 thread.cpp:96] Thread 524337 construct Actor kEsac 1099614388324
I1013 19:40:20.667858 33414 runtime_context.cpp:29] DecreaseCounter constructing_actor_cnt, current val is 684
I1013 19:40:20.668187 33424 naive_actor.cpp:25] actor 2207613190150 switch to &NaiveActor::HandlerNormal
I1013 19:40:20.668244 33424 thread.cpp:96] Thread 1052672 construct Actor kNormalForward 2207613190150
I1013 19:40:20.668257 33414 naive_actor.cpp:25] actor 1099614388234 switch to &NaiveActor::HandlerNormal
I1013 19:40:20.668345 33424 runtime_context.cpp:29] DecreaseCounter constructing_actor_cnt, current val is 683
I1013 19:40:20.668354 33414 thread.cpp:96] Thread 524337 construct Actor kTick 1099614388234
I1013 19:40:20.668493 33414 runtime_context.cpp:29] DecreaseCounter constructing_actor_cnt, current val is 682
I1013 19:40:20.668761 33418 naive_actor.cpp:25] actor 2199023255561 switch to &NaiveActor::HandlerNormal
I1013 19:40:20.668905 33418 thread.cpp:96] Thread 1048576 construct Actor kNormalForward 2199023255561
I1013 19:40:20.668964 33414 naive_actor.cpp:25] actor 1099614388232 switch to &NaiveActor::HandlerNormal
I1013 19:40:20.669015 33418 runtime_context.cpp:29] DecreaseCounter constructing_actor_cnt, current val is 681
I1013 19:40:20.669018 33414 thread.cpp:96] Thread 524337 construct Actor kTick 1099614388232
I1013 19:40:20.669123 33414 runtime_context.cpp:29] DecreaseCounter constructing_actor_cnt, current val is 680
I1013 19:40:20.669663 33414 naive_actor.cpp:25] actor 1099614388233 switch to &NaiveActor::HandlerNormal
I1013 19:40:20.669734 33424 naive_actor.cpp:25] actor 2207613190152 switch to &NaiveActor::HandlerNormal
I1013 19:40:20.669741 33414 thread.cpp:96] Thread 524337 construct Actor kDstSubsetTick 1099614388233
I1013 19:40:20.669795 33424 thread.cpp:96] Thread 1052672 construct Actor kNormalForward 2207613190152
I1013 19:40:20.669920 33414 runtime_context.cpp:29] DecreaseCounter constructing_actor_cnt, current val is 679
I1013 19:40:20.669956 33424 runtime_context.cpp:29] DecreaseCounter constructing_actor_cnt, current val is 678
I1013 19:40:20.670177 33418 naive_actor.cpp:25] actor 2199023255585 switch to &NaiveActor::HandlerNormal
I1013 19:40:20.670243 33418 thread.cpp:96] Thread 1048576 construct Actor kNormalForward 2199023255585
I1013 19:40:20.670339 33414 naive_actor.cpp:25] actor 1099614388242 switch to &NaiveActor::HandlerNormal
I1013 19:40:20.670377 33418 runtime_context.cpp:29] DecreaseCounter constructing_actor_cnt, current val is 677
I1013 19:40:20.670423 33414 thread.cpp:96] Thread 524337 construct Actor kTick 1099614388242
I1013 19:40:20.670532 33414 runtime_context.cpp:29] DecreaseCounter constructing_actor_cnt, current val is 676
I1013 19:40:20.670924 33414 naive_actor.cpp:25] actor 1099614388244 switch to &NaiveActor::HandlerNormal
I1013 19:40:20.670974 33414 thread.cpp:96] Thread 524337 construct Actor kTick 1099614388244
I1013 19:40:20.671042 33424 naive_actor.cpp:25] actor 2207613190153 switch to &NaiveActor::HandlerNormal
I1013 19:40:20.671059 33414 runtime_context.cpp:29] DecreaseCounter constructing_actor_cnt, current val is 675
I1013 19:40:20.671095 33424 thread.cpp:96] Thread 1052672 construct Actor kNormalForward 2207613190153
I1013 19:40:20.671226 33424 runtime_context.cpp:29] DecreaseCounter constructing_actor_cnt, current val is 674
I1013 19:40:20.671380 33418 naive_actor.cpp:25] actor 2199023255609 switch to &NaiveActor::HandlerNormal
I1013 19:40:20.671435 33418 thread.cpp:96] Thread 1048576 construct Actor kNormalForward 2199023255609
I1013 19:40:20.671492 33414 naive_actor.cpp:25] actor 1099614388240 switch to &NaiveActor::HandlerNormal
I1013 19:40:20.671517 33418 runtime_context.cpp:29] DecreaseCounter constructing_actor_cnt, current val is 673
I1013 19:40:20.671546 33414 thread.cpp:96] Thread 524337 construct Actor kSrcSubsetTick 1099614388240
I1013 19:40:20.671665 33424 naive_actor.cpp:25] actor 2207613190155 switch to &NaiveActor::HandlerNormal
I1013 19:40:20.671667 33414 runtime_context.cpp:29] DecreaseCounter constructing_actor_cnt, current val is 672
I1013 19:40:20.671723 33424 thread.cpp:96] Thread 1052672 construct Actor kNormalForward 2207613190155
I1013 19:40:20.671849 33424 runtime_context.cpp:29] DecreaseCounter constructing_actor_cnt, current val is 671
I1013 19:40:20.672107 33414 naive_actor.cpp:25] actor 1099614388235 switch to &NaiveActor::HandlerNormal
I1013 19:40:20.672158 33414 thread.cpp:96] Thread 524337 construct Actor kTick 1099614388235
I1013 19:40:20.672225 33414 runtime_context.cpp:29] DecreaseCounter constructing_actor_cnt, current val is 670
I1013 19:40:20.672618 33418 naive_actor.cpp:25] actor 2199023255556 switch to &NaiveActor::HandlerNormal
I1013 19:40:20.672672 33418 thread.cpp:96] Thread 1048576 construct Actor kNormalForward 2199023255556
I1013 19:40:20.672725 33414 naive_actor.cpp:25] actor 1099614388246 switch to &NaiveActor::HandlerNormal
I1013 19:40:20.672747 33418 runtime_context.cpp:29] DecreaseCounter constructing_actor_cnt, current val is 669
I1013 19:40:20.672777 33414 thread.cpp:96] Thread 524337 construct Actor kTick 1099614388246
I1013 19:40:20.672950 33414 runtime_context.cpp:29] DecreaseCounter constructing_actor_cnt, current val is 668
I1013 19:40:20.673229 33424 naive_actor.cpp:25] actor 2207613190149 switch to &NaiveActor::HandlerNormal
I1013 19:40:20.673276 33414 naive_actor.cpp:25] actor 1099614388254 switch to &NaiveActor::HandlerNormal
I1013 19:40:20.673287 33424 thread.cpp:96] Thread 1052672 construct Actor kNormalForward 2207613190149
I1013 19:40:20.673321 33414 thread.cpp:96] Thread 524337 construct Actor kTick 1099614388254
I1013 19:40:20.673435 33424 runtime_context.cpp:29] DecreaseCounter constructing_actor_cnt, current val is 667
I1013 19:40:20.673446 33414 runtime_context.cpp:29] DecreaseCounter constructing_actor_cnt, current val is 666
I1013 19:40:20.673748 33418 naive_actor.cpp:25] actor 2199023255567 switch to &NaiveActor::HandlerNormal
I1013 19:40:20.673784 33414 naive_actor.cpp:25] actor 1099614388247 switch to &NaiveActor::HandlerNormal
I1013 19:40:20.673802 33418 thread.cpp:96] Thread 1048576 construct Actor kNormalForward 2199023255567
I1013 19:40:20.673839 33414 thread.cpp:96] Thread 524337 construct Actor kDeviceTick 1099614388247
I1013 19:40:20.673933 33418 runtime_context.cpp:29] DecreaseCounter constructing_actor_cnt, current val is 665
I1013 19:40:20.673944 33414 runtime_context.cpp:29] DecreaseCounter constructing_actor_cnt, current val is 664
I1013 19:40:20.674293 33414 naive_actor.cpp:25] actor 1099614388312 switch to &NaiveActor::HandlerNormal
I1013 19:40:20.674307 33424 naive_actor.cpp:25] actor 2207613190159 switch to &NaiveActor::HandlerNormal
I1013 19:40:20.674343 33418 naive_actor.cpp:25] actor 2199023255591 switch to &NaiveActor::HandlerNormal
I1013 19:40:20.674345 33414 thread.cpp:96] Thread 524337 construct Actor kTick 1099614388312
I1013 19:40:20.674387 33424 thread.cpp:96] Thread 1052672 construct Actor kNormalForward 2207613190159
I1013 19:40:20.674491 33414 runtime_context.cpp:29] DecreaseCounter constructing_actor_cnt, current val is 663
I1013 19:40:20.674436 33418 thread.cpp:96] Thread 1048576 construct Actor kNormalForward 2199023255591
I1013 19:40:20.674549 33424 runtime_context.cpp:29] DecreaseCounter constructing_actor_cnt, current val is 662
I1013 19:40:20.674623 33418 runtime_context.cpp:29] DecreaseCounter constructing_actor_cnt, current val is 661
I1013 19:40:20.674851 33414 naive_actor.cpp:25] actor 1099614388251 switch to &NaiveActor::HandlerNormal
I1013 19:40:20.674901 33414 thread.cpp:96] Thread 524337 construct Actor kTick 1099614388251
I1013 19:40:20.674965 33414 runtime_context.cpp:29] DecreaseCounter constructing_actor_cnt, current val is 660
I1013 19:40:20.675386 33414 naive_actor.cpp:25] actor 1099614388252 switch to &NaiveActor::HandlerNormal
I1013 19:40:20.675436 33414 thread.cpp:96] Thread 524337 construct Actor kDstSubsetTick 1099614388252
I1013 19:40:20.675506 33414 runtime_context.cpp:29] DecreaseCounter constructing_actor_cnt, current val is 659
I1013 19:40:20.675649 33424 naive_actor.cpp:25] actor 2207613190227 switch to &NaiveActor::HandlerNormal
I1013 19:40:20.675705 33424 thread.cpp:96] Thread 1052672 construct Actor kNormalForward 2207613190227
I1013 19:40:20.675707 33418 naive_actor.cpp:25] actor 2199023255615 switch to &NaiveActor::HandlerNormal
I1013 19:40:20.675791 33418 thread.cpp:96] Thread 1048576 construct Actor kNormalForward 2199023255615
I1013 19:40:20.675805 33424 runtime_context.cpp:29] DecreaseCounter constructing_actor_cnt, current val is 658
I1013 19:40:20.675907 33418 runtime_context.cpp:29] DecreaseCounter constructing_actor_cnt, current val is 657
I1013 19:40:20.675957 33414 naive_actor.cpp:25] actor 1099614388253 switch to &NaiveActor::HandlerNormal
I1013 19:40:20.676012 33414 thread.cpp:96] Thread 524337 construct Actor kTick 1099614388253
I1013 19:40:20.676087 33414 runtime_context.cpp:29] DecreaseCounter constructing_actor_cnt, current val is 656
I1013 19:40:20.676220 33424 naive_actor.cpp:25] actor 2207613190157 switch to &NaiveActor::HandlerNormal
I1013 19:40:20.676393 33424 thread.cpp:96] Thread 1052672 construct Actor kNormalForward 2207613190157
I1013 19:40:20.676419 33386 naive_actor.cpp:25] actor 1099513724928 switch to &NaiveActor::HandlerNormal
I1013 19:40:20.676450 33414 naive_actor.cpp:25] actor 1099614388248 switch to &NaiveActor::HandlerNormal
I1013 19:40:20.676456 33385 naive_actor.cpp:25] actor 1099511627776 switch to &NaiveActor::HandlerNormal
I1013 19:40:20.676488 33386 thread.cpp:96] Thread 524289 construct Actor kNormalForward 1099513724928
I1013 19:40:20.676492 33424 runtime_context.cpp:29] DecreaseCounter constructing_actor_cnt, current val is 655
I1013 19:40:20.676653 33386 runtime_context.cpp:29] DecreaseCounter constructing_actor_cnt, current val is 654
