Log file created at: 2021/10/13 09:39:19
Running on machine: oneflow-14
Log line format: [IWEF]mmdd hh:mm:ss.uuuuuu threadid file:line] msg
I1013 09:39:19.220902 22471 global.h:36] NewGlobal 14cudaDeviceProp
I1013 09:39:19.221814 22471 global.h:36] NewGlobal N7oneflow7EnvDescE
I1013 09:39:19.221834 22471 global.h:36] NewGlobal N7oneflow10ProcessCtxE
I1013 09:39:19.221844 22471 env_global_objects_scope.cpp:152] using rpc backend: local
I1013 09:39:19.221905 22471 global.h:36] NewGlobal N7oneflow12ResourceDescE
I1013 09:39:19.221920 22471 global.h:36] NewGlobal N7oneflow12ResourceDescE
I1013 09:39:19.308697 22471 global.h:36] NewGlobal N7oneflow10ThreadPoolE
I1013 09:39:19.310118 22471 global.h:36] NewGlobal N7oneflow16EagerNcclCommMgrE
I1013 09:39:19.310138 22471 global.h:36] NewGlobal N7oneflow18CudnnConvAlgoCacheE
I1013 09:39:19.310151 22471 global.h:36] NewGlobal N7oneflow2vm19VirtualMachineScopeE
I1013 09:39:19.310161 22471 global.h:36] NewGlobal N7oneflow9OneflowVME
I1013 09:39:19.311205 22471 oneflow_vm.cpp:75] transport stream type: N7oneflow2vm13CpuStreamTypeE
I1013 09:39:19.311226 22471 oneflow_vm.cpp:75] transport stream type: N7oneflow2vm14CudaStreamTypeE
I1013 09:39:19.311235 22471 oneflow_vm.cpp:75] transport stream type: N7oneflow2vm19AsyncCudaStreamTypeE
I1013 09:39:19.311396 22471 global.h:36] NewGlobal N7oneflow27EagerJobBuildAndInferCtxMgrE
I1013 09:39:19.311414 22471 global.h:36] NewGlobal N7oneflow12EpollCommNetE
I1013 09:39:19.311563 22471 epoll_comm_network.cpp:63] CommNet:Epoll listening on 0.0.0.0:41518
I1013 09:39:19.311605 22471 epoll_comm_network.cpp:197] machine 0 sockfd -1
I1013 09:39:19.311734 22471 global.h:36] NewGlobal N7oneflow9TransportE
I1013 09:39:19.313261 22471 global.h:43] DeleteGlobal N7oneflow12ResourceDescE
I1013 09:39:19.313297 22471 version.cpp:22] OneFlow git version: b295ca2324
I1013 09:39:19.313315 22471 device_register_gpu.cpp:56] CUDA runtime version: 11.2
I1013 09:39:19.313338 22471 device_register_gpu.cpp:65] cuDNN version: 8.1.1
I1013 09:39:19.313351 22471 device_register_gpu.cpp:78] NCCL version: 2.9.8
I1013 09:39:19.313360 22471 global.h:36] NewGlobal N7oneflow12ResourceDescE
I1013 09:39:19.313369 22471 global.h:36] NewGlobal N7oneflow5IDMgrE
I1013 09:39:19.313378 22471 global.h:36] NewGlobal N7oneflow16AvailableMemDescE
I1013 09:39:19.313407 22471 global.h:36] NewGlobal St13unordered_mapISslSt4hashISsESt8equal_toISsESaISt4pairIKSslEEE
I1013 09:39:19.313416 22471 global.h:36] NewGlobal N7oneflow19CriticalSectionDescE
I1013 09:39:19.313423 22471 global.h:36] NewGlobal N7oneflow16InterUserJobInfoE
I1013 09:39:19.313443 22471 global.h:36] NewGlobal N7oneflow26LazyJobBuildAndInferCtxMgrE
I1013 09:39:19.313452 22471 global.h:36] NewGlobal N7oneflow16JobSetCompileCtxE
I1013 09:39:19.313460 22471 global.h:36] NewGlobal N7oneflow26RuntimeBufferManagersScopeE
I1013 09:39:19.313468 22471 global.h:36] NewGlobal N7oneflow9BufferMgrIlEE
I1013 09:39:19.313477 22471 global.h:36] NewGlobal N7oneflow9BufferMgrISt10shared_ptrINS_11JobInstanceEEEE
I1013 09:39:19.313484 22471 global.h:36] NewGlobal N7oneflow10RuntimeCtxE
I1013 09:39:19.313491 22471 global.h:36] NewGlobal N7oneflow15MemoryAllocatorE
I1013 09:39:19.313499 22471 global.h:36] NewGlobal N7oneflow8ChunkMgrE
I1013 09:39:19.313506 22471 global.h:36] NewGlobal N7oneflow8RegstMgrE
I1013 09:39:19.313514 22471 global.h:36] NewGlobal N7oneflow11ActorMsgBusE
I1013 09:39:19.313521 22471 global.h:36] NewGlobal N7oneflow9ThreadMgrE
I1013 09:39:19.313529 22471 global.h:36] NewGlobal N7oneflow15RuntimeJobDescsE
I1013 09:39:19.313536 22471 global.h:36] NewGlobal N7oneflow7summary12EventsWriterE
I1013 09:39:19.313547 22471 global.h:36] NewGlobal N7oneflow6boxing10collective24CollectiveBoxingExecutorE
I1013 09:39:19.313555 22471 global.h:36] NewGlobal N7oneflow6boxing10collective31CollectiveBoxingDeviceCtxPollerE
I1013 09:39:19.313696 22471 session.h:77] NewGlobal N7oneflow25SessionGlobalObjectsScopeE
I1013 09:39:19.314518 22471 global.h:36] NewGlobal N7oneflow7JobDescE
I1013 09:39:19.784924 22471 global.h:43] DeleteGlobal N7oneflow7JobDescE
I1013 09:39:19.785173 22471 global.h:36] NewGlobal N7oneflow7JobDescE
I1013 09:39:19.788852 22471 global.h:36] NewGlobal N7oneflow7OpGraphE
I1013 09:39:19.793896 22471 global.h:43] DeleteGlobal N7oneflow7OpGraphE
I1013 09:39:19.993432 22471 global.h:43] DeleteGlobal N7oneflow7JobDescE
I1013 09:39:20.009490 22471 global.h:36] NewGlobal N7oneflow24InterJobReuseMemStrategyE
I1013 09:39:20.009514 22471 global.h:36] NewGlobal N7oneflow7OneflowE
I1013 09:39:20.021450 22471 global.h:36] NewGlobal N7oneflow7JobDescE
I1013 09:39:20.224124 22471 global.h:36] NewGlobal N7oneflow7OpGraphE
I1013 09:39:20.292660 22471 global.h:43] DeleteGlobal N7oneflow7OpGraphE
I1013 09:39:20.300132 22471 oneflow.cpp:210] 
job_id: 0 , job_name: train_job , compile time: 0.278634 seconds.
I1013 09:39:20.348065 22471 global.h:43] DeleteGlobal N7oneflow7JobDescE
I1013 09:39:20.348408 22471 global.h:36] NewGlobal N7oneflow7JobDescE
I1013 09:39:20.394326 22471 global.h:36] NewGlobal N7oneflow7OpGraphE
I1013 09:39:20.411082 22471 global.h:43] DeleteGlobal N7oneflow7OpGraphE
I1013 09:39:20.415792 22471 oneflow.cpp:210] 
job_id: 1 , job_name: System-ModelInit , compile time: 0.0671939 seconds.
I1013 09:39:20.427176 22471 global.h:43] DeleteGlobal N7oneflow7JobDescE
I1013 09:39:20.427203 22471 global.h:36] NewGlobal N7oneflow7JobDescE
I1013 09:39:20.471143 22471 global.h:36] NewGlobal N7oneflow7OpGraphE
I1013 09:39:20.487910 22471 global.h:43] DeleteGlobal N7oneflow7OpGraphE
I1013 09:39:20.492105 22471 oneflow.cpp:210] 
job_id: 2 , job_name: System-ModelLoad , compile time: 0.064884 seconds.
I1013 09:39:20.503813 22471 global.h:43] DeleteGlobal N7oneflow7JobDescE
I1013 09:39:20.503840 22471 global.h:36] NewGlobal N7oneflow7JobDescE
I1013 09:39:20.547662 22471 global.h:36] NewGlobal N7oneflow7OpGraphE
I1013 09:39:20.563638 22471 global.h:43] DeleteGlobal N7oneflow7OpGraphE
I1013 09:39:20.567379 22471 oneflow.cpp:210] 
job_id: 3 , job_name: System-ModelSave , compile time: 0.063522 seconds.
I1013 09:39:20.579470 22471 global.h:43] DeleteGlobal N7oneflow7JobDescE
I1013 09:39:20.579499 22471 global.h:36] NewGlobal N7oneflow7JobDescE
I1013 09:39:20.587762 22471 global.h:36] NewGlobal N7oneflow7OpGraphE
I1013 09:39:20.591416 22471 global.h:43] DeleteGlobal N7oneflow7OpGraphE
I1013 09:39:20.592939 22471 oneflow.cpp:210] 
job_id: 4 , job_name: System-Pull-Return_22 , compile time: 0.0134344 seconds.
I1013 09:39:20.596402 22471 global.h:43] DeleteGlobal N7oneflow7JobDescE
I1013 09:39:20.600476 22471 global.h:36] NewGlobal N7oneflow7JobDescE
I1013 09:39:20.600513 22471 global.h:36] NewGlobal N7oneflow7OpGraphE
I1013 09:39:20.605820 22471 global.h:43] DeleteGlobal N7oneflow7OpGraphE
I1013 09:39:20.608799 22471 oneflow.cpp:210] 
job_id: 5 , job_name: MainJob-unamed , compile time: 0.00829619 seconds.
I1013 09:39:20.615639 22471 global.h:43] DeleteGlobal N7oneflow7JobDescE
I1013 09:39:20.618155 22471 plan_util.cpp:928]  Plan: merged_plan needs to allocate [ 374.897 MiB ] device memory in Rank: 0 , Device: 0
I1013 09:39:20.720485 22471 oneflow.cpp:998]  PushPlan merged_plan time: 0.00988954 seconds.
I1013 09:39:20.748931 22471 oneflow.cpp:1014]  PullPlan merged_plan time: 0.024226 seconds.
I1013 09:39:22.694353 22471 runtime_context.cpp:21] NewCounter constructing_actor_cnt 400
I1013 09:39:22.695488 23016 naive_actor.cpp:25] actor 2199023255700 switch to &NaiveActor::HandlerNormal
I1013 09:39:22.695549 23012 naive_actor.cpp:25] actor 1099614388235 switch to &NaiveActor::HandlerNormal
I1013 09:39:22.695772 23013 wait_and_send_ids_actor.cpp:53] actor 1099616485376 switch to &WaitAndSendIdsActor::HandlerWaitToStart
I1013 09:39:22.695799 23016 thread.cpp:96] Thread 1048576 construct Actor kDeviceTick 2199023255700
I1013 09:39:22.695852 23012 thread.cpp:96] Thread 524337 construct Actor kDeviceTick 1099614388235
I1013 09:39:22.695883 23013 thread.cpp:96] Thread 524338 construct Actor kWaitAndSendIds 1099616485376
I1013 09:39:22.696017 23016 runtime_context.cpp:29] DecreaseCounter constructing_actor_cnt, current val is 399
I1013 09:39:22.696035 23013 runtime_context.cpp:29] DecreaseCounter constructing_actor_cnt, current val is 397
I1013 09:39:22.696025 23012 runtime_context.cpp:29] DecreaseCounter constructing_actor_cnt, current val is 398
I1013 09:39:22.696475 23016 naive_actor.cpp:25] actor 2199023255739 switch to &NaiveActor::HandlerNormal
I1013 09:39:22.696512 23016 thread.cpp:96] Thread 1048576 construct Actor kDeviceTick 2199023255739
I1013 09:39:22.696568 23016 runtime_context.cpp:29] DecreaseCounter constructing_actor_cnt, current val is 396
I1013 09:39:22.696671 23012 naive_actor.cpp:25] actor 1099614388228 switch to &NaiveActor::HandlerNormal
I1013 09:39:22.696748 23012 thread.cpp:96] Thread 524337 construct Actor kDeviceTick 1099614388228
I1013 09:39:22.696812 23012 runtime_context.cpp:29] DecreaseCounter constructing_actor_cnt, current val is 395
I1013 09:39:22.696848 23016 naive_actor.cpp:25] actor 2199023255778 switch to &NaiveActor::HandlerNormal
I1013 09:39:22.697206 23016 thread.cpp:96] Thread 1048576 construct Actor kDeviceTick 2199023255778
I1013 09:39:22.697175 23012 naive_actor.cpp:25] actor 1099614388245 switch to &NaiveActor::HandlerNormal
I1013 09:39:22.697268 23016 runtime_context.cpp:29] DecreaseCounter constructing_actor_cnt, current val is 394
I1013 09:39:22.697284 23012 thread.cpp:96] Thread 524337 construct Actor kDeviceTick 1099614388245
I1013 09:39:22.697361 23012 runtime_context.cpp:29] DecreaseCounter constructing_actor_cnt, current val is 393
I1013 09:39:22.697603 23016 naive_actor.cpp:25] actor 2199023255817 switch to &NaiveActor::HandlerNormal
I1013 09:39:22.697695 23016 thread.cpp:96] Thread 1048576 construct Actor kDeviceTick 2199023255817
I1013 09:39:22.697752 23016 runtime_context.cpp:29] DecreaseCounter constructing_actor_cnt, current val is 392
I1013 09:39:22.697813 23012 naive_actor.cpp:25] actor 1099614388254 switch to &NaiveActor::HandlerNormal
I1013 09:39:22.697849 23012 thread.cpp:96] Thread 524337 construct Actor kDeviceTick 1099614388254
I1013 09:39:22.697901 23012 runtime_context.cpp:29] DecreaseCounter constructing_actor_cnt, current val is 391
I1013 09:39:22.698148 23012 naive_actor.cpp:25] actor 1099614388263 switch to &NaiveActor::HandlerNormal
I1013 09:39:22.698182 23012 thread.cpp:96] Thread 524337 construct Actor kDeviceTick 1099614388263
I1013 09:39:22.698232 23012 runtime_context.cpp:29] DecreaseCounter constructing_actor_cnt, current val is 390
I1013 09:39:22.698487 23012 naive_actor.cpp:25] actor 1099614388278 switch to &NaiveActor::HandlerNormal
I1013 09:39:22.698521 23012 thread.cpp:96] Thread 524337 construct Actor kDeviceTick 1099614388278
I1013 09:39:22.698570 23012 runtime_context.cpp:29] DecreaseCounter constructing_actor_cnt, current val is 389
I1013 09:39:22.698819 23012 naive_actor.cpp:25] actor 1099614388271 switch to &NaiveActor::HandlerNormal
I1013 09:39:22.698853 23012 thread.cpp:96] Thread 524337 construct Actor kDeviceTick 1099614388271
I1013 09:39:22.698902 23012 runtime_context.cpp:29] DecreaseCounter constructing_actor_cnt, current val is 388
I1013 09:39:22.707248 23011 naive_actor.cpp:25] actor 1099570348032 switch to &NaiveActor::HandlerNormal
I1013 09:39:22.707255 23007 naive_actor.cpp:25] actor 1099561959424 switch to &NaiveActor::HandlerNormal
I1013 09:39:22.707306 23006 naive_actor.cpp:25] actor 1099559862272 switch to &NaiveActor::HandlerNormal
I1013 09:39:22.707319 23014 sink_actor.cpp:21] actor 1099618582528 switch to &SinkActor::HandlerNormal
I1013 09:39:22.707374 23011 thread.cpp:96] Thread 524316 construct Actor kForeignOutput 1099570348032
I1013 09:39:22.707451 23007 thread.cpp:96] Thread 524312 construct Actor kForeignInput 1099561959424
I1013 09:39:22.707415 23010 naive_actor.cpp:25] actor 1099568250880 switch to &NaiveActor::HandlerNormal
I1013 09:39:22.707490 23006 thread.cpp:96] Thread 524311 construct Actor kNormalForward 1099559862272
I1013 09:39:22.707535 23014 thread.cpp:96] Thread 524339 construct Actor kCallbackNotify 1099618582528
I1013 09:39:22.707617 23011 runtime_context.cpp:29] DecreaseCounter constructing_actor_cnt, current val is 387
I1013 09:39:22.707839 23003 naive_actor.cpp:25] actor 1099553570816 switch to &NaiveActor::HandlerNormal
I1013 09:39:22.707676 23002 naive_actor.cpp:25] actor 1099551473664 switch to &NaiveActor::HandlerNormal
I1013 09:39:22.708117 22986 naive_actor.cpp:25] actor 1099517919232 switch to &NaiveActor::HandlerNormal
I1013 09:39:22.708209 22994 naive_actor.cpp:25] actor 1099534696448 switch to &NaiveActor::HandlerNormal
I1013 09:39:22.708302 22994 thread.cpp:96] Thread 524299 construct Actor kNormalForward 1099534696448
I1013 09:39:22.708343 23016 naive_actor.cpp:25] actor 2199023255569 switch to &NaiveActor::HandlerNormal
I1013 09:39:22.708389 23018 naive_actor.cpp:25] actor 2199025352706 switch to &NaiveActor::HandlerNormal
I1013 09:39:22.707864 23004 naive_actor.cpp:25] actor 1099555667968 switch to &NaiveActor::HandlerNormal
I1013 09:39:22.707639 23001 naive_actor.cpp:25] actor 1099549376512 switch to &NaiveActor::HandlerNormal
I1013 09:39:22.707911 23014 runtime_context.cpp:29] DecreaseCounter constructing_actor_cnt, current val is 384
I1013 09:39:22.707913 23006 runtime_context.cpp:29] DecreaseCounter constructing_actor_cnt, current val is 385
I1013 09:39:22.707932 22993 naive_actor.cpp:25] actor 1099532599296 switch to &NaiveActor::HandlerNormal
I1013 09:39:22.708765 22989 naive_actor.cpp:25] actor 1099524210688 switch to &NaiveActor::HandlerNormal
I1013 09:39:22.708833 22989 thread.cpp:96] Thread 524294 construct Actor kNormalForward 1099524210688
I1013 09:39:22.708003 23020 naive_actor.cpp:25] actor 2199027449856 switch to &NaiveActor::HandlerNormal
I1013 09:39:22.708917 22989 runtime_context.cpp:29] DecreaseCounter constructing_actor_cnt, current val is 382
I1013 09:39:22.708938 23020 thread.cpp:96] Thread 1048578 construct Actor kCopyHd 2199027449856
I1013 09:39:22.708113 22992 naive_actor.cpp:25] actor 1099530502144 switch to &NaiveActor::HandlerNormal
I1013 09:39:22.708142 23002 thread.cpp:96] Thread 524307 construct Actor kNormalForward 1099551473664
I1013 09:39:22.709107 22992 thread.cpp:96] Thread 524297 construct Actor kNormalForward 1099530502144
I1013 09:39:22.708137 23005 naive_actor.cpp:25] actor 1099557765120 switch to &NaiveActor::HandlerNormal
I1013 09:39:22.708120 22987 naive_actor.cpp:25] actor 1099520016384 switch to &NaiveActor::HandlerNormal
I1013 09:39:22.709297 22987 thread.cpp:96] Thread 524292 construct Actor kNormalForward 1099520016384
I1013 09:39:22.708222 23000 naive_actor.cpp:25] actor 1099547279360 switch to &NaiveActor::HandlerNormal
I1013 09:39:22.707733 23010 thread.cpp:96] Thread 524315 construct Actor kNormalForward 1099568250880
I1013 09:39:22.709398 22987 runtime_context.cpp:29] DecreaseCounter constructing_actor_cnt, current val is 378
I1013 09:39:22.708225 22986 thread.cpp:96] Thread 524291 construct Actor kNormalForward 1099517919232
I1013 09:39:22.707744 22995 naive_actor.cpp:25] actor 1099536793600 switch to &NaiveActor::HandlerNormal
I1013 09:39:22.709539 22986 runtime_context.cpp:29] DecreaseCounter constructing_actor_cnt, current val is 376
I1013 09:39:22.707763 23008 naive_actor.cpp:25] actor 1099564056576 switch to &NaiveActor::HandlerNormal
I1013 09:39:22.708393 22985 naive_actor.cpp:25] actor 1099515822080 switch to &NaiveActor::HandlerNormal
I1013 09:39:22.707846 22997 naive_actor.cpp:25] actor 1099540987904 switch to &NaiveActor::HandlerNormal
I1013 09:39:22.709738 22997 thread.cpp:96] Thread 524302 construct Actor kNormalForward 1099540987904
I1013 09:39:22.708408 23016 thread.cpp:96] Thread 1048576 construct Actor kNormalForward 2199023255569
I1013 09:39:22.709818 22997 runtime_context.cpp:29] DecreaseCounter constructing_actor_cnt, current val is 375
I1013 09:39:22.708395 22994 runtime_context.cpp:29] DecreaseCounter constructing_actor_cnt, current val is 383
I1013 09:39:22.708396 22988 naive_actor.cpp:25] actor 1099522113536 switch to &NaiveActor::HandlerNormal
I1013 09:39:22.709954 22988 thread.cpp:96] Thread 524293 construct Actor kNormalForward 1099522113536
I1013 09:39:22.708487 22990 naive_actor.cpp:25] actor 1099526307840 switch to &NaiveActor::HandlerNormal
I1013 09:39:22.710028 22990 thread.cpp:96] Thread 524295 construct Actor kNormalForward 1099526307840
I1013 09:39:22.708556 23004 thread.cpp:96] Thread 524309 construct Actor kForeignInput 1099555667968
I1013 09:39:22.710211 22990 runtime_context.cpp:29] DecreaseCounter constructing_actor_cnt, current val is 372
I1013 09:39:22.710273 23004 runtime_context.cpp:29] DecreaseCounter constructing_actor_cnt, current val is 371
I1013 09:39:22.708775 22993 thread.cpp:96] Thread 524298 construct Actor kNormalForward 1099532599296
I1013 09:39:22.708781 22991 naive_actor.cpp:25] actor 1099528404992 switch to &NaiveActor::HandlerNormal
I1013 09:39:22.710407 22993 runtime_context.cpp:29] DecreaseCounter constructing_actor_cnt, current val is 370
I1013 09:39:22.708024 22996 naive_actor.cpp:25] actor 1099538890752 switch to &NaiveActor::HandlerNormal
I1013 09:39:22.708060 23003 thread.cpp:96] Thread 524308 construct Actor kNormalForward 1099553570816
I1013 09:39:22.709031 23020 runtime_context.cpp:29] DecreaseCounter constructing_actor_cnt, current val is 381
I1013 09:39:22.710685 23003 runtime_context.cpp:29] DecreaseCounter constructing_actor_cnt, current val is 369
I1013 09:39:22.709187 23002 runtime_context.cpp:29] DecreaseCounter constructing_actor_cnt, current val is 380
I1013 09:39:22.707727 23007 runtime_context.cpp:29] DecreaseCounter constructing_actor_cnt, current val is 386
I1013 09:39:22.709230 23005 thread.cpp:96] Thread 524310 construct Actor kNormalForward 1099557765120
I1013 09:39:22.709240 22992 runtime_context.cpp:29] DecreaseCounter constructing_actor_cnt, current val is 379
I1013 09:39:22.710963 23005 runtime_context.cpp:29] DecreaseCounter constructing_actor_cnt, current val is 368
I1013 09:39:22.708165 23009 naive_actor.cpp:25] actor 1099566153728 switch to &NaiveActor::HandlerNormal
I1013 09:39:22.711081 23009 thread.cpp:96] Thread 524314 construct Actor kNormalForward 1099566153728
I1013 09:39:22.709443 23010 runtime_context.cpp:29] DecreaseCounter constructing_actor_cnt, current val is 377
I1013 09:39:22.711201 23009 runtime_context.cpp:29] DecreaseCounter constructing_actor_cnt, current val is 367
I1013 09:39:22.709542 22995 thread.cpp:96] Thread 524300 construct Actor kNormalForward 1099536793600
I1013 09:39:22.708312 22999 naive_actor.cpp:25] actor 1099545182208 switch to &NaiveActor::HandlerNormal
I1013 09:39:22.711408 22999 thread.cpp:96] Thread 524304 construct Actor kNormalForward 1099545182208
I1013 09:39:22.709653 23008 thread.cpp:96] Thread 524313 construct Actor kNormalForward 1099564056576
I1013 09:39:22.709695 22985 thread.cpp:96] Thread 524290 construct Actor kNormalForward 1099515822080
I1013 09:39:22.711531 22999 runtime_context.cpp:29] DecreaseCounter constructing_actor_cnt, current val is 365
I1013 09:39:22.711562 23008 runtime_context.cpp:29] DecreaseCounter constructing_actor_cnt, current val is 364
I1013 09:39:22.708470 23018 thread.cpp:96] Thread 1048577 construct Actor kSliceBoxing 2199025352706
I1013 09:39:22.711624 22985 runtime_context.cpp:29] DecreaseCounter constructing_actor_cnt, current val is 363
I1013 09:39:22.710044 22988 runtime_context.cpp:29] DecreaseCounter constructing_actor_cnt, current val is 373
I1013 09:39:22.708494 22998 naive_actor.cpp:25] actor 1099543085056 switch to &NaiveActor::HandlerNormal
I1013 09:39:22.711786 22998 thread.cpp:96] Thread 524303 construct Actor kNormalForward 1099543085056
I1013 09:39:22.710414 22991 thread.cpp:96] Thread 524296 construct Actor kNormalForward 1099528404992
I1013 09:39:22.707978 23012 naive_actor.cpp:25] actor 1099614388224 switch to &NaiveActor::HandlerNormal
I1013 09:39:22.711908 22991 runtime_context.cpp:29] DecreaseCounter constructing_actor_cnt, current val is 360
I1013 09:39:22.711915 23012 thread.cpp:96] Thread 524337 construct Actor kDeviceTick 1099614388224
I1013 09:39:22.710793 23020 naive_actor.cpp:25] actor 2199027449857 switch to &NaiveActor::HandlerNormal
I1013 09:39:22.712020 23020 thread.cpp:96] Thread 1048578 construct Actor kCopyHd 2199027449857
I1013 09:39:22.709378 23000 thread.cpp:96] Thread 524305 construct Actor kNormalForward 1099547279360
I1013 09:39:22.711344 22995 runtime_context.cpp:29] DecreaseCounter constructing_actor_cnt, current val is 366
I1013 09:39:22.711668 23018 runtime_context.cpp:29] DecreaseCounter constructing_actor_cnt, current val is 362
I1013 09:39:22.708657 23001 thread.cpp:96] Thread 524306 construct Actor kForeignInput 1099549376512
I1013 09:39:22.711886 22998 runtime_context.cpp:29] DecreaseCounter constructing_actor_cnt, current val is 361
I1013 09:39:22.710597 22996 thread.cpp:96] Thread 524301 construct Actor kNormalForward 1099538890752
I1013 09:39:22.711990 23012 runtime_context.cpp:29] DecreaseCounter constructing_actor_cnt, current val is 359
I1013 09:39:22.712091 23020 runtime_context.cpp:29] DecreaseCounter constructing_actor_cnt, current val is 358
I1013 09:39:22.709853 23016 runtime_context.cpp:29] DecreaseCounter constructing_actor_cnt, current val is 374
I1013 09:39:22.712144 22984 naive_actor.cpp:25] actor 1099513724928 switch to &NaiveActor::HandlerNormal
I1013 09:39:22.712713 22984 thread.cpp:96] Thread 524289 construct Actor kNormalForward 1099513724928
I1013 09:39:22.712252 22983 naive_actor.cpp:25] actor 1099511627776 switch to &NaiveActor::HandlerNormal
I1013 09:39:22.712849 22983 thread.cpp:96] Thread 524288 construct Actor kNormalForward 1099511627776
I1013 09:39:22.712476 23001 runtime_context.cpp:29] DecreaseCounter constructing_actor_cnt, current val is 356
I1013 09:39:22.712523 23018 naive_actor.cpp:25] actor 2199025352705 switch to &NaiveActor::HandlerNormal
I1013 09:39:22.713052 23018 thread.cpp:96] Thread 1048577 construct Actor kSliceBoxing 2199025352705
I1013 09:39:22.712715 23020 naive_actor.cpp:25] actor 2199027449858 switch to &NaiveActor::HandlerNormal
I1013 09:39:22.713142 23018 runtime_context.cpp:29] DecreaseCounter constructing_actor_cnt, current val is 352
I1013 09:39:22.713155 23020 thread.cpp:96] Thread 1048578 construct Actor kCopyHd 2199027449858
I1013 09:39:22.712162 23000 runtime_context.cpp:29] DecreaseCounter constructing_actor_cnt, current val is 357
I1013 09:39:22.712813 22984 runtime_context.cpp:29] DecreaseCounter constructing_actor_cnt, current val is 354
I1013 09:39:22.712920 22983 runtime_context.cpp:29] DecreaseCounter constructing_actor_cnt, current val is 353
I1013 09:39:22.712929 23012 naive_actor.cpp:25] actor 1099614388238 switch to &NaiveActor::HandlerNormal
I1013 09:39:22.713517 23018 naive_actor.cpp:25] actor 2199025352704 switch to &NaiveActor::HandlerNormal
I1013 09:39:22.713055 23016 naive_actor.cpp:25] actor 2199023255558 switch to &NaiveActor::HandlerNormal
I1013 09:39:22.713205 23020 runtime_context.cpp:29] DecreaseCounter constructing_actor_cnt, current val is 351
I1013 09:39:22.712530 22996 runtime_context.cpp:29] DecreaseCounter constructing_actor_cnt, current val is 355
I1013 09:39:22.713528 23012 thread.cpp:96] Thread 524337 construct Actor kTick 1099614388238
I1013 09:39:22.713553 23018 thread.cpp:96] Thread 1048577 construct Actor kSliceBoxing 2199025352704
I1013 09:39:22.713589 23016 thread.cpp:96] Thread 1048576 construct Actor kNormalForward 2199023255558
I1013 09:39:22.713714 23012 runtime_context.cpp:29] DecreaseCounter constructing_actor_cnt, current val is 350
I1013 09:39:22.713724 23018 runtime_context.cpp:29] DecreaseCounter constructing_actor_cnt, current val is 349
I1013 09:39:22.713755 23016 runtime_context.cpp:29] DecreaseCounter constructing_actor_cnt, current val is 348
I1013 09:39:22.713954 23018 naive_actor.cpp:25] actor 2199025352708 switch to &NaiveActor::HandlerNormal
I1013 09:39:22.714001 23018 thread.cpp:96] Thread 1048577 construct Actor kCopyHd 2199025352708
I1013 09:39:22.714051 23018 runtime_context.cpp:29] DecreaseCounter constructing_actor_cnt, current val is 347
I1013 09:39:22.714095 23012 naive_actor.cpp:25] actor 1099614388240 switch to &NaiveActor::HandlerNormal
I1013 09:39:22.714159 23012 thread.cpp:96] Thread 524337 construct Actor kTick 1099614388240
I1013 09:39:22.714218 23012 runtime_context.cpp:29] DecreaseCounter constructing_actor_cnt, current val is 346
I1013 09:39:22.714277 23018 naive_actor.cpp:25] actor 2199025352707 switch to &NaiveActor::HandlerNormal
I1013 09:39:22.714409 23018 thread.cpp:96] Thread 1048577 construct Actor kSliceBoxing 2199025352707
I1013 09:39:22.714490 23018 runtime_context.cpp:29] DecreaseCounter constructing_actor_cnt, current val is 345
I1013 09:39:22.714570 23012 naive_actor.cpp:25] actor 1099614388232 switch to &NaiveActor::HandlerNormal
I1013 09:39:22.714612 23016 naive_actor.cpp:25] actor 2199023255566 switch to &NaiveActor::HandlerNormal
I1013 09:39:22.714644 23018 naive_actor.cpp:25] actor 2199025352709 switch to &NaiveActor::HandlerNormal
I1013 09:39:22.714619 23012 thread.cpp:96] Thread 524337 construct Actor kTick 1099614388232
I1013 09:39:22.714668 23016 thread.cpp:96] Thread 1048576 construct Actor kNormalForward 2199023255566
I1013 09:39:22.714684 23018 thread.cpp:96] Thread 1048577 construct Actor kCopyHd 2199025352709
I1013 09:39:22.714754 23012 runtime_context.cpp:29] DecreaseCounter constructing_actor_cnt, current val is 344
I1013 09:39:22.714772 23018 runtime_context.cpp:29] DecreaseCounter constructing_actor_cnt, current val is 343
I1013 09:39:22.714787 23016 runtime_context.cpp:29] DecreaseCounter constructing_actor_cnt, current val is 342
I1013 09:39:22.714921 23018 naive_actor.cpp:25] actor 2199025352710 switch to &NaiveActor::HandlerNormal
I1013 09:39:22.714962 23018 thread.cpp:96] Thread 1048577 construct Actor kCopyHd 2199025352710
I1013 09:39:22.715018 23018 runtime_context.cpp:29] DecreaseCounter constructing_actor_cnt, current val is 341
I1013 09:39:22.715086 23012 naive_actor.cpp:25] actor 1099614388230 switch to &NaiveActor::HandlerNormal
I1013 09:39:22.715135 23012 thread.cpp:96] Thread 524337 construct Actor kTick 1099614388230
I1013 09:39:22.715193 23012 runtime_context.cpp:29] DecreaseCounter constructing_actor_cnt, current val is 340
I1013 09:39:22.715713 23016 naive_actor.cpp:25] actor 2199023255568 switch to &NaiveActor::HandlerNormal
I1013 09:39:22.715729 23012 esac_actor.cpp:73] actor 1099614388315 switch to &EsacActor::HandlerNormal
I1013 09:39:22.715770 23016 thread.cpp:96] Thread 1048576 construct Actor kNormalForward 2199023255568
I1013 09:39:22.715804 23012 thread.cpp:96] Thread 524337 construct Actor kEsac 1099614388315
I1013 09:39:22.715891 23016 runtime_context.cpp:29] DecreaseCounter constructing_actor_cnt, current val is 339
I1013 09:39:22.715922 23012 runtime_context.cpp:29] DecreaseCounter constructing_actor_cnt, current val is 338
I1013 09:39:22.716184 23016 naive_actor.cpp:25] actor 2199023255572 switch to &NaiveActor::HandlerNormal
I1013 09:39:22.716236 23016 thread.cpp:96] Thread 1048576 construct Actor kNormalForward 2199023255572
I1013 09:39:22.716264 23012 naive_actor.cpp:25] actor 1099614388233 switch to &NaiveActor::HandlerNormal
I1013 09:39:22.716295 23016 runtime_context.cpp:29] DecreaseCounter constructing_actor_cnt, current val is 337
I1013 09:39:22.716300 23012 thread.cpp:96] Thread 524337 construct Actor kTick 1099614388233
I1013 09:39:22.716377 23012 runtime_context.cpp:29] DecreaseCounter constructing_actor_cnt, current val is 336
I1013 09:39:22.716703 23012 naive_actor.cpp:25] actor 1099614388226 switch to &NaiveActor::HandlerNormal
I1013 09:39:22.716756 23012 thread.cpp:96] Thread 524337 construct Actor kDeviceTick 1099614388226
I1013 09:39:22.716826 23012 runtime_context.cpp:29] DecreaseCounter constructing_actor_cnt, current val is 335
I1013 09:39:22.717176 23012 naive_actor.cpp:25] actor 1099614388231 switch to &NaiveActor::HandlerNormal
I1013 09:39:22.717229 23012 thread.cpp:96] Thread 524337 construct Actor kDstSubsetTick 1099614388231
I1013 09:39:22.717249 23016 naive_actor.cpp:25] actor 2199023255554 switch to &NaiveActor::HandlerNormal
I1013 09:39:22.717293 23016 thread.cpp:96] Thread 1048576 construct Actor kNormalForward 2199023255554
I1013 09:39:22.717305 23012 runtime_context.cpp:29] DecreaseCounter constructing_actor_cnt, current val is 334
I1013 09:39:22.717357 23016 runtime_context.cpp:29] DecreaseCounter constructing_actor_cnt, current val is 333
I1013 09:39:22.717636 23012 naive_actor.cpp:25] actor 1099614388234 switch to &NaiveActor::HandlerNormal
I1013 09:39:22.717734 23012 thread.cpp:96] Thread 524337 construct Actor kTick 1099614388234
I1013 09:39:22.717820 23012 runtime_context.cpp:29] DecreaseCounter constructing_actor_cnt, current val is 332
I1013 09:39:22.718154 23016 naive_actor.cpp:25] actor 2199023255563 switch to &NaiveActor::HandlerNormal
I1013 09:39:22.718209 23016 thread.cpp:96] Thread 1048576 construct Actor kNormalForward 2199023255563
I1013 09:39:22.718276 23016 runtime_context.cpp:29] DecreaseCounter constructing_actor_cnt, current val is 331
I1013 09:39:22.718289 23012 esac_actor.cpp:73] actor 1099614388323 switch to &EsacActor::HandlerNormal
I1013 09:39:22.718335 23012 thread.cpp:96] Thread 524337 construct Actor kEsac 1099614388323
I1013 09:39:22.718417 23012 runtime_context.cpp:29] DecreaseCounter constructing_actor_cnt, current val is 330
I1013 09:39:22.718767 23012 naive_actor.cpp:25] actor 1099614388225 switch to &NaiveActor::HandlerNormal
I1013 09:39:22.718817 23012 thread.cpp:96] Thread 524337 construct Actor kDeviceTick 1099614388225
I1013 09:39:22.718885 23012 runtime_context.cpp:29] DecreaseCounter constructing_actor_cnt, current val is 329
I1013 09:39:22.719187 23012 naive_actor.cpp:25] actor 1099614388236 switch to &NaiveActor::HandlerNormal
I1013 09:39:22.719195 23016 naive_actor.cpp:25] actor 2199023255570 switch to &NaiveActor::HandlerNormal
I1013 09:39:22.719239 23012 thread.cpp:96] Thread 524337 construct Actor kSrcSubsetTick 1099614388236
I1013 09:39:22.719265 23016 thread.cpp:96] Thread 1048576 construct Actor kNormalForward 2199023255570
I1013 09:39:22.719326 23012 runtime_context.cpp:29] DecreaseCounter constructing_actor_cnt, current val is 328
I1013 09:39:22.719348 23016 runtime_context.cpp:29] DecreaseCounter constructing_actor_cnt, current val is 327
I1013 09:39:22.719645 23012 naive_actor.cpp:25] actor 1099614388227 switch to &NaiveActor::HandlerNormal
I1013 09:39:22.719696 23012 thread.cpp:96] Thread 524337 construct Actor kSrcSubsetTick 1099614388227
I1013 09:39:22.719764 23012 runtime_context.cpp:29] DecreaseCounter constructing_actor_cnt, current val is 326
I1013 09:39:22.720074 23012 naive_actor.cpp:25] actor 1099614388241 switch to &NaiveActor::HandlerNormal
I1013 09:39:22.720125 23012 thread.cpp:96] Thread 524337 construct Actor kTick 1099614388241
I1013 09:39:22.720177 23016 naive_actor.cpp:25] actor 2199023255573 switch to &NaiveActor::HandlerNormal
I1013 09:39:22.720182 23012 runtime_context.cpp:29] DecreaseCounter constructing_actor_cnt, current val is 325
I1013 09:39:22.720214 23016 thread.cpp:96] Thread 1048576 construct Actor kNormalForward 2199023255573
I1013 09:39:22.720295 23016 runtime_context.cpp:29] DecreaseCounter constructing_actor_cnt, current val is 324
I1013 09:39:22.720549 23012 naive_actor.cpp:25] actor 1099614388239 switch to &NaiveActor::HandlerNormal
I1013 09:39:22.720602 23016 naive_actor.cpp:25] actor 2199023255564 switch to &NaiveActor::HandlerNormal
I1013 09:39:22.720602 23012 thread.cpp:96] Thread 524337 construct Actor kDstSubsetTick 1099614388239
I1013 09:39:22.720639 23016 thread.cpp:96] Thread 1048576 construct Actor kNormalForward 2199023255564
I1013 09:39:22.720705 23012 runtime_context.cpp:29] DecreaseCounter constructing_actor_cnt, current val is 323
I1013 09:39:22.720714 23016 runtime_context.cpp:29] DecreaseCounter constructing_actor_cnt, current val is 322
I1013 09:39:22.721019 23012 naive_actor.cpp:25] actor 1099614388250 switch to &NaiveActor::HandlerNormal
I1013 09:39:22.721068 23012 thread.cpp:96] Thread 524337 construct Actor kTick 1099614388250
I1013 09:39:22.721139 23012 runtime_context.cpp:29] DecreaseCounter constructing_actor_cnt, current val is 321
I1013 09:39:22.721460 23012 naive_actor.cpp:25] actor 1099614388242 switch to &NaiveActor::HandlerNormal
I1013 09:39:22.721509 23012 thread.cpp:96] Thread 524337 construct Actor kTick 1099614388242
I1013 09:39:22.721567 23012 runtime_context.cpp:29] DecreaseCounter constructing_actor_cnt, current val is 320
I1013 09:39:22.721576 23016 naive_actor.cpp:25] actor 2199023255606 switch to &NaiveActor::HandlerNormal
I1013 09:39:22.721736 23016 thread.cpp:96] Thread 1048576 construct Actor kNormalForward 2199023255606
I1013 09:39:22.721813 23016 runtime_context.cpp:29] DecreaseCounter constructing_actor_cnt, current val is 319
I1013 09:39:22.721904 23012 naive_actor.cpp:25] actor 1099614388247 switch to &NaiveActor::HandlerNormal
I1013 09:39:22.721951 23012 thread.cpp:96] Thread 524337 construct Actor kTick 1099614388247
I1013 09:39:22.722019 23012 runtime_context.cpp:29] DecreaseCounter constructing_actor_cnt, current val is 318
I1013 09:39:22.722129 23016 naive_actor.cpp:25] actor 2199023255567 switch to &NaiveActor::HandlerNormal
I1013 09:39:22.722175 23016 thread.cpp:96] Thread 1048576 construct Actor kNormalForward 2199023255567
I1013 09:39:22.722229 23016 runtime_context.cpp:29] DecreaseCounter constructing_actor_cnt, current val is 317
I1013 09:39:22.722352 23012 naive_actor.cpp:25] actor 1099614388244 switch to &NaiveActor::HandlerNormal
I1013 09:39:22.722400 23012 thread.cpp:96] Thread 524337 construct Actor kSrcSubsetTick 1099614388244
I1013 09:39:22.722470 23012 runtime_context.cpp:29] DecreaseCounter constructing_actor_cnt, current val is 316
I1013 09:39:22.722796 23012 naive_actor.cpp:25] actor 1099614388243 switch to &NaiveActor::HandlerNormal
I1013 09:39:22.722846 23012 thread.cpp:96] Thread 524337 construct Actor kDeviceTick 1099614388243
I1013 09:39:22.722913 23012 runtime_context.cpp:29] DecreaseCounter constructing_actor_cnt, current val is 315
I1013 09:39:22.723073 23016 naive_actor.cpp:25] actor 2199023255561 switch to &NaiveActor::HandlerNormal
I1013 09:39:22.723124 23016 thread.cpp:96] Thread 1048576 construct Actor kNormalForward 2199023255561
I1013 09:39:22.723191 23016 runtime_context.cpp:29] DecreaseCounter constructing_actor_cnt, current val is 314
I1013 09:39:22.723244 23012 naive_actor.cpp:25] actor 1099614388321 switch to &NaiveActor::HandlerNormal
I1013 09:39:22.723291 23012 thread.cpp:96] Thread 524337 construct Actor kTick 1099614388321
I1013 09:39:22.723353 23012 runtime_context.cpp:29] DecreaseCounter constructing_actor_cnt, current val is 313
I1013 09:39:22.723496 23016 naive_actor.cpp:25] actor 2199023255577 switch to &NaiveActor::HandlerNormal
I1013 09:39:22.723542 23016 thread.cpp:96] Thread 1048576 construct Actor kNormalForward 2199023255577
I1013 09:39:22.723596 23016 runtime_context.cpp:29] DecreaseCounter constructing_actor_cnt, current val is 312
I1013 09:39:22.723697 23012 naive_actor.cpp:25] actor 1099614388249 switch to &NaiveActor::HandlerNormal
I1013 09:39:22.723757 23012 thread.cpp:96] Thread 524337 construct Actor kTick 1099614388249
I1013 09:39:22.723820 23012 runtime_context.cpp:29] DecreaseCounter constructing_actor_cnt, current val is 311
I1013 09:39:22.723887 23016 naive_actor.cpp:25] actor 2199023255574 switch to &NaiveActor::HandlerNormal
I1013 09:39:22.723932 23016 thread.cpp:96] Thread 1048576 construct Actor kNormalForward 2199023255574
I1013 09:39:22.723985 23016 runtime_context.cpp:29] DecreaseCounter constructing_actor_cnt, current val is 310
I1013 09:39:22.724180 23012 naive_actor.cpp:25] actor 1099614388248 switch to &NaiveActor::HandlerNormal
I1013 09:39:22.724227 23012 thread.cpp:96] Thread 524337 construct Actor kDstSubsetTick 1099614388248
I1013 09:39:22.724287 23012 runtime_context.cpp:29] DecreaseCounter constructing_actor_cnt, current val is 309
I1013 09:39:22.724586 23012 naive_actor.cpp:25] actor 1099614388251 switch to &NaiveActor::HandlerNormal
I1013 09:39:22.724634 23012 thread.cpp:96] Thread 524337 construct Actor kTick 1099614388251
I1013 09:39:22.724689 23012 runtime_context.cpp:29] DecreaseCounter constructing_actor_cnt, current val is 308
I1013 09:39:22.724866 23016 naive_actor.cpp:25] actor 2199023255619 switch to &NaiveActor::HandlerNormal
I1013 09:39:22.724917 23016 thread.cpp:96] Thread 1048576 construct Actor kNormalForward 2199023255619
I1013 09:39:22.724978 23012 naive_actor.cpp:25] actor 1099614388253 switch to &NaiveActor::HandlerNormal
I1013 09:39:22.724982 23016 runtime_context.cpp:29] DecreaseCounter constructing_actor_cnt, current val is 307
I1013 09:39:22.725016 23012 thread.cpp:96] Thread 524337 construct Actor kSrcSubsetTick 1099614388253
I1013 09:39:22.725124 23012 runtime_context.cpp:29] DecreaseCounter constructing_actor_cnt, current val is 306
I1013 09:39:22.725417 23012 naive_actor.cpp:25] actor 1099614388256 switch to &NaiveActor::HandlerNormal
I1013 09:39:22.725478 23012 thread.cpp:96] Thread 524337 construct Actor kTick 1099614388256
I1013 09:39:22.725543 23012 runtime_context.cpp:29] DecreaseCounter constructing_actor_cnt, current val is 305
I1013 09:39:22.725831 23012 naive_actor.cpp:25] actor 1099614388317 switch to &NaiveActor::HandlerNormal
I1013 09:39:22.725880 23012 thread.cpp:96] Thread 524337 construct Actor kTick 1099614388317
I1013 09:39:22.725935 23012 runtime_context.cpp:29] DecreaseCounter constructing_actor_cnt, current val is 304
I1013 09:39:22.725973 23016 naive_actor.cpp:25] actor 2199023255667 switch to &NaiveActor::HandlerNormal
I1013 09:39:22.726022 23016 thread.cpp:96] Thread 1048576 construct Actor kNormalForward 2199023255667
I1013 09:39:22.726090 23016 runtime_context.cpp:29] DecreaseCounter constructing_actor_cnt, current val is 303
I1013 09:39:22.726245 23012 naive_actor.cpp:25] actor 1099614388252 switch to &NaiveActor::HandlerNormal
I1013 09:39:22.726292 23012 thread.cpp:96] Thread 524337 construct Actor kDeviceTick 1099614388252
I1013 09:39:22.726346 23012 runtime_context.cpp:29] DecreaseCounter constructing_actor_cnt, current val is 302
I1013 09:39:22.726652 23012 naive_actor.cpp:25] actor 1099614388258 switch to &NaiveActor::HandlerNormal
I1013 09:39:22.726699 23012 thread.cpp:96] Thread 524337 construct Actor kTick 1099614388258
I1013 09:39:22.726771 23012 runtime_context.cpp:29] DecreaseCounter constructing_actor_cnt, current val is 301
I1013 09:39:22.726927 23016 naive_actor.cpp:25] actor 2199023255556 switch to &NaiveActor::HandlerNormal
I1013 09:39:22.726977 23016 thread.cpp:96] Thread 1048576 construct Actor kNormalForward 2199023255556
I1013 09:39:22.727049 23016 runtime_context.cpp:29] DecreaseCounter constructing_actor_cnt, current val is 300
I1013 09:39:22.727129 23012 naive_actor.cpp:25] actor 1099614388257 switch to &NaiveActor::HandlerNormal
I1013 09:39:22.727178 23012 thread.cpp:96] Thread 524337 construct Actor kDstSubsetTick 1099614388257
I1013 09:39:22.727237 23012 runtime_context.cpp:29] DecreaseCounter constructing_actor_cnt, current val is 299
I1013 09:39:22.727536 23012 naive_actor.cpp:25] actor 1099614388259 switch to &NaiveActor::HandlerNormal
I1013 09:39:22.727583 23012 thread.cpp:96] Thread 524337 construct Actor kTick 1099614388259
I1013 09:39:22.727638 23012 runtime_context.cpp:29] DecreaseCounter constructing_actor_cnt, current val is 298
I1013 09:39:22.727738 23016 naive_actor.cpp:25] actor 2199023255576 switch to &NaiveActor::HandlerNormal
I1013 09:39:22.727787 23016 thread.cpp:96] Thread 1048576 construct Actor kNormalForward 2199023255576
I1013 09:39:22.727844 23016 runtime_context.cpp:29] DecreaseCounter constructing_actor_cnt, current val is 297
I1013 09:39:22.727937 23012 naive_actor.cpp:25] actor 1099614388268 switch to &NaiveActor::HandlerNormal
I1013 09:39:22.727982 23012 thread.cpp:96] Thread 524337 construct Actor kTick 1099614388268
I1013 09:39:22.728034 23012 runtime_context.cpp:29] DecreaseCounter constructing_actor_cnt, current val is 296
I1013 09:39:22.728142 23016 naive_actor.cpp:25] actor 2199023255579 switch to &NaiveActor::HandlerNormal
I1013 09:39:22.728188 23016 thread.cpp:96] Thread 1048576 construct Actor kNormalForward 2199023255579
I1013 09:39:22.728241 23016 runtime_context.cpp:29] DecreaseCounter constructing_actor_cnt, current val is 295
I1013 09:39:22.728340 23012 naive_actor.cpp:25] actor 1099614388260 switch to &NaiveActor::HandlerNormal
I1013 09:39:22.728387 23012 thread.cpp:96] Thread 524337 construct Actor kTick 1099614388260
I1013 09:39:22.728452 23012 runtime_context.cpp:29] DecreaseCounter constructing_actor_cnt, current val is 294
I1013 09:39:22.728757 23012 naive_actor.cpp:25] actor 1099614388267 switch to &NaiveActor::HandlerNormal
I1013 09:39:22.728890 23012 thread.cpp:96] Thread 524337 construct Actor kTick 1099614388267
I1013 09:39:22.728924 23016 naive_actor.cpp:25] actor 2199023255571 switch to &NaiveActor::HandlerNormal
I1013 09:39:22.728956 23016 thread.cpp:96] Thread 1048576 construct Actor kNormalForward 2199023255571
I1013 09:39:22.728965 23012 runtime_context.cpp:29] DecreaseCounter constructing_actor_cnt, current val is 293
I1013 09:39:22.729029 23016 runtime_context.cpp:29] DecreaseCounter constructing_actor_cnt, current val is 292
I1013 09:39:22.729287 23012 naive_actor.cpp:25] actor 1099614388261 switch to &NaiveActor::HandlerNormal
I1013 09:39:22.729336 23012 thread.cpp:96] Thread 524337 construct Actor kDeviceTick 1099614388261
I1013 09:39:22.729399 23012 runtime_context.cpp:29] DecreaseCounter constructing_actor_cnt, current val is 291
I1013 09:39:22.729681 23016 naive_actor.cpp:25] actor 2199023255621 switch to &NaiveActor::HandlerNormal
I1013 09:39:22.729702 23012 naive_actor.cpp:25] actor 1099614388262 switch to &NaiveActor::HandlerNormal
I1013 09:39:22.729733 23016 thread.cpp:96] Thread 1048576 construct Actor kNormalForward 2199023255621
I1013 09:39:22.729758 23012 thread.cpp:96] Thread 524337 construct Actor kSrcSubsetTick 1099614388262
I1013 09:39:22.729825 23016 runtime_context.cpp:29] DecreaseCounter constructing_actor_cnt, current val is 290
I1013 09:39:22.729833 23012 runtime_context.cpp:29] DecreaseCounter constructing_actor_cnt, current val is 289
I1013 09:39:22.730120 23012 naive_actor.cpp:25] actor 1099614388265 switch to &NaiveActor::HandlerNormal
I1013 09:39:22.730165 23012 thread.cpp:96] Thread 524337 construct Actor kTick 1099614388265
I1013 09:39:22.730218 23012 runtime_context.cpp:29] DecreaseCounter constructing_actor_cnt, current val is 288
I1013 09:39:22.730571 23016 naive_actor.cpp:25] actor 2199023255557 switch to &NaiveActor::HandlerNormal
I1013 09:39:22.730577 23012 naive_actor.cpp:25] actor 1099614388266 switch to &NaiveActor::HandlerNormal
I1013 09:39:22.730619 23016 thread.cpp:96] Thread 1048576 construct Actor kNormalForward 2199023255557
I1013 09:39:22.730644 23012 thread.cpp:96] Thread 524337 construct Actor kDstSubsetTick 1099614388266
I1013 09:39:22.730708 23016 runtime_context.cpp:29] DecreaseCounter constructing_actor_cnt, current val is 287
I1013 09:39:22.730723 23012 runtime_context.cpp:29] DecreaseCounter constructing_actor_cnt, current val is 286
I1013 09:39:22.731014 23012 naive_actor.cpp:25] actor 1099614388322 switch to &NaiveActor::HandlerNormal
I1013 09:39:22.731062 23012 thread.cpp:96] Thread 524337 construct Actor kTick 1099614388322
I1013 09:39:22.731117 23012 runtime_context.cpp:29] DecreaseCounter constructing_actor_cnt, current val is 285
I1013 09:39:22.731401 23012 naive_actor.cpp:25] actor 1099614388283 switch to &NaiveActor::HandlerNormal
I1013 09:39:22.731458 23012 thread.cpp:96] Thread 524337 construct Actor kTick 1099614388283
I1013 09:39:22.731498 23016 naive_actor.cpp:25] actor 2199023255580 switch to &NaiveActor::HandlerNormal
I1013 09:39:22.731523 23012 runtime_context.cpp:29] DecreaseCounter constructing_actor_cnt, current val is 284
I1013 09:39:22.731528 23016 thread.cpp:96] Thread 1048576 construct Actor kNormalForward 2199023255580
I1013 09:39:22.731606 23016 runtime_context.cpp:29] DecreaseCounter constructing_actor_cnt, current val is 283
I1013 09:39:22.731810 23012 naive_actor.cpp:25] actor 1099614388269 switch to &NaiveActor::HandlerNormal
I1013 09:39:22.731861 23012 thread.cpp:96] Thread 524337 construct Actor kDeviceTick 1099614388269
I1013 09:39:22.731914 23012 runtime_context.cpp:29] DecreaseCounter constructing_actor_cnt, current val is 282
I1013 09:39:22.732200 23012 naive_actor.cpp:25] actor 1099614388284 switch to &NaiveActor::HandlerNormal
I1013 09:39:22.732249 23012 thread.cpp:96] Thread 524337 construct Actor kTick 1099614388284
I1013 09:39:22.732300 23012 runtime_context.cpp:29] DecreaseCounter constructing_actor_cnt, current val is 281
I1013 09:39:22.732367 23016 naive_actor.cpp:25] actor 2199023255603 switch to &NaiveActor::HandlerNormal
I1013 09:39:22.732414 23016 thread.cpp:96] Thread 1048576 construct Actor kNormalForward 2199023255603
I1013 09:39:22.732529 23016 runtime_context.cpp:29] DecreaseCounter constructing_actor_cnt, current val is 280
I1013 09:39:22.732620 23012 naive_actor.cpp:25] actor 1099614388270 switch to &NaiveActor::HandlerNormal
I1013 09:39:22.732673 23012 thread.cpp:96] Thread 524337 construct Actor kSrcSubsetTick 1099614388270
I1013 09:39:22.732735 23012 runtime_context.cpp:29] DecreaseCounter constructing_actor_cnt, current val is 279
I1013 09:39:22.733040 23012 naive_actor.cpp:25] actor 1099614388279 switch to &NaiveActor::HandlerNormal
I1013 09:39:22.733088 23012 thread.cpp:96] Thread 524337 construct Actor kSrcSubsetTick 1099614388279
I1013 09:39:22.733142 23012 runtime_context.cpp:29] DecreaseCounter constructing_actor_cnt, current val is 278
I1013 09:39:22.733238 23016 naive_actor.cpp:25] actor 2199023255645 switch to &NaiveActor::HandlerNormal
I1013 09:39:22.733286 23016 thread.cpp:96] Thread 1048576 construct Actor kNormalForward 2199023255645
I1013 09:39:22.733355 23016 runtime_context.cpp:29] DecreaseCounter constructing_actor_cnt, current val is 277
I1013 09:39:22.733472 23012 naive_actor.cpp:25] actor 1099614388277 switch to &NaiveActor::HandlerNormal
I1013 09:39:22.733520 23012 thread.cpp:96] Thread 524337 construct Actor kTick 1099614388277
I1013 09:39:22.733575 23012 runtime_context.cpp:29] DecreaseCounter constructing_actor_cnt, current val is 276
I1013 09:39:22.733855 23012 naive_actor.cpp:25] actor 1099614388275 switch to &NaiveActor::HandlerNormal
I1013 09:39:22.733901 23012 thread.cpp:96] Thread 524337 construct Actor kTick 1099614388275
I1013 09:39:22.733964 23012 runtime_context.cpp:29] DecreaseCounter constructing_actor_cnt, current val is 275
I1013 09:39:22.734117 23016 naive_actor.cpp:25] actor 2199023255585 switch to &NaiveActor::HandlerNormal
I1013 09:39:22.734161 23016 thread.cpp:96] Thread 1048576 construct Actor kNormalForward 2199023255585
I1013 09:39:22.734220 23016 runtime_context.cpp:29] DecreaseCounter constructing_actor_cnt, current val is 274
I1013 09:39:22.734237 23012 naive_actor.cpp:25] actor 1099614388276 switch to &NaiveActor::HandlerNormal
I1013 09:39:22.734277 23012 thread.cpp:96] Thread 524337 construct Actor kTick 1099614388276
I1013 09:39:22.734324 23012 runtime_context.cpp:29] DecreaseCounter constructing_actor_cnt, current val is 273
I1013 09:39:22.734643 23012 naive_actor.cpp:25] actor 1099614388274 switch to &NaiveActor::HandlerNormal
I1013 09:39:22.734691 23012 thread.cpp:96] Thread 524337 construct Actor kDstSubsetTick 1099614388274
I1013 09:39:22.734755 23012 runtime_context.cpp:29] DecreaseCounter constructing_actor_cnt, current val is 272
I1013 09:39:22.735028 23012 naive_actor.cpp:25] actor 1099614388320 switch to &NaiveActor::HandlerNormal
I1013 09:39:22.735028 23016 naive_actor.cpp:25] actor 2199023255693 switch to &NaiveActor::HandlerNormal
I1013 09:39:22.735078 23012 thread.cpp:96] Thread 524337 construct Actor kTick 1099614388320
I1013 09:39:22.735103 23016 thread.cpp:96] Thread 1048576 construct Actor kNormalForward 2199023255693
I1013 09:39:22.735158 23012 runtime_context.cpp:29] DecreaseCounter constructing_actor_cnt, current val is 271
I1013 09:39:22.735188 23016 runtime_context.cpp:29] DecreaseCounter constructing_actor_cnt, current val is 270
I1013 09:39:22.735481 23016 naive_actor.cpp:25] actor 2199023255553 switch to &NaiveActor::HandlerNormal
I1013 09:39:22.735489 23012 naive_actor.cpp:25] actor 1099614388282 switch to &NaiveActor::HandlerNormal
I1013 09:39:22.735528 23016 thread.cpp:96] Thread 1048576 construct Actor kNormalForward 2199023255553
I1013 09:39:22.735553 23012 thread.cpp:96] Thread 524337 construct Actor kDstSubsetTick 1099614388282
I1013 09:39:22.735610 23016 runtime_context.cpp:29] DecreaseCounter constructing_actor_cnt, current val is 269
I1013 09:39:22.735622 23012 runtime_context.cpp:29] DecreaseCounter constructing_actor_cnt, current val is 268
I1013 09:39:22.735883 23012 naive_actor.cpp:25] actor 1099614388281 switch to &NaiveActor::HandlerNormal
I1013 09:39:22.735929 23012 thread.cpp:96] Thread 524337 construct Actor kTick 1099614388281
I1013 09:39:22.736086 23012 runtime_context.cpp:29] DecreaseCounter constructing_actor_cnt, current val is 267
I1013 09:39:22.736369 23012 naive_actor.cpp:25] actor 1099614388273 switch to &NaiveActor::HandlerNormal
I1013 09:39:22.736371 23016 naive_actor.cpp:25] actor 2199023255559 switch to &NaiveActor::HandlerNormal
I1013 09:39:22.736433 23012 thread.cpp:96] Thread 524337 construct Actor kTick 1099614388273
I1013 09:39:22.736456 23016 thread.cpp:96] Thread 1048576 construct Actor kNormalForward 2199023255559
I1013 09:39:22.736510 23012 runtime_context.cpp:29] DecreaseCounter constructing_actor_cnt, current val is 266
I1013 09:39:22.736533 23016 runtime_context.cpp:29] DecreaseCounter constructing_actor_cnt, current val is 265
