I1013 15:28:59.341369 26983 thread.cpp:96] Thread 1048576 construct Actor kNormalForward 2199023255724
I1013 15:28:59.341405 26983 runtime_context.cpp:29] DecreaseCounter constructing_actor_cnt, current val is 95
I1013 15:28:59.341586 26983 naive_actor.cpp:25] actor 2199023255725 switch to &NaiveActor::HandlerNormal
I1013 15:28:59.341609 26983 thread.cpp:96] Thread 1048576 construct Actor kNormalForward 2199023255725
I1013 15:28:59.341645 26983 runtime_context.cpp:29] DecreaseCounter constructing_actor_cnt, current val is 94
I1013 15:28:59.341821 26983 naive_actor.cpp:25] actor 2199023255713 switch to &NaiveActor::HandlerNormal
I1013 15:28:59.341845 26983 thread.cpp:96] Thread 1048576 construct Actor kNormalForward 2199023255713
I1013 15:28:59.341881 26983 runtime_context.cpp:29] DecreaseCounter constructing_actor_cnt, current val is 93
I1013 15:28:59.342056 26983 naive_actor.cpp:25] actor 2199023255721 switch to &NaiveActor::HandlerNormal
I1013 15:28:59.342077 26983 thread.cpp:96] Thread 1048576 construct Actor kNormalForward 2199023255721
I1013 15:28:59.342113 26983 runtime_context.cpp:29] DecreaseCounter constructing_actor_cnt, current val is 92
I1013 15:28:59.342286 26983 naive_actor.cpp:25] actor 2199023255718 switch to &NaiveActor::HandlerNormal
I1013 15:28:59.342309 26983 thread.cpp:96] Thread 1048576 construct Actor kNormalForward 2199023255718
I1013 15:28:59.342344 26983 runtime_context.cpp:29] DecreaseCounter constructing_actor_cnt, current val is 91
I1013 15:28:59.342515 26983 naive_actor.cpp:25] actor 2199023255720 switch to &NaiveActor::HandlerNormal
I1013 15:28:59.342537 26983 thread.cpp:96] Thread 1048576 construct Actor kNormalForward 2199023255720
I1013 15:28:59.342581 26983 runtime_context.cpp:29] DecreaseCounter constructing_actor_cnt, current val is 90
I1013 15:28:59.342754 26983 naive_actor.cpp:25] actor 2199023255722 switch to &NaiveActor::HandlerNormal
I1013 15:28:59.342777 26983 thread.cpp:96] Thread 1048576 construct Actor kNormalForward 2199023255722
I1013 15:28:59.342813 26983 runtime_context.cpp:29] DecreaseCounter constructing_actor_cnt, current val is 89
I1013 15:28:59.342986 26983 naive_actor.cpp:25] actor 2199023255723 switch to &NaiveActor::HandlerNormal
I1013 15:28:59.343009 26983 thread.cpp:96] Thread 1048576 construct Actor kNormalForward 2199023255723
I1013 15:28:59.343044 26983 runtime_context.cpp:29] DecreaseCounter constructing_actor_cnt, current val is 88
I1013 15:28:59.343214 26983 naive_actor.cpp:25] actor 2199023255731 switch to &NaiveActor::HandlerNormal
I1013 15:28:59.343259 26983 thread.cpp:96] Thread 1048576 construct Actor kNormalForward 2199023255731
I1013 15:28:59.343299 26983 runtime_context.cpp:29] DecreaseCounter constructing_actor_cnt, current val is 87
I1013 15:28:59.343474 26983 naive_actor.cpp:25] actor 2199023255728 switch to &NaiveActor::HandlerNormal
I1013 15:28:59.343513 26983 thread.cpp:96] Thread 1048576 construct Actor kNormalForward 2199023255728
I1013 15:28:59.343554 26983 runtime_context.cpp:29] DecreaseCounter constructing_actor_cnt, current val is 86
I1013 15:28:59.343736 26983 naive_actor.cpp:25] actor 2199023255727 switch to &NaiveActor::HandlerNormal
I1013 15:28:59.343760 26983 thread.cpp:96] Thread 1048576 construct Actor kNormalForward 2199023255727
I1013 15:28:59.343796 26983 runtime_context.cpp:29] DecreaseCounter constructing_actor_cnt, current val is 85
I1013 15:28:59.343968 26983 naive_actor.cpp:25] actor 2199023255733 switch to &NaiveActor::HandlerNormal
I1013 15:28:59.343991 26983 thread.cpp:96] Thread 1048576 construct Actor kNormalForward 2199023255733
I1013 15:28:59.344027 26983 runtime_context.cpp:29] DecreaseCounter constructing_actor_cnt, current val is 84
I1013 15:28:59.344202 26983 naive_actor.cpp:25] actor 2199023255732 switch to &NaiveActor::HandlerNormal
I1013 15:28:59.344223 26983 thread.cpp:96] Thread 1048576 construct Actor kNormalForward 2199023255732
I1013 15:28:59.344259 26983 runtime_context.cpp:29] DecreaseCounter constructing_actor_cnt, current val is 83
I1013 15:28:59.344431 26983 naive_actor.cpp:25] actor 2199023255729 switch to &NaiveActor::HandlerNormal
I1013 15:28:59.344455 26983 thread.cpp:96] Thread 1048576 construct Actor kNormalForward 2199023255729
I1013 15:28:59.344489 26983 runtime_context.cpp:29] DecreaseCounter constructing_actor_cnt, current val is 82
I1013 15:28:59.344686 26983 naive_actor.cpp:25] actor 2199023255737 switch to &NaiveActor::HandlerNormal
I1013 15:28:59.344708 26983 thread.cpp:96] Thread 1048576 construct Actor kDeviceTick 2199023255737
I1013 15:28:59.344743 26983 runtime_context.cpp:29] DecreaseCounter constructing_actor_cnt, current val is 81
I1013 15:28:59.344920 26983 naive_actor.cpp:25] actor 2199023255730 switch to &NaiveActor::HandlerNormal
I1013 15:28:59.344944 26983 thread.cpp:96] Thread 1048576 construct Actor kNormalForward 2199023255730
I1013 15:28:59.344980 26983 runtime_context.cpp:29] DecreaseCounter constructing_actor_cnt, current val is 80
I1013 15:28:59.345156 26983 naive_actor.cpp:25] actor 2199023255734 switch to &NaiveActor::HandlerNormal
I1013 15:28:59.345180 26983 thread.cpp:96] Thread 1048576 construct Actor kNormalForward 2199023255734
I1013 15:28:59.345214 26983 runtime_context.cpp:29] DecreaseCounter constructing_actor_cnt, current val is 79
I1013 15:28:59.345388 26983 naive_actor.cpp:25] actor 2199023255735 switch to &NaiveActor::HandlerNormal
I1013 15:28:59.345410 26983 thread.cpp:96] Thread 1048576 construct Actor kNormalForward 2199023255735
I1013 15:28:59.345445 26983 runtime_context.cpp:29] DecreaseCounter constructing_actor_cnt, current val is 78
I1013 15:28:59.345625 26983 naive_actor.cpp:25] actor 2199023255701 switch to &NaiveActor::HandlerNormal
I1013 15:28:59.345649 26983 thread.cpp:96] Thread 1048576 construct Actor kNormalForward 2199023255701
I1013 15:28:59.345683 26983 runtime_context.cpp:29] DecreaseCounter constructing_actor_cnt, current val is 77
I1013 15:28:59.346809 26983 naive_actor.cpp:25] actor 2199023255736 switch to &NaiveActor::HandlerNormal
I1013 15:28:59.346837 26983 thread.cpp:96] Thread 1048576 construct Actor kNormalForward 2199023255736
I1013 15:28:59.346933 26983 runtime_context.cpp:29] DecreaseCounter constructing_actor_cnt, current val is 76
I1013 15:28:59.347126 26983 naive_actor.cpp:25] actor 2199023255742 switch to &NaiveActor::HandlerNormal
I1013 15:28:59.347149 26983 thread.cpp:96] Thread 1048576 construct Actor kNormalForward 2199023255742
I1013 15:28:59.347187 26983 runtime_context.cpp:29] DecreaseCounter constructing_actor_cnt, current val is 75
I1013 15:28:59.347366 26983 naive_actor.cpp:25] actor 2199023255750 switch to &NaiveActor::HandlerNormal
I1013 15:28:59.347412 26983 thread.cpp:96] Thread 1048576 construct Actor kNormalForward 2199023255750
I1013 15:28:59.347455 26983 runtime_context.cpp:29] DecreaseCounter constructing_actor_cnt, current val is 74
I1013 15:28:59.347643 26983 naive_actor.cpp:25] actor 2199023255756 switch to &NaiveActor::HandlerNormal
I1013 15:28:59.347683 26983 thread.cpp:96] Thread 1048576 construct Actor kNormalForward 2199023255756
I1013 15:28:59.347724 26983 runtime_context.cpp:29] DecreaseCounter constructing_actor_cnt, current val is 73
I1013 15:28:59.347903 26983 naive_actor.cpp:25] actor 2199023255754 switch to &NaiveActor::HandlerNormal
I1013 15:28:59.347924 26983 thread.cpp:96] Thread 1048576 construct Actor kNormalForward 2199023255754
I1013 15:28:59.347961 26983 runtime_context.cpp:29] DecreaseCounter constructing_actor_cnt, current val is 72
I1013 15:28:59.348138 26983 naive_actor.cpp:25] actor 2199023255757 switch to &NaiveActor::HandlerNormal
I1013 15:28:59.348160 26983 thread.cpp:96] Thread 1048576 construct Actor kNormalForward 2199023255757
I1013 15:28:59.348197 26983 runtime_context.cpp:29] DecreaseCounter constructing_actor_cnt, current val is 71
I1013 15:28:59.348369 26983 naive_actor.cpp:25] actor 2199023255744 switch to &NaiveActor::HandlerNormal
I1013 15:28:59.348392 26983 thread.cpp:96] Thread 1048576 construct Actor kNormalForward 2199023255744
I1013 15:28:59.348428 26983 runtime_context.cpp:29] DecreaseCounter constructing_actor_cnt, current val is 70
I1013 15:28:59.348611 26983 naive_actor.cpp:25] actor 2199023255740 switch to &NaiveActor::HandlerNormal
I1013 15:28:59.348634 26983 thread.cpp:96] Thread 1048576 construct Actor kNormalForward 2199023255740
I1013 15:28:59.348670 26983 runtime_context.cpp:29] DecreaseCounter constructing_actor_cnt, current val is 69
I1013 15:28:59.348843 26983 naive_actor.cpp:25] actor 2199023255751 switch to &NaiveActor::HandlerNormal
I1013 15:28:59.348865 26983 thread.cpp:96] Thread 1048576 construct Actor kNormalForward 2199023255751
I1013 15:28:59.348901 26983 runtime_context.cpp:29] DecreaseCounter constructing_actor_cnt, current val is 68
I1013 15:28:59.350021 26983 naive_actor.cpp:25] actor 2199023255775 switch to &NaiveActor::HandlerNormal
I1013 15:28:59.350046 26983 thread.cpp:96] Thread 1048576 construct Actor kNormalForward 2199023255775
I1013 15:28:59.350147 26983 runtime_context.cpp:29] DecreaseCounter constructing_actor_cnt, current val is 67
I1013 15:28:59.350342 26983 naive_actor.cpp:25] actor 2199023255747 switch to &NaiveActor::HandlerNormal
I1013 15:28:59.350365 26983 thread.cpp:96] Thread 1048576 construct Actor kNormalForward 2199023255747
I1013 15:28:59.350404 26983 runtime_context.cpp:29] DecreaseCounter constructing_actor_cnt, current val is 66
I1013 15:28:59.350621 26983 naive_actor.cpp:25] actor 2199023255746 switch to &NaiveActor::HandlerNormal
I1013 15:28:59.350661 26983 thread.cpp:96] Thread 1048576 construct Actor kNormalForward 2199023255746
I1013 15:28:59.350703 26983 runtime_context.cpp:29] DecreaseCounter constructing_actor_cnt, current val is 65
I1013 15:28:59.350900 26983 naive_actor.cpp:25] actor 2199023255748 switch to &NaiveActor::HandlerNormal
I1013 15:28:59.350922 26983 thread.cpp:96] Thread 1048576 construct Actor kNormalForward 2199023255748
I1013 15:28:59.350958 26983 runtime_context.cpp:29] DecreaseCounter constructing_actor_cnt, current val is 64
I1013 15:28:59.351135 26983 naive_actor.cpp:25] actor 2199023255753 switch to &NaiveActor::HandlerNormal
I1013 15:28:59.351157 26983 thread.cpp:96] Thread 1048576 construct Actor kNormalForward 2199023255753
I1013 15:28:59.351193 26983 runtime_context.cpp:29] DecreaseCounter constructing_actor_cnt, current val is 63
I1013 15:28:59.351367 26983 naive_actor.cpp:25] actor 2199023255755 switch to &NaiveActor::HandlerNormal
I1013 15:28:59.351389 26983 thread.cpp:96] Thread 1048576 construct Actor kNormalForward 2199023255755
I1013 15:28:59.351425 26983 runtime_context.cpp:29] DecreaseCounter constructing_actor_cnt, current val is 62
I1013 15:28:59.351626 26983 naive_actor.cpp:25] actor 2199023255739 switch to &NaiveActor::HandlerNormal
I1013 15:28:59.351681 26983 thread.cpp:96] Thread 1048576 construct Actor kNormalForward 2199023255739
I1013 15:28:59.351723 26983 runtime_context.cpp:29] DecreaseCounter constructing_actor_cnt, current val is 61
I1013 15:28:59.351933 26983 naive_actor.cpp:25] actor 2199023255743 switch to &NaiveActor::HandlerNormal
I1013 15:28:59.351972 26983 thread.cpp:96] Thread 1048576 construct Actor kNormalForward 2199023255743
I1013 15:28:59.352012 26983 runtime_context.cpp:29] DecreaseCounter constructing_actor_cnt, current val is 60
I1013 15:28:59.352190 26983 naive_actor.cpp:25] actor 2199023255749 switch to &NaiveActor::HandlerNormal
I1013 15:28:59.352211 26983 thread.cpp:96] Thread 1048576 construct Actor kNormalForward 2199023255749
I1013 15:28:59.352247 26983 runtime_context.cpp:29] DecreaseCounter constructing_actor_cnt, current val is 59
I1013 15:28:59.352427 26983 naive_actor.cpp:25] actor 2199023255752 switch to &NaiveActor::HandlerNormal
I1013 15:28:59.352448 26983 thread.cpp:96] Thread 1048576 construct Actor kNormalForward 2199023255752
I1013 15:28:59.352484 26983 runtime_context.cpp:29] DecreaseCounter constructing_actor_cnt, current val is 58
I1013 15:28:59.352674 26983 naive_actor.cpp:25] actor 2199023255764 switch to &NaiveActor::HandlerNormal
I1013 15:28:59.352718 26983 thread.cpp:96] Thread 1048576 construct Actor kNormalForward 2199023255764
I1013 15:28:59.352756 26983 runtime_context.cpp:29] DecreaseCounter constructing_actor_cnt, current val is 57
I1013 15:28:59.352941 26983 naive_actor.cpp:25] actor 2199023255758 switch to &NaiveActor::HandlerNormal
I1013 15:28:59.352974 26983 thread.cpp:96] Thread 1048576 construct Actor kNormalForward 2199023255758
I1013 15:28:59.353021 26983 runtime_context.cpp:29] DecreaseCounter constructing_actor_cnt, current val is 56
I1013 15:28:59.353206 26983 naive_actor.cpp:25] actor 2199023255759 switch to &NaiveActor::HandlerNormal
I1013 15:28:59.353245 26983 thread.cpp:96] Thread 1048576 construct Actor kNormalForward 2199023255759
I1013 15:28:59.353282 26983 runtime_context.cpp:29] DecreaseCounter constructing_actor_cnt, current val is 55
I1013 15:28:59.353458 26983 naive_actor.cpp:25] actor 2199023255767 switch to &NaiveActor::HandlerNormal
I1013 15:28:59.353480 26983 thread.cpp:96] Thread 1048576 construct Actor kNormalForward 2199023255767
I1013 15:28:59.353515 26983 runtime_context.cpp:29] DecreaseCounter constructing_actor_cnt, current val is 54
I1013 15:28:59.353698 26983 naive_actor.cpp:25] actor 2199023255768 switch to &NaiveActor::HandlerNormal
I1013 15:28:59.353720 26983 thread.cpp:96] Thread 1048576 construct Actor kNormalForward 2199023255768
I1013 15:28:59.353756 26983 runtime_context.cpp:29] DecreaseCounter constructing_actor_cnt, current val is 53
I1013 15:28:59.353930 26983 naive_actor.cpp:25] actor 2199023255762 switch to &NaiveActor::HandlerNormal
I1013 15:28:59.353952 26983 thread.cpp:96] Thread 1048576 construct Actor kNormalForward 2199023255762
I1013 15:28:59.353987 26983 runtime_context.cpp:29] DecreaseCounter constructing_actor_cnt, current val is 52
I1013 15:28:59.354161 26983 naive_actor.cpp:25] actor 2199023255760 switch to &NaiveActor::HandlerNormal
I1013 15:28:59.354182 26983 thread.cpp:96] Thread 1048576 construct Actor kNormalForward 2199023255760
I1013 15:28:59.354218 26983 runtime_context.cpp:29] DecreaseCounter constructing_actor_cnt, current val is 51
I1013 15:28:59.354391 26983 naive_actor.cpp:25] actor 2199023255766 switch to &NaiveActor::HandlerNormal
I1013 15:28:59.354413 26983 thread.cpp:96] Thread 1048576 construct Actor kNormalForward 2199023255766
I1013 15:28:59.354449 26983 runtime_context.cpp:29] DecreaseCounter constructing_actor_cnt, current val is 50
I1013 15:28:59.354633 26983 naive_actor.cpp:25] actor 2199023255763 switch to &NaiveActor::HandlerNormal
I1013 15:28:59.354655 26983 thread.cpp:96] Thread 1048576 construct Actor kNormalForward 2199023255763
I1013 15:28:59.354691 26983 runtime_context.cpp:29] DecreaseCounter constructing_actor_cnt, current val is 49
I1013 15:28:59.354888 26983 naive_actor.cpp:25] actor 2199023255765 switch to &NaiveActor::HandlerNormal
I1013 15:28:59.354928 26983 thread.cpp:96] Thread 1048576 construct Actor kNormalForward 2199023255765
I1013 15:28:59.354969 26983 runtime_context.cpp:29] DecreaseCounter constructing_actor_cnt, current val is 48
I1013 15:28:59.355142 26983 naive_actor.cpp:25] actor 2199023255761 switch to &NaiveActor::HandlerNormal
I1013 15:28:59.355165 26983 thread.cpp:96] Thread 1048576 construct Actor kNormalForward 2199023255761
I1013 15:28:59.355199 26983 runtime_context.cpp:29] DecreaseCounter constructing_actor_cnt, current val is 47
I1013 15:28:59.355387 26983 naive_actor.cpp:25] actor 2199023255776 switch to &NaiveActor::HandlerNormal
I1013 15:28:59.355409 26983 thread.cpp:96] Thread 1048576 construct Actor kDeviceTick 2199023255776
I1013 15:28:59.355444 26983 runtime_context.cpp:29] DecreaseCounter constructing_actor_cnt, current val is 46
I1013 15:28:59.355639 26983 naive_actor.cpp:25] actor 2199023255769 switch to &NaiveActor::HandlerNormal
I1013 15:28:59.355664 26983 thread.cpp:96] Thread 1048576 construct Actor kNormalForward 2199023255769
I1013 15:28:59.355700 26983 runtime_context.cpp:29] DecreaseCounter constructing_actor_cnt, current val is 45
I1013 15:28:59.355873 26983 naive_actor.cpp:25] actor 2199023255770 switch to &NaiveActor::HandlerNormal
I1013 15:28:59.355895 26983 thread.cpp:96] Thread 1048576 construct Actor kNormalForward 2199023255770
I1013 15:28:59.355931 26983 runtime_context.cpp:29] DecreaseCounter constructing_actor_cnt, current val is 44
I1013 15:28:59.356101 26983 naive_actor.cpp:25] actor 2199023255773 switch to &NaiveActor::HandlerNormal
I1013 15:28:59.356122 26983 thread.cpp:96] Thread 1048576 construct Actor kNormalForward 2199023255773
I1013 15:28:59.356158 26983 runtime_context.cpp:29] DecreaseCounter constructing_actor_cnt, current val is 43
I1013 15:28:59.356331 26983 naive_actor.cpp:25] actor 2199023255774 switch to &NaiveActor::HandlerNormal
I1013 15:28:59.356353 26983 thread.cpp:96] Thread 1048576 construct Actor kNormalForward 2199023255774
I1013 15:28:59.356387 26983 runtime_context.cpp:29] DecreaseCounter constructing_actor_cnt, current val is 42
I1013 15:28:59.356557 26983 naive_actor.cpp:25] actor 2199023255772 switch to &NaiveActor::HandlerNormal
I1013 15:28:59.356590 26983 thread.cpp:96] Thread 1048576 construct Actor kNormalForward 2199023255772
I1013 15:28:59.356627 26983 runtime_context.cpp:29] DecreaseCounter constructing_actor_cnt, current val is 41
I1013 15:28:59.356806 26983 naive_actor.cpp:25] actor 2199023255771 switch to &NaiveActor::HandlerNormal
I1013 15:28:59.356827 26983 thread.cpp:96] Thread 1048576 construct Actor kNormalForward 2199023255771
I1013 15:28:59.356863 26983 runtime_context.cpp:29] DecreaseCounter constructing_actor_cnt, current val is 40
I1013 15:28:59.357034 26983 naive_actor.cpp:25] actor 2199023255745 switch to &NaiveActor::HandlerNormal
I1013 15:28:59.357056 26983 thread.cpp:96] Thread 1048576 construct Actor kNormalForward 2199023255745
I1013 15:28:59.357090 26983 runtime_context.cpp:29] DecreaseCounter constructing_actor_cnt, current val is 39
I1013 15:28:59.357264 26983 naive_actor.cpp:25] actor 2199023255741 switch to &NaiveActor::HandlerNormal
I1013 15:28:59.357286 26983 thread.cpp:96] Thread 1048576 construct Actor kNormalForward 2199023255741
I1013 15:28:59.357321 26983 runtime_context.cpp:29] DecreaseCounter constructing_actor_cnt, current val is 38
I1013 15:28:59.357491 26983 naive_actor.cpp:25] actor 2199023255781 switch to &NaiveActor::HandlerNormal
I1013 15:28:59.357513 26983 thread.cpp:96] Thread 1048576 construct Actor kNormalForward 2199023255781
I1013 15:28:59.357548 26983 runtime_context.cpp:29] DecreaseCounter constructing_actor_cnt, current val is 37
I1013 15:28:59.357733 26983 naive_actor.cpp:25] actor 2199023255791 switch to &NaiveActor::HandlerNormal
I1013 15:28:59.357754 26983 thread.cpp:96] Thread 1048576 construct Actor kNormalForward 2199023255791
I1013 15:28:59.357789 26983 runtime_context.cpp:29] DecreaseCounter constructing_actor_cnt, current val is 36
I1013 15:28:59.357988 26983 naive_actor.cpp:25] actor 2199023255799 switch to &NaiveActor::HandlerNormal
I1013 15:28:59.358028 26983 thread.cpp:96] Thread 1048576 construct Actor kNormalForward 2199023255799
I1013 15:28:59.358068 26983 runtime_context.cpp:29] DecreaseCounter constructing_actor_cnt, current val is 35
I1013 15:28:59.358243 26983 naive_actor.cpp:25] actor 2199023255783 switch to &NaiveActor::HandlerNormal
I1013 15:28:59.358265 26983 thread.cpp:96] Thread 1048576 construct Actor kNormalForward 2199023255783
I1013 15:28:59.358301 26983 runtime_context.cpp:29] DecreaseCounter constructing_actor_cnt, current val is 34
I1013 15:28:59.358474 26983 naive_actor.cpp:25] actor 2199023255779 switch to &NaiveActor::HandlerNormal
I1013 15:28:59.358495 26983 thread.cpp:96] Thread 1048576 construct Actor kNormalForward 2199023255779
I1013 15:28:59.358530 26983 runtime_context.cpp:29] DecreaseCounter constructing_actor_cnt, current val is 33
I1013 15:28:59.358712 26983 naive_actor.cpp:25] actor 2199023255784 switch to &NaiveActor::HandlerNormal
I1013 15:28:59.358736 26983 thread.cpp:96] Thread 1048576 construct Actor kNormalForward 2199023255784
I1013 15:28:59.358770 26983 runtime_context.cpp:29] DecreaseCounter constructing_actor_cnt, current val is 32
I1013 15:28:59.358947 26983 naive_actor.cpp:25] actor 2199023255787 switch to &NaiveActor::HandlerNormal
I1013 15:28:59.358968 26983 thread.cpp:96] Thread 1048576 construct Actor kNormalForward 2199023255787
I1013 15:28:59.359004 26983 runtime_context.cpp:29] DecreaseCounter constructing_actor_cnt, current val is 31
I1013 15:28:59.359175 26983 naive_actor.cpp:25] actor 2199023255780 switch to &NaiveActor::HandlerNormal
I1013 15:28:59.359197 26983 thread.cpp:96] Thread 1048576 construct Actor kNormalForward 2199023255780
I1013 15:28:59.359232 26983 runtime_context.cpp:29] DecreaseCounter constructing_actor_cnt, current val is 30
I1013 15:28:59.359405 26983 naive_actor.cpp:25] actor 2199023255790 switch to &NaiveActor::HandlerNormal
I1013 15:28:59.359427 26983 thread.cpp:96] Thread 1048576 construct Actor kNormalForward 2199023255790
I1013 15:28:59.359463 26983 runtime_context.cpp:29] DecreaseCounter constructing_actor_cnt, current val is 29
I1013 15:28:59.359645 26983 naive_actor.cpp:25] actor 2199023255778 switch to &NaiveActor::HandlerNormal
I1013 15:28:59.359668 26983 thread.cpp:96] Thread 1048576 construct Actor kNormalForward 2199023255778
I1013 15:28:59.359702 26983 runtime_context.cpp:29] DecreaseCounter constructing_actor_cnt, current val is 28
I1013 15:28:59.359879 26983 naive_actor.cpp:25] actor 2199023255786 switch to &NaiveActor::HandlerNormal
I1013 15:28:59.359901 26983 thread.cpp:96] Thread 1048576 construct Actor kNormalForward 2199023255786
I1013 15:28:59.359936 26983 runtime_context.cpp:29] DecreaseCounter constructing_actor_cnt, current val is 27
I1013 15:28:59.360107 26983 naive_actor.cpp:25] actor 2199023255785 switch to &NaiveActor::HandlerNormal
I1013 15:28:59.360129 26983 thread.cpp:96] Thread 1048576 construct Actor kNormalForward 2199023255785
I1013 15:28:59.360164 26983 runtime_context.cpp:29] DecreaseCounter constructing_actor_cnt, current val is 26
I1013 15:28:59.360337 26983 naive_actor.cpp:25] actor 2199023255789 switch to &NaiveActor::HandlerNormal
I1013 15:28:59.360359 26983 thread.cpp:96] Thread 1048576 construct Actor kNormalForward 2199023255789
I1013 15:28:59.360394 26983 runtime_context.cpp:29] DecreaseCounter constructing_actor_cnt, current val is 25
I1013 15:28:59.360571 26983 naive_actor.cpp:25] actor 2199023255793 switch to &NaiveActor::HandlerNormal
I1013 15:28:59.360594 26983 thread.cpp:96] Thread 1048576 construct Actor kNormalForward 2199023255793
I1013 15:28:59.360628 26983 runtime_context.cpp:29] DecreaseCounter constructing_actor_cnt, current val is 24
I1013 15:28:59.360800 26983 naive_actor.cpp:25] actor 2199023255794 switch to &NaiveActor::HandlerNormal
I1013 15:28:59.360821 26983 thread.cpp:96] Thread 1048576 construct Actor kNormalForward 2199023255794
I1013 15:28:59.360857 26983 runtime_context.cpp:29] DecreaseCounter constructing_actor_cnt, current val is 23
I1013 15:28:59.361055 26983 naive_actor.cpp:25] actor 2199023255795 switch to &NaiveActor::HandlerNormal
I1013 15:28:59.361095 26983 thread.cpp:96] Thread 1048576 construct Actor kNormalForward 2199023255795
I1013 15:28:59.361135 26983 runtime_context.cpp:29] DecreaseCounter constructing_actor_cnt, current val is 22
I1013 15:28:59.361306 26983 naive_actor.cpp:25] actor 2199023255797 switch to &NaiveActor::HandlerNormal
I1013 15:28:59.361328 26983 thread.cpp:96] Thread 1048576 construct Actor kNormalForward 2199023255797
I1013 15:28:59.361364 26983 runtime_context.cpp:29] DecreaseCounter constructing_actor_cnt, current val is 21
I1013 15:28:59.361537 26983 naive_actor.cpp:25] actor 2199023255782 switch to &NaiveActor::HandlerNormal
I1013 15:28:59.361559 26983 thread.cpp:96] Thread 1048576 construct Actor kNormalForward 2199023255782
I1013 15:28:59.361609 26983 runtime_context.cpp:29] DecreaseCounter constructing_actor_cnt, current val is 20
I1013 15:28:59.361781 26983 naive_actor.cpp:25] actor 2199023255796 switch to &NaiveActor::HandlerNormal
I1013 15:28:59.361804 26983 thread.cpp:96] Thread 1048576 construct Actor kNormalForward 2199023255796
I1013 15:28:59.361838 26983 runtime_context.cpp:29] DecreaseCounter constructing_actor_cnt, current val is 19
I1013 15:28:59.362006 26983 naive_actor.cpp:25] actor 2199023255803 switch to &NaiveActor::HandlerNormal
I1013 15:28:59.362028 26983 thread.cpp:96] Thread 1048576 construct Actor kNormalForward 2199023255803
I1013 15:28:59.362062 26983 runtime_context.cpp:29] DecreaseCounter constructing_actor_cnt, current val is 18
I1013 15:28:59.362232 26983 naive_actor.cpp:25] actor 2199023255792 switch to &NaiveActor::HandlerNormal
I1013 15:28:59.362253 26983 thread.cpp:96] Thread 1048576 construct Actor kNormalForward 2199023255792
I1013 15:28:59.362289 26983 runtime_context.cpp:29] DecreaseCounter constructing_actor_cnt, current val is 17
I1013 15:28:59.362465 26983 naive_actor.cpp:25] actor 2199023255800 switch to &NaiveActor::HandlerNormal
I1013 15:28:59.362488 26983 thread.cpp:96] Thread 1048576 construct Actor kNormalForward 2199023255800
I1013 15:28:59.362524 26983 runtime_context.cpp:29] DecreaseCounter constructing_actor_cnt, current val is 16
I1013 15:28:59.362699 26983 naive_actor.cpp:25] actor 2199023255801 switch to &NaiveActor::HandlerNormal
I1013 15:28:59.362720 26983 thread.cpp:96] Thread 1048576 construct Actor kNormalForward 2199023255801
I1013 15:28:59.362756 26983 runtime_context.cpp:29] DecreaseCounter constructing_actor_cnt, current val is 15
I1013 15:28:59.362933 26983 naive_actor.cpp:25] actor 2199023255802 switch to &NaiveActor::HandlerNormal
I1013 15:28:59.362955 26983 thread.cpp:96] Thread 1048576 construct Actor kNormalForward 2199023255802
I1013 15:28:59.362990 26983 runtime_context.cpp:29] DecreaseCounter constructing_actor_cnt, current val is 14
I1013 15:28:59.363159 26983 naive_actor.cpp:25] actor 2199023255811 switch to &NaiveActor::HandlerNormal
I1013 15:28:59.363181 26983 thread.cpp:96] Thread 1048576 construct Actor kNormalForward 2199023255811
I1013 15:28:59.363216 26983 runtime_context.cpp:29] DecreaseCounter constructing_actor_cnt, current val is 13
I1013 15:28:59.363385 26983 naive_actor.cpp:25] actor 2199023255812 switch to &NaiveActor::HandlerNormal
I1013 15:28:59.363409 26983 thread.cpp:96] Thread 1048576 construct Actor kNormalForward 2199023255812
I1013 15:28:59.363443 26983 runtime_context.cpp:29] DecreaseCounter constructing_actor_cnt, current val is 12
I1013 15:28:59.363621 26983 naive_actor.cpp:25] actor 2199023255813 switch to &NaiveActor::HandlerNormal
I1013 15:28:59.363643 26983 thread.cpp:96] Thread 1048576 construct Actor kNormalForward 2199023255813
I1013 15:28:59.363679 26983 runtime_context.cpp:29] DecreaseCounter constructing_actor_cnt, current val is 11
I1013 15:28:59.363854 26983 naive_actor.cpp:25] actor 2199023255804 switch to &NaiveActor::HandlerNormal
I1013 15:28:59.363876 26983 thread.cpp:96] Thread 1048576 construct Actor kNormalForward 2199023255804
I1013 15:28:59.363934 26983 runtime_context.cpp:29] DecreaseCounter constructing_actor_cnt, current val is 10
I1013 15:28:59.364109 26983 naive_actor.cpp:25] actor 2199023255809 switch to &NaiveActor::HandlerNormal
I1013 15:28:59.364147 26983 thread.cpp:96] Thread 1048576 construct Actor kNormalForward 2199023255809
I1013 15:28:59.364187 26983 runtime_context.cpp:29] DecreaseCounter constructing_actor_cnt, current val is 9
I1013 15:28:59.364370 26983 naive_actor.cpp:25] actor 2199023255815 switch to &NaiveActor::HandlerNormal
I1013 15:28:59.364392 26983 thread.cpp:96] Thread 1048576 construct Actor kDeviceTick 2199023255815
I1013 15:28:59.364426 26983 runtime_context.cpp:29] DecreaseCounter constructing_actor_cnt, current val is 8
I1013 15:28:59.364609 26983 naive_actor.cpp:25] actor 2199023255798 switch to &NaiveActor::HandlerNormal
I1013 15:28:59.364631 26983 thread.cpp:96] Thread 1048576 construct Actor kNormalForward 2199023255798
I1013 15:28:59.364666 26983 runtime_context.cpp:29] DecreaseCounter constructing_actor_cnt, current val is 7
I1013 15:28:59.364840 26983 naive_actor.cpp:25] actor 2199023255788 switch to &NaiveActor::HandlerNormal
I1013 15:28:59.364861 26983 thread.cpp:96] Thread 1048576 construct Actor kNormalForward 2199023255788
I1013 15:28:59.364897 26983 runtime_context.cpp:29] DecreaseCounter constructing_actor_cnt, current val is 6
I1013 15:28:59.365065 26983 naive_actor.cpp:25] actor 2199023255807 switch to &NaiveActor::HandlerNormal
I1013 15:28:59.365087 26983 thread.cpp:96] Thread 1048576 construct Actor kNormalForward 2199023255807
I1013 15:28:59.365123 26983 runtime_context.cpp:29] DecreaseCounter constructing_actor_cnt, current val is 5
I1013 15:28:59.365295 26983 naive_actor.cpp:25] actor 2199023255808 switch to &NaiveActor::HandlerNormal
I1013 15:28:59.365317 26983 thread.cpp:96] Thread 1048576 construct Actor kNormalForward 2199023255808
I1013 15:28:59.365352 26983 runtime_context.cpp:29] DecreaseCounter constructing_actor_cnt, current val is 4
I1013 15:28:59.365523 26983 naive_actor.cpp:25] actor 2199023255805 switch to &NaiveActor::HandlerNormal
I1013 15:28:59.365545 26983 thread.cpp:96] Thread 1048576 construct Actor kNormalForward 2199023255805
I1013 15:28:59.365587 26983 runtime_context.cpp:29] DecreaseCounter constructing_actor_cnt, current val is 3
I1013 15:28:59.365764 26983 naive_actor.cpp:25] actor 2199023255810 switch to &NaiveActor::HandlerNormal
I1013 15:28:59.365787 26983 thread.cpp:96] Thread 1048576 construct Actor kNormalForward 2199023255810
I1013 15:28:59.365821 26983 runtime_context.cpp:29] DecreaseCounter constructing_actor_cnt, current val is 2
I1013 15:28:59.365993 26983 naive_actor.cpp:25] actor 2199023255806 switch to &NaiveActor::HandlerNormal
I1013 15:28:59.366014 26983 thread.cpp:96] Thread 1048576 construct Actor kNormalForward 2199023255806
I1013 15:28:59.366050 26983 runtime_context.cpp:29] DecreaseCounter constructing_actor_cnt, current val is 1
I1013 15:28:59.367179 26983 naive_actor.cpp:25] actor 2199023255814 switch to &NaiveActor::HandlerNormal
I1013 15:28:59.367204 26983 thread.cpp:96] Thread 1048576 construct Actor kNormalForward 2199023255814
I1013 15:28:59.367307 26983 runtime_context.cpp:29] DecreaseCounter constructing_actor_cnt, current val is 0
I1013 15:28:59.368993 26335 runtime.cpp:93] Actors on this machine constructed
I1013 15:28:59.369050 26335 runtime.cpp:95] Actors on every machine constructed
I1013 15:28:59.369083 26335 runtime_context.cpp:21] NewCounter job_5_running_actor_count 41
I1013 15:28:59.369105 26335 runtime_context.cpp:21] NewCounter job_4_running_actor_count 16
I1013 15:28:59.369124 26335 runtime_context.cpp:21] NewCounter job_3_running_actor_count 51
I1013 15:28:59.369144 26335 runtime_context.cpp:21] NewCounter job_2_running_actor_count 51
I1013 15:28:59.369163 26335 runtime_context.cpp:21] NewCounter job_0_running_actor_count 179
I1013 15:28:59.369181 26335 runtime_context.cpp:21] NewCounter job_1_running_actor_count 50
I1013 15:28:59.369230 26967 wait_and_send_ids_actor.cpp:73] actor 1099616485376 switch to &WaitAndSendIdsActor::HandlerNormal
I1013 15:28:59.369450 26335 global.h:36] NewGlobal N7oneflow7JobDescE
I1013 15:28:59.395104 26335 global.h:43] DeleteGlobal N7oneflow7JobDescE
I1013 15:29:08.280473 26335 global.h:43] DeleteGlobal N7oneflow7OneflowE
I1013 15:29:08.280958 26967 actor.cpp:411] actor 1099616485376 switch to &Actor::HandlerZombie
I1013 15:29:08.280982 26966 actor.cpp:411] actor 1099614388283 switch to &Actor::HandlerZombie
I1013 15:29:08.281123 26967 thread.cpp:76] thread 524338 deconstruct actor 1099616485376
I1013 15:29:08.281131 26966 actor.cpp:408] actor 1099614388284 switch to nullptr
I1013 15:29:08.281175 26966 thread.cpp:76] thread 524337 deconstruct actor 1099614388284
I1013 15:29:08.281400 26967 runtime_context.cpp:29] DecreaseCounter job_5_running_actor_count, current val is 40
I1013 15:29:08.281520 26966 runtime_context.cpp:29] DecreaseCounter job_5_running_actor_count, current val is 39
I1013 15:29:08.281561 26966 actor.cpp:408] actor 1099614388285 switch to nullptr
I1013 15:29:08.281596 26966 thread.cpp:76] thread 524337 deconstruct actor 1099614388285
I1013 15:29:08.281736 26966 runtime_context.cpp:29] DecreaseCounter job_5_running_actor_count, current val is 38
I1013 15:29:08.281769 26966 actor.cpp:408] actor 1099614388293 switch to nullptr
I1013 15:29:08.281783 26966 thread.cpp:76] thread 524337 deconstruct actor 1099614388293
I1013 15:29:08.281915 26966 runtime_context.cpp:29] DecreaseCounter job_5_running_actor_count, current val is 37
I1013 15:29:08.281944 26966 actor.cpp:408] actor 1099614388289 switch to nullptr
I1013 15:29:08.281960 26966 thread.cpp:76] thread 524337 deconstruct actor 1099614388289
I1013 15:29:08.282083 26966 runtime_context.cpp:29] DecreaseCounter job_5_running_actor_count, current val is 36
I1013 15:29:08.282109 26966 actor.cpp:408] actor 1099614388297 switch to nullptr
I1013 15:29:08.282124 26966 thread.cpp:76] thread 524337 deconstruct actor 1099614388297
I1013 15:29:08.282239 26966 runtime_context.cpp:29] DecreaseCounter job_5_running_actor_count, current val is 35
I1013 15:29:08.282269 26966 actor.cpp:408] actor 1099614388301 switch to nullptr
I1013 15:29:08.282282 26966 thread.cpp:76] thread 524337 deconstruct actor 1099614388301
I1013 15:29:08.282402 26966 runtime_context.cpp:29] DecreaseCounter job_5_running_actor_count, current val is 34
I1013 15:29:08.282428 26966 actor.cpp:408] actor 1099614388305 switch to nullptr
I1013 15:29:08.282441 26966 thread.cpp:76] thread 524337 deconstruct actor 1099614388305
I1013 15:29:08.282558 26966 runtime_context.cpp:29] DecreaseCounter job_5_running_actor_count, current val is 33
I1013 15:29:08.282593 26966 actor.cpp:408] actor 1099614388309 switch to nullptr
I1013 15:29:08.282609 26966 thread.cpp:76] thread 524337 deconstruct actor 1099614388309
I1013 15:29:08.282727 26966 runtime_context.cpp:29] DecreaseCounter job_5_running_actor_count, current val is 32
I1013 15:29:08.282761 26966 actor.cpp:408] actor 1099614388286 switch to nullptr
I1013 15:29:08.282776 26966 thread.cpp:76] thread 524337 deconstruct actor 1099614388286
I1013 15:29:08.282892 26966 runtime_context.cpp:29] DecreaseCounter job_5_running_actor_count, current val is 31
I1013 15:29:08.282920 26966 actor.cpp:408] actor 1099614388294 switch to nullptr
I1013 15:29:08.282935 26966 thread.cpp:76] thread 524337 deconstruct actor 1099614388294
I1013 15:29:08.283041 26966 runtime_context.cpp:29] DecreaseCounter job_5_running_actor_count, current val is 30
I1013 15:29:08.283068 26966 actor.cpp:408] actor 1099614388290 switch to nullptr
I1013 15:29:08.283082 26966 thread.cpp:76] thread 524337 deconstruct actor 1099614388290
I1013 15:29:08.283200 26966 runtime_context.cpp:29] DecreaseCounter job_5_running_actor_count, current val is 29
I1013 15:29:08.283226 26966 actor.cpp:408] actor 1099614388298 switch to nullptr
I1013 15:29:08.283241 26966 thread.cpp:76] thread 524337 deconstruct actor 1099614388298
I1013 15:29:08.283344 26966 runtime_context.cpp:29] DecreaseCounter job_5_running_actor_count, current val is 28
I1013 15:29:08.283370 26966 actor.cpp:408] actor 1099614388302 switch to nullptr
I1013 15:29:08.283545 26966 thread.cpp:76] thread 524337 deconstruct actor 1099614388302
I1013 15:29:08.283730 26966 runtime_context.cpp:29] DecreaseCounter job_5_running_actor_count, current val is 27
I1013 15:29:08.283769 26966 actor.cpp:408] actor 1099614388306 switch to nullptr
I1013 15:29:08.283787 26966 thread.cpp:76] thread 524337 deconstruct actor 1099614388306
I1013 15:29:08.283900 26966 runtime_context.cpp:29] DecreaseCounter job_5_running_actor_count, current val is 26
I1013 15:29:08.283929 26966 actor.cpp:408] actor 1099614388310 switch to nullptr
I1013 15:29:08.283944 26966 thread.cpp:76] thread 524337 deconstruct actor 1099614388310
I1013 15:29:08.284063 26966 runtime_context.cpp:29] DecreaseCounter job_5_running_actor_count, current val is 25
I1013 15:29:08.284091 26966 actor.cpp:408] actor 1099614388228 switch to nullptr
I1013 15:29:08.284106 26966 thread.cpp:76] thread 524337 deconstruct actor 1099614388228
I1013 15:29:08.284229 26966 runtime_context.cpp:29] DecreaseCounter job_0_running_actor_count, current val is 178
I1013 15:29:08.284257 26966 actor.cpp:408] actor 1099614388245 switch to nullptr
I1013 15:29:08.284272 26966 thread.cpp:76] thread 524337 deconstruct actor 1099614388245
I1013 15:29:08.284395 26966 runtime_context.cpp:29] DecreaseCounter job_1_running_actor_count, current val is 49
I1013 15:29:08.284420 26966 actor.cpp:408] actor 1099614388236 switch to nullptr
I1013 15:29:08.284435 26966 thread.cpp:76] thread 524337 deconstruct actor 1099614388236
I1013 15:29:08.284545 26966 runtime_context.cpp:29] DecreaseCounter job_0_running_actor_count, current val is 177
I1013 15:29:08.284582 26966 actor.cpp:408] actor 1099614388254 switch to nullptr
I1013 15:29:08.284600 26966 thread.cpp:76] thread 524337 deconstruct actor 1099614388254
I1013 15:29:08.284718 26966 runtime_context.cpp:29] DecreaseCounter job_2_running_actor_count, current val is 50
I1013 15:29:08.284745 26966 actor.cpp:408] actor 1099614388263 switch to nullptr
I1013 15:29:08.284759 26966 thread.cpp:76] thread 524337 deconstruct actor 1099614388263
I1013 15:29:08.284869 26966 runtime_context.cpp:29] DecreaseCounter job_3_running_actor_count, current val is 50
I1013 15:29:08.284896 26966 actor.cpp:408] actor 1099614388271 switch to nullptr
I1013 15:29:08.284910 26966 thread.cpp:76] thread 524337 deconstruct actor 1099614388271
I1013 15:29:08.285022 26966 runtime_context.cpp:29] DecreaseCounter job_4_running_actor_count, current val is 15
I1013 15:29:08.285048 26966 actor.cpp:408] actor 1099614388279 switch to nullptr
I1013 15:29:08.285061 26966 thread.cpp:76] thread 524337 deconstruct actor 1099614388279
I1013 15:29:08.285161 26966 runtime_context.cpp:29] DecreaseCounter job_4_running_actor_count, current val is 14
I1013 15:29:08.285195 26966 actor.cpp:408] actor 1099614388225 switch to nullptr
I1013 15:29:08.285210 26966 thread.cpp:76] thread 524337 deconstruct actor 1099614388225
I1013 15:29:08.285343 26966 runtime_context.cpp:29] DecreaseCounter job_0_running_actor_count, current val is 176
I1013 15:29:08.285377 26966 actor.cpp:408] actor 1099614388242 switch to nullptr
I1013 15:29:08.285398 26966 thread.cpp:76] thread 524337 deconstruct actor 1099614388242
I1013 15:29:08.285364 26983 actor.cpp:408] actor 2199023255698 switch to nullptr
I1013 15:29:08.285461 26983 thread.cpp:76] thread 1048576 deconstruct actor 2199023255698
I1013 15:29:08.285522 26966 runtime_context.cpp:29] DecreaseCounter job_1_running_actor_count, current val is 48
I1013 15:29:08.285552 26966 actor.cpp:408] actor 1099614388234 switch to nullptr
I1013 15:29:08.285583 26966 thread.cpp:76] thread 524337 deconstruct actor 1099614388234
I1013 15:29:08.285709 26966 runtime_context.cpp:29] DecreaseCounter job_0_running_actor_count, current val is 175
I1013 15:29:08.285751 26983 runtime_context.cpp:29] DecreaseCounter job_0_running_actor_count, current val is 174
I1013 15:29:08.285869 26966 actor.cpp:408] actor 1099614388251 switch to nullptr
I1013 15:29:08.285965 26983 actor.cpp:408] actor 2199023255737 switch to nullptr
I1013 15:29:08.285974 26966 thread.cpp:76] thread 524337 deconstruct actor 1099614388251
I1013 15:29:08.286005 26983 thread.cpp:76] thread 1048576 deconstruct actor 2199023255737
I1013 15:29:08.286249 26966 runtime_context.cpp:29] DecreaseCounter job_2_running_actor_count, current val is 49
I1013 15:29:08.286304 26966 actor.cpp:408] actor 1099614388260 switch to nullptr
I1013 15:29:08.286310 26983 runtime_context.cpp:29] DecreaseCounter job_1_running_actor_count, current val is 47
I1013 15:29:08.286340 26966 thread.cpp:76] thread 524337 deconstruct actor 1099614388260
I1013 15:29:08.286413 26983 actor.cpp:408] actor 2199023255691 switch to nullptr
I1013 15:29:08.286463 26983 thread.cpp:76] thread 1048576 deconstruct actor 2199023255691
I1013 15:29:08.286531 26966 runtime_context.cpp:29] DecreaseCounter job_3_running_actor_count, current val is 49
I1013 15:29:08.286581 26966 actor.cpp:408] actor 1099614388268 switch to nullptr
I1013 15:29:08.286610 26966 thread.cpp:76] thread 524337 deconstruct actor 1099614388268
I1013 15:29:08.286671 26983 runtime_context.cpp:29] DecreaseCounter job_0_running_actor_count, current val is 173
I1013 15:29:08.286728 26966 runtime_context.cpp:29] DecreaseCounter job_4_running_actor_count, current val is 13
I1013 15:29:08.286743 26983 actor.cpp:408] actor 2199023255685 switch to nullptr
I1013 15:29:08.286774 26966 actor.cpp:408] actor 1099614388277 switch to nullptr
I1013 15:29:08.286826 26983 thread.cpp:76] thread 1048576 deconstruct actor 2199023255685
I1013 15:29:08.286857 26966 thread.cpp:76] thread 524337 deconstruct actor 1099614388277
I1013 15:29:08.287027 26966 runtime_context.cpp:29] DecreaseCounter job_4_running_actor_count, current val is 12
I1013 15:29:08.287032 26983 runtime_context.cpp:29] DecreaseCounter job_0_running_actor_count, current val is 172
I1013 15:29:08.287073 26966 actor.cpp:411] actor 1099614388229 switch to &Actor::HandlerZombie
I1013 15:29:08.287134 26983 actor.cpp:408] actor 2199023255683 switch to nullptr
I1013 15:29:08.287168 26966 actor.cpp:408] actor 1099614388224 switch to nullptr
I1013 15:29:08.287184 26983 thread.cpp:76] thread 1048576 deconstruct actor 2199023255683
I1013 15:29:08.287218 26966 thread.cpp:76] thread 524337 deconstruct actor 1099614388224
I1013 15:29:08.287276 26950 actor.cpp:408] actor 1099524210688 switch to nullptr
I1013 15:29:08.287384 26950 thread.cpp:76] thread 524294 deconstruct actor 1099524210688
I1013 15:29:08.287427 26944 actor.cpp:408] actor 1099511627776 switch to nullptr
I1013 15:29:08.287516 26951 actor.cpp:408] actor 1099526307840 switch to nullptr
I1013 15:29:08.287583 26948 actor.cpp:408] actor 1099520016384 switch to nullptr
I1013 15:29:08.287528 26945 actor.cpp:408] actor 1099513724928 switch to nullptr
I1013 15:29:08.287830 26945 thread.cpp:76] thread 524289 deconstruct actor 1099513724928
I1013 15:29:08.287549 26983 runtime_context.cpp:29] DecreaseCounter job_0_running_actor_count, current val is 171
I1013 15:29:08.287555 26946 actor.cpp:408] actor 1099515822080 switch to nullptr
I1013 15:29:08.287583 26947 actor.cpp:408] actor 1099517919232 switch to nullptr
I1013 15:29:08.287624 26966 runtime_context.cpp:29] DecreaseCounter job_0_running_actor_count, current val is 170
I1013 15:29:08.287617 26954 actor.cpp:408] actor 1099532599296 switch to nullptr
I1013 15:29:08.288221 26954 thread.cpp:76] thread 524298 deconstruct actor 1099532599296
I1013 15:29:08.287648 26951 thread.cpp:76] thread 524295 deconstruct actor 1099526307840
I1013 15:29:08.287652 26952 actor.cpp:408] actor 1099528404992 switch to nullptr
I1013 15:29:08.288503 26952 thread.cpp:76] thread 524296 deconstruct actor 1099528404992
I1013 15:29:08.287724 26948 thread.cpp:76] thread 524292 deconstruct actor 1099520016384
I1013 15:29:08.288590 26951 runtime_context.cpp:29] DecreaseCounter job_0_running_actor_count, current val is 167
I1013 15:29:08.287464 26953 actor.cpp:411] actor 1099530502144 switch to &Actor::HandlerZombie
I1013 15:29:08.287942 26983 actor.cpp:408] actor 2199023255681 switch to nullptr
I1013 15:29:08.288714 26983 thread.cpp:76] thread 1048576 deconstruct actor 2199023255681
I1013 15:29:08.288070 26947 thread.cpp:76] thread 524291 deconstruct actor 1099517919232
I1013 15:29:08.288110 26966 actor.cpp:411] actor 1099614388246 switch to &Actor::HandlerZombie
I1013 15:29:08.288163 26945 runtime_context.cpp:29] DecreaseCounter job_0_running_actor_count, current val is 168
I1013 15:29:08.287520 26944 thread.cpp:76] thread 524288 deconstruct actor 1099511627776
I1013 15:29:08.287670 26985 actor.cpp:408] actor 2199025352707 switch to nullptr
I1013 15:29:08.287757 26950 runtime_context.cpp:29] DecreaseCounter job_0_running_actor_count, current val is 169
I1013 15:29:08.288655 26954 runtime_context.cpp:29] DecreaseCounter job_0_running_actor_count, current val is 166
I1013 15:29:08.288684 26953 thread.cpp:76] thread 524297 deconstruct actor 1099530502144
I1013 15:29:08.287981 26946 thread.cpp:76] thread 524290 deconstruct actor 1099515822080
I1013 15:29:08.288836 26952 runtime_context.cpp:29] DecreaseCounter job_0_running_actor_count, current val is 165
I1013 15:29:08.288915 26948 runtime_context.cpp:29] DecreaseCounter job_0_running_actor_count, current val is 164
I1013 15:29:08.288942 26983 runtime_context.cpp:29] DecreaseCounter job_0_running_actor_count, current val is 163
I1013 15:29:08.289001 26966 actor.cpp:408] actor 1099614388241 switch to nullptr
I1013 15:29:08.289047 26956 actor.cpp:408] actor 1099536793600 switch to nullptr
I1013 15:29:08.289888 26953 runtime_context.cpp:29] DecreaseCounter job_0_running_actor_count, current val is 161
I1013 15:29:08.289074 26955 actor.cpp:408] actor 1099534696448 switch to nullptr
I1013 15:29:08.289984 26955 thread.cpp:76] thread 524299 deconstruct actor 1099534696448
I1013 15:29:08.289137 26947 runtime_context.cpp:29] DecreaseCounter job_0_running_actor_count, current val is 162
I1013 15:29:08.289445 26985 thread.cpp:76] thread 1048577 deconstruct actor 2199025352707
I1013 15:29:08.289831 26983 actor.cpp:408] actor 2199023255673 switch to nullptr
I1013 15:29:08.290212 26983 thread.cpp:76] thread 1048576 deconstruct actor 2199023255673
I1013 15:29:08.289912 26956 thread.cpp:76] thread 524300 deconstruct actor 1099536793600
I1013 15:29:08.289949 26946 runtime_context.cpp:29] DecreaseCounter job_0_running_actor_count, current val is 160
I1013 15:29:08.289110 26957 actor.cpp:408] actor 1099538890752 switch to nullptr
I1013 15:29:08.290459 26957 thread.cpp:76] thread 524301 deconstruct actor 1099538890752
I1013 15:29:08.290475 26956 runtime_context.cpp:29] DecreaseCounter job_1_running_actor_count, current val is 45
I1013 15:29:08.289877 26966 thread.cpp:76] thread 524337 deconstruct actor 1099614388241
I1013 15:29:08.290230 26985 runtime_context.cpp:29] DecreaseCounter job_0_running_actor_count, current val is 159
I1013 15:29:08.290587 26944 runtime_context.cpp:29] DecreaseCounter job_0_running_actor_count, current val is 157
I1013 15:29:08.290163 26955 runtime_context.cpp:29] DecreaseCounter job_1_running_actor_count, current val is 46
I1013 15:29:08.290681 26966 runtime_context.cpp:29] DecreaseCounter job_1_running_actor_count, current val is 43
I1013 15:29:08.290637 26985 actor.cpp:408] actor 2199025352706 switch to nullptr
I1013 15:29:08.290647 26957 runtime_context.cpp:29] DecreaseCounter job_1_running_actor_count, current val is 44
I1013 15:29:08.290397 26983 runtime_context.cpp:29] DecreaseCounter job_0_running_actor_count, current val is 158
I1013 15:29:08.290719 26966 actor.cpp:411] actor 1099614388237 switch to &Actor::HandlerZombie
I1013 15:29:08.290845 26983 actor.cpp:408] actor 2199023255671 switch to nullptr
I1013 15:29:08.290751 26985 thread.cpp:76] thread 1048577 deconstruct actor 2199025352706
I1013 15:29:08.290863 26966 actor.cpp:408] actor 1099614388232 switch to nullptr
I1013 15:29:08.290879 26983 thread.cpp:76] thread 1048576 deconstruct actor 2199023255671
I1013 15:29:08.290946 26949 actor.cpp:411] actor 1099522113536 switch to &Actor::HandlerZombie
I1013 15:29:08.290961 26985 runtime_context.cpp:29] DecreaseCounter job_0_running_actor_count, current val is 156
I1013 15:29:08.290933 26966 thread.cpp:76] thread 524337 deconstruct actor 1099614388232
I1013 15:29:08.291110 26983 runtime_context.cpp:29] DecreaseCounter job_0_running_actor_count, current val is 155
I1013 15:29:08.291076 26985 actor.cpp:408] actor 2199025352704 switch to nullptr
I1013 15:29:08.291172 26983 actor.cpp:408] actor 2199023255667 switch to nullptr
I1013 15:29:08.291216 26985 thread.cpp:76] thread 1048577 deconstruct actor 2199025352704
I1013 15:29:08.291240 26983 thread.cpp:76] thread 1048576 deconstruct actor 2199023255667
I1013 15:29:08.291286 26966 runtime_context.cpp:29] DecreaseCounter job_0_running_actor_count, current val is 154
I1013 15:29:08.291318 26985 runtime_context.cpp:29] DecreaseCounter job_0_running_actor_count, current val is 153
I1013 15:29:08.291327 26966 actor.cpp:411] actor 1099614388255 switch to &Actor::HandlerZombie
I1013 15:29:08.291368 26985 actor.cpp:408] actor 2199025352705 switch to nullptr
I1013 15:29:08.291380 26983 runtime_context.cpp:29] DecreaseCounter job_0_running_actor_count, current val is 152
I1013 15:29:08.291394 26985 thread.cpp:76] thread 1048577 deconstruct actor 2199025352705
I1013 15:29:08.291450 26959 actor.cpp:408] actor 1099543085056 switch to nullptr
I1013 15:29:08.291482 26958 actor.cpp:408] actor 1099540987904 switch to nullptr
I1013 15:29:08.291512 26960 actor.cpp:411] actor 1099545182208 switch to &Actor::HandlerZombie
I1013 15:29:08.291436 26983 actor.cpp:408] actor 2199023255661 switch to nullptr
I1013 15:29:08.291517 26959 thread.cpp:76] thread 524303 deconstruct actor 1099543085056
I1013 15:29:08.291512 26985 runtime_context.cpp:29] DecreaseCounter job_0_running_actor_count, current val is 151
I1013 15:29:08.291399 26966 actor.cpp:408] actor 1099614388250 switch to nullptr
I1013 15:29:08.291555 26958 thread.cpp:76] thread 524302 deconstruct actor 1099540987904
I1013 15:29:08.291610 26960 thread.cpp:76] thread 524304 deconstruct actor 1099545182208
I1013 15:29:08.291785 26959 runtime_context.cpp:29] DecreaseCounter job_2_running_actor_count, current val is 48
I1013 15:29:08.291707 26985 actor.cpp:408] actor 2199025352708 switch to nullptr
I1013 15:29:08.291728 26966 thread.cpp:76] thread 524337 deconstruct actor 1099614388250
I1013 15:29:08.291635 26983 thread.cpp:76] thread 1048576 deconstruct actor 2199023255661
I1013 15:29:08.291841 26985 thread.cpp:76] thread 1048577 deconstruct actor 2199025352708
