I1013 15:23:48.266672 17079 runtime_context.cpp:29] DecreaseCounter constructing_actor_cnt, current val is 95
I1013 15:23:48.266810 17079 naive_actor.cpp:25] actor 2199023255720 switch to &NaiveActor::HandlerNormal
I1013 15:23:48.266827 17079 thread.cpp:96] Thread 1048576 construct Actor kNormalForward 2199023255720
I1013 15:23:48.266855 17079 runtime_context.cpp:29] DecreaseCounter constructing_actor_cnt, current val is 94
I1013 15:23:48.267002 17079 naive_actor.cpp:25] actor 2199023255723 switch to &NaiveActor::HandlerNormal
I1013 15:23:48.267019 17079 thread.cpp:96] Thread 1048576 construct Actor kNormalForward 2199023255723
I1013 15:23:48.267045 17079 runtime_context.cpp:29] DecreaseCounter constructing_actor_cnt, current val is 93
I1013 15:23:48.267177 17079 naive_actor.cpp:25] actor 2199023255716 switch to &NaiveActor::HandlerNormal
I1013 15:23:48.267194 17079 thread.cpp:96] Thread 1048576 construct Actor kNormalForward 2199023255716
I1013 15:23:48.267218 17079 runtime_context.cpp:29] DecreaseCounter constructing_actor_cnt, current val is 92
I1013 15:23:48.267369 17079 naive_actor.cpp:25] actor 2199023255727 switch to &NaiveActor::HandlerNormal
I1013 15:23:48.267385 17079 thread.cpp:96] Thread 1048576 construct Actor kNormalForward 2199023255727
I1013 15:23:48.267410 17079 runtime_context.cpp:29] DecreaseCounter constructing_actor_cnt, current val is 91
I1013 15:23:48.267547 17079 naive_actor.cpp:25] actor 2199023255724 switch to &NaiveActor::HandlerNormal
I1013 15:23:48.267613 17079 thread.cpp:96] Thread 1048576 construct Actor kNormalForward 2199023255724
I1013 15:23:48.267645 17079 runtime_context.cpp:29] DecreaseCounter constructing_actor_cnt, current val is 90
I1013 15:23:48.267791 17079 naive_actor.cpp:25] actor 2199023255725 switch to &NaiveActor::HandlerNormal
I1013 15:23:48.267819 17079 thread.cpp:96] Thread 1048576 construct Actor kNormalForward 2199023255725
I1013 15:23:48.267856 17079 runtime_context.cpp:29] DecreaseCounter constructing_actor_cnt, current val is 89
I1013 15:23:48.268034 17079 naive_actor.cpp:25] actor 2199023255726 switch to &NaiveActor::HandlerNormal
I1013 15:23:48.268059 17079 thread.cpp:96] Thread 1048576 construct Actor kNormalForward 2199023255726
I1013 15:23:48.268095 17079 runtime_context.cpp:29] DecreaseCounter constructing_actor_cnt, current val is 88
I1013 15:23:48.268239 17079 naive_actor.cpp:25] actor 2199023255730 switch to &NaiveActor::HandlerNormal
I1013 15:23:48.268282 17079 thread.cpp:96] Thread 1048576 construct Actor kNormalForward 2199023255730
I1013 15:23:48.268338 17079 runtime_context.cpp:29] DecreaseCounter constructing_actor_cnt, current val is 87
I1013 15:23:48.268496 17079 naive_actor.cpp:25] actor 2199023255732 switch to &NaiveActor::HandlerNormal
I1013 15:23:48.268528 17079 thread.cpp:96] Thread 1048576 construct Actor kNormalForward 2199023255732
I1013 15:23:48.268571 17079 runtime_context.cpp:29] DecreaseCounter constructing_actor_cnt, current val is 86
I1013 15:23:48.268723 17079 naive_actor.cpp:25] actor 2199023255731 switch to &NaiveActor::HandlerNormal
I1013 15:23:48.268751 17079 thread.cpp:96] Thread 1048576 construct Actor kNormalForward 2199023255731
I1013 15:23:48.268787 17079 runtime_context.cpp:29] DecreaseCounter constructing_actor_cnt, current val is 85
I1013 15:23:48.268952 17079 naive_actor.cpp:25] actor 2199023255729 switch to &NaiveActor::HandlerNormal
I1013 15:23:48.268980 17079 thread.cpp:96] Thread 1048576 construct Actor kNormalForward 2199023255729
I1013 15:23:48.269006 17079 runtime_context.cpp:29] DecreaseCounter constructing_actor_cnt, current val is 84
I1013 15:23:48.269140 17079 naive_actor.cpp:25] actor 2199023255728 switch to &NaiveActor::HandlerNormal
I1013 15:23:48.269166 17079 thread.cpp:96] Thread 1048576 construct Actor kNormalForward 2199023255728
I1013 15:23:48.269194 17079 runtime_context.cpp:29] DecreaseCounter constructing_actor_cnt, current val is 83
I1013 15:23:48.269345 17079 naive_actor.cpp:25] actor 2199023255734 switch to &NaiveActor::HandlerNormal
I1013 15:23:48.269372 17079 thread.cpp:96] Thread 1048576 construct Actor kNormalForward 2199023255734
I1013 15:23:48.269413 17079 runtime_context.cpp:29] DecreaseCounter constructing_actor_cnt, current val is 82
I1013 15:23:48.269562 17079 naive_actor.cpp:25] actor 2199023255733 switch to &NaiveActor::HandlerNormal
I1013 15:23:48.269610 17079 thread.cpp:96] Thread 1048576 construct Actor kNormalForward 2199023255733
I1013 15:23:48.269647 17079 runtime_context.cpp:29] DecreaseCounter constructing_actor_cnt, current val is 81
I1013 15:23:48.269798 17079 naive_actor.cpp:25] actor 2199023255735 switch to &NaiveActor::HandlerNormal
I1013 15:23:48.269827 17079 thread.cpp:96] Thread 1048576 construct Actor kNormalForward 2199023255735
I1013 15:23:48.269856 17079 runtime_context.cpp:29] DecreaseCounter constructing_actor_cnt, current val is 80
I1013 15:23:48.270012 17079 naive_actor.cpp:25] actor 2199023255700 switch to &NaiveActor::HandlerNormal
I1013 15:23:48.270030 17079 thread.cpp:96] Thread 1048576 construct Actor kNormalForward 2199023255700
I1013 15:23:48.270056 17079 runtime_context.cpp:29] DecreaseCounter constructing_actor_cnt, current val is 79
I1013 15:23:48.270205 17079 naive_actor.cpp:25] actor 2199023255702 switch to &NaiveActor::HandlerNormal
I1013 15:23:48.270220 17079 thread.cpp:96] Thread 1048576 construct Actor kNormalForward 2199023255702
I1013 15:23:48.270246 17079 runtime_context.cpp:29] DecreaseCounter constructing_actor_cnt, current val is 78
I1013 15:23:48.270386 17079 naive_actor.cpp:25] actor 2199023255737 switch to &NaiveActor::HandlerNormal
I1013 15:23:48.270643 17079 thread.cpp:96] Thread 1048576 construct Actor kDeviceTick 2199023255737
I1013 15:23:48.270673 17079 runtime_context.cpp:29] DecreaseCounter constructing_actor_cnt, current val is 77
I1013 15:23:48.271656 17079 naive_actor.cpp:25] actor 2199023255736 switch to &NaiveActor::HandlerNormal
I1013 15:23:48.271689 17079 thread.cpp:96] Thread 1048576 construct Actor kNormalForward 2199023255736
I1013 15:23:48.271778 17079 runtime_context.cpp:29] DecreaseCounter constructing_actor_cnt, current val is 76
I1013 15:23:48.271961 17079 naive_actor.cpp:25] actor 2199023255746 switch to &NaiveActor::HandlerNormal
I1013 15:23:48.271978 17079 thread.cpp:96] Thread 1048576 construct Actor kNormalForward 2199023255746
I1013 15:23:48.272022 17079 runtime_context.cpp:29] DecreaseCounter constructing_actor_cnt, current val is 75
I1013 15:23:48.272161 17079 naive_actor.cpp:25] actor 2199023255762 switch to &NaiveActor::HandlerNormal
I1013 15:23:48.272194 17079 thread.cpp:96] Thread 1048576 construct Actor kNormalForward 2199023255762
I1013 15:23:48.272240 17079 runtime_context.cpp:29] DecreaseCounter constructing_actor_cnt, current val is 74
I1013 15:23:48.272388 17079 naive_actor.cpp:25] actor 2199023255747 switch to &NaiveActor::HandlerNormal
I1013 15:23:48.272419 17079 thread.cpp:96] Thread 1048576 construct Actor kNormalForward 2199023255747
I1013 15:23:48.272450 17079 runtime_context.cpp:29] DecreaseCounter constructing_actor_cnt, current val is 73
I1013 15:23:48.272617 17079 naive_actor.cpp:25] actor 2199023255750 switch to &NaiveActor::HandlerNormal
I1013 15:23:48.272635 17079 thread.cpp:96] Thread 1048576 construct Actor kNormalForward 2199023255750
I1013 15:23:48.272663 17079 runtime_context.cpp:29] DecreaseCounter constructing_actor_cnt, current val is 72
I1013 15:23:48.272809 17079 naive_actor.cpp:25] actor 2199023255743 switch to &NaiveActor::HandlerNormal
I1013 15:23:48.272827 17079 thread.cpp:96] Thread 1048576 construct Actor kNormalForward 2199023255743
I1013 15:23:48.272883 17079 runtime_context.cpp:29] DecreaseCounter constructing_actor_cnt, current val is 71
I1013 15:23:48.273023 17079 naive_actor.cpp:25] actor 2199023255752 switch to &NaiveActor::HandlerNormal
I1013 15:23:48.273039 17079 thread.cpp:96] Thread 1048576 construct Actor kNormalForward 2199023255752
I1013 15:23:48.273066 17079 runtime_context.cpp:29] DecreaseCounter constructing_actor_cnt, current val is 70
I1013 15:23:48.273985 17079 naive_actor.cpp:25] actor 2199023255775 switch to &NaiveActor::HandlerNormal
I1013 15:23:48.274003 17079 thread.cpp:96] Thread 1048576 construct Actor kNormalForward 2199023255775
I1013 15:23:48.274077 17079 runtime_context.cpp:29] DecreaseCounter constructing_actor_cnt, current val is 69
I1013 15:23:48.274230 17079 naive_actor.cpp:25] actor 2199023255748 switch to &NaiveActor::HandlerNormal
I1013 15:23:48.274247 17079 thread.cpp:96] Thread 1048576 construct Actor kNormalForward 2199023255748
I1013 15:23:48.274274 17079 runtime_context.cpp:29] DecreaseCounter constructing_actor_cnt, current val is 68
I1013 15:23:48.274435 17079 naive_actor.cpp:25] actor 2199023255741 switch to &NaiveActor::HandlerNormal
I1013 15:23:48.274451 17079 thread.cpp:96] Thread 1048576 construct Actor kNormalForward 2199023255741
I1013 15:23:48.274477 17079 runtime_context.cpp:29] DecreaseCounter constructing_actor_cnt, current val is 67
I1013 15:23:48.274618 17079 naive_actor.cpp:25] actor 2199023255740 switch to &NaiveActor::HandlerNormal
I1013 15:23:48.274634 17079 thread.cpp:96] Thread 1048576 construct Actor kNormalForward 2199023255740
I1013 15:23:48.274660 17079 runtime_context.cpp:29] DecreaseCounter constructing_actor_cnt, current val is 66
I1013 15:23:48.274796 17079 naive_actor.cpp:25] actor 2199023255749 switch to &NaiveActor::HandlerNormal
I1013 15:23:48.274812 17079 thread.cpp:96] Thread 1048576 construct Actor kNormalForward 2199023255749
I1013 15:23:48.274838 17079 runtime_context.cpp:29] DecreaseCounter constructing_actor_cnt, current val is 65
I1013 15:23:48.274972 17079 naive_actor.cpp:25] actor 2199023255751 switch to &NaiveActor::HandlerNormal
I1013 15:23:48.274988 17079 thread.cpp:96] Thread 1048576 construct Actor kNormalForward 2199023255751
I1013 15:23:48.275014 17079 runtime_context.cpp:29] DecreaseCounter constructing_actor_cnt, current val is 64
I1013 15:23:48.275167 17079 naive_actor.cpp:25] actor 2199023255753 switch to &NaiveActor::HandlerNormal
I1013 15:23:48.275183 17079 thread.cpp:96] Thread 1048576 construct Actor kNormalForward 2199023255753
I1013 15:23:48.275211 17079 runtime_context.cpp:29] DecreaseCounter constructing_actor_cnt, current val is 63
I1013 15:23:48.275368 17079 naive_actor.cpp:25] actor 2199023255754 switch to &NaiveActor::HandlerNormal
I1013 15:23:48.275473 17079 thread.cpp:96] Thread 1048576 construct Actor kNormalForward 2199023255754
I1013 15:23:48.275511 17079 runtime_context.cpp:29] DecreaseCounter constructing_actor_cnt, current val is 62
I1013 15:23:48.275686 17079 naive_actor.cpp:25] actor 2199023255739 switch to &NaiveActor::HandlerNormal
I1013 15:23:48.275734 17079 thread.cpp:96] Thread 1048576 construct Actor kNormalForward 2199023255739
I1013 15:23:48.275784 17079 runtime_context.cpp:29] DecreaseCounter constructing_actor_cnt, current val is 61
I1013 15:23:48.275944 17079 naive_actor.cpp:25] actor 2199023255744 switch to &NaiveActor::HandlerNormal
I1013 15:23:48.275991 17079 thread.cpp:96] Thread 1048576 construct Actor kNormalForward 2199023255744
I1013 15:23:48.276036 17079 runtime_context.cpp:29] DecreaseCounter constructing_actor_cnt, current val is 60
I1013 15:23:48.276175 17079 naive_actor.cpp:25] actor 2199023255756 switch to &NaiveActor::HandlerNormal
I1013 15:23:48.276192 17079 thread.cpp:96] Thread 1048576 construct Actor kNormalForward 2199023255756
I1013 15:23:48.276221 17079 runtime_context.cpp:29] DecreaseCounter constructing_actor_cnt, current val is 59
I1013 15:23:48.276365 17079 naive_actor.cpp:25] actor 2199023255758 switch to &NaiveActor::HandlerNormal
I1013 15:23:48.276381 17079 thread.cpp:96] Thread 1048576 construct Actor kNormalForward 2199023255758
I1013 15:23:48.276407 17079 runtime_context.cpp:29] DecreaseCounter constructing_actor_cnt, current val is 58
I1013 15:23:48.276541 17079 naive_actor.cpp:25] actor 2199023255755 switch to &NaiveActor::HandlerNormal
I1013 15:23:48.276557 17079 thread.cpp:96] Thread 1048576 construct Actor kNormalForward 2199023255755
I1013 15:23:48.276605 17079 runtime_context.cpp:29] DecreaseCounter constructing_actor_cnt, current val is 57
I1013 15:23:48.276751 17079 naive_actor.cpp:25] actor 2199023255742 switch to &NaiveActor::HandlerNormal
I1013 15:23:48.276768 17079 thread.cpp:96] Thread 1048576 construct Actor kNormalForward 2199023255742
I1013 15:23:48.276796 17079 runtime_context.cpp:29] DecreaseCounter constructing_actor_cnt, current val is 56
I1013 15:23:48.276962 17079 naive_actor.cpp:25] actor 2199023255759 switch to &NaiveActor::HandlerNormal
I1013 15:23:48.276978 17079 thread.cpp:96] Thread 1048576 construct Actor kNormalForward 2199023255759
I1013 15:23:48.277002 17079 runtime_context.cpp:29] DecreaseCounter constructing_actor_cnt, current val is 55
I1013 15:23:48.277133 17079 naive_actor.cpp:25] actor 2199023255761 switch to &NaiveActor::HandlerNormal
I1013 15:23:48.277149 17079 thread.cpp:96] Thread 1048576 construct Actor kNormalForward 2199023255761
I1013 15:23:48.277175 17079 runtime_context.cpp:29] DecreaseCounter constructing_actor_cnt, current val is 54
I1013 15:23:48.277307 17079 naive_actor.cpp:25] actor 2199023255764 switch to &NaiveActor::HandlerNormal
I1013 15:23:48.277323 17079 thread.cpp:96] Thread 1048576 construct Actor kNormalForward 2199023255764
I1013 15:23:48.277348 17079 runtime_context.cpp:29] DecreaseCounter constructing_actor_cnt, current val is 53
I1013 15:23:48.277521 17079 naive_actor.cpp:25] actor 2199023255763 switch to &NaiveActor::HandlerNormal
I1013 15:23:48.277554 17079 thread.cpp:96] Thread 1048576 construct Actor kNormalForward 2199023255763
I1013 15:23:48.277587 17079 runtime_context.cpp:29] DecreaseCounter constructing_actor_cnt, current val is 52
I1013 15:23:48.277738 17079 naive_actor.cpp:25] actor 2199023255760 switch to &NaiveActor::HandlerNormal
I1013 15:23:48.277765 17079 thread.cpp:96] Thread 1048576 construct Actor kNormalForward 2199023255760
I1013 15:23:48.277794 17079 runtime_context.cpp:29] DecreaseCounter constructing_actor_cnt, current val is 51
I1013 15:23:48.277945 17079 naive_actor.cpp:25] actor 2199023255766 switch to &NaiveActor::HandlerNormal
I1013 15:23:48.277961 17079 thread.cpp:96] Thread 1048576 construct Actor kNormalForward 2199023255766
I1013 15:23:48.277988 17079 runtime_context.cpp:29] DecreaseCounter constructing_actor_cnt, current val is 50
I1013 15:23:48.278138 17079 naive_actor.cpp:25] actor 2199023255767 switch to &NaiveActor::HandlerNormal
I1013 15:23:48.278154 17079 thread.cpp:96] Thread 1048576 construct Actor kNormalForward 2199023255767
I1013 15:23:48.278179 17079 runtime_context.cpp:29] DecreaseCounter constructing_actor_cnt, current val is 49
I1013 15:23:48.278350 17079 naive_actor.cpp:25] actor 2199023255765 switch to &NaiveActor::HandlerNormal
I1013 15:23:48.278383 17079 thread.cpp:96] Thread 1048576 construct Actor kNormalForward 2199023255765
I1013 15:23:48.278412 17079 runtime_context.cpp:29] DecreaseCounter constructing_actor_cnt, current val is 48
I1013 15:23:48.278551 17079 naive_actor.cpp:25] actor 2199023255757 switch to &NaiveActor::HandlerNormal
I1013 15:23:48.278589 17079 thread.cpp:96] Thread 1048576 construct Actor kNormalForward 2199023255757
I1013 15:23:48.278635 17079 runtime_context.cpp:29] DecreaseCounter constructing_actor_cnt, current val is 47
I1013 15:23:48.278792 17079 naive_actor.cpp:25] actor 2199023255768 switch to &NaiveActor::HandlerNormal
I1013 15:23:48.278810 17079 thread.cpp:96] Thread 1048576 construct Actor kNormalForward 2199023255768
I1013 15:23:48.278853 17079 runtime_context.cpp:29] DecreaseCounter constructing_actor_cnt, current val is 46
I1013 15:23:48.279036 17079 naive_actor.cpp:25] actor 2199023255769 switch to &NaiveActor::HandlerNormal
I1013 15:23:48.279067 17079 thread.cpp:96] Thread 1048576 construct Actor kNormalForward 2199023255769
I1013 15:23:48.279095 17079 runtime_context.cpp:29] DecreaseCounter constructing_actor_cnt, current val is 45
I1013 15:23:48.279237 17079 naive_actor.cpp:25] actor 2199023255770 switch to &NaiveActor::HandlerNormal
I1013 15:23:48.279253 17079 thread.cpp:96] Thread 1048576 construct Actor kNormalForward 2199023255770
I1013 15:23:48.279279 17079 runtime_context.cpp:29] DecreaseCounter constructing_actor_cnt, current val is 44
I1013 15:23:48.279428 17079 naive_actor.cpp:25] actor 2199023255771 switch to &NaiveActor::HandlerNormal
I1013 15:23:48.279443 17079 thread.cpp:96] Thread 1048576 construct Actor kNormalForward 2199023255771
I1013 15:23:48.279469 17079 runtime_context.cpp:29] DecreaseCounter constructing_actor_cnt, current val is 43
I1013 15:23:48.279636 17079 naive_actor.cpp:25] actor 2199023255772 switch to &NaiveActor::HandlerNormal
I1013 15:23:48.279654 17079 thread.cpp:96] Thread 1048576 construct Actor kNormalForward 2199023255772
I1013 15:23:48.279682 17079 runtime_context.cpp:29] DecreaseCounter constructing_actor_cnt, current val is 42
I1013 15:23:48.279826 17079 naive_actor.cpp:25] actor 2199023255774 switch to &NaiveActor::HandlerNormal
I1013 15:23:48.279843 17079 thread.cpp:96] Thread 1048576 construct Actor kNormalForward 2199023255774
I1013 15:23:48.279886 17079 runtime_context.cpp:29] DecreaseCounter constructing_actor_cnt, current val is 41
I1013 15:23:48.280050 17079 naive_actor.cpp:25] actor 2199023255776 switch to &NaiveActor::HandlerNormal
I1013 15:23:48.280066 17079 thread.cpp:96] Thread 1048576 construct Actor kDeviceTick 2199023255776
I1013 15:23:48.280092 17079 runtime_context.cpp:29] DecreaseCounter constructing_actor_cnt, current val is 40
I1013 15:23:48.280223 17079 naive_actor.cpp:25] actor 2199023255773 switch to &NaiveActor::HandlerNormal
I1013 15:23:48.280239 17079 thread.cpp:96] Thread 1048576 construct Actor kNormalForward 2199023255773
I1013 15:23:48.280265 17079 runtime_context.cpp:29] DecreaseCounter constructing_actor_cnt, current val is 39
I1013 15:23:48.280398 17079 naive_actor.cpp:25] actor 2199023255745 switch to &NaiveActor::HandlerNormal
I1013 15:23:48.280414 17079 thread.cpp:96] Thread 1048576 construct Actor kNormalForward 2199023255745
I1013 15:23:48.280440 17079 runtime_context.cpp:29] DecreaseCounter constructing_actor_cnt, current val is 38
I1013 15:23:48.280578 17079 naive_actor.cpp:25] actor 2199023255780 switch to &NaiveActor::HandlerNormal
I1013 15:23:48.280594 17079 thread.cpp:96] Thread 1048576 construct Actor kNormalForward 2199023255780
I1013 15:23:48.280620 17079 runtime_context.cpp:29] DecreaseCounter constructing_actor_cnt, current val is 37
I1013 15:23:48.280755 17079 naive_actor.cpp:25] actor 2199023255785 switch to &NaiveActor::HandlerNormal
I1013 15:23:48.280771 17079 thread.cpp:96] Thread 1048576 construct Actor kNormalForward 2199023255785
I1013 15:23:48.280797 17079 runtime_context.cpp:29] DecreaseCounter constructing_actor_cnt, current val is 36
I1013 15:23:48.280970 17079 naive_actor.cpp:25] actor 2199023255792 switch to &NaiveActor::HandlerNormal
I1013 15:23:48.281002 17079 thread.cpp:96] Thread 1048576 construct Actor kNormalForward 2199023255792
I1013 15:23:48.281031 17079 runtime_context.cpp:29] DecreaseCounter constructing_actor_cnt, current val is 35
I1013 15:23:48.281178 17079 naive_actor.cpp:25] actor 2199023255788 switch to &NaiveActor::HandlerNormal
I1013 15:23:48.281195 17079 thread.cpp:96] Thread 1048576 construct Actor kNormalForward 2199023255788
I1013 15:23:48.281222 17079 runtime_context.cpp:29] DecreaseCounter constructing_actor_cnt, current val is 34
I1013 15:23:48.281370 17079 naive_actor.cpp:25] actor 2199023255790 switch to &NaiveActor::HandlerNormal
I1013 15:23:48.281386 17079 thread.cpp:96] Thread 1048576 construct Actor kNormalForward 2199023255790
I1013 15:23:48.281411 17079 runtime_context.cpp:29] DecreaseCounter constructing_actor_cnt, current val is 33
I1013 15:23:48.281548 17079 naive_actor.cpp:25] actor 2199023255786 switch to &NaiveActor::HandlerNormal
I1013 15:23:48.281563 17079 thread.cpp:96] Thread 1048576 construct Actor kNormalForward 2199023255786
I1013 15:23:48.281613 17079 runtime_context.cpp:29] DecreaseCounter constructing_actor_cnt, current val is 32
I1013 15:23:48.282601 17079 naive_actor.cpp:25] actor 2199023255814 switch to &NaiveActor::HandlerNormal
I1013 15:23:48.282619 17079 thread.cpp:96] Thread 1048576 construct Actor kNormalForward 2199023255814
I1013 15:23:48.282699 17079 runtime_context.cpp:29] DecreaseCounter constructing_actor_cnt, current val is 31
I1013 15:23:48.282852 17079 naive_actor.cpp:25] actor 2199023255779 switch to &NaiveActor::HandlerNormal
I1013 15:23:48.282869 17079 thread.cpp:96] Thread 1048576 construct Actor kNormalForward 2199023255779
I1013 15:23:48.282898 17079 runtime_context.cpp:29] DecreaseCounter constructing_actor_cnt, current val is 30
I1013 15:23:48.283043 17079 naive_actor.cpp:25] actor 2199023255791 switch to &NaiveActor::HandlerNormal
I1013 15:23:48.283061 17079 thread.cpp:96] Thread 1048576 construct Actor kNormalForward 2199023255791
I1013 15:23:48.283089 17079 runtime_context.cpp:29] DecreaseCounter constructing_actor_cnt, current val is 29
I1013 15:23:48.283244 17079 naive_actor.cpp:25] actor 2199023255783 switch to &NaiveActor::HandlerNormal
I1013 15:23:48.283260 17079 thread.cpp:96] Thread 1048576 construct Actor kNormalForward 2199023255783
I1013 15:23:48.283286 17079 runtime_context.cpp:29] DecreaseCounter constructing_actor_cnt, current val is 28
I1013 15:23:48.283421 17079 naive_actor.cpp:25] actor 2199023255781 switch to &NaiveActor::HandlerNormal
I1013 15:23:48.283437 17079 thread.cpp:96] Thread 1048576 construct Actor kNormalForward 2199023255781
I1013 15:23:48.283461 17079 runtime_context.cpp:29] DecreaseCounter constructing_actor_cnt, current val is 27
I1013 15:23:48.283619 17079 naive_actor.cpp:25] actor 2199023255784 switch to &NaiveActor::HandlerNormal
I1013 15:23:48.283636 17079 thread.cpp:96] Thread 1048576 construct Actor kNormalForward 2199023255784
I1013 15:23:48.283663 17079 runtime_context.cpp:29] DecreaseCounter constructing_actor_cnt, current val is 26
I1013 15:23:48.283802 17079 naive_actor.cpp:25] actor 2199023255793 switch to &NaiveActor::HandlerNormal
I1013 15:23:48.283818 17079 thread.cpp:96] Thread 1048576 construct Actor kNormalForward 2199023255793
I1013 15:23:48.283846 17079 runtime_context.cpp:29] DecreaseCounter constructing_actor_cnt, current val is 25
I1013 15:23:48.283996 17079 naive_actor.cpp:25] actor 2199023255782 switch to &NaiveActor::HandlerNormal
I1013 15:23:48.284013 17079 thread.cpp:96] Thread 1048576 construct Actor kNormalForward 2199023255782
I1013 15:23:48.284039 17079 runtime_context.cpp:29] DecreaseCounter constructing_actor_cnt, current val is 24
I1013 15:23:48.284170 17079 naive_actor.cpp:25] actor 2199023255778 switch to &NaiveActor::HandlerNormal
I1013 15:23:48.284186 17079 thread.cpp:96] Thread 1048576 construct Actor kNormalForward 2199023255778
I1013 15:23:48.284211 17079 runtime_context.cpp:29] DecreaseCounter constructing_actor_cnt, current val is 23
I1013 15:23:48.284386 17079 naive_actor.cpp:25] actor 2199023255794 switch to &NaiveActor::HandlerNormal
I1013 15:23:48.284420 17079 thread.cpp:96] Thread 1048576 construct Actor kNormalForward 2199023255794
I1013 15:23:48.284449 17079 runtime_context.cpp:29] DecreaseCounter constructing_actor_cnt, current val is 22
I1013 15:23:48.284615 17079 naive_actor.cpp:25] actor 2199023255798 switch to &NaiveActor::HandlerNormal
I1013 15:23:48.284633 17079 thread.cpp:96] Thread 1048576 construct Actor kNormalForward 2199023255798
I1013 15:23:48.284662 17079 runtime_context.cpp:29] DecreaseCounter constructing_actor_cnt, current val is 21
I1013 15:23:48.284807 17079 naive_actor.cpp:25] actor 2199023255802 switch to &NaiveActor::HandlerNormal
I1013 15:23:48.284826 17079 thread.cpp:96] Thread 1048576 construct Actor kNormalForward 2199023255802
I1013 15:23:48.284868 17079 runtime_context.cpp:29] DecreaseCounter constructing_actor_cnt, current val is 20
I1013 15:23:48.285015 17079 naive_actor.cpp:25] actor 2199023255797 switch to &NaiveActor::HandlerNormal
I1013 15:23:48.285032 17079 thread.cpp:96] Thread 1048576 construct Actor kNormalForward 2199023255797
I1013 15:23:48.285058 17079 runtime_context.cpp:29] DecreaseCounter constructing_actor_cnt, current val is 19
I1013 15:23:48.285187 17079 naive_actor.cpp:25] actor 2199023255799 switch to &NaiveActor::HandlerNormal
I1013 15:23:48.285203 17079 thread.cpp:96] Thread 1048576 construct Actor kNormalForward 2199023255799
I1013 15:23:48.285229 17079 runtime_context.cpp:29] DecreaseCounter constructing_actor_cnt, current val is 18
I1013 15:23:48.285362 17079 naive_actor.cpp:25] actor 2199023255801 switch to &NaiveActor::HandlerNormal
I1013 15:23:48.285377 17079 thread.cpp:96] Thread 1048576 construct Actor kNormalForward 2199023255801
I1013 15:23:48.285403 17079 runtime_context.cpp:29] DecreaseCounter constructing_actor_cnt, current val is 17
I1013 15:23:48.285535 17079 naive_actor.cpp:25] actor 2199023255800 switch to &NaiveActor::HandlerNormal
I1013 15:23:48.285552 17079 thread.cpp:96] Thread 1048576 construct Actor kNormalForward 2199023255800
I1013 15:23:48.285583 17079 runtime_context.cpp:29] DecreaseCounter constructing_actor_cnt, current val is 16
I1013 15:23:48.285719 17079 naive_actor.cpp:25] actor 2199023255803 switch to &NaiveActor::HandlerNormal
I1013 15:23:48.285737 17079 thread.cpp:96] Thread 1048576 construct Actor kNormalForward 2199023255803
I1013 15:23:48.285763 17079 runtime_context.cpp:29] DecreaseCounter constructing_actor_cnt, current val is 15
I1013 15:23:48.285892 17079 naive_actor.cpp:25] actor 2199023255795 switch to &NaiveActor::HandlerNormal
I1013 15:23:48.285908 17079 thread.cpp:96] Thread 1048576 construct Actor kNormalForward 2199023255795
I1013 15:23:48.285934 17079 runtime_context.cpp:29] DecreaseCounter constructing_actor_cnt, current val is 14
I1013 15:23:48.286065 17079 naive_actor.cpp:25] actor 2199023255796 switch to &NaiveActor::HandlerNormal
I1013 15:23:48.286080 17079 thread.cpp:96] Thread 1048576 construct Actor kNormalForward 2199023255796
I1013 15:23:48.286105 17079 runtime_context.cpp:29] DecreaseCounter constructing_actor_cnt, current val is 13
I1013 15:23:48.286237 17079 naive_actor.cpp:25] actor 2199023255804 switch to &NaiveActor::HandlerNormal
I1013 15:23:48.286253 17079 thread.cpp:96] Thread 1048576 construct Actor kNormalForward 2199023255804
I1013 15:23:48.286279 17079 runtime_context.cpp:29] DecreaseCounter constructing_actor_cnt, current val is 12
I1013 15:23:48.286412 17079 naive_actor.cpp:25] actor 2199023255809 switch to &NaiveActor::HandlerNormal
I1013 15:23:48.286427 17079 thread.cpp:96] Thread 1048576 construct Actor kNormalForward 2199023255809
I1013 15:23:48.286453 17079 runtime_context.cpp:29] DecreaseCounter constructing_actor_cnt, current val is 11
I1013 15:23:48.286603 17079 naive_actor.cpp:25] actor 2199023255789 switch to &NaiveActor::HandlerNormal
I1013 15:23:48.286620 17079 thread.cpp:96] Thread 1048576 construct Actor kNormalForward 2199023255789
I1013 15:23:48.286665 17079 runtime_context.cpp:29] DecreaseCounter constructing_actor_cnt, current val is 10
I1013 15:23:48.286835 17079 naive_actor.cpp:25] actor 2199023255813 switch to &NaiveActor::HandlerNormal
I1013 15:23:48.286867 17079 thread.cpp:96] Thread 1048576 construct Actor kNormalForward 2199023255813
I1013 15:23:48.286911 17079 runtime_context.cpp:29] DecreaseCounter constructing_actor_cnt, current val is 9
I1013 15:23:48.287053 17079 naive_actor.cpp:25] actor 2199023255811 switch to &NaiveActor::HandlerNormal
I1013 15:23:48.287070 17079 thread.cpp:96] Thread 1048576 construct Actor kNormalForward 2199023255811
I1013 15:23:48.287109 17079 runtime_context.cpp:29] DecreaseCounter constructing_actor_cnt, current val is 8
I1013 15:23:48.287266 17079 naive_actor.cpp:25] actor 2199023255815 switch to &NaiveActor::HandlerNormal
I1013 15:23:48.287283 17079 thread.cpp:96] Thread 1048576 construct Actor kDeviceTick 2199023255815
I1013 15:23:48.287308 17079 runtime_context.cpp:29] DecreaseCounter constructing_actor_cnt, current val is 7
I1013 15:23:48.287442 17079 naive_actor.cpp:25] actor 2199023255805 switch to &NaiveActor::HandlerNormal
I1013 15:23:48.287458 17079 thread.cpp:96] Thread 1048576 construct Actor kNormalForward 2199023255805
I1013 15:23:48.287484 17079 runtime_context.cpp:29] DecreaseCounter constructing_actor_cnt, current val is 6
I1013 15:23:48.287653 17079 naive_actor.cpp:25] actor 2199023255808 switch to &NaiveActor::HandlerNormal
I1013 15:23:48.287670 17079 thread.cpp:96] Thread 1048576 construct Actor kNormalForward 2199023255808
I1013 15:23:48.287698 17079 runtime_context.cpp:29] DecreaseCounter constructing_actor_cnt, current val is 5
I1013 15:23:48.287842 17079 naive_actor.cpp:25] actor 2199023255807 switch to &NaiveActor::HandlerNormal
I1013 15:23:48.287873 17079 thread.cpp:96] Thread 1048576 construct Actor kNormalForward 2199023255807
I1013 15:23:48.287899 17079 runtime_context.cpp:29] DecreaseCounter constructing_actor_cnt, current val is 4
I1013 15:23:48.288050 17079 naive_actor.cpp:25] actor 2199023255812 switch to &NaiveActor::HandlerNormal
I1013 15:23:48.288066 17079 thread.cpp:96] Thread 1048576 construct Actor kNormalForward 2199023255812
I1013 15:23:48.288092 17079 runtime_context.cpp:29] DecreaseCounter constructing_actor_cnt, current val is 3
I1013 15:23:48.288228 17079 naive_actor.cpp:25] actor 2199023255810 switch to &NaiveActor::HandlerNormal
I1013 15:23:48.288244 17079 thread.cpp:96] Thread 1048576 construct Actor kNormalForward 2199023255810
I1013 15:23:48.288269 17079 runtime_context.cpp:29] DecreaseCounter constructing_actor_cnt, current val is 2
I1013 15:23:48.288403 17079 naive_actor.cpp:25] actor 2199023255806 switch to &NaiveActor::HandlerNormal
I1013 15:23:48.288419 17079 thread.cpp:96] Thread 1048576 construct Actor kNormalForward 2199023255806
I1013 15:23:48.288444 17079 runtime_context.cpp:29] DecreaseCounter constructing_actor_cnt, current val is 1
I1013 15:23:48.288600 17079 naive_actor.cpp:25] actor 2199023255787 switch to &NaiveActor::HandlerNormal
I1013 15:23:48.288617 17079 thread.cpp:96] Thread 1048576 construct Actor kNormalForward 2199023255787
I1013 15:23:48.288648 17079 runtime_context.cpp:29] DecreaseCounter constructing_actor_cnt, current val is 0
I1013 15:23:48.290618 16403 runtime.cpp:93] Actors on this machine constructed
I1013 15:23:48.290750 16403 runtime.cpp:95] Actors on every machine constructed
I1013 15:23:48.290786 16403 runtime_context.cpp:21] NewCounter job_5_running_actor_count 41
I1013 15:23:48.290805 16403 runtime_context.cpp:21] NewCounter job_4_running_actor_count 16
I1013 15:23:48.290822 16403 runtime_context.cpp:21] NewCounter job_3_running_actor_count 51
I1013 15:23:48.290839 16403 runtime_context.cpp:21] NewCounter job_2_running_actor_count 51
I1013 15:23:48.290856 16403 runtime_context.cpp:21] NewCounter job_0_running_actor_count 179
I1013 15:23:48.290872 16403 runtime_context.cpp:21] NewCounter job_1_running_actor_count 50
I1013 15:23:48.290964 17066 wait_and_send_ids_actor.cpp:73] actor 1099616485376 switch to &WaitAndSendIdsActor::HandlerNormal
I1013 15:23:48.291254 16403 global.h:36] NewGlobal N7oneflow7JobDescE
I1013 15:23:48.317744 16403 global.h:43] DeleteGlobal N7oneflow7JobDescE
I1013 15:23:56.420413 16403 global.h:43] DeleteGlobal N7oneflow7OneflowE
I1013 15:23:56.420866 17066 actor.cpp:411] actor 1099616485376 switch to &Actor::HandlerZombie
I1013 15:23:56.420884 17065 actor.cpp:411] actor 1099614388283 switch to &Actor::HandlerZombie
I1013 15:23:56.421010 17066 thread.cpp:76] thread 524338 deconstruct actor 1099616485376
I1013 15:23:56.421016 17065 actor.cpp:408] actor 1099614388284 switch to nullptr
I1013 15:23:56.421064 17065 thread.cpp:76] thread 524337 deconstruct actor 1099614388284
I1013 15:23:56.421329 17066 runtime_context.cpp:29] DecreaseCounter job_5_running_actor_count, current val is 40
I1013 15:23:56.421499 17065 runtime_context.cpp:29] DecreaseCounter job_5_running_actor_count, current val is 39
I1013 15:23:56.421541 17065 actor.cpp:408] actor 1099614388301 switch to nullptr
I1013 15:23:56.421559 17065 thread.cpp:76] thread 524337 deconstruct actor 1099614388301
I1013 15:23:56.421716 17065 runtime_context.cpp:29] DecreaseCounter job_5_running_actor_count, current val is 38
I1013 15:23:56.421747 17065 actor.cpp:408] actor 1099614388309 switch to nullptr
I1013 15:23:56.421763 17065 thread.cpp:76] thread 524337 deconstruct actor 1099614388309
I1013 15:23:56.421908 17065 runtime_context.cpp:29] DecreaseCounter job_5_running_actor_count, current val is 37
I1013 15:23:56.421936 17065 actor.cpp:408] actor 1099614388305 switch to nullptr
I1013 15:23:56.421950 17065 thread.cpp:76] thread 524337 deconstruct actor 1099614388305
I1013 15:23:56.422066 17065 runtime_context.cpp:29] DecreaseCounter job_5_running_actor_count, current val is 36
I1013 15:23:56.422096 17065 actor.cpp:408] actor 1099614388285 switch to nullptr
I1013 15:23:56.422111 17065 thread.cpp:76] thread 524337 deconstruct actor 1099614388285
I1013 15:23:56.422237 17065 runtime_context.cpp:29] DecreaseCounter job_5_running_actor_count, current val is 35
I1013 15:23:56.422266 17065 actor.cpp:408] actor 1099614388289 switch to nullptr
I1013 15:23:56.422281 17065 thread.cpp:76] thread 524337 deconstruct actor 1099614388289
I1013 15:23:56.422418 17065 runtime_context.cpp:29] DecreaseCounter job_5_running_actor_count, current val is 34
I1013 15:23:56.422446 17065 actor.cpp:408] actor 1099614388293 switch to nullptr
I1013 15:23:56.422462 17065 thread.cpp:76] thread 524337 deconstruct actor 1099614388293
I1013 15:23:56.422597 17065 runtime_context.cpp:29] DecreaseCounter job_5_running_actor_count, current val is 33
I1013 15:23:56.422628 17065 actor.cpp:408] actor 1099614388297 switch to nullptr
I1013 15:23:56.422643 17065 thread.cpp:76] thread 524337 deconstruct actor 1099614388297
I1013 15:23:56.422770 17065 runtime_context.cpp:29] DecreaseCounter job_5_running_actor_count, current val is 32
I1013 15:23:56.422796 17065 actor.cpp:408] actor 1099614388302 switch to nullptr
I1013 15:23:56.422812 17065 thread.cpp:76] thread 524337 deconstruct actor 1099614388302
I1013 15:23:56.422930 17065 runtime_context.cpp:29] DecreaseCounter job_5_running_actor_count, current val is 31
I1013 15:23:56.422955 17065 actor.cpp:408] actor 1099614388310 switch to nullptr
I1013 15:23:56.422971 17065 thread.cpp:76] thread 524337 deconstruct actor 1099614388310
I1013 15:23:56.423091 17065 runtime_context.cpp:29] DecreaseCounter job_5_running_actor_count, current val is 30
I1013 15:23:56.423116 17065 actor.cpp:408] actor 1099614388306 switch to nullptr
I1013 15:23:56.423137 17065 thread.cpp:76] thread 524337 deconstruct actor 1099614388306
I1013 15:23:56.423254 17065 runtime_context.cpp:29] DecreaseCounter job_5_running_actor_count, current val is 29
I1013 15:23:56.423281 17065 actor.cpp:408] actor 1099614388286 switch to nullptr
I1013 15:23:56.423297 17065 thread.cpp:76] thread 524337 deconstruct actor 1099614388286
I1013 15:23:56.423422 17065 runtime_context.cpp:29] DecreaseCounter job_5_running_actor_count, current val is 28
I1013 15:23:56.423447 17065 actor.cpp:408] actor 1099614388290 switch to nullptr
I1013 15:23:56.423691 17065 thread.cpp:76] thread 524337 deconstruct actor 1099614388290
I1013 15:23:56.423898 17065 runtime_context.cpp:29] DecreaseCounter job_5_running_actor_count, current val is 27
I1013 15:23:56.423943 17065 actor.cpp:408] actor 1099614388294 switch to nullptr
I1013 15:23:56.423961 17065 thread.cpp:76] thread 524337 deconstruct actor 1099614388294
I1013 15:23:56.424091 17065 runtime_context.cpp:29] DecreaseCounter job_5_running_actor_count, current val is 26
I1013 15:23:56.424121 17065 actor.cpp:408] actor 1099614388298 switch to nullptr
I1013 15:23:56.424137 17065 thread.cpp:76] thread 524337 deconstruct actor 1099614388298
I1013 15:23:56.424263 17065 runtime_context.cpp:29] DecreaseCounter job_5_running_actor_count, current val is 25
I1013 15:23:56.424291 17065 actor.cpp:408] actor 1099614388263 switch to nullptr
I1013 15:23:56.424307 17065 thread.cpp:76] thread 524337 deconstruct actor 1099614388263
I1013 15:23:56.424430 17065 runtime_context.cpp:29] DecreaseCounter job_3_running_actor_count, current val is 50
I1013 15:23:56.424455 17065 actor.cpp:408] actor 1099614388279 switch to nullptr
I1013 15:23:56.424471 17065 thread.cpp:76] thread 524337 deconstruct actor 1099614388279
I1013 15:23:56.424608 17065 runtime_context.cpp:29] DecreaseCounter job_4_running_actor_count, current val is 15
I1013 15:23:56.424638 17065 actor.cpp:408] actor 1099614388271 switch to nullptr
I1013 15:23:56.424654 17065 thread.cpp:76] thread 524337 deconstruct actor 1099614388271
I1013 15:23:56.424782 17065 runtime_context.cpp:29] DecreaseCounter job_4_running_actor_count, current val is 14
I1013 15:23:56.424810 17065 actor.cpp:408] actor 1099614388228 switch to nullptr
I1013 15:23:56.424825 17065 thread.cpp:76] thread 524337 deconstruct actor 1099614388228
I1013 15:23:56.424949 17065 runtime_context.cpp:29] DecreaseCounter job_0_running_actor_count, current val is 178
I1013 15:23:56.424978 17065 actor.cpp:408] actor 1099614388236 switch to nullptr
I1013 15:23:56.424993 17065 thread.cpp:76] thread 524337 deconstruct actor 1099614388236
I1013 15:23:56.425122 17065 runtime_context.cpp:29] DecreaseCounter job_0_running_actor_count, current val is 177
I1013 15:23:56.425150 17065 actor.cpp:408] actor 1099614388245 switch to nullptr
I1013 15:23:56.425165 17065 thread.cpp:76] thread 524337 deconstruct actor 1099614388245
I1013 15:23:56.425292 17065 runtime_context.cpp:29] DecreaseCounter job_1_running_actor_count, current val is 49
I1013 15:23:56.425320 17065 actor.cpp:408] actor 1099614388254 switch to nullptr
I1013 15:23:56.425335 17065 thread.cpp:76] thread 524337 deconstruct actor 1099614388254
I1013 15:23:56.425457 17065 runtime_context.cpp:29] DecreaseCounter job_2_running_actor_count, current val is 50
I1013 15:23:56.425495 17065 actor.cpp:408] actor 1099614388260 switch to nullptr
I1013 15:23:56.425511 17065 thread.cpp:76] thread 524337 deconstruct actor 1099614388260
I1013 15:23:56.425659 17065 runtime_context.cpp:29] DecreaseCounter job_3_running_actor_count, current val is 49
I1013 15:23:56.425674 17079 actor.cpp:408] actor 2199023255815 switch to nullptr
I1013 15:23:56.425688 17065 actor.cpp:408] actor 1099614388277 switch to nullptr
I1013 15:23:56.425736 17079 thread.cpp:76] thread 1048576 deconstruct actor 2199023255815
I1013 15:23:56.425768 17065 thread.cpp:76] thread 524337 deconstruct actor 1099614388277
I1013 15:23:56.425946 17065 runtime_context.cpp:29] DecreaseCounter job_4_running_actor_count, current val is 13
I1013 15:23:56.425961 17079 runtime_context.cpp:29] DecreaseCounter job_3_running_actor_count, current val is 48
I1013 15:23:56.425976 17065 actor.cpp:408] actor 1099614388268 switch to nullptr
I1013 15:23:56.426175 17065 thread.cpp:76] thread 524337 deconstruct actor 1099614388268
I1013 15:23:56.426177 17079 actor.cpp:408] actor 2199023255813 switch to nullptr
I1013 15:23:56.426244 17079 thread.cpp:76] thread 1048576 deconstruct actor 2199023255813
I1013 15:23:56.426316 17065 runtime_context.cpp:29] DecreaseCounter job_4_running_actor_count, current val is 12
I1013 15:23:56.426379 17065 actor.cpp:408] actor 1099614388225 switch to nullptr
I1013 15:23:56.426388 17079 runtime_context.cpp:29] DecreaseCounter job_3_running_actor_count, current val is 47
I1013 15:23:56.426465 17065 thread.cpp:76] thread 524337 deconstruct actor 1099614388225
I1013 15:23:56.426544 17079 actor.cpp:408] actor 2199023255812 switch to nullptr
I1013 15:23:56.426676 17079 thread.cpp:76] thread 1048576 deconstruct actor 2199023255812
I1013 15:23:56.426824 17079 runtime_context.cpp:29] DecreaseCounter job_3_running_actor_count, current val is 46
I1013 15:23:56.426829 17065 runtime_context.cpp:29] DecreaseCounter job_0_running_actor_count, current val is 176
I1013 15:23:56.426885 17079 actor.cpp:408] actor 2199023255809 switch to nullptr
I1013 15:23:56.426975 17065 actor.cpp:408] actor 1099614388234 switch to nullptr
I1013 15:23:56.426987 17079 thread.cpp:76] thread 1048576 deconstruct actor 2199023255809
I1013 15:23:56.427029 17065 thread.cpp:76] thread 524337 deconstruct actor 1099614388234
I1013 15:23:56.427158 17079 runtime_context.cpp:29] DecreaseCounter job_3_running_actor_count, current val is 45
I1013 15:23:56.427213 17079 actor.cpp:408] actor 2199023255805 switch to nullptr
I1013 15:23:56.427246 17079 thread.cpp:76] thread 1048576 deconstruct actor 2199023255805
I1013 15:23:56.427250 17065 runtime_context.cpp:29] DecreaseCounter job_0_running_actor_count, current val is 175
I1013 15:23:56.427333 17065 actor.cpp:408] actor 1099614388242 switch to nullptr
I1013 15:23:56.427367 17065 thread.cpp:76] thread 524337 deconstruct actor 1099614388242
I1013 15:23:56.427374 17079 runtime_context.cpp:29] DecreaseCounter job_3_running_actor_count, current val is 44
I1013 15:23:56.427450 17079 actor.cpp:408] actor 2199023255804 switch to nullptr
I1013 15:23:56.427484 17079 thread.cpp:76] thread 1048576 deconstruct actor 2199023255804
I1013 15:23:56.427537 17065 runtime_context.cpp:29] DecreaseCounter job_1_running_actor_count, current val is 48
I1013 15:23:56.427598 17065 actor.cpp:408] actor 1099614388251 switch to nullptr
I1013 15:23:56.427611 17079 runtime_context.cpp:29] DecreaseCounter job_3_running_actor_count, current val is 43
I1013 15:23:56.427634 17065 thread.cpp:76] thread 524337 deconstruct actor 1099614388251
I1013 15:23:56.427687 17079 actor.cpp:408] actor 2199023255803 switch to nullptr
I1013 15:23:56.427732 17079 thread.cpp:76] thread 1048576 deconstruct actor 2199023255803
I1013 15:23:56.427839 17065 runtime_context.cpp:29] DecreaseCounter job_2_running_actor_count, current val is 49
I1013 15:23:56.427863 17079 runtime_context.cpp:29] DecreaseCounter job_3_running_actor_count, current val is 42
I1013 15:23:56.427898 17065 actor.cpp:411] actor 1099614388264 switch to &Actor::HandlerZombie
I1013 15:23:56.427935 17079 actor.cpp:408] actor 2199023255802 switch to nullptr
I1013 15:23:56.427970 17065 actor.cpp:408] actor 1099614388259 switch to nullptr
I1013 15:23:56.427985 17079 thread.cpp:76] thread 1048576 deconstruct actor 2199023255802
I1013 15:23:56.428015 17065 thread.cpp:76] thread 524337 deconstruct actor 1099614388259
I1013 15:23:56.428040 17061 actor.cpp:408] actor 1099549376512 switch to nullptr
I1013 15:23:56.428159 17081 actor.cpp:408] actor 2199025352710 switch to nullptr
I1013 15:23:56.428076 17062 actor.cpp:411] actor 1099551473664 switch to &Actor::HandlerZombie
I1013 15:23:56.428156 17079 runtime_context.cpp:29] DecreaseCounter job_3_running_actor_count, current val is 41
I1013 15:23:56.428071 17060 actor.cpp:408] actor 1099547279360 switch to nullptr
I1013 15:23:56.428176 17061 thread.cpp:76] thread 524306 deconstruct actor 1099549376512
I1013 15:23:56.428211 17065 runtime_context.cpp:29] DecreaseCounter job_3_running_actor_count, current val is 40
I1013 15:23:56.428236 17081 thread.cpp:76] thread 1048577 deconstruct actor 2199025352710
I1013 15:23:56.428304 17062 thread.cpp:76] thread 524307 deconstruct actor 1099551473664
I1013 15:23:56.428352 17079 actor.cpp:408] actor 2199023255801 switch to nullptr
I1013 15:23:56.428375 17060 thread.cpp:76] thread 524305 deconstruct actor 1099547279360
I1013 15:23:56.428431 17065 actor.cpp:411] actor 1099614388280 switch to &Actor::HandlerZombie
I1013 15:23:56.428496 17079 thread.cpp:76] thread 1048576 deconstruct actor 2199023255801
I1013 15:23:56.428526 17081 runtime_context.cpp:29] DecreaseCounter job_3_running_actor_count, current val is 39
I1013 15:23:56.428675 17064 actor.cpp:411] actor 1099555667968 switch to &Actor::HandlerZombie
I1013 15:23:56.428637 17065 actor.cpp:408] actor 1099614388275 switch to nullptr
I1013 15:23:56.428664 17062 runtime_context.cpp:29] DecreaseCounter job_3_running_actor_count, current val is 37
I1013 15:23:56.428537 17061 runtime_context.cpp:29] DecreaseCounter job_3_running_actor_count, current val is 38
I1013 15:23:56.428706 17063 actor.cpp:411] actor 1099553570816 switch to &Actor::HandlerZombie
I1013 15:23:56.428730 17060 runtime_context.cpp:29] DecreaseCounter job_3_running_actor_count, current val is 36
I1013 15:23:56.428735 17079 runtime_context.cpp:29] DecreaseCounter job_3_running_actor_count, current val is 35
I1013 15:23:56.429280 17079 actor.cpp:408] actor 2199023255800 switch to nullptr
I1013 15:23:56.428797 17065 thread.cpp:76] thread 524337 deconstruct actor 1099614388275
I1013 15:23:56.428778 17064 thread.cpp:76] thread 524309 deconstruct actor 1099555667968
I1013 15:23:56.429317 17079 thread.cpp:76] thread 1048576 deconstruct actor 2199023255800
I1013 15:23:56.429486 17065 runtime_context.cpp:29] DecreaseCounter job_4_running_actor_count, current val is 11
I1013 15:23:56.429517 17065 actor.cpp:411] actor 1099614388272 switch to &Actor::HandlerZombie
I1013 15:23:56.429520 17079 runtime_context.cpp:29] DecreaseCounter job_3_running_actor_count, current val is 34
I1013 15:23:56.429545 17065 actor.cpp:408] actor 1099614388267 switch to nullptr
I1013 15:23:56.429563 17064 runtime_context.cpp:29] DecreaseCounter job_4_running_actor_count, current val is 10
I1013 15:23:56.429600 17063 thread.cpp:76] thread 524308 deconstruct actor 1099553570816
I1013 15:23:56.429606 17065 thread.cpp:76] thread 524337 deconstruct actor 1099614388267
I1013 15:23:56.429585 17079 actor.cpp:408] actor 2199023255799 switch to nullptr
I1013 15:23:56.429698 17079 thread.cpp:76] thread 1048576 deconstruct actor 2199023255799
I1013 15:23:56.429800 17079 runtime_context.cpp:29] DecreaseCounter job_3_running_actor_count, current val is 33
I1013 15:23:56.429816 17065 runtime_context.cpp:29] DecreaseCounter job_4_running_actor_count, current val is 9
I1013 15:23:56.429839 17079 actor.cpp:408] actor 2199023255798 switch to nullptr
I1013 15:23:56.429864 17079 thread.cpp:76] thread 1048576 deconstruct actor 2199023255798
I1013 15:23:56.429848 17065 actor.cpp:411] actor 1099614388229 switch to &Actor::HandlerZombie
I1013 15:23:56.429834 17063 runtime_context.cpp:29] DecreaseCounter job_4_running_actor_count, current val is 8
I1013 15:23:56.429939 17065 actor.cpp:408] actor 1099614388224 switch to nullptr
I1013 15:23:56.429962 17065 thread.cpp:76] thread 524337 deconstruct actor 1099614388224
I1013 15:23:56.429972 17079 runtime_context.cpp:29] DecreaseCounter job_3_running_actor_count, current val is 32
I1013 15:23:56.430011 17079 actor.cpp:408] actor 2199023255797 switch to nullptr
I1013 15:23:56.430028 17079 thread.cpp:76] thread 1048576 deconstruct actor 2199023255797
I1013 15:23:56.430032 17049 actor.cpp:408] actor 1099524210688 switch to nullptr
I1013 15:23:56.430423 17049 thread.cpp:76] thread 524294 deconstruct actor 1099524210688
I1013 15:23:56.430128 17047 actor.cpp:408] actor 1099520016384 switch to nullptr
I1013 15:23:56.430131 17043 actor.cpp:408] actor 1099511627776 switch to nullptr
I1013 15:23:56.430156 17065 runtime_context.cpp:29] DecreaseCounter job_0_running_actor_count, current val is 174
I1013 15:23:56.430160 17052 actor.cpp:411] actor 1099530502144 switch to &Actor::HandlerZombie
I1013 15:23:56.430168 17050 actor.cpp:408] actor 1099526307840 switch to nullptr
I1013 15:23:56.430239 17079 runtime_context.cpp:29] DecreaseCounter job_3_running_actor_count, current val is 31
I1013 15:23:56.430256 17046 actor.cpp:408] actor 1099517919232 switch to nullptr
I1013 15:23:56.430857 17046 thread.cpp:76] thread 524291 deconstruct actor 1099517919232
I1013 15:23:56.430270 17044 actor.cpp:408] actor 1099513724928 switch to nullptr
I1013 15:23:56.431022 17044 thread.cpp:76] thread 524289 deconstruct actor 1099513724928
I1013 15:23:56.430292 17053 actor.cpp:408] actor 1099532599296 switch to nullptr
I1013 15:23:56.431113 17053 thread.cpp:76] thread 524298 deconstruct actor 1099532599296
I1013 15:23:56.430294 17051 actor.cpp:408] actor 1099528404992 switch to nullptr
I1013 15:23:56.430092 17081 actor.cpp:408] actor 2199025352704 switch to nullptr
I1013 15:23:56.431250 17081 thread.cpp:76] thread 1048577 deconstruct actor 2199025352704
I1013 15:23:56.430538 17047 thread.cpp:76] thread 524292 deconstruct actor 1099520016384
I1013 15:23:56.430595 17043 thread.cpp:76] thread 524288 deconstruct actor 1099511627776
I1013 15:23:56.430637 17065 actor.cpp:411] actor 1099614388237 switch to &Actor::HandlerZombie
I1013 15:23:56.431427 17065 actor.cpp:408] actor 1099614388232 switch to nullptr
I1013 15:23:56.431453 17065 thread.cpp:76] thread 524337 deconstruct actor 1099614388232
I1013 15:23:56.431476 17053 runtime_context.cpp:29] DecreaseCounter job_0_running_actor_count, current val is 169
I1013 15:23:56.431526 17047 runtime_context.cpp:29] DecreaseCounter job_0_running_actor_count, current val is 168
I1013 15:23:56.430727 17050 thread.cpp:76] thread 524295 deconstruct actor 1099526307840
I1013 15:23:56.430768 17079 actor.cpp:408] actor 2199023255796 switch to nullptr
I1013 15:23:56.430265 17045 actor.cpp:408] actor 1099515822080 switch to nullptr
I1013 15:23:56.431188 17051 thread.cpp:76] thread 524296 deconstruct actor 1099528404992
I1013 15:23:56.431226 17046 runtime_context.cpp:29] DecreaseCounter job_0_running_actor_count, current val is 172
I1013 15:23:56.431330 17044 runtime_context.cpp:29] DecreaseCounter job_0_running_actor_count, current val is 171
I1013 15:23:56.431383 17081 runtime_context.cpp:29] DecreaseCounter job_0_running_actor_count, current val is 170
I1013 15:23:56.432062 17051 runtime_context.cpp:29] DecreaseCounter job_0_running_actor_count, current val is 165
I1013 15:23:56.430686 17052 thread.cpp:76] thread 524297 deconstruct actor 1099530502144
I1013 15:23:56.430691 17049 runtime_context.cpp:29] DecreaseCounter job_0_running_actor_count, current val is 173
I1013 15:23:56.431496 17048 actor.cpp:411] actor 1099522113536 switch to &Actor::HandlerZombie
