I1012 17:33:29.672994 24464 naive_actor.cpp:25] actor 1099614388248 switch to &NaiveActor::HandlerNormal
I1012 17:33:29.674888 24424 runtime_context.cpp:29] DecreaseCounter constructing_actor_cnt, current val is 666
I1012 17:33:29.675518 24464 thread.cpp:96] Thread 524337 construct Actor kTick 1099614388248
I1012 17:33:29.675918 24464 runtime_context.cpp:29] DecreaseCounter constructing_actor_cnt, current val is 664
I1012 17:33:29.685796 24529 naive_actor.cpp:25] actor 2207613190334 switch to &NaiveActor::HandlerNormal
I1012 17:33:29.685992 24529 thread.cpp:96] Thread 1052672 construct Actor kNormalForward 2207613190334
I1012 17:33:29.686153 24529 runtime_context.cpp:29] DecreaseCounter constructing_actor_cnt, current val is 663
I1012 17:33:29.686234 24464 naive_actor.cpp:25] actor 1099614388250 switch to &NaiveActor::HandlerNormal
I1012 17:33:29.686352 24464 thread.cpp:96] Thread 524337 construct Actor kSrcSubsetTick 1099614388250
I1012 17:33:29.686455 24464 runtime_context.cpp:29] DecreaseCounter constructing_actor_cnt, current val is 662
I1012 17:33:29.687383 24464 naive_actor.cpp:25] actor 1099614388253 switch to &NaiveActor::HandlerNormal
I1012 17:33:29.687604 24464 thread.cpp:96] Thread 524337 construct Actor kTick 1099614388253
I1012 17:33:29.687727 24464 runtime_context.cpp:29] DecreaseCounter constructing_actor_cnt, current val is 661
I1012 17:33:29.688319 24464 naive_actor.cpp:25] actor 1099614388255 switch to &NaiveActor::HandlerNormal
I1012 17:33:29.688499 24464 thread.cpp:96] Thread 524337 construct Actor kTick 1099614388255
I1012 17:33:29.688619 24464 runtime_context.cpp:29] DecreaseCounter constructing_actor_cnt, current val is 660
I1012 17:33:29.689244 24464 naive_actor.cpp:25] actor 1099614388249 switch to &NaiveActor::HandlerNormal
I1012 17:33:29.689328 24464 thread.cpp:96] Thread 524337 construct Actor kDeviceTick 1099614388249
I1012 17:33:29.689438 24464 runtime_context.cpp:29] DecreaseCounter constructing_actor_cnt, current val is 659
I1012 17:33:29.690115 24505 naive_actor.cpp:25] actor 2199023255589 switch to &NaiveActor::HandlerNormal
I1012 17:33:29.690287 24505 thread.cpp:96] Thread 1048576 construct Actor kNormalForward 2199023255589
I1012 17:33:29.690311 24529 naive_actor.cpp:25] actor 2207613190216 switch to &NaiveActor::HandlerNormal
I1012 17:33:29.690464 24529 thread.cpp:96] Thread 1052672 construct Actor kNormalForward 2207613190216
I1012 17:33:29.690477 24505 runtime_context.cpp:29] DecreaseCounter constructing_actor_cnt, current val is 658
I1012 17:33:29.690582 24529 runtime_context.cpp:29] DecreaseCounter constructing_actor_cnt, current val is 657
I1012 17:33:29.691490 24464 esac_actor.cpp:73] actor 1099614388326 switch to &EsacActor::HandlerNormal
I1012 17:33:29.691602 24464 thread.cpp:96] Thread 524337 construct Actor kEsac 1099614388326
I1012 17:33:29.691715 24464 runtime_context.cpp:29] DecreaseCounter constructing_actor_cnt, current val is 656
I1012 17:33:29.692817 24464 naive_actor.cpp:25] actor 1099614388254 switch to &NaiveActor::HandlerNormal
I1012 17:33:29.692996 24464 thread.cpp:96] Thread 524337 construct Actor kDstSubsetTick 1099614388254
I1012 17:33:29.693126 24464 runtime_context.cpp:29] DecreaseCounter constructing_actor_cnt, current val is 655
I1012 17:33:29.693432 24529 naive_actor.cpp:25] actor 2207613190240 switch to &NaiveActor::HandlerNormal
I1012 17:33:29.693650 24529 thread.cpp:96] Thread 1052672 construct Actor kNormalForward 2207613190240
I1012 17:33:29.693781 24529 runtime_context.cpp:29] DecreaseCounter constructing_actor_cnt, current val is 654
I1012 17:33:29.694416 24464 naive_actor.cpp:25] actor 1099614388264 switch to &NaiveActor::HandlerNormal
I1012 17:33:29.694572 24464 thread.cpp:96] Thread 524337 construct Actor kTick 1099614388264
I1012 17:33:29.694677 24464 runtime_context.cpp:29] DecreaseCounter constructing_actor_cnt, current val is 653
I1012 17:33:29.695211 24464 naive_actor.cpp:25] actor 1099614388257 switch to &NaiveActor::HandlerNormal
I1012 17:33:29.695312 24464 thread.cpp:96] Thread 524337 construct Actor kTick 1099614388257
I1012 17:33:29.695410 24464 runtime_context.cpp:29] DecreaseCounter constructing_actor_cnt, current val is 652
I1012 17:33:29.695753 24505 naive_actor.cpp:25] actor 2199023255613 switch to &NaiveActor::HandlerNormal
I1012 17:33:29.695897 24505 thread.cpp:96] Thread 1048576 construct Actor kNormalForward 2199023255613
I1012 17:33:29.696060 24505 runtime_context.cpp:29] DecreaseCounter constructing_actor_cnt, current val is 651
I1012 17:33:29.696241 24464 naive_actor.cpp:25] actor 1099614388262 switch to &NaiveActor::HandlerNormal
I1012 17:33:29.696341 24464 thread.cpp:96] Thread 524337 construct Actor kTick 1099614388262
I1012 17:33:29.696444 24464 runtime_context.cpp:29] DecreaseCounter constructing_actor_cnt, current val is 650
I1012 17:33:29.697367 24529 naive_actor.cpp:25] actor 2207613190264 switch to &NaiveActor::HandlerNormal
I1012 17:33:29.697471 24529 thread.cpp:96] Thread 1052672 construct Actor kNormalForward 2207613190264
I1012 17:33:29.707535 24464 naive_actor.cpp:25] actor 1099614388259 switch to &NaiveActor::HandlerNormal
I1012 17:33:29.707723 24464 thread.cpp:96] Thread 524337 construct Actor kSrcSubsetTick 1099614388259
I1012 17:33:29.707878 24464 runtime_context.cpp:29] DecreaseCounter constructing_actor_cnt, current val is 648
I1012 17:33:29.708014 24529 runtime_context.cpp:29] DecreaseCounter constructing_actor_cnt, current val is 649
I1012 17:33:29.709177 24529 naive_actor.cpp:25] actor 2207613190288 switch to &NaiveActor::HandlerNormal
I1012 17:33:29.709272 24529 thread.cpp:96] Thread 1052672 construct Actor kNormalForward 2207613190288
I1012 17:33:29.709367 24529 runtime_context.cpp:29] DecreaseCounter constructing_actor_cnt, current val is 647
I1012 17:33:29.709764 24464 naive_actor.cpp:25] actor 1099614388263 switch to &NaiveActor::HandlerNormal
I1012 17:33:29.709862 24464 thread.cpp:96] Thread 524337 construct Actor kDstSubsetTick 1099614388263
I1012 17:33:29.710062 24464 runtime_context.cpp:29] DecreaseCounter constructing_actor_cnt, current val is 646
I1012 17:33:29.710198 24505 naive_actor.cpp:25] actor 2199023255558 switch to &NaiveActor::HandlerNormal
I1012 17:33:29.710549 24529 naive_actor.cpp:25] actor 2207613190312 switch to &NaiveActor::HandlerNormal
I1012 17:33:29.711338 24505 thread.cpp:96] Thread 1048576 construct Actor kNormalForward 2199023255558
I1012 17:33:29.711443 24529 thread.cpp:96] Thread 1052672 construct Actor kNormalForward 2207613190312
I1012 17:33:29.711629 24505 runtime_context.cpp:29] DecreaseCounter constructing_actor_cnt, current val is 645
I1012 17:33:29.711653 24529 runtime_context.cpp:29] DecreaseCounter constructing_actor_cnt, current val is 644
I1012 17:33:29.712049 24464 naive_actor.cpp:25] actor 1099614388316 switch to &NaiveActor::HandlerNormal
I1012 17:33:29.712131 24464 thread.cpp:96] Thread 524337 construct Actor kTick 1099614388316
I1012 17:33:29.712239 24464 runtime_context.cpp:29] DecreaseCounter constructing_actor_cnt, current val is 643
I1012 17:33:29.713096 24464 naive_actor.cpp:25] actor 1099614388258 switch to &NaiveActor::HandlerNormal
I1012 17:33:29.713737 24529 naive_actor.cpp:25] actor 2207613190324 switch to &NaiveActor::HandlerNormal
I1012 17:33:29.713852 24505 naive_actor.cpp:25] actor 2199023255553 switch to &NaiveActor::HandlerNormal
I1012 17:33:29.713965 24505 thread.cpp:96] Thread 1048576 construct Actor kNormalForward 2199023255553
I1012 17:33:29.714192 24505 runtime_context.cpp:29] DecreaseCounter constructing_actor_cnt, current val is 642
I1012 17:33:29.713865 24529 thread.cpp:96] Thread 1052672 construct Actor kNormalForward 2207613190324
I1012 17:33:29.714757 24529 runtime_context.cpp:29] DecreaseCounter constructing_actor_cnt, current val is 641
I1012 17:33:29.713886 24464 thread.cpp:96] Thread 524337 construct Actor kDeviceTick 1099614388258
I1012 17:33:29.715404 24464 runtime_context.cpp:29] DecreaseCounter constructing_actor_cnt, current val is 640
I1012 17:33:29.715553 24505 naive_actor.cpp:25] actor 2199023255557 switch to &NaiveActor::HandlerNormal
I1012 17:33:29.715658 24505 thread.cpp:96] Thread 1048576 construct Actor kNormalForward 2199023255557
I1012 17:33:29.715790 24505 runtime_context.cpp:29] DecreaseCounter constructing_actor_cnt, current val is 639
I1012 17:33:29.716547 24505 naive_actor.cpp:25] actor 2199023255554 switch to &NaiveActor::HandlerNormal
I1012 17:33:29.716679 24505 thread.cpp:96] Thread 1048576 construct Actor kNormalForward 2199023255554
I1012 17:33:29.716709 24464 naive_actor.cpp:25] actor 1099614388265 switch to &NaiveActor::HandlerNormal
I1012 17:33:29.716835 24505 runtime_context.cpp:29] DecreaseCounter constructing_actor_cnt, current val is 638
I1012 17:33:29.717124 24464 thread.cpp:96] Thread 524337 construct Actor kTick 1099614388265
I1012 17:33:29.717579 24464 runtime_context.cpp:29] DecreaseCounter constructing_actor_cnt, current val is 637
I1012 17:33:29.717146 24529 naive_actor.cpp:25] actor 2207613190225 switch to &NaiveActor::HandlerNormal
I1012 17:33:29.717896 24529 thread.cpp:96] Thread 1052672 construct Actor kNormalForward 2207613190225
I1012 17:33:29.718236 24529 runtime_context.cpp:29] DecreaseCounter constructing_actor_cnt, current val is 636
I1012 17:33:29.718672 24464 naive_actor.cpp:25] actor 1099614388274 switch to &NaiveActor::HandlerNormal
I1012 17:33:29.718819 24464 thread.cpp:96] Thread 524337 construct Actor kTick 1099614388274
I1012 17:33:29.719027 24464 runtime_context.cpp:29] DecreaseCounter constructing_actor_cnt, current val is 635
I1012 17:33:29.719642 24505 naive_actor.cpp:25] actor 2199023255564 switch to &NaiveActor::HandlerNormal
I1012 17:33:29.719786 24505 thread.cpp:96] Thread 1048576 construct Actor kNormalForward 2199023255564
I1012 17:33:29.719964 24505 runtime_context.cpp:29] DecreaseCounter constructing_actor_cnt, current val is 634
I1012 17:33:29.720329 24464 naive_actor.cpp:25] actor 1099614388266 switch to &NaiveActor::HandlerNormal
I1012 17:33:29.720700 24464 thread.cpp:96] Thread 524337 construct Actor kTick 1099614388266
I1012 17:33:29.720914 24464 runtime_context.cpp:29] DecreaseCounter constructing_actor_cnt, current val is 633
I1012 17:33:29.721259 24529 naive_actor.cpp:25] actor 2207613190249 switch to &NaiveActor::HandlerNormal
I1012 17:33:29.721345 24529 thread.cpp:96] Thread 1052672 construct Actor kNormalForward 2207613190249
I1012 17:33:29.721451 24529 runtime_context.cpp:29] DecreaseCounter constructing_actor_cnt, current val is 632
I1012 17:33:29.721961 24464 naive_actor.cpp:25] actor 1099614388267 switch to &NaiveActor::HandlerNormal
I1012 17:33:29.722044 24464 thread.cpp:96] Thread 524337 construct Actor kDeviceTick 1099614388267
I1012 17:33:29.722121 24464 runtime_context.cpp:29] DecreaseCounter constructing_actor_cnt, current val is 631
I1012 17:33:29.722643 24505 naive_actor.cpp:25] actor 2199023255578 switch to &NaiveActor::HandlerNormal
I1012 17:33:29.722775 24505 thread.cpp:96] Thread 1048576 construct Actor kNormalForward 2199023255578
I1012 17:33:29.722956 24505 runtime_context.cpp:29] DecreaseCounter constructing_actor_cnt, current val is 630
I1012 17:33:29.723409 24464 naive_actor.cpp:25] actor 1099614388273 switch to &NaiveActor::HandlerNormal
I1012 17:33:29.723665 24464 thread.cpp:96] Thread 524337 construct Actor kTick 1099614388273
I1012 17:33:29.724197 24464 runtime_context.cpp:29] DecreaseCounter constructing_actor_cnt, current val is 629
I1012 17:33:29.724388 24505 naive_actor.cpp:25] actor 2199023255561 switch to &NaiveActor::HandlerNormal
I1012 17:33:29.724674 24529 naive_actor.cpp:25] actor 2207613190273 switch to &NaiveActor::HandlerNormal
I1012 17:33:29.724833 24505 thread.cpp:96] Thread 1048576 construct Actor kNormalForward 2199023255561
I1012 17:33:29.725039 24529 thread.cpp:96] Thread 1052672 construct Actor kNormalForward 2207613190273
I1012 17:33:29.725174 24505 runtime_context.cpp:29] DecreaseCounter constructing_actor_cnt, current val is 628
I1012 17:33:29.725356 24529 runtime_context.cpp:29] DecreaseCounter constructing_actor_cnt, current val is 627
I1012 17:33:29.725685 24464 naive_actor.cpp:25] actor 1099614388313 switch to &NaiveActor::HandlerNormal
I1012 17:33:29.725766 24464 thread.cpp:96] Thread 524337 construct Actor kTick 1099614388313
I1012 17:33:29.725919 24464 runtime_context.cpp:29] DecreaseCounter constructing_actor_cnt, current val is 626
I1012 17:33:29.726395 24529 naive_actor.cpp:25] actor 2207613190146 switch to &NaiveActor::HandlerNormal
I1012 17:33:29.726483 24529 thread.cpp:96] Thread 1052672 construct Actor kNormalForward 2207613190146
I1012 17:33:29.726564 24529 runtime_context.cpp:29] DecreaseCounter constructing_actor_cnt, current val is 625
I1012 17:33:29.726805 24464 naive_actor.cpp:25] actor 1099614388268 switch to &NaiveActor::HandlerNormal
I1012 17:33:29.726959 24464 thread.cpp:96] Thread 524337 construct Actor kSrcSubsetTick 1099614388268
I1012 17:33:29.727053 24464 runtime_context.cpp:29] DecreaseCounter constructing_actor_cnt, current val is 624
I1012 17:33:29.727289 24529 naive_actor.cpp:25] actor 2207613190151 switch to &NaiveActor::HandlerNormal
I1012 17:33:29.727375 24529 thread.cpp:96] Thread 1052672 construct Actor kNormalForward 2207613190151
I1012 17:33:29.727460 24529 runtime_context.cpp:29] DecreaseCounter constructing_actor_cnt, current val is 623
I1012 17:33:29.728005 24464 naive_actor.cpp:25] actor 1099614388272 switch to &NaiveActor::HandlerNormal
I1012 17:33:29.728070 24505 naive_actor.cpp:25] actor 2199023255560 switch to &NaiveActor::HandlerNormal
I1012 17:33:29.728299 24505 thread.cpp:96] Thread 1048576 construct Actor kNormalForward 2199023255560
I1012 17:33:29.728471 24505 runtime_context.cpp:29] DecreaseCounter constructing_actor_cnt, current val is 622
I1012 17:33:29.728186 24464 thread.cpp:96] Thread 524337 construct Actor kDstSubsetTick 1099614388272
I1012 17:33:29.730000 24505 naive_actor.cpp:25] actor 2199023255562 switch to &NaiveActor::HandlerNormal
I1012 17:33:29.730101 24505 thread.cpp:96] Thread 1048576 construct Actor kNormalForward 2199023255562
I1012 17:33:29.730224 24505 runtime_context.cpp:29] DecreaseCounter constructing_actor_cnt, current val is 620
I1012 17:33:29.730161 24464 runtime_context.cpp:29] DecreaseCounter constructing_actor_cnt, current val is 621
I1012 17:33:29.744798 24464 naive_actor.cpp:25] actor 1099614388271 switch to &NaiveActor::HandlerNormal
I1012 17:33:29.745129 24464 thread.cpp:96] Thread 524337 construct Actor kTick 1099614388271
I1012 17:33:29.745364 24464 runtime_context.cpp:29] DecreaseCounter constructing_actor_cnt, current val is 619
I1012 17:33:29.745728 24529 naive_actor.cpp:25] actor 2207613190161 switch to &NaiveActor::HandlerNormal
I1012 17:33:29.746469 24529 thread.cpp:96] Thread 1052672 construct Actor kNormalForward 2207613190161
I1012 17:33:29.746621 24529 runtime_context.cpp:29] DecreaseCounter constructing_actor_cnt, current val is 618
I1012 17:33:29.746692 24505 naive_actor.cpp:25] actor 2199023255552 switch to &NaiveActor::HandlerNormal
I1012 17:33:29.746906 24505 thread.cpp:96] Thread 1048576 construct Actor kNormalForward 2199023255552
I1012 17:33:29.747102 24505 runtime_context.cpp:29] DecreaseCounter constructing_actor_cnt, current val is 617
I1012 17:33:29.747107 24464 naive_actor.cpp:25] actor 1099614388294 switch to &NaiveActor::HandlerNormal
I1012 17:33:29.747145 24529 naive_actor.cpp:25] actor 2207613190185 switch to &NaiveActor::HandlerNormal
I1012 17:33:29.747301 24464 thread.cpp:96] Thread 524337 construct Actor kTick 1099614388294
I1012 17:33:29.747530 24464 runtime_context.cpp:29] DecreaseCounter constructing_actor_cnt, current val is 616
I1012 17:33:29.747628 24529 thread.cpp:96] Thread 1052672 construct Actor kNormalForward 2207613190185
I1012 17:33:29.748023 24529 runtime_context.cpp:29] DecreaseCounter constructing_actor_cnt, current val is 615
I1012 17:33:29.748051 24464 naive_actor.cpp:25] actor 1099614388290 switch to &NaiveActor::HandlerNormal
I1012 17:33:29.748263 24464 thread.cpp:96] Thread 524337 construct Actor kSrcSubsetTick 1099614388290
I1012 17:33:29.748338 24464 runtime_context.cpp:29] DecreaseCounter constructing_actor_cnt, current val is 614
I1012 17:33:29.748611 24505 naive_actor.cpp:25] actor 2199023255567 switch to &NaiveActor::HandlerNormal
I1012 17:33:29.748701 24464 naive_actor.cpp:25] actor 1099614388275 switch to &NaiveActor::HandlerNormal
I1012 17:33:29.748814 24505 thread.cpp:96] Thread 1048576 construct Actor kNormalForward 2199023255567
I1012 17:33:29.748886 24464 thread.cpp:96] Thread 524337 construct Actor kDeviceTick 1099614388275
I1012 17:33:29.749042 24505 runtime_context.cpp:29] DecreaseCounter constructing_actor_cnt, current val is 613
I1012 17:33:29.749066 24464 runtime_context.cpp:29] DecreaseCounter constructing_actor_cnt, current val is 612
I1012 17:33:29.749521 24464 naive_actor.cpp:25] actor 1099614388277 switch to &NaiveActor::HandlerNormal
I1012 17:33:29.749601 24464 thread.cpp:96] Thread 524337 construct Actor kSrcSubsetTick 1099614388277
I1012 17:33:29.750758 24464 runtime_context.cpp:29] DecreaseCounter constructing_actor_cnt, current val is 611
I1012 17:33:29.750856 24529 naive_actor.cpp:25] actor 2207613190152 switch to &NaiveActor::HandlerNormal
I1012 17:33:29.751035 24529 thread.cpp:96] Thread 1052672 construct Actor kNormalForward 2207613190152
I1012 17:33:29.751204 24464 naive_actor.cpp:25] actor 1099614388284 switch to &NaiveActor::HandlerNormal
I1012 17:33:29.751638 24505 naive_actor.cpp:25] actor 2199023255559 switch to &NaiveActor::HandlerNormal
I1012 17:33:29.752691 24464 thread.cpp:96] Thread 524337 construct Actor kTick 1099614388284
I1012 17:33:29.752923 24464 runtime_context.cpp:29] DecreaseCounter constructing_actor_cnt, current val is 609
I1012 17:33:29.752765 24529 runtime_context.cpp:29] DecreaseCounter constructing_actor_cnt, current val is 610
I1012 17:33:29.752802 24505 thread.cpp:96] Thread 1048576 construct Actor kNormalForward 2199023255559
I1012 17:33:29.753247 24505 runtime_context.cpp:29] DecreaseCounter constructing_actor_cnt, current val is 608
I1012 17:33:29.753564 24464 naive_actor.cpp:25] actor 1099614388330 switch to &NaiveActor::HandlerNormal
I1012 17:33:29.753654 24464 thread.cpp:96] Thread 524337 construct Actor kTick 1099614388330
I1012 17:33:29.753758 24464 runtime_context.cpp:29] DecreaseCounter constructing_actor_cnt, current val is 607
I1012 17:33:29.767345 24464 naive_actor.cpp:25] actor 1099614388280 switch to &NaiveActor::HandlerNormal
I1012 17:33:29.767524 24464 thread.cpp:96] Thread 524337 construct Actor kTick 1099614388280
I1012 17:33:29.767665 24464 runtime_context.cpp:29] DecreaseCounter constructing_actor_cnt, current val is 606
I1012 17:33:29.768393 24464 naive_actor.cpp:25] actor 1099614388319 switch to &NaiveActor::HandlerNormal
I1012 17:33:29.768489 24464 thread.cpp:96] Thread 524337 construct Actor kTick 1099614388319
I1012 17:33:29.768584 24464 runtime_context.cpp:29] DecreaseCounter constructing_actor_cnt, current val is 605
I1012 17:33:29.769014 24529 naive_actor.cpp:25] actor 2207613190297 switch to &NaiveActor::HandlerNormal
I1012 17:33:29.769098 24529 thread.cpp:96] Thread 1052672 construct Actor kNormalForward 2207613190297
I1012 17:33:29.769196 24529 runtime_context.cpp:29] DecreaseCounter constructing_actor_cnt, current val is 604
I1012 17:33:29.769204 24505 naive_actor.cpp:25] actor 2199023255575 switch to &NaiveActor::HandlerNormal
I1012 17:33:29.769377 24505 thread.cpp:96] Thread 1048576 construct Actor kNormalForward 2199023255575
I1012 17:33:29.769560 24505 runtime_context.cpp:29] DecreaseCounter constructing_actor_cnt, current val is 603
I1012 17:33:29.769891 24464 naive_actor.cpp:25] actor 1099614388283 switch to &NaiveActor::HandlerNormal
I1012 17:33:29.769985 24464 thread.cpp:96] Thread 524337 construct Actor kTick 1099614388283
I1012 17:33:29.770066 24464 runtime_context.cpp:29] DecreaseCounter constructing_actor_cnt, current val is 602
I1012 17:33:29.770614 24529 naive_actor.cpp:25] actor 2207613190148 switch to &NaiveActor::HandlerNormal
I1012 17:33:29.770695 24529 thread.cpp:96] Thread 1052672 construct Actor kNormalForward 2207613190148
I1012 17:33:29.770802 24529 runtime_context.cpp:29] DecreaseCounter constructing_actor_cnt, current val is 601
I1012 17:33:29.771221 24464 naive_actor.cpp:25] actor 1099614388293 switch to &NaiveActor::HandlerNormal
I1012 17:33:29.771302 24464 thread.cpp:96] Thread 524337 construct Actor kDstSubsetTick 1099614388293
I1012 17:33:29.771395 24464 runtime_context.cpp:29] DecreaseCounter constructing_actor_cnt, current val is 600
I1012 17:33:29.772102 24464 naive_actor.cpp:25] actor 1099614388276 switch to &NaiveActor::HandlerNormal
I1012 17:33:29.772178 24464 thread.cpp:96] Thread 524337 construct Actor kDeviceTick 1099614388276
I1012 17:33:29.772258 24464 runtime_context.cpp:29] DecreaseCounter constructing_actor_cnt, current val is 599
I1012 17:33:29.772753 24505 naive_actor.cpp:25] actor 2199023255568 switch to &NaiveActor::HandlerNormal
I1012 17:33:29.772877 24505 thread.cpp:96] Thread 1048576 construct Actor kNormalForward 2199023255568
I1012 17:33:29.772969 24529 naive_actor.cpp:25] actor 2207613190147 switch to &NaiveActor::HandlerNormal
I1012 17:33:29.772933 24464 naive_actor.cpp:25] actor 1099614388282 switch to &NaiveActor::HandlerNormal
I1012 17:33:29.773047 24529 thread.cpp:96] Thread 1052672 construct Actor kNormalForward 2207613190147
I1012 17:33:29.773049 24505 runtime_context.cpp:29] DecreaseCounter constructing_actor_cnt, current val is 598
I1012 17:33:29.773102 24464 thread.cpp:96] Thread 524337 construct Actor kTick 1099614388282
I1012 17:33:29.773190 24529 runtime_context.cpp:29] DecreaseCounter constructing_actor_cnt, current val is 597
I1012 17:33:29.773396 24464 runtime_context.cpp:29] DecreaseCounter constructing_actor_cnt, current val is 596
I1012 17:33:29.774540 24529 naive_actor.cpp:25] actor 2207613190153 switch to &NaiveActor::HandlerNormal
I1012 17:33:29.775146 24505 naive_actor.cpp:25] actor 2199023255592 switch to &NaiveActor::HandlerNormal
I1012 17:33:29.776937 24529 thread.cpp:96] Thread 1052672 construct Actor kNormalForward 2207613190153
I1012 17:33:29.777040 24505 thread.cpp:96] Thread 1048576 construct Actor kNormalForward 2199023255592
I1012 17:33:29.777155 24529 runtime_context.cpp:29] DecreaseCounter constructing_actor_cnt, current val is 595
I1012 17:33:29.777277 24505 runtime_context.cpp:29] DecreaseCounter constructing_actor_cnt, current val is 594
I1012 17:33:29.777614 24464 naive_actor.cpp:25] actor 1099614388295 switch to &NaiveActor::HandlerNormal
I1012 17:33:29.777698 24464 thread.cpp:96] Thread 524337 construct Actor kTick 1099614388295
I1012 17:33:29.777783 24464 runtime_context.cpp:29] DecreaseCounter constructing_actor_cnt, current val is 593
I1012 17:33:29.778424 24464 naive_actor.cpp:25] actor 1099614388288 switch to &NaiveActor::HandlerNormal
I1012 17:33:29.778519 24464 thread.cpp:96] Thread 524337 construct Actor kTick 1099614388288
I1012 17:33:29.778609 24464 runtime_context.cpp:29] DecreaseCounter constructing_actor_cnt, current val is 592
I1012 17:33:29.779325 24529 naive_actor.cpp:25] actor 2207613190154 switch to &NaiveActor::HandlerNormal
I1012 17:33:29.779435 24529 thread.cpp:96] Thread 1052672 construct Actor kNormalForward 2207613190154
I1012 17:33:29.779525 24529 runtime_context.cpp:29] DecreaseCounter constructing_actor_cnt, current val is 591
I1012 17:33:29.779770 24464 naive_actor.cpp:25] actor 1099614388285 switch to &NaiveActor::HandlerNormal
I1012 17:33:29.779846 24464 thread.cpp:96] Thread 524337 construct Actor kTick 1099614388285
I1012 17:33:29.779932 24464 runtime_context.cpp:29] DecreaseCounter constructing_actor_cnt, current val is 590
I1012 17:33:29.780668 24505 naive_actor.cpp:25] actor 2199023255582 switch to &NaiveActor::HandlerNormal
I1012 17:33:29.780797 24505 thread.cpp:96] Thread 1048576 construct Actor kNormalForward 2199023255582
I1012 17:33:29.780947 24505 runtime_context.cpp:29] DecreaseCounter constructing_actor_cnt, current val is 589
I1012 17:33:29.781165 24529 naive_actor.cpp:25] actor 2207613190149 switch to &NaiveActor::HandlerNormal
I1012 17:33:29.781247 24529 thread.cpp:96] Thread 1052672 construct Actor kNormalForward 2207613190149
I1012 17:33:29.781340 24529 runtime_context.cpp:29] DecreaseCounter constructing_actor_cnt, current val is 588
I1012 17:33:29.781560 24464 naive_actor.cpp:25] actor 1099614388281 switch to &NaiveActor::HandlerNormal
I1012 17:33:29.781615 24505 naive_actor.cpp:25] actor 2199023255577 switch to &NaiveActor::HandlerNormal
I1012 17:33:29.781750 24464 thread.cpp:96] Thread 524337 construct Actor kDstSubsetTick 1099614388281
I1012 17:33:29.781842 24505 thread.cpp:96] Thread 1048576 construct Actor kNormalForward 2199023255577
I1012 17:33:29.782020 24505 runtime_context.cpp:29] DecreaseCounter constructing_actor_cnt, current val is 587
I1012 17:33:29.782469 24464 runtime_context.cpp:29] DecreaseCounter constructing_actor_cnt, current val is 586
I1012 17:33:29.783852 24529 naive_actor.cpp:25] actor 2207613190144 switch to &NaiveActor::HandlerNormal
I1012 17:33:29.783938 24529 thread.cpp:96] Thread 1052672 construct Actor kNormalForward 2207613190144
I1012 17:33:29.784052 24529 runtime_context.cpp:29] DecreaseCounter constructing_actor_cnt, current val is 585
I1012 17:33:29.784978 24505 naive_actor.cpp:25] actor 2199023255601 switch to &NaiveActor::HandlerNormal
I1012 17:33:29.785094 24505 thread.cpp:96] Thread 1048576 construct Actor kNormalForward 2199023255601
I1012 17:33:29.785235 24505 runtime_context.cpp:29] DecreaseCounter constructing_actor_cnt, current val is 584
I1012 17:33:29.785812 24529 naive_actor.cpp:25] actor 2207613190170 switch to &NaiveActor::HandlerNormal
I1012 17:33:29.785908 24529 thread.cpp:96] Thread 1052672 construct Actor kNormalForward 2207613190170
I1012 17:33:29.786013 24529 runtime_context.cpp:29] DecreaseCounter constructing_actor_cnt, current val is 583
I1012 17:33:29.786883 24529 naive_actor.cpp:25] actor 2207613190155 switch to &NaiveActor::HandlerNormal
I1012 17:33:29.786973 24529 thread.cpp:96] Thread 1052672 construct Actor kNormalForward 2207613190155
I1012 17:33:29.787086 24529 runtime_context.cpp:29] DecreaseCounter constructing_actor_cnt, current val is 582
I1012 17:33:29.787413 24505 naive_actor.cpp:25] actor 2199023255581 switch to &NaiveActor::HandlerNormal
I1012 17:33:29.787544 24505 thread.cpp:96] Thread 1048576 construct Actor kNormalForward 2199023255581
I1012 17:33:29.787674 24505 runtime_context.cpp:29] DecreaseCounter constructing_actor_cnt, current val is 581
I1012 17:33:29.788689 24529 naive_actor.cpp:25] actor 2207613190194 switch to &NaiveActor::HandlerNormal
I1012 17:33:29.788785 24529 thread.cpp:96] Thread 1052672 construct Actor kNormalForward 2207613190194
I1012 17:33:29.788887 24529 runtime_context.cpp:29] DecreaseCounter constructing_actor_cnt, current val is 580
I1012 17:33:29.789964 24505 naive_actor.cpp:25] actor 2199023255642 switch to &NaiveActor::HandlerNormal
I1012 17:33:29.790086 24505 thread.cpp:96] Thread 1048576 construct Actor kNormalForward 2199023255642
I1012 17:33:29.790230 24505 runtime_context.cpp:29] DecreaseCounter constructing_actor_cnt, current val is 579
I1012 17:33:29.790654 24529 naive_actor.cpp:25] actor 2207613190179 switch to &NaiveActor::HandlerNormal
I1012 17:33:29.790918 24529 thread.cpp:96] Thread 1052672 construct Actor kNormalForward 2207613190179
I1012 17:33:29.791045 24529 runtime_context.cpp:29] DecreaseCounter constructing_actor_cnt, current val is 578
I1012 17:33:29.791261 24464 naive_actor.cpp:25] actor 1099614388292 switch to &NaiveActor::HandlerNormal
I1012 17:33:29.791527 24464 thread.cpp:96] Thread 524337 construct Actor kTick 1099614388292
I1012 17:33:29.792479 24464 runtime_context.cpp:29] DecreaseCounter constructing_actor_cnt, current val is 577
I1012 17:33:29.792693 24505 naive_actor.cpp:25] actor 2199023255666 switch to &NaiveActor::HandlerNormal
I1012 17:33:29.792809 24505 thread.cpp:96] Thread 1048576 construct Actor kNormalForward 2199023255666
I1012 17:33:29.792979 24505 runtime_context.cpp:29] DecreaseCounter constructing_actor_cnt, current val is 576
I1012 17:33:29.793243 24529 naive_actor.cpp:25] actor 2207613190158 switch to &NaiveActor::HandlerNormal
I1012 17:33:29.793339 24529 thread.cpp:96] Thread 1052672 construct Actor kNormalForward 2207613190158
I1012 17:33:29.793450 24529 runtime_context.cpp:29] DecreaseCounter constructing_actor_cnt, current val is 575
I1012 17:33:29.794035 24505 naive_actor.cpp:25] actor 2199023255690 switch to &NaiveActor::HandlerNormal
I1012 17:33:29.794138 24505 thread.cpp:96] Thread 1048576 construct Actor kNormalForward 2199023255690
I1012 17:33:29.794261 24505 runtime_context.cpp:29] DecreaseCounter constructing_actor_cnt, current val is 574
I1012 17:33:29.794642 24464 naive_actor.cpp:25] actor 1099614388314 switch to &NaiveActor::HandlerNormal
I1012 17:33:29.795074 24505 naive_actor.cpp:25] actor 2199023255714 switch to &NaiveActor::HandlerNormal
I1012 17:33:29.795562 24505 thread.cpp:96] Thread 1048576 construct Actor kNormalForward 2199023255714
I1012 17:33:29.795092 24529 naive_actor.cpp:25] actor 2207613190166 switch to &NaiveActor::HandlerNormal
I1012 17:33:29.795745 24529 thread.cpp:96] Thread 1052672 construct Actor kNormalForward 2207613190166
I1012 17:33:29.795856 24529 runtime_context.cpp:29] DecreaseCounter constructing_actor_cnt, current val is 572
I1012 17:33:29.795526 24464 thread.cpp:96] Thread 524337 construct Actor kTick 1099614388314
I1012 17:33:29.795696 24505 runtime_context.cpp:29] DecreaseCounter constructing_actor_cnt, current val is 573
I1012 17:33:29.796087 24464 runtime_context.cpp:29] DecreaseCounter constructing_actor_cnt, current val is 571
I1012 17:33:29.796768 24529 naive_actor.cpp:25] actor 2207613190164 switch to &NaiveActor::HandlerNormal
I1012 17:33:29.796941 24529 thread.cpp:96] Thread 1052672 construct Actor kNormalForward 2207613190164
I1012 17:33:29.797300 24529 runtime_context.cpp:29] DecreaseCounter constructing_actor_cnt, current val is 570
I1012 17:33:29.797487 24505 naive_actor.cpp:25] actor 2199023255726 switch to &NaiveActor::HandlerNormal
I1012 17:33:29.797583 24505 thread.cpp:96] Thread 1048576 construct Actor kNormalForward 2199023255726
I1012 17:33:29.797716 24505 runtime_context.cpp:29] DecreaseCounter constructing_actor_cnt, current val is 569
I1012 17:33:29.798166 24464 naive_actor.cpp:25] actor 1099614388304 switch to &NaiveActor::HandlerNormal
I1012 17:33:29.798264 24464 thread.cpp:96] Thread 524337 construct Actor kTick 1099614388304
I1012 17:33:29.798353 24464 runtime_context.cpp:29] DecreaseCounter constructing_actor_cnt, current val is 568
I1012 17:33:29.799291 24505 naive_actor.cpp:25] actor 2199023255588 switch to &NaiveActor::HandlerNormal
I1012 17:33:29.799404 24505 thread.cpp:96] Thread 1048576 construct Actor kNormalForward 2199023255588
I1012 17:33:29.799542 24505 runtime_context.cpp:29] DecreaseCounter constructing_actor_cnt, current val is 567
I1012 17:33:29.799861 24464 naive_actor.cpp:25] actor 1099614388321 switch to &NaiveActor::HandlerNormal
I1012 17:33:29.800065 24464 thread.cpp:96] Thread 524337 construct Actor kTick 1099614388321
I1012 17:33:29.800285 24464 runtime_context.cpp:29] DecreaseCounter constructing_actor_cnt, current val is 566
I1012 17:33:29.800748 24505 naive_actor.cpp:25] actor 2199023255602 switch to &NaiveActor::HandlerNormal
I1012 17:33:29.800846 24505 thread.cpp:96] Thread 1048576 construct Actor kNormalForward 2199023255602
I1012 17:33:29.800972 24505 runtime_context.cpp:29] DecreaseCounter constructing_actor_cnt, current val is 565
I1012 17:33:29.801389 24529 naive_actor.cpp:25] actor 2207613190156 switch to &NaiveActor::HandlerNormal
I1012 17:33:29.801558 24529 thread.cpp:96] Thread 1052672 construct Actor kNormalForward 2207613190156
I1012 17:33:29.801703 24464 naive_actor.cpp:25] actor 1099614388298 switch to &NaiveActor::HandlerNormal
I1012 17:33:29.802084 24529 runtime_context.cpp:29] DecreaseCounter constructing_actor_cnt, current val is 564
I1012 17:33:29.802067 24464 thread.cpp:96] Thread 524337 construct Actor kTick 1099614388298
I1012 17:33:29.802466 24464 runtime_context.cpp:29] DecreaseCounter constructing_actor_cnt, current val is 563
I1012 17:33:29.802702 24505 naive_actor.cpp:25] actor 2199023255585 switch to &NaiveActor::HandlerNormal
I1012 17:33:29.802794 24505 thread.cpp:96] Thread 1048576 construct Actor kNormalForward 2199023255585
I1012 17:33:29.802929 24505 runtime_context.cpp:29] DecreaseCounter constructing_actor_cnt, current val is 562
I1012 17:33:29.803404 24505 naive_actor.cpp:25] actor 2199023255584 switch to &NaiveActor::HandlerNormal
I1012 17:33:29.803501 24505 thread.cpp:96] Thread 1048576 construct Actor kNormalForward 2199023255584
I1012 17:33:29.803615 24505 runtime_context.cpp:29] DecreaseCounter constructing_actor_cnt, current val is 561
I1012 17:33:29.804087 24464 naive_actor.cpp:25] actor 1099614388328 switch to &NaiveActor::HandlerNormal
I1012 17:33:29.804121 24505 naive_actor.cpp:25] actor 2199023255586 switch to &NaiveActor::HandlerNormal
I1012 17:33:29.804329 24505 thread.cpp:96] Thread 1048576 construct Actor kNormalForward 2199023255586
I1012 17:33:29.804245 24464 thread.cpp:96] Thread 524337 construct Actor kTick 1099614388328
I1012 17:33:29.804455 24505 runtime_context.cpp:29] DecreaseCounter constructing_actor_cnt, current val is 560
I1012 17:33:29.804667 24464 runtime_context.cpp:29] DecreaseCounter constructing_actor_cnt, current val is 559
I1012 17:33:29.805713 24529 naive_actor.cpp:25] actor 2207613190180 switch to &NaiveActor::HandlerNormal
I1012 17:33:29.805802 24529 thread.cpp:96] Thread 1052672 construct Actor kNormalForward 2207613190180
I1012 17:33:29.805917 24529 runtime_context.cpp:29] DecreaseCounter constructing_actor_cnt, current val is 558
I1012 17:33:29.806051 24464 naive_actor.cpp:25] actor 1099614388324 switch to &NaiveActor::HandlerNormal
I1012 17:33:29.806145 24464 thread.cpp:96] Thread 524337 construct Actor kTick 1099614388324
I1012 17:33:29.806329 24464 runtime_context.cpp:29] DecreaseCounter constructing_actor_cnt, current val is 557
I1012 17:33:29.806715 24505 naive_actor.cpp:25] actor 2199023255576 switch to &NaiveActor::HandlerNormal
I1012 17:33:29.806819 24505 thread.cpp:96] Thread 1048576 construct Actor kNormalForward 2199023255576
I1012 17:33:29.806949 24505 runtime_context.cpp:29] DecreaseCounter constructing_actor_cnt, current val is 556
I1012 17:33:29.807359 24464 naive_actor.cpp:25] actor 1099614388302 switch to &NaiveActor::HandlerNormal
I1012 17:33:29.807518 24505 naive_actor.cpp:25] actor 2199023255572 switch to &NaiveActor::HandlerNormal
I1012 17:33:29.807646 24464 thread.cpp:96] Thread 524337 construct Actor kTick 1099614388302
I1012 17:33:29.807721 24505 thread.cpp:96] Thread 1048576 construct Actor kNormalForward 2199023255572
I1012 17:33:29.807967 24505 runtime_context.cpp:29] DecreaseCounter constructing_actor_cnt, current val is 555
I1012 17:33:29.808205 24464 runtime_context.cpp:29] DecreaseCounter constructing_actor_cnt, current val is 554
I1012 17:33:29.808420 24505 naive_actor.cpp:25] actor 2199023255600 switch to &NaiveActor::HandlerNormal
I1012 17:33:29.808550 24505 thread.cpp:96] Thread 1048576 construct Actor kNormalForward 2199023255600
I1012 17:33:29.808653 24505 runtime_context.cpp:29] DecreaseCounter constructing_actor_cnt, current val is 553
I1012 17:33:29.814157 24464 naive_actor.cpp:25] actor 1099614388333 switch to &NaiveActor::HandlerNormal
I1012 17:33:29.814353 24464 thread.cpp:96] Thread 524337 construct Actor kTick 1099614388333
I1012 17:33:29.814498 24464 runtime_context.cpp:29] DecreaseCounter constructing_actor_cnt, current val is 552
I1012 17:33:29.815099 24505 naive_actor.cpp:25] actor 2199023255623 switch to &NaiveActor::HandlerNormal
I1012 17:33:29.815245 24505 thread.cpp:96] Thread 1048576 construct Actor kNormalForward 2199023255623
I1012 17:33:29.815408 24505 runtime_context.cpp:29] DecreaseCounter constructing_actor_cnt, current val is 551
I1012 17:33:29.815724 24464 naive_actor.cpp:25] actor 1099614388306 switch to &NaiveActor::HandlerNormal
I1012 17:33:29.817684 24464 thread.cpp:96] Thread 524337 construct Actor kTick 1099614388306
I1012 17:33:29.817835 24464 runtime_context.cpp:29] DecreaseCounter constructing_actor_cnt, current val is 550
I1012 17:33:29.828466 24529 naive_actor.cpp:25] actor 2207613190160 switch to &NaiveActor::HandlerNormal
I1012 17:33:29.828637 24529 thread.cpp:96] Thread 1052672 construct Actor kNormalForward 2207613190160
I1012 17:33:29.828799 24529 runtime_context.cpp:29] DecreaseCounter constructing_actor_cnt, current val is 549
I1012 17:33:29.830211 24505 naive_actor.cpp:25] actor 2199023255569 switch to &NaiveActor::HandlerNormal
I1012 17:33:29.830386 24505 thread.cpp:96] Thread 1048576 construct Actor kNormalForward 2199023255569
I1012 17:33:29.830550 24505 runtime_context.cpp:29] DecreaseCounter constructing_actor_cnt, current val is 548
I1012 17:33:29.831146 24505 naive_actor.cpp:25] actor 2199023255591 switch to &NaiveActor::HandlerNormal
I1012 17:33:29.831228 24529 naive_actor.cpp:25] actor 2207613190167 switch to &NaiveActor::HandlerNormal
I1012 17:33:29.831236 24505 thread.cpp:96] Thread 1048576 construct Actor kNormalForward 2199023255591
I1012 17:33:29.831310 24529 thread.cpp:96] Thread 1052672 construct Actor kNormalForward 2207613190167
I1012 17:33:29.831421 24505 runtime_context.cpp:29] DecreaseCounter constructing_actor_cnt, current val is 547
I1012 17:33:29.831506 24529 runtime_context.cpp:29] DecreaseCounter constructing_actor_cnt, current val is 546
I1012 17:33:29.832024 24464 naive_actor.cpp:25] actor 1099614388301 switch to &NaiveActor::HandlerNormal
I1012 17:33:29.832182 24464 thread.cpp:96] Thread 524337 construct Actor kTick 1099614388301
I1012 17:33:29.832348 24464 runtime_context.cpp:29] DecreaseCounter constructing_actor_cnt, current val is 545
I1012 17:33:29.833076 24505 naive_actor.cpp:25] actor 2199023255583 switch to &NaiveActor::HandlerNormal
I1012 17:33:29.833204 24505 thread.cpp:96] Thread 1048576 construct Actor kNormalForward 2199023255583
I1012 17:33:29.833338 24505 runtime_context.cpp:29] DecreaseCounter constructing_actor_cnt, current val is 544
I1012 17:33:29.833676 24529 naive_actor.cpp:25] actor 2207613190209 switch to &NaiveActor::HandlerNormal
I1012 17:33:29.833765 24529 thread.cpp:96] Thread 1052672 construct Actor kNormalForward 2207613190209
I1012 17:33:29.833853 24529 runtime_context.cpp:29] DecreaseCounter constructing_actor_cnt, current val is 543
I1012 17:33:29.833798 24464 naive_actor.cpp:25] actor 1099614388309 switch to &NaiveActor::HandlerNormal
I1012 17:33:29.834765 24464 thread.cpp:96] Thread 524337 construct Actor kTick 1099614388309
I1012 17:33:29.834796 24505 naive_actor.cpp:25] actor 2199023255599 switch to &NaiveActor::HandlerNormal
I1012 17:33:29.876158 24464 runtime_context.cpp:29] DecreaseCounter constructing_actor_cnt, current val is 542
I1012 17:33:29.876199 24505 thread.cpp:96] Thread 1048576 construct Actor kNormalForward 2199023255599
I1012 17:33:29.835129 24529 naive_actor.cpp:25] actor 2207613190165 switch to &NaiveActor::HandlerNormal
I1012 17:33:29.876375 24529 thread.cpp:96] Thread 1052672 construct Actor kNormalForward 2207613190165
I1012 17:33:29.876448 24505 runtime_context.cpp:29] DecreaseCounter constructing_actor_cnt, current val is 541
I1012 17:33:29.876513 24529 runtime_context.cpp:29] DecreaseCounter constructing_actor_cnt, current val is 540
I1012 17:33:29.877394 24464 naive_actor.cpp:25] actor 1099614388300 switch to &NaiveActor::HandlerNormal
I1012 17:33:29.877497 24464 thread.cpp:96] Thread 524337 construct Actor kTick 1099614388300
I1012 17:33:29.877595 24464 runtime_context.cpp:29] DecreaseCounter constructing_actor_cnt, current val is 539
I1012 17:33:29.878221 24464 naive_actor.cpp:25] actor 1099614388325 switch to &NaiveActor::HandlerNormal
I1012 17:33:29.878299 24464 thread.cpp:96] Thread 524337 construct Actor kTick 1099614388325
I1012 17:33:29.878386 24464 runtime_context.cpp:29] DecreaseCounter constructing_actor_cnt, current val is 538
I1012 17:33:29.879084 24529 naive_actor.cpp:25] actor 2207613190189 switch to &NaiveActor::HandlerNormal
I1012 17:33:29.879176 24529 thread.cpp:96] Thread 1052672 construct Actor kNormalForward 2207613190189
I1012 17:33:29.879287 24529 runtime_context.cpp:29] DecreaseCounter constructing_actor_cnt, current val is 537
I1012 17:33:29.880076 24505 naive_actor.cpp:25] actor 2199023255606 switch to &NaiveActor::HandlerNormal
I1012 17:33:29.880224 24505 thread.cpp:96] Thread 1048576 construct Actor kNormalForward 2199023255606
I1012 17:33:29.880393 24505 runtime_context.cpp:29] DecreaseCounter constructing_actor_cnt, current val is 536
I1012 17:33:29.880890 24505 naive_actor.cpp:25] actor 2199023255570 switch to &NaiveActor::HandlerNormal
I1012 17:33:29.880535 24529 naive_actor.cpp:25] actor 2207613190150 switch to &NaiveActor::HandlerNormal
I1012 17:33:29.881060 24529 thread.cpp:96] Thread 1052672 construct Actor kNormalForward 2207613190150
I1012 17:33:29.879189 24464 naive_actor.cpp:25] actor 1099614388331 switch to &NaiveActor::HandlerNormal
I1012 17:33:29.880986 24505 thread.cpp:96] Thread 1048576 construct Actor kNormalForward 2199023255570
I1012 17:33:29.881166 24529 runtime_context.cpp:29] DecreaseCounter constructing_actor_cnt, current val is 535
I1012 17:33:29.882215 24529 naive_actor.cpp:25] actor 2207613190172 switch to &NaiveActor::HandlerNormal
I1012 17:33:29.881278 24505 runtime_context.cpp:29] DecreaseCounter constructing_actor_cnt, current val is 534
I1012 17:33:29.881172 24464 thread.cpp:96] Thread 524337 construct Actor kTick 1099614388331
I1012 17:33:29.882315 24529 thread.cpp:96] Thread 1052672 construct Actor kNormalForward 2207613190172
I1012 17:33:29.883718 24529 runtime_context.cpp:29] DecreaseCounter constructing_actor_cnt, current val is 533
I1012 17:33:29.883903 24464 runtime_context.cpp:29] DecreaseCounter constructing_actor_cnt, current val is 532
I1012 17:33:29.884552 24529 naive_actor.cpp:25] actor 2207613190171 switch to &NaiveActor::HandlerNormal
I1012 17:33:29.884641 24529 thread.cpp:96] Thread 1052672 construct Actor kNormalForward 2207613190171
I1012 17:33:29.884740 24529 runtime_context.cpp:29] DecreaseCounter constructing_actor_cnt, current val is 531
I1012 17:33:29.885030 24505 naive_actor.cpp:25] actor 2199023255594 switch to &NaiveActor::HandlerNormal
I1012 17:33:29.885145 24505 thread.cpp:96] Thread 1048576 construct Actor kNormalForward 2199023255594
I1012 17:33:29.885300 24505 runtime_context.cpp:29] DecreaseCounter constructing_actor_cnt, current val is 530
I1012 17:33:29.885402 24464 naive_actor.cpp:25] actor 1099614388317 switch to &NaiveActor::HandlerNormal
I1012 17:33:29.885483 24464 thread.cpp:96] Thread 524337 construct Actor kTick 1099614388317
I1012 17:33:29.885569 24464 runtime_context.cpp:29] DecreaseCounter constructing_actor_cnt, current val is 529
I1012 17:33:29.886528 24529 naive_actor.cpp:25] actor 2207613190196 switch to &NaiveActor::HandlerNormal
I1012 17:33:29.886612 24529 thread.cpp:96] Thread 1052672 construct Actor kNormalForward 2207613190196
I1012 17:33:29.886711 24529 runtime_context.cpp:29] DecreaseCounter constructing_actor_cnt, current val is 528
I1012 17:33:29.887064 24505 naive_actor.cpp:25] actor 2199023255618 switch to &NaiveActor::HandlerNormal
I1012 17:33:29.887181 24505 thread.cpp:96] Thread 1048576 construct Actor kNormalForward 2199023255618
I1012 17:33:29.887316 24505 runtime_context.cpp:29] DecreaseCounter constructing_actor_cnt, current val is 527
I1012 17:33:29.887670 24529 naive_actor.cpp:25] actor 2207613190177 switch to &NaiveActor::HandlerNormal
I1012 17:33:29.887753 24529 thread.cpp:96] Thread 1052672 construct Actor kNormalForward 2207613190177
I1012 17:33:29.887852 24529 runtime_context.cpp:29] DecreaseCounter constructing_actor_cnt, current val is 526
I1012 17:33:29.888217 24529 naive_actor.cpp:25] actor 2207613190178 switch to &NaiveActor::HandlerNormal
I1012 17:33:29.888289 24529 thread.cpp:96] Thread 1052672 construct Actor kNormalForward 2207613190178
I1012 17:33:29.888371 24505 naive_actor.cpp:25] actor 2199023255555 switch to &NaiveActor::HandlerNormal
I1012 17:33:29.888557 24505 thread.cpp:96] Thread 1048576 construct Actor kNormalForward 2199023255555
I1012 17:33:29.888686 24505 runtime_context.cpp:29] DecreaseCounter constructing_actor_cnt, current val is 524
I1012 17:33:29.888514 24529 runtime_context.cpp:29] DecreaseCounter constructing_actor_cnt, current val is 525
I1012 17:33:29.890031 24529 naive_actor.cpp:25] actor 2207613190173 switch to &NaiveActor::HandlerNormal
I1012 17:33:29.890120 24529 thread.cpp:96] Thread 1052672 construct Actor kNormalForward 2207613190173
I1012 17:33:29.890226 24529 runtime_context.cpp:29] DecreaseCounter constructing_actor_cnt, current val is 523
I1012 17:33:29.890511 24464 naive_actor.cpp:25] actor 1099614388311 switch to &NaiveActor::HandlerNormal
I1012 17:33:29.890583 24464 thread.cpp:96] Thread 524337 construct Actor kTick 1099614388311
I1012 17:33:29.890666 24464 runtime_context.cpp:29] DecreaseCounter constructing_actor_cnt, current val is 522
I1012 17:33:29.890870 24505 naive_actor.cpp:25] actor 2199023255574 switch to &NaiveActor::HandlerNormal
I1012 17:33:29.890980 24505 thread.cpp:96] Thread 1048576 construct Actor kNormalForward 2199023255574
I1012 17:33:29.891127 24505 runtime_context.cpp:29] DecreaseCounter constructing_actor_cnt, current val is 521
I1012 17:33:29.892204 24529 naive_actor.cpp:25] actor 2207613190168 switch to &NaiveActor::HandlerNormal
I1012 17:33:29.892297 24529 thread.cpp:96] Thread 1052672 construct Actor kNormalForward 2207613190168
I1012 17:33:29.892395 24529 runtime_context.cpp:29] DecreaseCounter constructing_actor_cnt, current val is 520
I1012 17:33:29.893165 24529 naive_actor.cpp:25] actor 2207613190192 switch to &NaiveActor::HandlerNormal
I1012 17:33:29.893249 24529 thread.cpp:96] Thread 1052672 construct Actor kNormalForward 2207613190192
I1012 17:33:29.893337 24529 runtime_context.cpp:29] DecreaseCounter constructing_actor_cnt, current val is 519
I1012 17:33:29.893687 24464 reentrant_lock_actor.cpp:76] actor 1099614388296 switch to &ReentrantLockActor::HandlerNormal
I1012 17:33:29.893769 24464 thread.cpp:96] Thread 524337 construct Actor kReentrantLock 1099614388296
I1012 17:33:29.893859 24464 runtime_context.cpp:29] DecreaseCounter constructing_actor_cnt, current val is 518
I1012 17:33:29.894214 24529 naive_actor.cpp:25] actor 2207613190157 switch to &NaiveActor::HandlerNormal
I1012 17:33:29.894287 24529 thread.cpp:96] Thread 1052672 construct Actor kNormalForward 2207613190157
I1012 17:33:29.894372 24529 runtime_context.cpp:29] DecreaseCounter constructing_actor_cnt, current val is 517
I1012 17:33:29.894935 24505 naive_actor.cpp:25] actor 2199023255638 switch to &NaiveActor::HandlerNormal
I1012 17:33:29.895081 24505 thread.cpp:96] Thread 1048576 construct Actor kNormalForward 2199023255638
I1012 17:33:29.895246 24505 runtime_context.cpp:29] DecreaseCounter constructing_actor_cnt, current val is 516
I1012 17:33:29.895584 24464 naive_actor.cpp:25] actor 1099614388308 switch to &NaiveActor::HandlerNormal
I1012 17:33:29.895673 24464 thread.cpp:96] Thread 524337 construct Actor kTick 1099614388308
I1012 17:33:29.895762 24464 runtime_context.cpp:29] DecreaseCounter constructing_actor_cnt, current val is 515
I1012 17:33:29.896775 24505 naive_actor.cpp:25] actor 2199023255605 switch to &NaiveActor::HandlerNormal
I1012 17:33:29.896888 24505 thread.cpp:96] Thread 1048576 construct Actor kNormalForward 2199023255605
I1012 17:33:29.896849 24529 naive_actor.cpp:25] actor 2207613190203 switch to &NaiveActor::HandlerNormal
I1012 17:33:29.897019 24505 runtime_context.cpp:29] DecreaseCounter constructing_actor_cnt, current val is 514
I1012 17:33:29.897069 24529 thread.cpp:96] Thread 1052672 construct Actor kNormalForward 2207613190203
I1012 17:33:29.897287 24529 runtime_context.cpp:29] DecreaseCounter constructing_actor_cnt, current val is 513
I1012 17:33:29.897639 24464 naive_actor.cpp:25] actor 1099614388320 switch to &NaiveActor::HandlerNormal
I1012 17:33:29.897713 24464 thread.cpp:96] Thread 524337 construct Actor kTick 1099614388320
I1012 17:33:29.898149 24505 naive_actor.cpp:25] actor 2199023255612 switch to &NaiveActor::HandlerNormal
I1012 17:33:29.898257 24505 thread.cpp:96] Thread 1048576 construct Actor kNormalForward 2199023255612
I1012 17:33:29.898373 24505 runtime_context.cpp:29] DecreaseCounter constructing_actor_cnt, current val is 512
I1012 17:33:29.899377 24464 runtime_context.cpp:29] DecreaseCounter constructing_actor_cnt, current val is 511
I1012 17:33:29.900705 24529 naive_actor.cpp:25] actor 2207613190163 switch to &NaiveActor::HandlerNormal
I1012 17:33:29.900799 24529 thread.cpp:96] Thread 1052672 construct Actor kNormalForward 2207613190163
I1012 17:33:29.900914 24529 runtime_context.cpp:29] DecreaseCounter constructing_actor_cnt, current val is 510
I1012 17:33:29.900979 24464 naive_actor.cpp:25] actor 1099614388312 switch to &NaiveActor::HandlerNormal
I1012 17:33:29.901031 24464 thread.cpp:96] Thread 524337 construct Actor kTick 1099614388312
I1012 17:33:29.901103 24464 runtime_context.cpp:29] DecreaseCounter constructing_actor_cnt, current val is 509
I1012 17:33:29.901245 24505 naive_actor.cpp:25] actor 2199023255571 switch to &NaiveActor::HandlerNormal
I1012 17:33:29.901373 24505 thread.cpp:96] Thread 1048576 construct Actor kNormalForward 2199023255571
I1012 17:33:29.901548 24505 runtime_context.cpp:29] DecreaseCounter constructing_actor_cnt, current val is 508
I1012 17:33:29.903465 24464 naive_actor.cpp:25] actor 1099614388329 switch to &NaiveActor::HandlerNormal
I1012 17:33:29.903599 24464 thread.cpp:96] Thread 524337 construct Actor kTick 1099614388329
