I1014 11:31:36.141690 10606 thread.cpp:96] Thread 524337 construct Actor kTick 1099614388306
I1014 11:31:36.141752 10606 runtime_context.cpp:29] DecreaseCounter constructing_actor_cnt, current val is 651
I1014 11:31:36.141808 10624 naive_actor.cpp:25] actor 2207613190147 switch to &NaiveActor::HandlerNormal
I1014 11:31:36.141861 10624 thread.cpp:96] Thread 1052672 construct Actor kNormalForward 2207613190147
I1014 11:31:36.141937 10624 runtime_context.cpp:29] DecreaseCounter constructing_actor_cnt, current val is 650
I1014 11:31:36.142052 10606 naive_actor.cpp:25] actor 1099614388262 switch to &NaiveActor::HandlerNormal
I1014 11:31:36.142097 10606 thread.cpp:96] Thread 524337 construct Actor kTick 1099614388262
I1014 11:31:36.142163 10606 runtime_context.cpp:29] DecreaseCounter constructing_actor_cnt, current val is 649
I1014 11:31:36.142483 10613 naive_actor.cpp:25] actor 2199023255567 switch to &NaiveActor::HandlerNormal
I1014 11:31:36.142544 10613 thread.cpp:96] Thread 1048576 construct Actor kNormalForward 2199023255567
I1014 11:31:36.142603 10606 naive_actor.cpp:25] actor 1099614388261 switch to &NaiveActor::HandlerNormal
I1014 11:31:36.142639 10613 runtime_context.cpp:29] DecreaseCounter constructing_actor_cnt, current val is 648
I1014 11:31:36.142655 10606 thread.cpp:96] Thread 524337 construct Actor kDstSubsetTick 1099614388261
I1014 11:31:36.142760 10606 runtime_context.cpp:29] DecreaseCounter constructing_actor_cnt, current val is 647
I1014 11:31:36.143080 10606 naive_actor.cpp:25] actor 1099614388256 switch to &NaiveActor::HandlerNormal
I1014 11:31:36.143129 10606 thread.cpp:96] Thread 524337 construct Actor kDeviceTick 1099614388256
I1014 11:31:36.143141 10624 naive_actor.cpp:25] actor 2207613190160 switch to &NaiveActor::HandlerNormal
I1014 11:31:36.143195 10606 runtime_context.cpp:29] DecreaseCounter constructing_actor_cnt, current val is 646
I1014 11:31:36.143203 10624 thread.cpp:96] Thread 1052672 construct Actor kNormalForward 2207613190160
I1014 11:31:36.143332 10624 runtime_context.cpp:29] DecreaseCounter constructing_actor_cnt, current val is 645
I1014 11:31:36.143554 10606 naive_actor.cpp:25] actor 1099614388257 switch to &NaiveActor::HandlerNormal
I1014 11:31:36.143618 10606 thread.cpp:96] Thread 524337 construct Actor kSrcSubsetTick 1099614388257
I1014 11:31:36.143695 10606 runtime_context.cpp:29] DecreaseCounter constructing_actor_cnt, current val is 644
I1014 11:31:36.143772 10613 naive_actor.cpp:25] actor 2199023255591 switch to &NaiveActor::HandlerNormal
I1014 11:31:36.143831 10613 thread.cpp:96] Thread 1048576 construct Actor kNormalForward 2199023255591
I1014 11:31:36.143939 10613 runtime_context.cpp:29] DecreaseCounter constructing_actor_cnt, current val is 643
I1014 11:31:36.144167 10606 naive_actor.cpp:25] actor 1099614388263 switch to &NaiveActor::HandlerNormal
I1014 11:31:36.144232 10606 thread.cpp:96] Thread 524337 construct Actor kTick 1099614388263
I1014 11:31:36.144311 10606 runtime_context.cpp:29] DecreaseCounter constructing_actor_cnt, current val is 642
I1014 11:31:36.144676 10624 naive_actor.cpp:25] actor 2207613190148 switch to &NaiveActor::HandlerNormal
I1014 11:31:36.144677 10553 naive_actor.cpp:25] actor 1099513724928 switch to &NaiveActor::HandlerNormal
I1014 11:31:36.144717 10606 naive_actor.cpp:25] actor 1099614388260 switch to &NaiveActor::HandlerNormal
I1014 11:31:36.144739 10624 thread.cpp:96] Thread 1052672 construct Actor kNormalForward 2207613190148
I1014 11:31:36.144778 10553 thread.cpp:96] Thread 524289 construct Actor kNormalForward 1099513724928
I1014 11:31:36.144848 10606 thread.cpp:96] Thread 524337 construct Actor kTick 1099614388260
I1014 11:31:36.144976 10624 runtime_context.cpp:29] DecreaseCounter constructing_actor_cnt, current val is 641
I1014 11:31:36.145009 10606 runtime_context.cpp:29] DecreaseCounter constructing_actor_cnt, current val is 640
I1014 11:31:36.144980 10613 naive_actor.cpp:25] actor 2199023255556 switch to &NaiveActor::HandlerNormal
I1014 11:31:36.145018 10553 runtime_context.cpp:29] DecreaseCounter constructing_actor_cnt, current val is 639
I1014 11:31:36.145076 10613 thread.cpp:96] Thread 1048576 construct Actor kNormalForward 2199023255556
I1014 11:31:36.145207 10613 runtime_context.cpp:29] DecreaseCounter constructing_actor_cnt, current val is 638
I1014 11:31:36.145216 10552 naive_actor.cpp:25] actor 1099511627776 switch to &NaiveActor::HandlerNormal
I1014 11:31:36.145287 10552 thread.cpp:96] Thread 524288 construct Actor kNormalForward 1099511627776
I1014 11:31:36.145380 10552 runtime_context.cpp:29] DecreaseCounter constructing_actor_cnt, current val is 637
I1014 11:31:36.145391 10606 naive_actor.cpp:25] actor 1099614388266 switch to &NaiveActor::HandlerNormal
I1014 11:31:36.145459 10606 thread.cpp:96] Thread 524337 construct Actor kSrcSubsetTick 1099614388266
I1014 11:31:36.145536 10606 runtime_context.cpp:29] DecreaseCounter constructing_actor_cnt, current val is 636
I1014 11:31:36.145900 10606 naive_actor.cpp:25] actor 1099614388269 switch to &NaiveActor::HandlerNormal
I1014 11:31:36.145951 10606 thread.cpp:96] Thread 524337 construct Actor kTick 1099614388269
I1014 11:31:36.146025 10606 runtime_context.cpp:29] DecreaseCounter constructing_actor_cnt, current val is 635
I1014 11:31:36.146057 10624 naive_actor.cpp:25] actor 2207613190149 switch to &NaiveActor::HandlerNormal
I1014 11:31:36.146117 10624 thread.cpp:96] Thread 1052672 construct Actor kNormalForward 2207613190149
I1014 11:31:36.146217 10624 runtime_context.cpp:29] DecreaseCounter constructing_actor_cnt, current val is 634
I1014 11:31:36.146222 10613 naive_actor.cpp:25] actor 2199023255563 switch to &NaiveActor::HandlerNormal
I1014 11:31:36.146306 10613 thread.cpp:96] Thread 1048576 construct Actor kNormalForward 2199023255563
I1014 11:31:36.146399 10613 runtime_context.cpp:29] DecreaseCounter constructing_actor_cnt, current val is 633
I1014 11:31:36.146677 10606 case_actor.cpp:76] actor 1099614388295 switch to &CaseActor::HandlerNormal
I1014 11:31:36.146729 10606 thread.cpp:96] Thread 524337 construct Actor kCase 1099614388295
I1014 11:31:36.146840 10606 runtime_context.cpp:29] DecreaseCounter constructing_actor_cnt, current val is 632
I1014 11:31:36.147177 10606 naive_actor.cpp:25] actor 1099614388271 switch to &NaiveActor::HandlerNormal
I1014 11:31:36.147226 10606 thread.cpp:96] Thread 524337 construct Actor kTick 1099614388271
I1014 11:31:36.147302 10606 runtime_context.cpp:29] DecreaseCounter constructing_actor_cnt, current val is 631
I1014 11:31:36.147384 10624 naive_actor.cpp:25] actor 2207613190167 switch to &NaiveActor::HandlerNormal
I1014 11:31:36.147398 10613 naive_actor.cpp:25] actor 2199023255580 switch to &NaiveActor::HandlerNormal
I1014 11:31:36.147442 10624 thread.cpp:96] Thread 1052672 construct Actor kNormalForward 2207613190167
I1014 11:31:36.147477 10613 thread.cpp:96] Thread 1048576 construct Actor kNormalForward 2199023255580
I1014 11:31:36.147579 10624 runtime_context.cpp:29] DecreaseCounter constructing_actor_cnt, current val is 630
I1014 11:31:36.147614 10613 runtime_context.cpp:29] DecreaseCounter constructing_actor_cnt, current val is 629
I1014 11:31:36.147739 10606 naive_actor.cpp:25] actor 1099614388264 switch to &NaiveActor::HandlerNormal
I1014 11:31:36.147787 10606 thread.cpp:96] Thread 524337 construct Actor kTick 1099614388264
I1014 11:31:36.147866 10606 runtime_context.cpp:29] DecreaseCounter constructing_actor_cnt, current val is 628
I1014 11:31:36.148298 10606 naive_actor.cpp:25] actor 1099614388265 switch to &NaiveActor::HandlerNormal
I1014 11:31:36.148358 10606 thread.cpp:96] Thread 524337 construct Actor kDeviceTick 1099614388265
I1014 11:31:36.148428 10606 runtime_context.cpp:29] DecreaseCounter constructing_actor_cnt, current val is 627
I1014 11:31:36.148610 10624 naive_actor.cpp:25] actor 2207613190165 switch to &NaiveActor::HandlerNormal
I1014 11:31:36.148663 10624 thread.cpp:96] Thread 1052672 construct Actor kNormalForward 2207613190165
I1014 11:31:36.148725 10613 naive_actor.cpp:25] actor 2199023255565 switch to &NaiveActor::HandlerNormal
I1014 11:31:36.148746 10624 runtime_context.cpp:29] DecreaseCounter constructing_actor_cnt, current val is 626
I1014 11:31:36.148775 10613 thread.cpp:96] Thread 1048576 construct Actor kNormalForward 2199023255565
I1014 11:31:36.148783 10606 naive_actor.cpp:25] actor 1099614388272 switch to &NaiveActor::HandlerNormal
I1014 11:31:36.148880 10606 thread.cpp:96] Thread 524337 construct Actor kTick 1099614388272
I1014 11:31:36.148892 10613 runtime_context.cpp:29] DecreaseCounter constructing_actor_cnt, current val is 625
I1014 11:31:36.148948 10606 runtime_context.cpp:29] DecreaseCounter constructing_actor_cnt, current val is 624
I1014 11:31:36.149183 10624 naive_actor.cpp:25] actor 2207613190161 switch to &NaiveActor::HandlerNormal
I1014 11:31:36.149228 10613 naive_actor.cpp:25] actor 2199023255564 switch to &NaiveActor::HandlerNormal
I1014 11:31:36.149236 10624 thread.cpp:96] Thread 1052672 construct Actor kNormalForward 2207613190161
I1014 11:31:36.149327 10613 thread.cpp:96] Thread 1048576 construct Actor kNormalForward 2199023255564
I1014 11:31:36.149417 10624 runtime_context.cpp:29] DecreaseCounter constructing_actor_cnt, current val is 623
I1014 11:31:36.149454 10613 runtime_context.cpp:29] DecreaseCounter constructing_actor_cnt, current val is 622
I1014 11:31:36.149420 10606 naive_actor.cpp:25] actor 1099614388270 switch to &NaiveActor::HandlerNormal
I1014 11:31:36.149577 10606 thread.cpp:96] Thread 524337 construct Actor kDstSubsetTick 1099614388270
I1014 11:31:36.149660 10606 runtime_context.cpp:29] DecreaseCounter constructing_actor_cnt, current val is 621
I1014 11:31:36.150015 10606 naive_actor.cpp:25] actor 1099614388274 switch to &NaiveActor::HandlerNormal
I1014 11:31:36.150017 10613 naive_actor.cpp:25] actor 2199023255583 switch to &NaiveActor::HandlerNormal
I1014 11:31:36.150076 10606 thread.cpp:96] Thread 524337 construct Actor kDeviceTick 1099614388274
I1014 11:31:36.150123 10613 thread.cpp:96] Thread 1048576 construct Actor kNormalForward 2199023255583
I1014 11:31:36.150184 10606 runtime_context.cpp:29] DecreaseCounter constructing_actor_cnt, current val is 620
I1014 11:31:36.150229 10613 runtime_context.cpp:29] DecreaseCounter constructing_actor_cnt, current val is 619
I1014 11:31:36.150496 10606 naive_actor.cpp:25] actor 1099614388330 switch to &NaiveActor::HandlerNormal
I1014 11:31:36.150543 10606 thread.cpp:96] Thread 524337 construct Actor kTick 1099614388330
I1014 11:31:36.150621 10606 runtime_context.cpp:29] DecreaseCounter constructing_actor_cnt, current val is 618
I1014 11:31:36.150943 10606 naive_actor.cpp:25] actor 1099614388275 switch to &NaiveActor::HandlerNormal
I1014 11:31:36.150990 10606 thread.cpp:96] Thread 524337 construct Actor kSrcSubsetTick 1099614388275
I1014 11:31:36.151059 10606 runtime_context.cpp:29] DecreaseCounter constructing_actor_cnt, current val is 617
I1014 11:31:36.151126 10624 naive_actor.cpp:25] actor 2207613190180 switch to &NaiveActor::HandlerNormal
I1014 11:31:36.151170 10624 thread.cpp:96] Thread 1052672 construct Actor kNormalForward 2207613190180
I1014 11:31:36.151233 10624 runtime_context.cpp:29] DecreaseCounter constructing_actor_cnt, current val is 616
I1014 11:31:36.151374 10606 naive_actor.cpp:25] actor 1099614388283 switch to &NaiveActor::HandlerNormal
I1014 11:31:36.151419 10606 thread.cpp:96] Thread 524337 construct Actor kTick 1099614388283
I1014 11:31:36.151507 10606 runtime_context.cpp:29] DecreaseCounter constructing_actor_cnt, current val is 615
I1014 11:31:36.151660 10613 naive_actor.cpp:25] actor 2199023255588 switch to &NaiveActor::HandlerNormal
I1014 11:31:36.151728 10613 thread.cpp:96] Thread 1048576 construct Actor kNormalForward 2199023255588
I1014 11:31:36.151820 10613 runtime_context.cpp:29] DecreaseCounter constructing_actor_cnt, current val is 614
I1014 11:31:36.151937 10606 naive_actor.cpp:25] actor 1099614388296 switch to &NaiveActor::HandlerNormal
I1014 11:31:36.151981 10606 thread.cpp:96] Thread 524337 construct Actor kTick 1099614388296
I1014 11:31:36.152051 10606 runtime_context.cpp:29] DecreaseCounter constructing_actor_cnt, current val is 613
I1014 11:31:36.152355 10624 naive_actor.cpp:25] actor 2207613190178 switch to &NaiveActor::HandlerNormal
I1014 11:31:36.152359 10606 naive_actor.cpp:25] actor 1099614388292 switch to &NaiveActor::HandlerNormal
I1014 11:31:36.152460 10624 thread.cpp:96] Thread 1052672 construct Actor kNormalForward 2207613190178
I1014 11:31:36.152544 10606 thread.cpp:96] Thread 524337 construct Actor kTick 1099614388292
I1014 11:31:36.152676 10606 runtime_context.cpp:29] DecreaseCounter constructing_actor_cnt, current val is 612
I1014 11:31:36.152680 10624 runtime_context.cpp:29] DecreaseCounter constructing_actor_cnt, current val is 611
I1014 11:31:36.152949 10613 naive_actor.cpp:25] actor 2199023255607 switch to &NaiveActor::HandlerNormal
I1014 11:31:36.152981 10606 naive_actor.cpp:25] actor 1099614388293 switch to &NaiveActor::HandlerNormal
I1014 11:31:36.153002 10613 thread.cpp:96] Thread 1048576 construct Actor kNormalForward 2199023255607
I1014 11:31:36.153034 10606 thread.cpp:96] Thread 524337 construct Actor kTick 1099614388293
I1014 11:31:36.153056 10624 naive_actor.cpp:25] actor 2207613190168 switch to &NaiveActor::HandlerNormal
I1014 11:31:36.153118 10624 thread.cpp:96] Thread 1052672 construct Actor kNormalForward 2207613190168
I1014 11:31:36.153120 10613 runtime_context.cpp:29] DecreaseCounter constructing_actor_cnt, current val is 610
I1014 11:31:36.153128 10606 runtime_context.cpp:29] DecreaseCounter constructing_actor_cnt, current val is 609
I1014 11:31:36.153187 10624 runtime_context.cpp:29] DecreaseCounter constructing_actor_cnt, current val is 608
I1014 11:31:36.153483 10606 naive_actor.cpp:25] actor 1099614388290 switch to &NaiveActor::HandlerNormal
I1014 11:31:36.153527 10613 naive_actor.cpp:25] actor 2199023255576 switch to &NaiveActor::HandlerNormal
I1014 11:31:36.153532 10606 thread.cpp:96] Thread 524337 construct Actor kTick 1099614388290
I1014 11:31:36.153549 10624 naive_actor.cpp:25] actor 2207613190182 switch to &NaiveActor::HandlerNormal
I1014 11:31:36.153590 10613 thread.cpp:96] Thread 1048576 construct Actor kNormalForward 2199023255576
I1014 11:31:36.153651 10606 runtime_context.cpp:29] DecreaseCounter constructing_actor_cnt, current val is 607
I1014 11:31:36.153756 10624 thread.cpp:96] Thread 1052672 construct Actor kNormalForward 2207613190182
I1014 11:31:36.153826 10613 runtime_context.cpp:29] DecreaseCounter constructing_actor_cnt, current val is 606
I1014 11:31:36.153944 10624 runtime_context.cpp:29] DecreaseCounter constructing_actor_cnt, current val is 605
I1014 11:31:36.154234 10606 naive_actor.cpp:25] actor 1099614388291 switch to &NaiveActor::HandlerNormal
I1014 11:31:36.154258 10613 naive_actor.cpp:25] actor 2199023255592 switch to &NaiveActor::HandlerNormal
I1014 11:31:36.154278 10606 thread.cpp:96] Thread 524337 construct Actor kDstSubsetTick 1099614388291
I1014 11:31:36.154316 10613 thread.cpp:96] Thread 1048576 construct Actor kNormalForward 2199023255592
I1014 11:31:36.154381 10606 runtime_context.cpp:29] DecreaseCounter constructing_actor_cnt, current val is 604
I1014 11:31:36.154418 10613 runtime_context.cpp:29] DecreaseCounter constructing_actor_cnt, current val is 603
I1014 11:31:36.154700 10606 naive_actor.cpp:25] actor 1099614388286 switch to &NaiveActor::HandlerNormal
I1014 11:31:36.154745 10606 thread.cpp:96] Thread 524337 construct Actor kTick 1099614388286
I1014 11:31:36.154839 10613 naive_actor.cpp:25] actor 2199023255590 switch to &NaiveActor::HandlerNormal
I1014 11:31:36.154898 10613 thread.cpp:96] Thread 1048576 construct Actor kNormalForward 2199023255590
I1014 11:31:36.154909 10606 runtime_context.cpp:29] DecreaseCounter constructing_actor_cnt, current val is 602
I1014 11:31:36.154978 10613 runtime_context.cpp:29] DecreaseCounter constructing_actor_cnt, current val is 601
I1014 11:31:36.155064 10624 naive_actor.cpp:25] actor 2207613190192 switch to &NaiveActor::HandlerNormal
I1014 11:31:36.155115 10624 thread.cpp:96] Thread 1052672 construct Actor kNormalForward 2207613190192
I1014 11:31:36.155205 10624 runtime_context.cpp:29] DecreaseCounter constructing_actor_cnt, current val is 600
I1014 11:31:36.155294 10606 naive_actor.cpp:25] actor 1099614388282 switch to &NaiveActor::HandlerNormal
I1014 11:31:36.155346 10606 thread.cpp:96] Thread 524337 construct Actor kTick 1099614388282
I1014 11:31:36.155349 10613 naive_actor.cpp:25] actor 2199023255585 switch to &NaiveActor::HandlerNormal
I1014 11:31:36.155411 10606 runtime_context.cpp:29] DecreaseCounter constructing_actor_cnt, current val is 599
I1014 11:31:36.155426 10613 thread.cpp:96] Thread 1048576 construct Actor kNormalForward 2199023255585
I1014 11:31:36.155534 10613 runtime_context.cpp:29] DecreaseCounter constructing_actor_cnt, current val is 598
I1014 11:31:36.155581 10624 naive_actor.cpp:25] actor 2207613190170 switch to &NaiveActor::HandlerNormal
I1014 11:31:36.155629 10624 thread.cpp:96] Thread 1052672 construct Actor kNormalForward 2207613190170
I1014 11:31:36.155710 10624 runtime_context.cpp:29] DecreaseCounter constructing_actor_cnt, current val is 597
I1014 11:31:36.155767 10606 naive_actor.cpp:25] actor 1099614388288 switch to &NaiveActor::HandlerNormal
I1014 11:31:36.155814 10606 thread.cpp:96] Thread 524337 construct Actor kSrcSubsetTick 1099614388288
I1014 11:31:36.155886 10606 runtime_context.cpp:29] DecreaseCounter constructing_actor_cnt, current val is 596
I1014 11:31:36.156114 10624 naive_actor.cpp:25] actor 2207613190145 switch to &NaiveActor::HandlerNormal
I1014 11:31:36.156162 10624 thread.cpp:96] Thread 1052672 construct Actor kNormalForward 2207613190145
I1014 11:31:36.156221 10606 naive_actor.cpp:25] actor 1099614388273 switch to &NaiveActor::HandlerNormal
I1014 11:31:36.156240 10624 runtime_context.cpp:29] DecreaseCounter constructing_actor_cnt, current val is 595
I1014 11:31:36.156270 10606 thread.cpp:96] Thread 524337 construct Actor kDeviceTick 1099614388273
I1014 11:31:36.156373 10606 runtime_context.cpp:29] DecreaseCounter constructing_actor_cnt, current val is 594
I1014 11:31:36.156644 10613 naive_actor.cpp:25] actor 2199023255586 switch to &NaiveActor::HandlerNormal
I1014 11:31:36.156697 10613 thread.cpp:96] Thread 1048576 construct Actor kNormalForward 2199023255586
I1014 11:31:36.156780 10606 naive_actor.cpp:25] actor 1099614388279 switch to &NaiveActor::HandlerNormal
I1014 11:31:36.156782 10613 runtime_context.cpp:29] DecreaseCounter constructing_actor_cnt, current val is 593
I1014 11:31:36.156826 10606 thread.cpp:96] Thread 524337 construct Actor kDstSubsetTick 1099614388279
I1014 11:31:36.156929 10606 runtime_context.cpp:29] DecreaseCounter constructing_actor_cnt, current val is 592
I1014 11:31:36.157239 10606 naive_actor.cpp:25] actor 1099614388281 switch to &NaiveActor::HandlerNormal
I1014 11:31:36.157285 10606 thread.cpp:96] Thread 524337 construct Actor kTick 1099614388281
I1014 11:31:36.157301 10624 naive_actor.cpp:25] actor 2207613190169 switch to &NaiveActor::HandlerNormal
I1014 11:31:36.157347 10606 runtime_context.cpp:29] DecreaseCounter constructing_actor_cnt, current val is 591
I1014 11:31:36.157366 10624 thread.cpp:96] Thread 1052672 construct Actor kNormalForward 2207613190169
I1014 11:31:36.157483 10624 runtime_context.cpp:29] DecreaseCounter constructing_actor_cnt, current val is 590
I1014 11:31:36.157672 10606 naive_actor.cpp:25] actor 1099614388280 switch to &NaiveActor::HandlerNormal
I1014 11:31:36.157713 10606 thread.cpp:96] Thread 524337 construct Actor kTick 1099614388280
I1014 11:31:36.157853 10606 runtime_context.cpp:29] DecreaseCounter constructing_actor_cnt, current val is 589
I1014 11:31:36.158046 10613 naive_actor.cpp:25] actor 2199023255609 switch to &NaiveActor::HandlerNormal
I1014 11:31:36.158098 10613 thread.cpp:96] Thread 1048576 construct Actor kNormalForward 2199023255609
I1014 11:31:36.158176 10606 naive_actor.cpp:25] actor 1099614388278 switch to &NaiveActor::HandlerNormal
I1014 11:31:36.158181 10613 runtime_context.cpp:29] DecreaseCounter constructing_actor_cnt, current val is 588
I1014 11:31:36.158219 10606 thread.cpp:96] Thread 524337 construct Actor kTick 1099614388278
I1014 11:31:36.158319 10606 runtime_context.cpp:29] DecreaseCounter constructing_actor_cnt, current val is 587
I1014 11:31:36.158632 10606 naive_actor.cpp:25] actor 1099614388298 switch to &NaiveActor::HandlerNormal
I1014 11:31:36.158640 10624 naive_actor.cpp:25] actor 2207613190183 switch to &NaiveActor::HandlerNormal
I1014 11:31:36.158680 10606 thread.cpp:96] Thread 524337 construct Actor kTick 1099614388298
I1014 11:31:36.158722 10624 thread.cpp:96] Thread 1052672 construct Actor kNormalForward 2207613190183
I1014 11:31:36.158787 10606 runtime_context.cpp:29] DecreaseCounter constructing_actor_cnt, current val is 586
I1014 11:31:36.158829 10624 runtime_context.cpp:29] DecreaseCounter constructing_actor_cnt, current val is 585
I1014 11:31:36.159101 10606 naive_actor.cpp:25] actor 1099614388297 switch to &NaiveActor::HandlerNormal
I1014 11:31:36.159147 10606 thread.cpp:96] Thread 524337 construct Actor kTick 1099614388297
I1014 11:31:36.159189 10624 naive_actor.cpp:25] actor 2207613190177 switch to &NaiveActor::HandlerNormal
I1014 11:31:36.159209 10606 runtime_context.cpp:29] DecreaseCounter constructing_actor_cnt, current val is 584
I1014 11:31:36.159240 10624 thread.cpp:96] Thread 1052672 construct Actor kNormalForward 2207613190177
I1014 11:31:36.159266 10613 naive_actor.cpp:25] actor 2199023255582 switch to &NaiveActor::HandlerNormal
I1014 11:31:36.159341 10613 thread.cpp:96] Thread 1048576 construct Actor kNormalForward 2199023255582
I1014 11:31:36.159344 10624 runtime_context.cpp:29] DecreaseCounter constructing_actor_cnt, current val is 583
I1014 11:31:36.159430 10613 runtime_context.cpp:29] DecreaseCounter constructing_actor_cnt, current val is 582
I1014 11:31:36.159577 10606 naive_actor.cpp:25] actor 1099614388299 switch to &NaiveActor::HandlerNormal
I1014 11:31:36.159636 10606 thread.cpp:96] Thread 524337 construct Actor kTick 1099614388299
I1014 11:31:36.159698 10606 runtime_context.cpp:29] DecreaseCounter constructing_actor_cnt, current val is 581
I1014 11:31:36.159996 10606 naive_actor.cpp:25] actor 1099614388316 switch to &NaiveActor::HandlerNormal
I1014 11:31:36.160044 10606 thread.cpp:96] Thread 524337 construct Actor kTick 1099614388316
I1014 11:31:36.160097 10606 runtime_context.cpp:29] DecreaseCounter constructing_actor_cnt, current val is 580
I1014 11:31:36.160275 10613 naive_actor.cpp:25] actor 2199023255573 switch to &NaiveActor::HandlerNormal
I1014 11:31:36.160280 10624 naive_actor.cpp:25] actor 2207613190179 switch to &NaiveActor::HandlerNormal
I1014 11:31:36.160331 10613 thread.cpp:96] Thread 1048576 construct Actor kNormalForward 2199023255573
I1014 11:31:36.160372 10624 thread.cpp:96] Thread 1052672 construct Actor kNormalForward 2207613190179
I1014 11:31:36.160439 10613 runtime_context.cpp:29] DecreaseCounter constructing_actor_cnt, current val is 579
I1014 11:31:36.160456 10606 naive_actor.cpp:25] actor 1099614388304 switch to &NaiveActor::HandlerNormal
I1014 11:31:36.160480 10624 runtime_context.cpp:29] DecreaseCounter constructing_actor_cnt, current val is 578
I1014 11:31:36.160514 10606 thread.cpp:96] Thread 524337 construct Actor kTick 1099614388304
I1014 11:31:36.160629 10606 runtime_context.cpp:29] DecreaseCounter constructing_actor_cnt, current val is 577
I1014 11:31:36.160840 10613 naive_actor.cpp:25] actor 2199023255597 switch to &NaiveActor::HandlerNormal
I1014 11:31:36.160897 10624 naive_actor.cpp:25] actor 2207613190175 switch to &NaiveActor::HandlerNormal
I1014 11:31:36.160900 10613 thread.cpp:96] Thread 1048576 construct Actor kNormalForward 2199023255597
I1014 11:31:36.160986 10624 thread.cpp:96] Thread 1052672 construct Actor kNormalForward 2207613190175
I1014 11:31:36.160921 10606 naive_actor.cpp:25] actor 1099614388315 switch to &NaiveActor::HandlerNormal
I1014 11:31:36.161067 10613 runtime_context.cpp:29] DecreaseCounter constructing_actor_cnt, current val is 576
I1014 11:31:36.161092 10606 thread.cpp:96] Thread 524337 construct Actor kTick 1099614388315
I1014 11:31:36.161101 10624 runtime_context.cpp:29] DecreaseCounter constructing_actor_cnt, current val is 575
I1014 11:31:36.161193 10606 runtime_context.cpp:29] DecreaseCounter constructing_actor_cnt, current val is 574
I1014 11:31:36.161501 10606 naive_actor.cpp:25] actor 1099614388301 switch to &NaiveActor::HandlerNormal
I1014 11:31:36.161550 10606 thread.cpp:96] Thread 524337 construct Actor kTick 1099614388301
I1014 11:31:36.161628 10606 runtime_context.cpp:29] DecreaseCounter constructing_actor_cnt, current val is 573
I1014 11:31:36.161934 10606 naive_actor.cpp:25] actor 1099614388323 switch to &NaiveActor::HandlerNormal
I1014 11:31:36.161979 10606 thread.cpp:96] Thread 524337 construct Actor kTick 1099614388323
I1014 11:31:36.162039 10606 runtime_context.cpp:29] DecreaseCounter constructing_actor_cnt, current val is 572
I1014 11:31:36.162284 10613 naive_actor.cpp:25] actor 2199023255584 switch to &NaiveActor::HandlerNormal
I1014 11:31:36.162329 10606 naive_actor.cpp:25] actor 1099614388319 switch to &NaiveActor::HandlerNormal
I1014 11:31:36.162307 10624 naive_actor.cpp:25] actor 2207613190164 switch to &NaiveActor::HandlerNormal
I1014 11:31:36.162338 10613 thread.cpp:96] Thread 1048576 construct Actor kNormalForward 2199023255584
I1014 11:31:36.162370 10606 thread.cpp:96] Thread 524337 construct Actor kTick 1099614388319
I1014 11:31:36.162407 10624 thread.cpp:96] Thread 1052672 construct Actor kNormalForward 2207613190164
I1014 11:31:36.162521 10613 runtime_context.cpp:29] DecreaseCounter constructing_actor_cnt, current val is 571
I1014 11:31:36.162531 10606 runtime_context.cpp:29] DecreaseCounter constructing_actor_cnt, current val is 570
I1014 11:31:36.162549 10624 runtime_context.cpp:29] DecreaseCounter constructing_actor_cnt, current val is 569
I1014 11:31:36.162869 10606 naive_actor.cpp:25] actor 1099614388320 switch to &NaiveActor::HandlerNormal
I1014 11:31:36.162914 10606 thread.cpp:96] Thread 524337 construct Actor kTick 1099614388320
I1014 11:31:36.162976 10606 runtime_context.cpp:29] DecreaseCounter constructing_actor_cnt, current val is 568
I1014 11:31:36.163219 10606 naive_actor.cpp:25] actor 1099614388317 switch to &NaiveActor::HandlerNormal
I1014 11:31:36.163266 10606 thread.cpp:96] Thread 524337 construct Actor kTick 1099614388317
I1014 11:31:36.163327 10606 runtime_context.cpp:29] DecreaseCounter constructing_actor_cnt, current val is 567
I1014 11:31:36.163475 10613 naive_actor.cpp:25] actor 2199023255603 switch to &NaiveActor::HandlerNormal
I1014 11:31:36.163524 10613 thread.cpp:96] Thread 1048576 construct Actor kNormalForward 2199023255603
I1014 11:31:36.163609 10606 naive_actor.cpp:25] actor 1099614388322 switch to &NaiveActor::HandlerNormal
I1014 11:31:36.163617 10613 runtime_context.cpp:29] DecreaseCounter constructing_actor_cnt, current val is 566
I1014 11:31:36.163652 10606 thread.cpp:96] Thread 524337 construct Actor kTick 1099614388322
I1014 11:31:36.163753 10606 runtime_context.cpp:29] DecreaseCounter constructing_actor_cnt, current val is 565
I1014 11:31:36.164013 10624 naive_actor.cpp:25] actor 2207613190166 switch to &NaiveActor::HandlerNormal
I1014 11:31:36.164033 10606 naive_actor.cpp:25] actor 1099614388318 switch to &NaiveActor::HandlerNormal
I1014 11:31:36.164072 10624 thread.cpp:96] Thread 1052672 construct Actor kNormalForward 2207613190166
I1014 11:31:36.164103 10606 thread.cpp:96] Thread 524337 construct Actor kTick 1099614388318
I1014 11:31:36.164201 10606 runtime_context.cpp:29] DecreaseCounter constructing_actor_cnt, current val is 564
I1014 11:31:36.164203 10624 runtime_context.cpp:29] DecreaseCounter constructing_actor_cnt, current val is 563
I1014 11:31:36.164511 10606 naive_actor.cpp:25] actor 1099614388307 switch to &NaiveActor::HandlerNormal
I1014 11:31:36.164572 10606 thread.cpp:96] Thread 524337 construct Actor kTick 1099614388307
I1014 11:31:36.164638 10606 runtime_context.cpp:29] DecreaseCounter constructing_actor_cnt, current val is 562
I1014 11:31:36.164798 10613 naive_actor.cpp:25] actor 2199023255577 switch to &NaiveActor::HandlerNormal
I1014 11:31:36.164858 10613 thread.cpp:96] Thread 1048576 construct Actor kNormalForward 2199023255577
I1014 11:31:36.164947 10613 runtime_context.cpp:29] DecreaseCounter constructing_actor_cnt, current val is 561
I1014 11:31:36.165210 10606 esac_actor.cpp:73] actor 1099614388324 switch to &EsacActor::HandlerNormal
I1014 11:31:36.165256 10606 thread.cpp:96] Thread 524337 construct Actor kEsac 1099614388324
I1014 11:31:36.165330 10606 runtime_context.cpp:29] DecreaseCounter constructing_actor_cnt, current val is 560
I1014 11:31:36.165412 10624 naive_actor.cpp:25] actor 2207613190171 switch to &NaiveActor::HandlerNormal
I1014 11:31:36.165467 10624 thread.cpp:96] Thread 1052672 construct Actor kNormalForward 2207613190171
I1014 11:31:36.165587 10624 runtime_context.cpp:29] DecreaseCounter constructing_actor_cnt, current val is 559
I1014 11:31:36.165647 10606 naive_actor.cpp:25] actor 1099614388309 switch to &NaiveActor::HandlerNormal
I1014 11:31:36.165688 10606 thread.cpp:96] Thread 524337 construct Actor kTick 1099614388309
I1014 11:31:36.165751 10606 runtime_context.cpp:29] DecreaseCounter constructing_actor_cnt, current val is 558
I1014 11:31:36.165969 10613 naive_actor.cpp:25] actor 2199023255593 switch to &NaiveActor::HandlerNormal
I1014 11:31:36.166021 10613 thread.cpp:96] Thread 1048576 construct Actor kNormalForward 2199023255593
I1014 11:31:36.166023 10606 naive_actor.cpp:25] actor 1099614388310 switch to &NaiveActor::HandlerNormal
I1014 11:31:36.166107 10613 runtime_context.cpp:29] DecreaseCounter constructing_actor_cnt, current val is 557
I1014 11:31:36.166143 10606 thread.cpp:96] Thread 524337 construct Actor kTick 1099614388310
I1014 11:31:36.166270 10606 runtime_context.cpp:29] DecreaseCounter constructing_actor_cnt, current val is 556
I1014 11:31:36.166635 10624 naive_actor.cpp:25] actor 2207613190195 switch to &NaiveActor::HandlerNormal
I1014 11:31:36.166661 10606 naive_actor.cpp:25] actor 1099614388302 switch to &NaiveActor::HandlerNormal
I1014 11:31:36.166688 10624 thread.cpp:96] Thread 1052672 construct Actor kNormalForward 2207613190195
I1014 11:31:36.166721 10606 thread.cpp:96] Thread 524337 construct Actor kTick 1099614388302
I1014 11:31:36.166812 10624 runtime_context.cpp:29] DecreaseCounter constructing_actor_cnt, current val is 555
I1014 11:31:36.166819 10606 runtime_context.cpp:29] DecreaseCounter constructing_actor_cnt, current val is 554
I1014 11:31:36.167182 10613 naive_actor.cpp:25] actor 2199023255615 switch to &NaiveActor::HandlerNormal
I1014 11:31:36.167183 10606 naive_actor.cpp:25] actor 1099614388321 switch to &NaiveActor::HandlerNormal
I1014 11:31:36.167240 10613 thread.cpp:96] Thread 1048576 construct Actor kNormalForward 2199023255615
I1014 11:31:36.167280 10606 thread.cpp:96] Thread 524337 construct Actor kTick 1099614388321
I1014 11:31:36.167369 10613 runtime_context.cpp:29] DecreaseCounter constructing_actor_cnt, current val is 553
I1014 11:31:36.167382 10606 runtime_context.cpp:29] DecreaseCounter constructing_actor_cnt, current val is 552
I1014 11:31:36.167711 10606 naive_actor.cpp:25] actor 1099614388312 switch to &NaiveActor::HandlerNormal
I1014 11:31:36.167750 10613 naive_actor.cpp:25] actor 2199023255571 switch to &NaiveActor::HandlerNormal
I1014 11:31:36.167760 10606 thread.cpp:96] Thread 524337 construct Actor kTick 1099614388312
I1014 11:31:36.167788 10624 naive_actor.cpp:25] actor 2207613190172 switch to &NaiveActor::HandlerNormal
I1014 11:31:36.167798 10613 thread.cpp:96] Thread 1048576 construct Actor kNormalForward 2199023255571
I1014 11:31:36.167857 10606 runtime_context.cpp:29] DecreaseCounter constructing_actor_cnt, current val is 551
I1014 11:31:36.167865 10624 thread.cpp:96] Thread 1052672 construct Actor kNormalForward 2207613190172
I1014 11:31:36.167927 10613 runtime_context.cpp:29] DecreaseCounter constructing_actor_cnt, current val is 550
I1014 11:31:36.168035 10624 runtime_context.cpp:29] DecreaseCounter constructing_actor_cnt, current val is 549
I1014 11:31:36.168267 10606 naive_actor.cpp:25] actor 1099614388303 switch to &NaiveActor::HandlerNormal
I1014 11:31:36.168315 10606 thread.cpp:96] Thread 524337 construct Actor kTick 1099614388303
I1014 11:31:36.168376 10606 runtime_context.cpp:29] DecreaseCounter constructing_actor_cnt, current val is 548
I1014 11:31:36.168447 10624 naive_actor.cpp:25] actor 2207613190196 switch to &NaiveActor::HandlerNormal
I1014 11:31:36.168498 10624 thread.cpp:96] Thread 1052672 construct Actor kNormalForward 2207613190196
I1014 11:31:36.168592 10624 runtime_context.cpp:29] DecreaseCounter constructing_actor_cnt, current val is 547
I1014 11:31:36.168699 10606 naive_actor.cpp:25] actor 1099614388327 switch to &NaiveActor::HandlerNormal
I1014 11:31:36.168746 10606 thread.cpp:96] Thread 524337 construct Actor kTick 1099614388327
I1014 11:31:36.168812 10606 runtime_context.cpp:29] DecreaseCounter constructing_actor_cnt, current val is 546
I1014 11:31:36.169112 10606 naive_actor.cpp:25] actor 1099614388313 switch to &NaiveActor::HandlerNormal
I1014 11:31:36.169165 10606 thread.cpp:96] Thread 524337 construct Actor kTick 1099614388313
I1014 11:31:36.169230 10606 runtime_context.cpp:29] DecreaseCounter constructing_actor_cnt, current val is 545
I1014 11:31:36.169256 10613 naive_actor.cpp:25] actor 2199023255595 switch to &NaiveActor::HandlerNormal
I1014 11:31:36.169313 10613 thread.cpp:96] Thread 1048576 construct Actor kNormalForward 2199023255595
I1014 11:31:36.169387 10613 runtime_context.cpp:29] DecreaseCounter constructing_actor_cnt, current val is 544
I1014 11:31:36.169545 10606 naive_actor.cpp:25] actor 1099614388328 switch to &NaiveActor::HandlerNormal
I1014 11:31:36.169600 10606 thread.cpp:96] Thread 524337 construct Actor kTick 1099614388328
I1014 11:31:36.169670 10606 runtime_context.cpp:29] DecreaseCounter constructing_actor_cnt, current val is 543
I1014 11:31:36.169700 10624 naive_actor.cpp:25] actor 2207613190162 switch to &NaiveActor::HandlerNormal
I1014 11:31:36.169765 10624 thread.cpp:96] Thread 1052672 construct Actor kNormalForward 2207613190162
I1014 11:31:36.169865 10624 runtime_context.cpp:29] DecreaseCounter constructing_actor_cnt, current val is 542
I1014 11:31:36.170104 10606 reentrant_lock_actor.cpp:76] actor 1099614388294 switch to &ReentrantLockActor::HandlerNormal
I1014 11:31:36.170152 10606 thread.cpp:96] Thread 524337 construct Actor kReentrantLock 1099614388294
I1014 11:31:36.170220 10606 runtime_context.cpp:29] DecreaseCounter constructing_actor_cnt, current val is 541
I1014 11:31:36.170246 10613 naive_actor.cpp:25] actor 2199023255587 switch to &NaiveActor::HandlerNormal
I1014 11:31:36.170296 10613 thread.cpp:96] Thread 1048576 construct Actor kNormalForward 2199023255587
I1014 11:31:36.170372 10613 runtime_context.cpp:29] DecreaseCounter constructing_actor_cnt, current val is 540
I1014 11:31:36.170548 10606 naive_actor.cpp:25] actor 1099614388314 switch to &NaiveActor::HandlerNormal
I1014 11:31:36.170604 10606 thread.cpp:96] Thread 524337 construct Actor kTick 1099614388314
I1014 11:31:36.170668 10606 runtime_context.cpp:29] DecreaseCounter constructing_actor_cnt, current val is 539
I1014 11:31:36.170761 10613 naive_actor.cpp:25] actor 2199023255611 switch to &NaiveActor::HandlerNormal
I1014 11:31:36.170804 10613 thread.cpp:96] Thread 1048576 construct Actor kNormalForward 2199023255611
I1014 11:31:36.170886 10613 runtime_context.cpp:29] DecreaseCounter constructing_actor_cnt, current val is 538
I1014 11:31:36.171002 10624 naive_actor.cpp:25] actor 2207613190219 switch to &NaiveActor::HandlerNormal
I1014 11:31:36.171025 10606 naive_actor.cpp:25] actor 1099614388325 switch to &NaiveActor::HandlerNormal
I1014 11:31:36.171047 10624 thread.cpp:96] Thread 1052672 construct Actor kNormalForward 2207613190219
I1014 11:31:36.171078 10606 thread.cpp:96] Thread 524337 construct Actor kTick 1099614388325
I1014 11:31:36.171226 10624 runtime_context.cpp:29] DecreaseCounter constructing_actor_cnt, current val is 537
I1014 11:31:36.171231 10606 runtime_context.cpp:29] DecreaseCounter constructing_actor_cnt, current val is 536
I1014 11:31:36.171602 10606 naive_actor.cpp:25] actor 1099614388329 switch to &NaiveActor::HandlerNormal
I1014 11:31:36.171648 10606 thread.cpp:96] Thread 524337 construct Actor kTick 1099614388329
I1014 11:31:36.171716 10606 runtime_context.cpp:29] DecreaseCounter constructing_actor_cnt, current val is 535
I1014 11:31:36.171902 10613 naive_actor.cpp:25] actor 2199023255589 switch to &NaiveActor::HandlerNormal
I1014 11:31:36.171952 10613 thread.cpp:96] Thread 1048576 construct Actor kNormalForward 2199023255589
I1014 11:31:36.171974 10624 naive_actor.cpp:25] actor 2207613190185 switch to &NaiveActor::HandlerNormal
I1014 11:31:36.172019 10624 thread.cpp:96] Thread 1052672 construct Actor kNormalForward 2207613190185
I1014 11:31:36.172034 10613 runtime_context.cpp:29] DecreaseCounter constructing_actor_cnt, current val is 534
I1014 11:31:36.172072 10606 naive_actor.cpp:25] actor 1099614388326 switch to &NaiveActor::HandlerNormal
I1014 11:31:36.172078 10624 runtime_context.cpp:29] DecreaseCounter constructing_actor_cnt, current val is 533
I1014 11:31:36.172120 10606 thread.cpp:96] Thread 524337 construct Actor kTick 1099614388326
I1014 11:31:36.172204 10606 runtime_context.cpp:29] DecreaseCounter constructing_actor_cnt, current val is 532
I1014 11:31:36.172399 10613 naive_actor.cpp:25] actor 2199023255613 switch to &NaiveActor::HandlerNormal
I1014 11:31:36.172458 10613 thread.cpp:96] Thread 1048576 construct Actor kNormalForward 2199023255613
I1014 11:31:36.172508 10606 naive_actor.cpp:25] actor 1099614388331 switch to &NaiveActor::HandlerNormal
I1014 11:31:36.172528 10613 runtime_context.cpp:29] DecreaseCounter constructing_actor_cnt, current val is 531
I1014 11:31:36.172557 10606 thread.cpp:96] Thread 524337 construct Actor kTick 1099614388331
I1014 11:31:36.172660 10606 runtime_context.cpp:29] DecreaseCounter constructing_actor_cnt, current val is 530
I1014 11:31:36.172881 10624 naive_actor.cpp:25] actor 2207613190243 switch to &NaiveActor::HandlerNormal
I1014 11:31:36.172919 10624 thread.cpp:96] Thread 1052672 construct Actor kNormalForward 2207613190243
I1014 11:31:36.172988 10624 runtime_context.cpp:29] DecreaseCounter constructing_actor_cnt, current val is 529
I1014 11:31:36.173022 10606 naive_actor.cpp:25] actor 1099614388308 switch to &NaiveActor::HandlerNormal
I1014 11:31:36.173081 10606 thread.cpp:96] Thread 524337 construct Actor kTick 1099614388308
I1014 11:31:36.173166 10606 runtime_context.cpp:29] DecreaseCounter constructing_actor_cnt, current val is 528
I1014 11:31:36.173563 10606 naive_actor.cpp:25] actor 1099614388311 switch to &NaiveActor::HandlerNormal
I1014 11:31:36.173591 10613 naive_actor.cpp:25] actor 2199023255554 switch to &NaiveActor::HandlerNormal
I1014 11:31:36.173653 10606 thread.cpp:96] Thread 524337 construct Actor kTick 1099614388311
I1014 11:31:36.173693 10613 thread.cpp:96] Thread 1048576 construct Actor kNormalForward 2199023255554
I1014 11:31:36.173774 10606 runtime_context.cpp:29] DecreaseCounter constructing_actor_cnt, current val is 527
I1014 11:31:36.173785 10624 naive_actor.cpp:25] actor 2207613190204 switch to &NaiveActor::HandlerNormal
I1014 11:31:36.173801 10613 runtime_context.cpp:29] DecreaseCounter constructing_actor_cnt, current val is 526
I1014 11:31:36.173848 10624 thread.cpp:96] Thread 1052672 construct Actor kNormalForward 2207613190204
I1014 11:31:36.173945 10624 runtime_context.cpp:29] DecreaseCounter constructing_actor_cnt, current val is 525
I1014 11:31:36.174615 10624 naive_actor.cpp:25] actor 2207613190202 switch to &NaiveActor::HandlerNormal
I1014 11:31:36.174664 10624 thread.cpp:96] Thread 1052672 construct Actor kNormalForward 2207613190202
I1014 11:31:36.174666 10613 naive_actor.cpp:25] actor 2199023255625 switch to &NaiveActor::HandlerNormal
I1014 11:31:36.174731 10624 runtime_context.cpp:29] DecreaseCounter constructing_actor_cnt, current val is 524
I1014 11:31:36.174775 10613 thread.cpp:96] Thread 1048576 construct Actor kNormalForward 2199023255625
I1014 11:31:36.174885 10613 runtime_context.cpp:29] DecreaseCounter constructing_actor_cnt, current val is 523
I1014 11:31:36.175235 10613 naive_actor.cpp:25] actor 2199023255578 switch to &NaiveActor::HandlerNormal
I1014 11:31:36.175276 10613 thread.cpp:96] Thread 1048576 construct Actor kNormalForward 2199023255578
I1014 11:31:36.175338 10613 runtime_context.cpp:29] DecreaseCounter constructing_actor_cnt, current val is 522
I1014 11:31:36.175540 10624 naive_actor.cpp:25] actor 2207613190206 switch to &NaiveActor::HandlerNormal
I1014 11:31:36.175590 10624 thread.cpp:96] Thread 1052672 construct Actor kNormalForward 2207613190206
I1014 11:31:36.175658 10624 runtime_context.cpp:29] DecreaseCounter constructing_actor_cnt, current val is 521
I1014 11:31:36.176224 10613 naive_actor.cpp:25] actor 2199023255575 switch to &NaiveActor::HandlerNormal
I1014 11:31:36.176273 10613 thread.cpp:96] Thread 1048576 construct Actor kNormalForward 2199023255575
I1014 11:31:36.176306 10624 naive_actor.cpp:25] actor 2207613190174 switch to &NaiveActor::HandlerNormal
I1014 11:31:36.176342 10624 thread.cpp:96] Thread 1052672 construct Actor kNormalForward 2207613190174
I1014 11:31:36.176344 10613 runtime_context.cpp:29] DecreaseCounter constructing_actor_cnt, current val is 520
I1014 11:31:36.176401 10624 runtime_context.cpp:29] DecreaseCounter constructing_actor_cnt, current val is 519
I1014 11:31:36.176647 10624 naive_actor.cpp:25] actor 2207613190198 switch to &NaiveActor::HandlerNormal
I1014 11:31:36.176684 10624 thread.cpp:96] Thread 1052672 construct Actor kNormalForward 2207613190198
I1014 11:31:36.176738 10624 runtime_context.cpp:29] DecreaseCounter constructing_actor_cnt, current val is 518
I1014 11:31:36.177340 10613 naive_actor.cpp:25] actor 2199023255616 switch to &NaiveActor::HandlerNormal
I1014 11:31:36.177388 10613 thread.cpp:96] Thread 1048576 construct Actor kNormalForward 2199023255616
I1014 11:31:36.177454 10613 runtime_context.cpp:29] DecreaseCounter constructing_actor_cnt, current val is 517
I1014 11:31:36.177713 10624 naive_actor.cpp:25] actor 2207613190194 switch to &NaiveActor::HandlerNormal
I1014 11:31:36.177753 10624 thread.cpp:96] Thread 1052672 construct Actor kNormalForward 2207613190194
I1014 11:31:36.177809 10624 runtime_context.cpp:29] DecreaseCounter constructing_actor_cnt, current val is 516
I1014 11:31:36.178314 10613 naive_actor.cpp:25] actor 2199023255614 switch to &NaiveActor::HandlerNormal
I1014 11:31:36.178359 10613 thread.cpp:96] Thread 1048576 construct Actor kNormalForward 2199023255614
I1014 11:31:36.178431 10613 runtime_context.cpp:29] DecreaseCounter constructing_actor_cnt, current val is 515
I1014 11:31:36.178577 10624 naive_actor.cpp:25] actor 2207613190176 switch to &NaiveActor::HandlerNormal
I1014 11:31:36.178623 10624 thread.cpp:96] Thread 1052672 construct Actor kNormalForward 2207613190176
I1014 11:31:36.178687 10624 runtime_context.cpp:29] DecreaseCounter constructing_actor_cnt, current val is 514
I1014 11:31:36.179263 10624 naive_actor.cpp:25] actor 2207613190193 switch to &NaiveActor::HandlerNormal
I1014 11:31:36.179322 10624 thread.cpp:96] Thread 1052672 construct Actor kNormalForward 2207613190193
I1014 11:31:36.179374 10624 runtime_context.cpp:29] DecreaseCounter constructing_actor_cnt, current val is 513
I1014 11:31:36.179853 10613 naive_actor.cpp:25] actor 2199023255581 switch to &NaiveActor::HandlerNormal
I1014 11:31:36.179903 10613 thread.cpp:96] Thread 1048576 construct Actor kNormalForward 2199023255581
I1014 11:31:36.179962 10613 runtime_context.cpp:29] DecreaseCounter constructing_actor_cnt, current val is 512
I1014 11:31:36.180137 10624 naive_actor.cpp:25] actor 2207613190215 switch to &NaiveActor::HandlerNormal
I1014 11:31:36.180176 10624 thread.cpp:96] Thread 1052672 construct Actor kNormalForward 2207613190215
I1014 11:31:36.180282 10624 runtime_context.cpp:29] DecreaseCounter constructing_actor_cnt, current val is 511
I1014 11:31:36.180867 10613 naive_actor.cpp:25] actor 2199023255621 switch to &NaiveActor::HandlerNormal
I1014 11:31:36.180915 10613 thread.cpp:96] Thread 1048576 construct Actor kNormalForward 2199023255621
I1014 11:31:36.180922 10624 naive_actor.cpp:25] actor 2207613190207 switch to &NaiveActor::HandlerNormal
I1014 11:31:36.180979 10624 thread.cpp:96] Thread 1052672 construct Actor kNormalForward 2207613190207
I1014 11:31:36.180989 10613 runtime_context.cpp:29] DecreaseCounter constructing_actor_cnt, current val is 510
I1014 11:31:36.181035 10624 runtime_context.cpp:29] DecreaseCounter constructing_actor_cnt, current val is 509
I1014 11:31:36.181849 10613 naive_actor.cpp:25] actor 2199023255610 switch to &NaiveActor::HandlerNormal
I1014 11:31:36.181905 10613 thread.cpp:96] Thread 1048576 construct Actor kNormalForward 2199023255610
I1014 11:31:36.181906 10624 naive_actor.cpp:25] actor 2207613190201 switch to &NaiveActor::HandlerNormal
I1014 11:31:36.181967 10624 thread.cpp:96] Thread 1052672 construct Actor kNormalForward 2207613190201
I1014 11:31:36.181977 10613 runtime_context.cpp:29] DecreaseCounter constructing_actor_cnt, current val is 508
I1014 11:31:36.182024 10624 runtime_context.cpp:29] DecreaseCounter constructing_actor_cnt, current val is 507
I1014 11:31:36.182296 10624 naive_actor.cpp:25] actor 2207613190203 switch to &NaiveActor::HandlerNormal
I1014 11:31:36.182333 10624 thread.cpp:96] Thread 1052672 construct Actor kNormalForward 2207613190203
I1014 11:31:36.182336 10613 naive_actor.cpp:25] actor 2199023255606 switch to &NaiveActor::HandlerNormal
I1014 11:31:36.182384 10624 runtime_context.cpp:29] DecreaseCounter constructing_actor_cnt, current val is 506
I1014 11:31:36.182397 10613 thread.cpp:96] Thread 1048576 construct Actor kNormalForward 2199023255606
I1014 11:31:36.182476 10613 runtime_context.cpp:29] DecreaseCounter constructing_actor_cnt, current val is 505
I1014 11:31:36.183059 10624 naive_actor.cpp:25] actor 2207613190199 switch to &NaiveActor::HandlerNormal
I1014 11:31:36.183101 10624 thread.cpp:96] Thread 1052672 construct Actor kNormalForward 2207613190199
I1014 11:31:36.183162 10624 runtime_context.cpp:29] DecreaseCounter constructing_actor_cnt, current val is 504
I1014 11:31:36.183395 10624 naive_actor.cpp:25] actor 2207613190163 switch to &NaiveActor::HandlerNormal
I1014 11:31:36.183429 10624 thread.cpp:96] Thread 1052672 construct Actor kNormalForward 2207613190163
I1014 11:31:36.183481 10624 runtime_context.cpp:29] DecreaseCounter constructing_actor_cnt, current val is 503
I1014 11:31:36.183588 10613 naive_actor.cpp:25] actor 2199023255574 switch to &NaiveActor::HandlerNormal
I1014 11:31:36.183634 10613 thread.cpp:96] Thread 1048576 construct Actor kNormalForward 2199023255574
I1014 11:31:36.183706 10613 runtime_context.cpp:29] DecreaseCounter constructing_actor_cnt, current val is 502
I1014 11:31:36.184183 10624 naive_actor.cpp:25] actor 2207613190229 switch to &NaiveActor::HandlerNormal
I1014 11:31:36.184221 10624 thread.cpp:96] Thread 1052672 construct Actor kNormalForward 2207613190229
I1014 11:31:36.184278 10624 runtime_context.cpp:29] DecreaseCounter constructing_actor_cnt, current val is 501
I1014 11:31:36.184468 10613 naive_actor.cpp:25] actor 2199023255608 switch to &NaiveActor::HandlerNormal
I1014 11:31:36.184512 10613 thread.cpp:96] Thread 1048576 construct Actor kNormalForward 2199023255608
I1014 11:31:36.184594 10613 runtime_context.cpp:29] DecreaseCounter constructing_actor_cnt, current val is 500
I1014 11:31:36.185045 10624 naive_actor.cpp:25] actor 2207613190227 switch to &NaiveActor::HandlerNormal
I1014 11:31:36.185082 10624 thread.cpp:96] Thread 1052672 construct Actor kNormalForward 2207613190227
I1014 11:31:36.185144 10624 runtime_context.cpp:29] DecreaseCounter constructing_actor_cnt, current val is 499
I1014 11:31:36.185271 10613 naive_actor.cpp:25] actor 2199023255601 switch to &NaiveActor::HandlerNormal
I1014 11:31:36.185320 10613 thread.cpp:96] Thread 1048576 construct Actor kNormalForward 2199023255601
I1014 11:31:36.185423 10613 runtime_context.cpp:29] DecreaseCounter constructing_actor_cnt, current val is 498
I1014 11:31:36.185894 10624 naive_actor.cpp:25] actor 2207613190190 switch to &NaiveActor::HandlerNormal
I1014 11:31:36.185931 10624 thread.cpp:96] Thread 1052672 construct Actor kNormalForward 2207613190190
I1014 11:31:36.185989 10624 runtime_context.cpp:29] DecreaseCounter constructing_actor_cnt, current val is 497
I1014 11:31:36.186190 10613 naive_actor.cpp:25] actor 2199023255617 switch to &NaiveActor::HandlerNormal
I1014 11:31:36.186235 10613 thread.cpp:96] Thread 1048576 construct Actor kNormalForward 2199023255617
I1014 11:31:36.186306 10613 runtime_context.cpp:29] DecreaseCounter constructing_actor_cnt, current val is 496
I1014 11:31:36.186647 10613 naive_actor.cpp:25] actor 2199023255619 switch to &NaiveActor::HandlerNormal
I1014 11:31:36.186676 10624 naive_actor.cpp:25] actor 2207613190157 switch to &NaiveActor::HandlerNormal
I1014 11:31:36.186689 10613 thread.cpp:96] Thread 1048576 construct Actor kNormalForward 2199023255619
I1014 11:31:36.186722 10624 thread.cpp:96] Thread 1052672 construct Actor kNormalForward 2207613190157
I1014 11:31:36.186784 10613 runtime_context.cpp:29] DecreaseCounter constructing_actor_cnt, current val is 495
I1014 11:31:36.186810 10624 runtime_context.cpp:29] DecreaseCounter constructing_actor_cnt, current val is 494
I1014 11:31:36.187055 10624 naive_actor.cpp:25] actor 2207613190184 switch to &NaiveActor::HandlerNormal
I1014 11:31:36.187093 10624 thread.cpp:96] Thread 1052672 construct Actor kNormalForward 2207613190184
