I1012 16:15:35.380852 11770 thread.cpp:96] Thread 1048576 construct Actor kNormalForward 2199023255851
I1012 16:15:35.380949 11796 runtime_context.cpp:29] DecreaseCounter constructing_actor_cnt, current val is 37
I1012 16:15:35.381093 11770 runtime_context.cpp:29] DecreaseCounter constructing_actor_cnt, current val is 36
I1012 16:15:35.381402 11796 naive_actor.cpp:25] actor 2207613190448 switch to &NaiveActor::HandlerNormal
I1012 16:15:35.381472 11770 naive_actor.cpp:25] actor 2199023255850 switch to &NaiveActor::HandlerNormal
I1012 16:15:35.381494 11796 thread.cpp:96] Thread 1052672 construct Actor kNormalForward 2207613190448
I1012 16:15:35.381561 11770 thread.cpp:96] Thread 1048576 construct Actor kNormalForward 2199023255850
I1012 16:15:35.381654 11796 runtime_context.cpp:29] DecreaseCounter constructing_actor_cnt, current val is 35
I1012 16:15:35.381712 11770 runtime_context.cpp:29] DecreaseCounter constructing_actor_cnt, current val is 34
I1012 16:15:35.381981 11796 naive_actor.cpp:25] actor 2207613190437 switch to &NaiveActor::HandlerNormal
I1012 16:15:35.382058 11770 naive_actor.cpp:25] actor 2199023255832 switch to &NaiveActor::HandlerNormal
I1012 16:15:35.382061 11796 thread.cpp:96] Thread 1052672 construct Actor kNormalForward 2207613190437
I1012 16:15:35.382145 11770 thread.cpp:96] Thread 1048576 construct Actor kNormalForward 2199023255832
I1012 16:15:35.382239 11796 runtime_context.cpp:29] DecreaseCounter constructing_actor_cnt, current val is 33
I1012 16:15:35.382301 11770 runtime_context.cpp:29] DecreaseCounter constructing_actor_cnt, current val is 32
I1012 16:15:35.382578 11796 naive_actor.cpp:25] actor 2207613190425 switch to &NaiveActor::HandlerNormal
I1012 16:15:35.382660 11796 thread.cpp:96] Thread 1052672 construct Actor kNormalForward 2207613190425
I1012 16:15:35.382661 11770 naive_actor.cpp:25] actor 2199023255828 switch to &NaiveActor::HandlerNormal
I1012 16:15:35.382751 11796 runtime_context.cpp:29] DecreaseCounter constructing_actor_cnt, current val is 31
I1012 16:15:35.382788 11770 thread.cpp:96] Thread 1048576 construct Actor kNormalForward 2199023255828
I1012 16:15:35.382944 11770 runtime_context.cpp:29] DecreaseCounter constructing_actor_cnt, current val is 30
I1012 16:15:35.383157 11796 naive_actor.cpp:25] actor 2207613190445 switch to &NaiveActor::HandlerNormal
I1012 16:15:35.383241 11796 thread.cpp:96] Thread 1052672 construct Actor kNormalForward 2207613190445
I1012 16:15:35.383288 11770 naive_actor.cpp:25] actor 2199023255827 switch to &NaiveActor::HandlerNormal
I1012 16:15:35.383324 11796 runtime_context.cpp:29] DecreaseCounter constructing_actor_cnt, current val is 29
I1012 16:15:35.383365 11770 thread.cpp:96] Thread 1048576 construct Actor kNormalForward 2199023255827
I1012 16:15:35.383538 11770 runtime_context.cpp:29] DecreaseCounter constructing_actor_cnt, current val is 28
I1012 16:15:35.383872 11770 naive_actor.cpp:25] actor 2199023255824 switch to &NaiveActor::HandlerNormal
I1012 16:15:35.383960 11770 thread.cpp:96] Thread 1048576 construct Actor kNormalForward 2199023255824
I1012 16:15:35.384055 11770 runtime_context.cpp:29] DecreaseCounter constructing_actor_cnt, current val is 27
I1012 16:15:35.384397 11770 naive_actor.cpp:25] actor 2199023255825 switch to &NaiveActor::HandlerNormal
I1012 16:15:35.384491 11770 thread.cpp:96] Thread 1048576 construct Actor kNormalForward 2199023255825
I1012 16:15:35.384591 11770 runtime_context.cpp:29] DecreaseCounter constructing_actor_cnt, current val is 26
I1012 16:15:35.384919 11770 naive_actor.cpp:25] actor 2199023255823 switch to &NaiveActor::HandlerNormal
I1012 16:15:35.385006 11770 thread.cpp:96] Thread 1048576 construct Actor kNormalForward 2199023255823
I1012 16:15:35.385108 11770 runtime_context.cpp:29] DecreaseCounter constructing_actor_cnt, current val is 25
I1012 16:15:35.385439 11770 naive_actor.cpp:25] actor 2199023255846 switch to &NaiveActor::HandlerNormal
I1012 16:15:35.385527 11770 thread.cpp:96] Thread 1048576 construct Actor kNormalForward 2199023255846
I1012 16:15:35.385627 11770 runtime_context.cpp:29] DecreaseCounter constructing_actor_cnt, current val is 24
I1012 16:15:35.385955 11770 naive_actor.cpp:25] actor 2199023255826 switch to &NaiveActor::HandlerNormal
I1012 16:15:35.386111 11770 thread.cpp:96] Thread 1048576 construct Actor kNormalForward 2199023255826
I1012 16:15:35.386219 11770 runtime_context.cpp:29] DecreaseCounter constructing_actor_cnt, current val is 23
I1012 16:15:35.386545 11770 naive_actor.cpp:25] actor 2199023255848 switch to &NaiveActor::HandlerNormal
I1012 16:15:35.386634 11770 thread.cpp:96] Thread 1048576 construct Actor kNormalForward 2199023255848
I1012 16:15:35.386736 11770 runtime_context.cpp:29] DecreaseCounter constructing_actor_cnt, current val is 22
I1012 16:15:35.387061 11770 naive_actor.cpp:25] actor 2199023255849 switch to &NaiveActor::HandlerNormal
I1012 16:15:35.387149 11770 thread.cpp:96] Thread 1048576 construct Actor kNormalForward 2199023255849
I1012 16:15:35.387255 11770 runtime_context.cpp:29] DecreaseCounter constructing_actor_cnt, current val is 21
I1012 16:15:35.387600 11770 naive_actor.cpp:25] actor 2199023255840 switch to &NaiveActor::HandlerNormal
I1012 16:15:35.387687 11770 thread.cpp:96] Thread 1048576 construct Actor kNormalForward 2199023255840
I1012 16:15:35.387785 11770 runtime_context.cpp:29] DecreaseCounter constructing_actor_cnt, current val is 20
I1012 16:15:35.388113 11770 naive_actor.cpp:25] actor 2199023255838 switch to &NaiveActor::HandlerNormal
I1012 16:15:35.388202 11770 thread.cpp:96] Thread 1048576 construct Actor kNormalForward 2199023255838
I1012 16:15:35.388304 11770 runtime_context.cpp:29] DecreaseCounter constructing_actor_cnt, current val is 19
I1012 16:15:35.388650 11770 naive_actor.cpp:25] actor 2199023255841 switch to &NaiveActor::HandlerNormal
I1012 16:15:35.397480 11770 thread.cpp:96] Thread 1048576 construct Actor kNormalForward 2199023255841
I1012 16:15:35.397759 11770 runtime_context.cpp:29] DecreaseCounter constructing_actor_cnt, current val is 18
I1012 16:15:35.398443 11770 naive_actor.cpp:25] actor 2199023255831 switch to &NaiveActor::HandlerNormal
I1012 16:15:35.398541 11770 thread.cpp:96] Thread 1048576 construct Actor kNormalForward 2199023255831
I1012 16:15:35.398659 11770 runtime_context.cpp:29] DecreaseCounter constructing_actor_cnt, current val is 17
I1012 16:15:35.399011 11770 naive_actor.cpp:25] actor 2199023255835 switch to &NaiveActor::HandlerNormal
I1012 16:15:35.399101 11770 thread.cpp:96] Thread 1048576 construct Actor kNormalForward 2199023255835
I1012 16:15:35.399204 11770 runtime_context.cpp:29] DecreaseCounter constructing_actor_cnt, current val is 16
I1012 16:15:35.399541 11770 naive_actor.cpp:25] actor 2199023255847 switch to &NaiveActor::HandlerNormal
I1012 16:15:35.399627 11770 thread.cpp:96] Thread 1048576 construct Actor kNormalForward 2199023255847
I1012 16:15:35.399729 11770 runtime_context.cpp:29] DecreaseCounter constructing_actor_cnt, current val is 15
I1012 16:15:35.400054 11770 naive_actor.cpp:25] actor 2199023255845 switch to &NaiveActor::HandlerNormal
I1012 16:15:35.400144 11770 thread.cpp:96] Thread 1048576 construct Actor kNormalForward 2199023255845
I1012 16:15:35.400246 11770 runtime_context.cpp:29] DecreaseCounter constructing_actor_cnt, current val is 14
I1012 16:15:35.400588 11770 naive_actor.cpp:25] actor 2199023255839 switch to &NaiveActor::HandlerNormal
I1012 16:15:35.400677 11770 thread.cpp:96] Thread 1048576 construct Actor kNormalForward 2199023255839
I1012 16:15:35.400782 11770 runtime_context.cpp:29] DecreaseCounter constructing_actor_cnt, current val is 13
I1012 16:15:35.401122 11770 naive_actor.cpp:25] actor 2199023255829 switch to &NaiveActor::HandlerNormal
I1012 16:15:35.401213 11770 thread.cpp:96] Thread 1048576 construct Actor kNormalForward 2199023255829
I1012 16:15:35.401309 11770 runtime_context.cpp:29] DecreaseCounter constructing_actor_cnt, current val is 12
I1012 16:15:35.401648 11770 naive_actor.cpp:25] actor 2199023255837 switch to &NaiveActor::HandlerNormal
I1012 16:15:35.401734 11770 thread.cpp:96] Thread 1048576 construct Actor kNormalForward 2199023255837
I1012 16:15:35.401830 11770 runtime_context.cpp:29] DecreaseCounter constructing_actor_cnt, current val is 11
I1012 16:15:35.402161 11770 naive_actor.cpp:25] actor 2199023255843 switch to &NaiveActor::HandlerNormal
I1012 16:15:35.402324 11770 thread.cpp:96] Thread 1048576 construct Actor kNormalForward 2199023255843
I1012 16:15:35.402447 11770 runtime_context.cpp:29] DecreaseCounter constructing_actor_cnt, current val is 10
I1012 16:15:35.402819 11770 naive_actor.cpp:25] actor 2199023255860 switch to &NaiveActor::HandlerNormal
I1012 16:15:35.402909 11770 thread.cpp:96] Thread 1048576 construct Actor kDeviceTick 2199023255860
I1012 16:15:35.402995 11770 runtime_context.cpp:29] DecreaseCounter constructing_actor_cnt, current val is 9
I1012 16:15:35.403321 11770 naive_actor.cpp:25] actor 2199023255833 switch to &NaiveActor::HandlerNormal
I1012 16:15:35.403407 11770 thread.cpp:96] Thread 1048576 construct Actor kNormalForward 2199023255833
I1012 16:15:35.403517 11770 runtime_context.cpp:29] DecreaseCounter constructing_actor_cnt, current val is 8
I1012 16:15:35.403841 11770 naive_actor.cpp:25] actor 2199023255852 switch to &NaiveActor::HandlerNormal
I1012 16:15:35.403935 11770 thread.cpp:96] Thread 1048576 construct Actor kNormalForward 2199023255852
I1012 16:15:35.404023 11770 runtime_context.cpp:29] DecreaseCounter constructing_actor_cnt, current val is 7
I1012 16:15:35.404347 11770 naive_actor.cpp:25] actor 2199023255858 switch to &NaiveActor::HandlerNormal
I1012 16:15:35.404444 11770 thread.cpp:96] Thread 1048576 construct Actor kNormalForward 2199023255858
I1012 16:15:35.404537 11770 runtime_context.cpp:29] DecreaseCounter constructing_actor_cnt, current val is 6
I1012 16:15:35.404863 11770 naive_actor.cpp:25] actor 2199023255836 switch to &NaiveActor::HandlerNormal
I1012 16:15:35.404949 11770 thread.cpp:96] Thread 1048576 construct Actor kNormalForward 2199023255836
I1012 16:15:35.405042 11770 runtime_context.cpp:29] DecreaseCounter constructing_actor_cnt, current val is 5
I1012 16:15:35.405371 11770 naive_actor.cpp:25] actor 2199023255855 switch to &NaiveActor::HandlerNormal
I1012 16:15:35.405460 11770 thread.cpp:96] Thread 1048576 construct Actor kNormalForward 2199023255855
I1012 16:15:35.405547 11770 runtime_context.cpp:29] DecreaseCounter constructing_actor_cnt, current val is 4
I1012 16:15:35.405880 11770 naive_actor.cpp:25] actor 2199023255856 switch to &NaiveActor::HandlerNormal
I1012 16:15:35.405966 11770 thread.cpp:96] Thread 1048576 construct Actor kNormalForward 2199023255856
I1012 16:15:35.406064 11770 runtime_context.cpp:29] DecreaseCounter constructing_actor_cnt, current val is 3
I1012 16:15:35.408351 11770 naive_actor.cpp:25] actor 2199023255859 switch to &NaiveActor::HandlerNormal
I1012 16:15:35.413487 11770 thread.cpp:96] Thread 1048576 construct Actor kNormalForward 2199023255859
I1012 16:15:35.413911 11770 runtime_context.cpp:29] DecreaseCounter constructing_actor_cnt, current val is 2
I1012 16:15:35.414557 11770 naive_actor.cpp:25] actor 2199023255857 switch to &NaiveActor::HandlerNormal
I1012 16:15:35.414650 11770 thread.cpp:96] Thread 1048576 construct Actor kNormalForward 2199023255857
I1012 16:15:35.414758 11770 runtime_context.cpp:29] DecreaseCounter constructing_actor_cnt, current val is 1
I1012 16:15:35.415109 11770 naive_actor.cpp:25] actor 2199023255830 switch to &NaiveActor::HandlerNormal
I1012 16:15:35.415197 11770 thread.cpp:96] Thread 1048576 construct Actor kNormalForward 2199023255830
I1012 16:15:35.415309 11770 runtime_context.cpp:29] DecreaseCounter constructing_actor_cnt, current val is 0
I1012 16:15:35.416909 10831 runtime.cpp:93] Actors on this machine constructed
I1012 16:15:35.417068 10831 runtime.cpp:95] Actors on every machine constructed
I1012 16:15:35.417136 10831 runtime_context.cpp:21] NewCounter job_5_running_actor_count 41
I1012 16:15:35.417187 10831 runtime_context.cpp:21] NewCounter job_4_running_actor_count 22
I1012 16:15:35.417223 10831 runtime_context.cpp:21] NewCounter job_3_running_actor_count 91
I1012 16:15:35.417275 10831 runtime_context.cpp:21] NewCounter job_2_running_actor_count 91
I1012 16:15:35.417326 10831 runtime_context.cpp:21] NewCounter job_0_running_actor_count 447
I1012 16:15:35.417519 10831 runtime_context.cpp:21] NewCounter job_1_running_actor_count 89
I1012 16:15:35.417620 11724 wait_and_send_ids_actor.cpp:73] actor 1099616485376 switch to &WaitAndSendIdsActor::HandlerNormal
I1012 16:15:35.417930 10831 global.h:36] NewGlobal N7oneflow7JobDescE
I1012 16:15:35.497207 10831 global.h:43] DeleteGlobal N7oneflow7JobDescE
I1012 16:15:36.277489 11796 local.cpp:114] waiting for key: eager_nccl_unique_id_rpc_key,0:0,0:1
I1012 16:15:36.297188 11770 eager_nccl_comm_manager.cpp:69]  EagerNcclCommMgr::ncclCommInitRank device_vec.size() = 2, nccl_unique_id = 0200ffffffb3ffffffeb0b0b010e000000000000000000000000000000000000000000000000000000000000000000000000000000000000000000000000000000000000000000000000000000000000000000000000000000000000000000000000000000000000000000000000000000000000000000000000000000000000000000000000, rank = 0, key = {eager_nccl_unique_id_rpc_key,0:0,0:1}
I1012 16:15:36.297204 11796 eager_nccl_comm_manager.cpp:69]  EagerNcclCommMgr::ncclCommInitRank device_vec.size() = 2, nccl_unique_id = 0200ffffffb3ffffffeb0b0b010e000000000000000000000000000000000000000000000000000000000000000000000000000000000000000000000000000000000000000000000000000000000000000000000000000000000000000000000000000000000000000000000000000000000000000000000000000000000000000000000000, rank = 1, key = {eager_nccl_unique_id_rpc_key,0:0,0:1}
I1012 16:16:30.519735 10831 global.h:43] DeleteGlobal N7oneflow7OneflowE
I1012 16:16:30.520045 11724 actor.cpp:411] actor 1099616485376 switch to &Actor::HandlerZombie
I1012 16:16:30.520107 11723 actor.cpp:411] actor 1099614388296 switch to &Actor::HandlerZombie
I1012 16:16:30.520176 11724 thread.cpp:76] thread 524338 deconstruct actor 1099616485376
I1012 16:16:30.520269 11723 actor.cpp:408] actor 1099614388297 switch to nullptr
I1012 16:16:30.520399 11723 thread.cpp:76] thread 524337 deconstruct actor 1099614388297
I1012 16:16:30.520527 11724 runtime_context.cpp:29] DecreaseCounter job_5_running_actor_count, current val is 40
I1012 16:16:30.520828 11723 runtime_context.cpp:29] DecreaseCounter job_5_running_actor_count, current val is 39
I1012 16:16:30.520933 11723 actor.cpp:408] actor 1099614388322 switch to nullptr
I1012 16:16:30.521005 11723 thread.cpp:76] thread 524337 deconstruct actor 1099614388322
I1012 16:16:30.521200 11723 runtime_context.cpp:29] DecreaseCounter job_5_running_actor_count, current val is 38
I1012 16:16:30.521291 11723 actor.cpp:408] actor 1099614388302 switch to nullptr
I1012 16:16:30.521368 11723 thread.cpp:76] thread 524337 deconstruct actor 1099614388302
I1012 16:16:30.521559 11723 runtime_context.cpp:29] DecreaseCounter job_5_running_actor_count, current val is 37
I1012 16:16:30.521648 11723 actor.cpp:408] actor 1099614388298 switch to nullptr
I1012 16:16:30.521715 11723 thread.cpp:76] thread 524337 deconstruct actor 1099614388298
I1012 16:16:30.521893 11723 runtime_context.cpp:29] DecreaseCounter job_5_running_actor_count, current val is 36
I1012 16:16:30.521981 11723 actor.cpp:408] actor 1099614388306 switch to nullptr
I1012 16:16:30.522047 11723 thread.cpp:76] thread 524337 deconstruct actor 1099614388306
I1012 16:16:30.522228 11723 runtime_context.cpp:29] DecreaseCounter job_5_running_actor_count, current val is 35
I1012 16:16:30.522317 11723 actor.cpp:408] actor 1099614388310 switch to nullptr
I1012 16:16:30.522387 11723 thread.cpp:76] thread 524337 deconstruct actor 1099614388310
I1012 16:16:30.522579 11723 runtime_context.cpp:29] DecreaseCounter job_5_running_actor_count, current val is 34
I1012 16:16:30.522668 11723 actor.cpp:408] actor 1099614388314 switch to nullptr
I1012 16:16:30.522738 11723 thread.cpp:76] thread 524337 deconstruct actor 1099614388314
I1012 16:16:30.522909 11723 runtime_context.cpp:29] DecreaseCounter job_5_running_actor_count, current val is 33
I1012 16:16:30.523002 11723 actor.cpp:408] actor 1099614388318 switch to nullptr
I1012 16:16:30.523072 11723 thread.cpp:76] thread 524337 deconstruct actor 1099614388318
I1012 16:16:30.523244 11723 runtime_context.cpp:29] DecreaseCounter job_5_running_actor_count, current val is 32
I1012 16:16:30.523406 11723 actor.cpp:408] actor 1099614388323 switch to nullptr
I1012 16:16:30.523486 11723 thread.cpp:76] thread 524337 deconstruct actor 1099614388323
I1012 16:16:30.523676 11723 runtime_context.cpp:29] DecreaseCounter job_5_running_actor_count, current val is 31
I1012 16:16:30.523762 11723 actor.cpp:408] actor 1099614388303 switch to nullptr
I1012 16:16:30.523829 11723 thread.cpp:76] thread 524337 deconstruct actor 1099614388303
I1012 16:16:30.524004 11723 runtime_context.cpp:29] DecreaseCounter job_5_running_actor_count, current val is 30
I1012 16:16:30.524088 11723 actor.cpp:408] actor 1099614388299 switch to nullptr
I1012 16:16:30.524156 11723 thread.cpp:76] thread 524337 deconstruct actor 1099614388299
I1012 16:16:30.524323 11723 runtime_context.cpp:29] DecreaseCounter job_5_running_actor_count, current val is 29
I1012 16:16:30.524411 11723 actor.cpp:408] actor 1099614388307 switch to nullptr
I1012 16:16:30.524489 11723 thread.cpp:76] thread 524337 deconstruct actor 1099614388307
I1012 16:16:30.524659 11723 runtime_context.cpp:29] DecreaseCounter job_5_running_actor_count, current val is 28
I1012 16:16:30.524744 11723 actor.cpp:408] actor 1099614388311 switch to nullptr
I1012 16:16:30.524807 11723 thread.cpp:76] thread 524337 deconstruct actor 1099614388311
I1012 16:16:30.524981 11723 runtime_context.cpp:29] DecreaseCounter job_5_running_actor_count, current val is 27
I1012 16:16:30.525064 11723 actor.cpp:408] actor 1099614388315 switch to nullptr
I1012 16:16:30.525135 11723 thread.cpp:76] thread 524337 deconstruct actor 1099614388315
I1012 16:16:30.525316 11723 runtime_context.cpp:29] DecreaseCounter job_5_running_actor_count, current val is 26
I1012 16:16:30.525401 11723 actor.cpp:408] actor 1099614388319 switch to nullptr
I1012 16:16:30.525478 11723 thread.cpp:76] thread 524337 deconstruct actor 1099614388319
I1012 16:16:30.525650 11723 runtime_context.cpp:29] DecreaseCounter job_5_running_actor_count, current val is 25
I1012 16:16:30.525743 11723 actor.cpp:408] actor 1099614388292 switch to nullptr
I1012 16:16:30.525810 11723 thread.cpp:76] thread 524337 deconstruct actor 1099614388292
I1012 16:16:30.525990 11723 runtime_context.cpp:29] DecreaseCounter job_4_running_actor_count, current val is 21
I1012 16:16:30.526083 11723 actor.cpp:408] actor 1099614388244 switch to nullptr
I1012 16:16:30.526145 11723 thread.cpp:76] thread 524337 deconstruct actor 1099614388244
I1012 16:16:30.526330 11723 runtime_context.cpp:29] DecreaseCounter job_0_running_actor_count, current val is 446
I1012 16:16:30.526422 11723 actor.cpp:408] actor 1099614388234 switch to nullptr
I1012 16:16:30.526499 11723 thread.cpp:76] thread 524337 deconstruct actor 1099614388234
I1012 16:16:30.526685 11723 runtime_context.cpp:29] DecreaseCounter job_0_running_actor_count, current val is 445
I1012 16:16:30.526777 11723 actor.cpp:408] actor 1099614388253 switch to nullptr
I1012 16:16:30.526849 11723 thread.cpp:76] thread 524337 deconstruct actor 1099614388253
I1012 16:16:30.527034 11723 runtime_context.cpp:29] DecreaseCounter job_1_running_actor_count, current val is 88
I1012 16:16:30.527127 11723 actor.cpp:408] actor 1099614388262 switch to nullptr
I1012 16:16:30.527194 11723 thread.cpp:76] thread 524337 deconstruct actor 1099614388262
I1012 16:16:30.527387 11723 runtime_context.cpp:29] DecreaseCounter job_2_running_actor_count, current val is 90
I1012 16:16:30.527491 11723 actor.cpp:408] actor 1099614388271 switch to nullptr
I1012 16:16:30.527560 11723 thread.cpp:76] thread 524337 deconstruct actor 1099614388271
I1012 16:16:30.527743 11723 runtime_context.cpp:29] DecreaseCounter job_3_running_actor_count, current val is 90
I1012 16:16:30.527832 11723 actor.cpp:408] actor 1099614388280 switch to nullptr
I1012 16:16:30.527901 11723 thread.cpp:76] thread 524337 deconstruct actor 1099614388280
I1012 16:16:30.528072 11723 runtime_context.cpp:29] DecreaseCounter job_4_running_actor_count, current val is 20
I1012 16:16:30.528163 11723 actor.cpp:408] actor 1099614388290 switch to nullptr
I1012 16:16:30.528237 11723 thread.cpp:76] thread 524337 deconstruct actor 1099614388290
I1012 16:16:30.528592 11723 runtime_context.cpp:29] DecreaseCounter job_4_running_actor_count, current val is 19
I1012 16:16:30.528692 11723 actor.cpp:408] actor 1099614388242 switch to nullptr
I1012 16:16:30.528766 11723 thread.cpp:76] thread 524337 deconstruct actor 1099614388242
I1012 16:16:30.528951 11723 runtime_context.cpp:29] DecreaseCounter job_0_running_actor_count, current val is 444
I1012 16:16:30.529071 11723 actor.cpp:408] actor 1099614388229 switch to nullptr
I1012 16:16:30.529139 11723 thread.cpp:76] thread 524337 deconstruct actor 1099614388229
I1012 16:16:30.529165 11770 actor.cpp:408] actor 2199023255721 switch to nullptr
I1012 16:16:30.529183 11796 actor.cpp:408] actor 2207613190313 switch to nullptr
I1012 16:16:30.536754 11770 thread.cpp:76] thread 1048576 deconstruct actor 2199023255721
I1012 16:16:30.537086 11770 runtime_context.cpp:29] DecreaseCounter job_0_running_actor_count, current val is 442
I1012 16:16:30.536880 11796 thread.cpp:76] thread 1052672 deconstruct actor 2207613190313
I1012 16:16:30.536809 11723 runtime_context.cpp:29] DecreaseCounter job_0_running_actor_count, current val is 443
I1012 16:16:30.537225 11770 actor.cpp:408] actor 2199023255718 switch to nullptr
I1012 16:16:30.537359 11723 actor.cpp:408] actor 1099614388250 switch to nullptr
I1012 16:16:30.537472 11796 runtime_context.cpp:29] DecreaseCounter job_0_running_actor_count, current val is 441
I1012 16:16:30.537411 11770 thread.cpp:76] thread 1048576 deconstruct actor 2199023255718
I1012 16:16:30.537483 11723 thread.cpp:76] thread 524337 deconstruct actor 1099614388250
I1012 16:16:30.537595 11796 actor.cpp:408] actor 2207613190310 switch to nullptr
I1012 16:16:30.537731 11770 runtime_context.cpp:29] DecreaseCounter job_0_running_actor_count, current val is 440
I1012 16:16:30.537822 11723 runtime_context.cpp:29] DecreaseCounter job_1_running_actor_count, current val is 87
I1012 16:16:30.537765 11796 thread.cpp:76] thread 1052672 deconstruct actor 2207613190310
I1012 16:16:30.537858 11770 actor.cpp:408] actor 2199023255710 switch to nullptr
I1012 16:16:30.546502 11723 actor.cpp:408] actor 1099614388259 switch to nullptr
I1012 16:16:30.546751 11770 thread.cpp:76] thread 1048576 deconstruct actor 2199023255710
I1012 16:16:30.546816 11796 runtime_context.cpp:29] DecreaseCounter job_0_running_actor_count, current val is 439
I1012 16:16:30.546833 11723 thread.cpp:76] thread 524337 deconstruct actor 1099614388259
I1012 16:16:30.547017 11796 actor.cpp:408] actor 2207613190302 switch to nullptr
I1012 16:16:30.547098 11770 runtime_context.cpp:29] DecreaseCounter job_0_running_actor_count, current val is 438
I1012 16:16:30.547190 11723 runtime_context.cpp:29] DecreaseCounter job_2_running_actor_count, current val is 89
I1012 16:16:30.547128 11796 thread.cpp:76] thread 1052672 deconstruct actor 2207613190302
I1012 16:16:30.547243 11770 actor.cpp:408] actor 2199023255708 switch to nullptr
I1012 16:16:30.547273 11723 actor.cpp:408] actor 1099614388268 switch to nullptr
I1012 16:16:30.547402 11770 thread.cpp:76] thread 1048576 deconstruct actor 2199023255708
I1012 16:16:30.547448 11796 runtime_context.cpp:29] DecreaseCounter job_0_running_actor_count, current val is 437
I1012 16:16:30.547480 11723 thread.cpp:76] thread 524337 deconstruct actor 1099614388268
I1012 16:16:30.547633 11796 actor.cpp:408] actor 2207613190300 switch to nullptr
I1012 16:16:30.547652 11770 runtime_context.cpp:29] DecreaseCounter job_0_running_actor_count, current val is 436
I1012 16:16:30.547760 11796 thread.cpp:76] thread 1052672 deconstruct actor 2207613190300
I1012 16:16:30.547817 11723 runtime_context.cpp:29] DecreaseCounter job_3_running_actor_count, current val is 89
I1012 16:16:30.547847 11770 actor.cpp:408] actor 2199023255700 switch to nullptr
I1012 16:16:30.547969 11723 actor.cpp:408] actor 1099614388277 switch to nullptr
I1012 16:16:30.547983 11796 runtime_context.cpp:29] DecreaseCounter job_0_running_actor_count, current val is 435
I1012 16:16:30.548027 11770 thread.cpp:76] thread 1048576 deconstruct actor 2199023255700
I1012 16:16:30.548094 11723 thread.cpp:76] thread 524337 deconstruct actor 1099614388277
I1012 16:16:30.548180 11796 actor.cpp:408] actor 2207613190292 switch to nullptr
I1012 16:16:30.548418 11770 runtime_context.cpp:29] DecreaseCounter job_0_running_actor_count, current val is 434
I1012 16:16:30.548488 11796 thread.cpp:76] thread 1052672 deconstruct actor 2207613190292
I1012 16:16:30.548519 11723 runtime_context.cpp:29] DecreaseCounter job_4_running_actor_count, current val is 18
I1012 16:16:30.548578 11770 actor.cpp:408] actor 2199023255698 switch to nullptr
I1012 16:16:30.548727 11723 actor.cpp:411] actor 1099614388293 switch to &Actor::HandlerZombie
I1012 16:16:30.548735 11796 runtime_context.cpp:29] DecreaseCounter job_0_running_actor_count, current val is 433
I1012 16:16:30.548919 11720 actor.cpp:411] actor 1099587125248 switch to &Actor::HandlerZombie
I1012 16:16:30.548879 11723 actor.cpp:408] actor 1099614388284 switch to nullptr
I1012 16:16:30.548789 11770 thread.cpp:76] thread 1048576 deconstruct actor 2199023255698
I1012 16:16:30.548938 11722 actor.cpp:411] actor 1099591319552 switch to &Actor::HandlerZombie
I1012 16:16:30.548950 11796 actor.cpp:408] actor 2207613190290 switch to nullptr
I1012 16:16:30.549085 11723 thread.cpp:76] thread 524337 deconstruct actor 1099614388284
I1012 16:16:30.549258 11770 runtime_context.cpp:29] DecreaseCounter job_0_running_actor_count, current val is 432
I1012 16:16:30.549288 11796 thread.cpp:76] thread 1052672 deconstruct actor 2207613190290
I1012 16:16:30.549455 11770 actor.cpp:408] actor 2199023255686 switch to nullptr
I1012 16:16:30.549499 11723 runtime_context.cpp:29] DecreaseCounter job_4_running_actor_count, current val is 17
I1012 16:16:30.549577 11770 thread.cpp:76] thread 1048576 deconstruct actor 2199023255686
I1012 16:16:30.549615 11796 runtime_context.cpp:29] DecreaseCounter job_0_running_actor_count, current val is 431
I1012 16:16:30.549664 11723 actor.cpp:408] actor 1099614388288 switch to nullptr
I1012 16:16:30.549798 11796 actor.cpp:408] actor 2207613190278 switch to nullptr
I1012 16:16:30.549815 11770 runtime_context.cpp:29] DecreaseCounter job_0_running_actor_count, current val is 430
I1012 16:16:30.549852 11723 thread.cpp:76] thread 524337 deconstruct actor 1099614388288
I1012 16:16:30.549917 11796 thread.cpp:76] thread 1052672 deconstruct actor 2207613190278
I1012 16:16:30.550025 11770 actor.cpp:408] actor 2199023255684 switch to nullptr
I1012 16:16:30.550200 11723 runtime_context.cpp:29] DecreaseCounter job_4_running_actor_count, current val is 16
I1012 16:16:30.550222 11770 thread.cpp:76] thread 1048576 deconstruct actor 2199023255684
I1012 16:16:30.550341 11722 thread.cpp:76] thread 524326 deconstruct actor 1099591319552
I1012 16:16:30.550298 11723 actor.cpp:408] actor 1099614388285 switch to nullptr
I1012 16:16:30.550526 11723 thread.cpp:76] thread 524337 deconstruct actor 1099614388285
I1012 16:16:30.550258 11796 runtime_context.cpp:29] DecreaseCounter job_0_running_actor_count, current val is 429
I1012 16:16:30.550473 11770 runtime_context.cpp:29] DecreaseCounter job_0_running_actor_count, current val is 428
I1012 16:16:30.550554 11722 runtime_context.cpp:29] DecreaseCounter job_4_running_actor_count, current val is 15
I1012 16:16:30.550334 11721 actor.cpp:411] actor 1099589222400 switch to &Actor::HandlerZombie
I1012 16:16:30.550683 11796 actor.cpp:408] actor 2207613190276 switch to nullptr
I1012 16:16:30.550716 11723 runtime_context.cpp:29] DecreaseCounter job_4_running_actor_count, current val is 14
I1012 16:16:30.550757 11770 actor.cpp:408] actor 2199023255614 switch to nullptr
I1012 16:16:30.550953 11796 thread.cpp:76] thread 1052672 deconstruct actor 2207613190276
I1012 16:16:30.551046 11723 actor.cpp:411] actor 1099614388245 switch to &Actor::HandlerZombie
I1012 16:16:30.551103 11770 thread.cpp:76] thread 1048576 deconstruct actor 2199023255614
I1012 16:16:30.551302 11704 actor.cpp:411] actor 1099553570816 switch to &Actor::HandlerZombie
I1012 16:16:30.551272 11796 runtime_context.cpp:29] DecreaseCounter job_0_running_actor_count, current val is 427
I1012 16:16:30.551265 11723 actor.cpp:408] actor 1099614388238 switch to nullptr
I1012 16:16:30.551437 11770 runtime_context.cpp:29] DecreaseCounter job_0_running_actor_count, current val is 426
I1012 16:16:30.551613 11796 actor.cpp:408] actor 2207613190206 switch to nullptr
I1012 16:16:30.551683 11723 thread.cpp:76] thread 524337 deconstruct actor 1099614388238
I1012 16:16:30.551777 11770 actor.cpp:408] actor 2199023255714 switch to nullptr
I1012 16:16:30.551831 11796 thread.cpp:76] thread 1052672 deconstruct actor 2207613190206
I1012 16:16:30.551973 11770 thread.cpp:76] thread 1048576 deconstruct actor 2199023255714
I1012 16:16:30.552026 11723 runtime_context.cpp:29] DecreaseCounter job_0_running_actor_count, current val is 425
I1012 16:16:30.552141 11796 runtime_context.cpp:29] DecreaseCounter job_0_running_actor_count, current val is 424
I1012 16:16:30.552191 11723 actor.cpp:408] actor 1099614388239 switch to nullptr
I1012 16:16:30.552204 11770 runtime_context.cpp:29] DecreaseCounter job_0_running_actor_count, current val is 423
I1012 16:16:30.552243 11705 actor.cpp:411] actor 1099555667968 switch to &Actor::HandlerZombie
I1012 16:16:30.552268 11796 actor.cpp:408] actor 2207613190306 switch to nullptr
I1012 16:16:30.552332 11723 thread.cpp:76] thread 524337 deconstruct actor 1099614388239
I1012 16:16:30.552423 11770 actor.cpp:408] actor 2199023255572 switch to nullptr
I1012 16:16:30.552572 11796 thread.cpp:76] thread 1052672 deconstruct actor 2207613190306
I1012 16:16:30.552726 11770 thread.cpp:76] thread 1048576 deconstruct actor 2199023255572
I1012 16:16:30.552776 11723 runtime_context.cpp:29] DecreaseCounter job_0_running_actor_count, current val is 422
I1012 16:16:30.552911 11796 runtime_context.cpp:29] DecreaseCounter job_0_running_actor_count, current val is 421
I1012 16:16:30.552950 11723 actor.cpp:411] actor 1099614388235 switch to &Actor::HandlerZombie
I1012 16:16:30.552969 11770 runtime_context.cpp:29] DecreaseCounter job_0_running_actor_count, current val is 420
I1012 16:16:30.553031 11796 actor.cpp:408] actor 2207613190164 switch to nullptr
I1012 16:16:30.553200 11684 actor.cpp:408] actor 1099511627776 switch to nullptr
I1012 16:16:30.553278 11696 actor.cpp:408] actor 1099536793600 switch to nullptr
I1012 16:16:30.553205 11688 actor.cpp:408] actor 1099520016384 switch to nullptr
I1012 16:16:30.553108 11723 actor.cpp:408] actor 1099614388225 switch to nullptr
I1012 16:16:30.553216 11796 thread.cpp:76] thread 1052672 deconstruct actor 2207613190164
I1012 16:16:30.553220 11700 actor.cpp:408] actor 1099545182208 switch to nullptr
I1012 16:16:30.553272 11692 actor.cpp:408] actor 1099528404992 switch to nullptr
I1012 16:16:30.553176 11770 actor.cpp:408] actor 2199023255712 switch to nullptr
I1012 16:16:30.553297 11684 thread.cpp:76] thread 524288 deconstruct actor 1099511627776
I1012 16:16:30.553303 11773 actor.cpp:411] actor 2199025352706 switch to &Actor::HandlerZombie
I1012 16:16:30.553364 11696 thread.cpp:76] thread 524300 deconstruct actor 1099536793600
I1012 16:16:30.553442 11688 thread.cpp:76] thread 524292 deconstruct actor 1099520016384
I1012 16:16:30.553516 11723 thread.cpp:76] thread 524337 deconstruct actor 1099614388225
I1012 16:16:30.553675 11700 thread.cpp:76] thread 524304 deconstruct actor 1099545182208
I1012 16:16:30.553695 11796 runtime_context.cpp:29] DecreaseCounter job_0_running_actor_count, current val is 419
I1012 16:16:30.553761 11692 thread.cpp:76] thread 524296 deconstruct actor 1099528404992
I1012 16:16:30.553828 11770 thread.cpp:76] thread 1048576 deconstruct actor 2199023255712
I1012 16:16:30.553983 11773 actor.cpp:411] actor 2199025352704 switch to &Actor::HandlerZombie
I1012 16:16:30.554212 11696 runtime_context.cpp:29] DecreaseCounter job_0_running_actor_count, current val is 418
I1012 16:16:30.554273 11688 runtime_context.cpp:29] DecreaseCounter job_0_running_actor_count, current val is 417
I1012 16:16:30.554318 11723 runtime_context.cpp:29] DecreaseCounter job_0_running_actor_count, current val is 416
I1012 16:16:30.554342 11796 actor.cpp:408] actor 2207613190304 switch to nullptr
I1012 16:16:30.554401 11700 runtime_context.cpp:29] DecreaseCounter job_0_running_actor_count, current val is 415
I1012 16:16:30.554567 11773 actor.cpp:411] actor 2199025352707 switch to &Actor::HandlerZombie
I1012 16:16:30.555047 11710 actor.cpp:408] actor 1099566153728 switch to nullptr
I1012 16:16:30.554596 11692 runtime_context.cpp:29] DecreaseCounter job_0_running_actor_count, current val is 414
I1012 16:16:30.554790 11723 actor.cpp:408] actor 1099614388224 switch to nullptr
I1012 16:16:30.554852 11706 actor.cpp:408] actor 1099557765120 switch to nullptr
I1012 16:16:30.554864 11709 actor.cpp:411] actor 1099564056576 switch to &Actor::HandlerZombie
I1012 16:16:30.554986 11707 actor.cpp:408] actor 1099559862272 switch to nullptr
I1012 16:16:30.555644 11707 thread.cpp:76] thread 524311 deconstruct actor 1099559862272
I1012 16:16:30.555809 11707 runtime_context.cpp:29] DecreaseCounter job_0_running_actor_count, current val is 412
I1012 16:16:30.555017 11796 thread.cpp:76] thread 1052672 deconstruct actor 2207613190304
I1012 16:16:30.555045 11708 actor.cpp:408] actor 1099561959424 switch to nullptr
I1012 16:16:30.554590 11770 runtime_context.cpp:29] DecreaseCounter job_0_running_actor_count, current val is 413
I1012 16:16:30.555183 11773 actor.cpp:411] actor 2199025352705 switch to &Actor::HandlerZombie
I1012 16:16:30.555241 11710 thread.cpp:76] thread 524314 deconstruct actor 1099566153728
I1012 16:16:30.556360 11710 runtime_context.cpp:29] DecreaseCounter job_0_running_actor_count, current val is 410
I1012 16:16:30.555406 11723 thread.cpp:76] thread 524337 deconstruct actor 1099614388224
I1012 16:16:30.555487 11706 thread.cpp:76] thread 524310 deconstruct actor 1099557765120
I1012 16:16:30.556680 11723 runtime_context.cpp:29] DecreaseCounter job_0_running_actor_count, current val is 409
I1012 16:16:30.556788 11723 actor.cpp:408] actor 1099614388226 switch to nullptr
I1012 16:16:30.556851 11723 thread.cpp:76] thread 524337 deconstruct actor 1099614388226
I1012 16:16:30.556897 11685 actor.cpp:408] actor 1099513724928 switch to nullptr
I1012 16:16:30.556114 11770 actor.cpp:408] actor 2199023255570 switch to nullptr
I1012 16:16:30.557034 11723 runtime_context.cpp:29] DecreaseCounter job_0_running_actor_count, current val is 407
I1012 16:16:30.555125 11798 actor.cpp:408] actor 2207615287300 switch to nullptr
I1012 16:16:30.556695 11706 runtime_context.cpp:29] DecreaseCounter job_0_running_actor_count, current val is 408
I1012 16:16:30.557241 11690 actor.cpp:408] actor 1099524210688 switch to nullptr
I1012 16:16:30.556020 11708 thread.cpp:76] thread 524312 deconstruct actor 1099561959424
I1012 16:16:30.556041 11796 runtime_context.cpp:29] DecreaseCounter job_0_running_actor_count, current val is 411
I1012 16:16:30.556931 11701 actor.cpp:408] actor 1099547279360 switch to nullptr
I1012 16:16:30.556941 11689 actor.cpp:408] actor 1099522113536 switch to nullptr
I1012 16:16:30.556946 11693 actor.cpp:408] actor 1099530502144 switch to nullptr
I1012 16:16:30.556949 11697 actor.cpp:408] actor 1099538890752 switch to nullptr
I1012 16:16:30.556979 11685 thread.cpp:76] thread 524289 deconstruct actor 1099513724928
I1012 16:16:30.556174 11773 actor.cpp:408] actor 2199025352709 switch to nullptr
I1012 16:16:30.557051 11770 thread.cpp:76] thread 1048576 deconstruct actor 2199023255570
I1012 16:16:30.557127 11723 actor.cpp:408] actor 1099614388227 switch to nullptr
I1012 16:16:30.557183 11798 thread.cpp:76] thread 1052673 deconstruct actor 2207615287300
I1012 16:16:30.558151 11770 runtime_context.cpp:29] DecreaseCounter job_0_running_actor_count, current val is 405
I1012 16:16:30.558221 11798 runtime_context.cpp:29] DecreaseCounter job_0_running_actor_count, current val is 404
I1012 16:16:30.555572 11709 thread.cpp:76] thread 524313 deconstruct actor 1099564056576
I1012 16:16:30.557250 11698 actor.cpp:408] actor 1099540987904 switch to nullptr
I1012 16:16:30.557286 11694 actor.cpp:408] actor 1099532599296 switch to nullptr
I1012 16:16:30.557323 11690 thread.cpp:76] thread 524294 deconstruct actor 1099524210688
I1012 16:16:30.557494 11796 actor.cpp:408] actor 2207613190162 switch to nullptr
I1012 16:16:30.557555 11701 thread.cpp:76] thread 524305 deconstruct actor 1099547279360
I1012 16:16:30.557567 11708 runtime_context.cpp:29] DecreaseCounter job_0_running_actor_count, current val is 406
I1012 16:16:30.557631 11689 thread.cpp:76] thread 524293 deconstruct actor 1099522113536
I1012 16:16:30.557693 11693 thread.cpp:76] thread 524297 deconstruct actor 1099530502144
I1012 16:16:30.557790 11697 thread.cpp:76] thread 524301 deconstruct actor 1099538890752
I1012 16:16:30.557935 11773 thread.cpp:76] thread 1048577 deconstruct actor 2199025352709
I1012 16:16:30.558094 11723 thread.cpp:76] thread 524337 deconstruct actor 1099614388227
I1012 16:16:30.559281 11773 runtime_context.cpp:29] DecreaseCounter job_0_running_actor_count, current val is 398
I1012 16:16:30.557221 11686 actor.cpp:408] actor 1099515822080 switch to nullptr
I1012 16:16:30.558255 11770 actor.cpp:408] actor 2199023255692 switch to nullptr
I1012 16:16:30.558305 11798 actor.cpp:411] actor 2207615287296 switch to &Actor::HandlerZombie
I1012 16:16:30.558460 11698 thread.cpp:76] thread 524302 deconstruct actor 1099540987904
I1012 16:16:30.558523 11709 runtime_context.cpp:29] DecreaseCounter job_0_running_actor_count, current val is 403
I1012 16:16:30.558544 11694 thread.cpp:76] thread 524298 deconstruct actor 1099532599296
I1012 16:16:30.558776 11796 thread.cpp:76] thread 1052672 deconstruct actor 2207613190162
I1012 16:16:30.558884 11690 runtime_context.cpp:29] DecreaseCounter job_0_running_actor_count, current val is 402
I1012 16:16:30.559021 11701 runtime_context.cpp:29] DecreaseCounter job_0_running_actor_count, current val is 401
I1012 16:16:30.559170 11689 runtime_context.cpp:29] DecreaseCounter job_0_running_actor_count, current val is 400
I1012 16:16:30.559228 11693 runtime_context.cpp:29] DecreaseCounter job_0_running_actor_count, current val is 399
I1012 16:16:30.557220 11702 actor.cpp:408] actor 1099549376512 switch to nullptr
I1012 16:16:30.559304 11697 runtime_context.cpp:29] DecreaseCounter job_0_running_actor_count, current val is 397
I1012 16:16:30.559355 11773 thread.cpp:76] thread 1048577 deconstruct actor 2199025352704
I1012 16:16:30.559423 11723 runtime_context.cpp:29] DecreaseCounter job_0_running_actor_count, current val is 396
I1012 16:16:30.559434 11686 thread.cpp:76] thread 524290 deconstruct actor 1099515822080
I1012 16:16:30.559520 11770 thread.cpp:76] thread 1048576 deconstruct actor 2199023255692
I1012 16:16:30.560618 11699 actor.cpp:408] actor 1099543085056 switch to nullptr
I1012 16:16:30.560683 11703 actor.cpp:408] actor 1099551473664 switch to nullptr
I1012 16:16:30.559819 11698 runtime_context.cpp:29] DecreaseCounter job_0_running_actor_count, current val is 395
I1012 16:16:30.559975 11694 runtime_context.cpp:29] DecreaseCounter job_0_running_actor_count, current val is 394
I1012 16:16:30.560012 11796 runtime_context.cpp:29] DecreaseCounter job_0_running_actor_count, current val is 393
I1012 16:16:30.560237 11702 thread.cpp:76] thread 524306 deconstruct actor 1099549376512
I1012 16:16:30.560473 11773 runtime_context.cpp:29] DecreaseCounter job_0_running_actor_count, current val is 392
I1012 16:16:30.560482 11723 actor.cpp:408] actor 1099614388228 switch to nullptr
I1012 16:16:30.560585 11687 actor.cpp:408] actor 1099517919232 switch to nullptr
I1012 16:16:30.560688 11699 thread.cpp:76] thread 524303 deconstruct actor 1099543085056
I1012 16:16:30.561466 11699 runtime_context.cpp:29] DecreaseCounter job_0_running_actor_count, current val is 389
I1012 16:16:30.559602 11798 actor.cpp:411] actor 2207615287297 switch to &Actor::HandlerZombie
I1012 16:16:30.560707 11695 actor.cpp:408] actor 1099534696448 switch to nullptr
I1012 16:16:30.561653 11695 thread.cpp:76] thread 524299 deconstruct actor 1099534696448
I1012 16:16:30.560750 11703 thread.cpp:76] thread 524307 deconstruct actor 1099551473664
I1012 16:16:30.560782 11770 runtime_context.cpp:29] DecreaseCounter job_0_running_actor_count, current val is 391
I1012 16:16:30.560990 11796 actor.cpp:408] actor 2207613190284 switch to nullptr
I1012 16:16:30.561081 11773 thread.cpp:76] thread 1048577 deconstruct actor 2199025352706
I1012 16:16:30.561149 11723 thread.cpp:76] thread 524337 deconstruct actor 1099614388228
I1012 16:16:30.562184 11773 runtime_context.cpp:29] DecreaseCounter job_0_running_actor_count, current val is 386
I1012 16:16:30.561235 11687 thread.cpp:76] thread 524291 deconstruct actor 1099517919232
I1012 16:16:30.561590 11798 actor.cpp:411] actor 2207615287298 switch to &Actor::HandlerZombie
I1012 16:16:30.562407 11798 actor.cpp:411] actor 2207615287299 switch to &Actor::HandlerZombie
I1012 16:16:30.562498 11798 thread.cpp:76] thread 1052673 deconstruct actor 2207615287297
I1012 16:16:30.562618 11798 runtime_context.cpp:29] DecreaseCounter job_0_running_actor_count, current val is 384
I1012 16:16:30.562669 11798 thread.cpp:76] thread 1052673 deconstruct actor 2207615287296
I1012 16:16:30.562767 11798 runtime_context.cpp:29] DecreaseCounter job_0_running_actor_count, current val is 383
I1012 16:16:30.562824 11798 thread.cpp:76] thread 1052673 deconstruct actor 2207615287298
I1012 16:16:30.562913 11798 runtime_context.cpp:29] DecreaseCounter job_0_running_actor_count, current val is 382
I1012 16:16:30.562978 11798 thread.cpp:76] thread 1052673 deconstruct actor 2207615287299
I1012 16:16:30.563066 11798 runtime_context.cpp:29] DecreaseCounter job_0_running_actor_count, current val is 381
I1012 16:16:30.560734 11691 actor.cpp:408] actor 1099526307840 switch to nullptr
I1012 16:16:30.568658 11691 thread.cpp:76] thread 524295 deconstruct actor 1099526307840
I1012 16:16:30.561898 11770 actor.cpp:408] actor 2199023255565 switch to nullptr
I1012 16:16:30.561959 11703 runtime_context.cpp:29] DecreaseCounter job_0_running_actor_count, current val is 387
I1012 16:16:30.562049 11796 thread.cpp:76] thread 1052672 deconstruct actor 2207613190284
I1012 16:16:30.561175 11702 runtime_context.cpp:29] DecreaseCounter job_0_running_actor_count, current val is 390
I1012 16:16:30.562258 11773 thread.cpp:76] thread 1048577 deconstruct actor 2199025352707
I1012 16:16:30.562336 11723 runtime_context.cpp:29] DecreaseCounter job_0_running_actor_count, current val is 385
I1012 16:16:30.561884 11695 runtime_context.cpp:29] DecreaseCounter job_0_running_actor_count, current val is 388
I1012 16:16:30.568840 11770 thread.cpp:76] thread 1048576 deconstruct actor 2199023255565
I1012 16:16:30.568998 11691 runtime_context.cpp:29] DecreaseCounter job_0_running_actor_count, current val is 380
I1012 16:16:30.569226 11773 runtime_context.cpp:29] DecreaseCounter job_0_running_actor_count, current val is 378
I1012 16:16:30.569227 11796 runtime_context.cpp:29] DecreaseCounter job_0_running_actor_count, current val is 379
I1012 16:16:30.569257 11723 actor.cpp:411] actor 1099614388254 switch to &Actor::HandlerZombie
I1012 16:16:30.569474 11773 thread.cpp:76] thread 1048577 deconstruct actor 2199025352705
I1012 16:16:30.569496 11770 runtime_context.cpp:29] DecreaseCounter job_0_running_actor_count, current val is 377
I1012 16:16:30.569586 11796 actor.cpp:408] actor 2207613190157 switch to nullptr
I1012 16:16:30.569650 11723 actor.cpp:408] actor 1099614388249 switch to nullptr
I1012 16:16:30.569679 11711 actor.cpp:408] actor 1099568250880 switch to nullptr
I1012 16:16:30.569692 11712 actor.cpp:408] actor 1099570348032 switch to nullptr
I1012 16:16:30.569723 11713 actor.cpp:408] actor 1099572445184 switch to nullptr
I1012 16:16:30.569752 11773 runtime_context.cpp:29] DecreaseCounter job_0_running_actor_count, current val is 376
I1012 16:16:30.569784 11770 actor.cpp:408] actor 2199023255690 switch to nullptr
I1012 16:16:30.569813 11796 thread.cpp:76] thread 1052672 deconstruct actor 2207613190157
I1012 16:16:30.569885 11723 thread.cpp:76] thread 524337 deconstruct actor 1099614388249
I1012 16:16:30.569960 11711 thread.cpp:76] thread 524315 deconstruct actor 1099568250880
I1012 16:16:30.570029 11712 thread.cpp:76] thread 524316 deconstruct actor 1099570348032
I1012 16:16:30.570077 11713 thread.cpp:76] thread 524317 deconstruct actor 1099572445184
I1012 16:16:30.570204 11770 thread.cpp:76] thread 1048576 deconstruct actor 2199023255690
I1012 16:16:30.570741 11713 runtime_context.cpp:29] DecreaseCounter job_1_running_actor_count, current val is 83
I1012 16:16:30.570398 11796 runtime_context.cpp:29] DecreaseCounter job_0_running_actor_count, current val is 375
I1012 16:16:30.570487 11723 runtime_context.cpp:29] DecreaseCounter job_1_running_actor_count, current val is 86
I1012 16:16:30.570513 11711 runtime_context.cpp:29] DecreaseCounter job_1_running_actor_count, current val is 85
I1012 16:16:30.570564 11712 runtime_context.cpp:29] DecreaseCounter job_1_running_actor_count, current val is 84
I1012 16:16:30.570858 11770 runtime_context.cpp:29] DecreaseCounter job_0_running_actor_count, current val is 374
I1012 16:16:30.570878 11796 actor.cpp:408] actor 2207613190282 switch to nullptr
I1012 16:16:30.570945 11723 actor.cpp:411] actor 1099614388263 switch to &Actor::HandlerZombie
I1012 16:16:30.571154 11770 actor.cpp:408] actor 2199023255563 switch to nullptr
I1012 16:16:30.571206 11796 thread.cpp:76] thread 1052672 deconstruct actor 2207613190282
I1012 16:16:30.571378 11798 actor.cpp:408] actor 2207615287301 switch to nullptr
I1012 16:16:30.571349 11770 thread.cpp:76] thread 1048576 deconstruct actor 2199023255563
I1012 16:16:30.571353 11715 actor.cpp:408] actor 1099576639488 switch to nullptr
I1012 16:16:30.571362 11714 actor.cpp:408] actor 1099574542336 switch to nullptr
I1012 16:16:30.571377 11773 actor.cpp:408] actor 2199025352710 switch to nullptr
I1012 16:16:30.571377 11716 actor.cpp:411] actor 1099578736640 switch to &Actor::HandlerZombie
I1012 16:16:30.571310 11723 actor.cpp:408] actor 1099614388258 switch to nullptr
I1012 16:16:30.571476 11798 thread.cpp:76] thread 1052673 deconstruct actor 2207615287301
I1012 16:16:30.571537 11796 runtime_context.cpp:29] DecreaseCounter job_0_running_actor_count, current val is 373
I1012 16:16:30.572016 11798 runtime_context.cpp:29] DecreaseCounter job_2_running_actor_count, current val is 88
I1012 16:16:30.571658 11770 runtime_context.cpp:29] DecreaseCounter job_0_running_actor_count, current val is 372
I1012 16:16:30.571688 11714 thread.cpp:76] thread 524318 deconstruct actor 1099574542336
I1012 16:16:30.571753 11773 thread.cpp:76] thread 1048577 deconstruct actor 2199025352710
I1012 16:16:30.571821 11716 thread.cpp:76] thread 524320 deconstruct actor 1099578736640
I1012 16:16:30.572335 11714 runtime_context.cpp:29] DecreaseCounter job_2_running_actor_count, current val is 86
I1012 16:16:30.571611 11715 thread.cpp:76] thread 524319 deconstruct actor 1099576639488
I1012 16:16:30.572046 11796 actor.cpp:408] actor 2207613190155 switch to nullptr
I1012 16:16:30.572165 11770 actor.cpp:408] actor 2199023255688 switch to nullptr
I1012 16:16:30.572324 11773 runtime_context.cpp:29] DecreaseCounter job_2_running_actor_count, current val is 87
I1012 16:16:30.571908 11723 thread.cpp:76] thread 524337 deconstruct actor 1099614388258
I1012 16:16:30.572446 11716 runtime_context.cpp:29] DecreaseCounter job_2_running_actor_count, current val is 85
I1012 16:16:30.572543 11796 thread.cpp:76] thread 1052672 deconstruct actor 2207613190155
I1012 16:16:30.572577 11715 runtime_context.cpp:29] DecreaseCounter job_2_running_actor_count, current val is 84
I1012 16:16:30.572618 11770 thread.cpp:76] thread 1048576 deconstruct actor 2199023255688
I1012 16:16:30.572875 11723 runtime_context.cpp:29] DecreaseCounter job_2_running_actor_count, current val is 83
I1012 16:16:30.572989 11796 runtime_context.cpp:29] DecreaseCounter job_0_running_actor_count, current val is 371
I1012 16:16:30.573132 11770 runtime_context.cpp:29] DecreaseCounter job_0_running_actor_count, current val is 370
I1012 16:16:30.573096 11723 actor.cpp:411] actor 1099614388272 switch to &Actor::HandlerZombie
I1012 16:16:30.573168 11796 actor.cpp:408] actor 2207613190280 switch to nullptr
I1012 16:16:30.573343 11718 actor.cpp:408] actor 1099582930944 switch to nullptr
I1012 16:16:30.573303 11723 actor.cpp:408] actor 1099614388267 switch to nullptr
I1012 16:16:30.573345 11717 actor.cpp:408] actor 1099580833792 switch to nullptr
I1012 16:16:30.573343 11796 thread.cpp:76] thread 1052672 deconstruct actor 2207613190280
I1012 16:16:30.573357 11798 actor.cpp:408] actor 2207615287302 switch to nullptr
I1012 16:16:30.573361 11773 actor.cpp:408] actor 2199025352711 switch to nullptr
I1012 16:16:30.573451 11719 actor.cpp:411] actor 1099585028096 switch to &Actor::HandlerZombie
I1012 16:16:30.573982 11719 thread.cpp:76] thread 524323 deconstruct actor 1099585028096
I1012 16:16:30.574159 11719 runtime_context.cpp:29] DecreaseCounter job_3_running_actor_count, current val is 88
I1012 16:16:30.573230 11770 actor.cpp:408] actor 2199023255554 switch to nullptr
