Log file created at: 2021/10/13 15:31:03
Running on machine: oneflow-14
Log line format: [IWEF]mmdd hh:mm:ss.uuuuuu threadid file:line] msg
I1013 15:31:03.644515 29562 global.h:36] NewGlobal 14cudaDeviceProp
I1013 15:31:03.645992 29562 global.h:36] NewGlobal N7oneflow7EnvDescE
I1013 15:31:03.646018 29562 global.h:36] NewGlobal N7oneflow10ProcessCtxE
I1013 15:31:03.646028 29562 env_global_objects_scope.cpp:152] using rpc backend: local
I1013 15:31:03.646056 29562 global.h:36] NewGlobal N7oneflow12ResourceDescE
I1013 15:31:03.646068 29562 global.h:36] NewGlobal N7oneflow12ResourceDescE
I1013 15:31:03.716344 29562 global.h:36] NewGlobal N7oneflow10ThreadPoolE
I1013 15:31:03.717531 29562 global.h:36] NewGlobal N7oneflow16EagerNcclCommMgrE
I1013 15:31:03.717548 29562 global.h:36] NewGlobal N7oneflow18CudnnConvAlgoCacheE
I1013 15:31:03.717556 29562 global.h:36] NewGlobal N7oneflow2vm19VirtualMachineScopeE
I1013 15:31:03.717571 29562 global.h:36] NewGlobal N7oneflow9OneflowVME
I1013 15:31:03.718447 29562 oneflow_vm.cpp:75] transport stream type: N7oneflow2vm13CpuStreamTypeE
I1013 15:31:03.718463 29562 oneflow_vm.cpp:75] transport stream type: N7oneflow2vm14CudaStreamTypeE
I1013 15:31:03.718472 29562 oneflow_vm.cpp:75] transport stream type: N7oneflow2vm19AsyncCudaStreamTypeE
I1013 15:31:03.718641 29562 global.h:36] NewGlobal N7oneflow27EagerJobBuildAndInferCtxMgrE
I1013 15:31:03.718657 29562 global.h:36] NewGlobal N7oneflow12EpollCommNetE
I1013 15:31:03.718808 29562 epoll_comm_network.cpp:63] CommNet:Epoll listening on 0.0.0.0:36926
I1013 15:31:03.718844 29562 epoll_comm_network.cpp:197] machine 0 sockfd -1
I1013 15:31:03.718956 29562 global.h:36] NewGlobal N7oneflow9TransportE
I1013 15:31:03.720643 29562 global.h:43] DeleteGlobal N7oneflow12ResourceDescE
I1013 15:31:03.720670 29562 version.cpp:22] OneFlow git version: b295ca2324
I1013 15:31:03.720686 29562 device_register_gpu.cpp:56] CUDA runtime version: 11.2
I1013 15:31:03.720715 29562 device_register_gpu.cpp:65] cuDNN version: 8.1.1
I1013 15:31:03.720727 29562 device_register_gpu.cpp:78] NCCL version: 2.9.8
I1013 15:31:03.720736 29562 global.h:36] NewGlobal N7oneflow12ResourceDescE
I1013 15:31:03.720743 29562 global.h:36] NewGlobal N7oneflow5IDMgrE
I1013 15:31:03.720757 29562 global.h:36] NewGlobal N7oneflow16AvailableMemDescE
I1013 15:31:03.720782 29562 global.h:36] NewGlobal St13unordered_mapISslSt4hashISsESt8equal_toISsESaISt4pairIKSslEEE
I1013 15:31:03.720789 29562 global.h:36] NewGlobal N7oneflow19CriticalSectionDescE
I1013 15:31:03.720796 29562 global.h:36] NewGlobal N7oneflow16InterUserJobInfoE
I1013 15:31:03.720804 29562 global.h:36] NewGlobal N7oneflow26LazyJobBuildAndInferCtxMgrE
I1013 15:31:03.720813 29562 global.h:36] NewGlobal N7oneflow16JobSetCompileCtxE
I1013 15:31:03.720819 29562 global.h:36] NewGlobal N7oneflow26RuntimeBufferManagersScopeE
I1013 15:31:03.720826 29562 global.h:36] NewGlobal N7oneflow9BufferMgrIlEE
I1013 15:31:03.720834 29562 global.h:36] NewGlobal N7oneflow9BufferMgrISt10shared_ptrINS_11JobInstanceEEEE
I1013 15:31:03.720841 29562 global.h:36] NewGlobal N7oneflow10RuntimeCtxE
I1013 15:31:03.720847 29562 global.h:36] NewGlobal N7oneflow15MemoryAllocatorE
I1013 15:31:03.720854 29562 global.h:36] NewGlobal N7oneflow8ChunkMgrE
I1013 15:31:03.720861 29562 global.h:36] NewGlobal N7oneflow8RegstMgrE
I1013 15:31:03.720867 29562 global.h:36] NewGlobal N7oneflow11ActorMsgBusE
I1013 15:31:03.720875 29562 global.h:36] NewGlobal N7oneflow9ThreadMgrE
I1013 15:31:03.720881 29562 global.h:36] NewGlobal N7oneflow15RuntimeJobDescsE
I1013 15:31:03.720888 29562 global.h:36] NewGlobal N7oneflow7summary12EventsWriterE
I1013 15:31:03.720897 29562 global.h:36] NewGlobal N7oneflow6boxing10collective24CollectiveBoxingExecutorE
I1013 15:31:03.720904 29562 global.h:36] NewGlobal N7oneflow6boxing10collective31CollectiveBoxingDeviceCtxPollerE
I1013 15:31:03.721019 29562 session.h:77] NewGlobal N7oneflow25SessionGlobalObjectsScopeE
I1013 15:31:03.721781 29562 global.h:36] NewGlobal N7oneflow7JobDescE
I1013 15:31:04.083705 29562 global.h:43] DeleteGlobal N7oneflow7JobDescE
I1013 15:31:04.083915 29562 global.h:36] NewGlobal N7oneflow7JobDescE
I1013 15:31:04.086869 29562 global.h:36] NewGlobal N7oneflow7OpGraphE
I1013 15:31:04.090684 29562 global.h:43] DeleteGlobal N7oneflow7OpGraphE
I1013 15:31:04.247145 29562 global.h:43] DeleteGlobal N7oneflow7JobDescE
I1013 15:31:04.262979 29562 global.h:36] NewGlobal N7oneflow24InterJobReuseMemStrategyE
I1013 15:31:04.263047 29562 global.h:36] NewGlobal N7oneflow7OneflowE
I1013 15:31:04.274884 29562 global.h:36] NewGlobal N7oneflow7JobDescE
I1013 15:31:04.476528 29562 global.h:36] NewGlobal N7oneflow7OpGraphE
I1013 15:31:04.544764 29562 global.h:43] DeleteGlobal N7oneflow7OpGraphE
I1013 15:31:04.552527 29562 oneflow.cpp:210] 
job_id: 0 , job_name: train_job , compile time: 0.277596 seconds.
I1013 15:31:04.599520 29562 global.h:43] DeleteGlobal N7oneflow7JobDescE
I1013 15:31:04.599815 29562 global.h:36] NewGlobal N7oneflow7JobDescE
I1013 15:31:04.645920 29562 global.h:36] NewGlobal N7oneflow7OpGraphE
I1013 15:31:04.662142 29562 global.h:43] DeleteGlobal N7oneflow7OpGraphE
I1013 15:31:04.666357 29562 oneflow.cpp:210] 
job_id: 1 , job_name: System-ModelInit , compile time: 0.066273 seconds.
I1013 15:31:04.678334 29562 global.h:43] DeleteGlobal N7oneflow7JobDescE
I1013 15:31:04.678417 29562 global.h:36] NewGlobal N7oneflow7JobDescE
I1013 15:31:04.724635 29562 global.h:36] NewGlobal N7oneflow7OpGraphE
I1013 15:31:04.740994 29562 global.h:43] DeleteGlobal N7oneflow7OpGraphE
I1013 15:31:04.745395 29562 oneflow.cpp:210] 
job_id: 2 , job_name: System-ModelLoad , compile time: 0.0669537 seconds.
I1013 15:31:04.757107 29562 global.h:43] DeleteGlobal N7oneflow7JobDescE
I1013 15:31:04.757134 29562 global.h:36] NewGlobal N7oneflow7JobDescE
I1013 15:31:04.801857 29562 global.h:36] NewGlobal N7oneflow7OpGraphE
I1013 15:31:04.818078 29562 global.h:43] DeleteGlobal N7oneflow7OpGraphE
I1013 15:31:04.822026 29562 oneflow.cpp:210] 
job_id: 3 , job_name: System-ModelSave , compile time: 0.064875 seconds.
I1013 15:31:04.834100 29562 global.h:43] DeleteGlobal N7oneflow7JobDescE
I1013 15:31:04.834169 29562 global.h:36] NewGlobal N7oneflow7JobDescE
I1013 15:31:04.842504 29562 global.h:36] NewGlobal N7oneflow7OpGraphE
I1013 15:31:04.846037 29562 global.h:43] DeleteGlobal N7oneflow7OpGraphE
I1013 15:31:04.847266 29562 oneflow.cpp:210] 
job_id: 4 , job_name: System-Pull-Return_20 , compile time: 0.013078 seconds.
I1013 15:31:04.850819 29562 global.h:43] DeleteGlobal N7oneflow7JobDescE
I1013 15:31:04.855098 29562 global.h:36] NewGlobal N7oneflow7JobDescE
I1013 15:31:04.855129 29562 global.h:36] NewGlobal N7oneflow7OpGraphE
I1013 15:31:04.860430 29562 global.h:43] DeleteGlobal N7oneflow7OpGraphE
I1013 15:31:04.863919 29562 oneflow.cpp:210] 
job_id: 5 , job_name: MainJob-unamed , compile time: 0.00879872 seconds.
I1013 15:31:04.870888 29562 global.h:43] DeleteGlobal N7oneflow7JobDescE
I1013 15:31:04.873283 29562 plan_util.cpp:928]  Plan: merged_plan needs to allocate [ 374.837 MiB ] device memory in Rank: 0 , Device: 0
I1013 15:31:04.974238 29562 oneflow.cpp:998]  PushPlan merged_plan time: 0.00974771 seconds.
I1013 15:31:05.002275 29562 oneflow.cpp:1014]  PullPlan merged_plan time: 0.0234824 seconds.
I1013 15:31:07.168871 29562 runtime_context.cpp:21] NewCounter constructing_actor_cnt 388
I1013 15:31:07.169844 30223 naive_actor.cpp:25] actor 2199023255699 switch to &NaiveActor::HandlerNormal
I1013 15:31:07.170260 30223 thread.cpp:96] Thread 1048576 construct Actor kDeviceTick 2199023255699
I1013 15:31:07.169936 30195 naive_actor.cpp:25] actor 1099614388233 switch to &NaiveActor::HandlerNormal
I1013 15:31:07.170233 30196 wait_and_send_ids_actor.cpp:53] actor 1099616485376 switch to &WaitAndSendIdsActor::HandlerWaitToStart
I1013 15:31:07.170416 30195 thread.cpp:96] Thread 524337 construct Actor kDeviceTick 1099614388233
I1013 15:31:07.170444 30196 thread.cpp:96] Thread 524338 construct Actor kWaitAndSendIds 1099616485376
I1013 15:31:07.170419 30223 runtime_context.cpp:29] DecreaseCounter constructing_actor_cnt, current val is 387
I1013 15:31:07.170521 30196 runtime_context.cpp:29] DecreaseCounter constructing_actor_cnt, current val is 386
I1013 15:31:07.170531 30195 runtime_context.cpp:29] DecreaseCounter constructing_actor_cnt, current val is 385
I1013 15:31:07.170832 30223 naive_actor.cpp:25] actor 2199023255738 switch to &NaiveActor::HandlerNormal
I1013 15:31:07.170869 30223 thread.cpp:96] Thread 1048576 construct Actor kDeviceTick 2199023255738
I1013 15:31:07.170923 30223 runtime_context.cpp:29] DecreaseCounter constructing_actor_cnt, current val is 384
I1013 15:31:07.171095 30195 naive_actor.cpp:25] actor 1099614388226 switch to &NaiveActor::HandlerNormal
I1013 15:31:07.171165 30195 thread.cpp:96] Thread 524337 construct Actor kDeviceTick 1099614388226
I1013 15:31:07.171182 30223 naive_actor.cpp:25] actor 2199023255777 switch to &NaiveActor::HandlerNormal
I1013 15:31:07.171234 30223 thread.cpp:96] Thread 1048576 construct Actor kDeviceTick 2199023255777
I1013 15:31:07.171243 30195 runtime_context.cpp:29] DecreaseCounter constructing_actor_cnt, current val is 383
I1013 15:31:07.171286 30223 runtime_context.cpp:29] DecreaseCounter constructing_actor_cnt, current val is 382
I1013 15:31:07.171519 30195 naive_actor.cpp:25] actor 1099614388243 switch to &NaiveActor::HandlerNormal
I1013 15:31:07.171535 30223 naive_actor.cpp:25] actor 2199023255816 switch to &NaiveActor::HandlerNormal
I1013 15:31:07.171589 30195 thread.cpp:96] Thread 524337 construct Actor kDeviceTick 1099614388243
I1013 15:31:07.171623 30223 thread.cpp:96] Thread 1048576 construct Actor kDeviceTick 2199023255816
I1013 15:31:07.171694 30195 runtime_context.cpp:29] DecreaseCounter constructing_actor_cnt, current val is 381
I1013 15:31:07.171706 30223 runtime_context.cpp:29] DecreaseCounter constructing_actor_cnt, current val is 380
I1013 15:31:07.171965 30195 naive_actor.cpp:25] actor 1099614388252 switch to &NaiveActor::HandlerNormal
I1013 15:31:07.171999 30195 thread.cpp:96] Thread 524337 construct Actor kDeviceTick 1099614388252
I1013 15:31:07.172049 30195 runtime_context.cpp:29] DecreaseCounter constructing_actor_cnt, current val is 379
I1013 15:31:07.172278 30195 naive_actor.cpp:25] actor 1099614388261 switch to &NaiveActor::HandlerNormal
I1013 15:31:07.172310 30195 thread.cpp:96] Thread 524337 construct Actor kDeviceTick 1099614388261
I1013 15:31:07.172358 30195 runtime_context.cpp:29] DecreaseCounter constructing_actor_cnt, current val is 378
I1013 15:31:07.172600 30195 naive_actor.cpp:25] actor 1099614388269 switch to &NaiveActor::HandlerNormal
I1013 15:31:07.172633 30195 thread.cpp:96] Thread 524337 construct Actor kDeviceTick 1099614388269
I1013 15:31:07.172681 30195 runtime_context.cpp:29] DecreaseCounter constructing_actor_cnt, current val is 377
I1013 15:31:07.172910 30195 naive_actor.cpp:25] actor 1099614388276 switch to &NaiveActor::HandlerNormal
I1013 15:31:07.172942 30195 thread.cpp:96] Thread 524337 construct Actor kDeviceTick 1099614388276
I1013 15:31:07.172998 30195 runtime_context.cpp:29] DecreaseCounter constructing_actor_cnt, current val is 376
I1013 15:31:07.180485 30227 naive_actor.cpp:25] actor 2199027449856 switch to &NaiveActor::HandlerNormal
I1013 15:31:07.180522 30195 naive_actor.cpp:25] actor 1099614388231 switch to &NaiveActor::HandlerNormal
I1013 15:31:07.180656 30191 naive_actor.cpp:25] actor 1099549376512 switch to &NaiveActor::HandlerNormal
I1013 15:31:07.180619 30227 thread.cpp:96] Thread 1048578 construct Actor kCopyHd 2199027449856
I1013 15:31:07.180598 30184 naive_actor.cpp:25] actor 1099534696448 switch to &NaiveActor::HandlerNormal
I1013 15:31:07.180673 30195 thread.cpp:96] Thread 524337 construct Actor kTick 1099614388231
I1013 15:31:07.180711 30179 naive_actor.cpp:25] actor 1099524210688 switch to &NaiveActor::HandlerNormal
I1013 15:31:07.180737 30191 thread.cpp:96] Thread 524306 construct Actor kNormalForward 1099549376512
I1013 15:31:07.180785 30180 naive_actor.cpp:25] actor 1099526307840 switch to &NaiveActor::HandlerNormal
I1013 15:31:07.181175 30191 runtime_context.cpp:29] DecreaseCounter constructing_actor_cnt, current val is 373
I1013 15:31:07.181255 30182 naive_actor.cpp:25] actor 1099530502144 switch to &NaiveActor::HandlerNormal
I1013 15:31:07.180845 30178 naive_actor.cpp:25] actor 1099522113536 switch to &NaiveActor::HandlerNormal
I1013 15:31:07.180866 30227 runtime_context.cpp:29] DecreaseCounter constructing_actor_cnt, current val is 375
I1013 15:31:07.181674 30176 naive_actor.cpp:25] actor 1099517919232 switch to &NaiveActor::HandlerNormal
I1013 15:31:07.180898 30184 thread.cpp:96] Thread 524299 construct Actor kForeignInput 1099534696448
I1013 15:31:07.180968 30185 naive_actor.cpp:25] actor 1099536793600 switch to &NaiveActor::HandlerNormal
I1013 15:31:07.180997 30195 runtime_context.cpp:29] DecreaseCounter constructing_actor_cnt, current val is 374
I1013 15:31:07.181839 30185 thread.cpp:96] Thread 524300 construct Actor kNormalForward 1099536793600
I1013 15:31:07.181018 30179 thread.cpp:96] Thread 524294 construct Actor kNormalForward 1099524210688
I1013 15:31:07.181038 30192 naive_actor.cpp:25] actor 1099551473664 switch to &NaiveActor::HandlerNormal
I1013 15:31:07.182060 30192 thread.cpp:96] Thread 524307 construct Actor kNormalForward 1099551473664
I1013 15:31:07.180796 30188 naive_actor.cpp:25] actor 1099543085056 switch to &NaiveActor::HandlerNormal
I1013 15:31:07.182199 30188 thread.cpp:96] Thread 524303 construct Actor kNormalForward 1099543085056
I1013 15:31:07.181186 30180 thread.cpp:96] Thread 524295 construct Actor kNormalForward 1099526307840
I1013 15:31:07.181262 30186 naive_actor.cpp:25] actor 1099538890752 switch to &NaiveActor::HandlerNormal
I1013 15:31:07.182332 30186 thread.cpp:96] Thread 524301 construct Actor kNormalForward 1099538890752
I1013 15:31:07.180752 30187 naive_actor.cpp:25] actor 1099540987904 switch to &NaiveActor::HandlerNormal
I1013 15:31:07.182430 30187 thread.cpp:96] Thread 524302 construct Actor kForeignInput 1099540987904
I1013 15:31:07.181298 30223 naive_actor.cpp:25] actor 2199023255565 switch to &NaiveActor::HandlerNormal
I1013 15:31:07.182513 30187 runtime_context.cpp:29] DecreaseCounter constructing_actor_cnt, current val is 365
I1013 15:31:07.181363 30197 sink_actor.cpp:21] actor 1099618582528 switch to &SinkActor::HandlerNormal
I1013 15:31:07.182585 30197 thread.cpp:96] Thread 524339 construct Actor kCallbackNotify 1099618582528
I1013 15:31:07.181363 30177 naive_actor.cpp:25] actor 1099520016384 switch to &NaiveActor::HandlerNormal
I1013 15:31:07.181391 30190 naive_actor.cpp:25] actor 1099547279360 switch to &NaiveActor::HandlerNormal
I1013 15:31:07.181391 30175 naive_actor.cpp:25] actor 1099515822080 switch to &NaiveActor::HandlerNormal
I1013 15:31:07.182780 30175 thread.cpp:96] Thread 524290 construct Actor kNormalForward 1099515822080
I1013 15:31:07.181491 30182 thread.cpp:96] Thread 524297 construct Actor kNormalForward 1099530502144
I1013 15:31:07.181491 30189 naive_actor.cpp:25] actor 1099545182208 switch to &NaiveActor::HandlerNormal
I1013 15:31:07.182904 30189 thread.cpp:96] Thread 524304 construct Actor kNormalForward 1099545182208
I1013 15:31:07.181653 30174 naive_actor.cpp:25] actor 1099513724928 switch to &NaiveActor::HandlerNormal
I1013 15:31:07.183053 30174 thread.cpp:96] Thread 524289 construct Actor kNormalForward 1099513724928
I1013 15:31:07.180893 30193 naive_actor.cpp:25] actor 1099553570816 switch to &NaiveActor::HandlerNormal
I1013 15:31:07.183127 30193 thread.cpp:96] Thread 524308 construct Actor kNormalForward 1099553570816
I1013 15:31:07.181830 30184 runtime_context.cpp:29] DecreaseCounter constructing_actor_cnt, current val is 372
I1013 15:31:07.181932 30185 runtime_context.cpp:29] DecreaseCounter constructing_actor_cnt, current val is 371
I1013 15:31:07.182021 30179 runtime_context.cpp:29] DecreaseCounter constructing_actor_cnt, current val is 370
I1013 15:31:07.181123 30194 naive_actor.cpp:25] actor 1099555667968 switch to &NaiveActor::HandlerNormal
I1013 15:31:07.183462 30194 thread.cpp:96] Thread 524309 construct Actor kForeignOutput 1099555667968
I1013 15:31:07.181180 30181 naive_actor.cpp:25] actor 1099528404992 switch to &NaiveActor::HandlerNormal
I1013 15:31:07.182293 30195 esac_actor.cpp:73] actor 1099614388313 switch to &EsacActor::HandlerNormal
I1013 15:31:07.182305 30188 runtime_context.cpp:29] DecreaseCounter constructing_actor_cnt, current val is 368
I1013 15:31:07.182332 30180 runtime_context.cpp:29] DecreaseCounter constructing_actor_cnt, current val is 367
I1013 15:31:07.182377 30186 runtime_context.cpp:29] DecreaseCounter constructing_actor_cnt, current val is 366
I1013 15:31:07.181277 30183 naive_actor.cpp:25] actor 1099532599296 switch to &NaiveActor::HandlerNormal
I1013 15:31:07.183868 30183 thread.cpp:96] Thread 524298 construct Actor kNormalForward 1099532599296
I1013 15:31:07.182507 30223 thread.cpp:96] Thread 1048576 construct Actor kNormalForward 2199023255565
I1013 15:31:07.181313 30225 naive_actor.cpp:25] actor 2199025352707 switch to &NaiveActor::HandlerNormal
I1013 15:31:07.184044 30225 thread.cpp:96] Thread 1048577 construct Actor kCopyHd 2199025352707
I1013 15:31:07.184046 30223 runtime_context.cpp:29] DecreaseCounter constructing_actor_cnt, current val is 356
I1013 15:31:07.182718 30177 thread.cpp:96] Thread 524292 construct Actor kNormalForward 1099520016384
I1013 15:31:07.182760 30190 thread.cpp:96] Thread 524305 construct Actor kForeignInput 1099547279360
I1013 15:31:07.184209 30177 runtime_context.cpp:29] DecreaseCounter constructing_actor_cnt, current val is 354
I1013 15:31:07.184279 30190 runtime_context.cpp:29] DecreaseCounter constructing_actor_cnt, current val is 353
I1013 15:31:07.183022 30189 runtime_context.cpp:29] DecreaseCounter constructing_actor_cnt, current val is 361
I1013 15:31:07.184410 30173 naive_actor.cpp:25] actor 1099511627776 switch to &NaiveActor::HandlerNormal
I1013 15:31:07.183127 30174 runtime_context.cpp:29] DecreaseCounter constructing_actor_cnt, current val is 360
I1013 15:31:07.184489 30223 naive_actor.cpp:25] actor 2199023255588 switch to &NaiveActor::HandlerNormal
I1013 15:31:07.184528 30223 thread.cpp:96] Thread 1048576 construct Actor kNormalForward 2199023255588
I1013 15:31:07.183245 30193 runtime_context.cpp:29] DecreaseCounter constructing_actor_cnt, current val is 359
I1013 15:31:07.182147 30192 runtime_context.cpp:29] DecreaseCounter constructing_actor_cnt, current val is 369
I1013 15:31:07.183539 30194 runtime_context.cpp:29] DecreaseCounter constructing_actor_cnt, current val is 358
I1013 15:31:07.183586 30181 thread.cpp:96] Thread 524296 construct Actor kNormalForward 1099528404992
I1013 15:31:07.183668 30195 thread.cpp:96] Thread 524337 construct Actor kEsac 1099614388313
I1013 15:31:07.183946 30183 runtime_context.cpp:29] DecreaseCounter constructing_actor_cnt, current val is 357
I1013 15:31:07.185027 30181 runtime_context.cpp:29] DecreaseCounter constructing_actor_cnt, current val is 351
I1013 15:31:07.182638 30197 runtime_context.cpp:29] DecreaseCounter constructing_actor_cnt, current val is 364
I1013 15:31:07.184113 30225 runtime_context.cpp:29] DecreaseCounter constructing_actor_cnt, current val is 355
I1013 15:31:07.181619 30178 thread.cpp:96] Thread 524293 construct Actor kNormalForward 1099522113536
I1013 15:31:07.182924 30182 runtime_context.cpp:29] DecreaseCounter constructing_actor_cnt, current val is 362
I1013 15:31:07.185284 30178 runtime_context.cpp:29] DecreaseCounter constructing_actor_cnt, current val is 349
I1013 15:31:07.185300 30225 naive_actor.cpp:25] actor 2199025352705 switch to &NaiveActor::HandlerNormal
I1013 15:31:07.185340 30225 thread.cpp:96] Thread 1048577 construct Actor kCopyHd 2199025352705
I1013 15:31:07.181756 30176 thread.cpp:96] Thread 524291 construct Actor kNormalForward 1099517919232
I1013 15:31:07.184602 30223 runtime_context.cpp:29] DecreaseCounter constructing_actor_cnt, current val is 352
I1013 15:31:07.185029 30195 runtime_context.cpp:29] DecreaseCounter constructing_actor_cnt, current val is 350
I1013 15:31:07.182862 30175 runtime_context.cpp:29] DecreaseCounter constructing_actor_cnt, current val is 363
I1013 15:31:07.184448 30173 thread.cpp:96] Thread 524288 construct Actor kNormalForward 1099511627776
I1013 15:31:07.185382 30225 runtime_context.cpp:29] DecreaseCounter constructing_actor_cnt, current val is 348
I1013 15:31:07.185453 30176 runtime_context.cpp:29] DecreaseCounter constructing_actor_cnt, current val is 347
I1013 15:31:07.185710 30173 runtime_context.cpp:29] DecreaseCounter constructing_actor_cnt, current val is 346
I1013 15:31:07.185736 30195 naive_actor.cpp:25] actor 1099614388320 switch to &NaiveActor::HandlerNormal
I1013 15:31:07.185860 30225 naive_actor.cpp:25] actor 2199025352706 switch to &NaiveActor::HandlerNormal
I1013 15:31:07.185961 30195 thread.cpp:96] Thread 524337 construct Actor kTick 1099614388320
I1013 15:31:07.185992 30225 thread.cpp:96] Thread 1048577 construct Actor kCopyHd 2199025352706
I1013 15:31:07.186031 30195 runtime_context.cpp:29] DecreaseCounter constructing_actor_cnt, current val is 345
I1013 15:31:07.186043 30225 runtime_context.cpp:29] DecreaseCounter constructing_actor_cnt, current val is 344
I1013 15:31:07.186188 30225 naive_actor.cpp:25] actor 2199025352704 switch to &NaiveActor::HandlerNormal
I1013 15:31:07.186246 30225 thread.cpp:96] Thread 1048577 construct Actor kCopyHd 2199025352704
I1013 15:31:07.186249 30195 naive_actor.cpp:25] actor 1099614388237 switch to &NaiveActor::HandlerNormal
I1013 15:31:07.186293 30225 runtime_context.cpp:29] DecreaseCounter constructing_actor_cnt, current val is 343
I1013 15:31:07.186297 30195 thread.cpp:96] Thread 524337 construct Actor kDstSubsetTick 1099614388237
I1013 15:31:07.186359 30195 runtime_context.cpp:29] DecreaseCounter constructing_actor_cnt, current val is 342
I1013 15:31:07.186384 30225 naive_actor.cpp:25] actor 2199025352708 switch to &NaiveActor::HandlerNormal
I1013 15:31:07.186415 30225 thread.cpp:96] Thread 1048577 construct Actor kCopyHd 2199025352708
I1013 15:31:07.186441 30225 runtime_context.cpp:29] DecreaseCounter constructing_actor_cnt, current val is 341
I1013 15:31:07.186522 30225 naive_actor.cpp:25] actor 2199025352709 switch to &NaiveActor::HandlerNormal
I1013 15:31:07.186550 30225 thread.cpp:96] Thread 1048577 construct Actor kCopyHd 2199025352709
I1013 15:31:07.186573 30195 naive_actor.cpp:25] actor 1099614388238 switch to &NaiveActor::HandlerNormal
I1013 15:31:07.186585 30225 runtime_context.cpp:29] DecreaseCounter constructing_actor_cnt, current val is 340
I1013 15:31:07.186595 30195 thread.cpp:96] Thread 524337 construct Actor kTick 1099614388238
I1013 15:31:07.186610 30223 naive_actor.cpp:25] actor 2199023255564 switch to &NaiveActor::HandlerNormal
I1013 15:31:07.186653 30195 runtime_context.cpp:29] DecreaseCounter constructing_actor_cnt, current val is 339
I1013 15:31:07.186720 30223 thread.cpp:96] Thread 1048576 construct Actor kNormalForward 2199023255564
I1013 15:31:07.186766 30225 naive_actor.cpp:25] actor 2199025352710 switch to &NaiveActor::HandlerNormal
I1013 15:31:07.186789 30225 thread.cpp:96] Thread 1048577 construct Actor kCopyHd 2199025352710
I1013 15:31:07.186826 30225 runtime_context.cpp:29] DecreaseCounter constructing_actor_cnt, current val is 337
I1013 15:31:07.186825 30223 runtime_context.cpp:29] DecreaseCounter constructing_actor_cnt, current val is 338
I1013 15:31:07.186916 30195 naive_actor.cpp:25] actor 1099614388230 switch to &NaiveActor::HandlerNormal
I1013 15:31:07.186950 30195 thread.cpp:96] Thread 524337 construct Actor kTick 1099614388230
I1013 15:31:07.186993 30195 runtime_context.cpp:29] DecreaseCounter constructing_actor_cnt, current val is 336
I1013 15:31:07.187175 30195 naive_actor.cpp:25] actor 1099614388236 switch to &NaiveActor::HandlerNormal
I1013 15:31:07.187208 30195 thread.cpp:96] Thread 524337 construct Actor kTick 1099614388236
I1013 15:31:07.187242 30195 runtime_context.cpp:29] DecreaseCounter constructing_actor_cnt, current val is 335
I1013 15:31:07.187422 30195 naive_actor.cpp:25] actor 1099614388239 switch to &NaiveActor::HandlerNormal
I1013 15:31:07.187455 30195 thread.cpp:96] Thread 524337 construct Actor kTick 1099614388239
I1013 15:31:07.187487 30195 runtime_context.cpp:29] DecreaseCounter constructing_actor_cnt, current val is 334
I1013 15:31:07.187671 30195 naive_actor.cpp:25] actor 1099614388232 switch to &NaiveActor::HandlerNormal
I1013 15:31:07.187708 30195 thread.cpp:96] Thread 524337 construct Actor kTick 1099614388232
I1013 15:31:07.187745 30223 naive_actor.cpp:25] actor 2199023255562 switch to &NaiveActor::HandlerNormal
I1013 15:31:07.187813 30195 runtime_context.cpp:29] DecreaseCounter constructing_actor_cnt, current val is 333
I1013 15:31:07.187825 30223 thread.cpp:96] Thread 1048576 construct Actor kNormalForward 2199023255562
I1013 15:31:07.187924 30223 runtime_context.cpp:29] DecreaseCounter constructing_actor_cnt, current val is 332
I1013 15:31:07.188021 30195 naive_actor.cpp:25] actor 1099614388224 switch to &NaiveActor::HandlerNormal
I1013 15:31:07.188055 30195 thread.cpp:96] Thread 524337 construct Actor kDeviceTick 1099614388224
I1013 15:31:07.188091 30195 runtime_context.cpp:29] DecreaseCounter constructing_actor_cnt, current val is 331
I1013 15:31:07.188263 30195 naive_actor.cpp:25] actor 1099614388225 switch to &NaiveActor::HandlerNormal
I1013 15:31:07.188297 30195 thread.cpp:96] Thread 524337 construct Actor kSrcSubsetTick 1099614388225
I1013 15:31:07.188331 30195 runtime_context.cpp:29] DecreaseCounter constructing_actor_cnt, current val is 330
I1013 15:31:07.188514 30195 naive_actor.cpp:25] actor 1099614388234 switch to &NaiveActor::HandlerNormal
I1013 15:31:07.188546 30195 thread.cpp:96] Thread 524337 construct Actor kSrcSubsetTick 1099614388234
I1013 15:31:07.188594 30195 runtime_context.cpp:29] DecreaseCounter constructing_actor_cnt, current val is 329
I1013 15:31:07.188771 30195 naive_actor.cpp:25] actor 1099614388228 switch to &NaiveActor::HandlerNormal
I1013 15:31:07.188804 30195 thread.cpp:96] Thread 524337 construct Actor kTick 1099614388228
I1013 15:31:07.188838 30195 runtime_context.cpp:29] DecreaseCounter constructing_actor_cnt, current val is 328
I1013 15:31:07.188930 30223 naive_actor.cpp:25] actor 2199023255594 switch to &NaiveActor::HandlerNormal
I1013 15:31:07.188982 30223 thread.cpp:96] Thread 1048576 construct Actor kNormalForward 2199023255594
I1013 15:31:07.189047 30195 naive_actor.cpp:25] actor 1099614388229 switch to &NaiveActor::HandlerNormal
I1013 15:31:07.189060 30223 runtime_context.cpp:29] DecreaseCounter constructing_actor_cnt, current val is 327
I1013 15:31:07.189067 30195 thread.cpp:96] Thread 524337 construct Actor kDstSubsetTick 1099614388229
I1013 15:31:07.189123 30195 runtime_context.cpp:29] DecreaseCounter constructing_actor_cnt, current val is 326
I1013 15:31:07.189299 30195 naive_actor.cpp:25] actor 1099614388240 switch to &NaiveActor::HandlerNormal
I1013 15:31:07.189334 30195 thread.cpp:96] Thread 524337 construct Actor kTick 1099614388240
I1013 15:31:07.189368 30195 runtime_context.cpp:29] DecreaseCounter constructing_actor_cnt, current val is 325
I1013 15:31:07.189390 30223 naive_actor.cpp:25] actor 2199023255591 switch to &NaiveActor::HandlerNormal
I1013 15:31:07.189435 30223 thread.cpp:96] Thread 1048576 construct Actor kNormalForward 2199023255591
I1013 15:31:07.189504 30223 runtime_context.cpp:29] DecreaseCounter constructing_actor_cnt, current val is 324
I1013 15:31:07.189584 30195 naive_actor.cpp:25] actor 1099614388242 switch to &NaiveActor::HandlerNormal
I1013 15:31:07.189615 30195 thread.cpp:96] Thread 524337 construct Actor kSrcSubsetTick 1099614388242
I1013 15:31:07.189648 30195 runtime_context.cpp:29] DecreaseCounter constructing_actor_cnt, current val is 323
I1013 15:31:07.189901 30195 esac_actor.cpp:73] actor 1099614388321 switch to &EsacActor::HandlerNormal
I1013 15:31:07.189937 30195 thread.cpp:96] Thread 524337 construct Actor kEsac 1099614388321
I1013 15:31:07.189977 30195 runtime_context.cpp:29] DecreaseCounter constructing_actor_cnt, current val is 322
I1013 15:31:07.190166 30195 naive_actor.cpp:25] actor 1099614388241 switch to &NaiveActor::HandlerNormal
I1013 15:31:07.190199 30195 thread.cpp:96] Thread 524337 construct Actor kDeviceTick 1099614388241
I1013 15:31:07.190233 30195 runtime_context.cpp:29] DecreaseCounter constructing_actor_cnt, current val is 321
I1013 15:31:07.190294 30223 naive_actor.cpp:25] actor 2199023255575 switch to &NaiveActor::HandlerNormal
I1013 15:31:07.190344 30223 thread.cpp:96] Thread 1048576 construct Actor kNormalForward 2199023255575
I1013 15:31:07.190412 30195 naive_actor.cpp:25] actor 1099614388245 switch to &NaiveActor::HandlerNormal
I1013 15:31:07.190440 30195 thread.cpp:96] Thread 524337 construct Actor kTick 1099614388245
I1013 15:31:07.190472 30223 runtime_context.cpp:29] DecreaseCounter constructing_actor_cnt, current val is 320
I1013 15:31:07.190487 30195 runtime_context.cpp:29] DecreaseCounter constructing_actor_cnt, current val is 319
I1013 15:31:07.190685 30195 naive_actor.cpp:25] actor 1099614388248 switch to &NaiveActor::HandlerNormal
I1013 15:31:07.190718 30195 thread.cpp:96] Thread 524337 construct Actor kTick 1099614388248
I1013 15:31:07.190752 30195 runtime_context.cpp:29] DecreaseCounter constructing_actor_cnt, current val is 318
I1013 15:31:07.190973 30195 naive_actor.cpp:25] actor 1099614388246 switch to &NaiveActor::HandlerNormal
I1013 15:31:07.191006 30195 thread.cpp:96] Thread 524337 construct Actor kDstSubsetTick 1099614388246
I1013 15:31:07.191043 30195 runtime_context.cpp:29] DecreaseCounter constructing_actor_cnt, current val is 317
I1013 15:31:07.191223 30195 naive_actor.cpp:25] actor 1099614388247 switch to &NaiveActor::HandlerNormal
I1013 15:31:07.191234 30223 naive_actor.cpp:25] actor 2199023255580 switch to &NaiveActor::HandlerNormal
I1013 15:31:07.191255 30195 thread.cpp:96] Thread 524337 construct Actor kTick 1099614388247
I1013 15:31:07.191283 30223 thread.cpp:96] Thread 1048576 construct Actor kNormalForward 2199023255580
I1013 15:31:07.191314 30195 runtime_context.cpp:29] DecreaseCounter constructing_actor_cnt, current val is 316
I1013 15:31:07.191350 30223 runtime_context.cpp:29] DecreaseCounter constructing_actor_cnt, current val is 315
I1013 15:31:07.191501 30195 naive_actor.cpp:25] actor 1099614388249 switch to &NaiveActor::HandlerNormal
I1013 15:31:07.191534 30195 thread.cpp:96] Thread 524337 construct Actor kTick 1099614388249
I1013 15:31:07.191576 30195 runtime_context.cpp:29] DecreaseCounter constructing_actor_cnt, current val is 314
I1013 15:31:07.191694 30223 naive_actor.cpp:25] actor 2199023255576 switch to &NaiveActor::HandlerNormal
I1013 15:31:07.191742 30223 thread.cpp:96] Thread 1048576 construct Actor kNormalForward 2199023255576
I1013 15:31:07.191771 30195 naive_actor.cpp:25] actor 1099614388256 switch to &NaiveActor::HandlerNormal
I1013 15:31:07.191792 30195 thread.cpp:96] Thread 524337 construct Actor kTick 1099614388256
I1013 15:31:07.191810 30223 runtime_context.cpp:29] DecreaseCounter constructing_actor_cnt, current val is 313
I1013 15:31:07.191823 30195 runtime_context.cpp:29] DecreaseCounter constructing_actor_cnt, current val is 312
I1013 15:31:07.192009 30195 naive_actor.cpp:25] actor 1099614388251 switch to &NaiveActor::HandlerNormal
I1013 15:31:07.192044 30195 thread.cpp:96] Thread 524337 construct Actor kSrcSubsetTick 1099614388251
I1013 15:31:07.192076 30195 runtime_context.cpp:29] DecreaseCounter constructing_actor_cnt, current val is 311
I1013 15:31:07.192123 30223 naive_actor.cpp:25] actor 2199023255557 switch to &NaiveActor::HandlerNormal
I1013 15:31:07.192171 30223 thread.cpp:96] Thread 1048576 construct Actor kNormalForward 2199023255557
I1013 15:31:07.192230 30223 runtime_context.cpp:29] DecreaseCounter constructing_actor_cnt, current val is 310
I1013 15:31:07.192260 30195 naive_actor.cpp:25] actor 1099614388250 switch to &NaiveActor::HandlerNormal
I1013 15:31:07.192289 30195 thread.cpp:96] Thread 524337 construct Actor kDeviceTick 1099614388250
I1013 15:31:07.192322 30195 runtime_context.cpp:29] DecreaseCounter constructing_actor_cnt, current val is 309
I1013 15:31:07.192500 30195 naive_actor.cpp:25] actor 1099614388254 switch to &NaiveActor::HandlerNormal
I1013 15:31:07.192533 30195 thread.cpp:96] Thread 524337 construct Actor kTick 1099614388254
I1013 15:31:07.192571 30195 runtime_context.cpp:29] DecreaseCounter constructing_actor_cnt, current val is 308
I1013 15:31:07.192751 30195 naive_actor.cpp:25] actor 1099614388314 switch to &NaiveActor::HandlerNormal
I1013 15:31:07.192785 30195 thread.cpp:96] Thread 524337 construct Actor kTick 1099614388314
I1013 15:31:07.192880 30195 runtime_context.cpp:29] DecreaseCounter constructing_actor_cnt, current val is 307
I1013 15:31:07.193102 30195 naive_actor.cpp:25] actor 1099614388255 switch to &NaiveActor::HandlerNormal
I1013 15:31:07.193123 30195 thread.cpp:96] Thread 524337 construct Actor kDstSubsetTick 1099614388255
I1013 15:31:07.193159 30195 runtime_context.cpp:29] DecreaseCounter constructing_actor_cnt, current val is 306
I1013 15:31:07.193186 30223 naive_actor.cpp:25] actor 2199023255618 switch to &NaiveActor::HandlerNormal
I1013 15:31:07.193234 30223 thread.cpp:96] Thread 1048576 construct Actor kNormalForward 2199023255618
I1013 15:31:07.193315 30223 runtime_context.cpp:29] DecreaseCounter constructing_actor_cnt, current val is 305
I1013 15:31:07.193372 30195 naive_actor.cpp:25] actor 1099614388257 switch to &NaiveActor::HandlerNormal
I1013 15:31:07.193392 30195 thread.cpp:96] Thread 524337 construct Actor kTick 1099614388257
I1013 15:31:07.193444 30195 runtime_context.cpp:29] DecreaseCounter constructing_actor_cnt, current val is 304
I1013 15:31:07.193640 30195 naive_actor.cpp:25] actor 1099614388260 switch to &NaiveActor::HandlerNormal
I1013 15:31:07.193655 30223 naive_actor.cpp:25] actor 2199023255568 switch to &NaiveActor::HandlerNormal
I1013 15:31:07.193675 30195 thread.cpp:96] Thread 524337 construct Actor kSrcSubsetTick 1099614388260
I1013 15:31:07.193704 30223 thread.cpp:96] Thread 1048576 construct Actor kNormalForward 2199023255568
I1013 15:31:07.193739 30195 runtime_context.cpp:29] DecreaseCounter constructing_actor_cnt, current val is 303
I1013 15:31:07.193768 30223 runtime_context.cpp:29] DecreaseCounter constructing_actor_cnt, current val is 302
I1013 15:31:07.193922 30195 naive_actor.cpp:25] actor 1099614388266 switch to &NaiveActor::HandlerNormal
I1013 15:31:07.193954 30195 thread.cpp:96] Thread 524337 construct Actor kTick 1099614388266
I1013 15:31:07.194013 30195 runtime_context.cpp:29] DecreaseCounter constructing_actor_cnt, current val is 301
I1013 15:31:07.194190 30195 naive_actor.cpp:25] actor 1099614388259 switch to &NaiveActor::HandlerNormal
I1013 15:31:07.194223 30195 thread.cpp:96] Thread 524337 construct Actor kDeviceTick 1099614388259
I1013 15:31:07.194257 30195 runtime_context.cpp:29] DecreaseCounter constructing_actor_cnt, current val is 300
I1013 15:31:07.194429 30195 naive_actor.cpp:25] actor 1099614388258 switch to &NaiveActor::HandlerNormal
I1013 15:31:07.194463 30195 thread.cpp:96] Thread 524337 construct Actor kTick 1099614388258
I1013 15:31:07.194497 30195 runtime_context.cpp:29] DecreaseCounter constructing_actor_cnt, current val is 299
I1013 15:31:07.194650 30223 naive_actor.cpp:25] actor 2199023255555 switch to &NaiveActor::HandlerNormal
I1013 15:31:07.194677 30195 naive_actor.cpp:25] actor 1099614388263 switch to &NaiveActor::HandlerNormal
I1013 15:31:07.194706 30223 thread.cpp:96] Thread 1048576 construct Actor kNormalForward 2199023255555
I1013 15:31:07.194721 30195 thread.cpp:96] Thread 524337 construct Actor kTick 1099614388263
I1013 15:31:07.194777 30195 runtime_context.cpp:29] DecreaseCounter constructing_actor_cnt, current val is 298
I1013 15:31:07.194795 30223 runtime_context.cpp:29] DecreaseCounter constructing_actor_cnt, current val is 297
I1013 15:31:07.194979 30195 naive_actor.cpp:25] actor 1099614388319 switch to &NaiveActor::HandlerNormal
I1013 15:31:07.195013 30195 thread.cpp:96] Thread 524337 construct Actor kTick 1099614388319
I1013 15:31:07.195050 30195 runtime_context.cpp:29] DecreaseCounter constructing_actor_cnt, current val is 296
I1013 15:31:07.195267 30195 naive_actor.cpp:25] actor 1099614388264 switch to &NaiveActor::HandlerNormal
I1013 15:31:07.195302 30195 thread.cpp:96] Thread 524337 construct Actor kDstSubsetTick 1099614388264
I1013 15:31:07.195346 30195 runtime_context.cpp:29] DecreaseCounter constructing_actor_cnt, current val is 295
I1013 15:31:07.195521 30195 naive_actor.cpp:25] actor 1099614388265 switch to &NaiveActor::HandlerNormal
I1013 15:31:07.195554 30195 thread.cpp:96] Thread 524337 construct Actor kTick 1099614388265
I1013 15:31:07.195621 30195 runtime_context.cpp:29] DecreaseCounter constructing_actor_cnt, current val is 294
I1013 15:31:07.195672 30223 naive_actor.cpp:25] actor 2199023255569 switch to &NaiveActor::HandlerNormal
I1013 15:31:07.195721 30223 thread.cpp:96] Thread 1048576 construct Actor kNormalForward 2199023255569
I1013 15:31:07.195796 30223 runtime_context.cpp:29] DecreaseCounter constructing_actor_cnt, current val is 293
I1013 15:31:07.195837 30195 naive_actor.cpp:25] actor 1099614388316 switch to &NaiveActor::HandlerNormal
I1013 15:31:07.195858 30195 thread.cpp:96] Thread 524337 construct Actor kTick 1099614388316
I1013 15:31:07.195890 30195 runtime_context.cpp:29] DecreaseCounter constructing_actor_cnt, current val is 292
I1013 15:31:07.196079 30195 naive_actor.cpp:25] actor 1099614388273 switch to &NaiveActor::HandlerNormal
I1013 15:31:07.196096 30223 naive_actor.cpp:25] actor 2199023255573 switch to &NaiveActor::HandlerNormal
I1013 15:31:07.196113 30195 thread.cpp:96] Thread 524337 construct Actor kTick 1099614388273
I1013 15:31:07.196143 30223 thread.cpp:96] Thread 1048576 construct Actor kNormalForward 2199023255573
I1013 15:31:07.196177 30195 runtime_context.cpp:29] DecreaseCounter constructing_actor_cnt, current val is 291
I1013 15:31:07.196202 30223 runtime_context.cpp:29] DecreaseCounter constructing_actor_cnt, current val is 290
I1013 15:31:07.196362 30195 naive_actor.cpp:25] actor 1099614388271 switch to &NaiveActor::HandlerNormal
I1013 15:31:07.196395 30195 thread.cpp:96] Thread 524337 construct Actor kTick 1099614388271
I1013 15:31:07.196429 30195 runtime_context.cpp:29] DecreaseCounter constructing_actor_cnt, current val is 289
I1013 15:31:07.196616 30195 naive_actor.cpp:25] actor 1099614388282 switch to &NaiveActor::HandlerNormal
I1013 15:31:07.196650 30195 thread.cpp:96] Thread 524337 construct Actor kTick 1099614388282
I1013 15:31:07.196683 30195 runtime_context.cpp:29] DecreaseCounter constructing_actor_cnt, current val is 288
I1013 15:31:07.196861 30195 naive_actor.cpp:25] actor 1099614388274 switch to &NaiveActor::HandlerNormal
I1013 15:31:07.196895 30195 thread.cpp:96] Thread 524337 construct Actor kTick 1099614388274
I1013 15:31:07.196928 30195 runtime_context.cpp:29] DecreaseCounter constructing_actor_cnt, current val is 287
I1013 15:31:07.196955 30223 naive_actor.cpp:25] actor 2199023255611 switch to &NaiveActor::HandlerNormal
I1013 15:31:07.197001 30223 thread.cpp:96] Thread 1048576 construct Actor kNormalForward 2199023255611
I1013 15:31:07.197068 30223 runtime_context.cpp:29] DecreaseCounter constructing_actor_cnt, current val is 286
I1013 15:31:07.197149 30195 naive_actor.cpp:25] actor 1099614388272 switch to &NaiveActor::HandlerNormal
I1013 15:31:07.197180 30195 thread.cpp:96] Thread 524337 construct Actor kDstSubsetTick 1099614388272
I1013 15:31:07.197223 30195 runtime_context.cpp:29] DecreaseCounter constructing_actor_cnt, current val is 285
I1013 15:31:07.197417 30195 naive_actor.cpp:25] actor 1099614388280 switch to &NaiveActor::HandlerNormal
I1013 15:31:07.197450 30195 thread.cpp:96] Thread 524337 construct Actor kDstSubsetTick 1099614388280
I1013 15:31:07.197494 30195 runtime_context.cpp:29] DecreaseCounter constructing_actor_cnt, current val is 284
I1013 15:31:07.197683 30195 naive_actor.cpp:25] actor 1099614388281 switch to &NaiveActor::HandlerNormal
I1013 15:31:07.197716 30195 thread.cpp:96] Thread 524337 construct Actor kTick 1099614388281
I1013 15:31:07.197749 30195 runtime_context.cpp:29] DecreaseCounter constructing_actor_cnt, current val is 283
I1013 15:31:07.197918 30195 naive_actor.cpp:25] actor 1099614388279 switch to &NaiveActor::HandlerNormal
I1013 15:31:07.197939 30195 thread.cpp:96] Thread 524337 construct Actor kTick 1099614388279
I1013 15:31:07.197969 30195 runtime_context.cpp:29] DecreaseCounter constructing_actor_cnt, current val is 282
I1013 15:31:07.197966 30223 naive_actor.cpp:25] actor 2199023255592 switch to &NaiveActor::HandlerNormal
I1013 15:31:07.198038 30223 thread.cpp:96] Thread 1048576 construct Actor kNormalForward 2199023255592
I1013 15:31:07.198181 30195 naive_actor.cpp:25] actor 1099614388275 switch to &NaiveActor::HandlerNormal
I1013 15:31:07.198199 30223 runtime_context.cpp:29] DecreaseCounter constructing_actor_cnt, current val is 281
I1013 15:31:07.198213 30195 thread.cpp:96] Thread 524337 construct Actor kTick 1099614388275
I1013 15:31:07.198269 30195 runtime_context.cpp:29] DecreaseCounter constructing_actor_cnt, current val is 280
I1013 15:31:07.198446 30195 naive_actor.cpp:25] actor 1099614388268 switch to &NaiveActor::HandlerNormal
I1013 15:31:07.198480 30195 thread.cpp:96] Thread 524337 construct Actor kSrcSubsetTick 1099614388268
I1013 15:31:07.198521 30195 runtime_context.cpp:29] DecreaseCounter constructing_actor_cnt, current val is 279
I1013 15:31:07.198698 30195 naive_actor.cpp:25] actor 1099614388267 switch to &NaiveActor::HandlerNormal
I1013 15:31:07.198732 30195 thread.cpp:96] Thread 524337 construct Actor kDeviceTick 1099614388267
I1013 15:31:07.198773 30195 runtime_context.cpp:29] DecreaseCounter constructing_actor_cnt, current val is 278
I1013 15:31:07.198952 30195 naive_actor.cpp:25] actor 1099614388277 switch to &NaiveActor::HandlerNormal
I1013 15:31:07.198973 30195 thread.cpp:96] Thread 524337 construct Actor kSrcSubsetTick 1099614388277
I1013 15:31:07.199004 30195 runtime_context.cpp:29] DecreaseCounter constructing_actor_cnt, current val is 277
I1013 15:31:07.199046 30223 naive_actor.cpp:25] actor 2199023255574 switch to &NaiveActor::HandlerNormal
I1013 15:31:07.199095 30223 thread.cpp:96] Thread 1048576 construct Actor kNormalForward 2199023255574
I1013 15:31:07.199168 30223 runtime_context.cpp:29] DecreaseCounter constructing_actor_cnt, current val is 276
I1013 15:31:07.199196 30195 naive_actor.cpp:25] actor 1099614388287 switch to &NaiveActor::HandlerNormal
I1013 15:31:07.199218 30195 thread.cpp:96] Thread 524337 construct Actor kTick 1099614388287
I1013 15:31:07.199249 30195 runtime_context.cpp:29] DecreaseCounter constructing_actor_cnt, current val is 275
I1013 15:31:07.199431 30195 naive_actor.cpp:25] actor 1099614388288 switch to &NaiveActor::HandlerNormal
I1013 15:31:07.199465 30195 thread.cpp:96] Thread 524337 construct Actor kTick 1099614388288
I1013 15:31:07.199498 30195 runtime_context.cpp:29] DecreaseCounter constructing_actor_cnt, current val is 274
I1013 15:31:07.199683 30195 naive_actor.cpp:25] actor 1099614388286 switch to &NaiveActor::HandlerNormal
I1013 15:31:07.199715 30195 thread.cpp:96] Thread 524337 construct Actor kTick 1099614388286
I1013 15:31:07.199755 30195 runtime_context.cpp:29] DecreaseCounter constructing_actor_cnt, current val is 273
I1013 15:31:07.199920 30195 naive_actor.cpp:25] actor 1099614388285 switch to &NaiveActor::HandlerNormal
I1013 15:31:07.199954 30195 thread.cpp:96] Thread 524337 construct Actor kTick 1099614388285
I1013 15:31:07.199985 30195 runtime_context.cpp:29] DecreaseCounter constructing_actor_cnt, current val is 272
I1013 15:31:07.200050 30223 naive_actor.cpp:25] actor 2199023255556 switch to &NaiveActor::HandlerNormal
I1013 15:31:07.200099 30223 thread.cpp:96] Thread 1048576 construct Actor kNormalForward 2199023255556
I1013 15:31:07.200171 30195 naive_actor.cpp:25] actor 1099614388297 switch to &NaiveActor::HandlerNormal
I1013 15:31:07.200172 30223 runtime_context.cpp:29] DecreaseCounter constructing_actor_cnt, current val is 271
I1013 15:31:07.200196 30195 thread.cpp:96] Thread 524337 construct Actor kTick 1099614388297
I1013 15:31:07.200251 30195 runtime_context.cpp:29] DecreaseCounter constructing_actor_cnt, current val is 270
I1013 15:31:07.200429 30195 naive_actor.cpp:25] actor 1099614388298 switch to &NaiveActor::HandlerNormal
I1013 15:31:07.200464 30195 thread.cpp:96] Thread 524337 construct Actor kTick 1099614388298
I1013 15:31:07.200495 30195 runtime_context.cpp:29] DecreaseCounter constructing_actor_cnt, current val is 269
I1013 15:31:07.200556 30223 naive_actor.cpp:25] actor 2199023255553 switch to &NaiveActor::HandlerNormal
I1013 15:31:07.200613 30223 thread.cpp:96] Thread 1048576 construct Actor kNormalForward 2199023255553
I1013 15:31:07.200680 30223 runtime_context.cpp:29] DecreaseCounter constructing_actor_cnt, current val is 268
I1013 15:31:07.200690 30195 naive_actor.cpp:25] actor 1099614388296 switch to &NaiveActor::HandlerNormal
I1013 15:31:07.200768 30195 thread.cpp:96] Thread 524337 construct Actor kTick 1099614388296
I1013 15:31:07.200814 30195 runtime_context.cpp:29] DecreaseCounter constructing_actor_cnt, current val is 267
I1013 15:31:07.201018 30195 reentrant_lock_actor.cpp:76] actor 1099614388283 switch to &ReentrantLockActor::HandlerNormal
I1013 15:31:07.201031 30223 naive_actor.cpp:25] actor 2199023255583 switch to &NaiveActor::HandlerNormal
I1013 15:31:07.201052 30195 thread.cpp:96] Thread 524337 construct Actor kReentrantLock 1099614388283
I1013 15:31:07.201081 30223 thread.cpp:96] Thread 1048576 construct Actor kNormalForward 2199023255583
I1013 15:31:07.201117 30195 runtime_context.cpp:29] DecreaseCounter constructing_actor_cnt, current val is 266
I1013 15:31:07.201141 30223 runtime_context.cpp:29] DecreaseCounter constructing_actor_cnt, current val is 265
I1013 15:31:07.201301 30195 naive_actor.cpp:25] actor 1099614388289 switch to &NaiveActor::HandlerNormal
I1013 15:31:07.201335 30195 thread.cpp:96] Thread 524337 construct Actor kTick 1099614388289
I1013 15:31:07.201368 30195 runtime_context.cpp:29] DecreaseCounter constructing_actor_cnt, current val is 264
I1013 15:31:07.201545 30195 naive_actor.cpp:25] actor 1099614388293 switch to &NaiveActor::HandlerNormal
I1013 15:31:07.201586 30195 thread.cpp:96] Thread 524337 construct Actor kTick 1099614388293
I1013 15:31:07.201620 30195 runtime_context.cpp:29] DecreaseCounter constructing_actor_cnt, current val is 263
I1013 15:31:07.201799 30195 naive_actor.cpp:25] actor 1099614388294 switch to &NaiveActor::HandlerNormal
I1013 15:31:07.201833 30195 thread.cpp:96] Thread 524337 construct Actor kTick 1099614388294
I1013 15:31:07.201865 30195 runtime_context.cpp:29] DecreaseCounter constructing_actor_cnt, current val is 262
I1013 15:31:07.201942 30223 naive_actor.cpp:25] actor 2199023255572 switch to &NaiveActor::HandlerNormal
I1013 15:31:07.201992 30223 thread.cpp:96] Thread 1048576 construct Actor kNormalForward 2199023255572
I1013 15:31:07.202042 30195 naive_actor.cpp:25] actor 1099614388292 switch to &NaiveActor::HandlerNormal
I1013 15:31:07.202056 30223 runtime_context.cpp:29] DecreaseCounter constructing_actor_cnt, current val is 261
I1013 15:31:07.202064 30195 thread.cpp:96] Thread 524337 construct Actor kTick 1099614388292
I1013 15:31:07.202113 30195 runtime_context.cpp:29] DecreaseCounter constructing_actor_cnt, current val is 260
I1013 15:31:07.202291 30195 naive_actor.cpp:25] actor 1099614388290 switch to &NaiveActor::HandlerNormal
I1013 15:31:07.202324 30195 thread.cpp:96] Thread 524337 construct Actor kTick 1099614388290
I1013 15:31:07.202358 30195 runtime_context.cpp:29] DecreaseCounter constructing_actor_cnt, current val is 259
I1013 15:31:07.202535 30195 naive_actor.cpp:25] actor 1099614388295 switch to &NaiveActor::HandlerNormal
I1013 15:31:07.202574 30195 thread.cpp:96] Thread 524337 construct Actor kTick 1099614388295
I1013 15:31:07.202607 30195 runtime_context.cpp:29] DecreaseCounter constructing_actor_cnt, current val is 258
I1013 15:31:07.202790 30195 naive_actor.cpp:25] actor 1099614388304 switch to &NaiveActor::HandlerNormal
I1013 15:31:07.202822 30195 thread.cpp:96] Thread 524337 construct Actor kTick 1099614388304
I1013 15:31:07.202855 30195 runtime_context.cpp:29] DecreaseCounter constructing_actor_cnt, current val is 257
I1013 15:31:07.202909 30223 naive_actor.cpp:25] actor 2199023255579 switch to &NaiveActor::HandlerNormal
I1013 15:31:07.202955 30223 thread.cpp:96] Thread 1048576 construct Actor kNormalForward 2199023255579
I1013 15:31:07.203028 30223 runtime_context.cpp:29] DecreaseCounter constructing_actor_cnt, current val is 256
I1013 15:31:07.203042 30195 naive_actor.cpp:25] actor 1099614388302 switch to &NaiveActor::HandlerNormal
I1013 15:31:07.203088 30195 thread.cpp:96] Thread 524337 construct Actor kTick 1099614388302
I1013 15:31:07.203121 30195 runtime_context.cpp:29] DecreaseCounter constructing_actor_cnt, current val is 255
I1013 15:31:07.203352 30195 naive_actor.cpp:25] actor 1099614388305 switch to &NaiveActor::HandlerNormal
I1013 15:31:07.203389 30195 thread.cpp:96] Thread 524337 construct Actor kTick 1099614388305
I1013 15:31:07.203433 30195 runtime_context.cpp:29] DecreaseCounter constructing_actor_cnt, current val is 254
I1013 15:31:07.203609 30195 naive_actor.cpp:25] actor 1099614388303 switch to &NaiveActor::HandlerNormal
I1013 15:31:07.203642 30195 thread.cpp:96] Thread 524337 construct Actor kTick 1099614388303
I1013 15:31:07.203675 30195 runtime_context.cpp:29] DecreaseCounter constructing_actor_cnt, current val is 253
I1013 15:31:07.203845 30195 naive_actor.cpp:25] actor 1099614388291 switch to &NaiveActor::HandlerNormal
