I1012 14:25:23.953052 35457 runtime_context.cpp:29] DecreaseCounter constructing_actor_cnt, current val is 665
I1012 14:25:23.953387 35461 naive_actor.cpp:25] actor 2199023255573 switch to &NaiveActor::HandlerNormal
I1012 14:25:23.953471 35461 thread.cpp:96] Thread 1048576 construct Actor kNormalForward 2199023255573
I1012 14:25:23.953575 35461 runtime_context.cpp:29] DecreaseCounter constructing_actor_cnt, current val is 664
I1012 14:25:23.953593 35457 naive_actor.cpp:25] actor 1099614388254 switch to &NaiveActor::HandlerNormal
I1012 14:25:23.953676 35457 thread.cpp:96] Thread 524337 construct Actor kDstSubsetTick 1099614388254
I1012 14:25:23.953769 35457 runtime_context.cpp:29] DecreaseCounter constructing_actor_cnt, current val is 663
I1012 14:25:23.954071 35467 naive_actor.cpp:25] actor 2207613190148 switch to &NaiveActor::HandlerNormal
I1012 14:25:23.954134 35467 thread.cpp:96] Thread 1052672 construct Actor kNormalForward 2207613190148
I1012 14:25:23.954216 35467 runtime_context.cpp:29] DecreaseCounter constructing_actor_cnt, current val is 662
I1012 14:25:23.954310 35457 naive_actor.cpp:25] actor 1099614388255 switch to &NaiveActor::HandlerNormal
I1012 14:25:23.954377 35457 thread.cpp:96] Thread 524337 construct Actor kTick 1099614388255
I1012 14:25:23.954468 35457 runtime_context.cpp:29] DecreaseCounter constructing_actor_cnt, current val is 661
I1012 14:25:23.954650 35461 naive_actor.cpp:25] actor 2199023255558 switch to &NaiveActor::HandlerNormal
I1012 14:25:23.954730 35461 thread.cpp:96] Thread 1048576 construct Actor kNormalForward 2199023255558
I1012 14:25:23.954818 35461 runtime_context.cpp:29] DecreaseCounter constructing_actor_cnt, current val is 660
I1012 14:25:23.954878 35457 naive_actor.cpp:25] actor 1099614388253 switch to &NaiveActor::HandlerNormal
I1012 14:25:23.954933 35457 thread.cpp:96] Thread 524337 construct Actor kTick 1099614388253
I1012 14:25:23.955015 35457 runtime_context.cpp:29] DecreaseCounter constructing_actor_cnt, current val is 659
I1012 14:25:23.955282 35461 naive_actor.cpp:25] actor 2199023255559 switch to &NaiveActor::HandlerNormal
I1012 14:25:23.955343 35461 thread.cpp:96] Thread 1048576 construct Actor kNormalForward 2199023255559
I1012 14:25:23.955484 35461 runtime_context.cpp:29] DecreaseCounter constructing_actor_cnt, current val is 658
I1012 14:25:23.955487 35457 naive_actor.cpp:25] actor 1099614388250 switch to &NaiveActor::HandlerNormal
I1012 14:25:23.955595 35457 thread.cpp:96] Thread 524337 construct Actor kSrcSubsetTick 1099614388250
I1012 14:25:23.955647 35467 naive_actor.cpp:25] actor 2207613190172 switch to &NaiveActor::HandlerNormal
I1012 14:25:23.955674 35457 runtime_context.cpp:29] DecreaseCounter constructing_actor_cnt, current val is 657
I1012 14:25:23.955699 35467 thread.cpp:96] Thread 1052672 construct Actor kNormalForward 2207613190172
I1012 14:25:23.955822 35467 runtime_context.cpp:29] DecreaseCounter constructing_actor_cnt, current val is 656
I1012 14:25:23.956238 35457 naive_actor.cpp:25] actor 1099614388249 switch to &NaiveActor::HandlerNormal
I1012 14:25:23.956303 35457 thread.cpp:96] Thread 524337 construct Actor kDeviceTick 1099614388249
I1012 14:25:23.956384 35457 runtime_context.cpp:29] DecreaseCounter constructing_actor_cnt, current val is 655
I1012 14:25:23.956881 35461 naive_actor.cpp:25] actor 2199023255583 switch to &NaiveActor::HandlerNormal
I1012 14:25:23.956954 35461 thread.cpp:96] Thread 1048576 construct Actor kNormalForward 2199023255583
I1012 14:25:23.957048 35461 runtime_context.cpp:29] DecreaseCounter constructing_actor_cnt, current val is 654
I1012 14:25:23.957245 35457 esac_actor.cpp:73] actor 1099614388326 switch to &EsacActor::HandlerNormal
I1012 14:25:23.957316 35457 thread.cpp:96] Thread 524337 construct Actor kEsac 1099614388326
I1012 14:25:23.957463 35457 runtime_context.cpp:29] DecreaseCounter constructing_actor_cnt, current val is 653
I1012 14:25:23.957795 35467 naive_actor.cpp:25] actor 2207613190144 switch to &NaiveActor::HandlerNormal
I1012 14:25:23.957859 35467 thread.cpp:96] Thread 1052672 construct Actor kNormalForward 2207613190144
I1012 14:25:23.957988 35467 runtime_context.cpp:29] DecreaseCounter constructing_actor_cnt, current val is 652
I1012 14:25:23.958011 35457 naive_actor.cpp:25] actor 1099614388256 switch to &NaiveActor::HandlerNormal
I1012 14:25:23.958098 35457 thread.cpp:96] Thread 524337 construct Actor kTick 1099614388256
I1012 14:25:23.958184 35457 runtime_context.cpp:29] DecreaseCounter constructing_actor_cnt, current val is 651
I1012 14:25:23.958490 35461 naive_actor.cpp:25] actor 2199023255562 switch to &NaiveActor::HandlerNormal
I1012 14:25:23.958556 35461 thread.cpp:96] Thread 1048576 construct Actor kNormalForward 2199023255562
I1012 14:25:23.958635 35461 runtime_context.cpp:29] DecreaseCounter constructing_actor_cnt, current val is 650
I1012 14:25:23.958716 35457 naive_actor.cpp:25] actor 1099614388259 switch to &NaiveActor::HandlerNormal
I1012 14:25:23.958772 35457 thread.cpp:96] Thread 524337 construct Actor kSrcSubsetTick 1099614388259
I1012 14:25:23.958861 35457 runtime_context.cpp:29] DecreaseCounter constructing_actor_cnt, current val is 649
I1012 14:25:23.959024 35418 naive_actor.cpp:25] actor 1099511627776 switch to &NaiveActor::HandlerNormal
I1012 14:25:23.959069 35461 naive_actor.cpp:25] actor 2199023255586 switch to &NaiveActor::HandlerNormal
I1012 14:25:23.959090 35418 thread.cpp:96] Thread 524288 construct Actor kNormalForward 1099511627776
I1012 14:25:23.959137 35461 thread.cpp:96] Thread 1048576 construct Actor kNormalForward 2199023255586
I1012 14:25:23.959249 35418 runtime_context.cpp:29] DecreaseCounter constructing_actor_cnt, current val is 648
I1012 14:25:23.959252 35461 runtime_context.cpp:29] DecreaseCounter constructing_actor_cnt, current val is 647
I1012 14:25:23.959357 35467 naive_actor.cpp:25] actor 2207613190159 switch to &NaiveActor::HandlerNormal
I1012 14:25:23.959386 35457 naive_actor.cpp:25] actor 1099614388257 switch to &NaiveActor::HandlerNormal
I1012 14:25:23.959421 35467 thread.cpp:96] Thread 1052672 construct Actor kNormalForward 2207613190159
I1012 14:25:23.959465 35457 thread.cpp:96] Thread 524337 construct Actor kTick 1099614388257
I1012 14:25:23.959558 35467 runtime_context.cpp:29] DecreaseCounter constructing_actor_cnt, current val is 646
I1012 14:25:23.959589 35457 runtime_context.cpp:29] DecreaseCounter constructing_actor_cnt, current val is 645
I1012 14:25:23.959645 35419 naive_actor.cpp:25] actor 1099513724928 switch to &NaiveActor::HandlerNormal
I1012 14:25:23.959702 35419 thread.cpp:96] Thread 524289 construct Actor kNormalForward 1099513724928
I1012 14:25:23.959821 35419 runtime_context.cpp:29] DecreaseCounter constructing_actor_cnt, current val is 644
I1012 14:25:23.959964 35420 naive_actor.cpp:25] actor 1099515822080 switch to &NaiveActor::HandlerNormal
I1012 14:25:23.960006 35420 thread.cpp:96] Thread 524290 construct Actor kNormalForward 1099515822080
I1012 14:25:23.960049 35457 naive_actor.cpp:25] actor 1099614388264 switch to &NaiveActor::HandlerNormal
I1012 14:25:23.960062 35420 runtime_context.cpp:29] DecreaseCounter constructing_actor_cnt, current val is 643
I1012 14:25:23.960104 35457 thread.cpp:96] Thread 524337 construct Actor kTick 1099614388264
I1012 14:25:23.960112 35467 naive_actor.cpp:25] actor 2207613190171 switch to &NaiveActor::HandlerNormal
I1012 14:25:23.960196 35457 runtime_context.cpp:29] DecreaseCounter constructing_actor_cnt, current val is 642
I1012 14:25:23.960316 35467 thread.cpp:96] Thread 1052672 construct Actor kNormalForward 2207613190171
I1012 14:25:23.960410 35467 runtime_context.cpp:29] DecreaseCounter constructing_actor_cnt, current val is 641
I1012 14:25:23.960726 35421 naive_actor.cpp:25] actor 1099517919232 switch to &NaiveActor::HandlerNormal
I1012 14:25:23.960778 35421 thread.cpp:96] Thread 524291 construct Actor kNormalForward 1099517919232
I1012 14:25:23.960860 35421 runtime_context.cpp:29] DecreaseCounter constructing_actor_cnt, current val is 640
I1012 14:25:23.960866 35457 naive_actor.cpp:25] actor 1099614388263 switch to &NaiveActor::HandlerNormal
I1012 14:25:23.960952 35457 thread.cpp:96] Thread 524337 construct Actor kDstSubsetTick 1099614388263
I1012 14:25:23.961019 35461 naive_actor.cpp:25] actor 2199023255610 switch to &NaiveActor::HandlerNormal
I1012 14:25:23.961032 35457 runtime_context.cpp:29] DecreaseCounter constructing_actor_cnt, current val is 639
I1012 14:25:23.961081 35461 thread.cpp:96] Thread 1048576 construct Actor kNormalForward 2199023255610
I1012 14:25:23.961189 35461 runtime_context.cpp:29] DecreaseCounter constructing_actor_cnt, current val is 638
I1012 14:25:23.961478 35457 naive_actor.cpp:25] actor 1099614388333 switch to &NaiveActor::HandlerNormal
I1012 14:25:23.961503 35467 naive_actor.cpp:25] actor 2207613190161 switch to &NaiveActor::HandlerNormal
I1012 14:25:23.961531 35457 thread.cpp:96] Thread 524337 construct Actor kTick 1099614388333
I1012 14:25:23.961575 35467 thread.cpp:96] Thread 1052672 construct Actor kNormalForward 2207613190161
I1012 14:25:23.961642 35457 runtime_context.cpp:29] DecreaseCounter constructing_actor_cnt, current val is 637
I1012 14:25:23.961683 35467 runtime_context.cpp:29] DecreaseCounter constructing_actor_cnt, current val is 636
I1012 14:25:23.961977 35457 naive_actor.cpp:25] actor 1099614388265 switch to &NaiveActor::HandlerNormal
I1012 14:25:23.962025 35457 thread.cpp:96] Thread 524337 construct Actor kTick 1099614388265
I1012 14:25:23.962095 35457 runtime_context.cpp:29] DecreaseCounter constructing_actor_cnt, current val is 635
I1012 14:25:23.962360 35461 naive_actor.cpp:25] actor 2199023255557 switch to &NaiveActor::HandlerNormal
I1012 14:25:23.962414 35461 thread.cpp:96] Thread 1048576 construct Actor kNormalForward 2199023255557
I1012 14:25:23.962504 35461 runtime_context.cpp:29] DecreaseCounter constructing_actor_cnt, current val is 634
I1012 14:25:23.962510 35457 naive_actor.cpp:25] actor 1099614388262 switch to &NaiveActor::HandlerNormal
I1012 14:25:23.962543 35467 naive_actor.cpp:25] actor 2207613190166 switch to &NaiveActor::HandlerNormal
I1012 14:25:23.962591 35457 thread.cpp:96] Thread 524337 construct Actor kTick 1099614388262
I1012 14:25:23.962635 35467 thread.cpp:96] Thread 1052672 construct Actor kNormalForward 2207613190166
I1012 14:25:23.962713 35457 runtime_context.cpp:29] DecreaseCounter constructing_actor_cnt, current val is 633
I1012 14:25:23.962743 35467 runtime_context.cpp:29] DecreaseCounter constructing_actor_cnt, current val is 632
I1012 14:25:23.962988 35461 naive_actor.cpp:25] actor 2199023255563 switch to &NaiveActor::HandlerNormal
I1012 14:25:23.963042 35461 thread.cpp:96] Thread 1048576 construct Actor kNormalForward 2199023255563
I1012 14:25:23.963086 35457 naive_actor.cpp:25] actor 1099614388258 switch to &NaiveActor::HandlerNormal
I1012 14:25:23.963111 35461 runtime_context.cpp:29] DecreaseCounter constructing_actor_cnt, current val is 631
I1012 14:25:23.963161 35467 naive_actor.cpp:25] actor 2207613190190 switch to &NaiveActor::HandlerNormal
I1012 14:25:23.963138 35457 thread.cpp:96] Thread 524337 construct Actor kDeviceTick 1099614388258
I1012 14:25:23.963212 35467 thread.cpp:96] Thread 1052672 construct Actor kNormalForward 2207613190190
I1012 14:25:23.963284 35457 runtime_context.cpp:29] DecreaseCounter constructing_actor_cnt, current val is 630
I1012 14:25:23.963318 35467 runtime_context.cpp:29] DecreaseCounter constructing_actor_cnt, current val is 629
I1012 14:25:23.963701 35457 naive_actor.cpp:25] actor 1099614388266 switch to &NaiveActor::HandlerNormal
I1012 14:25:23.963762 35457 thread.cpp:96] Thread 524337 construct Actor kTick 1099614388266
I1012 14:25:23.963841 35457 runtime_context.cpp:29] DecreaseCounter constructing_actor_cnt, current val is 628
I1012 14:25:23.964205 35457 naive_actor.cpp:25] actor 1099614388274 switch to &NaiveActor::HandlerNormal
I1012 14:25:23.964255 35457 thread.cpp:96] Thread 524337 construct Actor kTick 1099614388274
I1012 14:25:23.964298 35461 naive_actor.cpp:25] actor 2199023255566 switch to &NaiveActor::HandlerNormal
I1012 14:25:23.964321 35457 runtime_context.cpp:29] DecreaseCounter constructing_actor_cnt, current val is 627
I1012 14:25:23.964349 35461 thread.cpp:96] Thread 1048576 construct Actor kNormalForward 2199023255566
I1012 14:25:23.964397 35467 naive_actor.cpp:25] actor 2207613190175 switch to &NaiveActor::HandlerNormal
I1012 14:25:23.964468 35467 thread.cpp:96] Thread 1052672 construct Actor kNormalForward 2207613190175
I1012 14:25:23.964476 35461 runtime_context.cpp:29] DecreaseCounter constructing_actor_cnt, current val is 626
I1012 14:25:23.964551 35467 runtime_context.cpp:29] DecreaseCounter constructing_actor_cnt, current val is 625
I1012 14:25:23.964783 35457 naive_actor.cpp:25] actor 1099614388273 switch to &NaiveActor::HandlerNormal
I1012 14:25:23.964839 35457 thread.cpp:96] Thread 524337 construct Actor kTick 1099614388273
I1012 14:25:23.964880 35467 naive_actor.cpp:25] actor 2207613190199 switch to &NaiveActor::HandlerNormal
I1012 14:25:23.964890 35457 runtime_context.cpp:29] DecreaseCounter constructing_actor_cnt, current val is 624
I1012 14:25:23.964982 35467 thread.cpp:96] Thread 1052672 construct Actor kNormalForward 2207613190199
I1012 14:25:23.965082 35467 runtime_context.cpp:29] DecreaseCounter constructing_actor_cnt, current val is 623
I1012 14:25:23.965359 35457 naive_actor.cpp:25] actor 1099614388271 switch to &NaiveActor::HandlerNormal
I1012 14:25:23.965416 35457 thread.cpp:96] Thread 524337 construct Actor kTick 1099614388271
I1012 14:25:23.965493 35457 runtime_context.cpp:29] DecreaseCounter constructing_actor_cnt, current val is 622
I1012 14:25:23.965955 35457 naive_actor.cpp:25] actor 1099614388272 switch to &NaiveActor::HandlerNormal
I1012 14:25:23.966007 35457 thread.cpp:96] Thread 524337 construct Actor kDstSubsetTick 1099614388272
I1012 14:25:23.966073 35457 runtime_context.cpp:29] DecreaseCounter constructing_actor_cnt, current val is 621
I1012 14:25:23.966091 35461 naive_actor.cpp:25] actor 2199023255552 switch to &NaiveActor::HandlerNormal
I1012 14:25:23.966159 35461 thread.cpp:96] Thread 1048576 construct Actor kNormalForward 2199023255552
I1012 14:25:23.966233 35467 naive_actor.cpp:25] actor 2207613190225 switch to &NaiveActor::HandlerNormal
I1012 14:25:23.966251 35461 runtime_context.cpp:29] DecreaseCounter constructing_actor_cnt, current val is 620
I1012 14:25:23.966285 35467 thread.cpp:96] Thread 1052672 construct Actor kNormalForward 2207613190225
I1012 14:25:23.966388 35467 runtime_context.cpp:29] DecreaseCounter constructing_actor_cnt, current val is 619
I1012 14:25:23.966550 35457 naive_actor.cpp:25] actor 1099614388267 switch to &NaiveActor::HandlerNormal
I1012 14:25:23.966606 35457 thread.cpp:96] Thread 524337 construct Actor kDeviceTick 1099614388267
I1012 14:25:23.966681 35457 runtime_context.cpp:29] DecreaseCounter constructing_actor_cnt, current val is 618
I1012 14:25:23.966753 35467 naive_actor.cpp:25] actor 2207613190169 switch to &NaiveActor::HandlerNormal
I1012 14:25:23.966799 35467 thread.cpp:96] Thread 1052672 construct Actor kNormalForward 2207613190169
I1012 14:25:23.966867 35467 runtime_context.cpp:29] DecreaseCounter constructing_actor_cnt, current val is 617
I1012 14:25:23.967080 35457 naive_actor.cpp:25] actor 1099614388268 switch to &NaiveActor::HandlerNormal
I1012 14:25:23.967133 35457 thread.cpp:96] Thread 524337 construct Actor kSrcSubsetTick 1099614388268
I1012 14:25:23.967200 35457 runtime_context.cpp:29] DecreaseCounter constructing_actor_cnt, current val is 616
I1012 14:25:23.967700 35457 naive_actor.cpp:25] actor 1099614388317 switch to &NaiveActor::HandlerNormal
I1012 14:25:23.967742 35461 naive_actor.cpp:25] actor 2199023255575 switch to &NaiveActor::HandlerNormal
I1012 14:25:23.967765 35457 thread.cpp:96] Thread 524337 construct Actor kTick 1099614388317
I1012 14:25:23.967808 35461 thread.cpp:96] Thread 1048576 construct Actor kNormalForward 2199023255575
I1012 14:25:23.967876 35457 runtime_context.cpp:29] DecreaseCounter constructing_actor_cnt, current val is 615
I1012 14:25:23.967911 35461 runtime_context.cpp:29] DecreaseCounter constructing_actor_cnt, current val is 614
I1012 14:25:23.968255 35457 naive_actor.cpp:25] actor 1099614388329 switch to &NaiveActor::HandlerNormal
I1012 14:25:23.968259 35467 naive_actor.cpp:25] actor 2207613190167 switch to &NaiveActor::HandlerNormal
I1012 14:25:23.968319 35457 thread.cpp:96] Thread 524337 construct Actor kTick 1099614388329
I1012 14:25:23.968364 35467 thread.cpp:96] Thread 1052672 construct Actor kNormalForward 2207613190167
I1012 14:25:23.968451 35457 runtime_context.cpp:29] DecreaseCounter constructing_actor_cnt, current val is 613
I1012 14:25:23.968480 35467 runtime_context.cpp:29] DecreaseCounter constructing_actor_cnt, current val is 612
I1012 14:25:23.968784 35461 naive_actor.cpp:25] actor 2199023255567 switch to &NaiveActor::HandlerNormal
I1012 14:25:23.968837 35461 thread.cpp:96] Thread 1048576 construct Actor kNormalForward 2199023255567
I1012 14:25:23.968890 35461 runtime_context.cpp:29] DecreaseCounter constructing_actor_cnt, current val is 611
I1012 14:25:23.968915 35457 naive_actor.cpp:25] actor 1099614388283 switch to &NaiveActor::HandlerNormal
I1012 14:25:23.968966 35457 thread.cpp:96] Thread 524337 construct Actor kTick 1099614388283
I1012 14:25:23.969027 35457 runtime_context.cpp:29] DecreaseCounter constructing_actor_cnt, current val is 610
I1012 14:25:23.969311 35461 naive_actor.cpp:25] actor 2199023255577 switch to &NaiveActor::HandlerNormal
I1012 14:25:23.969369 35461 thread.cpp:96] Thread 1048576 construct Actor kNormalForward 2199023255577
I1012 14:25:23.969441 35461 runtime_context.cpp:29] DecreaseCounter constructing_actor_cnt, current val is 609
I1012 14:25:23.969475 35457 naive_actor.cpp:25] actor 1099614388277 switch to &NaiveActor::HandlerNormal
I1012 14:25:23.969516 35457 thread.cpp:96] Thread 524337 construct Actor kSrcSubsetTick 1099614388277
I1012 14:25:23.969583 35457 runtime_context.cpp:29] DecreaseCounter constructing_actor_cnt, current val is 608
I1012 14:25:23.969831 35467 naive_actor.cpp:25] actor 2207613190191 switch to &NaiveActor::HandlerNormal
I1012 14:25:23.969883 35467 thread.cpp:96] Thread 1052672 construct Actor kNormalForward 2207613190191
I1012 14:25:23.969949 35467 runtime_context.cpp:29] DecreaseCounter constructing_actor_cnt, current val is 607
I1012 14:25:23.969952 35457 naive_actor.cpp:25] actor 1099614388282 switch to &NaiveActor::HandlerNormal
I1012 14:25:23.970034 35457 thread.cpp:96] Thread 524337 construct Actor kTick 1099614388282
I1012 14:25:23.970111 35457 runtime_context.cpp:29] DecreaseCounter constructing_actor_cnt, current val is 606
I1012 14:25:23.970469 35457 naive_actor.cpp:25] actor 1099614388284 switch to &NaiveActor::HandlerNormal
I1012 14:25:23.970507 35461 naive_actor.cpp:25] actor 2199023255595 switch to &NaiveActor::HandlerNormal
I1012 14:25:23.970518 35457 thread.cpp:96] Thread 524337 construct Actor kTick 1099614388284
I1012 14:25:23.970554 35461 thread.cpp:96] Thread 1048576 construct Actor kNormalForward 2199023255595
I1012 14:25:23.970625 35457 runtime_context.cpp:29] DecreaseCounter constructing_actor_cnt, current val is 605
I1012 14:25:23.970656 35461 runtime_context.cpp:29] DecreaseCounter constructing_actor_cnt, current val is 604
I1012 14:25:23.971019 35467 naive_actor.cpp:25] actor 2207613190158 switch to &NaiveActor::HandlerNormal
I1012 14:25:23.971026 35457 naive_actor.cpp:25] actor 1099614388275 switch to &NaiveActor::HandlerNormal
I1012 14:25:23.971071 35467 thread.cpp:96] Thread 1052672 construct Actor kNormalForward 2207613190158
I1012 14:25:23.971117 35457 thread.cpp:96] Thread 524337 construct Actor kDeviceTick 1099614388275
I1012 14:25:23.971256 35467 runtime_context.cpp:29] DecreaseCounter constructing_actor_cnt, current val is 603
I1012 14:25:23.971263 35457 runtime_context.cpp:29] DecreaseCounter constructing_actor_cnt, current val is 602
I1012 14:25:23.971660 35457 naive_actor.cpp:25] actor 1099614388288 switch to &NaiveActor::HandlerNormal
I1012 14:25:23.971688 35467 naive_actor.cpp:25] actor 2207613190162 switch to &NaiveActor::HandlerNormal
I1012 14:25:23.971709 35457 thread.cpp:96] Thread 524337 construct Actor kTick 1099614388288
I1012 14:25:23.971741 35467 thread.cpp:96] Thread 1052672 construct Actor kNormalForward 2207613190162
I1012 14:25:23.971787 35461 naive_actor.cpp:25] actor 2199023255619 switch to &NaiveActor::HandlerNormal
I1012 14:25:23.971808 35457 runtime_context.cpp:29] DecreaseCounter constructing_actor_cnt, current val is 601
I1012 14:25:23.971832 35461 thread.cpp:96] Thread 1048576 construct Actor kNormalForward 2199023255619
I1012 14:25:23.971840 35467 runtime_context.cpp:29] DecreaseCounter constructing_actor_cnt, current val is 600
I1012 14:25:23.971931 35461 runtime_context.cpp:29] DecreaseCounter constructing_actor_cnt, current val is 599
I1012 14:25:23.972227 35457 naive_actor.cpp:25] actor 1099614388281 switch to &NaiveActor::HandlerNormal
I1012 14:25:23.972276 35457 thread.cpp:96] Thread 524337 construct Actor kDstSubsetTick 1099614388281
I1012 14:25:23.972345 35457 runtime_context.cpp:29] DecreaseCounter constructing_actor_cnt, current val is 598
I1012 14:25:23.972734 35457 naive_actor.cpp:25] actor 1099614388280 switch to &NaiveActor::HandlerNormal
I1012 14:25:23.972793 35457 thread.cpp:96] Thread 524337 construct Actor kTick 1099614388280
I1012 14:25:23.972854 35457 runtime_context.cpp:29] DecreaseCounter constructing_actor_cnt, current val is 597
I1012 14:25:23.973129 35467 naive_actor.cpp:25] actor 2207613190186 switch to &NaiveActor::HandlerNormal
I1012 14:25:23.973172 35467 thread.cpp:96] Thread 1052672 construct Actor kNormalForward 2207613190186
I1012 14:25:23.973199 35457 naive_actor.cpp:25] actor 1099614388276 switch to &NaiveActor::HandlerNormal
I1012 14:25:23.973237 35467 runtime_context.cpp:29] DecreaseCounter constructing_actor_cnt, current val is 596
I1012 14:25:23.973251 35457 thread.cpp:96] Thread 524337 construct Actor kDeviceTick 1099614388276
I1012 14:25:23.973356 35457 runtime_context.cpp:29] DecreaseCounter constructing_actor_cnt, current val is 595
I1012 14:25:23.973510 35461 naive_actor.cpp:25] actor 2199023255596 switch to &NaiveActor::HandlerNormal
I1012 14:25:23.973562 35461 thread.cpp:96] Thread 1048576 construct Actor kNormalForward 2199023255596
I1012 14:25:23.973646 35461 runtime_context.cpp:29] DecreaseCounter constructing_actor_cnt, current val is 594
I1012 14:25:23.973731 35457 naive_actor.cpp:25] actor 1099614388290 switch to &NaiveActor::HandlerNormal
I1012 14:25:23.973779 35457 thread.cpp:96] Thread 524337 construct Actor kSrcSubsetTick 1099614388290
I1012 14:25:23.973850 35457 runtime_context.cpp:29] DecreaseCounter constructing_actor_cnt, current val is 593
I1012 14:25:23.974050 35467 naive_actor.cpp:25] actor 2207613190194 switch to &NaiveActor::HandlerNormal
I1012 14:25:23.974102 35467 thread.cpp:96] Thread 1052672 construct Actor kNormalForward 2207613190194
I1012 14:25:23.974138 35461 naive_actor.cpp:25] actor 2199023255620 switch to &NaiveActor::HandlerNormal
I1012 14:25:23.974161 35467 runtime_context.cpp:29] DecreaseCounter constructing_actor_cnt, current val is 592
I1012 14:25:23.974189 35461 thread.cpp:96] Thread 1048576 construct Actor kNormalForward 2199023255620
I1012 14:25:23.974206 35457 naive_actor.cpp:25] actor 1099614388295 switch to &NaiveActor::HandlerNormal
I1012 14:25:23.974293 35457 thread.cpp:96] Thread 524337 construct Actor kTick 1099614388295
I1012 14:25:23.974296 35461 runtime_context.cpp:29] DecreaseCounter constructing_actor_cnt, current val is 591
I1012 14:25:23.974371 35457 runtime_context.cpp:29] DecreaseCounter constructing_actor_cnt, current val is 590
I1012 14:25:23.974756 35457 naive_actor.cpp:25] actor 1099614388285 switch to &NaiveActor::HandlerNormal
I1012 14:25:23.974813 35457 thread.cpp:96] Thread 524337 construct Actor kTick 1099614388285
I1012 14:25:23.974889 35457 runtime_context.cpp:29] DecreaseCounter constructing_actor_cnt, current val is 589
I1012 14:25:23.975215 35457 naive_actor.cpp:25] actor 1099614388292 switch to &NaiveActor::HandlerNormal
I1012 14:25:23.975265 35457 thread.cpp:96] Thread 524337 construct Actor kTick 1099614388292
I1012 14:25:23.975329 35457 runtime_context.cpp:29] DecreaseCounter constructing_actor_cnt, current val is 588
I1012 14:25:23.975404 35467 naive_actor.cpp:25] actor 2207613190154 switch to &NaiveActor::HandlerNormal
I1012 14:25:23.975483 35467 thread.cpp:96] Thread 1052672 construct Actor kNormalForward 2207613190154
I1012 14:25:23.975585 35467 runtime_context.cpp:29] DecreaseCounter constructing_actor_cnt, current val is 587
I1012 14:25:23.975688 35461 naive_actor.cpp:25] actor 2199023255597 switch to &NaiveActor::HandlerNormal
I1012 14:25:23.975726 35457 naive_actor.cpp:25] actor 1099614388294 switch to &NaiveActor::HandlerNormal
I1012 14:25:23.975744 35461 thread.cpp:96] Thread 1048576 construct Actor kNormalForward 2199023255597
I1012 14:25:23.975783 35457 thread.cpp:96] Thread 524337 construct Actor kTick 1099614388294
I1012 14:25:23.975872 35461 runtime_context.cpp:29] DecreaseCounter constructing_actor_cnt, current val is 586
I1012 14:25:23.975888 35457 runtime_context.cpp:29] DecreaseCounter constructing_actor_cnt, current val is 585
I1012 14:25:23.976074 35467 naive_actor.cpp:25] actor 2207613190178 switch to &NaiveActor::HandlerNormal
I1012 14:25:23.976140 35467 thread.cpp:96] Thread 1052672 construct Actor kNormalForward 2207613190178
I1012 14:25:23.976244 35467 runtime_context.cpp:29] DecreaseCounter constructing_actor_cnt, current val is 584
I1012 14:25:23.976302 35457 naive_actor.cpp:25] actor 1099614388330 switch to &NaiveActor::HandlerNormal
I1012 14:25:23.976351 35457 thread.cpp:96] Thread 524337 construct Actor kTick 1099614388330
I1012 14:25:23.976436 35457 runtime_context.cpp:29] DecreaseCounter constructing_actor_cnt, current val is 583
I1012 14:25:23.976821 35461 naive_actor.cpp:25] actor 2199023255644 switch to &NaiveActor::HandlerNormal
I1012 14:25:23.976846 35457 naive_actor.cpp:25] actor 1099614388293 switch to &NaiveActor::HandlerNormal
I1012 14:25:23.976878 35461 thread.cpp:96] Thread 1048576 construct Actor kNormalForward 2199023255644
I1012 14:25:23.976902 35457 thread.cpp:96] Thread 524337 construct Actor kDstSubsetTick 1099614388293
I1012 14:25:23.976970 35461 runtime_context.cpp:29] DecreaseCounter constructing_actor_cnt, current val is 582
I1012 14:25:23.976994 35457 runtime_context.cpp:29] DecreaseCounter constructing_actor_cnt, current val is 581
I1012 14:25:23.977486 35457 reentrant_lock_actor.cpp:76] actor 1099614388296 switch to &ReentrantLockActor::HandlerNormal
I1012 14:25:23.977541 35457 thread.cpp:96] Thread 524337 construct Actor kReentrantLock 1099614388296
I1012 14:25:23.977620 35457 runtime_context.cpp:29] DecreaseCounter constructing_actor_cnt, current val is 580
I1012 14:25:23.977713 35467 naive_actor.cpp:25] actor 2207613190222 switch to &NaiveActor::HandlerNormal
I1012 14:25:23.977783 35467 thread.cpp:96] Thread 1052672 construct Actor kNormalForward 2207613190222
I1012 14:25:23.977898 35467 runtime_context.cpp:29] DecreaseCounter constructing_actor_cnt, current val is 579
I1012 14:25:23.978024 35457 naive_actor.cpp:25] actor 1099614388298 switch to &NaiveActor::HandlerNormal
I1012 14:25:23.978075 35457 thread.cpp:96] Thread 524337 construct Actor kTick 1099614388298
I1012 14:25:23.978140 35457 runtime_context.cpp:29] DecreaseCounter constructing_actor_cnt, current val is 578
I1012 14:25:23.978520 35457 naive_actor.cpp:25] actor 1099614388312 switch to &NaiveActor::HandlerNormal
I1012 14:25:23.978523 35461 naive_actor.cpp:25] actor 2199023255582 switch to &NaiveActor::HandlerNormal
I1012 14:25:23.978577 35457 thread.cpp:96] Thread 524337 construct Actor kTick 1099614388312
I1012 14:25:23.978617 35461 thread.cpp:96] Thread 1048576 construct Actor kNormalForward 2199023255582
I1012 14:25:23.978718 35457 runtime_context.cpp:29] DecreaseCounter constructing_actor_cnt, current val is 577
I1012 14:25:23.978765 35461 runtime_context.cpp:29] DecreaseCounter constructing_actor_cnt, current val is 576
I1012 14:25:23.979065 35457 naive_actor.cpp:25] actor 1099614388299 switch to &NaiveActor::HandlerNormal
I1012 14:25:23.979118 35457 thread.cpp:96] Thread 524337 construct Actor kTick 1099614388299
I1012 14:25:23.979193 35457 runtime_context.cpp:29] DecreaseCounter constructing_actor_cnt, current val is 575
I1012 14:25:23.979209 35467 naive_actor.cpp:25] actor 2207613190196 switch to &NaiveActor::HandlerNormal
I1012 14:25:23.979281 35467 thread.cpp:96] Thread 1052672 construct Actor kNormalForward 2207613190196
I1012 14:25:23.979378 35467 runtime_context.cpp:29] DecreaseCounter constructing_actor_cnt, current val is 574
I1012 14:25:23.979591 35457 naive_actor.cpp:25] actor 1099614388308 switch to &NaiveActor::HandlerNormal
I1012 14:25:23.979643 35457 thread.cpp:96] Thread 524337 construct Actor kTick 1099614388308
I1012 14:25:23.979712 35457 runtime_context.cpp:29] DecreaseCounter constructing_actor_cnt, current val is 573
I1012 14:25:23.979899 35461 naive_actor.cpp:25] actor 2199023255564 switch to &NaiveActor::HandlerNormal
I1012 14:25:23.979964 35461 thread.cpp:96] Thread 1048576 construct Actor kNormalForward 2199023255564
I1012 14:25:23.980046 35461 runtime_context.cpp:29] DecreaseCounter constructing_actor_cnt, current val is 572
I1012 14:25:23.980136 35457 naive_actor.cpp:25] actor 1099614388311 switch to &NaiveActor::HandlerNormal
I1012 14:25:23.980185 35457 thread.cpp:96] Thread 524337 construct Actor kTick 1099614388311
I1012 14:25:23.980253 35457 runtime_context.cpp:29] DecreaseCounter constructing_actor_cnt, current val is 571
I1012 14:25:23.980598 35457 naive_actor.cpp:25] actor 1099614388307 switch to &NaiveActor::HandlerNormal
I1012 14:25:23.980612 35467 naive_actor.cpp:25] actor 2207613190168 switch to &NaiveActor::HandlerNormal
I1012 14:25:23.980651 35457 thread.cpp:96] Thread 524337 construct Actor kTick 1099614388307
I1012 14:25:23.980696 35467 thread.cpp:96] Thread 1052672 construct Actor kNormalForward 2207613190168
I1012 14:25:23.980808 35467 runtime_context.cpp:29] DecreaseCounter constructing_actor_cnt, current val is 569
I1012 14:25:23.980824 35457 runtime_context.cpp:29] DecreaseCounter constructing_actor_cnt, current val is 570
I1012 14:25:23.980870 35461 naive_actor.cpp:25] actor 2199023255588 switch to &NaiveActor::HandlerNormal
I1012 14:25:23.980926 35461 thread.cpp:96] Thread 1048576 construct Actor kNormalForward 2199023255588
I1012 14:25:23.981010 35461 runtime_context.cpp:29] DecreaseCounter constructing_actor_cnt, current val is 568
I1012 14:25:23.981143 35467 naive_actor.cpp:25] actor 2207613190183 switch to &NaiveActor::HandlerNormal
I1012 14:25:23.981169 35457 naive_actor.cpp:25] actor 1099614388301 switch to &NaiveActor::HandlerNormal
I1012 14:25:23.981195 35467 thread.cpp:96] Thread 1052672 construct Actor kNormalForward 2207613190183
I1012 14:25:23.981236 35457 thread.cpp:96] Thread 524337 construct Actor kTick 1099614388301
I1012 14:25:23.981299 35467 runtime_context.cpp:29] DecreaseCounter constructing_actor_cnt, current val is 567
I1012 14:25:23.981333 35457 runtime_context.cpp:29] DecreaseCounter constructing_actor_cnt, current val is 566
I1012 14:25:23.981397 35461 naive_actor.cpp:25] actor 2199023255607 switch to &NaiveActor::HandlerNormal
I1012 14:25:23.981454 35461 thread.cpp:96] Thread 1048576 construct Actor kNormalForward 2199023255607
I1012 14:25:23.981528 35461 runtime_context.cpp:29] DecreaseCounter constructing_actor_cnt, current val is 565
I1012 14:25:23.981693 35457 naive_actor.cpp:25] actor 1099614388310 switch to &NaiveActor::HandlerNormal
I1012 14:25:23.981739 35457 thread.cpp:96] Thread 524337 construct Actor kTick 1099614388310
I1012 14:25:23.981806 35457 runtime_context.cpp:29] DecreaseCounter constructing_actor_cnt, current val is 564
I1012 14:25:23.982132 35457 naive_actor.cpp:25] actor 1099614388304 switch to &NaiveActor::HandlerNormal
I1012 14:25:23.982187 35457 thread.cpp:96] Thread 524337 construct Actor kTick 1099614388304
I1012 14:25:23.982250 35457 runtime_context.cpp:29] DecreaseCounter constructing_actor_cnt, current val is 563
I1012 14:25:23.982442 35461 naive_actor.cpp:25] actor 2199023255556 switch to &NaiveActor::HandlerNormal
I1012 14:25:23.982493 35461 thread.cpp:96] Thread 1048576 construct Actor kNormalForward 2199023255556
I1012 14:25:23.982566 35461 runtime_context.cpp:29] DecreaseCounter constructing_actor_cnt, current val is 562
I1012 14:25:23.982573 35457 naive_actor.cpp:25] actor 1099614388306 switch to &NaiveActor::HandlerNormal
I1012 14:25:23.982635 35457 thread.cpp:96] Thread 524337 construct Actor kTick 1099614388306
I1012 14:25:23.982703 35457 runtime_context.cpp:29] DecreaseCounter constructing_actor_cnt, current val is 561
I1012 14:25:23.983027 35457 naive_actor.cpp:25] actor 1099614388302 switch to &NaiveActor::HandlerNormal
I1012 14:25:23.983072 35457 thread.cpp:96] Thread 524337 construct Actor kTick 1099614388302
I1012 14:25:23.983136 35457 runtime_context.cpp:29] DecreaseCounter constructing_actor_cnt, current val is 560
I1012 14:25:23.983132 35467 naive_actor.cpp:25] actor 2207613190195 switch to &NaiveActor::HandlerNormal
I1012 14:25:23.983233 35467 thread.cpp:96] Thread 1052672 construct Actor kNormalForward 2207613190195
I1012 14:25:23.983321 35467 runtime_context.cpp:29] DecreaseCounter constructing_actor_cnt, current val is 559
I1012 14:25:23.983551 35461 naive_actor.cpp:25] actor 2199023255629 switch to &NaiveActor::HandlerNormal
I1012 14:25:23.983574 35457 naive_actor.cpp:25] actor 1099614388305 switch to &NaiveActor::HandlerNormal
I1012 14:25:23.983603 35461 thread.cpp:96] Thread 1048576 construct Actor kNormalForward 2199023255629
I1012 14:25:23.983642 35457 thread.cpp:96] Thread 524337 construct Actor kTick 1099614388305
I1012 14:25:23.983714 35461 runtime_context.cpp:29] DecreaseCounter constructing_actor_cnt, current val is 558
I1012 14:25:23.983729 35457 runtime_context.cpp:29] DecreaseCounter constructing_actor_cnt, current val is 557
I1012 14:25:23.983722 35467 naive_actor.cpp:25] actor 2207613190185 switch to &NaiveActor::HandlerNormal
I1012 14:25:23.983830 35467 thread.cpp:96] Thread 1052672 construct Actor kNormalForward 2207613190185
I1012 14:25:23.983904 35467 runtime_context.cpp:29] DecreaseCounter constructing_actor_cnt, current val is 556
I1012 14:25:23.984124 35457 naive_actor.cpp:25] actor 1099614388313 switch to &NaiveActor::HandlerNormal
I1012 14:25:23.984174 35457 thread.cpp:96] Thread 524337 construct Actor kTick 1099614388313
I1012 14:25:23.984244 35457 runtime_context.cpp:29] DecreaseCounter constructing_actor_cnt, current val is 555
I1012 14:25:23.984544 35457 naive_actor.cpp:25] actor 1099614388300 switch to &NaiveActor::HandlerNormal
I1012 14:25:23.984586 35461 naive_actor.cpp:25] actor 2199023255581 switch to &NaiveActor::HandlerNormal
I1012 14:25:23.984596 35457 thread.cpp:96] Thread 524337 construct Actor kTick 1099614388300
I1012 14:25:23.984632 35461 thread.cpp:96] Thread 1048576 construct Actor kNormalForward 2199023255581
I1012 14:25:23.984705 35457 runtime_context.cpp:29] DecreaseCounter constructing_actor_cnt, current val is 554
I1012 14:25:23.984735 35461 runtime_context.cpp:29] DecreaseCounter constructing_actor_cnt, current val is 553
I1012 14:25:23.985055 35457 naive_actor.cpp:25] actor 1099614388309 switch to &NaiveActor::HandlerNormal
I1012 14:25:23.985105 35457 thread.cpp:96] Thread 524337 construct Actor kTick 1099614388309
I1012 14:25:23.985167 35467 naive_actor.cpp:25] actor 2207613190209 switch to &NaiveActor::HandlerNormal
I1012 14:25:23.985172 35457 runtime_context.cpp:29] DecreaseCounter constructing_actor_cnt, current val is 552
I1012 14:25:23.985220 35467 thread.cpp:96] Thread 1052672 construct Actor kNormalForward 2207613190209
I1012 14:25:23.985371 35467 runtime_context.cpp:29] DecreaseCounter constructing_actor_cnt, current val is 551
I1012 14:25:23.985560 35457 naive_actor.cpp:25] actor 1099614388303 switch to &NaiveActor::HandlerNormal
I1012 14:25:23.985617 35457 thread.cpp:96] Thread 524337 construct Actor kTick 1099614388303
I1012 14:25:23.985682 35457 runtime_context.cpp:29] DecreaseCounter constructing_actor_cnt, current val is 550
I1012 14:25:23.985697 35461 naive_actor.cpp:25] actor 2199023255587 switch to &NaiveActor::HandlerNormal
I1012 14:25:23.985764 35461 thread.cpp:96] Thread 1048576 construct Actor kNormalForward 2199023255587
I1012 14:25:23.985841 35461 runtime_context.cpp:29] DecreaseCounter constructing_actor_cnt, current val is 549
I1012 14:25:23.986007 35457 naive_actor.cpp:25] actor 1099614388314 switch to &NaiveActor::HandlerNormal
I1012 14:25:23.986052 35457 thread.cpp:96] Thread 524337 construct Actor kTick 1099614388314
I1012 14:25:23.986119 35457 runtime_context.cpp:29] DecreaseCounter constructing_actor_cnt, current val is 548
I1012 14:25:23.986182 35461 naive_actor.cpp:25] actor 2199023255605 switch to &NaiveActor::HandlerNormal
I1012 14:25:23.986230 35461 thread.cpp:96] Thread 1048576 construct Actor kNormalForward 2199023255605
I1012 14:25:23.986296 35461 runtime_context.cpp:29] DecreaseCounter constructing_actor_cnt, current val is 547
I1012 14:25:23.986995 35457 case_actor.cpp:76] actor 1099614388297 switch to &CaseActor::HandlerNormal
I1012 14:25:23.987051 35457 thread.cpp:96] Thread 524337 construct Actor kCase 1099614388297
I1012 14:25:23.987123 35467 naive_actor.cpp:25] actor 2207613190160 switch to &NaiveActor::HandlerNormal
I1012 14:25:23.987140 35457 runtime_context.cpp:29] DecreaseCounter constructing_actor_cnt, current val is 546
I1012 14:25:23.987144 35461 naive_actor.cpp:25] actor 2199023255611 switch to &NaiveActor::HandlerNormal
I1012 14:25:23.987186 35467 thread.cpp:96] Thread 1052672 construct Actor kNormalForward 2207613190160
I1012 14:25:23.987257 35461 thread.cpp:96] Thread 1048576 construct Actor kNormalForward 2199023255611
I1012 14:25:23.987342 35467 runtime_context.cpp:29] DecreaseCounter constructing_actor_cnt, current val is 545
I1012 14:25:23.987363 35461 runtime_context.cpp:29] DecreaseCounter constructing_actor_cnt, current val is 544
I1012 14:25:23.987547 35457 naive_actor.cpp:25] actor 1099614388321 switch to &NaiveActor::HandlerNormal
I1012 14:25:23.987603 35457 thread.cpp:96] Thread 524337 construct Actor kTick 1099614388321
I1012 14:25:23.987669 35457 runtime_context.cpp:29] DecreaseCounter constructing_actor_cnt, current val is 543
I1012 14:25:23.988013 35457 naive_actor.cpp:25] actor 1099614388319 switch to &NaiveActor::HandlerNormal
I1012 14:25:23.988072 35457 thread.cpp:96] Thread 524337 construct Actor kTick 1099614388319
I1012 14:25:23.988140 35457 runtime_context.cpp:29] DecreaseCounter constructing_actor_cnt, current val is 542
I1012 14:25:23.988312 35461 naive_actor.cpp:25] actor 2199023255590 switch to &NaiveActor::HandlerNormal
I1012 14:25:23.988360 35461 thread.cpp:96] Thread 1048576 construct Actor kNormalForward 2199023255590
I1012 14:25:23.988442 35461 runtime_context.cpp:29] DecreaseCounter constructing_actor_cnt, current val is 541
I1012 14:25:23.988513 35457 naive_actor.cpp:25] actor 1099614388323 switch to &NaiveActor::HandlerNormal
I1012 14:25:23.988564 35457 thread.cpp:96] Thread 524337 construct Actor kTick 1099614388323
I1012 14:25:23.988590 35467 naive_actor.cpp:25] actor 2207613190249 switch to &NaiveActor::HandlerNormal
I1012 14:25:23.988624 35457 runtime_context.cpp:29] DecreaseCounter constructing_actor_cnt, current val is 540
I1012 14:25:23.988649 35467 thread.cpp:96] Thread 1052672 construct Actor kNormalForward 2207613190249
I1012 14:25:23.988791 35467 runtime_context.cpp:29] DecreaseCounter constructing_actor_cnt, current val is 539
I1012 14:25:23.988993 35457 naive_actor.cpp:25] actor 1099614388316 switch to &NaiveActor::HandlerNormal
I1012 14:25:23.989043 35457 thread.cpp:96] Thread 524337 construct Actor kTick 1099614388316
I1012 14:25:23.989112 35457 runtime_context.cpp:29] DecreaseCounter constructing_actor_cnt, current val is 538
I1012 14:25:23.989389 35461 naive_actor.cpp:25] actor 2199023255576 switch to &NaiveActor::HandlerNormal
I1012 14:25:23.989451 35461 thread.cpp:96] Thread 1048576 construct Actor kNormalForward 2199023255576
I1012 14:25:23.989528 35461 runtime_context.cpp:29] DecreaseCounter constructing_actor_cnt, current val is 537
I1012 14:25:23.989540 35457 naive_actor.cpp:25] actor 1099614388318 switch to &NaiveActor::HandlerNormal
I1012 14:25:23.989609 35457 thread.cpp:96] Thread 524337 construct Actor kTick 1099614388318
I1012 14:25:23.989686 35457 runtime_context.cpp:29] DecreaseCounter constructing_actor_cnt, current val is 536
I1012 14:25:23.990031 35467 naive_actor.cpp:25] actor 2207613190193 switch to &NaiveActor::HandlerNormal
I1012 14:25:23.990067 35457 naive_actor.cpp:25] actor 1099614388320 switch to &NaiveActor::HandlerNormal
I1012 14:25:23.990087 35467 thread.cpp:96] Thread 1052672 construct Actor kNormalForward 2207613190193
I1012 14:25:23.990124 35457 thread.cpp:96] Thread 524337 construct Actor kTick 1099614388320
I1012 14:25:23.990218 35467 runtime_context.cpp:29] DecreaseCounter constructing_actor_cnt, current val is 535
I1012 14:25:23.990233 35457 runtime_context.cpp:29] DecreaseCounter constructing_actor_cnt, current val is 534
I1012 14:25:23.990622 35457 naive_actor.cpp:25] actor 1099614388328 switch to &NaiveActor::HandlerNormal
I1012 14:25:23.990626 35461 naive_actor.cpp:25] actor 2199023255599 switch to &NaiveActor::HandlerNormal
I1012 14:25:23.990670 35457 thread.cpp:96] Thread 524337 construct Actor kTick 1099614388328
I1012 14:25:23.990720 35461 thread.cpp:96] Thread 1048576 construct Actor kNormalForward 2199023255599
I1012 14:25:23.990778 35457 runtime_context.cpp:29] DecreaseCounter constructing_actor_cnt, current val is 533
I1012 14:25:23.990824 35461 runtime_context.cpp:29] DecreaseCounter constructing_actor_cnt, current val is 532
I1012 14:25:23.991151 35457 naive_actor.cpp:25] actor 1099614388324 switch to &NaiveActor::HandlerNormal
I1012 14:25:23.991197 35457 thread.cpp:96] Thread 524337 construct Actor kTick 1099614388324
I1012 14:25:23.991250 35461 naive_actor.cpp:25] actor 2199023255591 switch to &NaiveActor::HandlerNormal
I1012 14:25:23.991259 35457 runtime_context.cpp:29] DecreaseCounter constructing_actor_cnt, current val is 531
I1012 14:25:23.991282 35467 naive_actor.cpp:25] actor 2207613190231 switch to &NaiveActor::HandlerNormal
I1012 14:25:23.991302 35461 thread.cpp:96] Thread 1048576 construct Actor kNormalForward 2199023255591
I1012 14:25:23.991379 35467 thread.cpp:96] Thread 1052672 construct Actor kNormalForward 2207613190231
I1012 14:25:23.991458 35461 runtime_context.cpp:29] DecreaseCounter constructing_actor_cnt, current val is 530
I1012 14:25:23.991519 35467 runtime_context.cpp:29] DecreaseCounter constructing_actor_cnt, current val is 529
I1012 14:25:23.991648 35457 naive_actor.cpp:25] actor 1099614388322 switch to &NaiveActor::HandlerNormal
I1012 14:25:23.991698 35457 thread.cpp:96] Thread 524337 construct Actor kTick 1099614388322
I1012 14:25:23.991755 35457 runtime_context.cpp:29] DecreaseCounter constructing_actor_cnt, current val is 528
I1012 14:25:23.992076 35457 naive_actor.cpp:25] actor 1099614388325 switch to &NaiveActor::HandlerNormal
I1012 14:25:23.992125 35457 thread.cpp:96] Thread 524337 construct Actor kTick 1099614388325
I1012 14:25:23.992187 35457 runtime_context.cpp:29] DecreaseCounter constructing_actor_cnt, current val is 527
I1012 14:25:23.992573 35457 naive_actor.cpp:25] actor 1099614388315 switch to &NaiveActor::HandlerNormal
I1012 14:25:23.992573 35461 naive_actor.cpp:25] actor 2199023255615 switch to &NaiveActor::HandlerNormal
I1012 14:25:23.992621 35457 thread.cpp:96] Thread 524337 construct Actor kTick 1099614388315
I1012 14:25:23.992662 35461 thread.cpp:96] Thread 1048576 construct Actor kNormalForward 2199023255615
I1012 14:25:23.992703 35467 naive_actor.cpp:25] actor 2207613190179 switch to &NaiveActor::HandlerNormal
I1012 14:25:23.992753 35461 runtime_context.cpp:29] DecreaseCounter constructing_actor_cnt, current val is 525
I1012 14:25:23.992712 35457 runtime_context.cpp:29] DecreaseCounter constructing_actor_cnt, current val is 526
I1012 14:25:23.992761 35467 thread.cpp:96] Thread 1052672 construct Actor kNormalForward 2207613190179
I1012 14:25:23.992955 35467 runtime_context.cpp:29] DecreaseCounter constructing_actor_cnt, current val is 524
I1012 14:25:23.993296 35457 esac_actor.cpp:73] actor 1099614388334 switch to &EsacActor::HandlerNormal
I1012 14:25:23.993340 35457 thread.cpp:96] Thread 524337 construct Actor kEsac 1099614388334
I1012 14:25:23.993414 35457 runtime_context.cpp:29] DecreaseCounter constructing_actor_cnt, current val is 523
I1012 14:25:23.993826 35457 naive_actor.cpp:25] actor 1099614388332 switch to &NaiveActor::HandlerNormal
I1012 14:25:23.993870 35457 thread.cpp:96] Thread 524337 construct Actor kTick 1099614388332
I1012 14:25:23.993934 35457 runtime_context.cpp:29] DecreaseCounter constructing_actor_cnt, current val is 522
I1012 14:25:23.994081 35461 naive_actor.cpp:25] actor 2199023255628 switch to &NaiveActor::HandlerNormal
I1012 14:25:23.994135 35461 thread.cpp:96] Thread 1048576 construct Actor kNormalForward 2199023255628
I1012 14:25:23.994166 35467 naive_actor.cpp:25] actor 2207613190214 switch to &NaiveActor::HandlerNormal
I1012 14:25:23.994215 35461 runtime_context.cpp:29] DecreaseCounter constructing_actor_cnt, current val is 521
I1012 14:25:23.994221 35467 thread.cpp:96] Thread 1052672 construct Actor kNormalForward 2207613190214
I1012 14:25:23.994343 35467 runtime_context.cpp:29] DecreaseCounter constructing_actor_cnt, current val is 520
I1012 14:25:23.994776 35467 naive_actor.cpp:25] actor 2207613190204 switch to &NaiveActor::HandlerNormal
I1012 14:25:23.994828 35467 thread.cpp:96] Thread 1052672 construct Actor kNormalForward 2207613190204
I1012 14:25:23.994915 35467 runtime_context.cpp:29] DecreaseCounter constructing_actor_cnt, current val is 519
I1012 14:25:23.995252 35461 naive_actor.cpp:25] actor 2199023255601 switch to &NaiveActor::HandlerNormal
I1012 14:25:23.995302 35461 thread.cpp:96] Thread 1048576 construct Actor kNormalForward 2199023255601
I1012 14:25:23.995381 35461 runtime_context.cpp:29] DecreaseCounter constructing_actor_cnt, current val is 518
I1012 14:25:23.996013 35467 naive_actor.cpp:25] actor 2207613190182 switch to &NaiveActor::HandlerNormal
I1012 14:25:23.996068 35467 thread.cpp:96] Thread 1052672 construct Actor kNormalForward 2207613190182
I1012 14:25:23.996150 35467 runtime_context.cpp:29] DecreaseCounter constructing_actor_cnt, current val is 517
I1012 14:25:23.996445 35461 naive_actor.cpp:25] actor 2199023255569 switch to &NaiveActor::HandlerNormal
I1012 14:25:23.996496 35461 thread.cpp:96] Thread 1048576 construct Actor kNormalForward 2199023255569
I1012 14:25:23.996575 35461 runtime_context.cpp:29] DecreaseCounter constructing_actor_cnt, current val is 516
I1012 14:25:23.997182 35467 naive_actor.cpp:25] actor 2207613190219 switch to &NaiveActor::HandlerNormal
I1012 14:25:23.997236 35467 thread.cpp:96] Thread 1052672 construct Actor kNormalForward 2207613190219
I1012 14:25:23.997321 35467 runtime_context.cpp:29] DecreaseCounter constructing_actor_cnt, current val is 515
I1012 14:25:23.997468 35461 naive_actor.cpp:25] actor 2199023255561 switch to &NaiveActor::HandlerNormal
I1012 14:25:23.997526 35461 thread.cpp:96] Thread 1048576 construct Actor kNormalForward 2199023255561
I1012 14:25:23.997613 35461 runtime_context.cpp:29] DecreaseCounter constructing_actor_cnt, current val is 514
I1012 14:25:23.998438 35467 naive_actor.cpp:25] actor 2207613190189 switch to &NaiveActor::HandlerNormal
I1012 14:25:23.998494 35467 thread.cpp:96] Thread 1052672 construct Actor kNormalForward 2207613190189
I1012 14:25:23.998574 35467 runtime_context.cpp:29] DecreaseCounter constructing_actor_cnt, current val is 513
I1012 14:25:23.998955 35461 naive_actor.cpp:25] actor 2199023255603 switch to &NaiveActor::HandlerNormal
I1012 14:25:23.999013 35461 thread.cpp:96] Thread 1048576 construct Actor kNormalForward 2199023255603
I1012 14:25:23.999094 35461 runtime_context.cpp:29] DecreaseCounter constructing_actor_cnt, current val is 512
I1012 14:25:23.999569 35461 naive_actor.cpp:25] actor 2199023255584 switch to &NaiveActor::HandlerNormal
I1012 14:25:23.999620 35467 naive_actor.cpp:25] actor 2207613190243 switch to &NaiveActor::HandlerNormal
I1012 14:25:23.999630 35461 thread.cpp:96] Thread 1048576 construct Actor kNormalForward 2199023255584
I1012 14:25:23.999676 35467 thread.cpp:96] Thread 1052672 construct Actor kNormalForward 2207613190243
I1012 14:25:23.999745 35461 runtime_context.cpp:29] DecreaseCounter constructing_actor_cnt, current val is 511
I1012 14:25:23.999794 35467 runtime_context.cpp:29] DecreaseCounter constructing_actor_cnt, current val is 510
I1012 14:25:24.000797 35461 naive_actor.cpp:25] actor 2199023255578 switch to &NaiveActor::HandlerNormal
I1012 14:25:24.000857 35461 thread.cpp:96] Thread 1048576 construct Actor kNormalForward 2199023255578
I1012 14:25:24.000939 35461 runtime_context.cpp:29] DecreaseCounter constructing_actor_cnt, current val is 509
I1012 14:25:24.001181 35467 naive_actor.cpp:25] actor 2207613190202 switch to &NaiveActor::HandlerNormal
I1012 14:25:24.001235 35467 thread.cpp:96] Thread 1052672 construct Actor kNormalForward 2207613190202
I1012 14:25:24.001317 35467 runtime_context.cpp:29] DecreaseCounter constructing_actor_cnt, current val is 508
I1012 14:25:24.002246 35461 naive_actor.cpp:25] actor 2199023255568 switch to &NaiveActor::HandlerNormal
I1012 14:25:24.002305 35467 naive_actor.cpp:25] actor 2207613190149 switch to &NaiveActor::HandlerNormal
I1012 14:25:24.002305 35461 thread.cpp:96] Thread 1048576 construct Actor kNormalForward 2199023255568
