I1013 19:49:46.491834 36613 runtime_context.cpp:29] DecreaseCounter constructing_actor_cnt, current val is 653
I1013 19:49:46.491928 36631 naive_actor.cpp:25] actor 2207613190181 switch to &NaiveActor::HandlerNormal
I1013 19:49:46.491991 36631 thread.cpp:96] Thread 1052672 construct Actor kNormalForward 2207613190181
I1013 19:49:46.492097 36631 runtime_context.cpp:29] DecreaseCounter constructing_actor_cnt, current val is 652
I1013 19:49:46.492271 36613 naive_actor.cpp:25] actor 1099614388261 switch to &NaiveActor::HandlerNormal
I1013 19:49:46.492322 36613 thread.cpp:96] Thread 524337 construct Actor kDstSubsetTick 1099614388261
I1013 19:49:46.492398 36613 runtime_context.cpp:29] DecreaseCounter constructing_actor_cnt, current val is 651
I1013 19:49:46.492478 36585 naive_actor.cpp:25] actor 1099513724928 switch to &NaiveActor::HandlerNormal
I1013 19:49:46.492532 36585 thread.cpp:96] Thread 524289 construct Actor kNormalForward 1099513724928
I1013 19:49:46.492646 36585 runtime_context.cpp:29] DecreaseCounter constructing_actor_cnt, current val is 650
I1013 19:49:46.492782 36613 naive_actor.cpp:25] actor 1099614388263 switch to &NaiveActor::HandlerNormal
I1013 19:49:46.492825 36584 naive_actor.cpp:25] actor 1099511627776 switch to &NaiveActor::HandlerNormal
I1013 19:49:46.492875 36625 naive_actor.cpp:25] actor 2199023255564 switch to &NaiveActor::HandlerNormal
I1013 19:49:46.492827 36613 thread.cpp:96] Thread 524337 construct Actor kTick 1099614388263
I1013 19:49:46.492890 36584 thread.cpp:96] Thread 524288 construct Actor kNormalForward 1099511627776
I1013 19:49:46.492928 36625 thread.cpp:96] Thread 1048576 construct Actor kNormalForward 2199023255564
I1013 19:49:46.492977 36613 runtime_context.cpp:29] DecreaseCounter constructing_actor_cnt, current val is 649
I1013 19:49:46.493055 36584 runtime_context.cpp:29] DecreaseCounter constructing_actor_cnt, current val is 648
I1013 19:49:46.493064 36625 runtime_context.cpp:29] DecreaseCounter constructing_actor_cnt, current val is 647
I1013 19:49:46.493247 36631 naive_actor.cpp:25] actor 2207613190153 switch to &NaiveActor::HandlerNormal
I1013 19:49:46.493306 36631 thread.cpp:96] Thread 1052672 construct Actor kNormalForward 2207613190153
I1013 19:49:46.493330 36613 naive_actor.cpp:25] actor 1099614388323 switch to &NaiveActor::HandlerNormal
I1013 19:49:46.493376 36613 thread.cpp:96] Thread 524337 construct Actor kTick 1099614388323
I1013 19:49:46.493394 36631 runtime_context.cpp:29] DecreaseCounter constructing_actor_cnt, current val is 646
I1013 19:49:46.493436 36613 runtime_context.cpp:29] DecreaseCounter constructing_actor_cnt, current val is 645
I1013 19:49:46.493770 36613 naive_actor.cpp:25] actor 1099614388257 switch to &NaiveActor::HandlerNormal
I1013 19:49:46.493816 36613 thread.cpp:96] Thread 524337 construct Actor kSrcSubsetTick 1099614388257
I1013 19:49:46.493881 36613 runtime_context.cpp:29] DecreaseCounter constructing_actor_cnt, current val is 644
I1013 19:49:46.493923 36625 naive_actor.cpp:25] actor 2199023255588 switch to &NaiveActor::HandlerNormal
I1013 19:49:46.493970 36625 thread.cpp:96] Thread 1048576 construct Actor kNormalForward 2199023255588
I1013 19:49:46.494050 36625 runtime_context.cpp:29] DecreaseCounter constructing_actor_cnt, current val is 643
I1013 19:49:46.494240 36613 naive_actor.cpp:25] actor 1099614388256 switch to &NaiveActor::HandlerNormal
I1013 19:49:46.494330 36613 thread.cpp:96] Thread 524337 construct Actor kDeviceTick 1099614388256
I1013 19:49:46.494415 36613 runtime_context.cpp:29] DecreaseCounter constructing_actor_cnt, current val is 642
I1013 19:49:46.494447 36631 naive_actor.cpp:25] actor 2207613190145 switch to &NaiveActor::HandlerNormal
I1013 19:49:46.494498 36631 thread.cpp:96] Thread 1052672 construct Actor kNormalForward 2207613190145
I1013 19:49:46.494602 36631 runtime_context.cpp:29] DecreaseCounter constructing_actor_cnt, current val is 641
I1013 19:49:46.494789 36613 naive_actor.cpp:25] actor 1099614388260 switch to &NaiveActor::HandlerNormal
I1013 19:49:46.494839 36613 thread.cpp:96] Thread 524337 construct Actor kTick 1099614388260
I1013 19:49:46.494907 36613 runtime_context.cpp:29] DecreaseCounter constructing_actor_cnt, current val is 640
I1013 19:49:46.495071 36631 naive_actor.cpp:25] actor 2207613190164 switch to &NaiveActor::HandlerNormal
I1013 19:49:46.495134 36631 thread.cpp:96] Thread 1052672 construct Actor kNormalForward 2207613190164
I1013 19:49:46.495219 36631 runtime_context.cpp:29] DecreaseCounter constructing_actor_cnt, current val is 639
I1013 19:49:46.495252 36613 naive_actor.cpp:25] actor 1099614388262 switch to &NaiveActor::HandlerNormal
I1013 19:49:46.495296 36613 thread.cpp:96] Thread 524337 construct Actor kTick 1099614388262
I1013 19:49:46.495365 36613 runtime_context.cpp:29] DecreaseCounter constructing_actor_cnt, current val is 638
I1013 19:49:46.495682 36625 naive_actor.cpp:25] actor 2199023255552 switch to &NaiveActor::HandlerNormal
I1013 19:49:46.495682 36613 naive_actor.cpp:25] actor 1099614388266 switch to &NaiveActor::HandlerNormal
I1013 19:49:46.495741 36625 thread.cpp:96] Thread 1048576 construct Actor kNormalForward 2199023255552
I1013 19:49:46.495781 36613 thread.cpp:96] Thread 524337 construct Actor kSrcSubsetTick 1099614388266
I1013 19:49:46.495891 36613 runtime_context.cpp:29] DecreaseCounter constructing_actor_cnt, current val is 637
I1013 19:49:46.495918 36625 runtime_context.cpp:29] DecreaseCounter constructing_actor_cnt, current val is 636
I1013 19:49:46.496196 36613 naive_actor.cpp:25] actor 1099614388264 switch to &NaiveActor::HandlerNormal
I1013 19:49:46.496245 36613 thread.cpp:96] Thread 524337 construct Actor kTick 1099614388264
I1013 19:49:46.496309 36613 runtime_context.cpp:29] DecreaseCounter constructing_actor_cnt, current val is 635
I1013 19:49:46.496623 36613 naive_actor.cpp:25] actor 1099614388271 switch to &NaiveActor::HandlerNormal
I1013 19:49:46.496678 36613 thread.cpp:96] Thread 524337 construct Actor kTick 1099614388271
I1013 19:49:46.496747 36613 runtime_context.cpp:29] DecreaseCounter constructing_actor_cnt, current val is 634
I1013 19:49:46.497010 36625 naive_actor.cpp:25] actor 2199023255576 switch to &NaiveActor::HandlerNormal
I1013 19:49:46.497061 36625 thread.cpp:96] Thread 1048576 construct Actor kNormalForward 2199023255576
I1013 19:49:46.497068 36613 naive_actor.cpp:25] actor 1099614388272 switch to &NaiveActor::HandlerNormal
I1013 19:49:46.497146 36625 runtime_context.cpp:29] DecreaseCounter constructing_actor_cnt, current val is 633
I1013 19:49:46.497141 36631 naive_actor.cpp:25] actor 2207613190188 switch to &NaiveActor::HandlerNormal
I1013 19:49:46.497143 36613 thread.cpp:96] Thread 524337 construct Actor kTick 1099614388272
I1013 19:49:46.497228 36631 thread.cpp:96] Thread 1052672 construct Actor kNormalForward 2207613190188
I1013 19:49:46.497316 36613 runtime_context.cpp:29] DecreaseCounter constructing_actor_cnt, current val is 632
I1013 19:49:46.497361 36631 runtime_context.cpp:29] DecreaseCounter constructing_actor_cnt, current val is 631
I1013 19:49:46.497644 36613 naive_actor.cpp:25] actor 1099614388265 switch to &NaiveActor::HandlerNormal
I1013 19:49:46.497706 36613 thread.cpp:96] Thread 524337 construct Actor kDeviceTick 1099614388265
I1013 19:49:46.497772 36613 runtime_context.cpp:29] DecreaseCounter constructing_actor_cnt, current val is 630
I1013 19:49:46.498117 36613 naive_actor.cpp:25] actor 1099614388327 switch to &NaiveActor::HandlerNormal
I1013 19:49:46.498268 36613 thread.cpp:96] Thread 524337 construct Actor kTick 1099614388327
I1013 19:49:46.498356 36613 runtime_context.cpp:29] DecreaseCounter constructing_actor_cnt, current val is 629
I1013 19:49:46.498363 36631 naive_actor.cpp:25] actor 2207613190161 switch to &NaiveActor::HandlerNormal
I1013 19:49:46.498440 36631 thread.cpp:96] Thread 1052672 construct Actor kNormalForward 2207613190161
I1013 19:49:46.498530 36631 runtime_context.cpp:29] DecreaseCounter constructing_actor_cnt, current val is 628
I1013 19:49:46.498661 36625 naive_actor.cpp:25] actor 2199023255589 switch to &NaiveActor::HandlerNormal
I1013 19:49:46.498723 36625 thread.cpp:96] Thread 1048576 construct Actor kNormalForward 2199023255589
I1013 19:49:46.498725 36613 naive_actor.cpp:25] actor 1099614388269 switch to &NaiveActor::HandlerNormal
I1013 19:49:46.498847 36625 runtime_context.cpp:29] DecreaseCounter constructing_actor_cnt, current val is 627
I1013 19:49:46.498867 36613 thread.cpp:96] Thread 524337 construct Actor kTick 1099614388269
I1013 19:49:46.499030 36613 runtime_context.cpp:29] DecreaseCounter constructing_actor_cnt, current val is 626
I1013 19:49:46.499217 36625 naive_actor.cpp:25] actor 2199023255600 switch to &NaiveActor::HandlerNormal
I1013 19:49:46.499265 36625 thread.cpp:96] Thread 1048576 construct Actor kNormalForward 2199023255600
I1013 19:49:46.499344 36625 runtime_context.cpp:29] DecreaseCounter constructing_actor_cnt, current val is 625
I1013 19:49:46.499614 36613 naive_actor.cpp:25] actor 1099614388270 switch to &NaiveActor::HandlerNormal
I1013 19:49:46.499672 36613 thread.cpp:96] Thread 524337 construct Actor kDstSubsetTick 1099614388270
I1013 19:49:46.499755 36613 runtime_context.cpp:29] DecreaseCounter constructing_actor_cnt, current val is 624
I1013 19:49:46.499887 36631 naive_actor.cpp:25] actor 2207613190150 switch to &NaiveActor::HandlerNormal
I1013 19:49:46.499994 36631 thread.cpp:96] Thread 1052672 construct Actor kNormalForward 2207613190150
I1013 19:49:46.500120 36631 runtime_context.cpp:29] DecreaseCounter constructing_actor_cnt, current val is 623
I1013 19:49:46.500195 36613 naive_actor.cpp:25] actor 1099614388275 switch to &NaiveActor::HandlerNormal
I1013 19:49:46.500244 36613 thread.cpp:96] Thread 524337 construct Actor kSrcSubsetTick 1099614388275
I1013 19:49:46.500324 36613 runtime_context.cpp:29] DecreaseCounter constructing_actor_cnt, current val is 622
I1013 19:49:46.500427 36625 naive_actor.cpp:25] actor 2199023255613 switch to &NaiveActor::HandlerNormal
I1013 19:49:46.500479 36625 thread.cpp:96] Thread 1048576 construct Actor kNormalForward 2199023255613
I1013 19:49:46.500533 36631 naive_actor.cpp:25] actor 2207613190185 switch to &NaiveActor::HandlerNormal
I1013 19:49:46.500562 36625 runtime_context.cpp:29] DecreaseCounter constructing_actor_cnt, current val is 621
I1013 19:49:46.500602 36631 thread.cpp:96] Thread 1052672 construct Actor kNormalForward 2207613190185
I1013 19:49:46.500712 36613 naive_actor.cpp:25] actor 1099614388286 switch to &NaiveActor::HandlerNormal
I1013 19:49:46.500717 36631 runtime_context.cpp:29] DecreaseCounter constructing_actor_cnt, current val is 620
I1013 19:49:46.500768 36613 thread.cpp:96] Thread 524337 construct Actor kTick 1099614388286
I1013 19:49:46.500861 36613 runtime_context.cpp:29] DecreaseCounter constructing_actor_cnt, current val is 619
I1013 19:49:46.501173 36625 naive_actor.cpp:25] actor 2199023255614 switch to &NaiveActor::HandlerNormal
I1013 19:49:46.501224 36625 thread.cpp:96] Thread 1048576 construct Actor kNormalForward 2199023255614
I1013 19:49:46.501252 36613 naive_actor.cpp:25] actor 1099614388278 switch to &NaiveActor::HandlerNormal
I1013 19:49:46.501294 36625 runtime_context.cpp:29] DecreaseCounter constructing_actor_cnt, current val is 618
I1013 19:49:46.501299 36613 thread.cpp:96] Thread 524337 construct Actor kTick 1099614388278
I1013 19:49:46.501410 36613 runtime_context.cpp:29] DecreaseCounter constructing_actor_cnt, current val is 617
I1013 19:49:46.501788 36613 naive_actor.cpp:25] actor 1099614388280 switch to &NaiveActor::HandlerNormal
I1013 19:49:46.501883 36613 thread.cpp:96] Thread 524337 construct Actor kTick 1099614388280
I1013 19:49:46.502003 36613 runtime_context.cpp:29] DecreaseCounter constructing_actor_cnt, current val is 616
I1013 19:49:46.502305 36625 naive_actor.cpp:25] actor 2199023255569 switch to &NaiveActor::HandlerNormal
I1013 19:49:46.502357 36613 naive_actor.cpp:25] actor 1099614388281 switch to &NaiveActor::HandlerNormal
I1013 19:49:46.502359 36625 thread.cpp:96] Thread 1048576 construct Actor kNormalForward 2199023255569
I1013 19:49:46.502408 36613 thread.cpp:96] Thread 524337 construct Actor kTick 1099614388281
I1013 19:49:46.502483 36625 runtime_context.cpp:29] DecreaseCounter constructing_actor_cnt, current val is 615
I1013 19:49:46.502507 36613 runtime_context.cpp:29] DecreaseCounter constructing_actor_cnt, current val is 614
I1013 19:49:46.502518 36631 naive_actor.cpp:25] actor 2207613190174 switch to &NaiveActor::HandlerNormal
I1013 19:49:46.502619 36631 thread.cpp:96] Thread 1052672 construct Actor kNormalForward 2207613190174
I1013 19:49:46.502723 36631 runtime_context.cpp:29] DecreaseCounter constructing_actor_cnt, current val is 613
I1013 19:49:46.502930 36613 naive_actor.cpp:25] actor 1099614388273 switch to &NaiveActor::HandlerNormal
I1013 19:49:46.502980 36613 thread.cpp:96] Thread 524337 construct Actor kDeviceTick 1099614388273
I1013 19:49:46.503054 36613 runtime_context.cpp:29] DecreaseCounter constructing_actor_cnt, current val is 612
I1013 19:49:46.503309 36625 naive_actor.cpp:25] actor 2199023255556 switch to &NaiveActor::HandlerNormal
I1013 19:49:46.503358 36625 thread.cpp:96] Thread 1048576 construct Actor kNormalForward 2199023255556
I1013 19:49:46.503402 36613 naive_actor.cpp:25] actor 1099614388283 switch to &NaiveActor::HandlerNormal
I1013 19:49:46.503429 36625 runtime_context.cpp:29] DecreaseCounter constructing_actor_cnt, current val is 611
I1013 19:49:46.503454 36613 thread.cpp:96] Thread 524337 construct Actor kTick 1099614388283
I1013 19:49:46.503600 36613 runtime_context.cpp:29] DecreaseCounter constructing_actor_cnt, current val is 610
I1013 19:49:46.503928 36613 naive_actor.cpp:25] actor 1099614388288 switch to &NaiveActor::HandlerNormal
I1013 19:49:46.503978 36613 thread.cpp:96] Thread 524337 construct Actor kSrcSubsetTick 1099614388288
I1013 19:49:46.504046 36613 runtime_context.cpp:29] DecreaseCounter constructing_actor_cnt, current val is 609
I1013 19:49:46.504062 36631 naive_actor.cpp:25] actor 2207613190152 switch to &NaiveActor::HandlerNormal
I1013 19:49:46.504122 36631 thread.cpp:96] Thread 1052672 construct Actor kNormalForward 2207613190152
I1013 19:49:46.504236 36631 runtime_context.cpp:29] DecreaseCounter constructing_actor_cnt, current val is 608
I1013 19:49:46.504421 36613 naive_actor.cpp:25] actor 1099614388282 switch to &NaiveActor::HandlerNormal
I1013 19:49:46.504469 36613 thread.cpp:96] Thread 524337 construct Actor kTick 1099614388282
I1013 19:49:46.504536 36613 runtime_context.cpp:29] DecreaseCounter constructing_actor_cnt, current val is 607
I1013 19:49:46.504668 36631 naive_actor.cpp:25] actor 2207613190176 switch to &NaiveActor::HandlerNormal
I1013 19:49:46.504716 36625 naive_actor.cpp:25] actor 2199023255603 switch to &NaiveActor::HandlerNormal
I1013 19:49:46.504724 36631 thread.cpp:96] Thread 1052672 construct Actor kNormalForward 2207613190176
I1013 19:49:46.504755 36625 thread.cpp:96] Thread 1048576 construct Actor kNormalForward 2199023255603
I1013 19:49:46.504864 36631 runtime_context.cpp:29] DecreaseCounter constructing_actor_cnt, current val is 606
I1013 19:49:46.504900 36613 naive_actor.cpp:25] actor 1099614388274 switch to &NaiveActor::HandlerNormal
I1013 19:49:46.504878 36625 runtime_context.cpp:29] DecreaseCounter constructing_actor_cnt, current val is 605
I1013 19:49:46.504949 36613 thread.cpp:96] Thread 524337 construct Actor kDeviceTick 1099614388274
I1013 19:49:46.505057 36613 runtime_context.cpp:29] DecreaseCounter constructing_actor_cnt, current val is 604
I1013 19:49:46.505422 36613 naive_actor.cpp:25] actor 1099614388279 switch to &NaiveActor::HandlerNormal
I1013 19:49:46.505627 36613 thread.cpp:96] Thread 524337 construct Actor kDstSubsetTick 1099614388279
I1013 19:49:46.505718 36613 runtime_context.cpp:29] DecreaseCounter constructing_actor_cnt, current val is 603
I1013 19:49:46.506052 36625 naive_actor.cpp:25] actor 2199023255562 switch to &NaiveActor::HandlerNormal
I1013 19:49:46.506088 36613 naive_actor.cpp:25] actor 1099614388292 switch to &NaiveActor::HandlerNormal
I1013 19:49:46.506132 36625 thread.cpp:96] Thread 1048576 construct Actor kNormalForward 2199023255562
I1013 19:49:46.506172 36613 thread.cpp:96] Thread 524337 construct Actor kTick 1099614388292
I1013 19:49:46.506242 36625 runtime_context.cpp:29] DecreaseCounter constructing_actor_cnt, current val is 602
I1013 19:49:46.506268 36613 runtime_context.cpp:29] DecreaseCounter constructing_actor_cnt, current val is 601
I1013 19:49:46.506482 36631 naive_actor.cpp:25] actor 2207613190160 switch to &NaiveActor::HandlerNormal
I1013 19:49:46.506541 36631 thread.cpp:96] Thread 1052672 construct Actor kNormalForward 2207613190160
I1013 19:49:46.506603 36625 naive_actor.cpp:25] actor 2199023255554 switch to &NaiveActor::HandlerNormal
I1013 19:49:46.506641 36631 runtime_context.cpp:29] DecreaseCounter constructing_actor_cnt, current val is 600
I1013 19:49:46.506670 36613 naive_actor.cpp:25] actor 1099614388291 switch to &NaiveActor::HandlerNormal
I1013 19:49:46.506646 36625 thread.cpp:96] Thread 1048576 construct Actor kNormalForward 2199023255554
I1013 19:49:46.506726 36613 thread.cpp:96] Thread 524337 construct Actor kDstSubsetTick 1099614388291
I1013 19:49:46.506790 36625 runtime_context.cpp:29] DecreaseCounter constructing_actor_cnt, current val is 599
I1013 19:49:46.506829 36613 runtime_context.cpp:29] DecreaseCounter constructing_actor_cnt, current val is 598
I1013 19:49:46.507104 36625 naive_actor.cpp:25] actor 2199023255586 switch to &NaiveActor::HandlerNormal
I1013 19:49:46.507155 36625 thread.cpp:96] Thread 1048576 construct Actor kNormalForward 2199023255586
I1013 19:49:46.507189 36613 naive_actor.cpp:25] actor 1099614388325 switch to &NaiveActor::HandlerNormal
I1013 19:49:46.507225 36625 runtime_context.cpp:29] DecreaseCounter constructing_actor_cnt, current val is 597
I1013 19:49:46.507231 36613 thread.cpp:96] Thread 524337 construct Actor kTick 1099614388325
I1013 19:49:46.507342 36613 runtime_context.cpp:29] DecreaseCounter constructing_actor_cnt, current val is 596
I1013 19:49:46.507596 36625 naive_actor.cpp:25] actor 2199023255559 switch to &NaiveActor::HandlerNormal
I1013 19:49:46.507643 36625 thread.cpp:96] Thread 1048576 construct Actor kNormalForward 2199023255559
I1013 19:49:46.507748 36613 naive_actor.cpp:25] actor 1099614388290 switch to &NaiveActor::HandlerNormal
I1013 19:49:46.507766 36625 runtime_context.cpp:29] DecreaseCounter constructing_actor_cnt, current val is 595
I1013 19:49:46.507807 36613 thread.cpp:96] Thread 524337 construct Actor kTick 1099614388290
I1013 19:49:46.507926 36613 runtime_context.cpp:29] DecreaseCounter constructing_actor_cnt, current val is 594
I1013 19:49:46.508109 36631 naive_actor.cpp:25] actor 2207613190184 switch to &NaiveActor::HandlerNormal
I1013 19:49:46.508169 36631 thread.cpp:96] Thread 1052672 construct Actor kNormalForward 2207613190184
I1013 19:49:46.508265 36613 naive_actor.cpp:25] actor 1099614388329 switch to &NaiveActor::HandlerNormal
I1013 19:49:46.508272 36631 runtime_context.cpp:29] DecreaseCounter constructing_actor_cnt, current val is 593
I1013 19:49:46.508322 36613 thread.cpp:96] Thread 524337 construct Actor kTick 1099614388329
I1013 19:49:46.508427 36613 runtime_context.cpp:29] DecreaseCounter constructing_actor_cnt, current val is 592
I1013 19:49:46.508548 36625 naive_actor.cpp:25] actor 2199023255601 switch to &NaiveActor::HandlerNormal
I1013 19:49:46.508599 36625 thread.cpp:96] Thread 1048576 construct Actor kNormalForward 2199023255601
I1013 19:49:46.508658 36625 runtime_context.cpp:29] DecreaseCounter constructing_actor_cnt, current val is 591
I1013 19:49:46.508810 36613 naive_actor.cpp:25] actor 1099614388293 switch to &NaiveActor::HandlerNormal
I1013 19:49:46.508894 36613 thread.cpp:96] Thread 524337 construct Actor kTick 1099614388293
I1013 19:49:46.508998 36613 runtime_context.cpp:29] DecreaseCounter constructing_actor_cnt, current val is 590
I1013 19:49:46.509332 36613 naive_actor.cpp:25] actor 1099614388305 switch to &NaiveActor::HandlerNormal
I1013 19:49:46.509389 36613 thread.cpp:96] Thread 524337 construct Actor kTick 1099614388305
I1013 19:49:46.509459 36613 runtime_context.cpp:29] DecreaseCounter constructing_actor_cnt, current val is 589
I1013 19:49:46.509505 36631 naive_actor.cpp:25] actor 2207613190156 switch to &NaiveActor::HandlerNormal
I1013 19:49:46.509531 36625 naive_actor.cpp:25] actor 2199023255582 switch to &NaiveActor::HandlerNormal
I1013 19:49:46.509562 36631 thread.cpp:96] Thread 1052672 construct Actor kNormalForward 2207613190156
I1013 19:49:46.509596 36625 thread.cpp:96] Thread 1048576 construct Actor kNormalForward 2199023255582
I1013 19:49:46.509699 36625 runtime_context.cpp:29] DecreaseCounter constructing_actor_cnt, current val is 588
I1013 19:49:46.509719 36631 runtime_context.cpp:29] DecreaseCounter constructing_actor_cnt, current val is 587
I1013 19:49:46.509850 36613 naive_actor.cpp:25] actor 1099614388302 switch to &NaiveActor::HandlerNormal
I1013 19:49:46.509902 36613 thread.cpp:96] Thread 524337 construct Actor kTick 1099614388302
I1013 19:49:46.509980 36613 runtime_context.cpp:29] DecreaseCounter constructing_actor_cnt, current val is 586
I1013 19:49:46.510311 36613 naive_actor.cpp:25] actor 1099614388297 switch to &NaiveActor::HandlerNormal
I1013 19:49:46.510360 36613 thread.cpp:96] Thread 524337 construct Actor kTick 1099614388297
I1013 19:49:46.510404 36625 naive_actor.cpp:25] actor 2199023255557 switch to &NaiveActor::HandlerNormal
I1013 19:49:46.510430 36613 runtime_context.cpp:29] DecreaseCounter constructing_actor_cnt, current val is 585
I1013 19:49:46.510440 36625 thread.cpp:96] Thread 1048576 construct Actor kNormalForward 2199023255557
I1013 19:49:46.510530 36625 runtime_context.cpp:29] DecreaseCounter constructing_actor_cnt, current val is 584
I1013 19:49:46.510795 36613 naive_actor.cpp:25] actor 1099614388310 switch to &NaiveActor::HandlerNormal
I1013 19:49:46.510847 36613 thread.cpp:96] Thread 524337 construct Actor kTick 1099614388310
I1013 19:49:46.510887 36631 naive_actor.cpp:25] actor 2207613190208 switch to &NaiveActor::HandlerNormal
I1013 19:49:46.510915 36613 runtime_context.cpp:29] DecreaseCounter constructing_actor_cnt, current val is 583
I1013 19:49:46.510941 36631 thread.cpp:96] Thread 1052672 construct Actor kNormalForward 2207613190208
I1013 19:49:46.511082 36631 runtime_context.cpp:29] DecreaseCounter constructing_actor_cnt, current val is 582
I1013 19:49:46.511390 36613 naive_actor.cpp:25] actor 1099614388296 switch to &NaiveActor::HandlerNormal
I1013 19:49:46.511442 36613 thread.cpp:96] Thread 524337 construct Actor kTick 1099614388296
I1013 19:49:46.511509 36613 runtime_context.cpp:29] DecreaseCounter constructing_actor_cnt, current val is 581
I1013 19:49:46.511605 36625 naive_actor.cpp:25] actor 2199023255575 switch to &NaiveActor::HandlerNormal
I1013 19:49:46.511642 36625 thread.cpp:96] Thread 1048576 construct Actor kNormalForward 2199023255575
I1013 19:49:46.511698 36625 runtime_context.cpp:29] DecreaseCounter constructing_actor_cnt, current val is 580
I1013 19:49:46.511869 36613 naive_actor.cpp:25] actor 1099614388309 switch to &NaiveActor::HandlerNormal
I1013 19:49:46.511919 36613 thread.cpp:96] Thread 524337 construct Actor kTick 1099614388309
I1013 19:49:46.511993 36613 runtime_context.cpp:29] DecreaseCounter constructing_actor_cnt, current val is 579
I1013 19:49:46.512187 36625 naive_actor.cpp:25] actor 2199023255567 switch to &NaiveActor::HandlerNormal
I1013 19:49:46.512229 36625 thread.cpp:96] Thread 1048576 construct Actor kNormalForward 2199023255567
I1013 19:49:46.512243 36631 naive_actor.cpp:25] actor 2207613190179 switch to &NaiveActor::HandlerNormal
I1013 19:49:46.512305 36631 thread.cpp:96] Thread 1052672 construct Actor kNormalForward 2207613190179
I1013 19:49:46.512305 36625 runtime_context.cpp:29] DecreaseCounter constructing_actor_cnt, current val is 578
I1013 19:49:46.512418 36613 reentrant_lock_actor.cpp:76] actor 1099614388294 switch to &ReentrantLockActor::HandlerNormal
I1013 19:49:46.512481 36613 thread.cpp:96] Thread 524337 construct Actor kReentrantLock 1099614388294
I1013 19:49:46.512487 36631 runtime_context.cpp:29] DecreaseCounter constructing_actor_cnt, current val is 577
I1013 19:49:46.512583 36613 runtime_context.cpp:29] DecreaseCounter constructing_actor_cnt, current val is 576
I1013 19:49:46.512929 36625 naive_actor.cpp:25] actor 2199023255561 switch to &NaiveActor::HandlerNormal
I1013 19:49:46.512969 36625 thread.cpp:96] Thread 1048576 construct Actor kNormalForward 2199023255561
I1013 19:49:46.513015 36625 runtime_context.cpp:29] DecreaseCounter constructing_actor_cnt, current val is 575
I1013 19:49:46.513324 36613 case_actor.cpp:76] actor 1099614388295 switch to &CaseActor::HandlerNormal
I1013 19:49:46.513375 36613 thread.cpp:96] Thread 524337 construct Actor kCase 1099614388295
I1013 19:49:46.513479 36613 runtime_context.cpp:29] DecreaseCounter constructing_actor_cnt, current val is 574
I1013 19:49:46.513679 36631 naive_actor.cpp:25] actor 2207613190186 switch to &NaiveActor::HandlerNormal
I1013 19:49:46.513697 36625 naive_actor.cpp:25] actor 2199023255608 switch to &NaiveActor::HandlerNormal
I1013 19:49:46.513736 36631 thread.cpp:96] Thread 1052672 construct Actor kNormalForward 2207613190186
I1013 19:49:46.513761 36625 thread.cpp:96] Thread 1048576 construct Actor kNormalForward 2199023255608
I1013 19:49:46.513860 36625 runtime_context.cpp:29] DecreaseCounter constructing_actor_cnt, current val is 573
I1013 19:49:46.513875 36631 runtime_context.cpp:29] DecreaseCounter constructing_actor_cnt, current val is 572
I1013 19:49:46.513947 36613 naive_actor.cpp:25] actor 1099614388303 switch to &NaiveActor::HandlerNormal
I1013 19:49:46.514021 36613 thread.cpp:96] Thread 524337 construct Actor kTick 1099614388303
I1013 19:49:46.514132 36613 runtime_context.cpp:29] DecreaseCounter constructing_actor_cnt, current val is 571
I1013 19:49:46.514474 36613 naive_actor.cpp:25] actor 1099614388299 switch to &NaiveActor::HandlerNormal
I1013 19:49:46.514521 36613 thread.cpp:96] Thread 524337 construct Actor kTick 1099614388299
I1013 19:49:46.514601 36613 runtime_context.cpp:29] DecreaseCounter constructing_actor_cnt, current val is 570
I1013 19:49:46.514611 36625 naive_actor.cpp:25] actor 2199023255587 switch to &NaiveActor::HandlerNormal
I1013 19:49:46.514669 36625 thread.cpp:96] Thread 1048576 construct Actor kNormalForward 2199023255587
I1013 19:49:46.514725 36625 runtime_context.cpp:29] DecreaseCounter constructing_actor_cnt, current val is 569
I1013 19:49:46.514967 36625 naive_actor.cpp:25] actor 2199023255612 switch to &NaiveActor::HandlerNormal
I1013 19:49:46.514973 36613 naive_actor.cpp:25] actor 1099614388315 switch to &NaiveActor::HandlerNormal
I1013 19:49:46.515009 36625 thread.cpp:96] Thread 1048576 construct Actor kNormalForward 2199023255612
I1013 19:49:46.515049 36613 thread.cpp:96] Thread 524337 construct Actor kTick 1099614388315
I1013 19:49:46.515090 36625 runtime_context.cpp:29] DecreaseCounter constructing_actor_cnt, current val is 568
I1013 19:49:46.515098 36631 naive_actor.cpp:25] actor 2207613190170 switch to &NaiveActor::HandlerNormal
I1013 19:49:46.515123 36613 runtime_context.cpp:29] DecreaseCounter constructing_actor_cnt, current val is 567
I1013 19:49:46.515147 36631 thread.cpp:96] Thread 1052672 construct Actor kNormalForward 2207613190170
I1013 19:49:46.515288 36631 runtime_context.cpp:29] DecreaseCounter constructing_actor_cnt, current val is 566
I1013 19:49:46.515379 36625 naive_actor.cpp:25] actor 2199023255570 switch to &NaiveActor::HandlerNormal
I1013 19:49:46.515415 36625 thread.cpp:96] Thread 1048576 construct Actor kNormalForward 2199023255570
I1013 19:49:46.515463 36625 runtime_context.cpp:29] DecreaseCounter constructing_actor_cnt, current val is 565
I1013 19:49:46.515506 36613 naive_actor.cpp:25] actor 1099614388328 switch to &NaiveActor::HandlerNormal
I1013 19:49:46.515597 36613 thread.cpp:96] Thread 524337 construct Actor kTick 1099614388328
I1013 19:49:46.515676 36613 runtime_context.cpp:29] DecreaseCounter constructing_actor_cnt, current val is 564
I1013 19:49:46.516012 36613 naive_actor.cpp:25] actor 1099614388298 switch to &NaiveActor::HandlerNormal
I1013 19:49:46.516062 36613 thread.cpp:96] Thread 524337 construct Actor kTick 1099614388298
I1013 19:49:46.516130 36613 runtime_context.cpp:29] DecreaseCounter constructing_actor_cnt, current val is 563
I1013 19:49:46.516141 36625 naive_actor.cpp:25] actor 2199023255637 switch to &NaiveActor::HandlerNormal
I1013 19:49:46.516192 36625 thread.cpp:96] Thread 1048576 construct Actor kNormalForward 2199023255637
I1013 19:49:46.516243 36625 runtime_context.cpp:29] DecreaseCounter constructing_actor_cnt, current val is 562
I1013 19:49:46.516463 36613 naive_actor.cpp:25] actor 1099614388308 switch to &NaiveActor::HandlerNormal
I1013 19:49:46.516507 36613 thread.cpp:96] Thread 524337 construct Actor kTick 1099614388308
I1013 19:49:46.516582 36613 runtime_context.cpp:29] DecreaseCounter constructing_actor_cnt, current val is 561
I1013 19:49:46.516729 36631 naive_actor.cpp:25] actor 2207613190195 switch to &NaiveActor::HandlerNormal
I1013 19:49:46.516785 36631 thread.cpp:96] Thread 1052672 construct Actor kNormalForward 2207613190195
I1013 19:49:46.516888 36631 runtime_context.cpp:29] DecreaseCounter constructing_actor_cnt, current val is 560
I1013 19:49:46.516954 36613 naive_actor.cpp:25] actor 1099614388319 switch to &NaiveActor::HandlerNormal
I1013 19:49:46.516978 36625 naive_actor.cpp:25] actor 2199023255571 switch to &NaiveActor::HandlerNormal
I1013 19:49:46.517004 36613 thread.cpp:96] Thread 524337 construct Actor kTick 1099614388319
I1013 19:49:46.517032 36625 thread.cpp:96] Thread 1048576 construct Actor kNormalForward 2199023255571
I1013 19:49:46.517110 36613 runtime_context.cpp:29] DecreaseCounter constructing_actor_cnt, current val is 559
I1013 19:49:46.517125 36625 runtime_context.cpp:29] DecreaseCounter constructing_actor_cnt, current val is 558
I1013 19:49:46.517424 36613 naive_actor.cpp:25] actor 1099614388306 switch to &NaiveActor::HandlerNormal
I1013 19:49:46.517475 36613 thread.cpp:96] Thread 524337 construct Actor kTick 1099614388306
I1013 19:49:46.517542 36613 runtime_context.cpp:29] DecreaseCounter constructing_actor_cnt, current val is 557
I1013 19:49:46.517730 36625 naive_actor.cpp:25] actor 2199023255595 switch to &NaiveActor::HandlerNormal
I1013 19:49:46.517765 36625 thread.cpp:96] Thread 1048576 construct Actor kNormalForward 2199023255595
I1013 19:49:46.517809 36625 runtime_context.cpp:29] DecreaseCounter constructing_actor_cnt, current val is 556
I1013 19:49:46.517875 36613 naive_actor.cpp:25] actor 1099614388313 switch to &NaiveActor::HandlerNormal
I1013 19:49:46.517925 36613 thread.cpp:96] Thread 524337 construct Actor kTick 1099614388313
I1013 19:49:46.517993 36613 runtime_context.cpp:29] DecreaseCounter constructing_actor_cnt, current val is 555
I1013 19:49:46.518028 36631 naive_actor.cpp:25] actor 2207613190149 switch to &NaiveActor::HandlerNormal
I1013 19:49:46.518079 36631 thread.cpp:96] Thread 1052672 construct Actor kNormalForward 2207613190149
I1013 19:49:46.518185 36631 runtime_context.cpp:29] DecreaseCounter constructing_actor_cnt, current val is 554
I1013 19:49:46.518347 36613 naive_actor.cpp:25] actor 1099614388318 switch to &NaiveActor::HandlerNormal
I1013 19:49:46.518395 36613 thread.cpp:96] Thread 524337 construct Actor kTick 1099614388318
I1013 19:49:46.518462 36613 runtime_context.cpp:29] DecreaseCounter constructing_actor_cnt, current val is 553
I1013 19:49:46.518492 36625 naive_actor.cpp:25] actor 2199023255592 switch to &NaiveActor::HandlerNormal
I1013 19:49:46.518513 36625 thread.cpp:96] Thread 1048576 construct Actor kNormalForward 2199023255592
I1013 19:49:46.518549 36625 runtime_context.cpp:29] DecreaseCounter constructing_actor_cnt, current val is 552
I1013 19:49:46.518839 36625 naive_actor.cpp:25] actor 2199023255593 switch to &NaiveActor::HandlerNormal
I1013 19:49:46.518841 36613 naive_actor.cpp:25] actor 1099614388314 switch to &NaiveActor::HandlerNormal
I1013 19:49:46.518910 36625 thread.cpp:96] Thread 1048576 construct Actor kNormalForward 2199023255593
I1013 19:49:46.518947 36613 thread.cpp:96] Thread 524337 construct Actor kTick 1099614388314
I1013 19:49:46.518997 36625 runtime_context.cpp:29] DecreaseCounter constructing_actor_cnt, current val is 551
I1013 19:49:46.519037 36613 runtime_context.cpp:29] DecreaseCounter constructing_actor_cnt, current val is 550
I1013 19:49:46.519366 36613 naive_actor.cpp:25] actor 1099614388320 switch to &NaiveActor::HandlerNormal
I1013 19:49:46.519414 36613 thread.cpp:96] Thread 524337 construct Actor kTick 1099614388320
I1013 19:49:46.519479 36613 runtime_context.cpp:29] DecreaseCounter constructing_actor_cnt, current val is 549
I1013 19:49:46.519507 36631 naive_actor.cpp:25] actor 2207613190205 switch to &NaiveActor::HandlerNormal
I1013 19:49:46.519562 36631 thread.cpp:96] Thread 1052672 construct Actor kNormalForward 2207613190205
I1013 19:49:46.519737 36625 naive_actor.cpp:25] actor 2199023255580 switch to &NaiveActor::HandlerNormal
I1013 19:49:46.519739 36631 runtime_context.cpp:29] DecreaseCounter constructing_actor_cnt, current val is 548
I1013 19:49:46.519799 36613 naive_actor.cpp:25] actor 1099614388300 switch to &NaiveActor::HandlerNormal
I1013 19:49:46.519774 36625 thread.cpp:96] Thread 1048576 construct Actor kNormalForward 2199023255580
I1013 19:49:46.519852 36613 thread.cpp:96] Thread 524337 construct Actor kTick 1099614388300
I1013 19:49:46.519906 36625 runtime_context.cpp:29] DecreaseCounter constructing_actor_cnt, current val is 547
I1013 19:49:46.519935 36613 runtime_context.cpp:29] DecreaseCounter constructing_actor_cnt, current val is 546
I1013 19:49:46.520249 36613 naive_actor.cpp:25] actor 1099614388317 switch to &NaiveActor::HandlerNormal
I1013 19:49:46.520298 36613 thread.cpp:96] Thread 524337 construct Actor kTick 1099614388317
I1013 19:49:46.520367 36613 runtime_context.cpp:29] DecreaseCounter constructing_actor_cnt, current val is 545
I1013 19:49:46.520536 36625 naive_actor.cpp:25] actor 2199023255624 switch to &NaiveActor::HandlerNormal
I1013 19:49:46.520581 36625 thread.cpp:96] Thread 1048576 construct Actor kNormalForward 2199023255624
I1013 19:49:46.520623 36625 runtime_context.cpp:29] DecreaseCounter constructing_actor_cnt, current val is 544
I1013 19:49:46.520694 36613 naive_actor.cpp:25] actor 1099614388301 switch to &NaiveActor::HandlerNormal
I1013 19:49:46.520741 36613 thread.cpp:96] Thread 524337 construct Actor kTick 1099614388301
I1013 19:49:46.520812 36613 runtime_context.cpp:29] DecreaseCounter constructing_actor_cnt, current val is 543
I1013 19:49:46.521039 36631 naive_actor.cpp:25] actor 2207613190165 switch to &NaiveActor::HandlerNormal
I1013 19:49:46.521138 36631 thread.cpp:96] Thread 1052672 construct Actor kNormalForward 2207613190165
I1013 19:49:46.521164 36613 naive_actor.cpp:25] actor 1099614388316 switch to &NaiveActor::HandlerNormal
I1013 19:49:46.521239 36613 thread.cpp:96] Thread 524337 construct Actor kTick 1099614388316
I1013 19:49:46.521240 36625 naive_actor.cpp:25] actor 2199023255578 switch to &NaiveActor::HandlerNormal
I1013 19:49:46.521255 36631 runtime_context.cpp:29] DecreaseCounter constructing_actor_cnt, current val is 542
I1013 19:49:46.521298 36625 thread.cpp:96] Thread 1048576 construct Actor kNormalForward 2199023255578
I1013 19:49:46.521307 36613 runtime_context.cpp:29] DecreaseCounter constructing_actor_cnt, current val is 541
I1013 19:49:46.521389 36625 runtime_context.cpp:29] DecreaseCounter constructing_actor_cnt, current val is 540
I1013 19:49:46.521653 36613 naive_actor.cpp:25] actor 1099614388312 switch to &NaiveActor::HandlerNormal
I1013 19:49:46.521703 36613 thread.cpp:96] Thread 524337 construct Actor kTick 1099614388312
I1013 19:49:46.521767 36613 runtime_context.cpp:29] DecreaseCounter constructing_actor_cnt, current val is 539
I1013 19:49:46.521946 36625 naive_actor.cpp:25] actor 2199023255574 switch to &NaiveActor::HandlerNormal
I1013 19:49:46.522002 36625 thread.cpp:96] Thread 1048576 construct Actor kNormalForward 2199023255574
I1013 19:49:46.522056 36625 runtime_context.cpp:29] DecreaseCounter constructing_actor_cnt, current val is 538
I1013 19:49:46.522116 36613 naive_actor.cpp:25] actor 1099614388322 switch to &NaiveActor::HandlerNormal
I1013 19:49:46.522161 36613 thread.cpp:96] Thread 524337 construct Actor kTick 1099614388322
I1013 19:49:46.522229 36613 runtime_context.cpp:29] DecreaseCounter constructing_actor_cnt, current val is 537
I1013 19:49:46.522426 36631 naive_actor.cpp:25] actor 2207613190177 switch to &NaiveActor::HandlerNormal
I1013 19:49:46.522480 36631 thread.cpp:96] Thread 1052672 construct Actor kNormalForward 2207613190177
I1013 19:49:46.522559 36631 runtime_context.cpp:29] DecreaseCounter constructing_actor_cnt, current val is 536
I1013 19:49:46.522601 36613 naive_actor.cpp:25] actor 1099614388326 switch to &NaiveActor::HandlerNormal
I1013 19:49:46.522648 36613 thread.cpp:96] Thread 524337 construct Actor kTick 1099614388326
I1013 19:49:46.522716 36613 runtime_context.cpp:29] DecreaseCounter constructing_actor_cnt, current val is 535
I1013 19:49:46.522718 36625 naive_actor.cpp:25] actor 2199023255652 switch to &NaiveActor::HandlerNormal
I1013 19:49:46.522783 36625 thread.cpp:96] Thread 1048576 construct Actor kNormalForward 2199023255652
I1013 19:49:46.522851 36625 runtime_context.cpp:29] DecreaseCounter constructing_actor_cnt, current val is 534
I1013 19:49:46.523082 36613 naive_actor.cpp:25] actor 1099614388304 switch to &NaiveActor::HandlerNormal
I1013 19:49:46.523133 36613 thread.cpp:96] Thread 524337 construct Actor kTick 1099614388304
I1013 19:49:46.523195 36613 runtime_context.cpp:29] DecreaseCounter constructing_actor_cnt, current val is 533
I1013 19:49:46.523473 36631 naive_actor.cpp:25] actor 2207613190201 switch to &NaiveActor::HandlerNormal
I1013 19:49:46.523523 36631 thread.cpp:96] Thread 1052672 construct Actor kNormalForward 2207613190201
I1013 19:49:46.523550 36613 naive_actor.cpp:25] actor 1099614388307 switch to &NaiveActor::HandlerNormal
I1013 19:49:46.523577 36625 naive_actor.cpp:25] actor 2199023255634 switch to &NaiveActor::HandlerNormal
I1013 19:49:46.523607 36631 runtime_context.cpp:29] DecreaseCounter constructing_actor_cnt, current val is 532
I1013 19:49:46.523609 36613 thread.cpp:96] Thread 524337 construct Actor kTick 1099614388307
I1013 19:49:46.523633 36625 thread.cpp:96] Thread 1048576 construct Actor kNormalForward 2199023255634
I1013 19:49:46.523737 36613 runtime_context.cpp:29] DecreaseCounter constructing_actor_cnt, current val is 531
I1013 19:49:46.523754 36625 runtime_context.cpp:29] DecreaseCounter constructing_actor_cnt, current val is 530
I1013 19:49:46.524072 36613 naive_actor.cpp:25] actor 1099614388331 switch to &NaiveActor::HandlerNormal
I1013 19:49:46.524119 36613 thread.cpp:96] Thread 524337 construct Actor kTick 1099614388331
I1013 19:49:46.524183 36613 runtime_context.cpp:29] DecreaseCounter constructing_actor_cnt, current val is 529
I1013 19:49:46.524498 36625 naive_actor.cpp:25] actor 2199023255573 switch to &NaiveActor::HandlerNormal
I1013 19:49:46.524503 36613 naive_actor.cpp:25] actor 1099614388321 switch to &NaiveActor::HandlerNormal
I1013 19:49:46.524539 36625 thread.cpp:96] Thread 1048576 construct Actor kNormalForward 2199023255573
I1013 19:49:46.524585 36613 thread.cpp:96] Thread 524337 construct Actor kTick 1099614388321
I1013 19:49:46.524631 36625 runtime_context.cpp:29] DecreaseCounter constructing_actor_cnt, current val is 528
I1013 19:49:46.524638 36631 naive_actor.cpp:25] actor 2207613190158 switch to &NaiveActor::HandlerNormal
I1013 19:49:46.524662 36613 runtime_context.cpp:29] DecreaseCounter constructing_actor_cnt, current val is 527
I1013 19:49:46.524698 36631 thread.cpp:96] Thread 1052672 construct Actor kNormalForward 2207613190158
I1013 19:49:46.524818 36631 runtime_context.cpp:29] DecreaseCounter constructing_actor_cnt, current val is 526
I1013 19:49:46.525014 36613 naive_actor.cpp:25] actor 1099614388311 switch to &NaiveActor::HandlerNormal
I1013 19:49:46.525099 36613 thread.cpp:96] Thread 524337 construct Actor kTick 1099614388311
I1013 19:49:46.525175 36613 runtime_context.cpp:29] DecreaseCounter constructing_actor_cnt, current val is 525
I1013 19:49:46.525215 36625 naive_actor.cpp:25] actor 2199023255630 switch to &NaiveActor::HandlerNormal
I1013 19:49:46.525247 36625 thread.cpp:96] Thread 1048576 construct Actor kNormalForward 2199023255630
I1013 19:49:46.525300 36625 runtime_context.cpp:29] DecreaseCounter constructing_actor_cnt, current val is 524
I1013 19:49:46.525878 36625 naive_actor.cpp:25] actor 2199023255583 switch to &NaiveActor::HandlerNormal
I1013 19:49:46.525923 36625 thread.cpp:96] Thread 1048576 construct Actor kNormalForward 2199023255583
I1013 19:49:46.525974 36625 runtime_context.cpp:29] DecreaseCounter constructing_actor_cnt, current val is 523
I1013 19:49:46.526423 36631 naive_actor.cpp:25] actor 2207613190167 switch to &NaiveActor::HandlerNormal
I1013 19:49:46.526477 36631 thread.cpp:96] Thread 1052672 construct Actor kNormalForward 2207613190167
I1013 19:49:46.526557 36631 runtime_context.cpp:29] DecreaseCounter constructing_actor_cnt, current val is 522
I1013 19:49:46.526576 36625 naive_actor.cpp:25] actor 2199023255641 switch to &NaiveActor::HandlerNormal
I1013 19:49:46.526631 36625 thread.cpp:96] Thread 1048576 construct Actor kNormalForward 2199023255641
I1013 19:49:46.526686 36625 runtime_context.cpp:29] DecreaseCounter constructing_actor_cnt, current val is 521
I1013 19:49:46.527354 36625 naive_actor.cpp:25] actor 2199023255606 switch to &NaiveActor::HandlerNormal
I1013 19:49:46.527393 36625 thread.cpp:96] Thread 1048576 construct Actor kNormalForward 2199023255606
I1013 19:49:46.527446 36625 runtime_context.cpp:29] DecreaseCounter constructing_actor_cnt, current val is 520
I1013 19:49:46.527473 36631 naive_actor.cpp:25] actor 2207613190191 switch to &NaiveActor::HandlerNormal
I1013 19:49:46.527524 36631 thread.cpp:96] Thread 1052672 construct Actor kNormalForward 2207613190191
I1013 19:49:46.527621 36631 runtime_context.cpp:29] DecreaseCounter constructing_actor_cnt, current val is 519
I1013 19:49:46.528141 36625 naive_actor.cpp:25] actor 2199023255638 switch to &NaiveActor::HandlerNormal
I1013 19:49:46.528184 36625 thread.cpp:96] Thread 1048576 construct Actor kNormalForward 2199023255638
I1013 19:49:46.528231 36625 runtime_context.cpp:29] DecreaseCounter constructing_actor_cnt, current val is 518
I1013 19:49:46.528702 36631 naive_actor.cpp:25] actor 2207613190209 switch to &NaiveActor::HandlerNormal
I1013 19:49:46.528748 36631 thread.cpp:96] Thread 1052672 construct Actor kNormalForward 2207613190209
I1013 19:49:46.528831 36631 runtime_context.cpp:29] DecreaseCounter constructing_actor_cnt, current val is 517
I1013 19:49:46.528851 36625 naive_actor.cpp:25] actor 2199023255627 switch to &NaiveActor::HandlerNormal
I1013 19:49:46.528903 36625 thread.cpp:96] Thread 1048576 construct Actor kNormalForward 2199023255627
I1013 19:49:46.528957 36625 runtime_context.cpp:29] DecreaseCounter constructing_actor_cnt, current val is 516
I1013 19:49:46.529191 36625 naive_actor.cpp:25] actor 2199023255591 switch to &NaiveActor::HandlerNormal
I1013 19:49:46.529227 36625 thread.cpp:96] Thread 1048576 construct Actor kNormalForward 2199023255591
I1013 19:49:46.529275 36625 runtime_context.cpp:29] DecreaseCounter constructing_actor_cnt, current val is 515
I1013 19:49:46.529765 36631 naive_actor.cpp:25] actor 2207613190198 switch to &NaiveActor::HandlerNormal
I1013 19:49:46.529814 36631 thread.cpp:96] Thread 1052672 construct Actor kNormalForward 2207613190198
I1013 19:49:46.529909 36631 runtime_context.cpp:29] DecreaseCounter constructing_actor_cnt, current val is 514
I1013 19:49:46.529953 36625 naive_actor.cpp:25] actor 2199023255599 switch to &NaiveActor::HandlerNormal
I1013 19:49:46.529990 36625 thread.cpp:96] Thread 1048576 construct Actor kNormalForward 2199023255599
I1013 19:49:46.530050 36625 runtime_context.cpp:29] DecreaseCounter constructing_actor_cnt, current val is 513
I1013 19:49:46.530673 36625 naive_actor.cpp:25] actor 2199023255651 switch to &NaiveActor::HandlerNormal
I1013 19:49:46.530735 36625 thread.cpp:96] Thread 1048576 construct Actor kNormalForward 2199023255651
I1013 19:49:46.530795 36625 runtime_context.cpp:29] DecreaseCounter constructing_actor_cnt, current val is 512
I1013 19:49:46.530892 36631 naive_actor.cpp:25] actor 2207613190200 switch to &NaiveActor::HandlerNormal
I1013 19:49:46.530941 36631 thread.cpp:96] Thread 1052672 construct Actor kNormalForward 2207613190200
I1013 19:49:46.531028 36631 runtime_context.cpp:29] DecreaseCounter constructing_actor_cnt, current val is 511
I1013 19:49:46.531373 36631 naive_actor.cpp:25] actor 2207613190183 switch to &NaiveActor::HandlerNormal
I1013 19:49:46.531416 36631 thread.cpp:96] Thread 1052672 construct Actor kNormalForward 2207613190183
I1013 19:49:46.531437 36625 naive_actor.cpp:25] actor 2199023255629 switch to &NaiveActor::HandlerNormal
I1013 19:49:46.531487 36631 runtime_context.cpp:29] DecreaseCounter constructing_actor_cnt, current val is 510
I1013 19:49:46.531527 36625 thread.cpp:96] Thread 1048576 construct Actor kNormalForward 2199023255629
I1013 19:49:46.531661 36625 runtime_context.cpp:29] DecreaseCounter constructing_actor_cnt, current val is 509
I1013 19:49:46.532307 36631 naive_actor.cpp:25] actor 2207613190180 switch to &NaiveActor::HandlerNormal
I1013 19:49:46.532356 36631 thread.cpp:96] Thread 1052672 construct Actor kNormalForward 2207613190180
I1013 19:49:46.532429 36631 runtime_context.cpp:29] DecreaseCounter constructing_actor_cnt, current val is 508
I1013 19:49:46.532629 36625 naive_actor.cpp:25] actor 2199023255611 switch to &NaiveActor::HandlerNormal
I1013 19:49:46.532687 36625 thread.cpp:96] Thread 1048576 construct Actor kNormalForward 2199023255611
I1013 19:49:46.532769 36625 runtime_context.cpp:29] DecreaseCounter constructing_actor_cnt, current val is 507
I1013 19:49:46.533411 36631 naive_actor.cpp:25] actor 2207613190163 switch to &NaiveActor::HandlerNormal
I1013 19:49:46.533466 36631 thread.cpp:96] Thread 1052672 construct Actor kNormalForward 2207613190163
I1013 19:49:46.533557 36631 runtime_context.cpp:29] DecreaseCounter constructing_actor_cnt, current val is 506
I1013 19:49:46.533674 36625 naive_actor.cpp:25] actor 2199023255594 switch to &NaiveActor::HandlerNormal
I1013 19:49:46.533720 36625 thread.cpp:96] Thread 1048576 construct Actor kNormalForward 2199023255594
I1013 19:49:46.533799 36625 runtime_context.cpp:29] DecreaseCounter constructing_actor_cnt, current val is 505
I1013 19:49:46.534711 36625 naive_actor.cpp:25] actor 2199023255661 switch to &NaiveActor::HandlerNormal
I1013 19:49:46.534767 36625 thread.cpp:96] Thread 1048576 construct Actor kNormalForward 2199023255661
I1013 19:49:46.534843 36625 runtime_context.cpp:29] DecreaseCounter constructing_actor_cnt, current val is 504
I1013 19:49:46.534977 36631 naive_actor.cpp:25] actor 2207613190144 switch to &NaiveActor::HandlerNormal
I1013 19:49:46.535023 36631 thread.cpp:96] Thread 1052672 construct Actor kNormalForward 2207613190144
I1013 19:49:46.535140 36631 runtime_context.cpp:29] DecreaseCounter constructing_actor_cnt, current val is 503
I1013 19:49:46.535504 36631 naive_actor.cpp:25] actor 2207613190212 switch to &NaiveActor::HandlerNormal
I1013 19:49:46.535548 36631 thread.cpp:96] Thread 1052672 construct Actor kNormalForward 2207613190212
I1013 19:49:46.535632 36631 runtime_context.cpp:29] DecreaseCounter constructing_actor_cnt, current val is 502
I1013 19:49:46.535796 36625 naive_actor.cpp:25] actor 2199023255633 switch to &NaiveActor::HandlerNormal
I1013 19:49:46.535843 36625 thread.cpp:96] Thread 1048576 construct Actor kNormalForward 2199023255633
I1013 19:49:46.535925 36625 runtime_context.cpp:29] DecreaseCounter constructing_actor_cnt, current val is 501
I1013 19:49:46.536583 36631 naive_actor.cpp:25] actor 2207613190225 switch to &NaiveActor::HandlerNormal
I1013 19:49:46.536635 36631 thread.cpp:96] Thread 1052672 construct Actor kNormalForward 2207613190225
I1013 19:49:46.536721 36631 runtime_context.cpp:29] DecreaseCounter constructing_actor_cnt, current val is 500
I1013 19:49:46.536792 36625 naive_actor.cpp:25] actor 2199023255657 switch to &NaiveActor::HandlerNormal
I1013 19:49:46.536841 36625 thread.cpp:96] Thread 1048576 construct Actor kNormalForward 2199023255657
I1013 19:49:46.536933 36625 runtime_context.cpp:29] DecreaseCounter constructing_actor_cnt, current val is 499
I1013 19:49:46.537676 36631 naive_actor.cpp:25] actor 2207613190210 switch to &NaiveActor::HandlerNormal
I1013 19:49:46.537724 36631 thread.cpp:96] Thread 1052672 construct Actor kNormalForward 2207613190210
I1013 19:49:46.537777 36625 naive_actor.cpp:25] actor 2199023255616 switch to &NaiveActor::HandlerNormal
I1013 19:49:46.537801 36631 runtime_context.cpp:29] DecreaseCounter constructing_actor_cnt, current val is 498
I1013 19:49:46.537824 36625 thread.cpp:96] Thread 1048576 construct Actor kNormalForward 2199023255616
I1013 19:49:46.537940 36625 runtime_context.cpp:29] DecreaseCounter constructing_actor_cnt, current val is 497
I1013 19:49:46.538676 36631 naive_actor.cpp:25] actor 2207613190226 switch to &NaiveActor::HandlerNormal
I1013 19:49:46.538724 36631 thread.cpp:96] Thread 1052672 construct Actor kNormalForward 2207613190226
I1013 19:49:46.538784 36625 naive_actor.cpp:25] actor 2199023255640 switch to &NaiveActor::HandlerNormal
I1013 19:49:46.538800 36631 runtime_context.cpp:29] DecreaseCounter constructing_actor_cnt, current val is 496
I1013 19:49:46.538831 36625 thread.cpp:96] Thread 1048576 construct Actor kNormalForward 2199023255640
I1013 19:49:46.538939 36625 runtime_context.cpp:29] DecreaseCounter constructing_actor_cnt, current val is 495
