Log file created at: 2021/10/13 15:27:46
Running on machine: oneflow-14
Log line format: [IWEF]mmdd hh:mm:ss.uuuuuu threadid file:line] msg
I1013 15:27:46.781010 24304 global.h:36] NewGlobal 14cudaDeviceProp
I1013 15:27:46.782030 24304 global.h:36] NewGlobal N7oneflow7EnvDescE
I1013 15:27:46.782052 24304 global.h:36] NewGlobal N7oneflow10ProcessCtxE
I1013 15:27:46.782061 24304 env_global_objects_scope.cpp:152] using rpc backend: local
I1013 15:27:46.782080 24304 global.h:36] NewGlobal N7oneflow12ResourceDescE
I1013 15:27:46.782091 24304 global.h:36] NewGlobal N7oneflow12ResourceDescE
I1013 15:27:46.877969 24304 global.h:36] NewGlobal N7oneflow10ThreadPoolE
I1013 15:27:46.879555 24304 global.h:36] NewGlobal N7oneflow16EagerNcclCommMgrE
I1013 15:27:46.879588 24304 global.h:36] NewGlobal N7oneflow18CudnnConvAlgoCacheE
I1013 15:27:46.879601 24304 global.h:36] NewGlobal N7oneflow2vm19VirtualMachineScopeE
I1013 15:27:46.879611 24304 global.h:36] NewGlobal N7oneflow9OneflowVME
I1013 15:27:46.880676 24304 oneflow_vm.cpp:75] transport stream type: N7oneflow2vm13CpuStreamTypeE
I1013 15:27:46.880699 24304 oneflow_vm.cpp:75] transport stream type: N7oneflow2vm14CudaStreamTypeE
I1013 15:27:46.880709 24304 oneflow_vm.cpp:75] transport stream type: N7oneflow2vm19AsyncCudaStreamTypeE
I1013 15:27:46.880890 24304 global.h:36] NewGlobal N7oneflow27EagerJobBuildAndInferCtxMgrE
I1013 15:27:46.880911 24304 global.h:36] NewGlobal N7oneflow12EpollCommNetE
I1013 15:27:46.881073 24304 epoll_comm_network.cpp:63] CommNet:Epoll listening on 0.0.0.0:42078
I1013 15:27:46.881124 24304 epoll_comm_network.cpp:197] machine 0 sockfd -1
I1013 15:27:46.881264 24304 global.h:36] NewGlobal N7oneflow9TransportE
I1013 15:27:46.883152 24304 global.h:43] DeleteGlobal N7oneflow12ResourceDescE
I1013 15:27:46.883191 24304 version.cpp:22] OneFlow git version: b295ca2324
I1013 15:27:46.883213 24304 device_register_gpu.cpp:56] CUDA runtime version: 11.2
I1013 15:27:46.883240 24304 device_register_gpu.cpp:65] cuDNN version: 8.1.1
I1013 15:27:46.883255 24304 device_register_gpu.cpp:78] NCCL version: 2.9.8
I1013 15:27:46.883266 24304 global.h:36] NewGlobal N7oneflow12ResourceDescE
I1013 15:27:46.883277 24304 global.h:36] NewGlobal N7oneflow5IDMgrE
I1013 15:27:46.883289 24304 global.h:36] NewGlobal N7oneflow16AvailableMemDescE
I1013 15:27:46.883322 24304 global.h:36] NewGlobal St13unordered_mapISslSt4hashISsESt8equal_toISsESaISt4pairIKSslEEE
I1013 15:27:46.883333 24304 global.h:36] NewGlobal N7oneflow19CriticalSectionDescE
I1013 15:27:46.883342 24304 global.h:36] NewGlobal N7oneflow16InterUserJobInfoE
I1013 15:27:46.883354 24304 global.h:36] NewGlobal N7oneflow26LazyJobBuildAndInferCtxMgrE
I1013 15:27:46.883363 24304 global.h:36] NewGlobal N7oneflow16JobSetCompileCtxE
I1013 15:27:46.883374 24304 global.h:36] NewGlobal N7oneflow26RuntimeBufferManagersScopeE
I1013 15:27:46.883383 24304 global.h:36] NewGlobal N7oneflow9BufferMgrIlEE
I1013 15:27:46.883392 24304 global.h:36] NewGlobal N7oneflow9BufferMgrISt10shared_ptrINS_11JobInstanceEEEE
I1013 15:27:46.883402 24304 global.h:36] NewGlobal N7oneflow10RuntimeCtxE
I1013 15:27:46.883411 24304 global.h:36] NewGlobal N7oneflow15MemoryAllocatorE
I1013 15:27:46.883420 24304 global.h:36] NewGlobal N7oneflow8ChunkMgrE
I1013 15:27:46.883430 24304 global.h:36] NewGlobal N7oneflow8RegstMgrE
I1013 15:27:46.883438 24304 global.h:36] NewGlobal N7oneflow11ActorMsgBusE
I1013 15:27:46.883447 24304 global.h:36] NewGlobal N7oneflow9ThreadMgrE
I1013 15:27:46.883456 24304 global.h:36] NewGlobal N7oneflow15RuntimeJobDescsE
I1013 15:27:46.883466 24304 global.h:36] NewGlobal N7oneflow7summary12EventsWriterE
I1013 15:27:46.883478 24304 global.h:36] NewGlobal N7oneflow6boxing10collective24CollectiveBoxingExecutorE
I1013 15:27:46.883487 24304 global.h:36] NewGlobal N7oneflow6boxing10collective31CollectiveBoxingDeviceCtxPollerE
I1013 15:27:46.883670 24304 session.h:77] NewGlobal N7oneflow25SessionGlobalObjectsScopeE
I1013 15:27:46.884654 24304 global.h:36] NewGlobal N7oneflow7JobDescE
I1013 15:27:47.280817 24304 global.h:43] DeleteGlobal N7oneflow7JobDescE
I1013 15:27:47.281033 24304 global.h:36] NewGlobal N7oneflow7JobDescE
I1013 15:27:47.283988 24304 global.h:36] NewGlobal N7oneflow7OpGraphE
I1013 15:27:47.287739 24304 global.h:43] DeleteGlobal N7oneflow7OpGraphE
I1013 15:27:47.443074 24304 global.h:43] DeleteGlobal N7oneflow7JobDescE
I1013 15:27:47.458602 24304 global.h:36] NewGlobal N7oneflow24InterJobReuseMemStrategyE
I1013 15:27:47.458626 24304 global.h:36] NewGlobal N7oneflow7OneflowE
I1013 15:27:47.470124 24304 global.h:36] NewGlobal N7oneflow7JobDescE
I1013 15:27:47.672549 24304 global.h:36] NewGlobal N7oneflow7OpGraphE
I1013 15:27:47.741473 24304 global.h:43] DeleteGlobal N7oneflow7OpGraphE
I1013 15:27:47.748629 24304 oneflow.cpp:210] 
job_id: 0 , job_name: train_job , compile time: 0.278461 seconds.
I1013 15:27:47.794759 24304 global.h:43] DeleteGlobal N7oneflow7JobDescE
I1013 15:27:47.795047 24304 global.h:36] NewGlobal N7oneflow7JobDescE
I1013 15:27:47.841002 24304 global.h:36] NewGlobal N7oneflow7OpGraphE
I1013 15:27:47.857643 24304 global.h:43] DeleteGlobal N7oneflow7OpGraphE
I1013 15:27:47.861672 24304 oneflow.cpp:210] 
job_id: 1 , job_name: System-ModelInit , compile time: 0.066497 seconds.
I1013 15:27:47.873365 24304 global.h:43] DeleteGlobal N7oneflow7JobDescE
I1013 15:27:47.873440 24304 global.h:36] NewGlobal N7oneflow7JobDescE
I1013 15:27:47.918256 24304 global.h:36] NewGlobal N7oneflow7OpGraphE
I1013 15:27:47.935425 24304 global.h:43] DeleteGlobal N7oneflow7OpGraphE
I1013 15:27:47.939550 24304 oneflow.cpp:210] 
job_id: 2 , job_name: System-ModelLoad , compile time: 0.0660923 seconds.
I1013 15:27:47.951330 24304 global.h:43] DeleteGlobal N7oneflow7JobDescE
I1013 15:27:47.951357 24304 global.h:36] NewGlobal N7oneflow7JobDescE
I1013 15:27:47.996057 24304 global.h:36] NewGlobal N7oneflow7OpGraphE
I1013 15:27:48.012559 24304 global.h:43] DeleteGlobal N7oneflow7OpGraphE
I1013 15:27:48.016278 24304 oneflow.cpp:210] 
job_id: 3 , job_name: System-ModelSave , compile time: 0.0649032 seconds.
I1013 15:27:48.028334 24304 global.h:43] DeleteGlobal N7oneflow7JobDescE
I1013 15:27:48.028411 24304 global.h:36] NewGlobal N7oneflow7JobDescE
I1013 15:27:48.037286 24304 global.h:36] NewGlobal N7oneflow7OpGraphE
I1013 15:27:48.041064 24304 global.h:43] DeleteGlobal N7oneflow7OpGraphE
I1013 15:27:48.042383 24304 oneflow.cpp:210] 
job_id: 4 , job_name: System-Pull-Return_20 , compile time: 0.0139497 seconds.
I1013 15:27:48.045861 24304 global.h:43] DeleteGlobal N7oneflow7JobDescE
I1013 15:27:48.050041 24304 global.h:36] NewGlobal N7oneflow7JobDescE
I1013 15:27:48.050112 24304 global.h:36] NewGlobal N7oneflow7OpGraphE
I1013 15:27:48.055322 24304 global.h:43] DeleteGlobal N7oneflow7OpGraphE
I1013 15:27:48.058125 24304 oneflow.cpp:210] 
job_id: 5 , job_name: MainJob-unamed , compile time: 0.00802227 seconds.
I1013 15:27:48.064918 24304 global.h:43] DeleteGlobal N7oneflow7JobDescE
I1013 15:27:48.067390 24304 plan_util.cpp:928]  Plan: merged_plan needs to allocate [ 374.837 MiB ] device memory in Rank: 0 , Device: 0
I1013 15:27:48.169665 24304 oneflow.cpp:998]  PushPlan merged_plan time: 0.00985498 seconds.
I1013 15:27:48.197532 24304 oneflow.cpp:1014]  PullPlan merged_plan time: 0.0237701 seconds.
I1013 15:27:50.230847 24304 runtime_context.cpp:21] NewCounter constructing_actor_cnt 388
I1013 15:27:50.231778 24943 naive_actor.cpp:25] actor 2199023255699 switch to &NaiveActor::HandlerNormal
I1013 15:27:50.231873 24943 thread.cpp:96] Thread 1048576 construct Actor kDeviceTick 2199023255699
I1013 15:27:50.231914 24929 naive_actor.cpp:25] actor 1099614388226 switch to &NaiveActor::HandlerNormal
I1013 15:27:50.231971 24943 runtime_context.cpp:29] DecreaseCounter constructing_actor_cnt, current val is 387
I1013 15:27:50.231976 24929 thread.cpp:96] Thread 524337 construct Actor kDeviceTick 1099614388226
I1013 15:27:50.232098 24930 wait_and_send_ids_actor.cpp:53] actor 1099616485376 switch to &WaitAndSendIdsActor::HandlerWaitToStart
I1013 15:27:50.232161 24930 thread.cpp:96] Thread 524338 construct Actor kWaitAndSendIds 1099616485376
I1013 15:27:50.232167 24929 runtime_context.cpp:29] DecreaseCounter constructing_actor_cnt, current val is 386
I1013 15:27:50.232236 24930 runtime_context.cpp:29] DecreaseCounter constructing_actor_cnt, current val is 385
I1013 15:27:50.232308 24943 naive_actor.cpp:25] actor 2199023255738 switch to &NaiveActor::HandlerNormal
I1013 15:27:50.232448 24943 thread.cpp:96] Thread 1048576 construct Actor kDeviceTick 2199023255738
I1013 15:27:50.232496 24943 runtime_context.cpp:29] DecreaseCounter constructing_actor_cnt, current val is 384
I1013 15:27:50.232684 24929 naive_actor.cpp:25] actor 1099614388233 switch to &NaiveActor::HandlerNormal
I1013 15:27:50.232739 24943 naive_actor.cpp:25] actor 2199023255777 switch to &NaiveActor::HandlerNormal
I1013 15:27:50.232758 24929 thread.cpp:96] Thread 524337 construct Actor kDeviceTick 1099614388233
I1013 15:27:50.232781 24943 thread.cpp:96] Thread 1048576 construct Actor kDeviceTick 2199023255777
I1013 15:27:50.232848 24929 runtime_context.cpp:29] DecreaseCounter constructing_actor_cnt, current val is 383
I1013 15:27:50.232862 24943 runtime_context.cpp:29] DecreaseCounter constructing_actor_cnt, current val is 382
I1013 15:27:50.233078 24943 naive_actor.cpp:25] actor 2199023255816 switch to &NaiveActor::HandlerNormal
I1013 15:27:50.233127 24943 thread.cpp:96] Thread 1048576 construct Actor kDeviceTick 2199023255816
I1013 15:27:50.233127 24929 naive_actor.cpp:25] actor 1099614388243 switch to &NaiveActor::HandlerNormal
I1013 15:27:50.233193 24943 runtime_context.cpp:29] DecreaseCounter constructing_actor_cnt, current val is 381
I1013 15:27:50.233197 24929 thread.cpp:96] Thread 524337 construct Actor kDeviceTick 1099614388243
I1013 15:27:50.233275 24929 runtime_context.cpp:29] DecreaseCounter constructing_actor_cnt, current val is 380
I1013 15:27:50.233533 24929 naive_actor.cpp:25] actor 1099614388252 switch to &NaiveActor::HandlerNormal
I1013 15:27:50.233579 24929 thread.cpp:96] Thread 524337 construct Actor kDeviceTick 1099614388252
I1013 15:27:50.233631 24929 runtime_context.cpp:29] DecreaseCounter constructing_actor_cnt, current val is 379
I1013 15:27:50.233865 24929 naive_actor.cpp:25] actor 1099614388261 switch to &NaiveActor::HandlerNormal
I1013 15:27:50.233898 24929 thread.cpp:96] Thread 524337 construct Actor kDeviceTick 1099614388261
I1013 15:27:50.233947 24929 runtime_context.cpp:29] DecreaseCounter constructing_actor_cnt, current val is 378
I1013 15:27:50.234176 24929 naive_actor.cpp:25] actor 1099614388269 switch to &NaiveActor::HandlerNormal
I1013 15:27:50.234208 24929 thread.cpp:96] Thread 524337 construct Actor kDeviceTick 1099614388269
I1013 15:27:50.234256 24929 runtime_context.cpp:29] DecreaseCounter constructing_actor_cnt, current val is 377
I1013 15:27:50.234483 24929 naive_actor.cpp:25] actor 1099614388276 switch to &NaiveActor::HandlerNormal
I1013 15:27:50.234514 24929 thread.cpp:96] Thread 524337 construct Actor kDeviceTick 1099614388276
I1013 15:27:50.234580 24929 runtime_context.cpp:29] DecreaseCounter constructing_actor_cnt, current val is 376
I1013 15:27:50.241287 24912 naive_actor.cpp:25] actor 1099522113536 switch to &NaiveActor::HandlerNormal
I1013 15:27:50.241389 24912 thread.cpp:96] Thread 524293 construct Actor kNormalForward 1099522113536
I1013 15:27:50.241482 24926 naive_actor.cpp:25] actor 1099551473664 switch to &NaiveActor::HandlerNormal
I1013 15:27:50.241514 24923 naive_actor.cpp:25] actor 1099545182208 switch to &NaiveActor::HandlerNormal
I1013 15:27:50.241564 24945 naive_actor.cpp:25] actor 2199025352707 switch to &NaiveActor::HandlerNormal
I1013 15:27:50.241721 24928 naive_actor.cpp:25] actor 1099555667968 switch to &NaiveActor::HandlerNormal
I1013 15:27:50.241539 24927 naive_actor.cpp:25] actor 1099553570816 switch to &NaiveActor::HandlerNormal
I1013 15:27:50.241899 24925 naive_actor.cpp:25] actor 1099549376512 switch to &NaiveActor::HandlerNormal
I1013 15:27:50.241991 24925 thread.cpp:96] Thread 524306 construct Actor kNormalForward 1099549376512
I1013 15:27:50.242033 24914 naive_actor.cpp:25] actor 1099526307840 switch to &NaiveActor::HandlerNormal
I1013 15:27:50.242103 24925 runtime_context.cpp:29] DecreaseCounter constructing_actor_cnt, current val is 374
I1013 15:27:50.242235 24922 naive_actor.cpp:25] actor 1099543085056 switch to &NaiveActor::HandlerNormal
I1013 15:27:50.242300 24921 naive_actor.cpp:25] actor 1099540987904 switch to &NaiveActor::HandlerNormal
I1013 15:27:50.242419 24921 thread.cpp:96] Thread 524302 construct Actor kForeignInput 1099540987904
I1013 15:27:50.241803 24943 naive_actor.cpp:25] actor 2199023255576 switch to &NaiveActor::HandlerNormal
I1013 15:27:50.241837 24928 thread.cpp:96] Thread 524309 construct Actor kForeignOutput 1099555667968
I1013 15:27:50.241858 24913 naive_actor.cpp:25] actor 1099524210688 switch to &NaiveActor::HandlerNormal
I1013 15:27:50.242873 24913 thread.cpp:96] Thread 524294 construct Actor kNormalForward 1099524210688
I1013 15:27:50.241605 24926 thread.cpp:96] Thread 524307 construct Actor kNormalForward 1099551473664
I1013 15:27:50.241937 24916 naive_actor.cpp:25] actor 1099530502144 switch to &NaiveActor::HandlerNormal
I1013 15:27:50.243136 24916 thread.cpp:96] Thread 524297 construct Actor kNormalForward 1099530502144
I1013 15:27:50.241636 24920 naive_actor.cpp:25] actor 1099538890752 switch to &NaiveActor::HandlerNormal
I1013 15:27:50.243300 24920 thread.cpp:96] Thread 524301 construct Actor kNormalForward 1099538890752
I1013 15:27:50.241672 24923 thread.cpp:96] Thread 524304 construct Actor kNormalForward 1099545182208
I1013 15:27:50.242116 24914 thread.cpp:96] Thread 524295 construct Actor kNormalForward 1099526307840
I1013 15:27:50.241693 24947 naive_actor.cpp:25] actor 2199027449856 switch to &NaiveActor::HandlerNormal
I1013 15:27:50.243593 24914 runtime_context.cpp:29] DecreaseCounter constructing_actor_cnt, current val is 366
I1013 15:27:50.243614 24947 thread.cpp:96] Thread 1048578 construct Actor kCopyHd 2199027449856
I1013 15:27:50.242136 24911 naive_actor.cpp:25] actor 1099520016384 switch to &NaiveActor::HandlerNormal
I1013 15:27:50.243677 24947 runtime_context.cpp:29] DecreaseCounter constructing_actor_cnt, current val is 365
I1013 15:27:50.243688 24911 thread.cpp:96] Thread 524292 construct Actor kNormalForward 1099520016384
I1013 15:27:50.242173 24915 naive_actor.cpp:25] actor 1099528404992 switch to &NaiveActor::HandlerNormal
I1013 15:27:50.243753 24915 thread.cpp:96] Thread 524296 construct Actor kNormalForward 1099528404992
I1013 15:27:50.242249 24917 naive_actor.cpp:25] actor 1099532599296 switch to &NaiveActor::HandlerNormal
I1013 15:27:50.243898 24917 thread.cpp:96] Thread 524298 construct Actor kNormalForward 1099532599296
I1013 15:27:50.241746 24945 thread.cpp:96] Thread 1048577 construct Actor kCopyHd 2199025352707
I1013 15:27:50.242324 24922 thread.cpp:96] Thread 524303 construct Actor kNormalForward 1099543085056
I1013 15:27:50.241776 24931 sink_actor.cpp:21] actor 1099618582528 switch to &SinkActor::HandlerNormal
I1013 15:27:50.244169 24922 runtime_context.cpp:29] DecreaseCounter constructing_actor_cnt, current val is 360
I1013 15:27:50.242463 24929 naive_actor.cpp:25] actor 1099614388232 switch to &NaiveActor::HandlerNormal
I1013 15:27:50.244271 24929 thread.cpp:96] Thread 524337 construct Actor kTick 1099614388232
I1013 15:27:50.242832 24928 runtime_context.cpp:29] DecreaseCounter constructing_actor_cnt, current val is 372
I1013 15:27:50.244366 24929 runtime_context.cpp:29] DecreaseCounter constructing_actor_cnt, current val is 359
I1013 15:27:50.241917 24927 thread.cpp:96] Thread 524308 construct Actor kNormalForward 1099553570816
I1013 15:27:50.243070 24909 naive_actor.cpp:25] actor 1099515822080 switch to &NaiveActor::HandlerNormal
I1013 15:27:50.244643 24909 thread.cpp:96] Thread 524290 construct Actor kNormalForward 1099515822080
I1013 15:27:50.243094 24908 naive_actor.cpp:25] actor 1099513724928 switch to &NaiveActor::HandlerNormal
I1013 15:27:50.244778 24909 runtime_context.cpp:29] DecreaseCounter constructing_actor_cnt, current val is 357
I1013 15:27:50.244791 24908 thread.cpp:96] Thread 524289 construct Actor kNormalForward 1099513724928
I1013 15:27:50.243247 24916 runtime_context.cpp:29] DecreaseCounter constructing_actor_cnt, current val is 369
I1013 15:27:50.242044 24910 naive_actor.cpp:25] actor 1099517919232 switch to &NaiveActor::HandlerNormal
I1013 15:27:50.245146 24910 thread.cpp:96] Thread 524291 construct Actor kNormalForward 1099517919232
I1013 15:27:50.243378 24920 runtime_context.cpp:29] DecreaseCounter constructing_actor_cnt, current val is 368
I1013 15:27:50.245214 24910 runtime_context.cpp:29] DecreaseCounter constructing_actor_cnt, current val is 355
I1013 15:27:50.243477 24923 runtime_context.cpp:29] DecreaseCounter constructing_actor_cnt, current val is 367
I1013 15:27:50.242166 24924 naive_actor.cpp:25] actor 1099547279360 switch to &NaiveActor::HandlerNormal
I1013 15:27:50.245405 24924 thread.cpp:96] Thread 524305 construct Actor kForeignInput 1099547279360
I1013 15:27:50.243782 24911 runtime_context.cpp:29] DecreaseCounter constructing_actor_cnt, current val is 364
I1013 15:27:50.243858 24915 runtime_context.cpp:29] DecreaseCounter constructing_actor_cnt, current val is 363
I1013 15:27:50.242317 24918 naive_actor.cpp:25] actor 1099534696448 switch to &NaiveActor::HandlerNormal
I1013 15:27:50.243978 24917 runtime_context.cpp:29] DecreaseCounter constructing_actor_cnt, current val is 362
I1013 15:27:50.244072 24945 runtime_context.cpp:29] DecreaseCounter constructing_actor_cnt, current val is 361
I1013 15:27:50.244196 24931 thread.cpp:96] Thread 524339 construct Actor kCallbackNotify 1099618582528
I1013 15:27:50.242633 24921 runtime_context.cpp:29] DecreaseCounter constructing_actor_cnt, current val is 373
I1013 15:27:50.245908 24945 naive_actor.cpp:25] actor 2199025352708 switch to &NaiveActor::HandlerNormal
I1013 15:27:50.245944 24945 thread.cpp:96] Thread 1048577 construct Actor kCopyHd 2199025352708
I1013 15:27:50.242969 24913 runtime_context.cpp:29] DecreaseCounter constructing_actor_cnt, current val is 371
I1013 15:27:50.244561 24927 runtime_context.cpp:29] DecreaseCounter constructing_actor_cnt, current val is 358
I1013 15:27:50.243088 24926 runtime_context.cpp:29] DecreaseCounter constructing_actor_cnt, current val is 370
I1013 15:27:50.241993 24919 naive_actor.cpp:25] actor 1099536793600 switch to &NaiveActor::HandlerNormal
I1013 15:27:50.246439 24919 thread.cpp:96] Thread 524300 construct Actor kNormalForward 1099536793600
I1013 15:27:50.244904 24929 naive_actor.cpp:25] actor 1099614388225 switch to &NaiveActor::HandlerNormal
I1013 15:27:50.246542 24929 thread.cpp:96] Thread 524337 construct Actor kSrcSubsetTick 1099614388225
I1013 15:27:50.241509 24912 runtime_context.cpp:29] DecreaseCounter constructing_actor_cnt, current val is 375
I1013 15:27:50.245492 24924 runtime_context.cpp:29] DecreaseCounter constructing_actor_cnt, current val is 354
I1013 15:27:50.245874 24931 runtime_context.cpp:29] DecreaseCounter constructing_actor_cnt, current val is 353
I1013 15:27:50.242679 24943 thread.cpp:96] Thread 1048576 construct Actor kNormalForward 2199023255576
I1013 15:27:50.245959 24907 naive_actor.cpp:25] actor 1099511627776 switch to &NaiveActor::HandlerNormal
I1013 15:27:50.246781 24907 thread.cpp:96] Thread 524288 construct Actor kNormalForward 1099511627776
I1013 15:27:50.246063 24945 runtime_context.cpp:29] DecreaseCounter constructing_actor_cnt, current val is 352
I1013 15:27:50.246873 24907 runtime_context.cpp:29] DecreaseCounter constructing_actor_cnt, current val is 348
I1013 15:27:50.244877 24908 runtime_context.cpp:29] DecreaseCounter constructing_actor_cnt, current val is 356
I1013 15:27:50.246546 24919 runtime_context.cpp:29] DecreaseCounter constructing_actor_cnt, current val is 351
I1013 15:27:50.246629 24929 runtime_context.cpp:29] DecreaseCounter constructing_actor_cnt, current val is 350
I1013 15:27:50.246799 24943 runtime_context.cpp:29] DecreaseCounter constructing_actor_cnt, current val is 349
I1013 15:27:50.245685 24918 thread.cpp:96] Thread 524299 construct Actor kForeignInput 1099534696448
I1013 15:27:50.247066 24945 naive_actor.cpp:25] actor 2199025352704 switch to &NaiveActor::HandlerNormal
I1013 15:27:50.247726 24918 runtime_context.cpp:29] DecreaseCounter constructing_actor_cnt, current val is 347
I1013 15:27:50.247740 24945 thread.cpp:96] Thread 1048577 construct Actor kCopyHd 2199025352704
I1013 15:27:50.247509 24929 naive_actor.cpp:25] actor 1099614388224 switch to &NaiveActor::HandlerNormal
I1013 15:27:50.247900 24945 runtime_context.cpp:29] DecreaseCounter constructing_actor_cnt, current val is 346
I1013 15:27:50.247912 24929 thread.cpp:96] Thread 524337 construct Actor kDeviceTick 1099614388224
I1013 15:27:50.247952 24943 naive_actor.cpp:25] actor 2199023255566 switch to &NaiveActor::HandlerNormal
I1013 15:27:50.248095 24929 runtime_context.cpp:29] DecreaseCounter constructing_actor_cnt, current val is 345
I1013 15:27:50.248096 24943 thread.cpp:96] Thread 1048576 construct Actor kNormalForward 2199023255566
I1013 15:27:50.248169 24945 naive_actor.cpp:25] actor 2199025352705 switch to &NaiveActor::HandlerNormal
I1013 15:27:50.248220 24943 runtime_context.cpp:29] DecreaseCounter constructing_actor_cnt, current val is 344
I1013 15:27:50.248248 24945 thread.cpp:96] Thread 1048577 construct Actor kCopyHd 2199025352705
I1013 15:27:50.248335 24945 runtime_context.cpp:29] DecreaseCounter constructing_actor_cnt, current val is 343
I1013 15:27:50.248502 24945 naive_actor.cpp:25] actor 2199025352706 switch to &NaiveActor::HandlerNormal
I1013 15:27:50.248553 24945 thread.cpp:96] Thread 1048577 construct Actor kCopyHd 2199025352706
I1013 15:27:50.248513 24929 naive_actor.cpp:25] actor 1099614388238 switch to &NaiveActor::HandlerNormal
I1013 15:27:50.248611 24945 runtime_context.cpp:29] DecreaseCounter constructing_actor_cnt, current val is 342
I1013 15:27:50.248626 24929 thread.cpp:96] Thread 524337 construct Actor kTick 1099614388238
I1013 15:27:50.248705 24929 runtime_context.cpp:29] DecreaseCounter constructing_actor_cnt, current val is 341
I1013 15:27:50.248740 24945 naive_actor.cpp:25] actor 2199025352709 switch to &NaiveActor::HandlerNormal
I1013 15:27:50.248782 24945 thread.cpp:96] Thread 1048577 construct Actor kCopyHd 2199025352709
I1013 15:27:50.248821 24945 runtime_context.cpp:29] DecreaseCounter constructing_actor_cnt, current val is 340
I1013 15:27:50.248981 24945 naive_actor.cpp:25] actor 2199025352710 switch to &NaiveActor::HandlerNormal
I1013 15:27:50.249029 24945 thread.cpp:96] Thread 1048577 construct Actor kCopyHd 2199025352710
I1013 15:27:50.249073 24945 runtime_context.cpp:29] DecreaseCounter constructing_actor_cnt, current val is 339
I1013 15:27:50.249104 24929 naive_actor.cpp:25] actor 1099614388239 switch to &NaiveActor::HandlerNormal
I1013 15:27:50.249140 24929 thread.cpp:96] Thread 524337 construct Actor kTick 1099614388239
I1013 15:27:50.249197 24929 runtime_context.cpp:29] DecreaseCounter constructing_actor_cnt, current val is 338
I1013 15:27:50.249287 24943 naive_actor.cpp:25] actor 2199023255564 switch to &NaiveActor::HandlerNormal
I1013 15:27:50.249346 24943 thread.cpp:96] Thread 1048576 construct Actor kNormalForward 2199023255564
I1013 15:27:50.249423 24943 runtime_context.cpp:29] DecreaseCounter constructing_actor_cnt, current val is 337
I1013 15:27:50.249522 24929 naive_actor.cpp:25] actor 1099614388236 switch to &NaiveActor::HandlerNormal
I1013 15:27:50.249614 24929 thread.cpp:96] Thread 524337 construct Actor kTick 1099614388236
I1013 15:27:50.249708 24929 runtime_context.cpp:29] DecreaseCounter constructing_actor_cnt, current val is 336
I1013 15:27:50.250187 24929 esac_actor.cpp:73] actor 1099614388321 switch to &EsacActor::HandlerNormal
I1013 15:27:50.250243 24929 thread.cpp:96] Thread 524337 construct Actor kEsac 1099614388321
I1013 15:27:50.250319 24929 runtime_context.cpp:29] DecreaseCounter constructing_actor_cnt, current val is 335
I1013 15:27:50.250444 24943 naive_actor.cpp:25] actor 2199023255587 switch to &NaiveActor::HandlerNormal
I1013 15:27:50.250500 24943 thread.cpp:96] Thread 1048576 construct Actor kNormalForward 2199023255587
I1013 15:27:50.250591 24943 runtime_context.cpp:29] DecreaseCounter constructing_actor_cnt, current val is 334
I1013 15:27:50.250672 24929 naive_actor.cpp:25] actor 1099614388320 switch to &NaiveActor::HandlerNormal
I1013 15:27:50.250725 24929 thread.cpp:96] Thread 524337 construct Actor kTick 1099614388320
I1013 15:27:50.250905 24929 runtime_context.cpp:29] DecreaseCounter constructing_actor_cnt, current val is 333
I1013 15:27:50.250933 24943 naive_actor.cpp:25] actor 2199023255553 switch to &NaiveActor::HandlerNormal
I1013 15:27:50.250989 24943 thread.cpp:96] Thread 1048576 construct Actor kNormalForward 2199023255553
I1013 15:27:50.251052 24943 runtime_context.cpp:29] DecreaseCounter constructing_actor_cnt, current val is 332
I1013 15:27:50.251260 24929 naive_actor.cpp:25] actor 1099614388230 switch to &NaiveActor::HandlerNormal
I1013 15:27:50.251318 24929 thread.cpp:96] Thread 524337 construct Actor kTick 1099614388230
I1013 15:27:50.251382 24929 runtime_context.cpp:29] DecreaseCounter constructing_actor_cnt, current val is 331
I1013 15:27:50.251749 24929 naive_actor.cpp:25] actor 1099614388229 switch to &NaiveActor::HandlerNormal
I1013 15:27:50.251799 24929 thread.cpp:96] Thread 524337 construct Actor kDstSubsetTick 1099614388229
I1013 15:27:50.251868 24929 runtime_context.cpp:29] DecreaseCounter constructing_actor_cnt, current val is 330
I1013 15:27:50.251987 24943 naive_actor.cpp:25] actor 2199023255577 switch to &NaiveActor::HandlerNormal
I1013 15:27:50.252041 24943 thread.cpp:96] Thread 1048576 construct Actor kNormalForward 2199023255577
I1013 15:27:50.252111 24943 runtime_context.cpp:29] DecreaseCounter constructing_actor_cnt, current val is 329
I1013 15:27:50.252193 24929 naive_actor.cpp:25] actor 1099614388231 switch to &NaiveActor::HandlerNormal
I1013 15:27:50.252244 24929 thread.cpp:96] Thread 524337 construct Actor kTick 1099614388231
I1013 15:27:50.252301 24929 runtime_context.cpp:29] DecreaseCounter constructing_actor_cnt, current val is 328
I1013 15:27:50.252442 24943 naive_actor.cpp:25] actor 2199023255581 switch to &NaiveActor::HandlerNormal
I1013 15:27:50.252492 24943 thread.cpp:96] Thread 1048576 construct Actor kNormalForward 2199023255581
I1013 15:27:50.252562 24943 runtime_context.cpp:29] DecreaseCounter constructing_actor_cnt, current val is 327
I1013 15:27:50.252655 24929 naive_actor.cpp:25] actor 1099614388228 switch to &NaiveActor::HandlerNormal
I1013 15:27:50.252702 24929 thread.cpp:96] Thread 524337 construct Actor kTick 1099614388228
I1013 15:27:50.252759 24929 runtime_context.cpp:29] DecreaseCounter constructing_actor_cnt, current val is 326
I1013 15:27:50.253078 24929 naive_actor.cpp:25] actor 1099614388234 switch to &NaiveActor::HandlerNormal
I1013 15:27:50.253125 24929 thread.cpp:96] Thread 524337 construct Actor kSrcSubsetTick 1099614388234
I1013 15:27:50.253181 24929 runtime_context.cpp:29] DecreaseCounter constructing_actor_cnt, current val is 325
I1013 15:27:50.253481 24943 naive_actor.cpp:25] actor 2199023255574 switch to &NaiveActor::HandlerNormal
I1013 15:27:50.253500 24929 naive_actor.cpp:25] actor 1099614388237 switch to &NaiveActor::HandlerNormal
I1013 15:27:50.253537 24943 thread.cpp:96] Thread 1048576 construct Actor kNormalForward 2199023255574
I1013 15:27:50.253579 24929 thread.cpp:96] Thread 524337 construct Actor kDstSubsetTick 1099614388237
I1013 15:27:50.253652 24943 runtime_context.cpp:29] DecreaseCounter constructing_actor_cnt, current val is 324
I1013 15:27:50.253659 24929 runtime_context.cpp:29] DecreaseCounter constructing_actor_cnt, current val is 323
I1013 15:27:50.254058 24929 naive_actor.cpp:25] actor 1099614388246 switch to &NaiveActor::HandlerNormal
I1013 15:27:50.254106 24929 thread.cpp:96] Thread 524337 construct Actor kDstSubsetTick 1099614388246
I1013 15:27:50.254165 24929 runtime_context.cpp:29] DecreaseCounter constructing_actor_cnt, current val is 322
I1013 15:27:50.254427 24943 naive_actor.cpp:25] actor 2199023255584 switch to &NaiveActor::HandlerNormal
I1013 15:27:50.254456 24929 naive_actor.cpp:25] actor 1099614388240 switch to &NaiveActor::HandlerNormal
I1013 15:27:50.254478 24943 thread.cpp:96] Thread 1048576 construct Actor kNormalForward 2199023255584
I1013 15:27:50.254505 24929 thread.cpp:96] Thread 524337 construct Actor kTick 1099614388240
I1013 15:27:50.254599 24929 runtime_context.cpp:29] DecreaseCounter constructing_actor_cnt, current val is 321
I1013 15:27:50.254599 24943 runtime_context.cpp:29] DecreaseCounter constructing_actor_cnt, current val is 320
I1013 15:27:50.254940 24929 naive_actor.cpp:25] actor 1099614388247 switch to &NaiveActor::HandlerNormal
I1013 15:27:50.254967 24943 naive_actor.cpp:25] actor 2199023255598 switch to &NaiveActor::HandlerNormal
I1013 15:27:50.254997 24929 thread.cpp:96] Thread 524337 construct Actor kTick 1099614388247
I1013 15:27:50.255017 24943 thread.cpp:96] Thread 1048576 construct Actor kNormalForward 2199023255598
I1013 15:27:50.255074 24929 runtime_context.cpp:29] DecreaseCounter constructing_actor_cnt, current val is 319
I1013 15:27:50.255093 24943 runtime_context.cpp:29] DecreaseCounter constructing_actor_cnt, current val is 318
I1013 15:27:50.255357 24929 naive_actor.cpp:25] actor 1099614388241 switch to &NaiveActor::HandlerNormal
I1013 15:27:50.255406 24929 thread.cpp:96] Thread 524337 construct Actor kDeviceTick 1099614388241
I1013 15:27:50.255460 24929 runtime_context.cpp:29] DecreaseCounter constructing_actor_cnt, current val is 317
I1013 15:27:50.255837 24929 naive_actor.cpp:25] actor 1099614388319 switch to &NaiveActor::HandlerNormal
I1013 15:27:50.255884 24929 thread.cpp:96] Thread 524337 construct Actor kTick 1099614388319
I1013 15:27:50.255941 24929 runtime_context.cpp:29] DecreaseCounter constructing_actor_cnt, current val is 316
I1013 15:27:50.256028 24943 naive_actor.cpp:25] actor 2199023255554 switch to &NaiveActor::HandlerNormal
I1013 15:27:50.256078 24943 thread.cpp:96] Thread 1048576 construct Actor kNormalForward 2199023255554
I1013 15:27:50.256145 24943 runtime_context.cpp:29] DecreaseCounter constructing_actor_cnt, current val is 315
I1013 15:27:50.256240 24929 naive_actor.cpp:25] actor 1099614388242 switch to &NaiveActor::HandlerNormal
I1013 15:27:50.256286 24929 thread.cpp:96] Thread 524337 construct Actor kSrcSubsetTick 1099614388242
I1013 15:27:50.256340 24929 runtime_context.cpp:29] DecreaseCounter constructing_actor_cnt, current val is 314
I1013 15:27:50.256449 24943 naive_actor.cpp:25] actor 2199023255563 switch to &NaiveActor::HandlerNormal
I1013 15:27:50.256497 24943 thread.cpp:96] Thread 1048576 construct Actor kNormalForward 2199023255563
I1013 15:27:50.256553 24943 runtime_context.cpp:29] DecreaseCounter constructing_actor_cnt, current val is 313
I1013 15:27:50.256654 24929 naive_actor.cpp:25] actor 1099614388245 switch to &NaiveActor::HandlerNormal
I1013 15:27:50.256700 24929 thread.cpp:96] Thread 524337 construct Actor kTick 1099614388245
I1013 15:27:50.256752 24929 runtime_context.cpp:29] DecreaseCounter constructing_actor_cnt, current val is 312
I1013 15:27:50.257028 24929 naive_actor.cpp:25] actor 1099614388248 switch to &NaiveActor::HandlerNormal
I1013 15:27:50.257076 24929 thread.cpp:96] Thread 524337 construct Actor kTick 1099614388248
I1013 15:27:50.257138 24929 runtime_context.cpp:29] DecreaseCounter constructing_actor_cnt, current val is 311
I1013 15:27:50.257422 24929 naive_actor.cpp:25] actor 1099614388249 switch to &NaiveActor::HandlerNormal
I1013 15:27:50.257422 24943 naive_actor.cpp:25] actor 2199023255558 switch to &NaiveActor::HandlerNormal
I1013 15:27:50.257477 24929 thread.cpp:96] Thread 524337 construct Actor kTick 1099614388249
I1013 15:27:50.257503 24943 thread.cpp:96] Thread 1048576 construct Actor kNormalForward 2199023255558
I1013 15:27:50.257558 24929 runtime_context.cpp:29] DecreaseCounter constructing_actor_cnt, current val is 310
I1013 15:27:50.257601 24943 runtime_context.cpp:29] DecreaseCounter constructing_actor_cnt, current val is 309
I1013 15:27:50.257848 24929 naive_actor.cpp:25] actor 1099614388256 switch to &NaiveActor::HandlerNormal
I1013 15:27:50.257894 24929 thread.cpp:96] Thread 524337 construct Actor kTick 1099614388256
I1013 15:27:50.257956 24929 runtime_context.cpp:29] DecreaseCounter constructing_actor_cnt, current val is 308
I1013 15:27:50.258226 24929 naive_actor.cpp:25] actor 1099614388315 switch to &NaiveActor::HandlerNormal
I1013 15:27:50.258275 24929 thread.cpp:96] Thread 524337 construct Actor kTick 1099614388315
I1013 15:27:50.258411 24943 naive_actor.cpp:25] actor 2199023255602 switch to &NaiveActor::HandlerNormal
I1013 15:27:50.258426 24929 runtime_context.cpp:29] DecreaseCounter constructing_actor_cnt, current val is 307
I1013 15:27:50.258451 24943 thread.cpp:96] Thread 1048576 construct Actor kNormalForward 2199023255602
I1013 15:27:50.258574 24943 runtime_context.cpp:29] DecreaseCounter constructing_actor_cnt, current val is 306
I1013 15:27:50.258778 24929 naive_actor.cpp:25] actor 1099614388250 switch to &NaiveActor::HandlerNormal
I1013 15:27:50.258826 24929 thread.cpp:96] Thread 524337 construct Actor kDeviceTick 1099614388250
I1013 15:27:50.258879 24929 runtime_context.cpp:29] DecreaseCounter constructing_actor_cnt, current val is 305
I1013 15:27:50.259152 24929 naive_actor.cpp:25] actor 1099614388254 switch to &NaiveActor::HandlerNormal
I1013 15:27:50.259199 24929 thread.cpp:96] Thread 524337 construct Actor kTick 1099614388254
I1013 15:27:50.259250 24929 runtime_context.cpp:29] DecreaseCounter constructing_actor_cnt, current val is 304
I1013 15:27:50.259415 24943 naive_actor.cpp:25] actor 2199023255589 switch to &NaiveActor::HandlerNormal
I1013 15:27:50.259466 24943 thread.cpp:96] Thread 1048576 construct Actor kNormalForward 2199023255589
I1013 15:27:50.259531 24943 runtime_context.cpp:29] DecreaseCounter constructing_actor_cnt, current val is 303
I1013 15:27:50.259538 24929 naive_actor.cpp:25] actor 1099614388251 switch to &NaiveActor::HandlerNormal
I1013 15:27:50.259603 24929 thread.cpp:96] Thread 524337 construct Actor kSrcSubsetTick 1099614388251
I1013 15:27:50.259656 24929 runtime_context.cpp:29] DecreaseCounter constructing_actor_cnt, current val is 302
I1013 15:27:50.259938 24929 naive_actor.cpp:25] actor 1099614388257 switch to &NaiveActor::HandlerNormal
I1013 15:27:50.259986 24929 thread.cpp:96] Thread 524337 construct Actor kTick 1099614388257
I1013 15:27:50.260046 24929 runtime_context.cpp:29] DecreaseCounter constructing_actor_cnt, current val is 301
I1013 15:27:50.260313 24943 naive_actor.cpp:25] actor 2199023255644 switch to &NaiveActor::HandlerNormal
I1013 15:27:50.260365 24943 thread.cpp:96] Thread 1048576 construct Actor kNormalForward 2199023255644
I1013 15:27:50.260388 24929 naive_actor.cpp:25] actor 1099614388255 switch to &NaiveActor::HandlerNormal
I1013 15:27:50.260421 24929 thread.cpp:96] Thread 524337 construct Actor kDstSubsetTick 1099614388255
I1013 15:27:50.260426 24943 runtime_context.cpp:29] DecreaseCounter constructing_actor_cnt, current val is 300
I1013 15:27:50.260488 24929 runtime_context.cpp:29] DecreaseCounter constructing_actor_cnt, current val is 299
I1013 15:27:50.260784 24929 naive_actor.cpp:25] actor 1099614388263 switch to &NaiveActor::HandlerNormal
I1013 15:27:50.260833 24929 thread.cpp:96] Thread 524337 construct Actor kTick 1099614388263
I1013 15:27:50.260886 24929 runtime_context.cpp:29] DecreaseCounter constructing_actor_cnt, current val is 298
I1013 15:27:50.261176 24929 naive_actor.cpp:25] actor 1099614388258 switch to &NaiveActor::HandlerNormal
I1013 15:27:50.261222 24929 thread.cpp:96] Thread 524337 construct Actor kTick 1099614388258
I1013 15:27:50.261257 24943 naive_actor.cpp:25] actor 2199023255560 switch to &NaiveActor::HandlerNormal
I1013 15:27:50.261274 24929 runtime_context.cpp:29] DecreaseCounter constructing_actor_cnt, current val is 297
I1013 15:27:50.261296 24943 thread.cpp:96] Thread 1048576 construct Actor kNormalForward 2199023255560
I1013 15:27:50.261377 24943 runtime_context.cpp:29] DecreaseCounter constructing_actor_cnt, current val is 296
I1013 15:27:50.261593 24929 naive_actor.cpp:25] actor 1099614388260 switch to &NaiveActor::HandlerNormal
I1013 15:27:50.261641 24929 thread.cpp:96] Thread 524337 construct Actor kSrcSubsetTick 1099614388260
I1013 15:27:50.261693 24929 runtime_context.cpp:29] DecreaseCounter constructing_actor_cnt, current val is 295
I1013 15:27:50.261695 24943 naive_actor.cpp:25] actor 2199023255571 switch to &NaiveActor::HandlerNormal
I1013 15:27:50.261763 24943 thread.cpp:96] Thread 1048576 construct Actor kNormalForward 2199023255571
I1013 15:27:50.261886 24943 runtime_context.cpp:29] DecreaseCounter constructing_actor_cnt, current val is 294
I1013 15:27:50.262006 24929 naive_actor.cpp:25] actor 1099614388259 switch to &NaiveActor::HandlerNormal
I1013 15:27:50.262058 24929 thread.cpp:96] Thread 524337 construct Actor kDeviceTick 1099614388259
I1013 15:27:50.262111 24929 runtime_context.cpp:29] DecreaseCounter constructing_actor_cnt, current val is 293
I1013 15:27:50.262473 24929 naive_actor.cpp:25] actor 1099614388264 switch to &NaiveActor::HandlerNormal
I1013 15:27:50.262521 24929 thread.cpp:96] Thread 524337 construct Actor kDstSubsetTick 1099614388264
I1013 15:27:50.262591 24929 runtime_context.cpp:29] DecreaseCounter constructing_actor_cnt, current val is 292
I1013 15:27:50.262706 24943 naive_actor.cpp:25] actor 2199023255562 switch to &NaiveActor::HandlerNormal
I1013 15:27:50.262754 24943 thread.cpp:96] Thread 1048576 construct Actor kNormalForward 2199023255562
I1013 15:27:50.262815 24943 runtime_context.cpp:29] DecreaseCounter constructing_actor_cnt, current val is 291
I1013 15:27:50.262894 24929 naive_actor.cpp:25] actor 1099614388266 switch to &NaiveActor::HandlerNormal
I1013 15:27:50.262938 24929 thread.cpp:96] Thread 524337 construct Actor kTick 1099614388266
I1013 15:27:50.263000 24929 runtime_context.cpp:29] DecreaseCounter constructing_actor_cnt, current val is 290
I1013 15:27:50.263113 24943 naive_actor.cpp:25] actor 2199023255578 switch to &NaiveActor::HandlerNormal
I1013 15:27:50.263157 24943 thread.cpp:96] Thread 1048576 construct Actor kNormalForward 2199023255578
I1013 15:27:50.263211 24943 runtime_context.cpp:29] DecreaseCounter constructing_actor_cnt, current val is 289
I1013 15:27:50.263298 24929 naive_actor.cpp:25] actor 1099614388265 switch to &NaiveActor::HandlerNormal
I1013 15:27:50.263345 24929 thread.cpp:96] Thread 524337 construct Actor kTick 1099614388265
I1013 15:27:50.263397 24929 runtime_context.cpp:29] DecreaseCounter constructing_actor_cnt, current val is 288
I1013 15:27:50.263501 24943 naive_actor.cpp:25] actor 2199023255604 switch to &NaiveActor::HandlerNormal
I1013 15:27:50.263545 24943 thread.cpp:96] Thread 1048576 construct Actor kNormalForward 2199023255604
I1013 15:27:50.263607 24943 runtime_context.cpp:29] DecreaseCounter constructing_actor_cnt, current val is 287
I1013 15:27:50.263715 24929 naive_actor.cpp:25] actor 1099614388268 switch to &NaiveActor::HandlerNormal
I1013 15:27:50.263761 24929 thread.cpp:96] Thread 524337 construct Actor kSrcSubsetTick 1099614388268
I1013 15:27:50.263813 24929 runtime_context.cpp:29] DecreaseCounter constructing_actor_cnt, current val is 286
I1013 15:27:50.263887 24943 naive_actor.cpp:25] actor 2199023255561 switch to &NaiveActor::HandlerNormal
I1013 15:27:50.263931 24943 thread.cpp:96] Thread 1048576 construct Actor kNormalForward 2199023255561
I1013 15:27:50.263991 24943 runtime_context.cpp:29] DecreaseCounter constructing_actor_cnt, current val is 285
I1013 15:27:50.264111 24929 naive_actor.cpp:25] actor 1099614388281 switch to &NaiveActor::HandlerNormal
I1013 15:27:50.264155 24929 thread.cpp:96] Thread 524337 construct Actor kTick 1099614388281
I1013 15:27:50.264204 24929 runtime_context.cpp:29] DecreaseCounter constructing_actor_cnt, current val is 284
I1013 15:27:50.264468 24929 naive_actor.cpp:25] actor 1099614388318 switch to &NaiveActor::HandlerNormal
I1013 15:27:50.264513 24929 thread.cpp:96] Thread 524337 construct Actor kTick 1099614388318
I1013 15:27:50.264581 24929 runtime_context.cpp:29] DecreaseCounter constructing_actor_cnt, current val is 283
I1013 15:27:50.264799 24943 naive_actor.cpp:25] actor 2199023255556 switch to &NaiveActor::HandlerNormal
I1013 15:27:50.264847 24943 thread.cpp:96] Thread 1048576 construct Actor kNormalForward 2199023255556
I1013 15:27:50.264863 24929 naive_actor.cpp:25] actor 1099614388317 switch to &NaiveActor::HandlerNormal
I1013 15:27:50.264899 24929 thread.cpp:96] Thread 524337 construct Actor kTick 1099614388317
I1013 15:27:50.264914 24943 runtime_context.cpp:29] DecreaseCounter constructing_actor_cnt, current val is 282
I1013 15:27:50.264945 24929 runtime_context.cpp:29] DecreaseCounter constructing_actor_cnt, current val is 281
I1013 15:27:50.265272 24929 naive_actor.cpp:25] actor 1099614388271 switch to &NaiveActor::HandlerNormal
I1013 15:27:50.265322 24929 thread.cpp:96] Thread 524337 construct Actor kTick 1099614388271
I1013 15:27:50.265381 24929 runtime_context.cpp:29] DecreaseCounter constructing_actor_cnt, current val is 280
I1013 15:27:50.265651 24929 naive_actor.cpp:25] actor 1099614388267 switch to &NaiveActor::HandlerNormal
I1013 15:27:50.265666 24943 naive_actor.cpp:25] actor 2199023255575 switch to &NaiveActor::HandlerNormal
I1013 15:27:50.265702 24929 thread.cpp:96] Thread 524337 construct Actor kDeviceTick 1099614388267
I1013 15:27:50.265729 24943 thread.cpp:96] Thread 1048576 construct Actor kNormalForward 2199023255575
I1013 15:27:50.265780 24929 runtime_context.cpp:29] DecreaseCounter constructing_actor_cnt, current val is 279
I1013 15:27:50.265800 24943 runtime_context.cpp:29] DecreaseCounter constructing_actor_cnt, current val is 278
I1013 15:27:50.266085 24929 naive_actor.cpp:25] actor 1099614388272 switch to &NaiveActor::HandlerNormal
I1013 15:27:50.266131 24929 thread.cpp:96] Thread 524337 construct Actor kDstSubsetTick 1099614388272
I1013 15:27:50.266183 24929 runtime_context.cpp:29] DecreaseCounter constructing_actor_cnt, current val is 277
I1013 15:27:50.266430 24943 naive_actor.cpp:25] actor 2199023255565 switch to &NaiveActor::HandlerNormal
I1013 15:27:50.266436 24929 naive_actor.cpp:25] actor 1099614388274 switch to &NaiveActor::HandlerNormal
I1013 15:27:50.266479 24943 thread.cpp:96] Thread 1048576 construct Actor kNormalForward 2199023255565
I1013 15:27:50.266503 24929 thread.cpp:96] Thread 524337 construct Actor kTick 1099614388274
I1013 15:27:50.266562 24943 runtime_context.cpp:29] DecreaseCounter constructing_actor_cnt, current val is 276
I1013 15:27:50.266582 24929 runtime_context.cpp:29] DecreaseCounter constructing_actor_cnt, current val is 275
I1013 15:27:50.266849 24943 naive_actor.cpp:25] actor 2199023255568 switch to &NaiveActor::HandlerNormal
I1013 15:27:50.266857 24929 naive_actor.cpp:25] actor 1099614388273 switch to &NaiveActor::HandlerNormal
I1013 15:27:50.266894 24943 thread.cpp:96] Thread 1048576 construct Actor kNormalForward 2199023255568
I1013 15:27:50.266917 24929 thread.cpp:96] Thread 524337 construct Actor kTick 1099614388273
I1013 15:27:50.266973 24943 runtime_context.cpp:29] DecreaseCounter constructing_actor_cnt, current val is 274
I1013 15:27:50.266983 24929 runtime_context.cpp:29] DecreaseCounter constructing_actor_cnt, current val is 273
I1013 15:27:50.267262 24929 naive_actor.cpp:25] actor 1099614388277 switch to &NaiveActor::HandlerNormal
I1013 15:27:50.267307 24929 thread.cpp:96] Thread 524337 construct Actor kSrcSubsetTick 1099614388277
I1013 15:27:50.267357 24929 runtime_context.cpp:29] DecreaseCounter constructing_actor_cnt, current val is 272
I1013 15:27:50.267653 24929 naive_actor.cpp:25] actor 1099614388280 switch to &NaiveActor::HandlerNormal
I1013 15:27:50.267699 24929 thread.cpp:96] Thread 524337 construct Actor kDstSubsetTick 1099614388280
I1013 15:27:50.267750 24929 runtime_context.cpp:29] DecreaseCounter constructing_actor_cnt, current val is 271
I1013 15:27:50.267776 24943 naive_actor.cpp:25] actor 2199023255579 switch to &NaiveActor::HandlerNormal
I1013 15:27:50.267808 24943 thread.cpp:96] Thread 1048576 construct Actor kNormalForward 2199023255579
I1013 15:27:50.267884 24943 runtime_context.cpp:29] DecreaseCounter constructing_actor_cnt, current val is 270
I1013 15:27:50.268035 24929 naive_actor.cpp:25] actor 1099614388275 switch to &NaiveActor::HandlerNormal
I1013 15:27:50.268080 24929 thread.cpp:96] Thread 524337 construct Actor kTick 1099614388275
I1013 15:27:50.268139 24929 runtime_context.cpp:29] DecreaseCounter constructing_actor_cnt, current val is 269
I1013 15:27:50.268399 24929 naive_actor.cpp:25] actor 1099614388279 switch to &NaiveActor::HandlerNormal
I1013 15:27:50.268445 24929 thread.cpp:96] Thread 524337 construct Actor kTick 1099614388279
I1013 15:27:50.268530 24929 runtime_context.cpp:29] DecreaseCounter constructing_actor_cnt, current val is 268
I1013 15:27:50.268637 24943 naive_actor.cpp:25] actor 2199023255555 switch to &NaiveActor::HandlerNormal
I1013 15:27:50.268693 24943 thread.cpp:96] Thread 1048576 construct Actor kNormalForward 2199023255555
I1013 15:27:50.268752 24943 runtime_context.cpp:29] DecreaseCounter constructing_actor_cnt, current val is 267
I1013 15:27:50.268821 24929 naive_actor.cpp:25] actor 1099614388282 switch to &NaiveActor::HandlerNormal
I1013 15:27:50.268864 24929 thread.cpp:96] Thread 524337 construct Actor kTick 1099614388282
I1013 15:27:50.268923 24929 runtime_context.cpp:29] DecreaseCounter constructing_actor_cnt, current val is 266
I1013 15:27:50.269186 24929 naive_actor.cpp:25] actor 1099614388285 switch to &NaiveActor::HandlerNormal
I1013 15:27:50.269246 24929 thread.cpp:96] Thread 524337 construct Actor kTick 1099614388285
I1013 15:27:50.269295 24929 runtime_context.cpp:29] DecreaseCounter constructing_actor_cnt, current val is 265
I1013 15:27:50.269562 24929 naive_actor.cpp:25] actor 1099614388286 switch to &NaiveActor::HandlerNormal
I1013 15:27:50.269578 24943 naive_actor.cpp:25] actor 2199023255567 switch to &NaiveActor::HandlerNormal
I1013 15:27:50.269618 24929 thread.cpp:96] Thread 524337 construct Actor kTick 1099614388286
I1013 15:27:50.269644 24943 thread.cpp:96] Thread 1048576 construct Actor kNormalForward 2199023255567
I1013 15:27:50.269696 24929 runtime_context.cpp:29] DecreaseCounter constructing_actor_cnt, current val is 264
I1013 15:27:50.269722 24943 runtime_context.cpp:29] DecreaseCounter constructing_actor_cnt, current val is 263
I1013 15:27:50.269960 24929 naive_actor.cpp:25] actor 1099614388295 switch to &NaiveActor::HandlerNormal
I1013 15:27:50.270007 24929 thread.cpp:96] Thread 524337 construct Actor kTick 1099614388295
I1013 15:27:50.270056 24929 runtime_context.cpp:29] DecreaseCounter constructing_actor_cnt, current val is 262
I1013 15:27:50.270306 24929 naive_actor.cpp:25] actor 1099614388296 switch to &NaiveActor::HandlerNormal
I1013 15:27:50.270350 24929 thread.cpp:96] Thread 524337 construct Actor kTick 1099614388296
I1013 15:27:50.270383 24943 naive_actor.cpp:25] actor 2199023255580 switch to &NaiveActor::HandlerNormal
I1013 15:27:50.270407 24929 runtime_context.cpp:29] DecreaseCounter constructing_actor_cnt, current val is 261
I1013 15:27:50.270416 24943 thread.cpp:96] Thread 1048576 construct Actor kNormalForward 2199023255580
I1013 15:27:50.270486 24943 runtime_context.cpp:29] DecreaseCounter constructing_actor_cnt, current val is 260
I1013 15:27:50.270687 24929 naive_actor.cpp:25] actor 1099614388287 switch to &NaiveActor::HandlerNormal
I1013 15:27:50.270731 24929 thread.cpp:96] Thread 524337 construct Actor kTick 1099614388287
I1013 15:27:50.270779 24929 runtime_context.cpp:29] DecreaseCounter constructing_actor_cnt, current val is 259
I1013 15:27:50.271049 24929 naive_actor.cpp:25] actor 1099614388289 switch to &NaiveActor::HandlerNormal
I1013 15:27:50.271093 24929 thread.cpp:96] Thread 524337 construct Actor kTick 1099614388289
I1013 15:27:50.271142 24929 runtime_context.cpp:29] DecreaseCounter constructing_actor_cnt, current val is 258
I1013 15:27:50.271301 24943 naive_actor.cpp:25] actor 2199023255594 switch to &NaiveActor::HandlerNormal
I1013 15:27:50.271348 24943 thread.cpp:96] Thread 1048576 construct Actor kNormalForward 2199023255594
I1013 15:27:50.271404 24929 naive_actor.cpp:25] actor 1099614388288 switch to &NaiveActor::HandlerNormal
I1013 15:27:50.271409 24943 runtime_context.cpp:29] DecreaseCounter constructing_actor_cnt, current val is 257
I1013 15:27:50.271437 24929 thread.cpp:96] Thread 524337 construct Actor kTick 1099614388288
I1013 15:27:50.271503 24929 runtime_context.cpp:29] DecreaseCounter constructing_actor_cnt, current val is 256
I1013 15:27:50.271723 24943 naive_actor.cpp:25] actor 2199023255593 switch to &NaiveActor::HandlerNormal
I1013 15:27:50.271767 24943 thread.cpp:96] Thread 1048576 construct Actor kNormalForward 2199023255593
I1013 15:27:50.271827 24929 reentrant_lock_actor.cpp:76] actor 1099614388283 switch to &ReentrantLockActor::HandlerNormal
I1013 15:27:50.271893 24929 thread.cpp:96] Thread 524337 construct Actor kReentrantLock 1099614388283
I1013 15:27:50.271905 24943 runtime_context.cpp:29] DecreaseCounter constructing_actor_cnt, current val is 255
I1013 15:27:50.271946 24929 runtime_context.cpp:29] DecreaseCounter constructing_actor_cnt, current val is 254
I1013 15:27:50.272231 24929 naive_actor.cpp:25] actor 1099614388293 switch to &NaiveActor::HandlerNormal
I1013 15:27:50.272277 24929 thread.cpp:96] Thread 524337 construct Actor kTick 1099614388293
I1013 15:27:50.272326 24929 runtime_context.cpp:29] DecreaseCounter constructing_actor_cnt, current val is 253
