I1014 10:55:01.232477 14962 naive_actor.cpp:25] actor 1099614388253 switch to &NaiveActor::HandlerNormal
I1014 10:55:01.232578 14962 thread.cpp:96] Thread 524337 construct Actor kTick 1099614388253
I1014 10:55:01.232645 14962 runtime_context.cpp:29] DecreaseCounter constructing_actor_cnt, current val is 651
I1014 10:55:01.233078 14962 naive_actor.cpp:25] actor 1099614388252 switch to &NaiveActor::HandlerNormal
I1014 10:55:01.233131 14962 thread.cpp:96] Thread 524337 construct Actor kDstSubsetTick 1099614388252
I1014 10:55:01.233184 14969 naive_actor.cpp:25] actor 2199023255575 switch to &NaiveActor::HandlerNormal
I1014 10:55:01.233217 14962 runtime_context.cpp:29] DecreaseCounter constructing_actor_cnt, current val is 650
I1014 10:55:01.233222 14969 thread.cpp:96] Thread 1048576 construct Actor kNormalForward 2199023255575
I1014 10:55:01.233310 14969 runtime_context.cpp:29] DecreaseCounter constructing_actor_cnt, current val is 649
I1014 10:55:01.233544 14975 naive_actor.cpp:25] actor 2207613190146 switch to &NaiveActor::HandlerNormal
I1014 10:55:01.233611 14975 thread.cpp:96] Thread 1052672 construct Actor kNormalForward 2207613190146
I1014 10:55:01.233645 14962 naive_actor.cpp:25] actor 1099614388248 switch to &NaiveActor::HandlerNormal
I1014 10:55:01.233697 14975 runtime_context.cpp:29] DecreaseCounter constructing_actor_cnt, current val is 648
I1014 10:55:01.233705 14962 thread.cpp:96] Thread 524337 construct Actor kSrcSubsetTick 1099614388248
I1014 10:55:01.233814 14962 runtime_context.cpp:29] DecreaseCounter constructing_actor_cnt, current val is 647
I1014 10:55:01.234191 14969 naive_actor.cpp:25] actor 2199023255591 switch to &NaiveActor::HandlerNormal
I1014 10:55:01.234194 14962 naive_actor.cpp:25] actor 1099614388254 switch to &NaiveActor::HandlerNormal
I1014 10:55:01.234232 14969 thread.cpp:96] Thread 1048576 construct Actor kNormalForward 2199023255591
I1014 10:55:01.234277 14962 thread.cpp:96] Thread 524337 construct Actor kTick 1099614388254
I1014 10:55:01.234319 14969 runtime_context.cpp:29] DecreaseCounter constructing_actor_cnt, current val is 646
I1014 10:55:01.234354 14962 runtime_context.cpp:29] DecreaseCounter constructing_actor_cnt, current val is 645
I1014 10:55:01.234968 14962 esac_actor.cpp:73] actor 1099614388332 switch to &EsacActor::HandlerNormal
I1014 10:55:01.234968 14975 naive_actor.cpp:25] actor 2207613190151 switch to &NaiveActor::HandlerNormal
I1014 10:55:01.235026 14962 thread.cpp:96] Thread 524337 construct Actor kEsac 1099614388332
I1014 10:55:01.235070 14975 thread.cpp:96] Thread 1052672 construct Actor kNormalForward 2207613190151
I1014 10:55:01.235113 14969 naive_actor.cpp:25] actor 2199023255554 switch to &NaiveActor::HandlerNormal
I1014 10:55:01.235184 14975 runtime_context.cpp:29] DecreaseCounter constructing_actor_cnt, current val is 643
I1014 10:55:01.235159 14962 runtime_context.cpp:29] DecreaseCounter constructing_actor_cnt, current val is 644
I1014 10:55:01.235194 14969 thread.cpp:96] Thread 1048576 construct Actor kNormalForward 2199023255554
I1014 10:55:01.235303 14969 runtime_context.cpp:29] DecreaseCounter constructing_actor_cnt, current val is 642
I1014 10:55:01.235615 14962 naive_actor.cpp:25] actor 1099614388247 switch to &NaiveActor::HandlerNormal
I1014 10:55:01.235661 14962 thread.cpp:96] Thread 524337 construct Actor kDeviceTick 1099614388247
I1014 10:55:01.235675 14975 naive_actor.cpp:25] actor 2207613190161 switch to &NaiveActor::HandlerNormal
I1014 10:55:01.235796 14975 thread.cpp:96] Thread 1052672 construct Actor kNormalForward 2207613190161
I1014 10:55:01.235814 14962 runtime_context.cpp:29] DecreaseCounter constructing_actor_cnt, current val is 641
I1014 10:55:01.235890 14975 runtime_context.cpp:29] DecreaseCounter constructing_actor_cnt, current val is 640
I1014 10:55:01.235925 14969 naive_actor.cpp:25] actor 2199023255552 switch to &NaiveActor::HandlerNormal
I1014 10:55:01.235961 14969 thread.cpp:96] Thread 1048576 construct Actor kNormalForward 2199023255552
I1014 10:55:01.236021 14969 runtime_context.cpp:29] DecreaseCounter constructing_actor_cnt, current val is 639
I1014 10:55:01.236172 14962 naive_actor.cpp:25] actor 1099614388255 switch to &NaiveActor::HandlerNormal
I1014 10:55:01.236225 14962 thread.cpp:96] Thread 524337 construct Actor kTick 1099614388255
I1014 10:55:01.236299 14962 runtime_context.cpp:29] DecreaseCounter constructing_actor_cnt, current val is 638
I1014 10:55:01.236672 14962 naive_actor.cpp:25] actor 1099614388256 switch to &NaiveActor::HandlerNormal
I1014 10:55:01.236723 14962 thread.cpp:96] Thread 524337 construct Actor kDeviceTick 1099614388256
I1014 10:55:01.236779 14962 runtime_context.cpp:29] DecreaseCounter constructing_actor_cnt, current val is 637
I1014 10:55:01.236871 14969 naive_actor.cpp:25] actor 2199023255581 switch to &NaiveActor::HandlerNormal
I1014 10:55:01.236907 14969 thread.cpp:96] Thread 1048576 construct Actor kNormalForward 2199023255581
I1014 10:55:01.236961 14969 runtime_context.cpp:29] DecreaseCounter constructing_actor_cnt, current val is 636
I1014 10:55:01.237008 14975 naive_actor.cpp:25] actor 2207613190172 switch to &NaiveActor::HandlerNormal
I1014 10:55:01.237064 14975 thread.cpp:96] Thread 1052672 construct Actor kNormalForward 2207613190172
I1014 10:55:01.237149 14975 runtime_context.cpp:29] DecreaseCounter constructing_actor_cnt, current val is 635
I1014 10:55:01.237198 14962 naive_actor.cpp:25] actor 1099614388260 switch to &NaiveActor::HandlerNormal
I1014 10:55:01.237267 14962 thread.cpp:96] Thread 524337 construct Actor kTick 1099614388260
I1014 10:55:01.237341 14962 runtime_context.cpp:29] DecreaseCounter constructing_actor_cnt, current val is 634
I1014 10:55:01.237673 14969 naive_actor.cpp:25] actor 2199023255573 switch to &NaiveActor::HandlerNormal
I1014 10:55:01.237674 14962 naive_actor.cpp:25] actor 1099614388263 switch to &NaiveActor::HandlerNormal
I1014 10:55:01.237710 14969 thread.cpp:96] Thread 1048576 construct Actor kNormalForward 2199023255573
I1014 10:55:01.237749 14962 thread.cpp:96] Thread 524337 construct Actor kTick 1099614388263
I1014 10:55:01.237802 14969 runtime_context.cpp:29] DecreaseCounter constructing_actor_cnt, current val is 633
I1014 10:55:01.237824 14962 runtime_context.cpp:29] DecreaseCounter constructing_actor_cnt, current val is 632
I1014 10:55:01.238164 14962 naive_actor.cpp:25] actor 1099614388257 switch to &NaiveActor::HandlerNormal
I1014 10:55:01.238220 14962 thread.cpp:96] Thread 524337 construct Actor kSrcSubsetTick 1099614388257
I1014 10:55:01.238281 14962 runtime_context.cpp:29] DecreaseCounter constructing_actor_cnt, current val is 631
I1014 10:55:01.238621 14962 naive_actor.cpp:25] actor 1099614388298 switch to &NaiveActor::HandlerNormal
I1014 10:55:01.238637 14969 naive_actor.cpp:25] actor 2199023255605 switch to &NaiveActor::HandlerNormal
I1014 10:55:01.238725 14962 thread.cpp:96] Thread 524337 construct Actor kTick 1099614388298
I1014 10:55:01.238754 14969 thread.cpp:96] Thread 1048576 construct Actor kNormalForward 2199023255605
I1014 10:55:01.238826 14962 runtime_context.cpp:29] DecreaseCounter constructing_actor_cnt, current val is 630
I1014 10:55:01.238837 14969 runtime_context.cpp:29] DecreaseCounter constructing_actor_cnt, current val is 629
I1014 10:55:01.239084 14975 naive_actor.cpp:25] actor 2207613190173 switch to &NaiveActor::HandlerNormal
I1014 10:55:01.239143 14975 thread.cpp:96] Thread 1052672 construct Actor kNormalForward 2207613190173
I1014 10:55:01.239331 14962 naive_actor.cpp:25] actor 1099614388261 switch to &NaiveActor::HandlerNormal
I1014 10:55:01.239370 14975 runtime_context.cpp:29] DecreaseCounter constructing_actor_cnt, current val is 628
I1014 10:55:01.239389 14962 thread.cpp:96] Thread 524337 construct Actor kDstSubsetTick 1099614388261
I1014 10:55:01.239511 14962 runtime_context.cpp:29] DecreaseCounter constructing_actor_cnt, current val is 627
I1014 10:55:01.239609 14969 naive_actor.cpp:25] actor 2199023255593 switch to &NaiveActor::HandlerNormal
I1014 10:55:01.239648 14969 thread.cpp:96] Thread 1048576 construct Actor kNormalForward 2199023255593
I1014 10:55:01.239706 14969 runtime_context.cpp:29] DecreaseCounter constructing_actor_cnt, current val is 626
I1014 10:55:01.239893 14962 naive_actor.cpp:25] actor 1099614388262 switch to &NaiveActor::HandlerNormal
I1014 10:55:01.239944 14962 thread.cpp:96] Thread 524337 construct Actor kTick 1099614388262
I1014 10:55:01.240018 14962 runtime_context.cpp:29] DecreaseCounter constructing_actor_cnt, current val is 625
I1014 10:55:01.240388 14969 naive_actor.cpp:25] actor 2199023255617 switch to &NaiveActor::HandlerNormal
I1014 10:55:01.240392 14962 naive_actor.cpp:25] actor 1099614388266 switch to &NaiveActor::HandlerNormal
I1014 10:55:01.240432 14969 thread.cpp:96] Thread 1048576 construct Actor kNormalForward 2199023255617
I1014 10:55:01.240471 14962 thread.cpp:96] Thread 524337 construct Actor kSrcSubsetTick 1099614388266
I1014 10:55:01.240532 14969 runtime_context.cpp:29] DecreaseCounter constructing_actor_cnt, current val is 624
I1014 10:55:01.240550 14962 runtime_context.cpp:29] DecreaseCounter constructing_actor_cnt, current val is 623
I1014 10:55:01.240607 14975 naive_actor.cpp:25] actor 2207613190197 switch to &NaiveActor::HandlerNormal
I1014 10:55:01.240662 14975 thread.cpp:96] Thread 1052672 construct Actor kNormalForward 2207613190197
I1014 10:55:01.240761 14975 runtime_context.cpp:29] DecreaseCounter constructing_actor_cnt, current val is 622
I1014 10:55:01.240926 14962 naive_actor.cpp:25] actor 1099614388264 switch to &NaiveActor::HandlerNormal
I1014 10:55:01.240981 14962 thread.cpp:96] Thread 524337 construct Actor kTick 1099614388264
I1014 10:55:01.241050 14962 runtime_context.cpp:29] DecreaseCounter constructing_actor_cnt, current val is 621
I1014 10:55:01.241138 14931 naive_actor.cpp:25] actor 1099511627776 switch to &NaiveActor::HandlerNormal
I1014 10:55:01.241138 14969 naive_actor.cpp:25] actor 2199023255580 switch to &NaiveActor::HandlerNormal
I1014 10:55:01.241237 14931 thread.cpp:96] Thread 524288 construct Actor kNormalForward 1099511627776
I1014 10:55:01.241264 14969 thread.cpp:96] Thread 1048576 construct Actor kNormalForward 2199023255580
I1014 10:55:01.241312 14932 naive_actor.cpp:25] actor 1099513724928 switch to &NaiveActor::HandlerNormal
I1014 10:55:01.241375 14969 runtime_context.cpp:29] DecreaseCounter constructing_actor_cnt, current val is 620
I1014 10:55:01.241375 14932 thread.cpp:96] Thread 524289 construct Actor kNormalForward 1099513724928
I1014 10:55:01.241386 14931 runtime_context.cpp:29] DecreaseCounter constructing_actor_cnt, current val is 619
I1014 10:55:01.241473 14962 naive_actor.cpp:25] actor 1099614388269 switch to &NaiveActor::HandlerNormal
I1014 10:55:01.241506 14932 runtime_context.cpp:29] DecreaseCounter constructing_actor_cnt, current val is 618
I1014 10:55:01.241524 14962 thread.cpp:96] Thread 524337 construct Actor kTick 1099614388269
I1014 10:55:01.241638 14962 runtime_context.cpp:29] DecreaseCounter constructing_actor_cnt, current val is 617
I1014 10:55:01.241921 14975 naive_actor.cpp:25] actor 2207613190183 switch to &NaiveActor::HandlerNormal
I1014 10:55:01.241971 14975 thread.cpp:96] Thread 1052672 construct Actor kNormalForward 2207613190183
I1014 10:55:01.241981 14962 naive_actor.cpp:25] actor 1099614388271 switch to &NaiveActor::HandlerNormal
I1014 10:55:01.242046 14962 thread.cpp:96] Thread 524337 construct Actor kTick 1099614388271
I1014 10:55:01.242053 14975 runtime_context.cpp:29] DecreaseCounter constructing_actor_cnt, current val is 616
I1014 10:55:01.242116 14962 runtime_context.cpp:29] DecreaseCounter constructing_actor_cnt, current val is 615
I1014 10:55:01.242162 14969 naive_actor.cpp:25] actor 2199023255607 switch to &NaiveActor::HandlerNormal
I1014 10:55:01.242223 14969 thread.cpp:96] Thread 1048576 construct Actor kNormalForward 2199023255607
I1014 10:55:01.242313 14969 runtime_context.cpp:29] DecreaseCounter constructing_actor_cnt, current val is 614
I1014 10:55:01.242460 14962 naive_actor.cpp:25] actor 1099614388272 switch to &NaiveActor::HandlerNormal
I1014 10:55:01.242509 14962 thread.cpp:96] Thread 524337 construct Actor kTick 1099614388272
I1014 10:55:01.242561 14962 runtime_context.cpp:29] DecreaseCounter constructing_actor_cnt, current val is 613
I1014 10:55:01.242844 14962 naive_actor.cpp:25] actor 1099614388303 switch to &NaiveActor::HandlerNormal
I1014 10:55:01.242846 14969 naive_actor.cpp:25] actor 2199023255587 switch to &NaiveActor::HandlerNormal
I1014 10:55:01.242898 14962 thread.cpp:96] Thread 524337 construct Actor kTick 1099614388303
I1014 10:55:01.242925 14969 thread.cpp:96] Thread 1048576 construct Actor kNormalForward 2199023255587
I1014 10:55:01.243005 14962 runtime_context.cpp:29] DecreaseCounter constructing_actor_cnt, current val is 612
I1014 10:55:01.243016 14969 runtime_context.cpp:29] DecreaseCounter constructing_actor_cnt, current val is 611
I1014 10:55:01.243186 14975 naive_actor.cpp:25] actor 2207613190174 switch to &NaiveActor::HandlerNormal
I1014 10:55:01.243237 14975 thread.cpp:96] Thread 1052672 construct Actor kNormalForward 2207613190174
I1014 10:55:01.243322 14975 runtime_context.cpp:29] DecreaseCounter constructing_actor_cnt, current val is 610
I1014 10:55:01.243384 14962 naive_actor.cpp:25] actor 1099614388265 switch to &NaiveActor::HandlerNormal
I1014 10:55:01.243433 14962 thread.cpp:96] Thread 524337 construct Actor kDeviceTick 1099614388265
I1014 10:55:01.243500 14962 runtime_context.cpp:29] DecreaseCounter constructing_actor_cnt, current val is 609
I1014 10:55:01.243888 14962 naive_actor.cpp:25] actor 1099614388270 switch to &NaiveActor::HandlerNormal
I1014 10:55:01.243932 14962 thread.cpp:96] Thread 524337 construct Actor kDstSubsetTick 1099614388270
I1014 10:55:01.243952 14969 naive_actor.cpp:25] actor 2199023255586 switch to &NaiveActor::HandlerNormal
I1014 10:55:01.243983 14969 thread.cpp:96] Thread 1048576 construct Actor kNormalForward 2199023255586
I1014 10:55:01.244002 14962 runtime_context.cpp:29] DecreaseCounter constructing_actor_cnt, current val is 608
I1014 10:55:01.244031 14969 runtime_context.cpp:29] DecreaseCounter constructing_actor_cnt, current val is 607
I1014 10:55:01.244315 14962 naive_actor.cpp:25] actor 1099614388275 switch to &NaiveActor::HandlerNormal
I1014 10:55:01.244359 14975 naive_actor.cpp:25] actor 2207613190153 switch to &NaiveActor::HandlerNormal
I1014 10:55:01.244360 14962 thread.cpp:96] Thread 524337 construct Actor kSrcSubsetTick 1099614388275
I1014 10:55:01.244411 14975 thread.cpp:96] Thread 1052672 construct Actor kNormalForward 2207613190153
I1014 10:55:01.244469 14962 runtime_context.cpp:29] DecreaseCounter constructing_actor_cnt, current val is 606
I1014 10:55:01.244529 14975 runtime_context.cpp:29] DecreaseCounter constructing_actor_cnt, current val is 605
I1014 10:55:01.244622 14969 naive_actor.cpp:25] actor 2199023255577 switch to &NaiveActor::HandlerNormal
I1014 10:55:01.244668 14969 thread.cpp:96] Thread 1048576 construct Actor kNormalForward 2199023255577
I1014 10:55:01.244720 14969 runtime_context.cpp:29] DecreaseCounter constructing_actor_cnt, current val is 604
I1014 10:55:01.244803 14962 naive_actor.cpp:25] actor 1099614388329 switch to &NaiveActor::HandlerNormal
I1014 10:55:01.244848 14962 thread.cpp:96] Thread 524337 construct Actor kTick 1099614388329
I1014 10:55:01.244913 14962 runtime_context.cpp:29] DecreaseCounter constructing_actor_cnt, current val is 603
I1014 10:55:01.244951 14969 naive_actor.cpp:25] actor 2199023255592 switch to &NaiveActor::HandlerNormal
I1014 10:55:01.244993 14969 thread.cpp:96] Thread 1048576 construct Actor kNormalForward 2199023255592
I1014 10:55:01.245185 14969 runtime_context.cpp:29] DecreaseCounter constructing_actor_cnt, current val is 602
I1014 10:55:01.245255 14962 naive_actor.cpp:25] actor 1099614388274 switch to &NaiveActor::HandlerNormal
I1014 10:55:01.245301 14962 thread.cpp:96] Thread 524337 construct Actor kDeviceTick 1099614388274
I1014 10:55:01.245365 14962 runtime_context.cpp:29] DecreaseCounter constructing_actor_cnt, current val is 601
I1014 10:55:01.245582 14969 naive_actor.cpp:25] actor 2199023255590 switch to &NaiveActor::HandlerNormal
I1014 10:55:01.245633 14969 thread.cpp:96] Thread 1048576 construct Actor kNormalForward 2199023255590
I1014 10:55:01.245662 14962 naive_actor.cpp:25] actor 1099614388278 switch to &NaiveActor::HandlerNormal
I1014 10:55:01.245704 14962 thread.cpp:96] Thread 524337 construct Actor kTick 1099614388278
I1014 10:55:01.245764 14962 runtime_context.cpp:29] DecreaseCounter constructing_actor_cnt, current val is 599
I1014 10:55:01.245769 14969 runtime_context.cpp:29] DecreaseCounter constructing_actor_cnt, current val is 600
I1014 10:55:01.245785 14975 naive_actor.cpp:25] actor 2207613190219 switch to &NaiveActor::HandlerNormal
I1014 10:55:01.245874 14975 thread.cpp:96] Thread 1052672 construct Actor kNormalForward 2207613190219
I1014 10:55:01.245975 14975 runtime_context.cpp:29] DecreaseCounter constructing_actor_cnt, current val is 598
I1014 10:55:01.246093 14962 naive_actor.cpp:25] actor 1099614388281 switch to &NaiveActor::HandlerNormal
I1014 10:55:01.246137 14962 thread.cpp:96] Thread 524337 construct Actor kTick 1099614388281
I1014 10:55:01.246142 14969 naive_actor.cpp:25] actor 2199023255564 switch to &NaiveActor::HandlerNormal
I1014 10:55:01.246202 14962 runtime_context.cpp:29] DecreaseCounter constructing_actor_cnt, current val is 597
I1014 10:55:01.246208 14969 thread.cpp:96] Thread 1048576 construct Actor kNormalForward 2199023255564
I1014 10:55:01.246301 14969 runtime_context.cpp:29] DecreaseCounter constructing_actor_cnt, current val is 596
I1014 10:55:01.246534 14962 naive_actor.cpp:25] actor 1099614388286 switch to &NaiveActor::HandlerNormal
I1014 10:55:01.246584 14962 thread.cpp:96] Thread 524337 construct Actor kTick 1099614388286
I1014 10:55:01.246644 14962 runtime_context.cpp:29] DecreaseCounter constructing_actor_cnt, current val is 595
I1014 10:55:01.246852 14975 naive_actor.cpp:25] actor 2207613190179 switch to &NaiveActor::HandlerNormal
I1014 10:55:01.246901 14975 thread.cpp:96] Thread 1052672 construct Actor kNormalForward 2207613190179
I1014 10:55:01.246975 14962 naive_actor.cpp:25] actor 1099614388280 switch to &NaiveActor::HandlerNormal
I1014 10:55:01.246978 14975 runtime_context.cpp:29] DecreaseCounter constructing_actor_cnt, current val is 594
I1014 10:55:01.247023 14962 thread.cpp:96] Thread 524337 construct Actor kTick 1099614388280
I1014 10:55:01.247119 14962 runtime_context.cpp:29] DecreaseCounter constructing_actor_cnt, current val is 593
I1014 10:55:01.247329 14969 naive_actor.cpp:25] actor 2199023255614 switch to &NaiveActor::HandlerNormal
I1014 10:55:01.247385 14969 thread.cpp:96] Thread 1048576 construct Actor kNormalForward 2199023255614
I1014 10:55:01.247403 14975 naive_actor.cpp:25] actor 2207613190182 switch to &NaiveActor::HandlerNormal
I1014 10:55:01.247458 14975 thread.cpp:96] Thread 1052672 construct Actor kNormalForward 2207613190182
I1014 10:55:01.247476 14962 naive_actor.cpp:25] actor 1099614388279 switch to &NaiveActor::HandlerNormal
I1014 10:55:01.247458 14969 runtime_context.cpp:29] DecreaseCounter constructing_actor_cnt, current val is 592
I1014 10:55:01.247529 14962 thread.cpp:96] Thread 524337 construct Actor kDstSubsetTick 1099614388279
I1014 10:55:01.247531 14975 runtime_context.cpp:29] DecreaseCounter constructing_actor_cnt, current val is 591
I1014 10:55:01.247627 14962 runtime_context.cpp:29] DecreaseCounter constructing_actor_cnt, current val is 590
I1014 10:55:01.247968 14962 naive_actor.cpp:25] actor 1099614388273 switch to &NaiveActor::HandlerNormal
I1014 10:55:01.248016 14962 thread.cpp:96] Thread 524337 construct Actor kDeviceTick 1099614388273
I1014 10:55:01.248113 14962 runtime_context.cpp:29] DecreaseCounter constructing_actor_cnt, current val is 589
I1014 10:55:01.248438 14962 naive_actor.cpp:25] actor 1099614388288 switch to &NaiveActor::HandlerNormal
I1014 10:55:01.248484 14962 thread.cpp:96] Thread 524337 construct Actor kSrcSubsetTick 1099614388288
I1014 10:55:01.248554 14962 runtime_context.cpp:29] DecreaseCounter constructing_actor_cnt, current val is 588
I1014 10:55:01.248580 14975 naive_actor.cpp:25] actor 2207613190181 switch to &NaiveActor::HandlerNormal
I1014 10:55:01.248639 14975 thread.cpp:96] Thread 1052672 construct Actor kNormalForward 2207613190181
I1014 10:55:01.248705 14975 runtime_context.cpp:29] DecreaseCounter constructing_actor_cnt, current val is 587
I1014 10:55:01.248857 14969 naive_actor.cpp:25] actor 2199023255609 switch to &NaiveActor::HandlerNormal
I1014 10:55:01.248930 14969 thread.cpp:96] Thread 1048576 construct Actor kNormalForward 2199023255609
I1014 10:55:01.248939 14962 naive_actor.cpp:25] actor 1099614388309 switch to &NaiveActor::HandlerNormal
I1014 10:55:01.249006 14962 thread.cpp:96] Thread 524337 construct Actor kTick 1099614388309
I1014 10:55:01.249017 14969 runtime_context.cpp:29] DecreaseCounter constructing_actor_cnt, current val is 586
I1014 10:55:01.249065 14962 runtime_context.cpp:29] DecreaseCounter constructing_actor_cnt, current val is 585
I1014 10:55:01.249366 14962 naive_actor.cpp:25] actor 1099614388283 switch to &NaiveActor::HandlerNormal
I1014 10:55:01.249411 14962 thread.cpp:96] Thread 524337 construct Actor kTick 1099614388283
I1014 10:55:01.249473 14962 runtime_context.cpp:29] DecreaseCounter constructing_actor_cnt, current val is 584
I1014 10:55:01.249740 14975 naive_actor.cpp:25] actor 2207613190164 switch to &NaiveActor::HandlerNormal
I1014 10:55:01.249790 14975 thread.cpp:96] Thread 1052672 construct Actor kNormalForward 2207613190164
I1014 10:55:01.249801 14962 naive_actor.cpp:25] actor 1099614388293 switch to &NaiveActor::HandlerNormal
I1014 10:55:01.249861 14962 thread.cpp:96] Thread 524337 construct Actor kTick 1099614388293
I1014 10:55:01.249879 14975 runtime_context.cpp:29] DecreaseCounter constructing_actor_cnt, current val is 583
I1014 10:55:01.249919 14962 runtime_context.cpp:29] DecreaseCounter constructing_actor_cnt, current val is 582
I1014 10:55:01.250010 14969 naive_actor.cpp:25] actor 2199023255589 switch to &NaiveActor::HandlerNormal
I1014 10:55:01.250063 14969 thread.cpp:96] Thread 1048576 construct Actor kNormalForward 2199023255589
I1014 10:55:01.250159 14969 runtime_context.cpp:29] DecreaseCounter constructing_actor_cnt, current val is 581
I1014 10:55:01.250239 14962 naive_actor.cpp:25] actor 1099614388290 switch to &NaiveActor::HandlerNormal
I1014 10:55:01.250283 14962 thread.cpp:96] Thread 524337 construct Actor kTick 1099614388290
I1014 10:55:01.250350 14962 runtime_context.cpp:29] DecreaseCounter constructing_actor_cnt, current val is 580
I1014 10:55:01.250665 14962 naive_actor.cpp:25] actor 1099614388282 switch to &NaiveActor::HandlerNormal
I1014 10:55:01.250710 14962 thread.cpp:96] Thread 524337 construct Actor kTick 1099614388282
I1014 10:55:01.250779 14962 runtime_context.cpp:29] DecreaseCounter constructing_actor_cnt, current val is 579
I1014 10:55:01.250842 14975 naive_actor.cpp:25] actor 2207613190188 switch to &NaiveActor::HandlerNormal
I1014 10:55:01.250888 14975 thread.cpp:96] Thread 1052672 construct Actor kNormalForward 2207613190188
I1014 10:55:01.250983 14975 runtime_context.cpp:29] DecreaseCounter constructing_actor_cnt, current val is 578
I1014 10:55:01.251125 14962 naive_actor.cpp:25] actor 1099614388292 switch to &NaiveActor::HandlerNormal
I1014 10:55:01.251170 14962 thread.cpp:96] Thread 524337 construct Actor kTick 1099614388292
I1014 10:55:01.251241 14962 runtime_context.cpp:29] DecreaseCounter constructing_actor_cnt, current val is 577
I1014 10:55:01.251279 14969 naive_actor.cpp:25] actor 2199023255579 switch to &NaiveActor::HandlerNormal
I1014 10:55:01.251371 14969 thread.cpp:96] Thread 1048576 construct Actor kNormalForward 2199023255579
I1014 10:55:01.251554 14969 runtime_context.cpp:29] DecreaseCounter constructing_actor_cnt, current val is 576
I1014 10:55:01.251623 14962 naive_actor.cpp:25] actor 1099614388291 switch to &NaiveActor::HandlerNormal
I1014 10:55:01.251665 14962 thread.cpp:96] Thread 524337 construct Actor kDstSubsetTick 1099614388291
I1014 10:55:01.251735 14962 runtime_context.cpp:29] DecreaseCounter constructing_actor_cnt, current val is 575
I1014 10:55:01.252063 14962 naive_actor.cpp:25] actor 1099614388296 switch to &NaiveActor::HandlerNormal
I1014 10:55:01.252107 14962 thread.cpp:96] Thread 524337 construct Actor kTick 1099614388296
I1014 10:55:01.252166 14962 runtime_context.cpp:29] DecreaseCounter constructing_actor_cnt, current val is 574
I1014 10:55:01.252346 14975 naive_actor.cpp:25] actor 2207613190187 switch to &NaiveActor::HandlerNormal
I1014 10:55:01.252394 14975 thread.cpp:96] Thread 1052672 construct Actor kNormalForward 2207613190187
I1014 10:55:01.252468 14975 runtime_context.cpp:29] DecreaseCounter constructing_actor_cnt, current val is 573
I1014 10:55:01.252475 14962 naive_actor.cpp:25] actor 1099614388313 switch to &NaiveActor::HandlerNormal
I1014 10:55:01.252547 14962 thread.cpp:96] Thread 524337 construct Actor kTick 1099614388313
I1014 10:55:01.252616 14962 runtime_context.cpp:29] DecreaseCounter constructing_actor_cnt, current val is 572
I1014 10:55:01.252693 14969 naive_actor.cpp:25] actor 2199023255572 switch to &NaiveActor::HandlerNormal
I1014 10:55:01.252753 14969 thread.cpp:96] Thread 1048576 construct Actor kNormalForward 2199023255572
I1014 10:55:01.252835 14969 runtime_context.cpp:29] DecreaseCounter constructing_actor_cnt, current val is 571
I1014 10:55:01.252892 14975 naive_actor.cpp:25] actor 2207613190156 switch to &NaiveActor::HandlerNormal
I1014 10:55:01.252918 14962 naive_actor.cpp:25] actor 1099614388307 switch to &NaiveActor::HandlerNormal
I1014 10:55:01.252935 14975 thread.cpp:96] Thread 1052672 construct Actor kNormalForward 2207613190156
I1014 10:55:01.252971 14962 thread.cpp:96] Thread 524337 construct Actor kTick 1099614388307
I1014 10:55:01.253049 14975 runtime_context.cpp:29] DecreaseCounter constructing_actor_cnt, current val is 570
I1014 10:55:01.253067 14962 runtime_context.cpp:29] DecreaseCounter constructing_actor_cnt, current val is 569
I1014 10:55:01.253393 14962 naive_actor.cpp:25] actor 1099614388315 switch to &NaiveActor::HandlerNormal
I1014 10:55:01.253448 14962 thread.cpp:96] Thread 524337 construct Actor kTick 1099614388315
I1014 10:55:01.253515 14962 runtime_context.cpp:29] DecreaseCounter constructing_actor_cnt, current val is 568
I1014 10:55:01.253876 14962 naive_actor.cpp:25] actor 1099614388320 switch to &NaiveActor::HandlerNormal
I1014 10:55:01.253918 14962 thread.cpp:96] Thread 524337 construct Actor kTick 1099614388320
I1014 10:55:01.253955 14969 naive_actor.cpp:25] actor 2199023255596 switch to &NaiveActor::HandlerNormal
I1014 10:55:01.253973 14962 runtime_context.cpp:29] DecreaseCounter constructing_actor_cnt, current val is 567
I1014 10:55:01.254005 14969 thread.cpp:96] Thread 1048576 construct Actor kNormalForward 2199023255596
I1014 10:55:01.254112 14969 runtime_context.cpp:29] DecreaseCounter constructing_actor_cnt, current val is 566
I1014 10:55:01.254276 14962 naive_actor.cpp:25] actor 1099614388317 switch to &NaiveActor::HandlerNormal
I1014 10:55:01.254317 14962 thread.cpp:96] Thread 524337 construct Actor kTick 1099614388317
I1014 10:55:01.254364 14975 naive_actor.cpp:25] actor 2207613190180 switch to &NaiveActor::HandlerNormal
I1014 10:55:01.254374 14962 runtime_context.cpp:29] DecreaseCounter constructing_actor_cnt, current val is 565
I1014 10:55:01.254418 14975 thread.cpp:96] Thread 1052672 construct Actor kNormalForward 2207613190180
I1014 10:55:01.254521 14975 runtime_context.cpp:29] DecreaseCounter constructing_actor_cnt, current val is 564
I1014 10:55:01.254704 14962 naive_actor.cpp:25] actor 1099614388319 switch to &NaiveActor::HandlerNormal
I1014 10:55:01.254747 14962 thread.cpp:96] Thread 524337 construct Actor kTick 1099614388319
I1014 10:55:01.254840 14962 runtime_context.cpp:29] DecreaseCounter constructing_actor_cnt, current val is 563
I1014 10:55:01.255139 14969 naive_actor.cpp:25] actor 2199023255570 switch to &NaiveActor::HandlerNormal
I1014 10:55:01.255194 14969 thread.cpp:96] Thread 1048576 construct Actor kNormalForward 2199023255570
I1014 10:55:01.255287 14969 runtime_context.cpp:29] DecreaseCounter constructing_actor_cnt, current val is 562
I1014 10:55:01.255441 14975 naive_actor.cpp:25] actor 2207613190152 switch to &NaiveActor::HandlerNormal
I1014 10:55:01.255491 14975 thread.cpp:96] Thread 1052672 construct Actor kNormalForward 2207613190152
I1014 10:55:01.255503 14962 case_actor.cpp:76] actor 1099614388295 switch to &CaseActor::HandlerNormal
I1014 10:55:01.255544 14962 thread.cpp:96] Thread 524337 construct Actor kCase 1099614388295
I1014 10:55:01.255579 14975 runtime_context.cpp:29] DecreaseCounter constructing_actor_cnt, current val is 561
I1014 10:55:01.255625 14962 runtime_context.cpp:29] DecreaseCounter constructing_actor_cnt, current val is 560
I1014 10:55:01.255682 14969 naive_actor.cpp:25] actor 2199023255599 switch to &NaiveActor::HandlerNormal
I1014 10:55:01.255736 14969 thread.cpp:96] Thread 1048576 construct Actor kNormalForward 2199023255599
I1014 10:55:01.255810 14969 runtime_context.cpp:29] DecreaseCounter constructing_actor_cnt, current val is 559
I1014 10:55:01.255903 14962 naive_actor.cpp:25] actor 1099614388330 switch to &NaiveActor::HandlerNormal
I1014 10:55:01.255906 14975 naive_actor.cpp:25] actor 2207613190168 switch to &NaiveActor::HandlerNormal
I1014 10:55:01.255946 14962 thread.cpp:96] Thread 524337 construct Actor kTick 1099614388330
I1014 10:55:01.255990 14975 thread.cpp:96] Thread 1052672 construct Actor kNormalForward 2207613190168
I1014 10:55:01.256062 14962 runtime_context.cpp:29] DecreaseCounter constructing_actor_cnt, current val is 558
I1014 10:55:01.256079 14975 runtime_context.cpp:29] DecreaseCounter constructing_actor_cnt, current val is 557
I1014 10:55:01.256290 14962 naive_actor.cpp:25] actor 1099614388331 switch to &NaiveActor::HandlerNormal
I1014 10:55:01.256328 14962 thread.cpp:96] Thread 524337 construct Actor kTick 1099614388331
I1014 10:55:01.256377 14962 runtime_context.cpp:29] DecreaseCounter constructing_actor_cnt, current val is 556
I1014 10:55:01.256570 14962 naive_actor.cpp:25] actor 1099614388318 switch to &NaiveActor::HandlerNormal
I1014 10:55:01.256603 14962 thread.cpp:96] Thread 524337 construct Actor kTick 1099614388318
I1014 10:55:01.256646 14962 runtime_context.cpp:29] DecreaseCounter constructing_actor_cnt, current val is 555
I1014 10:55:01.256892 14969 naive_actor.cpp:25] actor 2199023255615 switch to &NaiveActor::HandlerNormal
I1014 10:55:01.256947 14962 naive_actor.cpp:25] actor 1099614388325 switch to &NaiveActor::HandlerNormal
I1014 10:55:01.256948 14969 thread.cpp:96] Thread 1048576 construct Actor kNormalForward 2199023255615
I1014 10:55:01.257045 14962 thread.cpp:96] Thread 524337 construct Actor kTick 1099614388325
I1014 10:55:01.257124 14969 runtime_context.cpp:29] DecreaseCounter constructing_actor_cnt, current val is 554
I1014 10:55:01.257148 14975 naive_actor.cpp:25] actor 2207613190176 switch to &NaiveActor::HandlerNormal
I1014 10:55:01.257210 14962 runtime_context.cpp:29] DecreaseCounter constructing_actor_cnt, current val is 553
I1014 10:55:01.257234 14975 thread.cpp:96] Thread 1052672 construct Actor kNormalForward 2207613190176
I1014 10:55:01.257376 14975 runtime_context.cpp:29] DecreaseCounter constructing_actor_cnt, current val is 552
I1014 10:55:01.257522 14969 naive_actor.cpp:25] actor 2199023255578 switch to &NaiveActor::HandlerNormal
I1014 10:55:01.257592 14969 thread.cpp:96] Thread 1048576 construct Actor kNormalForward 2199023255578
I1014 10:55:01.257669 14969 runtime_context.cpp:29] DecreaseCounter constructing_actor_cnt, current val is 551
I1014 10:55:01.257701 14962 naive_actor.cpp:25] actor 1099614388311 switch to &NaiveActor::HandlerNormal
I1014 10:55:01.257753 14962 thread.cpp:96] Thread 524337 construct Actor kTick 1099614388311
I1014 10:55:01.257898 14962 runtime_context.cpp:29] DecreaseCounter constructing_actor_cnt, current val is 550
I1014 10:55:01.258066 14969 naive_actor.cpp:25] actor 2199023255576 switch to &NaiveActor::HandlerNormal
I1014 10:55:01.258116 14969 thread.cpp:96] Thread 1048576 construct Actor kNormalForward 2199023255576
I1014 10:55:01.258190 14969 runtime_context.cpp:29] DecreaseCounter constructing_actor_cnt, current val is 549
I1014 10:55:01.258260 14975 naive_actor.cpp:25] actor 2207613190200 switch to &NaiveActor::HandlerNormal
I1014 10:55:01.258289 14962 naive_actor.cpp:25] actor 1099614388310 switch to &NaiveActor::HandlerNormal
I1014 10:55:01.258313 14975 thread.cpp:96] Thread 1052672 construct Actor kNormalForward 2207613190200
I1014 10:55:01.258352 14962 thread.cpp:96] Thread 524337 construct Actor kTick 1099614388310
I1014 10:55:01.258432 14975 runtime_context.cpp:29] DecreaseCounter constructing_actor_cnt, current val is 548
I1014 10:55:01.258455 14962 runtime_context.cpp:29] DecreaseCounter constructing_actor_cnt, current val is 547
I1014 10:55:01.258838 14962 naive_actor.cpp:25] actor 1099614388321 switch to &NaiveActor::HandlerNormal
I1014 10:55:01.258889 14962 thread.cpp:96] Thread 524337 construct Actor kTick 1099614388321
I1014 10:55:01.258961 14962 runtime_context.cpp:29] DecreaseCounter constructing_actor_cnt, current val is 546
I1014 10:55:01.259353 14962 naive_actor.cpp:25] actor 1099614388327 switch to &NaiveActor::HandlerNormal
I1014 10:55:01.259356 14975 naive_actor.cpp:25] actor 2207613190185 switch to &NaiveActor::HandlerNormal
I1014 10:55:01.259407 14962 thread.cpp:96] Thread 524337 construct Actor kTick 1099614388327
I1014 10:55:01.259444 14975 thread.cpp:96] Thread 1052672 construct Actor kNormalForward 2207613190185
I1014 10:55:01.259518 14962 runtime_context.cpp:29] DecreaseCounter constructing_actor_cnt, current val is 545
I1014 10:55:01.259548 14975 runtime_context.cpp:29] DecreaseCounter constructing_actor_cnt, current val is 544
I1014 10:55:01.259667 14969 naive_actor.cpp:25] actor 2199023255602 switch to &NaiveActor::HandlerNormal
I1014 10:55:01.259730 14969 thread.cpp:96] Thread 1048576 construct Actor kNormalForward 2199023255602
I1014 10:55:01.259812 14969 runtime_context.cpp:29] DecreaseCounter constructing_actor_cnt, current val is 543
I1014 10:55:01.259877 14962 naive_actor.cpp:25] actor 1099614388322 switch to &NaiveActor::HandlerNormal
I1014 10:55:01.259927 14962 thread.cpp:96] Thread 524337 construct Actor kTick 1099614388322
I1014 10:55:01.260004 14962 runtime_context.cpp:29] DecreaseCounter constructing_actor_cnt, current val is 542
I1014 10:55:01.260360 14975 naive_actor.cpp:25] actor 2207613190217 switch to &NaiveActor::HandlerNormal
I1014 10:55:01.260365 14962 naive_actor.cpp:25] actor 1099614388304 switch to &NaiveActor::HandlerNormal
I1014 10:55:01.260406 14975 thread.cpp:96] Thread 1052672 construct Actor kNormalForward 2207613190217
I1014 10:55:01.260444 14962 thread.cpp:96] Thread 524337 construct Actor kTick 1099614388304
I1014 10:55:01.260520 14975 runtime_context.cpp:29] DecreaseCounter constructing_actor_cnt, current val is 541
I1014 10:55:01.260545 14962 runtime_context.cpp:29] DecreaseCounter constructing_actor_cnt, current val is 540
I1014 10:55:01.260828 14975 naive_actor.cpp:25] actor 2207613190196 switch to &NaiveActor::HandlerNormal
I1014 10:55:01.260876 14975 thread.cpp:96] Thread 1052672 construct Actor kNormalForward 2207613190196
I1014 10:55:01.260929 14962 naive_actor.cpp:25] actor 1099614388300 switch to &NaiveActor::HandlerNormal
I1014 10:55:01.260934 14969 naive_actor.cpp:25] actor 2199023255600 switch to &NaiveActor::HandlerNormal
I1014 10:55:01.260946 14975 runtime_context.cpp:29] DecreaseCounter constructing_actor_cnt, current val is 539
I1014 10:55:01.260977 14962 thread.cpp:96] Thread 524337 construct Actor kTick 1099614388300
I1014 10:55:01.261020 14969 thread.cpp:96] Thread 1048576 construct Actor kNormalForward 2199023255600
I1014 10:55:01.261114 14962 runtime_context.cpp:29] DecreaseCounter constructing_actor_cnt, current val is 538
I1014 10:55:01.261168 14969 runtime_context.cpp:29] DecreaseCounter constructing_actor_cnt, current val is 537
I1014 10:55:01.261353 14975 naive_actor.cpp:25] actor 2207613190184 switch to &NaiveActor::HandlerNormal
I1014 10:55:01.261399 14975 thread.cpp:96] Thread 1052672 construct Actor kNormalForward 2207613190184
I1014 10:55:01.261469 14975 runtime_context.cpp:29] DecreaseCounter constructing_actor_cnt, current val is 536
I1014 10:55:01.261582 14962 naive_actor.cpp:25] actor 1099614388316 switch to &NaiveActor::HandlerNormal
I1014 10:55:01.261632 14962 thread.cpp:96] Thread 524337 construct Actor kTick 1099614388316
I1014 10:55:01.261706 14962 runtime_context.cpp:29] DecreaseCounter constructing_actor_cnt, current val is 535
I1014 10:55:01.262076 14962 naive_actor.cpp:25] actor 1099614388328 switch to &NaiveActor::HandlerNormal
I1014 10:55:01.262127 14962 thread.cpp:96] Thread 524337 construct Actor kTick 1099614388328
I1014 10:55:01.262202 14962 runtime_context.cpp:29] DecreaseCounter constructing_actor_cnt, current val is 534
I1014 10:55:01.262250 14969 naive_actor.cpp:25] actor 2199023255582 switch to &NaiveActor::HandlerNormal
I1014 10:55:01.262295 14969 thread.cpp:96] Thread 1048576 construct Actor kNormalForward 2199023255582
I1014 10:55:01.262387 14969 runtime_context.cpp:29] DecreaseCounter constructing_actor_cnt, current val is 533
I1014 10:55:01.262471 14975 naive_actor.cpp:25] actor 2207613190229 switch to &NaiveActor::HandlerNormal
I1014 10:55:01.262516 14975 thread.cpp:96] Thread 1052672 construct Actor kNormalForward 2207613190229
I1014 10:55:01.262598 14962 naive_actor.cpp:25] actor 1099614388308 switch to &NaiveActor::HandlerNormal
I1014 10:55:01.262600 14975 runtime_context.cpp:29] DecreaseCounter constructing_actor_cnt, current val is 532
I1014 10:55:01.262662 14962 thread.cpp:96] Thread 524337 construct Actor kTick 1099614388308
I1014 10:55:01.262753 14962 runtime_context.cpp:29] DecreaseCounter constructing_actor_cnt, current val is 531
I1014 10:55:01.262761 14969 naive_actor.cpp:25] actor 2199023255597 switch to &NaiveActor::HandlerNormal
I1014 10:55:01.262838 14969 thread.cpp:96] Thread 1048576 construct Actor kNormalForward 2199023255597
I1014 10:55:01.262917 14969 runtime_context.cpp:29] DecreaseCounter constructing_actor_cnt, current val is 530
I1014 10:55:01.263084 14962 naive_actor.cpp:25] actor 1099614388302 switch to &NaiveActor::HandlerNormal
I1014 10:55:01.263136 14962 thread.cpp:96] Thread 524337 construct Actor kTick 1099614388302
I1014 10:55:01.263213 14962 runtime_context.cpp:29] DecreaseCounter constructing_actor_cnt, current val is 529
I1014 10:55:01.263423 14975 naive_actor.cpp:25] actor 2207613190207 switch to &NaiveActor::HandlerNormal
I1014 10:55:01.263469 14975 thread.cpp:96] Thread 1052672 construct Actor kNormalForward 2207613190207
I1014 10:55:01.263536 14975 runtime_context.cpp:29] DecreaseCounter constructing_actor_cnt, current val is 528
I1014 10:55:01.263583 14962 naive_actor.cpp:25] actor 1099614388314 switch to &NaiveActor::HandlerNormal
I1014 10:55:01.263631 14962 thread.cpp:96] Thread 524337 construct Actor kTick 1099614388314
I1014 10:55:01.263721 14962 runtime_context.cpp:29] DecreaseCounter constructing_actor_cnt, current val is 527
I1014 10:55:01.264036 14962 naive_actor.cpp:25] actor 1099614388297 switch to &NaiveActor::HandlerNormal
I1014 10:55:01.264086 14962 thread.cpp:96] Thread 524337 construct Actor kTick 1099614388297
I1014 10:55:01.264156 14962 runtime_context.cpp:29] DecreaseCounter constructing_actor_cnt, current val is 526
I1014 10:55:01.264474 14975 naive_actor.cpp:25] actor 2207613190216 switch to &NaiveActor::HandlerNormal
I1014 10:55:01.264518 14962 naive_actor.cpp:25] actor 1099614388326 switch to &NaiveActor::HandlerNormal
I1014 10:55:01.264521 14975 thread.cpp:96] Thread 1052672 construct Actor kNormalForward 2207613190216
I1014 10:55:01.264580 14962 thread.cpp:96] Thread 524337 construct Actor kTick 1099614388326
I1014 10:55:01.264600 14969 naive_actor.cpp:25] actor 2199023255574 switch to &NaiveActor::HandlerNormal
I1014 10:55:01.264652 14975 runtime_context.cpp:29] DecreaseCounter constructing_actor_cnt, current val is 525
I1014 10:55:01.264673 14962 runtime_context.cpp:29] DecreaseCounter constructing_actor_cnt, current val is 524
I1014 10:55:01.264675 14969 thread.cpp:96] Thread 1048576 construct Actor kNormalForward 2199023255574
I1014 10:55:01.264868 14969 runtime_context.cpp:29] DecreaseCounter constructing_actor_cnt, current val is 523
I1014 10:55:01.265091 14975 naive_actor.cpp:25] actor 2207613190177 switch to &NaiveActor::HandlerNormal
I1014 10:55:01.265132 14962 naive_actor.cpp:25] actor 1099614388312 switch to &NaiveActor::HandlerNormal
I1014 10:55:01.265136 14975 thread.cpp:96] Thread 1052672 construct Actor kNormalForward 2207613190177
I1014 10:55:01.265233 14962 thread.cpp:96] Thread 524337 construct Actor kTick 1099614388312
I1014 10:55:01.265295 14975 runtime_context.cpp:29] DecreaseCounter constructing_actor_cnt, current val is 522
I1014 10:55:01.265369 14962 runtime_context.cpp:29] DecreaseCounter constructing_actor_cnt, current val is 521
I1014 10:55:01.265755 14962 naive_actor.cpp:25] actor 1099614388323 switch to &NaiveActor::HandlerNormal
I1014 10:55:01.265807 14962 thread.cpp:96] Thread 524337 construct Actor kTick 1099614388323
I1014 10:55:01.265843 14969 naive_actor.cpp:25] actor 2199023255626 switch to &NaiveActor::HandlerNormal
I1014 10:55:01.265875 14962 runtime_context.cpp:29] DecreaseCounter constructing_actor_cnt, current val is 520
I1014 10:55:01.265897 14969 thread.cpp:96] Thread 1048576 construct Actor kNormalForward 2199023255626
I1014 10:55:01.266008 14969 runtime_context.cpp:29] DecreaseCounter constructing_actor_cnt, current val is 519
I1014 10:55:01.266255 14975 naive_actor.cpp:25] actor 2207613190178 switch to &NaiveActor::HandlerNormal
I1014 10:55:01.266300 14975 thread.cpp:96] Thread 1052672 construct Actor kNormalForward 2207613190178
I1014 10:55:01.266299 14962 reentrant_lock_actor.cpp:76] actor 1099614388294 switch to &ReentrantLockActor::HandlerNormal
I1014 10:55:01.266373 14962 thread.cpp:96] Thread 524337 construct Actor kReentrantLock 1099614388294
I1014 10:55:01.266381 14975 runtime_context.cpp:29] DecreaseCounter constructing_actor_cnt, current val is 518
I1014 10:55:01.266448 14962 runtime_context.cpp:29] DecreaseCounter constructing_actor_cnt, current val is 517
I1014 10:55:01.266453 14969 naive_actor.cpp:25] actor 2199023255604 switch to &NaiveActor::HandlerNormal
I1014 10:55:01.266546 14969 thread.cpp:96] Thread 1048576 construct Actor kNormalForward 2199023255604
I1014 10:55:01.266630 14969 runtime_context.cpp:29] DecreaseCounter constructing_actor_cnt, current val is 516
I1014 10:55:01.266832 14962 naive_actor.cpp:25] actor 1099614388305 switch to &NaiveActor::HandlerNormal
I1014 10:55:01.266861 14969 naive_actor.cpp:25] actor 2199023255611 switch to &NaiveActor::HandlerNormal
I1014 10:55:01.266885 14962 thread.cpp:96] Thread 524337 construct Actor kTick 1099614388305
I1014 10:55:01.266913 14969 thread.cpp:96] Thread 1048576 construct Actor kNormalForward 2199023255611
I1014 10:55:01.266984 14962 runtime_context.cpp:29] DecreaseCounter constructing_actor_cnt, current val is 515
I1014 10:55:01.266991 14969 runtime_context.cpp:29] DecreaseCounter constructing_actor_cnt, current val is 514
I1014 10:55:01.267257 14975 naive_actor.cpp:25] actor 2207613190243 switch to &NaiveActor::HandlerNormal
I1014 10:55:01.267287 14962 naive_actor.cpp:25] actor 1099614388301 switch to &NaiveActor::HandlerNormal
I1014 10:55:01.267307 14975 thread.cpp:96] Thread 1052672 construct Actor kNormalForward 2207613190243
I1014 10:55:01.267346 14962 thread.cpp:96] Thread 524337 construct Actor kTick 1099614388301
I1014 10:55:01.267442 14975 runtime_context.cpp:29] DecreaseCounter constructing_actor_cnt, current val is 513
I1014 10:55:01.267454 14962 runtime_context.cpp:29] DecreaseCounter constructing_actor_cnt, current val is 512
I1014 10:55:01.267907 14969 naive_actor.cpp:25] actor 2199023255610 switch to &NaiveActor::HandlerNormal
I1014 10:55:01.267997 14969 thread.cpp:96] Thread 1048576 construct Actor kNormalForward 2199023255610
I1014 10:55:01.268117 14962 esac_actor.cpp:73] actor 1099614388324 switch to &EsacActor::HandlerNormal
I1014 10:55:01.268147 14969 runtime_context.cpp:29] DecreaseCounter constructing_actor_cnt, current val is 511
I1014 10:55:01.268180 14962 thread.cpp:96] Thread 524337 construct Actor kEsac 1099614388324
I1014 10:55:01.268302 14962 runtime_context.cpp:29] DecreaseCounter constructing_actor_cnt, current val is 510
I1014 10:55:01.268465 14975 naive_actor.cpp:25] actor 2207613190169 switch to &NaiveActor::HandlerNormal
I1014 10:55:01.268514 14975 thread.cpp:96] Thread 1052672 construct Actor kNormalForward 2207613190169
I1014 10:55:01.268595 14975 runtime_context.cpp:29] DecreaseCounter constructing_actor_cnt, current val is 509
I1014 10:55:01.268961 14969 naive_actor.cpp:25] actor 2199023255601 switch to &NaiveActor::HandlerNormal
I1014 10:55:01.269008 14969 thread.cpp:96] Thread 1048576 construct Actor kNormalForward 2199023255601
I1014 10:55:01.269083 14969 runtime_context.cpp:29] DecreaseCounter constructing_actor_cnt, current val is 508
I1014 10:55:01.269587 14975 naive_actor.cpp:25] actor 2207613190226 switch to &NaiveActor::HandlerNormal
I1014 10:55:01.269685 14975 thread.cpp:96] Thread 1052672 construct Actor kNormalForward 2207613190226
I1014 10:55:01.269804 14975 runtime_context.cpp:29] DecreaseCounter constructing_actor_cnt, current val is 507
I1014 10:55:01.270123 14969 naive_actor.cpp:25] actor 2199023255616 switch to &NaiveActor::HandlerNormal
I1014 10:55:01.270180 14969 thread.cpp:96] Thread 1048576 construct Actor kNormalForward 2199023255616
I1014 10:55:01.270253 14975 naive_actor.cpp:25] actor 2207613190203 switch to &NaiveActor::HandlerNormal
I1014 10:55:01.270260 14969 runtime_context.cpp:29] DecreaseCounter constructing_actor_cnt, current val is 506
I1014 10:55:01.270308 14975 thread.cpp:96] Thread 1052672 construct Actor kNormalForward 2207613190203
I1014 10:55:01.270418 14975 runtime_context.cpp:29] DecreaseCounter constructing_actor_cnt, current val is 505
I1014 10:55:01.271456 14975 naive_actor.cpp:25] actor 2207613190221 switch to &NaiveActor::HandlerNormal
I1014 10:55:01.271517 14975 thread.cpp:96] Thread 1052672 construct Actor kNormalForward 2207613190221
I1014 10:55:01.271517 14969 naive_actor.cpp:25] actor 2199023255588 switch to &NaiveActor::HandlerNormal
I1014 10:55:01.271607 14969 thread.cpp:96] Thread 1048576 construct Actor kNormalForward 2199023255588
I1014 10:55:01.271621 14975 runtime_context.cpp:29] DecreaseCounter constructing_actor_cnt, current val is 504
I1014 10:55:01.271682 14969 runtime_context.cpp:29] DecreaseCounter constructing_actor_cnt, current val is 503
I1014 10:55:01.272014 14969 naive_actor.cpp:25] actor 2199023255613 switch to &NaiveActor::HandlerNormal
I1014 10:55:01.272063 14969 thread.cpp:96] Thread 1048576 construct Actor kNormalForward 2199023255613
I1014 10:55:01.272130 14969 runtime_context.cpp:29] DecreaseCounter constructing_actor_cnt, current val is 502
I1014 10:55:01.272742 14975 naive_actor.cpp:25] actor 2207613190206 switch to &NaiveActor::HandlerNormal
I1014 10:55:01.272804 14975 thread.cpp:96] Thread 1052672 construct Actor kNormalForward 2207613190206
I1014 10:55:01.272902 14975 runtime_context.cpp:29] DecreaseCounter constructing_actor_cnt, current val is 501
I1014 10:55:01.272998 14969 naive_actor.cpp:25] actor 2199023255603 switch to &NaiveActor::HandlerNormal
I1014 10:55:01.273046 14969 thread.cpp:96] Thread 1048576 construct Actor kNormalForward 2199023255603
I1014 10:55:01.273128 14969 runtime_context.cpp:29] DecreaseCounter constructing_actor_cnt, current val is 500
I1014 10:55:01.273483 14969 naive_actor.cpp:25] actor 2199023255571 switch to &NaiveActor::HandlerNormal
I1014 10:55:01.273530 14969 thread.cpp:96] Thread 1048576 construct Actor kNormalForward 2199023255571
I1014 10:55:01.273614 14969 runtime_context.cpp:29] DecreaseCounter constructing_actor_cnt, current val is 499
I1014 10:55:01.273977 14975 naive_actor.cpp:25] actor 2207613190171 switch to &NaiveActor::HandlerNormal
I1014 10:55:01.274036 14975 thread.cpp:96] Thread 1052672 construct Actor kNormalForward 2207613190171
I1014 10:55:01.274207 14975 runtime_context.cpp:29] DecreaseCounter constructing_actor_cnt, current val is 498
I1014 10:55:01.274534 14969 naive_actor.cpp:25] actor 2199023255634 switch to &NaiveActor::HandlerNormal
I1014 10:55:01.274595 14969 thread.cpp:96] Thread 1048576 construct Actor kNormalForward 2199023255634
I1014 10:55:01.274623 14975 naive_actor.cpp:25] actor 2207613190205 switch to &NaiveActor::HandlerNormal
I1014 10:55:01.274669 14969 runtime_context.cpp:29] DecreaseCounter constructing_actor_cnt, current val is 497
I1014 10:55:01.274674 14975 thread.cpp:96] Thread 1052672 construct Actor kNormalForward 2207613190205
I1014 10:55:01.274785 14975 runtime_context.cpp:29] DecreaseCounter constructing_actor_cnt, current val is 496
I1014 10:55:01.275379 14969 naive_actor.cpp:25] actor 2199023255594 switch to &NaiveActor::HandlerNormal
I1014 10:55:01.275426 14969 thread.cpp:96] Thread 1048576 construct Actor kNormalForward 2199023255594
I1014 10:55:01.275496 14969 runtime_context.cpp:29] DecreaseCounter constructing_actor_cnt, current val is 495
I1014 10:55:01.275858 14975 naive_actor.cpp:25] actor 2207613190195 switch to &NaiveActor::HandlerNormal
I1014 10:55:01.275913 14975 thread.cpp:96] Thread 1052672 construct Actor kNormalForward 2207613190195
I1014 10:55:01.275993 14975 runtime_context.cpp:29] DecreaseCounter constructing_actor_cnt, current val is 494
I1014 10:55:01.276338 14969 naive_actor.cpp:25] actor 2199023255633 switch to &NaiveActor::HandlerNormal
