I1012 19:30:24.265532  8125 runtime_context.cpp:29] DecreaseCounter constructing_actor_cnt, current val is 671
I1012 19:30:24.266265  8125 naive_actor.cpp:25] actor 1099614388253 switch to &NaiveActor::HandlerNormal
I1012 19:30:24.266343  8125 thread.cpp:96] Thread 524337 construct Actor kTick 1099614388253
I1012 19:30:24.266418  8125 runtime_context.cpp:29] DecreaseCounter constructing_actor_cnt, current val is 670
I1012 19:30:24.267159  8182 naive_actor.cpp:25] actor 2199023255592 switch to &NaiveActor::HandlerNormal
I1012 19:30:24.267302  8182 thread.cpp:96] Thread 1048576 construct Actor kNormalForward 2199023255592
I1012 19:30:24.267484  8182 runtime_context.cpp:29] DecreaseCounter constructing_actor_cnt, current val is 669
I1012 19:30:24.267664  8125 naive_actor.cpp:25] actor 1099614388248 switch to &NaiveActor::HandlerNormal
I1012 19:30:24.267747  8125 thread.cpp:96] Thread 524337 construct Actor kTick 1099614388248
I1012 19:30:24.267832  8125 runtime_context.cpp:29] DecreaseCounter constructing_actor_cnt, current val is 668
I1012 19:30:24.268442  8213 naive_actor.cpp:25] actor 2207613190228 switch to &NaiveActor::HandlerNormal
I1012 19:30:24.268548  8213 thread.cpp:96] Thread 1052672 construct Actor kNormalForward 2207613190228
I1012 19:30:24.268671  8213 runtime_context.cpp:29] DecreaseCounter constructing_actor_cnt, current val is 667
I1012 19:30:24.268872  8125 naive_actor.cpp:25] actor 1099614388256 switch to &NaiveActor::HandlerNormal
I1012 19:30:24.268987  8125 thread.cpp:96] Thread 524337 construct Actor kTick 1099614388256
I1012 19:30:24.269145  8125 runtime_context.cpp:29] DecreaseCounter constructing_actor_cnt, current val is 666
I1012 19:30:24.270102  8125 naive_actor.cpp:25] actor 1099614388298 switch to &NaiveActor::HandlerNormal
I1012 19:30:24.270251  8125 thread.cpp:96] Thread 524337 construct Actor kTick 1099614388298
I1012 19:30:24.270299  8086 naive_actor.cpp:25] actor 1099517919232 switch to &NaiveActor::HandlerNormal
I1012 19:30:24.270401  8086 thread.cpp:96] Thread 524291 construct Actor kNormalForward 1099517919232
I1012 19:30:24.270548  8086 runtime_context.cpp:29] DecreaseCounter constructing_actor_cnt, current val is 664
I1012 19:30:24.270375  8125 runtime_context.cpp:29] DecreaseCounter constructing_actor_cnt, current val is 665
I1012 19:30:24.270807  8182 naive_actor.cpp:25] actor 2199023255616 switch to &NaiveActor::HandlerNormal
I1012 19:30:24.270890  8182 thread.cpp:96] Thread 1048576 construct Actor kNormalForward 2199023255616
I1012 19:30:24.271004  8182 runtime_context.cpp:29] DecreaseCounter constructing_actor_cnt, current val is 663
I1012 19:30:24.271595  8125 naive_actor.cpp:25] actor 1099614388255 switch to &NaiveActor::HandlerNormal
I1012 19:30:24.271687  8125 thread.cpp:96] Thread 524337 construct Actor kTick 1099614388255
I1012 19:30:24.271744  8213 naive_actor.cpp:25] actor 2207613190252 switch to &NaiveActor::HandlerNormal
I1012 19:30:24.271785  8125 runtime_context.cpp:29] DecreaseCounter constructing_actor_cnt, current val is 662
I1012 19:30:24.271852  8213 thread.cpp:96] Thread 1052672 construct Actor kNormalForward 2207613190252
I1012 19:30:24.272040  8213 runtime_context.cpp:29] DecreaseCounter constructing_actor_cnt, current val is 661
I1012 19:30:24.272219  8182 naive_actor.cpp:25] actor 2199023255563 switch to &NaiveActor::HandlerNormal
I1012 19:30:24.272394  8182 thread.cpp:96] Thread 1048576 construct Actor kNormalForward 2199023255563
I1012 19:30:24.272626  8182 runtime_context.cpp:29] DecreaseCounter constructing_actor_cnt, current val is 660
I1012 19:30:24.272882  8125 naive_actor.cpp:25] actor 1099614388254 switch to &NaiveActor::HandlerNormal
I1012 19:30:24.272960  8125 thread.cpp:96] Thread 524337 construct Actor kDstSubsetTick 1099614388254
I1012 19:30:24.272966  8213 naive_actor.cpp:25] actor 2207613190276 switch to &NaiveActor::HandlerNormal
I1012 19:30:24.273070  8125 runtime_context.cpp:29] DecreaseCounter constructing_actor_cnt, current val is 659
I1012 19:30:24.273111  8213 thread.cpp:96] Thread 1052672 construct Actor kNormalForward 2207613190276
I1012 19:30:24.273270  8213 runtime_context.cpp:29] DecreaseCounter constructing_actor_cnt, current val is 658
I1012 19:30:24.274044  8213 naive_actor.cpp:25] actor 2207613190300 switch to &NaiveActor::HandlerNormal
I1012 19:30:24.274045  8125 naive_actor.cpp:25] actor 1099614388249 switch to &NaiveActor::HandlerNormal
I1012 19:30:24.274163  8213 thread.cpp:96] Thread 1052672 construct Actor kNormalForward 2207613190300
I1012 19:30:24.274241  8125 thread.cpp:96] Thread 524337 construct Actor kDeviceTick 1099614388249
I1012 19:30:24.274341  8213 runtime_context.cpp:29] DecreaseCounter constructing_actor_cnt, current val is 657
I1012 19:30:24.274407  8125 runtime_context.cpp:29] DecreaseCounter constructing_actor_cnt, current val is 656
I1012 19:30:24.275027  8125 naive_actor.cpp:25] actor 1099614388250 switch to &NaiveActor::HandlerNormal
I1012 19:30:24.275120  8125 thread.cpp:96] Thread 524337 construct Actor kSrcSubsetTick 1099614388250
I1012 19:30:24.275226  8125 runtime_context.cpp:29] DecreaseCounter constructing_actor_cnt, current val is 655
I1012 19:30:24.276154  8125 naive_actor.cpp:25] actor 1099614388265 switch to &NaiveActor::HandlerNormal
I1012 19:30:24.276258  8125 thread.cpp:96] Thread 524337 construct Actor kTick 1099614388265
I1012 19:30:24.276353  8125 runtime_context.cpp:29] DecreaseCounter constructing_actor_cnt, current val is 654
I1012 19:30:24.276737  8182 naive_actor.cpp:25] actor 2199023255587 switch to &NaiveActor::HandlerNormal
I1012 19:30:24.276862  8182 thread.cpp:96] Thread 1048576 construct Actor kNormalForward 2199023255587
I1012 19:30:24.276993  8213 naive_actor.cpp:25] actor 2207613190336 switch to &NaiveActor::HandlerNormal
I1012 19:30:24.277006  8182 runtime_context.cpp:29] DecreaseCounter constructing_actor_cnt, current val is 653
I1012 19:30:24.277079  8213 thread.cpp:96] Thread 1052672 construct Actor kNormalForward 2207613190336
I1012 19:30:24.277294  8213 runtime_context.cpp:29] DecreaseCounter constructing_actor_cnt, current val is 652
I1012 19:30:24.277442  8125 naive_actor.cpp:25] actor 1099614388264 switch to &NaiveActor::HandlerNormal
I1012 19:30:24.277513  8125 thread.cpp:96] Thread 524337 construct Actor kTick 1099614388264
I1012 19:30:24.277585  8125 runtime_context.cpp:29] DecreaseCounter constructing_actor_cnt, current val is 651
I1012 19:30:24.278775  8125 naive_actor.cpp:25] actor 1099614388306 switch to &NaiveActor::HandlerNormal
I1012 19:30:24.278863  8125 thread.cpp:96] Thread 524337 construct Actor kTick 1099614388306
I1012 19:30:24.278968  8125 runtime_context.cpp:29] DecreaseCounter constructing_actor_cnt, current val is 650
I1012 19:30:24.279477  8084 naive_actor.cpp:25] actor 1099513724928 switch to &NaiveActor::HandlerNormal
I1012 19:30:24.279611  8084 thread.cpp:96] Thread 524289 construct Actor kNormalForward 1099513724928
I1012 19:30:24.279778  8084 runtime_context.cpp:29] DecreaseCounter constructing_actor_cnt, current val is 649
I1012 19:30:24.279953  8125 naive_actor.cpp:25] actor 1099614388258 switch to &NaiveActor::HandlerNormal
I1012 19:30:24.280040  8125 thread.cpp:96] Thread 524337 construct Actor kDeviceTick 1099614388258
I1012 19:30:24.280123  8125 runtime_context.cpp:29] DecreaseCounter constructing_actor_cnt, current val is 648
I1012 19:30:24.280345  8182 naive_actor.cpp:25] actor 2199023255557 switch to &NaiveActor::HandlerNormal
I1012 19:30:24.280606  8182 thread.cpp:96] Thread 1048576 construct Actor kNormalForward 2199023255557
I1012 19:30:24.280748  8182 runtime_context.cpp:29] DecreaseCounter constructing_actor_cnt, current val is 647
I1012 19:30:24.281355  8125 naive_actor.cpp:25] actor 1099614388263 switch to &NaiveActor::HandlerNormal
I1012 19:30:24.281445  8125 thread.cpp:96] Thread 524337 construct Actor kDstSubsetTick 1099614388263
I1012 19:30:24.281546  8125 runtime_context.cpp:29] DecreaseCounter constructing_actor_cnt, current val is 646
I1012 19:30:24.282204  8125 naive_actor.cpp:25] actor 1099614388259 switch to &NaiveActor::HandlerNormal
I1012 19:30:24.282316  8125 thread.cpp:96] Thread 524337 construct Actor kSrcSubsetTick 1099614388259
I1012 19:30:24.282402  8125 runtime_context.cpp:29] DecreaseCounter constructing_actor_cnt, current val is 645
I1012 19:30:24.282984  8085 naive_actor.cpp:25] actor 1099515822080 switch to &NaiveActor::HandlerNormal
I1012 19:30:24.283095  8085 thread.cpp:96] Thread 524290 construct Actor kNormalForward 1099515822080
I1012 19:30:24.283228  8085 runtime_context.cpp:29] DecreaseCounter constructing_actor_cnt, current val is 644
I1012 19:30:24.283236  8213 naive_actor.cpp:25] actor 2207613190152 switch to &NaiveActor::HandlerNormal
I1012 19:30:24.283365  8213 thread.cpp:96] Thread 1052672 construct Actor kNormalForward 2207613190152
I1012 19:30:24.283463  8213 runtime_context.cpp:29] DecreaseCounter constructing_actor_cnt, current val is 643
I1012 19:30:24.283273  8125 naive_actor.cpp:25] actor 1099614388257 switch to &NaiveActor::HandlerNormal
I1012 19:30:24.283612  8182 naive_actor.cpp:25] actor 2199023255573 switch to &NaiveActor::HandlerNormal
I1012 19:30:24.283684  8182 thread.cpp:96] Thread 1048576 construct Actor kNormalForward 2199023255573
I1012 19:30:24.283614  8125 thread.cpp:96] Thread 524337 construct Actor kTick 1099614388257
I1012 19:30:24.283794  8182 runtime_context.cpp:29] DecreaseCounter constructing_actor_cnt, current val is 642
I1012 19:30:24.283843  8125 runtime_context.cpp:29] DecreaseCounter constructing_actor_cnt, current val is 641
I1012 19:30:24.284794  8125 naive_actor.cpp:25] actor 1099614388262 switch to &NaiveActor::HandlerNormal
I1012 19:30:24.284870  8125 thread.cpp:96] Thread 524337 construct Actor kTick 1099614388262
I1012 19:30:24.284987  8125 runtime_context.cpp:29] DecreaseCounter constructing_actor_cnt, current val is 640
I1012 19:30:24.285955  8213 naive_actor.cpp:25] actor 2207613190145 switch to &NaiveActor::HandlerNormal
I1012 19:30:24.286049  8213 thread.cpp:96] Thread 1052672 construct Actor kNormalForward 2207613190145
I1012 19:30:24.286142  8213 runtime_context.cpp:29] DecreaseCounter constructing_actor_cnt, current val is 639
I1012 19:30:24.286281  8125 naive_actor.cpp:25] actor 1099614388272 switch to &NaiveActor::HandlerNormal
I1012 19:30:24.286360  8125 thread.cpp:96] Thread 524337 construct Actor kDstSubsetTick 1099614388272
I1012 19:30:24.286763  8125 runtime_context.cpp:29] DecreaseCounter constructing_actor_cnt, current val is 638
I1012 19:30:24.286931  8213 naive_actor.cpp:25] actor 2207613190151 switch to &NaiveActor::HandlerNormal
I1012 19:30:24.287015  8213 thread.cpp:96] Thread 1052672 construct Actor kNormalForward 2207613190151
I1012 19:30:24.287093  8213 runtime_context.cpp:29] DecreaseCounter constructing_actor_cnt, current val is 637
I1012 19:30:24.287243  8182 naive_actor.cpp:25] actor 2199023255622 switch to &NaiveActor::HandlerNormal
I1012 19:30:24.287322  8182 thread.cpp:96] Thread 1048576 construct Actor kNormalForward 2199023255622
I1012 19:30:24.287588  8182 runtime_context.cpp:29] DecreaseCounter constructing_actor_cnt, current val is 636
I1012 19:30:24.287957  8125 naive_actor.cpp:25] actor 1099614388274 switch to &NaiveActor::HandlerNormal
I1012 19:30:24.288074  8125 thread.cpp:96] Thread 524337 construct Actor kTick 1099614388274
I1012 19:30:24.288209  8125 runtime_context.cpp:29] DecreaseCounter constructing_actor_cnt, current val is 635
I1012 19:30:24.288436  8083 naive_actor.cpp:25] actor 1099511627776 switch to &NaiveActor::HandlerNormal
I1012 19:30:24.288533  8083 thread.cpp:96] Thread 524288 construct Actor kNormalForward 1099511627776
I1012 19:30:24.288631  8083 runtime_context.cpp:29] DecreaseCounter constructing_actor_cnt, current val is 634
I1012 19:30:24.289108  8213 naive_actor.cpp:25] actor 2207613190150 switch to &NaiveActor::HandlerNormal
I1012 19:30:24.289183  8213 thread.cpp:96] Thread 1052672 construct Actor kNormalForward 2207613190150
I1012 19:30:24.289283  8213 runtime_context.cpp:29] DecreaseCounter constructing_actor_cnt, current val is 633
I1012 19:30:24.289691  8125 naive_actor.cpp:25] actor 1099614388320 switch to &NaiveActor::HandlerNormal
I1012 19:30:24.289786  8125 thread.cpp:96] Thread 524337 construct Actor kTick 1099614388320
I1012 19:30:24.289883  8125 runtime_context.cpp:29] DecreaseCounter constructing_actor_cnt, current val is 632
I1012 19:30:24.290009  8213 naive_actor.cpp:25] actor 2207613190162 switch to &NaiveActor::HandlerNormal
I1012 19:30:24.290252  8213 thread.cpp:96] Thread 1052672 construct Actor kNormalForward 2207613190162
I1012 19:30:24.290329  8213 runtime_context.cpp:29] DecreaseCounter constructing_actor_cnt, current val is 631
I1012 19:30:24.290542  8182 naive_actor.cpp:25] actor 2199023255553 switch to &NaiveActor::HandlerNormal
I1012 19:30:24.290624  8182 thread.cpp:96] Thread 1048576 construct Actor kNormalForward 2199023255553
I1012 19:30:24.290822  8182 runtime_context.cpp:29] DecreaseCounter constructing_actor_cnt, current val is 630
I1012 19:30:24.291096  8213 naive_actor.cpp:25] actor 2207613190146 switch to &NaiveActor::HandlerNormal
I1012 19:30:24.291113  8125 naive_actor.cpp:25] actor 1099614388271 switch to &NaiveActor::HandlerNormal
I1012 19:30:24.291450  8125 thread.cpp:96] Thread 524337 construct Actor kTick 1099614388271
I1012 19:30:24.291241  8213 thread.cpp:96] Thread 1052672 construct Actor kNormalForward 2207613190146
I1012 19:30:24.291678  8213 runtime_context.cpp:29] DecreaseCounter constructing_actor_cnt, current val is 628
I1012 19:30:24.291551  8125 runtime_context.cpp:29] DecreaseCounter constructing_actor_cnt, current val is 629
I1012 19:30:24.292548  8125 naive_actor.cpp:25] actor 1099614388267 switch to &NaiveActor::HandlerNormal
I1012 19:30:24.292661  8125 thread.cpp:96] Thread 524337 construct Actor kDeviceTick 1099614388267
I1012 19:30:24.292680  8213 naive_actor.cpp:25] actor 2207613190169 switch to &NaiveActor::HandlerNormal
I1012 19:30:24.292752  8125 runtime_context.cpp:29] DecreaseCounter constructing_actor_cnt, current val is 627
I1012 19:30:24.292646  8182 naive_actor.cpp:25] actor 2199023255556 switch to &NaiveActor::HandlerNormal
I1012 19:30:24.292810  8213 thread.cpp:96] Thread 1052672 construct Actor kNormalForward 2207613190169
I1012 19:30:24.293052  8182 thread.cpp:96] Thread 1048576 construct Actor kNormalForward 2199023255556
I1012 19:30:24.293186  8213 runtime_context.cpp:29] DecreaseCounter constructing_actor_cnt, current val is 626
I1012 19:30:24.293256  8182 runtime_context.cpp:29] DecreaseCounter constructing_actor_cnt, current val is 625
I1012 19:30:24.293556  8125 naive_actor.cpp:25] actor 1099614388273 switch to &NaiveActor::HandlerNormal
I1012 19:30:24.293728  8125 thread.cpp:96] Thread 524337 construct Actor kTick 1099614388273
I1012 19:30:24.293818  8125 runtime_context.cpp:29] DecreaseCounter constructing_actor_cnt, current val is 624
I1012 19:30:24.294291  8125 naive_actor.cpp:25] actor 1099614388266 switch to &NaiveActor::HandlerNormal
I1012 19:30:24.294368  8125 thread.cpp:96] Thread 524337 construct Actor kTick 1099614388266
I1012 19:30:24.294459  8125 runtime_context.cpp:29] DecreaseCounter constructing_actor_cnt, current val is 623
I1012 19:30:24.295008  8125 naive_actor.cpp:25] actor 1099614388268 switch to &NaiveActor::HandlerNormal
I1012 19:30:24.295161  8125 thread.cpp:96] Thread 524337 construct Actor kSrcSubsetTick 1099614388268
I1012 19:30:24.295331  8125 runtime_context.cpp:29] DecreaseCounter constructing_actor_cnt, current val is 622
I1012 19:30:24.296384  8182 naive_actor.cpp:25] actor 2199023255555 switch to &NaiveActor::HandlerNormal
I1012 19:30:24.296386  8213 naive_actor.cpp:25] actor 2207613190193 switch to &NaiveActor::HandlerNormal
I1012 19:30:24.299553  8213 thread.cpp:96] Thread 1052672 construct Actor kNormalForward 2207613190193
I1012 19:30:24.299448  8182 thread.cpp:96] Thread 1048576 construct Actor kNormalForward 2199023255555
I1012 19:30:24.299700  8213 runtime_context.cpp:29] DecreaseCounter constructing_actor_cnt, current val is 621
I1012 19:30:24.299872  8182 runtime_context.cpp:29] DecreaseCounter constructing_actor_cnt, current val is 620
I1012 19:30:24.300273  8125 naive_actor.cpp:25] actor 1099614388277 switch to &NaiveActor::HandlerNormal
I1012 19:30:24.300374  8125 thread.cpp:96] Thread 524337 construct Actor kSrcSubsetTick 1099614388277
I1012 19:30:24.300490  8125 runtime_context.cpp:29] DecreaseCounter constructing_actor_cnt, current val is 619
I1012 19:30:24.302340  8125 naive_actor.cpp:25] actor 1099614388290 switch to &NaiveActor::HandlerNormal
I1012 19:30:24.302464  8125 thread.cpp:96] Thread 524337 construct Actor kSrcSubsetTick 1099614388290
I1012 19:30:24.302575  8213 naive_actor.cpp:25] actor 2207613190147 switch to &NaiveActor::HandlerNormal
I1012 19:30:24.302632  8125 runtime_context.cpp:29] DecreaseCounter constructing_actor_cnt, current val is 618
I1012 19:30:24.302675  8213 thread.cpp:96] Thread 1052672 construct Actor kNormalForward 2207613190147
I1012 19:30:24.302906  8213 runtime_context.cpp:29] DecreaseCounter constructing_actor_cnt, current val is 617
I1012 19:30:24.303764  8125 naive_actor.cpp:25] actor 1099614388275 switch to &NaiveActor::HandlerNormal
I1012 19:30:24.303923  8125 thread.cpp:96] Thread 524337 construct Actor kDeviceTick 1099614388275
I1012 19:30:24.304028  8125 runtime_context.cpp:29] DecreaseCounter constructing_actor_cnt, current val is 616
I1012 19:30:24.304754  8125 naive_actor.cpp:25] actor 1099614388294 switch to &NaiveActor::HandlerNormal
I1012 19:30:24.304843  8125 thread.cpp:96] Thread 524337 construct Actor kTick 1099614388294
I1012 19:30:24.304937  8125 runtime_context.cpp:29] DecreaseCounter constructing_actor_cnt, current val is 615
I1012 19:30:24.305413  8182 naive_actor.cpp:25] actor 2199023255562 switch to &NaiveActor::HandlerNormal
I1012 19:30:24.305600  8182 thread.cpp:96] Thread 1048576 construct Actor kNormalForward 2199023255562
I1012 19:30:24.305712  8182 runtime_context.cpp:29] DecreaseCounter constructing_actor_cnt, current val is 614
I1012 19:30:24.305856  8125 naive_actor.cpp:25] actor 1099614388292 switch to &NaiveActor::HandlerNormal
I1012 19:30:24.305955  8125 thread.cpp:96] Thread 524337 construct Actor kTick 1099614388292
I1012 19:30:24.306151  8125 runtime_context.cpp:29] DecreaseCounter constructing_actor_cnt, current val is 613
I1012 19:30:24.306654  8213 naive_actor.cpp:25] actor 2207613190144 switch to &NaiveActor::HandlerNormal
I1012 19:30:24.306767  8213 thread.cpp:96] Thread 1052672 construct Actor kNormalForward 2207613190144
I1012 19:30:24.306898  8213 runtime_context.cpp:29] DecreaseCounter constructing_actor_cnt, current val is 612
I1012 19:30:24.307101  8125 naive_actor.cpp:25] actor 1099614388300 switch to &NaiveActor::HandlerNormal
I1012 19:30:24.307220  8125 thread.cpp:96] Thread 524337 construct Actor kTick 1099614388300
I1012 19:30:24.307695  8125 runtime_context.cpp:29] DecreaseCounter constructing_actor_cnt, current val is 611
I1012 19:30:24.307806  8182 naive_actor.cpp:25] actor 2199023255561 switch to &NaiveActor::HandlerNormal
I1012 19:30:24.308001  8182 thread.cpp:96] Thread 1048576 construct Actor kNormalForward 2199023255561
I1012 19:30:24.308203  8182 runtime_context.cpp:29] DecreaseCounter constructing_actor_cnt, current val is 610
I1012 19:30:24.308354  8125 naive_actor.cpp:25] actor 1099614388283 switch to &NaiveActor::HandlerNormal
I1012 19:30:24.308557  8125 thread.cpp:96] Thread 524337 construct Actor kTick 1099614388283
I1012 19:30:24.308640  8125 runtime_context.cpp:29] DecreaseCounter constructing_actor_cnt, current val is 609
I1012 19:30:24.309299  8125 naive_actor.cpp:25] actor 1099614388276 switch to &NaiveActor::HandlerNormal
I1012 19:30:24.309495  8125 thread.cpp:96] Thread 524337 construct Actor kDeviceTick 1099614388276
I1012 19:30:24.309581  8125 runtime_context.cpp:29] DecreaseCounter constructing_actor_cnt, current val is 608
I1012 19:30:24.310259  8182 naive_actor.cpp:25] actor 2199023255564 switch to &NaiveActor::HandlerNormal
I1012 19:30:24.310444  8182 thread.cpp:96] Thread 1048576 construct Actor kNormalForward 2199023255564
I1012 19:30:24.310458  8213 naive_actor.cpp:25] actor 2207613190154 switch to &NaiveActor::HandlerNormal
I1012 19:30:24.310663  8213 thread.cpp:96] Thread 1052672 construct Actor kNormalForward 2207613190154
I1012 19:30:24.310875  8213 runtime_context.cpp:29] DecreaseCounter constructing_actor_cnt, current val is 606
I1012 19:30:24.312191  8213 naive_actor.cpp:25] actor 2207613190155 switch to &NaiveActor::HandlerNormal
I1012 19:30:24.312325  8213 thread.cpp:96] Thread 1052672 construct Actor kNormalForward 2207613190155
I1012 19:30:24.310575  8182 runtime_context.cpp:29] DecreaseCounter constructing_actor_cnt, current val is 607
I1012 19:30:24.312541  8213 runtime_context.cpp:29] DecreaseCounter constructing_actor_cnt, current val is 605
I1012 19:30:24.310516  8125 naive_actor.cpp:25] actor 1099614388285 switch to &NaiveActor::HandlerNormal
I1012 19:30:24.312834  8125 thread.cpp:96] Thread 524337 construct Actor kTick 1099614388285
I1012 19:30:24.312955  8125 runtime_context.cpp:29] DecreaseCounter constructing_actor_cnt, current val is 604
I1012 19:30:24.313722  8125 naive_actor.cpp:25] actor 1099614388282 switch to &NaiveActor::HandlerNormal
I1012 19:30:24.313966  8125 thread.cpp:96] Thread 524337 construct Actor kTick 1099614388282
I1012 19:30:24.314069  8125 runtime_context.cpp:29] DecreaseCounter constructing_actor_cnt, current val is 603
I1012 19:30:24.314867  8125 naive_actor.cpp:25] actor 1099614388295 switch to &NaiveActor::HandlerNormal
I1012 19:30:24.315022  8125 thread.cpp:96] Thread 524337 construct Actor kTick 1099614388295
I1012 19:30:24.315135  8125 runtime_context.cpp:29] DecreaseCounter constructing_actor_cnt, current val is 602
I1012 19:30:24.315313  8213 naive_actor.cpp:25] actor 2207613190179 switch to &NaiveActor::HandlerNormal
I1012 19:30:24.315532  8213 thread.cpp:96] Thread 1052672 construct Actor kNormalForward 2207613190179
I1012 19:30:24.315726  8213 runtime_context.cpp:29] DecreaseCounter constructing_actor_cnt, current val is 601
I1012 19:30:24.315817  8182 naive_actor.cpp:25] actor 2199023255552 switch to &NaiveActor::HandlerNormal
I1012 19:30:24.316074  8182 thread.cpp:96] Thread 1048576 construct Actor kNormalForward 2199023255552
I1012 19:30:24.316201  8182 runtime_context.cpp:29] DecreaseCounter constructing_actor_cnt, current val is 600
I1012 19:30:24.316298  8125 naive_actor.cpp:25] actor 1099614388281 switch to &NaiveActor::HandlerNormal
I1012 19:30:24.316351  8125 thread.cpp:96] Thread 524337 construct Actor kDstSubsetTick 1099614388281
I1012 19:30:24.316473  8125 runtime_context.cpp:29] DecreaseCounter constructing_actor_cnt, current val is 599
I1012 19:30:24.318681  8125 naive_actor.cpp:25] actor 1099614388280 switch to &NaiveActor::HandlerNormal
I1012 19:30:24.318892  8125 thread.cpp:96] Thread 524337 construct Actor kTick 1099614388280
I1012 19:30:24.319062  8125 runtime_context.cpp:29] DecreaseCounter constructing_actor_cnt, current val is 598
I1012 19:30:24.321487  8182 naive_actor.cpp:25] actor 2199023255558 switch to &NaiveActor::HandlerNormal
I1012 19:30:24.321628  8182 thread.cpp:96] Thread 1048576 construct Actor kNormalForward 2199023255558
I1012 19:30:24.321759  8182 runtime_context.cpp:29] DecreaseCounter constructing_actor_cnt, current val is 597
I1012 19:30:24.321607  8125 naive_actor.cpp:25] actor 1099614388288 switch to &NaiveActor::HandlerNormal
I1012 19:30:24.321981  8125 thread.cpp:96] Thread 524337 construct Actor kTick 1099614388288
I1012 19:30:24.322099  8125 runtime_context.cpp:29] DecreaseCounter constructing_actor_cnt, current val is 596
I1012 19:30:24.322324  8213 naive_actor.cpp:25] actor 2207613190217 switch to &NaiveActor::HandlerNormal
I1012 19:30:24.322480  8213 thread.cpp:96] Thread 1052672 construct Actor kNormalForward 2207613190217
I1012 19:30:24.322626  8213 runtime_context.cpp:29] DecreaseCounter constructing_actor_cnt, current val is 595
I1012 19:30:24.325085  8125 naive_actor.cpp:25] actor 1099614388293 switch to &NaiveActor::HandlerNormal
I1012 19:30:24.325321  8125 thread.cpp:96] Thread 524337 construct Actor kDstSubsetTick 1099614388293
I1012 19:30:24.325589  8125 runtime_context.cpp:29] DecreaseCounter constructing_actor_cnt, current val is 594
I1012 19:30:24.326251  8182 naive_actor.cpp:25] actor 2199023255581 switch to &NaiveActor::HandlerNormal
I1012 19:30:24.326274  8213 naive_actor.cpp:25] actor 2207613190153 switch to &NaiveActor::HandlerNormal
I1012 19:30:24.326469  8182 thread.cpp:96] Thread 1048576 construct Actor kNormalForward 2199023255581
I1012 19:30:24.326709  8182 runtime_context.cpp:29] DecreaseCounter constructing_actor_cnt, current val is 593
I1012 19:30:24.326499  8125 naive_actor.cpp:25] actor 1099614388284 switch to &NaiveActor::HandlerNormal
I1012 19:30:24.326578  8213 thread.cpp:96] Thread 1052672 construct Actor kNormalForward 2207613190153
I1012 19:30:24.327072  8213 runtime_context.cpp:29] DecreaseCounter constructing_actor_cnt, current val is 592
I1012 19:30:24.326926  8125 thread.cpp:96] Thread 524337 construct Actor kTick 1099614388284
I1012 19:30:24.327296  8125 runtime_context.cpp:29] DecreaseCounter constructing_actor_cnt, current val is 591
I1012 19:30:24.327386  8182 naive_actor.cpp:25] actor 2199023255559 switch to &NaiveActor::HandlerNormal
I1012 19:30:24.327450  8182 thread.cpp:96] Thread 1048576 construct Actor kNormalForward 2199023255559
I1012 19:30:24.327607  8182 runtime_context.cpp:29] DecreaseCounter constructing_actor_cnt, current val is 590
I1012 19:30:24.328302  8182 naive_actor.cpp:25] actor 2199023255605 switch to &NaiveActor::HandlerNormal
I1012 19:30:24.328382  8182 thread.cpp:96] Thread 1048576 construct Actor kNormalForward 2199023255605
I1012 19:30:24.328509  8182 runtime_context.cpp:29] DecreaseCounter constructing_actor_cnt, current val is 589
I1012 19:30:24.328946  8213 naive_actor.cpp:25] actor 2207613190241 switch to &NaiveActor::HandlerNormal
I1012 19:30:24.329048  8213 thread.cpp:96] Thread 1052672 construct Actor kNormalForward 2207613190241
I1012 19:30:24.329157  8213 runtime_context.cpp:29] DecreaseCounter constructing_actor_cnt, current val is 588
I1012 19:30:24.329587  8125 esac_actor.cpp:73] actor 1099614388326 switch to &EsacActor::HandlerNormal
I1012 19:30:24.329761  8125 thread.cpp:96] Thread 524337 construct Actor kEsac 1099614388326
I1012 19:30:24.329977  8125 runtime_context.cpp:29] DecreaseCounter constructing_actor_cnt, current val is 587
I1012 19:30:24.331430  8125 naive_actor.cpp:25] actor 1099614388303 switch to &NaiveActor::HandlerNormal
I1012 19:30:24.331586  8125 thread.cpp:96] Thread 524337 construct Actor kTick 1099614388303
I1012 19:30:24.331606  8213 naive_actor.cpp:25] actor 2207613190265 switch to &NaiveActor::HandlerNormal
I1012 19:30:24.331733  8213 thread.cpp:96] Thread 1052672 construct Actor kNormalForward 2207613190265
I1012 19:30:24.331708  8182 naive_actor.cpp:25] actor 2199023255582 switch to &NaiveActor::HandlerNormal
I1012 19:30:24.331862  8213 runtime_context.cpp:29] DecreaseCounter constructing_actor_cnt, current val is 585
I1012 19:30:24.331871  8182 thread.cpp:96] Thread 1048576 construct Actor kNormalForward 2199023255582
I1012 19:30:24.332034  8182 runtime_context.cpp:29] DecreaseCounter constructing_actor_cnt, current val is 584
I1012 19:30:24.331689  8125 runtime_context.cpp:29] DecreaseCounter constructing_actor_cnt, current val is 586
I1012 19:30:24.333911  8182 naive_actor.cpp:25] actor 2199023255584 switch to &NaiveActor::HandlerNormal
I1012 19:30:24.334035  8182 thread.cpp:96] Thread 1048576 construct Actor kNormalForward 2199023255584
I1012 19:30:24.334148  8182 runtime_context.cpp:29] DecreaseCounter constructing_actor_cnt, current val is 583
I1012 19:30:24.334095  8125 naive_actor.cpp:25] actor 1099614388333 switch to &NaiveActor::HandlerNormal
I1012 19:30:24.334440  8125 thread.cpp:96] Thread 524337 construct Actor kTick 1099614388333
I1012 19:30:24.334633  8125 runtime_context.cpp:29] DecreaseCounter constructing_actor_cnt, current val is 582
I1012 19:30:24.335844  8213 naive_actor.cpp:25] actor 2207613190289 switch to &NaiveActor::HandlerNormal
I1012 19:30:24.335878  8125 naive_actor.cpp:25] actor 1099614388332 switch to &NaiveActor::HandlerNormal
I1012 19:30:24.336056  8125 thread.cpp:96] Thread 524337 construct Actor kTick 1099614388332
I1012 19:30:24.335985  8213 thread.cpp:96] Thread 1052672 construct Actor kNormalForward 2207613190289
I1012 19:30:24.336319  8213 runtime_context.cpp:29] DecreaseCounter constructing_actor_cnt, current val is 580
I1012 19:30:24.336169  8125 runtime_context.cpp:29] DecreaseCounter constructing_actor_cnt, current val is 581
I1012 19:30:24.336710  8182 naive_actor.cpp:25] actor 2199023255608 switch to &NaiveActor::HandlerNormal
I1012 19:30:24.336833  8182 thread.cpp:96] Thread 1048576 construct Actor kNormalForward 2199023255608
I1012 19:30:24.337038  8182 runtime_context.cpp:29] DecreaseCounter constructing_actor_cnt, current val is 579
I1012 19:30:24.337241  8125 naive_actor.cpp:25] actor 1099614388321 switch to &NaiveActor::HandlerNormal
I1012 19:30:24.337436  8125 thread.cpp:96] Thread 524337 construct Actor kTick 1099614388321
I1012 19:30:24.337592  8125 runtime_context.cpp:29] DecreaseCounter constructing_actor_cnt, current val is 578
I1012 19:30:24.339898  8213 naive_actor.cpp:25] actor 2207613190325 switch to &NaiveActor::HandlerNormal
I1012 19:30:24.340030  8213 thread.cpp:96] Thread 1052672 construct Actor kNormalForward 2207613190325
I1012 19:30:24.340170  8213 runtime_context.cpp:29] DecreaseCounter constructing_actor_cnt, current val is 577
I1012 19:30:24.340230  8125 naive_actor.cpp:25] actor 1099614388316 switch to &NaiveActor::HandlerNormal
I1012 19:30:24.340378  8125 thread.cpp:96] Thread 524337 construct Actor kTick 1099614388316
I1012 19:30:24.340728  8125 runtime_context.cpp:29] DecreaseCounter constructing_actor_cnt, current val is 576
I1012 19:30:24.340878  8182 naive_actor.cpp:25] actor 2199023255574 switch to &NaiveActor::HandlerNormal
I1012 19:30:24.340994  8182 thread.cpp:96] Thread 1048576 construct Actor kNormalForward 2199023255574
I1012 19:30:24.341105  8182 runtime_context.cpp:29] DecreaseCounter constructing_actor_cnt, current val is 575
I1012 19:30:24.342345  8125 naive_actor.cpp:25] actor 1099614388329 switch to &NaiveActor::HandlerNormal
I1012 19:30:24.342519  8213 naive_actor.cpp:25] actor 2207613190160 switch to &NaiveActor::HandlerNormal
I1012 19:30:24.342612  8213 thread.cpp:96] Thread 1052672 construct Actor kNormalForward 2207613190160
I1012 19:30:24.342752  8213 runtime_context.cpp:29] DecreaseCounter constructing_actor_cnt, current val is 574
I1012 19:30:24.342468  8125 thread.cpp:96] Thread 524337 construct Actor kTick 1099614388329
I1012 19:30:24.343200  8125 runtime_context.cpp:29] DecreaseCounter constructing_actor_cnt, current val is 573
I1012 19:30:24.343525  8213 naive_actor.cpp:25] actor 2207613190164 switch to &NaiveActor::HandlerNormal
I1012 19:30:24.343611  8213 thread.cpp:96] Thread 1052672 construct Actor kNormalForward 2207613190164
I1012 19:30:24.343694  8213 runtime_context.cpp:29] DecreaseCounter constructing_actor_cnt, current val is 572
I1012 19:30:24.343976  8182 naive_actor.cpp:25] actor 2199023255580 switch to &NaiveActor::HandlerNormal
I1012 19:30:24.344111  8182 thread.cpp:96] Thread 1048576 construct Actor kNormalForward 2199023255580
I1012 19:30:24.344377  8182 runtime_context.cpp:29] DecreaseCounter constructing_actor_cnt, current val is 571
I1012 19:30:24.344512  8125 naive_actor.cpp:25] actor 1099614388325 switch to &NaiveActor::HandlerNormal
I1012 19:30:24.344606  8125 thread.cpp:96] Thread 524337 construct Actor kTick 1099614388325
I1012 19:30:24.344835  8125 runtime_context.cpp:29] DecreaseCounter constructing_actor_cnt, current val is 570
I1012 19:30:24.345575  8125 naive_actor.cpp:25] actor 1099614388323 switch to &NaiveActor::HandlerNormal
I1012 19:30:24.345686  8125 thread.cpp:96] Thread 524337 construct Actor kTick 1099614388323
I1012 19:30:24.346228  8125 runtime_context.cpp:29] DecreaseCounter constructing_actor_cnt, current val is 569
I1012 19:30:24.346623  8182 naive_actor.cpp:25] actor 2199023255604 switch to &NaiveActor::HandlerNormal
I1012 19:30:24.346777  8182 thread.cpp:96] Thread 1048576 construct Actor kNormalForward 2199023255604
I1012 19:30:24.347002  8182 runtime_context.cpp:29] DecreaseCounter constructing_actor_cnt, current val is 568
I1012 19:30:24.348453  8125 naive_actor.cpp:25] actor 1099614388328 switch to &NaiveActor::HandlerNormal
I1012 19:30:24.348497  8182 naive_actor.cpp:25] actor 2199023255570 switch to &NaiveActor::HandlerNormal
I1012 19:30:24.348711  8182 thread.cpp:96] Thread 1048576 construct Actor kNormalForward 2199023255570
I1012 19:30:24.348799  8182 runtime_context.cpp:29] DecreaseCounter constructing_actor_cnt, current val is 567
I1012 19:30:24.348614  8125 thread.cpp:96] Thread 524337 construct Actor kTick 1099614388328
I1012 19:30:24.349002  8125 runtime_context.cpp:29] DecreaseCounter constructing_actor_cnt, current val is 566
I1012 19:30:24.349663  8213 naive_actor.cpp:25] actor 2207613190220 switch to &NaiveActor::HandlerNormal
I1012 19:30:24.349802  8213 thread.cpp:96] Thread 1052672 construct Actor kNormalForward 2207613190220
I1012 19:30:24.349934  8213 runtime_context.cpp:29] DecreaseCounter constructing_actor_cnt, current val is 565
I1012 19:30:24.350215  8125 naive_actor.cpp:25] actor 1099614388299 switch to &NaiveActor::HandlerNormal
I1012 19:30:24.350713  8125 thread.cpp:96] Thread 524337 construct Actor kTick 1099614388299
I1012 19:30:24.350827  8182 naive_actor.cpp:25] actor 2199023255567 switch to &NaiveActor::HandlerNormal
I1012 19:30:24.350915  8182 thread.cpp:96] Thread 1048576 construct Actor kNormalForward 2199023255567
I1012 19:30:24.351006  8182 runtime_context.cpp:29] DecreaseCounter constructing_actor_cnt, current val is 563
I1012 19:30:24.350901  8125 runtime_context.cpp:29] DecreaseCounter constructing_actor_cnt, current val is 564
I1012 19:30:24.354674  8125 naive_actor.cpp:25] actor 1099614388304 switch to &NaiveActor::HandlerNormal
I1012 19:30:24.354893  8125 thread.cpp:96] Thread 524337 construct Actor kTick 1099614388304
I1012 19:30:24.354893  8213 naive_actor.cpp:25] actor 2207613190176 switch to &NaiveActor::HandlerNormal
I1012 19:30:24.355080  8125 runtime_context.cpp:29] DecreaseCounter constructing_actor_cnt, current val is 562
I1012 19:30:24.355156  8213 thread.cpp:96] Thread 1052672 construct Actor kNormalForward 2207613190176
I1012 19:30:24.355489  8213 runtime_context.cpp:29] DecreaseCounter constructing_actor_cnt, current val is 561
I1012 19:30:24.356053  8182 naive_actor.cpp:25] actor 2199023255597 switch to &NaiveActor::HandlerNormal
I1012 19:30:24.356196  8182 thread.cpp:96] Thread 1048576 construct Actor kNormalForward 2199023255597
I1012 19:30:24.356390  8182 runtime_context.cpp:29] DecreaseCounter constructing_actor_cnt, current val is 560
I1012 19:30:24.359629  8125 reentrant_lock_actor.cpp:76] actor 1099614388296 switch to &ReentrantLockActor::HandlerNormal
I1012 19:30:24.360306  8182 naive_actor.cpp:25] actor 2199023255554 switch to &NaiveActor::HandlerNormal
I1012 19:30:24.360414  8182 thread.cpp:96] Thread 1048576 construct Actor kNormalForward 2199023255554
I1012 19:30:24.359989  8125 thread.cpp:96] Thread 524337 construct Actor kReentrantLock 1099614388296
I1012 19:30:24.360463  8213 naive_actor.cpp:25] actor 2207613190168 switch to &NaiveActor::HandlerNormal
I1012 19:30:24.360558  8182 runtime_context.cpp:29] DecreaseCounter constructing_actor_cnt, current val is 559
I1012 19:30:24.360661  8125 runtime_context.cpp:29] DecreaseCounter constructing_actor_cnt, current val is 558
I1012 19:30:24.364145  8213 thread.cpp:96] Thread 1052672 construct Actor kNormalForward 2207613190168
I1012 19:30:24.364670  8213 runtime_context.cpp:29] DecreaseCounter constructing_actor_cnt, current val is 557
I1012 19:30:24.365954  8125 naive_actor.cpp:25] actor 1099614388305 switch to &NaiveActor::HandlerNormal
I1012 19:30:24.366140  8125 thread.cpp:96] Thread 524337 construct Actor kTick 1099614388305
I1012 19:30:24.366293  8125 runtime_context.cpp:29] DecreaseCounter constructing_actor_cnt, current val is 556
I1012 19:30:24.367309  8213 naive_actor.cpp:25] actor 2207613190174 switch to &NaiveActor::HandlerNormal
I1012 19:30:24.367439  8213 thread.cpp:96] Thread 1052672 construct Actor kNormalForward 2207613190174
I1012 19:30:24.367558  8213 runtime_context.cpp:29] DecreaseCounter constructing_actor_cnt, current val is 555
I1012 19:30:24.368360  8125 naive_actor.cpp:25] actor 1099614388309 switch to &NaiveActor::HandlerNormal
I1012 19:30:24.368484  8125 thread.cpp:96] Thread 524337 construct Actor kTick 1099614388309
I1012 19:30:24.368640  8125 runtime_context.cpp:29] DecreaseCounter constructing_actor_cnt, current val is 554
I1012 19:30:24.368551  8182 naive_actor.cpp:25] actor 2199023255646 switch to &NaiveActor::HandlerNormal
I1012 19:30:24.368820  8182 thread.cpp:96] Thread 1048576 construct Actor kNormalForward 2199023255646
I1012 19:30:24.369038  8182 runtime_context.cpp:29] DecreaseCounter constructing_actor_cnt, current val is 553
I1012 19:30:24.369483  8213 naive_actor.cpp:25] actor 2207613190216 switch to &NaiveActor::HandlerNormal
I1012 19:30:24.369587  8213 thread.cpp:96] Thread 1052672 construct Actor kNormalForward 2207613190216
I1012 19:30:24.369707  8213 runtime_context.cpp:29] DecreaseCounter constructing_actor_cnt, current val is 552
I1012 19:30:24.369946  8125 naive_actor.cpp:25] actor 1099614388315 switch to &NaiveActor::HandlerNormal
I1012 19:30:24.370076  8125 thread.cpp:96] Thread 524337 construct Actor kTick 1099614388315
I1012 19:30:24.370352  8125 runtime_context.cpp:29] DecreaseCounter constructing_actor_cnt, current val is 551
I1012 19:30:24.371367  8213 naive_actor.cpp:25] actor 2207613190173 switch to &NaiveActor::HandlerNormal
I1012 19:30:24.371418  8125 naive_actor.cpp:25] actor 1099614388301 switch to &NaiveActor::HandlerNormal
I1012 19:30:24.371574  8125 thread.cpp:96] Thread 524337 construct Actor kTick 1099614388301
I1012 19:30:24.371661  8125 runtime_context.cpp:29] DecreaseCounter constructing_actor_cnt, current val is 550
I1012 19:30:24.371484  8213 thread.cpp:96] Thread 1052672 construct Actor kNormalForward 2207613190173
I1012 19:30:24.371556  8182 naive_actor.cpp:25] actor 2199023255576 switch to &NaiveActor::HandlerNormal
I1012 19:30:24.388484  8213 runtime_context.cpp:29] DecreaseCounter constructing_actor_cnt, current val is 549
I1012 19:30:24.388521  8182 thread.cpp:96] Thread 1048576 construct Actor kNormalForward 2199023255576
I1012 19:30:24.388756  8182 runtime_context.cpp:29] DecreaseCounter constructing_actor_cnt, current val is 548
I1012 19:30:24.372047  8125 naive_actor.cpp:25] actor 1099614388307 switch to &NaiveActor::HandlerNormal
I1012 19:30:24.388976  8125 thread.cpp:96] Thread 524337 construct Actor kTick 1099614388307
I1012 19:30:24.389132  8125 runtime_context.cpp:29] DecreaseCounter constructing_actor_cnt, current val is 547
I1012 19:30:24.389540  8213 naive_actor.cpp:25] actor 2207613190197 switch to &NaiveActor::HandlerNormal
I1012 19:30:24.389631  8213 thread.cpp:96] Thread 1052672 construct Actor kNormalForward 2207613190197
I1012 19:30:24.389734  8213 runtime_context.cpp:29] DecreaseCounter constructing_actor_cnt, current val is 546
I1012 19:30:24.390411  8125 naive_actor.cpp:25] actor 1099614388312 switch to &NaiveActor::HandlerNormal
I1012 19:30:24.390514  8125 thread.cpp:96] Thread 524337 construct Actor kTick 1099614388312
I1012 19:30:24.390614  8125 runtime_context.cpp:29] DecreaseCounter constructing_actor_cnt, current val is 545
I1012 19:30:24.390677  8182 naive_actor.cpp:25] actor 2199023255579 switch to &NaiveActor::HandlerNormal
I1012 19:30:24.391012  8182 thread.cpp:96] Thread 1048576 construct Actor kNormalForward 2199023255579
I1012 19:30:24.391129  8182 runtime_context.cpp:29] DecreaseCounter constructing_actor_cnt, current val is 544
I1012 19:30:24.391081  8125 naive_actor.cpp:25] actor 1099614388302 switch to &NaiveActor::HandlerNormal
I1012 19:30:24.391408  8125 thread.cpp:96] Thread 524337 construct Actor kTick 1099614388302
I1012 19:30:24.391552  8125 runtime_context.cpp:29] DecreaseCounter constructing_actor_cnt, current val is 543
I1012 19:30:24.392099  8213 naive_actor.cpp:25] actor 2207613190186 switch to &NaiveActor::HandlerNormal
I1012 19:30:24.392201  8213 thread.cpp:96] Thread 1052672 construct Actor kNormalForward 2207613190186
I1012 19:30:24.392310  8213 runtime_context.cpp:29] DecreaseCounter constructing_actor_cnt, current val is 542
I1012 19:30:24.392724  8125 naive_actor.cpp:25] actor 1099614388319 switch to &NaiveActor::HandlerNormal
I1012 19:30:24.392812  8125 thread.cpp:96] Thread 524337 construct Actor kTick 1099614388319
I1012 19:30:24.392901  8125 runtime_context.cpp:29] DecreaseCounter constructing_actor_cnt, current val is 541
I1012 19:30:24.393759  8182 naive_actor.cpp:25] actor 2199023255578 switch to &NaiveActor::HandlerNormal
I1012 19:30:24.393937  8182 thread.cpp:96] Thread 1048576 construct Actor kNormalForward 2199023255578
I1012 19:30:24.394073  8182 runtime_context.cpp:29] DecreaseCounter constructing_actor_cnt, current val is 540
I1012 19:30:24.394258  8125 naive_actor.cpp:25] actor 1099614388327 switch to &NaiveActor::HandlerNormal
I1012 19:30:24.394356  8125 thread.cpp:96] Thread 524337 construct Actor kTick 1099614388327
I1012 19:30:24.394474  8125 runtime_context.cpp:29] DecreaseCounter constructing_actor_cnt, current val is 539
I1012 19:30:24.394762  8213 naive_actor.cpp:25] actor 2207613190165 switch to &NaiveActor::HandlerNormal
I1012 19:30:24.394867  8213 thread.cpp:96] Thread 1052672 construct Actor kNormalForward 2207613190165
I1012 19:30:24.394976  8213 runtime_context.cpp:29] DecreaseCounter constructing_actor_cnt, current val is 538
I1012 19:30:24.395435  8125 naive_actor.cpp:25] actor 1099614388317 switch to &NaiveActor::HandlerNormal
I1012 19:30:24.395542  8125 thread.cpp:96] Thread 524337 construct Actor kTick 1099614388317
I1012 19:30:24.395658  8125 runtime_context.cpp:29] DecreaseCounter constructing_actor_cnt, current val is 537
I1012 19:30:24.395525  8182 naive_actor.cpp:25] actor 2199023255586 switch to &NaiveActor::HandlerNormal
I1012 19:30:24.395939  8182 thread.cpp:96] Thread 1048576 construct Actor kNormalForward 2199023255586
I1012 19:30:24.396131  8182 runtime_context.cpp:29] DecreaseCounter constructing_actor_cnt, current val is 536
I1012 19:30:24.396255  8125 naive_actor.cpp:25] actor 1099614388313 switch to &NaiveActor::HandlerNormal
I1012 19:30:24.396315  8125 thread.cpp:96] Thread 524337 construct Actor kTick 1099614388313
I1012 19:30:24.396448  8125 runtime_context.cpp:29] DecreaseCounter constructing_actor_cnt, current val is 535
I1012 19:30:24.397161  8213 naive_actor.cpp:25] actor 2207613190158 switch to &NaiveActor::HandlerNormal
I1012 19:30:24.397266  8213 thread.cpp:96] Thread 1052672 construct Actor kNormalForward 2207613190158
I1012 19:30:24.397377  8213 runtime_context.cpp:29] DecreaseCounter constructing_actor_cnt, current val is 534
I1012 19:30:24.397672  8125 naive_actor.cpp:25] actor 1099614388331 switch to &NaiveActor::HandlerNormal
I1012 19:30:24.397837  8125 thread.cpp:96] Thread 524337 construct Actor kTick 1099614388331
I1012 19:30:24.397940  8125 runtime_context.cpp:29] DecreaseCounter constructing_actor_cnt, current val is 533
I1012 19:30:24.399170  8125 naive_actor.cpp:25] actor 1099614388308 switch to &NaiveActor::HandlerNormal
I1012 19:30:24.399264  8125 thread.cpp:96] Thread 524337 construct Actor kTick 1099614388308
I1012 19:30:24.399365  8125 runtime_context.cpp:29] DecreaseCounter constructing_actor_cnt, current val is 532
I1012 19:30:24.399246  8182 naive_actor.cpp:25] actor 2199023255610 switch to &NaiveActor::HandlerNormal
I1012 19:30:24.399544  8182 thread.cpp:96] Thread 1048576 construct Actor kNormalForward 2199023255610
I1012 19:30:24.399735  8182 runtime_context.cpp:29] DecreaseCounter constructing_actor_cnt, current val is 531
I1012 19:30:24.400166  8125 naive_actor.cpp:25] actor 1099614388322 switch to &NaiveActor::HandlerNormal
I1012 19:30:24.400305  8125 thread.cpp:96] Thread 524337 construct Actor kTick 1099614388322
I1012 19:30:24.400465  8125 runtime_context.cpp:29] DecreaseCounter constructing_actor_cnt, current val is 530
I1012 19:30:24.401185  8213 naive_actor.cpp:25] actor 2207613190161 switch to &NaiveActor::HandlerNormal
I1012 19:30:24.401365  8213 thread.cpp:96] Thread 1052672 construct Actor kNormalForward 2207613190161
I1012 19:30:24.401245  8125 naive_actor.cpp:25] actor 1099614388324 switch to &NaiveActor::HandlerNormal
I1012 19:30:24.401511  8125 thread.cpp:96] Thread 524337 construct Actor kTick 1099614388324
I1012 19:30:24.401645  8125 runtime_context.cpp:29] DecreaseCounter constructing_actor_cnt, current val is 529
I1012 19:30:24.402007  8213 runtime_context.cpp:29] DecreaseCounter constructing_actor_cnt, current val is 528
I1012 19:30:24.403306  8182 naive_actor.cpp:25] actor 2199023255575 switch to &NaiveActor::HandlerNormal
I1012 19:30:24.403448  8182 thread.cpp:96] Thread 1048576 construct Actor kNormalForward 2199023255575
I1012 19:30:24.403587  8182 runtime_context.cpp:29] DecreaseCounter constructing_actor_cnt, current val is 527
I1012 19:30:24.403410  8125 naive_actor.cpp:25] actor 1099614388330 switch to &NaiveActor::HandlerNormal
I1012 19:30:24.403797  8125 thread.cpp:96] Thread 524337 construct Actor kTick 1099614388330
I1012 19:30:24.403910  8125 runtime_context.cpp:29] DecreaseCounter constructing_actor_cnt, current val is 526
I1012 19:30:24.438802  8125 esac_actor.cpp:73] actor 1099614388334 switch to &EsacActor::HandlerNormal
I1012 19:30:24.439090  8213 naive_actor.cpp:25] actor 2207613190159 switch to &NaiveActor::HandlerNormal
I1012 19:30:24.442226  8125 thread.cpp:96] Thread 524337 construct Actor kEsac 1099614388334
I1012 19:30:24.442350  8213 thread.cpp:96] Thread 1052672 construct Actor kNormalForward 2207613190159
I1012 19:30:24.442509  8125 runtime_context.cpp:29] DecreaseCounter constructing_actor_cnt, current val is 525
I1012 19:30:24.442509  8213 runtime_context.cpp:29] DecreaseCounter constructing_actor_cnt, current val is 524
I1012 19:30:24.443169  8125 naive_actor.cpp:25] actor 1099614388310 switch to &NaiveActor::HandlerNormal
I1012 19:30:24.443245  8125 thread.cpp:96] Thread 524337 construct Actor kTick 1099614388310
I1012 19:30:24.443329  8125 runtime_context.cpp:29] DecreaseCounter constructing_actor_cnt, current val is 523
I1012 19:30:24.443490  8182 naive_actor.cpp:25] actor 2199023255632 switch to &NaiveActor::HandlerNormal
I1012 19:30:24.443706  8182 thread.cpp:96] Thread 1048576 construct Actor kNormalForward 2199023255632
I1012 19:30:24.443864  8182 runtime_context.cpp:29] DecreaseCounter constructing_actor_cnt, current val is 522
I1012 19:30:24.443888  8125 naive_actor.cpp:25] actor 1099614388314 switch to &NaiveActor::HandlerNormal
I1012 19:30:24.444003  8125 thread.cpp:96] Thread 524337 construct Actor kTick 1099614388314
I1012 19:30:24.444080  8125 runtime_context.cpp:29] DecreaseCounter constructing_actor_cnt, current val is 521
I1012 19:30:24.444451  8213 naive_actor.cpp:25] actor 2207613190163 switch to &NaiveActor::HandlerNormal
I1012 19:30:24.444552  8213 thread.cpp:96] Thread 1052672 construct Actor kNormalForward 2207613190163
I1012 19:30:24.444566  8125 naive_actor.cpp:25] actor 1099614388311 switch to &NaiveActor::HandlerNormal
I1012 19:30:24.444649  8213 runtime_context.cpp:29] DecreaseCounter constructing_actor_cnt, current val is 520
I1012 19:30:24.444646  8125 thread.cpp:96] Thread 524337 construct Actor kTick 1099614388311
I1012 19:30:24.444773  8125 runtime_context.cpp:29] DecreaseCounter constructing_actor_cnt, current val is 519
I1012 19:30:24.446149  8213 naive_actor.cpp:25] actor 2207613190170 switch to &NaiveActor::HandlerNormal
I1012 19:30:24.446240  8213 thread.cpp:96] Thread 1052672 construct Actor kNormalForward 2207613190170
I1012 19:30:24.446331  8213 runtime_context.cpp:29] DecreaseCounter constructing_actor_cnt, current val is 518
I1012 19:30:24.446455  8182 naive_actor.cpp:25] actor 2199023255656 switch to &NaiveActor::HandlerNormal
I1012 19:30:24.446627  8182 thread.cpp:96] Thread 1048576 construct Actor kNormalForward 2199023255656
I1012 19:30:24.446786  8182 runtime_context.cpp:29] DecreaseCounter constructing_actor_cnt, current val is 517
I1012 19:30:24.448027  8213 naive_actor.cpp:25] actor 2207613190167 switch to &NaiveActor::HandlerNormal
I1012 19:30:24.448118  8213 thread.cpp:96] Thread 1052672 construct Actor kNormalForward 2207613190167
I1012 19:30:24.448215  8213 runtime_context.cpp:29] DecreaseCounter constructing_actor_cnt, current val is 516
I1012 19:30:24.449497  8213 naive_actor.cpp:25] actor 2207613190191 switch to &NaiveActor::HandlerNormal
I1012 19:30:24.449501  8182 naive_actor.cpp:25] actor 2199023255680 switch to &NaiveActor::HandlerNormal
I1012 19:30:24.449587  8213 thread.cpp:96] Thread 1052672 construct Actor kNormalForward 2207613190191
I1012 19:30:24.449676  8182 thread.cpp:96] Thread 1048576 construct Actor kNormalForward 2199023255680
I1012 19:30:24.449784  8213 runtime_context.cpp:29] DecreaseCounter constructing_actor_cnt, current val is 515
I1012 19:30:24.449885  8182 runtime_context.cpp:29] DecreaseCounter constructing_actor_cnt, current val is 514
I1012 19:30:24.450383  8213 naive_actor.cpp:25] actor 2207613190178 switch to &NaiveActor::HandlerNormal
I1012 19:30:24.450479  8213 thread.cpp:96] Thread 1052672 construct Actor kNormalForward 2207613190178
I1012 19:30:24.450562  8213 runtime_context.cpp:29] DecreaseCounter constructing_actor_cnt, current val is 513
