I1012 13:12:35.649401 42680 naive_actor.cpp:25] actor 2207613190430 switch to &NaiveActor::HandlerNormal
I1012 13:12:35.649458 42680 thread.cpp:96] Thread 1052672 construct Actor kNormalForward 2207613190430
I1012 13:12:35.649524 42680 runtime_context.cpp:29] DecreaseCounter constructing_actor_cnt, current val is 36
I1012 13:12:35.649747 42680 naive_actor.cpp:25] actor 2207613190415 switch to &NaiveActor::HandlerNormal
I1012 13:12:35.649771 42680 thread.cpp:96] Thread 1052672 construct Actor kNormalForward 2207613190415
I1012 13:12:35.649808 42680 runtime_context.cpp:29] DecreaseCounter constructing_actor_cnt, current val is 35
I1012 13:12:35.650022 42680 naive_actor.cpp:25] actor 2207613190420 switch to &NaiveActor::HandlerNormal
I1012 13:12:35.650046 42680 thread.cpp:96] Thread 1052672 construct Actor kNormalForward 2207613190420
I1012 13:12:35.650082 42680 runtime_context.cpp:29] DecreaseCounter constructing_actor_cnt, current val is 34
I1012 13:12:35.650302 42680 naive_actor.cpp:25] actor 2207613190421 switch to &NaiveActor::HandlerNormal
I1012 13:12:35.650326 42680 thread.cpp:96] Thread 1052672 construct Actor kNormalForward 2207613190421
I1012 13:12:35.650362 42680 runtime_context.cpp:29] DecreaseCounter constructing_actor_cnt, current val is 33
I1012 13:12:35.650583 42680 naive_actor.cpp:25] actor 2207613190417 switch to &NaiveActor::HandlerNormal
I1012 13:12:35.650607 42680 thread.cpp:96] Thread 1052672 construct Actor kNormalForward 2207613190417
I1012 13:12:35.650645 42680 runtime_context.cpp:29] DecreaseCounter constructing_actor_cnt, current val is 32
I1012 13:12:35.650868 42680 naive_actor.cpp:25] actor 2207613190419 switch to &NaiveActor::HandlerNormal
I1012 13:12:35.650892 42680 thread.cpp:96] Thread 1052672 construct Actor kNormalForward 2207613190419
I1012 13:12:35.650926 42680 runtime_context.cpp:29] DecreaseCounter constructing_actor_cnt, current val is 31
I1012 13:12:35.651134 42680 naive_actor.cpp:25] actor 2207613190416 switch to &NaiveActor::HandlerNormal
I1012 13:12:35.651157 42680 thread.cpp:96] Thread 1052672 construct Actor kNormalForward 2207613190416
I1012 13:12:35.651191 42680 runtime_context.cpp:29] DecreaseCounter constructing_actor_cnt, current val is 30
I1012 13:12:35.651396 42680 naive_actor.cpp:25] actor 2207613190440 switch to &NaiveActor::HandlerNormal
I1012 13:12:35.651419 42680 thread.cpp:96] Thread 1052672 construct Actor kNormalForward 2207613190440
I1012 13:12:35.651463 42680 runtime_context.cpp:29] DecreaseCounter constructing_actor_cnt, current val is 29
I1012 13:12:35.651669 42680 naive_actor.cpp:25] actor 2207613190422 switch to &NaiveActor::HandlerNormal
I1012 13:12:35.651692 42680 thread.cpp:96] Thread 1052672 construct Actor kNormalForward 2207613190422
I1012 13:12:35.651727 42680 runtime_context.cpp:29] DecreaseCounter constructing_actor_cnt, current val is 28
I1012 13:12:35.651935 42680 naive_actor.cpp:25] actor 2207613190418 switch to &NaiveActor::HandlerNormal
I1012 13:12:35.651958 42680 thread.cpp:96] Thread 1052672 construct Actor kNormalForward 2207613190418
I1012 13:12:35.651993 42680 runtime_context.cpp:29] DecreaseCounter constructing_actor_cnt, current val is 27
I1012 13:12:35.652199 42680 naive_actor.cpp:25] actor 2207613190425 switch to &NaiveActor::HandlerNormal
I1012 13:12:35.652221 42680 thread.cpp:96] Thread 1052672 construct Actor kNormalForward 2207613190425
I1012 13:12:35.652256 42680 runtime_context.cpp:29] DecreaseCounter constructing_actor_cnt, current val is 26
I1012 13:12:35.652477 42680 naive_actor.cpp:25] actor 2207613190423 switch to &NaiveActor::HandlerNormal
I1012 13:12:35.652499 42680 thread.cpp:96] Thread 1052672 construct Actor kNormalForward 2207613190423
I1012 13:12:35.652535 42680 runtime_context.cpp:29] DecreaseCounter constructing_actor_cnt, current val is 25
I1012 13:12:35.652797 42680 naive_actor.cpp:25] actor 2207613190426 switch to &NaiveActor::HandlerNormal
I1012 13:12:35.652822 42680 thread.cpp:96] Thread 1052672 construct Actor kNormalForward 2207613190426
I1012 13:12:35.652856 42680 runtime_context.cpp:29] DecreaseCounter constructing_actor_cnt, current val is 24
I1012 13:12:35.653064 42680 naive_actor.cpp:25] actor 2207613190449 switch to &NaiveActor::HandlerNormal
I1012 13:12:35.653110 42680 thread.cpp:96] Thread 1052672 construct Actor kNormalForward 2207613190449
I1012 13:12:35.653151 42680 runtime_context.cpp:29] DecreaseCounter constructing_actor_cnt, current val is 23
I1012 13:12:35.653389 42680 naive_actor.cpp:25] actor 2207613190427 switch to &NaiveActor::HandlerNormal
I1012 13:12:35.653414 42680 thread.cpp:96] Thread 1052672 construct Actor kNormalForward 2207613190427
I1012 13:12:35.653457 42680 runtime_context.cpp:29] DecreaseCounter constructing_actor_cnt, current val is 22
I1012 13:12:35.653676 42680 naive_actor.cpp:25] actor 2207613190428 switch to &NaiveActor::HandlerNormal
I1012 13:12:35.653699 42680 thread.cpp:96] Thread 1052672 construct Actor kNormalForward 2207613190428
I1012 13:12:35.653734 42680 runtime_context.cpp:29] DecreaseCounter constructing_actor_cnt, current val is 21
I1012 13:12:35.653946 42680 naive_actor.cpp:25] actor 2207613190447 switch to &NaiveActor::HandlerNormal
I1012 13:12:35.653970 42680 thread.cpp:96] Thread 1052672 construct Actor kNormalForward 2207613190447
I1012 13:12:35.654004 42680 runtime_context.cpp:29] DecreaseCounter constructing_actor_cnt, current val is 20
I1012 13:12:35.655525 42680 naive_actor.cpp:25] actor 2207613190451 switch to &NaiveActor::HandlerNormal
I1012 13:12:35.655551 42680 thread.cpp:96] Thread 1052672 construct Actor kNormalForward 2207613190451
I1012 13:12:35.655652 42680 runtime_context.cpp:29] DecreaseCounter constructing_actor_cnt, current val is 19
I1012 13:12:35.655884 42680 naive_actor.cpp:25] actor 2207613190446 switch to &NaiveActor::HandlerNormal
I1012 13:12:35.655908 42680 thread.cpp:96] Thread 1052672 construct Actor kNormalForward 2207613190446
I1012 13:12:35.655943 42680 runtime_context.cpp:29] DecreaseCounter constructing_actor_cnt, current val is 18
I1012 13:12:35.656158 42680 naive_actor.cpp:25] actor 2207613190434 switch to &NaiveActor::HandlerNormal
I1012 13:12:35.656180 42680 thread.cpp:96] Thread 1052672 construct Actor kNormalForward 2207613190434
I1012 13:12:35.656215 42680 runtime_context.cpp:29] DecreaseCounter constructing_actor_cnt, current val is 17
I1012 13:12:35.656423 42680 naive_actor.cpp:25] actor 2207613190445 switch to &NaiveActor::HandlerNormal
I1012 13:12:35.656455 42680 thread.cpp:96] Thread 1052672 construct Actor kNormalForward 2207613190445
I1012 13:12:35.656491 42680 runtime_context.cpp:29] DecreaseCounter constructing_actor_cnt, current val is 16
I1012 13:12:35.656697 42680 naive_actor.cpp:25] actor 2207613190431 switch to &NaiveActor::HandlerNormal
I1012 13:12:35.656719 42680 thread.cpp:96] Thread 1052672 construct Actor kNormalForward 2207613190431
I1012 13:12:35.656754 42680 runtime_context.cpp:29] DecreaseCounter constructing_actor_cnt, current val is 15
I1012 13:12:35.656977 42680 naive_actor.cpp:25] actor 2207613190435 switch to &NaiveActor::HandlerNormal
I1012 13:12:35.656999 42680 thread.cpp:96] Thread 1052672 construct Actor kNormalForward 2207613190435
I1012 13:12:35.657034 42680 runtime_context.cpp:29] DecreaseCounter constructing_actor_cnt, current val is 14
I1012 13:12:35.657235 42680 naive_actor.cpp:25] actor 2207613190436 switch to &NaiveActor::HandlerNormal
I1012 13:12:35.657258 42680 thread.cpp:96] Thread 1052672 construct Actor kNormalForward 2207613190436
I1012 13:12:35.657291 42680 runtime_context.cpp:29] DecreaseCounter constructing_actor_cnt, current val is 13
I1012 13:12:35.657507 42680 naive_actor.cpp:25] actor 2207613190433 switch to &NaiveActor::HandlerNormal
I1012 13:12:35.657531 42680 thread.cpp:96] Thread 1052672 construct Actor kNormalForward 2207613190433
I1012 13:12:35.657565 42680 runtime_context.cpp:29] DecreaseCounter constructing_actor_cnt, current val is 12
I1012 13:12:35.657764 42680 naive_actor.cpp:25] actor 2207613190438 switch to &NaiveActor::HandlerNormal
I1012 13:12:35.657786 42680 thread.cpp:96] Thread 1052672 construct Actor kNormalForward 2207613190438
I1012 13:12:35.657821 42680 runtime_context.cpp:29] DecreaseCounter constructing_actor_cnt, current val is 11
I1012 13:12:35.658026 42680 naive_actor.cpp:25] actor 2207613190439 switch to &NaiveActor::HandlerNormal
I1012 13:12:35.658073 42680 thread.cpp:96] Thread 1052672 construct Actor kNormalForward 2207613190439
I1012 13:12:35.658114 42680 runtime_context.cpp:29] DecreaseCounter constructing_actor_cnt, current val is 10
I1012 13:12:35.658346 42680 naive_actor.cpp:25] actor 2207613190442 switch to &NaiveActor::HandlerNormal
I1012 13:12:35.658370 42680 thread.cpp:96] Thread 1052672 construct Actor kNormalForward 2207613190442
I1012 13:12:35.658404 42680 runtime_context.cpp:29] DecreaseCounter constructing_actor_cnt, current val is 9
I1012 13:12:35.658618 42680 naive_actor.cpp:25] actor 2207613190450 switch to &NaiveActor::HandlerNormal
I1012 13:12:35.658640 42680 thread.cpp:96] Thread 1052672 construct Actor kNormalForward 2207613190450
I1012 13:12:35.658675 42680 runtime_context.cpp:29] DecreaseCounter constructing_actor_cnt, current val is 8
I1012 13:12:35.658877 42680 naive_actor.cpp:25] actor 2207613190437 switch to &NaiveActor::HandlerNormal
I1012 13:12:35.658900 42680 thread.cpp:96] Thread 1052672 construct Actor kNormalForward 2207613190437
I1012 13:12:35.658936 42680 runtime_context.cpp:29] DecreaseCounter constructing_actor_cnt, current val is 7
I1012 13:12:35.659140 42680 naive_actor.cpp:25] actor 2207613190429 switch to &NaiveActor::HandlerNormal
I1012 13:12:35.659162 42680 thread.cpp:96] Thread 1052672 construct Actor kNormalForward 2207613190429
I1012 13:12:35.659196 42680 runtime_context.cpp:29] DecreaseCounter constructing_actor_cnt, current val is 6
I1012 13:12:35.659399 42680 naive_actor.cpp:25] actor 2207613190448 switch to &NaiveActor::HandlerNormal
I1012 13:12:35.659420 42680 thread.cpp:96] Thread 1052672 construct Actor kNormalForward 2207613190448
I1012 13:12:35.659463 42680 runtime_context.cpp:29] DecreaseCounter constructing_actor_cnt, current val is 5
I1012 13:12:35.659665 42680 naive_actor.cpp:25] actor 2207613190441 switch to &NaiveActor::HandlerNormal
I1012 13:12:35.659688 42680 thread.cpp:96] Thread 1052672 construct Actor kNormalForward 2207613190441
I1012 13:12:35.659723 42680 runtime_context.cpp:29] DecreaseCounter constructing_actor_cnt, current val is 4
I1012 13:12:35.659919 42680 naive_actor.cpp:25] actor 2207613190444 switch to &NaiveActor::HandlerNormal
I1012 13:12:35.659942 42680 thread.cpp:96] Thread 1052672 construct Actor kNormalForward 2207613190444
I1012 13:12:35.659976 42680 runtime_context.cpp:29] DecreaseCounter constructing_actor_cnt, current val is 3
I1012 13:12:35.660176 42680 naive_actor.cpp:25] actor 2207613190443 switch to &NaiveActor::HandlerNormal
I1012 13:12:35.660198 42680 thread.cpp:96] Thread 1052672 construct Actor kNormalForward 2207613190443
I1012 13:12:35.660233 42680 runtime_context.cpp:29] DecreaseCounter constructing_actor_cnt, current val is 2
I1012 13:12:35.660444 42680 naive_actor.cpp:25] actor 2207613190452 switch to &NaiveActor::HandlerNormal
I1012 13:12:35.660466 42680 thread.cpp:96] Thread 1052672 construct Actor kDeviceTick 2207613190452
I1012 13:12:35.660501 42680 runtime_context.cpp:29] DecreaseCounter constructing_actor_cnt, current val is 1
I1012 13:12:35.660708 42680 naive_actor.cpp:25] actor 2207613190432 switch to &NaiveActor::HandlerNormal
I1012 13:12:35.660732 42680 thread.cpp:96] Thread 1052672 construct Actor kNormalForward 2207613190432
I1012 13:12:35.660771 42680 runtime_context.cpp:29] DecreaseCounter constructing_actor_cnt, current val is 0
I1012 13:12:35.665549 42080 runtime.cpp:93] Actors on this machine constructed
I1012 13:12:35.665606 42080 runtime.cpp:95] Actors on every machine constructed
I1012 13:12:35.665638 42080 runtime_context.cpp:21] NewCounter job_5_running_actor_count 41
I1012 13:12:35.665659 42080 runtime_context.cpp:21] NewCounter job_4_running_actor_count 22
I1012 13:12:35.665676 42080 runtime_context.cpp:21] NewCounter job_3_running_actor_count 91
I1012 13:12:35.665694 42080 runtime_context.cpp:21] NewCounter job_2_running_actor_count 91
I1012 13:12:35.665711 42080 runtime_context.cpp:21] NewCounter job_0_running_actor_count 447
I1012 13:12:35.665763 42080 runtime_context.cpp:21] NewCounter job_1_running_actor_count 89
I1012 13:12:35.665843 42663 wait_and_send_ids_actor.cpp:73] actor 1099616485376 switch to &WaitAndSendIdsActor::HandlerNormal
I1012 13:12:35.666182 42080 global.h:36] NewGlobal N7oneflow7JobDescE
I1012 13:12:35.707171 42080 global.h:43] DeleteGlobal N7oneflow7JobDescE
I1012 13:12:36.236743 42680 local.cpp:114] waiting for key: eager_nccl_unique_id_rpc_key,0:0,0:1
I1012 13:12:36.245653 42667 eager_nccl_comm_manager.cpp:69]  EagerNcclCommMgr::ncclCommInitRank device_vec.size() = 2, nccl_unique_id = 0200ffffffbcffffffae0b0b010e000000000000000000000000000000000000000000000000000000000000000000000000000000000000000000000000000000000000000000000000000000000000000000000000000000000000000000000000000000000000000000000000000000000000000000000000000000000000000000000000, rank = 0, key = {eager_nccl_unique_id_rpc_key,0:0,0:1}
I1012 13:12:36.245676 42680 eager_nccl_comm_manager.cpp:69]  EagerNcclCommMgr::ncclCommInitRank device_vec.size() = 2, nccl_unique_id = 0200ffffffbcffffffae0b0b010e000000000000000000000000000000000000000000000000000000000000000000000000000000000000000000000000000000000000000000000000000000000000000000000000000000000000000000000000000000000000000000000000000000000000000000000000000000000000000000000000, rank = 1, key = {eager_nccl_unique_id_rpc_key,0:0,0:1}
I1012 13:13:05.551465 42080 global.h:43] DeleteGlobal N7oneflow7OneflowE
I1012 13:13:05.551924 42663 actor.cpp:411] actor 1099616485376 switch to &Actor::HandlerZombie
I1012 13:13:05.551995 42662 actor.cpp:411] actor 1099614388296 switch to &Actor::HandlerZombie
I1012 13:13:05.552027 42663 thread.cpp:76] thread 524338 deconstruct actor 1099616485376
I1012 13:13:05.552104 42662 actor.cpp:408] actor 1099614388297 switch to nullptr
I1012 13:13:05.552129 42662 thread.cpp:76] thread 524337 deconstruct actor 1099614388297
I1012 13:13:05.552336 42663 runtime_context.cpp:29] DecreaseCounter job_5_running_actor_count, current val is 40
I1012 13:13:05.552707 42662 runtime_context.cpp:29] DecreaseCounter job_5_running_actor_count, current val is 39
I1012 13:13:05.552752 42662 actor.cpp:408] actor 1099614388322 switch to nullptr
I1012 13:13:05.552770 42662 thread.cpp:76] thread 524337 deconstruct actor 1099614388322
I1012 13:13:05.552958 42662 runtime_context.cpp:29] DecreaseCounter job_5_running_actor_count, current val is 38
I1012 13:13:05.552991 42662 actor.cpp:408] actor 1099614388302 switch to nullptr
I1012 13:13:05.553009 42662 thread.cpp:76] thread 524337 deconstruct actor 1099614388302
I1012 13:13:05.553184 42662 runtime_context.cpp:29] DecreaseCounter job_5_running_actor_count, current val is 37
I1012 13:13:05.553211 42662 actor.cpp:408] actor 1099614388298 switch to nullptr
I1012 13:13:05.553227 42662 thread.cpp:76] thread 524337 deconstruct actor 1099614388298
I1012 13:13:05.553390 42662 runtime_context.cpp:29] DecreaseCounter job_5_running_actor_count, current val is 36
I1012 13:13:05.553421 42662 actor.cpp:408] actor 1099614388306 switch to nullptr
I1012 13:13:05.553447 42662 thread.cpp:76] thread 524337 deconstruct actor 1099614388306
I1012 13:13:05.553617 42662 runtime_context.cpp:29] DecreaseCounter job_5_running_actor_count, current val is 35
I1012 13:13:05.553647 42662 actor.cpp:408] actor 1099614388310 switch to nullptr
I1012 13:13:05.553664 42662 thread.cpp:76] thread 524337 deconstruct actor 1099614388310
I1012 13:13:05.553850 42662 runtime_context.cpp:29] DecreaseCounter job_5_running_actor_count, current val is 34
I1012 13:13:05.553877 42662 actor.cpp:408] actor 1099614388314 switch to nullptr
I1012 13:13:05.553894 42662 thread.cpp:76] thread 524337 deconstruct actor 1099614388314
I1012 13:13:05.554065 42662 runtime_context.cpp:29] DecreaseCounter job_5_running_actor_count, current val is 33
I1012 13:13:05.554095 42662 actor.cpp:408] actor 1099614388318 switch to nullptr
I1012 13:13:05.554111 42662 thread.cpp:76] thread 524337 deconstruct actor 1099614388318
I1012 13:13:05.554289 42662 runtime_context.cpp:29] DecreaseCounter job_5_running_actor_count, current val is 32
I1012 13:13:05.554373 42662 actor.cpp:408] actor 1099614388323 switch to nullptr
I1012 13:13:05.554397 42662 thread.cpp:76] thread 524337 deconstruct actor 1099614388323
I1012 13:13:05.554582 42662 runtime_context.cpp:29] DecreaseCounter job_5_running_actor_count, current val is 31
I1012 13:13:05.554661 42662 actor.cpp:408] actor 1099614388303 switch to nullptr
I1012 13:13:05.554683 42662 thread.cpp:76] thread 524337 deconstruct actor 1099614388303
I1012 13:13:05.554881 42662 runtime_context.cpp:29] DecreaseCounter job_5_running_actor_count, current val is 30
I1012 13:13:05.554929 42662 actor.cpp:408] actor 1099614388299 switch to nullptr
I1012 13:13:05.554949 42662 thread.cpp:76] thread 524337 deconstruct actor 1099614388299
I1012 13:13:05.555125 42662 runtime_context.cpp:29] DecreaseCounter job_5_running_actor_count, current val is 29
I1012 13:13:05.555155 42662 actor.cpp:408] actor 1099614388307 switch to nullptr
I1012 13:13:05.555171 42662 thread.cpp:76] thread 524337 deconstruct actor 1099614388307
I1012 13:13:05.555318 42662 runtime_context.cpp:29] DecreaseCounter job_5_running_actor_count, current val is 28
I1012 13:13:05.555361 42662 actor.cpp:408] actor 1099614388311 switch to nullptr
I1012 13:13:05.555379 42662 thread.cpp:76] thread 524337 deconstruct actor 1099614388311
I1012 13:13:05.555559 42662 runtime_context.cpp:29] DecreaseCounter job_5_running_actor_count, current val is 27
I1012 13:13:05.555591 42662 actor.cpp:408] actor 1099614388315 switch to nullptr
I1012 13:13:05.555608 42662 thread.cpp:76] thread 524337 deconstruct actor 1099614388315
I1012 13:13:05.555768 42662 runtime_context.cpp:29] DecreaseCounter job_5_running_actor_count, current val is 26
I1012 13:13:05.555802 42662 actor.cpp:408] actor 1099614388319 switch to nullptr
I1012 13:13:05.555819 42662 thread.cpp:76] thread 524337 deconstruct actor 1099614388319
I1012 13:13:05.555979 42662 runtime_context.cpp:29] DecreaseCounter job_5_running_actor_count, current val is 25
I1012 13:13:05.556010 42662 actor.cpp:408] actor 1099614388292 switch to nullptr
I1012 13:13:05.556026 42662 thread.cpp:76] thread 524337 deconstruct actor 1099614388292
I1012 13:13:05.556193 42662 runtime_context.cpp:29] DecreaseCounter job_4_running_actor_count, current val is 21
I1012 13:13:05.556222 42662 actor.cpp:408] actor 1099614388244 switch to nullptr
I1012 13:13:05.556237 42662 thread.cpp:76] thread 524337 deconstruct actor 1099614388244
I1012 13:13:05.556419 42662 runtime_context.cpp:29] DecreaseCounter job_0_running_actor_count, current val is 446
I1012 13:13:05.556458 42662 actor.cpp:408] actor 1099614388234 switch to nullptr
I1012 13:13:05.556475 42662 thread.cpp:76] thread 524337 deconstruct actor 1099614388234
I1012 13:13:05.556648 42662 runtime_context.cpp:29] DecreaseCounter job_0_running_actor_count, current val is 445
I1012 13:13:05.556679 42662 actor.cpp:408] actor 1099614388253 switch to nullptr
I1012 13:13:05.556694 42662 thread.cpp:76] thread 524337 deconstruct actor 1099614388253
I1012 13:13:05.556847 42662 runtime_context.cpp:29] DecreaseCounter job_1_running_actor_count, current val is 88
I1012 13:13:05.556874 42662 actor.cpp:408] actor 1099614388262 switch to nullptr
I1012 13:13:05.556890 42662 thread.cpp:76] thread 524337 deconstruct actor 1099614388262
I1012 13:13:05.557067 42662 runtime_context.cpp:29] DecreaseCounter job_2_running_actor_count, current val is 90
I1012 13:13:05.557096 42662 actor.cpp:408] actor 1099614388271 switch to nullptr
I1012 13:13:05.557112 42662 thread.cpp:76] thread 524337 deconstruct actor 1099614388271
I1012 13:13:05.557266 42662 runtime_context.cpp:29] DecreaseCounter job_3_running_actor_count, current val is 90
I1012 13:13:05.557296 42662 actor.cpp:408] actor 1099614388280 switch to nullptr
I1012 13:13:05.557312 42662 thread.cpp:76] thread 524337 deconstruct actor 1099614388280
I1012 13:13:05.557472 42662 runtime_context.cpp:29] DecreaseCounter job_4_running_actor_count, current val is 20
I1012 13:13:05.557503 42662 actor.cpp:408] actor 1099614388290 switch to nullptr
I1012 13:13:05.557519 42662 thread.cpp:76] thread 524337 deconstruct actor 1099614388290
I1012 13:13:05.557739 42662 runtime_context.cpp:29] DecreaseCounter job_4_running_actor_count, current val is 19
I1012 13:13:05.557796 42662 actor.cpp:408] actor 1099614388242 switch to nullptr
I1012 13:13:05.557816 42662 thread.cpp:76] thread 524337 deconstruct actor 1099614388242
I1012 13:13:05.558005 42662 runtime_context.cpp:29] DecreaseCounter job_0_running_actor_count, current val is 444
I1012 13:13:05.558059 42662 actor.cpp:408] actor 1099614388229 switch to nullptr
I1012 13:13:05.558077 42662 thread.cpp:76] thread 524337 deconstruct actor 1099614388229
I1012 13:13:05.558212 42667 actor.cpp:408] actor 2199023255721 switch to nullptr
I1012 13:13:05.558254 42662 runtime_context.cpp:29] DecreaseCounter job_0_running_actor_count, current val is 443
I1012 13:13:05.558269 42667 thread.cpp:76] thread 1048576 deconstruct actor 2199023255721
I1012 13:13:05.558228 42680 actor.cpp:408] actor 2207613190313 switch to nullptr
I1012 13:13:05.558297 42662 actor.cpp:408] actor 1099614388250 switch to nullptr
I1012 13:13:05.558346 42680 thread.cpp:76] thread 1052672 deconstruct actor 2207613190313
I1012 13:13:05.558367 42662 thread.cpp:76] thread 524337 deconstruct actor 1099614388250
I1012 13:13:05.558557 42667 runtime_context.cpp:29] DecreaseCounter job_0_running_actor_count, current val is 442
I1012 13:13:05.558595 42680 runtime_context.cpp:29] DecreaseCounter job_0_running_actor_count, current val is 441
I1012 13:13:05.558599 42662 runtime_context.cpp:29] DecreaseCounter job_1_running_actor_count, current val is 87
I1012 13:13:05.558652 42680 actor.cpp:408] actor 2207613190310 switch to nullptr
I1012 13:13:05.558671 42662 actor.cpp:408] actor 1099614388259 switch to nullptr
I1012 13:13:05.558625 42667 actor.cpp:408] actor 2199023255718 switch to nullptr
I1012 13:13:05.558676 42680 thread.cpp:76] thread 1052672 deconstruct actor 2207613190310
I1012 13:13:05.558698 42662 thread.cpp:76] thread 524337 deconstruct actor 1099614388259
I1012 13:13:05.558728 42667 thread.cpp:76] thread 1048576 deconstruct actor 2199023255718
I1012 13:13:05.558862 42680 runtime_context.cpp:29] DecreaseCounter job_0_running_actor_count, current val is 440
I1012 13:13:05.558900 42680 actor.cpp:408] actor 2207613190302 switch to nullptr
I1012 13:13:05.558913 42680 thread.cpp:76] thread 1052672 deconstruct actor 2207613190302
I1012 13:13:05.558928 42662 runtime_context.cpp:29] DecreaseCounter job_2_running_actor_count, current val is 89
I1012 13:13:05.558935 42667 runtime_context.cpp:29] DecreaseCounter job_0_running_actor_count, current val is 439
I1012 13:13:05.558979 42662 actor.cpp:408] actor 1099614388268 switch to nullptr
I1012 13:13:05.559015 42662 thread.cpp:76] thread 524337 deconstruct actor 1099614388268
I1012 13:13:05.559015 42667 actor.cpp:408] actor 2199023255710 switch to nullptr
I1012 13:13:05.559054 42667 thread.cpp:76] thread 1048576 deconstruct actor 2199023255710
I1012 13:13:05.559067 42680 runtime_context.cpp:29] DecreaseCounter job_0_running_actor_count, current val is 438
I1012 13:13:05.559110 42680 actor.cpp:408] actor 2207613190300 switch to nullptr
I1012 13:13:05.559129 42680 thread.cpp:76] thread 1052672 deconstruct actor 2207613190300
I1012 13:13:05.559167 42667 runtime_context.cpp:29] DecreaseCounter job_0_running_actor_count, current val is 437
I1012 13:13:05.559190 42662 runtime_context.cpp:29] DecreaseCounter job_3_running_actor_count, current val is 89
I1012 13:13:05.559211 42667 actor.cpp:408] actor 2199023255708 switch to nullptr
I1012 13:13:05.559221 42662 actor.cpp:408] actor 1099614388277 switch to nullptr
I1012 13:13:05.559237 42667 thread.cpp:76] thread 1048576 deconstruct actor 2199023255708
I1012 13:13:05.559267 42680 runtime_context.cpp:29] DecreaseCounter job_0_running_actor_count, current val is 436
I1012 13:13:05.559257 42662 thread.cpp:76] thread 524337 deconstruct actor 1099614388277
I1012 13:13:05.559309 42680 actor.cpp:408] actor 2207613190292 switch to nullptr
I1012 13:13:05.559331 42680 thread.cpp:76] thread 1052672 deconstruct actor 2207613190292
I1012 13:13:05.559378 42667 runtime_context.cpp:29] DecreaseCounter job_0_running_actor_count, current val is 435
I1012 13:13:05.559480 42680 runtime_context.cpp:29] DecreaseCounter job_0_running_actor_count, current val is 434
I1012 13:13:05.559484 42662 runtime_context.cpp:29] DecreaseCounter job_4_running_actor_count, current val is 18
I1012 13:13:05.559487 42667 actor.cpp:408] actor 2199023255700 switch to nullptr
I1012 13:13:05.559533 42680 actor.cpp:408] actor 2207613190290 switch to nullptr
I1012 13:13:05.559571 42662 actor.cpp:411] actor 1099614388293 switch to &Actor::HandlerZombie
I1012 13:13:05.559589 42667 thread.cpp:76] thread 1048576 deconstruct actor 2199023255700
I1012 13:13:05.559655 42662 actor.cpp:408] actor 1099614388288 switch to nullptr
I1012 13:13:05.559624 42680 thread.cpp:76] thread 1052672 deconstruct actor 2207613190290
I1012 13:13:05.559690 42662 thread.cpp:76] thread 524337 deconstruct actor 1099614388288
I1012 13:13:05.559687 42661 actor.cpp:411] actor 1099591319552 switch to &Actor::HandlerZombie
I1012 13:13:05.559785 42667 runtime_context.cpp:29] DecreaseCounter job_0_running_actor_count, current val is 433
I1012 13:13:05.559830 42667 actor.cpp:408] actor 2199023255698 switch to nullptr
I1012 13:13:05.559849 42667 thread.cpp:76] thread 1048576 deconstruct actor 2199023255698
I1012 13:13:05.559846 42680 runtime_context.cpp:29] DecreaseCounter job_0_running_actor_count, current val is 432
I1012 13:13:05.559881 42662 runtime_context.cpp:29] DecreaseCounter job_4_running_actor_count, current val is 17
I1012 13:13:05.559916 42680 actor.cpp:408] actor 2207613190278 switch to nullptr
I1012 13:13:05.559931 42662 actor.cpp:408] actor 1099614388284 switch to nullptr
I1012 13:13:05.559943 42680 thread.cpp:76] thread 1052672 deconstruct actor 2207613190278
I1012 13:13:05.559973 42659 actor.cpp:411] actor 1099587125248 switch to &Actor::HandlerZombie
I1012 13:13:05.559967 42667 runtime_context.cpp:29] DecreaseCounter job_0_running_actor_count, current val is 431
I1012 13:13:05.559964 42662 thread.cpp:76] thread 524337 deconstruct actor 1099614388284
I1012 13:13:05.560083 42667 actor.cpp:408] actor 2199023255686 switch to nullptr
I1012 13:13:05.560106 42667 thread.cpp:76] thread 1048576 deconstruct actor 2199023255686
I1012 13:13:05.560135 42680 runtime_context.cpp:29] DecreaseCounter job_0_running_actor_count, current val is 430
I1012 13:13:05.560182 42680 actor.cpp:408] actor 2207613190276 switch to nullptr
I1012 13:13:05.560200 42680 thread.cpp:76] thread 1052672 deconstruct actor 2207613190276
I1012 13:13:05.560215 42667 runtime_context.cpp:29] DecreaseCounter job_0_running_actor_count, current val is 429
I1012 13:13:05.560247 42662 runtime_context.cpp:29] DecreaseCounter job_4_running_actor_count, current val is 16
I1012 13:13:05.560258 42667 actor.cpp:408] actor 2199023255684 switch to nullptr
I1012 13:13:05.560284 42662 actor.cpp:408] actor 1099614388285 switch to nullptr
I1012 13:13:05.560298 42667 thread.cpp:76] thread 1048576 deconstruct actor 2199023255684
I1012 13:13:05.560324 42680 runtime_context.cpp:29] DecreaseCounter job_0_running_actor_count, current val is 428
I1012 13:13:05.560317 42662 thread.cpp:76] thread 524337 deconstruct actor 1099614388285
I1012 13:13:05.560351 42661 thread.cpp:76] thread 524326 deconstruct actor 1099591319552
I1012 13:13:05.560343 42660 actor.cpp:411] actor 1099589222400 switch to &Actor::HandlerZombie
I1012 13:13:05.560389 42680 actor.cpp:408] actor 2207613190206 switch to nullptr
I1012 13:13:05.560443 42667 runtime_context.cpp:29] DecreaseCounter job_0_running_actor_count, current val is 427
I1012 13:13:05.560474 42680 thread.cpp:76] thread 1052672 deconstruct actor 2207613190206
I1012 13:13:05.560518 42667 actor.cpp:408] actor 2199023255614 switch to nullptr
I1012 13:13:05.560521 42661 runtime_context.cpp:29] DecreaseCounter job_4_running_actor_count, current val is 15
I1012 13:13:05.560541 42662 runtime_context.cpp:29] DecreaseCounter job_4_running_actor_count, current val is 14
I1012 13:13:05.560544 42667 thread.cpp:76] thread 1048576 deconstruct actor 2199023255614
I1012 13:13:05.560597 42662 actor.cpp:411] actor 1099614388245 switch to &Actor::HandlerZombie
I1012 13:13:05.560657 42680 runtime_context.cpp:29] DecreaseCounter job_0_running_actor_count, current val is 426
I1012 13:13:05.560676 42662 actor.cpp:408] actor 1099614388238 switch to nullptr
I1012 13:13:05.560703 42643 actor.cpp:411] actor 1099553570816 switch to &Actor::HandlerZombie
I1012 13:13:05.560712 42680 actor.cpp:408] actor 2207613190374 switch to nullptr
I1012 13:13:05.560729 42662 thread.cpp:76] thread 524337 deconstruct actor 1099614388238
I1012 13:13:05.560743 42667 runtime_context.cpp:29] DecreaseCounter job_0_running_actor_count, current val is 425
I1012 13:13:05.560771 42680 thread.cpp:76] thread 1052672 deconstruct actor 2207613190374
I1012 13:13:05.560837 42667 actor.cpp:408] actor 2199023255714 switch to nullptr
I1012 13:13:05.560861 42667 thread.cpp:76] thread 1048576 deconstruct actor 2199023255714
I1012 13:13:05.560950 42662 runtime_context.cpp:29] DecreaseCounter job_0_running_actor_count, current val is 424
I1012 13:13:05.560976 42667 runtime_context.cpp:29] DecreaseCounter job_0_running_actor_count, current val is 423
I1012 13:13:05.560998 42680 runtime_context.cpp:29] DecreaseCounter job_1_running_actor_count, current val is 86
I1012 13:13:05.561020 42667 actor.cpp:408] actor 2199023255572 switch to nullptr
I1012 13:13:05.560989 42662 actor.cpp:408] actor 1099614388239 switch to nullptr
I1012 13:13:05.561046 42667 thread.cpp:76] thread 1048576 deconstruct actor 2199023255572
I1012 13:13:05.561045 42680 actor.cpp:408] actor 2207613190306 switch to nullptr
I1012 13:13:05.561064 42662 thread.cpp:76] thread 524337 deconstruct actor 1099614388239
I1012 13:13:05.561074 42644 actor.cpp:411] actor 1099555667968 switch to &Actor::HandlerZombie
I1012 13:13:05.561125 42680 thread.cpp:76] thread 1052672 deconstruct actor 2207613190306
I1012 13:13:05.561205 42667 runtime_context.cpp:29] DecreaseCounter job_0_running_actor_count, current val is 422
I1012 13:13:05.561249 42667 actor.cpp:408] actor 2199023255712 switch to nullptr
I1012 13:13:05.561267 42667 thread.cpp:76] thread 1048576 deconstruct actor 2199023255712
I1012 13:13:05.561302 42662 runtime_context.cpp:29] DecreaseCounter job_0_running_actor_count, current val is 421
I1012 13:13:05.561326 42680 runtime_context.cpp:29] DecreaseCounter job_0_running_actor_count, current val is 420
I1012 13:13:05.561331 42662 actor.cpp:411] actor 1099614388235 switch to &Actor::HandlerZombie
I1012 13:13:05.561373 42680 actor.cpp:408] actor 2207613190164 switch to nullptr
I1012 13:13:05.561393 42662 actor.cpp:408] actor 1099614388225 switch to nullptr
I1012 13:13:05.561378 42667 runtime_context.cpp:29] DecreaseCounter job_0_running_actor_count, current val is 419
I1012 13:13:05.561398 42680 thread.cpp:76] thread 1052672 deconstruct actor 2207613190164
I1012 13:13:05.561415 42662 thread.cpp:76] thread 524337 deconstruct actor 1099614388225
I1012 13:13:05.561475 42667 actor.cpp:408] actor 2199023255570 switch to nullptr
I1012 13:13:05.561527 42667 thread.cpp:76] thread 1048576 deconstruct actor 2199023255570
I1012 13:13:05.561537 42627 actor.cpp:408] actor 1099520016384 switch to nullptr
I1012 13:13:05.561540 42623 actor.cpp:408] actor 1099511627776 switch to nullptr
I1012 13:13:05.561595 42627 thread.cpp:76] thread 524292 deconstruct actor 1099520016384
I1012 13:13:05.561619 42635 actor.cpp:408] actor 1099536793600 switch to nullptr
I1012 13:13:05.561739 42662 runtime_context.cpp:29] DecreaseCounter job_0_running_actor_count, current val is 416
I1012 13:13:05.561756 42635 thread.cpp:76] thread 524300 deconstruct actor 1099536793600
I1012 13:13:05.561779 42662 actor.cpp:408] actor 1099614388224 switch to nullptr
I1012 13:13:05.561801 42662 thread.cpp:76] thread 524337 deconstruct actor 1099614388224
I1012 13:13:05.561736 42667 runtime_context.cpp:29] DecreaseCounter job_0_running_actor_count, current val is 417
I1012 13:13:05.561841 42645 actor.cpp:408] actor 1099557765120 switch to nullptr
I1012 13:13:05.561880 42648 actor.cpp:411] actor 1099564056576 switch to &Actor::HandlerZombie
I1012 13:13:05.561625 42631 actor.cpp:408] actor 1099528404992 switch to nullptr
I1012 13:13:05.561645 42639 actor.cpp:408] actor 1099545182208 switch to nullptr
I1012 13:13:05.561677 42680 runtime_context.cpp:29] DecreaseCounter job_0_running_actor_count, current val is 418
I1012 13:13:05.561815 42627 runtime_context.cpp:29] DecreaseCounter job_0_running_actor_count, current val is 415
I1012 13:13:05.562201 42680 actor.cpp:408] actor 2207613190304 switch to nullptr
I1012 13:13:05.562227 42680 thread.cpp:76] thread 1052672 deconstruct actor 2207613190304
I1012 13:13:05.561623 42623 thread.cpp:76] thread 524288 deconstruct actor 1099511627776
I1012 13:13:05.561916 42645 thread.cpp:76] thread 524310 deconstruct actor 1099557765120
I1012 13:13:05.561926 42646 actor.cpp:408] actor 1099559862272 switch to nullptr
I1012 13:13:05.562398 42646 thread.cpp:76] thread 524311 deconstruct actor 1099559862272
I1012 13:13:05.561954 42649 actor.cpp:408] actor 1099566153728 switch to nullptr
I1012 13:13:05.561960 42662 runtime_context.cpp:29] DecreaseCounter job_0_running_actor_count, current val is 414
I1012 13:13:05.562500 42645 runtime_context.cpp:29] DecreaseCounter job_0_running_actor_count, current val is 411
I1012 13:13:05.562037 42648 thread.cpp:76] thread 524313 deconstruct actor 1099564056576
I1012 13:13:05.562068 42682 actor.cpp:408] actor 2207615287300 switch to nullptr
I1012 13:13:05.562093 42635 runtime_context.cpp:29] DecreaseCounter job_0_running_actor_count, current val is 413
I1012 13:13:05.562652 42624 actor.cpp:408] actor 1099513724928 switch to nullptr
I1012 13:13:05.562157 42639 thread.cpp:76] thread 524304 deconstruct actor 1099545182208
I1012 13:13:05.562714 42636 actor.cpp:408] actor 1099538890752 switch to nullptr
I1012 13:13:05.562875 42648 runtime_context.cpp:29] DecreaseCounter job_0_running_actor_count, current val is 409
I1012 13:13:05.561744 42669 actor.cpp:411] actor 2199025352706 switch to &Actor::HandlerZombie
I1012 13:13:05.562976 42669 actor.cpp:411] actor 2199025352704 switch to &Actor::HandlerZombie
I1012 13:13:05.562479 42649 thread.cpp:76] thread 524314 deconstruct actor 1099566153728
I1012 13:13:05.562544 42662 actor.cpp:408] actor 1099614388226 switch to nullptr
I1012 13:13:05.563082 42662 thread.cpp:76] thread 524337 deconstruct actor 1099614388226
I1012 13:13:05.563108 42639 runtime_context.cpp:29] DecreaseCounter job_0_running_actor_count, current val is 408
I1012 13:13:05.562116 42631 thread.cpp:76] thread 524296 deconstruct actor 1099528404992
I1012 13:13:05.562703 42640 actor.cpp:408] actor 1099547279360 switch to nullptr
I1012 13:13:05.563283 42640 thread.cpp:76] thread 524305 deconstruct actor 1099547279360
I1012 13:13:05.562737 42624 thread.cpp:76] thread 524289 deconstruct actor 1099513724928
I1012 13:13:05.563355 42649 runtime_context.cpp:29] DecreaseCounter job_0_running_actor_count, current val is 407
I1012 13:13:05.561861 42667 actor.cpp:408] actor 2199023255692 switch to nullptr
I1012 13:13:05.562357 42680 runtime_context.cpp:29] DecreaseCounter job_0_running_actor_count, current val is 412
I1012 13:13:05.562892 42636 thread.cpp:76] thread 524301 deconstruct actor 1099538890752
I1012 13:13:05.561973 42647 actor.cpp:408] actor 1099561959424 switch to nullptr
I1012 13:13:05.563004 42669 actor.cpp:411] actor 2199025352705 switch to &Actor::HandlerZombie
I1012 13:13:05.562574 42646 runtime_context.cpp:29] DecreaseCounter job_0_running_actor_count, current val is 410
I1012 13:13:05.563653 42669 actor.cpp:411] actor 2199025352707 switch to &Actor::HandlerZombie
I1012 13:13:05.563705 42669 actor.cpp:408] actor 2199025352709 switch to nullptr
I1012 13:13:05.563724 42669 thread.cpp:76] thread 1048577 deconstruct actor 2199025352709
I1012 13:13:05.563364 42662 runtime_context.cpp:29] DecreaseCounter job_0_running_actor_count, current val is 406
I1012 13:13:05.562743 42632 actor.cpp:408] actor 1099530502144 switch to nullptr
I1012 13:13:05.563458 42667 thread.cpp:76] thread 1048576 deconstruct actor 2199023255692
I1012 13:13:05.563494 42631 runtime_context.cpp:29] DecreaseCounter job_0_running_actor_count, current val is 405
I1012 13:13:05.563521 42680 actor.cpp:408] actor 2207613190162 switch to nullptr
I1012 13:13:05.563568 42640 runtime_context.cpp:29] DecreaseCounter job_0_running_actor_count, current val is 404
I1012 13:13:05.564060 42637 actor.cpp:408] actor 1099540987904 switch to nullptr
I1012 13:13:05.564129 42629 actor.cpp:408] actor 1099524210688 switch to nullptr
I1012 13:13:05.564189 42629 thread.cpp:76] thread 524294 deconstruct actor 1099524210688
I1012 13:13:05.562736 42628 actor.cpp:408] actor 1099522113536 switch to nullptr
I1012 13:13:05.563781 42636 runtime_context.cpp:29] DecreaseCounter job_0_running_actor_count, current val is 403
I1012 13:13:05.563789 42662 actor.cpp:408] actor 1099614388227 switch to nullptr
I1012 13:13:05.564324 42662 thread.cpp:76] thread 524337 deconstruct actor 1099614388227
I1012 13:13:05.563832 42632 thread.cpp:76] thread 524297 deconstruct actor 1099530502144
I1012 13:13:05.563841 42669 runtime_context.cpp:29] DecreaseCounter job_0_running_actor_count, current val is 402
I1012 13:13:05.563949 42625 actor.cpp:408] actor 1099515822080 switch to nullptr
I1012 13:13:05.564018 42680 thread.cpp:76] thread 1052672 deconstruct actor 2207613190162
I1012 13:13:05.564064 42641 actor.cpp:408] actor 1099549376512 switch to nullptr
I1012 13:13:05.564060 42667 runtime_context.cpp:29] DecreaseCounter job_0_running_actor_count, current val is 401
I1012 13:13:05.563592 42647 thread.cpp:76] thread 524312 deconstruct actor 1099561959424
I1012 13:13:05.564097 42633 actor.cpp:408] actor 1099532599296 switch to nullptr
I1012 13:13:05.564697 42680 runtime_context.cpp:29] DecreaseCounter job_0_running_actor_count, current val is 397
I1012 13:13:05.564147 42637 thread.cpp:76] thread 524302 deconstruct actor 1099540987904
I1012 13:13:05.564254 42628 thread.cpp:76] thread 524293 deconstruct actor 1099522113536
I1012 13:13:05.564472 42669 thread.cpp:76] thread 1048577 deconstruct actor 2199025352706
I1012 13:13:05.564491 42629 runtime_context.cpp:29] DecreaseCounter job_0_running_actor_count, current val is 400
I1012 13:13:05.564507 42625 thread.cpp:76] thread 524290 deconstruct actor 1099515822080
I1012 13:13:05.564551 42662 runtime_context.cpp:29] DecreaseCounter job_0_running_actor_count, current val is 399
I1012 13:13:05.565068 42669 runtime_context.cpp:29] DecreaseCounter job_0_running_actor_count, current val is 393
I1012 13:13:05.565106 42662 actor.cpp:408] actor 1099614388228 switch to nullptr
I1012 13:13:05.564611 42632 runtime_context.cpp:29] DecreaseCounter job_0_running_actor_count, current val is 398
I1012 13:13:05.564707 42633 thread.cpp:76] thread 524298 deconstruct actor 1099532599296
I1012 13:13:05.562613 42682 thread.cpp:76] thread 1052673 deconstruct actor 2207615287300
I1012 13:13:05.564752 42680 actor.cpp:408] actor 2207613190284 switch to nullptr
I1012 13:13:05.564898 42647 runtime_context.cpp:29] DecreaseCounter job_0_running_actor_count, current val is 396
I1012 13:13:05.565026 42637 runtime_context.cpp:29] DecreaseCounter job_0_running_actor_count, current val is 395
I1012 13:13:05.565069 42628 runtime_context.cpp:29] DecreaseCounter job_0_running_actor_count, current val is 394
I1012 13:13:05.564577 42641 thread.cpp:76] thread 524306 deconstruct actor 1099549376512
I1012 13:13:05.565116 42669 thread.cpp:76] thread 1048577 deconstruct actor 2199025352705
I1012 13:13:05.565132 42662 thread.cpp:76] thread 524337 deconstruct actor 1099614388228
I1012 13:13:05.565793 42669 runtime_context.cpp:29] DecreaseCounter job_0_running_actor_count, current val is 390
I1012 13:13:05.565819 42669 thread.cpp:76] thread 1048577 deconstruct actor 2199025352704
I1012 13:13:05.564635 42667 actor.cpp:408] actor 2199023255565 switch to nullptr
I1012 13:13:05.565243 42626 actor.cpp:408] actor 1099517919232 switch to nullptr
I1012 13:13:05.565891 42667 thread.cpp:76] thread 1048576 deconstruct actor 2199023255565
I1012 13:13:05.565907 42641 runtime_context.cpp:29] DecreaseCounter job_0_running_actor_count, current val is 389
I1012 13:13:05.565317 42630 actor.cpp:408] actor 1099526307840 switch to nullptr
I1012 13:13:05.566057 42662 runtime_context.cpp:29] DecreaseCounter job_0_running_actor_count, current val is 387
I1012 13:13:05.566083 42630 thread.cpp:76] thread 524295 deconstruct actor 1099526307840
I1012 13:13:05.566114 42662 actor.cpp:411] actor 1099614388254 switch to &Actor::HandlerZombie
I1012 13:13:05.565560 42682 runtime_context.cpp:29] DecreaseCounter job_0_running_actor_count, current val is 392
I1012 13:13:05.565589 42633 runtime_context.cpp:29] DecreaseCounter job_0_running_actor_count, current val is 391
I1012 13:13:05.566241 42682 actor.cpp:411] actor 2207615287297 switch to &Actor::HandlerZombie
I1012 13:13:05.566257 42651 actor.cpp:408] actor 1099570348032 switch to nullptr
I1012 13:13:05.566296 42652 actor.cpp:408] actor 1099572445184 switch to nullptr
I1012 13:13:05.565275 42638 actor.cpp:408] actor 1099543085056 switch to nullptr
I1012 13:13:05.565320 42642 actor.cpp:408] actor 1099551473664 switch to nullptr
I1012 13:13:05.565505 42680 thread.cpp:76] thread 1052672 deconstruct actor 2207613190284
I1012 13:13:05.566102 42667 runtime_context.cpp:29] DecreaseCounter job_0_running_actor_count, current val is 386
I1012 13:13:05.566159 42662 actor.cpp:408] actor 1099614388249 switch to nullptr
I1012 13:13:05.566247 42650 actor.cpp:408] actor 1099568250880 switch to nullptr
I1012 13:13:05.565912 42626 thread.cpp:76] thread 524291 deconstruct actor 1099517919232
I1012 13:13:05.565901 42669 runtime_context.cpp:29] DecreaseCounter job_0_running_actor_count, current val is 388
I1012 13:13:05.566664 42669 thread.cpp:76] thread 1048577 deconstruct actor 2199025352707
I1012 13:13:05.565315 42634 actor.cpp:408] actor 1099534696448 switch to nullptr
I1012 13:13:05.566733 42634 thread.cpp:76] thread 524299 deconstruct actor 1099534696448
I1012 13:13:05.566311 42651 thread.cpp:76] thread 524316 deconstruct actor 1099570348032
I1012 13:13:05.566352 42630 runtime_context.cpp:29] DecreaseCounter job_0_running_actor_count, current val is 385
I1012 13:13:05.566354 42652 thread.cpp:76] thread 524317 deconstruct actor 1099572445184
I1012 13:13:05.566452 42642 thread.cpp:76] thread 524307 deconstruct actor 1099551473664
I1012 13:13:05.566998 42634 runtime_context.cpp:29] DecreaseCounter job_0_running_actor_count, current val is 382
I1012 13:13:05.566417 42638 thread.cpp:76] thread 524303 deconstruct actor 1099543085056
I1012 13:13:05.566561 42662 thread.cpp:76] thread 524337 deconstruct actor 1099614388249
I1012 13:13:05.566612 42650 thread.cpp:76] thread 524315 deconstruct actor 1099568250880
I1012 13:13:05.567150 42652 runtime_context.cpp:29] DecreaseCounter job_1_running_actor_count, current val is 84
I1012 13:13:05.566285 42682 actor.cpp:411] actor 2207615287296 switch to &Actor::HandlerZombie
I1012 13:13:05.566665 42680 runtime_context.cpp:29] DecreaseCounter job_0_running_actor_count, current val is 384
I1012 13:13:05.567271 42682 actor.cpp:411] actor 2207615287299 switch to &Actor::HandlerZombie
I1012 13:13:05.567303 42680 actor.cpp:408] actor 2207613190157 switch to nullptr
I1012 13:13:05.567318 42638 runtime_context.cpp:29] DecreaseCounter job_0_running_actor_count, current val is 380
I1012 13:13:05.567360 42662 runtime_context.cpp:29] DecreaseCounter job_1_running_actor_count, current val is 83
I1012 13:13:05.566763 42669 runtime_context.cpp:29] DecreaseCounter job_0_running_actor_count, current val is 383
I1012 13:13:05.567000 42651 runtime_context.cpp:29] DecreaseCounter job_1_running_actor_count, current val is 85
I1012 13:13:05.567334 42680 thread.cpp:76] thread 1052672 deconstruct actor 2207613190157
I1012 13:13:05.567312 42642 runtime_context.cpp:29] DecreaseCounter job_0_running_actor_count, current val is 381
I1012 13:13:05.567312 42682 actor.cpp:411] actor 2207615287298 switch to &Actor::HandlerZombie
I1012 13:13:05.566562 42667 actor.cpp:408] actor 2199023255690 switch to nullptr
I1012 13:13:05.567445 42662 actor.cpp:411] actor 1099614388263 switch to &Actor::HandlerZombie
I1012 13:13:05.567663 42680 runtime_context.cpp:29] DecreaseCounter job_0_running_actor_count, current val is 379
I1012 13:13:05.567613 42682 thread.cpp:76] thread 1052673 deconstruct actor 2207615287297
I1012 13:13:05.567652 42667 thread.cpp:76] thread 1048576 deconstruct actor 2199023255690
I1012 13:13:05.567871 42680 actor.cpp:408] actor 2207613190282 switch to nullptr
I1012 13:13:05.567706 42662 actor.cpp:408] actor 1099614388258 switch to nullptr
I1012 13:13:05.567755 42653 actor.cpp:408] actor 1099574542336 switch to nullptr
I1012 13:13:05.567939 42662 thread.cpp:76] thread 524337 deconstruct actor 1099614388258
I1012 13:13:05.567813 42669 actor.cpp:408] actor 2199025352710 switch to nullptr
I1012 13:13:05.567826 42655 actor.cpp:411] actor 1099578736640 switch to &Actor::HandlerZombie
I1012 13:13:05.568048 42667 runtime_context.cpp:29] DecreaseCounter job_0_running_actor_count, current val is 377
I1012 13:13:05.567909 42680 thread.cpp:76] thread 1052672 deconstruct actor 2207613190282
I1012 13:13:05.568109 42667 actor.cpp:408] actor 2199023255563 switch to nullptr
I1012 13:13:05.568137 42667 thread.cpp:76] thread 1048576 deconstruct actor 2199023255563
I1012 13:13:05.567970 42653 thread.cpp:76] thread 524318 deconstruct actor 1099574542336
I1012 13:13:05.568023 42669 thread.cpp:76] thread 1048577 deconstruct actor 2199025352710
I1012 13:13:05.567479 42650 runtime_context.cpp:29] DecreaseCounter job_1_running_actor_count, current val is 82
I1012 13:13:05.568063 42655 thread.cpp:76] thread 524320 deconstruct actor 1099578736640
I1012 13:13:05.568260 42680 runtime_context.cpp:29] DecreaseCounter job_0_running_actor_count, current val is 376
I1012 13:13:05.567757 42654 actor.cpp:408] actor 1099576639488 switch to nullptr
I1012 13:13:05.568328 42680 actor.cpp:408] actor 2207613190155 switch to nullptr
I1012 13:13:05.568343 42654 thread.cpp:76] thread 524319 deconstruct actor 1099576639488
I1012 13:13:05.568284 42667 runtime_context.cpp:29] DecreaseCounter job_0_running_actor_count, current val is 375
I1012 13:13:05.568310 42669 runtime_context.cpp:29] DecreaseCounter job_2_running_actor_count, current val is 87
I1012 13:13:05.568192 42662 runtime_context.cpp:29] DecreaseCounter job_2_running_actor_count, current val is 88
I1012 13:13:05.567939 42682 runtime_context.cpp:29] DecreaseCounter job_0_running_actor_count, current val is 378
I1012 13:13:05.568354 42680 thread.cpp:76] thread 1052672 deconstruct actor 2207613190155
I1012 13:13:05.568385 42653 runtime_context.cpp:29] DecreaseCounter job_2_running_actor_count, current val is 86
I1012 13:13:05.568562 42654 runtime_context.cpp:29] DecreaseCounter job_2_running_actor_count, current val is 84
I1012 13:13:05.568475 42662 actor.cpp:411] actor 1099614388272 switch to &Actor::HandlerZombie
I1012 13:13:05.568503 42655 runtime_context.cpp:29] DecreaseCounter job_2_running_actor_count, current val is 85
I1012 13:13:05.568519 42682 thread.cpp:76] thread 1052673 deconstruct actor 2207615287298
I1012 13:13:05.568423 42667 actor.cpp:408] actor 2199023255688 switch to nullptr
I1012 13:13:05.568707 42657 actor.cpp:408] actor 1099582930944 switch to nullptr
I1012 13:13:05.568722 42656 actor.cpp:408] actor 1099580833792 switch to nullptr
I1012 13:13:05.568648 42662 actor.cpp:408] actor 1099614388267 switch to nullptr
I1012 13:13:05.568801 42669 actor.cpp:408] actor 2199025352711 switch to nullptr
I1012 13:13:05.568747 42657 thread.cpp:76] thread 524322 deconstruct actor 1099582930944
I1012 13:13:05.568662 42680 runtime_context.cpp:29] DecreaseCounter job_0_running_actor_count, current val is 374
I1012 13:13:05.568758 42658 actor.cpp:411] actor 1099585028096 switch to &Actor::HandlerZombie
I1012 13:13:05.568907 42680 actor.cpp:408] actor 2207613190280 switch to nullptr
I1012 13:13:05.568783 42656 thread.cpp:76] thread 524321 deconstruct actor 1099580833792
I1012 13:13:05.568727 42667 thread.cpp:76] thread 1048576 deconstruct actor 2199023255688
I1012 13:13:05.568809 42662 thread.cpp:76] thread 524337 deconstruct actor 1099614388267
I1012 13:13:05.568830 42669 thread.cpp:76] thread 1048577 deconstruct actor 2199025352711
I1012 13:13:05.568781 42682 runtime_context.cpp:29] DecreaseCounter job_0_running_actor_count, current val is 373
I1012 13:13:05.568915 42658 thread.cpp:76] thread 524323 deconstruct actor 1099585028096
I1012 13:13:05.568935 42680 thread.cpp:76] thread 1052672 deconstruct actor 2207613190280
I1012 13:13:05.568961 42657 runtime_context.cpp:29] DecreaseCounter job_3_running_actor_count, current val is 88
I1012 13:13:05.569088 42669 runtime_context.cpp:29] DecreaseCounter job_3_running_actor_count, current val is 87
I1012 13:13:05.569286 42658 runtime_context.cpp:29] DecreaseCounter job_3_running_actor_count, current val is 84
I1012 13:13:05.569147 42667 runtime_context.cpp:29] DecreaseCounter job_0_running_actor_count, current val is 372
