I1013 19:40:20.874632 33424 naive_actor.cpp:25] actor 2207613190425 switch to &NaiveActor::HandlerNormal
I1013 19:40:20.874657 33424 thread.cpp:96] Thread 1052672 construct Actor kNormalForward 2207613190425
I1013 19:40:20.874750 33424 runtime_context.cpp:29] DecreaseCounter constructing_actor_cnt, current val is 24
I1013 19:40:20.874990 33424 naive_actor.cpp:25] actor 2207613190426 switch to &NaiveActor::HandlerNormal
I1013 19:40:20.875016 33424 thread.cpp:96] Thread 1052672 construct Actor kNormalForward 2207613190426
I1013 19:40:20.875056 33424 runtime_context.cpp:29] DecreaseCounter constructing_actor_cnt, current val is 23
I1013 19:40:20.875280 33424 naive_actor.cpp:25] actor 2207613190429 switch to &NaiveActor::HandlerNormal
I1013 19:40:20.875305 33424 thread.cpp:96] Thread 1052672 construct Actor kNormalForward 2207613190429
I1013 19:40:20.875344 33424 runtime_context.cpp:29] DecreaseCounter constructing_actor_cnt, current val is 22
I1013 19:40:20.875581 33424 naive_actor.cpp:25] actor 2207613190430 switch to &NaiveActor::HandlerNormal
I1013 19:40:20.875605 33424 thread.cpp:96] Thread 1052672 construct Actor kNormalForward 2207613190430
I1013 19:40:20.875645 33424 runtime_context.cpp:29] DecreaseCounter constructing_actor_cnt, current val is 21
I1013 19:40:20.875870 33424 naive_actor.cpp:25] actor 2207613190436 switch to &NaiveActor::HandlerNormal
I1013 19:40:20.875895 33424 thread.cpp:96] Thread 1052672 construct Actor kNormalForward 2207613190436
I1013 19:40:20.875933 33424 runtime_context.cpp:29] DecreaseCounter constructing_actor_cnt, current val is 20
I1013 19:40:20.876221 33424 naive_actor.cpp:25] actor 2207613190432 switch to &NaiveActor::HandlerNormal
I1013 19:40:20.876246 33424 thread.cpp:96] Thread 1052672 construct Actor kNormalForward 2207613190432
I1013 19:40:20.876288 33424 runtime_context.cpp:29] DecreaseCounter constructing_actor_cnt, current val is 19
I1013 19:40:20.876528 33424 naive_actor.cpp:25] actor 2207613190431 switch to &NaiveActor::HandlerNormal
I1013 19:40:20.876552 33424 thread.cpp:96] Thread 1052672 construct Actor kNormalForward 2207613190431
I1013 19:40:20.876601 33424 runtime_context.cpp:29] DecreaseCounter constructing_actor_cnt, current val is 18
I1013 19:40:20.876832 33424 naive_actor.cpp:25] actor 2207613190433 switch to &NaiveActor::HandlerNormal
I1013 19:40:20.876857 33424 thread.cpp:96] Thread 1052672 construct Actor kNormalForward 2207613190433
I1013 19:40:20.876895 33424 runtime_context.cpp:29] DecreaseCounter constructing_actor_cnt, current val is 17
I1013 19:40:20.877126 33424 naive_actor.cpp:25] actor 2207613190434 switch to &NaiveActor::HandlerNormal
I1013 19:40:20.877151 33424 thread.cpp:96] Thread 1052672 construct Actor kNormalForward 2207613190434
I1013 19:40:20.877190 33424 runtime_context.cpp:29] DecreaseCounter constructing_actor_cnt, current val is 16
I1013 19:40:20.877416 33424 naive_actor.cpp:25] actor 2207613190435 switch to &NaiveActor::HandlerNormal
I1013 19:40:20.877441 33424 thread.cpp:96] Thread 1052672 construct Actor kNormalForward 2207613190435
I1013 19:40:20.877481 33424 runtime_context.cpp:29] DecreaseCounter constructing_actor_cnt, current val is 15
I1013 19:40:20.877717 33424 naive_actor.cpp:25] actor 2207613190439 switch to &NaiveActor::HandlerNormal
I1013 19:40:20.877741 33424 thread.cpp:96] Thread 1052672 construct Actor kNormalForward 2207613190439
I1013 19:40:20.877781 33424 runtime_context.cpp:29] DecreaseCounter constructing_actor_cnt, current val is 14
I1013 19:40:20.878008 33424 naive_actor.cpp:25] actor 2207613190446 switch to &NaiveActor::HandlerNormal
I1013 19:40:20.878033 33424 thread.cpp:96] Thread 1052672 construct Actor kNormalForward 2207613190446
I1013 19:40:20.878073 33424 runtime_context.cpp:29] DecreaseCounter constructing_actor_cnt, current val is 13
I1013 19:40:20.878304 33424 naive_actor.cpp:25] actor 2207613190437 switch to &NaiveActor::HandlerNormal
I1013 19:40:20.878329 33424 thread.cpp:96] Thread 1052672 construct Actor kNormalForward 2207613190437
I1013 19:40:20.878367 33424 runtime_context.cpp:29] DecreaseCounter constructing_actor_cnt, current val is 12
I1013 19:40:20.878602 33424 naive_actor.cpp:25] actor 2207613190442 switch to &NaiveActor::HandlerNormal
I1013 19:40:20.878654 33424 thread.cpp:96] Thread 1052672 construct Actor kNormalForward 2207613190442
I1013 19:40:20.878723 33424 runtime_context.cpp:29] DecreaseCounter constructing_actor_cnt, current val is 11
I1013 19:40:20.878960 33424 naive_actor.cpp:25] actor 2207613190440 switch to &NaiveActor::HandlerNormal
I1013 19:40:20.878985 33424 thread.cpp:96] Thread 1052672 construct Actor kNormalForward 2207613190440
I1013 19:40:20.879025 33424 runtime_context.cpp:29] DecreaseCounter constructing_actor_cnt, current val is 10
I1013 19:40:20.879256 33424 naive_actor.cpp:25] actor 2207613190445 switch to &NaiveActor::HandlerNormal
I1013 19:40:20.879279 33424 thread.cpp:96] Thread 1052672 construct Actor kNormalForward 2207613190445
I1013 19:40:20.879319 33424 runtime_context.cpp:29] DecreaseCounter constructing_actor_cnt, current val is 9
I1013 19:40:20.879549 33424 naive_actor.cpp:25] actor 2207613190427 switch to &NaiveActor::HandlerNormal
I1013 19:40:20.879582 33424 thread.cpp:96] Thread 1052672 construct Actor kNormalForward 2207613190427
I1013 19:40:20.879623 33424 runtime_context.cpp:29] DecreaseCounter constructing_actor_cnt, current val is 8
I1013 19:40:20.881404 33424 naive_actor.cpp:25] actor 2207613190451 switch to &NaiveActor::HandlerNormal
I1013 19:40:20.881433 33424 thread.cpp:96] Thread 1052672 construct Actor kNormalForward 2207613190451
I1013 19:40:20.881552 33424 runtime_context.cpp:29] DecreaseCounter constructing_actor_cnt, current val is 7
I1013 19:40:20.881814 33424 naive_actor.cpp:25] actor 2207613190449 switch to &NaiveActor::HandlerNormal
I1013 19:40:20.881839 33424 thread.cpp:96] Thread 1052672 construct Actor kNormalForward 2207613190449
I1013 19:40:20.881881 33424 runtime_context.cpp:29] DecreaseCounter constructing_actor_cnt, current val is 6
I1013 19:40:20.882115 33424 naive_actor.cpp:25] actor 2207613190450 switch to &NaiveActor::HandlerNormal
I1013 19:40:20.882140 33424 thread.cpp:96] Thread 1052672 construct Actor kNormalForward 2207613190450
I1013 19:40:20.882181 33424 runtime_context.cpp:29] DecreaseCounter constructing_actor_cnt, current val is 5
I1013 19:40:20.882411 33424 naive_actor.cpp:25] actor 2207613190452 switch to &NaiveActor::HandlerNormal
I1013 19:40:20.882436 33424 thread.cpp:96] Thread 1052672 construct Actor kDeviceTick 2207613190452
I1013 19:40:20.882475 33424 runtime_context.cpp:29] DecreaseCounter constructing_actor_cnt, current val is 4
I1013 19:40:20.882715 33424 naive_actor.cpp:25] actor 2207613190438 switch to &NaiveActor::HandlerNormal
I1013 19:40:20.882741 33424 thread.cpp:96] Thread 1052672 construct Actor kNormalForward 2207613190438
I1013 19:40:20.882781 33424 runtime_context.cpp:29] DecreaseCounter constructing_actor_cnt, current val is 3
I1013 19:40:20.883006 33424 naive_actor.cpp:25] actor 2207613190448 switch to &NaiveActor::HandlerNormal
I1013 19:40:20.883042 33424 thread.cpp:96] Thread 1052672 construct Actor kNormalForward 2207613190448
I1013 19:40:20.883080 33424 runtime_context.cpp:29] DecreaseCounter constructing_actor_cnt, current val is 2
I1013 19:40:20.883299 33424 naive_actor.cpp:25] actor 2207613190443 switch to &NaiveActor::HandlerNormal
I1013 19:40:20.883323 33424 thread.cpp:96] Thread 1052672 construct Actor kNormalForward 2207613190443
I1013 19:40:20.883361 33424 runtime_context.cpp:29] DecreaseCounter constructing_actor_cnt, current val is 1
I1013 19:40:20.883586 33424 naive_actor.cpp:25] actor 2207613190447 switch to &NaiveActor::HandlerNormal
I1013 19:40:20.883610 33424 thread.cpp:96] Thread 1052672 construct Actor kNormalForward 2207613190447
I1013 19:40:20.883656 33424 runtime_context.cpp:29] DecreaseCounter constructing_actor_cnt, current val is 0
I1013 19:40:20.886785 32861 runtime.cpp:93] Actors on this machine constructed
I1013 19:40:20.886813 32861 runtime.cpp:95] Actors on every machine constructed
I1013 19:40:20.886833 32861 runtime_context.cpp:21] NewCounter job_5_running_actor_count 41
I1013 19:40:20.886844 32861 runtime_context.cpp:21] NewCounter job_4_running_actor_count 22
I1013 19:40:20.886852 32861 runtime_context.cpp:21] NewCounter job_3_running_actor_count 91
I1013 19:40:20.886890 32861 runtime_context.cpp:21] NewCounter job_2_running_actor_count 91
I1013 19:40:20.886904 32861 runtime_context.cpp:21] NewCounter job_0_running_actor_count 435
I1013 19:40:20.886912 32861 runtime_context.cpp:21] NewCounter job_1_running_actor_count 89
I1013 19:40:20.887009 33415 wait_and_send_ids_actor.cpp:73] actor 1099616485376 switch to &WaitAndSendIdsActor::HandlerNormal
I1013 19:40:20.887262 32861 global.h:36] NewGlobal N7oneflow7JobDescE
I1013 19:40:20.929126 32861 global.h:43] DeleteGlobal N7oneflow7JobDescE
I1013 19:40:21.460234 33424 local.cpp:114] waiting for key: eager_nccl_unique_id_rpc_key,0:0,0:1
I1013 19:40:21.461983 33418 eager_nccl_comm_manager.cpp:69]  EagerNcclCommMgr::ncclCommInitRank device_vec.size() = 2, nccl_unique_id = 0200ffffffd0580b0b010e000000000000000000000000000000000000000000000000000000000000000000000000000000000000000000000000000000000000000000000000000000000000000000000000000000000000000000000000000000000000000000000000000000000000000000000000000000000000000000000000, rank = 0, key = {eager_nccl_unique_id_rpc_key,0:0,0:1}
I1013 19:40:21.461992 33424 eager_nccl_comm_manager.cpp:69]  EagerNcclCommMgr::ncclCommInitRank device_vec.size() = 2, nccl_unique_id = 0200ffffffd0580b0b010e000000000000000000000000000000000000000000000000000000000000000000000000000000000000000000000000000000000000000000000000000000000000000000000000000000000000000000000000000000000000000000000000000000000000000000000000000000000000000000000000, rank = 1, key = {eager_nccl_unique_id_rpc_key,0:0,0:1}
I1013 19:40:45.350409 32861 global.h:43] DeleteGlobal N7oneflow7OneflowE
I1013 19:40:45.350867 33415 actor.cpp:411] actor 1099616485376 switch to &Actor::HandlerZombie
I1013 19:40:45.350900 33414 actor.cpp:411] actor 1099614388294 switch to &Actor::HandlerZombie
I1013 19:40:45.351024 33415 thread.cpp:76] thread 524338 deconstruct actor 1099616485376
I1013 19:40:45.351040 33414 actor.cpp:408] actor 1099614388295 switch to nullptr
I1013 19:40:45.351065 33414 thread.cpp:76] thread 524337 deconstruct actor 1099614388295
I1013 19:40:45.351351 33415 runtime_context.cpp:29] DecreaseCounter job_5_running_actor_count, current val is 40
I1013 19:40:45.351613 33414 runtime_context.cpp:29] DecreaseCounter job_5_running_actor_count, current val is 39
I1013 19:40:45.351655 33414 actor.cpp:408] actor 1099614388320 switch to nullptr
I1013 19:40:45.351672 33414 thread.cpp:76] thread 524337 deconstruct actor 1099614388320
I1013 19:40:45.351877 33414 runtime_context.cpp:29] DecreaseCounter job_5_running_actor_count, current val is 38
I1013 19:40:45.351909 33414 actor.cpp:408] actor 1099614388300 switch to nullptr
I1013 19:40:45.351925 33414 thread.cpp:76] thread 524337 deconstruct actor 1099614388300
I1013 19:40:45.352097 33414 runtime_context.cpp:29] DecreaseCounter job_5_running_actor_count, current val is 37
I1013 19:40:45.352125 33414 actor.cpp:408] actor 1099614388296 switch to nullptr
I1013 19:40:45.352141 33414 thread.cpp:76] thread 524337 deconstruct actor 1099614388296
I1013 19:40:45.352321 33414 runtime_context.cpp:29] DecreaseCounter job_5_running_actor_count, current val is 36
I1013 19:40:45.352351 33414 actor.cpp:408] actor 1099614388304 switch to nullptr
I1013 19:40:45.352367 33414 thread.cpp:76] thread 524337 deconstruct actor 1099614388304
I1013 19:40:45.352543 33414 runtime_context.cpp:29] DecreaseCounter job_5_running_actor_count, current val is 35
I1013 19:40:45.352577 33414 actor.cpp:408] actor 1099614388308 switch to nullptr
I1013 19:40:45.352594 33414 thread.cpp:76] thread 524337 deconstruct actor 1099614388308
I1013 19:40:45.352773 33414 runtime_context.cpp:29] DecreaseCounter job_5_running_actor_count, current val is 34
I1013 19:40:45.352802 33414 actor.cpp:408] actor 1099614388312 switch to nullptr
I1013 19:40:45.352816 33414 thread.cpp:76] thread 524337 deconstruct actor 1099614388312
I1013 19:40:45.352990 33414 runtime_context.cpp:29] DecreaseCounter job_5_running_actor_count, current val is 33
I1013 19:40:45.353018 33414 actor.cpp:408] actor 1099614388316 switch to nullptr
I1013 19:40:45.353117 33414 thread.cpp:76] thread 524337 deconstruct actor 1099614388316
I1013 19:40:45.353313 33414 runtime_context.cpp:29] DecreaseCounter job_5_running_actor_count, current val is 32
I1013 19:40:45.353374 33414 actor.cpp:408] actor 1099614388321 switch to nullptr
I1013 19:40:45.353394 33414 thread.cpp:76] thread 524337 deconstruct actor 1099614388321
I1013 19:40:45.353585 33414 runtime_context.cpp:29] DecreaseCounter job_5_running_actor_count, current val is 31
I1013 19:40:45.353613 33414 actor.cpp:408] actor 1099614388301 switch to nullptr
I1013 19:40:45.353629 33414 thread.cpp:76] thread 524337 deconstruct actor 1099614388301
I1013 19:40:45.353787 33414 runtime_context.cpp:29] DecreaseCounter job_5_running_actor_count, current val is 30
I1013 19:40:45.353813 33414 actor.cpp:408] actor 1099614388297 switch to nullptr
I1013 19:40:45.353829 33414 thread.cpp:76] thread 524337 deconstruct actor 1099614388297
I1013 19:40:45.354003 33414 runtime_context.cpp:29] DecreaseCounter job_5_running_actor_count, current val is 29
I1013 19:40:45.354029 33414 actor.cpp:408] actor 1099614388305 switch to nullptr
I1013 19:40:45.354044 33414 thread.cpp:76] thread 524337 deconstruct actor 1099614388305
I1013 19:40:45.354195 33414 runtime_context.cpp:29] DecreaseCounter job_5_running_actor_count, current val is 28
I1013 19:40:45.354221 33414 actor.cpp:408] actor 1099614388309 switch to nullptr
I1013 19:40:45.354236 33414 thread.cpp:76] thread 524337 deconstruct actor 1099614388309
I1013 19:40:45.354398 33414 runtime_context.cpp:29] DecreaseCounter job_5_running_actor_count, current val is 27
I1013 19:40:45.354423 33414 actor.cpp:408] actor 1099614388313 switch to nullptr
I1013 19:40:45.354439 33414 thread.cpp:76] thread 524337 deconstruct actor 1099614388313
I1013 19:40:45.354605 33414 runtime_context.cpp:29] DecreaseCounter job_5_running_actor_count, current val is 26
I1013 19:40:45.354631 33414 actor.cpp:408] actor 1099614388317 switch to nullptr
I1013 19:40:45.354647 33414 thread.cpp:76] thread 524337 deconstruct actor 1099614388317
I1013 19:40:45.354807 33414 runtime_context.cpp:29] DecreaseCounter job_5_running_actor_count, current val is 25
I1013 19:40:45.354837 33414 actor.cpp:408] actor 1099614388290 switch to nullptr
I1013 19:40:45.354853 33414 thread.cpp:76] thread 524337 deconstruct actor 1099614388290
I1013 19:40:45.355020 33414 runtime_context.cpp:29] DecreaseCounter job_4_running_actor_count, current val is 21
I1013 19:40:45.355048 33414 actor.cpp:408] actor 1099614388242 switch to nullptr
I1013 19:40:45.355064 33414 thread.cpp:76] thread 524337 deconstruct actor 1099614388242
I1013 19:40:45.355227 33414 runtime_context.cpp:29] DecreaseCounter job_0_running_actor_count, current val is 434
I1013 19:40:45.355255 33414 actor.cpp:408] actor 1099614388232 switch to nullptr
I1013 19:40:45.355271 33414 thread.cpp:76] thread 524337 deconstruct actor 1099614388232
I1013 19:40:45.355453 33414 runtime_context.cpp:29] DecreaseCounter job_0_running_actor_count, current val is 433
I1013 19:40:45.355476 33414 actor.cpp:408] actor 1099614388251 switch to nullptr
I1013 19:40:45.355492 33414 thread.cpp:76] thread 524337 deconstruct actor 1099614388251
I1013 19:40:45.355667 33414 runtime_context.cpp:29] DecreaseCounter job_1_running_actor_count, current val is 88
I1013 19:40:45.355697 33414 actor.cpp:408] actor 1099614388260 switch to nullptr
I1013 19:40:45.355715 33414 thread.cpp:76] thread 524337 deconstruct actor 1099614388260
I1013 19:40:45.355885 33414 runtime_context.cpp:29] DecreaseCounter job_2_running_actor_count, current val is 90
I1013 19:40:45.355913 33414 actor.cpp:408] actor 1099614388269 switch to nullptr
I1013 19:40:45.355929 33414 thread.cpp:76] thread 524337 deconstruct actor 1099614388269
I1013 19:40:45.356089 33414 runtime_context.cpp:29] DecreaseCounter job_3_running_actor_count, current val is 90
I1013 19:40:45.356133 33414 actor.cpp:408] actor 1099614388278 switch to nullptr
I1013 19:40:45.356149 33414 thread.cpp:76] thread 524337 deconstruct actor 1099614388278
I1013 19:40:45.356532 33414 runtime_context.cpp:29] DecreaseCounter job_4_running_actor_count, current val is 20
I1013 19:40:45.356611 33414 actor.cpp:408] actor 1099614388288 switch to nullptr
I1013 19:40:45.356638 33414 thread.cpp:76] thread 524337 deconstruct actor 1099614388288
I1013 19:40:45.356818 33414 runtime_context.cpp:29] DecreaseCounter job_4_running_actor_count, current val is 19
I1013 19:40:45.356849 33414 actor.cpp:408] actor 1099614388240 switch to nullptr
I1013 19:40:45.356865 33414 thread.cpp:76] thread 524337 deconstruct actor 1099614388240
I1013 19:40:45.357043 33414 runtime_context.cpp:29] DecreaseCounter job_0_running_actor_count, current val is 432
I1013 19:40:45.357096 33414 actor.cpp:408] actor 1099614388227 switch to nullptr
I1013 19:40:45.357115 33414 thread.cpp:76] thread 524337 deconstruct actor 1099614388227
I1013 19:40:45.357244 33418 actor.cpp:408] actor 2199023255721 switch to nullptr
I1013 19:40:45.357249 33424 actor.cpp:408] actor 2207613190313 switch to nullptr
I1013 19:40:45.357311 33418 thread.cpp:76] thread 1048576 deconstruct actor 2199023255721
I1013 19:40:45.357311 33414 runtime_context.cpp:29] DecreaseCounter job_0_running_actor_count, current val is 431
I1013 19:40:45.357360 33424 thread.cpp:76] thread 1052672 deconstruct actor 2207613190313
I1013 19:40:45.357422 33414 actor.cpp:408] actor 1099614388248 switch to nullptr
I1013 19:40:45.357465 33414 thread.cpp:76] thread 524337 deconstruct actor 1099614388248
I1013 19:40:45.357609 33418 runtime_context.cpp:29] DecreaseCounter job_0_running_actor_count, current val is 430
I1013 19:40:45.357653 33414 runtime_context.cpp:29] DecreaseCounter job_1_running_actor_count, current val is 87
I1013 19:40:45.357676 33418 actor.cpp:408] actor 2199023255710 switch to nullptr
I1013 19:40:45.357689 33414 actor.cpp:408] actor 1099614388257 switch to nullptr
I1013 19:40:45.357704 33418 thread.cpp:76] thread 1048576 deconstruct actor 2199023255710
I1013 19:40:45.357725 33414 thread.cpp:76] thread 524337 deconstruct actor 1099614388257
I1013 19:40:45.357751 33424 runtime_context.cpp:29] DecreaseCounter job_0_running_actor_count, current val is 429
I1013 19:40:45.357843 33424 actor.cpp:408] actor 2207613190302 switch to nullptr
I1013 19:40:45.357864 33424 thread.cpp:76] thread 1052672 deconstruct actor 2207613190302
I1013 19:40:45.357908 33418 runtime_context.cpp:29] DecreaseCounter job_0_running_actor_count, current val is 428
I1013 19:40:45.357939 33414 runtime_context.cpp:29] DecreaseCounter job_2_running_actor_count, current val is 89
I1013 19:40:45.357959 33418 actor.cpp:408] actor 2199023255708 switch to nullptr
I1013 19:40:45.357970 33414 actor.cpp:408] actor 1099614388266 switch to nullptr
I1013 19:40:45.357985 33418 thread.cpp:76] thread 1048576 deconstruct actor 2199023255708
I1013 19:40:45.358006 33414 thread.cpp:76] thread 524337 deconstruct actor 1099614388266
I1013 19:40:45.358016 33424 runtime_context.cpp:29] DecreaseCounter job_0_running_actor_count, current val is 427
I1013 19:40:45.358098 33424 actor.cpp:408] actor 2207613190300 switch to nullptr
I1013 19:40:45.358115 33424 thread.cpp:76] thread 1052672 deconstruct actor 2207613190300
I1013 19:40:45.358158 33418 runtime_context.cpp:29] DecreaseCounter job_0_running_actor_count, current val is 426
I1013 19:40:45.358207 33418 actor.cpp:408] actor 2199023255702 switch to nullptr
I1013 19:40:45.358213 33414 runtime_context.cpp:29] DecreaseCounter job_3_running_actor_count, current val is 89
I1013 19:40:45.358244 33424 runtime_context.cpp:29] DecreaseCounter job_0_running_actor_count, current val is 425
I1013 19:40:45.358232 33418 thread.cpp:76] thread 1048576 deconstruct actor 2199023255702
I1013 19:40:45.358291 33424 actor.cpp:408] actor 2207613190294 switch to nullptr
I1013 19:40:45.358259 33414 actor.cpp:408] actor 1099614388275 switch to nullptr
I1013 19:40:45.358316 33424 thread.cpp:76] thread 1052672 deconstruct actor 2207613190294
I1013 19:40:45.358340 33414 thread.cpp:76] thread 524337 deconstruct actor 1099614388275
I1013 19:40:45.358423 33418 runtime_context.cpp:29] DecreaseCounter job_0_running_actor_count, current val is 424
I1013 19:40:45.358464 33424 runtime_context.cpp:29] DecreaseCounter job_0_running_actor_count, current val is 423
I1013 19:40:45.358521 33418 actor.cpp:408] actor 2199023255700 switch to nullptr
I1013 19:40:45.358547 33424 actor.cpp:408] actor 2207613190292 switch to nullptr
I1013 19:40:45.358553 33418 thread.cpp:76] thread 1048576 deconstruct actor 2199023255700
I1013 19:40:45.358553 33414 runtime_context.cpp:29] DecreaseCounter job_4_running_actor_count, current val is 18
I1013 19:40:45.358583 33424 thread.cpp:76] thread 1052672 deconstruct actor 2207613190292
I1013 19:40:45.358665 33414 actor.cpp:411] actor 1099614388291 switch to &Actor::HandlerZombie
I1013 19:40:45.358712 33414 actor.cpp:408] actor 1099614388286 switch to nullptr
I1013 19:40:45.358729 33414 thread.cpp:76] thread 524337 deconstruct actor 1099614388286
I1013 19:40:45.358750 33413 actor.cpp:411] actor 1099570348032 switch to &Actor::HandlerZombie
I1013 19:40:45.358765 33418 runtime_context.cpp:29] DecreaseCounter job_0_running_actor_count, current val is 422
I1013 19:40:45.358789 33424 runtime_context.cpp:29] DecreaseCounter job_0_running_actor_count, current val is 421
I1013 19:40:45.358855 33418 actor.cpp:408] actor 2199023255690 switch to nullptr
I1013 19:40:45.358887 33424 actor.cpp:408] actor 2207613190282 switch to nullptr
I1013 19:40:45.358887 33418 thread.cpp:76] thread 1048576 deconstruct actor 2199023255690
I1013 19:40:45.358916 33424 thread.cpp:76] thread 1052672 deconstruct actor 2207613190282
I1013 19:40:45.358925 33414 runtime_context.cpp:29] DecreaseCounter job_4_running_actor_count, current val is 17
I1013 19:40:45.358996 33414 actor.cpp:408] actor 1099614388282 switch to nullptr
I1013 19:40:45.359012 33414 thread.cpp:76] thread 524337 deconstruct actor 1099614388282
I1013 19:40:45.359061 33418 runtime_context.cpp:29] DecreaseCounter job_0_running_actor_count, current val is 420
I1013 19:40:45.359063 33424 runtime_context.cpp:29] DecreaseCounter job_0_running_actor_count, current val is 419
I1013 19:40:45.359109 33418 actor.cpp:408] actor 2199023255688 switch to nullptr
I1013 19:40:45.359071 33411 actor.cpp:411] actor 1099566153728 switch to &Actor::HandlerZombie
I1013 19:40:45.359138 33424 actor.cpp:408] actor 2207613190280 switch to nullptr
I1013 19:40:45.359139 33418 thread.cpp:76] thread 1048576 deconstruct actor 2199023255688
I1013 19:40:45.359186 33414 runtime_context.cpp:29] DecreaseCounter job_4_running_actor_count, current val is 16
I1013 19:40:45.359203 33424 thread.cpp:76] thread 1052672 deconstruct actor 2207613190280
I1013 19:40:45.359259 33414 actor.cpp:408] actor 1099614388283 switch to nullptr
I1013 19:40:45.359292 33414 thread.cpp:76] thread 524337 deconstruct actor 1099614388283
I1013 19:40:45.359334 33412 actor.cpp:411] actor 1099568250880 switch to &Actor::HandlerZombie
I1013 19:40:45.359383 33424 runtime_context.cpp:29] DecreaseCounter job_0_running_actor_count, current val is 417
I1013 19:40:45.359349 33413 thread.cpp:76] thread 524316 deconstruct actor 1099570348032
I1013 19:40:45.359356 33418 runtime_context.cpp:29] DecreaseCounter job_0_running_actor_count, current val is 418
I1013 19:40:45.359426 33424 actor.cpp:408] actor 2207613190278 switch to nullptr
I1013 19:40:45.359498 33418 actor.cpp:408] actor 2199023255686 switch to nullptr
I1013 19:40:45.359454 33414 runtime_context.cpp:29] DecreaseCounter job_4_running_actor_count, current val is 15
I1013 19:40:45.359506 33424 thread.cpp:76] thread 1052672 deconstruct actor 2207613190278
I1013 19:40:45.359525 33418 thread.cpp:76] thread 1048576 deconstruct actor 2199023255686
I1013 19:40:45.359552 33414 actor.cpp:411] actor 1099614388243 switch to &Actor::HandlerZombie
I1013 19:40:45.359632 33413 runtime_context.cpp:29] DecreaseCounter job_4_running_actor_count, current val is 14
I1013 19:40:45.359639 33414 actor.cpp:408] actor 1099614388236 switch to nullptr
I1013 19:40:45.359688 33424 runtime_context.cpp:29] DecreaseCounter job_0_running_actor_count, current val is 416
I1013 19:40:45.359691 33414 thread.cpp:76] thread 524337 deconstruct actor 1099614388236
I1013 19:40:45.359735 33424 actor.cpp:408] actor 2207613190276 switch to nullptr
I1013 19:40:45.359805 33424 thread.cpp:76] thread 1052672 deconstruct actor 2207613190276
I1013 19:40:45.359725 33418 runtime_context.cpp:29] DecreaseCounter job_0_running_actor_count, current val is 415
I1013 19:40:45.359926 33414 runtime_context.cpp:29] DecreaseCounter job_0_running_actor_count, current val is 414
I1013 19:40:45.359724 33395 actor.cpp:411] actor 1099532599296 switch to &Actor::HandlerZombie
I1013 19:40:45.359941 33424 runtime_context.cpp:29] DecreaseCounter job_0_running_actor_count, current val is 413
I1013 19:40:45.359968 33418 actor.cpp:408] actor 2199023255684 switch to nullptr
I1013 19:40:45.359972 33414 actor.cpp:408] actor 1099614388237 switch to nullptr
I1013 19:40:45.360069 33414 thread.cpp:76] thread 524337 deconstruct actor 1099614388237
I1013 19:40:45.360036 33424 actor.cpp:408] actor 2207613190206 switch to nullptr
I1013 19:40:45.360047 33418 thread.cpp:76] thread 1048576 deconstruct actor 2199023255684
I1013 19:40:45.360035 33396 actor.cpp:411] actor 1099534696448 switch to &Actor::HandlerZombie
I1013 19:40:45.360110 33424 thread.cpp:76] thread 1052672 deconstruct actor 2207613190206
I1013 19:40:45.360242 33418 runtime_context.cpp:29] DecreaseCounter job_0_running_actor_count, current val is 412
I1013 19:40:45.360250 33414 runtime_context.cpp:29] DecreaseCounter job_0_running_actor_count, current val is 411
I1013 19:40:45.360291 33418 actor.cpp:408] actor 2199023255614 switch to nullptr
I1013 19:40:45.360301 33414 actor.cpp:411] actor 1099614388233 switch to &Actor::HandlerZombie
I1013 19:40:45.360316 33418 thread.cpp:76] thread 1048576 deconstruct actor 2199023255614
I1013 19:40:45.360347 33414 actor.cpp:408] actor 1099614388226 switch to nullptr
I1013 19:40:45.360314 33424 runtime_context.cpp:29] DecreaseCounter job_0_running_actor_count, current val is 410
I1013 19:40:45.360368 33414 thread.cpp:76] thread 524337 deconstruct actor 1099614388226
I1013 19:40:45.360409 33424 actor.cpp:408] actor 2207613190204 switch to nullptr
I1013 19:40:45.360431 33424 thread.cpp:76] thread 1052672 deconstruct actor 2207613190204
I1013 19:40:45.360455 33418 runtime_context.cpp:29] DecreaseCounter job_0_running_actor_count, current val is 409
I1013 19:40:45.360460 33386 actor.cpp:408] actor 1099513724928 switch to nullptr
I1013 19:40:45.360514 33394 actor.cpp:408] actor 1099530502144 switch to nullptr
I1013 19:40:45.360620 33414 runtime_context.cpp:29] DecreaseCounter job_0_running_actor_count, current val is 408
I1013 19:40:45.360558 33418 actor.cpp:408] actor 2199023255612 switch to nullptr
I1013 19:40:45.360682 33414 actor.cpp:408] actor 1099614388224 switch to nullptr
I1013 19:40:45.360707 33414 thread.cpp:76] thread 524337 deconstruct actor 1099614388224
I1013 19:40:45.360621 33388 actor.cpp:408] actor 1099517919232 switch to nullptr
I1013 19:40:45.360632 33394 thread.cpp:76] thread 524297 deconstruct actor 1099530502144
I1013 19:40:45.360787 33397 actor.cpp:408] actor 1099536793600 switch to nullptr
I1013 19:40:45.360838 33400 actor.cpp:411] actor 1099543085056 switch to &Actor::HandlerZombie
I1013 19:40:45.360929 33399 actor.cpp:408] actor 1099540987904 switch to nullptr
I1013 19:40:45.360692 33418 thread.cpp:76] thread 1048576 deconstruct actor 2199023255612
I1013 19:40:45.360999 33420 actor.cpp:408] actor 2199025352709 switch to nullptr
I1013 19:40:45.360549 33386 thread.cpp:76] thread 524289 deconstruct actor 1099513724928
I1013 19:40:45.360770 33388 thread.cpp:76] thread 524291 deconstruct actor 1099517919232
I1013 19:40:45.361140 33394 runtime_context.cpp:29] DecreaseCounter job_0_running_actor_count, current val is 405
I1013 19:40:45.360667 33392 actor.cpp:408] actor 1099526307840 switch to nullptr
I1013 19:40:45.361232 33392 thread.cpp:76] thread 524295 deconstruct actor 1099526307840
I1013 19:40:45.360863 33398 actor.cpp:408] actor 1099538890752 switch to nullptr
I1013 19:40:45.361310 33398 thread.cpp:76] thread 524301 deconstruct actor 1099538890752
I1013 19:40:45.360877 33401 actor.cpp:408] actor 1099545182208 switch to nullptr
I1013 19:40:45.360889 33414 runtime_context.cpp:29] DecreaseCounter job_0_running_actor_count, current val is 406
I1013 19:40:45.360560 33390 actor.cpp:408] actor 1099522113536 switch to nullptr
I1013 19:40:45.361497 33398 runtime_context.cpp:29] DecreaseCounter job_0_running_actor_count, current val is 402
I1013 19:40:45.360987 33399 thread.cpp:76] thread 524302 deconstruct actor 1099540987904
I1013 19:40:45.360683 33426 actor.cpp:408] actor 2207615287299 switch to nullptr
I1013 19:40:45.361078 33420 thread.cpp:76] thread 1048577 deconstruct actor 2199025352709
I1013 19:40:45.361150 33418 runtime_context.cpp:29] DecreaseCounter job_0_running_actor_count, current val is 404
I1013 19:40:45.361752 33385 actor.cpp:408] actor 1099511627776 switch to nullptr
I1013 19:40:45.361835 33385 thread.cpp:76] thread 524288 deconstruct actor 1099511627776
I1013 19:40:45.361845 33393 actor.cpp:408] actor 1099528404992 switch to nullptr
I1013 19:40:45.361997 33393 thread.cpp:76] thread 524296 deconstruct actor 1099528404992
I1013 19:40:45.361487 33388 runtime_context.cpp:29] DecreaseCounter job_0_running_actor_count, current val is 403
I1013 19:40:45.361498 33414 actor.cpp:408] actor 1099614388225 switch to nullptr
I1013 19:40:45.362123 33414 thread.cpp:76] thread 524337 deconstruct actor 1099614388225
I1013 19:40:45.360947 33400 thread.cpp:76] thread 524303 deconstruct actor 1099543085056
I1013 19:40:45.361528 33390 thread.cpp:76] thread 524293 deconstruct actor 1099522113536
I1013 19:40:45.362253 33393 runtime_context.cpp:29] DecreaseCounter job_0_running_actor_count, current val is 398
I1013 19:40:45.361691 33426 thread.cpp:76] thread 1052673 deconstruct actor 2207615287299
I1013 19:40:45.360636 33424 runtime_context.cpp:29] DecreaseCounter job_0_running_actor_count, current val is 407
I1013 19:40:45.361790 33391 actor.cpp:408] actor 1099524210688 switch to nullptr
I1013 19:40:45.362403 33400 runtime_context.cpp:29] DecreaseCounter job_0_running_actor_count, current val is 396
I1013 19:40:45.361796 33418 actor.cpp:408] actor 2199023255714 switch to nullptr
I1013 19:40:45.362452 33426 runtime_context.cpp:29] DecreaseCounter job_0_running_actor_count, current val is 395
I1013 19:40:45.361871 33387 actor.cpp:408] actor 1099515822080 switch to nullptr
I1013 19:40:45.362535 33390 runtime_context.cpp:29] DecreaseCounter job_0_running_actor_count, current val is 394
I1013 19:40:45.361915 33420 runtime_context.cpp:29] DecreaseCounter job_0_running_actor_count, current val is 400
I1013 19:40:45.362094 33399 runtime_context.cpp:29] DecreaseCounter job_0_running_actor_count, current val is 399
I1013 19:40:45.362653 33420 actor.cpp:408] actor 2199025352705 switch to nullptr
I1013 19:40:45.362334 33414 runtime_context.cpp:29] DecreaseCounter job_0_running_actor_count, current val is 397
I1013 19:40:45.361544 33392 runtime_context.cpp:29] DecreaseCounter job_0_running_actor_count, current val is 401
I1013 19:40:45.362421 33391 thread.cpp:76] thread 524294 deconstruct actor 1099524210688
I1013 19:40:45.360853 33397 thread.cpp:76] thread 524300 deconstruct actor 1099536793600
I1013 19:40:45.362470 33418 thread.cpp:76] thread 1048576 deconstruct actor 2199023255714
I1013 19:40:45.361888 33389 actor.cpp:408] actor 1099520016384 switch to nullptr
I1013 19:40:45.362915 33389 thread.cpp:76] thread 524292 deconstruct actor 1099520016384
I1013 19:40:45.362504 33426 actor.cpp:408] actor 2207615287296 switch to nullptr
I1013 19:40:45.362994 33418 runtime_context.cpp:29] DecreaseCounter job_0_running_actor_count, current val is 393
I1013 19:40:45.361452 33401 thread.cpp:76] thread 524304 deconstruct actor 1099545182208
I1013 19:40:45.363057 33391 runtime_context.cpp:29] DecreaseCounter job_0_running_actor_count, current val is 392
I1013 19:40:45.362416 33424 actor.cpp:408] actor 2207613190306 switch to nullptr
I1013 19:40:45.363137 33389 runtime_context.cpp:29] DecreaseCounter job_0_running_actor_count, current val is 390
I1013 19:40:45.362715 33414 actor.cpp:411] actor 1099614388252 switch to &Actor::HandlerZombie
I1013 19:40:45.362998 33426 thread.cpp:76] thread 1052673 deconstruct actor 2207615287296
I1013 19:40:45.363335 33414 actor.cpp:408] actor 1099614388247 switch to nullptr
I1013 19:40:45.363065 33397 runtime_context.cpp:29] DecreaseCounter job_0_running_actor_count, current val is 391
I1013 19:40:45.363440 33401 runtime_context.cpp:29] DecreaseCounter job_0_running_actor_count, current val is 388
I1013 19:40:45.363150 33424 thread.cpp:76] thread 1052672 deconstruct actor 2207613190306
I1013 19:40:45.362552 33387 thread.cpp:76] thread 524290 deconstruct actor 1099515822080
I1013 19:40:45.363047 33418 actor.cpp:408] actor 2199023255572 switch to nullptr
I1013 19:40:45.363360 33402 actor.cpp:408] actor 1099547279360 switch to nullptr
I1013 19:40:45.363409 33414 thread.cpp:76] thread 524337 deconstruct actor 1099614388247
I1013 19:40:45.363404 33403 actor.cpp:408] actor 1099549376512 switch to nullptr
I1013 19:40:45.363423 33426 runtime_context.cpp:29] DecreaseCounter job_0_running_actor_count, current val is 389
I1013 19:40:45.363427 33404 actor.cpp:408] actor 1099551473664 switch to nullptr
I1013 19:40:45.362685 33420 thread.cpp:76] thread 1048577 deconstruct actor 2199025352705
I1013 19:40:45.363653 33418 thread.cpp:76] thread 1048576 deconstruct actor 2199023255572
I1013 19:40:45.363888 33387 runtime_context.cpp:29] DecreaseCounter job_0_running_actor_count, current val is 386
I1013 19:40:45.363701 33402 thread.cpp:76] thread 524305 deconstruct actor 1099547279360
I1013 19:40:45.363770 33403 thread.cpp:76] thread 524306 deconstruct actor 1099549376512
I1013 19:40:45.363832 33426 actor.cpp:408] actor 2207615287298 switch to nullptr
I1013 19:40:45.363837 33404 thread.cpp:76] thread 524307 deconstruct actor 1099551473664
I1013 19:40:45.363656 33424 runtime_context.cpp:29] DecreaseCounter job_0_running_actor_count, current val is 387
I1013 19:40:45.364107 33403 runtime_context.cpp:29] DecreaseCounter job_1_running_actor_count, current val is 85
I1013 19:40:45.363972 33414 runtime_context.cpp:29] DecreaseCounter job_1_running_actor_count, current val is 86
I1013 19:40:45.364169 33404 runtime_context.cpp:29] DecreaseCounter job_1_running_actor_count, current val is 83
I1013 19:40:45.364192 33414 actor.cpp:411] actor 1099614388261 switch to &Actor::HandlerZombie
I1013 19:40:45.364111 33424 actor.cpp:408] actor 2207613190164 switch to nullptr
I1013 19:40:45.364243 33414 actor.cpp:408] actor 1099614388256 switch to nullptr
I1013 19:40:45.364267 33414 thread.cpp:76] thread 524337 deconstruct actor 1099614388256
I1013 19:40:45.364059 33418 runtime_context.cpp:29] DecreaseCounter job_0_running_actor_count, current val is 384
I1013 19:40:45.364301 33405 actor.cpp:408] actor 1099553570816 switch to nullptr
I1013 19:40:45.364244 33424 thread.cpp:76] thread 1052672 deconstruct actor 2207613190164
I1013 19:40:45.364156 33402 runtime_context.cpp:29] DecreaseCounter job_1_running_actor_count, current val is 84
I1013 19:40:45.364025 33426 thread.cpp:76] thread 1052673 deconstruct actor 2207615287298
I1013 19:40:45.363936 33420 runtime_context.cpp:29] DecreaseCounter job_0_running_actor_count, current val is 385
I1013 19:40:45.364356 33405 thread.cpp:76] thread 524308 deconstruct actor 1099553570816
I1013 19:40:45.364343 33418 actor.cpp:408] actor 2199023255712 switch to nullptr
I1013 19:40:45.364502 33424 runtime_context.cpp:29] DecreaseCounter job_0_running_actor_count, current val is 382
I1013 19:40:45.364383 33407 actor.cpp:411] actor 1099557765120 switch to &Actor::HandlerZombie
I1013 19:40:45.364491 33420 actor.cpp:408] actor 2199025352704 switch to nullptr
I1013 19:40:45.364496 33426 runtime_context.cpp:29] DecreaseCounter job_0_running_actor_count, current val is 383
I1013 19:40:45.364657 33405 runtime_context.cpp:29] DecreaseCounter job_2_running_actor_count, current val is 87
I1013 19:40:45.364679 33426 actor.cpp:408] actor 2207615287297 switch to nullptr
I1013 19:40:45.364511 33414 runtime_context.cpp:29] DecreaseCounter job_2_running_actor_count, current val is 88
I1013 19:40:45.364552 33424 actor.cpp:408] actor 2207613190304 switch to nullptr
I1013 19:40:45.364599 33407 thread.cpp:76] thread 524310 deconstruct actor 1099557765120
I1013 19:40:45.364629 33420 thread.cpp:76] thread 1048577 deconstruct actor 2199025352704
I1013 19:40:45.364343 33406 actor.cpp:408] actor 1099555667968 switch to nullptr
I1013 19:40:45.364986 33407 runtime_context.cpp:29] DecreaseCounter job_2_running_actor_count, current val is 86
I1013 19:40:45.364512 33418 thread.cpp:76] thread 1048576 deconstruct actor 2199023255712
I1013 19:40:45.364717 33426 thread.cpp:76] thread 1052673 deconstruct actor 2207615287297
I1013 19:40:45.364822 33424 thread.cpp:76] thread 1052672 deconstruct actor 2207613190304
I1013 19:40:45.364989 33420 runtime_context.cpp:29] DecreaseCounter job_0_running_actor_count, current val is 381
I1013 19:40:45.365007 33406 thread.cpp:76] thread 524309 deconstruct actor 1099555667968
I1013 19:40:45.364759 33414 actor.cpp:411] actor 1099614388270 switch to &Actor::HandlerZombie
I1013 19:40:45.365134 33426 runtime_context.cpp:29] DecreaseCounter job_0_running_actor_count, current val is 380
I1013 19:40:45.365147 33420 actor.cpp:408] actor 2199025352707 switch to nullptr
I1013 19:40:45.365248 33426 actor.cpp:408] actor 2207615287300 switch to nullptr
I1013 19:40:45.365212 33414 actor.cpp:408] actor 1099614388265 switch to nullptr
I1013 19:40:45.365226 33424 runtime_context.cpp:29] DecreaseCounter job_0_running_actor_count, current val is 378
I1013 19:40:45.365347 33410 actor.cpp:411] actor 1099564056576 switch to &Actor::HandlerZombie
I1013 19:40:45.365260 33420 thread.cpp:76] thread 1048577 deconstruct actor 2199025352707
I1013 19:40:45.365265 33409 actor.cpp:408] actor 1099561959424 switch to nullptr
I1013 19:40:45.365269 33408 actor.cpp:408] actor 1099559862272 switch to nullptr
I1013 19:40:45.365289 33406 runtime_context.cpp:29] DecreaseCounter job_2_running_actor_count, current val is 85
I1013 19:40:45.365310 33426 thread.cpp:76] thread 1052673 deconstruct actor 2207615287300
I1013 19:40:45.365340 33414 thread.cpp:76] thread 524337 deconstruct actor 1099614388265
I1013 19:40:45.365170 33418 runtime_context.cpp:29] DecreaseCounter job_0_running_actor_count, current val is 379
I1013 19:40:45.365609 33426 runtime_context.cpp:29] DecreaseCounter job_0_running_actor_count, current val is 376
I1013 19:40:45.365406 33410 thread.cpp:76] thread 524313 deconstruct actor 1099564056576
I1013 19:40:45.365469 33409 thread.cpp:76] thread 524312 deconstruct actor 1099561959424
I1013 19:40:45.365473 33420 runtime_context.cpp:29] DecreaseCounter job_0_running_actor_count, current val is 377
I1013 19:40:45.365496 33408 thread.cpp:76] thread 524311 deconstruct actor 1099559862272
I1013 19:40:45.365387 33424 actor.cpp:408] actor 2207613190162 switch to nullptr
I1013 19:40:45.365787 33414 runtime_context.cpp:29] DecreaseCounter job_3_running_actor_count, current val is 88
I1013 19:40:45.365656 33426 actor.cpp:408] actor 2207615287301 switch to nullptr
I1013 19:40:45.365752 33420 actor.cpp:408] actor 2199025352706 switch to nullptr
I1013 19:40:45.365641 33418 actor.cpp:408] actor 2199023255570 switch to nullptr
I1013 19:40:45.365794 33424 thread.cpp:76] thread 1052672 deconstruct actor 2207613190162
I1013 19:40:45.365958 33408 runtime_context.cpp:29] DecreaseCounter job_3_running_actor_count, current val is 85
I1013 19:40:45.365839 33410 runtime_context.cpp:29] DecreaseCounter job_3_running_actor_count, current val is 87
I1013 19:40:45.365839 33409 runtime_context.cpp:29] DecreaseCounter job_3_running_actor_count, current val is 86
I1013 19:40:45.365890 33426 thread.cpp:76] thread 1052673 deconstruct actor 2207615287301
I1013 19:40:45.365919 33420 thread.cpp:76] thread 1048577 deconstruct actor 2199025352706
I1013 19:40:45.365944 33418 thread.cpp:76] thread 1048576 deconstruct actor 2199023255570
I1013 19:40:45.365826 33414 actor.cpp:411] actor 1099614388279 switch to &Actor::HandlerZombie
I1013 19:40:45.366153 33420 runtime_context.cpp:29] DecreaseCounter job_0_running_actor_count, current val is 374
I1013 19:40:45.366129 33426 runtime_context.cpp:29] DecreaseCounter job_2_running_actor_count, current val is 84
I1013 19:40:45.366086 33424 runtime_context.cpp:29] DecreaseCounter job_0_running_actor_count, current val is 375
I1013 19:40:45.366164 33414 actor.cpp:408] actor 1099614388273 switch to nullptr
I1013 19:40:45.366328 33426 actor.cpp:408] actor 2207615287302 switch to nullptr
I1013 19:40:45.366214 33411 thread.cpp:76] thread 524314 deconstruct actor 1099566153728
I1013 19:40:45.366232 33418 runtime_context.cpp:29] DecreaseCounter job_0_running_actor_count, current val is 373
I1013 19:40:45.366308 33424 actor.cpp:408] actor 2207613190290 switch to nullptr
I1013 19:40:45.366447 33418 actor.cpp:408] actor 2199023255698 switch to nullptr
I1013 19:40:45.366343 33414 thread.cpp:76] thread 524337 deconstruct actor 1099614388273
I1013 19:40:45.366361 33426 thread.cpp:76] thread 1052673 deconstruct actor 2207615287302
I1013 19:40:45.366194 33420 actor.cpp:408] actor 2199025352710 switch to nullptr
I1013 19:40:45.366456 33424 thread.cpp:76] thread 1052672 deconstruct actor 2207613190290
I1013 19:40:45.366590 33426 runtime_context.cpp:29] DecreaseCounter job_3_running_actor_count, current val is 84
I1013 19:40:45.366562 33420 thread.cpp:76] thread 1048577 deconstruct actor 2199025352710
I1013 19:40:45.366475 33418 thread.cpp:76] thread 1048576 deconstruct actor 2199023255698
I1013 19:40:45.366654 33411 runtime_context.cpp:29] DecreaseCounter job_4_running_actor_count, current val is 13
I1013 19:40:45.366709 33420 runtime_context.cpp:29] DecreaseCounter job_2_running_actor_count, current val is 83
I1013 19:40:45.366725 33414 runtime_context.cpp:29] DecreaseCounter job_4_running_actor_count, current val is 12
I1013 19:40:45.366750 33420 actor.cpp:408] actor 2199025352711 switch to nullptr
I1013 19:40:45.366766 33414 actor.cpp:408] actor 1099614388274 switch to nullptr
I1013 19:40:45.366773 33418 runtime_context.cpp:29] DecreaseCounter job_0_running_actor_count, current val is 371
I1013 19:40:45.366773 33420 thread.cpp:76] thread 1048577 deconstruct actor 2199025352711
I1013 19:40:45.366827 33418 actor.cpp:408] actor 2199023255563 switch to nullptr
I1013 19:40:45.366852 33418 thread.cpp:76] thread 1048576 deconstruct actor 2199023255563
I1013 19:40:45.366782 33412 thread.cpp:76] thread 524315 deconstruct actor 1099568250880
I1013 19:40:45.366712 33424 runtime_context.cpp:29] DecreaseCounter job_0_running_actor_count, current val is 372
I1013 19:40:45.366787 33414 thread.cpp:76] thread 524337 deconstruct actor 1099614388274
I1013 19:40:45.366974 33418 runtime_context.cpp:29] DecreaseCounter job_0_running_actor_count, current val is 370
I1013 19:40:45.366953 33424 actor.cpp:408] actor 2207613190155 switch to nullptr
I1013 19:40:45.367020 33418 actor.cpp:408] actor 2199023255692 switch to nullptr
I1013 19:40:45.366889 33420 runtime_context.cpp:29] DecreaseCounter job_3_running_actor_count, current val is 83
I1013 19:40:45.367059 33412 runtime_context.cpp:29] DecreaseCounter job_4_running_actor_count, current val is 11
I1013 19:40:45.367045 33418 thread.cpp:76] thread 1048576 deconstruct actor 2199023255692
I1013 19:40:45.367029 33424 thread.cpp:76] thread 1052672 deconstruct actor 2207613190155
I1013 19:40:45.367202 33414 runtime_context.cpp:29] DecreaseCounter job_4_running_actor_count, current val is 10
I1013 19:40:45.367242 33418 runtime_context.cpp:29] DecreaseCounter job_0_running_actor_count, current val is 369
I1013 19:40:45.367252 33414 actor.cpp:408] actor 1099614388292 switch to nullptr
I1013 19:40:45.367251 33424 runtime_context.cpp:29] DecreaseCounter job_0_running_actor_count, current val is 368
I1013 19:40:45.367293 33418 actor.cpp:408] actor 2199023255565 switch to nullptr
I1013 19:40:45.367334 33424 actor.cpp:408] actor 2207613190284 switch to nullptr
I1013 19:40:45.367359 33424 thread.cpp:76] thread 1052672 deconstruct actor 2207613190284
I1013 19:40:45.367295 33414 thread.cpp:76] thread 524337 deconstruct actor 1099614388292
I1013 19:40:45.367347 33418 thread.cpp:76] thread 1048576 deconstruct actor 2199023255565
I1013 19:40:45.367478 33424 runtime_context.cpp:29] DecreaseCounter job_0_running_actor_count, current val is 367
I1013 19:40:45.367530 33418 runtime_context.cpp:29] DecreaseCounter job_0_running_actor_count, current val is 366
I1013 19:40:45.367592 33414 runtime_context.cpp:29] DecreaseCounter job_4_running_actor_count, current val is 9
I1013 19:40:45.367604 33424 actor.cpp:408] actor 2207613190157 switch to nullptr
I1013 19:40:45.367606 33418 actor.cpp:408] actor 2199023255554 switch to nullptr
I1013 19:40:45.367700 33418 thread.cpp:76] thread 1048576 deconstruct actor 2199023255554
I1013 19:40:45.367674 33424 thread.cpp:76] thread 1052672 deconstruct actor 2207613190157
I1013 19:40:45.367658 33414 actor.cpp:408] actor 1099614388287 switch to nullptr
I1013 19:40:45.367769 33414 thread.cpp:76] thread 524337 deconstruct actor 1099614388287
I1013 19:40:45.367851 33418 runtime_context.cpp:29] DecreaseCounter job_0_running_actor_count, current val is 365
I1013 19:40:45.367870 33424 runtime_context.cpp:29] DecreaseCounter job_0_running_actor_count, current val is 364
I1013 19:40:45.367889 33418 actor.cpp:408] actor 2199023255716 switch to nullptr
I1013 19:40:45.367919 33414 runtime_context.cpp:29] DecreaseCounter job_4_running_actor_count, current val is 8
I1013 19:40:45.367920 33424 actor.cpp:408] actor 2207613190146 switch to nullptr
I1013 19:40:45.367928 33418 thread.cpp:76] thread 1048576 deconstruct actor 2199023255716
I1013 19:40:45.367960 33414 actor.cpp:408] actor 1099614388276 switch to nullptr
I1013 19:40:45.367975 33424 thread.cpp:76] thread 1052672 deconstruct actor 2207613190146
I1013 19:40:45.368026 33414 thread.cpp:76] thread 524337 deconstruct actor 1099614388276
I1013 19:40:45.368111 33418 runtime_context.cpp:29] DecreaseCounter job_0_running_actor_count, current val is 363
I1013 19:40:45.368155 33418 actor.cpp:408] actor 2199023255605 switch to nullptr
I1013 19:40:45.368160 33424 runtime_context.cpp:29] DecreaseCounter job_0_running_actor_count, current val is 362
I1013 19:40:45.368176 33418 thread.cpp:76] thread 1048576 deconstruct actor 2199023255605
I1013 19:40:45.368222 33424 actor.cpp:408] actor 2207613190308 switch to nullptr
I1013 19:40:45.368175 33414 runtime_context.cpp:29] DecreaseCounter job_4_running_actor_count, current val is 7
I1013 19:40:45.368248 33424 thread.cpp:76] thread 1052672 deconstruct actor 2207613190308
I1013 19:40:45.368279 33414 actor.cpp:408] actor 1099614388284 switch to nullptr
I1013 19:40:45.368310 33414 thread.cpp:76] thread 524337 deconstruct actor 1099614388284
I1013 19:40:45.368342 33418 runtime_context.cpp:29] DecreaseCounter job_0_running_actor_count, current val is 361
I1013 19:40:45.368386 33418 actor.cpp:408] actor 2199023255704 switch to nullptr
I1013 19:40:45.368397 33424 runtime_context.cpp:29] DecreaseCounter job_0_running_actor_count, current val is 360
I1013 19:40:45.368405 33418 thread.cpp:76] thread 1048576 deconstruct actor 2199023255704
I1013 19:40:45.368451 33414 runtime_context.cpp:29] DecreaseCounter job_4_running_actor_count, current val is 6
I1013 19:40:45.368453 33424 actor.cpp:408] actor 2207613190197 switch to nullptr
I1013 19:40:45.368494 33414 actor.cpp:408] actor 1099614388285 switch to nullptr
I1013 19:40:45.368510 33424 thread.cpp:76] thread 1052672 deconstruct actor 2207613190197
I1013 19:40:45.368530 33414 thread.cpp:76] thread 524337 deconstruct actor 1099614388285
I1013 19:40:45.368551 33418 runtime_context.cpp:29] DecreaseCounter job_0_running_actor_count, current val is 359
I1013 19:40:45.368621 33418 actor.cpp:408] actor 2199023255577 switch to nullptr
I1013 19:40:45.368640 33418 thread.cpp:76] thread 1048576 deconstruct actor 2199023255577
I1013 19:40:45.368660 33424 runtime_context.cpp:29] DecreaseCounter job_0_running_actor_count, current val is 358
I1013 19:40:45.368705 33424 actor.cpp:408] actor 2207613190296 switch to nullptr
I1013 19:40:45.368706 33414 runtime_context.cpp:29] DecreaseCounter job_4_running_actor_count, current val is 5
I1013 19:40:45.368728 33424 thread.cpp:76] thread 1052672 deconstruct actor 2207613190296
I1013 19:40:45.368762 33418 runtime_context.cpp:29] DecreaseCounter job_0_running_actor_count, current val is 357
I1013 19:40:45.368760 33414 actor.cpp:408] actor 1099614388244 switch to nullptr
I1013 19:40:45.368856 33418 actor.cpp:408] actor 2199023255706 switch to nullptr
I1013 19:40:45.368863 33414 thread.cpp:76] thread 524337 deconstruct actor 1099614388244
I1013 19:40:45.368891 33418 thread.cpp:76] thread 1048576 deconstruct actor 2199023255706
I1013 19:40:45.368892 33424 runtime_context.cpp:29] DecreaseCounter job_0_running_actor_count, current val is 356
I1013 19:40:45.369005 33424 actor.cpp:408] actor 2207613190169 switch to nullptr
I1013 19:40:45.369024 33424 thread.cpp:76] thread 1052672 deconstruct actor 2207613190169
