I1012 16:15:34.496260 11770 thread.cpp:96] Thread 1048576 construct Actor kNormalForward 2199023255614
I1012 16:15:34.496331 11723 thread.cpp:96] Thread 524337 construct Actor kTick 1099614388253
I1012 16:15:34.496510 11770 runtime_context.cpp:29] DecreaseCounter constructing_actor_cnt, current val is 665
I1012 16:15:34.496532 11723 runtime_context.cpp:29] DecreaseCounter constructing_actor_cnt, current val is 664
I1012 16:15:34.497488 11723 naive_actor.cpp:25] actor 1099614388254 switch to &NaiveActor::HandlerNormal
I1012 16:15:34.497571 11723 thread.cpp:96] Thread 524337 construct Actor kDstSubsetTick 1099614388254
I1012 16:15:34.497644 11723 runtime_context.cpp:29] DecreaseCounter constructing_actor_cnt, current val is 663
I1012 16:15:34.498548 11723 naive_actor.cpp:25] actor 1099614388249 switch to &NaiveActor::HandlerNormal
I1012 16:15:34.498656 11723 thread.cpp:96] Thread 524337 construct Actor kDeviceTick 1099614388249
I1012 16:15:34.498678 11686 naive_actor.cpp:25] actor 1099515822080 switch to &NaiveActor::HandlerNormal
I1012 16:15:34.498755 11723 runtime_context.cpp:29] DecreaseCounter constructing_actor_cnt, current val is 662
I1012 16:15:34.498775 11686 thread.cpp:96] Thread 524290 construct Actor kNormalForward 1099515822080
I1012 16:15:34.498944 11686 runtime_context.cpp:29] DecreaseCounter constructing_actor_cnt, current val is 661
I1012 16:15:34.499126 11796 naive_actor.cpp:25] actor 2207613190193 switch to &NaiveActor::HandlerNormal
I1012 16:15:34.499195 11796 thread.cpp:96] Thread 1052672 construct Actor kNormalForward 2207613190193
I1012 16:15:34.499292 11796 runtime_context.cpp:29] DecreaseCounter constructing_actor_cnt, current val is 660
I1012 16:15:34.499526 11723 naive_actor.cpp:25] actor 1099614388255 switch to &NaiveActor::HandlerNormal
I1012 16:15:34.499599 11723 thread.cpp:96] Thread 524337 construct Actor kTick 1099614388255
I1012 16:15:34.499673 11723 runtime_context.cpp:29] DecreaseCounter constructing_actor_cnt, current val is 659
I1012 16:15:34.500269 11770 naive_actor.cpp:25] actor 2199023255622 switch to &NaiveActor::HandlerNormal
I1012 16:15:34.500422 11770 thread.cpp:96] Thread 1048576 construct Actor kNormalForward 2199023255622
I1012 16:15:34.500481 11723 naive_actor.cpp:25] actor 1099614388258 switch to &NaiveActor::HandlerNormal
I1012 16:15:34.500593 11723 thread.cpp:96] Thread 524337 construct Actor kDeviceTick 1099614388258
I1012 16:15:34.500609 11770 runtime_context.cpp:29] DecreaseCounter constructing_actor_cnt, current val is 658
I1012 16:15:34.500674 11723 runtime_context.cpp:29] DecreaseCounter constructing_actor_cnt, current val is 657
I1012 16:15:34.501307 11723 naive_actor.cpp:25] actor 1099614388265 switch to &NaiveActor::HandlerNormal
I1012 16:15:34.501385 11723 thread.cpp:96] Thread 524337 construct Actor kTick 1099614388265
I1012 16:15:34.501483 11723 runtime_context.cpp:29] DecreaseCounter constructing_actor_cnt, current val is 656
I1012 16:15:34.502357 11796 naive_actor.cpp:25] actor 2207613190225 switch to &NaiveActor::HandlerNormal
I1012 16:15:34.502457 11796 thread.cpp:96] Thread 1052672 construct Actor kNormalForward 2207613190225
I1012 16:15:34.502554 11796 runtime_context.cpp:29] DecreaseCounter constructing_actor_cnt, current val is 655
I1012 16:15:34.502733 11723 naive_actor.cpp:25] actor 1099614388263 switch to &NaiveActor::HandlerNormal
I1012 16:15:34.502961 11723 thread.cpp:96] Thread 524337 construct Actor kDstSubsetTick 1099614388263
I1012 16:15:34.503068 11723 runtime_context.cpp:29] DecreaseCounter constructing_actor_cnt, current val is 654
I1012 16:15:34.503885 11770 naive_actor.cpp:25] actor 2199023255646 switch to &NaiveActor::HandlerNormal
I1012 16:15:34.504029 11770 thread.cpp:96] Thread 1048576 construct Actor kNormalForward 2199023255646
I1012 16:15:34.504050 11723 naive_actor.cpp:25] actor 1099614388315 switch to &NaiveActor::HandlerNormal
I1012 16:15:34.504212 11723 thread.cpp:96] Thread 524337 construct Actor kTick 1099614388315
I1012 16:15:34.504237 11770 runtime_context.cpp:29] DecreaseCounter constructing_actor_cnt, current val is 653
I1012 16:15:34.504321 11723 runtime_context.cpp:29] DecreaseCounter constructing_actor_cnt, current val is 652
I1012 16:15:34.505267 11796 naive_actor.cpp:25] actor 2207613190249 switch to &NaiveActor::HandlerNormal
I1012 16:15:34.505358 11796 thread.cpp:96] Thread 1052672 construct Actor kNormalForward 2207613190249
I1012 16:15:34.505470 11796 runtime_context.cpp:29] DecreaseCounter constructing_actor_cnt, current val is 651
I1012 16:15:34.505650 11723 naive_actor.cpp:25] actor 1099614388257 switch to &NaiveActor::HandlerNormal
I1012 16:15:34.505723 11723 thread.cpp:96] Thread 524337 construct Actor kTick 1099614388257
I1012 16:15:34.505795 11723 runtime_context.cpp:29] DecreaseCounter constructing_actor_cnt, current val is 650
I1012 16:15:34.506541 11723 naive_actor.cpp:25] actor 1099614388264 switch to &NaiveActor::HandlerNormal
I1012 16:15:34.506623 11723 thread.cpp:96] Thread 524337 construct Actor kTick 1099614388264
I1012 16:15:34.506700 11723 runtime_context.cpp:29] DecreaseCounter constructing_actor_cnt, current val is 649
I1012 16:15:34.506827 11770 naive_actor.cpp:25] actor 2199023255670 switch to &NaiveActor::HandlerNormal
I1012 16:15:34.506951 11770 thread.cpp:96] Thread 1048576 construct Actor kNormalForward 2199023255670
I1012 16:15:34.507131 11770 runtime_context.cpp:29] DecreaseCounter constructing_actor_cnt, current val is 648
I1012 16:15:34.507289 11723 naive_actor.cpp:25] actor 1099614388259 switch to &NaiveActor::HandlerNormal
I1012 16:15:34.507357 11723 thread.cpp:96] Thread 524337 construct Actor kSrcSubsetTick 1099614388259
I1012 16:15:34.507467 11723 runtime_context.cpp:29] DecreaseCounter constructing_actor_cnt, current val is 647
I1012 16:15:34.507978 11796 naive_actor.cpp:25] actor 2207613190273 switch to &NaiveActor::HandlerNormal
I1012 16:15:34.508062 11796 thread.cpp:96] Thread 1052672 construct Actor kNormalForward 2207613190273
I1012 16:15:34.508158 11796 runtime_context.cpp:29] DecreaseCounter constructing_actor_cnt, current val is 646
I1012 16:15:34.508399 11723 naive_actor.cpp:25] actor 1099614388262 switch to &NaiveActor::HandlerNormal
I1012 16:15:34.508478 11723 thread.cpp:96] Thread 524337 construct Actor kTick 1099614388262
I1012 16:15:34.508558 11723 runtime_context.cpp:29] DecreaseCounter constructing_actor_cnt, current val is 645
I1012 16:15:34.508654 11770 naive_actor.cpp:25] actor 2199023255694 switch to &NaiveActor::HandlerNormal
I1012 16:15:34.508770 11770 thread.cpp:96] Thread 1048576 construct Actor kNormalForward 2199023255694
I1012 16:15:34.508888 11770 runtime_context.cpp:29] DecreaseCounter constructing_actor_cnt, current val is 644
I1012 16:15:34.509367 11723 naive_actor.cpp:25] actor 1099614388274 switch to &NaiveActor::HandlerNormal
I1012 16:15:34.509464 11723 thread.cpp:96] Thread 524337 construct Actor kTick 1099614388274
I1012 16:15:34.509541 11723 runtime_context.cpp:29] DecreaseCounter constructing_actor_cnt, current val is 643
I1012 16:15:34.509814 11770 naive_actor.cpp:25] actor 2199023255718 switch to &NaiveActor::HandlerNormal
I1012 16:15:34.509927 11770 thread.cpp:96] Thread 1048576 construct Actor kNormalForward 2199023255718
I1012 16:15:34.510174 11723 naive_actor.cpp:25] actor 1099614388266 switch to &NaiveActor::HandlerNormal
I1012 16:15:34.510181 11770 runtime_context.cpp:29] DecreaseCounter constructing_actor_cnt, current val is 642
I1012 16:15:34.510260 11723 thread.cpp:96] Thread 524337 construct Actor kTick 1099614388266
I1012 16:15:34.510634 11723 runtime_context.cpp:29] DecreaseCounter constructing_actor_cnt, current val is 641
I1012 16:15:34.511284 11723 naive_actor.cpp:25] actor 1099614388271 switch to &NaiveActor::HandlerNormal
I1012 16:15:34.511371 11723 thread.cpp:96] Thread 524337 construct Actor kTick 1099614388271
I1012 16:15:34.511466 11723 runtime_context.cpp:29] DecreaseCounter constructing_actor_cnt, current val is 640
I1012 16:15:34.512003 11796 naive_actor.cpp:25] actor 2207613190297 switch to &NaiveActor::HandlerNormal
I1012 16:15:34.512117 11796 thread.cpp:96] Thread 1052672 construct Actor kNormalForward 2207613190297
I1012 16:15:34.512238 11796 runtime_context.cpp:29] DecreaseCounter constructing_actor_cnt, current val is 639
I1012 16:15:34.512352 11723 naive_actor.cpp:25] actor 1099614388308 switch to &NaiveActor::HandlerNormal
I1012 16:15:34.512420 11723 thread.cpp:96] Thread 524337 construct Actor kTick 1099614388308
I1012 16:15:34.512514 11723 runtime_context.cpp:29] DecreaseCounter constructing_actor_cnt, current val is 638
I1012 16:15:34.512662 11770 naive_actor.cpp:25] actor 2199023255730 switch to &NaiveActor::HandlerNormal
I1012 16:15:34.512755 11770 thread.cpp:96] Thread 1048576 construct Actor kNormalForward 2199023255730
I1012 16:15:34.512917 11770 runtime_context.cpp:29] DecreaseCounter constructing_actor_cnt, current val is 637
I1012 16:15:34.513249 11723 naive_actor.cpp:25] actor 1099614388267 switch to &NaiveActor::HandlerNormal
I1012 16:15:34.513329 11723 thread.cpp:96] Thread 524337 construct Actor kDeviceTick 1099614388267
I1012 16:15:34.513401 11723 runtime_context.cpp:29] DecreaseCounter constructing_actor_cnt, current val is 636
I1012 16:15:34.514202 11770 naive_actor.cpp:25] actor 2199023255565 switch to &NaiveActor::HandlerNormal
I1012 16:15:34.514312 11770 thread.cpp:96] Thread 1048576 construct Actor kNormalForward 2199023255565
I1012 16:15:34.514341 11723 naive_actor.cpp:25] actor 1099614388272 switch to &NaiveActor::HandlerNormal
I1012 16:15:34.514343 11796 naive_actor.cpp:25] actor 2207613190333 switch to &NaiveActor::HandlerNormal
I1012 16:15:34.514473 11770 runtime_context.cpp:29] DecreaseCounter constructing_actor_cnt, current val is 635
I1012 16:15:34.514493 11723 thread.cpp:96] Thread 524337 construct Actor kDstSubsetTick 1099614388272
I1012 16:15:34.514551 11796 thread.cpp:96] Thread 1052672 construct Actor kNormalForward 2207613190333
I1012 16:15:34.514763 11723 runtime_context.cpp:29] DecreaseCounter constructing_actor_cnt, current val is 634
I1012 16:15:34.514835 11796 runtime_context.cpp:29] DecreaseCounter constructing_actor_cnt, current val is 633
I1012 16:15:34.515439 11723 naive_actor.cpp:25] actor 1099614388268 switch to &NaiveActor::HandlerNormal
I1012 16:15:34.515529 11723 thread.cpp:96] Thread 524337 construct Actor kSrcSubsetTick 1099614388268
I1012 16:15:34.515616 11723 runtime_context.cpp:29] DecreaseCounter constructing_actor_cnt, current val is 632
I1012 16:15:34.516297 11723 naive_actor.cpp:25] actor 1099614388273 switch to &NaiveActor::HandlerNormal
I1012 16:15:34.516378 11723 thread.cpp:96] Thread 524337 construct Actor kTick 1099614388273
I1012 16:15:34.516495 11723 runtime_context.cpp:29] DecreaseCounter constructing_actor_cnt, current val is 631
I1012 16:15:34.518193 11796 naive_actor.cpp:25] actor 2207613190148 switch to &NaiveActor::HandlerNormal
I1012 16:15:34.518194 11723 naive_actor.cpp:25] actor 1099614388295 switch to &NaiveActor::HandlerNormal
I1012 16:15:34.518335 11796 thread.cpp:96] Thread 1052672 construct Actor kNormalForward 2207613190148
I1012 16:15:34.518401 11723 thread.cpp:96] Thread 524337 construct Actor kTick 1099614388295
I1012 16:15:34.518471 11770 naive_actor.cpp:25] actor 2199023255589 switch to &NaiveActor::HandlerNormal
I1012 16:15:34.518517 11796 runtime_context.cpp:29] DecreaseCounter constructing_actor_cnt, current val is 630
I1012 16:15:34.518545 11723 runtime_context.cpp:29] DecreaseCounter constructing_actor_cnt, current val is 629
I1012 16:15:34.518613 11770 thread.cpp:96] Thread 1048576 construct Actor kNormalForward 2199023255589
I1012 16:15:34.519059 11770 runtime_context.cpp:29] DecreaseCounter constructing_actor_cnt, current val is 628
I1012 16:15:34.519349 11723 naive_actor.cpp:25] actor 1099614388288 switch to &NaiveActor::HandlerNormal
I1012 16:15:34.519459 11723 thread.cpp:96] Thread 524337 construct Actor kTick 1099614388288
I1012 16:15:34.519554 11723 runtime_context.cpp:29] DecreaseCounter constructing_actor_cnt, current val is 627
I1012 16:15:34.520109 11723 naive_actor.cpp:25] actor 1099614388275 switch to &NaiveActor::HandlerNormal
I1012 16:15:34.520184 11723 thread.cpp:96] Thread 524337 construct Actor kDeviceTick 1099614388275
I1012 16:15:34.520287 11723 runtime_context.cpp:29] DecreaseCounter constructing_actor_cnt, current val is 626
I1012 16:15:34.521412 11723 naive_actor.cpp:25] actor 1099614388293 switch to &NaiveActor::HandlerNormal
I1012 16:15:34.521513 11723 thread.cpp:96] Thread 524337 construct Actor kDstSubsetTick 1099614388293
I1012 16:15:34.521651 11770 naive_actor.cpp:25] actor 2199023255613 switch to &NaiveActor::HandlerNormal
I1012 16:15:34.521675 11723 runtime_context.cpp:29] DecreaseCounter constructing_actor_cnt, current val is 625
I1012 16:15:34.521836 11770 thread.cpp:96] Thread 1048576 construct Actor kNormalForward 2199023255613
I1012 16:15:34.522045 11770 runtime_context.cpp:29] DecreaseCounter constructing_actor_cnt, current val is 624
I1012 16:15:34.522316 11796 naive_actor.cpp:25] actor 2207613190172 switch to &NaiveActor::HandlerNormal
I1012 16:15:34.522403 11796 thread.cpp:96] Thread 1052672 construct Actor kNormalForward 2207613190172
I1012 16:15:34.522508 11796 runtime_context.cpp:29] DecreaseCounter constructing_actor_cnt, current val is 623
I1012 16:15:34.522862 11723 naive_actor.cpp:25] actor 1099614388292 switch to &NaiveActor::HandlerNormal
I1012 16:15:34.523013 11723 thread.cpp:96] Thread 524337 construct Actor kTick 1099614388292
I1012 16:15:34.523228 11723 runtime_context.cpp:29] DecreaseCounter constructing_actor_cnt, current val is 622
I1012 16:15:34.523501 11770 naive_actor.cpp:25] actor 2199023255563 switch to &NaiveActor::HandlerNormal
I1012 16:15:34.523730 11770 thread.cpp:96] Thread 1048576 construct Actor kNormalForward 2199023255563
I1012 16:15:34.523916 11770 runtime_context.cpp:29] DecreaseCounter constructing_actor_cnt, current val is 621
I1012 16:15:34.524277 11796 naive_actor.cpp:25] actor 2207613190196 switch to &NaiveActor::HandlerNormal
I1012 16:15:34.524343 11723 naive_actor.cpp:25] actor 1099614388276 switch to &NaiveActor::HandlerNormal
I1012 16:15:34.524379 11796 thread.cpp:96] Thread 1052672 construct Actor kNormalForward 2207613190196
I1012 16:15:34.524533 11723 thread.cpp:96] Thread 524337 construct Actor kDeviceTick 1099614388276
I1012 16:15:34.524657 11796 runtime_context.cpp:29] DecreaseCounter constructing_actor_cnt, current val is 620
I1012 16:15:34.524849 11723 runtime_context.cpp:29] DecreaseCounter constructing_actor_cnt, current val is 619
I1012 16:15:34.525630 11723 naive_actor.cpp:25] actor 1099614388280 switch to &NaiveActor::HandlerNormal
I1012 16:15:34.525746 11723 thread.cpp:96] Thread 524337 construct Actor kTick 1099614388280
I1012 16:15:34.525871 11723 runtime_context.cpp:29] DecreaseCounter constructing_actor_cnt, current val is 618
I1012 16:15:34.526309 11770 naive_actor.cpp:25] actor 2199023255587 switch to &NaiveActor::HandlerNormal
I1012 16:15:34.526495 11770 thread.cpp:96] Thread 1048576 construct Actor kNormalForward 2199023255587
I1012 16:15:34.526664 11770 runtime_context.cpp:29] DecreaseCounter constructing_actor_cnt, current val is 617
I1012 16:15:34.526823 11796 naive_actor.cpp:25] actor 2207613190223 switch to &NaiveActor::HandlerNormal
I1012 16:15:34.526935 11796 thread.cpp:96] Thread 1052672 construct Actor kNormalForward 2207613190223
I1012 16:15:34.526995 11723 naive_actor.cpp:25] actor 1099614388283 switch to &NaiveActor::HandlerNormal
I1012 16:15:34.527155 11796 runtime_context.cpp:29] DecreaseCounter constructing_actor_cnt, current val is 616
I1012 16:15:34.527177 11723 thread.cpp:96] Thread 524337 construct Actor kTick 1099614388283
I1012 16:15:34.527783 11723 runtime_context.cpp:29] DecreaseCounter constructing_actor_cnt, current val is 615
I1012 16:15:34.528292 11770 naive_actor.cpp:25] actor 2199023255625 switch to &NaiveActor::HandlerNormal
I1012 16:15:34.528522 11770 thread.cpp:96] Thread 1048576 construct Actor kNormalForward 2199023255625
I1012 16:15:34.528692 11770 runtime_context.cpp:29] DecreaseCounter constructing_actor_cnt, current val is 614
I1012 16:15:34.528757 11723 naive_actor.cpp:25] actor 1099614388281 switch to &NaiveActor::HandlerNormal
I1012 16:15:34.528889 11723 thread.cpp:96] Thread 524337 construct Actor kDstSubsetTick 1099614388281
I1012 16:15:34.529076 11723 runtime_context.cpp:29] DecreaseCounter constructing_actor_cnt, current val is 613
I1012 16:15:34.529808 11796 naive_actor.cpp:25] actor 2207613190247 switch to &NaiveActor::HandlerNormal
I1012 16:15:34.529888 11723 naive_actor.cpp:25] actor 1099614388285 switch to &NaiveActor::HandlerNormal
I1012 16:15:34.529964 11796 thread.cpp:96] Thread 1052672 construct Actor kNormalForward 2207613190247
I1012 16:15:34.530072 11723 thread.cpp:96] Thread 524337 construct Actor kTick 1099614388285
I1012 16:15:34.530267 11796 runtime_context.cpp:29] DecreaseCounter constructing_actor_cnt, current val is 612
I1012 16:15:34.530599 11723 runtime_context.cpp:29] DecreaseCounter constructing_actor_cnt, current val is 611
I1012 16:15:34.530622 11770 naive_actor.cpp:25] actor 2199023255611 switch to &NaiveActor::HandlerNormal
I1012 16:15:34.531008 11770 thread.cpp:96] Thread 1048576 construct Actor kNormalForward 2199023255611
I1012 16:15:34.531246 11770 runtime_context.cpp:29] DecreaseCounter constructing_actor_cnt, current val is 610
I1012 16:15:34.531390 11723 naive_actor.cpp:25] actor 1099614388290 switch to &NaiveActor::HandlerNormal
I1012 16:15:34.531531 11723 thread.cpp:96] Thread 524337 construct Actor kSrcSubsetTick 1099614388290
I1012 16:15:34.531715 11723 runtime_context.cpp:29] DecreaseCounter constructing_actor_cnt, current val is 609
I1012 16:15:34.544499 11723 naive_actor.cpp:25] actor 1099614388284 switch to &NaiveActor::HandlerNormal
I1012 16:15:34.544602 11796 naive_actor.cpp:25] actor 2207613190231 switch to &NaiveActor::HandlerNormal
I1012 16:15:34.545639 11770 naive_actor.cpp:25] actor 2199023255649 switch to &NaiveActor::HandlerNormal
I1012 16:15:34.548444 11723 thread.cpp:96] Thread 524337 construct Actor kTick 1099614388284
I1012 16:15:34.548591 11796 thread.cpp:96] Thread 1052672 construct Actor kNormalForward 2207613190231
I1012 16:15:34.548879 11723 runtime_context.cpp:29] DecreaseCounter constructing_actor_cnt, current val is 608
I1012 16:15:34.548954 11796 runtime_context.cpp:29] DecreaseCounter constructing_actor_cnt, current val is 607
I1012 16:15:34.548763 11770 thread.cpp:96] Thread 1048576 construct Actor kNormalForward 2199023255649
I1012 16:15:34.549353 11770 runtime_context.cpp:29] DecreaseCounter constructing_actor_cnt, current val is 606
I1012 16:15:34.550249 11723 naive_actor.cpp:25] actor 1099614388277 switch to &NaiveActor::HandlerNormal
I1012 16:15:34.550345 11723 thread.cpp:96] Thread 524337 construct Actor kSrcSubsetTick 1099614388277
I1012 16:15:34.550452 11723 runtime_context.cpp:29] DecreaseCounter constructing_actor_cnt, current val is 605
I1012 16:15:34.551071 11796 naive_actor.cpp:25] actor 2207613190232 switch to &NaiveActor::HandlerNormal
I1012 16:15:34.551170 11796 thread.cpp:96] Thread 1052672 construct Actor kNormalForward 2207613190232
I1012 16:15:34.551295 11796 runtime_context.cpp:29] DecreaseCounter constructing_actor_cnt, current val is 604
I1012 16:15:34.551550 11723 naive_actor.cpp:25] actor 1099614388303 switch to &NaiveActor::HandlerNormal
I1012 16:15:34.551648 11723 thread.cpp:96] Thread 524337 construct Actor kTick 1099614388303
I1012 16:15:34.551746 11723 runtime_context.cpp:29] DecreaseCounter constructing_actor_cnt, current val is 603
I1012 16:15:34.552389 11723 naive_actor.cpp:25] actor 1099614388294 switch to &NaiveActor::HandlerNormal
I1012 16:15:34.552544 11723 thread.cpp:96] Thread 524337 construct Actor kTick 1099614388294
I1012 16:15:34.552652 11723 runtime_context.cpp:29] DecreaseCounter constructing_actor_cnt, current val is 602
I1012 16:15:34.553277 11770 naive_actor.cpp:25] actor 2199023255673 switch to &NaiveActor::HandlerNormal
I1012 16:15:34.553499 11770 thread.cpp:96] Thread 1048576 construct Actor kNormalForward 2199023255673
I1012 16:15:34.553668 11770 runtime_context.cpp:29] DecreaseCounter constructing_actor_cnt, current val is 601
I1012 16:15:34.553593 11723 naive_actor.cpp:25] actor 1099614388299 switch to &NaiveActor::HandlerNormal
I1012 16:15:34.553885 11723 thread.cpp:96] Thread 524337 construct Actor kTick 1099614388299
I1012 16:15:34.554113 11723 runtime_context.cpp:29] DecreaseCounter constructing_actor_cnt, current val is 600
I1012 16:15:34.554889 11723 naive_actor.cpp:25] actor 1099614388282 switch to &NaiveActor::HandlerNormal
I1012 16:15:34.555042 11723 thread.cpp:96] Thread 524337 construct Actor kTick 1099614388282
I1012 16:15:34.555161 11723 runtime_context.cpp:29] DecreaseCounter constructing_actor_cnt, current val is 599
I1012 16:15:34.555536 11796 naive_actor.cpp:25] actor 2207613190255 switch to &NaiveActor::HandlerNormal
I1012 16:15:34.555672 11796 thread.cpp:96] Thread 1052672 construct Actor kNormalForward 2207613190255
I1012 16:15:34.555816 11796 runtime_context.cpp:29] DecreaseCounter constructing_actor_cnt, current val is 598
I1012 16:15:34.556089 11723 naive_actor.cpp:25] actor 1099614388311 switch to &NaiveActor::HandlerNormal
I1012 16:15:34.556471 11723 thread.cpp:96] Thread 524337 construct Actor kTick 1099614388311
I1012 16:15:34.556604 11723 runtime_context.cpp:29] DecreaseCounter constructing_actor_cnt, current val is 597
I1012 16:15:34.556742 11770 naive_actor.cpp:25] actor 2199023255697 switch to &NaiveActor::HandlerNormal
I1012 16:15:34.556898 11770 thread.cpp:96] Thread 1048576 construct Actor kNormalForward 2199023255697
I1012 16:15:34.557025 11770 runtime_context.cpp:29] DecreaseCounter constructing_actor_cnt, current val is 596
I1012 16:15:34.557332 11796 naive_actor.cpp:25] actor 2207613190256 switch to &NaiveActor::HandlerNormal
I1012 16:15:34.557435 11796 thread.cpp:96] Thread 1052672 construct Actor kNormalForward 2207613190256
I1012 16:15:34.557543 11796 runtime_context.cpp:29] DecreaseCounter constructing_actor_cnt, current val is 595
I1012 16:15:34.557834 11723 naive_actor.cpp:25] actor 1099614388306 switch to &NaiveActor::HandlerNormal
I1012 16:15:34.557991 11723 thread.cpp:96] Thread 524337 construct Actor kTick 1099614388306
I1012 16:15:34.558094 11723 runtime_context.cpp:29] DecreaseCounter constructing_actor_cnt, current val is 594
I1012 16:15:34.559397 11770 naive_actor.cpp:25] actor 2199023255733 switch to &NaiveActor::HandlerNormal
I1012 16:15:34.559554 11770 thread.cpp:96] Thread 1048576 construct Actor kNormalForward 2199023255733
I1012 16:15:34.559700 11770 runtime_context.cpp:29] DecreaseCounter constructing_actor_cnt, current val is 593
I1012 16:15:34.560135 11723 reentrant_lock_actor.cpp:76] actor 1099614388296 switch to &ReentrantLockActor::HandlerNormal
I1012 16:15:34.560237 11723 thread.cpp:96] Thread 524337 construct Actor kReentrantLock 1099614388296
I1012 16:15:34.560292 11796 naive_actor.cpp:25] actor 2207613190279 switch to &NaiveActor::HandlerNormal
I1012 16:15:34.560392 11723 runtime_context.cpp:29] DecreaseCounter constructing_actor_cnt, current val is 592
I1012 16:15:34.560509 11796 thread.cpp:96] Thread 1052672 construct Actor kNormalForward 2207613190279
I1012 16:15:34.560827 11796 runtime_context.cpp:29] DecreaseCounter constructing_actor_cnt, current val is 591
I1012 16:15:34.561820 11723 naive_actor.cpp:25] actor 1099614388317 switch to &NaiveActor::HandlerNormal
I1012 16:15:34.561931 11723 thread.cpp:96] Thread 524337 construct Actor kTick 1099614388317
I1012 16:15:34.561985 11796 naive_actor.cpp:25] actor 2207613190280 switch to &NaiveActor::HandlerNormal
I1012 16:15:34.562111 11723 runtime_context.cpp:29] DecreaseCounter constructing_actor_cnt, current val is 590
I1012 16:15:34.562180 11770 naive_actor.cpp:25] actor 2199023255571 switch to &NaiveActor::HandlerNormal
I1012 16:15:34.563190 11770 thread.cpp:96] Thread 1048576 construct Actor kNormalForward 2199023255571
I1012 16:15:34.562579 11796 thread.cpp:96] Thread 1052672 construct Actor kNormalForward 2207613190280
I1012 16:15:34.563491 11796 runtime_context.cpp:29] DecreaseCounter constructing_actor_cnt, current val is 588
I1012 16:15:34.563387 11723 naive_actor.cpp:25] actor 1099614388309 switch to &NaiveActor::HandlerNormal
I1012 16:15:34.563649 11723 thread.cpp:96] Thread 524337 construct Actor kTick 1099614388309
I1012 16:15:34.563766 11723 runtime_context.cpp:29] DecreaseCounter constructing_actor_cnt, current val is 587
I1012 16:15:34.563367 11770 runtime_context.cpp:29] DecreaseCounter constructing_actor_cnt, current val is 589
I1012 16:15:34.564345 11723 naive_actor.cpp:25] actor 1099614388307 switch to &NaiveActor::HandlerNormal
I1012 16:15:34.564507 11723 thread.cpp:96] Thread 524337 construct Actor kTick 1099614388307
I1012 16:15:34.564699 11723 runtime_context.cpp:29] DecreaseCounter constructing_actor_cnt, current val is 586
I1012 16:15:34.573786 11770 naive_actor.cpp:25] actor 2199023255572 switch to &NaiveActor::HandlerNormal
I1012 16:15:34.574193 11770 thread.cpp:96] Thread 1048576 construct Actor kNormalForward 2199023255572
I1012 16:15:34.574520 11770 runtime_context.cpp:29] DecreaseCounter constructing_actor_cnt, current val is 585
I1012 16:15:34.575170 11723 esac_actor.cpp:73] actor 1099614388334 switch to &EsacActor::HandlerNormal
I1012 16:15:34.575309 11723 thread.cpp:96] Thread 524337 construct Actor kEsac 1099614388334
I1012 16:15:34.575461 11723 runtime_context.cpp:29] DecreaseCounter constructing_actor_cnt, current val is 584
I1012 16:15:34.575736 11796 naive_actor.cpp:25] actor 2207613190303 switch to &NaiveActor::HandlerNormal
I1012 16:15:34.575879 11796 thread.cpp:96] Thread 1052672 construct Actor kNormalForward 2207613190303
I1012 16:15:34.576021 11796 runtime_context.cpp:29] DecreaseCounter constructing_actor_cnt, current val is 583
I1012 16:15:34.577219 11796 naive_actor.cpp:25] actor 2207613190304 switch to &NaiveActor::HandlerNormal
I1012 16:15:34.577301 11723 naive_actor.cpp:25] actor 1099614388330 switch to &NaiveActor::HandlerNormal
I1012 16:15:34.577389 11723 thread.cpp:96] Thread 524337 construct Actor kTick 1099614388330
I1012 16:15:34.577318 11796 thread.cpp:96] Thread 1052672 construct Actor kNormalForward 2207613190304
I1012 16:15:34.577778 11796 runtime_context.cpp:29] DecreaseCounter constructing_actor_cnt, current val is 581
I1012 16:15:34.577905 11723 runtime_context.cpp:29] DecreaseCounter constructing_actor_cnt, current val is 582
I1012 16:15:34.578091 11770 naive_actor.cpp:25] actor 2199023255595 switch to &NaiveActor::HandlerNormal
I1012 16:15:34.578274 11770 thread.cpp:96] Thread 1048576 construct Actor kNormalForward 2199023255595
I1012 16:15:34.578465 11770 runtime_context.cpp:29] DecreaseCounter constructing_actor_cnt, current val is 580
I1012 16:15:34.578841 11723 naive_actor.cpp:25] actor 1099614388331 switch to &NaiveActor::HandlerNormal
I1012 16:15:34.579042 11723 thread.cpp:96] Thread 524337 construct Actor kTick 1099614388331
I1012 16:15:34.579212 11723 runtime_context.cpp:29] DecreaseCounter constructing_actor_cnt, current val is 579
I1012 16:15:34.579787 11796 naive_actor.cpp:25] actor 2207613190315 switch to &NaiveActor::HandlerNormal
I1012 16:15:34.579876 11796 thread.cpp:96] Thread 1052672 construct Actor kNormalForward 2207613190315
I1012 16:15:34.579994 11796 runtime_context.cpp:29] DecreaseCounter constructing_actor_cnt, current val is 578
I1012 16:15:34.580183 11723 naive_actor.cpp:25] actor 1099614388329 switch to &NaiveActor::HandlerNormal
I1012 16:15:34.580273 11723 thread.cpp:96] Thread 524337 construct Actor kTick 1099614388329
I1012 16:15:34.580442 11723 runtime_context.cpp:29] DecreaseCounter constructing_actor_cnt, current val is 577
I1012 16:15:34.581393 11770 naive_actor.cpp:25] actor 2199023255596 switch to &NaiveActor::HandlerNormal
I1012 16:15:34.581548 11796 naive_actor.cpp:25] actor 2207613190316 switch to &NaiveActor::HandlerNormal
I1012 16:15:34.581599 11770 thread.cpp:96] Thread 1048576 construct Actor kNormalForward 2199023255596
I1012 16:15:34.581693 11796 thread.cpp:96] Thread 1052672 construct Actor kNormalForward 2207613190316
I1012 16:15:34.581812 11770 runtime_context.cpp:29] DecreaseCounter constructing_actor_cnt, current val is 576
I1012 16:15:34.581871 11796 runtime_context.cpp:29] DecreaseCounter constructing_actor_cnt, current val is 575
I1012 16:15:34.582197 11723 naive_actor.cpp:25] actor 1099614388322 switch to &NaiveActor::HandlerNormal
I1012 16:15:34.582319 11723 thread.cpp:96] Thread 524337 construct Actor kTick 1099614388322
I1012 16:15:34.582437 11723 runtime_context.cpp:29] DecreaseCounter constructing_actor_cnt, current val is 574
I1012 16:15:34.583389 11723 naive_actor.cpp:25] actor 1099614388323 switch to &NaiveActor::HandlerNormal
I1012 16:15:34.583567 11723 thread.cpp:96] Thread 524337 construct Actor kTick 1099614388323
I1012 16:15:34.583729 11723 runtime_context.cpp:29] DecreaseCounter constructing_actor_cnt, current val is 573
I1012 16:15:34.584468 11770 naive_actor.cpp:25] actor 2199023255619 switch to &NaiveActor::HandlerNormal
I1012 16:15:34.584573 11770 thread.cpp:96] Thread 1048576 construct Actor kNormalForward 2199023255619
I1012 16:15:34.584676 11770 runtime_context.cpp:29] DecreaseCounter constructing_actor_cnt, current val is 572
I1012 16:15:34.584555 11723 naive_actor.cpp:25] actor 1099614388319 switch to &NaiveActor::HandlerNormal
I1012 16:15:34.584923 11723 thread.cpp:96] Thread 524337 construct Actor kTick 1099614388319
I1012 16:15:34.585085 11723 runtime_context.cpp:29] DecreaseCounter constructing_actor_cnt, current val is 571
I1012 16:15:34.585881 11723 naive_actor.cpp:25] actor 1099614388332 switch to &NaiveActor::HandlerNormal
I1012 16:15:34.586189 11723 thread.cpp:96] Thread 524337 construct Actor kTick 1099614388332
I1012 16:15:34.586333 11770 naive_actor.cpp:25] actor 2199023255556 switch to &NaiveActor::HandlerNormal
I1012 16:15:34.586436 11770 thread.cpp:96] Thread 1048576 construct Actor kNormalForward 2199023255556
I1012 16:15:34.586380 11796 naive_actor.cpp:25] actor 2207613190216 switch to &NaiveActor::HandlerNormal
I1012 16:15:34.586316 11723 runtime_context.cpp:29] DecreaseCounter constructing_actor_cnt, current val is 570
I1012 16:15:34.587077 11796 thread.cpp:96] Thread 1052672 construct Actor kNormalForward 2207613190216
I1012 16:15:34.586547 11770 runtime_context.cpp:29] DecreaseCounter constructing_actor_cnt, current val is 569
I1012 16:15:34.587610 11723 naive_actor.cpp:25] actor 1099614388302 switch to &NaiveActor::HandlerNormal
I1012 16:15:34.587693 11723 thread.cpp:96] Thread 524337 construct Actor kTick 1099614388302
I1012 16:15:34.587864 11723 runtime_context.cpp:29] DecreaseCounter constructing_actor_cnt, current val is 567
I1012 16:15:34.587410 11796 runtime_context.cpp:29] DecreaseCounter constructing_actor_cnt, current val is 568
I1012 16:15:34.588785 11723 naive_actor.cpp:25] actor 1099614388324 switch to &NaiveActor::HandlerNormal
I1012 16:15:34.588894 11723 thread.cpp:96] Thread 524337 construct Actor kTick 1099614388324
I1012 16:15:34.589056 11723 runtime_context.cpp:29] DecreaseCounter constructing_actor_cnt, current val is 566
I1012 16:15:34.589529 11770 naive_actor.cpp:25] actor 2199023255580 switch to &NaiveActor::HandlerNormal
I1012 16:15:34.589710 11770 thread.cpp:96] Thread 1048576 construct Actor kNormalForward 2199023255580
I1012 16:15:34.589946 11770 runtime_context.cpp:29] DecreaseCounter constructing_actor_cnt, current val is 565
I1012 16:15:34.590116 11723 naive_actor.cpp:25] actor 1099614388321 switch to &NaiveActor::HandlerNormal
I1012 16:15:34.590181 11723 thread.cpp:96] Thread 524337 construct Actor kTick 1099614388321
I1012 16:15:34.590349 11723 runtime_context.cpp:29] DecreaseCounter constructing_actor_cnt, current val is 564
I1012 16:15:34.591107 11723 naive_actor.cpp:25] actor 1099614388314 switch to &NaiveActor::HandlerNormal
I1012 16:15:34.591307 11723 thread.cpp:96] Thread 524337 construct Actor kTick 1099614388314
I1012 16:15:34.591423 11723 runtime_context.cpp:29] DecreaseCounter constructing_actor_cnt, current val is 563
I1012 16:15:34.591954 11770 naive_actor.cpp:25] actor 2199023255604 switch to &NaiveActor::HandlerNormal
I1012 16:15:34.592087 11770 thread.cpp:96] Thread 1048576 construct Actor kNormalForward 2199023255604
I1012 16:15:34.592283 11796 naive_actor.cpp:25] actor 2207613190271 switch to &NaiveActor::HandlerNormal
I1012 16:15:34.592315 11770 runtime_context.cpp:29] DecreaseCounter constructing_actor_cnt, current val is 562
I1012 16:15:34.592367 11723 naive_actor.cpp:25] actor 1099614388310 switch to &NaiveActor::HandlerNormal
I1012 16:15:34.593631 11796 thread.cpp:96] Thread 1052672 construct Actor kNormalForward 2207613190271
I1012 16:15:34.594048 11723 thread.cpp:96] Thread 524337 construct Actor kTick 1099614388310
I1012 16:15:34.594229 11796 runtime_context.cpp:29] DecreaseCounter constructing_actor_cnt, current val is 561
I1012 16:15:34.594421 11723 runtime_context.cpp:29] DecreaseCounter constructing_actor_cnt, current val is 560
I1012 16:15:34.595288 11770 naive_actor.cpp:25] actor 2199023255635 switch to &NaiveActor::HandlerNormal
I1012 16:15:34.595393 11770 thread.cpp:96] Thread 1048576 construct Actor kNormalForward 2199023255635
I1012 16:15:34.595521 11770 runtime_context.cpp:29] DecreaseCounter constructing_actor_cnt, current val is 559
I1012 16:15:34.595376 11723 naive_actor.cpp:25] actor 1099614388320 switch to &NaiveActor::HandlerNormal
I1012 16:15:34.595800 11723 thread.cpp:96] Thread 524337 construct Actor kTick 1099614388320
I1012 16:15:34.595969 11723 runtime_context.cpp:29] DecreaseCounter constructing_actor_cnt, current val is 558
I1012 16:15:34.596670 11796 naive_actor.cpp:25] actor 2207613190295 switch to &NaiveActor::HandlerNormal
I1012 16:15:34.596787 11796 thread.cpp:96] Thread 1052672 construct Actor kNormalForward 2207613190295
I1012 16:15:34.596988 11796 runtime_context.cpp:29] DecreaseCounter constructing_actor_cnt, current val is 557
I1012 16:15:34.596802 11723 naive_actor.cpp:25] actor 1099614388300 switch to &NaiveActor::HandlerNormal
I1012 16:15:34.597240 11723 thread.cpp:96] Thread 524337 construct Actor kTick 1099614388300
I1012 16:15:34.597364 11723 runtime_context.cpp:29] DecreaseCounter constructing_actor_cnt, current val is 556
I1012 16:15:34.597441 11770 naive_actor.cpp:25] actor 2199023255659 switch to &NaiveActor::HandlerNormal
I1012 16:15:34.597575 11770 thread.cpp:96] Thread 1048576 construct Actor kNormalForward 2199023255659
I1012 16:15:34.597810 11770 runtime_context.cpp:29] DecreaseCounter constructing_actor_cnt, current val is 555
I1012 16:15:34.598680 11796 naive_actor.cpp:25] actor 2207613190331 switch to &NaiveActor::HandlerNormal
I1012 16:15:34.598773 11796 thread.cpp:96] Thread 1052672 construct Actor kNormalForward 2207613190331
I1012 16:15:34.598910 11796 runtime_context.cpp:29] DecreaseCounter constructing_actor_cnt, current val is 554
I1012 16:15:34.598896 11723 esac_actor.cpp:73] actor 1099614388326 switch to &EsacActor::HandlerNormal
I1012 16:15:34.599205 11723 thread.cpp:96] Thread 524337 construct Actor kEsac 1099614388326
I1012 16:15:34.599782 11723 runtime_context.cpp:29] DecreaseCounter constructing_actor_cnt, current val is 553
I1012 16:15:34.599997 11770 naive_actor.cpp:25] actor 2199023255560 switch to &NaiveActor::HandlerNormal
I1012 16:15:34.604584 11770 thread.cpp:96] Thread 1048576 construct Actor kNormalForward 2199023255560
I1012 16:15:34.603847 11796 naive_actor.cpp:25] actor 2207613190158 switch to &NaiveActor::HandlerNormal
I1012 16:15:34.602671 11723 naive_actor.cpp:25] actor 1099614388305 switch to &NaiveActor::HandlerNormal
I1012 16:15:34.604992 11723 thread.cpp:96] Thread 524337 construct Actor kTick 1099614388305
I1012 16:15:34.604928 11796 thread.cpp:96] Thread 1052672 construct Actor kNormalForward 2207613190158
I1012 16:15:34.605274 11796 runtime_context.cpp:29] DecreaseCounter constructing_actor_cnt, current val is 550
I1012 16:15:34.605113 11723 runtime_context.cpp:29] DecreaseCounter constructing_actor_cnt, current val is 551
I1012 16:15:34.604876 11770 runtime_context.cpp:29] DecreaseCounter constructing_actor_cnt, current val is 552
I1012 16:15:34.607540 11723 naive_actor.cpp:25] actor 1099614388298 switch to &NaiveActor::HandlerNormal
I1012 16:15:34.607658 11723 thread.cpp:96] Thread 524337 construct Actor kTick 1099614388298
I1012 16:15:34.607961 11723 runtime_context.cpp:29] DecreaseCounter constructing_actor_cnt, current val is 549
I1012 16:15:34.617548 11796 naive_actor.cpp:25] actor 2207613190182 switch to &NaiveActor::HandlerNormal
I1012 16:15:34.617730 11796 thread.cpp:96] Thread 1052672 construct Actor kNormalForward 2207613190182
I1012 16:15:34.617899 11796 runtime_context.cpp:29] DecreaseCounter constructing_actor_cnt, current val is 548
I1012 16:15:34.618777 11796 naive_actor.cpp:25] actor 2207613190206 switch to &NaiveActor::HandlerNormal
I1012 16:15:34.618858 11796 thread.cpp:96] Thread 1052672 construct Actor kNormalForward 2207613190206
I1012 16:15:34.618950 11796 runtime_context.cpp:29] DecreaseCounter constructing_actor_cnt, current val is 547
I1012 16:15:34.619918 11723 case_actor.cpp:76] actor 1099614388297 switch to &CaseActor::HandlerNormal
I1012 16:15:34.620116 11723 thread.cpp:96] Thread 524337 construct Actor kCase 1099614388297
I1012 16:15:34.620293 11723 runtime_context.cpp:29] DecreaseCounter constructing_actor_cnt, current val is 546
I1012 16:15:34.620290 11770 naive_actor.cpp:25] actor 2199023255553 switch to &NaiveActor::HandlerNormal
I1012 16:15:34.620438 11770 thread.cpp:96] Thread 1048576 construct Actor kNormalForward 2199023255553
I1012 16:15:34.620576 11770 runtime_context.cpp:29] DecreaseCounter constructing_actor_cnt, current val is 545
I1012 16:15:34.620800 11796 naive_actor.cpp:25] actor 2207613190240 switch to &NaiveActor::HandlerNormal
I1012 16:15:34.620888 11796 thread.cpp:96] Thread 1052672 construct Actor kNormalForward 2207613190240
I1012 16:15:34.621009 11796 runtime_context.cpp:29] DecreaseCounter constructing_actor_cnt, current val is 544
I1012 16:15:34.621240 11723 naive_actor.cpp:25] actor 1099614388328 switch to &NaiveActor::HandlerNormal
I1012 16:15:34.621336 11723 thread.cpp:96] Thread 524337 construct Actor kTick 1099614388328
I1012 16:15:34.621457 11723 runtime_context.cpp:29] DecreaseCounter constructing_actor_cnt, current val is 543
I1012 16:15:34.621481 11770 naive_actor.cpp:25] actor 2199023255559 switch to &NaiveActor::HandlerNormal
I1012 16:15:34.621606 11770 thread.cpp:96] Thread 1048576 construct Actor kNormalForward 2199023255559
I1012 16:15:34.621708 11770 runtime_context.cpp:29] DecreaseCounter constructing_actor_cnt, current val is 542
I1012 16:15:34.621867 11796 naive_actor.cpp:25] actor 2207613190151 switch to &NaiveActor::HandlerNormal
I1012 16:15:34.621942 11796 thread.cpp:96] Thread 1052672 construct Actor kNormalForward 2207613190151
I1012 16:15:34.622026 11796 runtime_context.cpp:29] DecreaseCounter constructing_actor_cnt, current val is 541
I1012 16:15:34.622558 11723 naive_actor.cpp:25] actor 1099614388304 switch to &NaiveActor::HandlerNormal
I1012 16:15:34.622637 11723 thread.cpp:96] Thread 524337 construct Actor kTick 1099614388304
I1012 16:15:34.622717 11723 runtime_context.cpp:29] DecreaseCounter constructing_actor_cnt, current val is 540
I1012 16:15:34.623456 11796 naive_actor.cpp:25] actor 2207613190155 switch to &NaiveActor::HandlerNormal
I1012 16:15:34.623533 11796 thread.cpp:96] Thread 1052672 construct Actor kNormalForward 2207613190155
I1012 16:15:34.623615 11796 runtime_context.cpp:29] DecreaseCounter constructing_actor_cnt, current val is 539
I1012 16:15:34.623718 11723 naive_actor.cpp:25] actor 1099614388333 switch to &NaiveActor::HandlerNormal
I1012 16:15:34.623775 11723 thread.cpp:96] Thread 524337 construct Actor kTick 1099614388333
I1012 16:15:34.623842 11723 runtime_context.cpp:29] DecreaseCounter constructing_actor_cnt, current val is 538
I1012 16:15:34.624744 11723 naive_actor.cpp:25] actor 1099614388312 switch to &NaiveActor::HandlerNormal
I1012 16:15:34.624935 11723 thread.cpp:96] Thread 524337 construct Actor kTick 1099614388312
I1012 16:15:34.625025 11723 runtime_context.cpp:29] DecreaseCounter constructing_actor_cnt, current val is 537
I1012 16:15:34.625173 11770 naive_actor.cpp:25] actor 2199023255683 switch to &NaiveActor::HandlerNormal
I1012 16:15:34.625293 11770 thread.cpp:96] Thread 1048576 construct Actor kNormalForward 2199023255683
I1012 16:15:34.625448 11770 runtime_context.cpp:29] DecreaseCounter constructing_actor_cnt, current val is 536
I1012 16:15:34.626025 11723 naive_actor.cpp:25] actor 1099614388301 switch to &NaiveActor::HandlerNormal
I1012 16:15:34.626121 11723 thread.cpp:96] Thread 524337 construct Actor kTick 1099614388301
I1012 16:15:34.626206 11723 runtime_context.cpp:29] DecreaseCounter constructing_actor_cnt, current val is 535
I1012 16:15:34.627346 11723 naive_actor.cpp:25] actor 1099614388327 switch to &NaiveActor::HandlerNormal
I1012 16:15:34.627446 11723 thread.cpp:96] Thread 524337 construct Actor kTick 1099614388327
I1012 16:15:34.627573 11723 runtime_context.cpp:29] DecreaseCounter constructing_actor_cnt, current val is 534
I1012 16:15:34.627517 11796 naive_actor.cpp:25] actor 2207613190154 switch to &NaiveActor::HandlerNormal
I1012 16:15:34.627733 11796 thread.cpp:96] Thread 1052672 construct Actor kNormalForward 2207613190154
I1012 16:15:34.627837 11796 runtime_context.cpp:29] DecreaseCounter constructing_actor_cnt, current val is 533
I1012 16:15:34.627956 11770 naive_actor.cpp:25] actor 2199023255557 switch to &NaiveActor::HandlerNormal
I1012 16:15:34.628142 11770 thread.cpp:96] Thread 1048576 construct Actor kNormalForward 2199023255557
I1012 16:15:34.628252 11770 runtime_context.cpp:29] DecreaseCounter constructing_actor_cnt, current val is 532
I1012 16:15:34.628368 11723 naive_actor.cpp:25] actor 1099614388318 switch to &NaiveActor::HandlerNormal
I1012 16:15:34.628456 11723 thread.cpp:96] Thread 524337 construct Actor kTick 1099614388318
I1012 16:15:34.628545 11723 runtime_context.cpp:29] DecreaseCounter constructing_actor_cnt, current val is 531
I1012 16:15:34.628988 11796 naive_actor.cpp:25] actor 2207613190146 switch to &NaiveActor::HandlerNormal
I1012 16:15:34.629067 11796 thread.cpp:96] Thread 1052672 construct Actor kNormalForward 2207613190146
I1012 16:15:34.629164 11796 runtime_context.cpp:29] DecreaseCounter constructing_actor_cnt, current val is 530
I1012 16:15:34.629578 11723 naive_actor.cpp:25] actor 1099614388325 switch to &NaiveActor::HandlerNormal
I1012 16:15:34.629658 11723 thread.cpp:96] Thread 524337 construct Actor kTick 1099614388325
I1012 16:15:34.629735 11723 runtime_context.cpp:29] DecreaseCounter constructing_actor_cnt, current val is 529
I1012 16:15:34.630261 11770 naive_actor.cpp:25] actor 2199023255581 switch to &NaiveActor::HandlerNormal
I1012 16:15:34.630390 11770 thread.cpp:96] Thread 1048576 construct Actor kNormalForward 2199023255581
I1012 16:15:34.630548 11770 runtime_context.cpp:29] DecreaseCounter constructing_actor_cnt, current val is 528
I1012 16:15:34.631270 11770 naive_actor.cpp:25] actor 2199023255554 switch to &NaiveActor::HandlerNormal
I1012 16:15:34.631356 11770 thread.cpp:96] Thread 1048576 construct Actor kNormalForward 2199023255554
I1012 16:15:34.631490 11770 runtime_context.cpp:29] DecreaseCounter constructing_actor_cnt, current val is 527
I1012 16:15:34.631590 11796 naive_actor.cpp:25] actor 2207613190159 switch to &NaiveActor::HandlerNormal
I1012 16:15:34.631683 11796 thread.cpp:96] Thread 1052672 construct Actor kNormalForward 2207613190159
I1012 16:15:34.631786 11796 runtime_context.cpp:29] DecreaseCounter constructing_actor_cnt, current val is 526
I1012 16:15:34.632932 11770 naive_actor.cpp:25] actor 2199023255558 switch to &NaiveActor::HandlerNormal
I1012 16:15:34.633039 11770 thread.cpp:96] Thread 1048576 construct Actor kNormalForward 2199023255558
I1012 16:15:34.633178 11770 runtime_context.cpp:29] DecreaseCounter constructing_actor_cnt, current val is 525
I1012 16:15:34.633484 11796 naive_actor.cpp:25] actor 2207613190150 switch to &NaiveActor::HandlerNormal
I1012 16:15:34.633705 11796 thread.cpp:96] Thread 1052672 construct Actor kNormalForward 2207613190150
I1012 16:15:34.633831 11796 runtime_context.cpp:29] DecreaseCounter constructing_actor_cnt, current val is 524
I1012 16:15:34.634734 11770 naive_actor.cpp:25] actor 2199023255564 switch to &NaiveActor::HandlerNormal
I1012 16:15:34.634847 11770 thread.cpp:96] Thread 1048576 construct Actor kNormalForward 2199023255564
I1012 16:15:34.634985 11770 runtime_context.cpp:29] DecreaseCounter constructing_actor_cnt, current val is 523
I1012 16:15:34.636445 11770 naive_actor.cpp:25] actor 2199023255561 switch to &NaiveActor::HandlerNormal
I1012 16:15:34.636551 11770 thread.cpp:96] Thread 1048576 construct Actor kNormalForward 2199023255561
I1012 16:15:34.636680 11770 runtime_context.cpp:29] DecreaseCounter constructing_actor_cnt, current val is 522
I1012 16:15:34.636868 11796 naive_actor.cpp:25] actor 2207613190174 switch to &NaiveActor::HandlerNormal
I1012 16:15:34.637032 11796 thread.cpp:96] Thread 1052672 construct Actor kNormalForward 2207613190174
I1012 16:15:34.637187 11796 runtime_context.cpp:29] DecreaseCounter constructing_actor_cnt, current val is 521
I1012 16:15:34.638921 11770 naive_actor.cpp:25] actor 2199023255562 switch to &NaiveActor::HandlerNormal
I1012 16:15:34.639065 11770 thread.cpp:96] Thread 1048576 construct Actor kNormalForward 2199023255562
I1012 16:15:34.639253 11770 runtime_context.cpp:29] DecreaseCounter constructing_actor_cnt, current val is 520
I1012 16:15:34.640205 11796 naive_actor.cpp:25] actor 2207613190152 switch to &NaiveActor::HandlerNormal
I1012 16:15:34.640393 11796 thread.cpp:96] Thread 1052672 construct Actor kNormalForward 2207613190152
I1012 16:15:34.640611 11796 runtime_context.cpp:29] DecreaseCounter constructing_actor_cnt, current val is 519
I1012 16:15:34.641785 11770 naive_actor.cpp:25] actor 2199023255555 switch to &NaiveActor::HandlerNormal
I1012 16:15:34.641930 11770 thread.cpp:96] Thread 1048576 construct Actor kNormalForward 2199023255555
I1012 16:15:34.642123 11770 runtime_context.cpp:29] DecreaseCounter constructing_actor_cnt, current val is 518
I1012 16:15:34.642706 11796 naive_actor.cpp:25] actor 2207613190153 switch to &NaiveActor::HandlerNormal
I1012 16:15:34.642853 11796 thread.cpp:96] Thread 1052672 construct Actor kNormalForward 2207613190153
I1012 16:15:34.643015 11796 runtime_context.cpp:29] DecreaseCounter constructing_actor_cnt, current val is 517
I1012 16:15:34.655650 11796 naive_actor.cpp:25] actor 2207613190147 switch to &NaiveActor::HandlerNormal
I1012 16:15:34.655687 11770 naive_actor.cpp:25] actor 2199023255552 switch to &NaiveActor::HandlerNormal
I1012 16:15:34.655817 11796 thread.cpp:96] Thread 1052672 construct Actor kNormalForward 2207613190147
I1012 16:15:34.655954 11770 thread.cpp:96] Thread 1048576 construct Actor kNormalForward 2199023255552
I1012 16:15:34.656132 11796 runtime_context.cpp:29] DecreaseCounter constructing_actor_cnt, current val is 516
I1012 16:15:34.656240 11770 runtime_context.cpp:29] DecreaseCounter constructing_actor_cnt, current val is 515
I1012 16:15:34.658512 11770 naive_actor.cpp:25] actor 2199023255576 switch to &NaiveActor::HandlerNormal
I1012 16:15:34.658648 11770 thread.cpp:96] Thread 1048576 construct Actor kNormalForward 2199023255576
I1012 16:15:34.658815 11770 runtime_context.cpp:29] DecreaseCounter constructing_actor_cnt, current val is 514
I1012 16:15:34.659631 11796 naive_actor.cpp:25] actor 2207613190144 switch to &NaiveActor::HandlerNormal
I1012 16:15:34.659754 11796 thread.cpp:96] Thread 1052672 construct Actor kNormalForward 2207613190144
I1012 16:15:34.659906 11796 runtime_context.cpp:29] DecreaseCounter constructing_actor_cnt, current val is 513
I1012 16:15:34.660048 11770 naive_actor.cpp:25] actor 2199023255584 switch to &NaiveActor::HandlerNormal
I1012 16:15:34.660161 11770 thread.cpp:96] Thread 1048576 construct Actor kNormalForward 2199023255584
I1012 16:15:34.660306 11770 runtime_context.cpp:29] DecreaseCounter constructing_actor_cnt, current val is 512
I1012 16:15:34.661834 11796 naive_actor.cpp:25] actor 2207613190168 switch to &NaiveActor::HandlerNormal
I1012 16:15:34.661985 11796 thread.cpp:96] Thread 1052672 construct Actor kNormalForward 2207613190168
I1012 16:15:34.662112 11796 runtime_context.cpp:29] DecreaseCounter constructing_actor_cnt, current val is 511
I1012 16:15:34.663267 11770 naive_actor.cpp:25] actor 2199023255568 switch to &NaiveActor::HandlerNormal
I1012 16:15:34.663408 11770 thread.cpp:96] Thread 1048576 construct Actor kNormalForward 2199023255568
I1012 16:15:34.663573 11770 runtime_context.cpp:29] DecreaseCounter constructing_actor_cnt, current val is 510
I1012 16:15:34.664417 11796 naive_actor.cpp:25] actor 2207613190175 switch to &NaiveActor::HandlerNormal
I1012 16:15:34.664533 11796 thread.cpp:96] Thread 1052672 construct Actor kNormalForward 2207613190175
I1012 16:15:34.664645 11796 runtime_context.cpp:29] DecreaseCounter constructing_actor_cnt, current val is 509
I1012 16:15:34.664824 11770 naive_actor.cpp:25] actor 2199023255570 switch to &NaiveActor::HandlerNormal
I1012 16:15:34.664927 11770 thread.cpp:96] Thread 1048576 construct Actor kNormalForward 2199023255570
I1012 16:15:34.665076 11770 runtime_context.cpp:29] DecreaseCounter constructing_actor_cnt, current val is 508
I1012 16:15:34.665813 11770 naive_actor.cpp:25] actor 2199023255577 switch to &NaiveActor::HandlerNormal
I1012 16:15:34.665920 11770 thread.cpp:96] Thread 1048576 construct Actor kNormalForward 2199023255577
I1012 16:15:34.666055 11770 runtime_context.cpp:29] DecreaseCounter constructing_actor_cnt, current val is 507
