Log file created at: 2021/10/14 10:19:42
Running on machine: oneflow-14
Log line format: [IWEF]mmdd hh:mm:ss.uuuuuu threadid file:line] msg
I1014 10:19:42.704702 39671 global.h:36] NewGlobal 14cudaDeviceProp
I1014 10:19:42.705811 39671 global.h:36] NewGlobal N7oneflow7EnvDescE
I1014 10:19:42.705830 39671 global.h:36] NewGlobal N7oneflow10ProcessCtxE
I1014 10:19:42.705842 39671 env_global_objects_scope.cpp:152] using rpc backend: local
I1014 10:19:42.705868 39671 global.h:36] NewGlobal N7oneflow12ResourceDescE
I1014 10:19:42.705888 39671 global.h:36] NewGlobal N7oneflow12ResourceDescE
I1014 10:19:42.768326 39671 global.h:36] NewGlobal N7oneflow10ThreadPoolE
I1014 10:19:42.770438 39671 global.h:36] NewGlobal N7oneflow16EagerNcclCommMgrE
I1014 10:19:42.770453 39671 global.h:36] NewGlobal N7oneflow18CudnnConvAlgoCacheE
I1014 10:19:42.770460 39671 global.h:36] NewGlobal N7oneflow2vm19VirtualMachineScopeE
I1014 10:19:42.770467 39671 global.h:36] NewGlobal N7oneflow9OneflowVME
I1014 10:19:42.771261 39671 oneflow_vm.cpp:75] transport stream type: N7oneflow2vm13CpuStreamTypeE
I1014 10:19:42.771276 39671 oneflow_vm.cpp:75] transport stream type: N7oneflow2vm14CudaStreamTypeE
I1014 10:19:42.771283 39671 oneflow_vm.cpp:75] transport stream type: N7oneflow2vm19AsyncCudaStreamTypeE
I1014 10:19:42.771400 39671 global.h:36] NewGlobal N7oneflow27EagerJobBuildAndInferCtxMgrE
I1014 10:19:42.771414 39671 global.h:36] NewGlobal N7oneflow12EpollCommNetE
I1014 10:19:42.771528 39671 epoll_comm_network.cpp:63] CommNet:Epoll listening on 0.0.0.0:39774
I1014 10:19:42.771561 39671 epoll_comm_network.cpp:197] machine 0 sockfd -1
I1014 10:19:42.771668 39671 global.h:36] NewGlobal N7oneflow9TransportE
I1014 10:19:42.772876 39671 global.h:43] DeleteGlobal N7oneflow12ResourceDescE
I1014 10:19:42.772902 39671 version.cpp:22] OneFlow git version: b295ca2324
I1014 10:19:42.772917 39671 device_register_gpu.cpp:56] CUDA runtime version: 11.2
I1014 10:19:42.772934 39671 device_register_gpu.cpp:65] cuDNN version: 8.1.1
I1014 10:19:42.772944 39671 device_register_gpu.cpp:78] NCCL version: 2.9.8
I1014 10:19:42.772953 39671 global.h:36] NewGlobal N7oneflow12ResourceDescE
I1014 10:19:42.772959 39671 global.h:36] NewGlobal N7oneflow5IDMgrE
I1014 10:19:42.772966 39671 global.h:36] NewGlobal N7oneflow16AvailableMemDescE
I1014 10:19:42.772989 39671 global.h:36] NewGlobal St13unordered_mapISslSt4hashISsESt8equal_toISsESaISt4pairIKSslEEE
I1014 10:19:42.772996 39671 global.h:36] NewGlobal N7oneflow19CriticalSectionDescE
I1014 10:19:42.773002 39671 global.h:36] NewGlobal N7oneflow16InterUserJobInfoE
I1014 10:19:42.773010 39671 global.h:36] NewGlobal N7oneflow26LazyJobBuildAndInferCtxMgrE
I1014 10:19:42.773016 39671 global.h:36] NewGlobal N7oneflow16JobSetCompileCtxE
I1014 10:19:42.773023 39671 global.h:36] NewGlobal N7oneflow26RuntimeBufferManagersScopeE
I1014 10:19:42.773030 39671 global.h:36] NewGlobal N7oneflow9BufferMgrIlEE
I1014 10:19:42.773036 39671 global.h:36] NewGlobal N7oneflow9BufferMgrISt10shared_ptrINS_11JobInstanceEEEE
I1014 10:19:42.773043 39671 global.h:36] NewGlobal N7oneflow10RuntimeCtxE
I1014 10:19:42.773049 39671 global.h:36] NewGlobal N7oneflow15MemoryAllocatorE
I1014 10:19:42.773056 39671 global.h:36] NewGlobal N7oneflow8ChunkMgrE
I1014 10:19:42.773061 39671 global.h:36] NewGlobal N7oneflow8RegstMgrE
I1014 10:19:42.773067 39671 global.h:36] NewGlobal N7oneflow11ActorMsgBusE
I1014 10:19:42.773073 39671 global.h:36] NewGlobal N7oneflow9ThreadMgrE
I1014 10:19:42.773079 39671 global.h:36] NewGlobal N7oneflow15RuntimeJobDescsE
I1014 10:19:42.773085 39671 global.h:36] NewGlobal N7oneflow7summary12EventsWriterE
I1014 10:19:42.773094 39671 global.h:36] NewGlobal N7oneflow6boxing10collective24CollectiveBoxingExecutorE
I1014 10:19:42.773102 39671 global.h:36] NewGlobal N7oneflow6boxing10collective31CollectiveBoxingDeviceCtxPollerE
I1014 10:19:42.773226 39671 session.h:77] NewGlobal N7oneflow25SessionGlobalObjectsScopeE
I1014 10:19:42.773903 39671 global.h:36] NewGlobal N7oneflow7JobDescE
I1014 10:19:43.231892 39671 global.h:43] DeleteGlobal N7oneflow7JobDescE
I1014 10:19:43.232129 39671 global.h:36] NewGlobal N7oneflow7JobDescE
I1014 10:19:43.235622 39671 global.h:36] NewGlobal N7oneflow7OpGraphE
I1014 10:19:43.240468 39671 global.h:43] DeleteGlobal N7oneflow7OpGraphE
I1014 10:19:43.422369 39671 global.h:43] DeleteGlobal N7oneflow7JobDescE
I1014 10:19:43.440825 39671 global.h:36] NewGlobal N7oneflow24InterJobReuseMemStrategyE
I1014 10:19:43.440866 39671 global.h:36] NewGlobal N7oneflow7OneflowE
I1014 10:19:43.453342 39671 global.h:36] NewGlobal N7oneflow7JobDescE
I1014 10:19:43.690296 39671 global.h:36] NewGlobal N7oneflow7OpGraphE
I1014 10:19:43.773799 39671 global.h:43] DeleteGlobal N7oneflow7OpGraphE
I1014 10:19:43.783303 39671 oneflow.cpp:210] 
job_id: 0 , job_name: train_job , compile time: 0.329898 seconds.
I1014 10:19:43.840816 39671 global.h:43] DeleteGlobal N7oneflow7JobDescE
I1014 10:19:43.841223 39671 global.h:36] NewGlobal N7oneflow7JobDescE
I1014 10:19:43.890008 39671 global.h:36] NewGlobal N7oneflow7OpGraphE
I1014 10:19:43.906919 39671 global.h:43] DeleteGlobal N7oneflow7OpGraphE
I1014 10:19:43.910594 39671 oneflow.cpp:210] 
job_id: 1 , job_name: System-ModelInit , compile time: 0.0688909 seconds.
I1014 10:19:43.922724 39671 global.h:43] DeleteGlobal N7oneflow7JobDescE
I1014 10:19:43.922770 39671 global.h:36] NewGlobal N7oneflow7JobDescE
I1014 10:19:43.967782 39671 global.h:36] NewGlobal N7oneflow7OpGraphE
I1014 10:19:43.985005 39671 global.h:43] DeleteGlobal N7oneflow7OpGraphE
I1014 10:19:43.989112 39671 oneflow.cpp:210] 
job_id: 2 , job_name: System-ModelLoad , compile time: 0.0663209 seconds.
I1014 10:19:44.000850 39671 global.h:43] DeleteGlobal N7oneflow7JobDescE
I1014 10:19:44.000891 39671 global.h:36] NewGlobal N7oneflow7JobDescE
I1014 10:19:44.045264 39671 global.h:36] NewGlobal N7oneflow7OpGraphE
I1014 10:19:44.061455 39671 global.h:43] DeleteGlobal N7oneflow7OpGraphE
I1014 10:19:44.065376 39671 oneflow.cpp:210] 
job_id: 3 , job_name: System-ModelSave , compile time: 0.0644641 seconds.
I1014 10:19:44.077594 39671 global.h:43] DeleteGlobal N7oneflow7JobDescE
I1014 10:19:44.077644 39671 global.h:36] NewGlobal N7oneflow7JobDescE
I1014 10:19:44.085980 39671 global.h:36] NewGlobal N7oneflow7OpGraphE
I1014 10:19:44.089694 39671 global.h:43] DeleteGlobal N7oneflow7OpGraphE
I1014 10:19:44.091455 39671 oneflow.cpp:210] 
job_id: 4 , job_name: System-Pull-Return_27 , compile time: 0.0137915 seconds.
I1014 10:19:44.095079 39671 global.h:43] DeleteGlobal N7oneflow7JobDescE
I1014 10:19:44.099315 39671 global.h:36] NewGlobal N7oneflow7JobDescE
I1014 10:19:44.099362 39671 global.h:36] NewGlobal N7oneflow7OpGraphE
I1014 10:19:44.104610 39671 global.h:43] DeleteGlobal N7oneflow7OpGraphE
I1014 10:19:44.107252 39671 oneflow.cpp:210] 
job_id: 5 , job_name: MainJob-unamed , compile time: 0.00789965 seconds.
I1014 10:19:44.114306 39671 global.h:43] DeleteGlobal N7oneflow7JobDescE
I1014 10:19:44.117071 39671 plan_util.cpp:928]  Plan: merged_plan needs to allocate [ 1390.45 MiB ] device memory in Rank: 0 , Device: 0
I1014 10:19:44.226270 39671 oneflow.cpp:998]  PushPlan merged_plan time: 0.00984883 seconds.
I1014 10:19:44.256146 39671 oneflow.cpp:1014]  PullPlan merged_plan time: 0.0259003 seconds.
I1014 10:19:46.164747 39671 runtime_context.cpp:21] NewCounter constructing_actor_cnt 413
I1014 10:19:46.165741 40221 naive_actor.cpp:25] actor 2199023255723 switch to &NaiveActor::HandlerNormal
I1014 10:19:46.165848 40213 naive_actor.cpp:25] actor 1099614388226 switch to &NaiveActor::HandlerNormal
I1014 10:19:46.165931 40221 thread.cpp:96] Thread 1048576 construct Actor kDeviceTick 2199023255723
I1014 10:19:46.166007 40213 thread.cpp:96] Thread 524337 construct Actor kDeviceTick 1099614388226
I1014 10:19:46.166108 40214 wait_and_send_ids_actor.cpp:53] actor 1099616485376 switch to &WaitAndSendIdsActor::HandlerWaitToStart
I1014 10:19:46.166160 40213 runtime_context.cpp:29] DecreaseCounter constructing_actor_cnt, current val is 411
I1014 10:19:46.166112 40221 runtime_context.cpp:29] DecreaseCounter constructing_actor_cnt, current val is 412
I1014 10:19:46.166172 40214 thread.cpp:96] Thread 524338 construct Actor kWaitAndSendIds 1099616485376
I1014 10:19:46.166414 40213 naive_actor.cpp:25] actor 1099614388233 switch to &NaiveActor::HandlerNormal
I1014 10:19:46.166447 40214 runtime_context.cpp:29] DecreaseCounter constructing_actor_cnt, current val is 410
I1014 10:19:46.166460 40221 naive_actor.cpp:25] actor 2199023255762 switch to &NaiveActor::HandlerNormal
I1014 10:19:46.166460 40213 thread.cpp:96] Thread 524337 construct Actor kDeviceTick 1099614388233
I1014 10:19:46.166558 40221 thread.cpp:96] Thread 1048576 construct Actor kDeviceTick 2199023255762
I1014 10:19:46.166625 40213 runtime_context.cpp:29] DecreaseCounter constructing_actor_cnt, current val is 409
I1014 10:19:46.166646 40221 runtime_context.cpp:29] DecreaseCounter constructing_actor_cnt, current val is 408
I1014 10:19:46.166906 40221 naive_actor.cpp:25] actor 2199023255801 switch to &NaiveActor::HandlerNormal
I1014 10:19:46.166909 40213 naive_actor.cpp:25] actor 1099614388243 switch to &NaiveActor::HandlerNormal
I1014 10:19:46.166961 40221 thread.cpp:96] Thread 1048576 construct Actor kDeviceTick 2199023255801
I1014 10:19:46.166994 40213 thread.cpp:96] Thread 524337 construct Actor kDeviceTick 1099614388243
I1014 10:19:46.167047 40221 runtime_context.cpp:29] DecreaseCounter constructing_actor_cnt, current val is 407
I1014 10:19:46.167083 40213 runtime_context.cpp:29] DecreaseCounter constructing_actor_cnt, current val is 406
I1014 10:19:46.167286 40221 naive_actor.cpp:25] actor 2199023255840 switch to &NaiveActor::HandlerNormal
I1014 10:19:46.167341 40221 thread.cpp:96] Thread 1048576 construct Actor kDeviceTick 2199023255840
I1014 10:19:46.167351 40213 naive_actor.cpp:25] actor 1099614388252 switch to &NaiveActor::HandlerNormal
I1014 10:19:46.167397 40213 thread.cpp:96] Thread 524337 construct Actor kDeviceTick 1099614388252
I1014 10:19:46.167407 40221 runtime_context.cpp:29] DecreaseCounter constructing_actor_cnt, current val is 405
I1014 10:19:46.167448 40213 runtime_context.cpp:29] DecreaseCounter constructing_actor_cnt, current val is 404
I1014 10:19:46.167698 40213 naive_actor.cpp:25] actor 1099614388261 switch to &NaiveActor::HandlerNormal
I1014 10:19:46.167732 40213 thread.cpp:96] Thread 524337 construct Actor kDeviceTick 1099614388261
I1014 10:19:46.167780 40213 runtime_context.cpp:29] DecreaseCounter constructing_actor_cnt, current val is 403
I1014 10:19:46.168047 40213 naive_actor.cpp:25] actor 1099614388269 switch to &NaiveActor::HandlerNormal
I1014 10:19:46.168081 40213 thread.cpp:96] Thread 524337 construct Actor kDeviceTick 1099614388269
I1014 10:19:46.168129 40213 runtime_context.cpp:29] DecreaseCounter constructing_actor_cnt, current val is 402
I1014 10:19:46.168361 40213 naive_actor.cpp:25] actor 1099614388276 switch to &NaiveActor::HandlerNormal
I1014 10:19:46.168393 40213 thread.cpp:96] Thread 524337 construct Actor kDeviceTick 1099614388276
I1014 10:19:46.168443 40213 runtime_context.cpp:29] DecreaseCounter constructing_actor_cnt, current val is 401
I1014 10:19:46.175312 40197 naive_actor.cpp:25] actor 1099526307840 switch to &NaiveActor::HandlerNormal
I1014 10:19:46.175428 40197 thread.cpp:96] Thread 524295 construct Actor kNormalForward 1099526307840
I1014 10:19:46.175458 40203 naive_actor.cpp:25] actor 1099538890752 switch to &NaiveActor::HandlerNormal
I1014 10:19:46.175377 40208 naive_actor.cpp:25] actor 1099549376512 switch to &NaiveActor::HandlerNormal
I1014 10:19:46.175720 40198 naive_actor.cpp:25] actor 1099528404992 switch to &NaiveActor::HandlerNormal
I1014 10:19:46.175446 40202 naive_actor.cpp:25] actor 1099536793600 switch to &NaiveActor::HandlerNormal
I1014 10:19:46.175396 40196 naive_actor.cpp:25] actor 1099524210688 switch to &NaiveActor::HandlerNormal
I1014 10:19:46.176044 40225 naive_actor.cpp:25] actor 2199027449856 switch to &NaiveActor::HandlerNormal
I1014 10:19:46.175595 40203 thread.cpp:96] Thread 524301 construct Actor kNormalForward 1099538890752
I1014 10:19:46.175624 40205 naive_actor.cpp:25] actor 1099543085056 switch to &NaiveActor::HandlerNormal
I1014 10:19:46.175701 40204 naive_actor.cpp:25] actor 1099540987904 switch to &NaiveActor::HandlerNormal
I1014 10:19:46.176384 40204 thread.cpp:96] Thread 524302 construct Actor kNormalForward 1099540987904
I1014 10:19:46.175745 40206 naive_actor.cpp:25] actor 1099545182208 switch to &NaiveActor::HandlerNormal
I1014 10:19:46.175446 40207 naive_actor.cpp:25] actor 1099547279360 switch to &NaiveActor::HandlerNormal
I1014 10:19:46.176488 40206 thread.cpp:96] Thread 524304 construct Actor kNormalForward 1099545182208
I1014 10:19:46.175819 40210 naive_actor.cpp:25] actor 1099553570816 switch to &NaiveActor::HandlerNormal
I1014 10:19:46.176534 40210 thread.cpp:96] Thread 524308 construct Actor kNormalForward 1099553570816
I1014 10:19:46.175881 40198 thread.cpp:96] Thread 524296 construct Actor kNormalForward 1099528404992
I1014 10:19:46.176594 40206 runtime_context.cpp:29] DecreaseCounter constructing_actor_cnt, current val is 397
I1014 10:19:46.175967 40200 naive_actor.cpp:25] actor 1099532599296 switch to &NaiveActor::HandlerNormal
I1014 10:19:46.175995 40212 naive_actor.cpp:25] actor 1099557765120 switch to &NaiveActor::HandlerNormal
I1014 10:19:46.176019 40223 naive_actor.cpp:25] actor 2199025352704 switch to &NaiveActor::HandlerNormal
I1014 10:19:46.176760 40212 thread.cpp:96] Thread 524310 construct Actor kForeignOutput 1099557765120
I1014 10:19:46.176781 40223 thread.cpp:96] Thread 1048577 construct Actor kCopyHd 2199025352704
I1014 10:19:46.176059 40194 naive_actor.cpp:25] actor 1099520016384 switch to &NaiveActor::HandlerNormal
I1014 10:19:46.176846 40212 runtime_context.cpp:29] DecreaseCounter constructing_actor_cnt, current val is 394
I1014 10:19:46.176865 40194 thread.cpp:96] Thread 524292 construct Actor kNormalForward 1099520016384
I1014 10:19:46.176088 40199 naive_actor.cpp:25] actor 1099530502144 switch to &NaiveActor::HandlerNormal
I1014 10:19:46.176151 40192 naive_actor.cpp:25] actor 1099515822080 switch to &NaiveActor::HandlerNormal
I1014 10:19:46.176955 40199 thread.cpp:96] Thread 524297 construct Actor kNormalForward 1099530502144
I1014 10:19:46.176160 40215 sink_actor.cpp:21] actor 1099618582528 switch to &SinkActor::HandlerNormal
I1014 10:19:46.176193 40211 naive_actor.cpp:25] actor 1099555667968 switch to &NaiveActor::HandlerNormal
I1014 10:19:46.177142 40211 thread.cpp:96] Thread 524309 construct Actor kNormalForward 1099555667968
I1014 10:19:46.176254 40193 naive_actor.cpp:25] actor 1099517919232 switch to &NaiveActor::HandlerNormal
I1014 10:19:46.177253 40193 thread.cpp:96] Thread 524291 construct Actor kNormalForward 1099517919232
I1014 10:19:46.176285 40203 runtime_context.cpp:29] DecreaseCounter constructing_actor_cnt, current val is 399
I1014 10:19:46.176298 40205 thread.cpp:96] Thread 524303 construct Actor kForeignInput 1099543085056
I1014 10:19:46.177340 40193 runtime_context.cpp:29] DecreaseCounter constructing_actor_cnt, current val is 389
I1014 10:19:46.177392 40205 runtime_context.cpp:29] DecreaseCounter constructing_actor_cnt, current val is 388
I1014 10:19:46.176450 40195 naive_actor.cpp:25] actor 1099522113536 switch to &NaiveActor::HandlerNormal
I1014 10:19:46.177557 40195 thread.cpp:96] Thread 524293 construct Actor kNormalForward 1099522113536
I1014 10:19:46.175807 40209 naive_actor.cpp:25] actor 1099551473664 switch to &NaiveActor::HandlerNormal
I1014 10:19:46.176501 40207 thread.cpp:96] Thread 524305 construct Actor kNormalForward 1099547279360
I1014 10:19:46.177721 40209 thread.cpp:96] Thread 524307 construct Actor kNormalForward 1099551473664
I1014 10:19:46.177747 40207 runtime_context.cpp:29] DecreaseCounter constructing_actor_cnt, current val is 386
I1014 10:19:46.176596 40210 runtime_context.cpp:29] DecreaseCounter constructing_actor_cnt, current val is 396
I1014 10:19:46.175947 40202 thread.cpp:96] Thread 524300 construct Actor kForeignInput 1099536793600
I1014 10:19:46.177806 40209 runtime_context.cpp:29] DecreaseCounter constructing_actor_cnt, current val is 385
I1014 10:19:46.177848 40202 runtime_context.cpp:29] DecreaseCounter constructing_actor_cnt, current val is 384
I1014 10:19:46.176664 40200 thread.cpp:96] Thread 524298 construct Actor kNormalForward 1099532599296
I1014 10:19:46.176057 40221 naive_actor.cpp:25] actor 2199023255562 switch to &NaiveActor::HandlerNormal
I1014 10:19:46.178126 40221 thread.cpp:96] Thread 1048576 construct Actor kNormalForward 2199023255562
I1014 10:19:46.176847 40223 runtime_context.cpp:29] DecreaseCounter constructing_actor_cnt, current val is 393
I1014 10:19:46.175518 40197 runtime_context.cpp:29] DecreaseCounter constructing_actor_cnt, current val is 400
I1014 10:19:46.176156 40225 thread.cpp:96] Thread 1048578 construct Actor kCopyHd 2199027449856
I1014 10:19:46.178377 40223 naive_actor.cpp:25] actor 2199025352705 switch to &NaiveActor::HandlerNormal
I1014 10:19:46.178423 40225 runtime_context.cpp:29] DecreaseCounter constructing_actor_cnt, current val is 381
I1014 10:19:46.176965 40192 thread.cpp:96] Thread 524290 construct Actor kNormalForward 1099515822080
I1014 10:19:46.177065 40199 runtime_context.cpp:29] DecreaseCounter constructing_actor_cnt, current val is 391
I1014 10:19:46.178545 40192 runtime_context.cpp:29] DecreaseCounter constructing_actor_cnt, current val is 380
I1014 10:19:46.177105 40215 thread.cpp:96] Thread 524339 construct Actor kCallbackNotify 1099618582528
I1014 10:19:46.176241 40191 naive_actor.cpp:25] actor 1099513724928 switch to &NaiveActor::HandlerNormal
I1014 10:19:46.177222 40211 runtime_context.cpp:29] DecreaseCounter constructing_actor_cnt, current val is 390
I1014 10:19:46.175729 40208 thread.cpp:96] Thread 524306 construct Actor kForeignInput 1099549376512
I1014 10:19:46.176468 40204 runtime_context.cpp:29] DecreaseCounter constructing_actor_cnt, current val is 398
I1014 10:19:46.177683 40195 runtime_context.cpp:29] DecreaseCounter constructing_actor_cnt, current val is 387
I1014 10:19:46.178865 40208 runtime_context.cpp:29] DecreaseCounter constructing_actor_cnt, current val is 378
I1014 10:19:46.175910 40201 naive_actor.cpp:25] actor 1099534696448 switch to &NaiveActor::HandlerNormal
I1014 10:19:46.178963 40201 thread.cpp:96] Thread 524299 construct Actor kNormalForward 1099534696448
I1014 10:19:46.176661 40198 runtime_context.cpp:29] DecreaseCounter constructing_actor_cnt, current val is 395
I1014 10:19:46.178128 40200 runtime_context.cpp:29] DecreaseCounter constructing_actor_cnt, current val is 383
I1014 10:19:46.176046 40196 thread.cpp:96] Thread 524294 construct Actor kNormalForward 1099524210688
I1014 10:19:46.178189 40221 runtime_context.cpp:29] DecreaseCounter constructing_actor_cnt, current val is 382
I1014 10:19:46.179248 40196 runtime_context.cpp:29] DecreaseCounter constructing_actor_cnt, current val is 376
I1014 10:19:46.178431 40223 thread.cpp:96] Thread 1048577 construct Actor kCopyHd 2199025352705
I1014 10:19:46.176976 40194 runtime_context.cpp:29] DecreaseCounter constructing_actor_cnt, current val is 392
I1014 10:19:46.178684 40215 runtime_context.cpp:29] DecreaseCounter constructing_actor_cnt, current val is 379
I1014 10:19:46.178689 40191 thread.cpp:96] Thread 524289 construct Actor kNormalForward 1099513724928
I1014 10:19:46.179041 40201 runtime_context.cpp:29] DecreaseCounter constructing_actor_cnt, current val is 377
I1014 10:19:46.176152 40213 naive_actor.cpp:25] actor 1099614388230 switch to &NaiveActor::HandlerNormal
I1014 10:19:46.179431 40223 runtime_context.cpp:29] DecreaseCounter constructing_actor_cnt, current val is 375
I1014 10:19:46.179679 40221 naive_actor.cpp:25] actor 2199023255585 switch to &NaiveActor::HandlerNormal
I1014 10:19:46.179697 40191 runtime_context.cpp:29] DecreaseCounter constructing_actor_cnt, current val is 374
I1014 10:19:46.179806 40213 thread.cpp:96] Thread 524337 construct Actor kTick 1099614388230
I1014 10:19:46.179913 40221 thread.cpp:96] Thread 1048576 construct Actor kNormalForward 2199023255585
I1014 10:19:46.179986 40223 naive_actor.cpp:25] actor 2199025352707 switch to &NaiveActor::HandlerNormal
I1014 10:19:46.180066 40213 runtime_context.cpp:29] DecreaseCounter constructing_actor_cnt, current val is 373
I1014 10:19:46.180146 40223 thread.cpp:96] Thread 1048577 construct Actor kCopyHd 2199025352707
I1014 10:19:46.180153 40221 runtime_context.cpp:29] DecreaseCounter constructing_actor_cnt, current val is 372
I1014 10:19:46.180311 40223 runtime_context.cpp:29] DecreaseCounter constructing_actor_cnt, current val is 371
I1014 10:19:46.180491 40223 naive_actor.cpp:25] actor 2199025352706 switch to &NaiveActor::HandlerNormal
I1014 10:19:46.180542 40223 thread.cpp:96] Thread 1048577 construct Actor kCopyHd 2199025352706
I1014 10:19:46.180620 40223 runtime_context.cpp:29] DecreaseCounter constructing_actor_cnt, current val is 370
I1014 10:19:46.180660 40213 naive_actor.cpp:25] actor 1099614388224 switch to &NaiveActor::HandlerNormal
I1014 10:19:46.180714 40213 thread.cpp:96] Thread 524337 construct Actor kDeviceTick 1099614388224
I1014 10:19:46.180811 40213 runtime_context.cpp:29] DecreaseCounter constructing_actor_cnt, current val is 369
I1014 10:19:46.180827 40223 naive_actor.cpp:25] actor 2199025352708 switch to &NaiveActor::HandlerNormal
I1014 10:19:46.180915 40223 thread.cpp:96] Thread 1048577 construct Actor kCopyHd 2199025352708
I1014 10:19:46.180984 40223 runtime_context.cpp:29] DecreaseCounter constructing_actor_cnt, current val is 368
I1014 10:19:46.181188 40223 naive_actor.cpp:25] actor 2199025352709 switch to &NaiveActor::HandlerNormal
I1014 10:19:46.181234 40223 thread.cpp:96] Thread 1048577 construct Actor kCopyHd 2199025352709
I1014 10:19:46.181286 40223 runtime_context.cpp:29] DecreaseCounter constructing_actor_cnt, current val is 367
I1014 10:19:46.181308 40213 naive_actor.cpp:25] actor 1099614388225 switch to &NaiveActor::HandlerNormal
I1014 10:19:46.181352 40213 thread.cpp:96] Thread 524337 construct Actor kSrcSubsetTick 1099614388225
I1014 10:19:46.181437 40213 runtime_context.cpp:29] DecreaseCounter constructing_actor_cnt, current val is 366
I1014 10:19:46.181468 40223 naive_actor.cpp:25] actor 2199025352710 switch to &NaiveActor::HandlerNormal
I1014 10:19:46.181509 40223 thread.cpp:96] Thread 1048577 construct Actor kCopyHd 2199025352710
I1014 10:19:46.181509 40221 naive_actor.cpp:25] actor 2199023255610 switch to &NaiveActor::HandlerNormal
I1014 10:19:46.181589 40223 runtime_context.cpp:29] DecreaseCounter constructing_actor_cnt, current val is 365
I1014 10:19:46.181615 40221 thread.cpp:96] Thread 1048576 construct Actor kNormalForward 2199023255610
I1014 10:19:46.181741 40221 runtime_context.cpp:29] DecreaseCounter constructing_actor_cnt, current val is 364
I1014 10:19:46.181861 40213 naive_actor.cpp:25] actor 1099614388320 switch to &NaiveActor::HandlerNormal
I1014 10:19:46.181912 40213 thread.cpp:96] Thread 524337 construct Actor kTick 1099614388320
I1014 10:19:46.181984 40213 runtime_context.cpp:29] DecreaseCounter constructing_actor_cnt, current val is 363
I1014 10:19:46.182161 40221 naive_actor.cpp:25] actor 2199023255592 switch to &NaiveActor::HandlerNormal
I1014 10:19:46.182219 40221 thread.cpp:96] Thread 1048576 construct Actor kNormalForward 2199023255592
I1014 10:19:46.182301 40221 runtime_context.cpp:29] DecreaseCounter constructing_actor_cnt, current val is 362
I1014 10:19:46.182394 40213 naive_actor.cpp:25] actor 1099614388228 switch to &NaiveActor::HandlerNormal
I1014 10:19:46.182446 40213 thread.cpp:96] Thread 524337 construct Actor kTick 1099614388228
I1014 10:19:46.182525 40213 runtime_context.cpp:29] DecreaseCounter constructing_actor_cnt, current val is 361
I1014 10:19:46.182961 40213 naive_actor.cpp:25] actor 1099614388229 switch to &NaiveActor::HandlerNormal
I1014 10:19:46.183018 40213 thread.cpp:96] Thread 524337 construct Actor kDstSubsetTick 1099614388229
I1014 10:19:46.183109 40213 runtime_context.cpp:29] DecreaseCounter constructing_actor_cnt, current val is 360
I1014 10:19:46.183305 40221 naive_actor.cpp:25] actor 2199023255579 switch to &NaiveActor::HandlerNormal
I1014 10:19:46.183367 40221 thread.cpp:96] Thread 1048576 construct Actor kNormalForward 2199023255579
I1014 10:19:46.183462 40221 runtime_context.cpp:29] DecreaseCounter constructing_actor_cnt, current val is 359
I1014 10:19:46.183467 40213 naive_actor.cpp:25] actor 1099614388231 switch to &NaiveActor::HandlerNormal
I1014 10:19:46.183759 40213 thread.cpp:96] Thread 524337 construct Actor kTick 1099614388231
I1014 10:19:46.183864 40213 runtime_context.cpp:29] DecreaseCounter constructing_actor_cnt, current val is 358
I1014 10:19:46.184228 40213 naive_actor.cpp:25] actor 1099614388234 switch to &NaiveActor::HandlerNormal
I1014 10:19:46.184284 40213 thread.cpp:96] Thread 524337 construct Actor kSrcSubsetTick 1099614388234
I1014 10:19:46.184370 40213 runtime_context.cpp:29] DecreaseCounter constructing_actor_cnt, current val is 357
I1014 10:19:46.184530 40221 naive_actor.cpp:25] actor 2199023255568 switch to &NaiveActor::HandlerNormal
I1014 10:19:46.184617 40221 thread.cpp:96] Thread 1048576 construct Actor kNormalForward 2199023255568
I1014 10:19:46.184702 40221 runtime_context.cpp:29] DecreaseCounter constructing_actor_cnt, current val is 356
I1014 10:19:46.185056 40213 esac_actor.cpp:73] actor 1099614388321 switch to &EsacActor::HandlerNormal
I1014 10:19:46.185114 40213 thread.cpp:96] Thread 524337 construct Actor kEsac 1099614388321
I1014 10:19:46.185222 40213 runtime_context.cpp:29] DecreaseCounter constructing_actor_cnt, current val is 355
I1014 10:19:46.185608 40213 naive_actor.cpp:25] actor 1099614388236 switch to &NaiveActor::HandlerNormal
I1014 10:19:46.185703 40213 thread.cpp:96] Thread 524337 construct Actor kTick 1099614388236
I1014 10:19:46.185797 40213 runtime_context.cpp:29] DecreaseCounter constructing_actor_cnt, current val is 354
I1014 10:19:46.186136 40213 naive_actor.cpp:25] actor 1099614388238 switch to &NaiveActor::HandlerNormal
I1014 10:19:46.186185 40213 thread.cpp:96] Thread 524337 construct Actor kTick 1099614388238
I1014 10:19:46.186264 40213 runtime_context.cpp:29] DecreaseCounter constructing_actor_cnt, current val is 353
I1014 10:19:46.186623 40221 naive_actor.cpp:25] actor 2199023255574 switch to &NaiveActor::HandlerNormal
I1014 10:19:46.186651 40213 naive_actor.cpp:25] actor 1099614388232 switch to &NaiveActor::HandlerNormal
I1014 10:19:46.186688 40221 thread.cpp:96] Thread 1048576 construct Actor kNormalForward 2199023255574
I1014 10:19:46.186733 40213 thread.cpp:96] Thread 524337 construct Actor kTick 1099614388232
I1014 10:19:46.186816 40221 runtime_context.cpp:29] DecreaseCounter constructing_actor_cnt, current val is 352
I1014 10:19:46.186851 40213 runtime_context.cpp:29] DecreaseCounter constructing_actor_cnt, current val is 351
I1014 10:19:46.187182 40221 naive_actor.cpp:25] actor 2199023255558 switch to &NaiveActor::HandlerNormal
I1014 10:19:46.187196 40213 naive_actor.cpp:25] actor 1099614388239 switch to &NaiveActor::HandlerNormal
I1014 10:19:46.187242 40221 thread.cpp:96] Thread 1048576 construct Actor kNormalForward 2199023255558
I1014 10:19:46.187281 40213 thread.cpp:96] Thread 524337 construct Actor kTick 1099614388239
I1014 10:19:46.187355 40221 runtime_context.cpp:29] DecreaseCounter constructing_actor_cnt, current val is 350
I1014 10:19:46.187392 40213 runtime_context.cpp:29] DecreaseCounter constructing_actor_cnt, current val is 349
I1014 10:19:46.187672 40221 naive_actor.cpp:25] actor 2199023255578 switch to &NaiveActor::HandlerNormal
I1014 10:19:46.187732 40221 thread.cpp:96] Thread 1048576 construct Actor kNormalForward 2199023255578
I1014 10:19:46.187808 40221 runtime_context.cpp:29] DecreaseCounter constructing_actor_cnt, current val is 348
I1014 10:19:46.187842 40213 naive_actor.cpp:25] actor 1099614388237 switch to &NaiveActor::HandlerNormal
I1014 10:19:46.187893 40213 thread.cpp:96] Thread 524337 construct Actor kDstSubsetTick 1099614388237
I1014 10:19:46.187978 40213 runtime_context.cpp:29] DecreaseCounter constructing_actor_cnt, current val is 347
I1014 10:19:46.188131 40221 naive_actor.cpp:25] actor 2199023255564 switch to &NaiveActor::HandlerNormal
I1014 10:19:46.188182 40221 thread.cpp:96] Thread 1048576 construct Actor kNormalForward 2199023255564
I1014 10:19:46.188256 40221 runtime_context.cpp:29] DecreaseCounter constructing_actor_cnt, current val is 346
I1014 10:19:46.188395 40213 naive_actor.cpp:25] actor 1099614388240 switch to &NaiveActor::HandlerNormal
I1014 10:19:46.188450 40213 thread.cpp:96] Thread 524337 construct Actor kTick 1099614388240
I1014 10:19:46.188628 40213 runtime_context.cpp:29] DecreaseCounter constructing_actor_cnt, current val is 345
I1014 10:19:46.188979 40213 naive_actor.cpp:25] actor 1099614388241 switch to &NaiveActor::HandlerNormal
I1014 10:19:46.189035 40213 thread.cpp:96] Thread 524337 construct Actor kDeviceTick 1099614388241
I1014 10:19:46.189117 40213 runtime_context.cpp:29] DecreaseCounter constructing_actor_cnt, current val is 344
I1014 10:19:46.189229 40221 naive_actor.cpp:25] actor 2199023255589 switch to &NaiveActor::HandlerNormal
I1014 10:19:46.189283 40221 thread.cpp:96] Thread 1048576 construct Actor kNormalForward 2199023255589
I1014 10:19:46.189376 40221 runtime_context.cpp:29] DecreaseCounter constructing_actor_cnt, current val is 343
I1014 10:19:46.189538 40213 naive_actor.cpp:25] actor 1099614388319 switch to &NaiveActor::HandlerNormal
I1014 10:19:46.189615 40213 thread.cpp:96] Thread 524337 construct Actor kTick 1099614388319
I1014 10:19:46.189705 40213 runtime_context.cpp:29] DecreaseCounter constructing_actor_cnt, current val is 342
I1014 10:19:46.190073 40213 naive_actor.cpp:25] actor 1099614388242 switch to &NaiveActor::HandlerNormal
I1014 10:19:46.190129 40213 thread.cpp:96] Thread 524337 construct Actor kSrcSubsetTick 1099614388242
I1014 10:19:46.190193 40213 runtime_context.cpp:29] DecreaseCounter constructing_actor_cnt, current val is 341
I1014 10:19:46.190274 40221 naive_actor.cpp:25] actor 2199023255552 switch to &NaiveActor::HandlerNormal
I1014 10:19:46.190325 40221 thread.cpp:96] Thread 1048576 construct Actor kNormalForward 2199023255552
I1014 10:19:46.190413 40221 runtime_context.cpp:29] DecreaseCounter constructing_actor_cnt, current val is 340
I1014 10:19:46.190555 40213 naive_actor.cpp:25] actor 1099614388245 switch to &NaiveActor::HandlerNormal
I1014 10:19:46.190623 40213 thread.cpp:96] Thread 524337 construct Actor kTick 1099614388245
I1014 10:19:46.190699 40213 runtime_context.cpp:29] DecreaseCounter constructing_actor_cnt, current val is 339
I1014 10:19:46.190754 40221 naive_actor.cpp:25] actor 2199023255569 switch to &NaiveActor::HandlerNormal
I1014 10:19:46.190804 40221 thread.cpp:96] Thread 1048576 construct Actor kNormalForward 2199023255569
I1014 10:19:46.190883 40221 runtime_context.cpp:29] DecreaseCounter constructing_actor_cnt, current val is 338
I1014 10:19:46.191058 40213 naive_actor.cpp:25] actor 1099614388247 switch to &NaiveActor::HandlerNormal
I1014 10:19:46.191112 40213 thread.cpp:96] Thread 524337 construct Actor kTick 1099614388247
I1014 10:19:46.191179 40213 runtime_context.cpp:29] DecreaseCounter constructing_actor_cnt, current val is 337
I1014 10:19:46.191229 40221 naive_actor.cpp:25] actor 2199023255590 switch to &NaiveActor::HandlerNormal
I1014 10:19:46.191283 40221 thread.cpp:96] Thread 1048576 construct Actor kNormalForward 2199023255590
I1014 10:19:46.191347 40221 runtime_context.cpp:29] DecreaseCounter constructing_actor_cnt, current val is 336
I1014 10:19:46.191522 40213 naive_actor.cpp:25] actor 1099614388248 switch to &NaiveActor::HandlerNormal
I1014 10:19:46.191581 40213 thread.cpp:96] Thread 524337 construct Actor kTick 1099614388248
I1014 10:19:46.191656 40213 runtime_context.cpp:29] DecreaseCounter constructing_actor_cnt, current val is 335
I1014 10:19:46.192093 40213 naive_actor.cpp:25] actor 1099614388246 switch to &NaiveActor::HandlerNormal
I1014 10:19:46.192144 40213 thread.cpp:96] Thread 524337 construct Actor kDstSubsetTick 1099614388246
I1014 10:19:46.192231 40213 runtime_context.cpp:29] DecreaseCounter constructing_actor_cnt, current val is 334
I1014 10:19:46.192350 40221 naive_actor.cpp:25] actor 2199023255617 switch to &NaiveActor::HandlerNormal
I1014 10:19:46.192404 40221 thread.cpp:96] Thread 1048576 construct Actor kNormalForward 2199023255617
I1014 10:19:46.192523 40221 runtime_context.cpp:29] DecreaseCounter constructing_actor_cnt, current val is 333
I1014 10:19:46.192589 40213 naive_actor.cpp:25] actor 1099614388254 switch to &NaiveActor::HandlerNormal
I1014 10:19:46.192637 40213 thread.cpp:96] Thread 524337 construct Actor kTick 1099614388254
I1014 10:19:46.192826 40213 runtime_context.cpp:29] DecreaseCounter constructing_actor_cnt, current val is 332
I1014 10:19:46.193158 40213 naive_actor.cpp:25] actor 1099614388249 switch to &NaiveActor::HandlerNormal
I1014 10:19:46.193209 40213 thread.cpp:96] Thread 524337 construct Actor kTick 1099614388249
I1014 10:19:46.193282 40213 runtime_context.cpp:29] DecreaseCounter constructing_actor_cnt, current val is 331
I1014 10:19:46.193348 40221 naive_actor.cpp:25] actor 2199023255566 switch to &NaiveActor::HandlerNormal
I1014 10:19:46.193401 40221 thread.cpp:96] Thread 1048576 construct Actor kNormalForward 2199023255566
I1014 10:19:46.193482 40221 runtime_context.cpp:29] DecreaseCounter constructing_actor_cnt, current val is 330
I1014 10:19:46.193683 40213 naive_actor.cpp:25] actor 1099614388251 switch to &NaiveActor::HandlerNormal
I1014 10:19:46.193733 40213 thread.cpp:96] Thread 524337 construct Actor kSrcSubsetTick 1099614388251
I1014 10:19:46.193802 40213 runtime_context.cpp:29] DecreaseCounter constructing_actor_cnt, current val is 329
I1014 10:19:46.194154 40213 naive_actor.cpp:25] actor 1099614388250 switch to &NaiveActor::HandlerNormal
I1014 10:19:46.194206 40213 thread.cpp:96] Thread 524337 construct Actor kDeviceTick 1099614388250
I1014 10:19:46.194278 40213 runtime_context.cpp:29] DecreaseCounter constructing_actor_cnt, current val is 328
I1014 10:19:46.194594 40213 naive_actor.cpp:25] actor 1099614388316 switch to &NaiveActor::HandlerNormal
I1014 10:19:46.194648 40213 thread.cpp:96] Thread 524337 construct Actor kTick 1099614388316
I1014 10:19:46.194679 40221 naive_actor.cpp:25] actor 2199023255563 switch to &NaiveActor::HandlerNormal
I1014 10:19:46.194721 40213 runtime_context.cpp:29] DecreaseCounter constructing_actor_cnt, current val is 327
I1014 10:19:46.194741 40221 thread.cpp:96] Thread 1048576 construct Actor kNormalForward 2199023255563
I1014 10:19:46.194873 40221 runtime_context.cpp:29] DecreaseCounter constructing_actor_cnt, current val is 326
I1014 10:19:46.195060 40213 naive_actor.cpp:25] actor 1099614388256 switch to &NaiveActor::HandlerNormal
I1014 10:19:46.195112 40213 thread.cpp:96] Thread 524337 construct Actor kTick 1099614388256
I1014 10:19:46.195187 40213 runtime_context.cpp:29] DecreaseCounter constructing_actor_cnt, current val is 325
I1014 10:19:46.195505 40190 naive_actor.cpp:25] actor 1099511627776 switch to &NaiveActor::HandlerNormal
I1014 10:19:46.195521 40213 naive_actor.cpp:25] actor 1099614388257 switch to &NaiveActor::HandlerNormal
I1014 10:19:46.195580 40190 thread.cpp:96] Thread 524288 construct Actor kNormalForward 1099511627776
I1014 10:19:46.195621 40213 thread.cpp:96] Thread 524337 construct Actor kTick 1099614388257
I1014 10:19:46.195729 40190 runtime_context.cpp:29] DecreaseCounter constructing_actor_cnt, current val is 324
I1014 10:19:46.195734 40213 runtime_context.cpp:29] DecreaseCounter constructing_actor_cnt, current val is 323
I1014 10:19:46.195852 40221 naive_actor.cpp:25] actor 2199023255575 switch to &NaiveActor::HandlerNormal
I1014 10:19:46.195904 40221 thread.cpp:96] Thread 1048576 construct Actor kNormalForward 2199023255575
I1014 10:19:46.195991 40221 runtime_context.cpp:29] DecreaseCounter constructing_actor_cnt, current val is 322
I1014 10:19:46.196158 40213 naive_actor.cpp:25] actor 1099614388255 switch to &NaiveActor::HandlerNormal
I1014 10:19:46.196213 40213 thread.cpp:96] Thread 524337 construct Actor kDstSubsetTick 1099614388255
I1014 10:19:46.196300 40213 runtime_context.cpp:29] DecreaseCounter constructing_actor_cnt, current val is 321
I1014 10:19:46.196624 40213 naive_actor.cpp:25] actor 1099614388263 switch to &NaiveActor::HandlerNormal
I1014 10:19:46.196673 40213 thread.cpp:96] Thread 524337 construct Actor kTick 1099614388263
I1014 10:19:46.196743 40213 runtime_context.cpp:29] DecreaseCounter constructing_actor_cnt, current val is 320
I1014 10:19:46.196926 40221 naive_actor.cpp:25] actor 2199023255556 switch to &NaiveActor::HandlerNormal
I1014 10:19:46.196982 40221 thread.cpp:96] Thread 1048576 construct Actor kNormalForward 2199023255556
I1014 10:19:46.197069 40213 naive_actor.cpp:25] actor 1099614388258 switch to &NaiveActor::HandlerNormal
I1014 10:19:46.197106 40221 runtime_context.cpp:29] DecreaseCounter constructing_actor_cnt, current val is 319
I1014 10:19:46.197137 40213 thread.cpp:96] Thread 524337 construct Actor kTick 1099614388258
I1014 10:19:46.197242 40213 runtime_context.cpp:29] DecreaseCounter constructing_actor_cnt, current val is 318
I1014 10:19:46.197579 40213 naive_actor.cpp:25] actor 1099614388266 switch to &NaiveActor::HandlerNormal
I1014 10:19:46.197628 40213 thread.cpp:96] Thread 524337 construct Actor kTick 1099614388266
I1014 10:19:46.197697 40213 runtime_context.cpp:29] DecreaseCounter constructing_actor_cnt, current val is 317
I1014 10:19:46.198015 40213 naive_actor.cpp:25] actor 1099614388259 switch to &NaiveActor::HandlerNormal
I1014 10:19:46.198063 40213 thread.cpp:96] Thread 524337 construct Actor kDeviceTick 1099614388259
I1014 10:19:46.198088 40221 naive_actor.cpp:25] actor 2199023255570 switch to &NaiveActor::HandlerNormal
I1014 10:19:46.198129 40213 runtime_context.cpp:29] DecreaseCounter constructing_actor_cnt, current val is 316
I1014 10:19:46.198135 40221 thread.cpp:96] Thread 1048576 construct Actor kNormalForward 2199023255570
I1014 10:19:46.198261 40221 runtime_context.cpp:29] DecreaseCounter constructing_actor_cnt, current val is 315
I1014 10:19:46.198462 40213 naive_actor.cpp:25] actor 1099614388260 switch to &NaiveActor::HandlerNormal
I1014 10:19:46.198514 40213 thread.cpp:96] Thread 524337 construct Actor kSrcSubsetTick 1099614388260
I1014 10:19:46.198591 40213 runtime_context.cpp:29] DecreaseCounter constructing_actor_cnt, current val is 314
I1014 10:19:46.198916 40213 naive_actor.cpp:25] actor 1099614388265 switch to &NaiveActor::HandlerNormal
I1014 10:19:46.198966 40213 thread.cpp:96] Thread 524337 construct Actor kTick 1099614388265
I1014 10:19:46.199038 40213 runtime_context.cpp:29] DecreaseCounter constructing_actor_cnt, current val is 313
I1014 10:19:46.199069 40221 naive_actor.cpp:25] actor 2199023255557 switch to &NaiveActor::HandlerNormal
I1014 10:19:46.199115 40221 thread.cpp:96] Thread 1048576 construct Actor kNormalForward 2199023255557
I1014 10:19:46.199196 40221 runtime_context.cpp:29] DecreaseCounter constructing_actor_cnt, current val is 312
I1014 10:19:46.199429 40213 naive_actor.cpp:25] actor 1099614388264 switch to &NaiveActor::HandlerNormal
I1014 10:19:46.199483 40213 thread.cpp:96] Thread 524337 construct Actor kDstSubsetTick 1099614388264
I1014 10:19:46.199573 40213 runtime_context.cpp:29] DecreaseCounter constructing_actor_cnt, current val is 311
I1014 10:19:46.199900 40213 naive_actor.cpp:25] actor 1099614388317 switch to &NaiveActor::HandlerNormal
I1014 10:19:46.199950 40213 thread.cpp:96] Thread 524337 construct Actor kTick 1099614388317
I1014 10:19:46.200019 40213 runtime_context.cpp:29] DecreaseCounter constructing_actor_cnt, current val is 310
I1014 10:19:46.200320 40213 naive_actor.cpp:25] actor 1099614388273 switch to &NaiveActor::HandlerNormal
I1014 10:19:46.200371 40213 thread.cpp:96] Thread 524337 construct Actor kTick 1099614388273
I1014 10:19:46.200440 40213 runtime_context.cpp:29] DecreaseCounter constructing_actor_cnt, current val is 309
I1014 10:19:46.200456 40221 naive_actor.cpp:25] actor 2199023255567 switch to &NaiveActor::HandlerNormal
I1014 10:19:46.200520 40221 thread.cpp:96] Thread 1048576 construct Actor kNormalForward 2199023255567
I1014 10:19:46.200610 40221 runtime_context.cpp:29] DecreaseCounter constructing_actor_cnt, current val is 308
I1014 10:19:46.200776 40213 naive_actor.cpp:25] actor 1099614388267 switch to &NaiveActor::HandlerNormal
I1014 10:19:46.200825 40213 thread.cpp:96] Thread 524337 construct Actor kDeviceTick 1099614388267
I1014 10:19:46.200894 40213 runtime_context.cpp:29] DecreaseCounter constructing_actor_cnt, current val is 307
I1014 10:19:46.200950 40221 naive_actor.cpp:25] actor 2199023255583 switch to &NaiveActor::HandlerNormal
I1014 10:19:46.201000 40221 thread.cpp:96] Thread 1048576 construct Actor kNormalForward 2199023255583
I1014 10:19:46.201184 40221 runtime_context.cpp:29] DecreaseCounter constructing_actor_cnt, current val is 306
I1014 10:19:46.201268 40213 naive_actor.cpp:25] actor 1099614388272 switch to &NaiveActor::HandlerNormal
I1014 10:19:46.201318 40213 thread.cpp:96] Thread 524337 construct Actor kDstSubsetTick 1099614388272
I1014 10:19:46.201391 40213 runtime_context.cpp:29] DecreaseCounter constructing_actor_cnt, current val is 305
I1014 10:19:46.201535 40221 naive_actor.cpp:25] actor 2199023255571 switch to &NaiveActor::HandlerNormal
I1014 10:19:46.201592 40221 thread.cpp:96] Thread 1048576 construct Actor kNormalForward 2199023255571
I1014 10:19:46.201668 40221 runtime_context.cpp:29] DecreaseCounter constructing_actor_cnt, current val is 304
I1014 10:19:46.201732 40213 naive_actor.cpp:25] actor 1099614388268 switch to &NaiveActor::HandlerNormal
I1014 10:19:46.201779 40213 thread.cpp:96] Thread 524337 construct Actor kSrcSubsetTick 1099614388268
I1014 10:19:46.201844 40213 runtime_context.cpp:29] DecreaseCounter constructing_actor_cnt, current val is 303
I1014 10:19:46.202138 40213 naive_actor.cpp:25] actor 1099614388271 switch to &NaiveActor::HandlerNormal
I1014 10:19:46.202184 40213 thread.cpp:96] Thread 524337 construct Actor kTick 1099614388271
I1014 10:19:46.202250 40213 runtime_context.cpp:29] DecreaseCounter constructing_actor_cnt, current val is 302
I1014 10:19:46.202479 40221 naive_actor.cpp:25] actor 2199023255580 switch to &NaiveActor::HandlerNormal
I1014 10:19:46.202530 40221 thread.cpp:96] Thread 1048576 construct Actor kNormalForward 2199023255580
I1014 10:19:46.202545 40213 naive_actor.cpp:25] actor 1099614388277 switch to &NaiveActor::HandlerNormal
I1014 10:19:46.202605 40213 thread.cpp:96] Thread 524337 construct Actor kSrcSubsetTick 1099614388277
I1014 10:19:46.202611 40221 runtime_context.cpp:29] DecreaseCounter constructing_actor_cnt, current val is 301
I1014 10:19:46.202673 40213 runtime_context.cpp:29] DecreaseCounter constructing_actor_cnt, current val is 300
I1014 10:19:46.202970 40213 naive_actor.cpp:25] actor 1099614388281 switch to &NaiveActor::HandlerNormal
I1014 10:19:46.203017 40213 thread.cpp:96] Thread 524337 construct Actor kTick 1099614388281
I1014 10:19:46.203302 40213 runtime_context.cpp:29] DecreaseCounter constructing_actor_cnt, current val is 299
I1014 10:19:46.203617 40213 naive_actor.cpp:25] actor 1099614388318 switch to &NaiveActor::HandlerNormal
I1014 10:19:46.203626 40221 naive_actor.cpp:25] actor 2199023255576 switch to &NaiveActor::HandlerNormal
I1014 10:19:46.203668 40213 thread.cpp:96] Thread 524337 construct Actor kTick 1099614388318
I1014 10:19:46.203709 40221 thread.cpp:96] Thread 1048576 construct Actor kNormalForward 2199023255576
I1014 10:19:46.203776 40213 runtime_context.cpp:29] DecreaseCounter constructing_actor_cnt, current val is 298
I1014 10:19:46.203825 40221 runtime_context.cpp:29] DecreaseCounter constructing_actor_cnt, current val is 297
I1014 10:19:46.204075 40213 naive_actor.cpp:25] actor 1099614388279 switch to &NaiveActor::HandlerNormal
I1014 10:19:46.204123 40213 thread.cpp:96] Thread 524337 construct Actor kTick 1099614388279
I1014 10:19:46.204149 40221 naive_actor.cpp:25] actor 2199023255553 switch to &NaiveActor::HandlerNormal
I1014 10:19:46.204190 40213 runtime_context.cpp:29] DecreaseCounter constructing_actor_cnt, current val is 296
I1014 10:19:46.204195 40221 thread.cpp:96] Thread 1048576 construct Actor kNormalForward 2199023255553
I1014 10:19:46.204304 40221 runtime_context.cpp:29] DecreaseCounter constructing_actor_cnt, current val is 295
I1014 10:19:46.204514 40213 naive_actor.cpp:25] actor 1099614388274 switch to &NaiveActor::HandlerNormal
I1014 10:19:46.204560 40213 thread.cpp:96] Thread 524337 construct Actor kTick 1099614388274
I1014 10:19:46.204638 40213 runtime_context.cpp:29] DecreaseCounter constructing_actor_cnt, current val is 294
I1014 10:19:46.204929 40213 naive_actor.cpp:25] actor 1099614388282 switch to &NaiveActor::HandlerNormal
I1014 10:19:46.204977 40213 thread.cpp:96] Thread 524337 construct Actor kTick 1099614388282
I1014 10:19:46.205116 40213 runtime_context.cpp:29] DecreaseCounter constructing_actor_cnt, current val is 293
I1014 10:19:46.205204 40221 naive_actor.cpp:25] actor 2199023255572 switch to &NaiveActor::HandlerNormal
I1014 10:19:46.205250 40221 thread.cpp:96] Thread 1048576 construct Actor kNormalForward 2199023255572
I1014 10:19:46.205332 40221 runtime_context.cpp:29] DecreaseCounter constructing_actor_cnt, current val is 292
I1014 10:19:46.205493 40213 naive_actor.cpp:25] actor 1099614388280 switch to &NaiveActor::HandlerNormal
I1014 10:19:46.205549 40213 thread.cpp:96] Thread 524337 construct Actor kDstSubsetTick 1099614388280
I1014 10:19:46.205636 40213 runtime_context.cpp:29] DecreaseCounter constructing_actor_cnt, current val is 291
I1014 10:19:46.205973 40213 naive_actor.cpp:25] actor 1099614388275 switch to &NaiveActor::HandlerNormal
I1014 10:19:46.206020 40213 thread.cpp:96] Thread 524337 construct Actor kTick 1099614388275
I1014 10:19:46.206094 40213 runtime_context.cpp:29] DecreaseCounter constructing_actor_cnt, current val is 290
I1014 10:19:46.206249 40221 naive_actor.cpp:25] actor 2199023255591 switch to &NaiveActor::HandlerNormal
I1014 10:19:46.206297 40221 thread.cpp:96] Thread 1048576 construct Actor kNormalForward 2199023255591
I1014 10:19:46.206379 40221 runtime_context.cpp:29] DecreaseCounter constructing_actor_cnt, current val is 289
I1014 10:19:46.206395 40213 naive_actor.cpp:25] actor 1099614388286 switch to &NaiveActor::HandlerNormal
I1014 10:19:46.206462 40213 thread.cpp:96] Thread 524337 construct Actor kTick 1099614388286
I1014 10:19:46.206532 40213 runtime_context.cpp:29] DecreaseCounter constructing_actor_cnt, current val is 288
I1014 10:19:46.206816 40213 naive_actor.cpp:25] actor 1099614388296 switch to &NaiveActor::HandlerNormal
I1014 10:19:46.206861 40213 thread.cpp:96] Thread 524337 construct Actor kTick 1099614388296
I1014 10:19:46.206930 40213 runtime_context.cpp:29] DecreaseCounter constructing_actor_cnt, current val is 287
I1014 10:19:46.207242 40221 naive_actor.cpp:25] actor 2199023255582 switch to &NaiveActor::HandlerNormal
I1014 10:19:46.207300 40221 thread.cpp:96] Thread 1048576 construct Actor kNormalForward 2199023255582
I1014 10:19:46.207300 40213 reentrant_lock_actor.cpp:76] actor 1099614388283 switch to &ReentrantLockActor::HandlerNormal
I1014 10:19:46.207374 40213 thread.cpp:96] Thread 524337 construct Actor kReentrantLock 1099614388283
I1014 10:19:46.207389 40221 runtime_context.cpp:29] DecreaseCounter constructing_actor_cnt, current val is 286
I1014 10:19:46.207444 40213 runtime_context.cpp:29] DecreaseCounter constructing_actor_cnt, current val is 285
I1014 10:19:46.207753 40213 naive_actor.cpp:25] actor 1099614388297 switch to &NaiveActor::HandlerNormal
I1014 10:19:46.207800 40213 thread.cpp:96] Thread 524337 construct Actor kTick 1099614388297
I1014 10:19:46.207866 40213 runtime_context.cpp:29] DecreaseCounter constructing_actor_cnt, current val is 284
I1014 10:19:46.208186 40213 naive_actor.cpp:25] actor 1099614388287 switch to &NaiveActor::HandlerNormal
I1014 10:19:46.208238 40221 naive_actor.cpp:25] actor 2199023255560 switch to &NaiveActor::HandlerNormal
I1014 10:19:46.208241 40213 thread.cpp:96] Thread 524337 construct Actor kTick 1099614388287
I1014 10:19:46.208292 40221 thread.cpp:96] Thread 1048576 construct Actor kNormalForward 2199023255560
I1014 10:19:46.208353 40213 runtime_context.cpp:29] DecreaseCounter constructing_actor_cnt, current val is 283
I1014 10:19:46.208396 40221 runtime_context.cpp:29] DecreaseCounter constructing_actor_cnt, current val is 282
I1014 10:19:46.208662 40213 naive_actor.cpp:25] actor 1099614388285 switch to &NaiveActor::HandlerNormal
I1014 10:19:46.208709 40213 thread.cpp:96] Thread 524337 construct Actor kTick 1099614388285
I1014 10:19:46.208775 40213 runtime_context.cpp:29] DecreaseCounter constructing_actor_cnt, current val is 281
I1014 10:19:46.209055 40213 naive_actor.cpp:25] actor 1099614388288 switch to &NaiveActor::HandlerNormal
I1014 10:19:46.209102 40213 thread.cpp:96] Thread 524337 construct Actor kTick 1099614388288
I1014 10:19:46.209254 40221 naive_actor.cpp:25] actor 2199023255561 switch to &NaiveActor::HandlerNormal
I1014 10:19:46.209283 40213 runtime_context.cpp:29] DecreaseCounter constructing_actor_cnt, current val is 280
I1014 10:19:46.209316 40221 thread.cpp:96] Thread 1048576 construct Actor kNormalForward 2199023255561
I1014 10:19:46.209435 40221 runtime_context.cpp:29] DecreaseCounter constructing_actor_cnt, current val is 279
I1014 10:19:46.209648 40213 naive_actor.cpp:25] actor 1099614388290 switch to &NaiveActor::HandlerNormal
I1014 10:19:46.209697 40213 thread.cpp:96] Thread 524337 construct Actor kTick 1099614388290
I1014 10:19:46.209761 40213 runtime_context.cpp:29] DecreaseCounter constructing_actor_cnt, current val is 278
