Log file created at: 2021/10/12 16:10:39
Running on machine: oneflow-14
Log line format: [IWEF]mmdd hh:mm:ss.uuuuuu threadid file:line] msg
I1012 16:10:39.509358  2120 global.h:36] NewGlobal 14cudaDeviceProp
I1012 16:10:39.510538  2120 global.h:36] NewGlobal N7oneflow7EnvDescE
I1012 16:10:39.510568  2120 global.h:36] NewGlobal N7oneflow10ProcessCtxE
I1012 16:10:39.510581  2120 env_global_objects_scope.cpp:152] using rpc backend: local
I1012 16:10:39.510736  2120 global.h:36] NewGlobal N7oneflow12ResourceDescE
I1012 16:10:39.510756  2120 global.h:36] NewGlobal N7oneflow12ResourceDescE
I1012 16:10:39.673955  2120 global.h:36] NewGlobal N7oneflow10ThreadPoolE
I1012 16:10:39.675351  2120 global.h:36] NewGlobal N7oneflow16EagerNcclCommMgrE
I1012 16:10:39.675387  2120 global.h:36] NewGlobal N7oneflow18CudnnConvAlgoCacheE
I1012 16:10:39.675400  2120 global.h:36] NewGlobal N7oneflow2vm19VirtualMachineScopeE
I1012 16:10:39.675410  2120 global.h:36] NewGlobal N7oneflow9OneflowVME
I1012 16:10:39.676280  2120 oneflow_vm.cpp:75] transport stream type: N7oneflow2vm13CpuStreamTypeE
I1012 16:10:39.676306  2120 oneflow_vm.cpp:75] transport stream type: N7oneflow2vm14CudaStreamTypeE
I1012 16:10:39.676318  2120 oneflow_vm.cpp:75] transport stream type: N7oneflow2vm19AsyncCudaStreamTypeE
I1012 16:10:39.676489  2120 global.h:36] NewGlobal N7oneflow27EagerJobBuildAndInferCtxMgrE
I1012 16:10:39.676509  2120 global.h:36] NewGlobal N7oneflow12EpollCommNetE
I1012 16:10:39.676689  2120 epoll_comm_network.cpp:63] CommNet:Epoll listening on 0.0.0.0:39502
I1012 16:10:39.676738  2120 epoll_comm_network.cpp:197] machine 0 sockfd -1
I1012 16:10:39.676865  2120 global.h:36] NewGlobal N7oneflow9TransportE
I1012 16:10:39.678485  2120 global.h:43] DeleteGlobal N7oneflow12ResourceDescE
I1012 16:10:39.678519  2120 version.cpp:22] OneFlow git version: b295ca2324
I1012 16:10:39.678539  2120 device_register_gpu.cpp:56] CUDA runtime version: 11.2
I1012 16:10:39.678563  2120 device_register_gpu.cpp:65] cuDNN version: 8.1.1
I1012 16:10:39.678577  2120 device_register_gpu.cpp:78] NCCL version: 2.9.8
I1012 16:10:39.678588  2120 global.h:36] NewGlobal N7oneflow12ResourceDescE
I1012 16:10:39.678599  2120 global.h:36] NewGlobal N7oneflow5IDMgrE
I1012 16:10:39.678609  2120 global.h:36] NewGlobal N7oneflow16AvailableMemDescE
I1012 16:10:39.678637  2120 global.h:36] NewGlobal St13unordered_mapISslSt4hashISsESt8equal_toISsESaISt4pairIKSslEEE
I1012 16:10:39.678647  2120 global.h:36] NewGlobal N7oneflow19CriticalSectionDescE
I1012 16:10:39.678655  2120 global.h:36] NewGlobal N7oneflow16InterUserJobInfoE
I1012 16:10:39.678665  2120 global.h:36] NewGlobal N7oneflow26LazyJobBuildAndInferCtxMgrE
I1012 16:10:39.678675  2120 global.h:36] NewGlobal N7oneflow16JobSetCompileCtxE
I1012 16:10:39.678684  2120 global.h:36] NewGlobal N7oneflow26RuntimeBufferManagersScopeE
I1012 16:10:39.678694  2120 global.h:36] NewGlobal N7oneflow9BufferMgrIlEE
I1012 16:10:39.678701  2120 global.h:36] NewGlobal N7oneflow9BufferMgrISt10shared_ptrINS_11JobInstanceEEEE
I1012 16:10:39.678710  2120 global.h:36] NewGlobal N7oneflow10RuntimeCtxE
I1012 16:10:39.678717  2120 global.h:36] NewGlobal N7oneflow15MemoryAllocatorE
I1012 16:10:39.678726  2120 global.h:36] NewGlobal N7oneflow8ChunkMgrE
I1012 16:10:39.678735  2120 global.h:36] NewGlobal N7oneflow8RegstMgrE
I1012 16:10:39.678742  2120 global.h:36] NewGlobal N7oneflow11ActorMsgBusE
I1012 16:10:39.678750  2120 global.h:36] NewGlobal N7oneflow9ThreadMgrE
I1012 16:10:39.678759  2120 global.h:36] NewGlobal N7oneflow15RuntimeJobDescsE
I1012 16:10:39.678767  2120 global.h:36] NewGlobal N7oneflow7summary12EventsWriterE
I1012 16:10:39.678778  2120 global.h:36] NewGlobal N7oneflow6boxing10collective24CollectiveBoxingExecutorE
I1012 16:10:39.678788  2120 global.h:36] NewGlobal N7oneflow6boxing10collective31CollectiveBoxingDeviceCtxPollerE
I1012 16:10:39.678926  2120 session.h:77] NewGlobal N7oneflow25SessionGlobalObjectsScopeE
I1012 16:10:39.679800  2120 global.h:36] NewGlobal N7oneflow7JobDescE
I1012 16:10:40.735949  2120 global.h:43] DeleteGlobal N7oneflow7JobDescE
I1012 16:10:40.736364  2120 global.h:36] NewGlobal N7oneflow7JobDescE
I1012 16:10:40.743639  2120 global.h:36] NewGlobal N7oneflow7OpGraphE
I1012 16:10:40.759263  2120 global.h:43] DeleteGlobal N7oneflow7OpGraphE
I1012 16:10:41.496834  2120 global.h:43] DeleteGlobal N7oneflow7JobDescE
I1012 16:10:41.538311  2120 global.h:36] NewGlobal N7oneflow24InterJobReuseMemStrategyE
I1012 16:10:41.538480  2120 global.h:36] NewGlobal N7oneflow7OneflowE
I1012 16:10:41.565119  2120 global.h:36] NewGlobal N7oneflow7JobDescE
I1012 16:10:42.175200  2120 insert_nccl_logical_op_pass.cpp:663]  Try insert nccl logical ops into job: train_job. Begin...
I1012 16:10:42.177078  2120 insert_nccl_logical_op_pass.cpp:432]  insert nccl op: System-NCCL-Logical-S2B-114 from: [IdentityN_5](order=0, nd_sbp=[S(0)])->[ParallelCast_6](order=2, nd_sbp=[B]) and before: [System-Boxing-Identity-93](order=1)
I1012 16:10:42.177295  2120 insert_nccl_logical_op_pass.cpp:432]  insert nccl op: System-NCCL-Logical-S2B-115 from: [IdentityN_5](order=0, nd_sbp=[S(0)])->[ParallelCast_11](order=3, nd_sbp=[B]) and before: [System-Boxing-Identity-93](order=1)
I1012 16:10:42.177609  2120 insert_nccl_logical_op_pass.cpp:432]  insert nccl op: System-NCCL-Logical-S2S-116 from: [Gather_12](order=5, nd_sbp=[S(2)])->[Reshape_14](order=7, nd_sbp=[S(0)]) and before: [Reshape_8](order=6)
I1012 16:10:42.177856  2120 insert_nccl_logical_op_pass.cpp:432]  insert nccl op: System-NCCL-Logical-P2S-117 from: [ReduceSum_9](order=8, nd_sbp=[P])->[AddN_23](order=47, nd_sbp=[S(0)]) and before: [Concat_15](order=9)
I1012 16:10:42.178997  2120 insert_nccl_logical_op_pass.cpp:432]  insert nccl op: System-NCCL-Logical-S2B-118 from: [SigmoidCrossEntropy_24_grad](order=51, nd_sbp=[S(0)])->[ReduceSum_9_grad](order=56, nd_sbp=[B]) and before: [ScalarMul_26](order=52)
I1012 16:10:42.179215  2120 insert_nccl_logical_op_pass.cpp:432]  insert nccl op: System-NCCL-Logical-P2B-119 from: [deep_scores-matmul_grad_b](order=53, nd_sbp=[P])->[System-ModelDiffScale-ScalarMul_66](order=57, nd_sbp=[B]) and before: [deep_scores-matmul_grad_a](order=54)
I1012 16:10:42.179404  2120 insert_nccl_logical_op_pass.cpp:432]  insert nccl op: System-NCCL-Logical-P2B-120 from: [deep_scores-bias_add_grad](order=55, nd_sbp=[P])->[System-ModelDiffScale-ScalarMul_78](order=60, nd_sbp=[B]) and before: [ReduceSum_9_grad](order=56)
I1012 16:10:42.179708  2120 insert_nccl_logical_op_pass.cpp:432]  insert nccl op: System-NCCL-Logical-P2B-121 from: [fc6-matmul_grad_b](order=65, nd_sbp=[P])->[System-ModelDiffScale-ScalarMul_70](order=69, nd_sbp=[B]) and before: [fc6-bias_add_grad](order=66)
I1012 16:10:42.179893  2120 insert_nccl_logical_op_pass.cpp:432]  insert nccl op: System-NCCL-Logical-P2B-122 from: [fc6-bias_add_grad](order=66, nd_sbp=[P])->[System-ModelDiffScale-ScalarMul_69](order=70, nd_sbp=[B]) and before: [fc6-matmul_grad_a](order=67)
I1012 16:10:42.180184  2120 insert_nccl_logical_op_pass.cpp:432]  insert nccl op: System-NCCL-Logical-P2B-123 from: [fc5-matmul_grad_b](order=76, nd_sbp=[P])->[System-ModelDiffScale-ScalarMul_68](order=79, nd_sbp=[B]) and before: [fc5-bias_add_grad](order=77)
I1012 16:10:42.180363  2120 insert_nccl_logical_op_pass.cpp:432]  insert nccl op: System-NCCL-Logical-P2B-124 from: [fc5-bias_add_grad](order=77, nd_sbp=[P])->[System-ModelDiffScale-ScalarMul_71](order=80, nd_sbp=[B]) and before: [fc5-matmul_grad_a](order=78)
I1012 16:10:42.180644  2120 insert_nccl_logical_op_pass.cpp:432]  insert nccl op: System-NCCL-Logical-P2B-125 from: [fc4-matmul_grad_b](order=85, nd_sbp=[P])->[System-ModelDiffScale-ScalarMul_74](order=88, nd_sbp=[B]) and before: [fc4-bias_add_grad](order=86)
I1012 16:10:42.180822  2120 insert_nccl_logical_op_pass.cpp:432]  insert nccl op: System-NCCL-Logical-P2B-126 from: [fc4-bias_add_grad](order=86, nd_sbp=[P])->[System-ModelDiffScale-ScalarMul_79](order=89, nd_sbp=[B]) and before: [fc4-matmul_grad_a](order=87)
I1012 16:10:42.181087  2120 insert_nccl_logical_op_pass.cpp:432]  insert nccl op: System-NCCL-Logical-P2B-127 from: [fc3-matmul_grad_b](order=94, nd_sbp=[P])->[System-ModelDiffScale-ScalarMul_67](order=97, nd_sbp=[B]) and before: [fc3-bias_add_grad](order=95)
I1012 16:10:42.181483  2120 insert_nccl_logical_op_pass.cpp:432]  insert nccl op: System-NCCL-Logical-P2B-128 from: [fc3-bias_add_grad](order=95, nd_sbp=[P])->[System-ModelDiffScale-ScalarMul_82](order=98, nd_sbp=[B]) and before: [fc3-matmul_grad_a](order=96)
I1012 16:10:42.181761  2120 insert_nccl_logical_op_pass.cpp:432]  insert nccl op: System-NCCL-Logical-P2B-129 from: [fc2-matmul_grad_b](order=103, nd_sbp=[P])->[System-ModelDiffScale-ScalarMul_77](order=106, nd_sbp=[B]) and before: [fc2-bias_add_grad](order=104)
I1012 16:10:42.181936  2120 insert_nccl_logical_op_pass.cpp:432]  insert nccl op: System-NCCL-Logical-P2B-130 from: [fc2-bias_add_grad](order=104, nd_sbp=[P])->[System-ModelDiffScale-ScalarMul_73](order=107, nd_sbp=[B]) and before: [fc2-matmul_grad_a](order=105)
I1012 16:10:42.182209  2120 insert_nccl_logical_op_pass.cpp:432]  insert nccl op: System-NCCL-Logical-P2B-131 from: [fc1-bias_add_grad](order=112, nd_sbp=[P])->[System-ModelDiffScale-ScalarMul_65](order=115, nd_sbp=[B]) and before: [fc1-matmul_grad_b](order=113)
I1012 16:10:42.182379  2120 insert_nccl_logical_op_pass.cpp:432]  insert nccl op: System-NCCL-Logical-P2B-132 from: [fc1-matmul_grad_b](order=113, nd_sbp=[P])->[System-ModelDiffScale-ScalarMul_81](order=116, nd_sbp=[B]) and before: [fc1-matmul_grad_a](order=114)
I1012 16:10:42.182654  2120 insert_nccl_logical_op_pass.cpp:432]  insert nccl op: System-NCCL-Logical-P2B-133 from: [fc0-bias_add_grad](order=121, nd_sbp=[P])->[System-ModelDiffScale-ScalarMul_72](order=124, nd_sbp=[B]) and before: [fc0-matmul_grad_b](order=122)
I1012 16:10:42.182821  2120 insert_nccl_logical_op_pass.cpp:432]  insert nccl op: System-NCCL-Logical-P2B-134 from: [fc0-matmul_grad_b](order=122, nd_sbp=[P])->[System-ModelDiffScale-ScalarMul_75](order=125, nd_sbp=[B]) and before: [fc0-matmul_grad_a](order=123)
I1012 16:10:42.183085  2120 insert_nccl_logical_op_pass.cpp:432]  insert nccl op: System-NCCL-Logical-S2S-135 from: [Reshape_14_grad](order=129, nd_sbp=[S(0)])->[Gather_12_grad](order=130, nd_sbp=[S(2)]) and before: [Gather_12_grad](order=130)
I1012 16:10:42.183234  2120 insert_nccl_logical_op_pass.cpp:699]  Try insert nccl logical ops into job: train_job. ...End

I1012 16:10:42.346443  2120 global.h:36] NewGlobal N7oneflow7OpGraphE
I1012 16:10:42.597702  2120 global.h:43] DeleteGlobal N7oneflow7OpGraphE
I1012 16:10:42.624820  2120 oneflow.cpp:210] 
job_id: 0 , job_name: train_job , compile time: 1.05946 seconds.
I1012 16:10:42.825520  2120 global.h:43] DeleteGlobal N7oneflow7JobDescE
I1012 16:10:42.826838  2120 global.h:36] NewGlobal N7oneflow7JobDescE
I1012 16:10:42.950098  2120 global.h:36] NewGlobal N7oneflow7OpGraphE
I1012 16:10:42.988552  2120 global.h:43] DeleteGlobal N7oneflow7OpGraphE
I1012 16:10:42.994220  2120 oneflow.cpp:210] 
job_id: 1 , job_name: System-ModelInit , compile time: 0.165052 seconds.
I1012 16:10:43.026659  2120 global.h:43] DeleteGlobal N7oneflow7JobDescE
I1012 16:10:43.026850  2120 global.h:36] NewGlobal N7oneflow7JobDescE
I1012 16:10:43.120723  2120 global.h:36] NewGlobal N7oneflow7OpGraphE
I1012 16:10:43.165927  2120 global.h:43] DeleteGlobal N7oneflow7OpGraphE
I1012 16:10:43.174234  2120 oneflow.cpp:210] 
job_id: 2 , job_name: System-ModelLoad , compile time: 0.147306 seconds.
I1012 16:10:43.206408  2120 global.h:43] DeleteGlobal N7oneflow7JobDescE
I1012 16:10:43.206696  2120 global.h:36] NewGlobal N7oneflow7JobDescE
I1012 16:10:43.299621  2120 global.h:36] NewGlobal N7oneflow7OpGraphE
I1012 16:10:43.352033  2120 global.h:43] DeleteGlobal N7oneflow7OpGraphE
I1012 16:10:43.361384  2120 oneflow.cpp:210] 
job_id: 3 , job_name: System-ModelSave , compile time: 0.154604 seconds.
I1012 16:10:43.430229  2120 global.h:43] DeleteGlobal N7oneflow7JobDescE
I1012 16:10:43.430410  2120 global.h:36] NewGlobal N7oneflow7JobDescE
I1012 16:10:43.462568  2120 global.h:36] NewGlobal N7oneflow7OpGraphE
I1012 16:10:43.489153  2120 global.h:43] DeleteGlobal N7oneflow7OpGraphE
I1012 16:10:43.491434  2120 oneflow.cpp:210] 
job_id: 4 , job_name: System-Pull-Return_27 , compile time: 0.0609272 seconds.
I1012 16:10:43.499821  2120 global.h:43] DeleteGlobal N7oneflow7JobDescE
I1012 16:10:43.514364  2120 global.h:36] NewGlobal N7oneflow7JobDescE
I1012 16:10:43.514575  2120 global.h:36] NewGlobal N7oneflow7OpGraphE
I1012 16:10:43.541363  2120 global.h:43] DeleteGlobal N7oneflow7OpGraphE
I1012 16:10:43.545047  2120 oneflow.cpp:210] 
job_id: 5 , job_name: MainJob-unamed , compile time: 0.0304996 seconds.
I1012 16:10:43.573454  2120 global.h:43] DeleteGlobal N7oneflow7JobDescE
I1012 16:10:43.597705  2120 plan_util.cpp:928]  Plan: merged_plan needs to allocate [ 724.646 MiB ] device memory in Rank: 0 , Device: 1
I1012 16:10:43.610469  2120 plan_util.cpp:928]  Plan: merged_plan needs to allocate [ 724.647 MiB ] device memory in Rank: 0 , Device: 0
I1012 16:10:43.989827  2120 oneflow.cpp:998]  PushPlan merged_plan time: 0.0383764 seconds.
I1012 16:10:44.104817  2120 oneflow.cpp:1014]  PullPlan merged_plan time: 0.101361 seconds.
I1012 16:10:51.441128  2120 runtime_context.cpp:21] NewCounter constructing_actor_cnt 781
I1012 16:10:51.442723  3161 naive_actor.cpp:25] actor 1099614388230 switch to &NaiveActor::HandlerNormal
I1012 16:10:51.442749  3198 naive_actor.cpp:25] actor 2199023255722 switch to &NaiveActor::HandlerNormal
I1012 16:10:51.442834  3161 thread.cpp:96] Thread 524337 construct Actor kDeviceTick 1099614388230
I1012 16:10:51.442840  3162 wait_and_send_ids_actor.cpp:53] actor 1099616485376 switch to &WaitAndSendIdsActor::HandlerWaitToStart
I1012 16:10:51.442947  3198 thread.cpp:96] Thread 1048576 construct Actor kDeviceTick 2199023255722
I1012 16:10:51.443081  3161 runtime_context.cpp:29] DecreaseCounter constructing_actor_cnt, current val is 780
I1012 16:10:51.443111  3162 thread.cpp:96] Thread 524338 construct Actor kWaitAndSendIds 1099616485376
I1012 16:10:51.443280  3198 runtime_context.cpp:29] DecreaseCounter constructing_actor_cnt, current val is 779
I1012 16:10:51.443368  3162 runtime_context.cpp:29] DecreaseCounter constructing_actor_cnt, current val is 778
I1012 16:10:51.443439  3161 naive_actor.cpp:25] actor 1099614388231 switch to &NaiveActor::HandlerNormal
I1012 16:10:51.443536  3161 thread.cpp:96] Thread 524337 construct Actor kDeviceTick 1099614388231
I1012 16:10:51.443615  3198 naive_actor.cpp:25] actor 2199023255783 switch to &NaiveActor::HandlerNormal
I1012 16:10:51.443631  3161 runtime_context.cpp:29] DecreaseCounter constructing_actor_cnt, current val is 777
I1012 16:10:51.443691  3198 thread.cpp:96] Thread 1048576 construct Actor kDeviceTick 2199023255783
I1012 16:10:51.443895  3198 runtime_context.cpp:29] DecreaseCounter constructing_actor_cnt, current val is 776
I1012 16:10:51.443960  3161 naive_actor.cpp:25] actor 1099614388232 switch to &NaiveActor::HandlerNormal
I1012 16:10:51.444023  3161 thread.cpp:96] Thread 524337 construct Actor kDeviceTick 1099614388232
I1012 16:10:51.444124  3161 runtime_context.cpp:29] DecreaseCounter constructing_actor_cnt, current val is 775
I1012 16:10:51.444186  3198 naive_actor.cpp:25] actor 2199023255822 switch to &NaiveActor::HandlerNormal
I1012 16:10:51.444262  3198 thread.cpp:96] Thread 1048576 construct Actor kDeviceTick 2199023255822
I1012 16:10:51.444367  3161 naive_actor.cpp:25] actor 1099614388241 switch to &NaiveActor::HandlerNormal
I1012 16:10:51.444378  3198 runtime_context.cpp:29] DecreaseCounter constructing_actor_cnt, current val is 774
I1012 16:10:51.444450  3161 thread.cpp:96] Thread 524337 construct Actor kDeviceTick 1099614388241
I1012 16:10:51.444622  3161 runtime_context.cpp:29] DecreaseCounter constructing_actor_cnt, current val is 773
I1012 16:10:51.444716  3198 naive_actor.cpp:25] actor 2199023255861 switch to &NaiveActor::HandlerNormal
I1012 16:10:51.444802  3198 thread.cpp:96] Thread 1048576 construct Actor kDeviceTick 2199023255861
I1012 16:10:51.444861  3161 naive_actor.cpp:25] actor 1099614388240 switch to &NaiveActor::HandlerNormal
I1012 16:10:51.444898  3198 runtime_context.cpp:29] DecreaseCounter constructing_actor_cnt, current val is 772
I1012 16:10:51.444926  3161 thread.cpp:96] Thread 524337 construct Actor kDeviceTick 1099614388240
I1012 16:10:51.445315  3161 runtime_context.cpp:29] DecreaseCounter constructing_actor_cnt, current val is 771
I1012 16:10:51.445593  3161 naive_actor.cpp:25] actor 1099614388251 switch to &NaiveActor::HandlerNormal
I1012 16:10:51.445675  3161 thread.cpp:96] Thread 524337 construct Actor kDeviceTick 1099614388251
I1012 16:10:51.445767  3161 runtime_context.cpp:29] DecreaseCounter constructing_actor_cnt, current val is 770
I1012 16:10:51.445991  3161 naive_actor.cpp:25] actor 1099614388260 switch to &NaiveActor::HandlerNormal
I1012 16:10:51.446072  3161 thread.cpp:96] Thread 524337 construct Actor kDeviceTick 1099614388260
I1012 16:10:51.446204  3161 runtime_context.cpp:29] DecreaseCounter constructing_actor_cnt, current val is 769
I1012 16:10:51.446453  3161 naive_actor.cpp:25] actor 1099614388269 switch to &NaiveActor::HandlerNormal
I1012 16:10:51.446527  3161 thread.cpp:96] Thread 524337 construct Actor kDeviceTick 1099614388269
I1012 16:10:51.446607  3161 runtime_context.cpp:29] DecreaseCounter constructing_actor_cnt, current val is 768
I1012 16:10:51.446854  3161 naive_actor.cpp:25] actor 1099614388287 switch to &NaiveActor::HandlerNormal
I1012 16:10:51.446933  3161 thread.cpp:96] Thread 524337 construct Actor kDeviceTick 1099614388287
I1012 16:10:51.447024  3161 runtime_context.cpp:29] DecreaseCounter constructing_actor_cnt, current val is 767
I1012 16:10:51.447247  3161 naive_actor.cpp:25] actor 1099614388289 switch to &NaiveActor::HandlerNormal
I1012 16:10:51.447324  3161 thread.cpp:96] Thread 524337 construct Actor kDeviceTick 1099614388289
I1012 16:10:51.447410  3161 runtime_context.cpp:29] DecreaseCounter constructing_actor_cnt, current val is 766
I1012 16:10:51.447647  3161 naive_actor.cpp:25] actor 1099614388278 switch to &NaiveActor::HandlerNormal
I1012 16:10:51.447724  3161 thread.cpp:96] Thread 524337 construct Actor kDeviceTick 1099614388278
I1012 16:10:51.447803  3161 runtime_context.cpp:29] DecreaseCounter constructing_actor_cnt, current val is 765
I1012 16:10:51.448045  3161 naive_actor.cpp:25] actor 1099614388286 switch to &NaiveActor::HandlerNormal
I1012 16:10:51.448124  3161 thread.cpp:96] Thread 524337 construct Actor kDeviceTick 1099614388286
I1012 16:10:51.448204  3161 runtime_context.cpp:29] DecreaseCounter constructing_actor_cnt, current val is 764
I1012 16:10:51.449939  3237 naive_actor.cpp:25] actor 2207613190314 switch to &NaiveActor::HandlerNormal
I1012 16:10:51.450049  3237 thread.cpp:96] Thread 1052672 construct Actor kDeviceTick 2207613190314
I1012 16:10:51.450155  3237 runtime_context.cpp:29] DecreaseCounter constructing_actor_cnt, current val is 763
I1012 16:10:51.450438  3237 naive_actor.cpp:25] actor 2207613190375 switch to &NaiveActor::HandlerNormal
I1012 16:10:51.450516  3237 thread.cpp:96] Thread 1052672 construct Actor kDeviceTick 2207613190375
I1012 16:10:51.450608  3237 runtime_context.cpp:29] DecreaseCounter constructing_actor_cnt, current val is 762
I1012 16:10:51.450884  3237 naive_actor.cpp:25] actor 2207613190414 switch to &NaiveActor::HandlerNormal
I1012 16:10:51.450958  3237 thread.cpp:96] Thread 1052672 construct Actor kDeviceTick 2207613190414
I1012 16:10:51.451056  3237 runtime_context.cpp:29] DecreaseCounter constructing_actor_cnt, current val is 761
I1012 16:10:51.451332  3237 naive_actor.cpp:25] actor 2207613190453 switch to &NaiveActor::HandlerNormal
I1012 16:10:51.451414  3237 thread.cpp:96] Thread 1052672 construct Actor kDeviceTick 2207613190453
I1012 16:10:51.451522  3237 runtime_context.cpp:29] DecreaseCounter constructing_actor_cnt, current val is 760
I1012 16:10:51.498423  3120 naive_actor.cpp:25] actor 1099511627776 switch to &NaiveActor::HandlerNormal
I1012 16:10:51.498620  3120 thread.cpp:96] Thread 524288 construct Actor kNormalForward 1099511627776
I1012 16:10:51.498752  3120 runtime_context.cpp:29] DecreaseCounter constructing_actor_cnt, current val is 759
I1012 16:10:51.512179  3154 naive_actor.cpp:25] actor 1099580833792 switch to &NaiveActor::HandlerNormal
I1012 16:10:51.512269  3142 naive_actor.cpp:25] actor 1099555667968 switch to &NaiveActor::HandlerNormal
I1012 16:10:51.512338  3161 naive_actor.cpp:25] actor 1099614388317 switch to &NaiveActor::HandlerNormal
I1012 16:10:51.512634  3150 naive_actor.cpp:25] actor 1099572445184 switch to &NaiveActor::HandlerNormal
I1012 16:10:51.512358  3152 naive_actor.cpp:25] actor 1099576639488 switch to &NaiveActor::HandlerNormal
I1012 16:10:51.512358  3143 naive_actor.cpp:25] actor 1099557765120 switch to &NaiveActor::HandlerNormal
I1012 16:10:51.512434  3146 naive_actor.cpp:25] actor 1099564056576 switch to &NaiveActor::HandlerNormal
I1012 16:10:51.512444  3151 naive_actor.cpp:25] actor 1099574542336 switch to &NaiveActor::HandlerNormal
I1012 16:10:51.512480  3134 naive_actor.cpp:25] actor 1099538890752 switch to &NaiveActor::HandlerNormal
I1012 16:10:51.513103  3159 naive_actor.cpp:25] actor 1099589222400 switch to &NaiveActor::HandlerNormal
I1012 16:10:51.512516  3153 naive_actor.cpp:25] actor 1099578736640 switch to &NaiveActor::HandlerNormal
I1012 16:10:51.512573  3142 thread.cpp:96] Thread 524309 construct Actor kNormalForward 1099555667968
I1012 16:10:51.513311  3156 naive_actor.cpp:25] actor 1099582930944 switch to &NaiveActor::HandlerNormal
I1012 16:10:51.513389  3142 runtime_context.cpp:29] DecreaseCounter constructing_actor_cnt, current val is 758
I1012 16:10:51.513463  3157 naive_actor.cpp:25] actor 1099585028096 switch to &NaiveActor::HandlerNormal
I1012 16:10:51.512647  3161 thread.cpp:96] Thread 524337 construct Actor kTick 1099614388317
I1012 16:10:51.512701  3150 thread.cpp:96] Thread 524317 construct Actor kNormalForward 1099572445184
I1012 16:10:51.512746  3148 naive_actor.cpp:25] actor 1099568250880 switch to &NaiveActor::HandlerNormal
I1012 16:10:51.512753  3124 naive_actor.cpp:25] actor 1099520016384 switch to &NaiveActor::HandlerNormal
I1012 16:10:51.512800  3152 thread.cpp:96] Thread 524319 construct Actor kNormalForward 1099576639488
I1012 16:10:51.512883  3143 thread.cpp:96] Thread 524310 construct Actor kNormalForward 1099557765120
I1012 16:10:51.513960  3152 runtime_context.cpp:29] DecreaseCounter constructing_actor_cnt, current val is 755
I1012 16:10:51.514021  3143 runtime_context.cpp:29] DecreaseCounter constructing_actor_cnt, current val is 754
I1012 16:10:51.514084  3133 naive_actor.cpp:25] actor 1099536793600 switch to &NaiveActor::HandlerNormal
I1012 16:10:51.513046  3149 naive_actor.cpp:25] actor 1099570348032 switch to &NaiveActor::HandlerNormal
I1012 16:10:51.513090  3239 naive_actor.cpp:25] actor 2207615287299 switch to &NaiveActor::HandlerNormal
I1012 16:10:51.512490  3144 naive_actor.cpp:25] actor 1099559862272 switch to &NaiveActor::HandlerNormal
I1012 16:10:51.514353  3140 naive_actor.cpp:25] actor 1099551473664 switch to &NaiveActor::HandlerNormal
I1012 16:10:51.513154  3141 naive_actor.cpp:25] actor 1099553570816 switch to &NaiveActor::HandlerNormal
I1012 16:10:51.513182  3159 thread.cpp:96] Thread 524325 construct Actor kNormalForward 1099589222400
I1012 16:10:51.513253  3153 thread.cpp:96] Thread 524320 construct Actor kNormalForward 1099578736640
I1012 16:10:51.514638  3159 runtime_context.cpp:29] DecreaseCounter constructing_actor_cnt, current val is 753
I1012 16:10:51.514696  3153 runtime_context.cpp:29] DecreaseCounter constructing_actor_cnt, current val is 752
I1012 16:10:51.512373  3154 thread.cpp:96] Thread 524321 construct Actor kForeignInput 1099580833792
I1012 16:10:51.513399  3156 thread.cpp:96] Thread 524322 construct Actor kNormalForward 1099582930944
I1012 16:10:51.513415  3135 naive_actor.cpp:25] actor 1099540987904 switch to &NaiveActor::HandlerNormal
I1012 16:10:51.514981  3135 thread.cpp:96] Thread 524302 construct Actor kNormalForward 1099540987904
I1012 16:10:51.513447  3198 naive_actor.cpp:25] actor 2199023255563 switch to &NaiveActor::HandlerNormal
I1012 16:10:51.512640  3147 naive_actor.cpp:25] actor 1099566153728 switch to &NaiveActor::HandlerNormal
I1012 16:10:51.513475  3128 naive_actor.cpp:25] actor 1099528404992 switch to &NaiveActor::HandlerNormal
I1012 16:10:51.513561  3163 sink_actor.cpp:21] actor 1099618582528 switch to &SinkActor::HandlerNormal
I1012 16:10:51.513567  3157 thread.cpp:96] Thread 524323 construct Actor kNormalForward 1099585028096
I1012 16:10:51.513600  3200 naive_actor.cpp:25] actor 2199025352706 switch to &NaiveActor::HandlerNormal
I1012 16:10:51.513633  3126 naive_actor.cpp:25] actor 1099524210688 switch to &NaiveActor::HandlerNormal
I1012 16:10:51.513671  3130 naive_actor.cpp:25] actor 1099532599296 switch to &NaiveActor::HandlerNormal
I1012 16:10:51.513676  3161 runtime_context.cpp:29] DecreaseCounter constructing_actor_cnt, current val is 757
I1012 16:10:51.513726  3125 naive_actor.cpp:25] actor 1099522113536 switch to &NaiveActor::HandlerNormal
I1012 16:10:51.513731  3150 runtime_context.cpp:29] DecreaseCounter constructing_actor_cnt, current val is 756
I1012 16:10:51.513761  3148 thread.cpp:96] Thread 524315 construct Actor kForeignInput 1099568250880
I1012 16:10:51.513816  3124 thread.cpp:96] Thread 524292 construct Actor kNormalForward 1099520016384
I1012 16:10:51.513819  3203 naive_actor.cpp:25] actor 2199027449856 switch to &NaiveActor::HandlerNormal
I1012 16:10:51.513945  3237 naive_actor.cpp:25] actor 2207613190223 switch to &NaiveActor::HandlerNormal
I1012 16:10:51.512955  3146 thread.cpp:96] Thread 524313 construct Actor kNormalForward 1099564056576
I1012 16:10:51.512959  3129 naive_actor.cpp:25] actor 1099530502144 switch to &NaiveActor::HandlerNormal
I1012 16:10:51.513036  3151 thread.cpp:96] Thread 524318 construct Actor kForeignInput 1099574542336
I1012 16:10:51.514164  3133 thread.cpp:96] Thread 524300 construct Actor kNormalForward 1099536793600
I1012 16:10:51.517110  3151 runtime_context.cpp:29] DecreaseCounter constructing_actor_cnt, current val is 744
I1012 16:10:51.514196  3136 naive_actor.cpp:25] actor 1099543085056 switch to &NaiveActor::HandlerNormal
I1012 16:10:51.514240  3149 thread.cpp:96] Thread 524316 construct Actor kNormalForward 1099570348032
I1012 16:10:51.514241  3127 naive_actor.cpp:25] actor 1099526307840 switch to &NaiveActor::HandlerNormal
I1012 16:10:51.514302  3239 thread.cpp:96] Thread 1052673 construct Actor kSliceBoxing 2207615287299
I1012 16:10:51.514328  3137 naive_actor.cpp:25] actor 1099545182208 switch to &NaiveActor::HandlerNormal
I1012 16:10:51.513113  3134 thread.cpp:96] Thread 524301 construct Actor kNormalForward 1099538890752
I1012 16:10:51.514374  3144 thread.cpp:96] Thread 524311 construct Actor kNormalForward 1099559862272
I1012 16:10:51.517694  3134 runtime_context.cpp:29] DecreaseCounter constructing_actor_cnt, current val is 740
I1012 16:10:51.514516  3141 thread.cpp:96] Thread 524308 construct Actor kNormalForward 1099553570816
I1012 16:10:51.512600  3138 naive_actor.cpp:25] actor 1099547279360 switch to &NaiveActor::HandlerNormal
I1012 16:10:51.513326  3158 naive_actor.cpp:25] actor 1099587125248 switch to &NaiveActor::HandlerNormal
I1012 16:10:51.514874  3154 runtime_context.cpp:29] DecreaseCounter constructing_actor_cnt, current val is 751
I1012 16:10:51.514955  3156 runtime_context.cpp:29] DecreaseCounter constructing_actor_cnt, current val is 750
I1012 16:10:51.515092  3135 runtime_context.cpp:29] DecreaseCounter constructing_actor_cnt, current val is 749
I1012 16:10:51.515141  3198 thread.cpp:96] Thread 1048576 construct Actor kNormalForward 2199023255563
I1012 16:10:51.515208  3147 thread.cpp:96] Thread 524314 construct Actor kNormalForward 1099566153728
I1012 16:10:51.518344  3198 runtime_context.cpp:29] DecreaseCounter constructing_actor_cnt, current val is 737
I1012 16:10:51.518416  3147 runtime_context.cpp:29] DecreaseCounter constructing_actor_cnt, current val is 736
I1012 16:10:51.515347  3160 naive_actor.cpp:25] actor 1099591319552 switch to &NaiveActor::HandlerNormal
I1012 16:10:51.515542  3163 thread.cpp:96] Thread 524339 construct Actor kCallbackNotify 1099618582528
I1012 16:10:51.515678  3157 runtime_context.cpp:29] DecreaseCounter constructing_actor_cnt, current val is 748
I1012 16:10:51.515717  3200 thread.cpp:96] Thread 1048577 construct Actor kSliceBoxing 2199025352706
I1012 16:10:51.515731  3139 naive_actor.cpp:25] actor 1099549376512 switch to &NaiveActor::HandlerNormal
I1012 16:10:51.515808  3126 thread.cpp:96] Thread 524294 construct Actor kNormalForward 1099524210688
I1012 16:10:51.515969  3130 thread.cpp:96] Thread 524298 construct Actor kNormalForward 1099532599296
I1012 16:10:51.519541  3126 runtime_context.cpp:29] DecreaseCounter constructing_actor_cnt, current val is 733
I1012 16:10:51.516486  3161 naive_actor.cpp:25] actor 1099614388239 switch to &NaiveActor::HandlerNormal
I1012 16:10:51.516597  3148 runtime_context.cpp:29] DecreaseCounter constructing_actor_cnt, current val is 747
I1012 16:10:51.516665  3124 runtime_context.cpp:29] DecreaseCounter constructing_actor_cnt, current val is 746
I1012 16:10:51.516701  3203 thread.cpp:96] Thread 1048578 construct Actor kCopyHd 2199027449856
I1012 16:10:51.516789  3237 thread.cpp:96] Thread 1052672 construct Actor kNormalForward 2207613190223
I1012 16:10:51.516914  3146 runtime_context.cpp:29] DecreaseCounter constructing_actor_cnt, current val is 745
I1012 16:10:51.516965  3129 thread.cpp:96] Thread 524297 construct Actor kNormalForward 1099530502144
I1012 16:10:51.520117  3198 naive_actor.cpp:25] actor 2199023255587 switch to &NaiveActor::HandlerNormal
I1012 16:10:51.517189  3133 runtime_context.cpp:29] DecreaseCounter constructing_actor_cnt, current val is 743
I1012 16:10:51.517279  3136 thread.cpp:96] Thread 524303 construct Actor kNormalForward 1099543085056
I1012 16:10:51.517402  3149 runtime_context.cpp:29] DecreaseCounter constructing_actor_cnt, current val is 742
I1012 16:10:51.517438  3127 thread.cpp:96] Thread 524295 construct Actor kNormalForward 1099526307840
I1012 16:10:51.517534  3239 runtime_context.cpp:29] DecreaseCounter constructing_actor_cnt, current val is 741
I1012 16:10:51.517570  3137 thread.cpp:96] Thread 524304 construct Actor kNormalForward 1099545182208
I1012 16:10:51.514443  3140 thread.cpp:96] Thread 524307 construct Actor kNormalForward 1099551473664
I1012 16:10:51.517756  3144 runtime_context.cpp:29] DecreaseCounter constructing_actor_cnt, current val is 739
I1012 16:10:51.520869  3140 runtime_context.cpp:29] DecreaseCounter constructing_actor_cnt, current val is 725
I1012 16:10:51.517901  3138 thread.cpp:96] Thread 524305 construct Actor kNormalForward 1099547279360
I1012 16:10:51.517978  3158 thread.cpp:96] Thread 524324 construct Actor kNormalForward 1099587125248
I1012 16:10:51.515287  3128 thread.cpp:96] Thread 524296 construct Actor kNormalForward 1099528404992
I1012 16:10:51.518791  3160 thread.cpp:96] Thread 524326 construct Actor kForeignOutput 1099591319552
I1012 16:10:51.518913  3163 runtime_context.cpp:29] DecreaseCounter constructing_actor_cnt, current val is 735
I1012 16:10:51.519078  3145 naive_actor.cpp:25] actor 1099561959424 switch to &NaiveActor::HandlerNormal
I1012 16:10:51.519241  3200 runtime_context.cpp:29] DecreaseCounter constructing_actor_cnt, current val is 734
I1012 16:10:51.519381  3139 thread.cpp:96] Thread 524306 construct Actor kNormalForward 1099549376512
I1012 16:10:51.516407  3125 thread.cpp:96] Thread 524293 construct Actor kNormalForward 1099522113536
I1012 16:10:51.519613  3130 runtime_context.cpp:29] DecreaseCounter constructing_actor_cnt, current val is 732
I1012 16:10:51.521692  3125 runtime_context.cpp:29] DecreaseCounter constructing_actor_cnt, current val is 719
I1012 16:10:51.519917  3203 runtime_context.cpp:29] DecreaseCounter constructing_actor_cnt, current val is 731
I1012 16:10:51.520036  3237 runtime_context.cpp:29] DecreaseCounter constructing_actor_cnt, current val is 730
I1012 16:10:51.514176  3131 naive_actor.cpp:25] actor 1099534696448 switch to &NaiveActor::HandlerNormal
I1012 16:10:51.520201  3129 runtime_context.cpp:29] DecreaseCounter constructing_actor_cnt, current val is 729
I1012 16:10:51.520202  3198 thread.cpp:96] Thread 1048576 construct Actor kNormalForward 2199023255587
I1012 16:10:51.520447  3136 runtime_context.cpp:29] DecreaseCounter constructing_actor_cnt, current val is 728
I1012 16:10:51.520613  3127 runtime_context.cpp:29] DecreaseCounter constructing_actor_cnt, current val is 727
I1012 16:10:51.520746  3137 runtime_context.cpp:29] DecreaseCounter constructing_actor_cnt, current val is 726
I1012 16:10:51.517877  3141 runtime_context.cpp:29] DecreaseCounter constructing_actor_cnt, current val is 738
I1012 16:10:51.520872  3239 naive_actor.cpp:25] actor 2207615287298 switch to &NaiveActor::HandlerNormal
I1012 16:10:51.521093  3138 runtime_context.cpp:29] DecreaseCounter constructing_actor_cnt, current val is 724
I1012 16:10:51.521158  3158 runtime_context.cpp:29] DecreaseCounter constructing_actor_cnt, current val is 723
I1012 16:10:51.521239  3128 runtime_context.cpp:29] DecreaseCounter constructing_actor_cnt, current val is 722
I1012 16:10:51.521311  3160 runtime_context.cpp:29] DecreaseCounter constructing_actor_cnt, current val is 721
I1012 16:10:51.521387  3145 thread.cpp:96] Thread 524312 construct Actor kNormalForward 1099561959424
I1012 16:10:51.521623  3139 runtime_context.cpp:29] DecreaseCounter constructing_actor_cnt, current val is 720
I1012 16:10:51.521703  3200 naive_actor.cpp:25] actor 2199025352705 switch to &NaiveActor::HandlerNormal
I1012 16:10:51.519670  3161 thread.cpp:96] Thread 524337 construct Actor kTick 1099614388239
I1012 16:10:51.522001  3131 thread.cpp:96] Thread 524299 construct Actor kNormalForward 1099534696448
I1012 16:10:51.522224  3198 runtime_context.cpp:29] DecreaseCounter constructing_actor_cnt, current val is 718
I1012 16:10:51.523464  3131 runtime_context.cpp:29] DecreaseCounter constructing_actor_cnt, current val is 715
I1012 16:10:51.523121  3145 runtime_context.cpp:29] DecreaseCounter constructing_actor_cnt, current val is 717
I1012 16:10:51.523231  3200 thread.cpp:96] Thread 1048577 construct Actor kSliceBoxing 2199025352705
I1012 16:10:51.523362  3161 runtime_context.cpp:29] DecreaseCounter constructing_actor_cnt, current val is 716
I1012 16:10:51.522694  3239 thread.cpp:96] Thread 1052673 construct Actor kSliceBoxing 2207615287298
I1012 16:10:51.523706  3200 runtime_context.cpp:29] DecreaseCounter constructing_actor_cnt, current val is 714
I1012 16:10:51.523849  3239 runtime_context.cpp:29] DecreaseCounter constructing_actor_cnt, current val is 713
I1012 16:10:51.531698  3239 naive_actor.cpp:25] actor 2207615287300 switch to &NaiveActor::HandlerNormal
I1012 16:10:51.531704  3200 naive_actor.cpp:25] actor 2199025352704 switch to &NaiveActor::HandlerNormal
I1012 16:10:51.531880  3239 thread.cpp:96] Thread 1052673 construct Actor kCopyHd 2207615287300
I1012 16:10:51.532100  3239 runtime_context.cpp:29] DecreaseCounter constructing_actor_cnt, current val is 712
I1012 16:10:51.531993  3200 thread.cpp:96] Thread 1048577 construct Actor kSliceBoxing 2199025352704
I1012 16:10:51.532358  3239 naive_actor.cpp:25] actor 2207615287297 switch to &NaiveActor::HandlerNormal
I1012 16:10:51.532449  3200 runtime_context.cpp:29] DecreaseCounter constructing_actor_cnt, current val is 711
I1012 16:10:51.532451  3239 thread.cpp:96] Thread 1052673 construct Actor kSliceBoxing 2207615287297
I1012 16:10:51.532617  3239 runtime_context.cpp:29] DecreaseCounter constructing_actor_cnt, current val is 710
I1012 16:10:51.532876  3237 naive_actor.cpp:25] actor 2207613190247 switch to &NaiveActor::HandlerNormal
I1012 16:10:51.532968  3237 thread.cpp:96] Thread 1052672 construct Actor kNormalForward 2207613190247
I1012 16:10:51.533079  3237 runtime_context.cpp:29] DecreaseCounter constructing_actor_cnt, current val is 709
I1012 16:10:51.533227  3161 naive_actor.cpp:25] actor 1099614388228 switch to &NaiveActor::HandlerNormal
I1012 16:10:51.533311  3161 thread.cpp:96] Thread 524337 construct Actor kDeviceTick 1099614388228
I1012 16:10:51.533419  3161 runtime_context.cpp:29] DecreaseCounter constructing_actor_cnt, current val is 708
I1012 16:10:51.533578  3239 naive_actor.cpp:25] actor 2207615287296 switch to &NaiveActor::HandlerNormal
I1012 16:10:51.533654  3239 thread.cpp:96] Thread 1052673 construct Actor kSliceBoxing 2207615287296
I1012 16:10:51.533725  3239 runtime_context.cpp:29] DecreaseCounter constructing_actor_cnt, current val is 707
I1012 16:10:51.534138  3200 naive_actor.cpp:25] actor 2199025352708 switch to &NaiveActor::HandlerNormal
I1012 16:10:51.534310  3200 thread.cpp:96] Thread 1048577 construct Actor kSliceBoxing 2199025352708
I1012 16:10:51.534411  3200 runtime_context.cpp:29] DecreaseCounter constructing_actor_cnt, current val is 706
I1012 16:10:51.534950  3239 naive_actor.cpp:25] actor 2207615287301 switch to &NaiveActor::HandlerNormal
I1012 16:10:51.535048  3239 thread.cpp:96] Thread 1052673 construct Actor kCopyHd 2207615287301
I1012 16:10:51.535117  3239 runtime_context.cpp:29] DecreaseCounter constructing_actor_cnt, current val is 705
I1012 16:10:51.534955  3200 naive_actor.cpp:25] actor 2199025352709 switch to &NaiveActor::HandlerNormal
I1012 16:10:51.535399  3200 thread.cpp:96] Thread 1048577 construct Actor kCopyHd 2199025352709
I1012 16:10:51.535521  3161 naive_actor.cpp:25] actor 1099614388235 switch to &NaiveActor::HandlerNormal
I1012 16:10:51.535571  3200 runtime_context.cpp:29] DecreaseCounter constructing_actor_cnt, current val is 704
I1012 16:10:51.535651  3161 thread.cpp:96] Thread 524337 construct Actor kDstSubsetTick 1099614388235
I1012 16:10:51.535728  3239 naive_actor.cpp:25] actor 2207615287302 switch to &NaiveActor::HandlerNormal
I1012 16:10:51.535887  3161 runtime_context.cpp:29] DecreaseCounter constructing_actor_cnt, current val is 703
I1012 16:10:51.535732  3198 naive_actor.cpp:25] actor 2199023255611 switch to &NaiveActor::HandlerNormal
I1012 16:10:51.535895  3239 thread.cpp:96] Thread 1052673 construct Actor kCopyHd 2207615287302
I1012 16:10:51.536034  3198 thread.cpp:96] Thread 1048576 construct Actor kNormalForward 2199023255611
I1012 16:10:51.536123  3239 runtime_context.cpp:29] DecreaseCounter constructing_actor_cnt, current val is 702
I1012 16:10:51.536279  3198 runtime_context.cpp:29] DecreaseCounter constructing_actor_cnt, current val is 701
I1012 16:10:51.537168  3200 naive_actor.cpp:25] actor 2199025352707 switch to &NaiveActor::HandlerNormal
I1012 16:10:51.537174  3161 naive_actor.cpp:25] actor 1099614388224 switch to &NaiveActor::HandlerNormal
I1012 16:10:51.537180  3237 naive_actor.cpp:25] actor 2207613190271 switch to &NaiveActor::HandlerNormal
I1012 16:10:51.537268  3200 thread.cpp:96] Thread 1048577 construct Actor kSliceBoxing 2199025352707
I1012 16:10:51.537348  3161 thread.cpp:96] Thread 524337 construct Actor kDeviceTick 1099614388224
I1012 16:10:51.537418  3237 thread.cpp:96] Thread 1052672 construct Actor kNormalForward 2207613190271
I1012 16:10:51.537794  3237 runtime_context.cpp:29] DecreaseCounter constructing_actor_cnt, current val is 698
I1012 16:10:51.537708  3161 runtime_context.cpp:29] DecreaseCounter constructing_actor_cnt, current val is 699
I1012 16:10:51.537602  3200 runtime_context.cpp:29] DecreaseCounter constructing_actor_cnt, current val is 700
I1012 16:10:51.538681  3161 naive_actor.cpp:25] actor 1099614388226 switch to &NaiveActor::HandlerNormal
I1012 16:10:51.538689  3200 naive_actor.cpp:25] actor 2199025352710 switch to &NaiveActor::HandlerNormal
I1012 16:10:51.538857  3200 thread.cpp:96] Thread 1048577 construct Actor kCopyHd 2199025352710
I1012 16:10:51.538784  3161 thread.cpp:96] Thread 524337 construct Actor kDeviceTick 1099614388226
I1012 16:10:51.539029  3161 runtime_context.cpp:29] DecreaseCounter constructing_actor_cnt, current val is 696
I1012 16:10:51.538944  3200 runtime_context.cpp:29] DecreaseCounter constructing_actor_cnt, current val is 697
I1012 16:10:51.539501  3198 naive_actor.cpp:25] actor 2199023255566 switch to &NaiveActor::HandlerNormal
I1012 16:10:51.539584  3198 thread.cpp:96] Thread 1048576 construct Actor kNormalForward 2199023255566
I1012 16:10:51.539803  3198 runtime_context.cpp:29] DecreaseCounter constructing_actor_cnt, current val is 695
I1012 16:10:51.540272  3200 naive_actor.cpp:25] actor 2199025352711 switch to &NaiveActor::HandlerNormal
I1012 16:10:51.540387  3200 thread.cpp:96] Thread 1048577 construct Actor kCopyHd 2199025352711
I1012 16:10:51.540552  3200 runtime_context.cpp:29] DecreaseCounter constructing_actor_cnt, current val is 694
I1012 16:10:51.540724  3161 naive_actor.cpp:25] actor 1099614388225 switch to &NaiveActor::HandlerNormal
I1012 16:10:51.541051  3161 thread.cpp:96] Thread 524337 construct Actor kDeviceTick 1099614388225
I1012 16:10:51.541177  3161 runtime_context.cpp:29] DecreaseCounter constructing_actor_cnt, current val is 693
I1012 16:10:51.542205  3161 naive_actor.cpp:25] actor 1099614388246 switch to &NaiveActor::HandlerNormal
I1012 16:10:51.542302  3161 thread.cpp:96] Thread 524337 construct Actor kTick 1099614388246
I1012 16:10:51.542398  3161 runtime_context.cpp:29] DecreaseCounter constructing_actor_cnt, current val is 692
I1012 16:10:51.542706  3237 naive_actor.cpp:25] actor 2207613190295 switch to &NaiveActor::HandlerNormal
I1012 16:10:51.542807  3237 thread.cpp:96] Thread 1052672 construct Actor kNormalForward 2207613190295
I1012 16:10:51.542920  3237 runtime_context.cpp:29] DecreaseCounter constructing_actor_cnt, current val is 691
I1012 16:10:51.543377  3198 naive_actor.cpp:25] actor 2199023255590 switch to &NaiveActor::HandlerNormal
I1012 16:10:51.543411  3161 naive_actor.cpp:25] actor 1099614388238 switch to &NaiveActor::HandlerNormal
I1012 16:10:51.543509  3198 thread.cpp:96] Thread 1048576 construct Actor kNormalForward 2199023255590
I1012 16:10:51.543576  3161 thread.cpp:96] Thread 524337 construct Actor kTick 1099614388238
I1012 16:10:51.543726  3198 runtime_context.cpp:29] DecreaseCounter constructing_actor_cnt, current val is 690
I1012 16:10:51.543751  3161 runtime_context.cpp:29] DecreaseCounter constructing_actor_cnt, current val is 689
I1012 16:10:51.544680  3198 naive_actor.cpp:25] actor 2199023255614 switch to &NaiveActor::HandlerNormal
I1012 16:10:51.544796  3198 thread.cpp:96] Thread 1048576 construct Actor kNormalForward 2199023255614
I1012 16:10:51.544870  3161 naive_actor.cpp:25] actor 1099614388244 switch to &NaiveActor::HandlerNormal
I1012 16:10:51.544939  3198 runtime_context.cpp:29] DecreaseCounter constructing_actor_cnt, current val is 688
I1012 16:10:51.544986  3161 thread.cpp:96] Thread 524337 construct Actor kTick 1099614388244
I1012 16:10:51.545150  3161 runtime_context.cpp:29] DecreaseCounter constructing_actor_cnt, current val is 687
I1012 16:10:51.545532  3237 naive_actor.cpp:25] actor 2207613190331 switch to &NaiveActor::HandlerNormal
I1012 16:10:51.545624  3237 thread.cpp:96] Thread 1052672 construct Actor kNormalForward 2207613190331
I1012 16:10:51.545745  3237 runtime_context.cpp:29] DecreaseCounter constructing_actor_cnt, current val is 686
I1012 16:10:51.545941  3161 naive_actor.cpp:25] actor 1099614388234 switch to &NaiveActor::HandlerNormal
I1012 16:10:51.546036  3161 thread.cpp:96] Thread 524337 construct Actor kTick 1099614388234
I1012 16:10:51.546128  3161 runtime_context.cpp:29] DecreaseCounter constructing_actor_cnt, current val is 685
I1012 16:10:51.546826  3161 naive_actor.cpp:25] actor 1099614388236 switch to &NaiveActor::HandlerNormal
I1012 16:10:51.546916  3161 thread.cpp:96] Thread 524337 construct Actor kTick 1099614388236
I1012 16:10:51.546999  3161 runtime_context.cpp:29] DecreaseCounter constructing_actor_cnt, current val is 684
I1012 16:10:51.547237  3122 naive_actor.cpp:25] actor 1099515822080 switch to &NaiveActor::HandlerNormal
I1012 16:10:51.547343  3122 thread.cpp:96] Thread 524290 construct Actor kNormalForward 1099515822080
I1012 16:10:51.547582  3122 runtime_context.cpp:29] DecreaseCounter constructing_actor_cnt, current val is 683
I1012 16:10:51.547855  3161 naive_actor.cpp:25] actor 1099614388229 switch to &NaiveActor::HandlerNormal
I1012 16:10:51.547955  3161 thread.cpp:96] Thread 524337 construct Actor kSrcSubsetTick 1099614388229
I1012 16:10:51.548048  3161 runtime_context.cpp:29] DecreaseCounter constructing_actor_cnt, current val is 682
I1012 16:10:51.548555  3198 naive_actor.cpp:25] actor 2199023255627 switch to &NaiveActor::HandlerNormal
I1012 16:10:51.548662  3198 thread.cpp:96] Thread 1048576 construct Actor kNormalForward 2199023255627
I1012 16:10:51.548777  3198 runtime_context.cpp:29] DecreaseCounter constructing_actor_cnt, current val is 681
I1012 16:10:51.549149  3237 naive_actor.cpp:25] actor 2207613190226 switch to &NaiveActor::HandlerNormal
I1012 16:10:51.549369  3237 thread.cpp:96] Thread 1052672 construct Actor kNormalForward 2207613190226
I1012 16:10:51.549497  3237 runtime_context.cpp:29] DecreaseCounter constructing_actor_cnt, current val is 680
I1012 16:10:51.549908  3161 naive_actor.cpp:25] actor 1099614388242 switch to &NaiveActor::HandlerNormal
I1012 16:10:51.550002  3161 thread.cpp:96] Thread 524337 construct Actor kSrcSubsetTick 1099614388242
I1012 16:10:51.550105  3161 runtime_context.cpp:29] DecreaseCounter constructing_actor_cnt, current val is 679
I1012 16:10:51.550961  3161 naive_actor.cpp:25] actor 1099614388247 switch to &NaiveActor::HandlerNormal
I1012 16:10:51.551048  3161 thread.cpp:96] Thread 524337 construct Actor kTick 1099614388247
I1012 16:10:51.551127  3161 runtime_context.cpp:29] DecreaseCounter constructing_actor_cnt, current val is 678
I1012 16:10:51.552037  3198 naive_actor.cpp:25] actor 2199023255651 switch to &NaiveActor::HandlerNormal
I1012 16:10:51.552166  3198 thread.cpp:96] Thread 1048576 construct Actor kNormalForward 2199023255651
I1012 16:10:51.552348  3198 runtime_context.cpp:29] DecreaseCounter constructing_actor_cnt, current val is 677
I1012 16:10:51.552258  3161 naive_actor.cpp:25] actor 1099614388237 switch to &NaiveActor::HandlerNormal
I1012 16:10:51.552500  3161 thread.cpp:96] Thread 524337 construct Actor kTick 1099614388237
I1012 16:10:51.552598  3161 runtime_context.cpp:29] DecreaseCounter constructing_actor_cnt, current val is 676
I1012 16:10:51.553035  3237 naive_actor.cpp:25] actor 2207613190250 switch to &NaiveActor::HandlerNormal
I1012 16:10:51.553124  3237 thread.cpp:96] Thread 1052672 construct Actor kNormalForward 2207613190250
I1012 16:10:51.553227  3237 runtime_context.cpp:29] DecreaseCounter constructing_actor_cnt, current val is 675
I1012 16:10:51.553817  3161 naive_actor.cpp:25] actor 1099614388227 switch to &NaiveActor::HandlerNormal
I1012 16:10:51.553910  3161 thread.cpp:96] Thread 524337 construct Actor kDeviceTick 1099614388227
I1012 16:10:51.553997  3161 runtime_context.cpp:29] DecreaseCounter constructing_actor_cnt, current val is 674
I1012 16:10:51.554852  3198 naive_actor.cpp:25] actor 2199023255675 switch to &NaiveActor::HandlerNormal
I1012 16:10:51.554968  3198 thread.cpp:96] Thread 1048576 construct Actor kNormalForward 2199023255675
I1012 16:10:51.555135  3198 runtime_context.cpp:29] DecreaseCounter constructing_actor_cnt, current val is 673
I1012 16:10:51.555294  3161 naive_actor.cpp:25] actor 1099614388245 switch to &NaiveActor::HandlerNormal
I1012 16:10:51.555392  3161 thread.cpp:96] Thread 524337 construct Actor kDstSubsetTick 1099614388245
I1012 16:10:51.555562  3161 runtime_context.cpp:29] DecreaseCounter constructing_actor_cnt, current val is 672
I1012 16:10:51.556355  3237 naive_actor.cpp:25] actor 2207613190274 switch to &NaiveActor::HandlerNormal
I1012 16:10:51.556454  3237 thread.cpp:96] Thread 1052672 construct Actor kNormalForward 2207613190274
I1012 16:10:51.556550  3237 runtime_context.cpp:29] DecreaseCounter constructing_actor_cnt, current val is 671
I1012 16:10:51.557050  3161 naive_actor.cpp:25] actor 1099614388327 switch to &NaiveActor::HandlerNormal
I1012 16:10:51.557142  3161 thread.cpp:96] Thread 524337 construct Actor kTick 1099614388327
I1012 16:10:51.557240  3161 runtime_context.cpp:29] DecreaseCounter constructing_actor_cnt, current val is 670
I1012 16:10:51.557730  3237 naive_actor.cpp:25] actor 2207613190298 switch to &NaiveActor::HandlerNormal
I1012 16:10:51.557826  3237 thread.cpp:96] Thread 1052672 construct Actor kNormalForward 2207613190298
I1012 16:10:51.557932  3237 runtime_context.cpp:29] DecreaseCounter constructing_actor_cnt, current val is 669
I1012 16:10:51.558363  3198 naive_actor.cpp:25] actor 2199023255699 switch to &NaiveActor::HandlerNormal
I1012 16:10:51.558409  3161 naive_actor.cpp:25] actor 1099614388248 switch to &NaiveActor::HandlerNormal
I1012 16:10:51.558586  3161 thread.cpp:96] Thread 524337 construct Actor kTick 1099614388248
I1012 16:10:51.558512  3198 thread.cpp:96] Thread 1048576 construct Actor kNormalForward 2199023255699
I1012 16:10:51.558681  3161 runtime_context.cpp:29] DecreaseCounter constructing_actor_cnt, current val is 668
I1012 16:10:51.558995  3198 runtime_context.cpp:29] DecreaseCounter constructing_actor_cnt, current val is 667
I1012 16:10:51.559983  3161 naive_actor.cpp:25] actor 1099614388256 switch to &NaiveActor::HandlerNormal
I1012 16:10:51.560081  3161 thread.cpp:96] Thread 524337 construct Actor kTick 1099614388256
I1012 16:10:51.560158  3161 runtime_context.cpp:29] DecreaseCounter constructing_actor_cnt, current val is 666
I1012 16:10:51.560307  3237 naive_actor.cpp:25] actor 2207613190334 switch to &NaiveActor::HandlerNormal
I1012 16:10:51.560377  3237 thread.cpp:96] Thread 1052672 construct Actor kNormalForward 2207613190334
