I1013 15:35:19.906062 36745 thread.cpp:96] Thread 1048576 construct Actor kNormalForward 2199023255716
I1013 15:35:19.906090 36745 runtime_context.cpp:29] DecreaseCounter constructing_actor_cnt, current val is 95
I1013 15:35:19.906226 36745 naive_actor.cpp:25] actor 2199023255720 switch to &NaiveActor::HandlerNormal
I1013 15:35:19.906244 36745 thread.cpp:96] Thread 1048576 construct Actor kNormalForward 2199023255720
I1013 15:35:19.906271 36745 runtime_context.cpp:29] DecreaseCounter constructing_actor_cnt, current val is 94
I1013 15:35:19.906407 36745 naive_actor.cpp:25] actor 2199023255721 switch to &NaiveActor::HandlerNormal
I1013 15:35:19.906425 36745 thread.cpp:96] Thread 1048576 construct Actor kNormalForward 2199023255721
I1013 15:35:19.906452 36745 runtime_context.cpp:29] DecreaseCounter constructing_actor_cnt, current val is 93
I1013 15:35:19.906605 36745 naive_actor.cpp:25] actor 2199023255724 switch to &NaiveActor::HandlerNormal
I1013 15:35:19.906623 36745 thread.cpp:96] Thread 1048576 construct Actor kNormalForward 2199023255724
I1013 15:35:19.906651 36745 runtime_context.cpp:29] DecreaseCounter constructing_actor_cnt, current val is 92
I1013 15:35:19.906810 36745 naive_actor.cpp:25] actor 2199023255723 switch to &NaiveActor::HandlerNormal
I1013 15:35:19.906865 36745 thread.cpp:96] Thread 1048576 construct Actor kNormalForward 2199023255723
I1013 15:35:19.906898 36745 runtime_context.cpp:29] DecreaseCounter constructing_actor_cnt, current val is 91
I1013 15:35:19.907047 36745 naive_actor.cpp:25] actor 2199023255722 switch to &NaiveActor::HandlerNormal
I1013 15:35:19.907065 36745 thread.cpp:96] Thread 1048576 construct Actor kNormalForward 2199023255722
I1013 15:35:19.907105 36745 runtime_context.cpp:29] DecreaseCounter constructing_actor_cnt, current val is 90
I1013 15:35:19.907260 36745 naive_actor.cpp:25] actor 2199023255719 switch to &NaiveActor::HandlerNormal
I1013 15:35:19.907279 36745 thread.cpp:96] Thread 1048576 construct Actor kNormalForward 2199023255719
I1013 15:35:19.907305 36745 runtime_context.cpp:29] DecreaseCounter constructing_actor_cnt, current val is 89
I1013 15:35:19.907442 36745 naive_actor.cpp:25] actor 2199023255728 switch to &NaiveActor::HandlerNormal
I1013 15:35:19.907460 36745 thread.cpp:96] Thread 1048576 construct Actor kNormalForward 2199023255728
I1013 15:35:19.907488 36745 runtime_context.cpp:29] DecreaseCounter constructing_actor_cnt, current val is 88
I1013 15:35:19.907651 36745 naive_actor.cpp:25] actor 2199023255725 switch to &NaiveActor::HandlerNormal
I1013 15:35:19.907688 36745 thread.cpp:96] Thread 1048576 construct Actor kNormalForward 2199023255725
I1013 15:35:19.907723 36745 runtime_context.cpp:29] DecreaseCounter constructing_actor_cnt, current val is 87
I1013 15:35:19.907888 36745 naive_actor.cpp:25] actor 2199023255727 switch to &NaiveActor::HandlerNormal
I1013 15:35:19.907922 36745 thread.cpp:96] Thread 1048576 construct Actor kNormalForward 2199023255727
I1013 15:35:19.907953 36745 runtime_context.cpp:29] DecreaseCounter constructing_actor_cnt, current val is 86
I1013 15:35:19.908100 36745 naive_actor.cpp:25] actor 2199023255701 switch to &NaiveActor::HandlerNormal
I1013 15:35:19.908119 36745 thread.cpp:96] Thread 1048576 construct Actor kNormalForward 2199023255701
I1013 15:35:19.908147 36745 runtime_context.cpp:29] DecreaseCounter constructing_actor_cnt, current val is 85
I1013 15:35:19.908298 36745 naive_actor.cpp:25] actor 2199023255726 switch to &NaiveActor::HandlerNormal
I1013 15:35:19.908314 36745 thread.cpp:96] Thread 1048576 construct Actor kNormalForward 2199023255726
I1013 15:35:19.908342 36745 runtime_context.cpp:29] DecreaseCounter constructing_actor_cnt, current val is 84
I1013 15:35:19.908479 36745 naive_actor.cpp:25] actor 2199023255717 switch to &NaiveActor::HandlerNormal
I1013 15:35:19.908496 36745 thread.cpp:96] Thread 1048576 construct Actor kNormalForward 2199023255717
I1013 15:35:19.908524 36745 runtime_context.cpp:29] DecreaseCounter constructing_actor_cnt, current val is 83
I1013 15:35:19.908684 36745 naive_actor.cpp:25] actor 2199023255730 switch to &NaiveActor::HandlerNormal
I1013 15:35:19.908702 36745 thread.cpp:96] Thread 1048576 construct Actor kNormalForward 2199023255730
I1013 15:35:19.908730 36745 runtime_context.cpp:29] DecreaseCounter constructing_actor_cnt, current val is 82
I1013 15:35:19.908885 36745 naive_actor.cpp:25] actor 2199023255700 switch to &NaiveActor::HandlerNormal
I1013 15:35:19.908902 36745 thread.cpp:96] Thread 1048576 construct Actor kNormalForward 2199023255700
I1013 15:35:19.908929 36745 runtime_context.cpp:29] DecreaseCounter constructing_actor_cnt, current val is 81
I1013 15:35:19.909067 36745 naive_actor.cpp:25] actor 2199023255731 switch to &NaiveActor::HandlerNormal
I1013 15:35:19.909085 36745 thread.cpp:96] Thread 1048576 construct Actor kNormalForward 2199023255731
I1013 15:35:19.909111 36745 runtime_context.cpp:29] DecreaseCounter constructing_actor_cnt, current val is 80
I1013 15:35:19.909255 36745 naive_actor.cpp:25] actor 2199023255733 switch to &NaiveActor::HandlerNormal
I1013 15:35:19.909273 36745 thread.cpp:96] Thread 1048576 construct Actor kNormalForward 2199023255733
I1013 15:35:19.909301 36745 runtime_context.cpp:29] DecreaseCounter constructing_actor_cnt, current val is 79
I1013 15:35:19.909440 36745 naive_actor.cpp:25] actor 2199023255732 switch to &NaiveActor::HandlerNormal
I1013 15:35:19.909457 36745 thread.cpp:96] Thread 1048576 construct Actor kNormalForward 2199023255732
I1013 15:35:19.909485 36745 runtime_context.cpp:29] DecreaseCounter constructing_actor_cnt, current val is 78
I1013 15:35:19.909642 36745 naive_actor.cpp:25] actor 2199023255737 switch to &NaiveActor::HandlerNormal
I1013 15:35:19.909660 36745 thread.cpp:96] Thread 1048576 construct Actor kDeviceTick 2199023255737
I1013 15:35:19.909687 36745 runtime_context.cpp:29] DecreaseCounter constructing_actor_cnt, current val is 77
I1013 15:35:19.909826 36745 naive_actor.cpp:25] actor 2199023255710 switch to &NaiveActor::HandlerNormal
I1013 15:35:19.909843 36745 thread.cpp:96] Thread 1048576 construct Actor kNormalForward 2199023255710
I1013 15:35:19.909871 36745 runtime_context.cpp:29] DecreaseCounter constructing_actor_cnt, current val is 76
I1013 15:35:19.910010 36745 naive_actor.cpp:25] actor 2199023255745 switch to &NaiveActor::HandlerNormal
I1013 15:35:19.910028 36745 thread.cpp:96] Thread 1048576 construct Actor kNormalForward 2199023255745
I1013 15:35:19.910055 36745 runtime_context.cpp:29] DecreaseCounter constructing_actor_cnt, current val is 75
I1013 15:35:19.910194 36745 naive_actor.cpp:25] actor 2199023255748 switch to &NaiveActor::HandlerNormal
I1013 15:35:19.910230 36745 thread.cpp:96] Thread 1048576 construct Actor kNormalForward 2199023255748
I1013 15:35:19.910279 36745 runtime_context.cpp:29] DecreaseCounter constructing_actor_cnt, current val is 74
I1013 15:35:19.910429 36745 naive_actor.cpp:25] actor 2199023255753 switch to &NaiveActor::HandlerNormal
I1013 15:35:19.910463 36745 thread.cpp:96] Thread 1048576 construct Actor kNormalForward 2199023255753
I1013 15:35:19.910495 36745 runtime_context.cpp:29] DecreaseCounter constructing_actor_cnt, current val is 73
I1013 15:35:19.910645 36745 naive_actor.cpp:25] actor 2199023255754 switch to &NaiveActor::HandlerNormal
I1013 15:35:19.910663 36745 thread.cpp:96] Thread 1048576 construct Actor kNormalForward 2199023255754
I1013 15:35:19.910691 36745 runtime_context.cpp:29] DecreaseCounter constructing_actor_cnt, current val is 72
I1013 15:35:19.910833 36745 naive_actor.cpp:25] actor 2199023255770 switch to &NaiveActor::HandlerNormal
I1013 15:35:19.910866 36745 thread.cpp:96] Thread 1048576 construct Actor kNormalForward 2199023255770
I1013 15:35:19.910892 36745 runtime_context.cpp:29] DecreaseCounter constructing_actor_cnt, current val is 71
I1013 15:35:19.911034 36745 naive_actor.cpp:25] actor 2199023255747 switch to &NaiveActor::HandlerNormal
I1013 15:35:19.911052 36745 thread.cpp:96] Thread 1048576 construct Actor kNormalForward 2199023255747
I1013 15:35:19.911079 36745 runtime_context.cpp:29] DecreaseCounter constructing_actor_cnt, current val is 70
I1013 15:35:19.911218 36745 naive_actor.cpp:25] actor 2199023255740 switch to &NaiveActor::HandlerNormal
I1013 15:35:19.911237 36745 thread.cpp:96] Thread 1048576 construct Actor kNormalForward 2199023255740
I1013 15:35:19.911263 36745 runtime_context.cpp:29] DecreaseCounter constructing_actor_cnt, current val is 69
I1013 15:35:19.911404 36745 naive_actor.cpp:25] actor 2199023255752 switch to &NaiveActor::HandlerNormal
I1013 15:35:19.911422 36745 thread.cpp:96] Thread 1048576 construct Actor kNormalForward 2199023255752
I1013 15:35:19.911449 36745 runtime_context.cpp:29] DecreaseCounter constructing_actor_cnt, current val is 68
I1013 15:35:19.912389 36745 naive_actor.cpp:25] actor 2199023255775 switch to &NaiveActor::HandlerNormal
I1013 15:35:19.912408 36745 thread.cpp:96] Thread 1048576 construct Actor kNormalForward 2199023255775
I1013 15:35:19.912487 36745 runtime_context.cpp:29] DecreaseCounter constructing_actor_cnt, current val is 67
I1013 15:35:19.912644 36745 naive_actor.cpp:25] actor 2199023255746 switch to &NaiveActor::HandlerNormal
I1013 15:35:19.912663 36745 thread.cpp:96] Thread 1048576 construct Actor kNormalForward 2199023255746
I1013 15:35:19.912693 36745 runtime_context.cpp:29] DecreaseCounter constructing_actor_cnt, current val is 66
I1013 15:35:19.912838 36745 naive_actor.cpp:25] actor 2199023255744 switch to &NaiveActor::HandlerNormal
I1013 15:35:19.912856 36745 thread.cpp:96] Thread 1048576 construct Actor kNormalForward 2199023255744
I1013 15:35:19.912885 36745 runtime_context.cpp:29] DecreaseCounter constructing_actor_cnt, current val is 65
I1013 15:35:19.913022 36745 naive_actor.cpp:25] actor 2199023255750 switch to &NaiveActor::HandlerNormal
I1013 15:35:19.913040 36745 thread.cpp:96] Thread 1048576 construct Actor kNormalForward 2199023255750
I1013 15:35:19.913067 36745 runtime_context.cpp:29] DecreaseCounter constructing_actor_cnt, current val is 64
I1013 15:35:19.913204 36745 naive_actor.cpp:25] actor 2199023255749 switch to &NaiveActor::HandlerNormal
I1013 15:35:19.913223 36745 thread.cpp:96] Thread 1048576 construct Actor kNormalForward 2199023255749
I1013 15:35:19.913249 36745 runtime_context.cpp:29] DecreaseCounter constructing_actor_cnt, current val is 63
I1013 15:35:19.913388 36745 naive_actor.cpp:25] actor 2199023255751 switch to &NaiveActor::HandlerNormal
I1013 15:35:19.913405 36745 thread.cpp:96] Thread 1048576 construct Actor kNormalForward 2199023255751
I1013 15:35:19.913432 36745 runtime_context.cpp:29] DecreaseCounter constructing_actor_cnt, current val is 62
I1013 15:35:19.913575 36745 naive_actor.cpp:25] actor 2199023255742 switch to &NaiveActor::HandlerNormal
I1013 15:35:19.913612 36745 thread.cpp:96] Thread 1048576 construct Actor kNormalForward 2199023255742
I1013 15:35:19.913661 36745 runtime_context.cpp:29] DecreaseCounter constructing_actor_cnt, current val is 61
I1013 15:35:19.913810 36745 naive_actor.cpp:25] actor 2199023255743 switch to &NaiveActor::HandlerNormal
I1013 15:35:19.913843 36745 thread.cpp:96] Thread 1048576 construct Actor kNormalForward 2199023255743
I1013 15:35:19.913875 36745 runtime_context.cpp:29] DecreaseCounter constructing_actor_cnt, current val is 60
I1013 15:35:19.914021 36745 naive_actor.cpp:25] actor 2199023255755 switch to &NaiveActor::HandlerNormal
I1013 15:35:19.914038 36745 thread.cpp:96] Thread 1048576 construct Actor kNormalForward 2199023255755
I1013 15:35:19.914067 36745 runtime_context.cpp:29] DecreaseCounter constructing_actor_cnt, current val is 59
I1013 15:35:19.914219 36745 naive_actor.cpp:25] actor 2199023255757 switch to &NaiveActor::HandlerNormal
I1013 15:35:19.914237 36745 thread.cpp:96] Thread 1048576 construct Actor kNormalForward 2199023255757
I1013 15:35:19.914264 36745 runtime_context.cpp:29] DecreaseCounter constructing_actor_cnt, current val is 58
I1013 15:35:19.914424 36745 naive_actor.cpp:25] actor 2199023255758 switch to &NaiveActor::HandlerNormal
I1013 15:35:19.914443 36745 thread.cpp:96] Thread 1048576 construct Actor kNormalForward 2199023255758
I1013 15:35:19.914470 36745 runtime_context.cpp:29] DecreaseCounter constructing_actor_cnt, current val is 57
I1013 15:35:19.914639 36745 naive_actor.cpp:25] actor 2199023255763 switch to &NaiveActor::HandlerNormal
I1013 15:35:19.914657 36745 thread.cpp:96] Thread 1048576 construct Actor kNormalForward 2199023255763
I1013 15:35:19.914686 36745 runtime_context.cpp:29] DecreaseCounter constructing_actor_cnt, current val is 56
I1013 15:35:19.914826 36745 naive_actor.cpp:25] actor 2199023255765 switch to &NaiveActor::HandlerNormal
I1013 15:35:19.914844 36745 thread.cpp:96] Thread 1048576 construct Actor kNormalForward 2199023255765
I1013 15:35:19.914887 36745 runtime_context.cpp:29] DecreaseCounter constructing_actor_cnt, current val is 55
I1013 15:35:19.915027 36745 naive_actor.cpp:25] actor 2199023255762 switch to &NaiveActor::HandlerNormal
I1013 15:35:19.915045 36745 thread.cpp:96] Thread 1048576 construct Actor kNormalForward 2199023255762
I1013 15:35:19.915072 36745 runtime_context.cpp:29] DecreaseCounter constructing_actor_cnt, current val is 54
I1013 15:35:19.915208 36745 naive_actor.cpp:25] actor 2199023255756 switch to &NaiveActor::HandlerNormal
I1013 15:35:19.915226 36745 thread.cpp:96] Thread 1048576 construct Actor kNormalForward 2199023255756
I1013 15:35:19.915253 36745 runtime_context.cpp:29] DecreaseCounter constructing_actor_cnt, current val is 53
I1013 15:35:19.915390 36745 naive_actor.cpp:25] actor 2199023255764 switch to &NaiveActor::HandlerNormal
I1013 15:35:19.915407 36745 thread.cpp:96] Thread 1048576 construct Actor kNormalForward 2199023255764
I1013 15:35:19.915434 36745 runtime_context.cpp:29] DecreaseCounter constructing_actor_cnt, current val is 52
I1013 15:35:19.915576 36745 naive_actor.cpp:25] actor 2199023255759 switch to &NaiveActor::HandlerNormal
I1013 15:35:19.915594 36745 thread.cpp:96] Thread 1048576 construct Actor kNormalForward 2199023255759
I1013 15:35:19.915621 36745 runtime_context.cpp:29] DecreaseCounter constructing_actor_cnt, current val is 51
I1013 15:35:19.915761 36745 naive_actor.cpp:25] actor 2199023255760 switch to &NaiveActor::HandlerNormal
I1013 15:35:19.915779 36745 thread.cpp:96] Thread 1048576 construct Actor kNormalForward 2199023255760
I1013 15:35:19.915807 36745 runtime_context.cpp:29] DecreaseCounter constructing_actor_cnt, current val is 50
I1013 15:35:19.915944 36745 naive_actor.cpp:25] actor 2199023255769 switch to &NaiveActor::HandlerNormal
I1013 15:35:19.915961 36745 thread.cpp:96] Thread 1048576 construct Actor kNormalForward 2199023255769
I1013 15:35:19.915989 36745 runtime_context.cpp:29] DecreaseCounter constructing_actor_cnt, current val is 49
I1013 15:35:19.916169 36745 naive_actor.cpp:25] actor 2199023255761 switch to &NaiveActor::HandlerNormal
I1013 15:35:19.916204 36745 thread.cpp:96] Thread 1048576 construct Actor kNormalForward 2199023255761
I1013 15:35:19.916236 36745 runtime_context.cpp:29] DecreaseCounter constructing_actor_cnt, current val is 48
I1013 15:35:19.916380 36745 naive_actor.cpp:25] actor 2199023255766 switch to &NaiveActor::HandlerNormal
I1013 15:35:19.916399 36745 thread.cpp:96] Thread 1048576 construct Actor kNormalForward 2199023255766
I1013 15:35:19.916427 36745 runtime_context.cpp:29] DecreaseCounter constructing_actor_cnt, current val is 47
I1013 15:35:19.916597 36745 naive_actor.cpp:25] actor 2199023255768 switch to &NaiveActor::HandlerNormal
I1013 15:35:19.916615 36745 thread.cpp:96] Thread 1048576 construct Actor kNormalForward 2199023255768
I1013 15:35:19.916643 36745 runtime_context.cpp:29] DecreaseCounter constructing_actor_cnt, current val is 46
I1013 15:35:19.916785 36745 naive_actor.cpp:25] actor 2199023255773 switch to &NaiveActor::HandlerNormal
I1013 15:35:19.916803 36745 thread.cpp:96] Thread 1048576 construct Actor kNormalForward 2199023255773
I1013 15:35:19.916832 36745 runtime_context.cpp:29] DecreaseCounter constructing_actor_cnt, current val is 45
I1013 15:35:19.916987 36745 naive_actor.cpp:25] actor 2199023255771 switch to &NaiveActor::HandlerNormal
I1013 15:35:19.917004 36745 thread.cpp:96] Thread 1048576 construct Actor kNormalForward 2199023255771
I1013 15:35:19.917032 36745 runtime_context.cpp:29] DecreaseCounter constructing_actor_cnt, current val is 44
I1013 15:35:19.917171 36745 naive_actor.cpp:25] actor 2199023255772 switch to &NaiveActor::HandlerNormal
I1013 15:35:19.917188 36745 thread.cpp:96] Thread 1048576 construct Actor kNormalForward 2199023255772
I1013 15:35:19.917217 36745 runtime_context.cpp:29] DecreaseCounter constructing_actor_cnt, current val is 43
I1013 15:35:19.917356 36745 naive_actor.cpp:25] actor 2199023255774 switch to &NaiveActor::HandlerNormal
I1013 15:35:19.917373 36745 thread.cpp:96] Thread 1048576 construct Actor kNormalForward 2199023255774
I1013 15:35:19.917400 36745 runtime_context.cpp:29] DecreaseCounter constructing_actor_cnt, current val is 42
I1013 15:35:19.917537 36745 naive_actor.cpp:25] actor 2199023255767 switch to &NaiveActor::HandlerNormal
I1013 15:35:19.917555 36745 thread.cpp:96] Thread 1048576 construct Actor kNormalForward 2199023255767
I1013 15:35:19.917588 36745 runtime_context.cpp:29] DecreaseCounter constructing_actor_cnt, current val is 41
I1013 15:35:19.917726 36745 naive_actor.cpp:25] actor 2199023255739 switch to &NaiveActor::HandlerNormal
I1013 15:35:19.917743 36745 thread.cpp:96] Thread 1048576 construct Actor kNormalForward 2199023255739
I1013 15:35:19.917771 36745 runtime_context.cpp:29] DecreaseCounter constructing_actor_cnt, current val is 40
I1013 15:35:19.917919 36745 naive_actor.cpp:25] actor 2199023255776 switch to &NaiveActor::HandlerNormal
I1013 15:35:19.917937 36745 thread.cpp:96] Thread 1048576 construct Actor kDeviceTick 2199023255776
I1013 15:35:19.917963 36745 runtime_context.cpp:29] DecreaseCounter constructing_actor_cnt, current val is 39
I1013 15:35:19.918103 36745 naive_actor.cpp:25] actor 2199023255741 switch to &NaiveActor::HandlerNormal
I1013 15:35:19.918120 36745 thread.cpp:96] Thread 1048576 construct Actor kNormalForward 2199023255741
I1013 15:35:19.918148 36745 runtime_context.cpp:29] DecreaseCounter constructing_actor_cnt, current val is 38
I1013 15:35:19.918287 36745 naive_actor.cpp:25] actor 2199023255778 switch to &NaiveActor::HandlerNormal
I1013 15:35:19.918304 36745 thread.cpp:96] Thread 1048576 construct Actor kNormalForward 2199023255778
I1013 15:35:19.918331 36745 runtime_context.cpp:29] DecreaseCounter constructing_actor_cnt, current val is 37
I1013 15:35:19.918473 36745 naive_actor.cpp:25] actor 2199023255782 switch to &NaiveActor::HandlerNormal
I1013 15:35:19.918491 36745 thread.cpp:96] Thread 1048576 construct Actor kNormalForward 2199023255782
I1013 15:35:19.918519 36745 runtime_context.cpp:29] DecreaseCounter constructing_actor_cnt, current val is 36
I1013 15:35:19.918704 36745 naive_actor.cpp:25] actor 2199023255804 switch to &NaiveActor::HandlerNormal
I1013 15:35:19.918738 36745 thread.cpp:96] Thread 1048576 construct Actor kNormalForward 2199023255804
I1013 15:35:19.918769 36745 runtime_context.cpp:29] DecreaseCounter constructing_actor_cnt, current val is 35
I1013 15:35:19.918915 36745 naive_actor.cpp:25] actor 2199023255808 switch to &NaiveActor::HandlerNormal
I1013 15:35:19.918933 36745 thread.cpp:96] Thread 1048576 construct Actor kNormalForward 2199023255808
I1013 15:35:19.918962 36745 runtime_context.cpp:29] DecreaseCounter constructing_actor_cnt, current val is 34
I1013 15:35:19.919113 36745 naive_actor.cpp:25] actor 2199023255779 switch to &NaiveActor::HandlerNormal
I1013 15:35:19.919131 36745 thread.cpp:96] Thread 1048576 construct Actor kNormalForward 2199023255779
I1013 15:35:19.919158 36745 runtime_context.cpp:29] DecreaseCounter constructing_actor_cnt, current val is 33
I1013 15:35:19.919296 36745 naive_actor.cpp:25] actor 2199023255792 switch to &NaiveActor::HandlerNormal
I1013 15:35:19.919313 36745 thread.cpp:96] Thread 1048576 construct Actor kNormalForward 2199023255792
I1013 15:35:19.919340 36745 runtime_context.cpp:29] DecreaseCounter constructing_actor_cnt, current val is 32
I1013 15:35:19.919478 36745 naive_actor.cpp:25] actor 2199023255788 switch to &NaiveActor::HandlerNormal
I1013 15:35:19.919495 36745 thread.cpp:96] Thread 1048576 construct Actor kNormalForward 2199023255788
I1013 15:35:19.919523 36745 runtime_context.cpp:29] DecreaseCounter constructing_actor_cnt, current val is 31
I1013 15:35:19.919692 36745 naive_actor.cpp:25] actor 2199023255786 switch to &NaiveActor::HandlerNormal
I1013 15:35:19.919711 36745 thread.cpp:96] Thread 1048576 construct Actor kNormalForward 2199023255786
I1013 15:35:19.919739 36745 runtime_context.cpp:29] DecreaseCounter constructing_actor_cnt, current val is 30
I1013 15:35:19.919895 36745 naive_actor.cpp:25] actor 2199023255783 switch to &NaiveActor::HandlerNormal
I1013 15:35:19.919912 36745 thread.cpp:96] Thread 1048576 construct Actor kNormalForward 2199023255783
I1013 15:35:19.919939 36745 runtime_context.cpp:29] DecreaseCounter constructing_actor_cnt, current val is 29
I1013 15:35:19.920078 36745 naive_actor.cpp:25] actor 2199023255787 switch to &NaiveActor::HandlerNormal
I1013 15:35:19.920094 36745 thread.cpp:96] Thread 1048576 construct Actor kNormalForward 2199023255787
I1013 15:35:19.920122 36745 runtime_context.cpp:29] DecreaseCounter constructing_actor_cnt, current val is 28
I1013 15:35:19.920261 36745 naive_actor.cpp:25] actor 2199023255789 switch to &NaiveActor::HandlerNormal
I1013 15:35:19.920279 36745 thread.cpp:96] Thread 1048576 construct Actor kNormalForward 2199023255789
I1013 15:35:19.920306 36745 runtime_context.cpp:29] DecreaseCounter constructing_actor_cnt, current val is 27
I1013 15:35:19.920444 36745 naive_actor.cpp:25] actor 2199023255790 switch to &NaiveActor::HandlerNormal
I1013 15:35:19.920461 36745 thread.cpp:96] Thread 1048576 construct Actor kNormalForward 2199023255790
I1013 15:35:19.920490 36745 runtime_context.cpp:29] DecreaseCounter constructing_actor_cnt, current val is 26
I1013 15:35:19.920634 36745 naive_actor.cpp:25] actor 2199023255784 switch to &NaiveActor::HandlerNormal
I1013 15:35:19.920651 36745 thread.cpp:96] Thread 1048576 construct Actor kNormalForward 2199023255784
I1013 15:35:19.920678 36745 runtime_context.cpp:29] DecreaseCounter constructing_actor_cnt, current val is 25
I1013 15:35:19.920820 36745 naive_actor.cpp:25] actor 2199023255785 switch to &NaiveActor::HandlerNormal
I1013 15:35:19.920837 36745 thread.cpp:96] Thread 1048576 construct Actor kNormalForward 2199023255785
I1013 15:35:19.920864 36745 runtime_context.cpp:29] DecreaseCounter constructing_actor_cnt, current val is 24
I1013 15:35:19.921006 36745 naive_actor.cpp:25] actor 2199023255791 switch to &NaiveActor::HandlerNormal
I1013 15:35:19.921025 36745 thread.cpp:96] Thread 1048576 construct Actor kNormalForward 2199023255791
I1013 15:35:19.921051 36745 runtime_context.cpp:29] DecreaseCounter constructing_actor_cnt, current val is 23
I1013 15:35:19.921228 36745 naive_actor.cpp:25] actor 2199023255794 switch to &NaiveActor::HandlerNormal
I1013 15:35:19.921262 36745 thread.cpp:96] Thread 1048576 construct Actor kNormalForward 2199023255794
I1013 15:35:19.921293 36745 runtime_context.cpp:29] DecreaseCounter constructing_actor_cnt, current val is 22
I1013 15:35:19.921437 36745 naive_actor.cpp:25] actor 2199023255781 switch to &NaiveActor::HandlerNormal
I1013 15:35:19.921454 36745 thread.cpp:96] Thread 1048576 construct Actor kNormalForward 2199023255781
I1013 15:35:19.921483 36745 runtime_context.cpp:29] DecreaseCounter constructing_actor_cnt, current val is 21
I1013 15:35:19.921655 36745 naive_actor.cpp:25] actor 2199023255780 switch to &NaiveActor::HandlerNormal
I1013 15:35:19.921674 36745 thread.cpp:96] Thread 1048576 construct Actor kNormalForward 2199023255780
I1013 15:35:19.921702 36745 runtime_context.cpp:29] DecreaseCounter constructing_actor_cnt, current val is 20
I1013 15:35:19.921842 36745 naive_actor.cpp:25] actor 2199023255795 switch to &NaiveActor::HandlerNormal
I1013 15:35:19.921875 36745 thread.cpp:96] Thread 1048576 construct Actor kNormalForward 2199023255795
I1013 15:35:19.921902 36745 runtime_context.cpp:29] DecreaseCounter constructing_actor_cnt, current val is 19
I1013 15:35:19.922042 36745 naive_actor.cpp:25] actor 2199023255799 switch to &NaiveActor::HandlerNormal
I1013 15:35:19.922060 36745 thread.cpp:96] Thread 1048576 construct Actor kNormalForward 2199023255799
I1013 15:35:19.922086 36745 runtime_context.cpp:29] DecreaseCounter constructing_actor_cnt, current val is 18
I1013 15:35:19.922224 36745 naive_actor.cpp:25] actor 2199023255798 switch to &NaiveActor::HandlerNormal
I1013 15:35:19.922241 36745 thread.cpp:96] Thread 1048576 construct Actor kNormalForward 2199023255798
I1013 15:35:19.922268 36745 runtime_context.cpp:29] DecreaseCounter constructing_actor_cnt, current val is 17
I1013 15:35:19.922407 36745 naive_actor.cpp:25] actor 2199023255797 switch to &NaiveActor::HandlerNormal
I1013 15:35:19.922425 36745 thread.cpp:96] Thread 1048576 construct Actor kNormalForward 2199023255797
I1013 15:35:19.922452 36745 runtime_context.cpp:29] DecreaseCounter constructing_actor_cnt, current val is 16
I1013 15:35:19.922593 36745 naive_actor.cpp:25] actor 2199023255805 switch to &NaiveActor::HandlerNormal
I1013 15:35:19.922611 36745 thread.cpp:96] Thread 1048576 construct Actor kNormalForward 2199023255805
I1013 15:35:19.922638 36745 runtime_context.cpp:29] DecreaseCounter constructing_actor_cnt, current val is 15
I1013 15:35:19.922780 36745 naive_actor.cpp:25] actor 2199023255802 switch to &NaiveActor::HandlerNormal
I1013 15:35:19.922797 36745 thread.cpp:96] Thread 1048576 construct Actor kNormalForward 2199023255802
I1013 15:35:19.922824 36745 runtime_context.cpp:29] DecreaseCounter constructing_actor_cnt, current val is 14
I1013 15:35:19.922961 36745 naive_actor.cpp:25] actor 2199023255807 switch to &NaiveActor::HandlerNormal
I1013 15:35:19.922979 36745 thread.cpp:96] Thread 1048576 construct Actor kNormalForward 2199023255807
I1013 15:35:19.923007 36745 runtime_context.cpp:29] DecreaseCounter constructing_actor_cnt, current val is 13
I1013 15:35:19.923146 36745 naive_actor.cpp:25] actor 2199023255806 switch to &NaiveActor::HandlerNormal
I1013 15:35:19.923163 36745 thread.cpp:96] Thread 1048576 construct Actor kNormalForward 2199023255806
I1013 15:35:19.923190 36745 runtime_context.cpp:29] DecreaseCounter constructing_actor_cnt, current val is 12
I1013 15:35:19.923327 36745 naive_actor.cpp:25] actor 2199023255801 switch to &NaiveActor::HandlerNormal
I1013 15:35:19.923344 36745 thread.cpp:96] Thread 1048576 construct Actor kNormalForward 2199023255801
I1013 15:35:19.923372 36745 runtime_context.cpp:29] DecreaseCounter constructing_actor_cnt, current val is 11
I1013 15:35:19.923511 36745 naive_actor.cpp:25] actor 2199023255803 switch to &NaiveActor::HandlerNormal
I1013 15:35:19.923527 36745 thread.cpp:96] Thread 1048576 construct Actor kNormalForward 2199023255803
I1013 15:35:19.923595 36745 runtime_context.cpp:29] DecreaseCounter constructing_actor_cnt, current val is 10
I1013 15:35:19.923745 36745 naive_actor.cpp:25] actor 2199023255800 switch to &NaiveActor::HandlerNormal
I1013 15:35:19.923779 36745 thread.cpp:96] Thread 1048576 construct Actor kNormalForward 2199023255800
I1013 15:35:19.923810 36745 runtime_context.cpp:29] DecreaseCounter constructing_actor_cnt, current val is 9
I1013 15:35:19.923952 36745 naive_actor.cpp:25] actor 2199023255796 switch to &NaiveActor::HandlerNormal
I1013 15:35:19.923970 36745 thread.cpp:96] Thread 1048576 construct Actor kNormalForward 2199023255796
I1013 15:35:19.924000 36745 runtime_context.cpp:29] DecreaseCounter constructing_actor_cnt, current val is 8
I1013 15:35:19.924150 36745 naive_actor.cpp:25] actor 2199023255812 switch to &NaiveActor::HandlerNormal
I1013 15:35:19.924167 36745 thread.cpp:96] Thread 1048576 construct Actor kNormalForward 2199023255812
I1013 15:35:19.924194 36745 runtime_context.cpp:29] DecreaseCounter constructing_actor_cnt, current val is 7
I1013 15:35:19.924341 36745 naive_actor.cpp:25] actor 2199023255810 switch to &NaiveActor::HandlerNormal
I1013 15:35:19.924358 36745 thread.cpp:96] Thread 1048576 construct Actor kNormalForward 2199023255810
I1013 15:35:19.924386 36745 runtime_context.cpp:29] DecreaseCounter constructing_actor_cnt, current val is 6
I1013 15:35:19.924525 36745 naive_actor.cpp:25] actor 2199023255793 switch to &NaiveActor::HandlerNormal
I1013 15:35:19.924543 36745 thread.cpp:96] Thread 1048576 construct Actor kNormalForward 2199023255793
I1013 15:35:19.924588 36745 runtime_context.cpp:29] DecreaseCounter constructing_actor_cnt, current val is 5
I1013 15:35:19.924731 36745 naive_actor.cpp:25] actor 2199023255811 switch to &NaiveActor::HandlerNormal
I1013 15:35:19.924749 36745 thread.cpp:96] Thread 1048576 construct Actor kNormalForward 2199023255811
I1013 15:35:19.924777 36745 runtime_context.cpp:29] DecreaseCounter constructing_actor_cnt, current val is 4
I1013 15:35:19.924934 36745 naive_actor.cpp:25] actor 2199023255809 switch to &NaiveActor::HandlerNormal
I1013 15:35:19.924952 36745 thread.cpp:96] Thread 1048576 construct Actor kNormalForward 2199023255809
I1013 15:35:19.924979 36745 runtime_context.cpp:29] DecreaseCounter constructing_actor_cnt, current val is 3
I1013 15:35:19.925117 36745 naive_actor.cpp:25] actor 2199023255813 switch to &NaiveActor::HandlerNormal
I1013 15:35:19.925135 36745 thread.cpp:96] Thread 1048576 construct Actor kNormalForward 2199023255813
I1013 15:35:19.925163 36745 runtime_context.cpp:29] DecreaseCounter constructing_actor_cnt, current val is 2
I1013 15:35:19.925310 36745 naive_actor.cpp:25] actor 2199023255815 switch to &NaiveActor::HandlerNormal
I1013 15:35:19.925328 36745 thread.cpp:96] Thread 1048576 construct Actor kDeviceTick 2199023255815
I1013 15:35:19.925354 36745 runtime_context.cpp:29] DecreaseCounter constructing_actor_cnt, current val is 1
I1013 15:35:19.926292 36745 naive_actor.cpp:25] actor 2199023255814 switch to &NaiveActor::HandlerNormal
I1013 15:35:19.926312 36745 thread.cpp:96] Thread 1048576 construct Actor kNormalForward 2199023255814
I1013 15:35:19.926395 36745 runtime_context.cpp:29] DecreaseCounter constructing_actor_cnt, current val is 0
I1013 15:35:19.928386 36176 runtime.cpp:93] Actors on this machine constructed
I1013 15:35:19.928439 36176 runtime.cpp:95] Actors on every machine constructed
I1013 15:35:19.928468 36176 runtime_context.cpp:21] NewCounter job_5_running_actor_count 41
I1013 15:35:19.928488 36176 runtime_context.cpp:21] NewCounter job_4_running_actor_count 16
I1013 15:35:19.928504 36176 runtime_context.cpp:21] NewCounter job_3_running_actor_count 51
I1013 15:35:19.928520 36176 runtime_context.cpp:21] NewCounter job_2_running_actor_count 51
I1013 15:35:19.928537 36176 runtime_context.cpp:21] NewCounter job_0_running_actor_count 179
I1013 15:35:19.928552 36176 runtime_context.cpp:21] NewCounter job_1_running_actor_count 50
I1013 15:35:19.928644 36728 wait_and_send_ids_actor.cpp:73] actor 1099616485376 switch to &WaitAndSendIdsActor::HandlerNormal
I1013 15:35:19.928903 36176 global.h:36] NewGlobal N7oneflow7JobDescE
I1013 15:35:19.955209 36176 global.h:43] DeleteGlobal N7oneflow7JobDescE
I1013 15:35:29.378497 36176 global.h:43] DeleteGlobal N7oneflow7OneflowE
I1013 15:35:29.378867 36728 actor.cpp:411] actor 1099616485376 switch to &Actor::HandlerZombie
I1013 15:35:29.378904 36727 actor.cpp:411] actor 1099614388283 switch to &Actor::HandlerZombie
I1013 15:35:29.379087 36728 thread.cpp:76] thread 524338 deconstruct actor 1099616485376
I1013 15:35:29.379096 36727 actor.cpp:408] actor 1099614388284 switch to nullptr
I1013 15:35:29.379161 36727 thread.cpp:76] thread 524337 deconstruct actor 1099614388284
I1013 15:35:29.379388 36728 runtime_context.cpp:29] DecreaseCounter job_5_running_actor_count, current val is 40
I1013 15:35:29.379526 36727 runtime_context.cpp:29] DecreaseCounter job_5_running_actor_count, current val is 39
I1013 15:35:29.379644 36727 actor.cpp:408] actor 1099614388309 switch to nullptr
I1013 15:35:29.379694 36727 thread.cpp:76] thread 524337 deconstruct actor 1099614388309
I1013 15:35:29.379879 36727 runtime_context.cpp:29] DecreaseCounter job_5_running_actor_count, current val is 38
I1013 15:35:29.379946 36727 actor.cpp:408] actor 1099614388289 switch to nullptr
I1013 15:35:29.379969 36727 thread.cpp:76] thread 524337 deconstruct actor 1099614388289
I1013 15:35:29.380116 36727 runtime_context.cpp:29] DecreaseCounter job_5_running_actor_count, current val is 37
I1013 15:35:29.380168 36727 actor.cpp:408] actor 1099614388285 switch to nullptr
I1013 15:35:29.380187 36727 thread.cpp:76] thread 524337 deconstruct actor 1099614388285
I1013 15:35:29.380332 36727 runtime_context.cpp:29] DecreaseCounter job_5_running_actor_count, current val is 36
I1013 15:35:29.380381 36727 actor.cpp:408] actor 1099614388293 switch to nullptr
I1013 15:35:29.380400 36727 thread.cpp:76] thread 524337 deconstruct actor 1099614388293
I1013 15:35:29.380537 36727 runtime_context.cpp:29] DecreaseCounter job_5_running_actor_count, current val is 35
I1013 15:35:29.380578 36727 actor.cpp:408] actor 1099614388297 switch to nullptr
I1013 15:35:29.380594 36727 thread.cpp:76] thread 524337 deconstruct actor 1099614388297
I1013 15:35:29.380721 36727 runtime_context.cpp:29] DecreaseCounter job_5_running_actor_count, current val is 34
I1013 15:35:29.380774 36727 actor.cpp:408] actor 1099614388301 switch to nullptr
I1013 15:35:29.380807 36727 thread.cpp:76] thread 524337 deconstruct actor 1099614388301
I1013 15:35:29.380970 36727 runtime_context.cpp:29] DecreaseCounter job_5_running_actor_count, current val is 33
I1013 15:35:29.381000 36727 actor.cpp:408] actor 1099614388305 switch to nullptr
I1013 15:35:29.381016 36727 thread.cpp:76] thread 524337 deconstruct actor 1099614388305
I1013 15:35:29.381143 36727 runtime_context.cpp:29] DecreaseCounter job_5_running_actor_count, current val is 32
I1013 15:35:29.381170 36727 actor.cpp:408] actor 1099614388310 switch to nullptr
I1013 15:35:29.381186 36727 thread.cpp:76] thread 524337 deconstruct actor 1099614388310
I1013 15:35:29.381304 36727 runtime_context.cpp:29] DecreaseCounter job_5_running_actor_count, current val is 31
I1013 15:35:29.381331 36727 actor.cpp:408] actor 1099614388290 switch to nullptr
I1013 15:35:29.381346 36727 thread.cpp:76] thread 524337 deconstruct actor 1099614388290
I1013 15:35:29.381459 36727 runtime_context.cpp:29] DecreaseCounter job_5_running_actor_count, current val is 30
I1013 15:35:29.381487 36727 actor.cpp:408] actor 1099614388286 switch to nullptr
I1013 15:35:29.381503 36727 thread.cpp:76] thread 524337 deconstruct actor 1099614388286
I1013 15:35:29.381636 36727 runtime_context.cpp:29] DecreaseCounter job_5_running_actor_count, current val is 29
I1013 15:35:29.381666 36727 actor.cpp:408] actor 1099614388294 switch to nullptr
I1013 15:35:29.381681 36727 thread.cpp:76] thread 524337 deconstruct actor 1099614388294
I1013 15:35:29.381799 36727 runtime_context.cpp:29] DecreaseCounter job_5_running_actor_count, current val is 28
I1013 15:35:29.381824 36727 actor.cpp:408] actor 1099614388298 switch to nullptr
I1013 15:35:29.381899 36727 thread.cpp:76] thread 524337 deconstruct actor 1099614388298
I1013 15:35:29.382091 36727 runtime_context.cpp:29] DecreaseCounter job_5_running_actor_count, current val is 27
I1013 15:35:29.382131 36727 actor.cpp:408] actor 1099614388302 switch to nullptr
I1013 15:35:29.382148 36727 thread.cpp:76] thread 524337 deconstruct actor 1099614388302
I1013 15:35:29.382261 36727 runtime_context.cpp:29] DecreaseCounter job_5_running_actor_count, current val is 26
I1013 15:35:29.382288 36727 actor.cpp:408] actor 1099614388306 switch to nullptr
I1013 15:35:29.382303 36727 thread.cpp:76] thread 524337 deconstruct actor 1099614388306
I1013 15:35:29.382424 36727 runtime_context.cpp:29] DecreaseCounter job_5_running_actor_count, current val is 25
I1013 15:35:29.382454 36727 actor.cpp:408] actor 1099614388279 switch to nullptr
I1013 15:35:29.382469 36727 thread.cpp:76] thread 524337 deconstruct actor 1099614388279
I1013 15:35:29.382608 36727 runtime_context.cpp:29] DecreaseCounter job_4_running_actor_count, current val is 15
I1013 15:35:29.382639 36727 actor.cpp:408] actor 1099614388236 switch to nullptr
I1013 15:35:29.382654 36727 thread.cpp:76] thread 524337 deconstruct actor 1099614388236
I1013 15:35:29.382779 36727 runtime_context.cpp:29] DecreaseCounter job_0_running_actor_count, current val is 178
I1013 15:35:29.382807 36727 actor.cpp:408] actor 1099614388228 switch to nullptr
I1013 15:35:29.382822 36727 thread.cpp:76] thread 524337 deconstruct actor 1099614388228
I1013 15:35:29.382939 36727 runtime_context.cpp:29] DecreaseCounter job_0_running_actor_count, current val is 177
I1013 15:35:29.382968 36727 actor.cpp:408] actor 1099614388245 switch to nullptr
I1013 15:35:29.382983 36727 thread.cpp:76] thread 524337 deconstruct actor 1099614388245
I1013 15:35:29.383111 36727 runtime_context.cpp:29] DecreaseCounter job_1_running_actor_count, current val is 49
I1013 15:35:29.383136 36727 actor.cpp:408] actor 1099614388254 switch to nullptr
I1013 15:35:29.383150 36727 thread.cpp:76] thread 524337 deconstruct actor 1099614388254
I1013 15:35:29.383275 36727 runtime_context.cpp:29] DecreaseCounter job_2_running_actor_count, current val is 50
I1013 15:35:29.383301 36727 actor.cpp:408] actor 1099614388263 switch to nullptr
I1013 15:35:29.383314 36727 thread.cpp:76] thread 524337 deconstruct actor 1099614388263
I1013 15:35:29.383436 36727 runtime_context.cpp:29] DecreaseCounter job_3_running_actor_count, current val is 50
I1013 15:35:29.383461 36727 actor.cpp:408] actor 1099614388271 switch to nullptr
I1013 15:35:29.383476 36727 thread.cpp:76] thread 524337 deconstruct actor 1099614388271
I1013 15:35:29.383616 36727 runtime_context.cpp:29] DecreaseCounter job_4_running_actor_count, current val is 14
I1013 15:35:29.383646 36727 actor.cpp:408] actor 1099614388277 switch to nullptr
I1013 15:35:29.383661 36727 thread.cpp:76] thread 524337 deconstruct actor 1099614388277
I1013 15:35:29.383780 36727 runtime_context.cpp:29] DecreaseCounter job_4_running_actor_count, current val is 13
I1013 15:35:29.383808 36727 actor.cpp:408] actor 1099614388234 switch to nullptr
I1013 15:35:29.383824 36727 thread.cpp:76] thread 524337 deconstruct actor 1099614388234
I1013 15:35:29.383945 36727 runtime_context.cpp:29] DecreaseCounter job_0_running_actor_count, current val is 176
I1013 15:35:29.383986 36727 actor.cpp:408] actor 1099614388225 switch to nullptr
I1013 15:35:29.384002 36727 thread.cpp:76] thread 524337 deconstruct actor 1099614388225
I1013 15:35:29.384122 36745 actor.cpp:408] actor 2199023255698 switch to nullptr
I1013 15:35:29.384135 36727 runtime_context.cpp:29] DecreaseCounter job_0_running_actor_count, current val is 175
I1013 15:35:29.384193 36745 thread.cpp:76] thread 1048576 deconstruct actor 2199023255698
I1013 15:35:29.384222 36727 actor.cpp:408] actor 1099614388242 switch to nullptr
I1013 15:35:29.384241 36727 thread.cpp:76] thread 524337 deconstruct actor 1099614388242
I1013 15:35:29.384368 36727 runtime_context.cpp:29] DecreaseCounter job_1_running_actor_count, current val is 48
I1013 15:35:29.384382 36745 runtime_context.cpp:29] DecreaseCounter job_0_running_actor_count, current val is 174
I1013 15:35:29.384397 36727 actor.cpp:408] actor 1099614388251 switch to nullptr
I1013 15:35:29.384492 36745 actor.cpp:408] actor 2199023255691 switch to nullptr
I1013 15:35:29.384527 36727 thread.cpp:76] thread 524337 deconstruct actor 1099614388251
I1013 15:35:29.384552 36745 thread.cpp:76] thread 1048576 deconstruct actor 2199023255691
I1013 15:35:29.384703 36727 runtime_context.cpp:29] DecreaseCounter job_2_running_actor_count, current val is 49
I1013 15:35:29.384754 36727 actor.cpp:408] actor 1099614388260 switch to nullptr
I1013 15:35:29.384763 36745 runtime_context.cpp:29] DecreaseCounter job_0_running_actor_count, current val is 173
I1013 15:35:29.384769 36727 thread.cpp:76] thread 524337 deconstruct actor 1099614388260
I1013 15:35:29.384810 36745 actor.cpp:408] actor 2199023255685 switch to nullptr
I1013 15:35:29.384829 36745 thread.cpp:76] thread 1048576 deconstruct actor 2199023255685
I1013 15:35:29.384932 36727 runtime_context.cpp:29] DecreaseCounter job_3_running_actor_count, current val is 49
I1013 15:35:29.384939 36745 runtime_context.cpp:29] DecreaseCounter job_0_running_actor_count, current val is 172
I1013 15:35:29.384965 36727 actor.cpp:408] actor 1099614388268 switch to nullptr
I1013 15:35:29.385006 36727 thread.cpp:76] thread 524337 deconstruct actor 1099614388268
I1013 15:35:29.385007 36745 actor.cpp:408] actor 2199023255683 switch to nullptr
I1013 15:35:29.385041 36745 thread.cpp:76] thread 1048576 deconstruct actor 2199023255683
I1013 15:35:29.385131 36727 runtime_context.cpp:29] DecreaseCounter job_4_running_actor_count, current val is 12
I1013 15:35:29.385161 36727 actor.cpp:411] actor 1099614388280 switch to &Actor::HandlerZombie
I1013 15:35:29.385164 36745 runtime_context.cpp:29] DecreaseCounter job_0_running_actor_count, current val is 171
I1013 15:35:29.385193 36727 actor.cpp:408] actor 1099614388275 switch to nullptr
I1013 15:35:29.385222 36745 actor.cpp:408] actor 2199023255675 switch to nullptr
I1013 15:35:29.385223 36727 thread.cpp:76] thread 524337 deconstruct actor 1099614388275
I1013 15:35:29.385246 36726 actor.cpp:411] actor 1099555667968 switch to &Actor::HandlerZombie
I1013 15:35:29.385267 36745 thread.cpp:76] thread 1048576 deconstruct actor 2199023255675
I1013 15:35:29.385258 36725 actor.cpp:411] actor 1099553570816 switch to &Actor::HandlerZombie
I1013 15:35:29.385339 36726 thread.cpp:76] thread 524309 deconstruct actor 1099555667968
I1013 15:35:29.385411 36727 runtime_context.cpp:29] DecreaseCounter job_4_running_actor_count, current val is 11
I1013 15:35:29.385442 36727 actor.cpp:411] actor 1099614388237 switch to &Actor::HandlerZombie
I1013 15:35:29.385455 36745 runtime_context.cpp:29] DecreaseCounter job_0_running_actor_count, current val is 170
I1013 15:35:29.385471 36727 actor.cpp:408] actor 1099614388232 switch to nullptr
I1013 15:35:29.385499 36745 actor.cpp:408] actor 2199023255673 switch to nullptr
I1013 15:35:29.385501 36727 thread.cpp:76] thread 524337 deconstruct actor 1099614388232
I1013 15:35:29.385519 36745 thread.cpp:76] thread 1048576 deconstruct actor 2199023255673
I1013 15:35:29.385540 36710 actor.cpp:411] actor 1099522113536 switch to &Actor::HandlerZombie
I1013 15:35:29.385627 36726 runtime_context.cpp:29] DecreaseCounter job_4_running_actor_count, current val is 10
I1013 15:35:29.385675 36727 runtime_context.cpp:29] DecreaseCounter job_0_running_actor_count, current val is 169
I1013 15:35:29.385680 36745 runtime_context.cpp:29] DecreaseCounter job_0_running_actor_count, current val is 168
I1013 15:35:29.385730 36727 actor.cpp:411] actor 1099614388229 switch to &Actor::HandlerZombie
I1013 15:35:29.385761 36745 actor.cpp:408] actor 2199023255671 switch to nullptr
I1013 15:35:29.385780 36745 thread.cpp:76] thread 1048576 deconstruct actor 2199023255671
I1013 15:35:29.385792 36727 actor.cpp:408] actor 1099614388224 switch to nullptr
I1013 15:35:29.385812 36727 thread.cpp:76] thread 524337 deconstruct actor 1099614388224
I1013 15:35:29.385891 36745 runtime_context.cpp:29] DecreaseCounter job_0_running_actor_count, current val is 167
I1013 15:35:29.385900 36711 actor.cpp:408] actor 1099524210688 switch to nullptr
I1013 15:35:29.385960 36705 actor.cpp:408] actor 1099511627776 switch to nullptr
I1013 15:35:29.385991 36745 actor.cpp:408] actor 2199023255667 switch to nullptr
I1013 15:35:29.386059 36727 runtime_context.cpp:29] DecreaseCounter job_0_running_actor_count, current val is 166
I1013 15:35:29.386234 36747 actor.cpp:408] actor 2199025352705 switch to nullptr
I1013 15:35:29.385982 36715 actor.cpp:408] actor 1099532599296 switch to nullptr
I1013 15:35:29.385965 36712 actor.cpp:408] actor 1099526307840 switch to nullptr
I1013 15:35:29.386390 36712 thread.cpp:76] thread 524295 deconstruct actor 1099526307840
I1013 15:35:29.386132 36711 thread.cpp:76] thread 524294 deconstruct actor 1099524210688
I1013 15:35:29.386157 36705 thread.cpp:76] thread 524288 deconstruct actor 1099511627776
I1013 15:35:29.386175 36708 actor.cpp:408] actor 1099517919232 switch to nullptr
I1013 15:35:29.386181 36709 actor.cpp:408] actor 1099520016384 switch to nullptr
I1013 15:35:29.386193 36706 actor.cpp:408] actor 1099513724928 switch to nullptr
I1013 15:35:29.386646 36711 runtime_context.cpp:29] DecreaseCounter job_0_running_actor_count, current val is 164
I1013 15:35:29.386202 36713 actor.cpp:408] actor 1099528404992 switch to nullptr
I1013 15:35:29.386183 36707 actor.cpp:408] actor 1099515822080 switch to nullptr
I1013 15:35:29.385963 36714 actor.cpp:411] actor 1099530502144 switch to &Actor::HandlerZombie
I1013 15:35:29.386833 36714 thread.cpp:76] thread 524297 deconstruct actor 1099530502144
I1013 15:35:29.386284 36727 actor.cpp:411] actor 1099614388246 switch to &Actor::HandlerZombie
I1013 15:35:29.386304 36747 thread.cpp:76] thread 1048577 deconstruct actor 2199025352705
I1013 15:35:29.386346 36715 thread.cpp:76] thread 524298 deconstruct actor 1099532599296
I1013 15:35:29.386981 36717 actor.cpp:408] actor 1099536793600 switch to nullptr
I1013 15:35:29.387043 36717 thread.cpp:76] thread 524300 deconstruct actor 1099536793600
I1013 15:35:29.386584 36708 thread.cpp:76] thread 524291 deconstruct actor 1099517919232
I1013 15:35:29.387080 36714 runtime_context.cpp:29] DecreaseCounter job_0_running_actor_count, current val is 163
I1013 15:35:29.387094 36718 actor.cpp:408] actor 1099538890752 switch to nullptr
I1013 15:35:29.386663 36706 thread.cpp:76] thread 524289 deconstruct actor 1099513724928
I1013 15:35:29.386734 36713 thread.cpp:76] thread 524296 deconstruct actor 1099528404992
I1013 15:35:29.387279 36708 runtime_context.cpp:29] DecreaseCounter job_0_running_actor_count, current val is 160
I1013 15:35:29.386931 36727 actor.cpp:408] actor 1099614388241 switch to nullptr
I1013 15:35:29.386981 36716 actor.cpp:408] actor 1099534696448 switch to nullptr
I1013 15:35:29.387403 36716 thread.cpp:76] thread 524299 deconstruct actor 1099534696448
I1013 15:35:29.386539 36712 runtime_context.cpp:29] DecreaseCounter job_0_running_actor_count, current val is 165
I1013 15:35:29.386621 36709 thread.cpp:76] thread 524292 deconstruct actor 1099520016384
I1013 15:35:29.387462 36706 runtime_context.cpp:29] DecreaseCounter job_0_running_actor_count, current val is 159
I1013 15:35:29.387115 36747 runtime_context.cpp:29] DecreaseCounter job_0_running_actor_count, current val is 162
I1013 15:35:29.387212 36715 runtime_context.cpp:29] DecreaseCounter job_0_running_actor_count, current val is 161
I1013 15:35:29.387213 36717 runtime_context.cpp:29] DecreaseCounter job_1_running_actor_count, current val is 47
I1013 15:35:29.386785 36707 thread.cpp:76] thread 524290 deconstruct actor 1099515822080
I1013 15:35:29.387640 36716 runtime_context.cpp:29] DecreaseCounter job_1_running_actor_count, current val is 46
I1013 15:35:29.386196 36745 thread.cpp:76] thread 1048576 deconstruct actor 2199023255667
I1013 15:35:29.387149 36718 thread.cpp:76] thread 524301 deconstruct actor 1099538890752
I1013 15:35:29.387529 36713 runtime_context.cpp:29] DecreaseCounter job_0_running_actor_count, current val is 158
I1013 15:35:29.387559 36747 actor.cpp:408] actor 2199025352708 switch to nullptr
I1013 15:35:29.387357 36727 thread.cpp:76] thread 524337 deconstruct actor 1099614388241
I1013 15:35:29.387904 36707 runtime_context.cpp:29] DecreaseCounter job_0_running_actor_count, current val is 154
I1013 15:35:29.387764 36709 runtime_context.cpp:29] DecreaseCounter job_0_running_actor_count, current val is 156
I1013 15:35:29.387810 36745 runtime_context.cpp:29] DecreaseCounter job_0_running_actor_count, current val is 155
I1013 15:35:29.387848 36747 thread.cpp:76] thread 1048577 deconstruct actor 2199025352708
I1013 15:35:29.388070 36745 actor.cpp:408] actor 2199023255661 switch to nullptr
I1013 15:35:29.387651 36705 runtime_context.cpp:29] DecreaseCounter job_0_running_actor_count, current val is 157
I1013 15:35:29.388051 36727 runtime_context.cpp:29] DecreaseCounter job_1_running_actor_count, current val is 44
I1013 15:35:29.387866 36718 runtime_context.cpp:29] DecreaseCounter job_1_running_actor_count, current val is 45
I1013 15:35:29.388094 36745 thread.cpp:76] thread 1048576 deconstruct actor 2199023255661
I1013 15:35:29.388129 36747 runtime_context.cpp:29] DecreaseCounter job_0_running_actor_count, current val is 153
I1013 15:35:29.388165 36727 actor.cpp:411] actor 1099614388255 switch to &Actor::HandlerZombie
I1013 15:35:29.388250 36747 actor.cpp:408] actor 2199025352707 switch to nullptr
I1013 15:35:29.388273 36747 thread.cpp:76] thread 1048577 deconstruct actor 2199025352707
I1013 15:35:29.388273 36727 actor.cpp:408] actor 1099614388250 switch to nullptr
I1013 15:35:29.388309 36727 thread.cpp:76] thread 524337 deconstruct actor 1099614388250
I1013 15:35:29.388320 36719 actor.cpp:408] actor 1099540987904 switch to nullptr
I1013 15:35:29.388334 36747 runtime_context.cpp:29] DecreaseCounter job_0_running_actor_count, current val is 151
I1013 15:35:29.388378 36721 actor.cpp:411] actor 1099545182208 switch to &Actor::HandlerZombie
I1013 15:35:29.388339 36720 actor.cpp:408] actor 1099543085056 switch to nullptr
I1013 15:35:29.388378 36719 thread.cpp:76] thread 524302 deconstruct actor 1099540987904
I1013 15:35:29.388319 36745 runtime_context.cpp:29] DecreaseCounter job_0_running_actor_count, current val is 152
I1013 15:35:29.388407 36747 actor.cpp:408] actor 2199025352706 switch to nullptr
I1013 15:35:29.388427 36721 thread.cpp:76] thread 524304 deconstruct actor 1099545182208
