I1014 10:21:12.948112 41151 naive_actor.cpp:25] actor 2199023255837 switch to &NaiveActor::HandlerNormal
I1014 10:21:12.948154 41151 thread.cpp:96] Thread 1048576 construct Actor kNormalForward 2199023255837
I1014 10:21:12.948197 41151 runtime_context.cpp:29] DecreaseCounter constructing_actor_cnt, current val is 22
I1014 10:21:12.948416 41151 naive_actor.cpp:25] actor 2199023255841 switch to &NaiveActor::HandlerNormal
I1014 10:21:12.948457 41151 thread.cpp:96] Thread 1048576 construct Actor kNormalForward 2199023255841
I1014 10:21:12.948499 41151 runtime_context.cpp:29] DecreaseCounter constructing_actor_cnt, current val is 21
I1014 10:21:12.948732 41151 naive_actor.cpp:25] actor 2199023255838 switch to &NaiveActor::HandlerNormal
I1014 10:21:12.948774 41151 thread.cpp:96] Thread 1048576 construct Actor kNormalForward 2199023255838
I1014 10:21:12.948817 41151 runtime_context.cpp:29] DecreaseCounter constructing_actor_cnt, current val is 20
I1014 10:21:12.949049 41151 naive_actor.cpp:25] actor 2199023255840 switch to &NaiveActor::HandlerNormal
I1014 10:21:12.949085 41151 thread.cpp:96] Thread 1048576 construct Actor kNormalForward 2199023255840
I1014 10:21:12.949127 41151 runtime_context.cpp:29] DecreaseCounter constructing_actor_cnt, current val is 19
I1014 10:21:12.949359 41151 naive_actor.cpp:25] actor 2199023255836 switch to &NaiveActor::HandlerNormal
I1014 10:21:12.949400 41151 thread.cpp:96] Thread 1048576 construct Actor kNormalForward 2199023255836
I1014 10:21:12.949442 41151 runtime_context.cpp:29] DecreaseCounter constructing_actor_cnt, current val is 18
I1014 10:21:12.949671 41151 naive_actor.cpp:25] actor 2199023255842 switch to &NaiveActor::HandlerNormal
I1014 10:21:12.949712 41151 thread.cpp:96] Thread 1048576 construct Actor kNormalForward 2199023255842
I1014 10:21:12.949765 41151 runtime_context.cpp:29] DecreaseCounter constructing_actor_cnt, current val is 17
I1014 10:21:12.950003 41151 naive_actor.cpp:25] actor 2199023255848 switch to &NaiveActor::HandlerNormal
I1014 10:21:12.950039 41151 thread.cpp:96] Thread 1048576 construct Actor kNormalForward 2199023255848
I1014 10:21:12.950081 41151 runtime_context.cpp:29] DecreaseCounter constructing_actor_cnt, current val is 16
I1014 10:21:12.950314 41151 naive_actor.cpp:25] actor 2199023255843 switch to &NaiveActor::HandlerNormal
I1014 10:21:12.950354 41151 thread.cpp:96] Thread 1048576 construct Actor kNormalForward 2199023255843
I1014 10:21:12.950405 41151 runtime_context.cpp:29] DecreaseCounter constructing_actor_cnt, current val is 15
I1014 10:21:12.950640 41151 naive_actor.cpp:25] actor 2199023255844 switch to &NaiveActor::HandlerNormal
I1014 10:21:12.950681 41151 thread.cpp:96] Thread 1048576 construct Actor kNormalForward 2199023255844
I1014 10:21:12.950723 41151 runtime_context.cpp:29] DecreaseCounter constructing_actor_cnt, current val is 14
I1014 10:21:12.950942 41151 naive_actor.cpp:25] actor 2199023255853 switch to &NaiveActor::HandlerNormal
I1014 10:21:12.950966 41151 thread.cpp:96] Thread 1048576 construct Actor kNormalForward 2199023255853
I1014 10:21:12.951005 41151 runtime_context.cpp:29] DecreaseCounter constructing_actor_cnt, current val is 13
I1014 10:21:12.951242 41151 naive_actor.cpp:25] actor 2199023255847 switch to &NaiveActor::HandlerNormal
I1014 10:21:12.951282 41151 thread.cpp:96] Thread 1048576 construct Actor kNormalForward 2199023255847
I1014 10:21:12.951324 41151 runtime_context.cpp:29] DecreaseCounter constructing_actor_cnt, current val is 12
I1014 10:21:12.951539 41151 naive_actor.cpp:25] actor 2199023255824 switch to &NaiveActor::HandlerNormal
I1014 10:21:12.951572 41151 thread.cpp:96] Thread 1048576 construct Actor kNormalForward 2199023255824
I1014 10:21:12.951613 41151 runtime_context.cpp:29] DecreaseCounter constructing_actor_cnt, current val is 11
I1014 10:21:12.951836 41151 naive_actor.cpp:25] actor 2199023255851 switch to &NaiveActor::HandlerNormal
I1014 10:21:12.951875 41151 thread.cpp:96] Thread 1048576 construct Actor kNormalForward 2199023255851
I1014 10:21:12.951917 41151 runtime_context.cpp:29] DecreaseCounter constructing_actor_cnt, current val is 10
I1014 10:21:12.952170 41151 naive_actor.cpp:25] actor 2199023255850 switch to &NaiveActor::HandlerNormal
I1014 10:21:12.952211 41151 thread.cpp:96] Thread 1048576 construct Actor kNormalForward 2199023255850
I1014 10:21:12.952255 41151 runtime_context.cpp:29] DecreaseCounter constructing_actor_cnt, current val is 9
I1014 10:21:12.953924 41151 naive_actor.cpp:25] actor 2199023255858 switch to &NaiveActor::HandlerNormal
I1014 10:21:12.953969 41151 thread.cpp:96] Thread 1048576 construct Actor kNormalForward 2199023255858
I1014 10:21:12.954088 41151 runtime_context.cpp:29] DecreaseCounter constructing_actor_cnt, current val is 8
I1014 10:21:12.954336 41151 naive_actor.cpp:25] actor 2199023255832 switch to &NaiveActor::HandlerNormal
I1014 10:21:12.954377 41151 thread.cpp:96] Thread 1048576 construct Actor kNormalForward 2199023255832
I1014 10:21:12.954421 41151 runtime_context.cpp:29] DecreaseCounter constructing_actor_cnt, current val is 7
I1014 10:21:12.954676 41151 naive_actor.cpp:25] actor 2199023255830 switch to &NaiveActor::HandlerNormal
I1014 10:21:12.954717 41151 thread.cpp:96] Thread 1048576 construct Actor kNormalForward 2199023255830
I1014 10:21:12.954761 41151 runtime_context.cpp:29] DecreaseCounter constructing_actor_cnt, current val is 6
I1014 10:21:12.954990 41151 naive_actor.cpp:25] actor 2199023255834 switch to &NaiveActor::HandlerNormal
I1014 10:21:12.955015 41151 thread.cpp:96] Thread 1048576 construct Actor kNormalForward 2199023255834
I1014 10:21:12.955055 41151 runtime_context.cpp:29] DecreaseCounter constructing_actor_cnt, current val is 5
I1014 10:21:12.955281 41151 naive_actor.cpp:25] actor 2199023255857 switch to &NaiveActor::HandlerNormal
I1014 10:21:12.955307 41151 thread.cpp:96] Thread 1048576 construct Actor kNormalForward 2199023255857
I1014 10:21:12.955345 41151 runtime_context.cpp:29] DecreaseCounter constructing_actor_cnt, current val is 4
I1014 10:21:12.955574 41151 naive_actor.cpp:25] actor 2199023255839 switch to &NaiveActor::HandlerNormal
I1014 10:21:12.955600 41151 thread.cpp:96] Thread 1048576 construct Actor kNormalForward 2199023255839
I1014 10:21:12.955654 41151 runtime_context.cpp:29] DecreaseCounter constructing_actor_cnt, current val is 3
I1014 10:21:12.955894 41151 naive_actor.cpp:25] actor 2199023255849 switch to &NaiveActor::HandlerNormal
I1014 10:21:12.955935 41151 thread.cpp:96] Thread 1048576 construct Actor kNormalForward 2199023255849
I1014 10:21:12.955977 41151 runtime_context.cpp:29] DecreaseCounter constructing_actor_cnt, current val is 2
I1014 10:21:12.956200 41151 naive_actor.cpp:25] actor 2199023255856 switch to &NaiveActor::HandlerNormal
I1014 10:21:12.956225 41151 thread.cpp:96] Thread 1048576 construct Actor kNormalForward 2199023255856
I1014 10:21:12.956264 41151 runtime_context.cpp:29] DecreaseCounter constructing_actor_cnt, current val is 1
I1014 10:21:12.956494 41151 naive_actor.cpp:25] actor 2199023255859 switch to &NaiveActor::HandlerNormal
I1014 10:21:12.956534 41151 thread.cpp:96] Thread 1048576 construct Actor kDeviceTick 2199023255859
I1014 10:21:12.956591 41151 runtime_context.cpp:29] DecreaseCounter constructing_actor_cnt, current val is 0
I1014 10:21:12.958451 40574 runtime.cpp:93] Actors on this machine constructed
I1014 10:21:12.958588 40574 runtime.cpp:95] Actors on every machine constructed
I1014 10:21:12.958626 40574 runtime_context.cpp:21] NewCounter job_5_running_actor_count 41
I1014 10:21:12.958647 40574 runtime_context.cpp:21] NewCounter job_4_running_actor_count 22
I1014 10:21:12.958664 40574 runtime_context.cpp:21] NewCounter job_3_running_actor_count 91
I1014 10:21:12.958683 40574 runtime_context.cpp:21] NewCounter job_2_running_actor_count 91
I1014 10:21:12.958736 40574 runtime_context.cpp:21] NewCounter job_0_running_actor_count 435
I1014 10:21:12.958775 40574 runtime_context.cpp:21] NewCounter job_1_running_actor_count 89
I1014 10:21:12.958870 41145 wait_and_send_ids_actor.cpp:73] actor 1099616485376 switch to &WaitAndSendIdsActor::HandlerNormal
I1014 10:21:12.959085 40574 global.h:36] NewGlobal N7oneflow7JobDescE
I1014 10:21:12.999948 40574 global.h:43] DeleteGlobal N7oneflow7JobDescE
I1014 10:21:13.507462 41157 local.cpp:114] waiting for key: eager_nccl_unique_id_rpc_key,0:0,0:1
I1014 10:21:13.515913 41151 eager_nccl_comm_manager.cpp:69]  EagerNcclCommMgr::ncclCommInitRank device_vec.size() = 2, nccl_unique_id = 0200ffffffc7530b0b010e000000000000000000000000000000000000000000000000000000000000000000000000000000000000000000000000000000000000000000000000000000000000000000000000000000000000000000000000000000000000000000000000000000000000000000000000000000000000000000000000, rank = 0, key = {eager_nccl_unique_id_rpc_key,0:0,0:1}
I1014 10:21:13.515955 41157 eager_nccl_comm_manager.cpp:69]  EagerNcclCommMgr::ncclCommInitRank device_vec.size() = 2, nccl_unique_id = 0200ffffffc7530b0b010e000000000000000000000000000000000000000000000000000000000000000000000000000000000000000000000000000000000000000000000000000000000000000000000000000000000000000000000000000000000000000000000000000000000000000000000000000000000000000000000000, rank = 1, key = {eager_nccl_unique_id_rpc_key,0:0,0:1}
I1014 10:21:36.350481 40574 global.h:43] DeleteGlobal N7oneflow7OneflowE
I1014 10:21:36.350859 41145 actor.cpp:411] actor 1099616485376 switch to &Actor::HandlerZombie
I1014 10:21:36.350955 41144 actor.cpp:411] actor 1099614388294 switch to &Actor::HandlerZombie
I1014 10:21:36.351066 41145 thread.cpp:76] thread 524338 deconstruct actor 1099616485376
I1014 10:21:36.351071 41144 actor.cpp:408] actor 1099614388295 switch to nullptr
I1014 10:21:36.351120 41144 thread.cpp:76] thread 524337 deconstruct actor 1099614388295
I1014 10:21:36.351375 41145 runtime_context.cpp:29] DecreaseCounter job_5_running_actor_count, current val is 40
I1014 10:21:36.351614 41144 runtime_context.cpp:29] DecreaseCounter job_5_running_actor_count, current val is 39
I1014 10:21:36.351655 41144 actor.cpp:408] actor 1099614388320 switch to nullptr
I1014 10:21:36.351675 41144 thread.cpp:76] thread 524337 deconstruct actor 1099614388320
I1014 10:21:36.351850 41144 runtime_context.cpp:29] DecreaseCounter job_5_running_actor_count, current val is 38
I1014 10:21:36.351881 41144 actor.cpp:408] actor 1099614388300 switch to nullptr
I1014 10:21:36.351897 41144 thread.cpp:76] thread 524337 deconstruct actor 1099614388300
I1014 10:21:36.352046 41144 runtime_context.cpp:29] DecreaseCounter job_5_running_actor_count, current val is 37
I1014 10:21:36.352077 41144 actor.cpp:408] actor 1099614388296 switch to nullptr
I1014 10:21:36.352093 41144 thread.cpp:76] thread 524337 deconstruct actor 1099614388296
I1014 10:21:36.352267 41144 runtime_context.cpp:29] DecreaseCounter job_5_running_actor_count, current val is 36
I1014 10:21:36.352293 41144 actor.cpp:408] actor 1099614388304 switch to nullptr
I1014 10:21:36.352308 41144 thread.cpp:76] thread 524337 deconstruct actor 1099614388304
I1014 10:21:36.352469 41144 runtime_context.cpp:29] DecreaseCounter job_5_running_actor_count, current val is 35
I1014 10:21:36.352497 41144 actor.cpp:408] actor 1099614388308 switch to nullptr
I1014 10:21:36.352514 41144 thread.cpp:76] thread 524337 deconstruct actor 1099614388308
I1014 10:21:36.352690 41144 runtime_context.cpp:29] DecreaseCounter job_5_running_actor_count, current val is 34
I1014 10:21:36.352720 41144 actor.cpp:408] actor 1099614388312 switch to nullptr
I1014 10:21:36.352735 41144 thread.cpp:76] thread 524337 deconstruct actor 1099614388312
I1014 10:21:36.352905 41144 runtime_context.cpp:29] DecreaseCounter job_5_running_actor_count, current val is 33
I1014 10:21:36.352934 41144 actor.cpp:408] actor 1099614388316 switch to nullptr
I1014 10:21:36.352950 41144 thread.cpp:76] thread 524337 deconstruct actor 1099614388316
I1014 10:21:36.353134 41144 runtime_context.cpp:29] DecreaseCounter job_5_running_actor_count, current val is 32
I1014 10:21:36.353161 41144 actor.cpp:408] actor 1099614388321 switch to nullptr
I1014 10:21:36.353178 41144 thread.cpp:76] thread 524337 deconstruct actor 1099614388321
I1014 10:21:36.353346 41144 runtime_context.cpp:29] DecreaseCounter job_5_running_actor_count, current val is 31
I1014 10:21:36.353427 41144 actor.cpp:408] actor 1099614388301 switch to nullptr
I1014 10:21:36.353451 41144 thread.cpp:76] thread 524337 deconstruct actor 1099614388301
I1014 10:21:36.353636 41144 runtime_context.cpp:29] DecreaseCounter job_5_running_actor_count, current val is 30
I1014 10:21:36.353699 41144 actor.cpp:408] actor 1099614388297 switch to nullptr
I1014 10:21:36.353719 41144 thread.cpp:76] thread 524337 deconstruct actor 1099614388297
I1014 10:21:36.353888 41144 runtime_context.cpp:29] DecreaseCounter job_5_running_actor_count, current val is 29
I1014 10:21:36.353920 41144 actor.cpp:408] actor 1099614388305 switch to nullptr
I1014 10:21:36.353937 41144 thread.cpp:76] thread 524337 deconstruct actor 1099614388305
I1014 10:21:36.354102 41144 runtime_context.cpp:29] DecreaseCounter job_5_running_actor_count, current val is 28
I1014 10:21:36.354128 41144 actor.cpp:408] actor 1099614388309 switch to nullptr
I1014 10:21:36.354144 41144 thread.cpp:76] thread 524337 deconstruct actor 1099614388309
I1014 10:21:36.354308 41144 runtime_context.cpp:29] DecreaseCounter job_5_running_actor_count, current val is 27
I1014 10:21:36.354336 41144 actor.cpp:408] actor 1099614388313 switch to nullptr
I1014 10:21:36.354353 41144 thread.cpp:76] thread 524337 deconstruct actor 1099614388313
I1014 10:21:36.354526 41144 runtime_context.cpp:29] DecreaseCounter job_5_running_actor_count, current val is 26
I1014 10:21:36.354554 41144 actor.cpp:408] actor 1099614388317 switch to nullptr
I1014 10:21:36.354581 41144 thread.cpp:76] thread 524337 deconstruct actor 1099614388317
I1014 10:21:36.354745 41144 runtime_context.cpp:29] DecreaseCounter job_5_running_actor_count, current val is 25
I1014 10:21:36.354776 41144 actor.cpp:408] actor 1099614388290 switch to nullptr
I1014 10:21:36.354792 41144 thread.cpp:76] thread 524337 deconstruct actor 1099614388290
I1014 10:21:36.354961 41144 runtime_context.cpp:29] DecreaseCounter job_4_running_actor_count, current val is 21
I1014 10:21:36.354990 41144 actor.cpp:408] actor 1099614388242 switch to nullptr
I1014 10:21:36.355005 41144 thread.cpp:76] thread 524337 deconstruct actor 1099614388242
I1014 10:21:36.355159 41144 runtime_context.cpp:29] DecreaseCounter job_0_running_actor_count, current val is 434
I1014 10:21:36.355188 41144 actor.cpp:408] actor 1099614388232 switch to nullptr
I1014 10:21:36.355204 41144 thread.cpp:76] thread 524337 deconstruct actor 1099614388232
I1014 10:21:36.355361 41144 runtime_context.cpp:29] DecreaseCounter job_0_running_actor_count, current val is 433
I1014 10:21:36.355387 41144 actor.cpp:408] actor 1099614388251 switch to nullptr
I1014 10:21:36.355403 41144 thread.cpp:76] thread 524337 deconstruct actor 1099614388251
I1014 10:21:36.355581 41144 runtime_context.cpp:29] DecreaseCounter job_1_running_actor_count, current val is 88
I1014 10:21:36.355612 41144 actor.cpp:408] actor 1099614388260 switch to nullptr
I1014 10:21:36.355628 41144 thread.cpp:76] thread 524337 deconstruct actor 1099614388260
I1014 10:21:36.355809 41144 runtime_context.cpp:29] DecreaseCounter job_2_running_actor_count, current val is 90
I1014 10:21:36.355840 41144 actor.cpp:408] actor 1099614388269 switch to nullptr
I1014 10:21:36.355856 41144 thread.cpp:76] thread 524337 deconstruct actor 1099614388269
I1014 10:21:36.356038 41144 runtime_context.cpp:29] DecreaseCounter job_3_running_actor_count, current val is 90
I1014 10:21:36.356065 41144 actor.cpp:408] actor 1099614388278 switch to nullptr
I1014 10:21:36.356081 41144 thread.cpp:76] thread 524337 deconstruct actor 1099614388278
I1014 10:21:36.356245 41144 runtime_context.cpp:29] DecreaseCounter job_4_running_actor_count, current val is 20
I1014 10:21:36.356273 41144 actor.cpp:408] actor 1099614388288 switch to nullptr
I1014 10:21:36.356289 41144 thread.cpp:76] thread 524337 deconstruct actor 1099614388288
I1014 10:21:36.356453 41144 runtime_context.cpp:29] DecreaseCounter job_4_running_actor_count, current val is 19
I1014 10:21:36.356482 41144 actor.cpp:408] actor 1099614388240 switch to nullptr
I1014 10:21:36.356624 41144 thread.cpp:76] thread 524337 deconstruct actor 1099614388240
I1014 10:21:36.356827 41144 runtime_context.cpp:29] DecreaseCounter job_0_running_actor_count, current val is 432
I1014 10:21:36.356902 41144 actor.cpp:408] actor 1099614388227 switch to nullptr
I1014 10:21:36.356925 41144 thread.cpp:76] thread 524337 deconstruct actor 1099614388227
I1014 10:21:36.357028 41157 actor.cpp:408] actor 2207613190314 switch to nullptr
I1014 10:21:36.357053 41151 actor.cpp:408] actor 2199023255722 switch to nullptr
I1014 10:21:36.357100 41157 thread.cpp:76] thread 1052672 deconstruct actor 2207613190314
I1014 10:21:36.357110 41144 runtime_context.cpp:29] DecreaseCounter job_0_running_actor_count, current val is 431
I1014 10:21:36.357144 41151 thread.cpp:76] thread 1048576 deconstruct actor 2199023255722
I1014 10:21:36.357208 41144 actor.cpp:408] actor 1099614388248 switch to nullptr
I1014 10:21:36.357230 41144 thread.cpp:76] thread 524337 deconstruct actor 1099614388248
I1014 10:21:36.357410 41157 runtime_context.cpp:29] DecreaseCounter job_0_running_actor_count, current val is 430
I1014 10:21:36.357430 41144 runtime_context.cpp:29] DecreaseCounter job_1_running_actor_count, current val is 87
I1014 10:21:36.357440 41151 runtime_context.cpp:29] DecreaseCounter job_0_running_actor_count, current val is 429
I1014 10:21:36.357492 41144 actor.cpp:408] actor 1099614388257 switch to nullptr
I1014 10:21:36.357493 41157 actor.cpp:408] actor 2207613190301 switch to nullptr
I1014 10:21:36.357522 41144 thread.cpp:76] thread 524337 deconstruct actor 1099614388257
I1014 10:21:36.357537 41151 actor.cpp:408] actor 2199023255709 switch to nullptr
I1014 10:21:36.357542 41157 thread.cpp:76] thread 1052672 deconstruct actor 2207613190301
I1014 10:21:36.357601 41151 thread.cpp:76] thread 1048576 deconstruct actor 2199023255709
I1014 10:21:36.357738 41144 runtime_context.cpp:29] DecreaseCounter job_2_running_actor_count, current val is 89
I1014 10:21:36.357767 41157 runtime_context.cpp:29] DecreaseCounter job_0_running_actor_count, current val is 428
I1014 10:21:36.357774 41144 actor.cpp:408] actor 1099614388266 switch to nullptr
I1014 10:21:36.357815 41157 actor.cpp:408] actor 2207613190299 switch to nullptr
I1014 10:21:36.357779 41151 runtime_context.cpp:29] DecreaseCounter job_0_running_actor_count, current val is 427
I1014 10:21:36.357822 41144 thread.cpp:76] thread 524337 deconstruct actor 1099614388266
I1014 10:21:36.357841 41157 thread.cpp:76] thread 1052672 deconstruct actor 2207613190299
I1014 10:21:36.357899 41151 actor.cpp:408] actor 2199023255707 switch to nullptr
I1014 10:21:36.357944 41151 thread.cpp:76] thread 1048576 deconstruct actor 2199023255707
I1014 10:21:36.358047 41144 runtime_context.cpp:29] DecreaseCounter job_3_running_actor_count, current val is 89
I1014 10:21:36.358049 41157 runtime_context.cpp:29] DecreaseCounter job_0_running_actor_count, current val is 426
I1014 10:21:36.358059 41151 runtime_context.cpp:29] DecreaseCounter job_0_running_actor_count, current val is 425
I1014 10:21:36.358079 41144 actor.cpp:408] actor 1099614388275 switch to nullptr
I1014 10:21:36.358144 41151 actor.cpp:408] actor 2199023255701 switch to nullptr
I1014 10:21:36.358126 41157 actor.cpp:408] actor 2207613190293 switch to nullptr
I1014 10:21:36.358148 41144 thread.cpp:76] thread 524337 deconstruct actor 1099614388275
I1014 10:21:36.358166 41151 thread.cpp:76] thread 1048576 deconstruct actor 2199023255701
I1014 10:21:36.358194 41157 thread.cpp:76] thread 1052672 deconstruct actor 2207613190293
I1014 10:21:36.358328 41151 runtime_context.cpp:29] DecreaseCounter job_0_running_actor_count, current val is 424
I1014 10:21:36.358366 41151 actor.cpp:408] actor 2199023255699 switch to nullptr
I1014 10:21:36.358378 41144 runtime_context.cpp:29] DecreaseCounter job_4_running_actor_count, current val is 18
I1014 10:21:36.358382 41157 runtime_context.cpp:29] DecreaseCounter job_0_running_actor_count, current val is 423
I1014 10:21:36.358382 41151 thread.cpp:76] thread 1048576 deconstruct actor 2199023255699
I1014 10:21:36.358418 41144 actor.cpp:408] actor 1099614388286 switch to nullptr
I1014 10:21:36.358449 41157 actor.cpp:408] actor 2207613190291 switch to nullptr
I1014 10:21:36.358455 41143 actor.cpp:411] actor 1099574542336 switch to &Actor::HandlerZombie
I1014 10:21:36.358505 41144 thread.cpp:76] thread 524337 deconstruct actor 1099614388286
I1014 10:21:36.358533 41157 thread.cpp:76] thread 1052672 deconstruct actor 2207613190291
I1014 10:21:36.358541 41151 runtime_context.cpp:29] DecreaseCounter job_0_running_actor_count, current val is 422
I1014 10:21:36.358692 41151 actor.cpp:408] actor 2199023255689 switch to nullptr
I1014 10:21:36.358726 41151 thread.cpp:76] thread 1048576 deconstruct actor 2199023255689
I1014 10:21:36.358757 41157 runtime_context.cpp:29] DecreaseCounter job_0_running_actor_count, current val is 421
I1014 10:21:36.358789 41144 runtime_context.cpp:29] DecreaseCounter job_4_running_actor_count, current val is 17
I1014 10:21:36.358811 41157 actor.cpp:408] actor 2207613190281 switch to nullptr
I1014 10:21:36.358844 41144 actor.cpp:411] actor 1099614388291 switch to &Actor::HandlerZombie
I1014 10:21:36.358847 41151 runtime_context.cpp:29] DecreaseCounter job_0_running_actor_count, current val is 420
I1014 10:21:36.358870 41157 thread.cpp:76] thread 1052672 deconstruct actor 2207613190281
I1014 10:21:36.358917 41144 actor.cpp:408] actor 1099614388282 switch to nullptr
I1014 10:21:36.358981 41141 actor.cpp:411] actor 1099570348032 switch to &Actor::HandlerZombie
I1014 10:21:36.358953 41151 actor.cpp:408] actor 2199023255687 switch to nullptr
I1014 10:21:36.359004 41144 thread.cpp:76] thread 524337 deconstruct actor 1099614388282
I1014 10:21:36.359050 41151 thread.cpp:76] thread 1048576 deconstruct actor 2199023255687
I1014 10:21:36.359061 41157 runtime_context.cpp:29] DecreaseCounter job_0_running_actor_count, current val is 419
I1014 10:21:36.359156 41157 actor.cpp:408] actor 2207613190279 switch to nullptr
I1014 10:21:36.359186 41157 thread.cpp:76] thread 1052672 deconstruct actor 2207613190279
I1014 10:21:36.359208 41151 runtime_context.cpp:29] DecreaseCounter job_0_running_actor_count, current val is 418
I1014 10:21:36.359247 41144 runtime_context.cpp:29] DecreaseCounter job_4_running_actor_count, current val is 16
I1014 10:21:36.359261 41151 actor.cpp:408] actor 2199023255685 switch to nullptr
I1014 10:21:36.359285 41144 actor.cpp:408] actor 1099614388283 switch to nullptr
I1014 10:21:36.359294 41151 thread.cpp:76] thread 1048576 deconstruct actor 2199023255685
I1014 10:21:36.359309 41144 thread.cpp:76] thread 524337 deconstruct actor 1099614388283
I1014 10:21:36.359325 41157 runtime_context.cpp:29] DecreaseCounter job_0_running_actor_count, current val is 417
I1014 10:21:36.359362 41143 thread.cpp:76] thread 524318 deconstruct actor 1099574542336
I1014 10:21:36.359388 41157 actor.cpp:408] actor 2207613190277 switch to nullptr
I1014 10:21:36.359342 41142 actor.cpp:411] actor 1099572445184 switch to &Actor::HandlerZombie
I1014 10:21:36.359413 41157 thread.cpp:76] thread 1052672 deconstruct actor 2207613190277
I1014 10:21:36.359414 41151 runtime_context.cpp:29] DecreaseCounter job_0_running_actor_count, current val is 416
I1014 10:21:36.359491 41151 actor.cpp:408] actor 2199023255683 switch to nullptr
I1014 10:21:36.359501 41143 runtime_context.cpp:29] DecreaseCounter job_4_running_actor_count, current val is 15
I1014 10:21:36.359515 41151 thread.cpp:76] thread 1048576 deconstruct actor 2199023255683
I1014 10:21:36.359520 41144 runtime_context.cpp:29] DecreaseCounter job_4_running_actor_count, current val is 14
I1014 10:21:36.359558 41157 runtime_context.cpp:29] DecreaseCounter job_0_running_actor_count, current val is 415
I1014 10:21:36.359602 41144 actor.cpp:411] actor 1099614388243 switch to &Actor::HandlerZombie
I1014 10:21:36.359647 41151 runtime_context.cpp:29] DecreaseCounter job_0_running_actor_count, current val is 414
I1014 10:21:36.359647 41157 actor.cpp:408] actor 2207613190275 switch to nullptr
I1014 10:21:36.359714 41151 actor.cpp:408] actor 2199023255613 switch to nullptr
I1014 10:21:36.359738 41125 actor.cpp:411] actor 1099536793600 switch to &Actor::HandlerZombie
I1014 10:21:36.359724 41157 thread.cpp:76] thread 1052672 deconstruct actor 2207613190275
I1014 10:21:36.359678 41144 actor.cpp:408] actor 1099614388236 switch to nullptr
I1014 10:21:36.359752 41151 thread.cpp:76] thread 1048576 deconstruct actor 2199023255613
I1014 10:21:36.359932 41144 thread.cpp:76] thread 524337 deconstruct actor 1099614388236
I1014 10:21:36.360018 41157 runtime_context.cpp:29] DecreaseCounter job_0_running_actor_count, current val is 413
I1014 10:21:36.360041 41151 runtime_context.cpp:29] DecreaseCounter job_0_running_actor_count, current val is 412
I1014 10:21:36.360076 41157 actor.cpp:408] actor 2207613190205 switch to nullptr
I1014 10:21:36.360096 41151 actor.cpp:408] actor 2199023255713 switch to nullptr
I1014 10:21:36.360110 41157 thread.cpp:76] thread 1052672 deconstruct actor 2207613190205
I1014 10:21:36.360132 41151 thread.cpp:76] thread 1048576 deconstruct actor 2199023255713
I1014 10:21:36.360134 41144 runtime_context.cpp:29] DecreaseCounter job_0_running_actor_count, current val is 411
I1014 10:21:36.360229 41144 actor.cpp:408] actor 1099614388237 switch to nullptr
I1014 10:21:36.360260 41144 thread.cpp:76] thread 524337 deconstruct actor 1099614388237
I1014 10:21:36.360265 41157 runtime_context.cpp:29] DecreaseCounter job_0_running_actor_count, current val is 410
I1014 10:21:36.360301 41126 actor.cpp:411] actor 1099538890752 switch to &Actor::HandlerZombie
I1014 10:21:36.360313 41151 runtime_context.cpp:29] DecreaseCounter job_0_running_actor_count, current val is 409
I1014 10:21:36.360329 41157 actor.cpp:408] actor 2207613190305 switch to nullptr
I1014 10:21:36.360430 41151 actor.cpp:408] actor 2199023255571 switch to nullptr
I1014 10:21:36.360437 41157 thread.cpp:76] thread 1052672 deconstruct actor 2207613190305
I1014 10:21:36.360440 41144 runtime_context.cpp:29] DecreaseCounter job_0_running_actor_count, current val is 408
I1014 10:21:36.360464 41151 thread.cpp:76] thread 1048576 deconstruct actor 2199023255571
I1014 10:21:36.360529 41144 actor.cpp:411] actor 1099614388233 switch to &Actor::HandlerZombie
I1014 10:21:36.360594 41144 actor.cpp:408] actor 1099614388226 switch to nullptr
I1014 10:21:36.360610 41157 runtime_context.cpp:29] DecreaseCounter job_0_running_actor_count, current val is 407
I1014 10:21:36.360631 41144 thread.cpp:76] thread 524337 deconstruct actor 1099614388226
I1014 10:21:36.360679 41114 actor.cpp:408] actor 1099513724928 switch to nullptr
I1014 10:21:36.360644 41151 runtime_context.cpp:29] DecreaseCounter job_0_running_actor_count, current val is 406
I1014 10:21:36.360682 41157 actor.cpp:408] actor 2207613190163 switch to nullptr
I1014 10:21:36.360787 41124 actor.cpp:411] actor 1099534696448 switch to &Actor::HandlerZombie
I1014 10:21:36.360760 41118 actor.cpp:408] actor 1099522113536 switch to nullptr
I1014 10:21:36.360746 41116 actor.cpp:408] actor 1099517919232 switch to nullptr
I1014 10:21:36.360769 41151 actor.cpp:408] actor 2199023255711 switch to nullptr
I1014 10:21:36.361027 41151 thread.cpp:76] thread 1048576 deconstruct actor 2199023255711
I1014 10:21:36.360749 41122 actor.cpp:408] actor 1099530502144 switch to nullptr
I1014 10:21:36.361147 41151 runtime_context.cpp:29] DecreaseCounter job_0_running_actor_count, current val is 404
I1014 10:21:36.360806 41157 thread.cpp:76] thread 1052672 deconstruct actor 2207613190163
I1014 10:21:36.360723 41114 thread.cpp:76] thread 524289 deconstruct actor 1099513724928
I1014 10:21:36.360841 41153 actor.cpp:411] actor 2199025352705 switch to &Actor::HandlerZombie
I1014 10:21:36.361318 41153 actor.cpp:411] actor 2199025352704 switch to &Actor::HandlerZombie
I1014 10:21:36.361346 41157 runtime_context.cpp:29] DecreaseCounter job_0_running_actor_count, current val is 403
I1014 10:21:36.360935 41118 thread.cpp:76] thread 524293 deconstruct actor 1099522113536
I1014 10:21:36.360941 41144 runtime_context.cpp:29] DecreaseCounter job_0_running_actor_count, current val is 405
I1014 10:21:36.360999 41116 thread.cpp:76] thread 524291 deconstruct actor 1099517919232
I1014 10:21:36.361151 41122 thread.cpp:76] thread 524297 deconstruct actor 1099530502144
I1014 10:21:36.360747 41120 actor.cpp:408] actor 1099526307840 switch to nullptr
I1014 10:21:36.361743 41129 actor.cpp:408] actor 1099545182208 switch to nullptr
I1014 10:21:36.361827 41129 thread.cpp:76] thread 524304 deconstruct actor 1099545182208
I1014 10:21:36.360842 41124 thread.cpp:76] thread 524299 deconstruct actor 1099534696448
I1014 10:21:36.361922 41122 runtime_context.cpp:29] DecreaseCounter job_0_running_actor_count, current val is 400
I1014 10:21:36.361402 41157 actor.cpp:408] actor 2207613190303 switch to nullptr
I1014 10:21:36.361510 41144 actor.cpp:408] actor 1099614388224 switch to nullptr
I1014 10:21:36.362048 41144 thread.cpp:76] thread 524337 deconstruct actor 1099614388224
I1014 10:21:36.362072 41129 runtime_context.cpp:29] DecreaseCounter job_0_running_actor_count, current val is 399
I1014 10:21:36.361656 41130 actor.cpp:411] actor 1099547279360 switch to &Actor::HandlerZombie
I1014 10:21:36.362157 41130 thread.cpp:76] thread 524305 deconstruct actor 1099547279360
I1014 10:21:36.362174 41124 runtime_context.cpp:29] DecreaseCounter job_0_running_actor_count, current val is 398
I1014 10:21:36.361758 41120 thread.cpp:76] thread 524295 deconstruct actor 1099526307840
I1014 10:21:36.361214 41151 actor.cpp:408] actor 2199023255569 switch to nullptr
I1014 10:21:36.361788 41131 actor.cpp:408] actor 1099549376512 switch to nullptr
I1014 10:21:36.362455 41131 thread.cpp:76] thread 524306 deconstruct actor 1099549376512
I1014 10:21:36.362509 41120 runtime_context.cpp:29] DecreaseCounter job_0_running_actor_count, current val is 395
I1014 10:21:36.360883 41159 actor.cpp:411] actor 2207615287297 switch to &Actor::HandlerZombie
I1014 10:21:36.362011 41157 thread.cpp:76] thread 1052672 deconstruct actor 2207613190303
I1014 10:21:36.362644 41159 actor.cpp:411] actor 2207615287296 switch to &Actor::HandlerZombie
I1014 10:21:36.361636 41127 actor.cpp:408] actor 1099540987904 switch to nullptr
I1014 10:21:36.361721 41128 actor.cpp:408] actor 1099543085056 switch to nullptr
I1014 10:21:36.362828 41128 thread.cpp:76] thread 524303 deconstruct actor 1099543085056
I1014 10:21:36.362373 41130 runtime_context.cpp:29] DecreaseCounter job_0_running_actor_count, current val is 396
I1014 10:21:36.362375 41151 thread.cpp:76] thread 1048576 deconstruct actor 2199023255569
I1014 10:21:36.361804 41153 actor.cpp:408] actor 2199025352708 switch to nullptr
I1014 10:21:36.363145 41153 thread.cpp:76] thread 1048577 deconstruct actor 2199025352708
I1014 10:21:36.361852 41116 runtime_context.cpp:29] DecreaseCounter job_0_running_actor_count, current val is 401
I1014 10:21:36.363234 41153 runtime_context.cpp:29] DecreaseCounter job_0_running_actor_count, current val is 390
I1014 10:21:36.363240 41151 runtime_context.cpp:29] DecreaseCounter job_0_running_actor_count, current val is 391
I1014 10:21:36.363330 41151 actor.cpp:408] actor 2199023255697 switch to nullptr
I1014 10:21:36.363379 41151 thread.cpp:76] thread 1048576 deconstruct actor 2199023255697
I1014 10:21:36.362752 41127 thread.cpp:76] thread 524302 deconstruct actor 1099540987904
I1014 10:21:36.362243 41144 runtime_context.cpp:29] DecreaseCounter job_0_running_actor_count, current val is 397
I1014 10:21:36.363536 41151 runtime_context.cpp:29] DecreaseCounter job_0_running_actor_count, current val is 389
I1014 10:21:36.363576 41144 actor.cpp:408] actor 1099614388225 switch to nullptr
I1014 10:21:36.363613 41151 actor.cpp:408] actor 2199023255562 switch to nullptr
I1014 10:21:36.361712 41118 runtime_context.cpp:29] DecreaseCounter job_0_running_actor_count, current val is 402
I1014 10:21:36.363692 41121 actor.cpp:408] actor 1099528404992 switch to nullptr
I1014 10:21:36.363766 41119 actor.cpp:408] actor 1099524210688 switch to nullptr
I1014 10:21:36.363907 41119 thread.cpp:76] thread 524294 deconstruct actor 1099524210688
I1014 10:21:36.363622 41144 thread.cpp:76] thread 524337 deconstruct actor 1099614388225
I1014 10:21:36.362673 41159 actor.cpp:408] actor 2207615287298 switch to nullptr
I1014 10:21:36.364159 41144 runtime_context.cpp:29] DecreaseCounter job_0_running_actor_count, current val is 386
I1014 10:21:36.364209 41144 actor.cpp:411] actor 1099614388252 switch to &Actor::HandlerZombie
I1014 10:21:36.363664 41113 actor.cpp:408] actor 1099511627776 switch to nullptr
I1014 10:21:36.364308 41113 thread.cpp:76] thread 524288 deconstruct actor 1099511627776
I1014 10:21:36.364336 41133 actor.cpp:408] actor 1099553570816 switch to nullptr
I1014 10:21:36.362922 41131 runtime_context.cpp:29] DecreaseCounter job_0_running_actor_count, current val is 393
I1014 10:21:36.363770 41117 actor.cpp:408] actor 1099520016384 switch to nullptr
I1014 10:21:36.363771 41115 actor.cpp:408] actor 1099515822080 switch to nullptr
I1014 10:21:36.363801 41153 thread.cpp:76] thread 1048577 deconstruct actor 2199025352705
I1014 10:21:36.363900 41123 actor.cpp:411] actor 1099532599296 switch to &Actor::HandlerZombie
I1014 10:21:36.363029 41128 runtime_context.cpp:29] DecreaseCounter job_0_running_actor_count, current val is 392
I1014 10:21:36.364169 41119 runtime_context.cpp:29] DecreaseCounter job_0_running_actor_count, current val is 387
I1014 10:21:36.363641 41127 runtime_context.cpp:29] DecreaseCounter job_0_running_actor_count, current val is 388
I1014 10:21:36.364202 41159 thread.cpp:76] thread 1052673 deconstruct actor 2207615287298
I1014 10:21:36.363641 41151 thread.cpp:76] thread 1048576 deconstruct actor 2199023255562
I1014 10:21:36.364274 41144 actor.cpp:408] actor 1099614388247 switch to nullptr
I1014 10:21:36.365253 41144 thread.cpp:76] thread 524337 deconstruct actor 1099614388247
I1014 10:21:36.364344 41132 actor.cpp:408] actor 1099551473664 switch to nullptr
I1014 10:21:36.364370 41134 actor.cpp:408] actor 1099555667968 switch to nullptr
I1014 10:21:36.365388 41134 thread.cpp:76] thread 524309 deconstruct actor 1099555667968
I1014 10:21:36.364373 41133 thread.cpp:76] thread 524308 deconstruct actor 1099553570816
I1014 10:21:36.365468 41144 runtime_context.cpp:29] DecreaseCounter job_1_running_actor_count, current val is 86
I1014 10:21:36.363782 41121 thread.cpp:76] thread 524296 deconstruct actor 1099528404992
I1014 10:21:36.364518 41117 thread.cpp:76] thread 524292 deconstruct actor 1099520016384
I1014 10:21:36.364603 41115 thread.cpp:76] thread 524290 deconstruct actor 1099515822080
I1014 10:21:36.364706 41123 thread.cpp:76] thread 524298 deconstruct actor 1099532599296
I1014 10:21:36.364711 41153 runtime_context.cpp:29] DecreaseCounter job_0_running_actor_count, current val is 385
I1014 10:21:36.365896 41153 thread.cpp:76] thread 1048577 deconstruct actor 2199025352704
I1014 10:21:36.362845 41157 runtime_context.cpp:29] DecreaseCounter job_0_running_actor_count, current val is 394
I1014 10:21:36.366009 41115 runtime_context.cpp:29] DecreaseCounter job_0_running_actor_count, current val is 380
I1014 10:21:36.366065 41157 actor.cpp:408] actor 2207613190161 switch to nullptr
I1014 10:21:36.366117 41157 thread.cpp:76] thread 1052672 deconstruct actor 2207613190161
I1014 10:21:36.365535 41144 actor.cpp:411] actor 1099614388261 switch to &Actor::HandlerZombie
I1014 10:21:36.366191 41123 runtime_context.cpp:29] DecreaseCounter job_0_running_actor_count, current val is 378
I1014 10:21:36.365628 41134 runtime_context.cpp:29] DecreaseCounter job_1_running_actor_count, current val is 85
I1014 10:21:36.366302 41137 actor.cpp:411] actor 1099561959424 switch to &Actor::HandlerZombie
I1014 10:21:36.365159 41159 runtime_context.cpp:29] DecreaseCounter job_0_running_actor_count, current val is 384
I1014 10:21:36.366003 41153 runtime_context.cpp:29] DecreaseCounter job_0_running_actor_count, current val is 379
I1014 10:21:36.365978 41117 runtime_context.cpp:29] DecreaseCounter job_0_running_actor_count, current val is 381
I1014 10:21:36.365334 41151 runtime_context.cpp:29] DecreaseCounter job_0_running_actor_count, current val is 383
I1014 10:21:36.365370 41132 thread.cpp:76] thread 524307 deconstruct actor 1099551473664
I1014 10:21:36.365626 41133 runtime_context.cpp:29] DecreaseCounter job_1_running_actor_count, current val is 84
I1014 10:21:36.366214 41144 actor.cpp:408] actor 1099614388256 switch to nullptr
I1014 10:21:36.366271 41135 actor.cpp:408] actor 1099557765120 switch to nullptr
I1014 10:21:36.366822 41132 runtime_context.cpp:29] DecreaseCounter job_1_running_actor_count, current val is 83
I1014 10:21:36.366276 41136 actor.cpp:408] actor 1099559862272 switch to nullptr
I1014 10:21:36.366946 41136 thread.cpp:76] thread 524311 deconstruct actor 1099559862272
I1014 10:21:36.366355 41137 thread.cpp:76] thread 524312 deconstruct actor 1099561959424
I1014 10:21:36.366416 41159 actor.cpp:408] actor 2207615287300 switch to nullptr
I1014 10:21:36.366448 41153 actor.cpp:408] actor 2199025352707 switch to nullptr
I1014 10:21:36.367136 41153 thread.cpp:76] thread 1048577 deconstruct actor 2199025352707
I1014 10:21:36.367168 41136 runtime_context.cpp:29] DecreaseCounter job_2_running_actor_count, current val is 88
I1014 10:21:36.366772 41144 thread.cpp:76] thread 524337 deconstruct actor 1099614388256
I1014 10:21:36.367220 41137 runtime_context.cpp:29] DecreaseCounter job_2_running_actor_count, current val is 87
I1014 10:21:36.366291 41157 runtime_context.cpp:29] DecreaseCounter job_0_running_actor_count, current val is 377
I1014 10:21:36.365831 41121 runtime_context.cpp:29] DecreaseCounter job_0_running_actor_count, current val is 382
I1014 10:21:36.367110 41159 thread.cpp:76] thread 1052673 deconstruct actor 2207615287300
I1014 10:21:36.366637 41151 actor.cpp:408] actor 2199023255691 switch to nullptr
I1014 10:21:36.367506 41159 runtime_context.cpp:29] DecreaseCounter job_0_running_actor_count, current val is 375
I1014 10:21:36.367522 41151 thread.cpp:76] thread 1048576 deconstruct actor 2199023255691
I1014 10:21:36.367538 41159 actor.cpp:408] actor 2207615287299 switch to nullptr
I1014 10:21:36.367357 41157 actor.cpp:408] actor 2207613190289 switch to nullptr
I1014 10:21:36.367588 41157 thread.cpp:76] thread 1052672 deconstruct actor 2207613190289
I1014 10:21:36.367215 41153 runtime_context.cpp:29] DecreaseCounter job_0_running_actor_count, current val is 376
I1014 10:21:36.366839 41135 thread.cpp:76] thread 524310 deconstruct actor 1099557765120
I1014 10:21:36.367643 41153 actor.cpp:408] actor 2199025352709 switch to nullptr
I1014 10:21:36.367383 41144 runtime_context.cpp:29] DecreaseCounter job_2_running_actor_count, current val is 86
I1014 10:21:36.367556 41159 thread.cpp:76] thread 1052673 deconstruct actor 2207615287299
I1014 10:21:36.367719 41151 runtime_context.cpp:29] DecreaseCounter job_0_running_actor_count, current val is 374
I1014 10:21:36.367717 41144 actor.cpp:411] actor 1099614388270 switch to &Actor::HandlerZombie
I1014 10:21:36.367666 41153 thread.cpp:76] thread 1048577 deconstruct actor 2199025352709
I1014 10:21:36.367784 41159 runtime_context.cpp:29] DecreaseCounter job_0_running_actor_count, current val is 372
I1014 10:21:36.367779 41151 actor.cpp:408] actor 2199023255564 switch to nullptr
I1014 10:21:36.367835 41153 runtime_context.cpp:29] DecreaseCounter job_0_running_actor_count, current val is 371
I1014 10:21:36.367846 41151 thread.cpp:76] thread 1048576 deconstruct actor 2199023255564
I1014 10:21:36.367867 41153 actor.cpp:408] actor 2199025352710 switch to nullptr
I1014 10:21:36.367887 41153 thread.cpp:76] thread 1048577 deconstruct actor 2199025352710
I1014 10:21:36.367791 41135 runtime_context.cpp:29] DecreaseCounter job_2_running_actor_count, current val is 85
I1014 10:21:36.367837 41138 actor.cpp:408] actor 1099564056576 switch to nullptr
I1014 10:21:36.367939 41153 runtime_context.cpp:29] DecreaseCounter job_2_running_actor_count, current val is 84
I1014 10:21:36.367851 41139 actor.cpp:408] actor 1099566153728 switch to nullptr
I1014 10:21:36.367996 41151 runtime_context.cpp:29] DecreaseCounter job_0_running_actor_count, current val is 370
I1014 10:21:36.367815 41159 thread.cpp:76] thread 1052673 deconstruct actor 2207615287297
I1014 10:21:36.367878 41140 actor.cpp:411] actor 1099568250880 switch to &Actor::HandlerZombie
I1014 10:21:36.368151 41159 runtime_context.cpp:29] DecreaseCounter job_0_running_actor_count, current val is 369
I1014 10:21:36.368229 41159 thread.cpp:76] thread 1052673 deconstruct actor 2207615287296
I1014 10:21:36.367971 41153 actor.cpp:408] actor 2199025352711 switch to nullptr
I1014 10:21:36.368337 41153 thread.cpp:76] thread 1048577 deconstruct actor 2199025352711
I1014 10:21:36.368360 41159 runtime_context.cpp:29] DecreaseCounter job_0_running_actor_count, current val is 368
I1014 10:21:36.368409 41153 runtime_context.cpp:29] DecreaseCounter job_3_running_actor_count, current val is 88
I1014 10:21:36.367738 41157 runtime_context.cpp:29] DecreaseCounter job_0_running_actor_count, current val is 373
I1014 10:21:36.368162 41140 thread.cpp:76] thread 524315 deconstruct actor 1099568250880
I1014 10:21:36.367947 41138 thread.cpp:76] thread 524313 deconstruct actor 1099564056576
I1014 10:21:36.367799 41144 actor.cpp:408] actor 1099614388265 switch to nullptr
I1014 10:21:36.368005 41139 thread.cpp:76] thread 524314 deconstruct actor 1099566153728
I1014 10:21:36.368057 41151 actor.cpp:408] actor 2199023255611 switch to nullptr
I1014 10:21:36.368415 41159 actor.cpp:408] actor 2207615287301 switch to nullptr
I1014 10:21:36.368500 41157 actor.cpp:408] actor 2207613190154 switch to nullptr
I1014 10:21:36.368643 41144 thread.cpp:76] thread 524337 deconstruct actor 1099614388265
I1014 10:21:36.368700 41151 thread.cpp:76] thread 1048576 deconstruct actor 2199023255611
I1014 10:21:36.368712 41138 runtime_context.cpp:29] DecreaseCounter job_3_running_actor_count, current val is 87
I1014 10:21:36.368721 41140 runtime_context.cpp:29] DecreaseCounter job_3_running_actor_count, current val is 86
I1014 10:21:36.368731 41159 thread.cpp:76] thread 1052673 deconstruct actor 2207615287301
I1014 10:21:36.368753 41157 thread.cpp:76] thread 1052672 deconstruct actor 2207613190154
I1014 10:21:36.368945 41144 runtime_context.cpp:29] DecreaseCounter job_3_running_actor_count, current val is 84
I1014 10:21:36.368935 41151 runtime_context.cpp:29] DecreaseCounter job_0_running_actor_count, current val is 367
I1014 10:21:36.368825 41139 runtime_context.cpp:29] DecreaseCounter job_3_running_actor_count, current val is 85
I1014 10:21:36.368973 41159 runtime_context.cpp:29] DecreaseCounter job_2_running_actor_count, current val is 83
I1014 10:21:36.368994 41144 actor.cpp:411] actor 1099614388279 switch to &Actor::HandlerZombie
I1014 10:21:36.369051 41151 actor.cpp:408] actor 2199023255553 switch to nullptr
I1014 10:21:36.369068 41157 runtime_context.cpp:29] DecreaseCounter job_0_running_actor_count, current val is 366
I1014 10:21:36.369138 41159 actor.cpp:408] actor 2207615287302 switch to nullptr
I1014 10:21:36.369271 41157 actor.cpp:408] actor 2207613190283 switch to nullptr
I1014 10:21:36.369215 41141 thread.cpp:76] thread 524316 deconstruct actor 1099570348032
I1014 10:21:36.369217 41151 thread.cpp:76] thread 1048576 deconstruct actor 2199023255553
I1014 10:21:36.369175 41144 actor.cpp:408] actor 1099614388273 switch to nullptr
I1014 10:21:36.369282 41159 thread.cpp:76] thread 1052673 deconstruct actor 2207615287302
I1014 10:21:36.369302 41157 thread.cpp:76] thread 1052672 deconstruct actor 2207613190283
I1014 10:21:36.369448 41141 runtime_context.cpp:29] DecreaseCounter job_4_running_actor_count, current val is 13
I1014 10:21:36.369398 41144 thread.cpp:76] thread 524337 deconstruct actor 1099614388273
I1014 10:21:36.369473 41159 runtime_context.cpp:29] DecreaseCounter job_3_running_actor_count, current val is 83
I1014 10:21:36.369488 41151 runtime_context.cpp:29] DecreaseCounter job_0_running_actor_count, current val is 365
I1014 10:21:36.369562 41157 runtime_context.cpp:29] DecreaseCounter job_0_running_actor_count, current val is 364
I1014 10:21:36.369623 41151 actor.cpp:408] actor 2199023255693 switch to nullptr
I1014 10:21:36.369658 41157 actor.cpp:408] actor 2207613190156 switch to nullptr
I1014 10:21:36.369683 41151 thread.cpp:76] thread 1048576 deconstruct actor 2199023255693
I1014 10:21:36.369685 41144 runtime_context.cpp:29] DecreaseCounter job_4_running_actor_count, current val is 12
I1014 10:21:36.369717 41157 thread.cpp:76] thread 1052672 deconstruct actor 2207613190156
I1014 10:21:36.369801 41144 actor.cpp:408] actor 1099614388274 switch to nullptr
I1014 10:21:36.369819 41142 thread.cpp:76] thread 524317 deconstruct actor 1099572445184
I1014 10:21:36.369858 41151 runtime_context.cpp:29] DecreaseCounter job_0_running_actor_count, current val is 363
I1014 10:21:36.369900 41144 thread.cpp:76] thread 524337 deconstruct actor 1099614388274
I1014 10:21:36.370050 41157 runtime_context.cpp:29] DecreaseCounter job_0_running_actor_count, current val is 362
I1014 10:21:36.370050 41151 actor.cpp:408] actor 2199023255597 switch to nullptr
I1014 10:21:36.370102 41142 runtime_context.cpp:29] DecreaseCounter job_4_running_actor_count, current val is 11
I1014 10:21:36.370115 41157 actor.cpp:408] actor 2207613190203 switch to nullptr
I1014 10:21:36.370142 41151 thread.cpp:76] thread 1048576 deconstruct actor 2199023255597
I1014 10:21:36.370209 41157 thread.cpp:76] thread 1052672 deconstruct actor 2207613190203
I1014 10:21:36.370254 41144 runtime_context.cpp:29] DecreaseCounter job_4_running_actor_count, current val is 10
I1014 10:21:36.370314 41144 actor.cpp:408] actor 1099614388287 switch to nullptr
I1014 10:21:36.370345 41144 thread.cpp:76] thread 524337 deconstruct actor 1099614388287
I1014 10:21:36.370349 41151 runtime_context.cpp:29] DecreaseCounter job_0_running_actor_count, current val is 361
I1014 10:21:36.370384 41157 runtime_context.cpp:29] DecreaseCounter job_0_running_actor_count, current val is 360
I1014 10:21:36.370429 41151 actor.cpp:408] actor 2199023255558 switch to nullptr
I1014 10:21:36.370456 41157 actor.cpp:408] actor 2207613190145 switch to nullptr
I1014 10:21:36.370479 41151 thread.cpp:76] thread 1048576 deconstruct actor 2199023255558
I1014 10:21:36.370486 41144 runtime_context.cpp:29] DecreaseCounter job_4_running_actor_count, current val is 9
I1014 10:21:36.370507 41157 thread.cpp:76] thread 1052672 deconstruct actor 2207613190145
I1014 10:21:36.370585 41144 actor.cpp:408] actor 1099614388276 switch to nullptr
I1014 10:21:36.370640 41144 thread.cpp:76] thread 524337 deconstruct actor 1099614388276
I1014 10:21:36.370664 41151 runtime_context.cpp:29] DecreaseCounter job_0_running_actor_count, current val is 359
I1014 10:21:36.370697 41157 runtime_context.cpp:29] DecreaseCounter job_0_running_actor_count, current val is 358
I1014 10:21:36.370723 41151 actor.cpp:408] actor 2199023255715 switch to nullptr
I1014 10:21:36.370748 41157 actor.cpp:408] actor 2207613190285 switch to nullptr
I1014 10:21:36.370760 41151 thread.cpp:76] thread 1048576 deconstruct actor 2199023255715
I1014 10:21:36.370769 41144 runtime_context.cpp:29] DecreaseCounter job_4_running_actor_count, current val is 8
I1014 10:21:36.370787 41157 thread.cpp:76] thread 1052672 deconstruct actor 2207613190285
I1014 10:21:36.370867 41144 actor.cpp:408] actor 1099614388292 switch to nullptr
I1014 10:21:36.370909 41144 thread.cpp:76] thread 524337 deconstruct actor 1099614388292
I1014 10:21:36.370942 41151 runtime_context.cpp:29] DecreaseCounter job_0_running_actor_count, current val is 357
I1014 10:21:36.370990 41157 runtime_context.cpp:29] DecreaseCounter job_0_running_actor_count, current val is 356
I1014 10:21:36.370998 41151 actor.cpp:408] actor 2199023255604 switch to nullptr
I1014 10:21:36.371065 41151 thread.cpp:76] thread 1048576 deconstruct actor 2199023255604
I1014 10:21:36.371086 41144 runtime_context.cpp:29] DecreaseCounter job_4_running_actor_count, current val is 7
I1014 10:21:36.371052 41157 actor.cpp:408] actor 2207613190189 switch to nullptr
I1014 10:21:36.371129 41144 actor.cpp:408] actor 1099614388284 switch to nullptr
I1014 10:21:36.371155 41157 thread.cpp:76] thread 1052672 deconstruct actor 2207613190189
I1014 10:21:36.371197 41151 runtime_context.cpp:29] DecreaseCounter job_0_running_actor_count, current val is 355
I1014 10:21:36.371186 41144 thread.cpp:76] thread 524337 deconstruct actor 1099614388284
I1014 10:21:36.371255 41151 actor.cpp:408] actor 2199023255703 switch to nullptr
I1014 10:21:36.371294 41151 thread.cpp:76] thread 1048576 deconstruct actor 2199023255703
I1014 10:21:36.371305 41157 runtime_context.cpp:29] DecreaseCounter job_0_running_actor_count, current val is 354
I1014 10:21:36.371357 41144 runtime_context.cpp:29] DecreaseCounter job_4_running_actor_count, current val is 6
I1014 10:21:36.371421 41157 actor.cpp:408] actor 2207613190150 switch to nullptr
I1014 10:21:36.371455 41144 actor.cpp:408] actor 1099614388285 switch to nullptr
I1014 10:21:36.371482 41157 thread.cpp:76] thread 1052672 deconstruct actor 2207613190150
I1014 10:21:36.371488 41151 runtime_context.cpp:29] DecreaseCounter job_0_running_actor_count, current val is 353
I1014 10:21:36.371503 41144 thread.cpp:76] thread 524337 deconstruct actor 1099614388285
I1014 10:21:36.371599 41151 actor.cpp:408] actor 2199023255576 switch to nullptr
I1014 10:21:36.371625 41151 thread.cpp:76] thread 1048576 deconstruct actor 2199023255576
