Log file created at: 2021/10/13 15:16:29
Running on machine: oneflow-14
Log line format: [IWEF]mmdd hh:mm:ss.uuuuuu threadid file:line] msg
I1013 15:16:29.720683  6359 global.h:36] NewGlobal 14cudaDeviceProp
I1013 15:16:29.722275  6359 global.h:36] NewGlobal N7oneflow7EnvDescE
I1013 15:16:29.722301  6359 global.h:36] NewGlobal N7oneflow10ProcessCtxE
I1013 15:16:29.722312  6359 env_global_objects_scope.cpp:152] using rpc backend: local
I1013 15:16:29.722343  6359 global.h:36] NewGlobal N7oneflow12ResourceDescE
I1013 15:16:29.722358  6359 global.h:36] NewGlobal N7oneflow12ResourceDescE
I1013 15:16:29.807615  6359 global.h:36] NewGlobal N7oneflow10ThreadPoolE
I1013 15:16:29.808660  6359 global.h:36] NewGlobal N7oneflow16EagerNcclCommMgrE
I1013 15:16:29.808676  6359 global.h:36] NewGlobal N7oneflow18CudnnConvAlgoCacheE
I1013 15:16:29.808687  6359 global.h:36] NewGlobal N7oneflow2vm19VirtualMachineScopeE
I1013 15:16:29.808696  6359 global.h:36] NewGlobal N7oneflow9OneflowVME
I1013 15:16:29.809537  6359 oneflow_vm.cpp:75] transport stream type: N7oneflow2vm13CpuStreamTypeE
I1013 15:16:29.809556  6359 oneflow_vm.cpp:75] transport stream type: N7oneflow2vm14CudaStreamTypeE
I1013 15:16:29.809563  6359 oneflow_vm.cpp:75] transport stream type: N7oneflow2vm19AsyncCudaStreamTypeE
I1013 15:16:29.809703  6359 global.h:36] NewGlobal N7oneflow27EagerJobBuildAndInferCtxMgrE
I1013 15:16:29.809718  6359 global.h:36] NewGlobal N7oneflow12EpollCommNetE
I1013 15:16:29.809837  6359 epoll_comm_network.cpp:63] CommNet:Epoll listening on 0.0.0.0:35372
I1013 15:16:29.809878  6359 epoll_comm_network.cpp:197] machine 0 sockfd -1
I1013 15:16:29.809983  6359 global.h:36] NewGlobal N7oneflow9TransportE
I1013 15:16:29.811561  6359 global.h:43] DeleteGlobal N7oneflow12ResourceDescE
I1013 15:16:29.811595  6359 version.cpp:22] OneFlow git version: b295ca2324
I1013 15:16:29.811612  6359 device_register_gpu.cpp:56] CUDA runtime version: 11.2
I1013 15:16:29.811637  6359 device_register_gpu.cpp:65] cuDNN version: 8.1.1
I1013 15:16:29.811648  6359 device_register_gpu.cpp:78] NCCL version: 2.9.8
I1013 15:16:29.811657  6359 global.h:36] NewGlobal N7oneflow12ResourceDescE
I1013 15:16:29.811664  6359 global.h:36] NewGlobal N7oneflow5IDMgrE
I1013 15:16:29.811671  6359 global.h:36] NewGlobal N7oneflow16AvailableMemDescE
I1013 15:16:29.811693  6359 global.h:36] NewGlobal St13unordered_mapISslSt4hashISsESt8equal_toISsESaISt4pairIKSslEEE
I1013 15:16:29.811700  6359 global.h:36] NewGlobal N7oneflow19CriticalSectionDescE
I1013 15:16:29.811707  6359 global.h:36] NewGlobal N7oneflow16InterUserJobInfoE
I1013 15:16:29.811715  6359 global.h:36] NewGlobal N7oneflow26LazyJobBuildAndInferCtxMgrE
I1013 15:16:29.811722  6359 global.h:36] NewGlobal N7oneflow16JobSetCompileCtxE
I1013 15:16:29.811729  6359 global.h:36] NewGlobal N7oneflow26RuntimeBufferManagersScopeE
I1013 15:16:29.811735  6359 global.h:36] NewGlobal N7oneflow9BufferMgrIlEE
I1013 15:16:29.811743  6359 global.h:36] NewGlobal N7oneflow9BufferMgrISt10shared_ptrINS_11JobInstanceEEEE
I1013 15:16:29.811750  6359 global.h:36] NewGlobal N7oneflow10RuntimeCtxE
I1013 15:16:29.811756  6359 global.h:36] NewGlobal N7oneflow15MemoryAllocatorE
I1013 15:16:29.811764  6359 global.h:36] NewGlobal N7oneflow8ChunkMgrE
I1013 15:16:29.811769  6359 global.h:36] NewGlobal N7oneflow8RegstMgrE
I1013 15:16:29.811775  6359 global.h:36] NewGlobal N7oneflow11ActorMsgBusE
I1013 15:16:29.811782  6359 global.h:36] NewGlobal N7oneflow9ThreadMgrE
I1013 15:16:29.811789  6359 global.h:36] NewGlobal N7oneflow15RuntimeJobDescsE
I1013 15:16:29.811794  6359 global.h:36] NewGlobal N7oneflow7summary12EventsWriterE
I1013 15:16:29.811803  6359 global.h:36] NewGlobal N7oneflow6boxing10collective24CollectiveBoxingExecutorE
I1013 15:16:29.811810  6359 global.h:36] NewGlobal N7oneflow6boxing10collective31CollectiveBoxingDeviceCtxPollerE
I1013 15:16:29.811931  6359 session.h:77] NewGlobal N7oneflow25SessionGlobalObjectsScopeE
I1013 15:16:29.812609  6359 global.h:36] NewGlobal N7oneflow7JobDescE
I1013 15:16:30.199893  6359 global.h:43] DeleteGlobal N7oneflow7JobDescE
I1013 15:16:30.200162  6359 global.h:36] NewGlobal N7oneflow7JobDescE
I1013 15:16:30.203243  6359 global.h:36] NewGlobal N7oneflow7OpGraphE
I1013 15:16:30.207348  6359 global.h:43] DeleteGlobal N7oneflow7OpGraphE
I1013 15:16:30.373103  6359 global.h:43] DeleteGlobal N7oneflow7JobDescE
I1013 15:16:30.389706  6359 global.h:36] NewGlobal N7oneflow24InterJobReuseMemStrategyE
I1013 15:16:30.389731  6359 global.h:36] NewGlobal N7oneflow7OneflowE
I1013 15:16:30.402163  6359 global.h:36] NewGlobal N7oneflow7JobDescE
I1013 15:16:30.622444  6359 global.h:36] NewGlobal N7oneflow7OpGraphE
I1013 15:16:30.698247  6359 global.h:43] DeleteGlobal N7oneflow7OpGraphE
I1013 15:16:30.708901  6359 oneflow.cpp:210] 
job_id: 0 , job_name: train_job , compile time: 0.306696 seconds.
I1013 15:16:30.774309  6359 global.h:43] DeleteGlobal N7oneflow7JobDescE
I1013 15:16:30.774713  6359 global.h:36] NewGlobal N7oneflow7JobDescE
I1013 15:16:30.823097  6359 global.h:36] NewGlobal N7oneflow7OpGraphE
I1013 15:16:30.840494  6359 global.h:43] DeleteGlobal N7oneflow7OpGraphE
I1013 15:16:30.844939  6359 oneflow.cpp:210] 
job_id: 1 , job_name: System-ModelInit , compile time: 0.0698801 seconds.
I1013 15:16:30.857023  6359 global.h:43] DeleteGlobal N7oneflow7JobDescE
I1013 15:16:30.857116  6359 global.h:36] NewGlobal N7oneflow7JobDescE
I1013 15:16:30.904709  6359 global.h:36] NewGlobal N7oneflow7OpGraphE
I1013 15:16:30.922282  6359 global.h:43] DeleteGlobal N7oneflow7OpGraphE
I1013 15:16:30.926713  6359 oneflow.cpp:210] 
job_id: 2 , job_name: System-ModelLoad , compile time: 0.0695585 seconds.
I1013 15:16:30.938879  6359 global.h:43] DeleteGlobal N7oneflow7JobDescE
I1013 15:16:30.938925  6359 global.h:36] NewGlobal N7oneflow7JobDescE
I1013 15:16:30.982750  6359 global.h:36] NewGlobal N7oneflow7OpGraphE
I1013 15:16:30.998433  6359 global.h:43] DeleteGlobal N7oneflow7OpGraphE
I1013 15:16:31.002234  6359 oneflow.cpp:210] 
job_id: 3 , job_name: System-ModelSave , compile time: 0.0632791 seconds.
I1013 15:16:31.014107  6359 global.h:43] DeleteGlobal N7oneflow7JobDescE
I1013 15:16:31.014133  6359 global.h:36] NewGlobal N7oneflow7JobDescE
I1013 15:16:31.022789  6359 global.h:36] NewGlobal N7oneflow7OpGraphE
I1013 15:16:31.026428  6359 global.h:43] DeleteGlobal N7oneflow7OpGraphE
I1013 15:16:31.027673  6359 oneflow.cpp:210] 
job_id: 4 , job_name: System-Pull-Return_22 , compile time: 0.0135222 seconds.
I1013 15:16:31.031111  6359 global.h:43] DeleteGlobal N7oneflow7JobDescE
I1013 15:16:31.035424  6359 global.h:36] NewGlobal N7oneflow7JobDescE
I1013 15:16:31.035456  6359 global.h:36] NewGlobal N7oneflow7OpGraphE
I1013 15:16:31.040536  6359 global.h:43] DeleteGlobal N7oneflow7OpGraphE
I1013 15:16:31.042901  6359 oneflow.cpp:210] 
job_id: 5 , job_name: MainJob-unamed , compile time: 0.00745293 seconds.
I1013 15:16:31.049695  6359 global.h:43] DeleteGlobal N7oneflow7JobDescE
I1013 15:16:31.052179  6359 plan_util.cpp:928]  Plan: merged_plan needs to allocate [ 374.89 MiB ] device memory in Rank: 0 , Device: 0
I1013 15:16:31.159018  6359 oneflow.cpp:998]  PushPlan merged_plan time: 0.0103764 seconds.
I1013 15:16:31.188730  6359 oneflow.cpp:1014]  PullPlan merged_plan time: 0.0250102 seconds.
I1013 15:16:33.312944  6359 runtime_context.cpp:21] NewCounter constructing_actor_cnt 393
I1013 15:16:33.314137  6932 naive_actor.cpp:25] actor 2199023255700 switch to &NaiveActor::HandlerNormal
I1013 15:16:33.314280  6932 thread.cpp:96] Thread 1048576 construct Actor kDeviceTick 2199023255700
I1013 15:16:33.314293  6928 naive_actor.cpp:25] actor 1099614388226 switch to &NaiveActor::HandlerNormal
I1013 15:16:33.314373  6928 thread.cpp:96] Thread 524337 construct Actor kDeviceTick 1099614388226
I1013 15:16:33.314388  6929 wait_and_send_ids_actor.cpp:53] actor 1099616485376 switch to &WaitAndSendIdsActor::HandlerWaitToStart
I1013 15:16:33.314422  6932 runtime_context.cpp:29] DecreaseCounter constructing_actor_cnt, current val is 392
I1013 15:16:33.314458  6928 runtime_context.cpp:29] DecreaseCounter constructing_actor_cnt, current val is 391
I1013 15:16:33.314455  6929 thread.cpp:96] Thread 524338 construct Actor kWaitAndSendIds 1099616485376
I1013 15:16:33.314775  6932 naive_actor.cpp:25] actor 2199023255739 switch to &NaiveActor::HandlerNormal
I1013 15:16:33.314824  6928 naive_actor.cpp:25] actor 1099614388233 switch to &NaiveActor::HandlerNormal
I1013 15:16:33.314860  6932 thread.cpp:96] Thread 1048576 construct Actor kDeviceTick 2199023255739
I1013 15:16:33.314884  6929 runtime_context.cpp:29] DecreaseCounter constructing_actor_cnt, current val is 390
I1013 15:16:33.314896  6928 thread.cpp:96] Thread 524337 construct Actor kDeviceTick 1099614388233
I1013 15:16:33.314956  6932 runtime_context.cpp:29] DecreaseCounter constructing_actor_cnt, current val is 389
I1013 15:16:33.315014  6928 runtime_context.cpp:29] DecreaseCounter constructing_actor_cnt, current val is 388
I1013 15:16:33.315313  6932 naive_actor.cpp:25] actor 2199023255778 switch to &NaiveActor::HandlerNormal
I1013 15:16:33.315363  6932 thread.cpp:96] Thread 1048576 construct Actor kDeviceTick 2199023255778
I1013 15:16:33.315397  6928 naive_actor.cpp:25] actor 1099614388243 switch to &NaiveActor::HandlerNormal
I1013 15:16:33.315430  6932 runtime_context.cpp:29] DecreaseCounter constructing_actor_cnt, current val is 387
I1013 15:16:33.315431  6928 thread.cpp:96] Thread 524337 construct Actor kDeviceTick 1099614388243
I1013 15:16:33.315527  6928 runtime_context.cpp:29] DecreaseCounter constructing_actor_cnt, current val is 386
I1013 15:16:33.315721  6932 naive_actor.cpp:25] actor 2199023255817 switch to &NaiveActor::HandlerNormal
I1013 15:16:33.315770  6932 thread.cpp:96] Thread 1048576 construct Actor kDeviceTick 2199023255817
I1013 15:16:33.315822  6932 runtime_context.cpp:29] DecreaseCounter constructing_actor_cnt, current val is 385
I1013 15:16:33.315827  6928 naive_actor.cpp:25] actor 1099614388252 switch to &NaiveActor::HandlerNormal
I1013 15:16:33.315889  6928 thread.cpp:96] Thread 524337 construct Actor kDeviceTick 1099614388252
I1013 15:16:33.315943  6928 runtime_context.cpp:29] DecreaseCounter constructing_actor_cnt, current val is 384
I1013 15:16:33.316184  6928 naive_actor.cpp:25] actor 1099614388261 switch to &NaiveActor::HandlerNormal
I1013 15:16:33.316217  6928 thread.cpp:96] Thread 524337 construct Actor kDeviceTick 1099614388261
I1013 15:16:33.316267  6928 runtime_context.cpp:29] DecreaseCounter constructing_actor_cnt, current val is 383
I1013 15:16:33.316494  6928 naive_actor.cpp:25] actor 1099614388269 switch to &NaiveActor::HandlerNormal
I1013 15:16:33.316526  6928 thread.cpp:96] Thread 524337 construct Actor kDeviceTick 1099614388269
I1013 15:16:33.316589  6928 runtime_context.cpp:29] DecreaseCounter constructing_actor_cnt, current val is 382
I1013 15:16:33.316826  6928 naive_actor.cpp:25] actor 1099614388276 switch to &NaiveActor::HandlerNormal
I1013 15:16:33.316859  6928 thread.cpp:96] Thread 524337 construct Actor kDeviceTick 1099614388276
I1013 15:16:33.316910  6928 runtime_context.cpp:29] DecreaseCounter constructing_actor_cnt, current val is 381
I1013 15:16:33.326023  6927 naive_actor.cpp:25] actor 1099559862272 switch to &NaiveActor::HandlerNormal
I1013 15:16:33.326160  6934 naive_actor.cpp:25] actor 2199025352708 switch to &NaiveActor::HandlerNormal
I1013 15:16:33.326174  6936 naive_actor.cpp:25] actor 2199027449858 switch to &NaiveActor::HandlerNormal
I1013 15:16:33.326206  6927 thread.cpp:96] Thread 524311 construct Actor kForeignOutput 1099559862272
I1013 15:16:33.326830  6925 naive_actor.cpp:25] actor 1099555667968 switch to &NaiveActor::HandlerNormal
I1013 15:16:33.326985  6925 thread.cpp:96] Thread 524309 construct Actor kNormalForward 1099555667968
I1013 15:16:33.326225  6930 sink_actor.cpp:21] actor 1099618582528 switch to &SinkActor::HandlerNormal
I1013 15:16:33.326249  6921 naive_actor.cpp:25] actor 1099547279360 switch to &NaiveActor::HandlerNormal
I1013 15:16:33.327229  6921 thread.cpp:96] Thread 524305 construct Actor kNormalForward 1099547279360
I1013 15:16:33.327289  6908 naive_actor.cpp:25] actor 1099520016384 switch to &NaiveActor::HandlerNormal
I1013 15:16:33.327345  6932 naive_actor.cpp:25] actor 2199023255590 switch to &NaiveActor::HandlerNormal
I1013 15:16:33.327489  6932 thread.cpp:96] Thread 1048576 construct Actor kNormalForward 2199023255590
I1013 15:16:33.326499  6928 naive_actor.cpp:25] actor 1099614388228 switch to &NaiveActor::HandlerNormal
I1013 15:16:33.326555  6918 naive_actor.cpp:25] actor 1099540987904 switch to &NaiveActor::HandlerNormal
I1013 15:16:33.326671  6910 naive_actor.cpp:25] actor 1099524210688 switch to &NaiveActor::HandlerNormal
I1013 15:16:33.326741  6912 naive_actor.cpp:25] actor 1099528404992 switch to &NaiveActor::HandlerNormal
I1013 15:16:33.327885  6912 thread.cpp:96] Thread 524296 construct Actor kNormalForward 1099528404992
I1013 15:16:33.326786  6936 thread.cpp:96] Thread 1048578 construct Actor kCopyHd 2199027449858
I1013 15:16:33.326856  6922 naive_actor.cpp:25] actor 1099549376512 switch to &NaiveActor::HandlerNormal
I1013 15:16:33.328032  6936 runtime_context.cpp:29] DecreaseCounter constructing_actor_cnt, current val is 375
I1013 15:16:33.328063  6922 thread.cpp:96] Thread 524306 construct Actor kNormalForward 1099549376512
I1013 15:16:33.326820  6923 naive_actor.cpp:25] actor 1099551473664 switch to &NaiveActor::HandlerNormal
I1013 15:16:33.328140  6922 runtime_context.cpp:29] DecreaseCounter constructing_actor_cnt, current val is 374
I1013 15:16:33.328152  6923 thread.cpp:96] Thread 524307 construct Actor kForeignInput 1099551473664
I1013 15:16:33.326200  6926 naive_actor.cpp:25] actor 1099557765120 switch to &NaiveActor::HandlerNormal
I1013 15:16:33.326910  6920 naive_actor.cpp:25] actor 1099545182208 switch to &NaiveActor::HandlerNormal
I1013 15:16:33.328238  6926 thread.cpp:96] Thread 524310 construct Actor kNormalForward 1099557765120
I1013 15:16:33.328267  6920 thread.cpp:96] Thread 524304 construct Actor kForeignInput 1099545182208
I1013 15:16:33.326936  6927 runtime_context.cpp:29] DecreaseCounter constructing_actor_cnt, current val is 380
I1013 15:16:33.328332  6926 runtime_context.cpp:29] DecreaseCounter constructing_actor_cnt, current val is 372
I1013 15:16:33.328356  6920 runtime_context.cpp:29] DecreaseCounter constructing_actor_cnt, current val is 371
I1013 15:16:33.327037  6905 naive_actor.cpp:25] actor 1099513724928 switch to &NaiveActor::HandlerNormal
I1013 15:16:33.328469  6905 thread.cpp:96] Thread 524289 construct Actor kNormalForward 1099513724928
I1013 15:16:33.327102  6914 naive_actor.cpp:25] actor 1099532599296 switch to &NaiveActor::HandlerNormal
I1013 15:16:33.328562  6905 runtime_context.cpp:29] DecreaseCounter constructing_actor_cnt, current val is 370
I1013 15:16:33.327150  6930 thread.cpp:96] Thread 524339 construct Actor kCallbackNotify 1099618582528
I1013 15:16:33.327244  6906 naive_actor.cpp:25] actor 1099515822080 switch to &NaiveActor::HandlerNormal
I1013 15:16:33.328680  6930 runtime_context.cpp:29] DecreaseCounter constructing_actor_cnt, current val is 369
I1013 15:16:33.326370  6911 naive_actor.cpp:25] actor 1099526307840 switch to &NaiveActor::HandlerNormal
I1013 15:16:33.327365  6921 runtime_context.cpp:29] DecreaseCounter constructing_actor_cnt, current val is 378
I1013 15:16:33.327368  6908 thread.cpp:96] Thread 524292 construct Actor kNormalForward 1099520016384
I1013 15:16:33.326388  6917 naive_actor.cpp:25] actor 1099538890752 switch to &NaiveActor::HandlerNormal
I1013 15:16:33.328990  6908 runtime_context.cpp:29] DecreaseCounter constructing_actor_cnt, current val is 368
I1013 15:16:33.329010  6917 thread.cpp:96] Thread 524301 construct Actor kForeignInput 1099538890752
I1013 15:16:33.327602  6932 runtime_context.cpp:29] DecreaseCounter constructing_actor_cnt, current val is 377
I1013 15:16:33.329093  6917 runtime_context.cpp:29] DecreaseCounter constructing_actor_cnt, current val is 367
I1013 15:16:33.327749  6918 thread.cpp:96] Thread 524302 construct Actor kNormalForward 1099540987904
I1013 15:16:33.327808  6910 thread.cpp:96] Thread 524294 construct Actor kNormalForward 1099524210688
I1013 15:16:33.326752  6915 naive_actor.cpp:25] actor 1099534696448 switch to &NaiveActor::HandlerNormal
I1013 15:16:33.329493  6915 thread.cpp:96] Thread 524299 construct Actor kNormalForward 1099534696448
I1013 15:16:33.328225  6936 naive_actor.cpp:25] actor 2199027449857 switch to &NaiveActor::HandlerNormal
I1013 15:16:33.329790  6915 runtime_context.cpp:29] DecreaseCounter constructing_actor_cnt, current val is 364
I1013 15:16:33.328250  6923 runtime_context.cpp:29] DecreaseCounter constructing_actor_cnt, current val is 373
I1013 15:16:33.326927  6924 naive_actor.cpp:25] actor 1099553570816 switch to &NaiveActor::HandlerNormal
I1013 15:16:33.326202  6913 naive_actor.cpp:25] actor 1099530502144 switch to &NaiveActor::HandlerNormal
I1013 15:16:33.330039  6924 thread.cpp:96] Thread 524308 construct Actor kNormalForward 1099553570816
I1013 15:16:33.330058  6913 thread.cpp:96] Thread 524297 construct Actor kNormalForward 1099530502144
I1013 15:16:33.327003  6916 naive_actor.cpp:25] actor 1099536793600 switch to &NaiveActor::HandlerNormal
I1013 15:16:33.330116  6932 naive_actor.cpp:25] actor 2199023255563 switch to &NaiveActor::HandlerNormal
I1013 15:16:33.330189  6932 thread.cpp:96] Thread 1048576 construct Actor kNormalForward 2199023255563
I1013 15:16:33.328580  6914 thread.cpp:96] Thread 524298 construct Actor kNormalForward 1099532599296
I1013 15:16:33.330258  6932 runtime_context.cpp:29] DecreaseCounter constructing_actor_cnt, current val is 361
I1013 15:16:33.326282  6934 thread.cpp:96] Thread 1048577 construct Actor kCopyHd 2199025352708
I1013 15:16:33.328693  6906 thread.cpp:96] Thread 524290 construct Actor kNormalForward 1099515822080
I1013 15:16:33.330374  6934 runtime_context.cpp:29] DecreaseCounter constructing_actor_cnt, current val is 359
I1013 15:16:33.330440  6906 runtime_context.cpp:29] DecreaseCounter constructing_actor_cnt, current val is 358
I1013 15:16:33.326412  6909 naive_actor.cpp:25] actor 1099522113536 switch to &NaiveActor::HandlerNormal
I1013 15:16:33.327641  6928 thread.cpp:96] Thread 524337 construct Actor kTick 1099614388228
I1013 15:16:33.330562  6909 thread.cpp:96] Thread 524293 construct Actor kNormalForward 1099522113536
I1013 15:16:33.329435  6910 runtime_context.cpp:29] DecreaseCounter constructing_actor_cnt, current val is 365
I1013 15:16:33.327973  6912 runtime_context.cpp:29] DecreaseCounter constructing_actor_cnt, current val is 376
I1013 15:16:33.329816  6936 thread.cpp:96] Thread 1048578 construct Actor kCopyHd 2199027449857
I1013 15:16:33.326918  6919 naive_actor.cpp:25] actor 1099543085056 switch to &NaiveActor::HandlerNormal
I1013 15:16:33.330929  6919 thread.cpp:96] Thread 524303 construct Actor kNormalForward 1099543085056
I1013 15:16:33.330967  6904 naive_actor.cpp:25] actor 1099511627776 switch to &NaiveActor::HandlerNormal
I1013 15:16:33.330140  6913 runtime_context.cpp:29] DecreaseCounter constructing_actor_cnt, current val is 362
I1013 15:16:33.327035  6907 naive_actor.cpp:25] actor 1099517919232 switch to &NaiveActor::HandlerNormal
I1013 15:16:33.331164  6907 thread.cpp:96] Thread 524291 construct Actor kNormalForward 1099517919232
I1013 15:16:33.330300  6914 runtime_context.cpp:29] DecreaseCounter constructing_actor_cnt, current val is 360
I1013 15:16:33.328758  6911 thread.cpp:96] Thread 524295 construct Actor kNormalForward 1099526307840
I1013 15:16:33.330593  6934 naive_actor.cpp:25] actor 2199025352707 switch to &NaiveActor::HandlerNormal
I1013 15:16:33.331414  6932 naive_actor.cpp:25] actor 2199023255632 switch to &NaiveActor::HandlerNormal
I1013 15:16:33.331487  6932 thread.cpp:96] Thread 1048576 construct Actor kNormalForward 2199023255632
I1013 15:16:33.330698  6909 runtime_context.cpp:29] DecreaseCounter constructing_actor_cnt, current val is 356
I1013 15:16:33.330879  6936 runtime_context.cpp:29] DecreaseCounter constructing_actor_cnt, current val is 355
I1013 15:16:33.330127  6924 runtime_context.cpp:29] DecreaseCounter constructing_actor_cnt, current val is 363
I1013 15:16:33.330158  6916 thread.cpp:96] Thread 524300 construct Actor kNormalForward 1099536793600
I1013 15:16:33.331041  6919 runtime_context.cpp:29] DecreaseCounter constructing_actor_cnt, current val is 354
I1013 15:16:33.331048  6904 thread.cpp:96] Thread 524288 construct Actor kNormalForward 1099511627776
I1013 15:16:33.327147  6925 runtime_context.cpp:29] DecreaseCounter constructing_actor_cnt, current val is 379
I1013 15:16:33.331895  6904 runtime_context.cpp:29] DecreaseCounter constructing_actor_cnt, current val is 349
I1013 15:16:33.331396  6911 runtime_context.cpp:29] DecreaseCounter constructing_actor_cnt, current val is 352
I1013 15:16:33.330618  6928 runtime_context.cpp:29] DecreaseCounter constructing_actor_cnt, current val is 357
I1013 15:16:33.331445  6934 thread.cpp:96] Thread 1048577 construct Actor kCopyHd 2199025352707
I1013 15:16:33.332152  6934 runtime_context.cpp:29] DecreaseCounter constructing_actor_cnt, current val is 348
I1013 15:16:33.331591  6932 runtime_context.cpp:29] DecreaseCounter constructing_actor_cnt, current val is 351
I1013 15:16:33.331766  6916 runtime_context.cpp:29] DecreaseCounter constructing_actor_cnt, current val is 350
I1013 15:16:33.331830  6936 naive_actor.cpp:25] actor 2199027449856 switch to &NaiveActor::HandlerNormal
I1013 15:16:33.332469  6936 thread.cpp:96] Thread 1048578 construct Actor kCopyHd 2199027449856
I1013 15:16:33.331269  6907 runtime_context.cpp:29] DecreaseCounter constructing_actor_cnt, current val is 353
I1013 15:16:33.332535  6936 runtime_context.cpp:29] DecreaseCounter constructing_actor_cnt, current val is 347
I1013 15:16:33.332329  6934 naive_actor.cpp:25] actor 2199025352704 switch to &NaiveActor::HandlerNormal
I1013 15:16:33.329355  6918 runtime_context.cpp:29] DecreaseCounter constructing_actor_cnt, current val is 366
I1013 15:16:33.332381  6928 naive_actor.cpp:25] actor 1099614388237 switch to &NaiveActor::HandlerNormal
I1013 15:16:33.332617  6934 thread.cpp:96] Thread 1048577 construct Actor kCopyHd 2199025352704
I1013 15:16:33.332620  6932 naive_actor.cpp:25] actor 2199023255582 switch to &NaiveActor::HandlerNormal
I1013 15:16:33.332713  6928 thread.cpp:96] Thread 524337 construct Actor kDstSubsetTick 1099614388237
I1013 15:16:33.332763  6934 runtime_context.cpp:29] DecreaseCounter constructing_actor_cnt, current val is 346
I1013 15:16:33.332767  6932 thread.cpp:96] Thread 1048576 construct Actor kNormalForward 2199023255582
I1013 15:16:33.332821  6928 runtime_context.cpp:29] DecreaseCounter constructing_actor_cnt, current val is 345
I1013 15:16:33.332867  6932 runtime_context.cpp:29] DecreaseCounter constructing_actor_cnt, current val is 344
I1013 15:16:33.332963  6934 naive_actor.cpp:25] actor 2199025352706 switch to &NaiveActor::HandlerNormal
I1013 15:16:33.333009  6934 thread.cpp:96] Thread 1048577 construct Actor kCopyHd 2199025352706
I1013 15:16:33.333058  6934 runtime_context.cpp:29] DecreaseCounter constructing_actor_cnt, current val is 343
I1013 15:16:33.333144  6928 naive_actor.cpp:25] actor 1099614388229 switch to &NaiveActor::HandlerNormal
I1013 15:16:33.333185  6928 thread.cpp:96] Thread 524337 construct Actor kDstSubsetTick 1099614388229
I1013 15:16:33.333185  6932 naive_actor.cpp:25] actor 2199023255587 switch to &NaiveActor::HandlerNormal
I1013 15:16:33.333243  6932 thread.cpp:96] Thread 1048576 construct Actor kNormalForward 2199023255587
I1013 15:16:33.333245  6934 naive_actor.cpp:25] actor 2199025352705 switch to &NaiveActor::HandlerNormal
I1013 15:16:33.333256  6928 runtime_context.cpp:29] DecreaseCounter constructing_actor_cnt, current val is 342
I1013 15:16:33.333315  6932 runtime_context.cpp:29] DecreaseCounter constructing_actor_cnt, current val is 341
I1013 15:16:33.333303  6934 thread.cpp:96] Thread 1048577 construct Actor kCopyHd 2199025352705
I1013 15:16:33.333392  6934 runtime_context.cpp:29] DecreaseCounter constructing_actor_cnt, current val is 340
I1013 15:16:33.333526  6934 naive_actor.cpp:25] actor 2199025352709 switch to &NaiveActor::HandlerNormal
I1013 15:16:33.333577  6928 naive_actor.cpp:25] actor 1099614388234 switch to &NaiveActor::HandlerNormal
I1013 15:16:33.333580  6934 thread.cpp:96] Thread 1048577 construct Actor kCopyHd 2199025352709
I1013 15:16:33.333609  6928 thread.cpp:96] Thread 524337 construct Actor kSrcSubsetTick 1099614388234
I1013 15:16:33.333635  6932 naive_actor.cpp:25] actor 2199023255584 switch to &NaiveActor::HandlerNormal
I1013 15:16:33.333664  6934 runtime_context.cpp:29] DecreaseCounter constructing_actor_cnt, current val is 339
I1013 15:16:33.333765  6928 runtime_context.cpp:29] DecreaseCounter constructing_actor_cnt, current val is 338
I1013 15:16:33.333767  6932 thread.cpp:96] Thread 1048576 construct Actor kNormalForward 2199023255584
I1013 15:16:33.333890  6932 runtime_context.cpp:29] DecreaseCounter constructing_actor_cnt, current val is 337
I1013 15:16:33.333912  6934 naive_actor.cpp:25] actor 2199025352710 switch to &NaiveActor::HandlerNormal
I1013 15:16:33.333962  6934 thread.cpp:96] Thread 1048577 construct Actor kCopyHd 2199025352710
I1013 15:16:33.334017  6934 runtime_context.cpp:29] DecreaseCounter constructing_actor_cnt, current val is 336
I1013 15:16:33.334051  6928 naive_actor.cpp:25] actor 1099614388238 switch to &NaiveActor::HandlerNormal
I1013 15:16:33.334079  6928 thread.cpp:96] Thread 524337 construct Actor kTick 1099614388238
I1013 15:16:33.334121  6928 runtime_context.cpp:29] DecreaseCounter constructing_actor_cnt, current val is 335
I1013 15:16:33.334213  6932 naive_actor.cpp:25] actor 2199023255579 switch to &NaiveActor::HandlerNormal
I1013 15:16:33.334256  6932 thread.cpp:96] Thread 1048576 construct Actor kNormalForward 2199023255579
I1013 15:16:33.334312  6932 runtime_context.cpp:29] DecreaseCounter constructing_actor_cnt, current val is 334
I1013 15:16:33.334379  6928 naive_actor.cpp:25] actor 1099614388224 switch to &NaiveActor::HandlerNormal
I1013 15:16:33.334419  6928 thread.cpp:96] Thread 524337 construct Actor kDeviceTick 1099614388224
I1013 15:16:33.334465  6928 runtime_context.cpp:29] DecreaseCounter constructing_actor_cnt, current val is 333
I1013 15:16:33.334609  6932 naive_actor.cpp:25] actor 2199023255564 switch to &NaiveActor::HandlerNormal
I1013 15:16:33.334654  6932 thread.cpp:96] Thread 1048576 construct Actor kNormalForward 2199023255564
I1013 15:16:33.334712  6932 runtime_context.cpp:29] DecreaseCounter constructing_actor_cnt, current val is 332
I1013 15:16:33.334724  6928 naive_actor.cpp:25] actor 1099614388231 switch to &NaiveActor::HandlerNormal
I1013 15:16:33.334771  6928 thread.cpp:96] Thread 524337 construct Actor kTick 1099614388231
I1013 15:16:33.334816  6928 runtime_context.cpp:29] DecreaseCounter constructing_actor_cnt, current val is 331
I1013 15:16:33.335163  6928 esac_actor.cpp:73] actor 1099614388321 switch to &EsacActor::HandlerNormal
I1013 15:16:33.335206  6928 thread.cpp:96] Thread 524337 construct Actor kEsac 1099614388321
I1013 15:16:33.335263  6928 runtime_context.cpp:29] DecreaseCounter constructing_actor_cnt, current val is 330
I1013 15:16:33.335485  6932 naive_actor.cpp:25] actor 2199023255621 switch to &NaiveActor::HandlerNormal
I1013 15:16:33.335510  6928 naive_actor.cpp:25] actor 1099614388239 switch to &NaiveActor::HandlerNormal
I1013 15:16:33.335541  6932 thread.cpp:96] Thread 1048576 construct Actor kNormalForward 2199023255621
I1013 15:16:33.335561  6928 thread.cpp:96] Thread 524337 construct Actor kTick 1099614388239
I1013 15:16:33.335638  6928 runtime_context.cpp:29] DecreaseCounter constructing_actor_cnt, current val is 329
I1013 15:16:33.335645  6932 runtime_context.cpp:29] DecreaseCounter constructing_actor_cnt, current val is 328
I1013 15:16:33.335873  6928 naive_actor.cpp:25] actor 1099614388236 switch to &NaiveActor::HandlerNormal
I1013 15:16:33.335916  6928 thread.cpp:96] Thread 524337 construct Actor kTick 1099614388236
I1013 15:16:33.335973  6928 runtime_context.cpp:29] DecreaseCounter constructing_actor_cnt, current val is 327
I1013 15:16:33.336207  6928 naive_actor.cpp:25] actor 1099614388225 switch to &NaiveActor::HandlerNormal
I1013 15:16:33.336248  6928 thread.cpp:96] Thread 524337 construct Actor kSrcSubsetTick 1099614388225
I1013 15:16:33.336293  6928 runtime_context.cpp:29] DecreaseCounter constructing_actor_cnt, current val is 326
I1013 15:16:33.336515  6928 naive_actor.cpp:25] actor 1099614388320 switch to &NaiveActor::HandlerNormal
I1013 15:16:33.336525  6932 naive_actor.cpp:25] actor 2199023255606 switch to &NaiveActor::HandlerNormal
I1013 15:16:33.336597  6928 thread.cpp:96] Thread 524337 construct Actor kTick 1099614388320
I1013 15:16:33.336635  6932 thread.cpp:96] Thread 1048576 construct Actor kNormalForward 2199023255606
I1013 15:16:33.336681  6928 runtime_context.cpp:29] DecreaseCounter constructing_actor_cnt, current val is 325
I1013 15:16:33.336741  6932 runtime_context.cpp:29] DecreaseCounter constructing_actor_cnt, current val is 324
I1013 15:16:33.336923  6928 naive_actor.cpp:25] actor 1099614388230 switch to &NaiveActor::HandlerNormal
I1013 15:16:33.336966  6928 thread.cpp:96] Thread 524337 construct Actor kTick 1099614388230
I1013 15:16:33.337010  6928 runtime_context.cpp:29] DecreaseCounter constructing_actor_cnt, current val is 323
I1013 15:16:33.337252  6928 naive_actor.cpp:25] actor 1099614388232 switch to &NaiveActor::HandlerNormal
I1013 15:16:33.337294  6928 thread.cpp:96] Thread 524337 construct Actor kTick 1099614388232
I1013 15:16:33.337340  6928 runtime_context.cpp:29] DecreaseCounter constructing_actor_cnt, current val is 322
I1013 15:16:33.337592  6932 naive_actor.cpp:25] actor 2199023255580 switch to &NaiveActor::HandlerNormal
I1013 15:16:33.337599  6928 naive_actor.cpp:25] actor 1099614388240 switch to &NaiveActor::HandlerNormal
I1013 15:16:33.337642  6932 thread.cpp:96] Thread 1048576 construct Actor kNormalForward 2199023255580
I1013 15:16:33.337663  6928 thread.cpp:96] Thread 524337 construct Actor kTick 1099614388240
I1013 15:16:33.337728  6928 runtime_context.cpp:29] DecreaseCounter constructing_actor_cnt, current val is 321
I1013 15:16:33.337734  6932 runtime_context.cpp:29] DecreaseCounter constructing_actor_cnt, current val is 320
I1013 15:16:33.337968  6928 naive_actor.cpp:25] actor 1099614388247 switch to &NaiveActor::HandlerNormal
I1013 15:16:33.338008  6928 thread.cpp:96] Thread 524337 construct Actor kTick 1099614388247
I1013 15:16:33.338049  6932 naive_actor.cpp:25] actor 2199023255558 switch to &NaiveActor::HandlerNormal
I1013 15:16:33.338052  6928 runtime_context.cpp:29] DecreaseCounter constructing_actor_cnt, current val is 319
I1013 15:16:33.338086  6932 thread.cpp:96] Thread 1048576 construct Actor kNormalForward 2199023255558
I1013 15:16:33.338153  6932 runtime_context.cpp:29] DecreaseCounter constructing_actor_cnt, current val is 318
I1013 15:16:33.338316  6928 naive_actor.cpp:25] actor 1099614388242 switch to &NaiveActor::HandlerNormal
I1013 15:16:33.338356  6928 thread.cpp:96] Thread 524337 construct Actor kSrcSubsetTick 1099614388242
I1013 15:16:33.338399  6928 runtime_context.cpp:29] DecreaseCounter constructing_actor_cnt, current val is 317
I1013 15:16:33.338631  6928 naive_actor.cpp:25] actor 1099614388241 switch to &NaiveActor::HandlerNormal
I1013 15:16:33.338670  6928 thread.cpp:96] Thread 524337 construct Actor kDeviceTick 1099614388241
I1013 15:16:33.338712  6928 runtime_context.cpp:29] DecreaseCounter constructing_actor_cnt, current val is 316
I1013 15:16:33.338932  6928 naive_actor.cpp:25] actor 1099614388245 switch to &NaiveActor::HandlerNormal
I1013 15:16:33.338945  6932 naive_actor.cpp:25] actor 2199023255588 switch to &NaiveActor::HandlerNormal
I1013 15:16:33.338973  6928 thread.cpp:96] Thread 524337 construct Actor kTick 1099614388245
I1013 15:16:33.338999  6932 thread.cpp:96] Thread 1048576 construct Actor kNormalForward 2199023255588
I1013 15:16:33.339041  6928 runtime_context.cpp:29] DecreaseCounter constructing_actor_cnt, current val is 315
I1013 15:16:33.339074  6932 runtime_context.cpp:29] DecreaseCounter constructing_actor_cnt, current val is 314
I1013 15:16:33.339323  6928 naive_actor.cpp:25] actor 1099614388246 switch to &NaiveActor::HandlerNormal
I1013 15:16:33.339363  6928 thread.cpp:96] Thread 524337 construct Actor kDstSubsetTick 1099614388246
I1013 15:16:33.339411  6928 runtime_context.cpp:29] DecreaseCounter constructing_actor_cnt, current val is 313
I1013 15:16:33.339650  6928 naive_actor.cpp:25] actor 1099614388248 switch to &NaiveActor::HandlerNormal
I1013 15:16:33.339689  6928 thread.cpp:96] Thread 524337 construct Actor kTick 1099614388248
I1013 15:16:33.339754  6932 naive_actor.cpp:25] actor 2199023255576 switch to &NaiveActor::HandlerNormal
I1013 15:16:33.339809  6932 thread.cpp:96] Thread 1048576 construct Actor kNormalForward 2199023255576
I1013 15:16:33.339812  6928 runtime_context.cpp:29] DecreaseCounter constructing_actor_cnt, current val is 312
I1013 15:16:33.339869  6932 runtime_context.cpp:29] DecreaseCounter constructing_actor_cnt, current val is 311
I1013 15:16:33.340062  6928 naive_actor.cpp:25] actor 1099614388249 switch to &NaiveActor::HandlerNormal
I1013 15:16:33.340101  6928 thread.cpp:96] Thread 524337 construct Actor kTick 1099614388249
I1013 15:16:33.340144  6928 runtime_context.cpp:29] DecreaseCounter constructing_actor_cnt, current val is 310
I1013 15:16:33.340373  6928 naive_actor.cpp:25] actor 1099614388251 switch to &NaiveActor::HandlerNormal
I1013 15:16:33.340411  6928 thread.cpp:96] Thread 524337 construct Actor kSrcSubsetTick 1099614388251
I1013 15:16:33.340453  6928 runtime_context.cpp:29] DecreaseCounter constructing_actor_cnt, current val is 309
I1013 15:16:33.340584  6932 naive_actor.cpp:25] actor 2199023255618 switch to &NaiveActor::HandlerNormal
I1013 15:16:33.340631  6932 thread.cpp:96] Thread 1048576 construct Actor kNormalForward 2199023255618
I1013 15:16:33.340689  6928 naive_actor.cpp:25] actor 1099614388250 switch to &NaiveActor::HandlerNormal
I1013 15:16:33.340692  6932 runtime_context.cpp:29] DecreaseCounter constructing_actor_cnt, current val is 308
I1013 15:16:33.340718  6928 thread.cpp:96] Thread 524337 construct Actor kDeviceTick 1099614388250
I1013 15:16:33.340777  6928 runtime_context.cpp:29] DecreaseCounter constructing_actor_cnt, current val is 307
I1013 15:16:33.341185  6928 esac_actor.cpp:73] actor 1099614388313 switch to &EsacActor::HandlerNormal
I1013 15:16:33.341224  6928 thread.cpp:96] Thread 524337 construct Actor kEsac 1099614388313
I1013 15:16:33.341281  6928 runtime_context.cpp:29] DecreaseCounter constructing_actor_cnt, current val is 306
I1013 15:16:33.341513  6928 naive_actor.cpp:25] actor 1099614388254 switch to &NaiveActor::HandlerNormal
I1013 15:16:33.341523  6932 naive_actor.cpp:25] actor 2199023255556 switch to &NaiveActor::HandlerNormal
I1013 15:16:33.341557  6928 thread.cpp:96] Thread 524337 construct Actor kTick 1099614388254
I1013 15:16:33.341593  6932 thread.cpp:96] Thread 1048576 construct Actor kNormalForward 2199023255556
I1013 15:16:33.341636  6928 runtime_context.cpp:29] DecreaseCounter constructing_actor_cnt, current val is 305
I1013 15:16:33.341661  6932 runtime_context.cpp:29] DecreaseCounter constructing_actor_cnt, current val is 304
I1013 15:16:33.341866  6928 naive_actor.cpp:25] actor 1099614388256 switch to &NaiveActor::HandlerNormal
I1013 15:16:33.341904  6928 thread.cpp:96] Thread 524337 construct Actor kTick 1099614388256
I1013 15:16:33.341946  6928 runtime_context.cpp:29] DecreaseCounter constructing_actor_cnt, current val is 303
I1013 15:16:33.341955  6932 naive_actor.cpp:25] actor 2199023255577 switch to &NaiveActor::HandlerNormal
I1013 15:16:33.342002  6932 thread.cpp:96] Thread 1048576 construct Actor kNormalForward 2199023255577
I1013 15:16:33.342056  6932 runtime_context.cpp:29] DecreaseCounter constructing_actor_cnt, current val is 302
I1013 15:16:33.342236  6928 naive_actor.cpp:25] actor 1099614388255 switch to &NaiveActor::HandlerNormal
I1013 15:16:33.342275  6928 thread.cpp:96] Thread 524337 construct Actor kDstSubsetTick 1099614388255
I1013 15:16:33.342331  6928 runtime_context.cpp:29] DecreaseCounter constructing_actor_cnt, current val is 301
I1013 15:16:33.342555  6928 naive_actor.cpp:25] actor 1099614388257 switch to &NaiveActor::HandlerNormal
I1013 15:16:33.342612  6928 thread.cpp:96] Thread 524337 construct Actor kTick 1099614388257
I1013 15:16:33.342655  6928 runtime_context.cpp:29] DecreaseCounter constructing_actor_cnt, current val is 300
I1013 15:16:33.342841  6932 naive_actor.cpp:25] actor 2199023255573 switch to &NaiveActor::HandlerNormal
I1013 15:16:33.342869  6928 naive_actor.cpp:25] actor 1099614388317 switch to &NaiveActor::HandlerNormal
I1013 15:16:33.342887  6932 thread.cpp:96] Thread 1048576 construct Actor kNormalForward 2199023255573
I1013 15:16:33.342939  6928 thread.cpp:96] Thread 524337 construct Actor kTick 1099614388317
I1013 15:16:33.343008  6932 runtime_context.cpp:29] DecreaseCounter constructing_actor_cnt, current val is 299
I1013 15:16:33.343015  6928 runtime_context.cpp:29] DecreaseCounter constructing_actor_cnt, current val is 298
I1013 15:16:33.343276  6928 naive_actor.cpp:25] actor 1099614388263 switch to &NaiveActor::HandlerNormal
I1013 15:16:33.343317  6928 thread.cpp:96] Thread 524337 construct Actor kTick 1099614388263
I1013 15:16:33.343358  6928 runtime_context.cpp:29] DecreaseCounter constructing_actor_cnt, current val is 297
I1013 15:16:33.343593  6928 naive_actor.cpp:25] actor 1099614388258 switch to &NaiveActor::HandlerNormal
I1013 15:16:33.343632  6928 thread.cpp:96] Thread 524337 construct Actor kTick 1099614388258
I1013 15:16:33.343677  6928 runtime_context.cpp:29] DecreaseCounter constructing_actor_cnt, current val is 296
I1013 15:16:33.343819  6932 naive_actor.cpp:25] actor 2199023255568 switch to &NaiveActor::HandlerNormal
I1013 15:16:33.343864  6932 thread.cpp:96] Thread 1048576 construct Actor kNormalForward 2199023255568
I1013 15:16:33.343911  6928 naive_actor.cpp:25] actor 1099614388259 switch to &NaiveActor::HandlerNormal
I1013 15:16:33.343925  6932 runtime_context.cpp:29] DecreaseCounter constructing_actor_cnt, current val is 295
I1013 15:16:33.343941  6928 thread.cpp:96] Thread 524337 construct Actor kDeviceTick 1099614388259
I1013 15:16:33.344002  6928 runtime_context.cpp:29] DecreaseCounter constructing_actor_cnt, current val is 294
I1013 15:16:33.344234  6928 naive_actor.cpp:25] actor 1099614388260 switch to &NaiveActor::HandlerNormal
I1013 15:16:33.344274  6928 thread.cpp:96] Thread 524337 construct Actor kSrcSubsetTick 1099614388260
I1013 15:16:33.344324  6928 runtime_context.cpp:29] DecreaseCounter constructing_actor_cnt, current val is 293
I1013 15:16:33.344537  6928 naive_actor.cpp:25] actor 1099614388265 switch to &NaiveActor::HandlerNormal
I1013 15:16:33.344605  6928 thread.cpp:96] Thread 524337 construct Actor kTick 1099614388265
I1013 15:16:33.344609  6932 naive_actor.cpp:25] actor 2199023255591 switch to &NaiveActor::HandlerNormal
I1013 15:16:33.344662  6932 thread.cpp:96] Thread 1048576 construct Actor kNormalForward 2199023255591
I1013 15:16:33.344666  6928 runtime_context.cpp:29] DecreaseCounter constructing_actor_cnt, current val is 292
I1013 15:16:33.344722  6932 runtime_context.cpp:29] DecreaseCounter constructing_actor_cnt, current val is 291
I1013 15:16:33.344909  6928 naive_actor.cpp:25] actor 1099614388266 switch to &NaiveActor::HandlerNormal
I1013 15:16:33.344949  6928 thread.cpp:96] Thread 524337 construct Actor kTick 1099614388266
I1013 15:16:33.344991  6928 runtime_context.cpp:29] DecreaseCounter constructing_actor_cnt, current val is 290
I1013 15:16:33.345013  6932 naive_actor.cpp:25] actor 2199023255553 switch to &NaiveActor::HandlerNormal
I1013 15:16:33.345053  6932 thread.cpp:96] Thread 1048576 construct Actor kNormalForward 2199023255553
I1013 15:16:33.345115  6932 runtime_context.cpp:29] DecreaseCounter constructing_actor_cnt, current val is 289
I1013 15:16:33.345293  6928 naive_actor.cpp:25] actor 1099614388264 switch to &NaiveActor::HandlerNormal
I1013 15:16:33.345331  6928 thread.cpp:96] Thread 524337 construct Actor kDstSubsetTick 1099614388264
I1013 15:16:33.345387  6928 runtime_context.cpp:29] DecreaseCounter constructing_actor_cnt, current val is 288
I1013 15:16:33.345629  6928 naive_actor.cpp:25] actor 1099614388267 switch to &NaiveActor::HandlerNormal
I1013 15:16:33.345669  6928 thread.cpp:96] Thread 524337 construct Actor kDeviceTick 1099614388267
I1013 15:16:33.345711  6928 runtime_context.cpp:29] DecreaseCounter constructing_actor_cnt, current val is 287
I1013 15:16:33.345896  6932 naive_actor.cpp:25] actor 2199023255561 switch to &NaiveActor::HandlerNormal
I1013 15:16:33.345935  6928 naive_actor.cpp:25] actor 1099614388279 switch to &NaiveActor::HandlerNormal
I1013 15:16:33.345940  6932 thread.cpp:96] Thread 1048576 construct Actor kNormalForward 2199023255561
I1013 15:16:33.346026  6928 thread.cpp:96] Thread 524337 construct Actor kTick 1099614388279
I1013 15:16:33.346097  6932 runtime_context.cpp:29] DecreaseCounter constructing_actor_cnt, current val is 286
I1013 15:16:33.346097  6928 runtime_context.cpp:29] DecreaseCounter constructing_actor_cnt, current val is 285
I1013 15:16:33.346357  6928 naive_actor.cpp:25] actor 1099614388271 switch to &NaiveActor::HandlerNormal
I1013 15:16:33.346398  6928 thread.cpp:96] Thread 524337 construct Actor kTick 1099614388271
I1013 15:16:33.346441  6928 runtime_context.cpp:29] DecreaseCounter constructing_actor_cnt, current val is 284
I1013 15:16:33.346670  6928 naive_actor.cpp:25] actor 1099614388268 switch to &NaiveActor::HandlerNormal
I1013 15:16:33.346709  6928 thread.cpp:96] Thread 524337 construct Actor kSrcSubsetTick 1099614388268
I1013 15:16:33.346751  6928 runtime_context.cpp:29] DecreaseCounter constructing_actor_cnt, current val is 283
I1013 15:16:33.346969  6928 naive_actor.cpp:25] actor 1099614388282 switch to &NaiveActor::HandlerNormal
I1013 15:16:33.346976  6932 naive_actor.cpp:25] actor 2199023255559 switch to &NaiveActor::HandlerNormal
I1013 15:16:33.347012  6928 thread.cpp:96] Thread 524337 construct Actor kTick 1099614388282
I1013 15:16:33.347038  6932 thread.cpp:96] Thread 1048576 construct Actor kNormalForward 2199023255559
I1013 15:16:33.347080  6928 runtime_context.cpp:29] DecreaseCounter constructing_actor_cnt, current val is 282
I1013 15:16:33.347107  6932 runtime_context.cpp:29] DecreaseCounter constructing_actor_cnt, current val is 281
I1013 15:16:33.347303  6928 naive_actor.cpp:25] actor 1099614388281 switch to &NaiveActor::HandlerNormal
I1013 15:16:33.347342  6928 thread.cpp:96] Thread 524337 construct Actor kTick 1099614388281
I1013 15:16:33.347384  6928 runtime_context.cpp:29] DecreaseCounter constructing_actor_cnt, current val is 280
I1013 15:16:33.347622  6928 naive_actor.cpp:25] actor 1099614388277 switch to &NaiveActor::HandlerNormal
I1013 15:16:33.347661  6928 thread.cpp:96] Thread 524337 construct Actor kSrcSubsetTick 1099614388277
I1013 15:16:33.347704  6928 runtime_context.cpp:29] DecreaseCounter constructing_actor_cnt, current val is 279
I1013 15:16:33.347934  6928 naive_actor.cpp:25] actor 1099614388318 switch to &NaiveActor::HandlerNormal
I1013 15:16:33.347952  6932 naive_actor.cpp:25] actor 2199023255583 switch to &NaiveActor::HandlerNormal
I1013 15:16:33.347972  6928 thread.cpp:96] Thread 524337 construct Actor kTick 1099614388318
I1013 15:16:33.347996  6932 thread.cpp:96] Thread 1048576 construct Actor kNormalForward 2199023255583
I1013 15:16:33.348042  6928 runtime_context.cpp:29] DecreaseCounter constructing_actor_cnt, current val is 278
I1013 15:16:33.348071  6932 runtime_context.cpp:29] DecreaseCounter constructing_actor_cnt, current val is 277
I1013 15:16:33.348269  6928 naive_actor.cpp:25] actor 1099614388273 switch to &NaiveActor::HandlerNormal
I1013 15:16:33.348306  6928 thread.cpp:96] Thread 524337 construct Actor kTick 1099614388273
I1013 15:16:33.348345  6928 runtime_context.cpp:29] DecreaseCounter constructing_actor_cnt, current val is 276
I1013 15:16:33.348556  6928 naive_actor.cpp:25] actor 1099614388274 switch to &NaiveActor::HandlerNormal
I1013 15:16:33.348603  6928 thread.cpp:96] Thread 524337 construct Actor kTick 1099614388274
I1013 15:16:33.348644  6928 runtime_context.cpp:29] DecreaseCounter constructing_actor_cnt, current val is 275
I1013 15:16:33.348722  6932 naive_actor.cpp:25] actor 2199023255586 switch to &NaiveActor::HandlerNormal
I1013 15:16:33.348763  6932 thread.cpp:96] Thread 1048576 construct Actor kNormalForward 2199023255586
I1013 15:16:33.348816  6932 runtime_context.cpp:29] DecreaseCounter constructing_actor_cnt, current val is 274
I1013 15:16:33.348874  6928 naive_actor.cpp:25] actor 1099614388275 switch to &NaiveActor::HandlerNormal
I1013 15:16:33.348908  6928 thread.cpp:96] Thread 524337 construct Actor kTick 1099614388275
I1013 15:16:33.348979  6928 runtime_context.cpp:29] DecreaseCounter constructing_actor_cnt, current val is 273
I1013 15:16:33.349232  6928 naive_actor.cpp:25] actor 1099614388272 switch to &NaiveActor::HandlerNormal
I1013 15:16:33.349275  6928 thread.cpp:96] Thread 524337 construct Actor kDstSubsetTick 1099614388272
I1013 15:16:33.349328  6928 runtime_context.cpp:29] DecreaseCounter constructing_actor_cnt, current val is 272
I1013 15:16:33.349581  6928 naive_actor.cpp:25] actor 1099614388280 switch to &NaiveActor::HandlerNormal
I1013 15:16:33.349596  6932 naive_actor.cpp:25] actor 2199023255585 switch to &NaiveActor::HandlerNormal
I1013 15:16:33.349622  6928 thread.cpp:96] Thread 524337 construct Actor kDstSubsetTick 1099614388280
I1013 15:16:33.349647  6932 thread.cpp:96] Thread 1048576 construct Actor kNormalForward 2199023255585
I1013 15:16:33.349694  6928 runtime_context.cpp:29] DecreaseCounter constructing_actor_cnt, current val is 271
I1013 15:16:33.349714  6932 runtime_context.cpp:29] DecreaseCounter constructing_actor_cnt, current val is 270
I1013 15:16:33.349915  6928 naive_actor.cpp:25] actor 1099614388314 switch to &NaiveActor::HandlerNormal
I1013 15:16:33.349952  6928 thread.cpp:96] Thread 524337 construct Actor kTick 1099614388314
I1013 15:16:33.349995  6928 runtime_context.cpp:29] DecreaseCounter constructing_actor_cnt, current val is 269
I1013 15:16:33.350205  6928 naive_actor.cpp:25] actor 1099614388286 switch to &NaiveActor::HandlerNormal
I1013 15:16:33.350241  6928 thread.cpp:96] Thread 524337 construct Actor kTick 1099614388286
I1013 15:16:33.350281  6928 runtime_context.cpp:29] DecreaseCounter constructing_actor_cnt, current val is 268
I1013 15:16:33.350438  6932 naive_actor.cpp:25] actor 2199023255628 switch to &NaiveActor::HandlerNormal
I1013 15:16:33.350481  6932 thread.cpp:96] Thread 1048576 construct Actor kNormalForward 2199023255628
I1013 15:16:33.350489  6928 naive_actor.cpp:25] actor 1099614388289 switch to &NaiveActor::HandlerNormal
I1013 15:16:33.350529  6928 thread.cpp:96] Thread 524337 construct Actor kTick 1099614388289
I1013 15:16:33.350554  6932 runtime_context.cpp:29] DecreaseCounter constructing_actor_cnt, current val is 267
I1013 15:16:33.350577  6928 runtime_context.cpp:29] DecreaseCounter constructing_actor_cnt, current val is 266
I1013 15:16:33.350803  6928 naive_actor.cpp:25] actor 1099614388297 switch to &NaiveActor::HandlerNormal
I1013 15:16:33.350837  6932 naive_actor.cpp:25] actor 2199023255572 switch to &NaiveActor::HandlerNormal
I1013 15:16:33.350841  6928 thread.cpp:96] Thread 524337 construct Actor kTick 1099614388297
I1013 15:16:33.350869  6932 thread.cpp:96] Thread 1048576 construct Actor kNormalForward 2199023255572
I1013 15:16:33.350909  6928 runtime_context.cpp:29] DecreaseCounter constructing_actor_cnt, current val is 265
I1013 15:16:33.350931  6932 runtime_context.cpp:29] DecreaseCounter constructing_actor_cnt, current val is 264
I1013 15:16:33.351126  6928 naive_actor.cpp:25] actor 1099614388288 switch to &NaiveActor::HandlerNormal
I1013 15:16:33.351164  6928 thread.cpp:96] Thread 524337 construct Actor kTick 1099614388288
I1013 15:16:33.351204  6928 runtime_context.cpp:29] DecreaseCounter constructing_actor_cnt, current val is 263
I1013 15:16:33.351408  6928 naive_actor.cpp:25] actor 1099614388296 switch to &NaiveActor::HandlerNormal
I1013 15:16:33.351446  6928 thread.cpp:96] Thread 524337 construct Actor kTick 1099614388296
I1013 15:16:33.351486  6928 runtime_context.cpp:29] DecreaseCounter constructing_actor_cnt, current val is 262
I1013 15:16:33.351717  6928 naive_actor.cpp:25] actor 1099614388290 switch to &NaiveActor::HandlerNormal
I1013 15:16:33.351722  6932 naive_actor.cpp:25] actor 2199023255570 switch to &NaiveActor::HandlerNormal
I1013 15:16:33.351756  6928 thread.cpp:96] Thread 524337 construct Actor kTick 1099614388290
I1013 15:16:33.351780  6932 thread.cpp:96] Thread 1048576 construct Actor kNormalForward 2199023255570
I1013 15:16:33.351820  6928 runtime_context.cpp:29] DecreaseCounter constructing_actor_cnt, current val is 261
I1013 15:16:33.351846  6932 runtime_context.cpp:29] DecreaseCounter constructing_actor_cnt, current val is 260
I1013 15:16:33.352128  6928 reentrant_lock_actor.cpp:76] actor 1099614388283 switch to &ReentrantLockActor::HandlerNormal
I1013 15:16:33.352172  6928 thread.cpp:96] Thread 524337 construct Actor kReentrantLock 1099614388283
I1013 15:16:33.352216  6928 runtime_context.cpp:29] DecreaseCounter constructing_actor_cnt, current val is 259
I1013 15:16:33.352437  6928 naive_actor.cpp:25] actor 1099614388295 switch to &NaiveActor::HandlerNormal
I1013 15:16:33.352474  6928 thread.cpp:96] Thread 524337 construct Actor kTick 1099614388295
I1013 15:16:33.352514  6928 runtime_context.cpp:29] DecreaseCounter constructing_actor_cnt, current val is 258
