Log file created at: 2021/10/13 09:40:46
Running on machine: oneflow-14
Log line format: [IWEF]mmdd hh:mm:ss.uuuuuu threadid file:line] msg
I1013 09:40:46.518963 23612 global.h:36] NewGlobal 14cudaDeviceProp
I1013 09:40:46.519771 23612 global.h:36] NewGlobal N7oneflow7EnvDescE
I1013 09:40:46.519788 23612 global.h:36] NewGlobal N7oneflow10ProcessCtxE
I1013 09:40:46.519795 23612 env_global_objects_scope.cpp:152] using rpc backend: local
I1013 09:40:46.519809 23612 global.h:36] NewGlobal N7oneflow12ResourceDescE
I1013 09:40:46.519817 23612 global.h:36] NewGlobal N7oneflow12ResourceDescE
I1013 09:40:46.587296 23612 global.h:36] NewGlobal N7oneflow10ThreadPoolE
I1013 09:40:46.588485 23612 global.h:36] NewGlobal N7oneflow16EagerNcclCommMgrE
I1013 09:40:46.588500 23612 global.h:36] NewGlobal N7oneflow18CudnnConvAlgoCacheE
I1013 09:40:46.588511 23612 global.h:36] NewGlobal N7oneflow2vm19VirtualMachineScopeE
I1013 09:40:46.588519 23612 global.h:36] NewGlobal N7oneflow9OneflowVME
I1013 09:40:46.589354 23612 oneflow_vm.cpp:75] transport stream type: N7oneflow2vm13CpuStreamTypeE
I1013 09:40:46.589370 23612 oneflow_vm.cpp:75] transport stream type: N7oneflow2vm14CudaStreamTypeE
I1013 09:40:46.589375 23612 oneflow_vm.cpp:75] transport stream type: N7oneflow2vm19AsyncCudaStreamTypeE
I1013 09:40:46.589521 23612 global.h:36] NewGlobal N7oneflow27EagerJobBuildAndInferCtxMgrE
I1013 09:40:46.589536 23612 global.h:36] NewGlobal N7oneflow12EpollCommNetE
I1013 09:40:46.589653 23612 epoll_comm_network.cpp:63] CommNet:Epoll listening on 0.0.0.0:37870
I1013 09:40:46.589689 23612 epoll_comm_network.cpp:197] machine 0 sockfd -1
I1013 09:40:46.589802 23612 global.h:36] NewGlobal N7oneflow9TransportE
I1013 09:40:46.591203 23612 global.h:43] DeleteGlobal N7oneflow12ResourceDescE
I1013 09:40:46.591233 23612 version.cpp:22] OneFlow git version: b295ca2324
I1013 09:40:46.591250 23612 device_register_gpu.cpp:56] CUDA runtime version: 11.2
I1013 09:40:46.591279 23612 device_register_gpu.cpp:65] cuDNN version: 8.1.1
I1013 09:40:46.591290 23612 device_register_gpu.cpp:78] NCCL version: 2.9.8
I1013 09:40:46.591298 23612 global.h:36] NewGlobal N7oneflow12ResourceDescE
I1013 09:40:46.591306 23612 global.h:36] NewGlobal N7oneflow5IDMgrE
I1013 09:40:46.591313 23612 global.h:36] NewGlobal N7oneflow16AvailableMemDescE
I1013 09:40:46.591341 23612 global.h:36] NewGlobal St13unordered_mapISslSt4hashISsESt8equal_toISsESaISt4pairIKSslEEE
I1013 09:40:46.591348 23612 global.h:36] NewGlobal N7oneflow19CriticalSectionDescE
I1013 09:40:46.591354 23612 global.h:36] NewGlobal N7oneflow16InterUserJobInfoE
I1013 09:40:46.591362 23612 global.h:36] NewGlobal N7oneflow26LazyJobBuildAndInferCtxMgrE
I1013 09:40:46.591370 23612 global.h:36] NewGlobal N7oneflow16JobSetCompileCtxE
I1013 09:40:46.591377 23612 global.h:36] NewGlobal N7oneflow26RuntimeBufferManagersScopeE
I1013 09:40:46.591384 23612 global.h:36] NewGlobal N7oneflow9BufferMgrIlEE
I1013 09:40:46.591392 23612 global.h:36] NewGlobal N7oneflow9BufferMgrISt10shared_ptrINS_11JobInstanceEEEE
I1013 09:40:46.591398 23612 global.h:36] NewGlobal N7oneflow10RuntimeCtxE
I1013 09:40:46.591404 23612 global.h:36] NewGlobal N7oneflow15MemoryAllocatorE
I1013 09:40:46.591410 23612 global.h:36] NewGlobal N7oneflow8ChunkMgrE
I1013 09:40:46.591418 23612 global.h:36] NewGlobal N7oneflow8RegstMgrE
I1013 09:40:46.591423 23612 global.h:36] NewGlobal N7oneflow11ActorMsgBusE
I1013 09:40:46.591439 23612 global.h:36] NewGlobal N7oneflow9ThreadMgrE
I1013 09:40:46.591445 23612 global.h:36] NewGlobal N7oneflow15RuntimeJobDescsE
I1013 09:40:46.591451 23612 global.h:36] NewGlobal N7oneflow7summary12EventsWriterE
I1013 09:40:46.591460 23612 global.h:36] NewGlobal N7oneflow6boxing10collective24CollectiveBoxingExecutorE
I1013 09:40:46.591467 23612 global.h:36] NewGlobal N7oneflow6boxing10collective31CollectiveBoxingDeviceCtxPollerE
I1013 09:40:46.591601 23612 session.h:77] NewGlobal N7oneflow25SessionGlobalObjectsScopeE
I1013 09:40:46.592288 23612 global.h:36] NewGlobal N7oneflow7JobDescE
I1013 09:40:46.974680 23612 global.h:43] DeleteGlobal N7oneflow7JobDescE
I1013 09:40:46.974875 23612 global.h:36] NewGlobal N7oneflow7JobDescE
I1013 09:40:46.977782 23612 global.h:36] NewGlobal N7oneflow7OpGraphE
I1013 09:40:46.981751 23612 global.h:43] DeleteGlobal N7oneflow7OpGraphE
I1013 09:40:47.141515 23612 global.h:43] DeleteGlobal N7oneflow7JobDescE
I1013 09:40:47.157358 23612 global.h:36] NewGlobal N7oneflow24InterJobReuseMemStrategyE
I1013 09:40:47.157384 23612 global.h:36] NewGlobal N7oneflow7OneflowE
I1013 09:40:47.168901 23612 global.h:36] NewGlobal N7oneflow7JobDescE
I1013 09:40:47.377847 23612 global.h:36] NewGlobal N7oneflow7OpGraphE
I1013 09:40:47.455433 23612 global.h:43] DeleteGlobal N7oneflow7OpGraphE
I1013 09:40:47.464867 23612 oneflow.cpp:210] 
job_id: 0 , job_name: train_job , compile time: 0.295919 seconds.
I1013 09:40:47.512310 23612 global.h:43] DeleteGlobal N7oneflow7JobDescE
I1013 09:40:47.512612 23612 global.h:36] NewGlobal N7oneflow7JobDescE
I1013 09:40:47.558436 23612 global.h:36] NewGlobal N7oneflow7OpGraphE
I1013 09:40:47.575613 23612 global.h:43] DeleteGlobal N7oneflow7OpGraphE
I1013 09:40:47.581667 23612 oneflow.cpp:210] 
job_id: 1 , job_name: System-ModelInit , compile time: 0.0689198 seconds.
I1013 09:40:47.604168 23612 global.h:43] DeleteGlobal N7oneflow7JobDescE
I1013 09:40:47.604218 23612 global.h:36] NewGlobal N7oneflow7JobDescE
I1013 09:40:47.675205 23612 global.h:36] NewGlobal N7oneflow7OpGraphE
I1013 09:40:47.695760 23612 global.h:43] DeleteGlobal N7oneflow7OpGraphE
I1013 09:40:47.700335 23612 oneflow.cpp:210] 
job_id: 2 , job_name: System-ModelLoad , compile time: 0.0960827 seconds.
I1013 09:40:47.714587 23612 global.h:43] DeleteGlobal N7oneflow7JobDescE
I1013 09:40:47.714622 23612 global.h:36] NewGlobal N7oneflow7JobDescE
I1013 09:40:47.771477 23612 global.h:36] NewGlobal N7oneflow7OpGraphE
I1013 09:40:47.790869 23612 global.h:43] DeleteGlobal N7oneflow7OpGraphE
I1013 09:40:47.795540 23612 oneflow.cpp:210] 
job_id: 3 , job_name: System-ModelSave , compile time: 0.0808952 seconds.
I1013 09:40:47.809998 23612 global.h:43] DeleteGlobal N7oneflow7JobDescE
I1013 09:40:47.810032 23612 global.h:36] NewGlobal N7oneflow7JobDescE
I1013 09:40:47.820613 23612 global.h:36] NewGlobal N7oneflow7OpGraphE
I1013 09:40:47.825075 23612 global.h:43] DeleteGlobal N7oneflow7OpGraphE
I1013 09:40:47.826781 23612 oneflow.cpp:210] 
job_id: 4 , job_name: System-Pull-Return_22 , compile time: 0.0167263 seconds.
I1013 09:40:47.830973 23612 global.h:43] DeleteGlobal N7oneflow7JobDescE
I1013 09:40:47.835827 23612 global.h:36] NewGlobal N7oneflow7JobDescE
I1013 09:40:47.835870 23612 global.h:36] NewGlobal N7oneflow7OpGraphE
I1013 09:40:47.842200 23612 global.h:43] DeleteGlobal N7oneflow7OpGraphE
I1013 09:40:47.845806 23612 oneflow.cpp:210] 
job_id: 5 , job_name: MainJob-unamed , compile time: 0.00994867 seconds.
I1013 09:40:47.854137 23612 global.h:43] DeleteGlobal N7oneflow7JobDescE
I1013 09:40:47.857170 23612 plan_util.cpp:928]  Plan: merged_plan needs to allocate [ 374.897 MiB ] device memory in Rank: 0 , Device: 0
I1013 09:40:47.987809 23612 oneflow.cpp:998]  PushPlan merged_plan time: 0.0121882 seconds.
I1013 09:40:48.024600 23612 oneflow.cpp:1014]  PullPlan merged_plan time: 0.0319457 seconds.
I1013 09:40:50.138418 23612 runtime_context.cpp:21] NewCounter constructing_actor_cnt 400
I1013 09:40:50.139341 24152 naive_actor.cpp:25] actor 2199023255700 switch to &NaiveActor::HandlerNormal
I1013 09:40:50.139799 24152 thread.cpp:96] Thread 1048576 construct Actor kDeviceTick 2199023255700
I1013 09:40:50.139413 24148 naive_actor.cpp:25] actor 1099614388235 switch to &NaiveActor::HandlerNormal
I1013 09:40:50.139775 24149 wait_and_send_ids_actor.cpp:53] actor 1099616485376 switch to &WaitAndSendIdsActor::HandlerWaitToStart
I1013 09:40:50.139961 24148 thread.cpp:96] Thread 524337 construct Actor kDeviceTick 1099614388235
I1013 09:40:50.139976 24152 runtime_context.cpp:29] DecreaseCounter constructing_actor_cnt, current val is 399
I1013 09:40:50.139978 24149 thread.cpp:96] Thread 524338 construct Actor kWaitAndSendIds 1099616485376
I1013 09:40:50.140064 24148 runtime_context.cpp:29] DecreaseCounter constructing_actor_cnt, current val is 398
I1013 09:40:50.140092 24149 runtime_context.cpp:29] DecreaseCounter constructing_actor_cnt, current val is 397
I1013 09:40:50.140316 24152 naive_actor.cpp:25] actor 2199023255739 switch to &NaiveActor::HandlerNormal
I1013 09:40:50.140353 24152 thread.cpp:96] Thread 1048576 construct Actor kDeviceTick 2199023255739
I1013 09:40:50.140458 24152 runtime_context.cpp:29] DecreaseCounter constructing_actor_cnt, current val is 396
I1013 09:40:50.140619 24148 naive_actor.cpp:25] actor 1099614388228 switch to &NaiveActor::HandlerNormal
I1013 09:40:50.140659 24148 thread.cpp:96] Thread 524337 construct Actor kDeviceTick 1099614388228
I1013 09:40:50.140697 24152 naive_actor.cpp:25] actor 2199023255778 switch to &NaiveActor::HandlerNormal
I1013 09:40:50.140714 24148 runtime_context.cpp:29] DecreaseCounter constructing_actor_cnt, current val is 395
I1013 09:40:50.140749 24152 thread.cpp:96] Thread 1048576 construct Actor kDeviceTick 2199023255778
I1013 09:40:50.140859 24152 runtime_context.cpp:29] DecreaseCounter constructing_actor_cnt, current val is 394
I1013 09:40:50.141039 24148 naive_actor.cpp:25] actor 1099614388245 switch to &NaiveActor::HandlerNormal
I1013 09:40:50.141137 24148 thread.cpp:96] Thread 524337 construct Actor kDeviceTick 1099614388245
I1013 09:40:50.141196 24152 naive_actor.cpp:25] actor 2199023255817 switch to &NaiveActor::HandlerNormal
I1013 09:40:50.141198 24148 runtime_context.cpp:29] DecreaseCounter constructing_actor_cnt, current val is 393
I1013 09:40:50.141242 24152 thread.cpp:96] Thread 1048576 construct Actor kDeviceTick 2199023255817
I1013 09:40:50.141327 24152 runtime_context.cpp:29] DecreaseCounter constructing_actor_cnt, current val is 392
I1013 09:40:50.141530 24148 naive_actor.cpp:25] actor 1099614388254 switch to &NaiveActor::HandlerNormal
I1013 09:40:50.141566 24148 thread.cpp:96] Thread 524337 construct Actor kDeviceTick 1099614388254
I1013 09:40:50.141618 24148 runtime_context.cpp:29] DecreaseCounter constructing_actor_cnt, current val is 391
I1013 09:40:50.141855 24148 naive_actor.cpp:25] actor 1099614388263 switch to &NaiveActor::HandlerNormal
I1013 09:40:50.141889 24148 thread.cpp:96] Thread 524337 construct Actor kDeviceTick 1099614388263
I1013 09:40:50.141938 24148 runtime_context.cpp:29] DecreaseCounter constructing_actor_cnt, current val is 390
I1013 09:40:50.142169 24148 naive_actor.cpp:25] actor 1099614388271 switch to &NaiveActor::HandlerNormal
I1013 09:40:50.142202 24148 thread.cpp:96] Thread 524337 construct Actor kDeviceTick 1099614388271
I1013 09:40:50.142251 24148 runtime_context.cpp:29] DecreaseCounter constructing_actor_cnt, current val is 389
I1013 09:40:50.142501 24148 naive_actor.cpp:25] actor 1099614388278 switch to &NaiveActor::HandlerNormal
I1013 09:40:50.142535 24148 thread.cpp:96] Thread 524337 construct Actor kDeviceTick 1099614388278
I1013 09:40:50.142586 24148 runtime_context.cpp:29] DecreaseCounter constructing_actor_cnt, current val is 388
I1013 09:40:50.155097 24137 naive_actor.cpp:25] actor 1099549376512 switch to &NaiveActor::HandlerNormal
I1013 09:40:50.155216 24137 thread.cpp:96] Thread 524306 construct Actor kForeignInput 1099549376512
I1013 09:40:50.155205 24147 naive_actor.cpp:25] actor 1099570348032 switch to &NaiveActor::HandlerNormal
I1013 09:40:50.155205 24141 naive_actor.cpp:25] actor 1099557765120 switch to &NaiveActor::HandlerNormal
I1013 09:40:50.155341 24137 runtime_context.cpp:29] DecreaseCounter constructing_actor_cnt, current val is 387
I1013 09:40:50.155308 24138 naive_actor.cpp:25] actor 1099551473664 switch to &NaiveActor::HandlerNormal
I1013 09:40:50.155493 24133 naive_actor.cpp:25] actor 1099540987904 switch to &NaiveActor::HandlerNormal
I1013 09:40:50.155565 24143 naive_actor.cpp:25] actor 1099561959424 switch to &NaiveActor::HandlerNormal
I1013 09:40:50.155345 24141 thread.cpp:96] Thread 524310 construct Actor kNormalForward 1099557765120
I1013 09:40:50.155388 24144 naive_actor.cpp:25] actor 1099564056576 switch to &NaiveActor::HandlerNormal
I1013 09:40:50.155478 24140 naive_actor.cpp:25] actor 1099555667968 switch to &NaiveActor::HandlerNormal
I1013 09:40:50.156028 24140 thread.cpp:96] Thread 524309 construct Actor kForeignInput 1099555667968
I1013 09:40:50.155506 24139 naive_actor.cpp:25] actor 1099553570816 switch to &NaiveActor::HandlerNormal
I1013 09:40:50.156280 24139 thread.cpp:96] Thread 524308 construct Actor kNormalForward 1099553570816
I1013 09:40:50.156329 24121 naive_actor.cpp:25] actor 1099515822080 switch to &NaiveActor::HandlerNormal
I1013 09:40:50.156404 24139 runtime_context.cpp:29] DecreaseCounter constructing_actor_cnt, current val is 384
I1013 09:40:50.156414 24135 naive_actor.cpp:25] actor 1099545182208 switch to &NaiveActor::HandlerNormal
I1013 09:40:50.155680 24143 thread.cpp:96] Thread 524312 construct Actor kForeignInput 1099561959424
I1013 09:40:50.155683 24154 naive_actor.cpp:25] actor 2199025352706 switch to &NaiveActor::HandlerNormal
I1013 09:40:50.156705 24143 runtime_context.cpp:29] DecreaseCounter constructing_actor_cnt, current val is 383
I1013 09:40:50.155757 24132 naive_actor.cpp:25] actor 1099538890752 switch to &NaiveActor::HandlerNormal
I1013 09:40:50.155778 24152 naive_actor.cpp:25] actor 2199023255584 switch to &NaiveActor::HandlerNormal
I1013 09:40:50.156930 24152 thread.cpp:96] Thread 1048576 construct Actor kNormalForward 2199023255584
I1013 09:40:50.155865 24144 thread.cpp:96] Thread 524313 construct Actor kNormalForward 1099564056576
I1013 09:40:50.157028 24152 runtime_context.cpp:29] DecreaseCounter constructing_actor_cnt, current val is 382
I1013 09:40:50.155887 24141 runtime_context.cpp:29] DecreaseCounter constructing_actor_cnt, current val is 386
I1013 09:40:50.155895 24145 naive_actor.cpp:25] actor 1099566153728 switch to &NaiveActor::HandlerNormal
I1013 09:40:50.155972 24156 naive_actor.cpp:25] actor 2199027449858 switch to &NaiveActor::HandlerNormal
I1013 09:40:50.157320 24156 thread.cpp:96] Thread 1048578 construct Actor kCopyHd 2199027449858
I1013 09:40:50.155977 24131 naive_actor.cpp:25] actor 1099536793600 switch to &NaiveActor::HandlerNormal
I1013 09:40:50.156002 24125 naive_actor.cpp:25] actor 1099524210688 switch to &NaiveActor::HandlerNormal
I1013 09:40:50.157583 24125 thread.cpp:96] Thread 524294 construct Actor kNormalForward 1099524210688
I1013 09:40:50.155314 24147 thread.cpp:96] Thread 524316 construct Actor kForeignOutput 1099570348032
I1013 09:40:50.156016 24150 sink_actor.cpp:21] actor 1099618582528 switch to &SinkActor::HandlerNormal
I1013 09:40:50.157730 24125 runtime_context.cpp:29] DecreaseCounter constructing_actor_cnt, current val is 378
I1013 09:40:50.156145 24128 naive_actor.cpp:25] actor 1099530502144 switch to &NaiveActor::HandlerNormal
I1013 09:40:50.157938 24128 thread.cpp:96] Thread 524297 construct Actor kNormalForward 1099530502144
I1013 09:40:50.156186 24140 runtime_context.cpp:29] DecreaseCounter constructing_actor_cnt, current val is 385
I1013 09:40:50.155511 24138 thread.cpp:96] Thread 524307 construct Actor kNormalForward 1099551473664
I1013 09:40:50.156291 24127 naive_actor.cpp:25] actor 1099528404992 switch to &NaiveActor::HandlerNormal
I1013 09:40:50.158246 24138 runtime_context.cpp:29] DecreaseCounter constructing_actor_cnt, current val is 376
I1013 09:40:50.158329 24152 naive_actor.cpp:25] actor 2199023255563 switch to &NaiveActor::HandlerNormal
I1013 09:40:50.158394 24152 thread.cpp:96] Thread 1048576 construct Actor kNormalForward 2199023255563
I1013 09:40:50.156385 24126 naive_actor.cpp:25] actor 1099526307840 switch to &NaiveActor::HandlerNormal
I1013 09:40:50.158454 24126 thread.cpp:96] Thread 524295 construct Actor kNormalForward 1099526307840
I1013 09:40:50.156406 24134 naive_actor.cpp:25] actor 1099543085056 switch to &NaiveActor::HandlerNormal
I1013 09:40:50.158525 24134 thread.cpp:96] Thread 524303 construct Actor kNormalForward 1099543085056
I1013 09:40:50.155259 24130 naive_actor.cpp:25] actor 1099534696448 switch to &NaiveActor::HandlerNormal
I1013 09:40:50.156415 24121 thread.cpp:96] Thread 524290 construct Actor kNormalForward 1099515822080
I1013 09:40:50.158600 24134 runtime_context.cpp:29] DecreaseCounter constructing_actor_cnt, current val is 373
I1013 09:40:50.155604 24133 thread.cpp:96] Thread 524302 construct Actor kNormalForward 1099540987904
I1013 09:40:50.156613 24135 thread.cpp:96] Thread 524304 construct Actor kNormalForward 1099545182208
I1013 09:40:50.156708 24154 thread.cpp:96] Thread 1048577 construct Actor kSliceBoxing 2199025352706
I1013 09:40:50.158965 24135 runtime_context.cpp:29] DecreaseCounter constructing_actor_cnt, current val is 370
I1013 09:40:50.156883 24132 thread.cpp:96] Thread 524301 construct Actor kNormalForward 1099538890752
I1013 09:40:50.155843 24146 naive_actor.cpp:25] actor 1099568250880 switch to &NaiveActor::HandlerNormal
I1013 09:40:50.157102 24144 runtime_context.cpp:29] DecreaseCounter constructing_actor_cnt, current val is 381
I1013 09:40:50.157272 24145 thread.cpp:96] Thread 524314 construct Actor kNormalForward 1099566153728
I1013 09:40:50.157356 24156 runtime_context.cpp:29] DecreaseCounter constructing_actor_cnt, current val is 380
I1013 09:40:50.157474 24131 thread.cpp:96] Thread 524300 construct Actor kNormalForward 1099536793600
I1013 09:40:50.159476 24145 runtime_context.cpp:29] DecreaseCounter constructing_actor_cnt, current val is 367
I1013 09:40:50.159509 24156 naive_actor.cpp:25] actor 2199027449856 switch to &NaiveActor::HandlerNormal
I1013 09:40:50.159528 24156 thread.cpp:96] Thread 1048578 construct Actor kCopyHd 2199027449856
I1013 09:40:50.155957 24129 naive_actor.cpp:25] actor 1099532599296 switch to &NaiveActor::HandlerNormal
I1013 09:40:50.159561 24131 runtime_context.cpp:29] DecreaseCounter constructing_actor_cnt, current val is 366
I1013 09:40:50.159584 24129 thread.cpp:96] Thread 524298 construct Actor kNormalForward 1099532599296
I1013 09:40:50.156160 24136 naive_actor.cpp:25] actor 1099547279360 switch to &NaiveActor::HandlerNormal
I1013 09:40:50.158058 24128 runtime_context.cpp:29] DecreaseCounter constructing_actor_cnt, current val is 377
I1013 09:40:50.155565 24148 naive_actor.cpp:25] actor 1099614388236 switch to &NaiveActor::HandlerNormal
I1013 09:40:50.159773 24148 thread.cpp:96] Thread 524337 construct Actor kSrcSubsetTick 1099614388236
I1013 09:40:50.158262 24127 thread.cpp:96] Thread 524296 construct Actor kNormalForward 1099528404992
I1013 09:40:50.156348 24122 naive_actor.cpp:25] actor 1099517919232 switch to &NaiveActor::HandlerNormal
I1013 09:40:50.159914 24122 thread.cpp:96] Thread 524291 construct Actor kNormalForward 1099517919232
I1013 09:40:50.158504 24126 runtime_context.cpp:29] DecreaseCounter constructing_actor_cnt, current val is 374
I1013 09:40:50.160027 24122 runtime_context.cpp:29] DecreaseCounter constructing_actor_cnt, current val is 361
I1013 09:40:50.158581 24130 thread.cpp:96] Thread 524299 construct Actor kNormalForward 1099534696448
I1013 09:40:50.156440 24124 naive_actor.cpp:25] actor 1099522113536 switch to &NaiveActor::HandlerNormal
I1013 09:40:50.160173 24124 thread.cpp:96] Thread 524293 construct Actor kNormalForward 1099522113536
I1013 09:40:50.158674 24121 runtime_context.cpp:29] DecreaseCounter constructing_actor_cnt, current val is 372
I1013 09:40:50.158876 24133 runtime_context.cpp:29] DecreaseCounter constructing_actor_cnt, current val is 371
I1013 09:40:50.155719 24142 naive_actor.cpp:25] actor 1099559862272 switch to &NaiveActor::HandlerNormal
I1013 09:40:50.160373 24142 thread.cpp:96] Thread 524311 construct Actor kNormalForward 1099559862272
I1013 09:40:50.158982 24120 naive_actor.cpp:25] actor 1099513724928 switch to &NaiveActor::HandlerNormal
I1013 09:40:50.159054 24119 naive_actor.cpp:25] actor 1099511627776 switch to &NaiveActor::HandlerNormal
I1013 09:40:50.160513 24142 runtime_context.cpp:29] DecreaseCounter constructing_actor_cnt, current val is 358
I1013 09:40:50.160518 24119 thread.cpp:96] Thread 524288 construct Actor kNormalForward 1099511627776
I1013 09:40:50.157723 24147 runtime_context.cpp:29] DecreaseCounter constructing_actor_cnt, current val is 379
I1013 09:40:50.159564 24156 runtime_context.cpp:29] DecreaseCounter constructing_actor_cnt, current val is 365
I1013 09:40:50.157789 24150 thread.cpp:96] Thread 524339 construct Actor kCallbackNotify 1099618582528
I1013 09:40:50.156127 24123 naive_actor.cpp:25] actor 1099520016384 switch to &NaiveActor::HandlerNormal
I1013 09:40:50.160728 24123 thread.cpp:96] Thread 524292 construct Actor kNormalForward 1099520016384
I1013 09:40:50.159663 24129 runtime_context.cpp:29] DecreaseCounter constructing_actor_cnt, current val is 364
I1013 09:40:50.159865 24148 runtime_context.cpp:29] DecreaseCounter constructing_actor_cnt, current val is 363
I1013 09:40:50.159873 24127 runtime_context.cpp:29] DecreaseCounter constructing_actor_cnt, current val is 362
I1013 09:40:50.158484 24152 runtime_context.cpp:29] DecreaseCounter constructing_actor_cnt, current val is 375
I1013 09:40:50.160125 24130 runtime_context.cpp:29] DecreaseCounter constructing_actor_cnt, current val is 360
I1013 09:40:50.161267 24148 naive_actor.cpp:25] actor 1099614388226 switch to &NaiveActor::HandlerNormal
I1013 09:40:50.161299 24148 thread.cpp:96] Thread 524337 construct Actor kDeviceTick 1099614388226
I1013 09:40:50.160264 24124 runtime_context.cpp:29] DecreaseCounter constructing_actor_cnt, current val is 359
I1013 09:40:50.160480 24120 thread.cpp:96] Thread 524289 construct Actor kNormalForward 1099513724928
I1013 09:40:50.159180 24132 runtime_context.cpp:29] DecreaseCounter constructing_actor_cnt, current val is 368
I1013 09:40:50.159193 24146 thread.cpp:96] Thread 524315 construct Actor kNormalForward 1099568250880
I1013 09:40:50.161634 24152 naive_actor.cpp:25] actor 2199023255574 switch to &NaiveActor::HandlerNormal
I1013 09:40:50.161718 24152 thread.cpp:96] Thread 1048576 construct Actor kNormalForward 2199023255574
I1013 09:40:50.160665 24156 naive_actor.cpp:25] actor 2199027449857 switch to &NaiveActor::HandlerNormal
I1013 09:40:50.161756 24156 thread.cpp:96] Thread 1048578 construct Actor kCopyHd 2199027449857
I1013 09:40:50.161780 24156 runtime_context.cpp:29] DecreaseCounter constructing_actor_cnt, current val is 351
I1013 09:40:50.159663 24136 thread.cpp:96] Thread 524305 construct Actor kNormalForward 1099547279360
I1013 09:40:50.160732 24150 runtime_context.cpp:29] DecreaseCounter constructing_actor_cnt, current val is 356
I1013 09:40:50.161880 24136 runtime_context.cpp:29] DecreaseCounter constructing_actor_cnt, current val is 349
I1013 09:40:50.160810 24123 runtime_context.cpp:29] DecreaseCounter constructing_actor_cnt, current val is 355
I1013 09:40:50.158973 24154 runtime_context.cpp:29] DecreaseCounter constructing_actor_cnt, current val is 369
I1013 09:40:50.161374 24148 runtime_context.cpp:29] DecreaseCounter constructing_actor_cnt, current val is 354
I1013 09:40:50.161543 24120 runtime_context.cpp:29] DecreaseCounter constructing_actor_cnt, current val is 353
I1013 09:40:50.161725 24146 runtime_context.cpp:29] DecreaseCounter constructing_actor_cnt, current val is 352
I1013 09:40:50.160617 24119 runtime_context.cpp:29] DecreaseCounter constructing_actor_cnt, current val is 357
I1013 09:40:50.161792 24152 runtime_context.cpp:29] DecreaseCounter constructing_actor_cnt, current val is 350
I1013 09:40:50.162140 24154 naive_actor.cpp:25] actor 2199025352707 switch to &NaiveActor::HandlerNormal
I1013 09:40:50.162369 24154 thread.cpp:96] Thread 1048577 construct Actor kSliceBoxing 2199025352707
I1013 09:40:50.162410 24154 runtime_context.cpp:29] DecreaseCounter constructing_actor_cnt, current val is 348
I1013 09:40:50.162472 24148 naive_actor.cpp:25] actor 1099614388230 switch to &NaiveActor::HandlerNormal
I1013 09:40:50.162549 24154 naive_actor.cpp:25] actor 2199025352704 switch to &NaiveActor::HandlerNormal
I1013 09:40:50.162554 24148 thread.cpp:96] Thread 524337 construct Actor kTick 1099614388230
I1013 09:40:50.162575 24154 thread.cpp:96] Thread 1048577 construct Actor kSliceBoxing 2199025352704
I1013 09:40:50.162632 24148 runtime_context.cpp:29] DecreaseCounter constructing_actor_cnt, current val is 347
I1013 09:40:50.162633 24154 runtime_context.cpp:29] DecreaseCounter constructing_actor_cnt, current val is 346
I1013 09:40:50.162688 24152 naive_actor.cpp:25] actor 2199023255587 switch to &NaiveActor::HandlerNormal
I1013 09:40:50.162868 24152 thread.cpp:96] Thread 1048576 construct Actor kNormalForward 2199023255587
I1013 09:40:50.162906 24154 naive_actor.cpp:25] actor 2199025352705 switch to &NaiveActor::HandlerNormal
I1013 09:40:50.162950 24152 runtime_context.cpp:29] DecreaseCounter constructing_actor_cnt, current val is 345
I1013 09:40:50.162967 24154 thread.cpp:96] Thread 1048577 construct Actor kSliceBoxing 2199025352705
I1013 09:40:50.163010 24148 naive_actor.cpp:25] actor 1099614388241 switch to &NaiveActor::HandlerNormal
I1013 09:40:50.163060 24148 thread.cpp:96] Thread 524337 construct Actor kTick 1099614388241
I1013 09:40:50.163277 24154 runtime_context.cpp:29] DecreaseCounter constructing_actor_cnt, current val is 344
I1013 09:40:50.163311 24148 runtime_context.cpp:29] DecreaseCounter constructing_actor_cnt, current val is 343
I1013 09:40:50.163468 24154 naive_actor.cpp:25] actor 2199025352708 switch to &NaiveActor::HandlerNormal
I1013 09:40:50.163514 24154 thread.cpp:96] Thread 1048577 construct Actor kCopyHd 2199025352708
I1013 09:40:50.163569 24154 runtime_context.cpp:29] DecreaseCounter constructing_actor_cnt, current val is 342
I1013 09:40:50.163695 24148 naive_actor.cpp:25] actor 1099614388234 switch to &NaiveActor::HandlerNormal
I1013 09:40:50.163702 24154 naive_actor.cpp:25] actor 2199025352709 switch to &NaiveActor::HandlerNormal
I1013 09:40:50.163753 24148 thread.cpp:96] Thread 524337 construct Actor kTick 1099614388234
I1013 09:40:50.163786 24154 thread.cpp:96] Thread 1048577 construct Actor kCopyHd 2199025352709
I1013 09:40:50.163851 24154 runtime_context.cpp:29] DecreaseCounter constructing_actor_cnt, current val is 341
I1013 09:40:50.163861 24148 runtime_context.cpp:29] DecreaseCounter constructing_actor_cnt, current val is 340
I1013 09:40:50.164013 24154 naive_actor.cpp:25] actor 2199025352710 switch to &NaiveActor::HandlerNormal
I1013 09:40:50.164058 24154 thread.cpp:96] Thread 1048577 construct Actor kCopyHd 2199025352710
I1013 09:40:50.164098 24154 runtime_context.cpp:29] DecreaseCounter constructing_actor_cnt, current val is 339
I1013 09:40:50.164160 24152 naive_actor.cpp:25] actor 2199023255555 switch to &NaiveActor::HandlerNormal
I1013 09:40:50.164211 24152 thread.cpp:96] Thread 1048576 construct Actor kNormalForward 2199023255555
I1013 09:40:50.164253 24148 naive_actor.cpp:25] actor 1099614388238 switch to &NaiveActor::HandlerNormal
I1013 09:40:50.164276 24152 runtime_context.cpp:29] DecreaseCounter constructing_actor_cnt, current val is 338
I1013 09:40:50.164295 24148 thread.cpp:96] Thread 524337 construct Actor kTick 1099614388238
I1013 09:40:50.164373 24148 runtime_context.cpp:29] DecreaseCounter constructing_actor_cnt, current val is 337
I1013 09:40:50.164611 24152 naive_actor.cpp:25] actor 2199023255582 switch to &NaiveActor::HandlerNormal
I1013 09:40:50.164664 24152 thread.cpp:96] Thread 1048576 construct Actor kNormalForward 2199023255582
I1013 09:40:50.164713 24148 naive_actor.cpp:25] actor 1099614388240 switch to &NaiveActor::HandlerNormal
I1013 09:40:50.164721 24152 runtime_context.cpp:29] DecreaseCounter constructing_actor_cnt, current val is 336
I1013 09:40:50.164754 24148 thread.cpp:96] Thread 524337 construct Actor kTick 1099614388240
I1013 09:40:50.164829 24148 runtime_context.cpp:29] DecreaseCounter constructing_actor_cnt, current val is 335
I1013 09:40:50.165033 24152 naive_actor.cpp:25] actor 2199023255569 switch to &NaiveActor::HandlerNormal
I1013 09:40:50.165082 24152 thread.cpp:96] Thread 1048576 construct Actor kNormalForward 2199023255569
I1013 09:40:50.165139 24152 runtime_context.cpp:29] DecreaseCounter constructing_actor_cnt, current val is 334
I1013 09:40:50.165169 24148 naive_actor.cpp:25] actor 1099614388225 switch to &NaiveActor::HandlerNormal
I1013 09:40:50.165216 24148 thread.cpp:96] Thread 524337 construct Actor kDeviceTick 1099614388225
I1013 09:40:50.165273 24148 runtime_context.cpp:29] DecreaseCounter constructing_actor_cnt, current val is 333
I1013 09:40:50.165592 24148 naive_actor.cpp:25] actor 1099614388232 switch to &NaiveActor::HandlerNormal
I1013 09:40:50.165686 24148 thread.cpp:96] Thread 524337 construct Actor kTick 1099614388232
I1013 09:40:50.165755 24148 runtime_context.cpp:29] DecreaseCounter constructing_actor_cnt, current val is 332
I1013 09:40:50.165886 24152 naive_actor.cpp:25] actor 2199023255611 switch to &NaiveActor::HandlerNormal
I1013 09:40:50.165936 24152 thread.cpp:96] Thread 1048576 construct Actor kNormalForward 2199023255611
I1013 09:40:50.166004 24152 runtime_context.cpp:29] DecreaseCounter constructing_actor_cnt, current val is 331
I1013 09:40:50.166244 24148 esac_actor.cpp:73] actor 1099614388323 switch to &EsacActor::HandlerNormal
I1013 09:40:50.166296 24148 thread.cpp:96] Thread 524337 construct Actor kEsac 1099614388323
I1013 09:40:50.166383 24148 runtime_context.cpp:29] DecreaseCounter constructing_actor_cnt, current val is 330
I1013 09:40:50.166749 24148 naive_actor.cpp:25] actor 1099614388231 switch to &NaiveActor::HandlerNormal
I1013 09:40:50.166800 24148 thread.cpp:96] Thread 524337 construct Actor kDstSubsetTick 1099614388231
I1013 09:40:50.166864 24148 runtime_context.cpp:29] DecreaseCounter constructing_actor_cnt, current val is 329
I1013 09:40:50.166910 24152 naive_actor.cpp:25] actor 2199023255554 switch to &NaiveActor::HandlerNormal
I1013 09:40:50.166958 24152 thread.cpp:96] Thread 1048576 construct Actor kNormalForward 2199023255554
I1013 09:40:50.167032 24152 runtime_context.cpp:29] DecreaseCounter constructing_actor_cnt, current val is 328
I1013 09:40:50.167212 24148 naive_actor.cpp:25] actor 1099614388227 switch to &NaiveActor::HandlerNormal
I1013 09:40:50.167261 24148 thread.cpp:96] Thread 524337 construct Actor kSrcSubsetTick 1099614388227
I1013 09:40:50.167320 24148 runtime_context.cpp:29] DecreaseCounter constructing_actor_cnt, current val is 327
I1013 09:40:50.167649 24148 naive_actor.cpp:25] actor 1099614388224 switch to &NaiveActor::HandlerNormal
I1013 09:40:50.167701 24148 thread.cpp:96] Thread 524337 construct Actor kDeviceTick 1099614388224
I1013 09:40:50.167713 24152 naive_actor.cpp:25] actor 2199023255586 switch to &NaiveActor::HandlerNormal
I1013 09:40:50.167753 24152 thread.cpp:96] Thread 1048576 construct Actor kNormalForward 2199023255586
I1013 09:40:50.167765 24148 runtime_context.cpp:29] DecreaseCounter constructing_actor_cnt, current val is 326
I1013 09:40:50.167809 24152 runtime_context.cpp:29] DecreaseCounter constructing_actor_cnt, current val is 325
I1013 09:40:50.168072 24148 naive_actor.cpp:25] actor 1099614388319 switch to &NaiveActor::HandlerNormal
I1013 09:40:50.168123 24148 thread.cpp:96] Thread 524337 construct Actor kTick 1099614388319
I1013 09:40:50.168181 24148 runtime_context.cpp:29] DecreaseCounter constructing_actor_cnt, current val is 324
I1013 09:40:50.168486 24148 naive_actor.cpp:25] actor 1099614388233 switch to &NaiveActor::HandlerNormal
I1013 09:40:50.168537 24148 thread.cpp:96] Thread 524337 construct Actor kTick 1099614388233
I1013 09:40:50.168562 24152 naive_actor.cpp:25] actor 2199023255560 switch to &NaiveActor::HandlerNormal
I1013 09:40:50.168596 24152 thread.cpp:96] Thread 1048576 construct Actor kNormalForward 2199023255560
I1013 09:40:50.168603 24148 runtime_context.cpp:29] DecreaseCounter constructing_actor_cnt, current val is 323
I1013 09:40:50.168653 24152 runtime_context.cpp:29] DecreaseCounter constructing_actor_cnt, current val is 322
I1013 09:40:50.168921 24148 naive_actor.cpp:25] actor 1099614388239 switch to &NaiveActor::HandlerNormal
I1013 09:40:50.168972 24148 thread.cpp:96] Thread 524337 construct Actor kDstSubsetTick 1099614388239
I1013 09:40:50.169030 24148 runtime_context.cpp:29] DecreaseCounter constructing_actor_cnt, current val is 321
I1013 09:40:50.169351 24148 naive_actor.cpp:25] actor 1099614388242 switch to &NaiveActor::HandlerNormal
I1013 09:40:50.169401 24148 thread.cpp:96] Thread 524337 construct Actor kTick 1099614388242
I1013 09:40:50.169418 24152 naive_actor.cpp:25] actor 2199023255628 switch to &NaiveActor::HandlerNormal
I1013 09:40:50.169467 24152 thread.cpp:96] Thread 1048576 construct Actor kNormalForward 2199023255628
I1013 09:40:50.169472 24148 runtime_context.cpp:29] DecreaseCounter constructing_actor_cnt, current val is 320
I1013 09:40:50.169631 24152 runtime_context.cpp:29] DecreaseCounter constructing_actor_cnt, current val is 319
I1013 09:40:50.169893 24148 naive_actor.cpp:25] actor 1099614388244 switch to &NaiveActor::HandlerNormal
I1013 09:40:50.169943 24148 thread.cpp:96] Thread 524337 construct Actor kSrcSubsetTick 1099614388244
I1013 09:40:50.170001 24148 runtime_context.cpp:29] DecreaseCounter constructing_actor_cnt, current val is 318
I1013 09:40:50.170307 24148 naive_actor.cpp:25] actor 1099614388247 switch to &NaiveActor::HandlerNormal
I1013 09:40:50.170358 24148 thread.cpp:96] Thread 524337 construct Actor kTick 1099614388247
I1013 09:40:50.170414 24148 runtime_context.cpp:29] DecreaseCounter constructing_actor_cnt, current val is 317
I1013 09:40:50.170423 24152 naive_actor.cpp:25] actor 2199023255570 switch to &NaiveActor::HandlerNormal
I1013 09:40:50.170503 24152 thread.cpp:96] Thread 1048576 construct Actor kNormalForward 2199023255570
I1013 09:40:50.170578 24152 runtime_context.cpp:29] DecreaseCounter constructing_actor_cnt, current val is 316
I1013 09:40:50.170756 24148 naive_actor.cpp:25] actor 1099614388243 switch to &NaiveActor::HandlerNormal
I1013 09:40:50.170806 24148 thread.cpp:96] Thread 524337 construct Actor kDeviceTick 1099614388243
I1013 09:40:50.170862 24148 runtime_context.cpp:29] DecreaseCounter constructing_actor_cnt, current val is 315
I1013 09:40:50.171231 24148 naive_actor.cpp:25] actor 1099614388248 switch to &NaiveActor::HandlerNormal
I1013 09:40:50.171283 24148 thread.cpp:96] Thread 524337 construct Actor kDstSubsetTick 1099614388248
I1013 09:40:50.171344 24148 runtime_context.cpp:29] DecreaseCounter constructing_actor_cnt, current val is 314
I1013 09:40:50.171371 24152 naive_actor.cpp:25] actor 2199023255585 switch to &NaiveActor::HandlerNormal
I1013 09:40:50.171420 24152 thread.cpp:96] Thread 1048576 construct Actor kNormalForward 2199023255585
I1013 09:40:50.171501 24152 runtime_context.cpp:29] DecreaseCounter constructing_actor_cnt, current val is 313
I1013 09:40:50.171700 24148 naive_actor.cpp:25] actor 1099614388250 switch to &NaiveActor::HandlerNormal
I1013 09:40:50.171751 24148 thread.cpp:96] Thread 524337 construct Actor kTick 1099614388250
I1013 09:40:50.171815 24148 runtime_context.cpp:29] DecreaseCounter constructing_actor_cnt, current val is 312
I1013 09:40:50.172129 24148 naive_actor.cpp:25] actor 1099614388322 switch to &NaiveActor::HandlerNormal
I1013 09:40:50.172178 24148 thread.cpp:96] Thread 524337 construct Actor kTick 1099614388322
I1013 09:40:50.172255 24148 runtime_context.cpp:29] DecreaseCounter constructing_actor_cnt, current val is 311
I1013 09:40:50.172353 24152 naive_actor.cpp:25] actor 2199023255580 switch to &NaiveActor::HandlerNormal
I1013 09:40:50.172401 24152 thread.cpp:96] Thread 1048576 construct Actor kNormalForward 2199023255580
I1013 09:40:50.172478 24152 runtime_context.cpp:29] DecreaseCounter constructing_actor_cnt, current val is 310
I1013 09:40:50.172587 24148 naive_actor.cpp:25] actor 1099614388249 switch to &NaiveActor::HandlerNormal
I1013 09:40:50.172636 24148 thread.cpp:96] Thread 524337 construct Actor kTick 1099614388249
I1013 09:40:50.172693 24148 runtime_context.cpp:29] DecreaseCounter constructing_actor_cnt, current val is 309
I1013 09:40:50.172791 24152 naive_actor.cpp:25] actor 2199023255553 switch to &NaiveActor::HandlerNormal
I1013 09:40:50.172835 24152 thread.cpp:96] Thread 1048576 construct Actor kNormalForward 2199023255553
I1013 09:40:50.172888 24152 runtime_context.cpp:29] DecreaseCounter constructing_actor_cnt, current val is 308
I1013 09:40:50.173018 24148 naive_actor.cpp:25] actor 1099614388252 switch to &NaiveActor::HandlerNormal
I1013 09:40:50.173065 24148 thread.cpp:96] Thread 524337 construct Actor kDeviceTick 1099614388252
I1013 09:40:50.173128 24148 runtime_context.cpp:29] DecreaseCounter constructing_actor_cnt, current val is 307
I1013 09:40:50.173416 24148 naive_actor.cpp:25] actor 1099614388251 switch to &NaiveActor::HandlerNormal
I1013 09:40:50.173512 24148 thread.cpp:96] Thread 524337 construct Actor kTick 1099614388251
I1013 09:40:50.173583 24148 runtime_context.cpp:29] DecreaseCounter constructing_actor_cnt, current val is 306
I1013 09:40:50.173663 24152 naive_actor.cpp:25] actor 2199023255622 switch to &NaiveActor::HandlerNormal
I1013 09:40:50.173709 24152 thread.cpp:96] Thread 1048576 construct Actor kNormalForward 2199023255622
I1013 09:40:50.173770 24152 runtime_context.cpp:29] DecreaseCounter constructing_actor_cnt, current val is 305
I1013 09:40:50.173910 24148 naive_actor.cpp:25] actor 1099614388258 switch to &NaiveActor::HandlerNormal
I1013 09:40:50.173960 24148 thread.cpp:96] Thread 524337 construct Actor kTick 1099614388258
I1013 09:40:50.174015 24148 runtime_context.cpp:29] DecreaseCounter constructing_actor_cnt, current val is 304
I1013 09:40:50.174300 24148 naive_actor.cpp:25] actor 1099614388320 switch to &NaiveActor::HandlerNormal
I1013 09:40:50.174347 24148 thread.cpp:96] Thread 524337 construct Actor kTick 1099614388320
I1013 09:40:50.174399 24148 runtime_context.cpp:29] DecreaseCounter constructing_actor_cnt, current val is 303
I1013 09:40:50.174655 24152 naive_actor.cpp:25] actor 2199023255573 switch to &NaiveActor::HandlerNormal
I1013 09:40:50.174705 24152 thread.cpp:96] Thread 1048576 construct Actor kNormalForward 2199023255573
I1013 09:40:50.174715 24148 naive_actor.cpp:25] actor 1099614388253 switch to &NaiveActor::HandlerNormal
I1013 09:40:50.174757 24148 thread.cpp:96] Thread 524337 construct Actor kSrcSubsetTick 1099614388253
I1013 09:40:50.174774 24152 runtime_context.cpp:29] DecreaseCounter constructing_actor_cnt, current val is 302
I1013 09:40:50.174808 24148 runtime_context.cpp:29] DecreaseCounter constructing_actor_cnt, current val is 301
I1013 09:40:50.175093 24148 naive_actor.cpp:25] actor 1099614388256 switch to &NaiveActor::HandlerNormal
I1013 09:40:50.175143 24148 thread.cpp:96] Thread 524337 construct Actor kTick 1099614388256
I1013 09:40:50.175202 24148 runtime_context.cpp:29] DecreaseCounter constructing_actor_cnt, current val is 300
I1013 09:40:50.175498 24148 naive_actor.cpp:25] actor 1099614388259 switch to &NaiveActor::HandlerNormal
I1013 09:40:50.175544 24148 thread.cpp:96] Thread 524337 construct Actor kTick 1099614388259
I1013 09:40:50.175591 24152 naive_actor.cpp:25] actor 2199023255575 switch to &NaiveActor::HandlerNormal
I1013 09:40:50.175596 24148 runtime_context.cpp:29] DecreaseCounter constructing_actor_cnt, current val is 299
I1013 09:40:50.175626 24152 thread.cpp:96] Thread 1048576 construct Actor kNormalForward 2199023255575
I1013 09:40:50.175702 24152 runtime_context.cpp:29] DecreaseCounter constructing_actor_cnt, current val is 298
I1013 09:40:50.175978 24148 naive_actor.cpp:25] actor 1099614388257 switch to &NaiveActor::HandlerNormal
I1013 09:40:50.176029 24148 thread.cpp:96] Thread 524337 construct Actor kDstSubsetTick 1099614388257
I1013 09:40:50.176088 24148 runtime_context.cpp:29] DecreaseCounter constructing_actor_cnt, current val is 297
I1013 09:40:50.176450 24148 naive_actor.cpp:25] actor 1099614388266 switch to &NaiveActor::HandlerNormal
I1013 09:40:50.176470 24152 naive_actor.cpp:25] actor 2199023255583 switch to &NaiveActor::HandlerNormal
I1013 09:40:50.176503 24148 thread.cpp:96] Thread 524337 construct Actor kDstSubsetTick 1099614388266
I1013 09:40:50.176528 24152 thread.cpp:96] Thread 1048576 construct Actor kNormalForward 2199023255583
I1013 09:40:50.176599 24148 runtime_context.cpp:29] DecreaseCounter constructing_actor_cnt, current val is 296
I1013 09:40:50.176611 24152 runtime_context.cpp:29] DecreaseCounter constructing_actor_cnt, current val is 295
I1013 09:40:50.176908 24148 naive_actor.cpp:25] actor 1099614388260 switch to &NaiveActor::HandlerNormal
I1013 09:40:50.176957 24148 thread.cpp:96] Thread 524337 construct Actor kTick 1099614388260
I1013 09:40:50.177021 24148 runtime_context.cpp:29] DecreaseCounter constructing_actor_cnt, current val is 294
I1013 09:40:50.177275 24152 naive_actor.cpp:25] actor 2199023255617 switch to &NaiveActor::HandlerNormal
I1013 09:40:50.177314 24148 naive_actor.cpp:25] actor 1099614388262 switch to &NaiveActor::HandlerNormal
I1013 09:40:50.177404 24152 thread.cpp:96] Thread 1048576 construct Actor kNormalForward 2199023255617
I1013 09:40:50.177439 24148 thread.cpp:96] Thread 524337 construct Actor kSrcSubsetTick 1099614388262
I1013 09:40:50.177502 24152 runtime_context.cpp:29] DecreaseCounter constructing_actor_cnt, current val is 293
I1013 09:40:50.177537 24148 runtime_context.cpp:29] DecreaseCounter constructing_actor_cnt, current val is 292
I1013 09:40:50.177827 24148 naive_actor.cpp:25] actor 1099614388261 switch to &NaiveActor::HandlerNormal
I1013 09:40:50.177877 24148 thread.cpp:96] Thread 524337 construct Actor kDeviceTick 1099614388261
I1013 09:40:50.177939 24148 runtime_context.cpp:29] DecreaseCounter constructing_actor_cnt, current val is 291
I1013 09:40:50.178151 24152 naive_actor.cpp:25] actor 2199023255625 switch to &NaiveActor::HandlerNormal
I1013 09:40:50.178196 24152 thread.cpp:96] Thread 1048576 construct Actor kNormalForward 2199023255625
I1013 09:40:50.178236 24148 naive_actor.cpp:25] actor 1099614388265 switch to &NaiveActor::HandlerNormal
I1013 09:40:50.178254 24152 runtime_context.cpp:29] DecreaseCounter constructing_actor_cnt, current val is 290
I1013 09:40:50.178274 24148 thread.cpp:96] Thread 524337 construct Actor kTick 1099614388265
I1013 09:40:50.178354 24148 runtime_context.cpp:29] DecreaseCounter constructing_actor_cnt, current val is 289
I1013 09:40:50.178661 24148 naive_actor.cpp:25] actor 1099614388267 switch to &NaiveActor::HandlerNormal
I1013 09:40:50.178709 24148 thread.cpp:96] Thread 524337 construct Actor kTick 1099614388267
I1013 09:40:50.178766 24148 runtime_context.cpp:29] DecreaseCounter constructing_actor_cnt, current val is 288
I1013 09:40:50.179049 24148 naive_actor.cpp:25] actor 1099614388268 switch to &NaiveActor::HandlerNormal
I1013 09:40:50.179095 24148 thread.cpp:96] Thread 524337 construct Actor kTick 1099614388268
I1013 09:40:50.179116 24152 naive_actor.cpp:25] actor 2199023255665 switch to &NaiveActor::HandlerNormal
I1013 09:40:50.179147 24148 runtime_context.cpp:29] DecreaseCounter constructing_actor_cnt, current val is 287
I1013 09:40:50.179148 24152 thread.cpp:96] Thread 1048576 construct Actor kNormalForward 2199023255665
I1013 09:40:50.179234 24152 runtime_context.cpp:29] DecreaseCounter constructing_actor_cnt, current val is 286
I1013 09:40:50.179466 24148 naive_actor.cpp:25] actor 1099614388321 switch to &NaiveActor::HandlerNormal
I1013 09:40:50.179517 24148 thread.cpp:96] Thread 524337 construct Actor kTick 1099614388321
I1013 09:40:50.179523 24152 naive_actor.cpp:25] actor 2199023255567 switch to &NaiveActor::HandlerNormal
I1013 09:40:50.179571 24152 thread.cpp:96] Thread 1048576 construct Actor kNormalForward 2199023255567
I1013 09:40:50.179586 24148 runtime_context.cpp:29] DecreaseCounter constructing_actor_cnt, current val is 285
I1013 09:40:50.179622 24152 runtime_context.cpp:29] DecreaseCounter constructing_actor_cnt, current val is 284
I1013 09:40:50.179864 24152 naive_actor.cpp:25] actor 2199023255577 switch to &NaiveActor::HandlerNormal
I1013 09:40:50.179873 24148 naive_actor.cpp:25] actor 1099614388269 switch to &NaiveActor::HandlerNormal
I1013 09:40:50.179910 24152 thread.cpp:96] Thread 1048576 construct Actor kNormalForward 2199023255577
I1013 09:40:50.179936 24148 thread.cpp:96] Thread 524337 construct Actor kDeviceTick 1099614388269
I1013 09:40:50.179991 24152 runtime_context.cpp:29] DecreaseCounter constructing_actor_cnt, current val is 283
I1013 09:40:50.180004 24148 runtime_context.cpp:29] DecreaseCounter constructing_actor_cnt, current val is 282
I1013 09:40:50.180246 24152 naive_actor.cpp:25] actor 2199023255579 switch to &NaiveActor::HandlerNormal
I1013 09:40:50.180291 24152 thread.cpp:96] Thread 1048576 construct Actor kNormalForward 2199023255579
I1013 09:40:50.180299 24148 naive_actor.cpp:25] actor 1099614388275 switch to &NaiveActor::HandlerNormal
I1013 09:40:50.180338 24148 thread.cpp:96] Thread 524337 construct Actor kTick 1099614388275
I1013 09:40:50.180349 24152 runtime_context.cpp:29] DecreaseCounter constructing_actor_cnt, current val is 281
I1013 09:40:50.180388 24148 runtime_context.cpp:29] DecreaseCounter constructing_actor_cnt, current val is 280
I1013 09:40:50.180650 24152 naive_actor.cpp:25] actor 2199023255562 switch to &NaiveActor::HandlerNormal
I1013 09:40:50.180701 24152 thread.cpp:96] Thread 1048576 construct Actor kNormalForward 2199023255562
I1013 09:40:50.180713 24148 naive_actor.cpp:25] actor 1099614388270 switch to &NaiveActor::HandlerNormal
I1013 09:40:50.180754 24148 thread.cpp:96] Thread 524337 construct Actor kSrcSubsetTick 1099614388270
I1013 09:40:50.180761 24152 runtime_context.cpp:29] DecreaseCounter constructing_actor_cnt, current val is 279
I1013 09:40:50.180809 24148 runtime_context.cpp:29] DecreaseCounter constructing_actor_cnt, current val is 278
I1013 09:40:50.181135 24148 naive_actor.cpp:25] actor 1099614388274 switch to &NaiveActor::HandlerNormal
I1013 09:40:50.181185 24148 thread.cpp:96] Thread 524337 construct Actor kDstSubsetTick 1099614388274
I1013 09:40:50.181242 24148 runtime_context.cpp:29] DecreaseCounter constructing_actor_cnt, current val is 277
I1013 09:40:50.181459 24152 naive_actor.cpp:25] actor 2199023255621 switch to &NaiveActor::HandlerNormal
I1013 09:40:50.181504 24152 thread.cpp:96] Thread 1048576 construct Actor kNormalForward 2199023255621
I1013 09:40:50.181548 24148 naive_actor.cpp:25] actor 1099614388284 switch to &NaiveActor::HandlerNormal
I1013 09:40:50.181562 24152 runtime_context.cpp:29] DecreaseCounter constructing_actor_cnt, current val is 276
I1013 09:40:50.181586 24148 thread.cpp:96] Thread 524337 construct Actor kTick 1099614388284
I1013 09:40:50.181655 24148 runtime_context.cpp:29] DecreaseCounter constructing_actor_cnt, current val is 275
I1013 09:40:50.181847 24152 naive_actor.cpp:25] actor 2199023255558 switch to &NaiveActor::HandlerNormal
I1013 09:40:50.181892 24152 thread.cpp:96] Thread 1048576 construct Actor kNormalForward 2199023255558
I1013 09:40:50.181943 24152 runtime_context.cpp:29] DecreaseCounter constructing_actor_cnt, current val is 274
I1013 09:40:50.181972 24148 naive_actor.cpp:25] actor 1099614388277 switch to &NaiveActor::HandlerNormal
I1013 09:40:50.182016 24148 thread.cpp:96] Thread 524337 construct Actor kTick 1099614388277
I1013 09:40:50.182070 24148 runtime_context.cpp:29] DecreaseCounter constructing_actor_cnt, current val is 273
I1013 09:40:50.182371 24148 naive_actor.cpp:25] actor 1099614388276 switch to &NaiveActor::HandlerNormal
I1013 09:40:50.182417 24148 thread.cpp:96] Thread 524337 construct Actor kTick 1099614388276
I1013 09:40:50.182495 24148 runtime_context.cpp:29] DecreaseCounter constructing_actor_cnt, current val is 272
I1013 09:40:50.182606 24152 naive_actor.cpp:25] actor 2199023255566 switch to &NaiveActor::HandlerNormal
I1013 09:40:50.182652 24152 thread.cpp:96] Thread 1048576 construct Actor kNormalForward 2199023255566
I1013 09:40:50.182724 24152 runtime_context.cpp:29] DecreaseCounter constructing_actor_cnt, current val is 271
I1013 09:40:50.182847 24148 naive_actor.cpp:25] actor 1099614388282 switch to &NaiveActor::HandlerNormal
I1013 09:40:50.182890 24148 thread.cpp:96] Thread 524337 construct Actor kDstSubsetTick 1099614388282
I1013 09:40:50.182945 24148 runtime_context.cpp:29] DecreaseCounter constructing_actor_cnt, current val is 270
I1013 09:40:50.183213 24148 naive_actor.cpp:25] actor 1099614388281 switch to &NaiveActor::HandlerNormal
I1013 09:40:50.183257 24148 thread.cpp:96] Thread 524337 construct Actor kTick 1099614388281
I1013 09:40:50.183307 24148 runtime_context.cpp:29] DecreaseCounter constructing_actor_cnt, current val is 269
I1013 09:40:50.183451 24152 naive_actor.cpp:25] actor 2199023255565 switch to &NaiveActor::HandlerNormal
I1013 09:40:50.183497 24152 thread.cpp:96] Thread 1048576 construct Actor kNormalForward 2199023255565
I1013 09:40:50.183564 24152 runtime_context.cpp:29] DecreaseCounter constructing_actor_cnt, current val is 268
I1013 09:40:50.183599 24148 naive_actor.cpp:25] actor 1099614388318 switch to &NaiveActor::HandlerNormal
I1013 09:40:50.183730 24148 thread.cpp:96] Thread 524337 construct Actor kTick 1099614388318
I1013 09:40:50.183801 24148 runtime_context.cpp:29] DecreaseCounter constructing_actor_cnt, current val is 267
I1013 09:40:50.183843 24152 naive_actor.cpp:25] actor 2199023255564 switch to &NaiveActor::HandlerNormal
I1013 09:40:50.183885 24152 thread.cpp:96] Thread 1048576 construct Actor kNormalForward 2199023255564
I1013 09:40:50.183943 24152 runtime_context.cpp:29] DecreaseCounter constructing_actor_cnt, current val is 266
I1013 09:40:50.184116 24148 naive_actor.cpp:25] actor 1099614388279 switch to &NaiveActor::HandlerNormal
I1013 09:40:50.184165 24148 thread.cpp:96] Thread 524337 construct Actor kSrcSubsetTick 1099614388279
