I1014 10:51:57.112265 12553 naive_actor.cpp:25] actor 1099614388250 switch to &NaiveActor::HandlerNormal
I1014 10:51:57.112329 12553 thread.cpp:96] Thread 524337 construct Actor kTick 1099614388250
I1014 10:51:57.112401 12553 runtime_context.cpp:29] DecreaseCounter constructing_actor_cnt, current val is 693
I1014 10:51:57.112704 12564 naive_actor.cpp:25] actor 2199023255560 switch to &NaiveActor::HandlerNormal
I1014 10:51:57.112771 12564 thread.cpp:96] Thread 1048576 construct Actor kNormalForward 2199023255560
I1014 10:51:57.112854 12564 runtime_context.cpp:29] DecreaseCounter constructing_actor_cnt, current val is 692
I1014 10:51:57.112983 12553 naive_actor.cpp:25] actor 1099614388230 switch to &NaiveActor::HandlerNormal
I1014 10:51:57.113057 12553 thread.cpp:96] Thread 524337 construct Actor kDeviceTick 1099614388230
I1014 10:51:57.113061 12572 naive_actor.cpp:25] actor 2207613190231 switch to &NaiveActor::HandlerNormal
I1014 10:51:57.113147 12553 runtime_context.cpp:29] DecreaseCounter constructing_actor_cnt, current val is 691
I1014 10:51:57.113166 12572 thread.cpp:96] Thread 1052672 construct Actor kNormalForward 2207613190231
I1014 10:51:57.113335 12572 runtime_context.cpp:29] DecreaseCounter constructing_actor_cnt, current val is 690
I1014 10:51:57.113557 12564 naive_actor.cpp:25] actor 2199023255558 switch to &NaiveActor::HandlerNormal
I1014 10:51:57.113634 12564 thread.cpp:96] Thread 1048576 construct Actor kNormalForward 2199023255558
I1014 10:51:57.113711 12564 runtime_context.cpp:29] DecreaseCounter constructing_actor_cnt, current val is 689
I1014 10:51:57.113796 12553 naive_actor.cpp:25] actor 1099614388226 switch to &NaiveActor::HandlerNormal
I1014 10:51:57.113858 12553 thread.cpp:96] Thread 524337 construct Actor kDeviceTick 1099614388226
I1014 10:51:57.113917 12553 runtime_context.cpp:29] DecreaseCounter constructing_actor_cnt, current val is 688
I1014 10:51:57.114470 12553 naive_actor.cpp:25] actor 1099614388232 switch to &NaiveActor::HandlerNormal
I1014 10:51:57.114552 12553 thread.cpp:96] Thread 524337 construct Actor kDeviceTick 1099614388232
I1014 10:51:57.114606 12572 naive_actor.cpp:25] actor 2207613190255 switch to &NaiveActor::HandlerNormal
I1014 10:51:57.114651 12553 runtime_context.cpp:29] DecreaseCounter constructing_actor_cnt, current val is 687
I1014 10:51:57.114663 12572 thread.cpp:96] Thread 1052672 construct Actor kNormalForward 2207613190255
I1014 10:51:57.114797 12572 runtime_context.cpp:29] DecreaseCounter constructing_actor_cnt, current val is 686
I1014 10:51:57.115098 12553 naive_actor.cpp:25] actor 1099614388240 switch to &NaiveActor::HandlerNormal
I1014 10:51:57.115154 12564 naive_actor.cpp:25] actor 2199023255556 switch to &NaiveActor::HandlerNormal
I1014 10:51:57.115164 12553 thread.cpp:96] Thread 524337 construct Actor kTick 1099614388240
I1014 10:51:57.115213 12564 thread.cpp:96] Thread 1048576 construct Actor kNormalForward 2199023255556
I1014 10:51:57.115298 12553 runtime_context.cpp:29] DecreaseCounter constructing_actor_cnt, current val is 685
I1014 10:51:57.115322 12564 runtime_context.cpp:29] DecreaseCounter constructing_actor_cnt, current val is 684
I1014 10:51:57.115334 12572 naive_actor.cpp:25] actor 2207613190279 switch to &NaiveActor::HandlerNormal
I1014 10:51:57.115430 12572 thread.cpp:96] Thread 1052672 construct Actor kNormalForward 2207613190279
I1014 10:51:57.115581 12572 runtime_context.cpp:29] DecreaseCounter constructing_actor_cnt, current val is 683
I1014 10:51:57.115787 12553 naive_actor.cpp:25] actor 1099614388231 switch to &NaiveActor::HandlerNormal
I1014 10:51:57.115865 12553 thread.cpp:96] Thread 524337 construct Actor kDeviceTick 1099614388231
I1014 10:51:57.115948 12553 runtime_context.cpp:29] DecreaseCounter constructing_actor_cnt, current val is 682
I1014 10:51:57.116173 12572 naive_actor.cpp:25] actor 2207613190303 switch to &NaiveActor::HandlerNormal
I1014 10:51:57.116235 12572 thread.cpp:96] Thread 1052672 construct Actor kNormalForward 2207613190303
I1014 10:51:57.116309 12572 runtime_context.cpp:29] DecreaseCounter constructing_actor_cnt, current val is 681
I1014 10:51:57.116492 12553 naive_actor.cpp:25] actor 1099614388227 switch to &NaiveActor::HandlerNormal
I1014 10:51:57.116588 12553 thread.cpp:96] Thread 524337 construct Actor kDeviceTick 1099614388227
I1014 10:51:57.116662 12553 runtime_context.cpp:29] DecreaseCounter constructing_actor_cnt, current val is 680
I1014 10:51:57.117050 12564 naive_actor.cpp:25] actor 2199023255559 switch to &NaiveActor::HandlerNormal
I1014 10:51:57.117115 12564 thread.cpp:96] Thread 1048576 construct Actor kNormalForward 2199023255559
I1014 10:51:57.117174 12564 runtime_context.cpp:29] DecreaseCounter constructing_actor_cnt, current val is 679
I1014 10:51:57.117260 12553 naive_actor.cpp:25] actor 1099614388249 switch to &NaiveActor::HandlerNormal
I1014 10:51:57.117316 12553 thread.cpp:96] Thread 524337 construct Actor kDstSubsetTick 1099614388249
I1014 10:51:57.117398 12553 runtime_context.cpp:29] DecreaseCounter constructing_actor_cnt, current val is 678
I1014 10:51:57.117612 12564 naive_actor.cpp:25] actor 2199023255571 switch to &NaiveActor::HandlerNormal
I1014 10:51:57.117663 12564 thread.cpp:96] Thread 1048576 construct Actor kNormalForward 2199023255571
I1014 10:51:57.117705 12564 runtime_context.cpp:29] DecreaseCounter constructing_actor_cnt, current val is 677
I1014 10:51:57.117990 12553 naive_actor.cpp:25] actor 1099614388242 switch to &NaiveActor::HandlerNormal
I1014 10:51:57.118058 12553 thread.cpp:96] Thread 524337 construct Actor kTick 1099614388242
I1014 10:51:57.118141 12553 runtime_context.cpp:29] DecreaseCounter constructing_actor_cnt, current val is 676
I1014 10:51:57.118424 12572 naive_actor.cpp:25] actor 2207613190153 switch to &NaiveActor::HandlerNormal
I1014 10:51:57.118494 12572 thread.cpp:96] Thread 1052672 construct Actor kNormalForward 2207613190153
I1014 10:51:57.118585 12572 runtime_context.cpp:29] DecreaseCounter constructing_actor_cnt, current val is 675
I1014 10:51:57.118631 12553 naive_actor.cpp:25] actor 1099614388248 switch to &NaiveActor::HandlerNormal
I1014 10:51:57.118680 12553 thread.cpp:96] Thread 524337 construct Actor kTick 1099614388248
I1014 10:51:57.118722 12553 runtime_context.cpp:29] DecreaseCounter constructing_actor_cnt, current val is 674
I1014 10:51:57.119216 12553 naive_actor.cpp:25] actor 1099614388252 switch to &NaiveActor::HandlerNormal
I1014 10:51:57.119217 12572 naive_actor.cpp:25] actor 2207613190170 switch to &NaiveActor::HandlerNormal
I1014 10:51:57.119313 12553 thread.cpp:96] Thread 524337 construct Actor kTick 1099614388252
I1014 10:51:57.119362 12572 thread.cpp:96] Thread 1052672 construct Actor kNormalForward 2207613190170
I1014 10:51:57.119401 12564 naive_actor.cpp:25] actor 2199023255610 switch to &NaiveActor::HandlerNormal
I1014 10:51:57.119478 12553 runtime_context.cpp:29] DecreaseCounter constructing_actor_cnt, current val is 673
I1014 10:51:57.119509 12572 runtime_context.cpp:29] DecreaseCounter constructing_actor_cnt, current val is 672
I1014 10:51:57.119529 12564 thread.cpp:96] Thread 1048576 construct Actor kNormalForward 2199023255610
I1014 10:51:57.119714 12564 runtime_context.cpp:29] DecreaseCounter constructing_actor_cnt, current val is 671
I1014 10:51:57.119971 12553 naive_actor.cpp:25] actor 1099614388254 switch to &NaiveActor::HandlerNormal
I1014 10:51:57.120149 12553 thread.cpp:96] Thread 524337 construct Actor kSrcSubsetTick 1099614388254
I1014 10:51:57.120286 12553 runtime_context.cpp:29] DecreaseCounter constructing_actor_cnt, current val is 670
I1014 10:51:57.120713 12572 naive_actor.cpp:25] actor 2207613190165 switch to &NaiveActor::HandlerNormal
I1014 10:51:57.120769 12553 naive_actor.cpp:25] actor 1099614388260 switch to &NaiveActor::HandlerNormal
I1014 10:51:57.120772 12572 thread.cpp:96] Thread 1052672 construct Actor kNormalForward 2207613190165
I1014 10:51:57.120831 12553 thread.cpp:96] Thread 524337 construct Actor kTick 1099614388260
I1014 10:51:57.120926 12572 runtime_context.cpp:29] DecreaseCounter constructing_actor_cnt, current val is 669
I1014 10:51:57.120949 12553 runtime_context.cpp:29] DecreaseCounter constructing_actor_cnt, current val is 668
I1014 10:51:57.121445 12553 naive_actor.cpp:25] actor 1099614388257 switch to &NaiveActor::HandlerNormal
I1014 10:51:57.121521 12553 thread.cpp:96] Thread 524337 construct Actor kTick 1099614388257
I1014 10:51:57.121598 12553 runtime_context.cpp:29] DecreaseCounter constructing_actor_cnt, current val is 667
I1014 10:51:57.121754 12564 naive_actor.cpp:25] actor 2199023255595 switch to &NaiveActor::HandlerNormal
I1014 10:51:57.121819 12564 thread.cpp:96] Thread 1048576 construct Actor kNormalForward 2199023255595
I1014 10:51:57.121897 12564 runtime_context.cpp:29] DecreaseCounter constructing_actor_cnt, current val is 666
I1014 10:51:57.122052 12553 naive_actor.cpp:25] actor 1099614388253 switch to &NaiveActor::HandlerNormal
I1014 10:51:57.122117 12553 thread.cpp:96] Thread 524337 construct Actor kDeviceTick 1099614388253
I1014 10:51:57.122189 12553 runtime_context.cpp:29] DecreaseCounter constructing_actor_cnt, current val is 665
I1014 10:51:57.122463 12564 naive_actor.cpp:25] actor 2199023255553 switch to &NaiveActor::HandlerNormal
I1014 10:51:57.122536 12564 thread.cpp:96] Thread 1048576 construct Actor kNormalForward 2199023255553
I1014 10:51:57.122628 12564 runtime_context.cpp:29] DecreaseCounter constructing_actor_cnt, current val is 664
I1014 10:51:57.123194 12553 esac_actor.cpp:73] actor 1099614388330 switch to &EsacActor::HandlerNormal
I1014 10:51:57.123217 12572 naive_actor.cpp:25] actor 2207613190155 switch to &NaiveActor::HandlerNormal
I1014 10:51:57.123275 12553 thread.cpp:96] Thread 524337 construct Actor kEsac 1099614388330
I1014 10:51:57.123317 12572 thread.cpp:96] Thread 1052672 construct Actor kNormalForward 2207613190155
I1014 10:51:57.123467 12553 runtime_context.cpp:29] DecreaseCounter constructing_actor_cnt, current val is 663
I1014 10:51:57.123476 12572 runtime_context.cpp:29] DecreaseCounter constructing_actor_cnt, current val is 662
I1014 10:51:57.123888 12564 naive_actor.cpp:25] actor 2199023255555 switch to &NaiveActor::HandlerNormal
I1014 10:51:57.123970 12564 thread.cpp:96] Thread 1048576 construct Actor kNormalForward 2199023255555
I1014 10:51:57.124053 12564 runtime_context.cpp:29] DecreaseCounter constructing_actor_cnt, current val is 661
I1014 10:51:57.124172 12553 naive_actor.cpp:25] actor 1099614388259 switch to &NaiveActor::HandlerNormal
I1014 10:51:57.124234 12553 thread.cpp:96] Thread 524337 construct Actor kTick 1099614388259
I1014 10:51:57.124311 12553 runtime_context.cpp:29] DecreaseCounter constructing_actor_cnt, current val is 660
I1014 10:51:57.124547 12572 naive_actor.cpp:25] actor 2207613190158 switch to &NaiveActor::HandlerNormal
I1014 10:51:57.124603 12572 thread.cpp:96] Thread 1052672 construct Actor kNormalForward 2207613190158
I1014 10:51:57.124644 12572 runtime_context.cpp:29] DecreaseCounter constructing_actor_cnt, current val is 659
I1014 10:51:57.124934 12553 naive_actor.cpp:25] actor 1099614388258 switch to &NaiveActor::HandlerNormal
I1014 10:51:57.125020 12553 thread.cpp:96] Thread 524337 construct Actor kDstSubsetTick 1099614388258
I1014 10:51:57.125097 12553 runtime_context.cpp:29] DecreaseCounter constructing_actor_cnt, current val is 658
I1014 10:51:57.125190 12572 naive_actor.cpp:25] actor 2207613190154 switch to &NaiveActor::HandlerNormal
I1014 10:51:57.125305 12572 thread.cpp:96] Thread 1052672 construct Actor kNormalForward 2207613190154
I1014 10:51:57.125396 12572 runtime_context.cpp:29] DecreaseCounter constructing_actor_cnt, current val is 657
I1014 10:51:57.125723 12553 naive_actor.cpp:25] actor 1099614388261 switch to &NaiveActor::HandlerNormal
I1014 10:51:57.125794 12553 thread.cpp:96] Thread 524337 construct Actor kTick 1099614388261
I1014 10:51:57.125878 12553 runtime_context.cpp:29] DecreaseCounter constructing_actor_cnt, current val is 656
I1014 10:51:57.126104 12509 naive_actor.cpp:25] actor 1099526307840 switch to &NaiveActor::HandlerNormal
I1014 10:51:57.126176 12509 thread.cpp:96] Thread 524295 construct Actor kNormalForward 1099526307840
I1014 10:51:57.126284 12509 runtime_context.cpp:29] DecreaseCounter constructing_actor_cnt, current val is 655
I1014 10:51:57.126473 12553 naive_actor.cpp:25] actor 1099614388269 switch to &NaiveActor::HandlerNormal
I1014 10:51:57.126541 12553 thread.cpp:96] Thread 524337 construct Actor kTick 1099614388269
I1014 10:51:57.126623 12553 runtime_context.cpp:29] DecreaseCounter constructing_actor_cnt, current val is 654
I1014 10:51:57.126682 12564 naive_actor.cpp:25] actor 2199023255579 switch to &NaiveActor::HandlerNormal
I1014 10:51:57.126749 12564 thread.cpp:96] Thread 1048576 construct Actor kNormalForward 2199023255579
I1014 10:51:57.126778 12507 naive_actor.cpp:25] actor 1099522113536 switch to &NaiveActor::HandlerNormal
I1014 10:51:57.126837 12564 runtime_context.cpp:29] DecreaseCounter constructing_actor_cnt, current val is 653
I1014 10:51:57.126883 12507 thread.cpp:96] Thread 524293 construct Actor kNormalForward 1099522113536
I1014 10:51:57.126996 12509 naive_actor.cpp:25] actor 1099526307841 switch to &NaiveActor::HandlerNormal
I1014 10:51:57.127040 12505 naive_actor.cpp:25] actor 1099517919232 switch to &NaiveActor::HandlerNormal
I1014 10:51:57.127060 12507 runtime_context.cpp:29] DecreaseCounter constructing_actor_cnt, current val is 652
I1014 10:51:57.127068 12509 thread.cpp:96] Thread 524295 construct Actor kForeignInput 1099526307841
I1014 10:51:57.127117 12505 thread.cpp:96] Thread 524291 construct Actor kNormalForward 1099517919232
I1014 10:51:57.127130 12572 naive_actor.cpp:25] actor 2207613190160 switch to &NaiveActor::HandlerNormal
I1014 10:51:57.127238 12509 runtime_context.cpp:29] DecreaseCounter constructing_actor_cnt, current val is 651
I1014 10:51:57.127277 12572 thread.cpp:96] Thread 1052672 construct Actor kNormalForward 2207613190160
I1014 10:51:57.127290 12505 runtime_context.cpp:29] DecreaseCounter constructing_actor_cnt, current val is 650
I1014 10:51:57.127343 12553 naive_actor.cpp:25] actor 1099614388333 switch to &NaiveActor::HandlerNormal
I1014 10:51:57.127414 12572 runtime_context.cpp:29] DecreaseCounter constructing_actor_cnt, current val is 649
I1014 10:51:57.127466 12553 thread.cpp:96] Thread 524337 construct Actor kTick 1099614388333
I1014 10:51:57.127601 12553 runtime_context.cpp:29] DecreaseCounter constructing_actor_cnt, current val is 648
I1014 10:51:57.128144 12505 naive_actor.cpp:25] actor 1099517919233 switch to &NaiveActor::HandlerNormal
I1014 10:51:57.128213 12505 thread.cpp:96] Thread 524291 construct Actor kNormalForward 1099517919233
I1014 10:51:57.128221 12504 naive_actor.cpp:25] actor 1099515822080 switch to &NaiveActor::HandlerNormal
I1014 10:51:57.128219 12553 naive_actor.cpp:25] actor 1099614388263 switch to &NaiveActor::HandlerNormal
I1014 10:51:57.128218 12564 naive_actor.cpp:25] actor 2199023255603 switch to &NaiveActor::HandlerNormal
I1014 10:51:57.128300 12505 runtime_context.cpp:29] DecreaseCounter constructing_actor_cnt, current val is 647
I1014 10:51:57.128300 12504 thread.cpp:96] Thread 524290 construct Actor kNormalForward 1099515822080
I1014 10:51:57.128338 12553 thread.cpp:96] Thread 524337 construct Actor kSrcSubsetTick 1099614388263
I1014 10:51:57.128377 12564 thread.cpp:96] Thread 1048576 construct Actor kNormalForward 2199023255603
I1014 10:51:57.128500 12504 runtime_context.cpp:29] DecreaseCounter constructing_actor_cnt, current val is 646
I1014 10:51:57.128513 12553 runtime_context.cpp:29] DecreaseCounter constructing_actor_cnt, current val is 645
I1014 10:51:57.128520 12503 naive_actor.cpp:25] actor 1099513724928 switch to &NaiveActor::HandlerNormal
I1014 10:51:57.128561 12564 runtime_context.cpp:29] DecreaseCounter constructing_actor_cnt, current val is 644
I1014 10:51:57.128744 12507 naive_actor.cpp:25] actor 1099522113537 switch to &NaiveActor::HandlerNormal
I1014 10:51:57.128751 12503 thread.cpp:96] Thread 524289 construct Actor kNormalForward 1099513724928
I1014 10:51:57.128839 12507 thread.cpp:96] Thread 524293 construct Actor kNormalForward 1099522113537
I1014 10:51:57.128886 12572 naive_actor.cpp:25] actor 2207613190149 switch to &NaiveActor::HandlerNormal
I1014 10:51:57.128962 12572 thread.cpp:96] Thread 1052672 construct Actor kNormalForward 2207613190149
I1014 10:51:57.128971 12503 runtime_context.cpp:29] DecreaseCounter constructing_actor_cnt, current val is 643
I1014 10:51:57.128984 12507 runtime_context.cpp:29] DecreaseCounter constructing_actor_cnt, current val is 642
I1014 10:51:57.129055 12502 naive_actor.cpp:25] actor 1099511627776 switch to &NaiveActor::HandlerNormal
I1014 10:51:57.129076 12572 runtime_context.cpp:29] DecreaseCounter constructing_actor_cnt, current val is 641
I1014 10:51:57.129184 12553 naive_actor.cpp:25] actor 1099614388268 switch to &NaiveActor::HandlerNormal
I1014 10:51:57.129158 12502 thread.cpp:96] Thread 524288 construct Actor kNormalForward 1099511627776
I1014 10:51:57.129240 12553 thread.cpp:96] Thread 524337 construct Actor kTick 1099614388268
I1014 10:51:57.129307 12564 naive_actor.cpp:25] actor 2199023255569 switch to &NaiveActor::HandlerNormal
I1014 10:51:57.129345 12502 runtime_context.cpp:29] DecreaseCounter constructing_actor_cnt, current val is 640
I1014 10:51:57.129297 12506 naive_actor.cpp:25] actor 1099520016384 switch to &NaiveActor::HandlerNormal
I1014 10:51:57.129240 12508 naive_actor.cpp:25] actor 1099524210688 switch to &NaiveActor::HandlerNormal
I1014 10:51:57.129247 12504 naive_actor.cpp:25] actor 1099515822081 switch to &NaiveActor::HandlerNormal
I1014 10:51:57.129359 12564 thread.cpp:96] Thread 1048576 construct Actor kNormalForward 2199023255569
I1014 10:51:57.129360 12553 runtime_context.cpp:29] DecreaseCounter constructing_actor_cnt, current val is 639
I1014 10:51:57.129595 12564 runtime_context.cpp:29] DecreaseCounter constructing_actor_cnt, current val is 638
I1014 10:51:57.129482 12508 thread.cpp:96] Thread 524294 construct Actor kNormalForward 1099524210688
I1014 10:51:57.129519 12504 thread.cpp:96] Thread 524290 construct Actor kNormalForward 1099515822081
I1014 10:51:57.129429 12506 thread.cpp:96] Thread 524292 construct Actor kNormalForward 1099520016384
I1014 10:51:57.129608 12503 naive_actor.cpp:25] actor 1099513724929 switch to &NaiveActor::HandlerNormal
I1014 10:51:57.129670 12572 naive_actor.cpp:25] actor 2207613190168 switch to &NaiveActor::HandlerNormal
I1014 10:51:57.129731 12508 runtime_context.cpp:29] DecreaseCounter constructing_actor_cnt, current val is 637
I1014 10:51:57.129767 12504 runtime_context.cpp:29] DecreaseCounter constructing_actor_cnt, current val is 636
I1014 10:51:57.129799 12503 thread.cpp:96] Thread 524289 construct Actor kNormalForward 1099513724929
I1014 10:51:57.129804 12506 runtime_context.cpp:29] DecreaseCounter constructing_actor_cnt, current val is 635
I1014 10:51:57.129863 12572 thread.cpp:96] Thread 1052672 construct Actor kNormalForward 2207613190168
I1014 10:51:57.129978 12503 runtime_context.cpp:29] DecreaseCounter constructing_actor_cnt, current val is 634
I1014 10:51:57.130075 12572 runtime_context.cpp:29] DecreaseCounter constructing_actor_cnt, current val is 633
I1014 10:51:57.130189 12553 naive_actor.cpp:25] actor 1099614388267 switch to &NaiveActor::HandlerNormal
I1014 10:51:57.130251 12553 thread.cpp:96] Thread 524337 construct Actor kDstSubsetTick 1099614388267
I1014 10:51:57.130354 12553 runtime_context.cpp:29] DecreaseCounter constructing_actor_cnt, current val is 632
I1014 10:51:57.130774 12572 naive_actor.cpp:25] actor 2207613190156 switch to &NaiveActor::HandlerNormal
I1014 10:51:57.130841 12508 naive_actor.cpp:25] actor 1099524210689 switch to &NaiveActor::HandlerNormal
I1014 10:51:57.130878 12553 naive_actor.cpp:25] actor 1099614388262 switch to &NaiveActor::HandlerNormal
I1014 10:51:57.130884 12572 thread.cpp:96] Thread 1052672 construct Actor kNormalForward 2207613190156
I1014 10:51:57.130939 12508 thread.cpp:96] Thread 524294 construct Actor kNormalForward 1099524210689
I1014 10:51:57.130977 12553 thread.cpp:96] Thread 524337 construct Actor kDeviceTick 1099614388262
I1014 10:51:57.130986 12564 naive_actor.cpp:25] actor 2199023255589 switch to &NaiveActor::HandlerNormal
I1014 10:51:57.131110 12553 runtime_context.cpp:29] DecreaseCounter constructing_actor_cnt, current val is 629
I1014 10:51:57.131103 12508 runtime_context.cpp:29] DecreaseCounter constructing_actor_cnt, current val is 630
I1014 10:51:57.131049 12572 runtime_context.cpp:29] DecreaseCounter constructing_actor_cnt, current val is 631
I1014 10:51:57.131121 12564 thread.cpp:96] Thread 1048576 construct Actor kNormalForward 2199023255589
I1014 10:51:57.131318 12564 runtime_context.cpp:29] DecreaseCounter constructing_actor_cnt, current val is 628
I1014 10:51:57.131341 12506 naive_actor.cpp:25] actor 1099520016385 switch to &NaiveActor::HandlerNormal
I1014 10:51:57.131418 12506 thread.cpp:96] Thread 524292 construct Actor kNormalForward 1099520016385
I1014 10:51:57.131491 12506 runtime_context.cpp:29] DecreaseCounter constructing_actor_cnt, current val is 627
I1014 10:51:57.131533 12553 naive_actor.cpp:25] actor 1099614388266 switch to &NaiveActor::HandlerNormal
I1014 10:51:57.131577 12553 thread.cpp:96] Thread 524337 construct Actor kTick 1099614388266
I1014 10:51:57.131618 12553 runtime_context.cpp:29] DecreaseCounter constructing_actor_cnt, current val is 626
I1014 10:51:57.131973 12553 naive_actor.cpp:25] actor 1099614388270 switch to &NaiveActor::HandlerNormal
I1014 10:51:57.132011 12553 thread.cpp:96] Thread 524337 construct Actor kTick 1099614388270
I1014 10:51:57.132056 12553 runtime_context.cpp:29] DecreaseCounter constructing_actor_cnt, current val is 625
I1014 10:51:57.132342 12553 naive_actor.cpp:25] actor 1099614388278 switch to &NaiveActor::HandlerNormal
I1014 10:51:57.132400 12572 naive_actor.cpp:25] actor 2207613190164 switch to &NaiveActor::HandlerNormal
I1014 10:51:57.132405 12553 thread.cpp:96] Thread 524337 construct Actor kTick 1099614388278
I1014 10:51:57.132442 12572 thread.cpp:96] Thread 1052672 construct Actor kNormalForward 2207613190164
I1014 10:51:57.132488 12553 runtime_context.cpp:29] DecreaseCounter constructing_actor_cnt, current val is 624
I1014 10:51:57.132525 12572 runtime_context.cpp:29] DecreaseCounter constructing_actor_cnt, current val is 623
I1014 10:51:57.132833 12553 naive_actor.cpp:25] actor 1099614388272 switch to &NaiveActor::HandlerNormal
I1014 10:51:57.132838 12564 naive_actor.cpp:25] actor 2199023255567 switch to &NaiveActor::HandlerNormal
I1014 10:51:57.132892 12553 thread.cpp:96] Thread 524337 construct Actor kSrcSubsetTick 1099614388272
I1014 10:51:57.132943 12564 thread.cpp:96] Thread 1048576 construct Actor kNormalForward 2199023255567
I1014 10:51:57.133049 12553 runtime_context.cpp:29] DecreaseCounter constructing_actor_cnt, current val is 622
I1014 10:51:57.133078 12564 runtime_context.cpp:29] DecreaseCounter constructing_actor_cnt, current val is 621
I1014 10:51:57.133558 12553 naive_actor.cpp:25] actor 1099614388271 switch to &NaiveActor::HandlerNormal
I1014 10:51:57.133642 12553 thread.cpp:96] Thread 524337 construct Actor kDeviceTick 1099614388271
I1014 10:51:57.133719 12553 runtime_context.cpp:29] DecreaseCounter constructing_actor_cnt, current val is 620
I1014 10:51:57.133934 12572 naive_actor.cpp:25] actor 2207613190166 switch to &NaiveActor::HandlerNormal
I1014 10:51:57.133980 12572 thread.cpp:96] Thread 1052672 construct Actor kNormalForward 2207613190166
I1014 10:51:57.134039 12572 runtime_context.cpp:29] DecreaseCounter constructing_actor_cnt, current val is 619
I1014 10:51:57.134307 12553 naive_actor.cpp:25] actor 1099614388276 switch to &NaiveActor::HandlerNormal
I1014 10:51:57.134426 12553 thread.cpp:96] Thread 524337 construct Actor kDstSubsetTick 1099614388276
I1014 10:51:57.134519 12553 runtime_context.cpp:29] DecreaseCounter constructing_actor_cnt, current val is 618
I1014 10:51:57.134524 12564 naive_actor.cpp:25] actor 2199023255563 switch to &NaiveActor::HandlerNormal
I1014 10:51:57.134627 12564 thread.cpp:96] Thread 1048576 construct Actor kNormalForward 2199023255563
I1014 10:51:57.134708 12564 runtime_context.cpp:29] DecreaseCounter constructing_actor_cnt, current val is 617
I1014 10:51:57.134986 12553 naive_actor.cpp:25] actor 1099614388275 switch to &NaiveActor::HandlerNormal
I1014 10:51:57.135053 12553 thread.cpp:96] Thread 524337 construct Actor kTick 1099614388275
I1014 10:51:57.135125 12553 runtime_context.cpp:29] DecreaseCounter constructing_actor_cnt, current val is 616
I1014 10:51:57.135147 12572 naive_actor.cpp:25] actor 2207613190157 switch to &NaiveActor::HandlerNormal
I1014 10:51:57.135207 12572 thread.cpp:96] Thread 1052672 construct Actor kNormalForward 2207613190157
I1014 10:51:57.135278 12572 runtime_context.cpp:29] DecreaseCounter constructing_actor_cnt, current val is 615
I1014 10:51:57.135596 12553 naive_actor.cpp:25] actor 1099614388337 switch to &NaiveActor::HandlerNormal
I1014 10:51:57.135651 12553 thread.cpp:96] Thread 524337 construct Actor kTick 1099614388337
I1014 10:51:57.135711 12553 runtime_context.cpp:29] DecreaseCounter constructing_actor_cnt, current val is 614
I1014 10:51:57.135808 12564 naive_actor.cpp:25] actor 2199023255568 switch to &NaiveActor::HandlerNormal
I1014 10:51:57.135870 12564 thread.cpp:96] Thread 1048576 construct Actor kNormalForward 2199023255568
I1014 10:51:57.135962 12564 runtime_context.cpp:29] DecreaseCounter constructing_actor_cnt, current val is 613
I1014 10:51:57.136236 12553 naive_actor.cpp:25] actor 1099614388277 switch to &NaiveActor::HandlerNormal
I1014 10:51:57.136293 12553 thread.cpp:96] Thread 524337 construct Actor kTick 1099614388277
I1014 10:51:57.136314 12572 naive_actor.cpp:25] actor 2207613190174 switch to &NaiveActor::HandlerNormal
I1014 10:51:57.136370 12553 runtime_context.cpp:29] DecreaseCounter constructing_actor_cnt, current val is 612
I1014 10:51:57.136373 12572 thread.cpp:96] Thread 1052672 construct Actor kNormalForward 2207613190174
I1014 10:51:57.136468 12572 runtime_context.cpp:29] DecreaseCounter constructing_actor_cnt, current val is 611
I1014 10:51:57.136814 12553 naive_actor.cpp:25] actor 1099614388280 switch to &NaiveActor::HandlerNormal
I1014 10:51:57.136878 12553 thread.cpp:96] Thread 524337 construct Actor kDeviceTick 1099614388280
I1014 10:51:57.136920 12572 naive_actor.cpp:25] actor 2207613190198 switch to &NaiveActor::HandlerNormal
I1014 10:51:57.136956 12553 runtime_context.cpp:29] DecreaseCounter constructing_actor_cnt, current val is 610
I1014 10:51:57.136972 12572 thread.cpp:96] Thread 1052672 construct Actor kNormalForward 2207613190198
I1014 10:51:57.137070 12572 runtime_context.cpp:29] DecreaseCounter constructing_actor_cnt, current val is 609
I1014 10:51:57.137282 12564 naive_actor.cpp:25] actor 2199023255575 switch to &NaiveActor::HandlerNormal
I1014 10:51:57.137349 12564 thread.cpp:96] Thread 1048576 construct Actor kNormalForward 2199023255575
I1014 10:51:57.137434 12564 runtime_context.cpp:29] DecreaseCounter constructing_actor_cnt, current val is 608
I1014 10:51:57.137480 12553 naive_actor.cpp:25] actor 1099614388292 switch to &NaiveActor::HandlerNormal
I1014 10:51:57.137533 12553 thread.cpp:96] Thread 524337 construct Actor kTick 1099614388292
I1014 10:51:57.137611 12553 runtime_context.cpp:29] DecreaseCounter constructing_actor_cnt, current val is 607
I1014 10:51:57.137997 12564 naive_actor.cpp:25] actor 2199023255599 switch to &NaiveActor::HandlerNormal
I1014 10:51:57.138059 12564 thread.cpp:96] Thread 1048576 construct Actor kNormalForward 2199023255599
I1014 10:51:57.138108 12553 naive_actor.cpp:25] actor 1099614388335 switch to &NaiveActor::HandlerNormal
I1014 10:51:57.138135 12564 runtime_context.cpp:29] DecreaseCounter constructing_actor_cnt, current val is 606
I1014 10:51:57.138162 12553 thread.cpp:96] Thread 524337 construct Actor kTick 1099614388335
I1014 10:51:57.138317 12553 runtime_context.cpp:29] DecreaseCounter constructing_actor_cnt, current val is 605
I1014 10:51:57.138350 12572 naive_actor.cpp:25] actor 2207613190185 switch to &NaiveActor::HandlerNormal
I1014 10:51:57.138413 12572 thread.cpp:96] Thread 1052672 construct Actor kNormalForward 2207613190185
I1014 10:51:57.138478 12572 runtime_context.cpp:29] DecreaseCounter constructing_actor_cnt, current val is 604
I1014 10:51:57.138854 12553 naive_actor.cpp:25] actor 1099614388298 switch to &NaiveActor::HandlerNormal
I1014 10:51:57.138916 12553 thread.cpp:96] Thread 524337 construct Actor kTick 1099614388298
I1014 10:51:57.138986 12553 runtime_context.cpp:29] DecreaseCounter constructing_actor_cnt, current val is 603
I1014 10:51:57.139366 12553 naive_actor.cpp:25] actor 1099614388281 switch to &NaiveActor::HandlerNormal
I1014 10:51:57.139418 12553 thread.cpp:96] Thread 524337 construct Actor kSrcSubsetTick 1099614388281
I1014 10:51:57.139469 12572 naive_actor.cpp:25] actor 2207613190171 switch to &NaiveActor::HandlerNormal
I1014 10:51:57.139490 12553 runtime_context.cpp:29] DecreaseCounter constructing_actor_cnt, current val is 602
I1014 10:51:57.139513 12572 thread.cpp:96] Thread 1052672 construct Actor kNormalForward 2207613190171
I1014 10:51:57.139617 12572 runtime_context.cpp:29] DecreaseCounter constructing_actor_cnt, current val is 601
I1014 10:51:57.139715 12564 naive_actor.cpp:25] actor 2199023255614 switch to &NaiveActor::HandlerNormal
I1014 10:51:57.139778 12564 thread.cpp:96] Thread 1048576 construct Actor kNormalForward 2199023255614
I1014 10:51:57.139875 12564 runtime_context.cpp:29] DecreaseCounter constructing_actor_cnt, current val is 600
I1014 10:51:57.140074 12553 naive_actor.cpp:25] actor 1099614388297 switch to &NaiveActor::HandlerNormal
I1014 10:51:57.140128 12553 thread.cpp:96] Thread 524337 construct Actor kDstSubsetTick 1099614388297
I1014 10:51:57.140204 12553 runtime_context.cpp:29] DecreaseCounter constructing_actor_cnt, current val is 599
I1014 10:51:57.140702 12553 naive_actor.cpp:25] actor 1099614388289 switch to &NaiveActor::HandlerNormal
I1014 10:51:57.140713 12572 naive_actor.cpp:25] actor 2207613190151 switch to &NaiveActor::HandlerNormal
I1014 10:51:57.140761 12553 thread.cpp:96] Thread 524337 construct Actor kTick 1099614388289
I1014 10:51:57.140797 12572 thread.cpp:96] Thread 1052672 construct Actor kNormalForward 2207613190151
I1014 10:51:57.140867 12553 runtime_context.cpp:29] DecreaseCounter constructing_actor_cnt, current val is 598
I1014 10:51:57.140892 12572 runtime_context.cpp:29] DecreaseCounter constructing_actor_cnt, current val is 597
I1014 10:51:57.141335 12564 naive_actor.cpp:25] actor 2199023255574 switch to &NaiveActor::HandlerNormal
I1014 10:51:57.141395 12553 naive_actor.cpp:25] actor 1099614388285 switch to &NaiveActor::HandlerNormal
I1014 10:51:57.141448 12553 thread.cpp:96] Thread 524337 construct Actor kDstSubsetTick 1099614388285
I1014 10:51:57.141399 12564 thread.cpp:96] Thread 1048576 construct Actor kNormalForward 2199023255574
I1014 10:51:57.141523 12553 runtime_context.cpp:29] DecreaseCounter constructing_actor_cnt, current val is 596
I1014 10:51:57.141562 12564 runtime_context.cpp:29] DecreaseCounter constructing_actor_cnt, current val is 595
I1014 10:51:57.141932 12553 naive_actor.cpp:25] actor 1099614388288 switch to &NaiveActor::HandlerNormal
I1014 10:51:57.141989 12553 thread.cpp:96] Thread 524337 construct Actor kTick 1099614388288
I1014 10:51:57.142026 12572 naive_actor.cpp:25] actor 2207613190162 switch to &NaiveActor::HandlerNormal
I1014 10:51:57.142063 12553 runtime_context.cpp:29] DecreaseCounter constructing_actor_cnt, current val is 594
I1014 10:51:57.142071 12572 thread.cpp:96] Thread 1052672 construct Actor kNormalForward 2207613190162
I1014 10:51:57.142163 12572 runtime_context.cpp:29] DecreaseCounter constructing_actor_cnt, current val is 593
I1014 10:51:57.142464 12553 naive_actor.cpp:25] actor 1099614388287 switch to &NaiveActor::HandlerNormal
I1014 10:51:57.142591 12553 thread.cpp:96] Thread 524337 construct Actor kTick 1099614388287
I1014 10:51:57.142601 12572 naive_actor.cpp:25] actor 2207613190145 switch to &NaiveActor::HandlerNormal
I1014 10:51:57.142650 12564 naive_actor.cpp:25] actor 2199023255552 switch to &NaiveActor::HandlerNormal
I1014 10:51:57.142674 12572 thread.cpp:96] Thread 1052672 construct Actor kNormalForward 2207613190145
I1014 10:51:57.142675 12553 runtime_context.cpp:29] DecreaseCounter constructing_actor_cnt, current val is 592
I1014 10:51:57.142711 12564 thread.cpp:96] Thread 1048576 construct Actor kNormalForward 2199023255552
I1014 10:51:57.142767 12572 runtime_context.cpp:29] DecreaseCounter constructing_actor_cnt, current val is 591
I1014 10:51:57.142863 12564 runtime_context.cpp:29] DecreaseCounter constructing_actor_cnt, current val is 590
I1014 10:51:57.143177 12553 naive_actor.cpp:25] actor 1099614388286 switch to &NaiveActor::HandlerNormal
I1014 10:51:57.143236 12553 thread.cpp:96] Thread 524337 construct Actor kTick 1099614388286
I1014 10:51:57.143302 12553 runtime_context.cpp:29] DecreaseCounter constructing_actor_cnt, current val is 589
I1014 10:51:57.143790 12553 naive_actor.cpp:25] actor 1099614388279 switch to &NaiveActor::HandlerNormal
I1014 10:51:57.143797 12572 naive_actor.cpp:25] actor 2207613190186 switch to &NaiveActor::HandlerNormal
I1014 10:51:57.143848 12553 thread.cpp:96] Thread 524337 construct Actor kDeviceTick 1099614388279
I1014 10:51:57.143883 12572 thread.cpp:96] Thread 1052672 construct Actor kNormalForward 2207613190186
I1014 10:51:57.143945 12553 runtime_context.cpp:29] DecreaseCounter constructing_actor_cnt, current val is 588
I1014 10:51:57.143967 12572 runtime_context.cpp:29] DecreaseCounter constructing_actor_cnt, current val is 587
I1014 10:51:57.144189 12564 naive_actor.cpp:25] actor 2199023255612 switch to &NaiveActor::HandlerNormal
I1014 10:51:57.144249 12564 thread.cpp:96] Thread 1048576 construct Actor kNormalForward 2199023255612
I1014 10:51:57.144335 12553 naive_actor.cpp:25] actor 1099614388294 switch to &NaiveActor::HandlerNormal
I1014 10:51:57.144337 12564 runtime_context.cpp:29] DecreaseCounter constructing_actor_cnt, current val is 586
I1014 10:51:57.144397 12553 thread.cpp:96] Thread 524337 construct Actor kSrcSubsetTick 1099614388294
I1014 10:51:57.144508 12553 runtime_context.cpp:29] DecreaseCounter constructing_actor_cnt, current val is 585
I1014 10:51:57.144908 12553 naive_actor.cpp:25] actor 1099614388296 switch to &NaiveActor::HandlerNormal
I1014 10:51:57.144961 12553 thread.cpp:96] Thread 524337 construct Actor kTick 1099614388296
I1014 10:51:57.145005 12572 naive_actor.cpp:25] actor 2207613190222 switch to &NaiveActor::HandlerNormal
I1014 10:51:57.145023 12553 runtime_context.cpp:29] DecreaseCounter constructing_actor_cnt, current val is 584
I1014 10:51:57.145051 12572 thread.cpp:96] Thread 1052672 construct Actor kNormalForward 2207613190222
I1014 10:51:57.145159 12572 runtime_context.cpp:29] DecreaseCounter constructing_actor_cnt, current val is 583
I1014 10:51:57.145535 12553 naive_actor.cpp:25] actor 1099614388299 switch to &NaiveActor::HandlerNormal
I1014 10:51:57.145550 12572 naive_actor.cpp:25] actor 2207613190177 switch to &NaiveActor::HandlerNormal
I1014 10:51:57.145601 12553 thread.cpp:96] Thread 524337 construct Actor kTick 1099614388299
I1014 10:51:57.145635 12572 thread.cpp:96] Thread 1052672 construct Actor kNormalForward 2207613190177
I1014 10:51:57.145658 12564 naive_actor.cpp:25] actor 2199023255572 switch to &NaiveActor::HandlerNormal
I1014 10:51:57.145689 12553 runtime_context.cpp:29] DecreaseCounter constructing_actor_cnt, current val is 582
I1014 10:51:57.145700 12572 runtime_context.cpp:29] DecreaseCounter constructing_actor_cnt, current val is 581
I1014 10:51:57.145721 12564 thread.cpp:96] Thread 1048576 construct Actor kNormalForward 2199023255572
I1014 10:51:57.145876 12564 runtime_context.cpp:29] DecreaseCounter constructing_actor_cnt, current val is 580
I1014 10:51:57.146135 12553 naive_actor.cpp:25] actor 1099614388284 switch to &NaiveActor::HandlerNormal
I1014 10:51:57.146245 12553 thread.cpp:96] Thread 524337 construct Actor kTick 1099614388284
I1014 10:51:57.146330 12553 runtime_context.cpp:29] DecreaseCounter constructing_actor_cnt, current val is 579
I1014 10:51:57.146796 12553 naive_actor.cpp:25] actor 1099614388303 switch to &NaiveActor::HandlerNormal
I1014 10:51:57.146863 12553 thread.cpp:96] Thread 524337 construct Actor kTick 1099614388303
I1014 10:51:57.146936 12553 runtime_context.cpp:29] DecreaseCounter constructing_actor_cnt, current val is 578
I1014 10:51:57.147204 12564 naive_actor.cpp:25] actor 2199023255584 switch to &NaiveActor::HandlerNormal
I1014 10:51:57.147265 12564 thread.cpp:96] Thread 1048576 construct Actor kNormalForward 2199023255584
I1014 10:51:57.147337 12572 naive_actor.cpp:25] actor 2207613190194 switch to &NaiveActor::HandlerNormal
I1014 10:51:57.147351 12564 runtime_context.cpp:29] DecreaseCounter constructing_actor_cnt, current val is 577
I1014 10:51:57.147385 12572 thread.cpp:96] Thread 1052672 construct Actor kNormalForward 2207613190194
I1014 10:51:57.147415 12553 naive_actor.cpp:25] actor 1099614388313 switch to &NaiveActor::HandlerNormal
I1014 10:51:57.147487 12572 runtime_context.cpp:29] DecreaseCounter constructing_actor_cnt, current val is 576
I1014 10:51:57.147502 12553 thread.cpp:96] Thread 524337 construct Actor kTick 1099614388313
I1014 10:51:57.147601 12553 runtime_context.cpp:29] DecreaseCounter constructing_actor_cnt, current val is 575
I1014 10:51:57.147964 12553 naive_actor.cpp:25] actor 1099614388304 switch to &NaiveActor::HandlerNormal
I1014 10:51:57.148017 12553 thread.cpp:96] Thread 524337 construct Actor kTick 1099614388304
I1014 10:51:57.148090 12553 runtime_context.cpp:29] DecreaseCounter constructing_actor_cnt, current val is 574
I1014 10:51:57.148325 12564 naive_actor.cpp:25] actor 2199023255582 switch to &NaiveActor::HandlerNormal
I1014 10:51:57.148378 12564 thread.cpp:96] Thread 1048576 construct Actor kNormalForward 2199023255582
I1014 10:51:57.148424 12572 naive_actor.cpp:25] actor 2207613190213 switch to &NaiveActor::HandlerNormal
I1014 10:51:57.148443 12564 runtime_context.cpp:29] DecreaseCounter constructing_actor_cnt, current val is 573
I1014 10:51:57.148469 12572 thread.cpp:96] Thread 1052672 construct Actor kNormalForward 2207613190213
I1014 10:51:57.148522 12553 naive_actor.cpp:25] actor 1099614388308 switch to &NaiveActor::HandlerNormal
I1014 10:51:57.148555 12572 runtime_context.cpp:29] DecreaseCounter constructing_actor_cnt, current val is 572
I1014 10:51:57.148591 12553 thread.cpp:96] Thread 524337 construct Actor kTick 1099614388308
I1014 10:51:57.148804 12553 runtime_context.cpp:29] DecreaseCounter constructing_actor_cnt, current val is 571
I1014 10:51:57.149263 12553 naive_actor.cpp:25] actor 1099614388312 switch to &NaiveActor::HandlerNormal
I1014 10:51:57.149319 12553 thread.cpp:96] Thread 524337 construct Actor kTick 1099614388312
I1014 10:51:57.149391 12553 runtime_context.cpp:29] DecreaseCounter constructing_actor_cnt, current val is 570
I1014 10:51:57.149484 12564 naive_actor.cpp:25] actor 2199023255561 switch to &NaiveActor::HandlerNormal
I1014 10:51:57.149534 12564 thread.cpp:96] Thread 1048576 construct Actor kNormalForward 2199023255561
I1014 10:51:57.149672 12564 runtime_context.cpp:29] DecreaseCounter constructing_actor_cnt, current val is 569
I1014 10:51:57.149821 12572 naive_actor.cpp:25] actor 2207613190237 switch to &NaiveActor::HandlerNormal
I1014 10:51:57.149827 12553 naive_actor.cpp:25] actor 1099614388305 switch to &NaiveActor::HandlerNormal
I1014 10:51:57.149868 12572 thread.cpp:96] Thread 1052672 construct Actor kNormalForward 2207613190237
I1014 10:51:57.149915 12553 thread.cpp:96] Thread 524337 construct Actor kTick 1099614388305
I1014 10:51:57.149996 12572 runtime_context.cpp:29] DecreaseCounter constructing_actor_cnt, current val is 568
I1014 10:51:57.150010 12564 naive_actor.cpp:25] actor 2199023255585 switch to &NaiveActor::HandlerNormal
I1014 10:51:57.150017 12553 runtime_context.cpp:29] DecreaseCounter constructing_actor_cnt, current val is 567
I1014 10:51:57.150065 12564 thread.cpp:96] Thread 1048576 construct Actor kNormalForward 2199023255585
I1014 10:51:57.150219 12564 runtime_context.cpp:29] DecreaseCounter constructing_actor_cnt, current val is 566
I1014 10:51:57.150696 12553 reentrant_lock_actor.cpp:76] actor 1099614388300 switch to &ReentrantLockActor::HandlerNormal
I1014 10:51:57.150751 12553 thread.cpp:96] Thread 524337 construct Actor kReentrantLock 1099614388300
I1014 10:51:57.150830 12553 runtime_context.cpp:29] DecreaseCounter constructing_actor_cnt, current val is 565
I1014 10:51:57.151019 12572 naive_actor.cpp:25] actor 2207613190261 switch to &NaiveActor::HandlerNormal
I1014 10:51:57.151063 12572 thread.cpp:96] Thread 1052672 construct Actor kNormalForward 2207613190261
I1014 10:51:57.151098 12564 naive_actor.cpp:25] actor 2199023255577 switch to &NaiveActor::HandlerNormal
I1014 10:51:57.151114 12572 runtime_context.cpp:29] DecreaseCounter constructing_actor_cnt, current val is 564
I1014 10:51:57.151139 12564 thread.cpp:96] Thread 1048576 construct Actor kNormalForward 2199023255577
I1014 10:51:57.151234 12564 runtime_context.cpp:29] DecreaseCounter constructing_actor_cnt, current val is 563
I1014 10:51:57.151285 12553 naive_actor.cpp:25] actor 1099614388311 switch to &NaiveActor::HandlerNormal
I1014 10:51:57.151342 12553 thread.cpp:96] Thread 524337 construct Actor kTick 1099614388311
I1014 10:51:57.151408 12553 runtime_context.cpp:29] DecreaseCounter constructing_actor_cnt, current val is 562
I1014 10:51:57.151476 12572 naive_actor.cpp:25] actor 2207613190182 switch to &NaiveActor::HandlerNormal
I1014 10:51:57.151518 12572 thread.cpp:96] Thread 1052672 construct Actor kNormalForward 2207613190182
I1014 10:51:57.151590 12572 runtime_context.cpp:29] DecreaseCounter constructing_actor_cnt, current val is 561
I1014 10:51:57.152354 12564 naive_actor.cpp:25] actor 2199023255601 switch to &NaiveActor::HandlerNormal
I1014 10:51:57.152405 12553 case_actor.cpp:76] actor 1099614388301 switch to &CaseActor::HandlerNormal
I1014 10:51:57.152411 12564 thread.cpp:96] Thread 1048576 construct Actor kNormalForward 2199023255601
I1014 10:51:57.152474 12572 naive_actor.cpp:25] actor 2207613190178 switch to &NaiveActor::HandlerNormal
I1014 10:51:57.152454 12553 thread.cpp:96] Thread 524337 construct Actor kCase 1099614388301
I1014 10:51:57.152518 12572 thread.cpp:96] Thread 1052672 construct Actor kNormalForward 2207613190178
I1014 10:51:57.152527 12564 runtime_context.cpp:29] DecreaseCounter constructing_actor_cnt, current val is 560
I1014 10:51:57.152648 12572 runtime_context.cpp:29] DecreaseCounter constructing_actor_cnt, current val is 559
I1014 10:51:57.152658 12553 runtime_context.cpp:29] DecreaseCounter constructing_actor_cnt, current val is 558
I1014 10:51:57.153111 12553 naive_actor.cpp:25] actor 1099614388309 switch to &NaiveActor::HandlerNormal
I1014 10:51:57.153163 12553 thread.cpp:96] Thread 524337 construct Actor kTick 1099614388309
I1014 10:51:57.153223 12553 runtime_context.cpp:29] DecreaseCounter constructing_actor_cnt, current val is 557
I1014 10:51:57.153625 12572 naive_actor.cpp:25] actor 2207613190202 switch to &NaiveActor::HandlerNormal
I1014 10:51:57.153626 12553 naive_actor.cpp:25] actor 1099614388302 switch to &NaiveActor::HandlerNormal
I1014 10:51:57.153671 12572 thread.cpp:96] Thread 1052672 construct Actor kNormalForward 2207613190202
I1014 10:51:57.153712 12553 thread.cpp:96] Thread 524337 construct Actor kTick 1099614388302
I1014 10:51:57.153765 12572 runtime_context.cpp:29] DecreaseCounter constructing_actor_cnt, current val is 556
I1014 10:51:57.153798 12553 runtime_context.cpp:29] DecreaseCounter constructing_actor_cnt, current val is 555
I1014 10:51:57.153834 12564 naive_actor.cpp:25] actor 2199023255623 switch to &NaiveActor::HandlerNormal
I1014 10:51:57.153893 12564 thread.cpp:96] Thread 1048576 construct Actor kNormalForward 2199023255623
I1014 10:51:57.153985 12564 runtime_context.cpp:29] DecreaseCounter constructing_actor_cnt, current val is 554
I1014 10:51:57.154245 12572 naive_actor.cpp:25] actor 2207613190211 switch to &NaiveActor::HandlerNormal
I1014 10:51:57.154258 12553 naive_actor.cpp:25] actor 1099614388307 switch to &NaiveActor::HandlerNormal
I1014 10:51:57.154343 12572 thread.cpp:96] Thread 1052672 construct Actor kNormalForward 2207613190211
I1014 10:51:57.154381 12553 thread.cpp:96] Thread 524337 construct Actor kTick 1099614388307
I1014 10:51:57.154426 12572 runtime_context.cpp:29] DecreaseCounter constructing_actor_cnt, current val is 553
I1014 10:51:57.154474 12553 runtime_context.cpp:29] DecreaseCounter constructing_actor_cnt, current val is 552
I1014 10:51:57.154824 12553 naive_actor.cpp:25] actor 1099614388314 switch to &NaiveActor::HandlerNormal
I1014 10:51:57.154879 12553 thread.cpp:96] Thread 524337 construct Actor kTick 1099614388314
I1014 10:51:57.154948 12553 runtime_context.cpp:29] DecreaseCounter constructing_actor_cnt, current val is 551
I1014 10:51:57.155288 12564 naive_actor.cpp:25] actor 2199023255647 switch to &NaiveActor::HandlerNormal
I1014 10:51:57.155349 12564 thread.cpp:96] Thread 1048576 construct Actor kNormalForward 2199023255647
I1014 10:51:57.155412 12553 naive_actor.cpp:25] actor 1099614388315 switch to &NaiveActor::HandlerNormal
I1014 10:51:57.155426 12564 runtime_context.cpp:29] DecreaseCounter constructing_actor_cnt, current val is 550
I1014 10:51:57.155464 12553 thread.cpp:96] Thread 524337 construct Actor kTick 1099614388315
I1014 10:51:57.155572 12553 runtime_context.cpp:29] DecreaseCounter constructing_actor_cnt, current val is 549
I1014 10:51:57.155776 12572 naive_actor.cpp:25] actor 2207613190173 switch to &NaiveActor::HandlerNormal
I1014 10:51:57.155822 12572 thread.cpp:96] Thread 1052672 construct Actor kNormalForward 2207613190173
I1014 10:51:57.155886 12572 runtime_context.cpp:29] DecreaseCounter constructing_actor_cnt, current val is 548
I1014 10:51:57.155944 12553 naive_actor.cpp:25] actor 1099614388317 switch to &NaiveActor::HandlerNormal
I1014 10:51:57.155992 12553 thread.cpp:96] Thread 524337 construct Actor kTick 1099614388317
I1014 10:51:57.156049 12553 runtime_context.cpp:29] DecreaseCounter constructing_actor_cnt, current val is 547
I1014 10:51:57.156435 12553 naive_actor.cpp:25] actor 1099614388310 switch to &NaiveActor::HandlerNormal
I1014 10:51:57.156486 12553 thread.cpp:96] Thread 524337 construct Actor kTick 1099614388310
I1014 10:51:57.156497 12564 naive_actor.cpp:25] actor 2199023255671 switch to &NaiveActor::HandlerNormal
I1014 10:51:57.156556 12553 runtime_context.cpp:29] DecreaseCounter constructing_actor_cnt, current val is 546
I1014 10:51:57.156563 12564 thread.cpp:96] Thread 1048576 construct Actor kNormalForward 2199023255671
I1014 10:51:57.156687 12564 runtime_context.cpp:29] DecreaseCounter constructing_actor_cnt, current val is 545
I1014 10:51:57.156968 12553 naive_actor.cpp:25] actor 1099614388316 switch to &NaiveActor::HandlerNormal
I1014 10:51:57.157025 12553 thread.cpp:96] Thread 524337 construct Actor kTick 1099614388316
I1014 10:51:57.157084 12564 naive_actor.cpp:25] actor 2199023255695 switch to &NaiveActor::HandlerNormal
I1014 10:51:57.157094 12553 runtime_context.cpp:29] DecreaseCounter constructing_actor_cnt, current val is 544
I1014 10:51:57.157136 12564 thread.cpp:96] Thread 1048576 construct Actor kNormalForward 2199023255695
I1014 10:51:57.157132 12572 naive_actor.cpp:25] actor 2207613190197 switch to &NaiveActor::HandlerNormal
I1014 10:51:57.157248 12564 runtime_context.cpp:29] DecreaseCounter constructing_actor_cnt, current val is 543
I1014 10:51:57.157249 12572 thread.cpp:96] Thread 1052672 construct Actor kNormalForward 2207613190197
I1014 10:51:57.157374 12572 runtime_context.cpp:29] DecreaseCounter constructing_actor_cnt, current val is 542
I1014 10:51:57.157555 12553 naive_actor.cpp:25] actor 1099614388306 switch to &NaiveActor::HandlerNormal
I1014 10:51:57.157613 12553 thread.cpp:96] Thread 524337 construct Actor kTick 1099614388306
I1014 10:51:57.157676 12553 runtime_context.cpp:29] DecreaseCounter constructing_actor_cnt, current val is 541
I1014 10:51:57.158084 12553 naive_actor.cpp:25] actor 1099614388318 switch to &NaiveActor::HandlerNormal
I1014 10:51:57.158195 12553 thread.cpp:96] Thread 524337 construct Actor kTick 1099614388318
I1014 10:51:57.158259 12553 runtime_context.cpp:29] DecreaseCounter constructing_actor_cnt, current val is 540
I1014 10:51:57.158344 12564 naive_actor.cpp:25] actor 2199023255587 switch to &NaiveActor::HandlerNormal
I1014 10:51:57.158396 12564 thread.cpp:96] Thread 1048576 construct Actor kNormalForward 2199023255587
I1014 10:51:57.158461 12564 runtime_context.cpp:29] DecreaseCounter constructing_actor_cnt, current val is 539
I1014 10:51:57.158628 12553 naive_actor.cpp:25] actor 1099614388322 switch to &NaiveActor::HandlerNormal
I1014 10:51:57.158681 12553 thread.cpp:96] Thread 524337 construct Actor kTick 1099614388322
I1014 10:51:57.158746 12553 runtime_context.cpp:29] DecreaseCounter constructing_actor_cnt, current val is 538
I1014 10:51:57.158761 12572 naive_actor.cpp:25] actor 2207613190224 switch to &NaiveActor::HandlerNormal
I1014 10:51:57.158823 12564 naive_actor.cpp:25] actor 2199023255592 switch to &NaiveActor::HandlerNormal
I1014 10:51:57.158898 12572 thread.cpp:96] Thread 1052672 construct Actor kNormalForward 2207613190224
I1014 10:51:57.158928 12564 thread.cpp:96] Thread 1048576 construct Actor kNormalForward 2199023255592
I1014 10:51:57.159062 12564 runtime_context.cpp:29] DecreaseCounter constructing_actor_cnt, current val is 537
I1014 10:51:57.159073 12572 runtime_context.cpp:29] DecreaseCounter constructing_actor_cnt, current val is 536
I1014 10:51:57.159245 12553 naive_actor.cpp:25] actor 1099614388321 switch to &NaiveActor::HandlerNormal
