I1014 10:53:23.117727 13767 naive_actor.cpp:25] actor 2199023255565 switch to &NaiveActor::HandlerNormal
I1014 10:53:23.117801 13767 thread.cpp:96] Thread 1048576 construct Actor kNormalForward 2199023255565
I1014 10:53:23.117897 13767 runtime_context.cpp:29] DecreaseCounter constructing_actor_cnt, current val is 665
I1014 10:53:23.117906 13757 naive_actor.cpp:25] actor 1099614388248 switch to &NaiveActor::HandlerNormal
I1014 10:53:23.117998 13757 thread.cpp:96] Thread 524337 construct Actor kTick 1099614388248
I1014 10:53:23.118094 13757 runtime_context.cpp:29] DecreaseCounter constructing_actor_cnt, current val is 664
I1014 10:53:23.118350 13767 naive_actor.cpp:25] actor 2199023255564 switch to &NaiveActor::HandlerNormal
I1014 10:53:23.118413 13767 thread.cpp:96] Thread 1048576 construct Actor kNormalForward 2199023255564
I1014 10:53:23.118484 13767 runtime_context.cpp:29] DecreaseCounter constructing_actor_cnt, current val is 663
I1014 10:53:23.118499 13757 naive_actor.cpp:25] actor 1099614388253 switch to &NaiveActor::HandlerNormal
I1014 10:53:23.118594 13757 thread.cpp:96] Thread 524337 construct Actor kTick 1099614388253
I1014 10:53:23.118613 13773 naive_actor.cpp:25] actor 2207613190160 switch to &NaiveActor::HandlerNormal
I1014 10:53:23.118692 13773 thread.cpp:96] Thread 1052672 construct Actor kNormalForward 2207613190160
I1014 10:53:23.118692 13757 runtime_context.cpp:29] DecreaseCounter constructing_actor_cnt, current val is 662
I1014 10:53:23.118793 13773 runtime_context.cpp:29] DecreaseCounter constructing_actor_cnt, current val is 661
I1014 10:53:23.119148 13757 naive_actor.cpp:25] actor 1099614388249 switch to &NaiveActor::HandlerNormal
I1014 10:53:23.119230 13757 thread.cpp:96] Thread 524337 construct Actor kDeviceTick 1099614388249
I1014 10:53:23.119239 13773 naive_actor.cpp:25] actor 2207613190182 switch to &NaiveActor::HandlerNormal
I1014 10:53:23.119309 13773 thread.cpp:96] Thread 1052672 construct Actor kNormalForward 2207613190182
I1014 10:53:23.119319 13757 runtime_context.cpp:29] DecreaseCounter constructing_actor_cnt, current val is 660
I1014 10:53:23.119395 13773 runtime_context.cpp:29] DecreaseCounter constructing_actor_cnt, current val is 659
I1014 10:53:23.119757 13767 naive_actor.cpp:25] actor 2199023255589 switch to &NaiveActor::HandlerNormal
I1014 10:53:23.119807 13757 naive_actor.cpp:25] actor 1099614388250 switch to &NaiveActor::HandlerNormal
I1014 10:53:23.119820 13767 thread.cpp:96] Thread 1048576 construct Actor kNormalForward 2199023255589
I1014 10:53:23.119859 13757 thread.cpp:96] Thread 524337 construct Actor kSrcSubsetTick 1099614388250
I1014 10:53:23.119863 13773 naive_actor.cpp:25] actor 2207613190156 switch to &NaiveActor::HandlerNormal
I1014 10:53:23.119969 13767 runtime_context.cpp:29] DecreaseCounter constructing_actor_cnt, current val is 658
I1014 10:53:23.119985 13773 thread.cpp:96] Thread 1052672 construct Actor kNormalForward 2207613190156
I1014 10:53:23.119998 13757 runtime_context.cpp:29] DecreaseCounter constructing_actor_cnt, current val is 657
I1014 10:53:23.120103 13773 runtime_context.cpp:29] DecreaseCounter constructing_actor_cnt, current val is 656
I1014 10:53:23.120543 13757 naive_actor.cpp:25] actor 1099614388329 switch to &NaiveActor::HandlerNormal
I1014 10:53:23.120605 13757 thread.cpp:96] Thread 524337 construct Actor kTick 1099614388329
I1014 10:53:23.120769 13757 runtime_context.cpp:29] DecreaseCounter constructing_actor_cnt, current val is 655
I1014 10:53:23.121223 13757 naive_actor.cpp:25] actor 1099614388255 switch to &NaiveActor::HandlerNormal
I1014 10:53:23.121294 13757 thread.cpp:96] Thread 524337 construct Actor kTick 1099614388255
I1014 10:53:23.121412 13757 runtime_context.cpp:29] DecreaseCounter constructing_actor_cnt, current val is 654
I1014 10:53:23.121985 13757 naive_actor.cpp:25] actor 1099614388254 switch to &NaiveActor::HandlerNormal
I1014 10:53:23.122043 13757 thread.cpp:96] Thread 524337 construct Actor kDstSubsetTick 1099614388254
I1014 10:53:23.122131 13757 runtime_context.cpp:29] DecreaseCounter constructing_actor_cnt, current val is 653
I1014 10:53:23.122679 13757 naive_actor.cpp:25] actor 1099614388256 switch to &NaiveActor::HandlerNormal
I1014 10:53:23.122728 13767 naive_actor.cpp:25] actor 2199023255574 switch to &NaiveActor::HandlerNormal
I1014 10:53:23.122743 13757 thread.cpp:96] Thread 524337 construct Actor kTick 1099614388256
I1014 10:53:23.122792 13767 thread.cpp:96] Thread 1048576 construct Actor kNormalForward 2199023255574
I1014 10:53:23.122872 13757 runtime_context.cpp:29] DecreaseCounter constructing_actor_cnt, current val is 652
I1014 10:53:23.122874 13773 naive_actor.cpp:25] actor 2207613190180 switch to &NaiveActor::HandlerNormal
I1014 10:53:23.122911 13767 runtime_context.cpp:29] DecreaseCounter constructing_actor_cnt, current val is 651
I1014 10:53:23.122959 13773 thread.cpp:96] Thread 1052672 construct Actor kNormalForward 2207613190180
I1014 10:53:23.123091 13773 runtime_context.cpp:29] DecreaseCounter constructing_actor_cnt, current val is 650
I1014 10:53:23.123450 13757 naive_actor.cpp:25] actor 1099614388257 switch to &NaiveActor::HandlerNormal
I1014 10:53:23.123507 13757 thread.cpp:96] Thread 524337 construct Actor kTick 1099614388257
I1014 10:53:23.123522 13773 naive_actor.cpp:25] actor 2207613190198 switch to &NaiveActor::HandlerNormal
I1014 10:53:23.123587 13773 thread.cpp:96] Thread 1052672 construct Actor kNormalForward 2207613190198
I1014 10:53:23.123605 13757 runtime_context.cpp:29] DecreaseCounter constructing_actor_cnt, current val is 649
I1014 10:53:23.123667 13773 runtime_context.cpp:29] DecreaseCounter constructing_actor_cnt, current val is 648
I1014 10:53:23.124056 13767 naive_actor.cpp:25] actor 2199023255557 switch to &NaiveActor::HandlerNormal
I1014 10:53:23.124063 13714 naive_actor.cpp:25] actor 1099511627776 switch to &NaiveActor::HandlerNormal
I1014 10:53:23.124125 13767 thread.cpp:96] Thread 1048576 construct Actor kNormalForward 2199023255557
I1014 10:53:23.124159 13714 thread.cpp:96] Thread 524288 construct Actor kNormalForward 1099511627776
I1014 10:53:23.124253 13767 runtime_context.cpp:29] DecreaseCounter constructing_actor_cnt, current val is 647
I1014 10:53:23.124284 13714 runtime_context.cpp:29] DecreaseCounter constructing_actor_cnt, current val is 646
I1014 10:53:23.124801 13757 esac_actor.cpp:73] actor 1099614388326 switch to &EsacActor::HandlerNormal
I1014 10:53:23.124859 13757 thread.cpp:96] Thread 524337 construct Actor kEsac 1099614388326
I1014 10:53:23.124958 13757 runtime_context.cpp:29] DecreaseCounter constructing_actor_cnt, current val is 645
I1014 10:53:23.125173 13773 naive_actor.cpp:25] actor 2207613190176 switch to &NaiveActor::HandlerNormal
I1014 10:53:23.125232 13773 thread.cpp:96] Thread 1052672 construct Actor kNormalForward 2207613190176
I1014 10:53:23.125311 13773 runtime_context.cpp:29] DecreaseCounter constructing_actor_cnt, current val is 644
I1014 10:53:23.125399 13716 naive_actor.cpp:25] actor 1099515822080 switch to &NaiveActor::HandlerNormal
I1014 10:53:23.125463 13716 thread.cpp:96] Thread 524290 construct Actor kNormalForward 1099515822080
I1014 10:53:23.125427 13757 naive_actor.cpp:25] actor 1099614388262 switch to &NaiveActor::HandlerNormal
I1014 10:53:23.125552 13757 thread.cpp:96] Thread 524337 construct Actor kTick 1099614388262
I1014 10:53:23.125558 13716 runtime_context.cpp:29] DecreaseCounter constructing_actor_cnt, current val is 643
I1014 10:53:23.125581 13715 naive_actor.cpp:25] actor 1099513724928 switch to &NaiveActor::HandlerNormal
I1014 10:53:23.125659 13757 runtime_context.cpp:29] DecreaseCounter constructing_actor_cnt, current val is 642
I1014 10:53:23.125813 13715 thread.cpp:96] Thread 524289 construct Actor kNormalForward 1099513724928
I1014 10:53:23.125850 13767 naive_actor.cpp:25] actor 2199023255581 switch to &NaiveActor::HandlerNormal
I1014 10:53:23.125943 13767 thread.cpp:96] Thread 1048576 construct Actor kNormalForward 2199023255581
I1014 10:53:23.125969 13715 runtime_context.cpp:29] DecreaseCounter constructing_actor_cnt, current val is 641
I1014 10:53:23.126039 13767 runtime_context.cpp:29] DecreaseCounter constructing_actor_cnt, current val is 640
I1014 10:53:23.126046 13717 naive_actor.cpp:25] actor 1099517919232 switch to &NaiveActor::HandlerNormal
I1014 10:53:23.126128 13717 thread.cpp:96] Thread 524291 construct Actor kNormalForward 1099517919232
I1014 10:53:23.126236 13717 runtime_context.cpp:29] DecreaseCounter constructing_actor_cnt, current val is 639
I1014 10:53:23.126245 13757 naive_actor.cpp:25] actor 1099614388264 switch to &NaiveActor::HandlerNormal
I1014 10:53:23.126339 13757 thread.cpp:96] Thread 524337 construct Actor kTick 1099614388264
I1014 10:53:23.126408 13757 runtime_context.cpp:29] DecreaseCounter constructing_actor_cnt, current val is 638
I1014 10:53:23.126574 13773 naive_actor.cpp:25] actor 2207613190200 switch to &NaiveActor::HandlerNormal
I1014 10:53:23.126632 13773 thread.cpp:96] Thread 1052672 construct Actor kNormalForward 2207613190200
I1014 10:53:23.126729 13773 runtime_context.cpp:29] DecreaseCounter constructing_actor_cnt, current val is 637
I1014 10:53:23.126809 13757 naive_actor.cpp:25] actor 1099614388259 switch to &NaiveActor::HandlerNormal
I1014 10:53:23.126857 13757 thread.cpp:96] Thread 524337 construct Actor kSrcSubsetTick 1099614388259
I1014 10:53:23.126925 13757 runtime_context.cpp:29] DecreaseCounter constructing_actor_cnt, current val is 636
I1014 10:53:23.127282 13757 naive_actor.cpp:25] actor 1099614388258 switch to &NaiveActor::HandlerNormal
I1014 10:53:23.127331 13757 thread.cpp:96] Thread 524337 construct Actor kDeviceTick 1099614388258
I1014 10:53:23.127394 13757 runtime_context.cpp:29] DecreaseCounter constructing_actor_cnt, current val is 635
I1014 10:53:23.127826 13773 naive_actor.cpp:25] actor 2207613190147 switch to &NaiveActor::HandlerNormal
I1014 10:53:23.127878 13757 naive_actor.cpp:25] actor 1099614388263 switch to &NaiveActor::HandlerNormal
I1014 10:53:23.127879 13773 thread.cpp:96] Thread 1052672 construct Actor kNormalForward 2207613190147
I1014 10:53:23.127944 13757 thread.cpp:96] Thread 524337 construct Actor kDstSubsetTick 1099614388263
I1014 10:53:23.128028 13773 runtime_context.cpp:29] DecreaseCounter constructing_actor_cnt, current val is 634
I1014 10:53:23.128059 13757 runtime_context.cpp:29] DecreaseCounter constructing_actor_cnt, current val is 633
I1014 10:53:23.128031 13767 naive_actor.cpp:25] actor 2199023255567 switch to &NaiveActor::HandlerNormal
I1014 10:53:23.128163 13767 thread.cpp:96] Thread 1048576 construct Actor kNormalForward 2199023255567
I1014 10:53:23.128249 13767 runtime_context.cpp:29] DecreaseCounter constructing_actor_cnt, current val is 632
I1014 10:53:23.128505 13757 naive_actor.cpp:25] actor 1099614388265 switch to &NaiveActor::HandlerNormal
I1014 10:53:23.128561 13757 thread.cpp:96] Thread 524337 construct Actor kTick 1099614388265
I1014 10:53:23.128648 13757 runtime_context.cpp:29] DecreaseCounter constructing_actor_cnt, current val is 631
I1014 10:53:23.129043 13757 naive_actor.cpp:25] actor 1099614388266 switch to &NaiveActor::HandlerNormal
I1014 10:53:23.129091 13757 thread.cpp:96] Thread 524337 construct Actor kTick 1099614388266
I1014 10:53:23.129155 13757 runtime_context.cpp:29] DecreaseCounter constructing_actor_cnt, current val is 630
I1014 10:53:23.129202 13773 naive_actor.cpp:25] actor 2207613190171 switch to &NaiveActor::HandlerNormal
I1014 10:53:23.129251 13767 naive_actor.cpp:25] actor 2199023255591 switch to &NaiveActor::HandlerNormal
I1014 10:53:23.129256 13773 thread.cpp:96] Thread 1052672 construct Actor kNormalForward 2207613190171
I1014 10:53:23.129343 13767 thread.cpp:96] Thread 1048576 construct Actor kNormalForward 2199023255591
I1014 10:53:23.129426 13773 runtime_context.cpp:29] DecreaseCounter constructing_actor_cnt, current val is 629
I1014 10:53:23.129468 13767 runtime_context.cpp:29] DecreaseCounter constructing_actor_cnt, current val is 628
I1014 10:53:23.129669 13757 naive_actor.cpp:25] actor 1099614388272 switch to &NaiveActor::HandlerNormal
I1014 10:53:23.129724 13757 thread.cpp:96] Thread 524337 construct Actor kDstSubsetTick 1099614388272
I1014 10:53:23.129799 13757 runtime_context.cpp:29] DecreaseCounter constructing_actor_cnt, current val is 627
I1014 10:53:23.130370 13757 esac_actor.cpp:73] actor 1099614388334 switch to &EsacActor::HandlerNormal
I1014 10:53:23.130419 13757 thread.cpp:96] Thread 524337 construct Actor kEsac 1099614388334
I1014 10:53:23.130501 13757 runtime_context.cpp:29] DecreaseCounter constructing_actor_cnt, current val is 626
I1014 10:53:23.130537 13773 naive_actor.cpp:25] actor 2207613190188 switch to &NaiveActor::HandlerNormal
I1014 10:53:23.130555 13767 naive_actor.cpp:25] actor 2199023255559 switch to &NaiveActor::HandlerNormal
I1014 10:53:23.130617 13773 thread.cpp:96] Thread 1052672 construct Actor kNormalForward 2207613190188
I1014 10:53:23.130662 13767 thread.cpp:96] Thread 1048576 construct Actor kNormalForward 2199023255559
I1014 10:53:23.130738 13773 runtime_context.cpp:29] DecreaseCounter constructing_actor_cnt, current val is 625
I1014 10:53:23.130780 13767 runtime_context.cpp:29] DecreaseCounter constructing_actor_cnt, current val is 624
I1014 10:53:23.130956 13757 naive_actor.cpp:25] actor 1099614388268 switch to &NaiveActor::HandlerNormal
I1014 10:53:23.131016 13757 thread.cpp:96] Thread 524337 construct Actor kSrcSubsetTick 1099614388268
I1014 10:53:23.131079 13757 runtime_context.cpp:29] DecreaseCounter constructing_actor_cnt, current val is 623
I1014 10:53:23.131192 13767 naive_actor.cpp:25] actor 2199023255571 switch to &NaiveActor::HandlerNormal
I1014 10:53:23.131243 13767 thread.cpp:96] Thread 1048576 construct Actor kNormalForward 2199023255571
I1014 10:53:23.131321 13767 runtime_context.cpp:29] DecreaseCounter constructing_actor_cnt, current val is 622
I1014 10:53:23.131456 13757 naive_actor.cpp:25] actor 1099614388267 switch to &NaiveActor::HandlerNormal
I1014 10:53:23.131503 13757 thread.cpp:96] Thread 524337 construct Actor kDeviceTick 1099614388267
I1014 10:53:23.131582 13757 runtime_context.cpp:29] DecreaseCounter constructing_actor_cnt, current val is 621
I1014 10:53:23.131620 13773 naive_actor.cpp:25] actor 2207613190179 switch to &NaiveActor::HandlerNormal
I1014 10:53:23.131675 13773 thread.cpp:96] Thread 1052672 construct Actor kNormalForward 2207613190179
I1014 10:53:23.131752 13773 runtime_context.cpp:29] DecreaseCounter constructing_actor_cnt, current val is 620
I1014 10:53:23.131950 13757 naive_actor.cpp:25] actor 1099614388271 switch to &NaiveActor::HandlerNormal
I1014 10:53:23.131999 13757 thread.cpp:96] Thread 524337 construct Actor kTick 1099614388271
I1014 10:53:23.132059 13757 runtime_context.cpp:29] DecreaseCounter constructing_actor_cnt, current val is 619
I1014 10:53:23.132239 13773 naive_actor.cpp:25] actor 2207613190203 switch to &NaiveActor::HandlerNormal
I1014 10:53:23.132287 13773 thread.cpp:96] Thread 1052672 construct Actor kNormalForward 2207613190203
I1014 10:53:23.132354 13773 runtime_context.cpp:29] DecreaseCounter constructing_actor_cnt, current val is 618
I1014 10:53:23.132407 13757 naive_actor.cpp:25] actor 1099614388273 switch to &NaiveActor::HandlerNormal
I1014 10:53:23.132462 13757 thread.cpp:96] Thread 524337 construct Actor kTick 1099614388273
I1014 10:53:23.132544 13757 runtime_context.cpp:29] DecreaseCounter constructing_actor_cnt, current val is 617
I1014 10:53:23.132699 13767 naive_actor.cpp:25] actor 2199023255595 switch to &NaiveActor::HandlerNormal
I1014 10:53:23.132761 13767 thread.cpp:96] Thread 1048576 construct Actor kNormalForward 2199023255595
I1014 10:53:23.132773 13773 naive_actor.cpp:25] actor 2207613190145 switch to &NaiveActor::HandlerNormal
I1014 10:53:23.132944 13767 runtime_context.cpp:29] DecreaseCounter constructing_actor_cnt, current val is 616
I1014 10:53:23.132946 13773 thread.cpp:96] Thread 1052672 construct Actor kNormalForward 2207613190145
I1014 10:53:23.132979 13757 naive_actor.cpp:25] actor 1099614388274 switch to &NaiveActor::HandlerNormal
I1014 10:53:23.133080 13773 runtime_context.cpp:29] DecreaseCounter constructing_actor_cnt, current val is 615
I1014 10:53:23.133081 13757 thread.cpp:96] Thread 524337 construct Actor kTick 1099614388274
I1014 10:53:23.133200 13757 runtime_context.cpp:29] DecreaseCounter constructing_actor_cnt, current val is 614
I1014 10:53:23.133301 13767 naive_actor.cpp:25] actor 2199023255569 switch to &NaiveActor::HandlerNormal
I1014 10:53:23.133354 13767 thread.cpp:96] Thread 1048576 construct Actor kNormalForward 2199023255569
I1014 10:53:23.133427 13767 runtime_context.cpp:29] DecreaseCounter constructing_actor_cnt, current val is 613
I1014 10:53:23.133636 13757 naive_actor.cpp:25] actor 1099614388276 switch to &NaiveActor::HandlerNormal
I1014 10:53:23.133688 13757 thread.cpp:96] Thread 524337 construct Actor kDeviceTick 1099614388276
I1014 10:53:23.133771 13757 runtime_context.cpp:29] DecreaseCounter constructing_actor_cnt, current val is 612
I1014 10:53:23.133877 13767 naive_actor.cpp:25] actor 2199023255576 switch to &NaiveActor::HandlerNormal
I1014 10:53:23.133929 13767 thread.cpp:96] Thread 1048576 construct Actor kNormalForward 2199023255576
I1014 10:53:23.134009 13767 runtime_context.cpp:29] DecreaseCounter constructing_actor_cnt, current val is 611
I1014 10:53:23.134183 13757 naive_actor.cpp:25] actor 1099614388275 switch to &NaiveActor::HandlerNormal
I1014 10:53:23.134235 13757 thread.cpp:96] Thread 524337 construct Actor kDeviceTick 1099614388275
I1014 10:53:23.134291 13773 naive_actor.cpp:25] actor 2207613190169 switch to &NaiveActor::HandlerNormal
I1014 10:53:23.134317 13757 runtime_context.cpp:29] DecreaseCounter constructing_actor_cnt, current val is 610
I1014 10:53:23.134344 13773 thread.cpp:96] Thread 1052672 construct Actor kNormalForward 2207613190169
I1014 10:53:23.134464 13773 runtime_context.cpp:29] DecreaseCounter constructing_actor_cnt, current val is 609
I1014 10:53:23.134815 13757 naive_actor.cpp:25] actor 1099614388277 switch to &NaiveActor::HandlerNormal
I1014 10:53:23.134868 13757 thread.cpp:96] Thread 524337 construct Actor kSrcSubsetTick 1099614388277
I1014 10:53:23.134944 13757 runtime_context.cpp:29] DecreaseCounter constructing_actor_cnt, current val is 608
I1014 10:53:23.135254 13767 naive_actor.cpp:25] actor 2199023255563 switch to &NaiveActor::HandlerNormal
I1014 10:53:23.135309 13767 thread.cpp:96] Thread 1048576 construct Actor kNormalForward 2199023255563
I1014 10:53:23.135346 13757 naive_actor.cpp:25] actor 1099614388332 switch to &NaiveActor::HandlerNormal
I1014 10:53:23.135391 13767 runtime_context.cpp:29] DecreaseCounter constructing_actor_cnt, current val is 607
I1014 10:53:23.135399 13757 thread.cpp:96] Thread 524337 construct Actor kTick 1099614388332
I1014 10:53:23.135514 13757 runtime_context.cpp:29] DecreaseCounter constructing_actor_cnt, current val is 606
I1014 10:53:23.135560 13773 naive_actor.cpp:25] actor 2207613190178 switch to &NaiveActor::HandlerNormal
I1014 10:53:23.135622 13773 thread.cpp:96] Thread 1052672 construct Actor kNormalForward 2207613190178
I1014 10:53:23.135705 13773 runtime_context.cpp:29] DecreaseCounter constructing_actor_cnt, current val is 605
I1014 10:53:23.135910 13757 naive_actor.cpp:25] actor 1099614388292 switch to &NaiveActor::HandlerNormal
I1014 10:53:23.135962 13757 thread.cpp:96] Thread 524337 construct Actor kTick 1099614388292
I1014 10:53:23.136025 13757 runtime_context.cpp:29] DecreaseCounter constructing_actor_cnt, current val is 604
I1014 10:53:23.136477 13757 naive_actor.cpp:25] actor 1099614388281 switch to &NaiveActor::HandlerNormal
I1014 10:53:23.136487 13767 naive_actor.cpp:25] actor 2199023255579 switch to &NaiveActor::HandlerNormal
I1014 10:53:23.136530 13757 thread.cpp:96] Thread 524337 construct Actor kDstSubsetTick 1099614388281
I1014 10:53:23.136623 13767 thread.cpp:96] Thread 1048576 construct Actor kNormalForward 2199023255579
I1014 10:53:23.136693 13757 runtime_context.cpp:29] DecreaseCounter constructing_actor_cnt, current val is 603
I1014 10:53:23.136746 13767 runtime_context.cpp:29] DecreaseCounter constructing_actor_cnt, current val is 602
I1014 10:53:23.136806 13773 naive_actor.cpp:25] actor 2207613190157 switch to &NaiveActor::HandlerNormal
I1014 10:53:23.136855 13773 thread.cpp:96] Thread 1052672 construct Actor kNormalForward 2207613190157
I1014 10:53:23.136930 13773 runtime_context.cpp:29] DecreaseCounter constructing_actor_cnt, current val is 601
I1014 10:53:23.137112 13757 naive_actor.cpp:25] actor 1099614388283 switch to &NaiveActor::HandlerNormal
I1014 10:53:23.137159 13757 thread.cpp:96] Thread 524337 construct Actor kTick 1099614388283
I1014 10:53:23.137230 13757 runtime_context.cpp:29] DecreaseCounter constructing_actor_cnt, current val is 600
I1014 10:53:23.137578 13757 naive_actor.cpp:25] actor 1099614388282 switch to &NaiveActor::HandlerNormal
I1014 10:53:23.137635 13757 thread.cpp:96] Thread 524337 construct Actor kTick 1099614388282
I1014 10:53:23.137710 13757 runtime_context.cpp:29] DecreaseCounter constructing_actor_cnt, current val is 599
I1014 10:53:23.137820 13767 naive_actor.cpp:25] actor 2199023255603 switch to &NaiveActor::HandlerNormal
I1014 10:53:23.137872 13767 thread.cpp:96] Thread 1048576 construct Actor kNormalForward 2199023255603
I1014 10:53:23.137894 13773 naive_actor.cpp:25] actor 2207613190167 switch to &NaiveActor::HandlerNormal
I1014 10:53:23.137939 13773 thread.cpp:96] Thread 1052672 construct Actor kNormalForward 2207613190167
I1014 10:53:23.137949 13767 runtime_context.cpp:29] DecreaseCounter constructing_actor_cnt, current val is 598
I1014 10:53:23.138041 13773 runtime_context.cpp:29] DecreaseCounter constructing_actor_cnt, current val is 597
I1014 10:53:23.138082 13757 naive_actor.cpp:25] actor 1099614388294 switch to &NaiveActor::HandlerNormal
I1014 10:53:23.138128 13757 thread.cpp:96] Thread 524337 construct Actor kTick 1099614388294
I1014 10:53:23.138196 13757 runtime_context.cpp:29] DecreaseCounter constructing_actor_cnt, current val is 596
I1014 10:53:23.138561 13757 naive_actor.cpp:25] actor 1099614388285 switch to &NaiveActor::HandlerNormal
I1014 10:53:23.138609 13757 thread.cpp:96] Thread 524337 construct Actor kTick 1099614388285
I1014 10:53:23.138676 13757 runtime_context.cpp:29] DecreaseCounter constructing_actor_cnt, current val is 595
I1014 10:53:23.138720 13773 naive_actor.cpp:25] actor 2207613190191 switch to &NaiveActor::HandlerNormal
I1014 10:53:23.138777 13773 thread.cpp:96] Thread 1052672 construct Actor kNormalForward 2207613190191
I1014 10:53:23.138862 13773 runtime_context.cpp:29] DecreaseCounter constructing_actor_cnt, current val is 594
I1014 10:53:23.139014 13767 naive_actor.cpp:25] actor 2199023255582 switch to &NaiveActor::HandlerNormal
I1014 10:53:23.139014 13757 naive_actor.cpp:25] actor 1099614388284 switch to &NaiveActor::HandlerNormal
I1014 10:53:23.139072 13767 thread.cpp:96] Thread 1048576 construct Actor kNormalForward 2199023255582
I1014 10:53:23.139114 13757 thread.cpp:96] Thread 524337 construct Actor kTick 1099614388284
I1014 10:53:23.139194 13767 runtime_context.cpp:29] DecreaseCounter constructing_actor_cnt, current val is 593
I1014 10:53:23.139212 13757 runtime_context.cpp:29] DecreaseCounter constructing_actor_cnt, current val is 592
I1014 10:53:23.139583 13757 naive_actor.cpp:25] actor 1099614388288 switch to &NaiveActor::HandlerNormal
I1014 10:53:23.139632 13757 thread.cpp:96] Thread 524337 construct Actor kTick 1099614388288
I1014 10:53:23.139699 13757 runtime_context.cpp:29] DecreaseCounter constructing_actor_cnt, current val is 591
I1014 10:53:23.140054 13757 naive_actor.cpp:25] actor 1099614388290 switch to &NaiveActor::HandlerNormal
I1014 10:53:23.140098 13757 thread.cpp:96] Thread 524337 construct Actor kSrcSubsetTick 1099614388290
I1014 10:53:23.140149 13773 naive_actor.cpp:25] actor 2207613190146 switch to &NaiveActor::HandlerNormal
I1014 10:53:23.140166 13767 naive_actor.cpp:25] actor 2199023255586 switch to &NaiveActor::HandlerNormal
I1014 10:53:23.140214 13773 thread.cpp:96] Thread 1052672 construct Actor kNormalForward 2207613190146
I1014 10:53:23.140197 13757 runtime_context.cpp:29] DecreaseCounter constructing_actor_cnt, current val is 590
I1014 10:53:23.140264 13767 thread.cpp:96] Thread 1048576 construct Actor kNormalForward 2199023255586
I1014 10:53:23.140348 13773 runtime_context.cpp:29] DecreaseCounter constructing_actor_cnt, current val is 589
I1014 10:53:23.140415 13767 runtime_context.cpp:29] DecreaseCounter constructing_actor_cnt, current val is 588
I1014 10:53:23.140708 13757 naive_actor.cpp:25] actor 1099614388293 switch to &NaiveActor::HandlerNormal
I1014 10:53:23.140761 13757 thread.cpp:96] Thread 524337 construct Actor kDstSubsetTick 1099614388293
I1014 10:53:23.140828 13757 runtime_context.cpp:29] DecreaseCounter constructing_actor_cnt, current val is 587
I1014 10:53:23.141186 13757 naive_actor.cpp:25] actor 1099614388295 switch to &NaiveActor::HandlerNormal
I1014 10:53:23.141232 13757 thread.cpp:96] Thread 524337 construct Actor kTick 1099614388295
I1014 10:53:23.141299 13757 runtime_context.cpp:29] DecreaseCounter constructing_actor_cnt, current val is 586
I1014 10:53:23.141350 13773 naive_actor.cpp:25] actor 2207613190172 switch to &NaiveActor::HandlerNormal
I1014 10:53:23.141404 13773 thread.cpp:96] Thread 1052672 construct Actor kNormalForward 2207613190172
I1014 10:53:23.141405 13767 naive_actor.cpp:25] actor 2199023255584 switch to &NaiveActor::HandlerNormal
I1014 10:53:23.141496 13767 thread.cpp:96] Thread 1048576 construct Actor kNormalForward 2199023255584
I1014 10:53:23.141501 13773 runtime_context.cpp:29] DecreaseCounter constructing_actor_cnt, current val is 585
I1014 10:53:23.141609 13767 runtime_context.cpp:29] DecreaseCounter constructing_actor_cnt, current val is 584
I1014 10:53:23.141659 13757 naive_actor.cpp:25] actor 1099614388280 switch to &NaiveActor::HandlerNormal
I1014 10:53:23.141707 13757 thread.cpp:96] Thread 524337 construct Actor kTick 1099614388280
I1014 10:53:23.141775 13757 runtime_context.cpp:29] DecreaseCounter constructing_actor_cnt, current val is 583
I1014 10:53:23.141940 13773 naive_actor.cpp:25] actor 2207613190170 switch to &NaiveActor::HandlerNormal
I1014 10:53:23.141990 13773 thread.cpp:96] Thread 1052672 construct Actor kNormalForward 2207613190170
I1014 10:53:23.142066 13757 naive_actor.cpp:25] actor 1099614388299 switch to &NaiveActor::HandlerNormal
I1014 10:53:23.142069 13773 runtime_context.cpp:29] DecreaseCounter constructing_actor_cnt, current val is 582
I1014 10:53:23.142117 13757 thread.cpp:96] Thread 524337 construct Actor kTick 1099614388299
I1014 10:53:23.142210 13757 runtime_context.cpp:29] DecreaseCounter constructing_actor_cnt, current val is 581
I1014 10:53:23.142421 13767 naive_actor.cpp:25] actor 2199023255608 switch to &NaiveActor::HandlerNormal
I1014 10:53:23.142472 13767 thread.cpp:96] Thread 1048576 construct Actor kNormalForward 2199023255608
I1014 10:53:23.142529 13773 naive_actor.cpp:25] actor 2207613190168 switch to &NaiveActor::HandlerNormal
I1014 10:53:23.142544 13767 runtime_context.cpp:29] DecreaseCounter constructing_actor_cnt, current val is 580
I1014 10:53:23.142580 13773 thread.cpp:96] Thread 1052672 construct Actor kNormalForward 2207613190168
I1014 10:53:23.142589 13757 naive_actor.cpp:25] actor 1099614388313 switch to &NaiveActor::HandlerNormal
I1014 10:53:23.142699 13757 thread.cpp:96] Thread 524337 construct Actor kTick 1099614388313
I1014 10:53:23.142714 13773 runtime_context.cpp:29] DecreaseCounter constructing_actor_cnt, current val is 579
I1014 10:53:23.142767 13757 runtime_context.cpp:29] DecreaseCounter constructing_actor_cnt, current val is 578
I1014 10:53:23.143133 13757 naive_actor.cpp:25] actor 1099614388303 switch to &NaiveActor::HandlerNormal
I1014 10:53:23.143185 13757 thread.cpp:96] Thread 524337 construct Actor kTick 1099614388303
I1014 10:53:23.143301 13757 runtime_context.cpp:29] DecreaseCounter constructing_actor_cnt, current val is 577
I1014 10:53:23.143712 13767 naive_actor.cpp:25] actor 2199023255629 switch to &NaiveActor::HandlerNormal
I1014 10:53:23.143713 13757 naive_actor.cpp:25] actor 1099614388311 switch to &NaiveActor::HandlerNormal
I1014 10:53:23.143780 13767 thread.cpp:96] Thread 1048576 construct Actor kNormalForward 2199023255629
I1014 10:53:23.143831 13757 thread.cpp:96] Thread 524337 construct Actor kTick 1099614388311
I1014 10:53:23.143905 13767 runtime_context.cpp:29] DecreaseCounter constructing_actor_cnt, current val is 576
I1014 10:53:23.143954 13757 runtime_context.cpp:29] DecreaseCounter constructing_actor_cnt, current val is 575
I1014 10:53:23.144205 13773 naive_actor.cpp:25] actor 2207613190166 switch to &NaiveActor::HandlerNormal
I1014 10:53:23.144260 13773 thread.cpp:96] Thread 1052672 construct Actor kNormalForward 2207613190166
I1014 10:53:23.144343 13773 runtime_context.cpp:29] DecreaseCounter constructing_actor_cnt, current val is 574
I1014 10:53:23.144438 13757 naive_actor.cpp:25] actor 1099614388309 switch to &NaiveActor::HandlerNormal
I1014 10:53:23.144487 13757 thread.cpp:96] Thread 524337 construct Actor kTick 1099614388309
I1014 10:53:23.144562 13757 runtime_context.cpp:29] DecreaseCounter constructing_actor_cnt, current val is 573
I1014 10:53:23.144960 13757 naive_actor.cpp:25] actor 1099614388305 switch to &NaiveActor::HandlerNormal
I1014 10:53:23.145013 13757 thread.cpp:96] Thread 524337 construct Actor kTick 1099614388305
I1014 10:53:23.145083 13757 runtime_context.cpp:29] DecreaseCounter constructing_actor_cnt, current val is 572
I1014 10:53:23.145467 13757 naive_actor.cpp:25] actor 1099614388302 switch to &NaiveActor::HandlerNormal
I1014 10:53:23.145512 13757 thread.cpp:96] Thread 524337 construct Actor kTick 1099614388302
I1014 10:53:23.145586 13757 runtime_context.cpp:29] DecreaseCounter constructing_actor_cnt, current val is 571
I1014 10:53:23.145620 13773 naive_actor.cpp:25] actor 2207613190183 switch to &NaiveActor::HandlerNormal
I1014 10:53:23.145654 13773 thread.cpp:96] Thread 1052672 construct Actor kNormalForward 2207613190183
I1014 10:53:23.145658 13767 naive_actor.cpp:25] actor 2199023255609 switch to &NaiveActor::HandlerNormal
I1014 10:53:23.145743 13767 thread.cpp:96] Thread 1048576 construct Actor kNormalForward 2199023255609
I1014 10:53:23.145746 13773 runtime_context.cpp:29] DecreaseCounter constructing_actor_cnt, current val is 570
I1014 10:53:23.145828 13767 runtime_context.cpp:29] DecreaseCounter constructing_actor_cnt, current val is 569
I1014 10:53:23.145989 13757 naive_actor.cpp:25] actor 1099614388304 switch to &NaiveActor::HandlerNormal
I1014 10:53:23.146042 13757 thread.cpp:96] Thread 524337 construct Actor kTick 1099614388304
I1014 10:53:23.146133 13757 runtime_context.cpp:29] DecreaseCounter constructing_actor_cnt, current val is 568
I1014 10:53:23.146176 13773 naive_actor.cpp:25] actor 2207613190184 switch to &NaiveActor::HandlerNormal
I1014 10:53:23.146226 13773 thread.cpp:96] Thread 1052672 construct Actor kNormalForward 2207613190184
I1014 10:53:23.146312 13773 runtime_context.cpp:29] DecreaseCounter constructing_actor_cnt, current val is 567
I1014 10:53:23.146556 13757 naive_actor.cpp:25] actor 1099614388300 switch to &NaiveActor::HandlerNormal
I1014 10:53:23.146611 13757 thread.cpp:96] Thread 524337 construct Actor kTick 1099614388300
I1014 10:53:23.146673 13757 runtime_context.cpp:29] DecreaseCounter constructing_actor_cnt, current val is 566
I1014 10:53:23.146930 13767 naive_actor.cpp:25] actor 2199023255572 switch to &NaiveActor::HandlerNormal
I1014 10:53:23.146984 13767 thread.cpp:96] Thread 1048576 construct Actor kNormalForward 2199023255572
I1014 10:53:23.147068 13757 naive_actor.cpp:25] actor 1099614388310 switch to &NaiveActor::HandlerNormal
I1014 10:53:23.147069 13767 runtime_context.cpp:29] DecreaseCounter constructing_actor_cnt, current val is 565
I1014 10:53:23.147132 13757 thread.cpp:96] Thread 524337 construct Actor kTick 1099614388310
I1014 10:53:23.147302 13757 runtime_context.cpp:29] DecreaseCounter constructing_actor_cnt, current val is 564
I1014 10:53:23.147586 13773 naive_actor.cpp:25] actor 2207613190207 switch to &NaiveActor::HandlerNormal
I1014 10:53:23.147641 13773 thread.cpp:96] Thread 1052672 construct Actor kNormalForward 2207613190207
I1014 10:53:23.147646 13757 naive_actor.cpp:25] actor 1099614388298 switch to &NaiveActor::HandlerNormal
I1014 10:53:23.147714 13757 thread.cpp:96] Thread 524337 construct Actor kTick 1099614388298
I1014 10:53:23.147722 13773 runtime_context.cpp:29] DecreaseCounter constructing_actor_cnt, current val is 563
I1014 10:53:23.147774 13757 runtime_context.cpp:29] DecreaseCounter constructing_actor_cnt, current val is 562
I1014 10:53:23.147943 13767 naive_actor.cpp:25] actor 2199023255580 switch to &NaiveActor::HandlerNormal
I1014 10:53:23.147995 13767 thread.cpp:96] Thread 1048576 construct Actor kNormalForward 2199023255580
I1014 10:53:23.148068 13767 runtime_context.cpp:29] DecreaseCounter constructing_actor_cnt, current val is 561
I1014 10:53:23.148106 13757 naive_actor.cpp:25] actor 1099614388316 switch to &NaiveActor::HandlerNormal
I1014 10:53:23.148159 13757 thread.cpp:96] Thread 524337 construct Actor kTick 1099614388316
I1014 10:53:23.148228 13757 runtime_context.cpp:29] DecreaseCounter constructing_actor_cnt, current val is 560
I1014 10:53:23.148559 13757 naive_actor.cpp:25] actor 1099614388312 switch to &NaiveActor::HandlerNormal
I1014 10:53:23.148615 13757 thread.cpp:96] Thread 524337 construct Actor kTick 1099614388312
I1014 10:53:23.148681 13757 runtime_context.cpp:29] DecreaseCounter constructing_actor_cnt, current val is 559
I1014 10:53:23.148854 13773 naive_actor.cpp:25] actor 2207613190208 switch to &NaiveActor::HandlerNormal
I1014 10:53:23.148900 13767 naive_actor.cpp:25] actor 2199023255566 switch to &NaiveActor::HandlerNormal
I1014 10:53:23.148912 13773 thread.cpp:96] Thread 1052672 construct Actor kNormalForward 2207613190208
I1014 10:53:23.148950 13767 thread.cpp:96] Thread 1048576 construct Actor kNormalForward 2199023255566
I1014 10:53:23.149024 13773 runtime_context.cpp:29] DecreaseCounter constructing_actor_cnt, current val is 558
I1014 10:53:23.149029 13757 naive_actor.cpp:25] actor 1099614388306 switch to &NaiveActor::HandlerNormal
I1014 10:53:23.149050 13767 runtime_context.cpp:29] DecreaseCounter constructing_actor_cnt, current val is 557
I1014 10:53:23.149106 13757 thread.cpp:96] Thread 524337 construct Actor kTick 1099614388306
I1014 10:53:23.149232 13757 runtime_context.cpp:29] DecreaseCounter constructing_actor_cnt, current val is 556
I1014 10:53:23.149719 13757 naive_actor.cpp:25] actor 1099614388308 switch to &NaiveActor::HandlerNormal
I1014 10:53:23.149771 13757 thread.cpp:96] Thread 524337 construct Actor kTick 1099614388308
I1014 10:53:23.149843 13757 runtime_context.cpp:29] DecreaseCounter constructing_actor_cnt, current val is 555
I1014 10:53:23.150022 13773 naive_actor.cpp:25] actor 2207613190206 switch to &NaiveActor::HandlerNormal
I1014 10:53:23.150075 13773 thread.cpp:96] Thread 1052672 construct Actor kNormalForward 2207613190206
I1014 10:53:23.150146 13773 runtime_context.cpp:29] DecreaseCounter constructing_actor_cnt, current val is 554
I1014 10:53:23.150158 13767 naive_actor.cpp:25] actor 2199023255632 switch to &NaiveActor::HandlerNormal
I1014 10:53:23.150231 13767 thread.cpp:96] Thread 1048576 construct Actor kNormalForward 2199023255632
I1014 10:53:23.150244 13757 naive_actor.cpp:25] actor 1099614388307 switch to &NaiveActor::HandlerNormal
I1014 10:53:23.150300 13757 thread.cpp:96] Thread 524337 construct Actor kTick 1099614388307
I1014 10:53:23.150311 13767 runtime_context.cpp:29] DecreaseCounter constructing_actor_cnt, current val is 553
I1014 10:53:23.150368 13757 runtime_context.cpp:29] DecreaseCounter constructing_actor_cnt, current val is 552
I1014 10:53:23.150692 13767 naive_actor.cpp:25] actor 2199023255613 switch to &NaiveActor::HandlerNormal
I1014 10:53:23.150741 13767 thread.cpp:96] Thread 1048576 construct Actor kNormalForward 2199023255613
I1014 10:53:23.150763 13757 naive_actor.cpp:25] actor 1099614388315 switch to &NaiveActor::HandlerNormal
I1014 10:53:23.150846 13767 runtime_context.cpp:29] DecreaseCounter constructing_actor_cnt, current val is 551
I1014 10:53:23.150854 13757 thread.cpp:96] Thread 524337 construct Actor kTick 1099614388315
I1014 10:53:23.151008 13757 runtime_context.cpp:29] DecreaseCounter constructing_actor_cnt, current val is 550
I1014 10:53:23.151194 13773 naive_actor.cpp:25] actor 2207613190215 switch to &NaiveActor::HandlerNormal
I1014 10:53:23.151242 13773 thread.cpp:96] Thread 1052672 construct Actor kNormalForward 2207613190215
I1014 10:53:23.151324 13773 runtime_context.cpp:29] DecreaseCounter constructing_actor_cnt, current val is 549
I1014 10:53:23.151440 13757 naive_actor.cpp:25] actor 1099614388314 switch to &NaiveActor::HandlerNormal
I1014 10:53:23.151494 13757 thread.cpp:96] Thread 524337 construct Actor kTick 1099614388314
I1014 10:53:23.151600 13757 runtime_context.cpp:29] DecreaseCounter constructing_actor_cnt, current val is 548
I1014 10:53:23.151938 13757 naive_actor.cpp:25] actor 1099614388319 switch to &NaiveActor::HandlerNormal
I1014 10:53:23.151984 13757 thread.cpp:96] Thread 524337 construct Actor kTick 1099614388319
I1014 10:53:23.152019 13767 naive_actor.cpp:25] actor 2199023255598 switch to &NaiveActor::HandlerNormal
I1014 10:53:23.152045 13757 runtime_context.cpp:29] DecreaseCounter constructing_actor_cnt, current val is 547
I1014 10:53:23.152071 13767 thread.cpp:96] Thread 1048576 construct Actor kNormalForward 2199023255598
I1014 10:53:23.152199 13767 runtime_context.cpp:29] DecreaseCounter constructing_actor_cnt, current val is 546
I1014 10:53:23.152324 13773 naive_actor.cpp:25] actor 2207613190239 switch to &NaiveActor::HandlerNormal
I1014 10:53:23.152372 13773 thread.cpp:96] Thread 1052672 construct Actor kNormalForward 2207613190239
I1014 10:53:23.152456 13757 naive_actor.cpp:25] actor 1099614388320 switch to &NaiveActor::HandlerNormal
I1014 10:53:23.152456 13773 runtime_context.cpp:29] DecreaseCounter constructing_actor_cnt, current val is 545
I1014 10:53:23.152515 13757 thread.cpp:96] Thread 524337 construct Actor kTick 1099614388320
I1014 10:53:23.152634 13757 runtime_context.cpp:29] DecreaseCounter constructing_actor_cnt, current val is 544
I1014 10:53:23.153131 13757 reentrant_lock_actor.cpp:76] actor 1099614388296 switch to &ReentrantLockActor::HandlerNormal
I1014 10:53:23.153148 13767 naive_actor.cpp:25] actor 2199023255605 switch to &NaiveActor::HandlerNormal
I1014 10:53:23.153182 13757 thread.cpp:96] Thread 524337 construct Actor kReentrantLock 1099614388296
I1014 10:53:23.153225 13767 thread.cpp:96] Thread 1048576 construct Actor kNormalForward 2199023255605
I1014 10:53:23.153296 13757 runtime_context.cpp:29] DecreaseCounter constructing_actor_cnt, current val is 543
I1014 10:53:23.153337 13767 runtime_context.cpp:29] DecreaseCounter constructing_actor_cnt, current val is 542
I1014 10:53:23.153532 13773 naive_actor.cpp:25] actor 2207613190204 switch to &NaiveActor::HandlerNormal
I1014 10:53:23.153595 13773 thread.cpp:96] Thread 1052672 construct Actor kNormalForward 2207613190204
I1014 10:53:23.153677 13773 runtime_context.cpp:29] DecreaseCounter constructing_actor_cnt, current val is 541
I1014 10:53:23.153687 13757 naive_actor.cpp:25] actor 1099614388322 switch to &NaiveActor::HandlerNormal
I1014 10:53:23.153754 13757 thread.cpp:96] Thread 524337 construct Actor kTick 1099614388322
I1014 10:53:23.153836 13757 runtime_context.cpp:29] DecreaseCounter constructing_actor_cnt, current val is 540
I1014 10:53:23.154196 13757 naive_actor.cpp:25] actor 1099614388318 switch to &NaiveActor::HandlerNormal
I1014 10:53:23.154242 13757 thread.cpp:96] Thread 524337 construct Actor kTick 1099614388318
I1014 10:53:23.154301 13767 naive_actor.cpp:25] actor 2199023255615 switch to &NaiveActor::HandlerNormal
I1014 10:53:23.154304 13757 runtime_context.cpp:29] DecreaseCounter constructing_actor_cnt, current val is 539
I1014 10:53:23.154357 13767 thread.cpp:96] Thread 1048576 construct Actor kNormalForward 2199023255615
I1014 10:53:23.154515 13767 runtime_context.cpp:29] DecreaseCounter constructing_actor_cnt, current val is 538
I1014 10:53:23.154769 13757 naive_actor.cpp:25] actor 1099614388328 switch to &NaiveActor::HandlerNormal
I1014 10:53:23.154795 13773 naive_actor.cpp:25] actor 2207613190220 switch to &NaiveActor::HandlerNormal
I1014 10:53:23.154831 13757 thread.cpp:96] Thread 524337 construct Actor kTick 1099614388328
I1014 10:53:23.154871 13773 thread.cpp:96] Thread 1052672 construct Actor kNormalForward 2207613190220
I1014 10:53:23.154938 13757 runtime_context.cpp:29] DecreaseCounter constructing_actor_cnt, current val is 537
I1014 10:53:23.154973 13773 runtime_context.cpp:29] DecreaseCounter constructing_actor_cnt, current val is 536
I1014 10:53:23.154975 13767 naive_actor.cpp:25] actor 2199023255583 switch to &NaiveActor::HandlerNormal
I1014 10:53:23.155054 13767 thread.cpp:96] Thread 1048576 construct Actor kNormalForward 2199023255583
I1014 10:53:23.155126 13767 runtime_context.cpp:29] DecreaseCounter constructing_actor_cnt, current val is 535
I1014 10:53:23.155766 13757 case_actor.cpp:76] actor 1099614388297 switch to &CaseActor::HandlerNormal
I1014 10:53:23.155819 13757 thread.cpp:96] Thread 524337 construct Actor kCase 1099614388297
I1014 10:53:23.155925 13757 runtime_context.cpp:29] DecreaseCounter constructing_actor_cnt, current val is 534
I1014 10:53:23.155972 13767 naive_actor.cpp:25] actor 2199023255573 switch to &NaiveActor::HandlerNormal
I1014 10:53:23.155980 13773 naive_actor.cpp:25] actor 2207613190195 switch to &NaiveActor::HandlerNormal
I1014 10:53:23.156024 13767 thread.cpp:96] Thread 1048576 construct Actor kNormalForward 2199023255573
I1014 10:53:23.156065 13773 thread.cpp:96] Thread 1052672 construct Actor kNormalForward 2207613190195
I1014 10:53:23.156142 13767 runtime_context.cpp:29] DecreaseCounter constructing_actor_cnt, current val is 533
I1014 10:53:23.156170 13773 runtime_context.cpp:29] DecreaseCounter constructing_actor_cnt, current val is 532
I1014 10:53:23.156318 13757 naive_actor.cpp:25] actor 1099614388301 switch to &NaiveActor::HandlerNormal
I1014 10:53:23.156368 13757 thread.cpp:96] Thread 524337 construct Actor kTick 1099614388301
I1014 10:53:23.156440 13757 runtime_context.cpp:29] DecreaseCounter constructing_actor_cnt, current val is 531
I1014 10:53:23.156491 13767 naive_actor.cpp:25] actor 2199023255597 switch to &NaiveActor::HandlerNormal
I1014 10:53:23.156538 13767 thread.cpp:96] Thread 1048576 construct Actor kNormalForward 2199023255597
I1014 10:53:23.156625 13767 runtime_context.cpp:29] DecreaseCounter constructing_actor_cnt, current val is 530
I1014 10:53:23.156814 13757 naive_actor.cpp:25] actor 1099614388321 switch to &NaiveActor::HandlerNormal
I1014 10:53:23.156863 13757 thread.cpp:96] Thread 524337 construct Actor kTick 1099614388321
I1014 10:53:23.156934 13757 runtime_context.cpp:29] DecreaseCounter constructing_actor_cnt, current val is 529
I1014 10:53:23.156972 13773 naive_actor.cpp:25] actor 2207613190165 switch to &NaiveActor::HandlerNormal
I1014 10:53:23.157016 13773 thread.cpp:96] Thread 1052672 construct Actor kNormalForward 2207613190165
I1014 10:53:23.157083 13773 runtime_context.cpp:29] DecreaseCounter constructing_actor_cnt, current val is 528
I1014 10:53:23.157316 13757 naive_actor.cpp:25] actor 1099614388324 switch to &NaiveActor::HandlerNormal
I1014 10:53:23.157369 13757 thread.cpp:96] Thread 524337 construct Actor kTick 1099614388324
I1014 10:53:23.157447 13757 runtime_context.cpp:29] DecreaseCounter constructing_actor_cnt, current val is 527
I1014 10:53:23.157588 13767 naive_actor.cpp:25] actor 2199023255575 switch to &NaiveActor::HandlerNormal
I1014 10:53:23.157639 13767 thread.cpp:96] Thread 1048576 construct Actor kNormalForward 2199023255575
I1014 10:53:23.157719 13767 runtime_context.cpp:29] DecreaseCounter constructing_actor_cnt, current val is 526
I1014 10:53:23.157811 13757 naive_actor.cpp:25] actor 1099614388331 switch to &NaiveActor::HandlerNormal
I1014 10:53:23.157864 13757 thread.cpp:96] Thread 524337 construct Actor kTick 1099614388331
I1014 10:53:23.158003 13757 runtime_context.cpp:29] DecreaseCounter constructing_actor_cnt, current val is 525
I1014 10:53:23.158027 13773 naive_actor.cpp:25] actor 2207613190221 switch to &NaiveActor::HandlerNormal
I1014 10:53:23.158085 13773 thread.cpp:96] Thread 1052672 construct Actor kNormalForward 2207613190221
I1014 10:53:23.158165 13773 runtime_context.cpp:29] DecreaseCounter constructing_actor_cnt, current val is 524
I1014 10:53:23.158377 13757 naive_actor.cpp:25] actor 1099614388323 switch to &NaiveActor::HandlerNormal
I1014 10:53:23.158427 13757 thread.cpp:96] Thread 524337 construct Actor kTick 1099614388323
I1014 10:53:23.158501 13757 runtime_context.cpp:29] DecreaseCounter constructing_actor_cnt, current val is 523
I1014 10:53:23.158653 13767 naive_actor.cpp:25] actor 2199023255593 switch to &NaiveActor::HandlerNormal
I1014 10:53:23.158701 13767 thread.cpp:96] Thread 1048576 construct Actor kNormalForward 2199023255593
I1014 10:53:23.158782 13767 runtime_context.cpp:29] DecreaseCounter constructing_actor_cnt, current val is 522
I1014 10:53:23.158901 13757 naive_actor.cpp:25] actor 1099614388317 switch to &NaiveActor::HandlerNormal
I1014 10:53:23.158953 13757 thread.cpp:96] Thread 524337 construct Actor kTick 1099614388317
I1014 10:53:23.159031 13757 runtime_context.cpp:29] DecreaseCounter constructing_actor_cnt, current val is 521
I1014 10:53:23.159193 13773 naive_actor.cpp:25] actor 2207613190245 switch to &NaiveActor::HandlerNormal
I1014 10:53:23.159238 13773 thread.cpp:96] Thread 1052672 construct Actor kNormalForward 2207613190245
I1014 10:53:23.159307 13773 runtime_context.cpp:29] DecreaseCounter constructing_actor_cnt, current val is 520
I1014 10:53:23.159430 13757 naive_actor.cpp:25] actor 1099614388333 switch to &NaiveActor::HandlerNormal
I1014 10:53:23.159477 13757 thread.cpp:96] Thread 524337 construct Actor kTick 1099614388333
I1014 10:53:23.159559 13757 runtime_context.cpp:29] DecreaseCounter constructing_actor_cnt, current val is 519
I1014 10:53:23.159705 13773 naive_actor.cpp:25] actor 2207613190163 switch to &NaiveActor::HandlerNormal
I1014 10:53:23.159752 13773 thread.cpp:96] Thread 1052672 construct Actor kNormalForward 2207613190163
I1014 10:53:23.159765 13767 naive_actor.cpp:25] actor 2199023255636 switch to &NaiveActor::HandlerNormal
I1014 10:53:23.159824 13773 runtime_context.cpp:29] DecreaseCounter constructing_actor_cnt, current val is 518
I1014 10:53:23.159832 13767 thread.cpp:96] Thread 1048576 construct Actor kNormalForward 2199023255636
I1014 10:53:23.159927 13767 runtime_context.cpp:29] DecreaseCounter constructing_actor_cnt, current val is 517
I1014 10:53:23.160090 13757 naive_actor.cpp:25] actor 1099614388327 switch to &NaiveActor::HandlerNormal
I1014 10:53:23.160140 13757 thread.cpp:96] Thread 524337 construct Actor kTick 1099614388327
I1014 10:53:23.160214 13757 runtime_context.cpp:29] DecreaseCounter constructing_actor_cnt, current val is 516
I1014 10:53:23.160733 13773 naive_actor.cpp:25] actor 2207613190193 switch to &NaiveActor::HandlerNormal
I1014 10:53:23.160800 13773 thread.cpp:96] Thread 1052672 construct Actor kNormalForward 2207613190193
I1014 10:53:23.160873 13773 runtime_context.cpp:29] DecreaseCounter constructing_actor_cnt, current val is 515
I1014 10:53:23.160995 13767 naive_actor.cpp:25] actor 2199023255610 switch to &NaiveActor::HandlerNormal
I1014 10:53:23.161047 13767 thread.cpp:96] Thread 1048576 construct Actor kNormalForward 2199023255610
I1014 10:53:23.161100 13767 runtime_context.cpp:29] DecreaseCounter constructing_actor_cnt, current val is 514
I1014 10:53:23.161837 13773 naive_actor.cpp:25] actor 2207613190225 switch to &NaiveActor::HandlerNormal
I1014 10:53:23.161890 13773 thread.cpp:96] Thread 1052672 construct Actor kNormalForward 2207613190225
I1014 10:53:23.161980 13773 runtime_context.cpp:29] DecreaseCounter constructing_actor_cnt, current val is 513
I1014 10:53:23.162436 13767 naive_actor.cpp:25] actor 2199023255627 switch to &NaiveActor::HandlerNormal
I1014 10:53:23.162478 13767 thread.cpp:96] Thread 1048576 construct Actor kNormalForward 2199023255627
I1014 10:53:23.162597 13767 runtime_context.cpp:29] DecreaseCounter constructing_actor_cnt, current val is 512
I1014 10:53:23.162878 13773 naive_actor.cpp:25] actor 2207613190202 switch to &NaiveActor::HandlerNormal
I1014 10:53:23.162927 13773 thread.cpp:96] Thread 1052672 construct Actor kNormalForward 2207613190202
I1014 10:53:23.162956 13767 naive_actor.cpp:25] actor 2199023255578 switch to &NaiveActor::HandlerNormal
I1014 10:53:23.162984 13773 runtime_context.cpp:29] DecreaseCounter constructing_actor_cnt, current val is 511
I1014 10:53:23.163007 13767 thread.cpp:96] Thread 1048576 construct Actor kNormalForward 2199023255578
I1014 10:53:23.163105 13767 runtime_context.cpp:29] DecreaseCounter constructing_actor_cnt, current val is 510
I1014 10:53:23.164017 13773 naive_actor.cpp:25] actor 2207613190151 switch to &NaiveActor::HandlerNormal
I1014 10:53:23.164068 13773 thread.cpp:96] Thread 1052672 construct Actor kNormalForward 2207613190151
I1014 10:53:23.164137 13773 runtime_context.cpp:29] DecreaseCounter constructing_actor_cnt, current val is 509
I1014 10:53:23.164382 13767 naive_actor.cpp:25] actor 2199023255602 switch to &NaiveActor::HandlerNormal
I1014 10:53:23.164433 13767 thread.cpp:96] Thread 1048576 construct Actor kNormalForward 2199023255602
I1014 10:53:23.164505 13767 runtime_context.cpp:29] DecreaseCounter constructing_actor_cnt, current val is 508
I1014 10:53:23.164973 13773 naive_actor.cpp:25] actor 2207613190217 switch to &NaiveActor::HandlerNormal
