I1013 15:32:29.130666 32522 thread.cpp:96] Thread 1048576 construct Actor kNormalForward 2199023255712
I1013 15:32:29.130702 32522 runtime_context.cpp:29] DecreaseCounter constructing_actor_cnt, current val is 95
I1013 15:32:29.130878 32522 naive_actor.cpp:25] actor 2199023255711 switch to &NaiveActor::HandlerNormal
I1013 15:32:29.130901 32522 thread.cpp:96] Thread 1048576 construct Actor kNormalForward 2199023255711
I1013 15:32:29.130936 32522 runtime_context.cpp:29] DecreaseCounter constructing_actor_cnt, current val is 94
I1013 15:32:29.131117 32522 naive_actor.cpp:25] actor 2199023255722 switch to &NaiveActor::HandlerNormal
I1013 15:32:29.131140 32522 thread.cpp:96] Thread 1048576 construct Actor kNormalForward 2199023255722
I1013 15:32:29.131175 32522 runtime_context.cpp:29] DecreaseCounter constructing_actor_cnt, current val is 93
I1013 15:32:29.131351 32522 naive_actor.cpp:25] actor 2199023255710 switch to &NaiveActor::HandlerNormal
I1013 15:32:29.131374 32522 thread.cpp:96] Thread 1048576 construct Actor kNormalForward 2199023255710
I1013 15:32:29.131409 32522 runtime_context.cpp:29] DecreaseCounter constructing_actor_cnt, current val is 92
I1013 15:32:29.131597 32522 naive_actor.cpp:25] actor 2199023255724 switch to &NaiveActor::HandlerNormal
I1013 15:32:29.131619 32522 thread.cpp:96] Thread 1048576 construct Actor kNormalForward 2199023255724
I1013 15:32:29.131655 32522 runtime_context.cpp:29] DecreaseCounter constructing_actor_cnt, current val is 91
I1013 15:32:29.131836 32522 naive_actor.cpp:25] actor 2199023255713 switch to &NaiveActor::HandlerNormal
I1013 15:32:29.131860 32522 thread.cpp:96] Thread 1048576 construct Actor kNormalForward 2199023255713
I1013 15:32:29.131896 32522 runtime_context.cpp:29] DecreaseCounter constructing_actor_cnt, current val is 90
I1013 15:32:29.132071 32522 naive_actor.cpp:25] actor 2199023255720 switch to &NaiveActor::HandlerNormal
I1013 15:32:29.132094 32522 thread.cpp:96] Thread 1048576 construct Actor kNormalForward 2199023255720
I1013 15:32:29.132129 32522 runtime_context.cpp:29] DecreaseCounter constructing_actor_cnt, current val is 89
I1013 15:32:29.132304 32522 naive_actor.cpp:25] actor 2199023255718 switch to &NaiveActor::HandlerNormal
I1013 15:32:29.132328 32522 thread.cpp:96] Thread 1048576 construct Actor kNormalForward 2199023255718
I1013 15:32:29.132362 32522 runtime_context.cpp:29] DecreaseCounter constructing_actor_cnt, current val is 88
I1013 15:32:29.132544 32522 naive_actor.cpp:25] actor 2199023255723 switch to &NaiveActor::HandlerNormal
I1013 15:32:29.132597 32522 thread.cpp:96] Thread 1048576 construct Actor kNormalForward 2199023255723
I1013 15:32:29.132640 32522 runtime_context.cpp:29] DecreaseCounter constructing_actor_cnt, current val is 87
I1013 15:32:29.132822 32522 naive_actor.cpp:25] actor 2199023255719 switch to &NaiveActor::HandlerNormal
I1013 15:32:29.132863 32522 thread.cpp:96] Thread 1048576 construct Actor kNormalForward 2199023255719
I1013 15:32:29.132903 32522 runtime_context.cpp:29] DecreaseCounter constructing_actor_cnt, current val is 86
I1013 15:32:29.133080 32522 naive_actor.cpp:25] actor 2199023255726 switch to &NaiveActor::HandlerNormal
I1013 15:32:29.133102 32522 thread.cpp:96] Thread 1048576 construct Actor kNormalForward 2199023255726
I1013 15:32:29.133138 32522 runtime_context.cpp:29] DecreaseCounter constructing_actor_cnt, current val is 85
I1013 15:32:29.133313 32522 naive_actor.cpp:25] actor 2199023255729 switch to &NaiveActor::HandlerNormal
I1013 15:32:29.133337 32522 thread.cpp:96] Thread 1048576 construct Actor kNormalForward 2199023255729
I1013 15:32:29.133373 32522 runtime_context.cpp:29] DecreaseCounter constructing_actor_cnt, current val is 84
I1013 15:32:29.133548 32522 naive_actor.cpp:25] actor 2199023255728 switch to &NaiveActor::HandlerNormal
I1013 15:32:29.133579 32522 thread.cpp:96] Thread 1048576 construct Actor kNormalForward 2199023255728
I1013 15:32:29.133616 32522 runtime_context.cpp:29] DecreaseCounter constructing_actor_cnt, current val is 83
I1013 15:32:29.133796 32522 naive_actor.cpp:25] actor 2199023255732 switch to &NaiveActor::HandlerNormal
I1013 15:32:29.133819 32522 thread.cpp:96] Thread 1048576 construct Actor kNormalForward 2199023255732
I1013 15:32:29.133855 32522 runtime_context.cpp:29] DecreaseCounter constructing_actor_cnt, current val is 82
I1013 15:32:29.134035 32522 naive_actor.cpp:25] actor 2199023255731 switch to &NaiveActor::HandlerNormal
I1013 15:32:29.134058 32522 thread.cpp:96] Thread 1048576 construct Actor kNormalForward 2199023255731
I1013 15:32:29.134093 32522 runtime_context.cpp:29] DecreaseCounter constructing_actor_cnt, current val is 81
I1013 15:32:29.134270 32522 naive_actor.cpp:25] actor 2199023255734 switch to &NaiveActor::HandlerNormal
I1013 15:32:29.134294 32522 thread.cpp:96] Thread 1048576 construct Actor kNormalForward 2199023255734
I1013 15:32:29.134328 32522 runtime_context.cpp:29] DecreaseCounter constructing_actor_cnt, current val is 80
I1013 15:32:29.134503 32522 naive_actor.cpp:25] actor 2199023255733 switch to &NaiveActor::HandlerNormal
I1013 15:32:29.134526 32522 thread.cpp:96] Thread 1048576 construct Actor kNormalForward 2199023255733
I1013 15:32:29.134562 32522 runtime_context.cpp:29] DecreaseCounter constructing_actor_cnt, current val is 79
I1013 15:32:29.134747 32522 naive_actor.cpp:25] actor 2199023255735 switch to &NaiveActor::HandlerNormal
I1013 15:32:29.134769 32522 thread.cpp:96] Thread 1048576 construct Actor kNormalForward 2199023255735
I1013 15:32:29.134804 32522 runtime_context.cpp:29] DecreaseCounter constructing_actor_cnt, current val is 78
I1013 15:32:29.135994 32522 naive_actor.cpp:25] actor 2199023255736 switch to &NaiveActor::HandlerNormal
I1013 15:32:29.136020 32522 thread.cpp:96] Thread 1048576 construct Actor kNormalForward 2199023255736
I1013 15:32:29.136122 32522 runtime_context.cpp:29] DecreaseCounter constructing_actor_cnt, current val is 77
I1013 15:32:29.136325 32522 naive_actor.cpp:25] actor 2199023255737 switch to &NaiveActor::HandlerNormal
I1013 15:32:29.136349 32522 thread.cpp:96] Thread 1048576 construct Actor kDeviceTick 2199023255737
I1013 15:32:29.136385 32522 runtime_context.cpp:29] DecreaseCounter constructing_actor_cnt, current val is 76
I1013 15:32:29.136584 32522 naive_actor.cpp:25] actor 2199023255749 switch to &NaiveActor::HandlerNormal
I1013 15:32:29.136607 32522 thread.cpp:96] Thread 1048576 construct Actor kNormalForward 2199023255749
I1013 15:32:29.136644 32522 runtime_context.cpp:29] DecreaseCounter constructing_actor_cnt, current val is 75
I1013 15:32:29.136829 32522 naive_actor.cpp:25] actor 2199023255748 switch to &NaiveActor::HandlerNormal
I1013 15:32:29.136876 32522 thread.cpp:96] Thread 1048576 construct Actor kNormalForward 2199023255748
I1013 15:32:29.136919 32522 runtime_context.cpp:29] DecreaseCounter constructing_actor_cnt, current val is 74
I1013 15:32:29.137101 32522 naive_actor.cpp:25] actor 2199023255741 switch to &NaiveActor::HandlerNormal
I1013 15:32:29.137142 32522 thread.cpp:96] Thread 1048576 construct Actor kNormalForward 2199023255741
I1013 15:32:29.137182 32522 runtime_context.cpp:29] DecreaseCounter constructing_actor_cnt, current val is 73
I1013 15:32:29.137363 32522 naive_actor.cpp:25] actor 2199023255762 switch to &NaiveActor::HandlerNormal
I1013 15:32:29.137387 32522 thread.cpp:96] Thread 1048576 construct Actor kNormalForward 2199023255762
I1013 15:32:29.137423 32522 runtime_context.cpp:29] DecreaseCounter constructing_actor_cnt, current val is 72
I1013 15:32:29.137614 32522 naive_actor.cpp:25] actor 2199023255769 switch to &NaiveActor::HandlerNormal
I1013 15:32:29.137637 32522 thread.cpp:96] Thread 1048576 construct Actor kNormalForward 2199023255769
I1013 15:32:29.137673 32522 runtime_context.cpp:29] DecreaseCounter constructing_actor_cnt, current val is 71
I1013 15:32:29.137852 32522 naive_actor.cpp:25] actor 2199023255740 switch to &NaiveActor::HandlerNormal
I1013 15:32:29.137876 32522 thread.cpp:96] Thread 1048576 construct Actor kNormalForward 2199023255740
I1013 15:32:29.137910 32522 runtime_context.cpp:29] DecreaseCounter constructing_actor_cnt, current val is 70
I1013 15:32:29.138095 32522 naive_actor.cpp:25] actor 2199023255739 switch to &NaiveActor::HandlerNormal
I1013 15:32:29.138118 32522 thread.cpp:96] Thread 1048576 construct Actor kNormalForward 2199023255739
I1013 15:32:29.138152 32522 runtime_context.cpp:29] DecreaseCounter constructing_actor_cnt, current val is 69
I1013 15:32:29.138330 32522 naive_actor.cpp:25] actor 2199023255747 switch to &NaiveActor::HandlerNormal
I1013 15:32:29.138352 32522 thread.cpp:96] Thread 1048576 construct Actor kNormalForward 2199023255747
I1013 15:32:29.138387 32522 runtime_context.cpp:29] DecreaseCounter constructing_actor_cnt, current val is 68
I1013 15:32:29.138558 32522 naive_actor.cpp:25] actor 2199023255746 switch to &NaiveActor::HandlerNormal
I1013 15:32:29.138609 32522 thread.cpp:96] Thread 1048576 construct Actor kNormalForward 2199023255746
I1013 15:32:29.138644 32522 runtime_context.cpp:29] DecreaseCounter constructing_actor_cnt, current val is 67
I1013 15:32:29.138816 32522 naive_actor.cpp:25] actor 2199023255743 switch to &NaiveActor::HandlerNormal
I1013 15:32:29.138839 32522 thread.cpp:96] Thread 1048576 construct Actor kNormalForward 2199023255743
I1013 15:32:29.138872 32522 runtime_context.cpp:29] DecreaseCounter constructing_actor_cnt, current val is 66
I1013 15:32:29.139042 32522 naive_actor.cpp:25] actor 2199023255744 switch to &NaiveActor::HandlerNormal
I1013 15:32:29.139065 32522 thread.cpp:96] Thread 1048576 construct Actor kNormalForward 2199023255744
I1013 15:32:29.139098 32522 runtime_context.cpp:29] DecreaseCounter constructing_actor_cnt, current val is 65
I1013 15:32:29.139266 32522 naive_actor.cpp:25] actor 2199023255742 switch to &NaiveActor::HandlerNormal
I1013 15:32:29.139288 32522 thread.cpp:96] Thread 1048576 construct Actor kNormalForward 2199023255742
I1013 15:32:29.139322 32522 runtime_context.cpp:29] DecreaseCounter constructing_actor_cnt, current val is 64
I1013 15:32:29.139488 32522 naive_actor.cpp:25] actor 2199023255756 switch to &NaiveActor::HandlerNormal
I1013 15:32:29.139509 32522 thread.cpp:96] Thread 1048576 construct Actor kNormalForward 2199023255756
I1013 15:32:29.139544 32522 runtime_context.cpp:29] DecreaseCounter constructing_actor_cnt, current val is 63
I1013 15:32:29.139725 32522 naive_actor.cpp:25] actor 2199023255750 switch to &NaiveActor::HandlerNormal
I1013 15:32:29.139747 32522 thread.cpp:96] Thread 1048576 construct Actor kNormalForward 2199023255750
I1013 15:32:29.139780 32522 runtime_context.cpp:29] DecreaseCounter constructing_actor_cnt, current val is 62
I1013 15:32:29.139948 32522 naive_actor.cpp:25] actor 2199023255751 switch to &NaiveActor::HandlerNormal
I1013 15:32:29.139993 32522 thread.cpp:96] Thread 1048576 construct Actor kNormalForward 2199023255751
I1013 15:32:29.140033 32522 runtime_context.cpp:29] DecreaseCounter constructing_actor_cnt, current val is 61
I1013 15:32:29.140208 32522 naive_actor.cpp:25] actor 2199023255758 switch to &NaiveActor::HandlerNormal
I1013 15:32:29.140249 32522 thread.cpp:96] Thread 1048576 construct Actor kNormalForward 2199023255758
I1013 15:32:29.140286 32522 runtime_context.cpp:29] DecreaseCounter constructing_actor_cnt, current val is 60
I1013 15:32:29.140484 32522 naive_actor.cpp:25] actor 2199023255753 switch to &NaiveActor::HandlerNormal
I1013 15:32:29.140506 32522 thread.cpp:96] Thread 1048576 construct Actor kNormalForward 2199023255753
I1013 15:32:29.140542 32522 runtime_context.cpp:29] DecreaseCounter constructing_actor_cnt, current val is 59
I1013 15:32:29.140727 32522 naive_actor.cpp:25] actor 2199023255752 switch to &NaiveActor::HandlerNormal
I1013 15:32:29.140748 32522 thread.cpp:96] Thread 1048576 construct Actor kNormalForward 2199023255752
I1013 15:32:29.140782 32522 runtime_context.cpp:29] DecreaseCounter constructing_actor_cnt, current val is 58
I1013 15:32:29.140954 32522 naive_actor.cpp:25] actor 2199023255754 switch to &NaiveActor::HandlerNormal
I1013 15:32:29.140976 32522 thread.cpp:96] Thread 1048576 construct Actor kNormalForward 2199023255754
I1013 15:32:29.141011 32522 runtime_context.cpp:29] DecreaseCounter constructing_actor_cnt, current val is 57
I1013 15:32:29.141182 32522 naive_actor.cpp:25] actor 2199023255755 switch to &NaiveActor::HandlerNormal
I1013 15:32:29.141203 32522 thread.cpp:96] Thread 1048576 construct Actor kNormalForward 2199023255755
I1013 15:32:29.141238 32522 runtime_context.cpp:29] DecreaseCounter constructing_actor_cnt, current val is 56
I1013 15:32:29.141407 32522 naive_actor.cpp:25] actor 2199023255759 switch to &NaiveActor::HandlerNormal
I1013 15:32:29.141428 32522 thread.cpp:96] Thread 1048576 construct Actor kNormalForward 2199023255759
I1013 15:32:29.141463 32522 runtime_context.cpp:29] DecreaseCounter constructing_actor_cnt, current val is 55
I1013 15:32:29.141638 32522 naive_actor.cpp:25] actor 2199023255757 switch to &NaiveActor::HandlerNormal
I1013 15:32:29.141660 32522 thread.cpp:96] Thread 1048576 construct Actor kNormalForward 2199023255757
I1013 15:32:29.141695 32522 runtime_context.cpp:29] DecreaseCounter constructing_actor_cnt, current val is 54
I1013 15:32:29.141862 32522 naive_actor.cpp:25] actor 2199023255745 switch to &NaiveActor::HandlerNormal
I1013 15:32:29.141885 32522 thread.cpp:96] Thread 1048576 construct Actor kNormalForward 2199023255745
I1013 15:32:29.141918 32522 runtime_context.cpp:29] DecreaseCounter constructing_actor_cnt, current val is 53
I1013 15:32:29.142086 32522 naive_actor.cpp:25] actor 2199023255766 switch to &NaiveActor::HandlerNormal
I1013 15:32:29.142107 32522 thread.cpp:96] Thread 1048576 construct Actor kNormalForward 2199023255766
I1013 15:32:29.142141 32522 runtime_context.cpp:29] DecreaseCounter constructing_actor_cnt, current val is 52
I1013 15:32:29.142310 32522 naive_actor.cpp:25] actor 2199023255761 switch to &NaiveActor::HandlerNormal
I1013 15:32:29.142331 32522 thread.cpp:96] Thread 1048576 construct Actor kNormalForward 2199023255761
I1013 15:32:29.142365 32522 runtime_context.cpp:29] DecreaseCounter constructing_actor_cnt, current val is 51
I1013 15:32:29.142536 32522 naive_actor.cpp:25] actor 2199023255768 switch to &NaiveActor::HandlerNormal
I1013 15:32:29.142558 32522 thread.cpp:96] Thread 1048576 construct Actor kNormalForward 2199023255768
I1013 15:32:29.142599 32522 runtime_context.cpp:29] DecreaseCounter constructing_actor_cnt, current val is 50
I1013 15:32:29.142776 32522 naive_actor.cpp:25] actor 2199023255763 switch to &NaiveActor::HandlerNormal
I1013 15:32:29.142797 32522 thread.cpp:96] Thread 1048576 construct Actor kNormalForward 2199023255763
I1013 15:32:29.142832 32522 runtime_context.cpp:29] DecreaseCounter constructing_actor_cnt, current val is 49
I1013 15:32:29.143028 32522 naive_actor.cpp:25] actor 2199023255764 switch to &NaiveActor::HandlerNormal
I1013 15:32:29.143066 32522 thread.cpp:96] Thread 1048576 construct Actor kNormalForward 2199023255764
I1013 15:32:29.143105 32522 runtime_context.cpp:29] DecreaseCounter constructing_actor_cnt, current val is 48
I1013 15:32:29.143273 32522 naive_actor.cpp:25] actor 2199023255772 switch to &NaiveActor::HandlerNormal
I1013 15:32:29.143296 32522 thread.cpp:96] Thread 1048576 construct Actor kNormalForward 2199023255772
I1013 15:32:29.143329 32522 runtime_context.cpp:29] DecreaseCounter constructing_actor_cnt, current val is 47
I1013 15:32:29.143502 32522 naive_actor.cpp:25] actor 2199023255771 switch to &NaiveActor::HandlerNormal
I1013 15:32:29.143524 32522 thread.cpp:96] Thread 1048576 construct Actor kNormalForward 2199023255771
I1013 15:32:29.143558 32522 runtime_context.cpp:29] DecreaseCounter constructing_actor_cnt, current val is 46
I1013 15:32:29.143736 32522 naive_actor.cpp:25] actor 2199023255760 switch to &NaiveActor::HandlerNormal
I1013 15:32:29.143759 32522 thread.cpp:96] Thread 1048576 construct Actor kNormalForward 2199023255760
I1013 15:32:29.143792 32522 runtime_context.cpp:29] DecreaseCounter constructing_actor_cnt, current val is 45
I1013 15:32:29.143965 32522 naive_actor.cpp:25] actor 2199023255767 switch to &NaiveActor::HandlerNormal
I1013 15:32:29.143987 32522 thread.cpp:96] Thread 1048576 construct Actor kNormalForward 2199023255767
I1013 15:32:29.144021 32522 runtime_context.cpp:29] DecreaseCounter constructing_actor_cnt, current val is 44
I1013 15:32:29.144187 32522 naive_actor.cpp:25] actor 2199023255765 switch to &NaiveActor::HandlerNormal
I1013 15:32:29.144208 32522 thread.cpp:96] Thread 1048576 construct Actor kNormalForward 2199023255765
I1013 15:32:29.144243 32522 runtime_context.cpp:29] DecreaseCounter constructing_actor_cnt, current val is 43
I1013 15:32:29.144409 32522 naive_actor.cpp:25] actor 2199023255770 switch to &NaiveActor::HandlerNormal
I1013 15:32:29.144430 32522 thread.cpp:96] Thread 1048576 construct Actor kNormalForward 2199023255770
I1013 15:32:29.144464 32522 runtime_context.cpp:29] DecreaseCounter constructing_actor_cnt, current val is 42
I1013 15:32:29.144639 32522 naive_actor.cpp:25] actor 2199023255773 switch to &NaiveActor::HandlerNormal
I1013 15:32:29.144660 32522 thread.cpp:96] Thread 1048576 construct Actor kNormalForward 2199023255773
I1013 15:32:29.144695 32522 runtime_context.cpp:29] DecreaseCounter constructing_actor_cnt, current val is 41
I1013 15:32:29.144861 32522 naive_actor.cpp:25] actor 2199023255774 switch to &NaiveActor::HandlerNormal
I1013 15:32:29.144883 32522 thread.cpp:96] Thread 1048576 construct Actor kNormalForward 2199023255774
I1013 15:32:29.144917 32522 runtime_context.cpp:29] DecreaseCounter constructing_actor_cnt, current val is 40
I1013 15:32:29.145097 32522 naive_actor.cpp:25] actor 2199023255776 switch to &NaiveActor::HandlerNormal
I1013 15:32:29.145118 32522 thread.cpp:96] Thread 1048576 construct Actor kDeviceTick 2199023255776
I1013 15:32:29.145151 32522 runtime_context.cpp:29] DecreaseCounter constructing_actor_cnt, current val is 39
I1013 15:32:29.146270 32522 naive_actor.cpp:25] actor 2199023255775 switch to &NaiveActor::HandlerNormal
I1013 15:32:29.146309 32522 thread.cpp:96] Thread 1048576 construct Actor kNormalForward 2199023255775
I1013 15:32:29.146410 32522 runtime_context.cpp:29] DecreaseCounter constructing_actor_cnt, current val is 38
I1013 15:32:29.146627 32522 naive_actor.cpp:25] actor 2199023255780 switch to &NaiveActor::HandlerNormal
I1013 15:32:29.146667 32522 thread.cpp:96] Thread 1048576 construct Actor kNormalForward 2199023255780
I1013 15:32:29.146705 32522 runtime_context.cpp:29] DecreaseCounter constructing_actor_cnt, current val is 37
I1013 15:32:29.146914 32522 naive_actor.cpp:25] actor 2199023255790 switch to &NaiveActor::HandlerNormal
I1013 15:32:29.146937 32522 thread.cpp:96] Thread 1048576 construct Actor kNormalForward 2199023255790
I1013 15:32:29.146972 32522 runtime_context.cpp:29] DecreaseCounter constructing_actor_cnt, current val is 36
I1013 15:32:29.147169 32522 naive_actor.cpp:25] actor 2199023255803 switch to &NaiveActor::HandlerNormal
I1013 15:32:29.147212 32522 thread.cpp:96] Thread 1048576 construct Actor kNormalForward 2199023255803
I1013 15:32:29.147264 32522 runtime_context.cpp:29] DecreaseCounter constructing_actor_cnt, current val is 35
I1013 15:32:29.147461 32522 naive_actor.cpp:25] actor 2199023255815 switch to &NaiveActor::HandlerNormal
I1013 15:32:29.147497 32522 thread.cpp:96] Thread 1048576 construct Actor kDeviceTick 2199023255815
I1013 15:32:29.147544 32522 runtime_context.cpp:29] DecreaseCounter constructing_actor_cnt, current val is 34
I1013 15:32:29.147759 32522 naive_actor.cpp:25] actor 2199023255792 switch to &NaiveActor::HandlerNormal
I1013 15:32:29.147797 32522 thread.cpp:96] Thread 1048576 construct Actor kNormalForward 2199023255792
I1013 15:32:29.147846 32522 runtime_context.cpp:29] DecreaseCounter constructing_actor_cnt, current val is 33
I1013 15:32:29.148022 32522 naive_actor.cpp:25] actor 2199023255784 switch to &NaiveActor::HandlerNormal
I1013 15:32:29.148064 32522 thread.cpp:96] Thread 1048576 construct Actor kNormalForward 2199023255784
I1013 15:32:29.148113 32522 runtime_context.cpp:29] DecreaseCounter constructing_actor_cnt, current val is 32
I1013 15:32:29.148303 32522 naive_actor.cpp:25] actor 2199023255787 switch to &NaiveActor::HandlerNormal
I1013 15:32:29.148339 32522 thread.cpp:96] Thread 1048576 construct Actor kNormalForward 2199023255787
I1013 15:32:29.148386 32522 runtime_context.cpp:29] DecreaseCounter constructing_actor_cnt, current val is 31
I1013 15:32:29.148584 32522 naive_actor.cpp:25] actor 2199023255779 switch to &NaiveActor::HandlerNormal
I1013 15:32:29.148607 32522 thread.cpp:96] Thread 1048576 construct Actor kNormalForward 2199023255779
I1013 15:32:29.148643 32522 runtime_context.cpp:29] DecreaseCounter constructing_actor_cnt, current val is 30
I1013 15:32:29.149793 32522 naive_actor.cpp:25] actor 2199023255814 switch to &NaiveActor::HandlerNormal
I1013 15:32:29.149837 32522 thread.cpp:96] Thread 1048576 construct Actor kNormalForward 2199023255814
I1013 15:32:29.149956 32522 runtime_context.cpp:29] DecreaseCounter constructing_actor_cnt, current val is 29
I1013 15:32:29.150172 32522 naive_actor.cpp:25] actor 2199023255786 switch to &NaiveActor::HandlerNormal
I1013 15:32:29.150208 32522 thread.cpp:96] Thread 1048576 construct Actor kNormalForward 2199023255786
I1013 15:32:29.150259 32522 runtime_context.cpp:29] DecreaseCounter constructing_actor_cnt, current val is 28
I1013 15:32:29.150449 32522 naive_actor.cpp:25] actor 2199023255785 switch to &NaiveActor::HandlerNormal
I1013 15:32:29.150483 32522 thread.cpp:96] Thread 1048576 construct Actor kNormalForward 2199023255785
I1013 15:32:29.150532 32522 runtime_context.cpp:29] DecreaseCounter constructing_actor_cnt, current val is 27
I1013 15:32:29.150729 32522 naive_actor.cpp:25] actor 2199023255778 switch to &NaiveActor::HandlerNormal
I1013 15:32:29.150751 32522 thread.cpp:96] Thread 1048576 construct Actor kNormalForward 2199023255778
I1013 15:32:29.150804 32522 runtime_context.cpp:29] DecreaseCounter constructing_actor_cnt, current val is 26
I1013 15:32:29.150988 32522 naive_actor.cpp:25] actor 2199023255781 switch to &NaiveActor::HandlerNormal
I1013 15:32:29.151023 32522 thread.cpp:96] Thread 1048576 construct Actor kNormalForward 2199023255781
I1013 15:32:29.151060 32522 runtime_context.cpp:29] DecreaseCounter constructing_actor_cnt, current val is 25
I1013 15:32:29.151232 32522 naive_actor.cpp:25] actor 2199023255789 switch to &NaiveActor::HandlerNormal
I1013 15:32:29.151268 32522 thread.cpp:96] Thread 1048576 construct Actor kNormalForward 2199023255789
I1013 15:32:29.151305 32522 runtime_context.cpp:29] DecreaseCounter constructing_actor_cnt, current val is 24
I1013 15:32:29.151481 32522 naive_actor.cpp:25] actor 2199023255794 switch to &NaiveActor::HandlerNormal
I1013 15:32:29.151518 32522 thread.cpp:96] Thread 1048576 construct Actor kNormalForward 2199023255794
I1013 15:32:29.151573 32522 runtime_context.cpp:29] DecreaseCounter constructing_actor_cnt, current val is 23
I1013 15:32:29.151784 32522 naive_actor.cpp:25] actor 2199023255793 switch to &NaiveActor::HandlerNormal
I1013 15:32:29.151824 32522 thread.cpp:96] Thread 1048576 construct Actor kNormalForward 2199023255793
I1013 15:32:29.151875 32522 runtime_context.cpp:29] DecreaseCounter constructing_actor_cnt, current val is 22
I1013 15:32:29.152061 32522 naive_actor.cpp:25] actor 2199023255783 switch to &NaiveActor::HandlerNormal
I1013 15:32:29.152097 32522 thread.cpp:96] Thread 1048576 construct Actor kNormalForward 2199023255783
I1013 15:32:29.152148 32522 runtime_context.cpp:29] DecreaseCounter constructing_actor_cnt, current val is 21
I1013 15:32:29.152334 32522 naive_actor.cpp:25] actor 2199023255782 switch to &NaiveActor::HandlerNormal
I1013 15:32:29.152371 32522 thread.cpp:96] Thread 1048576 construct Actor kNormalForward 2199023255782
I1013 15:32:29.152420 32522 runtime_context.cpp:29] DecreaseCounter constructing_actor_cnt, current val is 20
I1013 15:32:29.152616 32522 naive_actor.cpp:25] actor 2199023255798 switch to &NaiveActor::HandlerNormal
I1013 15:32:29.152652 32522 thread.cpp:96] Thread 1048576 construct Actor kNormalForward 2199023255798
I1013 15:32:29.152701 32522 runtime_context.cpp:29] DecreaseCounter constructing_actor_cnt, current val is 19
I1013 15:32:29.152895 32522 naive_actor.cpp:25] actor 2199023255797 switch to &NaiveActor::HandlerNormal
I1013 15:32:29.152930 32522 thread.cpp:96] Thread 1048576 construct Actor kNormalForward 2199023255797
I1013 15:32:29.152978 32522 runtime_context.cpp:29] DecreaseCounter constructing_actor_cnt, current val is 18
I1013 15:32:29.153167 32522 naive_actor.cpp:25] actor 2199023255795 switch to &NaiveActor::HandlerNormal
I1013 15:32:29.153203 32522 thread.cpp:96] Thread 1048576 construct Actor kNormalForward 2199023255795
I1013 15:32:29.153250 32522 runtime_context.cpp:29] DecreaseCounter constructing_actor_cnt, current val is 17
I1013 15:32:29.153434 32522 naive_actor.cpp:25] actor 2199023255796 switch to &NaiveActor::HandlerNormal
I1013 15:32:29.153470 32522 thread.cpp:96] Thread 1048576 construct Actor kNormalForward 2199023255796
I1013 15:32:29.153518 32522 runtime_context.cpp:29] DecreaseCounter constructing_actor_cnt, current val is 16
I1013 15:32:29.153709 32522 naive_actor.cpp:25] actor 2199023255799 switch to &NaiveActor::HandlerNormal
I1013 15:32:29.153746 32522 thread.cpp:96] Thread 1048576 construct Actor kNormalForward 2199023255799
I1013 15:32:29.153795 32522 runtime_context.cpp:29] DecreaseCounter constructing_actor_cnt, current val is 15
I1013 15:32:29.153980 32522 naive_actor.cpp:25] actor 2199023255801 switch to &NaiveActor::HandlerNormal
I1013 15:32:29.154016 32522 thread.cpp:96] Thread 1048576 construct Actor kNormalForward 2199023255801
I1013 15:32:29.154063 32522 runtime_context.cpp:29] DecreaseCounter constructing_actor_cnt, current val is 14
I1013 15:32:29.154247 32522 naive_actor.cpp:25] actor 2199023255807 switch to &NaiveActor::HandlerNormal
I1013 15:32:29.154284 32522 thread.cpp:96] Thread 1048576 construct Actor kNormalForward 2199023255807
I1013 15:32:29.154331 32522 runtime_context.cpp:29] DecreaseCounter constructing_actor_cnt, current val is 13
I1013 15:32:29.154516 32522 naive_actor.cpp:25] actor 2199023255800 switch to &NaiveActor::HandlerNormal
I1013 15:32:29.154582 32522 thread.cpp:96] Thread 1048576 construct Actor kNormalForward 2199023255800
I1013 15:32:29.154618 32522 runtime_context.cpp:29] DecreaseCounter constructing_actor_cnt, current val is 12
I1013 15:32:29.154791 32522 naive_actor.cpp:25] actor 2199023255806 switch to &NaiveActor::HandlerNormal
I1013 15:32:29.154814 32522 thread.cpp:96] Thread 1048576 construct Actor kNormalForward 2199023255806
I1013 15:32:29.154847 32522 runtime_context.cpp:29] DecreaseCounter constructing_actor_cnt, current val is 11
I1013 15:32:29.155015 32522 naive_actor.cpp:25] actor 2199023255805 switch to &NaiveActor::HandlerNormal
I1013 15:32:29.155037 32522 thread.cpp:96] Thread 1048576 construct Actor kNormalForward 2199023255805
I1013 15:32:29.155093 32522 runtime_context.cpp:29] DecreaseCounter constructing_actor_cnt, current val is 10
I1013 15:32:29.155285 32522 naive_actor.cpp:25] actor 2199023255804 switch to &NaiveActor::HandlerNormal
I1013 15:32:29.155324 32522 thread.cpp:96] Thread 1048576 construct Actor kNormalForward 2199023255804
I1013 15:32:29.155362 32522 runtime_context.cpp:29] DecreaseCounter constructing_actor_cnt, current val is 9
I1013 15:32:29.155534 32522 naive_actor.cpp:25] actor 2199023255809 switch to &NaiveActor::HandlerNormal
I1013 15:32:29.155555 32522 thread.cpp:96] Thread 1048576 construct Actor kNormalForward 2199023255809
I1013 15:32:29.155596 32522 runtime_context.cpp:29] DecreaseCounter constructing_actor_cnt, current val is 8
I1013 15:32:29.155767 32522 naive_actor.cpp:25] actor 2199023255810 switch to &NaiveActor::HandlerNormal
I1013 15:32:29.155789 32522 thread.cpp:96] Thread 1048576 construct Actor kNormalForward 2199023255810
I1013 15:32:29.155840 32522 runtime_context.cpp:29] DecreaseCounter constructing_actor_cnt, current val is 7
I1013 15:32:29.156030 32522 naive_actor.cpp:25] actor 2199023255812 switch to &NaiveActor::HandlerNormal
I1013 15:32:29.156052 32522 thread.cpp:96] Thread 1048576 construct Actor kNormalForward 2199023255812
I1013 15:32:29.156086 32522 runtime_context.cpp:29] DecreaseCounter constructing_actor_cnt, current val is 6
I1013 15:32:29.156255 32522 naive_actor.cpp:25] actor 2199023255808 switch to &NaiveActor::HandlerNormal
I1013 15:32:29.156275 32522 thread.cpp:96] Thread 1048576 construct Actor kNormalForward 2199023255808
I1013 15:32:29.156309 32522 runtime_context.cpp:29] DecreaseCounter constructing_actor_cnt, current val is 5
I1013 15:32:29.156497 32522 naive_actor.cpp:25] actor 2199023255791 switch to &NaiveActor::HandlerNormal
I1013 15:32:29.156518 32522 thread.cpp:96] Thread 1048576 construct Actor kNormalForward 2199023255791
I1013 15:32:29.156553 32522 runtime_context.cpp:29] DecreaseCounter constructing_actor_cnt, current val is 4
I1013 15:32:29.156729 32522 naive_actor.cpp:25] actor 2199023255802 switch to &NaiveActor::HandlerNormal
I1013 15:32:29.156751 32522 thread.cpp:96] Thread 1048576 construct Actor kNormalForward 2199023255802
I1013 15:32:29.156785 32522 runtime_context.cpp:29] DecreaseCounter constructing_actor_cnt, current val is 3
I1013 15:32:29.156955 32522 naive_actor.cpp:25] actor 2199023255811 switch to &NaiveActor::HandlerNormal
I1013 15:32:29.156976 32522 thread.cpp:96] Thread 1048576 construct Actor kNormalForward 2199023255811
I1013 15:32:29.157009 32522 runtime_context.cpp:29] DecreaseCounter constructing_actor_cnt, current val is 2
I1013 15:32:29.157176 32522 naive_actor.cpp:25] actor 2199023255813 switch to &NaiveActor::HandlerNormal
I1013 15:32:29.157196 32522 thread.cpp:96] Thread 1048576 construct Actor kNormalForward 2199023255813
I1013 15:32:29.157230 32522 runtime_context.cpp:29] DecreaseCounter constructing_actor_cnt, current val is 1
I1013 15:32:29.157399 32522 naive_actor.cpp:25] actor 2199023255788 switch to &NaiveActor::HandlerNormal
I1013 15:32:29.157421 32522 thread.cpp:96] Thread 1048576 construct Actor kNormalForward 2199023255788
I1013 15:32:29.157460 32522 runtime_context.cpp:29] DecreaseCounter constructing_actor_cnt, current val is 0
I1013 15:32:29.159162 31866 runtime.cpp:93] Actors on this machine constructed
I1013 15:32:29.159219 31866 runtime.cpp:95] Actors on every machine constructed
I1013 15:32:29.159251 31866 runtime_context.cpp:21] NewCounter job_5_running_actor_count 41
I1013 15:32:29.159274 31866 runtime_context.cpp:21] NewCounter job_4_running_actor_count 16
I1013 15:32:29.159294 31866 runtime_context.cpp:21] NewCounter job_3_running_actor_count 51
I1013 15:32:29.159314 31866 runtime_context.cpp:21] NewCounter job_2_running_actor_count 51
I1013 15:32:29.159333 31866 runtime_context.cpp:21] NewCounter job_0_running_actor_count 179
I1013 15:32:29.159351 31866 runtime_context.cpp:21] NewCounter job_1_running_actor_count 50
I1013 15:32:29.159440 32495 wait_and_send_ids_actor.cpp:73] actor 1099616485376 switch to &WaitAndSendIdsActor::HandlerNormal
I1013 15:32:29.159690 31866 global.h:36] NewGlobal N7oneflow7JobDescE
I1013 15:32:29.185279 31866 global.h:43] DeleteGlobal N7oneflow7JobDescE
I1013 15:32:38.099308 31866 global.h:43] DeleteGlobal N7oneflow7OneflowE
I1013 15:32:38.099695 32495 actor.cpp:411] actor 1099616485376 switch to &Actor::HandlerZombie
I1013 15:32:38.099709 32494 actor.cpp:411] actor 1099614388283 switch to &Actor::HandlerZombie
I1013 15:32:38.099807 32494 actor.cpp:408] actor 1099614388284 switch to nullptr
I1013 15:32:38.099808 32495 thread.cpp:76] thread 524338 deconstruct actor 1099616485376
I1013 15:32:38.099833 32494 thread.cpp:76] thread 524337 deconstruct actor 1099614388284
I1013 15:32:38.100097 32495 runtime_context.cpp:29] DecreaseCounter job_5_running_actor_count, current val is 40
I1013 15:32:38.100136 32494 runtime_context.cpp:29] DecreaseCounter job_5_running_actor_count, current val is 39
I1013 15:32:38.100169 32494 actor.cpp:408] actor 1099614388305 switch to nullptr
I1013 15:32:38.100184 32494 thread.cpp:76] thread 524337 deconstruct actor 1099614388305
I1013 15:32:38.100293 32494 runtime_context.cpp:29] DecreaseCounter job_5_running_actor_count, current val is 38
I1013 15:32:38.100322 32494 actor.cpp:408] actor 1099614388285 switch to nullptr
I1013 15:32:38.100334 32494 thread.cpp:76] thread 524337 deconstruct actor 1099614388285
I1013 15:32:38.100440 32494 runtime_context.cpp:29] DecreaseCounter job_5_running_actor_count, current val is 37
I1013 15:32:38.100463 32494 actor.cpp:408] actor 1099614388309 switch to nullptr
I1013 15:32:38.100476 32494 thread.cpp:76] thread 524337 deconstruct actor 1099614388309
I1013 15:32:38.100594 32494 runtime_context.cpp:29] DecreaseCounter job_5_running_actor_count, current val is 36
I1013 15:32:38.100620 32494 actor.cpp:408] actor 1099614388289 switch to nullptr
I1013 15:32:38.100632 32494 thread.cpp:76] thread 524337 deconstruct actor 1099614388289
I1013 15:32:38.100733 32494 runtime_context.cpp:29] DecreaseCounter job_5_running_actor_count, current val is 35
I1013 15:32:38.100756 32494 actor.cpp:408] actor 1099614388293 switch to nullptr
I1013 15:32:38.100769 32494 thread.cpp:76] thread 524337 deconstruct actor 1099614388293
I1013 15:32:38.100869 32494 runtime_context.cpp:29] DecreaseCounter job_5_running_actor_count, current val is 34
I1013 15:32:38.100893 32494 actor.cpp:408] actor 1099614388297 switch to nullptr
I1013 15:32:38.100905 32494 thread.cpp:76] thread 524337 deconstruct actor 1099614388297
I1013 15:32:38.101003 32494 runtime_context.cpp:29] DecreaseCounter job_5_running_actor_count, current val is 33
I1013 15:32:38.101024 32494 actor.cpp:408] actor 1099614388301 switch to nullptr
I1013 15:32:38.101037 32494 thread.cpp:76] thread 524337 deconstruct actor 1099614388301
I1013 15:32:38.101131 32494 runtime_context.cpp:29] DecreaseCounter job_5_running_actor_count, current val is 32
I1013 15:32:38.101155 32494 actor.cpp:408] actor 1099614388306 switch to nullptr
I1013 15:32:38.101167 32494 thread.cpp:76] thread 524337 deconstruct actor 1099614388306
I1013 15:32:38.101261 32494 runtime_context.cpp:29] DecreaseCounter job_5_running_actor_count, current val is 31
I1013 15:32:38.101285 32494 actor.cpp:408] actor 1099614388286 switch to nullptr
I1013 15:32:38.101297 32494 thread.cpp:76] thread 524337 deconstruct actor 1099614388286
I1013 15:32:38.101388 32494 runtime_context.cpp:29] DecreaseCounter job_5_running_actor_count, current val is 30
I1013 15:32:38.101410 32494 actor.cpp:408] actor 1099614388310 switch to nullptr
I1013 15:32:38.101423 32494 thread.cpp:76] thread 524337 deconstruct actor 1099614388310
I1013 15:32:38.101512 32494 runtime_context.cpp:29] DecreaseCounter job_5_running_actor_count, current val is 29
I1013 15:32:38.101536 32494 actor.cpp:408] actor 1099614388290 switch to nullptr
I1013 15:32:38.101548 32494 thread.cpp:76] thread 524337 deconstruct actor 1099614388290
I1013 15:32:38.101656 32494 runtime_context.cpp:29] DecreaseCounter job_5_running_actor_count, current val is 28
I1013 15:32:38.101680 32494 actor.cpp:408] actor 1099614388294 switch to nullptr
I1013 15:32:38.101862 32494 thread.cpp:76] thread 524337 deconstruct actor 1099614388294
I1013 15:32:38.101979 32494 runtime_context.cpp:29] DecreaseCounter job_5_running_actor_count, current val is 27
I1013 15:32:38.102030 32494 actor.cpp:408] actor 1099614388298 switch to nullptr
I1013 15:32:38.102047 32494 thread.cpp:76] thread 524337 deconstruct actor 1099614388298
I1013 15:32:38.102149 32494 runtime_context.cpp:29] DecreaseCounter job_5_running_actor_count, current val is 26
I1013 15:32:38.102172 32494 actor.cpp:408] actor 1099614388302 switch to nullptr
I1013 15:32:38.102185 32494 thread.cpp:76] thread 524337 deconstruct actor 1099614388302
I1013 15:32:38.102274 32494 runtime_context.cpp:29] DecreaseCounter job_5_running_actor_count, current val is 25
I1013 15:32:38.102296 32494 actor.cpp:408] actor 1099614388271 switch to nullptr
I1013 15:32:38.102309 32494 thread.cpp:76] thread 524337 deconstruct actor 1099614388271
I1013 15:32:38.102404 32494 runtime_context.cpp:29] DecreaseCounter job_4_running_actor_count, current val is 15
I1013 15:32:38.102429 32494 actor.cpp:408] actor 1099614388228 switch to nullptr
I1013 15:32:38.102442 32494 thread.cpp:76] thread 524337 deconstruct actor 1099614388228
I1013 15:32:38.102538 32494 runtime_context.cpp:29] DecreaseCounter job_0_running_actor_count, current val is 178
I1013 15:32:38.102560 32494 actor.cpp:408] actor 1099614388279 switch to nullptr
I1013 15:32:38.102583 32494 thread.cpp:76] thread 524337 deconstruct actor 1099614388279
I1013 15:32:38.102675 32494 runtime_context.cpp:29] DecreaseCounter job_4_running_actor_count, current val is 14
I1013 15:32:38.102700 32494 actor.cpp:408] actor 1099614388236 switch to nullptr
I1013 15:32:38.102712 32494 thread.cpp:76] thread 524337 deconstruct actor 1099614388236
I1013 15:32:38.102813 32494 runtime_context.cpp:29] DecreaseCounter job_0_running_actor_count, current val is 177
I1013 15:32:38.102835 32494 actor.cpp:408] actor 1099614388245 switch to nullptr
I1013 15:32:38.102849 32494 thread.cpp:76] thread 524337 deconstruct actor 1099614388245
I1013 15:32:38.102941 32494 runtime_context.cpp:29] DecreaseCounter job_1_running_actor_count, current val is 49
I1013 15:32:38.102964 32494 actor.cpp:408] actor 1099614388254 switch to nullptr
I1013 15:32:38.102977 32494 thread.cpp:76] thread 524337 deconstruct actor 1099614388254
I1013 15:32:38.103065 32494 runtime_context.cpp:29] DecreaseCounter job_2_running_actor_count, current val is 50
I1013 15:32:38.103087 32494 actor.cpp:408] actor 1099614388263 switch to nullptr
I1013 15:32:38.103101 32494 thread.cpp:76] thread 524337 deconstruct actor 1099614388263
I1013 15:32:38.103188 32494 runtime_context.cpp:29] DecreaseCounter job_3_running_actor_count, current val is 50
I1013 15:32:38.103210 32494 actor.cpp:408] actor 1099614388268 switch to nullptr
I1013 15:32:38.103224 32494 thread.cpp:76] thread 524337 deconstruct actor 1099614388268
I1013 15:32:38.103312 32494 runtime_context.cpp:29] DecreaseCounter job_4_running_actor_count, current val is 13
I1013 15:32:38.103348 32494 actor.cpp:408] actor 1099614388225 switch to nullptr
I1013 15:32:38.103361 32494 thread.cpp:76] thread 524337 deconstruct actor 1099614388225
I1013 15:32:38.103467 32494 runtime_context.cpp:29] DecreaseCounter job_0_running_actor_count, current val is 176
I1013 15:32:38.103489 32494 actor.cpp:408] actor 1099614388277 switch to nullptr
I1013 15:32:38.103502 32494 thread.cpp:76] thread 524337 deconstruct actor 1099614388277
I1013 15:32:38.103493 32522 actor.cpp:408] actor 2199023255698 switch to nullptr
I1013 15:32:38.103556 32522 thread.cpp:76] thread 1048576 deconstruct actor 2199023255698
I1013 15:32:38.103607 32494 runtime_context.cpp:29] DecreaseCounter job_4_running_actor_count, current val is 12
I1013 15:32:38.103633 32494 actor.cpp:408] actor 1099614388234 switch to nullptr
I1013 15:32:38.103646 32494 thread.cpp:76] thread 524337 deconstruct actor 1099614388234
I1013 15:32:38.103742 32494 runtime_context.cpp:29] DecreaseCounter job_0_running_actor_count, current val is 175
I1013 15:32:38.103775 32494 actor.cpp:408] actor 1099614388242 switch to nullptr
I1013 15:32:38.103758 32522 runtime_context.cpp:29] DecreaseCounter job_0_running_actor_count, current val is 174
I1013 15:32:38.103821 32494 thread.cpp:76] thread 524337 deconstruct actor 1099614388242
I1013 15:32:38.103885 32522 actor.cpp:408] actor 2199023255691 switch to nullptr
I1013 15:32:38.103940 32522 thread.cpp:76] thread 1048576 deconstruct actor 2199023255691
I1013 15:32:38.103972 32494 runtime_context.cpp:29] DecreaseCounter job_1_running_actor_count, current val is 48
I1013 15:32:38.103999 32494 actor.cpp:408] actor 1099614388251 switch to nullptr
I1013 15:32:38.104012 32494 thread.cpp:76] thread 524337 deconstruct actor 1099614388251
I1013 15:32:38.104101 32522 runtime_context.cpp:29] DecreaseCounter job_0_running_actor_count, current val is 173
I1013 15:32:38.104107 32494 runtime_context.cpp:29] DecreaseCounter job_2_running_actor_count, current val is 49
I1013 15:32:38.104147 32522 actor.cpp:408] actor 2199023255685 switch to nullptr
I1013 15:32:38.104161 32494 actor.cpp:408] actor 1099614388260 switch to nullptr
I1013 15:32:38.104168 32522 thread.cpp:76] thread 1048576 deconstruct actor 2199023255685
I1013 15:32:38.104182 32494 thread.cpp:76] thread 524337 deconstruct actor 1099614388260
I1013 15:32:38.104303 32522 runtime_context.cpp:29] DecreaseCounter job_0_running_actor_count, current val is 172
I1013 15:32:38.104310 32494 runtime_context.cpp:29] DecreaseCounter job_3_running_actor_count, current val is 49
I1013 15:32:38.104343 32522 actor.cpp:408] actor 2199023255683 switch to nullptr
I1013 15:32:38.104354 32494 actor.cpp:411] actor 1099614388272 switch to &Actor::HandlerZombie
I1013 15:32:38.104367 32522 thread.cpp:76] thread 1048576 deconstruct actor 2199023255683
I1013 15:32:38.104387 32494 actor.cpp:408] actor 1099614388267 switch to nullptr
I1013 15:32:38.104413 32494 thread.cpp:76] thread 524337 deconstruct actor 1099614388267
I1013 15:32:38.104426 32492 actor.cpp:411] actor 1099553570816 switch to &Actor::HandlerZombie
I1013 15:32:38.104496 32493 actor.cpp:411] actor 1099555667968 switch to &Actor::HandlerZombie
I1013 15:32:38.104513 32522 runtime_context.cpp:29] DecreaseCounter job_0_running_actor_count, current val is 171
I1013 15:32:38.104532 32494 runtime_context.cpp:29] DecreaseCounter job_4_running_actor_count, current val is 11
I1013 15:32:38.104615 32522 actor.cpp:408] actor 2199023255681 switch to nullptr
I1013 15:32:38.104625 32494 actor.cpp:411] actor 1099614388229 switch to &Actor::HandlerZombie
I1013 15:32:38.104640 32522 thread.cpp:76] thread 1048576 deconstruct actor 2199023255681
I1013 15:32:38.104676 32494 actor.cpp:408] actor 1099614388224 switch to nullptr
I1013 15:32:38.104691 32494 thread.cpp:76] thread 524337 deconstruct actor 1099614388224
I1013 15:32:38.104724 32478 actor.cpp:408] actor 1099524210688 switch to nullptr
I1013 15:32:38.104765 32478 thread.cpp:76] thread 524294 deconstruct actor 1099524210688
I1013 15:32:38.104765 32522 runtime_context.cpp:29] DecreaseCounter job_0_running_actor_count, current val is 170
I1013 15:32:38.104813 32481 actor.cpp:411] actor 1099530502144 switch to &Actor::HandlerZombie
I1013 15:32:38.104818 32494 runtime_context.cpp:29] DecreaseCounter job_0_running_actor_count, current val is 169
I1013 15:32:38.104905 32494 actor.cpp:411] actor 1099614388280 switch to &Actor::HandlerZombie
I1013 15:32:38.104929 32494 actor.cpp:408] actor 1099614388275 switch to nullptr
I1013 15:32:38.104936 32522 actor.cpp:408] actor 2199023255675 switch to nullptr
I1013 15:32:38.104969 32481 thread.cpp:76] thread 524297 deconstruct actor 1099530502144
I1013 15:32:38.104993 32474 actor.cpp:408] actor 1099515822080 switch to nullptr
I1013 15:32:38.104954 32493 thread.cpp:76] thread 524309 deconstruct actor 1099555667968
I1013 15:32:38.105057 32476 actor.cpp:408] actor 1099520016384 switch to nullptr
I1013 15:32:38.105301 32476 thread.cpp:76] thread 524292 deconstruct actor 1099520016384
I1013 15:32:38.104950 32492 thread.cpp:76] thread 524308 deconstruct actor 1099553570816
I1013 15:32:38.104990 32522 thread.cpp:76] thread 1048576 deconstruct actor 2199023255675
I1013 15:32:38.105440 32493 runtime_context.cpp:29] DecreaseCounter job_4_running_actor_count, current val is 10
I1013 15:32:38.104993 32482 actor.cpp:408] actor 1099532599296 switch to nullptr
I1013 15:32:38.105037 32480 actor.cpp:408] actor 1099528404992 switch to nullptr
I1013 15:32:38.105038 32475 actor.cpp:408] actor 1099517919232 switch to nullptr
I1013 15:32:38.105155 32474 thread.cpp:76] thread 524290 deconstruct actor 1099515822080
I1013 15:32:38.105185 32473 actor.cpp:408] actor 1099513724928 switch to nullptr
I1013 15:32:38.105157 32524 actor.cpp:408] actor 2199025352707 switch to nullptr
I1013 15:32:38.104961 32494 thread.cpp:76] thread 524337 deconstruct actor 1099614388275
I1013 15:32:38.105187 32478 runtime_context.cpp:29] DecreaseCounter job_0_running_actor_count, current val is 168
I1013 15:32:38.105877 32494 runtime_context.cpp:29] DecreaseCounter job_4_running_actor_count, current val is 8
I1013 15:32:38.105924 32494 actor.cpp:411] actor 1099614388237 switch to &Actor::HandlerZombie
I1013 15:32:38.105947 32494 actor.cpp:408] actor 1099614388232 switch to nullptr
I1013 15:32:38.105368 32481 runtime_context.cpp:29] DecreaseCounter job_0_running_actor_count, current val is 167
I1013 15:32:38.104933 32479 actor.cpp:408] actor 1099526307840 switch to nullptr
I1013 15:32:38.106022 32477 actor.cpp:411] actor 1099522113536 switch to &Actor::HandlerZombie
I1013 15:32:38.105597 32482 thread.cpp:76] thread 524298 deconstruct actor 1099532599296
I1013 15:32:38.105643 32480 thread.cpp:76] thread 524296 deconstruct actor 1099528404992
I1013 15:32:38.105674 32475 thread.cpp:76] thread 524291 deconstruct actor 1099517919232
I1013 15:32:38.105674 32476 runtime_context.cpp:29] DecreaseCounter job_0_running_actor_count, current val is 165
I1013 15:32:38.105747 32473 thread.cpp:76] thread 524289 deconstruct actor 1099513724928
I1013 15:32:38.105777 32524 thread.cpp:76] thread 1048577 deconstruct actor 2199025352707
I1013 15:32:38.104939 32472 actor.cpp:408] actor 1099511627776 switch to nullptr
I1013 15:32:38.106482 32524 runtime_context.cpp:29] DecreaseCounter job_0_running_actor_count, current val is 163
I1013 15:32:38.105898 32474 runtime_context.cpp:29] DecreaseCounter job_0_running_actor_count, current val is 164
I1013 15:32:38.106529 32480 runtime_context.cpp:29] DecreaseCounter job_0_running_actor_count, current val is 161
I1013 15:32:38.105535 32522 runtime_context.cpp:29] DecreaseCounter job_0_running_actor_count, current val is 166
I1013 15:32:38.106098 32479 thread.cpp:76] thread 524295 deconstruct actor 1099526307840
I1013 15:32:38.106662 32473 runtime_context.cpp:29] DecreaseCounter job_0_running_actor_count, current val is 159
I1013 15:32:38.106508 32475 runtime_context.cpp:29] DecreaseCounter job_0_running_actor_count, current val is 162
I1013 15:32:38.106518 32524 actor.cpp:408] actor 2199025352705 switch to nullptr
I1013 15:32:38.105962 32494 thread.cpp:76] thread 524337 deconstruct actor 1099614388232
I1013 15:32:38.106531 32482 runtime_context.cpp:29] DecreaseCounter job_0_running_actor_count, current val is 160
I1013 15:32:38.106792 32479 runtime_context.cpp:29] DecreaseCounter job_0_running_actor_count, current val is 158
I1013 15:32:38.106669 32522 actor.cpp:408] actor 2199023255673 switch to nullptr
I1013 15:32:38.106484 32472 thread.cpp:76] thread 524288 deconstruct actor 1099511627776
I1013 15:32:38.106868 32494 runtime_context.cpp:29] DecreaseCounter job_0_running_actor_count, current val is 157
I1013 15:32:38.105522 32492 runtime_context.cpp:29] DecreaseCounter job_4_running_actor_count, current val is 9
I1013 15:32:38.106855 32522 thread.cpp:76] thread 1048576 deconstruct actor 2199023255673
I1013 15:32:38.106745 32524 thread.cpp:76] thread 1048577 deconstruct actor 2199025352705
I1013 15:32:38.106935 32494 actor.cpp:411] actor 1099614388246 switch to &Actor::HandlerZombie
I1013 15:32:38.107030 32524 runtime_context.cpp:29] DecreaseCounter job_0_running_actor_count, current val is 156
I1013 15:32:38.107040 32494 actor.cpp:408] actor 1099614388241 switch to nullptr
I1013 15:32:38.107059 32524 actor.cpp:408] actor 2199025352704 switch to nullptr
I1013 15:32:38.107101 32522 runtime_context.cpp:29] DecreaseCounter job_0_running_actor_count, current val is 155
I1013 15:32:38.107108 32484 actor.cpp:408] actor 1099536793600 switch to nullptr
I1013 15:32:38.107129 32483 actor.cpp:408] actor 1099534696448 switch to nullptr
I1013 15:32:38.107151 32485 actor.cpp:408] actor 1099538890752 switch to nullptr
I1013 15:32:38.107182 32494 thread.cpp:76] thread 524337 deconstruct actor 1099614388241
I1013 15:32:38.107228 32524 thread.cpp:76] thread 1048577 deconstruct actor 2199025352704
I1013 15:32:38.107273 32522 actor.cpp:408] actor 2199023255671 switch to nullptr
I1013 15:32:38.107297 32484 thread.cpp:76] thread 524300 deconstruct actor 1099536793600
I1013 15:32:38.107337 32483 thread.cpp:76] thread 524299 deconstruct actor 1099534696448
I1013 15:32:38.107362 32485 thread.cpp:76] thread 524301 deconstruct actor 1099538890752
I1013 15:32:38.107434 32522 thread.cpp:76] thread 1048576 deconstruct actor 2199023255671
I1013 15:32:38.107440 32524 runtime_context.cpp:29] DecreaseCounter job_0_running_actor_count, current val is 154
I1013 15:32:38.107511 32494 runtime_context.cpp:29] DecreaseCounter job_1_running_actor_count, current val is 47
I1013 15:32:38.107553 32524 actor.cpp:408] actor 2199025352708 switch to nullptr
I1013 15:32:38.107586 32524 thread.cpp:76] thread 1048577 deconstruct actor 2199025352708
I1013 15:32:38.107587 32494 actor.cpp:411] actor 1099614388255 switch to &Actor::HandlerZombie
I1013 15:32:38.107601 32484 runtime_context.cpp:29] DecreaseCounter job_1_running_actor_count, current val is 46
I1013 15:32:38.107635 32524 runtime_context.cpp:29] DecreaseCounter job_0_running_actor_count, current val is 153
I1013 15:32:38.107636 32485 runtime_context.cpp:29] DecreaseCounter job_1_running_actor_count, current val is 45
I1013 15:32:38.107637 32494 actor.cpp:408] actor 1099614388250 switch to nullptr
I1013 15:32:38.107637 32522 runtime_context.cpp:29] DecreaseCounter job_0_running_actor_count, current val is 152
I1013 15:32:38.107681 32487 actor.cpp:408] actor 1099543085056 switch to nullptr
I1013 15:32:38.107682 32483 runtime_context.cpp:29] DecreaseCounter job_1_running_actor_count, current val is 44
I1013 15:32:38.107729 32524 actor.cpp:408] actor 2199025352706 switch to nullptr
