Log file created at: 2021/10/14 10:17:58
Running on machine: oneflow-14
Log line format: [IWEF]mmdd hh:mm:ss.uuuuuu threadid file:line] msg
I1014 10:17:58.449942 35132 global.h:36] NewGlobal 14cudaDeviceProp
I1014 10:17:58.450891 35132 global.h:36] NewGlobal N7oneflow7EnvDescE
I1014 10:17:58.450906 35132 global.h:36] NewGlobal N7oneflow10ProcessCtxE
I1014 10:17:58.450913 35132 env_global_objects_scope.cpp:152] using rpc backend: local
I1014 10:17:58.450963 35132 global.h:36] NewGlobal N7oneflow12ResourceDescE
I1014 10:17:58.450974 35132 global.h:36] NewGlobal N7oneflow12ResourceDescE
I1014 10:17:58.535975 35132 global.h:36] NewGlobal N7oneflow10ThreadPoolE
I1014 10:17:58.537537 35132 global.h:36] NewGlobal N7oneflow16EagerNcclCommMgrE
I1014 10:17:58.537559 35132 global.h:36] NewGlobal N7oneflow18CudnnConvAlgoCacheE
I1014 10:17:58.537577 35132 global.h:36] NewGlobal N7oneflow2vm19VirtualMachineScopeE
I1014 10:17:58.537590 35132 global.h:36] NewGlobal N7oneflow9OneflowVME
I1014 10:17:58.538709 35132 oneflow_vm.cpp:75] transport stream type: N7oneflow2vm13CpuStreamTypeE
I1014 10:17:58.538731 35132 oneflow_vm.cpp:75] transport stream type: N7oneflow2vm14CudaStreamTypeE
I1014 10:17:58.538741 35132 oneflow_vm.cpp:75] transport stream type: N7oneflow2vm19AsyncCudaStreamTypeE
I1014 10:17:58.538915 35132 global.h:36] NewGlobal N7oneflow27EagerJobBuildAndInferCtxMgrE
I1014 10:17:58.538934 35132 global.h:36] NewGlobal N7oneflow12EpollCommNetE
I1014 10:17:58.539100 35132 epoll_comm_network.cpp:63] CommNet:Epoll listening on 0.0.0.0:42534
I1014 10:17:58.539146 35132 epoll_comm_network.cpp:197] machine 0 sockfd -1
I1014 10:17:58.539292 35132 global.h:36] NewGlobal N7oneflow9TransportE
I1014 10:17:58.541218 35132 global.h:43] DeleteGlobal N7oneflow12ResourceDescE
I1014 10:17:58.541256 35132 version.cpp:22] OneFlow git version: b295ca2324
I1014 10:17:58.541280 35132 device_register_gpu.cpp:56] CUDA runtime version: 11.2
I1014 10:17:58.541313 35132 device_register_gpu.cpp:65] cuDNN version: 8.1.1
I1014 10:17:58.541328 35132 device_register_gpu.cpp:78] NCCL version: 2.9.8
I1014 10:17:58.541339 35132 global.h:36] NewGlobal N7oneflow12ResourceDescE
I1014 10:17:58.541350 35132 global.h:36] NewGlobal N7oneflow5IDMgrE
I1014 10:17:58.541361 35132 global.h:36] NewGlobal N7oneflow16AvailableMemDescE
I1014 10:17:58.541393 35132 global.h:36] NewGlobal St13unordered_mapISslSt4hashISsESt8equal_toISsESaISt4pairIKSslEEE
I1014 10:17:58.541404 35132 global.h:36] NewGlobal N7oneflow19CriticalSectionDescE
I1014 10:17:58.541412 35132 global.h:36] NewGlobal N7oneflow16InterUserJobInfoE
I1014 10:17:58.541424 35132 global.h:36] NewGlobal N7oneflow26LazyJobBuildAndInferCtxMgrE
I1014 10:17:58.541433 35132 global.h:36] NewGlobal N7oneflow16JobSetCompileCtxE
I1014 10:17:58.541443 35132 global.h:36] NewGlobal N7oneflow26RuntimeBufferManagersScopeE
I1014 10:17:58.541452 35132 global.h:36] NewGlobal N7oneflow9BufferMgrIlEE
I1014 10:17:58.541462 35132 global.h:36] NewGlobal N7oneflow9BufferMgrISt10shared_ptrINS_11JobInstanceEEEE
I1014 10:17:58.541472 35132 global.h:36] NewGlobal N7oneflow10RuntimeCtxE
I1014 10:17:58.541481 35132 global.h:36] NewGlobal N7oneflow15MemoryAllocatorE
I1014 10:17:58.541491 35132 global.h:36] NewGlobal N7oneflow8ChunkMgrE
I1014 10:17:58.541499 35132 global.h:36] NewGlobal N7oneflow8RegstMgrE
I1014 10:17:58.541508 35132 global.h:36] NewGlobal N7oneflow11ActorMsgBusE
I1014 10:17:58.541517 35132 global.h:36] NewGlobal N7oneflow9ThreadMgrE
I1014 10:17:58.541525 35132 global.h:36] NewGlobal N7oneflow15RuntimeJobDescsE
I1014 10:17:58.541534 35132 global.h:36] NewGlobal N7oneflow7summary12EventsWriterE
I1014 10:17:58.541548 35132 global.h:36] NewGlobal N7oneflow6boxing10collective24CollectiveBoxingExecutorE
I1014 10:17:58.541556 35132 global.h:36] NewGlobal N7oneflow6boxing10collective31CollectiveBoxingDeviceCtxPollerE
I1014 10:17:58.541731 35132 session.h:77] NewGlobal N7oneflow25SessionGlobalObjectsScopeE
I1014 10:17:58.542665 35132 global.h:36] NewGlobal N7oneflow7JobDescE
I1014 10:17:59.147879 35132 global.h:43] DeleteGlobal N7oneflow7JobDescE
I1014 10:17:59.148155 35132 global.h:36] NewGlobal N7oneflow7JobDescE
I1014 10:17:59.152309 35132 global.h:36] NewGlobal N7oneflow7OpGraphE
I1014 10:17:59.158903 35132 global.h:43] DeleteGlobal N7oneflow7OpGraphE
I1014 10:17:59.345983 35132 global.h:43] DeleteGlobal N7oneflow7JobDescE
I1014 10:17:59.363754 35132 global.h:36] NewGlobal N7oneflow24InterJobReuseMemStrategyE
I1014 10:17:59.363777 35132 global.h:36] NewGlobal N7oneflow7OneflowE
I1014 10:17:59.376114 35132 global.h:36] NewGlobal N7oneflow7JobDescE
I1014 10:17:59.604705 35132 global.h:36] NewGlobal N7oneflow7OpGraphE
I1014 10:17:59.685938 35132 global.h:43] DeleteGlobal N7oneflow7OpGraphE
I1014 10:17:59.696532 35132 oneflow.cpp:210] 
job_id: 0 , job_name: train_job , compile time: 0.32037 seconds.
I1014 10:17:59.749424 35132 global.h:43] DeleteGlobal N7oneflow7JobDescE
I1014 10:17:59.749770 35132 global.h:36] NewGlobal N7oneflow7JobDescE
I1014 10:17:59.798354 35132 global.h:36] NewGlobal N7oneflow7OpGraphE
I1014 10:17:59.816884 35132 global.h:43] DeleteGlobal N7oneflow7OpGraphE
I1014 10:17:59.821688 35132 oneflow.cpp:210] 
job_id: 1 , job_name: System-ModelInit , compile time: 0.071466 seconds.
I1014 10:17:59.833448 35132 global.h:43] DeleteGlobal N7oneflow7JobDescE
I1014 10:17:59.833479 35132 global.h:36] NewGlobal N7oneflow7JobDescE
I1014 10:17:59.877888 35132 global.h:36] NewGlobal N7oneflow7OpGraphE
I1014 10:17:59.894692 35132 global.h:43] DeleteGlobal N7oneflow7OpGraphE
I1014 10:17:59.898856 35132 oneflow.cpp:210] 
job_id: 2 , job_name: System-ModelLoad , compile time: 0.0653489 seconds.
I1014 10:17:59.910426 35132 global.h:43] DeleteGlobal N7oneflow7JobDescE
I1014 10:17:59.910454 35132 global.h:36] NewGlobal N7oneflow7JobDescE
I1014 10:17:59.954355 35132 global.h:36] NewGlobal N7oneflow7OpGraphE
I1014 10:17:59.971221 35132 global.h:43] DeleteGlobal N7oneflow7OpGraphE
I1014 10:17:59.976048 35132 oneflow.cpp:210] 
job_id: 3 , job_name: System-ModelSave , compile time: 0.0655772 seconds.
I1014 10:17:59.987900 35132 global.h:43] DeleteGlobal N7oneflow7JobDescE
I1014 10:17:59.987926 35132 global.h:36] NewGlobal N7oneflow7JobDescE
I1014 10:17:59.996033 35132 global.h:36] NewGlobal N7oneflow7OpGraphE
I1014 10:17:59.999680 35132 global.h:43] DeleteGlobal N7oneflow7OpGraphE
I1014 10:18:00.001206 35132 oneflow.cpp:210] 
job_id: 4 , job_name: System-Pull-Return_27 , compile time: 0.0132636 seconds.
I1014 10:18:00.004695 35132 global.h:43] DeleteGlobal N7oneflow7JobDescE
I1014 10:18:00.009128 35132 global.h:36] NewGlobal N7oneflow7JobDescE
I1014 10:18:00.009161 35132 global.h:36] NewGlobal N7oneflow7OpGraphE
I1014 10:18:00.014501 35132 global.h:43] DeleteGlobal N7oneflow7OpGraphE
I1014 10:18:00.018137 35132 oneflow.cpp:210] 
job_id: 5 , job_name: MainJob-unamed , compile time: 0.00898534 seconds.
I1014 10:18:00.025108 35132 global.h:43] DeleteGlobal N7oneflow7JobDescE
I1014 10:18:00.027812 35132 plan_util.cpp:928]  Plan: merged_plan needs to allocate [ 1390.38 MiB ] device memory in Rank: 0 , Device: 0
I1014 10:18:00.135933 35132 oneflow.cpp:998]  PushPlan merged_plan time: 0.0109107 seconds.
I1014 10:18:00.165460 35132 oneflow.cpp:1014]  PullPlan merged_plan time: 0.0254802 seconds.
I1014 10:18:02.215632 35132 runtime_context.cpp:21] NewCounter constructing_actor_cnt 409
I1014 10:18:02.216717 35696 naive_actor.cpp:25] actor 2199023255720 switch to &NaiveActor::HandlerNormal
I1014 10:18:02.216850 35696 thread.cpp:96] Thread 1048576 construct Actor kDeviceTick 2199023255720
I1014 10:18:02.216931 35686 naive_actor.cpp:25] actor 1099614388226 switch to &NaiveActor::HandlerNormal
I1014 10:18:02.216945 35696 runtime_context.cpp:29] DecreaseCounter constructing_actor_cnt, current val is 408
I1014 10:18:02.216953 35687 wait_and_send_ids_actor.cpp:53] actor 1099616485376 switch to &WaitAndSendIdsActor::HandlerWaitToStart
I1014 10:18:02.217013 35686 thread.cpp:96] Thread 524337 construct Actor kDeviceTick 1099614388226
I1014 10:18:02.217135 35687 thread.cpp:96] Thread 524338 construct Actor kWaitAndSendIds 1099616485376
I1014 10:18:02.217262 35686 runtime_context.cpp:29] DecreaseCounter constructing_actor_cnt, current val is 407
I1014 10:18:02.217264 35687 runtime_context.cpp:29] DecreaseCounter constructing_actor_cnt, current val is 406
I1014 10:18:02.217365 35696 naive_actor.cpp:25] actor 2199023255759 switch to &NaiveActor::HandlerNormal
I1014 10:18:02.217545 35696 thread.cpp:96] Thread 1048576 construct Actor kDeviceTick 2199023255759
I1014 10:18:02.217655 35696 runtime_context.cpp:29] DecreaseCounter constructing_actor_cnt, current val is 405
I1014 10:18:02.217775 35686 naive_actor.cpp:25] actor 1099614388233 switch to &NaiveActor::HandlerNormal
I1014 10:18:02.217840 35686 thread.cpp:96] Thread 524337 construct Actor kDeviceTick 1099614388233
I1014 10:18:02.217926 35686 runtime_context.cpp:29] DecreaseCounter constructing_actor_cnt, current val is 404
I1014 10:18:02.217948 35696 naive_actor.cpp:25] actor 2199023255798 switch to &NaiveActor::HandlerNormal
I1014 10:18:02.217995 35696 thread.cpp:96] Thread 1048576 construct Actor kDeviceTick 2199023255798
I1014 10:18:02.218053 35696 runtime_context.cpp:29] DecreaseCounter constructing_actor_cnt, current val is 403
I1014 10:18:02.218189 35686 naive_actor.cpp:25] actor 1099614388243 switch to &NaiveActor::HandlerNormal
I1014 10:18:02.218248 35686 thread.cpp:96] Thread 524337 construct Actor kDeviceTick 1099614388243
I1014 10:18:02.218307 35686 runtime_context.cpp:29] DecreaseCounter constructing_actor_cnt, current val is 402
I1014 10:18:02.218313 35696 naive_actor.cpp:25] actor 2199023255837 switch to &NaiveActor::HandlerNormal
I1014 10:18:02.218376 35696 thread.cpp:96] Thread 1048576 construct Actor kDeviceTick 2199023255837
I1014 10:18:02.218431 35696 runtime_context.cpp:29] DecreaseCounter constructing_actor_cnt, current val is 401
I1014 10:18:02.218560 35686 naive_actor.cpp:25] actor 1099614388252 switch to &NaiveActor::HandlerNormal
I1014 10:18:02.218608 35686 thread.cpp:96] Thread 524337 construct Actor kDeviceTick 1099614388252
I1014 10:18:02.218659 35686 runtime_context.cpp:29] DecreaseCounter constructing_actor_cnt, current val is 400
I1014 10:18:02.218902 35686 naive_actor.cpp:25] actor 1099614388261 switch to &NaiveActor::HandlerNormal
I1014 10:18:02.218937 35686 thread.cpp:96] Thread 524337 construct Actor kDeviceTick 1099614388261
I1014 10:18:02.218987 35686 runtime_context.cpp:29] DecreaseCounter constructing_actor_cnt, current val is 399
I1014 10:18:02.219216 35686 naive_actor.cpp:25] actor 1099614388276 switch to &NaiveActor::HandlerNormal
I1014 10:18:02.219250 35686 thread.cpp:96] Thread 524337 construct Actor kDeviceTick 1099614388276
I1014 10:18:02.219301 35686 runtime_context.cpp:29] DecreaseCounter constructing_actor_cnt, current val is 398
I1014 10:18:02.219529 35686 naive_actor.cpp:25] actor 1099614388269 switch to &NaiveActor::HandlerNormal
I1014 10:18:02.219563 35686 thread.cpp:96] Thread 524337 construct Actor kDeviceTick 1099614388269
I1014 10:18:02.219635 35686 runtime_context.cpp:29] DecreaseCounter constructing_actor_cnt, current val is 397
I1014 10:18:02.227047 35675 naive_actor.cpp:25] actor 1099534696448 switch to &NaiveActor::HandlerNormal
I1014 10:18:02.227245 35675 thread.cpp:96] Thread 524299 construct Actor kForeignInput 1099534696448
I1014 10:18:02.227305 35680 naive_actor.cpp:25] actor 1099545182208 switch to &NaiveActor::HandlerNormal
I1014 10:18:02.227296 35674 naive_actor.cpp:25] actor 1099532599296 switch to &NaiveActor::HandlerNormal
I1014 10:18:02.227433 35670 naive_actor.cpp:25] actor 1099524210688 switch to &NaiveActor::HandlerNormal
I1014 10:18:02.227387 35675 runtime_context.cpp:29] DecreaseCounter constructing_actor_cnt, current val is 396
I1014 10:18:02.227617 35673 naive_actor.cpp:25] actor 1099530502144 switch to &NaiveActor::HandlerNormal
I1014 10:18:02.227660 35671 naive_actor.cpp:25] actor 1099526307840 switch to &NaiveActor::HandlerNormal
I1014 10:18:02.227432 35680 thread.cpp:96] Thread 524304 construct Actor kNormalForward 1099545182208
I1014 10:18:02.227319 35669 naive_actor.cpp:25] actor 1099522113536 switch to &NaiveActor::HandlerNormal
I1014 10:18:02.227473 35674 thread.cpp:96] Thread 524298 construct Actor kNormalForward 1099532599296
I1014 10:18:02.228098 35666 naive_actor.cpp:25] actor 1099515822080 switch to &NaiveActor::HandlerNormal
I1014 10:18:02.227548 35688 sink_actor.cpp:21] actor 1099618582528 switch to &SinkActor::HandlerNormal
I1014 10:18:02.228237 35688 thread.cpp:96] Thread 524339 construct Actor kCallbackNotify 1099618582528
I1014 10:18:02.227605 35683 naive_actor.cpp:25] actor 1099551473664 switch to &NaiveActor::HandlerNormal
I1014 10:18:02.228377 35667 naive_actor.cpp:25] actor 1099517919232 switch to &NaiveActor::HandlerNormal
I1014 10:18:02.228474 35667 thread.cpp:96] Thread 524291 construct Actor kNormalForward 1099517919232
I1014 10:18:02.227692 35682 naive_actor.cpp:25] actor 1099549376512 switch to &NaiveActor::HandlerNormal
I1014 10:18:02.228680 35696 naive_actor.cpp:25] actor 2199023255580 switch to &NaiveActor::HandlerNormal
I1014 10:18:02.228691 35682 thread.cpp:96] Thread 524306 construct Actor kNormalForward 1099549376512
I1014 10:18:02.227428 35698 naive_actor.cpp:25] actor 2199025352706 switch to &NaiveActor::HandlerNormal
I1014 10:18:02.228819 35698 thread.cpp:96] Thread 1048577 construct Actor kCopyHd 2199025352706
I1014 10:18:02.228834 35682 runtime_context.cpp:29] DecreaseCounter constructing_actor_cnt, current val is 391
I1014 10:18:02.228884 35698 runtime_context.cpp:29] DecreaseCounter constructing_actor_cnt, current val is 390
I1014 10:18:02.227841 35679 naive_actor.cpp:25] actor 1099543085056 switch to &NaiveActor::HandlerNormal
I1014 10:18:02.228976 35679 thread.cpp:96] Thread 524303 construct Actor kNormalForward 1099543085056
I1014 10:18:02.229045 35698 naive_actor.cpp:25] actor 2199025352707 switch to &NaiveActor::HandlerNormal
I1014 10:18:02.229089 35679 runtime_context.cpp:29] DecreaseCounter constructing_actor_cnt, current val is 389
I1014 10:18:02.227948 35685 naive_actor.cpp:25] actor 1099555667968 switch to &NaiveActor::HandlerNormal
I1014 10:18:02.229205 35685 thread.cpp:96] Thread 524309 construct Actor kForeignOutput 1099555667968
I1014 10:18:02.228008 35665 naive_actor.cpp:25] actor 1099513724928 switch to &NaiveActor::HandlerNormal
I1014 10:18:02.228008 35684 naive_actor.cpp:25] actor 1099553570816 switch to &NaiveActor::HandlerNormal
I1014 10:18:02.229283 35685 runtime_context.cpp:29] DecreaseCounter constructing_actor_cnt, current val is 388
I1014 10:18:02.228049 35681 naive_actor.cpp:25] actor 1099547279360 switch to &NaiveActor::HandlerNormal
I1014 10:18:02.227535 35676 naive_actor.cpp:25] actor 1099536793600 switch to &NaiveActor::HandlerNormal
I1014 10:18:02.229396 35676 thread.cpp:96] Thread 524300 construct Actor kNormalForward 1099536793600
I1014 10:18:02.227537 35670 thread.cpp:96] Thread 524294 construct Actor kNormalForward 1099524210688
I1014 10:18:02.228315 35672 naive_actor.cpp:25] actor 1099528404992 switch to &NaiveActor::HandlerNormal
I1014 10:18:02.228333 35688 runtime_context.cpp:29] DecreaseCounter constructing_actor_cnt, current val is 393
I1014 10:18:02.227059 35700 naive_actor.cpp:25] actor 2199027449856 switch to &NaiveActor::HandlerNormal
I1014 10:18:02.229710 35700 thread.cpp:96] Thread 1048578 construct Actor kCopyHd 2199027449856
I1014 10:18:02.228402 35683 thread.cpp:96] Thread 524307 construct Actor kNormalForward 1099551473664
I1014 10:18:02.229765 35700 runtime_context.cpp:29] DecreaseCounter constructing_actor_cnt, current val is 385
I1014 10:18:02.228622 35667 runtime_context.cpp:29] DecreaseCounter constructing_actor_cnt, current val is 392
I1014 10:18:02.229840 35683 runtime_context.cpp:29] DecreaseCounter constructing_actor_cnt, current val is 384
I1014 10:18:02.227715 35678 naive_actor.cpp:25] actor 1099540987904 switch to &NaiveActor::HandlerNormal
I1014 10:18:02.229930 35678 thread.cpp:96] Thread 524302 construct Actor kForeignInput 1099540987904
I1014 10:18:02.227658 35668 naive_actor.cpp:25] actor 1099520016384 switch to &NaiveActor::HandlerNormal
I1014 10:18:02.230113 35668 thread.cpp:96] Thread 524292 construct Actor kNormalForward 1099520016384
I1014 10:18:02.227777 35673 thread.cpp:96] Thread 524297 construct Actor kNormalForward 1099530502144
I1014 10:18:02.227844 35671 thread.cpp:96] Thread 524295 construct Actor kNormalForward 1099526307840
I1014 10:18:02.230460 35673 runtime_context.cpp:29] DecreaseCounter constructing_actor_cnt, current val is 381
I1014 10:18:02.230511 35671 runtime_context.cpp:29] DecreaseCounter constructing_actor_cnt, current val is 380
I1014 10:18:02.227970 35680 runtime_context.cpp:29] DecreaseCounter constructing_actor_cnt, current val is 395
I1014 10:18:02.227993 35669 thread.cpp:96] Thread 524293 construct Actor kNormalForward 1099522113536
I1014 10:18:02.229269 35665 thread.cpp:96] Thread 524289 construct Actor kNormalForward 1099513724928
I1014 10:18:02.229293 35684 thread.cpp:96] Thread 524308 construct Actor kNormalForward 1099553570816
I1014 10:18:02.230722 35669 runtime_context.cpp:29] DecreaseCounter constructing_actor_cnt, current val is 379
I1014 10:18:02.229360 35681 thread.cpp:96] Thread 524305 construct Actor kForeignInput 1099547279360
I1014 10:18:02.230783 35665 runtime_context.cpp:29] DecreaseCounter constructing_actor_cnt, current val is 377
I1014 10:18:02.230835 35681 runtime_context.cpp:29] DecreaseCounter constructing_actor_cnt, current val is 376
I1014 10:18:02.229508 35676 runtime_context.cpp:29] DecreaseCounter constructing_actor_cnt, current val is 387
I1014 10:18:02.229594 35670 runtime_context.cpp:29] DecreaseCounter constructing_actor_cnt, current val is 386
I1014 10:18:02.229630 35672 thread.cpp:96] Thread 524296 construct Actor kNormalForward 1099528404992
I1014 10:18:02.227655 35686 naive_actor.cpp:25] actor 1099614388225 switch to &NaiveActor::HandlerNormal
I1014 10:18:02.231184 35686 thread.cpp:96] Thread 524337 construct Actor kSrcSubsetTick 1099614388225
I1014 10:18:02.230070 35678 runtime_context.cpp:29] DecreaseCounter constructing_actor_cnt, current val is 383
I1014 10:18:02.231261 35686 runtime_context.cpp:29] DecreaseCounter constructing_actor_cnt, current val is 374
I1014 10:18:02.230211 35668 runtime_context.cpp:29] DecreaseCounter constructing_actor_cnt, current val is 382
I1014 10:18:02.227862 35677 naive_actor.cpp:25] actor 1099538890752 switch to &NaiveActor::HandlerNormal
I1014 10:18:02.229094 35698 thread.cpp:96] Thread 1048577 construct Actor kCopyHd 2199025352707
I1014 10:18:02.231462 35677 thread.cpp:96] Thread 524301 construct Actor kNormalForward 1099538890752
I1014 10:18:02.231515 35698 runtime_context.cpp:29] DecreaseCounter constructing_actor_cnt, current val is 373
I1014 10:18:02.231534 35677 runtime_context.cpp:29] DecreaseCounter constructing_actor_cnt, current val is 372
I1014 10:18:02.228111 35674 runtime_context.cpp:29] DecreaseCounter constructing_actor_cnt, current val is 394
I1014 10:18:02.228188 35666 thread.cpp:96] Thread 524290 construct Actor kNormalForward 1099515822080
I1014 10:18:02.228709 35696 thread.cpp:96] Thread 1048576 construct Actor kNormalForward 2199023255580
I1014 10:18:02.231755 35666 runtime_context.cpp:29] DecreaseCounter constructing_actor_cnt, current val is 371
I1014 10:18:02.231199 35672 runtime_context.cpp:29] DecreaseCounter constructing_actor_cnt, current val is 375
I1014 10:18:02.230758 35684 runtime_context.cpp:29] DecreaseCounter constructing_actor_cnt, current val is 378
I1014 10:18:02.231618 35698 naive_actor.cpp:25] actor 2199025352708 switch to &NaiveActor::HandlerNormal
I1014 10:18:02.231796 35686 naive_actor.cpp:25] actor 1099614388230 switch to &NaiveActor::HandlerNormal
I1014 10:18:02.232095 35686 thread.cpp:96] Thread 524337 construct Actor kTick 1099614388230
I1014 10:18:02.232030 35698 thread.cpp:96] Thread 1048577 construct Actor kCopyHd 2199025352708
I1014 10:18:02.231799 35696 runtime_context.cpp:29] DecreaseCounter constructing_actor_cnt, current val is 370
I1014 10:18:02.232190 35698 runtime_context.cpp:29] DecreaseCounter constructing_actor_cnt, current val is 369
I1014 10:18:02.232200 35686 runtime_context.cpp:29] DecreaseCounter constructing_actor_cnt, current val is 368
I1014 10:18:02.232292 35698 naive_actor.cpp:25] actor 2199025352705 switch to &NaiveActor::HandlerNormal
I1014 10:18:02.232354 35698 thread.cpp:96] Thread 1048577 construct Actor kCopyHd 2199025352705
I1014 10:18:02.232415 35698 runtime_context.cpp:29] DecreaseCounter constructing_actor_cnt, current val is 367
I1014 10:18:02.232503 35698 naive_actor.cpp:25] actor 2199025352704 switch to &NaiveActor::HandlerNormal
I1014 10:18:02.232547 35698 thread.cpp:96] Thread 1048577 construct Actor kCopyHd 2199025352704
I1014 10:18:02.232591 35698 runtime_context.cpp:29] DecreaseCounter constructing_actor_cnt, current val is 366
I1014 10:18:02.232652 35698 naive_actor.cpp:25] actor 2199025352709 switch to &NaiveActor::HandlerNormal
I1014 10:18:02.232686 35698 thread.cpp:96] Thread 1048577 construct Actor kCopyHd 2199025352709
I1014 10:18:02.232702 35686 naive_actor.cpp:25] actor 1099614388228 switch to &NaiveActor::HandlerNormal
I1014 10:18:02.232722 35698 runtime_context.cpp:29] DecreaseCounter constructing_actor_cnt, current val is 365
I1014 10:18:02.232755 35686 thread.cpp:96] Thread 524337 construct Actor kTick 1099614388228
I1014 10:18:02.232841 35698 naive_actor.cpp:25] actor 2199025352710 switch to &NaiveActor::HandlerNormal
I1014 10:18:02.232874 35686 runtime_context.cpp:29] DecreaseCounter constructing_actor_cnt, current val is 364
I1014 10:18:02.232880 35698 thread.cpp:96] Thread 1048577 construct Actor kCopyHd 2199025352710
I1014 10:18:02.232964 35698 runtime_context.cpp:29] DecreaseCounter constructing_actor_cnt, current val is 363
I1014 10:18:02.233183 35696 naive_actor.cpp:25] actor 2199023255594 switch to &NaiveActor::HandlerNormal
I1014 10:18:02.233227 35696 thread.cpp:96] Thread 1048576 construct Actor kNormalForward 2199023255594
I1014 10:18:02.233270 35696 runtime_context.cpp:29] DecreaseCounter constructing_actor_cnt, current val is 362
I1014 10:18:02.233583 35686 esac_actor.cpp:73] actor 1099614388313 switch to &EsacActor::HandlerNormal
I1014 10:18:02.233639 35686 thread.cpp:96] Thread 524337 construct Actor kEsac 1099614388313
I1014 10:18:02.233755 35686 runtime_context.cpp:29] DecreaseCounter constructing_actor_cnt, current val is 361
I1014 10:18:02.233908 35696 naive_actor.cpp:25] actor 2199023255578 switch to &NaiveActor::HandlerNormal
I1014 10:18:02.233940 35696 thread.cpp:96] Thread 1048576 construct Actor kNormalForward 2199023255578
I1014 10:18:02.233991 35696 runtime_context.cpp:29] DecreaseCounter constructing_actor_cnt, current val is 360
I1014 10:18:02.234205 35696 naive_actor.cpp:25] actor 2199023255577 switch to &NaiveActor::HandlerNormal
I1014 10:18:02.234210 35686 naive_actor.cpp:25] actor 1099614388314 switch to &NaiveActor::HandlerNormal
I1014 10:18:02.234247 35696 thread.cpp:96] Thread 1048576 construct Actor kNormalForward 2199023255577
I1014 10:18:02.234290 35686 thread.cpp:96] Thread 524337 construct Actor kTick 1099614388314
I1014 10:18:02.234333 35696 runtime_context.cpp:29] DecreaseCounter constructing_actor_cnt, current val is 359
I1014 10:18:02.234380 35686 runtime_context.cpp:29] DecreaseCounter constructing_actor_cnt, current val is 358
I1014 10:18:02.234586 35696 naive_actor.cpp:25] actor 2199023255584 switch to &NaiveActor::HandlerNormal
I1014 10:18:02.234617 35696 thread.cpp:96] Thread 1048576 construct Actor kNormalForward 2199023255584
I1014 10:18:02.234666 35696 runtime_context.cpp:29] DecreaseCounter constructing_actor_cnt, current val is 357
I1014 10:18:02.234822 35686 naive_actor.cpp:25] actor 1099614388232 switch to &NaiveActor::HandlerNormal
I1014 10:18:02.234843 35696 naive_actor.cpp:25] actor 2199023255591 switch to &NaiveActor::HandlerNormal
I1014 10:18:02.234880 35686 thread.cpp:96] Thread 524337 construct Actor kTick 1099614388232
I1014 10:18:02.234905 35696 thread.cpp:96] Thread 1048576 construct Actor kNormalForward 2199023255591
I1014 10:18:02.234998 35696 runtime_context.cpp:29] DecreaseCounter constructing_actor_cnt, current val is 356
I1014 10:18:02.235004 35686 runtime_context.cpp:29] DecreaseCounter constructing_actor_cnt, current val is 355
I1014 10:18:02.235399 35686 naive_actor.cpp:25] actor 1099614388234 switch to &NaiveActor::HandlerNormal
I1014 10:18:02.235455 35686 thread.cpp:96] Thread 524337 construct Actor kSrcSubsetTick 1099614388234
I1014 10:18:02.235502 35696 naive_actor.cpp:25] actor 2199023255593 switch to &NaiveActor::HandlerNormal
I1014 10:18:02.235666 35696 thread.cpp:96] Thread 1048576 construct Actor kNormalForward 2199023255593
I1014 10:18:02.235688 35686 runtime_context.cpp:29] DecreaseCounter constructing_actor_cnt, current val is 354
I1014 10:18:02.235719 35696 runtime_context.cpp:29] DecreaseCounter constructing_actor_cnt, current val is 353
I1014 10:18:02.235963 35696 naive_actor.cpp:25] actor 2199023255553 switch to &NaiveActor::HandlerNormal
I1014 10:18:02.236016 35696 thread.cpp:96] Thread 1048576 construct Actor kNormalForward 2199023255553
I1014 10:18:02.236076 35696 runtime_context.cpp:29] DecreaseCounter constructing_actor_cnt, current val is 352
I1014 10:18:02.236137 35686 naive_actor.cpp:25] actor 1099614388231 switch to &NaiveActor::HandlerNormal
I1014 10:18:02.236202 35686 thread.cpp:96] Thread 524337 construct Actor kTick 1099614388231
I1014 10:18:02.236275 35686 runtime_context.cpp:29] DecreaseCounter constructing_actor_cnt, current val is 351
I1014 10:18:02.236718 35686 naive_actor.cpp:25] actor 1099614388239 switch to &NaiveActor::HandlerNormal
I1014 10:18:02.236768 35686 thread.cpp:96] Thread 524337 construct Actor kTick 1099614388239
I1014 10:18:02.236797 35696 naive_actor.cpp:25] actor 2199023255590 switch to &NaiveActor::HandlerNormal
I1014 10:18:02.236835 35696 thread.cpp:96] Thread 1048576 construct Actor kNormalForward 2199023255590
I1014 10:18:02.236847 35686 runtime_context.cpp:29] DecreaseCounter constructing_actor_cnt, current val is 350
I1014 10:18:02.236909 35696 runtime_context.cpp:29] DecreaseCounter constructing_actor_cnt, current val is 349
I1014 10:18:02.237257 35686 naive_actor.cpp:25] actor 1099614388224 switch to &NaiveActor::HandlerNormal
I1014 10:18:02.237308 35686 thread.cpp:96] Thread 524337 construct Actor kDeviceTick 1099614388224
I1014 10:18:02.237399 35686 runtime_context.cpp:29] DecreaseCounter constructing_actor_cnt, current val is 348
I1014 10:18:02.237459 35696 naive_actor.cpp:25] actor 2199023255583 switch to &NaiveActor::HandlerNormal
I1014 10:18:02.237493 35696 thread.cpp:96] Thread 1048576 construct Actor kNormalForward 2199023255583
I1014 10:18:02.237550 35696 runtime_context.cpp:29] DecreaseCounter constructing_actor_cnt, current val is 347
I1014 10:18:02.237779 35686 naive_actor.cpp:25] actor 1099614388236 switch to &NaiveActor::HandlerNormal
I1014 10:18:02.237843 35686 thread.cpp:96] Thread 524337 construct Actor kTick 1099614388236
I1014 10:18:02.237926 35686 runtime_context.cpp:29] DecreaseCounter constructing_actor_cnt, current val is 346
I1014 10:18:02.238085 35696 naive_actor.cpp:25] actor 2199023255574 switch to &NaiveActor::HandlerNormal
I1014 10:18:02.238117 35696 thread.cpp:96] Thread 1048576 construct Actor kNormalForward 2199023255574
I1014 10:18:02.238171 35696 runtime_context.cpp:29] DecreaseCounter constructing_actor_cnt, current val is 345
I1014 10:18:02.238286 35686 naive_actor.cpp:25] actor 1099614388238 switch to &NaiveActor::HandlerNormal
I1014 10:18:02.238339 35686 thread.cpp:96] Thread 524337 construct Actor kTick 1099614388238
I1014 10:18:02.238407 35696 naive_actor.cpp:25] actor 2199023255563 switch to &NaiveActor::HandlerNormal
I1014 10:18:02.238415 35686 runtime_context.cpp:29] DecreaseCounter constructing_actor_cnt, current val is 344
I1014 10:18:02.238440 35696 thread.cpp:96] Thread 1048576 construct Actor kNormalForward 2199023255563
I1014 10:18:02.238530 35696 runtime_context.cpp:29] DecreaseCounter constructing_actor_cnt, current val is 343
I1014 10:18:02.238757 35696 naive_actor.cpp:25] actor 2199023255589 switch to &NaiveActor::HandlerNormal
I1014 10:18:02.238790 35696 thread.cpp:96] Thread 1048576 construct Actor kNormalForward 2199023255589
I1014 10:18:02.238847 35696 runtime_context.cpp:29] DecreaseCounter constructing_actor_cnt, current val is 342
I1014 10:18:02.238901 35686 naive_actor.cpp:25] actor 1099614388229 switch to &NaiveActor::HandlerNormal
I1014 10:18:02.238958 35686 thread.cpp:96] Thread 524337 construct Actor kDstSubsetTick 1099614388229
I1014 10:18:02.239107 35686 runtime_context.cpp:29] DecreaseCounter constructing_actor_cnt, current val is 341
I1014 10:18:02.239454 35696 naive_actor.cpp:25] actor 2199023255559 switch to &NaiveActor::HandlerNormal
I1014 10:18:02.239464 35686 naive_actor.cpp:25] actor 1099614388237 switch to &NaiveActor::HandlerNormal
I1014 10:18:02.239485 35696 thread.cpp:96] Thread 1048576 construct Actor kNormalForward 2199023255559
I1014 10:18:02.239521 35686 thread.cpp:96] Thread 524337 construct Actor kDstSubsetTick 1099614388237
I1014 10:18:02.239589 35696 runtime_context.cpp:29] DecreaseCounter constructing_actor_cnt, current val is 340
I1014 10:18:02.239655 35686 runtime_context.cpp:29] DecreaseCounter constructing_actor_cnt, current val is 339
I1014 10:18:02.239997 35686 naive_actor.cpp:25] actor 1099614388240 switch to &NaiveActor::HandlerNormal
I1014 10:18:02.240046 35686 thread.cpp:96] Thread 524337 construct Actor kTick 1099614388240
I1014 10:18:02.240130 35686 runtime_context.cpp:29] DecreaseCounter constructing_actor_cnt, current val is 338
I1014 10:18:02.240231 35696 naive_actor.cpp:25] actor 2199023255555 switch to &NaiveActor::HandlerNormal
I1014 10:18:02.240263 35696 thread.cpp:96] Thread 1048576 construct Actor kNormalForward 2199023255555
I1014 10:18:02.240316 35696 runtime_context.cpp:29] DecreaseCounter constructing_actor_cnt, current val is 337
I1014 10:18:02.240500 35686 naive_actor.cpp:25] actor 1099614388242 switch to &NaiveActor::HandlerNormal
I1014 10:18:02.240550 35686 thread.cpp:96] Thread 524337 construct Actor kSrcSubsetTick 1099614388242
I1014 10:18:02.240613 35686 runtime_context.cpp:29] DecreaseCounter constructing_actor_cnt, current val is 336
I1014 10:18:02.240852 35696 naive_actor.cpp:25] actor 2199023255565 switch to &NaiveActor::HandlerNormal
I1014 10:18:02.240890 35696 thread.cpp:96] Thread 1048576 construct Actor kNormalForward 2199023255565
I1014 10:18:02.240943 35696 runtime_context.cpp:29] DecreaseCounter constructing_actor_cnt, current val is 335
I1014 10:18:02.241055 35686 naive_actor.cpp:25] actor 1099614388246 switch to &NaiveActor::HandlerNormal
I1014 10:18:02.241107 35686 thread.cpp:96] Thread 524337 construct Actor kDstSubsetTick 1099614388246
I1014 10:18:02.241199 35686 runtime_context.cpp:29] DecreaseCounter constructing_actor_cnt, current val is 334
I1014 10:18:02.241541 35686 naive_actor.cpp:25] actor 1099614388241 switch to &NaiveActor::HandlerNormal
I1014 10:18:02.241603 35696 naive_actor.cpp:25] actor 2199023255558 switch to &NaiveActor::HandlerNormal
I1014 10:18:02.241618 35686 thread.cpp:96] Thread 524337 construct Actor kDeviceTick 1099614388241
I1014 10:18:02.241648 35696 thread.cpp:96] Thread 1048576 construct Actor kNormalForward 2199023255558
I1014 10:18:02.241726 35686 runtime_context.cpp:29] DecreaseCounter constructing_actor_cnt, current val is 333
I1014 10:18:02.241745 35696 runtime_context.cpp:29] DecreaseCounter constructing_actor_cnt, current val is 332
I1014 10:18:02.242063 35686 naive_actor.cpp:25] actor 1099614388248 switch to &NaiveActor::HandlerNormal
I1014 10:18:02.242116 35686 thread.cpp:96] Thread 524337 construct Actor kTick 1099614388248
I1014 10:18:02.242199 35686 runtime_context.cpp:29] DecreaseCounter constructing_actor_cnt, current val is 331
I1014 10:18:02.242328 35696 naive_actor.cpp:25] actor 2199023255560 switch to &NaiveActor::HandlerNormal
I1014 10:18:02.242362 35696 thread.cpp:96] Thread 1048576 construct Actor kNormalForward 2199023255560
I1014 10:18:02.242425 35696 runtime_context.cpp:29] DecreaseCounter constructing_actor_cnt, current val is 330
I1014 10:18:02.242539 35686 naive_actor.cpp:25] actor 1099614388247 switch to &NaiveActor::HandlerNormal
I1014 10:18:02.242607 35686 thread.cpp:96] Thread 524337 construct Actor kTick 1099614388247
I1014 10:18:02.242683 35686 runtime_context.cpp:29] DecreaseCounter constructing_actor_cnt, current val is 329
I1014 10:18:02.243018 35686 naive_actor.cpp:25] actor 1099614388317 switch to &NaiveActor::HandlerNormal
I1014 10:18:02.243156 35686 thread.cpp:96] Thread 524337 construct Actor kTick 1099614388317
I1014 10:18:02.243244 35686 runtime_context.cpp:29] DecreaseCounter constructing_actor_cnt, current val is 328
I1014 10:18:02.243283 35696 naive_actor.cpp:25] actor 2199023255587 switch to &NaiveActor::HandlerNormal
I1014 10:18:02.243332 35696 thread.cpp:96] Thread 1048576 construct Actor kNormalForward 2199023255587
I1014 10:18:02.243381 35696 runtime_context.cpp:29] DecreaseCounter constructing_actor_cnt, current val is 327
I1014 10:18:02.243664 35686 naive_actor.cpp:25] actor 1099614388245 switch to &NaiveActor::HandlerNormal
I1014 10:18:02.243710 35686 thread.cpp:96] Thread 524337 construct Actor kTick 1099614388245
I1014 10:18:02.243779 35686 runtime_context.cpp:29] DecreaseCounter constructing_actor_cnt, current val is 326
I1014 10:18:02.243845 35696 naive_actor.cpp:25] actor 2199023255586 switch to &NaiveActor::HandlerNormal
I1014 10:18:02.243877 35696 thread.cpp:96] Thread 1048576 construct Actor kNormalForward 2199023255586
I1014 10:18:02.243923 35696 runtime_context.cpp:29] DecreaseCounter constructing_actor_cnt, current val is 325
I1014 10:18:02.244107 35686 naive_actor.cpp:25] actor 1099614388249 switch to &NaiveActor::HandlerNormal
I1014 10:18:02.244155 35686 thread.cpp:96] Thread 524337 construct Actor kTick 1099614388249
I1014 10:18:02.244220 35686 runtime_context.cpp:29] DecreaseCounter constructing_actor_cnt, current val is 324
I1014 10:18:02.244472 35696 naive_actor.cpp:25] actor 2199023255629 switch to &NaiveActor::HandlerNormal
I1014 10:18:02.244503 35696 thread.cpp:96] Thread 1048576 construct Actor kNormalForward 2199023255629
I1014 10:18:02.244552 35696 runtime_context.cpp:29] DecreaseCounter constructing_actor_cnt, current val is 323
I1014 10:18:02.244590 35686 naive_actor.cpp:25] actor 1099614388250 switch to &NaiveActor::HandlerNormal
I1014 10:18:02.244638 35686 thread.cpp:96] Thread 524337 construct Actor kDeviceTick 1099614388250
I1014 10:18:02.244705 35686 runtime_context.cpp:29] DecreaseCounter constructing_actor_cnt, current val is 322
I1014 10:18:02.244912 35696 naive_actor.cpp:25] actor 2199023255570 switch to &NaiveActor::HandlerNormal
I1014 10:18:02.244993 35696 thread.cpp:96] Thread 1048576 construct Actor kNormalForward 2199023255570
I1014 10:18:02.245082 35696 runtime_context.cpp:29] DecreaseCounter constructing_actor_cnt, current val is 321
I1014 10:18:02.245113 35686 naive_actor.cpp:25] actor 1099614388319 switch to &NaiveActor::HandlerNormal
I1014 10:18:02.245160 35686 thread.cpp:96] Thread 524337 construct Actor kTick 1099614388319
I1014 10:18:02.245231 35686 runtime_context.cpp:29] DecreaseCounter constructing_actor_cnt, current val is 320
I1014 10:18:02.245395 35696 naive_actor.cpp:25] actor 2199023255575 switch to &NaiveActor::HandlerNormal
I1014 10:18:02.245440 35696 thread.cpp:96] Thread 1048576 construct Actor kNormalForward 2199023255575
I1014 10:18:02.245501 35696 runtime_context.cpp:29] DecreaseCounter constructing_actor_cnt, current val is 319
I1014 10:18:02.245579 35686 naive_actor.cpp:25] actor 1099614388254 switch to &NaiveActor::HandlerNormal
I1014 10:18:02.245626 35686 thread.cpp:96] Thread 524337 construct Actor kTick 1099614388254
I1014 10:18:02.245690 35686 runtime_context.cpp:29] DecreaseCounter constructing_actor_cnt, current val is 318
I1014 10:18:02.245811 35696 naive_actor.cpp:25] actor 2199023255582 switch to &NaiveActor::HandlerNormal
I1014 10:18:02.245851 35696 thread.cpp:96] Thread 1048576 construct Actor kNormalForward 2199023255582
I1014 10:18:02.245908 35696 runtime_context.cpp:29] DecreaseCounter constructing_actor_cnt, current val is 317
I1014 10:18:02.246073 35686 naive_actor.cpp:25] actor 1099614388256 switch to &NaiveActor::HandlerNormal
I1014 10:18:02.246120 35686 thread.cpp:96] Thread 524337 construct Actor kTick 1099614388256
I1014 10:18:02.246188 35686 runtime_context.cpp:29] DecreaseCounter constructing_actor_cnt, current val is 316
I1014 10:18:02.246532 35686 naive_actor.cpp:25] actor 1099614388251 switch to &NaiveActor::HandlerNormal
I1014 10:18:02.246590 35686 thread.cpp:96] Thread 524337 construct Actor kSrcSubsetTick 1099614388251
I1014 10:18:02.246698 35686 runtime_context.cpp:29] DecreaseCounter constructing_actor_cnt, current val is 315
I1014 10:18:02.247097 35686 naive_actor.cpp:25] actor 1099614388255 switch to &NaiveActor::HandlerNormal
I1014 10:18:02.247109 35696 naive_actor.cpp:25] actor 2199023255554 switch to &NaiveActor::HandlerNormal
I1014 10:18:02.247154 35686 thread.cpp:96] Thread 524337 construct Actor kDstSubsetTick 1099614388255
I1014 10:18:02.247201 35696 thread.cpp:96] Thread 1048576 construct Actor kNormalForward 2199023255554
I1014 10:18:02.247282 35686 runtime_context.cpp:29] DecreaseCounter constructing_actor_cnt, current val is 314
I1014 10:18:02.247292 35696 runtime_context.cpp:29] DecreaseCounter constructing_actor_cnt, current val is 313
I1014 10:18:02.247690 35686 naive_actor.cpp:25] actor 1099614388257 switch to &NaiveActor::HandlerNormal
I1014 10:18:02.247740 35686 thread.cpp:96] Thread 524337 construct Actor kTick 1099614388257
I1014 10:18:02.247807 35686 runtime_context.cpp:29] DecreaseCounter constructing_actor_cnt, current val is 312
I1014 10:18:02.247964 35696 naive_actor.cpp:25] actor 2199023255592 switch to &NaiveActor::HandlerNormal
I1014 10:18:02.247998 35696 thread.cpp:96] Thread 1048576 construct Actor kNormalForward 2199023255592
I1014 10:18:02.248051 35696 runtime_context.cpp:29] DecreaseCounter constructing_actor_cnt, current val is 311
I1014 10:18:02.248124 35686 naive_actor.cpp:25] actor 1099614388258 switch to &NaiveActor::HandlerNormal
I1014 10:18:02.248170 35686 thread.cpp:96] Thread 524337 construct Actor kTick 1099614388258
I1014 10:18:02.248236 35686 runtime_context.cpp:29] DecreaseCounter constructing_actor_cnt, current val is 310
I1014 10:18:02.248556 35686 naive_actor.cpp:25] actor 1099614388259 switch to &NaiveActor::HandlerNormal
I1014 10:18:02.248611 35686 thread.cpp:96] Thread 524337 construct Actor kDeviceTick 1099614388259
I1014 10:18:02.248674 35686 runtime_context.cpp:29] DecreaseCounter constructing_actor_cnt, current val is 309
I1014 10:18:02.248837 35696 naive_actor.cpp:25] actor 2199023255573 switch to &NaiveActor::HandlerNormal
I1014 10:18:02.248872 35696 thread.cpp:96] Thread 1048576 construct Actor kNormalForward 2199023255573
I1014 10:18:02.248919 35696 runtime_context.cpp:29] DecreaseCounter constructing_actor_cnt, current val is 308
I1014 10:18:02.248958 35664 naive_actor.cpp:25] actor 1099511627776 switch to &NaiveActor::HandlerNormal
I1014 10:18:02.248970 35686 naive_actor.cpp:25] actor 1099614388260 switch to &NaiveActor::HandlerNormal
I1014 10:18:02.249020 35664 thread.cpp:96] Thread 524288 construct Actor kNormalForward 1099511627776
I1014 10:18:02.249053 35686 thread.cpp:96] Thread 524337 construct Actor kSrcSubsetTick 1099614388260
I1014 10:18:02.249148 35686 runtime_context.cpp:29] DecreaseCounter constructing_actor_cnt, current val is 307
I1014 10:18:02.249155 35664 runtime_context.cpp:29] DecreaseCounter constructing_actor_cnt, current val is 306
I1014 10:18:02.249433 35696 naive_actor.cpp:25] actor 2199023255634 switch to &NaiveActor::HandlerNormal
I1014 10:18:02.249444 35686 naive_actor.cpp:25] actor 1099614388318 switch to &NaiveActor::HandlerNormal
I1014 10:18:02.249469 35696 thread.cpp:96] Thread 1048576 construct Actor kNormalForward 2199023255634
I1014 10:18:02.249502 35686 thread.cpp:96] Thread 524337 construct Actor kTick 1099614388318
I1014 10:18:02.249549 35696 runtime_context.cpp:29] DecreaseCounter constructing_actor_cnt, current val is 305
I1014 10:18:02.249583 35686 runtime_context.cpp:29] DecreaseCounter constructing_actor_cnt, current val is 304
I1014 10:18:02.249866 35686 naive_actor.cpp:25] actor 1099614388263 switch to &NaiveActor::HandlerNormal
I1014 10:18:02.249910 35686 thread.cpp:96] Thread 524337 construct Actor kTick 1099614388263
I1014 10:18:02.249969 35686 runtime_context.cpp:29] DecreaseCounter constructing_actor_cnt, current val is 303
I1014 10:18:02.250080 35696 naive_actor.cpp:25] actor 2199023255564 switch to &NaiveActor::HandlerNormal
I1014 10:18:02.250115 35696 thread.cpp:96] Thread 1048576 construct Actor kNormalForward 2199023255564
I1014 10:18:02.250222 35696 runtime_context.cpp:29] DecreaseCounter constructing_actor_cnt, current val is 302
I1014 10:18:02.250262 35686 naive_actor.cpp:25] actor 1099614388265 switch to &NaiveActor::HandlerNormal
I1014 10:18:02.250306 35686 thread.cpp:96] Thread 524337 construct Actor kTick 1099614388265
I1014 10:18:02.250370 35686 runtime_context.cpp:29] DecreaseCounter constructing_actor_cnt, current val is 301
I1014 10:18:02.250703 35686 naive_actor.cpp:25] actor 1099614388264 switch to &NaiveActor::HandlerNormal
I1014 10:18:02.250715 35696 naive_actor.cpp:25] actor 2199023255576 switch to &NaiveActor::HandlerNormal
I1014 10:18:02.250753 35686 thread.cpp:96] Thread 524337 construct Actor kDstSubsetTick 1099614388264
I1014 10:18:02.250777 35696 thread.cpp:96] Thread 1048576 construct Actor kNormalForward 2199023255576
I1014 10:18:02.250850 35686 runtime_context.cpp:29] DecreaseCounter constructing_actor_cnt, current val is 300
I1014 10:18:02.250857 35696 runtime_context.cpp:29] DecreaseCounter constructing_actor_cnt, current val is 299
I1014 10:18:02.251132 35686 naive_actor.cpp:25] actor 1099614388266 switch to &NaiveActor::HandlerNormal
I1014 10:18:02.251178 35686 thread.cpp:96] Thread 524337 construct Actor kTick 1099614388266
I1014 10:18:02.251240 35686 runtime_context.cpp:29] DecreaseCounter constructing_actor_cnt, current val is 298
I1014 10:18:02.251407 35696 naive_actor.cpp:25] actor 2199023255581 switch to &NaiveActor::HandlerNormal
I1014 10:18:02.251439 35696 thread.cpp:96] Thread 1048576 construct Actor kNormalForward 2199023255581
I1014 10:18:02.251485 35696 runtime_context.cpp:29] DecreaseCounter constructing_actor_cnt, current val is 297
I1014 10:18:02.251520 35686 naive_actor.cpp:25] actor 1099614388273 switch to &NaiveActor::HandlerNormal
I1014 10:18:02.251574 35686 thread.cpp:96] Thread 524337 construct Actor kTick 1099614388273
I1014 10:18:02.251636 35686 runtime_context.cpp:29] DecreaseCounter constructing_actor_cnt, current val is 296
I1014 10:18:02.251699 35696 naive_actor.cpp:25] actor 2199023255561 switch to &NaiveActor::HandlerNormal
I1014 10:18:02.251729 35696 thread.cpp:96] Thread 1048576 construct Actor kNormalForward 2199023255561
I1014 10:18:02.251773 35696 runtime_context.cpp:29] DecreaseCounter constructing_actor_cnt, current val is 295
I1014 10:18:02.251929 35686 naive_actor.cpp:25] actor 1099614388268 switch to &NaiveActor::HandlerNormal
I1014 10:18:02.251948 35696 naive_actor.cpp:25] actor 2199023255557 switch to &NaiveActor::HandlerNormal
I1014 10:18:02.251976 35686 thread.cpp:96] Thread 524337 construct Actor kSrcSubsetTick 1099614388268
I1014 10:18:02.251998 35696 thread.cpp:96] Thread 1048576 construct Actor kNormalForward 2199023255557
I1014 10:18:02.252056 35686 runtime_context.cpp:29] DecreaseCounter constructing_actor_cnt, current val is 294
I1014 10:18:02.252072 35696 runtime_context.cpp:29] DecreaseCounter constructing_actor_cnt, current val is 293
I1014 10:18:02.252334 35686 naive_actor.cpp:25] actor 1099614388320 switch to &NaiveActor::HandlerNormal
I1014 10:18:02.252379 35686 thread.cpp:96] Thread 524337 construct Actor kTick 1099614388320
I1014 10:18:02.252440 35686 runtime_context.cpp:29] DecreaseCounter constructing_actor_cnt, current val is 292
I1014 10:18:02.252601 35696 naive_actor.cpp:25] actor 2199023255609 switch to &NaiveActor::HandlerNormal
I1014 10:18:02.252631 35696 thread.cpp:96] Thread 1048576 construct Actor kNormalForward 2199023255609
I1014 10:18:02.252678 35696 runtime_context.cpp:29] DecreaseCounter constructing_actor_cnt, current val is 291
I1014 10:18:02.252763 35686 naive_actor.cpp:25] actor 1099614388274 switch to &NaiveActor::HandlerNormal
I1014 10:18:02.252804 35686 thread.cpp:96] Thread 524337 construct Actor kTick 1099614388274
I1014 10:18:02.252864 35686 runtime_context.cpp:29] DecreaseCounter constructing_actor_cnt, current val is 290
I1014 10:18:02.252873 35696 naive_actor.cpp:25] actor 2199023255568 switch to &NaiveActor::HandlerNormal
I1014 10:18:02.252921 35696 thread.cpp:96] Thread 1048576 construct Actor kNormalForward 2199023255568
I1014 10:18:02.252990 35696 runtime_context.cpp:29] DecreaseCounter constructing_actor_cnt, current val is 289
I1014 10:18:02.253154 35686 naive_actor.cpp:25] actor 1099614388271 switch to &NaiveActor::HandlerNormal
I1014 10:18:02.253196 35686 thread.cpp:96] Thread 524337 construct Actor kTick 1099614388271
I1014 10:18:02.253257 35686 runtime_context.cpp:29] DecreaseCounter constructing_actor_cnt, current val is 288
I1014 10:18:02.253527 35686 naive_actor.cpp:25] actor 1099614388267 switch to &NaiveActor::HandlerNormal
I1014 10:18:02.253592 35686 thread.cpp:96] Thread 524337 construct Actor kDeviceTick 1099614388267
I1014 10:18:02.253654 35686 runtime_context.cpp:29] DecreaseCounter constructing_actor_cnt, current val is 287
I1014 10:18:02.253990 35686 naive_actor.cpp:25] actor 1099614388280 switch to &NaiveActor::HandlerNormal
I1014 10:18:02.254034 35686 thread.cpp:96] Thread 524337 construct Actor kDstSubsetTick 1099614388280
I1014 10:18:02.254096 35686 runtime_context.cpp:29] DecreaseCounter constructing_actor_cnt, current val is 286
I1014 10:18:02.254194 35696 naive_actor.cpp:25] actor 2199023255552 switch to &NaiveActor::HandlerNormal
I1014 10:18:02.254281 35696 thread.cpp:96] Thread 1048576 construct Actor kNormalForward 2199023255552
I1014 10:18:02.254406 35686 naive_actor.cpp:25] actor 1099614388281 switch to &NaiveActor::HandlerNormal
I1014 10:18:02.254417 35696 runtime_context.cpp:29] DecreaseCounter constructing_actor_cnt, current val is 285
I1014 10:18:02.254456 35686 thread.cpp:96] Thread 524337 construct Actor kTick 1099614388281
I1014 10:18:02.254544 35686 runtime_context.cpp:29] DecreaseCounter constructing_actor_cnt, current val is 284
I1014 10:18:02.254853 35686 naive_actor.cpp:25] actor 1099614388275 switch to &NaiveActor::HandlerNormal
I1014 10:18:02.254899 35686 thread.cpp:96] Thread 524337 construct Actor kTick 1099614388275
I1014 10:18:02.254959 35686 runtime_context.cpp:29] DecreaseCounter constructing_actor_cnt, current val is 283
I1014 10:18:02.255285 35686 naive_actor.cpp:25] actor 1099614388272 switch to &NaiveActor::HandlerNormal
I1014 10:18:02.255357 35686 thread.cpp:96] Thread 524337 construct Actor kDstSubsetTick 1099614388272
I1014 10:18:02.255419 35686 runtime_context.cpp:29] DecreaseCounter constructing_actor_cnt, current val is 282
I1014 10:18:02.255843 35686 esac_actor.cpp:73] actor 1099614388321 switch to &EsacActor::HandlerNormal
I1014 10:18:02.255899 35686 thread.cpp:96] Thread 524337 construct Actor kEsac 1099614388321
I1014 10:18:02.255971 35686 runtime_context.cpp:29] DecreaseCounter constructing_actor_cnt, current val is 281
I1014 10:18:02.256115 35696 naive_actor.cpp:25] actor 2199023255566 switch to &NaiveActor::HandlerNormal
I1014 10:18:02.256175 35696 thread.cpp:96] Thread 1048576 construct Actor kNormalForward 2199023255566
I1014 10:18:02.256254 35696 runtime_context.cpp:29] DecreaseCounter constructing_actor_cnt, current val is 280
I1014 10:18:02.256260 35686 naive_actor.cpp:25] actor 1099614388282 switch to &NaiveActor::HandlerNormal
I1014 10:18:02.256327 35686 thread.cpp:96] Thread 524337 construct Actor kTick 1099614388282
I1014 10:18:02.256392 35686 runtime_context.cpp:29] DecreaseCounter constructing_actor_cnt, current val is 279
I1014 10:18:02.256687 35686 naive_actor.cpp:25] actor 1099614388277 switch to &NaiveActor::HandlerNormal
I1014 10:18:02.256733 35686 thread.cpp:96] Thread 524337 construct Actor kSrcSubsetTick 1099614388277
I1014 10:18:02.256793 35686 runtime_context.cpp:29] DecreaseCounter constructing_actor_cnt, current val is 278
I1014 10:18:02.257066 35686 naive_actor.cpp:25] actor 1099614388279 switch to &NaiveActor::HandlerNormal
I1014 10:18:02.257112 35686 thread.cpp:96] Thread 524337 construct Actor kTick 1099614388279
I1014 10:18:02.257171 35686 runtime_context.cpp:29] DecreaseCounter constructing_actor_cnt, current val is 277
I1014 10:18:02.257177 35696 naive_actor.cpp:25] actor 2199023255569 switch to &NaiveActor::HandlerNormal
I1014 10:18:02.257251 35696 thread.cpp:96] Thread 1048576 construct Actor kNormalForward 2199023255569
I1014 10:18:02.257427 35696 runtime_context.cpp:29] DecreaseCounter constructing_actor_cnt, current val is 276
I1014 10:18:02.257477 35686 naive_actor.cpp:25] actor 1099614388285 switch to &NaiveActor::HandlerNormal
I1014 10:18:02.257520 35686 thread.cpp:96] Thread 524337 construct Actor kTick 1099614388285
I1014 10:18:02.257591 35686 runtime_context.cpp:29] DecreaseCounter constructing_actor_cnt, current val is 275
I1014 10:18:02.257876 35686 naive_actor.cpp:25] actor 1099614388286 switch to &NaiveActor::HandlerNormal
I1014 10:18:02.257931 35686 thread.cpp:96] Thread 524337 construct Actor kTick 1099614388286
I1014 10:18:02.257987 35686 runtime_context.cpp:29] DecreaseCounter constructing_actor_cnt, current val is 274
