Log file created at: 2021/10/13 12:13:33
Running on machine: oneflow-14
Log line format: [IWEF]mmdd hh:mm:ss.uuuuuu threadid file:line] msg
I1013 12:13:33.847523 13124 global.h:36] NewGlobal 14cudaDeviceProp
I1013 12:13:33.848385 13124 global.h:36] NewGlobal N7oneflow7EnvDescE
I1013 12:13:33.848400 13124 global.h:36] NewGlobal N7oneflow10ProcessCtxE
I1013 12:13:33.848407 13124 env_global_objects_scope.cpp:152] using rpc backend: local
I1013 12:13:33.848419 13124 global.h:36] NewGlobal N7oneflow12ResourceDescE
I1013 12:13:33.848435 13124 global.h:36] NewGlobal N7oneflow12ResourceDescE
I1013 12:13:33.920439 13124 global.h:36] NewGlobal N7oneflow10ThreadPoolE
I1013 12:13:33.921900 13124 global.h:36] NewGlobal N7oneflow16EagerNcclCommMgrE
I1013 12:13:33.921919 13124 global.h:36] NewGlobal N7oneflow18CudnnConvAlgoCacheE
I1013 12:13:33.921928 13124 global.h:36] NewGlobal N7oneflow2vm19VirtualMachineScopeE
I1013 12:13:33.921941 13124 global.h:36] NewGlobal N7oneflow9OneflowVME
I1013 12:13:33.922988 13124 oneflow_vm.cpp:75] transport stream type: N7oneflow2vm13CpuStreamTypeE
I1013 12:13:33.923008 13124 oneflow_vm.cpp:75] transport stream type: N7oneflow2vm14CudaStreamTypeE
I1013 12:13:33.923017 13124 oneflow_vm.cpp:75] transport stream type: N7oneflow2vm19AsyncCudaStreamTypeE
I1013 12:13:33.923224 13124 global.h:36] NewGlobal N7oneflow27EagerJobBuildAndInferCtxMgrE
I1013 12:13:33.923244 13124 global.h:36] NewGlobal N7oneflow12EpollCommNetE
I1013 12:13:33.923400 13124 epoll_comm_network.cpp:63] CommNet:Epoll listening on 0.0.0.0:34476
I1013 12:13:33.923456 13124 epoll_comm_network.cpp:197] machine 0 sockfd -1
I1013 12:13:33.923595 13124 global.h:36] NewGlobal N7oneflow9TransportE
I1013 12:13:33.925843 13124 global.h:43] DeleteGlobal N7oneflow12ResourceDescE
I1013 12:13:33.925877 13124 version.cpp:22] OneFlow git version: b295ca2324
I1013 12:13:33.925896 13124 device_register_gpu.cpp:56] CUDA runtime version: 11.2
I1013 12:13:33.925918 13124 device_register_gpu.cpp:65] cuDNN version: 8.1.1
I1013 12:13:33.925930 13124 device_register_gpu.cpp:78] NCCL version: 2.9.8
I1013 12:13:33.925940 13124 global.h:36] NewGlobal N7oneflow12ResourceDescE
I1013 12:13:33.925948 13124 global.h:36] NewGlobal N7oneflow5IDMgrE
I1013 12:13:33.925956 13124 global.h:36] NewGlobal N7oneflow16AvailableMemDescE
I1013 12:13:33.925997 13124 global.h:36] NewGlobal St13unordered_mapISslSt4hashISsESt8equal_toISsESaISt4pairIKSslEEE
I1013 12:13:33.926007 13124 global.h:36] NewGlobal N7oneflow19CriticalSectionDescE
I1013 12:13:33.926013 13124 global.h:36] NewGlobal N7oneflow16InterUserJobInfoE
I1013 12:13:33.926023 13124 global.h:36] NewGlobal N7oneflow26LazyJobBuildAndInferCtxMgrE
I1013 12:13:33.926030 13124 global.h:36] NewGlobal N7oneflow16JobSetCompileCtxE
I1013 12:13:33.926038 13124 global.h:36] NewGlobal N7oneflow26RuntimeBufferManagersScopeE
I1013 12:13:33.926046 13124 global.h:36] NewGlobal N7oneflow9BufferMgrIlEE
I1013 12:13:33.926054 13124 global.h:36] NewGlobal N7oneflow9BufferMgrISt10shared_ptrINS_11JobInstanceEEEE
I1013 12:13:33.926061 13124 global.h:36] NewGlobal N7oneflow10RuntimeCtxE
I1013 12:13:33.926069 13124 global.h:36] NewGlobal N7oneflow15MemoryAllocatorE
I1013 12:13:33.926076 13124 global.h:36] NewGlobal N7oneflow8ChunkMgrE
I1013 12:13:33.926084 13124 global.h:36] NewGlobal N7oneflow8RegstMgrE
I1013 12:13:33.926090 13124 global.h:36] NewGlobal N7oneflow11ActorMsgBusE
I1013 12:13:33.926097 13124 global.h:36] NewGlobal N7oneflow9ThreadMgrE
I1013 12:13:33.926105 13124 global.h:36] NewGlobal N7oneflow15RuntimeJobDescsE
I1013 12:13:33.926112 13124 global.h:36] NewGlobal N7oneflow7summary12EventsWriterE
I1013 12:13:33.926122 13124 global.h:36] NewGlobal N7oneflow6boxing10collective24CollectiveBoxingExecutorE
I1013 12:13:33.926131 13124 global.h:36] NewGlobal N7oneflow6boxing10collective31CollectiveBoxingDeviceCtxPollerE
I1013 12:13:33.926270 13124 session.h:77] NewGlobal N7oneflow25SessionGlobalObjectsScopeE
I1013 12:13:33.927223 13124 global.h:36] NewGlobal N7oneflow7JobDescE
I1013 12:13:34.324640 13124 global.h:43] DeleteGlobal N7oneflow7JobDescE
I1013 12:13:34.324904 13124 global.h:36] NewGlobal N7oneflow7JobDescE
I1013 12:13:34.328035 13124 global.h:36] NewGlobal N7oneflow7OpGraphE
I1013 12:13:34.332072 13124 global.h:43] DeleteGlobal N7oneflow7OpGraphE
I1013 12:13:34.489420 13124 global.h:43] DeleteGlobal N7oneflow7JobDescE
I1013 12:13:34.505017 13124 global.h:36] NewGlobal N7oneflow24InterJobReuseMemStrategyE
I1013 12:13:34.505041 13124 global.h:36] NewGlobal N7oneflow7OneflowE
I1013 12:13:34.516842 13124 global.h:36] NewGlobal N7oneflow7JobDescE
I1013 12:13:34.721072 13124 global.h:36] NewGlobal N7oneflow7OpGraphE
I1013 12:13:34.792440 13124 global.h:43] DeleteGlobal N7oneflow7OpGraphE
I1013 12:13:34.801815 13124 oneflow.cpp:210] 
job_id: 0 , job_name: train_job , compile time: 0.284927 seconds.
I1013 12:13:34.848776 13124 global.h:43] DeleteGlobal N7oneflow7JobDescE
I1013 12:13:34.849066 13124 global.h:36] NewGlobal N7oneflow7JobDescE
I1013 12:13:34.895357 13124 global.h:36] NewGlobal N7oneflow7OpGraphE
I1013 12:13:34.912025 13124 global.h:43] DeleteGlobal N7oneflow7OpGraphE
I1013 12:13:34.916666 13124 oneflow.cpp:210] 
job_id: 1 , job_name: System-ModelInit , compile time: 0.067328 seconds.
I1013 12:13:34.928313 13124 global.h:43] DeleteGlobal N7oneflow7JobDescE
I1013 12:13:34.928339 13124 global.h:36] NewGlobal N7oneflow7JobDescE
I1013 12:13:34.972905 13124 global.h:36] NewGlobal N7oneflow7OpGraphE
I1013 12:13:34.990626 13124 global.h:43] DeleteGlobal N7oneflow7OpGraphE
I1013 12:13:34.995054 13124 oneflow.cpp:210] 
job_id: 2 , job_name: System-ModelLoad , compile time: 0.0666964 seconds.
I1013 12:13:35.008711 13124 global.h:43] DeleteGlobal N7oneflow7JobDescE
I1013 12:13:35.008738 13124 global.h:36] NewGlobal N7oneflow7JobDescE
I1013 12:13:35.053469 13124 global.h:36] NewGlobal N7oneflow7OpGraphE
I1013 12:13:35.070926 13124 global.h:43] DeleteGlobal N7oneflow7OpGraphE
I1013 12:13:35.075717 13124 oneflow.cpp:210] 
job_id: 3 , job_name: System-ModelSave , compile time: 0.0669606 seconds.
I1013 12:13:35.087610 13124 global.h:43] DeleteGlobal N7oneflow7JobDescE
I1013 12:13:35.087636 13124 global.h:36] NewGlobal N7oneflow7JobDescE
I1013 12:13:35.095854 13124 global.h:36] NewGlobal N7oneflow7OpGraphE
I1013 12:13:35.099506 13124 global.h:43] DeleteGlobal N7oneflow7OpGraphE
I1013 12:13:35.101259 13124 oneflow.cpp:210] 
job_id: 4 , job_name: System-Pull-Return_22 , compile time: 0.0136172 seconds.
I1013 12:13:35.104804 13124 global.h:43] DeleteGlobal N7oneflow7JobDescE
I1013 12:13:35.108892 13124 global.h:36] NewGlobal N7oneflow7JobDescE
I1013 12:13:35.108925 13124 global.h:36] NewGlobal N7oneflow7OpGraphE
I1013 12:13:35.114281 13124 global.h:43] DeleteGlobal N7oneflow7OpGraphE
I1013 12:13:35.117808 13124 oneflow.cpp:210] 
job_id: 5 , job_name: MainJob-unamed , compile time: 0.0088919 seconds.
I1013 12:13:35.124735 13124 global.h:43] DeleteGlobal N7oneflow7JobDescE
I1013 12:13:35.127228 13124 plan_util.cpp:928]  Plan: merged_plan needs to allocate [ 374.89 MiB ] device memory in Rank: 0 , Device: 0
I1013 12:13:35.228860 13124 oneflow.cpp:998]  PushPlan merged_plan time: 0.00934605 seconds.
I1013 12:13:35.257035 13124 oneflow.cpp:1014]  PullPlan merged_plan time: 0.024438 seconds.
I1013 12:13:37.428406 13124 runtime_context.cpp:21] NewCounter constructing_actor_cnt 392
I1013 12:13:37.429483 13661 naive_actor.cpp:25] actor 2199023255699 switch to &NaiveActor::HandlerNormal
I1013 12:13:37.429543 13657 naive_actor.cpp:25] actor 1099614388233 switch to &NaiveActor::HandlerNormal
I1013 12:13:37.429692 13661 thread.cpp:96] Thread 1048576 construct Actor kDeviceTick 2199023255699
I1013 12:13:37.429780 13657 thread.cpp:96] Thread 524337 construct Actor kDeviceTick 1099614388233
I1013 12:13:37.429903 13661 runtime_context.cpp:29] DecreaseCounter constructing_actor_cnt, current val is 391
I1013 12:13:37.429935 13657 runtime_context.cpp:29] DecreaseCounter constructing_actor_cnt, current val is 390
I1013 12:13:37.429966 13658 wait_and_send_ids_actor.cpp:53] actor 1099616485376 switch to &WaitAndSendIdsActor::HandlerWaitToStart
I1013 12:13:37.430076 13658 thread.cpp:96] Thread 524338 construct Actor kWaitAndSendIds 1099616485376
I1013 12:13:37.430207 13661 naive_actor.cpp:25] actor 2199023255738 switch to &NaiveActor::HandlerNormal
I1013 12:13:37.430224 13657 naive_actor.cpp:25] actor 1099614388226 switch to &NaiveActor::HandlerNormal
I1013 12:13:37.430303 13661 thread.cpp:96] Thread 1048576 construct Actor kDeviceTick 2199023255738
I1013 12:13:37.430353 13658 runtime_context.cpp:29] DecreaseCounter constructing_actor_cnt, current val is 389
I1013 12:13:37.430349 13657 thread.cpp:96] Thread 524337 construct Actor kDeviceTick 1099614388226
I1013 12:13:37.430405 13661 runtime_context.cpp:29] DecreaseCounter constructing_actor_cnt, current val is 388
I1013 12:13:37.430449 13657 runtime_context.cpp:29] DecreaseCounter constructing_actor_cnt, current val is 387
I1013 12:13:37.430691 13661 naive_actor.cpp:25] actor 2199023255777 switch to &NaiveActor::HandlerNormal
I1013 12:13:37.430716 13657 naive_actor.cpp:25] actor 1099614388243 switch to &NaiveActor::HandlerNormal
I1013 12:13:37.430752 13661 thread.cpp:96] Thread 1048576 construct Actor kDeviceTick 2199023255777
I1013 12:13:37.430781 13657 thread.cpp:96] Thread 524337 construct Actor kDeviceTick 1099614388243
I1013 12:13:37.430843 13661 runtime_context.cpp:29] DecreaseCounter constructing_actor_cnt, current val is 386
I1013 12:13:37.430855 13657 runtime_context.cpp:29] DecreaseCounter constructing_actor_cnt, current val is 385
I1013 12:13:37.431075 13661 naive_actor.cpp:25] actor 2199023255816 switch to &NaiveActor::HandlerNormal
I1013 12:13:37.431097 13657 naive_actor.cpp:25] actor 1099614388252 switch to &NaiveActor::HandlerNormal
I1013 12:13:37.431133 13661 thread.cpp:96] Thread 1048576 construct Actor kDeviceTick 2199023255816
I1013 12:13:37.431159 13657 thread.cpp:96] Thread 524337 construct Actor kDeviceTick 1099614388252
I1013 12:13:37.431222 13661 runtime_context.cpp:29] DecreaseCounter constructing_actor_cnt, current val is 384
I1013 12:13:37.431232 13657 runtime_context.cpp:29] DecreaseCounter constructing_actor_cnt, current val is 383
I1013 12:13:37.431481 13657 naive_actor.cpp:25] actor 1099614388261 switch to &NaiveActor::HandlerNormal
I1013 12:13:37.431514 13657 thread.cpp:96] Thread 524337 construct Actor kDeviceTick 1099614388261
I1013 12:13:37.431560 13657 runtime_context.cpp:29] DecreaseCounter constructing_actor_cnt, current val is 382
I1013 12:13:37.431773 13657 naive_actor.cpp:25] actor 1099614388269 switch to &NaiveActor::HandlerNormal
I1013 12:13:37.431803 13657 thread.cpp:96] Thread 524337 construct Actor kDeviceTick 1099614388269
I1013 12:13:37.431847 13657 runtime_context.cpp:29] DecreaseCounter constructing_actor_cnt, current val is 381
I1013 12:13:37.432065 13657 naive_actor.cpp:25] actor 1099614388276 switch to &NaiveActor::HandlerNormal
I1013 12:13:37.432096 13657 thread.cpp:96] Thread 524337 construct Actor kDeviceTick 1099614388276
I1013 12:13:37.432144 13657 runtime_context.cpp:29] DecreaseCounter constructing_actor_cnt, current val is 380
I1013 12:13:37.439213 13639 naive_actor.cpp:25] actor 1099524210688 switch to &NaiveActor::HandlerNormal
I1013 12:13:37.439324 13653 naive_actor.cpp:25] actor 1099553570816 switch to &NaiveActor::HandlerNormal
I1013 12:13:37.439419 13648 naive_actor.cpp:25] actor 1099543085056 switch to &NaiveActor::HandlerNormal
I1013 12:13:37.439514 13650 naive_actor.cpp:25] actor 1099547279360 switch to &NaiveActor::HandlerNormal
I1013 12:13:37.439343 13639 thread.cpp:96] Thread 524294 construct Actor kNormalForward 1099524210688
I1013 12:13:37.439613 13647 naive_actor.cpp:25] actor 1099540987904 switch to &NaiveActor::HandlerNormal
I1013 12:13:37.439303 13640 naive_actor.cpp:25] actor 1099526307840 switch to &NaiveActor::HandlerNormal
I1013 12:13:37.439846 13651 naive_actor.cpp:25] actor 1099549376512 switch to &NaiveActor::HandlerNormal
I1013 12:13:37.439914 13636 naive_actor.cpp:25] actor 1099517919232 switch to &NaiveActor::HandlerNormal
I1013 12:13:37.440097 13636 thread.cpp:96] Thread 524291 construct Actor kNormalForward 1099517919232
I1013 12:13:37.439530 13648 thread.cpp:96] Thread 524303 construct Actor kNormalForward 1099543085056
I1013 12:13:37.439550 13642 naive_actor.cpp:25] actor 1099530502144 switch to &NaiveActor::HandlerNormal
I1013 12:13:37.439569 13644 naive_actor.cpp:25] actor 1099534696448 switch to &NaiveActor::HandlerNormal
I1013 12:13:37.439574 13650 thread.cpp:96] Thread 524305 construct Actor kNormalForward 1099547279360
I1013 12:13:37.439591 13659 sink_actor.cpp:21] actor 1099618582528 switch to &SinkActor::HandlerNormal
I1013 12:13:37.439363 13656 naive_actor.cpp:25] actor 1099559862272 switch to &NaiveActor::HandlerNormal
I1013 12:13:37.440737 13656 thread.cpp:96] Thread 524311 construct Actor kForeignOutput 1099559862272
I1013 12:13:37.439680 13657 naive_actor.cpp:25] actor 1099614388229 switch to &NaiveActor::HandlerNormal
I1013 12:13:37.441304 13657 thread.cpp:96] Thread 524337 construct Actor kDstSubsetTick 1099614388229
I1013 12:13:37.439680 13654 naive_actor.cpp:25] actor 1099555667968 switch to &NaiveActor::HandlerNormal
I1013 12:13:37.441385 13657 runtime_context.cpp:29] DecreaseCounter constructing_actor_cnt, current val is 374
I1013 12:13:37.439731 13665 naive_actor.cpp:25] actor 2199027449858 switch to &NaiveActor::HandlerNormal
I1013 12:13:37.441566 13665 thread.cpp:96] Thread 1048578 construct Actor kCopyHd 2199027449858
I1013 12:13:37.439791 13652 naive_actor.cpp:25] actor 1099551473664 switch to &NaiveActor::HandlerNormal
I1013 12:13:37.441715 13652 thread.cpp:96] Thread 524307 construct Actor kForeignInput 1099551473664
I1013 12:13:37.439850 13655 naive_actor.cpp:25] actor 1099557765120 switch to &NaiveActor::HandlerNormal
I1013 12:13:37.441860 13655 thread.cpp:96] Thread 524310 construct Actor kNormalForward 1099557765120
I1013 12:13:37.439462 13653 thread.cpp:96] Thread 524308 construct Actor kNormalForward 1099553570816
I1013 12:13:37.439894 13643 naive_actor.cpp:25] actor 1099532599296 switch to &NaiveActor::HandlerNormal
I1013 12:13:37.442121 13643 thread.cpp:96] Thread 524298 construct Actor kNormalForward 1099532599296
I1013 12:13:37.439921 13651 thread.cpp:96] Thread 524306 construct Actor kNormalForward 1099549376512
I1013 12:13:37.439218 13638 naive_actor.cpp:25] actor 1099522113536 switch to &NaiveActor::HandlerNormal
I1013 12:13:37.442250 13651 runtime_context.cpp:29] DecreaseCounter constructing_actor_cnt, current val is 368
I1013 12:13:37.442272 13638 thread.cpp:96] Thread 524293 construct Actor kNormalForward 1099522113536
I1013 12:13:37.440038 13649 naive_actor.cpp:25] actor 1099545182208 switch to &NaiveActor::HandlerNormal
I1013 12:13:37.442409 13649 thread.cpp:96] Thread 524304 construct Actor kForeignInput 1099545182208
I1013 12:13:37.440110 13645 naive_actor.cpp:25] actor 1099536793600 switch to &NaiveActor::HandlerNormal
I1013 12:13:37.442500 13649 runtime_context.cpp:29] DecreaseCounter constructing_actor_cnt, current val is 366
I1013 12:13:37.442515 13645 thread.cpp:96] Thread 524300 construct Actor kNormalForward 1099536793600
I1013 12:13:37.440233 13636 runtime_context.cpp:29] DecreaseCounter constructing_actor_cnt, current val is 378
I1013 12:13:37.440241 13634 naive_actor.cpp:25] actor 1099513724928 switch to &NaiveActor::HandlerNormal
I1013 12:13:37.442732 13634 thread.cpp:96] Thread 524289 construct Actor kNormalForward 1099513724928
I1013 12:13:37.440445 13642 thread.cpp:96] Thread 524297 construct Actor kNormalForward 1099530502144
I1013 12:13:37.442819 13634 runtime_context.cpp:29] DecreaseCounter constructing_actor_cnt, current val is 364
I1013 12:13:37.440515 13644 thread.cpp:96] Thread 524299 construct Actor kNormalForward 1099534696448
I1013 12:13:37.440549 13637 naive_actor.cpp:25] actor 1099520016384 switch to &NaiveActor::HandlerNormal
I1013 12:13:37.442972 13644 runtime_context.cpp:29] DecreaseCounter constructing_actor_cnt, current val is 362
I1013 12:13:37.442992 13637 thread.cpp:96] Thread 524292 construct Actor kNormalForward 1099520016384
I1013 12:13:37.440635 13659 thread.cpp:96] Thread 524339 construct Actor kCallbackNotify 1099618582528
I1013 12:13:37.439689 13639 runtime_context.cpp:29] DecreaseCounter constructing_actor_cnt, current val is 379
I1013 12:13:37.441273 13656 runtime_context.cpp:29] DecreaseCounter constructing_actor_cnt, current val is 375
I1013 12:13:37.441377 13654 thread.cpp:96] Thread 524309 construct Actor kNormalForward 1099555667968
I1013 12:13:37.439713 13663 naive_actor.cpp:25] actor 2199025352704 switch to &NaiveActor::HandlerNormal
I1013 12:13:37.439760 13647 thread.cpp:96] Thread 524302 construct Actor kNormalForward 1099540987904
I1013 12:13:37.441643 13665 runtime_context.cpp:29] DecreaseCounter constructing_actor_cnt, current val is 373
I1013 12:13:37.439821 13661 naive_actor.cpp:25] actor 2199023255588 switch to &NaiveActor::HandlerNormal
I1013 12:13:37.443897 13661 thread.cpp:96] Thread 1048576 construct Actor kNormalForward 2199023255588
I1013 12:13:37.441818 13652 runtime_context.cpp:29] DecreaseCounter constructing_actor_cnt, current val is 372
I1013 12:13:37.443976 13661 runtime_context.cpp:29] DecreaseCounter constructing_actor_cnt, current val is 357
I1013 12:13:37.439855 13640 thread.cpp:96] Thread 524295 construct Actor kNormalForward 1099526307840
I1013 12:13:37.441946 13655 runtime_context.cpp:29] DecreaseCounter constructing_actor_cnt, current val is 371
I1013 12:13:37.442028 13653 runtime_context.cpp:29] DecreaseCounter constructing_actor_cnt, current val is 370
I1013 12:13:37.442221 13643 runtime_context.cpp:29] DecreaseCounter constructing_actor_cnt, current val is 369
I1013 12:13:37.439980 13646 naive_actor.cpp:25] actor 1099538890752 switch to &NaiveActor::HandlerNormal
I1013 12:13:37.444689 13646 thread.cpp:96] Thread 524301 construct Actor kForeignInput 1099538890752
I1013 12:13:37.442350 13638 runtime_context.cpp:29] DecreaseCounter constructing_actor_cnt, current val is 367
I1013 12:13:37.444775 13646 runtime_context.cpp:29] DecreaseCounter constructing_actor_cnt, current val is 355
I1013 12:13:37.440156 13635 naive_actor.cpp:25] actor 1099515822080 switch to &NaiveActor::HandlerNormal
I1013 12:13:37.444873 13635 thread.cpp:96] Thread 524290 construct Actor kNormalForward 1099515822080
I1013 12:13:37.440457 13648 runtime_context.cpp:29] DecreaseCounter constructing_actor_cnt, current val is 377
I1013 12:13:37.442878 13642 runtime_context.cpp:29] DecreaseCounter constructing_actor_cnt, current val is 363
I1013 12:13:37.440604 13650 runtime_context.cpp:29] DecreaseCounter constructing_actor_cnt, current val is 376
I1013 12:13:37.443084 13637 runtime_context.cpp:29] DecreaseCounter constructing_actor_cnt, current val is 361
I1013 12:13:37.443179 13659 runtime_context.cpp:29] DecreaseCounter constructing_actor_cnt, current val is 360
I1013 12:13:37.443564 13654 runtime_context.cpp:29] DecreaseCounter constructing_actor_cnt, current val is 359
I1013 12:13:37.443635 13663 thread.cpp:96] Thread 1048577 construct Actor kCopyHd 2199025352704
I1013 12:13:37.443765 13647 runtime_context.cpp:29] DecreaseCounter constructing_actor_cnt, current val is 358
I1013 12:13:37.445569 13663 runtime_context.cpp:29] DecreaseCounter constructing_actor_cnt, current val is 353
I1013 12:13:37.443945 13665 naive_actor.cpp:25] actor 2199027449856 switch to &NaiveActor::HandlerNormal
I1013 12:13:37.445679 13665 thread.cpp:96] Thread 1048578 construct Actor kCopyHd 2199027449856
I1013 12:13:37.441872 13657 naive_actor.cpp:25] actor 1099614388231 switch to &NaiveActor::HandlerNormal
I1013 12:13:37.445735 13663 naive_actor.cpp:25] actor 2199025352707 switch to &NaiveActor::HandlerNormal
I1013 12:13:37.442608 13645 runtime_context.cpp:29] DecreaseCounter constructing_actor_cnt, current val is 365
I1013 12:13:37.439525 13641 naive_actor.cpp:25] actor 1099528404992 switch to &NaiveActor::HandlerNormal
I1013 12:13:37.444993 13635 runtime_context.cpp:29] DecreaseCounter constructing_actor_cnt, current val is 354
I1013 12:13:37.445477 13661 naive_actor.cpp:25] actor 2199023255558 switch to &NaiveActor::HandlerNormal
I1013 12:13:37.445742 13665 runtime_context.cpp:29] DecreaseCounter constructing_actor_cnt, current val is 352
I1013 12:13:37.445906 13661 thread.cpp:96] Thread 1048576 construct Actor kNormalForward 2199023255558
I1013 12:13:37.445756 13657 thread.cpp:96] Thread 524337 construct Actor kTick 1099614388231
I1013 12:13:37.445768 13663 thread.cpp:96] Thread 1048577 construct Actor kCopyHd 2199025352707
I1013 12:13:37.446152 13657 runtime_context.cpp:29] DecreaseCounter constructing_actor_cnt, current val is 350
I1013 12:13:37.445834 13641 thread.cpp:96] Thread 524296 construct Actor kNormalForward 1099528404992
I1013 12:13:37.443842 13633 naive_actor.cpp:25] actor 1099511627776 switch to &NaiveActor::HandlerNormal
I1013 12:13:37.446064 13665 naive_actor.cpp:25] actor 2199027449857 switch to &NaiveActor::HandlerNormal
I1013 12:13:37.446071 13661 runtime_context.cpp:29] DecreaseCounter constructing_actor_cnt, current val is 351
I1013 12:13:37.446192 13663 runtime_context.cpp:29] DecreaseCounter constructing_actor_cnt, current val is 349
I1013 12:13:37.444324 13640 runtime_context.cpp:29] DecreaseCounter constructing_actor_cnt, current val is 356
I1013 12:13:37.446251 13633 thread.cpp:96] Thread 524288 construct Actor kNormalForward 1099511627776
I1013 12:13:37.446264 13641 runtime_context.cpp:29] DecreaseCounter constructing_actor_cnt, current val is 348
I1013 12:13:37.446683 13661 naive_actor.cpp:25] actor 2199023255557 switch to &NaiveActor::HandlerNormal
I1013 12:13:37.446636 13633 runtime_context.cpp:29] DecreaseCounter constructing_actor_cnt, current val is 347
I1013 12:13:37.446596 13663 naive_actor.cpp:25] actor 2199025352706 switch to &NaiveActor::HandlerNormal
I1013 12:13:37.446666 13657 naive_actor.cpp:25] actor 1099614388317 switch to &NaiveActor::HandlerNormal
I1013 12:13:37.446286 13665 thread.cpp:96] Thread 1048578 construct Actor kCopyHd 2199027449857
I1013 12:13:37.446744 13661 thread.cpp:96] Thread 1048576 construct Actor kNormalForward 2199023255557
I1013 12:13:37.446806 13663 thread.cpp:96] Thread 1048577 construct Actor kCopyHd 2199025352706
I1013 12:13:37.446838 13657 thread.cpp:96] Thread 524337 construct Actor kTick 1099614388317
I1013 12:13:37.446911 13665 runtime_context.cpp:29] DecreaseCounter constructing_actor_cnt, current val is 346
I1013 12:13:37.446954 13663 runtime_context.cpp:29] DecreaseCounter constructing_actor_cnt, current val is 344
I1013 12:13:37.446951 13661 runtime_context.cpp:29] DecreaseCounter constructing_actor_cnt, current val is 345
I1013 12:13:37.446986 13657 runtime_context.cpp:29] DecreaseCounter constructing_actor_cnt, current val is 343
I1013 12:13:37.447130 13663 naive_actor.cpp:25] actor 2199025352708 switch to &NaiveActor::HandlerNormal
I1013 12:13:37.447176 13663 thread.cpp:96] Thread 1048577 construct Actor kCopyHd 2199025352708
I1013 12:13:37.447216 13663 runtime_context.cpp:29] DecreaseCounter constructing_actor_cnt, current val is 342
I1013 12:13:37.447365 13663 naive_actor.cpp:25] actor 2199025352705 switch to &NaiveActor::HandlerNormal
I1013 12:13:37.447417 13663 thread.cpp:96] Thread 1048577 construct Actor kCopyHd 2199025352705
I1013 12:13:37.447466 13663 runtime_context.cpp:29] DecreaseCounter constructing_actor_cnt, current val is 341
I1013 12:13:37.447543 13657 naive_actor.cpp:25] actor 1099614388225 switch to &NaiveActor::HandlerNormal
I1013 12:13:37.447607 13663 naive_actor.cpp:25] actor 2199025352709 switch to &NaiveActor::HandlerNormal
I1013 12:13:37.447657 13657 thread.cpp:96] Thread 524337 construct Actor kSrcSubsetTick 1099614388225
I1013 12:13:37.447697 13663 thread.cpp:96] Thread 1048577 construct Actor kCopyHd 2199025352709
I1013 12:13:37.447769 13663 runtime_context.cpp:29] DecreaseCounter constructing_actor_cnt, current val is 340
I1013 12:13:37.447777 13657 runtime_context.cpp:29] DecreaseCounter constructing_actor_cnt, current val is 339
I1013 12:13:37.447929 13661 naive_actor.cpp:25] actor 2199023255565 switch to &NaiveActor::HandlerNormal
I1013 12:13:37.447983 13661 thread.cpp:96] Thread 1048576 construct Actor kNormalForward 2199023255565
I1013 12:13:37.447986 13663 naive_actor.cpp:25] actor 2199025352710 switch to &NaiveActor::HandlerNormal
I1013 12:13:37.448050 13663 thread.cpp:96] Thread 1048577 construct Actor kCopyHd 2199025352710
I1013 12:13:37.448077 13661 runtime_context.cpp:29] DecreaseCounter constructing_actor_cnt, current val is 338
I1013 12:13:37.448091 13663 runtime_context.cpp:29] DecreaseCounter constructing_actor_cnt, current val is 337
I1013 12:13:37.448356 13657 esac_actor.cpp:73] actor 1099614388321 switch to &EsacActor::HandlerNormal
I1013 12:13:37.448439 13657 thread.cpp:96] Thread 524337 construct Actor kEsac 1099614388321
I1013 12:13:37.448575 13657 runtime_context.cpp:29] DecreaseCounter constructing_actor_cnt, current val is 336
I1013 12:13:37.448906 13657 naive_actor.cpp:25] actor 1099614388224 switch to &NaiveActor::HandlerNormal
I1013 12:13:37.448961 13657 thread.cpp:96] Thread 524337 construct Actor kDeviceTick 1099614388224
I1013 12:13:37.449020 13657 runtime_context.cpp:29] DecreaseCounter constructing_actor_cnt, current val is 335
I1013 12:13:37.449201 13661 naive_actor.cpp:25] actor 2199023255607 switch to &NaiveActor::HandlerNormal
I1013 12:13:37.449259 13661 thread.cpp:96] Thread 1048576 construct Actor kNormalForward 2199023255607
I1013 12:13:37.449332 13661 runtime_context.cpp:29] DecreaseCounter constructing_actor_cnt, current val is 334
I1013 12:13:37.449335 13657 naive_actor.cpp:25] actor 1099614388236 switch to &NaiveActor::HandlerNormal
I1013 12:13:37.449398 13657 thread.cpp:96] Thread 524337 construct Actor kTick 1099614388236
I1013 12:13:37.449468 13657 runtime_context.cpp:29] DecreaseCounter constructing_actor_cnt, current val is 333
I1013 12:13:37.449788 13657 naive_actor.cpp:25] actor 1099614388239 switch to &NaiveActor::HandlerNormal
I1013 12:13:37.449841 13657 thread.cpp:96] Thread 524337 construct Actor kTick 1099614388239
I1013 12:13:37.449898 13657 runtime_context.cpp:29] DecreaseCounter constructing_actor_cnt, current val is 332
I1013 12:13:37.450172 13661 naive_actor.cpp:25] actor 2199023255562 switch to &NaiveActor::HandlerNormal
I1013 12:13:37.450224 13657 naive_actor.cpp:25] actor 1099614388228 switch to &NaiveActor::HandlerNormal
I1013 12:13:37.450228 13661 thread.cpp:96] Thread 1048576 construct Actor kNormalForward 2199023255562
I1013 12:13:37.450261 13657 thread.cpp:96] Thread 524337 construct Actor kTick 1099614388228
I1013 12:13:37.450338 13661 runtime_context.cpp:29] DecreaseCounter constructing_actor_cnt, current val is 331
I1013 12:13:37.450341 13657 runtime_context.cpp:29] DecreaseCounter constructing_actor_cnt, current val is 330
I1013 12:13:37.450655 13661 naive_actor.cpp:25] actor 2199023255563 switch to &NaiveActor::HandlerNormal
I1013 12:13:37.450665 13657 naive_actor.cpp:25] actor 1099614388230 switch to &NaiveActor::HandlerNormal
I1013 12:13:37.450709 13661 thread.cpp:96] Thread 1048576 construct Actor kNormalForward 2199023255563
I1013 12:13:37.450736 13657 thread.cpp:96] Thread 524337 construct Actor kTick 1099614388230
I1013 12:13:37.450799 13661 runtime_context.cpp:29] DecreaseCounter constructing_actor_cnt, current val is 329
I1013 12:13:37.450829 13657 runtime_context.cpp:29] DecreaseCounter constructing_actor_cnt, current val is 328
I1013 12:13:37.451103 13661 naive_actor.cpp:25] actor 2199023255573 switch to &NaiveActor::HandlerNormal
I1013 12:13:37.451118 13657 naive_actor.cpp:25] actor 1099614388238 switch to &NaiveActor::HandlerNormal
I1013 12:13:37.451156 13661 thread.cpp:96] Thread 1048576 construct Actor kNormalForward 2199023255573
I1013 12:13:37.451181 13657 thread.cpp:96] Thread 524337 construct Actor kTick 1099614388238
I1013 12:13:37.451241 13661 runtime_context.cpp:29] DecreaseCounter constructing_actor_cnt, current val is 327
I1013 12:13:37.451251 13657 runtime_context.cpp:29] DecreaseCounter constructing_actor_cnt, current val is 326
I1013 12:13:37.451525 13661 naive_actor.cpp:25] actor 2199023255561 switch to &NaiveActor::HandlerNormal
I1013 12:13:37.451572 13657 naive_actor.cpp:25] actor 1099614388237 switch to &NaiveActor::HandlerNormal
I1013 12:13:37.451575 13661 thread.cpp:96] Thread 1048576 construct Actor kNormalForward 2199023255561
I1013 12:13:37.451608 13657 thread.cpp:96] Thread 524337 construct Actor kDstSubsetTick 1099614388237
I1013 12:13:37.451670 13661 runtime_context.cpp:29] DecreaseCounter constructing_actor_cnt, current val is 325
I1013 12:13:37.451684 13657 runtime_context.cpp:29] DecreaseCounter constructing_actor_cnt, current val is 324
I1013 12:13:37.452008 13657 naive_actor.cpp:25] actor 1099614388232 switch to &NaiveActor::HandlerNormal
I1013 12:13:37.452060 13657 thread.cpp:96] Thread 524337 construct Actor kTick 1099614388232
I1013 12:13:37.452116 13657 runtime_context.cpp:29] DecreaseCounter constructing_actor_cnt, current val is 323
I1013 12:13:37.452389 13657 naive_actor.cpp:25] actor 1099614388234 switch to &NaiveActor::HandlerNormal
I1013 12:13:37.452446 13657 thread.cpp:96] Thread 524337 construct Actor kSrcSubsetTick 1099614388234
I1013 12:13:37.452500 13657 runtime_context.cpp:29] DecreaseCounter constructing_actor_cnt, current val is 322
I1013 12:13:37.452566 13661 naive_actor.cpp:25] actor 2199023255574 switch to &NaiveActor::HandlerNormal
I1013 12:13:37.452620 13661 thread.cpp:96] Thread 1048576 construct Actor kNormalForward 2199023255574
I1013 12:13:37.452695 13661 runtime_context.cpp:29] DecreaseCounter constructing_actor_cnt, current val is 321
I1013 12:13:37.452860 13657 naive_actor.cpp:25] actor 1099614388246 switch to &NaiveActor::HandlerNormal
I1013 12:13:37.452909 13657 thread.cpp:96] Thread 524337 construct Actor kDstSubsetTick 1099614388246
I1013 12:13:37.452968 13657 runtime_context.cpp:29] DecreaseCounter constructing_actor_cnt, current val is 320
I1013 12:13:37.453277 13657 naive_actor.cpp:25] actor 1099614388240 switch to &NaiveActor::HandlerNormal
I1013 12:13:37.453325 13657 thread.cpp:96] Thread 524337 construct Actor kTick 1099614388240
I1013 12:13:37.453378 13657 runtime_context.cpp:29] DecreaseCounter constructing_actor_cnt, current val is 319
I1013 12:13:37.453588 13661 naive_actor.cpp:25] actor 2199023255577 switch to &NaiveActor::HandlerNormal
I1013 12:13:37.453644 13661 thread.cpp:96] Thread 1048576 construct Actor kNormalForward 2199023255577
I1013 12:13:37.453701 13657 naive_actor.cpp:25] actor 1099614388320 switch to &NaiveActor::HandlerNormal
I1013 12:13:37.453708 13661 runtime_context.cpp:29] DecreaseCounter constructing_actor_cnt, current val is 318
I1013 12:13:37.453737 13657 thread.cpp:96] Thread 524337 construct Actor kTick 1099614388320
I1013 12:13:37.453809 13657 runtime_context.cpp:29] DecreaseCounter constructing_actor_cnt, current val is 317
I1013 12:13:37.454030 13661 naive_actor.cpp:25] actor 2199023255571 switch to &NaiveActor::HandlerNormal
I1013 12:13:37.454079 13661 thread.cpp:96] Thread 1048576 construct Actor kNormalForward 2199023255571
I1013 12:13:37.454105 13657 naive_actor.cpp:25] actor 1099614388241 switch to &NaiveActor::HandlerNormal
I1013 12:13:37.454136 13661 runtime_context.cpp:29] DecreaseCounter constructing_actor_cnt, current val is 316
I1013 12:13:37.454138 13657 thread.cpp:96] Thread 524337 construct Actor kDeviceTick 1099614388241
I1013 12:13:37.454213 13657 runtime_context.cpp:29] DecreaseCounter constructing_actor_cnt, current val is 315
I1013 12:13:37.454521 13657 naive_actor.cpp:25] actor 1099614388245 switch to &NaiveActor::HandlerNormal
I1013 12:13:37.454567 13657 thread.cpp:96] Thread 524337 construct Actor kTick 1099614388245
I1013 12:13:37.454619 13657 runtime_context.cpp:29] DecreaseCounter constructing_actor_cnt, current val is 314
I1013 12:13:37.454917 13657 naive_actor.cpp:25] actor 1099614388242 switch to &NaiveActor::HandlerNormal
I1013 12:13:37.454933 13661 naive_actor.cpp:25] actor 2199023255619 switch to &NaiveActor::HandlerNormal
I1013 12:13:37.454970 13657 thread.cpp:96] Thread 524337 construct Actor kSrcSubsetTick 1099614388242
I1013 12:13:37.454998 13661 thread.cpp:96] Thread 1048576 construct Actor kNormalForward 2199023255619
I1013 12:13:37.455052 13657 runtime_context.cpp:29] DecreaseCounter constructing_actor_cnt, current val is 313
I1013 12:13:37.455085 13661 runtime_context.cpp:29] DecreaseCounter constructing_actor_cnt, current val is 312
I1013 12:13:37.455343 13657 naive_actor.cpp:25] actor 1099614388248 switch to &NaiveActor::HandlerNormal
I1013 12:13:37.455390 13657 thread.cpp:96] Thread 524337 construct Actor kTick 1099614388248
I1013 12:13:37.455564 13657 runtime_context.cpp:29] DecreaseCounter constructing_actor_cnt, current val is 311
I1013 12:13:37.455868 13657 naive_actor.cpp:25] actor 1099614388247 switch to &NaiveActor::HandlerNormal
I1013 12:13:37.455878 13661 naive_actor.cpp:25] actor 2199023255613 switch to &NaiveActor::HandlerNormal
I1013 12:13:37.455920 13657 thread.cpp:96] Thread 524337 construct Actor kTick 1099614388247
I1013 12:13:37.455948 13661 thread.cpp:96] Thread 1048576 construct Actor kNormalForward 2199023255613
I1013 12:13:37.456002 13657 runtime_context.cpp:29] DecreaseCounter constructing_actor_cnt, current val is 310
I1013 12:13:37.456027 13661 runtime_context.cpp:29] DecreaseCounter constructing_actor_cnt, current val is 309
I1013 12:13:37.456277 13657 naive_actor.cpp:25] actor 1099614388249 switch to &NaiveActor::HandlerNormal
I1013 12:13:37.456324 13661 naive_actor.cpp:25] actor 2199023255581 switch to &NaiveActor::HandlerNormal
I1013 12:13:37.456326 13657 thread.cpp:96] Thread 524337 construct Actor kTick 1099614388249
I1013 12:13:37.456363 13661 thread.cpp:96] Thread 1048576 construct Actor kNormalForward 2199023255581
I1013 12:13:37.456419 13657 runtime_context.cpp:29] DecreaseCounter constructing_actor_cnt, current val is 308
I1013 12:13:37.456449 13661 runtime_context.cpp:29] DecreaseCounter constructing_actor_cnt, current val is 307
I1013 12:13:37.456718 13657 naive_actor.cpp:25] actor 1099614388251 switch to &NaiveActor::HandlerNormal
I1013 12:13:37.456727 13661 naive_actor.cpp:25] actor 2199023255576 switch to &NaiveActor::HandlerNormal
I1013 12:13:37.456765 13657 thread.cpp:96] Thread 524337 construct Actor kSrcSubsetTick 1099614388251
I1013 12:13:37.456790 13661 thread.cpp:96] Thread 1048576 construct Actor kNormalForward 2199023255576
I1013 12:13:37.456845 13657 runtime_context.cpp:29] DecreaseCounter constructing_actor_cnt, current val is 306
I1013 12:13:37.456862 13661 runtime_context.cpp:29] DecreaseCounter constructing_actor_cnt, current val is 305
I1013 12:13:37.457116 13657 naive_actor.cpp:25] actor 1099614388250 switch to &NaiveActor::HandlerNormal
I1013 12:13:37.457165 13657 thread.cpp:96] Thread 524337 construct Actor kDeviceTick 1099614388250
I1013 12:13:37.457218 13657 runtime_context.cpp:29] DecreaseCounter constructing_actor_cnt, current val is 304
I1013 12:13:37.457516 13657 naive_actor.cpp:25] actor 1099614388319 switch to &NaiveActor::HandlerNormal
I1013 12:13:37.457561 13661 naive_actor.cpp:25] actor 2199023255580 switch to &NaiveActor::HandlerNormal
I1013 12:13:37.457566 13657 thread.cpp:96] Thread 524337 construct Actor kTick 1099614388319
I1013 12:13:37.457597 13661 thread.cpp:96] Thread 1048576 construct Actor kNormalForward 2199023255580
I1013 12:13:37.457657 13657 runtime_context.cpp:29] DecreaseCounter constructing_actor_cnt, current val is 303
I1013 12:13:37.457675 13661 runtime_context.cpp:29] DecreaseCounter constructing_actor_cnt, current val is 302
I1013 12:13:37.457934 13657 naive_actor.cpp:25] actor 1099614388254 switch to &NaiveActor::HandlerNormal
I1013 12:13:37.457983 13657 thread.cpp:96] Thread 524337 construct Actor kTick 1099614388254
I1013 12:13:37.458035 13657 runtime_context.cpp:29] DecreaseCounter constructing_actor_cnt, current val is 301
I1013 12:13:37.458305 13657 naive_actor.cpp:25] actor 1099614388256 switch to &NaiveActor::HandlerNormal
I1013 12:13:37.458353 13657 thread.cpp:96] Thread 524337 construct Actor kTick 1099614388256
I1013 12:13:37.458405 13657 runtime_context.cpp:29] DecreaseCounter constructing_actor_cnt, current val is 300
I1013 12:13:37.458586 13661 naive_actor.cpp:25] actor 2199023255592 switch to &NaiveActor::HandlerNormal
I1013 12:13:37.458637 13661 thread.cpp:96] Thread 1048576 construct Actor kNormalForward 2199023255592
I1013 12:13:37.458712 13661 runtime_context.cpp:29] DecreaseCounter constructing_actor_cnt, current val is 299
I1013 12:13:37.458724 13657 naive_actor.cpp:25] actor 1099614388257 switch to &NaiveActor::HandlerNormal
I1013 12:13:37.458767 13657 thread.cpp:96] Thread 524337 construct Actor kTick 1099614388257
I1013 12:13:37.458871 13657 runtime_context.cpp:29] DecreaseCounter constructing_actor_cnt, current val is 298
I1013 12:13:37.459029 13661 naive_actor.cpp:25] actor 2199023255591 switch to &NaiveActor::HandlerNormal
I1013 12:13:37.459076 13661 thread.cpp:96] Thread 1048576 construct Actor kNormalForward 2199023255591
I1013 12:13:37.459133 13661 runtime_context.cpp:29] DecreaseCounter constructing_actor_cnt, current val is 297
I1013 12:13:37.459261 13657 naive_actor.cpp:25] actor 1099614388255 switch to &NaiveActor::HandlerNormal
I1013 12:13:37.459309 13657 thread.cpp:96] Thread 524337 construct Actor kDstSubsetTick 1099614388255
I1013 12:13:37.459393 13657 runtime_context.cpp:29] DecreaseCounter constructing_actor_cnt, current val is 296
I1013 12:13:37.459697 13657 naive_actor.cpp:25] actor 1099614388259 switch to &NaiveActor::HandlerNormal
I1013 12:13:37.459745 13657 thread.cpp:96] Thread 524337 construct Actor kDeviceTick 1099614388259
I1013 12:13:37.459797 13657 runtime_context.cpp:29] DecreaseCounter constructing_actor_cnt, current val is 295
I1013 12:13:37.460005 13661 naive_actor.cpp:25] actor 2199023255569 switch to &NaiveActor::HandlerNormal
I1013 12:13:37.460053 13661 thread.cpp:96] Thread 1048576 construct Actor kNormalForward 2199023255569
I1013 12:13:37.460083 13657 naive_actor.cpp:25] actor 1099614388258 switch to &NaiveActor::HandlerNormal
I1013 12:13:37.460112 13657 thread.cpp:96] Thread 524337 construct Actor kTick 1099614388258
I1013 12:13:37.460124 13661 runtime_context.cpp:29] DecreaseCounter constructing_actor_cnt, current val is 294
I1013 12:13:37.460160 13657 runtime_context.cpp:29] DecreaseCounter constructing_actor_cnt, current val is 293
I1013 12:13:37.460444 13657 naive_actor.cpp:25] actor 1099614388260 switch to &NaiveActor::HandlerNormal
I1013 12:13:37.460490 13657 thread.cpp:96] Thread 524337 construct Actor kSrcSubsetTick 1099614388260
I1013 12:13:37.460541 13657 runtime_context.cpp:29] DecreaseCounter constructing_actor_cnt, current val is 292
I1013 12:13:37.460812 13657 naive_actor.cpp:25] actor 1099614388263 switch to &NaiveActor::HandlerNormal
I1013 12:13:37.460814 13661 naive_actor.cpp:25] actor 2199023255633 switch to &NaiveActor::HandlerNormal
I1013 12:13:37.460862 13657 thread.cpp:96] Thread 524337 construct Actor kTick 1099614388263
I1013 12:13:37.460887 13661 thread.cpp:96] Thread 1048576 construct Actor kNormalForward 2199023255633
I1013 12:13:37.460937 13657 runtime_context.cpp:29] DecreaseCounter constructing_actor_cnt, current val is 291
I1013 12:13:37.460961 13661 runtime_context.cpp:29] DecreaseCounter constructing_actor_cnt, current val is 290
I1013 12:13:37.461202 13657 naive_actor.cpp:25] actor 1099614388265 switch to &NaiveActor::HandlerNormal
I1013 12:13:37.461247 13657 thread.cpp:96] Thread 524337 construct Actor kTick 1099614388265
I1013 12:13:37.461297 13657 runtime_context.cpp:29] DecreaseCounter constructing_actor_cnt, current val is 289
I1013 12:13:37.461633 13657 naive_actor.cpp:25] actor 1099614388264 switch to &NaiveActor::HandlerNormal
I1013 12:13:37.461680 13657 thread.cpp:96] Thread 524337 construct Actor kDstSubsetTick 1099614388264
I1013 12:13:37.461730 13661 naive_actor.cpp:25] actor 2199023255560 switch to &NaiveActor::HandlerNormal
I1013 12:13:37.461735 13657 runtime_context.cpp:29] DecreaseCounter constructing_actor_cnt, current val is 288
I1013 12:13:37.461766 13661 thread.cpp:96] Thread 1048576 construct Actor kNormalForward 2199023255560
I1013 12:13:37.461843 13661 runtime_context.cpp:29] DecreaseCounter constructing_actor_cnt, current val is 287
I1013 12:13:37.462034 13657 naive_actor.cpp:25] actor 1099614388266 switch to &NaiveActor::HandlerNormal
I1013 12:13:37.462080 13657 thread.cpp:96] Thread 524337 construct Actor kTick 1099614388266
I1013 12:13:37.462137 13657 runtime_context.cpp:29] DecreaseCounter constructing_actor_cnt, current val is 286
I1013 12:13:37.462393 13657 naive_actor.cpp:25] actor 1099614388282 switch to &NaiveActor::HandlerNormal
I1013 12:13:37.462448 13657 thread.cpp:96] Thread 524337 construct Actor kTick 1099614388282
I1013 12:13:37.462572 13657 runtime_context.cpp:29] DecreaseCounter constructing_actor_cnt, current val is 285
I1013 12:13:37.462620 13661 naive_actor.cpp:25] actor 2199023255564 switch to &NaiveActor::HandlerNormal
I1013 12:13:37.462671 13661 thread.cpp:96] Thread 1048576 construct Actor kNormalForward 2199023255564
I1013 12:13:37.462731 13661 runtime_context.cpp:29] DecreaseCounter constructing_actor_cnt, current val is 284
I1013 12:13:37.462879 13657 naive_actor.cpp:25] actor 1099614388318 switch to &NaiveActor::HandlerNormal
I1013 12:13:37.462924 13657 thread.cpp:96] Thread 524337 construct Actor kTick 1099614388318
I1013 12:13:37.462975 13657 runtime_context.cpp:29] DecreaseCounter constructing_actor_cnt, current val is 283
I1013 12:13:37.463268 13657 naive_actor.cpp:25] actor 1099614388277 switch to &NaiveActor::HandlerNormal
I1013 12:13:37.463312 13657 thread.cpp:96] Thread 524337 construct Actor kSrcSubsetTick 1099614388277
I1013 12:13:37.463361 13657 runtime_context.cpp:29] DecreaseCounter constructing_actor_cnt, current val is 282
I1013 12:13:37.463405 13661 naive_actor.cpp:25] actor 2199023255585 switch to &NaiveActor::HandlerNormal
I1013 12:13:37.463460 13661 thread.cpp:96] Thread 1048576 construct Actor kNormalForward 2199023255585
I1013 12:13:37.463518 13661 runtime_context.cpp:29] DecreaseCounter constructing_actor_cnt, current val is 281
I1013 12:13:37.463646 13657 naive_actor.cpp:25] actor 1099614388273 switch to &NaiveActor::HandlerNormal
I1013 12:13:37.463690 13657 thread.cpp:96] Thread 524337 construct Actor kTick 1099614388273
I1013 12:13:37.463739 13657 runtime_context.cpp:29] DecreaseCounter constructing_actor_cnt, current val is 280
I1013 12:13:37.464015 13657 naive_actor.cpp:25] actor 1099614388275 switch to &NaiveActor::HandlerNormal
I1013 12:13:37.464058 13657 thread.cpp:96] Thread 524337 construct Actor kTick 1099614388275
I1013 12:13:37.464110 13657 runtime_context.cpp:29] DecreaseCounter constructing_actor_cnt, current val is 279
I1013 12:13:37.464253 13661 naive_actor.cpp:25] actor 2199023255556 switch to &NaiveActor::HandlerNormal
I1013 12:13:37.464301 13661 thread.cpp:96] Thread 1048576 construct Actor kNormalForward 2199023255556
I1013 12:13:37.464361 13661 runtime_context.cpp:29] DecreaseCounter constructing_actor_cnt, current val is 278
I1013 12:13:37.464416 13657 naive_actor.cpp:25] actor 1099614388272 switch to &NaiveActor::HandlerNormal
I1013 12:13:37.464471 13657 thread.cpp:96] Thread 524337 construct Actor kDstSubsetTick 1099614388272
I1013 12:13:37.464534 13657 runtime_context.cpp:29] DecreaseCounter constructing_actor_cnt, current val is 277
I1013 12:13:37.464803 13657 naive_actor.cpp:25] actor 1099614388274 switch to &NaiveActor::HandlerNormal
I1013 12:13:37.464849 13657 thread.cpp:96] Thread 524337 construct Actor kTick 1099614388274
I1013 12:13:37.464907 13657 runtime_context.cpp:29] DecreaseCounter constructing_actor_cnt, current val is 276
I1013 12:13:37.465118 13661 naive_actor.cpp:25] actor 2199023255627 switch to &NaiveActor::HandlerNormal
I1013 12:13:37.465166 13661 thread.cpp:96] Thread 1048576 construct Actor kNormalForward 2199023255627
I1013 12:13:37.465199 13657 naive_actor.cpp:25] actor 1099614388316 switch to &NaiveActor::HandlerNormal
I1013 12:13:37.465229 13657 thread.cpp:96] Thread 524337 construct Actor kTick 1099614388316
I1013 12:13:37.465237 13661 runtime_context.cpp:29] DecreaseCounter constructing_actor_cnt, current val is 275
I1013 12:13:37.465276 13657 runtime_context.cpp:29] DecreaseCounter constructing_actor_cnt, current val is 274
I1013 12:13:37.465559 13657 naive_actor.cpp:25] actor 1099614388267 switch to &NaiveActor::HandlerNormal
I1013 12:13:37.465605 13657 thread.cpp:96] Thread 524337 construct Actor kDeviceTick 1099614388267
I1013 12:13:37.465654 13657 runtime_context.cpp:29] DecreaseCounter constructing_actor_cnt, current val is 273
I1013 12:13:37.465914 13657 naive_actor.cpp:25] actor 1099614388268 switch to &NaiveActor::HandlerNormal
I1013 12:13:37.465960 13657 thread.cpp:96] Thread 524337 construct Actor kSrcSubsetTick 1099614388268
I1013 12:13:37.466001 13661 naive_actor.cpp:25] actor 2199023255559 switch to &NaiveActor::HandlerNormal
I1013 12:13:37.466043 13661 thread.cpp:96] Thread 1048576 construct Actor kNormalForward 2199023255559
I1013 12:13:37.466054 13657 runtime_context.cpp:29] DecreaseCounter constructing_actor_cnt, current val is 272
I1013 12:13:37.466122 13661 runtime_context.cpp:29] DecreaseCounter constructing_actor_cnt, current val is 271
I1013 12:13:37.466351 13657 naive_actor.cpp:25] actor 1099614388279 switch to &NaiveActor::HandlerNormal
I1013 12:13:37.466396 13657 thread.cpp:96] Thread 524337 construct Actor kTick 1099614388279
I1013 12:13:37.466455 13657 runtime_context.cpp:29] DecreaseCounter constructing_actor_cnt, current val is 270
I1013 12:13:37.466712 13657 naive_actor.cpp:25] actor 1099614388281 switch to &NaiveActor::HandlerNormal
I1013 12:13:37.466759 13657 thread.cpp:96] Thread 524337 construct Actor kTick 1099614388281
I1013 12:13:37.466789 13661 naive_actor.cpp:25] actor 2199023255590 switch to &NaiveActor::HandlerNormal
I1013 12:13:37.466809 13657 runtime_context.cpp:29] DecreaseCounter constructing_actor_cnt, current val is 269
I1013 12:13:37.466823 13661 thread.cpp:96] Thread 1048576 construct Actor kNormalForward 2199023255590
I1013 12:13:37.466908 13661 runtime_context.cpp:29] DecreaseCounter constructing_actor_cnt, current val is 268
I1013 12:13:37.467145 13657 naive_actor.cpp:25] actor 1099614388280 switch to &NaiveActor::HandlerNormal
I1013 12:13:37.467191 13657 thread.cpp:96] Thread 524337 construct Actor kDstSubsetTick 1099614388280
I1013 12:13:37.467243 13657 runtime_context.cpp:29] DecreaseCounter constructing_actor_cnt, current val is 267
I1013 12:13:37.467525 13657 naive_actor.cpp:25] actor 1099614388271 switch to &NaiveActor::HandlerNormal
I1013 12:13:37.467571 13657 thread.cpp:96] Thread 524337 construct Actor kTick 1099614388271
I1013 12:13:37.467620 13657 runtime_context.cpp:29] DecreaseCounter constructing_actor_cnt, current val is 266
I1013 12:13:37.467696 13661 naive_actor.cpp:25] actor 2199023255584 switch to &NaiveActor::HandlerNormal
I1013 12:13:37.467744 13661 thread.cpp:96] Thread 1048576 construct Actor kNormalForward 2199023255584
I1013 12:13:37.467806 13661 runtime_context.cpp:29] DecreaseCounter constructing_actor_cnt, current val is 265
I1013 12:13:37.467890 13657 naive_actor.cpp:25] actor 1099614388286 switch to &NaiveActor::HandlerNormal
I1013 12:13:37.467934 13657 thread.cpp:96] Thread 524337 construct Actor kTick 1099614388286
I1013 12:13:37.467991 13657 runtime_context.cpp:29] DecreaseCounter constructing_actor_cnt, current val is 264
I1013 12:13:37.468108 13661 naive_actor.cpp:25] actor 2199023255586 switch to &NaiveActor::HandlerNormal
I1013 12:13:37.468153 13661 thread.cpp:96] Thread 1048576 construct Actor kNormalForward 2199023255586
I1013 12:13:37.468206 13661 runtime_context.cpp:29] DecreaseCounter constructing_actor_cnt, current val is 263
I1013 12:13:37.468266 13657 naive_actor.cpp:25] actor 1099614388289 switch to &NaiveActor::HandlerNormal
I1013 12:13:37.468308 13657 thread.cpp:96] Thread 524337 construct Actor kTick 1099614388289
I1013 12:13:37.468356 13657 runtime_context.cpp:29] DecreaseCounter constructing_actor_cnt, current val is 262
I1013 12:13:37.468632 13657 naive_actor.cpp:25] actor 1099614388299 switch to &NaiveActor::HandlerNormal
I1013 12:13:37.468678 13657 thread.cpp:96] Thread 524337 construct Actor kTick 1099614388299
I1013 12:13:37.468729 13657 runtime_context.cpp:29] DecreaseCounter constructing_actor_cnt, current val is 261
I1013 12:13:37.469023 13661 naive_actor.cpp:25] actor 2199023255572 switch to &NaiveActor::HandlerNormal
I1013 12:13:37.469038 13657 reentrant_lock_actor.cpp:76] actor 1099614388283 switch to &ReentrantLockActor::HandlerNormal
I1013 12:13:37.469075 13661 thread.cpp:96] Thread 1048576 construct Actor kNormalForward 2199023255572
I1013 12:13:37.469099 13657 thread.cpp:96] Thread 524337 construct Actor kReentrantLock 1099614388283
I1013 12:13:37.469169 13661 runtime_context.cpp:29] DecreaseCounter constructing_actor_cnt, current val is 260
I1013 12:13:37.469174 13657 runtime_context.cpp:29] DecreaseCounter constructing_actor_cnt, current val is 259
I1013 12:13:37.469540 13657 naive_actor.cpp:25] actor 1099614388293 switch to &NaiveActor::HandlerNormal
I1013 12:13:37.469592 13657 thread.cpp:96] Thread 524337 construct Actor kTick 1099614388293
I1013 12:13:37.469641 13657 runtime_context.cpp:29] DecreaseCounter constructing_actor_cnt, current val is 258
I1013 12:13:37.469931 13657 naive_actor.cpp:25] actor 1099614388287 switch to &NaiveActor::HandlerNormal
I1013 12:13:37.469974 13657 thread.cpp:96] Thread 524337 construct Actor kTick 1099614388287
I1013 12:13:37.470021 13657 runtime_context.cpp:29] DecreaseCounter constructing_actor_cnt, current val is 257
