I1012 16:19:20.469918 17243 thread.cpp:96] Thread 1048576 construct Actor kNormalForward 2199023255856
I1012 16:19:20.469961 17257 runtime_context.cpp:29] DecreaseCounter constructing_actor_cnt, current val is 37
I1012 16:19:20.470016 17243 runtime_context.cpp:29] DecreaseCounter constructing_actor_cnt, current val is 36
I1012 16:19:20.470194 17257 naive_actor.cpp:25] actor 2207613190421 switch to &NaiveActor::HandlerNormal
I1012 16:19:20.470201 17243 naive_actor.cpp:25] actor 2199023255854 switch to &NaiveActor::HandlerNormal
I1012 16:19:20.470247 17257 thread.cpp:96] Thread 1052672 construct Actor kNormalForward 2207613190421
I1012 16:19:20.470273 17243 thread.cpp:96] Thread 1048576 construct Actor kNormalForward 2199023255854
I1012 16:19:20.470319 17257 runtime_context.cpp:29] DecreaseCounter constructing_actor_cnt, current val is 35
I1012 16:19:20.470340 17243 runtime_context.cpp:29] DecreaseCounter constructing_actor_cnt, current val is 34
I1012 16:19:20.470523 17257 naive_actor.cpp:25] actor 2207613190422 switch to &NaiveActor::HandlerNormal
I1012 16:19:20.470556 17257 thread.cpp:96] Thread 1052672 construct Actor kNormalForward 2207613190422
I1012 16:19:20.470608 17257 runtime_context.cpp:29] DecreaseCounter constructing_actor_cnt, current val is 33
I1012 16:19:20.470803 17257 naive_actor.cpp:25] actor 2207613190423 switch to &NaiveActor::HandlerNormal
I1012 16:19:20.470834 17257 thread.cpp:96] Thread 1052672 construct Actor kNormalForward 2207613190423
I1012 16:19:20.470882 17257 runtime_context.cpp:29] DecreaseCounter constructing_actor_cnt, current val is 32
I1012 16:19:20.471191 17257 naive_actor.cpp:25] actor 2207613190426 switch to &NaiveActor::HandlerNormal
I1012 16:19:20.471225 17257 thread.cpp:96] Thread 1052672 construct Actor kNormalForward 2207613190426
I1012 16:19:20.471282 17257 runtime_context.cpp:29] DecreaseCounter constructing_actor_cnt, current val is 31
I1012 16:19:20.471488 17257 naive_actor.cpp:25] actor 2207613190425 switch to &NaiveActor::HandlerNormal
I1012 16:19:20.471520 17257 thread.cpp:96] Thread 1052672 construct Actor kNormalForward 2207613190425
I1012 16:19:20.471568 17257 runtime_context.cpp:29] DecreaseCounter constructing_actor_cnt, current val is 30
I1012 16:19:20.471637 17243 naive_actor.cpp:25] actor 2199023255859 switch to &NaiveActor::HandlerNormal
I1012 16:19:20.471673 17243 thread.cpp:96] Thread 1048576 construct Actor kNormalForward 2199023255859
I1012 16:19:20.471797 17257 naive_actor.cpp:25] actor 2207613190428 switch to &NaiveActor::HandlerNormal
I1012 16:19:20.471812 17243 runtime_context.cpp:29] DecreaseCounter constructing_actor_cnt, current val is 29
I1012 16:19:20.471835 17257 thread.cpp:96] Thread 1052672 construct Actor kNormalForward 2207613190428
I1012 16:19:20.471917 17257 runtime_context.cpp:29] DecreaseCounter constructing_actor_cnt, current val is 28
I1012 16:19:20.472062 17243 naive_actor.cpp:25] actor 2199023255860 switch to &NaiveActor::HandlerNormal
I1012 16:19:20.472096 17243 thread.cpp:96] Thread 1048576 construct Actor kDeviceTick 2199023255860
I1012 16:19:20.472121 17257 naive_actor.cpp:25] actor 2207613190429 switch to &NaiveActor::HandlerNormal
I1012 16:19:20.472141 17243 runtime_context.cpp:29] DecreaseCounter constructing_actor_cnt, current val is 27
I1012 16:19:20.472159 17257 thread.cpp:96] Thread 1052672 construct Actor kNormalForward 2207613190429
I1012 16:19:20.472244 17257 runtime_context.cpp:29] DecreaseCounter constructing_actor_cnt, current val is 26
I1012 16:19:20.472364 17243 naive_actor.cpp:25] actor 2199023255857 switch to &NaiveActor::HandlerNormal
I1012 16:19:20.472404 17243 thread.cpp:96] Thread 1048576 construct Actor kNormalForward 2199023255857
I1012 16:19:20.472458 17243 runtime_context.cpp:29] DecreaseCounter constructing_actor_cnt, current val is 25
I1012 16:19:20.472463 17257 naive_actor.cpp:25] actor 2207613190424 switch to &NaiveActor::HandlerNormal
I1012 16:19:20.472513 17257 thread.cpp:96] Thread 1052672 construct Actor kNormalForward 2207613190424
I1012 16:19:20.472558 17257 runtime_context.cpp:29] DecreaseCounter constructing_actor_cnt, current val is 24
I1012 16:19:20.472749 17257 naive_actor.cpp:25] actor 2207613190427 switch to &NaiveActor::HandlerNormal
I1012 16:19:20.472813 17257 thread.cpp:96] Thread 1052672 construct Actor kNormalForward 2207613190427
I1012 16:19:20.472882 17257 runtime_context.cpp:29] DecreaseCounter constructing_actor_cnt, current val is 23
I1012 16:19:20.473071 17257 naive_actor.cpp:25] actor 2207613190430 switch to &NaiveActor::HandlerNormal
I1012 16:19:20.473091 17257 thread.cpp:96] Thread 1052672 construct Actor kNormalForward 2207613190430
I1012 16:19:20.473134 17257 runtime_context.cpp:29] DecreaseCounter constructing_actor_cnt, current val is 22
I1012 16:19:20.473320 17257 naive_actor.cpp:25] actor 2207613190431 switch to &NaiveActor::HandlerNormal
I1012 16:19:20.473353 17257 thread.cpp:96] Thread 1052672 construct Actor kNormalForward 2207613190431
I1012 16:19:20.473394 17257 runtime_context.cpp:29] DecreaseCounter constructing_actor_cnt, current val is 21
I1012 16:19:20.473589 17257 naive_actor.cpp:25] actor 2207613190433 switch to &NaiveActor::HandlerNormal
I1012 16:19:20.473619 17257 thread.cpp:96] Thread 1052672 construct Actor kNormalForward 2207613190433
I1012 16:19:20.473660 17257 runtime_context.cpp:29] DecreaseCounter constructing_actor_cnt, current val is 20
I1012 16:19:20.473841 17257 naive_actor.cpp:25] actor 2207613190438 switch to &NaiveActor::HandlerNormal
I1012 16:19:20.473871 17257 thread.cpp:96] Thread 1052672 construct Actor kNormalForward 2207613190438
I1012 16:19:20.473912 17257 runtime_context.cpp:29] DecreaseCounter constructing_actor_cnt, current val is 19
I1012 16:19:20.474098 17257 naive_actor.cpp:25] actor 2207613190432 switch to &NaiveActor::HandlerNormal
I1012 16:19:20.474131 17257 thread.cpp:96] Thread 1052672 construct Actor kNormalForward 2207613190432
I1012 16:19:20.474174 17257 runtime_context.cpp:29] DecreaseCounter constructing_actor_cnt, current val is 18
I1012 16:19:20.474357 17257 naive_actor.cpp:25] actor 2207613190435 switch to &NaiveActor::HandlerNormal
I1012 16:19:20.474391 17257 thread.cpp:96] Thread 1052672 construct Actor kNormalForward 2207613190435
I1012 16:19:20.474439 17257 runtime_context.cpp:29] DecreaseCounter constructing_actor_cnt, current val is 17
I1012 16:19:20.474622 17257 naive_actor.cpp:25] actor 2207613190436 switch to &NaiveActor::HandlerNormal
I1012 16:19:20.474650 17257 thread.cpp:96] Thread 1052672 construct Actor kNormalForward 2207613190436
I1012 16:19:20.474691 17257 runtime_context.cpp:29] DecreaseCounter constructing_actor_cnt, current val is 16
I1012 16:19:20.474877 17257 naive_actor.cpp:25] actor 2207613190440 switch to &NaiveActor::HandlerNormal
I1012 16:19:20.474906 17257 thread.cpp:96] Thread 1052672 construct Actor kNormalForward 2207613190440
I1012 16:19:20.474948 17257 runtime_context.cpp:29] DecreaseCounter constructing_actor_cnt, current val is 15
I1012 16:19:20.475136 17257 naive_actor.cpp:25] actor 2207613190434 switch to &NaiveActor::HandlerNormal
I1012 16:19:20.475167 17257 thread.cpp:96] Thread 1052672 construct Actor kNormalForward 2207613190434
I1012 16:19:20.475210 17257 runtime_context.cpp:29] DecreaseCounter constructing_actor_cnt, current val is 14
I1012 16:19:20.475394 17257 naive_actor.cpp:25] actor 2207613190437 switch to &NaiveActor::HandlerNormal
I1012 16:19:20.475422 17257 thread.cpp:96] Thread 1052672 construct Actor kNormalForward 2207613190437
I1012 16:19:20.475482 17257 runtime_context.cpp:29] DecreaseCounter constructing_actor_cnt, current val is 13
I1012 16:19:20.475668 17257 naive_actor.cpp:25] actor 2207613190442 switch to &NaiveActor::HandlerNormal
I1012 16:19:20.475700 17257 thread.cpp:96] Thread 1052672 construct Actor kNormalForward 2207613190442
I1012 16:19:20.475744 17257 runtime_context.cpp:29] DecreaseCounter constructing_actor_cnt, current val is 12
I1012 16:19:20.475927 17257 naive_actor.cpp:25] actor 2207613190443 switch to &NaiveActor::HandlerNormal
I1012 16:19:20.475956 17257 thread.cpp:96] Thread 1052672 construct Actor kNormalForward 2207613190443
I1012 16:19:20.475997 17257 runtime_context.cpp:29] DecreaseCounter constructing_actor_cnt, current val is 11
I1012 16:19:20.476183 17257 naive_actor.cpp:25] actor 2207613190445 switch to &NaiveActor::HandlerNormal
I1012 16:19:20.476234 17257 thread.cpp:96] Thread 1052672 construct Actor kNormalForward 2207613190445
I1012 16:19:20.476296 17257 runtime_context.cpp:29] DecreaseCounter constructing_actor_cnt, current val is 10
I1012 16:19:20.476497 17257 naive_actor.cpp:25] actor 2207613190446 switch to &NaiveActor::HandlerNormal
I1012 16:19:20.476527 17257 thread.cpp:96] Thread 1052672 construct Actor kNormalForward 2207613190446
I1012 16:19:20.476568 17257 runtime_context.cpp:29] DecreaseCounter constructing_actor_cnt, current val is 9
I1012 16:19:20.476758 17257 naive_actor.cpp:25] actor 2207613190448 switch to &NaiveActor::HandlerNormal
I1012 16:19:20.476789 17257 thread.cpp:96] Thread 1052672 construct Actor kNormalForward 2207613190448
I1012 16:19:20.476832 17257 runtime_context.cpp:29] DecreaseCounter constructing_actor_cnt, current val is 8
I1012 16:19:20.477016 17257 naive_actor.cpp:25] actor 2207613190444 switch to &NaiveActor::HandlerNormal
I1012 16:19:20.477046 17257 thread.cpp:96] Thread 1052672 construct Actor kNormalForward 2207613190444
I1012 16:19:20.477088 17257 runtime_context.cpp:29] DecreaseCounter constructing_actor_cnt, current val is 7
I1012 16:19:20.477278 17257 naive_actor.cpp:25] actor 2207613190439 switch to &NaiveActor::HandlerNormal
I1012 16:19:20.477311 17257 thread.cpp:96] Thread 1052672 construct Actor kNormalForward 2207613190439
I1012 16:19:20.477355 17257 runtime_context.cpp:29] DecreaseCounter constructing_actor_cnt, current val is 6
I1012 16:19:20.477548 17257 naive_actor.cpp:25] actor 2207613190449 switch to &NaiveActor::HandlerNormal
I1012 16:19:20.477579 17257 thread.cpp:96] Thread 1052672 construct Actor kNormalForward 2207613190449
I1012 16:19:20.477622 17257 runtime_context.cpp:29] DecreaseCounter constructing_actor_cnt, current val is 5
I1012 16:19:20.477810 17257 naive_actor.cpp:25] actor 2207613190447 switch to &NaiveActor::HandlerNormal
I1012 16:19:20.477839 17257 thread.cpp:96] Thread 1052672 construct Actor kNormalForward 2207613190447
I1012 16:19:20.477880 17257 runtime_context.cpp:29] DecreaseCounter constructing_actor_cnt, current val is 4
I1012 16:19:20.478065 17257 naive_actor.cpp:25] actor 2207613190441 switch to &NaiveActor::HandlerNormal
I1012 16:19:20.478101 17257 thread.cpp:96] Thread 1052672 construct Actor kNormalForward 2207613190441
I1012 16:19:20.478143 17257 runtime_context.cpp:29] DecreaseCounter constructing_actor_cnt, current val is 3
I1012 16:19:20.478330 17257 naive_actor.cpp:25] actor 2207613190450 switch to &NaiveActor::HandlerNormal
I1012 16:19:20.478363 17257 thread.cpp:96] Thread 1052672 construct Actor kNormalForward 2207613190450
I1012 16:19:20.478406 17257 runtime_context.cpp:29] DecreaseCounter constructing_actor_cnt, current val is 2
I1012 16:19:20.479712 17257 naive_actor.cpp:25] actor 2207613190451 switch to &NaiveActor::HandlerNormal
I1012 16:19:20.479750 17257 thread.cpp:96] Thread 1052672 construct Actor kNormalForward 2207613190451
I1012 16:19:20.479866 17257 runtime_context.cpp:29] DecreaseCounter constructing_actor_cnt, current val is 1
I1012 16:19:20.480060 17257 naive_actor.cpp:25] actor 2207613190452 switch to &NaiveActor::HandlerNormal
I1012 16:19:20.480091 17257 thread.cpp:96] Thread 1052672 construct Actor kDeviceTick 2207613190452
I1012 16:19:20.480139 17257 runtime_context.cpp:29] DecreaseCounter constructing_actor_cnt, current val is 0
I1012 16:19:20.480224 16465 runtime.cpp:93] Actors on this machine constructed
I1012 16:19:20.480422 16465 runtime.cpp:95] Actors on every machine constructed
I1012 16:19:20.480516 16465 runtime_context.cpp:21] NewCounter job_5_running_actor_count 41
I1012 16:19:20.480559 16465 runtime_context.cpp:21] NewCounter job_4_running_actor_count 22
I1012 16:19:20.480610 16465 runtime_context.cpp:21] NewCounter job_3_running_actor_count 91
I1012 16:19:20.480654 16465 runtime_context.cpp:21] NewCounter job_2_running_actor_count 91
I1012 16:19:20.480702 16465 runtime_context.cpp:21] NewCounter job_0_running_actor_count 447
I1012 16:19:20.480742 16465 runtime_context.cpp:21] NewCounter job_1_running_actor_count 89
I1012 16:19:20.480880 17234 wait_and_send_ids_actor.cpp:73] actor 1099616485376 switch to &WaitAndSendIdsActor::HandlerNormal
I1012 16:19:20.481257 16465 global.h:36] NewGlobal N7oneflow7JobDescE
I1012 16:19:20.526759 16465 global.h:43] DeleteGlobal N7oneflow7JobDescE
I1012 16:19:21.038774 17257 local.cpp:114] waiting for key: eager_nccl_unique_id_rpc_key,0:0,0:1
I1012 16:19:21.048290 17243 eager_nccl_comm_manager.cpp:69]  EagerNcclCommMgr::ncclCommInitRank device_vec.size() = 2, nccl_unique_id = 0200ffffffc0650b0b010e000000000000000000000000000000000000000000000000000000000000000000000000000000000000000000000000000000000000000000000000000000000000000000000000000000000000000000000000000000000000000000000000000000000000000000000000000000000000000000000000, rank = 0, key = {eager_nccl_unique_id_rpc_key,0:0,0:1}
I1012 16:19:21.048300 17257 eager_nccl_comm_manager.cpp:69]  EagerNcclCommMgr::ncclCommInitRank device_vec.size() = 2, nccl_unique_id = 0200ffffffc0650b0b010e000000000000000000000000000000000000000000000000000000000000000000000000000000000000000000000000000000000000000000000000000000000000000000000000000000000000000000000000000000000000000000000000000000000000000000000000000000000000000000000000, rank = 1, key = {eager_nccl_unique_id_rpc_key,0:0,0:1}
I1012 16:19:52.673636 16465 global.h:43] DeleteGlobal N7oneflow7OneflowE
I1012 16:19:52.673977 17234 actor.cpp:411] actor 1099616485376 switch to &Actor::HandlerZombie
I1012 16:19:52.673993 17233 actor.cpp:411] actor 1099614388296 switch to &Actor::HandlerZombie
I1012 16:19:52.674146 17234 thread.cpp:76] thread 524338 deconstruct actor 1099616485376
I1012 16:19:52.674225 17233 actor.cpp:408] actor 1099614388297 switch to nullptr
I1012 16:19:52.674345 17233 thread.cpp:76] thread 524337 deconstruct actor 1099614388297
I1012 16:19:52.674593 17234 runtime_context.cpp:29] DecreaseCounter job_5_running_actor_count, current val is 40
I1012 16:19:52.674688 17233 runtime_context.cpp:29] DecreaseCounter job_5_running_actor_count, current val is 39
I1012 16:19:52.674733 17233 actor.cpp:408] actor 1099614388306 switch to nullptr
I1012 16:19:52.674744 17233 thread.cpp:76] thread 524337 deconstruct actor 1099614388306
I1012 16:19:52.674898 17233 runtime_context.cpp:29] DecreaseCounter job_5_running_actor_count, current val is 38
I1012 16:19:52.674950 17233 actor.cpp:408] actor 1099614388314 switch to nullptr
I1012 16:19:52.674976 17233 thread.cpp:76] thread 524337 deconstruct actor 1099614388314
I1012 16:19:52.675125 17233 runtime_context.cpp:29] DecreaseCounter job_5_running_actor_count, current val is 37
I1012 16:19:52.675165 17233 actor.cpp:408] actor 1099614388310 switch to nullptr
I1012 16:19:52.675196 17233 thread.cpp:76] thread 524337 deconstruct actor 1099614388310
I1012 16:19:52.675328 17233 runtime_context.cpp:29] DecreaseCounter job_5_running_actor_count, current val is 36
I1012 16:19:52.675400 17233 actor.cpp:408] actor 1099614388318 switch to nullptr
I1012 16:19:52.675434 17233 thread.cpp:76] thread 524337 deconstruct actor 1099614388318
I1012 16:19:52.675559 17233 runtime_context.cpp:29] DecreaseCounter job_5_running_actor_count, current val is 35
I1012 16:19:52.675590 17233 actor.cpp:408] actor 1099614388322 switch to nullptr
I1012 16:19:52.675611 17233 thread.cpp:76] thread 524337 deconstruct actor 1099614388322
I1012 16:19:52.675730 17233 runtime_context.cpp:29] DecreaseCounter job_5_running_actor_count, current val is 34
I1012 16:19:52.675761 17233 actor.cpp:408] actor 1099614388298 switch to nullptr
I1012 16:19:52.675782 17233 thread.cpp:76] thread 524337 deconstruct actor 1099614388298
I1012 16:19:52.675907 17233 runtime_context.cpp:29] DecreaseCounter job_5_running_actor_count, current val is 33
I1012 16:19:52.675940 17233 actor.cpp:408] actor 1099614388302 switch to nullptr
I1012 16:19:52.675962 17233 thread.cpp:76] thread 524337 deconstruct actor 1099614388302
I1012 16:19:52.676087 17233 runtime_context.cpp:29] DecreaseCounter job_5_running_actor_count, current val is 32
I1012 16:19:52.676121 17233 actor.cpp:408] actor 1099614388307 switch to nullptr
I1012 16:19:52.676213 17233 thread.cpp:76] thread 524337 deconstruct actor 1099614388307
I1012 16:19:52.676390 17233 runtime_context.cpp:29] DecreaseCounter job_5_running_actor_count, current val is 31
I1012 16:19:52.676435 17233 actor.cpp:408] actor 1099614388315 switch to nullptr
I1012 16:19:52.676461 17233 thread.cpp:76] thread 524337 deconstruct actor 1099614388315
I1012 16:19:52.676604 17233 runtime_context.cpp:29] DecreaseCounter job_5_running_actor_count, current val is 30
I1012 16:19:52.676640 17233 actor.cpp:408] actor 1099614388311 switch to nullptr
I1012 16:19:52.676662 17233 thread.cpp:76] thread 524337 deconstruct actor 1099614388311
I1012 16:19:52.676782 17233 runtime_context.cpp:29] DecreaseCounter job_5_running_actor_count, current val is 29
I1012 16:19:52.676821 17233 actor.cpp:408] actor 1099614388319 switch to nullptr
I1012 16:19:52.676848 17233 thread.cpp:76] thread 524337 deconstruct actor 1099614388319
I1012 16:19:52.676967 17233 runtime_context.cpp:29] DecreaseCounter job_5_running_actor_count, current val is 28
I1012 16:19:52.677001 17233 actor.cpp:408] actor 1099614388323 switch to nullptr
I1012 16:19:52.677024 17233 thread.cpp:76] thread 524337 deconstruct actor 1099614388323
I1012 16:19:52.677129 17233 runtime_context.cpp:29] DecreaseCounter job_5_running_actor_count, current val is 27
I1012 16:19:52.677161 17233 actor.cpp:408] actor 1099614388299 switch to nullptr
I1012 16:19:52.677183 17233 thread.cpp:76] thread 524337 deconstruct actor 1099614388299
I1012 16:19:52.677306 17233 runtime_context.cpp:29] DecreaseCounter job_5_running_actor_count, current val is 26
I1012 16:19:52.677336 17233 actor.cpp:408] actor 1099614388303 switch to nullptr
I1012 16:19:52.677359 17233 thread.cpp:76] thread 524337 deconstruct actor 1099614388303
I1012 16:19:52.677495 17233 runtime_context.cpp:29] DecreaseCounter job_5_running_actor_count, current val is 25
I1012 16:19:52.677531 17233 actor.cpp:408] actor 1099614388253 switch to nullptr
I1012 16:19:52.677542 17233 thread.cpp:76] thread 524337 deconstruct actor 1099614388253
I1012 16:19:52.677687 17233 runtime_context.cpp:29] DecreaseCounter job_1_running_actor_count, current val is 88
I1012 16:19:52.677721 17233 actor.cpp:408] actor 1099614388271 switch to nullptr
I1012 16:19:52.677743 17233 thread.cpp:76] thread 524337 deconstruct actor 1099614388271
I1012 16:19:52.677868 17233 runtime_context.cpp:29] DecreaseCounter job_3_running_actor_count, current val is 90
I1012 16:19:52.677899 17233 actor.cpp:408] actor 1099614388262 switch to nullptr
I1012 16:19:52.677922 17233 thread.cpp:76] thread 524337 deconstruct actor 1099614388262
I1012 16:19:52.678056 17233 runtime_context.cpp:29] DecreaseCounter job_2_running_actor_count, current val is 90
I1012 16:19:52.678089 17233 actor.cpp:408] actor 1099614388280 switch to nullptr
I1012 16:19:52.678112 17233 thread.cpp:76] thread 524337 deconstruct actor 1099614388280
I1012 16:19:52.678241 17233 runtime_context.cpp:29] DecreaseCounter job_4_running_actor_count, current val is 21
I1012 16:19:52.678272 17233 actor.cpp:408] actor 1099614388292 switch to nullptr
I1012 16:19:52.678284 17233 thread.cpp:76] thread 524337 deconstruct actor 1099614388292
I1012 16:19:52.678406 17233 runtime_context.cpp:29] DecreaseCounter job_4_running_actor_count, current val is 20
I1012 16:19:52.678452 17233 actor.cpp:408] actor 1099614388234 switch to nullptr
I1012 16:19:52.678464 17233 thread.cpp:76] thread 524337 deconstruct actor 1099614388234
I1012 16:19:52.678587 17233 runtime_context.cpp:29] DecreaseCounter job_0_running_actor_count, current val is 446
I1012 16:19:52.678618 17233 actor.cpp:408] actor 1099614388244 switch to nullptr
I1012 16:19:52.678640 17233 thread.cpp:76] thread 524337 deconstruct actor 1099614388244
I1012 16:19:52.678788 17233 runtime_context.cpp:29] DecreaseCounter job_0_running_actor_count, current val is 445
I1012 16:19:52.678843 17233 actor.cpp:408] actor 1099614388250 switch to nullptr
I1012 16:19:52.678869 17233 thread.cpp:76] thread 524337 deconstruct actor 1099614388250
I1012 16:19:52.678912 17243 actor.cpp:408] actor 2199023255782 switch to nullptr
I1012 16:19:52.678975 17243 thread.cpp:76] thread 1048576 deconstruct actor 2199023255782
I1012 16:19:52.678987 17257 actor.cpp:408] actor 2207613190374 switch to nullptr
I1012 16:19:52.679067 17233 runtime_context.cpp:29] DecreaseCounter job_1_running_actor_count, current val is 87
I1012 16:19:52.679132 17257 thread.cpp:76] thread 1052672 deconstruct actor 2207613190374
I1012 16:19:52.679178 17233 actor.cpp:408] actor 1099614388268 switch to nullptr
I1012 16:19:52.679275 17233 thread.cpp:76] thread 524337 deconstruct actor 1099614388268
I1012 16:19:52.679195 17243 runtime_context.cpp:29] DecreaseCounter job_1_running_actor_count, current val is 86
I1012 16:19:52.679358 17243 actor.cpp:408] actor 2199023255779 switch to nullptr
I1012 16:19:52.679373 17257 runtime_context.cpp:29] DecreaseCounter job_1_running_actor_count, current val is 85
I1012 16:19:52.679394 17233 runtime_context.cpp:29] DecreaseCounter job_3_running_actor_count, current val is 89
I1012 16:19:52.679397 17243 thread.cpp:76] thread 1048576 deconstruct actor 2199023255779
I1012 16:19:52.679464 17233 actor.cpp:408] actor 1099614388259 switch to nullptr
I1012 16:19:52.679471 17257 actor.cpp:408] actor 2207613190372 switch to nullptr
I1012 16:19:52.679525 17233 thread.cpp:76] thread 524337 deconstruct actor 1099614388259
I1012 16:19:52.679553 17257 thread.cpp:76] thread 1052672 deconstruct actor 2207613190372
I1012 16:19:52.679600 17243 runtime_context.cpp:29] DecreaseCounter job_1_running_actor_count, current val is 84
I1012 16:19:52.679648 17243 actor.cpp:408] actor 2199023255777 switch to nullptr
I1012 16:19:52.679670 17243 thread.cpp:76] thread 1048576 deconstruct actor 2199023255777
I1012 16:19:52.679689 17257 runtime_context.cpp:29] DecreaseCounter job_1_running_actor_count, current val is 83
I1012 16:19:52.679692 17233 runtime_context.cpp:29] DecreaseCounter job_2_running_actor_count, current val is 89
I1012 16:19:52.679761 17243 runtime_context.cpp:29] DecreaseCounter job_1_running_actor_count, current val is 82
I1012 16:19:52.679755 17257 actor.cpp:408] actor 2207613190369 switch to nullptr
I1012 16:19:52.679774 17233 actor.cpp:408] actor 1099614388277 switch to nullptr
I1012 16:19:52.679801 17243 actor.cpp:408] actor 2199023255775 switch to nullptr
I1012 16:19:52.679818 17257 thread.cpp:76] thread 1052672 deconstruct actor 2207613190369
I1012 16:19:52.679841 17233 thread.cpp:76] thread 524337 deconstruct actor 1099614388277
I1012 16:19:52.679867 17243 thread.cpp:76] thread 1048576 deconstruct actor 2199023255775
I1012 16:19:52.679983 17257 runtime_context.cpp:29] DecreaseCounter job_1_running_actor_count, current val is 81
I1012 16:19:52.680014 17243 runtime_context.cpp:29] DecreaseCounter job_1_running_actor_count, current val is 80
I1012 16:19:52.680019 17233 runtime_context.cpp:29] DecreaseCounter job_4_running_actor_count, current val is 19
I1012 16:19:52.680032 17257 actor.cpp:408] actor 2207613190367 switch to nullptr
I1012 16:19:52.680053 17243 actor.cpp:408] actor 2199023255774 switch to nullptr
I1012 16:19:52.680078 17233 actor.cpp:408] actor 1099614388290 switch to nullptr
I1012 16:19:52.680101 17257 thread.cpp:76] thread 1052672 deconstruct actor 2207613190367
I1012 16:19:52.680124 17243 thread.cpp:76] thread 1048576 deconstruct actor 2199023255774
I1012 16:19:52.680151 17233 thread.cpp:76] thread 524337 deconstruct actor 1099614388290
I1012 16:19:52.680258 17257 runtime_context.cpp:29] DecreaseCounter job_1_running_actor_count, current val is 79
I1012 16:19:52.680269 17243 runtime_context.cpp:29] DecreaseCounter job_1_running_actor_count, current val is 78
I1012 16:19:52.680303 17257 actor.cpp:408] actor 2207613190366 switch to nullptr
I1012 16:19:52.680333 17233 runtime_context.cpp:29] DecreaseCounter job_4_running_actor_count, current val is 18
I1012 16:19:52.680338 17243 actor.cpp:408] actor 2199023255771 switch to nullptr
I1012 16:19:52.680361 17257 thread.cpp:76] thread 1052672 deconstruct actor 2207613190366
I1012 16:19:52.680394 17233 actor.cpp:408] actor 1099614388229 switch to nullptr
I1012 16:19:52.680415 17243 thread.cpp:76] thread 1048576 deconstruct actor 2199023255771
I1012 16:19:52.680503 17233 thread.cpp:76] thread 524337 deconstruct actor 1099614388229
I1012 16:19:52.680541 17257 runtime_context.cpp:29] DecreaseCounter job_1_running_actor_count, current val is 77
I1012 16:19:52.680594 17243 runtime_context.cpp:29] DecreaseCounter job_1_running_actor_count, current val is 76
I1012 16:19:52.680622 17257 actor.cpp:408] actor 2207613190365 switch to nullptr
I1012 16:19:52.680649 17243 actor.cpp:408] actor 2199023255770 switch to nullptr
I1012 16:19:52.680668 17257 thread.cpp:76] thread 1052672 deconstruct actor 2207613190365
I1012 16:19:52.680693 17243 thread.cpp:76] thread 1048576 deconstruct actor 2199023255770
I1012 16:19:52.680701 17233 runtime_context.cpp:29] DecreaseCounter job_0_running_actor_count, current val is 444
I1012 16:19:52.680786 17233 actor.cpp:408] actor 1099614388242 switch to nullptr
I1012 16:19:52.680806 17257 runtime_context.cpp:29] DecreaseCounter job_1_running_actor_count, current val is 75
I1012 16:19:52.680804 17243 runtime_context.cpp:29] DecreaseCounter job_1_running_actor_count, current val is 74
I1012 16:19:52.680817 17233 thread.cpp:76] thread 524337 deconstruct actor 1099614388242
I1012 16:19:52.680891 17243 actor.cpp:408] actor 2199023255776 switch to nullptr
I1012 16:19:52.680863 17257 actor.cpp:408] actor 2207613190362 switch to nullptr
I1012 16:19:52.680915 17243 thread.cpp:76] thread 1048576 deconstruct actor 2199023255776
I1012 16:19:52.680948 17257 thread.cpp:76] thread 1052672 deconstruct actor 2207613190362
I1012 16:19:52.680997 17233 runtime_context.cpp:29] DecreaseCounter job_0_running_actor_count, current val is 443
I1012 16:19:52.681036 17233 actor.cpp:411] actor 1099614388254 switch to &Actor::HandlerZombie
I1012 16:19:52.681036 17243 runtime_context.cpp:29] DecreaseCounter job_1_running_actor_count, current val is 73
I1012 16:19:52.681069 17257 runtime_context.cpp:29] DecreaseCounter job_1_running_actor_count, current val is 72
I1012 16:19:52.681078 17233 actor.cpp:408] actor 1099614388249 switch to nullptr
I1012 16:19:52.681095 17243 actor.cpp:408] actor 2199023255767 switch to nullptr
I1012 16:19:52.681171 17243 thread.cpp:76] thread 1048576 deconstruct actor 2199023255767
I1012 16:19:52.681123 17257 actor.cpp:408] actor 2207613190363 switch to nullptr
I1012 16:19:52.681138 17233 thread.cpp:76] thread 524337 deconstruct actor 1099614388249
I1012 16:19:52.681138 17222 actor.cpp:408] actor 1099570348032 switch to nullptr
I1012 16:19:52.681113 17221 actor.cpp:408] actor 1099568250880 switch to nullptr
I1012 16:19:52.681183 17223 actor.cpp:408] actor 1099572445184 switch to nullptr
I1012 16:19:52.681228 17257 thread.cpp:76] thread 1052672 deconstruct actor 2207613190363
I1012 16:19:52.681262 17243 runtime_context.cpp:29] DecreaseCounter job_1_running_actor_count, current val is 71
I1012 16:19:52.681301 17222 thread.cpp:76] thread 524316 deconstruct actor 1099570348032
I1012 16:19:52.681583 17257 runtime_context.cpp:29] DecreaseCounter job_1_running_actor_count, current val is 69
I1012 16:19:52.681401 17221 thread.cpp:76] thread 524315 deconstruct actor 1099568250880
I1012 16:19:52.681476 17223 thread.cpp:76] thread 524317 deconstruct actor 1099572445184
I1012 16:19:52.681546 17243 actor.cpp:408] actor 2199023255765 switch to nullptr
I1012 16:19:52.681334 17233 runtime_context.cpp:29] DecreaseCounter job_1_running_actor_count, current val is 70
I1012 16:19:52.681630 17257 actor.cpp:408] actor 2207613190359 switch to nullptr
I1012 16:19:52.681663 17222 runtime_context.cpp:29] DecreaseCounter job_1_running_actor_count, current val is 68
I1012 16:19:52.681715 17243 thread.cpp:76] thread 1048576 deconstruct actor 2199023255765
I1012 16:19:52.681744 17233 actor.cpp:411] actor 1099614388272 switch to &Actor::HandlerZombie
I1012 16:19:52.681764 17223 runtime_context.cpp:29] DecreaseCounter job_1_running_actor_count, current val is 67
I1012 16:19:52.681767 17257 thread.cpp:76] thread 1052672 deconstruct actor 2207613190359
I1012 16:19:52.682015 17246 actor.cpp:408] actor 2199025352711 switch to nullptr
I1012 16:19:52.681893 17233 actor.cpp:408] actor 1099614388267 switch to nullptr
I1012 16:19:52.681916 17243 runtime_context.cpp:29] DecreaseCounter job_1_running_actor_count, current val is 65
I1012 16:19:52.681924 17228 actor.cpp:408] actor 1099582930944 switch to nullptr
I1012 16:19:52.682147 17257 runtime_context.cpp:29] DecreaseCounter job_1_running_actor_count, current val is 64
I1012 16:19:52.681949 17227 actor.cpp:408] actor 1099580833792 switch to nullptr
I1012 16:19:52.681993 17259 actor.cpp:408] actor 2207615287302 switch to nullptr
I1012 16:19:52.681800 17221 runtime_context.cpp:29] DecreaseCounter job_1_running_actor_count, current val is 66
I1012 16:19:52.682061 17246 thread.cpp:76] thread 1048577 deconstruct actor 2199025352711
I1012 16:19:52.682090 17233 thread.cpp:76] thread 524337 deconstruct actor 1099614388267
I1012 16:19:52.682121 17243 actor.cpp:408] actor 2199023255764 switch to nullptr
I1012 16:19:52.681941 17229 actor.cpp:411] actor 1099585028096 switch to &Actor::HandlerZombie
I1012 16:19:52.682384 17246 runtime_context.cpp:29] DecreaseCounter job_3_running_actor_count, current val is 88
I1012 16:19:52.682204 17257 actor.cpp:408] actor 2207613190358 switch to nullptr
I1012 16:19:52.682452 17233 runtime_context.cpp:29] DecreaseCounter job_3_running_actor_count, current val is 87
I1012 16:19:52.682271 17259 thread.cpp:76] thread 1052673 deconstruct actor 2207615287302
I1012 16:19:52.682361 17243 thread.cpp:76] thread 1048576 deconstruct actor 2199023255764
I1012 16:19:52.682157 17228 thread.cpp:76] thread 524322 deconstruct actor 1099582930944
I1012 16:19:52.682390 17229 thread.cpp:76] thread 524323 deconstruct actor 1099585028096
I1012 16:19:52.682245 17227 thread.cpp:76] thread 524321 deconstruct actor 1099580833792
I1012 16:19:52.682461 17257 thread.cpp:76] thread 1052672 deconstruct actor 2207613190358
I1012 16:19:52.682483 17233 actor.cpp:411] actor 1099614388263 switch to &Actor::HandlerZombie
I1012 16:19:52.682550 17259 runtime_context.cpp:29] DecreaseCounter job_3_running_actor_count, current val is 86
I1012 16:19:52.682595 17243 runtime_context.cpp:29] DecreaseCounter job_1_running_actor_count, current val is 63
I1012 16:19:52.682785 17224 actor.cpp:408] actor 1099574542336 switch to nullptr
I1012 16:19:52.682685 17229 runtime_context.cpp:29] DecreaseCounter job_3_running_actor_count, current val is 84
I1012 16:19:52.682749 17233 actor.cpp:408] actor 1099614388258 switch to nullptr
I1012 16:19:52.682775 17225 actor.cpp:408] actor 1099576639488 switch to nullptr
I1012 16:19:52.682787 17259 actor.cpp:408] actor 2207615287301 switch to nullptr
I1012 16:19:52.682678 17228 runtime_context.cpp:29] DecreaseCounter job_3_running_actor_count, current val is 85
I1012 16:19:52.682796 17246 actor.cpp:408] actor 2199025352710 switch to nullptr
I1012 16:19:52.682803 17226 actor.cpp:411] actor 1099578736640 switch to &Actor::HandlerZombie
I1012 16:19:52.682808 17243 actor.cpp:408] actor 2199023255763 switch to nullptr
I1012 16:19:52.683074 17243 thread.cpp:76] thread 1048576 deconstruct actor 2199023255763
I1012 16:19:52.682819 17227 runtime_context.cpp:29] DecreaseCounter job_3_running_actor_count, current val is 83
I1012 16:19:52.682838 17224 thread.cpp:76] thread 524318 deconstruct actor 1099574542336
I1012 16:19:52.683174 17243 runtime_context.cpp:29] DecreaseCounter job_1_running_actor_count, current val is 61
I1012 16:19:52.682914 17225 thread.cpp:76] thread 524319 deconstruct actor 1099576639488
I1012 16:19:52.682936 17259 thread.cpp:76] thread 1052673 deconstruct actor 2207615287301
I1012 16:19:52.683005 17246 thread.cpp:76] thread 1048577 deconstruct actor 2199025352710
I1012 16:19:52.683041 17226 thread.cpp:76] thread 524320 deconstruct actor 1099578736640
I1012 16:19:52.683337 17246 runtime_context.cpp:29] DecreaseCounter job_2_running_actor_count, current val is 85
I1012 16:19:52.682885 17233 thread.cpp:76] thread 524337 deconstruct actor 1099614388258
I1012 16:19:52.683218 17243 actor.cpp:408] actor 2199023255762 switch to nullptr
I1012 16:19:52.683284 17259 runtime_context.cpp:29] DecreaseCounter job_2_running_actor_count, current val is 88
I1012 16:19:52.683511 17233 runtime_context.cpp:29] DecreaseCounter job_2_running_actor_count, current val is 83
I1012 16:19:52.683308 17225 runtime_context.cpp:29] DecreaseCounter job_2_running_actor_count, current val is 86
I1012 16:19:52.682809 17257 runtime_context.cpp:29] DecreaseCounter job_1_running_actor_count, current val is 62
I1012 16:19:52.683451 17226 runtime_context.cpp:29] DecreaseCounter job_2_running_actor_count, current val is 84
I1012 16:19:52.683483 17243 thread.cpp:76] thread 1048576 deconstruct actor 2199023255762
I1012 16:19:52.683293 17224 runtime_context.cpp:29] DecreaseCounter job_2_running_actor_count, current val is 87
I1012 16:19:52.683604 17233 actor.cpp:411] actor 1099614388281 switch to &Actor::HandlerZombie
I1012 16:19:52.683691 17257 actor.cpp:408] actor 2207613190357 switch to nullptr
I1012 16:19:52.683859 17230 actor.cpp:411] actor 1099587125248 switch to &Actor::HandlerZombie
I1012 16:19:52.683840 17233 actor.cpp:408] actor 1099614388275 switch to nullptr
I1012 16:19:52.683823 17243 runtime_context.cpp:29] DecreaseCounter job_1_running_actor_count, current val is 60
I1012 16:19:52.683868 17257 thread.cpp:76] thread 1052672 deconstruct actor 2207613190357
I1012 16:19:52.683888 17232 actor.cpp:411] actor 1099591319552 switch to &Actor::HandlerZombie
I1012 16:19:52.683910 17233 thread.cpp:76] thread 524337 deconstruct actor 1099614388275
I1012 16:19:52.683939 17243 actor.cpp:408] actor 2199023255761 switch to nullptr
I1012 16:19:52.684028 17243 thread.cpp:76] thread 1048576 deconstruct actor 2199023255761
I1012 16:19:52.684047 17257 runtime_context.cpp:29] DecreaseCounter job_1_running_actor_count, current val is 59
I1012 16:19:52.684092 17257 actor.cpp:408] actor 2207613190356 switch to nullptr
I1012 16:19:52.684103 17243 runtime_context.cpp:29] DecreaseCounter job_1_running_actor_count, current val is 58
I1012 16:19:52.684108 17233 runtime_context.cpp:29] DecreaseCounter job_4_running_actor_count, current val is 17
I1012 16:19:52.684123 17257 thread.cpp:76] thread 1052672 deconstruct actor 2207613190356
I1012 16:19:52.684155 17243 actor.cpp:408] actor 2199023255750 switch to nullptr
I1012 16:19:52.684173 17233 actor.cpp:408] actor 1099614388276 switch to nullptr
I1012 16:19:52.684216 17243 thread.cpp:76] thread 1048576 deconstruct actor 2199023255750
I1012 16:19:52.684212 17231 actor.cpp:411] actor 1099589222400 switch to &Actor::HandlerZombie
I1012 16:19:52.684267 17257 runtime_context.cpp:29] DecreaseCounter job_1_running_actor_count, current val is 57
I1012 16:19:52.684240 17233 thread.cpp:76] thread 524337 deconstruct actor 1099614388276
I1012 16:19:52.684310 17243 runtime_context.cpp:29] DecreaseCounter job_1_running_actor_count, current val is 56
I1012 16:19:52.684315 17257 actor.cpp:408] actor 2207613190360 switch to nullptr
I1012 16:19:52.684367 17243 actor.cpp:408] actor 2199023255749 switch to nullptr
I1012 16:19:52.684381 17257 thread.cpp:76] thread 1052672 deconstruct actor 2207613190360
I1012 16:19:52.684406 17243 thread.cpp:76] thread 1048576 deconstruct actor 2199023255749
I1012 16:19:52.684463 17233 runtime_context.cpp:29] DecreaseCounter job_4_running_actor_count, current val is 16
I1012 16:19:52.684496 17233 actor.cpp:411] actor 1099614388293 switch to &Actor::HandlerZombie
I1012 16:19:52.684511 17233 actor.cpp:408] actor 1099614388288 switch to nullptr
I1012 16:19:52.684518 17232 thread.cpp:76] thread 524326 deconstruct actor 1099591319552
I1012 16:19:52.684520 17233 thread.cpp:76] thread 524337 deconstruct actor 1099614388288
I1012 16:19:52.684515 17257 runtime_context.cpp:29] DecreaseCounter job_1_running_actor_count, current val is 55
I1012 16:19:52.684516 17243 runtime_context.cpp:29] DecreaseCounter job_1_running_actor_count, current val is 54
I1012 16:19:52.684608 17257 actor.cpp:408] actor 2207613190354 switch to nullptr
I1012 16:19:52.684643 17232 runtime_context.cpp:29] DecreaseCounter job_4_running_actor_count, current val is 15
I1012 16:19:52.684629 17243 actor.cpp:408] actor 2199023255780 switch to nullptr
I1012 16:19:52.684646 17257 thread.cpp:76] thread 1052672 deconstruct actor 2207613190354
I1012 16:19:52.684670 17233 runtime_context.cpp:29] DecreaseCounter job_4_running_actor_count, current val is 14
I1012 16:19:52.684733 17243 thread.cpp:76] thread 1048576 deconstruct actor 2199023255780
I1012 16:19:52.684798 17233 actor.cpp:408] actor 1099614388284 switch to nullptr
I1012 16:19:52.684805 17230 thread.cpp:76] thread 524324 deconstruct actor 1099587125248
I1012 16:19:52.684829 17233 thread.cpp:76] thread 524337 deconstruct actor 1099614388284
I1012 16:19:52.684867 17243 runtime_context.cpp:29] DecreaseCounter job_1_running_actor_count, current val is 52
I1012 16:19:52.684847 17257 runtime_context.cpp:29] DecreaseCounter job_1_running_actor_count, current val is 53
I1012 16:19:52.684895 17243 actor.cpp:408] actor 2199023255768 switch to nullptr
I1012 16:19:52.684926 17257 actor.cpp:408] actor 2207613190371 switch to nullptr
I1012 16:19:52.684931 17243 thread.cpp:76] thread 1048576 deconstruct actor 2199023255768
I1012 16:19:52.684944 17257 thread.cpp:76] thread 1052672 deconstruct actor 2207613190371
I1012 16:19:52.684962 17230 runtime_context.cpp:29] DecreaseCounter job_4_running_actor_count, current val is 13
I1012 16:19:52.684983 17233 runtime_context.cpp:29] DecreaseCounter job_4_running_actor_count, current val is 12
I1012 16:19:52.685012 17243 runtime_context.cpp:29] DecreaseCounter job_1_running_actor_count, current val is 51
I1012 16:19:52.685048 17257 runtime_context.cpp:29] DecreaseCounter job_1_running_actor_count, current val is 50
I1012 16:19:52.685043 17231 thread.cpp:76] thread 524325 deconstruct actor 1099589222400
I1012 16:19:52.685039 17233 actor.cpp:408] actor 1099614388285 switch to nullptr
I1012 16:19:52.685062 17243 actor.cpp:408] actor 2199023255748 switch to nullptr
I1012 16:19:52.685129 17243 thread.cpp:76] thread 1048576 deconstruct actor 2199023255748
I1012 16:19:52.685118 17233 thread.cpp:76] thread 524337 deconstruct actor 1099614388285
I1012 16:19:52.685089 17257 actor.cpp:408] actor 2207613190353 switch to nullptr
I1012 16:19:52.685165 17257 thread.cpp:76] thread 1052672 deconstruct actor 2207613190353
I1012 16:19:52.685178 17231 runtime_context.cpp:29] DecreaseCounter job_4_running_actor_count, current val is 11
I1012 16:19:52.685197 17243 runtime_context.cpp:29] DecreaseCounter job_1_running_actor_count, current val is 49
I1012 16:19:52.685240 17233 runtime_context.cpp:29] DecreaseCounter job_4_running_actor_count, current val is 10
I1012 16:19:52.685240 17243 actor.cpp:408] actor 2199023255747 switch to nullptr
I1012 16:19:52.685262 17233 actor.cpp:411] actor 1099614388235 switch to &Actor::HandlerZombie
I1012 16:19:52.685266 17257 runtime_context.cpp:29] DecreaseCounter job_1_running_actor_count, current val is 48
I1012 16:19:52.685267 17243 thread.cpp:76] thread 1048576 deconstruct actor 2199023255747
I1012 16:19:52.685286 17233 actor.cpp:408] actor 1099614388225 switch to nullptr
I1012 16:19:52.685349 17233 thread.cpp:76] thread 524337 deconstruct actor 1099614388225
I1012 16:19:52.685317 17257 actor.cpp:408] actor 2207613190340 switch to nullptr
I1012 16:19:52.685393 17243 runtime_context.cpp:29] DecreaseCounter job_1_running_actor_count, current val is 47
I1012 16:19:52.685401 17194 actor.cpp:408] actor 1099511627776 switch to nullptr
I1012 16:19:52.685411 17257 thread.cpp:76] thread 1052672 deconstruct actor 2207613190340
I1012 16:19:52.685447 17243 actor.cpp:408] actor 2199023255745 switch to nullptr
I1012 16:19:52.685412 17198 actor.cpp:408] actor 1099520016384 switch to nullptr
I1012 16:19:52.685655 17257 runtime_context.cpp:29] DecreaseCounter job_1_running_actor_count, current val is 46
I1012 16:19:52.685438 17246 actor.cpp:411] actor 2199025352704 switch to &Actor::HandlerZombie
I1012 16:19:52.685467 17202 actor.cpp:408] actor 1099528404992 switch to nullptr
I1012 16:19:52.685472 17233 runtime_context.cpp:29] DecreaseCounter job_0_running_actor_count, current val is 442
I1012 16:19:52.685868 17233 actor.cpp:408] actor 1099614388224 switch to nullptr
I1012 16:19:52.685544 17194 thread.cpp:76] thread 524288 deconstruct actor 1099511627776
I1012 16:19:52.685603 17243 thread.cpp:76] thread 1048576 deconstruct actor 2199023255745
I1012 16:19:52.685410 17210 actor.cpp:408] actor 1099545182208 switch to nullptr
I1012 16:19:52.686030 17220 actor.cpp:408] actor 1099566153728 switch to nullptr
I1012 16:19:52.685703 17257 actor.cpp:408] actor 2207613190342 switch to nullptr
I1012 16:19:52.685727 17246 actor.cpp:411] actor 2199025352706 switch to &Actor::HandlerZombie
I1012 16:19:52.685781 17202 thread.cpp:76] thread 524296 deconstruct actor 1099528404992
I1012 16:19:52.685439 17206 actor.cpp:408] actor 1099536793600 switch to nullptr
I1012 16:19:52.685909 17233 thread.cpp:76] thread 524337 deconstruct actor 1099614388224
I1012 16:19:52.685915 17216 actor.cpp:408] actor 1099557765120 switch to nullptr
I1012 16:19:52.685997 17218 actor.cpp:408] actor 1099561959424 switch to nullptr
I1012 16:19:52.686370 17202 runtime_context.cpp:29] DecreaseCounter job_0_running_actor_count, current val is 441
I1012 16:19:52.685981 17217 actor.cpp:408] actor 1099559862272 switch to nullptr
I1012 16:19:52.686036 17259 actor.cpp:408] actor 2207615287300 switch to nullptr
I1012 16:19:52.686535 17259 thread.cpp:76] thread 1052673 deconstruct actor 2207615287300
I1012 16:19:52.686046 17210 thread.cpp:76] thread 524304 deconstruct actor 1099545182208
I1012 16:19:52.686048 17243 runtime_context.cpp:29] DecreaseCounter job_1_running_actor_count, current val is 45
I1012 16:19:52.686076 17220 thread.cpp:76] thread 524314 deconstruct actor 1099566153728
I1012 16:19:52.686106 17257 thread.cpp:76] thread 1052672 deconstruct actor 2207613190342
I1012 16:19:52.686157 17246 actor.cpp:411] actor 2199025352707 switch to &Actor::HandlerZombie
I1012 16:19:52.686798 17246 actor.cpp:411] actor 2199025352705 switch to &Actor::HandlerZombie
I1012 16:19:52.686273 17206 thread.cpp:76] thread 524300 deconstruct actor 1099536793600
I1012 16:19:52.686914 17210 runtime_context.cpp:29] DecreaseCounter job_0_running_actor_count, current val is 438
I1012 16:19:52.686375 17218 thread.cpp:76] thread 524312 deconstruct actor 1099561959424
I1012 16:19:52.685979 17219 actor.cpp:411] actor 1099564056576 switch to &Actor::HandlerZombie
I1012 16:19:52.686401 17233 runtime_context.cpp:29] DecreaseCounter job_0_running_actor_count, current val is 440
I1012 16:19:52.687117 17206 runtime_context.cpp:29] DecreaseCounter job_0_running_actor_count, current val is 436
I1012 16:19:52.685667 17198 thread.cpp:76] thread 524292 deconstruct actor 1099520016384
I1012 16:19:52.687232 17199 actor.cpp:408] actor 1099522113536 switch to nullptr
I1012 16:19:52.686702 17243 actor.cpp:408] actor 2199023255753 switch to nullptr
I1012 16:19:52.686825 17246 actor.cpp:408] actor 2199025352709 switch to nullptr
I1012 16:19:52.687333 17246 thread.cpp:76] thread 1048577 deconstruct actor 2199025352709
I1012 16:19:52.686857 17257 runtime_context.cpp:29] DecreaseCounter job_1_running_actor_count, current val is 44
I1012 16:19:52.687391 17246 runtime_context.cpp:29] DecreaseCounter job_0_running_actor_count, current val is 434
I1012 16:19:52.686955 17220 runtime_context.cpp:29] DecreaseCounter job_0_running_actor_count, current val is 437
I1012 16:19:52.687108 17219 thread.cpp:76] thread 524313 deconstruct actor 1099564056576
I1012 16:19:52.687139 17218 runtime_context.cpp:29] DecreaseCounter job_0_running_actor_count, current val is 435
I1012 16:19:52.687140 17233 actor.cpp:408] actor 1099614388226 switch to nullptr
I1012 16:19:52.687570 17233 thread.cpp:76] thread 524337 deconstruct actor 1099614388226
I1012 16:19:52.686506 17217 thread.cpp:76] thread 524311 deconstruct actor 1099559862272
I1012 16:19:52.687201 17195 actor.cpp:408] actor 1099513724928 switch to nullptr
I1012 16:19:52.687238 17207 actor.cpp:408] actor 1099538890752 switch to nullptr
I1012 16:19:52.687726 17207 thread.cpp:76] thread 524301 deconstruct actor 1099538890752
I1012 16:19:52.687278 17199 thread.cpp:76] thread 524293 deconstruct actor 1099522113536
I1012 16:19:52.687283 17203 actor.cpp:408] actor 1099530502144 switch to nullptr
I1012 16:19:52.687288 17211 actor.cpp:408] actor 1099547279360 switch to nullptr
I1012 16:19:52.687989 17211 thread.cpp:76] thread 524305 deconstruct actor 1099547279360
I1012 16:19:52.686355 17216 thread.cpp:76] thread 524310 deconstruct actor 1099557765120
I1012 16:19:52.687419 17246 thread.cpp:76] thread 1048577 deconstruct actor 2199025352706
I1012 16:19:52.687418 17257 actor.cpp:408] actor 2207613190339 switch to nullptr
I1012 16:19:52.687495 17198 runtime_context.cpp:29] DecreaseCounter job_0_running_actor_count, current val is 433
I1012 16:19:52.688232 17211 runtime_context.cpp:29] DecreaseCounter job_0_running_actor_count, current val is 425
I1012 16:19:52.687695 17233 runtime_context.cpp:29] DecreaseCounter job_0_running_actor_count, current val is 432
I1012 16:19:52.688308 17233 actor.cpp:408] actor 1099614388227 switch to nullptr
I1012 16:19:52.688334 17233 thread.cpp:76] thread 524337 deconstruct actor 1099614388227
I1012 16:19:52.687762 17219 runtime_context.cpp:29] DecreaseCounter job_0_running_actor_count, current val is 430
I1012 16:19:52.687928 17203 thread.cpp:76] thread 524297 deconstruct actor 1099530502144
I1012 16:19:52.687307 17243 thread.cpp:76] thread 1048576 deconstruct actor 2199023255753
I1012 16:19:52.688006 17207 runtime_context.cpp:29] DecreaseCounter job_0_running_actor_count, current val is 429
I1012 16:19:52.688472 17208 actor.cpp:408] actor 1099540987904 switch to nullptr
I1012 16:19:52.688539 17233 runtime_context.cpp:29] DecreaseCounter job_0_running_actor_count, current val is 424
I1012 16:19:52.688194 17216 runtime_context.cpp:29] DecreaseCounter job_0_running_actor_count, current val is 426
I1012 16:19:52.688606 17203 runtime_context.cpp:29] DecreaseCounter job_0_running_actor_count, current val is 423
I1012 16:19:52.687646 17195 thread.cpp:76] thread 524289 deconstruct actor 1099513724928
I1012 16:19:52.688688 17205 actor.cpp:408] actor 1099534696448 switch to nullptr
I1012 16:19:52.688768 17205 thread.cpp:76] thread 524299 deconstruct actor 1099534696448
I1012 16:19:52.688398 17196 actor.cpp:408] actor 1099515822080 switch to nullptr
I1012 16:19:52.688467 17212 actor.cpp:408] actor 1099549376512 switch to nullptr
I1012 16:19:52.688475 17204 actor.cpp:408] actor 1099532599296 switch to nullptr
I1012 16:19:52.688472 17200 actor.cpp:408] actor 1099524210688 switch to nullptr
I1012 16:19:52.688017 17199 runtime_context.cpp:29] DecreaseCounter job_0_running_actor_count, current val is 428
I1012 16:19:52.688167 17246 runtime_context.cpp:29] DecreaseCounter job_0_running_actor_count, current val is 427
I1012 16:19:52.689064 17246 thread.cpp:76] thread 1048577 deconstruct actor 2199025352705
I1012 16:19:52.688545 17208 thread.cpp:76] thread 524302 deconstruct actor 1099540987904
I1012 16:19:52.688577 17233 actor.cpp:408] actor 1099614388228 switch to nullptr
I1012 16:19:52.689186 17233 thread.cpp:76] thread 524337 deconstruct actor 1099614388228
I1012 16:19:52.688199 17257 thread.cpp:76] thread 1052672 deconstruct actor 2207613190339
I1012 16:19:52.688652 17197 actor.cpp:408] actor 1099517919232 switch to nullptr
I1012 16:19:52.688717 17201 actor.cpp:408] actor 1099526307840 switch to nullptr
I1012 16:19:52.689323 17201 thread.cpp:76] thread 524295 deconstruct actor 1099526307840
I1012 16:19:52.687698 17217 runtime_context.cpp:29] DecreaseCounter job_0_running_actor_count, current val is 431
I1012 16:19:52.689393 17208 runtime_context.cpp:29] DecreaseCounter job_0_running_actor_count, current val is 419
I1012 16:19:52.686614 17259 runtime_context.cpp:29] DecreaseCounter job_0_running_actor_count, current val is 439
I1012 16:19:52.688889 17196 thread.cpp:76] thread 524290 deconstruct actor 1099515822080
I1012 16:19:52.688920 17212 thread.cpp:76] thread 524306 deconstruct actor 1099549376512
I1012 16:19:52.688956 17204 thread.cpp:76] thread 524298 deconstruct actor 1099532599296
I1012 16:19:52.688998 17205 runtime_context.cpp:29] DecreaseCounter job_0_running_actor_count, current val is 422
I1012 16:19:52.689000 17200 thread.cpp:76] thread 524294 deconstruct actor 1099524210688
I1012 16:19:52.689695 17212 runtime_context.cpp:29] DecreaseCounter job_0_running_actor_count, current val is 417
I1012 16:19:52.688542 17243 runtime_context.cpp:29] DecreaseCounter job_1_running_actor_count, current val is 43
I1012 16:19:52.689744 17204 runtime_context.cpp:29] DecreaseCounter job_0_running_actor_count, current val is 416
I1012 16:19:52.689291 17197 thread.cpp:76] thread 524291 deconstruct actor 1099517919232
I1012 16:19:52.689311 17233 runtime_context.cpp:29] DecreaseCounter job_0_running_actor_count, current val is 420
I1012 16:19:52.688719 17209 actor.cpp:408] actor 1099543085056 switch to nullptr
