Log file created at: 2021/10/13 18:34:03
Running on machine: oneflow-14
Log line format: [IWEF]mmdd hh:mm:ss.uuuuuu threadid file:line] msg
I1013 18:34:03.728768 15694 global.h:36] NewGlobal 14cudaDeviceProp
I1013 18:34:03.729889 15694 global.h:36] NewGlobal N7oneflow7EnvDescE
I1013 18:34:03.729918 15694 global.h:36] NewGlobal N7oneflow10ProcessCtxE
I1013 18:34:03.729933 15694 env_global_objects_scope.cpp:152] using rpc backend: local
I1013 18:34:03.730065 15694 global.h:36] NewGlobal N7oneflow12ResourceDescE
I1013 18:34:03.730084 15694 global.h:36] NewGlobal N7oneflow12ResourceDescE
I1013 18:34:03.936251 15694 global.h:36] NewGlobal N7oneflow10ThreadPoolE
I1013 18:34:03.950812 15694 global.h:36] NewGlobal N7oneflow16EagerNcclCommMgrE
I1013 18:34:03.950876 15694 global.h:36] NewGlobal N7oneflow18CudnnConvAlgoCacheE
I1013 18:34:03.950888 15694 global.h:36] NewGlobal N7oneflow2vm19VirtualMachineScopeE
I1013 18:34:03.950899 15694 global.h:36] NewGlobal N7oneflow9OneflowVME
I1013 18:34:03.951719 15694 oneflow_vm.cpp:75] transport stream type: N7oneflow2vm13CpuStreamTypeE
I1013 18:34:03.951740 15694 oneflow_vm.cpp:75] transport stream type: N7oneflow2vm14CudaStreamTypeE
I1013 18:34:03.951747 15694 oneflow_vm.cpp:75] transport stream type: N7oneflow2vm19AsyncCudaStreamTypeE
I1013 18:34:03.951891 15694 global.h:36] NewGlobal N7oneflow27EagerJobBuildAndInferCtxMgrE
I1013 18:34:03.951910 15694 global.h:36] NewGlobal N7oneflow12EpollCommNetE
I1013 18:34:03.952090 15694 epoll_comm_network.cpp:63] CommNet:Epoll listening on 0.0.0.0:39354
I1013 18:34:03.952140 15694 epoll_comm_network.cpp:197] machine 0 sockfd -1
I1013 18:34:03.952260 15694 global.h:36] NewGlobal N7oneflow9TransportE
I1013 18:34:03.954385 15694 global.h:43] DeleteGlobal N7oneflow12ResourceDescE
I1013 18:34:03.954427 15694 version.cpp:22] OneFlow git version: b295ca2324
I1013 18:34:03.954447 15694 device_register_gpu.cpp:56] CUDA runtime version: 11.2
I1013 18:34:03.954479 15694 device_register_gpu.cpp:65] cuDNN version: 8.1.1
I1013 18:34:03.954491 15694 device_register_gpu.cpp:78] NCCL version: 2.9.8
I1013 18:34:03.954500 15694 global.h:36] NewGlobal N7oneflow12ResourceDescE
I1013 18:34:03.954510 15694 global.h:36] NewGlobal N7oneflow5IDMgrE
I1013 18:34:03.954519 15694 global.h:36] NewGlobal N7oneflow16AvailableMemDescE
I1013 18:34:03.954558 15694 global.h:36] NewGlobal St13unordered_mapISslSt4hashISsESt8equal_toISsESaISt4pairIKSslEEE
I1013 18:34:03.954577 15694 global.h:36] NewGlobal N7oneflow19CriticalSectionDescE
I1013 18:34:03.954586 15694 global.h:36] NewGlobal N7oneflow16InterUserJobInfoE
I1013 18:34:03.954594 15694 global.h:36] NewGlobal N7oneflow26LazyJobBuildAndInferCtxMgrE
I1013 18:34:03.954602 15694 global.h:36] NewGlobal N7oneflow16JobSetCompileCtxE
I1013 18:34:03.954610 15694 global.h:36] NewGlobal N7oneflow26RuntimeBufferManagersScopeE
I1013 18:34:03.954618 15694 global.h:36] NewGlobal N7oneflow9BufferMgrIlEE
I1013 18:34:03.954627 15694 global.h:36] NewGlobal N7oneflow9BufferMgrISt10shared_ptrINS_11JobInstanceEEEE
I1013 18:34:03.954633 15694 global.h:36] NewGlobal N7oneflow10RuntimeCtxE
I1013 18:34:03.954640 15694 global.h:36] NewGlobal N7oneflow15MemoryAllocatorE
I1013 18:34:03.954648 15694 global.h:36] NewGlobal N7oneflow8ChunkMgrE
I1013 18:34:03.954655 15694 global.h:36] NewGlobal N7oneflow8RegstMgrE
I1013 18:34:03.954663 15694 global.h:36] NewGlobal N7oneflow11ActorMsgBusE
I1013 18:34:03.954669 15694 global.h:36] NewGlobal N7oneflow9ThreadMgrE
I1013 18:34:03.954676 15694 global.h:36] NewGlobal N7oneflow15RuntimeJobDescsE
I1013 18:34:03.954684 15694 global.h:36] NewGlobal N7oneflow7summary12EventsWriterE
I1013 18:34:03.954694 15694 global.h:36] NewGlobal N7oneflow6boxing10collective24CollectiveBoxingExecutorE
I1013 18:34:03.954701 15694 global.h:36] NewGlobal N7oneflow6boxing10collective31CollectiveBoxingDeviceCtxPollerE
I1013 18:34:03.954859 15694 session.h:77] NewGlobal N7oneflow25SessionGlobalObjectsScopeE
I1013 18:34:03.955793 15694 global.h:36] NewGlobal N7oneflow7JobDescE
I1013 18:34:05.246690 15694 global.h:43] DeleteGlobal N7oneflow7JobDescE
I1013 18:34:05.247169 15694 global.h:36] NewGlobal N7oneflow7JobDescE
I1013 18:34:05.254626 15694 global.h:36] NewGlobal N7oneflow7OpGraphE
I1013 18:34:05.266559 15694 global.h:43] DeleteGlobal N7oneflow7OpGraphE
I1013 18:34:05.748044 15694 global.h:43] DeleteGlobal N7oneflow7JobDescE
I1013 18:34:05.793601 15694 global.h:36] NewGlobal N7oneflow24InterJobReuseMemStrategyE
I1013 18:34:05.793911 15694 global.h:36] NewGlobal N7oneflow7OneflowE
I1013 18:34:05.822120 15694 global.h:36] NewGlobal N7oneflow7JobDescE
I1013 18:34:06.454957 15694 global.h:36] NewGlobal N7oneflow7OpGraphE
I1013 18:34:06.634295 15694 global.h:43] DeleteGlobal N7oneflow7OpGraphE
I1013 18:34:06.663944 15694 oneflow.cpp:210] 
job_id: 0 , job_name: train_job , compile time: 0.841412 seconds.
I1013 18:34:06.821283 15694 global.h:43] DeleteGlobal N7oneflow7JobDescE
I1013 18:34:06.834707 15694 global.h:36] NewGlobal N7oneflow7JobDescE
I1013 18:34:06.945720 15694 global.h:36] NewGlobal N7oneflow7OpGraphE
I1013 18:34:07.016835 15694 global.h:43] DeleteGlobal N7oneflow7OpGraphE
I1013 18:34:07.026299 15694 oneflow.cpp:210] 
job_id: 1 , job_name: System-ModelInit , compile time: 0.190041 seconds.
I1013 18:34:07.053231 15694 global.h:43] DeleteGlobal N7oneflow7JobDescE
I1013 18:34:07.053687 15694 global.h:36] NewGlobal N7oneflow7JobDescE
I1013 18:34:07.153903 15694 global.h:36] NewGlobal N7oneflow7OpGraphE
I1013 18:34:07.198145 15694 global.h:43] DeleteGlobal N7oneflow7OpGraphE
I1013 18:34:07.203959 15694 oneflow.cpp:210] 
job_id: 2 , job_name: System-ModelLoad , compile time: 0.150149 seconds.
I1013 18:34:07.242811 15694 global.h:43] DeleteGlobal N7oneflow7JobDescE
I1013 18:34:07.243088 15694 global.h:36] NewGlobal N7oneflow7JobDescE
I1013 18:34:07.340215 15694 global.h:36] NewGlobal N7oneflow7OpGraphE
I1013 18:34:07.381763 15694 global.h:43] DeleteGlobal N7oneflow7OpGraphE
I1013 18:34:07.387185 15694 oneflow.cpp:210] 
job_id: 3 , job_name: System-ModelSave , compile time: 0.143916 seconds.
I1013 18:34:07.439644 15694 global.h:43] DeleteGlobal N7oneflow7JobDescE
I1013 18:34:07.439833 15694 global.h:36] NewGlobal N7oneflow7JobDescE
I1013 18:34:07.472404 15694 global.h:36] NewGlobal N7oneflow7OpGraphE
I1013 18:34:07.498246 15694 global.h:43] DeleteGlobal N7oneflow7OpGraphE
I1013 18:34:07.500160 15694 oneflow.cpp:210] 
job_id: 4 , job_name: System-Pull-Return_27 , compile time: 0.0495091 seconds.
I1013 18:34:07.507407 15694 global.h:43] DeleteGlobal N7oneflow7JobDescE
I1013 18:34:07.528725 15694 global.h:36] NewGlobal N7oneflow7JobDescE
I1013 18:34:07.528921 15694 global.h:36] NewGlobal N7oneflow7OpGraphE
I1013 18:34:07.570375 15694 global.h:43] DeleteGlobal N7oneflow7OpGraphE
I1013 18:34:07.574285 15694 oneflow.cpp:210] 
job_id: 5 , job_name: MainJob-unamed , compile time: 0.0453885 seconds.
I1013 18:34:07.589090 15694 global.h:43] DeleteGlobal N7oneflow7JobDescE
I1013 18:34:07.619344 15694 plan_util.cpp:928]  Plan: merged_plan needs to allocate [ 1450.8 MiB ] device memory in Rank: 0 , Device: 0
I1013 18:34:07.892289 15694 oneflow.cpp:998]  PushPlan merged_plan time: 0.0295357 seconds.
I1013 18:34:07.976703 15694 oneflow.cpp:1014]  PullPlan merged_plan time: 0.0704241 seconds.
I1013 18:34:11.491551 15694 runtime_context.cpp:21] NewCounter constructing_actor_cnt 409
I1013 18:34:11.492585 16526 naive_actor.cpp:25] actor 2199023255720 switch to &NaiveActor::HandlerNormal
I1013 18:34:11.492689 16479 wait_and_send_ids_actor.cpp:53] actor 1099616485376 switch to &WaitAndSendIdsActor::HandlerWaitToStart
I1013 18:34:11.492712 16526 thread.cpp:96] Thread 1048576 construct Actor kDeviceTick 2199023255720
I1013 18:34:11.492785 16479 thread.cpp:96] Thread 524338 construct Actor kWaitAndSendIds 1099616485376
I1013 18:34:11.492794 16478 naive_actor.cpp:25] actor 1099614388233 switch to &NaiveActor::HandlerNormal
I1013 18:34:11.492923 16526 runtime_context.cpp:29] DecreaseCounter constructing_actor_cnt, current val is 408
I1013 18:34:11.492961 16479 runtime_context.cpp:29] DecreaseCounter constructing_actor_cnt, current val is 407
I1013 18:34:11.493016 16478 thread.cpp:96] Thread 524337 construct Actor kDeviceTick 1099614388233
I1013 18:34:11.493289 16526 naive_actor.cpp:25] actor 2199023255759 switch to &NaiveActor::HandlerNormal
I1013 18:34:11.493429 16478 runtime_context.cpp:29] DecreaseCounter constructing_actor_cnt, current val is 406
I1013 18:34:11.493439 16526 thread.cpp:96] Thread 1048576 construct Actor kDeviceTick 2199023255759
I1013 18:34:11.493633 16526 runtime_context.cpp:29] DecreaseCounter constructing_actor_cnt, current val is 405
I1013 18:34:11.493721 16478 naive_actor.cpp:25] actor 1099614388226 switch to &NaiveActor::HandlerNormal
I1013 18:34:11.493798 16478 thread.cpp:96] Thread 524337 construct Actor kDeviceTick 1099614388226
I1013 18:34:11.493881 16478 runtime_context.cpp:29] DecreaseCounter constructing_actor_cnt, current val is 404
I1013 18:34:11.493902 16526 naive_actor.cpp:25] actor 2199023255798 switch to &NaiveActor::HandlerNormal
I1013 18:34:11.494021 16526 thread.cpp:96] Thread 1048576 construct Actor kDeviceTick 2199023255798
I1013 18:34:11.494127 16526 runtime_context.cpp:29] DecreaseCounter constructing_actor_cnt, current val is 403
I1013 18:34:11.494174 16478 naive_actor.cpp:25] actor 1099614388243 switch to &NaiveActor::HandlerNormal
I1013 18:34:11.494280 16478 thread.cpp:96] Thread 524337 construct Actor kDeviceTick 1099614388243
I1013 18:34:11.494364 16478 runtime_context.cpp:29] DecreaseCounter constructing_actor_cnt, current val is 402
I1013 18:34:11.494429 16526 naive_actor.cpp:25] actor 2199023255837 switch to &NaiveActor::HandlerNormal
I1013 18:34:11.494519 16526 thread.cpp:96] Thread 1048576 construct Actor kDeviceTick 2199023255837
I1013 18:34:11.494643 16478 naive_actor.cpp:25] actor 1099614388252 switch to &NaiveActor::HandlerNormal
I1013 18:34:11.494657 16526 runtime_context.cpp:29] DecreaseCounter constructing_actor_cnt, current val is 401
I1013 18:34:11.494722 16478 thread.cpp:96] Thread 524337 construct Actor kDeviceTick 1099614388252
I1013 18:34:11.494899 16478 runtime_context.cpp:29] DecreaseCounter constructing_actor_cnt, current val is 400
I1013 18:34:11.495152 16478 naive_actor.cpp:25] actor 1099614388261 switch to &NaiveActor::HandlerNormal
I1013 18:34:11.495218 16478 thread.cpp:96] Thread 524337 construct Actor kDeviceTick 1099614388261
I1013 18:34:11.495293 16478 runtime_context.cpp:29] DecreaseCounter constructing_actor_cnt, current val is 399
I1013 18:34:11.495527 16478 naive_actor.cpp:25] actor 1099614388269 switch to &NaiveActor::HandlerNormal
I1013 18:34:11.495627 16478 thread.cpp:96] Thread 524337 construct Actor kDeviceTick 1099614388269
I1013 18:34:11.495703 16478 runtime_context.cpp:29] DecreaseCounter constructing_actor_cnt, current val is 398
I1013 18:34:11.495955 16478 naive_actor.cpp:25] actor 1099614388276 switch to &NaiveActor::HandlerNormal
I1013 18:34:11.496029 16478 thread.cpp:96] Thread 524337 construct Actor kDeviceTick 1099614388276
I1013 18:34:11.496114 16478 runtime_context.cpp:29] DecreaseCounter constructing_actor_cnt, current val is 397
I1013 18:34:11.521308 16455 naive_actor.cpp:25] actor 1099511627776 switch to &NaiveActor::HandlerNormal
I1013 18:34:11.521612 16455 thread.cpp:96] Thread 524288 construct Actor kNormalForward 1099511627776
I1013 18:34:11.521936 16473 naive_actor.cpp:25] actor 1099547279360 switch to &NaiveActor::HandlerNormal
I1013 18:34:11.522032 16467 naive_actor.cpp:25] actor 1099536793600 switch to &NaiveActor::HandlerNormal
I1013 18:34:11.522029 16460 naive_actor.cpp:25] actor 1099522113536 switch to &NaiveActor::HandlerNormal
I1013 18:34:11.522042 16477 naive_actor.cpp:25] actor 1099555667968 switch to &NaiveActor::HandlerNormal
I1013 18:34:11.522058 16472 naive_actor.cpp:25] actor 1099545182208 switch to &NaiveActor::HandlerNormal
I1013 18:34:11.522034 16528 naive_actor.cpp:25] actor 2199025352704 switch to &NaiveActor::HandlerNormal
I1013 18:34:11.522069 16473 thread.cpp:96] Thread 524305 construct Actor kForeignInput 1099547279360
I1013 18:34:11.522080 16455 runtime_context.cpp:29] DecreaseCounter constructing_actor_cnt, current val is 396
I1013 18:34:11.522099 16466 naive_actor.cpp:25] actor 1099534696448 switch to &NaiveActor::HandlerNormal
I1013 18:34:11.522090 16478 naive_actor.cpp:25] actor 1099614388236 switch to &NaiveActor::HandlerNormal
I1013 18:34:11.523109 16459 naive_actor.cpp:25] actor 1099520016384 switch to &NaiveActor::HandlerNormal
I1013 18:34:11.523195 16457 naive_actor.cpp:25] actor 1099515822080 switch to &NaiveActor::HandlerNormal
I1013 18:34:11.522239 16460 thread.cpp:96] Thread 524293 construct Actor kNormalForward 1099522113536
I1013 18:34:11.522290 16531 naive_actor.cpp:25] actor 2199027449856 switch to &NaiveActor::HandlerNormal
I1013 18:34:11.522322 16477 thread.cpp:96] Thread 524309 construct Actor kForeignOutput 1099555667968
I1013 18:34:11.523690 16477 runtime_context.cpp:29] DecreaseCounter constructing_actor_cnt, current val is 393
I1013 18:34:11.525671 16474 naive_actor.cpp:25] actor 1099549376512 switch to &NaiveActor::HandlerNormal
I1013 18:34:11.525815 16474 thread.cpp:96] Thread 524306 construct Actor kNormalForward 1099549376512
I1013 18:34:11.525957 16526 naive_actor.cpp:25] actor 2199023255595 switch to &NaiveActor::HandlerNormal
I1013 18:34:11.522516 16462 naive_actor.cpp:25] actor 1099526307840 switch to &NaiveActor::HandlerNormal
I1013 18:34:11.522526 16461 naive_actor.cpp:25] actor 1099524210688 switch to &NaiveActor::HandlerNormal
I1013 18:34:11.522536 16476 naive_actor.cpp:25] actor 1099553570816 switch to &NaiveActor::HandlerNormal
I1013 18:34:11.522536 16469 naive_actor.cpp:25] actor 1099540987904 switch to &NaiveActor::HandlerNormal
I1013 18:34:11.522553 16528 thread.cpp:96] Thread 1048577 construct Actor kCopyHd 2199025352704
I1013 18:34:11.522562 16468 naive_actor.cpp:25] actor 1099538890752 switch to &NaiveActor::HandlerNormal
I1013 18:34:11.522606 16465 naive_actor.cpp:25] actor 1099532599296 switch to &NaiveActor::HandlerNormal
I1013 18:34:11.522615 16471 naive_actor.cpp:25] actor 1099543085056 switch to &NaiveActor::HandlerNormal
I1013 18:34:11.522554 16480 sink_actor.cpp:21] actor 1099618582528 switch to &SinkActor::HandlerNormal
I1013 18:34:11.522677 16473 runtime_context.cpp:29] DecreaseCounter constructing_actor_cnt, current val is 395
I1013 18:34:11.523048 16466 thread.cpp:96] Thread 524299 construct Actor kForeignInput 1099534696448
I1013 18:34:11.523115 16458 naive_actor.cpp:25] actor 1099517919232 switch to &NaiveActor::HandlerNormal
I1013 18:34:11.522157 16475 naive_actor.cpp:25] actor 1099551473664 switch to &NaiveActor::HandlerNormal
I1013 18:34:11.523126 16478 thread.cpp:96] Thread 524337 construct Actor kTick 1099614388236
I1013 18:34:11.523135 16456 naive_actor.cpp:25] actor 1099513724928 switch to &NaiveActor::HandlerNormal
I1013 18:34:11.527283 16478 runtime_context.cpp:29] DecreaseCounter constructing_actor_cnt, current val is 389
I1013 18:34:11.523217 16459 thread.cpp:96] Thread 524292 construct Actor kNormalForward 1099520016384
I1013 18:34:11.523290 16457 thread.cpp:96] Thread 524290 construct Actor kNormalForward 1099515822080
I1013 18:34:11.527520 16459 runtime_context.cpp:29] DecreaseCounter constructing_actor_cnt, current val is 388
I1013 18:34:11.523562 16531 thread.cpp:96] Thread 1048578 construct Actor kCopyHd 2199027449856
I1013 18:34:11.523633 16464 naive_actor.cpp:25] actor 1099530502144 switch to &NaiveActor::HandlerNormal
I1013 18:34:11.523636 16463 naive_actor.cpp:25] actor 1099528404992 switch to &NaiveActor::HandlerNormal
I1013 18:34:11.527859 16463 thread.cpp:96] Thread 524296 construct Actor kNormalForward 1099528404992
I1013 18:34:11.527947 16478 naive_actor.cpp:25] actor 1099614388230 switch to &NaiveActor::HandlerNormal
I1013 18:34:11.526063 16526 thread.cpp:96] Thread 1048576 construct Actor kNormalForward 2199023255595
I1013 18:34:11.526145 16462 thread.cpp:96] Thread 524295 construct Actor kNormalForward 1099526307840
I1013 18:34:11.526229 16461 thread.cpp:96] Thread 524294 construct Actor kNormalForward 1099524210688
I1013 18:34:11.526293 16476 thread.cpp:96] Thread 524308 construct Actor kNormalForward 1099553570816
I1013 18:34:11.528352 16461 runtime_context.cpp:29] DecreaseCounter constructing_actor_cnt, current val is 382
I1013 18:34:11.522384 16472 thread.cpp:96] Thread 524304 construct Actor kNormalForward 1099545182208
I1013 18:34:11.528689 16472 runtime_context.cpp:29] DecreaseCounter constructing_actor_cnt, current val is 380
I1013 18:34:11.526599 16468 thread.cpp:96] Thread 524301 construct Actor kNormalForward 1099538890752
I1013 18:34:11.526680 16465 thread.cpp:96] Thread 524298 construct Actor kNormalForward 1099532599296
I1013 18:34:11.526757 16471 thread.cpp:96] Thread 524303 construct Actor kNormalForward 1099543085056
I1013 18:34:11.526845 16480 thread.cpp:96] Thread 524339 construct Actor kCallbackNotify 1099618582528
I1013 18:34:11.527042 16466 runtime_context.cpp:29] DecreaseCounter constructing_actor_cnt, current val is 390
I1013 18:34:11.527072 16458 thread.cpp:96] Thread 524291 construct Actor kNormalForward 1099517919232
I1013 18:34:11.527163 16475 thread.cpp:96] Thread 524307 construct Actor kNormalForward 1099551473664
I1013 18:34:11.522161 16467 thread.cpp:96] Thread 524300 construct Actor kNormalForward 1099536793600
I1013 18:34:11.527303 16456 thread.cpp:96] Thread 524289 construct Actor kNormalForward 1099513724928
I1013 18:34:11.523416 16460 runtime_context.cpp:29] DecreaseCounter constructing_actor_cnt, current val is 394
I1013 18:34:11.527590 16457 runtime_context.cpp:29] DecreaseCounter constructing_actor_cnt, current val is 387
I1013 18:34:11.527724 16531 runtime_context.cpp:29] DecreaseCounter constructing_actor_cnt, current val is 386
I1013 18:34:11.527776 16464 thread.cpp:96] Thread 524297 construct Actor kNormalForward 1099530502144
I1013 18:34:11.527981 16463 runtime_context.cpp:29] DecreaseCounter constructing_actor_cnt, current val is 385
I1013 18:34:11.528024 16478 thread.cpp:96] Thread 524337 construct Actor kTick 1099614388230
I1013 18:34:11.528174 16526 runtime_context.cpp:29] DecreaseCounter constructing_actor_cnt, current val is 384
I1013 18:34:11.528261 16462 runtime_context.cpp:29] DecreaseCounter constructing_actor_cnt, current val is 383
I1013 18:34:11.526350 16469 thread.cpp:96] Thread 524302 construct Actor kForeignInput 1099540987904
I1013 18:34:11.528416 16476 runtime_context.cpp:29] DecreaseCounter constructing_actor_cnt, current val is 381
I1013 18:34:11.526525 16528 runtime_context.cpp:29] DecreaseCounter constructing_actor_cnt, current val is 391
I1013 18:34:11.528890 16468 runtime_context.cpp:29] DecreaseCounter constructing_actor_cnt, current val is 379
I1013 18:34:11.528986 16465 runtime_context.cpp:29] DecreaseCounter constructing_actor_cnt, current val is 378
I1013 18:34:11.529058 16471 runtime_context.cpp:29] DecreaseCounter constructing_actor_cnt, current val is 377
I1013 18:34:11.529129 16480 runtime_context.cpp:29] DecreaseCounter constructing_actor_cnt, current val is 376
I1013 18:34:11.529291 16458 runtime_context.cpp:29] DecreaseCounter constructing_actor_cnt, current val is 375
I1013 18:34:11.529364 16475 runtime_context.cpp:29] DecreaseCounter constructing_actor_cnt, current val is 374
I1013 18:34:11.529449 16467 runtime_context.cpp:29] DecreaseCounter constructing_actor_cnt, current val is 373
I1013 18:34:11.529522 16456 runtime_context.cpp:29] DecreaseCounter constructing_actor_cnt, current val is 372
I1013 18:34:11.529858 16464 runtime_context.cpp:29] DecreaseCounter constructing_actor_cnt, current val is 371
I1013 18:34:11.530015 16478 runtime_context.cpp:29] DecreaseCounter constructing_actor_cnt, current val is 370
I1013 18:34:11.530259 16469 runtime_context.cpp:29] DecreaseCounter constructing_actor_cnt, current val is 369
I1013 18:34:11.530532 16528 naive_actor.cpp:25] actor 2199025352708 switch to &NaiveActor::HandlerNormal
I1013 18:34:11.530983 16526 naive_actor.cpp:25] actor 2199023255637 switch to &NaiveActor::HandlerNormal
I1013 18:34:11.531263 16528 thread.cpp:96] Thread 1048577 construct Actor kCopyHd 2199025352708
I1013 18:34:11.531327 16526 thread.cpp:96] Thread 1048576 construct Actor kNormalForward 2199023255637
I1013 18:34:11.531464 16526 runtime_context.cpp:29] DecreaseCounter constructing_actor_cnt, current val is 367
I1013 18:34:11.525965 16474 runtime_context.cpp:29] DecreaseCounter constructing_actor_cnt, current val is 392
I1013 18:34:11.531396 16528 runtime_context.cpp:29] DecreaseCounter constructing_actor_cnt, current val is 368
I1013 18:34:11.531925 16478 naive_actor.cpp:25] actor 1099614388229 switch to &NaiveActor::HandlerNormal
I1013 18:34:11.532012 16478 thread.cpp:96] Thread 524337 construct Actor kDstSubsetTick 1099614388229
I1013 18:34:11.532021 16528 naive_actor.cpp:25] actor 2199025352705 switch to &NaiveActor::HandlerNormal
I1013 18:34:11.532138 16478 runtime_context.cpp:29] DecreaseCounter constructing_actor_cnt, current val is 366
I1013 18:34:11.532140 16528 thread.cpp:96] Thread 1048577 construct Actor kCopyHd 2199025352705
I1013 18:34:11.532287 16528 runtime_context.cpp:29] DecreaseCounter constructing_actor_cnt, current val is 365
I1013 18:34:11.532392 16526 naive_actor.cpp:25] actor 2199023255685 switch to &NaiveActor::HandlerNormal
I1013 18:34:11.532456 16526 thread.cpp:96] Thread 1048576 construct Actor kNormalForward 2199023255685
I1013 18:34:11.532464 16528 naive_actor.cpp:25] actor 2199025352707 switch to &NaiveActor::HandlerNormal
I1013 18:34:11.532557 16526 runtime_context.cpp:29] DecreaseCounter constructing_actor_cnt, current val is 364
I1013 18:34:11.532588 16528 thread.cpp:96] Thread 1048577 construct Actor kCopyHd 2199025352707
I1013 18:34:11.532601 16478 naive_actor.cpp:25] actor 1099614388238 switch to &NaiveActor::HandlerNormal
I1013 18:34:11.532714 16528 runtime_context.cpp:29] DecreaseCounter constructing_actor_cnt, current val is 363
I1013 18:34:11.532763 16478 thread.cpp:96] Thread 524337 construct Actor kTick 1099614388238
I1013 18:34:11.532924 16478 runtime_context.cpp:29] DecreaseCounter constructing_actor_cnt, current val is 362
I1013 18:34:11.532990 16528 naive_actor.cpp:25] actor 2199025352706 switch to &NaiveActor::HandlerNormal
I1013 18:34:11.533061 16528 thread.cpp:96] Thread 1048577 construct Actor kCopyHd 2199025352706
I1013 18:34:11.533133 16528 runtime_context.cpp:29] DecreaseCounter constructing_actor_cnt, current val is 361
I1013 18:34:11.533262 16478 naive_actor.cpp:25] actor 1099614388239 switch to &NaiveActor::HandlerNormal
I1013 18:34:11.533267 16526 naive_actor.cpp:25] actor 2199023255565 switch to &NaiveActor::HandlerNormal
I1013 18:34:11.533273 16528 naive_actor.cpp:25] actor 2199025352709 switch to &NaiveActor::HandlerNormal
I1013 18:34:11.533349 16478 thread.cpp:96] Thread 524337 construct Actor kTick 1099614388239
I1013 18:34:11.533416 16526 thread.cpp:96] Thread 1048576 construct Actor kNormalForward 2199023255565
I1013 18:34:11.533485 16528 thread.cpp:96] Thread 1048577 construct Actor kCopyHd 2199025352709
I1013 18:34:11.533658 16526 runtime_context.cpp:29] DecreaseCounter constructing_actor_cnt, current val is 359
I1013 18:34:11.533596 16478 runtime_context.cpp:29] DecreaseCounter constructing_actor_cnt, current val is 360
I1013 18:34:11.533691 16528 runtime_context.cpp:29] DecreaseCounter constructing_actor_cnt, current val is 358
I1013 18:34:11.534137 16528 naive_actor.cpp:25] actor 2199025352710 switch to &NaiveActor::HandlerNormal
I1013 18:34:11.534164 16478 naive_actor.cpp:25] actor 1099614388232 switch to &NaiveActor::HandlerNormal
I1013 18:34:11.534226 16528 thread.cpp:96] Thread 1048577 construct Actor kCopyHd 2199025352710
I1013 18:34:11.534293 16478 thread.cpp:96] Thread 524337 construct Actor kTick 1099614388232
I1013 18:34:11.534369 16528 runtime_context.cpp:29] DecreaseCounter constructing_actor_cnt, current val is 357
I1013 18:34:11.534457 16478 runtime_context.cpp:29] DecreaseCounter constructing_actor_cnt, current val is 356
I1013 18:34:11.534520 16526 naive_actor.cpp:25] actor 2199023255613 switch to &NaiveActor::HandlerNormal
I1013 18:34:11.534607 16526 thread.cpp:96] Thread 1048576 construct Actor kNormalForward 2199023255613
I1013 18:34:11.534704 16526 runtime_context.cpp:29] DecreaseCounter constructing_actor_cnt, current val is 355
I1013 18:34:11.534818 16478 naive_actor.cpp:25] actor 1099614388231 switch to &NaiveActor::HandlerNormal
I1013 18:34:11.534893 16478 thread.cpp:96] Thread 524337 construct Actor kTick 1099614388231
I1013 18:34:11.535112 16478 runtime_context.cpp:29] DecreaseCounter constructing_actor_cnt, current val is 354
I1013 18:34:11.535445 16526 naive_actor.cpp:25] actor 2199023255655 switch to &NaiveActor::HandlerNormal
I1013 18:34:11.535454 16478 naive_actor.cpp:25] actor 1099614388224 switch to &NaiveActor::HandlerNormal
I1013 18:34:11.535540 16526 thread.cpp:96] Thread 1048576 construct Actor kNormalForward 2199023255655
I1013 18:34:11.535634 16478 thread.cpp:96] Thread 524337 construct Actor kDeviceTick 1099614388224
I1013 18:34:11.535730 16526 runtime_context.cpp:29] DecreaseCounter constructing_actor_cnt, current val is 353
I1013 18:34:11.535790 16478 runtime_context.cpp:29] DecreaseCounter constructing_actor_cnt, current val is 352
I1013 18:34:11.536115 16478 naive_actor.cpp:25] actor 1099614388234 switch to &NaiveActor::HandlerNormal
I1013 18:34:11.536201 16478 thread.cpp:96] Thread 524337 construct Actor kSrcSubsetTick 1099614388234
I1013 18:34:11.536309 16478 runtime_context.cpp:29] DecreaseCounter constructing_actor_cnt, current val is 351
I1013 18:34:11.536638 16526 naive_actor.cpp:25] actor 2199023255703 switch to &NaiveActor::HandlerNormal
I1013 18:34:11.536645 16478 naive_actor.cpp:25] actor 1099614388228 switch to &NaiveActor::HandlerNormal
I1013 18:34:11.536737 16526 thread.cpp:96] Thread 1048576 construct Actor kNormalForward 2199023255703
I1013 18:34:11.536803 16478 thread.cpp:96] Thread 524337 construct Actor kTick 1099614388228
I1013 18:34:11.536904 16526 runtime_context.cpp:29] DecreaseCounter constructing_actor_cnt, current val is 350
I1013 18:34:11.536971 16478 runtime_context.cpp:29] DecreaseCounter constructing_actor_cnt, current val is 349
I1013 18:34:11.537228 16526 naive_actor.cpp:25] actor 2199023255589 switch to &NaiveActor::HandlerNormal
I1013 18:34:11.537313 16478 naive_actor.cpp:25] actor 1099614388319 switch to &NaiveActor::HandlerNormal
I1013 18:34:11.537318 16526 thread.cpp:96] Thread 1048576 construct Actor kNormalForward 2199023255589
I1013 18:34:11.537395 16478 thread.cpp:96] Thread 524337 construct Actor kTick 1099614388319
I1013 18:34:11.537490 16526 runtime_context.cpp:29] DecreaseCounter constructing_actor_cnt, current val is 348
I1013 18:34:11.537551 16478 runtime_context.cpp:29] DecreaseCounter constructing_actor_cnt, current val is 347
I1013 18:34:11.537902 16478 naive_actor.cpp:25] actor 1099614388225 switch to &NaiveActor::HandlerNormal
I1013 18:34:11.537981 16478 thread.cpp:96] Thread 524337 construct Actor kSrcSubsetTick 1099614388225
I1013 18:34:11.538067 16478 runtime_context.cpp:29] DecreaseCounter constructing_actor_cnt, current val is 346
I1013 18:34:11.538251 16526 naive_actor.cpp:25] actor 2199023255631 switch to &NaiveActor::HandlerNormal
I1013 18:34:11.538338 16526 thread.cpp:96] Thread 1048576 construct Actor kNormalForward 2199023255631
I1013 18:34:11.538389 16478 naive_actor.cpp:25] actor 1099614388291 switch to &NaiveActor::HandlerNormal
I1013 18:34:11.538425 16526 runtime_context.cpp:29] DecreaseCounter constructing_actor_cnt, current val is 345
I1013 18:34:11.538477 16478 thread.cpp:96] Thread 524337 construct Actor kTick 1099614388291
I1013 18:34:11.538698 16478 runtime_context.cpp:29] DecreaseCounter constructing_actor_cnt, current val is 344
I1013 18:34:11.539031 16478 naive_actor.cpp:25] actor 1099614388237 switch to &NaiveActor::HandlerNormal
I1013 18:34:11.539111 16478 thread.cpp:96] Thread 524337 construct Actor kDstSubsetTick 1099614388237
I1013 18:34:11.539196 16478 runtime_context.cpp:29] DecreaseCounter constructing_actor_cnt, current val is 343
I1013 18:34:11.539214 16526 naive_actor.cpp:25] actor 2199023255679 switch to &NaiveActor::HandlerNormal
I1013 18:34:11.539327 16526 thread.cpp:96] Thread 1048576 construct Actor kNormalForward 2199023255679
I1013 18:34:11.539429 16526 runtime_context.cpp:29] DecreaseCounter constructing_actor_cnt, current val is 342
I1013 18:34:11.539531 16478 naive_actor.cpp:25] actor 1099614388316 switch to &NaiveActor::HandlerNormal
I1013 18:34:11.539623 16478 thread.cpp:96] Thread 524337 construct Actor kTick 1099614388316
I1013 18:34:11.539916 16478 runtime_context.cpp:29] DecreaseCounter constructing_actor_cnt, current val is 341
I1013 18:34:11.540218 16526 naive_actor.cpp:25] actor 2199023255592 switch to &NaiveActor::HandlerNormal
I1013 18:34:11.540235 16478 naive_actor.cpp:25] actor 1099614388245 switch to &NaiveActor::HandlerNormal
I1013 18:34:11.541652 16526 thread.cpp:96] Thread 1048576 construct Actor kNormalForward 2199023255592
I1013 18:34:11.541766 16478 thread.cpp:96] Thread 524337 construct Actor kTick 1099614388245
I1013 18:34:11.541879 16526 runtime_context.cpp:29] DecreaseCounter constructing_actor_cnt, current val is 340
I1013 18:34:11.541954 16478 runtime_context.cpp:29] DecreaseCounter constructing_actor_cnt, current val is 339
I1013 18:34:11.542392 16478 naive_actor.cpp:25] actor 1099614388242 switch to &NaiveActor::HandlerNormal
I1013 18:34:11.542487 16478 thread.cpp:96] Thread 524337 construct Actor kSrcSubsetTick 1099614388242
I1013 18:34:11.542587 16478 runtime_context.cpp:29] DecreaseCounter constructing_actor_cnt, current val is 338
I1013 18:34:11.542742 16526 naive_actor.cpp:25] actor 2199023255634 switch to &NaiveActor::HandlerNormal
I1013 18:34:11.542912 16478 naive_actor.cpp:25] actor 1099614388248 switch to &NaiveActor::HandlerNormal
I1013 18:34:11.551609 16526 thread.cpp:96] Thread 1048576 construct Actor kNormalForward 2199023255634
I1013 18:34:11.551798 16478 thread.cpp:96] Thread 524337 construct Actor kTick 1099614388248
I1013 18:34:11.551980 16526 runtime_context.cpp:29] DecreaseCounter constructing_actor_cnt, current val is 337
I1013 18:34:11.552053 16478 runtime_context.cpp:29] DecreaseCounter constructing_actor_cnt, current val is 336
I1013 18:34:11.552497 16526 naive_actor.cpp:25] actor 2199023255682 switch to &NaiveActor::HandlerNormal
I1013 18:34:11.552603 16526 thread.cpp:96] Thread 1048576 construct Actor kNormalForward 2199023255682
I1013 18:34:11.552708 16526 runtime_context.cpp:29] DecreaseCounter constructing_actor_cnt, current val is 335
I1013 18:34:11.552709 16478 naive_actor.cpp:25] actor 1099614388241 switch to &NaiveActor::HandlerNormal
I1013 18:34:11.553175 16478 thread.cpp:96] Thread 524337 construct Actor kDeviceTick 1099614388241
I1013 18:34:11.553478 16478 runtime_context.cpp:29] DecreaseCounter constructing_actor_cnt, current val is 334
I1013 18:34:11.553771 16526 naive_actor.cpp:25] actor 2199023255588 switch to &NaiveActor::HandlerNormal
I1013 18:34:11.553962 16526 thread.cpp:96] Thread 1048576 construct Actor kNormalForward 2199023255588
I1013 18:34:11.554083 16526 runtime_context.cpp:29] DecreaseCounter constructing_actor_cnt, current val is 333
I1013 18:34:11.554170 16478 naive_actor.cpp:25] actor 1099614388246 switch to &NaiveActor::HandlerNormal
I1013 18:34:11.554255 16478 thread.cpp:96] Thread 524337 construct Actor kDstSubsetTick 1099614388246
I1013 18:34:11.554363 16478 runtime_context.cpp:29] DecreaseCounter constructing_actor_cnt, current val is 332
I1013 18:34:11.554699 16478 naive_actor.cpp:25] actor 1099614388240 switch to &NaiveActor::HandlerNormal
I1013 18:34:11.554781 16478 thread.cpp:96] Thread 524337 construct Actor kTick 1099614388240
I1013 18:34:11.554873 16526 naive_actor.cpp:25] actor 2199023255630 switch to &NaiveActor::HandlerNormal
I1013 18:34:11.554888 16478 runtime_context.cpp:29] DecreaseCounter constructing_actor_cnt, current val is 331
I1013 18:34:11.554951 16526 thread.cpp:96] Thread 1048576 construct Actor kNormalForward 2199023255630
I1013 18:34:11.555125 16526 runtime_context.cpp:29] DecreaseCounter constructing_actor_cnt, current val is 330
I1013 18:34:11.555294 16478 naive_actor.cpp:25] actor 1099614388247 switch to &NaiveActor::HandlerNormal
I1013 18:34:11.555388 16478 thread.cpp:96] Thread 524337 construct Actor kTick 1099614388247
I1013 18:34:11.555485 16478 runtime_context.cpp:29] DecreaseCounter constructing_actor_cnt, current val is 329
I1013 18:34:11.555797 16526 naive_actor.cpp:25] actor 2199023255678 switch to &NaiveActor::HandlerNormal
I1013 18:34:11.555843 16478 naive_actor.cpp:25] actor 1099614388250 switch to &NaiveActor::HandlerNormal
I1013 18:34:11.555888 16526 thread.cpp:96] Thread 1048576 construct Actor kNormalForward 2199023255678
I1013 18:34:11.556073 16478 thread.cpp:96] Thread 524337 construct Actor kDeviceTick 1099614388250
I1013 18:34:11.556195 16526 runtime_context.cpp:29] DecreaseCounter constructing_actor_cnt, current val is 328
I1013 18:34:11.556252 16478 runtime_context.cpp:29] DecreaseCounter constructing_actor_cnt, current val is 327
I1013 18:34:11.556690 16478 naive_actor.cpp:25] actor 1099614388255 switch to &NaiveActor::HandlerNormal
I1013 18:34:11.556777 16478 thread.cpp:96] Thread 524337 construct Actor kDstSubsetTick 1099614388255
I1013 18:34:11.556867 16478 runtime_context.cpp:29] DecreaseCounter constructing_actor_cnt, current val is 326
I1013 18:34:11.557164 16526 naive_actor.cpp:25] actor 2199023255569 switch to &NaiveActor::HandlerNormal
I1013 18:34:11.557183 16478 naive_actor.cpp:25] actor 1099614388292 switch to &NaiveActor::HandlerNormal
I1013 18:34:11.557258 16526 thread.cpp:96] Thread 1048576 construct Actor kNormalForward 2199023255569
I1013 18:34:11.557335 16478 thread.cpp:96] Thread 524337 construct Actor kTick 1099614388292
I1013 18:34:11.557430 16526 runtime_context.cpp:29] DecreaseCounter constructing_actor_cnt, current val is 325
I1013 18:34:11.557492 16478 runtime_context.cpp:29] DecreaseCounter constructing_actor_cnt, current val is 324
I1013 18:34:11.557855 16478 naive_actor.cpp:25] actor 1099614388254 switch to &NaiveActor::HandlerNormal
I1013 18:34:11.557942 16478 thread.cpp:96] Thread 524337 construct Actor kTick 1099614388254
I1013 18:34:11.558035 16478 runtime_context.cpp:29] DecreaseCounter constructing_actor_cnt, current val is 323
I1013 18:34:11.558246 16526 naive_actor.cpp:25] actor 2199023255617 switch to &NaiveActor::HandlerNormal
I1013 18:34:11.558331 16526 thread.cpp:96] Thread 1048576 construct Actor kNormalForward 2199023255617
I1013 18:34:11.558374 16478 naive_actor.cpp:25] actor 1099614388251 switch to &NaiveActor::HandlerNormal
I1013 18:34:11.558420 16526 runtime_context.cpp:29] DecreaseCounter constructing_actor_cnt, current val is 322
I1013 18:34:11.558444 16478 thread.cpp:96] Thread 524337 construct Actor kSrcSubsetTick 1099614388251
I1013 18:34:11.558619 16478 runtime_context.cpp:29] DecreaseCounter constructing_actor_cnt, current val is 321
I1013 18:34:11.558948 16478 naive_actor.cpp:25] actor 1099614388249 switch to &NaiveActor::HandlerNormal
I1013 18:34:11.559028 16478 thread.cpp:96] Thread 524337 construct Actor kTick 1099614388249
I1013 18:34:11.559135 16478 runtime_context.cpp:29] DecreaseCounter constructing_actor_cnt, current val is 320
I1013 18:34:11.559446 16526 naive_actor.cpp:25] actor 2199023255659 switch to &NaiveActor::HandlerNormal
I1013 18:34:11.559471 16478 naive_actor.cpp:25] actor 1099614388257 switch to &NaiveActor::HandlerNormal
I1013 18:34:11.559543 16526 thread.cpp:96] Thread 1048576 construct Actor kNormalForward 2199023255659
I1013 18:34:11.559624 16478 thread.cpp:96] Thread 524337 construct Actor kTick 1099614388257
I1013 18:34:11.559724 16526 runtime_context.cpp:29] DecreaseCounter constructing_actor_cnt, current val is 319
I1013 18:34:11.559792 16478 runtime_context.cpp:29] DecreaseCounter constructing_actor_cnt, current val is 318
I1013 18:34:11.560138 16478 naive_actor.cpp:25] actor 1099614388256 switch to &NaiveActor::HandlerNormal
I1013 18:34:11.560220 16478 thread.cpp:96] Thread 524337 construct Actor kTick 1099614388256
I1013 18:34:11.560326 16478 runtime_context.cpp:29] DecreaseCounter constructing_actor_cnt, current val is 317
I1013 18:34:11.560658 16478 naive_actor.cpp:25] actor 1099614388259 switch to &NaiveActor::HandlerNormal
I1013 18:34:11.560684 16526 naive_actor.cpp:25] actor 2199023255707 switch to &NaiveActor::HandlerNormal
I1013 18:34:11.560731 16478 thread.cpp:96] Thread 524337 construct Actor kDeviceTick 1099614388259
I1013 18:34:11.560796 16526 thread.cpp:96] Thread 1048576 construct Actor kNormalForward 2199023255707
I1013 18:34:11.560895 16478 runtime_context.cpp:29] DecreaseCounter constructing_actor_cnt, current val is 316
I1013 18:34:11.560972 16526 runtime_context.cpp:29] DecreaseCounter constructing_actor_cnt, current val is 315
I1013 18:34:11.561465 16478 naive_actor.cpp:25] actor 1099614388258 switch to &NaiveActor::HandlerNormal
I1013 18:34:11.561550 16478 thread.cpp:96] Thread 524337 construct Actor kTick 1099614388258
I1013 18:34:11.561657 16478 runtime_context.cpp:29] DecreaseCounter constructing_actor_cnt, current val is 314
I1013 18:34:11.561980 16478 naive_actor.cpp:25] actor 1099614388265 switch to &NaiveActor::HandlerNormal
I1013 18:34:11.562088 16478 thread.cpp:96] Thread 524337 construct Actor kTick 1099614388265
I1013 18:34:11.562183 16526 naive_actor.cpp:25] actor 2199023255597 switch to &NaiveActor::HandlerNormal
I1013 18:34:11.562192 16478 runtime_context.cpp:29] DecreaseCounter constructing_actor_cnt, current val is 313
I1013 18:34:11.562263 16526 thread.cpp:96] Thread 1048576 construct Actor kNormalForward 2199023255597
I1013 18:34:11.562500 16526 runtime_context.cpp:29] DecreaseCounter constructing_actor_cnt, current val is 312
I1013 18:34:11.562610 16478 naive_actor.cpp:25] actor 1099614388263 switch to &NaiveActor::HandlerNormal
I1013 18:34:11.562687 16478 thread.cpp:96] Thread 524337 construct Actor kTick 1099614388263
I1013 18:34:11.562788 16478 runtime_context.cpp:29] DecreaseCounter constructing_actor_cnt, current val is 311
I1013 18:34:11.566104 16478 naive_actor.cpp:25] actor 1099614388287 switch to &NaiveActor::HandlerNormal
I1013 18:34:11.566269 16478 thread.cpp:96] Thread 524337 construct Actor kTick 1099614388287
I1013 18:34:11.566429 16478 runtime_context.cpp:29] DecreaseCounter constructing_actor_cnt, current val is 310
I1013 18:34:11.566143 16526 naive_actor.cpp:25] actor 2199023255639 switch to &NaiveActor::HandlerNormal
I1013 18:34:11.566987 16526 thread.cpp:96] Thread 1048576 construct Actor kNormalForward 2199023255639
I1013 18:34:11.567051 16478 naive_actor.cpp:25] actor 1099614388266 switch to &NaiveActor::HandlerNormal
I1013 18:34:11.567122 16478 thread.cpp:96] Thread 524337 construct Actor kTick 1099614388266
I1013 18:34:11.567132 16526 runtime_context.cpp:29] DecreaseCounter constructing_actor_cnt, current val is 309
I1013 18:34:11.567204 16478 runtime_context.cpp:29] DecreaseCounter constructing_actor_cnt, current val is 308
I1013 18:34:11.571384 16478 naive_actor.cpp:25] actor 1099614388264 switch to &NaiveActor::HandlerNormal
I1013 18:34:11.571482 16478 thread.cpp:96] Thread 524337 construct Actor kDstSubsetTick 1099614388264
I1013 18:34:11.571630 16478 runtime_context.cpp:29] DecreaseCounter constructing_actor_cnt, current val is 307
I1013 18:34:11.571717 16526 naive_actor.cpp:25] actor 2199023255687 switch to &NaiveActor::HandlerNormal
I1013 18:34:11.571821 16526 thread.cpp:96] Thread 1048576 construct Actor kNormalForward 2199023255687
I1013 18:34:11.571951 16526 runtime_context.cpp:29] DecreaseCounter constructing_actor_cnt, current val is 306
I1013 18:34:11.572001 16478 naive_actor.cpp:25] actor 1099614388260 switch to &NaiveActor::HandlerNormal
I1013 18:34:11.572108 16478 thread.cpp:96] Thread 524337 construct Actor kSrcSubsetTick 1099614388260
I1013 18:34:11.572204 16478 runtime_context.cpp:29] DecreaseCounter constructing_actor_cnt, current val is 305
I1013 18:34:11.572319 16526 naive_actor.cpp:25] actor 2199023255598 switch to &NaiveActor::HandlerNormal
I1013 18:34:11.572516 16478 naive_actor.cpp:25] actor 1099614388273 switch to &NaiveActor::HandlerNormal
I1013 18:34:11.576612 16526 thread.cpp:96] Thread 1048576 construct Actor kNormalForward 2199023255598
I1013 18:34:11.576761 16478 thread.cpp:96] Thread 524337 construct Actor kTick 1099614388273
I1013 18:34:11.576927 16526 runtime_context.cpp:29] DecreaseCounter constructing_actor_cnt, current val is 304
I1013 18:34:11.577015 16478 runtime_context.cpp:29] DecreaseCounter constructing_actor_cnt, current val is 303
I1013 18:34:11.577620 16478 naive_actor.cpp:25] actor 1099614388268 switch to &NaiveActor::HandlerNormal
I1013 18:34:11.577699 16478 thread.cpp:96] Thread 524337 construct Actor kSrcSubsetTick 1099614388268
I1013 18:34:11.577900 16478 runtime_context.cpp:29] DecreaseCounter constructing_actor_cnt, current val is 302
I1013 18:34:11.577951 16526 naive_actor.cpp:25] actor 2199023255640 switch to &NaiveActor::HandlerNormal
I1013 18:34:11.578030 16526 thread.cpp:96] Thread 1048576 construct Actor kNormalForward 2199023255640
I1013 18:34:11.578130 16526 runtime_context.cpp:29] DecreaseCounter constructing_actor_cnt, current val is 301
I1013 18:34:11.578425 16526 naive_actor.cpp:25] actor 2199023255688 switch to &NaiveActor::HandlerNormal
I1013 18:34:11.578455 16478 esac_actor.cpp:73] actor 1099614388313 switch to &EsacActor::HandlerNormal
I1013 18:34:11.583606 16526 thread.cpp:96] Thread 1048576 construct Actor kNormalForward 2199023255688
I1013 18:34:11.583794 16478 thread.cpp:96] Thread 524337 construct Actor kEsac 1099614388313
I1013 18:34:11.583968 16526 runtime_context.cpp:29] DecreaseCounter constructing_actor_cnt, current val is 300
I1013 18:34:11.584086 16478 runtime_context.cpp:29] DecreaseCounter constructing_actor_cnt, current val is 299
I1013 18:34:11.584717 16478 naive_actor.cpp:25] actor 1099614388279 switch to &NaiveActor::HandlerNormal
I1013 18:34:11.584815 16478 thread.cpp:96] Thread 524337 construct Actor kTick 1099614388279
I1013 18:34:11.584911 16478 runtime_context.cpp:29] DecreaseCounter constructing_actor_cnt, current val is 298
I1013 18:34:11.585047 16526 naive_actor.cpp:25] actor 2199023255576 switch to &NaiveActor::HandlerNormal
I1013 18:34:11.585134 16526 thread.cpp:96] Thread 1048576 construct Actor kNormalForward 2199023255576
I1013 18:34:11.585242 16526 runtime_context.cpp:29] DecreaseCounter constructing_actor_cnt, current val is 297
I1013 18:34:11.585250 16478 naive_actor.cpp:25] actor 1099614388281 switch to &NaiveActor::HandlerNormal
I1013 18:34:11.585386 16478 thread.cpp:96] Thread 524337 construct Actor kTick 1099614388281
I1013 18:34:11.585484 16478 runtime_context.cpp:29] DecreaseCounter constructing_actor_cnt, current val is 296
I1013 18:34:11.585608 16526 naive_actor.cpp:25] actor 2199023255618 switch to &NaiveActor::HandlerNormal
I1013 18:34:11.585690 16526 thread.cpp:96] Thread 1048576 construct Actor kNormalForward 2199023255618
I1013 18:34:11.585790 16526 runtime_context.cpp:29] DecreaseCounter constructing_actor_cnt, current val is 295
I1013 18:34:11.585839 16478 naive_actor.cpp:25] actor 1099614388267 switch to &NaiveActor::HandlerNormal
I1013 18:34:11.585927 16478 thread.cpp:96] Thread 524337 construct Actor kDeviceTick 1099614388267
I1013 18:34:11.586033 16478 runtime_context.cpp:29] DecreaseCounter constructing_actor_cnt, current val is 294
I1013 18:34:11.586395 16478 naive_actor.cpp:25] actor 1099614388272 switch to &NaiveActor::HandlerNormal
I1013 18:34:11.586483 16478 thread.cpp:96] Thread 524337 construct Actor kDstSubsetTick 1099614388272
I1013 18:34:11.586591 16478 runtime_context.cpp:29] DecreaseCounter constructing_actor_cnt, current val is 293
I1013 18:34:11.587044 16478 esac_actor.cpp:73] actor 1099614388321 switch to &EsacActor::HandlerNormal
I1013 18:34:11.587126 16478 thread.cpp:96] Thread 524337 construct Actor kEsac 1099614388321
I1013 18:34:11.587224 16478 runtime_context.cpp:29] DecreaseCounter constructing_actor_cnt, current val is 292
I1013 18:34:11.586495 16526 naive_actor.cpp:25] actor 2199023255666 switch to &NaiveActor::HandlerNormal
I1013 18:34:11.587369 16526 thread.cpp:96] Thread 1048576 construct Actor kNormalForward 2199023255666
I1013 18:34:11.587486 16526 runtime_context.cpp:29] DecreaseCounter constructing_actor_cnt, current val is 291
I1013 18:34:11.587580 16478 naive_actor.cpp:25] actor 1099614388275 switch to &NaiveActor::HandlerNormal
I1013 18:34:11.587648 16478 thread.cpp:96] Thread 524337 construct Actor kTick 1099614388275
I1013 18:34:11.587728 16478 runtime_context.cpp:29] DecreaseCounter constructing_actor_cnt, current val is 290
I1013 18:34:11.587839 16526 naive_actor.cpp:25] actor 2199023255714 switch to &NaiveActor::HandlerNormal
I1013 18:34:11.588027 16478 naive_actor.cpp:25] actor 1099614388274 switch to &NaiveActor::HandlerNormal
I1013 18:34:11.592618 16526 thread.cpp:96] Thread 1048576 construct Actor kNormalForward 2199023255714
I1013 18:34:11.592986 16478 thread.cpp:96] Thread 524337 construct Actor kTick 1099614388274
I1013 18:34:11.593158 16526 runtime_context.cpp:29] DecreaseCounter constructing_actor_cnt, current val is 289
I1013 18:34:11.593263 16478 runtime_context.cpp:29] DecreaseCounter constructing_actor_cnt, current val is 288
I1013 18:34:11.593946 16478 naive_actor.cpp:25] actor 1099614388280 switch to &NaiveActor::HandlerNormal
I1013 18:34:11.594048 16478 thread.cpp:96] Thread 524337 construct Actor kDstSubsetTick 1099614388280
I1013 18:34:11.594161 16478 runtime_context.cpp:29] DecreaseCounter constructing_actor_cnt, current val is 287
I1013 18:34:11.594491 16478 naive_actor.cpp:25] actor 1099614388271 switch to &NaiveActor::HandlerNormal
I1013 18:34:11.594512 16526 naive_actor.cpp:25] actor 2199023255552 switch to &NaiveActor::HandlerNormal
I1013 18:34:11.594588 16478 thread.cpp:96] Thread 524337 construct Actor kTick 1099614388271
I1013 18:34:11.594653 16526 thread.cpp:96] Thread 1048576 construct Actor kNormalForward 2199023255552
I1013 18:34:11.594753 16478 runtime_context.cpp:29] DecreaseCounter constructing_actor_cnt, current val is 286
I1013 18:34:11.594833 16526 runtime_context.cpp:29] DecreaseCounter constructing_actor_cnt, current val is 285
I1013 18:34:11.595115 16478 naive_actor.cpp:25] actor 1099614388277 switch to &NaiveActor::HandlerNormal
I1013 18:34:11.595199 16478 thread.cpp:96] Thread 524337 construct Actor kSrcSubsetTick 1099614388277
I1013 18:34:11.595279 16478 runtime_context.cpp:29] DecreaseCounter constructing_actor_cnt, current val is 284
I1013 18:34:11.595502 16526 naive_actor.cpp:25] actor 2199023255600 switch to &NaiveActor::HandlerNormal
I1013 18:34:11.595582 16478 naive_actor.cpp:25] actor 1099614388282 switch to &NaiveActor::HandlerNormal
I1013 18:34:11.595643 16478 thread.cpp:96] Thread 524337 construct Actor kTick 1099614388282
I1013 18:34:11.595736 16478 runtime_context.cpp:29] DecreaseCounter constructing_actor_cnt, current val is 283
I1013 18:34:11.595589 16526 thread.cpp:96] Thread 1048576 construct Actor kNormalForward 2199023255600
I1013 18:34:11.596065 16526 runtime_context.cpp:29] DecreaseCounter constructing_actor_cnt, current val is 282
I1013 18:34:11.596156 16478 naive_actor.cpp:25] actor 1099614388317 switch to &NaiveActor::HandlerNormal
I1013 18:34:11.596232 16478 thread.cpp:96] Thread 524337 construct Actor kTick 1099614388317
I1013 18:34:11.596311 16478 runtime_context.cpp:29] DecreaseCounter constructing_actor_cnt, current val is 281
I1013 18:34:11.596796 16526 naive_actor.cpp:25] actor 2199023255642 switch to &NaiveActor::HandlerNormal
I1013 18:34:11.596904 16526 thread.cpp:96] Thread 1048576 construct Actor kNormalForward 2199023255642
I1013 18:34:11.597007 16478 case_actor.cpp:76] actor 1099614388284 switch to &CaseActor::HandlerNormal
I1013 18:34:11.597084 16478 thread.cpp:96] Thread 524337 construct Actor kCase 1099614388284
I1013 18:34:11.597184 16478 runtime_context.cpp:29] DecreaseCounter constructing_actor_cnt, current val is 279
I1013 18:34:11.597064 16526 runtime_context.cpp:29] DecreaseCounter constructing_actor_cnt, current val is 280
I1013 18:34:11.597676 16478 naive_actor.cpp:25] actor 1099614388318 switch to &NaiveActor::HandlerNormal
I1013 18:34:11.597765 16478 thread.cpp:96] Thread 524337 construct Actor kTick 1099614388318
I1013 18:34:11.597864 16478 runtime_context.cpp:29] DecreaseCounter constructing_actor_cnt, current val is 278
I1013 18:34:11.599110 16478 naive_actor.cpp:25] actor 1099614388289 switch to &NaiveActor::HandlerNormal
I1013 18:34:11.599218 16478 thread.cpp:96] Thread 524337 construct Actor kTick 1099614388289
I1013 18:34:11.599316 16478 runtime_context.cpp:29] DecreaseCounter constructing_actor_cnt, current val is 277
I1013 18:34:11.599260 16526 naive_actor.cpp:25] actor 2199023255587 switch to &NaiveActor::HandlerNormal
I1013 18:34:11.599670 16478 naive_actor.cpp:25] actor 1099614388312 switch to &NaiveActor::HandlerNormal
I1013 18:34:11.602988 16526 thread.cpp:96] Thread 1048576 construct Actor kNormalForward 2199023255587
I1013 18:34:11.603276 16478 thread.cpp:96] Thread 524337 construct Actor kTick 1099614388312
I1013 18:34:11.603552 16526 runtime_context.cpp:29] DecreaseCounter constructing_actor_cnt, current val is 276
I1013 18:34:11.603710 16478 runtime_context.cpp:29] DecreaseCounter constructing_actor_cnt, current val is 275
I1013 18:34:11.604310 16478 naive_actor.cpp:25] actor 1099614388296 switch to &NaiveActor::HandlerNormal
I1013 18:34:11.604405 16478 thread.cpp:96] Thread 524337 construct Actor kTick 1099614388296
I1013 18:34:11.604506 16478 runtime_context.cpp:29] DecreaseCounter constructing_actor_cnt, current val is 274
