Log file created at: 2021/10/13 15:10:53
Running on machine: oneflow-14
Log line format: [IWEF]mmdd hh:mm:ss.uuuuuu threadid file:line] msg
I1013 15:10:53.038807  2716 global.h:36] NewGlobal 14cudaDeviceProp
I1013 15:10:53.039702  2716 global.h:36] NewGlobal N7oneflow7EnvDescE
I1013 15:10:53.039721  2716 global.h:36] NewGlobal N7oneflow10ProcessCtxE
I1013 15:10:53.039731  2716 env_global_objects_scope.cpp:152] using rpc backend: local
I1013 15:10:53.039795  2716 global.h:36] NewGlobal N7oneflow12ResourceDescE
I1013 15:10:53.039809  2716 global.h:36] NewGlobal N7oneflow12ResourceDescE
I1013 15:10:53.127820  2716 global.h:36] NewGlobal N7oneflow10ThreadPoolE
I1013 15:10:53.129595  2716 global.h:36] NewGlobal N7oneflow16EagerNcclCommMgrE
I1013 15:10:53.129621  2716 global.h:36] NewGlobal N7oneflow18CudnnConvAlgoCacheE
I1013 15:10:53.129631  2716 global.h:36] NewGlobal N7oneflow2vm19VirtualMachineScopeE
I1013 15:10:53.129642  2716 global.h:36] NewGlobal N7oneflow9OneflowVME
I1013 15:10:53.130849  2716 oneflow_vm.cpp:75] transport stream type: N7oneflow2vm13CpuStreamTypeE
I1013 15:10:53.130872  2716 oneflow_vm.cpp:75] transport stream type: N7oneflow2vm14CudaStreamTypeE
I1013 15:10:53.130882  2716 oneflow_vm.cpp:75] transport stream type: N7oneflow2vm19AsyncCudaStreamTypeE
I1013 15:10:53.131110  2716 global.h:36] NewGlobal N7oneflow27EagerJobBuildAndInferCtxMgrE
I1013 15:10:53.131132  2716 global.h:36] NewGlobal N7oneflow12EpollCommNetE
I1013 15:10:53.131331  2716 epoll_comm_network.cpp:63] CommNet:Epoll listening on 0.0.0.0:43954
I1013 15:10:53.131386  2716 epoll_comm_network.cpp:197] machine 0 sockfd -1
I1013 15:10:53.131543  2716 global.h:36] NewGlobal N7oneflow9TransportE
I1013 15:10:53.135938  2716 global.h:43] DeleteGlobal N7oneflow12ResourceDescE
I1013 15:10:53.135982  2716 version.cpp:22] OneFlow git version: b295ca2324
I1013 15:10:53.136015  2716 device_register_gpu.cpp:56] CUDA runtime version: 11.2
I1013 15:10:53.136054  2716 device_register_gpu.cpp:65] cuDNN version: 8.1.1
I1013 15:10:53.136070  2716 device_register_gpu.cpp:78] NCCL version: 2.9.8
I1013 15:10:53.136082  2716 global.h:36] NewGlobal N7oneflow12ResourceDescE
I1013 15:10:53.136092  2716 global.h:36] NewGlobal N7oneflow5IDMgrE
I1013 15:10:53.136103  2716 global.h:36] NewGlobal N7oneflow16AvailableMemDescE
I1013 15:10:53.136152  2716 global.h:36] NewGlobal St13unordered_mapISslSt4hashISsESt8equal_toISsESaISt4pairIKSslEEE
I1013 15:10:53.136163  2716 global.h:36] NewGlobal N7oneflow19CriticalSectionDescE
I1013 15:10:53.136173  2716 global.h:36] NewGlobal N7oneflow16InterUserJobInfoE
I1013 15:10:53.136183  2716 global.h:36] NewGlobal N7oneflow26LazyJobBuildAndInferCtxMgrE
I1013 15:10:53.136193  2716 global.h:36] NewGlobal N7oneflow16JobSetCompileCtxE
I1013 15:10:53.136204  2716 global.h:36] NewGlobal N7oneflow26RuntimeBufferManagersScopeE
I1013 15:10:53.136214  2716 global.h:36] NewGlobal N7oneflow9BufferMgrIlEE
I1013 15:10:53.136224  2716 global.h:36] NewGlobal N7oneflow9BufferMgrISt10shared_ptrINS_11JobInstanceEEEE
I1013 15:10:53.136232  2716 global.h:36] NewGlobal N7oneflow10RuntimeCtxE
I1013 15:10:53.136241  2716 global.h:36] NewGlobal N7oneflow15MemoryAllocatorE
I1013 15:10:53.136250  2716 global.h:36] NewGlobal N7oneflow8ChunkMgrE
I1013 15:10:53.136260  2716 global.h:36] NewGlobal N7oneflow8RegstMgrE
I1013 15:10:53.136268  2716 global.h:36] NewGlobal N7oneflow11ActorMsgBusE
I1013 15:10:53.136277  2716 global.h:36] NewGlobal N7oneflow9ThreadMgrE
I1013 15:10:53.136286  2716 global.h:36] NewGlobal N7oneflow15RuntimeJobDescsE
I1013 15:10:53.136296  2716 global.h:36] NewGlobal N7oneflow7summary12EventsWriterE
I1013 15:10:53.136308  2716 global.h:36] NewGlobal N7oneflow6boxing10collective24CollectiveBoxingExecutorE
I1013 15:10:53.136318  2716 global.h:36] NewGlobal N7oneflow6boxing10collective31CollectiveBoxingDeviceCtxPollerE
I1013 15:10:53.136493  2716 session.h:77] NewGlobal N7oneflow25SessionGlobalObjectsScopeE
I1013 15:10:53.137851  2716 global.h:36] NewGlobal N7oneflow7JobDescE
I1013 15:10:53.540158  2716 global.h:43] DeleteGlobal N7oneflow7JobDescE
I1013 15:10:53.540398  2716 global.h:36] NewGlobal N7oneflow7JobDescE
I1013 15:10:53.543332  2716 global.h:36] NewGlobal N7oneflow7OpGraphE
I1013 15:10:53.547109  2716 global.h:43] DeleteGlobal N7oneflow7OpGraphE
I1013 15:10:53.703850  2716 global.h:43] DeleteGlobal N7oneflow7JobDescE
I1013 15:10:53.720026  2716 global.h:36] NewGlobal N7oneflow24InterJobReuseMemStrategyE
I1013 15:10:53.720062  2716 global.h:36] NewGlobal N7oneflow7OneflowE
I1013 15:10:53.731838  2716 global.h:36] NewGlobal N7oneflow7JobDescE
I1013 15:10:53.936115  2716 global.h:36] NewGlobal N7oneflow7OpGraphE
I1013 15:10:54.008523  2716 global.h:43] DeleteGlobal N7oneflow7OpGraphE
I1013 15:10:54.019173  2716 oneflow.cpp:210] 
job_id: 0 , job_name: train_job , compile time: 0.287279 seconds.
I1013 15:10:54.091372  2716 global.h:43] DeleteGlobal N7oneflow7JobDescE
I1013 15:10:54.091804  2716 global.h:36] NewGlobal N7oneflow7JobDescE
I1013 15:10:54.152480  2716 global.h:36] NewGlobal N7oneflow7OpGraphE
I1013 15:10:54.173050  2716 global.h:43] DeleteGlobal N7oneflow7OpGraphE
I1013 15:10:54.178094  2716 oneflow.cpp:210] 
job_id: 1 , job_name: System-ModelInit , compile time: 0.0859305 seconds.
I1013 15:10:54.192765  2716 global.h:43] DeleteGlobal N7oneflow7JobDescE
I1013 15:10:54.192801  2716 global.h:36] NewGlobal N7oneflow7JobDescE
I1013 15:10:54.250154  2716 global.h:36] NewGlobal N7oneflow7OpGraphE
I1013 15:10:54.270537  2716 global.h:43] DeleteGlobal N7oneflow7OpGraphE
I1013 15:10:54.276543  2716 oneflow.cpp:210] 
job_id: 2 , job_name: System-ModelLoad , compile time: 0.0837238 seconds.
I1013 15:10:54.300493  2716 global.h:43] DeleteGlobal N7oneflow7JobDescE
I1013 15:10:54.300608  2716 global.h:36] NewGlobal N7oneflow7JobDescE
I1013 15:10:54.370151  2716 global.h:36] NewGlobal N7oneflow7OpGraphE
I1013 15:10:54.390041  2716 global.h:43] DeleteGlobal N7oneflow7OpGraphE
I1013 15:10:54.394855  2716 oneflow.cpp:210] 
job_id: 3 , job_name: System-ModelSave , compile time: 0.0941778 seconds.
I1013 15:10:54.409881  2716 global.h:43] DeleteGlobal N7oneflow7JobDescE
I1013 15:10:54.409916  2716 global.h:36] NewGlobal N7oneflow7JobDescE
I1013 15:10:54.420478  2716 global.h:36] NewGlobal N7oneflow7OpGraphE
I1013 15:10:54.424932  2716 global.h:43] DeleteGlobal N7oneflow7OpGraphE
I1013 15:10:54.426542  2716 oneflow.cpp:210] 
job_id: 4 , job_name: System-Pull-Return_22 , compile time: 0.0166042 seconds.
I1013 15:10:54.430878  2716 global.h:43] DeleteGlobal N7oneflow7JobDescE
I1013 15:10:54.435868  2716 global.h:36] NewGlobal N7oneflow7JobDescE
I1013 15:10:54.435909  2716 global.h:36] NewGlobal N7oneflow7OpGraphE
I1013 15:10:54.442211  2716 global.h:43] DeleteGlobal N7oneflow7OpGraphE
I1013 15:10:54.446053  2716 oneflow.cpp:210] 
job_id: 5 , job_name: MainJob-unamed , compile time: 0.0101555 seconds.
I1013 15:10:54.454762  2716 global.h:43] DeleteGlobal N7oneflow7JobDescE
I1013 15:10:54.457767  2716 plan_util.cpp:928]  Plan: merged_plan needs to allocate [ 374.89 MiB ] device memory in Rank: 0 , Device: 0
I1013 15:10:54.591888  2716 oneflow.cpp:998]  PushPlan merged_plan time: 0.0124777 seconds.
I1013 15:10:54.628022  2716 oneflow.cpp:1014]  PullPlan merged_plan time: 0.0309458 seconds.
I1013 15:10:56.664012  2716 runtime_context.cpp:21] NewCounter constructing_actor_cnt 393
I1013 15:10:56.664994  3379 naive_actor.cpp:25] actor 2199023255700 switch to &NaiveActor::HandlerNormal
I1013 15:10:56.665033  3379 thread.cpp:96] Thread 1048576 construct Actor kDeviceTick 2199023255700
I1013 15:10:56.665096  3379 runtime_context.cpp:29] DecreaseCounter constructing_actor_cnt, current val is 392
I1013 15:10:56.665122  3366 naive_actor.cpp:25] actor 1099614388233 switch to &NaiveActor::HandlerNormal
I1013 15:10:56.665231  3366 thread.cpp:96] Thread 524337 construct Actor kDeviceTick 1099614388233
I1013 15:10:56.665391  3379 naive_actor.cpp:25] actor 2199023255739 switch to &NaiveActor::HandlerNormal
I1013 15:10:56.665421  3379 thread.cpp:96] Thread 1048576 construct Actor kDeviceTick 2199023255739
I1013 15:10:56.665414  3366 runtime_context.cpp:29] DecreaseCounter constructing_actor_cnt, current val is 391
I1013 15:10:56.665489  3379 runtime_context.cpp:29] DecreaseCounter constructing_actor_cnt, current val is 390
I1013 15:10:56.665551  3367 wait_and_send_ids_actor.cpp:53] actor 1099616485376 switch to &WaitAndSendIdsActor::HandlerWaitToStart
I1013 15:10:56.665843  3367 thread.cpp:96] Thread 524338 construct Actor kWaitAndSendIds 1099616485376
I1013 15:10:56.665917  3379 naive_actor.cpp:25] actor 2199023255778 switch to &NaiveActor::HandlerNormal
I1013 15:10:56.665939  3379 thread.cpp:96] Thread 1048576 construct Actor kDeviceTick 2199023255778
I1013 15:10:56.666003  3379 runtime_context.cpp:29] DecreaseCounter constructing_actor_cnt, current val is 389
I1013 15:10:56.666050  3367 runtime_context.cpp:29] DecreaseCounter constructing_actor_cnt, current val is 388
I1013 15:10:56.666096  3366 naive_actor.cpp:25] actor 1099614388226 switch to &NaiveActor::HandlerNormal
I1013 15:10:56.666180  3379 naive_actor.cpp:25] actor 2199023255817 switch to &NaiveActor::HandlerNormal
I1013 15:10:56.666188  3366 thread.cpp:96] Thread 524337 construct Actor kDeviceTick 1099614388226
I1013 15:10:56.666198  3379 thread.cpp:96] Thread 1048576 construct Actor kDeviceTick 2199023255817
I1013 15:10:56.666260  3379 runtime_context.cpp:29] DecreaseCounter constructing_actor_cnt, current val is 387
I1013 15:10:56.666286  3366 runtime_context.cpp:29] DecreaseCounter constructing_actor_cnt, current val is 386
I1013 15:10:56.666584  3366 naive_actor.cpp:25] actor 1099614388243 switch to &NaiveActor::HandlerNormal
I1013 15:10:56.666621  3366 thread.cpp:96] Thread 524337 construct Actor kDeviceTick 1099614388243
I1013 15:10:56.666676  3366 runtime_context.cpp:29] DecreaseCounter constructing_actor_cnt, current val is 385
I1013 15:10:56.666919  3366 naive_actor.cpp:25] actor 1099614388252 switch to &NaiveActor::HandlerNormal
I1013 15:10:56.666954  3366 thread.cpp:96] Thread 524337 construct Actor kDeviceTick 1099614388252
I1013 15:10:56.667003  3366 runtime_context.cpp:29] DecreaseCounter constructing_actor_cnt, current val is 384
I1013 15:10:56.667239  3366 naive_actor.cpp:25] actor 1099614388261 switch to &NaiveActor::HandlerNormal
I1013 15:10:56.667273  3366 thread.cpp:96] Thread 524337 construct Actor kDeviceTick 1099614388261
I1013 15:10:56.667321  3366 runtime_context.cpp:29] DecreaseCounter constructing_actor_cnt, current val is 383
I1013 15:10:56.667551  3366 naive_actor.cpp:25] actor 1099614388269 switch to &NaiveActor::HandlerNormal
I1013 15:10:56.667598  3366 thread.cpp:96] Thread 524337 construct Actor kDeviceTick 1099614388269
I1013 15:10:56.667649  3366 runtime_context.cpp:29] DecreaseCounter constructing_actor_cnt, current val is 382
I1013 15:10:56.667888  3366 naive_actor.cpp:25] actor 1099614388276 switch to &NaiveActor::HandlerNormal
I1013 15:10:56.667922  3366 thread.cpp:96] Thread 524337 construct Actor kDeviceTick 1099614388276
I1013 15:10:56.667973  3366 runtime_context.cpp:29] DecreaseCounter constructing_actor_cnt, current val is 381
I1013 15:10:56.679598  3344 naive_actor.cpp:25] actor 1099522113536 switch to &NaiveActor::HandlerNormal
I1013 15:10:56.679697  3345 naive_actor.cpp:25] actor 1099524210688 switch to &NaiveActor::HandlerNormal
I1013 15:10:56.679626  3347 naive_actor.cpp:25] actor 1099528404992 switch to &NaiveActor::HandlerNormal
I1013 15:10:56.679703  3362 naive_actor.cpp:25] actor 1099553570816 switch to &NaiveActor::HandlerNormal
I1013 15:10:56.679927  3366 naive_actor.cpp:25] actor 1099614388238 switch to &NaiveActor::HandlerNormal
I1013 15:10:56.679796  3345 thread.cpp:96] Thread 524294 construct Actor kNormalForward 1099524210688
I1013 15:10:56.680052  3359 naive_actor.cpp:25] actor 1099547279360 switch to &NaiveActor::HandlerNormal
I1013 15:10:56.679870  3347 thread.cpp:96] Thread 524296 construct Actor kNormalForward 1099528404992
I1013 15:10:56.680325  3354 naive_actor.cpp:25] actor 1099536793600 switch to &NaiveActor::HandlerNormal
I1013 15:10:56.680400  3347 runtime_context.cpp:29] DecreaseCounter constructing_actor_cnt, current val is 379
I1013 15:10:56.679849  3383 naive_actor.cpp:25] actor 2199027449857 switch to &NaiveActor::HandlerNormal
I1013 15:10:56.680526  3361 naive_actor.cpp:25] actor 1099551473664 switch to &NaiveActor::HandlerNormal
I1013 15:10:56.680603  3356 naive_actor.cpp:25] actor 1099540987904 switch to &NaiveActor::HandlerNormal
I1013 15:10:56.679971  3362 thread.cpp:96] Thread 524308 construct Actor kNormalForward 1099553570816
I1013 15:10:56.679986  3355 naive_actor.cpp:25] actor 1099538890752 switch to &NaiveActor::HandlerNormal
I1013 15:10:56.680033  3366 thread.cpp:96] Thread 524337 construct Actor kTick 1099614388238
I1013 15:10:56.680907  3343 naive_actor.cpp:25] actor 1099520016384 switch to &NaiveActor::HandlerNormal
I1013 15:10:56.680968  3366 runtime_context.cpp:29] DecreaseCounter constructing_actor_cnt, current val is 377
I1013 15:10:56.680986  3343 thread.cpp:96] Thread 524292 construct Actor kNormalForward 1099520016384
I1013 15:10:56.680084  3364 naive_actor.cpp:25] actor 1099557765120 switch to &NaiveActor::HandlerNormal
I1013 15:10:56.681095  3364 thread.cpp:96] Thread 524310 construct Actor kNormalForward 1099557765120
I1013 15:10:56.680176  3345 runtime_context.cpp:29] DecreaseCounter constructing_actor_cnt, current val is 380
I1013 15:10:56.680186  3368 sink_actor.cpp:21] actor 1099618582528 switch to &SinkActor::HandlerNormal
I1013 15:10:56.680241  3359 thread.cpp:96] Thread 524305 construct Actor kNormalForward 1099547279360
I1013 15:10:56.681432  3366 naive_actor.cpp:25] actor 1099614388228 switch to &NaiveActor::HandlerNormal
I1013 15:10:56.681466  3366 thread.cpp:96] Thread 524337 construct Actor kTick 1099614388228
I1013 15:10:56.680279  3341 naive_actor.cpp:25] actor 1099515822080 switch to &NaiveActor::HandlerNormal
I1013 15:10:56.681525  3366 runtime_context.cpp:29] DecreaseCounter constructing_actor_cnt, current val is 373
I1013 15:10:56.681532  3341 thread.cpp:96] Thread 524290 construct Actor kNormalForward 1099515822080
I1013 15:10:56.679847  3348 naive_actor.cpp:25] actor 1099530502144 switch to &NaiveActor::HandlerNormal
I1013 15:10:56.681717  3348 thread.cpp:96] Thread 524297 construct Actor kNormalForward 1099530502144
I1013 15:10:56.680408  3365 naive_actor.cpp:25] actor 1099559862272 switch to &NaiveActor::HandlerNormal
I1013 15:10:56.681820  3365 thread.cpp:96] Thread 524311 construct Actor kForeignOutput 1099559862272
I1013 15:10:56.679848  3346 naive_actor.cpp:25] actor 1099526307840 switch to &NaiveActor::HandlerNormal
I1013 15:10:56.681962  3346 thread.cpp:96] Thread 524295 construct Actor kNormalForward 1099526307840
I1013 15:10:56.679926  3358 naive_actor.cpp:25] actor 1099545182208 switch to &NaiveActor::HandlerNormal
I1013 15:10:56.682060  3358 thread.cpp:96] Thread 524304 construct Actor kForeignInput 1099545182208
I1013 15:10:56.680548  3349 naive_actor.cpp:25] actor 1099532599296 switch to &NaiveActor::HandlerNormal
I1013 15:10:56.680619  3340 naive_actor.cpp:25] actor 1099513724928 switch to &NaiveActor::HandlerNormal
I1013 15:10:56.682240  3340 thread.cpp:96] Thread 524289 construct Actor kNormalForward 1099513724928
I1013 15:10:56.679713  3344 thread.cpp:96] Thread 524293 construct Actor kNormalForward 1099522113536
I1013 15:10:56.680626  3361 thread.cpp:96] Thread 524307 construct Actor kForeignInput 1099551473664
I1013 15:10:56.680637  3342 naive_actor.cpp:25] actor 1099517919232 switch to &NaiveActor::HandlerNormal
I1013 15:10:56.680671  3357 naive_actor.cpp:25] actor 1099543085056 switch to &NaiveActor::HandlerNormal
I1013 15:10:56.682451  3361 runtime_context.cpp:29] DecreaseCounter constructing_actor_cnt, current val is 365
I1013 15:10:56.680697  3356 thread.cpp:96] Thread 524302 construct Actor kNormalForward 1099540987904
I1013 15:10:56.680841  3355 thread.cpp:96] Thread 524301 construct Actor kForeignInput 1099538890752
I1013 15:10:56.680889  3379 naive_actor.cpp:25] actor 2199023255561 switch to &NaiveActor::HandlerNormal
I1013 15:10:56.682657  3379 thread.cpp:96] Thread 1048576 construct Actor kNormalForward 2199023255561
I1013 15:10:56.680065  3360 naive_actor.cpp:25] actor 1099549376512 switch to &NaiveActor::HandlerNormal
I1013 15:10:56.682833  3360 thread.cpp:96] Thread 524306 construct Actor kNormalForward 1099549376512
I1013 15:10:56.681072  3343 runtime_context.cpp:29] DecreaseCounter constructing_actor_cnt, current val is 376
I1013 15:10:56.680140  3353 naive_actor.cpp:25] actor 1099534696448 switch to &NaiveActor::HandlerNormal
I1013 15:10:56.683079  3353 thread.cpp:96] Thread 524299 construct Actor kNormalForward 1099534696448
I1013 15:10:56.681218  3364 runtime_context.cpp:29] DecreaseCounter constructing_actor_cnt, current val is 375
I1013 15:10:56.683159  3353 runtime_context.cpp:29] DecreaseCounter constructing_actor_cnt, current val is 360
I1013 15:10:56.681385  3368 thread.cpp:96] Thread 524339 construct Actor kCallbackNotify 1099618582528
I1013 15:10:56.681491  3359 runtime_context.cpp:29] DecreaseCounter constructing_actor_cnt, current val is 374
I1013 15:10:56.683290  3368 runtime_context.cpp:29] DecreaseCounter constructing_actor_cnt, current val is 359
I1013 15:10:56.681695  3341 runtime_context.cpp:29] DecreaseCounter constructing_actor_cnt, current val is 372
I1013 15:10:56.681782  3348 runtime_context.cpp:29] DecreaseCounter constructing_actor_cnt, current val is 371
I1013 15:10:56.680413  3354 thread.cpp:96] Thread 524300 construct Actor kNormalForward 1099536793600
I1013 15:10:56.681929  3365 runtime_context.cpp:29] DecreaseCounter constructing_actor_cnt, current val is 370
I1013 15:10:56.682030  3346 runtime_context.cpp:29] DecreaseCounter constructing_actor_cnt, current val is 369
I1013 15:10:56.680538  3383 thread.cpp:96] Thread 1048578 construct Actor kCopyHd 2199027449857
I1013 15:10:56.682070  3366 naive_actor.cpp:25] actor 1099614388229 switch to &NaiveActor::HandlerNormal
I1013 15:10:56.683741  3383 runtime_context.cpp:29] DecreaseCounter constructing_actor_cnt, current val is 357
I1013 15:10:56.682153  3358 runtime_context.cpp:29] DecreaseCounter constructing_actor_cnt, current val is 368
I1013 15:10:56.682195  3349 thread.cpp:96] Thread 524298 construct Actor kNormalForward 1099532599296
I1013 15:10:56.682330  3344 runtime_context.cpp:29] DecreaseCounter constructing_actor_cnt, current val is 367
I1013 15:10:56.682435  3342 thread.cpp:96] Thread 524291 construct Actor kNormalForward 1099517919232
I1013 15:10:56.682461  3357 thread.cpp:96] Thread 524303 construct Actor kNormalForward 1099543085056
I1013 15:10:56.680817  3362 runtime_context.cpp:29] DecreaseCounter constructing_actor_cnt, current val is 378
I1013 15:10:56.684039  3342 runtime_context.cpp:29] DecreaseCounter constructing_actor_cnt, current val is 354
I1013 15:10:56.682687  3355 runtime_context.cpp:29] DecreaseCounter constructing_actor_cnt, current val is 363
I1013 15:10:56.682706  3379 runtime_context.cpp:29] DecreaseCounter constructing_actor_cnt, current val is 362
I1013 15:10:56.679826  3363 naive_actor.cpp:25] actor 1099555667968 switch to &NaiveActor::HandlerNormal
I1013 15:10:56.684358  3363 thread.cpp:96] Thread 524309 construct Actor kNormalForward 1099555667968
I1013 15:10:56.682952  3360 runtime_context.cpp:29] DecreaseCounter constructing_actor_cnt, current val is 361
I1013 15:10:56.683634  3354 runtime_context.cpp:29] DecreaseCounter constructing_actor_cnt, current val is 358
I1013 15:10:56.683750  3366 thread.cpp:96] Thread 524337 construct Actor kDstSubsetTick 1099614388229
I1013 15:10:56.682329  3340 runtime_context.cpp:29] DecreaseCounter constructing_actor_cnt, current val is 366
I1013 15:10:56.683856  3339 naive_actor.cpp:25] actor 1099511627776 switch to &NaiveActor::HandlerNormal
I1013 15:10:56.684707  3366 runtime_context.cpp:29] DecreaseCounter constructing_actor_cnt, current val is 352
I1013 15:10:56.683907  3383 naive_actor.cpp:25] actor 2199027449858 switch to &NaiveActor::HandlerNormal
I1013 15:10:56.684022  3357 runtime_context.cpp:29] DecreaseCounter constructing_actor_cnt, current val is 355
I1013 15:10:56.682595  3356 runtime_context.cpp:29] DecreaseCounter constructing_actor_cnt, current val is 364
I1013 15:10:56.680311  3381 naive_actor.cpp:25] actor 2199025352706 switch to &NaiveActor::HandlerNormal
I1013 15:10:56.685055  3381 thread.cpp:96] Thread 1048577 construct Actor kCopyHd 2199025352706
I1013 15:10:56.684525  3379 naive_actor.cpp:25] actor 2199023255572 switch to &NaiveActor::HandlerNormal
I1013 15:10:56.685184  3379 thread.cpp:96] Thread 1048576 construct Actor kNormalForward 2199023255572
I1013 15:10:56.685186  3366 naive_actor.cpp:25] actor 1099614388230 switch to &NaiveActor::HandlerNormal
I1013 15:10:56.684724  3339 thread.cpp:96] Thread 524288 construct Actor kNormalForward 1099511627776
I1013 15:10:56.684438  3363 runtime_context.cpp:29] DecreaseCounter constructing_actor_cnt, current val is 353
I1013 15:10:56.685154  3381 runtime_context.cpp:29] DecreaseCounter constructing_actor_cnt, current val is 351
I1013 15:10:56.683878  3349 runtime_context.cpp:29] DecreaseCounter constructing_actor_cnt, current val is 356
I1013 15:10:56.684767  3383 thread.cpp:96] Thread 1048578 construct Actor kCopyHd 2199027449858
I1013 15:10:56.685243  3366 thread.cpp:96] Thread 524337 construct Actor kTick 1099614388230
I1013 15:10:56.685391  3383 runtime_context.cpp:29] DecreaseCounter constructing_actor_cnt, current val is 348
I1013 15:10:56.685324  3339 runtime_context.cpp:29] DecreaseCounter constructing_actor_cnt, current val is 349
I1013 15:10:56.685245  3379 runtime_context.cpp:29] DecreaseCounter constructing_actor_cnt, current val is 350
I1013 15:10:56.685443  3366 runtime_context.cpp:29] DecreaseCounter constructing_actor_cnt, current val is 347
I1013 15:10:56.685456  3381 naive_actor.cpp:25] actor 2199025352708 switch to &NaiveActor::HandlerNormal
I1013 15:10:56.685559  3383 naive_actor.cpp:25] actor 2199027449856 switch to &NaiveActor::HandlerNormal
I1013 15:10:56.685626  3381 thread.cpp:96] Thread 1048577 construct Actor kCopyHd 2199025352708
I1013 15:10:56.685667  3383 thread.cpp:96] Thread 1048578 construct Actor kCopyHd 2199027449856
I1013 15:10:56.685715  3381 runtime_context.cpp:29] DecreaseCounter constructing_actor_cnt, current val is 346
I1013 15:10:56.685719  3379 naive_actor.cpp:25] actor 2199023255584 switch to &NaiveActor::HandlerNormal
I1013 15:10:56.685737  3383 runtime_context.cpp:29] DecreaseCounter constructing_actor_cnt, current val is 345
I1013 15:10:56.685777  3379 thread.cpp:96] Thread 1048576 construct Actor kNormalForward 2199023255584
I1013 15:10:56.685824  3379 runtime_context.cpp:29] DecreaseCounter constructing_actor_cnt, current val is 344
I1013 15:10:56.685866  3381 naive_actor.cpp:25] actor 2199025352704 switch to &NaiveActor::HandlerNormal
I1013 15:10:56.685884  3366 naive_actor.cpp:25] actor 1099614388236 switch to &NaiveActor::HandlerNormal
I1013 15:10:56.685931  3381 thread.cpp:96] Thread 1048577 construct Actor kCopyHd 2199025352704
I1013 15:10:56.685974  3366 thread.cpp:96] Thread 524337 construct Actor kTick 1099614388236
I1013 15:10:56.686017  3379 naive_actor.cpp:25] actor 2199023255577 switch to &NaiveActor::HandlerNormal
I1013 15:10:56.686029  3381 runtime_context.cpp:29] DecreaseCounter constructing_actor_cnt, current val is 343
I1013 15:10:56.686045  3379 thread.cpp:96] Thread 1048576 construct Actor kNormalForward 2199023255577
I1013 15:10:56.686075  3366 runtime_context.cpp:29] DecreaseCounter constructing_actor_cnt, current val is 342
I1013 15:10:56.686095  3379 runtime_context.cpp:29] DecreaseCounter constructing_actor_cnt, current val is 341
I1013 15:10:56.686200  3381 naive_actor.cpp:25] actor 2199025352707 switch to &NaiveActor::HandlerNormal
I1013 15:10:56.686244  3381 thread.cpp:96] Thread 1048577 construct Actor kCopyHd 2199025352707
I1013 15:10:56.686283  3381 runtime_context.cpp:29] DecreaseCounter constructing_actor_cnt, current val is 340
I1013 15:10:56.686285  3379 naive_actor.cpp:25] actor 2199023255592 switch to &NaiveActor::HandlerNormal
I1013 15:10:56.686342  3379 thread.cpp:96] Thread 1048576 construct Actor kNormalForward 2199023255592
I1013 15:10:56.686375  3379 runtime_context.cpp:29] DecreaseCounter constructing_actor_cnt, current val is 339
I1013 15:10:56.686435  3366 naive_actor.cpp:25] actor 1099614388225 switch to &NaiveActor::HandlerNormal
I1013 15:10:56.686458  3381 naive_actor.cpp:25] actor 2199025352705 switch to &NaiveActor::HandlerNormal
I1013 15:10:56.686619  3366 thread.cpp:96] Thread 524337 construct Actor kSrcSubsetTick 1099614388225
I1013 15:10:56.686638  3381 thread.cpp:96] Thread 1048577 construct Actor kCopyHd 2199025352705
I1013 15:10:56.686731  3381 runtime_context.cpp:29] DecreaseCounter constructing_actor_cnt, current val is 337
I1013 15:10:56.686733  3366 runtime_context.cpp:29] DecreaseCounter constructing_actor_cnt, current val is 338
I1013 15:10:56.686831  3379 naive_actor.cpp:25] actor 2199023255576 switch to &NaiveActor::HandlerNormal
I1013 15:10:56.686866  3379 thread.cpp:96] Thread 1048576 construct Actor kNormalForward 2199023255576
I1013 15:10:56.686883  3381 naive_actor.cpp:25] actor 2199025352709 switch to &NaiveActor::HandlerNormal
I1013 15:10:56.686901  3379 runtime_context.cpp:29] DecreaseCounter constructing_actor_cnt, current val is 336
I1013 15:10:56.686915  3381 thread.cpp:96] Thread 1048577 construct Actor kCopyHd 2199025352709
I1013 15:10:56.686964  3381 runtime_context.cpp:29] DecreaseCounter constructing_actor_cnt, current val is 335
I1013 15:10:56.687105  3366 naive_actor.cpp:25] actor 1099614388231 switch to &NaiveActor::HandlerNormal
I1013 15:10:56.687114  3381 naive_actor.cpp:25] actor 2199025352710 switch to &NaiveActor::HandlerNormal
I1013 15:10:56.687160  3366 thread.cpp:96] Thread 524337 construct Actor kTick 1099614388231
I1013 15:10:56.687191  3381 thread.cpp:96] Thread 1048577 construct Actor kCopyHd 2199025352710
I1013 15:10:56.687265  3366 runtime_context.cpp:29] DecreaseCounter constructing_actor_cnt, current val is 334
I1013 15:10:56.687266  3381 runtime_context.cpp:29] DecreaseCounter constructing_actor_cnt, current val is 333
I1013 15:10:56.687428  3379 naive_actor.cpp:25] actor 2199023255565 switch to &NaiveActor::HandlerNormal
I1013 15:10:56.687460  3379 thread.cpp:96] Thread 1048576 construct Actor kNormalForward 2199023255565
I1013 15:10:56.687497  3379 runtime_context.cpp:29] DecreaseCounter constructing_actor_cnt, current val is 332
I1013 15:10:56.687659  3366 naive_actor.cpp:25] actor 1099614388237 switch to &NaiveActor::HandlerNormal
I1013 15:10:56.687687  3379 naive_actor.cpp:25] actor 2199023255574 switch to &NaiveActor::HandlerNormal
I1013 15:10:56.687711  3366 thread.cpp:96] Thread 524337 construct Actor kDstSubsetTick 1099614388237
I1013 15:10:56.687726  3379 thread.cpp:96] Thread 1048576 construct Actor kNormalForward 2199023255574
I1013 15:10:56.687779  3379 runtime_context.cpp:29] DecreaseCounter constructing_actor_cnt, current val is 331
I1013 15:10:56.687791  3366 runtime_context.cpp:29] DecreaseCounter constructing_actor_cnt, current val is 330
I1013 15:10:56.688220  3379 naive_actor.cpp:25] actor 2199023255590 switch to &NaiveActor::HandlerNormal
I1013 15:10:56.688256  3379 thread.cpp:96] Thread 1048576 construct Actor kNormalForward 2199023255590
I1013 15:10:56.688299  3379 runtime_context.cpp:29] DecreaseCounter constructing_actor_cnt, current val is 329
I1013 15:10:56.688338  3366 esac_actor.cpp:73] actor 1099614388313 switch to &EsacActor::HandlerNormal
I1013 15:10:56.688382  3366 thread.cpp:96] Thread 524337 construct Actor kEsac 1099614388313
I1013 15:10:56.688462  3366 runtime_context.cpp:29] DecreaseCounter constructing_actor_cnt, current val is 328
I1013 15:10:56.688474  3379 naive_actor.cpp:25] actor 2199023255589 switch to &NaiveActor::HandlerNormal
I1013 15:10:56.688519  3379 thread.cpp:96] Thread 1048576 construct Actor kNormalForward 2199023255589
I1013 15:10:56.688550  3379 runtime_context.cpp:29] DecreaseCounter constructing_actor_cnt, current val is 327
I1013 15:10:56.688716  3379 naive_actor.cpp:25] actor 2199023255567 switch to &NaiveActor::HandlerNormal
I1013 15:10:56.688748  3379 thread.cpp:96] Thread 1048576 construct Actor kNormalForward 2199023255567
I1013 15:10:56.688781  3379 runtime_context.cpp:29] DecreaseCounter constructing_actor_cnt, current val is 326
I1013 15:10:56.688823  3366 naive_actor.cpp:25] actor 1099614388232 switch to &NaiveActor::HandlerNormal
I1013 15:10:56.688910  3366 thread.cpp:96] Thread 524337 construct Actor kTick 1099614388232
I1013 15:10:56.688938  3379 naive_actor.cpp:25] actor 2199023255564 switch to &NaiveActor::HandlerNormal
I1013 15:10:56.688989  3379 thread.cpp:96] Thread 1048576 construct Actor kNormalForward 2199023255564
I1013 15:10:56.689028  3379 runtime_context.cpp:29] DecreaseCounter constructing_actor_cnt, current val is 325
I1013 15:10:56.689038  3366 runtime_context.cpp:29] DecreaseCounter constructing_actor_cnt, current val is 324
I1013 15:10:56.689357  3366 naive_actor.cpp:25] actor 1099614388234 switch to &NaiveActor::HandlerNormal
I1013 15:10:56.689405  3366 thread.cpp:96] Thread 524337 construct Actor kSrcSubsetTick 1099614388234
I1013 15:10:56.689409  3379 naive_actor.cpp:25] actor 2199023255566 switch to &NaiveActor::HandlerNormal
I1013 15:10:56.689450  3379 thread.cpp:96] Thread 1048576 construct Actor kNormalForward 2199023255566
I1013 15:10:56.689477  3366 runtime_context.cpp:29] DecreaseCounter constructing_actor_cnt, current val is 323
I1013 15:10:56.689487  3379 runtime_context.cpp:29] DecreaseCounter constructing_actor_cnt, current val is 322
I1013 15:10:56.689836  3366 naive_actor.cpp:25] actor 1099614388239 switch to &NaiveActor::HandlerNormal
I1013 15:10:56.689882  3366 thread.cpp:96] Thread 524337 construct Actor kTick 1099614388239
I1013 15:10:56.689942  3366 runtime_context.cpp:29] DecreaseCounter constructing_actor_cnt, current val is 321
I1013 15:10:56.690004  3379 naive_actor.cpp:25] actor 2199023255606 switch to &NaiveActor::HandlerNormal
I1013 15:10:56.690037  3379 thread.cpp:96] Thread 1048576 construct Actor kNormalForward 2199023255606
I1013 15:10:56.690075  3379 runtime_context.cpp:29] DecreaseCounter constructing_actor_cnt, current val is 320
I1013 15:10:56.690232  3366 naive_actor.cpp:25] actor 1099614388224 switch to &NaiveActor::HandlerNormal
I1013 15:10:56.690277  3366 thread.cpp:96] Thread 524337 construct Actor kDeviceTick 1099614388224
I1013 15:10:56.690338  3366 runtime_context.cpp:29] DecreaseCounter constructing_actor_cnt, current val is 319
I1013 15:10:56.690549  3379 naive_actor.cpp:25] actor 2199023255568 switch to &NaiveActor::HandlerNormal
I1013 15:10:56.690603  3379 thread.cpp:96] Thread 1048576 construct Actor kNormalForward 2199023255568
I1013 15:10:56.690641  3379 runtime_context.cpp:29] DecreaseCounter constructing_actor_cnt, current val is 318
I1013 15:10:56.690775  3366 esac_actor.cpp:73] actor 1099614388321 switch to &EsacActor::HandlerNormal
I1013 15:10:56.690804  3379 naive_actor.cpp:25] actor 2199023255569 switch to &NaiveActor::HandlerNormal
I1013 15:10:56.690821  3366 thread.cpp:96] Thread 524337 construct Actor kEsac 1099614388321
I1013 15:10:56.690832  3379 thread.cpp:96] Thread 1048576 construct Actor kNormalForward 2199023255569
I1013 15:10:56.690887  3379 runtime_context.cpp:29] DecreaseCounter constructing_actor_cnt, current val is 317
I1013 15:10:56.690905  3366 runtime_context.cpp:29] DecreaseCounter constructing_actor_cnt, current val is 316
I1013 15:10:56.691061  3379 naive_actor.cpp:25] actor 2199023255562 switch to &NaiveActor::HandlerNormal
I1013 15:10:56.691092  3379 thread.cpp:96] Thread 1048576 construct Actor kNormalForward 2199023255562
I1013 15:10:56.691123  3379 runtime_context.cpp:29] DecreaseCounter constructing_actor_cnt, current val is 315
I1013 15:10:56.691222  3366 naive_actor.cpp:25] actor 1099614388318 switch to &NaiveActor::HandlerNormal
I1013 15:10:56.691267  3366 thread.cpp:96] Thread 524337 construct Actor kTick 1099614388318
I1013 15:10:56.691329  3366 runtime_context.cpp:29] DecreaseCounter constructing_actor_cnt, current val is 314
I1013 15:10:56.691506  3379 naive_actor.cpp:25] actor 2199023255581 switch to &NaiveActor::HandlerNormal
I1013 15:10:56.691538  3379 thread.cpp:96] Thread 1048576 construct Actor kNormalForward 2199023255581
I1013 15:10:56.691596  3379 runtime_context.cpp:29] DecreaseCounter constructing_actor_cnt, current val is 313
I1013 15:10:56.691632  3366 naive_actor.cpp:25] actor 1099614388242 switch to &NaiveActor::HandlerNormal
I1013 15:10:56.691749  3366 thread.cpp:96] Thread 524337 construct Actor kSrcSubsetTick 1099614388242
I1013 15:10:56.691767  3379 naive_actor.cpp:25] actor 2199023255558 switch to &NaiveActor::HandlerNormal
I1013 15:10:56.691826  3379 thread.cpp:96] Thread 1048576 construct Actor kNormalForward 2199023255558
I1013 15:10:56.691849  3366 runtime_context.cpp:29] DecreaseCounter constructing_actor_cnt, current val is 312
I1013 15:10:56.691874  3379 runtime_context.cpp:29] DecreaseCounter constructing_actor_cnt, current val is 311
I1013 15:10:56.692034  3379 naive_actor.cpp:25] actor 2199023255582 switch to &NaiveActor::HandlerNormal
I1013 15:10:56.692066  3379 thread.cpp:96] Thread 1048576 construct Actor kNormalForward 2199023255582
I1013 15:10:56.692096  3379 runtime_context.cpp:29] DecreaseCounter constructing_actor_cnt, current val is 310
I1013 15:10:56.692162  3366 naive_actor.cpp:25] actor 1099614388240 switch to &NaiveActor::HandlerNormal
I1013 15:10:56.692205  3366 thread.cpp:96] Thread 524337 construct Actor kTick 1099614388240
I1013 15:10:56.692258  3366 runtime_context.cpp:29] DecreaseCounter constructing_actor_cnt, current val is 309
I1013 15:10:56.692258  3379 naive_actor.cpp:25] actor 2199023255553 switch to &NaiveActor::HandlerNormal
I1013 15:10:56.692304  3379 thread.cpp:96] Thread 1048576 construct Actor kNormalForward 2199023255553
I1013 15:10:56.692344  3379 runtime_context.cpp:29] DecreaseCounter constructing_actor_cnt, current val is 308
I1013 15:10:56.692559  3366 naive_actor.cpp:25] actor 1099614388241 switch to &NaiveActor::HandlerNormal
I1013 15:10:56.692616  3366 thread.cpp:96] Thread 524337 construct Actor kDeviceTick 1099614388241
I1013 15:10:56.692679  3366 runtime_context.cpp:29] DecreaseCounter constructing_actor_cnt, current val is 307
I1013 15:10:56.692806  3379 naive_actor.cpp:25] actor 2199023255555 switch to &NaiveActor::HandlerNormal
I1013 15:10:56.692838  3379 thread.cpp:96] Thread 1048576 construct Actor kNormalForward 2199023255555
I1013 15:10:56.692873  3379 runtime_context.cpp:29] DecreaseCounter constructing_actor_cnt, current val is 306
I1013 15:10:56.692975  3366 naive_actor.cpp:25] actor 1099614388245 switch to &NaiveActor::HandlerNormal
I1013 15:10:56.693018  3366 thread.cpp:96] Thread 524337 construct Actor kTick 1099614388245
I1013 15:10:56.693091  3366 runtime_context.cpp:29] DecreaseCounter constructing_actor_cnt, current val is 305
I1013 15:10:56.693265  3379 naive_actor.cpp:25] actor 2199023255586 switch to &NaiveActor::HandlerNormal
I1013 15:10:56.693296  3379 thread.cpp:96] Thread 1048576 construct Actor kNormalForward 2199023255586
I1013 15:10:56.693336  3379 runtime_context.cpp:29] DecreaseCounter constructing_actor_cnt, current val is 304
I1013 15:10:56.693485  3366 naive_actor.cpp:25] actor 1099614388246 switch to &NaiveActor::HandlerNormal
I1013 15:10:56.693531  3366 thread.cpp:96] Thread 524337 construct Actor kDstSubsetTick 1099614388246
I1013 15:10:56.693606  3366 runtime_context.cpp:29] DecreaseCounter constructing_actor_cnt, current val is 303
I1013 15:10:56.693799  3379 naive_actor.cpp:25] actor 2199023255628 switch to &NaiveActor::HandlerNormal
I1013 15:10:56.693831  3379 thread.cpp:96] Thread 1048576 construct Actor kNormalForward 2199023255628
I1013 15:10:56.693876  3379 runtime_context.cpp:29] DecreaseCounter constructing_actor_cnt, current val is 302
I1013 15:10:56.693935  3366 naive_actor.cpp:25] actor 1099614388247 switch to &NaiveActor::HandlerNormal
I1013 15:10:56.693984  3366 thread.cpp:96] Thread 524337 construct Actor kTick 1099614388247
I1013 15:10:56.694052  3366 runtime_context.cpp:29] DecreaseCounter constructing_actor_cnt, current val is 301
I1013 15:10:56.694288  3379 naive_actor.cpp:25] actor 2199023255571 switch to &NaiveActor::HandlerNormal
I1013 15:10:56.694319  3379 thread.cpp:96] Thread 1048576 construct Actor kNormalForward 2199023255571
I1013 15:10:56.694350  3379 runtime_context.cpp:29] DecreaseCounter constructing_actor_cnt, current val is 300
I1013 15:10:56.694350  3366 naive_actor.cpp:25] actor 1099614388248 switch to &NaiveActor::HandlerNormal
I1013 15:10:56.694465  3366 thread.cpp:96] Thread 524337 construct Actor kTick 1099614388248
I1013 15:10:56.694555  3366 runtime_context.cpp:29] DecreaseCounter constructing_actor_cnt, current val is 299
I1013 15:10:56.694842  3379 naive_actor.cpp:25] actor 2199023255573 switch to &NaiveActor::HandlerNormal
I1013 15:10:56.694876  3379 thread.cpp:96] Thread 1048576 construct Actor kNormalForward 2199023255573
I1013 15:10:56.694893  3366 naive_actor.cpp:25] actor 1099614388249 switch to &NaiveActor::HandlerNormal
I1013 15:10:56.694919  3379 runtime_context.cpp:29] DecreaseCounter constructing_actor_cnt, current val is 298
I1013 15:10:56.694936  3366 thread.cpp:96] Thread 524337 construct Actor kTick 1099614388249
I1013 15:10:56.695021  3366 runtime_context.cpp:29] DecreaseCounter constructing_actor_cnt, current val is 297
I1013 15:10:56.695309  3366 naive_actor.cpp:25] actor 1099614388250 switch to &NaiveActor::HandlerNormal
I1013 15:10:56.695394  3379 naive_actor.cpp:25] actor 2199023255575 switch to &NaiveActor::HandlerNormal
I1013 15:10:56.695425  3366 thread.cpp:96] Thread 524337 construct Actor kDeviceTick 1099614388250
I1013 15:10:56.695451  3379 thread.cpp:96] Thread 1048576 construct Actor kNormalForward 2199023255575
I1013 15:10:56.695519  3366 runtime_context.cpp:29] DecreaseCounter constructing_actor_cnt, current val is 296
I1013 15:10:56.695528  3379 runtime_context.cpp:29] DecreaseCounter constructing_actor_cnt, current val is 295
I1013 15:10:56.695830  3366 naive_actor.cpp:25] actor 1099614388251 switch to &NaiveActor::HandlerNormal
I1013 15:10:56.695874  3366 thread.cpp:96] Thread 524337 construct Actor kSrcSubsetTick 1099614388251
I1013 15:10:56.695927  3366 runtime_context.cpp:29] DecreaseCounter constructing_actor_cnt, current val is 294
I1013 15:10:56.695992  3379 naive_actor.cpp:25] actor 2199023255617 switch to &NaiveActor::HandlerNormal
I1013 15:10:56.696023  3379 thread.cpp:96] Thread 1048576 construct Actor kNormalForward 2199023255617
I1013 15:10:56.696058  3379 runtime_context.cpp:29] DecreaseCounter constructing_actor_cnt, current val is 293
I1013 15:10:56.696228  3366 naive_actor.cpp:25] actor 1099614388316 switch to &NaiveActor::HandlerNormal
I1013 15:10:56.696274  3366 thread.cpp:96] Thread 524337 construct Actor kTick 1099614388316
I1013 15:10:56.696327  3366 runtime_context.cpp:29] DecreaseCounter constructing_actor_cnt, current val is 292
I1013 15:10:56.696504  3379 naive_actor.cpp:25] actor 2199023255583 switch to &NaiveActor::HandlerNormal
I1013 15:10:56.696543  3379 thread.cpp:96] Thread 1048576 construct Actor kNormalForward 2199023255583
I1013 15:10:56.696597  3379 runtime_context.cpp:29] DecreaseCounter constructing_actor_cnt, current val is 291
I1013 15:10:56.696636  3366 naive_actor.cpp:25] actor 1099614388257 switch to &NaiveActor::HandlerNormal
I1013 15:10:56.696688  3366 thread.cpp:96] Thread 524337 construct Actor kTick 1099614388257
I1013 15:10:56.696756  3366 runtime_context.cpp:29] DecreaseCounter constructing_actor_cnt, current val is 290
I1013 15:10:56.697041  3366 naive_actor.cpp:25] actor 1099614388254 switch to &NaiveActor::HandlerNormal
I1013 15:10:56.697088  3366 thread.cpp:96] Thread 524337 construct Actor kTick 1099614388254
I1013 15:10:56.697098  3379 naive_actor.cpp:25] actor 2199023255578 switch to &NaiveActor::HandlerNormal
I1013 15:10:56.697134  3379 thread.cpp:96] Thread 1048576 construct Actor kNormalForward 2199023255578
I1013 15:10:56.697155  3366 runtime_context.cpp:29] DecreaseCounter constructing_actor_cnt, current val is 289
I1013 15:10:56.697171  3379 runtime_context.cpp:29] DecreaseCounter constructing_actor_cnt, current val is 288
I1013 15:10:56.697417  3366 naive_actor.cpp:25] actor 1099614388256 switch to &NaiveActor::HandlerNormal
I1013 15:10:56.697517  3366 thread.cpp:96] Thread 524337 construct Actor kTick 1099614388256
I1013 15:10:56.697590  3366 runtime_context.cpp:29] DecreaseCounter constructing_actor_cnt, current val is 287
I1013 15:10:56.697790  3379 naive_actor.cpp:25] actor 2199023255552 switch to &NaiveActor::HandlerNormal
I1013 15:10:56.697880  3379 thread.cpp:96] Thread 1048576 construct Actor kNormalForward 2199023255552
I1013 15:10:56.697947  3379 runtime_context.cpp:29] DecreaseCounter constructing_actor_cnt, current val is 286
I1013 15:10:56.697973  3366 naive_actor.cpp:25] actor 1099614388255 switch to &NaiveActor::HandlerNormal
I1013 15:10:56.698027  3366 thread.cpp:96] Thread 524337 construct Actor kDstSubsetTick 1099614388255
I1013 15:10:56.698105  3366 runtime_context.cpp:29] DecreaseCounter constructing_actor_cnt, current val is 285
I1013 15:10:56.698395  3379 naive_actor.cpp:25] actor 2199023255580 switch to &NaiveActor::HandlerNormal
I1013 15:10:56.698405  3366 naive_actor.cpp:25] actor 1099614388258 switch to &NaiveActor::HandlerNormal
I1013 15:10:56.698428  3379 thread.cpp:96] Thread 1048576 construct Actor kNormalForward 2199023255580
I1013 15:10:56.698451  3366 thread.cpp:96] Thread 524337 construct Actor kTick 1099614388258
I1013 15:10:56.698489  3379 runtime_context.cpp:29] DecreaseCounter constructing_actor_cnt, current val is 284
I1013 15:10:56.698508  3366 runtime_context.cpp:29] DecreaseCounter constructing_actor_cnt, current val is 283
I1013 15:10:56.698870  3366 naive_actor.cpp:25] actor 1099614388264 switch to &NaiveActor::HandlerNormal
I1013 15:10:56.698916  3366 thread.cpp:96] Thread 524337 construct Actor kDstSubsetTick 1099614388264
I1013 15:10:56.698982  3366 runtime_context.cpp:29] DecreaseCounter constructing_actor_cnt, current val is 282
I1013 15:10:56.699012  3379 naive_actor.cpp:25] actor 2199023255559 switch to &NaiveActor::HandlerNormal
I1013 15:10:56.699049  3379 thread.cpp:96] Thread 1048576 construct Actor kNormalForward 2199023255559
I1013 15:10:56.699101  3379 runtime_context.cpp:29] DecreaseCounter constructing_actor_cnt, current val is 281
I1013 15:10:56.699287  3379 naive_actor.cpp:25] actor 2199023255587 switch to &NaiveActor::HandlerNormal
I1013 15:10:56.699290  3366 naive_actor.cpp:25] actor 1099614388260 switch to &NaiveActor::HandlerNormal
I1013 15:10:56.699324  3379 thread.cpp:96] Thread 1048576 construct Actor kNormalForward 2199023255587
I1013 15:10:56.699352  3366 thread.cpp:96] Thread 524337 construct Actor kSrcSubsetTick 1099614388260
I1013 15:10:56.699390  3379 runtime_context.cpp:29] DecreaseCounter constructing_actor_cnt, current val is 280
I1013 15:10:56.699434  3366 runtime_context.cpp:29] DecreaseCounter constructing_actor_cnt, current val is 279
I1013 15:10:56.699550  3379 naive_actor.cpp:25] actor 2199023255579 switch to &NaiveActor::HandlerNormal
I1013 15:10:56.699586  3379 thread.cpp:96] Thread 1048576 construct Actor kNormalForward 2199023255579
I1013 15:10:56.699618  3379 runtime_context.cpp:29] DecreaseCounter constructing_actor_cnt, current val is 278
I1013 15:10:56.699748  3366 naive_actor.cpp:25] actor 1099614388314 switch to &NaiveActor::HandlerNormal
I1013 15:10:56.699795  3366 thread.cpp:96] Thread 524337 construct Actor kTick 1099614388314
I1013 15:10:56.699851  3366 runtime_context.cpp:29] DecreaseCounter constructing_actor_cnt, current val is 277
I1013 15:10:56.700048  3379 naive_actor.cpp:25] actor 2199023255557 switch to &NaiveActor::HandlerNormal
I1013 15:10:56.700080  3379 thread.cpp:96] Thread 1048576 construct Actor kNormalForward 2199023255557
I1013 15:10:56.700114  3379 runtime_context.cpp:29] DecreaseCounter constructing_actor_cnt, current val is 276
I1013 15:10:56.700148  3366 naive_actor.cpp:25] actor 1099614388259 switch to &NaiveActor::HandlerNormal
I1013 15:10:56.700198  3366 thread.cpp:96] Thread 524337 construct Actor kDeviceTick 1099614388259
I1013 15:10:56.700268  3366 runtime_context.cpp:29] DecreaseCounter constructing_actor_cnt, current val is 275
I1013 15:10:56.700546  3366 naive_actor.cpp:25] actor 1099614388263 switch to &NaiveActor::HandlerNormal
I1013 15:10:56.700595  3379 naive_actor.cpp:25] actor 2199023255554 switch to &NaiveActor::HandlerNormal
I1013 15:10:56.700619  3366 thread.cpp:96] Thread 524337 construct Actor kTick 1099614388263
I1013 15:10:56.700634  3379 thread.cpp:96] Thread 1048576 construct Actor kNormalForward 2199023255554
I1013 15:10:56.700685  3366 runtime_context.cpp:29] DecreaseCounter constructing_actor_cnt, current val is 274
I1013 15:10:56.700709  3379 runtime_context.cpp:29] DecreaseCounter constructing_actor_cnt, current val is 273
I1013 15:10:56.700985  3366 naive_actor.cpp:25] actor 1099614388265 switch to &NaiveActor::HandlerNormal
I1013 15:10:56.701056  3366 thread.cpp:96] Thread 524337 construct Actor kTick 1099614388265
I1013 15:10:56.701125  3366 runtime_context.cpp:29] DecreaseCounter constructing_actor_cnt, current val is 272
I1013 15:10:56.701138  3379 naive_actor.cpp:25] actor 2199023255563 switch to &NaiveActor::HandlerNormal
I1013 15:10:56.701187  3379 thread.cpp:96] Thread 1048576 construct Actor kNormalForward 2199023255563
I1013 15:10:56.701223  3379 runtime_context.cpp:29] DecreaseCounter constructing_actor_cnt, current val is 271
I1013 15:10:56.701409  3366 naive_actor.cpp:25] actor 1099614388266 switch to &NaiveActor::HandlerNormal
I1013 15:10:56.701462  3366 thread.cpp:96] Thread 524337 construct Actor kTick 1099614388266
I1013 15:10:56.701526  3366 runtime_context.cpp:29] DecreaseCounter constructing_actor_cnt, current val is 270
I1013 15:10:56.701699  3379 naive_actor.cpp:25] actor 2199023255570 switch to &NaiveActor::HandlerNormal
I1013 15:10:56.701731  3379 thread.cpp:96] Thread 1048576 construct Actor kNormalForward 2199023255570
I1013 15:10:56.701768  3379 runtime_context.cpp:29] DecreaseCounter constructing_actor_cnt, current val is 269
I1013 15:10:56.701815  3366 naive_actor.cpp:25] actor 1099614388312 switch to &NaiveActor::HandlerNormal
I1013 15:10:56.701859  3366 thread.cpp:96] Thread 524337 construct Actor kTick 1099614388312
I1013 15:10:56.701908  3366 runtime_context.cpp:29] DecreaseCounter constructing_actor_cnt, current val is 268
I1013 15:10:56.701962  3379 naive_actor.cpp:25] actor 2199023255605 switch to &NaiveActor::HandlerNormal
I1013 15:10:56.701990  3379 thread.cpp:96] Thread 1048576 construct Actor kNormalForward 2199023255605
I1013 15:10:56.702021  3379 runtime_context.cpp:29] DecreaseCounter constructing_actor_cnt, current val is 267
I1013 15:10:56.702180  3366 naive_actor.cpp:25] actor 1099614388282 switch to &NaiveActor::HandlerNormal
I1013 15:10:56.702222  3366 thread.cpp:96] Thread 524337 construct Actor kTick 1099614388282
I1013 15:10:56.702278  3366 runtime_context.cpp:29] DecreaseCounter constructing_actor_cnt, current val is 266
I1013 15:10:56.702433  3379 naive_actor.cpp:25] actor 2199023255560 switch to &NaiveActor::HandlerNormal
I1013 15:10:56.702464  3379 thread.cpp:96] Thread 1048576 construct Actor kNormalForward 2199023255560
I1013 15:10:56.702497  3379 runtime_context.cpp:29] DecreaseCounter constructing_actor_cnt, current val is 265
I1013 15:10:56.702553  3366 naive_actor.cpp:25] actor 1099614388275 switch to &NaiveActor::HandlerNormal
I1013 15:10:56.702625  3366 thread.cpp:96] Thread 524337 construct Actor kTick 1099614388275
I1013 15:10:56.702692  3366 runtime_context.cpp:29] DecreaseCounter constructing_actor_cnt, current val is 264
I1013 15:10:56.702973  3366 naive_actor.cpp:25] actor 1099614388281 switch to &NaiveActor::HandlerNormal
I1013 15:10:56.702983  3379 naive_actor.cpp:25] actor 2199023255585 switch to &NaiveActor::HandlerNormal
I1013 15:10:56.703019  3366 thread.cpp:96] Thread 524337 construct Actor kTick 1099614388281
I1013 15:10:56.703033  3379 thread.cpp:96] Thread 1048576 construct Actor kNormalForward 2199023255585
I1013 15:10:56.703091  3379 runtime_context.cpp:29] DecreaseCounter constructing_actor_cnt, current val is 262
I1013 15:10:56.703090  3366 runtime_context.cpp:29] DecreaseCounter constructing_actor_cnt, current val is 263
I1013 15:10:56.703364  3366 naive_actor.cpp:25] actor 1099614388274 switch to &NaiveActor::HandlerNormal
I1013 15:10:56.703408  3366 thread.cpp:96] Thread 524337 construct Actor kTick 1099614388274
I1013 15:10:56.703456  3366 runtime_context.cpp:29] DecreaseCounter constructing_actor_cnt, current val is 261
I1013 15:10:56.703506  3379 naive_actor.cpp:25] actor 2199023255614 switch to &NaiveActor::HandlerNormal
I1013 15:10:56.703588  3379 thread.cpp:96] Thread 1048576 construct Actor kNormalForward 2199023255614
I1013 15:10:56.703629  3379 runtime_context.cpp:29] DecreaseCounter constructing_actor_cnt, current val is 260
I1013 15:10:56.703747  3366 naive_actor.cpp:25] actor 1099614388279 switch to &NaiveActor::HandlerNormal
I1013 15:10:56.703794  3366 thread.cpp:96] Thread 524337 construct Actor kTick 1099614388279
I1013 15:10:56.703858  3366 runtime_context.cpp:29] DecreaseCounter constructing_actor_cnt, current val is 259
I1013 15:10:56.704064  3379 naive_actor.cpp:25] actor 2199023255626 switch to &NaiveActor::HandlerNormal
I1013 15:10:56.704097  3379 thread.cpp:96] Thread 1048576 construct Actor kNormalForward 2199023255626
