I1013 15:25:28.970345 20102 thread.cpp:96] Thread 1048576 construct Actor kNormalForward 2199023255715
I1013 15:25:28.970379 20102 runtime_context.cpp:29] DecreaseCounter constructing_actor_cnt, current val is 95
I1013 15:25:28.970572 20102 naive_actor.cpp:25] actor 2199023255719 switch to &NaiveActor::HandlerNormal
I1013 15:25:28.970595 20102 thread.cpp:96] Thread 1048576 construct Actor kNormalForward 2199023255719
I1013 15:25:28.970631 20102 runtime_context.cpp:29] DecreaseCounter constructing_actor_cnt, current val is 94
I1013 15:25:28.970813 20102 naive_actor.cpp:25] actor 2199023255717 switch to &NaiveActor::HandlerNormal
I1013 15:25:28.970834 20102 thread.cpp:96] Thread 1048576 construct Actor kNormalForward 2199023255717
I1013 15:25:28.970868 20102 runtime_context.cpp:29] DecreaseCounter constructing_actor_cnt, current val is 93
I1013 15:25:28.971053 20102 naive_actor.cpp:25] actor 2199023255724 switch to &NaiveActor::HandlerNormal
I1013 15:25:28.971076 20102 thread.cpp:96] Thread 1048576 construct Actor kNormalForward 2199023255724
I1013 15:25:28.971112 20102 runtime_context.cpp:29] DecreaseCounter constructing_actor_cnt, current val is 92
I1013 15:25:28.971292 20102 naive_actor.cpp:25] actor 2199023255721 switch to &NaiveActor::HandlerNormal
I1013 15:25:28.971313 20102 thread.cpp:96] Thread 1048576 construct Actor kNormalForward 2199023255721
I1013 15:25:28.971349 20102 runtime_context.cpp:29] DecreaseCounter constructing_actor_cnt, current val is 91
I1013 15:25:28.971531 20102 naive_actor.cpp:25] actor 2199023255723 switch to &NaiveActor::HandlerNormal
I1013 15:25:28.971554 20102 thread.cpp:96] Thread 1048576 construct Actor kNormalForward 2199023255723
I1013 15:25:28.971596 20102 runtime_context.cpp:29] DecreaseCounter constructing_actor_cnt, current val is 90
I1013 15:25:28.971781 20102 naive_actor.cpp:25] actor 2199023255716 switch to &NaiveActor::HandlerNormal
I1013 15:25:28.971803 20102 thread.cpp:96] Thread 1048576 construct Actor kNormalForward 2199023255716
I1013 15:25:28.971838 20102 runtime_context.cpp:29] DecreaseCounter constructing_actor_cnt, current val is 89
I1013 15:25:28.972023 20102 naive_actor.cpp:25] actor 2199023255725 switch to &NaiveActor::HandlerNormal
I1013 15:25:28.972046 20102 thread.cpp:96] Thread 1048576 construct Actor kNormalForward 2199023255725
I1013 15:25:28.972081 20102 runtime_context.cpp:29] DecreaseCounter constructing_actor_cnt, current val is 88
I1013 15:25:28.972262 20102 naive_actor.cpp:25] actor 2199023255728 switch to &NaiveActor::HandlerNormal
I1013 15:25:28.972307 20102 thread.cpp:96] Thread 1048576 construct Actor kNormalForward 2199023255728
I1013 15:25:28.972347 20102 runtime_context.cpp:29] DecreaseCounter constructing_actor_cnt, current val is 87
I1013 15:25:28.972549 20102 naive_actor.cpp:25] actor 2199023255708 switch to &NaiveActor::HandlerNormal
I1013 15:25:28.972579 20102 thread.cpp:96] Thread 1048576 construct Actor kNormalForward 2199023255708
I1013 15:25:28.972616 20102 runtime_context.cpp:29] DecreaseCounter constructing_actor_cnt, current val is 86
I1013 15:25:28.972802 20102 naive_actor.cpp:25] actor 2199023255733 switch to &NaiveActor::HandlerNormal
I1013 15:25:28.972824 20102 thread.cpp:96] Thread 1048576 construct Actor kNormalForward 2199023255733
I1013 15:25:28.972859 20102 runtime_context.cpp:29] DecreaseCounter constructing_actor_cnt, current val is 85
I1013 15:25:28.973040 20102 naive_actor.cpp:25] actor 2199023255727 switch to &NaiveActor::HandlerNormal
I1013 15:25:28.973062 20102 thread.cpp:96] Thread 1048576 construct Actor kNormalForward 2199023255727
I1013 15:25:28.973096 20102 runtime_context.cpp:29] DecreaseCounter constructing_actor_cnt, current val is 84
I1013 15:25:28.973281 20102 naive_actor.cpp:25] actor 2199023255732 switch to &NaiveActor::HandlerNormal
I1013 15:25:28.973304 20102 thread.cpp:96] Thread 1048576 construct Actor kNormalForward 2199023255732
I1013 15:25:28.973340 20102 runtime_context.cpp:29] DecreaseCounter constructing_actor_cnt, current val is 83
I1013 15:25:28.973526 20102 naive_actor.cpp:25] actor 2199023255730 switch to &NaiveActor::HandlerNormal
I1013 15:25:28.973548 20102 thread.cpp:96] Thread 1048576 construct Actor kNormalForward 2199023255730
I1013 15:25:28.973592 20102 runtime_context.cpp:29] DecreaseCounter constructing_actor_cnt, current val is 82
I1013 15:25:28.973778 20102 naive_actor.cpp:25] actor 2199023255729 switch to &NaiveActor::HandlerNormal
I1013 15:25:28.973800 20102 thread.cpp:96] Thread 1048576 construct Actor kNormalForward 2199023255729
I1013 15:25:28.973835 20102 runtime_context.cpp:29] DecreaseCounter constructing_actor_cnt, current val is 81
I1013 15:25:28.974015 20102 naive_actor.cpp:25] actor 2199023255735 switch to &NaiveActor::HandlerNormal
I1013 15:25:28.974037 20102 thread.cpp:96] Thread 1048576 construct Actor kNormalForward 2199023255735
I1013 15:25:28.974072 20102 runtime_context.cpp:29] DecreaseCounter constructing_actor_cnt, current val is 80
I1013 15:25:28.974253 20102 naive_actor.cpp:25] actor 2199023255726 switch to &NaiveActor::HandlerNormal
I1013 15:25:28.974275 20102 thread.cpp:96] Thread 1048576 construct Actor kNormalForward 2199023255726
I1013 15:25:28.974310 20102 runtime_context.cpp:29] DecreaseCounter constructing_actor_cnt, current val is 79
I1013 15:25:28.974489 20102 naive_actor.cpp:25] actor 2199023255734 switch to &NaiveActor::HandlerNormal
I1013 15:25:28.974511 20102 thread.cpp:96] Thread 1048576 construct Actor kNormalForward 2199023255734
I1013 15:25:28.974546 20102 runtime_context.cpp:29] DecreaseCounter constructing_actor_cnt, current val is 78
I1013 15:25:28.974761 20102 naive_actor.cpp:25] actor 2199023255737 switch to &NaiveActor::HandlerNormal
I1013 15:25:28.974782 20102 thread.cpp:96] Thread 1048576 construct Actor kDeviceTick 2199023255737
I1013 15:25:28.974815 20102 runtime_context.cpp:29] DecreaseCounter constructing_actor_cnt, current val is 77
I1013 15:25:28.975989 20102 naive_actor.cpp:25] actor 2199023255736 switch to &NaiveActor::HandlerNormal
I1013 15:25:28.976012 20102 thread.cpp:96] Thread 1048576 construct Actor kNormalForward 2199023255736
I1013 15:25:28.976107 20102 runtime_context.cpp:29] DecreaseCounter constructing_actor_cnt, current val is 76
I1013 15:25:28.976305 20102 naive_actor.cpp:25] actor 2199023255740 switch to &NaiveActor::HandlerNormal
I1013 15:25:28.976327 20102 thread.cpp:96] Thread 1048576 construct Actor kNormalForward 2199023255740
I1013 15:25:28.976363 20102 runtime_context.cpp:29] DecreaseCounter constructing_actor_cnt, current val is 75
I1013 15:25:28.976545 20102 naive_actor.cpp:25] actor 2199023255750 switch to &NaiveActor::HandlerNormal
I1013 15:25:28.976599 20102 thread.cpp:96] Thread 1048576 construct Actor kNormalForward 2199023255750
I1013 15:25:28.976640 20102 runtime_context.cpp:29] DecreaseCounter constructing_actor_cnt, current val is 74
I1013 15:25:28.976837 20102 naive_actor.cpp:25] actor 2199023255757 switch to &NaiveActor::HandlerNormal
I1013 15:25:28.976859 20102 thread.cpp:96] Thread 1048576 construct Actor kNormalForward 2199023255757
I1013 15:25:28.976894 20102 runtime_context.cpp:29] DecreaseCounter constructing_actor_cnt, current val is 73
I1013 15:25:28.977072 20102 naive_actor.cpp:25] actor 2199023255744 switch to &NaiveActor::HandlerNormal
I1013 15:25:28.977092 20102 thread.cpp:96] Thread 1048576 construct Actor kNormalForward 2199023255744
I1013 15:25:28.977126 20102 runtime_context.cpp:29] DecreaseCounter constructing_actor_cnt, current val is 72
I1013 15:25:28.977304 20102 naive_actor.cpp:25] actor 2199023255748 switch to &NaiveActor::HandlerNormal
I1013 15:25:28.977326 20102 thread.cpp:96] Thread 1048576 construct Actor kNormalForward 2199023255748
I1013 15:25:28.977360 20102 runtime_context.cpp:29] DecreaseCounter constructing_actor_cnt, current val is 71
I1013 15:25:28.977535 20102 naive_actor.cpp:25] actor 2199023255741 switch to &NaiveActor::HandlerNormal
I1013 15:25:28.977557 20102 thread.cpp:96] Thread 1048576 construct Actor kNormalForward 2199023255741
I1013 15:25:28.977617 20102 runtime_context.cpp:29] DecreaseCounter constructing_actor_cnt, current val is 70
I1013 15:25:28.978798 20102 naive_actor.cpp:25] actor 2199023255775 switch to &NaiveActor::HandlerNormal
I1013 15:25:28.978822 20102 thread.cpp:96] Thread 1048576 construct Actor kNormalForward 2199023255775
I1013 15:25:28.978919 20102 runtime_context.cpp:29] DecreaseCounter constructing_actor_cnt, current val is 69
I1013 15:25:28.979110 20102 naive_actor.cpp:25] actor 2199023255745 switch to &NaiveActor::HandlerNormal
I1013 15:25:28.979131 20102 thread.cpp:96] Thread 1048576 construct Actor kNormalForward 2199023255745
I1013 15:25:28.979167 20102 runtime_context.cpp:29] DecreaseCounter constructing_actor_cnt, current val is 68
I1013 15:25:28.979348 20102 naive_actor.cpp:25] actor 2199023255742 switch to &NaiveActor::HandlerNormal
I1013 15:25:28.979370 20102 thread.cpp:96] Thread 1048576 construct Actor kNormalForward 2199023255742
I1013 15:25:28.979404 20102 runtime_context.cpp:29] DecreaseCounter constructing_actor_cnt, current val is 67
I1013 15:25:28.979586 20102 naive_actor.cpp:25] actor 2199023255743 switch to &NaiveActor::HandlerNormal
I1013 15:25:28.979609 20102 thread.cpp:96] Thread 1048576 construct Actor kNormalForward 2199023255743
I1013 15:25:28.979642 20102 runtime_context.cpp:29] DecreaseCounter constructing_actor_cnt, current val is 66
I1013 15:25:28.979820 20102 naive_actor.cpp:25] actor 2199023255746 switch to &NaiveActor::HandlerNormal
I1013 15:25:28.979840 20102 thread.cpp:96] Thread 1048576 construct Actor kNormalForward 2199023255746
I1013 15:25:28.979874 20102 runtime_context.cpp:29] DecreaseCounter constructing_actor_cnt, current val is 65
I1013 15:25:28.980046 20102 naive_actor.cpp:25] actor 2199023255749 switch to &NaiveActor::HandlerNormal
I1013 15:25:28.980067 20102 thread.cpp:96] Thread 1048576 construct Actor kNormalForward 2199023255749
I1013 15:25:28.980101 20102 runtime_context.cpp:29] DecreaseCounter constructing_actor_cnt, current val is 64
I1013 15:25:28.980278 20102 naive_actor.cpp:25] actor 2199023255747 switch to &NaiveActor::HandlerNormal
I1013 15:25:28.980298 20102 thread.cpp:96] Thread 1048576 construct Actor kNormalForward 2199023255747
I1013 15:25:28.980332 20102 runtime_context.cpp:29] DecreaseCounter constructing_actor_cnt, current val is 63
I1013 15:25:28.980507 20102 naive_actor.cpp:25] actor 2199023255752 switch to &NaiveActor::HandlerNormal
I1013 15:25:28.980528 20102 thread.cpp:96] Thread 1048576 construct Actor kNormalForward 2199023255752
I1013 15:25:28.980562 20102 runtime_context.cpp:29] DecreaseCounter constructing_actor_cnt, current val is 62
I1013 15:25:28.980752 20102 naive_actor.cpp:25] actor 2199023255753 switch to &NaiveActor::HandlerNormal
I1013 15:25:28.980796 20102 thread.cpp:96] Thread 1048576 construct Actor kNormalForward 2199023255753
I1013 15:25:28.980834 20102 runtime_context.cpp:29] DecreaseCounter constructing_actor_cnt, current val is 61
I1013 15:25:28.981025 20102 naive_actor.cpp:25] actor 2199023255755 switch to &NaiveActor::HandlerNormal
I1013 15:25:28.981047 20102 thread.cpp:96] Thread 1048576 construct Actor kNormalForward 2199023255755
I1013 15:25:28.981081 20102 runtime_context.cpp:29] DecreaseCounter constructing_actor_cnt, current val is 60
I1013 15:25:28.981256 20102 naive_actor.cpp:25] actor 2199023255751 switch to &NaiveActor::HandlerNormal
I1013 15:25:28.981277 20102 thread.cpp:96] Thread 1048576 construct Actor kNormalForward 2199023255751
I1013 15:25:28.981312 20102 runtime_context.cpp:29] DecreaseCounter constructing_actor_cnt, current val is 59
I1013 15:25:28.981485 20102 naive_actor.cpp:25] actor 2199023255756 switch to &NaiveActor::HandlerNormal
I1013 15:25:28.981506 20102 thread.cpp:96] Thread 1048576 construct Actor kNormalForward 2199023255756
I1013 15:25:28.981539 20102 runtime_context.cpp:29] DecreaseCounter constructing_actor_cnt, current val is 58
I1013 15:25:28.981724 20102 naive_actor.cpp:25] actor 2199023255758 switch to &NaiveActor::HandlerNormal
I1013 15:25:28.981745 20102 thread.cpp:96] Thread 1048576 construct Actor kNormalForward 2199023255758
I1013 15:25:28.981778 20102 runtime_context.cpp:29] DecreaseCounter constructing_actor_cnt, current val is 57
I1013 15:25:28.981952 20102 naive_actor.cpp:25] actor 2199023255759 switch to &NaiveActor::HandlerNormal
I1013 15:25:28.981973 20102 thread.cpp:96] Thread 1048576 construct Actor kNormalForward 2199023255759
I1013 15:25:28.982007 20102 runtime_context.cpp:29] DecreaseCounter constructing_actor_cnt, current val is 56
I1013 15:25:28.982183 20102 naive_actor.cpp:25] actor 2199023255754 switch to &NaiveActor::HandlerNormal
I1013 15:25:28.982204 20102 thread.cpp:96] Thread 1048576 construct Actor kNormalForward 2199023255754
I1013 15:25:28.982237 20102 runtime_context.cpp:29] DecreaseCounter constructing_actor_cnt, current val is 55
I1013 15:25:28.982409 20102 naive_actor.cpp:25] actor 2199023255762 switch to &NaiveActor::HandlerNormal
I1013 15:25:28.982429 20102 thread.cpp:96] Thread 1048576 construct Actor kNormalForward 2199023255762
I1013 15:25:28.982462 20102 runtime_context.cpp:29] DecreaseCounter constructing_actor_cnt, current val is 54
I1013 15:25:28.982672 20102 naive_actor.cpp:25] actor 2199023255761 switch to &NaiveActor::HandlerNormal
I1013 15:25:28.982694 20102 thread.cpp:96] Thread 1048576 construct Actor kNormalForward 2199023255761
I1013 15:25:28.982728 20102 runtime_context.cpp:29] DecreaseCounter constructing_actor_cnt, current val is 53
I1013 15:25:28.982908 20102 naive_actor.cpp:25] actor 2199023255763 switch to &NaiveActor::HandlerNormal
I1013 15:25:28.982929 20102 thread.cpp:96] Thread 1048576 construct Actor kNormalForward 2199023255763
I1013 15:25:28.982964 20102 runtime_context.cpp:29] DecreaseCounter constructing_actor_cnt, current val is 52
I1013 15:25:28.983135 20102 naive_actor.cpp:25] actor 2199023255760 switch to &NaiveActor::HandlerNormal
I1013 15:25:28.983156 20102 thread.cpp:96] Thread 1048576 construct Actor kNormalForward 2199023255760
I1013 15:25:28.983191 20102 runtime_context.cpp:29] DecreaseCounter constructing_actor_cnt, current val is 51
I1013 15:25:28.983368 20102 naive_actor.cpp:25] actor 2199023255764 switch to &NaiveActor::HandlerNormal
I1013 15:25:28.983390 20102 thread.cpp:96] Thread 1048576 construct Actor kNormalForward 2199023255764
I1013 15:25:28.983423 20102 runtime_context.cpp:29] DecreaseCounter constructing_actor_cnt, current val is 50
I1013 15:25:28.983603 20102 naive_actor.cpp:25] actor 2199023255767 switch to &NaiveActor::HandlerNormal
I1013 15:25:28.983623 20102 thread.cpp:96] Thread 1048576 construct Actor kNormalForward 2199023255767
I1013 15:25:28.983657 20102 runtime_context.cpp:29] DecreaseCounter constructing_actor_cnt, current val is 49
I1013 15:25:28.983855 20102 naive_actor.cpp:25] actor 2199023255768 switch to &NaiveActor::HandlerNormal
I1013 15:25:28.983891 20102 thread.cpp:96] Thread 1048576 construct Actor kNormalForward 2199023255768
I1013 15:25:28.983927 20102 runtime_context.cpp:29] DecreaseCounter constructing_actor_cnt, current val is 48
I1013 15:25:28.984102 20102 naive_actor.cpp:25] actor 2199023255769 switch to &NaiveActor::HandlerNormal
I1013 15:25:28.984124 20102 thread.cpp:96] Thread 1048576 construct Actor kNormalForward 2199023255769
I1013 15:25:28.984158 20102 runtime_context.cpp:29] DecreaseCounter constructing_actor_cnt, current val is 47
I1013 15:25:28.984329 20102 naive_actor.cpp:25] actor 2199023255766 switch to &NaiveActor::HandlerNormal
I1013 15:25:28.984351 20102 thread.cpp:96] Thread 1048576 construct Actor kNormalForward 2199023255766
I1013 15:25:28.984385 20102 runtime_context.cpp:29] DecreaseCounter constructing_actor_cnt, current val is 46
I1013 15:25:28.984558 20102 naive_actor.cpp:25] actor 2199023255765 switch to &NaiveActor::HandlerNormal
I1013 15:25:28.984589 20102 thread.cpp:96] Thread 1048576 construct Actor kNormalForward 2199023255765
I1013 15:25:28.984623 20102 runtime_context.cpp:29] DecreaseCounter constructing_actor_cnt, current val is 45
I1013 15:25:28.984802 20102 naive_actor.cpp:25] actor 2199023255772 switch to &NaiveActor::HandlerNormal
I1013 15:25:28.984822 20102 thread.cpp:96] Thread 1048576 construct Actor kNormalForward 2199023255772
I1013 15:25:28.984856 20102 runtime_context.cpp:29] DecreaseCounter constructing_actor_cnt, current val is 44
I1013 15:25:28.985031 20102 naive_actor.cpp:25] actor 2199023255770 switch to &NaiveActor::HandlerNormal
I1013 15:25:28.985052 20102 thread.cpp:96] Thread 1048576 construct Actor kNormalForward 2199023255770
I1013 15:25:28.985085 20102 runtime_context.cpp:29] DecreaseCounter constructing_actor_cnt, current val is 43
I1013 15:25:28.985261 20102 naive_actor.cpp:25] actor 2199023255771 switch to &NaiveActor::HandlerNormal
I1013 15:25:28.985282 20102 thread.cpp:96] Thread 1048576 construct Actor kNormalForward 2199023255771
I1013 15:25:28.985316 20102 runtime_context.cpp:29] DecreaseCounter constructing_actor_cnt, current val is 42
I1013 15:25:28.985503 20102 naive_actor.cpp:25] actor 2199023255776 switch to &NaiveActor::HandlerNormal
I1013 15:25:28.985524 20102 thread.cpp:96] Thread 1048576 construct Actor kDeviceTick 2199023255776
I1013 15:25:28.985558 20102 runtime_context.cpp:29] DecreaseCounter constructing_actor_cnt, current val is 41
I1013 15:25:28.985738 20102 naive_actor.cpp:25] actor 2199023255774 switch to &NaiveActor::HandlerNormal
I1013 15:25:28.985759 20102 thread.cpp:96] Thread 1048576 construct Actor kNormalForward 2199023255774
I1013 15:25:28.985793 20102 runtime_context.cpp:29] DecreaseCounter constructing_actor_cnt, current val is 40
I1013 15:25:28.985965 20102 naive_actor.cpp:25] actor 2199023255773 switch to &NaiveActor::HandlerNormal
I1013 15:25:28.985986 20102 thread.cpp:96] Thread 1048576 construct Actor kNormalForward 2199023255773
I1013 15:25:28.986021 20102 runtime_context.cpp:29] DecreaseCounter constructing_actor_cnt, current val is 39
I1013 15:25:28.986196 20102 naive_actor.cpp:25] actor 2199023255739 switch to &NaiveActor::HandlerNormal
I1013 15:25:28.986217 20102 thread.cpp:96] Thread 1048576 construct Actor kNormalForward 2199023255739
I1013 15:25:28.986250 20102 runtime_context.cpp:29] DecreaseCounter constructing_actor_cnt, current val is 38
I1013 15:25:28.986428 20102 naive_actor.cpp:25] actor 2199023255791 switch to &NaiveActor::HandlerNormal
I1013 15:25:28.986449 20102 thread.cpp:96] Thread 1048576 construct Actor kNormalForward 2199023255791
I1013 15:25:28.986482 20102 runtime_context.cpp:29] DecreaseCounter constructing_actor_cnt, current val is 37
I1013 15:25:28.986662 20102 naive_actor.cpp:25] actor 2199023255779 switch to &NaiveActor::HandlerNormal
I1013 15:25:28.986685 20102 thread.cpp:96] Thread 1048576 construct Actor kNormalForward 2199023255779
I1013 15:25:28.986717 20102 runtime_context.cpp:29] DecreaseCounter constructing_actor_cnt, current val is 36
I1013 15:25:28.986917 20102 naive_actor.cpp:25] actor 2199023255793 switch to &NaiveActor::HandlerNormal
I1013 15:25:28.986951 20102 thread.cpp:96] Thread 1048576 construct Actor kNormalForward 2199023255793
I1013 15:25:28.986989 20102 runtime_context.cpp:29] DecreaseCounter constructing_actor_cnt, current val is 35
I1013 15:25:28.987162 20102 naive_actor.cpp:25] actor 2199023255806 switch to &NaiveActor::HandlerNormal
I1013 15:25:28.987185 20102 thread.cpp:96] Thread 1048576 construct Actor kNormalForward 2199023255806
I1013 15:25:28.987217 20102 runtime_context.cpp:29] DecreaseCounter constructing_actor_cnt, current val is 34
I1013 15:25:28.987390 20102 naive_actor.cpp:25] actor 2199023255782 switch to &NaiveActor::HandlerNormal
I1013 15:25:28.987411 20102 thread.cpp:96] Thread 1048576 construct Actor kNormalForward 2199023255782
I1013 15:25:28.987444 20102 runtime_context.cpp:29] DecreaseCounter constructing_actor_cnt, current val is 33
I1013 15:25:28.987629 20102 naive_actor.cpp:25] actor 2199023255783 switch to &NaiveActor::HandlerNormal
I1013 15:25:28.987650 20102 thread.cpp:96] Thread 1048576 construct Actor kNormalForward 2199023255783
I1013 15:25:28.987684 20102 runtime_context.cpp:29] DecreaseCounter constructing_actor_cnt, current val is 32
I1013 15:25:28.987859 20102 naive_actor.cpp:25] actor 2199023255778 switch to &NaiveActor::HandlerNormal
I1013 15:25:28.987880 20102 thread.cpp:96] Thread 1048576 construct Actor kNormalForward 2199023255778
I1013 15:25:28.987913 20102 runtime_context.cpp:29] DecreaseCounter constructing_actor_cnt, current val is 31
I1013 15:25:28.989104 20102 naive_actor.cpp:25] actor 2199023255814 switch to &NaiveActor::HandlerNormal
I1013 15:25:28.989127 20102 thread.cpp:96] Thread 1048576 construct Actor kNormalForward 2199023255814
I1013 15:25:28.989223 20102 runtime_context.cpp:29] DecreaseCounter constructing_actor_cnt, current val is 30
I1013 15:25:28.989410 20102 naive_actor.cpp:25] actor 2199023255789 switch to &NaiveActor::HandlerNormal
I1013 15:25:28.989432 20102 thread.cpp:96] Thread 1048576 construct Actor kNormalForward 2199023255789
I1013 15:25:28.989467 20102 runtime_context.cpp:29] DecreaseCounter constructing_actor_cnt, current val is 29
I1013 15:25:28.989656 20102 naive_actor.cpp:25] actor 2199023255786 switch to &NaiveActor::HandlerNormal
I1013 15:25:28.989678 20102 thread.cpp:96] Thread 1048576 construct Actor kNormalForward 2199023255786
I1013 15:25:28.989712 20102 runtime_context.cpp:29] DecreaseCounter constructing_actor_cnt, current val is 28
I1013 15:25:28.989887 20102 naive_actor.cpp:25] actor 2199023255784 switch to &NaiveActor::HandlerNormal
I1013 15:25:28.989908 20102 thread.cpp:96] Thread 1048576 construct Actor kNormalForward 2199023255784
I1013 15:25:28.989941 20102 runtime_context.cpp:29] DecreaseCounter constructing_actor_cnt, current val is 27
I1013 15:25:28.990125 20102 naive_actor.cpp:25] actor 2199023255790 switch to &NaiveActor::HandlerNormal
I1013 15:25:28.990147 20102 thread.cpp:96] Thread 1048576 construct Actor kNormalForward 2199023255790
I1013 15:25:28.990180 20102 runtime_context.cpp:29] DecreaseCounter constructing_actor_cnt, current val is 26
I1013 15:25:28.990351 20102 naive_actor.cpp:25] actor 2199023255787 switch to &NaiveActor::HandlerNormal
I1013 15:25:28.990372 20102 thread.cpp:96] Thread 1048576 construct Actor kNormalForward 2199023255787
I1013 15:25:28.990406 20102 runtime_context.cpp:29] DecreaseCounter constructing_actor_cnt, current val is 25
I1013 15:25:28.990614 20102 naive_actor.cpp:25] actor 2199023255792 switch to &NaiveActor::HandlerNormal
I1013 15:25:28.990636 20102 thread.cpp:96] Thread 1048576 construct Actor kNormalForward 2199023255792
I1013 15:25:28.990669 20102 runtime_context.cpp:29] DecreaseCounter constructing_actor_cnt, current val is 24
I1013 15:25:28.990840 20102 naive_actor.cpp:25] actor 2199023255794 switch to &NaiveActor::HandlerNormal
I1013 15:25:28.990881 20102 thread.cpp:96] Thread 1048576 construct Actor kNormalForward 2199023255794
I1013 15:25:28.990917 20102 runtime_context.cpp:29] DecreaseCounter constructing_actor_cnt, current val is 23
I1013 15:25:28.991115 20102 naive_actor.cpp:25] actor 2199023255797 switch to &NaiveActor::HandlerNormal
I1013 15:25:28.991163 20102 thread.cpp:96] Thread 1048576 construct Actor kNormalForward 2199023255797
I1013 15:25:28.991200 20102 runtime_context.cpp:29] DecreaseCounter constructing_actor_cnt, current val is 22
I1013 15:25:28.991374 20102 naive_actor.cpp:25] actor 2199023255800 switch to &NaiveActor::HandlerNormal
I1013 15:25:28.991394 20102 thread.cpp:96] Thread 1048576 construct Actor kNormalForward 2199023255800
I1013 15:25:28.991427 20102 runtime_context.cpp:29] DecreaseCounter constructing_actor_cnt, current val is 21
I1013 15:25:28.991608 20102 naive_actor.cpp:25] actor 2199023255795 switch to &NaiveActor::HandlerNormal
I1013 15:25:28.991629 20102 thread.cpp:96] Thread 1048576 construct Actor kNormalForward 2199023255795
I1013 15:25:28.991662 20102 runtime_context.cpp:29] DecreaseCounter constructing_actor_cnt, current val is 20
I1013 15:25:28.991832 20102 naive_actor.cpp:25] actor 2199023255803 switch to &NaiveActor::HandlerNormal
I1013 15:25:28.991853 20102 thread.cpp:96] Thread 1048576 construct Actor kNormalForward 2199023255803
I1013 15:25:28.991886 20102 runtime_context.cpp:29] DecreaseCounter constructing_actor_cnt, current val is 19
I1013 15:25:28.992064 20102 naive_actor.cpp:25] actor 2199023255802 switch to &NaiveActor::HandlerNormal
I1013 15:25:28.992085 20102 thread.cpp:96] Thread 1048576 construct Actor kNormalForward 2199023255802
I1013 15:25:28.992118 20102 runtime_context.cpp:29] DecreaseCounter constructing_actor_cnt, current val is 18
I1013 15:25:28.992290 20102 naive_actor.cpp:25] actor 2199023255796 switch to &NaiveActor::HandlerNormal
I1013 15:25:28.992311 20102 thread.cpp:96] Thread 1048576 construct Actor kNormalForward 2199023255796
I1013 15:25:28.992344 20102 runtime_context.cpp:29] DecreaseCounter constructing_actor_cnt, current val is 17
I1013 15:25:28.992514 20102 naive_actor.cpp:25] actor 2199023255799 switch to &NaiveActor::HandlerNormal
I1013 15:25:28.992535 20102 thread.cpp:96] Thread 1048576 construct Actor kNormalForward 2199023255799
I1013 15:25:28.992576 20102 runtime_context.cpp:29] DecreaseCounter constructing_actor_cnt, current val is 16
I1013 15:25:28.992748 20102 naive_actor.cpp:25] actor 2199023255798 switch to &NaiveActor::HandlerNormal
I1013 15:25:28.992767 20102 thread.cpp:96] Thread 1048576 construct Actor kNormalForward 2199023255798
I1013 15:25:28.992800 20102 runtime_context.cpp:29] DecreaseCounter constructing_actor_cnt, current val is 15
I1013 15:25:28.992969 20102 naive_actor.cpp:25] actor 2199023255801 switch to &NaiveActor::HandlerNormal
I1013 15:25:28.992988 20102 thread.cpp:96] Thread 1048576 construct Actor kNormalForward 2199023255801
I1013 15:25:28.993021 20102 runtime_context.cpp:29] DecreaseCounter constructing_actor_cnt, current val is 14
I1013 15:25:28.993198 20102 naive_actor.cpp:25] actor 2199023255785 switch to &NaiveActor::HandlerNormal
I1013 15:25:28.993219 20102 thread.cpp:96] Thread 1048576 construct Actor kNormalForward 2199023255785
I1013 15:25:28.993252 20102 runtime_context.cpp:29] DecreaseCounter constructing_actor_cnt, current val is 13
I1013 15:25:28.993420 20102 naive_actor.cpp:25] actor 2199023255805 switch to &NaiveActor::HandlerNormal
I1013 15:25:28.993441 20102 thread.cpp:96] Thread 1048576 construct Actor kNormalForward 2199023255805
I1013 15:25:28.993474 20102 runtime_context.cpp:29] DecreaseCounter constructing_actor_cnt, current val is 12
I1013 15:25:28.993650 20102 naive_actor.cpp:25] actor 2199023255807 switch to &NaiveActor::HandlerNormal
I1013 15:25:28.993672 20102 thread.cpp:96] Thread 1048576 construct Actor kNormalForward 2199023255807
I1013 15:25:28.993705 20102 runtime_context.cpp:29] DecreaseCounter constructing_actor_cnt, current val is 11
I1013 15:25:28.993889 20102 naive_actor.cpp:25] actor 2199023255815 switch to &NaiveActor::HandlerNormal
I1013 15:25:28.993909 20102 thread.cpp:96] Thread 1048576 construct Actor kDeviceTick 2199023255815
I1013 15:25:28.993965 20102 runtime_context.cpp:29] DecreaseCounter constructing_actor_cnt, current val is 10
I1013 15:25:28.994143 20102 naive_actor.cpp:25] actor 2199023255808 switch to &NaiveActor::HandlerNormal
I1013 15:25:28.994181 20102 thread.cpp:96] Thread 1048576 construct Actor kNormalForward 2199023255808
I1013 15:25:28.994217 20102 runtime_context.cpp:29] DecreaseCounter constructing_actor_cnt, current val is 9
I1013 15:25:28.994390 20102 naive_actor.cpp:25] actor 2199023255804 switch to &NaiveActor::HandlerNormal
I1013 15:25:28.994410 20102 thread.cpp:96] Thread 1048576 construct Actor kNormalForward 2199023255804
I1013 15:25:28.994443 20102 runtime_context.cpp:29] DecreaseCounter constructing_actor_cnt, current val is 8
I1013 15:25:28.994630 20102 naive_actor.cpp:25] actor 2199023255809 switch to &NaiveActor::HandlerNormal
I1013 15:25:28.994652 20102 thread.cpp:96] Thread 1048576 construct Actor kNormalForward 2199023255809
I1013 15:25:28.994685 20102 runtime_context.cpp:29] DecreaseCounter constructing_actor_cnt, current val is 7
I1013 15:25:28.994858 20102 naive_actor.cpp:25] actor 2199023255810 switch to &NaiveActor::HandlerNormal
I1013 15:25:28.994880 20102 thread.cpp:96] Thread 1048576 construct Actor kNormalForward 2199023255810
I1013 15:25:28.994912 20102 runtime_context.cpp:29] DecreaseCounter constructing_actor_cnt, current val is 6
I1013 15:25:28.995082 20102 naive_actor.cpp:25] actor 2199023255811 switch to &NaiveActor::HandlerNormal
I1013 15:25:28.995103 20102 thread.cpp:96] Thread 1048576 construct Actor kNormalForward 2199023255811
I1013 15:25:28.995136 20102 runtime_context.cpp:29] DecreaseCounter constructing_actor_cnt, current val is 5
I1013 15:25:28.995306 20102 naive_actor.cpp:25] actor 2199023255780 switch to &NaiveActor::HandlerNormal
I1013 15:25:28.995326 20102 thread.cpp:96] Thread 1048576 construct Actor kNormalForward 2199023255780
I1013 15:25:28.995358 20102 runtime_context.cpp:29] DecreaseCounter constructing_actor_cnt, current val is 4
I1013 15:25:28.995528 20102 naive_actor.cpp:25] actor 2199023255813 switch to &NaiveActor::HandlerNormal
I1013 15:25:28.995548 20102 thread.cpp:96] Thread 1048576 construct Actor kNormalForward 2199023255813
I1013 15:25:28.995589 20102 runtime_context.cpp:29] DecreaseCounter constructing_actor_cnt, current val is 3
I1013 15:25:28.995761 20102 naive_actor.cpp:25] actor 2199023255812 switch to &NaiveActor::HandlerNormal
I1013 15:25:28.995782 20102 thread.cpp:96] Thread 1048576 construct Actor kNormalForward 2199023255812
I1013 15:25:28.995815 20102 runtime_context.cpp:29] DecreaseCounter constructing_actor_cnt, current val is 2
I1013 15:25:28.995983 20102 naive_actor.cpp:25] actor 2199023255781 switch to &NaiveActor::HandlerNormal
I1013 15:25:28.996006 20102 thread.cpp:96] Thread 1048576 construct Actor kNormalForward 2199023255781
I1013 15:25:28.996038 20102 runtime_context.cpp:29] DecreaseCounter constructing_actor_cnt, current val is 1
I1013 15:25:28.996213 20102 naive_actor.cpp:25] actor 2199023255788 switch to &NaiveActor::HandlerNormal
I1013 15:25:28.996234 20102 thread.cpp:96] Thread 1048576 construct Actor kNormalForward 2199023255788
I1013 15:25:28.996271 20102 runtime_context.cpp:29] DecreaseCounter constructing_actor_cnt, current val is 0
I1013 15:25:28.999027 19167 runtime.cpp:93] Actors on this machine constructed
I1013 15:25:28.999091 19167 runtime.cpp:95] Actors on every machine constructed
I1013 15:25:28.999127 19167 runtime_context.cpp:21] NewCounter job_5_running_actor_count 41
I1013 15:25:28.999151 19167 runtime_context.cpp:21] NewCounter job_4_running_actor_count 16
I1013 15:25:28.999172 19167 runtime_context.cpp:21] NewCounter job_3_running_actor_count 51
I1013 15:25:28.999194 19167 runtime_context.cpp:21] NewCounter job_2_running_actor_count 51
I1013 15:25:28.999215 19167 runtime_context.cpp:21] NewCounter job_0_running_actor_count 179
I1013 15:25:28.999235 19167 runtime_context.cpp:21] NewCounter job_1_running_actor_count 50
I1013 15:25:28.999320 20086 wait_and_send_ids_actor.cpp:73] actor 1099616485376 switch to &WaitAndSendIdsActor::HandlerNormal
I1013 15:25:28.999470 19167 global.h:36] NewGlobal N7oneflow7JobDescE
I1013 15:25:29.031464 19167 global.h:43] DeleteGlobal N7oneflow7JobDescE
I1013 15:25:37.305645 19167 global.h:43] DeleteGlobal N7oneflow7OneflowE
I1013 15:25:37.306069 20086 actor.cpp:411] actor 1099616485376 switch to &Actor::HandlerZombie
I1013 15:25:37.306110 20085 actor.cpp:411] actor 1099614388283 switch to &Actor::HandlerZombie
I1013 15:25:37.306306 20085 actor.cpp:408] actor 1099614388284 switch to nullptr
I1013 15:25:37.306321 20085 thread.cpp:76] thread 524337 deconstruct actor 1099614388284
I1013 15:25:37.306324 20086 thread.cpp:76] thread 524338 deconstruct actor 1099616485376
I1013 15:25:37.306645 20086 runtime_context.cpp:29] DecreaseCounter job_5_running_actor_count, current val is 40
I1013 15:25:37.306648 20085 runtime_context.cpp:29] DecreaseCounter job_5_running_actor_count, current val is 39
I1013 15:25:37.306725 20085 actor.cpp:408] actor 1099614388305 switch to nullptr
I1013 15:25:37.306744 20085 thread.cpp:76] thread 524337 deconstruct actor 1099614388305
I1013 15:25:37.306897 20085 runtime_context.cpp:29] DecreaseCounter job_5_running_actor_count, current val is 38
I1013 15:25:37.306927 20085 actor.cpp:408] actor 1099614388285 switch to nullptr
I1013 15:25:37.306942 20085 thread.cpp:76] thread 524337 deconstruct actor 1099614388285
I1013 15:25:37.307085 20085 runtime_context.cpp:29] DecreaseCounter job_5_running_actor_count, current val is 37
I1013 15:25:37.307102 20085 actor.cpp:408] actor 1099614388309 switch to nullptr
I1013 15:25:37.307112 20085 thread.cpp:76] thread 524337 deconstruct actor 1099614388309
I1013 15:25:37.307200 20085 runtime_context.cpp:29] DecreaseCounter job_5_running_actor_count, current val is 36
I1013 15:25:37.307219 20085 actor.cpp:408] actor 1099614388289 switch to nullptr
I1013 15:25:37.307227 20085 thread.cpp:76] thread 524337 deconstruct actor 1099614388289
I1013 15:25:37.307314 20085 runtime_context.cpp:29] DecreaseCounter job_5_running_actor_count, current val is 35
I1013 15:25:37.307332 20085 actor.cpp:408] actor 1099614388293 switch to nullptr
I1013 15:25:37.307343 20085 thread.cpp:76] thread 524337 deconstruct actor 1099614388293
I1013 15:25:37.307426 20085 runtime_context.cpp:29] DecreaseCounter job_5_running_actor_count, current val is 34
I1013 15:25:37.307444 20085 actor.cpp:408] actor 1099614388297 switch to nullptr
I1013 15:25:37.307453 20085 thread.cpp:76] thread 524337 deconstruct actor 1099614388297
I1013 15:25:37.307534 20085 runtime_context.cpp:29] DecreaseCounter job_5_running_actor_count, current val is 33
I1013 15:25:37.307551 20085 actor.cpp:408] actor 1099614388301 switch to nullptr
I1013 15:25:37.307560 20085 thread.cpp:76] thread 524337 deconstruct actor 1099614388301
I1013 15:25:37.307652 20085 runtime_context.cpp:29] DecreaseCounter job_5_running_actor_count, current val is 32
I1013 15:25:37.307673 20085 actor.cpp:408] actor 1099614388306 switch to nullptr
I1013 15:25:37.307682 20085 thread.cpp:76] thread 524337 deconstruct actor 1099614388306
I1013 15:25:37.307760 20085 runtime_context.cpp:29] DecreaseCounter job_5_running_actor_count, current val is 31
I1013 15:25:37.307775 20085 actor.cpp:408] actor 1099614388286 switch to nullptr
I1013 15:25:37.307785 20085 thread.cpp:76] thread 524337 deconstruct actor 1099614388286
I1013 15:25:37.307869 20085 runtime_context.cpp:29] DecreaseCounter job_5_running_actor_count, current val is 30
I1013 15:25:37.307888 20085 actor.cpp:408] actor 1099614388310 switch to nullptr
I1013 15:25:37.307898 20085 thread.cpp:76] thread 524337 deconstruct actor 1099614388310
I1013 15:25:37.307976 20085 runtime_context.cpp:29] DecreaseCounter job_5_running_actor_count, current val is 29
I1013 15:25:37.307993 20085 actor.cpp:408] actor 1099614388290 switch to nullptr
I1013 15:25:37.308002 20085 thread.cpp:76] thread 524337 deconstruct actor 1099614388290
I1013 15:25:37.308079 20085 runtime_context.cpp:29] DecreaseCounter job_5_running_actor_count, current val is 28
I1013 15:25:37.308096 20085 actor.cpp:408] actor 1099614388294 switch to nullptr
I1013 15:25:37.308207 20085 thread.cpp:76] thread 524337 deconstruct actor 1099614388294
I1013 15:25:37.308306 20085 runtime_context.cpp:29] DecreaseCounter job_5_running_actor_count, current val is 27
I1013 15:25:37.308352 20085 actor.cpp:408] actor 1099614388298 switch to nullptr
I1013 15:25:37.308390 20085 thread.cpp:76] thread 524337 deconstruct actor 1099614388298
I1013 15:25:37.308478 20085 runtime_context.cpp:29] DecreaseCounter job_5_running_actor_count, current val is 26
I1013 15:25:37.308498 20085 actor.cpp:408] actor 1099614388302 switch to nullptr
I1013 15:25:37.308507 20085 thread.cpp:76] thread 524337 deconstruct actor 1099614388302
I1013 15:25:37.308599 20085 runtime_context.cpp:29] DecreaseCounter job_5_running_actor_count, current val is 25
I1013 15:25:37.308619 20085 actor.cpp:408] actor 1099614388271 switch to nullptr
I1013 15:25:37.308629 20085 thread.cpp:76] thread 524337 deconstruct actor 1099614388271
I1013 15:25:37.308713 20085 runtime_context.cpp:29] DecreaseCounter job_4_running_actor_count, current val is 15
I1013 15:25:37.308732 20085 actor.cpp:408] actor 1099614388228 switch to nullptr
I1013 15:25:37.308741 20085 thread.cpp:76] thread 524337 deconstruct actor 1099614388228
I1013 15:25:37.308832 20085 runtime_context.cpp:29] DecreaseCounter job_0_running_actor_count, current val is 178
I1013 15:25:37.308849 20085 actor.cpp:408] actor 1099614388279 switch to nullptr
I1013 15:25:37.308858 20085 thread.cpp:76] thread 524337 deconstruct actor 1099614388279
I1013 15:25:37.308939 20085 runtime_context.cpp:29] DecreaseCounter job_4_running_actor_count, current val is 14
I1013 15:25:37.308956 20085 actor.cpp:408] actor 1099614388236 switch to nullptr
I1013 15:25:37.308965 20085 thread.cpp:76] thread 524337 deconstruct actor 1099614388236
I1013 15:25:37.309053 20085 runtime_context.cpp:29] DecreaseCounter job_0_running_actor_count, current val is 177
I1013 15:25:37.309072 20085 actor.cpp:408] actor 1099614388245 switch to nullptr
I1013 15:25:37.309080 20085 thread.cpp:76] thread 524337 deconstruct actor 1099614388245
I1013 15:25:37.309170 20085 runtime_context.cpp:29] DecreaseCounter job_1_running_actor_count, current val is 49
I1013 15:25:37.309185 20085 actor.cpp:408] actor 1099614388254 switch to nullptr
I1013 15:25:37.309195 20085 thread.cpp:76] thread 524337 deconstruct actor 1099614388254
I1013 15:25:37.309276 20085 runtime_context.cpp:29] DecreaseCounter job_2_running_actor_count, current val is 50
I1013 15:25:37.309293 20085 actor.cpp:408] actor 1099614388263 switch to nullptr
I1013 15:25:37.309302 20085 thread.cpp:76] thread 524337 deconstruct actor 1099614388263
I1013 15:25:37.309382 20085 runtime_context.cpp:29] DecreaseCounter job_3_running_actor_count, current val is 50
I1013 15:25:37.309401 20085 actor.cpp:408] actor 1099614388268 switch to nullptr
I1013 15:25:37.309410 20085 thread.cpp:76] thread 524337 deconstruct actor 1099614388268
I1013 15:25:37.309489 20085 runtime_context.cpp:29] DecreaseCounter job_4_running_actor_count, current val is 13
I1013 15:25:37.309514 20085 actor.cpp:408] actor 1099614388225 switch to nullptr
I1013 15:25:37.309525 20085 thread.cpp:76] thread 524337 deconstruct actor 1099614388225
I1013 15:25:37.309621 20085 runtime_context.cpp:29] DecreaseCounter job_0_running_actor_count, current val is 176
I1013 15:25:37.309639 20085 actor.cpp:408] actor 1099614388277 switch to nullptr
I1013 15:25:37.309648 20085 thread.cpp:76] thread 524337 deconstruct actor 1099614388277
I1013 15:25:37.309672 20102 actor.cpp:408] actor 2199023255698 switch to nullptr
I1013 15:25:37.309722 20102 thread.cpp:76] thread 1048576 deconstruct actor 2199023255698
I1013 15:25:37.309738 20085 runtime_context.cpp:29] DecreaseCounter job_4_running_actor_count, current val is 12
I1013 15:25:37.309756 20085 actor.cpp:408] actor 1099614388234 switch to nullptr
I1013 15:25:37.309765 20085 thread.cpp:76] thread 524337 deconstruct actor 1099614388234
I1013 15:25:37.309859 20085 runtime_context.cpp:29] DecreaseCounter job_0_running_actor_count, current val is 175
I1013 15:25:37.309877 20085 actor.cpp:408] actor 1099614388242 switch to nullptr
I1013 15:25:37.309916 20085 thread.cpp:76] thread 524337 deconstruct actor 1099614388242
I1013 15:25:37.309913 20102 runtime_context.cpp:29] DecreaseCounter job_0_running_actor_count, current val is 174
I1013 15:25:37.309990 20102 actor.cpp:408] actor 2199023255691 switch to nullptr
I1013 15:25:37.310017 20085 runtime_context.cpp:29] DecreaseCounter job_1_running_actor_count, current val is 48
I1013 15:25:37.310041 20102 thread.cpp:76] thread 1048576 deconstruct actor 2199023255691
I1013 15:25:37.310073 20085 actor.cpp:408] actor 1099614388251 switch to nullptr
I1013 15:25:37.310104 20085 thread.cpp:76] thread 524337 deconstruct actor 1099614388251
I1013 15:25:37.310200 20085 runtime_context.cpp:29] DecreaseCounter job_2_running_actor_count, current val is 49
I1013 15:25:37.310221 20085 actor.cpp:408] actor 1099614388260 switch to nullptr
I1013 15:25:37.310231 20085 thread.cpp:76] thread 524337 deconstruct actor 1099614388260
I1013 15:25:37.310238 20102 runtime_context.cpp:29] DecreaseCounter job_0_running_actor_count, current val is 173
I1013 15:25:37.310286 20102 actor.cpp:408] actor 2199023255685 switch to nullptr
I1013 15:25:37.310303 20102 thread.cpp:76] thread 1048576 deconstruct actor 2199023255685
I1013 15:25:37.310317 20085 runtime_context.cpp:29] DecreaseCounter job_3_running_actor_count, current val is 49
I1013 15:25:37.310338 20085 actor.cpp:411] actor 1099614388272 switch to &Actor::HandlerZombie
I1013 15:25:37.310353 20085 actor.cpp:408] actor 1099614388267 switch to nullptr
I1013 15:25:37.310362 20085 thread.cpp:76] thread 524337 deconstruct actor 1099614388267
I1013 15:25:37.310422 20102 runtime_context.cpp:29] DecreaseCounter job_0_running_actor_count, current val is 172
I1013 15:25:37.310427 20083 actor.cpp:411] actor 1099553570816 switch to &Actor::HandlerZombie
I1013 15:25:37.310444 20085 runtime_context.cpp:29] DecreaseCounter job_4_running_actor_count, current val is 11
I1013 15:25:37.310470 20084 actor.cpp:411] actor 1099555667968 switch to &Actor::HandlerZombie
I1013 15:25:37.310489 20102 actor.cpp:408] actor 2199023255683 switch to nullptr
I1013 15:25:37.310534 20085 actor.cpp:411] actor 1099614388229 switch to &Actor::HandlerZombie
I1013 15:25:37.310593 20102 thread.cpp:76] thread 1048576 deconstruct actor 2199023255683
I1013 15:25:37.310627 20085 actor.cpp:408] actor 1099614388224 switch to nullptr
I1013 15:25:37.310642 20085 thread.cpp:76] thread 524337 deconstruct actor 1099614388224
I1013 15:25:37.310735 20085 runtime_context.cpp:29] DecreaseCounter job_0_running_actor_count, current val is 171
I1013 15:25:37.310729 20069 actor.cpp:408] actor 1099524210688 switch to nullptr
I1013 15:25:37.310743 20102 runtime_context.cpp:29] DecreaseCounter job_0_running_actor_count, current val is 170
I1013 15:25:37.310776 20085 actor.cpp:411] actor 1099614388280 switch to &Actor::HandlerZombie
I1013 15:25:37.310770 20072 actor.cpp:411] actor 1099530502144 switch to &Actor::HandlerZombie
I1013 15:25:37.310807 20070 actor.cpp:408] actor 1099526307840 switch to nullptr
I1013 15:25:37.310808 20069 thread.cpp:76] thread 524294 deconstruct actor 1099524210688
I1013 15:25:37.310957 20073 actor.cpp:408] actor 1099532599296 switch to nullptr
I1013 15:25:37.310868 20071 actor.cpp:408] actor 1099528404992 switch to nullptr
I1013 15:25:37.310907 20085 actor.cpp:408] actor 1099614388275 switch to nullptr
I1013 15:25:37.311123 20085 thread.cpp:76] thread 524337 deconstruct actor 1099614388275
I1013 15:25:37.310892 20064 actor.cpp:408] actor 1099513724928 switch to nullptr
I1013 15:25:37.311177 20064 thread.cpp:76] thread 524289 deconstruct actor 1099513724928
I1013 15:25:37.310879 20065 actor.cpp:408] actor 1099515822080 switch to nullptr
I1013 15:25:37.311221 20085 runtime_context.cpp:29] DecreaseCounter job_4_running_actor_count, current val is 10
I1013 15:25:37.311234 20065 thread.cpp:76] thread 524290 deconstruct actor 1099515822080
I1013 15:25:37.310914 20084 thread.cpp:76] thread 524309 deconstruct actor 1099555667968
I1013 15:25:37.310959 20070 thread.cpp:76] thread 524295 deconstruct actor 1099526307840
I1013 15:25:37.310815 20063 actor.cpp:408] actor 1099511627776 switch to nullptr
I1013 15:25:37.311374 20063 thread.cpp:76] thread 524288 deconstruct actor 1099511627776
I1013 15:25:37.310959 20067 actor.cpp:408] actor 1099520016384 switch to nullptr
I1013 15:25:37.311456 20084 runtime_context.cpp:29] DecreaseCounter job_4_running_actor_count, current val is 9
I1013 15:25:37.311480 20064 runtime_context.cpp:29] DecreaseCounter job_0_running_actor_count, current val is 167
I1013 15:25:37.311079 20073 thread.cpp:76] thread 524298 deconstruct actor 1099532599296
I1013 15:25:37.311110 20069 runtime_context.cpp:29] DecreaseCounter job_0_running_actor_count, current val is 169
I1013 15:25:37.311112 20071 thread.cpp:76] thread 524296 deconstruct actor 1099528404992
I1013 15:25:37.310899 20102 actor.cpp:408] actor 2199023255681 switch to nullptr
I1013 15:25:37.310930 20072 thread.cpp:76] thread 524297 deconstruct actor 1099530502144
I1013 15:25:37.310925 20083 thread.cpp:76] thread 524308 deconstruct actor 1099553570816
I1013 15:25:37.311247 20085 actor.cpp:411] actor 1099614388237 switch to &Actor::HandlerZombie
I1013 15:25:37.310952 20066 actor.cpp:408] actor 1099517919232 switch to nullptr
I1013 15:25:37.311785 20071 runtime_context.cpp:29] DecreaseCounter job_0_running_actor_count, current val is 165
I1013 15:25:37.311807 20066 thread.cpp:76] thread 524291 deconstruct actor 1099517919232
I1013 15:25:37.311473 20067 thread.cpp:76] thread 524292 deconstruct actor 1099520016384
I1013 15:25:37.311513 20065 runtime_context.cpp:29] DecreaseCounter job_0_running_actor_count, current val is 166
I1013 15:25:37.311657 20102 thread.cpp:76] thread 1048576 deconstruct actor 2199023255681
I1013 15:25:37.311760 20085 actor.cpp:408] actor 1099614388232 switch to nullptr
I1013 15:25:37.311440 20070 runtime_context.cpp:29] DecreaseCounter job_0_running_actor_count, current val is 168
I1013 15:25:37.311003 20104 actor.cpp:408] actor 2199025352707 switch to nullptr
I1013 15:25:37.311967 20085 thread.cpp:76] thread 524337 deconstruct actor 1099614388232
I1013 15:25:37.312042 20104 thread.cpp:76] thread 1048577 deconstruct actor 2199025352707
I1013 15:25:37.312043 20068 actor.cpp:411] actor 1099522113536 switch to &Actor::HandlerZombie
I1013 15:25:37.312119 20083 runtime_context.cpp:29] DecreaseCounter job_4_running_actor_count, current val is 8
I1013 15:25:37.312141 20072 runtime_context.cpp:29] DecreaseCounter job_0_running_actor_count, current val is 164
I1013 15:25:37.312155 20104 runtime_context.cpp:29] DecreaseCounter job_0_running_actor_count, current val is 163
I1013 15:25:37.312165 20085 runtime_context.cpp:29] DecreaseCounter job_0_running_actor_count, current val is 162
I1013 15:25:37.312216 20067 runtime_context.cpp:29] DecreaseCounter job_0_running_actor_count, current val is 161
I1013 15:25:37.312230 20104 actor.cpp:408] actor 2199025352706 switch to nullptr
I1013 15:25:37.312211 20102 runtime_context.cpp:29] DecreaseCounter job_0_running_actor_count, current val is 160
I1013 15:25:37.312250 20085 actor.cpp:411] actor 1099614388246 switch to &Actor::HandlerZombie
I1013 15:25:37.312278 20066 runtime_context.cpp:29] DecreaseCounter job_0_running_actor_count, current val is 158
I1013 15:25:37.312265 20073 runtime_context.cpp:29] DecreaseCounter job_0_running_actor_count, current val is 159
I1013 15:25:37.312407 20075 actor.cpp:408] actor 1099536793600 switch to nullptr
I1013 15:25:37.312359 20102 actor.cpp:408] actor 2199023255675 switch to nullptr
I1013 15:25:37.312366 20085 actor.cpp:408] actor 1099614388241 switch to nullptr
I1013 15:25:37.312402 20074 actor.cpp:408] actor 1099534696448 switch to nullptr
I1013 15:25:37.312307 20104 thread.cpp:76] thread 1048577 deconstruct actor 2199025352706
I1013 15:25:37.312427 20076 actor.cpp:408] actor 1099538890752 switch to nullptr
I1013 15:25:37.312448 20075 thread.cpp:76] thread 524300 deconstruct actor 1099536793600
I1013 15:25:37.312470 20102 thread.cpp:76] thread 1048576 deconstruct actor 2199023255675
I1013 15:25:37.312599 20104 runtime_context.cpp:29] DecreaseCounter job_0_running_actor_count, current val is 156
I1013 15:25:37.312510 20074 thread.cpp:76] thread 524299 deconstruct actor 1099534696448
I1013 15:25:37.312698 20104 actor.cpp:408] actor 2199025352705 switch to nullptr
I1013 15:25:37.312551 20076 thread.cpp:76] thread 524301 deconstruct actor 1099538890752
I1013 15:25:37.312484 20085 thread.cpp:76] thread 524337 deconstruct actor 1099614388241
I1013 15:25:37.312693 20075 runtime_context.cpp:29] DecreaseCounter job_1_running_actor_count, current val is 47
I1013 15:25:37.312544 20063 runtime_context.cpp:29] DecreaseCounter job_0_running_actor_count, current val is 157
I1013 15:25:37.312728 20102 runtime_context.cpp:29] DecreaseCounter job_0_running_actor_count, current val is 155
I1013 15:25:37.312878 20074 runtime_context.cpp:29] DecreaseCounter job_1_running_actor_count, current val is 46
I1013 15:25:37.312882 20076 runtime_context.cpp:29] DecreaseCounter job_1_running_actor_count, current val is 45
I1013 15:25:37.312757 20104 thread.cpp:76] thread 1048577 deconstruct actor 2199025352705
I1013 15:25:37.312889 20085 runtime_context.cpp:29] DecreaseCounter job_1_running_actor_count, current val is 44
I1013 15:25:37.312903 20102 actor.cpp:408] actor 2199023255673 switch to nullptr
I1013 15:25:37.313016 20085 actor.cpp:411] actor 1099614388255 switch to &Actor::HandlerZombie
I1013 15:25:37.313042 20102 thread.cpp:76] thread 1048576 deconstruct actor 2199023255673
I1013 15:25:37.313052 20104 runtime_context.cpp:29] DecreaseCounter job_0_running_actor_count, current val is 154
I1013 15:25:37.313069 20085 actor.cpp:408] actor 1099614388250 switch to nullptr
I1013 15:25:37.313117 20085 thread.cpp:76] thread 524337 deconstruct actor 1099614388250
I1013 15:25:37.313122 20104 actor.cpp:408] actor 2199025352704 switch to nullptr
I1013 15:25:37.313148 20078 actor.cpp:408] actor 1099543085056 switch to nullptr
I1013 15:25:37.313195 20079 actor.cpp:411] actor 1099545182208 switch to &Actor::HandlerZombie
I1013 15:25:37.313182 20104 thread.cpp:76] thread 1048577 deconstruct actor 2199025352704
I1013 15:25:37.313189 20102 runtime_context.cpp:29] DecreaseCounter job_0_running_actor_count, current val is 153
I1013 15:25:37.313138 20077 actor.cpp:408] actor 1099540987904 switch to nullptr
I1013 15:25:37.313313 20102 actor.cpp:408] actor 2199023255671 switch to nullptr
