I1012 17:39:15.472858 30241 runtime_context.cpp:29] DecreaseCounter constructing_actor_cnt, current val is 667
I1012 17:39:15.473073 30269 naive_actor.cpp:25] actor 2207613190146 switch to &NaiveActor::HandlerNormal
I1012 17:39:15.473134 30269 thread.cpp:96] Thread 1052672 construct Actor kNormalForward 2207613190146
I1012 17:39:15.473228 30269 runtime_context.cpp:29] DecreaseCounter constructing_actor_cnt, current val is 666
I1012 17:39:15.473238 30241 naive_actor.cpp:25] actor 1099614388253 switch to &NaiveActor::HandlerNormal
I1012 17:39:15.473322 30241 thread.cpp:96] Thread 524337 construct Actor kTick 1099614388253
I1012 17:39:15.473385 30263 naive_actor.cpp:25] actor 2199023255560 switch to &NaiveActor::HandlerNormal
I1012 17:39:15.473392 30241 runtime_context.cpp:29] DecreaseCounter constructing_actor_cnt, current val is 665
I1012 17:39:15.473453 30263 thread.cpp:96] Thread 1048576 construct Actor kNormalForward 2199023255560
I1012 17:39:15.473618 30263 runtime_context.cpp:29] DecreaseCounter constructing_actor_cnt, current val is 664
I1012 17:39:15.473860 30241 naive_actor.cpp:25] actor 1099614388256 switch to &NaiveActor::HandlerNormal
I1012 17:39:15.473925 30241 thread.cpp:96] Thread 524337 construct Actor kTick 1099614388256
I1012 17:39:15.474000 30241 runtime_context.cpp:29] DecreaseCounter constructing_actor_cnt, current val is 663
I1012 17:39:15.474040 30263 naive_actor.cpp:25] actor 2199023255584 switch to &NaiveActor::HandlerNormal
I1012 17:39:15.474095 30263 thread.cpp:96] Thread 1048576 construct Actor kNormalForward 2199023255584
I1012 17:39:15.474181 30263 runtime_context.cpp:29] DecreaseCounter constructing_actor_cnt, current val is 662
I1012 17:39:15.474514 30241 naive_actor.cpp:25] actor 1099614388249 switch to &NaiveActor::HandlerNormal
I1012 17:39:15.474584 30241 thread.cpp:96] Thread 524337 construct Actor kDeviceTick 1099614388249
I1012 17:39:15.474670 30241 runtime_context.cpp:29] DecreaseCounter constructing_actor_cnt, current val is 661
I1012 17:39:15.475006 30269 naive_actor.cpp:25] actor 2207613190172 switch to &NaiveActor::HandlerNormal
I1012 17:39:15.475066 30269 thread.cpp:96] Thread 1052672 construct Actor kNormalForward 2207613190172
I1012 17:39:15.475103 30241 naive_actor.cpp:25] actor 1099614388250 switch to &NaiveActor::HandlerNormal
I1012 17:39:15.475134 30269 runtime_context.cpp:29] DecreaseCounter constructing_actor_cnt, current val is 660
I1012 17:39:15.475152 30241 thread.cpp:96] Thread 524337 construct Actor kSrcSubsetTick 1099614388250
I1012 17:39:15.475247 30241 runtime_context.cpp:29] DecreaseCounter constructing_actor_cnt, current val is 659
I1012 17:39:15.475651 30202 naive_actor.cpp:25] actor 1099515822080 switch to &NaiveActor::HandlerNormal
I1012 17:39:15.475731 30202 thread.cpp:96] Thread 524290 construct Actor kNormalForward 1099515822080
I1012 17:39:15.475811 30241 naive_actor.cpp:25] actor 1099614388254 switch to &NaiveActor::HandlerNormal
I1012 17:39:15.475862 30202 runtime_context.cpp:29] DecreaseCounter constructing_actor_cnt, current val is 658
I1012 17:39:15.475870 30241 thread.cpp:96] Thread 524337 construct Actor kDstSubsetTick 1099614388254
I1012 17:39:15.476030 30241 runtime_context.cpp:29] DecreaseCounter constructing_actor_cnt, current val is 657
I1012 17:39:15.476204 30203 naive_actor.cpp:25] actor 1099517919232 switch to &NaiveActor::HandlerNormal
I1012 17:39:15.476262 30203 thread.cpp:96] Thread 524291 construct Actor kNormalForward 1099517919232
I1012 17:39:15.476334 30263 naive_actor.cpp:25] actor 2199023255552 switch to &NaiveActor::HandlerNormal
I1012 17:39:15.476348 30203 runtime_context.cpp:29] DecreaseCounter constructing_actor_cnt, current val is 656
I1012 17:39:15.476402 30263 thread.cpp:96] Thread 1048576 construct Actor kNormalForward 2199023255552
I1012 17:39:15.476419 30269 naive_actor.cpp:25] actor 2207613190150 switch to &NaiveActor::HandlerNormal
I1012 17:39:15.476537 30269 thread.cpp:96] Thread 1052672 construct Actor kNormalForward 2207613190150
I1012 17:39:15.476630 30263 runtime_context.cpp:29] DecreaseCounter constructing_actor_cnt, current val is 655
I1012 17:39:15.476642 30269 runtime_context.cpp:29] DecreaseCounter constructing_actor_cnt, current val is 654
I1012 17:39:15.476878 30241 esac_actor.cpp:73] actor 1099614388334 switch to &EsacActor::HandlerNormal
I1012 17:39:15.476939 30241 thread.cpp:96] Thread 524337 construct Actor kEsac 1099614388334
I1012 17:39:15.477035 30241 runtime_context.cpp:29] DecreaseCounter constructing_actor_cnt, current val is 653
I1012 17:39:15.477245 30201 naive_actor.cpp:25] actor 1099513724928 switch to &NaiveActor::HandlerNormal
I1012 17:39:15.477309 30201 thread.cpp:96] Thread 524289 construct Actor kNormalForward 1099513724928
I1012 17:39:15.477421 30201 runtime_context.cpp:29] DecreaseCounter constructing_actor_cnt, current val is 652
I1012 17:39:15.477560 30241 naive_actor.cpp:25] actor 1099614388255 switch to &NaiveActor::HandlerNormal
I1012 17:39:15.477612 30241 thread.cpp:96] Thread 524337 construct Actor kTick 1099614388255
I1012 17:39:15.477685 30241 runtime_context.cpp:29] DecreaseCounter constructing_actor_cnt, current val is 651
I1012 17:39:15.478029 30263 naive_actor.cpp:25] actor 2199023255576 switch to &NaiveActor::HandlerNormal
I1012 17:39:15.478058 30200 naive_actor.cpp:25] actor 1099511627776 switch to &NaiveActor::HandlerNormal
I1012 17:39:15.478061 30241 naive_actor.cpp:25] actor 1099614388257 switch to &NaiveActor::HandlerNormal
I1012 17:39:15.478112 30263 thread.cpp:96] Thread 1048576 construct Actor kNormalForward 2199023255576
I1012 17:39:15.478152 30200 thread.cpp:96] Thread 524288 construct Actor kNormalForward 1099511627776
I1012 17:39:15.478190 30241 thread.cpp:96] Thread 524337 construct Actor kTick 1099614388257
I1012 17:39:15.478278 30263 runtime_context.cpp:29] DecreaseCounter constructing_actor_cnt, current val is 650
I1012 17:39:15.478322 30200 runtime_context.cpp:29] DecreaseCounter constructing_actor_cnt, current val is 649
I1012 17:39:15.478324 30241 runtime_context.cpp:29] DecreaseCounter constructing_actor_cnt, current val is 648
I1012 17:39:15.478715 30269 naive_actor.cpp:25] actor 2207613190174 switch to &NaiveActor::HandlerNormal
I1012 17:39:15.478766 30269 thread.cpp:96] Thread 1052672 construct Actor kNormalForward 2207613190174
I1012 17:39:15.478840 30241 naive_actor.cpp:25] actor 1099614388263 switch to &NaiveActor::HandlerNormal
I1012 17:39:15.478850 30269 runtime_context.cpp:29] DecreaseCounter constructing_actor_cnt, current val is 647
I1012 17:39:15.478890 30241 thread.cpp:96] Thread 524337 construct Actor kDstSubsetTick 1099614388263
I1012 17:39:15.479001 30241 runtime_context.cpp:29] DecreaseCounter constructing_actor_cnt, current val is 646
I1012 17:39:15.479349 30241 naive_actor.cpp:25] actor 1099614388259 switch to &NaiveActor::HandlerNormal
I1012 17:39:15.479439 30241 thread.cpp:96] Thread 524337 construct Actor kSrcSubsetTick 1099614388259
I1012 17:39:15.479508 30241 runtime_context.cpp:29] DecreaseCounter constructing_actor_cnt, current val is 645
I1012 17:39:15.479914 30241 naive_actor.cpp:25] actor 1099614388309 switch to &NaiveActor::HandlerNormal
I1012 17:39:15.479966 30241 thread.cpp:96] Thread 524337 construct Actor kTick 1099614388309
I1012 17:39:15.480032 30241 runtime_context.cpp:29] DecreaseCounter constructing_actor_cnt, current val is 644
I1012 17:39:15.480381 30269 naive_actor.cpp:25] actor 2207613190144 switch to &NaiveActor::HandlerNormal
I1012 17:39:15.480449 30269 thread.cpp:96] Thread 1052672 construct Actor kNormalForward 2207613190144
I1012 17:39:15.480545 30269 runtime_context.cpp:29] DecreaseCounter constructing_actor_cnt, current val is 643
I1012 17:39:15.480566 30241 naive_actor.cpp:25] actor 1099614388262 switch to &NaiveActor::HandlerNormal
I1012 17:39:15.480616 30241 thread.cpp:96] Thread 524337 construct Actor kTick 1099614388262
I1012 17:39:15.480731 30241 runtime_context.cpp:29] DecreaseCounter constructing_actor_cnt, current val is 642
I1012 17:39:15.480847 30263 naive_actor.cpp:25] actor 2199023255582 switch to &NaiveActor::HandlerNormal
I1012 17:39:15.480909 30263 thread.cpp:96] Thread 1048576 construct Actor kNormalForward 2199023255582
I1012 17:39:15.480993 30263 runtime_context.cpp:29] DecreaseCounter constructing_actor_cnt, current val is 641
I1012 17:39:15.481138 30241 naive_actor.cpp:25] actor 1099614388265 switch to &NaiveActor::HandlerNormal
I1012 17:39:15.481189 30241 thread.cpp:96] Thread 524337 construct Actor kTick 1099614388265
I1012 17:39:15.481256 30241 runtime_context.cpp:29] DecreaseCounter constructing_actor_cnt, current val is 640
I1012 17:39:15.481617 30241 naive_actor.cpp:25] actor 1099614388264 switch to &NaiveActor::HandlerNormal
I1012 17:39:15.481662 30241 thread.cpp:96] Thread 524337 construct Actor kTick 1099614388264
I1012 17:39:15.481691 30269 naive_actor.cpp:25] actor 2207613190165 switch to &NaiveActor::HandlerNormal
I1012 17:39:15.481724 30241 runtime_context.cpp:29] DecreaseCounter constructing_actor_cnt, current val is 639
I1012 17:39:15.481752 30269 thread.cpp:96] Thread 1052672 construct Actor kNormalForward 2207613190165
I1012 17:39:15.481884 30269 runtime_context.cpp:29] DecreaseCounter constructing_actor_cnt, current val is 638
I1012 17:39:15.482149 30241 naive_actor.cpp:25] actor 1099614388258 switch to &NaiveActor::HandlerNormal
I1012 17:39:15.482194 30241 thread.cpp:96] Thread 524337 construct Actor kDeviceTick 1099614388258
I1012 17:39:15.482259 30241 runtime_context.cpp:29] DecreaseCounter constructing_actor_cnt, current val is 637
I1012 17:39:15.482414 30263 naive_actor.cpp:25] actor 2199023255575 switch to &NaiveActor::HandlerNormal
I1012 17:39:15.482475 30263 thread.cpp:96] Thread 1048576 construct Actor kNormalForward 2199023255575
I1012 17:39:15.482563 30263 runtime_context.cpp:29] DecreaseCounter constructing_actor_cnt, current val is 636
I1012 17:39:15.482628 30241 naive_actor.cpp:25] actor 1099614388266 switch to &NaiveActor::HandlerNormal
I1012 17:39:15.482679 30241 thread.cpp:96] Thread 524337 construct Actor kTick 1099614388266
I1012 17:39:15.482944 30269 naive_actor.cpp:25] actor 2207613190152 switch to &NaiveActor::HandlerNormal
I1012 17:39:15.482991 30269 thread.cpp:96] Thread 1052672 construct Actor kNormalForward 2207613190152
I1012 17:39:15.483506 30241 runtime_context.cpp:29] DecreaseCounter constructing_actor_cnt, current val is 635
I1012 17:39:15.483534 30269 runtime_context.cpp:29] DecreaseCounter constructing_actor_cnt, current val is 634
I1012 17:39:15.483875 30241 naive_actor.cpp:25] actor 1099614388267 switch to &NaiveActor::HandlerNormal
I1012 17:39:15.483924 30241 thread.cpp:96] Thread 524337 construct Actor kDeviceTick 1099614388267
I1012 17:39:15.483986 30241 runtime_context.cpp:29] DecreaseCounter constructing_actor_cnt, current val is 633
I1012 17:39:15.484298 30241 naive_actor.cpp:25] actor 1099614388273 switch to &NaiveActor::HandlerNormal
I1012 17:39:15.484350 30241 thread.cpp:96] Thread 524337 construct Actor kTick 1099614388273
I1012 17:39:15.484416 30241 runtime_context.cpp:29] DecreaseCounter constructing_actor_cnt, current val is 632
I1012 17:39:15.484741 30241 naive_actor.cpp:25] actor 1099614388311 switch to &NaiveActor::HandlerNormal
I1012 17:39:15.484786 30241 thread.cpp:96] Thread 524337 construct Actor kTick 1099614388311
I1012 17:39:15.484846 30241 runtime_context.cpp:29] DecreaseCounter constructing_actor_cnt, current val is 631
I1012 17:39:15.484851 30263 naive_actor.cpp:25] actor 2199023255599 switch to &NaiveActor::HandlerNormal
I1012 17:39:15.484978 30263 thread.cpp:96] Thread 1048576 construct Actor kNormalForward 2199023255599
I1012 17:39:15.485069 30263 runtime_context.cpp:29] DecreaseCounter constructing_actor_cnt, current val is 630
I1012 17:39:15.485256 30241 naive_actor.cpp:25] actor 1099614388271 switch to &NaiveActor::HandlerNormal
I1012 17:39:15.485303 30241 thread.cpp:96] Thread 524337 construct Actor kTick 1099614388271
I1012 17:39:15.485364 30241 runtime_context.cpp:29] DecreaseCounter constructing_actor_cnt, current val is 629
I1012 17:39:15.485535 30269 naive_actor.cpp:25] actor 2207613190160 switch to &NaiveActor::HandlerNormal
I1012 17:39:15.485587 30269 thread.cpp:96] Thread 1052672 construct Actor kNormalForward 2207613190160
I1012 17:39:15.485661 30269 runtime_context.cpp:29] DecreaseCounter constructing_actor_cnt, current val is 628
I1012 17:39:15.485690 30241 naive_actor.cpp:25] actor 1099614388274 switch to &NaiveActor::HandlerNormal
I1012 17:39:15.485734 30241 thread.cpp:96] Thread 524337 construct Actor kTick 1099614388274
I1012 17:39:15.485798 30241 runtime_context.cpp:29] DecreaseCounter constructing_actor_cnt, current val is 627
I1012 17:39:15.486125 30263 naive_actor.cpp:25] actor 2199023255573 switch to &NaiveActor::HandlerNormal
I1012 17:39:15.486179 30263 thread.cpp:96] Thread 1048576 construct Actor kNormalForward 2199023255573
I1012 17:39:15.486254 30241 naive_actor.cpp:25] actor 1099614388272 switch to &NaiveActor::HandlerNormal
I1012 17:39:15.486264 30263 runtime_context.cpp:29] DecreaseCounter constructing_actor_cnt, current val is 626
I1012 17:39:15.486301 30241 thread.cpp:96] Thread 524337 construct Actor kDstSubsetTick 1099614388272
I1012 17:39:15.486413 30241 runtime_context.cpp:29] DecreaseCounter constructing_actor_cnt, current val is 625
I1012 17:39:15.486734 30241 naive_actor.cpp:25] actor 1099614388268 switch to &NaiveActor::HandlerNormal
I1012 17:39:15.486786 30241 thread.cpp:96] Thread 524337 construct Actor kSrcSubsetTick 1099614388268
I1012 17:39:15.486847 30241 runtime_context.cpp:29] DecreaseCounter constructing_actor_cnt, current val is 624
I1012 17:39:15.486932 30269 naive_actor.cpp:25] actor 2207613190184 switch to &NaiveActor::HandlerNormal
I1012 17:39:15.486985 30269 thread.cpp:96] Thread 1052672 construct Actor kNormalForward 2207613190184
I1012 17:39:15.487123 30269 runtime_context.cpp:29] DecreaseCounter constructing_actor_cnt, current val is 623
I1012 17:39:15.487201 30241 naive_actor.cpp:25] actor 1099614388282 switch to &NaiveActor::HandlerNormal
I1012 17:39:15.487246 30241 thread.cpp:96] Thread 524337 construct Actor kTick 1099614388282
I1012 17:39:15.487309 30241 runtime_context.cpp:29] DecreaseCounter constructing_actor_cnt, current val is 622
I1012 17:39:15.487390 30263 naive_actor.cpp:25] actor 2199023255597 switch to &NaiveActor::HandlerNormal
I1012 17:39:15.487454 30263 thread.cpp:96] Thread 1048576 construct Actor kNormalForward 2199023255597
I1012 17:39:15.487538 30263 runtime_context.cpp:29] DecreaseCounter constructing_actor_cnt, current val is 621
I1012 17:39:15.487685 30241 naive_actor.cpp:25] actor 1099614388276 switch to &NaiveActor::HandlerNormal
I1012 17:39:15.487735 30241 thread.cpp:96] Thread 524337 construct Actor kDeviceTick 1099614388276
I1012 17:39:15.487782 30241 runtime_context.cpp:29] DecreaseCounter constructing_actor_cnt, current val is 620
I1012 17:39:15.488051 30263 naive_actor.cpp:25] actor 2199023255598 switch to &NaiveActor::HandlerNormal
I1012 17:39:15.488107 30263 thread.cpp:96] Thread 1048576 construct Actor kNormalForward 2199023255598
I1012 17:39:15.488180 30263 runtime_context.cpp:29] DecreaseCounter constructing_actor_cnt, current val is 619
I1012 17:39:15.488221 30269 naive_actor.cpp:25] actor 2207613190159 switch to &NaiveActor::HandlerNormal
I1012 17:39:15.488222 30241 naive_actor.cpp:25] actor 1099614388275 switch to &NaiveActor::HandlerNormal
I1012 17:39:15.488276 30269 thread.cpp:96] Thread 1052672 construct Actor kNormalForward 2207613190159
I1012 17:39:15.488314 30241 thread.cpp:96] Thread 524337 construct Actor kDeviceTick 1099614388275
I1012 17:39:15.488539 30269 runtime_context.cpp:29] DecreaseCounter constructing_actor_cnt, current val is 618
I1012 17:39:15.488556 30241 runtime_context.cpp:29] DecreaseCounter constructing_actor_cnt, current val is 617
I1012 17:39:15.488914 30241 naive_actor.cpp:25] actor 1099614388283 switch to &NaiveActor::HandlerNormal
I1012 17:39:15.488960 30241 thread.cpp:96] Thread 524337 construct Actor kTick 1099614388283
I1012 17:39:15.489010 30241 runtime_context.cpp:29] DecreaseCounter constructing_actor_cnt, current val is 616
I1012 17:39:15.489321 30241 naive_actor.cpp:25] actor 1099614388310 switch to &NaiveActor::HandlerNormal
I1012 17:39:15.489372 30241 thread.cpp:96] Thread 524337 construct Actor kTick 1099614388310
I1012 17:39:15.489447 30241 runtime_context.cpp:29] DecreaseCounter constructing_actor_cnt, current val is 615
I1012 17:39:15.489519 30269 naive_actor.cpp:25] actor 2207613190163 switch to &NaiveActor::HandlerNormal
I1012 17:39:15.489527 30263 naive_actor.cpp:25] actor 2199023255566 switch to &NaiveActor::HandlerNormal
I1012 17:39:15.489599 30269 thread.cpp:96] Thread 1052672 construct Actor kNormalForward 2207613190163
I1012 17:39:15.489658 30263 thread.cpp:96] Thread 1048576 construct Actor kNormalForward 2199023255566
I1012 17:39:15.489730 30269 runtime_context.cpp:29] DecreaseCounter constructing_actor_cnt, current val is 614
I1012 17:39:15.489789 30263 runtime_context.cpp:29] DecreaseCounter constructing_actor_cnt, current val is 613
I1012 17:39:15.489953 30241 naive_actor.cpp:25] actor 1099614388281 switch to &NaiveActor::HandlerNormal
I1012 17:39:15.490002 30241 thread.cpp:96] Thread 524337 construct Actor kDstSubsetTick 1099614388281
I1012 17:39:15.490077 30241 runtime_context.cpp:29] DecreaseCounter constructing_actor_cnt, current val is 612
I1012 17:39:15.490469 30241 naive_actor.cpp:25] actor 1099614388280 switch to &NaiveActor::HandlerNormal
I1012 17:39:15.490521 30241 thread.cpp:96] Thread 524337 construct Actor kTick 1099614388280
I1012 17:39:15.490589 30241 runtime_context.cpp:29] DecreaseCounter constructing_actor_cnt, current val is 611
I1012 17:39:15.490712 30263 naive_actor.cpp:25] actor 2199023255567 switch to &NaiveActor::HandlerNormal
I1012 17:39:15.490769 30263 thread.cpp:96] Thread 1048576 construct Actor kNormalForward 2199023255567
I1012 17:39:15.490844 30263 runtime_context.cpp:29] DecreaseCounter constructing_actor_cnt, current val is 610
I1012 17:39:15.490857 30269 naive_actor.cpp:25] actor 2207613190161 switch to &NaiveActor::HandlerNormal
I1012 17:39:15.490926 30269 thread.cpp:96] Thread 1052672 construct Actor kNormalForward 2207613190161
I1012 17:39:15.490988 30241 naive_actor.cpp:25] actor 1099614388295 switch to &NaiveActor::HandlerNormal
I1012 17:39:15.491005 30269 runtime_context.cpp:29] DecreaseCounter constructing_actor_cnt, current val is 609
I1012 17:39:15.491036 30241 thread.cpp:96] Thread 524337 construct Actor kTick 1099614388295
I1012 17:39:15.491122 30241 runtime_context.cpp:29] DecreaseCounter constructing_actor_cnt, current val is 608
I1012 17:39:15.491444 30269 naive_actor.cpp:25] actor 2207613190162 switch to &NaiveActor::HandlerNormal
I1012 17:39:15.491472 30241 naive_actor.cpp:25] actor 1099614388292 switch to &NaiveActor::HandlerNormal
I1012 17:39:15.491505 30269 thread.cpp:96] Thread 1052672 construct Actor kNormalForward 2207613190162
I1012 17:39:15.491544 30241 thread.cpp:96] Thread 524337 construct Actor kTick 1099614388292
I1012 17:39:15.491637 30269 runtime_context.cpp:29] DecreaseCounter constructing_actor_cnt, current val is 607
I1012 17:39:15.491638 30241 runtime_context.cpp:29] DecreaseCounter constructing_actor_cnt, current val is 606
I1012 17:39:15.491998 30241 naive_actor.cpp:25] actor 1099614388288 switch to &NaiveActor::HandlerNormal
I1012 17:39:15.492044 30241 thread.cpp:96] Thread 524337 construct Actor kTick 1099614388288
I1012 17:39:15.492106 30241 runtime_context.cpp:29] DecreaseCounter constructing_actor_cnt, current val is 605
I1012 17:39:15.492118 30263 naive_actor.cpp:25] actor 2199023255583 switch to &NaiveActor::HandlerNormal
I1012 17:39:15.492252 30263 thread.cpp:96] Thread 1048576 construct Actor kNormalForward 2199023255583
I1012 17:39:15.492365 30263 runtime_context.cpp:29] DecreaseCounter constructing_actor_cnt, current val is 604
I1012 17:39:15.492580 30241 naive_actor.cpp:25] actor 1099614388290 switch to &NaiveActor::HandlerNormal
I1012 17:39:15.492643 30241 thread.cpp:96] Thread 524337 construct Actor kSrcSubsetTick 1099614388290
I1012 17:39:15.492719 30241 runtime_context.cpp:29] DecreaseCounter constructing_actor_cnt, current val is 603
I1012 17:39:15.492758 30269 naive_actor.cpp:25] actor 2207613190158 switch to &NaiveActor::HandlerNormal
I1012 17:39:15.492807 30269 thread.cpp:96] Thread 1052672 construct Actor kNormalForward 2207613190158
I1012 17:39:15.492878 30269 runtime_context.cpp:29] DecreaseCounter constructing_actor_cnt, current val is 602
I1012 17:39:15.493093 30241 naive_actor.cpp:25] actor 1099614388285 switch to &NaiveActor::HandlerNormal
I1012 17:39:15.493146 30241 thread.cpp:96] Thread 524337 construct Actor kTick 1099614388285
I1012 17:39:15.493213 30241 runtime_context.cpp:29] DecreaseCounter constructing_actor_cnt, current val is 601
I1012 17:39:15.493607 30241 naive_actor.cpp:25] actor 1099614388277 switch to &NaiveActor::HandlerNormal
I1012 17:39:15.493614 30263 naive_actor.cpp:25] actor 2199023255590 switch to &NaiveActor::HandlerNormal
I1012 17:39:15.493660 30241 thread.cpp:96] Thread 524337 construct Actor kSrcSubsetTick 1099614388277
I1012 17:39:15.493707 30263 thread.cpp:96] Thread 1048576 construct Actor kNormalForward 2199023255590
I1012 17:39:15.493716 30269 naive_actor.cpp:25] actor 2207613190180 switch to &NaiveActor::HandlerNormal
I1012 17:39:15.493774 30241 runtime_context.cpp:29] DecreaseCounter constructing_actor_cnt, current val is 600
I1012 17:39:15.493820 30269 thread.cpp:96] Thread 1052672 construct Actor kNormalForward 2207613190180
I1012 17:39:15.493832 30263 runtime_context.cpp:29] DecreaseCounter constructing_actor_cnt, current val is 599
I1012 17:39:15.493921 30269 runtime_context.cpp:29] DecreaseCounter constructing_actor_cnt, current val is 598
I1012 17:39:15.494602 30241 case_actor.cpp:76] actor 1099614388297 switch to &CaseActor::HandlerNormal
I1012 17:39:15.494654 30241 thread.cpp:96] Thread 524337 construct Actor kCase 1099614388297
I1012 17:39:15.494742 30269 naive_actor.cpp:25] actor 2207613190166 switch to &NaiveActor::HandlerNormal
I1012 17:39:15.494763 30241 runtime_context.cpp:29] DecreaseCounter constructing_actor_cnt, current val is 597
I1012 17:39:15.494789 30269 thread.cpp:96] Thread 1052672 construct Actor kNormalForward 2207613190166
I1012 17:39:15.494817 30263 naive_actor.cpp:25] actor 2199023255588 switch to &NaiveActor::HandlerNormal
I1012 17:39:15.494894 30269 runtime_context.cpp:29] DecreaseCounter constructing_actor_cnt, current val is 596
I1012 17:39:15.494935 30263 thread.cpp:96] Thread 1048576 construct Actor kNormalForward 2199023255588
I1012 17:39:15.495065 30263 runtime_context.cpp:29] DecreaseCounter constructing_actor_cnt, current val is 595
I1012 17:39:15.495244 30241 naive_actor.cpp:25] actor 1099614388284 switch to &NaiveActor::HandlerNormal
I1012 17:39:15.495296 30241 thread.cpp:96] Thread 524337 construct Actor kTick 1099614388284
I1012 17:39:15.495323 30269 naive_actor.cpp:25] actor 2207613190204 switch to &NaiveActor::HandlerNormal
I1012 17:39:15.495369 30241 runtime_context.cpp:29] DecreaseCounter constructing_actor_cnt, current val is 594
I1012 17:39:15.495369 30269 thread.cpp:96] Thread 1052672 construct Actor kNormalForward 2207613190204
I1012 17:39:15.495482 30269 runtime_context.cpp:29] DecreaseCounter constructing_actor_cnt, current val is 593
I1012 17:39:15.495852 30241 naive_actor.cpp:25] actor 1099614388293 switch to &NaiveActor::HandlerNormal
I1012 17:39:15.495908 30241 thread.cpp:96] Thread 524337 construct Actor kDstSubsetTick 1099614388293
I1012 17:39:15.495987 30241 runtime_context.cpp:29] DecreaseCounter constructing_actor_cnt, current val is 592
I1012 17:39:15.496335 30269 naive_actor.cpp:25] actor 2207613190173 switch to &NaiveActor::HandlerNormal
I1012 17:39:15.496338 30263 naive_actor.cpp:25] actor 2199023255580 switch to &NaiveActor::HandlerNormal
I1012 17:39:15.496389 30269 thread.cpp:96] Thread 1052672 construct Actor kNormalForward 2207613190173
I1012 17:39:15.496446 30263 thread.cpp:96] Thread 1048576 construct Actor kNormalForward 2199023255580
I1012 17:39:15.496508 30269 runtime_context.cpp:29] DecreaseCounter constructing_actor_cnt, current val is 591
I1012 17:39:15.496470 30241 naive_actor.cpp:25] actor 1099614388294 switch to &NaiveActor::HandlerNormal
I1012 17:39:15.496568 30263 runtime_context.cpp:29] DecreaseCounter constructing_actor_cnt, current val is 590
I1012 17:39:15.496590 30241 thread.cpp:96] Thread 524337 construct Actor kTick 1099614388294
I1012 17:39:15.496680 30241 runtime_context.cpp:29] DecreaseCounter constructing_actor_cnt, current val is 589
I1012 17:39:15.496902 30269 naive_actor.cpp:25] actor 2207613190197 switch to &NaiveActor::HandlerNormal
I1012 17:39:15.496949 30269 thread.cpp:96] Thread 1052672 construct Actor kNormalForward 2207613190197
I1012 17:39:15.497020 30269 runtime_context.cpp:29] DecreaseCounter constructing_actor_cnt, current val is 588
I1012 17:39:15.497069 30241 naive_actor.cpp:25] actor 1099614388299 switch to &NaiveActor::HandlerNormal
I1012 17:39:15.497119 30241 thread.cpp:96] Thread 524337 construct Actor kTick 1099614388299
I1012 17:39:15.497171 30241 runtime_context.cpp:29] DecreaseCounter constructing_actor_cnt, current val is 587
I1012 17:39:15.497566 30241 naive_actor.cpp:25] actor 1099614388301 switch to &NaiveActor::HandlerNormal
I1012 17:39:15.497617 30241 thread.cpp:96] Thread 524337 construct Actor kTick 1099614388301
I1012 17:39:15.497687 30241 runtime_context.cpp:29] DecreaseCounter constructing_actor_cnt, current val is 586
I1012 17:39:15.497987 30263 naive_actor.cpp:25] actor 2199023255587 switch to &NaiveActor::HandlerNormal
I1012 17:39:15.498011 30241 naive_actor.cpp:25] actor 1099614388298 switch to &NaiveActor::HandlerNormal
I1012 17:39:15.498106 30241 thread.cpp:96] Thread 524337 construct Actor kTick 1099614388298
I1012 17:39:15.498066 30269 naive_actor.cpp:25] actor 2207613190177 switch to &NaiveActor::HandlerNormal
I1012 17:39:15.498064 30263 thread.cpp:96] Thread 1048576 construct Actor kNormalForward 2199023255587
I1012 17:39:15.498175 30241 runtime_context.cpp:29] DecreaseCounter constructing_actor_cnt, current val is 585
I1012 17:39:15.498180 30269 thread.cpp:96] Thread 1052672 construct Actor kNormalForward 2207613190177
I1012 17:39:15.498278 30263 runtime_context.cpp:29] DecreaseCounter constructing_actor_cnt, current val is 584
I1012 17:39:15.498323 30269 runtime_context.cpp:29] DecreaseCounter constructing_actor_cnt, current val is 583
I1012 17:39:15.498562 30241 naive_actor.cpp:25] actor 1099614388307 switch to &NaiveActor::HandlerNormal
I1012 17:39:15.498613 30241 thread.cpp:96] Thread 524337 construct Actor kTick 1099614388307
I1012 17:39:15.498665 30269 naive_actor.cpp:25] actor 2207613190169 switch to &NaiveActor::HandlerNormal
I1012 17:39:15.498690 30241 runtime_context.cpp:29] DecreaseCounter constructing_actor_cnt, current val is 582
I1012 17:39:15.498713 30269 thread.cpp:96] Thread 1052672 construct Actor kNormalForward 2207613190169
I1012 17:39:15.498808 30269 runtime_context.cpp:29] DecreaseCounter constructing_actor_cnt, current val is 581
I1012 17:39:15.499110 30241 naive_actor.cpp:25] actor 1099614388332 switch to &NaiveActor::HandlerNormal
I1012 17:39:15.499127 30269 naive_actor.cpp:25] actor 2207613190171 switch to &NaiveActor::HandlerNormal
I1012 17:39:15.499166 30241 thread.cpp:96] Thread 524337 construct Actor kTick 1099614388332
I1012 17:39:15.499199 30269 thread.cpp:96] Thread 1052672 construct Actor kNormalForward 2207613190171
I1012 17:39:15.499266 30241 runtime_context.cpp:29] DecreaseCounter constructing_actor_cnt, current val is 580
I1012 17:39:15.499289 30269 runtime_context.cpp:29] DecreaseCounter constructing_actor_cnt, current val is 579
I1012 17:39:15.499590 30263 naive_actor.cpp:25] actor 2199023255585 switch to &NaiveActor::HandlerNormal
I1012 17:39:15.499593 30241 naive_actor.cpp:25] actor 1099614388303 switch to &NaiveActor::HandlerNormal
I1012 17:39:15.499683 30263 thread.cpp:96] Thread 1048576 construct Actor kNormalForward 2199023255585
I1012 17:39:15.499727 30241 thread.cpp:96] Thread 524337 construct Actor kTick 1099614388303
I1012 17:39:15.499847 30263 runtime_context.cpp:29] DecreaseCounter constructing_actor_cnt, current val is 578
I1012 17:39:15.499852 30241 runtime_context.cpp:29] DecreaseCounter constructing_actor_cnt, current val is 577
I1012 17:39:15.500205 30241 naive_actor.cpp:25] actor 1099614388328 switch to &NaiveActor::HandlerNormal
I1012 17:39:15.500226 30263 naive_actor.cpp:25] actor 2199023255572 switch to &NaiveActor::HandlerNormal
I1012 17:39:15.500257 30241 thread.cpp:96] Thread 524337 construct Actor kTick 1099614388328
I1012 17:39:15.500303 30263 thread.cpp:96] Thread 1048576 construct Actor kNormalForward 2199023255572
I1012 17:39:15.500313 30269 naive_actor.cpp:25] actor 2207613190170 switch to &NaiveActor::HandlerNormal
I1012 17:39:15.500411 30269 thread.cpp:96] Thread 1052672 construct Actor kNormalForward 2207613190170
I1012 17:39:15.500420 30263 runtime_context.cpp:29] DecreaseCounter constructing_actor_cnt, current val is 575
I1012 17:39:15.500485 30269 runtime_context.cpp:29] DecreaseCounter constructing_actor_cnt, current val is 574
I1012 17:39:15.500571 30241 runtime_context.cpp:29] DecreaseCounter constructing_actor_cnt, current val is 576
I1012 17:39:15.500968 30241 naive_actor.cpp:25] actor 1099614388300 switch to &NaiveActor::HandlerNormal
I1012 17:39:15.501016 30241 thread.cpp:96] Thread 524337 construct Actor kTick 1099614388300
I1012 17:39:15.501083 30241 runtime_context.cpp:29] DecreaseCounter constructing_actor_cnt, current val is 573
I1012 17:39:15.501386 30269 naive_actor.cpp:25] actor 2207613190196 switch to &NaiveActor::HandlerNormal
I1012 17:39:15.501454 30269 thread.cpp:96] Thread 1052672 construct Actor kNormalForward 2207613190196
I1012 17:39:15.501488 30241 reentrant_lock_actor.cpp:76] actor 1099614388296 switch to &ReentrantLockActor::HandlerNormal
I1012 17:39:15.501552 30241 thread.cpp:96] Thread 524337 construct Actor kReentrantLock 1099614388296
I1012 17:39:15.501600 30269 runtime_context.cpp:29] DecreaseCounter constructing_actor_cnt, current val is 572
I1012 17:39:15.501614 30241 runtime_context.cpp:29] DecreaseCounter constructing_actor_cnt, current val is 571
I1012 17:39:15.501989 30241 naive_actor.cpp:25] actor 1099614388305 switch to &NaiveActor::HandlerNormal
I1012 17:39:15.502034 30241 thread.cpp:96] Thread 524337 construct Actor kTick 1099614388305
I1012 17:39:15.502063 30263 naive_actor.cpp:25] actor 2199023255589 switch to &NaiveActor::HandlerNormal
I1012 17:39:15.502099 30241 runtime_context.cpp:29] DecreaseCounter constructing_actor_cnt, current val is 570
I1012 17:39:15.502116 30263 thread.cpp:96] Thread 1048576 construct Actor kNormalForward 2199023255589
I1012 17:39:15.502264 30263 runtime_context.cpp:29] DecreaseCounter constructing_actor_cnt, current val is 569
I1012 17:39:15.502517 30269 naive_actor.cpp:25] actor 2207613190198 switch to &NaiveActor::HandlerNormal
I1012 17:39:15.502522 30241 naive_actor.cpp:25] actor 1099614388323 switch to &NaiveActor::HandlerNormal
I1012 17:39:15.502573 30269 thread.cpp:96] Thread 1052672 construct Actor kNormalForward 2207613190198
I1012 17:39:15.502609 30241 thread.cpp:96] Thread 524337 construct Actor kTick 1099614388323
I1012 17:39:15.502687 30269 runtime_context.cpp:29] DecreaseCounter constructing_actor_cnt, current val is 568
I1012 17:39:15.502702 30241 runtime_context.cpp:29] DecreaseCounter constructing_actor_cnt, current val is 567
I1012 17:39:15.502729 30263 naive_actor.cpp:25] actor 2199023255586 switch to &NaiveActor::HandlerNormal
I1012 17:39:15.502808 30263 thread.cpp:96] Thread 1048576 construct Actor kNormalForward 2199023255586
I1012 17:39:15.502912 30263 runtime_context.cpp:29] DecreaseCounter constructing_actor_cnt, current val is 566
I1012 17:39:15.503078 30241 naive_actor.cpp:25] actor 1099614388324 switch to &NaiveActor::HandlerNormal
I1012 17:39:15.503135 30241 thread.cpp:96] Thread 524337 construct Actor kTick 1099614388324
I1012 17:39:15.503197 30241 runtime_context.cpp:29] DecreaseCounter constructing_actor_cnt, current val is 565
I1012 17:39:15.503528 30241 naive_actor.cpp:25] actor 1099614388304 switch to &NaiveActor::HandlerNormal
I1012 17:39:15.503572 30241 thread.cpp:96] Thread 524337 construct Actor kTick 1099614388304
I1012 17:39:15.503628 30241 runtime_context.cpp:29] DecreaseCounter constructing_actor_cnt, current val is 564
I1012 17:39:15.503698 30269 naive_actor.cpp:25] actor 2207613190168 switch to &NaiveActor::HandlerNormal
I1012 17:39:15.503749 30269 thread.cpp:96] Thread 1052672 construct Actor kNormalForward 2207613190168
I1012 17:39:15.503821 30269 runtime_context.cpp:29] DecreaseCounter constructing_actor_cnt, current val is 563
I1012 17:39:15.503960 30241 naive_actor.cpp:25] actor 1099614388318 switch to &NaiveActor::HandlerNormal
I1012 17:39:15.504002 30241 thread.cpp:96] Thread 524337 construct Actor kTick 1099614388318
I1012 17:39:15.504056 30241 runtime_context.cpp:29] DecreaseCounter constructing_actor_cnt, current val is 562
I1012 17:39:15.504088 30263 naive_actor.cpp:25] actor 2199023255553 switch to &NaiveActor::HandlerNormal
I1012 17:39:15.504145 30263 thread.cpp:96] Thread 1048576 construct Actor kNormalForward 2199023255553
I1012 17:39:15.504236 30263 runtime_context.cpp:29] DecreaseCounter constructing_actor_cnt, current val is 561
I1012 17:39:15.504256 30269 naive_actor.cpp:25] actor 2207613190157 switch to &NaiveActor::HandlerNormal
I1012 17:39:15.504318 30269 thread.cpp:96] Thread 1052672 construct Actor kNormalForward 2207613190157
I1012 17:39:15.504380 30269 runtime_context.cpp:29] DecreaseCounter constructing_actor_cnt, current val is 560
I1012 17:39:15.504391 30241 naive_actor.cpp:25] actor 1099614388321 switch to &NaiveActor::HandlerNormal
I1012 17:39:15.504458 30241 thread.cpp:96] Thread 524337 construct Actor kTick 1099614388321
I1012 17:39:15.504523 30241 runtime_context.cpp:29] DecreaseCounter constructing_actor_cnt, current val is 559
I1012 17:39:15.504762 30269 naive_actor.cpp:25] actor 2207613190176 switch to &NaiveActor::HandlerNormal
I1012 17:39:15.504812 30269 thread.cpp:96] Thread 1052672 construct Actor kNormalForward 2207613190176
I1012 17:39:15.504842 30241 naive_actor.cpp:25] actor 1099614388319 switch to &NaiveActor::HandlerNormal
I1012 17:39:15.504875 30269 runtime_context.cpp:29] DecreaseCounter constructing_actor_cnt, current val is 558
I1012 17:39:15.504889 30241 thread.cpp:96] Thread 524337 construct Actor kTick 1099614388319
I1012 17:39:15.504974 30241 runtime_context.cpp:29] DecreaseCounter constructing_actor_cnt, current val is 557
I1012 17:39:15.505223 30269 naive_actor.cpp:25] actor 2207613190183 switch to &NaiveActor::HandlerNormal
I1012 17:39:15.505268 30269 thread.cpp:96] Thread 1052672 construct Actor kNormalForward 2207613190183
I1012 17:39:15.505275 30241 naive_actor.cpp:25] actor 1099614388320 switch to &NaiveActor::HandlerNormal
I1012 17:39:15.505334 30269 runtime_context.cpp:29] DecreaseCounter constructing_actor_cnt, current val is 556
I1012 17:39:15.505334 30241 thread.cpp:96] Thread 524337 construct Actor kTick 1099614388320
I1012 17:39:15.505375 30263 naive_actor.cpp:25] actor 2199023255557 switch to &NaiveActor::HandlerNormal
I1012 17:39:15.505437 30241 runtime_context.cpp:29] DecreaseCounter constructing_actor_cnt, current val is 555
I1012 17:39:15.505460 30263 thread.cpp:96] Thread 1048576 construct Actor kNormalForward 2199023255557
I1012 17:39:15.505599 30263 runtime_context.cpp:29] DecreaseCounter constructing_actor_cnt, current val is 554
I1012 17:39:15.505834 30241 naive_actor.cpp:25] actor 1099614388322 switch to &NaiveActor::HandlerNormal
I1012 17:39:15.505884 30241 thread.cpp:96] Thread 524337 construct Actor kTick 1099614388322
I1012 17:39:15.505949 30241 runtime_context.cpp:29] DecreaseCounter constructing_actor_cnt, current val is 553
I1012 17:39:15.506223 30269 naive_actor.cpp:25] actor 2207613190179 switch to &NaiveActor::HandlerNormal
I1012 17:39:15.506278 30269 thread.cpp:96] Thread 1052672 construct Actor kNormalForward 2207613190179
I1012 17:39:15.506345 30269 runtime_context.cpp:29] DecreaseCounter constructing_actor_cnt, current val is 552
I1012 17:39:15.506356 30241 naive_actor.cpp:25] actor 1099614388330 switch to &NaiveActor::HandlerNormal
I1012 17:39:15.506419 30241 thread.cpp:96] Thread 524337 construct Actor kTick 1099614388330
I1012 17:39:15.506490 30241 runtime_context.cpp:29] DecreaseCounter constructing_actor_cnt, current val is 551
I1012 17:39:15.506799 30241 naive_actor.cpp:25] actor 1099614388329 switch to &NaiveActor::HandlerNormal
I1012 17:39:15.506851 30241 thread.cpp:96] Thread 524337 construct Actor kTick 1099614388329
I1012 17:39:15.506906 30241 runtime_context.cpp:29] DecreaseCounter constructing_actor_cnt, current val is 550
I1012 17:39:15.506973 30263 naive_actor.cpp:25] actor 2199023255608 switch to &NaiveActor::HandlerNormal
I1012 17:39:15.507033 30263 thread.cpp:96] Thread 1048576 construct Actor kNormalForward 2199023255608
I1012 17:39:15.507123 30263 runtime_context.cpp:29] DecreaseCounter constructing_actor_cnt, current val is 549
I1012 17:39:15.507138 30269 naive_actor.cpp:25] actor 2207613190187 switch to &NaiveActor::HandlerNormal
I1012 17:39:15.507221 30269 thread.cpp:96] Thread 1052672 construct Actor kNormalForward 2207613190187
I1012 17:39:15.507241 30241 naive_actor.cpp:25] actor 1099614388302 switch to &NaiveActor::HandlerNormal
I1012 17:39:15.507278 30241 thread.cpp:96] Thread 524337 construct Actor kTick 1099614388302
I1012 17:39:15.507292 30269 runtime_context.cpp:29] DecreaseCounter constructing_actor_cnt, current val is 548
I1012 17:39:15.507349 30241 runtime_context.cpp:29] DecreaseCounter constructing_actor_cnt, current val is 547
I1012 17:39:15.507742 30241 naive_actor.cpp:25] actor 1099614388325 switch to &NaiveActor::HandlerNormal
I1012 17:39:15.507792 30241 thread.cpp:96] Thread 524337 construct Actor kTick 1099614388325
I1012 17:39:15.507851 30241 runtime_context.cpp:29] DecreaseCounter constructing_actor_cnt, current val is 546
I1012 17:39:15.508163 30241 naive_actor.cpp:25] actor 1099614388333 switch to &NaiveActor::HandlerNormal
I1012 17:39:15.508210 30241 thread.cpp:96] Thread 524337 construct Actor kTick 1099614388333
I1012 17:39:15.508257 30241 runtime_context.cpp:29] DecreaseCounter constructing_actor_cnt, current val is 545
I1012 17:39:15.508263 30269 naive_actor.cpp:25] actor 2207613190211 switch to &NaiveActor::HandlerNormal
I1012 17:39:15.508324 30269 thread.cpp:96] Thread 1052672 construct Actor kNormalForward 2207613190211
I1012 17:39:15.508401 30269 runtime_context.cpp:29] DecreaseCounter constructing_actor_cnt, current val is 544
I1012 17:39:15.508478 30263 naive_actor.cpp:25] actor 2199023255627 switch to &NaiveActor::HandlerNormal
I1012 17:39:15.508538 30263 thread.cpp:96] Thread 1048576 construct Actor kNormalForward 2199023255627
I1012 17:39:15.508639 30263 runtime_context.cpp:29] DecreaseCounter constructing_actor_cnt, current val is 543
I1012 17:39:15.508697 30241 naive_actor.cpp:25] actor 1099614388317 switch to &NaiveActor::HandlerNormal
I1012 17:39:15.508742 30241 thread.cpp:96] Thread 524337 construct Actor kTick 1099614388317
I1012 17:39:15.508806 30241 runtime_context.cpp:29] DecreaseCounter constructing_actor_cnt, current val is 542
I1012 17:39:15.509187 30241 naive_actor.cpp:25] actor 1099614388327 switch to &NaiveActor::HandlerNormal
I1012 17:39:15.509232 30241 thread.cpp:96] Thread 524337 construct Actor kTick 1099614388327
I1012 17:39:15.509292 30241 runtime_context.cpp:29] DecreaseCounter constructing_actor_cnt, current val is 541
I1012 17:39:15.509354 30269 naive_actor.cpp:25] actor 2207613190186 switch to &NaiveActor::HandlerNormal
I1012 17:39:15.509407 30269 thread.cpp:96] Thread 1052672 construct Actor kNormalForward 2207613190186
I1012 17:39:15.509466 30269 runtime_context.cpp:29] DecreaseCounter constructing_actor_cnt, current val is 540
I1012 17:39:15.509655 30241 naive_actor.cpp:25] actor 1099614388314 switch to &NaiveActor::HandlerNormal
I1012 17:39:15.509760 30241 thread.cpp:96] Thread 524337 construct Actor kTick 1099614388314
I1012 17:39:15.509829 30241 runtime_context.cpp:29] DecreaseCounter constructing_actor_cnt, current val is 539
I1012 17:39:15.510221 30241 naive_actor.cpp:25] actor 1099614388316 switch to &NaiveActor::HandlerNormal
I1012 17:39:15.510267 30263 naive_actor.cpp:25] actor 2199023255568 switch to &NaiveActor::HandlerNormal
I1012 17:39:15.510275 30241 thread.cpp:96] Thread 524337 construct Actor kTick 1099614388316
I1012 17:39:15.510336 30263 thread.cpp:96] Thread 1048576 construct Actor kNormalForward 2199023255568
I1012 17:39:15.510396 30241 runtime_context.cpp:29] DecreaseCounter constructing_actor_cnt, current val is 538
I1012 17:39:15.510421 30269 naive_actor.cpp:25] actor 2207613190210 switch to &NaiveActor::HandlerNormal
I1012 17:39:15.510479 30263 runtime_context.cpp:29] DecreaseCounter constructing_actor_cnt, current val is 537
I1012 17:39:15.510488 30269 thread.cpp:96] Thread 1052672 construct Actor kNormalForward 2207613190210
I1012 17:39:15.510604 30269 runtime_context.cpp:29] DecreaseCounter constructing_actor_cnt, current val is 536
I1012 17:39:15.510792 30241 naive_actor.cpp:25] actor 1099614388306 switch to &NaiveActor::HandlerNormal
I1012 17:39:15.510838 30241 thread.cpp:96] Thread 524337 construct Actor kTick 1099614388306
I1012 17:39:15.510897 30241 runtime_context.cpp:29] DecreaseCounter constructing_actor_cnt, current val is 535
I1012 17:39:15.510937 30263 naive_actor.cpp:25] actor 2199023255600 switch to &NaiveActor::HandlerNormal
I1012 17:39:15.510991 30263 thread.cpp:96] Thread 1048576 construct Actor kNormalForward 2199023255600
I1012 17:39:15.511098 30263 runtime_context.cpp:29] DecreaseCounter constructing_actor_cnt, current val is 534
I1012 17:39:15.511251 30241 naive_actor.cpp:25] actor 1099614388331 switch to &NaiveActor::HandlerNormal
I1012 17:39:15.511301 30241 thread.cpp:96] Thread 524337 construct Actor kTick 1099614388331
I1012 17:39:15.511359 30241 runtime_context.cpp:29] DecreaseCounter constructing_actor_cnt, current val is 533
I1012 17:39:15.511554 30263 naive_actor.cpp:25] actor 2199023255579 switch to &NaiveActor::HandlerNormal
I1012 17:39:15.511584 30269 naive_actor.cpp:25] actor 2207613190182 switch to &NaiveActor::HandlerNormal
I1012 17:39:15.511612 30263 thread.cpp:96] Thread 1048576 construct Actor kNormalForward 2199023255579
I1012 17:39:15.511651 30269 thread.cpp:96] Thread 1052672 construct Actor kNormalForward 2207613190182
I1012 17:39:15.511688 30241 naive_actor.cpp:25] actor 1099614388308 switch to &NaiveActor::HandlerNormal
I1012 17:39:15.511724 30263 runtime_context.cpp:29] DecreaseCounter constructing_actor_cnt, current val is 532
I1012 17:39:15.511745 30241 thread.cpp:96] Thread 524337 construct Actor kTick 1099614388308
I1012 17:39:15.511751 30269 runtime_context.cpp:29] DecreaseCounter constructing_actor_cnt, current val is 531
I1012 17:39:15.511845 30241 runtime_context.cpp:29] DecreaseCounter constructing_actor_cnt, current val is 530
I1012 17:39:15.512153 30241 naive_actor.cpp:25] actor 1099614388315 switch to &NaiveActor::HandlerNormal
I1012 17:39:15.512202 30241 thread.cpp:96] Thread 524337 construct Actor kTick 1099614388315
I1012 17:39:15.512264 30241 runtime_context.cpp:29] DecreaseCounter constructing_actor_cnt, current val is 529
I1012 17:39:15.512580 30241 naive_actor.cpp:25] actor 1099614388312 switch to &NaiveActor::HandlerNormal
I1012 17:39:15.512629 30241 thread.cpp:96] Thread 524337 construct Actor kTick 1099614388312
I1012 17:39:15.512689 30241 runtime_context.cpp:29] DecreaseCounter constructing_actor_cnt, current val is 528
I1012 17:39:15.512789 30269 naive_actor.cpp:25] actor 2207613190175 switch to &NaiveActor::HandlerNormal
I1012 17:39:15.512832 30269 thread.cpp:96] Thread 1052672 construct Actor kNormalForward 2207613190175
I1012 17:39:15.512902 30269 runtime_context.cpp:29] DecreaseCounter constructing_actor_cnt, current val is 527
I1012 17:39:15.513098 30263 naive_actor.cpp:25] actor 2199023255606 switch to &NaiveActor::HandlerNormal
I1012 17:39:15.513214 30263 thread.cpp:96] Thread 1048576 construct Actor kNormalForward 2199023255606
I1012 17:39:15.513240 30269 naive_actor.cpp:25] actor 2207613190178 switch to &NaiveActor::HandlerNormal
I1012 17:39:15.513311 30269 thread.cpp:96] Thread 1052672 construct Actor kNormalForward 2207613190178
I1012 17:39:15.513326 30263 runtime_context.cpp:29] DecreaseCounter constructing_actor_cnt, current val is 526
I1012 17:39:15.513371 30269 runtime_context.cpp:29] DecreaseCounter constructing_actor_cnt, current val is 525
I1012 17:39:15.513675 30269 naive_actor.cpp:25] actor 2207613190190 switch to &NaiveActor::HandlerNormal
I1012 17:39:15.513718 30269 thread.cpp:96] Thread 1052672 construct Actor kNormalForward 2207613190190
I1012 17:39:15.513777 30269 runtime_context.cpp:29] DecreaseCounter constructing_actor_cnt, current val is 524
I1012 17:39:15.514676 30269 naive_actor.cpp:25] actor 2207613190224 switch to &NaiveActor::HandlerNormal
I1012 17:39:15.514724 30269 thread.cpp:96] Thread 1052672 construct Actor kNormalForward 2207613190224
I1012 17:39:15.514798 30269 runtime_context.cpp:29] DecreaseCounter constructing_actor_cnt, current val is 523
I1012 17:39:15.515604 30269 naive_actor.cpp:25] actor 2207613190201 switch to &NaiveActor::HandlerNormal
I1012 17:39:15.515646 30269 thread.cpp:96] Thread 1052672 construct Actor kNormalForward 2207613190201
I1012 17:39:15.515710 30269 runtime_context.cpp:29] DecreaseCounter constructing_actor_cnt, current val is 522
I1012 17:39:15.515882 30263 naive_actor.cpp:25] actor 2199023255603 switch to &NaiveActor::HandlerNormal
I1012 17:39:15.515947 30263 thread.cpp:96] Thread 1048576 construct Actor kNormalForward 2199023255603
I1012 17:39:15.516036 30263 runtime_context.cpp:29] DecreaseCounter constructing_actor_cnt, current val is 521
I1012 17:39:15.516474 30263 naive_actor.cpp:25] actor 2199023255554 switch to &NaiveActor::HandlerNormal
I1012 17:39:15.516527 30263 thread.cpp:96] Thread 1048576 construct Actor kNormalForward 2199023255554
I1012 17:39:15.516604 30263 runtime_context.cpp:29] DecreaseCounter constructing_actor_cnt, current val is 520
I1012 17:39:15.516669 30269 naive_actor.cpp:25] actor 2207613190193 switch to &NaiveActor::HandlerNormal
I1012 17:39:15.516713 30269 thread.cpp:96] Thread 1052672 construct Actor kNormalForward 2207613190193
I1012 17:39:15.516788 30269 runtime_context.cpp:29] DecreaseCounter constructing_actor_cnt, current val is 519
I1012 17:39:15.517619 30269 naive_actor.cpp:25] actor 2207613190194 switch to &NaiveActor::HandlerNormal
I1012 17:39:15.517665 30269 thread.cpp:96] Thread 1052672 construct Actor kNormalForward 2207613190194
I1012 17:39:15.517726 30269 runtime_context.cpp:29] DecreaseCounter constructing_actor_cnt, current val is 518
I1012 17:39:15.517917 30263 naive_actor.cpp:25] actor 2199023255617 switch to &NaiveActor::HandlerNormal
I1012 17:39:15.517972 30263 thread.cpp:96] Thread 1048576 construct Actor kNormalForward 2199023255617
I1012 17:39:15.518059 30263 runtime_context.cpp:29] DecreaseCounter constructing_actor_cnt, current val is 517
I1012 17:39:15.518483 30263 naive_actor.cpp:25] actor 2199023255570 switch to &NaiveActor::HandlerNormal
I1012 17:39:15.518533 30263 thread.cpp:96] Thread 1048576 construct Actor kNormalForward 2199023255570
I1012 17:39:15.518602 30263 runtime_context.cpp:29] DecreaseCounter constructing_actor_cnt, current val is 516
I1012 17:39:15.518854 30269 naive_actor.cpp:25] actor 2207613190220 switch to &NaiveActor::HandlerNormal
I1012 17:39:15.518898 30269 thread.cpp:96] Thread 1052672 construct Actor kNormalForward 2207613190220
I1012 17:39:15.518965 30269 runtime_context.cpp:29] DecreaseCounter constructing_actor_cnt, current val is 515
I1012 17:39:15.519680 30263 naive_actor.cpp:25] actor 2199023255594 switch to &NaiveActor::HandlerNormal
I1012 17:39:15.519766 30263 thread.cpp:96] Thread 1048576 construct Actor kNormalForward 2199023255594
I1012 17:39:15.519848 30263 runtime_context.cpp:29] DecreaseCounter constructing_actor_cnt, current val is 514
I1012 17:39:15.519852 30269 naive_actor.cpp:25] actor 2207613190189 switch to &NaiveActor::HandlerNormal
I1012 17:39:15.519994 30269 thread.cpp:96] Thread 1052672 construct Actor kNormalForward 2207613190189
I1012 17:39:15.520066 30269 runtime_context.cpp:29] DecreaseCounter constructing_actor_cnt, current val is 513
I1012 17:39:15.520354 30263 naive_actor.cpp:25] actor 2199023255591 switch to &NaiveActor::HandlerNormal
I1012 17:39:15.520413 30263 thread.cpp:96] Thread 1048576 construct Actor kNormalForward 2199023255591
I1012 17:39:15.520448 30269 naive_actor.cpp:25] actor 2207613190192 switch to &NaiveActor::HandlerNormal
I1012 17:39:15.520503 30269 thread.cpp:96] Thread 1052672 construct Actor kNormalForward 2207613190192
I1012 17:39:15.520507 30263 runtime_context.cpp:29] DecreaseCounter constructing_actor_cnt, current val is 512
I1012 17:39:15.520565 30269 runtime_context.cpp:29] DecreaseCounter constructing_actor_cnt, current val is 511
I1012 17:39:15.521513 30263 naive_actor.cpp:25] actor 2199023255618 switch to &NaiveActor::HandlerNormal
I1012 17:39:15.521580 30263 thread.cpp:96] Thread 1048576 construct Actor kNormalForward 2199023255618
I1012 17:39:15.521665 30263 runtime_context.cpp:29] DecreaseCounter constructing_actor_cnt, current val is 510
I1012 17:39:15.521845 30269 naive_actor.cpp:25] actor 2207613190181 switch to &NaiveActor::HandlerNormal
I1012 17:39:15.521891 30269 thread.cpp:96] Thread 1052672 construct Actor kNormalForward 2207613190181
I1012 17:39:15.521965 30269 runtime_context.cpp:29] DecreaseCounter constructing_actor_cnt, current val is 509
