I1013 17:46:51.000133 41976 naive_actor.cpp:25] actor 2199023255569 switch to &NaiveActor::HandlerNormal
I1013 17:46:51.000191 41976 thread.cpp:96] Thread 1048576 construct Actor kNormalForward 2199023255569
I1013 17:46:51.000263 41976 runtime_context.cpp:29] DecreaseCounter constructing_actor_cnt, current val is 652
I1013 17:46:51.000289 41989 naive_actor.cpp:25] actor 2207613190152 switch to &NaiveActor::HandlerNormal
I1013 17:46:51.000350 41989 thread.cpp:96] Thread 1052672 construct Actor kNormalForward 2207613190152
I1013 17:46:51.000458 41989 runtime_context.cpp:29] DecreaseCounter constructing_actor_cnt, current val is 651
I1013 17:46:51.000468 41972 naive_actor.cpp:25] actor 1099614388263 switch to &NaiveActor::HandlerNormal
I1013 17:46:51.000538 41972 thread.cpp:96] Thread 524337 construct Actor kTick 1099614388263
I1013 17:46:51.000602 41972 runtime_context.cpp:29] DecreaseCounter constructing_actor_cnt, current val is 650
I1013 17:46:51.000844 41972 naive_actor.cpp:25] actor 1099614388256 switch to &NaiveActor::HandlerNormal
I1013 17:46:51.000883 41972 thread.cpp:96] Thread 524337 construct Actor kDeviceTick 1099614388256
I1013 17:46:51.000928 41972 runtime_context.cpp:29] DecreaseCounter constructing_actor_cnt, current val is 649
I1013 17:46:51.001152 41972 naive_actor.cpp:25] actor 1099614388266 switch to &NaiveActor::HandlerNormal
I1013 17:46:51.001194 41972 thread.cpp:96] Thread 524337 construct Actor kSrcSubsetTick 1099614388266
I1013 17:46:51.001247 41972 runtime_context.cpp:29] DecreaseCounter constructing_actor_cnt, current val is 648
I1013 17:46:51.001343 41976 naive_actor.cpp:25] actor 2199023255555 switch to &NaiveActor::HandlerNormal
I1013 17:46:51.001390 41976 thread.cpp:96] Thread 1048576 construct Actor kNormalForward 2199023255555
I1013 17:46:51.001477 41976 runtime_context.cpp:29] DecreaseCounter constructing_actor_cnt, current val is 647
I1013 17:46:51.001519 41972 naive_actor.cpp:25] actor 1099614388264 switch to &NaiveActor::HandlerNormal
I1013 17:46:51.001549 41972 thread.cpp:96] Thread 524337 construct Actor kTick 1099614388264
I1013 17:46:51.001605 41972 runtime_context.cpp:29] DecreaseCounter constructing_actor_cnt, current val is 646
I1013 17:46:51.001614 41989 naive_actor.cpp:25] actor 2207613190159 switch to &NaiveActor::HandlerNormal
I1013 17:46:51.001672 41989 thread.cpp:96] Thread 1052672 construct Actor kNormalForward 2207613190159
I1013 17:46:51.001785 41989 runtime_context.cpp:29] DecreaseCounter constructing_actor_cnt, current val is 645
I1013 17:46:51.001812 41976 naive_actor.cpp:25] actor 2199023255565 switch to &NaiveActor::HandlerNormal
I1013 17:46:51.001864 41976 thread.cpp:96] Thread 1048576 construct Actor kNormalForward 2199023255565
I1013 17:46:51.001874 41972 naive_actor.cpp:25] actor 1099614388265 switch to &NaiveActor::HandlerNormal
I1013 17:46:51.001927 41972 thread.cpp:96] Thread 524337 construct Actor kDeviceTick 1099614388265
I1013 17:46:51.001935 41976 runtime_context.cpp:29] DecreaseCounter constructing_actor_cnt, current val is 644
I1013 17:46:51.001976 41972 runtime_context.cpp:29] DecreaseCounter constructing_actor_cnt, current val is 643
I1013 17:46:51.002193 41972 naive_actor.cpp:25] actor 1099614388269 switch to &NaiveActor::HandlerNormal
I1013 17:46:51.002254 41972 thread.cpp:96] Thread 524337 construct Actor kTick 1099614388269
I1013 17:46:51.002321 41972 runtime_context.cpp:29] DecreaseCounter constructing_actor_cnt, current val is 642
I1013 17:46:51.002368 41976 naive_actor.cpp:25] actor 2199023255570 switch to &NaiveActor::HandlerNormal
I1013 17:46:51.002414 41976 thread.cpp:96] Thread 1048576 construct Actor kNormalForward 2199023255570
I1013 17:46:51.002490 41976 runtime_context.cpp:29] DecreaseCounter constructing_actor_cnt, current val is 641
I1013 17:46:51.002604 41972 naive_actor.cpp:25] actor 1099614388272 switch to &NaiveActor::HandlerNormal
I1013 17:46:51.002640 41972 thread.cpp:96] Thread 524337 construct Actor kTick 1099614388272
I1013 17:46:51.002681 41972 runtime_context.cpp:29] DecreaseCounter constructing_actor_cnt, current val is 640
I1013 17:46:51.002921 41972 naive_actor.cpp:25] actor 1099614388271 switch to &NaiveActor::HandlerNormal
I1013 17:46:51.002959 41972 thread.cpp:96] Thread 524337 construct Actor kTick 1099614388271
I1013 17:46:51.003003 41972 runtime_context.cpp:29] DecreaseCounter constructing_actor_cnt, current val is 639
I1013 17:46:51.003201 41989 naive_actor.cpp:25] actor 2207613190150 switch to &NaiveActor::HandlerNormal
I1013 17:46:51.003258 41989 thread.cpp:96] Thread 1052672 construct Actor kNormalForward 2207613190150
I1013 17:46:51.003305 41972 naive_actor.cpp:25] actor 1099614388270 switch to &NaiveActor::HandlerNormal
I1013 17:46:51.003338 41972 thread.cpp:96] Thread 524337 construct Actor kDstSubsetTick 1099614388270
I1013 17:46:51.003345 41989 runtime_context.cpp:29] DecreaseCounter constructing_actor_cnt, current val is 638
I1013 17:46:51.003392 41972 runtime_context.cpp:29] DecreaseCounter constructing_actor_cnt, current val is 637
I1013 17:46:51.003548 41976 naive_actor.cpp:25] actor 2199023255564 switch to &NaiveActor::HandlerNormal
I1013 17:46:51.003607 41976 thread.cpp:96] Thread 1048576 construct Actor kNormalForward 2199023255564
I1013 17:46:51.003675 41976 runtime_context.cpp:29] DecreaseCounter constructing_actor_cnt, current val is 636
I1013 17:46:51.003685 41972 naive_actor.cpp:25] actor 1099614388301 switch to &NaiveActor::HandlerNormal
I1013 17:46:51.003743 41972 thread.cpp:96] Thread 524337 construct Actor kTick 1099614388301
I1013 17:46:51.003780 41972 runtime_context.cpp:29] DecreaseCounter constructing_actor_cnt, current val is 635
I1013 17:46:51.003849 41989 naive_actor.cpp:25] actor 2207613190183 switch to &NaiveActor::HandlerNormal
I1013 17:46:51.003904 41989 thread.cpp:96] Thread 1052672 construct Actor kNormalForward 2207613190183
I1013 17:46:51.003998 41989 runtime_context.cpp:29] DecreaseCounter constructing_actor_cnt, current val is 634
I1013 17:46:51.004027 41976 naive_actor.cpp:25] actor 2199023255572 switch to &NaiveActor::HandlerNormal
I1013 17:46:51.004055 41972 naive_actor.cpp:25] actor 1099614388275 switch to &NaiveActor::HandlerNormal
I1013 17:46:51.004091 41976 thread.cpp:96] Thread 1048576 construct Actor kNormalForward 2199023255572
I1013 17:46:51.004113 41972 thread.cpp:96] Thread 524337 construct Actor kSrcSubsetTick 1099614388275
I1013 17:46:51.004196 41976 runtime_context.cpp:29] DecreaseCounter constructing_actor_cnt, current val is 633
I1013 17:46:51.004199 41972 runtime_context.cpp:29] DecreaseCounter constructing_actor_cnt, current val is 632
I1013 17:46:51.004472 41972 naive_actor.cpp:25] actor 1099614388286 switch to &NaiveActor::HandlerNormal
I1013 17:46:51.004478 41943 naive_actor.cpp:25] actor 1099511627776 switch to &NaiveActor::HandlerNormal
I1013 17:46:51.004510 41972 thread.cpp:96] Thread 524337 construct Actor kTick 1099614388286
I1013 17:46:51.004551 41943 thread.cpp:96] Thread 524288 construct Actor kNormalForward 1099511627776
I1013 17:46:51.004593 41972 runtime_context.cpp:29] DecreaseCounter constructing_actor_cnt, current val is 631
I1013 17:46:51.004657 41943 runtime_context.cpp:29] DecreaseCounter constructing_actor_cnt, current val is 630
I1013 17:46:51.004884 41944 naive_actor.cpp:25] actor 1099513724928 switch to &NaiveActor::HandlerNormal
I1013 17:46:51.004966 41944 thread.cpp:96] Thread 524289 construct Actor kNormalForward 1099513724928
I1013 17:46:51.005043 41944 runtime_context.cpp:29] DecreaseCounter constructing_actor_cnt, current val is 629
I1013 17:46:51.005076 41972 naive_actor.cpp:25] actor 1099614388273 switch to &NaiveActor::HandlerNormal
I1013 17:46:51.005098 41976 naive_actor.cpp:25] actor 2199023255556 switch to &NaiveActor::HandlerNormal
I1013 17:46:51.005137 41972 thread.cpp:96] Thread 524337 construct Actor kDeviceTick 1099614388273
I1013 17:46:51.005169 41976 thread.cpp:96] Thread 1048576 construct Actor kNormalForward 2199023255556
I1013 17:46:51.005247 41972 runtime_context.cpp:29] DecreaseCounter constructing_actor_cnt, current val is 628
I1013 17:46:51.005249 41989 naive_actor.cpp:25] actor 2207613190154 switch to &NaiveActor::HandlerNormal
I1013 17:46:51.005264 41976 runtime_context.cpp:29] DecreaseCounter constructing_actor_cnt, current val is 627
I1013 17:46:51.005336 41989 thread.cpp:96] Thread 1052672 construct Actor kNormalForward 2207613190154
I1013 17:46:51.005458 41989 runtime_context.cpp:29] DecreaseCounter constructing_actor_cnt, current val is 626
I1013 17:46:51.005662 41972 naive_actor.cpp:25] actor 1099614388283 switch to &NaiveActor::HandlerNormal
I1013 17:46:51.005714 41972 thread.cpp:96] Thread 524337 construct Actor kTick 1099614388283
I1013 17:46:51.005796 41972 runtime_context.cpp:29] DecreaseCounter constructing_actor_cnt, current val is 625
I1013 17:46:51.006140 41972 naive_actor.cpp:25] actor 1099614388329 switch to &NaiveActor::HandlerNormal
I1013 17:46:51.006192 41972 thread.cpp:96] Thread 524337 construct Actor kTick 1099614388329
I1013 17:46:51.006263 41972 runtime_context.cpp:29] DecreaseCounter constructing_actor_cnt, current val is 624
I1013 17:46:51.006268 41976 naive_actor.cpp:25] actor 2199023255557 switch to &NaiveActor::HandlerNormal
I1013 17:46:51.006364 41976 thread.cpp:96] Thread 1048576 construct Actor kNormalForward 2199023255557
I1013 17:46:51.006448 41989 naive_actor.cpp:25] actor 2207613190148 switch to &NaiveActor::HandlerNormal
I1013 17:46:51.006506 41989 thread.cpp:96] Thread 1052672 construct Actor kNormalForward 2207613190148
I1013 17:46:51.006451 41976 runtime_context.cpp:29] DecreaseCounter constructing_actor_cnt, current val is 623
I1013 17:46:51.006613 41989 runtime_context.cpp:29] DecreaseCounter constructing_actor_cnt, current val is 622
I1013 17:46:51.006669 41972 naive_actor.cpp:25] actor 1099614388314 switch to &NaiveActor::HandlerNormal
I1013 17:46:51.006721 41972 thread.cpp:96] Thread 524337 construct Actor kTick 1099614388314
I1013 17:46:51.006799 41972 runtime_context.cpp:29] DecreaseCounter constructing_actor_cnt, current val is 621
I1013 17:46:51.007125 41972 naive_actor.cpp:25] actor 1099614388280 switch to &NaiveActor::HandlerNormal
I1013 17:46:51.007186 41972 thread.cpp:96] Thread 524337 construct Actor kTick 1099614388280
I1013 17:46:51.007258 41972 runtime_context.cpp:29] DecreaseCounter constructing_actor_cnt, current val is 620
I1013 17:46:51.007295 41976 naive_actor.cpp:25] actor 2199023255581 switch to &NaiveActor::HandlerNormal
I1013 17:46:51.007344 41976 thread.cpp:96] Thread 1048576 construct Actor kNormalForward 2199023255581
I1013 17:46:51.007412 41976 runtime_context.cpp:29] DecreaseCounter constructing_actor_cnt, current val is 619
I1013 17:46:51.007612 41972 naive_actor.cpp:25] actor 1099614388274 switch to &NaiveActor::HandlerNormal
I1013 17:46:51.007658 41972 thread.cpp:96] Thread 524337 construct Actor kDeviceTick 1099614388274
I1013 17:46:51.007710 41976 naive_actor.cpp:25] actor 2199023255605 switch to &NaiveActor::HandlerNormal
I1013 17:46:51.007721 41972 runtime_context.cpp:29] DecreaseCounter constructing_actor_cnt, current val is 618
I1013 17:46:51.007723 41989 naive_actor.cpp:25] actor 2207613190158 switch to &NaiveActor::HandlerNormal
I1013 17:46:51.007757 41976 thread.cpp:96] Thread 1048576 construct Actor kNormalForward 2199023255605
I1013 17:46:51.007831 41989 thread.cpp:96] Thread 1052672 construct Actor kNormalForward 2207613190158
I1013 17:46:51.007891 41976 runtime_context.cpp:29] DecreaseCounter constructing_actor_cnt, current val is 617
I1013 17:46:51.007951 41989 runtime_context.cpp:29] DecreaseCounter constructing_actor_cnt, current val is 616
I1013 17:46:51.008114 41972 naive_actor.cpp:25] actor 1099614388290 switch to &NaiveActor::HandlerNormal
I1013 17:46:51.008175 41972 thread.cpp:96] Thread 524337 construct Actor kTick 1099614388290
I1013 17:46:51.008244 41972 runtime_context.cpp:29] DecreaseCounter constructing_actor_cnt, current val is 615
I1013 17:46:51.008643 41972 naive_actor.cpp:25] actor 1099614388279 switch to &NaiveActor::HandlerNormal
I1013 17:46:51.008693 41972 thread.cpp:96] Thread 524337 construct Actor kDstSubsetTick 1099614388279
I1013 17:46:51.008764 41972 runtime_context.cpp:29] DecreaseCounter constructing_actor_cnt, current val is 614
I1013 17:46:51.009081 41989 naive_actor.cpp:25] actor 2207613190149 switch to &NaiveActor::HandlerNormal
I1013 17:46:51.009137 41989 thread.cpp:96] Thread 1052672 construct Actor kNormalForward 2207613190149
I1013 17:46:51.009153 41972 naive_actor.cpp:25] actor 1099614388291 switch to &NaiveActor::HandlerNormal
I1013 17:46:51.009205 41972 thread.cpp:96] Thread 524337 construct Actor kDstSubsetTick 1099614388291
I1013 17:46:51.009227 41989 runtime_context.cpp:29] DecreaseCounter constructing_actor_cnt, current val is 613
I1013 17:46:51.009271 41972 runtime_context.cpp:29] DecreaseCounter constructing_actor_cnt, current val is 612
I1013 17:46:51.009279 41976 naive_actor.cpp:25] actor 2199023255552 switch to &NaiveActor::HandlerNormal
I1013 17:46:51.009347 41976 thread.cpp:96] Thread 1048576 construct Actor kNormalForward 2199023255552
I1013 17:46:51.009455 41976 runtime_context.cpp:29] DecreaseCounter constructing_actor_cnt, current val is 611
I1013 17:46:51.009599 41972 naive_actor.cpp:25] actor 1099614388282 switch to &NaiveActor::HandlerNormal
I1013 17:46:51.009645 41972 thread.cpp:96] Thread 524337 construct Actor kTick 1099614388282
I1013 17:46:51.009727 41972 runtime_context.cpp:29] DecreaseCounter constructing_actor_cnt, current val is 610
I1013 17:46:51.010026 41972 naive_actor.cpp:25] actor 1099614388288 switch to &NaiveActor::HandlerNormal
I1013 17:46:51.010068 41972 thread.cpp:96] Thread 524337 construct Actor kSrcSubsetTick 1099614388288
I1013 17:46:51.010128 41972 runtime_context.cpp:29] DecreaseCounter constructing_actor_cnt, current val is 609
I1013 17:46:51.010202 41989 naive_actor.cpp:25] actor 2207613190173 switch to &NaiveActor::HandlerNormal
I1013 17:46:51.010252 41989 thread.cpp:96] Thread 1052672 construct Actor kNormalForward 2207613190173
I1013 17:46:51.010330 41989 runtime_context.cpp:29] DecreaseCounter constructing_actor_cnt, current val is 608
I1013 17:46:51.010502 41972 naive_actor.cpp:25] actor 1099614388292 switch to &NaiveActor::HandlerNormal
I1013 17:46:51.010509 41976 naive_actor.cpp:25] actor 2199023255571 switch to &NaiveActor::HandlerNormal
I1013 17:46:51.010545 41972 thread.cpp:96] Thread 524337 construct Actor kTick 1099614388292
I1013 17:46:51.010589 41976 thread.cpp:96] Thread 1048576 construct Actor kNormalForward 2199023255571
I1013 17:46:51.010645 41972 runtime_context.cpp:29] DecreaseCounter constructing_actor_cnt, current val is 607
I1013 17:46:51.010679 41976 runtime_context.cpp:29] DecreaseCounter constructing_actor_cnt, current val is 606
I1013 17:46:51.010773 41989 naive_actor.cpp:25] actor 2207613190146 switch to &NaiveActor::HandlerNormal
I1013 17:46:51.010821 41989 thread.cpp:96] Thread 1052672 construct Actor kNormalForward 2207613190146
I1013 17:46:51.010905 41989 runtime_context.cpp:29] DecreaseCounter constructing_actor_cnt, current val is 605
I1013 17:46:51.011026 41976 naive_actor.cpp:25] actor 2199023255559 switch to &NaiveActor::HandlerNormal
I1013 17:46:51.011030 41972 naive_actor.cpp:25] actor 1099614388278 switch to &NaiveActor::HandlerNormal
I1013 17:46:51.011076 41976 thread.cpp:96] Thread 1048576 construct Actor kNormalForward 2199023255559
I1013 17:46:51.011143 41972 thread.cpp:96] Thread 524337 construct Actor kTick 1099614388278
I1013 17:46:51.011204 41976 runtime_context.cpp:29] DecreaseCounter constructing_actor_cnt, current val is 604
I1013 17:46:51.011337 41972 runtime_context.cpp:29] DecreaseCounter constructing_actor_cnt, current val is 603
I1013 17:46:51.011309 41989 naive_actor.cpp:25] actor 2207613190169 switch to &NaiveActor::HandlerNormal
I1013 17:46:51.011421 41989 thread.cpp:96] Thread 1052672 construct Actor kNormalForward 2207613190169
I1013 17:46:51.011507 41989 runtime_context.cpp:29] DecreaseCounter constructing_actor_cnt, current val is 602
I1013 17:46:51.011705 41972 naive_actor.cpp:25] actor 1099614388293 switch to &NaiveActor::HandlerNormal
I1013 17:46:51.011756 41972 thread.cpp:96] Thread 524337 construct Actor kTick 1099614388293
I1013 17:46:51.011834 41972 runtime_context.cpp:29] DecreaseCounter constructing_actor_cnt, current val is 601
I1013 17:46:51.012135 41972 naive_actor.cpp:25] actor 1099614388281 switch to &NaiveActor::HandlerNormal
I1013 17:46:51.012181 41972 thread.cpp:96] Thread 524337 construct Actor kTick 1099614388281
I1013 17:46:51.012212 41976 naive_actor.cpp:25] actor 2199023255595 switch to &NaiveActor::HandlerNormal
I1013 17:46:51.012248 41972 runtime_context.cpp:29] DecreaseCounter constructing_actor_cnt, current val is 600
I1013 17:46:51.012249 41976 thread.cpp:96] Thread 1048576 construct Actor kNormalForward 2199023255595
I1013 17:46:51.012351 41976 runtime_context.cpp:29] DecreaseCounter constructing_actor_cnt, current val is 599
I1013 17:46:51.012632 41989 naive_actor.cpp:25] actor 2207613190186 switch to &NaiveActor::HandlerNormal
I1013 17:46:51.012635 41976 naive_actor.cpp:25] actor 2199023255584 switch to &NaiveActor::HandlerNormal
I1013 17:46:51.012670 41972 reentrant_lock_actor.cpp:76] actor 1099614388294 switch to &ReentrantLockActor::HandlerNormal
I1013 17:46:51.012688 41989 thread.cpp:96] Thread 1052672 construct Actor kNormalForward 2207613190186
I1013 17:46:51.012720 41976 thread.cpp:96] Thread 1048576 construct Actor kNormalForward 2199023255584
I1013 17:46:51.012756 41972 thread.cpp:96] Thread 524337 construct Actor kReentrantLock 1099614388294
I1013 17:46:51.012856 41989 runtime_context.cpp:29] DecreaseCounter constructing_actor_cnt, current val is 598
I1013 17:46:51.012866 41976 runtime_context.cpp:29] DecreaseCounter constructing_actor_cnt, current val is 597
I1013 17:46:51.012883 41972 runtime_context.cpp:29] DecreaseCounter constructing_actor_cnt, current val is 596
I1013 17:46:51.013244 41972 naive_actor.cpp:25] actor 1099614388304 switch to &NaiveActor::HandlerNormal
I1013 17:46:51.013296 41972 thread.cpp:96] Thread 524337 construct Actor kTick 1099614388304
I1013 17:46:51.013362 41972 runtime_context.cpp:29] DecreaseCounter constructing_actor_cnt, current val is 595
I1013 17:46:51.013733 41972 naive_actor.cpp:25] actor 1099614388319 switch to &NaiveActor::HandlerNormal
I1013 17:46:51.013777 41972 thread.cpp:96] Thread 524337 construct Actor kTick 1099614388319
I1013 17:46:51.013847 41972 runtime_context.cpp:29] DecreaseCounter constructing_actor_cnt, current val is 594
I1013 17:46:51.013947 41989 naive_actor.cpp:25] actor 2207613190175 switch to &NaiveActor::HandlerNormal
I1013 17:46:51.013998 41989 thread.cpp:96] Thread 1052672 construct Actor kNormalForward 2207613190175
I1013 17:46:51.014053 41976 naive_actor.cpp:25] actor 2199023255582 switch to &NaiveActor::HandlerNormal
I1013 17:46:51.014089 41989 runtime_context.cpp:29] DecreaseCounter constructing_actor_cnt, current val is 593
I1013 17:46:51.014099 41976 thread.cpp:96] Thread 1048576 construct Actor kNormalForward 2199023255582
I1013 17:46:51.014176 41972 naive_actor.cpp:25] actor 1099614388315 switch to &NaiveActor::HandlerNormal
I1013 17:46:51.014194 41976 runtime_context.cpp:29] DecreaseCounter constructing_actor_cnt, current val is 592
I1013 17:46:51.014223 41972 thread.cpp:96] Thread 524337 construct Actor kTick 1099614388315
I1013 17:46:51.014317 41972 runtime_context.cpp:29] DecreaseCounter constructing_actor_cnt, current val is 591
I1013 17:46:51.014499 41989 naive_actor.cpp:25] actor 2207613190155 switch to &NaiveActor::HandlerNormal
I1013 17:46:51.014616 41989 thread.cpp:96] Thread 1052672 construct Actor kNormalForward 2207613190155
I1013 17:46:51.014634 41972 naive_actor.cpp:25] actor 1099614388317 switch to &NaiveActor::HandlerNormal
I1013 17:46:51.014700 41972 thread.cpp:96] Thread 524337 construct Actor kTick 1099614388317
I1013 17:46:51.014709 41989 runtime_context.cpp:29] DecreaseCounter constructing_actor_cnt, current val is 590
I1013 17:46:51.014765 41972 runtime_context.cpp:29] DecreaseCounter constructing_actor_cnt, current val is 589
I1013 17:46:51.015089 41972 naive_actor.cpp:25] actor 1099614388313 switch to &NaiveActor::HandlerNormal
I1013 17:46:51.015137 41972 thread.cpp:96] Thread 524337 construct Actor kTick 1099614388313
I1013 17:46:51.015153 41989 naive_actor.cpp:25] actor 2207613190157 switch to &NaiveActor::HandlerNormal
I1013 17:46:51.015201 41972 runtime_context.cpp:29] DecreaseCounter constructing_actor_cnt, current val is 588
I1013 17:46:51.015208 41989 thread.cpp:96] Thread 1052672 construct Actor kNormalForward 2207613190157
I1013 17:46:51.015278 41976 naive_actor.cpp:25] actor 2199023255575 switch to &NaiveActor::HandlerNormal
I1013 17:46:51.015313 41989 runtime_context.cpp:29] DecreaseCounter constructing_actor_cnt, current val is 587
I1013 17:46:51.015323 41976 thread.cpp:96] Thread 1048576 construct Actor kNormalForward 2199023255575
I1013 17:46:51.015426 41976 runtime_context.cpp:29] DecreaseCounter constructing_actor_cnt, current val is 586
I1013 17:46:51.015540 41972 naive_actor.cpp:25] actor 1099614388318 switch to &NaiveActor::HandlerNormal
I1013 17:46:51.015599 41972 thread.cpp:96] Thread 524337 construct Actor kTick 1099614388318
I1013 17:46:51.015671 41972 runtime_context.cpp:29] DecreaseCounter constructing_actor_cnt, current val is 585
I1013 17:46:51.016283 41976 naive_actor.cpp:25] actor 2199023255587 switch to &NaiveActor::HandlerNormal
I1013 17:46:51.016330 41976 thread.cpp:96] Thread 1048576 construct Actor kNormalForward 2199023255587
I1013 17:46:51.016378 41972 case_actor.cpp:76] actor 1099614388295 switch to &CaseActor::HandlerNormal
I1013 17:46:51.016400 41976 runtime_context.cpp:29] DecreaseCounter constructing_actor_cnt, current val is 584
I1013 17:46:51.016427 41972 thread.cpp:96] Thread 524337 construct Actor kCase 1099614388295
I1013 17:46:51.016485 41989 naive_actor.cpp:25] actor 2207613190274 switch to &NaiveActor::HandlerNormal
I1013 17:46:51.016537 41989 thread.cpp:96] Thread 1052672 construct Actor kNormalForward 2207613190274
I1013 17:46:51.016541 41972 runtime_context.cpp:29] DecreaseCounter constructing_actor_cnt, current val is 583
I1013 17:46:51.016666 41989 runtime_context.cpp:29] DecreaseCounter constructing_actor_cnt, current val is 582
I1013 17:46:51.016966 41972 naive_actor.cpp:25] actor 1099614388298 switch to &NaiveActor::HandlerNormal
I1013 17:46:51.017015 41972 thread.cpp:96] Thread 524337 construct Actor kTick 1099614388298
I1013 17:46:51.017148 41972 runtime_context.cpp:29] DecreaseCounter constructing_actor_cnt, current val is 581
I1013 17:46:51.017421 41976 naive_actor.cpp:25] actor 2199023255611 switch to &NaiveActor::HandlerNormal
I1013 17:46:51.017464 41976 thread.cpp:96] Thread 1048576 construct Actor kNormalForward 2199023255611
I1013 17:46:51.017479 41972 naive_actor.cpp:25] actor 1099614388321 switch to &NaiveActor::HandlerNormal
I1013 17:46:51.017531 41976 runtime_context.cpp:29] DecreaseCounter constructing_actor_cnt, current val is 580
I1013 17:46:51.017535 41972 thread.cpp:96] Thread 524337 construct Actor kTick 1099614388321
I1013 17:46:51.017638 41972 runtime_context.cpp:29] DecreaseCounter constructing_actor_cnt, current val is 579
I1013 17:46:51.017942 41972 naive_actor.cpp:25] actor 1099614388297 switch to &NaiveActor::HandlerNormal
I1013 17:46:51.017985 41972 thread.cpp:96] Thread 524337 construct Actor kTick 1099614388297
I1013 17:46:51.018046 41972 runtime_context.cpp:29] DecreaseCounter constructing_actor_cnt, current val is 578
I1013 17:46:51.018343 41972 naive_actor.cpp:25] actor 1099614388322 switch to &NaiveActor::HandlerNormal
I1013 17:46:51.018420 41972 thread.cpp:96] Thread 524337 construct Actor kTick 1099614388322
I1013 17:46:51.018491 41976 naive_actor.cpp:25] actor 2199023255592 switch to &NaiveActor::HandlerNormal
I1013 17:46:51.018522 41972 runtime_context.cpp:29] DecreaseCounter constructing_actor_cnt, current val is 577
I1013 17:46:51.018533 41976 thread.cpp:96] Thread 1048576 construct Actor kNormalForward 2199023255592
I1013 17:46:51.018532 41989 naive_actor.cpp:25] actor 2207613190167 switch to &NaiveActor::HandlerNormal
I1013 17:46:51.018633 41976 runtime_context.cpp:29] DecreaseCounter constructing_actor_cnt, current val is 576
I1013 17:46:51.018642 41989 thread.cpp:96] Thread 1052672 construct Actor kNormalForward 2207613190167
I1013 17:46:51.018754 41989 runtime_context.cpp:29] DecreaseCounter constructing_actor_cnt, current val is 575
I1013 17:46:51.018914 41972 naive_actor.cpp:25] actor 1099614388328 switch to &NaiveActor::HandlerNormal
I1013 17:46:51.018961 41972 thread.cpp:96] Thread 524337 construct Actor kTick 1099614388328
I1013 17:46:51.019027 41972 runtime_context.cpp:29] DecreaseCounter constructing_actor_cnt, current val is 574
I1013 17:46:51.019354 41972 naive_actor.cpp:25] actor 1099614388323 switch to &NaiveActor::HandlerNormal
I1013 17:46:51.019402 41972 thread.cpp:96] Thread 524337 construct Actor kTick 1099614388323
I1013 17:46:51.019474 41972 runtime_context.cpp:29] DecreaseCounter constructing_actor_cnt, current val is 573
I1013 17:46:51.019551 41976 naive_actor.cpp:25] actor 2199023255578 switch to &NaiveActor::HandlerNormal
I1013 17:46:51.019605 41976 thread.cpp:96] Thread 1048576 construct Actor kNormalForward 2199023255578
I1013 17:46:51.019681 41976 runtime_context.cpp:29] DecreaseCounter constructing_actor_cnt, current val is 572
I1013 17:46:51.019820 41972 naive_actor.cpp:25] actor 1099614388326 switch to &NaiveActor::HandlerNormal
I1013 17:46:51.019832 41989 naive_actor.cpp:25] actor 2207613190161 switch to &NaiveActor::HandlerNormal
I1013 17:46:51.019879 41972 thread.cpp:96] Thread 524337 construct Actor kTick 1099614388326
I1013 17:46:51.019920 41989 thread.cpp:96] Thread 1052672 construct Actor kNormalForward 2207613190161
I1013 17:46:51.019984 41972 runtime_context.cpp:29] DecreaseCounter constructing_actor_cnt, current val is 571
I1013 17:46:51.020025 41989 runtime_context.cpp:29] DecreaseCounter constructing_actor_cnt, current val is 570
I1013 17:46:51.020346 41972 naive_actor.cpp:25] actor 1099614388309 switch to &NaiveActor::HandlerNormal
I1013 17:46:51.020398 41972 thread.cpp:96] Thread 524337 construct Actor kTick 1099614388309
I1013 17:46:51.020468 41972 runtime_context.cpp:29] DecreaseCounter constructing_actor_cnt, current val is 569
I1013 17:46:51.020483 41976 naive_actor.cpp:25] actor 2199023255609 switch to &NaiveActor::HandlerNormal
I1013 17:46:51.020546 41976 thread.cpp:96] Thread 1048576 construct Actor kNormalForward 2199023255609
I1013 17:46:51.020648 41976 runtime_context.cpp:29] DecreaseCounter constructing_actor_cnt, current val is 568
I1013 17:46:51.020803 41972 naive_actor.cpp:25] actor 1099614388296 switch to &NaiveActor::HandlerNormal
I1013 17:46:51.020853 41972 thread.cpp:96] Thread 524337 construct Actor kTick 1099614388296
I1013 17:46:51.020920 41972 runtime_context.cpp:29] DecreaseCounter constructing_actor_cnt, current val is 567
I1013 17:46:51.020923 41976 naive_actor.cpp:25] actor 2199023255586 switch to &NaiveActor::HandlerNormal
I1013 17:46:51.020990 41976 thread.cpp:96] Thread 1048576 construct Actor kNormalForward 2199023255586
I1013 17:46:51.021054 41976 runtime_context.cpp:29] DecreaseCounter constructing_actor_cnt, current val is 566
I1013 17:46:51.021107 41989 naive_actor.cpp:25] actor 2207613190165 switch to &NaiveActor::HandlerNormal
I1013 17:46:51.021170 41989 thread.cpp:96] Thread 1052672 construct Actor kNormalForward 2207613190165
I1013 17:46:51.021298 41989 runtime_context.cpp:29] DecreaseCounter constructing_actor_cnt, current val is 565
I1013 17:46:51.021394 41972 naive_actor.cpp:25] actor 1099614388312 switch to &NaiveActor::HandlerNormal
I1013 17:46:51.021394 41976 naive_actor.cpp:25] actor 2199023255593 switch to &NaiveActor::HandlerNormal
I1013 17:46:51.021478 41972 thread.cpp:96] Thread 524337 construct Actor kTick 1099614388312
I1013 17:46:51.021517 41976 thread.cpp:96] Thread 1048576 construct Actor kNormalForward 2199023255593
I1013 17:46:51.021618 41972 runtime_context.cpp:29] DecreaseCounter constructing_actor_cnt, current val is 564
I1013 17:46:51.021623 41976 runtime_context.cpp:29] DecreaseCounter constructing_actor_cnt, current val is 563
I1013 17:46:51.021919 41976 naive_actor.cpp:25] actor 2199023255579 switch to &NaiveActor::HandlerNormal
I1013 17:46:51.021957 41976 thread.cpp:96] Thread 1048576 construct Actor kNormalForward 2199023255579
I1013 17:46:51.022017 41976 runtime_context.cpp:29] DecreaseCounter constructing_actor_cnt, current val is 562
I1013 17:46:51.022117 41972 esac_actor.cpp:73] actor 1099614388332 switch to &EsacActor::HandlerNormal
I1013 17:46:51.022166 41972 thread.cpp:96] Thread 524337 construct Actor kEsac 1099614388332
I1013 17:46:51.022251 41972 runtime_context.cpp:29] DecreaseCounter constructing_actor_cnt, current val is 561
I1013 17:46:51.022519 41989 naive_actor.cpp:25] actor 2207613190189 switch to &NaiveActor::HandlerNormal
I1013 17:46:51.022575 41972 naive_actor.cpp:25] actor 1099614388306 switch to &NaiveActor::HandlerNormal
I1013 17:46:51.022596 41989 thread.cpp:96] Thread 1052672 construct Actor kNormalForward 2207613190189
I1013 17:46:51.022632 41972 thread.cpp:96] Thread 524337 construct Actor kTick 1099614388306
I1013 17:46:51.022737 41989 runtime_context.cpp:29] DecreaseCounter constructing_actor_cnt, current val is 560
I1013 17:46:51.022747 41972 runtime_context.cpp:29] DecreaseCounter constructing_actor_cnt, current val is 559
I1013 17:46:51.023105 41972 naive_actor.cpp:25] actor 1099614388316 switch to &NaiveActor::HandlerNormal
I1013 17:46:51.023106 41976 naive_actor.cpp:25] actor 2199023255589 switch to &NaiveActor::HandlerNormal
I1013 17:46:51.023154 41972 thread.cpp:96] Thread 524337 construct Actor kTick 1099614388316
I1013 17:46:51.023188 41976 thread.cpp:96] Thread 1048576 construct Actor kNormalForward 2199023255589
I1013 17:46:51.023257 41972 runtime_context.cpp:29] DecreaseCounter constructing_actor_cnt, current val is 558
I1013 17:46:51.023284 41976 runtime_context.cpp:29] DecreaseCounter constructing_actor_cnt, current val is 557
I1013 17:46:51.023559 41972 naive_actor.cpp:25] actor 1099614388320 switch to &NaiveActor::HandlerNormal
I1013 17:46:51.023612 41972 thread.cpp:96] Thread 524337 construct Actor kTick 1099614388320
I1013 17:46:51.023634 41989 naive_actor.cpp:25] actor 2207613190180 switch to &NaiveActor::HandlerNormal
I1013 17:46:51.023674 41972 runtime_context.cpp:29] DecreaseCounter constructing_actor_cnt, current val is 556
I1013 17:46:51.023686 41989 thread.cpp:96] Thread 1052672 construct Actor kNormalForward 2207613190180
I1013 17:46:51.023800 41989 runtime_context.cpp:29] DecreaseCounter constructing_actor_cnt, current val is 555
I1013 17:46:51.024017 41972 naive_actor.cpp:25] actor 1099614388308 switch to &NaiveActor::HandlerNormal
I1013 17:46:51.024066 41972 thread.cpp:96] Thread 524337 construct Actor kTick 1099614388308
I1013 17:46:51.024120 41976 naive_actor.cpp:25] actor 2199023255594 switch to &NaiveActor::HandlerNormal
I1013 17:46:51.024127 41972 runtime_context.cpp:29] DecreaseCounter constructing_actor_cnt, current val is 554
I1013 17:46:51.024163 41989 naive_actor.cpp:25] actor 2207613190176 switch to &NaiveActor::HandlerNormal
I1013 17:46:51.024165 41976 thread.cpp:96] Thread 1048576 construct Actor kNormalForward 2199023255594
I1013 17:46:51.024240 41989 thread.cpp:96] Thread 1052672 construct Actor kNormalForward 2207613190176
I1013 17:46:51.024307 41976 runtime_context.cpp:29] DecreaseCounter constructing_actor_cnt, current val is 553
I1013 17:46:51.024340 41989 runtime_context.cpp:29] DecreaseCounter constructing_actor_cnt, current val is 552
I1013 17:46:51.024513 41972 naive_actor.cpp:25] actor 1099614388305 switch to &NaiveActor::HandlerNormal
I1013 17:46:51.024564 41972 thread.cpp:96] Thread 524337 construct Actor kTick 1099614388305
I1013 17:46:51.024675 41972 runtime_context.cpp:29] DecreaseCounter constructing_actor_cnt, current val is 551
I1013 17:46:51.025007 41972 naive_actor.cpp:25] actor 1099614388300 switch to &NaiveActor::HandlerNormal
I1013 17:46:51.025049 41972 thread.cpp:96] Thread 524337 construct Actor kTick 1099614388300
I1013 17:46:51.025110 41972 runtime_context.cpp:29] DecreaseCounter constructing_actor_cnt, current val is 550
I1013 17:46:51.025116 41976 naive_actor.cpp:25] actor 2199023255613 switch to &NaiveActor::HandlerNormal
I1013 17:46:51.025179 41976 thread.cpp:96] Thread 1048576 construct Actor kNormalForward 2199023255613
I1013 17:46:51.025260 41976 runtime_context.cpp:29] DecreaseCounter constructing_actor_cnt, current val is 549
I1013 17:46:51.025449 41972 naive_actor.cpp:25] actor 1099614388327 switch to &NaiveActor::HandlerNormal
I1013 17:46:51.025449 41989 naive_actor.cpp:25] actor 2207613190200 switch to &NaiveActor::HandlerNormal
I1013 17:46:51.025507 41972 thread.cpp:96] Thread 524337 construct Actor kTick 1099614388327
I1013 17:46:51.025550 41989 thread.cpp:96] Thread 1052672 construct Actor kNormalForward 2207613190200
I1013 17:46:51.025624 41972 runtime_context.cpp:29] DecreaseCounter constructing_actor_cnt, current val is 548
I1013 17:46:51.025679 41989 runtime_context.cpp:29] DecreaseCounter constructing_actor_cnt, current val is 547
I1013 17:46:51.025962 41972 naive_actor.cpp:25] actor 1099614388330 switch to &NaiveActor::HandlerNormal
I1013 17:46:51.026010 41972 thread.cpp:96] Thread 524337 construct Actor kTick 1099614388330
I1013 17:46:51.026036 41976 naive_actor.cpp:25] actor 2199023255618 switch to &NaiveActor::HandlerNormal
I1013 17:46:51.026075 41976 thread.cpp:96] Thread 1048576 construct Actor kNormalForward 2199023255618
I1013 17:46:51.026078 41972 runtime_context.cpp:29] DecreaseCounter constructing_actor_cnt, current val is 546
I1013 17:46:51.026145 41976 runtime_context.cpp:29] DecreaseCounter constructing_actor_cnt, current val is 545
I1013 17:46:51.026391 41972 naive_actor.cpp:25] actor 1099614388310 switch to &NaiveActor::HandlerNormal
I1013 17:46:51.026437 41972 thread.cpp:96] Thread 524337 construct Actor kTick 1099614388310
I1013 17:46:51.026502 41972 runtime_context.cpp:29] DecreaseCounter constructing_actor_cnt, current val is 544
I1013 17:46:51.026593 41989 naive_actor.cpp:25] actor 2207613190166 switch to &NaiveActor::HandlerNormal
I1013 17:46:51.026650 41989 thread.cpp:96] Thread 1052672 construct Actor kNormalForward 2207613190166
I1013 17:46:51.026762 41989 runtime_context.cpp:29] DecreaseCounter constructing_actor_cnt, current val is 543
I1013 17:46:51.026851 41972 naive_actor.cpp:25] actor 1099614388331 switch to &NaiveActor::HandlerNormal
I1013 17:46:51.026898 41972 thread.cpp:96] Thread 524337 construct Actor kTick 1099614388331
I1013 17:46:51.026968 41972 runtime_context.cpp:29] DecreaseCounter constructing_actor_cnt, current val is 542
I1013 17:46:51.027002 41976 naive_actor.cpp:25] actor 2199023255580 switch to &NaiveActor::HandlerNormal
I1013 17:46:51.027041 41976 thread.cpp:96] Thread 1048576 construct Actor kNormalForward 2199023255580
I1013 17:46:51.027107 41976 runtime_context.cpp:29] DecreaseCounter constructing_actor_cnt, current val is 541
I1013 17:46:51.027287 41972 naive_actor.cpp:25] actor 1099614388299 switch to &NaiveActor::HandlerNormal
I1013 17:46:51.027333 41972 thread.cpp:96] Thread 524337 construct Actor kTick 1099614388299
I1013 17:46:51.027400 41972 runtime_context.cpp:29] DecreaseCounter constructing_actor_cnt, current val is 540
I1013 17:46:51.027704 41972 naive_actor.cpp:25] actor 1099614388311 switch to &NaiveActor::HandlerNormal
I1013 17:46:51.027750 41972 thread.cpp:96] Thread 524337 construct Actor kTick 1099614388311
I1013 17:46:51.027813 41972 runtime_context.cpp:29] DecreaseCounter constructing_actor_cnt, current val is 539
I1013 17:46:51.027936 41976 naive_actor.cpp:25] actor 2199023255604 switch to &NaiveActor::HandlerNormal
I1013 17:46:51.027976 41976 thread.cpp:96] Thread 1048576 construct Actor kNormalForward 2199023255604
I1013 17:46:51.028074 41976 runtime_context.cpp:29] DecreaseCounter constructing_actor_cnt, current val is 538
I1013 17:46:51.028117 41989 naive_actor.cpp:25] actor 2207613190174 switch to &NaiveActor::HandlerNormal
I1013 17:46:51.028144 41972 naive_actor.cpp:25] actor 1099614388325 switch to &NaiveActor::HandlerNormal
I1013 17:46:51.028178 41989 thread.cpp:96] Thread 1052672 construct Actor kNormalForward 2207613190174
I1013 17:46:51.028211 41972 thread.cpp:96] Thread 524337 construct Actor kTick 1099614388325
I1013 17:46:51.028316 41989 runtime_context.cpp:29] DecreaseCounter constructing_actor_cnt, current val is 537
I1013 17:46:51.028332 41972 runtime_context.cpp:29] DecreaseCounter constructing_actor_cnt, current val is 536
I1013 17:46:51.028699 41989 naive_actor.cpp:25] actor 2207613190190 switch to &NaiveActor::HandlerNormal
I1013 17:46:51.028751 41989 thread.cpp:96] Thread 1052672 construct Actor kNormalForward 2207613190190
I1013 17:46:51.028784 41976 naive_actor.cpp:25] actor 2199023255574 switch to &NaiveActor::HandlerNormal
I1013 17:46:51.028820 41976 thread.cpp:96] Thread 1048576 construct Actor kNormalForward 2199023255574
I1013 17:46:51.028821 41989 runtime_context.cpp:29] DecreaseCounter constructing_actor_cnt, current val is 535
I1013 17:46:51.028889 41976 runtime_context.cpp:29] DecreaseCounter constructing_actor_cnt, current val is 534
I1013 17:46:51.029181 41976 naive_actor.cpp:25] actor 2199023255598 switch to &NaiveActor::HandlerNormal
I1013 17:46:51.029227 41976 thread.cpp:96] Thread 1048576 construct Actor kNormalForward 2199023255598
I1013 17:46:51.029286 41976 runtime_context.cpp:29] DecreaseCounter constructing_actor_cnt, current val is 533
I1013 17:46:51.029873 41989 naive_actor.cpp:25] actor 2207613190198 switch to &NaiveActor::HandlerNormal
I1013 17:46:51.029929 41989 thread.cpp:96] Thread 1052672 construct Actor kNormalForward 2207613190198
I1013 17:46:51.030032 41989 runtime_context.cpp:29] DecreaseCounter constructing_actor_cnt, current val is 532
I1013 17:46:51.030107 41976 naive_actor.cpp:25] actor 2199023255608 switch to &NaiveActor::HandlerNormal
I1013 17:46:51.030153 41976 thread.cpp:96] Thread 1048576 construct Actor kNormalForward 2199023255608
I1013 17:46:51.030218 41976 runtime_context.cpp:29] DecreaseCounter constructing_actor_cnt, current val is 531
I1013 17:46:51.031013 41976 naive_actor.cpp:25] actor 2199023255606 switch to &NaiveActor::HandlerNormal
I1013 17:46:51.031065 41989 naive_actor.cpp:25] actor 2207613190225 switch to &NaiveActor::HandlerNormal
I1013 17:46:51.031067 41976 thread.cpp:96] Thread 1048576 construct Actor kNormalForward 2199023255606
I1013 17:46:51.031121 41989 thread.cpp:96] Thread 1052672 construct Actor kNormalForward 2207613190225
I1013 17:46:51.031178 41976 runtime_context.cpp:29] DecreaseCounter constructing_actor_cnt, current val is 530
I1013 17:46:51.031226 41989 runtime_context.cpp:29] DecreaseCounter constructing_actor_cnt, current val is 529
I1013 17:46:51.031893 41976 naive_actor.cpp:25] actor 2199023255622 switch to &NaiveActor::HandlerNormal
I1013 17:46:51.031937 41976 thread.cpp:96] Thread 1048576 construct Actor kNormalForward 2199023255622
I1013 17:46:51.031997 41976 runtime_context.cpp:29] DecreaseCounter constructing_actor_cnt, current val is 528
I1013 17:46:51.032246 41989 naive_actor.cpp:25] actor 2207613190230 switch to &NaiveActor::HandlerNormal
I1013 17:46:51.032299 41989 thread.cpp:96] Thread 1052672 construct Actor kNormalForward 2207613190230
I1013 17:46:51.032385 41989 runtime_context.cpp:29] DecreaseCounter constructing_actor_cnt, current val is 527
I1013 17:46:51.032810 41976 naive_actor.cpp:25] actor 2199023255599 switch to &NaiveActor::HandlerNormal
I1013 17:46:51.032853 41976 thread.cpp:96] Thread 1048576 construct Actor kNormalForward 2199023255599
I1013 17:46:51.032924 41976 runtime_context.cpp:29] DecreaseCounter constructing_actor_cnt, current val is 526
I1013 17:46:51.033383 41989 naive_actor.cpp:25] actor 2207613190172 switch to &NaiveActor::HandlerNormal
I1013 17:46:51.033471 41989 thread.cpp:96] Thread 1052672 construct Actor kNormalForward 2207613190172
I1013 17:46:51.033601 41989 runtime_context.cpp:29] DecreaseCounter constructing_actor_cnt, current val is 525
I1013 17:46:51.033646 41976 naive_actor.cpp:25] actor 2199023255616 switch to &NaiveActor::HandlerNormal
I1013 17:46:51.033696 41976 thread.cpp:96] Thread 1048576 construct Actor kNormalForward 2199023255616
I1013 17:46:51.033766 41976 runtime_context.cpp:29] DecreaseCounter constructing_actor_cnt, current val is 524
I1013 17:46:51.034332 41976 naive_actor.cpp:25] actor 2199023255602 switch to &NaiveActor::HandlerNormal
I1013 17:46:51.034374 41976 thread.cpp:96] Thread 1048576 construct Actor kNormalForward 2199023255602
I1013 17:46:51.034438 41976 runtime_context.cpp:29] DecreaseCounter constructing_actor_cnt, current val is 523
I1013 17:46:51.034541 41989 naive_actor.cpp:25] actor 2207613190196 switch to &NaiveActor::HandlerNormal
I1013 17:46:51.034598 41989 thread.cpp:96] Thread 1052672 construct Actor kNormalForward 2207613190196
I1013 17:46:51.034684 41989 runtime_context.cpp:29] DecreaseCounter constructing_actor_cnt, current val is 522
I1013 17:46:51.035199 41976 naive_actor.cpp:25] actor 2199023255617 switch to &NaiveActor::HandlerNormal
I1013 17:46:51.035240 41976 thread.cpp:96] Thread 1048576 construct Actor kNormalForward 2199023255617
I1013 17:46:51.035313 41976 runtime_context.cpp:29] DecreaseCounter constructing_actor_cnt, current val is 521
I1013 17:46:51.036034 41989 naive_actor.cpp:25] actor 2207613190144 switch to &NaiveActor::HandlerNormal
I1013 17:46:51.036106 41989 thread.cpp:96] Thread 1052672 construct Actor kNormalForward 2207613190144
I1013 17:46:51.036196 41989 runtime_context.cpp:29] DecreaseCounter constructing_actor_cnt, current val is 520
I1013 17:46:51.036546 41989 naive_actor.cpp:25] actor 2207613190197 switch to &NaiveActor::HandlerNormal
I1013 17:46:51.036576 41976 naive_actor.cpp:25] actor 2199023255603 switch to &NaiveActor::HandlerNormal
I1013 17:46:51.036605 41989 thread.cpp:96] Thread 1052672 construct Actor kNormalForward 2207613190197
I1013 17:46:51.036638 41976 thread.cpp:96] Thread 1048576 construct Actor kNormalForward 2199023255603
I1013 17:46:51.036710 41989 runtime_context.cpp:29] DecreaseCounter constructing_actor_cnt, current val is 519
I1013 17:46:51.036732 41976 runtime_context.cpp:29] DecreaseCounter constructing_actor_cnt, current val is 518
I1013 17:46:51.037439 41976 naive_actor.cpp:25] actor 2199023255629 switch to &NaiveActor::HandlerNormal
I1013 17:46:51.037482 41976 thread.cpp:96] Thread 1048576 construct Actor kNormalForward 2199023255629
I1013 17:46:51.037551 41976 runtime_context.cpp:29] DecreaseCounter constructing_actor_cnt, current val is 517
I1013 17:46:51.037640 41989 naive_actor.cpp:25] actor 2207613190217 switch to &NaiveActor::HandlerNormal
I1013 17:46:51.037690 41989 thread.cpp:96] Thread 1052672 construct Actor kNormalForward 2207613190217
I1013 17:46:51.037768 41989 runtime_context.cpp:29] DecreaseCounter constructing_actor_cnt, current val is 516
I1013 17:46:51.038290 41976 naive_actor.cpp:25] actor 2199023255573 switch to &NaiveActor::HandlerNormal
I1013 17:46:51.038331 41976 thread.cpp:96] Thread 1048576 construct Actor kNormalForward 2199023255573
I1013 17:46:51.038398 41976 runtime_context.cpp:29] DecreaseCounter constructing_actor_cnt, current val is 515
I1013 17:46:51.038678 41989 naive_actor.cpp:25] actor 2207613190170 switch to &NaiveActor::HandlerNormal
I1013 17:46:51.038728 41989 thread.cpp:96] Thread 1052672 construct Actor kNormalForward 2207613190170
I1013 17:46:51.038812 41989 runtime_context.cpp:29] DecreaseCounter constructing_actor_cnt, current val is 514
I1013 17:46:51.039180 41976 naive_actor.cpp:25] actor 2199023255627 switch to &NaiveActor::HandlerNormal
I1013 17:46:51.039220 41976 thread.cpp:96] Thread 1048576 construct Actor kNormalForward 2199023255627
I1013 17:46:51.039292 41976 runtime_context.cpp:29] DecreaseCounter constructing_actor_cnt, current val is 513
I1013 17:46:51.039708 41989 naive_actor.cpp:25] actor 2207613190241 switch to &NaiveActor::HandlerNormal
I1013 17:46:51.039808 41989 thread.cpp:96] Thread 1052672 construct Actor kNormalForward 2207613190241
I1013 17:46:51.039929 41989 runtime_context.cpp:29] DecreaseCounter constructing_actor_cnt, current val is 512
I1013 17:46:51.040014 41976 naive_actor.cpp:25] actor 2199023255553 switch to &NaiveActor::HandlerNormal
I1013 17:46:51.040052 41976 thread.cpp:96] Thread 1048576 construct Actor kNormalForward 2199023255553
I1013 17:46:51.040118 41976 runtime_context.cpp:29] DecreaseCounter constructing_actor_cnt, current val is 511
I1013 17:46:51.040654 41976 naive_actor.cpp:25] actor 2199023255588 switch to &NaiveActor::HandlerNormal
I1013 17:46:51.040691 41976 thread.cpp:96] Thread 1048576 construct Actor kNormalForward 2199023255588
I1013 17:46:51.040728 41989 naive_actor.cpp:25] actor 2207613190265 switch to &NaiveActor::HandlerNormal
I1013 17:46:51.040748 41976 runtime_context.cpp:29] DecreaseCounter constructing_actor_cnt, current val is 510
I1013 17:46:51.040776 41989 thread.cpp:96] Thread 1052672 construct Actor kNormalForward 2207613190265
I1013 17:46:51.040891 41989 runtime_context.cpp:29] DecreaseCounter constructing_actor_cnt, current val is 509
I1013 17:46:51.041061 41976 naive_actor.cpp:25] actor 2199023255577 switch to &NaiveActor::HandlerNormal
I1013 17:46:51.041100 41976 thread.cpp:96] Thread 1048576 construct Actor kNormalForward 2199023255577
I1013 17:46:51.041157 41976 runtime_context.cpp:29] DecreaseCounter constructing_actor_cnt, current val is 508
I1013 17:46:51.041859 41989 naive_actor.cpp:25] actor 2207613190193 switch to &NaiveActor::HandlerNormal
I1013 17:46:51.041918 41989 thread.cpp:96] Thread 1052672 construct Actor kNormalForward 2207613190193
I1013 17:46:51.041993 41989 runtime_context.cpp:29] DecreaseCounter constructing_actor_cnt, current val is 507
I1013 17:46:51.042107 41976 naive_actor.cpp:25] actor 2199023255596 switch to &NaiveActor::HandlerNormal
I1013 17:46:51.042146 41976 thread.cpp:96] Thread 1048576 construct Actor kNormalForward 2199023255596
I1013 17:46:51.042209 41976 runtime_context.cpp:29] DecreaseCounter constructing_actor_cnt, current val is 506
I1013 17:46:51.042799 41989 naive_actor.cpp:25] actor 2207613190218 switch to &NaiveActor::HandlerNormal
I1013 17:46:51.042850 41989 thread.cpp:96] Thread 1052672 construct Actor kNormalForward 2207613190218
I1013 17:46:51.042930 41989 runtime_context.cpp:29] DecreaseCounter constructing_actor_cnt, current val is 505
I1013 17:46:51.043036 41976 naive_actor.cpp:25] actor 2199023255625 switch to &NaiveActor::HandlerNormal
I1013 17:46:51.043087 41976 thread.cpp:96] Thread 1048576 construct Actor kNormalForward 2199023255625
I1013 17:46:51.043154 41976 runtime_context.cpp:29] DecreaseCounter constructing_actor_cnt, current val is 504
I1013 17:46:51.043300 41989 naive_actor.cpp:25] actor 2207613190199 switch to &NaiveActor::HandlerNormal
I1013 17:46:51.043344 41989 thread.cpp:96] Thread 1052672 construct Actor kNormalForward 2207613190199
I1013 17:46:51.043408 41989 runtime_context.cpp:29] DecreaseCounter constructing_actor_cnt, current val is 503
I1013 17:46:51.043865 41976 naive_actor.cpp:25] actor 2199023255576 switch to &NaiveActor::HandlerNormal
I1013 17:46:51.043903 41976 thread.cpp:96] Thread 1048576 construct Actor kNormalForward 2199023255576
I1013 17:46:51.043962 41976 runtime_context.cpp:29] DecreaseCounter constructing_actor_cnt, current val is 502
I1013 17:46:51.044237 41989 naive_actor.cpp:25] actor 2207613190179 switch to &NaiveActor::HandlerNormal
I1013 17:46:51.044286 41989 thread.cpp:96] Thread 1052672 construct Actor kNormalForward 2207613190179
I1013 17:46:51.044365 41989 runtime_context.cpp:29] DecreaseCounter constructing_actor_cnt, current val is 501
I1013 17:46:51.044672 41976 naive_actor.cpp:25] actor 2199023255583 switch to &NaiveActor::HandlerNormal
I1013 17:46:51.044713 41976 thread.cpp:96] Thread 1048576 construct Actor kNormalForward 2199023255583
I1013 17:46:51.044775 41976 runtime_context.cpp:29] DecreaseCounter constructing_actor_cnt, current val is 500
I1013 17:46:51.045300 41989 naive_actor.cpp:25] actor 2207613190184 switch to &NaiveActor::HandlerNormal
I1013 17:46:51.045380 41989 thread.cpp:96] Thread 1052672 construct Actor kNormalForward 2207613190184
I1013 17:46:51.045495 41989 runtime_context.cpp:29] DecreaseCounter constructing_actor_cnt, current val is 499
I1013 17:46:51.045614 41976 naive_actor.cpp:25] actor 2199023255621 switch to &NaiveActor::HandlerNormal
I1013 17:46:51.045651 41976 thread.cpp:96] Thread 1048576 construct Actor kNormalForward 2199023255621
I1013 17:46:51.045727 41976 runtime_context.cpp:29] DecreaseCounter constructing_actor_cnt, current val is 498
I1013 17:46:51.046288 41976 naive_actor.cpp:25] actor 2199023255567 switch to &NaiveActor::HandlerNormal
I1013 17:46:51.046327 41976 thread.cpp:96] Thread 1048576 construct Actor kNormalForward 2199023255567
I1013 17:46:51.046382 41976 runtime_context.cpp:29] DecreaseCounter constructing_actor_cnt, current val is 497
I1013 17:46:51.046746 41989 naive_actor.cpp:25] actor 2207613190181 switch to &NaiveActor::HandlerNormal
I1013 17:46:51.046795 41989 thread.cpp:96] Thread 1052672 construct Actor kNormalForward 2207613190181
I1013 17:46:51.046865 41989 runtime_context.cpp:29] DecreaseCounter constructing_actor_cnt, current val is 496
I1013 17:46:51.047173 41976 naive_actor.cpp:25] actor 2199023255646 switch to &NaiveActor::HandlerNormal
I1013 17:46:51.047209 41976 thread.cpp:96] Thread 1048576 construct Actor kNormalForward 2199023255646
I1013 17:46:51.047278 41976 runtime_context.cpp:29] DecreaseCounter constructing_actor_cnt, current val is 495
