Log file created at: 2021/10/13 19:49:39
Running on machine: oneflow-14
Log line format: [IWEF]mmdd hh:mm:ss.uuuuuu threadid file:line] msg
I1013 19:49:39.847121 36050 global.h:36] NewGlobal 14cudaDeviceProp
I1013 19:49:39.848039 36050 global.h:36] NewGlobal N7oneflow7EnvDescE
I1013 19:49:39.848055 36050 global.h:36] NewGlobal N7oneflow10ProcessCtxE
I1013 19:49:39.848062 36050 env_global_objects_scope.cpp:152] using rpc backend: local
I1013 19:49:39.848078 36050 global.h:36] NewGlobal N7oneflow12ResourceDescE
I1013 19:49:39.848085 36050 global.h:36] NewGlobal N7oneflow12ResourceDescE
I1013 19:49:39.917546 36050 global.h:36] NewGlobal N7oneflow10ThreadPoolE
I1013 19:49:39.918774 36050 global.h:36] NewGlobal N7oneflow16EagerNcclCommMgrE
I1013 19:49:39.918790 36050 global.h:36] NewGlobal N7oneflow18CudnnConvAlgoCacheE
I1013 19:49:39.918797 36050 global.h:36] NewGlobal N7oneflow2vm19VirtualMachineScopeE
I1013 19:49:39.918805 36050 global.h:36] NewGlobal N7oneflow9OneflowVME
I1013 19:49:39.919684 36050 oneflow_vm.cpp:75] transport stream type: N7oneflow2vm13CpuStreamTypeE
I1013 19:49:39.919721 36050 oneflow_vm.cpp:75] transport stream type: N7oneflow2vm14CudaStreamTypeE
I1013 19:49:39.919729 36050 oneflow_vm.cpp:75] transport stream type: N7oneflow2vm19AsyncCudaStreamTypeE
I1013 19:49:39.919867 36050 global.h:36] NewGlobal N7oneflow27EagerJobBuildAndInferCtxMgrE
I1013 19:49:39.919880 36050 global.h:36] NewGlobal N7oneflow12EpollCommNetE
I1013 19:49:39.920006 36050 epoll_comm_network.cpp:63] CommNet:Epoll listening on 0.0.0.0:37191
I1013 19:49:39.920042 36050 epoll_comm_network.cpp:197] machine 0 sockfd -1
I1013 19:49:39.920158 36050 global.h:36] NewGlobal N7oneflow9TransportE
I1013 19:49:39.921563 36050 global.h:43] DeleteGlobal N7oneflow12ResourceDescE
I1013 19:49:39.921602 36050 version.cpp:22] OneFlow git version: b295ca2324
I1013 19:49:39.921619 36050 device_register_gpu.cpp:56] CUDA runtime version: 11.2
I1013 19:49:39.921639 36050 device_register_gpu.cpp:65] cuDNN version: 8.1.1
I1013 19:49:39.921650 36050 device_register_gpu.cpp:78] NCCL version: 2.9.8
I1013 19:49:39.921659 36050 global.h:36] NewGlobal N7oneflow12ResourceDescE
I1013 19:49:39.921667 36050 global.h:36] NewGlobal N7oneflow5IDMgrE
I1013 19:49:39.921674 36050 global.h:36] NewGlobal N7oneflow16AvailableMemDescE
I1013 19:49:39.921700 36050 global.h:36] NewGlobal St13unordered_mapISslSt4hashISsESt8equal_toISsESaISt4pairIKSslEEE
I1013 19:49:39.921707 36050 global.h:36] NewGlobal N7oneflow19CriticalSectionDescE
I1013 19:49:39.921715 36050 global.h:36] NewGlobal N7oneflow16InterUserJobInfoE
I1013 19:49:39.921722 36050 global.h:36] NewGlobal N7oneflow26LazyJobBuildAndInferCtxMgrE
I1013 19:49:39.921730 36050 global.h:36] NewGlobal N7oneflow16JobSetCompileCtxE
I1013 19:49:39.921738 36050 global.h:36] NewGlobal N7oneflow26RuntimeBufferManagersScopeE
I1013 19:49:39.921746 36050 global.h:36] NewGlobal N7oneflow9BufferMgrIlEE
I1013 19:49:39.921752 36050 global.h:36] NewGlobal N7oneflow9BufferMgrISt10shared_ptrINS_11JobInstanceEEEE
I1013 19:49:39.921759 36050 global.h:36] NewGlobal N7oneflow10RuntimeCtxE
I1013 19:49:39.921766 36050 global.h:36] NewGlobal N7oneflow15MemoryAllocatorE
I1013 19:49:39.921772 36050 global.h:36] NewGlobal N7oneflow8ChunkMgrE
I1013 19:49:39.921779 36050 global.h:36] NewGlobal N7oneflow8RegstMgrE
I1013 19:49:39.921787 36050 global.h:36] NewGlobal N7oneflow11ActorMsgBusE
I1013 19:49:39.921793 36050 global.h:36] NewGlobal N7oneflow9ThreadMgrE
I1013 19:49:39.921800 36050 global.h:36] NewGlobal N7oneflow15RuntimeJobDescsE
I1013 19:49:39.921806 36050 global.h:36] NewGlobal N7oneflow7summary12EventsWriterE
I1013 19:49:39.921816 36050 global.h:36] NewGlobal N7oneflow6boxing10collective24CollectiveBoxingExecutorE
I1013 19:49:39.921823 36050 global.h:36] NewGlobal N7oneflow6boxing10collective31CollectiveBoxingDeviceCtxPollerE
I1013 19:49:39.921963 36050 session.h:77] NewGlobal N7oneflow25SessionGlobalObjectsScopeE
I1013 19:49:39.922698 36050 global.h:36] NewGlobal N7oneflow7JobDescE
I1013 19:49:40.403733 36050 global.h:43] DeleteGlobal N7oneflow7JobDescE
I1013 19:49:40.403942 36050 global.h:36] NewGlobal N7oneflow7JobDescE
I1013 19:49:40.407259 36050 global.h:36] NewGlobal N7oneflow7OpGraphE
I1013 19:49:40.414528 36050 global.h:43] DeleteGlobal N7oneflow7OpGraphE
I1013 19:49:40.721963 36050 global.h:43] DeleteGlobal N7oneflow7JobDescE
I1013 19:49:40.740427 36050 global.h:36] NewGlobal N7oneflow24InterJobReuseMemStrategyE
I1013 19:49:40.740451 36050 global.h:36] NewGlobal N7oneflow7OneflowE
I1013 19:49:40.753541 36050 global.h:36] NewGlobal N7oneflow7JobDescE
I1013 19:49:41.122869 36050 insert_nccl_logical_op_pass.cpp:663]  Try insert nccl logical ops into job: train_job. Begin...
I1013 19:49:41.123800 36050 insert_nccl_logical_op_pass.cpp:432]  insert nccl op: System-NCCL-Logical-S2B-114 from: [IdentityN_5](order=0, nd_sbp=[S(0)])->[ParallelCast_6](order=2, nd_sbp=[B]) and before: [System-Boxing-Identity-93](order=1)
I1013 19:49:41.123901 36050 insert_nccl_logical_op_pass.cpp:432]  insert nccl op: System-NCCL-Logical-S2B-115 from: [IdentityN_5](order=0, nd_sbp=[S(0)])->[ParallelCast_11](order=3, nd_sbp=[B]) and before: [System-Boxing-Identity-93](order=1)
I1013 19:49:41.124078 36050 insert_nccl_logical_op_pass.cpp:432]  insert nccl op: System-NCCL-Logical-S2S-116 from: [Gather_12](order=5, nd_sbp=[S(2)])->[Reshape_14](order=7, nd_sbp=[S(0)]) and before: [Reshape_8](order=6)
I1013 19:49:41.124222 36050 insert_nccl_logical_op_pass.cpp:432]  insert nccl op: System-NCCL-Logical-P2S-117 from: [ReduceSum_9](order=8, nd_sbp=[P])->[AddN_23](order=47, nd_sbp=[S(0)]) and before: [Concat_15](order=9)
I1013 19:49:41.124888 36050 insert_nccl_logical_op_pass.cpp:432]  insert nccl op: System-NCCL-Logical-S2B-118 from: [SigmoidCrossEntropy_24_grad](order=51, nd_sbp=[S(0)])->[ReduceSum_9_grad](order=56, nd_sbp=[B]) and before: [ScalarMul_26](order=52)
I1013 19:49:41.124989 36050 insert_nccl_logical_op_pass.cpp:432]  insert nccl op: System-NCCL-Logical-P2B-119 from: [deep_scores-matmul_grad_b](order=53, nd_sbp=[P])->[System-ModelDiffScale-ScalarMul_66](order=57, nd_sbp=[B]) and before: [deep_scores-matmul_grad_a](order=54)
I1013 19:49:41.125075 36050 insert_nccl_logical_op_pass.cpp:432]  insert nccl op: System-NCCL-Logical-P2B-120 from: [deep_scores-bias_add_grad](order=55, nd_sbp=[P])->[System-ModelDiffScale-ScalarMul_78](order=60, nd_sbp=[B]) and before: [ReduceSum_9_grad](order=56)
I1013 19:49:41.125222 36050 insert_nccl_logical_op_pass.cpp:432]  insert nccl op: System-NCCL-Logical-P2B-121 from: [fc6-matmul_grad_b](order=65, nd_sbp=[P])->[System-ModelDiffScale-ScalarMul_70](order=69, nd_sbp=[B]) and before: [fc6-bias_add_grad](order=66)
I1013 19:49:41.125301 36050 insert_nccl_logical_op_pass.cpp:432]  insert nccl op: System-NCCL-Logical-P2B-122 from: [fc6-bias_add_grad](order=66, nd_sbp=[P])->[System-ModelDiffScale-ScalarMul_69](order=70, nd_sbp=[B]) and before: [fc6-matmul_grad_a](order=67)
I1013 19:49:41.125449 36050 insert_nccl_logical_op_pass.cpp:432]  insert nccl op: System-NCCL-Logical-P2B-123 from: [fc5-matmul_grad_b](order=76, nd_sbp=[P])->[System-ModelDiffScale-ScalarMul_68](order=79, nd_sbp=[B]) and before: [fc5-bias_add_grad](order=77)
I1013 19:49:41.125531 36050 insert_nccl_logical_op_pass.cpp:432]  insert nccl op: System-NCCL-Logical-P2B-124 from: [fc5-bias_add_grad](order=77, nd_sbp=[P])->[System-ModelDiffScale-ScalarMul_71](order=80, nd_sbp=[B]) and before: [fc5-matmul_grad_a](order=78)
I1013 19:49:41.125674 36050 insert_nccl_logical_op_pass.cpp:432]  insert nccl op: System-NCCL-Logical-P2B-125 from: [fc4-matmul_grad_b](order=85, nd_sbp=[P])->[System-ModelDiffScale-ScalarMul_74](order=88, nd_sbp=[B]) and before: [fc4-bias_add_grad](order=86)
I1013 19:49:41.125756 36050 insert_nccl_logical_op_pass.cpp:432]  insert nccl op: System-NCCL-Logical-P2B-126 from: [fc4-bias_add_grad](order=86, nd_sbp=[P])->[System-ModelDiffScale-ScalarMul_79](order=89, nd_sbp=[B]) and before: [fc4-matmul_grad_a](order=87)
I1013 19:49:41.125885 36050 insert_nccl_logical_op_pass.cpp:432]  insert nccl op: System-NCCL-Logical-P2B-127 from: [fc3-matmul_grad_b](order=94, nd_sbp=[P])->[System-ModelDiffScale-ScalarMul_67](order=97, nd_sbp=[B]) and before: [fc3-bias_add_grad](order=95)
I1013 19:49:41.126096 36050 insert_nccl_logical_op_pass.cpp:432]  insert nccl op: System-NCCL-Logical-P2B-128 from: [fc3-bias_add_grad](order=95, nd_sbp=[P])->[System-ModelDiffScale-ScalarMul_82](order=98, nd_sbp=[B]) and before: [fc3-matmul_grad_a](order=96)
I1013 19:49:41.126279 36050 insert_nccl_logical_op_pass.cpp:432]  insert nccl op: System-NCCL-Logical-P2B-129 from: [fc2-matmul_grad_b](order=103, nd_sbp=[P])->[System-ModelDiffScale-ScalarMul_77](order=106, nd_sbp=[B]) and before: [fc2-bias_add_grad](order=104)
I1013 19:49:41.126363 36050 insert_nccl_logical_op_pass.cpp:432]  insert nccl op: System-NCCL-Logical-P2B-130 from: [fc2-bias_add_grad](order=104, nd_sbp=[P])->[System-ModelDiffScale-ScalarMul_73](order=107, nd_sbp=[B]) and before: [fc2-matmul_grad_a](order=105)
I1013 19:49:41.126502 36050 insert_nccl_logical_op_pass.cpp:432]  insert nccl op: System-NCCL-Logical-P2B-131 from: [fc1-matmul_grad_b](order=112, nd_sbp=[P])->[System-ModelDiffScale-ScalarMul_81](order=115, nd_sbp=[B]) and before: [fc1-bias_add_grad](order=113)
I1013 19:49:41.126587 36050 insert_nccl_logical_op_pass.cpp:432]  insert nccl op: System-NCCL-Logical-P2B-132 from: [fc1-bias_add_grad](order=113, nd_sbp=[P])->[System-ModelDiffScale-ScalarMul_65](order=116, nd_sbp=[B]) and before: [fc1-matmul_grad_a](order=114)
I1013 19:49:41.126722 36050 insert_nccl_logical_op_pass.cpp:432]  insert nccl op: System-NCCL-Logical-P2B-133 from: [fc0-matmul_grad_b](order=121, nd_sbp=[P])->[System-ModelDiffScale-ScalarMul_75](order=124, nd_sbp=[B]) and before: [fc0-bias_add_grad](order=122)
I1013 19:49:41.126796 36050 insert_nccl_logical_op_pass.cpp:432]  insert nccl op: System-NCCL-Logical-P2B-134 from: [fc0-bias_add_grad](order=122, nd_sbp=[P])->[System-ModelDiffScale-ScalarMul_72](order=125, nd_sbp=[B]) and before: [fc0-matmul_grad_a](order=123)
I1013 19:49:41.126926 36050 insert_nccl_logical_op_pass.cpp:432]  insert nccl op: System-NCCL-Logical-S2S-135 from: [Reshape_14_grad](order=129, nd_sbp=[S(0)])->[Gather_12_grad](order=130, nd_sbp=[S(2)]) and before: [Gather_12_grad](order=130)
I1013 19:49:41.126986 36050 insert_nccl_logical_op_pass.cpp:699]  Try insert nccl logical ops into job: train_job. ...End

I1013 19:49:41.203727 36050 global.h:36] NewGlobal N7oneflow7OpGraphE
I1013 19:49:41.360298 36050 global.h:43] DeleteGlobal N7oneflow7OpGraphE
I1013 19:49:41.379120 36050 oneflow.cpp:210] 
job_id: 0 , job_name: train_job , compile time: 0.625532 seconds.
I1013 19:49:41.486479 36050 global.h:43] DeleteGlobal N7oneflow7JobDescE
I1013 19:49:41.486881 36050 global.h:36] NewGlobal N7oneflow7JobDescE
I1013 19:49:41.548987 36050 global.h:36] NewGlobal N7oneflow7OpGraphE
I1013 19:49:41.575582 36050 global.h:43] DeleteGlobal N7oneflow7OpGraphE
I1013 19:49:41.582794 36050 oneflow.cpp:210] 
job_id: 1 , job_name: System-ModelInit , compile time: 0.0951555 seconds.
I1013 19:49:41.611143 36050 global.h:43] DeleteGlobal N7oneflow7JobDescE
I1013 19:49:41.611199 36050 global.h:36] NewGlobal N7oneflow7JobDescE
I1013 19:49:41.684919 36050 global.h:36] NewGlobal N7oneflow7OpGraphE
I1013 19:49:41.710631 36050 global.h:43] DeleteGlobal N7oneflow7OpGraphE
I1013 19:49:41.715903 36050 oneflow.cpp:210] 
job_id: 2 , job_name: System-ModelLoad , compile time: 0.104651 seconds.
I1013 19:49:41.733557 36050 global.h:43] DeleteGlobal N7oneflow7JobDescE
I1013 19:49:41.733603 36050 global.h:36] NewGlobal N7oneflow7JobDescE
I1013 19:49:41.791322 36050 global.h:36] NewGlobal N7oneflow7OpGraphE
I1013 19:49:41.815878 36050 global.h:43] DeleteGlobal N7oneflow7OpGraphE
I1013 19:49:41.821280 36050 oneflow.cpp:210] 
job_id: 3 , job_name: System-ModelSave , compile time: 0.0876541 seconds.
I1013 19:49:41.839339 36050 global.h:43] DeleteGlobal N7oneflow7JobDescE
I1013 19:49:41.839372 36050 global.h:36] NewGlobal N7oneflow7JobDescE
I1013 19:49:41.851723 36050 global.h:36] NewGlobal N7oneflow7OpGraphE
I1013 19:49:41.857014 36050 global.h:43] DeleteGlobal N7oneflow7OpGraphE
I1013 19:49:41.859282 36050 oneflow.cpp:210] 
job_id: 4 , job_name: System-Pull-Return_27 , compile time: 0.0198876 seconds.
I1013 19:49:41.864549 36050 global.h:43] DeleteGlobal N7oneflow7JobDescE
I1013 19:49:41.873153 36050 global.h:36] NewGlobal N7oneflow7JobDescE
I1013 19:49:41.873196 36050 global.h:36] NewGlobal N7oneflow7OpGraphE
I1013 19:49:41.879446 36050 global.h:43] DeleteGlobal N7oneflow7OpGraphE
I1013 19:49:41.883388 36050 oneflow.cpp:210] 
job_id: 5 , job_name: MainJob-unamed , compile time: 0.0102036 seconds.
I1013 19:49:41.892141 36050 global.h:43] DeleteGlobal N7oneflow7JobDescE
I1013 19:49:41.898475 36050 plan_util.cpp:928]  Plan: merged_plan needs to allocate [ 756.723 MiB ] device memory in Rank: 0 , Device: 0
I1013 19:49:41.898506 36050 plan_util.cpp:928]  Plan: merged_plan needs to allocate [ 723.27 MiB ] device memory in Rank: 0 , Device: 1
I1013 19:49:42.098681 36050 oneflow.cpp:998]  PushPlan merged_plan time: 0.020234 seconds.
I1013 19:49:42.157162 36050 oneflow.cpp:1014]  PullPlan merged_plan time: 0.0519442 seconds.
I1013 19:49:46.443118 36050 runtime_context.cpp:21] NewCounter constructing_actor_cnt 769
I1013 19:49:46.444795 36625 naive_actor.cpp:25] actor 2199023255722 switch to &NaiveActor::HandlerNormal
I1013 19:49:46.444929 36613 naive_actor.cpp:25] actor 1099614388228 switch to &NaiveActor::HandlerNormal
I1013 19:49:46.444952 36631 naive_actor.cpp:25] actor 2207613190314 switch to &NaiveActor::HandlerNormal
I1013 19:49:46.445183 36614 wait_and_send_ids_actor.cpp:53] actor 1099616485376 switch to &WaitAndSendIdsActor::HandlerWaitToStart
I1013 19:49:46.445351 36614 thread.cpp:96] Thread 524338 construct Actor kWaitAndSendIds 1099616485376
I1013 19:49:46.445211 36625 thread.cpp:96] Thread 1048576 construct Actor kDeviceTick 2199023255722
I1013 19:49:46.445318 36631 thread.cpp:96] Thread 1052672 construct Actor kDeviceTick 2207613190314
I1013 19:49:46.445282 36613 thread.cpp:96] Thread 524337 construct Actor kDeviceTick 1099614388228
I1013 19:49:46.445457 36614 runtime_context.cpp:29] DecreaseCounter constructing_actor_cnt, current val is 768
I1013 19:49:46.445484 36625 runtime_context.cpp:29] DecreaseCounter constructing_actor_cnt, current val is 767
I1013 19:49:46.445534 36613 runtime_context.cpp:29] DecreaseCounter constructing_actor_cnt, current val is 766
I1013 19:49:46.445535 36631 runtime_context.cpp:29] DecreaseCounter constructing_actor_cnt, current val is 765
I1013 19:49:46.445785 36625 naive_actor.cpp:25] actor 2199023255783 switch to &NaiveActor::HandlerNormal
I1013 19:49:46.445825 36625 thread.cpp:96] Thread 1048576 construct Actor kDeviceTick 2199023255783
I1013 19:49:46.445799 36613 naive_actor.cpp:25] actor 1099614388230 switch to &NaiveActor::HandlerNormal
I1013 19:49:46.445860 36631 naive_actor.cpp:25] actor 2207613190375 switch to &NaiveActor::HandlerNormal
I1013 19:49:46.445891 36625 runtime_context.cpp:29] DecreaseCounter constructing_actor_cnt, current val is 764
I1013 19:49:46.445909 36613 thread.cpp:96] Thread 524337 construct Actor kDeviceTick 1099614388230
I1013 19:49:46.445938 36631 thread.cpp:96] Thread 1052672 construct Actor kDeviceTick 2207613190375
I1013 19:49:46.446036 36613 runtime_context.cpp:29] DecreaseCounter constructing_actor_cnt, current val is 763
I1013 19:49:46.446051 36631 runtime_context.cpp:29] DecreaseCounter constructing_actor_cnt, current val is 762
I1013 19:49:46.446206 36625 naive_actor.cpp:25] actor 2199023255822 switch to &NaiveActor::HandlerNormal
I1013 19:49:46.446285 36613 naive_actor.cpp:25] actor 1099614388239 switch to &NaiveActor::HandlerNormal
I1013 19:49:46.446334 36625 thread.cpp:96] Thread 1048576 construct Actor kDeviceTick 2199023255822
I1013 19:49:46.446363 36613 thread.cpp:96] Thread 524337 construct Actor kDeviceTick 1099614388239
I1013 19:49:46.446408 36631 naive_actor.cpp:25] actor 2207613190414 switch to &NaiveActor::HandlerNormal
I1013 19:49:46.446435 36625 runtime_context.cpp:29] DecreaseCounter constructing_actor_cnt, current val is 761
I1013 19:49:46.446452 36613 runtime_context.cpp:29] DecreaseCounter constructing_actor_cnt, current val is 760
I1013 19:49:46.446442 36631 thread.cpp:96] Thread 1052672 construct Actor kDeviceTick 2207613190414
I1013 19:49:46.446705 36631 runtime_context.cpp:29] DecreaseCounter constructing_actor_cnt, current val is 759
I1013 19:49:46.446712 36613 naive_actor.cpp:25] actor 1099614388238 switch to &NaiveActor::HandlerNormal
I1013 19:49:46.446713 36625 naive_actor.cpp:25] actor 2199023255861 switch to &NaiveActor::HandlerNormal
I1013 19:49:46.446820 36613 thread.cpp:96] Thread 524337 construct Actor kDeviceTick 1099614388238
I1013 19:49:46.446872 36625 thread.cpp:96] Thread 1048576 construct Actor kDeviceTick 2199023255861
I1013 19:49:46.446931 36613 runtime_context.cpp:29] DecreaseCounter constructing_actor_cnt, current val is 758
I1013 19:49:46.446949 36625 runtime_context.cpp:29] DecreaseCounter constructing_actor_cnt, current val is 757
I1013 19:49:46.447078 36631 naive_actor.cpp:25] actor 2207613190453 switch to &NaiveActor::HandlerNormal
I1013 19:49:46.447131 36631 thread.cpp:96] Thread 1052672 construct Actor kDeviceTick 2207613190453
I1013 19:49:46.447198 36631 runtime_context.cpp:29] DecreaseCounter constructing_actor_cnt, current val is 756
I1013 19:49:46.447228 36613 naive_actor.cpp:25] actor 1099614388229 switch to &NaiveActor::HandlerNormal
I1013 19:49:46.447263 36613 thread.cpp:96] Thread 524337 construct Actor kDeviceTick 1099614388229
I1013 19:49:46.447312 36613 runtime_context.cpp:29] DecreaseCounter constructing_actor_cnt, current val is 755
I1013 19:49:46.447575 36613 naive_actor.cpp:25] actor 1099614388249 switch to &NaiveActor::HandlerNormal
I1013 19:49:46.447609 36613 thread.cpp:96] Thread 524337 construct Actor kDeviceTick 1099614388249
I1013 19:49:46.447660 36613 runtime_context.cpp:29] DecreaseCounter constructing_actor_cnt, current val is 754
I1013 19:49:46.448019 36613 naive_actor.cpp:25] actor 1099614388258 switch to &NaiveActor::HandlerNormal
I1013 19:49:46.448051 36613 thread.cpp:96] Thread 524337 construct Actor kDeviceTick 1099614388258
I1013 19:49:46.448102 36613 runtime_context.cpp:29] DecreaseCounter constructing_actor_cnt, current val is 753
I1013 19:49:46.448329 36613 naive_actor.cpp:25] actor 1099614388267 switch to &NaiveActor::HandlerNormal
I1013 19:49:46.448361 36613 thread.cpp:96] Thread 524337 construct Actor kDeviceTick 1099614388267
I1013 19:49:46.448410 36613 runtime_context.cpp:29] DecreaseCounter constructing_actor_cnt, current val is 752
I1013 19:49:46.448657 36613 naive_actor.cpp:25] actor 1099614388287 switch to &NaiveActor::HandlerNormal
I1013 19:49:46.448689 36613 thread.cpp:96] Thread 524337 construct Actor kDeviceTick 1099614388287
I1013 19:49:46.448738 36613 runtime_context.cpp:29] DecreaseCounter constructing_actor_cnt, current val is 751
I1013 19:49:46.448988 36613 naive_actor.cpp:25] actor 1099614388285 switch to &NaiveActor::HandlerNormal
I1013 19:49:46.449021 36613 thread.cpp:96] Thread 524337 construct Actor kDeviceTick 1099614388285
I1013 19:49:46.449069 36613 runtime_context.cpp:29] DecreaseCounter constructing_actor_cnt, current val is 750
I1013 19:49:46.449302 36613 naive_actor.cpp:25] actor 1099614388276 switch to &NaiveActor::HandlerNormal
I1013 19:49:46.449334 36613 thread.cpp:96] Thread 524337 construct Actor kDeviceTick 1099614388276
I1013 19:49:46.449383 36613 runtime_context.cpp:29] DecreaseCounter constructing_actor_cnt, current val is 749
I1013 19:49:46.449640 36613 naive_actor.cpp:25] actor 1099614388284 switch to &NaiveActor::HandlerNormal
I1013 19:49:46.449674 36613 thread.cpp:96] Thread 524337 construct Actor kDeviceTick 1099614388284
I1013 19:49:46.449723 36613 runtime_context.cpp:29] DecreaseCounter constructing_actor_cnt, current val is 748
I1013 19:49:46.468192 36605 naive_actor.cpp:25] actor 1099555667968 switch to &NaiveActor::HandlerNormal
I1013 19:49:46.468345 36596 naive_actor.cpp:25] actor 1099536793600 switch to &NaiveActor::HandlerNormal
I1013 19:49:46.468335 36597 naive_actor.cpp:25] actor 1099538890752 switch to &NaiveActor::HandlerNormal
I1013 19:49:46.468259 36606 naive_actor.cpp:25] actor 1099557765120 switch to &NaiveActor::HandlerNormal
I1013 19:49:46.468361 36605 thread.cpp:96] Thread 524309 construct Actor kNormalForward 1099555667968
I1013 19:49:46.468415 36595 naive_actor.cpp:25] actor 1099534696448 switch to &NaiveActor::HandlerNormal
I1013 19:49:46.468844 36600 naive_actor.cpp:25] actor 1099545182208 switch to &NaiveActor::HandlerNormal
I1013 19:49:46.468950 36601 naive_actor.cpp:25] actor 1099547279360 switch to &NaiveActor::HandlerNormal
I1013 19:49:46.468552 36597 thread.cpp:96] Thread 524301 construct Actor kNormalForward 1099538890752
I1013 19:49:46.469115 36604 naive_actor.cpp:25] actor 1099553570816 switch to &NaiveActor::HandlerNormal
I1013 19:49:46.468616 36602 naive_actor.cpp:25] actor 1099549376512 switch to &NaiveActor::HandlerNormal
I1013 19:49:46.468650 36606 thread.cpp:96] Thread 524310 construct Actor kNormalForward 1099557765120
I1013 19:49:46.469383 36592 naive_actor.cpp:25] actor 1099528404992 switch to &NaiveActor::HandlerNormal
I1013 19:49:46.469472 36606 runtime_context.cpp:29] DecreaseCounter constructing_actor_cnt, current val is 745
I1013 19:49:46.469491 36592 thread.cpp:96] Thread 524296 construct Actor kNormalForward 1099528404992
I1013 19:49:46.468439 36594 naive_actor.cpp:25] actor 1099532599296 switch to &NaiveActor::HandlerNormal
I1013 19:49:46.469689 36633 naive_actor.cpp:25] actor 2207615287297 switch to &NaiveActor::HandlerNormal
I1013 19:49:46.469769 36612 naive_actor.cpp:25] actor 1099570348032 switch to &NaiveActor::HandlerNormal
I1013 19:49:46.469846 36612 thread.cpp:96] Thread 524316 construct Actor kForeignOutput 1099570348032
I1013 19:49:46.468973 36600 thread.cpp:96] Thread 524304 construct Actor kNormalForward 1099545182208
I1013 19:49:46.469980 36593 naive_actor.cpp:25] actor 1099530502144 switch to &NaiveActor::HandlerNormal
I1013 19:49:46.470018 36600 runtime_context.cpp:29] DecreaseCounter constructing_actor_cnt, current val is 742
I1013 19:49:46.469071 36601 thread.cpp:96] Thread 524305 construct Actor kForeignInput 1099547279360
I1013 19:49:46.468595 36608 naive_actor.cpp:25] actor 1099561959424 switch to &NaiveActor::HandlerNormal
I1013 19:49:46.470204 36608 thread.cpp:96] Thread 524312 construct Actor kNormalForward 1099561959424
I1013 19:49:46.469208 36627 naive_actor.cpp:25] actor 2199025352705 switch to &NaiveActor::HandlerNormal
I1013 19:49:46.470327 36608 runtime_context.cpp:29] DecreaseCounter constructing_actor_cnt, current val is 740
I1013 19:49:46.469216 36597 runtime_context.cpp:29] DecreaseCounter constructing_actor_cnt, current val is 746
I1013 19:49:46.469239 36604 thread.cpp:96] Thread 524308 construct Actor kForeignInput 1099553570816
I1013 19:49:46.469310 36629 naive_actor.cpp:25] actor 2199027449856 switch to &NaiveActor::HandlerNormal
I1013 19:49:46.470422 36629 thread.cpp:96] Thread 1048578 construct Actor kCopyHd 2199027449856
I1013 19:49:46.469305 36587 naive_actor.cpp:25] actor 1099517919232 switch to &NaiveActor::HandlerNormal
I1013 19:49:46.470582 36587 thread.cpp:96] Thread 524291 construct Actor kNormalForward 1099517919232
I1013 19:49:46.468788 36603 naive_actor.cpp:25] actor 1099551473664 switch to &NaiveActor::HandlerNormal
I1013 19:49:46.469391 36591 naive_actor.cpp:25] actor 1099526307840 switch to &NaiveActor::HandlerNormal
I1013 19:49:46.470754 36591 thread.cpp:96] Thread 524295 construct Actor kNormalForward 1099526307840
I1013 19:49:46.469465 36598 naive_actor.cpp:25] actor 1099540987904 switch to &NaiveActor::HandlerNormal
I1013 19:49:46.469478 36611 naive_actor.cpp:25] actor 1099568250880 switch to &NaiveActor::HandlerNormal
I1013 19:49:46.471060 36611 thread.cpp:96] Thread 524315 construct Actor kNormalForward 1099568250880
I1013 19:49:46.468854 36605 runtime_context.cpp:29] DecreaseCounter constructing_actor_cnt, current val is 747
I1013 19:49:46.469487 36615 sink_actor.cpp:21] actor 1099618582528 switch to &SinkActor::HandlerNormal
I1013 19:49:46.469606 36589 naive_actor.cpp:25] actor 1099522113536 switch to &NaiveActor::HandlerNormal
I1013 19:49:46.471303 36589 thread.cpp:96] Thread 524293 construct Actor kNormalForward 1099522113536
I1013 19:49:46.468873 36595 thread.cpp:96] Thread 524299 construct Actor kNormalForward 1099534696448
I1013 19:49:46.469702 36592 runtime_context.cpp:29] DecreaseCounter constructing_actor_cnt, current val is 744
I1013 19:49:46.469714 36594 thread.cpp:96] Thread 524298 construct Actor kNormalForward 1099532599296
I1013 19:49:46.468474 36596 thread.cpp:96] Thread 524300 construct Actor kNormalForward 1099536793600
I1013 19:49:46.469794 36633 thread.cpp:96] Thread 1052673 construct Actor kCopyHd 2207615287297
I1013 19:49:46.471886 36596 runtime_context.cpp:29] DecreaseCounter constructing_actor_cnt, current val is 731
I1013 19:49:46.471925 36633 runtime_context.cpp:29] DecreaseCounter constructing_actor_cnt, current val is 730
I1013 19:49:46.469928 36612 runtime_context.cpp:29] DecreaseCounter constructing_actor_cnt, current val is 743
I1013 19:49:46.472107 36633 naive_actor.cpp:25] actor 2207615287298 switch to &NaiveActor::HandlerNormal
I1013 19:49:46.472160 36633 thread.cpp:96] Thread 1052673 construct Actor kCopyHd 2207615287298
I1013 19:49:46.472223 36633 runtime_context.cpp:29] DecreaseCounter constructing_actor_cnt, current val is 729
I1013 19:49:46.470146 36631 naive_actor.cpp:25] actor 2207613190159 switch to &NaiveActor::HandlerNormal
I1013 19:49:46.472373 36633 naive_actor.cpp:25] actor 2207615287299 switch to &NaiveActor::HandlerNormal
I1013 19:49:46.472421 36633 thread.cpp:96] Thread 1052673 construct Actor kCopyHd 2207615287299
I1013 19:49:46.469154 36607 naive_actor.cpp:25] actor 1099559862272 switch to &NaiveActor::HandlerNormal
I1013 19:49:46.470338 36627 thread.cpp:96] Thread 1048577 construct Actor kCopyHd 2199025352705
I1013 19:49:46.469251 36588 naive_actor.cpp:25] actor 1099520016384 switch to &NaiveActor::HandlerNormal
I1013 19:49:46.470450 36604 runtime_context.cpp:29] DecreaseCounter constructing_actor_cnt, current val is 739
I1013 19:49:46.470465 36629 runtime_context.cpp:29] DecreaseCounter constructing_actor_cnt, current val is 738
I1013 19:49:46.469319 36602 thread.cpp:96] Thread 524306 construct Actor kNormalForward 1099549376512
I1013 19:49:46.470682 36603 thread.cpp:96] Thread 524307 construct Actor kNormalForward 1099551473664
I1013 19:49:46.472973 36602 runtime_context.cpp:29] DecreaseCounter constructing_actor_cnt, current val is 726
I1013 19:49:46.469436 36610 naive_actor.cpp:25] actor 1099566153728 switch to &NaiveActor::HandlerNormal
I1013 19:49:46.473171 36610 thread.cpp:96] Thread 524314 construct Actor kNormalForward 1099566153728
I1013 19:49:46.470971 36598 thread.cpp:96] Thread 524302 construct Actor kNormalForward 1099540987904
I1013 19:49:46.473323 36610 runtime_context.cpp:29] DecreaseCounter constructing_actor_cnt, current val is 724
I1013 19:49:46.471168 36611 runtime_context.cpp:29] DecreaseCounter constructing_actor_cnt, current val is 735
I1013 19:49:46.471217 36615 thread.cpp:96] Thread 524339 construct Actor kCallbackNotify 1099618582528
I1013 19:49:46.469667 36609 naive_actor.cpp:25] actor 1099564056576 switch to &NaiveActor::HandlerNormal
I1013 19:49:46.471419 36589 runtime_context.cpp:29] DecreaseCounter constructing_actor_cnt, current val is 734
I1013 19:49:46.471588 36595 runtime_context.cpp:29] DecreaseCounter constructing_actor_cnt, current val is 733
I1013 19:49:46.471829 36594 runtime_context.cpp:29] DecreaseCounter constructing_actor_cnt, current val is 732
I1013 19:49:46.469771 36613 naive_actor.cpp:25] actor 1099614388233 switch to &NaiveActor::HandlerNormal
I1013 19:49:46.473950 36613 thread.cpp:96] Thread 524337 construct Actor kDstSubsetTick 1099614388233
I1013 19:49:46.469025 36590 naive_actor.cpp:25] actor 1099524210688 switch to &NaiveActor::HandlerNormal
I1013 19:49:46.474159 36590 thread.cpp:96] Thread 524294 construct Actor kNormalForward 1099524210688
I1013 19:49:46.469084 36625 naive_actor.cpp:25] actor 2199023255565 switch to &NaiveActor::HandlerNormal
I1013 19:49:46.474282 36590 runtime_context.cpp:29] DecreaseCounter constructing_actor_cnt, current val is 720
I1013 19:49:46.474282 36625 thread.cpp:96] Thread 1048576 construct Actor kNormalForward 2199023255565
I1013 19:49:46.472477 36633 runtime_context.cpp:29] DecreaseCounter constructing_actor_cnt, current val is 728
I1013 19:49:46.472558 36607 thread.cpp:96] Thread 524311 construct Actor kForeignInput 1099559862272
I1013 19:49:46.472642 36627 runtime_context.cpp:29] DecreaseCounter constructing_actor_cnt, current val is 727
I1013 19:49:46.472676 36588 thread.cpp:96] Thread 524292 construct Actor kNormalForward 1099520016384
I1013 19:49:46.470731 36587 runtime_context.cpp:29] DecreaseCounter constructing_actor_cnt, current val is 737
I1013 19:49:46.473032 36603 runtime_context.cpp:29] DecreaseCounter constructing_actor_cnt, current val is 725
I1013 19:49:46.470875 36591 runtime_context.cpp:29] DecreaseCounter constructing_actor_cnt, current val is 736
I1013 19:49:46.468832 36599 naive_actor.cpp:25] actor 1099543085056 switch to &NaiveActor::HandlerNormal
I1013 19:49:46.475178 36599 thread.cpp:96] Thread 524303 construct Actor kNormalForward 1099543085056
I1013 19:49:46.473603 36615 runtime_context.cpp:29] DecreaseCounter constructing_actor_cnt, current val is 722
I1013 19:49:46.473673 36609 thread.cpp:96] Thread 524313 construct Actor kNormalForward 1099564056576
I1013 19:49:46.469787 36586 naive_actor.cpp:25] actor 1099515822080 switch to &NaiveActor::HandlerNormal
I1013 19:49:46.474098 36613 runtime_context.cpp:29] DecreaseCounter constructing_actor_cnt, current val is 721
I1013 19:49:46.470027 36593 thread.cpp:96] Thread 524297 construct Actor kNormalForward 1099530502144
I1013 19:49:46.472368 36631 thread.cpp:96] Thread 1052672 construct Actor kNormalForward 2207613190159
I1013 19:49:46.470157 36601 runtime_context.cpp:29] DecreaseCounter constructing_actor_cnt, current val is 741
I1013 19:49:46.474440 36625 runtime_context.cpp:29] DecreaseCounter constructing_actor_cnt, current val is 719
I1013 19:49:46.474699 36607 runtime_context.cpp:29] DecreaseCounter constructing_actor_cnt, current val is 718
I1013 19:49:46.474809 36633 naive_actor.cpp:25] actor 2207615287300 switch to &NaiveActor::HandlerNormal
I1013 19:49:46.474829 36588 runtime_context.cpp:29] DecreaseCounter constructing_actor_cnt, current val is 717
I1013 19:49:46.475044 36627 naive_actor.cpp:25] actor 2199025352708 switch to &NaiveActor::HandlerNormal
I1013 19:49:46.475944 36627 thread.cpp:96] Thread 1048577 construct Actor kSliceBoxing 2199025352708
I1013 19:49:46.475298 36599 runtime_context.cpp:29] DecreaseCounter constructing_actor_cnt, current val is 716
I1013 19:49:46.475471 36609 runtime_context.cpp:29] DecreaseCounter constructing_actor_cnt, current val is 715
I1013 19:49:46.475479 36586 thread.cpp:96] Thread 524290 construct Actor kNormalForward 1099515822080
I1013 19:49:46.475658 36593 runtime_context.cpp:29] DecreaseCounter constructing_actor_cnt, current val is 714
I1013 19:49:46.475731 36631 runtime_context.cpp:29] DecreaseCounter constructing_actor_cnt, current val is 713
I1013 19:49:46.475857 36633 thread.cpp:96] Thread 1052673 construct Actor kCopyHd 2207615287300
I1013 19:49:46.473359 36598 runtime_context.cpp:29] DecreaseCounter constructing_actor_cnt, current val is 723
I1013 19:49:46.476445 36633 runtime_context.cpp:29] DecreaseCounter constructing_actor_cnt, current val is 710
I1013 19:49:46.476022 36627 runtime_context.cpp:29] DecreaseCounter constructing_actor_cnt, current val is 712
I1013 19:49:46.476267 36586 runtime_context.cpp:29] DecreaseCounter constructing_actor_cnt, current val is 711
I1013 19:49:46.476007 36613 naive_actor.cpp:25] actor 1099614388244 switch to &NaiveActor::HandlerNormal
I1013 19:49:46.476603 36633 naive_actor.cpp:25] actor 2207615287296 switch to &NaiveActor::HandlerNormal
I1013 19:49:46.476631 36613 thread.cpp:96] Thread 524337 construct Actor kTick 1099614388244
I1013 19:49:46.476683 36627 naive_actor.cpp:25] actor 2199025352709 switch to &NaiveActor::HandlerNormal
I1013 19:49:46.476684 36633 thread.cpp:96] Thread 1052673 construct Actor kCopyHd 2207615287296
I1013 19:49:46.476760 36627 thread.cpp:96] Thread 1048577 construct Actor kCopyHd 2199025352709
I1013 19:49:46.476778 36613 runtime_context.cpp:29] DecreaseCounter constructing_actor_cnt, current val is 709
I1013 19:49:46.476840 36633 runtime_context.cpp:29] DecreaseCounter constructing_actor_cnt, current val is 708
I1013 19:49:46.476869 36627 runtime_context.cpp:29] DecreaseCounter constructing_actor_cnt, current val is 707
I1013 19:49:46.476871 36631 naive_actor.cpp:25] actor 2207613190155 switch to &NaiveActor::HandlerNormal
I1013 19:49:46.477118 36633 naive_actor.cpp:25] actor 2207615287301 switch to &NaiveActor::HandlerNormal
I1013 19:49:46.477141 36631 thread.cpp:96] Thread 1052672 construct Actor kNormalForward 2207613190155
I1013 19:49:46.477178 36633 thread.cpp:96] Thread 1052673 construct Actor kCopyHd 2207615287301
I1013 19:49:46.477216 36627 naive_actor.cpp:25] actor 2199025352706 switch to &NaiveActor::HandlerNormal
I1013 19:49:46.477285 36631 runtime_context.cpp:29] DecreaseCounter constructing_actor_cnt, current val is 706
I1013 19:49:46.477291 36633 runtime_context.cpp:29] DecreaseCounter constructing_actor_cnt, current val is 705
I1013 19:49:46.477319 36627 thread.cpp:96] Thread 1048577 construct Actor kCopyHd 2199025352706
I1013 19:49:46.477406 36613 naive_actor.cpp:25] actor 1099614388242 switch to &NaiveActor::HandlerNormal
I1013 19:49:46.477459 36627 runtime_context.cpp:29] DecreaseCounter constructing_actor_cnt, current val is 704
I1013 19:49:46.477481 36613 thread.cpp:96] Thread 524337 construct Actor kTick 1099614388242
I1013 19:49:46.477516 36633 naive_actor.cpp:25] actor 2207615287302 switch to &NaiveActor::HandlerNormal
I1013 19:49:46.477600 36633 thread.cpp:96] Thread 1052673 construct Actor kCopyHd 2207615287302
I1013 19:49:46.477622 36613 runtime_context.cpp:29] DecreaseCounter constructing_actor_cnt, current val is 703
I1013 19:49:46.477659 36627 naive_actor.cpp:25] actor 2199025352704 switch to &NaiveActor::HandlerNormal
I1013 19:49:46.477667 36633 runtime_context.cpp:29] DecreaseCounter constructing_actor_cnt, current val is 702
I1013 19:49:46.477725 36627 thread.cpp:96] Thread 1048577 construct Actor kCopyHd 2199025352704
I1013 19:49:46.477788 36631 naive_actor.cpp:25] actor 2207613190162 switch to &NaiveActor::HandlerNormal
I1013 19:49:46.477849 36631 thread.cpp:96] Thread 1052672 construct Actor kNormalForward 2207613190162
I1013 19:49:46.477818 36627 runtime_context.cpp:29] DecreaseCounter constructing_actor_cnt, current val is 701
I1013 19:49:46.477939 36631 runtime_context.cpp:29] DecreaseCounter constructing_actor_cnt, current val is 700
I1013 19:49:46.478113 36627 naive_actor.cpp:25] actor 2199025352707 switch to &NaiveActor::HandlerNormal
I1013 19:49:46.478121 36613 naive_actor.cpp:25] actor 1099614388236 switch to &NaiveActor::HandlerNormal
I1013 19:49:46.478122 36625 naive_actor.cpp:25] actor 2199023255568 switch to &NaiveActor::HandlerNormal
I1013 19:49:46.478178 36627 thread.cpp:96] Thread 1048577 construct Actor kCopyHd 2199025352707
I1013 19:49:46.478224 36613 thread.cpp:96] Thread 524337 construct Actor kTick 1099614388236
I1013 19:49:46.478278 36625 thread.cpp:96] Thread 1048576 construct Actor kNormalForward 2199023255568
I1013 19:49:46.478332 36627 runtime_context.cpp:29] DecreaseCounter constructing_actor_cnt, current val is 699
I1013 19:49:46.478365 36613 runtime_context.cpp:29] DecreaseCounter constructing_actor_cnt, current val is 698
I1013 19:49:46.478395 36631 naive_actor.cpp:25] actor 2207613190146 switch to &NaiveActor::HandlerNormal
I1013 19:49:46.478421 36625 runtime_context.cpp:29] DecreaseCounter constructing_actor_cnt, current val is 697
I1013 19:49:46.478466 36631 thread.cpp:96] Thread 1052672 construct Actor kNormalForward 2207613190146
I1013 19:49:46.478541 36627 naive_actor.cpp:25] actor 2199025352710 switch to &NaiveActor::HandlerNormal
I1013 19:49:46.478606 36627 thread.cpp:96] Thread 1048577 construct Actor kCopyHd 2199025352710
I1013 19:49:46.478611 36631 runtime_context.cpp:29] DecreaseCounter constructing_actor_cnt, current val is 696
I1013 19:49:46.478677 36627 runtime_context.cpp:29] DecreaseCounter constructing_actor_cnt, current val is 695
I1013 19:49:46.478888 36627 naive_actor.cpp:25] actor 2199025352711 switch to &NaiveActor::HandlerNormal
I1013 19:49:46.478902 36613 naive_actor.cpp:25] actor 1099614388245 switch to &NaiveActor::HandlerNormal
I1013 19:49:46.478999 36627 thread.cpp:96] Thread 1048577 construct Actor kCopyHd 2199025352711
I1013 19:49:46.479058 36613 thread.cpp:96] Thread 524337 construct Actor kTick 1099614388245
I1013 19:49:46.479117 36627 runtime_context.cpp:29] DecreaseCounter constructing_actor_cnt, current val is 694
I1013 19:49:46.479176 36613 runtime_context.cpp:29] DecreaseCounter constructing_actor_cnt, current val is 693
I1013 19:49:46.479677 36613 naive_actor.cpp:25] actor 1099614388226 switch to &NaiveActor::HandlerNormal
I1013 19:49:46.479732 36613 thread.cpp:96] Thread 524337 construct Actor kDeviceTick 1099614388226
I1013 19:49:46.479809 36613 runtime_context.cpp:29] DecreaseCounter constructing_actor_cnt, current val is 692
I1013 19:49:46.480065 36625 naive_actor.cpp:25] actor 2199023255566 switch to &NaiveActor::HandlerNormal
I1013 19:49:46.480124 36625 thread.cpp:96] Thread 1048576 construct Actor kNormalForward 2199023255566
I1013 19:49:46.480192 36631 naive_actor.cpp:25] actor 2207613190147 switch to &NaiveActor::HandlerNormal
I1013 19:49:46.480216 36613 naive_actor.cpp:25] actor 1099614388227 switch to &NaiveActor::HandlerNormal
I1013 19:49:46.480221 36625 runtime_context.cpp:29] DecreaseCounter constructing_actor_cnt, current val is 691
I1013 19:49:46.480252 36631 thread.cpp:96] Thread 1052672 construct Actor kNormalForward 2207613190147
I1013 19:49:46.480293 36613 thread.cpp:96] Thread 524337 construct Actor kSrcSubsetTick 1099614388227
I1013 19:49:46.480461 36613 runtime_context.cpp:29] DecreaseCounter constructing_actor_cnt, current val is 690
I1013 19:49:46.480464 36631 runtime_context.cpp:29] DecreaseCounter constructing_actor_cnt, current val is 689
I1013 19:49:46.480849 36613 naive_actor.cpp:25] actor 1099614388237 switch to &NaiveActor::HandlerNormal
I1013 19:49:46.480902 36613 thread.cpp:96] Thread 524337 construct Actor kTick 1099614388237
I1013 19:49:46.480973 36613 runtime_context.cpp:29] DecreaseCounter constructing_actor_cnt, current val is 688
I1013 19:49:46.480980 36631 naive_actor.cpp:25] actor 2207613190171 switch to &NaiveActor::HandlerNormal
I1013 19:49:46.481061 36631 thread.cpp:96] Thread 1052672 construct Actor kNormalForward 2207613190171
I1013 19:49:46.481155 36631 runtime_context.cpp:29] DecreaseCounter constructing_actor_cnt, current val is 687
I1013 19:49:46.481356 36613 naive_actor.cpp:25] actor 1099614388240 switch to &NaiveActor::HandlerNormal
I1013 19:49:46.481413 36613 thread.cpp:96] Thread 524337 construct Actor kSrcSubsetTick 1099614388240
I1013 19:49:46.481490 36613 runtime_context.cpp:29] DecreaseCounter constructing_actor_cnt, current val is 686
I1013 19:49:46.481504 36625 naive_actor.cpp:25] actor 2199023255590 switch to &NaiveActor::HandlerNormal
I1013 19:49:46.481590 36625 thread.cpp:96] Thread 1048576 construct Actor kNormalForward 2199023255590
I1013 19:49:46.481679 36625 runtime_context.cpp:29] DecreaseCounter constructing_actor_cnt, current val is 685
I1013 19:49:46.481906 36613 naive_actor.cpp:25] actor 1099614388234 switch to &NaiveActor::HandlerNormal
I1013 19:49:46.481957 36613 thread.cpp:96] Thread 524337 construct Actor kTick 1099614388234
I1013 19:49:46.482017 36613 runtime_context.cpp:29] DecreaseCounter constructing_actor_cnt, current val is 684
I1013 19:49:46.482239 36631 naive_actor.cpp:25] actor 2207613190148 switch to &NaiveActor::HandlerNormal
I1013 19:49:46.482295 36631 thread.cpp:96] Thread 1052672 construct Actor kNormalForward 2207613190148
I1013 19:49:46.482395 36631 runtime_context.cpp:29] DecreaseCounter constructing_actor_cnt, current val is 683
I1013 19:49:46.482805 36613 esac_actor.cpp:73] actor 1099614388324 switch to &EsacActor::HandlerNormal
I1013 19:49:46.482857 36631 naive_actor.cpp:25] actor 2207613190151 switch to &NaiveActor::HandlerNormal
I1013 19:49:46.482863 36613 thread.cpp:96] Thread 524337 construct Actor kEsac 1099614388324
I1013 19:49:46.482909 36631 thread.cpp:96] Thread 1052672 construct Actor kNormalForward 2207613190151
I1013 19:49:46.483014 36613 runtime_context.cpp:29] DecreaseCounter constructing_actor_cnt, current val is 682
I1013 19:49:46.483026 36625 naive_actor.cpp:25] actor 2199023255555 switch to &NaiveActor::HandlerNormal
I1013 19:49:46.483175 36631 runtime_context.cpp:29] DecreaseCounter constructing_actor_cnt, current val is 681
I1013 19:49:46.483175 36625 thread.cpp:96] Thread 1048576 construct Actor kNormalForward 2199023255555
I1013 19:49:46.483330 36625 runtime_context.cpp:29] DecreaseCounter constructing_actor_cnt, current val is 680
I1013 19:49:46.483546 36613 naive_actor.cpp:25] actor 1099614388330 switch to &NaiveActor::HandlerNormal
I1013 19:49:46.483645 36613 thread.cpp:96] Thread 524337 construct Actor kTick 1099614388330
I1013 19:49:46.483736 36613 runtime_context.cpp:29] DecreaseCounter constructing_actor_cnt, current val is 679
I1013 19:49:46.484042 36625 naive_actor.cpp:25] actor 2199023255579 switch to &NaiveActor::HandlerNormal
I1013 19:49:46.484099 36625 thread.cpp:96] Thread 1048576 construct Actor kNormalForward 2199023255579
I1013 19:49:46.484127 36613 naive_actor.cpp:25] actor 1099614388225 switch to &NaiveActor::HandlerNormal
I1013 19:49:46.484177 36613 thread.cpp:96] Thread 524337 construct Actor kDeviceTick 1099614388225
I1013 19:49:46.484180 36625 runtime_context.cpp:29] DecreaseCounter constructing_actor_cnt, current val is 678
I1013 19:49:46.484256 36613 runtime_context.cpp:29] DecreaseCounter constructing_actor_cnt, current val is 677
I1013 19:49:46.484441 36631 naive_actor.cpp:25] actor 2207613190172 switch to &NaiveActor::HandlerNormal
I1013 19:49:46.484510 36631 thread.cpp:96] Thread 1052672 construct Actor kNormalForward 2207613190172
I1013 19:49:46.484622 36631 runtime_context.cpp:29] DecreaseCounter constructing_actor_cnt, current val is 676
I1013 19:49:46.484678 36613 naive_actor.cpp:25] actor 1099614388235 switch to &NaiveActor::HandlerNormal
I1013 19:49:46.484735 36613 thread.cpp:96] Thread 524337 construct Actor kTick 1099614388235
I1013 19:49:46.484812 36613 runtime_context.cpp:29] DecreaseCounter constructing_actor_cnt, current val is 675
I1013 19:49:46.485307 36613 naive_actor.cpp:25] actor 1099614388243 switch to &NaiveActor::HandlerNormal
I1013 19:49:46.485363 36613 thread.cpp:96] Thread 524337 construct Actor kDstSubsetTick 1099614388243
I1013 19:49:46.485451 36613 runtime_context.cpp:29] DecreaseCounter constructing_actor_cnt, current val is 674
I1013 19:49:46.485687 36625 naive_actor.cpp:25] actor 2199023255628 switch to &NaiveActor::HandlerNormal
I1013 19:49:46.485745 36625 thread.cpp:96] Thread 1048576 construct Actor kNormalForward 2199023255628
I1013 19:49:46.485852 36625 runtime_context.cpp:29] DecreaseCounter constructing_actor_cnt, current val is 673
I1013 19:49:46.485858 36613 naive_actor.cpp:25] actor 1099614388224 switch to &NaiveActor::HandlerNormal
I1013 19:49:46.485921 36613 thread.cpp:96] Thread 524337 construct Actor kDeviceTick 1099614388224
I1013 19:49:46.485970 36631 naive_actor.cpp:25] actor 2207613190175 switch to &NaiveActor::HandlerNormal
I1013 19:49:46.485997 36613 runtime_context.cpp:29] DecreaseCounter constructing_actor_cnt, current val is 672
I1013 19:49:46.486033 36631 thread.cpp:96] Thread 1052672 construct Actor kNormalForward 2207613190175
I1013 19:49:46.486168 36631 runtime_context.cpp:29] DecreaseCounter constructing_actor_cnt, current val is 671
I1013 19:49:46.486443 36613 naive_actor.cpp:25] actor 1099614388232 switch to &NaiveActor::HandlerNormal
I1013 19:49:46.486496 36613 thread.cpp:96] Thread 524337 construct Actor kTick 1099614388232
I1013 19:49:46.486584 36613 runtime_context.cpp:29] DecreaseCounter constructing_actor_cnt, current val is 670
I1013 19:49:46.486622 36631 naive_actor.cpp:25] actor 2207613190157 switch to &NaiveActor::HandlerNormal
I1013 19:49:46.486677 36631 thread.cpp:96] Thread 1052672 construct Actor kNormalForward 2207613190157
I1013 19:49:46.486770 36631 runtime_context.cpp:29] DecreaseCounter constructing_actor_cnt, current val is 669
I1013 19:49:46.487010 36613 naive_actor.cpp:25] actor 1099614388248 switch to &NaiveActor::HandlerNormal
I1013 19:49:46.487078 36625 naive_actor.cpp:25] actor 2199023255553 switch to &NaiveActor::HandlerNormal
I1013 19:49:46.487113 36613 thread.cpp:96] Thread 524337 construct Actor kSrcSubsetTick 1099614388248
I1013 19:49:46.487144 36631 naive_actor.cpp:25] actor 2207613190199 switch to &NaiveActor::HandlerNormal
I1013 19:49:46.487197 36625 thread.cpp:96] Thread 1048576 construct Actor kNormalForward 2199023255553
I1013 19:49:46.487277 36613 runtime_context.cpp:29] DecreaseCounter constructing_actor_cnt, current val is 668
I1013 19:49:46.487277 36631 thread.cpp:96] Thread 1052672 construct Actor kNormalForward 2207613190199
I1013 19:49:46.487360 36625 runtime_context.cpp:29] DecreaseCounter constructing_actor_cnt, current val is 667
I1013 19:49:46.487406 36631 runtime_context.cpp:29] DecreaseCounter constructing_actor_cnt, current val is 666
I1013 19:49:46.487758 36613 naive_actor.cpp:25] actor 1099614388251 switch to &NaiveActor::HandlerNormal
I1013 19:49:46.487808 36625 naive_actor.cpp:25] actor 2199023255577 switch to &NaiveActor::HandlerNormal
I1013 19:49:46.487814 36613 thread.cpp:96] Thread 524337 construct Actor kTick 1099614388251
I1013 19:49:46.487859 36625 thread.cpp:96] Thread 1048576 construct Actor kNormalForward 2199023255577
I1013 19:49:46.487926 36613 runtime_context.cpp:29] DecreaseCounter constructing_actor_cnt, current val is 665
I1013 19:49:46.487964 36625 runtime_context.cpp:29] DecreaseCounter constructing_actor_cnt, current val is 664
I1013 19:49:46.488394 36613 esac_actor.cpp:73] actor 1099614388332 switch to &EsacActor::HandlerNormal
I1013 19:49:46.488446 36613 thread.cpp:96] Thread 524337 construct Actor kEsac 1099614388332
I1013 19:49:46.488541 36613 runtime_context.cpp:29] DecreaseCounter constructing_actor_cnt, current val is 663
I1013 19:49:46.488842 36625 naive_actor.cpp:25] actor 2199023255558 switch to &NaiveActor::HandlerNormal
I1013 19:49:46.488907 36625 thread.cpp:96] Thread 1048576 construct Actor kNormalForward 2199023255558
I1013 19:49:46.488997 36625 runtime_context.cpp:29] DecreaseCounter constructing_actor_cnt, current val is 662
I1013 19:49:46.489054 36613 naive_actor.cpp:25] actor 1099614388246 switch to &NaiveActor::HandlerNormal
I1013 19:49:46.489107 36613 thread.cpp:96] Thread 524337 construct Actor kTick 1099614388246
I1013 19:49:46.489174 36613 runtime_context.cpp:29] DecreaseCounter constructing_actor_cnt, current val is 661
I1013 19:49:46.489538 36613 naive_actor.cpp:25] actor 1099614388247 switch to &NaiveActor::HandlerNormal
I1013 19:49:46.489601 36613 thread.cpp:96] Thread 524337 construct Actor kDeviceTick 1099614388247
I1013 19:49:46.489671 36613 runtime_context.cpp:29] DecreaseCounter constructing_actor_cnt, current val is 660
I1013 19:49:46.490016 36613 naive_actor.cpp:25] actor 1099614388253 switch to &NaiveActor::HandlerNormal
I1013 19:49:46.490079 36613 thread.cpp:96] Thread 524337 construct Actor kTick 1099614388253
I1013 19:49:46.490144 36613 runtime_context.cpp:29] DecreaseCounter constructing_actor_cnt, current val is 659
I1013 19:49:46.490165 36625 naive_actor.cpp:25] actor 2199023255560 switch to &NaiveActor::HandlerNormal
I1013 19:49:46.490216 36625 thread.cpp:96] Thread 1048576 construct Actor kNormalForward 2199023255560
I1013 19:49:46.490301 36625 runtime_context.cpp:29] DecreaseCounter constructing_actor_cnt, current val is 658
I1013 19:49:46.490514 36613 naive_actor.cpp:25] actor 1099614388254 switch to &NaiveActor::HandlerNormal
I1013 19:49:46.490562 36613 thread.cpp:96] Thread 524337 construct Actor kTick 1099614388254
I1013 19:49:46.490648 36613 runtime_context.cpp:29] DecreaseCounter constructing_actor_cnt, current val is 657
I1013 19:49:46.490661 36625 naive_actor.cpp:25] actor 2199023255584 switch to &NaiveActor::HandlerNormal
I1013 19:49:46.490734 36625 thread.cpp:96] Thread 1048576 construct Actor kNormalForward 2199023255584
I1013 19:49:46.490810 36625 runtime_context.cpp:29] DecreaseCounter constructing_actor_cnt, current val is 656
I1013 19:49:46.491046 36613 naive_actor.cpp:25] actor 1099614388252 switch to &NaiveActor::HandlerNormal
I1013 19:49:46.491153 36625 naive_actor.cpp:25] actor 2199023255563 switch to &NaiveActor::HandlerNormal
I1013 19:49:46.491199 36613 thread.cpp:96] Thread 524337 construct Actor kDstSubsetTick 1099614388252
I1013 19:49:46.491256 36625 thread.cpp:96] Thread 1048576 construct Actor kNormalForward 2199023255563
I1013 19:49:46.491336 36613 runtime_context.cpp:29] DecreaseCounter constructing_actor_cnt, current val is 655
I1013 19:49:46.491430 36625 runtime_context.cpp:29] DecreaseCounter constructing_actor_cnt, current val is 654
I1013 19:49:46.491719 36613 naive_actor.cpp:25] actor 1099614388255 switch to &NaiveActor::HandlerNormal
I1013 19:49:46.491767 36613 thread.cpp:96] Thread 524337 construct Actor kTick 1099614388255
