I1013 19:40:20.676560 33385 thread.cpp:96] Thread 524288 construct Actor kNormalForward 1099511627776
I1013 19:40:20.676522 33414 thread.cpp:96] Thread 524337 construct Actor kSrcSubsetTick 1099614388248
I1013 19:40:20.676792 33385 runtime_context.cpp:29] DecreaseCounter constructing_actor_cnt, current val is 653
I1013 19:40:20.676918 33414 runtime_context.cpp:29] DecreaseCounter constructing_actor_cnt, current val is 652
I1013 19:40:20.677038 33418 naive_actor.cpp:25] actor 2199023255558 switch to &NaiveActor::HandlerNormal
I1013 19:40:20.677093 33418 thread.cpp:96] Thread 1048576 construct Actor kNormalForward 2199023255558
I1013 19:40:20.677217 33418 runtime_context.cpp:29] DecreaseCounter constructing_actor_cnt, current val is 651
I1013 19:40:20.677376 33414 naive_actor.cpp:25] actor 1099614388255 switch to &NaiveActor::HandlerNormal
I1013 19:40:20.677431 33414 thread.cpp:96] Thread 524337 construct Actor kTick 1099614388255
I1013 19:40:20.677501 33414 runtime_context.cpp:29] DecreaseCounter constructing_actor_cnt, current val is 650
I1013 19:40:20.677575 33424 naive_actor.cpp:25] actor 2207613190166 switch to &NaiveActor::HandlerNormal
I1013 19:40:20.677625 33424 thread.cpp:96] Thread 1052672 construct Actor kNormalForward 2207613190166
I1013 19:40:20.677717 33424 runtime_context.cpp:29] DecreaseCounter constructing_actor_cnt, current val is 649
I1013 19:40:20.677893 33414 naive_actor.cpp:25] actor 1099614388256 switch to &NaiveActor::HandlerNormal
I1013 19:40:20.677947 33414 thread.cpp:96] Thread 524337 construct Actor kDeviceTick 1099614388256
I1013 19:40:20.678017 33414 runtime_context.cpp:29] DecreaseCounter constructing_actor_cnt, current val is 648
I1013 19:40:20.678130 33418 naive_actor.cpp:25] actor 2199023255553 switch to &NaiveActor::HandlerNormal
I1013 19:40:20.678181 33418 thread.cpp:96] Thread 1048576 construct Actor kNormalForward 2199023255553
I1013 19:40:20.678265 33418 runtime_context.cpp:29] DecreaseCounter constructing_actor_cnt, current val is 647
I1013 19:40:20.678375 33414 naive_actor.cpp:25] actor 1099614388257 switch to &NaiveActor::HandlerNormal
I1013 19:40:20.678422 33414 thread.cpp:96] Thread 524337 construct Actor kSrcSubsetTick 1099614388257
I1013 19:40:20.678495 33414 runtime_context.cpp:29] DecreaseCounter constructing_actor_cnt, current val is 646
I1013 19:40:20.678685 33424 naive_actor.cpp:25] actor 2207613190148 switch to &NaiveActor::HandlerNormal
I1013 19:40:20.678737 33424 thread.cpp:96] Thread 1052672 construct Actor kNormalForward 2207613190148
I1013 19:40:20.678830 33424 runtime_context.cpp:29] DecreaseCounter constructing_actor_cnt, current val is 645
I1013 19:40:20.678889 33414 naive_actor.cpp:25] actor 1099614388262 switch to &NaiveActor::HandlerNormal
I1013 19:40:20.678941 33414 thread.cpp:96] Thread 524337 construct Actor kTick 1099614388262
I1013 19:40:20.679010 33414 runtime_context.cpp:29] DecreaseCounter constructing_actor_cnt, current val is 644
I1013 19:40:20.679412 33418 naive_actor.cpp:25] actor 2199023255569 switch to &NaiveActor::HandlerNormal
I1013 19:40:20.679463 33418 thread.cpp:96] Thread 1048576 construct Actor kNormalForward 2199023255569
I1013 19:40:20.679479 33414 naive_actor.cpp:25] actor 1099614388261 switch to &NaiveActor::HandlerNormal
I1013 19:40:20.679534 33414 thread.cpp:96] Thread 524337 construct Actor kDstSubsetTick 1099614388261
I1013 19:40:20.679548 33418 runtime_context.cpp:29] DecreaseCounter constructing_actor_cnt, current val is 643
I1013 19:40:20.679666 33414 runtime_context.cpp:29] DecreaseCounter constructing_actor_cnt, current val is 642
I1013 19:40:20.679898 33424 naive_actor.cpp:25] actor 2207613190145 switch to &NaiveActor::HandlerNormal
I1013 19:40:20.679947 33424 thread.cpp:96] Thread 1052672 construct Actor kNormalForward 2207613190145
I1013 19:40:20.680006 33418 naive_actor.cpp:25] actor 2199023255565 switch to &NaiveActor::HandlerNormal
I1013 19:40:20.680017 33414 naive_actor.cpp:25] actor 1099614388260 switch to &NaiveActor::HandlerNormal
I1013 19:40:20.680030 33424 runtime_context.cpp:29] DecreaseCounter constructing_actor_cnt, current val is 641
I1013 19:40:20.680060 33418 thread.cpp:96] Thread 1048576 construct Actor kNormalForward 2199023255565
I1013 19:40:20.680094 33414 thread.cpp:96] Thread 524337 construct Actor kTick 1099614388260
I1013 19:40:20.680214 33418 runtime_context.cpp:29] DecreaseCounter constructing_actor_cnt, current val is 640
I1013 19:40:20.680234 33414 runtime_context.cpp:29] DecreaseCounter constructing_actor_cnt, current val is 639
I1013 19:40:20.680611 33414 naive_actor.cpp:25] actor 1099614388263 switch to &NaiveActor::HandlerNormal
I1013 19:40:20.680615 33418 naive_actor.cpp:25] actor 2199023255584 switch to &NaiveActor::HandlerNormal
I1013 19:40:20.680667 33414 thread.cpp:96] Thread 524337 construct Actor kTick 1099614388263
I1013 19:40:20.680707 33418 thread.cpp:96] Thread 1048576 construct Actor kNormalForward 2199023255584
I1013 19:40:20.680783 33414 runtime_context.cpp:29] DecreaseCounter constructing_actor_cnt, current val is 638
I1013 19:40:20.680805 33418 runtime_context.cpp:29] DecreaseCounter constructing_actor_cnt, current val is 637
I1013 19:40:20.681114 33414 naive_actor.cpp:25] actor 1099614388298 switch to &NaiveActor::HandlerNormal
I1013 19:40:20.681161 33414 thread.cpp:96] Thread 524337 construct Actor kTick 1099614388298
I1013 19:40:20.681166 33424 naive_actor.cpp:25] actor 2207613190147 switch to &NaiveActor::HandlerNormal
I1013 19:40:20.681231 33414 runtime_context.cpp:29] DecreaseCounter constructing_actor_cnt, current val is 636
I1013 19:40:20.681237 33424 thread.cpp:96] Thread 1052672 construct Actor kNormalForward 2207613190147
I1013 19:40:20.681332 33424 runtime_context.cpp:29] DecreaseCounter constructing_actor_cnt, current val is 635
I1013 19:40:20.681550 33414 naive_actor.cpp:25] actor 1099614388266 switch to &NaiveActor::HandlerNormal
I1013 19:40:20.681612 33414 thread.cpp:96] Thread 524337 construct Actor kSrcSubsetTick 1099614388266
I1013 19:40:20.681679 33414 runtime_context.cpp:29] DecreaseCounter constructing_actor_cnt, current val is 634
I1013 19:40:20.681777 33424 naive_actor.cpp:25] actor 2207613190171 switch to &NaiveActor::HandlerNormal
I1013 19:40:20.681828 33424 thread.cpp:96] Thread 1052672 construct Actor kNormalForward 2207613190171
I1013 19:40:20.681891 33424 runtime_context.cpp:29] DecreaseCounter constructing_actor_cnt, current val is 633
I1013 19:40:20.681910 33418 naive_actor.cpp:25] actor 2199023255566 switch to &NaiveActor::HandlerNormal
I1013 19:40:20.681972 33418 thread.cpp:96] Thread 1048576 construct Actor kNormalForward 2199023255566
I1013 19:40:20.682039 33414 naive_actor.cpp:25] actor 1099614388271 switch to &NaiveActor::HandlerNormal
I1013 19:40:20.682067 33418 runtime_context.cpp:29] DecreaseCounter constructing_actor_cnt, current val is 632
I1013 19:40:20.682088 33414 thread.cpp:96] Thread 524337 construct Actor kTick 1099614388271
I1013 19:40:20.682186 33414 runtime_context.cpp:29] DecreaseCounter constructing_actor_cnt, current val is 631
I1013 19:40:20.682232 33424 naive_actor.cpp:25] actor 2207613190162 switch to &NaiveActor::HandlerNormal
I1013 19:40:20.682281 33424 thread.cpp:96] Thread 1052672 construct Actor kNormalForward 2207613190162
I1013 19:40:20.682358 33424 runtime_context.cpp:29] DecreaseCounter constructing_actor_cnt, current val is 630
I1013 19:40:20.682548 33414 naive_actor.cpp:25] actor 1099614388264 switch to &NaiveActor::HandlerNormal
I1013 19:40:20.682695 33414 thread.cpp:96] Thread 524337 construct Actor kTick 1099614388264
I1013 19:40:20.682785 33414 runtime_context.cpp:29] DecreaseCounter constructing_actor_cnt, current val is 629
I1013 19:40:20.683135 33414 naive_actor.cpp:25] actor 1099614388272 switch to &NaiveActor::HandlerNormal
I1013 19:40:20.683180 33414 thread.cpp:96] Thread 524337 construct Actor kTick 1099614388272
I1013 19:40:20.683244 33414 runtime_context.cpp:29] DecreaseCounter constructing_actor_cnt, current val is 628
I1013 19:40:20.683276 33418 naive_actor.cpp:25] actor 2199023255608 switch to &NaiveActor::HandlerNormal
I1013 19:40:20.683326 33418 thread.cpp:96] Thread 1048576 construct Actor kNormalForward 2199023255608
I1013 19:40:20.683420 33418 runtime_context.cpp:29] DecreaseCounter constructing_actor_cnt, current val is 627
I1013 19:40:20.683439 33424 naive_actor.cpp:25] actor 2207613190156 switch to &NaiveActor::HandlerNormal
I1013 19:40:20.683495 33424 thread.cpp:96] Thread 1052672 construct Actor kNormalForward 2207613190156
I1013 19:40:20.683540 33414 naive_actor.cpp:25] actor 1099614388265 switch to &NaiveActor::HandlerNormal
I1013 19:40:20.683588 33424 runtime_context.cpp:29] DecreaseCounter constructing_actor_cnt, current val is 626
I1013 19:40:20.683591 33414 thread.cpp:96] Thread 524337 construct Actor kDeviceTick 1099614388265
I1013 19:40:20.683712 33414 runtime_context.cpp:29] DecreaseCounter constructing_actor_cnt, current val is 625
I1013 19:40:20.684042 33414 naive_actor.cpp:25] actor 1099614388269 switch to &NaiveActor::HandlerNormal
I1013 19:40:20.684089 33414 thread.cpp:96] Thread 524337 construct Actor kTick 1099614388269
I1013 19:40:20.684150 33414 runtime_context.cpp:29] DecreaseCounter constructing_actor_cnt, current val is 624
I1013 19:40:20.684588 33414 naive_actor.cpp:25] actor 1099614388270 switch to &NaiveActor::HandlerNormal
I1013 19:40:20.684636 33414 thread.cpp:96] Thread 524337 construct Actor kDstSubsetTick 1099614388270
I1013 19:40:20.684662 33424 naive_actor.cpp:25] actor 2207613190163 switch to &NaiveActor::HandlerNormal
I1013 19:40:20.684708 33414 runtime_context.cpp:29] DecreaseCounter constructing_actor_cnt, current val is 623
I1013 19:40:20.684710 33424 thread.cpp:96] Thread 1052672 construct Actor kNormalForward 2207613190163
I1013 19:40:20.684830 33424 runtime_context.cpp:29] DecreaseCounter constructing_actor_cnt, current val is 622
I1013 19:40:20.684980 33418 naive_actor.cpp:25] actor 2199023255552 switch to &NaiveActor::HandlerNormal
I1013 19:40:20.685034 33418 thread.cpp:96] Thread 1048576 construct Actor kNormalForward 2199023255552
I1013 19:40:20.685039 33414 naive_actor.cpp:25] actor 1099614388331 switch to &NaiveActor::HandlerNormal
I1013 19:40:20.685113 33414 thread.cpp:96] Thread 524337 construct Actor kTick 1099614388331
I1013 19:40:20.685154 33418 runtime_context.cpp:29] DecreaseCounter constructing_actor_cnt, current val is 621
I1013 19:40:20.685191 33414 runtime_context.cpp:29] DecreaseCounter constructing_actor_cnt, current val is 620
I1013 19:40:20.685546 33414 naive_actor.cpp:25] actor 1099614388275 switch to &NaiveActor::HandlerNormal
I1013 19:40:20.685603 33414 thread.cpp:96] Thread 524337 construct Actor kSrcSubsetTick 1099614388275
I1013 19:40:20.685669 33414 runtime_context.cpp:29] DecreaseCounter constructing_actor_cnt, current val is 619
I1013 19:40:20.685954 33418 naive_actor.cpp:25] actor 2199023255581 switch to &NaiveActor::HandlerNormal
I1013 19:40:20.685984 33414 naive_actor.cpp:25] actor 1099614388274 switch to &NaiveActor::HandlerNormal
I1013 19:40:20.686003 33418 thread.cpp:96] Thread 1048576 construct Actor kNormalForward 2199023255581
I1013 19:40:20.686036 33414 thread.cpp:96] Thread 524337 construct Actor kDeviceTick 1099614388274
I1013 19:40:20.686118 33418 runtime_context.cpp:29] DecreaseCounter constructing_actor_cnt, current val is 618
I1013 19:40:20.686131 33414 runtime_context.cpp:29] DecreaseCounter constructing_actor_cnt, current val is 617
I1013 19:40:20.686408 33424 naive_actor.cpp:25] actor 2207613190167 switch to &NaiveActor::HandlerNormal
I1013 19:40:20.686448 33414 naive_actor.cpp:25] actor 1099614388273 switch to &NaiveActor::HandlerNormal
I1013 19:40:20.686527 33424 thread.cpp:96] Thread 1052672 construct Actor kNormalForward 2207613190167
I1013 19:40:20.686585 33414 thread.cpp:96] Thread 524337 construct Actor kDeviceTick 1099614388273
I1013 19:40:20.686653 33424 runtime_context.cpp:29] DecreaseCounter constructing_actor_cnt, current val is 616
I1013 19:40:20.686692 33414 runtime_context.cpp:29] DecreaseCounter constructing_actor_cnt, current val is 615
I1013 19:40:20.687079 33414 naive_actor.cpp:25] actor 1099614388293 switch to &NaiveActor::HandlerNormal
I1013 19:40:20.687126 33414 thread.cpp:96] Thread 524337 construct Actor kTick 1099614388293
I1013 19:40:20.687171 33418 naive_actor.cpp:25] actor 2199023255576 switch to &NaiveActor::HandlerNormal
I1013 19:40:20.687212 33414 runtime_context.cpp:29] DecreaseCounter constructing_actor_cnt, current val is 614
I1013 19:40:20.687229 33418 thread.cpp:96] Thread 1048576 construct Actor kNormalForward 2199023255576
I1013 19:40:20.687364 33418 runtime_context.cpp:29] DecreaseCounter constructing_actor_cnt, current val is 613
I1013 19:40:20.687563 33414 naive_actor.cpp:25] actor 1099614388282 switch to &NaiveActor::HandlerNormal
I1013 19:40:20.687577 33424 naive_actor.cpp:25] actor 2207613190165 switch to &NaiveActor::HandlerNormal
I1013 19:40:20.687630 33414 thread.cpp:96] Thread 524337 construct Actor kTick 1099614388282
I1013 19:40:20.687669 33424 thread.cpp:96] Thread 1052672 construct Actor kNormalForward 2207613190165
I1013 19:40:20.687732 33414 runtime_context.cpp:29] DecreaseCounter constructing_actor_cnt, current val is 612
I1013 19:40:20.687762 33424 runtime_context.cpp:29] DecreaseCounter constructing_actor_cnt, current val is 611
I1013 19:40:20.688042 33414 naive_actor.cpp:25] actor 1099614388280 switch to &NaiveActor::HandlerNormal
I1013 19:40:20.688088 33414 thread.cpp:96] Thread 524337 construct Actor kTick 1099614388280
I1013 19:40:20.688154 33414 runtime_context.cpp:29] DecreaseCounter constructing_actor_cnt, current val is 610
I1013 19:40:20.688283 33418 naive_actor.cpp:25] actor 2199023255574 switch to &NaiveActor::HandlerNormal
I1013 19:40:20.688338 33418 thread.cpp:96] Thread 1048576 construct Actor kNormalForward 2199023255574
I1013 19:40:20.688413 33418 runtime_context.cpp:29] DecreaseCounter constructing_actor_cnt, current val is 609
I1013 19:40:20.688520 33414 naive_actor.cpp:25] actor 1099614388288 switch to &NaiveActor::HandlerNormal
I1013 19:40:20.688576 33414 thread.cpp:96] Thread 524337 construct Actor kSrcSubsetTick 1099614388288
I1013 19:40:20.688640 33414 runtime_context.cpp:29] DecreaseCounter constructing_actor_cnt, current val is 608
I1013 19:40:20.688786 33418 naive_actor.cpp:25] actor 2199023255572 switch to &NaiveActor::HandlerNormal
I1013 19:40:20.688829 33424 naive_actor.cpp:25] actor 2207613190170 switch to &NaiveActor::HandlerNormal
I1013 19:40:20.688838 33418 thread.cpp:96] Thread 1048576 construct Actor kNormalForward 2199023255572
I1013 19:40:20.688876 33424 thread.cpp:96] Thread 1052672 construct Actor kNormalForward 2207613190170
I1013 19:40:20.688958 33418 runtime_context.cpp:29] DecreaseCounter constructing_actor_cnt, current val is 607
I1013 19:40:20.688982 33424 runtime_context.cpp:29] DecreaseCounter constructing_actor_cnt, current val is 606
I1013 19:40:20.688992 33414 naive_actor.cpp:25] actor 1099614388290 switch to &NaiveActor::HandlerNormal
I1013 19:40:20.689052 33414 thread.cpp:96] Thread 524337 construct Actor kTick 1099614388290
I1013 19:40:20.689117 33414 runtime_context.cpp:29] DecreaseCounter constructing_actor_cnt, current val is 605
I1013 19:40:20.689280 33418 naive_actor.cpp:25] actor 2199023255586 switch to &NaiveActor::HandlerNormal
I1013 19:40:20.689327 33418 thread.cpp:96] Thread 1048576 construct Actor kNormalForward 2199023255586
I1013 19:40:20.689406 33418 runtime_context.cpp:29] DecreaseCounter constructing_actor_cnt, current val is 604
I1013 19:40:20.689452 33414 naive_actor.cpp:25] actor 1099614388286 switch to &NaiveActor::HandlerNormal
I1013 19:40:20.689605 33414 thread.cpp:96] Thread 524337 construct Actor kTick 1099614388286
I1013 19:40:20.689704 33414 runtime_context.cpp:29] DecreaseCounter constructing_actor_cnt, current val is 603
I1013 19:40:20.689755 33424 naive_actor.cpp:25] actor 2207613190194 switch to &NaiveActor::HandlerNormal
I1013 19:40:20.689800 33424 thread.cpp:96] Thread 1052672 construct Actor kNormalForward 2207613190194
I1013 19:40:20.689810 33418 naive_actor.cpp:25] actor 2199023255559 switch to &NaiveActor::HandlerNormal
I1013 19:40:20.689867 33424 runtime_context.cpp:29] DecreaseCounter constructing_actor_cnt, current val is 602
I1013 19:40:20.689867 33418 thread.cpp:96] Thread 1048576 construct Actor kNormalForward 2199023255559
I1013 19:40:20.689980 33418 runtime_context.cpp:29] DecreaseCounter constructing_actor_cnt, current val is 601
I1013 19:40:20.690030 33414 naive_actor.cpp:25] actor 1099614388292 switch to &NaiveActor::HandlerNormal
I1013 19:40:20.690073 33414 thread.cpp:96] Thread 524337 construct Actor kTick 1099614388292
I1013 19:40:20.690133 33414 runtime_context.cpp:29] DecreaseCounter constructing_actor_cnt, current val is 600
I1013 19:40:20.690467 33414 naive_actor.cpp:25] actor 1099614388279 switch to &NaiveActor::HandlerNormal
I1013 19:40:20.690515 33414 thread.cpp:96] Thread 524337 construct Actor kDstSubsetTick 1099614388279
I1013 19:40:20.690591 33414 runtime_context.cpp:29] DecreaseCounter constructing_actor_cnt, current val is 599
I1013 19:40:20.690894 33414 naive_actor.cpp:25] actor 1099614388283 switch to &NaiveActor::HandlerNormal
I1013 19:40:20.690943 33414 thread.cpp:96] Thread 524337 construct Actor kTick 1099614388283
I1013 19:40:20.691007 33414 runtime_context.cpp:29] DecreaseCounter constructing_actor_cnt, current val is 598
I1013 19:40:20.691128 33418 naive_actor.cpp:25] actor 2199023255592 switch to &NaiveActor::HandlerNormal
I1013 19:40:20.691128 33424 naive_actor.cpp:25] actor 2207613190174 switch to &NaiveActor::HandlerNormal
I1013 19:40:20.691190 33418 thread.cpp:96] Thread 1048576 construct Actor kNormalForward 2199023255592
I1013 19:40:20.691231 33424 thread.cpp:96] Thread 1052672 construct Actor kNormalForward 2207613190174
I1013 19:40:20.691327 33418 runtime_context.cpp:29] DecreaseCounter constructing_actor_cnt, current val is 597
I1013 19:40:20.691342 33424 runtime_context.cpp:29] DecreaseCounter constructing_actor_cnt, current val is 596
I1013 19:40:20.691376 33414 naive_actor.cpp:25] actor 1099614388278 switch to &NaiveActor::HandlerNormal
I1013 19:40:20.691426 33414 thread.cpp:96] Thread 524337 construct Actor kTick 1099614388278
I1013 19:40:20.691493 33414 runtime_context.cpp:29] DecreaseCounter constructing_actor_cnt, current val is 595
I1013 19:40:20.691735 33424 naive_actor.cpp:25] actor 2207613190176 switch to &NaiveActor::HandlerNormal
I1013 19:40:20.691782 33424 thread.cpp:96] Thread 1052672 construct Actor kNormalForward 2207613190176
I1013 19:40:20.691844 33424 runtime_context.cpp:29] DecreaseCounter constructing_actor_cnt, current val is 594
I1013 19:40:20.691879 33414 naive_actor.cpp:25] actor 1099614388291 switch to &NaiveActor::HandlerNormal
I1013 19:40:20.691920 33414 thread.cpp:96] Thread 524337 construct Actor kDstSubsetTick 1099614388291
I1013 19:40:20.691992 33414 runtime_context.cpp:29] DecreaseCounter constructing_actor_cnt, current val is 593
I1013 19:40:20.692338 33414 naive_actor.cpp:25] actor 1099614388330 switch to &NaiveActor::HandlerNormal
I1013 19:40:20.692376 33418 naive_actor.cpp:25] actor 2199023255583 switch to &NaiveActor::HandlerNormal
I1013 19:40:20.692384 33414 thread.cpp:96] Thread 524337 construct Actor kTick 1099614388330
I1013 19:40:20.692428 33418 thread.cpp:96] Thread 1048576 construct Actor kNormalForward 2199023255583
I1013 19:40:20.692564 33414 runtime_context.cpp:29] DecreaseCounter constructing_actor_cnt, current val is 592
I1013 19:40:20.692600 33418 runtime_context.cpp:29] DecreaseCounter constructing_actor_cnt, current val is 591
I1013 19:40:20.692849 33424 naive_actor.cpp:25] actor 2207613190177 switch to &NaiveActor::HandlerNormal
I1013 19:40:20.692931 33424 thread.cpp:96] Thread 1052672 construct Actor kNormalForward 2207613190177
I1013 19:40:20.693022 33414 naive_actor.cpp:25] actor 1099614388281 switch to &NaiveActor::HandlerNormal
I1013 19:40:20.693033 33424 runtime_context.cpp:29] DecreaseCounter constructing_actor_cnt, current val is 590
I1013 19:40:20.693085 33414 thread.cpp:96] Thread 524337 construct Actor kTick 1099614388281
I1013 19:40:20.693235 33414 runtime_context.cpp:29] DecreaseCounter constructing_actor_cnt, current val is 589
I1013 19:40:20.693667 33414 naive_actor.cpp:25] actor 1099614388323 switch to &NaiveActor::HandlerNormal
I1013 19:40:20.693735 33414 thread.cpp:96] Thread 524337 construct Actor kTick 1099614388323
I1013 19:40:20.693814 33414 runtime_context.cpp:29] DecreaseCounter constructing_actor_cnt, current val is 588
I1013 19:40:20.693924 33424 naive_actor.cpp:25] actor 2207613190221 switch to &NaiveActor::HandlerNormal
I1013 19:40:20.693972 33424 thread.cpp:96] Thread 1052672 construct Actor kNormalForward 2207613190221
I1013 19:40:20.694046 33418 naive_actor.cpp:25] actor 2199023255575 switch to &NaiveActor::HandlerNormal
I1013 19:40:20.694049 33424 runtime_context.cpp:29] DecreaseCounter constructing_actor_cnt, current val is 587
I1013 19:40:20.694099 33418 thread.cpp:96] Thread 1048576 construct Actor kNormalForward 2199023255575
I1013 19:40:20.694190 33414 naive_actor.cpp:25] actor 1099614388299 switch to &NaiveActor::HandlerNormal
I1013 19:40:20.694204 33418 runtime_context.cpp:29] DecreaseCounter constructing_actor_cnt, current val is 586
I1013 19:40:20.694250 33414 thread.cpp:96] Thread 524337 construct Actor kTick 1099614388299
I1013 19:40:20.694358 33414 runtime_context.cpp:29] DecreaseCounter constructing_actor_cnt, current val is 585
I1013 19:40:20.694712 33414 naive_actor.cpp:25] actor 1099614388296 switch to &NaiveActor::HandlerNormal
I1013 19:40:20.694769 33414 thread.cpp:96] Thread 524337 construct Actor kTick 1099614388296
I1013 19:40:20.694847 33414 runtime_context.cpp:29] DecreaseCounter constructing_actor_cnt, current val is 584
I1013 19:40:20.695073 33424 naive_actor.cpp:25] actor 2207613190179 switch to &NaiveActor::HandlerNormal
I1013 19:40:20.695120 33424 thread.cpp:96] Thread 1052672 construct Actor kNormalForward 2207613190179
I1013 19:40:20.695196 33424 runtime_context.cpp:29] DecreaseCounter constructing_actor_cnt, current val is 583
I1013 19:40:20.695266 33414 naive_actor.cpp:25] actor 1099614388310 switch to &NaiveActor::HandlerNormal
I1013 19:40:20.695307 33418 naive_actor.cpp:25] actor 2199023255578 switch to &NaiveActor::HandlerNormal
I1013 19:40:20.695325 33414 thread.cpp:96] Thread 524337 construct Actor kTick 1099614388310
I1013 19:40:20.695366 33418 thread.cpp:96] Thread 1048576 construct Actor kNormalForward 2199023255578
I1013 19:40:20.695446 33414 runtime_context.cpp:29] DecreaseCounter constructing_actor_cnt, current val is 582
I1013 19:40:20.695493 33418 runtime_context.cpp:29] DecreaseCounter constructing_actor_cnt, current val is 581
I1013 19:40:20.695858 33414 naive_actor.cpp:25] actor 1099614388304 switch to &NaiveActor::HandlerNormal
I1013 19:40:20.695910 33414 thread.cpp:96] Thread 524337 construct Actor kTick 1099614388304
I1013 19:40:20.695991 33414 runtime_context.cpp:29] DecreaseCounter constructing_actor_cnt, current val is 580
I1013 19:40:20.696144 33424 naive_actor.cpp:25] actor 2207613190203 switch to &NaiveActor::HandlerNormal
I1013 19:40:20.696190 33424 thread.cpp:96] Thread 1052672 construct Actor kNormalForward 2207613190203
I1013 19:40:20.696270 33424 runtime_context.cpp:29] DecreaseCounter constructing_actor_cnt, current val is 579
I1013 19:40:20.696364 33414 naive_actor.cpp:25] actor 1099614388297 switch to &NaiveActor::HandlerNormal
I1013 19:40:20.696421 33414 thread.cpp:96] Thread 524337 construct Actor kTick 1099614388297
I1013 19:40:20.696478 33418 naive_actor.cpp:25] actor 2199023255623 switch to &NaiveActor::HandlerNormal
I1013 19:40:20.696494 33414 runtime_context.cpp:29] DecreaseCounter constructing_actor_cnt, current val is 578
I1013 19:40:20.696527 33418 thread.cpp:96] Thread 1048576 construct Actor kNormalForward 2199023255623
I1013 19:40:20.696712 33418 runtime_context.cpp:29] DecreaseCounter constructing_actor_cnt, current val is 577
I1013 19:40:20.696985 33414 naive_actor.cpp:25] actor 1099614388307 switch to &NaiveActor::HandlerNormal
I1013 19:40:20.697041 33414 thread.cpp:96] Thread 524337 construct Actor kTick 1099614388307
I1013 19:40:20.697065 33424 naive_actor.cpp:25] actor 2207613190251 switch to &NaiveActor::HandlerNormal
I1013 19:40:20.697101 33418 naive_actor.cpp:25] actor 2199023255563 switch to &NaiveActor::HandlerNormal
I1013 19:40:20.697105 33424 thread.cpp:96] Thread 1052672 construct Actor kNormalForward 2207613190251
I1013 19:40:20.697108 33414 runtime_context.cpp:29] DecreaseCounter constructing_actor_cnt, current val is 576
I1013 19:40:20.697147 33418 thread.cpp:96] Thread 1048576 construct Actor kNormalForward 2199023255563
I1013 19:40:20.697211 33424 runtime_context.cpp:29] DecreaseCounter constructing_actor_cnt, current val is 575
I1013 19:40:20.697275 33418 runtime_context.cpp:29] DecreaseCounter constructing_actor_cnt, current val is 574
I1013 19:40:20.697557 33414 naive_actor.cpp:25] actor 1099614388315 switch to &NaiveActor::HandlerNormal
I1013 19:40:20.697626 33414 thread.cpp:96] Thread 524337 construct Actor kTick 1099614388315
I1013 19:40:20.697715 33414 runtime_context.cpp:29] DecreaseCounter constructing_actor_cnt, current val is 573
I1013 19:40:20.698051 33414 naive_actor.cpp:25] actor 1099614388316 switch to &NaiveActor::HandlerNormal
I1013 19:40:20.698099 33414 thread.cpp:96] Thread 524337 construct Actor kTick 1099614388316
I1013 19:40:20.698175 33414 runtime_context.cpp:29] DecreaseCounter constructing_actor_cnt, current val is 572
I1013 19:40:20.698191 33424 naive_actor.cpp:25] actor 2207613190154 switch to &NaiveActor::HandlerNormal
I1013 19:40:20.698246 33424 thread.cpp:96] Thread 1052672 construct Actor kNormalForward 2207613190154
I1013 19:40:20.698271 33418 naive_actor.cpp:25] actor 2199023255587 switch to &NaiveActor::HandlerNormal
I1013 19:40:20.698302 33418 thread.cpp:96] Thread 1048576 construct Actor kNormalForward 2199023255587
I1013 19:40:20.698313 33424 runtime_context.cpp:29] DecreaseCounter constructing_actor_cnt, current val is 571
I1013 19:40:20.698431 33418 runtime_context.cpp:29] DecreaseCounter constructing_actor_cnt, current val is 570
I1013 19:40:20.698606 33414 naive_actor.cpp:25] actor 1099614388309 switch to &NaiveActor::HandlerNormal
I1013 19:40:20.698662 33414 thread.cpp:96] Thread 524337 construct Actor kTick 1099614388309
I1013 19:40:20.698769 33414 runtime_context.cpp:29] DecreaseCounter constructing_actor_cnt, current val is 569
I1013 19:40:20.699117 33414 naive_actor.cpp:25] actor 1099614388302 switch to &NaiveActor::HandlerNormal
I1013 19:40:20.699118 33424 naive_actor.cpp:25] actor 2207613190275 switch to &NaiveActor::HandlerNormal
I1013 19:40:20.699177 33414 thread.cpp:96] Thread 524337 construct Actor kTick 1099614388302
I1013 19:40:20.699211 33424 thread.cpp:96] Thread 1052672 construct Actor kNormalForward 2207613190275
I1013 19:40:20.699286 33414 runtime_context.cpp:29] DecreaseCounter constructing_actor_cnt, current val is 568
I1013 19:40:20.699312 33424 runtime_context.cpp:29] DecreaseCounter constructing_actor_cnt, current val is 567
I1013 19:40:20.699417 33418 naive_actor.cpp:25] actor 2199023255580 switch to &NaiveActor::HandlerNormal
I1013 19:40:20.699463 33418 thread.cpp:96] Thread 1048576 construct Actor kNormalForward 2199023255580
I1013 19:40:20.699550 33418 runtime_context.cpp:29] DecreaseCounter constructing_actor_cnt, current val is 566
I1013 19:40:20.699666 33424 naive_actor.cpp:25] actor 2207613190190 switch to &NaiveActor::HandlerNormal
I1013 19:40:20.699708 33424 thread.cpp:96] Thread 1052672 construct Actor kNormalForward 2207613190190
I1013 19:40:20.699750 33414 reentrant_lock_actor.cpp:76] actor 1099614388294 switch to &ReentrantLockActor::HandlerNormal
I1013 19:40:20.699759 33424 runtime_context.cpp:29] DecreaseCounter constructing_actor_cnt, current val is 565
I1013 19:40:20.699815 33414 thread.cpp:96] Thread 524337 construct Actor kReentrantLock 1099614388294
I1013 19:40:20.699965 33414 runtime_context.cpp:29] DecreaseCounter constructing_actor_cnt, current val is 564
I1013 19:40:20.700193 33424 naive_actor.cpp:25] actor 2207613190169 switch to &NaiveActor::HandlerNormal
I1013 19:40:20.700240 33424 thread.cpp:96] Thread 1052672 construct Actor kNormalForward 2207613190169
I1013 19:40:20.700304 33424 runtime_context.cpp:29] DecreaseCounter constructing_actor_cnt, current val is 563
I1013 19:40:20.700350 33414 naive_actor.cpp:25] actor 1099614388303 switch to &NaiveActor::HandlerNormal
I1013 19:40:20.700435 33414 thread.cpp:96] Thread 524337 construct Actor kTick 1099614388303
I1013 19:40:20.700505 33414 runtime_context.cpp:29] DecreaseCounter constructing_actor_cnt, current val is 562
I1013 19:40:20.700554 33418 naive_actor.cpp:25] actor 2199023255573 switch to &NaiveActor::HandlerNormal
I1013 19:40:20.700609 33418 thread.cpp:96] Thread 1048576 construct Actor kNormalForward 2199023255573
I1013 19:40:20.700688 33418 runtime_context.cpp:29] DecreaseCounter constructing_actor_cnt, current val is 561
I1013 19:40:20.700862 33414 naive_actor.cpp:25] actor 1099614388300 switch to &NaiveActor::HandlerNormal
I1013 19:40:20.700907 33414 thread.cpp:96] Thread 524337 construct Actor kTick 1099614388300
I1013 19:40:20.700968 33414 runtime_context.cpp:29] DecreaseCounter constructing_actor_cnt, current val is 560
I1013 19:40:20.701231 33424 naive_actor.cpp:25] actor 2207613190172 switch to &NaiveActor::HandlerNormal
I1013 19:40:20.701275 33424 thread.cpp:96] Thread 1052672 construct Actor kNormalForward 2207613190172
I1013 19:40:20.701297 33414 naive_actor.cpp:25] actor 1099614388308 switch to &NaiveActor::HandlerNormal
I1013 19:40:20.701337 33414 thread.cpp:96] Thread 524337 construct Actor kTick 1099614388308
I1013 19:40:20.701345 33424 runtime_context.cpp:29] DecreaseCounter constructing_actor_cnt, current val is 559
I1013 19:40:20.701465 33414 runtime_context.cpp:29] DecreaseCounter constructing_actor_cnt, current val is 558
I1013 19:40:20.701658 33418 naive_actor.cpp:25] actor 2199023255604 switch to &NaiveActor::HandlerNormal
I1013 19:40:20.701716 33418 thread.cpp:96] Thread 1048576 construct Actor kNormalForward 2199023255604
I1013 19:40:20.701792 33418 runtime_context.cpp:29] DecreaseCounter constructing_actor_cnt, current val is 557
I1013 19:40:20.701819 33414 naive_actor.cpp:25] actor 1099614388320 switch to &NaiveActor::HandlerNormal
I1013 19:40:20.701858 33414 thread.cpp:96] Thread 524337 construct Actor kTick 1099614388320
I1013 19:40:20.701903 33414 runtime_context.cpp:29] DecreaseCounter constructing_actor_cnt, current val is 556
I1013 19:40:20.702198 33414 naive_actor.cpp:25] actor 1099614388317 switch to &NaiveActor::HandlerNormal
I1013 19:40:20.702240 33414 thread.cpp:96] Thread 524337 construct Actor kTick 1099614388317
I1013 19:40:20.702297 33414 runtime_context.cpp:29] DecreaseCounter constructing_actor_cnt, current val is 555
I1013 19:40:20.702392 33424 naive_actor.cpp:25] actor 2207613190186 switch to &NaiveActor::HandlerNormal
I1013 19:40:20.702575 33414 naive_actor.cpp:25] actor 1099614388301 switch to &NaiveActor::HandlerNormal
I1013 19:40:20.702597 33424 thread.cpp:96] Thread 1052672 construct Actor kNormalForward 2207613190186
I1013 19:40:20.702646 33414 thread.cpp:96] Thread 524337 construct Actor kTick 1099614388301
I1013 19:40:20.702728 33424 runtime_context.cpp:29] DecreaseCounter constructing_actor_cnt, current val is 554
I1013 19:40:20.702759 33418 naive_actor.cpp:25] actor 2199023255564 switch to &NaiveActor::HandlerNormal
I1013 19:40:20.702739 33414 runtime_context.cpp:29] DecreaseCounter constructing_actor_cnt, current val is 553
I1013 19:40:20.702805 33418 thread.cpp:96] Thread 1048576 construct Actor kNormalForward 2199023255564
I1013 19:40:20.702917 33418 runtime_context.cpp:29] DecreaseCounter constructing_actor_cnt, current val is 552
I1013 19:40:20.703116 33414 naive_actor.cpp:25] actor 1099614388322 switch to &NaiveActor::HandlerNormal
I1013 19:40:20.703194 33414 thread.cpp:96] Thread 524337 construct Actor kTick 1099614388322
I1013 19:40:20.703258 33414 runtime_context.cpp:29] DecreaseCounter constructing_actor_cnt, current val is 551
I1013 19:40:20.703529 33414 naive_actor.cpp:25] actor 1099614388311 switch to &NaiveActor::HandlerNormal
I1013 19:40:20.703584 33414 thread.cpp:96] Thread 524337 construct Actor kTick 1099614388311
I1013 19:40:20.703646 33414 runtime_context.cpp:29] DecreaseCounter constructing_actor_cnt, current val is 550
I1013 19:40:20.703694 33424 naive_actor.cpp:25] actor 2207613190220 switch to &NaiveActor::HandlerNormal
I1013 19:40:20.703747 33424 thread.cpp:96] Thread 1052672 construct Actor kNormalForward 2207613190220
I1013 19:40:20.703835 33424 runtime_context.cpp:29] DecreaseCounter constructing_actor_cnt, current val is 549
I1013 19:40:20.703863 33418 naive_actor.cpp:25] actor 2199023255632 switch to &NaiveActor::HandlerNormal
I1013 19:40:20.703909 33418 thread.cpp:96] Thread 1048576 construct Actor kNormalForward 2199023255632
I1013 19:40:20.703953 33414 naive_actor.cpp:25] actor 1099614388329 switch to &NaiveActor::HandlerNormal
I1013 19:40:20.703985 33418 runtime_context.cpp:29] DecreaseCounter constructing_actor_cnt, current val is 548
I1013 19:40:20.703992 33414 thread.cpp:96] Thread 524337 construct Actor kTick 1099614388329
I1013 19:40:20.704074 33414 runtime_context.cpp:29] DecreaseCounter constructing_actor_cnt, current val is 547
I1013 19:40:20.704377 33414 naive_actor.cpp:25] actor 1099614388325 switch to &NaiveActor::HandlerNormal
I1013 19:40:20.704427 33414 thread.cpp:96] Thread 524337 construct Actor kTick 1099614388325
I1013 19:40:20.704484 33414 runtime_context.cpp:29] DecreaseCounter constructing_actor_cnt, current val is 546
I1013 19:40:20.704589 33424 naive_actor.cpp:25] actor 2207613190180 switch to &NaiveActor::HandlerNormal
I1013 19:40:20.704636 33424 thread.cpp:96] Thread 1052672 construct Actor kNormalForward 2207613190180
I1013 19:40:20.704705 33424 runtime_context.cpp:29] DecreaseCounter constructing_actor_cnt, current val is 545
I1013 19:40:20.704792 33414 naive_actor.cpp:25] actor 1099614388319 switch to &NaiveActor::HandlerNormal
I1013 19:40:20.704833 33414 thread.cpp:96] Thread 524337 construct Actor kTick 1099614388319
I1013 19:40:20.704887 33414 runtime_context.cpp:29] DecreaseCounter constructing_actor_cnt, current val is 544
I1013 19:40:20.704964 33418 naive_actor.cpp:25] actor 2199023255555 switch to &NaiveActor::HandlerNormal
I1013 19:40:20.705054 33418 thread.cpp:96] Thread 1048576 construct Actor kNormalForward 2199023255555
I1013 19:40:20.705150 33418 runtime_context.cpp:29] DecreaseCounter constructing_actor_cnt, current val is 543
I1013 19:40:20.705289 33414 naive_actor.cpp:25] actor 1099614388306 switch to &NaiveActor::HandlerNormal
I1013 19:40:20.705329 33414 thread.cpp:96] Thread 524337 construct Actor kTick 1099614388306
I1013 19:40:20.705386 33414 runtime_context.cpp:29] DecreaseCounter constructing_actor_cnt, current val is 542
I1013 19:40:20.705673 33424 naive_actor.cpp:25] actor 2207613190244 switch to &NaiveActor::HandlerNormal
I1013 19:40:20.705677 33414 naive_actor.cpp:25] actor 1099614388318 switch to &NaiveActor::HandlerNormal
I1013 19:40:20.705725 33424 thread.cpp:96] Thread 1052672 construct Actor kNormalForward 2207613190244
I1013 19:40:20.705758 33414 thread.cpp:96] Thread 524337 construct Actor kTick 1099614388318
I1013 19:40:20.705849 33424 runtime_context.cpp:29] DecreaseCounter constructing_actor_cnt, current val is 541
I1013 19:40:20.705859 33414 runtime_context.cpp:29] DecreaseCounter constructing_actor_cnt, current val is 540
I1013 19:40:20.706205 33414 naive_actor.cpp:25] actor 1099614388314 switch to &NaiveActor::HandlerNormal
I1013 19:40:20.706246 33414 thread.cpp:96] Thread 524337 construct Actor kTick 1099614388314
I1013 19:40:20.706307 33414 runtime_context.cpp:29] DecreaseCounter constructing_actor_cnt, current val is 539
I1013 19:40:20.706390 33418 naive_actor.cpp:25] actor 2199023255656 switch to &NaiveActor::HandlerNormal
I1013 19:40:20.706409 33424 naive_actor.cpp:25] actor 2207613190212 switch to &NaiveActor::HandlerNormal
I1013 19:40:20.706492 33418 thread.cpp:96] Thread 1048576 construct Actor kNormalForward 2199023255656
I1013 19:40:20.706535 33424 thread.cpp:96] Thread 1052672 construct Actor kNormalForward 2207613190212
I1013 19:40:20.706578 33414 naive_actor.cpp:25] actor 1099614388321 switch to &NaiveActor::HandlerNormal
I1013 19:40:20.706643 33414 thread.cpp:96] Thread 524337 construct Actor kTick 1099614388321
I1013 19:40:20.706662 33418 runtime_context.cpp:29] DecreaseCounter constructing_actor_cnt, current val is 537
I1013 19:40:20.706657 33424 runtime_context.cpp:29] DecreaseCounter constructing_actor_cnt, current val is 538
I1013 19:40:20.706698 33414 runtime_context.cpp:29] DecreaseCounter constructing_actor_cnt, current val is 536
I1013 19:40:20.707085 33418 naive_actor.cpp:25] actor 2199023255577 switch to &NaiveActor::HandlerNormal
I1013 19:40:20.707137 33418 thread.cpp:96] Thread 1048576 construct Actor kNormalForward 2199023255577
I1013 19:40:20.707183 33414 esac_actor.cpp:73] actor 1099614388332 switch to &EsacActor::HandlerNormal
I1013 19:40:20.707216 33418 runtime_context.cpp:29] DecreaseCounter constructing_actor_cnt, current val is 535
I1013 19:40:20.707221 33414 thread.cpp:96] Thread 524337 construct Actor kEsac 1099614388332
I1013 19:40:20.707330 33414 runtime_context.cpp:29] DecreaseCounter constructing_actor_cnt, current val is 534
I1013 19:40:20.707612 33418 naive_actor.cpp:25] actor 2199023255593 switch to &NaiveActor::HandlerNormal
I1013 19:40:20.707634 33424 naive_actor.cpp:25] actor 2207613190191 switch to &NaiveActor::HandlerNormal
I1013 19:40:20.707648 33414 naive_actor.cpp:25] actor 1099614388305 switch to &NaiveActor::HandlerNormal
I1013 19:40:20.707676 33418 thread.cpp:96] Thread 1048576 construct Actor kNormalForward 2199023255593
I1013 19:40:20.707712 33424 thread.cpp:96] Thread 1052672 construct Actor kNormalForward 2207613190191
I1013 19:40:20.707744 33414 thread.cpp:96] Thread 524337 construct Actor kTick 1099614388305
I1013 19:40:20.707829 33418 runtime_context.cpp:29] DecreaseCounter constructing_actor_cnt, current val is 533
I1013 19:40:20.707847 33424 runtime_context.cpp:29] DecreaseCounter constructing_actor_cnt, current val is 532
I1013 19:40:20.707918 33414 runtime_context.cpp:29] DecreaseCounter constructing_actor_cnt, current val is 531
I1013 19:40:20.708232 33424 naive_actor.cpp:25] actor 2207613190199 switch to &NaiveActor::HandlerNormal
I1013 19:40:20.708277 33424 thread.cpp:96] Thread 1052672 construct Actor kNormalForward 2207613190199
I1013 19:40:20.708323 33424 runtime_context.cpp:29] DecreaseCounter constructing_actor_cnt, current val is 530
I1013 19:40:20.708318 33418 naive_actor.cpp:25] actor 2199023255570 switch to &NaiveActor::HandlerNormal
I1013 19:40:20.708324 33414 naive_actor.cpp:25] actor 1099614388327 switch to &NaiveActor::HandlerNormal
I1013 19:40:20.708416 33418 thread.cpp:96] Thread 1048576 construct Actor kNormalForward 2199023255570
I1013 19:40:20.708498 33414 thread.cpp:96] Thread 524337 construct Actor kTick 1099614388327
I1013 19:40:20.708596 33418 runtime_context.cpp:29] DecreaseCounter constructing_actor_cnt, current val is 529
I1013 19:40:20.708635 33414 runtime_context.cpp:29] DecreaseCounter constructing_actor_cnt, current val is 528
I1013 19:40:20.709079 33414 naive_actor.cpp:25] actor 1099614388326 switch to &NaiveActor::HandlerNormal
I1013 19:40:20.709134 33414 thread.cpp:96] Thread 524337 construct Actor kTick 1099614388326
I1013 19:40:20.709214 33424 naive_actor.cpp:25] actor 2207613190189 switch to &NaiveActor::HandlerNormal
I1013 19:40:20.709216 33414 runtime_context.cpp:29] DecreaseCounter constructing_actor_cnt, current val is 527
I1013 19:40:20.709262 33424 thread.cpp:96] Thread 1052672 construct Actor kNormalForward 2207613190189
I1013 19:40:20.709373 33424 runtime_context.cpp:29] DecreaseCounter constructing_actor_cnt, current val is 526
I1013 19:40:20.709658 33414 naive_actor.cpp:25] actor 1099614388313 switch to &NaiveActor::HandlerNormal
I1013 19:40:20.709761 33414 thread.cpp:96] Thread 524337 construct Actor kTick 1099614388313
I1013 19:40:20.709862 33414 runtime_context.cpp:29] DecreaseCounter constructing_actor_cnt, current val is 525
I1013 19:40:20.710028 33418 naive_actor.cpp:25] actor 2199023255589 switch to &NaiveActor::HandlerNormal
I1013 19:40:20.710086 33418 thread.cpp:96] Thread 1048576 construct Actor kNormalForward 2199023255589
I1013 19:40:20.710175 33418 runtime_context.cpp:29] DecreaseCounter constructing_actor_cnt, current val is 524
I1013 19:40:20.710256 33424 naive_actor.cpp:25] actor 2207613190228 switch to &NaiveActor::HandlerNormal
I1013 19:40:20.710297 33424 thread.cpp:96] Thread 1052672 construct Actor kNormalForward 2207613190228
I1013 19:40:20.710299 33414 naive_actor.cpp:25] actor 1099614388328 switch to &NaiveActor::HandlerNormal
I1013 19:40:20.710377 33424 runtime_context.cpp:29] DecreaseCounter constructing_actor_cnt, current val is 523
I1013 19:40:20.710384 33414 thread.cpp:96] Thread 524337 construct Actor kTick 1099614388328
I1013 19:40:20.710500 33414 runtime_context.cpp:29] DecreaseCounter constructing_actor_cnt, current val is 522
I1013 19:40:20.711216 33418 naive_actor.cpp:25] actor 2199023255594 switch to &NaiveActor::HandlerNormal
I1013 19:40:20.711236 33424 naive_actor.cpp:25] actor 2207613190184 switch to &NaiveActor::HandlerNormal
I1013 19:40:20.711275 33418 thread.cpp:96] Thread 1048576 construct Actor kNormalForward 2199023255594
I1013 19:40:20.711309 33424 thread.cpp:96] Thread 1052672 construct Actor kNormalForward 2207613190184
I1013 19:40:20.711427 33424 runtime_context.cpp:29] DecreaseCounter constructing_actor_cnt, current val is 520
I1013 19:40:20.711427 33418 runtime_context.cpp:29] DecreaseCounter constructing_actor_cnt, current val is 521
I1013 19:40:20.712172 33424 naive_actor.cpp:25] actor 2207613190198 switch to &NaiveActor::HandlerNormal
I1013 19:40:20.712221 33424 thread.cpp:96] Thread 1052672 construct Actor kNormalForward 2207613190198
I1013 19:40:20.712292 33424 runtime_context.cpp:29] DecreaseCounter constructing_actor_cnt, current val is 519
I1013 19:40:20.712590 33418 naive_actor.cpp:25] actor 2199023255590 switch to &NaiveActor::HandlerNormal
I1013 19:40:20.712651 33418 thread.cpp:96] Thread 1048576 construct Actor kNormalForward 2199023255590
I1013 19:40:20.712754 33418 runtime_context.cpp:29] DecreaseCounter constructing_actor_cnt, current val is 518
I1013 19:40:20.713106 33418 naive_actor.cpp:25] actor 2199023255605 switch to &NaiveActor::HandlerNormal
I1013 19:40:20.713129 33424 naive_actor.cpp:25] actor 2207613190158 switch to &NaiveActor::HandlerNormal
I1013 19:40:20.713165 33418 thread.cpp:96] Thread 1048576 construct Actor kNormalForward 2199023255605
I1013 19:40:20.713198 33424 thread.cpp:96] Thread 1052672 construct Actor kNormalForward 2207613190158
I1013 19:40:20.713290 33418 runtime_context.cpp:29] DecreaseCounter constructing_actor_cnt, current val is 517
I1013 19:40:20.713304 33424 runtime_context.cpp:29] DecreaseCounter constructing_actor_cnt, current val is 516
I1013 19:40:20.713678 33418 naive_actor.cpp:25] actor 2199023255600 switch to &NaiveActor::HandlerNormal
I1013 19:40:20.713732 33418 thread.cpp:96] Thread 1048576 construct Actor kNormalForward 2199023255600
I1013 19:40:20.713809 33418 runtime_context.cpp:29] DecreaseCounter constructing_actor_cnt, current val is 515
I1013 19:40:20.714136 33424 naive_actor.cpp:25] actor 2207613190200 switch to &NaiveActor::HandlerNormal
I1013 19:40:20.714180 33424 thread.cpp:96] Thread 1052672 construct Actor kNormalForward 2207613190200
I1013 19:40:20.714239 33424 runtime_context.cpp:29] DecreaseCounter constructing_actor_cnt, current val is 514
I1013 19:40:20.714243 33418 naive_actor.cpp:25] actor 2199023255598 switch to &NaiveActor::HandlerNormal
I1013 19:40:20.714315 33418 thread.cpp:96] Thread 1048576 construct Actor kNormalForward 2199023255598
I1013 19:40:20.714399 33418 runtime_context.cpp:29] DecreaseCounter constructing_actor_cnt, current val is 513
I1013 19:40:20.715179 33424 naive_actor.cpp:25] actor 2207613190182 switch to &NaiveActor::HandlerNormal
I1013 19:40:20.715309 33424 thread.cpp:96] Thread 1052672 construct Actor kNormalForward 2207613190182
I1013 19:40:20.715390 33424 runtime_context.cpp:29] DecreaseCounter constructing_actor_cnt, current val is 512
I1013 19:40:20.715804 33418 naive_actor.cpp:25] actor 2199023255610 switch to &NaiveActor::HandlerNormal
I1013 19:40:20.715862 33418 thread.cpp:96] Thread 1048576 construct Actor kNormalForward 2199023255610
I1013 19:40:20.715925 33418 runtime_context.cpp:29] DecreaseCounter constructing_actor_cnt, current val is 511
I1013 19:40:20.716190 33424 naive_actor.cpp:25] actor 2207613190201 switch to &NaiveActor::HandlerNormal
I1013 19:40:20.716238 33424 thread.cpp:96] Thread 1052672 construct Actor kNormalForward 2207613190201
I1013 19:40:20.716305 33424 runtime_context.cpp:29] DecreaseCounter constructing_actor_cnt, current val is 510
I1013 19:40:20.716342 33418 naive_actor.cpp:25] actor 2199023255607 switch to &NaiveActor::HandlerNormal
I1013 19:40:20.716389 33418 thread.cpp:96] Thread 1048576 construct Actor kNormalForward 2199023255607
I1013 19:40:20.716467 33418 runtime_context.cpp:29] DecreaseCounter constructing_actor_cnt, current val is 509
I1013 19:40:20.717162 33424 naive_actor.cpp:25] actor 2207613190161 switch to &NaiveActor::HandlerNormal
I1013 19:40:20.717211 33424 thread.cpp:96] Thread 1052672 construct Actor kNormalForward 2207613190161
I1013 19:40:20.717284 33424 runtime_context.cpp:29] DecreaseCounter constructing_actor_cnt, current val is 508
I1013 19:40:20.717396 33418 naive_actor.cpp:25] actor 2199023255616 switch to &NaiveActor::HandlerNormal
I1013 19:40:20.717444 33418 thread.cpp:96] Thread 1048576 construct Actor kNormalForward 2199023255616
I1013 19:40:20.717531 33418 runtime_context.cpp:29] DecreaseCounter constructing_actor_cnt, current val is 507
I1013 19:40:20.717980 33424 naive_actor.cpp:25] actor 2207613190173 switch to &NaiveActor::HandlerNormal
I1013 19:40:20.718029 33424 thread.cpp:96] Thread 1052672 construct Actor kNormalForward 2207613190173
I1013 19:40:20.718093 33424 runtime_context.cpp:29] DecreaseCounter constructing_actor_cnt, current val is 506
I1013 19:40:20.718609 33418 naive_actor.cpp:25] actor 2199023255599 switch to &NaiveActor::HandlerNormal
I1013 19:40:20.718662 33418 thread.cpp:96] Thread 1048576 construct Actor kNormalForward 2199023255599
I1013 19:40:20.718745 33418 runtime_context.cpp:29] DecreaseCounter constructing_actor_cnt, current val is 505
I1013 19:40:20.719004 33424 naive_actor.cpp:25] actor 2207613190216 switch to &NaiveActor::HandlerNormal
I1013 19:40:20.719053 33424 thread.cpp:96] Thread 1052672 construct Actor kNormalForward 2207613190216
I1013 19:40:20.719131 33424 runtime_context.cpp:29] DecreaseCounter constructing_actor_cnt, current val is 504
I1013 19:40:20.719446 33424 naive_actor.cpp:25] actor 2207613190183 switch to &NaiveActor::HandlerNormal
I1013 19:40:20.719489 33424 thread.cpp:96] Thread 1052672 construct Actor kNormalForward 2207613190183
I1013 19:40:20.719547 33424 runtime_context.cpp:29] DecreaseCounter constructing_actor_cnt, current val is 503
I1013 19:40:20.719835 33418 naive_actor.cpp:25] actor 2199023255647 switch to &NaiveActor::HandlerNormal
I1013 19:40:20.719888 33418 thread.cpp:96] Thread 1048576 construct Actor kNormalForward 2199023255647
I1013 19:40:20.719987 33418 runtime_context.cpp:29] DecreaseCounter constructing_actor_cnt, current val is 502
I1013 19:40:20.720764 33424 naive_actor.cpp:25] actor 2207613190181 switch to &NaiveActor::HandlerNormal
I1013 19:40:20.720815 33424 thread.cpp:96] Thread 1052672 construct Actor kNormalForward 2207613190181
I1013 19:40:20.720883 33424 runtime_context.cpp:29] DecreaseCounter constructing_actor_cnt, current val is 501
I1013 19:40:20.721032 33418 naive_actor.cpp:25] actor 2199023255629 switch to &NaiveActor::HandlerNormal
I1013 19:40:20.721082 33418 thread.cpp:96] Thread 1048576 construct Actor kNormalForward 2199023255629
I1013 19:40:20.721182 33418 runtime_context.cpp:29] DecreaseCounter constructing_actor_cnt, current val is 500
I1013 19:40:20.721832 33424 naive_actor.cpp:25] actor 2207613190224 switch to &NaiveActor::HandlerNormal
I1013 19:40:20.721920 33424 thread.cpp:96] Thread 1052672 construct Actor kNormalForward 2207613190224
I1013 19:40:20.722002 33424 runtime_context.cpp:29] DecreaseCounter constructing_actor_cnt, current val is 499
I1013 19:40:20.722205 33418 naive_actor.cpp:25] actor 2199023255653 switch to &NaiveActor::HandlerNormal
I1013 19:40:20.722255 33418 thread.cpp:96] Thread 1048576 construct Actor kNormalForward 2199023255653
I1013 19:40:20.722337 33418 runtime_context.cpp:29] DecreaseCounter constructing_actor_cnt, current val is 498
I1013 19:40:20.722743 33424 naive_actor.cpp:25] actor 2207613190218 switch to &NaiveActor::HandlerNormal
I1013 19:40:20.722790 33424 thread.cpp:96] Thread 1052672 construct Actor kNormalForward 2207613190218
I1013 19:40:20.722856 33424 runtime_context.cpp:29] DecreaseCounter constructing_actor_cnt, current val is 497
I1013 19:40:20.723191 33418 naive_actor.cpp:25] actor 2199023255588 switch to &NaiveActor::HandlerNormal
I1013 19:40:20.723242 33418 thread.cpp:96] Thread 1048576 construct Actor kNormalForward 2199023255588
I1013 19:40:20.723326 33418 runtime_context.cpp:29] DecreaseCounter constructing_actor_cnt, current val is 496
I1013 19:40:20.723807 33424 naive_actor.cpp:25] actor 2207613190205 switch to &NaiveActor::HandlerNormal
I1013 19:40:20.723855 33424 thread.cpp:96] Thread 1052672 construct Actor kNormalForward 2207613190205
I1013 19:40:20.723928 33424 runtime_context.cpp:29] DecreaseCounter constructing_actor_cnt, current val is 495
