Log file created at: 2021/10/12 16:15:20
Running on machine: oneflow-14
Log line format: [IWEF]mmdd hh:mm:ss.uuuuuu threadid file:line] msg
I1012 16:15:20.956967 10831 global.h:36] NewGlobal 14cudaDeviceProp
I1012 16:15:20.958616 10831 global.h:36] NewGlobal N7oneflow7EnvDescE
I1012 16:15:20.958662 10831 global.h:36] NewGlobal N7oneflow10ProcessCtxE
I1012 16:15:20.958679 10831 env_global_objects_scope.cpp:152] using rpc backend: local
I1012 16:15:20.958726 10831 global.h:36] NewGlobal N7oneflow12ResourceDescE
I1012 16:15:20.958751 10831 global.h:36] NewGlobal N7oneflow12ResourceDescE
I1012 16:15:21.109902 10831 global.h:36] NewGlobal N7oneflow10ThreadPoolE
I1012 16:15:21.111204 10831 global.h:36] NewGlobal N7oneflow16EagerNcclCommMgrE
I1012 16:15:21.111227 10831 global.h:36] NewGlobal N7oneflow18CudnnConvAlgoCacheE
I1012 16:15:21.111236 10831 global.h:36] NewGlobal N7oneflow2vm19VirtualMachineScopeE
I1012 16:15:21.111246 10831 global.h:36] NewGlobal N7oneflow9OneflowVME
I1012 16:15:21.112156 10831 oneflow_vm.cpp:75] transport stream type: N7oneflow2vm13CpuStreamTypeE
I1012 16:15:21.112179 10831 oneflow_vm.cpp:75] transport stream type: N7oneflow2vm14CudaStreamTypeE
I1012 16:15:21.112188 10831 oneflow_vm.cpp:75] transport stream type: N7oneflow2vm19AsyncCudaStreamTypeE
I1012 16:15:21.112336 10831 global.h:36] NewGlobal N7oneflow27EagerJobBuildAndInferCtxMgrE
I1012 16:15:21.112354 10831 global.h:36] NewGlobal N7oneflow12EpollCommNetE
I1012 16:15:21.112550 10831 epoll_comm_network.cpp:63] CommNet:Epoll listening on 0.0.0.0:43604
I1012 16:15:21.112599 10831 epoll_comm_network.cpp:197] machine 0 sockfd -1
I1012 16:15:21.112733 10831 global.h:36] NewGlobal N7oneflow9TransportE
I1012 16:15:21.115034 10831 global.h:43] DeleteGlobal N7oneflow12ResourceDescE
I1012 16:15:21.115067 10831 version.cpp:22] OneFlow git version: b295ca2324
I1012 16:15:21.115087 10831 device_register_gpu.cpp:56] CUDA runtime version: 11.2
I1012 16:15:21.115116 10831 device_register_gpu.cpp:65] cuDNN version: 8.1.1
I1012 16:15:21.115131 10831 device_register_gpu.cpp:78] NCCL version: 2.9.8
I1012 16:15:21.115141 10831 global.h:36] NewGlobal N7oneflow12ResourceDescE
I1012 16:15:21.115151 10831 global.h:36] NewGlobal N7oneflow5IDMgrE
I1012 16:15:21.115160 10831 global.h:36] NewGlobal N7oneflow16AvailableMemDescE
I1012 16:15:21.115190 10831 global.h:36] NewGlobal St13unordered_mapISslSt4hashISsESt8equal_toISsESaISt4pairIKSslEEE
I1012 16:15:21.115200 10831 global.h:36] NewGlobal N7oneflow19CriticalSectionDescE
I1012 16:15:21.115208 10831 global.h:36] NewGlobal N7oneflow16InterUserJobInfoE
I1012 16:15:21.115218 10831 global.h:36] NewGlobal N7oneflow26LazyJobBuildAndInferCtxMgrE
I1012 16:15:21.115227 10831 global.h:36] NewGlobal N7oneflow16JobSetCompileCtxE
I1012 16:15:21.115236 10831 global.h:36] NewGlobal N7oneflow26RuntimeBufferManagersScopeE
I1012 16:15:21.115245 10831 global.h:36] NewGlobal N7oneflow9BufferMgrIlEE
I1012 16:15:21.115255 10831 global.h:36] NewGlobal N7oneflow9BufferMgrISt10shared_ptrINS_11JobInstanceEEEE
I1012 16:15:21.115264 10831 global.h:36] NewGlobal N7oneflow10RuntimeCtxE
I1012 16:15:21.115272 10831 global.h:36] NewGlobal N7oneflow15MemoryAllocatorE
I1012 16:15:21.115280 10831 global.h:36] NewGlobal N7oneflow8ChunkMgrE
I1012 16:15:21.115289 10831 global.h:36] NewGlobal N7oneflow8RegstMgrE
I1012 16:15:21.115298 10831 global.h:36] NewGlobal N7oneflow11ActorMsgBusE
I1012 16:15:21.115305 10831 global.h:36] NewGlobal N7oneflow9ThreadMgrE
I1012 16:15:21.115314 10831 global.h:36] NewGlobal N7oneflow15RuntimeJobDescsE
I1012 16:15:21.115321 10831 global.h:36] NewGlobal N7oneflow7summary12EventsWriterE
I1012 16:15:21.115332 10831 global.h:36] NewGlobal N7oneflow6boxing10collective24CollectiveBoxingExecutorE
I1012 16:15:21.115340 10831 global.h:36] NewGlobal N7oneflow6boxing10collective31CollectiveBoxingDeviceCtxPollerE
I1012 16:15:21.115502 10831 session.h:77] NewGlobal N7oneflow25SessionGlobalObjectsScopeE
I1012 16:15:21.116374 10831 global.h:36] NewGlobal N7oneflow7JobDescE
I1012 16:15:22.135784 10831 global.h:43] DeleteGlobal N7oneflow7JobDescE
I1012 16:15:22.136199 10831 global.h:36] NewGlobal N7oneflow7JobDescE
I1012 16:15:22.142946 10831 global.h:36] NewGlobal N7oneflow7OpGraphE
I1012 16:15:22.157622 10831 global.h:43] DeleteGlobal N7oneflow7OpGraphE
I1012 16:15:22.876776 10831 global.h:43] DeleteGlobal N7oneflow7JobDescE
I1012 16:15:22.919483 10831 global.h:36] NewGlobal N7oneflow24InterJobReuseMemStrategyE
I1012 16:15:22.920421 10831 global.h:36] NewGlobal N7oneflow7OneflowE
I1012 16:15:22.949849 10831 global.h:36] NewGlobal N7oneflow7JobDescE
I1012 16:15:23.767926 10831 insert_nccl_logical_op_pass.cpp:663]  Try insert nccl logical ops into job: train_job. Begin...
I1012 16:15:23.769817 10831 insert_nccl_logical_op_pass.cpp:432]  insert nccl op: System-NCCL-Logical-S2B-114 from: [IdentityN_5](order=0, nd_sbp=[S(0)])->[ParallelCast_6](order=2, nd_sbp=[B]) and before: [System-Boxing-Identity-93](order=1)
I1012 16:15:23.770087 10831 insert_nccl_logical_op_pass.cpp:432]  insert nccl op: System-NCCL-Logical-S2B-115 from: [IdentityN_5](order=0, nd_sbp=[S(0)])->[ParallelCast_11](order=3, nd_sbp=[B]) and before: [System-Boxing-Identity-93](order=1)
I1012 16:15:23.770385 10831 insert_nccl_logical_op_pass.cpp:432]  insert nccl op: System-NCCL-Logical-S2S-116 from: [Gather_12](order=5, nd_sbp=[S(2)])->[Reshape_14](order=7, nd_sbp=[S(0)]) and before: [Reshape_8](order=6)
I1012 16:15:23.770648 10831 insert_nccl_logical_op_pass.cpp:432]  insert nccl op: System-NCCL-Logical-P2S-117 from: [ReduceSum_9](order=8, nd_sbp=[P])->[AddN_23](order=47, nd_sbp=[S(0)]) and before: [Concat_15](order=9)
I1012 16:15:23.771795 10831 insert_nccl_logical_op_pass.cpp:432]  insert nccl op: System-NCCL-Logical-S2B-118 from: [SigmoidCrossEntropy_24_grad](order=51, nd_sbp=[S(0)])->[ReduceSum_9_grad](order=56, nd_sbp=[B]) and before: [ScalarMul_26](order=52)
I1012 16:15:23.772001 10831 insert_nccl_logical_op_pass.cpp:432]  insert nccl op: System-NCCL-Logical-P2B-119 from: [deep_scores-matmul_grad_b](order=53, nd_sbp=[P])->[System-ModelDiffScale-ScalarMul_66](order=57, nd_sbp=[B]) and before: [deep_scores-bias_add_grad](order=54)
I1012 16:15:23.772163 10831 insert_nccl_logical_op_pass.cpp:432]  insert nccl op: System-NCCL-Logical-P2B-120 from: [deep_scores-bias_add_grad](order=54, nd_sbp=[P])->[System-ModelDiffScale-ScalarMul_78](order=58, nd_sbp=[B]) and before: [deep_scores-matmul_grad_a](order=55)
I1012 16:15:23.772469 10831 insert_nccl_logical_op_pass.cpp:432]  insert nccl op: System-NCCL-Logical-P2B-121 from: [fc6-matmul_grad_b](order=65, nd_sbp=[P])->[System-ModelDiffScale-ScalarMul_70](order=69, nd_sbp=[B]) and before: [fc6-bias_add_grad](order=66)
I1012 16:15:23.772656 10831 insert_nccl_logical_op_pass.cpp:432]  insert nccl op: System-NCCL-Logical-P2B-122 from: [fc6-bias_add_grad](order=66, nd_sbp=[P])->[System-ModelDiffScale-ScalarMul_69](order=70, nd_sbp=[B]) and before: [fc6-matmul_grad_a](order=67)
I1012 16:15:23.772944 10831 insert_nccl_logical_op_pass.cpp:432]  insert nccl op: System-NCCL-Logical-P2B-123 from: [fc5-matmul_grad_b](order=76, nd_sbp=[P])->[System-ModelDiffScale-ScalarMul_68](order=79, nd_sbp=[B]) and before: [fc5-bias_add_grad](order=77)
I1012 16:15:23.773118 10831 insert_nccl_logical_op_pass.cpp:432]  insert nccl op: System-NCCL-Logical-P2B-124 from: [fc5-bias_add_grad](order=77, nd_sbp=[P])->[System-ModelDiffScale-ScalarMul_71](order=80, nd_sbp=[B]) and before: [fc5-matmul_grad_a](order=78)
I1012 16:15:23.773380 10831 insert_nccl_logical_op_pass.cpp:432]  insert nccl op: System-NCCL-Logical-P2B-125 from: [fc4-matmul_grad_b](order=85, nd_sbp=[P])->[System-ModelDiffScale-ScalarMul_74](order=88, nd_sbp=[B]) and before: [fc4-bias_add_grad](order=86)
I1012 16:15:23.773548 10831 insert_nccl_logical_op_pass.cpp:432]  insert nccl op: System-NCCL-Logical-P2B-126 from: [fc4-bias_add_grad](order=86, nd_sbp=[P])->[System-ModelDiffScale-ScalarMul_79](order=89, nd_sbp=[B]) and before: [fc4-matmul_grad_a](order=87)
I1012 16:15:23.773792 10831 insert_nccl_logical_op_pass.cpp:432]  insert nccl op: System-NCCL-Logical-P2B-127 from: [fc3-matmul_grad_b](order=94, nd_sbp=[P])->[System-ModelDiffScale-ScalarMul_67](order=97, nd_sbp=[B]) and before: [fc3-bias_add_grad](order=95)
I1012 16:15:23.774174 10831 insert_nccl_logical_op_pass.cpp:432]  insert nccl op: System-NCCL-Logical-P2B-128 from: [fc3-bias_add_grad](order=95, nd_sbp=[P])->[System-ModelDiffScale-ScalarMul_82](order=98, nd_sbp=[B]) and before: [fc3-matmul_grad_a](order=96)
I1012 16:15:23.774453 10831 insert_nccl_logical_op_pass.cpp:432]  insert nccl op: System-NCCL-Logical-P2B-129 from: [fc2-matmul_grad_b](order=103, nd_sbp=[P])->[System-ModelDiffScale-ScalarMul_77](order=106, nd_sbp=[B]) and before: [fc2-bias_add_grad](order=104)
I1012 16:15:23.774617 10831 insert_nccl_logical_op_pass.cpp:432]  insert nccl op: System-NCCL-Logical-P2B-130 from: [fc2-bias_add_grad](order=104, nd_sbp=[P])->[System-ModelDiffScale-ScalarMul_73](order=107, nd_sbp=[B]) and before: [fc2-matmul_grad_a](order=105)
I1012 16:15:23.774878 10831 insert_nccl_logical_op_pass.cpp:432]  insert nccl op: System-NCCL-Logical-P2B-131 from: [fc1-matmul_grad_b](order=112, nd_sbp=[P])->[System-ModelDiffScale-ScalarMul_81](order=115, nd_sbp=[B]) and before: [fc1-bias_add_grad](order=113)
I1012 16:15:23.775034 10831 insert_nccl_logical_op_pass.cpp:432]  insert nccl op: System-NCCL-Logical-P2B-132 from: [fc1-bias_add_grad](order=113, nd_sbp=[P])->[System-ModelDiffScale-ScalarMul_65](order=116, nd_sbp=[B]) and before: [fc1-matmul_grad_a](order=114)
I1012 16:15:23.775280 10831 insert_nccl_logical_op_pass.cpp:432]  insert nccl op: System-NCCL-Logical-P2B-133 from: [fc0-bias_add_grad](order=121, nd_sbp=[P])->[System-ModelDiffScale-ScalarMul_72](order=124, nd_sbp=[B]) and before: [fc0-matmul_grad_b](order=122)
I1012 16:15:23.775445 10831 insert_nccl_logical_op_pass.cpp:432]  insert nccl op: System-NCCL-Logical-P2B-134 from: [fc0-matmul_grad_b](order=122, nd_sbp=[P])->[System-ModelDiffScale-ScalarMul_75](order=125, nd_sbp=[B]) and before: [fc0-matmul_grad_a](order=123)
I1012 16:15:23.775696 10831 insert_nccl_logical_op_pass.cpp:432]  insert nccl op: System-NCCL-Logical-S2S-135 from: [Reshape_14_grad](order=129, nd_sbp=[S(0)])->[Gather_12_grad](order=130, nd_sbp=[S(2)]) and before: [Gather_12_grad](order=130)
I1012 16:15:23.775828 10831 insert_nccl_logical_op_pass.cpp:699]  Try insert nccl logical ops into job: train_job. ...End

I1012 16:15:23.936058 10831 global.h:36] NewGlobal N7oneflow7OpGraphE
I1012 16:15:24.198253 10831 global.h:43] DeleteGlobal N7oneflow7OpGraphE
I1012 16:15:24.248813 10831 oneflow.cpp:210] 
job_id: 0 , job_name: train_job , compile time: 1.2987 seconds.
I1012 16:15:24.462118 10831 global.h:43] DeleteGlobal N7oneflow7JobDescE
I1012 16:15:24.463418 10831 global.h:36] NewGlobal N7oneflow7JobDescE
I1012 16:15:24.584379 10831 global.h:36] NewGlobal N7oneflow7OpGraphE
I1012 16:15:24.634140 10831 global.h:43] DeleteGlobal N7oneflow7OpGraphE
I1012 16:15:24.640839 10831 oneflow.cpp:210] 
job_id: 1 , job_name: System-ModelInit , compile time: 0.175114 seconds.
I1012 16:15:24.701998 10831 global.h:43] DeleteGlobal N7oneflow7JobDescE
I1012 16:15:24.714496 10831 global.h:36] NewGlobal N7oneflow7JobDescE
I1012 16:15:24.820144 10831 global.h:36] NewGlobal N7oneflow7OpGraphE
I1012 16:15:24.866165 10831 global.h:43] DeleteGlobal N7oneflow7OpGraphE
I1012 16:15:24.872489 10831 oneflow.cpp:210] 
job_id: 2 , job_name: System-ModelLoad , compile time: 0.157783 seconds.
I1012 16:15:24.935138 10831 global.h:43] DeleteGlobal N7oneflow7JobDescE
I1012 16:15:24.947520 10831 global.h:36] NewGlobal N7oneflow7JobDescE
I1012 16:15:25.066334 10831 global.h:36] NewGlobal N7oneflow7OpGraphE
I1012 16:15:25.144191 10831 global.h:43] DeleteGlobal N7oneflow7OpGraphE
I1012 16:15:25.150353 10831 oneflow.cpp:210] 
job_id: 3 , job_name: System-ModelSave , compile time: 0.20263 seconds.
I1012 16:15:25.211269 10831 global.h:43] DeleteGlobal N7oneflow7JobDescE
I1012 16:15:25.211447 10831 global.h:36] NewGlobal N7oneflow7JobDescE
I1012 16:15:25.230448 10831 global.h:36] NewGlobal N7oneflow7OpGraphE
I1012 16:15:25.257212 10831 global.h:43] DeleteGlobal N7oneflow7OpGraphE
I1012 16:15:25.259611 10831 oneflow.cpp:210] 
job_id: 4 , job_name: System-Pull-Return_27 , compile time: 0.0479941 seconds.
I1012 16:15:25.268998 10831 global.h:43] DeleteGlobal N7oneflow7JobDescE
I1012 16:15:25.284363 10831 global.h:36] NewGlobal N7oneflow7JobDescE
I1012 16:15:25.284682 10831 global.h:36] NewGlobal N7oneflow7OpGraphE
I1012 16:15:25.314306 10831 global.h:43] DeleteGlobal N7oneflow7OpGraphE
I1012 16:15:25.318476 10831 oneflow.cpp:210] 
job_id: 5 , job_name: MainJob-unamed , compile time: 0.0338227 seconds.
I1012 16:15:25.336525 10831 global.h:43] DeleteGlobal N7oneflow7JobDescE
I1012 16:15:25.361701 10831 plan_util.cpp:928]  Plan: merged_plan needs to allocate [ 758.097 MiB ] device memory in Rank: 0 , Device: 1
I1012 16:15:25.362876 10831 plan_util.cpp:928]  Plan: merged_plan needs to allocate [ 758.099 MiB ] device memory in Rank: 0 , Device: 0
I1012 16:15:25.741055 10831 oneflow.cpp:998]  PushPlan merged_plan time: 0.0439155 seconds.
I1012 16:15:25.880741 10831 oneflow.cpp:1014]  PullPlan merged_plan time: 0.124839 seconds.
I1012 16:15:34.394930 10831 runtime_context.cpp:21] NewCounter constructing_actor_cnt 781
I1012 16:15:34.396937 11723 naive_actor.cpp:25] actor 1099614388240 switch to &NaiveActor::HandlerNormal
I1012 16:15:34.397074 11724 wait_and_send_ids_actor.cpp:53] actor 1099616485376 switch to &WaitAndSendIdsActor::HandlerWaitToStart
I1012 16:15:34.396960 11770 naive_actor.cpp:25] actor 2199023255722 switch to &NaiveActor::HandlerNormal
I1012 16:15:34.397085 11723 thread.cpp:96] Thread 524337 construct Actor kDeviceTick 1099614388240
I1012 16:15:34.397207 11724 thread.cpp:96] Thread 524338 construct Actor kWaitAndSendIds 1099616485376
I1012 16:15:34.397415 11723 runtime_context.cpp:29] DecreaseCounter constructing_actor_cnt, current val is 780
I1012 16:15:34.397289 11770 thread.cpp:96] Thread 1048576 construct Actor kDeviceTick 2199023255722
I1012 16:15:34.397521 11724 runtime_context.cpp:29] DecreaseCounter constructing_actor_cnt, current val is 779
I1012 16:15:34.397640 11770 runtime_context.cpp:29] DecreaseCounter constructing_actor_cnt, current val is 778
I1012 16:15:34.397684 11723 naive_actor.cpp:25] actor 1099614388230 switch to &NaiveActor::HandlerNormal
I1012 16:15:34.397776 11723 thread.cpp:96] Thread 524337 construct Actor kDeviceTick 1099614388230
I1012 16:15:34.397864 11723 runtime_context.cpp:29] DecreaseCounter constructing_actor_cnt, current val is 777
I1012 16:15:34.397926 11770 naive_actor.cpp:25] actor 2199023255783 switch to &NaiveActor::HandlerNormal
I1012 16:15:34.398005 11770 thread.cpp:96] Thread 1048576 construct Actor kDeviceTick 2199023255783
I1012 16:15:34.398115 11723 naive_actor.cpp:25] actor 1099614388241 switch to &NaiveActor::HandlerNormal
I1012 16:15:34.398121 11770 runtime_context.cpp:29] DecreaseCounter constructing_actor_cnt, current val is 776
I1012 16:15:34.398180 11723 thread.cpp:96] Thread 524337 construct Actor kDeviceTick 1099614388241
I1012 16:15:34.398357 11723 runtime_context.cpp:29] DecreaseCounter constructing_actor_cnt, current val is 775
I1012 16:15:34.398480 11770 naive_actor.cpp:25] actor 2199023255822 switch to &NaiveActor::HandlerNormal
I1012 16:15:34.398567 11770 thread.cpp:96] Thread 1048576 construct Actor kDeviceTick 2199023255822
I1012 16:15:34.398593 11723 naive_actor.cpp:25] actor 1099614388231 switch to &NaiveActor::HandlerNormal
I1012 16:15:34.398690 11770 runtime_context.cpp:29] DecreaseCounter constructing_actor_cnt, current val is 774
I1012 16:15:34.398700 11723 thread.cpp:96] Thread 524337 construct Actor kDeviceTick 1099614388231
I1012 16:15:34.398855 11723 runtime_context.cpp:29] DecreaseCounter constructing_actor_cnt, current val is 773
I1012 16:15:34.398970 11770 naive_actor.cpp:25] actor 2199023255861 switch to &NaiveActor::HandlerNormal
I1012 16:15:34.399057 11770 thread.cpp:96] Thread 1048576 construct Actor kDeviceTick 2199023255861
I1012 16:15:34.399081 11723 naive_actor.cpp:25] actor 1099614388232 switch to &NaiveActor::HandlerNormal
I1012 16:15:34.399175 11770 runtime_context.cpp:29] DecreaseCounter constructing_actor_cnt, current val is 772
I1012 16:15:34.399181 11723 thread.cpp:96] Thread 524337 construct Actor kDeviceTick 1099614388232
I1012 16:15:34.399550 11723 runtime_context.cpp:29] DecreaseCounter constructing_actor_cnt, current val is 771
I1012 16:15:34.399893 11723 naive_actor.cpp:25] actor 1099614388251 switch to &NaiveActor::HandlerNormal
I1012 16:15:34.399964 11723 thread.cpp:96] Thread 524337 construct Actor kDeviceTick 1099614388251
I1012 16:15:34.400030 11723 runtime_context.cpp:29] DecreaseCounter constructing_actor_cnt, current val is 770
I1012 16:15:34.400235 11723 naive_actor.cpp:25] actor 1099614388260 switch to &NaiveActor::HandlerNormal
I1012 16:15:34.400297 11723 thread.cpp:96] Thread 524337 construct Actor kDeviceTick 1099614388260
I1012 16:15:34.400367 11723 runtime_context.cpp:29] DecreaseCounter constructing_actor_cnt, current val is 769
I1012 16:15:34.400574 11723 naive_actor.cpp:25] actor 1099614388269 switch to &NaiveActor::HandlerNormal
I1012 16:15:34.400640 11723 thread.cpp:96] Thread 524337 construct Actor kDeviceTick 1099614388269
I1012 16:15:34.400707 11723 runtime_context.cpp:29] DecreaseCounter constructing_actor_cnt, current val is 768
I1012 16:15:34.400907 11723 naive_actor.cpp:25] actor 1099614388289 switch to &NaiveActor::HandlerNormal
I1012 16:15:34.400990 11723 thread.cpp:96] Thread 524337 construct Actor kDeviceTick 1099614388289
I1012 16:15:34.401065 11723 runtime_context.cpp:29] DecreaseCounter constructing_actor_cnt, current val is 767
I1012 16:15:34.401301 11723 naive_actor.cpp:25] actor 1099614388286 switch to &NaiveActor::HandlerNormal
I1012 16:15:34.401437 11723 thread.cpp:96] Thread 524337 construct Actor kDeviceTick 1099614388286
I1012 16:15:34.401516 11723 runtime_context.cpp:29] DecreaseCounter constructing_actor_cnt, current val is 766
I1012 16:15:34.401728 11723 naive_actor.cpp:25] actor 1099614388278 switch to &NaiveActor::HandlerNormal
I1012 16:15:34.401793 11723 thread.cpp:96] Thread 524337 construct Actor kDeviceTick 1099614388278
I1012 16:15:34.401856 11723 runtime_context.cpp:29] DecreaseCounter constructing_actor_cnt, current val is 765
I1012 16:15:34.401932 11796 naive_actor.cpp:25] actor 2207613190314 switch to &NaiveActor::HandlerNormal
I1012 16:15:34.402086 11723 naive_actor.cpp:25] actor 1099614388287 switch to &NaiveActor::HandlerNormal
I1012 16:15:34.414490 11796 thread.cpp:96] Thread 1052672 construct Actor kDeviceTick 2207613190314
I1012 16:15:34.414669 11723 thread.cpp:96] Thread 524337 construct Actor kDeviceTick 1099614388287
I1012 16:15:34.414826 11723 runtime_context.cpp:29] DecreaseCounter constructing_actor_cnt, current val is 764
I1012 16:15:34.414829 11796 runtime_context.cpp:29] DecreaseCounter constructing_actor_cnt, current val is 763
I1012 16:15:34.415369 11796 naive_actor.cpp:25] actor 2207613190375 switch to &NaiveActor::HandlerNormal
I1012 16:15:34.415453 11796 thread.cpp:96] Thread 1052672 construct Actor kDeviceTick 2207613190375
I1012 16:15:34.415555 11796 runtime_context.cpp:29] DecreaseCounter constructing_actor_cnt, current val is 762
I1012 16:15:34.415879 11796 naive_actor.cpp:25] actor 2207613190414 switch to &NaiveActor::HandlerNormal
I1012 16:15:34.415959 11796 thread.cpp:96] Thread 1052672 construct Actor kDeviceTick 2207613190414
I1012 16:15:34.416065 11796 runtime_context.cpp:29] DecreaseCounter constructing_actor_cnt, current val is 761
I1012 16:15:34.416376 11796 naive_actor.cpp:25] actor 2207613190453 switch to &NaiveActor::HandlerNormal
I1012 16:15:34.416457 11796 thread.cpp:96] Thread 1052672 construct Actor kDeviceTick 2207613190453
I1012 16:15:34.416539 11796 runtime_context.cpp:29] DecreaseCounter constructing_actor_cnt, current val is 760
I1012 16:15:34.455595 11684 naive_actor.cpp:25] actor 1099511627776 switch to &NaiveActor::HandlerNormal
I1012 16:15:34.455781 11684 thread.cpp:96] Thread 524288 construct Actor kNormalForward 1099511627776
I1012 16:15:34.455952 11684 runtime_context.cpp:29] DecreaseCounter constructing_actor_cnt, current val is 759
I1012 16:15:34.457167 11692 naive_actor.cpp:25] actor 1099528404992 switch to &NaiveActor::HandlerNormal
I1012 16:15:34.457176 11688 naive_actor.cpp:25] actor 1099520016384 switch to &NaiveActor::HandlerNormal
I1012 16:15:34.457484 11688 thread.cpp:96] Thread 524292 construct Actor kNormalForward 1099520016384
I1012 16:15:34.457491 11690 naive_actor.cpp:25] actor 1099524210688 switch to &NaiveActor::HandlerNormal
I1012 16:15:34.457617 11690 thread.cpp:96] Thread 524294 construct Actor kNormalForward 1099524210688
I1012 16:15:34.457633 11688 runtime_context.cpp:29] DecreaseCounter constructing_actor_cnt, current val is 758
I1012 16:15:34.457710 11690 runtime_context.cpp:29] DecreaseCounter constructing_actor_cnt, current val is 757
I1012 16:15:34.457672 11691 naive_actor.cpp:25] actor 1099526307840 switch to &NaiveActor::HandlerNormal
I1012 16:15:34.457883 11691 thread.cpp:96] Thread 524295 construct Actor kNormalForward 1099526307840
I1012 16:15:34.457976 11689 naive_actor.cpp:25] actor 1099522113536 switch to &NaiveActor::HandlerNormal
I1012 16:15:34.458180 11689 thread.cpp:96] Thread 524293 construct Actor kNormalForward 1099522113536
I1012 16:15:34.458048 11691 runtime_context.cpp:29] DecreaseCounter constructing_actor_cnt, current val is 756
I1012 16:15:34.457269 11692 thread.cpp:96] Thread 524296 construct Actor kNormalForward 1099528404992
I1012 16:15:34.458635 11692 runtime_context.cpp:29] DecreaseCounter constructing_actor_cnt, current val is 754
I1012 16:15:34.459278 11693 naive_actor.cpp:25] actor 1099530502144 switch to &NaiveActor::HandlerNormal
I1012 16:15:34.459386 11693 thread.cpp:96] Thread 524297 construct Actor kNormalForward 1099530502144
I1012 16:15:34.459525 11693 runtime_context.cpp:29] DecreaseCounter constructing_actor_cnt, current val is 753
I1012 16:15:34.459718 11704 naive_actor.cpp:25] actor 1099553570816 switch to &NaiveActor::HandlerNormal
I1012 16:15:34.459805 11704 thread.cpp:96] Thread 524308 construct Actor kNormalForward 1099553570816
I1012 16:15:34.459877 11705 naive_actor.cpp:25] actor 1099555667968 switch to &NaiveActor::HandlerNormal
I1012 16:15:34.459933 11704 runtime_context.cpp:29] DecreaseCounter constructing_actor_cnt, current val is 752
I1012 16:15:34.459933 11705 thread.cpp:96] Thread 524309 construct Actor kNormalForward 1099555667968
I1012 16:15:34.460148 11705 runtime_context.cpp:29] DecreaseCounter constructing_actor_cnt, current val is 751
I1012 16:15:34.460214 11694 naive_actor.cpp:25] actor 1099532599296 switch to &NaiveActor::HandlerNormal
I1012 16:15:34.460299 11697 naive_actor.cpp:25] actor 1099538890752 switch to &NaiveActor::HandlerNormal
I1012 16:15:34.460350 11694 thread.cpp:96] Thread 524298 construct Actor kNormalForward 1099532599296
I1012 16:15:34.460438 11697 thread.cpp:96] Thread 524301 construct Actor kNormalForward 1099538890752
I1012 16:15:34.460525 11706 naive_actor.cpp:25] actor 1099557765120 switch to &NaiveActor::HandlerNormal
I1012 16:15:34.460625 11698 naive_actor.cpp:25] actor 1099540987904 switch to &NaiveActor::HandlerNormal
I1012 16:15:34.460592 11694 runtime_context.cpp:29] DecreaseCounter constructing_actor_cnt, current val is 750
I1012 16:15:34.460635 11697 runtime_context.cpp:29] DecreaseCounter constructing_actor_cnt, current val is 749
I1012 16:15:34.460644 11706 thread.cpp:96] Thread 524310 construct Actor kNormalForward 1099557765120
I1012 16:15:34.460702 11696 naive_actor.cpp:25] actor 1099536793600 switch to &NaiveActor::HandlerNormal
I1012 16:15:34.461011 11706 runtime_context.cpp:29] DecreaseCounter constructing_actor_cnt, current val is 748
I1012 16:15:34.461098 11715 naive_actor.cpp:25] actor 1099576639488 switch to &NaiveActor::HandlerNormal
I1012 16:15:34.460835 11702 naive_actor.cpp:25] actor 1099549376512 switch to &NaiveActor::HandlerNormal
I1012 16:15:34.460836 11700 naive_actor.cpp:25] actor 1099545182208 switch to &NaiveActor::HandlerNormal
I1012 16:15:34.460904 11707 naive_actor.cpp:25] actor 1099559862272 switch to &NaiveActor::HandlerNormal
I1012 16:15:34.460995 11717 naive_actor.cpp:25] actor 1099580833792 switch to &NaiveActor::HandlerNormal
I1012 16:15:34.461506 11717 thread.cpp:96] Thread 524321 construct Actor kForeignInput 1099580833792
I1012 16:15:34.461022 11712 naive_actor.cpp:25] actor 1099570348032 switch to &NaiveActor::HandlerNormal
I1012 16:15:34.461031 11696 thread.cpp:96] Thread 524300 construct Actor kNormalForward 1099536793600
I1012 16:15:34.461043 11714 naive_actor.cpp:25] actor 1099574542336 switch to &NaiveActor::HandlerNormal
I1012 16:15:34.461954 11775 naive_actor.cpp:25] actor 2199027449856 switch to &NaiveActor::HandlerNormal
I1012 16:15:34.461161 11699 naive_actor.cpp:25] actor 1099543085056 switch to &NaiveActor::HandlerNormal
I1012 16:15:34.461180 11715 thread.cpp:96] Thread 524319 construct Actor kNormalForward 1099576639488
I1012 16:15:34.461263 11695 naive_actor.cpp:25] actor 1099534696448 switch to &NaiveActor::HandlerNormal
I1012 16:15:34.462323 11796 naive_actor.cpp:25] actor 2207613190157 switch to &NaiveActor::HandlerNormal
I1012 16:15:34.461268 11718 naive_actor.cpp:25] actor 1099582930944 switch to &NaiveActor::HandlerNormal
I1012 16:15:34.461268 11702 thread.cpp:96] Thread 524306 construct Actor kNormalForward 1099549376512
I1012 16:15:34.461268 11701 naive_actor.cpp:25] actor 1099547279360 switch to &NaiveActor::HandlerNormal
I1012 16:15:34.461315 11710 naive_actor.cpp:25] actor 1099566153728 switch to &NaiveActor::HandlerNormal
I1012 16:15:34.461323 11716 naive_actor.cpp:25] actor 1099578736640 switch to &NaiveActor::HandlerNormal
I1012 16:15:34.461356 11723 naive_actor.cpp:25] actor 1099614388238 switch to &NaiveActor::HandlerNormal
I1012 16:15:34.461364 11700 thread.cpp:96] Thread 524304 construct Actor kNormalForward 1099545182208
I1012 16:15:34.462949 11700 runtime_context.cpp:29] DecreaseCounter constructing_actor_cnt, current val is 743
I1012 16:15:34.461374 11713 naive_actor.cpp:25] actor 1099572445184 switch to &NaiveActor::HandlerNormal
I1012 16:15:34.461375 11709 naive_actor.cpp:25] actor 1099564056576 switch to &NaiveActor::HandlerNormal
I1012 16:15:34.461436 11707 thread.cpp:96] Thread 524311 construct Actor kNormalForward 1099559862272
I1012 16:15:34.461549 11722 naive_actor.cpp:25] actor 1099591319552 switch to &NaiveActor::HandlerNormal
I1012 16:15:34.461553 11721 naive_actor.cpp:25] actor 1099589222400 switch to &NaiveActor::HandlerNormal
I1012 16:15:34.461573 11708 naive_actor.cpp:25] actor 1099561959424 switch to &NaiveActor::HandlerNormal
I1012 16:15:34.460709 11698 thread.cpp:96] Thread 524302 construct Actor kNormalForward 1099540987904
I1012 16:15:34.461665 11719 naive_actor.cpp:25] actor 1099585028096 switch to &NaiveActor::HandlerNormal
I1012 16:15:34.461702 11720 naive_actor.cpp:25] actor 1099587125248 switch to &NaiveActor::HandlerNormal
I1012 16:15:34.461812 11717 runtime_context.cpp:29] DecreaseCounter constructing_actor_cnt, current val is 747
I1012 16:15:34.461697 11725 sink_actor.cpp:21] actor 1099618582528 switch to &SinkActor::HandlerNormal
I1012 16:15:34.461831 11712 thread.cpp:96] Thread 524316 construct Actor kNormalForward 1099570348032
I1012 16:15:34.461930 11696 runtime_context.cpp:29] DecreaseCounter constructing_actor_cnt, current val is 746
I1012 16:15:34.461071 11711 naive_actor.cpp:25] actor 1099568250880 switch to &NaiveActor::HandlerNormal
I1012 16:15:34.461966 11714 thread.cpp:96] Thread 524318 construct Actor kForeignInput 1099574542336
I1012 16:15:34.462087 11775 thread.cpp:96] Thread 1048578 construct Actor kCopyHd 2199027449856
I1012 16:15:34.462172 11699 thread.cpp:96] Thread 524303 construct Actor kNormalForward 1099543085056
I1012 16:15:34.464370 11699 runtime_context.cpp:29] DecreaseCounter constructing_actor_cnt, current val is 737
I1012 16:15:34.462282 11715 runtime_context.cpp:29] DecreaseCounter constructing_actor_cnt, current val is 745
I1012 16:15:34.462333 11695 thread.cpp:96] Thread 524299 construct Actor kNormalForward 1099534696448
I1012 16:15:34.464679 11695 runtime_context.cpp:29] DecreaseCounter constructing_actor_cnt, current val is 736
I1012 16:15:34.462409 11796 thread.cpp:96] Thread 1052672 construct Actor kNormalForward 2207613190157
I1012 16:15:34.462497 11718 thread.cpp:96] Thread 524322 construct Actor kNormalForward 1099582930944
I1012 16:15:34.462528 11798 naive_actor.cpp:25] actor 2207615287299 switch to &NaiveActor::HandlerNormal
I1012 16:15:34.462580 11773 naive_actor.cpp:25] actor 2199025352707 switch to &NaiveActor::HandlerNormal
I1012 16:15:34.462626 11702 runtime_context.cpp:29] DecreaseCounter constructing_actor_cnt, current val is 744
I1012 16:15:34.462651 11701 thread.cpp:96] Thread 524305 construct Actor kNormalForward 1099547279360
I1012 16:15:34.465445 11701 runtime_context.cpp:29] DecreaseCounter constructing_actor_cnt, current val is 733
I1012 16:15:34.462716 11710 thread.cpp:96] Thread 524314 construct Actor kNormalForward 1099566153728
I1012 16:15:34.462772 11716 thread.cpp:96] Thread 524320 construct Actor kNormalForward 1099578736640
I1012 16:15:34.462824 11723 thread.cpp:96] Thread 524337 construct Actor kTick 1099614388238
I1012 16:15:34.468014 11716 runtime_context.cpp:29] DecreaseCounter constructing_actor_cnt, current val is 731
I1012 16:15:34.463058 11713 thread.cpp:96] Thread 524317 construct Actor kNormalForward 1099572445184
I1012 16:15:34.463150 11709 thread.cpp:96] Thread 524313 construct Actor kNormalForward 1099564056576
I1012 16:15:34.463263 11707 runtime_context.cpp:29] DecreaseCounter constructing_actor_cnt, current val is 742
I1012 16:15:34.463300 11722 thread.cpp:96] Thread 524326 construct Actor kForeignOutput 1099591319552
I1012 16:15:34.463380 11721 thread.cpp:96] Thread 524325 construct Actor kNormalForward 1099589222400
I1012 16:15:34.463476 11708 thread.cpp:96] Thread 524312 construct Actor kNormalForward 1099561959424
I1012 16:15:34.463639 11698 runtime_context.cpp:29] DecreaseCounter constructing_actor_cnt, current val is 741
I1012 16:15:34.463667 11719 thread.cpp:96] Thread 524323 construct Actor kNormalForward 1099585028096
I1012 16:15:34.463747 11720 thread.cpp:96] Thread 524324 construct Actor kNormalForward 1099587125248
I1012 16:15:34.463882 11725 thread.cpp:96] Thread 524339 construct Actor kCallbackNotify 1099618582528
I1012 16:15:34.463984 11712 runtime_context.cpp:29] DecreaseCounter constructing_actor_cnt, current val is 740
I1012 16:15:34.464068 11711 thread.cpp:96] Thread 524315 construct Actor kForeignInput 1099568250880
I1012 16:15:34.464197 11714 runtime_context.cpp:29] DecreaseCounter constructing_actor_cnt, current val is 739
I1012 16:15:34.464267 11775 runtime_context.cpp:29] DecreaseCounter constructing_actor_cnt, current val is 738
I1012 16:15:34.458312 11689 runtime_context.cpp:29] DecreaseCounter constructing_actor_cnt, current val is 755
I1012 16:15:34.460803 11703 naive_actor.cpp:25] actor 1099551473664 switch to &NaiveActor::HandlerNormal
I1012 16:15:34.464893 11796 runtime_context.cpp:29] DecreaseCounter constructing_actor_cnt, current val is 735
I1012 16:15:34.464962 11718 runtime_context.cpp:29] DecreaseCounter constructing_actor_cnt, current val is 734
I1012 16:15:34.465113 11798 thread.cpp:96] Thread 1052673 construct Actor kSliceBoxing 2207615287299
I1012 16:15:34.465212 11773 thread.cpp:96] Thread 1048577 construct Actor kSliceBoxing 2199025352707
I1012 16:15:34.467939 11710 runtime_context.cpp:29] DecreaseCounter constructing_actor_cnt, current val is 732
I1012 16:15:34.462837 11770 naive_actor.cpp:25] actor 2199023255634 switch to &NaiveActor::HandlerNormal
I1012 16:15:34.468065 11723 runtime_context.cpp:29] DecreaseCounter constructing_actor_cnt, current val is 730
I1012 16:15:34.468210 11713 runtime_context.cpp:29] DecreaseCounter constructing_actor_cnt, current val is 729
I1012 16:15:34.468384 11709 runtime_context.cpp:29] DecreaseCounter constructing_actor_cnt, current val is 728
I1012 16:15:34.468487 11722 runtime_context.cpp:29] DecreaseCounter constructing_actor_cnt, current val is 727
I1012 16:15:34.468580 11721 runtime_context.cpp:29] DecreaseCounter constructing_actor_cnt, current val is 726
I1012 16:15:34.468684 11708 runtime_context.cpp:29] DecreaseCounter constructing_actor_cnt, current val is 725
I1012 16:15:34.468823 11719 runtime_context.cpp:29] DecreaseCounter constructing_actor_cnt, current val is 724
I1012 16:15:34.468924 11720 runtime_context.cpp:29] DecreaseCounter constructing_actor_cnt, current val is 723
I1012 16:15:34.468998 11725 runtime_context.cpp:29] DecreaseCounter constructing_actor_cnt, current val is 722
I1012 16:15:34.469164 11711 runtime_context.cpp:29] DecreaseCounter constructing_actor_cnt, current val is 721
I1012 16:15:34.469560 11703 thread.cpp:96] Thread 524307 construct Actor kNormalForward 1099551473664
I1012 16:15:34.469820 11798 runtime_context.cpp:29] DecreaseCounter constructing_actor_cnt, current val is 720
I1012 16:15:34.469924 11773 runtime_context.cpp:29] DecreaseCounter constructing_actor_cnt, current val is 719
I1012 16:15:34.470026 11770 thread.cpp:96] Thread 1048576 construct Actor kNormalForward 2199023255634
I1012 16:15:34.470988 11723 naive_actor.cpp:25] actor 1099614388239 switch to &NaiveActor::HandlerNormal
I1012 16:15:34.471091 11703 runtime_context.cpp:29] DecreaseCounter constructing_actor_cnt, current val is 718
I1012 16:15:34.471572 11723 thread.cpp:96] Thread 524337 construct Actor kTick 1099614388239
I1012 16:15:34.471581 11770 runtime_context.cpp:29] DecreaseCounter constructing_actor_cnt, current val is 717
I1012 16:15:34.471740 11723 runtime_context.cpp:29] DecreaseCounter constructing_actor_cnt, current val is 716
I1012 16:15:34.471876 11798 naive_actor.cpp:25] actor 2207615287298 switch to &NaiveActor::HandlerNormal
I1012 16:15:34.471930 11798 thread.cpp:96] Thread 1052673 construct Actor kSliceBoxing 2207615287298
I1012 16:15:34.471994 11798 runtime_context.cpp:29] DecreaseCounter constructing_actor_cnt, current val is 715
I1012 16:15:34.472097 11773 naive_actor.cpp:25] actor 2199025352706 switch to &NaiveActor::HandlerNormal
I1012 16:15:34.472159 11798 naive_actor.cpp:25] actor 2207615287296 switch to &NaiveActor::HandlerNormal
I1012 16:15:34.472252 11798 thread.cpp:96] Thread 1052673 construct Actor kSliceBoxing 2207615287296
I1012 16:15:34.472182 11773 thread.cpp:96] Thread 1048577 construct Actor kSliceBoxing 2199025352706
I1012 16:15:34.472322 11798 runtime_context.cpp:29] DecreaseCounter constructing_actor_cnt, current val is 714
I1012 16:15:34.472416 11773 runtime_context.cpp:29] DecreaseCounter constructing_actor_cnt, current val is 713
I1012 16:15:34.472705 11773 naive_actor.cpp:25] actor 2199025352709 switch to &NaiveActor::HandlerNormal
I1012 16:15:34.472844 11773 thread.cpp:96] Thread 1048577 construct Actor kCopyHd 2199025352709
I1012 16:15:34.472877 11798 naive_actor.cpp:25] actor 2207615287300 switch to &NaiveActor::HandlerNormal
I1012 16:15:34.473047 11773 runtime_context.cpp:29] DecreaseCounter constructing_actor_cnt, current val is 712
I1012 16:15:34.473098 11798 thread.cpp:96] Thread 1052673 construct Actor kCopyHd 2207615287300
I1012 16:15:34.473237 11798 runtime_context.cpp:29] DecreaseCounter constructing_actor_cnt, current val is 711
I1012 16:15:34.473353 11773 naive_actor.cpp:25] actor 2199025352704 switch to &NaiveActor::HandlerNormal
I1012 16:15:34.473465 11723 naive_actor.cpp:25] actor 1099614388237 switch to &NaiveActor::HandlerNormal
I1012 16:15:34.473608 11723 thread.cpp:96] Thread 524337 construct Actor kTick 1099614388237
I1012 16:15:34.473541 11773 thread.cpp:96] Thread 1048577 construct Actor kSliceBoxing 2199025352704
I1012 16:15:34.473695 11723 runtime_context.cpp:29] DecreaseCounter constructing_actor_cnt, current val is 710
I1012 16:15:34.473722 11798 naive_actor.cpp:25] actor 2207615287297 switch to &NaiveActor::HandlerNormal
I1012 16:15:34.473979 11798 thread.cpp:96] Thread 1052673 construct Actor kSliceBoxing 2207615287297
I1012 16:15:34.473876 11773 runtime_context.cpp:29] DecreaseCounter constructing_actor_cnt, current val is 709
I1012 16:15:34.474061 11798 runtime_context.cpp:29] DecreaseCounter constructing_actor_cnt, current val is 708
I1012 16:15:34.474471 11798 naive_actor.cpp:25] actor 2207615287301 switch to &NaiveActor::HandlerNormal
I1012 16:15:34.474542 11798 thread.cpp:96] Thread 1052673 construct Actor kCopyHd 2207615287301
I1012 16:15:34.474607 11798 runtime_context.cpp:29] DecreaseCounter constructing_actor_cnt, current val is 707
I1012 16:15:34.474704 11723 naive_actor.cpp:25] actor 1099614388224 switch to &NaiveActor::HandlerNormal
I1012 16:15:34.474829 11796 naive_actor.cpp:25] actor 2207613190181 switch to &NaiveActor::HandlerNormal
I1012 16:15:34.474900 11723 thread.cpp:96] Thread 524337 construct Actor kDeviceTick 1099614388224
I1012 16:15:34.474972 11796 thread.cpp:96] Thread 1052672 construct Actor kNormalForward 2207613190181
I1012 16:15:34.474973 11773 naive_actor.cpp:25] actor 2199025352708 switch to &NaiveActor::HandlerNormal
I1012 16:15:34.475054 11723 runtime_context.cpp:29] DecreaseCounter constructing_actor_cnt, current val is 706
I1012 16:15:34.474974 11798 naive_actor.cpp:25] actor 2207615287302 switch to &NaiveActor::HandlerNormal
I1012 16:15:34.475132 11796 runtime_context.cpp:29] DecreaseCounter constructing_actor_cnt, current val is 705
I1012 16:15:34.475157 11773 thread.cpp:96] Thread 1048577 construct Actor kSliceBoxing 2199025352708
I1012 16:15:34.475267 11798 thread.cpp:96] Thread 1052673 construct Actor kCopyHd 2207615287302
I1012 16:15:34.475651 11773 runtime_context.cpp:29] DecreaseCounter constructing_actor_cnt, current val is 704
I1012 16:15:34.475699 11798 runtime_context.cpp:29] DecreaseCounter constructing_actor_cnt, current val is 703
I1012 16:15:34.475713 11723 naive_actor.cpp:25] actor 1099614388316 switch to &NaiveActor::HandlerNormal
I1012 16:15:34.475919 11723 thread.cpp:96] Thread 524337 construct Actor kTick 1099614388316
I1012 16:15:34.475742 11770 naive_actor.cpp:25] actor 2199023255658 switch to &NaiveActor::HandlerNormal
I1012 16:15:34.476100 11770 thread.cpp:96] Thread 1048576 construct Actor kNormalForward 2199023255658
I1012 16:15:34.476161 11723 runtime_context.cpp:29] DecreaseCounter constructing_actor_cnt, current val is 702
I1012 16:15:34.476239 11770 runtime_context.cpp:29] DecreaseCounter constructing_actor_cnt, current val is 701
I1012 16:15:34.476357 11773 naive_actor.cpp:25] actor 2199025352705 switch to &NaiveActor::HandlerNormal
I1012 16:15:34.476493 11773 thread.cpp:96] Thread 1048577 construct Actor kSliceBoxing 2199025352705
I1012 16:15:34.476600 11773 runtime_context.cpp:29] DecreaseCounter constructing_actor_cnt, current val is 700
I1012 16:15:34.476879 11723 naive_actor.cpp:25] actor 1099614388236 switch to &NaiveActor::HandlerNormal
I1012 16:15:34.476976 11723 thread.cpp:96] Thread 524337 construct Actor kTick 1099614388236
I1012 16:15:34.477067 11723 runtime_context.cpp:29] DecreaseCounter constructing_actor_cnt, current val is 699
I1012 16:15:34.477332 11773 naive_actor.cpp:25] actor 2199025352710 switch to &NaiveActor::HandlerNormal
I1012 16:15:34.477418 11773 thread.cpp:96] Thread 1048577 construct Actor kCopyHd 2199025352710
I1012 16:15:34.477607 11773 runtime_context.cpp:29] DecreaseCounter constructing_actor_cnt, current val is 698
I1012 16:15:34.477746 11723 naive_actor.cpp:25] actor 1099614388242 switch to &NaiveActor::HandlerNormal
I1012 16:15:34.477824 11723 thread.cpp:96] Thread 524337 construct Actor kSrcSubsetTick 1099614388242
I1012 16:15:34.478183 11723 runtime_context.cpp:29] DecreaseCounter constructing_actor_cnt, current val is 697
I1012 16:15:34.478363 11773 naive_actor.cpp:25] actor 2199025352711 switch to &NaiveActor::HandlerNormal
I1012 16:15:34.478514 11773 thread.cpp:96] Thread 1048577 construct Actor kCopyHd 2199025352711
I1012 16:15:34.478617 11773 runtime_context.cpp:29] DecreaseCounter constructing_actor_cnt, current val is 696
I1012 16:15:34.478922 11796 naive_actor.cpp:25] actor 2207613190205 switch to &NaiveActor::HandlerNormal
I1012 16:15:34.479018 11796 thread.cpp:96] Thread 1052672 construct Actor kNormalForward 2207613190205
I1012 16:15:34.479130 11796 runtime_context.cpp:29] DecreaseCounter constructing_actor_cnt, current val is 695
I1012 16:15:34.479228 11723 naive_actor.cpp:25] actor 1099614388225 switch to &NaiveActor::HandlerNormal
I1012 16:15:34.479291 11723 thread.cpp:96] Thread 524337 construct Actor kDeviceTick 1099614388225
I1012 16:15:34.479375 11723 runtime_context.cpp:29] DecreaseCounter constructing_actor_cnt, current val is 694
I1012 16:15:34.479693 11770 naive_actor.cpp:25] actor 2199023255682 switch to &NaiveActor::HandlerNormal
I1012 16:15:34.479944 11770 thread.cpp:96] Thread 1048576 construct Actor kNormalForward 2199023255682
I1012 16:15:34.480105 11770 runtime_context.cpp:29] DecreaseCounter constructing_actor_cnt, current val is 693
I1012 16:15:34.480253 11723 naive_actor.cpp:25] actor 1099614388229 switch to &NaiveActor::HandlerNormal
I1012 16:15:34.480327 11723 thread.cpp:96] Thread 524337 construct Actor kSrcSubsetTick 1099614388229
I1012 16:15:34.480401 11723 runtime_context.cpp:29] DecreaseCounter constructing_actor_cnt, current val is 692
I1012 16:15:34.481144 11796 naive_actor.cpp:25] actor 2207613190226 switch to &NaiveActor::HandlerNormal
I1012 16:15:34.481240 11796 thread.cpp:96] Thread 1052672 construct Actor kNormalForward 2207613190226
I1012 16:15:34.481356 11796 runtime_context.cpp:29] DecreaseCounter constructing_actor_cnt, current val is 691
I1012 16:15:34.481557 11770 naive_actor.cpp:25] actor 2199023255706 switch to &NaiveActor::HandlerNormal
I1012 16:15:34.481560 11723 naive_actor.cpp:25] actor 1099614388234 switch to &NaiveActor::HandlerNormal
I1012 16:15:34.481664 11770 thread.cpp:96] Thread 1048576 construct Actor kNormalForward 2199023255706
I1012 16:15:34.481722 11723 thread.cpp:96] Thread 524337 construct Actor kTick 1099614388234
I1012 16:15:34.481848 11770 runtime_context.cpp:29] DecreaseCounter constructing_actor_cnt, current val is 690
I1012 16:15:34.481873 11723 runtime_context.cpp:29] DecreaseCounter constructing_actor_cnt, current val is 689
I1012 16:15:34.482849 11723 naive_actor.cpp:25] actor 1099614388228 switch to &NaiveActor::HandlerNormal
I1012 16:15:34.482934 11723 thread.cpp:96] Thread 524337 construct Actor kDeviceTick 1099614388228
I1012 16:15:34.483027 11723 runtime_context.cpp:29] DecreaseCounter constructing_actor_cnt, current val is 688
I1012 16:15:34.483580 11796 naive_actor.cpp:25] actor 2207613190250 switch to &NaiveActor::HandlerNormal
I1012 16:15:34.483666 11796 thread.cpp:96] Thread 1052672 construct Actor kNormalForward 2207613190250
I1012 16:15:34.483772 11796 runtime_context.cpp:29] DecreaseCounter constructing_actor_cnt, current val is 687
I1012 16:15:34.484992 11770 naive_actor.cpp:25] actor 2199023255742 switch to &NaiveActor::HandlerNormal
I1012 16:15:34.485141 11770 thread.cpp:96] Thread 1048576 construct Actor kNormalForward 2199023255742
I1012 16:15:34.485208 11723 naive_actor.cpp:25] actor 1099614388235 switch to &NaiveActor::HandlerNormal
I1012 16:15:34.485283 11723 thread.cpp:96] Thread 524337 construct Actor kDstSubsetTick 1099614388235
I1012 16:15:34.485292 11770 runtime_context.cpp:29] DecreaseCounter constructing_actor_cnt, current val is 686
I1012 16:15:34.485394 11723 runtime_context.cpp:29] DecreaseCounter constructing_actor_cnt, current val is 685
I1012 16:15:34.486007 11796 naive_actor.cpp:25] actor 2207613190274 switch to &NaiveActor::HandlerNormal
I1012 16:15:34.486099 11796 thread.cpp:96] Thread 1052672 construct Actor kNormalForward 2207613190274
I1012 16:15:34.486202 11796 runtime_context.cpp:29] DecreaseCounter constructing_actor_cnt, current val is 684
I1012 16:15:34.486912 11723 naive_actor.cpp:25] actor 1099614388245 switch to &NaiveActor::HandlerNormal
I1012 16:15:34.486990 11723 thread.cpp:96] Thread 524337 construct Actor kDstSubsetTick 1099614388245
I1012 16:15:34.487078 11723 runtime_context.cpp:29] DecreaseCounter constructing_actor_cnt, current val is 683
I1012 16:15:34.487474 11796 naive_actor.cpp:25] actor 2207613190298 switch to &NaiveActor::HandlerNormal
I1012 16:15:34.487558 11796 thread.cpp:96] Thread 1052672 construct Actor kNormalForward 2207613190298
I1012 16:15:34.487653 11796 runtime_context.cpp:29] DecreaseCounter constructing_actor_cnt, current val is 682
I1012 16:15:34.488027 11723 naive_actor.cpp:25] actor 1099614388226 switch to &NaiveActor::HandlerNormal
I1012 16:15:34.488104 11723 thread.cpp:96] Thread 524337 construct Actor kDeviceTick 1099614388226
I1012 16:15:34.488237 11723 runtime_context.cpp:29] DecreaseCounter constructing_actor_cnt, current val is 681
I1012 16:15:34.489312 11723 naive_actor.cpp:25] actor 1099614388227 switch to &NaiveActor::HandlerNormal
I1012 16:15:34.489399 11723 thread.cpp:96] Thread 524337 construct Actor kDeviceTick 1099614388227
I1012 16:15:34.489477 11723 runtime_context.cpp:29] DecreaseCounter constructing_actor_cnt, current val is 680
I1012 16:15:34.489496 11796 naive_actor.cpp:25] actor 2207613190334 switch to &NaiveActor::HandlerNormal
I1012 16:15:34.489598 11796 thread.cpp:96] Thread 1052672 construct Actor kNormalForward 2207613190334
I1012 16:15:34.489696 11796 runtime_context.cpp:29] DecreaseCounter constructing_actor_cnt, current val is 679
I1012 16:15:34.490160 11723 naive_actor.cpp:25] actor 1099614388247 switch to &NaiveActor::HandlerNormal
I1012 16:15:34.490242 11723 thread.cpp:96] Thread 524337 construct Actor kTick 1099614388247
I1012 16:15:34.490320 11723 runtime_context.cpp:29] DecreaseCounter constructing_actor_cnt, current val is 678
I1012 16:15:34.490386 11770 naive_actor.cpp:25] actor 2199023255566 switch to &NaiveActor::HandlerNormal
I1012 16:15:34.490530 11770 thread.cpp:96] Thread 1048576 construct Actor kNormalForward 2199023255566
I1012 16:15:34.490720 11770 runtime_context.cpp:29] DecreaseCounter constructing_actor_cnt, current val is 677
I1012 16:15:34.490869 11723 naive_actor.cpp:25] actor 1099614388244 switch to &NaiveActor::HandlerNormal
I1012 16:15:34.490940 11723 thread.cpp:96] Thread 524337 construct Actor kTick 1099614388244
I1012 16:15:34.491026 11723 runtime_context.cpp:29] DecreaseCounter constructing_actor_cnt, current val is 676
I1012 16:15:34.491307 11685 naive_actor.cpp:25] actor 1099513724928 switch to &NaiveActor::HandlerNormal
I1012 16:15:34.491413 11685 thread.cpp:96] Thread 524289 construct Actor kNormalForward 1099513724928
I1012 16:15:34.491686 11687 naive_actor.cpp:25] actor 1099517919232 switch to &NaiveActor::HandlerNormal
I1012 16:15:34.491705 11685 runtime_context.cpp:29] DecreaseCounter constructing_actor_cnt, current val is 675
I1012 16:15:34.491856 11723 naive_actor.cpp:25] actor 1099614388246 switch to &NaiveActor::HandlerNormal
I1012 16:15:34.491783 11687 thread.cpp:96] Thread 524291 construct Actor kNormalForward 1099517919232
I1012 16:15:34.491935 11723 thread.cpp:96] Thread 524337 construct Actor kTick 1099614388246
I1012 16:15:34.492043 11687 runtime_context.cpp:29] DecreaseCounter constructing_actor_cnt, current val is 674
I1012 16:15:34.492064 11723 runtime_context.cpp:29] DecreaseCounter constructing_actor_cnt, current val is 673
I1012 16:15:34.492591 11723 naive_actor.cpp:25] actor 1099614388248 switch to &NaiveActor::HandlerNormal
I1012 16:15:34.492660 11723 thread.cpp:96] Thread 524337 construct Actor kTick 1099614388248
I1012 16:15:34.492736 11723 runtime_context.cpp:29] DecreaseCounter constructing_actor_cnt, current val is 672
I1012 16:15:34.493249 11723 naive_actor.cpp:25] actor 1099614388256 switch to &NaiveActor::HandlerNormal
I1012 16:15:34.493264 11796 naive_actor.cpp:25] actor 2207613190145 switch to &NaiveActor::HandlerNormal
I1012 16:15:34.493327 11723 thread.cpp:96] Thread 524337 construct Actor kTick 1099614388256
I1012 16:15:34.493396 11796 thread.cpp:96] Thread 1052672 construct Actor kNormalForward 2207613190145
I1012 16:15:34.493479 11723 runtime_context.cpp:29] DecreaseCounter constructing_actor_cnt, current val is 671
I1012 16:15:34.493572 11796 runtime_context.cpp:29] DecreaseCounter constructing_actor_cnt, current val is 670
I1012 16:15:34.494138 11723 naive_actor.cpp:25] actor 1099614388250 switch to &NaiveActor::HandlerNormal
I1012 16:15:34.494212 11723 thread.cpp:96] Thread 524337 construct Actor kSrcSubsetTick 1099614388250
I1012 16:15:34.494297 11723 runtime_context.cpp:29] DecreaseCounter constructing_actor_cnt, current val is 669
I1012 16:15:34.494462 11770 naive_actor.cpp:25] actor 2199023255590 switch to &NaiveActor::HandlerNormal
I1012 16:15:34.494477 11796 naive_actor.cpp:25] actor 2207613190169 switch to &NaiveActor::HandlerNormal
I1012 16:15:34.494602 11770 thread.cpp:96] Thread 1048576 construct Actor kNormalForward 2199023255590
I1012 16:15:34.494784 11723 naive_actor.cpp:25] actor 1099614388313 switch to &NaiveActor::HandlerNormal
I1012 16:15:34.494696 11796 thread.cpp:96] Thread 1052672 construct Actor kNormalForward 2207613190169
I1012 16:15:34.494874 11770 runtime_context.cpp:29] DecreaseCounter constructing_actor_cnt, current val is 668
I1012 16:15:34.495060 11723 thread.cpp:96] Thread 524337 construct Actor kTick 1099614388313
I1012 16:15:34.495225 11796 runtime_context.cpp:29] DecreaseCounter constructing_actor_cnt, current val is 667
I1012 16:15:34.495384 11723 runtime_context.cpp:29] DecreaseCounter constructing_actor_cnt, current val is 666
I1012 16:15:34.496129 11770 naive_actor.cpp:25] actor 2199023255614 switch to &NaiveActor::HandlerNormal
I1012 16:15:34.496132 11723 naive_actor.cpp:25] actor 1099614388253 switch to &NaiveActor::HandlerNormal
