I1014 11:31:36.353768 10624 naive_actor.cpp:25] actor 2207613190430 switch to &NaiveActor::HandlerNormal
I1014 11:31:36.353792 10613 naive_actor.cpp:25] actor 2199023255840 switch to &NaiveActor::HandlerNormal
I1014 11:31:36.353821 10624 thread.cpp:96] Thread 1052672 construct Actor kNormalForward 2207613190430
I1014 11:31:36.353848 10613 thread.cpp:96] Thread 1048576 construct Actor kNormalForward 2199023255840
I1014 11:31:36.353921 10624 runtime_context.cpp:29] DecreaseCounter constructing_actor_cnt, current val is 22
I1014 11:31:36.353922 10613 runtime_context.cpp:29] DecreaseCounter constructing_actor_cnt, current val is 21
I1014 11:31:36.354195 10613 naive_actor.cpp:25] actor 2199023255850 switch to &NaiveActor::HandlerNormal
I1014 11:31:36.354236 10613 thread.cpp:96] Thread 1048576 construct Actor kNormalForward 2199023255850
I1014 11:31:36.354246 10624 naive_actor.cpp:25] actor 2207613190434 switch to &NaiveActor::HandlerNormal
I1014 11:31:36.354283 10624 thread.cpp:96] Thread 1052672 construct Actor kNormalForward 2207613190434
I1014 11:31:36.354293 10613 runtime_context.cpp:29] DecreaseCounter constructing_actor_cnt, current val is 20
I1014 11:31:36.354341 10624 runtime_context.cpp:29] DecreaseCounter constructing_actor_cnt, current val is 19
I1014 11:31:36.354529 10613 naive_actor.cpp:25] actor 2199023255851 switch to &NaiveActor::HandlerNormal
I1014 11:31:36.354575 10613 thread.cpp:96] Thread 1048576 construct Actor kNormalForward 2199023255851
I1014 11:31:36.354625 10613 runtime_context.cpp:29] DecreaseCounter constructing_actor_cnt, current val is 18
I1014 11:31:36.354656 10624 naive_actor.cpp:25] actor 2207613190431 switch to &NaiveActor::HandlerNormal
I1014 11:31:36.354703 10624 thread.cpp:96] Thread 1052672 construct Actor kNormalForward 2207613190431
I1014 11:31:36.354776 10624 runtime_context.cpp:29] DecreaseCounter constructing_actor_cnt, current val is 17
I1014 11:31:36.354884 10613 naive_actor.cpp:25] actor 2199023255845 switch to &NaiveActor::HandlerNormal
I1014 11:31:36.354926 10613 thread.cpp:96] Thread 1048576 construct Actor kNormalForward 2199023255845
I1014 11:31:36.354987 10613 runtime_context.cpp:29] DecreaseCounter constructing_actor_cnt, current val is 16
I1014 11:31:36.355103 10624 naive_actor.cpp:25] actor 2207613190433 switch to &NaiveActor::HandlerNormal
I1014 11:31:36.355134 10624 thread.cpp:96] Thread 1052672 construct Actor kNormalForward 2207613190433
I1014 11:31:36.355185 10624 runtime_context.cpp:29] DecreaseCounter constructing_actor_cnt, current val is 15
I1014 11:31:36.355451 10624 naive_actor.cpp:25] actor 2207613190418 switch to &NaiveActor::HandlerNormal
I1014 11:31:36.355480 10624 thread.cpp:96] Thread 1052672 construct Actor kNormalForward 2207613190418
I1014 11:31:36.355531 10624 runtime_context.cpp:29] DecreaseCounter constructing_actor_cnt, current val is 14
I1014 11:31:36.355829 10624 naive_actor.cpp:25] actor 2207613190438 switch to &NaiveActor::HandlerNormal
I1014 11:31:36.355859 10624 thread.cpp:96] Thread 1052672 construct Actor kNormalForward 2207613190438
I1014 11:31:36.355908 10624 runtime_context.cpp:29] DecreaseCounter constructing_actor_cnt, current val is 13
I1014 11:31:36.356177 10624 naive_actor.cpp:25] actor 2207613190435 switch to &NaiveActor::HandlerNormal
I1014 11:31:36.356205 10624 thread.cpp:96] Thread 1052672 construct Actor kNormalForward 2207613190435
I1014 11:31:36.356256 10624 runtime_context.cpp:29] DecreaseCounter constructing_actor_cnt, current val is 12
I1014 11:31:36.356523 10624 naive_actor.cpp:25] actor 2207613190448 switch to &NaiveActor::HandlerNormal
I1014 11:31:36.356552 10624 thread.cpp:96] Thread 1052672 construct Actor kNormalForward 2207613190448
I1014 11:31:36.356612 10624 runtime_context.cpp:29] DecreaseCounter constructing_actor_cnt, current val is 11
I1014 11:31:36.356881 10624 naive_actor.cpp:25] actor 2207613190440 switch to &NaiveActor::HandlerNormal
I1014 11:31:36.356911 10624 thread.cpp:96] Thread 1052672 construct Actor kNormalForward 2207613190440
I1014 11:31:36.356961 10624 runtime_context.cpp:29] DecreaseCounter constructing_actor_cnt, current val is 10
I1014 11:31:36.357293 10624 naive_actor.cpp:25] actor 2207613190443 switch to &NaiveActor::HandlerNormal
I1014 11:31:36.357327 10624 thread.cpp:96] Thread 1052672 construct Actor kNormalForward 2207613190443
I1014 11:31:36.357379 10624 runtime_context.cpp:29] DecreaseCounter constructing_actor_cnt, current val is 9
I1014 11:31:36.357657 10624 naive_actor.cpp:25] actor 2207613190445 switch to &NaiveActor::HandlerNormal
I1014 11:31:36.357687 10624 thread.cpp:96] Thread 1052672 construct Actor kNormalForward 2207613190445
I1014 11:31:36.357738 10624 runtime_context.cpp:29] DecreaseCounter constructing_actor_cnt, current val is 8
I1014 11:31:36.358012 10624 naive_actor.cpp:25] actor 2207613190436 switch to &NaiveActor::HandlerNormal
I1014 11:31:36.358042 10624 thread.cpp:96] Thread 1052672 construct Actor kNormalForward 2207613190436
I1014 11:31:36.358093 10624 runtime_context.cpp:29] DecreaseCounter constructing_actor_cnt, current val is 7
I1014 11:31:36.358364 10624 naive_actor.cpp:25] actor 2207613190444 switch to &NaiveActor::HandlerNormal
I1014 11:31:36.358393 10624 thread.cpp:96] Thread 1052672 construct Actor kNormalForward 2207613190444
I1014 11:31:36.358443 10624 runtime_context.cpp:29] DecreaseCounter constructing_actor_cnt, current val is 6
I1014 11:31:36.358745 10624 naive_actor.cpp:25] actor 2207613190446 switch to &NaiveActor::HandlerNormal
I1014 11:31:36.358773 10624 thread.cpp:96] Thread 1052672 construct Actor kNormalForward 2207613190446
I1014 11:31:36.358821 10624 runtime_context.cpp:29] DecreaseCounter constructing_actor_cnt, current val is 5
I1014 11:31:36.359076 10624 naive_actor.cpp:25] actor 2207613190449 switch to &NaiveActor::HandlerNormal
I1014 11:31:36.359104 10624 thread.cpp:96] Thread 1052672 construct Actor kNormalForward 2207613190449
I1014 11:31:36.359153 10624 runtime_context.cpp:29] DecreaseCounter constructing_actor_cnt, current val is 4
I1014 11:31:36.359411 10624 naive_actor.cpp:25] actor 2207613190437 switch to &NaiveActor::HandlerNormal
I1014 11:31:36.359438 10624 thread.cpp:96] Thread 1052672 construct Actor kNormalForward 2207613190437
I1014 11:31:36.359485 10624 runtime_context.cpp:29] DecreaseCounter constructing_actor_cnt, current val is 3
I1014 11:31:36.359745 10624 naive_actor.cpp:25] actor 2207613190451 switch to &NaiveActor::HandlerNormal
I1014 11:31:36.359772 10624 thread.cpp:96] Thread 1052672 construct Actor kDeviceTick 2207613190451
I1014 11:31:36.359819 10624 runtime_context.cpp:29] DecreaseCounter constructing_actor_cnt, current val is 2
I1014 11:31:36.361749 10624 naive_actor.cpp:25] actor 2207613190450 switch to &NaiveActor::HandlerNormal
I1014 11:31:36.361783 10624 thread.cpp:96] Thread 1052672 construct Actor kNormalForward 2207613190450
I1014 11:31:36.361909 10624 runtime_context.cpp:29] DecreaseCounter constructing_actor_cnt, current val is 1
I1014 11:31:36.362190 10624 naive_actor.cpp:25] actor 2207613190447 switch to &NaiveActor::HandlerNormal
I1014 11:31:36.362219 10624 thread.cpp:96] Thread 1052672 construct Actor kNormalForward 2207613190447
I1014 11:31:36.362275 10624 runtime_context.cpp:29] DecreaseCounter constructing_actor_cnt, current val is 0
I1014 11:31:36.366611  9902 runtime.cpp:93] Actors on this machine constructed
I1014 11:31:36.366665  9902 runtime.cpp:95] Actors on every machine constructed
I1014 11:31:36.366699  9902 runtime_context.cpp:21] NewCounter job_5_running_actor_count 41
I1014 11:31:36.366722  9902 runtime_context.cpp:21] NewCounter job_4_running_actor_count 22
I1014 11:31:36.366740  9902 runtime_context.cpp:21] NewCounter job_3_running_actor_count 91
I1014 11:31:36.366760  9902 runtime_context.cpp:21] NewCounter job_2_running_actor_count 91
I1014 11:31:36.366777  9902 runtime_context.cpp:21] NewCounter job_0_running_actor_count 435
I1014 11:31:36.366794  9902 runtime_context.cpp:21] NewCounter job_1_running_actor_count 89
I1014 11:31:36.366854 10607 wait_and_send_ids_actor.cpp:73] actor 1099616485376 switch to &WaitAndSendIdsActor::HandlerNormal
I1014 11:31:36.367269  9902 global.h:36] NewGlobal N7oneflow7JobDescE
I1014 11:31:36.409344  9902 global.h:43] DeleteGlobal N7oneflow7JobDescE
I1014 11:31:36.919855 10624 local.cpp:114] waiting for key: eager_nccl_unique_id_rpc_key,0:0,0:1
I1014 11:31:36.928187 10613 eager_nccl_comm_manager.cpp:69]  EagerNcclCommMgr::ncclCommInitRank device_vec.size() = 2, nccl_unique_id = 0200ffffffd0ffffffa60b0b010e000000000000000000000000000000000000000000000000000000000000000000000000000000000000000000000000000000000000000000000000000000000000000000000000000000000000000000000000000000000000000000000000000000000000000000000000000000000000000000000000, rank = 0, key = {eager_nccl_unique_id_rpc_key,0:0,0:1}
I1014 11:31:36.928215 10624 eager_nccl_comm_manager.cpp:69]  EagerNcclCommMgr::ncclCommInitRank device_vec.size() = 2, nccl_unique_id = 0200ffffffd0ffffffa60b0b010e000000000000000000000000000000000000000000000000000000000000000000000000000000000000000000000000000000000000000000000000000000000000000000000000000000000000000000000000000000000000000000000000000000000000000000000000000000000000000000000000, rank = 1, key = {eager_nccl_unique_id_rpc_key,0:0,0:1}
I1014 11:31:59.686358  9902 global.h:43] DeleteGlobal N7oneflow7OneflowE
I1014 11:31:59.686754 10607 actor.cpp:411] actor 1099616485376 switch to &Actor::HandlerZombie
I1014 11:31:59.686800 10606 actor.cpp:411] actor 1099614388294 switch to &Actor::HandlerZombie
I1014 11:31:59.686980 10607 thread.cpp:76] thread 524338 deconstruct actor 1099616485376
I1014 11:31:59.686988 10606 actor.cpp:408] actor 1099614388295 switch to nullptr
I1014 11:31:59.687032 10606 thread.cpp:76] thread 524337 deconstruct actor 1099614388295
I1014 11:31:59.687292 10607 runtime_context.cpp:29] DecreaseCounter job_5_running_actor_count, current val is 40
I1014 11:31:59.687503 10606 runtime_context.cpp:29] DecreaseCounter job_5_running_actor_count, current val is 39
I1014 11:31:59.687536 10606 actor.cpp:408] actor 1099614388320 switch to nullptr
I1014 11:31:59.687551 10606 thread.cpp:76] thread 524337 deconstruct actor 1099614388320
I1014 11:31:59.687737 10606 runtime_context.cpp:29] DecreaseCounter job_5_running_actor_count, current val is 38
I1014 11:31:59.687765 10606 actor.cpp:408] actor 1099614388300 switch to nullptr
I1014 11:31:59.687779 10606 thread.cpp:76] thread 524337 deconstruct actor 1099614388300
I1014 11:31:59.687973 10606 runtime_context.cpp:29] DecreaseCounter job_5_running_actor_count, current val is 37
I1014 11:31:59.688001 10606 actor.cpp:408] actor 1099614388296 switch to nullptr
I1014 11:31:59.688017 10606 thread.cpp:76] thread 524337 deconstruct actor 1099614388296
I1014 11:31:59.688194 10606 runtime_context.cpp:29] DecreaseCounter job_5_running_actor_count, current val is 36
I1014 11:31:59.688222 10606 actor.cpp:408] actor 1099614388304 switch to nullptr
I1014 11:31:59.688237 10606 thread.cpp:76] thread 524337 deconstruct actor 1099614388304
I1014 11:31:59.688410 10606 runtime_context.cpp:29] DecreaseCounter job_5_running_actor_count, current val is 35
I1014 11:31:59.688436 10606 actor.cpp:408] actor 1099614388308 switch to nullptr
I1014 11:31:59.688452 10606 thread.cpp:76] thread 524337 deconstruct actor 1099614388308
I1014 11:31:59.688616 10606 runtime_context.cpp:29] DecreaseCounter job_5_running_actor_count, current val is 34
I1014 11:31:59.688642 10606 actor.cpp:408] actor 1099614388312 switch to nullptr
I1014 11:31:59.688656 10606 thread.cpp:76] thread 524337 deconstruct actor 1099614388312
I1014 11:31:59.688828 10606 runtime_context.cpp:29] DecreaseCounter job_5_running_actor_count, current val is 33
I1014 11:31:59.688855 10606 actor.cpp:408] actor 1099614388316 switch to nullptr
I1014 11:31:59.688870 10606 thread.cpp:76] thread 524337 deconstruct actor 1099614388316
I1014 11:31:59.689033 10606 runtime_context.cpp:29] DecreaseCounter job_5_running_actor_count, current val is 32
I1014 11:31:59.689057 10606 actor.cpp:408] actor 1099614388321 switch to nullptr
I1014 11:31:59.689074 10606 thread.cpp:76] thread 524337 deconstruct actor 1099614388321
I1014 11:31:59.689241 10606 runtime_context.cpp:29] DecreaseCounter job_5_running_actor_count, current val is 31
I1014 11:31:59.689317 10606 actor.cpp:408] actor 1099614388301 switch to nullptr
I1014 11:31:59.689342 10606 thread.cpp:76] thread 524337 deconstruct actor 1099614388301
I1014 11:31:59.689561 10606 runtime_context.cpp:29] DecreaseCounter job_5_running_actor_count, current val is 30
I1014 11:31:59.689613 10606 actor.cpp:408] actor 1099614388297 switch to nullptr
I1014 11:31:59.689631 10606 thread.cpp:76] thread 524337 deconstruct actor 1099614388297
I1014 11:31:59.689800 10606 runtime_context.cpp:29] DecreaseCounter job_5_running_actor_count, current val is 29
I1014 11:31:59.689828 10606 actor.cpp:408] actor 1099614388305 switch to nullptr
I1014 11:31:59.689844 10606 thread.cpp:76] thread 524337 deconstruct actor 1099614388305
I1014 11:31:59.690018 10606 runtime_context.cpp:29] DecreaseCounter job_5_running_actor_count, current val is 28
I1014 11:31:59.690044 10606 actor.cpp:408] actor 1099614388309 switch to nullptr
I1014 11:31:59.690060 10606 thread.cpp:76] thread 524337 deconstruct actor 1099614388309
I1014 11:31:59.690219 10606 runtime_context.cpp:29] DecreaseCounter job_5_running_actor_count, current val is 27
I1014 11:31:59.690246 10606 actor.cpp:408] actor 1099614388313 switch to nullptr
I1014 11:31:59.690263 10606 thread.cpp:76] thread 524337 deconstruct actor 1099614388313
I1014 11:31:59.690405 10606 runtime_context.cpp:29] DecreaseCounter job_5_running_actor_count, current val is 26
I1014 11:31:59.690429 10606 actor.cpp:408] actor 1099614388317 switch to nullptr
I1014 11:31:59.690445 10606 thread.cpp:76] thread 524337 deconstruct actor 1099614388317
I1014 11:31:59.690598 10606 runtime_context.cpp:29] DecreaseCounter job_5_running_actor_count, current val is 25
I1014 11:31:59.690625 10606 actor.cpp:408] actor 1099614388290 switch to nullptr
I1014 11:31:59.690641 10606 thread.cpp:76] thread 524337 deconstruct actor 1099614388290
I1014 11:31:59.690816 10606 runtime_context.cpp:29] DecreaseCounter job_4_running_actor_count, current val is 21
I1014 11:31:59.690841 10606 actor.cpp:408] actor 1099614388242 switch to nullptr
I1014 11:31:59.690857 10606 thread.cpp:76] thread 524337 deconstruct actor 1099614388242
I1014 11:31:59.691016 10606 runtime_context.cpp:29] DecreaseCounter job_0_running_actor_count, current val is 434
I1014 11:31:59.691041 10606 actor.cpp:408] actor 1099614388232 switch to nullptr
I1014 11:31:59.691056 10606 thread.cpp:76] thread 524337 deconstruct actor 1099614388232
I1014 11:31:59.691218 10606 runtime_context.cpp:29] DecreaseCounter job_0_running_actor_count, current val is 433
I1014 11:31:59.691242 10606 actor.cpp:408] actor 1099614388251 switch to nullptr
I1014 11:31:59.691258 10606 thread.cpp:76] thread 524337 deconstruct actor 1099614388251
I1014 11:31:59.691424 10606 runtime_context.cpp:29] DecreaseCounter job_1_running_actor_count, current val is 88
I1014 11:31:59.691452 10606 actor.cpp:408] actor 1099614388260 switch to nullptr
I1014 11:31:59.691468 10606 thread.cpp:76] thread 524337 deconstruct actor 1099614388260
I1014 11:31:59.691646 10606 runtime_context.cpp:29] DecreaseCounter job_2_running_actor_count, current val is 90
I1014 11:31:59.691675 10606 actor.cpp:408] actor 1099614388269 switch to nullptr
I1014 11:31:59.691691 10606 thread.cpp:76] thread 524337 deconstruct actor 1099614388269
I1014 11:31:59.691845 10606 runtime_context.cpp:29] DecreaseCounter job_3_running_actor_count, current val is 90
I1014 11:31:59.691870 10606 actor.cpp:408] actor 1099614388278 switch to nullptr
I1014 11:31:59.691886 10606 thread.cpp:76] thread 524337 deconstruct actor 1099614388278
I1014 11:31:59.692035 10606 runtime_context.cpp:29] DecreaseCounter job_4_running_actor_count, current val is 20
I1014 11:31:59.692061 10606 actor.cpp:408] actor 1099614388288 switch to nullptr
I1014 11:31:59.692077 10606 thread.cpp:76] thread 524337 deconstruct actor 1099614388288
I1014 11:31:59.692235 10606 runtime_context.cpp:29] DecreaseCounter job_4_running_actor_count, current val is 19
I1014 11:31:59.692263 10606 actor.cpp:408] actor 1099614388240 switch to nullptr
I1014 11:31:59.692471 10606 thread.cpp:76] thread 524337 deconstruct actor 1099614388240
I1014 11:31:59.692692 10606 runtime_context.cpp:29] DecreaseCounter job_0_running_actor_count, current val is 432
I1014 11:31:59.692749 10606 actor.cpp:408] actor 1099614388227 switch to nullptr
I1014 11:31:59.692768 10606 thread.cpp:76] thread 524337 deconstruct actor 1099614388227
I1014 11:31:59.692850 10624 actor.cpp:408] actor 2207613190314 switch to nullptr
I1014 11:31:59.692881 10624 thread.cpp:76] thread 1052672 deconstruct actor 2207613190314
I1014 11:31:59.692912 10613 actor.cpp:408] actor 2199023255722 switch to nullptr
I1014 11:31:59.692967 10606 runtime_context.cpp:29] DecreaseCounter job_0_running_actor_count, current val is 431
I1014 11:31:59.692996 10613 thread.cpp:76] thread 1048576 deconstruct actor 2199023255722
I1014 11:31:59.693029 10624 runtime_context.cpp:29] DecreaseCounter job_0_running_actor_count, current val is 430
I1014 11:31:59.693034 10606 actor.cpp:408] actor 1099614388248 switch to nullptr
I1014 11:31:59.693092 10606 thread.cpp:76] thread 524337 deconstruct actor 1099614388248
I1014 11:31:59.693094 10624 actor.cpp:408] actor 2207613190301 switch to nullptr
I1014 11:31:59.693130 10624 thread.cpp:76] thread 1052672 deconstruct actor 2207613190301
I1014 11:31:59.693225 10624 runtime_context.cpp:29] DecreaseCounter job_0_running_actor_count, current val is 429
I1014 11:31:59.693253 10624 actor.cpp:408] actor 2207613190299 switch to nullptr
I1014 11:31:59.693264 10624 thread.cpp:76] thread 1052672 deconstruct actor 2207613190299
I1014 11:31:59.693266 10606 runtime_context.cpp:29] DecreaseCounter job_1_running_actor_count, current val is 87
I1014 11:31:59.693298 10606 actor.cpp:408] actor 1099614388257 switch to nullptr
I1014 11:31:59.693298 10613 runtime_context.cpp:29] DecreaseCounter job_0_running_actor_count, current val is 428
I1014 11:31:59.693320 10606 thread.cpp:76] thread 524337 deconstruct actor 1099614388257
I1014 11:31:59.693351 10624 runtime_context.cpp:29] DecreaseCounter job_0_running_actor_count, current val is 427
I1014 11:31:59.693374 10613 actor.cpp:408] actor 2199023255709 switch to nullptr
I1014 11:31:59.693392 10624 actor.cpp:408] actor 2207613190293 switch to nullptr
I1014 11:31:59.693416 10624 thread.cpp:76] thread 1052672 deconstruct actor 2207613190293
I1014 11:31:59.693403 10613 thread.cpp:76] thread 1048576 deconstruct actor 2199023255709
I1014 11:31:59.693502 10624 runtime_context.cpp:29] DecreaseCounter job_0_running_actor_count, current val is 426
I1014 11:31:59.693521 10606 runtime_context.cpp:29] DecreaseCounter job_2_running_actor_count, current val is 89
I1014 11:31:59.693528 10624 actor.cpp:408] actor 2207613190291 switch to nullptr
I1014 11:31:59.693553 10606 actor.cpp:408] actor 1099614388266 switch to nullptr
I1014 11:31:59.693559 10624 thread.cpp:76] thread 1052672 deconstruct actor 2207613190291
I1014 11:31:59.693584 10606 thread.cpp:76] thread 524337 deconstruct actor 1099614388266
I1014 11:31:59.693596 10613 runtime_context.cpp:29] DecreaseCounter job_0_running_actor_count, current val is 425
I1014 11:31:59.693665 10613 actor.cpp:408] actor 2199023255707 switch to nullptr
I1014 11:31:59.693665 10624 runtime_context.cpp:29] DecreaseCounter job_0_running_actor_count, current val is 424
I1014 11:31:59.693696 10613 thread.cpp:76] thread 1048576 deconstruct actor 2199023255707
I1014 11:31:59.693723 10624 actor.cpp:408] actor 2207613190281 switch to nullptr
I1014 11:31:59.693763 10624 thread.cpp:76] thread 1052672 deconstruct actor 2207613190281
I1014 11:31:59.693747 10606 runtime_context.cpp:29] DecreaseCounter job_3_running_actor_count, current val is 89
I1014 11:31:59.693802 10606 actor.cpp:408] actor 1099614388275 switch to nullptr
I1014 11:31:59.693820 10606 thread.cpp:76] thread 524337 deconstruct actor 1099614388275
I1014 11:31:59.693847 10624 runtime_context.cpp:29] DecreaseCounter job_0_running_actor_count, current val is 422
I1014 11:31:59.693851 10613 runtime_context.cpp:29] DecreaseCounter job_0_running_actor_count, current val is 423
I1014 11:31:59.693876 10624 actor.cpp:408] actor 2207613190277 switch to nullptr
I1014 11:31:59.693990 10624 thread.cpp:76] thread 1052672 deconstruct actor 2207613190277
I1014 11:31:59.693990 10613 actor.cpp:408] actor 2199023255701 switch to nullptr
I1014 11:31:59.694013 10606 runtime_context.cpp:29] DecreaseCounter job_4_running_actor_count, current val is 18
I1014 11:31:59.694031 10613 thread.cpp:76] thread 1048576 deconstruct actor 2199023255701
I1014 11:31:59.694063 10606 actor.cpp:411] actor 1099614388291 switch to &Actor::HandlerZombie
I1014 11:31:59.694101 10624 runtime_context.cpp:29] DecreaseCounter job_0_running_actor_count, current val is 421
I1014 11:31:59.694128 10606 actor.cpp:408] actor 1099614388286 switch to nullptr
I1014 11:31:59.694159 10624 actor.cpp:408] actor 2207613190275 switch to nullptr
I1014 11:31:59.694170 10605 actor.cpp:411] actor 1099574542336 switch to &Actor::HandlerZombie
I1014 11:31:59.694200 10613 runtime_context.cpp:29] DecreaseCounter job_0_running_actor_count, current val is 420
I1014 11:31:59.694186 10624 thread.cpp:76] thread 1052672 deconstruct actor 2207613190275
I1014 11:31:59.694242 10613 actor.cpp:408] actor 2199023255699 switch to nullptr
I1014 11:31:59.694160 10606 thread.cpp:76] thread 524337 deconstruct actor 1099614388286
I1014 11:31:59.694265 10613 thread.cpp:76] thread 1048576 deconstruct actor 2199023255699
I1014 11:31:59.694355 10624 runtime_context.cpp:29] DecreaseCounter job_0_running_actor_count, current val is 419
I1014 11:31:59.694393 10613 runtime_context.cpp:29] DecreaseCounter job_0_running_actor_count, current val is 418
I1014 11:31:59.694398 10624 actor.cpp:408] actor 2207613190205 switch to nullptr
I1014 11:31:59.694435 10613 actor.cpp:408] actor 2199023255689 switch to nullptr
I1014 11:31:59.694450 10606 runtime_context.cpp:29] DecreaseCounter job_4_running_actor_count, current val is 17
I1014 11:31:59.694442 10624 thread.cpp:76] thread 1052672 deconstruct actor 2207613190205
I1014 11:31:59.694489 10606 actor.cpp:408] actor 1099614388282 switch to nullptr
I1014 11:31:59.694458 10613 thread.cpp:76] thread 1048576 deconstruct actor 2199023255689
I1014 11:31:59.694509 10606 thread.cpp:76] thread 524337 deconstruct actor 1099614388282
I1014 11:31:59.694542 10603 actor.cpp:411] actor 1099570348032 switch to &Actor::HandlerZombie
I1014 11:31:59.694620 10624 runtime_context.cpp:29] DecreaseCounter job_0_running_actor_count, current val is 417
I1014 11:31:59.694648 10613 runtime_context.cpp:29] DecreaseCounter job_0_running_actor_count, current val is 416
I1014 11:31:59.694661 10624 actor.cpp:408] actor 2207613190203 switch to nullptr
I1014 11:31:59.694689 10613 actor.cpp:408] actor 2199023255685 switch to nullptr
I1014 11:31:59.694711 10606 runtime_context.cpp:29] DecreaseCounter job_4_running_actor_count, current val is 16
I1014 11:31:59.694702 10624 thread.cpp:76] thread 1052672 deconstruct actor 2207613190203
I1014 11:31:59.694749 10606 actor.cpp:408] actor 1099614388283 switch to nullptr
I1014 11:31:59.694721 10613 thread.cpp:76] thread 1048576 deconstruct actor 2199023255685
I1014 11:31:59.694772 10606 thread.cpp:76] thread 524337 deconstruct actor 1099614388283
I1014 11:31:59.694826 10604 actor.cpp:411] actor 1099572445184 switch to &Actor::HandlerZombie
I1014 11:31:59.694854 10605 thread.cpp:76] thread 524318 deconstruct actor 1099574542336
I1014 11:31:59.694887 10624 runtime_context.cpp:29] DecreaseCounter job_0_running_actor_count, current val is 415
I1014 11:31:59.694898 10613 runtime_context.cpp:29] DecreaseCounter job_0_running_actor_count, current val is 414
I1014 11:31:59.694949 10606 runtime_context.cpp:29] DecreaseCounter job_4_running_actor_count, current val is 15
I1014 11:31:59.694972 10613 actor.cpp:408] actor 2199023255683 switch to nullptr
I1014 11:31:59.694986 10606 actor.cpp:411] actor 1099614388243 switch to &Actor::HandlerZombie
I1014 11:31:59.694953 10624 actor.cpp:408] actor 2207613190305 switch to nullptr
I1014 11:31:59.695019 10606 actor.cpp:408] actor 1099614388236 switch to nullptr
I1014 11:31:59.694994 10613 thread.cpp:76] thread 1048576 deconstruct actor 2199023255683
I1014 11:31:59.695075 10586 actor.cpp:411] actor 1099536793600 switch to &Actor::HandlerZombie
I1014 11:31:59.695039 10606 thread.cpp:76] thread 524337 deconstruct actor 1099614388236
I1014 11:31:59.695044 10605 runtime_context.cpp:29] DecreaseCounter job_4_running_actor_count, current val is 14
I1014 11:31:59.695029 10624 thread.cpp:76] thread 1052672 deconstruct actor 2207613190305
I1014 11:31:59.695201 10613 runtime_context.cpp:29] DecreaseCounter job_0_running_actor_count, current val is 413
I1014 11:31:59.695261 10613 actor.cpp:408] actor 2199023255613 switch to nullptr
I1014 11:31:59.695283 10613 thread.cpp:76] thread 1048576 deconstruct actor 2199023255613
I1014 11:31:59.695284 10624 runtime_context.cpp:29] DecreaseCounter job_0_running_actor_count, current val is 412
I1014 11:31:59.695312 10606 runtime_context.cpp:29] DecreaseCounter job_0_running_actor_count, current val is 411
I1014 11:31:59.695351 10624 actor.cpp:408] actor 2207613190163 switch to nullptr
I1014 11:31:59.695361 10606 actor.cpp:408] actor 1099614388237 switch to nullptr
I1014 11:31:59.695374 10624 thread.cpp:76] thread 1052672 deconstruct actor 2207613190163
I1014 11:31:59.695392 10606 thread.cpp:76] thread 524337 deconstruct actor 1099614388237
I1014 11:31:59.695397 10613 runtime_context.cpp:29] DecreaseCounter job_0_running_actor_count, current val is 410
I1014 11:31:59.695441 10587 actor.cpp:411] actor 1099538890752 switch to &Actor::HandlerZombie
I1014 11:31:59.695462 10613 actor.cpp:408] actor 2199023255611 switch to nullptr
I1014 11:31:59.695511 10624 runtime_context.cpp:29] DecreaseCounter job_0_running_actor_count, current val is 409
I1014 11:31:59.695534 10613 thread.cpp:76] thread 1048576 deconstruct actor 2199023255611
I1014 11:31:59.695585 10624 actor.cpp:408] actor 2207613190303 switch to nullptr
I1014 11:31:59.695585 10606 runtime_context.cpp:29] DecreaseCounter job_0_running_actor_count, current val is 408
I1014 11:31:59.695613 10624 thread.cpp:76] thread 1052672 deconstruct actor 2207613190303
I1014 11:31:59.695642 10606 actor.cpp:411] actor 1099614388233 switch to &Actor::HandlerZombie
I1014 11:31:59.695674 10606 actor.cpp:408] actor 1099614388226 switch to nullptr
I1014 11:31:59.695681 10613 runtime_context.cpp:29] DecreaseCounter job_0_running_actor_count, current val is 407
I1014 11:31:59.695693 10606 thread.cpp:76] thread 524337 deconstruct actor 1099614388226
I1014 11:31:59.695724 10613 actor.cpp:408] actor 2199023255713 switch to nullptr
I1014 11:31:59.695760 10613 thread.cpp:76] thread 1048576 deconstruct actor 2199023255713
I1014 11:31:59.695775 10624 runtime_context.cpp:29] DecreaseCounter job_0_running_actor_count, current val is 406
I1014 11:31:59.695816 10624 actor.cpp:408] actor 2207613190161 switch to nullptr
I1014 11:31:59.695823 10553 actor.cpp:408] actor 1099513724928 switch to nullptr
I1014 11:31:59.695891 10555 actor.cpp:408] actor 1099517919232 switch to nullptr
I1014 11:31:59.695859 10560 actor.cpp:408] actor 1099526307840 switch to nullptr
I1014 11:31:59.695865 10562 actor.cpp:408] actor 1099530502144 switch to nullptr
I1014 11:31:59.695860 10557 actor.cpp:408] actor 1099522113536 switch to nullptr
I1014 11:31:59.695849 10624 thread.cpp:76] thread 1052672 deconstruct actor 2207613190161
I1014 11:31:59.695914 10553 thread.cpp:76] thread 524289 deconstruct actor 1099513724928
I1014 11:31:59.695941 10585 actor.cpp:411] actor 1099534696448 switch to &Actor::HandlerZombie
I1014 11:31:59.695971 10613 runtime_context.cpp:29] DecreaseCounter job_0_running_actor_count, current val is 405
I1014 11:31:59.696195 10585 thread.cpp:76] thread 524299 deconstruct actor 1099534696448
I1014 11:31:59.696216 10624 runtime_context.cpp:29] DecreaseCounter job_0_running_actor_count, current val is 403
I1014 11:31:59.696018 10615 actor.cpp:411] actor 2199025352705 switch to &Actor::HandlerZombie
I1014 11:31:59.696024 10560 thread.cpp:76] thread 524295 deconstruct actor 1099526307840
I1014 11:31:59.696054 10606 runtime_context.cpp:29] DecreaseCounter job_0_running_actor_count, current val is 404
I1014 11:31:59.696074 10562 thread.cpp:76] thread 524297 deconstruct actor 1099530502144
I1014 11:31:59.696099 10557 thread.cpp:76] thread 524293 deconstruct actor 1099522113536
I1014 11:31:59.695986 10626 actor.cpp:408] actor 2207615287298 switch to nullptr
I1014 11:31:59.696489 10560 runtime_context.cpp:29] DecreaseCounter job_0_running_actor_count, current val is 402
I1014 11:31:59.696521 10589 actor.cpp:408] actor 1099543085056 switch to nullptr
I1014 11:31:59.696259 10624 actor.cpp:408] actor 2207613190289 switch to nullptr
I1014 11:31:59.696585 10589 thread.cpp:76] thread 524303 deconstruct actor 1099543085056
I1014 11:31:59.696401 10606 actor.cpp:408] actor 1099614388224 switch to nullptr
I1014 11:31:59.696460 10588 actor.cpp:408] actor 1099540987904 switch to nullptr
I1014 11:31:59.696223 10613 actor.cpp:408] actor 2199023255571 switch to nullptr
I1014 11:31:59.696499 10626 thread.cpp:76] thread 1052673 deconstruct actor 2207615287298
I1014 11:31:59.695994 10555 thread.cpp:76] thread 524291 deconstruct actor 1099517919232
I1014 11:31:59.696553 10590 actor.cpp:408] actor 1099545182208 switch to nullptr
I1014 11:31:59.696308 10615 actor.cpp:411] actor 2199025352704 switch to &Actor::HandlerZombie
I1014 11:31:59.696590 10592 actor.cpp:408] actor 1099549376512 switch to nullptr
I1014 11:31:59.696934 10592 thread.cpp:76] thread 524306 deconstruct actor 1099549376512
I1014 11:31:59.696664 10591 actor.cpp:411] actor 1099547279360 switch to &Actor::HandlerZombie
I1014 11:31:59.697036 10555 runtime_context.cpp:29] DecreaseCounter job_0_running_actor_count, current val is 396
I1014 11:31:59.696594 10585 runtime_context.cpp:29] DecreaseCounter job_0_running_actor_count, current val is 401
I1014 11:31:59.696682 10557 runtime_context.cpp:29] DecreaseCounter job_0_running_actor_count, current val is 399
I1014 11:31:59.696727 10606 thread.cpp:76] thread 524337 deconstruct actor 1099614388224
I1014 11:31:59.696745 10588 thread.cpp:76] thread 524302 deconstruct actor 1099540987904
I1014 11:31:59.696764 10613 thread.cpp:76] thread 1048576 deconstruct actor 2199023255571
I1014 11:31:59.696782 10589 runtime_context.cpp:29] DecreaseCounter job_0_running_actor_count, current val is 398
I1014 11:31:59.697342 10588 runtime_context.cpp:29] DecreaseCounter job_0_running_actor_count, current val is 394
I1014 11:31:59.696864 10590 thread.cpp:76] thread 524304 deconstruct actor 1099545182208
I1014 11:31:59.697391 10613 runtime_context.cpp:29] DecreaseCounter job_0_running_actor_count, current val is 393
I1014 11:31:59.696897 10615 actor.cpp:408] actor 2199025352708 switch to nullptr
I1014 11:31:59.697434 10613 actor.cpp:408] actor 2199023255711 switch to nullptr
I1014 11:31:59.696595 10624 thread.cpp:76] thread 1052672 deconstruct actor 2207613190289
I1014 11:31:59.696671 10562 runtime_context.cpp:29] DecreaseCounter job_0_running_actor_count, current val is 400
I1014 11:31:59.697304 10592 runtime_context.cpp:29] DecreaseCounter job_0_running_actor_count, current val is 395
I1014 11:31:59.696838 10626 runtime_context.cpp:29] DecreaseCounter job_0_running_actor_count, current val is 397
I1014 11:31:59.697408 10606 runtime_context.cpp:29] DecreaseCounter job_0_running_actor_count, current val is 392
I1014 11:31:59.697582 10626 actor.cpp:411] actor 2207615287297 switch to &Actor::HandlerZombie
I1014 11:31:59.697458 10613 thread.cpp:76] thread 1048576 deconstruct actor 2199023255711
I1014 11:31:59.697041 10591 thread.cpp:76] thread 524305 deconstruct actor 1099547279360
I1014 11:31:59.697547 10624 runtime_context.cpp:29] DecreaseCounter job_0_running_actor_count, current val is 391
I1014 11:31:59.697435 10615 thread.cpp:76] thread 1048577 deconstruct actor 2199025352708
I1014 11:31:59.697613 10626 actor.cpp:408] actor 2207615287300 switch to nullptr
I1014 11:31:59.697614 10606 actor.cpp:408] actor 1099614388225 switch to nullptr
I1014 11:31:59.697646 10590 runtime_context.cpp:29] DecreaseCounter job_0_running_actor_count, current val is 390
I1014 11:31:59.697723 10626 thread.cpp:76] thread 1052673 deconstruct actor 2207615287300
I1014 11:31:59.697733 10624 actor.cpp:408] actor 2207613190154 switch to nullptr
I1014 11:31:59.697948 10626 runtime_context.cpp:29] DecreaseCounter job_0_running_actor_count, current val is 387
I1014 11:31:59.697769 10606 thread.cpp:76] thread 524337 deconstruct actor 1099614388225
I1014 11:31:59.697974 10624 thread.cpp:76] thread 1052672 deconstruct actor 2207613190154
I1014 11:31:59.697850 10556 actor.cpp:408] actor 1099520016384 switch to nullptr
I1014 11:31:59.697804 10554 actor.cpp:408] actor 1099515822080 switch to nullptr
I1014 11:31:59.697861 10613 runtime_context.cpp:29] DecreaseCounter job_0_running_actor_count, current val is 388
I1014 11:31:59.697867 10558 actor.cpp:408] actor 1099524210688 switch to nullptr
I1014 11:31:59.697825 10615 runtime_context.cpp:29] DecreaseCounter job_0_running_actor_count, current val is 389
I1014 11:31:59.697865 10563 actor.cpp:411] actor 1099532599296 switch to &Actor::HandlerZombie
I1014 11:31:59.698194 10615 actor.cpp:408] actor 2199025352707 switch to nullptr
I1014 11:31:59.698212 10563 thread.cpp:76] thread 524298 deconstruct actor 1099532599296
I1014 11:31:59.698216 10606 runtime_context.cpp:29] DecreaseCounter job_0_running_actor_count, current val is 384
I1014 11:31:59.698000 10626 actor.cpp:411] actor 2207615287296 switch to &Actor::HandlerZombie
I1014 11:31:59.698263 10606 actor.cpp:411] actor 1099614388252 switch to &Actor::HandlerZombie
I1014 11:31:59.698282 10626 actor.cpp:408] actor 2207615287299 switch to nullptr
I1014 11:31:59.698145 10613 actor.cpp:408] actor 2199023255569 switch to nullptr
I1014 11:31:59.698154 10624 runtime_context.cpp:29] DecreaseCounter job_0_running_actor_count, current val is 385
I1014 11:31:59.698338 10593 actor.cpp:408] actor 1099551473664 switch to nullptr
I1014 11:31:59.698360 10594 actor.cpp:408] actor 1099553570816 switch to nullptr
I1014 11:31:59.697981 10591 runtime_context.cpp:29] DecreaseCounter job_0_running_actor_count, current val is 386
I1014 11:31:59.698422 10595 actor.cpp:408] actor 1099555667968 switch to nullptr
I1014 11:31:59.698071 10556 thread.cpp:76] thread 524292 deconstruct actor 1099520016384
I1014 11:31:59.697796 10561 actor.cpp:408] actor 1099528404992 switch to nullptr
I1014 11:31:59.698093 10554 thread.cpp:76] thread 524290 deconstruct actor 1099515822080
I1014 11:31:59.698532 10561 thread.cpp:76] thread 524296 deconstruct actor 1099528404992
I1014 11:31:59.698302 10626 thread.cpp:76] thread 1052673 deconstruct actor 2207615287299
I1014 11:31:59.698323 10613 thread.cpp:76] thread 1048576 deconstruct actor 2199023255569
I1014 11:31:59.698155 10558 thread.cpp:76] thread 524294 deconstruct actor 1099524210688
I1014 11:31:59.697731 10552 actor.cpp:408] actor 1099511627776 switch to nullptr
I1014 11:31:59.698367 10624 actor.cpp:408] actor 2207613190283 switch to nullptr
I1014 11:31:59.698370 10593 thread.cpp:76] thread 524307 deconstruct actor 1099551473664
I1014 11:31:59.698732 10613 runtime_context.cpp:29] DecreaseCounter job_0_running_actor_count, current val is 379
I1014 11:31:59.698217 10615 thread.cpp:76] thread 1048577 deconstruct actor 2199025352707
I1014 11:31:59.698786 10613 actor.cpp:408] actor 2199023255697 switch to nullptr
I1014 11:31:59.698472 10595 thread.cpp:76] thread 524309 deconstruct actor 1099555667968
I1014 11:31:59.698856 10615 runtime_context.cpp:29] DecreaseCounter job_0_running_actor_count, current val is 377
I1014 11:31:59.698871 10593 runtime_context.cpp:29] DecreaseCounter job_1_running_actor_count, current val is 86
I1014 11:31:59.698302 10606 actor.cpp:408] actor 1099614388247 switch to nullptr
I1014 11:31:59.698698 10556 runtime_context.cpp:29] DecreaseCounter job_0_running_actor_count, current val is 381
I1014 11:31:59.698968 10595 runtime_context.cpp:29] DecreaseCounter job_1_running_actor_count, current val is 85
I1014 11:31:59.698714 10554 runtime_context.cpp:29] DecreaseCounter job_0_running_actor_count, current val is 380
I1014 11:31:59.698715 10552 thread.cpp:76] thread 524288 deconstruct actor 1099511627776
I1014 11:31:59.698408 10594 thread.cpp:76] thread 524308 deconstruct actor 1099553570816
I1014 11:31:59.698771 10561 runtime_context.cpp:29] DecreaseCounter job_0_running_actor_count, current val is 378
I1014 11:31:59.698448 10563 runtime_context.cpp:29] DecreaseCounter job_0_running_actor_count, current val is 383
I1014 11:31:59.698808 10613 thread.cpp:76] thread 1048576 deconstruct actor 2199023255697
I1014 11:31:59.698881 10615 thread.cpp:76] thread 1048577 deconstruct actor 2199025352705
I1014 11:31:59.698629 10626 runtime_context.cpp:29] DecreaseCounter job_0_running_actor_count, current val is 382
I1014 11:31:59.699414 10626 thread.cpp:76] thread 1052673 deconstruct actor 2207615287297
I1014 11:31:59.698907 10558 runtime_context.cpp:29] DecreaseCounter job_0_running_actor_count, current val is 376
I1014 11:31:59.699481 10626 runtime_context.cpp:29] DecreaseCounter job_0_running_actor_count, current val is 373
I1014 11:31:59.698940 10606 thread.cpp:76] thread 524337 deconstruct actor 1099614388247
I1014 11:31:59.698720 10624 thread.cpp:76] thread 1052672 deconstruct actor 2207613190283
I1014 11:31:59.699383 10594 runtime_context.cpp:29] DecreaseCounter job_1_running_actor_count, current val is 84
I1014 11:31:59.699452 10613 runtime_context.cpp:29] DecreaseCounter job_0_running_actor_count, current val is 375
I1014 11:31:59.699460 10615 runtime_context.cpp:29] DecreaseCounter job_0_running_actor_count, current val is 374
I1014 11:31:59.699499 10626 thread.cpp:76] thread 1052673 deconstruct actor 2207615287296
I1014 11:31:59.699667 10613 actor.cpp:408] actor 2199023255562 switch to nullptr
I1014 11:31:59.699689 10615 actor.cpp:408] actor 2199025352709 switch to nullptr
I1014 11:31:59.699738 10626 runtime_context.cpp:29] DecreaseCounter job_0_running_actor_count, current val is 371
I1014 11:31:59.699724 10613 thread.cpp:76] thread 1048576 deconstruct actor 2199023255562
I1014 11:31:59.699702 10624 runtime_context.cpp:29] DecreaseCounter job_0_running_actor_count, current val is 372
I1014 11:31:59.699748 10615 thread.cpp:76] thread 1048577 deconstruct actor 2199025352709
I1014 11:31:59.699834 10624 actor.cpp:408] actor 2207613190156 switch to nullptr
I1014 11:31:59.699859 10624 thread.cpp:76] thread 1052672 deconstruct actor 2207613190156
I1014 11:31:59.699756 10606 runtime_context.cpp:29] DecreaseCounter job_1_running_actor_count, current val is 83
I1014 11:31:59.699880 10615 runtime_context.cpp:29] DecreaseCounter job_0_running_actor_count, current val is 370
I1014 11:31:59.699921 10606 actor.cpp:411] actor 1099614388261 switch to &Actor::HandlerZombie
I1014 11:31:59.699936 10615 thread.cpp:76] thread 1048577 deconstruct actor 2199025352704
I1014 11:31:59.699911 10613 runtime_context.cpp:29] DecreaseCounter job_0_running_actor_count, current val is 369
I1014 11:31:59.699980 10624 runtime_context.cpp:29] DecreaseCounter job_0_running_actor_count, current val is 368
I1014 11:31:59.699963 10606 actor.cpp:408] actor 1099614388256 switch to nullptr
I1014 11:31:59.700028 10624 actor.cpp:408] actor 2207613190279 switch to nullptr
I1014 11:31:59.700057 10599 actor.cpp:411] actor 1099561959424 switch to &Actor::HandlerZombie
I1014 11:31:59.699997 10598 actor.cpp:408] actor 1099559862272 switch to nullptr
I1014 11:31:59.700023 10613 actor.cpp:408] actor 2199023255691 switch to nullptr
I1014 11:31:59.700047 10626 actor.cpp:408] actor 2207615287301 switch to nullptr
I1014 11:31:59.700043 10606 thread.cpp:76] thread 524337 deconstruct actor 1099614388256
I1014 11:31:59.700019 10596 actor.cpp:408] actor 1099557765120 switch to nullptr
I1014 11:31:59.700078 10624 thread.cpp:76] thread 1052672 deconstruct actor 2207613190279
I1014 11:31:59.700035 10615 runtime_context.cpp:29] DecreaseCounter job_0_running_actor_count, current val is 367
I1014 11:31:59.700106 10599 thread.cpp:76] thread 524312 deconstruct actor 1099561959424
I1014 11:31:59.700124 10598 thread.cpp:76] thread 524311 deconstruct actor 1099559862272
I1014 11:31:59.700152 10613 thread.cpp:76] thread 1048576 deconstruct actor 2199023255691
I1014 11:31:59.700177 10626 thread.cpp:76] thread 1052673 deconstruct actor 2207615287301
I1014 11:31:59.700240 10596 thread.cpp:76] thread 524310 deconstruct actor 1099557765120
I1014 11:31:59.700300 10615 actor.cpp:408] actor 2199025352710 switch to nullptr
I1014 11:31:59.700457 10599 runtime_context.cpp:29] DecreaseCounter job_2_running_actor_count, current val is 85
I1014 11:31:59.700376 10606 runtime_context.cpp:29] DecreaseCounter job_2_running_actor_count, current val is 88
I1014 11:31:59.700410 10598 runtime_context.cpp:29] DecreaseCounter job_2_running_actor_count, current val is 87
I1014 11:31:59.700551 10606 actor.cpp:411] actor 1099614388270 switch to &Actor::HandlerZombie
I1014 11:31:59.700373 10624 runtime_context.cpp:29] DecreaseCounter job_0_running_actor_count, current val is 366
I1014 11:31:59.700469 10615 thread.cpp:76] thread 1048577 deconstruct actor 2199025352710
I1014 11:31:59.700628 10601 actor.cpp:408] actor 1099566153728 switch to nullptr
I1014 11:31:59.700429 10626 runtime_context.cpp:29] DecreaseCounter job_2_running_actor_count, current val is 86
I1014 11:31:59.700660 10600 actor.cpp:408] actor 1099564056576 switch to nullptr
I1014 11:31:59.700687 10615 runtime_context.cpp:29] DecreaseCounter job_2_running_actor_count, current val is 83
I1014 11:31:59.700700 10596 runtime_context.cpp:29] DecreaseCounter job_2_running_actor_count, current val is 84
I1014 11:31:59.700651 10601 thread.cpp:76] thread 524314 deconstruct actor 1099566153728
I1014 11:31:59.700600 10606 actor.cpp:408] actor 1099614388265 switch to nullptr
I1014 11:31:59.700688 10626 actor.cpp:408] actor 2207615287302 switch to nullptr
I1014 11:31:59.700697 10600 thread.cpp:76] thread 524313 deconstruct actor 1099564056576
I1014 11:31:59.700470 10613 runtime_context.cpp:29] DecreaseCounter job_0_running_actor_count, current val is 365
I1014 11:31:59.700635 10624 actor.cpp:408] actor 2207613190145 switch to nullptr
I1014 11:31:59.700702 10602 actor.cpp:411] actor 1099568250880 switch to &Actor::HandlerZombie
I1014 11:31:59.700717 10615 actor.cpp:408] actor 2199025352711 switch to nullptr
I1014 11:31:59.700924 10602 thread.cpp:76] thread 524315 deconstruct actor 1099568250880
I1014 11:31:59.700803 10626 thread.cpp:76] thread 1052673 deconstruct actor 2207615287302
I1014 11:31:59.700835 10601 runtime_context.cpp:29] DecreaseCounter job_3_running_actor_count, current val is 88
I1014 11:31:59.700881 10624 thread.cpp:76] thread 1052672 deconstruct actor 2207613190145
I1014 11:31:59.701014 10626 runtime_context.cpp:29] DecreaseCounter job_3_running_actor_count, current val is 86
I1014 11:31:59.700780 10606 thread.cpp:76] thread 524337 deconstruct actor 1099614388265
I1014 11:31:59.700937 10615 thread.cpp:76] thread 1048577 deconstruct actor 2199025352711
I1014 11:31:59.700956 10600 runtime_context.cpp:29] DecreaseCounter job_3_running_actor_count, current val is 87
I1014 11:31:59.701089 10602 runtime_context.cpp:29] DecreaseCounter job_3_running_actor_count, current val is 85
I1014 11:31:59.701115 10615 runtime_context.cpp:29] DecreaseCounter job_3_running_actor_count, current val is 84
I1014 11:31:59.700878 10613 actor.cpp:408] actor 2199023255564 switch to nullptr
I1014 11:31:59.701144 10624 runtime_context.cpp:29] DecreaseCounter job_0_running_actor_count, current val is 364
I1014 11:31:59.701164 10613 thread.cpp:76] thread 1048576 deconstruct actor 2199023255564
I1014 11:31:59.701201 10624 actor.cpp:408] actor 2207613190297 switch to nullptr
I1014 11:31:59.701222 10624 thread.cpp:76] thread 1052672 deconstruct actor 2207613190297
I1014 11:31:59.701258 10606 runtime_context.cpp:29] DecreaseCounter job_3_running_actor_count, current val is 83
I1014 11:31:59.701294 10606 actor.cpp:408] actor 1099614388273 switch to nullptr
I1014 11:31:59.701313 10606 thread.cpp:76] thread 524337 deconstruct actor 1099614388273
I1014 11:31:59.701328 10613 runtime_context.cpp:29] DecreaseCounter job_0_running_actor_count, current val is 363
I1014 11:31:59.701335 10603 thread.cpp:76] thread 524316 deconstruct actor 1099570348032
I1014 11:31:59.701398 10613 actor.cpp:408] actor 2199023255687 switch to nullptr
I1014 11:31:59.701349 10624 runtime_context.cpp:29] DecreaseCounter job_0_running_actor_count, current val is 362
I1014 11:31:59.701431 10613 thread.cpp:76] thread 1048576 deconstruct actor 2199023255687
I1014 11:31:59.701498 10606 runtime_context.cpp:29] DecreaseCounter job_4_running_actor_count, current val is 13
I1014 11:31:59.701525 10603 runtime_context.cpp:29] DecreaseCounter job_4_running_actor_count, current val is 12
I1014 11:31:59.701503 10624 actor.cpp:408] actor 2207613190170 switch to nullptr
I1014 11:31:59.701584 10606 actor.cpp:411] actor 1099614388279 switch to &Actor::HandlerZombie
I1014 11:31:59.701650 10613 runtime_context.cpp:29] DecreaseCounter job_0_running_actor_count, current val is 361
I1014 11:31:59.701637 10624 thread.cpp:76] thread 1052672 deconstruct actor 2207613190170
I1014 11:31:59.701706 10613 actor.cpp:408] actor 2199023255553 switch to nullptr
I1014 11:31:59.701718 10604 thread.cpp:76] thread 524317 deconstruct actor 1099572445184
I1014 11:31:59.701673 10606 actor.cpp:408] actor 1099614388274 switch to nullptr
I1014 11:31:59.701738 10613 thread.cpp:76] thread 1048576 deconstruct actor 2199023255553
I1014 11:31:59.701792 10606 thread.cpp:76] thread 524337 deconstruct actor 1099614388274
I1014 11:31:59.701833 10624 runtime_context.cpp:29] DecreaseCounter job_0_running_actor_count, current val is 360
I1014 11:31:59.701877 10624 actor.cpp:408] actor 2207613190175 switch to nullptr
I1014 11:31:59.701895 10624 thread.cpp:76] thread 1052672 deconstruct actor 2207613190175
I1014 11:31:59.701925 10604 runtime_context.cpp:29] DecreaseCounter job_4_running_actor_count, current val is 11
I1014 11:31:59.701926 10613 runtime_context.cpp:29] DecreaseCounter job_0_running_actor_count, current val is 359
I1014 11:31:59.702006 10606 runtime_context.cpp:29] DecreaseCounter job_4_running_actor_count, current val is 10
I1014 11:31:59.702018 10613 actor.cpp:408] actor 2199023255705 switch to nullptr
I1014 11:31:59.702016 10624 runtime_context.cpp:29] DecreaseCounter job_0_running_actor_count, current val is 358
I1014 11:31:59.702045 10606 actor.cpp:408] actor 1099614388292 switch to nullptr
I1014 11:31:59.702100 10624 actor.cpp:408] actor 2207613190307 switch to nullptr
I1014 11:31:59.702061 10613 thread.cpp:76] thread 1048576 deconstruct actor 2199023255705
I1014 11:31:59.702105 10606 thread.cpp:76] thread 524337 deconstruct actor 1099614388292
I1014 11:31:59.702122 10624 thread.cpp:76] thread 1052672 deconstruct actor 2207613190307
I1014 11:31:59.702280 10613 runtime_context.cpp:29] DecreaseCounter job_0_running_actor_count, current val is 357
I1014 11:31:59.702286 10624 runtime_context.cpp:29] DecreaseCounter job_0_running_actor_count, current val is 356
I1014 11:31:59.702332 10606 runtime_context.cpp:29] DecreaseCounter job_4_running_actor_count, current val is 9
I1014 11:31:59.702353 10624 actor.cpp:408] actor 2207613190196 switch to nullptr
I1014 11:31:59.702335 10613 actor.cpp:408] actor 2199023255578 switch to nullptr
I1014 11:31:59.702364 10606 actor.cpp:408] actor 1099614388276 switch to nullptr
I1014 11:31:59.702376 10624 thread.cpp:76] thread 1052672 deconstruct actor 2207613190196
I1014 11:31:59.702404 10613 thread.cpp:76] thread 1048576 deconstruct actor 2199023255578
I1014 11:31:59.702421 10606 thread.cpp:76] thread 524337 deconstruct actor 1099614388276
I1014 11:31:59.702550 10624 runtime_context.cpp:29] DecreaseCounter job_0_running_actor_count, current val is 355
I1014 11:31:59.702594 10613 runtime_context.cpp:29] DecreaseCounter job_0_running_actor_count, current val is 354
I1014 11:31:59.702605 10624 actor.cpp:408] actor 2207613190295 switch to nullptr
I1014 11:31:59.702611 10606 runtime_context.cpp:29] DecreaseCounter job_4_running_actor_count, current val is 8
I1014 11:31:59.702649 10613 actor.cpp:408] actor 2199023255583 switch to nullptr
I1014 11:31:59.702653 10624 thread.cpp:76] thread 1052672 deconstruct actor 2207613190295
I1014 11:31:59.702682 10606 actor.cpp:408] actor 1099614388287 switch to nullptr
I1014 11:31:59.702701 10613 thread.cpp:76] thread 1048576 deconstruct actor 2199023255583
I1014 11:31:59.702740 10606 thread.cpp:76] thread 524337 deconstruct actor 1099614388287
I1014 11:31:59.702836 10624 runtime_context.cpp:29] DecreaseCounter job_0_running_actor_count, current val is 353
I1014 11:31:59.702886 10624 actor.cpp:408] actor 2207613190168 switch to nullptr
I1014 11:31:59.702883 10613 runtime_context.cpp:29] DecreaseCounter job_0_running_actor_count, current val is 352
I1014 11:31:59.702945 10624 thread.cpp:76] thread 1052672 deconstruct actor 2207613190168
I1014 11:31:59.702970 10606 runtime_context.cpp:29] DecreaseCounter job_4_running_actor_count, current val is 7
I1014 11:31:59.702996 10613 actor.cpp:408] actor 2199023255715 switch to nullptr
I1014 11:31:59.703040 10606 actor.cpp:408] actor 1099614388284 switch to nullptr
I1014 11:31:59.703061 10613 thread.cpp:76] thread 1048576 deconstruct actor 2199023255715
I1014 11:31:59.703078 10606 thread.cpp:76] thread 524337 deconstruct actor 1099614388284
