I1012 16:21:25.781167 18593 runtime_context.cpp:29] DecreaseCounter constructing_actor_cnt, current val is 665
I1012 16:21:25.781517 18576 naive_actor.cpp:25] actor 1099614388256 switch to &NaiveActor::HandlerNormal
I1012 16:21:25.781590 18576 thread.cpp:96] Thread 524337 construct Actor kTick 1099614388256
I1012 16:21:25.781668 18576 runtime_context.cpp:29] DecreaseCounter constructing_actor_cnt, current val is 664
I1012 16:21:25.782091 18587 naive_actor.cpp:25] actor 2199023255556 switch to &NaiveActor::HandlerNormal
I1012 16:21:25.782109 18576 naive_actor.cpp:25] actor 1099614388250 switch to &NaiveActor::HandlerNormal
I1012 16:21:25.782174 18587 thread.cpp:96] Thread 1048576 construct Actor kNormalForward 2199023255556
I1012 16:21:25.782225 18576 thread.cpp:96] Thread 524337 construct Actor kSrcSubsetTick 1099614388250
I1012 16:21:25.782315 18587 runtime_context.cpp:29] DecreaseCounter constructing_actor_cnt, current val is 663
I1012 16:21:25.782358 18576 runtime_context.cpp:29] DecreaseCounter constructing_actor_cnt, current val is 662
I1012 16:21:25.782860 18593 naive_actor.cpp:25] actor 2207613190144 switch to &NaiveActor::HandlerNormal
I1012 16:21:25.782863 18576 naive_actor.cpp:25] actor 1099614388254 switch to &NaiveActor::HandlerNormal
I1012 16:21:25.782927 18593 thread.cpp:96] Thread 1052672 construct Actor kNormalForward 2207613190144
I1012 16:21:25.782969 18576 thread.cpp:96] Thread 524337 construct Actor kDstSubsetTick 1099614388254
I1012 16:21:25.783110 18593 runtime_context.cpp:29] DecreaseCounter constructing_actor_cnt, current val is 661
I1012 16:21:25.783124 18576 runtime_context.cpp:29] DecreaseCounter constructing_actor_cnt, current val is 660
I1012 16:21:25.783646 18576 naive_actor.cpp:25] actor 1099614388253 switch to &NaiveActor::HandlerNormal
I1012 16:21:25.783676 18587 naive_actor.cpp:25] actor 2199023255562 switch to &NaiveActor::HandlerNormal
I1012 16:21:25.783722 18576 thread.cpp:96] Thread 524337 construct Actor kTick 1099614388253
I1012 16:21:25.783776 18587 thread.cpp:96] Thread 1048576 construct Actor kNormalForward 2199023255562
I1012 16:21:25.783859 18576 runtime_context.cpp:29] DecreaseCounter constructing_actor_cnt, current val is 659
I1012 16:21:25.784031 18587 runtime_context.cpp:29] DecreaseCounter constructing_actor_cnt, current val is 658
I1012 16:21:25.784359 18576 naive_actor.cpp:25] actor 1099614388312 switch to &NaiveActor::HandlerNormal
I1012 16:21:25.784437 18576 thread.cpp:96] Thread 524337 construct Actor kTick 1099614388312
I1012 16:21:25.784536 18576 runtime_context.cpp:29] DecreaseCounter constructing_actor_cnt, current val is 657
I1012 16:21:25.784957 18593 naive_actor.cpp:25] actor 2207613190181 switch to &NaiveActor::HandlerNormal
I1012 16:21:25.784987 18576 naive_actor.cpp:25] actor 1099614388255 switch to &NaiveActor::HandlerNormal
I1012 16:21:25.785073 18576 thread.cpp:96] Thread 524337 construct Actor kTick 1099614388255
I1012 16:21:25.785023 18593 thread.cpp:96] Thread 1052672 construct Actor kNormalForward 2207613190181
I1012 16:21:25.785156 18576 runtime_context.cpp:29] DecreaseCounter constructing_actor_cnt, current val is 656
I1012 16:21:25.785200 18593 runtime_context.cpp:29] DecreaseCounter constructing_actor_cnt, current val is 655
I1012 16:21:25.785543 18576 naive_actor.cpp:25] actor 1099614388249 switch to &NaiveActor::HandlerNormal
I1012 16:21:25.785610 18576 thread.cpp:96] Thread 524337 construct Actor kDeviceTick 1099614388249
I1012 16:21:25.785689 18576 runtime_context.cpp:29] DecreaseCounter constructing_actor_cnt, current val is 654
I1012 16:21:25.785744 18587 naive_actor.cpp:25] actor 2199023255564 switch to &NaiveActor::HandlerNormal
I1012 16:21:25.785822 18587 thread.cpp:96] Thread 1048576 construct Actor kNormalForward 2199023255564
I1012 16:21:25.785926 18587 runtime_context.cpp:29] DecreaseCounter constructing_actor_cnt, current val is 653
I1012 16:21:25.786247 18576 naive_actor.cpp:25] actor 1099614388263 switch to &NaiveActor::HandlerNormal
I1012 16:21:25.786307 18576 thread.cpp:96] Thread 524337 construct Actor kDstSubsetTick 1099614388263
I1012 16:21:25.786401 18576 runtime_context.cpp:29] DecreaseCounter constructing_actor_cnt, current val is 652
I1012 16:21:25.786607 18593 naive_actor.cpp:25] actor 2207613190161 switch to &NaiveActor::HandlerNormal
I1012 16:21:25.786665 18593 thread.cpp:96] Thread 1052672 construct Actor kNormalForward 2207613190161
I1012 16:21:25.786751 18593 runtime_context.cpp:29] DecreaseCounter constructing_actor_cnt, current val is 651
I1012 16:21:25.786856 18576 naive_actor.cpp:25] actor 1099614388259 switch to &NaiveActor::HandlerNormal
I1012 16:21:25.786922 18576 thread.cpp:96] Thread 524337 construct Actor kSrcSubsetTick 1099614388259
I1012 16:21:25.787009 18576 runtime_context.cpp:29] DecreaseCounter constructing_actor_cnt, current val is 650
I1012 16:21:25.787407 18576 naive_actor.cpp:25] actor 1099614388258 switch to &NaiveActor::HandlerNormal
I1012 16:21:25.787478 18576 thread.cpp:96] Thread 524337 construct Actor kDeviceTick 1099614388258
I1012 16:21:25.787529 18537 naive_actor.cpp:25] actor 1099511627776 switch to &NaiveActor::HandlerNormal
I1012 16:21:25.787559 18576 runtime_context.cpp:29] DecreaseCounter constructing_actor_cnt, current val is 649
I1012 16:21:25.787585 18537 thread.cpp:96] Thread 524288 construct Actor kNormalForward 1099511627776
I1012 16:21:25.787740 18537 runtime_context.cpp:29] DecreaseCounter constructing_actor_cnt, current val is 648
I1012 16:21:25.787803 18587 naive_actor.cpp:25] actor 2199023255552 switch to &NaiveActor::HandlerNormal
I1012 16:21:25.787866 18587 thread.cpp:96] Thread 1048576 construct Actor kNormalForward 2199023255552
I1012 16:21:25.787914 18593 naive_actor.cpp:25] actor 2207613190175 switch to &NaiveActor::HandlerNormal
I1012 16:21:25.787964 18593 thread.cpp:96] Thread 1052672 construct Actor kNormalForward 2207613190175
I1012 16:21:25.787982 18576 naive_actor.cpp:25] actor 1099614388313 switch to &NaiveActor::HandlerNormal
I1012 16:21:25.788033 18593 runtime_context.cpp:29] DecreaseCounter constructing_actor_cnt, current val is 646
I1012 16:21:25.787981 18587 runtime_context.cpp:29] DecreaseCounter constructing_actor_cnt, current val is 647
I1012 16:21:25.788040 18576 thread.cpp:96] Thread 524337 construct Actor kTick 1099614388313
I1012 16:21:25.788187 18576 runtime_context.cpp:29] DecreaseCounter constructing_actor_cnt, current val is 645
I1012 16:21:25.788219 18539 naive_actor.cpp:25] actor 1099515822080 switch to &NaiveActor::HandlerNormal
I1012 16:21:25.788293 18539 thread.cpp:96] Thread 524290 construct Actor kNormalForward 1099515822080
I1012 16:21:25.788395 18538 naive_actor.cpp:25] actor 1099513724928 switch to &NaiveActor::HandlerNormal
I1012 16:21:25.788410 18539 runtime_context.cpp:29] DecreaseCounter constructing_actor_cnt, current val is 644
I1012 16:21:25.788476 18538 thread.cpp:96] Thread 524289 construct Actor kNormalForward 1099513724928
I1012 16:21:25.788604 18540 naive_actor.cpp:25] actor 1099517919232 switch to &NaiveActor::HandlerNormal
I1012 16:21:25.788614 18538 runtime_context.cpp:29] DecreaseCounter constructing_actor_cnt, current val is 643
I1012 16:21:25.788655 18576 naive_actor.cpp:25] actor 1099614388257 switch to &NaiveActor::HandlerNormal
I1012 16:21:25.788676 18540 thread.cpp:96] Thread 524291 construct Actor kNormalForward 1099517919232
I1012 16:21:25.788755 18576 thread.cpp:96] Thread 524337 construct Actor kTick 1099614388257
I1012 16:21:25.788914 18593 naive_actor.cpp:25] actor 2207613190145 switch to &NaiveActor::HandlerNormal
I1012 16:21:25.788975 18576 runtime_context.cpp:29] DecreaseCounter constructing_actor_cnt, current val is 641
I1012 16:21:25.788964 18540 runtime_context.cpp:29] DecreaseCounter constructing_actor_cnt, current val is 642
I1012 16:21:25.788986 18593 thread.cpp:96] Thread 1052672 construct Actor kNormalForward 2207613190145
I1012 16:21:25.789136 18593 runtime_context.cpp:29] DecreaseCounter constructing_actor_cnt, current val is 640
I1012 16:21:25.789332 18576 naive_actor.cpp:25] actor 1099614388262 switch to &NaiveActor::HandlerNormal
I1012 16:21:25.789388 18576 thread.cpp:96] Thread 524337 construct Actor kTick 1099614388262
I1012 16:21:25.789469 18576 runtime_context.cpp:29] DecreaseCounter constructing_actor_cnt, current val is 639
I1012 16:21:25.789655 18587 naive_actor.cpp:25] actor 2199023255587 switch to &NaiveActor::HandlerNormal
I1012 16:21:25.789719 18587 thread.cpp:96] Thread 1048576 construct Actor kNormalForward 2199023255587
I1012 16:21:25.789813 18587 runtime_context.cpp:29] DecreaseCounter constructing_actor_cnt, current val is 638
I1012 16:21:25.789837 18576 naive_actor.cpp:25] actor 1099614388265 switch to &NaiveActor::HandlerNormal
I1012 16:21:25.789901 18576 thread.cpp:96] Thread 524337 construct Actor kTick 1099614388265
I1012 16:21:25.789974 18576 runtime_context.cpp:29] DecreaseCounter constructing_actor_cnt, current val is 637
I1012 16:21:25.790241 18593 naive_actor.cpp:25] actor 2207613190179 switch to &NaiveActor::HandlerNormal
I1012 16:21:25.790298 18593 thread.cpp:96] Thread 1052672 construct Actor kNormalForward 2207613190179
I1012 16:21:25.790341 18576 naive_actor.cpp:25] actor 1099614388264 switch to &NaiveActor::HandlerNormal
I1012 16:21:25.790390 18593 runtime_context.cpp:29] DecreaseCounter constructing_actor_cnt, current val is 636
I1012 16:21:25.790391 18576 thread.cpp:96] Thread 524337 construct Actor kTick 1099614388264
I1012 16:21:25.790516 18576 runtime_context.cpp:29] DecreaseCounter constructing_actor_cnt, current val is 635
I1012 16:21:25.790956 18576 naive_actor.cpp:25] actor 1099614388266 switch to &NaiveActor::HandlerNormal
I1012 16:21:25.790961 18587 naive_actor.cpp:25] actor 2199023255576 switch to &NaiveActor::HandlerNormal
I1012 16:21:25.791015 18576 thread.cpp:96] Thread 524337 construct Actor kTick 1099614388266
I1012 16:21:25.791060 18587 thread.cpp:96] Thread 1048576 construct Actor kNormalForward 2199023255576
I1012 16:21:25.791128 18576 runtime_context.cpp:29] DecreaseCounter constructing_actor_cnt, current val is 634
I1012 16:21:25.791172 18587 runtime_context.cpp:29] DecreaseCounter constructing_actor_cnt, current val is 633
I1012 16:21:25.791553 18593 naive_actor.cpp:25] actor 2207613190200 switch to &NaiveActor::HandlerNormal
I1012 16:21:25.791597 18576 naive_actor.cpp:25] actor 1099614388272 switch to &NaiveActor::HandlerNormal
I1012 16:21:25.791606 18593 thread.cpp:96] Thread 1052672 construct Actor kNormalForward 2207613190200
I1012 16:21:25.791651 18576 thread.cpp:96] Thread 524337 construct Actor kDstSubsetTick 1099614388272
I1012 16:21:25.791738 18593 runtime_context.cpp:29] DecreaseCounter constructing_actor_cnt, current val is 632
I1012 16:21:25.791767 18576 runtime_context.cpp:29] DecreaseCounter constructing_actor_cnt, current val is 631
I1012 16:21:25.792171 18576 naive_actor.cpp:25] actor 1099614388274 switch to &NaiveActor::HandlerNormal
I1012 16:21:25.792213 18587 naive_actor.cpp:25] actor 2199023255581 switch to &NaiveActor::HandlerNormal
I1012 16:21:25.792233 18576 thread.cpp:96] Thread 524337 construct Actor kTick 1099614388274
I1012 16:21:25.792280 18587 thread.cpp:96] Thread 1048576 construct Actor kNormalForward 2199023255581
I1012 16:21:25.792346 18576 runtime_context.cpp:29] DecreaseCounter constructing_actor_cnt, current val is 630
I1012 16:21:25.792382 18587 runtime_context.cpp:29] DecreaseCounter constructing_actor_cnt, current val is 629
I1012 16:21:25.792762 18576 naive_actor.cpp:25] actor 1099614388267 switch to &NaiveActor::HandlerNormal
I1012 16:21:25.792776 18593 naive_actor.cpp:25] actor 2207613190203 switch to &NaiveActor::HandlerNormal
I1012 16:21:25.792827 18576 thread.cpp:96] Thread 524337 construct Actor kDeviceTick 1099614388267
I1012 16:21:25.792873 18593 thread.cpp:96] Thread 1052672 construct Actor kNormalForward 2207613190203
I1012 16:21:25.792948 18576 runtime_context.cpp:29] DecreaseCounter constructing_actor_cnt, current val is 628
I1012 16:21:25.793015 18593 runtime_context.cpp:29] DecreaseCounter constructing_actor_cnt, current val is 627
I1012 16:21:25.793304 18576 naive_actor.cpp:25] actor 1099614388302 switch to &NaiveActor::HandlerNormal
I1012 16:21:25.793359 18576 thread.cpp:96] Thread 524337 construct Actor kTick 1099614388302
I1012 16:21:25.793445 18576 runtime_context.cpp:29] DecreaseCounter constructing_actor_cnt, current val is 626
I1012 16:21:25.793532 18587 naive_actor.cpp:25] actor 2199023255569 switch to &NaiveActor::HandlerNormal
I1012 16:21:25.793594 18587 thread.cpp:96] Thread 1048576 construct Actor kNormalForward 2199023255569
I1012 16:21:25.793684 18587 runtime_context.cpp:29] DecreaseCounter constructing_actor_cnt, current val is 625
I1012 16:21:25.793835 18576 naive_actor.cpp:25] actor 1099614388273 switch to &NaiveActor::HandlerNormal
I1012 16:21:25.793856 18593 naive_actor.cpp:25] actor 2207613190173 switch to &NaiveActor::HandlerNormal
I1012 16:21:25.793895 18576 thread.cpp:96] Thread 524337 construct Actor kTick 1099614388273
I1012 16:21:25.793941 18593 thread.cpp:96] Thread 1052672 construct Actor kNormalForward 2207613190173
I1012 16:21:25.794014 18576 runtime_context.cpp:29] DecreaseCounter constructing_actor_cnt, current val is 624
I1012 16:21:25.794049 18593 runtime_context.cpp:29] DecreaseCounter constructing_actor_cnt, current val is 623
I1012 16:21:25.794396 18576 naive_actor.cpp:25] actor 1099614388268 switch to &NaiveActor::HandlerNormal
I1012 16:21:25.794464 18576 thread.cpp:96] Thread 524337 construct Actor kSrcSubsetTick 1099614388268
I1012 16:21:25.794543 18576 runtime_context.cpp:29] DecreaseCounter constructing_actor_cnt, current val is 622
I1012 16:21:25.794816 18593 naive_actor.cpp:25] actor 2207613190177 switch to &NaiveActor::HandlerNormal
I1012 16:21:25.794860 18593 thread.cpp:96] Thread 1052672 construct Actor kNormalForward 2207613190177
I1012 16:21:25.794898 18576 naive_actor.cpp:25] actor 1099614388271 switch to &NaiveActor::HandlerNormal
I1012 16:21:25.794919 18593 runtime_context.cpp:29] DecreaseCounter constructing_actor_cnt, current val is 621
I1012 16:21:25.794948 18576 thread.cpp:96] Thread 524337 construct Actor kTick 1099614388271
I1012 16:21:25.795045 18576 runtime_context.cpp:29] DecreaseCounter constructing_actor_cnt, current val is 620
I1012 16:21:25.795198 18587 naive_actor.cpp:25] actor 2199023255589 switch to &NaiveActor::HandlerNormal
I1012 16:21:25.795259 18587 thread.cpp:96] Thread 1048576 construct Actor kNormalForward 2199023255589
I1012 16:21:25.795342 18587 runtime_context.cpp:29] DecreaseCounter constructing_actor_cnt, current val is 619
I1012 16:21:25.795451 18576 naive_actor.cpp:25] actor 1099614388283 switch to &NaiveActor::HandlerNormal
I1012 16:21:25.795507 18576 thread.cpp:96] Thread 524337 construct Actor kTick 1099614388283
I1012 16:21:25.795574 18576 runtime_context.cpp:29] DecreaseCounter constructing_actor_cnt, current val is 618
I1012 16:21:25.795887 18593 naive_actor.cpp:25] actor 2207613190159 switch to &NaiveActor::HandlerNormal
I1012 16:21:25.795950 18593 thread.cpp:96] Thread 1052672 construct Actor kNormalForward 2207613190159
I1012 16:21:25.795974 18576 naive_actor.cpp:25] actor 1099614388284 switch to &NaiveActor::HandlerNormal
I1012 16:21:25.796037 18576 thread.cpp:96] Thread 524337 construct Actor kTick 1099614388284
I1012 16:21:25.796039 18593 runtime_context.cpp:29] DecreaseCounter constructing_actor_cnt, current val is 617
I1012 16:21:25.796108 18576 runtime_context.cpp:29] DecreaseCounter constructing_actor_cnt, current val is 616
I1012 16:21:25.796571 18576 naive_actor.cpp:25] actor 1099614388275 switch to &NaiveActor::HandlerNormal
I1012 16:21:25.796576 18587 naive_actor.cpp:25] actor 2199023255613 switch to &NaiveActor::HandlerNormal
I1012 16:21:25.796633 18576 thread.cpp:96] Thread 524337 construct Actor kDeviceTick 1099614388275
I1012 16:21:25.796684 18587 thread.cpp:96] Thread 1048576 construct Actor kNormalForward 2199023255613
I1012 16:21:25.796743 18576 runtime_context.cpp:29] DecreaseCounter constructing_actor_cnt, current val is 615
I1012 16:21:25.796787 18587 runtime_context.cpp:29] DecreaseCounter constructing_actor_cnt, current val is 614
I1012 16:21:25.797025 18593 naive_actor.cpp:25] actor 2207613190166 switch to &NaiveActor::HandlerNormal
I1012 16:21:25.797075 18576 naive_actor.cpp:25] actor 1099614388282 switch to &NaiveActor::HandlerNormal
I1012 16:21:25.797087 18593 thread.cpp:96] Thread 1052672 construct Actor kNormalForward 2207613190166
I1012 16:21:25.797133 18576 thread.cpp:96] Thread 524337 construct Actor kTick 1099614388282
I1012 16:21:25.797224 18593 runtime_context.cpp:29] DecreaseCounter constructing_actor_cnt, current val is 613
I1012 16:21:25.797245 18576 runtime_context.cpp:29] DecreaseCounter constructing_actor_cnt, current val is 612
I1012 16:21:25.797569 18576 naive_actor.cpp:25] actor 1099614388276 switch to &NaiveActor::HandlerNormal
I1012 16:21:25.797574 18587 naive_actor.cpp:25] actor 2199023255567 switch to &NaiveActor::HandlerNormal
I1012 16:21:25.797621 18576 thread.cpp:96] Thread 524337 construct Actor kDeviceTick 1099614388276
I1012 16:21:25.797631 18593 naive_actor.cpp:25] actor 2207613190171 switch to &NaiveActor::HandlerNormal
I1012 16:21:25.797727 18576 runtime_context.cpp:29] DecreaseCounter constructing_actor_cnt, current val is 611
I1012 16:21:25.797662 18587 thread.cpp:96] Thread 1048576 construct Actor kNormalForward 2199023255567
I1012 16:21:25.797736 18593 thread.cpp:96] Thread 1052672 construct Actor kNormalForward 2207613190171
I1012 16:21:25.797842 18587 runtime_context.cpp:29] DecreaseCounter constructing_actor_cnt, current val is 610
I1012 16:21:25.797883 18593 runtime_context.cpp:29] DecreaseCounter constructing_actor_cnt, current val is 609
I1012 16:21:25.798125 18576 naive_actor.cpp:25] actor 1099614388281 switch to &NaiveActor::HandlerNormal
I1012 16:21:25.798182 18576 thread.cpp:96] Thread 524337 construct Actor kDstSubsetTick 1099614388281
I1012 16:21:25.798259 18576 runtime_context.cpp:29] DecreaseCounter constructing_actor_cnt, current val is 608
I1012 16:21:25.798619 18576 naive_actor.cpp:25] actor 1099614388280 switch to &NaiveActor::HandlerNormal
I1012 16:21:25.798667 18576 thread.cpp:96] Thread 524337 construct Actor kTick 1099614388280
I1012 16:21:25.798733 18576 runtime_context.cpp:29] DecreaseCounter constructing_actor_cnt, current val is 607
I1012 16:21:25.799005 18587 naive_actor.cpp:25] actor 2199023255583 switch to &NaiveActor::HandlerNormal
I1012 16:21:25.799060 18587 thread.cpp:96] Thread 1048576 construct Actor kNormalForward 2199023255583
I1012 16:21:25.799103 18576 naive_actor.cpp:25] actor 1099614388288 switch to &NaiveActor::HandlerNormal
I1012 16:21:25.799145 18587 runtime_context.cpp:29] DecreaseCounter constructing_actor_cnt, current val is 606
I1012 16:21:25.799151 18576 thread.cpp:96] Thread 524337 construct Actor kTick 1099614388288
I1012 16:21:25.799212 18593 naive_actor.cpp:25] actor 2207613190170 switch to &NaiveActor::HandlerNormal
I1012 16:21:25.799254 18576 runtime_context.cpp:29] DecreaseCounter constructing_actor_cnt, current val is 605
I1012 16:21:25.799273 18593 thread.cpp:96] Thread 1052672 construct Actor kNormalForward 2207613190170
I1012 16:21:25.799412 18593 runtime_context.cpp:29] DecreaseCounter constructing_actor_cnt, current val is 604
I1012 16:21:25.799526 18587 naive_actor.cpp:25] actor 2199023255598 switch to &NaiveActor::HandlerNormal
I1012 16:21:25.799580 18587 thread.cpp:96] Thread 1048576 construct Actor kNormalForward 2199023255598
I1012 16:21:25.799655 18587 runtime_context.cpp:29] DecreaseCounter constructing_actor_cnt, current val is 603
I1012 16:21:25.799661 18576 naive_actor.cpp:25] actor 1099614388316 switch to &NaiveActor::HandlerNormal
I1012 16:21:25.799780 18576 thread.cpp:96] Thread 524337 construct Actor kTick 1099614388316
I1012 16:21:25.799858 18576 runtime_context.cpp:29] DecreaseCounter constructing_actor_cnt, current val is 602
I1012 16:21:25.800240 18576 naive_actor.cpp:25] actor 1099614388292 switch to &NaiveActor::HandlerNormal
I1012 16:21:25.800284 18576 thread.cpp:96] Thread 524337 construct Actor kTick 1099614388292
I1012 16:21:25.800354 18576 runtime_context.cpp:29] DecreaseCounter constructing_actor_cnt, current val is 601
I1012 16:21:25.800511 18593 naive_actor.cpp:25] actor 2207613190165 switch to &NaiveActor::HandlerNormal
I1012 16:21:25.800568 18593 thread.cpp:96] Thread 1052672 construct Actor kNormalForward 2207613190165
I1012 16:21:25.800649 18593 runtime_context.cpp:29] DecreaseCounter constructing_actor_cnt, current val is 600
I1012 16:21:25.800658 18576 naive_actor.cpp:25] actor 1099614388294 switch to &NaiveActor::HandlerNormal
I1012 16:21:25.800734 18576 thread.cpp:96] Thread 524337 construct Actor kTick 1099614388294
I1012 16:21:25.800806 18576 runtime_context.cpp:29] DecreaseCounter constructing_actor_cnt, current val is 599
I1012 16:21:25.801127 18587 naive_actor.cpp:25] actor 2199023255582 switch to &NaiveActor::HandlerNormal
I1012 16:21:25.801187 18587 thread.cpp:96] Thread 1048576 construct Actor kNormalForward 2199023255582
I1012 16:21:25.801266 18587 runtime_context.cpp:29] DecreaseCounter constructing_actor_cnt, current val is 598
I1012 16:21:25.801466 18576 esac_actor.cpp:73] actor 1099614388326 switch to &EsacActor::HandlerNormal
I1012 16:21:25.801522 18576 thread.cpp:96] Thread 524337 construct Actor kEsac 1099614388326
I1012 16:21:25.801568 18593 naive_actor.cpp:25] actor 2207613190194 switch to &NaiveActor::HandlerNormal
I1012 16:21:25.801612 18576 runtime_context.cpp:29] DecreaseCounter constructing_actor_cnt, current val is 597
I1012 16:21:25.801626 18593 thread.cpp:96] Thread 1052672 construct Actor kNormalForward 2207613190194
I1012 16:21:25.801750 18593 runtime_context.cpp:29] DecreaseCounter constructing_actor_cnt, current val is 596
I1012 16:21:25.802007 18576 naive_actor.cpp:25] actor 1099614388290 switch to &NaiveActor::HandlerNormal
I1012 16:21:25.802062 18576 thread.cpp:96] Thread 524337 construct Actor kSrcSubsetTick 1099614388290
I1012 16:21:25.802129 18576 runtime_context.cpp:29] DecreaseCounter constructing_actor_cnt, current val is 595
I1012 16:21:25.802212 18587 naive_actor.cpp:25] actor 2199023255561 switch to &NaiveActor::HandlerNormal
I1012 16:21:25.802268 18587 thread.cpp:96] Thread 1048576 construct Actor kNormalForward 2199023255561
I1012 16:21:25.802347 18587 runtime_context.cpp:29] DecreaseCounter constructing_actor_cnt, current val is 594
I1012 16:21:25.802482 18576 naive_actor.cpp:25] actor 1099614388285 switch to &NaiveActor::HandlerNormal
I1012 16:21:25.802537 18576 thread.cpp:96] Thread 524337 construct Actor kTick 1099614388285
I1012 16:21:25.802611 18576 runtime_context.cpp:29] DecreaseCounter constructing_actor_cnt, current val is 593
I1012 16:21:25.802772 18593 naive_actor.cpp:25] actor 2207613190189 switch to &NaiveActor::HandlerNormal
I1012 16:21:25.802831 18593 thread.cpp:96] Thread 1052672 construct Actor kNormalForward 2207613190189
I1012 16:21:25.802928 18593 runtime_context.cpp:29] DecreaseCounter constructing_actor_cnt, current val is 592
I1012 16:21:25.803056 18576 naive_actor.cpp:25] actor 1099614388293 switch to &NaiveActor::HandlerNormal
I1012 16:21:25.803114 18576 thread.cpp:96] Thread 524337 construct Actor kDstSubsetTick 1099614388293
I1012 16:21:25.803200 18576 runtime_context.cpp:29] DecreaseCounter constructing_actor_cnt, current val is 591
I1012 16:21:25.803419 18587 naive_actor.cpp:25] actor 2199023255573 switch to &NaiveActor::HandlerNormal
I1012 16:21:25.803483 18587 thread.cpp:96] Thread 1048576 construct Actor kNormalForward 2199023255573
I1012 16:21:25.803546 18576 naive_actor.cpp:25] actor 1099614388295 switch to &NaiveActor::HandlerNormal
I1012 16:21:25.803565 18587 runtime_context.cpp:29] DecreaseCounter constructing_actor_cnt, current val is 590
I1012 16:21:25.803640 18576 thread.cpp:96] Thread 524337 construct Actor kTick 1099614388295
I1012 16:21:25.803769 18576 runtime_context.cpp:29] DecreaseCounter constructing_actor_cnt, current val is 589
I1012 16:21:25.804114 18593 naive_actor.cpp:25] actor 2207613190163 switch to &NaiveActor::HandlerNormal
I1012 16:21:25.804126 18576 naive_actor.cpp:25] actor 1099614388277 switch to &NaiveActor::HandlerNormal
I1012 16:21:25.804229 18576 thread.cpp:96] Thread 524337 construct Actor kSrcSubsetTick 1099614388277
I1012 16:21:25.804186 18593 thread.cpp:96] Thread 1052672 construct Actor kNormalForward 2207613190163
I1012 16:21:25.804299 18576 runtime_context.cpp:29] DecreaseCounter constructing_actor_cnt, current val is 588
I1012 16:21:25.804355 18593 runtime_context.cpp:29] DecreaseCounter constructing_actor_cnt, current val is 587
I1012 16:21:25.804661 18587 naive_actor.cpp:25] actor 2199023255606 switch to &NaiveActor::HandlerNormal
I1012 16:21:25.804728 18576 naive_actor.cpp:25] actor 1099614388299 switch to &NaiveActor::HandlerNormal
I1012 16:21:25.804729 18587 thread.cpp:96] Thread 1048576 construct Actor kNormalForward 2199023255606
I1012 16:21:25.804778 18576 thread.cpp:96] Thread 524337 construct Actor kTick 1099614388299
I1012 16:21:25.804877 18587 runtime_context.cpp:29] DecreaseCounter constructing_actor_cnt, current val is 586
I1012 16:21:25.804891 18576 runtime_context.cpp:29] DecreaseCounter constructing_actor_cnt, current val is 585
I1012 16:21:25.805233 18587 naive_actor.cpp:25] actor 2199023255570 switch to &NaiveActor::HandlerNormal
I1012 16:21:25.805274 18576 naive_actor.cpp:25] actor 1099614388303 switch to &NaiveActor::HandlerNormal
I1012 16:21:25.805290 18587 thread.cpp:96] Thread 1048576 construct Actor kNormalForward 2199023255570
I1012 16:21:25.805330 18576 thread.cpp:96] Thread 524337 construct Actor kTick 1099614388303
I1012 16:21:25.805395 18587 runtime_context.cpp:29] DecreaseCounter constructing_actor_cnt, current val is 584
I1012 16:21:25.805421 18576 runtime_context.cpp:29] DecreaseCounter constructing_actor_cnt, current val is 583
I1012 16:21:25.805743 18576 naive_actor.cpp:25] actor 1099614388306 switch to &NaiveActor::HandlerNormal
I1012 16:21:25.805800 18576 thread.cpp:96] Thread 524337 construct Actor kTick 1099614388306
I1012 16:21:25.805867 18576 runtime_context.cpp:29] DecreaseCounter constructing_actor_cnt, current val is 582
I1012 16:21:25.805900 18593 naive_actor.cpp:25] actor 2207613190174 switch to &NaiveActor::HandlerNormal
I1012 16:21:25.805958 18593 thread.cpp:96] Thread 1052672 construct Actor kNormalForward 2207613190174
I1012 16:21:25.806051 18593 runtime_context.cpp:29] DecreaseCounter constructing_actor_cnt, current val is 581
I1012 16:21:25.806255 18576 naive_actor.cpp:25] actor 1099614388300 switch to &NaiveActor::HandlerNormal
I1012 16:21:25.806310 18576 thread.cpp:96] Thread 524337 construct Actor kTick 1099614388300
I1012 16:21:25.806376 18576 runtime_context.cpp:29] DecreaseCounter constructing_actor_cnt, current val is 580
I1012 16:21:25.806496 18593 naive_actor.cpp:25] actor 2207613190178 switch to &NaiveActor::HandlerNormal
I1012 16:21:25.806555 18593 thread.cpp:96] Thread 1052672 construct Actor kNormalForward 2207613190178
I1012 16:21:25.806592 18587 naive_actor.cpp:25] actor 2199023255599 switch to &NaiveActor::HandlerNormal
I1012 16:21:25.806653 18587 thread.cpp:96] Thread 1048576 construct Actor kNormalForward 2199023255599
I1012 16:21:25.806665 18593 runtime_context.cpp:29] DecreaseCounter constructing_actor_cnt, current val is 579
I1012 16:21:25.806735 18587 runtime_context.cpp:29] DecreaseCounter constructing_actor_cnt, current val is 578
I1012 16:21:25.806753 18576 naive_actor.cpp:25] actor 1099614388298 switch to &NaiveActor::HandlerNormal
I1012 16:21:25.806823 18576 thread.cpp:96] Thread 524337 construct Actor kTick 1099614388298
I1012 16:21:25.806902 18576 runtime_context.cpp:29] DecreaseCounter constructing_actor_cnt, current val is 577
I1012 16:21:25.807121 18587 naive_actor.cpp:25] actor 2199023255584 switch to &NaiveActor::HandlerNormal
I1012 16:21:25.807183 18587 thread.cpp:96] Thread 1048576 construct Actor kNormalForward 2199023255584
I1012 16:21:25.807260 18587 runtime_context.cpp:29] DecreaseCounter constructing_actor_cnt, current val is 576
I1012 16:21:25.807268 18576 naive_actor.cpp:25] actor 1099614388305 switch to &NaiveActor::HandlerNormal
I1012 16:21:25.807344 18576 thread.cpp:96] Thread 524337 construct Actor kTick 1099614388305
I1012 16:21:25.807416 18576 runtime_context.cpp:29] DecreaseCounter constructing_actor_cnt, current val is 575
I1012 16:21:25.807821 18593 naive_actor.cpp:25] actor 2207613190158 switch to &NaiveActor::HandlerNormal
I1012 16:21:25.807880 18593 thread.cpp:96] Thread 1052672 construct Actor kNormalForward 2207613190158
I1012 16:21:25.807958 18593 runtime_context.cpp:29] DecreaseCounter constructing_actor_cnt, current val is 574
I1012 16:21:25.807972 18576 reentrant_lock_actor.cpp:76] actor 1099614388296 switch to &ReentrantLockActor::HandlerNormal
I1012 16:21:25.808043 18576 thread.cpp:96] Thread 524337 construct Actor kReentrantLock 1099614388296
I1012 16:21:25.808228 18576 runtime_context.cpp:29] DecreaseCounter constructing_actor_cnt, current val is 573
I1012 16:21:25.808377 18587 naive_actor.cpp:25] actor 2199023255608 switch to &NaiveActor::HandlerNormal
I1012 16:21:25.808441 18587 thread.cpp:96] Thread 1048576 construct Actor kNormalForward 2199023255608
I1012 16:21:25.808526 18587 runtime_context.cpp:29] DecreaseCounter constructing_actor_cnt, current val is 572
I1012 16:21:25.808673 18576 naive_actor.cpp:25] actor 1099614388320 switch to &NaiveActor::HandlerNormal
I1012 16:21:25.808732 18576 thread.cpp:96] Thread 524337 construct Actor kTick 1099614388320
I1012 16:21:25.808807 18576 runtime_context.cpp:29] DecreaseCounter constructing_actor_cnt, current val is 571
I1012 16:21:25.808964 18593 naive_actor.cpp:25] actor 2207613190191 switch to &NaiveActor::HandlerNormal
I1012 16:21:25.809015 18593 thread.cpp:96] Thread 1052672 construct Actor kNormalForward 2207613190191
I1012 16:21:25.809101 18593 runtime_context.cpp:29] DecreaseCounter constructing_actor_cnt, current val is 570
I1012 16:21:25.809154 18576 naive_actor.cpp:25] actor 1099614388318 switch to &NaiveActor::HandlerNormal
I1012 16:21:25.809202 18576 thread.cpp:96] Thread 524337 construct Actor kTick 1099614388318
I1012 16:21:25.809268 18576 runtime_context.cpp:29] DecreaseCounter constructing_actor_cnt, current val is 569
I1012 16:21:25.809593 18576 naive_actor.cpp:25] actor 1099614388323 switch to &NaiveActor::HandlerNormal
I1012 16:21:25.809638 18576 thread.cpp:96] Thread 524337 construct Actor kTick 1099614388323
I1012 16:21:25.809657 18587 naive_actor.cpp:25] actor 2199023255580 switch to &NaiveActor::HandlerNormal
I1012 16:21:25.809695 18576 runtime_context.cpp:29] DecreaseCounter constructing_actor_cnt, current val is 568
I1012 16:21:25.809715 18587 thread.cpp:96] Thread 1048576 construct Actor kNormalForward 2199023255580
I1012 16:21:25.809840 18587 runtime_context.cpp:29] DecreaseCounter constructing_actor_cnt, current val is 567
I1012 16:21:25.810039 18576 naive_actor.cpp:25] actor 1099614388324 switch to &NaiveActor::HandlerNormal
I1012 16:21:25.810099 18576 thread.cpp:96] Thread 524337 construct Actor kTick 1099614388324
I1012 16:21:25.810129 18593 naive_actor.cpp:25] actor 2207613190182 switch to &NaiveActor::HandlerNormal
I1012 16:21:25.810163 18576 runtime_context.cpp:29] DecreaseCounter constructing_actor_cnt, current val is 566
I1012 16:21:25.810199 18593 thread.cpp:96] Thread 1052672 construct Actor kNormalForward 2207613190182
I1012 16:21:25.810307 18593 runtime_context.cpp:29] DecreaseCounter constructing_actor_cnt, current val is 565
I1012 16:21:25.810591 18576 naive_actor.cpp:25] actor 1099614388321 switch to &NaiveActor::HandlerNormal
I1012 16:21:25.810652 18576 thread.cpp:96] Thread 524337 construct Actor kTick 1099614388321
I1012 16:21:25.810658 18593 naive_actor.cpp:25] actor 2207613190162 switch to &NaiveActor::HandlerNormal
I1012 16:21:25.810786 18587 naive_actor.cpp:25] actor 2199023255588 switch to &NaiveActor::HandlerNormal
I1012 16:21:25.810799 18593 thread.cpp:96] Thread 1052672 construct Actor kNormalForward 2207613190162
I1012 16:21:25.810729 18576 runtime_context.cpp:29] DecreaseCounter constructing_actor_cnt, current val is 564
I1012 16:21:25.810847 18587 thread.cpp:96] Thread 1048576 construct Actor kNormalForward 2199023255588
I1012 16:21:25.810909 18593 runtime_context.cpp:29] DecreaseCounter constructing_actor_cnt, current val is 563
I1012 16:21:25.811038 18587 runtime_context.cpp:29] DecreaseCounter constructing_actor_cnt, current val is 562
I1012 16:21:25.811204 18576 naive_actor.cpp:25] actor 1099614388322 switch to &NaiveActor::HandlerNormal
I1012 16:21:25.811250 18576 thread.cpp:96] Thread 524337 construct Actor kTick 1099614388322
I1012 16:21:25.811307 18576 runtime_context.cpp:29] DecreaseCounter constructing_actor_cnt, current val is 561
I1012 16:21:25.811460 18587 naive_actor.cpp:25] actor 2199023255554 switch to &NaiveActor::HandlerNormal
I1012 16:21:25.811517 18587 thread.cpp:96] Thread 1048576 construct Actor kNormalForward 2199023255554
I1012 16:21:25.811584 18587 runtime_context.cpp:29] DecreaseCounter constructing_actor_cnt, current val is 560
I1012 16:21:25.811671 18576 naive_actor.cpp:25] actor 1099614388319 switch to &NaiveActor::HandlerNormal
I1012 16:21:25.811719 18576 thread.cpp:96] Thread 524337 construct Actor kTick 1099614388319
I1012 16:21:25.811785 18576 runtime_context.cpp:29] DecreaseCounter constructing_actor_cnt, current val is 559
I1012 16:21:25.812041 18593 naive_actor.cpp:25] actor 2207613190168 switch to &NaiveActor::HandlerNormal
I1012 16:21:25.812096 18593 thread.cpp:96] Thread 1052672 construct Actor kNormalForward 2207613190168
I1012 16:21:25.812127 18576 naive_actor.cpp:25] actor 1099614388325 switch to &NaiveActor::HandlerNormal
I1012 16:21:25.812170 18576 thread.cpp:96] Thread 524337 construct Actor kTick 1099614388325
I1012 16:21:25.812182 18593 runtime_context.cpp:29] DecreaseCounter constructing_actor_cnt, current val is 558
I1012 16:21:25.812227 18576 runtime_context.cpp:29] DecreaseCounter constructing_actor_cnt, current val is 557
I1012 16:21:25.812518 18576 naive_actor.cpp:25] actor 1099614388328 switch to &NaiveActor::HandlerNormal
I1012 16:21:25.812561 18576 thread.cpp:96] Thread 524337 construct Actor kTick 1099614388328
I1012 16:21:25.812619 18576 runtime_context.cpp:29] DecreaseCounter constructing_actor_cnt, current val is 556
I1012 16:21:25.812629 18587 naive_actor.cpp:25] actor 2199023255611 switch to &NaiveActor::HandlerNormal
I1012 16:21:25.812695 18587 thread.cpp:96] Thread 1048576 construct Actor kNormalForward 2199023255611
I1012 16:21:25.812768 18587 runtime_context.cpp:29] DecreaseCounter constructing_actor_cnt, current val is 555
I1012 16:21:25.812958 18576 naive_actor.cpp:25] actor 1099614388307 switch to &NaiveActor::HandlerNormal
I1012 16:21:25.813002 18576 thread.cpp:96] Thread 524337 construct Actor kTick 1099614388307
I1012 16:21:25.813062 18576 runtime_context.cpp:29] DecreaseCounter constructing_actor_cnt, current val is 554
I1012 16:21:25.813335 18576 naive_actor.cpp:25] actor 1099614388301 switch to &NaiveActor::HandlerNormal
I1012 16:21:25.813385 18576 thread.cpp:96] Thread 524337 construct Actor kTick 1099614388301
I1012 16:21:25.813455 18576 runtime_context.cpp:29] DecreaseCounter constructing_actor_cnt, current val is 553
I1012 16:21:25.813637 18593 naive_actor.cpp:25] actor 2207613190160 switch to &NaiveActor::HandlerNormal
I1012 16:21:25.813690 18593 thread.cpp:96] Thread 1052672 construct Actor kNormalForward 2207613190160
I1012 16:21:25.813752 18576 naive_actor.cpp:25] actor 1099614388329 switch to &NaiveActor::HandlerNormal
I1012 16:21:25.813766 18593 runtime_context.cpp:29] DecreaseCounter constructing_actor_cnt, current val is 552
I1012 16:21:25.813796 18576 thread.cpp:96] Thread 524337 construct Actor kTick 1099614388329
I1012 16:21:25.813905 18576 runtime_context.cpp:29] DecreaseCounter constructing_actor_cnt, current val is 551
I1012 16:21:25.813987 18587 naive_actor.cpp:25] actor 2199023255568 switch to &NaiveActor::HandlerNormal
I1012 16:21:25.814066 18587 thread.cpp:96] Thread 1048576 construct Actor kNormalForward 2199023255568
I1012 16:21:25.814155 18587 runtime_context.cpp:29] DecreaseCounter constructing_actor_cnt, current val is 550
I1012 16:21:25.814322 18576 naive_actor.cpp:25] actor 1099614388317 switch to &NaiveActor::HandlerNormal
I1012 16:21:25.814370 18576 thread.cpp:96] Thread 524337 construct Actor kTick 1099614388317
I1012 16:21:25.814443 18576 runtime_context.cpp:29] DecreaseCounter constructing_actor_cnt, current val is 549
I1012 16:21:25.814779 18576 naive_actor.cpp:25] actor 1099614388311 switch to &NaiveActor::HandlerNormal
I1012 16:21:25.814824 18576 thread.cpp:96] Thread 524337 construct Actor kTick 1099614388311
I1012 16:21:25.814877 18593 naive_actor.cpp:25] actor 2207613190223 switch to &NaiveActor::HandlerNormal
I1012 16:21:25.814883 18576 runtime_context.cpp:29] DecreaseCounter constructing_actor_cnt, current val is 548
I1012 16:21:25.814922 18593 thread.cpp:96] Thread 1052672 construct Actor kNormalForward 2207613190223
I1012 16:21:25.815019 18593 runtime_context.cpp:29] DecreaseCounter constructing_actor_cnt, current val is 547
I1012 16:21:25.815199 18587 naive_actor.cpp:25] actor 2199023255578 switch to &NaiveActor::HandlerNormal
I1012 16:21:25.815274 18587 thread.cpp:96] Thread 1048576 construct Actor kNormalForward 2199023255578
I1012 16:21:25.815295 18576 naive_actor.cpp:25] actor 1099614388333 switch to &NaiveActor::HandlerNormal
I1012 16:21:25.815344 18576 thread.cpp:96] Thread 524337 construct Actor kTick 1099614388333
I1012 16:21:25.815353 18587 runtime_context.cpp:29] DecreaseCounter constructing_actor_cnt, current val is 546
I1012 16:21:25.815403 18576 runtime_context.cpp:29] DecreaseCounter constructing_actor_cnt, current val is 545
I1012 16:21:25.815708 18576 naive_actor.cpp:25] actor 1099614388327 switch to &NaiveActor::HandlerNormal
I1012 16:21:25.815753 18576 thread.cpp:96] Thread 524337 construct Actor kTick 1099614388327
I1012 16:21:25.815822 18576 runtime_context.cpp:29] DecreaseCounter constructing_actor_cnt, current val is 544
I1012 16:21:25.815874 18593 naive_actor.cpp:25] actor 2207613190184 switch to &NaiveActor::HandlerNormal
I1012 16:21:25.815914 18593 thread.cpp:96] Thread 1052672 construct Actor kNormalForward 2207613190184
I1012 16:21:25.815997 18593 runtime_context.cpp:29] DecreaseCounter constructing_actor_cnt, current val is 543
I1012 16:21:25.816241 18576 naive_actor.cpp:25] actor 1099614388331 switch to &NaiveActor::HandlerNormal
I1012 16:21:25.816288 18576 thread.cpp:96] Thread 524337 construct Actor kTick 1099614388331
I1012 16:21:25.816354 18576 runtime_context.cpp:29] DecreaseCounter constructing_actor_cnt, current val is 542
I1012 16:21:25.816457 18587 naive_actor.cpp:25] actor 2199023255637 switch to &NaiveActor::HandlerNormal
I1012 16:21:25.816545 18587 thread.cpp:96] Thread 1048576 construct Actor kNormalForward 2199023255637
I1012 16:21:25.816627 18587 runtime_context.cpp:29] DecreaseCounter constructing_actor_cnt, current val is 541
I1012 16:21:25.816900 18576 esac_actor.cpp:73] actor 1099614388334 switch to &EsacActor::HandlerNormal
I1012 16:21:25.816951 18576 thread.cpp:96] Thread 524337 construct Actor kEsac 1099614388334
I1012 16:21:25.817018 18576 runtime_context.cpp:29] DecreaseCounter constructing_actor_cnt, current val is 540
I1012 16:21:25.817078 18593 naive_actor.cpp:25] actor 2207613190247 switch to &NaiveActor::HandlerNormal
I1012 16:21:25.817121 18593 thread.cpp:96] Thread 1052672 construct Actor kNormalForward 2207613190247
I1012 16:21:25.817178 18593 runtime_context.cpp:29] DecreaseCounter constructing_actor_cnt, current val is 539
I1012 16:21:25.817200 18587 naive_actor.cpp:25] actor 2199023255591 switch to &NaiveActor::HandlerNormal
I1012 16:21:25.817248 18587 thread.cpp:96] Thread 1048576 construct Actor kNormalForward 2199023255591
I1012 16:21:25.817320 18587 runtime_context.cpp:29] DecreaseCounter constructing_actor_cnt, current val is 538
I1012 16:21:25.817493 18576 naive_actor.cpp:25] actor 1099614388309 switch to &NaiveActor::HandlerNormal
I1012 16:21:25.817589 18576 thread.cpp:96] Thread 524337 construct Actor kTick 1099614388309
I1012 16:21:25.817693 18576 runtime_context.cpp:29] DecreaseCounter constructing_actor_cnt, current val is 537
I1012 16:21:25.817987 18576 naive_actor.cpp:25] actor 1099614388308 switch to &NaiveActor::HandlerNormal
I1012 16:21:25.818032 18576 thread.cpp:96] Thread 524337 construct Actor kTick 1099614388308
I1012 16:21:25.818089 18576 runtime_context.cpp:29] DecreaseCounter constructing_actor_cnt, current val is 536
I1012 16:21:25.818145 18593 naive_actor.cpp:25] actor 2207613190208 switch to &NaiveActor::HandlerNormal
I1012 16:21:25.818187 18593 thread.cpp:96] Thread 1052672 construct Actor kNormalForward 2207613190208
I1012 16:21:25.818243 18593 runtime_context.cpp:29] DecreaseCounter constructing_actor_cnt, current val is 535
I1012 16:21:25.818455 18576 naive_actor.cpp:25] actor 1099614388332 switch to &NaiveActor::HandlerNormal
I1012 16:21:25.818498 18576 thread.cpp:96] Thread 524337 construct Actor kTick 1099614388332
I1012 16:21:25.818562 18576 runtime_context.cpp:29] DecreaseCounter constructing_actor_cnt, current val is 534
I1012 16:21:25.818677 18587 naive_actor.cpp:25] actor 2199023255628 switch to &NaiveActor::HandlerNormal
I1012 16:21:25.818732 18587 thread.cpp:96] Thread 1048576 construct Actor kNormalForward 2199023255628
I1012 16:21:25.818822 18587 runtime_context.cpp:29] DecreaseCounter constructing_actor_cnt, current val is 533
I1012 16:21:25.818949 18576 naive_actor.cpp:25] actor 1099614388304 switch to &NaiveActor::HandlerNormal
I1012 16:21:25.818994 18576 thread.cpp:96] Thread 524337 construct Actor kTick 1099614388304
I1012 16:21:25.819052 18576 runtime_context.cpp:29] DecreaseCounter constructing_actor_cnt, current val is 532
I1012 16:21:25.819144 18593 naive_actor.cpp:25] actor 2207613190271 switch to &NaiveActor::HandlerNormal
I1012 16:21:25.819200 18593 thread.cpp:96] Thread 1052672 construct Actor kNormalForward 2207613190271
I1012 16:21:25.819216 18587 naive_actor.cpp:25] actor 2199023255579 switch to &NaiveActor::HandlerNormal
I1012 16:21:25.819278 18593 runtime_context.cpp:29] DecreaseCounter constructing_actor_cnt, current val is 531
I1012 16:21:25.819283 18587 thread.cpp:96] Thread 1048576 construct Actor kNormalForward 2199023255579
I1012 16:21:25.819381 18587 runtime_context.cpp:29] DecreaseCounter constructing_actor_cnt, current val is 530
I1012 16:21:25.819412 18576 naive_actor.cpp:25] actor 1099614388330 switch to &NaiveActor::HandlerNormal
I1012 16:21:25.819459 18576 thread.cpp:96] Thread 524337 construct Actor kTick 1099614388330
I1012 16:21:25.819519 18576 runtime_context.cpp:29] DecreaseCounter constructing_actor_cnt, current val is 529
I1012 16:21:25.819810 18576 naive_actor.cpp:25] actor 1099614388314 switch to &NaiveActor::HandlerNormal
I1012 16:21:25.819857 18576 thread.cpp:96] Thread 524337 construct Actor kTick 1099614388314
I1012 16:21:25.819917 18576 runtime_context.cpp:29] DecreaseCounter constructing_actor_cnt, current val is 528
I1012 16:21:25.820214 18576 naive_actor.cpp:25] actor 1099614388310 switch to &NaiveActor::HandlerNormal
I1012 16:21:25.820257 18576 thread.cpp:96] Thread 524337 construct Actor kTick 1099614388310
I1012 16:21:25.820314 18576 runtime_context.cpp:29] DecreaseCounter constructing_actor_cnt, current val is 527
I1012 16:21:25.820366 18587 naive_actor.cpp:25] actor 2199023255629 switch to &NaiveActor::HandlerNormal
I1012 16:21:25.820415 18587 thread.cpp:96] Thread 1048576 construct Actor kNormalForward 2199023255629
I1012 16:21:25.820500 18587 runtime_context.cpp:29] DecreaseCounter constructing_actor_cnt, current val is 526
I1012 16:21:25.820679 18593 naive_actor.cpp:25] actor 2207613190295 switch to &NaiveActor::HandlerNormal
I1012 16:21:25.820732 18593 thread.cpp:96] Thread 1052672 construct Actor kNormalForward 2207613190295
I1012 16:21:25.820819 18593 runtime_context.cpp:29] DecreaseCounter constructing_actor_cnt, current val is 525
I1012 16:21:25.821151 18593 naive_actor.cpp:25] actor 2207613190199 switch to &NaiveActor::HandlerNormal
I1012 16:21:25.821257 18593 thread.cpp:96] Thread 1052672 construct Actor kNormalForward 2207613190199
I1012 16:21:25.821362 18593 runtime_context.cpp:29] DecreaseCounter constructing_actor_cnt, current val is 524
I1012 16:21:25.821599 18587 naive_actor.cpp:25] actor 2199023255632 switch to &NaiveActor::HandlerNormal
I1012 16:21:25.821650 18587 thread.cpp:96] Thread 1048576 construct Actor kNormalForward 2199023255632
I1012 16:21:25.821727 18587 runtime_context.cpp:29] DecreaseCounter constructing_actor_cnt, current val is 523
I1012 16:21:25.821735 18593 naive_actor.cpp:25] actor 2207613190197 switch to &NaiveActor::HandlerNormal
I1012 16:21:25.821810 18593 thread.cpp:96] Thread 1052672 construct Actor kNormalForward 2207613190197
I1012 16:21:25.821877 18593 runtime_context.cpp:29] DecreaseCounter constructing_actor_cnt, current val is 522
I1012 16:21:25.822625 18593 naive_actor.cpp:25] actor 2207613190201 switch to &NaiveActor::HandlerNormal
I1012 16:21:25.822628 18587 naive_actor.cpp:25] actor 2199023255630 switch to &NaiveActor::HandlerNormal
I1012 16:21:25.822685 18593 thread.cpp:96] Thread 1052672 construct Actor kNormalForward 2207613190201
I1012 16:21:25.822726 18587 thread.cpp:96] Thread 1048576 construct Actor kNormalForward 2199023255630
I1012 16:21:25.822793 18593 runtime_context.cpp:29] DecreaseCounter constructing_actor_cnt, current val is 521
I1012 16:21:25.822826 18587 runtime_context.cpp:29] DecreaseCounter constructing_actor_cnt, current val is 520
I1012 16:21:25.823160 18593 naive_actor.cpp:25] actor 2207613190183 switch to &NaiveActor::HandlerNormal
I1012 16:21:25.823208 18593 thread.cpp:96] Thread 1052672 construct Actor kNormalForward 2207613190183
I1012 16:21:25.823276 18593 runtime_context.cpp:29] DecreaseCounter constructing_actor_cnt, current val is 519
I1012 16:21:25.823614 18593 naive_actor.cpp:25] actor 2207613190190 switch to &NaiveActor::HandlerNormal
I1012 16:21:25.823652 18587 naive_actor.cpp:25] actor 2199023255654 switch to &NaiveActor::HandlerNormal
I1012 16:21:25.823662 18593 thread.cpp:96] Thread 1052672 construct Actor kNormalForward 2207613190190
I1012 16:21:25.823699 18587 thread.cpp:96] Thread 1048576 construct Actor kNormalForward 2199023255654
I1012 16:21:25.823765 18593 runtime_context.cpp:29] DecreaseCounter constructing_actor_cnt, current val is 518
I1012 16:21:25.823801 18587 runtime_context.cpp:29] DecreaseCounter constructing_actor_cnt, current val is 517
I1012 16:21:25.824517 18593 naive_actor.cpp:25] actor 2207613190187 switch to &NaiveActor::HandlerNormal
I1012 16:21:25.824566 18593 thread.cpp:96] Thread 1052672 construct Actor kNormalForward 2207613190187
I1012 16:21:25.824640 18593 runtime_context.cpp:29] DecreaseCounter constructing_actor_cnt, current val is 516
I1012 16:21:25.824740 18587 naive_actor.cpp:25] actor 2199023255643 switch to &NaiveActor::HandlerNormal
I1012 16:21:25.824790 18587 thread.cpp:96] Thread 1048576 construct Actor kNormalForward 2199023255643
I1012 16:21:25.824864 18587 runtime_context.cpp:29] DecreaseCounter constructing_actor_cnt, current val is 515
I1012 16:21:25.825448 18593 naive_actor.cpp:25] actor 2207613190218 switch to &NaiveActor::HandlerNormal
I1012 16:21:25.825500 18593 thread.cpp:96] Thread 1052672 construct Actor kNormalForward 2207613190218
I1012 16:21:25.825570 18593 runtime_context.cpp:29] DecreaseCounter constructing_actor_cnt, current val is 514
I1012 16:21:25.825886 18587 naive_actor.cpp:25] actor 2199023255623 switch to &NaiveActor::HandlerNormal
I1012 16:21:25.825934 18587 thread.cpp:96] Thread 1048576 construct Actor kNormalForward 2199023255623
I1012 16:21:25.826007 18587 runtime_context.cpp:29] DecreaseCounter constructing_actor_cnt, current val is 513
I1012 16:21:25.826478 18593 naive_actor.cpp:25] actor 2207613190172 switch to &NaiveActor::HandlerNormal
I1012 16:21:25.826535 18593 thread.cpp:96] Thread 1052672 construct Actor kNormalForward 2207613190172
I1012 16:21:25.826606 18593 runtime_context.cpp:29] DecreaseCounter constructing_actor_cnt, current val is 512
I1012 16:21:25.826901 18587 naive_actor.cpp:25] actor 2199023255642 switch to &NaiveActor::HandlerNormal
I1012 16:21:25.826957 18587 thread.cpp:96] Thread 1048576 construct Actor kNormalForward 2199023255642
I1012 16:21:25.827035 18587 runtime_context.cpp:29] DecreaseCounter constructing_actor_cnt, current val is 511
I1012 16:21:25.827723 18593 naive_actor.cpp:25] actor 2207613190198 switch to &NaiveActor::HandlerNormal
I1012 16:21:25.827777 18593 thread.cpp:96] Thread 1052672 construct Actor kNormalForward 2207613190198
I1012 16:21:25.828770 18593 runtime_context.cpp:29] DecreaseCounter constructing_actor_cnt, current val is 510
I1012 16:21:25.829727 18593 naive_actor.cpp:25] actor 2207613190235 switch to &NaiveActor::HandlerNormal
I1012 16:21:25.829783 18593 thread.cpp:96] Thread 1052672 construct Actor kNormalForward 2207613190235
I1012 16:21:25.829862 18587 naive_actor.cpp:25] actor 2199023255571 switch to &NaiveActor::HandlerNormal
I1012 16:21:25.829874 18593 runtime_context.cpp:29] DecreaseCounter constructing_actor_cnt, current val is 509
I1012 16:21:25.829916 18587 thread.cpp:96] Thread 1048576 construct Actor kNormalForward 2199023255571
I1012 16:21:25.830026 18587 runtime_context.cpp:29] DecreaseCounter constructing_actor_cnt, current val is 508
I1012 16:21:25.830950 18587 naive_actor.cpp:25] actor 2199023255585 switch to &NaiveActor::HandlerNormal
I1012 16:21:25.830950 18593 naive_actor.cpp:25] actor 2207613190220 switch to &NaiveActor::HandlerNormal
I1012 16:21:25.831003 18587 thread.cpp:96] Thread 1048576 construct Actor kNormalForward 2199023255585
