Log file created at: 2021/10/14 11:28:36
Running on machine: oneflow-14
Log line format: [IWEF]mmdd hh:mm:ss.uuuuuu threadid file:line] msg
I1014 11:28:36.143322   553 global.h:36] NewGlobal 14cudaDeviceProp
I1014 11:28:36.144824   553 global.h:36] NewGlobal N7oneflow7EnvDescE
I1014 11:28:36.144845   553 global.h:36] NewGlobal N7oneflow10ProcessCtxE
I1014 11:28:36.144853   553 env_global_objects_scope.cpp:152] using rpc backend: local
I1014 11:28:36.144932   553 global.h:36] NewGlobal N7oneflow12ResourceDescE
I1014 11:28:36.144948   553 global.h:36] NewGlobal N7oneflow12ResourceDescE
I1014 11:28:36.233606   553 global.h:36] NewGlobal N7oneflow10ThreadPoolE
I1014 11:28:36.235128   553 global.h:36] NewGlobal N7oneflow16EagerNcclCommMgrE
I1014 11:28:36.235149   553 global.h:36] NewGlobal N7oneflow18CudnnConvAlgoCacheE
I1014 11:28:36.235159   553 global.h:36] NewGlobal N7oneflow2vm19VirtualMachineScopeE
I1014 11:28:36.235170   553 global.h:36] NewGlobal N7oneflow9OneflowVME
I1014 11:28:36.236361   553 oneflow_vm.cpp:75] transport stream type: N7oneflow2vm13CpuStreamTypeE
I1014 11:28:36.236383   553 oneflow_vm.cpp:75] transport stream type: N7oneflow2vm14CudaStreamTypeE
I1014 11:28:36.236393   553 oneflow_vm.cpp:75] transport stream type: N7oneflow2vm19AsyncCudaStreamTypeE
I1014 11:28:36.236574   553 global.h:36] NewGlobal N7oneflow27EagerJobBuildAndInferCtxMgrE
I1014 11:28:36.236594   553 global.h:36] NewGlobal N7oneflow12EpollCommNetE
I1014 11:28:36.236769   553 epoll_comm_network.cpp:63] CommNet:Epoll listening on 0.0.0.0:40778
I1014 11:28:36.236815   553 epoll_comm_network.cpp:197] machine 0 sockfd -1
I1014 11:28:36.236968   553 global.h:36] NewGlobal N7oneflow9TransportE
I1014 11:28:36.239277   553 global.h:43] DeleteGlobal N7oneflow12ResourceDescE
I1014 11:28:36.239313   553 version.cpp:22] OneFlow git version: b295ca2324
I1014 11:28:36.239333   553 device_register_gpu.cpp:56] CUDA runtime version: 11.2
I1014 11:28:36.239364   553 device_register_gpu.cpp:65] cuDNN version: 8.1.1
I1014 11:28:36.239378   553 device_register_gpu.cpp:78] NCCL version: 2.9.8
I1014 11:28:36.239389   553 global.h:36] NewGlobal N7oneflow12ResourceDescE
I1014 11:28:36.239399   553 global.h:36] NewGlobal N7oneflow5IDMgrE
I1014 11:28:36.239409   553 global.h:36] NewGlobal N7oneflow16AvailableMemDescE
I1014 11:28:36.239439   553 global.h:36] NewGlobal St13unordered_mapISslSt4hashISsESt8equal_toISsESaISt4pairIKSslEEE
I1014 11:28:36.239447   553 global.h:36] NewGlobal N7oneflow19CriticalSectionDescE
I1014 11:28:36.239455   553 global.h:36] NewGlobal N7oneflow16InterUserJobInfoE
I1014 11:28:36.239465   553 global.h:36] NewGlobal N7oneflow26LazyJobBuildAndInferCtxMgrE
I1014 11:28:36.239475   553 global.h:36] NewGlobal N7oneflow16JobSetCompileCtxE
I1014 11:28:36.239485   553 global.h:36] NewGlobal N7oneflow26RuntimeBufferManagersScopeE
I1014 11:28:36.239493   553 global.h:36] NewGlobal N7oneflow9BufferMgrIlEE
I1014 11:28:36.239503   553 global.h:36] NewGlobal N7oneflow9BufferMgrISt10shared_ptrINS_11JobInstanceEEEE
I1014 11:28:36.239512   553 global.h:36] NewGlobal N7oneflow10RuntimeCtxE
I1014 11:28:36.239521   553 global.h:36] NewGlobal N7oneflow15MemoryAllocatorE
I1014 11:28:36.239528   553 global.h:36] NewGlobal N7oneflow8ChunkMgrE
I1014 11:28:36.239537   553 global.h:36] NewGlobal N7oneflow8RegstMgrE
I1014 11:28:36.239545   553 global.h:36] NewGlobal N7oneflow11ActorMsgBusE
I1014 11:28:36.239553   553 global.h:36] NewGlobal N7oneflow9ThreadMgrE
I1014 11:28:36.239562   553 global.h:36] NewGlobal N7oneflow15RuntimeJobDescsE
I1014 11:28:36.239581   553 global.h:36] NewGlobal N7oneflow7summary12EventsWriterE
I1014 11:28:36.239593   553 global.h:36] NewGlobal N7oneflow6boxing10collective24CollectiveBoxingExecutorE
I1014 11:28:36.239603   553 global.h:36] NewGlobal N7oneflow6boxing10collective31CollectiveBoxingDeviceCtxPollerE
I1014 11:28:36.239768   553 session.h:77] NewGlobal N7oneflow25SessionGlobalObjectsScopeE
I1014 11:28:36.240732   553 global.h:36] NewGlobal N7oneflow7JobDescE
I1014 11:28:36.873476   553 global.h:43] DeleteGlobal N7oneflow7JobDescE
I1014 11:28:36.873718   553 global.h:36] NewGlobal N7oneflow7JobDescE
I1014 11:28:36.877957   553 global.h:36] NewGlobal N7oneflow7OpGraphE
I1014 11:28:36.887305   553 global.h:43] DeleteGlobal N7oneflow7OpGraphE
I1014 11:28:37.206997   553 global.h:43] DeleteGlobal N7oneflow7JobDescE
I1014 11:28:37.225900   553 global.h:36] NewGlobal N7oneflow24InterJobReuseMemStrategyE
I1014 11:28:37.225925   553 global.h:36] NewGlobal N7oneflow7OneflowE
I1014 11:28:37.239490   553 global.h:36] NewGlobal N7oneflow7JobDescE
I1014 11:28:37.510272   553 insert_nccl_logical_op_pass.cpp:663]  Try insert nccl logical ops into job: train_job. Begin...
I1014 11:28:37.510957   553 insert_nccl_logical_op_pass.cpp:432]  insert nccl op: System-NCCL-Logical-S2S-116 from: [Gather_12](order=6, nd_sbp=[S(2)])->[Reshape_14](order=8, nd_sbp=[S(0)]) and before: [Reshape_8](order=7)
I1014 11:28:37.511091   553 insert_nccl_logical_op_pass.cpp:432]  insert nccl op: System-NCCL-Logical-P2S-117 from: [ReduceSum_9](order=9, nd_sbp=[P])->[AddN_23](order=48, nd_sbp=[S(0)]) and before: [Concat_15](order=10)
I1014 11:28:37.511638   553 insert_nccl_logical_op_pass.cpp:432]  insert nccl op: System-NCCL-Logical-S2B-118 from: [SigmoidCrossEntropy_24_grad](order=52, nd_sbp=[S(0)])->[ReduceSum_9_grad](order=57, nd_sbp=[B]) and before: [ScalarMul_26](order=53)
I1014 11:28:37.511721   553 insert_nccl_logical_op_pass.cpp:432]  insert nccl op: System-NCCL-Logical-P2B-119 from: [deep_scores-matmul_grad_b](order=54, nd_sbp=[P])->[System-ModelDiffScale-ScalarMul_66](order=58, nd_sbp=[B]) and before: [deep_scores-matmul_grad_a](order=55)
I1014 11:28:37.511792   553 insert_nccl_logical_op_pass.cpp:432]  insert nccl op: System-NCCL-Logical-P2B-120 from: [deep_scores-bias_add_grad](order=56, nd_sbp=[P])->[System-ModelDiffScale-ScalarMul_78](order=61, nd_sbp=[B]) and before: [ReduceSum_9_grad](order=57)
I1014 11:28:37.511914   553 insert_nccl_logical_op_pass.cpp:432]  insert nccl op: System-NCCL-Logical-P2B-121 from: [fc6-matmul_grad_b](order=66, nd_sbp=[P])->[System-ModelDiffScale-ScalarMul_70](order=70, nd_sbp=[B]) and before: [fc6-bias_add_grad](order=67)
I1014 11:28:37.511973   553 insert_nccl_logical_op_pass.cpp:432]  insert nccl op: System-NCCL-Logical-P2B-122 from: [fc6-bias_add_grad](order=67, nd_sbp=[P])->[System-ModelDiffScale-ScalarMul_69](order=71, nd_sbp=[B]) and before: [fc6-matmul_grad_a](order=68)
I1014 11:28:37.512092   553 insert_nccl_logical_op_pass.cpp:432]  insert nccl op: System-NCCL-Logical-P2B-123 from: [fc5-matmul_grad_b](order=77, nd_sbp=[P])->[System-ModelDiffScale-ScalarMul_68](order=80, nd_sbp=[B]) and before: [fc5-bias_add_grad](order=78)
I1014 11:28:37.512156   553 insert_nccl_logical_op_pass.cpp:432]  insert nccl op: System-NCCL-Logical-P2B-124 from: [fc5-bias_add_grad](order=78, nd_sbp=[P])->[System-ModelDiffScale-ScalarMul_71](order=81, nd_sbp=[B]) and before: [fc5-matmul_grad_a](order=79)
I1014 11:28:37.512262   553 insert_nccl_logical_op_pass.cpp:432]  insert nccl op: System-NCCL-Logical-P2B-125 from: [fc4-matmul_grad_b](order=86, nd_sbp=[P])->[System-ModelDiffScale-ScalarMul_74](order=89, nd_sbp=[B]) and before: [fc4-bias_add_grad](order=87)
I1014 11:28:37.512322   553 insert_nccl_logical_op_pass.cpp:432]  insert nccl op: System-NCCL-Logical-P2B-126 from: [fc4-bias_add_grad](order=87, nd_sbp=[P])->[System-ModelDiffScale-ScalarMul_79](order=90, nd_sbp=[B]) and before: [fc4-matmul_grad_a](order=88)
I1014 11:28:37.512425   553 insert_nccl_logical_op_pass.cpp:432]  insert nccl op: System-NCCL-Logical-P2B-127 from: [fc3-matmul_grad_b](order=95, nd_sbp=[P])->[System-ModelDiffScale-ScalarMul_67](order=98, nd_sbp=[B]) and before: [fc3-bias_add_grad](order=96)
I1014 11:28:37.512482   553 insert_nccl_logical_op_pass.cpp:432]  insert nccl op: System-NCCL-Logical-P2B-128 from: [fc3-bias_add_grad](order=96, nd_sbp=[P])->[System-ModelDiffScale-ScalarMul_82](order=99, nd_sbp=[B]) and before: [fc3-matmul_grad_a](order=97)
I1014 11:28:37.512588   553 insert_nccl_logical_op_pass.cpp:432]  insert nccl op: System-NCCL-Logical-P2B-129 from: [fc2-matmul_grad_b](order=104, nd_sbp=[P])->[System-ModelDiffScale-ScalarMul_77](order=107, nd_sbp=[B]) and before: [fc2-bias_add_grad](order=105)
I1014 11:28:37.512722   553 insert_nccl_logical_op_pass.cpp:432]  insert nccl op: System-NCCL-Logical-P2B-130 from: [fc2-bias_add_grad](order=105, nd_sbp=[P])->[System-ModelDiffScale-ScalarMul_73](order=108, nd_sbp=[B]) and before: [fc2-matmul_grad_a](order=106)
I1014 11:28:37.512862   553 insert_nccl_logical_op_pass.cpp:432]  insert nccl op: System-NCCL-Logical-P2B-131 from: [fc1-bias_add_grad](order=113, nd_sbp=[P])->[System-ModelDiffScale-ScalarMul_65](order=116, nd_sbp=[B]) and before: [fc1-matmul_grad_b](order=114)
I1014 11:28:37.512923   553 insert_nccl_logical_op_pass.cpp:432]  insert nccl op: System-NCCL-Logical-P2B-132 from: [fc1-matmul_grad_b](order=114, nd_sbp=[P])->[System-ModelDiffScale-ScalarMul_81](order=117, nd_sbp=[B]) and before: [fc1-matmul_grad_a](order=115)
I1014 11:28:37.513027   553 insert_nccl_logical_op_pass.cpp:432]  insert nccl op: System-NCCL-Logical-P2B-133 from: [fc0-matmul_grad_b](order=122, nd_sbp=[P])->[System-ModelDiffScale-ScalarMul_75](order=125, nd_sbp=[B]) and before: [fc0-bias_add_grad](order=123)
I1014 11:28:37.513084   553 insert_nccl_logical_op_pass.cpp:432]  insert nccl op: System-NCCL-Logical-P2B-134 from: [fc0-bias_add_grad](order=123, nd_sbp=[P])->[System-ModelDiffScale-ScalarMul_72](order=126, nd_sbp=[B]) and before: [fc0-matmul_grad_a](order=124)
I1014 11:28:37.513185   553 insert_nccl_logical_op_pass.cpp:432]  insert nccl op: System-NCCL-Logical-S2S-135 from: [Reshape_14_grad](order=130, nd_sbp=[S(0)])->[Gather_12_grad](order=131, nd_sbp=[S(2)]) and before: [Gather_12_grad](order=131)
I1014 11:28:37.513231   553 insert_nccl_logical_op_pass.cpp:699]  Try insert nccl logical ops into job: train_job. ...End

I1014 11:28:37.573081   553 global.h:36] NewGlobal N7oneflow7OpGraphE
I1014 11:28:37.705785   553 global.h:43] DeleteGlobal N7oneflow7OpGraphE
I1014 11:28:37.720115   553 oneflow.cpp:210] 
job_id: 0 , job_name: train_job , compile time: 0.480516 seconds.
I1014 11:28:37.802163   553 global.h:43] DeleteGlobal N7oneflow7JobDescE
I1014 11:28:37.802481   553 global.h:36] NewGlobal N7oneflow7JobDescE
I1014 11:28:37.850662   553 global.h:36] NewGlobal N7oneflow7OpGraphE
I1014 11:28:37.873409   553 global.h:43] DeleteGlobal N7oneflow7OpGraphE
I1014 11:28:37.878778   553 oneflow.cpp:210] 
job_id: 1 , job_name: System-ModelInit , compile time: 0.0760566 seconds.
I1014 11:28:37.893621   553 global.h:43] DeleteGlobal N7oneflow7JobDescE
I1014 11:28:37.893697   553 global.h:36] NewGlobal N7oneflow7JobDescE
I1014 11:28:37.939316   553 global.h:36] NewGlobal N7oneflow7OpGraphE
I1014 11:28:37.961948   553 global.h:43] DeleteGlobal N7oneflow7OpGraphE
I1014 11:28:37.968431   553 oneflow.cpp:210] 
job_id: 2 , job_name: System-ModelLoad , compile time: 0.074719 seconds.
I1014 11:28:37.994846   553 global.h:43] DeleteGlobal N7oneflow7JobDescE
I1014 11:28:37.994891   553 global.h:36] NewGlobal N7oneflow7JobDescE
I1014 11:28:38.060575   553 global.h:36] NewGlobal N7oneflow7OpGraphE
I1014 11:28:38.083557   553 global.h:43] DeleteGlobal N7oneflow7OpGraphE
I1014 11:28:38.087782   553 oneflow.cpp:210] 
job_id: 3 , job_name: System-ModelSave , compile time: 0.0928476 seconds.
I1014 11:28:38.105644   553 global.h:43] DeleteGlobal N7oneflow7JobDescE
I1014 11:28:38.105677   553 global.h:36] NewGlobal N7oneflow7JobDescE
I1014 11:28:38.117939   553 global.h:36] NewGlobal N7oneflow7OpGraphE
I1014 11:28:38.123800   553 global.h:43] DeleteGlobal N7oneflow7OpGraphE
I1014 11:28:38.126006   553 oneflow.cpp:210] 
job_id: 4 , job_name: System-Pull-Return_27 , compile time: 0.0202819 seconds.
I1014 11:28:38.131219   553 global.h:43] DeleteGlobal N7oneflow7JobDescE
I1014 11:28:38.139592   553 global.h:36] NewGlobal N7oneflow7JobDescE
I1014 11:28:38.139634   553 global.h:36] NewGlobal N7oneflow7OpGraphE
I1014 11:28:38.145965   553 global.h:43] DeleteGlobal N7oneflow7OpGraphE
I1014 11:28:38.149806   553 oneflow.cpp:210] 
job_id: 5 , job_name: MainJob-unamed , compile time: 0.0101839 seconds.
I1014 11:28:38.158387   553 global.h:43] DeleteGlobal N7oneflow7JobDescE
I1014 11:28:38.164992   553 plan_util.cpp:928]  Plan: merged_plan needs to allocate [ 726.482 MiB ] device memory in Rank: 0 , Device: 0
I1014 11:28:38.165043   553 plan_util.cpp:928]  Plan: merged_plan needs to allocate [ 726.481 MiB ] device memory in Rank: 0 , Device: 1
I1014 11:28:38.372395   553 oneflow.cpp:998]  PushPlan merged_plan time: 0.0206451 seconds.
I1014 11:28:38.440625   553 oneflow.cpp:1014]  PullPlan merged_plan time: 0.0612196 seconds.
I1014 11:28:42.444034   553 runtime_context.cpp:21] NewCounter constructing_actor_cnt 811
I1014 11:28:42.445329  1266 naive_actor.cpp:25] actor 2199023255723 switch to &NaiveActor::HandlerNormal
I1014 11:28:42.445492  1266 thread.cpp:96] Thread 1048576 construct Actor kDeviceTick 2199023255723
I1014 11:28:42.445463  1262 naive_actor.cpp:25] actor 1099614388245 switch to &NaiveActor::HandlerNormal
I1014 11:28:42.445603  1275 naive_actor.cpp:25] actor 2207613190315 switch to &NaiveActor::HandlerNormal
I1014 11:28:42.445622  1262 thread.cpp:96] Thread 524337 construct Actor kDeviceTick 1099614388245
I1014 11:28:42.445681  1266 runtime_context.cpp:29] DecreaseCounter constructing_actor_cnt, current val is 810
I1014 11:28:42.445716  1275 thread.cpp:96] Thread 1052672 construct Actor kDeviceTick 2207613190315
I1014 11:28:42.445852  1262 runtime_context.cpp:29] DecreaseCounter constructing_actor_cnt, current val is 809
I1014 11:28:42.445998  1275 runtime_context.cpp:29] DecreaseCounter constructing_actor_cnt, current val is 808
I1014 11:28:42.446111  1263 wait_and_send_ids_actor.cpp:53] actor 1099616485376 switch to &WaitAndSendIdsActor::HandlerWaitToStart
I1014 11:28:42.446149  1266 naive_actor.cpp:25] actor 2199023255782 switch to &NaiveActor::HandlerNormal
I1014 11:28:42.446157  1263 thread.cpp:96] Thread 524338 construct Actor kWaitAndSendIds 1099616485376
I1014 11:28:42.446192  1266 thread.cpp:96] Thread 1048576 construct Actor kDeviceTick 2199023255782
I1014 11:28:42.446193  1262 naive_actor.cpp:25] actor 1099614388235 switch to &NaiveActor::HandlerNormal
I1014 11:28:42.446308  1262 thread.cpp:96] Thread 524337 construct Actor kDeviceTick 1099614388235
I1014 11:28:42.446322  1275 naive_actor.cpp:25] actor 2207613190374 switch to &NaiveActor::HandlerNormal
I1014 11:28:42.446348  1266 runtime_context.cpp:29] DecreaseCounter constructing_actor_cnt, current val is 806
I1014 11:28:42.446331  1263 runtime_context.cpp:29] DecreaseCounter constructing_actor_cnt, current val is 807
I1014 11:28:42.446379  1275 thread.cpp:96] Thread 1052672 construct Actor kDeviceTick 2207613190374
I1014 11:28:42.446419  1262 runtime_context.cpp:29] DecreaseCounter constructing_actor_cnt, current val is 805
I1014 11:28:42.446543  1275 runtime_context.cpp:29] DecreaseCounter constructing_actor_cnt, current val is 804
I1014 11:28:42.446749  1266 naive_actor.cpp:25] actor 2199023255821 switch to &NaiveActor::HandlerNormal
I1014 11:28:42.446831  1275 naive_actor.cpp:25] actor 2207613190413 switch to &NaiveActor::HandlerNormal
I1014 11:28:42.446774  1262 naive_actor.cpp:25] actor 1099614388236 switch to &NaiveActor::HandlerNormal
I1014 11:28:42.446903  1266 thread.cpp:96] Thread 1048576 construct Actor kDeviceTick 2199023255821
I1014 11:28:42.446938  1275 thread.cpp:96] Thread 1052672 construct Actor kDeviceTick 2207613190413
I1014 11:28:42.446974  1262 thread.cpp:96] Thread 524337 construct Actor kDeviceTick 1099614388236
I1014 11:28:42.447080  1266 runtime_context.cpp:29] DecreaseCounter constructing_actor_cnt, current val is 803
I1014 11:28:42.447098  1275 runtime_context.cpp:29] DecreaseCounter constructing_actor_cnt, current val is 802
I1014 11:28:42.447115  1262 runtime_context.cpp:29] DecreaseCounter constructing_actor_cnt, current val is 801
I1014 11:28:42.447410  1262 naive_actor.cpp:25] actor 1099614388234 switch to &NaiveActor::HandlerNormal
I1014 11:28:42.447417  1275 naive_actor.cpp:25] actor 2207613190452 switch to &NaiveActor::HandlerNormal
I1014 11:28:42.447428  1266 naive_actor.cpp:25] actor 2199023255860 switch to &NaiveActor::HandlerNormal
I1014 11:28:42.447464  1262 thread.cpp:96] Thread 524337 construct Actor kDeviceTick 1099614388234
I1014 11:28:42.447491  1275 thread.cpp:96] Thread 1052672 construct Actor kDeviceTick 2207613190452
I1014 11:28:42.447691  1266 thread.cpp:96] Thread 1048576 construct Actor kDeviceTick 2199023255860
I1014 11:28:42.447790  1262 runtime_context.cpp:29] DecreaseCounter constructing_actor_cnt, current val is 800
I1014 11:28:42.447835  1275 runtime_context.cpp:29] DecreaseCounter constructing_actor_cnt, current val is 799
I1014 11:28:42.447846  1266 runtime_context.cpp:29] DecreaseCounter constructing_actor_cnt, current val is 798
I1014 11:28:42.448089  1262 naive_actor.cpp:25] actor 1099614388244 switch to &NaiveActor::HandlerNormal
I1014 11:28:42.448132  1262 thread.cpp:96] Thread 524337 construct Actor kDeviceTick 1099614388244
I1014 11:28:42.448182  1262 runtime_context.cpp:29] DecreaseCounter constructing_actor_cnt, current val is 797
I1014 11:28:42.448431  1262 naive_actor.cpp:25] actor 1099614388255 switch to &NaiveActor::HandlerNormal
I1014 11:28:42.448465  1262 thread.cpp:96] Thread 524337 construct Actor kDeviceTick 1099614388255
I1014 11:28:42.448515  1262 runtime_context.cpp:29] DecreaseCounter constructing_actor_cnt, current val is 796
I1014 11:28:42.448779  1262 naive_actor.cpp:25] actor 1099614388264 switch to &NaiveActor::HandlerNormal
I1014 11:28:42.448813  1262 thread.cpp:96] Thread 524337 construct Actor kDeviceTick 1099614388264
I1014 11:28:42.448865  1262 runtime_context.cpp:29] DecreaseCounter constructing_actor_cnt, current val is 795
I1014 11:28:42.449194  1262 naive_actor.cpp:25] actor 1099614388273 switch to &NaiveActor::HandlerNormal
I1014 11:28:42.449229  1262 thread.cpp:96] Thread 524337 construct Actor kDeviceTick 1099614388273
I1014 11:28:42.449276  1262 runtime_context.cpp:29] DecreaseCounter constructing_actor_cnt, current val is 794
I1014 11:28:42.449522  1262 naive_actor.cpp:25] actor 1099614388290 switch to &NaiveActor::HandlerNormal
I1014 11:28:42.449554  1262 thread.cpp:96] Thread 524337 construct Actor kDeviceTick 1099614388290
I1014 11:28:42.449615  1262 runtime_context.cpp:29] DecreaseCounter constructing_actor_cnt, current val is 793
I1014 11:28:42.449859  1262 naive_actor.cpp:25] actor 1099614388291 switch to &NaiveActor::HandlerNormal
I1014 11:28:42.449893  1262 thread.cpp:96] Thread 524337 construct Actor kDeviceTick 1099614388291
I1014 11:28:42.449942  1262 runtime_context.cpp:29] DecreaseCounter constructing_actor_cnt, current val is 792
I1014 11:28:42.450163  1262 naive_actor.cpp:25] actor 1099614388282 switch to &NaiveActor::HandlerNormal
I1014 11:28:42.450196  1262 thread.cpp:96] Thread 524337 construct Actor kDeviceTick 1099614388282
I1014 11:28:42.450245  1262 runtime_context.cpp:29] DecreaseCounter constructing_actor_cnt, current val is 791
I1014 11:28:42.450487  1262 naive_actor.cpp:25] actor 1099614388293 switch to &NaiveActor::HandlerNormal
I1014 11:28:42.450520  1262 thread.cpp:96] Thread 524337 construct Actor kDeviceTick 1099614388293
I1014 11:28:42.450577  1262 runtime_context.cpp:29] DecreaseCounter constructing_actor_cnt, current val is 790
I1014 11:28:42.464982  1270 naive_actor.cpp:25] actor 2199027449856 switch to &NaiveActor::HandlerNormal
I1014 11:28:42.465132  1262 naive_actor.cpp:25] actor 1099614388243 switch to &NaiveActor::HandlerNormal
I1014 11:28:42.465169  1270 thread.cpp:96] Thread 1048578 construct Actor kCopyHd 2199027449856
I1014 11:28:42.465207  1266 naive_actor.cpp:25] actor 2199023255562 switch to &NaiveActor::HandlerNormal
I1014 11:28:42.465193  1264 sink_actor.cpp:21] actor 1099618582528 switch to &SinkActor::HandlerNormal
I1014 11:28:42.465200  1262 thread.cpp:96] Thread 524337 construct Actor kTick 1099614388243
I1014 11:28:42.465296  1270 runtime_context.cpp:29] DecreaseCounter constructing_actor_cnt, current val is 789
I1014 11:28:42.465339  1268 naive_actor.cpp:25] actor 2199025352705 switch to &NaiveActor::HandlerNormal
I1014 11:28:42.465517  1277 naive_actor.cpp:25] actor 2207615287296 switch to &NaiveActor::HandlerNormal
I1014 11:28:42.465649  1266 thread.cpp:96] Thread 1048576 construct Actor kNormalForward 2199023255562
I1014 11:28:42.465785  1264 thread.cpp:96] Thread 524339 construct Actor kCallbackNotify 1099618582528
I1014 11:28:42.465915  1262 runtime_context.cpp:29] DecreaseCounter constructing_actor_cnt, current val is 788
I1014 11:28:42.466203  1268 thread.cpp:96] Thread 1048577 construct Actor kSliceBoxing 2199025352705
I1014 11:28:42.466495  1277 thread.cpp:96] Thread 1052673 construct Actor kSliceBoxing 2207615287296
I1014 11:28:42.466709  1275 naive_actor.cpp:25] actor 2207613190156 switch to &NaiveActor::HandlerNormal
I1014 11:28:42.466773  1261 naive_actor.cpp:25] actor 1099610193920 switch to &NaiveActor::HandlerNormal
I1014 11:28:42.467226  1189 naive_actor.cpp:25] actor 1099540987904 switch to &NaiveActor::HandlerNormal
I1014 11:28:42.467029  1264 runtime_context.cpp:29] DecreaseCounter constructing_actor_cnt, current val is 786
I1014 11:28:42.467214  1275 thread.cpp:96] Thread 1052672 construct Actor kNormalForward 2207613190156
I1014 11:28:42.467223  1268 runtime_context.cpp:29] DecreaseCounter constructing_actor_cnt, current val is 785
I1014 11:28:42.467733  1275 runtime_context.cpp:29] DecreaseCounter constructing_actor_cnt, current val is 783
I1014 11:28:42.466976  1266 runtime_context.cpp:29] DecreaseCounter constructing_actor_cnt, current val is 787
I1014 11:28:42.467293  1261 thread.cpp:96] Thread 524335 construct Actor kNormalForward 1099610193920
I1014 11:28:42.467998  1186 naive_actor.cpp:25] actor 1099534696448 switch to &NaiveActor::HandlerNormal
I1014 11:28:42.467396  1188 naive_actor.cpp:25] actor 1099538890752 switch to &NaiveActor::HandlerNormal
I1014 11:28:42.467485  1187 naive_actor.cpp:25] actor 1099536793600 switch to &NaiveActor::HandlerNormal
I1014 11:28:42.467543  1197 naive_actor.cpp:25] actor 1099551473664 switch to &NaiveActor::HandlerNormal
I1014 11:28:42.467224  1277 runtime_context.cpp:29] DecreaseCounter constructing_actor_cnt, current val is 784
I1014 11:28:42.467361  1189 thread.cpp:96] Thread 524302 construct Actor kNormalForward 1099540987904
I1014 11:28:42.468098  1186 thread.cpp:96] Thread 524299 construct Actor kNormalForward 1099534696448
I1014 11:28:42.468199  1188 thread.cpp:96] Thread 524301 construct Actor kNormalForward 1099538890752
I1014 11:28:42.468217  1261 runtime_context.cpp:29] DecreaseCounter constructing_actor_cnt, current val is 782
I1014 11:28:42.468273  1187 thread.cpp:96] Thread 524300 construct Actor kNormalForward 1099536793600
I1014 11:28:42.468320  1200 naive_actor.cpp:25] actor 1099555667968 switch to &NaiveActor::HandlerNormal
I1014 11:28:42.468351  1197 thread.cpp:96] Thread 524307 construct Actor kNormalForward 1099551473664
I1014 11:28:42.468585  1190 naive_actor.cpp:25] actor 1099543085056 switch to &NaiveActor::HandlerNormal
I1014 11:28:42.468612  1189 runtime_context.cpp:29] DecreaseCounter constructing_actor_cnt, current val is 781
I1014 11:28:42.468926  1190 thread.cpp:96] Thread 524303 construct Actor kNormalForward 1099543085056
I1014 11:28:42.468686  1186 runtime_context.cpp:29] DecreaseCounter constructing_actor_cnt, current val is 780
I1014 11:28:42.468762  1277 naive_actor.cpp:25] actor 2207615287300 switch to &NaiveActor::HandlerNormal
I1014 11:28:42.468781  1188 runtime_context.cpp:29] DecreaseCounter constructing_actor_cnt, current val is 779
I1014 11:28:42.468802  1200 thread.cpp:96] Thread 524309 construct Actor kNormalForward 1099555667968
I1014 11:28:42.469069  1190 runtime_context.cpp:29] DecreaseCounter constructing_actor_cnt, current val is 776
I1014 11:28:42.468823  1187 runtime_context.cpp:29] DecreaseCounter constructing_actor_cnt, current val is 778
I1014 11:28:42.468624  1184 naive_actor.cpp:25] actor 1099530502144 switch to &NaiveActor::HandlerNormal
I1014 11:28:42.468987  1197 runtime_context.cpp:29] DecreaseCounter constructing_actor_cnt, current val is 777
I1014 11:28:42.469023  1277 thread.cpp:96] Thread 1052673 construct Actor kSliceBoxing 2207615287300
I1014 11:28:42.469115  1252 naive_actor.cpp:25] actor 1099591319552 switch to &NaiveActor::HandlerNormal
I1014 11:28:42.469538  1252 thread.cpp:96] Thread 524326 construct Actor kNormalForward 1099591319552
I1014 11:28:42.469177  1243 naive_actor.cpp:25] actor 1099574542336 switch to &NaiveActor::HandlerNormal
I1014 11:28:42.469194  1200 runtime_context.cpp:29] DecreaseCounter constructing_actor_cnt, current val is 775
I1014 11:28:42.469673  1252 runtime_context.cpp:29] DecreaseCounter constructing_actor_cnt, current val is 773
I1014 11:28:42.469425  1277 runtime_context.cpp:29] DecreaseCounter constructing_actor_cnt, current val is 774
I1014 11:28:42.469509  1201 naive_actor.cpp:25] actor 1099557765120 switch to &NaiveActor::HandlerNormal
I1014 11:28:42.469128  1183 naive_actor.cpp:25] actor 1099528404992 switch to &NaiveActor::HandlerNormal
I1014 11:28:42.469662  1243 thread.cpp:96] Thread 524318 construct Actor kNormalForward 1099574542336
I1014 11:28:42.469247  1184 thread.cpp:96] Thread 524297 construct Actor kNormalForward 1099530502144
I1014 11:28:42.469802  1201 thread.cpp:96] Thread 524310 construct Actor kNormalForward 1099557765120
I1014 11:28:42.469811  1246 naive_actor.cpp:25] actor 1099580833792 switch to &NaiveActor::HandlerNormal
I1014 11:28:42.469842  1183 thread.cpp:96] Thread 524296 construct Actor kNormalForward 1099528404992
I1014 11:28:42.469904  1199 naive_actor.cpp:25] actor 1099553570816 switch to &NaiveActor::HandlerNormal
I1014 11:28:42.469954  1246 thread.cpp:96] Thread 524321 construct Actor kNormalForward 1099580833792
I1014 11:28:42.469975  1243 runtime_context.cpp:29] DecreaseCounter constructing_actor_cnt, current val is 772
I1014 11:28:42.470017  1199 thread.cpp:96] Thread 524308 construct Actor kNormalForward 1099553570816
I1014 11:28:42.470115  1183 runtime_context.cpp:29] DecreaseCounter constructing_actor_cnt, current val is 769
I1014 11:28:42.470050  1201 runtime_context.cpp:29] DecreaseCounter constructing_actor_cnt, current val is 770
I1014 11:28:42.470043  1184 runtime_context.cpp:29] DecreaseCounter constructing_actor_cnt, current val is 771
I1014 11:28:42.470124  1246 runtime_context.cpp:29] DecreaseCounter constructing_actor_cnt, current val is 768
I1014 11:28:42.470182  1199 runtime_context.cpp:29] DecreaseCounter constructing_actor_cnt, current val is 767
I1014 11:28:42.470329  1221 naive_actor.cpp:25] actor 1099566153728 switch to &NaiveActor::HandlerNormal
I1014 11:28:42.470341  1203 naive_actor.cpp:25] actor 1099561959424 switch to &NaiveActor::HandlerNormal
I1014 11:28:42.470345  1196 naive_actor.cpp:25] actor 1099549376512 switch to &NaiveActor::HandlerNormal
I1014 11:28:42.470410  1221 thread.cpp:96] Thread 524314 construct Actor kNormalForward 1099566153728
I1014 11:28:42.470428  1183 naive_actor.cpp:25] actor 1099528404993 switch to &NaiveActor::HandlerNormal
I1014 11:28:42.470430  1203 thread.cpp:96] Thread 524312 construct Actor kNormalForward 1099561959424
I1014 11:28:42.470463  1196 thread.cpp:96] Thread 524306 construct Actor kNormalForward 1099549376512
I1014 11:28:42.470512  1183 thread.cpp:96] Thread 524296 construct Actor kNormalForward 1099528404993
I1014 11:28:42.470530  1221 runtime_context.cpp:29] DecreaseCounter constructing_actor_cnt, current val is 766
I1014 11:28:42.470661  1203 runtime_context.cpp:29] DecreaseCounter constructing_actor_cnt, current val is 765
I1014 11:28:42.470666  1196 runtime_context.cpp:29] DecreaseCounter constructing_actor_cnt, current val is 764
I1014 11:28:42.470685  1183 runtime_context.cpp:29] DecreaseCounter constructing_actor_cnt, current val is 763
I1014 11:28:42.470877  1262 naive_actor.cpp:25] actor 1099614388230 switch to &NaiveActor::HandlerNormal
I1014 11:28:42.470909  1195 naive_actor.cpp:25] actor 1099547279360 switch to &NaiveActor::HandlerNormal
I1014 11:28:42.470935  1262 thread.cpp:96] Thread 524337 construct Actor kDeviceTick 1099614388230
I1014 11:28:42.470966  1248 naive_actor.cpp:25] actor 1099585028096 switch to &NaiveActor::HandlerNormal
I1014 11:28:42.471002  1195 thread.cpp:96] Thread 524305 construct Actor kNormalForward 1099547279360
I1014 11:28:42.471081  1248 thread.cpp:96] Thread 524323 construct Actor kNormalForward 1099585028096
I1014 11:28:42.471081  1262 runtime_context.cpp:29] DecreaseCounter constructing_actor_cnt, current val is 762
I1014 11:28:42.471172  1195 runtime_context.cpp:29] DecreaseCounter constructing_actor_cnt, current val is 761
I1014 11:28:42.471226  1191 naive_actor.cpp:25] actor 1099545182208 switch to &NaiveActor::HandlerNormal
I1014 11:28:42.471309  1248 runtime_context.cpp:29] DecreaseCounter constructing_actor_cnt, current val is 760
I1014 11:28:42.471372  1191 thread.cpp:96] Thread 524304 construct Actor kNormalForward 1099545182208
I1014 11:28:42.471410  1268 naive_actor.cpp:25] actor 2199025352707 switch to &NaiveActor::HandlerNormal
I1014 11:28:42.471427  1244 naive_actor.cpp:25] actor 1099576639488 switch to &NaiveActor::HandlerNormal
I1014 11:28:42.471529  1268 thread.cpp:96] Thread 1048577 construct Actor kSliceBoxing 2199025352707
I1014 11:28:42.471580  1191 runtime_context.cpp:29] DecreaseCounter constructing_actor_cnt, current val is 759
I1014 11:28:42.471632  1244 thread.cpp:96] Thread 524319 construct Actor kNormalForward 1099576639488
I1014 11:28:42.471705  1268 runtime_context.cpp:29] DecreaseCounter constructing_actor_cnt, current val is 758
I1014 11:28:42.471801  1244 runtime_context.cpp:29] DecreaseCounter constructing_actor_cnt, current val is 757
I1014 11:28:42.472532  1249 naive_actor.cpp:25] actor 1099587125248 switch to &NaiveActor::HandlerNormal
I1014 11:28:42.472656  1249 thread.cpp:96] Thread 524324 construct Actor kNormalForward 1099587125248
I1014 11:28:42.472698  1191 naive_actor.cpp:25] actor 1099545182209 switch to &NaiveActor::HandlerNormal
I1014 11:28:42.472788  1251 naive_actor.cpp:25] actor 1099589222400 switch to &NaiveActor::HandlerNormal
I1014 11:28:42.472750  1185 naive_actor.cpp:25] actor 1099532599296 switch to &NaiveActor::HandlerNormal
I1014 11:28:42.472781  1249 runtime_context.cpp:29] DecreaseCounter constructing_actor_cnt, current val is 756
I1014 11:28:42.472729  1242 naive_actor.cpp:25] actor 1099572445184 switch to &NaiveActor::HandlerNormal
I1014 11:28:42.472813  1191 thread.cpp:96] Thread 524304 construct Actor kNormalForward 1099545182209
I1014 11:28:42.472828  1188 naive_actor.cpp:25] actor 1099538890753 switch to &NaiveActor::HandlerNormal
I1014 11:28:42.472869  1251 thread.cpp:96] Thread 524325 construct Actor kNormalForward 1099589222400
I1014 11:28:42.473208  1220 naive_actor.cpp:25] actor 1099564056576 switch to &NaiveActor::HandlerNormal
I1014 11:28:42.473250  1247 naive_actor.cpp:25] actor 1099582930944 switch to &NaiveActor::HandlerNormal
I1014 11:28:42.473022  1186 naive_actor.cpp:25] actor 1099534696449 switch to &NaiveActor::HandlerNormal
I1014 11:28:42.473049  1242 thread.cpp:96] Thread 524317 construct Actor kNormalForward 1099572445184
I1014 11:28:42.473140  1275 naive_actor.cpp:25] actor 2207613190152 switch to &NaiveActor::HandlerNormal
I1014 11:28:42.473186  1188 thread.cpp:96] Thread 524301 construct Actor kForeignInput 1099538890753
I1014 11:28:42.473196  1191 runtime_context.cpp:29] DecreaseCounter constructing_actor_cnt, current val is 755
I1014 11:28:42.472887  1189 naive_actor.cpp:25] actor 1099540987905 switch to &NaiveActor::HandlerNormal
I1014 11:28:42.473552  1254 naive_actor.cpp:25] actor 1099595513856 switch to &NaiveActor::HandlerNormal
I1014 11:28:42.472949  1185 thread.cpp:96] Thread 524298 construct Actor kNormalForward 1099532599296
I1014 11:28:42.473285  1220 thread.cpp:96] Thread 524313 construct Actor kNormalForward 1099564056576
I1014 11:28:42.473299  1266 naive_actor.cpp:25] actor 2199023255566 switch to &NaiveActor::HandlerNormal
I1014 11:28:42.473342  1247 thread.cpp:96] Thread 524322 construct Actor kNormalForward 1099582930944
I1014 11:28:42.473346  1251 runtime_context.cpp:29] DecreaseCounter constructing_actor_cnt, current val is 754
I1014 11:28:42.473973  1256 naive_actor.cpp:25] actor 1099599708160 switch to &NaiveActor::HandlerNormal
I1014 11:28:42.473397  1186 thread.cpp:96] Thread 524299 construct Actor kNormalForward 1099534696449
I1014 11:28:42.473345  1260 naive_actor.cpp:25] actor 1099608096768 switch to &NaiveActor::HandlerNormal
I1014 11:28:42.473424  1255 naive_actor.cpp:25] actor 1099597611008 switch to &NaiveActor::HandlerNormal
I1014 11:28:42.473507  1275 thread.cpp:96] Thread 1052672 construct Actor kNormalForward 2207613190152
I1014 11:28:42.473518  1259 naive_actor.cpp:25] actor 1099605999616 switch to &NaiveActor::HandlerNormal
I1014 11:28:42.473539  1240 naive_actor.cpp:25] actor 1099570348032 switch to &NaiveActor::HandlerNormal
I1014 11:28:42.473582  1242 runtime_context.cpp:29] DecreaseCounter constructing_actor_cnt, current val is 753
I1014 11:28:42.473628  1188 runtime_context.cpp:29] DecreaseCounter constructing_actor_cnt, current val is 752
I1014 11:28:42.473249  1253 naive_actor.cpp:25] actor 1099593416704 switch to &NaiveActor::HandlerNormal
I1014 11:28:42.473688  1189 thread.cpp:96] Thread 524302 construct Actor kNormalForward 1099540987905
I1014 11:28:42.473692  1187 naive_actor.cpp:25] actor 1099536793601 switch to &NaiveActor::HandlerNormal
I1014 11:28:42.473721  1184 naive_actor.cpp:25] actor 1099530502145 switch to &NaiveActor::HandlerNormal
I1014 11:28:42.473729  1277 naive_actor.cpp:25] actor 2207615287298 switch to &NaiveActor::HandlerNormal
I1014 11:28:42.473740  1254 thread.cpp:96] Thread 524328 construct Actor kNormalForward 1099595513856
I1014 11:28:42.473755  1202 naive_actor.cpp:25] actor 1099559862272 switch to &NaiveActor::HandlerNormal
I1014 11:28:42.475175  1202 thread.cpp:96] Thread 524311 construct Actor kNormalForward 1099559862272
I1014 11:28:42.473825  1268 naive_actor.cpp:25] actor 2199025352708 switch to &NaiveActor::HandlerNormal
I1014 11:28:42.473821  1258 naive_actor.cpp:25] actor 1099603902464 switch to &NaiveActor::HandlerNormal
I1014 11:28:42.473892  1185 runtime_context.cpp:29] DecreaseCounter constructing_actor_cnt, current val is 751
I1014 11:28:42.473886  1195 naive_actor.cpp:25] actor 1099547279361 switch to &NaiveActor::HandlerNormal
I1014 11:28:42.473937  1220 runtime_context.cpp:29] DecreaseCounter constructing_actor_cnt, current val is 750
I1014 11:28:42.473942  1266 thread.cpp:96] Thread 1048576 construct Actor kNormalForward 2199023255566
I1014 11:28:42.473953  1239 naive_actor.cpp:25] actor 1099568250880 switch to &NaiveActor::HandlerNormal
I1014 11:28:42.473349  1196 naive_actor.cpp:25] actor 1099549376513 switch to &NaiveActor::HandlerNormal
I1014 11:28:42.474056  1262 naive_actor.cpp:25] actor 1099614388246 switch to &NaiveActor::HandlerNormal
I1014 11:28:42.474061  1257 naive_actor.cpp:25] actor 1099601805312 switch to &NaiveActor::HandlerNormal
I1014 11:28:42.474076  1247 runtime_context.cpp:29] DecreaseCounter constructing_actor_cnt, current val is 749
I1014 11:28:42.474117  1256 thread.cpp:96] Thread 524330 construct Actor kNormalForward 1099599708160
I1014 11:28:42.474225  1186 runtime_context.cpp:29] DecreaseCounter constructing_actor_cnt, current val is 748
I1014 11:28:42.474251  1245 naive_actor.cpp:25] actor 1099578736640 switch to &NaiveActor::HandlerNormal
I1014 11:28:42.476027  1256 runtime_context.cpp:29] DecreaseCounter constructing_actor_cnt, current val is 742
I1014 11:28:42.474449  1255 thread.cpp:96] Thread 524329 construct Actor kNormalForward 1099597611008
I1014 11:28:42.474548  1259 thread.cpp:96] Thread 524333 construct Actor kNormalForward 1099605999616
I1014 11:28:42.474586  1275 runtime_context.cpp:29] DecreaseCounter constructing_actor_cnt, current val is 747
I1014 11:28:42.474649  1240 thread.cpp:96] Thread 524316 construct Actor kNormalForward 1099570348032
I1014 11:28:42.474836  1253 thread.cpp:96] Thread 524327 construct Actor kNormalForward 1099593416704
I1014 11:28:42.474961  1187 thread.cpp:96] Thread 524300 construct Actor kNormalForward 1099536793601
I1014 11:28:42.476416  1259 runtime_context.cpp:29] DecreaseCounter constructing_actor_cnt, current val is 740
I1014 11:28:42.475019  1184 thread.cpp:96] Thread 524297 construct Actor kNormalForward 1099530502145
I1014 11:28:42.476490  1187 runtime_context.cpp:29] DecreaseCounter constructing_actor_cnt, current val is 737
I1014 11:28:42.473762  1190 naive_actor.cpp:25] actor 1099543085057 switch to &NaiveActor::HandlerNormal
I1014 11:28:42.475265  1268 thread.cpp:96] Thread 1048577 construct Actor kCopyHd 2199025352708
I1014 11:28:42.475308  1202 runtime_context.cpp:29] DecreaseCounter constructing_actor_cnt, current val is 745
I1014 11:28:42.475313  1254 runtime_context.cpp:29] DecreaseCounter constructing_actor_cnt, current val is 744
I1014 11:28:42.475335  1258 thread.cpp:96] Thread 524332 construct Actor kNormalForward 1099603902464
I1014 11:28:42.475440  1195 thread.cpp:96] Thread 524305 construct Actor kNormalForward 1099547279361
I1014 11:28:42.475652  1266 runtime_context.cpp:29] DecreaseCounter constructing_actor_cnt, current val is 743
I1014 11:28:42.475677  1239 thread.cpp:96] Thread 524315 construct Actor kNormalForward 1099568250880
I1014 11:28:42.475680  1185 naive_actor.cpp:25] actor 1099532599297 switch to &NaiveActor::HandlerNormal
I1014 11:28:42.475711  1196 thread.cpp:96] Thread 524306 construct Actor kForeignOutput 1099549376513
I1014 11:28:42.475775  1262 thread.cpp:96] Thread 524337 construct Actor kSrcSubsetTick 1099614388246
I1014 11:28:42.475849  1257 thread.cpp:96] Thread 524331 construct Actor kNormalForward 1099601805312
I1014 11:28:42.474381  1260 thread.cpp:96] Thread 524334 construct Actor kNormalForward 1099608096768
I1014 11:28:42.476039  1245 thread.cpp:96] Thread 524320 construct Actor kNormalForward 1099578736640
I1014 11:28:42.476331  1255 runtime_context.cpp:29] DecreaseCounter constructing_actor_cnt, current val is 741
I1014 11:28:42.474961  1189 runtime_context.cpp:29] DecreaseCounter constructing_actor_cnt, current val is 746
I1014 11:28:42.476436  1240 runtime_context.cpp:29] DecreaseCounter constructing_actor_cnt, current val is 739
I1014 11:28:42.476456  1253 runtime_context.cpp:29] DecreaseCounter constructing_actor_cnt, current val is 738
I1014 11:28:42.475086  1277 thread.cpp:96] Thread 1052673 construct Actor kSliceBoxing 2207615287298
I1014 11:28:42.476532  1184 runtime_context.cpp:29] DecreaseCounter constructing_actor_cnt, current val is 736
I1014 11:28:42.477788  1277 runtime_context.cpp:29] DecreaseCounter constructing_actor_cnt, current val is 726
I1014 11:28:42.476841  1268 runtime_context.cpp:29] DecreaseCounter constructing_actor_cnt, current val is 735
I1014 11:28:42.477048  1258 runtime_context.cpp:29] DecreaseCounter constructing_actor_cnt, current val is 734
I1014 11:28:42.477056  1195 runtime_context.cpp:29] DecreaseCounter constructing_actor_cnt, current val is 733
I1014 11:28:42.477157  1239 runtime_context.cpp:29] DecreaseCounter constructing_actor_cnt, current val is 732
I1014 11:28:42.477161  1185 thread.cpp:96] Thread 524298 construct Actor kForeignInput 1099532599297
I1014 11:28:42.477269  1196 runtime_context.cpp:29] DecreaseCounter constructing_actor_cnt, current val is 731
I1014 11:28:42.477314  1262 runtime_context.cpp:29] DecreaseCounter constructing_actor_cnt, current val is 730
I1014 11:28:42.477491  1257 runtime_context.cpp:29] DecreaseCounter constructing_actor_cnt, current val is 729
I1014 11:28:42.477596  1245 runtime_context.cpp:29] DecreaseCounter constructing_actor_cnt, current val is 728
I1014 11:28:42.477598  1260 runtime_context.cpp:29] DecreaseCounter constructing_actor_cnt, current val is 727
I1014 11:28:42.476729  1190 thread.cpp:96] Thread 524303 construct Actor kNormalForward 1099543085057
I1014 11:28:42.478083  1185 runtime_context.cpp:29] DecreaseCounter constructing_actor_cnt, current val is 725
I1014 11:28:42.478370  1190 runtime_context.cpp:29] DecreaseCounter constructing_actor_cnt, current val is 724
I1014 11:28:42.478514  1277 naive_actor.cpp:25] actor 2207615287299 switch to &NaiveActor::HandlerNormal
I1014 11:28:42.478618  1277 thread.cpp:96] Thread 1052673 construct Actor kCopyHd 2207615287299
I1014 11:28:42.478685  1277 runtime_context.cpp:29] DecreaseCounter constructing_actor_cnt, current val is 723
I1014 11:28:42.478698  1268 naive_actor.cpp:25] actor 2199025352706 switch to &NaiveActor::HandlerNormal
I1014 11:28:42.478746  1262 naive_actor.cpp:25] actor 1099614388250 switch to &NaiveActor::HandlerNormal
I1014 11:28:42.478780  1268 thread.cpp:96] Thread 1048577 construct Actor kSliceBoxing 2199025352706
I1014 11:28:42.478801  1266 naive_actor.cpp:25] actor 2199023255573 switch to &NaiveActor::HandlerNormal
I1014 11:28:42.479041  1268 runtime_context.cpp:29] DecreaseCounter constructing_actor_cnt, current val is 722
I1014 11:28:42.478941  1262 thread.cpp:96] Thread 524337 construct Actor kTick 1099614388250
I1014 11:28:42.479064  1266 thread.cpp:96] Thread 1048576 construct Actor kNormalForward 2199023255573
I1014 11:28:42.479151  1275 naive_actor.cpp:25] actor 2207613190176 switch to &NaiveActor::HandlerNormal
I1014 11:28:42.479178  1262 runtime_context.cpp:29] DecreaseCounter constructing_actor_cnt, current val is 721
I1014 11:28:42.479213  1275 thread.cpp:96] Thread 1052672 construct Actor kNormalForward 2207613190176
I1014 11:28:42.479223  1266 runtime_context.cpp:29] DecreaseCounter constructing_actor_cnt, current val is 720
I1014 11:28:42.479377  1275 runtime_context.cpp:29] DecreaseCounter constructing_actor_cnt, current val is 719
I1014 11:28:42.479682  1277 naive_actor.cpp:25] actor 2207615287297 switch to &NaiveActor::HandlerNormal
I1014 11:28:42.479756  1277 thread.cpp:96] Thread 1052673 construct Actor kSliceBoxing 2207615287297
I1014 11:28:42.479838  1277 runtime_context.cpp:29] DecreaseCounter constructing_actor_cnt, current val is 718
I1014 11:28:42.479866  1262 naive_actor.cpp:25] actor 1099614388248 switch to &NaiveActor::HandlerNormal
I1014 11:28:42.479890  1268 naive_actor.cpp:25] actor 2199025352704 switch to &NaiveActor::HandlerNormal
I1014 11:28:42.479941  1262 thread.cpp:96] Thread 524337 construct Actor kTick 1099614388248
I1014 11:28:42.479985  1266 naive_actor.cpp:25] actor 2199023255569 switch to &NaiveActor::HandlerNormal
I1014 11:28:42.479993  1268 thread.cpp:96] Thread 1048577 construct Actor kSliceBoxing 2199025352704
I1014 11:28:42.480121  1262 runtime_context.cpp:29] DecreaseCounter constructing_actor_cnt, current val is 717
I1014 11:28:42.480126  1266 thread.cpp:96] Thread 1048576 construct Actor kNormalForward 2199023255569
I1014 11:28:42.480221  1268 runtime_context.cpp:29] DecreaseCounter constructing_actor_cnt, current val is 716
I1014 11:28:42.480276  1266 runtime_context.cpp:29] DecreaseCounter constructing_actor_cnt, current val is 715
I1014 11:28:42.480283  1277 naive_actor.cpp:25] actor 2207615287301 switch to &NaiveActor::HandlerNormal
I1014 11:28:42.480383  1277 thread.cpp:96] Thread 1052673 construct Actor kCopyHd 2207615287301
I1014 11:28:42.480432  1277 runtime_context.cpp:29] DecreaseCounter constructing_actor_cnt, current val is 714
I1014 11:28:42.480769  1268 naive_actor.cpp:25] actor 2199025352709 switch to &NaiveActor::HandlerNormal
I1014 11:28:42.480772  1277 naive_actor.cpp:25] actor 2207615287302 switch to &NaiveActor::HandlerNormal
I1014 11:28:42.480841  1268 thread.cpp:96] Thread 1048577 construct Actor kSliceBoxing 2199025352709
I1014 11:28:42.480878  1277 thread.cpp:96] Thread 1052673 construct Actor kCopyHd 2207615287302
I1014 11:28:42.480914  1275 naive_actor.cpp:25] actor 2207613190200 switch to &NaiveActor::HandlerNormal
I1014 11:28:42.480916  1262 naive_actor.cpp:25] actor 1099614388227 switch to &NaiveActor::HandlerNormal
I1014 11:28:42.480931  1268 runtime_context.cpp:29] DecreaseCounter constructing_actor_cnt, current val is 713
I1014 11:28:42.480979  1277 runtime_context.cpp:29] DecreaseCounter constructing_actor_cnt, current val is 712
I1014 11:28:42.480990  1275 thread.cpp:96] Thread 1052672 construct Actor kNormalForward 2207613190200
I1014 11:28:42.481046  1262 thread.cpp:96] Thread 524337 construct Actor kDeviceTick 1099614388227
I1014 11:28:42.481213  1275 runtime_context.cpp:29] DecreaseCounter constructing_actor_cnt, current val is 711
I1014 11:28:42.481259  1262 runtime_context.cpp:29] DecreaseCounter constructing_actor_cnt, current val is 710
I1014 11:28:42.481436  1268 naive_actor.cpp:25] actor 2199025352710 switch to &NaiveActor::HandlerNormal
I1014 11:28:42.481499  1268 thread.cpp:96] Thread 1048577 construct Actor kCopyHd 2199025352710
I1014 11:28:42.481616  1268 runtime_context.cpp:29] DecreaseCounter constructing_actor_cnt, current val is 709
I1014 11:28:42.481995  1268 naive_actor.cpp:25] actor 2199025352711 switch to &NaiveActor::HandlerNormal
I1014 11:28:42.482059  1268 thread.cpp:96] Thread 1048577 construct Actor kCopyHd 2199025352711
I1014 11:28:42.482113  1268 runtime_context.cpp:29] DecreaseCounter constructing_actor_cnt, current val is 708
I1014 11:28:42.482187  1266 naive_actor.cpp:25] actor 2199023255570 switch to &NaiveActor::HandlerNormal
I1014 11:28:42.482254  1266 thread.cpp:96] Thread 1048576 construct Actor kNormalForward 2199023255570
I1014 11:28:42.482344  1266 runtime_context.cpp:29] DecreaseCounter constructing_actor_cnt, current val is 707
I1014 11:28:42.482352  1275 naive_actor.cpp:25] actor 2207613190154 switch to &NaiveActor::HandlerNormal
I1014 11:28:42.482420  1275 thread.cpp:96] Thread 1052672 construct Actor kNormalForward 2207613190154
I1014 11:28:42.482492  1275 runtime_context.cpp:29] DecreaseCounter constructing_actor_cnt, current val is 706
I1014 11:28:42.482532  1262 esac_actor.cpp:73] actor 1099614388338 switch to &EsacActor::HandlerNormal
I1014 11:28:42.482609  1262 thread.cpp:96] Thread 524337 construct Actor kEsac 1099614388338
I1014 11:28:42.482705  1262 runtime_context.cpp:29] DecreaseCounter constructing_actor_cnt, current val is 705
I1014 11:28:42.483397  1262 naive_actor.cpp:25] actor 1099614388251 switch to &NaiveActor::HandlerNormal
I1014 11:28:42.483480  1262 thread.cpp:96] Thread 524337 construct Actor kTick 1099614388251
I1014 11:28:42.483589  1262 runtime_context.cpp:29] DecreaseCounter constructing_actor_cnt, current val is 704
I1014 11:28:42.484127  1262 naive_actor.cpp:25] actor 1099614388224 switch to &NaiveActor::HandlerNormal
I1014 11:28:42.484202  1262 thread.cpp:96] Thread 524337 construct Actor kDeviceTick 1099614388224
I1014 11:28:42.484292  1262 runtime_context.cpp:29] DecreaseCounter constructing_actor_cnt, current val is 703
I1014 11:28:42.485014  1262 naive_actor.cpp:25] actor 1099614388249 switch to &NaiveActor::HandlerNormal
I1014 11:28:42.485021  1266 naive_actor.cpp:25] actor 2199023255593 switch to &NaiveActor::HandlerNormal
I1014 11:28:42.485033  1275 naive_actor.cpp:25] actor 2207613190178 switch to &NaiveActor::HandlerNormal
I1014 11:28:42.485092  1262 thread.cpp:96] Thread 524337 construct Actor kDstSubsetTick 1099614388249
I1014 11:28:42.485142  1266 thread.cpp:96] Thread 1048576 construct Actor kNormalForward 2199023255593
I1014 11:28:42.485195  1275 thread.cpp:96] Thread 1052672 construct Actor kNormalForward 2207613190178
I1014 11:28:42.485281  1262 runtime_context.cpp:29] DecreaseCounter constructing_actor_cnt, current val is 702
I1014 11:28:42.485368  1266 runtime_context.cpp:29] DecreaseCounter constructing_actor_cnt, current val is 701
I1014 11:28:42.485378  1275 runtime_context.cpp:29] DecreaseCounter constructing_actor_cnt, current val is 700
I1014 11:28:42.485865  1262 naive_actor.cpp:25] actor 1099614388228 switch to &NaiveActor::HandlerNormal
I1014 11:28:42.485944  1262 thread.cpp:96] Thread 524337 construct Actor kDeviceTick 1099614388228
I1014 11:28:42.486047  1262 runtime_context.cpp:29] DecreaseCounter constructing_actor_cnt, current val is 699
I1014 11:28:42.486711  1262 naive_actor.cpp:25] actor 1099614388232 switch to &NaiveActor::HandlerNormal
I1014 11:28:42.486784  1262 thread.cpp:96] Thread 524337 construct Actor kDeviceTick 1099614388232
I1014 11:28:42.486878  1262 runtime_context.cpp:29] DecreaseCounter constructing_actor_cnt, current val is 698
I1014 11:28:42.487031  1275 naive_actor.cpp:25] actor 2207613190144 switch to &NaiveActor::HandlerNormal
I1014 11:28:42.487105  1275 thread.cpp:96] Thread 1052672 construct Actor kNormalForward 2207613190144
I1014 11:28:42.487133  1266 naive_actor.cpp:25] actor 2199023255557 switch to &NaiveActor::HandlerNormal
I1014 11:28:42.487193  1266 thread.cpp:96] Thread 1048576 construct Actor kNormalForward 2199023255557
I1014 11:28:42.487212  1275 runtime_context.cpp:29] DecreaseCounter constructing_actor_cnt, current val is 697
I1014 11:28:42.487301  1266 runtime_context.cpp:29] DecreaseCounter constructing_actor_cnt, current val is 696
I1014 11:28:42.487466  1262 naive_actor.cpp:25] actor 1099614388229 switch to &NaiveActor::HandlerNormal
I1014 11:28:42.487541  1262 thread.cpp:96] Thread 524337 construct Actor kDeviceTick 1099614388229
I1014 11:28:42.487640  1262 runtime_context.cpp:29] DecreaseCounter constructing_actor_cnt, current val is 695
I1014 11:28:42.488008  1275 naive_actor.cpp:25] actor 2207613190168 switch to &NaiveActor::HandlerNormal
I1014 11:28:42.488082  1275 thread.cpp:96] Thread 1052672 construct Actor kNormalForward 2207613190168
I1014 11:28:42.488180  1275 runtime_context.cpp:29] DecreaseCounter constructing_actor_cnt, current val is 694
