Log file created at: 2021/10/13 11:54:41
Running on machine: oneflow-14
Log line format: [IWEF]mmdd hh:mm:ss.uuuuuu threadid file:line] msg
I1013 11:54:41.041672  8332 global.h:36] NewGlobal 14cudaDeviceProp
I1013 11:54:41.042551  8332 global.h:36] NewGlobal N7oneflow7EnvDescE
I1013 11:54:41.042570  8332 global.h:36] NewGlobal N7oneflow10ProcessCtxE
I1013 11:54:41.042577  8332 env_global_objects_scope.cpp:152] using rpc backend: local
I1013 11:54:41.042631  8332 global.h:36] NewGlobal N7oneflow12ResourceDescE
I1013 11:54:41.042644  8332 global.h:36] NewGlobal N7oneflow12ResourceDescE
I1013 11:54:41.109138  8332 global.h:36] NewGlobal N7oneflow10ThreadPoolE
I1013 11:54:41.110314  8332 global.h:36] NewGlobal N7oneflow16EagerNcclCommMgrE
I1013 11:54:41.110332  8332 global.h:36] NewGlobal N7oneflow18CudnnConvAlgoCacheE
I1013 11:54:41.110339  8332 global.h:36] NewGlobal N7oneflow2vm19VirtualMachineScopeE
I1013 11:54:41.110352  8332 global.h:36] NewGlobal N7oneflow9OneflowVME
I1013 11:54:41.111186  8332 oneflow_vm.cpp:75] transport stream type: N7oneflow2vm13CpuStreamTypeE
I1013 11:54:41.111202  8332 oneflow_vm.cpp:75] transport stream type: N7oneflow2vm14CudaStreamTypeE
I1013 11:54:41.111209  8332 oneflow_vm.cpp:75] transport stream type: N7oneflow2vm19AsyncCudaStreamTypeE
I1013 11:54:41.111347  8332 global.h:36] NewGlobal N7oneflow27EagerJobBuildAndInferCtxMgrE
I1013 11:54:41.111361  8332 global.h:36] NewGlobal N7oneflow12EpollCommNetE
I1013 11:54:41.111483  8332 epoll_comm_network.cpp:63] CommNet:Epoll listening on 0.0.0.0:35299
I1013 11:54:41.111518  8332 epoll_comm_network.cpp:197] machine 0 sockfd -1
I1013 11:54:41.111631  8332 global.h:36] NewGlobal N7oneflow9TransportE
I1013 11:54:41.113057  8332 global.h:43] DeleteGlobal N7oneflow12ResourceDescE
I1013 11:54:41.113085  8332 version.cpp:22] OneFlow git version: b295ca2324
I1013 11:54:41.113102  8332 device_register_gpu.cpp:56] CUDA runtime version: 11.2
I1013 11:54:41.113121  8332 device_register_gpu.cpp:65] cuDNN version: 8.1.1
I1013 11:54:41.113132  8332 device_register_gpu.cpp:78] NCCL version: 2.9.8
I1013 11:54:41.113142  8332 global.h:36] NewGlobal N7oneflow12ResourceDescE
I1013 11:54:41.113148  8332 global.h:36] NewGlobal N7oneflow5IDMgrE
I1013 11:54:41.113157  8332 global.h:36] NewGlobal N7oneflow16AvailableMemDescE
I1013 11:54:41.113181  8332 global.h:36] NewGlobal St13unordered_mapISslSt4hashISsESt8equal_toISsESaISt4pairIKSslEEE
I1013 11:54:41.113189  8332 global.h:36] NewGlobal N7oneflow19CriticalSectionDescE
I1013 11:54:41.113195  8332 global.h:36] NewGlobal N7oneflow16InterUserJobInfoE
I1013 11:54:41.113204  8332 global.h:36] NewGlobal N7oneflow26LazyJobBuildAndInferCtxMgrE
I1013 11:54:41.113210  8332 global.h:36] NewGlobal N7oneflow16JobSetCompileCtxE
I1013 11:54:41.113217  8332 global.h:36] NewGlobal N7oneflow26RuntimeBufferManagersScopeE
I1013 11:54:41.113224  8332 global.h:36] NewGlobal N7oneflow9BufferMgrIlEE
I1013 11:54:41.113230  8332 global.h:36] NewGlobal N7oneflow9BufferMgrISt10shared_ptrINS_11JobInstanceEEEE
I1013 11:54:41.113236  8332 global.h:36] NewGlobal N7oneflow10RuntimeCtxE
I1013 11:54:41.113243  8332 global.h:36] NewGlobal N7oneflow15MemoryAllocatorE
I1013 11:54:41.113250  8332 global.h:36] NewGlobal N7oneflow8ChunkMgrE
I1013 11:54:41.113255  8332 global.h:36] NewGlobal N7oneflow8RegstMgrE
I1013 11:54:41.113262  8332 global.h:36] NewGlobal N7oneflow11ActorMsgBusE
I1013 11:54:41.113268  8332 global.h:36] NewGlobal N7oneflow9ThreadMgrE
I1013 11:54:41.113274  8332 global.h:36] NewGlobal N7oneflow15RuntimeJobDescsE
I1013 11:54:41.113281  8332 global.h:36] NewGlobal N7oneflow7summary12EventsWriterE
I1013 11:54:41.113289  8332 global.h:36] NewGlobal N7oneflow6boxing10collective24CollectiveBoxingExecutorE
I1013 11:54:41.113296  8332 global.h:36] NewGlobal N7oneflow6boxing10collective31CollectiveBoxingDeviceCtxPollerE
I1013 11:54:41.113438  8332 session.h:77] NewGlobal N7oneflow25SessionGlobalObjectsScopeE
I1013 11:54:41.114130  8332 global.h:36] NewGlobal N7oneflow7JobDescE
I1013 11:54:41.482481  8332 global.h:43] DeleteGlobal N7oneflow7JobDescE
I1013 11:54:41.482676  8332 global.h:36] NewGlobal N7oneflow7JobDescE
I1013 11:54:41.485721  8332 global.h:36] NewGlobal N7oneflow7OpGraphE
I1013 11:54:41.489795  8332 global.h:43] DeleteGlobal N7oneflow7OpGraphE
I1013 11:54:41.648222  8332 global.h:43] DeleteGlobal N7oneflow7JobDescE
I1013 11:54:41.663832  8332 global.h:36] NewGlobal N7oneflow24InterJobReuseMemStrategyE
I1013 11:54:41.663858  8332 global.h:36] NewGlobal N7oneflow7OneflowE
I1013 11:54:41.675745  8332 global.h:36] NewGlobal N7oneflow7JobDescE
I1013 11:54:41.878624  8332 global.h:36] NewGlobal N7oneflow7OpGraphE
I1013 11:54:41.952805  8332 global.h:43] DeleteGlobal N7oneflow7OpGraphE
I1013 11:54:41.964115  8332 oneflow.cpp:210] 
job_id: 0 , job_name: train_job , compile time: 0.288327 seconds.
I1013 11:54:42.018391  8332 global.h:43] DeleteGlobal N7oneflow7JobDescE
I1013 11:54:42.018777  8332 global.h:36] NewGlobal N7oneflow7JobDescE
I1013 11:54:42.065928  8332 global.h:36] NewGlobal N7oneflow7OpGraphE
I1013 11:54:42.082764  8332 global.h:43] DeleteGlobal N7oneflow7OpGraphE
I1013 11:54:42.087350  8332 oneflow.cpp:210] 
job_id: 1 , job_name: System-ModelInit , compile time: 0.068279 seconds.
I1013 11:54:42.098986  8332 global.h:43] DeleteGlobal N7oneflow7JobDescE
I1013 11:54:42.099015  8332 global.h:36] NewGlobal N7oneflow7JobDescE
I1013 11:54:42.143101  8332 global.h:36] NewGlobal N7oneflow7OpGraphE
I1013 11:54:42.160852  8332 global.h:43] DeleteGlobal N7oneflow7OpGraphE
I1013 11:54:42.166003  8332 oneflow.cpp:210] 
job_id: 2 , job_name: System-ModelLoad , compile time: 0.0669696 seconds.
I1013 11:54:42.177917  8332 global.h:43] DeleteGlobal N7oneflow7JobDescE
I1013 11:54:42.177944  8332 global.h:36] NewGlobal N7oneflow7JobDescE
I1013 11:54:42.222438  8332 global.h:36] NewGlobal N7oneflow7OpGraphE
I1013 11:54:42.239596  8332 global.h:43] DeleteGlobal N7oneflow7OpGraphE
I1013 11:54:42.244630  8332 oneflow.cpp:210] 
job_id: 3 , job_name: System-ModelSave , compile time: 0.0666698 seconds.
I1013 11:54:42.256783  8332 global.h:43] DeleteGlobal N7oneflow7JobDescE
I1013 11:54:42.256810  8332 global.h:36] NewGlobal N7oneflow7JobDescE
I1013 11:54:42.264976  8332 global.h:36] NewGlobal N7oneflow7OpGraphE
I1013 11:54:42.268605  8332 global.h:43] DeleteGlobal N7oneflow7OpGraphE
I1013 11:54:42.270152  8332 oneflow.cpp:210] 
job_id: 4 , job_name: System-Pull-Return_22 , compile time: 0.013324 seconds.
I1013 11:54:42.273648  8332 global.h:43] DeleteGlobal N7oneflow7JobDescE
I1013 11:54:42.277925  8332 global.h:36] NewGlobal N7oneflow7JobDescE
I1013 11:54:42.277956  8332 global.h:36] NewGlobal N7oneflow7OpGraphE
I1013 11:54:42.283218  8332 global.h:43] DeleteGlobal N7oneflow7OpGraphE
I1013 11:54:42.286370  8332 oneflow.cpp:210] 
job_id: 5 , job_name: MainJob-unamed , compile time: 0.00842342 seconds.
I1013 11:54:42.293227  8332 global.h:43] DeleteGlobal N7oneflow7JobDescE
I1013 11:54:42.295852  8332 plan_util.cpp:928]  Plan: merged_plan needs to allocate [ 374.897 MiB ] device memory in Rank: 0 , Device: 0
I1013 11:54:42.399718  8332 oneflow.cpp:998]  PushPlan merged_plan time: 0.0102625 seconds.
I1013 11:54:42.428346  8332 oneflow.cpp:1014]  PullPlan merged_plan time: 0.0246228 seconds.
I1013 11:54:44.565817  8332 runtime_context.cpp:21] NewCounter constructing_actor_cnt 399
I1013 11:54:44.566888  8877 naive_actor.cpp:25] actor 2199023255699 switch to &NaiveActor::HandlerNormal
I1013 11:54:44.566980  8877 thread.cpp:96] Thread 1048576 construct Actor kDeviceTick 2199023255699
I1013 11:54:44.567131  8865 naive_actor.cpp:25] actor 1099614388228 switch to &NaiveActor::HandlerNormal
I1013 11:54:44.567139  8877 runtime_context.cpp:29] DecreaseCounter constructing_actor_cnt, current val is 398
I1013 11:54:44.567210  8866 wait_and_send_ids_actor.cpp:53] actor 1099616485376 switch to &WaitAndSendIdsActor::HandlerWaitToStart
I1013 11:54:44.567209  8865 thread.cpp:96] Thread 524337 construct Actor kDeviceTick 1099614388228
I1013 11:54:44.567276  8866 thread.cpp:96] Thread 524338 construct Actor kWaitAndSendIds 1099616485376
I1013 11:54:44.567343  8865 runtime_context.cpp:29] DecreaseCounter constructing_actor_cnt, current val is 397
I1013 11:54:44.567366  8866 runtime_context.cpp:29] DecreaseCounter constructing_actor_cnt, current val is 396
I1013 11:54:44.567461  8877 naive_actor.cpp:25] actor 2199023255738 switch to &NaiveActor::HandlerNormal
I1013 11:54:44.567625  8877 thread.cpp:96] Thread 1048576 construct Actor kDeviceTick 2199023255738
I1013 11:54:44.567698  8877 runtime_context.cpp:29] DecreaseCounter constructing_actor_cnt, current val is 395
I1013 11:54:44.567811  8865 naive_actor.cpp:25] actor 1099614388235 switch to &NaiveActor::HandlerNormal
I1013 11:54:44.567847  8865 thread.cpp:96] Thread 524337 construct Actor kDeviceTick 1099614388235
I1013 11:54:44.567899  8865 runtime_context.cpp:29] DecreaseCounter constructing_actor_cnt, current val is 394
I1013 11:54:44.567920  8877 naive_actor.cpp:25] actor 2199023255777 switch to &NaiveActor::HandlerNormal
I1013 11:54:44.567965  8877 thread.cpp:96] Thread 1048576 construct Actor kDeviceTick 2199023255777
I1013 11:54:44.568027  8877 runtime_context.cpp:29] DecreaseCounter constructing_actor_cnt, current val is 393
I1013 11:54:44.568172  8865 naive_actor.cpp:25] actor 1099614388245 switch to &NaiveActor::HandlerNormal
I1013 11:54:44.568272  8865 thread.cpp:96] Thread 524337 construct Actor kDeviceTick 1099614388245
I1013 11:54:44.568313  8877 naive_actor.cpp:25] actor 2199023255816 switch to &NaiveActor::HandlerNormal
I1013 11:54:44.568331  8865 runtime_context.cpp:29] DecreaseCounter constructing_actor_cnt, current val is 392
I1013 11:54:44.568356  8877 thread.cpp:96] Thread 1048576 construct Actor kDeviceTick 2199023255816
I1013 11:54:44.568420  8877 runtime_context.cpp:29] DecreaseCounter constructing_actor_cnt, current val is 391
I1013 11:54:44.568626  8865 naive_actor.cpp:25] actor 1099614388254 switch to &NaiveActor::HandlerNormal
I1013 11:54:44.568660  8865 thread.cpp:96] Thread 524337 construct Actor kDeviceTick 1099614388254
I1013 11:54:44.568711  8865 runtime_context.cpp:29] DecreaseCounter constructing_actor_cnt, current val is 390
I1013 11:54:44.568953  8865 naive_actor.cpp:25] actor 1099614388263 switch to &NaiveActor::HandlerNormal
I1013 11:54:44.568986  8865 thread.cpp:96] Thread 524337 construct Actor kDeviceTick 1099614388263
I1013 11:54:44.569034  8865 runtime_context.cpp:29] DecreaseCounter constructing_actor_cnt, current val is 389
I1013 11:54:44.569253  8865 naive_actor.cpp:25] actor 1099614388271 switch to &NaiveActor::HandlerNormal
I1013 11:54:44.569285  8865 thread.cpp:96] Thread 524337 construct Actor kDeviceTick 1099614388271
I1013 11:54:44.569334  8865 runtime_context.cpp:29] DecreaseCounter constructing_actor_cnt, current val is 388
I1013 11:54:44.569571  8865 naive_actor.cpp:25] actor 1099614388278 switch to &NaiveActor::HandlerNormal
I1013 11:54:44.569604  8865 thread.cpp:96] Thread 524337 construct Actor kDeviceTick 1099614388278
I1013 11:54:44.569655  8865 runtime_context.cpp:29] DecreaseCounter constructing_actor_cnt, current val is 387
I1013 11:54:44.576874  8867 sink_actor.cpp:21] actor 1099618582528 switch to &SinkActor::HandlerNormal
I1013 11:54:44.576820  8864 naive_actor.cpp:25] actor 1099570348032 switch to &NaiveActor::HandlerNormal
I1013 11:54:44.577033  8857 naive_actor.cpp:25] actor 1099555667968 switch to &NaiveActor::HandlerNormal
I1013 11:54:44.577131  8847 naive_actor.cpp:25] actor 1099534696448 switch to &NaiveActor::HandlerNormal
I1013 11:54:44.576972  8855 naive_actor.cpp:25] actor 1099551473664 switch to &NaiveActor::HandlerNormal
I1013 11:54:44.577021  8867 thread.cpp:96] Thread 524339 construct Actor kCallbackNotify 1099618582528
I1013 11:54:44.577044  8856 naive_actor.cpp:25] actor 1099553570816 switch to &NaiveActor::HandlerNormal
I1013 11:54:44.577574  8867 runtime_context.cpp:29] DecreaseCounter constructing_actor_cnt, current val is 386
I1013 11:54:44.577704  8850 naive_actor.cpp:25] actor 1099540987904 switch to &NaiveActor::HandlerNormal
I1013 11:54:44.577087  8863 naive_actor.cpp:25] actor 1099568250880 switch to &NaiveActor::HandlerNormal
I1013 11:54:44.577946  8863 thread.cpp:96] Thread 524315 construct Actor kNormalForward 1099568250880
I1013 11:54:44.576917  8854 naive_actor.cpp:25] actor 1099549376512 switch to &NaiveActor::HandlerNormal
I1013 11:54:44.578212  8854 thread.cpp:96] Thread 524306 construct Actor kForeignInput 1099549376512
I1013 11:54:44.578234  8852 naive_actor.cpp:25] actor 1099545182208 switch to &NaiveActor::HandlerNormal
I1013 11:54:44.578313  8854 runtime_context.cpp:29] DecreaseCounter constructing_actor_cnt, current val is 384
I1013 11:54:44.577242  8847 thread.cpp:96] Thread 524299 construct Actor kNormalForward 1099534696448
I1013 11:54:44.577319  8862 naive_actor.cpp:25] actor 1099566153728 switch to &NaiveActor::HandlerNormal
I1013 11:54:44.577311  8849 naive_actor.cpp:25] actor 1099538890752 switch to &NaiveActor::HandlerNormal
I1013 11:54:44.577373  8855 thread.cpp:96] Thread 524307 construct Actor kNormalForward 1099551473664
I1013 11:54:44.577405  8859 naive_actor.cpp:25] actor 1099559862272 switch to &NaiveActor::HandlerNormal
I1013 11:54:44.578722  8841 naive_actor.cpp:25] actor 1099522113536 switch to &NaiveActor::HandlerNormal
I1013 11:54:44.577422  8877 naive_actor.cpp:25] actor 2199023255561 switch to &NaiveActor::HandlerNormal
I1013 11:54:44.577550  8848 naive_actor.cpp:25] actor 1099536793600 switch to &NaiveActor::HandlerNormal
I1013 11:54:44.577574  8839 naive_actor.cpp:25] actor 1099517919232 switch to &NaiveActor::HandlerNormal
I1013 11:54:44.578897  8839 thread.cpp:96] Thread 524291 construct Actor kNormalForward 1099517919232
I1013 11:54:44.577612  8856 thread.cpp:96] Thread 524308 construct Actor kNormalForward 1099553570816
I1013 11:54:44.577661  8881 naive_actor.cpp:25] actor 2199027449856 switch to &NaiveActor::HandlerNormal
I1013 11:54:44.577073  8864 thread.cpp:96] Thread 524316 construct Actor kForeignOutput 1099570348032
I1013 11:54:44.578984  8881 thread.cpp:96] Thread 1048578 construct Actor kCopyHd 2199027449856
I1013 11:54:44.578991  8839 runtime_context.cpp:29] DecreaseCounter constructing_actor_cnt, current val is 381
F1013 11:54:44.577756  8837 ofrecord_dataset.h:73] Check failed: parallel_num_ <= data_part_num_ (2 vs. 1) 
I1013 11:54:44.577912  8879 naive_actor.cpp:25] actor 2199025352704 switch to &NaiveActor::HandlerNormal
I1013 11:54:44.633136  8879 thread.cpp:96] Thread 1048577 construct Actor kSliceBoxing 2199025352704
I1013 11:54:44.577113  8865 naive_actor.cpp:25] actor 1099614388233 switch to &NaiveActor::HandlerNormal
I1013 11:54:44.633277  8865 thread.cpp:96] Thread 524337 construct Actor kTick 1099614388233
I1013 11:54:44.577956  8838 naive_actor.cpp:25] actor 1099515822080 switch to &NaiveActor::HandlerNormal
I1013 11:54:44.633349  8865 runtime_context.cpp:29] DecreaseCounter constructing_actor_cnt, current val is 376
I1013 11:54:44.578039  8853 naive_actor.cpp:25] actor 1099547279360 switch to &NaiveActor::HandlerNormal
I1013 11:54:44.633558  8853 thread.cpp:96] Thread 524305 construct Actor kNormalForward 1099547279360
I1013 11:54:44.578161  8845 naive_actor.cpp:25] actor 1099530502144 switch to &NaiveActor::HandlerNormal
I1013 11:54:44.633692  8853 runtime_context.cpp:29] DecreaseCounter constructing_actor_cnt, current val is 375
I1013 11:54:44.633718  8845 thread.cpp:96] Thread 524297 construct Actor kNormalForward 1099530502144
I1013 11:54:44.577159  8857 thread.cpp:96] Thread 524309 construct Actor kForeignInput 1099555667968
I1013 11:54:44.633816  8845 runtime_context.cpp:29] DecreaseCounter constructing_actor_cnt, current val is 374
I1013 11:54:44.578320  8852 thread.cpp:96] Thread 524304 construct Actor kNormalForward 1099545182208
I1013 11:54:44.577258  8860 naive_actor.cpp:25] actor 1099561959424 switch to &NaiveActor::HandlerNormal
I1013 11:54:44.633949  8852 runtime_context.cpp:29] DecreaseCounter constructing_actor_cnt, current val is 372
I1013 11:54:44.633975  8860 thread.cpp:96] Thread 524312 construct Actor kForeignInput 1099561959424
F1013 11:54:44.578474  8836 ofrecord_dataset.h:73] Check failed: parallel_num_ <= data_part_num_ (2 vs. 1) 
I1013 11:54:44.578500  8851 naive_actor.cpp:25] actor 1099543085056 switch to &NaiveActor::HandlerNormal
I1013 11:54:44.578500  8862 thread.cpp:96] Thread 524314 construct Actor kNormalForward 1099566153728
I1013 11:54:44.634577  8862 runtime_context.cpp:29] DecreaseCounter constructing_actor_cnt, current val is 370
I1013 11:54:44.578552  8843 naive_actor.cpp:25] actor 1099526307840 switch to &NaiveActor::HandlerNormal
I1013 11:54:44.634654  8843 thread.cpp:96] Thread 524295 construct Actor kNormalForward 1099526307840
I1013 11:54:44.578667  8855 runtime_context.cpp:29] DecreaseCounter constructing_actor_cnt, current val is 382
I1013 11:54:44.578747  8859 thread.cpp:96] Thread 524311 construct Actor kNormalForward 1099559862272
I1013 11:54:44.578786  8841 thread.cpp:96] Thread 524293 construct Actor kNormalForward 1099522113536
I1013 11:54:44.578824  8877 thread.cpp:96] Thread 1048576 construct Actor kNormalForward 2199023255561
I1013 11:54:44.576822  8861 naive_actor.cpp:25] actor 1099564056576 switch to &NaiveActor::HandlerNormal
I1013 11:54:44.635054  8861 thread.cpp:96] Thread 524313 construct Actor kNormalForward 1099564056576
I1013 11:54:44.578862  8848 thread.cpp:96] Thread 524300 construct Actor kNormalForward 1099536793600
I1013 11:54:44.635120  8861 runtime_context.cpp:29] DecreaseCounter constructing_actor_cnt, current val is 365
I1013 11:54:44.579017  8856 runtime_context.cpp:29] DecreaseCounter constructing_actor_cnt, current val is 380
I1013 11:54:44.635181  8848 runtime_context.cpp:29] DecreaseCounter constructing_actor_cnt, current val is 364
I1013 11:54:44.577829  8846 naive_actor.cpp:25] actor 1099532599296 switch to &NaiveActor::HandlerNormal
I1013 11:54:44.579026  8864 runtime_context.cpp:29] DecreaseCounter constructing_actor_cnt, current val is 379
I1013 11:54:44.579027  8881 runtime_context.cpp:29] DecreaseCounter constructing_actor_cnt, current val is 378
I1013 11:54:44.577836  8850 thread.cpp:96] Thread 524302 construct Actor kNormalForward 1099540987904
I1013 11:54:44.577870  8842 naive_actor.cpp:25] actor 1099524210688 switch to &NaiveActor::HandlerNormal
I1013 11:54:44.635545  8850 runtime_context.cpp:29] DecreaseCounter constructing_actor_cnt, current val is 363
I1013 11:54:44.635572  8881 naive_actor.cpp:25] actor 2199027449858 switch to &NaiveActor::HandlerNormal
I1013 11:54:44.635614  8881 thread.cpp:96] Thread 1048578 construct Actor kCopyHd 2199027449858
I1013 11:54:44.578159  8844 naive_actor.cpp:25] actor 1099528404992 switch to &NaiveActor::HandlerNormal
I1013 11:54:44.635686  8844 thread.cpp:96] Thread 524296 construct Actor kNormalForward 1099528404992
I1013 11:54:44.578171  8863 runtime_context.cpp:29] DecreaseCounter constructing_actor_cnt, current val is 385
I1013 11:54:44.577168  8858 naive_actor.cpp:25] actor 1099557765120 switch to &NaiveActor::HandlerNormal
I1013 11:54:44.635819  8858 thread.cpp:96] Thread 524310 construct Actor kNormalForward 1099557765120
I1013 11:54:44.633848  8865 naive_actor.cpp:25] actor 1099614388232 switch to &NaiveActor::HandlerNormal
I1013 11:54:44.635874  8858 runtime_context.cpp:29] DecreaseCounter constructing_actor_cnt, current val is 360
I1013 11:54:44.635890  8865 thread.cpp:96] Thread 524337 construct Actor kTick 1099614388232
I1013 11:54:44.633857  8857 runtime_context.cpp:29] DecreaseCounter constructing_actor_cnt, current val is 373
I1013 11:54:44.634054  8860 runtime_context.cpp:29] DecreaseCounter constructing_actor_cnt, current val is 371
I1013 11:54:44.578527  8847 runtime_context.cpp:29] DecreaseCounter constructing_actor_cnt, current val is 383
I1013 11:54:44.578584  8849 thread.cpp:96] Thread 524301 construct Actor kNormalForward 1099538890752
I1013 11:54:44.634784  8843 runtime_context.cpp:29] DecreaseCounter constructing_actor_cnt, current val is 369
I1013 11:54:44.636195  8849 runtime_context.cpp:29] DecreaseCounter constructing_actor_cnt, current val is 358
I1013 11:54:44.635017  8841 runtime_context.cpp:29] DecreaseCounter constructing_actor_cnt, current val is 367
I1013 11:54:44.635076  8877 runtime_context.cpp:29] DecreaseCounter constructing_actor_cnt, current val is 366
I1013 11:54:44.635288  8846 thread.cpp:96] Thread 524298 construct Actor kNormalForward 1099532599296
I1013 11:54:44.635560  8842 thread.cpp:96] Thread 524294 construct Actor kNormalForward 1099524210688
I1013 11:54:44.633179  8879 runtime_context.cpp:29] DecreaseCounter constructing_actor_cnt, current val is 377
I1013 11:54:44.636816  8842 runtime_context.cpp:29] DecreaseCounter constructing_actor_cnt, current val is 356
I1013 11:54:44.633356  8838 thread.cpp:96] Thread 524290 construct Actor kNormalForward 1099515822080
I1013 11:54:44.577963  8840 naive_actor.cpp:25] actor 1099520016384 switch to &NaiveActor::HandlerNormal
I1013 11:54:44.637012  8879 naive_actor.cpp:25] actor 2199025352706 switch to &NaiveActor::HandlerNormal
I1013 11:54:44.637045  8879 thread.cpp:96] Thread 1048577 construct Actor kSliceBoxing 2199025352706
I1013 11:54:44.637079  8879 runtime_context.cpp:29] DecreaseCounter constructing_actor_cnt, current val is 354
I1013 11:54:44.634480  8851 thread.cpp:96] Thread 524303 construct Actor kNormalForward 1099543085056
I1013 11:54:44.635964  8865 runtime_context.cpp:29] DecreaseCounter constructing_actor_cnt, current val is 359
I1013 11:54:44.634936  8859 runtime_context.cpp:29] DecreaseCounter constructing_actor_cnt, current val is 368
I1013 11:54:44.636703  8846 runtime_context.cpp:29] DecreaseCounter constructing_actor_cnt, current val is 357
I1013 11:54:44.636971  8838 runtime_context.cpp:29] DecreaseCounter constructing_actor_cnt, current val is 355
I1013 11:54:44.637015  8840 thread.cpp:96] Thread 524292 construct Actor kNormalForward 1099520016384
I1013 11:54:44.637742  8877 naive_actor.cpp:25] actor 2199023255560 switch to &NaiveActor::HandlerNormal
I1013 11:54:44.635664  8881 runtime_context.cpp:29] DecreaseCounter constructing_actor_cnt, current val is 362
I1013 11:54:44.637856  8840 runtime_context.cpp:29] DecreaseCounter constructing_actor_cnt, current val is 352
I1013 11:54:44.635776  8844 runtime_context.cpp:29] DecreaseCounter constructing_actor_cnt, current val is 361
I1013 11:54:44.637245  8851 runtime_context.cpp:29] DecreaseCounter constructing_actor_cnt, current val is 353
I1013 11:54:44.637393  8879 naive_actor.cpp:25] actor 2199025352705 switch to &NaiveActor::HandlerNormal
I1013 11:54:44.637773  8865 naive_actor.cpp:25] actor 1099614388238 switch to &NaiveActor::HandlerNormal
I1013 11:54:44.637835  8877 thread.cpp:96] Thread 1048576 construct Actor kNormalForward 2199023255560
I1013 11:54:44.638003  8879 thread.cpp:96] Thread 1048577 construct Actor kSliceBoxing 2199025352705
I1013 11:54:44.638011  8881 naive_actor.cpp:25] actor 2199027449857 switch to &NaiveActor::HandlerNormal
I1013 11:54:44.638096  8879 runtime_context.cpp:29] DecreaseCounter constructing_actor_cnt, current val is 351
I1013 11:54:44.638104  8881 thread.cpp:96] Thread 1048578 construct Actor kCopyHd 2199027449857
I1013 11:54:44.638037  8865 thread.cpp:96] Thread 524337 construct Actor kTick 1099614388238
I1013 11:54:44.638113  8877 runtime_context.cpp:29] DecreaseCounter constructing_actor_cnt, current val is 350
I1013 11:54:44.638162  8881 runtime_context.cpp:29] DecreaseCounter constructing_actor_cnt, current val is 349
I1013 11:54:44.638207  8865 runtime_context.cpp:29] DecreaseCounter constructing_actor_cnt, current val is 348
I1013 11:54:44.638265  8879 naive_actor.cpp:25] actor 2199025352707 switch to &NaiveActor::HandlerNormal
I1013 11:54:44.638301  8879 thread.cpp:96] Thread 1048577 construct Actor kSliceBoxing 2199025352707
I1013 11:54:44.638341  8879 runtime_context.cpp:29] DecreaseCounter constructing_actor_cnt, current val is 347
I1013 11:54:44.638465  8879 naive_actor.cpp:25] actor 2199025352708 switch to &NaiveActor::HandlerNormal
I1013 11:54:44.638516  8879 thread.cpp:96] Thread 1048577 construct Actor kCopyHd 2199025352708
I1013 11:54:44.638562  8879 runtime_context.cpp:29] DecreaseCounter constructing_actor_cnt, current val is 346
I1013 11:54:44.638569  8865 naive_actor.cpp:25] actor 1099614388310 switch to &NaiveActor::HandlerNormal
I1013 11:54:44.638633  8865 thread.cpp:96] Thread 524337 construct Actor kTick 1099614388310
I1013 11:54:44.638710  8879 naive_actor.cpp:25] actor 2199025352709 switch to &NaiveActor::HandlerNormal
I1013 11:54:44.638803  8879 thread.cpp:96] Thread 1048577 construct Actor kCopyHd 2199025352709
I1013 11:54:44.638820  8865 runtime_context.cpp:29] DecreaseCounter constructing_actor_cnt, current val is 345
I1013 11:54:44.638842  8879 runtime_context.cpp:29] DecreaseCounter constructing_actor_cnt, current val is 344
I1013 11:54:44.638911  8877 naive_actor.cpp:25] actor 2199023255575 switch to &NaiveActor::HandlerNormal
I1013 11:54:44.638963  8877 thread.cpp:96] Thread 1048576 construct Actor kNormalForward 2199023255575
I1013 11:54:44.639025  8877 runtime_context.cpp:29] DecreaseCounter constructing_actor_cnt, current val is 343
I1013 11:54:44.639041  8879 naive_actor.cpp:25] actor 2199025352710 switch to &NaiveActor::HandlerNormal
I1013 11:54:44.639093  8879 thread.cpp:96] Thread 1048577 construct Actor kCopyHd 2199025352710
I1013 11:54:44.639150  8879 runtime_context.cpp:29] DecreaseCounter constructing_actor_cnt, current val is 342
I1013 11:54:44.639237  8865 naive_actor.cpp:25] actor 1099614388231 switch to &NaiveActor::HandlerNormal
I1013 11:54:44.639284  8865 thread.cpp:96] Thread 524337 construct Actor kDstSubsetTick 1099614388231
I1013 11:54:44.639358  8865 runtime_context.cpp:29] DecreaseCounter constructing_actor_cnt, current val is 341
I1013 11:54:44.639817  8865 naive_actor.cpp:25] actor 1099614388240 switch to &NaiveActor::HandlerNormal
I1013 11:54:44.639870  8865 thread.cpp:96] Thread 524337 construct Actor kTick 1099614388240
I1013 11:54:44.639925  8865 runtime_context.cpp:29] DecreaseCounter constructing_actor_cnt, current val is 340
I1013 11:54:44.640172  8877 naive_actor.cpp:25] actor 2199023255569 switch to &NaiveActor::HandlerNormal
I1013 11:54:44.640221  8877 thread.cpp:96] Thread 1048576 construct Actor kNormalForward 2199023255569
I1013 11:54:44.640285  8877 runtime_context.cpp:29] DecreaseCounter constructing_actor_cnt, current val is 339
I1013 11:54:44.640311  8865 naive_actor.cpp:25] actor 1099614388226 switch to &NaiveActor::HandlerNormal
I1013 11:54:44.640344  8865 thread.cpp:96] Thread 524337 construct Actor kDeviceTick 1099614388226
I1013 11:54:44.640398  8865 runtime_context.cpp:29] DecreaseCounter constructing_actor_cnt, current val is 338
I1013 11:54:44.640703  8865 naive_actor.cpp:25] actor 1099614388225 switch to &NaiveActor::HandlerNormal
I1013 11:54:44.640753  8865 thread.cpp:96] Thread 524337 construct Actor kDeviceTick 1099614388225
I1013 11:54:44.640808  8865 runtime_context.cpp:29] DecreaseCounter constructing_actor_cnt, current val is 337
I1013 11:54:44.641193  8877 naive_actor.cpp:25] actor 2199023255617 switch to &NaiveActor::HandlerNormal
I1013 11:54:44.641240  8877 thread.cpp:96] Thread 1048576 construct Actor kNormalForward 2199023255617
I1013 11:54:44.641304  8877 runtime_context.cpp:29] DecreaseCounter constructing_actor_cnt, current val is 336
I1013 11:54:44.641502  8865 esac_actor.cpp:73] actor 1099614388315 switch to &EsacActor::HandlerNormal
I1013 11:54:44.641551  8865 thread.cpp:96] Thread 524337 construct Actor kEsac 1099614388315
I1013 11:54:44.641634  8865 runtime_context.cpp:29] DecreaseCounter constructing_actor_cnt, current val is 335
I1013 11:54:44.641688  8877 naive_actor.cpp:25] actor 2199023255553 switch to &NaiveActor::HandlerNormal
I1013 11:54:44.641733  8877 thread.cpp:96] Thread 1048576 construct Actor kNormalForward 2199023255553
I1013 11:54:44.641789  8877 runtime_context.cpp:29] DecreaseCounter constructing_actor_cnt, current val is 334
I1013 11:54:44.641981  8865 naive_actor.cpp:25] actor 1099614388227 switch to &NaiveActor::HandlerNormal
I1013 11:54:44.642027  8865 thread.cpp:96] Thread 524337 construct Actor kSrcSubsetTick 1099614388227
I1013 11:54:44.642145  8865 runtime_context.cpp:29] DecreaseCounter constructing_actor_cnt, current val is 333
I1013 11:54:44.642146  8877 naive_actor.cpp:25] actor 2199023255566 switch to &NaiveActor::HandlerNormal
I1013 11:54:44.642218  8877 thread.cpp:96] Thread 1048576 construct Actor kNormalForward 2199023255566
I1013 11:54:44.642330  8877 runtime_context.cpp:29] DecreaseCounter constructing_actor_cnt, current val is 332
I1013 11:54:44.642509  8865 naive_actor.cpp:25] actor 1099614388241 switch to &NaiveActor::HandlerNormal
I1013 11:54:44.642555  8865 thread.cpp:96] Thread 524337 construct Actor kTick 1099614388241
I1013 11:54:44.642619  8865 runtime_context.cpp:29] DecreaseCounter constructing_actor_cnt, current val is 331
I1013 11:54:44.642984  8865 naive_actor.cpp:25] actor 1099614388234 switch to &NaiveActor::HandlerNormal
I1013 11:54:44.643030  8865 thread.cpp:96] Thread 524337 construct Actor kTick 1099614388234
I1013 11:54:44.643095  8865 runtime_context.cpp:29] DecreaseCounter constructing_actor_cnt, current val is 330
I1013 11:54:44.643276  8877 naive_actor.cpp:25] actor 2199023255592 switch to &NaiveActor::HandlerNormal
I1013 11:54:44.643326  8877 thread.cpp:96] Thread 1048576 construct Actor kNormalForward 2199023255592
I1013 11:54:44.643390  8877 runtime_context.cpp:29] DecreaseCounter constructing_actor_cnt, current val is 329
I1013 11:54:44.643441  8865 naive_actor.cpp:25] actor 1099614388236 switch to &NaiveActor::HandlerNormal
I1013 11:54:44.643486  8865 thread.cpp:96] Thread 524337 construct Actor kSrcSubsetTick 1099614388236
I1013 11:54:44.643558  8865 runtime_context.cpp:29] DecreaseCounter constructing_actor_cnt, current val is 328
I1013 11:54:44.643836  8865 naive_actor.cpp:25] actor 1099614388230 switch to &NaiveActor::HandlerNormal
I1013 11:54:44.643882  8865 thread.cpp:96] Thread 524337 construct Actor kTick 1099614388230
I1013 11:54:44.643931  8865 runtime_context.cpp:29] DecreaseCounter constructing_actor_cnt, current val is 327
I1013 11:54:44.644163  8877 naive_actor.cpp:25] actor 2199023255608 switch to &NaiveActor::HandlerNormal
I1013 11:54:44.644213  8877 thread.cpp:96] Thread 1048576 construct Actor kNormalForward 2199023255608
I1013 11:54:44.644220  8865 naive_actor.cpp:25] actor 1099614388239 switch to &NaiveActor::HandlerNormal
I1013 11:54:44.644270  8865 thread.cpp:96] Thread 524337 construct Actor kDstSubsetTick 1099614388239
I1013 11:54:44.644292  8877 runtime_context.cpp:29] DecreaseCounter constructing_actor_cnt, current val is 326
I1013 11:54:44.644322  8865 runtime_context.cpp:29] DecreaseCounter constructing_actor_cnt, current val is 325
I1013 11:54:44.644600  8865 naive_actor.cpp:25] actor 1099614388224 switch to &NaiveActor::HandlerNormal
I1013 11:54:44.644649  8865 thread.cpp:96] Thread 524337 construct Actor kDeviceTick 1099614388224
I1013 11:54:44.644708  8865 runtime_context.cpp:29] DecreaseCounter constructing_actor_cnt, current val is 324
I1013 11:54:44.644980  8865 naive_actor.cpp:25] actor 1099614388242 switch to &NaiveActor::HandlerNormal
I1013 11:54:44.645026  8865 thread.cpp:96] Thread 524337 construct Actor kTick 1099614388242
I1013 11:54:44.645077  8865 runtime_context.cpp:29] DecreaseCounter constructing_actor_cnt, current val is 323
I1013 11:54:44.645123  8877 naive_actor.cpp:25] actor 2199023255634 switch to &NaiveActor::HandlerNormal
I1013 11:54:44.645172  8877 thread.cpp:96] Thread 1048576 construct Actor kNormalForward 2199023255634
I1013 11:54:44.645238  8877 runtime_context.cpp:29] DecreaseCounter constructing_actor_cnt, current val is 322
I1013 11:54:44.645344  8865 naive_actor.cpp:25] actor 1099614388307 switch to &NaiveActor::HandlerNormal
I1013 11:54:44.645388  8865 thread.cpp:96] Thread 524337 construct Actor kTick 1099614388307
I1013 11:54:44.645447  8865 runtime_context.cpp:29] DecreaseCounter constructing_actor_cnt, current val is 321
I1013 11:54:44.645726  8865 naive_actor.cpp:25] actor 1099614388244 switch to &NaiveActor::HandlerNormal
I1013 11:54:44.645771  8865 thread.cpp:96] Thread 524337 construct Actor kSrcSubsetTick 1099614388244
I1013 11:54:44.645821  8865 runtime_context.cpp:29] DecreaseCounter constructing_actor_cnt, current val is 320
I1013 11:54:44.645951  8877 naive_actor.cpp:25] actor 2199023255656 switch to &NaiveActor::HandlerNormal
I1013 11:54:44.646000  8877 thread.cpp:96] Thread 1048576 construct Actor kNormalForward 2199023255656
I1013 11:54:44.646081  8865 naive_actor.cpp:25] actor 1099614388243 switch to &NaiveActor::HandlerNormal
I1013 11:54:44.646147  8865 thread.cpp:96] Thread 524337 construct Actor kDeviceTick 1099614388243
I1013 11:54:44.646169  8877 runtime_context.cpp:29] DecreaseCounter constructing_actor_cnt, current val is 319
I1013 11:54:44.646196  8865 runtime_context.cpp:29] DecreaseCounter constructing_actor_cnt, current val is 318
I1013 11:54:44.646479  8865 naive_actor.cpp:25] actor 1099614388247 switch to &NaiveActor::HandlerNormal
I1013 11:54:44.646525  8865 thread.cpp:96] Thread 524337 construct Actor kTick 1099614388247
I1013 11:54:44.646575  8865 runtime_context.cpp:29] DecreaseCounter constructing_actor_cnt, current val is 317
I1013 11:54:44.646850  8865 naive_actor.cpp:25] actor 1099614388249 switch to &NaiveActor::HandlerNormal
I1013 11:54:44.646896  8865 thread.cpp:96] Thread 524337 construct Actor kTick 1099614388249
I1013 11:54:44.646945  8865 runtime_context.cpp:29] DecreaseCounter constructing_actor_cnt, current val is 316
I1013 11:54:44.647081  8877 naive_actor.cpp:25] actor 2199023255682 switch to &NaiveActor::HandlerNormal
I1013 11:54:44.647130  8877 thread.cpp:96] Thread 1048576 construct Actor kNormalForward 2199023255682
I1013 11:54:44.647190  8877 runtime_context.cpp:29] DecreaseCounter constructing_actor_cnt, current val is 315
I1013 11:54:44.647218  8865 naive_actor.cpp:25] actor 1099614388250 switch to &NaiveActor::HandlerNormal
I1013 11:54:44.647258  8865 thread.cpp:96] Thread 524337 construct Actor kTick 1099614388250
I1013 11:54:44.647316  8865 runtime_context.cpp:29] DecreaseCounter constructing_actor_cnt, current val is 314
I1013 11:54:44.647634  8865 naive_actor.cpp:25] actor 1099614388248 switch to &NaiveActor::HandlerNormal
I1013 11:54:44.647680  8865 thread.cpp:96] Thread 524337 construct Actor kDstSubsetTick 1099614388248
I1013 11:54:44.647737  8865 runtime_context.cpp:29] DecreaseCounter constructing_actor_cnt, current val is 313
I1013 11:54:44.647895  8877 naive_actor.cpp:25] actor 2199023255555 switch to &NaiveActor::HandlerNormal
I1013 11:54:44.647940  8877 thread.cpp:96] Thread 1048576 construct Actor kNormalForward 2199023255555
I1013 11:54:44.648000  8877 runtime_context.cpp:29] DecreaseCounter constructing_actor_cnt, current val is 312
I1013 11:54:44.648015  8865 naive_actor.cpp:25] actor 1099614388256 switch to &NaiveActor::HandlerNormal
I1013 11:54:44.648053  8865 thread.cpp:96] Thread 524337 construct Actor kTick 1099614388256
I1013 11:54:44.648113  8865 runtime_context.cpp:29] DecreaseCounter constructing_actor_cnt, current val is 311
I1013 11:54:44.648386  8865 naive_actor.cpp:25] actor 1099614388251 switch to &NaiveActor::HandlerNormal
I1013 11:54:44.648437  8865 thread.cpp:96] Thread 524337 construct Actor kTick 1099614388251
I1013 11:54:44.648488  8865 runtime_context.cpp:29] DecreaseCounter constructing_actor_cnt, current val is 310
I1013 11:54:44.648644  8877 naive_actor.cpp:25] actor 2199023255580 switch to &NaiveActor::HandlerNormal
I1013 11:54:44.648691  8877 thread.cpp:96] Thread 1048576 construct Actor kNormalForward 2199023255580
I1013 11:54:44.648753  8877 runtime_context.cpp:29] DecreaseCounter constructing_actor_cnt, current val is 309
I1013 11:54:44.648849  8865 naive_actor.cpp:25] actor 1099614388257 switch to &NaiveActor::HandlerNormal
I1013 11:54:44.648895  8865 thread.cpp:96] Thread 524337 construct Actor kDstSubsetTick 1099614388257
I1013 11:54:44.648952  8865 runtime_context.cpp:29] DecreaseCounter constructing_actor_cnt, current val is 308
I1013 11:54:44.649025  8877 naive_actor.cpp:25] actor 2199023255557 switch to &NaiveActor::HandlerNormal
I1013 11:54:44.649067  8877 thread.cpp:96] Thread 1048576 construct Actor kNormalForward 2199023255557
I1013 11:54:44.649116  8877 runtime_context.cpp:29] DecreaseCounter constructing_actor_cnt, current val is 307
I1013 11:54:44.649247  8865 naive_actor.cpp:25] actor 1099614388311 switch to &NaiveActor::HandlerNormal
I1013 11:54:44.649291  8865 thread.cpp:96] Thread 524337 construct Actor kTick 1099614388311
I1013 11:54:44.649340  8865 runtime_context.cpp:29] DecreaseCounter constructing_actor_cnt, current val is 306
I1013 11:54:44.649664  8865 naive_actor.cpp:25] actor 1099614388253 switch to &NaiveActor::HandlerNormal
I1013 11:54:44.649749  8865 thread.cpp:96] Thread 524337 construct Actor kSrcSubsetTick 1099614388253
I1013 11:54:44.649806  8865 runtime_context.cpp:29] DecreaseCounter constructing_actor_cnt, current val is 305
I1013 11:54:44.649876  8877 naive_actor.cpp:25] actor 2199023255579 switch to &NaiveActor::HandlerNormal
I1013 11:54:44.649921  8877 thread.cpp:96] Thread 1048576 construct Actor kNormalForward 2199023255579
I1013 11:54:44.649977  8877 runtime_context.cpp:29] DecreaseCounter constructing_actor_cnt, current val is 304
I1013 11:54:44.650090  8865 naive_actor.cpp:25] actor 1099614388252 switch to &NaiveActor::HandlerNormal
I1013 11:54:44.650135  8865 thread.cpp:96] Thread 524337 construct Actor kDeviceTick 1099614388252
I1013 11:54:44.650202  8865 runtime_context.cpp:29] DecreaseCounter constructing_actor_cnt, current val is 303
I1013 11:54:44.650290  8877 naive_actor.cpp:25] actor 2199023255571 switch to &NaiveActor::HandlerNormal
I1013 11:54:44.650336  8877 thread.cpp:96] Thread 1048576 construct Actor kNormalForward 2199023255571
I1013 11:54:44.650384  8877 runtime_context.cpp:29] DecreaseCounter constructing_actor_cnt, current val is 302
I1013 11:54:44.650547  8865 naive_actor.cpp:25] actor 1099614388258 switch to &NaiveActor::HandlerNormal
I1013 11:54:44.650602  8865 thread.cpp:96] Thread 524337 construct Actor kTick 1099614388258
I1013 11:54:44.650666  8865 runtime_context.cpp:29] DecreaseCounter constructing_actor_cnt, current val is 301
I1013 11:54:44.651026  8865 naive_actor.cpp:25] actor 1099614388259 switch to &NaiveActor::HandlerNormal
I1013 11:54:44.651078  8865 thread.cpp:96] Thread 524337 construct Actor kTick 1099614388259
I1013 11:54:44.651129  8865 runtime_context.cpp:29] DecreaseCounter constructing_actor_cnt, current val is 300
I1013 11:54:44.651306  8877 naive_actor.cpp:25] actor 2199023255559 switch to &NaiveActor::HandlerNormal
I1013 11:54:44.651355  8877 thread.cpp:96] Thread 1048576 construct Actor kNormalForward 2199023255559
I1013 11:54:44.651422  8877 runtime_context.cpp:29] DecreaseCounter constructing_actor_cnt, current val is 299
I1013 11:54:44.651470  8865 naive_actor.cpp:25] actor 1099614388260 switch to &NaiveActor::HandlerNormal
I1013 11:54:44.651512  8865 thread.cpp:96] Thread 524337 construct Actor kTick 1099614388260
I1013 11:54:44.651571  8865 runtime_context.cpp:29] DecreaseCounter constructing_actor_cnt, current val is 298
I1013 11:54:44.651890  8865 naive_actor.cpp:25] actor 1099614388262 switch to &NaiveActor::HandlerNormal
I1013 11:54:44.651932  8865 thread.cpp:96] Thread 524337 construct Actor kSrcSubsetTick 1099614388262
I1013 11:54:44.651991  8865 runtime_context.cpp:29] DecreaseCounter constructing_actor_cnt, current val is 297
I1013 11:54:44.652252  8877 naive_actor.cpp:25] actor 2199023255613 switch to &NaiveActor::HandlerNormal
I1013 11:54:44.652297  8877 thread.cpp:96] Thread 1048576 construct Actor kNormalForward 2199023255613
I1013 11:54:44.652354  8877 runtime_context.cpp:29] DecreaseCounter constructing_actor_cnt, current val is 296
I1013 11:54:44.652500  8865 esac_actor.cpp:73] actor 1099614388323 switch to &EsacActor::HandlerNormal
I1013 11:54:44.652542  8865 thread.cpp:96] Thread 524337 construct Actor kEsac 1099614388323
I1013 11:54:44.652616  8865 runtime_context.cpp:29] DecreaseCounter constructing_actor_cnt, current val is 295
I1013 11:54:44.652941  8865 naive_actor.cpp:25] actor 1099614388265 switch to &NaiveActor::HandlerNormal
I1013 11:54:44.652984  8865 thread.cpp:96] Thread 524337 construct Actor kTick 1099614388265
I1013 11:54:44.653035  8865 runtime_context.cpp:29] DecreaseCounter constructing_actor_cnt, current val is 294
I1013 11:54:44.653301  8877 naive_actor.cpp:25] actor 2199023255584 switch to &NaiveActor::HandlerNormal
I1013 11:54:44.653345  8877 thread.cpp:96] Thread 1048576 construct Actor kNormalForward 2199023255584
I1013 11:54:44.653352  8865 naive_actor.cpp:25] actor 1099614388261 switch to &NaiveActor::HandlerNormal
I1013 11:54:44.653415  8877 runtime_context.cpp:29] DecreaseCounter constructing_actor_cnt, current val is 293
I1013 11:54:44.653513  8865 thread.cpp:96] Thread 524337 construct Actor kDeviceTick 1099614388261
I1013 11:54:44.653573  8865 runtime_context.cpp:29] DecreaseCounter constructing_actor_cnt, current val is 292
I1013 11:54:44.653859  8865 naive_actor.cpp:25] actor 1099614388267 switch to &NaiveActor::HandlerNormal
I1013 11:54:44.653900  8865 thread.cpp:96] Thread 524337 construct Actor kTick 1099614388267
I1013 11:54:44.653949  8865 runtime_context.cpp:29] DecreaseCounter constructing_actor_cnt, current val is 291
I1013 11:54:44.654251  8865 naive_actor.cpp:25] actor 1099614388266 switch to &NaiveActor::HandlerNormal
I1013 11:54:44.654295  8865 thread.cpp:96] Thread 524337 construct Actor kDstSubsetTick 1099614388266
I1013 11:54:44.654304  8877 naive_actor.cpp:25] actor 2199023255582 switch to &NaiveActor::HandlerNormal
I1013 11:54:44.654342  8877 thread.cpp:96] Thread 1048576 construct Actor kNormalForward 2199023255582
I1013 11:54:44.654356  8865 runtime_context.cpp:29] DecreaseCounter constructing_actor_cnt, current val is 290
I1013 11:54:44.654397  8877 runtime_context.cpp:29] DecreaseCounter constructing_actor_cnt, current val is 289
I1013 11:54:44.654626  8865 naive_actor.cpp:25] actor 1099614388268 switch to &NaiveActor::HandlerNormal
I1013 11:54:44.654670  8865 thread.cpp:96] Thread 524337 construct Actor kTick 1099614388268
I1013 11:54:44.654718  8865 runtime_context.cpp:29] DecreaseCounter constructing_actor_cnt, current val is 288
I1013 11:54:44.654970  8865 naive_actor.cpp:25] actor 1099614388275 switch to &NaiveActor::HandlerNormal
I1013 11:54:44.655014  8865 thread.cpp:96] Thread 524337 construct Actor kTick 1099614388275
I1013 11:54:44.655061  8865 runtime_context.cpp:29] DecreaseCounter constructing_actor_cnt, current val is 287
I1013 11:54:44.655107  8877 naive_actor.cpp:25] actor 2199023255626 switch to &NaiveActor::HandlerNormal
I1013 11:54:44.655149  8877 thread.cpp:96] Thread 1048576 construct Actor kNormalForward 2199023255626
I1013 11:54:44.655206  8877 runtime_context.cpp:29] DecreaseCounter constructing_actor_cnt, current val is 286
I1013 11:54:44.655385  8865 naive_actor.cpp:25] actor 1099614388321 switch to &NaiveActor::HandlerNormal
I1013 11:54:44.655447  8865 thread.cpp:96] Thread 524337 construct Actor kTick 1099614388321
I1013 11:54:44.655508  8865 runtime_context.cpp:29] DecreaseCounter constructing_actor_cnt, current val is 285
I1013 11:54:44.655874  8865 naive_actor.cpp:25] actor 1099614388284 switch to &NaiveActor::HandlerNormal
I1013 11:54:44.655921  8865 thread.cpp:96] Thread 524337 construct Actor kTick 1099614388284
I1013 11:54:44.655977  8865 runtime_context.cpp:29] DecreaseCounter constructing_actor_cnt, current val is 284
I1013 11:54:44.656239  8877 naive_actor.cpp:25] actor 2199023255554 switch to &NaiveActor::HandlerNormal
I1013 11:54:44.656306  8865 naive_actor.cpp:25] actor 1099614388277 switch to &NaiveActor::HandlerNormal
I1013 11:54:44.656308  8877 thread.cpp:96] Thread 1048576 construct Actor kNormalForward 2199023255554
I1013 11:54:44.656371  8865 thread.cpp:96] Thread 524337 construct Actor kTick 1099614388277
I1013 11:54:44.656442  8877 runtime_context.cpp:29] DecreaseCounter constructing_actor_cnt, current val is 283
I1013 11:54:44.656489  8865 runtime_context.cpp:29] DecreaseCounter constructing_actor_cnt, current val is 282
I1013 11:54:44.657048  8865 naive_actor.cpp:25] actor 1099614388308 switch to &NaiveActor::HandlerNormal
I1013 11:54:44.657130  8865 thread.cpp:96] Thread 524337 construct Actor kTick 1099614388308
I1013 11:54:44.657209  8865 runtime_context.cpp:29] DecreaseCounter constructing_actor_cnt, current val is 281
I1013 11:54:44.657239  8877 naive_actor.cpp:25] actor 2199023255570 switch to &NaiveActor::HandlerNormal
I1013 11:54:44.657289  8877 thread.cpp:96] Thread 1048576 construct Actor kNormalForward 2199023255570
I1013 11:54:44.657344  8877 runtime_context.cpp:29] DecreaseCounter constructing_actor_cnt, current val is 280
I1013 11:54:44.657683  8865 naive_actor.cpp:25] actor 1099614388281 switch to &NaiveActor::HandlerNormal
I1013 11:54:44.657821  8877 naive_actor.cpp:25] actor 2199023255578 switch to &NaiveActor::HandlerNormal
I1013 11:54:44.657856  8877 thread.cpp:96] Thread 1048576 construct Actor kNormalForward 2199023255578
I1013 11:54:44.657835  8865 thread.cpp:96] Thread 524337 construct Actor kTick 1099614388281
I1013 11:54:44.657907  8877 runtime_context.cpp:29] DecreaseCounter constructing_actor_cnt, current val is 279
I1013 11:54:44.657960  8865 runtime_context.cpp:29] DecreaseCounter constructing_actor_cnt, current val is 278
I1013 11:54:44.658448  8865 naive_actor.cpp:25] actor 1099614388269 switch to &NaiveActor::HandlerNormal
I1013 11:54:44.658525  8865 thread.cpp:96] Thread 524337 construct Actor kDeviceTick 1099614388269
I1013 11:54:44.658617  8865 runtime_context.cpp:29] DecreaseCounter constructing_actor_cnt, current val is 277
I1013 11:54:44.658867  8877 naive_actor.cpp:25] actor 2199023255612 switch to &NaiveActor::HandlerNormal
I1013 11:54:44.658929  8877 thread.cpp:96] Thread 1048576 construct Actor kNormalForward 2199023255612
I1013 11:54:44.658991  8877 runtime_context.cpp:29] DecreaseCounter constructing_actor_cnt, current val is 276
I1013 11:54:44.659042  8865 naive_actor.cpp:25] actor 1099614388283 switch to &NaiveActor::HandlerNormal
I1013 11:54:44.659107  8865 thread.cpp:96] Thread 524337 construct Actor kTick 1099614388283
I1013 11:54:44.659183  8865 runtime_context.cpp:29] DecreaseCounter constructing_actor_cnt, current val is 275
I1013 11:54:44.659278  8877 naive_actor.cpp:25] actor 2199023255581 switch to &NaiveActor::HandlerNormal
I1013 11:54:44.659324  8877 thread.cpp:96] Thread 1048576 construct Actor kNormalForward 2199023255581
I1013 11:54:44.659379  8877 runtime_context.cpp:29] DecreaseCounter constructing_actor_cnt, current val is 274
I1013 11:54:44.659624  8865 naive_actor.cpp:25] actor 1099614388270 switch to &NaiveActor::HandlerNormal
I1013 11:54:44.659683  8865 thread.cpp:96] Thread 524337 construct Actor kSrcSubsetTick 1099614388270
I1013 11:54:44.659760  8865 runtime_context.cpp:29] DecreaseCounter constructing_actor_cnt, current val is 273
I1013 11:54:44.660056  8877 naive_actor.cpp:25] actor 2199023255556 switch to &NaiveActor::HandlerNormal
I1013 11:54:44.660110  8877 thread.cpp:96] Thread 1048576 construct Actor kNormalForward 2199023255556
I1013 11:54:44.660171  8877 runtime_context.cpp:29] DecreaseCounter constructing_actor_cnt, current val is 272
I1013 11:54:44.660216  8865 naive_actor.cpp:25] actor 1099614388274 switch to &NaiveActor::HandlerNormal
I1013 11:54:44.660275  8865 thread.cpp:96] Thread 524337 construct Actor kDstSubsetTick 1099614388274
I1013 11:54:44.660375  8865 runtime_context.cpp:29] DecreaseCounter constructing_actor_cnt, current val is 271
I1013 11:54:44.660774  8865 naive_actor.cpp:25] actor 1099614388276 switch to &NaiveActor::HandlerNormal
I1013 11:54:44.660831  8865 thread.cpp:96] Thread 524337 construct Actor kTick 1099614388276
I1013 11:54:44.660871  8877 naive_actor.cpp:25] actor 2199023255623 switch to &NaiveActor::HandlerNormal
I1013 11:54:44.660902  8877 thread.cpp:96] Thread 1048576 construct Actor kNormalForward 2199023255623
I1013 11:54:44.660912  8865 runtime_context.cpp:29] DecreaseCounter constructing_actor_cnt, current val is 270
I1013 11:54:44.660957  8877 runtime_context.cpp:29] DecreaseCounter constructing_actor_cnt, current val is 269
I1013 11:54:44.661299  8865 naive_actor.cpp:25] actor 1099614388279 switch to &NaiveActor::HandlerNormal
I1013 11:54:44.661357  8865 thread.cpp:96] Thread 524337 construct Actor kSrcSubsetTick 1099614388279
I1013 11:54:44.661438  8865 runtime_context.cpp:29] DecreaseCounter constructing_actor_cnt, current val is 268
I1013 11:54:44.661597  8877 naive_actor.cpp:25] actor 2199023255585 switch to &NaiveActor::HandlerNormal
I1013 11:54:44.661646  8877 thread.cpp:96] Thread 1048576 construct Actor kNormalForward 2199023255585
I1013 11:54:44.661717  8877 runtime_context.cpp:29] DecreaseCounter constructing_actor_cnt, current val is 267
I1013 11:54:44.661913  8865 naive_actor.cpp:25] actor 1099614388282 switch to &NaiveActor::HandlerNormal
I1013 11:54:44.661984  8865 thread.cpp:96] Thread 524337 construct Actor kDstSubsetTick 1099614388282
I1013 11:54:44.662062  8865 runtime_context.cpp:29] DecreaseCounter constructing_actor_cnt, current val is 266
I1013 11:54:44.662067  8877 naive_actor.cpp:25] actor 2199023255576 switch to &NaiveActor::HandlerNormal
I1013 11:54:44.662150  8877 thread.cpp:96] Thread 1048576 construct Actor kNormalForward 2199023255576
I1013 11:54:44.662206  8877 runtime_context.cpp:29] DecreaseCounter constructing_actor_cnt, current val is 265
I1013 11:54:44.662482  8865 naive_actor.cpp:25] actor 1099614388273 switch to &NaiveActor::HandlerNormal
