I1012 16:13:12.067255  7350 naive_actor.cpp:25] actor 2207613190449 switch to &NaiveActor::HandlerNormal
I1012 16:13:12.067446  7350 thread.cpp:96] Thread 1052672 construct Actor kNormalForward 2207613190449
I1012 16:13:12.067551  7350 runtime_context.cpp:29] DecreaseCounter constructing_actor_cnt, current val is 36
I1012 16:13:12.067878  7350 naive_actor.cpp:25] actor 2207613190435 switch to &NaiveActor::HandlerNormal
I1012 16:13:12.067972  7350 thread.cpp:96] Thread 1052672 construct Actor kNormalForward 2207613190435
I1012 16:13:12.068066  7350 runtime_context.cpp:29] DecreaseCounter constructing_actor_cnt, current val is 35
I1012 16:13:12.068385  7350 naive_actor.cpp:25] actor 2207613190420 switch to &NaiveActor::HandlerNormal
I1012 16:13:12.068490  7350 thread.cpp:96] Thread 1052672 construct Actor kNormalForward 2207613190420
I1012 16:13:12.068603  7350 runtime_context.cpp:29] DecreaseCounter constructing_actor_cnt, current val is 34
I1012 16:13:12.068905  7350 naive_actor.cpp:25] actor 2207613190438 switch to &NaiveActor::HandlerNormal
I1012 16:13:12.068995  7350 thread.cpp:96] Thread 1052672 construct Actor kNormalForward 2207613190438
I1012 16:13:12.069087  7350 runtime_context.cpp:29] DecreaseCounter constructing_actor_cnt, current val is 33
I1012 16:13:12.069391  7350 naive_actor.cpp:25] actor 2207613190415 switch to &NaiveActor::HandlerNormal
I1012 16:13:12.069510  7350 thread.cpp:96] Thread 1052672 construct Actor kNormalForward 2207613190415
I1012 16:13:12.069612  7350 runtime_context.cpp:29] DecreaseCounter constructing_actor_cnt, current val is 32
I1012 16:13:12.069913  7350 naive_actor.cpp:25] actor 2207613190440 switch to &NaiveActor::HandlerNormal
I1012 16:13:12.069988  7350 thread.cpp:96] Thread 1052672 construct Actor kNormalForward 2207613190440
I1012 16:13:12.070078  7350 runtime_context.cpp:29] DecreaseCounter constructing_actor_cnt, current val is 31
I1012 16:13:12.070382  7350 naive_actor.cpp:25] actor 2207613190417 switch to &NaiveActor::HandlerNormal
I1012 16:13:12.070482  7350 thread.cpp:96] Thread 1052672 construct Actor kNormalForward 2207613190417
I1012 16:13:12.070585  7350 runtime_context.cpp:29] DecreaseCounter constructing_actor_cnt, current val is 30
I1012 16:13:12.070894  7350 naive_actor.cpp:25] actor 2207613190416 switch to &NaiveActor::HandlerNormal
I1012 16:13:12.070988  7350 thread.cpp:96] Thread 1052672 construct Actor kNormalForward 2207613190416
I1012 16:13:12.071071  7350 runtime_context.cpp:29] DecreaseCounter constructing_actor_cnt, current val is 29
I1012 16:13:12.071380  7350 naive_actor.cpp:25] actor 2207613190448 switch to &NaiveActor::HandlerNormal
I1012 16:13:12.071465  7350 thread.cpp:96] Thread 1052672 construct Actor kNormalForward 2207613190448
I1012 16:13:12.071537  7350 runtime_context.cpp:29] DecreaseCounter constructing_actor_cnt, current val is 28
I1012 16:13:12.071825  7350 naive_actor.cpp:25] actor 2207613190421 switch to &NaiveActor::HandlerNormal
I1012 16:13:12.071903  7350 thread.cpp:96] Thread 1052672 construct Actor kNormalForward 2207613190421
I1012 16:13:12.071987  7350 runtime_context.cpp:29] DecreaseCounter constructing_actor_cnt, current val is 27
I1012 16:13:12.072280  7350 naive_actor.cpp:25] actor 2207613190430 switch to &NaiveActor::HandlerNormal
I1012 16:13:12.072367  7350 thread.cpp:96] Thread 1052672 construct Actor kNormalForward 2207613190430
I1012 16:13:12.072465  7350 runtime_context.cpp:29] DecreaseCounter constructing_actor_cnt, current val is 26
I1012 16:13:12.072772  7350 naive_actor.cpp:25] actor 2207613190431 switch to &NaiveActor::HandlerNormal
I1012 16:13:12.072855  7350 thread.cpp:96] Thread 1052672 construct Actor kNormalForward 2207613190431
I1012 16:13:12.072948  7350 runtime_context.cpp:29] DecreaseCounter constructing_actor_cnt, current val is 25
I1012 16:13:12.073251  7350 naive_actor.cpp:25] actor 2207613190429 switch to &NaiveActor::HandlerNormal
I1012 16:13:12.073339  7350 thread.cpp:96] Thread 1052672 construct Actor kNormalForward 2207613190429
I1012 16:13:12.073448  7350 runtime_context.cpp:29] DecreaseCounter constructing_actor_cnt, current val is 24
I1012 16:13:12.073776  7350 naive_actor.cpp:25] actor 2207613190422 switch to &NaiveActor::HandlerNormal
I1012 16:13:12.073963  7350 thread.cpp:96] Thread 1052672 construct Actor kNormalForward 2207613190422
I1012 16:13:12.074069  7350 runtime_context.cpp:29] DecreaseCounter constructing_actor_cnt, current val is 23
I1012 16:13:12.074548  7350 naive_actor.cpp:25] actor 2207613190428 switch to &NaiveActor::HandlerNormal
I1012 16:13:12.083470  7350 thread.cpp:96] Thread 1052672 construct Actor kNormalForward 2207613190428
I1012 16:13:12.083739  7350 runtime_context.cpp:29] DecreaseCounter constructing_actor_cnt, current val is 22
I1012 16:13:12.086244  7350 naive_actor.cpp:25] actor 2207613190451 switch to &NaiveActor::HandlerNormal
I1012 16:13:12.086380  7350 thread.cpp:96] Thread 1052672 construct Actor kNormalForward 2207613190451
I1012 16:13:12.086621  7350 runtime_context.cpp:29] DecreaseCounter constructing_actor_cnt, current val is 21
I1012 16:13:12.087045  7350 naive_actor.cpp:25] actor 2207613190423 switch to &NaiveActor::HandlerNormal
I1012 16:13:12.087141  7350 thread.cpp:96] Thread 1052672 construct Actor kNormalForward 2207613190423
I1012 16:13:12.087235  7350 runtime_context.cpp:29] DecreaseCounter constructing_actor_cnt, current val is 20
I1012 16:13:12.087580  7350 naive_actor.cpp:25] actor 2207613190427 switch to &NaiveActor::HandlerNormal
I1012 16:13:12.087662  7350 thread.cpp:96] Thread 1052672 construct Actor kNormalForward 2207613190427
I1012 16:13:12.087738  7350 runtime_context.cpp:29] DecreaseCounter constructing_actor_cnt, current val is 19
I1012 16:13:12.088042  7350 naive_actor.cpp:25] actor 2207613190432 switch to &NaiveActor::HandlerNormal
I1012 16:13:12.088117  7350 thread.cpp:96] Thread 1052672 construct Actor kNormalForward 2207613190432
I1012 16:13:12.088198  7350 runtime_context.cpp:29] DecreaseCounter constructing_actor_cnt, current val is 18
I1012 16:13:12.088501  7350 naive_actor.cpp:25] actor 2207613190424 switch to &NaiveActor::HandlerNormal
I1012 16:13:12.088577  7350 thread.cpp:96] Thread 1052672 construct Actor kNormalForward 2207613190424
I1012 16:13:12.088654  7350 runtime_context.cpp:29] DecreaseCounter constructing_actor_cnt, current val is 17
I1012 16:13:12.088955  7350 naive_actor.cpp:25] actor 2207613190419 switch to &NaiveActor::HandlerNormal
I1012 16:13:12.089028  7350 thread.cpp:96] Thread 1052672 construct Actor kNormalForward 2207613190419
I1012 16:13:12.089098  7350 runtime_context.cpp:29] DecreaseCounter constructing_actor_cnt, current val is 16
I1012 16:13:12.089401  7350 naive_actor.cpp:25] actor 2207613190426 switch to &NaiveActor::HandlerNormal
I1012 16:13:12.089499  7350 thread.cpp:96] Thread 1052672 construct Actor kNormalForward 2207613190426
I1012 16:13:12.089599  7350 runtime_context.cpp:29] DecreaseCounter constructing_actor_cnt, current val is 15
I1012 16:13:12.089902  7350 naive_actor.cpp:25] actor 2207613190425 switch to &NaiveActor::HandlerNormal
I1012 16:13:12.089982  7350 thread.cpp:96] Thread 1052672 construct Actor kNormalForward 2207613190425
I1012 16:13:12.090054  7350 runtime_context.cpp:29] DecreaseCounter constructing_actor_cnt, current val is 14
I1012 16:13:12.090338  7350 naive_actor.cpp:25] actor 2207613190436 switch to &NaiveActor::HandlerNormal
I1012 16:13:12.090435  7350 thread.cpp:96] Thread 1052672 construct Actor kNormalForward 2207613190436
I1012 16:13:12.090543  7350 runtime_context.cpp:29] DecreaseCounter constructing_actor_cnt, current val is 13
I1012 16:13:12.090847  7350 naive_actor.cpp:25] actor 2207613190433 switch to &NaiveActor::HandlerNormal
I1012 16:13:12.090935  7350 thread.cpp:96] Thread 1052672 construct Actor kNormalForward 2207613190433
I1012 16:13:12.091020  7350 runtime_context.cpp:29] DecreaseCounter constructing_actor_cnt, current val is 12
I1012 16:13:12.091325  7350 naive_actor.cpp:25] actor 2207613190418 switch to &NaiveActor::HandlerNormal
I1012 16:13:12.091401  7350 thread.cpp:96] Thread 1052672 construct Actor kNormalForward 2207613190418
I1012 16:13:12.091495  7350 runtime_context.cpp:29] DecreaseCounter constructing_actor_cnt, current val is 11
I1012 16:13:12.091801  7350 naive_actor.cpp:25] actor 2207613190446 switch to &NaiveActor::HandlerNormal
I1012 16:13:12.091989  7350 thread.cpp:96] Thread 1052672 construct Actor kNormalForward 2207613190446
I1012 16:13:12.092078  7350 runtime_context.cpp:29] DecreaseCounter constructing_actor_cnt, current val is 10
I1012 16:13:12.092371  7350 naive_actor.cpp:25] actor 2207613190441 switch to &NaiveActor::HandlerNormal
I1012 16:13:12.092454  7350 thread.cpp:96] Thread 1052672 construct Actor kNormalForward 2207613190441
I1012 16:13:12.094311  7350 runtime_context.cpp:29] DecreaseCounter constructing_actor_cnt, current val is 9
I1012 16:13:12.094720  7350 naive_actor.cpp:25] actor 2207613190442 switch to &NaiveActor::HandlerNormal
I1012 16:13:12.094799  7350 thread.cpp:96] Thread 1052672 construct Actor kNormalForward 2207613190442
I1012 16:13:12.096343  7350 runtime_context.cpp:29] DecreaseCounter constructing_actor_cnt, current val is 8
I1012 16:13:12.096733  7350 naive_actor.cpp:25] actor 2207613190443 switch to &NaiveActor::HandlerNormal
I1012 16:13:12.098551  7350 thread.cpp:96] Thread 1052672 construct Actor kNormalForward 2207613190443
I1012 16:13:12.098693  7350 runtime_context.cpp:29] DecreaseCounter constructing_actor_cnt, current val is 7
I1012 16:13:12.099072  7350 naive_actor.cpp:25] actor 2207613190452 switch to &NaiveActor::HandlerNormal
I1012 16:13:12.099159  7350 thread.cpp:96] Thread 1052672 construct Actor kDeviceTick 2207613190452
I1012 16:13:12.099232  7350 runtime_context.cpp:29] DecreaseCounter constructing_actor_cnt, current val is 6
I1012 16:13:12.099562  7350 naive_actor.cpp:25] actor 2207613190439 switch to &NaiveActor::HandlerNormal
I1012 16:13:12.099642  7350 thread.cpp:96] Thread 1052672 construct Actor kNormalForward 2207613190439
I1012 16:13:12.099717  7350 runtime_context.cpp:29] DecreaseCounter constructing_actor_cnt, current val is 5
I1012 16:13:12.100010  7350 naive_actor.cpp:25] actor 2207613190444 switch to &NaiveActor::HandlerNormal
I1012 16:13:12.100088  7350 thread.cpp:96] Thread 1052672 construct Actor kNormalForward 2207613190444
I1012 16:13:12.100162  7350 runtime_context.cpp:29] DecreaseCounter constructing_actor_cnt, current val is 4
I1012 16:13:12.100459  7350 naive_actor.cpp:25] actor 2207613190445 switch to &NaiveActor::HandlerNormal
I1012 16:13:12.102562  7350 thread.cpp:96] Thread 1052672 construct Actor kNormalForward 2207613190445
I1012 16:13:12.102710  7350 runtime_context.cpp:29] DecreaseCounter constructing_actor_cnt, current val is 3
I1012 16:13:12.103081  7350 naive_actor.cpp:25] actor 2207613190447 switch to &NaiveActor::HandlerNormal
I1012 16:13:12.103163  7350 thread.cpp:96] Thread 1052672 construct Actor kNormalForward 2207613190447
I1012 16:13:12.103230  7350 runtime_context.cpp:29] DecreaseCounter constructing_actor_cnt, current val is 2
I1012 16:13:12.106845  7350 naive_actor.cpp:25] actor 2207613190450 switch to &NaiveActor::HandlerNormal
I1012 16:13:12.110150  7350 thread.cpp:96] Thread 1052672 construct Actor kNormalForward 2207613190450
I1012 16:13:12.110385  7350 runtime_context.cpp:29] DecreaseCounter constructing_actor_cnt, current val is 1
I1012 16:13:12.110893  7350 naive_actor.cpp:25] actor 2207613190434 switch to &NaiveActor::HandlerNormal
I1012 16:13:12.110975  7350 thread.cpp:96] Thread 1052672 construct Actor kNormalForward 2207613190434
I1012 16:13:12.111060  7350 runtime_context.cpp:29] DecreaseCounter constructing_actor_cnt, current val is 0
I1012 16:13:12.111339  6226 runtime.cpp:93] Actors on this machine constructed
I1012 16:13:12.111510  6226 runtime.cpp:95] Actors on every machine constructed
I1012 16:13:12.111599  6226 runtime_context.cpp:21] NewCounter job_5_running_actor_count 41
I1012 16:13:12.111675  6226 runtime_context.cpp:21] NewCounter job_4_running_actor_count 22
I1012 16:13:12.111737  6226 runtime_context.cpp:21] NewCounter job_3_running_actor_count 91
I1012 16:13:12.111809  6226 runtime_context.cpp:21] NewCounter job_2_running_actor_count 91
I1012 16:13:12.111881  6226 runtime_context.cpp:21] NewCounter job_0_running_actor_count 447
I1012 16:13:12.111943  6226 runtime_context.cpp:21] NewCounter job_1_running_actor_count 89
I1012 16:13:12.112143  7277 wait_and_send_ids_actor.cpp:73] actor 1099616485376 switch to &WaitAndSendIdsActor::HandlerNormal
I1012 16:13:12.112501  6226 global.h:36] NewGlobal N7oneflow7JobDescE
I1012 16:13:12.199865  6226 global.h:43] DeleteGlobal N7oneflow7JobDescE
I1012 16:13:13.246299  7350 local.cpp:114] waiting for key: eager_nccl_unique_id_rpc_key,0:0,0:1
I1012 16:13:13.267673  7314 eager_nccl_comm_manager.cpp:69]  EagerNcclCommMgr::ncclCommInitRank device_vec.size() = 2, nccl_unique_id = 0200ffffffdeffffffcb0b0b010e000000000000000000000000000000000000000000000000000000000000000000000000000000000000000000000000000000000000000000000000000000000000000000000000000000000000000000000000000000000000000000000000000000000000000000000000000000000000000000000000, rank = 0, key = {eager_nccl_unique_id_rpc_key,0:0,0:1}
I1012 16:13:13.267686  7350 eager_nccl_comm_manager.cpp:69]  EagerNcclCommMgr::ncclCommInitRank device_vec.size() = 2, nccl_unique_id = 0200ffffffdeffffffcb0b0b010e000000000000000000000000000000000000000000000000000000000000000000000000000000000000000000000000000000000000000000000000000000000000000000000000000000000000000000000000000000000000000000000000000000000000000000000000000000000000000000000000, rank = 1, key = {eager_nccl_unique_id_rpc_key,0:0,0:1}
I1012 16:13:57.981957  6226 global.h:43] DeleteGlobal N7oneflow7OneflowE
I1012 16:13:57.982309  7277 actor.cpp:411] actor 1099616485376 switch to &Actor::HandlerZombie
I1012 16:13:57.982348  7276 actor.cpp:411] actor 1099614388296 switch to &Actor::HandlerZombie
I1012 16:13:57.982470  7277 thread.cpp:76] thread 524338 deconstruct actor 1099616485376
I1012 16:13:57.982528  7276 actor.cpp:408] actor 1099614388297 switch to nullptr
I1012 16:13:57.982646  7276 thread.cpp:76] thread 524337 deconstruct actor 1099614388297
I1012 16:13:57.982807  7277 runtime_context.cpp:29] DecreaseCounter job_5_running_actor_count, current val is 40
I1012 16:13:57.983018  7276 runtime_context.cpp:29] DecreaseCounter job_5_running_actor_count, current val is 39
I1012 16:13:57.983098  7276 actor.cpp:408] actor 1099614388322 switch to nullptr
I1012 16:13:57.983144  7276 thread.cpp:76] thread 524337 deconstruct actor 1099614388322
I1012 16:13:57.983300  7276 runtime_context.cpp:29] DecreaseCounter job_5_running_actor_count, current val is 38
I1012 16:13:57.983369  7276 actor.cpp:408] actor 1099614388302 switch to nullptr
I1012 16:13:57.983420  7276 thread.cpp:76] thread 524337 deconstruct actor 1099614388302
I1012 16:13:57.983578  7276 runtime_context.cpp:29] DecreaseCounter job_5_running_actor_count, current val is 37
I1012 16:13:57.983642  7276 actor.cpp:408] actor 1099614388298 switch to nullptr
I1012 16:13:57.983696  7276 thread.cpp:76] thread 524337 deconstruct actor 1099614388298
I1012 16:13:57.983821  7276 runtime_context.cpp:29] DecreaseCounter job_5_running_actor_count, current val is 36
I1012 16:13:57.983880  7276 actor.cpp:408] actor 1099614388306 switch to nullptr
I1012 16:13:57.983914  7276 thread.cpp:76] thread 524337 deconstruct actor 1099614388306
I1012 16:13:57.984043  7276 runtime_context.cpp:29] DecreaseCounter job_5_running_actor_count, current val is 35
I1012 16:13:57.984109  7276 actor.cpp:408] actor 1099614388310 switch to nullptr
I1012 16:13:57.984148  7276 thread.cpp:76] thread 524337 deconstruct actor 1099614388310
I1012 16:13:57.984275  7276 runtime_context.cpp:29] DecreaseCounter job_5_running_actor_count, current val is 34
I1012 16:13:57.984349  7276 actor.cpp:408] actor 1099614388314 switch to nullptr
I1012 16:13:57.984397  7276 thread.cpp:76] thread 524337 deconstruct actor 1099614388314
I1012 16:13:57.984530  7276 runtime_context.cpp:29] DecreaseCounter job_5_running_actor_count, current val is 33
I1012 16:13:57.984596  7276 actor.cpp:408] actor 1099614388318 switch to nullptr
I1012 16:13:57.984637  7276 thread.cpp:76] thread 524337 deconstruct actor 1099614388318
I1012 16:13:57.984762  7276 runtime_context.cpp:29] DecreaseCounter job_5_running_actor_count, current val is 32
I1012 16:13:57.984946  7276 actor.cpp:408] actor 1099614388323 switch to nullptr
I1012 16:13:57.985009  7276 thread.cpp:76] thread 524337 deconstruct actor 1099614388323
I1012 16:13:57.985143  7276 runtime_context.cpp:29] DecreaseCounter job_5_running_actor_count, current val is 31
I1012 16:13:57.985200  7276 actor.cpp:408] actor 1099614388303 switch to nullptr
I1012 16:13:57.985249  7276 thread.cpp:76] thread 524337 deconstruct actor 1099614388303
I1012 16:13:57.985373  7276 runtime_context.cpp:29] DecreaseCounter job_5_running_actor_count, current val is 30
I1012 16:13:57.985433  7276 actor.cpp:408] actor 1099614388299 switch to nullptr
I1012 16:13:57.985484  7276 thread.cpp:76] thread 524337 deconstruct actor 1099614388299
I1012 16:13:57.985621  7276 runtime_context.cpp:29] DecreaseCounter job_5_running_actor_count, current val is 29
I1012 16:13:57.985699  7276 actor.cpp:408] actor 1099614388307 switch to nullptr
I1012 16:13:57.985741  7276 thread.cpp:76] thread 524337 deconstruct actor 1099614388307
I1012 16:13:57.985865  7276 runtime_context.cpp:29] DecreaseCounter job_5_running_actor_count, current val is 28
I1012 16:13:57.985924  7276 actor.cpp:408] actor 1099614388311 switch to nullptr
I1012 16:13:57.985965  7276 thread.cpp:76] thread 524337 deconstruct actor 1099614388311
I1012 16:13:57.986105  7276 runtime_context.cpp:29] DecreaseCounter job_5_running_actor_count, current val is 27
I1012 16:13:57.986166  7276 actor.cpp:408] actor 1099614388315 switch to nullptr
I1012 16:13:57.986207  7276 thread.cpp:76] thread 524337 deconstruct actor 1099614388315
I1012 16:13:57.986508  7276 runtime_context.cpp:29] DecreaseCounter job_5_running_actor_count, current val is 26
I1012 16:13:57.986577  7276 actor.cpp:408] actor 1099614388319 switch to nullptr
I1012 16:13:57.986619  7276 thread.cpp:76] thread 524337 deconstruct actor 1099614388319
I1012 16:13:57.986752  7276 runtime_context.cpp:29] DecreaseCounter job_5_running_actor_count, current val is 25
I1012 16:13:57.986824  7276 actor.cpp:408] actor 1099614388292 switch to nullptr
I1012 16:13:57.986876  7276 thread.cpp:76] thread 524337 deconstruct actor 1099614388292
I1012 16:13:57.987018  7276 runtime_context.cpp:29] DecreaseCounter job_4_running_actor_count, current val is 21
I1012 16:13:57.987079  7276 actor.cpp:408] actor 1099614388244 switch to nullptr
I1012 16:13:57.987123  7276 thread.cpp:76] thread 524337 deconstruct actor 1099614388244
I1012 16:13:57.987257  7276 runtime_context.cpp:29] DecreaseCounter job_0_running_actor_count, current val is 446
I1012 16:13:57.987313  7276 actor.cpp:408] actor 1099614388234 switch to nullptr
I1012 16:13:57.987356  7276 thread.cpp:76] thread 524337 deconstruct actor 1099614388234
I1012 16:13:57.987505  7276 runtime_context.cpp:29] DecreaseCounter job_0_running_actor_count, current val is 445
I1012 16:13:57.987571  7276 actor.cpp:408] actor 1099614388253 switch to nullptr
I1012 16:13:57.987609  7276 thread.cpp:76] thread 524337 deconstruct actor 1099614388253
I1012 16:13:57.987754  7276 runtime_context.cpp:29] DecreaseCounter job_1_running_actor_count, current val is 88
I1012 16:13:57.987821  7276 actor.cpp:408] actor 1099614388262 switch to nullptr
I1012 16:13:57.987866  7276 thread.cpp:76] thread 524337 deconstruct actor 1099614388262
I1012 16:13:57.988011  7276 runtime_context.cpp:29] DecreaseCounter job_2_running_actor_count, current val is 90
I1012 16:13:57.988071  7276 actor.cpp:408] actor 1099614388271 switch to nullptr
I1012 16:13:57.988114  7276 thread.cpp:76] thread 524337 deconstruct actor 1099614388271
I1012 16:13:57.988252  7276 runtime_context.cpp:29] DecreaseCounter job_3_running_actor_count, current val is 90
I1012 16:13:57.988310  7276 actor.cpp:408] actor 1099614388280 switch to nullptr
I1012 16:13:57.988351  7276 thread.cpp:76] thread 524337 deconstruct actor 1099614388280
I1012 16:13:57.988489  7276 runtime_context.cpp:29] DecreaseCounter job_4_running_actor_count, current val is 20
I1012 16:13:57.988564  7276 actor.cpp:408] actor 1099614388290 switch to nullptr
I1012 16:13:57.988616  7276 thread.cpp:76] thread 524337 deconstruct actor 1099614388290
I1012 16:13:57.988868  7276 runtime_context.cpp:29] DecreaseCounter job_4_running_actor_count, current val is 19
I1012 16:13:57.988943  7276 actor.cpp:408] actor 1099614388242 switch to nullptr
I1012 16:13:57.988991  7276 thread.cpp:76] thread 524337 deconstruct actor 1099614388242
I1012 16:13:57.989127  7276 runtime_context.cpp:29] DecreaseCounter job_0_running_actor_count, current val is 444
I1012 16:13:57.989210  7276 actor.cpp:408] actor 1099614388229 switch to nullptr
I1012 16:13:57.989266  7276 thread.cpp:76] thread 524337 deconstruct actor 1099614388229
I1012 16:13:57.989302  7350 actor.cpp:408] actor 2207613190313 switch to nullptr
I1012 16:13:57.989336  7314 actor.cpp:408] actor 2199023255721 switch to nullptr
I1012 16:13:57.989388  7350 thread.cpp:76] thread 1052672 deconstruct actor 2207613190313
I1012 16:13:57.989423  7276 runtime_context.cpp:29] DecreaseCounter job_0_running_actor_count, current val is 443
I1012 16:13:57.989512  7314 thread.cpp:76] thread 1048576 deconstruct actor 2199023255721
I1012 16:13:57.989666  7276 actor.cpp:408] actor 1099614388250 switch to nullptr
I1012 16:13:57.989720  7350 runtime_context.cpp:29] DecreaseCounter job_0_running_actor_count, current val is 442
I1012 16:13:57.989782  7276 thread.cpp:76] thread 524337 deconstruct actor 1099614388250
I1012 16:13:57.989869  7350 actor.cpp:408] actor 2207613190310 switch to nullptr
I1012 16:13:57.989930  7314 runtime_context.cpp:29] DecreaseCounter job_0_running_actor_count, current val is 441
I1012 16:13:57.989944  7350 thread.cpp:76] thread 1052672 deconstruct actor 2207613190310
I1012 16:13:57.989993  7276 runtime_context.cpp:29] DecreaseCounter job_1_running_actor_count, current val is 87
I1012 16:13:57.990038  7314 actor.cpp:408] actor 2199023255718 switch to nullptr
I1012 16:13:57.990135  7276 actor.cpp:408] actor 1099614388259 switch to nullptr
I1012 16:13:57.990176  7350 runtime_context.cpp:29] DecreaseCounter job_0_running_actor_count, current val is 440
I1012 16:13:57.990204  7314 thread.cpp:76] thread 1048576 deconstruct actor 2199023255718
I1012 16:13:57.990257  7276 thread.cpp:76] thread 524337 deconstruct actor 1099614388259
I1012 16:13:57.990326  7350 actor.cpp:408] actor 2207613190302 switch to nullptr
I1012 16:13:57.990481  7350 thread.cpp:76] thread 1052672 deconstruct actor 2207613190302
I1012 16:13:57.990525  7276 runtime_context.cpp:29] DecreaseCounter job_2_running_actor_count, current val is 89
I1012 16:13:57.990489  7314 runtime_context.cpp:29] DecreaseCounter job_0_running_actor_count, current val is 439
I1012 16:13:57.990588  7276 actor.cpp:408] actor 1099614388268 switch to nullptr
I1012 16:13:57.990634  7350 runtime_context.cpp:29] DecreaseCounter job_0_running_actor_count, current val is 438
I1012 16:13:57.990674  7314 actor.cpp:408] actor 2199023255710 switch to nullptr
I1012 16:13:57.990722  7276 thread.cpp:76] thread 524337 deconstruct actor 1099614388268
I1012 16:13:57.990800  7350 actor.cpp:408] actor 2207613190300 switch to nullptr
I1012 16:13:57.990849  7314 thread.cpp:76] thread 1048576 deconstruct actor 2199023255710
I1012 16:13:57.990970  7350 thread.cpp:76] thread 1052672 deconstruct actor 2207613190300
I1012 16:13:57.991006  7276 runtime_context.cpp:29] DecreaseCounter job_3_running_actor_count, current val is 89
I1012 16:13:57.991122  7314 runtime_context.cpp:29] DecreaseCounter job_0_running_actor_count, current val is 437
I1012 16:13:57.991156  7276 actor.cpp:408] actor 1099614388277 switch to nullptr
I1012 16:13:57.991194  7350 runtime_context.cpp:29] DecreaseCounter job_0_running_actor_count, current val is 436
I1012 16:13:57.991235  7314 actor.cpp:408] actor 2199023255708 switch to nullptr
I1012 16:13:57.991281  7276 thread.cpp:76] thread 524337 deconstruct actor 1099614388277
I1012 16:13:57.991358  7350 actor.cpp:408] actor 2207613190292 switch to nullptr
I1012 16:13:57.991405  7314 thread.cpp:76] thread 1048576 deconstruct actor 2199023255708
I1012 16:13:57.991526  7350 thread.cpp:76] thread 1052672 deconstruct actor 2207613190292
I1012 16:13:57.991565  7276 runtime_context.cpp:29] DecreaseCounter job_4_running_actor_count, current val is 18
I1012 16:13:57.991678  7314 runtime_context.cpp:29] DecreaseCounter job_0_running_actor_count, current val is 435
I1012 16:13:57.991775  7350 runtime_context.cpp:29] DecreaseCounter job_0_running_actor_count, current val is 434
I1012 16:13:57.991824  7276 actor.cpp:411] actor 1099614388293 switch to &Actor::HandlerZombie
I1012 16:13:57.991910  7314 actor.cpp:408] actor 2199023255700 switch to nullptr
I1012 16:13:57.991977  7350 actor.cpp:408] actor 2207613190290 switch to nullptr
I1012 16:13:57.992030  7276 actor.cpp:408] actor 1099614388288 switch to nullptr
I1012 16:13:57.992050  7275 actor.cpp:411] actor 1099591319552 switch to &Actor::HandlerZombie
I1012 16:13:57.992090  7314 thread.cpp:76] thread 1048576 deconstruct actor 2199023255700
I1012 16:13:57.992151  7350 thread.cpp:76] thread 1052672 deconstruct actor 2207613190290
I1012 16:13:57.992204  7276 thread.cpp:76] thread 524337 deconstruct actor 1099614388288
I1012 16:13:57.992408  7314 runtime_context.cpp:29] DecreaseCounter job_0_running_actor_count, current val is 433
I1012 16:13:57.992488  7350 runtime_context.cpp:29] DecreaseCounter job_0_running_actor_count, current val is 432
I1012 16:13:57.992512  7314 actor.cpp:408] actor 2199023255698 switch to nullptr
I1012 16:13:57.992537  7276 runtime_context.cpp:29] DecreaseCounter job_4_running_actor_count, current val is 17
I1012 16:13:57.992573  7350 actor.cpp:408] actor 2207613190280 switch to nullptr
I1012 16:13:57.992624  7314 thread.cpp:76] thread 1048576 deconstruct actor 2199023255698
I1012 16:13:57.992718  7273 actor.cpp:411] actor 1099587125248 switch to &Actor::HandlerZombie
I1012 16:13:57.992734  7276 actor.cpp:408] actor 1099614388284 switch to nullptr
I1012 16:13:57.992899  7314 runtime_context.cpp:29] DecreaseCounter job_0_running_actor_count, current val is 431
I1012 16:13:57.992748  7350 thread.cpp:76] thread 1052672 deconstruct actor 2207613190280
I1012 16:13:57.992914  7276 thread.cpp:76] thread 524337 deconstruct actor 1099614388284
I1012 16:13:57.992980  7314 actor.cpp:408] actor 2199023255688 switch to nullptr
I1012 16:13:57.993119  7350 runtime_context.cpp:29] DecreaseCounter job_0_running_actor_count, current val is 430
I1012 16:13:57.993137  7314 thread.cpp:76] thread 1048576 deconstruct actor 2199023255688
I1012 16:13:57.993182  7276 runtime_context.cpp:29] DecreaseCounter job_4_running_actor_count, current val is 16
I1012 16:13:57.993218  7350 actor.cpp:408] actor 2207613190276 switch to nullptr
I1012 16:13:57.993362  7276 actor.cpp:408] actor 1099614388285 switch to nullptr
I1012 16:13:57.993366  7314 runtime_context.cpp:29] DecreaseCounter job_0_running_actor_count, current val is 429
I1012 16:13:57.993394  7275 thread.cpp:76] thread 524326 deconstruct actor 1099591319552
I1012 16:13:57.993400  7350 thread.cpp:76] thread 1052672 deconstruct actor 2207613190276
I1012 16:13:57.993402  7274 actor.cpp:411] actor 1099589222400 switch to &Actor::HandlerZombie
I1012 16:13:57.993465  7276 thread.cpp:76] thread 524337 deconstruct actor 1099614388285
I1012 16:13:57.993552  7314 actor.cpp:408] actor 2199023255684 switch to nullptr
I1012 16:13:57.993695  7275 runtime_context.cpp:29] DecreaseCounter job_4_running_actor_count, current val is 15
I1012 16:13:57.993755  7350 runtime_context.cpp:29] DecreaseCounter job_0_running_actor_count, current val is 428
I1012 16:13:57.993857  7314 thread.cpp:76] thread 1048576 deconstruct actor 2199023255684
I1012 16:13:57.993897  7276 runtime_context.cpp:29] DecreaseCounter job_4_running_actor_count, current val is 14
I1012 16:13:57.994002  7350 actor.cpp:408] actor 2207613190206 switch to nullptr
I1012 16:13:57.994132  7276 actor.cpp:411] actor 1099614388245 switch to &Actor::HandlerZombie
I1012 16:13:57.994141  7314 runtime_context.cpp:29] DecreaseCounter job_0_running_actor_count, current val is 427
I1012 16:13:57.994184  7350 thread.cpp:76] thread 1052672 deconstruct actor 2207613190206
I1012 16:13:57.994269  7257 actor.cpp:411] actor 1099553570816 switch to &Actor::HandlerZombie
I1012 16:13:57.994280  7276 actor.cpp:408] actor 1099614388238 switch to nullptr
I1012 16:13:57.994318  7314 actor.cpp:408] actor 2199023255614 switch to nullptr
I1012 16:13:57.994489  7350 runtime_context.cpp:29] DecreaseCounter job_0_running_actor_count, current val is 426
I1012 16:13:57.994565  7276 thread.cpp:76] thread 524337 deconstruct actor 1099614388238
I1012 16:13:57.994624  7314 thread.cpp:76] thread 1048576 deconstruct actor 2199023255614
I1012 16:13:57.994720  7350 actor.cpp:408] actor 2207613190288 switch to nullptr
I1012 16:13:57.994849  7276 runtime_context.cpp:29] DecreaseCounter job_0_running_actor_count, current val is 425
I1012 16:13:57.994870  7350 thread.cpp:76] thread 1052672 deconstruct actor 2207613190288
I1012 16:13:57.994906  7314 runtime_context.cpp:29] DecreaseCounter job_0_running_actor_count, current val is 424
I1012 16:13:57.994946  7276 actor.cpp:408] actor 1099614388239 switch to nullptr
I1012 16:13:57.994982  7258 actor.cpp:411] actor 1099555667968 switch to &Actor::HandlerZombie
I1012 16:13:57.995079  7314 actor.cpp:408] actor 2199023255696 switch to nullptr
I1012 16:13:57.995090  7350 runtime_context.cpp:29] DecreaseCounter job_0_running_actor_count, current val is 423
I1012 16:13:57.995119  7276 thread.cpp:76] thread 524337 deconstruct actor 1099614388239
I1012 16:13:57.995263  7314 thread.cpp:76] thread 1048576 deconstruct actor 2199023255696
I1012 16:13:57.995347  7350 actor.cpp:408] actor 2207613190192 switch to nullptr
I1012 16:13:57.995487  7276 runtime_context.cpp:29] DecreaseCounter job_0_running_actor_count, current val is 422
I1012 16:13:57.995519  7350 thread.cpp:76] thread 1052672 deconstruct actor 2207613190192
I1012 16:13:57.995530  7314 runtime_context.cpp:29] DecreaseCounter job_0_running_actor_count, current val is 421
I1012 16:13:57.995576  7276 actor.cpp:411] actor 1099614388235 switch to &Actor::HandlerZombie
I1012 16:13:57.995712  7314 actor.cpp:408] actor 2199023255600 switch to nullptr
I1012 16:13:57.995718  7350 runtime_context.cpp:29] DecreaseCounter job_0_running_actor_count, current val is 420
I1012 16:13:57.995779  7276 actor.cpp:408] actor 1099614388225 switch to nullptr
I1012 16:13:57.995935  7248 actor.cpp:408] actor 1099536793600 switch to nullptr
I1012 16:13:57.995887  7236 actor.cpp:408] actor 1099511627776 switch to nullptr
I1012 16:13:57.995910  7240 actor.cpp:408] actor 1099520016384 switch to nullptr
I1012 16:13:57.995913  7350 actor.cpp:408] actor 2207613190306 switch to nullptr
I1012 16:13:57.995929  7244 actor.cpp:408] actor 1099528404992 switch to nullptr
I1012 16:13:57.995831  7314 thread.cpp:76] thread 1048576 deconstruct actor 2199023255600
I1012 16:13:57.995937  7253 actor.cpp:408] actor 1099545182208 switch to nullptr
I1012 16:13:57.995951  7276 thread.cpp:76] thread 524337 deconstruct actor 1099614388225
I1012 16:13:57.995990  7316 actor.cpp:411] actor 2199025352706 switch to &Actor::HandlerZombie
I1012 16:13:57.996043  7248 thread.cpp:76] thread 524300 deconstruct actor 1099536793600
I1012 16:13:57.996109  7236 thread.cpp:76] thread 524288 deconstruct actor 1099511627776
I1012 16:13:57.996173  7240 thread.cpp:76] thread 524292 deconstruct actor 1099520016384
I1012 16:13:57.996238  7350 thread.cpp:76] thread 1052672 deconstruct actor 2207613190306
I1012 16:13:57.996870  7248 runtime_context.cpp:29] DecreaseCounter job_0_running_actor_count, current val is 417
I1012 16:13:57.996971  7240 runtime_context.cpp:29] DecreaseCounter job_0_running_actor_count, current val is 416
I1012 16:13:57.996474  7314 runtime_context.cpp:29] DecreaseCounter job_0_running_actor_count, current val is 419
I1012 16:13:57.996613  7316 actor.cpp:411] actor 2199025352707 switch to &Actor::HandlerZombie
I1012 16:13:57.996619  7276 runtime_context.cpp:29] DecreaseCounter job_0_running_actor_count, current val is 418
I1012 16:13:57.996325  7244 thread.cpp:76] thread 524296 deconstruct actor 1099528404992
I1012 16:13:57.996989  7350 runtime_context.cpp:29] DecreaseCounter job_0_running_actor_count, current val is 415
I1012 16:13:57.997135  7314 actor.cpp:408] actor 2199023255714 switch to nullptr
I1012 16:13:57.997516  7261 actor.cpp:408] actor 1099561959424 switch to nullptr
I1012 16:13:57.997274  7276 actor.cpp:408] actor 1099614388224 switch to nullptr
I1012 16:13:57.997347  7262 actor.cpp:411] actor 1099564056576 switch to &Actor::HandlerZombie
I1012 16:13:57.997761  7262 thread.cpp:76] thread 524313 deconstruct actor 1099564056576
I1012 16:13:57.997409  7350 actor.cpp:408] actor 2207613190164 switch to nullptr
I1012 16:13:57.997890  7350 thread.cpp:76] thread 1052672 deconstruct actor 2207613190164
I1012 16:13:57.997982  7262 runtime_context.cpp:29] DecreaseCounter job_0_running_actor_count, current val is 413
I1012 16:13:57.998044  7350 runtime_context.cpp:29] DecreaseCounter job_0_running_actor_count, current val is 412
I1012 16:13:57.998116  7350 actor.cpp:408] actor 2207613190304 switch to nullptr
I1012 16:13:57.998160  7350 thread.cpp:76] thread 1052672 deconstruct actor 2207613190304
I1012 16:13:57.998307  7350 runtime_context.cpp:29] DecreaseCounter job_0_running_actor_count, current val is 411
I1012 16:13:57.998391  7350 actor.cpp:408] actor 2207613190162 switch to nullptr
I1012 16:13:57.998450  7350 thread.cpp:76] thread 1052672 deconstruct actor 2207613190162
I1012 16:13:57.998603  7350 runtime_context.cpp:29] DecreaseCounter job_0_running_actor_count, current val is 410
I1012 16:13:57.998687  7350 actor.cpp:408] actor 2207613190284 switch to nullptr
I1012 16:13:57.998750  7350 thread.cpp:76] thread 1052672 deconstruct actor 2207613190284
I1012 16:13:57.998909  7350 runtime_context.cpp:29] DecreaseCounter job_0_running_actor_count, current val is 409
I1012 16:13:57.998997  7350 actor.cpp:408] actor 2207613190157 switch to nullptr
I1012 16:13:57.999068  7350 thread.cpp:76] thread 1052672 deconstruct actor 2207613190157
I1012 16:13:57.999229  7350 runtime_context.cpp:29] DecreaseCounter job_0_running_actor_count, current val is 408
I1012 16:13:57.999315  7350 actor.cpp:408] actor 2207613190282 switch to nullptr
I1012 16:13:57.999372  7350 thread.cpp:76] thread 1052672 deconstruct actor 2207613190282
I1012 16:13:57.999542  7350 runtime_context.cpp:29] DecreaseCounter job_0_running_actor_count, current val is 407
I1012 16:13:57.999624  7350 actor.cpp:408] actor 2207613190155 switch to nullptr
I1012 16:13:57.999682  7350 thread.cpp:76] thread 1052672 deconstruct actor 2207613190155
I1012 16:13:57.999846  7350 runtime_context.cpp:29] DecreaseCounter job_0_running_actor_count, current val is 406
I1012 16:13:57.999933  7350 actor.cpp:408] actor 2207613190278 switch to nullptr
I1012 16:13:58.000000  7350 thread.cpp:76] thread 1052672 deconstruct actor 2207613190278
I1012 16:13:58.000174  7350 runtime_context.cpp:29] DecreaseCounter job_0_running_actor_count, current val is 405
I1012 16:13:58.000262  7350 actor.cpp:408] actor 2207613190151 switch to nullptr
I1012 16:13:58.000327  7350 thread.cpp:76] thread 1052672 deconstruct actor 2207613190151
I1012 16:13:58.000486  7350 runtime_context.cpp:29] DecreaseCounter job_0_running_actor_count, current val is 404
I1012 16:13:58.000582  7350 actor.cpp:408] actor 2207613190286 switch to nullptr
I1012 16:13:58.000648  7350 thread.cpp:76] thread 1052672 deconstruct actor 2207613190286
I1012 16:13:58.000808  7350 runtime_context.cpp:29] DecreaseCounter job_0_running_actor_count, current val is 403
I1012 16:13:58.000885  7350 actor.cpp:408] actor 2207613190190 switch to nullptr
I1012 16:13:58.000941  7350 thread.cpp:76] thread 1052672 deconstruct actor 2207613190190
I1012 16:13:58.001108  7350 runtime_context.cpp:29] DecreaseCounter job_0_running_actor_count, current val is 402
I1012 16:13:58.001178  7350 actor.cpp:408] actor 2207613190296 switch to nullptr
I1012 16:13:58.001230  7350 thread.cpp:76] thread 1052672 deconstruct actor 2207613190296
I1012 16:13:58.001379  7350 runtime_context.cpp:29] DecreaseCounter job_0_running_actor_count, current val is 401
I1012 16:13:58.001466  7350 actor.cpp:408] actor 2207613190169 switch to nullptr
I1012 16:13:58.001513  7350 thread.cpp:76] thread 1052672 deconstruct actor 2207613190169
I1012 16:13:58.001778  7350 runtime_context.cpp:29] DecreaseCounter job_0_running_actor_count, current val is 400
I1012 16:13:58.001865  7350 actor.cpp:408] actor 2207613190178 switch to nullptr
I1012 16:13:58.001924  7350 thread.cpp:76] thread 1052672 deconstruct actor 2207613190178
I1012 16:13:58.002079  7350 runtime_context.cpp:29] DecreaseCounter job_0_running_actor_count, current val is 399
I1012 16:13:58.002162  7350 actor.cpp:408] actor 2207613190298 switch to nullptr
I1012 16:13:58.002225  7350 thread.cpp:76] thread 1052672 deconstruct actor 2207613190298
I1012 16:13:58.002382  7350 runtime_context.cpp:29] DecreaseCounter job_0_running_actor_count, current val is 398
I1012 16:13:58.002463  7350 actor.cpp:408] actor 2207613190204 switch to nullptr
I1012 16:13:58.002509  7350 thread.cpp:76] thread 1052672 deconstruct actor 2207613190204
I1012 16:13:58.002658  7350 runtime_context.cpp:29] DecreaseCounter job_0_running_actor_count, current val is 397
I1012 16:13:58.002753  7350 actor.cpp:408] actor 2207613190171 switch to nullptr
I1012 16:13:58.002808  7350 thread.cpp:76] thread 1052672 deconstruct actor 2207613190171
I1012 16:13:58.002961  7350 runtime_context.cpp:29] DecreaseCounter job_0_running_actor_count, current val is 396
I1012 16:13:58.003034  7350 actor.cpp:408] actor 2207613190308 switch to nullptr
I1012 16:13:58.003087  7350 thread.cpp:76] thread 1052672 deconstruct actor 2207613190308
I1012 16:13:58.003240  7350 runtime_context.cpp:29] DecreaseCounter job_0_running_actor_count, current val is 395
I1012 16:13:58.003312  7350 actor.cpp:408] actor 2207613190197 switch to nullptr
I1012 16:13:58.003366  7350 thread.cpp:76] thread 1052672 deconstruct actor 2207613190197
I1012 16:13:58.003520  7350 runtime_context.cpp:29] DecreaseCounter job_0_running_actor_count, current val is 394
I1012 16:13:58.003607  7350 actor.cpp:408] actor 2207613190176 switch to nullptr
I1012 16:13:58.003659  7350 thread.cpp:76] thread 1052672 deconstruct actor 2207613190176
I1012 16:13:58.003808  7350 runtime_context.cpp:29] DecreaseCounter job_0_running_actor_count, current val is 393
I1012 16:13:58.003891  7350 actor.cpp:408] actor 2207613190183 switch to nullptr
I1012 16:13:58.003943  7350 thread.cpp:76] thread 1052672 deconstruct actor 2207613190183
I1012 16:13:58.004073  7350 runtime_context.cpp:29] DecreaseCounter job_0_running_actor_count, current val is 392
I1012 16:13:58.004143  7350 actor.cpp:408] actor 2207613190146 switch to nullptr
I1012 16:13:58.004206  7350 thread.cpp:76] thread 1052672 deconstruct actor 2207613190146
I1012 16:13:58.004375  7350 runtime_context.cpp:29] DecreaseCounter job_0_running_actor_count, current val is 391
I1012 16:13:58.004467  7350 actor.cpp:408] actor 2207613190185 switch to nullptr
I1012 16:13:58.004534  7350 thread.cpp:76] thread 1052672 deconstruct actor 2207613190185
I1012 16:13:58.004676  7350 runtime_context.cpp:29] DecreaseCounter job_0_running_actor_count, current val is 390
I1012 16:13:58.004751  7350 actor.cpp:408] actor 2207613190294 switch to nullptr
I1012 16:13:58.004799  7350 thread.cpp:76] thread 1052672 deconstruct actor 2207613190294
I1012 16:13:58.004949  7350 runtime_context.cpp:29] DecreaseCounter job_0_running_actor_count, current val is 389
I1012 16:13:58.005026  7350 actor.cpp:408] actor 2207613190199 switch to nullptr
I1012 16:13:58.005079  7350 thread.cpp:76] thread 1052672 deconstruct actor 2207613190199
I1012 16:13:58.005218  7350 runtime_context.cpp:29] DecreaseCounter job_0_running_actor_count, current val is 388
I1012 16:13:58.005285  7350 actor.cpp:408] actor 2207613190374 switch to nullptr
I1012 16:13:58.005335  7350 thread.cpp:76] thread 1052672 deconstruct actor 2207613190374
I1012 16:13:57.996445  7253 thread.cpp:76] thread 524304 deconstruct actor 1099545182208
I1012 16:13:57.997494  7244 runtime_context.cpp:29] DecreaseCounter job_0_running_actor_count, current val is 414
I1012 16:13:57.997185  7316 actor.cpp:411] actor 2199025352705 switch to &Actor::HandlerZombie
I1012 16:13:57.997526  7314 thread.cpp:76] thread 1048576 deconstruct actor 2199023255714
I1012 16:13:57.997563  7352 actor.cpp:408] actor 2207615287300 switch to nullptr
I1012 16:13:57.997624  7261 thread.cpp:76] thread 524312 deconstruct actor 1099561959424
I1012 16:13:57.997690  7276 thread.cpp:76] thread 524337 deconstruct actor 1099614388224
I1012 16:13:58.006219  7276 runtime_context.cpp:29] DecreaseCounter job_0_running_actor_count, current val is 384
I1012 16:13:57.997414  7260 actor.cpp:408] actor 1099559862272 switch to nullptr
I1012 16:13:58.006343  7260 thread.cpp:76] thread 524311 deconstruct actor 1099559862272
I1012 16:13:58.006397  7237 actor.cpp:408] actor 1099513724928 switch to nullptr
I1012 16:13:58.005771  7316 actor.cpp:411] actor 2199025352704 switch to &Actor::HandlerZombie
I1012 16:13:58.006525  7241 actor.cpp:408] actor 1099522113536 switch to nullptr
I1012 16:13:58.005975  7314 runtime_context.cpp:29] DecreaseCounter job_0_running_actor_count, current val is 386
I1012 16:13:58.005976  7352 thread.cpp:76] thread 1052673 deconstruct actor 2207615287300
I1012 16:13:58.006224  7261 runtime_context.cpp:29] DecreaseCounter job_0_running_actor_count, current val is 385
I1012 16:13:57.997375  7259 actor.cpp:408] actor 1099557765120 switch to nullptr
I1012 16:13:58.006301  7276 actor.cpp:408] actor 1099614388226 switch to nullptr
I1012 16:13:57.997465  7263 actor.cpp:408] actor 1099566153728 switch to nullptr
I1012 16:13:58.005488  7350 runtime_context.cpp:29] DecreaseCounter job_1_running_actor_count, current val is 86
I1012 16:13:58.006485  7237 thread.cpp:76] thread 524289 deconstruct actor 1099513724928
I1012 16:13:58.007079  7350 actor.cpp:411] actor 2207613190311 switch to &Actor::HandlerZombie
I1012 16:13:58.006523  7250 actor.cpp:408] actor 1099538890752 switch to nullptr
I1012 16:13:58.005805  7253 runtime_context.cpp:29] DecreaseCounter job_0_running_actor_count, current val is 387
I1012 16:13:58.006575  7254 actor.cpp:408] actor 1099547279360 switch to nullptr
I1012 16:13:58.006587  7316 actor.cpp:408] actor 2199025352709 switch to nullptr
I1012 16:13:58.006624  7241 thread.cpp:76] thread 524293 deconstruct actor 1099522113536
I1012 16:13:58.006641  7260 runtime_context.cpp:29] DecreaseCounter job_0_running_actor_count, current val is 383
I1012 16:13:58.006707  7314 actor.cpp:408] actor 2199023255572 switch to nullptr
I1012 16:13:58.006825  7352 runtime_context.cpp:29] DecreaseCounter job_0_running_actor_count, current val is 382
I1012 16:13:58.006865  7259 thread.cpp:76] thread 524310 deconstruct actor 1099557765120
I1012 16:13:58.006916  7276 thread.cpp:76] thread 524337 deconstruct actor 1099614388226
I1012 16:13:58.014248  7259 runtime_context.cpp:29] DecreaseCounter job_0_running_actor_count, current val is 380
I1012 16:13:58.014322  7276 runtime_context.cpp:29] DecreaseCounter job_0_running_actor_count, current val is 379
I1012 16:13:58.007158  7350 actor.cpp:408] actor 2207613190413 switch to nullptr
I1012 16:13:58.007211  7250 thread.cpp:76] thread 524301 deconstruct actor 1099538890752
I1012 16:13:58.013661  7254 thread.cpp:76] thread 524305 deconstruct actor 1099547279360
I1012 16:13:58.014572  7246 actor.cpp:408] actor 1099532599296 switch to nullptr
I1012 16:13:58.014632  7242 actor.cpp:408] actor 1099524210688 switch to nullptr
I1012 16:13:58.014102  7241 runtime_context.cpp:29] DecreaseCounter job_0_running_actor_count, current val is 381
I1012 16:13:58.006978  7263 thread.cpp:76] thread 524314 deconstruct actor 1099566153728
I1012 16:13:58.006525  7245 actor.cpp:408] actor 1099530502144 switch to nullptr
I1012 16:13:58.014410  7276 actor.cpp:408] actor 1099614388227 switch to nullptr
I1012 16:13:58.014464  7350 thread.cpp:76] thread 1052672 deconstruct actor 2207613190413
I1012 16:13:58.014546  7255 actor.cpp:408] actor 1099549376512 switch to nullptr
I1012 16:13:58.014555  7352 actor.cpp:411] actor 2207615287296 switch to &Actor::HandlerZombie
I1012 16:13:58.014549  7238 actor.cpp:408] actor 1099515822080 switch to nullptr
I1012 16:13:58.013795  7316 thread.cpp:76] thread 1048577 deconstruct actor 2199025352709
I1012 16:13:58.014627  7251 actor.cpp:408] actor 1099540987904 switch to nullptr
I1012 16:13:58.014011  7314 thread.cpp:76] thread 1048576 deconstruct actor 2199023255572
I1012 16:13:58.014649  7246 thread.cpp:76] thread 524298 deconstruct actor 1099532599296
I1012 16:13:58.014706  7242 thread.cpp:76] thread 524294 deconstruct actor 1099524210688
I1012 16:13:58.014755  7250 runtime_context.cpp:29] DecreaseCounter job_0_running_actor_count, current val is 378
I1012 16:13:58.014793  7254 runtime_context.cpp:29] DecreaseCounter job_0_running_actor_count, current val is 377
I1012 16:13:58.014940  7245 thread.cpp:76] thread 524297 deconstruct actor 1099530502144
I1012 16:13:58.015002  7276 thread.cpp:76] thread 524337 deconstruct actor 1099614388227
I1012 16:13:58.015139  7255 thread.cpp:76] thread 524306 deconstruct actor 1099549376512
I1012 16:13:58.015570  7251 thread.cpp:76] thread 524302 deconstruct actor 1099540987904
I1012 16:13:58.028546  7238 thread.cpp:76] thread 524290 deconstruct actor 1099515822080
I1012 16:13:58.028576  7352 actor.cpp:411] actor 2207615287299 switch to &Actor::HandlerZombie
I1012 16:13:58.028626  7316 runtime_context.cpp:29] DecreaseCounter job_0_running_actor_count, current val is 376
I1012 16:13:58.028656  7263 runtime_context.cpp:29] DecreaseCounter job_0_running_actor_count, current val is 374
I1012 16:13:58.028652  7276 runtime_context.cpp:29] DecreaseCounter job_0_running_actor_count, current val is 375
I1012 16:13:58.028652  7350 runtime_context.cpp:29] DecreaseCounter job_2_running_actor_count, current val is 88
I1012 16:13:58.028681  7314 runtime_context.cpp:29] DecreaseCounter job_0_running_actor_count, current val is 373
I1012 16:13:58.028725  7242 runtime_context.cpp:29] DecreaseCounter job_0_running_actor_count, current val is 371
I1012 16:13:58.029281  7252 actor.cpp:408] actor 1099543085056 switch to nullptr
I1012 16:13:58.028725  7246 runtime_context.cpp:29] DecreaseCounter job_0_running_actor_count, current val is 372
I1012 16:13:58.028726  7245 runtime_context.cpp:29] DecreaseCounter job_0_running_actor_count, current val is 370
I1012 16:13:58.028759  7251 runtime_context.cpp:29] DecreaseCounter job_0_running_actor_count, current val is 368
I1012 16:13:58.028869  7352 actor.cpp:411] actor 2207615287298 switch to &Actor::HandlerZombie
I1012 16:13:58.028939  7316 thread.cpp:76] thread 1048577 deconstruct actor 2199025352706
I1012 16:13:58.029098  7276 actor.cpp:408] actor 1099614388228 switch to nullptr
I1012 16:13:58.029173  7350 actor.cpp:411] actor 2207613190303 switch to &Actor::HandlerZombie
I1012 16:13:58.029209  7239 actor.cpp:408] actor 1099517919232 switch to nullptr
I1012 16:13:58.029243  7256 actor.cpp:408] actor 1099551473664 switch to nullptr
I1012 16:13:58.029251  7314 actor.cpp:408] actor 2199023255712 switch to nullptr
I1012 16:13:58.028733  7255 runtime_context.cpp:29] DecreaseCounter job_0_running_actor_count, current val is 369
I1012 16:13:58.029285  7247 actor.cpp:408] actor 1099534696448 switch to nullptr
I1012 16:13:58.029286  7243 actor.cpp:408] actor 1099526307840 switch to nullptr
I1012 16:13:58.029351  7252 thread.cpp:76] thread 524303 deconstruct actor 1099543085056
I1012 16:13:58.029675  7352 actor.cpp:411] actor 2207615287297 switch to &Actor::HandlerZombie
I1012 16:13:58.029800  7276 thread.cpp:76] thread 524337 deconstruct actor 1099614388228
I1012 16:13:58.030555  7252 runtime_context.cpp:29] DecreaseCounter job_0_running_actor_count, current val is 366
I1012 16:13:58.030629  7276 runtime_context.cpp:29] DecreaseCounter job_0_running_actor_count, current val is 365
I1012 16:13:58.029942  7239 thread.cpp:76] thread 524291 deconstruct actor 1099517919232
I1012 16:13:58.030016  7256 thread.cpp:76] thread 524307 deconstruct actor 1099551473664
I1012 16:13:58.030090  7314 thread.cpp:76] thread 1048576 deconstruct actor 2199023255712
I1012 16:13:58.030234  7247 thread.cpp:76] thread 524299 deconstruct actor 1099534696448
I1012 16:13:58.030316  7243 thread.cpp:76] thread 524295 deconstruct actor 1099526307840
I1012 16:13:58.030469  7352 thread.cpp:76] thread 1052673 deconstruct actor 2207615287299
I1012 16:13:58.029803  7316 runtime_context.cpp:29] DecreaseCounter job_0_running_actor_count, current val is 367
I1012 16:13:58.029883  7350 actor.cpp:408] actor 2207613190452 switch to nullptr
I1012 16:13:58.030704  7276 actor.cpp:411] actor 1099614388254 switch to &Actor::HandlerZombie
I1012 16:13:58.031008  7314 runtime_context.cpp:29] DecreaseCounter job_0_running_actor_count, current val is 363
I1012 16:13:58.031010  7256 runtime_context.cpp:29] DecreaseCounter job_0_running_actor_count, current val is 364
I1012 16:13:58.031165  7247 runtime_context.cpp:29] DecreaseCounter job_0_running_actor_count, current val is 362
I1012 16:13:58.031209  7352 runtime_context.cpp:29] DecreaseCounter job_0_running_actor_count, current val is 361
