Log file created at: 2021/10/12 14:25:17
Running on machine: oneflow-14
Log line format: [IWEF]mmdd hh:mm:ss.uuuuuu threadid file:line] msg
I1012 14:25:17.226696 34861 global.h:36] NewGlobal 14cudaDeviceProp
I1012 14:25:17.227648 34861 global.h:36] NewGlobal N7oneflow7EnvDescE
I1012 14:25:17.227664 34861 global.h:36] NewGlobal N7oneflow10ProcessCtxE
I1012 14:25:17.227672 34861 env_global_objects_scope.cpp:152] using rpc backend: local
I1012 14:25:17.227723 34861 global.h:36] NewGlobal N7oneflow12ResourceDescE
I1012 14:25:17.227735 34861 global.h:36] NewGlobal N7oneflow12ResourceDescE
I1012 14:25:17.294605 34861 global.h:36] NewGlobal N7oneflow10ThreadPoolE
I1012 14:25:17.295738 34861 global.h:36] NewGlobal N7oneflow16EagerNcclCommMgrE
I1012 14:25:17.295753 34861 global.h:36] NewGlobal N7oneflow18CudnnConvAlgoCacheE
I1012 14:25:17.295763 34861 global.h:36] NewGlobal N7oneflow2vm19VirtualMachineScopeE
I1012 14:25:17.295770 34861 global.h:36] NewGlobal N7oneflow9OneflowVME
I1012 14:25:17.296551 34861 oneflow_vm.cpp:75] transport stream type: N7oneflow2vm13CpuStreamTypeE
I1012 14:25:17.296567 34861 oneflow_vm.cpp:75] transport stream type: N7oneflow2vm14CudaStreamTypeE
I1012 14:25:17.296573 34861 oneflow_vm.cpp:75] transport stream type: N7oneflow2vm19AsyncCudaStreamTypeE
I1012 14:25:17.296703 34861 global.h:36] NewGlobal N7oneflow27EagerJobBuildAndInferCtxMgrE
I1012 14:25:17.296717 34861 global.h:36] NewGlobal N7oneflow12EpollCommNetE
I1012 14:25:17.296826 34861 epoll_comm_network.cpp:63] CommNet:Epoll listening on 0.0.0.0:33371
I1012 14:25:17.296859 34861 epoll_comm_network.cpp:197] machine 0 sockfd -1
I1012 14:25:17.296975 34861 global.h:36] NewGlobal N7oneflow9TransportE
I1012 14:25:17.298334 34861 global.h:43] DeleteGlobal N7oneflow12ResourceDescE
I1012 14:25:17.298360 34861 version.cpp:22] OneFlow git version: b295ca2324
I1012 14:25:17.298377 34861 device_register_gpu.cpp:56] CUDA runtime version: 11.2
I1012 14:25:17.298401 34861 device_register_gpu.cpp:65] cuDNN version: 8.1.1
I1012 14:25:17.298411 34861 device_register_gpu.cpp:78] NCCL version: 2.9.8
I1012 14:25:17.298419 34861 global.h:36] NewGlobal N7oneflow12ResourceDescE
I1012 14:25:17.298432 34861 global.h:36] NewGlobal N7oneflow5IDMgrE
I1012 14:25:17.298439 34861 global.h:36] NewGlobal N7oneflow16AvailableMemDescE
I1012 14:25:17.298465 34861 global.h:36] NewGlobal St13unordered_mapISslSt4hashISsESt8equal_toISsESaISt4pairIKSslEEE
I1012 14:25:17.298471 34861 global.h:36] NewGlobal N7oneflow19CriticalSectionDescE
I1012 14:25:17.298476 34861 global.h:36] NewGlobal N7oneflow16InterUserJobInfoE
I1012 14:25:17.298485 34861 global.h:36] NewGlobal N7oneflow26LazyJobBuildAndInferCtxMgrE
I1012 14:25:17.298491 34861 global.h:36] NewGlobal N7oneflow16JobSetCompileCtxE
I1012 14:25:17.298497 34861 global.h:36] NewGlobal N7oneflow26RuntimeBufferManagersScopeE
I1012 14:25:17.298503 34861 global.h:36] NewGlobal N7oneflow9BufferMgrIlEE
I1012 14:25:17.298509 34861 global.h:36] NewGlobal N7oneflow9BufferMgrISt10shared_ptrINS_11JobInstanceEEEE
I1012 14:25:17.298516 34861 global.h:36] NewGlobal N7oneflow10RuntimeCtxE
I1012 14:25:17.298521 34861 global.h:36] NewGlobal N7oneflow15MemoryAllocatorE
I1012 14:25:17.298527 34861 global.h:36] NewGlobal N7oneflow8ChunkMgrE
I1012 14:25:17.298532 34861 global.h:36] NewGlobal N7oneflow8RegstMgrE
I1012 14:25:17.298538 34861 global.h:36] NewGlobal N7oneflow11ActorMsgBusE
I1012 14:25:17.298543 34861 global.h:36] NewGlobal N7oneflow9ThreadMgrE
I1012 14:25:17.298549 34861 global.h:36] NewGlobal N7oneflow15RuntimeJobDescsE
I1012 14:25:17.298554 34861 global.h:36] NewGlobal N7oneflow7summary12EventsWriterE
I1012 14:25:17.298563 34861 global.h:36] NewGlobal N7oneflow6boxing10collective24CollectiveBoxingExecutorE
I1012 14:25:17.298568 34861 global.h:36] NewGlobal N7oneflow6boxing10collective31CollectiveBoxingDeviceCtxPollerE
I1012 14:25:17.298697 34861 session.h:77] NewGlobal N7oneflow25SessionGlobalObjectsScopeE
I1012 14:25:17.299396 34861 global.h:36] NewGlobal N7oneflow7JobDescE
I1012 14:25:17.780222 34861 global.h:43] DeleteGlobal N7oneflow7JobDescE
I1012 14:25:17.780447 34861 global.h:36] NewGlobal N7oneflow7JobDescE
I1012 14:25:17.783728 34861 global.h:36] NewGlobal N7oneflow7OpGraphE
I1012 14:25:17.790839 34861 global.h:43] DeleteGlobal N7oneflow7OpGraphE
I1012 14:25:18.098503 34861 global.h:43] DeleteGlobal N7oneflow7JobDescE
I1012 14:25:18.117211 34861 global.h:36] NewGlobal N7oneflow24InterJobReuseMemStrategyE
I1012 14:25:18.117238 34861 global.h:36] NewGlobal N7oneflow7OneflowE
I1012 14:25:18.130779 34861 global.h:36] NewGlobal N7oneflow7JobDescE
I1012 14:25:18.398699 34861 insert_nccl_logical_op_pass.cpp:663]  Try insert nccl logical ops into job: train_job. Begin...
I1012 14:25:18.399338 34861 insert_nccl_logical_op_pass.cpp:432]  insert nccl op: System-NCCL-Logical-S2B-114 from: [IdentityN_5](order=0, nd_sbp=[S(0)])->[ParallelCast_6](order=2, nd_sbp=[B]) and before: [System-Boxing-Identity-93](order=1)
I1012 14:25:18.399416 34861 insert_nccl_logical_op_pass.cpp:432]  insert nccl op: System-NCCL-Logical-S2B-115 from: [IdentityN_5](order=0, nd_sbp=[S(0)])->[ParallelCast_11](order=3, nd_sbp=[B]) and before: [System-Boxing-Identity-93](order=1)
I1012 14:25:18.399557 34861 insert_nccl_logical_op_pass.cpp:432]  insert nccl op: System-NCCL-Logical-S2S-116 from: [Gather_12](order=5, nd_sbp=[S(2)])->[Reshape_14](order=7, nd_sbp=[S(0)]) and before: [Reshape_8](order=6)
I1012 14:25:18.399677 34861 insert_nccl_logical_op_pass.cpp:432]  insert nccl op: System-NCCL-Logical-P2S-117 from: [ReduceSum_9](order=8, nd_sbp=[P])->[AddN_23](order=47, nd_sbp=[S(0)]) and before: [Concat_15](order=9)
I1012 14:25:18.400193 34861 insert_nccl_logical_op_pass.cpp:432]  insert nccl op: System-NCCL-Logical-S2B-118 from: [SigmoidCrossEntropy_24_grad](order=51, nd_sbp=[S(0)])->[ReduceSum_9_grad](order=56, nd_sbp=[B]) and before: [ScalarMul_26](order=52)
I1012 14:25:18.400272 34861 insert_nccl_logical_op_pass.cpp:432]  insert nccl op: System-NCCL-Logical-P2B-119 from: [deep_scores-matmul_grad_b](order=53, nd_sbp=[P])->[System-ModelDiffScale-ScalarMul_66](order=57, nd_sbp=[B]) and before: [deep_scores-matmul_grad_a](order=54)
I1012 14:25:18.400346 34861 insert_nccl_logical_op_pass.cpp:432]  insert nccl op: System-NCCL-Logical-P2B-120 from: [deep_scores-bias_add_grad](order=55, nd_sbp=[P])->[System-ModelDiffScale-ScalarMul_78](order=60, nd_sbp=[B]) and before: [ReduceSum_9_grad](order=56)
I1012 14:25:18.400470 34861 insert_nccl_logical_op_pass.cpp:432]  insert nccl op: System-NCCL-Logical-P2B-121 from: [fc6-matmul_grad_b](order=65, nd_sbp=[P])->[System-ModelDiffScale-ScalarMul_70](order=69, nd_sbp=[B]) and before: [fc6-bias_add_grad](order=66)
I1012 14:25:18.400530 34861 insert_nccl_logical_op_pass.cpp:432]  insert nccl op: System-NCCL-Logical-P2B-122 from: [fc6-bias_add_grad](order=66, nd_sbp=[P])->[System-ModelDiffScale-ScalarMul_69](order=70, nd_sbp=[B]) and before: [fc6-matmul_grad_a](order=67)
I1012 14:25:18.400647 34861 insert_nccl_logical_op_pass.cpp:432]  insert nccl op: System-NCCL-Logical-P2B-123 from: [fc5-bias_add_grad](order=76, nd_sbp=[P])->[System-ModelDiffScale-ScalarMul_71](order=79, nd_sbp=[B]) and before: [fc5-matmul_grad_b](order=77)
I1012 14:25:18.400705 34861 insert_nccl_logical_op_pass.cpp:432]  insert nccl op: System-NCCL-Logical-P2B-124 from: [fc5-matmul_grad_b](order=77, nd_sbp=[P])->[System-ModelDiffScale-ScalarMul_68](order=80, nd_sbp=[B]) and before: [fc5-matmul_grad_a](order=78)
I1012 14:25:18.400810 34861 insert_nccl_logical_op_pass.cpp:432]  insert nccl op: System-NCCL-Logical-P2B-125 from: [fc4-matmul_grad_b](order=85, nd_sbp=[P])->[System-ModelDiffScale-ScalarMul_74](order=88, nd_sbp=[B]) and before: [fc4-bias_add_grad](order=86)
I1012 14:25:18.400871 34861 insert_nccl_logical_op_pass.cpp:432]  insert nccl op: System-NCCL-Logical-P2B-126 from: [fc4-bias_add_grad](order=86, nd_sbp=[P])->[System-ModelDiffScale-ScalarMul_79](order=89, nd_sbp=[B]) and before: [fc4-matmul_grad_a](order=87)
I1012 14:25:18.400969 34861 insert_nccl_logical_op_pass.cpp:432]  insert nccl op: System-NCCL-Logical-P2B-127 from: [fc3-matmul_grad_b](order=94, nd_sbp=[P])->[System-ModelDiffScale-ScalarMul_67](order=97, nd_sbp=[B]) and before: [fc3-bias_add_grad](order=95)
I1012 14:25:18.401101 34861 insert_nccl_logical_op_pass.cpp:432]  insert nccl op: System-NCCL-Logical-P2B-128 from: [fc3-bias_add_grad](order=95, nd_sbp=[P])->[System-ModelDiffScale-ScalarMul_82](order=98, nd_sbp=[B]) and before: [fc3-matmul_grad_a](order=96)
I1012 14:25:18.401212 34861 insert_nccl_logical_op_pass.cpp:432]  insert nccl op: System-NCCL-Logical-P2B-129 from: [fc2-bias_add_grad](order=103, nd_sbp=[P])->[System-ModelDiffScale-ScalarMul_73](order=106, nd_sbp=[B]) and before: [fc2-matmul_grad_b](order=104)
I1012 14:25:18.401293 34861 insert_nccl_logical_op_pass.cpp:432]  insert nccl op: System-NCCL-Logical-P2B-130 from: [fc2-matmul_grad_b](order=104, nd_sbp=[P])->[System-ModelDiffScale-ScalarMul_77](order=107, nd_sbp=[B]) and before: [fc2-matmul_grad_a](order=105)
I1012 14:25:18.401401 34861 insert_nccl_logical_op_pass.cpp:432]  insert nccl op: System-NCCL-Logical-P2B-131 from: [fc1-matmul_grad_b](order=112, nd_sbp=[P])->[System-ModelDiffScale-ScalarMul_81](order=115, nd_sbp=[B]) and before: [fc1-bias_add_grad](order=113)
I1012 14:25:18.401472 34861 insert_nccl_logical_op_pass.cpp:432]  insert nccl op: System-NCCL-Logical-P2B-132 from: [fc1-bias_add_grad](order=113, nd_sbp=[P])->[System-ModelDiffScale-ScalarMul_65](order=116, nd_sbp=[B]) and before: [fc1-matmul_grad_a](order=114)
I1012 14:25:18.401574 34861 insert_nccl_logical_op_pass.cpp:432]  insert nccl op: System-NCCL-Logical-P2B-133 from: [fc0-matmul_grad_b](order=121, nd_sbp=[P])->[System-ModelDiffScale-ScalarMul_75](order=124, nd_sbp=[B]) and before: [fc0-bias_add_grad](order=122)
I1012 14:25:18.401634 34861 insert_nccl_logical_op_pass.cpp:432]  insert nccl op: System-NCCL-Logical-P2B-134 from: [fc0-bias_add_grad](order=122, nd_sbp=[P])->[System-ModelDiffScale-ScalarMul_72](order=125, nd_sbp=[B]) and before: [fc0-matmul_grad_a](order=123)
I1012 14:25:18.401736 34861 insert_nccl_logical_op_pass.cpp:432]  insert nccl op: System-NCCL-Logical-S2S-135 from: [Reshape_14_grad](order=129, nd_sbp=[S(0)])->[Gather_12_grad](order=130, nd_sbp=[S(2)]) and before: [Gather_12_grad](order=130)
I1012 14:25:18.401782 34861 insert_nccl_logical_op_pass.cpp:699]  Try insert nccl logical ops into job: train_job. ...End

I1012 14:25:18.461462 34861 global.h:36] NewGlobal N7oneflow7OpGraphE
I1012 14:25:18.593053 34861 global.h:43] DeleteGlobal N7oneflow7OpGraphE
I1012 14:25:18.608777 34861 oneflow.cpp:210] 
job_id: 0 , job_name: train_job , compile time: 0.477952 seconds.
I1012 14:25:18.687852 34861 global.h:43] DeleteGlobal N7oneflow7JobDescE
I1012 14:25:18.688170 34861 global.h:36] NewGlobal N7oneflow7JobDescE
I1012 14:25:18.736007 34861 global.h:36] NewGlobal N7oneflow7OpGraphE
I1012 14:25:18.758795 34861 global.h:43] DeleteGlobal N7oneflow7OpGraphE
I1012 14:25:18.765013 34861 oneflow.cpp:210] 
job_id: 1 , job_name: System-ModelInit , compile time: 0.0762237 seconds.
I1012 14:25:18.779561 34861 global.h:43] DeleteGlobal N7oneflow7JobDescE
I1012 14:25:18.779589 34861 global.h:36] NewGlobal N7oneflow7JobDescE
I1012 14:25:18.824821 34861 global.h:36] NewGlobal N7oneflow7OpGraphE
I1012 14:25:18.848018 34861 global.h:43] DeleteGlobal N7oneflow7OpGraphE
I1012 14:25:18.853919 34861 oneflow.cpp:210] 
job_id: 2 , job_name: System-ModelLoad , compile time: 0.0743063 seconds.
I1012 14:25:18.868693 34861 global.h:43] DeleteGlobal N7oneflow7JobDescE
I1012 14:25:18.868722 34861 global.h:36] NewGlobal N7oneflow7JobDescE
I1012 14:25:18.912462 34861 global.h:36] NewGlobal N7oneflow7OpGraphE
I1012 14:25:18.935313 34861 global.h:43] DeleteGlobal N7oneflow7OpGraphE
I1012 14:25:18.942623 34861 oneflow.cpp:210] 
job_id: 3 , job_name: System-ModelSave , compile time: 0.0738726 seconds.
I1012 14:25:18.971699 34861 global.h:43] DeleteGlobal N7oneflow7JobDescE
I1012 14:25:18.971745 34861 global.h:36] NewGlobal N7oneflow7JobDescE
I1012 14:25:18.987829 34861 global.h:36] NewGlobal N7oneflow7OpGraphE
I1012 14:25:18.994175 34861 global.h:43] DeleteGlobal N7oneflow7OpGraphE
I1012 14:25:18.996630 34861 oneflow.cpp:210] 
job_id: 4 , job_name: System-Pull-Return_27 , compile time: 0.0248515 seconds.
I1012 14:25:19.002822 34861 global.h:43] DeleteGlobal N7oneflow7JobDescE
I1012 14:25:19.012821 34861 global.h:36] NewGlobal N7oneflow7JobDescE
I1012 14:25:19.012871 34861 global.h:36] NewGlobal N7oneflow7OpGraphE
I1012 14:25:19.021219 34861 global.h:43] DeleteGlobal N7oneflow7OpGraphE
I1012 14:25:19.026024 34861 oneflow.cpp:210] 
job_id: 5 , job_name: MainJob-unamed , compile time: 0.0131643 seconds.
I1012 14:25:19.034489 34861 global.h:43] DeleteGlobal N7oneflow7JobDescE
I1012 14:25:19.040968 34861 plan_util.cpp:928]  Plan: merged_plan needs to allocate [ 724.647 MiB ] device memory in Rank: 0 , Device: 0
I1012 14:25:19.041002 34861 plan_util.cpp:928]  Plan: merged_plan needs to allocate [ 724.646 MiB ] device memory in Rank: 0 , Device: 1
I1012 14:25:19.240974 34861 oneflow.cpp:998]  PushPlan merged_plan time: 0.019915 seconds.
I1012 14:25:19.299557 34861 oneflow.cpp:1014]  PullPlan merged_plan time: 0.0523057 seconds.
I1012 14:25:23.906592 34861 runtime_context.cpp:21] NewCounter constructing_actor_cnt 781
I1012 14:25:23.908299 35457 naive_actor.cpp:25] actor 1099614388232 switch to &NaiveActor::HandlerNormal
I1012 14:25:23.908403 35457 thread.cpp:96] Thread 524337 construct Actor kDeviceTick 1099614388232
I1012 14:25:23.908423 35467 naive_actor.cpp:25] actor 2207613190314 switch to &NaiveActor::HandlerNormal
I1012 14:25:23.908473 35458 wait_and_send_ids_actor.cpp:53] actor 1099616485376 switch to &WaitAndSendIdsActor::HandlerWaitToStart
I1012 14:25:23.908526 35467 thread.cpp:96] Thread 1052672 construct Actor kDeviceTick 2207613190314
I1012 14:25:23.908565 35458 thread.cpp:96] Thread 524338 construct Actor kWaitAndSendIds 1099616485376
I1012 14:25:23.908579 35457 runtime_context.cpp:29] DecreaseCounter constructing_actor_cnt, current val is 780
I1012 14:25:23.908324 35461 naive_actor.cpp:25] actor 2199023255722 switch to &NaiveActor::HandlerNormal
I1012 14:25:23.908664 35461 thread.cpp:96] Thread 1048576 construct Actor kDeviceTick 2199023255722
I1012 14:25:23.908686 35467 runtime_context.cpp:29] DecreaseCounter constructing_actor_cnt, current val is 779
I1012 14:25:23.908705 35458 runtime_context.cpp:29] DecreaseCounter constructing_actor_cnt, current val is 778
I1012 14:25:23.908807 35461 runtime_context.cpp:29] DecreaseCounter constructing_actor_cnt, current val is 777
I1012 14:25:23.908886 35457 naive_actor.cpp:25] actor 1099614388231 switch to &NaiveActor::HandlerNormal
I1012 14:25:23.908921 35457 thread.cpp:96] Thread 524337 construct Actor kDeviceTick 1099614388231
I1012 14:25:23.908941 35467 naive_actor.cpp:25] actor 2207613190375 switch to &NaiveActor::HandlerNormal
I1012 14:25:23.908975 35467 thread.cpp:96] Thread 1052672 construct Actor kDeviceTick 2207613190375
I1012 14:25:23.909027 35457 runtime_context.cpp:29] DecreaseCounter constructing_actor_cnt, current val is 776
I1012 14:25:23.909040 35467 runtime_context.cpp:29] DecreaseCounter constructing_actor_cnt, current val is 775
I1012 14:25:23.909127 35461 naive_actor.cpp:25] actor 2199023255783 switch to &NaiveActor::HandlerNormal
I1012 14:25:23.909162 35461 thread.cpp:96] Thread 1048576 construct Actor kDeviceTick 2199023255783
I1012 14:25:23.909237 35461 runtime_context.cpp:29] DecreaseCounter constructing_actor_cnt, current val is 774
I1012 14:25:23.909273 35467 naive_actor.cpp:25] actor 2207613190414 switch to &NaiveActor::HandlerNormal
I1012 14:25:23.909294 35457 naive_actor.cpp:25] actor 1099614388240 switch to &NaiveActor::HandlerNormal
I1012 14:25:23.909341 35467 thread.cpp:96] Thread 1052672 construct Actor kDeviceTick 2207613190414
I1012 14:25:23.909370 35457 thread.cpp:96] Thread 524337 construct Actor kDeviceTick 1099614388240
I1012 14:25:23.909523 35467 runtime_context.cpp:29] DecreaseCounter constructing_actor_cnt, current val is 773
I1012 14:25:23.909528 35461 naive_actor.cpp:25] actor 2199023255822 switch to &NaiveActor::HandlerNormal
I1012 14:25:23.909536 35457 runtime_context.cpp:29] DecreaseCounter constructing_actor_cnt, current val is 772
I1012 14:25:23.909611 35461 thread.cpp:96] Thread 1048576 construct Actor kDeviceTick 2199023255822
I1012 14:25:23.909792 35467 naive_actor.cpp:25] actor 2207613190453 switch to &NaiveActor::HandlerNormal
I1012 14:25:23.909848 35467 thread.cpp:96] Thread 1052672 construct Actor kDeviceTick 2207613190453
I1012 14:25:23.909873 35461 runtime_context.cpp:29] DecreaseCounter constructing_actor_cnt, current val is 771
I1012 14:25:23.909886 35457 naive_actor.cpp:25] actor 1099614388230 switch to &NaiveActor::HandlerNormal
I1012 14:25:23.909926 35467 runtime_context.cpp:29] DecreaseCounter constructing_actor_cnt, current val is 770
I1012 14:25:23.909983 35457 thread.cpp:96] Thread 524337 construct Actor kDeviceTick 1099614388230
I1012 14:25:23.910058 35457 runtime_context.cpp:29] DecreaseCounter constructing_actor_cnt, current val is 769
I1012 14:25:23.910179 35461 naive_actor.cpp:25] actor 2199023255861 switch to &NaiveActor::HandlerNormal
I1012 14:25:23.910243 35461 thread.cpp:96] Thread 1048576 construct Actor kDeviceTick 2199023255861
I1012 14:25:23.910298 35461 runtime_context.cpp:29] DecreaseCounter constructing_actor_cnt, current val is 768
I1012 14:25:23.910346 35457 naive_actor.cpp:25] actor 1099614388241 switch to &NaiveActor::HandlerNormal
I1012 14:25:23.910380 35457 thread.cpp:96] Thread 524337 construct Actor kDeviceTick 1099614388241
I1012 14:25:23.910442 35457 runtime_context.cpp:29] DecreaseCounter constructing_actor_cnt, current val is 767
I1012 14:25:23.910698 35457 naive_actor.cpp:25] actor 1099614388251 switch to &NaiveActor::HandlerNormal
I1012 14:25:23.910732 35457 thread.cpp:96] Thread 524337 construct Actor kDeviceTick 1099614388251
I1012 14:25:23.910780 35457 runtime_context.cpp:29] DecreaseCounter constructing_actor_cnt, current val is 766
I1012 14:25:23.911137 35457 naive_actor.cpp:25] actor 1099614388260 switch to &NaiveActor::HandlerNormal
I1012 14:25:23.911170 35457 thread.cpp:96] Thread 524337 construct Actor kDeviceTick 1099614388260
I1012 14:25:23.911221 35457 runtime_context.cpp:29] DecreaseCounter constructing_actor_cnt, current val is 765
I1012 14:25:23.911466 35457 naive_actor.cpp:25] actor 1099614388269 switch to &NaiveActor::HandlerNormal
I1012 14:25:23.911499 35457 thread.cpp:96] Thread 524337 construct Actor kDeviceTick 1099614388269
I1012 14:25:23.911548 35457 runtime_context.cpp:29] DecreaseCounter constructing_actor_cnt, current val is 764
I1012 14:25:23.911784 35457 naive_actor.cpp:25] actor 1099614388289 switch to &NaiveActor::HandlerNormal
I1012 14:25:23.911816 35457 thread.cpp:96] Thread 524337 construct Actor kDeviceTick 1099614388289
I1012 14:25:23.911862 35457 runtime_context.cpp:29] DecreaseCounter constructing_actor_cnt, current val is 763
I1012 14:25:23.912106 35457 naive_actor.cpp:25] actor 1099614388278 switch to &NaiveActor::HandlerNormal
I1012 14:25:23.912139 35457 thread.cpp:96] Thread 524337 construct Actor kDeviceTick 1099614388278
I1012 14:25:23.912189 35457 runtime_context.cpp:29] DecreaseCounter constructing_actor_cnt, current val is 762
I1012 14:25:23.912441 35457 naive_actor.cpp:25] actor 1099614388286 switch to &NaiveActor::HandlerNormal
I1012 14:25:23.912474 35457 thread.cpp:96] Thread 524337 construct Actor kDeviceTick 1099614388286
I1012 14:25:23.912524 35457 runtime_context.cpp:29] DecreaseCounter constructing_actor_cnt, current val is 761
I1012 14:25:23.912796 35457 naive_actor.cpp:25] actor 1099614388287 switch to &NaiveActor::HandlerNormal
I1012 14:25:23.912829 35457 thread.cpp:96] Thread 524337 construct Actor kDeviceTick 1099614388287
I1012 14:25:23.912878 35457 runtime_context.cpp:29] DecreaseCounter constructing_actor_cnt, current val is 760
I1012 14:25:23.930243 35452 naive_actor.cpp:25] actor 1099582930944 switch to &NaiveActor::HandlerNormal
I1012 14:25:23.930371 35451 naive_actor.cpp:25] actor 1099580833792 switch to &NaiveActor::HandlerNormal
I1012 14:25:23.930789 35448 naive_actor.cpp:25] actor 1099574542336 switch to &NaiveActor::HandlerNormal
I1012 14:25:23.930831 35450 naive_actor.cpp:25] actor 1099578736640 switch to &NaiveActor::HandlerNormal
I1012 14:25:23.930655 35453 naive_actor.cpp:25] actor 1099585028096 switch to &NaiveActor::HandlerNormal
I1012 14:25:23.930799 35451 thread.cpp:96] Thread 524321 construct Actor kForeignInput 1099580833792
I1012 14:25:23.930675 35452 thread.cpp:96] Thread 524322 construct Actor kNormalForward 1099582930944
I1012 14:25:23.931201 35447 naive_actor.cpp:25] actor 1099572445184 switch to &NaiveActor::HandlerNormal
I1012 14:25:23.930943 35450 thread.cpp:96] Thread 524320 construct Actor kNormalForward 1099578736640
I1012 14:25:23.930974 35449 naive_actor.cpp:25] actor 1099576639488 switch to &NaiveActor::HandlerNormal
I1012 14:25:23.931078 35465 naive_actor.cpp:25] actor 2199027449856 switch to &NaiveActor::HandlerNormal
I1012 14:25:23.931088 35453 thread.cpp:96] Thread 524323 construct Actor kNormalForward 1099585028096
I1012 14:25:23.931115 35446 naive_actor.cpp:25] actor 1099570348032 switch to &NaiveActor::HandlerNormal
I1012 14:25:23.930845 35448 thread.cpp:96] Thread 524318 construct Actor kForeignInput 1099574542336
I1012 14:25:23.931222 35451 runtime_context.cpp:29] DecreaseCounter constructing_actor_cnt, current val is 759
I1012 14:25:23.931241 35447 thread.cpp:96] Thread 524317 construct Actor kNormalForward 1099572445184
I1012 14:25:23.931254 35439 naive_actor.cpp:25] actor 1099555667968 switch to &NaiveActor::HandlerNormal
I1012 14:25:23.931756 35448 runtime_context.cpp:29] DecreaseCounter constructing_actor_cnt, current val is 755
I1012 14:25:23.931762 35439 thread.cpp:96] Thread 524309 construct Actor kNormalForward 1099555667968
I1012 14:25:23.931262 35423 naive_actor.cpp:25] actor 1099522113536 switch to &NaiveActor::HandlerNormal
I1012 14:25:23.931335 35445 naive_actor.cpp:25] actor 1099568250880 switch to &NaiveActor::HandlerNormal
I1012 14:25:23.931512 35449 thread.cpp:96] Thread 524319 construct Actor kNormalForward 1099576639488
I1012 14:25:23.931519 35450 runtime_context.cpp:29] DecreaseCounter constructing_actor_cnt, current val is 757
I1012 14:25:23.931545 35455 naive_actor.cpp:25] actor 1099589222400 switch to &NaiveActor::HandlerNormal
I1012 14:25:23.932173 35455 thread.cpp:96] Thread 524325 construct Actor kNormalForward 1099589222400
I1012 14:25:23.931591 35440 naive_actor.cpp:25] actor 1099557765120 switch to &NaiveActor::HandlerNormal
I1012 14:25:23.932283 35455 runtime_context.cpp:29] DecreaseCounter constructing_actor_cnt, current val is 751
I1012 14:25:23.931650 35446 thread.cpp:96] Thread 524316 construct Actor kNormalForward 1099570348032
I1012 14:25:23.931663 35425 naive_actor.cpp:25] actor 1099526307840 switch to &NaiveActor::HandlerNormal
I1012 14:25:23.931669 35438 naive_actor.cpp:25] actor 1099553570816 switch to &NaiveActor::HandlerNormal
I1012 14:25:23.931671 35441 naive_actor.cpp:25] actor 1099559862272 switch to &NaiveActor::HandlerNormal
I1012 14:25:23.932556 35454 naive_actor.cpp:25] actor 1099587125248 switch to &NaiveActor::HandlerNormal
I1012 14:25:23.931747 35453 runtime_context.cpp:29] DecreaseCounter constructing_actor_cnt, current val is 756
I1012 14:25:23.931272 35426 naive_actor.cpp:25] actor 1099528404992 switch to &NaiveActor::HandlerNormal
I1012 14:25:23.931267 35452 runtime_context.cpp:29] DecreaseCounter constructing_actor_cnt, current val is 758
I1012 14:25:23.931802 35435 naive_actor.cpp:25] actor 1099547279360 switch to &NaiveActor::HandlerNormal
I1012 14:25:23.931834 35447 runtime_context.cpp:29] DecreaseCounter constructing_actor_cnt, current val is 754
I1012 14:25:23.933053 35436 naive_actor.cpp:25] actor 1099549376512 switch to &NaiveActor::HandlerNormal
I1012 14:25:23.933132 35430 naive_actor.cpp:25] actor 1099536793600 switch to &NaiveActor::HandlerNormal
I1012 14:25:23.933185 35430 thread.cpp:96] Thread 524300 construct Actor kNormalForward 1099536793600
I1012 14:25:23.931915 35445 thread.cpp:96] Thread 524315 construct Actor kForeignInput 1099568250880
I1012 14:25:23.931910 35437 naive_actor.cpp:25] actor 1099551473664 switch to &NaiveActor::HandlerNormal
I1012 14:25:23.933323 35437 thread.cpp:96] Thread 524307 construct Actor kNormalForward 1099551473664
I1012 14:25:23.931967 35443 naive_actor.cpp:25] actor 1099564056576 switch to &NaiveActor::HandlerNormal
I1012 14:25:23.931932 35427 naive_actor.cpp:25] actor 1099530502144 switch to &NaiveActor::HandlerNormal
I1012 14:25:23.933642 35427 thread.cpp:96] Thread 524297 construct Actor kNormalForward 1099530502144
I1012 14:25:23.933712 35467 naive_actor.cpp:25] actor 2207613190147 switch to &NaiveActor::HandlerNormal
I1012 14:25:23.933790 35467 thread.cpp:96] Thread 1052672 construct Actor kNormalForward 2207613190147
I1012 14:25:23.931579 35465 thread.cpp:96] Thread 1048578 construct Actor kCopyHd 2199027449856
I1012 14:25:23.933903 35467 runtime_context.cpp:29] DecreaseCounter constructing_actor_cnt, current val is 745
I1012 14:25:23.933931 35465 runtime_context.cpp:29] DecreaseCounter constructing_actor_cnt, current val is 744
I1012 14:25:23.932260 35429 naive_actor.cpp:25] actor 1099534696448 switch to &NaiveActor::HandlerNormal
I1012 14:25:23.934092 35429 thread.cpp:96] Thread 524299 construct Actor kNormalForward 1099534696448
I1012 14:25:23.931597 35444 naive_actor.cpp:25] actor 1099566153728 switch to &NaiveActor::HandlerNormal
I1012 14:25:23.934213 35429 runtime_context.cpp:29] DecreaseCounter constructing_actor_cnt, current val is 743
I1012 14:25:23.932363 35459 sink_actor.cpp:21] actor 1099618582528 switch to &SinkActor::HandlerNormal
I1012 14:25:23.932364 35456 naive_actor.cpp:25] actor 1099591319552 switch to &NaiveActor::HandlerNormal
I1012 14:25:23.932408 35433 naive_actor.cpp:25] actor 1099543085056 switch to &NaiveActor::HandlerNormal
I1012 14:25:23.934470 35467 naive_actor.cpp:25] actor 2207613190151 switch to &NaiveActor::HandlerNormal
I1012 14:25:23.934520 35433 thread.cpp:96] Thread 524303 construct Actor kNormalForward 1099543085056
I1012 14:25:23.932504 35431 naive_actor.cpp:25] actor 1099538890752 switch to &NaiveActor::HandlerNormal
I1012 14:25:23.932505 35425 thread.cpp:96] Thread 524295 construct Actor kNormalForward 1099526307840
I1012 14:25:23.934629 35433 runtime_context.cpp:29] DecreaseCounter constructing_actor_cnt, current val is 742
I1012 14:25:23.932556 35469 naive_actor.cpp:25] actor 2207615287300 switch to &NaiveActor::HandlerNormal
I1012 14:25:23.934689 35425 runtime_context.cpp:29] DecreaseCounter constructing_actor_cnt, current val is 741
I1012 14:25:23.932642 35441 thread.cpp:96] Thread 524311 construct Actor kNormalForward 1099559862272
I1012 14:25:23.932646 35428 naive_actor.cpp:25] actor 1099532599296 switch to &NaiveActor::HandlerNormal
I1012 14:25:23.934819 35441 runtime_context.cpp:29] DecreaseCounter constructing_actor_cnt, current val is 740
I1012 14:25:23.932823 35426 thread.cpp:96] Thread 524296 construct Actor kNormalForward 1099528404992
I1012 14:25:23.933004 35435 thread.cpp:96] Thread 524305 construct Actor kNormalForward 1099547279360
I1012 14:25:23.931838 35463 naive_actor.cpp:25] actor 2199025352709 switch to &NaiveActor::HandlerNormal
I1012 14:25:23.935014 35435 runtime_context.cpp:29] DecreaseCounter constructing_actor_cnt, current val is 738
I1012 14:25:23.935027 35463 thread.cpp:96] Thread 1048577 construct Actor kCopyHd 2199025352709
I1012 14:25:23.931859 35423 thread.cpp:96] Thread 524293 construct Actor kNormalForward 1099522113536
I1012 14:25:23.931879 35457 naive_actor.cpp:25] actor 1099614388225 switch to &NaiveActor::HandlerNormal
I1012 14:25:23.933327 35430 runtime_context.cpp:29] DecreaseCounter constructing_actor_cnt, current val is 749
I1012 14:25:23.931910 35439 runtime_context.cpp:29] DecreaseCounter constructing_actor_cnt, current val is 753
I1012 14:25:23.933337 35445 runtime_context.cpp:29] DecreaseCounter constructing_actor_cnt, current val is 748
I1012 14:25:23.933470 35437 runtime_context.cpp:29] DecreaseCounter constructing_actor_cnt, current val is 747
I1012 14:25:23.933521 35443 thread.cpp:96] Thread 524313 construct Actor kNormalForward 1099564056576
I1012 14:25:23.932010 35434 naive_actor.cpp:25] actor 1099545182208 switch to &NaiveActor::HandlerNormal
I1012 14:25:23.935813 35434 thread.cpp:96] Thread 524304 construct Actor kNormalForward 1099545182208
I1012 14:25:23.933763 35427 runtime_context.cpp:29] DecreaseCounter constructing_actor_cnt, current val is 746
I1012 14:25:23.932029 35449 runtime_context.cpp:29] DecreaseCounter constructing_actor_cnt, current val is 752
I1012 14:25:23.932235 35461 naive_actor.cpp:25] actor 2199023255565 switch to &NaiveActor::HandlerNormal
I1012 14:25:23.936237 35461 thread.cpp:96] Thread 1048576 construct Actor kNormalForward 2199023255565
I1012 14:25:23.932291 35440 thread.cpp:96] Thread 524310 construct Actor kNormalForward 1099557765120
I1012 14:25:23.936316 35461 runtime_context.cpp:29] DecreaseCounter constructing_actor_cnt, current val is 733
I1012 14:25:23.934208 35444 thread.cpp:96] Thread 524314 construct Actor kNormalForward 1099566153728
I1012 14:25:23.934376 35459 thread.cpp:96] Thread 524339 construct Actor kCallbackNotify 1099618582528
I1012 14:25:23.934422 35456 thread.cpp:96] Thread 524326 construct Actor kForeignOutput 1099591319552
I1012 14:25:23.932443 35446 runtime_context.cpp:29] DecreaseCounter constructing_actor_cnt, current val is 750
I1012 14:25:23.936480 35459 runtime_context.cpp:29] DecreaseCounter constructing_actor_cnt, current val is 730
I1012 14:25:23.934623 35431 thread.cpp:96] Thread 524301 construct Actor kNormalForward 1099538890752
I1012 14:25:23.932546 35438 thread.cpp:96] Thread 524308 construct Actor kNormalForward 1099553570816
I1012 14:25:23.934697 35469 thread.cpp:96] Thread 1052673 construct Actor kCopyHd 2207615287300
I1012 14:25:23.931744 35422 naive_actor.cpp:25] actor 1099520016384 switch to &NaiveActor::HandlerNormal
I1012 14:25:23.932706 35454 thread.cpp:96] Thread 524324 construct Actor kNormalForward 1099587125248
I1012 14:25:23.934841 35428 thread.cpp:96] Thread 524298 construct Actor kNormalForward 1099532599296
I1012 14:25:23.934934 35426 runtime_context.cpp:29] DecreaseCounter constructing_actor_cnt, current val is 739
I1012 14:25:23.936935 35454 runtime_context.cpp:29] DecreaseCounter constructing_actor_cnt, current val is 725
I1012 14:25:23.935093 35463 runtime_context.cpp:29] DecreaseCounter constructing_actor_cnt, current val is 737
I1012 14:25:23.933192 35432 naive_actor.cpp:25] actor 1099540987904 switch to &NaiveActor::HandlerNormal
I1012 14:25:23.935195 35423 runtime_context.cpp:29] DecreaseCounter constructing_actor_cnt, current val is 736
I1012 14:25:23.935252 35457 thread.cpp:96] Thread 524337 construct Actor kDeviceTick 1099614388225
I1012 14:25:23.935686 35443 runtime_context.cpp:29] DecreaseCounter constructing_actor_cnt, current val is 735
I1012 14:25:23.932018 35442 naive_actor.cpp:25] actor 1099561959424 switch to &NaiveActor::HandlerNormal
I1012 14:25:23.935968 35434 runtime_context.cpp:29] DecreaseCounter constructing_actor_cnt, current val is 734
I1012 14:25:23.932341 35424 naive_actor.cpp:25] actor 1099524210688 switch to &NaiveActor::HandlerNormal
I1012 14:25:23.936367 35440 runtime_context.cpp:29] DecreaseCounter constructing_actor_cnt, current val is 732
I1012 14:25:23.936415 35444 runtime_context.cpp:29] DecreaseCounter constructing_actor_cnt, current val is 731
I1012 14:25:23.936488 35456 runtime_context.cpp:29] DecreaseCounter constructing_actor_cnt, current val is 729
I1012 14:25:23.934538 35467 thread.cpp:96] Thread 1052672 construct Actor kNormalForward 2207613190151
I1012 14:25:23.936602 35431 runtime_context.cpp:29] DecreaseCounter constructing_actor_cnt, current val is 728
I1012 14:25:23.938071 35467 runtime_context.cpp:29] DecreaseCounter constructing_actor_cnt, current val is 722
I1012 14:25:23.936699 35469 runtime_context.cpp:29] DecreaseCounter constructing_actor_cnt, current val is 726
I1012 14:25:23.936774 35422 thread.cpp:96] Thread 524292 construct Actor kNormalForward 1099520016384
I1012 14:25:23.933140 35436 thread.cpp:96] Thread 524306 construct Actor kNormalForward 1099549376512
I1012 14:25:23.936991 35428 runtime_context.cpp:29] DecreaseCounter constructing_actor_cnt, current val is 724
I1012 14:25:23.938372 35436 runtime_context.cpp:29] DecreaseCounter constructing_actor_cnt, current val is 720
I1012 14:25:23.937491 35457 runtime_context.cpp:29] DecreaseCounter constructing_actor_cnt, current val is 723
I1012 14:25:23.937561 35442 thread.cpp:96] Thread 524312 construct Actor kNormalForward 1099561959424
I1012 14:25:23.937700 35424 thread.cpp:96] Thread 524294 construct Actor kNormalForward 1099524210688
I1012 14:25:23.937829 35463 naive_actor.cpp:25] actor 2199025352706 switch to &NaiveActor::HandlerNormal
I1012 14:25:23.939018 35463 thread.cpp:96] Thread 1048577 construct Actor kSliceBoxing 2199025352706
I1012 14:25:23.938309 35422 runtime_context.cpp:29] DecreaseCounter constructing_actor_cnt, current val is 721
I1012 14:25:23.937256 35432 thread.cpp:96] Thread 524302 construct Actor kNormalForward 1099540987904
I1012 14:25:23.938412 35469 naive_actor.cpp:25] actor 2207615287299 switch to &NaiveActor::HandlerNormal
I1012 14:25:23.938890 35442 runtime_context.cpp:29] DecreaseCounter constructing_actor_cnt, current val is 719
I1012 14:25:23.938958 35467 naive_actor.cpp:25] actor 2207613190157 switch to &NaiveActor::HandlerNormal
I1012 14:25:23.939404 35457 naive_actor.cpp:25] actor 1099614388237 switch to &NaiveActor::HandlerNormal
I1012 14:25:23.936640 35438 runtime_context.cpp:29] DecreaseCounter constructing_actor_cnt, current val is 727
I1012 14:25:23.939101 35463 runtime_context.cpp:29] DecreaseCounter constructing_actor_cnt, current val is 717
I1012 14:25:23.939301 35469 thread.cpp:96] Thread 1052673 construct Actor kSliceBoxing 2207615287299
I1012 14:25:23.939329 35432 runtime_context.cpp:29] DecreaseCounter constructing_actor_cnt, current val is 716
I1012 14:25:23.939440 35467 thread.cpp:96] Thread 1052672 construct Actor kNormalForward 2207613190157
I1012 14:25:23.939023 35424 runtime_context.cpp:29] DecreaseCounter constructing_actor_cnt, current val is 718
I1012 14:25:23.939486 35457 thread.cpp:96] Thread 524337 construct Actor kTick 1099614388237
I1012 14:25:23.939615 35461 naive_actor.cpp:25] actor 2199023255589 switch to &NaiveActor::HandlerNormal
I1012 14:25:23.939913 35457 runtime_context.cpp:29] DecreaseCounter constructing_actor_cnt, current val is 713
I1012 14:25:23.939781 35467 runtime_context.cpp:29] DecreaseCounter constructing_actor_cnt, current val is 714
I1012 14:25:23.939796 35463 naive_actor.cpp:25] actor 2199025352705 switch to &NaiveActor::HandlerNormal
I1012 14:25:23.939921 35461 thread.cpp:96] Thread 1048576 construct Actor kNormalForward 2199023255589
I1012 14:25:23.939677 35469 runtime_context.cpp:29] DecreaseCounter constructing_actor_cnt, current val is 715
I1012 14:25:23.940061 35463 thread.cpp:96] Thread 1048577 construct Actor kSliceBoxing 2199025352705
I1012 14:25:23.940165 35461 runtime_context.cpp:29] DecreaseCounter constructing_actor_cnt, current val is 712
I1012 14:25:23.940232 35463 runtime_context.cpp:29] DecreaseCounter constructing_actor_cnt, current val is 711
I1012 14:25:23.940346 35469 naive_actor.cpp:25] actor 2207615287296 switch to &NaiveActor::HandlerNormal
I1012 14:25:23.940412 35469 thread.cpp:96] Thread 1052673 construct Actor kSliceBoxing 2207615287296
I1012 14:25:23.940515 35469 runtime_context.cpp:29] DecreaseCounter constructing_actor_cnt, current val is 710
I1012 14:25:23.940567 35463 naive_actor.cpp:25] actor 2199025352704 switch to &NaiveActor::HandlerNormal
I1012 14:25:23.940572 35457 naive_actor.cpp:25] actor 1099614388235 switch to &NaiveActor::HandlerNormal
I1012 14:25:23.940634 35463 thread.cpp:96] Thread 1048577 construct Actor kSliceBoxing 2199025352704
I1012 14:25:23.940707 35469 naive_actor.cpp:25] actor 2207615287298 switch to &NaiveActor::HandlerNormal
I1012 14:25:23.940688 35457 thread.cpp:96] Thread 524337 construct Actor kDstSubsetTick 1099614388235
I1012 14:25:23.940758 35463 runtime_context.cpp:29] DecreaseCounter constructing_actor_cnt, current val is 709
I1012 14:25:23.940780 35469 thread.cpp:96] Thread 1052673 construct Actor kSliceBoxing 2207615287298
I1012 14:25:23.940871 35457 runtime_context.cpp:29] DecreaseCounter constructing_actor_cnt, current val is 708
I1012 14:25:23.940915 35469 runtime_context.cpp:29] DecreaseCounter constructing_actor_cnt, current val is 707
I1012 14:25:23.941253 35469 naive_actor.cpp:25] actor 2207615287297 switch to &NaiveActor::HandlerNormal
I1012 14:25:23.941373 35463 naive_actor.cpp:25] actor 2199025352708 switch to &NaiveActor::HandlerNormal
I1012 14:25:23.941380 35469 thread.cpp:96] Thread 1052673 construct Actor kSliceBoxing 2207615287297
I1012 14:25:23.941457 35463 thread.cpp:96] Thread 1048577 construct Actor kSliceBoxing 2199025352708
I1012 14:25:23.941488 35457 naive_actor.cpp:25] actor 1099614388227 switch to &NaiveActor::HandlerNormal
I1012 14:25:23.941565 35467 naive_actor.cpp:25] actor 2207613190145 switch to &NaiveActor::HandlerNormal
I1012 14:25:23.941622 35467 thread.cpp:96] Thread 1052672 construct Actor kNormalForward 2207613190145
I1012 14:25:23.941519 35469 runtime_context.cpp:29] DecreaseCounter constructing_actor_cnt, current val is 706
I1012 14:25:23.941587 35457 thread.cpp:96] Thread 524337 construct Actor kDeviceTick 1099614388227
I1012 14:25:23.941562 35463 runtime_context.cpp:29] DecreaseCounter constructing_actor_cnt, current val is 705
I1012 14:25:23.941790 35457 runtime_context.cpp:29] DecreaseCounter constructing_actor_cnt, current val is 703
I1012 14:25:23.941722 35467 runtime_context.cpp:29] DecreaseCounter constructing_actor_cnt, current val is 704
I1012 14:25:23.941802 35469 naive_actor.cpp:25] actor 2207615287301 switch to &NaiveActor::HandlerNormal
I1012 14:25:23.941915 35469 thread.cpp:96] Thread 1052673 construct Actor kCopyHd 2207615287301
I1012 14:25:23.941972 35469 runtime_context.cpp:29] DecreaseCounter constructing_actor_cnt, current val is 702
I1012 14:25:23.942118 35469 naive_actor.cpp:25] actor 2207615287302 switch to &NaiveActor::HandlerNormal
I1012 14:25:23.942128 35463 naive_actor.cpp:25] actor 2199025352707 switch to &NaiveActor::HandlerNormal
I1012 14:25:23.942173 35469 thread.cpp:96] Thread 1052673 construct Actor kCopyHd 2207615287302
I1012 14:25:23.942221 35463 thread.cpp:96] Thread 1048577 construct Actor kSliceBoxing 2199025352707
I1012 14:25:23.942270 35469 runtime_context.cpp:29] DecreaseCounter constructing_actor_cnt, current val is 701
I1012 14:25:23.942317 35467 naive_actor.cpp:25] actor 2207613190155 switch to &NaiveActor::HandlerNormal
I1012 14:25:23.942353 35457 naive_actor.cpp:25] actor 1099614388239 switch to &NaiveActor::HandlerNormal
I1012 14:25:23.942309 35463 runtime_context.cpp:29] DecreaseCounter constructing_actor_cnt, current val is 700
I1012 14:25:23.942376 35467 thread.cpp:96] Thread 1052672 construct Actor kNormalForward 2207613190155
I1012 14:25:23.942355 35461 naive_actor.cpp:25] actor 2199023255613 switch to &NaiveActor::HandlerNormal
I1012 14:25:23.942440 35457 thread.cpp:96] Thread 524337 construct Actor kTick 1099614388239
I1012 14:25:23.942589 35467 runtime_context.cpp:29] DecreaseCounter constructing_actor_cnt, current val is 699
I1012 14:25:23.942615 35461 thread.cpp:96] Thread 1048576 construct Actor kNormalForward 2199023255613
I1012 14:25:23.942775 35463 naive_actor.cpp:25] actor 2199025352710 switch to &NaiveActor::HandlerNormal
I1012 14:25:23.942798 35457 runtime_context.cpp:29] DecreaseCounter constructing_actor_cnt, current val is 698
I1012 14:25:23.942809 35461 runtime_context.cpp:29] DecreaseCounter constructing_actor_cnt, current val is 697
I1012 14:25:23.942847 35463 thread.cpp:96] Thread 1048577 construct Actor kCopyHd 2199025352710
I1012 14:25:23.943013 35463 runtime_context.cpp:29] DecreaseCounter constructing_actor_cnt, current val is 696
I1012 14:25:23.943329 35463 naive_actor.cpp:25] actor 2199025352711 switch to &NaiveActor::HandlerNormal
I1012 14:25:23.943336 35457 naive_actor.cpp:25] actor 1099614388246 switch to &NaiveActor::HandlerNormal
I1012 14:25:23.943392 35463 thread.cpp:96] Thread 1048577 construct Actor kCopyHd 2199025352711
I1012 14:25:23.943441 35457 thread.cpp:96] Thread 524337 construct Actor kTick 1099614388246
I1012 14:25:23.943503 35463 runtime_context.cpp:29] DecreaseCounter constructing_actor_cnt, current val is 695
I1012 14:25:23.943532 35457 runtime_context.cpp:29] DecreaseCounter constructing_actor_cnt, current val is 694
I1012 14:25:23.943842 35457 naive_actor.cpp:25] actor 1099614388244 switch to &NaiveActor::HandlerNormal
I1012 14:25:23.943959 35457 thread.cpp:96] Thread 524337 construct Actor kTick 1099614388244
I1012 14:25:23.944000 35467 naive_actor.cpp:25] actor 2207613190156 switch to &NaiveActor::HandlerNormal
I1012 14:25:23.944023 35457 runtime_context.cpp:29] DecreaseCounter constructing_actor_cnt, current val is 693
I1012 14:25:23.944070 35467 thread.cpp:96] Thread 1052672 construct Actor kNormalForward 2207613190156
I1012 14:25:23.944152 35461 naive_actor.cpp:25] actor 2199023255553 switch to &NaiveActor::HandlerNormal
I1012 14:25:23.944187 35467 runtime_context.cpp:29] DecreaseCounter constructing_actor_cnt, current val is 692
I1012 14:25:23.944233 35461 thread.cpp:96] Thread 1048576 construct Actor kNormalForward 2199023255553
I1012 14:25:23.944375 35461 runtime_context.cpp:29] DecreaseCounter constructing_actor_cnt, current val is 691
I1012 14:25:23.944497 35457 naive_actor.cpp:25] actor 1099614388234 switch to &NaiveActor::HandlerNormal
I1012 14:25:23.944623 35457 thread.cpp:96] Thread 524337 construct Actor kTick 1099614388234
I1012 14:25:23.944725 35457 runtime_context.cpp:29] DecreaseCounter constructing_actor_cnt, current val is 690
I1012 14:25:23.945525 35457 naive_actor.cpp:25] actor 1099614388327 switch to &NaiveActor::HandlerNormal
I1012 14:25:23.945590 35457 thread.cpp:96] Thread 524337 construct Actor kTick 1099614388327
I1012 14:25:23.945629 35467 naive_actor.cpp:25] actor 2207613190180 switch to &NaiveActor::HandlerNormal
I1012 14:25:23.945674 35457 runtime_context.cpp:29] DecreaseCounter constructing_actor_cnt, current val is 689
I1012 14:25:23.945690 35467 thread.cpp:96] Thread 1052672 construct Actor kNormalForward 2207613190180
I1012 14:25:23.945811 35467 runtime_context.cpp:29] DecreaseCounter constructing_actor_cnt, current val is 688
I1012 14:25:23.946157 35457 naive_actor.cpp:25] actor 1099614388226 switch to &NaiveActor::HandlerNormal
I1012 14:25:23.946177 35461 naive_actor.cpp:25] actor 2199023255571 switch to &NaiveActor::HandlerNormal
I1012 14:25:23.946228 35457 thread.cpp:96] Thread 524337 construct Actor kDeviceTick 1099614388226
I1012 14:25:23.946249 35467 naive_actor.cpp:25] actor 2207613190146 switch to &NaiveActor::HandlerNormal
I1012 14:25:23.946291 35461 thread.cpp:96] Thread 1048576 construct Actor kNormalForward 2199023255571
I1012 14:25:23.946367 35467 thread.cpp:96] Thread 1052672 construct Actor kNormalForward 2207613190146
I1012 14:25:23.946374 35457 runtime_context.cpp:29] DecreaseCounter constructing_actor_cnt, current val is 687
I1012 14:25:23.946501 35461 runtime_context.cpp:29] DecreaseCounter constructing_actor_cnt, current val is 686
I1012 14:25:23.946511 35467 runtime_context.cpp:29] DecreaseCounter constructing_actor_cnt, current val is 685
I1012 14:25:23.946915 35457 naive_actor.cpp:25] actor 1099614388228 switch to &NaiveActor::HandlerNormal
I1012 14:25:23.946987 35457 thread.cpp:96] Thread 524337 construct Actor kDeviceTick 1099614388228
I1012 14:25:23.947072 35457 runtime_context.cpp:29] DecreaseCounter constructing_actor_cnt, current val is 684
I1012 14:25:23.947587 35457 naive_actor.cpp:25] actor 1099614388245 switch to &NaiveActor::HandlerNormal
I1012 14:25:23.947656 35457 thread.cpp:96] Thread 524337 construct Actor kDstSubsetTick 1099614388245
I1012 14:25:23.947732 35457 runtime_context.cpp:29] DecreaseCounter constructing_actor_cnt, current val is 683
I1012 14:25:23.947892 35467 naive_actor.cpp:25] actor 2207613190165 switch to &NaiveActor::HandlerNormal
I1012 14:25:23.947952 35467 thread.cpp:96] Thread 1052672 construct Actor kNormalForward 2207613190165
I1012 14:25:23.948036 35467 runtime_context.cpp:29] DecreaseCounter constructing_actor_cnt, current val is 682
I1012 14:25:23.948101 35461 naive_actor.cpp:25] actor 2199023255555 switch to &NaiveActor::HandlerNormal
I1012 14:25:23.948171 35461 thread.cpp:96] Thread 1048576 construct Actor kNormalForward 2199023255555
I1012 14:25:23.948237 35457 naive_actor.cpp:25] actor 1099614388331 switch to &NaiveActor::HandlerNormal
I1012 14:25:23.948288 35461 runtime_context.cpp:29] DecreaseCounter constructing_actor_cnt, current val is 681
I1012 14:25:23.948307 35457 thread.cpp:96] Thread 524337 construct Actor kTick 1099614388331
I1012 14:25:23.948566 35457 runtime_context.cpp:29] DecreaseCounter constructing_actor_cnt, current val is 680
I1012 14:25:23.948791 35461 naive_actor.cpp:25] actor 2199023255572 switch to &NaiveActor::HandlerNormal
I1012 14:25:23.948863 35461 thread.cpp:96] Thread 1048576 construct Actor kNormalForward 2199023255572
I1012 14:25:23.948949 35461 runtime_context.cpp:29] DecreaseCounter constructing_actor_cnt, current val is 679
I1012 14:25:23.949031 35457 naive_actor.cpp:25] actor 1099614388238 switch to &NaiveActor::HandlerNormal
I1012 14:25:23.949090 35457 thread.cpp:96] Thread 524337 construct Actor kTick 1099614388238
I1012 14:25:23.949172 35457 runtime_context.cpp:29] DecreaseCounter constructing_actor_cnt, current val is 678
I1012 14:25:23.949183 35467 naive_actor.cpp:25] actor 2207613190170 switch to &NaiveActor::HandlerNormal
I1012 14:25:23.949270 35467 thread.cpp:96] Thread 1052672 construct Actor kNormalForward 2207613190170
I1012 14:25:23.949357 35467 runtime_context.cpp:29] DecreaseCounter constructing_actor_cnt, current val is 677
I1012 14:25:23.949456 35461 naive_actor.cpp:25] actor 2199023255579 switch to &NaiveActor::HandlerNormal
I1012 14:25:23.949533 35461 thread.cpp:96] Thread 1048576 construct Actor kNormalForward 2199023255579
I1012 14:25:23.949630 35457 naive_actor.cpp:25] actor 1099614388236 switch to &NaiveActor::HandlerNormal
I1012 14:25:23.949630 35461 runtime_context.cpp:29] DecreaseCounter constructing_actor_cnt, current val is 676
I1012 14:25:23.949703 35457 thread.cpp:96] Thread 524337 construct Actor kTick 1099614388236
I1012 14:25:23.949816 35457 runtime_context.cpp:29] DecreaseCounter constructing_actor_cnt, current val is 675
I1012 14:25:23.950371 35457 naive_actor.cpp:25] actor 1099614388229 switch to &NaiveActor::HandlerNormal
I1012 14:25:23.950448 35457 thread.cpp:96] Thread 524337 construct Actor kSrcSubsetTick 1099614388229
I1012 14:25:23.950520 35457 runtime_context.cpp:29] DecreaseCounter constructing_actor_cnt, current val is 674
I1012 14:25:23.950701 35467 naive_actor.cpp:25] actor 2207613190152 switch to &NaiveActor::HandlerNormal
I1012 14:25:23.950762 35467 thread.cpp:96] Thread 1052672 construct Actor kNormalForward 2207613190152
I1012 14:25:23.950858 35467 runtime_context.cpp:29] DecreaseCounter constructing_actor_cnt, current val is 673
I1012 14:25:23.951036 35457 naive_actor.cpp:25] actor 1099614388247 switch to &NaiveActor::HandlerNormal
I1012 14:25:23.951059 35461 naive_actor.cpp:25] actor 2199023255560 switch to &NaiveActor::HandlerNormal
I1012 14:25:23.951105 35457 thread.cpp:96] Thread 524337 construct Actor kTick 1099614388247
I1012 14:25:23.951161 35461 thread.cpp:96] Thread 1048576 construct Actor kNormalForward 2199023255560
I1012 14:25:23.951231 35457 runtime_context.cpp:29] DecreaseCounter constructing_actor_cnt, current val is 672
I1012 14:25:23.951274 35461 runtime_context.cpp:29] DecreaseCounter constructing_actor_cnt, current val is 671
I1012 14:25:23.951383 35467 naive_actor.cpp:25] actor 2207613190176 switch to &NaiveActor::HandlerNormal
I1012 14:25:23.951452 35467 thread.cpp:96] Thread 1052672 construct Actor kNormalForward 2207613190176
I1012 14:25:23.951530 35467 runtime_context.cpp:29] DecreaseCounter constructing_actor_cnt, current val is 670
I1012 14:25:23.951686 35457 naive_actor.cpp:25] actor 1099614388224 switch to &NaiveActor::HandlerNormal
I1012 14:25:23.951748 35457 thread.cpp:96] Thread 524337 construct Actor kDeviceTick 1099614388224
I1012 14:25:23.951792 35461 naive_actor.cpp:25] actor 2199023255554 switch to &NaiveActor::HandlerNormal
I1012 14:25:23.951830 35457 runtime_context.cpp:29] DecreaseCounter constructing_actor_cnt, current val is 669
I1012 14:25:23.951846 35461 thread.cpp:96] Thread 1048576 construct Actor kNormalForward 2199023255554
I1012 14:25:23.951997 35461 runtime_context.cpp:29] DecreaseCounter constructing_actor_cnt, current val is 668
I1012 14:25:23.952284 35457 naive_actor.cpp:25] actor 1099614388242 switch to &NaiveActor::HandlerNormal
I1012 14:25:23.952360 35457 thread.cpp:96] Thread 524337 construct Actor kSrcSubsetTick 1099614388242
I1012 14:25:23.952447 35457 runtime_context.cpp:29] DecreaseCounter constructing_actor_cnt, current val is 667
I1012 14:25:23.952713 35467 naive_actor.cpp:25] actor 2207613190200 switch to &NaiveActor::HandlerNormal
I1012 14:25:23.952770 35467 thread.cpp:96] Thread 1052672 construct Actor kNormalForward 2207613190200
I1012 14:25:23.952869 35467 runtime_context.cpp:29] DecreaseCounter constructing_actor_cnt, current val is 666
I1012 14:25:23.952888 35457 naive_actor.cpp:25] actor 1099614388248 switch to &NaiveActor::HandlerNormal
I1012 14:25:23.952975 35457 thread.cpp:96] Thread 524337 construct Actor kTick 1099614388248
