Log file created at: 2021/10/14 10:51:49
Running on machine: oneflow-14
Log line format: [IWEF]mmdd hh:mm:ss.uuuuuu threadid file:line] msg
I1014 10:51:49.517407 11929 global.h:36] NewGlobal 14cudaDeviceProp
I1014 10:51:49.518927 11929 global.h:36] NewGlobal N7oneflow7EnvDescE
I1014 10:51:49.518949 11929 global.h:36] NewGlobal N7oneflow10ProcessCtxE
I1014 10:51:49.518962 11929 env_global_objects_scope.cpp:152] using rpc backend: local
I1014 10:51:49.518980 11929 global.h:36] NewGlobal N7oneflow12ResourceDescE
I1014 10:51:49.518991 11929 global.h:36] NewGlobal N7oneflow12ResourceDescE
I1014 10:51:49.616832 11929 global.h:36] NewGlobal N7oneflow10ThreadPoolE
I1014 10:51:49.618942 11929 global.h:36] NewGlobal N7oneflow16EagerNcclCommMgrE
I1014 10:51:49.618968 11929 global.h:36] NewGlobal N7oneflow18CudnnConvAlgoCacheE
I1014 10:51:49.618981 11929 global.h:36] NewGlobal N7oneflow2vm19VirtualMachineScopeE
I1014 10:51:49.618994 11929 global.h:36] NewGlobal N7oneflow9OneflowVME
I1014 10:51:49.620285 11929 oneflow_vm.cpp:75] transport stream type: N7oneflow2vm13CpuStreamTypeE
I1014 10:51:49.620312 11929 oneflow_vm.cpp:75] transport stream type: N7oneflow2vm14CudaStreamTypeE
I1014 10:51:49.620324 11929 oneflow_vm.cpp:75] transport stream type: N7oneflow2vm19AsyncCudaStreamTypeE
I1014 10:51:49.620512 11929 global.h:36] NewGlobal N7oneflow27EagerJobBuildAndInferCtxMgrE
I1014 10:51:49.620530 11929 global.h:36] NewGlobal N7oneflow12EpollCommNetE
I1014 10:51:49.620724 11929 epoll_comm_network.cpp:63] CommNet:Epoll listening on 0.0.0.0:39907
I1014 10:51:49.620781 11929 epoll_comm_network.cpp:197] machine 0 sockfd -1
I1014 10:51:49.620934 11929 global.h:36] NewGlobal N7oneflow9TransportE
I1014 10:51:49.623821 11929 global.h:43] DeleteGlobal N7oneflow12ResourceDescE
I1014 10:51:49.623862 11929 version.cpp:22] OneFlow git version: b295ca2324
I1014 10:51:49.623888 11929 device_register_gpu.cpp:56] CUDA runtime version: 11.2
I1014 10:51:49.623926 11929 device_register_gpu.cpp:65] cuDNN version: 8.1.1
I1014 10:51:49.623944 11929 device_register_gpu.cpp:78] NCCL version: 2.9.8
I1014 10:51:49.623956 11929 global.h:36] NewGlobal N7oneflow12ResourceDescE
I1014 10:51:49.623970 11929 global.h:36] NewGlobal N7oneflow5IDMgrE
I1014 10:51:49.623981 11929 global.h:36] NewGlobal N7oneflow16AvailableMemDescE
I1014 10:51:49.624014 11929 global.h:36] NewGlobal St13unordered_mapISslSt4hashISsESt8equal_toISsESaISt4pairIKSslEEE
I1014 10:51:49.624027 11929 global.h:36] NewGlobal N7oneflow19CriticalSectionDescE
I1014 10:51:49.624038 11929 global.h:36] NewGlobal N7oneflow16InterUserJobInfoE
I1014 10:51:49.624050 11929 global.h:36] NewGlobal N7oneflow26LazyJobBuildAndInferCtxMgrE
I1014 10:51:49.624061 11929 global.h:36] NewGlobal N7oneflow16JobSetCompileCtxE
I1014 10:51:49.624073 11929 global.h:36] NewGlobal N7oneflow26RuntimeBufferManagersScopeE
I1014 10:51:49.624084 11929 global.h:36] NewGlobal N7oneflow9BufferMgrIlEE
I1014 10:51:49.624094 11929 global.h:36] NewGlobal N7oneflow9BufferMgrISt10shared_ptrINS_11JobInstanceEEEE
I1014 10:51:49.624106 11929 global.h:36] NewGlobal N7oneflow10RuntimeCtxE
I1014 10:51:49.624116 11929 global.h:36] NewGlobal N7oneflow15MemoryAllocatorE
I1014 10:51:49.624126 11929 global.h:36] NewGlobal N7oneflow8ChunkMgrE
I1014 10:51:49.624136 11929 global.h:36] NewGlobal N7oneflow8RegstMgrE
I1014 10:51:49.624146 11929 global.h:36] NewGlobal N7oneflow11ActorMsgBusE
I1014 10:51:49.624156 11929 global.h:36] NewGlobal N7oneflow9ThreadMgrE
I1014 10:51:49.624166 11929 global.h:36] NewGlobal N7oneflow15RuntimeJobDescsE
I1014 10:51:49.624177 11929 global.h:36] NewGlobal N7oneflow7summary12EventsWriterE
I1014 10:51:49.624190 11929 global.h:36] NewGlobal N7oneflow6boxing10collective24CollectiveBoxingExecutorE
I1014 10:51:49.624202 11929 global.h:36] NewGlobal N7oneflow6boxing10collective31CollectiveBoxingDeviceCtxPollerE
I1014 10:51:49.624387 11929 session.h:77] NewGlobal N7oneflow25SessionGlobalObjectsScopeE
I1014 10:51:49.625377 11929 global.h:36] NewGlobal N7oneflow7JobDescE
I1014 10:51:50.275501 11929 global.h:43] DeleteGlobal N7oneflow7JobDescE
I1014 10:51:50.275717 11929 global.h:36] NewGlobal N7oneflow7JobDescE
I1014 10:51:50.281246 11929 global.h:36] NewGlobal N7oneflow7OpGraphE
I1014 10:51:50.289703 11929 global.h:43] DeleteGlobal N7oneflow7OpGraphE
I1014 10:51:50.696543 11929 global.h:43] DeleteGlobal N7oneflow7JobDescE
I1014 10:51:50.721864 11929 global.h:36] NewGlobal N7oneflow24InterJobReuseMemStrategyE
I1014 10:51:50.721974 11929 global.h:36] NewGlobal N7oneflow7OneflowE
I1014 10:51:50.737751 11929 global.h:36] NewGlobal N7oneflow7JobDescE
I1014 10:51:51.177269 11929 insert_nccl_logical_op_pass.cpp:663]  Try insert nccl logical ops into job: train_job. Begin...
I1014 10:51:51.178591 11929 insert_nccl_logical_op_pass.cpp:432]  insert nccl op: System-NCCL-Logical-S2S-116 from: [Gather_12](order=6, nd_sbp=[S(2)])->[Reshape_14](order=8, nd_sbp=[S(0)]) and before: [Reshape_8](order=7)
I1014 10:51:51.178766 11929 insert_nccl_logical_op_pass.cpp:432]  insert nccl op: System-NCCL-Logical-P2S-117 from: [ReduceSum_9](order=9, nd_sbp=[P])->[AddN_23](order=48, nd_sbp=[S(0)]) and before: [Concat_15](order=10)
I1014 10:51:51.179666 11929 insert_nccl_logical_op_pass.cpp:432]  insert nccl op: System-NCCL-Logical-S2B-118 from: [SigmoidCrossEntropy_24_grad](order=52, nd_sbp=[S(0)])->[ReduceSum_9_grad](order=57, nd_sbp=[B]) and before: [ScalarMul_26](order=53)
I1014 10:51:51.179777 11929 insert_nccl_logical_op_pass.cpp:432]  insert nccl op: System-NCCL-Logical-P2B-119 from: [deep_scores-matmul_grad_b](order=54, nd_sbp=[P])->[System-ModelDiffScale-ScalarMul_66](order=58, nd_sbp=[B]) and before: [deep_scores-matmul_grad_a](order=55)
I1014 10:51:51.179879 11929 insert_nccl_logical_op_pass.cpp:432]  insert nccl op: System-NCCL-Logical-P2B-120 from: [deep_scores-bias_add_grad](order=56, nd_sbp=[P])->[System-ModelDiffScale-ScalarMul_78](order=61, nd_sbp=[B]) and before: [ReduceSum_9_grad](order=57)
I1014 10:51:51.180068 11929 insert_nccl_logical_op_pass.cpp:432]  insert nccl op: System-NCCL-Logical-P2B-121 from: [fc6-matmul_grad_b](order=66, nd_sbp=[P])->[System-ModelDiffScale-ScalarMul_70](order=70, nd_sbp=[B]) and before: [fc6-bias_add_grad](order=67)
I1014 10:51:51.180158 11929 insert_nccl_logical_op_pass.cpp:432]  insert nccl op: System-NCCL-Logical-P2B-122 from: [fc6-bias_add_grad](order=67, nd_sbp=[P])->[System-ModelDiffScale-ScalarMul_69](order=71, nd_sbp=[B]) and before: [fc6-matmul_grad_a](order=68)
I1014 10:51:51.180336 11929 insert_nccl_logical_op_pass.cpp:432]  insert nccl op: System-NCCL-Logical-P2B-123 from: [fc5-matmul_grad_b](order=77, nd_sbp=[P])->[System-ModelDiffScale-ScalarMul_68](order=80, nd_sbp=[B]) and before: [fc5-bias_add_grad](order=78)
I1014 10:51:51.180431 11929 insert_nccl_logical_op_pass.cpp:432]  insert nccl op: System-NCCL-Logical-P2B-124 from: [fc5-bias_add_grad](order=78, nd_sbp=[P])->[System-ModelDiffScale-ScalarMul_71](order=81, nd_sbp=[B]) and before: [fc5-matmul_grad_a](order=79)
I1014 10:51:51.180608 11929 insert_nccl_logical_op_pass.cpp:432]  insert nccl op: System-NCCL-Logical-P2B-125 from: [fc4-matmul_grad_b](order=86, nd_sbp=[P])->[System-ModelDiffScale-ScalarMul_74](order=89, nd_sbp=[B]) and before: [fc4-bias_add_grad](order=87)
I1014 10:51:51.180701 11929 insert_nccl_logical_op_pass.cpp:432]  insert nccl op: System-NCCL-Logical-P2B-126 from: [fc4-bias_add_grad](order=87, nd_sbp=[P])->[System-ModelDiffScale-ScalarMul_79](order=90, nd_sbp=[B]) and before: [fc4-matmul_grad_a](order=88)
I1014 10:51:51.180860 11929 insert_nccl_logical_op_pass.cpp:432]  insert nccl op: System-NCCL-Logical-P2B-127 from: [fc3-matmul_grad_b](order=95, nd_sbp=[P])->[System-ModelDiffScale-ScalarMul_67](order=98, nd_sbp=[B]) and before: [fc3-bias_add_grad](order=96)
I1014 10:51:51.180950 11929 insert_nccl_logical_op_pass.cpp:432]  insert nccl op: System-NCCL-Logical-P2B-128 from: [fc3-bias_add_grad](order=96, nd_sbp=[P])->[System-ModelDiffScale-ScalarMul_82](order=99, nd_sbp=[B]) and before: [fc3-matmul_grad_a](order=97)
I1014 10:51:51.181115 11929 insert_nccl_logical_op_pass.cpp:432]  insert nccl op: System-NCCL-Logical-P2B-129 from: [fc2-matmul_grad_b](order=104, nd_sbp=[P])->[System-ModelDiffScale-ScalarMul_77](order=107, nd_sbp=[B]) and before: [fc2-bias_add_grad](order=105)
I1014 10:51:51.181371 11929 insert_nccl_logical_op_pass.cpp:432]  insert nccl op: System-NCCL-Logical-P2B-130 from: [fc2-bias_add_grad](order=105, nd_sbp=[P])->[System-ModelDiffScale-ScalarMul_73](order=108, nd_sbp=[B]) and before: [fc2-matmul_grad_a](order=106)
I1014 10:51:51.181550 11929 insert_nccl_logical_op_pass.cpp:432]  insert nccl op: System-NCCL-Logical-P2B-131 from: [fc1-matmul_grad_b](order=113, nd_sbp=[P])->[System-ModelDiffScale-ScalarMul_81](order=116, nd_sbp=[B]) and before: [fc1-bias_add_grad](order=114)
I1014 10:51:51.181665 11929 insert_nccl_logical_op_pass.cpp:432]  insert nccl op: System-NCCL-Logical-P2B-132 from: [fc1-bias_add_grad](order=114, nd_sbp=[P])->[System-ModelDiffScale-ScalarMul_65](order=117, nd_sbp=[B]) and before: [fc1-matmul_grad_a](order=115)
I1014 10:51:51.181833 11929 insert_nccl_logical_op_pass.cpp:432]  insert nccl op: System-NCCL-Logical-P2B-133 from: [fc0-matmul_grad_b](order=122, nd_sbp=[P])->[System-ModelDiffScale-ScalarMul_75](order=125, nd_sbp=[B]) and before: [fc0-bias_add_grad](order=123)
I1014 10:51:51.181926 11929 insert_nccl_logical_op_pass.cpp:432]  insert nccl op: System-NCCL-Logical-P2B-134 from: [fc0-bias_add_grad](order=123, nd_sbp=[P])->[System-ModelDiffScale-ScalarMul_72](order=126, nd_sbp=[B]) and before: [fc0-matmul_grad_a](order=124)
I1014 10:51:51.182081 11929 insert_nccl_logical_op_pass.cpp:432]  insert nccl op: System-NCCL-Logical-S2S-135 from: [Reshape_14_grad](order=130, nd_sbp=[S(0)])->[Gather_12_grad](order=131, nd_sbp=[S(2)]) and before: [Gather_12_grad](order=131)
I1014 10:51:51.182152 11929 insert_nccl_logical_op_pass.cpp:699]  Try insert nccl logical ops into job: train_job. ...End

I1014 10:51:51.309619 11929 global.h:36] NewGlobal N7oneflow7OpGraphE
I1014 10:51:51.488682 11929 global.h:43] DeleteGlobal N7oneflow7OpGraphE
I1014 10:51:51.506124 11929 oneflow.cpp:210] 
job_id: 0 , job_name: train_job , compile time: 0.768287 seconds.
I1014 10:51:51.655067 11929 global.h:43] DeleteGlobal N7oneflow7JobDescE
I1014 10:51:51.655524 11929 global.h:36] NewGlobal N7oneflow7JobDescE
I1014 10:51:51.727787 11929 global.h:36] NewGlobal N7oneflow7OpGraphE
I1014 10:51:51.757767 11929 global.h:43] DeleteGlobal N7oneflow7OpGraphE
I1014 10:51:51.762612 11929 oneflow.cpp:210] 
job_id: 1 , job_name: System-ModelInit , compile time: 0.106779 seconds.
I1014 10:51:51.783587 11929 global.h:43] DeleteGlobal N7oneflow7JobDescE
I1014 10:51:51.783677 11929 global.h:36] NewGlobal N7oneflow7JobDescE
I1014 10:51:51.840917 11929 global.h:36] NewGlobal N7oneflow7OpGraphE
I1014 10:51:51.864384 11929 global.h:43] DeleteGlobal N7oneflow7OpGraphE
I1014 10:51:51.868521 11929 oneflow.cpp:210] 
job_id: 2 , job_name: System-ModelLoad , compile time: 0.0847905 seconds.
I1014 10:51:51.890695 11929 global.h:43] DeleteGlobal N7oneflow7JobDescE
I1014 10:51:51.890825 11929 global.h:36] NewGlobal N7oneflow7JobDescE
I1014 10:51:51.955271 11929 global.h:36] NewGlobal N7oneflow7OpGraphE
I1014 10:51:51.979173 11929 global.h:43] DeleteGlobal N7oneflow7OpGraphE
I1014 10:51:51.982937 11929 oneflow.cpp:210] 
job_id: 3 , job_name: System-ModelSave , compile time: 0.0920481 seconds.
I1014 10:51:52.006111 11929 global.h:43] DeleteGlobal N7oneflow7JobDescE
I1014 10:51:52.006222 11929 global.h:36] NewGlobal N7oneflow7JobDescE
I1014 10:51:52.020413 11929 global.h:36] NewGlobal N7oneflow7OpGraphE
I1014 10:51:52.026607 11929 global.h:43] DeleteGlobal N7oneflow7OpGraphE
I1014 10:51:52.028194 11929 oneflow.cpp:210] 
job_id: 4 , job_name: System-Pull-Return_27 , compile time: 0.0219082 seconds.
I1014 10:51:52.033354 11929 global.h:43] DeleteGlobal N7oneflow7JobDescE
I1014 10:51:52.042697 11929 global.h:36] NewGlobal N7oneflow7JobDescE
I1014 10:51:52.042753 11929 global.h:36] NewGlobal N7oneflow7OpGraphE
I1014 10:51:52.048905 11929 global.h:43] DeleteGlobal N7oneflow7OpGraphE
I1014 10:51:52.051290 11929 oneflow.cpp:210] 
job_id: 5 , job_name: MainJob-unamed , compile time: 0.00854886 seconds.
I1014 10:51:52.059492 11929 global.h:43] DeleteGlobal N7oneflow7JobDescE
I1014 10:51:52.069380 11929 plan_util.cpp:928]  Plan: merged_plan needs to allocate [ 726.481 MiB ] device memory in Rank: 0 , Device: 1
I1014 10:51:52.069500 11929 plan_util.cpp:928]  Plan: merged_plan needs to allocate [ 726.482 MiB ] device memory in Rank: 0 , Device: 0
I1014 10:51:52.288980 11929 oneflow.cpp:998]  PushPlan merged_plan time: 0.0197238 seconds.
I1014 10:51:52.360882 11929 oneflow.cpp:1014]  PullPlan merged_plan time: 0.0639882 seconds.
I1014 10:51:57.063786 11929 runtime_context.cpp:21] NewCounter constructing_actor_cnt 811
I1014 10:51:57.065846 12564 naive_actor.cpp:25] actor 2199023255723 switch to &NaiveActor::HandlerNormal
I1014 10:51:57.065922 12553 naive_actor.cpp:25] actor 1099614388244 switch to &NaiveActor::HandlerNormal
I1014 10:51:57.065971 12564 thread.cpp:96] Thread 1048576 construct Actor kDeviceTick 2199023255723
I1014 10:51:57.065984 12554 wait_and_send_ids_actor.cpp:53] actor 1099616485376 switch to &WaitAndSendIdsActor::HandlerWaitToStart
I1014 10:51:57.065979 12572 naive_actor.cpp:25] actor 2207613190315 switch to &NaiveActor::HandlerNormal
I1014 10:51:57.066033 12553 thread.cpp:96] Thread 524337 construct Actor kDeviceTick 1099614388244
I1014 10:51:57.066138 12572 thread.cpp:96] Thread 1052672 construct Actor kDeviceTick 2207613190315
I1014 10:51:57.066090 12554 thread.cpp:96] Thread 524338 construct Actor kWaitAndSendIds 1099616485376
I1014 10:51:57.066149 12564 runtime_context.cpp:29] DecreaseCounter constructing_actor_cnt, current val is 810
I1014 10:51:57.066263 12554 runtime_context.cpp:29] DecreaseCounter constructing_actor_cnt, current val is 809
I1014 10:51:57.066264 12553 runtime_context.cpp:29] DecreaseCounter constructing_actor_cnt, current val is 808
I1014 10:51:57.066282 12572 runtime_context.cpp:29] DecreaseCounter constructing_actor_cnt, current val is 807
I1014 10:51:57.066494 12564 naive_actor.cpp:25] actor 2199023255782 switch to &NaiveActor::HandlerNormal
I1014 10:51:57.066531 12564 thread.cpp:96] Thread 1048576 construct Actor kDeviceTick 2199023255782
I1014 10:51:57.066555 12553 naive_actor.cpp:25] actor 1099614388245 switch to &NaiveActor::HandlerNormal
I1014 10:51:57.066603 12553 thread.cpp:96] Thread 524337 construct Actor kDeviceTick 1099614388245
I1014 10:51:57.066635 12564 runtime_context.cpp:29] DecreaseCounter constructing_actor_cnt, current val is 806
I1014 10:51:57.066654 12572 naive_actor.cpp:25] actor 2207613190374 switch to &NaiveActor::HandlerNormal
I1014 10:51:57.066681 12553 runtime_context.cpp:29] DecreaseCounter constructing_actor_cnt, current val is 805
I1014 10:51:57.066702 12572 thread.cpp:96] Thread 1052672 construct Actor kDeviceTick 2207613190374
I1014 10:51:57.066850 12572 runtime_context.cpp:29] DecreaseCounter constructing_actor_cnt, current val is 804
I1014 10:51:57.066913 12564 naive_actor.cpp:25] actor 2199023255821 switch to &NaiveActor::HandlerNormal
I1014 10:51:57.066933 12553 naive_actor.cpp:25] actor 1099614388234 switch to &NaiveActor::HandlerNormal
I1014 10:51:57.066972 12553 thread.cpp:96] Thread 524337 construct Actor kDeviceTick 1099614388234
I1014 10:51:57.066949 12564 thread.cpp:96] Thread 1048576 construct Actor kDeviceTick 2199023255821
I1014 10:51:57.067061 12553 runtime_context.cpp:29] DecreaseCounter constructing_actor_cnt, current val is 803
I1014 10:51:57.067083 12564 runtime_context.cpp:29] DecreaseCounter constructing_actor_cnt, current val is 802
I1014 10:51:57.067165 12572 naive_actor.cpp:25] actor 2207613190413 switch to &NaiveActor::HandlerNormal
I1014 10:51:57.067303 12553 naive_actor.cpp:25] actor 1099614388236 switch to &NaiveActor::HandlerNormal
I1014 10:51:57.067353 12572 thread.cpp:96] Thread 1052672 construct Actor kDeviceTick 2207613190413
I1014 10:51:57.067378 12553 thread.cpp:96] Thread 524337 construct Actor kDeviceTick 1099614388236
I1014 10:51:57.067507 12553 runtime_context.cpp:29] DecreaseCounter constructing_actor_cnt, current val is 800
I1014 10:51:57.067507 12572 runtime_context.cpp:29] DecreaseCounter constructing_actor_cnt, current val is 801
I1014 10:51:57.067545 12564 naive_actor.cpp:25] actor 2199023255860 switch to &NaiveActor::HandlerNormal
I1014 10:51:57.067812 12553 naive_actor.cpp:25] actor 1099614388235 switch to &NaiveActor::HandlerNormal
I1014 10:51:57.067824 12564 thread.cpp:96] Thread 1048576 construct Actor kDeviceTick 2199023255860
I1014 10:51:57.067873 12553 thread.cpp:96] Thread 524337 construct Actor kDeviceTick 1099614388235
I1014 10:51:57.067970 12564 runtime_context.cpp:29] DecreaseCounter constructing_actor_cnt, current val is 799
I1014 10:51:57.067996 12553 runtime_context.cpp:29] DecreaseCounter constructing_actor_cnt, current val is 798
I1014 10:51:57.068136 12572 naive_actor.cpp:25] actor 2207613190452 switch to &NaiveActor::HandlerNormal
I1014 10:51:57.068176 12572 thread.cpp:96] Thread 1052672 construct Actor kDeviceTick 2207613190452
I1014 10:51:57.068248 12553 naive_actor.cpp:25] actor 1099614388255 switch to &NaiveActor::HandlerNormal
I1014 10:51:57.068275 12572 runtime_context.cpp:29] DecreaseCounter constructing_actor_cnt, current val is 797
I1014 10:51:57.068280 12553 thread.cpp:96] Thread 524337 construct Actor kDeviceTick 1099614388255
I1014 10:51:57.068390 12553 runtime_context.cpp:29] DecreaseCounter constructing_actor_cnt, current val is 796
I1014 10:51:57.068758 12553 naive_actor.cpp:25] actor 1099614388264 switch to &NaiveActor::HandlerNormal
I1014 10:51:57.068789 12553 thread.cpp:96] Thread 524337 construct Actor kDeviceTick 1099614388264
I1014 10:51:57.068866 12553 runtime_context.cpp:29] DecreaseCounter constructing_actor_cnt, current val is 795
I1014 10:51:57.069108 12553 naive_actor.cpp:25] actor 1099614388273 switch to &NaiveActor::HandlerNormal
I1014 10:51:57.069139 12553 thread.cpp:96] Thread 524337 construct Actor kDeviceTick 1099614388273
I1014 10:51:57.069214 12553 runtime_context.cpp:29] DecreaseCounter constructing_actor_cnt, current val is 794
I1014 10:51:57.069466 12553 naive_actor.cpp:25] actor 1099614388291 switch to &NaiveActor::HandlerNormal
I1014 10:51:57.069499 12553 thread.cpp:96] Thread 524337 construct Actor kDeviceTick 1099614388291
I1014 10:51:57.069546 12553 runtime_context.cpp:29] DecreaseCounter constructing_actor_cnt, current val is 793
I1014 10:51:57.069780 12553 naive_actor.cpp:25] actor 1099614388282 switch to &NaiveActor::HandlerNormal
I1014 10:51:57.069813 12553 thread.cpp:96] Thread 524337 construct Actor kDeviceTick 1099614388282
I1014 10:51:57.069859 12553 runtime_context.cpp:29] DecreaseCounter constructing_actor_cnt, current val is 792
I1014 10:51:57.070093 12553 naive_actor.cpp:25] actor 1099614388290 switch to &NaiveActor::HandlerNormal
I1014 10:51:57.070125 12553 thread.cpp:96] Thread 524337 construct Actor kDeviceTick 1099614388290
I1014 10:51:57.070171 12553 runtime_context.cpp:29] DecreaseCounter constructing_actor_cnt, current val is 791
I1014 10:51:57.070405 12553 naive_actor.cpp:25] actor 1099614388293 switch to &NaiveActor::HandlerNormal
I1014 10:51:57.070436 12553 thread.cpp:96] Thread 524337 construct Actor kDeviceTick 1099614388293
I1014 10:51:57.070482 12553 runtime_context.cpp:29] DecreaseCounter constructing_actor_cnt, current val is 790
I1014 10:51:57.092375 12536 naive_actor.cpp:25] actor 1099576639488 switch to &NaiveActor::HandlerNormal
I1014 10:51:57.092505 12536 thread.cpp:96] Thread 524319 construct Actor kNormalForward 1099576639488
I1014 10:51:57.092379 12538 naive_actor.cpp:25] actor 1099580833792 switch to &NaiveActor::HandlerNormal
I1014 10:51:57.092640 12510 naive_actor.cpp:25] actor 1099528404992 switch to &NaiveActor::HandlerNormal
I1014 10:51:57.092610 12536 runtime_context.cpp:29] DecreaseCounter constructing_actor_cnt, current val is 789
I1014 10:51:57.092624 12502 naive_actor.cpp:25] actor 1099511627777 switch to &NaiveActor::HandlerNormal
I1014 10:51:57.092419 12535 naive_actor.cpp:25] actor 1099574542336 switch to &NaiveActor::HandlerNormal
I1014 10:51:57.092664 12538 thread.cpp:96] Thread 524321 construct Actor kNormalForward 1099580833792
I1014 10:51:57.092727 12510 thread.cpp:96] Thread 524296 construct Actor kNormalForward 1099528404992
I1014 10:51:57.092721 12534 naive_actor.cpp:25] actor 1099572445184 switch to &NaiveActor::HandlerNormal
I1014 10:51:57.092924 12502 thread.cpp:96] Thread 524288 construct Actor kNormalForward 1099511627777
I1014 10:51:57.092978 12526 naive_actor.cpp:25] actor 1099557765120 switch to &NaiveActor::HandlerNormal
I1014 10:51:57.093098 12535 thread.cpp:96] Thread 524318 construct Actor kNormalForward 1099574542336
I1014 10:51:57.093385 12538 runtime_context.cpp:29] DecreaseCounter constructing_actor_cnt, current val is 788
I1014 10:51:57.093514 12534 thread.cpp:96] Thread 524317 construct Actor kNormalForward 1099572445184
I1014 10:51:57.093797 12502 runtime_context.cpp:29] DecreaseCounter constructing_actor_cnt, current val is 786
I1014 10:51:57.093713 12526 thread.cpp:96] Thread 524310 construct Actor kNormalForward 1099557765120
I1014 10:51:57.093647 12510 runtime_context.cpp:29] DecreaseCounter constructing_actor_cnt, current val is 787
I1014 10:51:57.093892 12535 runtime_context.cpp:29] DecreaseCounter constructing_actor_cnt, current val is 785
I1014 10:51:57.093945 12526 runtime_context.cpp:29] DecreaseCounter constructing_actor_cnt, current val is 784
I1014 10:51:57.093993 12534 runtime_context.cpp:29] DecreaseCounter constructing_actor_cnt, current val is 783
I1014 10:51:57.094166 12511 naive_actor.cpp:25] actor 1099530502144 switch to &NaiveActor::HandlerNormal
I1014 10:51:57.094283 12518 naive_actor.cpp:25] actor 1099545182208 switch to &NaiveActor::HandlerNormal
I1014 10:51:57.094409 12518 thread.cpp:96] Thread 524304 construct Actor kNormalForward 1099545182208
I1014 10:51:57.094377 12527 naive_actor.cpp:25] actor 1099559862272 switch to &NaiveActor::HandlerNormal
I1014 10:51:57.094311 12511 thread.cpp:96] Thread 524297 construct Actor kNormalForward 1099530502144
I1014 10:51:57.094453 12515 naive_actor.cpp:25] actor 1099538890752 switch to &NaiveActor::HandlerNormal
I1014 10:51:57.094525 12527 thread.cpp:96] Thread 524311 construct Actor kNormalForward 1099559862272
I1014 10:51:57.094539 12529 naive_actor.cpp:25] actor 1099564056576 switch to &NaiveActor::HandlerNormal
I1014 10:51:57.094609 12518 runtime_context.cpp:29] DecreaseCounter constructing_actor_cnt, current val is 782
I1014 10:51:57.094776 12527 runtime_context.cpp:29] DecreaseCounter constructing_actor_cnt, current val is 780
I1014 10:51:57.094707 12511 runtime_context.cpp:29] DecreaseCounter constructing_actor_cnt, current val is 781
I1014 10:51:57.094749 12529 thread.cpp:96] Thread 524313 construct Actor kNormalForward 1099564056576
I1014 10:51:57.094664 12515 thread.cpp:96] Thread 524301 construct Actor kNormalForward 1099538890752
I1014 10:51:57.094903 12517 naive_actor.cpp:25] actor 1099543085056 switch to &NaiveActor::HandlerNormal
I1014 10:51:57.095134 12516 naive_actor.cpp:25] actor 1099540987904 switch to &NaiveActor::HandlerNormal
I1014 10:51:57.095228 12522 naive_actor.cpp:25] actor 1099549376512 switch to &NaiveActor::HandlerNormal
I1014 10:51:57.095279 12517 thread.cpp:96] Thread 524303 construct Actor kNormalForward 1099543085056
I1014 10:51:57.095347 12522 thread.cpp:96] Thread 524306 construct Actor kNormalForward 1099549376512
I1014 10:51:57.095302 12515 runtime_context.cpp:29] DecreaseCounter constructing_actor_cnt, current val is 778
I1014 10:51:57.095310 12516 thread.cpp:96] Thread 524302 construct Actor kNormalForward 1099540987904
I1014 10:51:57.095280 12529 runtime_context.cpp:29] DecreaseCounter constructing_actor_cnt, current val is 779
I1014 10:51:57.095428 12517 runtime_context.cpp:29] DecreaseCounter constructing_actor_cnt, current val is 777
I1014 10:51:57.095458 12522 runtime_context.cpp:29] DecreaseCounter constructing_actor_cnt, current val is 776
I1014 10:51:57.095482 12516 runtime_context.cpp:29] DecreaseCounter constructing_actor_cnt, current val is 775
I1014 10:51:57.096184 12512 naive_actor.cpp:25] actor 1099532599296 switch to &NaiveActor::HandlerNormal
I1014 10:51:57.096204 12513 naive_actor.cpp:25] actor 1099534696448 switch to &NaiveActor::HandlerNormal
I1014 10:51:57.096251 12512 thread.cpp:96] Thread 524298 construct Actor kNormalForward 1099532599296
I1014 10:51:57.096303 12513 thread.cpp:96] Thread 524299 construct Actor kNormalForward 1099534696448
I1014 10:51:57.096463 12515 naive_actor.cpp:25] actor 1099538890753 switch to &NaiveActor::HandlerNormal
I1014 10:51:57.096443 12568 naive_actor.cpp:25] actor 2199025352704 switch to &NaiveActor::HandlerNormal
I1014 10:51:57.096321 12564 naive_actor.cpp:25] actor 2199023255562 switch to &NaiveActor::HandlerNormal
I1014 10:51:57.096621 12517 naive_actor.cpp:25] actor 1099543085057 switch to &NaiveActor::HandlerNormal
I1014 10:51:57.096550 12515 thread.cpp:96] Thread 524301 construct Actor kForeignInput 1099538890753
I1014 10:51:57.096593 12568 thread.cpp:96] Thread 1048577 construct Actor kSliceBoxing 2199025352704
I1014 10:51:57.096603 12530 naive_actor.cpp:25] actor 1099566153728 switch to &NaiveActor::HandlerNormal
I1014 10:51:57.096844 12528 naive_actor.cpp:25] actor 1099561959424 switch to &NaiveActor::HandlerNormal
I1014 10:51:57.096551 12512 runtime_context.cpp:29] DecreaseCounter constructing_actor_cnt, current val is 774
I1014 10:51:57.096982 12547 naive_actor.cpp:25] actor 1099599708160 switch to &NaiveActor::HandlerNormal
I1014 10:51:57.096675 12517 thread.cpp:96] Thread 524303 construct Actor kNormalForward 1099543085057
I1014 10:51:57.096812 12523 naive_actor.cpp:25] actor 1099551473664 switch to &NaiveActor::HandlerNormal
I1014 10:51:57.096824 12515 runtime_context.cpp:29] DecreaseCounter constructing_actor_cnt, current val is 772
I1014 10:51:57.097189 12517 runtime_context.cpp:29] DecreaseCounter constructing_actor_cnt, current val is 770
I1014 10:51:57.096868 12511 naive_actor.cpp:25] actor 1099530502145 switch to &NaiveActor::HandlerNormal
I1014 10:51:57.096868 12530 thread.cpp:96] Thread 524314 construct Actor kNormalForward 1099566153728
I1014 10:51:57.096614 12513 runtime_context.cpp:29] DecreaseCounter constructing_actor_cnt, current val is 773
I1014 10:51:57.096926 12528 thread.cpp:96] Thread 524312 construct Actor kNormalForward 1099561959424
I1014 10:51:57.097501 12530 runtime_context.cpp:29] DecreaseCounter constructing_actor_cnt, current val is 769
I1014 10:51:57.096632 12564 thread.cpp:96] Thread 1048576 construct Actor kNormalForward 2199023255562
I1014 10:51:57.097048 12547 thread.cpp:96] Thread 524330 construct Actor kNormalForward 1099599708160
I1014 10:51:57.097046 12537 naive_actor.cpp:25] actor 1099578736640 switch to &NaiveActor::HandlerNormal
I1014 10:51:57.097102 12520 naive_actor.cpp:25] actor 1099547279360 switch to &NaiveActor::HandlerNormal
I1014 10:51:57.097729 12564 runtime_context.cpp:29] DecreaseCounter constructing_actor_cnt, current val is 767
I1014 10:51:57.097159 12523 thread.cpp:96] Thread 524307 construct Actor kNormalForward 1099551473664
I1014 10:51:57.097163 12540 naive_actor.cpp:25] actor 1099585028096 switch to &NaiveActor::HandlerNormal
I1014 10:51:57.096848 12568 runtime_context.cpp:29] DecreaseCounter constructing_actor_cnt, current val is 771
I1014 10:51:57.097230 12510 naive_actor.cpp:25] actor 1099528404993 switch to &NaiveActor::HandlerNormal
I1014 10:51:57.097847 12523 runtime_context.cpp:29] DecreaseCounter constructing_actor_cnt, current val is 765
I1014 10:51:57.097393 12574 naive_actor.cpp:25] actor 2207615287297 switch to &NaiveActor::HandlerNormal
I1014 10:51:57.096984 12555 sink_actor.cpp:21] actor 1099618582528 switch to &SinkActor::HandlerNormal
I1014 10:51:57.097586 12553 esac_actor.cpp:73] actor 1099614388338 switch to &EsacActor::HandlerNormal
I1014 10:51:57.097645 12528 runtime_context.cpp:29] DecreaseCounter constructing_actor_cnt, current val is 768
I1014 10:51:57.097718 12537 thread.cpp:96] Thread 524320 construct Actor kNormalForward 1099578736640
I1014 10:51:57.097098 12532 naive_actor.cpp:25] actor 1099570348032 switch to &NaiveActor::HandlerNormal
I1014 10:51:57.097739 12520 thread.cpp:96] Thread 524305 construct Actor kNormalForward 1099547279360
I1014 10:51:57.098073 12532 thread.cpp:96] Thread 524316 construct Actor kNormalForward 1099570348032
I1014 10:51:57.097827 12540 thread.cpp:96] Thread 524323 construct Actor kNormalForward 1099585028096
I1014 10:51:57.097856 12510 thread.cpp:96] Thread 524296 construct Actor kNormalForward 1099528404993
I1014 10:51:57.097297 12511 thread.cpp:96] Thread 524297 construct Actor kNormalForward 1099530502145
I1014 10:51:57.097889 12574 thread.cpp:96] Thread 1052673 construct Actor kSliceBoxing 2207615287297
I1014 10:51:57.097923 12555 thread.cpp:96] Thread 524339 construct Actor kCallbackNotify 1099618582528
I1014 10:51:57.097962 12553 thread.cpp:96] Thread 524337 construct Actor kEsac 1099614388338
I1014 10:51:57.098414 12555 runtime_context.cpp:29] DecreaseCounter constructing_actor_cnt, current val is 757
I1014 10:51:57.097795 12547 runtime_context.cpp:29] DecreaseCounter constructing_actor_cnt, current val is 766
I1014 10:51:57.098121 12520 runtime_context.cpp:29] DecreaseCounter constructing_actor_cnt, current val is 763
I1014 10:51:57.098165 12532 runtime_context.cpp:29] DecreaseCounter constructing_actor_cnt, current val is 762
I1014 10:51:57.098238 12510 runtime_context.cpp:29] DecreaseCounter constructing_actor_cnt, current val is 761
I1014 10:51:57.098320 12540 runtime_context.cpp:29] DecreaseCounter constructing_actor_cnt, current val is 760
I1014 10:51:57.098328 12541 naive_actor.cpp:25] actor 1099587125248 switch to &NaiveActor::HandlerNormal
I1014 10:51:57.098368 12511 runtime_context.cpp:29] DecreaseCounter constructing_actor_cnt, current val is 759
I1014 10:51:57.098383 12574 runtime_context.cpp:29] DecreaseCounter constructing_actor_cnt, current val is 758
I1014 10:51:57.098069 12537 runtime_context.cpp:29] DecreaseCounter constructing_actor_cnt, current val is 764
I1014 10:51:57.098515 12553 runtime_context.cpp:29] DecreaseCounter constructing_actor_cnt, current val is 756
I1014 10:51:57.098742 12541 thread.cpp:96] Thread 524324 construct Actor kNormalForward 1099587125248
I1014 10:51:57.098879 12520 naive_actor.cpp:25] actor 1099547279361 switch to &NaiveActor::HandlerNormal
I1014 10:51:57.099119 12520 thread.cpp:96] Thread 524305 construct Actor kNormalForward 1099547279361
I1014 10:51:57.099175 12520 runtime_context.cpp:29] DecreaseCounter constructing_actor_cnt, current val is 754
I1014 10:51:57.099177 12541 runtime_context.cpp:29] DecreaseCounter constructing_actor_cnt, current val is 755
I1014 10:51:57.099364 12525 naive_actor.cpp:25] actor 1099555667968 switch to &NaiveActor::HandlerNormal
I1014 10:51:57.099429 12525 thread.cpp:96] Thread 524309 construct Actor kNormalForward 1099555667968
I1014 10:51:57.099505 12525 runtime_context.cpp:29] DecreaseCounter constructing_actor_cnt, current val is 753
I1014 10:51:57.099577 12514 naive_actor.cpp:25] actor 1099536793600 switch to &NaiveActor::HandlerNormal
I1014 10:51:57.099647 12531 naive_actor.cpp:25] actor 1099568250880 switch to &NaiveActor::HandlerNormal
I1014 10:51:57.099671 12514 thread.cpp:96] Thread 524300 construct Actor kNormalForward 1099536793600
I1014 10:51:57.099675 12524 naive_actor.cpp:25] actor 1099553570816 switch to &NaiveActor::HandlerNormal
I1014 10:51:57.099740 12531 thread.cpp:96] Thread 524315 construct Actor kNormalForward 1099568250880
I1014 10:51:57.099784 12549 naive_actor.cpp:25] actor 1099603902464 switch to &NaiveActor::HandlerNormal
I1014 10:51:57.099839 12514 runtime_context.cpp:29] DecreaseCounter constructing_actor_cnt, current val is 752
I1014 10:51:57.099817 12524 thread.cpp:96] Thread 524308 construct Actor kNormalForward 1099553570816
I1014 10:51:57.099829 12545 naive_actor.cpp:25] actor 1099595513856 switch to &NaiveActor::HandlerNormal
I1014 10:51:57.099858 12548 naive_actor.cpp:25] actor 1099601805312 switch to &NaiveActor::HandlerNormal
I1014 10:51:57.099928 12549 thread.cpp:96] Thread 524332 construct Actor kNormalForward 1099603902464
I1014 10:51:57.099956 12531 runtime_context.cpp:29] DecreaseCounter constructing_actor_cnt, current val is 751
I1014 10:51:57.100167 12522 naive_actor.cpp:25] actor 1099549376513 switch to &NaiveActor::HandlerNormal
I1014 10:51:57.100056 12518 naive_actor.cpp:25] actor 1099545182209 switch to &NaiveActor::HandlerNormal
I1014 10:51:57.100054 12545 thread.cpp:96] Thread 524328 construct Actor kNormalForward 1099595513856
I1014 10:51:57.100507 12539 naive_actor.cpp:25] actor 1099582930944 switch to &NaiveActor::HandlerNormal
I1014 10:51:57.100522 12512 naive_actor.cpp:25] actor 1099532599297 switch to &NaiveActor::HandlerNormal
I1014 10:51:57.100178 12570 naive_actor.cpp:25] actor 2199027449856 switch to &NaiveActor::HandlerNormal
I1014 10:51:57.100209 12516 naive_actor.cpp:25] actor 1099540987905 switch to &NaiveActor::HandlerNormal
I1014 10:51:57.100255 12522 thread.cpp:96] Thread 524306 construct Actor kForeignOutput 1099549376513
I1014 10:51:57.100205 12551 naive_actor.cpp:25] actor 1099608096768 switch to &NaiveActor::HandlerNormal
I1014 10:51:57.100278 12572 naive_actor.cpp:25] actor 2207613190167 switch to &NaiveActor::HandlerNormal
I1014 10:51:57.100296 12549 runtime_context.cpp:29] DecreaseCounter constructing_actor_cnt, current val is 749
I1014 10:51:57.100958 12542 naive_actor.cpp:25] actor 1099589222400 switch to &NaiveActor::HandlerNormal
I1014 10:51:57.100108 12548 thread.cpp:96] Thread 524331 construct Actor kNormalForward 1099601805312
I1014 10:51:57.100054 12524 runtime_context.cpp:29] DecreaseCounter constructing_actor_cnt, current val is 750
I1014 10:51:57.100553 12539 thread.cpp:96] Thread 524322 construct Actor kNormalForward 1099582930944
I1014 10:51:57.100555 12568 naive_actor.cpp:25] actor 2199025352708 switch to &NaiveActor::HandlerNormal
I1014 10:51:57.100509 12552 naive_actor.cpp:25] actor 1099610193920 switch to &NaiveActor::HandlerNormal
I1014 10:51:57.101229 12548 runtime_context.cpp:29] DecreaseCounter constructing_actor_cnt, current val is 745
I1014 10:51:57.100620 12512 thread.cpp:96] Thread 524298 construct Actor kForeignInput 1099532599297
I1014 10:51:57.100572 12550 naive_actor.cpp:25] actor 1099605999616 switch to &NaiveActor::HandlerNormal
I1014 10:51:57.101337 12574 naive_actor.cpp:25] actor 2207615287300 switch to &NaiveActor::HandlerNormal
I1014 10:51:57.100644 12544 naive_actor.cpp:25] actor 1099593416704 switch to &NaiveActor::HandlerNormal
I1014 10:51:57.100664 12545 runtime_context.cpp:29] DecreaseCounter constructing_actor_cnt, current val is 748
I1014 10:51:57.100713 12570 thread.cpp:96] Thread 1048578 construct Actor kCopyHd 2199027449856
I1014 10:51:57.100777 12516 thread.cpp:96] Thread 524302 construct Actor kNormalForward 1099540987905
I1014 10:51:57.100863 12522 runtime_context.cpp:29] DecreaseCounter constructing_actor_cnt, current val is 747
I1014 10:51:57.100870 12551 thread.cpp:96] Thread 524334 construct Actor kNormalForward 1099608096768
I1014 10:51:57.100919 12572 thread.cpp:96] Thread 1052672 construct Actor kNormalForward 2207613190167
I1014 10:51:57.100960 12553 naive_actor.cpp:25] actor 1099614388225 switch to &NaiveActor::HandlerNormal
I1014 10:51:57.100459 12518 thread.cpp:96] Thread 524304 construct Actor kNormalForward 1099545182209
I1014 10:51:57.101024 12542 thread.cpp:96] Thread 524325 construct Actor kNormalForward 1099589222400
I1014 10:51:57.101038 12514 naive_actor.cpp:25] actor 1099536793601 switch to &NaiveActor::HandlerNormal
I1014 10:51:57.101883 12518 runtime_context.cpp:29] DecreaseCounter constructing_actor_cnt, current val is 739
I1014 10:51:57.101928 12542 runtime_context.cpp:29] DecreaseCounter constructing_actor_cnt, current val is 738
I1014 10:51:57.100560 12513 naive_actor.cpp:25] actor 1099534696449 switch to &NaiveActor::HandlerNormal
I1014 10:51:57.101248 12552 thread.cpp:96] Thread 524335 construct Actor kNormalForward 1099610193920
I1014 10:51:57.101285 12543 naive_actor.cpp:25] actor 1099591319552 switch to &NaiveActor::HandlerNormal
I1014 10:51:57.100643 12546 naive_actor.cpp:25] actor 1099597611008 switch to &NaiveActor::HandlerNormal
I1014 10:51:57.101351 12550 thread.cpp:96] Thread 524333 construct Actor kNormalForward 1099605999616
I1014 10:51:57.102147 12546 thread.cpp:96] Thread 524329 construct Actor kNormalForward 1099597611008
I1014 10:51:57.101394 12574 thread.cpp:96] Thread 1052673 construct Actor kSliceBoxing 2207615287300
I1014 10:51:57.101437 12544 thread.cpp:96] Thread 524327 construct Actor kNormalForward 1099593416704
I1014 10:51:57.102260 12550 runtime_context.cpp:29] DecreaseCounter constructing_actor_cnt, current val is 736
I1014 10:51:57.101642 12516 runtime_context.cpp:29] DecreaseCounter constructing_actor_cnt, current val is 742
I1014 10:51:57.101734 12551 runtime_context.cpp:29] DecreaseCounter constructing_actor_cnt, current val is 741
I1014 10:51:57.101734 12553 thread.cpp:96] Thread 524337 construct Actor kDeviceTick 1099614388225
I1014 10:51:57.101779 12572 runtime_context.cpp:29] DecreaseCounter constructing_actor_cnt, current val is 740
I1014 10:51:57.102367 12553 runtime_context.cpp:29] DecreaseCounter constructing_actor_cnt, current val is 732
I1014 10:51:57.101186 12568 thread.cpp:96] Thread 1048577 construct Actor kCopyHd 2199025352708
I1014 10:51:57.101897 12514 thread.cpp:96] Thread 524300 construct Actor kNormalForward 1099536793601
I1014 10:51:57.101225 12539 runtime_context.cpp:29] DecreaseCounter constructing_actor_cnt, current val is 746
I1014 10:51:57.102063 12513 thread.cpp:96] Thread 524299 construct Actor kNormalForward 1099534696449
I1014 10:51:57.102111 12543 thread.cpp:96] Thread 524326 construct Actor kNormalForward 1099591319552
I1014 10:51:57.101377 12512 runtime_context.cpp:29] DecreaseCounter constructing_actor_cnt, current val is 744
I1014 10:51:57.102172 12552 runtime_context.cpp:29] DecreaseCounter constructing_actor_cnt, current val is 737
I1014 10:51:57.101598 12570 runtime_context.cpp:29] DecreaseCounter constructing_actor_cnt, current val is 743
I1014 10:51:57.102555 12513 runtime_context.cpp:29] DecreaseCounter constructing_actor_cnt, current val is 729
I1014 10:51:57.102349 12544 runtime_context.cpp:29] DecreaseCounter constructing_actor_cnt, current val is 734
I1014 10:51:57.102353 12546 runtime_context.cpp:29] DecreaseCounter constructing_actor_cnt, current val is 733
I1014 10:51:57.102408 12568 runtime_context.cpp:29] DecreaseCounter constructing_actor_cnt, current val is 731
I1014 10:51:57.102461 12514 runtime_context.cpp:29] DecreaseCounter constructing_actor_cnt, current val is 730
I1014 10:51:57.102562 12543 runtime_context.cpp:29] DecreaseCounter constructing_actor_cnt, current val is 728
I1014 10:51:57.102345 12574 runtime_context.cpp:29] DecreaseCounter constructing_actor_cnt, current val is 735
I1014 10:51:57.102697 12564 naive_actor.cpp:25] actor 2199023255586 switch to &NaiveActor::HandlerNormal
I1014 10:51:57.102911 12564 thread.cpp:96] Thread 1048576 construct Actor kNormalForward 2199023255586
I1014 10:51:57.102996 12564 runtime_context.cpp:29] DecreaseCounter constructing_actor_cnt, current val is 727
I1014 10:51:57.103214 12553 naive_actor.cpp:25] actor 1099614388246 switch to &NaiveActor::HandlerNormal
I1014 10:51:57.103289 12553 thread.cpp:96] Thread 524337 construct Actor kSrcSubsetTick 1099614388246
I1014 10:51:57.103387 12553 runtime_context.cpp:29] DecreaseCounter constructing_actor_cnt, current val is 726
I1014 10:51:57.103479 12568 naive_actor.cpp:25] actor 2199025352705 switch to &NaiveActor::HandlerNormal
I1014 10:51:57.103526 12568 thread.cpp:96] Thread 1048577 construct Actor kSliceBoxing 2199025352705
I1014 10:51:57.103585 12568 runtime_context.cpp:29] DecreaseCounter constructing_actor_cnt, current val is 725
I1014 10:51:57.103917 12574 naive_actor.cpp:25] actor 2207615287296 switch to &NaiveActor::HandlerNormal
I1014 10:51:57.103989 12574 thread.cpp:96] Thread 1052673 construct Actor kSliceBoxing 2207615287296
I1014 10:51:57.104025 12553 naive_actor.cpp:25] actor 1099614388228 switch to &NaiveActor::HandlerNormal
I1014 10:51:57.104104 12553 thread.cpp:96] Thread 524337 construct Actor kDeviceTick 1099614388228
I1014 10:51:57.104117 12574 runtime_context.cpp:29] DecreaseCounter constructing_actor_cnt, current val is 724
I1014 10:51:57.104180 12568 naive_actor.cpp:25] actor 2199025352709 switch to &NaiveActor::HandlerNormal
I1014 10:51:57.104202 12553 runtime_context.cpp:29] DecreaseCounter constructing_actor_cnt, current val is 723
I1014 10:51:57.104234 12568 thread.cpp:96] Thread 1048577 construct Actor kSliceBoxing 2199025352709
I1014 10:51:57.104399 12568 runtime_context.cpp:29] DecreaseCounter constructing_actor_cnt, current val is 722
I1014 10:51:57.104756 12574 naive_actor.cpp:25] actor 2207615287298 switch to &NaiveActor::HandlerNormal
I1014 10:51:57.104820 12574 thread.cpp:96] Thread 1052673 construct Actor kSliceBoxing 2207615287298
I1014 10:51:57.104892 12574 runtime_context.cpp:29] DecreaseCounter constructing_actor_cnt, current val is 721
I1014 10:51:57.104955 12568 naive_actor.cpp:25] actor 2199025352707 switch to &NaiveActor::HandlerNormal
I1014 10:51:57.104959 12564 naive_actor.cpp:25] actor 2199023255565 switch to &NaiveActor::HandlerNormal
I1014 10:51:57.104993 12568 thread.cpp:96] Thread 1048577 construct Actor kSliceBoxing 2199025352707
I1014 10:51:57.105029 12564 thread.cpp:96] Thread 1048576 construct Actor kNormalForward 2199023255565
I1014 10:51:57.105073 12568 runtime_context.cpp:29] DecreaseCounter constructing_actor_cnt, current val is 720
I1014 10:51:57.105114 12564 runtime_context.cpp:29] DecreaseCounter constructing_actor_cnt, current val is 719
I1014 10:51:57.105119 12553 naive_actor.cpp:25] actor 1099614388336 switch to &NaiveActor::HandlerNormal
I1014 10:51:57.105159 12572 naive_actor.cpp:25] actor 2207613190146 switch to &NaiveActor::HandlerNormal
I1014 10:51:57.105206 12553 thread.cpp:96] Thread 524337 construct Actor kTick 1099614388336
I1014 10:51:57.105214 12574 naive_actor.cpp:25] actor 2207615287299 switch to &NaiveActor::HandlerNormal
I1014 10:51:57.105259 12572 thread.cpp:96] Thread 1052672 construct Actor kNormalForward 2207613190146
I1014 10:51:57.105350 12553 runtime_context.cpp:29] DecreaseCounter constructing_actor_cnt, current val is 718
I1014 10:51:57.105341 12574 thread.cpp:96] Thread 1052673 construct Actor kCopyHd 2207615287299
I1014 10:51:57.105420 12572 runtime_context.cpp:29] DecreaseCounter constructing_actor_cnt, current val is 717
I1014 10:51:57.105425 12574 runtime_context.cpp:29] DecreaseCounter constructing_actor_cnt, current val is 716
I1014 10:51:57.105612 12568 naive_actor.cpp:25] actor 2199025352706 switch to &NaiveActor::HandlerNormal
I1014 10:51:57.105746 12568 thread.cpp:96] Thread 1048577 construct Actor kSliceBoxing 2199025352706
I1014 10:51:57.105782 12568 runtime_context.cpp:29] DecreaseCounter constructing_actor_cnt, current val is 715
I1014 10:51:57.105919 12574 naive_actor.cpp:25] actor 2207615287301 switch to &NaiveActor::HandlerNormal
I1014 10:51:57.105989 12574 thread.cpp:96] Thread 1052673 construct Actor kCopyHd 2207615287301
I1014 10:51:57.105993 12568 naive_actor.cpp:25] actor 2199025352710 switch to &NaiveActor::HandlerNormal
I1014 10:51:57.106050 12574 runtime_context.cpp:29] DecreaseCounter constructing_actor_cnt, current val is 714
I1014 10:51:57.106038 12553 naive_actor.cpp:25] actor 1099614388229 switch to &NaiveActor::HandlerNormal
I1014 10:51:57.106055 12568 thread.cpp:96] Thread 1048577 construct Actor kCopyHd 2199025352710
I1014 10:51:57.106148 12553 thread.cpp:96] Thread 524337 construct Actor kDeviceTick 1099614388229
I1014 10:51:57.106191 12568 runtime_context.cpp:29] DecreaseCounter constructing_actor_cnt, current val is 713
I1014 10:51:57.106256 12553 runtime_context.cpp:29] DecreaseCounter constructing_actor_cnt, current val is 712
I1014 10:51:57.106335 12574 naive_actor.cpp:25] actor 2207615287302 switch to &NaiveActor::HandlerNormal
I1014 10:51:57.106396 12574 thread.cpp:96] Thread 1052673 construct Actor kCopyHd 2207615287302
I1014 10:51:57.106452 12574 runtime_context.cpp:29] DecreaseCounter constructing_actor_cnt, current val is 711
I1014 10:51:57.106546 12568 naive_actor.cpp:25] actor 2199025352711 switch to &NaiveActor::HandlerNormal
I1014 10:51:57.106595 12568 thread.cpp:96] Thread 1048577 construct Actor kCopyHd 2199025352711
I1014 10:51:57.106638 12568 runtime_context.cpp:29] DecreaseCounter constructing_actor_cnt, current val is 710
I1014 10:51:57.106889 12564 naive_actor.cpp:25] actor 2199023255566 switch to &NaiveActor::HandlerNormal
I1014 10:51:57.106952 12564 thread.cpp:96] Thread 1048576 construct Actor kNormalForward 2199023255566
I1014 10:51:57.106956 12553 naive_actor.cpp:25] actor 1099614388243 switch to &NaiveActor::HandlerNormal
I1014 10:51:57.107082 12564 runtime_context.cpp:29] DecreaseCounter constructing_actor_cnt, current val is 709
I1014 10:51:57.107085 12572 naive_actor.cpp:25] actor 2207613190144 switch to &NaiveActor::HandlerNormal
I1014 10:51:57.107105 12553 thread.cpp:96] Thread 524337 construct Actor kTick 1099614388243
I1014 10:51:57.107179 12572 thread.cpp:96] Thread 1052672 construct Actor kNormalForward 2207613190144
I1014 10:51:57.107262 12553 runtime_context.cpp:29] DecreaseCounter constructing_actor_cnt, current val is 708
I1014 10:51:57.107314 12572 runtime_context.cpp:29] DecreaseCounter constructing_actor_cnt, current val is 707
I1014 10:51:57.107654 12564 naive_actor.cpp:25] actor 2199023255590 switch to &NaiveActor::HandlerNormal
I1014 10:51:57.107717 12564 thread.cpp:96] Thread 1048576 construct Actor kNormalForward 2199023255590
I1014 10:51:57.107755 12553 naive_actor.cpp:25] actor 1099614388241 switch to &NaiveActor::HandlerNormal
I1014 10:51:57.107789 12564 runtime_context.cpp:29] DecreaseCounter constructing_actor_cnt, current val is 706
I1014 10:51:57.107825 12553 thread.cpp:96] Thread 524337 construct Actor kTick 1099614388241
I1014 10:51:57.107909 12553 runtime_context.cpp:29] DecreaseCounter constructing_actor_cnt, current val is 705
I1014 10:51:57.107913 12572 naive_actor.cpp:25] actor 2207613190150 switch to &NaiveActor::HandlerNormal
I1014 10:51:57.108011 12572 thread.cpp:96] Thread 1052672 construct Actor kNormalForward 2207613190150
I1014 10:51:57.108083 12572 runtime_context.cpp:29] DecreaseCounter constructing_actor_cnt, current val is 704
I1014 10:51:57.108337 12564 naive_actor.cpp:25] actor 2199023255564 switch to &NaiveActor::HandlerNormal
I1014 10:51:57.108402 12564 thread.cpp:96] Thread 1048576 construct Actor kNormalForward 2199023255564
I1014 10:51:57.108419 12553 naive_actor.cpp:25] actor 1099614388233 switch to &NaiveActor::HandlerNormal
I1014 10:51:57.108482 12553 thread.cpp:96] Thread 524337 construct Actor kSrcSubsetTick 1099614388233
I1014 10:51:57.108484 12564 runtime_context.cpp:29] DecreaseCounter constructing_actor_cnt, current val is 703
I1014 10:51:57.108557 12572 naive_actor.cpp:25] actor 2207613190191 switch to &NaiveActor::HandlerNormal
I1014 10:51:57.108585 12553 runtime_context.cpp:29] DecreaseCounter constructing_actor_cnt, current val is 702
I1014 10:51:57.108625 12572 thread.cpp:96] Thread 1052672 construct Actor kNormalForward 2207613190191
I1014 10:51:57.108763 12572 runtime_context.cpp:29] DecreaseCounter constructing_actor_cnt, current val is 701
I1014 10:51:57.109081 12553 naive_actor.cpp:25] actor 1099614388224 switch to &NaiveActor::HandlerNormal
I1014 10:51:57.109162 12553 thread.cpp:96] Thread 524337 construct Actor kDeviceTick 1099614388224
I1014 10:51:57.109234 12553 runtime_context.cpp:29] DecreaseCounter constructing_actor_cnt, current val is 700
I1014 10:51:57.109328 12572 naive_actor.cpp:25] actor 2207613190161 switch to &NaiveActor::HandlerNormal
I1014 10:51:57.109390 12572 thread.cpp:96] Thread 1052672 construct Actor kNormalForward 2207613190161
I1014 10:51:57.109467 12572 runtime_context.cpp:29] DecreaseCounter constructing_actor_cnt, current val is 699
I1014 10:51:57.109882 12553 naive_actor.cpp:25] actor 1099614388238 switch to &NaiveActor::HandlerNormal
I1014 10:51:57.109962 12553 thread.cpp:96] Thread 524337 construct Actor kTick 1099614388238
I1014 10:51:57.110051 12553 runtime_context.cpp:29] DecreaseCounter constructing_actor_cnt, current val is 698
I1014 10:51:57.110816 12553 naive_actor.cpp:25] actor 1099614388239 switch to &NaiveActor::HandlerNormal
I1014 10:51:57.110890 12553 thread.cpp:96] Thread 524337 construct Actor kDstSubsetTick 1099614388239
I1014 10:51:57.110989 12553 runtime_context.cpp:29] DecreaseCounter constructing_actor_cnt, current val is 697
I1014 10:51:57.111013 12572 naive_actor.cpp:25] actor 2207613190147 switch to &NaiveActor::HandlerNormal
I1014 10:51:57.111089 12572 thread.cpp:96] Thread 1052672 construct Actor kNormalForward 2207613190147
I1014 10:51:57.111183 12564 naive_actor.cpp:25] actor 2199023255588 switch to &NaiveActor::HandlerNormal
I1014 10:51:57.111316 12572 runtime_context.cpp:29] DecreaseCounter constructing_actor_cnt, current val is 696
I1014 10:51:57.111323 12564 thread.cpp:96] Thread 1048576 construct Actor kNormalForward 2199023255588
I1014 10:51:57.111454 12564 runtime_context.cpp:29] DecreaseCounter constructing_actor_cnt, current val is 695
I1014 10:51:57.111618 12553 naive_actor.cpp:25] actor 1099614388251 switch to &NaiveActor::HandlerNormal
I1014 10:51:57.111682 12553 thread.cpp:96] Thread 524337 construct Actor kTick 1099614388251
I1014 10:51:57.111775 12553 runtime_context.cpp:29] DecreaseCounter constructing_actor_cnt, current val is 694
