I1013 15:21:12.298455 12465 thread.cpp:96] Thread 1048576 construct Actor kNormalForward 2199023255716
I1013 15:21:12.298487 12465 runtime_context.cpp:29] DecreaseCounter constructing_actor_cnt, current val is 95
I1013 15:21:12.298668 12465 naive_actor.cpp:25] actor 2199023255721 switch to &NaiveActor::HandlerNormal
I1013 15:21:12.298691 12465 thread.cpp:96] Thread 1048576 construct Actor kNormalForward 2199023255721
I1013 15:21:12.298723 12465 runtime_context.cpp:29] DecreaseCounter constructing_actor_cnt, current val is 94
I1013 15:21:12.298895 12465 naive_actor.cpp:25] actor 2199023255724 switch to &NaiveActor::HandlerNormal
I1013 15:21:12.298947 12465 thread.cpp:96] Thread 1048576 construct Actor kNormalForward 2199023255724
I1013 15:21:12.298983 12465 runtime_context.cpp:29] DecreaseCounter constructing_actor_cnt, current val is 93
I1013 15:21:12.299157 12465 naive_actor.cpp:25] actor 2199023255718 switch to &NaiveActor::HandlerNormal
I1013 15:21:12.299178 12465 thread.cpp:96] Thread 1048576 construct Actor kNormalForward 2199023255718
I1013 15:21:12.299211 12465 runtime_context.cpp:29] DecreaseCounter constructing_actor_cnt, current val is 92
I1013 15:21:12.299382 12465 naive_actor.cpp:25] actor 2199023255727 switch to &NaiveActor::HandlerNormal
I1013 15:21:12.299403 12465 thread.cpp:96] Thread 1048576 construct Actor kNormalForward 2199023255727
I1013 15:21:12.299436 12465 runtime_context.cpp:29] DecreaseCounter constructing_actor_cnt, current val is 91
I1013 15:21:12.299619 12465 naive_actor.cpp:25] actor 2199023255728 switch to &NaiveActor::HandlerNormal
I1013 15:21:12.299655 12465 thread.cpp:96] Thread 1048576 construct Actor kNormalForward 2199023255728
I1013 15:21:12.299690 12465 runtime_context.cpp:29] DecreaseCounter constructing_actor_cnt, current val is 90
I1013 15:21:12.299865 12465 naive_actor.cpp:25] actor 2199023255720 switch to &NaiveActor::HandlerNormal
I1013 15:21:12.299886 12465 thread.cpp:96] Thread 1048576 construct Actor kNormalForward 2199023255720
I1013 15:21:12.299919 12465 runtime_context.cpp:29] DecreaseCounter constructing_actor_cnt, current val is 89
I1013 15:21:12.300088 12465 naive_actor.cpp:25] actor 2199023255715 switch to &NaiveActor::HandlerNormal
I1013 15:21:12.300109 12465 thread.cpp:96] Thread 1048576 construct Actor kNormalForward 2199023255715
I1013 15:21:12.300161 12465 runtime_context.cpp:29] DecreaseCounter constructing_actor_cnt, current val is 88
I1013 15:21:12.300333 12465 naive_actor.cpp:25] actor 2199023255717 switch to &NaiveActor::HandlerNormal
I1013 15:21:12.300390 12465 thread.cpp:96] Thread 1048576 construct Actor kNormalForward 2199023255717
I1013 15:21:12.300431 12465 runtime_context.cpp:29] DecreaseCounter constructing_actor_cnt, current val is 87
I1013 15:21:12.300617 12465 naive_actor.cpp:25] actor 2199023255725 switch to &NaiveActor::HandlerNormal
I1013 15:21:12.300657 12465 thread.cpp:96] Thread 1048576 construct Actor kNormalForward 2199023255725
I1013 15:21:12.300693 12465 runtime_context.cpp:29] DecreaseCounter constructing_actor_cnt, current val is 86
I1013 15:21:12.300866 12465 naive_actor.cpp:25] actor 2199023255726 switch to &NaiveActor::HandlerNormal
I1013 15:21:12.300887 12465 thread.cpp:96] Thread 1048576 construct Actor kNormalForward 2199023255726
I1013 15:21:12.300920 12465 runtime_context.cpp:29] DecreaseCounter constructing_actor_cnt, current val is 85
I1013 15:21:12.301101 12465 naive_actor.cpp:25] actor 2199023255729 switch to &NaiveActor::HandlerNormal
I1013 15:21:12.301122 12465 thread.cpp:96] Thread 1048576 construct Actor kNormalForward 2199023255729
I1013 15:21:12.301156 12465 runtime_context.cpp:29] DecreaseCounter constructing_actor_cnt, current val is 84
I1013 15:21:12.301327 12465 naive_actor.cpp:25] actor 2199023255730 switch to &NaiveActor::HandlerNormal
I1013 15:21:12.301348 12465 thread.cpp:96] Thread 1048576 construct Actor kNormalForward 2199023255730
I1013 15:21:12.301381 12465 runtime_context.cpp:29] DecreaseCounter constructing_actor_cnt, current val is 83
I1013 15:21:12.301556 12465 naive_actor.cpp:25] actor 2199023255705 switch to &NaiveActor::HandlerNormal
I1013 15:21:12.301602 12465 thread.cpp:96] Thread 1048576 construct Actor kNormalForward 2199023255705
I1013 15:21:12.301640 12465 runtime_context.cpp:29] DecreaseCounter constructing_actor_cnt, current val is 82
I1013 15:21:12.301826 12465 naive_actor.cpp:25] actor 2199023255735 switch to &NaiveActor::HandlerNormal
I1013 15:21:12.301860 12465 thread.cpp:96] Thread 1048576 construct Actor kNormalForward 2199023255735
I1013 15:21:12.301896 12465 runtime_context.cpp:29] DecreaseCounter constructing_actor_cnt, current val is 81
I1013 15:21:12.302088 12465 naive_actor.cpp:25] actor 2199023255733 switch to &NaiveActor::HandlerNormal
I1013 15:21:12.302110 12465 thread.cpp:96] Thread 1048576 construct Actor kNormalForward 2199023255733
I1013 15:21:12.302143 12465 runtime_context.cpp:29] DecreaseCounter constructing_actor_cnt, current val is 80
I1013 15:21:12.302315 12465 naive_actor.cpp:25] actor 2199023255734 switch to &NaiveActor::HandlerNormal
I1013 15:21:12.302337 12465 thread.cpp:96] Thread 1048576 construct Actor kNormalForward 2199023255734
I1013 15:21:12.302369 12465 runtime_context.cpp:29] DecreaseCounter constructing_actor_cnt, current val is 79
I1013 15:21:12.302544 12465 naive_actor.cpp:25] actor 2199023255702 switch to &NaiveActor::HandlerNormal
I1013 15:21:12.302572 12465 thread.cpp:96] Thread 1048576 construct Actor kNormalForward 2199023255702
I1013 15:21:12.302608 12465 runtime_context.cpp:29] DecreaseCounter constructing_actor_cnt, current val is 78
I1013 15:21:12.302827 12465 naive_actor.cpp:25] actor 2199023255737 switch to &NaiveActor::HandlerNormal
I1013 15:21:12.302850 12465 thread.cpp:96] Thread 1048576 construct Actor kDeviceTick 2199023255737
I1013 15:21:12.302881 12465 runtime_context.cpp:29] DecreaseCounter constructing_actor_cnt, current val is 77
I1013 15:21:12.303059 12465 naive_actor.cpp:25] actor 2199023255708 switch to &NaiveActor::HandlerNormal
I1013 15:21:12.303081 12465 thread.cpp:96] Thread 1048576 construct Actor kNormalForward 2199023255708
I1013 15:21:12.303114 12465 runtime_context.cpp:29] DecreaseCounter constructing_actor_cnt, current val is 76
I1013 15:21:12.303287 12465 naive_actor.cpp:25] actor 2199023255741 switch to &NaiveActor::HandlerNormal
I1013 15:21:12.303308 12465 thread.cpp:96] Thread 1048576 construct Actor kNormalForward 2199023255741
I1013 15:21:12.303341 12465 runtime_context.cpp:29] DecreaseCounter constructing_actor_cnt, current val is 75
I1013 15:21:12.303529 12465 naive_actor.cpp:25] actor 2199023255746 switch to &NaiveActor::HandlerNormal
I1013 15:21:12.303580 12465 thread.cpp:96] Thread 1048576 construct Actor kNormalForward 2199023255746
I1013 15:21:12.303619 12465 runtime_context.cpp:29] DecreaseCounter constructing_actor_cnt, current val is 74
I1013 15:21:12.303798 12465 naive_actor.cpp:25] actor 2199023255760 switch to &NaiveActor::HandlerNormal
I1013 15:21:12.303836 12465 thread.cpp:96] Thread 1048576 construct Actor kNormalForward 2199023255760
I1013 15:21:12.303874 12465 runtime_context.cpp:29] DecreaseCounter constructing_actor_cnt, current val is 73
I1013 15:21:12.304049 12465 naive_actor.cpp:25] actor 2199023255769 switch to &NaiveActor::HandlerNormal
I1013 15:21:12.304071 12465 thread.cpp:96] Thread 1048576 construct Actor kNormalForward 2199023255769
I1013 15:21:12.304105 12465 runtime_context.cpp:29] DecreaseCounter constructing_actor_cnt, current val is 72
I1013 15:21:12.304275 12465 naive_actor.cpp:25] actor 2199023255745 switch to &NaiveActor::HandlerNormal
I1013 15:21:12.304296 12465 thread.cpp:96] Thread 1048576 construct Actor kNormalForward 2199023255745
I1013 15:21:12.304329 12465 runtime_context.cpp:29] DecreaseCounter constructing_actor_cnt, current val is 71
I1013 15:21:12.304502 12465 naive_actor.cpp:25] actor 2199023255743 switch to &NaiveActor::HandlerNormal
I1013 15:21:12.304522 12465 thread.cpp:96] Thread 1048576 construct Actor kNormalForward 2199023255743
I1013 15:21:12.304556 12465 runtime_context.cpp:29] DecreaseCounter constructing_actor_cnt, current val is 70
I1013 15:21:12.304742 12465 naive_actor.cpp:25] actor 2199023255747 switch to &NaiveActor::HandlerNormal
I1013 15:21:12.304764 12465 thread.cpp:96] Thread 1048576 construct Actor kNormalForward 2199023255747
I1013 15:21:12.304797 12465 runtime_context.cpp:29] DecreaseCounter constructing_actor_cnt, current val is 69
I1013 15:21:12.304971 12465 naive_actor.cpp:25] actor 2199023255744 switch to &NaiveActor::HandlerNormal
I1013 15:21:12.305006 12465 thread.cpp:96] Thread 1048576 construct Actor kNormalForward 2199023255744
I1013 15:21:12.305042 12465 runtime_context.cpp:29] DecreaseCounter constructing_actor_cnt, current val is 68
I1013 15:21:12.305215 12465 naive_actor.cpp:25] actor 2199023255739 switch to &NaiveActor::HandlerNormal
I1013 15:21:12.305253 12465 thread.cpp:96] Thread 1048576 construct Actor kNormalForward 2199023255739
I1013 15:21:12.305297 12465 runtime_context.cpp:29] DecreaseCounter constructing_actor_cnt, current val is 67
I1013 15:21:12.305475 12465 naive_actor.cpp:25] actor 2199023255748 switch to &NaiveActor::HandlerNormal
I1013 15:21:12.305508 12465 thread.cpp:96] Thread 1048576 construct Actor kNormalForward 2199023255748
I1013 15:21:12.305543 12465 runtime_context.cpp:29] DecreaseCounter constructing_actor_cnt, current val is 66
I1013 15:21:12.305724 12465 naive_actor.cpp:25] actor 2199023255749 switch to &NaiveActor::HandlerNormal
I1013 15:21:12.305755 12465 thread.cpp:96] Thread 1048576 construct Actor kNormalForward 2199023255749
I1013 15:21:12.305790 12465 runtime_context.cpp:29] DecreaseCounter constructing_actor_cnt, current val is 65
I1013 15:21:12.305975 12465 naive_actor.cpp:25] actor 2199023255751 switch to &NaiveActor::HandlerNormal
I1013 15:21:12.305997 12465 thread.cpp:96] Thread 1048576 construct Actor kNormalForward 2199023255751
I1013 15:21:12.306030 12465 runtime_context.cpp:29] DecreaseCounter constructing_actor_cnt, current val is 64
I1013 15:21:12.306203 12465 naive_actor.cpp:25] actor 2199023255754 switch to &NaiveActor::HandlerNormal
I1013 15:21:12.306236 12465 thread.cpp:96] Thread 1048576 construct Actor kNormalForward 2199023255754
I1013 15:21:12.306270 12465 runtime_context.cpp:29] DecreaseCounter constructing_actor_cnt, current val is 63
I1013 15:21:12.306455 12465 naive_actor.cpp:25] actor 2199023255750 switch to &NaiveActor::HandlerNormal
I1013 15:21:12.306476 12465 thread.cpp:96] Thread 1048576 construct Actor kNormalForward 2199023255750
I1013 15:21:12.306509 12465 runtime_context.cpp:29] DecreaseCounter constructing_actor_cnt, current val is 62
I1013 15:21:12.306690 12465 naive_actor.cpp:25] actor 2199023255742 switch to &NaiveActor::HandlerNormal
I1013 15:21:12.306744 12465 thread.cpp:96] Thread 1048576 construct Actor kNormalForward 2199023255742
I1013 15:21:12.306794 12465 runtime_context.cpp:29] DecreaseCounter constructing_actor_cnt, current val is 61
I1013 15:21:12.306977 12465 naive_actor.cpp:25] actor 2199023255755 switch to &NaiveActor::HandlerNormal
I1013 15:21:12.307016 12465 thread.cpp:96] Thread 1048576 construct Actor kNormalForward 2199023255755
I1013 15:21:12.307051 12465 runtime_context.cpp:29] DecreaseCounter constructing_actor_cnt, current val is 60
I1013 15:21:12.307229 12465 naive_actor.cpp:25] actor 2199023255758 switch to &NaiveActor::HandlerNormal
I1013 15:21:12.307250 12465 thread.cpp:96] Thread 1048576 construct Actor kNormalForward 2199023255758
I1013 15:21:12.307284 12465 runtime_context.cpp:29] DecreaseCounter constructing_actor_cnt, current val is 59
I1013 15:21:12.307456 12465 naive_actor.cpp:25] actor 2199023255756 switch to &NaiveActor::HandlerNormal
I1013 15:21:12.307478 12465 thread.cpp:96] Thread 1048576 construct Actor kNormalForward 2199023255756
I1013 15:21:12.307512 12465 runtime_context.cpp:29] DecreaseCounter constructing_actor_cnt, current val is 58
I1013 15:21:12.307719 12465 naive_actor.cpp:25] actor 2199023255757 switch to &NaiveActor::HandlerNormal
I1013 15:21:12.307741 12465 thread.cpp:96] Thread 1048576 construct Actor kNormalForward 2199023255757
I1013 15:21:12.307775 12465 runtime_context.cpp:29] DecreaseCounter constructing_actor_cnt, current val is 57
I1013 15:21:12.307950 12465 naive_actor.cpp:25] actor 2199023255759 switch to &NaiveActor::HandlerNormal
I1013 15:21:12.307972 12465 thread.cpp:96] Thread 1048576 construct Actor kNormalForward 2199023255759
I1013 15:21:12.308007 12465 runtime_context.cpp:29] DecreaseCounter constructing_actor_cnt, current val is 56
I1013 15:21:12.308179 12465 naive_actor.cpp:25] actor 2199023255766 switch to &NaiveActor::HandlerNormal
I1013 15:21:12.308202 12465 thread.cpp:96] Thread 1048576 construct Actor kNormalForward 2199023255766
I1013 15:21:12.308234 12465 runtime_context.cpp:29] DecreaseCounter constructing_actor_cnt, current val is 55
I1013 15:21:12.308405 12465 naive_actor.cpp:25] actor 2199023255765 switch to &NaiveActor::HandlerNormal
I1013 15:21:12.308426 12465 thread.cpp:96] Thread 1048576 construct Actor kNormalForward 2199023255765
I1013 15:21:12.308459 12465 runtime_context.cpp:29] DecreaseCounter constructing_actor_cnt, current val is 54
I1013 15:21:12.308643 12465 naive_actor.cpp:25] actor 2199023255752 switch to &NaiveActor::HandlerNormal
I1013 15:21:12.308665 12465 thread.cpp:96] Thread 1048576 construct Actor kNormalForward 2199023255752
I1013 15:21:12.308698 12465 runtime_context.cpp:29] DecreaseCounter constructing_actor_cnt, current val is 53
I1013 15:21:12.308890 12465 naive_actor.cpp:25] actor 2199023255763 switch to &NaiveActor::HandlerNormal
I1013 15:21:12.308912 12465 thread.cpp:96] Thread 1048576 construct Actor kNormalForward 2199023255763
I1013 15:21:12.308944 12465 runtime_context.cpp:29] DecreaseCounter constructing_actor_cnt, current val is 52
I1013 15:21:12.309118 12465 naive_actor.cpp:25] actor 2199023255762 switch to &NaiveActor::HandlerNormal
I1013 15:21:12.309139 12465 thread.cpp:96] Thread 1048576 construct Actor kNormalForward 2199023255762
I1013 15:21:12.309172 12465 runtime_context.cpp:29] DecreaseCounter constructing_actor_cnt, current val is 51
I1013 15:21:12.309343 12465 naive_actor.cpp:25] actor 2199023255761 switch to &NaiveActor::HandlerNormal
I1013 15:21:12.309365 12465 thread.cpp:96] Thread 1048576 construct Actor kNormalForward 2199023255761
I1013 15:21:12.309397 12465 runtime_context.cpp:29] DecreaseCounter constructing_actor_cnt, current val is 50
I1013 15:21:12.309583 12465 naive_actor.cpp:25] actor 2199023255764 switch to &NaiveActor::HandlerNormal
I1013 15:21:12.309604 12465 thread.cpp:96] Thread 1048576 construct Actor kNormalForward 2199023255764
I1013 15:21:12.309638 12465 runtime_context.cpp:29] DecreaseCounter constructing_actor_cnt, current val is 49
I1013 15:21:12.309834 12465 naive_actor.cpp:25] actor 2199023255770 switch to &NaiveActor::HandlerNormal
I1013 15:21:12.309873 12465 thread.cpp:96] Thread 1048576 construct Actor kNormalForward 2199023255770
I1013 15:21:12.309909 12465 runtime_context.cpp:29] DecreaseCounter constructing_actor_cnt, current val is 48
I1013 15:21:12.310093 12465 naive_actor.cpp:25] actor 2199023255771 switch to &NaiveActor::HandlerNormal
I1013 15:21:12.310114 12465 thread.cpp:96] Thread 1048576 construct Actor kNormalForward 2199023255771
I1013 15:21:12.310148 12465 runtime_context.cpp:29] DecreaseCounter constructing_actor_cnt, current val is 47
I1013 15:21:12.310321 12465 naive_actor.cpp:25] actor 2199023255772 switch to &NaiveActor::HandlerNormal
I1013 15:21:12.310343 12465 thread.cpp:96] Thread 1048576 construct Actor kNormalForward 2199023255772
I1013 15:21:12.310375 12465 runtime_context.cpp:29] DecreaseCounter constructing_actor_cnt, current val is 46
I1013 15:21:12.310549 12465 naive_actor.cpp:25] actor 2199023255774 switch to &NaiveActor::HandlerNormal
I1013 15:21:12.310577 12465 thread.cpp:96] Thread 1048576 construct Actor kNormalForward 2199023255774
I1013 15:21:12.310612 12465 runtime_context.cpp:29] DecreaseCounter constructing_actor_cnt, current val is 45
I1013 15:21:12.310786 12465 naive_actor.cpp:25] actor 2199023255773 switch to &NaiveActor::HandlerNormal
I1013 15:21:12.310807 12465 thread.cpp:96] Thread 1048576 construct Actor kNormalForward 2199023255773
I1013 15:21:12.310840 12465 runtime_context.cpp:29] DecreaseCounter constructing_actor_cnt, current val is 44
I1013 15:21:12.311015 12465 naive_actor.cpp:25] actor 2199023255767 switch to &NaiveActor::HandlerNormal
I1013 15:21:12.311038 12465 thread.cpp:96] Thread 1048576 construct Actor kNormalForward 2199023255767
I1013 15:21:12.311070 12465 runtime_context.cpp:29] DecreaseCounter constructing_actor_cnt, current val is 43
I1013 15:21:12.311244 12465 naive_actor.cpp:25] actor 2199023255753 switch to &NaiveActor::HandlerNormal
I1013 15:21:12.311264 12465 thread.cpp:96] Thread 1048576 construct Actor kNormalForward 2199023255753
I1013 15:21:12.311297 12465 runtime_context.cpp:29] DecreaseCounter constructing_actor_cnt, current val is 42
I1013 15:21:12.311479 12465 naive_actor.cpp:25] actor 2199023255776 switch to &NaiveActor::HandlerNormal
I1013 15:21:12.311501 12465 thread.cpp:96] Thread 1048576 construct Actor kDeviceTick 2199023255776
I1013 15:21:12.311532 12465 runtime_context.cpp:29] DecreaseCounter constructing_actor_cnt, current val is 41
I1013 15:21:12.311731 12465 naive_actor.cpp:25] actor 2199023255740 switch to &NaiveActor::HandlerNormal
I1013 15:21:12.311753 12465 thread.cpp:96] Thread 1048576 construct Actor kNormalForward 2199023255740
I1013 15:21:12.311786 12465 runtime_context.cpp:29] DecreaseCounter constructing_actor_cnt, current val is 40
I1013 15:21:12.311962 12465 naive_actor.cpp:25] actor 2199023255768 switch to &NaiveActor::HandlerNormal
I1013 15:21:12.311983 12465 thread.cpp:96] Thread 1048576 construct Actor kNormalForward 2199023255768
I1013 15:21:12.312016 12465 runtime_context.cpp:29] DecreaseCounter constructing_actor_cnt, current val is 39
I1013 15:21:12.313138 12465 naive_actor.cpp:25] actor 2199023255775 switch to &NaiveActor::HandlerNormal
I1013 15:21:12.313161 12465 thread.cpp:96] Thread 1048576 construct Actor kNormalForward 2199023255775
I1013 15:21:12.313258 12465 runtime_context.cpp:29] DecreaseCounter constructing_actor_cnt, current val is 38
I1013 15:21:12.313447 12465 naive_actor.cpp:25] actor 2199023255782 switch to &NaiveActor::HandlerNormal
I1013 15:21:12.313470 12465 thread.cpp:96] Thread 1048576 construct Actor kNormalForward 2199023255782
I1013 15:21:12.313505 12465 runtime_context.cpp:29] DecreaseCounter constructing_actor_cnt, current val is 37
I1013 15:21:12.313695 12465 naive_actor.cpp:25] actor 2199023255788 switch to &NaiveActor::HandlerNormal
I1013 15:21:12.313717 12465 thread.cpp:96] Thread 1048576 construct Actor kNormalForward 2199023255788
I1013 15:21:12.313752 12465 runtime_context.cpp:29] DecreaseCounter constructing_actor_cnt, current val is 36
I1013 15:21:12.313956 12465 naive_actor.cpp:25] actor 2199023255797 switch to &NaiveActor::HandlerNormal
I1013 15:21:12.313997 12465 thread.cpp:96] Thread 1048576 construct Actor kNormalForward 2199023255797
I1013 15:21:12.314033 12465 runtime_context.cpp:29] DecreaseCounter constructing_actor_cnt, current val is 35
I1013 15:21:12.314209 12465 naive_actor.cpp:25] actor 2199023255780 switch to &NaiveActor::HandlerNormal
I1013 15:21:12.314231 12465 thread.cpp:96] Thread 1048576 construct Actor kNormalForward 2199023255780
I1013 15:21:12.314265 12465 runtime_context.cpp:29] DecreaseCounter constructing_actor_cnt, current val is 34
I1013 15:21:12.314440 12465 naive_actor.cpp:25] actor 2199023255784 switch to &NaiveActor::HandlerNormal
I1013 15:21:12.314462 12465 thread.cpp:96] Thread 1048576 construct Actor kNormalForward 2199023255784
I1013 15:21:12.314496 12465 runtime_context.cpp:29] DecreaseCounter constructing_actor_cnt, current val is 33
I1013 15:21:12.314678 12465 naive_actor.cpp:25] actor 2199023255781 switch to &NaiveActor::HandlerNormal
I1013 15:21:12.314700 12465 thread.cpp:96] Thread 1048576 construct Actor kNormalForward 2199023255781
I1013 15:21:12.314733 12465 runtime_context.cpp:29] DecreaseCounter constructing_actor_cnt, current val is 32
I1013 15:21:12.314908 12465 naive_actor.cpp:25] actor 2199023255778 switch to &NaiveActor::HandlerNormal
I1013 15:21:12.314929 12465 thread.cpp:96] Thread 1048576 construct Actor kNormalForward 2199023255778
I1013 15:21:12.314962 12465 runtime_context.cpp:29] DecreaseCounter constructing_actor_cnt, current val is 31
I1013 15:21:12.315135 12465 naive_actor.cpp:25] actor 2199023255783 switch to &NaiveActor::HandlerNormal
I1013 15:21:12.315156 12465 thread.cpp:96] Thread 1048576 construct Actor kNormalForward 2199023255783
I1013 15:21:12.315189 12465 runtime_context.cpp:29] DecreaseCounter constructing_actor_cnt, current val is 30
I1013 15:21:12.315362 12465 naive_actor.cpp:25] actor 2199023255787 switch to &NaiveActor::HandlerNormal
I1013 15:21:12.315402 12465 thread.cpp:96] Thread 1048576 construct Actor kNormalForward 2199023255787
I1013 15:21:12.315438 12465 runtime_context.cpp:29] DecreaseCounter constructing_actor_cnt, current val is 29
I1013 15:21:12.315623 12465 naive_actor.cpp:25] actor 2199023255785 switch to &NaiveActor::HandlerNormal
I1013 15:21:12.315645 12465 thread.cpp:96] Thread 1048576 construct Actor kNormalForward 2199023255785
I1013 15:21:12.315680 12465 runtime_context.cpp:29] DecreaseCounter constructing_actor_cnt, current val is 28
I1013 15:21:12.315850 12465 naive_actor.cpp:25] actor 2199023255779 switch to &NaiveActor::HandlerNormal
I1013 15:21:12.315872 12465 thread.cpp:96] Thread 1048576 construct Actor kNormalForward 2199023255779
I1013 15:21:12.315904 12465 runtime_context.cpp:29] DecreaseCounter constructing_actor_cnt, current val is 27
I1013 15:21:12.316078 12465 naive_actor.cpp:25] actor 2199023255790 switch to &NaiveActor::HandlerNormal
I1013 15:21:12.316099 12465 thread.cpp:96] Thread 1048576 construct Actor kNormalForward 2199023255790
I1013 15:21:12.316133 12465 runtime_context.cpp:29] DecreaseCounter constructing_actor_cnt, current val is 26
I1013 15:21:12.316305 12465 naive_actor.cpp:25] actor 2199023255793 switch to &NaiveActor::HandlerNormal
I1013 15:21:12.316326 12465 thread.cpp:96] Thread 1048576 construct Actor kNormalForward 2199023255793
I1013 15:21:12.316359 12465 runtime_context.cpp:29] DecreaseCounter constructing_actor_cnt, current val is 25
I1013 15:21:12.316536 12465 naive_actor.cpp:25] actor 2199023255789 switch to &NaiveActor::HandlerNormal
I1013 15:21:12.316557 12465 thread.cpp:96] Thread 1048576 construct Actor kNormalForward 2199023255789
I1013 15:21:12.316597 12465 runtime_context.cpp:29] DecreaseCounter constructing_actor_cnt, current val is 24
I1013 15:21:12.316781 12465 naive_actor.cpp:25] actor 2199023255792 switch to &NaiveActor::HandlerNormal
I1013 15:21:12.316802 12465 thread.cpp:96] Thread 1048576 construct Actor kNormalForward 2199023255792
I1013 15:21:12.316835 12465 runtime_context.cpp:29] DecreaseCounter constructing_actor_cnt, current val is 23
I1013 15:21:12.317039 12465 naive_actor.cpp:25] actor 2199023255799 switch to &NaiveActor::HandlerNormal
I1013 15:21:12.317077 12465 thread.cpp:96] Thread 1048576 construct Actor kNormalForward 2199023255799
I1013 15:21:12.317113 12465 runtime_context.cpp:29] DecreaseCounter constructing_actor_cnt, current val is 22
I1013 15:21:12.317287 12465 naive_actor.cpp:25] actor 2199023255794 switch to &NaiveActor::HandlerNormal
I1013 15:21:12.317309 12465 thread.cpp:96] Thread 1048576 construct Actor kNormalForward 2199023255794
I1013 15:21:12.317342 12465 runtime_context.cpp:29] DecreaseCounter constructing_actor_cnt, current val is 21
I1013 15:21:12.317514 12465 naive_actor.cpp:25] actor 2199023255795 switch to &NaiveActor::HandlerNormal
I1013 15:21:12.317536 12465 thread.cpp:96] Thread 1048576 construct Actor kNormalForward 2199023255795
I1013 15:21:12.317576 12465 runtime_context.cpp:29] DecreaseCounter constructing_actor_cnt, current val is 20
I1013 15:21:12.317754 12465 naive_actor.cpp:25] actor 2199023255796 switch to &NaiveActor::HandlerNormal
I1013 15:21:12.317775 12465 thread.cpp:96] Thread 1048576 construct Actor kNormalForward 2199023255796
I1013 15:21:12.317812 12465 runtime_context.cpp:29] DecreaseCounter constructing_actor_cnt, current val is 19
I1013 15:21:12.317986 12465 naive_actor.cpp:25] actor 2199023255804 switch to &NaiveActor::HandlerNormal
I1013 15:21:12.318008 12465 thread.cpp:96] Thread 1048576 construct Actor kNormalForward 2199023255804
I1013 15:21:12.318042 12465 runtime_context.cpp:29] DecreaseCounter constructing_actor_cnt, current val is 18
I1013 15:21:12.318217 12465 naive_actor.cpp:25] actor 2199023255803 switch to &NaiveActor::HandlerNormal
I1013 15:21:12.318238 12465 thread.cpp:96] Thread 1048576 construct Actor kNormalForward 2199023255803
I1013 15:21:12.318271 12465 runtime_context.cpp:29] DecreaseCounter constructing_actor_cnt, current val is 17
I1013 15:21:12.318445 12465 naive_actor.cpp:25] actor 2199023255800 switch to &NaiveActor::HandlerNormal
I1013 15:21:12.318466 12465 thread.cpp:96] Thread 1048576 construct Actor kNormalForward 2199023255800
I1013 15:21:12.318500 12465 runtime_context.cpp:29] DecreaseCounter constructing_actor_cnt, current val is 16
I1013 15:21:12.318681 12465 naive_actor.cpp:25] actor 2199023255791 switch to &NaiveActor::HandlerNormal
I1013 15:21:12.318702 12465 thread.cpp:96] Thread 1048576 construct Actor kNormalForward 2199023255791
I1013 15:21:12.318737 12465 runtime_context.cpp:29] DecreaseCounter constructing_actor_cnt, current val is 15
I1013 15:21:12.318920 12465 naive_actor.cpp:25] actor 2199023255802 switch to &NaiveActor::HandlerNormal
I1013 15:21:12.318943 12465 thread.cpp:96] Thread 1048576 construct Actor kNormalForward 2199023255802
I1013 15:21:12.318974 12465 runtime_context.cpp:29] DecreaseCounter constructing_actor_cnt, current val is 14
I1013 15:21:12.319149 12465 naive_actor.cpp:25] actor 2199023255798 switch to &NaiveActor::HandlerNormal
I1013 15:21:12.319169 12465 thread.cpp:96] Thread 1048576 construct Actor kNormalForward 2199023255798
I1013 15:21:12.319202 12465 runtime_context.cpp:29] DecreaseCounter constructing_actor_cnt, current val is 13
I1013 15:21:12.319376 12465 naive_actor.cpp:25] actor 2199023255801 switch to &NaiveActor::HandlerNormal
I1013 15:21:12.319397 12465 thread.cpp:96] Thread 1048576 construct Actor kNormalForward 2199023255801
I1013 15:21:12.319430 12465 runtime_context.cpp:29] DecreaseCounter constructing_actor_cnt, current val is 12
I1013 15:21:12.319609 12465 naive_actor.cpp:25] actor 2199023255809 switch to &NaiveActor::HandlerNormal
I1013 15:21:12.319631 12465 thread.cpp:96] Thread 1048576 construct Actor kNormalForward 2199023255809
I1013 15:21:12.319664 12465 runtime_context.cpp:29] DecreaseCounter constructing_actor_cnt, current val is 11
I1013 15:21:12.319836 12465 naive_actor.cpp:25] actor 2199023255806 switch to &NaiveActor::HandlerNormal
I1013 15:21:12.319857 12465 thread.cpp:96] Thread 1048576 construct Actor kNormalForward 2199023255806
I1013 15:21:12.319913 12465 runtime_context.cpp:29] DecreaseCounter constructing_actor_cnt, current val is 10
I1013 15:21:12.320091 12465 naive_actor.cpp:25] actor 2199023255807 switch to &NaiveActor::HandlerNormal
I1013 15:21:12.320129 12465 thread.cpp:96] Thread 1048576 construct Actor kNormalForward 2199023255807
I1013 15:21:12.320166 12465 runtime_context.cpp:29] DecreaseCounter constructing_actor_cnt, current val is 9
I1013 15:21:12.320339 12465 naive_actor.cpp:25] actor 2199023255805 switch to &NaiveActor::HandlerNormal
I1013 15:21:12.320361 12465 thread.cpp:96] Thread 1048576 construct Actor kNormalForward 2199023255805
I1013 15:21:12.320394 12465 runtime_context.cpp:29] DecreaseCounter constructing_actor_cnt, current val is 8
I1013 15:21:12.320578 12465 naive_actor.cpp:25] actor 2199023255810 switch to &NaiveActor::HandlerNormal
I1013 15:21:12.320600 12465 thread.cpp:96] Thread 1048576 construct Actor kNormalForward 2199023255810
I1013 15:21:12.320634 12465 runtime_context.cpp:29] DecreaseCounter constructing_actor_cnt, current val is 7
I1013 15:21:12.320811 12465 naive_actor.cpp:25] actor 2199023255813 switch to &NaiveActor::HandlerNormal
I1013 15:21:12.320832 12465 thread.cpp:96] Thread 1048576 construct Actor kNormalForward 2199023255813
I1013 15:21:12.320865 12465 runtime_context.cpp:29] DecreaseCounter constructing_actor_cnt, current val is 6
I1013 15:21:12.321038 12465 naive_actor.cpp:25] actor 2199023255808 switch to &NaiveActor::HandlerNormal
I1013 15:21:12.321059 12465 thread.cpp:96] Thread 1048576 construct Actor kNormalForward 2199023255808
I1013 15:21:12.321092 12465 runtime_context.cpp:29] DecreaseCounter constructing_actor_cnt, current val is 5
I1013 15:21:12.321265 12465 naive_actor.cpp:25] actor 2199023255812 switch to &NaiveActor::HandlerNormal
I1013 15:21:12.321286 12465 thread.cpp:96] Thread 1048576 construct Actor kNormalForward 2199023255812
I1013 15:21:12.321318 12465 runtime_context.cpp:29] DecreaseCounter constructing_actor_cnt, current val is 4
I1013 15:21:12.321492 12465 naive_actor.cpp:25] actor 2199023255811 switch to &NaiveActor::HandlerNormal
I1013 15:21:12.321513 12465 thread.cpp:96] Thread 1048576 construct Actor kNormalForward 2199023255811
I1013 15:21:12.321547 12465 runtime_context.cpp:29] DecreaseCounter constructing_actor_cnt, current val is 3
I1013 15:21:12.321746 12465 naive_actor.cpp:25] actor 2199023255815 switch to &NaiveActor::HandlerNormal
I1013 15:21:12.321767 12465 thread.cpp:96] Thread 1048576 construct Actor kDeviceTick 2199023255815
I1013 15:21:12.321800 12465 runtime_context.cpp:29] DecreaseCounter constructing_actor_cnt, current val is 2
I1013 15:21:12.321977 12465 naive_actor.cpp:25] actor 2199023255786 switch to &NaiveActor::HandlerNormal
I1013 15:21:12.322000 12465 thread.cpp:96] Thread 1048576 construct Actor kNormalForward 2199023255786
I1013 15:21:12.322032 12465 runtime_context.cpp:29] DecreaseCounter constructing_actor_cnt, current val is 1
I1013 15:21:12.323179 12465 naive_actor.cpp:25] actor 2199023255814 switch to &NaiveActor::HandlerNormal
I1013 15:21:12.323202 12465 thread.cpp:96] Thread 1048576 construct Actor kNormalForward 2199023255814
I1013 15:21:12.323303 12465 runtime_context.cpp:29] DecreaseCounter constructing_actor_cnt, current val is 0
I1013 15:21:12.325438 11780 runtime.cpp:93] Actors on this machine constructed
I1013 15:21:12.325598 11780 runtime.cpp:95] Actors on every machine constructed
I1013 15:21:12.325665 11780 runtime_context.cpp:21] NewCounter job_5_running_actor_count 41
I1013 15:21:12.325690 11780 runtime_context.cpp:21] NewCounter job_4_running_actor_count 16
I1013 15:21:12.325707 11780 runtime_context.cpp:21] NewCounter job_3_running_actor_count 51
I1013 15:21:12.325724 11780 runtime_context.cpp:21] NewCounter job_2_running_actor_count 51
I1013 15:21:12.325739 11780 runtime_context.cpp:21] NewCounter job_0_running_actor_count 179
I1013 15:21:12.325755 11780 runtime_context.cpp:21] NewCounter job_1_running_actor_count 50
I1013 15:21:12.325834 12445 wait_and_send_ids_actor.cpp:73] actor 1099616485376 switch to &WaitAndSendIdsActor::HandlerNormal
I1013 15:21:12.326110 11780 global.h:36] NewGlobal N7oneflow7JobDescE
I1013 15:21:12.352691 11780 global.h:43] DeleteGlobal N7oneflow7JobDescE
I1013 15:21:20.071082 11780 global.h:43] DeleteGlobal N7oneflow7OneflowE
I1013 15:21:20.071516 12445 actor.cpp:411] actor 1099616485376 switch to &Actor::HandlerZombie
I1013 15:21:20.071549 12444 actor.cpp:411] actor 1099614388283 switch to &Actor::HandlerZombie
I1013 15:21:20.071691 12445 thread.cpp:76] thread 524338 deconstruct actor 1099616485376
I1013 15:21:20.071694 12444 actor.cpp:408] actor 1099614388284 switch to nullptr
I1013 15:21:20.071741 12444 thread.cpp:76] thread 524337 deconstruct actor 1099614388284
I1013 15:21:20.071995 12445 runtime_context.cpp:29] DecreaseCounter job_5_running_actor_count, current val is 40
I1013 15:21:20.072073 12444 runtime_context.cpp:29] DecreaseCounter job_5_running_actor_count, current val is 39
I1013 15:21:20.072110 12444 actor.cpp:408] actor 1099614388309 switch to nullptr
I1013 15:21:20.072125 12444 thread.cpp:76] thread 524337 deconstruct actor 1099614388309
I1013 15:21:20.072263 12444 runtime_context.cpp:29] DecreaseCounter job_5_running_actor_count, current val is 38
I1013 15:21:20.072290 12444 actor.cpp:408] actor 1099614388289 switch to nullptr
I1013 15:21:20.072304 12444 thread.cpp:76] thread 524337 deconstruct actor 1099614388289
I1013 15:21:20.072422 12444 runtime_context.cpp:29] DecreaseCounter job_5_running_actor_count, current val is 37
I1013 15:21:20.072448 12444 actor.cpp:408] actor 1099614388285 switch to nullptr
I1013 15:21:20.072463 12444 thread.cpp:76] thread 524337 deconstruct actor 1099614388285
I1013 15:21:20.072583 12444 runtime_context.cpp:29] DecreaseCounter job_5_running_actor_count, current val is 36
I1013 15:21:20.072613 12444 actor.cpp:408] actor 1099614388293 switch to nullptr
I1013 15:21:20.072626 12444 thread.cpp:76] thread 524337 deconstruct actor 1099614388293
I1013 15:21:20.072734 12444 runtime_context.cpp:29] DecreaseCounter job_5_running_actor_count, current val is 35
I1013 15:21:20.072760 12444 actor.cpp:408] actor 1099614388297 switch to nullptr
I1013 15:21:20.072773 12444 thread.cpp:76] thread 524337 deconstruct actor 1099614388297
I1013 15:21:20.072875 12444 runtime_context.cpp:29] DecreaseCounter job_5_running_actor_count, current val is 34
I1013 15:21:20.072897 12444 actor.cpp:408] actor 1099614388301 switch to nullptr
I1013 15:21:20.072911 12444 thread.cpp:76] thread 524337 deconstruct actor 1099614388301
I1013 15:21:20.073019 12444 runtime_context.cpp:29] DecreaseCounter job_5_running_actor_count, current val is 33
I1013 15:21:20.073041 12444 actor.cpp:408] actor 1099614388305 switch to nullptr
I1013 15:21:20.073055 12444 thread.cpp:76] thread 524337 deconstruct actor 1099614388305
I1013 15:21:20.073163 12444 runtime_context.cpp:29] DecreaseCounter job_5_running_actor_count, current val is 32
I1013 15:21:20.073190 12444 actor.cpp:408] actor 1099614388310 switch to nullptr
I1013 15:21:20.073204 12444 thread.cpp:76] thread 524337 deconstruct actor 1099614388310
I1013 15:21:20.073302 12444 runtime_context.cpp:29] DecreaseCounter job_5_running_actor_count, current val is 31
I1013 15:21:20.073324 12444 actor.cpp:408] actor 1099614388290 switch to nullptr
I1013 15:21:20.073338 12444 thread.cpp:76] thread 524337 deconstruct actor 1099614388290
I1013 15:21:20.073444 12444 runtime_context.cpp:29] DecreaseCounter job_5_running_actor_count, current val is 30
I1013 15:21:20.073469 12444 actor.cpp:408] actor 1099614388286 switch to nullptr
I1013 15:21:20.073482 12444 thread.cpp:76] thread 524337 deconstruct actor 1099614388286
I1013 15:21:20.073606 12444 runtime_context.cpp:29] DecreaseCounter job_5_running_actor_count, current val is 29
I1013 15:21:20.073634 12444 actor.cpp:408] actor 1099614388294 switch to nullptr
I1013 15:21:20.073648 12444 thread.cpp:76] thread 524337 deconstruct actor 1099614388294
I1013 15:21:20.073758 12444 runtime_context.cpp:29] DecreaseCounter job_5_running_actor_count, current val is 28
I1013 15:21:20.073783 12444 actor.cpp:408] actor 1099614388298 switch to nullptr
I1013 15:21:20.073937 12444 thread.cpp:76] thread 524337 deconstruct actor 1099614388298
I1013 15:21:20.074062 12444 runtime_context.cpp:29] DecreaseCounter job_5_running_actor_count, current val is 27
I1013 15:21:20.074115 12444 actor.cpp:408] actor 1099614388302 switch to nullptr
I1013 15:21:20.074132 12444 thread.cpp:76] thread 524337 deconstruct actor 1099614388302
I1013 15:21:20.074250 12444 runtime_context.cpp:29] DecreaseCounter job_5_running_actor_count, current val is 26
I1013 15:21:20.074278 12444 actor.cpp:408] actor 1099614388306 switch to nullptr
I1013 15:21:20.074291 12444 thread.cpp:76] thread 524337 deconstruct actor 1099614388306
I1013 15:21:20.074394 12444 runtime_context.cpp:29] DecreaseCounter job_5_running_actor_count, current val is 25
I1013 15:21:20.074419 12444 actor.cpp:408] actor 1099614388279 switch to nullptr
I1013 15:21:20.074434 12444 thread.cpp:76] thread 524337 deconstruct actor 1099614388279
I1013 15:21:20.074546 12444 runtime_context.cpp:29] DecreaseCounter job_4_running_actor_count, current val is 15
I1013 15:21:20.074585 12444 actor.cpp:408] actor 1099614388236 switch to nullptr
I1013 15:21:20.074602 12444 thread.cpp:76] thread 524337 deconstruct actor 1099614388236
I1013 15:21:20.074723 12444 runtime_context.cpp:29] DecreaseCounter job_0_running_actor_count, current val is 178
I1013 15:21:20.074753 12444 actor.cpp:408] actor 1099614388228 switch to nullptr
I1013 15:21:20.074766 12444 thread.cpp:76] thread 524337 deconstruct actor 1099614388228
I1013 15:21:20.074882 12444 runtime_context.cpp:29] DecreaseCounter job_0_running_actor_count, current val is 177
I1013 15:21:20.074908 12444 actor.cpp:408] actor 1099614388245 switch to nullptr
I1013 15:21:20.074920 12444 thread.cpp:76] thread 524337 deconstruct actor 1099614388245
I1013 15:21:20.075024 12444 runtime_context.cpp:29] DecreaseCounter job_1_running_actor_count, current val is 49
I1013 15:21:20.075050 12444 actor.cpp:408] actor 1099614388254 switch to nullptr
I1013 15:21:20.075063 12444 thread.cpp:76] thread 524337 deconstruct actor 1099614388254
I1013 15:21:20.075168 12444 runtime_context.cpp:29] DecreaseCounter job_2_running_actor_count, current val is 50
I1013 15:21:20.075194 12444 actor.cpp:408] actor 1099614388263 switch to nullptr
I1013 15:21:20.075207 12444 thread.cpp:76] thread 524337 deconstruct actor 1099614388263
I1013 15:21:20.075312 12444 runtime_context.cpp:29] DecreaseCounter job_3_running_actor_count, current val is 50
I1013 15:21:20.075443 12444 actor.cpp:408] actor 1099614388271 switch to nullptr
I1013 15:21:20.075462 12444 thread.cpp:76] thread 524337 deconstruct actor 1099614388271
I1013 15:21:20.075592 12444 runtime_context.cpp:29] DecreaseCounter job_4_running_actor_count, current val is 14
I1013 15:21:20.075619 12444 actor.cpp:408] actor 1099614388277 switch to nullptr
I1013 15:21:20.075632 12444 thread.cpp:76] thread 524337 deconstruct actor 1099614388277
I1013 15:21:20.075733 12444 runtime_context.cpp:29] DecreaseCounter job_4_running_actor_count, current val is 13
I1013 15:21:20.075784 12444 actor.cpp:408] actor 1099614388234 switch to nullptr
I1013 15:21:20.075826 12444 thread.cpp:76] thread 524337 deconstruct actor 1099614388234
I1013 15:21:20.075943 12444 runtime_context.cpp:29] DecreaseCounter job_0_running_actor_count, current val is 176
I1013 15:21:20.075978 12444 actor.cpp:408] actor 1099614388225 switch to nullptr
I1013 15:21:20.075994 12444 thread.cpp:76] thread 524337 deconstruct actor 1099614388225
I1013 15:21:20.076118 12444 runtime_context.cpp:29] DecreaseCounter job_0_running_actor_count, current val is 175
I1013 15:21:20.076122 12465 actor.cpp:408] actor 2199023255698 switch to nullptr
I1013 15:21:20.076148 12444 actor.cpp:408] actor 1099614388242 switch to nullptr
I1013 15:21:20.076182 12465 thread.cpp:76] thread 1048576 deconstruct actor 2199023255698
I1013 15:21:20.076200 12444 thread.cpp:76] thread 524337 deconstruct actor 1099614388242
I1013 15:21:20.076372 12444 runtime_context.cpp:29] DecreaseCounter job_1_running_actor_count, current val is 48
I1013 15:21:20.076422 12465 runtime_context.cpp:29] DecreaseCounter job_0_running_actor_count, current val is 174
I1013 15:21:20.076423 12444 actor.cpp:408] actor 1099614388251 switch to nullptr
I1013 15:21:20.076556 12444 thread.cpp:76] thread 524337 deconstruct actor 1099614388251
I1013 15:21:20.076592 12465 actor.cpp:408] actor 2199023255737 switch to nullptr
I1013 15:21:20.076663 12465 thread.cpp:76] thread 1048576 deconstruct actor 2199023255737
I1013 15:21:20.076699 12444 runtime_context.cpp:29] DecreaseCounter job_2_running_actor_count, current val is 49
I1013 15:21:20.076727 12444 actor.cpp:408] actor 1099614388260 switch to nullptr
I1013 15:21:20.076741 12444 thread.cpp:76] thread 524337 deconstruct actor 1099614388260
I1013 15:21:20.076818 12465 runtime_context.cpp:29] DecreaseCounter job_1_running_actor_count, current val is 47
I1013 15:21:20.076836 12444 runtime_context.cpp:29] DecreaseCounter job_3_running_actor_count, current val is 49
I1013 15:21:20.076931 12465 actor.cpp:408] actor 2199023255695 switch to nullptr
I1013 15:21:20.076965 12444 actor.cpp:408] actor 1099614388268 switch to nullptr
I1013 15:21:20.077008 12465 thread.cpp:76] thread 1048576 deconstruct actor 2199023255695
I1013 15:21:20.077041 12444 thread.cpp:76] thread 524337 deconstruct actor 1099614388268
I1013 15:21:20.077188 12444 runtime_context.cpp:29] DecreaseCounter job_4_running_actor_count, current val is 12
I1013 15:21:20.077209 12465 runtime_context.cpp:29] DecreaseCounter job_0_running_actor_count, current val is 173
I1013 15:21:20.077216 12444 actor.cpp:411] actor 1099614388280 switch to &Actor::HandlerZombie
I1013 15:21:20.077260 12465 actor.cpp:408] actor 2199023255693 switch to nullptr
I1013 15:21:20.077270 12444 actor.cpp:408] actor 1099614388275 switch to nullptr
I1013 15:21:20.077309 12465 thread.cpp:76] thread 1048576 deconstruct actor 2199023255693
I1013 15:21:20.077345 12444 thread.cpp:76] thread 524337 deconstruct actor 1099614388275
I1013 15:21:20.077342 12443 actor.cpp:411] actor 1099555667968 switch to &Actor::HandlerZombie
I1013 15:21:20.077378 12442 actor.cpp:411] actor 1099553570816 switch to &Actor::HandlerZombie
I1013 15:21:20.077469 12443 thread.cpp:76] thread 524309 deconstruct actor 1099555667968
I1013 15:21:20.077508 12444 runtime_context.cpp:29] DecreaseCounter job_4_running_actor_count, current val is 11
I1013 15:21:20.077518 12465 runtime_context.cpp:29] DecreaseCounter job_0_running_actor_count, current val is 172
I1013 15:21:20.077807 12444 actor.cpp:411] actor 1099614388237 switch to &Actor::HandlerZombie
I1013 15:21:20.077841 12465 actor.cpp:408] actor 2199023255689 switch to nullptr
I1013 15:21:20.077853 12444 actor.cpp:408] actor 1099614388232 switch to nullptr
I1013 15:21:20.077864 12465 thread.cpp:76] thread 1048576 deconstruct actor 2199023255689
I1013 15:21:20.077883 12444 thread.cpp:76] thread 524337 deconstruct actor 1099614388232
I1013 15:21:20.077898 12443 runtime_context.cpp:29] DecreaseCounter job_4_running_actor_count, current val is 10
I1013 15:21:20.078018 12465 runtime_context.cpp:29] DecreaseCounter job_0_running_actor_count, current val is 171
I1013 15:21:20.077940 12427 actor.cpp:411] actor 1099522113536 switch to &Actor::HandlerZombie
I1013 15:21:20.078049 12444 runtime_context.cpp:29] DecreaseCounter job_0_running_actor_count, current val is 170
I1013 15:21:20.078064 12465 actor.cpp:408] actor 2199023255675 switch to nullptr
I1013 15:21:20.078147 12444 actor.cpp:411] actor 1099614388229 switch to &Actor::HandlerZombie
I1013 15:21:20.078182 12465 thread.cpp:76] thread 1048576 deconstruct actor 2199023255675
I1013 15:21:20.078223 12444 actor.cpp:408] actor 1099614388224 switch to nullptr
I1013 15:21:20.078241 12444 thread.cpp:76] thread 524337 deconstruct actor 1099614388224
I1013 15:21:20.078323 12428 actor.cpp:408] actor 1099524210688 switch to nullptr
I1013 15:21:20.078403 12432 actor.cpp:408] actor 1099532599296 switch to nullptr
I1013 15:21:20.078356 12444 runtime_context.cpp:29] DecreaseCounter job_0_running_actor_count, current val is 168
I1013 15:21:20.078389 12422 actor.cpp:408] actor 1099511627776 switch to nullptr
I1013 15:21:20.078579 12425 actor.cpp:408] actor 1099517919232 switch to nullptr
I1013 15:21:20.078325 12465 runtime_context.cpp:29] DecreaseCounter job_0_running_actor_count, current val is 169
I1013 15:21:20.078912 12465 actor.cpp:408] actor 2199023255671 switch to nullptr
I1013 15:21:20.078964 12465 thread.cpp:76] thread 1048576 deconstruct actor 2199023255671
I1013 15:21:20.078500 12431 actor.cpp:411] actor 1099530502144 switch to &Actor::HandlerZombie
I1013 15:21:20.079102 12431 thread.cpp:76] thread 524297 deconstruct actor 1099530502144
I1013 15:21:20.078547 12444 actor.cpp:411] actor 1099614388246 switch to &Actor::HandlerZombie
I1013 15:21:20.079178 12444 actor.cpp:408] actor 1099614388241 switch to nullptr
I1013 15:21:20.079216 12444 thread.cpp:76] thread 524337 deconstruct actor 1099614388241
I1013 15:21:20.079241 12434 actor.cpp:408] actor 1099536793600 switch to nullptr
I1013 15:21:20.078734 12467 actor.cpp:408] actor 2199025352704 switch to nullptr
I1013 15:21:20.079377 12467 thread.cpp:76] thread 1048577 deconstruct actor 2199025352704
I1013 15:21:20.078737 12422 thread.cpp:76] thread 524288 deconstruct actor 1099511627776
I1013 15:21:20.078832 12425 thread.cpp:76] thread 524291 deconstruct actor 1099517919232
I1013 15:21:20.079483 12467 runtime_context.cpp:29] DecreaseCounter job_0_running_actor_count, current val is 165
I1013 15:21:20.078421 12428 thread.cpp:76] thread 524294 deconstruct actor 1099524210688
I1013 15:21:20.078457 12432 thread.cpp:76] thread 524298 deconstruct actor 1099532599296
I1013 15:21:20.079104 12465 runtime_context.cpp:29] DecreaseCounter job_0_running_actor_count, current val is 167
I1013 15:21:20.078507 12430 actor.cpp:408] actor 1099528404992 switch to nullptr
I1013 15:21:20.078657 12424 actor.cpp:408] actor 1099515822080 switch to nullptr
I1013 15:21:20.078672 12423 actor.cpp:408] actor 1099513724928 switch to nullptr
I1013 15:21:20.079253 12433 actor.cpp:408] actor 1099534696448 switch to nullptr
I1013 15:21:20.079923 12433 thread.cpp:76] thread 524299 deconstruct actor 1099534696448
I1013 15:21:20.078372 12429 actor.cpp:408] actor 1099526307840 switch to nullptr
I1013 15:21:20.079314 12434 thread.cpp:76] thread 524300 deconstruct actor 1099536793600
I1013 15:21:20.079300 12435 actor.cpp:408] actor 1099538890752 switch to nullptr
I1013 15:21:20.079356 12444 runtime_context.cpp:29] DecreaseCounter job_1_running_actor_count, current val is 46
I1013 15:21:20.080247 12444 actor.cpp:411] actor 1099614388255 switch to &Actor::HandlerZombie
I1013 15:21:20.080273 12432 runtime_context.cpp:29] DecreaseCounter job_0_running_actor_count, current val is 163
I1013 15:21:20.080336 12444 actor.cpp:408] actor 1099614388250 switch to nullptr
I1013 15:21:20.080370 12437 actor.cpp:408] actor 1099543085056 switch to nullptr
I1013 15:21:20.080404 12437 thread.cpp:76] thread 524303 deconstruct actor 1099543085056
I1013 15:21:20.079725 12430 thread.cpp:76] thread 524296 deconstruct actor 1099528404992
I1013 15:21:20.080580 12437 runtime_context.cpp:29] DecreaseCounter job_2_running_actor_count, current val is 48
I1013 15:21:20.079892 12423 thread.cpp:76] thread 524289 deconstruct actor 1099513724928
I1013 15:21:20.080013 12429 thread.cpp:76] thread 524295 deconstruct actor 1099526307840
I1013 15:21:20.080184 12435 thread.cpp:76] thread 524301 deconstruct actor 1099538890752
I1013 15:21:20.078583 12426 actor.cpp:408] actor 1099520016384 switch to nullptr
I1013 15:21:20.080826 12430 runtime_context.cpp:29] DecreaseCounter job_0_running_actor_count, current val is 161
I1013 15:21:20.080844 12429 runtime_context.cpp:29] DecreaseCounter job_0_running_actor_count, current val is 160
I1013 15:21:20.080886 12423 runtime_context.cpp:29] DecreaseCounter job_0_running_actor_count, current val is 159
I1013 15:21:20.079377 12431 runtime_context.cpp:29] DecreaseCounter job_0_running_actor_count, current val is 166
I1013 15:21:20.079526 12467 actor.cpp:408] actor 2199025352708 switch to nullptr
I1013 15:21:20.081120 12467 thread.cpp:76] thread 1048577 deconstruct actor 2199025352708
I1013 15:21:20.080339 12434 runtime_context.cpp:29] DecreaseCounter job_1_running_actor_count, current val is 44
I1013 15:21:20.079686 12465 actor.cpp:408] actor 2199023255669 switch to nullptr
I1013 15:21:20.081514 12465 thread.cpp:76] thread 1048576 deconstruct actor 2199023255669
I1013 15:21:20.080417 12438 actor.cpp:411] actor 1099545182208 switch to &Actor::HandlerZombie
I1013 15:21:20.081615 12438 thread.cpp:76] thread 524304 deconstruct actor 1099545182208
I1013 15:21:20.079854 12424 thread.cpp:76] thread 524290 deconstruct actor 1099515822080
I1013 15:21:20.081717 12465 runtime_context.cpp:29] DecreaseCounter job_0_running_actor_count, current val is 156
I1013 15:21:20.080845 12426 thread.cpp:76] thread 524292 deconstruct actor 1099520016384
I1013 15:21:20.080305 12433 runtime_context.cpp:29] DecreaseCounter job_1_running_actor_count, current val is 45
I1013 15:21:20.080955 12435 runtime_context.cpp:29] DecreaseCounter job_1_running_actor_count, current val is 43
I1013 15:21:20.080376 12444 thread.cpp:76] thread 524337 deconstruct actor 1099614388250
I1013 15:21:20.081221 12467 runtime_context.cpp:29] DecreaseCounter job_0_running_actor_count, current val is 157
I1013 15:21:20.082192 12426 runtime_context.cpp:29] DecreaseCounter job_0_running_actor_count, current val is 154
I1013 15:21:20.082238 12467 actor.cpp:408] actor 2199025352705 switch to nullptr
I1013 15:21:20.080415 12436 actor.cpp:408] actor 1099540987904 switch to nullptr
I1013 15:21:20.082309 12444 runtime_context.cpp:29] DecreaseCounter job_2_running_actor_count, current val is 46
I1013 15:21:20.080291 12425 runtime_context.cpp:29] DecreaseCounter job_0_running_actor_count, current val is 162
I1013 15:21:20.081776 12438 runtime_context.cpp:29] DecreaseCounter job_2_running_actor_count, current val is 47
I1013 15:21:20.081841 12465 actor.cpp:408] actor 2199023255667 switch to nullptr
I1013 15:21:20.082017 12424 runtime_context.cpp:29] DecreaseCounter job_0_running_actor_count, current val is 155
I1013 15:21:20.081223 12422 runtime_context.cpp:29] DecreaseCounter job_0_running_actor_count, current val is 158
I1013 15:21:20.082274 12467 thread.cpp:76] thread 1048577 deconstruct actor 2199025352705
I1013 15:21:20.082331 12436 thread.cpp:76] thread 524302 deconstruct actor 1099540987904
I1013 15:21:20.079769 12428 runtime_context.cpp:29] DecreaseCounter job_0_running_actor_count, current val is 164
