Log file created at: 2021/10/13 11:23:45
Running on machine: oneflow-14
Log line format: [IWEF]mmdd hh:mm:ss.uuuuuu threadid file:line] msg
I1013 11:23:45.573137 37093 global.h:36] NewGlobal 14cudaDeviceProp
I1013 11:23:45.574237 37093 global.h:36] NewGlobal N7oneflow7EnvDescE
I1013 11:23:45.574257 37093 global.h:36] NewGlobal N7oneflow10ProcessCtxE
I1013 11:23:45.574266 37093 env_global_objects_scope.cpp:152] using rpc backend: local
I1013 11:23:45.574296 37093 global.h:36] NewGlobal N7oneflow12ResourceDescE
I1013 11:23:45.574309 37093 global.h:36] NewGlobal N7oneflow12ResourceDescE
I1013 11:23:45.661574 37093 global.h:36] NewGlobal N7oneflow10ThreadPoolE
I1013 11:23:45.663165 37093 global.h:36] NewGlobal N7oneflow16EagerNcclCommMgrE
I1013 11:23:45.663188 37093 global.h:36] NewGlobal N7oneflow18CudnnConvAlgoCacheE
I1013 11:23:45.663203 37093 global.h:36] NewGlobal N7oneflow2vm19VirtualMachineScopeE
I1013 11:23:45.663213 37093 global.h:36] NewGlobal N7oneflow9OneflowVME
I1013 11:23:45.664341 37093 oneflow_vm.cpp:75] transport stream type: N7oneflow2vm13CpuStreamTypeE
I1013 11:23:45.664364 37093 oneflow_vm.cpp:75] transport stream type: N7oneflow2vm14CudaStreamTypeE
I1013 11:23:45.664374 37093 oneflow_vm.cpp:75] transport stream type: N7oneflow2vm19AsyncCudaStreamTypeE
I1013 11:23:45.664563 37093 global.h:36] NewGlobal N7oneflow27EagerJobBuildAndInferCtxMgrE
I1013 11:23:45.664583 37093 global.h:36] NewGlobal N7oneflow12EpollCommNetE
I1013 11:23:45.664752 37093 epoll_comm_network.cpp:63] CommNet:Epoll listening on 0.0.0.0:37582
I1013 11:23:45.664799 37093 epoll_comm_network.cpp:197] machine 0 sockfd -1
I1013 11:23:45.664952 37093 global.h:36] NewGlobal N7oneflow9TransportE
I1013 11:23:45.666927 37093 global.h:43] DeleteGlobal N7oneflow12ResourceDescE
I1013 11:23:45.666965 37093 version.cpp:22] OneFlow git version: b295ca2324
I1013 11:23:45.666988 37093 device_register_gpu.cpp:56] CUDA runtime version: 11.2
I1013 11:23:45.667013 37093 device_register_gpu.cpp:65] cuDNN version: 8.1.1
I1013 11:23:45.667027 37093 device_register_gpu.cpp:78] NCCL version: 2.9.8
I1013 11:23:45.667038 37093 global.h:36] NewGlobal N7oneflow12ResourceDescE
I1013 11:23:45.667048 37093 global.h:36] NewGlobal N7oneflow5IDMgrE
I1013 11:23:45.667058 37093 global.h:36] NewGlobal N7oneflow16AvailableMemDescE
I1013 11:23:45.667090 37093 global.h:36] NewGlobal St13unordered_mapISslSt4hashISsESt8equal_toISsESaISt4pairIKSslEEE
I1013 11:23:45.667100 37093 global.h:36] NewGlobal N7oneflow19CriticalSectionDescE
I1013 11:23:45.667109 37093 global.h:36] NewGlobal N7oneflow16InterUserJobInfoE
I1013 11:23:45.667119 37093 global.h:36] NewGlobal N7oneflow26LazyJobBuildAndInferCtxMgrE
I1013 11:23:45.667129 37093 global.h:36] NewGlobal N7oneflow16JobSetCompileCtxE
I1013 11:23:45.667138 37093 global.h:36] NewGlobal N7oneflow26RuntimeBufferManagersScopeE
I1013 11:23:45.667147 37093 global.h:36] NewGlobal N7oneflow9BufferMgrIlEE
I1013 11:23:45.667160 37093 global.h:36] NewGlobal N7oneflow9BufferMgrISt10shared_ptrINS_11JobInstanceEEEE
I1013 11:23:45.667168 37093 global.h:36] NewGlobal N7oneflow10RuntimeCtxE
I1013 11:23:45.667176 37093 global.h:36] NewGlobal N7oneflow15MemoryAllocatorE
I1013 11:23:45.667186 37093 global.h:36] NewGlobal N7oneflow8ChunkMgrE
I1013 11:23:45.667193 37093 global.h:36] NewGlobal N7oneflow8RegstMgrE
I1013 11:23:45.667202 37093 global.h:36] NewGlobal N7oneflow11ActorMsgBusE
I1013 11:23:45.667210 37093 global.h:36] NewGlobal N7oneflow9ThreadMgrE
I1013 11:23:45.667218 37093 global.h:36] NewGlobal N7oneflow15RuntimeJobDescsE
I1013 11:23:45.667227 37093 global.h:36] NewGlobal N7oneflow7summary12EventsWriterE
I1013 11:23:45.667238 37093 global.h:36] NewGlobal N7oneflow6boxing10collective24CollectiveBoxingExecutorE
I1013 11:23:45.667248 37093 global.h:36] NewGlobal N7oneflow6boxing10collective31CollectiveBoxingDeviceCtxPollerE
I1013 11:23:45.667418 37093 session.h:77] NewGlobal N7oneflow25SessionGlobalObjectsScopeE
I1013 11:23:45.668378 37093 global.h:36] NewGlobal N7oneflow7JobDescE
I1013 11:23:46.062942 37093 global.h:43] DeleteGlobal N7oneflow7JobDescE
I1013 11:23:46.063163 37093 global.h:36] NewGlobal N7oneflow7JobDescE
I1013 11:23:46.066131 37093 global.h:36] NewGlobal N7oneflow7OpGraphE
I1013 11:23:46.070122 37093 global.h:43] DeleteGlobal N7oneflow7OpGraphE
I1013 11:23:46.229523 37093 global.h:43] DeleteGlobal N7oneflow7JobDescE
I1013 11:23:46.245311 37093 global.h:36] NewGlobal N7oneflow24InterJobReuseMemStrategyE
I1013 11:23:46.245334 37093 global.h:36] NewGlobal N7oneflow7OneflowE
I1013 11:23:46.257349 37093 global.h:36] NewGlobal N7oneflow7JobDescE
I1013 11:23:46.461712 37093 global.h:36] NewGlobal N7oneflow7OpGraphE
I1013 11:23:46.534351 37093 global.h:43] DeleteGlobal N7oneflow7OpGraphE
I1013 11:23:46.543665 37093 oneflow.cpp:210] 
job_id: 0 , job_name: train_job , compile time: 0.286271 seconds.
I1013 11:23:46.593046 37093 global.h:43] DeleteGlobal N7oneflow7JobDescE
I1013 11:23:46.593336 37093 global.h:36] NewGlobal N7oneflow7JobDescE
I1013 11:23:46.639480 37093 global.h:36] NewGlobal N7oneflow7OpGraphE
I1013 11:23:46.655984 37093 global.h:43] DeleteGlobal N7oneflow7OpGraphE
I1013 11:23:46.660930 37093 oneflow.cpp:210] 
job_id: 1 , job_name: System-ModelInit , compile time: 0.067445 seconds.
I1013 11:23:46.672551 37093 global.h:43] DeleteGlobal N7oneflow7JobDescE
I1013 11:23:46.672580 37093 global.h:36] NewGlobal N7oneflow7JobDescE
I1013 11:23:46.716919 37093 global.h:36] NewGlobal N7oneflow7OpGraphE
I1013 11:23:46.734110 37093 global.h:43] DeleteGlobal N7oneflow7OpGraphE
I1013 11:23:46.738415 37093 oneflow.cpp:210] 
job_id: 2 , job_name: System-ModelLoad , compile time: 0.0658153 seconds.
I1013 11:23:46.750401 37093 global.h:43] DeleteGlobal N7oneflow7JobDescE
I1013 11:23:46.750480 37093 global.h:36] NewGlobal N7oneflow7JobDescE
I1013 11:23:46.794952 37093 global.h:36] NewGlobal N7oneflow7OpGraphE
I1013 11:23:46.811754 37093 global.h:43] DeleteGlobal N7oneflow7OpGraphE
I1013 11:23:46.816545 37093 oneflow.cpp:210] 
job_id: 3 , job_name: System-ModelSave , compile time: 0.0660434 seconds.
I1013 11:23:46.828982 37093 global.h:43] DeleteGlobal N7oneflow7JobDescE
I1013 11:23:46.829068 37093 global.h:36] NewGlobal N7oneflow7JobDescE
I1013 11:23:46.837261 37093 global.h:36] NewGlobal N7oneflow7OpGraphE
I1013 11:23:46.840903 37093 global.h:43] DeleteGlobal N7oneflow7OpGraphE
I1013 11:23:46.842504 37093 oneflow.cpp:210] 
job_id: 4 , job_name: System-Pull-Return_22 , compile time: 0.0134152 seconds.
I1013 11:23:46.846035 37093 global.h:43] DeleteGlobal N7oneflow7JobDescE
I1013 11:23:46.850190 37093 global.h:36] NewGlobal N7oneflow7JobDescE
I1013 11:23:46.850222 37093 global.h:36] NewGlobal N7oneflow7OpGraphE
I1013 11:23:46.855475 37093 global.h:43] DeleteGlobal N7oneflow7OpGraphE
I1013 11:23:46.858755 37093 oneflow.cpp:210] 
job_id: 5 , job_name: MainJob-unamed , compile time: 0.00854093 seconds.
I1013 11:23:46.865695 37093 global.h:43] DeleteGlobal N7oneflow7JobDescE
I1013 11:23:46.868119 37093 plan_util.cpp:928]  Plan: merged_plan needs to allocate [ 374.897 MiB ] device memory in Rank: 0 , Device: 0
I1013 11:23:46.971024 37093 oneflow.cpp:998]  PushPlan merged_plan time: 0.0100483 seconds.
I1013 11:23:46.999485 37093 oneflow.cpp:1014]  PullPlan merged_plan time: 0.0242908 seconds.
I1013 11:23:48.979724 37093 runtime_context.cpp:21] NewCounter constructing_actor_cnt 399
I1013 11:23:48.980870 37639 naive_actor.cpp:25] actor 2199023255699 switch to &NaiveActor::HandlerNormal
I1013 11:23:48.980911 37631 naive_actor.cpp:25] actor 1099614388228 switch to &NaiveActor::HandlerNormal
I1013 11:23:48.981087 37639 thread.cpp:96] Thread 1048576 construct Actor kDeviceTick 2199023255699
I1013 11:23:48.981154 37631 thread.cpp:96] Thread 524337 construct Actor kDeviceTick 1099614388228
I1013 11:23:48.981240 37632 wait_and_send_ids_actor.cpp:53] actor 1099616485376 switch to &WaitAndSendIdsActor::HandlerWaitToStart
I1013 11:23:48.981271 37639 runtime_context.cpp:29] DecreaseCounter constructing_actor_cnt, current val is 398
I1013 11:23:48.981287 37632 thread.cpp:96] Thread 524338 construct Actor kWaitAndSendIds 1099616485376
I1013 11:23:48.981300 37631 runtime_context.cpp:29] DecreaseCounter constructing_actor_cnt, current val is 397
I1013 11:23:48.981479 37632 runtime_context.cpp:29] DecreaseCounter constructing_actor_cnt, current val is 396
I1013 11:23:48.981658 37639 naive_actor.cpp:25] actor 2199023255738 switch to &NaiveActor::HandlerNormal
I1013 11:23:48.981812 37639 thread.cpp:96] Thread 1048576 construct Actor kDeviceTick 2199023255738
I1013 11:23:48.981875 37639 runtime_context.cpp:29] DecreaseCounter constructing_actor_cnt, current val is 395
I1013 11:23:48.981909 37631 naive_actor.cpp:25] actor 1099614388235 switch to &NaiveActor::HandlerNormal
I1013 11:23:48.981979 37631 thread.cpp:96] Thread 524337 construct Actor kDeviceTick 1099614388235
I1013 11:23:48.982060 37631 runtime_context.cpp:29] DecreaseCounter constructing_actor_cnt, current val is 394
I1013 11:23:48.982198 37639 naive_actor.cpp:25] actor 2199023255777 switch to &NaiveActor::HandlerNormal
I1013 11:23:48.982257 37639 thread.cpp:96] Thread 1048576 construct Actor kDeviceTick 2199023255777
I1013 11:23:48.982339 37631 naive_actor.cpp:25] actor 1099614388245 switch to &NaiveActor::HandlerNormal
I1013 11:23:48.982357 37639 runtime_context.cpp:29] DecreaseCounter constructing_actor_cnt, current val is 393
I1013 11:23:48.982388 37631 thread.cpp:96] Thread 524337 construct Actor kDeviceTick 1099614388245
I1013 11:23:48.982496 37631 runtime_context.cpp:29] DecreaseCounter constructing_actor_cnt, current val is 392
I1013 11:23:48.982678 37639 naive_actor.cpp:25] actor 2199023255816 switch to &NaiveActor::HandlerNormal
I1013 11:23:48.982741 37639 thread.cpp:96] Thread 1048576 construct Actor kDeviceTick 2199023255816
I1013 11:23:48.982750 37631 naive_actor.cpp:25] actor 1099614388254 switch to &NaiveActor::HandlerNormal
I1013 11:23:48.982815 37631 thread.cpp:96] Thread 524337 construct Actor kDeviceTick 1099614388254
I1013 11:23:48.982822 37639 runtime_context.cpp:29] DecreaseCounter constructing_actor_cnt, current val is 391
I1013 11:23:48.982862 37631 runtime_context.cpp:29] DecreaseCounter constructing_actor_cnt, current val is 390
I1013 11:23:48.983090 37631 naive_actor.cpp:25] actor 1099614388263 switch to &NaiveActor::HandlerNormal
I1013 11:23:48.983120 37631 thread.cpp:96] Thread 524337 construct Actor kDeviceTick 1099614388263
I1013 11:23:48.983163 37631 runtime_context.cpp:29] DecreaseCounter constructing_actor_cnt, current val is 389
I1013 11:23:48.983366 37631 naive_actor.cpp:25] actor 1099614388271 switch to &NaiveActor::HandlerNormal
I1013 11:23:48.983394 37631 thread.cpp:96] Thread 524337 construct Actor kDeviceTick 1099614388271
I1013 11:23:48.983458 37631 runtime_context.cpp:29] DecreaseCounter constructing_actor_cnt, current val is 388
I1013 11:23:48.983670 37631 naive_actor.cpp:25] actor 1099614388278 switch to &NaiveActor::HandlerNormal
I1013 11:23:48.983726 37631 thread.cpp:96] Thread 524337 construct Actor kDeviceTick 1099614388278
I1013 11:23:48.983824 37631 runtime_context.cpp:29] DecreaseCounter constructing_actor_cnt, current val is 387
I1013 11:23:48.991194 37624 naive_actor.cpp:25] actor 1099557765120 switch to &NaiveActor::HandlerNormal
I1013 11:23:48.991320 37630 naive_actor.cpp:25] actor 1099570348032 switch to &NaiveActor::HandlerNormal
I1013 11:23:48.991376 37624 thread.cpp:96] Thread 524310 construct Actor kNormalForward 1099557765120
I1013 11:23:48.991497 37627 naive_actor.cpp:25] actor 1099564056576 switch to &NaiveActor::HandlerNormal
I1013 11:23:48.991320 37633 sink_actor.cpp:21] actor 1099618582528 switch to &SinkActor::HandlerNormal
I1013 11:23:48.991613 37616 naive_actor.cpp:25] actor 1099540987904 switch to &NaiveActor::HandlerNormal
I1013 11:23:48.991463 37613 naive_actor.cpp:25] actor 1099534696448 switch to &NaiveActor::HandlerNormal
I1013 11:23:48.991768 37614 naive_actor.cpp:25] actor 1099536793600 switch to &NaiveActor::HandlerNormal
I1013 11:23:48.991876 37607 naive_actor.cpp:25] actor 1099522113536 switch to &NaiveActor::HandlerNormal
I1013 11:23:48.991570 37627 thread.cpp:96] Thread 524313 construct Actor kNormalForward 1099564056576
I1013 11:23:48.992058 37615 naive_actor.cpp:25] actor 1099538890752 switch to &NaiveActor::HandlerNormal
I1013 11:23:48.991590 37623 naive_actor.cpp:25] actor 1099555667968 switch to &NaiveActor::HandlerNormal
I1013 11:23:48.991444 37630 thread.cpp:96] Thread 524316 construct Actor kForeignOutput 1099570348032
I1013 11:23:48.992396 37611 naive_actor.cpp:25] actor 1099530502144 switch to &NaiveActor::HandlerNormal
I1013 11:23:48.991633 37633 thread.cpp:96] Thread 524339 construct Actor kCallbackNotify 1099618582528
I1013 11:23:48.991667 37612 naive_actor.cpp:25] actor 1099532599296 switch to &NaiveActor::HandlerNormal
I1013 11:23:48.991686 37631 naive_actor.cpp:25] actor 1099614388238 switch to &NaiveActor::HandlerNormal
I1013 11:23:48.991709 37621 naive_actor.cpp:25] actor 1099551473664 switch to &NaiveActor::HandlerNormal
I1013 11:23:48.992954 37621 thread.cpp:96] Thread 524307 construct Actor kNormalForward 1099551473664
I1013 11:23:48.991741 37625 naive_actor.cpp:25] actor 1099559862272 switch to &NaiveActor::HandlerNormal
I1013 11:23:48.993752 37625 thread.cpp:96] Thread 524311 construct Actor kNormalForward 1099559862272
I1013 11:23:48.991788 37613 thread.cpp:96] Thread 524299 construct Actor kNormalForward 1099534696448
I1013 11:23:48.991711 37616 thread.cpp:96] Thread 524302 construct Actor kNormalForward 1099540987904
I1013 11:23:48.993862 37613 runtime_context.cpp:29] DecreaseCounter constructing_actor_cnt, current val is 380
I1013 11:23:48.993899 37616 runtime_context.cpp:29] DecreaseCounter constructing_actor_cnt, current val is 379
I1013 11:23:48.991376 37626 naive_actor.cpp:25] actor 1099561959424 switch to &NaiveActor::HandlerNormal
I1013 11:23:48.993983 37626 thread.cpp:96] Thread 524312 construct Actor kForeignInput 1099561959424
I1013 11:23:48.991883 37618 naive_actor.cpp:25] actor 1099545182208 switch to &NaiveActor::HandlerNormal
I1013 11:23:48.994187 37618 thread.cpp:96] Thread 524304 construct Actor kNormalForward 1099545182208
I1013 11:23:48.991945 37607 thread.cpp:96] Thread 524293 construct Actor kNormalForward 1099522113536
I1013 11:23:48.991988 37609 naive_actor.cpp:25] actor 1099526307840 switch to &NaiveActor::HandlerNormal
I1013 11:23:48.994395 37609 thread.cpp:96] Thread 524295 construct Actor kNormalForward 1099526307840
I1013 11:23:48.992017 37622 naive_actor.cpp:25] actor 1099553570816 switch to &NaiveActor::HandlerNormal
I1013 11:23:48.991576 37624 runtime_context.cpp:29] DecreaseCounter constructing_actor_cnt, current val is 386
I1013 11:23:48.992069 37606 naive_actor.cpp:25] actor 1099520016384 switch to &NaiveActor::HandlerNormal
I1013 11:23:48.992125 37627 runtime_context.cpp:29] DecreaseCounter constructing_actor_cnt, current val is 385
I1013 11:23:48.992152 37620 naive_actor.cpp:25] actor 1099549376512 switch to &NaiveActor::HandlerNormal
I1013 11:23:48.994829 37620 thread.cpp:96] Thread 524306 construct Actor kForeignInput 1099549376512
I1013 11:23:48.992224 37615 thread.cpp:96] Thread 524301 construct Actor kNormalForward 1099538890752
I1013 11:23:48.992319 37623 thread.cpp:96] Thread 524309 construct Actor kForeignInput 1099555667968
I1013 11:23:48.995002 37603 naive_actor.cpp:25] actor 1099513724928 switch to &NaiveActor::HandlerNormal
I1013 11:23:48.995077 37603 thread.cpp:96] Thread 524289 construct Actor kNormalForward 1099513724928
I1013 11:23:48.992511 37611 thread.cpp:96] Thread 524297 construct Actor kNormalForward 1099530502144
I1013 11:23:48.995194 37603 runtime_context.cpp:29] DecreaseCounter constructing_actor_cnt, current val is 371
I1013 11:23:48.992547 37604 naive_actor.cpp:25] actor 1099515822080 switch to &NaiveActor::HandlerNormal
I1013 11:23:48.995268 37604 thread.cpp:96] Thread 524290 construct Actor kNormalForward 1099515822080
I1013 11:23:48.992610 37617 naive_actor.cpp:25] actor 1099543085056 switch to &NaiveActor::HandlerNormal
I1013 11:23:48.992645 37633 runtime_context.cpp:29] DecreaseCounter constructing_actor_cnt, current val is 383
I1013 11:23:48.992707 37605 naive_actor.cpp:25] actor 1099517919232 switch to &NaiveActor::HandlerNormal
I1013 11:23:48.992717 37612 thread.cpp:96] Thread 524298 construct Actor kNormalForward 1099532599296
I1013 11:23:48.992761 37639 naive_actor.cpp:25] actor 2199023255569 switch to &NaiveActor::HandlerNormal
I1013 11:23:48.992796 37631 thread.cpp:96] Thread 524337 construct Actor kTick 1099614388238
I1013 11:23:48.992921 37610 naive_actor.cpp:25] actor 1099528404992 switch to &NaiveActor::HandlerNormal
I1013 11:23:48.995788 37631 runtime_context.cpp:29] DecreaseCounter constructing_actor_cnt, current val is 367
I1013 11:23:48.993016 37608 naive_actor.cpp:25] actor 1099524210688 switch to &NaiveActor::HandlerNormal
I1013 11:23:48.995920 37608 thread.cpp:96] Thread 524294 construct Actor kNormalForward 1099524210688
I1013 11:23:48.993819 37625 runtime_context.cpp:29] DecreaseCounter constructing_actor_cnt, current val is 381
I1013 11:23:48.991809 37629 naive_actor.cpp:25] actor 1099568250880 switch to &NaiveActor::HandlerNormal
I1013 11:23:48.996161 37629 thread.cpp:96] Thread 524315 construct Actor kNormalForward 1099568250880
I1013 11:23:48.994134 37626 runtime_context.cpp:29] DecreaseCounter constructing_actor_cnt, current val is 378
I1013 11:23:48.991892 37614 thread.cpp:96] Thread 524300 construct Actor kNormalForward 1099536793600
I1013 11:23:48.994297 37618 runtime_context.cpp:29] DecreaseCounter constructing_actor_cnt, current val is 377
I1013 11:23:48.996418 37614 runtime_context.cpp:29] DecreaseCounter constructing_actor_cnt, current val is 364
I1013 11:23:48.994361 37607 runtime_context.cpp:29] DecreaseCounter constructing_actor_cnt, current val is 376
I1013 11:23:48.994477 37622 thread.cpp:96] Thread 524308 construct Actor kNormalForward 1099553570816
I1013 11:23:48.994496 37609 runtime_context.cpp:29] DecreaseCounter constructing_actor_cnt, current val is 375
I1013 11:23:48.996630 37622 runtime_context.cpp:29] DecreaseCounter constructing_actor_cnt, current val is 363
I1013 11:23:48.994693 37606 thread.cpp:96] Thread 524292 construct Actor kNormalForward 1099520016384
I1013 11:23:48.992175 37619 naive_actor.cpp:25] actor 1099547279360 switch to &NaiveActor::HandlerNormal
I1013 11:23:48.996757 37606 runtime_context.cpp:29] DecreaseCounter constructing_actor_cnt, current val is 362
I1013 11:23:48.996778 37619 thread.cpp:96] Thread 524305 construct Actor kNormalForward 1099547279360
I1013 11:23:48.994974 37615 runtime_context.cpp:29] DecreaseCounter constructing_actor_cnt, current val is 373
I1013 11:23:48.996865 37619 runtime_context.cpp:29] DecreaseCounter constructing_actor_cnt, current val is 361
I1013 11:23:48.991633 37644 naive_actor.cpp:25] actor 2199027449857 switch to &NaiveActor::HandlerNormal
I1013 11:23:48.996973 37644 thread.cpp:96] Thread 1048578 construct Actor kCopyHd 2199027449857
I1013 11:23:48.995045 37623 runtime_context.cpp:29] DecreaseCounter constructing_actor_cnt, current val is 372
I1013 11:23:48.992471 37630 runtime_context.cpp:29] DecreaseCounter constructing_actor_cnt, current val is 384
I1013 11:23:48.995337 37617 thread.cpp:96] Thread 524303 construct Actor kNormalForward 1099543085056
I1013 11:23:48.995350 37604 runtime_context.cpp:29] DecreaseCounter constructing_actor_cnt, current val is 369
I1013 11:23:48.997196 37617 runtime_context.cpp:29] DecreaseCounter constructing_actor_cnt, current val is 359
I1013 11:23:48.995466 37605 thread.cpp:96] Thread 524291 construct Actor kNormalForward 1099517919232
I1013 11:23:48.995640 37639 thread.cpp:96] Thread 1048576 construct Actor kNormalForward 2199023255569
I1013 11:23:48.995671 37612 runtime_context.cpp:29] DecreaseCounter constructing_actor_cnt, current val is 368
I1013 11:23:48.997386 37639 runtime_context.cpp:29] DecreaseCounter constructing_actor_cnt, current val is 357
I1013 11:23:48.995815 37610 thread.cpp:96] Thread 524296 construct Actor kNormalForward 1099528404992
I1013 11:23:48.991727 37628 naive_actor.cpp:25] actor 1099566153728 switch to &NaiveActor::HandlerNormal
I1013 11:23:48.993404 37621 runtime_context.cpp:29] DecreaseCounter constructing_actor_cnt, current val is 382
I1013 11:23:48.996029 37608 runtime_context.cpp:29] DecreaseCounter constructing_actor_cnt, current val is 366
I1013 11:23:48.991567 37642 naive_actor.cpp:25] actor 2199025352704 switch to &NaiveActor::HandlerNormal
I1013 11:23:48.997900 37642 thread.cpp:96] Thread 1048577 construct Actor kSliceBoxing 2199025352704
I1013 11:23:48.996239 37631 naive_actor.cpp:25] actor 1099614388227 switch to &NaiveActor::HandlerNormal
I1013 11:23:48.998019 37631 thread.cpp:96] Thread 524337 construct Actor kSrcSubsetTick 1099614388227
I1013 11:23:48.994953 37620 runtime_context.cpp:29] DecreaseCounter constructing_actor_cnt, current val is 374
I1013 11:23:48.994982 37602 naive_actor.cpp:25] actor 1099511627776 switch to &NaiveActor::HandlerNormal
I1013 11:23:48.998237 37602 thread.cpp:96] Thread 524288 construct Actor kNormalForward 1099511627776
I1013 11:23:48.997037 37644 runtime_context.cpp:29] DecreaseCounter constructing_actor_cnt, current val is 360
I1013 11:23:48.998293 37639 naive_actor.cpp:25] actor 2199023255565 switch to &NaiveActor::HandlerNormal
I1013 11:23:48.995234 37611 runtime_context.cpp:29] DecreaseCounter constructing_actor_cnt, current val is 370
I1013 11:23:48.997588 37610 runtime_context.cpp:29] DecreaseCounter constructing_actor_cnt, current val is 356
I1013 11:23:48.997615 37628 thread.cpp:96] Thread 524314 construct Actor kNormalForward 1099566153728
I1013 11:23:48.997956 37642 runtime_context.cpp:29] DecreaseCounter constructing_actor_cnt, current val is 355
I1013 11:23:48.996249 37629 runtime_context.cpp:29] DecreaseCounter constructing_actor_cnt, current val is 365
I1013 11:23:48.998544 37628 runtime_context.cpp:29] DecreaseCounter constructing_actor_cnt, current val is 352
I1013 11:23:48.998328 37602 runtime_context.cpp:29] DecreaseCounter constructing_actor_cnt, current val is 353
I1013 11:23:48.997364 37605 runtime_context.cpp:29] DecreaseCounter constructing_actor_cnt, current val is 358
I1013 11:23:48.998360 37639 thread.cpp:96] Thread 1048576 construct Actor kNormalForward 2199023255565
I1013 11:23:48.998478 37644 naive_actor.cpp:25] actor 2199027449858 switch to &NaiveActor::HandlerNormal
I1013 11:23:48.998129 37631 runtime_context.cpp:29] DecreaseCounter constructing_actor_cnt, current val is 354
I1013 11:23:48.998908 37644 thread.cpp:96] Thread 1048578 construct Actor kCopyHd 2199027449858
I1013 11:23:48.998873 37639 runtime_context.cpp:29] DecreaseCounter constructing_actor_cnt, current val is 351
I1013 11:23:48.998697 37642 naive_actor.cpp:25] actor 2199025352707 switch to &NaiveActor::HandlerNormal
I1013 11:23:48.999042 37644 runtime_context.cpp:29] DecreaseCounter constructing_actor_cnt, current val is 350
I1013 11:23:48.999053 37642 thread.cpp:96] Thread 1048577 construct Actor kSliceBoxing 2199025352707
I1013 11:23:48.999131 37642 runtime_context.cpp:29] DecreaseCounter constructing_actor_cnt, current val is 349
I1013 11:23:48.999233 37644 naive_actor.cpp:25] actor 2199027449856 switch to &NaiveActor::HandlerNormal
I1013 11:23:48.999239 37642 naive_actor.cpp:25] actor 2199025352708 switch to &NaiveActor::HandlerNormal
I1013 11:23:48.999297 37644 thread.cpp:96] Thread 1048578 construct Actor kCopyHd 2199027449856
I1013 11:23:48.999320 37642 thread.cpp:96] Thread 1048577 construct Actor kCopyHd 2199025352708
I1013 11:23:48.999368 37642 runtime_context.cpp:29] DecreaseCounter constructing_actor_cnt, current val is 348
I1013 11:23:48.999372 37644 runtime_context.cpp:29] DecreaseCounter constructing_actor_cnt, current val is 347
I1013 11:23:48.999399 37639 naive_actor.cpp:25] actor 2199023255573 switch to &NaiveActor::HandlerNormal
I1013 11:23:48.999421 37631 naive_actor.cpp:25] actor 1099614388231 switch to &NaiveActor::HandlerNormal
I1013 11:23:48.999536 37639 thread.cpp:96] Thread 1048576 construct Actor kNormalForward 2199023255573
I1013 11:23:48.999567 37642 naive_actor.cpp:25] actor 2199025352705 switch to &NaiveActor::HandlerNormal
I1013 11:23:48.999568 37631 thread.cpp:96] Thread 524337 construct Actor kDstSubsetTick 1099614388231
I1013 11:23:48.999614 37642 thread.cpp:96] Thread 1048577 construct Actor kSliceBoxing 2199025352705
I1013 11:23:48.999651 37639 runtime_context.cpp:29] DecreaseCounter constructing_actor_cnt, current val is 346
I1013 11:23:48.999663 37642 runtime_context.cpp:29] DecreaseCounter constructing_actor_cnt, current val is 345
I1013 11:23:48.999687 37631 runtime_context.cpp:29] DecreaseCounter constructing_actor_cnt, current val is 344
I1013 11:23:48.999933 37642 naive_actor.cpp:25] actor 2199025352706 switch to &NaiveActor::HandlerNormal
I1013 11:23:48.999965 37642 thread.cpp:96] Thread 1048577 construct Actor kSliceBoxing 2199025352706
I1013 11:23:48.999990 37642 runtime_context.cpp:29] DecreaseCounter constructing_actor_cnt, current val is 343
I1013 11:23:49.000066 37642 naive_actor.cpp:25] actor 2199025352709 switch to &NaiveActor::HandlerNormal
I1013 11:23:49.000094 37642 thread.cpp:96] Thread 1048577 construct Actor kCopyHd 2199025352709
I1013 11:23:49.000115 37642 runtime_context.cpp:29] DecreaseCounter constructing_actor_cnt, current val is 342
I1013 11:23:49.000144 37639 naive_actor.cpp:25] actor 2199023255583 switch to &NaiveActor::HandlerNormal
I1013 11:23:49.000197 37639 thread.cpp:96] Thread 1048576 construct Actor kNormalForward 2199023255583
I1013 11:23:49.000206 37642 naive_actor.cpp:25] actor 2199025352710 switch to &NaiveActor::HandlerNormal
I1013 11:23:49.000200 37631 naive_actor.cpp:25] actor 1099614388234 switch to &NaiveActor::HandlerNormal
I1013 11:23:49.000258 37642 thread.cpp:96] Thread 1048577 construct Actor kCopyHd 2199025352710
I1013 11:23:49.000285 37639 runtime_context.cpp:29] DecreaseCounter constructing_actor_cnt, current val is 341
I1013 11:23:49.000286 37631 thread.cpp:96] Thread 524337 construct Actor kTick 1099614388234
I1013 11:23:49.000304 37642 runtime_context.cpp:29] DecreaseCounter constructing_actor_cnt, current val is 340
I1013 11:23:49.000371 37631 runtime_context.cpp:29] DecreaseCounter constructing_actor_cnt, current val is 339
I1013 11:23:49.000627 37639 naive_actor.cpp:25] actor 2199023255557 switch to &NaiveActor::HandlerNormal
I1013 11:23:49.000681 37639 thread.cpp:96] Thread 1048576 construct Actor kNormalForward 2199023255557
I1013 11:23:49.000689 37631 naive_actor.cpp:25] actor 1099614388241 switch to &NaiveActor::HandlerNormal
I1013 11:23:49.000739 37631 thread.cpp:96] Thread 524337 construct Actor kTick 1099614388241
I1013 11:23:49.000756 37639 runtime_context.cpp:29] DecreaseCounter constructing_actor_cnt, current val is 338
I1013 11:23:49.000792 37631 runtime_context.cpp:29] DecreaseCounter constructing_actor_cnt, current val is 337
I1013 11:23:49.001092 37631 naive_actor.cpp:25] actor 1099614388240 switch to &NaiveActor::HandlerNormal
I1013 11:23:49.001143 37631 thread.cpp:96] Thread 524337 construct Actor kTick 1099614388240
I1013 11:23:49.001197 37631 runtime_context.cpp:29] DecreaseCounter constructing_actor_cnt, current val is 336
I1013 11:23:49.001497 37631 naive_actor.cpp:25] actor 1099614388230 switch to &NaiveActor::HandlerNormal
I1013 11:23:49.001546 37631 thread.cpp:96] Thread 524337 construct Actor kTick 1099614388230
I1013 11:23:49.001600 37631 runtime_context.cpp:29] DecreaseCounter constructing_actor_cnt, current val is 335
I1013 11:23:49.001650 37639 naive_actor.cpp:25] actor 2199023255559 switch to &NaiveActor::HandlerNormal
I1013 11:23:49.001705 37639 thread.cpp:96] Thread 1048576 construct Actor kNormalForward 2199023255559
I1013 11:23:49.001783 37639 runtime_context.cpp:29] DecreaseCounter constructing_actor_cnt, current val is 334
I1013 11:23:49.001909 37631 naive_actor.cpp:25] actor 1099614388310 switch to &NaiveActor::HandlerNormal
I1013 11:23:49.001958 37631 thread.cpp:96] Thread 524337 construct Actor kTick 1099614388310
I1013 11:23:49.002012 37631 runtime_context.cpp:29] DecreaseCounter constructing_actor_cnt, current val is 333
I1013 11:23:49.002305 37631 naive_actor.cpp:25] actor 1099614388236 switch to &NaiveActor::HandlerNormal
I1013 11:23:49.002403 37631 thread.cpp:96] Thread 524337 construct Actor kSrcSubsetTick 1099614388236
I1013 11:23:49.002496 37631 runtime_context.cpp:29] DecreaseCounter constructing_actor_cnt, current val is 332
I1013 11:23:49.002761 37639 naive_actor.cpp:25] actor 2199023255579 switch to &NaiveActor::HandlerNormal
I1013 11:23:49.002805 37631 naive_actor.cpp:25] actor 1099614388224 switch to &NaiveActor::HandlerNormal
I1013 11:23:49.002868 37639 thread.cpp:96] Thread 1048576 construct Actor kNormalForward 2199023255579
I1013 11:23:49.002900 37631 thread.cpp:96] Thread 524337 construct Actor kDeviceTick 1099614388224
I1013 11:23:49.002971 37639 runtime_context.cpp:29] DecreaseCounter constructing_actor_cnt, current val is 331
I1013 11:23:49.002979 37631 runtime_context.cpp:29] DecreaseCounter constructing_actor_cnt, current val is 330
I1013 11:23:49.003304 37631 naive_actor.cpp:25] actor 1099614388226 switch to &NaiveActor::HandlerNormal
I1013 11:23:49.003352 37631 thread.cpp:96] Thread 524337 construct Actor kDeviceTick 1099614388226
I1013 11:23:49.003417 37631 runtime_context.cpp:29] DecreaseCounter constructing_actor_cnt, current val is 329
I1013 11:23:49.003715 37631 naive_actor.cpp:25] actor 1099614388239 switch to &NaiveActor::HandlerNormal
I1013 11:23:49.003770 37639 naive_actor.cpp:25] actor 2199023255555 switch to &NaiveActor::HandlerNormal
I1013 11:23:49.003772 37631 thread.cpp:96] Thread 524337 construct Actor kDstSubsetTick 1099614388239
I1013 11:23:49.003808 37639 thread.cpp:96] Thread 1048576 construct Actor kNormalForward 2199023255555
I1013 11:23:49.003870 37631 runtime_context.cpp:29] DecreaseCounter constructing_actor_cnt, current val is 328
I1013 11:23:49.003890 37639 runtime_context.cpp:29] DecreaseCounter constructing_actor_cnt, current val is 327
I1013 11:23:49.004146 37631 naive_actor.cpp:25] actor 1099614388225 switch to &NaiveActor::HandlerNormal
I1013 11:23:49.004195 37631 thread.cpp:96] Thread 524337 construct Actor kDeviceTick 1099614388225
I1013 11:23:49.004257 37631 runtime_context.cpp:29] DecreaseCounter constructing_actor_cnt, current val is 326
I1013 11:23:49.004563 37631 naive_actor.cpp:25] actor 1099614388233 switch to &NaiveActor::HandlerNormal
I1013 11:23:49.004612 37631 thread.cpp:96] Thread 524337 construct Actor kTick 1099614388233
I1013 11:23:49.004654 37639 naive_actor.cpp:25] actor 2199023255602 switch to &NaiveActor::HandlerNormal
I1013 11:23:49.004675 37631 runtime_context.cpp:29] DecreaseCounter constructing_actor_cnt, current val is 325
I1013 11:23:49.004686 37639 thread.cpp:96] Thread 1048576 construct Actor kNormalForward 2199023255602
I1013 11:23:49.004761 37639 runtime_context.cpp:29] DecreaseCounter constructing_actor_cnt, current val is 324
I1013 11:23:49.004968 37631 naive_actor.cpp:25] actor 1099614388232 switch to &NaiveActor::HandlerNormal
I1013 11:23:49.005017 37631 thread.cpp:96] Thread 524337 construct Actor kTick 1099614388232
I1013 11:23:49.005053 37639 naive_actor.cpp:25] actor 2199023255553 switch to &NaiveActor::HandlerNormal
I1013 11:23:49.005069 37631 runtime_context.cpp:29] DecreaseCounter constructing_actor_cnt, current val is 323
I1013 11:23:49.005089 37639 thread.cpp:96] Thread 1048576 construct Actor kNormalForward 2199023255553
I1013 11:23:49.005158 37639 runtime_context.cpp:29] DecreaseCounter constructing_actor_cnt, current val is 322
I1013 11:23:49.005360 37631 naive_actor.cpp:25] actor 1099614388311 switch to &NaiveActor::HandlerNormal
I1013 11:23:49.005409 37631 thread.cpp:96] Thread 524337 construct Actor kTick 1099614388311
I1013 11:23:49.005492 37631 runtime_context.cpp:29] DecreaseCounter constructing_actor_cnt, current val is 321
I1013 11:23:49.005785 37631 naive_actor.cpp:25] actor 1099614388242 switch to &NaiveActor::HandlerNormal
I1013 11:23:49.005834 37631 thread.cpp:96] Thread 524337 construct Actor kTick 1099614388242
I1013 11:23:49.005887 37631 runtime_context.cpp:29] DecreaseCounter constructing_actor_cnt, current val is 320
I1013 11:23:49.006039 37639 naive_actor.cpp:25] actor 2199023255554 switch to &NaiveActor::HandlerNormal
I1013 11:23:49.006088 37639 thread.cpp:96] Thread 1048576 construct Actor kNormalForward 2199023255554
I1013 11:23:49.006160 37639 runtime_context.cpp:29] DecreaseCounter constructing_actor_cnt, current val is 319
I1013 11:23:49.006255 37631 naive_actor.cpp:25] actor 1099614388248 switch to &NaiveActor::HandlerNormal
I1013 11:23:49.006400 37631 thread.cpp:96] Thread 524337 construct Actor kDstSubsetTick 1099614388248
I1013 11:23:49.006495 37631 runtime_context.cpp:29] DecreaseCounter constructing_actor_cnt, current val is 318
I1013 11:23:49.006944 37639 naive_actor.cpp:25] actor 2199023255600 switch to &NaiveActor::HandlerNormal
I1013 11:23:49.006994 37639 thread.cpp:96] Thread 1048576 construct Actor kNormalForward 2199023255600
I1013 11:23:49.007030 37631 esac_actor.cpp:73] actor 1099614388315 switch to &EsacActor::HandlerNormal
I1013 11:23:49.007062 37639 runtime_context.cpp:29] DecreaseCounter constructing_actor_cnt, current val is 317
I1013 11:23:49.007063 37631 thread.cpp:96] Thread 524337 construct Actor kEsac 1099614388315
I1013 11:23:49.007162 37631 runtime_context.cpp:29] DecreaseCounter constructing_actor_cnt, current val is 316
I1013 11:23:49.007344 37639 naive_actor.cpp:25] actor 2199023255578 switch to &NaiveActor::HandlerNormal
I1013 11:23:49.007390 37639 thread.cpp:96] Thread 1048576 construct Actor kNormalForward 2199023255578
I1013 11:23:49.007463 37639 runtime_context.cpp:29] DecreaseCounter constructing_actor_cnt, current val is 315
I1013 11:23:49.007496 37631 naive_actor.cpp:25] actor 1099614388244 switch to &NaiveActor::HandlerNormal
I1013 11:23:49.007544 37631 thread.cpp:96] Thread 524337 construct Actor kSrcSubsetTick 1099614388244
I1013 11:23:49.007597 37631 runtime_context.cpp:29] DecreaseCounter constructing_actor_cnt, current val is 314
I1013 11:23:49.007905 37631 naive_actor.cpp:25] actor 1099614388247 switch to &NaiveActor::HandlerNormal
I1013 11:23:49.007956 37631 thread.cpp:96] Thread 524337 construct Actor kTick 1099614388247
I1013 11:23:49.008009 37631 runtime_context.cpp:29] DecreaseCounter constructing_actor_cnt, current val is 313
I1013 11:23:49.008119 37639 naive_actor.cpp:25] actor 2199023255580 switch to &NaiveActor::HandlerNormal
I1013 11:23:49.008167 37639 thread.cpp:96] Thread 1048576 construct Actor kNormalForward 2199023255580
I1013 11:23:49.008234 37639 runtime_context.cpp:29] DecreaseCounter constructing_actor_cnt, current val is 312
I1013 11:23:49.008299 37631 naive_actor.cpp:25] actor 1099614388243 switch to &NaiveActor::HandlerNormal
I1013 11:23:49.008347 37631 thread.cpp:96] Thread 524337 construct Actor kDeviceTick 1099614388243
I1013 11:23:49.008409 37631 runtime_context.cpp:29] DecreaseCounter constructing_actor_cnt, current val is 311
I1013 11:23:49.008706 37631 naive_actor.cpp:25] actor 1099614388249 switch to &NaiveActor::HandlerNormal
I1013 11:23:49.008755 37631 thread.cpp:96] Thread 524337 construct Actor kTick 1099614388249
I1013 11:23:49.008808 37631 runtime_context.cpp:29] DecreaseCounter constructing_actor_cnt, current val is 310
I1013 11:23:49.008893 37639 naive_actor.cpp:25] actor 2199023255585 switch to &NaiveActor::HandlerNormal
I1013 11:23:49.008939 37639 thread.cpp:96] Thread 1048576 construct Actor kNormalForward 2199023255585
I1013 11:23:49.008994 37639 runtime_context.cpp:29] DecreaseCounter constructing_actor_cnt, current val is 309
I1013 11:23:49.009105 37631 naive_actor.cpp:25] actor 1099614388250 switch to &NaiveActor::HandlerNormal
I1013 11:23:49.009152 37631 thread.cpp:96] Thread 524337 construct Actor kTick 1099614388250
I1013 11:23:49.009204 37631 runtime_context.cpp:29] DecreaseCounter constructing_actor_cnt, current val is 308
I1013 11:23:49.009289 37639 naive_actor.cpp:25] actor 2199023255568 switch to &NaiveActor::HandlerNormal
I1013 11:23:49.009333 37639 thread.cpp:96] Thread 1048576 construct Actor kNormalForward 2199023255568
I1013 11:23:49.009385 37639 runtime_context.cpp:29] DecreaseCounter constructing_actor_cnt, current val is 307
I1013 11:23:49.009534 37631 naive_actor.cpp:25] actor 1099614388251 switch to &NaiveActor::HandlerNormal
I1013 11:23:49.009582 37631 thread.cpp:96] Thread 524337 construct Actor kTick 1099614388251
I1013 11:23:49.009644 37631 runtime_context.cpp:29] DecreaseCounter constructing_actor_cnt, current val is 306
I1013 11:23:49.009944 37631 naive_actor.cpp:25] actor 1099614388252 switch to &NaiveActor::HandlerNormal
I1013 11:23:49.010025 37631 thread.cpp:96] Thread 524337 construct Actor kDeviceTick 1099614388252
I1013 11:23:49.010087 37631 runtime_context.cpp:29] DecreaseCounter constructing_actor_cnt, current val is 305
I1013 11:23:49.010172 37639 naive_actor.cpp:25] actor 2199023255627 switch to &NaiveActor::HandlerNormal
I1013 11:23:49.010218 37639 thread.cpp:96] Thread 1048576 construct Actor kNormalForward 2199023255627
I1013 11:23:49.010279 37639 runtime_context.cpp:29] DecreaseCounter constructing_actor_cnt, current val is 304
I1013 11:23:49.010386 37631 naive_actor.cpp:25] actor 1099614388314 switch to &NaiveActor::HandlerNormal
I1013 11:23:49.010435 37631 thread.cpp:96] Thread 524337 construct Actor kTick 1099614388314
I1013 11:23:49.010496 37631 runtime_context.cpp:29] DecreaseCounter constructing_actor_cnt, current val is 303
I1013 11:23:49.010782 37631 naive_actor.cpp:25] actor 1099614388256 switch to &NaiveActor::HandlerNormal
I1013 11:23:49.010826 37631 thread.cpp:96] Thread 524337 construct Actor kTick 1099614388256
I1013 11:23:49.010885 37631 runtime_context.cpp:29] DecreaseCounter constructing_actor_cnt, current val is 302
I1013 11:23:49.011154 37631 naive_actor.cpp:25] actor 1099614388253 switch to &NaiveActor::HandlerNormal
I1013 11:23:49.011200 37631 thread.cpp:96] Thread 524337 construct Actor kSrcSubsetTick 1099614388253
I1013 11:23:49.011248 37631 runtime_context.cpp:29] DecreaseCounter constructing_actor_cnt, current val is 301
I1013 11:23:49.011404 37639 naive_actor.cpp:25] actor 2199023255552 switch to &NaiveActor::HandlerNormal
I1013 11:23:49.011472 37639 thread.cpp:96] Thread 1048576 construct Actor kNormalForward 2199023255552
I1013 11:23:49.011561 37639 runtime_context.cpp:29] DecreaseCounter constructing_actor_cnt, current val is 300
I1013 11:23:49.011611 37631 naive_actor.cpp:25] actor 1099614388257 switch to &NaiveActor::HandlerNormal
I1013 11:23:49.011657 37631 thread.cpp:96] Thread 524337 construct Actor kDstSubsetTick 1099614388257
I1013 11:23:49.011726 37631 runtime_context.cpp:29] DecreaseCounter constructing_actor_cnt, current val is 299
I1013 11:23:49.011847 37639 naive_actor.cpp:25] actor 2199023255576 switch to &NaiveActor::HandlerNormal
I1013 11:23:49.011893 37639 thread.cpp:96] Thread 1048576 construct Actor kNormalForward 2199023255576
I1013 11:23:49.011955 37639 runtime_context.cpp:29] DecreaseCounter constructing_actor_cnt, current val is 298
I1013 11:23:49.012022 37631 naive_actor.cpp:25] actor 1099614388259 switch to &NaiveActor::HandlerNormal
I1013 11:23:49.012066 37631 thread.cpp:96] Thread 524337 construct Actor kTick 1099614388259
I1013 11:23:49.012125 37631 runtime_context.cpp:29] DecreaseCounter constructing_actor_cnt, current val is 297
I1013 11:23:49.012403 37631 naive_actor.cpp:25] actor 1099614388258 switch to &NaiveActor::HandlerNormal
I1013 11:23:49.012467 37631 thread.cpp:96] Thread 524337 construct Actor kTick 1099614388258
I1013 11:23:49.012529 37631 runtime_context.cpp:29] DecreaseCounter constructing_actor_cnt, current val is 296
I1013 11:23:49.012821 37631 naive_actor.cpp:25] actor 1099614388260 switch to &NaiveActor::HandlerNormal
I1013 11:23:49.012840 37639 naive_actor.cpp:25] actor 2199023255582 switch to &NaiveActor::HandlerNormal
I1013 11:23:49.012872 37631 thread.cpp:96] Thread 524337 construct Actor kTick 1099614388260
I1013 11:23:49.012898 37639 thread.cpp:96] Thread 1048576 construct Actor kNormalForward 2199023255582
I1013 11:23:49.012953 37631 runtime_context.cpp:29] DecreaseCounter constructing_actor_cnt, current val is 295
I1013 11:23:49.012977 37639 runtime_context.cpp:29] DecreaseCounter constructing_actor_cnt, current val is 294
I1013 11:23:49.013278 37631 naive_actor.cpp:25] actor 1099614388266 switch to &NaiveActor::HandlerNormal
I1013 11:23:49.013327 37631 thread.cpp:96] Thread 524337 construct Actor kDstSubsetTick 1099614388266
I1013 11:23:49.013382 37631 runtime_context.cpp:29] DecreaseCounter constructing_actor_cnt, current val is 293
I1013 11:23:49.013655 37639 naive_actor.cpp:25] actor 2199023255575 switch to &NaiveActor::HandlerNormal
I1013 11:23:49.013669 37631 naive_actor.cpp:25] actor 1099614388261 switch to &NaiveActor::HandlerNormal
I1013 11:23:49.013794 37639 thread.cpp:96] Thread 1048576 construct Actor kNormalForward 2199023255575
I1013 11:23:49.013821 37631 thread.cpp:96] Thread 524337 construct Actor kDeviceTick 1099614388261
I1013 11:23:49.013887 37639 runtime_context.cpp:29] DecreaseCounter constructing_actor_cnt, current val is 292
I1013 11:23:49.013895 37631 runtime_context.cpp:29] DecreaseCounter constructing_actor_cnt, current val is 291
I1013 11:23:49.014184 37631 naive_actor.cpp:25] actor 1099614388309 switch to &NaiveActor::HandlerNormal
I1013 11:23:49.014237 37631 thread.cpp:96] Thread 524337 construct Actor kTick 1099614388309
I1013 11:23:49.014286 37631 runtime_context.cpp:29] DecreaseCounter constructing_actor_cnt, current val is 290
I1013 11:23:49.014555 37631 naive_actor.cpp:25] actor 1099614388262 switch to &NaiveActor::HandlerNormal
I1013 11:23:49.014601 37631 thread.cpp:96] Thread 524337 construct Actor kSrcSubsetTick 1099614388262
I1013 11:23:49.014652 37631 runtime_context.cpp:29] DecreaseCounter constructing_actor_cnt, current val is 289
I1013 11:23:49.014737 37639 naive_actor.cpp:25] actor 2199023255574 switch to &NaiveActor::HandlerNormal
I1013 11:23:49.014784 37639 thread.cpp:96] Thread 1048576 construct Actor kNormalForward 2199023255574
I1013 11:23:49.014844 37639 runtime_context.cpp:29] DecreaseCounter constructing_actor_cnt, current val is 288
I1013 11:23:49.014946 37631 naive_actor.cpp:25] actor 1099614388265 switch to &NaiveActor::HandlerNormal
I1013 11:23:49.014991 37631 thread.cpp:96] Thread 524337 construct Actor kTick 1099614388265
I1013 11:23:49.015039 37631 runtime_context.cpp:29] DecreaseCounter constructing_actor_cnt, current val is 287
I1013 11:23:49.015311 37631 naive_actor.cpp:25] actor 1099614388267 switch to &NaiveActor::HandlerNormal
I1013 11:23:49.015357 37631 thread.cpp:96] Thread 524337 construct Actor kTick 1099614388267
I1013 11:23:49.015405 37631 runtime_context.cpp:29] DecreaseCounter constructing_actor_cnt, current val is 286
I1013 11:23:49.015637 37639 naive_actor.cpp:25] actor 2199023255560 switch to &NaiveActor::HandlerNormal
I1013 11:23:49.015686 37639 thread.cpp:96] Thread 1048576 construct Actor kNormalForward 2199023255560
I1013 11:23:49.015702 37631 naive_actor.cpp:25] actor 1099614388268 switch to &NaiveActor::HandlerNormal
I1013 11:23:49.015738 37631 thread.cpp:96] Thread 524337 construct Actor kTick 1099614388268
I1013 11:23:49.015754 37639 runtime_context.cpp:29] DecreaseCounter constructing_actor_cnt, current val is 285
I1013 11:23:49.015784 37631 runtime_context.cpp:29] DecreaseCounter constructing_actor_cnt, current val is 284
I1013 11:23:49.016139 37631 esac_actor.cpp:73] actor 1099614388323 switch to &EsacActor::HandlerNormal
I1013 11:23:49.016187 37631 thread.cpp:96] Thread 524337 construct Actor kEsac 1099614388323
I1013 11:23:49.016259 37631 runtime_context.cpp:29] DecreaseCounter constructing_actor_cnt, current val is 283
I1013 11:23:49.016556 37631 naive_actor.cpp:25] actor 1099614388284 switch to &NaiveActor::HandlerNormal
I1013 11:23:49.016563 37639 naive_actor.cpp:25] actor 2199023255558 switch to &NaiveActor::HandlerNormal
I1013 11:23:49.016604 37631 thread.cpp:96] Thread 524337 construct Actor kTick 1099614388284
I1013 11:23:49.016630 37639 thread.cpp:96] Thread 1048576 construct Actor kNormalForward 2199023255558
I1013 11:23:49.016685 37631 runtime_context.cpp:29] DecreaseCounter constructing_actor_cnt, current val is 282
I1013 11:23:49.016706 37639 runtime_context.cpp:29] DecreaseCounter constructing_actor_cnt, current val is 281
I1013 11:23:49.016968 37631 naive_actor.cpp:25] actor 1099614388316 switch to &NaiveActor::HandlerNormal
I1013 11:23:49.017015 37631 thread.cpp:96] Thread 524337 construct Actor kTick 1099614388316
I1013 11:23:49.017067 37631 runtime_context.cpp:29] DecreaseCounter constructing_actor_cnt, current val is 280
I1013 11:23:49.017325 37631 naive_actor.cpp:25] actor 1099614388276 switch to &NaiveActor::HandlerNormal
I1013 11:23:49.017371 37631 thread.cpp:96] Thread 524337 construct Actor kTick 1099614388276
I1013 11:23:49.017477 37631 runtime_context.cpp:29] DecreaseCounter constructing_actor_cnt, current val is 279
I1013 11:23:49.017490 37639 naive_actor.cpp:25] actor 2199023255564 switch to &NaiveActor::HandlerNormal
I1013 11:23:49.017561 37639 thread.cpp:96] Thread 1048576 construct Actor kNormalForward 2199023255564
I1013 11:23:49.017632 37639 runtime_context.cpp:29] DecreaseCounter constructing_actor_cnt, current val is 278
I1013 11:23:49.017784 37631 naive_actor.cpp:25] actor 1099614388277 switch to &NaiveActor::HandlerNormal
I1013 11:23:49.017830 37631 thread.cpp:96] Thread 524337 construct Actor kTick 1099614388277
I1013 11:23:49.017891 37631 runtime_context.cpp:29] DecreaseCounter constructing_actor_cnt, current val is 277
I1013 11:23:49.018154 37631 naive_actor.cpp:25] actor 1099614388281 switch to &NaiveActor::HandlerNormal
I1013 11:23:49.018200 37631 thread.cpp:96] Thread 524337 construct Actor kTick 1099614388281
I1013 11:23:49.018258 37631 runtime_context.cpp:29] DecreaseCounter constructing_actor_cnt, current val is 276
I1013 11:23:49.018498 37639 naive_actor.cpp:25] actor 2199023255562 switch to &NaiveActor::HandlerNormal
I1013 11:23:49.018548 37639 thread.cpp:96] Thread 1048576 construct Actor kNormalForward 2199023255562
I1013 11:23:49.018550 37631 naive_actor.cpp:25] actor 1099614388279 switch to &NaiveActor::HandlerNormal
I1013 11:23:49.018621 37639 runtime_context.cpp:29] DecreaseCounter constructing_actor_cnt, current val is 275
I1013 11:23:49.018631 37631 thread.cpp:96] Thread 524337 construct Actor kSrcSubsetTick 1099614388279
I1013 11:23:49.018693 37631 runtime_context.cpp:29] DecreaseCounter constructing_actor_cnt, current val is 274
I1013 11:23:49.018970 37631 naive_actor.cpp:25] actor 1099614388269 switch to &NaiveActor::HandlerNormal
I1013 11:23:49.019017 37631 thread.cpp:96] Thread 524337 construct Actor kDeviceTick 1099614388269
I1013 11:23:49.019064 37631 runtime_context.cpp:29] DecreaseCounter constructing_actor_cnt, current val is 273
I1013 11:23:49.019323 37631 naive_actor.cpp:25] actor 1099614388275 switch to &NaiveActor::HandlerNormal
I1013 11:23:49.019371 37631 thread.cpp:96] Thread 524337 construct Actor kTick 1099614388275
I1013 11:23:49.019404 37639 naive_actor.cpp:25] actor 2199023255584 switch to &NaiveActor::HandlerNormal
I1013 11:23:49.019419 37631 runtime_context.cpp:29] DecreaseCounter constructing_actor_cnt, current val is 272
I1013 11:23:49.019450 37639 thread.cpp:96] Thread 1048576 construct Actor kNormalForward 2199023255584
I1013 11:23:49.019527 37639 runtime_context.cpp:29] DecreaseCounter constructing_actor_cnt, current val is 271
I1013 11:23:49.019762 37631 naive_actor.cpp:25] actor 1099614388274 switch to &NaiveActor::HandlerNormal
I1013 11:23:49.019811 37631 thread.cpp:96] Thread 524337 construct Actor kDstSubsetTick 1099614388274
I1013 11:23:49.019820 37639 naive_actor.cpp:25] actor 2199023255566 switch to &NaiveActor::HandlerNormal
I1013 11:23:49.019865 37639 thread.cpp:96] Thread 1048576 construct Actor kNormalForward 2199023255566
I1013 11:23:49.019881 37631 runtime_context.cpp:29] DecreaseCounter constructing_actor_cnt, current val is 270
I1013 11:23:49.019914 37639 runtime_context.cpp:29] DecreaseCounter constructing_actor_cnt, current val is 269
I1013 11:23:49.020121 37631 naive_actor.cpp:25] actor 1099614388283 switch to &NaiveActor::HandlerNormal
I1013 11:23:49.020165 37631 thread.cpp:96] Thread 524337 construct Actor kTick 1099614388283
I1013 11:23:49.020212 37631 runtime_context.cpp:29] DecreaseCounter constructing_actor_cnt, current val is 268
I1013 11:23:49.020473 37631 naive_actor.cpp:25] actor 1099614388270 switch to &NaiveActor::HandlerNormal
I1013 11:23:49.020515 37631 thread.cpp:96] Thread 524337 construct Actor kSrcSubsetTick 1099614388270
I1013 11:23:49.020560 37631 runtime_context.cpp:29] DecreaseCounter constructing_actor_cnt, current val is 267
I1013 11:23:49.020638 37639 naive_actor.cpp:25] actor 2199023255577 switch to &NaiveActor::HandlerNormal
I1013 11:23:49.020684 37639 thread.cpp:96] Thread 1048576 construct Actor kNormalForward 2199023255577
I1013 11:23:49.020833 37639 runtime_context.cpp:29] DecreaseCounter constructing_actor_cnt, current val is 266
I1013 11:23:49.020862 37631 naive_actor.cpp:25] actor 1099614388282 switch to &NaiveActor::HandlerNormal
I1013 11:23:49.020910 37631 thread.cpp:96] Thread 524337 construct Actor kDstSubsetTick 1099614388282
I1013 11:23:49.020970 37631 runtime_context.cpp:29] DecreaseCounter constructing_actor_cnt, current val is 265
I1013 11:23:49.021118 37639 naive_actor.cpp:25] actor 2199023255561 switch to &NaiveActor::HandlerNormal
I1013 11:23:49.021164 37639 thread.cpp:96] Thread 1048576 construct Actor kNormalForward 2199023255561
I1013 11:23:49.021217 37639 runtime_context.cpp:29] DecreaseCounter constructing_actor_cnt, current val is 264
