Log file created at: 2021/10/13 15:21:08
Running on machine: oneflow-14
Log line format: [IWEF]mmdd hh:mm:ss.uuuuuu threadid file:line] msg
I1013 15:21:08.349622 11780 global.h:36] NewGlobal 14cudaDeviceProp
I1013 15:21:08.350711 11780 global.h:36] NewGlobal N7oneflow7EnvDescE
I1013 15:21:08.350733 11780 global.h:36] NewGlobal N7oneflow10ProcessCtxE
I1013 15:21:08.350741 11780 env_global_objects_scope.cpp:152] using rpc backend: local
I1013 15:21:08.350805 11780 global.h:36] NewGlobal N7oneflow12ResourceDescE
I1013 15:21:08.350818 11780 global.h:36] NewGlobal N7oneflow12ResourceDescE
I1013 15:21:08.441736 11780 global.h:36] NewGlobal N7oneflow10ThreadPoolE
I1013 15:21:08.444077 11780 global.h:36] NewGlobal N7oneflow16EagerNcclCommMgrE
I1013 15:21:08.444103 11780 global.h:36] NewGlobal N7oneflow18CudnnConvAlgoCacheE
I1013 15:21:08.444113 11780 global.h:36] NewGlobal N7oneflow2vm19VirtualMachineScopeE
I1013 15:21:08.444123 11780 global.h:36] NewGlobal N7oneflow9OneflowVME
I1013 15:21:08.445104 11780 oneflow_vm.cpp:75] transport stream type: N7oneflow2vm13CpuStreamTypeE
I1013 15:21:08.445125 11780 oneflow_vm.cpp:75] transport stream type: N7oneflow2vm14CudaStreamTypeE
I1013 15:21:08.445134 11780 oneflow_vm.cpp:75] transport stream type: N7oneflow2vm19AsyncCudaStreamTypeE
I1013 15:21:08.445286 11780 global.h:36] NewGlobal N7oneflow27EagerJobBuildAndInferCtxMgrE
I1013 15:21:08.445303 11780 global.h:36] NewGlobal N7oneflow12EpollCommNetE
I1013 15:21:08.445457 11780 epoll_comm_network.cpp:63] CommNet:Epoll listening on 0.0.0.0:42933
I1013 15:21:08.445502 11780 epoll_comm_network.cpp:197] machine 0 sockfd -1
I1013 15:21:08.445639 11780 global.h:36] NewGlobal N7oneflow9TransportE
I1013 15:21:08.447382 11780 global.h:43] DeleteGlobal N7oneflow12ResourceDescE
I1013 15:21:08.447419 11780 version.cpp:22] OneFlow git version: b295ca2324
I1013 15:21:08.447438 11780 device_register_gpu.cpp:56] CUDA runtime version: 11.2
I1013 15:21:08.447463 11780 device_register_gpu.cpp:65] cuDNN version: 8.1.1
I1013 15:21:08.447476 11780 device_register_gpu.cpp:78] NCCL version: 2.9.8
I1013 15:21:08.447487 11780 global.h:36] NewGlobal N7oneflow12ResourceDescE
I1013 15:21:08.447497 11780 global.h:36] NewGlobal N7oneflow5IDMgrE
I1013 15:21:08.447506 11780 global.h:36] NewGlobal N7oneflow16AvailableMemDescE
I1013 15:21:08.447535 11780 global.h:36] NewGlobal St13unordered_mapISslSt4hashISsESt8equal_toISsESaISt4pairIKSslEEE
I1013 15:21:08.447546 11780 global.h:36] NewGlobal N7oneflow19CriticalSectionDescE
I1013 15:21:08.447553 11780 global.h:36] NewGlobal N7oneflow16InterUserJobInfoE
I1013 15:21:08.447563 11780 global.h:36] NewGlobal N7oneflow26LazyJobBuildAndInferCtxMgrE
I1013 15:21:08.447584 11780 global.h:36] NewGlobal N7oneflow16JobSetCompileCtxE
I1013 15:21:08.447594 11780 global.h:36] NewGlobal N7oneflow26RuntimeBufferManagersScopeE
I1013 15:21:08.447603 11780 global.h:36] NewGlobal N7oneflow9BufferMgrIlEE
I1013 15:21:08.447611 11780 global.h:36] NewGlobal N7oneflow9BufferMgrISt10shared_ptrINS_11JobInstanceEEEE
I1013 15:21:08.447620 11780 global.h:36] NewGlobal N7oneflow10RuntimeCtxE
I1013 15:21:08.447628 11780 global.h:36] NewGlobal N7oneflow15MemoryAllocatorE
I1013 15:21:08.447638 11780 global.h:36] NewGlobal N7oneflow8ChunkMgrE
I1013 15:21:08.447645 11780 global.h:36] NewGlobal N7oneflow8RegstMgrE
I1013 15:21:08.447654 11780 global.h:36] NewGlobal N7oneflow11ActorMsgBusE
I1013 15:21:08.447662 11780 global.h:36] NewGlobal N7oneflow9ThreadMgrE
I1013 15:21:08.447670 11780 global.h:36] NewGlobal N7oneflow15RuntimeJobDescsE
I1013 15:21:08.447679 11780 global.h:36] NewGlobal N7oneflow7summary12EventsWriterE
I1013 15:21:08.447690 11780 global.h:36] NewGlobal N7oneflow6boxing10collective24CollectiveBoxingExecutorE
I1013 15:21:08.447700 11780 global.h:36] NewGlobal N7oneflow6boxing10collective31CollectiveBoxingDeviceCtxPollerE
I1013 15:21:08.447852 11780 session.h:77] NewGlobal N7oneflow25SessionGlobalObjectsScopeE
I1013 15:21:08.448761 11780 global.h:36] NewGlobal N7oneflow7JobDescE
I1013 15:21:08.920459 11780 global.h:43] DeleteGlobal N7oneflow7JobDescE
I1013 15:21:08.920698 11780 global.h:36] NewGlobal N7oneflow7JobDescE
I1013 15:21:08.924340 11780 global.h:36] NewGlobal N7oneflow7OpGraphE
I1013 15:21:08.929061 11780 global.h:43] DeleteGlobal N7oneflow7OpGraphE
I1013 15:21:09.110635 11780 global.h:43] DeleteGlobal N7oneflow7JobDescE
I1013 15:21:09.126263 11780 global.h:36] NewGlobal N7oneflow24InterJobReuseMemStrategyE
I1013 15:21:09.126287 11780 global.h:36] NewGlobal N7oneflow7OneflowE
I1013 15:21:09.137790 11780 global.h:36] NewGlobal N7oneflow7JobDescE
I1013 15:21:09.337601 11780 global.h:36] NewGlobal N7oneflow7OpGraphE
I1013 15:21:09.415279 11780 global.h:43] DeleteGlobal N7oneflow7OpGraphE
I1013 15:21:09.424226 11780 oneflow.cpp:210] 
job_id: 0 , job_name: train_job , compile time: 0.286392 seconds.
I1013 15:21:09.475497 11780 global.h:43] DeleteGlobal N7oneflow7JobDescE
I1013 15:21:09.475903 11780 global.h:36] NewGlobal N7oneflow7JobDescE
I1013 15:21:09.522027 11780 global.h:36] NewGlobal N7oneflow7OpGraphE
I1013 15:21:09.539130 11780 global.h:43] DeleteGlobal N7oneflow7OpGraphE
I1013 15:21:09.545166 11780 oneflow.cpp:210] 
job_id: 1 , job_name: System-ModelInit , compile time: 0.0689961 seconds.
I1013 15:21:09.566709 11780 global.h:43] DeleteGlobal N7oneflow7JobDescE
I1013 15:21:09.566754 11780 global.h:36] NewGlobal N7oneflow7JobDescE
I1013 15:21:09.634443 11780 global.h:36] NewGlobal N7oneflow7OpGraphE
I1013 15:21:09.653878 11780 global.h:43] DeleteGlobal N7oneflow7OpGraphE
I1013 15:21:09.657795 11780 oneflow.cpp:210] 
job_id: 2 , job_name: System-ModelLoad , compile time: 0.0910088 seconds.
I1013 15:21:09.671871 11780 global.h:43] DeleteGlobal N7oneflow7JobDescE
I1013 15:21:09.671905 11780 global.h:36] NewGlobal N7oneflow7JobDescE
I1013 15:21:09.728422 11780 global.h:36] NewGlobal N7oneflow7OpGraphE
I1013 15:21:09.747380 11780 global.h:43] DeleteGlobal N7oneflow7OpGraphE
I1013 15:21:09.751508 11780 oneflow.cpp:210] 
job_id: 3 , job_name: System-ModelSave , compile time: 0.079583 seconds.
I1013 15:21:09.765837 11780 global.h:43] DeleteGlobal N7oneflow7JobDescE
I1013 15:21:09.765870 11780 global.h:36] NewGlobal N7oneflow7JobDescE
I1013 15:21:09.776190 11780 global.h:36] NewGlobal N7oneflow7OpGraphE
I1013 15:21:09.780529 11780 global.h:43] DeleteGlobal N7oneflow7OpGraphE
I1013 15:21:09.782150 11780 oneflow.cpp:210] 
job_id: 4 , job_name: System-Pull-Return_20 , compile time: 0.0162586 seconds.
I1013 15:21:09.786262 11780 global.h:43] DeleteGlobal N7oneflow7JobDescE
I1013 15:21:09.791076 11780 global.h:36] NewGlobal N7oneflow7JobDescE
I1013 15:21:09.791114 11780 global.h:36] NewGlobal N7oneflow7OpGraphE
I1013 15:21:09.797190 11780 global.h:43] DeleteGlobal N7oneflow7OpGraphE
I1013 15:21:09.800730 11780 oneflow.cpp:210] 
job_id: 5 , job_name: MainJob-unamed , compile time: 0.00962611 seconds.
I1013 15:21:09.809006 11780 global.h:43] DeleteGlobal N7oneflow7JobDescE
I1013 15:21:09.811951 11780 plan_util.cpp:928]  Plan: merged_plan needs to allocate [ 374.837 MiB ] device memory in Rank: 0 , Device: 0
I1013 15:21:09.940304 11780 oneflow.cpp:998]  PushPlan merged_plan time: 0.0120791 seconds.
I1013 15:21:09.975630 11780 oneflow.cpp:1014]  PullPlan merged_plan time: 0.030316 seconds.
I1013 15:21:12.187999 11780 runtime_context.cpp:21] NewCounter constructing_actor_cnt 388
I1013 15:21:12.189061 12465 naive_actor.cpp:25] actor 2199023255699 switch to &NaiveActor::HandlerNormal
I1013 15:21:12.189329 12465 thread.cpp:96] Thread 1048576 construct Actor kDeviceTick 2199023255699
I1013 15:21:12.189373 12444 naive_actor.cpp:25] actor 1099614388226 switch to &NaiveActor::HandlerNormal
I1013 15:21:12.189455 12465 runtime_context.cpp:29] DecreaseCounter constructing_actor_cnt, current val is 387
I1013 15:21:12.189457 12444 thread.cpp:96] Thread 524337 construct Actor kDeviceTick 1099614388226
I1013 15:21:12.189618 12444 runtime_context.cpp:29] DecreaseCounter constructing_actor_cnt, current val is 386
I1013 15:21:12.189623 12445 wait_and_send_ids_actor.cpp:53] actor 1099616485376 switch to &WaitAndSendIdsActor::HandlerWaitToStart
I1013 15:21:12.189734 12445 thread.cpp:96] Thread 524338 construct Actor kWaitAndSendIds 1099616485376
I1013 15:21:12.189915 12444 naive_actor.cpp:25] actor 1099614388233 switch to &NaiveActor::HandlerNormal
I1013 15:21:12.189822 12465 naive_actor.cpp:25] actor 2199023255738 switch to &NaiveActor::HandlerNormal
I1013 15:21:12.189961 12444 thread.cpp:96] Thread 524337 construct Actor kDeviceTick 1099614388233
I1013 15:21:12.190032 12445 runtime_context.cpp:29] DecreaseCounter constructing_actor_cnt, current val is 385
I1013 15:21:12.189999 12465 thread.cpp:96] Thread 1048576 construct Actor kDeviceTick 2199023255738
I1013 15:21:12.190090 12444 runtime_context.cpp:29] DecreaseCounter constructing_actor_cnt, current val is 384
I1013 15:21:12.190129 12465 runtime_context.cpp:29] DecreaseCounter constructing_actor_cnt, current val is 383
I1013 15:21:12.190325 12444 naive_actor.cpp:25] actor 1099614388243 switch to &NaiveActor::HandlerNormal
I1013 15:21:12.190376 12444 thread.cpp:96] Thread 524337 construct Actor kDeviceTick 1099614388243
I1013 15:21:12.190412 12465 naive_actor.cpp:25] actor 2199023255777 switch to &NaiveActor::HandlerNormal
I1013 15:21:12.190440 12444 runtime_context.cpp:29] DecreaseCounter constructing_actor_cnt, current val is 382
I1013 15:21:12.190447 12465 thread.cpp:96] Thread 1048576 construct Actor kDeviceTick 2199023255777
I1013 15:21:12.190526 12465 runtime_context.cpp:29] DecreaseCounter constructing_actor_cnt, current val is 381
I1013 15:21:12.190701 12444 naive_actor.cpp:25] actor 1099614388252 switch to &NaiveActor::HandlerNormal
I1013 15:21:12.190750 12444 thread.cpp:96] Thread 524337 construct Actor kDeviceTick 1099614388252
I1013 15:21:12.190800 12444 runtime_context.cpp:29] DecreaseCounter constructing_actor_cnt, current val is 380
I1013 15:21:12.190804 12465 naive_actor.cpp:25] actor 2199023255816 switch to &NaiveActor::HandlerNormal
I1013 15:21:12.190878 12465 thread.cpp:96] Thread 1048576 construct Actor kDeviceTick 2199023255816
I1013 15:21:12.190945 12465 runtime_context.cpp:29] DecreaseCounter constructing_actor_cnt, current val is 379
I1013 15:21:12.191061 12444 naive_actor.cpp:25] actor 1099614388261 switch to &NaiveActor::HandlerNormal
I1013 15:21:12.191093 12444 thread.cpp:96] Thread 524337 construct Actor kDeviceTick 1099614388261
I1013 15:21:12.191138 12444 runtime_context.cpp:29] DecreaseCounter constructing_actor_cnt, current val is 378
I1013 15:21:12.191355 12444 naive_actor.cpp:25] actor 1099614388269 switch to &NaiveActor::HandlerNormal
I1013 15:21:12.191386 12444 thread.cpp:96] Thread 524337 construct Actor kDeviceTick 1099614388269
I1013 15:21:12.191429 12444 runtime_context.cpp:29] DecreaseCounter constructing_actor_cnt, current val is 377
I1013 15:21:12.191656 12444 naive_actor.cpp:25] actor 1099614388276 switch to &NaiveActor::HandlerNormal
I1013 15:21:12.191686 12444 thread.cpp:96] Thread 524337 construct Actor kDeviceTick 1099614388276
I1013 15:21:12.191740 12444 runtime_context.cpp:29] DecreaseCounter constructing_actor_cnt, current val is 376
I1013 15:21:12.199806 12428 naive_actor.cpp:25] actor 1099524210688 switch to &NaiveActor::HandlerNormal
I1013 15:21:12.199873 12442 naive_actor.cpp:25] actor 1099553570816 switch to &NaiveActor::HandlerNormal
I1013 15:21:12.199894 12469 naive_actor.cpp:25] actor 2199027449856 switch to &NaiveActor::HandlerNormal
I1013 15:21:12.199895 12467 naive_actor.cpp:25] actor 2199025352704 switch to &NaiveActor::HandlerNormal
I1013 15:21:12.200145 12434 naive_actor.cpp:25] actor 1099536793600 switch to &NaiveActor::HandlerNormal
I1013 15:21:12.200229 12434 thread.cpp:96] Thread 524300 construct Actor kNormalForward 1099536793600
I1013 15:21:12.200273 12437 naive_actor.cpp:25] actor 1099543085056 switch to &NaiveActor::HandlerNormal
I1013 15:21:12.200345 12434 runtime_context.cpp:29] DecreaseCounter constructing_actor_cnt, current val is 375
I1013 15:21:12.200461 12432 naive_actor.cpp:25] actor 1099532599296 switch to &NaiveActor::HandlerNormal
I1013 15:21:12.200585 12432 thread.cpp:96] Thread 524298 construct Actor kNormalForward 1099532599296
I1013 15:21:12.200085 12469 thread.cpp:96] Thread 1048578 construct Actor kCopyHd 2199027449856
I1013 15:21:12.200119 12441 naive_actor.cpp:25] actor 1099551473664 switch to &NaiveActor::HandlerNormal
I1013 15:21:12.200124 12436 naive_actor.cpp:25] actor 1099540987904 switch to &NaiveActor::HandlerNormal
I1013 15:21:12.200964 12424 naive_actor.cpp:25] actor 1099515822080 switch to &NaiveActor::HandlerNormal
I1013 15:21:12.201035 12424 thread.cpp:96] Thread 524290 construct Actor kNormalForward 1099515822080
I1013 15:21:12.200165 12467 thread.cpp:96] Thread 1048577 construct Actor kCopyHd 2199025352704
I1013 15:21:12.199954 12429 naive_actor.cpp:25] actor 1099526307840 switch to &NaiveActor::HandlerNormal
I1013 15:21:12.201275 12429 thread.cpp:96] Thread 524295 construct Actor kNormalForward 1099526307840
I1013 15:21:12.201339 12423 naive_actor.cpp:25] actor 1099513724928 switch to &NaiveActor::HandlerNormal
I1013 15:21:12.201407 12423 thread.cpp:96] Thread 524289 construct Actor kNormalForward 1099513724928
I1013 15:21:12.199971 12443 naive_actor.cpp:25] actor 1099555667968 switch to &NaiveActor::HandlerNormal
I1013 15:21:12.201485 12423 runtime_context.cpp:29] DecreaseCounter constructing_actor_cnt, current val is 369
I1013 15:21:12.201500 12443 thread.cpp:96] Thread 524309 construct Actor kForeignOutput 1099555667968
I1013 15:21:12.200444 12438 naive_actor.cpp:25] actor 1099545182208 switch to &NaiveActor::HandlerNormal
I1013 15:21:12.200470 12433 naive_actor.cpp:25] actor 1099534696448 switch to &NaiveActor::HandlerNormal
I1013 15:21:12.200031 12442 thread.cpp:96] Thread 524308 construct Actor kNormalForward 1099553570816
I1013 15:21:12.200475 12465 naive_actor.cpp:25] actor 2199023255563 switch to &NaiveActor::HandlerNormal
I1013 15:21:12.201740 12465 thread.cpp:96] Thread 1048576 construct Actor kNormalForward 2199023255563
I1013 15:21:12.200477 12444 naive_actor.cpp:25] actor 1099614388234 switch to &NaiveActor::HandlerNormal
I1013 15:21:12.200518 12435 naive_actor.cpp:25] actor 1099538890752 switch to &NaiveActor::HandlerNormal
I1013 15:21:12.200034 12446 sink_actor.cpp:21] actor 1099618582528 switch to &SinkActor::HandlerNormal
I1013 15:21:12.201895 12446 thread.cpp:96] Thread 524339 construct Actor kCallbackNotify 1099618582528
I1013 15:21:12.200671 12427 naive_actor.cpp:25] actor 1099522113536 switch to &NaiveActor::HandlerNormal
I1013 15:21:12.201964 12446 runtime_context.cpp:29] DecreaseCounter constructing_actor_cnt, current val is 365
I1013 15:21:12.201977 12427 thread.cpp:96] Thread 524293 construct Actor kNormalForward 1099522113536
I1013 15:21:12.200753 12426 naive_actor.cpp:25] actor 1099520016384 switch to &NaiveActor::HandlerNormal
I1013 15:21:12.202071 12427 runtime_context.cpp:29] DecreaseCounter constructing_actor_cnt, current val is 364
I1013 15:21:12.202090 12426 thread.cpp:96] Thread 524292 construct Actor kNormalForward 1099520016384
I1013 15:21:12.200860 12469 runtime_context.cpp:29] DecreaseCounter constructing_actor_cnt, current val is 373
I1013 15:21:12.202176 12426 runtime_context.cpp:29] DecreaseCounter constructing_actor_cnt, current val is 363
I1013 15:21:12.200923 12441 thread.cpp:96] Thread 524307 construct Actor kNormalForward 1099551473664
I1013 15:21:12.200973 12436 thread.cpp:96] Thread 524302 construct Actor kForeignInput 1099540987904
I1013 15:21:12.202312 12441 runtime_context.cpp:29] DecreaseCounter constructing_actor_cnt, current val is 362
I1013 15:21:12.200987 12431 naive_actor.cpp:25] actor 1099530502144 switch to &NaiveActor::HandlerNormal
I1013 15:21:12.202376 12436 runtime_context.cpp:29] DecreaseCounter constructing_actor_cnt, current val is 361
I1013 15:21:12.202401 12431 thread.cpp:96] Thread 524297 construct Actor kNormalForward 1099530502144
I1013 15:21:12.201086 12425 naive_actor.cpp:25] actor 1099517919232 switch to &NaiveActor::HandlerNormal
I1013 15:21:12.202513 12425 thread.cpp:96] Thread 524291 construct Actor kNormalForward 1099517919232
I1013 15:21:12.201174 12467 runtime_context.cpp:29] DecreaseCounter constructing_actor_cnt, current val is 371
I1013 15:21:12.199991 12439 naive_actor.cpp:25] actor 1099547279360 switch to &NaiveActor::HandlerNormal
I1013 15:21:12.202823 12467 naive_actor.cpp:25] actor 2199025352708 switch to &NaiveActor::HandlerNormal
I1013 15:21:12.202868 12467 thread.cpp:96] Thread 1048577 construct Actor kCopyHd 2199025352708
I1013 15:21:12.200389 12440 naive_actor.cpp:25] actor 1099549376512 switch to &NaiveActor::HandlerNormal
I1013 15:21:12.203032 12440 thread.cpp:96] Thread 524306 construct Actor kNormalForward 1099549376512
I1013 15:21:12.201619 12438 thread.cpp:96] Thread 524304 construct Actor kNormalForward 1099545182208
I1013 15:21:12.201664 12433 thread.cpp:96] Thread 524299 construct Actor kForeignInput 1099534696448
I1013 15:21:12.201768 12442 runtime_context.cpp:29] DecreaseCounter constructing_actor_cnt, current val is 367
I1013 15:21:12.201805 12444 thread.cpp:96] Thread 524337 construct Actor kSrcSubsetTick 1099614388234
I1013 15:21:12.203298 12433 runtime_context.cpp:29] DecreaseCounter constructing_actor_cnt, current val is 355
I1013 15:21:12.201848 12435 thread.cpp:96] Thread 524301 construct Actor kNormalForward 1099538890752
I1013 15:21:12.200711 12432 runtime_context.cpp:29] DecreaseCounter constructing_actor_cnt, current val is 374
I1013 15:21:12.200872 12430 naive_actor.cpp:25] actor 1099528404992 switch to &NaiveActor::HandlerNormal
I1013 15:21:12.199945 12428 thread.cpp:96] Thread 524294 construct Actor kNormalForward 1099524210688
I1013 15:21:12.202488 12431 runtime_context.cpp:29] DecreaseCounter constructing_actor_cnt, current val is 360
I1013 15:21:12.201113 12424 runtime_context.cpp:29] DecreaseCounter constructing_actor_cnt, current val is 372
I1013 15:21:12.202621 12425 runtime_context.cpp:29] DecreaseCounter constructing_actor_cnt, current val is 359
I1013 15:21:12.200356 12437 thread.cpp:96] Thread 524303 construct Actor kNormalForward 1099543085056
I1013 15:21:12.202842 12439 thread.cpp:96] Thread 524305 construct Actor kForeignInput 1099547279360
I1013 15:21:12.201385 12429 runtime_context.cpp:29] DecreaseCounter constructing_actor_cnt, current val is 370
I1013 15:21:12.202957 12467 runtime_context.cpp:29] DecreaseCounter constructing_actor_cnt, current val is 358
I1013 15:21:12.201596 12443 runtime_context.cpp:29] DecreaseCounter constructing_actor_cnt, current val is 368
I1013 15:21:12.203115 12440 runtime_context.cpp:29] DecreaseCounter constructing_actor_cnt, current val is 357
I1013 15:21:12.204296 12467 naive_actor.cpp:25] actor 2199025352707 switch to &NaiveActor::HandlerNormal
I1013 15:21:12.204334 12467 thread.cpp:96] Thread 1048577 construct Actor kCopyHd 2199025352707
I1013 15:21:12.201809 12465 runtime_context.cpp:29] DecreaseCounter constructing_actor_cnt, current val is 366
I1013 15:21:12.203344 12444 runtime_context.cpp:29] DecreaseCounter constructing_actor_cnt, current val is 354
I1013 15:21:12.203411 12435 runtime_context.cpp:29] DecreaseCounter constructing_actor_cnt, current val is 353
I1013 15:21:12.203549 12430 thread.cpp:96] Thread 524296 construct Actor kNormalForward 1099528404992
I1013 15:21:12.203667 12428 runtime_context.cpp:29] DecreaseCounter constructing_actor_cnt, current val is 352
I1013 15:21:12.203979 12437 runtime_context.cpp:29] DecreaseCounter constructing_actor_cnt, current val is 351
I1013 15:21:12.204059 12439 runtime_context.cpp:29] DecreaseCounter constructing_actor_cnt, current val is 350
I1013 15:21:12.203191 12438 runtime_context.cpp:29] DecreaseCounter constructing_actor_cnt, current val is 356
I1013 15:21:12.204382 12467 runtime_context.cpp:29] DecreaseCounter constructing_actor_cnt, current val is 349
I1013 15:21:12.204753 12430 runtime_context.cpp:29] DecreaseCounter constructing_actor_cnt, current val is 348
I1013 15:21:12.205111 12467 naive_actor.cpp:25] actor 2199025352705 switch to &NaiveActor::HandlerNormal
I1013 15:21:12.205158 12467 thread.cpp:96] Thread 1048577 construct Actor kCopyHd 2199025352705
I1013 15:21:12.205158 12444 naive_actor.cpp:25] actor 1099614388228 switch to &NaiveActor::HandlerNormal
I1013 15:21:12.205245 12444 thread.cpp:96] Thread 524337 construct Actor kTick 1099614388228
I1013 15:21:12.205255 12467 runtime_context.cpp:29] DecreaseCounter constructing_actor_cnt, current val is 347
I1013 15:21:12.205268 12422 naive_actor.cpp:25] actor 1099511627776 switch to &NaiveActor::HandlerNormal
I1013 15:21:12.205281 12444 runtime_context.cpp:29] DecreaseCounter constructing_actor_cnt, current val is 346
I1013 15:21:12.205410 12422 thread.cpp:96] Thread 524288 construct Actor kNormalForward 1099511627776
I1013 15:21:12.205484 12467 naive_actor.cpp:25] actor 2199025352706 switch to &NaiveActor::HandlerNormal
I1013 15:21:12.205538 12467 thread.cpp:96] Thread 1048577 construct Actor kCopyHd 2199025352706
I1013 15:21:12.205543 12422 runtime_context.cpp:29] DecreaseCounter constructing_actor_cnt, current val is 345
I1013 15:21:12.205629 12467 runtime_context.cpp:29] DecreaseCounter constructing_actor_cnt, current val is 344
I1013 15:21:12.205677 12444 naive_actor.cpp:25] actor 1099614388319 switch to &NaiveActor::HandlerNormal
I1013 15:21:12.205713 12444 thread.cpp:96] Thread 524337 construct Actor kTick 1099614388319
I1013 15:21:12.205760 12444 runtime_context.cpp:29] DecreaseCounter constructing_actor_cnt, current val is 343
I1013 15:21:12.205778 12467 naive_actor.cpp:25] actor 2199025352709 switch to &NaiveActor::HandlerNormal
I1013 15:21:12.205821 12467 thread.cpp:96] Thread 1048577 construct Actor kCopyHd 2199025352709
I1013 15:21:12.205885 12467 runtime_context.cpp:29] DecreaseCounter constructing_actor_cnt, current val is 342
I1013 15:21:12.205945 12465 naive_actor.cpp:25] actor 2199023255594 switch to &NaiveActor::HandlerNormal
I1013 15:21:12.205956 12444 naive_actor.cpp:25] actor 1099614388238 switch to &NaiveActor::HandlerNormal
I1013 15:21:12.206003 12465 thread.cpp:96] Thread 1048576 construct Actor kNormalForward 2199023255594
I1013 15:21:12.206018 12444 thread.cpp:96] Thread 524337 construct Actor kTick 1099614388238
I1013 15:21:12.206045 12467 naive_actor.cpp:25] actor 2199025352710 switch to &NaiveActor::HandlerNormal
I1013 15:21:12.206070 12444 runtime_context.cpp:29] DecreaseCounter constructing_actor_cnt, current val is 341
I1013 15:21:12.206075 12467 thread.cpp:96] Thread 1048577 construct Actor kCopyHd 2199025352710
I1013 15:21:12.206087 12465 runtime_context.cpp:29] DecreaseCounter constructing_actor_cnt, current val is 340
I1013 15:21:12.206118 12467 runtime_context.cpp:29] DecreaseCounter constructing_actor_cnt, current val is 339
I1013 15:21:12.206243 12444 naive_actor.cpp:25] actor 1099614388232 switch to &NaiveActor::HandlerNormal
I1013 15:21:12.206274 12444 thread.cpp:96] Thread 524337 construct Actor kTick 1099614388232
I1013 15:21:12.206305 12444 runtime_context.cpp:29] DecreaseCounter constructing_actor_cnt, current val is 338
I1013 15:21:12.206389 12465 naive_actor.cpp:25] actor 2199023255568 switch to &NaiveActor::HandlerNormal
I1013 15:21:12.206434 12465 thread.cpp:96] Thread 1048576 construct Actor kNormalForward 2199023255568
I1013 15:21:12.206501 12444 naive_actor.cpp:25] actor 1099614388230 switch to &NaiveActor::HandlerNormal
I1013 15:21:12.206496 12465 runtime_context.cpp:29] DecreaseCounter constructing_actor_cnt, current val is 337
I1013 15:21:12.206530 12444 thread.cpp:96] Thread 524337 construct Actor kTick 1099614388230
I1013 15:21:12.206594 12444 runtime_context.cpp:29] DecreaseCounter constructing_actor_cnt, current val is 336
I1013 15:21:12.206771 12444 naive_actor.cpp:25] actor 1099614388237 switch to &NaiveActor::HandlerNormal
I1013 15:21:12.206801 12444 thread.cpp:96] Thread 524337 construct Actor kDstSubsetTick 1099614388237
I1013 15:21:12.206833 12444 runtime_context.cpp:29] DecreaseCounter constructing_actor_cnt, current val is 335
I1013 15:21:12.207000 12444 naive_actor.cpp:25] actor 1099614388318 switch to &NaiveActor::HandlerNormal
I1013 15:21:12.207029 12444 thread.cpp:96] Thread 524337 construct Actor kTick 1099614388318
I1013 15:21:12.207058 12444 runtime_context.cpp:29] DecreaseCounter constructing_actor_cnt, current val is 334
I1013 15:21:12.207211 12444 naive_actor.cpp:25] actor 1099614388239 switch to &NaiveActor::HandlerNormal
I1013 15:21:12.207228 12444 thread.cpp:96] Thread 524337 construct Actor kTick 1099614388239
I1013 15:21:12.207253 12465 naive_actor.cpp:25] actor 2199023255636 switch to &NaiveActor::HandlerNormal
I1013 15:21:12.207324 12444 runtime_context.cpp:29] DecreaseCounter constructing_actor_cnt, current val is 333
I1013 15:21:12.207329 12465 thread.cpp:96] Thread 1048576 construct Actor kNormalForward 2199023255636
I1013 15:21:12.207415 12465 runtime_context.cpp:29] DecreaseCounter constructing_actor_cnt, current val is 332
I1013 15:21:12.207515 12444 naive_actor.cpp:25] actor 1099614388225 switch to &NaiveActor::HandlerNormal
I1013 15:21:12.207543 12444 thread.cpp:96] Thread 524337 construct Actor kSrcSubsetTick 1099614388225
I1013 15:21:12.207582 12444 runtime_context.cpp:29] DecreaseCounter constructing_actor_cnt, current val is 331
I1013 15:21:12.207732 12444 naive_actor.cpp:25] actor 1099614388224 switch to &NaiveActor::HandlerNormal
I1013 15:21:12.207762 12444 thread.cpp:96] Thread 524337 construct Actor kDeviceTick 1099614388224
I1013 15:21:12.207792 12444 runtime_context.cpp:29] DecreaseCounter constructing_actor_cnt, current val is 330
I1013 15:21:12.207971 12444 naive_actor.cpp:25] actor 1099614388229 switch to &NaiveActor::HandlerNormal
I1013 15:21:12.207999 12444 thread.cpp:96] Thread 524337 construct Actor kDstSubsetTick 1099614388229
I1013 15:21:12.208029 12444 runtime_context.cpp:29] DecreaseCounter constructing_actor_cnt, current val is 329
I1013 15:21:12.208190 12444 naive_actor.cpp:25] actor 1099614388236 switch to &NaiveActor::HandlerNormal
I1013 15:21:12.208207 12444 thread.cpp:96] Thread 524337 construct Actor kTick 1099614388236
I1013 15:21:12.208233 12444 runtime_context.cpp:29] DecreaseCounter constructing_actor_cnt, current val is 328
I1013 15:21:12.208323 12465 naive_actor.cpp:25] actor 2199023255558 switch to &NaiveActor::HandlerNormal
I1013 15:21:12.208369 12465 thread.cpp:96] Thread 1048576 construct Actor kNormalForward 2199023255558
I1013 15:21:12.208384 12444 naive_actor.cpp:25] actor 1099614388231 switch to &NaiveActor::HandlerNormal
I1013 15:21:12.208406 12444 thread.cpp:96] Thread 524337 construct Actor kTick 1099614388231
I1013 15:21:12.208439 12444 runtime_context.cpp:29] DecreaseCounter constructing_actor_cnt, current val is 327
I1013 15:21:12.208446 12465 runtime_context.cpp:29] DecreaseCounter constructing_actor_cnt, current val is 326
I1013 15:21:12.208608 12444 naive_actor.cpp:25] actor 1099614388248 switch to &NaiveActor::HandlerNormal
I1013 15:21:12.208638 12444 thread.cpp:96] Thread 524337 construct Actor kTick 1099614388248
I1013 15:21:12.208673 12444 runtime_context.cpp:29] DecreaseCounter constructing_actor_cnt, current val is 325
I1013 15:21:12.208760 12465 naive_actor.cpp:25] actor 2199023255591 switch to &NaiveActor::HandlerNormal
I1013 15:21:12.208801 12465 thread.cpp:96] Thread 1048576 construct Actor kNormalForward 2199023255591
I1013 15:21:12.208832 12444 naive_actor.cpp:25] actor 1099614388240 switch to &NaiveActor::HandlerNormal
I1013 15:21:12.208848 12444 thread.cpp:96] Thread 524337 construct Actor kTick 1099614388240
I1013 15:21:12.208854 12465 runtime_context.cpp:29] DecreaseCounter constructing_actor_cnt, current val is 324
I1013 15:21:12.208875 12444 runtime_context.cpp:29] DecreaseCounter constructing_actor_cnt, current val is 323
I1013 15:21:12.209043 12444 naive_actor.cpp:25] actor 1099614388241 switch to &NaiveActor::HandlerNormal
I1013 15:21:12.209070 12444 thread.cpp:96] Thread 524337 construct Actor kDeviceTick 1099614388241
I1013 15:21:12.209098 12444 runtime_context.cpp:29] DecreaseCounter constructing_actor_cnt, current val is 322
I1013 15:21:12.209254 12444 naive_actor.cpp:25] actor 1099614388242 switch to &NaiveActor::HandlerNormal
I1013 15:21:12.209282 12444 thread.cpp:96] Thread 524337 construct Actor kSrcSubsetTick 1099614388242
I1013 15:21:12.209309 12444 runtime_context.cpp:29] DecreaseCounter constructing_actor_cnt, current val is 321
I1013 15:21:12.209461 12444 naive_actor.cpp:25] actor 1099614388316 switch to &NaiveActor::HandlerNormal
I1013 15:21:12.209489 12444 thread.cpp:96] Thread 524337 construct Actor kTick 1099614388316
I1013 15:21:12.209537 12444 runtime_context.cpp:29] DecreaseCounter constructing_actor_cnt, current val is 320
I1013 15:21:12.209715 12465 naive_actor.cpp:25] actor 2199023255572 switch to &NaiveActor::HandlerNormal
I1013 15:21:12.209748 12444 naive_actor.cpp:25] actor 1099614388245 switch to &NaiveActor::HandlerNormal
I1013 15:21:12.209764 12465 thread.cpp:96] Thread 1048576 construct Actor kNormalForward 2199023255572
I1013 15:21:12.209777 12444 thread.cpp:96] Thread 524337 construct Actor kTick 1099614388245
I1013 15:21:12.209828 12444 runtime_context.cpp:29] DecreaseCounter constructing_actor_cnt, current val is 319
I1013 15:21:12.209841 12465 runtime_context.cpp:29] DecreaseCounter constructing_actor_cnt, current val is 318
I1013 15:21:12.210009 12444 naive_actor.cpp:25] actor 1099614388247 switch to &NaiveActor::HandlerNormal
I1013 15:21:12.210048 12444 thread.cpp:96] Thread 524337 construct Actor kTick 1099614388247
I1013 15:21:12.210076 12444 runtime_context.cpp:29] DecreaseCounter constructing_actor_cnt, current val is 317
I1013 15:21:12.210253 12444 naive_actor.cpp:25] actor 1099614388246 switch to &NaiveActor::HandlerNormal
I1013 15:21:12.210280 12444 thread.cpp:96] Thread 524337 construct Actor kDstSubsetTick 1099614388246
I1013 15:21:12.210310 12444 runtime_context.cpp:29] DecreaseCounter constructing_actor_cnt, current val is 316
I1013 15:21:12.210464 12444 naive_actor.cpp:25] actor 1099614388249 switch to &NaiveActor::HandlerNormal
I1013 15:21:12.210491 12444 thread.cpp:96] Thread 524337 construct Actor kTick 1099614388249
I1013 15:21:12.210520 12444 runtime_context.cpp:29] DecreaseCounter constructing_actor_cnt, current val is 315
I1013 15:21:12.210659 12465 naive_actor.cpp:25] actor 2199023255574 switch to &NaiveActor::HandlerNormal
I1013 15:21:12.210701 12465 thread.cpp:96] Thread 1048576 construct Actor kNormalForward 2199023255574
I1013 15:21:12.210721 12444 naive_actor.cpp:25] actor 1099614388250 switch to &NaiveActor::HandlerNormal
I1013 15:21:12.210739 12444 thread.cpp:96] Thread 524337 construct Actor kDeviceTick 1099614388250
I1013 15:21:12.210774 12444 runtime_context.cpp:29] DecreaseCounter constructing_actor_cnt, current val is 313
I1013 15:21:12.210772 12465 runtime_context.cpp:29] DecreaseCounter constructing_actor_cnt, current val is 314
I1013 15:21:12.210964 12444 naive_actor.cpp:25] actor 1099614388251 switch to &NaiveActor::HandlerNormal
I1013 15:21:12.210994 12444 thread.cpp:96] Thread 524337 construct Actor kSrcSubsetTick 1099614388251
I1013 15:21:12.211020 12444 runtime_context.cpp:29] DecreaseCounter constructing_actor_cnt, current val is 312
I1013 15:21:12.211263 12444 esac_actor.cpp:73] actor 1099614388313 switch to &EsacActor::HandlerNormal
I1013 15:21:12.211292 12444 thread.cpp:96] Thread 524337 construct Actor kEsac 1099614388313
I1013 15:21:12.211330 12444 runtime_context.cpp:29] DecreaseCounter constructing_actor_cnt, current val is 311
I1013 15:21:12.211416 12465 naive_actor.cpp:25] actor 2199023255575 switch to &NaiveActor::HandlerNormal
I1013 15:21:12.211457 12465 thread.cpp:96] Thread 1048576 construct Actor kNormalForward 2199023255575
I1013 15:21:12.211485 12444 naive_actor.cpp:25] actor 1099614388254 switch to &NaiveActor::HandlerNormal
I1013 15:21:12.211503 12444 thread.cpp:96] Thread 524337 construct Actor kTick 1099614388254
I1013 15:21:12.211509 12465 runtime_context.cpp:29] DecreaseCounter constructing_actor_cnt, current val is 310
I1013 15:21:12.211529 12444 runtime_context.cpp:29] DecreaseCounter constructing_actor_cnt, current val is 309
I1013 15:21:12.211685 12444 naive_actor.cpp:25] actor 1099614388256 switch to &NaiveActor::HandlerNormal
I1013 15:21:12.211714 12444 thread.cpp:96] Thread 524337 construct Actor kTick 1099614388256
I1013 15:21:12.211741 12444 runtime_context.cpp:29] DecreaseCounter constructing_actor_cnt, current val is 308
I1013 15:21:12.211791 12465 naive_actor.cpp:25] actor 2199023255553 switch to &NaiveActor::HandlerNormal
I1013 15:21:12.211831 12465 thread.cpp:96] Thread 1048576 construct Actor kNormalForward 2199023255553
I1013 15:21:12.211922 12444 naive_actor.cpp:25] actor 1099614388255 switch to &NaiveActor::HandlerNormal
I1013 15:21:12.211971 12444 thread.cpp:96] Thread 524337 construct Actor kDstSubsetTick 1099614388255
I1013 15:21:12.211978 12465 runtime_context.cpp:29] DecreaseCounter constructing_actor_cnt, current val is 307
I1013 15:21:12.212002 12444 runtime_context.cpp:29] DecreaseCounter constructing_actor_cnt, current val is 306
I1013 15:21:12.212158 12444 naive_actor.cpp:25] actor 1099614388257 switch to &NaiveActor::HandlerNormal
I1013 15:21:12.212191 12444 thread.cpp:96] Thread 524337 construct Actor kTick 1099614388257
I1013 15:21:12.212231 12444 runtime_context.cpp:29] DecreaseCounter constructing_actor_cnt, current val is 305
I1013 15:21:12.212252 12465 naive_actor.cpp:25] actor 2199023255583 switch to &NaiveActor::HandlerNormal
I1013 15:21:12.212291 12465 thread.cpp:96] Thread 1048576 construct Actor kNormalForward 2199023255583
I1013 15:21:12.212345 12465 runtime_context.cpp:29] DecreaseCounter constructing_actor_cnt, current val is 304
I1013 15:21:12.212404 12444 naive_actor.cpp:25] actor 1099614388258 switch to &NaiveActor::HandlerNormal
I1013 15:21:12.212433 12444 thread.cpp:96] Thread 524337 construct Actor kTick 1099614388258
I1013 15:21:12.212474 12444 runtime_context.cpp:29] DecreaseCounter constructing_actor_cnt, current val is 303
I1013 15:21:12.212615 12465 naive_actor.cpp:25] actor 2199023255593 switch to &NaiveActor::HandlerNormal
I1013 15:21:12.212637 12444 naive_actor.cpp:25] actor 1099614388259 switch to &NaiveActor::HandlerNormal
I1013 15:21:12.212657 12465 thread.cpp:96] Thread 1048576 construct Actor kNormalForward 2199023255593
I1013 15:21:12.212671 12444 thread.cpp:96] Thread 524337 construct Actor kDeviceTick 1099614388259
I1013 15:21:12.212720 12444 runtime_context.cpp:29] DecreaseCounter constructing_actor_cnt, current val is 302
I1013 15:21:12.212724 12465 runtime_context.cpp:29] DecreaseCounter constructing_actor_cnt, current val is 301
I1013 15:21:12.212882 12444 naive_actor.cpp:25] actor 1099614388263 switch to &NaiveActor::HandlerNormal
I1013 15:21:12.212910 12444 thread.cpp:96] Thread 524337 construct Actor kTick 1099614388263
I1013 15:21:12.212937 12444 runtime_context.cpp:29] DecreaseCounter constructing_actor_cnt, current val is 300
I1013 15:21:12.213094 12444 naive_actor.cpp:25] actor 1099614388260 switch to &NaiveActor::HandlerNormal
I1013 15:21:12.213121 12444 thread.cpp:96] Thread 524337 construct Actor kSrcSubsetTick 1099614388260
I1013 15:21:12.213155 12444 runtime_context.cpp:29] DecreaseCounter constructing_actor_cnt, current val is 299
I1013 15:21:12.213301 12444 naive_actor.cpp:25] actor 1099614388309 switch to &NaiveActor::HandlerNormal
I1013 15:21:12.213328 12444 thread.cpp:96] Thread 524337 construct Actor kTick 1099614388309
I1013 15:21:12.213356 12444 runtime_context.cpp:29] DecreaseCounter constructing_actor_cnt, current val is 298
I1013 15:21:12.213425 12465 naive_actor.cpp:25] actor 2199023255582 switch to &NaiveActor::HandlerNormal
I1013 15:21:12.213477 12465 thread.cpp:96] Thread 1048576 construct Actor kNormalForward 2199023255582
I1013 15:21:12.213516 12444 naive_actor.cpp:25] actor 1099614388265 switch to &NaiveActor::HandlerNormal
I1013 15:21:12.213532 12444 thread.cpp:96] Thread 524337 construct Actor kTick 1099614388265
I1013 15:21:12.213544 12465 runtime_context.cpp:29] DecreaseCounter constructing_actor_cnt, current val is 297
I1013 15:21:12.213558 12444 runtime_context.cpp:29] DecreaseCounter constructing_actor_cnt, current val is 296
I1013 15:21:12.213719 12444 naive_actor.cpp:25] actor 1099614388266 switch to &NaiveActor::HandlerNormal
I1013 15:21:12.213768 12444 thread.cpp:96] Thread 524337 construct Actor kTick 1099614388266
I1013 15:21:12.213794 12444 runtime_context.cpp:29] DecreaseCounter constructing_actor_cnt, current val is 295
I1013 15:21:12.213819 12465 naive_actor.cpp:25] actor 2199023255566 switch to &NaiveActor::HandlerNormal
I1013 15:21:12.213869 12465 thread.cpp:96] Thread 1048576 construct Actor kNormalForward 2199023255566
I1013 15:21:12.213972 12465 runtime_context.cpp:29] DecreaseCounter constructing_actor_cnt, current val is 294
I1013 15:21:12.214004 12444 naive_actor.cpp:25] actor 1099614388264 switch to &NaiveActor::HandlerNormal
I1013 15:21:12.214047 12444 thread.cpp:96] Thread 524337 construct Actor kDstSubsetTick 1099614388264
I1013 15:21:12.214088 12444 runtime_context.cpp:29] DecreaseCounter constructing_actor_cnt, current val is 293
I1013 15:21:12.214251 12444 naive_actor.cpp:25] actor 1099614388268 switch to &NaiveActor::HandlerNormal
I1013 15:21:12.214280 12444 thread.cpp:96] Thread 524337 construct Actor kSrcSubsetTick 1099614388268
I1013 15:21:12.214385 12444 runtime_context.cpp:29] DecreaseCounter constructing_actor_cnt, current val is 292
I1013 15:21:12.214541 12444 naive_actor.cpp:25] actor 1099614388311 switch to &NaiveActor::HandlerNormal
I1013 15:21:12.214605 12444 thread.cpp:96] Thread 524337 construct Actor kTick 1099614388311
I1013 15:21:12.214637 12444 runtime_context.cpp:29] DecreaseCounter constructing_actor_cnt, current val is 291
I1013 15:21:12.214671 12465 naive_actor.cpp:25] actor 2199023255624 switch to &NaiveActor::HandlerNormal
I1013 15:21:12.214710 12465 thread.cpp:96] Thread 1048576 construct Actor kNormalForward 2199023255624
I1013 15:21:12.214773 12465 runtime_context.cpp:29] DecreaseCounter constructing_actor_cnt, current val is 290
I1013 15:21:12.214823 12444 naive_actor.cpp:25] actor 1099614388275 switch to &NaiveActor::HandlerNormal
I1013 15:21:12.214849 12444 thread.cpp:96] Thread 524337 construct Actor kTick 1099614388275
I1013 15:21:12.214892 12444 runtime_context.cpp:29] DecreaseCounter constructing_actor_cnt, current val is 289
I1013 15:21:12.215044 12444 naive_actor.cpp:25] actor 1099614388267 switch to &NaiveActor::HandlerNormal
I1013 15:21:12.215072 12444 thread.cpp:96] Thread 524337 construct Actor kDeviceTick 1099614388267
I1013 15:21:12.215099 12444 runtime_context.cpp:29] DecreaseCounter constructing_actor_cnt, current val is 288
I1013 15:21:12.215236 12444 naive_actor.cpp:25] actor 1099614388279 switch to &NaiveActor::HandlerNormal
I1013 15:21:12.215265 12444 thread.cpp:96] Thread 524337 construct Actor kTick 1099614388279
I1013 15:21:12.215302 12444 runtime_context.cpp:29] DecreaseCounter constructing_actor_cnt, current val is 287
I1013 15:21:12.215473 12465 naive_actor.cpp:25] actor 2199023255608 switch to &NaiveActor::HandlerNormal
I1013 15:21:12.215476 12444 naive_actor.cpp:25] actor 1099614388272 switch to &NaiveActor::HandlerNormal
I1013 15:21:12.215524 12465 thread.cpp:96] Thread 1048576 construct Actor kNormalForward 2199023255608
I1013 15:21:12.215538 12444 thread.cpp:96] Thread 524337 construct Actor kDstSubsetTick 1099614388272
I1013 15:21:12.215612 12444 runtime_context.cpp:29] DecreaseCounter constructing_actor_cnt, current val is 286
I1013 15:21:12.215623 12465 runtime_context.cpp:29] DecreaseCounter constructing_actor_cnt, current val is 285
I1013 15:21:12.215781 12444 naive_actor.cpp:25] actor 1099614388274 switch to &NaiveActor::HandlerNormal
I1013 15:21:12.215811 12444 thread.cpp:96] Thread 524337 construct Actor kTick 1099614388274
I1013 15:21:12.215850 12444 runtime_context.cpp:29] DecreaseCounter constructing_actor_cnt, current val is 284
I1013 15:21:12.215901 12465 naive_actor.cpp:25] actor 2199023255581 switch to &NaiveActor::HandlerNormal
I1013 15:21:12.215941 12465 thread.cpp:96] Thread 1048576 construct Actor kNormalForward 2199023255581
I1013 15:21:12.215991 12465 runtime_context.cpp:29] DecreaseCounter constructing_actor_cnt, current val is 283
I1013 15:21:12.216037 12444 naive_actor.cpp:25] actor 1099614388273 switch to &NaiveActor::HandlerNormal
I1013 15:21:12.216063 12444 thread.cpp:96] Thread 524337 construct Actor kTick 1099614388273
I1013 15:21:12.216090 12444 runtime_context.cpp:29] DecreaseCounter constructing_actor_cnt, current val is 282
I1013 15:21:12.216233 12444 naive_actor.cpp:25] actor 1099614388281 switch to &NaiveActor::HandlerNormal
I1013 15:21:12.216261 12444 thread.cpp:96] Thread 524337 construct Actor kTick 1099614388281
I1013 15:21:12.216329 12444 runtime_context.cpp:29] DecreaseCounter constructing_actor_cnt, current val is 281
I1013 15:21:12.216502 12444 naive_actor.cpp:25] actor 1099614388308 switch to &NaiveActor::HandlerNormal
I1013 15:21:12.216536 12444 thread.cpp:96] Thread 524337 construct Actor kTick 1099614388308
I1013 15:21:12.216571 12444 runtime_context.cpp:29] DecreaseCounter constructing_actor_cnt, current val is 280
I1013 15:21:12.216631 12465 naive_actor.cpp:25] actor 2199023255580 switch to &NaiveActor::HandlerNormal
I1013 15:21:12.216675 12465 thread.cpp:96] Thread 1048576 construct Actor kNormalForward 2199023255580
I1013 15:21:12.216733 12465 runtime_context.cpp:29] DecreaseCounter constructing_actor_cnt, current val is 279
I1013 15:21:12.216749 12444 naive_actor.cpp:25] actor 1099614388277 switch to &NaiveActor::HandlerNormal
I1013 15:21:12.216773 12444 thread.cpp:96] Thread 524337 construct Actor kSrcSubsetTick 1099614388277
I1013 15:21:12.216800 12444 runtime_context.cpp:29] DecreaseCounter constructing_actor_cnt, current val is 278
I1013 15:21:12.216998 12465 naive_actor.cpp:25] actor 2199023255586 switch to &NaiveActor::HandlerNormal
I1013 15:21:12.217013 12444 naive_actor.cpp:25] actor 1099614388280 switch to &NaiveActor::HandlerNormal
I1013 15:21:12.217041 12465 thread.cpp:96] Thread 1048576 construct Actor kNormalForward 2199023255586
I1013 15:21:12.217067 12444 thread.cpp:96] Thread 524337 construct Actor kDstSubsetTick 1099614388280
I1013 15:21:12.217128 12465 runtime_context.cpp:29] DecreaseCounter constructing_actor_cnt, current val is 277
I1013 15:21:12.217198 12444 runtime_context.cpp:29] DecreaseCounter constructing_actor_cnt, current val is 276
I1013 15:21:12.217353 12444 naive_actor.cpp:25] actor 1099614388282 switch to &NaiveActor::HandlerNormal
I1013 15:21:12.217381 12444 thread.cpp:96] Thread 524337 construct Actor kTick 1099614388282
I1013 15:21:12.217408 12444 runtime_context.cpp:29] DecreaseCounter constructing_actor_cnt, current val is 275
I1013 15:21:12.217551 12444 naive_actor.cpp:25] actor 1099614388271 switch to &NaiveActor::HandlerNormal
I1013 15:21:12.217614 12444 thread.cpp:96] Thread 524337 construct Actor kTick 1099614388271
I1013 15:21:12.217658 12444 runtime_context.cpp:29] DecreaseCounter constructing_actor_cnt, current val is 274
I1013 15:21:12.217804 12465 naive_actor.cpp:25] actor 2199023255565 switch to &NaiveActor::HandlerNormal
I1013 15:21:12.217823 12444 naive_actor.cpp:25] actor 1099614388299 switch to &NaiveActor::HandlerNormal
I1013 15:21:12.217851 12465 thread.cpp:96] Thread 1048576 construct Actor kNormalForward 2199023255565
I1013 15:21:12.217875 12444 thread.cpp:96] Thread 524337 construct Actor kTick 1099614388299
I1013 15:21:12.217936 12444 runtime_context.cpp:29] DecreaseCounter constructing_actor_cnt, current val is 272
I1013 15:21:12.217934 12465 runtime_context.cpp:29] DecreaseCounter constructing_actor_cnt, current val is 273
I1013 15:21:12.218087 12444 naive_actor.cpp:25] actor 1099614388300 switch to &NaiveActor::HandlerNormal
I1013 15:21:12.218116 12444 thread.cpp:96] Thread 524337 construct Actor kTick 1099614388300
I1013 15:21:12.218150 12444 runtime_context.cpp:29] DecreaseCounter constructing_actor_cnt, current val is 271
I1013 15:21:12.218217 12465 naive_actor.cpp:25] actor 2199023255557 switch to &NaiveActor::HandlerNormal
I1013 15:21:12.218258 12465 thread.cpp:96] Thread 1048576 construct Actor kNormalForward 2199023255557
I1013 15:21:12.218319 12444 naive_actor.cpp:25] actor 1099614388288 switch to &NaiveActor::HandlerNormal
I1013 15:21:12.218320 12465 runtime_context.cpp:29] DecreaseCounter constructing_actor_cnt, current val is 270
I1013 15:21:12.218339 12444 thread.cpp:96] Thread 524337 construct Actor kTick 1099614388288
I1013 15:21:12.218394 12444 runtime_context.cpp:29] DecreaseCounter constructing_actor_cnt, current val is 269
I1013 15:21:12.218541 12444 naive_actor.cpp:25] actor 1099614388287 switch to &NaiveActor::HandlerNormal
I1013 15:21:12.218595 12444 thread.cpp:96] Thread 524337 construct Actor kTick 1099614388287
I1013 15:21:12.218611 12465 naive_actor.cpp:25] actor 2199023255588 switch to &NaiveActor::HandlerNormal
I1013 15:21:12.218626 12444 runtime_context.cpp:29] DecreaseCounter constructing_actor_cnt, current val is 268
I1013 15:21:12.218675 12465 thread.cpp:96] Thread 1048576 construct Actor kNormalForward 2199023255588
I1013 15:21:12.218742 12465 runtime_context.cpp:29] DecreaseCounter constructing_actor_cnt, current val is 267
I1013 15:21:12.218847 12444 naive_actor.cpp:25] actor 1099614388292 switch to &NaiveActor::HandlerNormal
I1013 15:21:12.218890 12444 thread.cpp:96] Thread 524337 construct Actor kTick 1099614388292
I1013 15:21:12.218930 12444 runtime_context.cpp:29] DecreaseCounter constructing_actor_cnt, current val is 266
I1013 15:21:12.219099 12444 naive_actor.cpp:25] actor 1099614388294 switch to &NaiveActor::HandlerNormal
I1013 15:21:12.219125 12444 thread.cpp:96] Thread 524337 construct Actor kTick 1099614388294
I1013 15:21:12.219164 12444 runtime_context.cpp:29] DecreaseCounter constructing_actor_cnt, current val is 265
I1013 15:21:12.219318 12444 naive_actor.cpp:25] actor 1099614388296 switch to &NaiveActor::HandlerNormal
I1013 15:21:12.219352 12444 thread.cpp:96] Thread 524337 construct Actor kTick 1099614388296
I1013 15:21:12.219390 12444 runtime_context.cpp:29] DecreaseCounter constructing_actor_cnt, current val is 264
I1013 15:21:12.219421 12465 naive_actor.cpp:25] actor 2199023255590 switch to &NaiveActor::HandlerNormal
I1013 15:21:12.219470 12465 thread.cpp:96] Thread 1048576 construct Actor kNormalForward 2199023255590
I1013 15:21:12.219537 12465 runtime_context.cpp:29] DecreaseCounter constructing_actor_cnt, current val is 263
I1013 15:21:12.219563 12444 naive_actor.cpp:25] actor 1099614388295 switch to &NaiveActor::HandlerNormal
I1013 15:21:12.219615 12444 thread.cpp:96] Thread 524337 construct Actor kTick 1099614388295
I1013 15:21:12.219655 12444 runtime_context.cpp:29] DecreaseCounter constructing_actor_cnt, current val is 262
I1013 15:21:12.219817 12444 naive_actor.cpp:25] actor 1099614388291 switch to &NaiveActor::HandlerNormal
I1013 15:21:12.219825 12465 naive_actor.cpp:25] actor 2199023255573 switch to &NaiveActor::HandlerNormal
I1013 15:21:12.219848 12444 thread.cpp:96] Thread 524337 construct Actor kTick 1099614388291
I1013 15:21:12.219895 12465 thread.cpp:96] Thread 1048576 construct Actor kNormalForward 2199023255573
I1013 15:21:12.219931 12444 runtime_context.cpp:29] DecreaseCounter constructing_actor_cnt, current val is 261
I1013 15:21:12.219974 12465 runtime_context.cpp:29] DecreaseCounter constructing_actor_cnt, current val is 260
I1013 15:21:12.220093 12444 naive_actor.cpp:25] actor 1099614388290 switch to &NaiveActor::HandlerNormal
I1013 15:21:12.220121 12444 thread.cpp:96] Thread 524337 construct Actor kTick 1099614388290
I1013 15:21:12.220160 12444 runtime_context.cpp:29] DecreaseCounter constructing_actor_cnt, current val is 259
I1013 15:21:12.220307 12444 naive_actor.cpp:25] actor 1099614388286 switch to &NaiveActor::HandlerNormal
I1013 15:21:12.220335 12444 thread.cpp:96] Thread 524337 construct Actor kTick 1099614388286
I1013 15:21:12.220371 12444 runtime_context.cpp:29] DecreaseCounter constructing_actor_cnt, current val is 258
I1013 15:21:12.220523 12444 naive_actor.cpp:25] actor 1099614388298 switch to &NaiveActor::HandlerNormal
I1013 15:21:12.220551 12444 thread.cpp:96] Thread 524337 construct Actor kTick 1099614388298
I1013 15:21:12.220597 12444 runtime_context.cpp:29] DecreaseCounter constructing_actor_cnt, current val is 257
I1013 15:21:12.220757 12465 naive_actor.cpp:25] actor 2199023255584 switch to &NaiveActor::HandlerNormal
I1013 15:21:12.220758 12444 naive_actor.cpp:25] actor 1099614388285 switch to &NaiveActor::HandlerNormal
I1013 15:21:12.220808 12465 thread.cpp:96] Thread 1048576 construct Actor kNormalForward 2199023255584
I1013 15:21:12.220831 12444 thread.cpp:96] Thread 524337 construct Actor kTick 1099614388285
I1013 15:21:12.220911 12444 runtime_context.cpp:29] DecreaseCounter constructing_actor_cnt, current val is 256
I1013 15:21:12.220916 12465 runtime_context.cpp:29] DecreaseCounter constructing_actor_cnt, current val is 255
I1013 15:21:12.221086 12444 naive_actor.cpp:25] actor 1099614388301 switch to &NaiveActor::HandlerNormal
I1013 15:21:12.221151 12444 thread.cpp:96] Thread 524337 construct Actor kTick 1099614388301
I1013 15:21:12.221189 12444 runtime_context.cpp:29] DecreaseCounter constructing_actor_cnt, current val is 254
I1013 15:21:12.221366 12444 reentrant_lock_actor.cpp:76] actor 1099614388283 switch to &ReentrantLockActor::HandlerNormal
I1013 15:21:12.221465 12444 thread.cpp:96] Thread 524337 construct Actor kReentrantLock 1099614388283
I1013 15:21:12.221503 12444 runtime_context.cpp:29] DecreaseCounter constructing_actor_cnt, current val is 253
I1013 15:21:12.221685 12444 naive_actor.cpp:25] actor 1099614388297 switch to &NaiveActor::HandlerNormal
