Log file created at: 2021/10/14 11:31:30
Running on machine: oneflow-14
Log line format: [IWEF]mmdd hh:mm:ss.uuuuuu threadid file:line] msg
I1014 11:31:30.003690  9902 global.h:36] NewGlobal 14cudaDeviceProp
I1014 11:31:30.005177  9902 global.h:36] NewGlobal N7oneflow7EnvDescE
I1014 11:31:30.005200  9902 global.h:36] NewGlobal N7oneflow10ProcessCtxE
I1014 11:31:30.005208  9902 env_global_objects_scope.cpp:152] using rpc backend: local
I1014 11:31:30.005278  9902 global.h:36] NewGlobal N7oneflow12ResourceDescE
I1014 11:31:30.005295  9902 global.h:36] NewGlobal N7oneflow12ResourceDescE
I1014 11:31:30.089663  9902 global.h:36] NewGlobal N7oneflow10ThreadPoolE
I1014 11:31:30.090868  9902 global.h:36] NewGlobal N7oneflow16EagerNcclCommMgrE
I1014 11:31:30.090886  9902 global.h:36] NewGlobal N7oneflow18CudnnConvAlgoCacheE
I1014 11:31:30.090894  9902 global.h:36] NewGlobal N7oneflow2vm19VirtualMachineScopeE
I1014 11:31:30.090903  9902 global.h:36] NewGlobal N7oneflow9OneflowVME
I1014 11:31:30.091857  9902 oneflow_vm.cpp:75] transport stream type: N7oneflow2vm13CpuStreamTypeE
I1014 11:31:30.091877  9902 oneflow_vm.cpp:75] transport stream type: N7oneflow2vm14CudaStreamTypeE
I1014 11:31:30.091886  9902 oneflow_vm.cpp:75] transport stream type: N7oneflow2vm19AsyncCudaStreamTypeE
I1014 11:31:30.092023  9902 global.h:36] NewGlobal N7oneflow27EagerJobBuildAndInferCtxMgrE
I1014 11:31:30.092038  9902 global.h:36] NewGlobal N7oneflow12EpollCommNetE
I1014 11:31:30.092185  9902 epoll_comm_network.cpp:63] CommNet:Epoll listening on 0.0.0.0:45256
I1014 11:31:30.092223  9902 epoll_comm_network.cpp:197] machine 0 sockfd -1
I1014 11:31:30.092337  9902 global.h:36] NewGlobal N7oneflow9TransportE
I1014 11:31:30.094182  9902 global.h:43] DeleteGlobal N7oneflow12ResourceDescE
I1014 11:31:30.094213  9902 version.cpp:22] OneFlow git version: b295ca2324
I1014 11:31:30.094230  9902 device_register_gpu.cpp:56] CUDA runtime version: 11.2
I1014 11:31:30.094259  9902 device_register_gpu.cpp:65] cuDNN version: 8.1.1
I1014 11:31:30.094270  9902 device_register_gpu.cpp:78] NCCL version: 2.9.8
I1014 11:31:30.094280  9902 global.h:36] NewGlobal N7oneflow12ResourceDescE
I1014 11:31:30.094290  9902 global.h:36] NewGlobal N7oneflow5IDMgrE
I1014 11:31:30.094297  9902 global.h:36] NewGlobal N7oneflow16AvailableMemDescE
I1014 11:31:30.094322  9902 global.h:36] NewGlobal St13unordered_mapISslSt4hashISsESt8equal_toISsESaISt4pairIKSslEEE
I1014 11:31:30.094331  9902 global.h:36] NewGlobal N7oneflow19CriticalSectionDescE
I1014 11:31:30.094338  9902 global.h:36] NewGlobal N7oneflow16InterUserJobInfoE
I1014 11:31:30.094347  9902 global.h:36] NewGlobal N7oneflow26LazyJobBuildAndInferCtxMgrE
I1014 11:31:30.094355  9902 global.h:36] NewGlobal N7oneflow16JobSetCompileCtxE
I1014 11:31:30.094363  9902 global.h:36] NewGlobal N7oneflow26RuntimeBufferManagersScopeE
I1014 11:31:30.094372  9902 global.h:36] NewGlobal N7oneflow9BufferMgrIlEE
I1014 11:31:30.094380  9902 global.h:36] NewGlobal N7oneflow9BufferMgrISt10shared_ptrINS_11JobInstanceEEEE
I1014 11:31:30.094388  9902 global.h:36] NewGlobal N7oneflow10RuntimeCtxE
I1014 11:31:30.094395  9902 global.h:36] NewGlobal N7oneflow15MemoryAllocatorE
I1014 11:31:30.094403  9902 global.h:36] NewGlobal N7oneflow8ChunkMgrE
I1014 11:31:30.094410  9902 global.h:36] NewGlobal N7oneflow8RegstMgrE
I1014 11:31:30.094417  9902 global.h:36] NewGlobal N7oneflow11ActorMsgBusE
I1014 11:31:30.094424  9902 global.h:36] NewGlobal N7oneflow9ThreadMgrE
I1014 11:31:30.094431  9902 global.h:36] NewGlobal N7oneflow15RuntimeJobDescsE
I1014 11:31:30.094439  9902 global.h:36] NewGlobal N7oneflow7summary12EventsWriterE
I1014 11:31:30.094449  9902 global.h:36] NewGlobal N7oneflow6boxing10collective24CollectiveBoxingExecutorE
I1014 11:31:30.094456  9902 global.h:36] NewGlobal N7oneflow6boxing10collective31CollectiveBoxingDeviceCtxPollerE
I1014 11:31:30.094602  9902 session.h:77] NewGlobal N7oneflow25SessionGlobalObjectsScopeE
I1014 11:31:30.095384  9902 global.h:36] NewGlobal N7oneflow7JobDescE
I1014 11:31:30.695843  9902 global.h:43] DeleteGlobal N7oneflow7JobDescE
I1014 11:31:30.696102  9902 global.h:36] NewGlobal N7oneflow7JobDescE
I1014 11:31:30.700227  9902 global.h:36] NewGlobal N7oneflow7OpGraphE
I1014 11:31:30.709581  9902 global.h:43] DeleteGlobal N7oneflow7OpGraphE
I1014 11:31:31.030020  9902 global.h:43] DeleteGlobal N7oneflow7JobDescE
I1014 11:31:31.050886  9902 global.h:36] NewGlobal N7oneflow24InterJobReuseMemStrategyE
I1014 11:31:31.050974  9902 global.h:36] NewGlobal N7oneflow7OneflowE
I1014 11:31:31.065892  9902 global.h:36] NewGlobal N7oneflow7JobDescE
I1014 11:31:31.349961  9902 insert_nccl_logical_op_pass.cpp:663]  Try insert nccl logical ops into job: train_job. Begin...
I1014 11:31:31.350754  9902 insert_nccl_logical_op_pass.cpp:432]  insert nccl op: System-NCCL-Logical-S2S-116 from: [Gather_12](order=6, nd_sbp=[S(2)])->[Reshape_14](order=8, nd_sbp=[S(0)]) and before: [Reshape_8](order=7)
I1014 11:31:31.350911  9902 insert_nccl_logical_op_pass.cpp:432]  insert nccl op: System-NCCL-Logical-P2S-117 from: [ReduceSum_9](order=9, nd_sbp=[P])->[AddN_23](order=48, nd_sbp=[S(0)]) and before: [Concat_15](order=10)
I1014 11:31:31.351444  9902 insert_nccl_logical_op_pass.cpp:432]  insert nccl op: System-NCCL-Logical-S2B-118 from: [SigmoidCrossEntropy_24_grad](order=52, nd_sbp=[S(0)])->[ReduceSum_9_grad](order=57, nd_sbp=[B]) and before: [ScalarMul_26](order=53)
I1014 11:31:31.351543  9902 insert_nccl_logical_op_pass.cpp:432]  insert nccl op: System-NCCL-Logical-P2B-119 from: [deep_scores-matmul_grad_b](order=55, nd_sbp=[P])->[System-ModelDiffScale-ScalarMul_66](order=59, nd_sbp=[B]) and before: [deep_scores-bias_add_grad](order=56)
I1014 11:31:31.351650  9902 insert_nccl_logical_op_pass.cpp:432]  insert nccl op: System-NCCL-Logical-P2B-120 from: [deep_scores-bias_add_grad](order=56, nd_sbp=[P])->[System-ModelDiffScale-ScalarMul_78](order=60, nd_sbp=[B]) and before: [ReduceSum_9_grad](order=57)
I1014 11:31:31.351790  9902 insert_nccl_logical_op_pass.cpp:432]  insert nccl op: System-NCCL-Logical-P2B-121 from: [fc6-matmul_grad_b](order=66, nd_sbp=[P])->[System-ModelDiffScale-ScalarMul_70](order=70, nd_sbp=[B]) and before: [fc6-bias_add_grad](order=67)
I1014 11:31:31.351876  9902 insert_nccl_logical_op_pass.cpp:432]  insert nccl op: System-NCCL-Logical-P2B-122 from: [fc6-bias_add_grad](order=67, nd_sbp=[P])->[System-ModelDiffScale-ScalarMul_69](order=71, nd_sbp=[B]) and before: [fc6-matmul_grad_a](order=68)
I1014 11:31:31.352015  9902 insert_nccl_logical_op_pass.cpp:432]  insert nccl op: System-NCCL-Logical-P2B-123 from: [fc5-matmul_grad_b](order=77, nd_sbp=[P])->[System-ModelDiffScale-ScalarMul_68](order=80, nd_sbp=[B]) and before: [fc5-bias_add_grad](order=78)
I1014 11:31:31.352097  9902 insert_nccl_logical_op_pass.cpp:432]  insert nccl op: System-NCCL-Logical-P2B-124 from: [fc5-bias_add_grad](order=78, nd_sbp=[P])->[System-ModelDiffScale-ScalarMul_71](order=81, nd_sbp=[B]) and before: [fc5-matmul_grad_a](order=79)
I1014 11:31:31.352226  9902 insert_nccl_logical_op_pass.cpp:432]  insert nccl op: System-NCCL-Logical-P2B-125 from: [fc4-matmul_grad_b](order=86, nd_sbp=[P])->[System-ModelDiffScale-ScalarMul_74](order=89, nd_sbp=[B]) and before: [fc4-bias_add_grad](order=87)
I1014 11:31:31.352308  9902 insert_nccl_logical_op_pass.cpp:432]  insert nccl op: System-NCCL-Logical-P2B-126 from: [fc4-bias_add_grad](order=87, nd_sbp=[P])->[System-ModelDiffScale-ScalarMul_79](order=90, nd_sbp=[B]) and before: [fc4-matmul_grad_a](order=88)
I1014 11:31:31.352411  9902 insert_nccl_logical_op_pass.cpp:432]  insert nccl op: System-NCCL-Logical-P2B-127 from: [fc3-matmul_grad_b](order=95, nd_sbp=[P])->[System-ModelDiffScale-ScalarMul_67](order=98, nd_sbp=[B]) and before: [fc3-bias_add_grad](order=96)
I1014 11:31:31.352484  9902 insert_nccl_logical_op_pass.cpp:432]  insert nccl op: System-NCCL-Logical-P2B-128 from: [fc3-bias_add_grad](order=96, nd_sbp=[P])->[System-ModelDiffScale-ScalarMul_82](order=99, nd_sbp=[B]) and before: [fc3-matmul_grad_a](order=97)
I1014 11:31:31.352608  9902 insert_nccl_logical_op_pass.cpp:432]  insert nccl op: System-NCCL-Logical-P2B-129 from: [fc2-matmul_grad_b](order=104, nd_sbp=[P])->[System-ModelDiffScale-ScalarMul_77](order=107, nd_sbp=[B]) and before: [fc2-bias_add_grad](order=105)
I1014 11:31:31.352828  9902 insert_nccl_logical_op_pass.cpp:432]  insert nccl op: System-NCCL-Logical-P2B-130 from: [fc2-bias_add_grad](order=105, nd_sbp=[P])->[System-ModelDiffScale-ScalarMul_73](order=108, nd_sbp=[B]) and before: [fc2-matmul_grad_a](order=106)
I1014 11:31:31.352958  9902 insert_nccl_logical_op_pass.cpp:432]  insert nccl op: System-NCCL-Logical-P2B-131 from: [fc1-matmul_grad_b](order=113, nd_sbp=[P])->[System-ModelDiffScale-ScalarMul_81](order=116, nd_sbp=[B]) and before: [fc1-bias_add_grad](order=114)
I1014 11:31:31.353032  9902 insert_nccl_logical_op_pass.cpp:432]  insert nccl op: System-NCCL-Logical-P2B-132 from: [fc1-bias_add_grad](order=114, nd_sbp=[P])->[System-ModelDiffScale-ScalarMul_65](order=117, nd_sbp=[B]) and before: [fc1-matmul_grad_a](order=115)
I1014 11:31:31.353152  9902 insert_nccl_logical_op_pass.cpp:432]  insert nccl op: System-NCCL-Logical-P2B-133 from: [fc0-matmul_grad_b](order=122, nd_sbp=[P])->[System-ModelDiffScale-ScalarMul_75](order=125, nd_sbp=[B]) and before: [fc0-bias_add_grad](order=123)
I1014 11:31:31.353225  9902 insert_nccl_logical_op_pass.cpp:432]  insert nccl op: System-NCCL-Logical-P2B-134 from: [fc0-bias_add_grad](order=123, nd_sbp=[P])->[System-ModelDiffScale-ScalarMul_72](order=126, nd_sbp=[B]) and before: [fc0-matmul_grad_a](order=124)
I1014 11:31:31.353340  9902 insert_nccl_logical_op_pass.cpp:432]  insert nccl op: System-NCCL-Logical-S2S-135 from: [Reshape_14_grad](order=130, nd_sbp=[S(0)])->[Gather_12_grad](order=131, nd_sbp=[S(2)]) and before: [Gather_12_grad](order=131)
I1014 11:31:31.353400  9902 insert_nccl_logical_op_pass.cpp:699]  Try insert nccl logical ops into job: train_job. ...End

I1014 11:31:31.414919  9902 global.h:36] NewGlobal N7oneflow7OpGraphE
I1014 11:31:31.537737  9902 global.h:43] DeleteGlobal N7oneflow7OpGraphE
I1014 11:31:31.550011  9902 oneflow.cpp:210] 
job_id: 0 , job_name: train_job , compile time: 0.484056 seconds.
I1014 11:31:31.627239  9902 global.h:43] DeleteGlobal N7oneflow7JobDescE
I1014 11:31:31.627578  9902 global.h:36] NewGlobal N7oneflow7JobDescE
I1014 11:31:31.674904  9902 global.h:36] NewGlobal N7oneflow7OpGraphE
I1014 11:31:31.696621  9902 global.h:43] DeleteGlobal N7oneflow7OpGraphE
I1014 11:31:31.701506  9902 oneflow.cpp:210] 
job_id: 1 , job_name: System-ModelInit , compile time: 0.0733312 seconds.
I1014 11:31:31.715783  9902 global.h:43] DeleteGlobal N7oneflow7JobDescE
I1014 11:31:31.715824  9902 global.h:36] NewGlobal N7oneflow7JobDescE
I1014 11:31:31.760644  9902 global.h:36] NewGlobal N7oneflow7OpGraphE
I1014 11:31:31.782682  9902 global.h:43] DeleteGlobal N7oneflow7OpGraphE
I1014 11:31:31.787667  9902 oneflow.cpp:210] 
job_id: 2 , job_name: System-ModelLoad , compile time: 0.0718134 seconds.
I1014 11:31:31.801661  9902 global.h:43] DeleteGlobal N7oneflow7JobDescE
I1014 11:31:31.801698  9902 global.h:36] NewGlobal N7oneflow7JobDescE
I1014 11:31:31.845538  9902 global.h:36] NewGlobal N7oneflow7OpGraphE
I1014 11:31:31.866464  9902 global.h:43] DeleteGlobal N7oneflow7OpGraphE
I1014 11:31:31.871414  9902 oneflow.cpp:210] 
job_id: 3 , job_name: System-ModelSave , compile time: 0.0696876 seconds.
I1014 11:31:31.885694  9902 global.h:43] DeleteGlobal N7oneflow7JobDescE
I1014 11:31:31.885735  9902 global.h:36] NewGlobal N7oneflow7JobDescE
I1014 11:31:31.895061  9902 global.h:36] NewGlobal N7oneflow7OpGraphE
I1014 11:31:31.900441  9902 global.h:43] DeleteGlobal N7oneflow7OpGraphE
I1014 11:31:31.903054  9902 oneflow.cpp:210] 
job_id: 4 , job_name: System-Pull-Return_27 , compile time: 0.0172918 seconds.
I1014 11:31:31.907202  9902 global.h:43] DeleteGlobal N7oneflow7JobDescE
I1014 11:31:31.914245  9902 global.h:36] NewGlobal N7oneflow7JobDescE
I1014 11:31:31.914290  9902 global.h:36] NewGlobal N7oneflow7OpGraphE
I1014 11:31:31.920192  9902 global.h:43] DeleteGlobal N7oneflow7OpGraphE
I1014 11:31:31.923862  9902 oneflow.cpp:210] 
job_id: 5 , job_name: MainJob-unamed , compile time: 0.00958157 seconds.
I1014 11:31:31.930672  9902 global.h:43] DeleteGlobal N7oneflow7JobDescE
I1014 11:31:31.935493  9902 plan_util.cpp:928]  Plan: merged_plan needs to allocate [ 759.479 MiB ] device memory in Rank: 0 , Device: 0
I1014 11:31:31.935534  9902 plan_util.cpp:928]  Plan: merged_plan needs to allocate [ 759.478 MiB ] device memory in Rank: 0 , Device: 1
I1014 11:31:32.093048  9902 oneflow.cpp:998]  PushPlan merged_plan time: 0.0162852 seconds.
I1014 11:31:32.140588  9902 oneflow.cpp:1014]  PullPlan merged_plan time: 0.0425257 seconds.
I1014 11:31:36.084018  9902 runtime_context.cpp:21] NewCounter constructing_actor_cnt 769
I1014 11:31:36.086278 10613 naive_actor.cpp:25] actor 2199023255723 switch to &NaiveActor::HandlerNormal
I1014 11:31:36.086354 10624 naive_actor.cpp:25] actor 2207613190315 switch to &NaiveActor::HandlerNormal
I1014 11:31:36.086374 10606 naive_actor.cpp:25] actor 1099614388239 switch to &NaiveActor::HandlerNormal
I1014 11:31:36.086453 10607 wait_and_send_ids_actor.cpp:53] actor 1099616485376 switch to &WaitAndSendIdsActor::HandlerWaitToStart
I1014 11:31:36.086426 10624 thread.cpp:96] Thread 1052672 construct Actor kDeviceTick 2207613190315
I1014 11:31:36.086390 10613 thread.cpp:96] Thread 1048576 construct Actor kDeviceTick 2199023255723
I1014 11:31:36.086472 10606 thread.cpp:96] Thread 524337 construct Actor kDeviceTick 1099614388239
I1014 11:31:36.086503 10607 thread.cpp:96] Thread 524338 construct Actor kWaitAndSendIds 1099616485376
I1014 11:31:36.086666 10624 runtime_context.cpp:29] DecreaseCounter constructing_actor_cnt, current val is 768
I1014 11:31:36.086668 10613 runtime_context.cpp:29] DecreaseCounter constructing_actor_cnt, current val is 767
I1014 11:31:36.086712 10606 runtime_context.cpp:29] DecreaseCounter constructing_actor_cnt, current val is 766
I1014 11:31:36.086751 10607 runtime_context.cpp:29] DecreaseCounter constructing_actor_cnt, current val is 765
I1014 11:31:36.086943 10624 naive_actor.cpp:25] actor 2207613190374 switch to &NaiveActor::HandlerNormal
I1014 11:31:36.086977 10624 thread.cpp:96] Thread 1052672 construct Actor kDeviceTick 2207613190374
I1014 11:31:36.087011 10613 naive_actor.cpp:25] actor 2199023255782 switch to &NaiveActor::HandlerNormal
I1014 11:31:36.087045 10613 thread.cpp:96] Thread 1048576 construct Actor kDeviceTick 2199023255782
I1014 11:31:36.087074 10606 naive_actor.cpp:25] actor 1099614388238 switch to &NaiveActor::HandlerNormal
I1014 11:31:36.087118 10606 thread.cpp:96] Thread 524337 construct Actor kDeviceTick 1099614388238
I1014 11:31:36.087052 10624 runtime_context.cpp:29] DecreaseCounter constructing_actor_cnt, current val is 764
I1014 11:31:36.087189 10613 runtime_context.cpp:29] DecreaseCounter constructing_actor_cnt, current val is 763
I1014 11:31:36.087235 10606 runtime_context.cpp:29] DecreaseCounter constructing_actor_cnt, current val is 762
I1014 11:31:36.087435 10624 naive_actor.cpp:25] actor 2207613190413 switch to &NaiveActor::HandlerNormal
I1014 11:31:36.087468 10624 thread.cpp:96] Thread 1052672 construct Actor kDeviceTick 2207613190413
I1014 11:31:36.087477 10613 naive_actor.cpp:25] actor 2199023255821 switch to &NaiveActor::HandlerNormal
I1014 11:31:36.087538 10606 naive_actor.cpp:25] actor 1099614388229 switch to &NaiveActor::HandlerNormal
I1014 11:31:36.087596 10624 runtime_context.cpp:29] DecreaseCounter constructing_actor_cnt, current val is 761
I1014 11:31:36.087602 10613 thread.cpp:96] Thread 1048576 construct Actor kDeviceTick 2199023255821
I1014 11:31:36.087648 10606 thread.cpp:96] Thread 524337 construct Actor kDeviceTick 1099614388229
I1014 11:31:36.087810 10613 runtime_context.cpp:29] DecreaseCounter constructing_actor_cnt, current val is 760
I1014 11:31:36.087819 10606 runtime_context.cpp:29] DecreaseCounter constructing_actor_cnt, current val is 759
I1014 11:31:36.087894 10624 naive_actor.cpp:25] actor 2207613190452 switch to &NaiveActor::HandlerNormal
I1014 11:31:36.087947 10624 thread.cpp:96] Thread 1052672 construct Actor kDeviceTick 2207613190452
I1014 11:31:36.088024 10624 runtime_context.cpp:29] DecreaseCounter constructing_actor_cnt, current val is 758
I1014 11:31:36.088145 10613 naive_actor.cpp:25] actor 2199023255860 switch to &NaiveActor::HandlerNormal
I1014 11:31:36.088156 10606 naive_actor.cpp:25] actor 1099614388228 switch to &NaiveActor::HandlerNormal
I1014 11:31:36.088274 10613 thread.cpp:96] Thread 1048576 construct Actor kDeviceTick 2199023255860
I1014 11:31:36.088363 10606 thread.cpp:96] Thread 524337 construct Actor kDeviceTick 1099614388228
I1014 11:31:36.088443 10613 runtime_context.cpp:29] DecreaseCounter constructing_actor_cnt, current val is 757
I1014 11:31:36.088459 10606 runtime_context.cpp:29] DecreaseCounter constructing_actor_cnt, current val is 756
I1014 11:31:36.088765 10606 naive_actor.cpp:25] actor 1099614388230 switch to &NaiveActor::HandlerNormal
I1014 11:31:36.088809 10606 thread.cpp:96] Thread 524337 construct Actor kDeviceTick 1099614388230
I1014 11:31:36.088941 10606 runtime_context.cpp:29] DecreaseCounter constructing_actor_cnt, current val is 755
I1014 11:31:36.089212 10606 naive_actor.cpp:25] actor 1099614388249 switch to &NaiveActor::HandlerNormal
I1014 11:31:36.089257 10606 thread.cpp:96] Thread 524337 construct Actor kDeviceTick 1099614388249
I1014 11:31:36.089310 10606 runtime_context.cpp:29] DecreaseCounter constructing_actor_cnt, current val is 754
I1014 11:31:36.089634 10606 naive_actor.cpp:25] actor 1099614388258 switch to &NaiveActor::HandlerNormal
I1014 11:31:36.089692 10606 thread.cpp:96] Thread 524337 construct Actor kDeviceTick 1099614388258
I1014 11:31:36.089752 10606 runtime_context.cpp:29] DecreaseCounter constructing_actor_cnt, current val is 753
I1014 11:31:36.089975 10606 naive_actor.cpp:25] actor 1099614388267 switch to &NaiveActor::HandlerNormal
I1014 11:31:36.090020 10606 thread.cpp:96] Thread 524337 construct Actor kDeviceTick 1099614388267
I1014 11:31:36.090070 10606 runtime_context.cpp:29] DecreaseCounter constructing_actor_cnt, current val is 752
I1014 11:31:36.090312 10606 naive_actor.cpp:25] actor 1099614388285 switch to &NaiveActor::HandlerNormal
I1014 11:31:36.090358 10606 thread.cpp:96] Thread 524337 construct Actor kDeviceTick 1099614388285
I1014 11:31:36.090422 10606 runtime_context.cpp:29] DecreaseCounter constructing_actor_cnt, current val is 751
I1014 11:31:36.090708 10606 naive_actor.cpp:25] actor 1099614388284 switch to &NaiveActor::HandlerNormal
I1014 11:31:36.090750 10606 thread.cpp:96] Thread 524337 construct Actor kDeviceTick 1099614388284
I1014 11:31:36.090797 10606 runtime_context.cpp:29] DecreaseCounter constructing_actor_cnt, current val is 750
I1014 11:31:36.091007 10606 naive_actor.cpp:25] actor 1099614388276 switch to &NaiveActor::HandlerNormal
I1014 11:31:36.091050 10606 thread.cpp:96] Thread 524337 construct Actor kDeviceTick 1099614388276
I1014 11:31:36.091096 10606 runtime_context.cpp:29] DecreaseCounter constructing_actor_cnt, current val is 749
I1014 11:31:36.091311 10606 naive_actor.cpp:25] actor 1099614388287 switch to &NaiveActor::HandlerNormal
I1014 11:31:36.091432 10606 thread.cpp:96] Thread 524337 construct Actor kDeviceTick 1099614388287
I1014 11:31:36.091480 10606 runtime_context.cpp:29] DecreaseCounter constructing_actor_cnt, current val is 748
I1014 11:31:36.119174 10586 naive_actor.cpp:25] actor 1099536793600 switch to &NaiveActor::HandlerNormal
I1014 11:31:36.119292 10586 thread.cpp:96] Thread 524300 construct Actor kNormalForward 1099536793600
I1014 11:31:36.119735 10589 naive_actor.cpp:25] actor 1099543085056 switch to &NaiveActor::HandlerNormal
I1014 11:31:36.119714 10591 naive_actor.cpp:25] actor 1099547279360 switch to &NaiveActor::HandlerNormal
I1014 11:31:36.120012 10595 naive_actor.cpp:25] actor 1099555667968 switch to &NaiveActor::HandlerNormal
I1014 11:31:36.119822 10586 runtime_context.cpp:29] DecreaseCounter constructing_actor_cnt, current val is 747
I1014 11:31:36.119936 10589 thread.cpp:96] Thread 524303 construct Actor kNormalForward 1099543085056
I1014 11:31:36.119943 10556 naive_actor.cpp:25] actor 1099520016384 switch to &NaiveActor::HandlerNormal
I1014 11:31:36.120308 10589 runtime_context.cpp:29] DecreaseCounter constructing_actor_cnt, current val is 746
I1014 11:31:36.120035 10591 thread.cpp:96] Thread 524305 construct Actor kNormalForward 1099547279360
I1014 11:31:36.120093 10595 thread.cpp:96] Thread 524309 construct Actor kNormalForward 1099555667968
I1014 11:31:36.120146 10561 naive_actor.cpp:25] actor 1099528404992 switch to &NaiveActor::HandlerNormal
I1014 11:31:36.120208 10590 naive_actor.cpp:25] actor 1099545182208 switch to &NaiveActor::HandlerNormal
I1014 11:31:36.120781 10555 naive_actor.cpp:25] actor 1099517919232 switch to &NaiveActor::HandlerNormal
I1014 11:31:36.120903 10600 naive_actor.cpp:25] actor 1099564056576 switch to &NaiveActor::HandlerNormal
I1014 11:31:36.120350 10588 naive_actor.cpp:25] actor 1099540987904 switch to &NaiveActor::HandlerNormal
I1014 11:31:36.120394 10599 naive_actor.cpp:25] actor 1099561959424 switch to &NaiveActor::HandlerNormal
I1014 11:31:36.120980 10624 naive_actor.cpp:25] actor 2207613190156 switch to &NaiveActor::HandlerNormal
I1014 11:31:36.120754 10561 thread.cpp:96] Thread 524296 construct Actor kNormalForward 1099528404992
I1014 11:31:36.120780 10591 runtime_context.cpp:29] DecreaseCounter constructing_actor_cnt, current val is 745
I1014 11:31:36.120784 10595 runtime_context.cpp:29] DecreaseCounter constructing_actor_cnt, current val is 744
I1014 11:31:36.121099 10561 runtime_context.cpp:29] DecreaseCounter constructing_actor_cnt, current val is 743
I1014 11:31:36.120839 10598 naive_actor.cpp:25] actor 1099559862272 switch to &NaiveActor::HandlerNormal
I1014 11:31:36.120849 10590 thread.cpp:96] Thread 524304 construct Actor kNormalForward 1099545182208
I1014 11:31:36.119482 10587 naive_actor.cpp:25] actor 1099538890752 switch to &NaiveActor::HandlerNormal
I1014 11:31:36.121348 10557 naive_actor.cpp:25] actor 1099522113536 switch to &NaiveActor::HandlerNormal
I1014 11:31:36.120890 10594 naive_actor.cpp:25] actor 1099553570816 switch to &NaiveActor::HandlerNormal
I1014 11:31:36.121480 10605 naive_actor.cpp:25] actor 1099574542336 switch to &NaiveActor::HandlerNormal
I1014 11:31:36.121531 10626 naive_actor.cpp:25] actor 2207615287296 switch to &NaiveActor::HandlerNormal
I1014 11:31:36.120980 10588 thread.cpp:96] Thread 524302 construct Actor kNormalForward 1099540987904
I1014 11:31:36.120999 10599 thread.cpp:96] Thread 524312 construct Actor kNormalForward 1099561959424
I1014 11:31:36.121685 10606 naive_actor.cpp:25] actor 1099614388235 switch to &NaiveActor::HandlerNormal
I1014 11:31:36.121399 10617 naive_actor.cpp:25] actor 2199027449856 switch to &NaiveActor::HandlerNormal
I1014 11:31:36.121788 10599 runtime_context.cpp:29] DecreaseCounter constructing_actor_cnt, current val is 740
I1014 11:31:36.121824 10604 naive_actor.cpp:25] actor 1099572445184 switch to &NaiveActor::HandlerNormal
I1014 11:31:36.121892 10604 thread.cpp:96] Thread 524317 construct Actor kNormalForward 1099572445184
I1014 11:31:36.121304 10590 runtime_context.cpp:29] DecreaseCounter constructing_actor_cnt, current val is 742
I1014 11:31:36.121312 10563 naive_actor.cpp:25] actor 1099532599296 switch to &NaiveActor::HandlerNormal
I1014 11:31:36.121313 10554 naive_actor.cpp:25] actor 1099515822080 switch to &NaiveActor::HandlerNormal
I1014 11:31:36.121318 10560 naive_actor.cpp:25] actor 1099526307840 switch to &NaiveActor::HandlerNormal
I1014 11:31:36.120889 10555 thread.cpp:96] Thread 524291 construct Actor kNormalForward 1099517919232
I1014 11:31:36.121369 10587 thread.cpp:96] Thread 524301 construct Actor kNormalForward 1099538890752
I1014 11:31:36.121388 10593 naive_actor.cpp:25] actor 1099551473664 switch to &NaiveActor::HandlerNormal
I1014 11:31:36.121398 10592 naive_actor.cpp:25] actor 1099549376512 switch to &NaiveActor::HandlerNormal
I1014 11:31:36.122357 10587 runtime_context.cpp:29] DecreaseCounter constructing_actor_cnt, current val is 737
I1014 11:31:36.122380 10592 thread.cpp:96] Thread 524306 construct Actor kNormalForward 1099549376512
I1014 11:31:36.121443 10557 thread.cpp:96] Thread 524293 construct Actor kNormalForward 1099522113536
I1014 11:31:36.122457 10592 runtime_context.cpp:29] DecreaseCounter constructing_actor_cnt, current val is 736
I1014 11:31:36.121495 10594 thread.cpp:96] Thread 524308 construct Actor kNormalForward 1099553570816
I1014 11:31:36.120952 10596 naive_actor.cpp:25] actor 1099557765120 switch to &NaiveActor::HandlerNormal
I1014 11:31:36.122853 10594 runtime_context.cpp:29] DecreaseCounter constructing_actor_cnt, current val is 734
I1014 11:31:36.122885 10596 thread.cpp:96] Thread 524310 construct Actor kForeignInput 1099557765120
I1014 11:31:36.121542 10605 thread.cpp:96] Thread 524318 construct Actor kForeignOutput 1099574542336
I1014 11:31:36.121609 10626 thread.cpp:96] Thread 1052673 construct Actor kSliceBoxing 2207615287296
I1014 11:31:36.121626 10608 sink_actor.cpp:21] actor 1099618582528 switch to &SinkActor::HandlerNormal
I1014 11:31:36.123010 10605 runtime_context.cpp:29] DecreaseCounter constructing_actor_cnt, current val is 732
I1014 11:31:36.120505 10558 naive_actor.cpp:25] actor 1099524210688 switch to &NaiveActor::HandlerNormal
I1014 11:31:36.121035 10624 thread.cpp:96] Thread 1052672 construct Actor kNormalForward 2207613190156
I1014 11:31:36.121742 10606 thread.cpp:96] Thread 524337 construct Actor kTick 1099614388235
I1014 11:31:36.121754 10588 runtime_context.cpp:29] DecreaseCounter constructing_actor_cnt, current val is 741
I1014 11:31:36.123255 10606 runtime_context.cpp:29] DecreaseCounter constructing_actor_cnt, current val is 729
I1014 11:31:36.121712 10615 naive_actor.cpp:25] actor 2199025352704 switch to &NaiveActor::HandlerNormal
I1014 11:31:36.121083 10562 naive_actor.cpp:25] actor 1099530502144 switch to &NaiveActor::HandlerNormal
I1014 11:31:36.123524 10562 thread.cpp:96] Thread 524297 construct Actor kNormalForward 1099530502144
I1014 11:31:36.120317 10556 thread.cpp:96] Thread 524292 construct Actor kNormalForward 1099520016384
I1014 11:31:36.121208 10598 thread.cpp:96] Thread 524311 construct Actor kNormalForward 1099559862272
I1014 11:31:36.123801 10556 runtime_context.cpp:29] DecreaseCounter constructing_actor_cnt, current val is 727
I1014 11:31:36.122040 10563 thread.cpp:96] Thread 524298 construct Actor kNormalForward 1099532599296
I1014 11:31:36.122087 10585 naive_actor.cpp:25] actor 1099534696448 switch to &NaiveActor::HandlerNormal
I1014 11:31:36.124164 10585 thread.cpp:96] Thread 524299 construct Actor kNormalForward 1099534696448
I1014 11:31:36.122170 10560 thread.cpp:96] Thread 524295 construct Actor kNormalForward 1099526307840
I1014 11:31:36.122249 10613 naive_actor.cpp:25] actor 2199023255559 switch to &NaiveActor::HandlerNormal
I1014 11:31:36.122265 10555 runtime_context.cpp:29] DecreaseCounter constructing_actor_cnt, current val is 738
I1014 11:31:36.122334 10593 thread.cpp:96] Thread 524307 construct Actor kForeignInput 1099551473664
I1014 11:31:36.120956 10600 thread.cpp:96] Thread 524313 construct Actor kForeignInput 1099564056576
I1014 11:31:36.124608 10593 runtime_context.cpp:29] DecreaseCounter constructing_actor_cnt, current val is 722
I1014 11:31:36.121601 10602 naive_actor.cpp:25] actor 1099568250880 switch to &NaiveActor::HandlerNormal
I1014 11:31:36.122977 10596 runtime_context.cpp:29] DecreaseCounter constructing_actor_cnt, current val is 733
I1014 11:31:36.123013 10626 runtime_context.cpp:29] DecreaseCounter constructing_actor_cnt, current val is 731
I1014 11:31:36.123026 10608 thread.cpp:96] Thread 524339 construct Actor kCallbackNotify 1099618582528
I1014 11:31:36.121711 10603 naive_actor.cpp:25] actor 1099570348032 switch to &NaiveActor::HandlerNormal
I1014 11:31:36.123096 10558 thread.cpp:96] Thread 524294 construct Actor kNormalForward 1099524210688
I1014 11:31:36.123179 10624 runtime_context.cpp:29] DecreaseCounter constructing_actor_cnt, current val is 730
I1014 11:31:36.125370 10558 runtime_context.cpp:29] DecreaseCounter constructing_actor_cnt, current val is 719
I1014 11:31:36.123458 10615 thread.cpp:96] Thread 1048577 construct Actor kSliceBoxing 2199025352704
I1014 11:31:36.121803 10617 thread.cpp:96] Thread 1048578 construct Actor kCopyHd 2199027449856
I1014 11:31:36.123675 10562 runtime_context.cpp:29] DecreaseCounter constructing_actor_cnt, current val is 728
I1014 11:31:36.122000 10604 runtime_context.cpp:29] DecreaseCounter constructing_actor_cnt, current val is 739
I1014 11:31:36.123857 10606 naive_actor.cpp:25] actor 1099614388227 switch to &NaiveActor::HandlerNormal
I1014 11:31:36.123872 10598 runtime_context.cpp:29] DecreaseCounter constructing_actor_cnt, current val is 726
I1014 11:31:36.124042 10563 runtime_context.cpp:29] DecreaseCounter constructing_actor_cnt, current val is 725
I1014 11:31:36.122097 10554 thread.cpp:96] Thread 524290 construct Actor kNormalForward 1099515822080
I1014 11:31:36.124351 10585 runtime_context.cpp:29] DecreaseCounter constructing_actor_cnt, current val is 724
I1014 11:31:36.124370 10560 runtime_context.cpp:29] DecreaseCounter constructing_actor_cnt, current val is 723
I1014 11:31:36.124374 10613 thread.cpp:96] Thread 1048576 construct Actor kNormalForward 2199023255559
I1014 11:31:36.122503 10557 runtime_context.cpp:29] DecreaseCounter constructing_actor_cnt, current val is 735
I1014 11:31:36.124653 10600 runtime_context.cpp:29] DecreaseCounter constructing_actor_cnt, current val is 721
I1014 11:31:36.124840 10602 thread.cpp:96] Thread 524315 construct Actor kNormalForward 1099568250880
I1014 11:31:36.125205 10608 runtime_context.cpp:29] DecreaseCounter constructing_actor_cnt, current val is 720
I1014 11:31:36.125212 10626 naive_actor.cpp:25] actor 2207615287299 switch to &NaiveActor::HandlerNormal
I1014 11:31:36.125262 10603 thread.cpp:96] Thread 524316 construct Actor kNormalForward 1099570348032
I1014 11:31:36.121767 10601 naive_actor.cpp:25] actor 1099566153728 switch to &NaiveActor::HandlerNormal
I1014 11:31:36.125507 10615 runtime_context.cpp:29] DecreaseCounter constructing_actor_cnt, current val is 718
I1014 11:31:36.125671 10617 runtime_context.cpp:29] DecreaseCounter constructing_actor_cnt, current val is 717
I1014 11:31:36.125675 10624 naive_actor.cpp:25] actor 2207613190154 switch to &NaiveActor::HandlerNormal
I1014 11:31:36.125946 10606 thread.cpp:96] Thread 524337 construct Actor kSrcSubsetTick 1099614388227
I1014 11:31:36.126106 10554 runtime_context.cpp:29] DecreaseCounter constructing_actor_cnt, current val is 716
I1014 11:31:36.127013 10615 naive_actor.cpp:25] actor 2199025352705 switch to &NaiveActor::HandlerNormal
I1014 11:31:36.126631 10602 runtime_context.cpp:29] DecreaseCounter constructing_actor_cnt, current val is 714
I1014 11:31:36.126695 10626 thread.cpp:96] Thread 1052673 construct Actor kCopyHd 2207615287299
I1014 11:31:36.126798 10603 runtime_context.cpp:29] DecreaseCounter constructing_actor_cnt, current val is 713
I1014 11:31:36.126804 10601 thread.cpp:96] Thread 524314 construct Actor kNormalForward 1099566153728
I1014 11:31:36.126952 10624 thread.cpp:96] Thread 1052672 construct Actor kNormalForward 2207613190154
I1014 11:31:36.126318 10613 runtime_context.cpp:29] DecreaseCounter constructing_actor_cnt, current val is 715
I1014 11:31:36.127044 10606 runtime_context.cpp:29] DecreaseCounter constructing_actor_cnt, current val is 712
I1014 11:31:36.127065 10615 thread.cpp:96] Thread 1048577 construct Actor kSliceBoxing 2199025352705
I1014 11:31:36.127173 10626 runtime_context.cpp:29] DecreaseCounter constructing_actor_cnt, current val is 711
I1014 11:31:36.127235 10601 runtime_context.cpp:29] DecreaseCounter constructing_actor_cnt, current val is 710
I1014 11:31:36.127267 10624 runtime_context.cpp:29] DecreaseCounter constructing_actor_cnt, current val is 709
I1014 11:31:36.127351 10615 runtime_context.cpp:29] DecreaseCounter constructing_actor_cnt, current val is 708
I1014 11:31:36.127658 10615 naive_actor.cpp:25] actor 2199025352708 switch to &NaiveActor::HandlerNormal
I1014 11:31:36.127708 10615 thread.cpp:96] Thread 1048577 construct Actor kCopyHd 2199025352708
I1014 11:31:36.127701 10626 naive_actor.cpp:25] actor 2207615287297 switch to &NaiveActor::HandlerNormal
I1014 11:31:36.127718 10606 naive_actor.cpp:25] actor 1099614388240 switch to &NaiveActor::HandlerNormal
I1014 11:31:36.127777 10615 runtime_context.cpp:29] DecreaseCounter constructing_actor_cnt, current val is 707
I1014 11:31:36.127810 10626 thread.cpp:96] Thread 1052673 construct Actor kSliceBoxing 2207615287297
I1014 11:31:36.127861 10606 thread.cpp:96] Thread 524337 construct Actor kSrcSubsetTick 1099614388240
I1014 11:31:36.128154 10626 runtime_context.cpp:29] DecreaseCounter constructing_actor_cnt, current val is 706
I1014 11:31:36.128216 10606 runtime_context.cpp:29] DecreaseCounter constructing_actor_cnt, current val is 705
I1014 11:31:36.128266 10615 naive_actor.cpp:25] actor 2199025352706 switch to &NaiveActor::HandlerNormal
I1014 11:31:36.128315 10615 thread.cpp:96] Thread 1048577 construct Actor kSliceBoxing 2199025352706
I1014 11:31:36.128332 10626 naive_actor.cpp:25] actor 2207615287298 switch to &NaiveActor::HandlerNormal
I1014 11:31:36.128366 10626 thread.cpp:96] Thread 1052673 construct Actor kCopyHd 2207615287298
I1014 11:31:36.128367 10615 runtime_context.cpp:29] DecreaseCounter constructing_actor_cnt, current val is 704
I1014 11:31:36.128386 10624 naive_actor.cpp:25] actor 2207613190158 switch to &NaiveActor::HandlerNormal
I1014 11:31:36.128435 10626 runtime_context.cpp:29] DecreaseCounter constructing_actor_cnt, current val is 703
I1014 11:31:36.128439 10613 naive_actor.cpp:25] actor 2199023255552 switch to &NaiveActor::HandlerNormal
I1014 11:31:36.128505 10624 thread.cpp:96] Thread 1052672 construct Actor kNormalForward 2207613190158
I1014 11:31:36.128557 10615 naive_actor.cpp:25] actor 2199025352707 switch to &NaiveActor::HandlerNormal
I1014 11:31:36.128608 10613 thread.cpp:96] Thread 1048576 construct Actor kNormalForward 2199023255552
I1014 11:31:36.128662 10626 naive_actor.cpp:25] actor 2207615287300 switch to &NaiveActor::HandlerNormal
I1014 11:31:36.128669 10615 thread.cpp:96] Thread 1048577 construct Actor kCopyHd 2199025352707
I1014 11:31:36.128701 10624 runtime_context.cpp:29] DecreaseCounter constructing_actor_cnt, current val is 702
I1014 11:31:36.128706 10606 naive_actor.cpp:25] actor 1099614388300 switch to &NaiveActor::HandlerNormal
I1014 11:31:36.128749 10626 thread.cpp:96] Thread 1052673 construct Actor kCopyHd 2207615287300
I1014 11:31:36.128756 10613 runtime_context.cpp:29] DecreaseCounter constructing_actor_cnt, current val is 701
I1014 11:31:36.128947 10626 runtime_context.cpp:29] DecreaseCounter constructing_actor_cnt, current val is 699
I1014 11:31:36.128890 10606 thread.cpp:96] Thread 524337 construct Actor kTick 1099614388300
I1014 11:31:36.128798 10615 runtime_context.cpp:29] DecreaseCounter constructing_actor_cnt, current val is 700
I1014 11:31:36.129098 10606 runtime_context.cpp:29] DecreaseCounter constructing_actor_cnt, current val is 698
I1014 11:31:36.129144 10626 naive_actor.cpp:25] actor 2207615287301 switch to &NaiveActor::HandlerNormal
I1014 11:31:36.129199 10626 thread.cpp:96] Thread 1052673 construct Actor kCopyHd 2207615287301
I1014 11:31:36.129226 10615 naive_actor.cpp:25] actor 2199025352709 switch to &NaiveActor::HandlerNormal
I1014 11:31:36.129262 10626 runtime_context.cpp:29] DecreaseCounter constructing_actor_cnt, current val is 697
I1014 11:31:36.129269 10615 thread.cpp:96] Thread 1048577 construct Actor kCopyHd 2199025352709
I1014 11:31:36.129355 10615 runtime_context.cpp:29] DecreaseCounter constructing_actor_cnt, current val is 696
I1014 11:31:36.129519 10606 naive_actor.cpp:25] actor 1099614388237 switch to &NaiveActor::HandlerNormal
I1014 11:31:36.129591 10606 thread.cpp:96] Thread 524337 construct Actor kTick 1099614388237
I1014 11:31:36.129674 10606 runtime_context.cpp:29] DecreaseCounter constructing_actor_cnt, current val is 695
I1014 11:31:36.129685 10615 naive_actor.cpp:25] actor 2199025352710 switch to &NaiveActor::HandlerNormal
I1014 11:31:36.129688 10626 naive_actor.cpp:25] actor 2207615287302 switch to &NaiveActor::HandlerNormal
I1014 11:31:36.129756 10615 thread.cpp:96] Thread 1048577 construct Actor kCopyHd 2199025352710
I1014 11:31:36.129803 10626 thread.cpp:96] Thread 1052673 construct Actor kCopyHd 2207615287302
I1014 11:31:36.129853 10615 runtime_context.cpp:29] DecreaseCounter constructing_actor_cnt, current val is 694
I1014 11:31:36.129892 10626 runtime_context.cpp:29] DecreaseCounter constructing_actor_cnt, current val is 693
I1014 11:31:36.129952 10624 naive_actor.cpp:25] actor 2207613190144 switch to &NaiveActor::HandlerNormal
I1014 11:31:36.130075 10624 thread.cpp:96] Thread 1052672 construct Actor kNormalForward 2207613190144
I1014 11:31:36.130098 10606 naive_actor.cpp:25] actor 1099614388225 switch to &NaiveActor::HandlerNormal
I1014 11:31:36.130137 10615 naive_actor.cpp:25] actor 2199025352711 switch to &NaiveActor::HandlerNormal
I1014 11:31:36.130167 10606 thread.cpp:96] Thread 524337 construct Actor kDeviceTick 1099614388225
I1014 11:31:36.130178 10624 runtime_context.cpp:29] DecreaseCounter constructing_actor_cnt, current val is 692
I1014 11:31:36.130198 10615 thread.cpp:96] Thread 1048577 construct Actor kCopyHd 2199025352711
I1014 11:31:36.130272 10606 runtime_context.cpp:29] DecreaseCounter constructing_actor_cnt, current val is 691
I1014 11:31:36.130324 10615 runtime_context.cpp:29] DecreaseCounter constructing_actor_cnt, current val is 690
I1014 11:31:36.130445 10613 naive_actor.cpp:25] actor 2199023255568 switch to &NaiveActor::HandlerNormal
I1014 11:31:36.130503 10613 thread.cpp:96] Thread 1048576 construct Actor kNormalForward 2199023255568
I1014 11:31:36.130614 10613 runtime_context.cpp:29] DecreaseCounter constructing_actor_cnt, current val is 689
I1014 11:31:36.130686 10624 naive_actor.cpp:25] actor 2207613190150 switch to &NaiveActor::HandlerNormal
I1014 11:31:36.130743 10624 thread.cpp:96] Thread 1052672 construct Actor kNormalForward 2207613190150
I1014 11:31:36.130826 10624 runtime_context.cpp:29] DecreaseCounter constructing_actor_cnt, current val is 688
I1014 11:31:36.130986 10606 esac_actor.cpp:73] actor 1099614388332 switch to &EsacActor::HandlerNormal
I1014 11:31:36.131054 10606 thread.cpp:96] Thread 524337 construct Actor kEsac 1099614388332
I1014 11:31:36.131193 10606 runtime_context.cpp:29] DecreaseCounter constructing_actor_cnt, current val is 687
I1014 11:31:36.131546 10613 naive_actor.cpp:25] actor 2199023255566 switch to &NaiveActor::HandlerNormal
I1014 11:31:36.131639 10613 thread.cpp:96] Thread 1048576 construct Actor kNormalForward 2199023255566
I1014 11:31:36.131666 10606 naive_actor.cpp:25] actor 1099614388224 switch to &NaiveActor::HandlerNormal
I1014 11:31:36.131712 10613 runtime_context.cpp:29] DecreaseCounter constructing_actor_cnt, current val is 686
I1014 11:31:36.131726 10606 thread.cpp:96] Thread 524337 construct Actor kDeviceTick 1099614388224
I1014 11:31:36.131850 10606 runtime_context.cpp:29] DecreaseCounter constructing_actor_cnt, current val is 685
I1014 11:31:36.132045 10624 naive_actor.cpp:25] actor 2207613190146 switch to &NaiveActor::HandlerNormal
I1014 11:31:36.132105 10624 thread.cpp:96] Thread 1052672 construct Actor kNormalForward 2207613190146
I1014 11:31:36.132210 10624 runtime_context.cpp:29] DecreaseCounter constructing_actor_cnt, current val is 684
I1014 11:31:36.132238 10606 naive_actor.cpp:25] actor 1099614388226 switch to &NaiveActor::HandlerNormal
I1014 11:31:36.132297 10606 thread.cpp:96] Thread 524337 construct Actor kDeviceTick 1099614388226
I1014 11:31:36.132385 10606 runtime_context.cpp:29] DecreaseCounter constructing_actor_cnt, current val is 683
I1014 11:31:36.132652 10613 naive_actor.cpp:25] actor 2199023255557 switch to &NaiveActor::HandlerNormal
I1014 11:31:36.132727 10613 thread.cpp:96] Thread 1048576 construct Actor kNormalForward 2199023255557
I1014 11:31:36.132819 10613 runtime_context.cpp:29] DecreaseCounter constructing_actor_cnt, current val is 682
I1014 11:31:36.132827 10606 naive_actor.cpp:25] actor 1099614388243 switch to &NaiveActor::HandlerNormal
I1014 11:31:36.132911 10606 thread.cpp:96] Thread 524337 construct Actor kDstSubsetTick 1099614388243
I1014 11:31:36.133008 10606 runtime_context.cpp:29] DecreaseCounter constructing_actor_cnt, current val is 681
I1014 11:31:36.133188 10624 naive_actor.cpp:25] actor 2207613190152 switch to &NaiveActor::HandlerNormal
I1014 11:31:36.133247 10624 thread.cpp:96] Thread 1052672 construct Actor kNormalForward 2207613190152
I1014 11:31:36.133358 10606 naive_actor.cpp:25] actor 1099614388236 switch to &NaiveActor::HandlerNormal
I1014 11:31:36.133466 10606 thread.cpp:96] Thread 524337 construct Actor kTick 1099614388236
I1014 11:31:36.133486 10624 runtime_context.cpp:29] DecreaseCounter constructing_actor_cnt, current val is 680
I1014 11:31:36.133549 10606 runtime_context.cpp:29] DecreaseCounter constructing_actor_cnt, current val is 679
I1014 11:31:36.133944 10606 naive_actor.cpp:25] actor 1099614388244 switch to &NaiveActor::HandlerNormal
I1014 11:31:36.134002 10606 thread.cpp:96] Thread 524337 construct Actor kTick 1099614388244
I1014 11:31:36.134076 10606 runtime_context.cpp:29] DecreaseCounter constructing_actor_cnt, current val is 678
I1014 11:31:36.134135 10613 naive_actor.cpp:25] actor 2199023255561 switch to &NaiveActor::HandlerNormal
I1014 11:31:36.134189 10613 thread.cpp:96] Thread 1048576 construct Actor kNormalForward 2199023255561
I1014 11:31:36.134305 10613 runtime_context.cpp:29] DecreaseCounter constructing_actor_cnt, current val is 677
I1014 11:31:36.134490 10606 naive_actor.cpp:25] actor 1099614388242 switch to &NaiveActor::HandlerNormal
I1014 11:31:36.134547 10606 thread.cpp:96] Thread 524337 construct Actor kTick 1099614388242
I1014 11:31:36.134618 10606 runtime_context.cpp:29] DecreaseCounter constructing_actor_cnt, current val is 676
I1014 11:31:36.134795 10613 naive_actor.cpp:25] actor 2199023255562 switch to &NaiveActor::HandlerNormal
I1014 11:31:36.134865 10613 thread.cpp:96] Thread 1048576 construct Actor kNormalForward 2199023255562
I1014 11:31:36.134955 10613 runtime_context.cpp:29] DecreaseCounter constructing_actor_cnt, current val is 675
I1014 11:31:36.134991 10606 naive_actor.cpp:25] actor 1099614388232 switch to &NaiveActor::HandlerNormal
I1014 11:31:36.135049 10606 thread.cpp:96] Thread 524337 construct Actor kTick 1099614388232
I1014 11:31:36.135118 10606 runtime_context.cpp:29] DecreaseCounter constructing_actor_cnt, current val is 674
I1014 11:31:36.135308 10624 naive_actor.cpp:25] actor 2207613190159 switch to &NaiveActor::HandlerNormal
I1014 11:31:36.135351 10613 naive_actor.cpp:25] actor 2199023255558 switch to &NaiveActor::HandlerNormal
I1014 11:31:36.135373 10624 thread.cpp:96] Thread 1052672 construct Actor kNormalForward 2207613190159
I1014 11:31:36.135440 10606 naive_actor.cpp:25] actor 1099614388245 switch to &NaiveActor::HandlerNormal
I1014 11:31:36.135411 10613 thread.cpp:96] Thread 1048576 construct Actor kNormalForward 2199023255558
I1014 11:31:36.135485 10606 thread.cpp:96] Thread 524337 construct Actor kTick 1099614388245
I1014 11:31:36.135496 10624 runtime_context.cpp:29] DecreaseCounter constructing_actor_cnt, current val is 673
I1014 11:31:36.135574 10613 runtime_context.cpp:29] DecreaseCounter constructing_actor_cnt, current val is 672
I1014 11:31:36.135593 10606 runtime_context.cpp:29] DecreaseCounter constructing_actor_cnt, current val is 671
I1014 11:31:36.135911 10606 naive_actor.cpp:25] actor 1099614388234 switch to &NaiveActor::HandlerNormal
I1014 11:31:36.135962 10606 thread.cpp:96] Thread 524337 construct Actor kTick 1099614388234
I1014 11:31:36.136025 10606 runtime_context.cpp:29] DecreaseCounter constructing_actor_cnt, current val is 670
I1014 11:31:36.136466 10606 naive_actor.cpp:25] actor 1099614388233 switch to &NaiveActor::HandlerNormal
I1014 11:31:36.136513 10606 thread.cpp:96] Thread 524337 construct Actor kDstSubsetTick 1099614388233
I1014 11:31:36.136587 10606 runtime_context.cpp:29] DecreaseCounter constructing_actor_cnt, current val is 669
I1014 11:31:36.136643 10613 naive_actor.cpp:25] actor 2199023255555 switch to &NaiveActor::HandlerNormal
I1014 11:31:36.136698 10613 thread.cpp:96] Thread 1048576 construct Actor kNormalForward 2199023255555
I1014 11:31:36.136698 10624 naive_actor.cpp:25] actor 2207613190153 switch to &NaiveActor::HandlerNormal
I1014 11:31:36.136786 10624 thread.cpp:96] Thread 1052672 construct Actor kNormalForward 2207613190153
I1014 11:31:36.136790 10613 runtime_context.cpp:29] DecreaseCounter constructing_actor_cnt, current val is 668
I1014 11:31:36.136878 10624 runtime_context.cpp:29] DecreaseCounter constructing_actor_cnt, current val is 667
I1014 11:31:36.137043 10606 naive_actor.cpp:25] actor 1099614388246 switch to &NaiveActor::HandlerNormal
I1014 11:31:36.137105 10606 thread.cpp:96] Thread 524337 construct Actor kTick 1099614388246
I1014 11:31:36.137185 10606 runtime_context.cpp:29] DecreaseCounter constructing_actor_cnt, current val is 666
I1014 11:31:36.137547 10606 naive_actor.cpp:25] actor 1099614388247 switch to &NaiveActor::HandlerNormal
I1014 11:31:36.137620 10606 thread.cpp:96] Thread 524337 construct Actor kDeviceTick 1099614388247
I1014 11:31:36.137706 10606 runtime_context.cpp:29] DecreaseCounter constructing_actor_cnt, current val is 665
I1014 11:31:36.137868 10613 naive_actor.cpp:25] actor 2199023255560 switch to &NaiveActor::HandlerNormal
I1014 11:31:36.137930 10613 thread.cpp:96] Thread 1048576 construct Actor kNormalForward 2199023255560
I1014 11:31:36.138020 10613 runtime_context.cpp:29] DecreaseCounter constructing_actor_cnt, current val is 664
I1014 11:31:36.138054 10606 naive_actor.cpp:25] actor 1099614388248 switch to &NaiveActor::HandlerNormal
I1014 11:31:36.138110 10606 thread.cpp:96] Thread 524337 construct Actor kSrcSubsetTick 1099614388248
I1014 11:31:36.138181 10606 runtime_context.cpp:29] DecreaseCounter constructing_actor_cnt, current val is 663
I1014 11:31:36.138540 10606 naive_actor.cpp:25] actor 1099614388305 switch to &NaiveActor::HandlerNormal
I1014 11:31:36.138602 10606 thread.cpp:96] Thread 524337 construct Actor kTick 1099614388305
I1014 11:31:36.138674 10606 runtime_context.cpp:29] DecreaseCounter constructing_actor_cnt, current val is 662
I1014 11:31:36.138675 10624 naive_actor.cpp:25] actor 2207613190155 switch to &NaiveActor::HandlerNormal
I1014 11:31:36.138763 10624 thread.cpp:96] Thread 1052672 construct Actor kNormalForward 2207613190155
I1014 11:31:36.138868 10624 runtime_context.cpp:29] DecreaseCounter constructing_actor_cnt, current val is 661
I1014 11:31:36.139024 10606 naive_actor.cpp:25] actor 1099614388251 switch to &NaiveActor::HandlerNormal
I1014 11:31:36.139075 10606 thread.cpp:96] Thread 524337 construct Actor kTick 1099614388251
I1014 11:31:36.139145 10606 runtime_context.cpp:29] DecreaseCounter constructing_actor_cnt, current val is 660
I1014 11:31:36.139205 10613 naive_actor.cpp:25] actor 2199023255579 switch to &NaiveActor::HandlerNormal
I1014 11:31:36.139259 10613 thread.cpp:96] Thread 1048576 construct Actor kNormalForward 2199023255579
I1014 11:31:36.139356 10613 runtime_context.cpp:29] DecreaseCounter constructing_actor_cnt, current val is 659
I1014 11:31:36.139556 10606 naive_actor.cpp:25] actor 1099614388252 switch to &NaiveActor::HandlerNormal
I1014 11:31:36.139616 10606 thread.cpp:96] Thread 524337 construct Actor kDstSubsetTick 1099614388252
I1014 11:31:36.139709 10606 runtime_context.cpp:29] DecreaseCounter constructing_actor_cnt, current val is 658
I1014 11:31:36.139742 10613 naive_actor.cpp:25] actor 2199023255553 switch to &NaiveActor::HandlerNormal
I1014 11:31:36.139788 10613 thread.cpp:96] Thread 1048576 construct Actor kNormalForward 2199023255553
I1014 11:31:36.139871 10613 runtime_context.cpp:29] DecreaseCounter constructing_actor_cnt, current val is 657
I1014 11:31:36.140053 10606 naive_actor.cpp:25] actor 1099614388253 switch to &NaiveActor::HandlerNormal
I1014 11:31:36.140103 10606 thread.cpp:96] Thread 524337 construct Actor kTick 1099614388253
I1014 11:31:36.140170 10606 runtime_context.cpp:29] DecreaseCounter constructing_actor_cnt, current val is 656
I1014 11:31:36.140239 10624 naive_actor.cpp:25] actor 2207613190151 switch to &NaiveActor::HandlerNormal
I1014 11:31:36.140259 10613 naive_actor.cpp:25] actor 2199023255569 switch to &NaiveActor::HandlerNormal
I1014 11:31:36.140305 10624 thread.cpp:96] Thread 1052672 construct Actor kNormalForward 2207613190151
I1014 11:31:36.140345 10613 thread.cpp:96] Thread 1048576 construct Actor kNormalForward 2199023255569
I1014 11:31:36.140471 10613 runtime_context.cpp:29] DecreaseCounter constructing_actor_cnt, current val is 654
I1014 11:31:36.140502 10606 naive_actor.cpp:25] actor 1099614388254 switch to &NaiveActor::HandlerNormal
I1014 11:31:36.140668 10606 thread.cpp:96] Thread 524337 construct Actor kTick 1099614388254
I1014 11:31:36.140472 10624 runtime_context.cpp:29] DecreaseCounter constructing_actor_cnt, current val is 655
I1014 11:31:36.140795 10606 runtime_context.cpp:29] DecreaseCounter constructing_actor_cnt, current val is 653
I1014 11:31:36.141126 10606 naive_actor.cpp:25] actor 1099614388255 switch to &NaiveActor::HandlerNormal
I1014 11:31:36.141176 10606 thread.cpp:96] Thread 524337 construct Actor kTick 1099614388255
I1014 11:31:36.141247 10606 runtime_context.cpp:29] DecreaseCounter constructing_actor_cnt, current val is 652
I1014 11:31:36.141624 10606 naive_actor.cpp:25] actor 1099614388306 switch to &NaiveActor::HandlerNormal
