Log file created at: 2021/10/13 19:50:48
Running on machine: oneflow-14
Log line format: [IWEF]mmdd hh:mm:ss.uuuuuu threadid file:line] msg
I1013 19:50:48.224109 37146 global.h:36] NewGlobal 14cudaDeviceProp
I1013 19:50:48.225694 37146 global.h:36] NewGlobal N7oneflow7EnvDescE
I1013 19:50:48.225719 37146 global.h:36] NewGlobal N7oneflow10ProcessCtxE
I1013 19:50:48.225728 37146 env_global_objects_scope.cpp:152] using rpc backend: local
I1013 19:50:48.225800 37146 global.h:36] NewGlobal N7oneflow12ResourceDescE
I1013 19:50:48.225816 37146 global.h:36] NewGlobal N7oneflow12ResourceDescE
I1013 19:50:48.294628 37146 global.h:36] NewGlobal N7oneflow10ThreadPoolE
I1013 19:50:48.295825 37146 global.h:36] NewGlobal N7oneflow16EagerNcclCommMgrE
I1013 19:50:48.295840 37146 global.h:36] NewGlobal N7oneflow18CudnnConvAlgoCacheE
I1013 19:50:48.295848 37146 global.h:36] NewGlobal N7oneflow2vm19VirtualMachineScopeE
I1013 19:50:48.295856 37146 global.h:36] NewGlobal N7oneflow9OneflowVME
I1013 19:50:48.296710 37146 oneflow_vm.cpp:75] transport stream type: N7oneflow2vm13CpuStreamTypeE
I1013 19:50:48.296727 37146 oneflow_vm.cpp:75] transport stream type: N7oneflow2vm14CudaStreamTypeE
I1013 19:50:48.296736 37146 oneflow_vm.cpp:75] transport stream type: N7oneflow2vm19AsyncCudaStreamTypeE
I1013 19:50:48.296872 37146 global.h:36] NewGlobal N7oneflow27EagerJobBuildAndInferCtxMgrE
I1013 19:50:48.296886 37146 global.h:36] NewGlobal N7oneflow12EpollCommNetE
I1013 19:50:48.297011 37146 epoll_comm_network.cpp:63] CommNet:Epoll listening on 0.0.0.0:36339
I1013 19:50:48.297045 37146 epoll_comm_network.cpp:197] machine 0 sockfd -1
I1013 19:50:48.297156 37146 global.h:36] NewGlobal N7oneflow9TransportE
I1013 19:50:48.298632 37146 global.h:43] DeleteGlobal N7oneflow12ResourceDescE
I1013 19:50:48.298660 37146 version.cpp:22] OneFlow git version: b295ca2324
I1013 19:50:48.298676 37146 device_register_gpu.cpp:56] CUDA runtime version: 11.2
I1013 19:50:48.298696 37146 device_register_gpu.cpp:65] cuDNN version: 8.1.1
I1013 19:50:48.298705 37146 device_register_gpu.cpp:78] NCCL version: 2.9.8
I1013 19:50:48.298713 37146 global.h:36] NewGlobal N7oneflow12ResourceDescE
I1013 19:50:48.298722 37146 global.h:36] NewGlobal N7oneflow5IDMgrE
I1013 19:50:48.298728 37146 global.h:36] NewGlobal N7oneflow16AvailableMemDescE
I1013 19:50:48.298751 37146 global.h:36] NewGlobal St13unordered_mapISslSt4hashISsESt8equal_toISsESaISt4pairIKSslEEE
I1013 19:50:48.298759 37146 global.h:36] NewGlobal N7oneflow19CriticalSectionDescE
I1013 19:50:48.298765 37146 global.h:36] NewGlobal N7oneflow16InterUserJobInfoE
I1013 19:50:48.298774 37146 global.h:36] NewGlobal N7oneflow26LazyJobBuildAndInferCtxMgrE
I1013 19:50:48.298780 37146 global.h:36] NewGlobal N7oneflow16JobSetCompileCtxE
I1013 19:50:48.298787 37146 global.h:36] NewGlobal N7oneflow26RuntimeBufferManagersScopeE
I1013 19:50:48.298794 37146 global.h:36] NewGlobal N7oneflow9BufferMgrIlEE
I1013 19:50:48.298802 37146 global.h:36] NewGlobal N7oneflow9BufferMgrISt10shared_ptrINS_11JobInstanceEEEE
I1013 19:50:48.298810 37146 global.h:36] NewGlobal N7oneflow10RuntimeCtxE
I1013 19:50:48.298816 37146 global.h:36] NewGlobal N7oneflow15MemoryAllocatorE
I1013 19:50:48.298822 37146 global.h:36] NewGlobal N7oneflow8ChunkMgrE
I1013 19:50:48.298828 37146 global.h:36] NewGlobal N7oneflow8RegstMgrE
I1013 19:50:48.298835 37146 global.h:36] NewGlobal N7oneflow11ActorMsgBusE
I1013 19:50:48.298841 37146 global.h:36] NewGlobal N7oneflow9ThreadMgrE
I1013 19:50:48.298847 37146 global.h:36] NewGlobal N7oneflow15RuntimeJobDescsE
I1013 19:50:48.298854 37146 global.h:36] NewGlobal N7oneflow7summary12EventsWriterE
I1013 19:50:48.298863 37146 global.h:36] NewGlobal N7oneflow6boxing10collective24CollectiveBoxingExecutorE
I1013 19:50:48.298869 37146 global.h:36] NewGlobal N7oneflow6boxing10collective31CollectiveBoxingDeviceCtxPollerE
I1013 19:50:48.298990 37146 session.h:77] NewGlobal N7oneflow25SessionGlobalObjectsScopeE
I1013 19:50:48.299711 37146 global.h:36] NewGlobal N7oneflow7JobDescE
I1013 19:50:48.760773 37146 global.h:43] DeleteGlobal N7oneflow7JobDescE
I1013 19:50:48.761044 37146 global.h:36] NewGlobal N7oneflow7JobDescE
I1013 19:50:48.764356 37146 global.h:36] NewGlobal N7oneflow7OpGraphE
I1013 19:50:48.768919 37146 global.h:43] DeleteGlobal N7oneflow7OpGraphE
I1013 19:50:48.970623 37146 global.h:43] DeleteGlobal N7oneflow7JobDescE
I1013 19:50:48.988487 37146 global.h:36] NewGlobal N7oneflow24InterJobReuseMemStrategyE
I1013 19:50:48.988556 37146 global.h:36] NewGlobal N7oneflow7OneflowE
I1013 19:50:49.000797 37146 global.h:36] NewGlobal N7oneflow7JobDescE
I1013 19:50:49.232919 37146 global.h:36] NewGlobal N7oneflow7OpGraphE
I1013 19:50:49.315534 37146 global.h:43] DeleteGlobal N7oneflow7OpGraphE
I1013 19:50:49.325966 37146 oneflow.cpp:210] 
job_id: 0 , job_name: train_job , compile time: 0.320964 seconds.
I1013 19:50:49.379339 37146 global.h:43] DeleteGlobal N7oneflow7JobDescE
I1013 19:50:49.379673 37146 global.h:36] NewGlobal N7oneflow7JobDescE
I1013 19:50:49.425917 37146 global.h:36] NewGlobal N7oneflow7OpGraphE
I1013 19:50:49.443774 37146 global.h:43] DeleteGlobal N7oneflow7OpGraphE
I1013 19:50:49.448640 37146 oneflow.cpp:210] 
job_id: 1 , job_name: System-ModelInit , compile time: 0.0685614 seconds.
I1013 19:50:49.460489 37146 global.h:43] DeleteGlobal N7oneflow7JobDescE
I1013 19:50:49.460515 37146 global.h:36] NewGlobal N7oneflow7JobDescE
I1013 19:50:49.504751 37146 global.h:36] NewGlobal N7oneflow7OpGraphE
I1013 19:50:49.522125 37146 global.h:43] DeleteGlobal N7oneflow7OpGraphE
I1013 19:50:49.526895 37146 oneflow.cpp:210] 
job_id: 2 , job_name: System-ModelLoad , compile time: 0.0663631 seconds.
I1013 19:50:49.538700 37146 global.h:43] DeleteGlobal N7oneflow7JobDescE
I1013 19:50:49.538727 37146 global.h:36] NewGlobal N7oneflow7JobDescE
I1013 19:50:49.582990 37146 global.h:36] NewGlobal N7oneflow7OpGraphE
I1013 19:50:49.599853 37146 global.h:43] DeleteGlobal N7oneflow7OpGraphE
I1013 19:50:49.605048 37146 oneflow.cpp:210] 
job_id: 3 , job_name: System-ModelSave , compile time: 0.0663045 seconds.
I1013 19:50:49.617334 37146 global.h:43] DeleteGlobal N7oneflow7JobDescE
I1013 19:50:49.617362 37146 global.h:36] NewGlobal N7oneflow7JobDescE
I1013 19:50:49.625625 37146 global.h:36] NewGlobal N7oneflow7OpGraphE
I1013 19:50:49.629230 37146 global.h:43] DeleteGlobal N7oneflow7OpGraphE
I1013 19:50:49.630790 37146 oneflow.cpp:210] 
job_id: 4 , job_name: System-Pull-Return_27 , compile time: 0.0134126 seconds.
I1013 19:50:49.634249 37146 global.h:43] DeleteGlobal N7oneflow7JobDescE
I1013 19:50:49.638432 37146 global.h:36] NewGlobal N7oneflow7JobDescE
I1013 19:50:49.638463 37146 global.h:36] NewGlobal N7oneflow7OpGraphE
I1013 19:50:49.643864 37146 global.h:43] DeleteGlobal N7oneflow7OpGraphE
I1013 19:50:49.647313 37146 oneflow.cpp:210] 
job_id: 5 , job_name: MainJob-unamed , compile time: 0.00885811 seconds.
I1013 19:50:49.654337 37146 global.h:43] DeleteGlobal N7oneflow7JobDescE
I1013 19:50:49.656817 37146 plan_util.cpp:928]  Plan: merged_plan needs to allocate [ 1390.45 MiB ] device memory in Rank: 0 , Device: 0
I1013 19:50:49.764045 37146 oneflow.cpp:998]  PushPlan merged_plan time: 0.0107604 seconds.
I1013 19:50:49.793893 37146 oneflow.cpp:1014]  PullPlan merged_plan time: 0.0255872 seconds.
I1013 19:50:51.759932 37146 runtime_context.cpp:21] NewCounter constructing_actor_cnt 409
I1013 19:50:51.761132 37684 naive_actor.cpp:25] actor 2199023255720 switch to &NaiveActor::HandlerNormal
I1013 19:50:51.761270 37680 naive_actor.cpp:25] actor 1099614388226 switch to &NaiveActor::HandlerNormal
I1013 19:50:51.761540 37681 wait_and_send_ids_actor.cpp:53] actor 1099616485376 switch to &WaitAndSendIdsActor::HandlerWaitToStart
I1013 19:50:51.761765 37681 thread.cpp:96] Thread 524338 construct Actor kWaitAndSendIds 1099616485376
I1013 19:50:51.761708 37680 thread.cpp:96] Thread 524337 construct Actor kDeviceTick 1099614388226
I1013 19:50:51.761579 37684 thread.cpp:96] Thread 1048576 construct Actor kDeviceTick 2199023255720
I1013 19:50:51.761883 37681 runtime_context.cpp:29] DecreaseCounter constructing_actor_cnt, current val is 408
I1013 19:50:51.761920 37680 runtime_context.cpp:29] DecreaseCounter constructing_actor_cnt, current val is 407
I1013 19:50:51.761950 37684 runtime_context.cpp:29] DecreaseCounter constructing_actor_cnt, current val is 406
I1013 19:50:51.762373 37680 naive_actor.cpp:25] actor 1099614388233 switch to &NaiveActor::HandlerNormal
I1013 19:50:51.762490 37680 thread.cpp:96] Thread 524337 construct Actor kDeviceTick 1099614388233
I1013 19:50:51.762502 37684 naive_actor.cpp:25] actor 2199023255759 switch to &NaiveActor::HandlerNormal
I1013 19:50:51.762585 37680 runtime_context.cpp:29] DecreaseCounter constructing_actor_cnt, current val is 405
I1013 19:50:51.762616 37684 thread.cpp:96] Thread 1048576 construct Actor kDeviceTick 2199023255759
I1013 19:50:51.762708 37684 runtime_context.cpp:29] DecreaseCounter constructing_actor_cnt, current val is 404
I1013 19:50:51.762871 37680 naive_actor.cpp:25] actor 1099614388243 switch to &NaiveActor::HandlerNormal
I1013 19:50:51.762931 37680 thread.cpp:96] Thread 524337 construct Actor kDeviceTick 1099614388243
I1013 19:50:51.762979 37684 naive_actor.cpp:25] actor 2199023255798 switch to &NaiveActor::HandlerNormal
I1013 19:50:51.762995 37680 runtime_context.cpp:29] DecreaseCounter constructing_actor_cnt, current val is 403
I1013 19:50:51.763018 37684 thread.cpp:96] Thread 1048576 construct Actor kDeviceTick 2199023255798
I1013 19:50:51.763103 37684 runtime_context.cpp:29] DecreaseCounter constructing_actor_cnt, current val is 402
I1013 19:50:51.763258 37680 naive_actor.cpp:25] actor 1099614388252 switch to &NaiveActor::HandlerNormal
I1013 19:50:51.763314 37680 thread.cpp:96] Thread 524337 construct Actor kDeviceTick 1099614388252
I1013 19:50:51.763357 37684 naive_actor.cpp:25] actor 2199023255837 switch to &NaiveActor::HandlerNormal
I1013 19:50:51.763379 37680 runtime_context.cpp:29] DecreaseCounter constructing_actor_cnt, current val is 401
I1013 19:50:51.763391 37684 thread.cpp:96] Thread 1048576 construct Actor kDeviceTick 2199023255837
I1013 19:50:51.763473 37684 runtime_context.cpp:29] DecreaseCounter constructing_actor_cnt, current val is 400
I1013 19:50:51.763729 37680 naive_actor.cpp:25] actor 1099614388261 switch to &NaiveActor::HandlerNormal
I1013 19:50:51.763787 37680 thread.cpp:96] Thread 524337 construct Actor kDeviceTick 1099614388261
I1013 19:50:51.763857 37680 runtime_context.cpp:29] DecreaseCounter constructing_actor_cnt, current val is 399
I1013 19:50:51.764086 37680 naive_actor.cpp:25] actor 1099614388269 switch to &NaiveActor::HandlerNormal
I1013 19:50:51.764133 37680 thread.cpp:96] Thread 524337 construct Actor kDeviceTick 1099614388269
I1013 19:50:51.764183 37680 runtime_context.cpp:29] DecreaseCounter constructing_actor_cnt, current val is 398
I1013 19:50:51.764392 37680 naive_actor.cpp:25] actor 1099614388276 switch to &NaiveActor::HandlerNormal
I1013 19:50:51.764447 37680 thread.cpp:96] Thread 524337 construct Actor kDeviceTick 1099614388276
I1013 19:50:51.764514 37680 runtime_context.cpp:29] DecreaseCounter constructing_actor_cnt, current val is 397
I1013 19:50:51.774796 37670 naive_actor.cpp:25] actor 1099536793600 switch to &NaiveActor::HandlerNormal
I1013 19:50:51.774919 37670 thread.cpp:96] Thread 524300 construct Actor kNormalForward 1099536793600
I1013 19:50:51.774925 37676 naive_actor.cpp:25] actor 1099549376512 switch to &NaiveActor::HandlerNormal
I1013 19:50:51.775055 37670 runtime_context.cpp:29] DecreaseCounter constructing_actor_cnt, current val is 396
I1013 19:50:51.774987 37665 naive_actor.cpp:25] actor 1099526307840 switch to &NaiveActor::HandlerNormal
I1013 19:50:51.775008 37679 naive_actor.cpp:25] actor 1099555667968 switch to &NaiveActor::HandlerNormal
I1013 19:50:51.775245 37680 naive_actor.cpp:25] actor 1099614388228 switch to &NaiveActor::HandlerNormal
I1013 19:50:51.775315 37663 naive_actor.cpp:25] actor 1099522113536 switch to &NaiveActor::HandlerNormal
I1013 19:50:51.775347 37673 naive_actor.cpp:25] actor 1099543085056 switch to &NaiveActor::HandlerNormal
I1013 19:50:51.775513 37673 thread.cpp:96] Thread 524303 construct Actor kNormalForward 1099543085056
I1013 19:50:51.775099 37671 naive_actor.cpp:25] actor 1099538890752 switch to &NaiveActor::HandlerNormal
I1013 19:50:51.775732 37660 naive_actor.cpp:25] actor 1099515822080 switch to &NaiveActor::HandlerNormal
I1013 19:50:51.775842 37660 thread.cpp:96] Thread 524290 construct Actor kNormalForward 1099515822080
I1013 19:50:51.775198 37665 thread.cpp:96] Thread 524295 construct Actor kNormalForward 1099526307840
I1013 19:50:51.775959 37659 naive_actor.cpp:25] actor 1099513724928 switch to &NaiveActor::HandlerNormal
I1013 19:50:51.776057 37665 runtime_context.cpp:29] DecreaseCounter constructing_actor_cnt, current val is 393
I1013 19:50:51.775034 37669 naive_actor.cpp:25] actor 1099534696448 switch to &NaiveActor::HandlerNormal
I1013 19:50:51.776180 37666 naive_actor.cpp:25] actor 1099528404992 switch to &NaiveActor::HandlerNormal
I1013 19:50:51.775332 37680 thread.cpp:96] Thread 524337 construct Actor kTick 1099614388228
I1013 19:50:51.774983 37672 naive_actor.cpp:25] actor 1099540987904 switch to &NaiveActor::HandlerNormal
I1013 19:50:51.776398 37672 thread.cpp:96] Thread 524302 construct Actor kForeignInput 1099540987904
I1013 19:50:51.775422 37663 thread.cpp:96] Thread 524293 construct Actor kNormalForward 1099522113536
I1013 19:50:51.776496 37672 runtime_context.cpp:29] DecreaseCounter constructing_actor_cnt, current val is 391
I1013 19:50:51.775069 37676 thread.cpp:96] Thread 524306 construct Actor kNormalForward 1099549376512
I1013 19:50:51.776547 37663 runtime_context.cpp:29] DecreaseCounter constructing_actor_cnt, current val is 390
I1013 19:50:51.775426 37677 naive_actor.cpp:25] actor 1099551473664 switch to &NaiveActor::HandlerNormal
I1013 19:50:51.775450 37667 naive_actor.cpp:25] actor 1099530502144 switch to &NaiveActor::HandlerNormal
I1013 19:50:51.775483 37662 naive_actor.cpp:25] actor 1099520016384 switch to &NaiveActor::HandlerNormal
I1013 19:50:51.776774 37662 thread.cpp:96] Thread 524292 construct Actor kNormalForward 1099520016384
I1013 19:50:51.775096 37678 naive_actor.cpp:25] actor 1099553570816 switch to &NaiveActor::HandlerNormal
I1013 19:50:51.776859 37662 runtime_context.cpp:29] DecreaseCounter constructing_actor_cnt, current val is 388
I1013 19:50:51.775625 37674 naive_actor.cpp:25] actor 1099545182208 switch to &NaiveActor::HandlerNormal
I1013 19:50:51.775625 37675 naive_actor.cpp:25] actor 1099547279360 switch to &NaiveActor::HandlerNormal
I1013 19:50:51.775686 37673 runtime_context.cpp:29] DecreaseCounter constructing_actor_cnt, current val is 395
I1013 19:50:51.775736 37668 naive_actor.cpp:25] actor 1099532599296 switch to &NaiveActor::HandlerNormal
I1013 19:50:51.777096 37668 thread.cpp:96] Thread 524298 construct Actor kNormalForward 1099532599296
I1013 19:50:51.775772 37671 thread.cpp:96] Thread 524301 construct Actor kNormalForward 1099538890752
I1013 19:50:51.775169 37664 naive_actor.cpp:25] actor 1099524210688 switch to &NaiveActor::HandlerNormal
I1013 19:50:51.777303 37664 thread.cpp:96] Thread 524294 construct Actor kNormalForward 1099524210688
I1013 19:50:51.776072 37659 thread.cpp:96] Thread 524289 construct Actor kNormalForward 1099513724928
I1013 19:50:51.777388 37664 runtime_context.cpp:29] DecreaseCounter constructing_actor_cnt, current val is 385
I1013 19:50:51.776158 37661 naive_actor.cpp:25] actor 1099517919232 switch to &NaiveActor::HandlerNormal
I1013 19:50:51.777500 37661 thread.cpp:96] Thread 524291 construct Actor kNormalForward 1099517919232
I1013 19:50:51.775269 37679 thread.cpp:96] Thread 524309 construct Actor kForeignOutput 1099555667968
I1013 19:50:51.777613 37661 runtime_context.cpp:29] DecreaseCounter constructing_actor_cnt, current val is 383
I1013 19:50:51.776356 37680 runtime_context.cpp:29] DecreaseCounter constructing_actor_cnt, current val is 392
I1013 19:50:51.775403 37682 sink_actor.cpp:21] actor 1099618582528 switch to &SinkActor::HandlerNormal
I1013 19:50:51.776630 37676 runtime_context.cpp:29] DecreaseCounter constructing_actor_cnt, current val is 389
I1013 19:50:51.776643 37677 thread.cpp:96] Thread 524307 construct Actor kNormalForward 1099551473664
I1013 19:50:51.776685 37667 thread.cpp:96] Thread 524297 construct Actor kNormalForward 1099530502144
I1013 19:50:51.776851 37678 thread.cpp:96] Thread 524308 construct Actor kNormalForward 1099553570816
I1013 19:50:51.776933 37674 thread.cpp:96] Thread 524304 construct Actor kNormalForward 1099545182208
I1013 19:50:51.778286 37678 runtime_context.cpp:29] DecreaseCounter constructing_actor_cnt, current val is 379
I1013 19:50:51.778324 37674 runtime_context.cpp:29] DecreaseCounter constructing_actor_cnt, current val is 378
I1013 19:50:51.775707 37684 naive_actor.cpp:25] actor 2199023255563 switch to &NaiveActor::HandlerNormal
I1013 19:50:51.778404 37684 thread.cpp:96] Thread 1048576 construct Actor kNormalForward 2199023255563
I1013 19:50:51.777171 37668 runtime_context.cpp:29] DecreaseCounter constructing_actor_cnt, current val is 387
I1013 19:50:51.777245 37671 runtime_context.cpp:29] DecreaseCounter constructing_actor_cnt, current val is 386
I1013 19:50:51.775976 37660 runtime_context.cpp:29] DecreaseCounter constructing_actor_cnt, current val is 394
I1013 19:50:51.775238 37686 naive_actor.cpp:25] actor 2199025352707 switch to &NaiveActor::HandlerNormal
I1013 19:50:51.777460 37659 runtime_context.cpp:29] DecreaseCounter constructing_actor_cnt, current val is 384
I1013 19:50:51.776224 37669 thread.cpp:96] Thread 524299 construct Actor kForeignInput 1099534696448
I1013 19:50:51.776273 37666 thread.cpp:96] Thread 524296 construct Actor kNormalForward 1099528404992
I1013 19:50:51.777665 37679 runtime_context.cpp:29] DecreaseCounter constructing_actor_cnt, current val is 382
I1013 19:50:51.779028 37666 runtime_context.cpp:29] DecreaseCounter constructing_actor_cnt, current val is 375
I1013 19:50:51.777786 37682 thread.cpp:96] Thread 524339 construct Actor kCallbackNotify 1099618582528
I1013 19:50:51.777922 37677 runtime_context.cpp:29] DecreaseCounter constructing_actor_cnt, current val is 381
I1013 19:50:51.778033 37680 naive_actor.cpp:25] actor 1099614388230 switch to &NaiveActor::HandlerNormal
I1013 19:50:51.779335 37680 thread.cpp:96] Thread 524337 construct Actor kTick 1099614388230
I1013 19:50:51.776965 37675 thread.cpp:96] Thread 524305 construct Actor kForeignInput 1099547279360
I1013 19:50:51.775126 37688 naive_actor.cpp:25] actor 2199027449856 switch to &NaiveActor::HandlerNormal
I1013 19:50:51.779517 37675 runtime_context.cpp:29] DecreaseCounter constructing_actor_cnt, current val is 372
I1013 19:50:51.778781 37686 thread.cpp:96] Thread 1048577 construct Actor kCopyHd 2199025352707
I1013 19:50:51.778940 37669 runtime_context.cpp:29] DecreaseCounter constructing_actor_cnt, current val is 376
I1013 19:50:51.779167 37682 runtime_context.cpp:29] DecreaseCounter constructing_actor_cnt, current val is 374
I1013 19:50:51.778182 37667 runtime_context.cpp:29] DecreaseCounter constructing_actor_cnt, current val is 380
I1013 19:50:51.779443 37680 runtime_context.cpp:29] DecreaseCounter constructing_actor_cnt, current val is 373
I1013 19:50:51.779537 37688 thread.cpp:96] Thread 1048578 construct Actor kCopyHd 2199027449856
I1013 19:50:51.778501 37684 runtime_context.cpp:29] DecreaseCounter constructing_actor_cnt, current val is 377
I1013 19:50:51.779716 37686 runtime_context.cpp:29] DecreaseCounter constructing_actor_cnt, current val is 371
I1013 19:50:51.780156 37688 runtime_context.cpp:29] DecreaseCounter constructing_actor_cnt, current val is 370
I1013 19:50:51.780362 37686 naive_actor.cpp:25] actor 2199025352708 switch to &NaiveActor::HandlerNormal
I1013 19:50:51.780418 37686 thread.cpp:96] Thread 1048577 construct Actor kCopyHd 2199025352708
I1013 19:50:51.780459 37686 runtime_context.cpp:29] DecreaseCounter constructing_actor_cnt, current val is 369
I1013 19:50:51.780596 37680 esac_actor.cpp:73] actor 1099614388321 switch to &EsacActor::HandlerNormal
I1013 19:50:51.780650 37686 naive_actor.cpp:25] actor 2199025352704 switch to &NaiveActor::HandlerNormal
I1013 19:50:51.780658 37680 thread.cpp:96] Thread 524337 construct Actor kEsac 1099614388321
I1013 19:50:51.780714 37686 thread.cpp:96] Thread 1048577 construct Actor kCopyHd 2199025352704
I1013 19:50:51.780836 37680 runtime_context.cpp:29] DecreaseCounter constructing_actor_cnt, current val is 368
I1013 19:50:51.780840 37686 runtime_context.cpp:29] DecreaseCounter constructing_actor_cnt, current val is 367
I1013 19:50:51.781149 37686 naive_actor.cpp:25] actor 2199025352706 switch to &NaiveActor::HandlerNormal
I1013 19:50:51.781211 37686 thread.cpp:96] Thread 1048577 construct Actor kCopyHd 2199025352706
I1013 19:50:51.781263 37686 runtime_context.cpp:29] DecreaseCounter constructing_actor_cnt, current val is 366
I1013 19:50:51.781483 37686 naive_actor.cpp:25] actor 2199025352705 switch to &NaiveActor::HandlerNormal
I1013 19:50:51.781535 37686 thread.cpp:96] Thread 1048577 construct Actor kCopyHd 2199025352705
I1013 19:50:51.781610 37686 runtime_context.cpp:29] DecreaseCounter constructing_actor_cnt, current val is 365
I1013 19:50:51.781643 37680 esac_actor.cpp:73] actor 1099614388313 switch to &EsacActor::HandlerNormal
I1013 19:50:51.781697 37680 thread.cpp:96] Thread 524337 construct Actor kEsac 1099614388313
I1013 19:50:51.781700 37684 naive_actor.cpp:25] actor 2199023255562 switch to &NaiveActor::HandlerNormal
I1013 19:50:51.781745 37686 naive_actor.cpp:25] actor 2199025352709 switch to &NaiveActor::HandlerNormal
I1013 19:50:51.781793 37684 thread.cpp:96] Thread 1048576 construct Actor kNormalForward 2199023255562
I1013 19:50:51.781797 37680 runtime_context.cpp:29] DecreaseCounter constructing_actor_cnt, current val is 364
I1013 19:50:51.781827 37686 thread.cpp:96] Thread 1048577 construct Actor kCopyHd 2199025352709
I1013 19:50:51.781930 37684 runtime_context.cpp:29] DecreaseCounter constructing_actor_cnt, current val is 363
I1013 19:50:51.781944 37686 runtime_context.cpp:29] DecreaseCounter constructing_actor_cnt, current val is 362
I1013 19:50:51.782124 37686 naive_actor.cpp:25] actor 2199025352710 switch to &NaiveActor::HandlerNormal
I1013 19:50:51.782176 37686 thread.cpp:96] Thread 1048577 construct Actor kCopyHd 2199025352710
I1013 19:50:51.782228 37680 naive_actor.cpp:25] actor 1099614388225 switch to &NaiveActor::HandlerNormal
I1013 19:50:51.782243 37686 runtime_context.cpp:29] DecreaseCounter constructing_actor_cnt, current val is 361
I1013 19:50:51.782281 37680 thread.cpp:96] Thread 524337 construct Actor kSrcSubsetTick 1099614388225
I1013 19:50:51.782373 37680 runtime_context.cpp:29] DecreaseCounter constructing_actor_cnt, current val is 360
I1013 19:50:51.782761 37680 naive_actor.cpp:25] actor 1099614388236 switch to &NaiveActor::HandlerNormal
I1013 19:50:51.782816 37680 thread.cpp:96] Thread 524337 construct Actor kTick 1099614388236
I1013 19:50:51.782891 37680 runtime_context.cpp:29] DecreaseCounter constructing_actor_cnt, current val is 359
I1013 19:50:51.783226 37680 naive_actor.cpp:25] actor 1099614388232 switch to &NaiveActor::HandlerNormal
I1013 19:50:51.783274 37680 thread.cpp:96] Thread 524337 construct Actor kTick 1099614388232
I1013 19:50:51.783344 37680 runtime_context.cpp:29] DecreaseCounter constructing_actor_cnt, current val is 358
I1013 19:50:51.783702 37680 naive_actor.cpp:25] actor 1099614388224 switch to &NaiveActor::HandlerNormal
I1013 19:50:51.783763 37680 thread.cpp:96] Thread 524337 construct Actor kDeviceTick 1099614388224
I1013 19:50:51.783831 37680 runtime_context.cpp:29] DecreaseCounter constructing_actor_cnt, current val is 357
I1013 19:50:51.784107 37684 naive_actor.cpp:25] actor 2199023255566 switch to &NaiveActor::HandlerNormal
I1013 19:50:51.784165 37684 thread.cpp:96] Thread 1048576 construct Actor kNormalForward 2199023255566
I1013 19:50:51.784183 37680 naive_actor.cpp:25] actor 1099614388238 switch to &NaiveActor::HandlerNormal
I1013 19:50:51.784238 37680 thread.cpp:96] Thread 524337 construct Actor kTick 1099614388238
I1013 19:50:51.784266 37684 runtime_context.cpp:29] DecreaseCounter constructing_actor_cnt, current val is 356
I1013 19:50:51.784307 37680 runtime_context.cpp:29] DecreaseCounter constructing_actor_cnt, current val is 355
I1013 19:50:51.784691 37684 naive_actor.cpp:25] actor 2199023255557 switch to &NaiveActor::HandlerNormal
I1013 19:50:51.784744 37684 thread.cpp:96] Thread 1048576 construct Actor kNormalForward 2199023255557
I1013 19:50:51.784787 37680 naive_actor.cpp:25] actor 1099614388229 switch to &NaiveActor::HandlerNormal
I1013 19:50:51.784940 37680 thread.cpp:96] Thread 524337 construct Actor kDstSubsetTick 1099614388229
I1013 19:50:51.784947 37684 runtime_context.cpp:29] DecreaseCounter constructing_actor_cnt, current val is 354
I1013 19:50:51.785076 37680 runtime_context.cpp:29] DecreaseCounter constructing_actor_cnt, current val is 353
I1013 19:50:51.785418 37680 naive_actor.cpp:25] actor 1099614388234 switch to &NaiveActor::HandlerNormal
I1013 19:50:51.785468 37680 thread.cpp:96] Thread 524337 construct Actor kSrcSubsetTick 1099614388234
I1013 19:50:51.785537 37680 runtime_context.cpp:29] DecreaseCounter constructing_actor_cnt, current val is 352
I1013 19:50:51.785858 37680 naive_actor.cpp:25] actor 1099614388239 switch to &NaiveActor::HandlerNormal
I1013 19:50:51.785909 37680 thread.cpp:96] Thread 524337 construct Actor kTick 1099614388239
I1013 19:50:51.785979 37680 runtime_context.cpp:29] DecreaseCounter constructing_actor_cnt, current val is 351
I1013 19:50:51.786064 37684 naive_actor.cpp:25] actor 2199023255614 switch to &NaiveActor::HandlerNormal
I1013 19:50:51.786119 37684 thread.cpp:96] Thread 1048576 construct Actor kNormalForward 2199023255614
I1013 19:50:51.786226 37684 runtime_context.cpp:29] DecreaseCounter constructing_actor_cnt, current val is 350
I1013 19:50:51.786357 37680 naive_actor.cpp:25] actor 1099614388231 switch to &NaiveActor::HandlerNormal
I1013 19:50:51.786404 37680 thread.cpp:96] Thread 524337 construct Actor kTick 1099614388231
I1013 19:50:51.786459 37680 runtime_context.cpp:29] DecreaseCounter constructing_actor_cnt, current val is 349
I1013 19:50:51.786955 37680 naive_actor.cpp:25] actor 1099614388237 switch to &NaiveActor::HandlerNormal
I1013 19:50:51.787066 37680 thread.cpp:96] Thread 524337 construct Actor kDstSubsetTick 1099614388237
I1013 19:50:51.787195 37680 runtime_context.cpp:29] DecreaseCounter constructing_actor_cnt, current val is 348
I1013 19:50:51.787227 37684 naive_actor.cpp:25] actor 2199023255579 switch to &NaiveActor::HandlerNormal
I1013 19:50:51.787276 37684 thread.cpp:96] Thread 1048576 construct Actor kNormalForward 2199023255579
I1013 19:50:51.787374 37684 runtime_context.cpp:29] DecreaseCounter constructing_actor_cnt, current val is 347
I1013 19:50:51.787600 37680 naive_actor.cpp:25] actor 1099614388240 switch to &NaiveActor::HandlerNormal
I1013 19:50:51.787655 37680 thread.cpp:96] Thread 524337 construct Actor kTick 1099614388240
I1013 19:50:51.787727 37680 runtime_context.cpp:29] DecreaseCounter constructing_actor_cnt, current val is 346
I1013 19:50:51.787746 37684 naive_actor.cpp:25] actor 2199023255575 switch to &NaiveActor::HandlerNormal
I1013 19:50:51.787801 37684 thread.cpp:96] Thread 1048576 construct Actor kNormalForward 2199023255575
I1013 19:50:51.787881 37684 runtime_context.cpp:29] DecreaseCounter constructing_actor_cnt, current val is 345
I1013 19:50:51.788096 37680 naive_actor.cpp:25] actor 1099614388245 switch to &NaiveActor::HandlerNormal
I1013 19:50:51.788151 37680 thread.cpp:96] Thread 524337 construct Actor kTick 1099614388245
I1013 19:50:51.788225 37680 runtime_context.cpp:29] DecreaseCounter constructing_actor_cnt, current val is 344
I1013 19:50:51.788563 37680 naive_actor.cpp:25] actor 1099614388320 switch to &NaiveActor::HandlerNormal
I1013 19:50:51.788628 37680 thread.cpp:96] Thread 524337 construct Actor kTick 1099614388320
I1013 19:50:51.788703 37680 runtime_context.cpp:29] DecreaseCounter constructing_actor_cnt, current val is 343
I1013 19:50:51.788991 37684 naive_actor.cpp:25] actor 2199023255576 switch to &NaiveActor::HandlerNormal
I1013 19:50:51.789026 37680 naive_actor.cpp:25] actor 1099614388248 switch to &NaiveActor::HandlerNormal
I1013 19:50:51.789049 37684 thread.cpp:96] Thread 1048576 construct Actor kNormalForward 2199023255576
I1013 19:50:51.789083 37680 thread.cpp:96] Thread 524337 construct Actor kTick 1099614388248
I1013 19:50:51.789171 37684 runtime_context.cpp:29] DecreaseCounter constructing_actor_cnt, current val is 342
I1013 19:50:51.789256 37680 runtime_context.cpp:29] DecreaseCounter constructing_actor_cnt, current val is 341
I1013 19:50:51.789768 37680 naive_actor.cpp:25] actor 1099614388242 switch to &NaiveActor::HandlerNormal
I1013 19:50:51.789870 37680 thread.cpp:96] Thread 524337 construct Actor kSrcSubsetTick 1099614388242
I1013 19:50:51.789958 37680 runtime_context.cpp:29] DecreaseCounter constructing_actor_cnt, current val is 340
I1013 19:50:51.790315 37680 naive_actor.cpp:25] actor 1099614388241 switch to &NaiveActor::HandlerNormal
I1013 19:50:51.790366 37680 thread.cpp:96] Thread 524337 construct Actor kDeviceTick 1099614388241
I1013 19:50:51.790438 37680 runtime_context.cpp:29] DecreaseCounter constructing_actor_cnt, current val is 339
I1013 19:50:51.790499 37684 naive_actor.cpp:25] actor 2199023255556 switch to &NaiveActor::HandlerNormal
I1013 19:50:51.790553 37684 thread.cpp:96] Thread 1048576 construct Actor kNormalForward 2199023255556
I1013 19:50:51.790680 37684 runtime_context.cpp:29] DecreaseCounter constructing_actor_cnt, current val is 338
I1013 19:50:51.790819 37680 naive_actor.cpp:25] actor 1099614388247 switch to &NaiveActor::HandlerNormal
I1013 19:50:51.790871 37680 thread.cpp:96] Thread 524337 construct Actor kTick 1099614388247
I1013 19:50:51.790943 37680 runtime_context.cpp:29] DecreaseCounter constructing_actor_cnt, current val is 337
I1013 19:50:51.791076 37684 naive_actor.cpp:25] actor 2199023255582 switch to &NaiveActor::HandlerNormal
I1013 19:50:51.791127 37684 thread.cpp:96] Thread 1048576 construct Actor kNormalForward 2199023255582
I1013 19:50:51.791218 37684 runtime_context.cpp:29] DecreaseCounter constructing_actor_cnt, current val is 336
I1013 19:50:51.791420 37680 naive_actor.cpp:25] actor 1099614388246 switch to &NaiveActor::HandlerNormal
I1013 19:50:51.791471 37680 thread.cpp:96] Thread 524337 construct Actor kDstSubsetTick 1099614388246
I1013 19:50:51.791560 37680 runtime_context.cpp:29] DecreaseCounter constructing_actor_cnt, current val is 335
I1013 19:50:51.791604 37684 naive_actor.cpp:25] actor 2199023255570 switch to &NaiveActor::HandlerNormal
I1013 19:50:51.791640 37684 thread.cpp:96] Thread 1048576 construct Actor kNormalForward 2199023255570
I1013 19:50:51.791718 37684 runtime_context.cpp:29] DecreaseCounter constructing_actor_cnt, current val is 334
I1013 19:50:51.791975 37680 naive_actor.cpp:25] actor 1099614388249 switch to &NaiveActor::HandlerNormal
I1013 19:50:51.792032 37680 thread.cpp:96] Thread 524337 construct Actor kTick 1099614388249
I1013 19:50:51.792104 37680 runtime_context.cpp:29] DecreaseCounter constructing_actor_cnt, current val is 333
I1013 19:50:51.792424 37680 naive_actor.cpp:25] actor 1099614388250 switch to &NaiveActor::HandlerNormal
I1013 19:50:51.792479 37680 thread.cpp:96] Thread 524337 construct Actor kDeviceTick 1099614388250
I1013 19:50:51.792551 37684 naive_actor.cpp:25] actor 2199023255565 switch to &NaiveActor::HandlerNormal
I1013 19:50:51.792557 37680 runtime_context.cpp:29] DecreaseCounter constructing_actor_cnt, current val is 332
I1013 19:50:51.792613 37684 thread.cpp:96] Thread 1048576 construct Actor kNormalForward 2199023255565
I1013 19:50:51.792742 37684 runtime_context.cpp:29] DecreaseCounter constructing_actor_cnt, current val is 331
I1013 19:50:51.793001 37680 naive_actor.cpp:25] actor 1099614388319 switch to &NaiveActor::HandlerNormal
I1013 19:50:51.793054 37680 thread.cpp:96] Thread 524337 construct Actor kTick 1099614388319
I1013 19:50:51.793134 37680 runtime_context.cpp:29] DecreaseCounter constructing_actor_cnt, current val is 330
I1013 19:50:51.793139 37684 naive_actor.cpp:25] actor 2199023255589 switch to &NaiveActor::HandlerNormal
I1013 19:50:51.793215 37684 thread.cpp:96] Thread 1048576 construct Actor kNormalForward 2199023255589
I1013 19:50:51.793294 37684 runtime_context.cpp:29] DecreaseCounter constructing_actor_cnt, current val is 329
I1013 19:50:51.793589 37680 naive_actor.cpp:25] actor 1099614388255 switch to &NaiveActor::HandlerNormal
I1013 19:50:51.793643 37680 thread.cpp:96] Thread 524337 construct Actor kDstSubsetTick 1099614388255
I1013 19:50:51.793890 37680 runtime_context.cpp:29] DecreaseCounter constructing_actor_cnt, current val is 328
I1013 19:50:51.794288 37680 naive_actor.cpp:25] actor 1099614388251 switch to &NaiveActor::HandlerNormal
I1013 19:50:51.794301 37684 naive_actor.cpp:25] actor 2199023255555 switch to &NaiveActor::HandlerNormal
I1013 19:50:51.794342 37680 thread.cpp:96] Thread 524337 construct Actor kSrcSubsetTick 1099614388251
I1013 19:50:51.794381 37684 thread.cpp:96] Thread 1048576 construct Actor kNormalForward 2199023255555
I1013 19:50:51.794456 37680 runtime_context.cpp:29] DecreaseCounter constructing_actor_cnt, current val is 327
I1013 19:50:51.794504 37684 runtime_context.cpp:29] DecreaseCounter constructing_actor_cnt, current val is 326
I1013 19:50:51.794828 37680 naive_actor.cpp:25] actor 1099614388254 switch to &NaiveActor::HandlerNormal
I1013 19:50:51.794879 37680 thread.cpp:96] Thread 524337 construct Actor kTick 1099614388254
I1013 19:50:51.794955 37680 runtime_context.cpp:29] DecreaseCounter constructing_actor_cnt, current val is 325
I1013 19:50:51.795285 37680 naive_actor.cpp:25] actor 1099614388257 switch to &NaiveActor::HandlerNormal
I1013 19:50:51.795334 37680 thread.cpp:96] Thread 524337 construct Actor kTick 1099614388257
I1013 19:50:51.795401 37680 runtime_context.cpp:29] DecreaseCounter constructing_actor_cnt, current val is 324
I1013 19:50:51.795600 37684 naive_actor.cpp:25] actor 2199023255558 switch to &NaiveActor::HandlerNormal
I1013 19:50:51.795657 37684 thread.cpp:96] Thread 1048576 construct Actor kNormalForward 2199023255558
I1013 19:50:51.795760 37684 runtime_context.cpp:29] DecreaseCounter constructing_actor_cnt, current val is 323
I1013 19:50:51.795805 37680 naive_actor.cpp:25] actor 1099614388256 switch to &NaiveActor::HandlerNormal
I1013 19:50:51.795862 37680 thread.cpp:96] Thread 524337 construct Actor kTick 1099614388256
I1013 19:50:51.795948 37680 runtime_context.cpp:29] DecreaseCounter constructing_actor_cnt, current val is 322
I1013 19:50:51.796291 37680 naive_actor.cpp:25] actor 1099614388258 switch to &NaiveActor::HandlerNormal
I1013 19:50:51.796340 37680 thread.cpp:96] Thread 524337 construct Actor kTick 1099614388258
I1013 19:50:51.796414 37680 runtime_context.cpp:29] DecreaseCounter constructing_actor_cnt, current val is 321
I1013 19:50:51.796607 37684 naive_actor.cpp:25] actor 2199023255572 switch to &NaiveActor::HandlerNormal
I1013 19:50:51.796660 37684 thread.cpp:96] Thread 1048576 construct Actor kNormalForward 2199023255572
I1013 19:50:51.796746 37684 runtime_context.cpp:29] DecreaseCounter constructing_actor_cnt, current val is 320
I1013 19:50:51.796753 37680 naive_actor.cpp:25] actor 1099614388260 switch to &NaiveActor::HandlerNormal
I1013 19:50:51.796828 37680 thread.cpp:96] Thread 524337 construct Actor kSrcSubsetTick 1099614388260
I1013 19:50:51.796906 37680 runtime_context.cpp:29] DecreaseCounter constructing_actor_cnt, current val is 319
I1013 19:50:51.797098 37684 naive_actor.cpp:25] actor 2199023255584 switch to &NaiveActor::HandlerNormal
I1013 19:50:51.797147 37684 thread.cpp:96] Thread 1048576 construct Actor kNormalForward 2199023255584
I1013 19:50:51.797228 37684 runtime_context.cpp:29] DecreaseCounter constructing_actor_cnt, current val is 318
I1013 19:50:51.797327 37658 naive_actor.cpp:25] actor 1099511627776 switch to &NaiveActor::HandlerNormal
I1013 19:50:51.797359 37680 naive_actor.cpp:25] actor 1099614388264 switch to &NaiveActor::HandlerNormal
I1013 19:50:51.797387 37658 thread.cpp:96] Thread 524288 construct Actor kNormalForward 1099511627776
I1013 19:50:51.797425 37680 thread.cpp:96] Thread 524337 construct Actor kDstSubsetTick 1099614388264
I1013 19:50:51.797550 37658 runtime_context.cpp:29] DecreaseCounter constructing_actor_cnt, current val is 317
I1013 19:50:51.797552 37680 runtime_context.cpp:29] DecreaseCounter constructing_actor_cnt, current val is 316
I1013 19:50:51.797904 37680 naive_actor.cpp:25] actor 1099614388266 switch to &NaiveActor::HandlerNormal
I1013 19:50:51.797955 37680 thread.cpp:96] Thread 524337 construct Actor kTick 1099614388266
I1013 19:50:51.798089 37680 runtime_context.cpp:29] DecreaseCounter constructing_actor_cnt, current val is 315
I1013 19:50:51.798187 37684 naive_actor.cpp:25] actor 2199023255564 switch to &NaiveActor::HandlerNormal
I1013 19:50:51.798239 37684 thread.cpp:96] Thread 1048576 construct Actor kNormalForward 2199023255564
I1013 19:50:51.798324 37684 runtime_context.cpp:29] DecreaseCounter constructing_actor_cnt, current val is 314
I1013 19:50:51.798460 37680 naive_actor.cpp:25] actor 1099614388263 switch to &NaiveActor::HandlerNormal
I1013 19:50:51.798509 37680 thread.cpp:96] Thread 524337 construct Actor kTick 1099614388263
I1013 19:50:51.798585 37680 runtime_context.cpp:29] DecreaseCounter constructing_actor_cnt, current val is 313
I1013 19:50:51.798889 37680 naive_actor.cpp:25] actor 1099614388318 switch to &NaiveActor::HandlerNormal
I1013 19:50:51.798941 37680 thread.cpp:96] Thread 524337 construct Actor kTick 1099614388318
I1013 19:50:51.799015 37680 runtime_context.cpp:29] DecreaseCounter constructing_actor_cnt, current val is 312
I1013 19:50:51.799304 37680 naive_actor.cpp:25] actor 1099614388259 switch to &NaiveActor::HandlerNormal
I1013 19:50:51.799348 37680 thread.cpp:96] Thread 524337 construct Actor kDeviceTick 1099614388259
I1013 19:50:51.799412 37680 runtime_context.cpp:29] DecreaseCounter constructing_actor_cnt, current val is 311
I1013 19:50:51.799552 37684 naive_actor.cpp:25] actor 2199023255573 switch to &NaiveActor::HandlerNormal
I1013 19:50:51.799621 37684 thread.cpp:96] Thread 1048576 construct Actor kNormalForward 2199023255573
I1013 19:50:51.799700 37684 runtime_context.cpp:29] DecreaseCounter constructing_actor_cnt, current val is 310
I1013 19:50:51.799755 37680 naive_actor.cpp:25] actor 1099614388265 switch to &NaiveActor::HandlerNormal
I1013 19:50:51.799798 37680 thread.cpp:96] Thread 524337 construct Actor kTick 1099614388265
I1013 19:50:51.799870 37680 runtime_context.cpp:29] DecreaseCounter constructing_actor_cnt, current val is 309
I1013 19:50:51.800151 37680 naive_actor.cpp:25] actor 1099614388267 switch to &NaiveActor::HandlerNormal
I1013 19:50:51.800199 37680 thread.cpp:96] Thread 524337 construct Actor kDeviceTick 1099614388267
I1013 19:50:51.800264 37680 runtime_context.cpp:29] DecreaseCounter constructing_actor_cnt, current val is 308
I1013 19:50:51.800467 37684 naive_actor.cpp:25] actor 2199023255586 switch to &NaiveActor::HandlerNormal
I1013 19:50:51.800513 37684 thread.cpp:96] Thread 1048576 construct Actor kNormalForward 2199023255586
I1013 19:50:51.800554 37680 naive_actor.cpp:25] actor 1099614388282 switch to &NaiveActor::HandlerNormal
I1013 19:50:51.800595 37684 runtime_context.cpp:29] DecreaseCounter constructing_actor_cnt, current val is 307
I1013 19:50:51.800607 37680 thread.cpp:96] Thread 524337 construct Actor kTick 1099614388282
I1013 19:50:51.800701 37680 runtime_context.cpp:29] DecreaseCounter constructing_actor_cnt, current val is 306
I1013 19:50:51.800982 37680 naive_actor.cpp:25] actor 1099614388268 switch to &NaiveActor::HandlerNormal
I1013 19:50:51.801029 37680 thread.cpp:96] Thread 524337 construct Actor kSrcSubsetTick 1099614388268
I1013 19:50:51.801095 37680 runtime_context.cpp:29] DecreaseCounter constructing_actor_cnt, current val is 305
I1013 19:50:51.801379 37680 naive_actor.cpp:25] actor 1099614388281 switch to &NaiveActor::HandlerNormal
I1013 19:50:51.801430 37680 thread.cpp:96] Thread 524337 construct Actor kTick 1099614388281
I1013 19:50:51.801494 37680 runtime_context.cpp:29] DecreaseCounter constructing_actor_cnt, current val is 304
I1013 19:50:51.801496 37684 naive_actor.cpp:25] actor 2199023255588 switch to &NaiveActor::HandlerNormal
I1013 19:50:51.801578 37684 thread.cpp:96] Thread 1048576 construct Actor kNormalForward 2199023255588
I1013 19:50:51.801661 37684 runtime_context.cpp:29] DecreaseCounter constructing_actor_cnt, current val is 303
I1013 19:50:51.801822 37680 naive_actor.cpp:25] actor 1099614388273 switch to &NaiveActor::HandlerNormal
I1013 19:50:51.801872 37680 thread.cpp:96] Thread 524337 construct Actor kTick 1099614388273
I1013 19:50:51.802052 37680 runtime_context.cpp:29] DecreaseCounter constructing_actor_cnt, current val is 302
I1013 19:50:51.802392 37680 naive_actor.cpp:25] actor 1099614388280 switch to &NaiveActor::HandlerNormal
I1013 19:50:51.802449 37680 thread.cpp:96] Thread 524337 construct Actor kDstSubsetTick 1099614388280
I1013 19:50:51.802517 37680 runtime_context.cpp:29] DecreaseCounter constructing_actor_cnt, current val is 301
I1013 19:50:51.802819 37684 naive_actor.cpp:25] actor 2199023255594 switch to &NaiveActor::HandlerNormal
I1013 19:50:51.802848 37680 naive_actor.cpp:25] actor 1099614388272 switch to &NaiveActor::HandlerNormal
I1013 19:50:51.802870 37684 thread.cpp:96] Thread 1048576 construct Actor kNormalForward 2199023255594
I1013 19:50:51.802907 37680 thread.cpp:96] Thread 524337 construct Actor kDstSubsetTick 1099614388272
I1013 19:50:51.802986 37684 runtime_context.cpp:29] DecreaseCounter constructing_actor_cnt, current val is 300
I1013 19:50:51.803009 37680 runtime_context.cpp:29] DecreaseCounter constructing_actor_cnt, current val is 299
I1013 19:50:51.803289 37684 naive_actor.cpp:25] actor 2199023255577 switch to &NaiveActor::HandlerNormal
I1013 19:50:51.803336 37684 thread.cpp:96] Thread 1048576 construct Actor kNormalForward 2199023255577
I1013 19:50:51.803349 37680 naive_actor.cpp:25] actor 1099614388314 switch to &NaiveActor::HandlerNormal
I1013 19:50:51.803401 37684 runtime_context.cpp:29] DecreaseCounter constructing_actor_cnt, current val is 298
I1013 19:50:51.803403 37680 thread.cpp:96] Thread 524337 construct Actor kTick 1099614388314
I1013 19:50:51.803511 37680 runtime_context.cpp:29] DecreaseCounter constructing_actor_cnt, current val is 297
I1013 19:50:51.803824 37680 naive_actor.cpp:25] actor 1099614388277 switch to &NaiveActor::HandlerNormal
I1013 19:50:51.803874 37680 thread.cpp:96] Thread 524337 construct Actor kSrcSubsetTick 1099614388277
I1013 19:50:51.803944 37680 runtime_context.cpp:29] DecreaseCounter constructing_actor_cnt, current val is 296
I1013 19:50:51.804219 37680 naive_actor.cpp:25] actor 1099614388279 switch to &NaiveActor::HandlerNormal
I1013 19:50:51.804270 37680 thread.cpp:96] Thread 524337 construct Actor kTick 1099614388279
I1013 19:50:51.804301 37684 naive_actor.cpp:25] actor 2199023255583 switch to &NaiveActor::HandlerNormal
I1013 19:50:51.804335 37680 runtime_context.cpp:29] DecreaseCounter constructing_actor_cnt, current val is 295
I1013 19:50:51.804344 37684 thread.cpp:96] Thread 1048576 construct Actor kNormalForward 2199023255583
I1013 19:50:51.804453 37684 runtime_context.cpp:29] DecreaseCounter constructing_actor_cnt, current val is 294
I1013 19:50:51.804646 37680 naive_actor.cpp:25] actor 1099614388274 switch to &NaiveActor::HandlerNormal
I1013 19:50:51.804705 37680 thread.cpp:96] Thread 524337 construct Actor kTick 1099614388274
I1013 19:50:51.804770 37680 runtime_context.cpp:29] DecreaseCounter constructing_actor_cnt, current val is 293
I1013 19:50:51.804771 37684 naive_actor.cpp:25] actor 2199023255561 switch to &NaiveActor::HandlerNormal
I1013 19:50:51.804845 37684 thread.cpp:96] Thread 1048576 construct Actor kNormalForward 2199023255561
I1013 19:50:51.804917 37684 runtime_context.cpp:29] DecreaseCounter constructing_actor_cnt, current val is 292
I1013 19:50:51.805083 37680 naive_actor.cpp:25] actor 1099614388271 switch to &NaiveActor::HandlerNormal
I1013 19:50:51.805130 37680 thread.cpp:96] Thread 524337 construct Actor kTick 1099614388271
I1013 19:50:51.805197 37680 runtime_context.cpp:29] DecreaseCounter constructing_actor_cnt, current val is 291
I1013 19:50:51.805496 37680 naive_actor.cpp:25] actor 1099614388275 switch to &NaiveActor::HandlerNormal
I1013 19:50:51.805542 37680 thread.cpp:96] Thread 524337 construct Actor kTick 1099614388275
I1013 19:50:51.805620 37680 runtime_context.cpp:29] DecreaseCounter constructing_actor_cnt, current val is 290
I1013 19:50:51.805915 37680 naive_actor.cpp:25] actor 1099614388299 switch to &NaiveActor::HandlerNormal
I1013 19:50:51.805965 37680 thread.cpp:96] Thread 524337 construct Actor kTick 1099614388299
I1013 19:50:51.806095 37680 runtime_context.cpp:29] DecreaseCounter constructing_actor_cnt, current val is 289
I1013 19:50:51.806108 37684 naive_actor.cpp:25] actor 2199023255580 switch to &NaiveActor::HandlerNormal
I1013 19:50:51.806180 37684 thread.cpp:96] Thread 1048576 construct Actor kNormalForward 2199023255580
I1013 19:50:51.806259 37684 runtime_context.cpp:29] DecreaseCounter constructing_actor_cnt, current val is 288
I1013 19:50:51.806421 37680 naive_actor.cpp:25] actor 1099614388300 switch to &NaiveActor::HandlerNormal
I1013 19:50:51.806471 37680 thread.cpp:96] Thread 524337 construct Actor kTick 1099614388300
I1013 19:50:51.806540 37680 runtime_context.cpp:29] DecreaseCounter constructing_actor_cnt, current val is 287
I1013 19:50:51.806861 37680 naive_actor.cpp:25] actor 1099614388287 switch to &NaiveActor::HandlerNormal
I1013 19:50:51.806910 37680 thread.cpp:96] Thread 524337 construct Actor kTick 1099614388287
I1013 19:50:51.806978 37680 runtime_context.cpp:29] DecreaseCounter constructing_actor_cnt, current val is 286
I1013 19:50:51.807075 37684 naive_actor.cpp:25] actor 2199023255581 switch to &NaiveActor::HandlerNormal
I1013 19:50:51.807121 37684 thread.cpp:96] Thread 1048576 construct Actor kNormalForward 2199023255581
I1013 19:50:51.807196 37684 runtime_context.cpp:29] DecreaseCounter constructing_actor_cnt, current val is 285
I1013 19:50:51.807273 37680 naive_actor.cpp:25] actor 1099614388285 switch to &NaiveActor::HandlerNormal
I1013 19:50:51.807324 37680 thread.cpp:96] Thread 524337 construct Actor kTick 1099614388285
I1013 19:50:51.807391 37680 runtime_context.cpp:29] DecreaseCounter constructing_actor_cnt, current val is 284
I1013 19:50:51.807793 37680 reentrant_lock_actor.cpp:76] actor 1099614388283 switch to &ReentrantLockActor::HandlerNormal
I1013 19:50:51.807842 37680 thread.cpp:96] Thread 524337 construct Actor kReentrantLock 1099614388283
I1013 19:50:51.807909 37680 runtime_context.cpp:29] DecreaseCounter constructing_actor_cnt, current val is 283
I1013 19:50:51.808084 37684 naive_actor.cpp:25] actor 2199023255574 switch to &NaiveActor::HandlerNormal
I1013 19:50:51.808127 37684 thread.cpp:96] Thread 1048576 construct Actor kNormalForward 2199023255574
I1013 19:50:51.808198 37684 runtime_context.cpp:29] DecreaseCounter constructing_actor_cnt, current val is 282
I1013 19:50:51.808238 37680 naive_actor.cpp:25] actor 1099614388290 switch to &NaiveActor::HandlerNormal
I1013 19:50:51.808286 37680 thread.cpp:96] Thread 524337 construct Actor kTick 1099614388290
I1013 19:50:51.808359 37680 runtime_context.cpp:29] DecreaseCounter constructing_actor_cnt, current val is 281
I1013 19:50:51.808681 37680 naive_actor.cpp:25] actor 1099614388298 switch to &NaiveActor::HandlerNormal
I1013 19:50:51.808727 37680 thread.cpp:96] Thread 524337 construct Actor kTick 1099614388298
I1013 19:50:51.808794 37680 runtime_context.cpp:29] DecreaseCounter constructing_actor_cnt, current val is 280
I1013 19:50:51.809069 37680 naive_actor.cpp:25] actor 1099614388289 switch to &NaiveActor::HandlerNormal
I1013 19:50:51.809120 37680 thread.cpp:96] Thread 524337 construct Actor kTick 1099614388289
I1013 19:50:51.809182 37680 runtime_context.cpp:29] DecreaseCounter constructing_actor_cnt, current val is 279
I1013 19:50:51.809491 37680 naive_actor.cpp:25] actor 1099614388291 switch to &NaiveActor::HandlerNormal
I1013 19:50:51.809538 37680 thread.cpp:96] Thread 524337 construct Actor kTick 1099614388291
I1013 19:50:51.809612 37680 runtime_context.cpp:29] DecreaseCounter constructing_actor_cnt, current val is 278
I1013 19:50:51.809669 37684 naive_actor.cpp:25] actor 2199023255587 switch to &NaiveActor::HandlerNormal
I1013 19:50:51.809725 37684 thread.cpp:96] Thread 1048576 construct Actor kNormalForward 2199023255587
I1013 19:50:51.809803 37684 runtime_context.cpp:29] DecreaseCounter constructing_actor_cnt, current val is 277
I1013 19:50:51.809909 37680 naive_actor.cpp:25] actor 1099614388293 switch to &NaiveActor::HandlerNormal
I1013 19:50:51.809954 37680 thread.cpp:96] Thread 524337 construct Actor kTick 1099614388293
I1013 19:50:51.810115 37684 naive_actor.cpp:25] actor 2199023255553 switch to &NaiveActor::HandlerNormal
I1013 19:50:51.810117 37680 runtime_context.cpp:29] DecreaseCounter constructing_actor_cnt, current val is 276
I1013 19:50:51.810171 37684 thread.cpp:96] Thread 1048576 construct Actor kNormalForward 2199023255553
I1013 19:50:51.810281 37684 runtime_context.cpp:29] DecreaseCounter constructing_actor_cnt, current val is 275
I1013 19:50:51.810485 37680 naive_actor.cpp:25] actor 1099614388286 switch to &NaiveActor::HandlerNormal
I1013 19:50:51.810531 37680 thread.cpp:96] Thread 524337 construct Actor kTick 1099614388286
I1013 19:50:51.810606 37680 runtime_context.cpp:29] DecreaseCounter constructing_actor_cnt, current val is 274
