Log file created at: 2021/10/13 15:21:44
Running on machine: oneflow-14
Log line format: [IWEF]mmdd hh:mm:ss.uuuuuu threadid file:line] msg
I1013 15:21:44.185770 13202 global.h:36] NewGlobal 14cudaDeviceProp
I1013 15:21:44.191365 13202 global.h:36] NewGlobal N7oneflow7EnvDescE
I1013 15:21:44.191385 13202 global.h:36] NewGlobal N7oneflow10ProcessCtxE
I1013 15:21:44.191409 13202 env_global_objects_scope.cpp:152] using rpc backend: local
I1013 15:21:44.191463 13202 global.h:36] NewGlobal N7oneflow12ResourceDescE
I1013 15:21:44.191475 13202 global.h:36] NewGlobal N7oneflow12ResourceDescE
I1013 15:21:44.266696 13202 global.h:36] NewGlobal N7oneflow10ThreadPoolE
I1013 15:21:44.267632 13202 global.h:36] NewGlobal N7oneflow16EagerNcclCommMgrE
I1013 15:21:44.267645 13202 global.h:36] NewGlobal N7oneflow18CudnnConvAlgoCacheE
I1013 15:21:44.267652 13202 global.h:36] NewGlobal N7oneflow2vm19VirtualMachineScopeE
I1013 15:21:44.267659 13202 global.h:36] NewGlobal N7oneflow9OneflowVME
I1013 15:21:44.268326 13202 oneflow_vm.cpp:75] transport stream type: N7oneflow2vm13CpuStreamTypeE
I1013 15:21:44.268338 13202 oneflow_vm.cpp:75] transport stream type: N7oneflow2vm14CudaStreamTypeE
I1013 15:21:44.268343 13202 oneflow_vm.cpp:75] transport stream type: N7oneflow2vm19AsyncCudaStreamTypeE
I1013 15:21:44.268465 13202 global.h:36] NewGlobal N7oneflow27EagerJobBuildAndInferCtxMgrE
I1013 15:21:44.268477 13202 global.h:36] NewGlobal N7oneflow12EpollCommNetE
I1013 15:21:44.268594 13202 epoll_comm_network.cpp:63] CommNet:Epoll listening on 0.0.0.0:43149
I1013 15:21:44.268623 13202 epoll_comm_network.cpp:197] machine 0 sockfd -1
I1013 15:21:44.268702 13202 global.h:36] NewGlobal N7oneflow9TransportE
I1013 15:21:44.271212 13202 global.h:43] DeleteGlobal N7oneflow12ResourceDescE
I1013 15:21:44.271232 13202 version.cpp:22] OneFlow git version: b295ca2324
I1013 15:21:44.271245 13202 device_register_gpu.cpp:56] CUDA runtime version: 11.2
I1013 15:21:44.271262 13202 device_register_gpu.cpp:65] cuDNN version: 8.1.1
I1013 15:21:44.271270 13202 device_register_gpu.cpp:78] NCCL version: 2.9.8
I1013 15:21:44.271275 13202 global.h:36] NewGlobal N7oneflow12ResourceDescE
I1013 15:21:44.271281 13202 global.h:36] NewGlobal N7oneflow5IDMgrE
I1013 15:21:44.271286 13202 global.h:36] NewGlobal N7oneflow16AvailableMemDescE
I1013 15:21:44.271308 13202 global.h:36] NewGlobal St13unordered_mapISslSt4hashISsESt8equal_toISsESaISt4pairIKSslEEE
I1013 15:21:44.271314 13202 global.h:36] NewGlobal N7oneflow19CriticalSectionDescE
I1013 15:21:44.271318 13202 global.h:36] NewGlobal N7oneflow16InterUserJobInfoE
I1013 15:21:44.271324 13202 global.h:36] NewGlobal N7oneflow26LazyJobBuildAndInferCtxMgrE
I1013 15:21:44.271328 13202 global.h:36] NewGlobal N7oneflow16JobSetCompileCtxE
I1013 15:21:44.271333 13202 global.h:36] NewGlobal N7oneflow26RuntimeBufferManagersScopeE
I1013 15:21:44.271338 13202 global.h:36] NewGlobal N7oneflow9BufferMgrIlEE
I1013 15:21:44.271343 13202 global.h:36] NewGlobal N7oneflow9BufferMgrISt10shared_ptrINS_11JobInstanceEEEE
I1013 15:21:44.271348 13202 global.h:36] NewGlobal N7oneflow10RuntimeCtxE
I1013 15:21:44.271353 13202 global.h:36] NewGlobal N7oneflow15MemoryAllocatorE
I1013 15:21:44.271356 13202 global.h:36] NewGlobal N7oneflow8ChunkMgrE
I1013 15:21:44.271360 13202 global.h:36] NewGlobal N7oneflow8RegstMgrE
I1013 15:21:44.271364 13202 global.h:36] NewGlobal N7oneflow11ActorMsgBusE
I1013 15:21:44.271369 13202 global.h:36] NewGlobal N7oneflow9ThreadMgrE
I1013 15:21:44.271373 13202 global.h:36] NewGlobal N7oneflow15RuntimeJobDescsE
I1013 15:21:44.271378 13202 global.h:36] NewGlobal N7oneflow7summary12EventsWriterE
I1013 15:21:44.271384 13202 global.h:36] NewGlobal N7oneflow6boxing10collective24CollectiveBoxingExecutorE
I1013 15:21:44.271389 13202 global.h:36] NewGlobal N7oneflow6boxing10collective31CollectiveBoxingDeviceCtxPollerE
I1013 15:21:44.271486 13202 session.h:77] NewGlobal N7oneflow25SessionGlobalObjectsScopeE
I1013 15:21:44.272234 13202 global.h:36] NewGlobal N7oneflow7JobDescE
I1013 15:21:44.651754 13202 global.h:43] DeleteGlobal N7oneflow7JobDescE
I1013 15:21:44.651978 13202 global.h:36] NewGlobal N7oneflow7JobDescE
I1013 15:21:44.655087 13202 global.h:36] NewGlobal N7oneflow7OpGraphE
I1013 15:21:44.659039 13202 global.h:43] DeleteGlobal N7oneflow7OpGraphE
I1013 15:21:44.824131 13202 global.h:43] DeleteGlobal N7oneflow7JobDescE
I1013 15:21:44.840438 13202 global.h:36] NewGlobal N7oneflow24InterJobReuseMemStrategyE
I1013 15:21:44.840477 13202 global.h:36] NewGlobal N7oneflow7OneflowE
I1013 15:21:44.852502 13202 global.h:36] NewGlobal N7oneflow7JobDescE
I1013 15:21:45.054669 13202 global.h:36] NewGlobal N7oneflow7OpGraphE
I1013 15:21:45.126562 13202 global.h:43] DeleteGlobal N7oneflow7OpGraphE
I1013 15:21:45.135672 13202 oneflow.cpp:210] 
job_id: 0 , job_name: train_job , compile time: 0.283074 seconds.
I1013 15:21:45.181668 13202 global.h:43] DeleteGlobal N7oneflow7JobDescE
I1013 15:21:45.182883 13202 global.h:36] NewGlobal N7oneflow7JobDescE
I1013 15:21:45.228228 13202 global.h:36] NewGlobal N7oneflow7OpGraphE
I1013 15:21:45.245297 13202 global.h:43] DeleteGlobal N7oneflow7OpGraphE
I1013 15:21:45.250005 13202 oneflow.cpp:210] 
job_id: 1 , job_name: System-ModelInit , compile time: 0.0669955 seconds.
I1013 15:21:45.261544 13202 global.h:43] DeleteGlobal N7oneflow7JobDescE
I1013 15:21:45.261580 13202 global.h:36] NewGlobal N7oneflow7JobDescE
I1013 15:21:45.306578 13202 global.h:36] NewGlobal N7oneflow7OpGraphE
I1013 15:21:45.324098 13202 global.h:43] DeleteGlobal N7oneflow7OpGraphE
I1013 15:21:45.328929 13202 oneflow.cpp:210] 
job_id: 2 , job_name: System-ModelLoad , compile time: 0.067329 seconds.
I1013 15:21:45.341145 13202 global.h:43] DeleteGlobal N7oneflow7JobDescE
I1013 15:21:45.341189 13202 global.h:36] NewGlobal N7oneflow7JobDescE
I1013 15:21:45.386050 13202 global.h:36] NewGlobal N7oneflow7OpGraphE
I1013 15:21:45.402168 13202 global.h:43] DeleteGlobal N7oneflow7OpGraphE
I1013 15:21:45.406500 13202 oneflow.cpp:210] 
job_id: 3 , job_name: System-ModelSave , compile time: 0.065292 seconds.
I1013 15:21:45.418455 13202 global.h:43] DeleteGlobal N7oneflow7JobDescE
I1013 15:21:45.418481 13202 global.h:36] NewGlobal N7oneflow7JobDescE
I1013 15:21:45.426597 13202 global.h:36] NewGlobal N7oneflow7OpGraphE
I1013 15:21:45.430141 13202 global.h:43] DeleteGlobal N7oneflow7OpGraphE
I1013 15:21:45.431640 13202 oneflow.cpp:210] 
job_id: 4 , job_name: System-Pull-Return_20 , compile time: 0.013141 seconds.
I1013 15:21:45.435107 13202 global.h:43] DeleteGlobal N7oneflow7JobDescE
I1013 15:21:45.439301 13202 global.h:36] NewGlobal N7oneflow7JobDescE
I1013 15:21:45.439332 13202 global.h:36] NewGlobal N7oneflow7OpGraphE
I1013 15:21:45.444713 13202 global.h:43] DeleteGlobal N7oneflow7OpGraphE
I1013 15:21:45.447860 13202 oneflow.cpp:210] 
job_id: 5 , job_name: MainJob-unamed , compile time: 0.00853683 seconds.
I1013 15:21:45.454805 13202 global.h:43] DeleteGlobal N7oneflow7JobDescE
I1013 15:21:45.457352 13202 plan_util.cpp:928]  Plan: merged_plan needs to allocate [ 374.837 MiB ] device memory in Rank: 0 , Device: 0
I1013 15:21:45.556866 13202 oneflow.cpp:998]  PushPlan merged_plan time: 0.00956979 seconds.
I1013 15:21:45.585203 13202 oneflow.cpp:1014]  PullPlan merged_plan time: 0.0246922 seconds.
I1013 15:21:47.643852 13202 runtime_context.cpp:21] NewCounter constructing_actor_cnt 388
I1013 15:21:47.644907 13839 naive_actor.cpp:25] actor 1099614388226 switch to &NaiveActor::HandlerNormal
I1013 15:21:47.644912 13867 naive_actor.cpp:25] actor 2199023255699 switch to &NaiveActor::HandlerNormal
I1013 15:21:47.644973 13839 thread.cpp:96] Thread 524337 construct Actor kDeviceTick 1099614388226
I1013 15:21:47.644981 13840 wait_and_send_ids_actor.cpp:53] actor 1099616485376 switch to &WaitAndSendIdsActor::HandlerWaitToStart
I1013 15:21:47.645009 13867 thread.cpp:96] Thread 1048576 construct Actor kDeviceTick 2199023255699
I1013 15:21:47.645066 13840 thread.cpp:96] Thread 524338 construct Actor kWaitAndSendIds 1099616485376
I1013 15:21:47.645099 13839 runtime_context.cpp:29] DecreaseCounter constructing_actor_cnt, current val is 387
I1013 15:21:47.645145 13867 runtime_context.cpp:29] DecreaseCounter constructing_actor_cnt, current val is 386
I1013 15:21:47.645145 13840 runtime_context.cpp:29] DecreaseCounter constructing_actor_cnt, current val is 385
I1013 15:21:47.645449 13839 naive_actor.cpp:25] actor 1099614388233 switch to &NaiveActor::HandlerNormal
I1013 15:21:47.645522 13839 thread.cpp:96] Thread 524337 construct Actor kDeviceTick 1099614388233
I1013 15:21:47.645597 13867 naive_actor.cpp:25] actor 2199023255738 switch to &NaiveActor::HandlerNormal
I1013 15:21:47.645615 13839 runtime_context.cpp:29] DecreaseCounter constructing_actor_cnt, current val is 384
I1013 15:21:47.645648 13867 thread.cpp:96] Thread 1048576 construct Actor kDeviceTick 2199023255738
I1013 15:21:47.645745 13867 runtime_context.cpp:29] DecreaseCounter constructing_actor_cnt, current val is 383
I1013 15:21:47.646008 13839 naive_actor.cpp:25] actor 1099614388243 switch to &NaiveActor::HandlerNormal
I1013 15:21:47.646054 13839 thread.cpp:96] Thread 524337 construct Actor kDeviceTick 1099614388243
I1013 15:21:47.646073 13867 naive_actor.cpp:25] actor 2199023255777 switch to &NaiveActor::HandlerNormal
I1013 15:21:47.646231 13867 thread.cpp:96] Thread 1048576 construct Actor kDeviceTick 2199023255777
I1013 15:21:47.646251 13839 runtime_context.cpp:29] DecreaseCounter constructing_actor_cnt, current val is 382
I1013 15:21:47.646301 13867 runtime_context.cpp:29] DecreaseCounter constructing_actor_cnt, current val is 381
I1013 15:21:47.646610 13867 naive_actor.cpp:25] actor 2199023255816 switch to &NaiveActor::HandlerNormal
I1013 15:21:47.646610 13839 naive_actor.cpp:25] actor 1099614388252 switch to &NaiveActor::HandlerNormal
I1013 15:21:47.646689 13867 thread.cpp:96] Thread 1048576 construct Actor kDeviceTick 2199023255816
I1013 15:21:47.646719 13839 thread.cpp:96] Thread 524337 construct Actor kDeviceTick 1099614388252
I1013 15:21:47.646780 13867 runtime_context.cpp:29] DecreaseCounter constructing_actor_cnt, current val is 380
I1013 15:21:47.646781 13839 runtime_context.cpp:29] DecreaseCounter constructing_actor_cnt, current val is 379
I1013 15:21:47.647054 13839 naive_actor.cpp:25] actor 1099614388261 switch to &NaiveActor::HandlerNormal
I1013 15:21:47.647089 13839 thread.cpp:96] Thread 524337 construct Actor kDeviceTick 1099614388261
I1013 15:21:47.647137 13839 runtime_context.cpp:29] DecreaseCounter constructing_actor_cnt, current val is 378
I1013 15:21:47.647367 13839 naive_actor.cpp:25] actor 1099614388269 switch to &NaiveActor::HandlerNormal
I1013 15:21:47.647399 13839 thread.cpp:96] Thread 524337 construct Actor kDeviceTick 1099614388269
I1013 15:21:47.647447 13839 runtime_context.cpp:29] DecreaseCounter constructing_actor_cnt, current val is 377
I1013 15:21:47.647691 13839 naive_actor.cpp:25] actor 1099614388276 switch to &NaiveActor::HandlerNormal
I1013 15:21:47.647724 13839 thread.cpp:96] Thread 524337 construct Actor kDeviceTick 1099614388276
I1013 15:21:47.647775 13839 runtime_context.cpp:29] DecreaseCounter constructing_actor_cnt, current val is 376
I1013 15:21:47.654532 13869 naive_actor.cpp:25] actor 2199025352707 switch to &NaiveActor::HandlerNormal
I1013 15:21:47.654677 13869 thread.cpp:96] Thread 1048577 construct Actor kCopyHd 2199025352707
I1013 15:21:47.654698 13837 naive_actor.cpp:25] actor 1099553570816 switch to &NaiveActor::HandlerNormal
I1013 15:21:47.654776 13869 runtime_context.cpp:29] DecreaseCounter constructing_actor_cnt, current val is 375
I1013 15:21:47.654788 13834 naive_actor.cpp:25] actor 1099547279360 switch to &NaiveActor::HandlerNormal
I1013 15:21:47.654817 13871 naive_actor.cpp:25] actor 2199027449856 switch to &NaiveActor::HandlerNormal
I1013 15:21:47.654819 13837 thread.cpp:96] Thread 524308 construct Actor kNormalForward 1099553570816
I1013 15:21:47.654846 13839 naive_actor.cpp:25] actor 1099614388231 switch to &NaiveActor::HandlerNormal
I1013 15:21:47.655094 13822 naive_actor.cpp:25] actor 1099522113536 switch to &NaiveActor::HandlerNormal
I1013 15:21:47.654878 13831 naive_actor.cpp:25] actor 1099540987904 switch to &NaiveActor::HandlerNormal
I1013 15:21:47.654976 13834 thread.cpp:96] Thread 524305 construct Actor kForeignInput 1099547279360
I1013 15:21:47.654986 13833 naive_actor.cpp:25] actor 1099545182208 switch to &NaiveActor::HandlerNormal
I1013 15:21:47.654999 13828 naive_actor.cpp:25] actor 1099534696448 switch to &NaiveActor::HandlerNormal
I1013 15:21:47.655704 13869 naive_actor.cpp:25] actor 2199025352704 switch to &NaiveActor::HandlerNormal
I1013 15:21:47.655830 13869 thread.cpp:96] Thread 1048577 construct Actor kCopyHd 2199025352704
I1013 15:21:47.655879 13820 naive_actor.cpp:25] actor 1099517919232 switch to &NaiveActor::HandlerNormal
I1013 15:21:47.655984 13820 thread.cpp:96] Thread 524291 construct Actor kNormalForward 1099517919232
I1013 15:21:47.655135 13837 runtime_context.cpp:29] DecreaseCounter constructing_actor_cnt, current val is 374
I1013 15:21:47.656103 13825 naive_actor.cpp:25] actor 1099528404992 switch to &NaiveActor::HandlerNormal
I1013 15:21:47.656126 13826 naive_actor.cpp:25] actor 1099530502144 switch to &NaiveActor::HandlerNormal
I1013 15:21:47.656221 13826 thread.cpp:96] Thread 524297 construct Actor kNormalForward 1099530502144
I1013 15:21:47.655249 13835 naive_actor.cpp:25] actor 1099549376512 switch to &NaiveActor::HandlerNormal
I1013 15:21:47.656317 13835 thread.cpp:96] Thread 524306 construct Actor kNormalForward 1099549376512
I1013 15:21:47.655324 13838 naive_actor.cpp:25] actor 1099555667968 switch to &NaiveActor::HandlerNormal
I1013 15:21:47.655328 13831 thread.cpp:96] Thread 524302 construct Actor kForeignInput 1099540987904
I1013 15:21:47.655529 13830 naive_actor.cpp:25] actor 1099538890752 switch to &NaiveActor::HandlerNormal
I1013 15:21:47.655584 13834 runtime_context.cpp:29] DecreaseCounter constructing_actor_cnt, current val is 373
I1013 15:21:47.655637 13827 naive_actor.cpp:25] actor 1099532599296 switch to &NaiveActor::HandlerNormal
I1013 15:21:47.655647 13833 thread.cpp:96] Thread 524304 construct Actor kNormalForward 1099545182208
I1013 15:21:47.655670 13867 naive_actor.cpp:25] actor 2199023255573 switch to &NaiveActor::HandlerNormal
I1013 15:21:47.656863 13867 thread.cpp:96] Thread 1048576 construct Actor kNormalForward 2199023255573
I1013 15:21:47.655719 13824 naive_actor.cpp:25] actor 1099526307840 switch to &NaiveActor::HandlerNormal
I1013 15:21:47.656946 13867 runtime_context.cpp:29] DecreaseCounter constructing_actor_cnt, current val is 366
I1013 15:21:47.656963 13824 thread.cpp:96] Thread 524295 construct Actor kNormalForward 1099526307840
I1013 15:21:47.655720 13828 thread.cpp:96] Thread 524299 construct Actor kForeignInput 1099534696448
I1013 15:21:47.655835 13818 naive_actor.cpp:25] actor 1099513724928 switch to &NaiveActor::HandlerNormal
I1013 15:21:47.657202 13818 thread.cpp:96] Thread 524289 construct Actor kNormalForward 1099513724928
I1013 15:21:47.655051 13836 naive_actor.cpp:25] actor 1099551473664 switch to &NaiveActor::HandlerNormal
I1013 15:21:47.657284 13818 runtime_context.cpp:29] DecreaseCounter constructing_actor_cnt, current val is 363
I1013 15:21:47.655057 13832 naive_actor.cpp:25] actor 1099543085056 switch to &NaiveActor::HandlerNormal
I1013 15:21:47.655934 13869 runtime_context.cpp:29] DecreaseCounter constructing_actor_cnt, current val is 372
I1013 15:21:47.656093 13821 naive_actor.cpp:25] actor 1099520016384 switch to &NaiveActor::HandlerNormal
I1013 15:21:47.657516 13821 thread.cpp:96] Thread 524292 construct Actor kNormalForward 1099520016384
I1013 15:21:47.657560 13869 naive_actor.cpp:25] actor 2199025352705 switch to &NaiveActor::HandlerNormal
I1013 15:21:47.657611 13869 thread.cpp:96] Thread 1048577 construct Actor kCopyHd 2199025352705
I1013 15:21:47.657645 13821 runtime_context.cpp:29] DecreaseCounter constructing_actor_cnt, current val is 362
I1013 15:21:47.656159 13825 thread.cpp:96] Thread 524296 construct Actor kNormalForward 1099528404992
I1013 15:21:47.655195 13823 naive_actor.cpp:25] actor 1099524210688 switch to &NaiveActor::HandlerNormal
I1013 15:21:47.657840 13825 runtime_context.cpp:29] DecreaseCounter constructing_actor_cnt, current val is 360
I1013 15:21:47.657860 13823 thread.cpp:96] Thread 524294 construct Actor kNormalForward 1099524210688
I1013 15:21:47.655277 13822 thread.cpp:96] Thread 524293 construct Actor kNormalForward 1099522113536
I1013 15:21:47.658111 13823 runtime_context.cpp:29] DecreaseCounter constructing_actor_cnt, current val is 359
I1013 15:21:47.658181 13822 runtime_context.cpp:29] DecreaseCounter constructing_actor_cnt, current val is 358
I1013 15:21:47.656477 13838 thread.cpp:96] Thread 524309 construct Actor kForeignOutput 1099555667968
I1013 15:21:47.656620 13831 runtime_context.cpp:29] DecreaseCounter constructing_actor_cnt, current val is 368
I1013 15:21:47.658300 13838 runtime_context.cpp:29] DecreaseCounter constructing_actor_cnt, current val is 357
I1013 15:21:47.656630 13830 thread.cpp:96] Thread 524301 construct Actor kNormalForward 1099538890752
I1013 15:21:47.656714 13827 thread.cpp:96] Thread 524298 construct Actor kNormalForward 1099532599296
I1013 15:21:47.656808 13833 runtime_context.cpp:29] DecreaseCounter constructing_actor_cnt, current val is 367
I1013 15:21:47.658542 13827 runtime_context.cpp:29] DecreaseCounter constructing_actor_cnt, current val is 355
I1013 15:21:47.658598 13817 naive_actor.cpp:25] actor 1099511627776 switch to &NaiveActor::HandlerNormal
I1013 15:21:47.657155 13828 runtime_context.cpp:29] DecreaseCounter constructing_actor_cnt, current val is 364
I1013 15:21:47.657305 13836 thread.cpp:96] Thread 524307 construct Actor kNormalForward 1099551473664
I1013 15:21:47.657349 13832 thread.cpp:96] Thread 524303 construct Actor kNormalForward 1099543085056
I1013 15:21:47.655123 13829 naive_actor.cpp:25] actor 1099536793600 switch to &NaiveActor::HandlerNormal
I1013 15:21:47.658955 13829 thread.cpp:96] Thread 524300 construct Actor kNormalForward 1099536793600
I1013 15:21:47.656147 13820 runtime_context.cpp:29] DecreaseCounter constructing_actor_cnt, current val is 371
I1013 15:21:47.657665 13869 runtime_context.cpp:29] DecreaseCounter constructing_actor_cnt, current val is 361
I1013 15:21:47.656158 13819 naive_actor.cpp:25] actor 1099515822080 switch to &NaiveActor::HandlerNormal
I1013 15:21:47.659274 13819 thread.cpp:96] Thread 524290 construct Actor kNormalForward 1099515822080
I1013 15:21:47.655203 13839 thread.cpp:96] Thread 524337 construct Actor kTick 1099614388231
I1013 15:21:47.656319 13826 runtime_context.cpp:29] DecreaseCounter constructing_actor_cnt, current val is 370
I1013 15:21:47.656436 13835 runtime_context.cpp:29] DecreaseCounter constructing_actor_cnt, current val is 369
I1013 15:21:47.658448 13830 runtime_context.cpp:29] DecreaseCounter constructing_actor_cnt, current val is 356
I1013 15:21:47.655042 13871 thread.cpp:96] Thread 1048578 construct Actor kCopyHd 2199027449856
I1013 15:21:47.657025 13824 runtime_context.cpp:29] DecreaseCounter constructing_actor_cnt, current val is 365
I1013 15:21:47.658636 13817 thread.cpp:96] Thread 524288 construct Actor kNormalForward 1099511627776
I1013 15:21:47.658787 13836 runtime_context.cpp:29] DecreaseCounter constructing_actor_cnt, current val is 354
I1013 15:21:47.659819 13817 runtime_context.cpp:29] DecreaseCounter constructing_actor_cnt, current val is 348
I1013 15:21:47.654860 13841 sink_actor.cpp:21] actor 1099618582528 switch to &SinkActor::HandlerNormal
I1013 15:21:47.659925 13841 thread.cpp:96] Thread 524339 construct Actor kCallbackNotify 1099618582528
I1013 15:21:47.659339 13869 naive_actor.cpp:25] actor 2199025352708 switch to &NaiveActor::HandlerNormal
I1013 15:21:47.660089 13869 thread.cpp:96] Thread 1048577 construct Actor kCopyHd 2199025352708
I1013 15:21:47.659368 13819 runtime_context.cpp:29] DecreaseCounter constructing_actor_cnt, current val is 351
I1013 15:21:47.659399 13839 runtime_context.cpp:29] DecreaseCounter constructing_actor_cnt, current val is 350
I1013 15:21:47.659706 13871 runtime_context.cpp:29] DecreaseCounter constructing_actor_cnt, current val is 349
I1013 15:21:47.658895 13832 runtime_context.cpp:29] DecreaseCounter constructing_actor_cnt, current val is 353
I1013 15:21:47.659065 13829 runtime_context.cpp:29] DecreaseCounter constructing_actor_cnt, current val is 352
I1013 15:21:47.660012 13841 runtime_context.cpp:29] DecreaseCounter constructing_actor_cnt, current val is 347
I1013 15:21:47.658073 13867 naive_actor.cpp:25] actor 2199023255582 switch to &NaiveActor::HandlerNormal
I1013 15:21:47.660873 13867 thread.cpp:96] Thread 1048576 construct Actor kNormalForward 2199023255582
I1013 15:21:47.660902 13839 esac_actor.cpp:73] actor 1099614388321 switch to &EsacActor::HandlerNormal
I1013 15:21:47.660167 13869 runtime_context.cpp:29] DecreaseCounter constructing_actor_cnt, current val is 346
I1013 15:21:47.660960 13839 thread.cpp:96] Thread 524337 construct Actor kEsac 1099614388321
I1013 15:21:47.660992 13867 runtime_context.cpp:29] DecreaseCounter constructing_actor_cnt, current val is 345
I1013 15:21:47.661082 13839 runtime_context.cpp:29] DecreaseCounter constructing_actor_cnt, current val is 344
I1013 15:21:47.661092 13869 naive_actor.cpp:25] actor 2199025352706 switch to &NaiveActor::HandlerNormal
I1013 15:21:47.661163 13869 thread.cpp:96] Thread 1048577 construct Actor kCopyHd 2199025352706
I1013 15:21:47.661211 13869 runtime_context.cpp:29] DecreaseCounter constructing_actor_cnt, current val is 343
I1013 15:21:47.661329 13869 naive_actor.cpp:25] actor 2199025352709 switch to &NaiveActor::HandlerNormal
I1013 15:21:47.661363 13869 thread.cpp:96] Thread 1048577 construct Actor kCopyHd 2199025352709
I1013 15:21:47.661420 13869 runtime_context.cpp:29] DecreaseCounter constructing_actor_cnt, current val is 342
I1013 15:21:47.661449 13867 naive_actor.cpp:25] actor 2199023255561 switch to &NaiveActor::HandlerNormal
I1013 15:21:47.661453 13839 naive_actor.cpp:25] actor 1099614388234 switch to &NaiveActor::HandlerNormal
I1013 15:21:47.661505 13867 thread.cpp:96] Thread 1048576 construct Actor kNormalForward 2199023255561
I1013 15:21:47.661540 13839 thread.cpp:96] Thread 524337 construct Actor kSrcSubsetTick 1099614388234
I1013 15:21:47.661608 13869 naive_actor.cpp:25] actor 2199025352710 switch to &NaiveActor::HandlerNormal
I1013 15:21:47.661631 13867 runtime_context.cpp:29] DecreaseCounter constructing_actor_cnt, current val is 341
I1013 15:21:47.661639 13869 thread.cpp:96] Thread 1048577 construct Actor kCopyHd 2199025352710
I1013 15:21:47.661640 13839 runtime_context.cpp:29] DecreaseCounter constructing_actor_cnt, current val is 340
I1013 15:21:47.661710 13869 runtime_context.cpp:29] DecreaseCounter constructing_actor_cnt, current val is 339
I1013 15:21:47.662009 13839 naive_actor.cpp:25] actor 1099614388224 switch to &NaiveActor::HandlerNormal
I1013 15:21:47.662057 13839 thread.cpp:96] Thread 524337 construct Actor kDeviceTick 1099614388224
I1013 15:21:47.662113 13839 runtime_context.cpp:29] DecreaseCounter constructing_actor_cnt, current val is 338
I1013 15:21:47.662433 13839 naive_actor.cpp:25] actor 1099614388229 switch to &NaiveActor::HandlerNormal
I1013 15:21:47.662483 13839 thread.cpp:96] Thread 524337 construct Actor kDstSubsetTick 1099614388229
I1013 15:21:47.662485 13867 naive_actor.cpp:25] actor 2199023255624 switch to &NaiveActor::HandlerNormal
I1013 15:21:47.662547 13867 thread.cpp:96] Thread 1048576 construct Actor kNormalForward 2199023255624
I1013 15:21:47.662559 13839 runtime_context.cpp:29] DecreaseCounter constructing_actor_cnt, current val is 337
I1013 15:21:47.662629 13867 runtime_context.cpp:29] DecreaseCounter constructing_actor_cnt, current val is 336
I1013 15:21:47.662879 13839 naive_actor.cpp:25] actor 1099614388228 switch to &NaiveActor::HandlerNormal
I1013 15:21:47.662958 13839 thread.cpp:96] Thread 524337 construct Actor kTick 1099614388228
I1013 15:21:47.663024 13839 runtime_context.cpp:29] DecreaseCounter constructing_actor_cnt, current val is 335
I1013 15:21:47.663316 13839 naive_actor.cpp:25] actor 1099614388239 switch to &NaiveActor::HandlerNormal
I1013 15:21:47.663362 13839 thread.cpp:96] Thread 524337 construct Actor kTick 1099614388239
I1013 15:21:47.663429 13839 runtime_context.cpp:29] DecreaseCounter constructing_actor_cnt, current val is 334
I1013 15:21:47.663605 13867 naive_actor.cpp:25] actor 2199023255558 switch to &NaiveActor::HandlerNormal
I1013 15:21:47.663659 13867 thread.cpp:96] Thread 1048576 construct Actor kNormalForward 2199023255558
I1013 15:21:47.663722 13839 naive_actor.cpp:25] actor 1099614388238 switch to &NaiveActor::HandlerNormal
I1013 15:21:47.663769 13839 thread.cpp:96] Thread 524337 construct Actor kTick 1099614388238
I1013 15:21:47.663775 13867 runtime_context.cpp:29] DecreaseCounter constructing_actor_cnt, current val is 333
I1013 15:21:47.663839 13839 runtime_context.cpp:29] DecreaseCounter constructing_actor_cnt, current val is 332
I1013 15:21:47.664130 13839 naive_actor.cpp:25] actor 1099614388236 switch to &NaiveActor::HandlerNormal
I1013 15:21:47.664132 13867 naive_actor.cpp:25] actor 2199023255563 switch to &NaiveActor::HandlerNormal
I1013 15:21:47.664180 13839 thread.cpp:96] Thread 524337 construct Actor kTick 1099614388236
I1013 15:21:47.664208 13867 thread.cpp:96] Thread 1048576 construct Actor kNormalForward 2199023255563
I1013 15:21:47.664273 13839 runtime_context.cpp:29] DecreaseCounter constructing_actor_cnt, current val is 331
I1013 15:21:47.664295 13867 runtime_context.cpp:29] DecreaseCounter constructing_actor_cnt, current val is 330
I1013 15:21:47.664558 13839 naive_actor.cpp:25] actor 1099614388318 switch to &NaiveActor::HandlerNormal
I1013 15:21:47.664621 13839 thread.cpp:96] Thread 524337 construct Actor kTick 1099614388318
I1013 15:21:47.664692 13839 runtime_context.cpp:29] DecreaseCounter constructing_actor_cnt, current val is 329
I1013 15:21:47.664991 13839 naive_actor.cpp:25] actor 1099614388232 switch to &NaiveActor::HandlerNormal
I1013 15:21:47.665040 13839 thread.cpp:96] Thread 524337 construct Actor kTick 1099614388232
I1013 15:21:47.665096 13839 runtime_context.cpp:29] DecreaseCounter constructing_actor_cnt, current val is 328
I1013 15:21:47.665220 13867 naive_actor.cpp:25] actor 2199023255599 switch to &NaiveActor::HandlerNormal
I1013 15:21:47.665273 13867 thread.cpp:96] Thread 1048576 construct Actor kNormalForward 2199023255599
I1013 15:21:47.665343 13867 runtime_context.cpp:29] DecreaseCounter constructing_actor_cnt, current val is 327
I1013 15:21:47.665405 13839 naive_actor.cpp:25] actor 1099614388237 switch to &NaiveActor::HandlerNormal
I1013 15:21:47.665449 13839 thread.cpp:96] Thread 524337 construct Actor kDstSubsetTick 1099614388237
I1013 15:21:47.665513 13839 runtime_context.cpp:29] DecreaseCounter constructing_actor_cnt, current val is 326
I1013 15:21:47.665699 13867 naive_actor.cpp:25] actor 2199023255566 switch to &NaiveActor::HandlerNormal
I1013 15:21:47.665748 13867 thread.cpp:96] Thread 1048576 construct Actor kNormalForward 2199023255566
I1013 15:21:47.665825 13867 runtime_context.cpp:29] DecreaseCounter constructing_actor_cnt, current val is 325
I1013 15:21:47.665839 13839 naive_actor.cpp:25] actor 1099614388225 switch to &NaiveActor::HandlerNormal
I1013 15:21:47.666015 13839 thread.cpp:96] Thread 524337 construct Actor kSrcSubsetTick 1099614388225
I1013 15:21:47.666081 13839 runtime_context.cpp:29] DecreaseCounter constructing_actor_cnt, current val is 324
I1013 15:21:47.666359 13839 naive_actor.cpp:25] actor 1099614388230 switch to &NaiveActor::HandlerNormal
I1013 15:21:47.666406 13839 thread.cpp:96] Thread 524337 construct Actor kTick 1099614388230
I1013 15:21:47.666467 13839 runtime_context.cpp:29] DecreaseCounter constructing_actor_cnt, current val is 323
I1013 15:21:47.666620 13867 naive_actor.cpp:25] actor 2199023255565 switch to &NaiveActor::HandlerNormal
I1013 15:21:47.666671 13867 thread.cpp:96] Thread 1048576 construct Actor kNormalForward 2199023255565
I1013 15:21:47.666730 13867 runtime_context.cpp:29] DecreaseCounter constructing_actor_cnt, current val is 322
I1013 15:21:47.666815 13839 naive_actor.cpp:25] actor 1099614388240 switch to &NaiveActor::HandlerNormal
I1013 15:21:47.666859 13839 thread.cpp:96] Thread 524337 construct Actor kTick 1099614388240
I1013 15:21:47.666911 13839 runtime_context.cpp:29] DecreaseCounter constructing_actor_cnt, current val is 321
I1013 15:21:47.667028 13867 naive_actor.cpp:25] actor 2199023255593 switch to &NaiveActor::HandlerNormal
I1013 15:21:47.667263 13867 thread.cpp:96] Thread 1048576 construct Actor kNormalForward 2199023255593
I1013 15:21:47.667281 13839 naive_actor.cpp:25] actor 1099614388246 switch to &NaiveActor::HandlerNormal
I1013 15:21:47.667410 13839 thread.cpp:96] Thread 524337 construct Actor kDstSubsetTick 1099614388246
I1013 15:21:47.667425 13867 runtime_context.cpp:29] DecreaseCounter constructing_actor_cnt, current val is 320
I1013 15:21:47.667469 13839 runtime_context.cpp:29] DecreaseCounter constructing_actor_cnt, current val is 319
I1013 15:21:47.667719 13867 naive_actor.cpp:25] actor 2199023255583 switch to &NaiveActor::HandlerNormal
I1013 15:21:47.667768 13867 thread.cpp:96] Thread 1048576 construct Actor kNormalForward 2199023255583
I1013 15:21:47.667776 13839 naive_actor.cpp:25] actor 1099614388241 switch to &NaiveActor::HandlerNormal
I1013 15:21:47.667825 13839 thread.cpp:96] Thread 524337 construct Actor kDeviceTick 1099614388241
I1013 15:21:47.667840 13867 runtime_context.cpp:29] DecreaseCounter constructing_actor_cnt, current val is 318
I1013 15:21:47.667878 13839 runtime_context.cpp:29] DecreaseCounter constructing_actor_cnt, current val is 317
I1013 15:21:47.668125 13867 naive_actor.cpp:25] actor 2199023255557 switch to &NaiveActor::HandlerNormal
I1013 15:21:47.668174 13867 thread.cpp:96] Thread 1048576 construct Actor kNormalForward 2199023255557
I1013 15:21:47.668179 13839 naive_actor.cpp:25] actor 1099614388242 switch to &NaiveActor::HandlerNormal
I1013 15:21:47.668231 13839 thread.cpp:96] Thread 524337 construct Actor kSrcSubsetTick 1099614388242
I1013 15:21:47.668243 13867 runtime_context.cpp:29] DecreaseCounter constructing_actor_cnt, current val is 316
I1013 15:21:47.668282 13839 runtime_context.cpp:29] DecreaseCounter constructing_actor_cnt, current val is 315
I1013 15:21:47.668561 13839 naive_actor.cpp:25] actor 1099614388245 switch to &NaiveActor::HandlerNormal
I1013 15:21:47.668619 13839 thread.cpp:96] Thread 524337 construct Actor kTick 1099614388245
I1013 15:21:47.668671 13839 runtime_context.cpp:29] DecreaseCounter constructing_actor_cnt, current val is 314
I1013 15:21:47.668931 13839 naive_actor.cpp:25] actor 1099614388247 switch to &NaiveActor::HandlerNormal
I1013 15:21:47.668977 13839 thread.cpp:96] Thread 524337 construct Actor kTick 1099614388247
I1013 15:21:47.669029 13839 runtime_context.cpp:29] DecreaseCounter constructing_actor_cnt, current val is 313
I1013 15:21:47.669142 13867 naive_actor.cpp:25] actor 2199023255577 switch to &NaiveActor::HandlerNormal
I1013 15:21:47.669193 13867 thread.cpp:96] Thread 1048576 construct Actor kNormalForward 2199023255577
I1013 15:21:47.669263 13867 runtime_context.cpp:29] DecreaseCounter constructing_actor_cnt, current val is 312
I1013 15:21:47.669324 13839 naive_actor.cpp:25] actor 1099614388248 switch to &NaiveActor::HandlerNormal
I1013 15:21:47.669369 13839 thread.cpp:96] Thread 524337 construct Actor kTick 1099614388248
I1013 15:21:47.669420 13839 runtime_context.cpp:29] DecreaseCounter constructing_actor_cnt, current val is 311
I1013 15:21:47.669576 13867 naive_actor.cpp:25] actor 2199023255568 switch to &NaiveActor::HandlerNormal
I1013 15:21:47.669625 13867 thread.cpp:96] Thread 1048576 construct Actor kNormalForward 2199023255568
I1013 15:21:47.669682 13867 runtime_context.cpp:29] DecreaseCounter constructing_actor_cnt, current val is 310
I1013 15:21:47.669746 13839 naive_actor.cpp:25] actor 1099614388249 switch to &NaiveActor::HandlerNormal
I1013 15:21:47.669793 13839 thread.cpp:96] Thread 524337 construct Actor kTick 1099614388249
I1013 15:21:47.669847 13839 runtime_context.cpp:29] DecreaseCounter constructing_actor_cnt, current val is 309
I1013 15:21:47.669972 13867 naive_actor.cpp:25] actor 2199023255571 switch to &NaiveActor::HandlerNormal
I1013 15:21:47.670019 13867 thread.cpp:96] Thread 1048576 construct Actor kNormalForward 2199023255571
I1013 15:21:47.670074 13867 runtime_context.cpp:29] DecreaseCounter constructing_actor_cnt, current val is 308
I1013 15:21:47.670143 13839 naive_actor.cpp:25] actor 1099614388256 switch to &NaiveActor::HandlerNormal
I1013 15:21:47.670188 13839 thread.cpp:96] Thread 524337 construct Actor kTick 1099614388256
I1013 15:21:47.670296 13839 runtime_context.cpp:29] DecreaseCounter constructing_actor_cnt, current val is 307
I1013 15:21:47.670382 13867 naive_actor.cpp:25] actor 2199023255553 switch to &NaiveActor::HandlerNormal
I1013 15:21:47.670433 13867 thread.cpp:96] Thread 1048576 construct Actor kNormalForward 2199023255553
I1013 15:21:47.670490 13867 runtime_context.cpp:29] DecreaseCounter constructing_actor_cnt, current val is 306
I1013 15:21:47.670651 13839 naive_actor.cpp:25] actor 1099614388319 switch to &NaiveActor::HandlerNormal
I1013 15:21:47.670709 13839 thread.cpp:96] Thread 524337 construct Actor kTick 1099614388319
I1013 15:21:47.670763 13839 runtime_context.cpp:29] DecreaseCounter constructing_actor_cnt, current val is 305
I1013 15:21:47.670792 13867 naive_actor.cpp:25] actor 2199023255576 switch to &NaiveActor::HandlerNormal
I1013 15:21:47.670825 13867 thread.cpp:96] Thread 1048576 construct Actor kNormalForward 2199023255576
I1013 15:21:47.670877 13867 runtime_context.cpp:29] DecreaseCounter constructing_actor_cnt, current val is 304
I1013 15:21:47.671046 13839 naive_actor.cpp:25] actor 1099614388251 switch to &NaiveActor::HandlerNormal
I1013 15:21:47.671090 13839 thread.cpp:96] Thread 524337 construct Actor kSrcSubsetTick 1099614388251
I1013 15:21:47.671140 13839 runtime_context.cpp:29] DecreaseCounter constructing_actor_cnt, current val is 303
I1013 15:21:47.671399 13839 naive_actor.cpp:25] actor 1099614388254 switch to &NaiveActor::HandlerNormal
I1013 15:21:47.671444 13839 thread.cpp:96] Thread 524337 construct Actor kTick 1099614388254
I1013 15:21:47.671492 13839 runtime_context.cpp:29] DecreaseCounter constructing_actor_cnt, current val is 302
I1013 15:21:47.671587 13867 naive_actor.cpp:25] actor 2199023255570 switch to &NaiveActor::HandlerNormal
I1013 15:21:47.671633 13867 thread.cpp:96] Thread 1048576 construct Actor kNormalForward 2199023255570
I1013 15:21:47.671691 13867 runtime_context.cpp:29] DecreaseCounter constructing_actor_cnt, current val is 301
I1013 15:21:47.671775 13839 naive_actor.cpp:25] actor 1099614388250 switch to &NaiveActor::HandlerNormal
I1013 15:21:47.671818 13839 thread.cpp:96] Thread 524337 construct Actor kDeviceTick 1099614388250
I1013 15:21:47.671869 13839 runtime_context.cpp:29] DecreaseCounter constructing_actor_cnt, current val is 300
I1013 15:21:47.672186 13839 naive_actor.cpp:25] actor 1099614388255 switch to &NaiveActor::HandlerNormal
I1013 15:21:47.672231 13839 thread.cpp:96] Thread 524337 construct Actor kDstSubsetTick 1099614388255
I1013 15:21:47.672286 13839 runtime_context.cpp:29] DecreaseCounter constructing_actor_cnt, current val is 299
I1013 15:21:47.672461 13867 naive_actor.cpp:25] actor 2199023255555 switch to &NaiveActor::HandlerNormal
I1013 15:21:47.672509 13867 thread.cpp:96] Thread 1048576 construct Actor kNormalForward 2199023255555
I1013 15:21:47.672562 13839 naive_actor.cpp:25] actor 1099614388257 switch to &NaiveActor::HandlerNormal
I1013 15:21:47.672580 13867 runtime_context.cpp:29] DecreaseCounter constructing_actor_cnt, current val is 298
I1013 15:21:47.672610 13839 thread.cpp:96] Thread 524337 construct Actor kTick 1099614388257
I1013 15:21:47.672677 13839 runtime_context.cpp:29] DecreaseCounter constructing_actor_cnt, current val is 297
I1013 15:21:47.672889 13867 naive_actor.cpp:25] actor 2199023255581 switch to &NaiveActor::HandlerNormal
I1013 15:21:47.672937 13867 thread.cpp:96] Thread 1048576 construct Actor kNormalForward 2199023255581
I1013 15:21:47.672961 13839 naive_actor.cpp:25] actor 1099614388258 switch to &NaiveActor::HandlerNormal
I1013 15:21:47.672991 13839 thread.cpp:96] Thread 524337 construct Actor kTick 1099614388258
I1013 15:21:47.673002 13867 runtime_context.cpp:29] DecreaseCounter constructing_actor_cnt, current val is 296
I1013 15:21:47.673045 13839 runtime_context.cpp:29] DecreaseCounter constructing_actor_cnt, current val is 295
I1013 15:21:47.673278 13867 naive_actor.cpp:25] actor 2199023255586 switch to &NaiveActor::HandlerNormal
I1013 15:21:47.673326 13839 naive_actor.cpp:25] actor 1099614388316 switch to &NaiveActor::HandlerNormal
I1013 15:21:47.673326 13867 thread.cpp:96] Thread 1048576 construct Actor kNormalForward 2199023255586
I1013 15:21:47.673444 13839 thread.cpp:96] Thread 524337 construct Actor kTick 1099614388316
I1013 15:21:47.673504 13867 runtime_context.cpp:29] DecreaseCounter constructing_actor_cnt, current val is 294
I1013 15:21:47.673516 13839 runtime_context.cpp:29] DecreaseCounter constructing_actor_cnt, current val is 293
I1013 15:21:47.673830 13839 naive_actor.cpp:25] actor 1099614388259 switch to &NaiveActor::HandlerNormal
I1013 15:21:47.673877 13839 thread.cpp:96] Thread 524337 construct Actor kDeviceTick 1099614388259
I1013 15:21:47.673933 13839 runtime_context.cpp:29] DecreaseCounter constructing_actor_cnt, current val is 292
I1013 15:21:47.674218 13839 naive_actor.cpp:25] actor 1099614388260 switch to &NaiveActor::HandlerNormal
I1013 15:21:47.674263 13839 thread.cpp:96] Thread 524337 construct Actor kSrcSubsetTick 1099614388260
I1013 15:21:47.674312 13839 runtime_context.cpp:29] DecreaseCounter constructing_actor_cnt, current val is 291
I1013 15:21:47.674342 13867 naive_actor.cpp:25] actor 2199023255589 switch to &NaiveActor::HandlerNormal
I1013 15:21:47.674389 13867 thread.cpp:96] Thread 1048576 construct Actor kNormalForward 2199023255589
I1013 15:21:47.674453 13867 runtime_context.cpp:29] DecreaseCounter constructing_actor_cnt, current val is 290
I1013 15:21:47.674603 13839 naive_actor.cpp:25] actor 1099614388263 switch to &NaiveActor::HandlerNormal
I1013 15:21:47.674647 13839 thread.cpp:96] Thread 524337 construct Actor kTick 1099614388263
I1013 15:21:47.674705 13839 runtime_context.cpp:29] DecreaseCounter constructing_actor_cnt, current val is 289
I1013 15:21:47.674765 13867 naive_actor.cpp:25] actor 2199023255588 switch to &NaiveActor::HandlerNormal
I1013 15:21:47.674813 13867 thread.cpp:96] Thread 1048576 construct Actor kNormalForward 2199023255588
I1013 15:21:47.674880 13867 runtime_context.cpp:29] DecreaseCounter constructing_actor_cnt, current val is 288
I1013 15:21:47.675047 13839 naive_actor.cpp:25] actor 1099614388264 switch to &NaiveActor::HandlerNormal
I1013 15:21:47.675092 13839 thread.cpp:96] Thread 524337 construct Actor kDstSubsetTick 1099614388264
I1013 15:21:47.675148 13839 runtime_context.cpp:29] DecreaseCounter constructing_actor_cnt, current val is 287
I1013 15:21:47.675417 13839 naive_actor.cpp:25] actor 1099614388266 switch to &NaiveActor::HandlerNormal
I1013 15:21:47.675462 13839 thread.cpp:96] Thread 524337 construct Actor kTick 1099614388266
I1013 15:21:47.675513 13839 runtime_context.cpp:29] DecreaseCounter constructing_actor_cnt, current val is 286
I1013 15:21:47.675686 13867 naive_actor.cpp:25] actor 2199023255631 switch to &NaiveActor::HandlerNormal
I1013 15:21:47.675734 13867 thread.cpp:96] Thread 1048576 construct Actor kNormalForward 2199023255631
I1013 15:21:47.675794 13867 runtime_context.cpp:29] DecreaseCounter constructing_actor_cnt, current val is 285
I1013 15:21:47.675807 13839 naive_actor.cpp:25] actor 1099614388265 switch to &NaiveActor::HandlerNormal
I1013 15:21:47.675845 13839 thread.cpp:96] Thread 524337 construct Actor kTick 1099614388265
I1013 15:21:47.675904 13839 runtime_context.cpp:29] DecreaseCounter constructing_actor_cnt, current val is 284
I1013 15:21:47.676167 13839 naive_actor.cpp:25] actor 1099614388282 switch to &NaiveActor::HandlerNormal
I1013 15:21:47.676210 13839 thread.cpp:96] Thread 524337 construct Actor kTick 1099614388282
I1013 15:21:47.676270 13839 runtime_context.cpp:29] DecreaseCounter constructing_actor_cnt, current val is 283
I1013 15:21:47.676523 13867 naive_actor.cpp:25] actor 2199023255630 switch to &NaiveActor::HandlerNormal
I1013 15:21:47.676575 13867 thread.cpp:96] Thread 1048576 construct Actor kNormalForward 2199023255630
I1013 15:21:47.676638 13867 runtime_context.cpp:29] DecreaseCounter constructing_actor_cnt, current val is 282
I1013 15:21:47.676728 13839 esac_actor.cpp:73] actor 1099614388313 switch to &EsacActor::HandlerNormal
I1013 15:21:47.676774 13839 thread.cpp:96] Thread 524337 construct Actor kEsac 1099614388313
I1013 15:21:47.676885 13839 runtime_context.cpp:29] DecreaseCounter constructing_actor_cnt, current val is 281
I1013 15:21:47.676918 13867 naive_actor.cpp:25] actor 2199023255679 switch to &NaiveActor::HandlerNormal
I1013 15:21:47.676965 13867 thread.cpp:96] Thread 1048576 construct Actor kNormalForward 2199023255679
I1013 15:21:47.677031 13867 runtime_context.cpp:29] DecreaseCounter constructing_actor_cnt, current val is 280
I1013 15:21:47.677191 13839 naive_actor.cpp:25] actor 1099614388277 switch to &NaiveActor::HandlerNormal
I1013 15:21:47.677253 13839 thread.cpp:96] Thread 524337 construct Actor kSrcSubsetTick 1099614388277
I1013 15:21:47.677304 13839 runtime_context.cpp:29] DecreaseCounter constructing_actor_cnt, current val is 279
I1013 15:21:47.677592 13839 naive_actor.cpp:25] actor 1099614388275 switch to &NaiveActor::HandlerNormal
I1013 15:21:47.677642 13839 thread.cpp:96] Thread 524337 construct Actor kTick 1099614388275
I1013 15:21:47.677703 13839 runtime_context.cpp:29] DecreaseCounter constructing_actor_cnt, current val is 278
I1013 15:21:47.677914 13867 naive_actor.cpp:25] actor 2199023255678 switch to &NaiveActor::HandlerNormal
I1013 15:21:47.677963 13867 thread.cpp:96] Thread 1048576 construct Actor kNormalForward 2199023255678
I1013 15:21:47.677974 13839 naive_actor.cpp:25] actor 1099614388268 switch to &NaiveActor::HandlerNormal
I1013 15:21:47.678011 13839 thread.cpp:96] Thread 524337 construct Actor kSrcSubsetTick 1099614388268
I1013 15:21:47.678040 13867 runtime_context.cpp:29] DecreaseCounter constructing_actor_cnt, current val is 277
I1013 15:21:47.678059 13839 runtime_context.cpp:29] DecreaseCounter constructing_actor_cnt, current val is 276
I1013 15:21:47.678313 13839 naive_actor.cpp:25] actor 1099614388267 switch to &NaiveActor::HandlerNormal
I1013 15:21:47.678359 13839 thread.cpp:96] Thread 524337 construct Actor kDeviceTick 1099614388267
I1013 15:21:47.678408 13839 runtime_context.cpp:29] DecreaseCounter constructing_actor_cnt, current val is 275
I1013 15:21:47.678673 13839 naive_actor.cpp:25] actor 1099614388281 switch to &NaiveActor::HandlerNormal
I1013 15:21:47.678715 13839 thread.cpp:96] Thread 524337 construct Actor kTick 1099614388281
I1013 15:21:47.678763 13839 runtime_context.cpp:29] DecreaseCounter constructing_actor_cnt, current val is 274
I1013 15:21:47.678846 13867 naive_actor.cpp:25] actor 2199023255594 switch to &NaiveActor::HandlerNormal
I1013 15:21:47.678894 13867 thread.cpp:96] Thread 1048576 construct Actor kNormalForward 2199023255594
I1013 15:21:47.678966 13867 runtime_context.cpp:29] DecreaseCounter constructing_actor_cnt, current val is 273
I1013 15:21:47.679049 13839 naive_actor.cpp:25] actor 1099614388279 switch to &NaiveActor::HandlerNormal
I1013 15:21:47.679091 13839 thread.cpp:96] Thread 524337 construct Actor kTick 1099614388279
I1013 15:21:47.679154 13839 runtime_context.cpp:29] DecreaseCounter constructing_actor_cnt, current val is 272
I1013 15:21:47.679261 13867 naive_actor.cpp:25] actor 2199023255578 switch to &NaiveActor::HandlerNormal
I1013 15:21:47.679306 13867 thread.cpp:96] Thread 1048576 construct Actor kNormalForward 2199023255578
I1013 15:21:47.679373 13867 runtime_context.cpp:29] DecreaseCounter constructing_actor_cnt, current val is 271
I1013 15:21:47.679445 13839 naive_actor.cpp:25] actor 1099614388273 switch to &NaiveActor::HandlerNormal
I1013 15:21:47.679486 13839 thread.cpp:96] Thread 524337 construct Actor kTick 1099614388273
I1013 15:21:47.679548 13839 runtime_context.cpp:29] DecreaseCounter constructing_actor_cnt, current val is 270
I1013 15:21:47.679884 13839 naive_actor.cpp:25] actor 1099614388280 switch to &NaiveActor::HandlerNormal
I1013 15:21:47.679930 13839 thread.cpp:96] Thread 524337 construct Actor kDstSubsetTick 1099614388280
I1013 15:21:47.679994 13839 runtime_context.cpp:29] DecreaseCounter constructing_actor_cnt, current val is 269
I1013 15:21:47.680225 13867 naive_actor.cpp:25] actor 2199023255562 switch to &NaiveActor::HandlerNormal
I1013 15:21:47.680271 13839 naive_actor.cpp:25] actor 1099614388317 switch to &NaiveActor::HandlerNormal
I1013 15:21:47.680274 13867 thread.cpp:96] Thread 1048576 construct Actor kNormalForward 2199023255562
I1013 15:21:47.680379 13839 thread.cpp:96] Thread 524337 construct Actor kTick 1099614388317
I1013 15:21:47.680451 13867 runtime_context.cpp:29] DecreaseCounter constructing_actor_cnt, current val is 268
I1013 15:21:47.680457 13839 runtime_context.cpp:29] DecreaseCounter constructing_actor_cnt, current val is 267
I1013 15:21:47.680747 13867 naive_actor.cpp:25] actor 2199023255591 switch to &NaiveActor::HandlerNormal
I1013 15:21:47.680797 13867 thread.cpp:96] Thread 1048576 construct Actor kNormalForward 2199023255591
I1013 15:21:47.680835 13839 naive_actor.cpp:25] actor 1099614388272 switch to &NaiveActor::HandlerNormal
I1013 15:21:47.680866 13867 runtime_context.cpp:29] DecreaseCounter constructing_actor_cnt, current val is 266
I1013 15:21:47.680886 13839 thread.cpp:96] Thread 524337 construct Actor kDstSubsetTick 1099614388272
I1013 15:21:47.680964 13839 runtime_context.cpp:29] DecreaseCounter constructing_actor_cnt, current val is 265
I1013 15:21:47.681265 13839 naive_actor.cpp:25] actor 1099614388274 switch to &NaiveActor::HandlerNormal
I1013 15:21:47.681308 13839 thread.cpp:96] Thread 524337 construct Actor kTick 1099614388274
I1013 15:21:47.681355 13839 runtime_context.cpp:29] DecreaseCounter constructing_actor_cnt, current val is 264
I1013 15:21:47.681529 13867 naive_actor.cpp:25] actor 2199023255590 switch to &NaiveActor::HandlerNormal
I1013 15:21:47.681630 13839 naive_actor.cpp:25] actor 1099614388271 switch to &NaiveActor::HandlerNormal
I1013 15:21:47.681669 13867 thread.cpp:96] Thread 1048576 construct Actor kNormalForward 2199023255590
I1013 15:21:47.681694 13839 thread.cpp:96] Thread 524337 construct Actor kTick 1099614388271
I1013 15:21:47.681757 13867 runtime_context.cpp:29] DecreaseCounter constructing_actor_cnt, current val is 263
I1013 15:21:47.681761 13839 runtime_context.cpp:29] DecreaseCounter constructing_actor_cnt, current val is 262
I1013 15:21:47.682032 13839 naive_actor.cpp:25] actor 1099614388288 switch to &NaiveActor::HandlerNormal
I1013 15:21:47.682075 13839 thread.cpp:96] Thread 524337 construct Actor kTick 1099614388288
I1013 15:21:47.682122 13839 runtime_context.cpp:29] DecreaseCounter constructing_actor_cnt, current val is 261
I1013 15:21:47.682368 13839 naive_actor.cpp:25] actor 1099614388293 switch to &NaiveActor::HandlerNormal
I1013 15:21:47.682410 13839 thread.cpp:96] Thread 524337 construct Actor kTick 1099614388293
I1013 15:21:47.682456 13839 runtime_context.cpp:29] DecreaseCounter constructing_actor_cnt, current val is 260
I1013 15:21:47.682526 13867 naive_actor.cpp:25] actor 2199023255584 switch to &NaiveActor::HandlerNormal
I1013 15:21:47.682587 13867 thread.cpp:96] Thread 1048576 construct Actor kNormalForward 2199023255584
I1013 15:21:47.682655 13867 runtime_context.cpp:29] DecreaseCounter constructing_actor_cnt, current val is 259
I1013 15:21:47.682722 13839 naive_actor.cpp:25] actor 1099614388287 switch to &NaiveActor::HandlerNormal
I1013 15:21:47.682765 13839 thread.cpp:96] Thread 524337 construct Actor kTick 1099614388287
I1013 15:21:47.682811 13839 runtime_context.cpp:29] DecreaseCounter constructing_actor_cnt, current val is 258
I1013 15:21:47.683090 13839 reentrant_lock_actor.cpp:76] actor 1099614388283 switch to &ReentrantLockActor::HandlerNormal
I1013 15:21:47.683135 13839 thread.cpp:96] Thread 524337 construct Actor kReentrantLock 1099614388283
I1013 15:21:47.683184 13839 runtime_context.cpp:29] DecreaseCounter constructing_actor_cnt, current val is 257
I1013 15:21:47.683401 13867 naive_actor.cpp:25] actor 2199023255579 switch to &NaiveActor::HandlerNormal
I1013 15:21:47.683446 13839 naive_actor.cpp:25] actor 1099614388285 switch to &NaiveActor::HandlerNormal
I1013 15:21:47.683449 13867 thread.cpp:96] Thread 1048576 construct Actor kNormalForward 2199023255579
I1013 15:21:47.683480 13839 thread.cpp:96] Thread 524337 construct Actor kTick 1099614388285
I1013 15:21:47.683550 13867 runtime_context.cpp:29] DecreaseCounter constructing_actor_cnt, current val is 256
I1013 15:21:47.683552 13839 runtime_context.cpp:29] DecreaseCounter constructing_actor_cnt, current val is 255
I1013 15:21:47.683868 13839 naive_actor.cpp:25] actor 1099614388292 switch to &NaiveActor::HandlerNormal
I1013 15:21:47.683916 13839 thread.cpp:96] Thread 524337 construct Actor kTick 1099614388292
I1013 15:21:47.683964 13839 runtime_context.cpp:29] DecreaseCounter constructing_actor_cnt, current val is 254
I1013 15:21:47.684209 13839 naive_actor.cpp:25] actor 1099614388295 switch to &NaiveActor::HandlerNormal
I1013 15:21:47.684252 13839 thread.cpp:96] Thread 524337 construct Actor kTick 1099614388295
I1013 15:21:47.684298 13839 runtime_context.cpp:29] DecreaseCounter constructing_actor_cnt, current val is 253
