Log file created at: 2021/10/13 14:52:08
Running on machine: oneflow-14
Log line format: [IWEF]mmdd hh:mm:ss.uuuuuu threadid file:line] msg
I1013 14:52:08.629237 41115 global.h:36] NewGlobal 14cudaDeviceProp
I1013 14:52:08.630316 41115 global.h:36] NewGlobal N7oneflow7EnvDescE
I1013 14:52:08.630340 41115 global.h:36] NewGlobal N7oneflow10ProcessCtxE
I1013 14:52:08.630352 41115 env_global_objects_scope.cpp:152] using rpc backend: local
I1013 14:52:08.630419 41115 global.h:36] NewGlobal N7oneflow12ResourceDescE
I1013 14:52:08.630435 41115 global.h:36] NewGlobal N7oneflow12ResourceDescE
I1013 14:52:08.715683 41115 global.h:36] NewGlobal N7oneflow10ThreadPoolE
I1013 14:52:08.716876 41115 global.h:36] NewGlobal N7oneflow16EagerNcclCommMgrE
I1013 14:52:08.716894 41115 global.h:36] NewGlobal N7oneflow18CudnnConvAlgoCacheE
I1013 14:52:08.716903 41115 global.h:36] NewGlobal N7oneflow2vm19VirtualMachineScopeE
I1013 14:52:08.716913 41115 global.h:36] NewGlobal N7oneflow9OneflowVME
I1013 14:52:08.717856 41115 oneflow_vm.cpp:75] transport stream type: N7oneflow2vm13CpuStreamTypeE
I1013 14:52:08.717875 41115 oneflow_vm.cpp:75] transport stream type: N7oneflow2vm14CudaStreamTypeE
I1013 14:52:08.717883 41115 oneflow_vm.cpp:75] transport stream type: N7oneflow2vm19AsyncCudaStreamTypeE
I1013 14:52:08.718024 41115 global.h:36] NewGlobal N7oneflow27EagerJobBuildAndInferCtxMgrE
I1013 14:52:08.718040 41115 global.h:36] NewGlobal N7oneflow12EpollCommNetE
I1013 14:52:08.718163 41115 epoll_comm_network.cpp:63] CommNet:Epoll listening on 0.0.0.0:46200
I1013 14:52:08.718199 41115 epoll_comm_network.cpp:197] machine 0 sockfd -1
I1013 14:52:08.718314 41115 global.h:36] NewGlobal N7oneflow9TransportE
I1013 14:52:08.719905 41115 global.h:43] DeleteGlobal N7oneflow12ResourceDescE
I1013 14:52:08.719936 41115 version.cpp:22] OneFlow git version: b295ca2324
I1013 14:52:08.730913 41115 device_register_gpu.cpp:56] CUDA runtime version: 11.2
I1013 14:52:08.730970 41115 device_register_gpu.cpp:65] cuDNN version: 8.1.1
I1013 14:52:08.739967 41115 device_register_gpu.cpp:78] NCCL version: 2.9.8
I1013 14:52:08.739995 41115 global.h:36] NewGlobal N7oneflow12ResourceDescE
I1013 14:52:08.740005 41115 global.h:36] NewGlobal N7oneflow5IDMgrE
I1013 14:52:08.740012 41115 global.h:36] NewGlobal N7oneflow16AvailableMemDescE
I1013 14:52:08.740037 41115 global.h:36] NewGlobal St13unordered_mapISslSt4hashISsESt8equal_toISsESaISt4pairIKSslEEE
I1013 14:52:08.740046 41115 global.h:36] NewGlobal N7oneflow19CriticalSectionDescE
I1013 14:52:08.740052 41115 global.h:36] NewGlobal N7oneflow16InterUserJobInfoE
I1013 14:52:08.740061 41115 global.h:36] NewGlobal N7oneflow26LazyJobBuildAndInferCtxMgrE
I1013 14:52:08.740068 41115 global.h:36] NewGlobal N7oneflow16JobSetCompileCtxE
I1013 14:52:08.740077 41115 global.h:36] NewGlobal N7oneflow26RuntimeBufferManagersScopeE
I1013 14:52:08.740083 41115 global.h:36] NewGlobal N7oneflow9BufferMgrIlEE
I1013 14:52:08.740090 41115 global.h:36] NewGlobal N7oneflow9BufferMgrISt10shared_ptrINS_11JobInstanceEEEE
I1013 14:52:08.740097 41115 global.h:36] NewGlobal N7oneflow10RuntimeCtxE
I1013 14:52:08.740103 41115 global.h:36] NewGlobal N7oneflow15MemoryAllocatorE
I1013 14:52:08.740110 41115 global.h:36] NewGlobal N7oneflow8ChunkMgrE
I1013 14:52:08.740118 41115 global.h:36] NewGlobal N7oneflow8RegstMgrE
I1013 14:52:08.740123 41115 global.h:36] NewGlobal N7oneflow11ActorMsgBusE
I1013 14:52:08.740130 41115 global.h:36] NewGlobal N7oneflow9ThreadMgrE
I1013 14:52:08.740137 41115 global.h:36] NewGlobal N7oneflow15RuntimeJobDescsE
I1013 14:52:08.740145 41115 global.h:36] NewGlobal N7oneflow7summary12EventsWriterE
I1013 14:52:08.740154 41115 global.h:36] NewGlobal N7oneflow6boxing10collective24CollectiveBoxingExecutorE
I1013 14:52:08.740161 41115 global.h:36] NewGlobal N7oneflow6boxing10collective31CollectiveBoxingDeviceCtxPollerE
I1013 14:52:08.740286 41115 session.h:77] NewGlobal N7oneflow25SessionGlobalObjectsScopeE
I1013 14:52:08.745106 41115 global.h:36] NewGlobal N7oneflow7JobDescE
I1013 14:52:09.262089 41115 global.h:43] DeleteGlobal N7oneflow7JobDescE
I1013 14:52:09.262324 41115 global.h:36] NewGlobal N7oneflow7JobDescE
I1013 14:52:09.266043 41115 global.h:36] NewGlobal N7oneflow7OpGraphE
I1013 14:52:09.271261 41115 global.h:43] DeleteGlobal N7oneflow7OpGraphE
I1013 14:52:09.491503 41115 global.h:43] DeleteGlobal N7oneflow7JobDescE
I1013 14:52:09.511363 41115 global.h:36] NewGlobal N7oneflow24InterJobReuseMemStrategyE
I1013 14:52:09.511409 41115 global.h:36] NewGlobal N7oneflow7OneflowE
I1013 14:52:09.526211 41115 global.h:36] NewGlobal N7oneflow7JobDescE
I1013 14:52:09.766206 41115 global.h:36] NewGlobal N7oneflow7OpGraphE
I1013 14:52:09.842298 41115 global.h:43] DeleteGlobal N7oneflow7OpGraphE
I1013 14:52:09.849448 41115 oneflow.cpp:210] 
job_id: 0 , job_name: train_job , compile time: 0.323163 seconds.
I1013 14:52:09.898339 41115 global.h:43] DeleteGlobal N7oneflow7JobDescE
I1013 14:52:09.898746 41115 global.h:36] NewGlobal N7oneflow7JobDescE
I1013 14:52:09.948477 41115 global.h:36] NewGlobal N7oneflow7OpGraphE
I1013 14:52:09.974783 41115 global.h:43] DeleteGlobal N7oneflow7OpGraphE
I1013 14:52:09.979632 41115 oneflow.cpp:210] 
job_id: 1 , job_name: System-ModelInit , compile time: 0.0805683 seconds.
I1013 14:52:10.000360 41115 global.h:43] DeleteGlobal N7oneflow7JobDescE
I1013 14:52:10.000407 41115 global.h:36] NewGlobal N7oneflow7JobDescE
I1013 14:52:10.067720 41115 global.h:36] NewGlobal N7oneflow7OpGraphE
I1013 14:52:10.096524 41115 global.h:43] DeleteGlobal N7oneflow7OpGraphE
I1013 14:52:10.100103 41115 oneflow.cpp:210] 
job_id: 2 , job_name: System-ModelLoad , compile time: 0.0996603 seconds.
I1013 14:52:10.114193 41115 global.h:43] DeleteGlobal N7oneflow7JobDescE
I1013 14:52:10.114280 41115 global.h:36] NewGlobal N7oneflow7JobDescE
I1013 14:52:10.170351 41115 global.h:36] NewGlobal N7oneflow7OpGraphE
I1013 14:52:10.198813 41115 global.h:43] DeleteGlobal N7oneflow7OpGraphE
I1013 14:52:10.202555 41115 oneflow.cpp:210] 
job_id: 3 , job_name: System-ModelSave , compile time: 0.0882619 seconds.
I1013 14:52:10.216810 41115 global.h:43] DeleteGlobal N7oneflow7JobDescE
I1013 14:52:10.216857 41115 global.h:36] NewGlobal N7oneflow7JobDescE
I1013 14:52:10.227186 41115 global.h:36] NewGlobal N7oneflow7OpGraphE
I1013 14:52:10.231593 41115 global.h:43] DeleteGlobal N7oneflow7OpGraphE
I1013 14:52:10.232919 41115 oneflow.cpp:210] 
job_id: 4 , job_name: System-Pull-Return_22 , compile time: 0.0160394 seconds.
I1013 14:52:10.236999 41115 global.h:43] DeleteGlobal N7oneflow7JobDescE
I1013 14:52:10.256812 41115 global.h:36] NewGlobal N7oneflow7JobDescE
I1013 14:52:10.256912 41115 global.h:36] NewGlobal N7oneflow7OpGraphE
I1013 14:52:10.266703 41115 global.h:43] DeleteGlobal N7oneflow7OpGraphE
I1013 14:52:10.270217 41115 oneflow.cpp:210] 
job_id: 5 , job_name: MainJob-unamed , compile time: 0.0133199 seconds.
I1013 14:52:10.282284 41115 global.h:43] DeleteGlobal N7oneflow7JobDescE
I1013 14:52:10.286336 41115 plan_util.cpp:928]  Plan: merged_plan needs to allocate [ 374.89 MiB ] device memory in Rank: 0 , Device: 0
I1013 14:52:10.528185 41115 oneflow.cpp:998]  PushPlan merged_plan time: 0.0188337 seconds.
I1013 14:52:10.574934 41115 oneflow.cpp:1014]  PullPlan merged_plan time: 0.0392317 seconds.
I1013 14:52:17.180524 41115 runtime_context.cpp:21] NewCounter constructing_actor_cnt 392
I1013 14:52:17.181655 41783 naive_actor.cpp:25] actor 1099614388226 switch to &NaiveActor::HandlerNormal
I1013 14:52:17.181728 41799 naive_actor.cpp:25] actor 2199023255699 switch to &NaiveActor::HandlerNormal
I1013 14:52:17.181820 41783 thread.cpp:96] Thread 524337 construct Actor kDeviceTick 1099614388226
I1013 14:52:17.181915 41784 wait_and_send_ids_actor.cpp:53] actor 1099616485376 switch to &WaitAndSendIdsActor::HandlerWaitToStart
I1013 14:52:17.181926 41799 thread.cpp:96] Thread 1048576 construct Actor kDeviceTick 2199023255699
I1013 14:52:17.182076 41784 thread.cpp:96] Thread 524338 construct Actor kWaitAndSendIds 1099616485376
I1013 14:52:17.182101 41783 runtime_context.cpp:29] DecreaseCounter constructing_actor_cnt, current val is 391
I1013 14:52:17.182212 41784 runtime_context.cpp:29] DecreaseCounter constructing_actor_cnt, current val is 389
I1013 14:52:17.182188 41799 runtime_context.cpp:29] DecreaseCounter constructing_actor_cnt, current val is 390
I1013 14:52:17.182476 41783 naive_actor.cpp:25] actor 1099614388233 switch to &NaiveActor::HandlerNormal
I1013 14:52:17.182536 41783 thread.cpp:96] Thread 524337 construct Actor kDeviceTick 1099614388233
I1013 14:52:17.182615 41783 runtime_context.cpp:29] DecreaseCounter constructing_actor_cnt, current val is 388
I1013 14:52:17.182742 41799 naive_actor.cpp:25] actor 2199023255738 switch to &NaiveActor::HandlerNormal
I1013 14:52:17.182798 41799 thread.cpp:96] Thread 1048576 construct Actor kDeviceTick 2199023255738
I1013 14:52:17.182868 41799 runtime_context.cpp:29] DecreaseCounter constructing_actor_cnt, current val is 387
I1013 14:52:17.182930 41783 naive_actor.cpp:25] actor 1099614388243 switch to &NaiveActor::HandlerNormal
I1013 14:52:17.182981 41783 thread.cpp:96] Thread 524337 construct Actor kDeviceTick 1099614388243
I1013 14:52:17.183068 41783 runtime_context.cpp:29] DecreaseCounter constructing_actor_cnt, current val is 386
I1013 14:52:17.183162 41799 naive_actor.cpp:25] actor 2199023255777 switch to &NaiveActor::HandlerNormal
I1013 14:52:17.183244 41799 thread.cpp:96] Thread 1048576 construct Actor kDeviceTick 2199023255777
I1013 14:52:17.183313 41799 runtime_context.cpp:29] DecreaseCounter constructing_actor_cnt, current val is 385
I1013 14:52:17.183359 41783 naive_actor.cpp:25] actor 1099614388252 switch to &NaiveActor::HandlerNormal
I1013 14:52:17.183413 41783 thread.cpp:96] Thread 524337 construct Actor kDeviceTick 1099614388252
I1013 14:52:17.183478 41783 runtime_context.cpp:29] DecreaseCounter constructing_actor_cnt, current val is 384
I1013 14:52:17.183596 41799 naive_actor.cpp:25] actor 2199023255816 switch to &NaiveActor::HandlerNormal
I1013 14:52:17.183653 41799 thread.cpp:96] Thread 1048576 construct Actor kDeviceTick 2199023255816
I1013 14:52:17.183718 41799 runtime_context.cpp:29] DecreaseCounter constructing_actor_cnt, current val is 383
I1013 14:52:17.183768 41783 naive_actor.cpp:25] actor 1099614388261 switch to &NaiveActor::HandlerNormal
I1013 14:52:17.183816 41783 thread.cpp:96] Thread 524337 construct Actor kDeviceTick 1099614388261
I1013 14:52:17.183881 41783 runtime_context.cpp:29] DecreaseCounter constructing_actor_cnt, current val is 382
I1013 14:52:17.184134 41783 naive_actor.cpp:25] actor 1099614388269 switch to &NaiveActor::HandlerNormal
I1013 14:52:17.184191 41783 thread.cpp:96] Thread 524337 construct Actor kDeviceTick 1099614388269
I1013 14:52:17.184242 41783 runtime_context.cpp:29] DecreaseCounter constructing_actor_cnt, current val is 381
I1013 14:52:17.184487 41783 naive_actor.cpp:25] actor 1099614388276 switch to &NaiveActor::HandlerNormal
I1013 14:52:17.184535 41783 thread.cpp:96] Thread 524337 construct Actor kDeviceTick 1099614388276
I1013 14:52:17.184598 41783 runtime_context.cpp:29] DecreaseCounter constructing_actor_cnt, current val is 380
I1013 14:52:17.194618 41773 naive_actor.cpp:25] actor 1099540987904 switch to &NaiveActor::HandlerNormal
I1013 14:52:17.194710 41773 thread.cpp:96] Thread 524302 construct Actor kNormalForward 1099540987904
I1013 14:52:17.194753 41766 naive_actor.cpp:25] actor 1099526307840 switch to &NaiveActor::HandlerNormal
I1013 14:52:17.194809 41773 runtime_context.cpp:29] DecreaseCounter constructing_actor_cnt, current val is 379
I1013 14:52:17.194854 41765 naive_actor.cpp:25] actor 1099524210688 switch to &NaiveActor::HandlerNormal
I1013 14:52:17.194854 41766 thread.cpp:96] Thread 524295 construct Actor kNormalForward 1099526307840
I1013 14:52:17.195204 41776 naive_actor.cpp:25] actor 1099547279360 switch to &NaiveActor::HandlerNormal
I1013 14:52:17.195039 41772 naive_actor.cpp:25] actor 1099538890752 switch to &NaiveActor::HandlerNormal
I1013 14:52:17.195042 41768 naive_actor.cpp:25] actor 1099530502144 switch to &NaiveActor::HandlerNormal
I1013 14:52:17.195099 41765 thread.cpp:96] Thread 524294 construct Actor kNormalForward 1099524210688
I1013 14:52:17.195173 41767 naive_actor.cpp:25] actor 1099528404992 switch to &NaiveActor::HandlerNormal
I1013 14:52:17.194954 41764 naive_actor.cpp:25] actor 1099522113536 switch to &NaiveActor::HandlerNormal
I1013 14:52:17.195271 41779 naive_actor.cpp:25] actor 1099553570816 switch to &NaiveActor::HandlerNormal
I1013 14:52:17.195952 41779 thread.cpp:96] Thread 524308 construct Actor kNormalForward 1099553570816
I1013 14:52:17.195294 41775 naive_actor.cpp:25] actor 1099545182208 switch to &NaiveActor::HandlerNormal
I1013 14:52:17.195309 41780 naive_actor.cpp:25] actor 1099555667968 switch to &NaiveActor::HandlerNormal
I1013 14:52:17.195355 41766 runtime_context.cpp:29] DecreaseCounter constructing_actor_cnt, current val is 378
I1013 14:52:17.195375 41778 naive_actor.cpp:25] actor 1099551473664 switch to &NaiveActor::HandlerNormal
I1013 14:52:17.196317 41778 thread.cpp:96] Thread 524307 construct Actor kForeignInput 1099551473664
I1013 14:52:17.195390 41783 naive_actor.cpp:25] actor 1099614388239 switch to &NaiveActor::HandlerNormal
I1013 14:52:17.195394 41769 naive_actor.cpp:25] actor 1099532599296 switch to &NaiveActor::HandlerNormal
I1013 14:52:17.195413 41770 naive_actor.cpp:25] actor 1099534696448 switch to &NaiveActor::HandlerNormal
I1013 14:52:17.196547 41770 thread.cpp:96] Thread 524299 construct Actor kNormalForward 1099534696448
I1013 14:52:17.195470 41803 naive_actor.cpp:25] actor 2199027449858 switch to &NaiveActor::HandlerNormal
I1013 14:52:17.196663 41803 thread.cpp:96] Thread 1048578 construct Actor kCopyHd 2199027449858
I1013 14:52:17.196679 41770 runtime_context.cpp:29] DecreaseCounter constructing_actor_cnt, current val is 374
I1013 14:52:17.195505 41801 naive_actor.cpp:25] actor 2199025352704 switch to &NaiveActor::HandlerNormal
I1013 14:52:17.195550 41763 naive_actor.cpp:25] actor 1099520016384 switch to &NaiveActor::HandlerNormal
I1013 14:52:17.196862 41763 thread.cpp:96] Thread 524292 construct Actor kNormalForward 1099520016384
I1013 14:52:17.195654 41799 naive_actor.cpp:25] actor 2199023255573 switch to &NaiveActor::HandlerNormal
I1013 14:52:17.195638 41760 naive_actor.cpp:25] actor 1099513724928 switch to &NaiveActor::HandlerNormal
I1013 14:52:17.197114 41760 thread.cpp:96] Thread 524289 construct Actor kNormalForward 1099513724928
I1013 14:52:17.195675 41761 naive_actor.cpp:25] actor 1099515822080 switch to &NaiveActor::HandlerNormal
I1013 14:52:17.195677 41785 sink_actor.cpp:21] actor 1099618582528 switch to &SinkActor::HandlerNormal
I1013 14:52:17.197391 41785 thread.cpp:96] Thread 524339 construct Actor kCallbackNotify 1099618582528
I1013 14:52:17.195793 41771 naive_actor.cpp:25] actor 1099536793600 switch to &NaiveActor::HandlerNormal
I1013 14:52:17.195286 41777 naive_actor.cpp:25] actor 1099549376512 switch to &NaiveActor::HandlerNormal
I1013 14:52:17.195848 41764 thread.cpp:96] Thread 524293 construct Actor kNormalForward 1099522113536
I1013 14:52:17.195286 41776 thread.cpp:96] Thread 524305 construct Actor kNormalForward 1099547279360
I1013 14:52:17.196089 41779 runtime_context.cpp:29] DecreaseCounter constructing_actor_cnt, current val is 376
I1013 14:52:17.196121 41775 thread.cpp:96] Thread 524304 construct Actor kForeignInput 1099545182208
I1013 14:52:17.196179 41780 thread.cpp:96] Thread 524309 construct Actor kNormalForward 1099555667968
I1013 14:52:17.195380 41772 thread.cpp:96] Thread 524301 construct Actor kForeignInput 1099538890752
I1013 14:52:17.196416 41783 thread.cpp:96] Thread 524337 construct Actor kTick 1099614388239
I1013 14:52:17.196419 41778 runtime_context.cpp:29] DecreaseCounter constructing_actor_cnt, current val is 375
I1013 14:52:17.196485 41769 thread.cpp:96] Thread 524298 construct Actor kNormalForward 1099532599296
I1013 14:52:17.195458 41782 naive_actor.cpp:25] actor 1099559862272 switch to &NaiveActor::HandlerNormal
I1013 14:52:17.198266 41782 thread.cpp:96] Thread 524311 construct Actor kForeignOutput 1099559862272
I1013 14:52:17.195509 41768 thread.cpp:96] Thread 524297 construct Actor kNormalForward 1099530502144
I1013 14:52:17.195504 41762 naive_actor.cpp:25] actor 1099517919232 switch to &NaiveActor::HandlerNormal
I1013 14:52:17.198518 41762 thread.cpp:96] Thread 524291 construct Actor kNormalForward 1099517919232
I1013 14:52:17.196786 41801 thread.cpp:96] Thread 1048577 construct Actor kCopyHd 2199025352704
I1013 14:52:17.195621 41765 runtime_context.cpp:29] DecreaseCounter constructing_actor_cnt, current val is 377
I1013 14:52:17.196990 41763 runtime_context.cpp:29] DecreaseCounter constructing_actor_cnt, current val is 372
I1013 14:52:17.197031 41799 thread.cpp:96] Thread 1048576 construct Actor kNormalForward 2199023255573
I1013 14:52:17.195642 41781 naive_actor.cpp:25] actor 1099557765120 switch to &NaiveActor::HandlerNormal
I1013 14:52:17.198913 41781 thread.cpp:96] Thread 524310 construct Actor kNormalForward 1099557765120
I1013 14:52:17.197348 41761 thread.cpp:96] Thread 524290 construct Actor kNormalForward 1099515822080
I1013 14:52:17.195763 41767 thread.cpp:96] Thread 524296 construct Actor kNormalForward 1099528404992
I1013 14:52:17.197470 41785 runtime_context.cpp:29] DecreaseCounter constructing_actor_cnt, current val is 370
I1013 14:52:17.197542 41771 thread.cpp:96] Thread 524300 construct Actor kNormalForward 1099536793600
I1013 14:52:17.197609 41777 thread.cpp:96] Thread 524306 construct Actor kNormalForward 1099549376512
I1013 14:52:17.197672 41764 runtime_context.cpp:29] DecreaseCounter constructing_actor_cnt, current val is 369
I1013 14:52:17.197768 41776 runtime_context.cpp:29] DecreaseCounter constructing_actor_cnt, current val is 368
I1013 14:52:17.197870 41775 runtime_context.cpp:29] DecreaseCounter constructing_actor_cnt, current val is 367
I1013 14:52:17.197973 41780 runtime_context.cpp:29] DecreaseCounter constructing_actor_cnt, current val is 366
I1013 14:52:17.198024 41772 runtime_context.cpp:29] DecreaseCounter constructing_actor_cnt, current val is 365
I1013 14:52:17.198038 41783 runtime_context.cpp:29] DecreaseCounter constructing_actor_cnt, current val is 364
I1013 14:52:17.198237 41769 runtime_context.cpp:29] DecreaseCounter constructing_actor_cnt, current val is 363
I1013 14:52:17.198335 41782 runtime_context.cpp:29] DecreaseCounter constructing_actor_cnt, current val is 362
I1013 14:52:17.200150 41783 naive_actor.cpp:25] actor 1099614388230 switch to &NaiveActor::HandlerNormal
I1013 14:52:17.200213 41783 thread.cpp:96] Thread 524337 construct Actor kTick 1099614388230
I1013 14:52:17.196704 41803 runtime_context.cpp:29] DecreaseCounter constructing_actor_cnt, current val is 373
I1013 14:52:17.198637 41762 runtime_context.cpp:29] DecreaseCounter constructing_actor_cnt, current val is 360
I1013 14:52:17.198648 41801 runtime_context.cpp:29] DecreaseCounter constructing_actor_cnt, current val is 359
I1013 14:52:17.198843 41799 runtime_context.cpp:29] DecreaseCounter constructing_actor_cnt, current val is 358
I1013 14:52:17.197293 41760 runtime_context.cpp:29] DecreaseCounter constructing_actor_cnt, current val is 371
I1013 14:52:17.200412 41803 naive_actor.cpp:25] actor 2199027449857 switch to &NaiveActor::HandlerNormal
I1013 14:52:17.200472 41803 thread.cpp:96] Thread 1048578 construct Actor kCopyHd 2199027449857
I1013 14:52:17.199236 41767 runtime_context.cpp:29] DecreaseCounter constructing_actor_cnt, current val is 355
I1013 14:52:17.199398 41771 runtime_context.cpp:29] DecreaseCounter constructing_actor_cnt, current val is 354
I1013 14:52:17.199523 41777 runtime_context.cpp:29] DecreaseCounter constructing_actor_cnt, current val is 353
I1013 14:52:17.198410 41768 runtime_context.cpp:29] DecreaseCounter constructing_actor_cnt, current val is 361
I1013 14:52:17.200255 41783 runtime_context.cpp:29] DecreaseCounter constructing_actor_cnt, current val is 352
I1013 14:52:17.200433 41801 naive_actor.cpp:25] actor 2199025352708 switch to &NaiveActor::HandlerNormal
I1013 14:52:17.201017 41801 thread.cpp:96] Thread 1048577 construct Actor kCopyHd 2199025352708
I1013 14:52:17.201081 41801 runtime_context.cpp:29] DecreaseCounter constructing_actor_cnt, current val is 350
I1013 14:52:17.200538 41803 runtime_context.cpp:29] DecreaseCounter constructing_actor_cnt, current val is 351
I1013 14:52:17.200798 41799 naive_actor.cpp:25] actor 2199023255563 switch to &NaiveActor::HandlerNormal
I1013 14:52:17.201324 41799 thread.cpp:96] Thread 1048576 construct Actor kNormalForward 2199023255563
I1013 14:52:17.199115 41761 runtime_context.cpp:29] DecreaseCounter constructing_actor_cnt, current val is 356
I1013 14:52:17.201191 41783 naive_actor.cpp:25] actor 1099614388234 switch to &NaiveActor::HandlerNormal
I1013 14:52:17.201539 41783 thread.cpp:96] Thread 524337 construct Actor kSrcSubsetTick 1099614388234
I1013 14:52:17.198990 41781 runtime_context.cpp:29] DecreaseCounter constructing_actor_cnt, current val is 357
I1013 14:52:17.201419 41803 naive_actor.cpp:25] actor 2199027449856 switch to &NaiveActor::HandlerNormal
I1013 14:52:17.201714 41803 thread.cpp:96] Thread 1048578 construct Actor kCopyHd 2199027449856
I1013 14:52:17.201218 41801 naive_actor.cpp:25] actor 2199025352705 switch to &NaiveActor::HandlerNormal
I1013 14:52:17.201630 41783 runtime_context.cpp:29] DecreaseCounter constructing_actor_cnt, current val is 348
I1013 14:52:17.201453 41799 runtime_context.cpp:29] DecreaseCounter constructing_actor_cnt, current val is 349
I1013 14:52:17.201750 41759 naive_actor.cpp:25] actor 1099511627776 switch to &NaiveActor::HandlerNormal
I1013 14:52:17.201794 41803 runtime_context.cpp:29] DecreaseCounter constructing_actor_cnt, current val is 347
I1013 14:52:17.201802 41801 thread.cpp:96] Thread 1048577 construct Actor kCopyHd 2199025352705
I1013 14:52:17.201985 41759 thread.cpp:96] Thread 524288 construct Actor kNormalForward 1099511627776
I1013 14:52:17.202059 41783 naive_actor.cpp:25] actor 1099614388224 switch to &NaiveActor::HandlerNormal
I1013 14:52:17.202086 41801 runtime_context.cpp:29] DecreaseCounter constructing_actor_cnt, current val is 346
I1013 14:52:17.202140 41783 thread.cpp:96] Thread 524337 construct Actor kDeviceTick 1099614388224
I1013 14:52:17.202154 41759 runtime_context.cpp:29] DecreaseCounter constructing_actor_cnt, current val is 345
I1013 14:52:17.202242 41783 runtime_context.cpp:29] DecreaseCounter constructing_actor_cnt, current val is 344
I1013 14:52:17.202275 41801 naive_actor.cpp:25] actor 2199025352707 switch to &NaiveActor::HandlerNormal
I1013 14:52:17.202315 41801 thread.cpp:96] Thread 1048577 construct Actor kCopyHd 2199025352707
I1013 14:52:17.202356 41801 runtime_context.cpp:29] DecreaseCounter constructing_actor_cnt, current val is 343
I1013 14:52:17.202478 41801 naive_actor.cpp:25] actor 2199025352706 switch to &NaiveActor::HandlerNormal
I1013 14:52:17.202478 41783 naive_actor.cpp:25] actor 1099614388316 switch to &NaiveActor::HandlerNormal
I1013 14:52:17.202522 41801 thread.cpp:96] Thread 1048577 construct Actor kCopyHd 2199025352706
I1013 14:52:17.202539 41783 thread.cpp:96] Thread 524337 construct Actor kTick 1099614388316
I1013 14:52:17.202589 41801 runtime_context.cpp:29] DecreaseCounter constructing_actor_cnt, current val is 342
I1013 14:52:17.202606 41783 runtime_context.cpp:29] DecreaseCounter constructing_actor_cnt, current val is 341
I1013 14:52:17.202678 41801 naive_actor.cpp:25] actor 2199025352709 switch to &NaiveActor::HandlerNormal
I1013 14:52:17.202713 41801 thread.cpp:96] Thread 1048577 construct Actor kCopyHd 2199025352709
I1013 14:52:17.202750 41801 runtime_context.cpp:29] DecreaseCounter constructing_actor_cnt, current val is 340
I1013 14:52:17.202837 41783 naive_actor.cpp:25] actor 1099614388237 switch to &NaiveActor::HandlerNormal
I1013 14:52:17.202852 41801 naive_actor.cpp:25] actor 2199025352710 switch to &NaiveActor::HandlerNormal
I1013 14:52:17.202886 41783 thread.cpp:96] Thread 524337 construct Actor kDstSubsetTick 1099614388237
I1013 14:52:17.202912 41801 thread.cpp:96] Thread 1048577 construct Actor kCopyHd 2199025352710
I1013 14:52:17.202955 41783 runtime_context.cpp:29] DecreaseCounter constructing_actor_cnt, current val is 339
I1013 14:52:17.202957 41801 runtime_context.cpp:29] DecreaseCounter constructing_actor_cnt, current val is 338
I1013 14:52:17.203032 41799 naive_actor.cpp:25] actor 2199023255584 switch to &NaiveActor::HandlerNormal
I1013 14:52:17.203121 41799 thread.cpp:96] Thread 1048576 construct Actor kNormalForward 2199023255584
I1013 14:52:17.203145 41774 naive_actor.cpp:25] actor 1099543085056 switch to &NaiveActor::HandlerNormal
I1013 14:52:17.203191 41783 naive_actor.cpp:25] actor 1099614388228 switch to &NaiveActor::HandlerNormal
I1013 14:52:17.203354 41799 runtime_context.cpp:29] DecreaseCounter constructing_actor_cnt, current val is 337
I1013 14:52:17.203348 41774 thread.cpp:96] Thread 524303 construct Actor kNormalForward 1099543085056
I1013 14:52:17.203370 41783 thread.cpp:96] Thread 524337 construct Actor kTick 1099614388228
I1013 14:52:17.203480 41783 runtime_context.cpp:29] DecreaseCounter constructing_actor_cnt, current val is 336
I1013 14:52:17.203485 41774 runtime_context.cpp:29] DecreaseCounter constructing_actor_cnt, current val is 335
I1013 14:52:17.203693 41783 naive_actor.cpp:25] actor 1099614388225 switch to &NaiveActor::HandlerNormal
I1013 14:52:17.203730 41783 thread.cpp:96] Thread 524337 construct Actor kSrcSubsetTick 1099614388225
I1013 14:52:17.203774 41783 runtime_context.cpp:29] DecreaseCounter constructing_actor_cnt, current val is 334
I1013 14:52:17.203768 41799 naive_actor.cpp:25] actor 2199023255576 switch to &NaiveActor::HandlerNormal
I1013 14:52:17.203928 41799 thread.cpp:96] Thread 1048576 construct Actor kNormalForward 2199023255576
I1013 14:52:17.204003 41783 naive_actor.cpp:25] actor 1099614388229 switch to &NaiveActor::HandlerNormal
I1013 14:52:17.204038 41799 runtime_context.cpp:29] DecreaseCounter constructing_actor_cnt, current val is 333
I1013 14:52:17.204038 41783 thread.cpp:96] Thread 524337 construct Actor kDstSubsetTick 1099614388229
I1013 14:52:17.204133 41783 runtime_context.cpp:29] DecreaseCounter constructing_actor_cnt, current val is 332
I1013 14:52:17.204334 41783 naive_actor.cpp:25] actor 1099614388238 switch to &NaiveActor::HandlerNormal
I1013 14:52:17.204372 41783 thread.cpp:96] Thread 524337 construct Actor kTick 1099614388238
I1013 14:52:17.204418 41783 runtime_context.cpp:29] DecreaseCounter constructing_actor_cnt, current val is 331
I1013 14:52:17.204620 41783 naive_actor.cpp:25] actor 1099614388232 switch to &NaiveActor::HandlerNormal
I1013 14:52:17.204659 41783 thread.cpp:96] Thread 524337 construct Actor kTick 1099614388232
I1013 14:52:17.204716 41783 runtime_context.cpp:29] DecreaseCounter constructing_actor_cnt, current val is 330
I1013 14:52:17.204919 41783 naive_actor.cpp:25] actor 1099614388231 switch to &NaiveActor::HandlerNormal
I1013 14:52:17.204954 41783 thread.cpp:96] Thread 524337 construct Actor kTick 1099614388231
I1013 14:52:17.205000 41783 runtime_context.cpp:29] DecreaseCounter constructing_actor_cnt, current val is 329
I1013 14:52:17.205049 41799 naive_actor.cpp:25] actor 2199023255626 switch to &NaiveActor::HandlerNormal
I1013 14:52:17.205130 41799 thread.cpp:96] Thread 1048576 construct Actor kNormalForward 2199023255626
I1013 14:52:17.205219 41799 runtime_context.cpp:29] DecreaseCounter constructing_actor_cnt, current val is 328
I1013 14:52:17.205230 41783 naive_actor.cpp:25] actor 1099614388236 switch to &NaiveActor::HandlerNormal
I1013 14:52:17.205304 41783 thread.cpp:96] Thread 524337 construct Actor kTick 1099614388236
I1013 14:52:17.205355 41783 runtime_context.cpp:29] DecreaseCounter constructing_actor_cnt, current val is 327
I1013 14:52:17.205544 41783 naive_actor.cpp:25] actor 1099614388240 switch to &NaiveActor::HandlerNormal
I1013 14:52:17.205602 41783 thread.cpp:96] Thread 524337 construct Actor kTick 1099614388240
I1013 14:52:17.205602 41799 naive_actor.cpp:25] actor 2199023255553 switch to &NaiveActor::HandlerNormal
I1013 14:52:17.205638 41783 runtime_context.cpp:29] DecreaseCounter constructing_actor_cnt, current val is 326
I1013 14:52:17.205655 41799 thread.cpp:96] Thread 1048576 construct Actor kNormalForward 2199023255553
I1013 14:52:17.205734 41799 runtime_context.cpp:29] DecreaseCounter constructing_actor_cnt, current val is 325
I1013 14:52:17.205889 41783 naive_actor.cpp:25] actor 1099614388246 switch to &NaiveActor::HandlerNormal
I1013 14:52:17.205940 41783 thread.cpp:96] Thread 524337 construct Actor kDstSubsetTick 1099614388246
I1013 14:52:17.206027 41783 runtime_context.cpp:29] DecreaseCounter constructing_actor_cnt, current val is 324
I1013 14:52:17.206319 41783 esac_actor.cpp:73] actor 1099614388321 switch to &EsacActor::HandlerNormal
I1013 14:52:17.206354 41783 thread.cpp:96] Thread 524337 construct Actor kEsac 1099614388321
I1013 14:52:17.206399 41783 runtime_context.cpp:29] DecreaseCounter constructing_actor_cnt, current val is 323
I1013 14:52:17.206589 41799 naive_actor.cpp:25] actor 2199023255599 switch to &NaiveActor::HandlerNormal
I1013 14:52:17.206600 41783 naive_actor.cpp:25] actor 1099614388245 switch to &NaiveActor::HandlerNormal
I1013 14:52:17.206643 41799 thread.cpp:96] Thread 1048576 construct Actor kNormalForward 2199023255599
I1013 14:52:17.206660 41783 thread.cpp:96] Thread 524337 construct Actor kTick 1099614388245
I1013 14:52:17.206754 41783 runtime_context.cpp:29] DecreaseCounter constructing_actor_cnt, current val is 322
I1013 14:52:17.206759 41799 runtime_context.cpp:29] DecreaseCounter constructing_actor_cnt, current val is 321
I1013 14:52:17.206948 41783 naive_actor.cpp:25] actor 1099614388241 switch to &NaiveActor::HandlerNormal
I1013 14:52:17.206996 41783 thread.cpp:96] Thread 524337 construct Actor kDeviceTick 1099614388241
I1013 14:52:17.207041 41783 runtime_context.cpp:29] DecreaseCounter constructing_actor_cnt, current val is 320
I1013 14:52:17.207224 41783 naive_actor.cpp:25] actor 1099614388247 switch to &NaiveActor::HandlerNormal
I1013 14:52:17.207259 41783 thread.cpp:96] Thread 524337 construct Actor kTick 1099614388247
I1013 14:52:17.207306 41783 runtime_context.cpp:29] DecreaseCounter constructing_actor_cnt, current val is 319
I1013 14:52:17.207491 41783 naive_actor.cpp:25] actor 1099614388242 switch to &NaiveActor::HandlerNormal
I1013 14:52:17.207525 41783 thread.cpp:96] Thread 524337 construct Actor kSrcSubsetTick 1099614388242
I1013 14:52:17.207561 41783 runtime_context.cpp:29] DecreaseCounter constructing_actor_cnt, current val is 318
I1013 14:52:17.207680 41799 naive_actor.cpp:25] actor 2199023255560 switch to &NaiveActor::HandlerNormal
I1013 14:52:17.207728 41799 thread.cpp:96] Thread 1048576 construct Actor kNormalForward 2199023255560
I1013 14:52:17.207789 41783 naive_actor.cpp:25] actor 1099614388248 switch to &NaiveActor::HandlerNormal
I1013 14:52:17.207804 41799 runtime_context.cpp:29] DecreaseCounter constructing_actor_cnt, current val is 317
I1013 14:52:17.207811 41783 thread.cpp:96] Thread 524337 construct Actor kTick 1099614388248
I1013 14:52:17.207864 41783 runtime_context.cpp:29] DecreaseCounter constructing_actor_cnt, current val is 316
I1013 14:52:17.208051 41783 naive_actor.cpp:25] actor 1099614388318 switch to &NaiveActor::HandlerNormal
I1013 14:52:17.208086 41783 thread.cpp:96] Thread 524337 construct Actor kTick 1099614388318
I1013 14:52:17.208130 41783 runtime_context.cpp:29] DecreaseCounter constructing_actor_cnt, current val is 315
I1013 14:52:17.208318 41783 naive_actor.cpp:25] actor 1099614388251 switch to &NaiveActor::HandlerNormal
I1013 14:52:17.208380 41783 thread.cpp:96] Thread 524337 construct Actor kSrcSubsetTick 1099614388251
I1013 14:52:17.208425 41783 runtime_context.cpp:29] DecreaseCounter constructing_actor_cnt, current val is 314
I1013 14:52:17.208635 41783 naive_actor.cpp:25] actor 1099614388249 switch to &NaiveActor::HandlerNormal
I1013 14:52:17.208668 41783 thread.cpp:96] Thread 524337 construct Actor kTick 1099614388249
I1013 14:52:17.208703 41783 runtime_context.cpp:29] DecreaseCounter constructing_actor_cnt, current val is 313
I1013 14:52:17.208701 41799 naive_actor.cpp:25] actor 2199023255577 switch to &NaiveActor::HandlerNormal
I1013 14:52:17.208796 41799 thread.cpp:96] Thread 1048576 construct Actor kNormalForward 2199023255577
I1013 14:52:17.208884 41799 runtime_context.cpp:29] DecreaseCounter constructing_actor_cnt, current val is 312
I1013 14:52:17.208923 41783 naive_actor.cpp:25] actor 1099614388256 switch to &NaiveActor::HandlerNormal
I1013 14:52:17.208956 41783 thread.cpp:96] Thread 524337 construct Actor kTick 1099614388256
I1013 14:52:17.209062 41783 runtime_context.cpp:29] DecreaseCounter constructing_actor_cnt, current val is 311
I1013 14:52:17.209211 41799 naive_actor.cpp:25] actor 2199023255568 switch to &NaiveActor::HandlerNormal
I1013 14:52:17.209266 41799 thread.cpp:96] Thread 1048576 construct Actor kNormalForward 2199023255568
I1013 14:52:17.209278 41783 naive_actor.cpp:25] actor 1099614388250 switch to &NaiveActor::HandlerNormal
I1013 14:52:17.209337 41799 runtime_context.cpp:29] DecreaseCounter constructing_actor_cnt, current val is 310
I1013 14:52:17.209338 41783 thread.cpp:96] Thread 524337 construct Actor kDeviceTick 1099614388250
I1013 14:52:17.209426 41783 runtime_context.cpp:29] DecreaseCounter constructing_actor_cnt, current val is 309
I1013 14:52:17.209627 41783 naive_actor.cpp:25] actor 1099614388254 switch to &NaiveActor::HandlerNormal
I1013 14:52:17.209663 41783 thread.cpp:96] Thread 524337 construct Actor kTick 1099614388254
I1013 14:52:17.209697 41783 runtime_context.cpp:29] DecreaseCounter constructing_actor_cnt, current val is 308
I1013 14:52:17.209919 41783 naive_actor.cpp:25] actor 1099614388255 switch to &NaiveActor::HandlerNormal
I1013 14:52:17.209954 41783 thread.cpp:96] Thread 524337 construct Actor kDstSubsetTick 1099614388255
I1013 14:52:17.209992 41783 runtime_context.cpp:29] DecreaseCounter constructing_actor_cnt, current val is 307
I1013 14:52:17.210150 41799 naive_actor.cpp:25] actor 2199023255619 switch to &NaiveActor::HandlerNormal
I1013 14:52:17.210171 41783 naive_actor.cpp:25] actor 1099614388257 switch to &NaiveActor::HandlerNormal
I1013 14:52:17.210208 41799 thread.cpp:96] Thread 1048576 construct Actor kNormalForward 2199023255619
I1013 14:52:17.210234 41783 thread.cpp:96] Thread 524337 construct Actor kTick 1099614388257
I1013 14:52:17.210305 41783 runtime_context.cpp:29] DecreaseCounter constructing_actor_cnt, current val is 306
I1013 14:52:17.210311 41799 runtime_context.cpp:29] DecreaseCounter constructing_actor_cnt, current val is 305
I1013 14:52:17.210510 41783 naive_actor.cpp:25] actor 1099614388260 switch to &NaiveActor::HandlerNormal
I1013 14:52:17.210546 41783 thread.cpp:96] Thread 524337 construct Actor kSrcSubsetTick 1099614388260
I1013 14:52:17.210600 41783 runtime_context.cpp:29] DecreaseCounter constructing_actor_cnt, current val is 304
I1013 14:52:17.210788 41783 naive_actor.cpp:25] actor 1099614388317 switch to &NaiveActor::HandlerNormal
I1013 14:52:17.210836 41783 thread.cpp:96] Thread 524337 construct Actor kTick 1099614388317
I1013 14:52:17.210880 41783 runtime_context.cpp:29] DecreaseCounter constructing_actor_cnt, current val is 303
I1013 14:52:17.211088 41799 naive_actor.cpp:25] actor 2199023255570 switch to &NaiveActor::HandlerNormal
I1013 14:52:17.211112 41783 naive_actor.cpp:25] actor 1099614388264 switch to &NaiveActor::HandlerNormal
I1013 14:52:17.211143 41799 thread.cpp:96] Thread 1048576 construct Actor kNormalForward 2199023255570
I1013 14:52:17.211161 41783 thread.cpp:96] Thread 524337 construct Actor kDstSubsetTick 1099614388264
I1013 14:52:17.211228 41799 runtime_context.cpp:29] DecreaseCounter constructing_actor_cnt, current val is 302
I1013 14:52:17.211237 41783 runtime_context.cpp:29] DecreaseCounter constructing_actor_cnt, current val is 301
I1013 14:52:17.211445 41783 naive_actor.cpp:25] actor 1099614388258 switch to &NaiveActor::HandlerNormal
I1013 14:52:17.211480 41783 thread.cpp:96] Thread 524337 construct Actor kTick 1099614388258
I1013 14:52:17.211515 41783 runtime_context.cpp:29] DecreaseCounter constructing_actor_cnt, current val is 300
I1013 14:52:17.211712 41783 naive_actor.cpp:25] actor 1099614388259 switch to &NaiveActor::HandlerNormal
I1013 14:52:17.211752 41783 thread.cpp:96] Thread 524337 construct Actor kDeviceTick 1099614388259
I1013 14:52:17.211796 41783 runtime_context.cpp:29] DecreaseCounter constructing_actor_cnt, current val is 299
I1013 14:52:17.211985 41783 naive_actor.cpp:25] actor 1099614388263 switch to &NaiveActor::HandlerNormal
I1013 14:52:17.211997 41799 naive_actor.cpp:25] actor 2199023255575 switch to &NaiveActor::HandlerNormal
I1013 14:52:17.212019 41783 thread.cpp:96] Thread 524337 construct Actor kTick 1099614388263
I1013 14:52:17.212105 41799 thread.cpp:96] Thread 1048576 construct Actor kNormalForward 2199023255575
I1013 14:52:17.212158 41783 runtime_context.cpp:29] DecreaseCounter constructing_actor_cnt, current val is 298
I1013 14:52:17.212215 41799 runtime_context.cpp:29] DecreaseCounter constructing_actor_cnt, current val is 297
I1013 14:52:17.212360 41783 naive_actor.cpp:25] actor 1099614388266 switch to &NaiveActor::HandlerNormal
I1013 14:52:17.212396 41783 thread.cpp:96] Thread 524337 construct Actor kTick 1099614388266
I1013 14:52:17.212430 41783 runtime_context.cpp:29] DecreaseCounter constructing_actor_cnt, current val is 296
I1013 14:52:17.212540 41799 naive_actor.cpp:25] actor 2199023255571 switch to &NaiveActor::HandlerNormal
I1013 14:52:17.212599 41799 thread.cpp:96] Thread 1048576 construct Actor kNormalForward 2199023255571
I1013 14:52:17.212666 41783 naive_actor.cpp:25] actor 1099614388265 switch to &NaiveActor::HandlerNormal
I1013 14:52:17.212677 41799 runtime_context.cpp:29] DecreaseCounter constructing_actor_cnt, current val is 295
I1013 14:52:17.212700 41783 thread.cpp:96] Thread 524337 construct Actor kTick 1099614388265
I1013 14:52:17.212762 41783 runtime_context.cpp:29] DecreaseCounter constructing_actor_cnt, current val is 294
I1013 14:52:17.212952 41783 naive_actor.cpp:25] actor 1099614388267 switch to &NaiveActor::HandlerNormal
I1013 14:52:17.212994 41783 thread.cpp:96] Thread 524337 construct Actor kDeviceTick 1099614388267
I1013 14:52:17.213029 41783 runtime_context.cpp:29] DecreaseCounter constructing_actor_cnt, current val is 293
I1013 14:52:17.213222 41783 naive_actor.cpp:25] actor 1099614388319 switch to &NaiveActor::HandlerNormal
I1013 14:52:17.213258 41783 thread.cpp:96] Thread 524337 construct Actor kTick 1099614388319
I1013 14:52:17.213294 41783 runtime_context.cpp:29] DecreaseCounter constructing_actor_cnt, current val is 292
I1013 14:52:17.213493 41783 naive_actor.cpp:25] actor 1099614388279 switch to &NaiveActor::HandlerNormal
I1013 14:52:17.213526 41783 thread.cpp:96] Thread 524337 construct Actor kTick 1099614388279
I1013 14:52:17.213526 41799 naive_actor.cpp:25] actor 2199023255617 switch to &NaiveActor::HandlerNormal
I1013 14:52:17.213560 41783 runtime_context.cpp:29] DecreaseCounter constructing_actor_cnt, current val is 291
I1013 14:52:17.213582 41799 thread.cpp:96] Thread 1048576 construct Actor kNormalForward 2199023255617
I1013 14:52:17.213680 41799 runtime_context.cpp:29] DecreaseCounter constructing_actor_cnt, current val is 290
I1013 14:52:17.213771 41783 naive_actor.cpp:25] actor 1099614388271 switch to &NaiveActor::HandlerNormal
I1013 14:52:17.213805 41783 thread.cpp:96] Thread 524337 construct Actor kTick 1099614388271
I1013 14:52:17.213848 41783 runtime_context.cpp:29] DecreaseCounter constructing_actor_cnt, current val is 289
I1013 14:52:17.214037 41783 naive_actor.cpp:25] actor 1099614388268 switch to &NaiveActor::HandlerNormal
I1013 14:52:17.214079 41783 thread.cpp:96] Thread 524337 construct Actor kSrcSubsetTick 1099614388268
I1013 14:52:17.214114 41783 runtime_context.cpp:29] DecreaseCounter constructing_actor_cnt, current val is 288
I1013 14:52:17.214301 41783 naive_actor.cpp:25] actor 1099614388274 switch to &NaiveActor::HandlerNormal
I1013 14:52:17.214335 41783 thread.cpp:96] Thread 524337 construct Actor kTick 1099614388274
I1013 14:52:17.214378 41783 runtime_context.cpp:29] DecreaseCounter constructing_actor_cnt, current val is 287
I1013 14:52:17.214493 41799 naive_actor.cpp:25] actor 2199023255613 switch to &NaiveActor::HandlerNormal
I1013 14:52:17.214547 41799 thread.cpp:96] Thread 1048576 construct Actor kNormalForward 2199023255613
I1013 14:52:17.214641 41799 runtime_context.cpp:29] DecreaseCounter constructing_actor_cnt, current val is 286
I1013 14:52:17.214741 41783 esac_actor.cpp:73] actor 1099614388313 switch to &EsacActor::HandlerNormal
I1013 14:52:17.214776 41783 thread.cpp:96] Thread 524337 construct Actor kEsac 1099614388313
I1013 14:52:17.214905 41783 runtime_context.cpp:29] DecreaseCounter constructing_actor_cnt, current val is 285
I1013 14:52:17.214969 41799 naive_actor.cpp:25] actor 2199023255588 switch to &NaiveActor::HandlerNormal
I1013 14:52:17.215011 41799 thread.cpp:96] Thread 1048576 construct Actor kNormalForward 2199023255588
I1013 14:52:17.215080 41799 runtime_context.cpp:29] DecreaseCounter constructing_actor_cnt, current val is 284
I1013 14:52:17.215142 41783 naive_actor.cpp:25] actor 1099614388273 switch to &NaiveActor::HandlerNormal
I1013 14:52:17.215176 41783 thread.cpp:96] Thread 524337 construct Actor kTick 1099614388273
I1013 14:52:17.215222 41783 runtime_context.cpp:29] DecreaseCounter constructing_actor_cnt, current val is 283
I1013 14:52:17.215359 41799 naive_actor.cpp:25] actor 2199023255557 switch to &NaiveActor::HandlerNormal
I1013 14:52:17.215409 41799 thread.cpp:96] Thread 1048576 construct Actor kNormalForward 2199023255557
I1013 14:52:17.215443 41783 naive_actor.cpp:25] actor 1099614388272 switch to &NaiveActor::HandlerNormal
I1013 14:52:17.215476 41783 thread.cpp:96] Thread 524337 construct Actor kDstSubsetTick 1099614388272
I1013 14:52:17.215476 41799 runtime_context.cpp:29] DecreaseCounter constructing_actor_cnt, current val is 282
I1013 14:52:17.215525 41783 runtime_context.cpp:29] DecreaseCounter constructing_actor_cnt, current val is 281
I1013 14:52:17.215724 41783 naive_actor.cpp:25] actor 1099614388277 switch to &NaiveActor::HandlerNormal
I1013 14:52:17.215767 41783 thread.cpp:96] Thread 524337 construct Actor kSrcSubsetTick 1099614388277
I1013 14:52:17.215802 41783 runtime_context.cpp:29] DecreaseCounter constructing_actor_cnt, current val is 280
I1013 14:52:17.215986 41783 naive_actor.cpp:25] actor 1099614388275 switch to &NaiveActor::HandlerNormal
I1013 14:52:17.216022 41783 thread.cpp:96] Thread 524337 construct Actor kTick 1099614388275
I1013 14:52:17.216065 41783 runtime_context.cpp:29] DecreaseCounter constructing_actor_cnt, current val is 279
I1013 14:52:17.216239 41783 naive_actor.cpp:25] actor 1099614388281 switch to &NaiveActor::HandlerNormal
I1013 14:52:17.216272 41783 thread.cpp:96] Thread 524337 construct Actor kTick 1099614388281
I1013 14:52:17.216321 41783 runtime_context.cpp:29] DecreaseCounter constructing_actor_cnt, current val is 278
I1013 14:52:17.216389 41799 naive_actor.cpp:25] actor 2199023255558 switch to &NaiveActor::HandlerNormal
I1013 14:52:17.216440 41799 thread.cpp:96] Thread 1048576 construct Actor kNormalForward 2199023255558
I1013 14:52:17.216514 41799 runtime_context.cpp:29] DecreaseCounter constructing_actor_cnt, current val is 277
I1013 14:52:17.216554 41783 naive_actor.cpp:25] actor 1099614388280 switch to &NaiveActor::HandlerNormal
I1013 14:52:17.216583 41783 thread.cpp:96] Thread 524337 construct Actor kDstSubsetTick 1099614388280
I1013 14:52:17.216629 41783 runtime_context.cpp:29] DecreaseCounter constructing_actor_cnt, current val is 276
I1013 14:52:17.216822 41783 naive_actor.cpp:25] actor 1099614388282 switch to &NaiveActor::HandlerNormal
I1013 14:52:17.216857 41783 thread.cpp:96] Thread 524337 construct Actor kTick 1099614388282
I1013 14:52:17.216904 41783 runtime_context.cpp:29] DecreaseCounter constructing_actor_cnt, current val is 275
I1013 14:52:17.217087 41783 naive_actor.cpp:25] actor 1099614388287 switch to &NaiveActor::HandlerNormal
I1013 14:52:17.217121 41783 thread.cpp:96] Thread 524337 construct Actor kTick 1099614388287
I1013 14:52:17.217165 41783 runtime_context.cpp:29] DecreaseCounter constructing_actor_cnt, current val is 274
I1013 14:52:17.217206 41799 naive_actor.cpp:25] actor 2199023255595 switch to &NaiveActor::HandlerNormal
I1013 14:52:17.217260 41799 thread.cpp:96] Thread 1048576 construct Actor kNormalForward 2199023255595
I1013 14:52:17.217330 41799 runtime_context.cpp:29] DecreaseCounter constructing_actor_cnt, current val is 273
I1013 14:52:17.217368 41783 naive_actor.cpp:25] actor 1099614388291 switch to &NaiveActor::HandlerNormal
I1013 14:52:17.217404 41783 thread.cpp:96] Thread 524337 construct Actor kTick 1099614388291
I1013 14:52:17.217478 41783 runtime_context.cpp:29] DecreaseCounter constructing_actor_cnt, current val is 272
I1013 14:52:17.217736 41783 naive_actor.cpp:25] actor 1099614388292 switch to &NaiveActor::HandlerNormal
I1013 14:52:17.217787 41783 thread.cpp:96] Thread 524337 construct Actor kTick 1099614388292
I1013 14:52:17.217850 41783 runtime_context.cpp:29] DecreaseCounter constructing_actor_cnt, current val is 271
I1013 14:52:17.218111 41783 naive_actor.cpp:25] actor 1099614388286 switch to &NaiveActor::HandlerNormal
I1013 14:52:17.218150 41783 thread.cpp:96] Thread 524337 construct Actor kTick 1099614388286
I1013 14:52:17.218181 41799 naive_actor.cpp:25] actor 2199023255579 switch to &NaiveActor::HandlerNormal
I1013 14:52:17.218197 41783 runtime_context.cpp:29] DecreaseCounter constructing_actor_cnt, current val is 270
I1013 14:52:17.218235 41799 thread.cpp:96] Thread 1048576 construct Actor kNormalForward 2199023255579
I1013 14:52:17.218319 41799 runtime_context.cpp:29] DecreaseCounter constructing_actor_cnt, current val is 269
I1013 14:52:17.218438 41783 naive_actor.cpp:25] actor 1099614388288 switch to &NaiveActor::HandlerNormal
I1013 14:52:17.218472 41783 thread.cpp:96] Thread 524337 construct Actor kTick 1099614388288
I1013 14:52:17.218518 41783 runtime_context.cpp:29] DecreaseCounter constructing_actor_cnt, current val is 268
I1013 14:52:17.218719 41783 naive_actor.cpp:25] actor 1099614388289 switch to &NaiveActor::HandlerNormal
I1013 14:52:17.218752 41783 thread.cpp:96] Thread 524337 construct Actor kTick 1099614388289
I1013 14:52:17.218796 41783 runtime_context.cpp:29] DecreaseCounter constructing_actor_cnt, current val is 267
I1013 14:52:17.218982 41783 naive_actor.cpp:25] actor 1099614388293 switch to &NaiveActor::HandlerNormal
I1013 14:52:17.219018 41783 thread.cpp:96] Thread 524337 construct Actor kTick 1099614388293
I1013 14:52:17.219064 41783 runtime_context.cpp:29] DecreaseCounter constructing_actor_cnt, current val is 266
I1013 14:52:17.219164 41799 naive_actor.cpp:25] actor 2199023255582 switch to &NaiveActor::HandlerNormal
I1013 14:52:17.219213 41799 thread.cpp:96] Thread 1048576 construct Actor kNormalForward 2199023255582
I1013 14:52:17.219272 41783 naive_actor.cpp:25] actor 1099614388296 switch to &NaiveActor::HandlerNormal
I1013 14:52:17.219282 41799 runtime_context.cpp:29] DecreaseCounter constructing_actor_cnt, current val is 265
I1013 14:52:17.219307 41783 thread.cpp:96] Thread 524337 construct Actor kTick 1099614388296
I1013 14:52:17.219370 41783 runtime_context.cpp:29] DecreaseCounter constructing_actor_cnt, current val is 264
I1013 14:52:17.219543 41783 naive_actor.cpp:25] actor 1099614388295 switch to &NaiveActor::HandlerNormal
I1013 14:52:17.219586 41783 thread.cpp:96] Thread 524337 construct Actor kTick 1099614388295
I1013 14:52:17.219632 41783 runtime_context.cpp:29] DecreaseCounter constructing_actor_cnt, current val is 263
I1013 14:52:17.219813 41783 naive_actor.cpp:25] actor 1099614388290 switch to &NaiveActor::HandlerNormal
I1013 14:52:17.219848 41783 thread.cpp:96] Thread 524337 construct Actor kTick 1099614388290
I1013 14:52:17.219882 41783 runtime_context.cpp:29] DecreaseCounter constructing_actor_cnt, current val is 262
I1013 14:52:17.220053 41783 naive_actor.cpp:25] actor 1099614388297 switch to &NaiveActor::HandlerNormal
I1013 14:52:17.220088 41799 naive_actor.cpp:25] actor 2199023255559 switch to &NaiveActor::HandlerNormal
I1013 14:52:17.220088 41783 thread.cpp:96] Thread 524337 construct Actor kTick 1099614388297
I1013 14:52:17.220136 41799 thread.cpp:96] Thread 1048576 construct Actor kNormalForward 2199023255559
I1013 14:52:17.220178 41783 runtime_context.cpp:29] DecreaseCounter constructing_actor_cnt, current val is 261
I1013 14:52:17.220224 41799 runtime_context.cpp:29] DecreaseCounter constructing_actor_cnt, current val is 260
I1013 14:52:17.220377 41783 naive_actor.cpp:25] actor 1099614388294 switch to &NaiveActor::HandlerNormal
I1013 14:52:17.220413 41783 thread.cpp:96] Thread 524337 construct Actor kTick 1099614388294
I1013 14:52:17.220456 41783 runtime_context.cpp:29] DecreaseCounter constructing_actor_cnt, current val is 259
I1013 14:52:17.220510 41799 naive_actor.cpp:25] actor 2199023255586 switch to &NaiveActor::HandlerNormal
I1013 14:52:17.220592 41799 thread.cpp:96] Thread 1048576 construct Actor kNormalForward 2199023255586
I1013 14:52:17.220669 41799 runtime_context.cpp:29] DecreaseCounter constructing_actor_cnt, current val is 258
I1013 14:52:17.220778 41783 reentrant_lock_actor.cpp:76] actor 1099614388283 switch to &ReentrantLockActor::HandlerNormal
I1013 14:52:17.220813 41783 thread.cpp:96] Thread 524337 construct Actor kReentrantLock 1099614388283
I1013 14:52:17.221241 41783 runtime_context.cpp:29] DecreaseCounter constructing_actor_cnt, current val is 257
I1013 14:52:17.221611 41783 case_actor.cpp:76] actor 1099614388284 switch to &CaseActor::HandlerNormal
