Log file created at: 2021/10/12 16:19:08
Running on machine: oneflow-14
Log line format: [IWEF]mmdd hh:mm:ss.uuuuuu threadid file:line] msg
I1012 16:19:08.785761 16465 global.h:36] NewGlobal 14cudaDeviceProp
I1012 16:19:08.786918 16465 global.h:36] NewGlobal N7oneflow7EnvDescE
I1012 16:19:08.786945 16465 global.h:36] NewGlobal N7oneflow10ProcessCtxE
I1012 16:19:08.786960 16465 env_global_objects_scope.cpp:152] using rpc backend: local
I1012 16:19:08.787113 16465 global.h:36] NewGlobal N7oneflow12ResourceDescE
I1012 16:19:08.787134 16465 global.h:36] NewGlobal N7oneflow12ResourceDescE
I1012 16:19:08.971477 16465 global.h:36] NewGlobal N7oneflow10ThreadPoolE
I1012 16:19:08.972761 16465 global.h:36] NewGlobal N7oneflow16EagerNcclCommMgrE
I1012 16:19:08.972779 16465 global.h:36] NewGlobal N7oneflow18CudnnConvAlgoCacheE
I1012 16:19:08.972791 16465 global.h:36] NewGlobal N7oneflow2vm19VirtualMachineScopeE
I1012 16:19:08.972800 16465 global.h:36] NewGlobal N7oneflow9OneflowVME
I1012 16:19:08.973635 16465 oneflow_vm.cpp:75] transport stream type: N7oneflow2vm13CpuStreamTypeE
I1012 16:19:08.973655 16465 oneflow_vm.cpp:75] transport stream type: N7oneflow2vm14CudaStreamTypeE
I1012 16:19:08.973663 16465 oneflow_vm.cpp:75] transport stream type: N7oneflow2vm19AsyncCudaStreamTypeE
I1012 16:19:08.973793 16465 global.h:36] NewGlobal N7oneflow27EagerJobBuildAndInferCtxMgrE
I1012 16:19:08.973807 16465 global.h:36] NewGlobal N7oneflow12EpollCommNetE
I1012 16:19:08.973978 16465 epoll_comm_network.cpp:63] CommNet:Epoll listening on 0.0.0.0:36144
I1012 16:19:08.974023 16465 epoll_comm_network.cpp:197] machine 0 sockfd -1
I1012 16:19:08.974140 16465 global.h:36] NewGlobal N7oneflow9TransportE
I1012 16:19:08.975625 16465 global.h:43] DeleteGlobal N7oneflow12ResourceDescE
I1012 16:19:08.975653 16465 version.cpp:22] OneFlow git version: b295ca2324
I1012 16:19:08.975670 16465 device_register_gpu.cpp:56] CUDA runtime version: 11.2
I1012 16:19:08.975690 16465 device_register_gpu.cpp:65] cuDNN version: 8.1.1
I1012 16:19:08.975701 16465 device_register_gpu.cpp:78] NCCL version: 2.9.8
I1012 16:19:08.975710 16465 global.h:36] NewGlobal N7oneflow12ResourceDescE
I1012 16:19:08.975719 16465 global.h:36] NewGlobal N7oneflow5IDMgrE
I1012 16:19:08.975728 16465 global.h:36] NewGlobal N7oneflow16AvailableMemDescE
I1012 16:19:08.975754 16465 global.h:36] NewGlobal St13unordered_mapISslSt4hashISsESt8equal_toISsESaISt4pairIKSslEEE
I1012 16:19:08.975761 16465 global.h:36] NewGlobal N7oneflow19CriticalSectionDescE
I1012 16:19:08.975769 16465 global.h:36] NewGlobal N7oneflow16InterUserJobInfoE
I1012 16:19:08.975777 16465 global.h:36] NewGlobal N7oneflow26LazyJobBuildAndInferCtxMgrE
I1012 16:19:08.975785 16465 global.h:36] NewGlobal N7oneflow16JobSetCompileCtxE
I1012 16:19:08.975793 16465 global.h:36] NewGlobal N7oneflow26RuntimeBufferManagersScopeE
I1012 16:19:08.975801 16465 global.h:36] NewGlobal N7oneflow9BufferMgrIlEE
I1012 16:19:08.975809 16465 global.h:36] NewGlobal N7oneflow9BufferMgrISt10shared_ptrINS_11JobInstanceEEEE
I1012 16:19:08.975817 16465 global.h:36] NewGlobal N7oneflow10RuntimeCtxE
I1012 16:19:08.975824 16465 global.h:36] NewGlobal N7oneflow15MemoryAllocatorE
I1012 16:19:08.975831 16465 global.h:36] NewGlobal N7oneflow8ChunkMgrE
I1012 16:19:08.975839 16465 global.h:36] NewGlobal N7oneflow8RegstMgrE
I1012 16:19:08.975847 16465 global.h:36] NewGlobal N7oneflow11ActorMsgBusE
I1012 16:19:08.975854 16465 global.h:36] NewGlobal N7oneflow9ThreadMgrE
I1012 16:19:08.975862 16465 global.h:36] NewGlobal N7oneflow15RuntimeJobDescsE
I1012 16:19:08.975868 16465 global.h:36] NewGlobal N7oneflow7summary12EventsWriterE
I1012 16:19:08.975878 16465 global.h:36] NewGlobal N7oneflow6boxing10collective24CollectiveBoxingExecutorE
I1012 16:19:08.975885 16465 global.h:36] NewGlobal N7oneflow6boxing10collective31CollectiveBoxingDeviceCtxPollerE
I1012 16:19:08.976042 16465 session.h:77] NewGlobal N7oneflow25SessionGlobalObjectsScopeE
I1012 16:19:08.976754 16465 global.h:36] NewGlobal N7oneflow7JobDescE
I1012 16:19:10.125962 16465 global.h:43] DeleteGlobal N7oneflow7JobDescE
I1012 16:19:10.139501 16465 global.h:36] NewGlobal N7oneflow7JobDescE
I1012 16:19:10.146879 16465 global.h:36] NewGlobal N7oneflow7OpGraphE
I1012 16:19:10.168421 16465 global.h:43] DeleteGlobal N7oneflow7OpGraphE
I1012 16:19:10.979019 16465 global.h:43] DeleteGlobal N7oneflow7JobDescE
I1012 16:19:11.023895 16465 global.h:36] NewGlobal N7oneflow24InterJobReuseMemStrategyE
I1012 16:19:11.024051 16465 global.h:36] NewGlobal N7oneflow7OneflowE
I1012 16:19:11.054131 16465 global.h:36] NewGlobal N7oneflow7JobDescE
I1012 16:19:11.713445 16465 insert_nccl_logical_op_pass.cpp:663]  Try insert nccl logical ops into job: train_job. Begin...
I1012 16:19:11.715272 16465 insert_nccl_logical_op_pass.cpp:432]  insert nccl op: System-NCCL-Logical-S2B-114 from: [IdentityN_5](order=0, nd_sbp=[S(0)])->[ParallelCast_6](order=2, nd_sbp=[B]) and before: [System-Boxing-Identity-93](order=1)
I1012 16:19:11.715502 16465 insert_nccl_logical_op_pass.cpp:432]  insert nccl op: System-NCCL-Logical-S2B-115 from: [IdentityN_5](order=0, nd_sbp=[S(0)])->[ParallelCast_11](order=3, nd_sbp=[B]) and before: [System-Boxing-Identity-93](order=1)
I1012 16:19:11.715801 16465 insert_nccl_logical_op_pass.cpp:432]  insert nccl op: System-NCCL-Logical-S2S-116 from: [Gather_12](order=5, nd_sbp=[S(2)])->[Reshape_14](order=7, nd_sbp=[S(0)]) and before: [Reshape_8](order=6)
I1012 16:19:11.716086 16465 insert_nccl_logical_op_pass.cpp:432]  insert nccl op: System-NCCL-Logical-P2S-117 from: [ReduceSum_9](order=8, nd_sbp=[P])->[AddN_23](order=47, nd_sbp=[S(0)]) and before: [Concat_15](order=9)
I1012 16:19:11.717257 16465 insert_nccl_logical_op_pass.cpp:432]  insert nccl op: System-NCCL-Logical-S2B-118 from: [SigmoidCrossEntropy_24_grad](order=51, nd_sbp=[S(0)])->[ReduceSum_9_grad](order=56, nd_sbp=[B]) and before: [ScalarMul_26](order=52)
I1012 16:19:11.717463 16465 insert_nccl_logical_op_pass.cpp:432]  insert nccl op: System-NCCL-Logical-P2B-119 from: [deep_scores-bias_add_grad](order=54, nd_sbp=[P])->[System-ModelDiffScale-ScalarMul_78](order=58, nd_sbp=[B]) and before: [deep_scores-matmul_grad_b](order=55)
I1012 16:19:11.717630 16465 insert_nccl_logical_op_pass.cpp:432]  insert nccl op: System-NCCL-Logical-P2B-120 from: [deep_scores-matmul_grad_b](order=55, nd_sbp=[P])->[System-ModelDiffScale-ScalarMul_66](order=59, nd_sbp=[B]) and before: [ReduceSum_9_grad](order=56)
I1012 16:19:11.717908 16465 insert_nccl_logical_op_pass.cpp:432]  insert nccl op: System-NCCL-Logical-P2B-121 from: [fc6-matmul_grad_b](order=65, nd_sbp=[P])->[System-ModelDiffScale-ScalarMul_70](order=69, nd_sbp=[B]) and before: [fc6-bias_add_grad](order=66)
I1012 16:19:11.718070 16465 insert_nccl_logical_op_pass.cpp:432]  insert nccl op: System-NCCL-Logical-P2B-122 from: [fc6-bias_add_grad](order=66, nd_sbp=[P])->[System-ModelDiffScale-ScalarMul_69](order=70, nd_sbp=[B]) and before: [fc6-matmul_grad_a](order=67)
I1012 16:19:11.718338 16465 insert_nccl_logical_op_pass.cpp:432]  insert nccl op: System-NCCL-Logical-P2B-123 from: [fc5-matmul_grad_b](order=76, nd_sbp=[P])->[System-ModelDiffScale-ScalarMul_68](order=79, nd_sbp=[B]) and before: [fc5-bias_add_grad](order=77)
I1012 16:19:11.718515 16465 insert_nccl_logical_op_pass.cpp:432]  insert nccl op: System-NCCL-Logical-P2B-124 from: [fc5-bias_add_grad](order=77, nd_sbp=[P])->[System-ModelDiffScale-ScalarMul_71](order=80, nd_sbp=[B]) and before: [fc5-matmul_grad_a](order=78)
I1012 16:19:11.718765 16465 insert_nccl_logical_op_pass.cpp:432]  insert nccl op: System-NCCL-Logical-P2B-125 from: [fc4-matmul_grad_b](order=85, nd_sbp=[P])->[System-ModelDiffScale-ScalarMul_74](order=88, nd_sbp=[B]) and before: [fc4-bias_add_grad](order=86)
I1012 16:19:11.718919 16465 insert_nccl_logical_op_pass.cpp:432]  insert nccl op: System-NCCL-Logical-P2B-126 from: [fc4-bias_add_grad](order=86, nd_sbp=[P])->[System-ModelDiffScale-ScalarMul_79](order=89, nd_sbp=[B]) and before: [fc4-matmul_grad_a](order=87)
I1012 16:19:11.719178 16465 insert_nccl_logical_op_pass.cpp:432]  insert nccl op: System-NCCL-Logical-P2B-127 from: [fc3-matmul_grad_b](order=94, nd_sbp=[P])->[System-ModelDiffScale-ScalarMul_67](order=97, nd_sbp=[B]) and before: [fc3-bias_add_grad](order=95)
I1012 16:19:11.719576 16465 insert_nccl_logical_op_pass.cpp:432]  insert nccl op: System-NCCL-Logical-P2B-128 from: [fc3-bias_add_grad](order=95, nd_sbp=[P])->[System-ModelDiffScale-ScalarMul_82](order=98, nd_sbp=[B]) and before: [fc3-matmul_grad_a](order=96)
I1012 16:19:11.719846 16465 insert_nccl_logical_op_pass.cpp:432]  insert nccl op: System-NCCL-Logical-P2B-129 from: [fc2-matmul_grad_b](order=103, nd_sbp=[P])->[System-ModelDiffScale-ScalarMul_77](order=106, nd_sbp=[B]) and before: [fc2-bias_add_grad](order=104)
I1012 16:19:11.720003 16465 insert_nccl_logical_op_pass.cpp:432]  insert nccl op: System-NCCL-Logical-P2B-130 from: [fc2-bias_add_grad](order=104, nd_sbp=[P])->[System-ModelDiffScale-ScalarMul_73](order=107, nd_sbp=[B]) and before: [fc2-matmul_grad_a](order=105)
I1012 16:19:11.720254 16465 insert_nccl_logical_op_pass.cpp:432]  insert nccl op: System-NCCL-Logical-P2B-131 from: [fc1-matmul_grad_b](order=112, nd_sbp=[P])->[System-ModelDiffScale-ScalarMul_81](order=115, nd_sbp=[B]) and before: [fc1-bias_add_grad](order=113)
I1012 16:19:11.720422 16465 insert_nccl_logical_op_pass.cpp:432]  insert nccl op: System-NCCL-Logical-P2B-132 from: [fc1-bias_add_grad](order=113, nd_sbp=[P])->[System-ModelDiffScale-ScalarMul_65](order=116, nd_sbp=[B]) and before: [fc1-matmul_grad_a](order=114)
I1012 16:19:11.720711 16465 insert_nccl_logical_op_pass.cpp:432]  insert nccl op: System-NCCL-Logical-P2B-133 from: [fc0-bias_add_grad](order=121, nd_sbp=[P])->[System-ModelDiffScale-ScalarMul_72](order=124, nd_sbp=[B]) and before: [fc0-matmul_grad_b](order=122)
I1012 16:19:11.720877 16465 insert_nccl_logical_op_pass.cpp:432]  insert nccl op: System-NCCL-Logical-P2B-134 from: [fc0-matmul_grad_b](order=122, nd_sbp=[P])->[System-ModelDiffScale-ScalarMul_75](order=125, nd_sbp=[B]) and before: [fc0-matmul_grad_a](order=123)
I1012 16:19:11.721124 16465 insert_nccl_logical_op_pass.cpp:432]  insert nccl op: System-NCCL-Logical-S2S-135 from: [Reshape_14_grad](order=129, nd_sbp=[S(0)])->[Gather_12_grad](order=130, nd_sbp=[S(2)]) and before: [Gather_12_grad](order=130)
I1012 16:19:11.721261 16465 insert_nccl_logical_op_pass.cpp:699]  Try insert nccl logical ops into job: train_job. ...End

I1012 16:19:11.878856 16465 global.h:36] NewGlobal N7oneflow7OpGraphE
I1012 16:19:12.109805 16465 global.h:43] DeleteGlobal N7oneflow7OpGraphE
I1012 16:19:12.136545 16465 oneflow.cpp:210] 
job_id: 0 , job_name: train_job , compile time: 1.08217 seconds.
I1012 16:19:12.360247 16465 global.h:43] DeleteGlobal N7oneflow7JobDescE
I1012 16:19:12.361503 16465 global.h:36] NewGlobal N7oneflow7JobDescE
I1012 16:19:12.478148 16465 global.h:36] NewGlobal N7oneflow7OpGraphE
I1012 16:19:12.519758 16465 global.h:43] DeleteGlobal N7oneflow7OpGraphE
I1012 16:19:12.525750 16465 oneflow.cpp:210] 
job_id: 1 , job_name: System-ModelInit , compile time: 0.162859 seconds.
I1012 16:19:12.562005 16465 global.h:43] DeleteGlobal N7oneflow7JobDescE
I1012 16:19:12.562175 16465 global.h:36] NewGlobal N7oneflow7JobDescE
I1012 16:19:12.666774 16465 global.h:36] NewGlobal N7oneflow7OpGraphE
I1012 16:19:12.705243 16465 global.h:43] DeleteGlobal N7oneflow7OpGraphE
I1012 16:19:12.710595 16465 oneflow.cpp:210] 
job_id: 2 , job_name: System-ModelLoad , compile time: 0.148329 seconds.
I1012 16:19:12.741794 16465 global.h:43] DeleteGlobal N7oneflow7JobDescE
I1012 16:19:12.741961 16465 global.h:36] NewGlobal N7oneflow7JobDescE
I1012 16:19:12.819375 16465 global.h:36] NewGlobal N7oneflow7OpGraphE
I1012 16:19:12.841251 16465 global.h:43] DeleteGlobal N7oneflow7OpGraphE
I1012 16:19:12.846454 16465 oneflow.cpp:210] 
job_id: 3 , job_name: System-ModelSave , compile time: 0.104413 seconds.
I1012 16:19:12.881556 16465 global.h:43] DeleteGlobal N7oneflow7JobDescE
I1012 16:19:12.881701 16465 global.h:36] NewGlobal N7oneflow7JobDescE
I1012 16:19:12.900832 16465 global.h:36] NewGlobal N7oneflow7OpGraphE
I1012 16:19:12.909559 16465 global.h:43] DeleteGlobal N7oneflow7OpGraphE
I1012 16:19:12.910853 16465 oneflow.cpp:210] 
job_id: 4 , job_name: System-Pull-Return_27 , compile time: 0.029055 seconds.
I1012 16:19:12.916174 16465 global.h:43] DeleteGlobal N7oneflow7JobDescE
I1012 16:19:12.926496 16465 global.h:36] NewGlobal N7oneflow7JobDescE
I1012 16:19:12.926662 16465 global.h:36] NewGlobal N7oneflow7OpGraphE
I1012 16:19:12.938094 16465 global.h:43] DeleteGlobal N7oneflow7OpGraphE
I1012 16:19:12.943946 16465 oneflow.cpp:210] 
job_id: 5 , job_name: MainJob-unamed , compile time: 0.0173166 seconds.
I1012 16:19:12.959400 16465 global.h:43] DeleteGlobal N7oneflow7JobDescE
I1012 16:19:12.974103 16465 plan_util.cpp:928]  Plan: merged_plan needs to allocate [ 758.132 MiB ] device memory in Rank: 0 , Device: 0
I1012 16:19:12.974282 16465 plan_util.cpp:928]  Plan: merged_plan needs to allocate [ 758.131 MiB ] device memory in Rank: 0 , Device: 1
I1012 16:19:13.296247 16465 oneflow.cpp:998]  PushPlan merged_plan time: 0.0358728 seconds.
I1012 16:19:13.427556 16465 oneflow.cpp:1014]  PullPlan merged_plan time: 0.117165 seconds.
I1012 16:19:20.231671 16465 runtime_context.cpp:21] NewCounter constructing_actor_cnt 781
I1012 16:19:20.232846 17257 naive_actor.cpp:25] actor 2207613190314 switch to &NaiveActor::HandlerNormal
I1012 16:19:20.232856 17233 naive_actor.cpp:25] actor 1099614388230 switch to &NaiveActor::HandlerNormal
I1012 16:19:20.232872 17243 naive_actor.cpp:25] actor 2199023255722 switch to &NaiveActor::HandlerNormal
I1012 16:19:20.232957 17257 thread.cpp:96] Thread 1052672 construct Actor kDeviceTick 2207613190314
I1012 16:19:20.233076 17233 thread.cpp:96] Thread 524337 construct Actor kDeviceTick 1099614388230
I1012 16:19:20.233106 17234 wait_and_send_ids_actor.cpp:53] actor 1099616485376 switch to &WaitAndSendIdsActor::HandlerWaitToStart
I1012 16:19:20.233137 17243 thread.cpp:96] Thread 1048576 construct Actor kDeviceTick 2199023255722
I1012 16:19:20.233331 17257 runtime_context.cpp:29] DecreaseCounter constructing_actor_cnt, current val is 780
I1012 16:19:20.233378 17233 runtime_context.cpp:29] DecreaseCounter constructing_actor_cnt, current val is 779
I1012 16:19:20.233445 17234 thread.cpp:96] Thread 524338 construct Actor kWaitAndSendIds 1099616485376
I1012 16:19:20.233620 17243 runtime_context.cpp:29] DecreaseCounter constructing_actor_cnt, current val is 778
I1012 16:19:20.233783 17234 runtime_context.cpp:29] DecreaseCounter constructing_actor_cnt, current val is 777
I1012 16:19:20.233855 17233 naive_actor.cpp:25] actor 1099614388231 switch to &NaiveActor::HandlerNormal
I1012 16:19:20.233868 17257 naive_actor.cpp:25] actor 2207613190375 switch to &NaiveActor::HandlerNormal
I1012 16:19:20.233908 17233 thread.cpp:96] Thread 524337 construct Actor kDeviceTick 1099614388231
I1012 16:19:20.233913 17243 naive_actor.cpp:25] actor 2199023255783 switch to &NaiveActor::HandlerNormal
I1012 16:19:20.233976 17257 thread.cpp:96] Thread 1052672 construct Actor kDeviceTick 2207613190375
I1012 16:19:20.234030 17243 thread.cpp:96] Thread 1048576 construct Actor kDeviceTick 2199023255783
I1012 16:19:20.234031 17233 runtime_context.cpp:29] DecreaseCounter constructing_actor_cnt, current val is 776
I1012 16:19:20.234128 17243 runtime_context.cpp:29] DecreaseCounter constructing_actor_cnt, current val is 775
I1012 16:19:20.234138 17257 runtime_context.cpp:29] DecreaseCounter constructing_actor_cnt, current val is 774
I1012 16:19:20.234287 17243 naive_actor.cpp:25] actor 2199023255822 switch to &NaiveActor::HandlerNormal
I1012 16:19:20.234323 17243 thread.cpp:96] Thread 1048576 construct Actor kDeviceTick 2199023255822
I1012 16:19:20.234328 17233 naive_actor.cpp:25] actor 1099614388232 switch to &NaiveActor::HandlerNormal
I1012 16:19:20.234367 17243 runtime_context.cpp:29] DecreaseCounter constructing_actor_cnt, current val is 773
I1012 16:19:20.234392 17233 thread.cpp:96] Thread 524337 construct Actor kDeviceTick 1099614388232
I1012 16:19:20.234499 17233 runtime_context.cpp:29] DecreaseCounter constructing_actor_cnt, current val is 772
I1012 16:19:20.234562 17257 naive_actor.cpp:25] actor 2207613190414 switch to &NaiveActor::HandlerNormal
I1012 16:19:20.234568 17243 naive_actor.cpp:25] actor 2199023255861 switch to &NaiveActor::HandlerNormal
I1012 16:19:20.234663 17257 thread.cpp:96] Thread 1052672 construct Actor kDeviceTick 2207613190414
I1012 16:19:20.234730 17233 naive_actor.cpp:25] actor 1099614388240 switch to &NaiveActor::HandlerNormal
I1012 16:19:20.234807 17243 thread.cpp:96] Thread 1048576 construct Actor kDeviceTick 2199023255861
I1012 16:19:20.234905 17257 runtime_context.cpp:29] DecreaseCounter constructing_actor_cnt, current val is 771
I1012 16:19:20.234912 17233 thread.cpp:96] Thread 524337 construct Actor kDeviceTick 1099614388240
I1012 16:19:20.234946 17243 runtime_context.cpp:29] DecreaseCounter constructing_actor_cnt, current val is 770
I1012 16:19:20.235026 17233 runtime_context.cpp:29] DecreaseCounter constructing_actor_cnt, current val is 769
I1012 16:19:20.235291 17257 naive_actor.cpp:25] actor 2207613190453 switch to &NaiveActor::HandlerNormal
I1012 16:19:20.235293 17233 naive_actor.cpp:25] actor 1099614388241 switch to &NaiveActor::HandlerNormal
I1012 16:19:20.235364 17257 thread.cpp:96] Thread 1052672 construct Actor kDeviceTick 2207613190453
I1012 16:19:20.235404 17233 thread.cpp:96] Thread 524337 construct Actor kDeviceTick 1099614388241
I1012 16:19:20.235486 17257 runtime_context.cpp:29] DecreaseCounter constructing_actor_cnt, current val is 768
I1012 16:19:20.235508 17233 runtime_context.cpp:29] DecreaseCounter constructing_actor_cnt, current val is 767
I1012 16:19:20.235774 17233 naive_actor.cpp:25] actor 1099614388251 switch to &NaiveActor::HandlerNormal
I1012 16:19:20.235826 17233 thread.cpp:96] Thread 524337 construct Actor kDeviceTick 1099614388251
I1012 16:19:20.235893 17233 runtime_context.cpp:29] DecreaseCounter constructing_actor_cnt, current val is 766
I1012 16:19:20.236150 17233 naive_actor.cpp:25] actor 1099614388260 switch to &NaiveActor::HandlerNormal
I1012 16:19:20.236200 17233 thread.cpp:96] Thread 524337 construct Actor kDeviceTick 1099614388260
I1012 16:19:20.236271 17233 runtime_context.cpp:29] DecreaseCounter constructing_actor_cnt, current val is 765
I1012 16:19:20.236528 17233 naive_actor.cpp:25] actor 1099614388269 switch to &NaiveActor::HandlerNormal
I1012 16:19:20.236582 17233 thread.cpp:96] Thread 524337 construct Actor kDeviceTick 1099614388269
I1012 16:19:20.236642 17233 runtime_context.cpp:29] DecreaseCounter constructing_actor_cnt, current val is 764
I1012 16:19:20.236876 17233 naive_actor.cpp:25] actor 1099614388278 switch to &NaiveActor::HandlerNormal
I1012 16:19:20.236925 17233 thread.cpp:96] Thread 524337 construct Actor kDeviceTick 1099614388278
I1012 16:19:20.236990 17233 runtime_context.cpp:29] DecreaseCounter constructing_actor_cnt, current val is 763
I1012 16:19:20.237247 17233 naive_actor.cpp:25] actor 1099614388286 switch to &NaiveActor::HandlerNormal
I1012 16:19:20.237299 17233 thread.cpp:96] Thread 524337 construct Actor kDeviceTick 1099614388286
I1012 16:19:20.237370 17233 runtime_context.cpp:29] DecreaseCounter constructing_actor_cnt, current val is 762
I1012 16:19:20.237632 17233 naive_actor.cpp:25] actor 1099614388287 switch to &NaiveActor::HandlerNormal
I1012 16:19:20.237687 17233 thread.cpp:96] Thread 524337 construct Actor kDeviceTick 1099614388287
I1012 16:19:20.237756 17233 runtime_context.cpp:29] DecreaseCounter constructing_actor_cnt, current val is 761
I1012 16:19:20.238008 17233 naive_actor.cpp:25] actor 1099614388289 switch to &NaiveActor::HandlerNormal
I1012 16:19:20.238060 17233 thread.cpp:96] Thread 524337 construct Actor kDeviceTick 1099614388289
I1012 16:19:20.238123 17233 runtime_context.cpp:29] DecreaseCounter constructing_actor_cnt, current val is 760
I1012 16:19:20.256110 17210 naive_actor.cpp:25] actor 1099545182208 switch to &NaiveActor::HandlerNormal
I1012 16:19:20.256242 17210 thread.cpp:96] Thread 524304 construct Actor kNormalForward 1099545182208
I1012 16:19:20.256378 17210 runtime_context.cpp:29] DecreaseCounter constructing_actor_cnt, current val is 759
I1012 16:19:20.256656 17204 naive_actor.cpp:25] actor 1099532599296 switch to &NaiveActor::HandlerNormal
I1012 16:19:20.256825 17205 naive_actor.cpp:25] actor 1099534696448 switch to &NaiveActor::HandlerNormal
I1012 16:19:20.256830 17204 thread.cpp:96] Thread 524298 construct Actor kNormalForward 1099532599296
I1012 16:19:20.256839 17203 naive_actor.cpp:25] actor 1099530502144 switch to &NaiveActor::HandlerNormal
I1012 16:19:20.256883 17209 naive_actor.cpp:25] actor 1099543085056 switch to &NaiveActor::HandlerNormal
I1012 16:19:20.256909 17215 naive_actor.cpp:25] actor 1099555667968 switch to &NaiveActor::HandlerNormal
I1012 16:19:20.256932 17202 naive_actor.cpp:25] actor 1099528404992 switch to &NaiveActor::HandlerNormal
I1012 16:19:20.256937 17218 naive_actor.cpp:25] actor 1099561959424 switch to &NaiveActor::HandlerNormal
I1012 16:19:20.256978 17208 naive_actor.cpp:25] actor 1099540987904 switch to &NaiveActor::HandlerNormal
I1012 16:19:20.257021 17207 naive_actor.cpp:25] actor 1099538890752 switch to &NaiveActor::HandlerNormal
I1012 16:19:20.257050 17205 thread.cpp:96] Thread 524299 construct Actor kNormalForward 1099534696448
I1012 16:19:20.257838 17221 naive_actor.cpp:25] actor 1099568250880 switch to &NaiveActor::HandlerNormal
I1012 16:19:20.257275 17217 naive_actor.cpp:25] actor 1099559862272 switch to &NaiveActor::HandlerNormal
I1012 16:19:20.257277 17203 thread.cpp:96] Thread 524297 construct Actor kNormalForward 1099530502144
I1012 16:19:20.257978 17225 naive_actor.cpp:25] actor 1099576639488 switch to &NaiveActor::HandlerNormal
I1012 16:19:20.257431 17215 thread.cpp:96] Thread 524309 construct Actor kNormalForward 1099555667968
I1012 16:19:20.257477 17202 thread.cpp:96] Thread 524296 construct Actor kNormalForward 1099528404992
I1012 16:19:20.257546 17211 naive_actor.cpp:25] actor 1099547279360 switch to &NaiveActor::HandlerNormal
I1012 16:19:20.257565 17214 naive_actor.cpp:25] actor 1099553570816 switch to &NaiveActor::HandlerNormal
I1012 16:19:20.258268 17214 thread.cpp:96] Thread 524308 construct Actor kNormalForward 1099553570816
I1012 16:19:20.257660 17216 naive_actor.cpp:25] actor 1099557765120 switch to &NaiveActor::HandlerNormal
I1012 16:19:20.257696 17208 thread.cpp:96] Thread 524302 construct Actor kNormalForward 1099540987904
I1012 16:19:20.257778 17207 thread.cpp:96] Thread 524301 construct Actor kNormalForward 1099538890752
I1012 16:19:20.257761 17206 naive_actor.cpp:25] actor 1099536793600 switch to &NaiveActor::HandlerNormal
I1012 16:19:20.257809 17229 naive_actor.cpp:25] actor 1099585028096 switch to &NaiveActor::HandlerNormal
I1012 16:19:20.258651 17226 naive_actor.cpp:25] actor 1099578736640 switch to &NaiveActor::HandlerNormal
I1012 16:19:20.257845 17223 naive_actor.cpp:25] actor 1099572445184 switch to &NaiveActor::HandlerNormal
I1012 16:19:20.257864 17200 naive_actor.cpp:25] actor 1099524210688 switch to &NaiveActor::HandlerNormal
I1012 16:19:20.257889 17221 thread.cpp:96] Thread 524315 construct Actor kForeignInput 1099568250880
I1012 16:19:20.257946 17217 thread.cpp:96] Thread 524311 construct Actor kNormalForward 1099559862272
I1012 16:19:20.258841 17199 naive_actor.cpp:25] actor 1099522113536 switch to &NaiveActor::HandlerNormal
I1012 16:19:20.258880 17217 runtime_context.cpp:29] DecreaseCounter constructing_actor_cnt, current val is 749
I1012 16:19:20.258034 17225 thread.cpp:96] Thread 524319 construct Actor kNormalForward 1099576639488
I1012 16:19:20.258940 17230 naive_actor.cpp:25] actor 1099587125248 switch to &NaiveActor::HandlerNormal
I1012 16:19:20.258044 17203 runtime_context.cpp:29] DecreaseCounter constructing_actor_cnt, current val is 756
I1012 16:19:20.258100 17222 naive_actor.cpp:25] actor 1099570348032 switch to &NaiveActor::HandlerNormal
I1012 16:19:20.258126 17224 naive_actor.cpp:25] actor 1099574542336 switch to &NaiveActor::HandlerNormal
I1012 16:19:20.258193 17212 naive_actor.cpp:25] actor 1099549376512 switch to &NaiveActor::HandlerNormal
I1012 16:19:20.258199 17211 thread.cpp:96] Thread 524305 construct Actor kNormalForward 1099547279360
I1012 16:19:20.258204 17198 naive_actor.cpp:25] actor 1099520016384 switch to &NaiveActor::HandlerNormal
I1012 16:19:20.259331 17235 sink_actor.cpp:21] actor 1099618582528 switch to &SinkActor::HandlerNormal
I1012 16:19:20.258316 17202 runtime_context.cpp:29] DecreaseCounter constructing_actor_cnt, current val is 755
I1012 16:19:20.258322 17215 runtime_context.cpp:29] DecreaseCounter constructing_actor_cnt, current val is 754
I1012 16:19:20.258358 17216 thread.cpp:96] Thread 524310 construct Actor kNormalForward 1099557765120
I1012 16:19:20.258368 17214 runtime_context.cpp:29] DecreaseCounter constructing_actor_cnt, current val is 753
I1012 16:19:20.259788 17216 runtime_context.cpp:29] DecreaseCounter constructing_actor_cnt, current val is 746
I1012 16:19:20.258468 17201 naive_actor.cpp:25] actor 1099526307840 switch to &NaiveActor::HandlerNormal
I1012 16:19:20.258487 17208 runtime_context.cpp:29] DecreaseCounter constructing_actor_cnt, current val is 752
I1012 16:19:20.258538 17206 thread.cpp:96] Thread 524300 construct Actor kNormalForward 1099536793600
I1012 16:19:20.258539 17207 runtime_context.cpp:29] DecreaseCounter constructing_actor_cnt, current val is 751
I1012 16:19:20.258549 17220 naive_actor.cpp:25] actor 1099566153728 switch to &NaiveActor::HandlerNormal
I1012 16:19:20.258605 17227 naive_actor.cpp:25] actor 1099580833792 switch to &NaiveActor::HandlerNormal
I1012 16:19:20.258618 17219 naive_actor.cpp:25] actor 1099564056576 switch to &NaiveActor::HandlerNormal
I1012 16:19:20.258637 17232 naive_actor.cpp:25] actor 1099591319552 switch to &NaiveActor::HandlerNormal
I1012 16:19:20.257242 17204 runtime_context.cpp:29] DecreaseCounter constructing_actor_cnt, current val is 758
I1012 16:19:20.258656 17248 naive_actor.cpp:25] actor 2199027449856 switch to &NaiveActor::HandlerNormal
I1012 16:19:20.258664 17229 thread.cpp:96] Thread 524323 construct Actor kNormalForward 1099585028096
I1012 16:19:20.258705 17226 thread.cpp:96] Thread 524320 construct Actor kNormalForward 1099578736640
I1012 16:19:20.258741 17223 thread.cpp:96] Thread 524317 construct Actor kNormalForward 1099572445184
I1012 16:19:20.258791 17200 thread.cpp:96] Thread 524294 construct Actor kNormalForward 1099524210688
I1012 16:19:20.257957 17205 runtime_context.cpp:29] DecreaseCounter constructing_actor_cnt, current val is 757
I1012 16:19:20.258852 17221 runtime_context.cpp:29] DecreaseCounter constructing_actor_cnt, current val is 750
I1012 16:19:20.258888 17199 thread.cpp:96] Thread 524293 construct Actor kNormalForward 1099522113536
I1012 16:19:20.257345 17209 thread.cpp:96] Thread 524303 construct Actor kNormalForward 1099543085056
I1012 16:19:20.258040 17228 naive_actor.cpp:25] actor 1099582930944 switch to &NaiveActor::HandlerNormal
I1012 16:19:20.258971 17233 naive_actor.cpp:25] actor 1099614388227 switch to &NaiveActor::HandlerNormal
I1012 16:19:20.259003 17225 runtime_context.cpp:29] DecreaseCounter constructing_actor_cnt, current val is 748
I1012 16:19:20.259019 17230 thread.cpp:96] Thread 524324 construct Actor kNormalForward 1099587125248
I1012 16:19:20.259099 17222 thread.cpp:96] Thread 524316 construct Actor kNormalForward 1099570348032
I1012 16:19:20.259105 17246 naive_actor.cpp:25] actor 2199025352704 switch to &NaiveActor::HandlerNormal
I1012 16:19:20.259133 17224 thread.cpp:96] Thread 524318 construct Actor kForeignInput 1099574542336
I1012 16:19:20.259155 17259 naive_actor.cpp:25] actor 2207615287296 switch to &NaiveActor::HandlerNormal
I1012 16:19:20.259194 17257 naive_actor.cpp:25] actor 2207613190151 switch to &NaiveActor::HandlerNormal
I1012 16:19:20.259235 17212 thread.cpp:96] Thread 524306 construct Actor kNormalForward 1099549376512
I1012 16:19:20.259316 17211 runtime_context.cpp:29] DecreaseCounter constructing_actor_cnt, current val is 747
I1012 16:19:20.257571 17218 thread.cpp:96] Thread 524312 construct Actor kNormalForward 1099561959424
I1012 16:19:20.259351 17198 thread.cpp:96] Thread 524292 construct Actor kNormalForward 1099520016384
I1012 16:19:20.259577 17235 thread.cpp:96] Thread 524339 construct Actor kCallbackNotify 1099618582528
I1012 16:19:20.259662 17231 naive_actor.cpp:25] actor 1099589222400 switch to &NaiveActor::HandlerNormal
I1012 16:19:20.258370 17213 naive_actor.cpp:25] actor 1099551473664 switch to &NaiveActor::HandlerNormal
I1012 16:19:20.259904 17201 thread.cpp:96] Thread 524295 construct Actor kNormalForward 1099526307840
I1012 16:19:20.260051 17206 runtime_context.cpp:29] DecreaseCounter constructing_actor_cnt, current val is 745
I1012 16:19:20.260069 17220 thread.cpp:96] Thread 524314 construct Actor kNormalForward 1099566153728
I1012 16:19:20.260131 17227 thread.cpp:96] Thread 524321 construct Actor kForeignInput 1099580833792
I1012 16:19:20.260177 17219 thread.cpp:96] Thread 524313 construct Actor kNormalForward 1099564056576
I1012 16:19:20.260203 17232 thread.cpp:96] Thread 524326 construct Actor kForeignOutput 1099591319552
I1012 16:19:20.260236 17243 naive_actor.cpp:25] actor 2199023255552 switch to &NaiveActor::HandlerNormal
I1012 16:19:20.261932 17219 runtime_context.cpp:29] DecreaseCounter constructing_actor_cnt, current val is 728
I1012 16:19:20.260421 17229 runtime_context.cpp:29] DecreaseCounter constructing_actor_cnt, current val is 744
I1012 16:19:20.260496 17226 runtime_context.cpp:29] DecreaseCounter constructing_actor_cnt, current val is 743
I1012 16:19:20.260524 17223 runtime_context.cpp:29] DecreaseCounter constructing_actor_cnt, current val is 742
I1012 16:19:20.260551 17200 runtime_context.cpp:29] DecreaseCounter constructing_actor_cnt, current val is 741
I1012 16:19:20.260731 17199 runtime_context.cpp:29] DecreaseCounter constructing_actor_cnt, current val is 740
I1012 16:19:20.260833 17228 thread.cpp:96] Thread 524322 construct Actor kNormalForward 1099582930944
I1012 16:19:20.260847 17209 runtime_context.cpp:29] DecreaseCounter constructing_actor_cnt, current val is 739
I1012 16:19:20.260870 17233 thread.cpp:96] Thread 524337 construct Actor kDeviceTick 1099614388227
I1012 16:19:20.260995 17230 runtime_context.cpp:29] DecreaseCounter constructing_actor_cnt, current val is 738
I1012 16:19:20.262434 17233 runtime_context.cpp:29] DecreaseCounter constructing_actor_cnt, current val is 725
I1012 16:19:20.261026 17246 thread.cpp:96] Thread 1048577 construct Actor kSliceBoxing 2199025352704
I1012 16:19:20.261076 17224 runtime_context.cpp:29] DecreaseCounter constructing_actor_cnt, current val is 736
I1012 16:19:20.262540 17246 runtime_context.cpp:29] DecreaseCounter constructing_actor_cnt, current val is 724
I1012 16:19:20.261160 17257 thread.cpp:96] Thread 1052672 construct Actor kNormalForward 2207613190151
I1012 16:19:20.261286 17212 runtime_context.cpp:29] DecreaseCounter constructing_actor_cnt, current val is 735
I1012 16:19:20.261402 17218 runtime_context.cpp:29] DecreaseCounter constructing_actor_cnt, current val is 734
I1012 16:19:20.261410 17198 runtime_context.cpp:29] DecreaseCounter constructing_actor_cnt, current val is 733
I1012 16:19:20.261452 17235 runtime_context.cpp:29] DecreaseCounter constructing_actor_cnt, current val is 732
I1012 16:19:20.261499 17231 thread.cpp:96] Thread 524325 construct Actor kNormalForward 1099589222400
I1012 16:19:20.261615 17213 thread.cpp:96] Thread 524307 construct Actor kNormalForward 1099551473664
I1012 16:19:20.261691 17201 runtime_context.cpp:29] DecreaseCounter constructing_actor_cnt, current val is 731
I1012 16:19:20.262960 17231 runtime_context.cpp:29] DecreaseCounter constructing_actor_cnt, current val is 722
I1012 16:19:20.261870 17227 runtime_context.cpp:29] DecreaseCounter constructing_actor_cnt, current val is 729
I1012 16:19:20.260313 17248 thread.cpp:96] Thread 1048578 construct Actor kCopyHd 2199027449856
I1012 16:19:20.261947 17232 runtime_context.cpp:29] DecreaseCounter constructing_actor_cnt, current val is 727
I1012 16:19:20.261947 17243 thread.cpp:96] Thread 1048576 construct Actor kNormalForward 2199023255552
I1012 16:19:20.262270 17228 runtime_context.cpp:29] DecreaseCounter constructing_actor_cnt, current val is 726
I1012 16:19:20.261011 17222 runtime_context.cpp:29] DecreaseCounter constructing_actor_cnt, current val is 737
I1012 16:19:20.261116 17259 thread.cpp:96] Thread 1052673 construct Actor kSliceBoxing 2207615287296
I1012 16:19:20.262677 17257 runtime_context.cpp:29] DecreaseCounter constructing_actor_cnt, current val is 723
I1012 16:19:20.262763 17246 naive_actor.cpp:25] actor 2199025352705 switch to &NaiveActor::HandlerNormal
I1012 16:19:20.261822 17220 runtime_context.cpp:29] DecreaseCounter constructing_actor_cnt, current val is 730
I1012 16:19:20.262991 17213 runtime_context.cpp:29] DecreaseCounter constructing_actor_cnt, current val is 721
I1012 16:19:20.263031 17233 naive_actor.cpp:25] actor 1099614388226 switch to &NaiveActor::HandlerNormal
I1012 16:19:20.263648 17233 thread.cpp:96] Thread 524337 construct Actor kDeviceTick 1099614388226
I1012 16:19:20.263278 17243 runtime_context.cpp:29] DecreaseCounter constructing_actor_cnt, current val is 719
I1012 16:19:20.263322 17259 runtime_context.cpp:29] DecreaseCounter constructing_actor_cnt, current val is 718
I1012 16:19:20.263520 17246 thread.cpp:96] Thread 1048577 construct Actor kSliceBoxing 2199025352705
I1012 16:19:20.263172 17248 runtime_context.cpp:29] DecreaseCounter constructing_actor_cnt, current val is 720
I1012 16:19:20.263725 17233 runtime_context.cpp:29] DecreaseCounter constructing_actor_cnt, current val is 717
I1012 16:19:20.263820 17246 runtime_context.cpp:29] DecreaseCounter constructing_actor_cnt, current val is 716
I1012 16:19:20.263893 17259 naive_actor.cpp:25] actor 2207615287297 switch to &NaiveActor::HandlerNormal
I1012 16:19:20.263978 17259 thread.cpp:96] Thread 1052673 construct Actor kSliceBoxing 2207615287297
I1012 16:19:20.264036 17259 runtime_context.cpp:29] DecreaseCounter constructing_actor_cnt, current val is 715
I1012 16:19:20.264185 17259 naive_actor.cpp:25] actor 2207615287298 switch to &NaiveActor::HandlerNormal
I1012 16:19:20.264190 17246 naive_actor.cpp:25] actor 2199025352706 switch to &NaiveActor::HandlerNormal
I1012 16:19:20.264232 17259 thread.cpp:96] Thread 1052673 construct Actor kSliceBoxing 2207615287298
I1012 16:19:20.264273 17246 thread.cpp:96] Thread 1048577 construct Actor kSliceBoxing 2199025352706
I1012 16:19:20.264343 17259 runtime_context.cpp:29] DecreaseCounter constructing_actor_cnt, current val is 714
I1012 16:19:20.264371 17246 runtime_context.cpp:29] DecreaseCounter constructing_actor_cnt, current val is 713
I1012 16:19:20.264420 17233 naive_actor.cpp:25] actor 1099614388224 switch to &NaiveActor::HandlerNormal
I1012 16:19:20.264472 17233 thread.cpp:96] Thread 524337 construct Actor kDeviceTick 1099614388224
I1012 16:19:20.264583 17233 runtime_context.cpp:29] DecreaseCounter constructing_actor_cnt, current val is 712
I1012 16:19:20.264590 17259 naive_actor.cpp:25] actor 2207615287299 switch to &NaiveActor::HandlerNormal
I1012 16:19:20.264595 17246 naive_actor.cpp:25] actor 2199025352707 switch to &NaiveActor::HandlerNormal
I1012 16:19:20.264683 17259 thread.cpp:96] Thread 1052673 construct Actor kSliceBoxing 2207615287299
I1012 16:19:20.264732 17246 thread.cpp:96] Thread 1048577 construct Actor kSliceBoxing 2199025352707
I1012 16:19:20.264786 17259 runtime_context.cpp:29] DecreaseCounter constructing_actor_cnt, current val is 711
I1012 16:19:20.264823 17246 runtime_context.cpp:29] DecreaseCounter constructing_actor_cnt, current val is 710
I1012 16:19:20.264850 17243 naive_actor.cpp:25] actor 2199023255561 switch to &NaiveActor::HandlerNormal
I1012 16:19:20.264892 17243 thread.cpp:96] Thread 1048576 construct Actor kNormalForward 2199023255561
I1012 16:19:20.264930 17259 naive_actor.cpp:25] actor 2207615287300 switch to &NaiveActor::HandlerNormal
I1012 16:19:20.264961 17243 runtime_context.cpp:29] DecreaseCounter constructing_actor_cnt, current val is 709
I1012 16:19:20.264968 17259 thread.cpp:96] Thread 1052673 construct Actor kCopyHd 2207615287300
I1012 16:19:20.265038 17259 runtime_context.cpp:29] DecreaseCounter constructing_actor_cnt, current val is 708
I1012 16:19:20.265106 17257 naive_actor.cpp:25] actor 2207613190152 switch to &NaiveActor::HandlerNormal
I1012 16:19:20.265178 17257 thread.cpp:96] Thread 1052672 construct Actor kNormalForward 2207613190152
I1012 16:19:20.265233 17246 naive_actor.cpp:25] actor 2199025352708 switch to &NaiveActor::HandlerNormal
I1012 16:19:20.265236 17233 naive_actor.cpp:25] actor 1099614388225 switch to &NaiveActor::HandlerNormal
I1012 16:19:20.265255 17259 naive_actor.cpp:25] actor 2207615287301 switch to &NaiveActor::HandlerNormal
I1012 16:19:20.265288 17257 runtime_context.cpp:29] DecreaseCounter constructing_actor_cnt, current val is 707
I1012 16:19:20.265293 17246 thread.cpp:96] Thread 1048577 construct Actor kSliceBoxing 2199025352708
I1012 16:19:20.265328 17243 naive_actor.cpp:25] actor 2199023255554 switch to &NaiveActor::HandlerNormal
I1012 16:19:20.265594 17246 runtime_context.cpp:29] DecreaseCounter constructing_actor_cnt, current val is 706
I1012 16:19:20.265468 17259 thread.cpp:96] Thread 1052673 construct Actor kCopyHd 2207615287301
I1012 16:19:20.265415 17233 thread.cpp:96] Thread 524337 construct Actor kDeviceTick 1099614388225
I1012 16:19:20.265604 17243 thread.cpp:96] Thread 1048576 construct Actor kNormalForward 2199023255554
I1012 16:19:20.265697 17259 runtime_context.cpp:29] DecreaseCounter constructing_actor_cnt, current val is 705
I1012 16:19:20.265759 17233 runtime_context.cpp:29] DecreaseCounter constructing_actor_cnt, current val is 704
I1012 16:19:20.265785 17243 runtime_context.cpp:29] DecreaseCounter constructing_actor_cnt, current val is 703
I1012 16:19:20.265897 17246 naive_actor.cpp:25] actor 2199025352709 switch to &NaiveActor::HandlerNormal
I1012 16:19:20.265959 17246 thread.cpp:96] Thread 1048577 construct Actor kCopyHd 2199025352709
I1012 16:19:20.266017 17246 runtime_context.cpp:29] DecreaseCounter constructing_actor_cnt, current val is 702
I1012 16:19:20.266027 17259 naive_actor.cpp:25] actor 2207615287302 switch to &NaiveActor::HandlerNormal
I1012 16:19:20.266098 17259 thread.cpp:96] Thread 1052673 construct Actor kCopyHd 2207615287302
I1012 16:19:20.266146 17257 naive_actor.cpp:25] actor 2207613190146 switch to &NaiveActor::HandlerNormal
I1012 16:19:20.266155 17259 runtime_context.cpp:29] DecreaseCounter constructing_actor_cnt, current val is 701
I1012 16:19:20.266229 17233 naive_actor.cpp:25] actor 1099614388228 switch to &NaiveActor::HandlerNormal
I1012 16:19:20.266207 17257 thread.cpp:96] Thread 1052672 construct Actor kNormalForward 2207613190146
I1012 16:19:20.266276 17233 thread.cpp:96] Thread 524337 construct Actor kDeviceTick 1099614388228
I1012 16:19:20.266296 17246 naive_actor.cpp:25] actor 2199025352710 switch to &NaiveActor::HandlerNormal
I1012 16:19:20.266391 17257 runtime_context.cpp:29] DecreaseCounter constructing_actor_cnt, current val is 700
I1012 16:19:20.266409 17246 thread.cpp:96] Thread 1048577 construct Actor kCopyHd 2199025352710
I1012 16:19:20.266489 17233 runtime_context.cpp:29] DecreaseCounter constructing_actor_cnt, current val is 699
I1012 16:19:20.266513 17246 runtime_context.cpp:29] DecreaseCounter constructing_actor_cnt, current val is 698
I1012 16:19:20.266773 17246 naive_actor.cpp:25] actor 2199025352711 switch to &NaiveActor::HandlerNormal
I1012 16:19:20.266834 17246 thread.cpp:96] Thread 1048577 construct Actor kCopyHd 2199025352711
I1012 16:19:20.266887 17246 runtime_context.cpp:29] DecreaseCounter constructing_actor_cnt, current val is 697
I1012 16:19:20.266923 17233 naive_actor.cpp:25] actor 1099614388229 switch to &NaiveActor::HandlerNormal
I1012 16:19:20.266961 17243 naive_actor.cpp:25] actor 2199023255562 switch to &NaiveActor::HandlerNormal
I1012 16:19:20.266973 17233 thread.cpp:96] Thread 524337 construct Actor kSrcSubsetTick 1099614388229
I1012 16:19:20.267005 17243 thread.cpp:96] Thread 1048576 construct Actor kNormalForward 2199023255562
I1012 16:19:20.267081 17233 runtime_context.cpp:29] DecreaseCounter constructing_actor_cnt, current val is 696
I1012 16:19:20.267109 17243 runtime_context.cpp:29] DecreaseCounter constructing_actor_cnt, current val is 695
I1012 16:19:20.267468 17243 naive_actor.cpp:25] actor 2199023255563 switch to &NaiveActor::HandlerNormal
I1012 16:19:20.267470 17233 naive_actor.cpp:25] actor 1099614388234 switch to &NaiveActor::HandlerNormal
I1012 16:19:20.267518 17243 thread.cpp:96] Thread 1048576 construct Actor kNormalForward 2199023255563
I1012 16:19:20.267562 17233 thread.cpp:96] Thread 524337 construct Actor kTick 1099614388234
I1012 16:19:20.267618 17243 runtime_context.cpp:29] DecreaseCounter constructing_actor_cnt, current val is 694
I1012 16:19:20.267658 17257 naive_actor.cpp:25] actor 2207613190153 switch to &NaiveActor::HandlerNormal
I1012 16:19:20.267766 17233 runtime_context.cpp:29] DecreaseCounter constructing_actor_cnt, current val is 693
I1012 16:19:20.267833 17257 thread.cpp:96] Thread 1052672 construct Actor kNormalForward 2207613190153
I1012 16:19:20.267992 17257 runtime_context.cpp:29] DecreaseCounter constructing_actor_cnt, current val is 692
I1012 16:19:20.268275 17233 naive_actor.cpp:25] actor 1099614388237 switch to &NaiveActor::HandlerNormal
I1012 16:19:20.268337 17233 thread.cpp:96] Thread 524337 construct Actor kTick 1099614388237
I1012 16:19:20.268407 17233 runtime_context.cpp:29] DecreaseCounter constructing_actor_cnt, current val is 691
I1012 16:19:20.268694 17243 naive_actor.cpp:25] actor 2199023255553 switch to &NaiveActor::HandlerNormal
I1012 16:19:20.268745 17243 thread.cpp:96] Thread 1048576 construct Actor kNormalForward 2199023255553
I1012 16:19:20.268818 17243 runtime_context.cpp:29] DecreaseCounter constructing_actor_cnt, current val is 690
I1012 16:19:20.269006 17233 naive_actor.cpp:25] actor 1099614388235 switch to &NaiveActor::HandlerNormal
I1012 16:19:20.269059 17233 thread.cpp:96] Thread 524337 construct Actor kDstSubsetTick 1099614388235
I1012 16:19:20.269145 17233 runtime_context.cpp:29] DecreaseCounter constructing_actor_cnt, current val is 689
I1012 16:19:20.269511 17257 naive_actor.cpp:25] actor 2207613190145 switch to &NaiveActor::HandlerNormal
I1012 16:19:20.269575 17257 thread.cpp:96] Thread 1052672 construct Actor kNormalForward 2207613190145
I1012 16:19:20.269605 17233 naive_actor.cpp:25] actor 1099614388236 switch to &NaiveActor::HandlerNormal
I1012 16:19:20.269649 17233 thread.cpp:96] Thread 524337 construct Actor kTick 1099614388236
I1012 16:19:20.269665 17257 runtime_context.cpp:29] DecreaseCounter constructing_actor_cnt, current val is 688
I1012 16:19:20.269718 17233 runtime_context.cpp:29] DecreaseCounter constructing_actor_cnt, current val is 687
I1012 16:19:20.269860 17243 naive_actor.cpp:25] actor 2199023255555 switch to &NaiveActor::HandlerNormal
I1012 16:19:20.269912 17243 thread.cpp:96] Thread 1048576 construct Actor kNormalForward 2199023255555
I1012 16:19:20.269984 17243 runtime_context.cpp:29] DecreaseCounter constructing_actor_cnt, current val is 686
I1012 16:19:20.270153 17233 naive_actor.cpp:25] actor 1099614388238 switch to &NaiveActor::HandlerNormal
I1012 16:19:20.270212 17233 thread.cpp:96] Thread 524337 construct Actor kTick 1099614388238
I1012 16:19:20.270283 17233 runtime_context.cpp:29] DecreaseCounter constructing_actor_cnt, current val is 685
I1012 16:19:20.270752 17233 naive_actor.cpp:25] actor 1099614388239 switch to &NaiveActor::HandlerNormal
I1012 16:19:20.270756 17257 naive_actor.cpp:25] actor 2207613190150 switch to &NaiveActor::HandlerNormal
I1012 16:19:20.270813 17233 thread.cpp:96] Thread 524337 construct Actor kTick 1099614388239
I1012 16:19:20.270865 17243 naive_actor.cpp:25] actor 2199023255557 switch to &NaiveActor::HandlerNormal
I1012 16:19:20.270869 17257 thread.cpp:96] Thread 1052672 construct Actor kNormalForward 2207613190150
I1012 16:19:20.270936 17243 thread.cpp:96] Thread 1048576 construct Actor kNormalForward 2199023255557
I1012 16:19:20.270937 17233 runtime_context.cpp:29] DecreaseCounter constructing_actor_cnt, current val is 684
I1012 16:19:20.271036 17257 runtime_context.cpp:29] DecreaseCounter constructing_actor_cnt, current val is 683
I1012 16:19:20.271061 17243 runtime_context.cpp:29] DecreaseCounter constructing_actor_cnt, current val is 682
I1012 16:19:20.271360 17233 naive_actor.cpp:25] actor 1099614388242 switch to &NaiveActor::HandlerNormal
I1012 16:19:20.271417 17233 thread.cpp:96] Thread 524337 construct Actor kSrcSubsetTick 1099614388242
I1012 16:19:20.271497 17233 runtime_context.cpp:29] DecreaseCounter constructing_actor_cnt, current val is 681
I1012 16:19:20.272089 17243 naive_actor.cpp:25] actor 2199023255564 switch to &NaiveActor::HandlerNormal
I1012 16:19:20.272148 17243 thread.cpp:96] Thread 1048576 construct Actor kNormalForward 2199023255564
I1012 16:19:20.272148 17233 esac_actor.cpp:73] actor 1099614388334 switch to &EsacActor::HandlerNormal
I1012 16:19:20.272222 17233 thread.cpp:96] Thread 524337 construct Actor kEsac 1099614388334
I1012 16:19:20.272223 17243 runtime_context.cpp:29] DecreaseCounter constructing_actor_cnt, current val is 680
I1012 16:19:20.272295 17233 runtime_context.cpp:29] DecreaseCounter constructing_actor_cnt, current val is 679
I1012 16:19:20.272318 17257 naive_actor.cpp:25] actor 2207613190149 switch to &NaiveActor::HandlerNormal
I1012 16:19:20.272378 17257 thread.cpp:96] Thread 1052672 construct Actor kNormalForward 2207613190149
I1012 16:19:20.272495 17257 runtime_context.cpp:29] DecreaseCounter constructing_actor_cnt, current val is 678
I1012 16:19:20.272616 17243 naive_actor.cpp:25] actor 2199023255565 switch to &NaiveActor::HandlerNormal
I1012 16:19:20.272670 17243 thread.cpp:96] Thread 1048576 construct Actor kNormalForward 2199023255565
I1012 16:19:20.272701 17233 naive_actor.cpp:25] actor 1099614388244 switch to &NaiveActor::HandlerNormal
I1012 16:19:20.272728 17243 runtime_context.cpp:29] DecreaseCounter constructing_actor_cnt, current val is 677
I1012 16:19:20.272756 17233 thread.cpp:96] Thread 524337 construct Actor kTick 1099614388244
I1012 16:19:20.272835 17233 runtime_context.cpp:29] DecreaseCounter constructing_actor_cnt, current val is 676
I1012 16:19:20.273298 17233 naive_actor.cpp:25] actor 1099614388245 switch to &NaiveActor::HandlerNormal
I1012 16:19:20.273346 17233 thread.cpp:96] Thread 524337 construct Actor kDstSubsetTick 1099614388245
I1012 16:19:20.273404 17233 runtime_context.cpp:29] DecreaseCounter constructing_actor_cnt, current val is 675
I1012 16:19:20.273700 17233 naive_actor.cpp:25] actor 1099614388246 switch to &NaiveActor::HandlerNormal
I1012 16:19:20.273703 17243 naive_actor.cpp:25] actor 2199023255560 switch to &NaiveActor::HandlerNormal
I1012 16:19:20.273749 17233 thread.cpp:96] Thread 524337 construct Actor kTick 1099614388246
I1012 16:19:20.273783 17243 thread.cpp:96] Thread 1048576 construct Actor kNormalForward 2199023255560
I1012 16:19:20.273836 17233 runtime_context.cpp:29] DecreaseCounter constructing_actor_cnt, current val is 674
I1012 16:19:20.273783 17257 naive_actor.cpp:25] actor 2207613190148 switch to &NaiveActor::HandlerNormal
I1012 16:19:20.273871 17243 runtime_context.cpp:29] DecreaseCounter constructing_actor_cnt, current val is 673
I1012 16:19:20.273923 17257 thread.cpp:96] Thread 1052672 construct Actor kNormalForward 2207613190148
I1012 16:19:20.274058 17257 runtime_context.cpp:29] DecreaseCounter constructing_actor_cnt, current val is 672
I1012 16:19:20.274163 17233 naive_actor.cpp:25] actor 1099614388247 switch to &NaiveActor::HandlerNormal
I1012 16:19:20.274210 17233 thread.cpp:96] Thread 524337 construct Actor kTick 1099614388247
I1012 16:19:20.274264 17233 runtime_context.cpp:29] DecreaseCounter constructing_actor_cnt, current val is 671
I1012 16:19:20.274524 17233 naive_actor.cpp:25] actor 1099614388248 switch to &NaiveActor::HandlerNormal
I1012 16:19:20.274575 17233 thread.cpp:96] Thread 524337 construct Actor kTick 1099614388248
I1012 16:19:20.274629 17233 runtime_context.cpp:29] DecreaseCounter constructing_actor_cnt, current val is 670
I1012 16:19:20.274924 17243 naive_actor.cpp:25] actor 2199023255558 switch to &NaiveActor::HandlerNormal
I1012 16:19:20.274972 17243 thread.cpp:96] Thread 1048576 construct Actor kNormalForward 2199023255558
I1012 16:19:20.275038 17233 naive_actor.cpp:25] actor 1099614388254 switch to &NaiveActor::HandlerNormal
I1012 16:19:20.275041 17243 runtime_context.cpp:29] DecreaseCounter constructing_actor_cnt, current val is 669
I1012 16:19:20.275079 17233 thread.cpp:96] Thread 524337 construct Actor kDstSubsetTick 1099614388254
I1012 16:19:20.275168 17233 runtime_context.cpp:29] DecreaseCounter constructing_actor_cnt, current val is 668
I1012 16:19:20.275552 17233 naive_actor.cpp:25] actor 1099614388249 switch to &NaiveActor::HandlerNormal
I1012 16:19:20.275686 17233 thread.cpp:96] Thread 524337 construct Actor kDeviceTick 1099614388249
I1012 16:19:20.275748 17233 runtime_context.cpp:29] DecreaseCounter constructing_actor_cnt, current val is 667
I1012 16:19:20.276129 17243 naive_actor.cpp:25] actor 2199023255556 switch to &NaiveActor::HandlerNormal
I1012 16:19:20.276185 17243 thread.cpp:96] Thread 1048576 construct Actor kNormalForward 2199023255556
I1012 16:19:20.276196 17233 naive_actor.cpp:25] actor 1099614388250 switch to &NaiveActor::HandlerNormal
I1012 16:19:20.276145 17257 naive_actor.cpp:25] actor 2207613190144 switch to &NaiveActor::HandlerNormal
I1012 16:19:20.276250 17233 thread.cpp:96] Thread 524337 construct Actor kSrcSubsetTick 1099614388250
