Log file created at: 2021/10/12 17:33:14
Running on machine: oneflow-14
Log line format: [IWEF]mmdd hh:mm:ss.uuuuuu threadid file:line] msg
I1012 17:33:14.923626 23530 global.h:36] NewGlobal 14cudaDeviceProp
I1012 17:33:14.924924 23530 global.h:36] NewGlobal N7oneflow7EnvDescE
I1012 17:33:14.924954 23530 global.h:36] NewGlobal N7oneflow10ProcessCtxE
I1012 17:33:14.924966 23530 env_global_objects_scope.cpp:152] using rpc backend: local
I1012 17:33:14.924984 23530 global.h:36] NewGlobal N7oneflow12ResourceDescE
I1012 17:33:14.924998 23530 global.h:36] NewGlobal N7oneflow12ResourceDescE
I1012 17:33:15.124761 23530 global.h:36] NewGlobal N7oneflow10ThreadPoolE
I1012 17:33:15.126171 23530 global.h:36] NewGlobal N7oneflow16EagerNcclCommMgrE
I1012 17:33:15.126194 23530 global.h:36] NewGlobal N7oneflow18CudnnConvAlgoCacheE
I1012 17:33:15.126204 23530 global.h:36] NewGlobal N7oneflow2vm19VirtualMachineScopeE
I1012 17:33:15.126214 23530 global.h:36] NewGlobal N7oneflow9OneflowVME
I1012 17:33:15.135165 23530 oneflow_vm.cpp:75] transport stream type: N7oneflow2vm13CpuStreamTypeE
I1012 17:33:15.135226 23530 oneflow_vm.cpp:75] transport stream type: N7oneflow2vm14CudaStreamTypeE
I1012 17:33:15.135241 23530 oneflow_vm.cpp:75] transport stream type: N7oneflow2vm19AsyncCudaStreamTypeE
I1012 17:33:15.135450 23530 global.h:36] NewGlobal N7oneflow27EagerJobBuildAndInferCtxMgrE
I1012 17:33:15.135471 23530 global.h:36] NewGlobal N7oneflow12EpollCommNetE
I1012 17:33:15.135661 23530 epoll_comm_network.cpp:63] CommNet:Epoll listening on 0.0.0.0:46406
I1012 17:33:15.135717 23530 epoll_comm_network.cpp:197] machine 0 sockfd -1
I1012 17:33:15.135846 23530 global.h:36] NewGlobal N7oneflow9TransportE
I1012 17:33:15.137725 23530 global.h:43] DeleteGlobal N7oneflow12ResourceDescE
I1012 17:33:15.137759 23530 version.cpp:22] OneFlow git version: b295ca2324
I1012 17:33:15.137782 23530 device_register_gpu.cpp:56] CUDA runtime version: 11.2
I1012 17:33:15.137814 23530 device_register_gpu.cpp:65] cuDNN version: 8.1.1
I1012 17:33:15.137830 23530 device_register_gpu.cpp:78] NCCL version: 2.9.8
I1012 17:33:15.137840 23530 global.h:36] NewGlobal N7oneflow12ResourceDescE
I1012 17:33:15.137850 23530 global.h:36] NewGlobal N7oneflow5IDMgrE
I1012 17:33:15.137859 23530 global.h:36] NewGlobal N7oneflow16AvailableMemDescE
I1012 17:33:15.137890 23530 global.h:36] NewGlobal St13unordered_mapISslSt4hashISsESt8equal_toISsESaISt4pairIKSslEEE
I1012 17:33:15.137902 23530 global.h:36] NewGlobal N7oneflow19CriticalSectionDescE
I1012 17:33:15.137910 23530 global.h:36] NewGlobal N7oneflow16InterUserJobInfoE
I1012 17:33:15.137920 23530 global.h:36] NewGlobal N7oneflow26LazyJobBuildAndInferCtxMgrE
I1012 17:33:15.137929 23530 global.h:36] NewGlobal N7oneflow16JobSetCompileCtxE
I1012 17:33:15.137938 23530 global.h:36] NewGlobal N7oneflow26RuntimeBufferManagersScopeE
I1012 17:33:15.137948 23530 global.h:36] NewGlobal N7oneflow9BufferMgrIlEE
I1012 17:33:15.137955 23530 global.h:36] NewGlobal N7oneflow9BufferMgrISt10shared_ptrINS_11JobInstanceEEEE
I1012 17:33:15.137964 23530 global.h:36] NewGlobal N7oneflow10RuntimeCtxE
I1012 17:33:15.137971 23530 global.h:36] NewGlobal N7oneflow15MemoryAllocatorE
I1012 17:33:15.137979 23530 global.h:36] NewGlobal N7oneflow8ChunkMgrE
I1012 17:33:15.137987 23530 global.h:36] NewGlobal N7oneflow8RegstMgrE
I1012 17:33:15.137995 23530 global.h:36] NewGlobal N7oneflow11ActorMsgBusE
I1012 17:33:15.138003 23530 global.h:36] NewGlobal N7oneflow9ThreadMgrE
I1012 17:33:15.138011 23530 global.h:36] NewGlobal N7oneflow15RuntimeJobDescsE
I1012 17:33:15.138020 23530 global.h:36] NewGlobal N7oneflow7summary12EventsWriterE
I1012 17:33:15.138031 23530 global.h:36] NewGlobal N7oneflow6boxing10collective24CollectiveBoxingExecutorE
I1012 17:33:15.138039 23530 global.h:36] NewGlobal N7oneflow6boxing10collective31CollectiveBoxingDeviceCtxPollerE
I1012 17:33:15.138195 23530 session.h:77] NewGlobal N7oneflow25SessionGlobalObjectsScopeE
I1012 17:33:15.139086 23530 global.h:36] NewGlobal N7oneflow7JobDescE
I1012 17:33:16.312435 23530 global.h:43] DeleteGlobal N7oneflow7JobDescE
I1012 17:33:16.312868 23530 global.h:36] NewGlobal N7oneflow7JobDescE
I1012 17:33:16.320468 23530 global.h:36] NewGlobal N7oneflow7OpGraphE
I1012 17:33:16.336412 23530 global.h:43] DeleteGlobal N7oneflow7OpGraphE
I1012 17:33:17.118512 23530 global.h:43] DeleteGlobal N7oneflow7JobDescE
I1012 17:33:17.164624 23530 global.h:36] NewGlobal N7oneflow24InterJobReuseMemStrategyE
I1012 17:33:17.164795 23530 global.h:36] NewGlobal N7oneflow7OneflowE
I1012 17:33:17.193471 23530 global.h:36] NewGlobal N7oneflow7JobDescE
I1012 17:33:17.884863 23530 insert_nccl_logical_op_pass.cpp:663]  Try insert nccl logical ops into job: train_job. Begin...
I1012 17:33:17.886754 23530 insert_nccl_logical_op_pass.cpp:432]  insert nccl op: System-NCCL-Logical-S2B-114 from: [IdentityN_5](order=0, nd_sbp=[S(0)])->[ParallelCast_6](order=2, nd_sbp=[B]) and before: [System-Boxing-Identity-93](order=1)
I1012 17:33:17.886967 23530 insert_nccl_logical_op_pass.cpp:432]  insert nccl op: System-NCCL-Logical-S2B-115 from: [IdentityN_5](order=0, nd_sbp=[S(0)])->[ParallelCast_11](order=3, nd_sbp=[B]) and before: [System-Boxing-Identity-93](order=1)
I1012 17:33:17.887282 23530 insert_nccl_logical_op_pass.cpp:432]  insert nccl op: System-NCCL-Logical-S2S-116 from: [Gather_12](order=5, nd_sbp=[S(2)])->[Reshape_14](order=7, nd_sbp=[S(0)]) and before: [Reshape_8](order=6)
I1012 17:33:17.887552 23530 insert_nccl_logical_op_pass.cpp:432]  insert nccl op: System-NCCL-Logical-P2S-117 from: [ReduceSum_9](order=8, nd_sbp=[P])->[AddN_23](order=47, nd_sbp=[S(0)]) and before: [Concat_15](order=9)
I1012 17:33:17.888679 23530 insert_nccl_logical_op_pass.cpp:432]  insert nccl op: System-NCCL-Logical-S2B-118 from: [SigmoidCrossEntropy_24_grad](order=51, nd_sbp=[S(0)])->[ReduceSum_9_grad](order=56, nd_sbp=[B]) and before: [ScalarMul_26](order=52)
I1012 17:33:17.888878 23530 insert_nccl_logical_op_pass.cpp:432]  insert nccl op: System-NCCL-Logical-P2B-119 from: [deep_scores-matmul_grad_b](order=53, nd_sbp=[P])->[System-ModelDiffScale-ScalarMul_66](order=57, nd_sbp=[B]) and before: [deep_scores-matmul_grad_a](order=54)
I1012 17:33:17.889063 23530 insert_nccl_logical_op_pass.cpp:432]  insert nccl op: System-NCCL-Logical-P2B-120 from: [deep_scores-bias_add_grad](order=55, nd_sbp=[P])->[System-ModelDiffScale-ScalarMul_78](order=60, nd_sbp=[B]) and before: [ReduceSum_9_grad](order=56)
I1012 17:33:17.889371 23530 insert_nccl_logical_op_pass.cpp:432]  insert nccl op: System-NCCL-Logical-P2B-121 from: [fc6-matmul_grad_b](order=65, nd_sbp=[P])->[System-ModelDiffScale-ScalarMul_70](order=69, nd_sbp=[B]) and before: [fc6-bias_add_grad](order=66)
I1012 17:33:17.889557 23530 insert_nccl_logical_op_pass.cpp:432]  insert nccl op: System-NCCL-Logical-P2B-122 from: [fc6-bias_add_grad](order=66, nd_sbp=[P])->[System-ModelDiffScale-ScalarMul_69](order=70, nd_sbp=[B]) and before: [fc6-matmul_grad_a](order=67)
I1012 17:33:17.889842 23530 insert_nccl_logical_op_pass.cpp:432]  insert nccl op: System-NCCL-Logical-P2B-123 from: [fc5-bias_add_grad](order=76, nd_sbp=[P])->[System-ModelDiffScale-ScalarMul_71](order=79, nd_sbp=[B]) and before: [fc5-matmul_grad_b](order=77)
I1012 17:33:17.890017 23530 insert_nccl_logical_op_pass.cpp:432]  insert nccl op: System-NCCL-Logical-P2B-124 from: [fc5-matmul_grad_b](order=77, nd_sbp=[P])->[System-ModelDiffScale-ScalarMul_68](order=80, nd_sbp=[B]) and before: [fc5-matmul_grad_a](order=78)
I1012 17:33:17.890281 23530 insert_nccl_logical_op_pass.cpp:432]  insert nccl op: System-NCCL-Logical-P2B-125 from: [fc4-bias_add_grad](order=85, nd_sbp=[P])->[System-ModelDiffScale-ScalarMul_79](order=88, nd_sbp=[B]) and before: [fc4-matmul_grad_b](order=86)
I1012 17:33:17.890462 23530 insert_nccl_logical_op_pass.cpp:432]  insert nccl op: System-NCCL-Logical-P2B-126 from: [fc4-matmul_grad_b](order=86, nd_sbp=[P])->[System-ModelDiffScale-ScalarMul_74](order=89, nd_sbp=[B]) and before: [fc4-matmul_grad_a](order=87)
I1012 17:33:17.890728 23530 insert_nccl_logical_op_pass.cpp:432]  insert nccl op: System-NCCL-Logical-P2B-127 from: [fc3-matmul_grad_b](order=94, nd_sbp=[P])->[System-ModelDiffScale-ScalarMul_67](order=97, nd_sbp=[B]) and before: [fc3-bias_add_grad](order=95)
I1012 17:33:17.891023 23530 insert_nccl_logical_op_pass.cpp:432]  insert nccl op: System-NCCL-Logical-P2B-128 from: [fc3-bias_add_grad](order=95, nd_sbp=[P])->[System-ModelDiffScale-ScalarMul_82](order=98, nd_sbp=[B]) and before: [fc3-matmul_grad_a](order=96)
I1012 17:33:17.891301 23530 insert_nccl_logical_op_pass.cpp:432]  insert nccl op: System-NCCL-Logical-P2B-129 from: [fc2-matmul_grad_b](order=103, nd_sbp=[P])->[System-ModelDiffScale-ScalarMul_77](order=106, nd_sbp=[B]) and before: [fc2-bias_add_grad](order=104)
I1012 17:33:17.891476 23530 insert_nccl_logical_op_pass.cpp:432]  insert nccl op: System-NCCL-Logical-P2B-130 from: [fc2-bias_add_grad](order=104, nd_sbp=[P])->[System-ModelDiffScale-ScalarMul_73](order=107, nd_sbp=[B]) and before: [fc2-matmul_grad_a](order=105)
I1012 17:33:17.891746 23530 insert_nccl_logical_op_pass.cpp:432]  insert nccl op: System-NCCL-Logical-P2B-131 from: [fc1-matmul_grad_b](order=112, nd_sbp=[P])->[System-ModelDiffScale-ScalarMul_81](order=115, nd_sbp=[B]) and before: [fc1-bias_add_grad](order=113)
I1012 17:33:17.891917 23530 insert_nccl_logical_op_pass.cpp:432]  insert nccl op: System-NCCL-Logical-P2B-132 from: [fc1-bias_add_grad](order=113, nd_sbp=[P])->[System-ModelDiffScale-ScalarMul_65](order=116, nd_sbp=[B]) and before: [fc1-matmul_grad_a](order=114)
I1012 17:33:17.892187 23530 insert_nccl_logical_op_pass.cpp:432]  insert nccl op: System-NCCL-Logical-P2B-133 from: [fc0-matmul_grad_b](order=121, nd_sbp=[P])->[System-ModelDiffScale-ScalarMul_75](order=124, nd_sbp=[B]) and before: [fc0-bias_add_grad](order=122)
I1012 17:33:17.892349 23530 insert_nccl_logical_op_pass.cpp:432]  insert nccl op: System-NCCL-Logical-P2B-134 from: [fc0-bias_add_grad](order=122, nd_sbp=[P])->[System-ModelDiffScale-ScalarMul_72](order=125, nd_sbp=[B]) and before: [fc0-matmul_grad_a](order=123)
I1012 17:33:17.892622 23530 insert_nccl_logical_op_pass.cpp:432]  insert nccl op: System-NCCL-Logical-S2S-135 from: [Reshape_14_grad](order=129, nd_sbp=[S(0)])->[Gather_12_grad](order=130, nd_sbp=[S(2)]) and before: [Gather_12_grad](order=130)
I1012 17:33:17.892763 23530 insert_nccl_logical_op_pass.cpp:699]  Try insert nccl logical ops into job: train_job. ...End

I1012 17:33:18.055284 23530 global.h:36] NewGlobal N7oneflow7OpGraphE
I1012 17:33:18.328877 23530 global.h:43] DeleteGlobal N7oneflow7OpGraphE
I1012 17:33:18.362416 23530 oneflow.cpp:210] 
job_id: 0 , job_name: train_job , compile time: 1.16754 seconds.
I1012 17:33:18.539199 23530 global.h:43] DeleteGlobal N7oneflow7JobDescE
I1012 17:33:18.540565 23530 global.h:36] NewGlobal N7oneflow7JobDescE
I1012 17:33:18.653692 23530 global.h:36] NewGlobal N7oneflow7OpGraphE
I1012 17:33:18.701283 23530 global.h:43] DeleteGlobal N7oneflow7OpGraphE
I1012 17:33:18.710716 23530 oneflow.cpp:210] 
job_id: 1 , job_name: System-ModelInit , compile time: 0.167929 seconds.
I1012 17:33:18.763602 23530 global.h:43] DeleteGlobal N7oneflow7JobDescE
I1012 17:33:18.765564 23530 global.h:36] NewGlobal N7oneflow7JobDescE
I1012 17:33:18.944599 23530 global.h:36] NewGlobal N7oneflow7OpGraphE
I1012 17:33:19.150931 23530 global.h:43] DeleteGlobal N7oneflow7OpGraphE
I1012 17:33:19.157637 23530 oneflow.cpp:210] 
job_id: 2 , job_name: System-ModelLoad , compile time: 0.391847 seconds.
I1012 17:33:19.206905 23530 global.h:43] DeleteGlobal N7oneflow7JobDescE
I1012 17:33:19.207334 23530 global.h:36] NewGlobal N7oneflow7JobDescE
I1012 17:33:19.301959 23530 global.h:36] NewGlobal N7oneflow7OpGraphE
I1012 17:33:19.345768 23530 global.h:43] DeleteGlobal N7oneflow7OpGraphE
I1012 17:33:19.351948 23530 oneflow.cpp:210] 
job_id: 3 , job_name: System-ModelSave , compile time: 0.144499 seconds.
I1012 17:33:19.409567 23530 global.h:43] DeleteGlobal N7oneflow7JobDescE
I1012 17:33:19.409751 23530 global.h:36] NewGlobal N7oneflow7JobDescE
I1012 17:33:19.428046 23530 global.h:36] NewGlobal N7oneflow7OpGraphE
I1012 17:33:19.459211 23530 global.h:43] DeleteGlobal N7oneflow7OpGraphE
I1012 17:33:19.461552 23530 oneflow.cpp:210] 
job_id: 4 , job_name: System-Pull-Return_27 , compile time: 0.0516109 seconds.
I1012 17:33:19.471537 23530 global.h:43] DeleteGlobal N7oneflow7JobDescE
I1012 17:33:19.486727 23530 global.h:36] NewGlobal N7oneflow7JobDescE
I1012 17:33:19.486928 23530 global.h:36] NewGlobal N7oneflow7OpGraphE
I1012 17:33:19.520603 23530 global.h:43] DeleteGlobal N7oneflow7OpGraphE
I1012 17:33:19.524582 23530 oneflow.cpp:210] 
job_id: 5 , job_name: MainJob-unamed , compile time: 0.0376806 seconds.
I1012 17:33:19.539865 23530 global.h:43] DeleteGlobal N7oneflow7JobDescE
I1012 17:33:19.553236 23530 plan_util.cpp:928]  Plan: merged_plan needs to allocate [ 724.647 MiB ] device memory in Rank: 0 , Device: 0
I1012 17:33:19.553414 23530 plan_util.cpp:928]  Plan: merged_plan needs to allocate [ 724.646 MiB ] device memory in Rank: 0 , Device: 1
I1012 17:33:19.993877 23530 oneflow.cpp:998]  PushPlan merged_plan time: 0.040715 seconds.
I1012 17:33:20.126648 23530 oneflow.cpp:1014]  PullPlan merged_plan time: 0.117748 seconds.
I1012 17:33:29.552302 23530 runtime_context.cpp:21] NewCounter constructing_actor_cnt 781
I1012 17:33:29.554311 24464 naive_actor.cpp:25] actor 1099614388241 switch to &NaiveActor::HandlerNormal
I1012 17:33:29.554409 24505 naive_actor.cpp:25] actor 2199023255722 switch to &NaiveActor::HandlerNormal
I1012 17:33:29.554455 24464 thread.cpp:96] Thread 524337 construct Actor kDeviceTick 1099614388241
I1012 17:33:29.554522 24465 wait_and_send_ids_actor.cpp:53] actor 1099616485376 switch to &WaitAndSendIdsActor::HandlerWaitToStart
I1012 17:33:29.554564 24505 thread.cpp:96] Thread 1048576 construct Actor kDeviceTick 2199023255722
I1012 17:33:29.554679 24464 runtime_context.cpp:29] DecreaseCounter constructing_actor_cnt, current val is 780
I1012 17:33:29.554706 24465 thread.cpp:96] Thread 524338 construct Actor kWaitAndSendIds 1099616485376
I1012 17:33:29.554877 24505 runtime_context.cpp:29] DecreaseCounter constructing_actor_cnt, current val is 779
I1012 17:33:29.554970 24465 runtime_context.cpp:29] DecreaseCounter constructing_actor_cnt, current val is 778
I1012 17:33:29.555032 24464 naive_actor.cpp:25] actor 1099614388230 switch to &NaiveActor::HandlerNormal
I1012 17:33:29.555106 24464 thread.cpp:96] Thread 524337 construct Actor kDeviceTick 1099614388230
I1012 17:33:29.555198 24464 runtime_context.cpp:29] DecreaseCounter constructing_actor_cnt, current val is 777
I1012 17:33:29.555204 24505 naive_actor.cpp:25] actor 2199023255783 switch to &NaiveActor::HandlerNormal
I1012 17:33:29.555337 24505 thread.cpp:96] Thread 1048576 construct Actor kDeviceTick 2199023255783
I1012 17:33:29.555420 24464 naive_actor.cpp:25] actor 1099614388240 switch to &NaiveActor::HandlerNormal
I1012 17:33:29.555480 24505 runtime_context.cpp:29] DecreaseCounter constructing_actor_cnt, current val is 776
I1012 17:33:29.555488 24464 thread.cpp:96] Thread 524337 construct Actor kDeviceTick 1099614388240
I1012 17:33:29.555651 24464 runtime_context.cpp:29] DecreaseCounter constructing_actor_cnt, current val is 775
I1012 17:33:29.555761 24505 naive_actor.cpp:25] actor 2199023255822 switch to &NaiveActor::HandlerNormal
I1012 17:33:29.555837 24505 thread.cpp:96] Thread 1048576 construct Actor kDeviceTick 2199023255822
I1012 17:33:29.555862 24464 naive_actor.cpp:25] actor 1099614388232 switch to &NaiveActor::HandlerNormal
I1012 17:33:29.555956 24464 thread.cpp:96] Thread 524337 construct Actor kDeviceTick 1099614388232
I1012 17:33:29.555956 24505 runtime_context.cpp:29] DecreaseCounter constructing_actor_cnt, current val is 774
I1012 17:33:29.556038 24464 runtime_context.cpp:29] DecreaseCounter constructing_actor_cnt, current val is 773
I1012 17:33:29.556303 24505 naive_actor.cpp:25] actor 2199023255861 switch to &NaiveActor::HandlerNormal
I1012 17:33:29.556305 24464 naive_actor.cpp:25] actor 1099614388231 switch to &NaiveActor::HandlerNormal
I1012 17:33:29.556392 24505 thread.cpp:96] Thread 1048576 construct Actor kDeviceTick 2199023255861
I1012 17:33:29.556452 24464 thread.cpp:96] Thread 524337 construct Actor kDeviceTick 1099614388231
I1012 17:33:29.556560 24505 runtime_context.cpp:29] DecreaseCounter constructing_actor_cnt, current val is 772
I1012 17:33:29.556594 24464 runtime_context.cpp:29] DecreaseCounter constructing_actor_cnt, current val is 771
I1012 17:33:29.556862 24464 naive_actor.cpp:25] actor 1099614388251 switch to &NaiveActor::HandlerNormal
I1012 17:33:29.556929 24464 thread.cpp:96] Thread 524337 construct Actor kDeviceTick 1099614388251
I1012 17:33:29.557004 24464 runtime_context.cpp:29] DecreaseCounter constructing_actor_cnt, current val is 770
I1012 17:33:29.557232 24464 naive_actor.cpp:25] actor 1099614388260 switch to &NaiveActor::HandlerNormal
I1012 17:33:29.557313 24464 thread.cpp:96] Thread 524337 construct Actor kDeviceTick 1099614388260
I1012 17:33:29.557437 24464 runtime_context.cpp:29] DecreaseCounter constructing_actor_cnt, current val is 769
I1012 17:33:29.557731 24464 naive_actor.cpp:25] actor 1099614388269 switch to &NaiveActor::HandlerNormal
I1012 17:33:29.557802 24464 thread.cpp:96] Thread 524337 construct Actor kDeviceTick 1099614388269
I1012 17:33:29.557869 24464 runtime_context.cpp:29] DecreaseCounter constructing_actor_cnt, current val is 768
I1012 17:33:29.558102 24464 naive_actor.cpp:25] actor 1099614388287 switch to &NaiveActor::HandlerNormal
I1012 17:33:29.558169 24464 thread.cpp:96] Thread 524337 construct Actor kDeviceTick 1099614388287
I1012 17:33:29.558235 24464 runtime_context.cpp:29] DecreaseCounter constructing_actor_cnt, current val is 767
I1012 17:33:29.558449 24464 naive_actor.cpp:25] actor 1099614388278 switch to &NaiveActor::HandlerNormal
I1012 17:33:29.558521 24464 thread.cpp:96] Thread 524337 construct Actor kDeviceTick 1099614388278
I1012 17:33:29.558596 24464 runtime_context.cpp:29] DecreaseCounter constructing_actor_cnt, current val is 766
I1012 17:33:29.558830 24464 naive_actor.cpp:25] actor 1099614388286 switch to &NaiveActor::HandlerNormal
I1012 17:33:29.558897 24464 thread.cpp:96] Thread 524337 construct Actor kDeviceTick 1099614388286
I1012 17:33:29.558970 24464 runtime_context.cpp:29] DecreaseCounter constructing_actor_cnt, current val is 765
I1012 17:33:29.559196 24464 naive_actor.cpp:25] actor 1099614388289 switch to &NaiveActor::HandlerNormal
I1012 17:33:29.559265 24464 thread.cpp:96] Thread 524337 construct Actor kDeviceTick 1099614388289
I1012 17:33:29.559335 24464 runtime_context.cpp:29] DecreaseCounter constructing_actor_cnt, current val is 764
I1012 17:33:29.573091 24529 naive_actor.cpp:25] actor 2207613190314 switch to &NaiveActor::HandlerNormal
I1012 17:33:29.573256 24529 thread.cpp:96] Thread 1052672 construct Actor kDeviceTick 2207613190314
I1012 17:33:29.573395 24529 runtime_context.cpp:29] DecreaseCounter constructing_actor_cnt, current val is 763
I1012 17:33:29.573689 24529 naive_actor.cpp:25] actor 2207613190375 switch to &NaiveActor::HandlerNormal
I1012 17:33:29.573758 24529 thread.cpp:96] Thread 1052672 construct Actor kDeviceTick 2207613190375
I1012 17:33:29.586561 24529 runtime_context.cpp:29] DecreaseCounter constructing_actor_cnt, current val is 762
I1012 17:33:29.587206 24529 naive_actor.cpp:25] actor 2207613190414 switch to &NaiveActor::HandlerNormal
I1012 17:33:29.587306 24529 thread.cpp:96] Thread 1052672 construct Actor kDeviceTick 2207613190414
I1012 17:33:29.587409 24529 runtime_context.cpp:29] DecreaseCounter constructing_actor_cnt, current val is 761
I1012 17:33:29.587738 24529 naive_actor.cpp:25] actor 2207613190453 switch to &NaiveActor::HandlerNormal
I1012 17:33:29.587806 24529 thread.cpp:96] Thread 1052672 construct Actor kDeviceTick 2207613190453
I1012 17:33:29.587898 24529 runtime_context.cpp:29] DecreaseCounter constructing_actor_cnt, current val is 760
I1012 17:33:29.602463 24430 naive_actor.cpp:25] actor 1099524210688 switch to &NaiveActor::HandlerNormal
I1012 17:33:29.602627 24430 thread.cpp:96] Thread 524294 construct Actor kNormalForward 1099524210688
I1012 17:33:29.602754 24430 runtime_context.cpp:29] DecreaseCounter constructing_actor_cnt, current val is 759
I1012 17:33:29.602840 24429 naive_actor.cpp:25] actor 1099522113536 switch to &NaiveActor::HandlerNormal
I1012 17:33:29.602917 24429 thread.cpp:96] Thread 524293 construct Actor kNormalForward 1099522113536
I1012 17:33:29.603030 24429 runtime_context.cpp:29] DecreaseCounter constructing_actor_cnt, current val is 758
I1012 17:33:29.603157 24428 naive_actor.cpp:25] actor 1099520016384 switch to &NaiveActor::HandlerNormal
I1012 17:33:29.604159 24428 thread.cpp:96] Thread 524292 construct Actor kNormalForward 1099520016384
I1012 17:33:29.604367 24428 runtime_context.cpp:29] DecreaseCounter constructing_actor_cnt, current val is 757
I1012 17:33:29.603404 24431 naive_actor.cpp:25] actor 1099526307840 switch to &NaiveActor::HandlerNormal
I1012 17:33:29.604843 24431 thread.cpp:96] Thread 524295 construct Actor kNormalForward 1099526307840
I1012 17:33:29.604945 24431 runtime_context.cpp:29] DecreaseCounter constructing_actor_cnt, current val is 756
I1012 17:33:29.605440 24434 naive_actor.cpp:25] actor 1099532599296 switch to &NaiveActor::HandlerNormal
I1012 17:33:29.604794 24432 naive_actor.cpp:25] actor 1099528404992 switch to &NaiveActor::HandlerNormal
I1012 17:33:29.605624 24432 thread.cpp:96] Thread 524296 construct Actor kNormalForward 1099528404992
I1012 17:33:29.605752 24432 runtime_context.cpp:29] DecreaseCounter constructing_actor_cnt, current val is 755
I1012 17:33:29.605540 24434 thread.cpp:96] Thread 524298 construct Actor kNormalForward 1099532599296
I1012 17:33:29.605971 24434 runtime_context.cpp:29] DecreaseCounter constructing_actor_cnt, current val is 754
I1012 17:33:29.604060 24433 naive_actor.cpp:25] actor 1099530502144 switch to &NaiveActor::HandlerNormal
I1012 17:33:29.605830 24445 naive_actor.cpp:25] actor 1099555667968 switch to &NaiveActor::HandlerNormal
I1012 17:33:29.606160 24438 naive_actor.cpp:25] actor 1099540987904 switch to &NaiveActor::HandlerNormal
I1012 17:33:29.606110 24433 thread.cpp:96] Thread 524297 construct Actor kNormalForward 1099530502144
I1012 17:33:29.606171 24445 thread.cpp:96] Thread 524309 construct Actor kNormalForward 1099555667968
I1012 17:33:29.606367 24433 runtime_context.cpp:29] DecreaseCounter constructing_actor_cnt, current val is 753
I1012 17:33:29.606420 24437 naive_actor.cpp:25] actor 1099538890752 switch to &NaiveActor::HandlerNormal
I1012 17:33:29.606241 24438 thread.cpp:96] Thread 524302 construct Actor kNormalForward 1099540987904
I1012 17:33:29.606389 24441 naive_actor.cpp:25] actor 1099547279360 switch to &NaiveActor::HandlerNormal
I1012 17:33:29.606161 24446 naive_actor.cpp:25] actor 1099557765120 switch to &NaiveActor::HandlerNormal
I1012 17:33:29.606438 24445 runtime_context.cpp:29] DecreaseCounter constructing_actor_cnt, current val is 752
I1012 17:33:29.605777 24439 naive_actor.cpp:25] actor 1099543085056 switch to &NaiveActor::HandlerNormal
I1012 17:33:29.606501 24437 thread.cpp:96] Thread 524301 construct Actor kNormalForward 1099538890752
I1012 17:33:29.606505 24448 naive_actor.cpp:25] actor 1099559862272 switch to &NaiveActor::HandlerNormal
I1012 17:33:29.606968 24437 runtime_context.cpp:29] DecreaseCounter constructing_actor_cnt, current val is 750
I1012 17:33:29.606590 24435 naive_actor.cpp:25] actor 1099534696448 switch to &NaiveActor::HandlerNormal
I1012 17:33:29.606611 24438 runtime_context.cpp:29] DecreaseCounter constructing_actor_cnt, current val is 751
I1012 17:33:29.606643 24441 thread.cpp:96] Thread 524305 construct Actor kNormalForward 1099547279360
I1012 17:33:29.607272 24450 naive_actor.cpp:25] actor 1099564056576 switch to &NaiveActor::HandlerNormal
I1012 17:33:29.606681 24436 naive_actor.cpp:25] actor 1099536793600 switch to &NaiveActor::HandlerNormal
I1012 17:33:29.606735 24446 thread.cpp:96] Thread 524310 construct Actor kNormalForward 1099557765120
I1012 17:33:29.606822 24444 naive_actor.cpp:25] actor 1099553570816 switch to &NaiveActor::HandlerNormal
I1012 17:33:29.606861 24439 thread.cpp:96] Thread 524303 construct Actor kNormalForward 1099543085056
I1012 17:33:29.606899 24442 naive_actor.cpp:25] actor 1099549376512 switch to &NaiveActor::HandlerNormal
I1012 17:33:29.606982 24448 thread.cpp:96] Thread 524311 construct Actor kNormalForward 1099559862272
I1012 17:33:29.608145 24448 runtime_context.cpp:29] DecreaseCounter constructing_actor_cnt, current val is 746
I1012 17:33:29.606581 24453 naive_actor.cpp:25] actor 1099570348032 switch to &NaiveActor::HandlerNormal
I1012 17:33:29.608294 24453 thread.cpp:96] Thread 524316 construct Actor kNormalForward 1099570348032
I1012 17:33:29.608359 24509 naive_actor.cpp:25] actor 2199027449856 switch to &NaiveActor::HandlerNormal
I1012 17:33:29.607141 24435 thread.cpp:96] Thread 524299 construct Actor kNormalForward 1099534696448
I1012 17:33:29.607223 24451 naive_actor.cpp:25] actor 1099566153728 switch to &NaiveActor::HandlerNormal
I1012 17:33:29.606652 24452 naive_actor.cpp:25] actor 1099568250880 switch to &NaiveActor::HandlerNormal
I1012 17:33:29.607308 24440 naive_actor.cpp:25] actor 1099545182208 switch to &NaiveActor::HandlerNormal
I1012 17:33:29.607338 24450 thread.cpp:96] Thread 524313 construct Actor kNormalForward 1099564056576
I1012 17:33:29.607348 24449 naive_actor.cpp:25] actor 1099561959424 switch to &NaiveActor::HandlerNormal
I1012 17:33:29.607372 24441 runtime_context.cpp:29] DecreaseCounter constructing_actor_cnt, current val is 749
I1012 17:33:29.607462 24436 thread.cpp:96] Thread 524300 construct Actor kNormalForward 1099536793600
I1012 17:33:29.607517 24456 naive_actor.cpp:25] actor 1099576639488 switch to &NaiveActor::HandlerNormal
I1012 17:33:29.607527 24458 naive_actor.cpp:25] actor 1099580833792 switch to &NaiveActor::HandlerNormal
I1012 17:33:29.607587 24446 runtime_context.cpp:29] DecreaseCounter constructing_actor_cnt, current val is 748
I1012 17:33:29.607618 24444 thread.cpp:96] Thread 524308 construct Actor kNormalForward 1099553570816
I1012 17:33:29.607766 24442 thread.cpp:96] Thread 524306 construct Actor kNormalForward 1099549376512
I1012 17:33:29.609458 24466 sink_actor.cpp:21] actor 1099618582528 switch to &SinkActor::HandlerNormal
I1012 17:33:29.609603 24442 runtime_context.cpp:29] DecreaseCounter constructing_actor_cnt, current val is 740
I1012 17:33:29.608243 24457 naive_actor.cpp:25] actor 1099578736640 switch to &NaiveActor::HandlerNormal
I1012 17:33:29.608253 24454 naive_actor.cpp:25] actor 1099572445184 switch to &NaiveActor::HandlerNormal
I1012 17:33:29.608258 24507 naive_actor.cpp:25] actor 2199025352709 switch to &NaiveActor::HandlerNormal
I1012 17:33:29.608383 24453 runtime_context.cpp:29] DecreaseCounter constructing_actor_cnt, current val is 745
I1012 17:33:29.607115 24443 naive_actor.cpp:25] actor 1099551473664 switch to &NaiveActor::HandlerNormal
I1012 17:33:29.608479 24509 thread.cpp:96] Thread 1048578 construct Actor kCopyHd 2199027449856
I1012 17:33:29.608541 24461 naive_actor.cpp:25] actor 1099587125248 switch to &NaiveActor::HandlerNormal
I1012 17:33:29.608640 24435 runtime_context.cpp:29] DecreaseCounter constructing_actor_cnt, current val is 744
I1012 17:33:29.608683 24451 thread.cpp:96] Thread 524314 construct Actor kNormalForward 1099566153728
I1012 17:33:29.608762 24452 thread.cpp:96] Thread 524315 construct Actor kForeignInput 1099568250880
I1012 17:33:29.608790 24462 naive_actor.cpp:25] actor 1099589222400 switch to &NaiveActor::HandlerNormal
I1012 17:33:29.610551 24452 runtime_context.cpp:29] DecreaseCounter constructing_actor_cnt, current val is 737
I1012 17:33:29.608947 24450 runtime_context.cpp:29] DecreaseCounter constructing_actor_cnt, current val is 743
I1012 17:33:29.608970 24449 thread.cpp:96] Thread 524312 construct Actor kNormalForward 1099561959424
I1012 17:33:29.609022 24459 naive_actor.cpp:25] actor 1099582930944 switch to &NaiveActor::HandlerNormal
I1012 17:33:29.609059 24505 naive_actor.cpp:25] actor 2199023255563 switch to &NaiveActor::HandlerNormal
I1012 17:33:29.609182 24436 runtime_context.cpp:29] DecreaseCounter constructing_actor_cnt, current val is 742
I1012 17:33:29.609233 24456 thread.cpp:96] Thread 524319 construct Actor kNormalForward 1099576639488
I1012 17:33:29.609244 24460 naive_actor.cpp:25] actor 1099585028096 switch to &NaiveActor::HandlerNormal
I1012 17:33:29.609313 24458 thread.cpp:96] Thread 524321 construct Actor kForeignInput 1099580833792
I1012 17:33:29.609460 24463 naive_actor.cpp:25] actor 1099591319552 switch to &NaiveActor::HandlerNormal
I1012 17:33:29.609530 24444 runtime_context.cpp:29] DecreaseCounter constructing_actor_cnt, current val is 741
I1012 17:33:29.607784 24455 naive_actor.cpp:25] actor 1099574542336 switch to &NaiveActor::HandlerNormal
I1012 17:33:29.607995 24439 runtime_context.cpp:29] DecreaseCounter constructing_actor_cnt, current val is 747
I1012 17:33:29.609619 24466 thread.cpp:96] Thread 524339 construct Actor kCallbackNotify 1099618582528
I1012 17:33:29.609755 24457 thread.cpp:96] Thread 524320 construct Actor kNormalForward 1099578736640
I1012 17:33:29.609803 24531 naive_actor.cpp:25] actor 2207615287297 switch to &NaiveActor::HandlerNormal
I1012 17:33:29.609843 24454 thread.cpp:96] Thread 524317 construct Actor kNormalForward 1099572445184
I1012 17:33:29.609943 24507 thread.cpp:96] Thread 1048577 construct Actor kCopyHd 2199025352709
I1012 17:33:29.610080 24443 thread.cpp:96] Thread 524307 construct Actor kNormalForward 1099551473664
I1012 17:33:29.610183 24509 runtime_context.cpp:29] DecreaseCounter constructing_actor_cnt, current val is 739
I1012 17:33:29.610245 24461 thread.cpp:96] Thread 524324 construct Actor kNormalForward 1099587125248
I1012 17:33:29.610457 24451 runtime_context.cpp:29] DecreaseCounter constructing_actor_cnt, current val is 738
I1012 17:33:29.610529 24464 case_actor.cpp:76] actor 1099614388297 switch to &CaseActor::HandlerNormal
I1012 17:33:29.608844 24440 thread.cpp:96] Thread 524304 construct Actor kNormalForward 1099545182208
I1012 17:33:29.610570 24462 thread.cpp:96] Thread 524325 construct Actor kNormalForward 1099589222400
I1012 17:33:29.612879 24440 runtime_context.cpp:29] DecreaseCounter constructing_actor_cnt, current val is 727
I1012 17:33:29.612933 24462 runtime_context.cpp:29] DecreaseCounter constructing_actor_cnt, current val is 726
I1012 17:33:29.610853 24449 runtime_context.cpp:29] DecreaseCounter constructing_actor_cnt, current val is 736
I1012 17:33:29.610894 24459 thread.cpp:96] Thread 524322 construct Actor kNormalForward 1099582930944
I1012 17:33:29.610908 24529 naive_actor.cpp:25] actor 2207613190223 switch to &NaiveActor::HandlerNormal
I1012 17:33:29.611003 24505 thread.cpp:96] Thread 1048576 construct Actor kNormalForward 2199023255563
I1012 17:33:29.611213 24456 runtime_context.cpp:29] DecreaseCounter constructing_actor_cnt, current val is 735
I1012 17:33:29.611238 24460 thread.cpp:96] Thread 524323 construct Actor kNormalForward 1099585028096
I1012 17:33:29.611394 24458 runtime_context.cpp:29] DecreaseCounter constructing_actor_cnt, current val is 734
I1012 17:33:29.611668 24463 thread.cpp:96] Thread 524326 construct Actor kForeignOutput 1099591319552
I1012 17:33:29.611851 24455 thread.cpp:96] Thread 524318 construct Actor kForeignInput 1099574542336
I1012 17:33:29.612032 24466 runtime_context.cpp:29] DecreaseCounter constructing_actor_cnt, current val is 733
I1012 17:33:29.612129 24457 runtime_context.cpp:29] DecreaseCounter constructing_actor_cnt, current val is 732
I1012 17:33:29.612154 24531 thread.cpp:96] Thread 1052673 construct Actor kSliceBoxing 2207615287297
I1012 17:33:29.612285 24454 runtime_context.cpp:29] DecreaseCounter constructing_actor_cnt, current val is 731
I1012 17:33:29.612360 24507 runtime_context.cpp:29] DecreaseCounter constructing_actor_cnt, current val is 730
I1012 17:33:29.612473 24443 runtime_context.cpp:29] DecreaseCounter constructing_actor_cnt, current val is 729
I1012 17:33:29.612625 24461 runtime_context.cpp:29] DecreaseCounter constructing_actor_cnt, current val is 728
I1012 17:33:29.612744 24464 thread.cpp:96] Thread 524337 construct Actor kCase 1099614388297
I1012 17:33:29.613184 24459 runtime_context.cpp:29] DecreaseCounter constructing_actor_cnt, current val is 725
I1012 17:33:29.613220 24529 thread.cpp:96] Thread 1052672 construct Actor kNormalForward 2207613190223
I1012 17:33:29.613363 24505 runtime_context.cpp:29] DecreaseCounter constructing_actor_cnt, current val is 724
I1012 17:33:29.614571 24507 naive_actor.cpp:25] actor 2199025352706 switch to &NaiveActor::HandlerNormal
I1012 17:33:29.613680 24463 runtime_context.cpp:29] DecreaseCounter constructing_actor_cnt, current val is 722
I1012 17:33:29.613776 24455 runtime_context.cpp:29] DecreaseCounter constructing_actor_cnt, current val is 721
I1012 17:33:29.613976 24531 runtime_context.cpp:29] DecreaseCounter constructing_actor_cnt, current val is 720
I1012 17:33:29.614406 24464 runtime_context.cpp:29] DecreaseCounter constructing_actor_cnt, current val is 719
I1012 17:33:29.614557 24529 runtime_context.cpp:29] DecreaseCounter constructing_actor_cnt, current val is 718
I1012 17:33:29.613519 24460 runtime_context.cpp:29] DecreaseCounter constructing_actor_cnt, current val is 723
I1012 17:33:29.614667 24507 thread.cpp:96] Thread 1048577 construct Actor kSliceBoxing 2199025352706
I1012 17:33:29.615289 24507 runtime_context.cpp:29] DecreaseCounter constructing_actor_cnt, current val is 717
I1012 17:33:29.626621 24507 naive_actor.cpp:25] actor 2199025352708 switch to &NaiveActor::HandlerNormal
I1012 17:33:29.626871 24507 thread.cpp:96] Thread 1048577 construct Actor kSliceBoxing 2199025352708
I1012 17:33:29.627071 24531 naive_actor.cpp:25] actor 2207615287296 switch to &NaiveActor::HandlerNormal
I1012 17:33:29.627089 24507 runtime_context.cpp:29] DecreaseCounter constructing_actor_cnt, current val is 716
I1012 17:33:29.627218 24531 thread.cpp:96] Thread 1052673 construct Actor kSliceBoxing 2207615287296
I1012 17:33:29.627576 24531 runtime_context.cpp:29] DecreaseCounter constructing_actor_cnt, current val is 715
I1012 17:33:29.628574 24507 naive_actor.cpp:25] actor 2199025352705 switch to &NaiveActor::HandlerNormal
I1012 17:33:29.628741 24507 thread.cpp:96] Thread 1048577 construct Actor kSliceBoxing 2199025352705
I1012 17:33:29.628845 24507 runtime_context.cpp:29] DecreaseCounter constructing_actor_cnt, current val is 714
I1012 17:33:29.629078 24531 naive_actor.cpp:25] actor 2207615287298 switch to &NaiveActor::HandlerNormal
I1012 17:33:29.629173 24531 thread.cpp:96] Thread 1052673 construct Actor kSliceBoxing 2207615287298
I1012 17:33:29.629251 24531 runtime_context.cpp:29] DecreaseCounter constructing_actor_cnt, current val is 713
I1012 17:33:29.629381 24464 naive_actor.cpp:25] actor 1099614388239 switch to &NaiveActor::HandlerNormal
I1012 17:33:29.629460 24464 thread.cpp:96] Thread 524337 construct Actor kTick 1099614388239
I1012 17:33:29.629568 24464 runtime_context.cpp:29] DecreaseCounter constructing_actor_cnt, current val is 712
I1012 17:33:29.629709 24507 naive_actor.cpp:25] actor 2199025352707 switch to &NaiveActor::HandlerNormal
I1012 17:33:29.629822 24507 thread.cpp:96] Thread 1048577 construct Actor kSliceBoxing 2199025352707
I1012 17:33:29.629917 24507 runtime_context.cpp:29] DecreaseCounter constructing_actor_cnt, current val is 711
I1012 17:33:29.630640 24531 naive_actor.cpp:25] actor 2207615287299 switch to &NaiveActor::HandlerNormal
I1012 17:33:29.630730 24531 thread.cpp:96] Thread 1052673 construct Actor kSliceBoxing 2207615287299
I1012 17:33:29.630795 24531 runtime_context.cpp:29] DecreaseCounter constructing_actor_cnt, current val is 710
I1012 17:33:29.630925 24464 naive_actor.cpp:25] actor 1099614388237 switch to &NaiveActor::HandlerNormal
I1012 17:33:29.630929 24507 naive_actor.cpp:25] actor 2199025352704 switch to &NaiveActor::HandlerNormal
I1012 17:33:29.630995 24464 thread.cpp:96] Thread 524337 construct Actor kTick 1099614388237
I1012 17:33:29.631086 24507 thread.cpp:96] Thread 1048577 construct Actor kSliceBoxing 2199025352704
I1012 17:33:29.631268 24507 runtime_context.cpp:29] DecreaseCounter constructing_actor_cnt, current val is 708
I1012 17:33:29.631179 24464 runtime_context.cpp:29] DecreaseCounter constructing_actor_cnt, current val is 709
I1012 17:33:29.631727 24507 naive_actor.cpp:25] actor 2199025352710 switch to &NaiveActor::HandlerNormal
I1012 17:33:29.631753 24505 naive_actor.cpp:25] actor 2199023255587 switch to &NaiveActor::HandlerNormal
I1012 17:33:29.631812 24531 naive_actor.cpp:25] actor 2207615287300 switch to &NaiveActor::HandlerNormal
I1012 17:33:29.631837 24507 thread.cpp:96] Thread 1048577 construct Actor kCopyHd 2199025352710
I1012 17:33:29.631922 24505 thread.cpp:96] Thread 1048576 construct Actor kNormalForward 2199023255587
I1012 17:33:29.632007 24531 thread.cpp:96] Thread 1052673 construct Actor kCopyHd 2207615287300
I1012 17:33:29.632266 24505 runtime_context.cpp:29] DecreaseCounter constructing_actor_cnt, current val is 706
I1012 17:33:29.632128 24507 runtime_context.cpp:29] DecreaseCounter constructing_actor_cnt, current val is 707
I1012 17:33:29.632289 24531 runtime_context.cpp:29] DecreaseCounter constructing_actor_cnt, current val is 705
I1012 17:33:29.632570 24464 naive_actor.cpp:25] actor 1099614388247 switch to &NaiveActor::HandlerNormal
I1012 17:33:29.632640 24464 thread.cpp:96] Thread 524337 construct Actor kTick 1099614388247
I1012 17:33:29.632725 24464 runtime_context.cpp:29] DecreaseCounter constructing_actor_cnt, current val is 704
I1012 17:33:29.633332 24531 naive_actor.cpp:25] actor 2207615287301 switch to &NaiveActor::HandlerNormal
I1012 17:33:29.633340 24507 naive_actor.cpp:25] actor 2199025352711 switch to &NaiveActor::HandlerNormal
I1012 17:33:29.633525 24507 thread.cpp:96] Thread 1048577 construct Actor kCopyHd 2199025352711
I1012 17:33:29.633424 24531 thread.cpp:96] Thread 1052673 construct Actor kCopyHd 2207615287301
I1012 17:33:29.633623 24507 runtime_context.cpp:29] DecreaseCounter constructing_actor_cnt, current val is 703
I1012 17:33:29.633800 24529 naive_actor.cpp:25] actor 2207613190247 switch to &NaiveActor::HandlerNormal
I1012 17:33:29.633878 24529 thread.cpp:96] Thread 1052672 construct Actor kNormalForward 2207613190247
I1012 17:33:29.633975 24529 runtime_context.cpp:29] DecreaseCounter constructing_actor_cnt, current val is 701
I1012 17:33:29.633982 24464 naive_actor.cpp:25] actor 1099614388234 switch to &NaiveActor::HandlerNormal
I1012 17:33:29.633680 24531 runtime_context.cpp:29] DecreaseCounter constructing_actor_cnt, current val is 702
I1012 17:33:29.634152 24464 thread.cpp:96] Thread 524337 construct Actor kTick 1099614388234
I1012 17:33:29.634510 24464 runtime_context.cpp:29] DecreaseCounter constructing_actor_cnt, current val is 700
I1012 17:33:29.634783 24531 naive_actor.cpp:25] actor 2207615287302 switch to &NaiveActor::HandlerNormal
I1012 17:33:29.634855 24531 thread.cpp:96] Thread 1052673 construct Actor kCopyHd 2207615287302
I1012 17:33:29.634924 24531 runtime_context.cpp:29] DecreaseCounter constructing_actor_cnt, current val is 699
I1012 17:33:29.635334 24464 naive_actor.cpp:25] actor 1099614388242 switch to &NaiveActor::HandlerNormal
I1012 17:33:29.635421 24464 thread.cpp:96] Thread 524337 construct Actor kSrcSubsetTick 1099614388242
I1012 17:33:29.635527 24464 runtime_context.cpp:29] DecreaseCounter constructing_actor_cnt, current val is 698
I1012 17:33:29.636189 24505 naive_actor.cpp:25] actor 2199023255611 switch to &NaiveActor::HandlerNormal
I1012 17:33:29.636344 24464 naive_actor.cpp:25] actor 1099614388246 switch to &NaiveActor::HandlerNormal
I1012 17:33:29.636739 24505 thread.cpp:96] Thread 1048576 construct Actor kNormalForward 2199023255611
I1012 17:33:29.636821 24464 thread.cpp:96] Thread 524337 construct Actor kTick 1099614388246
I1012 17:33:29.636961 24529 naive_actor.cpp:25] actor 2207613190271 switch to &NaiveActor::HandlerNormal
I1012 17:33:29.637032 24505 runtime_context.cpp:29] DecreaseCounter constructing_actor_cnt, current val is 697
I1012 17:33:29.637068 24464 runtime_context.cpp:29] DecreaseCounter constructing_actor_cnt, current val is 696
I1012 17:33:29.637091 24529 thread.cpp:96] Thread 1052672 construct Actor kNormalForward 2207613190271
I1012 17:33:29.637413 24529 runtime_context.cpp:29] DecreaseCounter constructing_actor_cnt, current val is 695
I1012 17:33:29.638103 24464 naive_actor.cpp:25] actor 1099614388227 switch to &NaiveActor::HandlerNormal
I1012 17:33:29.638191 24464 thread.cpp:96] Thread 524337 construct Actor kDeviceTick 1099614388227
I1012 17:33:29.638290 24464 runtime_context.cpp:29] DecreaseCounter constructing_actor_cnt, current val is 694
I1012 17:33:29.639008 24464 naive_actor.cpp:25] actor 1099614388225 switch to &NaiveActor::HandlerNormal
I1012 17:33:29.639118 24464 thread.cpp:96] Thread 524337 construct Actor kDeviceTick 1099614388225
I1012 17:33:29.639225 24464 runtime_context.cpp:29] DecreaseCounter constructing_actor_cnt, current val is 693
I1012 17:33:29.639813 24505 naive_actor.cpp:25] actor 2199023255566 switch to &NaiveActor::HandlerNormal
I1012 17:33:29.639962 24505 thread.cpp:96] Thread 1048576 construct Actor kNormalForward 2199023255566
I1012 17:33:29.639986 24464 naive_actor.cpp:25] actor 1099614388224 switch to &NaiveActor::HandlerNormal
I1012 17:33:29.640130 24464 thread.cpp:96] Thread 524337 construct Actor kDeviceTick 1099614388224
I1012 17:33:29.640132 24505 runtime_context.cpp:29] DecreaseCounter constructing_actor_cnt, current val is 692
I1012 17:33:29.640244 24464 runtime_context.cpp:29] DecreaseCounter constructing_actor_cnt, current val is 691
I1012 17:33:29.641089 24464 naive_actor.cpp:25] actor 1099614388228 switch to &NaiveActor::HandlerNormal
I1012 17:33:29.641198 24464 thread.cpp:96] Thread 524337 construct Actor kDeviceTick 1099614388228
I1012 17:33:29.641295 24464 runtime_context.cpp:29] DecreaseCounter constructing_actor_cnt, current val is 690
I1012 17:33:29.641752 24529 naive_actor.cpp:25] actor 2207613190295 switch to &NaiveActor::HandlerNormal
I1012 17:33:29.641844 24529 thread.cpp:96] Thread 1052672 construct Actor kNormalForward 2207613190295
I1012 17:33:29.641949 24529 runtime_context.cpp:29] DecreaseCounter constructing_actor_cnt, current val is 689
I1012 17:33:29.642129 24505 naive_actor.cpp:25] actor 2199023255590 switch to &NaiveActor::HandlerNormal
I1012 17:33:29.642285 24505 thread.cpp:96] Thread 1048576 construct Actor kNormalForward 2199023255590
I1012 17:33:29.642436 24505 runtime_context.cpp:29] DecreaseCounter constructing_actor_cnt, current val is 688
I1012 17:33:29.643033 24464 naive_actor.cpp:25] actor 1099614388235 switch to &NaiveActor::HandlerNormal
I1012 17:33:29.643132 24464 thread.cpp:96] Thread 524337 construct Actor kDstSubsetTick 1099614388235
I1012 17:33:29.643234 24464 runtime_context.cpp:29] DecreaseCounter constructing_actor_cnt, current val is 687
I1012 17:33:29.643395 24505 naive_actor.cpp:25] actor 2199023255614 switch to &NaiveActor::HandlerNormal
I1012 17:33:29.643498 24505 thread.cpp:96] Thread 1048576 construct Actor kNormalForward 2199023255614
I1012 17:33:29.643648 24505 runtime_context.cpp:29] DecreaseCounter constructing_actor_cnt, current val is 686
I1012 17:33:29.643863 24464 naive_actor.cpp:25] actor 1099614388229 switch to &NaiveActor::HandlerNormal
I1012 17:33:29.643950 24464 thread.cpp:96] Thread 524337 construct Actor kSrcSubsetTick 1099614388229
I1012 17:33:29.644037 24464 runtime_context.cpp:29] DecreaseCounter constructing_actor_cnt, current val is 685
I1012 17:33:29.644507 24529 naive_actor.cpp:25] actor 2207613190331 switch to &NaiveActor::HandlerNormal
I1012 17:33:29.644600 24529 thread.cpp:96] Thread 1052672 construct Actor kNormalForward 2207613190331
I1012 17:33:29.644701 24529 runtime_context.cpp:29] DecreaseCounter constructing_actor_cnt, current val is 684
I1012 17:33:29.645027 24464 naive_actor.cpp:25] actor 1099614388236 switch to &NaiveActor::HandlerNormal
I1012 17:33:29.645113 24464 thread.cpp:96] Thread 524337 construct Actor kTick 1099614388236
I1012 17:33:29.645206 24464 runtime_context.cpp:29] DecreaseCounter constructing_actor_cnt, current val is 683
I1012 17:33:29.646062 24464 naive_actor.cpp:25] actor 1099614388226 switch to &NaiveActor::HandlerNormal
I1012 17:33:29.646117 24505 naive_actor.cpp:25] actor 2199023255556 switch to &NaiveActor::HandlerNormal
I1012 17:33:29.646173 24464 thread.cpp:96] Thread 524337 construct Actor kDeviceTick 1099614388226
I1012 17:33:29.646286 24505 thread.cpp:96] Thread 1048576 construct Actor kNormalForward 2199023255556
I1012 17:33:29.646389 24464 runtime_context.cpp:29] DecreaseCounter constructing_actor_cnt, current val is 682
I1012 17:33:29.646512 24505 runtime_context.cpp:29] DecreaseCounter constructing_actor_cnt, current val is 681
I1012 17:33:29.647259 24529 naive_actor.cpp:25] actor 2207613190226 switch to &NaiveActor::HandlerNormal
I1012 17:33:29.647374 24464 naive_actor.cpp:25] actor 1099614388245 switch to &NaiveActor::HandlerNormal
I1012 17:33:29.647569 24464 thread.cpp:96] Thread 524337 construct Actor kDstSubsetTick 1099614388245
I1012 17:33:29.647676 24464 runtime_context.cpp:29] DecreaseCounter constructing_actor_cnt, current val is 680
I1012 17:33:29.647483 24529 thread.cpp:96] Thread 1052672 construct Actor kNormalForward 2207613190226
I1012 17:33:29.647919 24529 runtime_context.cpp:29] DecreaseCounter constructing_actor_cnt, current val is 679
I1012 17:33:29.648312 24464 naive_actor.cpp:25] actor 1099614388315 switch to &NaiveActor::HandlerNormal
I1012 17:33:29.648396 24464 thread.cpp:96] Thread 524337 construct Actor kTick 1099614388315
I1012 17:33:29.648483 24464 runtime_context.cpp:29] DecreaseCounter constructing_actor_cnt, current val is 678
I1012 17:33:29.649237 24505 naive_actor.cpp:25] actor 2199023255580 switch to &NaiveActor::HandlerNormal
I1012 17:33:29.649385 24505 thread.cpp:96] Thread 1048576 construct Actor kNormalForward 2199023255580
I1012 17:33:29.649405 24464 naive_actor.cpp:25] actor 1099614388244 switch to &NaiveActor::HandlerNormal
I1012 17:33:29.649576 24505 runtime_context.cpp:29] DecreaseCounter constructing_actor_cnt, current val is 677
I1012 17:33:29.649582 24464 thread.cpp:96] Thread 524337 construct Actor kTick 1099614388244
I1012 17:33:29.649811 24464 runtime_context.cpp:29] DecreaseCounter constructing_actor_cnt, current val is 676
I1012 17:33:29.650920 24464 naive_actor.cpp:25] actor 1099614388238 switch to &NaiveActor::HandlerNormal
I1012 17:33:29.651023 24464 thread.cpp:96] Thread 524337 construct Actor kTick 1099614388238
I1012 17:33:29.651110 24464 runtime_context.cpp:29] DecreaseCounter constructing_actor_cnt, current val is 675
I1012 17:33:29.651371 24529 naive_actor.cpp:25] actor 2207613190250 switch to &NaiveActor::HandlerNormal
I1012 17:33:29.651471 24529 thread.cpp:96] Thread 1052672 construct Actor kNormalForward 2207613190250
I1012 17:33:29.651590 24529 runtime_context.cpp:29] DecreaseCounter constructing_actor_cnt, current val is 674
I1012 17:33:29.652082 24505 naive_actor.cpp:25] actor 2199023255604 switch to &NaiveActor::HandlerNormal
I1012 17:33:29.652197 24505 thread.cpp:96] Thread 1048576 construct Actor kNormalForward 2199023255604
I1012 17:33:29.652354 24505 runtime_context.cpp:29] DecreaseCounter constructing_actor_cnt, current val is 673
I1012 17:33:29.652372 24464 naive_actor.cpp:25] actor 1099614388256 switch to &NaiveActor::HandlerNormal
I1012 17:33:29.652608 24464 thread.cpp:96] Thread 524337 construct Actor kTick 1099614388256
I1012 17:33:29.652709 24464 runtime_context.cpp:29] DecreaseCounter constructing_actor_cnt, current val is 672
I1012 17:33:29.653231 24505 naive_actor.cpp:25] actor 2199023255565 switch to &NaiveActor::HandlerNormal
I1012 17:33:29.653623 24529 naive_actor.cpp:25] actor 2207613190274 switch to &NaiveActor::HandlerNormal
I1012 17:33:29.672252 24529 thread.cpp:96] Thread 1052672 construct Actor kNormalForward 2207613190274
I1012 17:33:29.672459 24529 runtime_context.cpp:29] DecreaseCounter constructing_actor_cnt, current val is 671
I1012 17:33:29.662539 24425 naive_actor.cpp:25] actor 1099513724928 switch to &NaiveActor::HandlerNormal
I1012 17:33:29.663098 24426 naive_actor.cpp:25] actor 1099515822080 switch to &NaiveActor::HandlerNormal
I1012 17:33:29.673827 24426 thread.cpp:96] Thread 524290 construct Actor kNormalForward 1099515822080
I1012 17:33:29.673931 24426 runtime_context.cpp:29] DecreaseCounter constructing_actor_cnt, current val is 670
I1012 17:33:29.663677 24427 naive_actor.cpp:25] actor 1099517919232 switch to &NaiveActor::HandlerNormal
I1012 17:33:29.674039 24427 thread.cpp:96] Thread 524291 construct Actor kNormalForward 1099517919232
I1012 17:33:29.674118 24427 runtime_context.cpp:29] DecreaseCounter constructing_actor_cnt, current val is 669
I1012 17:33:29.664263 24424 naive_actor.cpp:25] actor 1099511627776 switch to &NaiveActor::HandlerNormal
I1012 17:33:29.672118 24505 thread.cpp:96] Thread 1048576 construct Actor kNormalForward 2199023255565
I1012 17:33:29.674492 24505 runtime_context.cpp:29] DecreaseCounter constructing_actor_cnt, current val is 668
I1012 17:33:29.673103 24529 naive_actor.cpp:25] actor 2207613190298 switch to &NaiveActor::HandlerNormal
I1012 17:33:29.674702 24529 thread.cpp:96] Thread 1052672 construct Actor kNormalForward 2207613190298
I1012 17:33:29.674214 24424 thread.cpp:96] Thread 524288 construct Actor kNormalForward 1099511627776
I1012 17:33:29.673725 24425 thread.cpp:96] Thread 524289 construct Actor kNormalForward 1099513724928
I1012 17:33:29.674976 24425 runtime_context.cpp:29] DecreaseCounter constructing_actor_cnt, current val is 665
I1012 17:33:29.674825 24529 runtime_context.cpp:29] DecreaseCounter constructing_actor_cnt, current val is 667
