Log file created at: 2021/10/14 10:11:51
Running on machine: oneflow-14
Log line format: [IWEF]mmdd hh:mm:ss.uuuuuu threadid file:line] msg
I1014 10:11:51.079689 31388 global.h:36] NewGlobal 14cudaDeviceProp
I1014 10:11:51.080493 31388 global.h:36] NewGlobal N7oneflow7EnvDescE
I1014 10:11:51.080508 31388 global.h:36] NewGlobal N7oneflow10ProcessCtxE
I1014 10:11:51.080515 31388 env_global_objects_scope.cpp:152] using rpc backend: local
I1014 10:11:51.080571 31388 global.h:36] NewGlobal N7oneflow12ResourceDescE
I1014 10:11:51.080582 31388 global.h:36] NewGlobal N7oneflow12ResourceDescE
I1014 10:11:51.146921 31388 global.h:36] NewGlobal N7oneflow10ThreadPoolE
I1014 10:11:51.148959 31388 global.h:36] NewGlobal N7oneflow16EagerNcclCommMgrE
I1014 10:11:51.148972 31388 global.h:36] NewGlobal N7oneflow18CudnnConvAlgoCacheE
I1014 10:11:51.148978 31388 global.h:36] NewGlobal N7oneflow2vm19VirtualMachineScopeE
I1014 10:11:51.148985 31388 global.h:36] NewGlobal N7oneflow9OneflowVME
I1014 10:11:51.149691 31388 oneflow_vm.cpp:75] transport stream type: N7oneflow2vm13CpuStreamTypeE
I1014 10:11:51.149704 31388 oneflow_vm.cpp:75] transport stream type: N7oneflow2vm14CudaStreamTypeE
I1014 10:11:51.149710 31388 oneflow_vm.cpp:75] transport stream type: N7oneflow2vm19AsyncCudaStreamTypeE
I1014 10:11:51.149833 31388 global.h:36] NewGlobal N7oneflow27EagerJobBuildAndInferCtxMgrE
I1014 10:11:51.149843 31388 global.h:36] NewGlobal N7oneflow12EpollCommNetE
I1014 10:11:51.149945 31388 epoll_comm_network.cpp:63] CommNet:Epoll listening on 0.0.0.0:39143
I1014 10:11:51.149976 31388 epoll_comm_network.cpp:197] machine 0 sockfd -1
I1014 10:11:51.150077 31388 global.h:36] NewGlobal N7oneflow9TransportE
I1014 10:11:51.151258 31388 global.h:43] DeleteGlobal N7oneflow12ResourceDescE
I1014 10:11:51.151283 31388 version.cpp:22] OneFlow git version: b295ca2324
I1014 10:11:51.151296 31388 device_register_gpu.cpp:56] CUDA runtime version: 11.2
I1014 10:11:51.151319 31388 device_register_gpu.cpp:65] cuDNN version: 8.1.1
I1014 10:11:51.151327 31388 device_register_gpu.cpp:78] NCCL version: 2.9.8
I1014 10:11:51.151335 31388 global.h:36] NewGlobal N7oneflow12ResourceDescE
I1014 10:11:51.151340 31388 global.h:36] NewGlobal N7oneflow5IDMgrE
I1014 10:11:51.151346 31388 global.h:36] NewGlobal N7oneflow16AvailableMemDescE
I1014 10:11:51.151368 31388 global.h:36] NewGlobal St13unordered_mapISslSt4hashISsESt8equal_toISsESaISt4pairIKSslEEE
I1014 10:11:51.151374 31388 global.h:36] NewGlobal N7oneflow19CriticalSectionDescE
I1014 10:11:51.151379 31388 global.h:36] NewGlobal N7oneflow16InterUserJobInfoE
I1014 10:11:51.151386 31388 global.h:36] NewGlobal N7oneflow26LazyJobBuildAndInferCtxMgrE
I1014 10:11:51.151392 31388 global.h:36] NewGlobal N7oneflow16JobSetCompileCtxE
I1014 10:11:51.151398 31388 global.h:36] NewGlobal N7oneflow26RuntimeBufferManagersScopeE
I1014 10:11:51.151404 31388 global.h:36] NewGlobal N7oneflow9BufferMgrIlEE
I1014 10:11:51.151409 31388 global.h:36] NewGlobal N7oneflow9BufferMgrISt10shared_ptrINS_11JobInstanceEEEE
I1014 10:11:51.151414 31388 global.h:36] NewGlobal N7oneflow10RuntimeCtxE
I1014 10:11:51.151420 31388 global.h:36] NewGlobal N7oneflow15MemoryAllocatorE
I1014 10:11:51.151425 31388 global.h:36] NewGlobal N7oneflow8ChunkMgrE
I1014 10:11:51.151430 31388 global.h:36] NewGlobal N7oneflow8RegstMgrE
I1014 10:11:51.151435 31388 global.h:36] NewGlobal N7oneflow11ActorMsgBusE
I1014 10:11:51.151440 31388 global.h:36] NewGlobal N7oneflow9ThreadMgrE
I1014 10:11:51.151445 31388 global.h:36] NewGlobal N7oneflow15RuntimeJobDescsE
I1014 10:11:51.151450 31388 global.h:36] NewGlobal N7oneflow7summary12EventsWriterE
I1014 10:11:51.151458 31388 global.h:36] NewGlobal N7oneflow6boxing10collective24CollectiveBoxingExecutorE
I1014 10:11:51.151464 31388 global.h:36] NewGlobal N7oneflow6boxing10collective31CollectiveBoxingDeviceCtxPollerE
I1014 10:11:51.151585 31388 session.h:77] NewGlobal N7oneflow25SessionGlobalObjectsScopeE
I1014 10:11:51.152192 31388 global.h:36] NewGlobal N7oneflow7JobDescE
I1014 10:11:51.505250 31388 global.h:43] DeleteGlobal N7oneflow7JobDescE
I1014 10:11:51.505453 31388 global.h:36] NewGlobal N7oneflow7JobDescE
I1014 10:11:51.508329 31388 global.h:36] NewGlobal N7oneflow7OpGraphE
I1014 10:11:51.512179 31388 global.h:43] DeleteGlobal N7oneflow7OpGraphE
I1014 10:11:51.666227 31388 global.h:43] DeleteGlobal N7oneflow7JobDescE
I1014 10:11:51.682341 31388 global.h:36] NewGlobal N7oneflow24InterJobReuseMemStrategyE
I1014 10:11:51.682366 31388 global.h:36] NewGlobal N7oneflow7OneflowE
I1014 10:11:51.694402 31388 global.h:36] NewGlobal N7oneflow7JobDescE
I1014 10:11:51.895527 31388 global.h:36] NewGlobal N7oneflow7OpGraphE
I1014 10:11:51.970891 31388 global.h:43] DeleteGlobal N7oneflow7OpGraphE
I1014 10:11:51.980443 31388 oneflow.cpp:210] 
job_id: 0 , job_name: train_job , compile time: 0.285994 seconds.
I1014 10:11:52.026906 31388 global.h:43] DeleteGlobal N7oneflow7JobDescE
I1014 10:11:52.027194 31388 global.h:36] NewGlobal N7oneflow7JobDescE
I1014 10:11:52.073130 31388 global.h:36] NewGlobal N7oneflow7OpGraphE
I1014 10:11:52.090947 31388 global.h:43] DeleteGlobal N7oneflow7OpGraphE
I1014 10:11:52.096040 31388 oneflow.cpp:210] 
job_id: 1 , job_name: System-ModelInit , compile time: 0.0685806 seconds.
I1014 10:11:52.107738 31388 global.h:43] DeleteGlobal N7oneflow7JobDescE
I1014 10:11:52.107767 31388 global.h:36] NewGlobal N7oneflow7JobDescE
I1014 10:11:52.152266 31388 global.h:36] NewGlobal N7oneflow7OpGraphE
I1014 10:11:52.169649 31388 global.h:43] DeleteGlobal N7oneflow7OpGraphE
I1014 10:11:52.174722 31388 oneflow.cpp:210] 
job_id: 2 , job_name: System-ModelLoad , compile time: 0.0669358 seconds.
I1014 10:11:52.186529 31388 global.h:43] DeleteGlobal N7oneflow7JobDescE
I1014 10:11:52.186555 31388 global.h:36] NewGlobal N7oneflow7JobDescE
I1014 10:11:52.230724 31388 global.h:36] NewGlobal N7oneflow7OpGraphE
I1014 10:11:52.248181 31388 global.h:43] DeleteGlobal N7oneflow7OpGraphE
I1014 10:11:52.253023 31388 oneflow.cpp:210] 
job_id: 3 , job_name: System-ModelSave , compile time: 0.0664271 seconds.
I1014 10:11:52.264696 31388 global.h:43] DeleteGlobal N7oneflow7JobDescE
I1014 10:11:52.264724 31388 global.h:36] NewGlobal N7oneflow7JobDescE
I1014 10:11:52.272891 31388 global.h:36] NewGlobal N7oneflow7OpGraphE
I1014 10:11:52.276583 31388 global.h:43] DeleteGlobal N7oneflow7OpGraphE
I1014 10:11:52.278064 31388 oneflow.cpp:210] 
job_id: 4 , job_name: System-Pull-Return_20 , compile time: 0.0133235 seconds.
I1014 10:11:52.281535 31388 global.h:43] DeleteGlobal N7oneflow7JobDescE
I1014 10:11:52.285645 31388 global.h:36] NewGlobal N7oneflow7JobDescE
I1014 10:11:52.285681 31388 global.h:36] NewGlobal N7oneflow7OpGraphE
I1014 10:11:52.291153 31388 global.h:43] DeleteGlobal N7oneflow7OpGraphE
I1014 10:11:52.294574 31388 oneflow.cpp:210] 
job_id: 5 , job_name: MainJob-unamed , compile time: 0.00891827 seconds.
I1014 10:11:52.301440 31388 global.h:43] DeleteGlobal N7oneflow7JobDescE
I1014 10:11:52.303944 31388 plan_util.cpp:928]  Plan: merged_plan needs to allocate [ 374.837 MiB ] device memory in Rank: 0 , Device: 0
I1014 10:11:52.404331 31388 oneflow.cpp:998]  PushPlan merged_plan time: 0.00979302 seconds.
I1014 10:11:52.432185 31388 oneflow.cpp:1014]  PullPlan merged_plan time: 0.0241249 seconds.
I1014 10:11:54.366313 31388 runtime_context.cpp:21] NewCounter constructing_actor_cnt 388
I1014 10:11:54.367419 31961 naive_actor.cpp:25] actor 2199023255699 switch to &NaiveActor::HandlerNormal
I1014 10:11:54.367811 31961 thread.cpp:96] Thread 1048576 construct Actor kDeviceTick 2199023255699
I1014 10:11:54.367491 31957 naive_actor.cpp:25] actor 1099614388233 switch to &NaiveActor::HandlerNormal
I1014 10:11:54.367784 31958 wait_and_send_ids_actor.cpp:53] actor 1099616485376 switch to &WaitAndSendIdsActor::HandlerWaitToStart
I1014 10:11:54.367913 31957 thread.cpp:96] Thread 524337 construct Actor kDeviceTick 1099614388233
I1014 10:11:54.367914 31961 runtime_context.cpp:29] DecreaseCounter constructing_actor_cnt, current val is 387
I1014 10:11:54.367985 31958 thread.cpp:96] Thread 524338 construct Actor kWaitAndSendIds 1099616485376
I1014 10:11:54.368069 31957 runtime_context.cpp:29] DecreaseCounter constructing_actor_cnt, current val is 386
I1014 10:11:54.368103 31958 runtime_context.cpp:29] DecreaseCounter constructing_actor_cnt, current val is 385
I1014 10:11:54.368250 31961 naive_actor.cpp:25] actor 2199023255738 switch to &NaiveActor::HandlerNormal
I1014 10:11:54.368327 31961 thread.cpp:96] Thread 1048576 construct Actor kDeviceTick 2199023255738
I1014 10:11:54.368381 31961 runtime_context.cpp:29] DecreaseCounter constructing_actor_cnt, current val is 384
I1014 10:11:54.368690 31957 naive_actor.cpp:25] actor 1099614388226 switch to &NaiveActor::HandlerNormal
I1014 10:11:54.368772 31957 thread.cpp:96] Thread 524337 construct Actor kDeviceTick 1099614388226
I1014 10:11:54.368846 31957 runtime_context.cpp:29] DecreaseCounter constructing_actor_cnt, current val is 383
I1014 10:11:54.368916 31961 naive_actor.cpp:25] actor 2199023255777 switch to &NaiveActor::HandlerNormal
I1014 10:11:54.368950 31961 thread.cpp:96] Thread 1048576 construct Actor kDeviceTick 2199023255777
I1014 10:11:54.369004 31961 runtime_context.cpp:29] DecreaseCounter constructing_actor_cnt, current val is 382
I1014 10:11:54.369122 31957 naive_actor.cpp:25] actor 1099614388243 switch to &NaiveActor::HandlerNormal
I1014 10:11:54.369156 31957 thread.cpp:96] Thread 524337 construct Actor kDeviceTick 1099614388243
I1014 10:11:54.369210 31961 naive_actor.cpp:25] actor 2199023255816 switch to &NaiveActor::HandlerNormal
I1014 10:11:54.369210 31957 runtime_context.cpp:29] DecreaseCounter constructing_actor_cnt, current val is 381
I1014 10:11:54.369263 31961 thread.cpp:96] Thread 1048576 construct Actor kDeviceTick 2199023255816
I1014 10:11:54.369340 31961 runtime_context.cpp:29] DecreaseCounter constructing_actor_cnt, current val is 380
I1014 10:11:54.369540 31957 naive_actor.cpp:25] actor 1099614388252 switch to &NaiveActor::HandlerNormal
I1014 10:11:54.369591 31957 thread.cpp:96] Thread 524337 construct Actor kDeviceTick 1099614388252
I1014 10:11:54.369647 31957 runtime_context.cpp:29] DecreaseCounter constructing_actor_cnt, current val is 379
I1014 10:11:54.369900 31957 naive_actor.cpp:25] actor 1099614388261 switch to &NaiveActor::HandlerNormal
I1014 10:11:54.369932 31957 thread.cpp:96] Thread 524337 construct Actor kDeviceTick 1099614388261
I1014 10:11:54.369982 31957 runtime_context.cpp:29] DecreaseCounter constructing_actor_cnt, current val is 378
I1014 10:11:54.370211 31957 naive_actor.cpp:25] actor 1099614388269 switch to &NaiveActor::HandlerNormal
I1014 10:11:54.370244 31957 thread.cpp:96] Thread 524337 construct Actor kDeviceTick 1099614388269
I1014 10:11:54.370293 31957 runtime_context.cpp:29] DecreaseCounter constructing_actor_cnt, current val is 377
I1014 10:11:54.370523 31957 naive_actor.cpp:25] actor 1099614388276 switch to &NaiveActor::HandlerNormal
I1014 10:11:54.370555 31957 thread.cpp:96] Thread 524337 construct Actor kDeviceTick 1099614388276
I1014 10:11:54.370625 31957 runtime_context.cpp:29] DecreaseCounter constructing_actor_cnt, current val is 376
I1014 10:11:54.378561 31965 naive_actor.cpp:25] actor 2199027449856 switch to &NaiveActor::HandlerNormal
I1014 10:11:54.378726 31942 naive_actor.cpp:25] actor 1099526307840 switch to &NaiveActor::HandlerNormal
I1014 10:11:54.378659 31959 sink_actor.cpp:21] actor 1099618582528 switch to &SinkActor::HandlerNormal
I1014 10:11:54.378706 31946 naive_actor.cpp:25] actor 1099534696448 switch to &NaiveActor::HandlerNormal
I1014 10:11:54.378589 31963 naive_actor.cpp:25] actor 2199025352706 switch to &NaiveActor::HandlerNormal
I1014 10:11:54.379046 31941 naive_actor.cpp:25] actor 1099524210688 switch to &NaiveActor::HandlerNormal
I1014 10:11:54.379106 31949 naive_actor.cpp:25] actor 1099540987904 switch to &NaiveActor::HandlerNormal
I1014 10:11:54.379221 31949 thread.cpp:96] Thread 524302 construct Actor kForeignInput 1099540987904
I1014 10:11:54.379269 31956 naive_actor.cpp:25] actor 1099555667968 switch to &NaiveActor::HandlerNormal
I1014 10:11:54.379411 31954 naive_actor.cpp:25] actor 1099551473664 switch to &NaiveActor::HandlerNormal
I1014 10:11:54.379479 31945 naive_actor.cpp:25] actor 1099532599296 switch to &NaiveActor::HandlerNormal
I1014 10:11:54.378964 31947 naive_actor.cpp:25] actor 1099536793600 switch to &NaiveActor::HandlerNormal
I1014 10:11:54.378971 31946 thread.cpp:96] Thread 524299 construct Actor kForeignInput 1099534696448
I1014 10:11:54.379835 31936 naive_actor.cpp:25] actor 1099513724928 switch to &NaiveActor::HandlerNormal
I1014 10:11:54.379933 31936 thread.cpp:96] Thread 524289 construct Actor kNormalForward 1099513724928
I1014 10:11:54.378921 31952 naive_actor.cpp:25] actor 1099547279360 switch to &NaiveActor::HandlerNormal
I1014 10:11:54.380007 31952 thread.cpp:96] Thread 524305 construct Actor kForeignInput 1099547279360
I1014 10:11:54.378741 31965 thread.cpp:96] Thread 1048578 construct Actor kCopyHd 2199027449856
I1014 10:11:54.379048 31963 thread.cpp:96] Thread 1048577 construct Actor kCopyHd 2199025352706
I1014 10:11:54.379140 31941 thread.cpp:96] Thread 524294 construct Actor kNormalForward 1099524210688
I1014 10:11:54.378763 31948 naive_actor.cpp:25] actor 1099538890752 switch to &NaiveActor::HandlerNormal
I1014 10:11:54.379168 31953 naive_actor.cpp:25] actor 1099549376512 switch to &NaiveActor::HandlerNormal
I1014 10:11:54.380551 31953 thread.cpp:96] Thread 524306 construct Actor kNormalForward 1099549376512
I1014 10:11:54.378800 31942 thread.cpp:96] Thread 524295 construct Actor kNormalForward 1099526307840
I1014 10:11:54.378823 31955 naive_actor.cpp:25] actor 1099553570816 switch to &NaiveActor::HandlerNormal
I1014 10:11:54.380744 31955 thread.cpp:96] Thread 524308 construct Actor kNormalForward 1099553570816
I1014 10:11:54.379293 31944 naive_actor.cpp:25] actor 1099530502144 switch to &NaiveActor::HandlerNormal
I1014 10:11:54.380815 31955 runtime_context.cpp:29] DecreaseCounter constructing_actor_cnt, current val is 366
I1014 10:11:54.380823 31944 thread.cpp:96] Thread 524297 construct Actor kNormalForward 1099530502144
I1014 10:11:54.379388 31939 naive_actor.cpp:25] actor 1099520016384 switch to &NaiveActor::HandlerNormal
I1014 10:11:54.380909 31944 runtime_context.cpp:29] DecreaseCounter constructing_actor_cnt, current val is 365
I1014 10:11:54.378880 31959 thread.cpp:96] Thread 524339 construct Actor kCallbackNotify 1099618582528
I1014 10:11:54.379495 31954 thread.cpp:96] Thread 524307 construct Actor kNormalForward 1099551473664
I1014 10:11:54.378926 31940 naive_actor.cpp:25] actor 1099522113536 switch to &NaiveActor::HandlerNormal
I1014 10:11:54.381132 31954 runtime_context.cpp:29] DecreaseCounter constructing_actor_cnt, current val is 363
I1014 10:11:54.381155 31940 thread.cpp:96] Thread 524293 construct Actor kNormalForward 1099522113536
I1014 10:11:54.379585 31961 naive_actor.cpp:25] actor 2199023255594 switch to &NaiveActor::HandlerNormal
I1014 10:11:54.379688 31943 naive_actor.cpp:25] actor 1099528404992 switch to &NaiveActor::HandlerNormal
I1014 10:11:54.381299 31943 thread.cpp:96] Thread 524296 construct Actor kNormalForward 1099528404992
I1014 10:11:54.379748 31947 thread.cpp:96] Thread 524300 construct Actor kNormalForward 1099536793600
I1014 10:11:54.381392 31943 runtime_context.cpp:29] DecreaseCounter constructing_actor_cnt, current val is 361
I1014 10:11:54.378916 31957 naive_actor.cpp:25] actor 1099614388232 switch to &NaiveActor::HandlerNormal
I1014 10:11:54.381461 31947 runtime_context.cpp:29] DecreaseCounter constructing_actor_cnt, current val is 360
I1014 10:11:54.381480 31957 thread.cpp:96] Thread 524337 construct Actor kTick 1099614388232
I1014 10:11:54.379896 31946 runtime_context.cpp:29] DecreaseCounter constructing_actor_cnt, current val is 374
I1014 10:11:54.381599 31957 runtime_context.cpp:29] DecreaseCounter constructing_actor_cnt, current val is 359
I1014 10:11:54.378980 31951 naive_actor.cpp:25] actor 1099545182208 switch to &NaiveActor::HandlerNormal
I1014 10:11:54.381669 31951 thread.cpp:96] Thread 524304 construct Actor kNormalForward 1099545182208
I1014 10:11:54.380205 31965 runtime_context.cpp:29] DecreaseCounter constructing_actor_cnt, current val is 371
I1014 10:11:54.380301 31963 runtime_context.cpp:29] DecreaseCounter constructing_actor_cnt, current val is 370
I1014 10:11:54.380429 31941 runtime_context.cpp:29] DecreaseCounter constructing_actor_cnt, current val is 369
I1014 10:11:54.380471 31948 thread.cpp:96] Thread 524301 construct Actor kNormalForward 1099538890752
I1014 10:11:54.382705 31963 naive_actor.cpp:25] actor 2199025352707 switch to &NaiveActor::HandlerNormal
I1014 10:11:54.379231 31950 naive_actor.cpp:25] actor 1099543085056 switch to &NaiveActor::HandlerNormal
I1014 10:11:54.382787 31950 thread.cpp:96] Thread 524303 construct Actor kNormalForward 1099543085056
I1014 10:11:54.380775 31942 runtime_context.cpp:29] DecreaseCounter constructing_actor_cnt, current val is 367
I1014 10:11:54.382865 31950 runtime_context.cpp:29] DecreaseCounter constructing_actor_cnt, current val is 356
I1014 10:11:54.380916 31939 thread.cpp:96] Thread 524292 construct Actor kNormalForward 1099520016384
I1014 10:11:54.379426 31956 thread.cpp:96] Thread 524309 construct Actor kForeignOutput 1099555667968
I1014 10:11:54.381044 31959 runtime_context.cpp:29] DecreaseCounter constructing_actor_cnt, current val is 364
I1014 10:11:54.383147 31935 naive_actor.cpp:25] actor 1099511627776 switch to &NaiveActor::HandlerNormal
I1014 10:11:54.383195 31935 thread.cpp:96] Thread 524288 construct Actor kNormalForward 1099511627776
I1014 10:11:54.381240 31940 runtime_context.cpp:29] DecreaseCounter constructing_actor_cnt, current val is 362
I1014 10:11:54.383286 31935 runtime_context.cpp:29] DecreaseCounter constructing_actor_cnt, current val is 353
I1014 10:11:54.379670 31945 thread.cpp:96] Thread 524298 construct Actor kNormalForward 1099532599296
I1014 10:11:54.379873 31938 naive_actor.cpp:25] actor 1099517919232 switch to &NaiveActor::HandlerNormal
I1014 10:11:54.380008 31936 runtime_context.cpp:29] DecreaseCounter constructing_actor_cnt, current val is 373
I1014 10:11:54.380131 31952 runtime_context.cpp:29] DecreaseCounter constructing_actor_cnt, current val is 372
I1014 10:11:54.381780 31951 runtime_context.cpp:29] DecreaseCounter constructing_actor_cnt, current val is 358
I1014 10:11:54.382210 31957 esac_actor.cpp:73] actor 1099614388321 switch to &EsacActor::HandlerNormal
I1014 10:11:54.380669 31953 runtime_context.cpp:29] DecreaseCounter constructing_actor_cnt, current val is 368
I1014 10:11:54.382750 31963 thread.cpp:96] Thread 1048577 construct Actor kCopyHd 2199025352707
I1014 10:11:54.382755 31948 runtime_context.cpp:29] DecreaseCounter constructing_actor_cnt, current val is 357
I1014 10:11:54.379355 31949 runtime_context.cpp:29] DecreaseCounter constructing_actor_cnt, current val is 375
I1014 10:11:54.383050 31939 runtime_context.cpp:29] DecreaseCounter constructing_actor_cnt, current val is 355
I1014 10:11:54.383119 31956 runtime_context.cpp:29] DecreaseCounter constructing_actor_cnt, current val is 354
I1014 10:11:54.381229 31961 thread.cpp:96] Thread 1048576 construct Actor kNormalForward 2199023255594
I1014 10:11:54.379668 31937 naive_actor.cpp:25] actor 1099515822080 switch to &NaiveActor::HandlerNormal
I1014 10:11:54.384407 31961 runtime_context.cpp:29] DecreaseCounter constructing_actor_cnt, current val is 350
I1014 10:11:54.384426 31937 thread.cpp:96] Thread 524290 construct Actor kNormalForward 1099515822080
I1014 10:11:54.383536 31938 thread.cpp:96] Thread 524291 construct Actor kNormalForward 1099517919232
I1014 10:11:54.383881 31957 thread.cpp:96] Thread 524337 construct Actor kEsac 1099614388321
I1014 10:11:54.384023 31963 runtime_context.cpp:29] DecreaseCounter constructing_actor_cnt, current val is 351
I1014 10:11:54.383533 31945 runtime_context.cpp:29] DecreaseCounter constructing_actor_cnt, current val is 352
I1014 10:11:54.384534 31937 runtime_context.cpp:29] DecreaseCounter constructing_actor_cnt, current val is 349
I1014 10:11:54.384591 31938 runtime_context.cpp:29] DecreaseCounter constructing_actor_cnt, current val is 348
I1014 10:11:54.384686 31957 runtime_context.cpp:29] DecreaseCounter constructing_actor_cnt, current val is 347
I1014 10:11:54.384747 31961 naive_actor.cpp:25] actor 2199023255581 switch to &NaiveActor::HandlerNormal
I1014 10:11:54.384759 31963 naive_actor.cpp:25] actor 2199025352704 switch to &NaiveActor::HandlerNormal
I1014 10:11:54.384892 31961 thread.cpp:96] Thread 1048576 construct Actor kNormalForward 2199023255581
I1014 10:11:54.384969 31963 thread.cpp:96] Thread 1048577 construct Actor kCopyHd 2199025352704
I1014 10:11:54.385046 31961 runtime_context.cpp:29] DecreaseCounter constructing_actor_cnt, current val is 346
I1014 10:11:54.385061 31963 runtime_context.cpp:29] DecreaseCounter constructing_actor_cnt, current val is 345
I1014 10:11:54.385183 31957 naive_actor.cpp:25] actor 1099614388231 switch to &NaiveActor::HandlerNormal
I1014 10:11:54.385212 31963 naive_actor.cpp:25] actor 2199025352705 switch to &NaiveActor::HandlerNormal
I1014 10:11:54.385278 31957 thread.cpp:96] Thread 524337 construct Actor kTick 1099614388231
I1014 10:11:54.385320 31963 thread.cpp:96] Thread 1048577 construct Actor kCopyHd 2199025352705
I1014 10:11:54.385388 31963 runtime_context.cpp:29] DecreaseCounter constructing_actor_cnt, current val is 344
I1014 10:11:54.385392 31957 runtime_context.cpp:29] DecreaseCounter constructing_actor_cnt, current val is 343
I1014 10:11:54.385423 31961 naive_actor.cpp:25] actor 2199023255588 switch to &NaiveActor::HandlerNormal
I1014 10:11:54.385510 31961 thread.cpp:96] Thread 1048576 construct Actor kNormalForward 2199023255588
I1014 10:11:54.385541 31963 naive_actor.cpp:25] actor 2199025352708 switch to &NaiveActor::HandlerNormal
I1014 10:11:54.385586 31961 runtime_context.cpp:29] DecreaseCounter constructing_actor_cnt, current val is 342
I1014 10:11:54.385587 31963 thread.cpp:96] Thread 1048577 construct Actor kCopyHd 2199025352708
I1014 10:11:54.385671 31963 runtime_context.cpp:29] DecreaseCounter constructing_actor_cnt, current val is 341
I1014 10:11:54.385788 31957 naive_actor.cpp:25] actor 1099614388224 switch to &NaiveActor::HandlerNormal
I1014 10:11:54.385795 31963 naive_actor.cpp:25] actor 2199025352709 switch to &NaiveActor::HandlerNormal
I1014 10:11:54.385845 31957 thread.cpp:96] Thread 524337 construct Actor kDeviceTick 1099614388224
I1014 10:11:54.385867 31963 thread.cpp:96] Thread 1048577 construct Actor kCopyHd 2199025352709
I1014 10:11:54.385939 31957 runtime_context.cpp:29] DecreaseCounter constructing_actor_cnt, current val is 340
I1014 10:11:54.385941 31963 runtime_context.cpp:29] DecreaseCounter constructing_actor_cnt, current val is 339
I1014 10:11:54.386116 31963 naive_actor.cpp:25] actor 2199025352710 switch to &NaiveActor::HandlerNormal
I1014 10:11:54.386162 31963 thread.cpp:96] Thread 1048577 construct Actor kCopyHd 2199025352710
I1014 10:11:54.386214 31963 runtime_context.cpp:29] DecreaseCounter constructing_actor_cnt, current val is 338
I1014 10:11:54.386287 31957 naive_actor.cpp:25] actor 1099614388230 switch to &NaiveActor::HandlerNormal
I1014 10:11:54.386322 31957 thread.cpp:96] Thread 524337 construct Actor kTick 1099614388230
I1014 10:11:54.386377 31957 runtime_context.cpp:29] DecreaseCounter constructing_actor_cnt, current val is 337
I1014 10:11:54.386428 31961 naive_actor.cpp:25] actor 2199023255580 switch to &NaiveActor::HandlerNormal
I1014 10:11:54.386478 31961 thread.cpp:96] Thread 1048576 construct Actor kNormalForward 2199023255580
I1014 10:11:54.386543 31961 runtime_context.cpp:29] DecreaseCounter constructing_actor_cnt, current val is 336
I1014 10:11:54.386701 31957 naive_actor.cpp:25] actor 1099614388238 switch to &NaiveActor::HandlerNormal
I1014 10:11:54.386754 31957 thread.cpp:96] Thread 524337 construct Actor kTick 1099614388238
I1014 10:11:54.386811 31957 runtime_context.cpp:29] DecreaseCounter constructing_actor_cnt, current val is 335
I1014 10:11:54.387112 31957 naive_actor.cpp:25] actor 1099614388320 switch to &NaiveActor::HandlerNormal
I1014 10:11:54.387161 31957 thread.cpp:96] Thread 524337 construct Actor kTick 1099614388320
I1014 10:11:54.387218 31957 runtime_context.cpp:29] DecreaseCounter constructing_actor_cnt, current val is 334
I1014 10:11:54.387428 31961 naive_actor.cpp:25] actor 2199023255630 switch to &NaiveActor::HandlerNormal
I1014 10:11:54.387485 31961 thread.cpp:96] Thread 1048576 construct Actor kNormalForward 2199023255630
I1014 10:11:54.387517 31957 naive_actor.cpp:25] actor 1099614388228 switch to &NaiveActor::HandlerNormal
I1014 10:11:54.387653 31957 thread.cpp:96] Thread 524337 construct Actor kTick 1099614388228
I1014 10:11:54.387681 31961 runtime_context.cpp:29] DecreaseCounter constructing_actor_cnt, current val is 333
I1014 10:11:54.387728 31957 runtime_context.cpp:29] DecreaseCounter constructing_actor_cnt, current val is 332
I1014 10:11:54.388025 31957 naive_actor.cpp:25] actor 1099614388234 switch to &NaiveActor::HandlerNormal
I1014 10:11:54.388077 31957 thread.cpp:96] Thread 524337 construct Actor kSrcSubsetTick 1099614388234
I1014 10:11:54.388144 31957 runtime_context.cpp:29] DecreaseCounter constructing_actor_cnt, current val is 331
I1014 10:11:54.388495 31957 naive_actor.cpp:25] actor 1099614388229 switch to &NaiveActor::HandlerNormal
I1014 10:11:54.388547 31957 thread.cpp:96] Thread 524337 construct Actor kDstSubsetTick 1099614388229
I1014 10:11:54.388614 31961 naive_actor.cpp:25] actor 2199023255622 switch to &NaiveActor::HandlerNormal
I1014 10:11:54.388653 31957 runtime_context.cpp:29] DecreaseCounter constructing_actor_cnt, current val is 330
I1014 10:11:54.388664 31961 thread.cpp:96] Thread 1048576 construct Actor kNormalForward 2199023255622
I1014 10:11:54.388764 31961 runtime_context.cpp:29] DecreaseCounter constructing_actor_cnt, current val is 329
I1014 10:11:54.388963 31957 naive_actor.cpp:25] actor 1099614388239 switch to &NaiveActor::HandlerNormal
I1014 10:11:54.389010 31957 thread.cpp:96] Thread 524337 construct Actor kTick 1099614388239
I1014 10:11:54.389063 31957 runtime_context.cpp:29] DecreaseCounter constructing_actor_cnt, current val is 328
I1014 10:11:54.389354 31957 naive_actor.cpp:25] actor 1099614388225 switch to &NaiveActor::HandlerNormal
I1014 10:11:54.389400 31957 thread.cpp:96] Thread 524337 construct Actor kSrcSubsetTick 1099614388225
I1014 10:11:54.389461 31957 runtime_context.cpp:29] DecreaseCounter constructing_actor_cnt, current val is 327
I1014 10:11:54.389731 31961 naive_actor.cpp:25] actor 2199023255678 switch to &NaiveActor::HandlerNormal
I1014 10:11:54.389763 31957 naive_actor.cpp:25] actor 1099614388237 switch to &NaiveActor::HandlerNormal
I1014 10:11:54.389783 31961 thread.cpp:96] Thread 1048576 construct Actor kNormalForward 2199023255678
I1014 10:11:54.389811 31957 thread.cpp:96] Thread 524337 construct Actor kDstSubsetTick 1099614388237
I1014 10:11:54.389894 31957 runtime_context.cpp:29] DecreaseCounter constructing_actor_cnt, current val is 326
I1014 10:11:54.389895 31961 runtime_context.cpp:29] DecreaseCounter constructing_actor_cnt, current val is 325
I1014 10:11:54.390166 31957 naive_actor.cpp:25] actor 1099614388236 switch to &NaiveActor::HandlerNormal
I1014 10:11:54.390213 31957 thread.cpp:96] Thread 524337 construct Actor kTick 1099614388236
I1014 10:11:54.390265 31957 runtime_context.cpp:29] DecreaseCounter constructing_actor_cnt, current val is 324
I1014 10:11:54.390528 31957 naive_actor.cpp:25] actor 1099614388241 switch to &NaiveActor::HandlerNormal
I1014 10:11:54.390585 31957 thread.cpp:96] Thread 524337 construct Actor kDeviceTick 1099614388241
I1014 10:11:54.390640 31957 runtime_context.cpp:29] DecreaseCounter constructing_actor_cnt, current val is 323
I1014 10:11:54.390771 31961 naive_actor.cpp:25] actor 2199023255569 switch to &NaiveActor::HandlerNormal
I1014 10:11:54.390822 31961 thread.cpp:96] Thread 1048576 construct Actor kNormalForward 2199023255569
I1014 10:11:54.390887 31961 runtime_context.cpp:29] DecreaseCounter constructing_actor_cnt, current val is 322
I1014 10:11:54.390926 31957 naive_actor.cpp:25] actor 1099614388240 switch to &NaiveActor::HandlerNormal
I1014 10:11:54.390972 31957 thread.cpp:96] Thread 524337 construct Actor kTick 1099614388240
I1014 10:11:54.391024 31957 runtime_context.cpp:29] DecreaseCounter constructing_actor_cnt, current val is 321
I1014 10:11:54.391198 31961 naive_actor.cpp:25] actor 2199023255553 switch to &NaiveActor::HandlerNormal
I1014 10:11:54.391265 31961 thread.cpp:96] Thread 1048576 construct Actor kNormalForward 2199023255553
I1014 10:11:54.391337 31957 naive_actor.cpp:25] actor 1099614388245 switch to &NaiveActor::HandlerNormal
I1014 10:11:54.391371 31961 runtime_context.cpp:29] DecreaseCounter constructing_actor_cnt, current val is 320
I1014 10:11:54.391391 31957 thread.cpp:96] Thread 524337 construct Actor kTick 1099614388245
I1014 10:11:54.391472 31957 runtime_context.cpp:29] DecreaseCounter constructing_actor_cnt, current val is 319
I1014 10:11:54.391695 31961 naive_actor.cpp:25] actor 2199023255557 switch to &NaiveActor::HandlerNormal
I1014 10:11:54.391741 31961 thread.cpp:96] Thread 1048576 construct Actor kNormalForward 2199023255557
I1014 10:11:54.391788 31957 naive_actor.cpp:25] actor 1099614388242 switch to &NaiveActor::HandlerNormal
I1014 10:11:54.391796 31961 runtime_context.cpp:29] DecreaseCounter constructing_actor_cnt, current val is 318
I1014 10:11:54.391822 31957 thread.cpp:96] Thread 524337 construct Actor kSrcSubsetTick 1099614388242
I1014 10:11:54.391903 31957 runtime_context.cpp:29] DecreaseCounter constructing_actor_cnt, current val is 317
I1014 10:11:54.392098 31961 naive_actor.cpp:25] actor 2199023255561 switch to &NaiveActor::HandlerNormal
I1014 10:11:54.392146 31961 thread.cpp:96] Thread 1048576 construct Actor kNormalForward 2199023255561
I1014 10:11:54.392179 31957 naive_actor.cpp:25] actor 1099614388310 switch to &NaiveActor::HandlerNormal
I1014 10:11:54.392200 31961 runtime_context.cpp:29] DecreaseCounter constructing_actor_cnt, current val is 316
I1014 10:11:54.392216 31957 thread.cpp:96] Thread 524337 construct Actor kTick 1099614388310
I1014 10:11:54.392285 31957 runtime_context.cpp:29] DecreaseCounter constructing_actor_cnt, current val is 315
I1014 10:11:54.392639 31957 naive_actor.cpp:25] actor 1099614388246 switch to &NaiveActor::HandlerNormal
I1014 10:11:54.392688 31957 thread.cpp:96] Thread 524337 construct Actor kDstSubsetTick 1099614388246
I1014 10:11:54.392746 31957 runtime_context.cpp:29] DecreaseCounter constructing_actor_cnt, current val is 314
I1014 10:11:54.392930 31961 naive_actor.cpp:25] actor 2199023255570 switch to &NaiveActor::HandlerNormal
I1014 10:11:54.392979 31961 thread.cpp:96] Thread 1048576 construct Actor kNormalForward 2199023255570
I1014 10:11:54.393039 31961 runtime_context.cpp:29] DecreaseCounter constructing_actor_cnt, current val is 313
I1014 10:11:54.393049 31957 naive_actor.cpp:25] actor 1099614388248 switch to &NaiveActor::HandlerNormal
I1014 10:11:54.393098 31957 thread.cpp:96] Thread 524337 construct Actor kTick 1099614388248
I1014 10:11:54.393160 31957 runtime_context.cpp:29] DecreaseCounter constructing_actor_cnt, current val is 312
I1014 10:11:54.393347 31961 naive_actor.cpp:25] actor 2199023255568 switch to &NaiveActor::HandlerNormal
I1014 10:11:54.393393 31961 thread.cpp:96] Thread 1048576 construct Actor kNormalForward 2199023255568
I1014 10:11:54.393453 31961 runtime_context.cpp:29] DecreaseCounter constructing_actor_cnt, current val is 311
I1014 10:11:54.393455 31957 naive_actor.cpp:25] actor 1099614388247 switch to &NaiveActor::HandlerNormal
I1014 10:11:54.393513 31957 thread.cpp:96] Thread 524337 construct Actor kTick 1099614388247
I1014 10:11:54.393586 31957 runtime_context.cpp:29] DecreaseCounter constructing_actor_cnt, current val is 310
I1014 10:11:54.393869 31957 naive_actor.cpp:25] actor 1099614388249 switch to &NaiveActor::HandlerNormal
I1014 10:11:54.393918 31957 thread.cpp:96] Thread 524337 construct Actor kTick 1099614388249
I1014 10:11:54.393980 31957 runtime_context.cpp:29] DecreaseCounter constructing_actor_cnt, current val is 309
I1014 10:11:54.394261 31957 naive_actor.cpp:25] actor 1099614388254 switch to &NaiveActor::HandlerNormal
I1014 10:11:54.394309 31957 thread.cpp:96] Thread 524337 construct Actor kTick 1099614388254
I1014 10:11:54.394361 31957 runtime_context.cpp:29] DecreaseCounter constructing_actor_cnt, current val is 308
I1014 10:11:54.394418 31961 naive_actor.cpp:25] actor 2199023255612 switch to &NaiveActor::HandlerNormal
I1014 10:11:54.394464 31961 thread.cpp:96] Thread 1048576 construct Actor kNormalForward 2199023255612
I1014 10:11:54.394641 31961 runtime_context.cpp:29] DecreaseCounter constructing_actor_cnt, current val is 307
I1014 10:11:54.394685 31957 naive_actor.cpp:25] actor 1099614388256 switch to &NaiveActor::HandlerNormal
I1014 10:11:54.394727 31957 thread.cpp:96] Thread 524337 construct Actor kTick 1099614388256
I1014 10:11:54.394779 31957 runtime_context.cpp:29] DecreaseCounter constructing_actor_cnt, current val is 306
I1014 10:11:54.395067 31957 naive_actor.cpp:25] actor 1099614388318 switch to &NaiveActor::HandlerNormal
I1014 10:11:54.395115 31957 thread.cpp:96] Thread 524337 construct Actor kTick 1099614388318
I1014 10:11:54.395167 31957 runtime_context.cpp:29] DecreaseCounter constructing_actor_cnt, current val is 305
I1014 10:11:54.395452 31957 naive_actor.cpp:25] actor 1099614388251 switch to &NaiveActor::HandlerNormal
I1014 10:11:54.395479 31961 naive_actor.cpp:25] actor 2199023255559 switch to &NaiveActor::HandlerNormal
I1014 10:11:54.395499 31957 thread.cpp:96] Thread 524337 construct Actor kSrcSubsetTick 1099614388251
I1014 10:11:54.395529 31961 thread.cpp:96] Thread 1048576 construct Actor kNormalForward 2199023255559
I1014 10:11:54.395592 31957 runtime_context.cpp:29] DecreaseCounter constructing_actor_cnt, current val is 304
I1014 10:11:54.395617 31961 runtime_context.cpp:29] DecreaseCounter constructing_actor_cnt, current val is 303
I1014 10:11:54.395861 31957 naive_actor.cpp:25] actor 1099614388250 switch to &NaiveActor::HandlerNormal
I1014 10:11:54.395907 31961 naive_actor.cpp:25] actor 2199023255576 switch to &NaiveActor::HandlerNormal
I1014 10:11:54.395908 31957 thread.cpp:96] Thread 524337 construct Actor kDeviceTick 1099614388250
I1014 10:11:54.395946 31961 thread.cpp:96] Thread 1048576 construct Actor kNormalForward 2199023255576
I1014 10:11:54.396001 31957 runtime_context.cpp:29] DecreaseCounter constructing_actor_cnt, current val is 302
I1014 10:11:54.396020 31961 runtime_context.cpp:29] DecreaseCounter constructing_actor_cnt, current val is 301
I1014 10:11:54.396287 31957 naive_actor.cpp:25] actor 1099614388257 switch to &NaiveActor::HandlerNormal
I1014 10:11:54.396304 31961 naive_actor.cpp:25] actor 2199023255573 switch to &NaiveActor::HandlerNormal
I1014 10:11:54.396339 31957 thread.cpp:96] Thread 524337 construct Actor kTick 1099614388257
I1014 10:11:54.396365 31961 thread.cpp:96] Thread 1048576 construct Actor kNormalForward 2199023255573
I1014 10:11:54.396418 31957 runtime_context.cpp:29] DecreaseCounter constructing_actor_cnt, current val is 300
I1014 10:11:54.396436 31961 runtime_context.cpp:29] DecreaseCounter constructing_actor_cnt, current val is 299
I1014 10:11:54.396776 31957 naive_actor.cpp:25] actor 1099614388255 switch to &NaiveActor::HandlerNormal
I1014 10:11:54.396826 31957 thread.cpp:96] Thread 524337 construct Actor kDstSubsetTick 1099614388255
I1014 10:11:54.396893 31957 runtime_context.cpp:29] DecreaseCounter constructing_actor_cnt, current val is 298
I1014 10:11:54.397182 31957 naive_actor.cpp:25] actor 1099614388258 switch to &NaiveActor::HandlerNormal
I1014 10:11:54.397229 31957 thread.cpp:96] Thread 524337 construct Actor kTick 1099614388258
I1014 10:11:54.397258 31961 naive_actor.cpp:25] actor 2199023255574 switch to &NaiveActor::HandlerNormal
I1014 10:11:54.397281 31957 runtime_context.cpp:29] DecreaseCounter constructing_actor_cnt, current val is 297
I1014 10:11:54.397297 31961 thread.cpp:96] Thread 1048576 construct Actor kNormalForward 2199023255574
I1014 10:11:54.397390 31961 runtime_context.cpp:29] DecreaseCounter constructing_actor_cnt, current val is 296
I1014 10:11:54.397588 31957 naive_actor.cpp:25] actor 1099614388263 switch to &NaiveActor::HandlerNormal
I1014 10:11:54.397634 31957 thread.cpp:96] Thread 524337 construct Actor kTick 1099614388263
I1014 10:11:54.397696 31957 runtime_context.cpp:29] DecreaseCounter constructing_actor_cnt, current val is 295
I1014 10:11:54.397971 31957 naive_actor.cpp:25] actor 1099614388260 switch to &NaiveActor::HandlerNormal
I1014 10:11:54.398020 31957 thread.cpp:96] Thread 524337 construct Actor kSrcSubsetTick 1099614388260
I1014 10:11:54.398088 31961 naive_actor.cpp:25] actor 2199023255585 switch to &NaiveActor::HandlerNormal
I1014 10:11:54.398114 31957 runtime_context.cpp:29] DecreaseCounter constructing_actor_cnt, current val is 294
I1014 10:11:54.398145 31961 thread.cpp:96] Thread 1048576 construct Actor kNormalForward 2199023255585
I1014 10:11:54.398224 31961 runtime_context.cpp:29] DecreaseCounter constructing_actor_cnt, current val is 293
I1014 10:11:54.398435 31957 naive_actor.cpp:25] actor 1099614388259 switch to &NaiveActor::HandlerNormal
I1014 10:11:54.398483 31957 thread.cpp:96] Thread 524337 construct Actor kDeviceTick 1099614388259
I1014 10:11:54.398526 31961 naive_actor.cpp:25] actor 2199023255593 switch to &NaiveActor::HandlerNormal
I1014 10:11:54.398535 31957 runtime_context.cpp:29] DecreaseCounter constructing_actor_cnt, current val is 292
I1014 10:11:54.398563 31961 thread.cpp:96] Thread 1048576 construct Actor kNormalForward 2199023255593
I1014 10:11:54.398650 31961 runtime_context.cpp:29] DecreaseCounter constructing_actor_cnt, current val is 291
I1014 10:11:54.398862 31957 naive_actor.cpp:25] actor 1099614388265 switch to &NaiveActor::HandlerNormal
I1014 10:11:54.398916 31957 thread.cpp:96] Thread 524337 construct Actor kTick 1099614388265
I1014 10:11:54.398969 31957 runtime_context.cpp:29] DecreaseCounter constructing_actor_cnt, current val is 290
I1014 10:11:54.399295 31957 naive_actor.cpp:25] actor 1099614388264 switch to &NaiveActor::HandlerNormal
I1014 10:11:54.399343 31957 thread.cpp:96] Thread 524337 construct Actor kDstSubsetTick 1099614388264
I1014 10:11:54.399396 31957 runtime_context.cpp:29] DecreaseCounter constructing_actor_cnt, current val is 289
I1014 10:11:54.399515 31961 naive_actor.cpp:25] actor 2199023255554 switch to &NaiveActor::HandlerNormal
I1014 10:11:54.399560 31961 thread.cpp:96] Thread 1048576 construct Actor kNormalForward 2199023255554
I1014 10:11:54.399643 31961 runtime_context.cpp:29] DecreaseCounter constructing_actor_cnt, current val is 288
I1014 10:11:54.399694 31957 naive_actor.cpp:25] actor 1099614388266 switch to &NaiveActor::HandlerNormal
I1014 10:11:54.399739 31957 thread.cpp:96] Thread 524337 construct Actor kTick 1099614388266
I1014 10:11:54.399787 31957 runtime_context.cpp:29] DecreaseCounter constructing_actor_cnt, current val is 287
I1014 10:11:54.400043 31957 naive_actor.cpp:25] actor 1099614388271 switch to &NaiveActor::HandlerNormal
I1014 10:11:54.400086 31957 thread.cpp:96] Thread 524337 construct Actor kTick 1099614388271
I1014 10:11:54.400143 31957 runtime_context.cpp:29] DecreaseCounter constructing_actor_cnt, current val is 286
I1014 10:11:54.400302 31961 naive_actor.cpp:25] actor 2199023255565 switch to &NaiveActor::HandlerNormal
I1014 10:11:54.400352 31961 thread.cpp:96] Thread 1048576 construct Actor kNormalForward 2199023255565
I1014 10:11:54.400400 31957 naive_actor.cpp:25] actor 1099614388267 switch to &NaiveActor::HandlerNormal
I1014 10:11:54.400408 31961 runtime_context.cpp:29] DecreaseCounter constructing_actor_cnt, current val is 285
I1014 10:11:54.400434 31957 thread.cpp:96] Thread 524337 construct Actor kDeviceTick 1099614388267
I1014 10:11:54.400498 31957 runtime_context.cpp:29] DecreaseCounter constructing_actor_cnt, current val is 284
I1014 10:11:54.400713 31961 naive_actor.cpp:25] actor 2199023255591 switch to &NaiveActor::HandlerNormal
I1014 10:11:54.400759 31961 thread.cpp:96] Thread 1048576 construct Actor kNormalForward 2199023255591
I1014 10:11:54.400789 31957 naive_actor.cpp:25] actor 1099614388282 switch to &NaiveActor::HandlerNormal
I1014 10:11:54.400811 31961 runtime_context.cpp:29] DecreaseCounter constructing_actor_cnt, current val is 283
I1014 10:11:54.400818 31957 thread.cpp:96] Thread 524337 construct Actor kTick 1099614388282
I1014 10:11:54.400883 31957 runtime_context.cpp:29] DecreaseCounter constructing_actor_cnt, current val is 282
I1014 10:11:54.401146 31957 naive_actor.cpp:25] actor 1099614388281 switch to &NaiveActor::HandlerNormal
I1014 10:11:54.401191 31957 thread.cpp:96] Thread 524337 construct Actor kTick 1099614388281
I1014 10:11:54.401355 31957 runtime_context.cpp:29] DecreaseCounter constructing_actor_cnt, current val is 281
I1014 10:11:54.401629 31961 naive_actor.cpp:25] actor 2199023255607 switch to &NaiveActor::HandlerNormal
I1014 10:11:54.401652 31957 naive_actor.cpp:25] actor 1099614388268 switch to &NaiveActor::HandlerNormal
I1014 10:11:54.401679 31961 thread.cpp:96] Thread 1048576 construct Actor kNormalForward 2199023255607
I1014 10:11:54.401700 31957 thread.cpp:96] Thread 524337 construct Actor kSrcSubsetTick 1099614388268
I1014 10:11:54.401769 31961 runtime_context.cpp:29] DecreaseCounter constructing_actor_cnt, current val is 280
I1014 10:11:54.401770 31957 runtime_context.cpp:29] DecreaseCounter constructing_actor_cnt, current val is 279
I1014 10:11:54.402045 31957 naive_actor.cpp:25] actor 1099614388274 switch to &NaiveActor::HandlerNormal
I1014 10:11:54.402091 31957 thread.cpp:96] Thread 524337 construct Actor kTick 1099614388274
I1014 10:11:54.402148 31957 runtime_context.cpp:29] DecreaseCounter constructing_actor_cnt, current val is 278
I1014 10:11:54.402420 31957 naive_actor.cpp:25] actor 1099614388273 switch to &NaiveActor::HandlerNormal
I1014 10:11:54.402464 31957 thread.cpp:96] Thread 524337 construct Actor kTick 1099614388273
I1014 10:11:54.402513 31957 runtime_context.cpp:29] DecreaseCounter constructing_actor_cnt, current val is 277
I1014 10:11:54.402550 31961 naive_actor.cpp:25] actor 2199023255560 switch to &NaiveActor::HandlerNormal
I1014 10:11:54.402604 31961 thread.cpp:96] Thread 1048576 construct Actor kNormalForward 2199023255560
I1014 10:11:54.402666 31961 runtime_context.cpp:29] DecreaseCounter constructing_actor_cnt, current val is 276
I1014 10:11:54.402809 31957 naive_actor.cpp:25] actor 1099614388275 switch to &NaiveActor::HandlerNormal
I1014 10:11:54.402854 31957 thread.cpp:96] Thread 524337 construct Actor kTick 1099614388275
I1014 10:11:54.402904 31957 runtime_context.cpp:29] DecreaseCounter constructing_actor_cnt, current val is 275
I1014 10:11:54.403177 31957 naive_actor.cpp:25] actor 1099614388319 switch to &NaiveActor::HandlerNormal
I1014 10:11:54.403221 31957 thread.cpp:96] Thread 524337 construct Actor kTick 1099614388319
I1014 10:11:54.403275 31957 runtime_context.cpp:29] DecreaseCounter constructing_actor_cnt, current val is 274
I1014 10:11:54.403383 31961 naive_actor.cpp:25] actor 2199023255592 switch to &NaiveActor::HandlerNormal
I1014 10:11:54.403429 31961 thread.cpp:96] Thread 1048576 construct Actor kNormalForward 2199023255592
I1014 10:11:54.403498 31961 runtime_context.cpp:29] DecreaseCounter constructing_actor_cnt, current val is 273
I1014 10:11:54.403551 31957 naive_actor.cpp:25] actor 1099614388277 switch to &NaiveActor::HandlerNormal
I1014 10:11:54.403604 31957 thread.cpp:96] Thread 524337 construct Actor kSrcSubsetTick 1099614388277
I1014 10:11:54.403663 31957 runtime_context.cpp:29] DecreaseCounter constructing_actor_cnt, current val is 272
I1014 10:11:54.403954 31957 naive_actor.cpp:25] actor 1099614388272 switch to &NaiveActor::HandlerNormal
I1014 10:11:54.404001 31957 thread.cpp:96] Thread 524337 construct Actor kDstSubsetTick 1099614388272
I1014 10:11:54.404062 31957 runtime_context.cpp:29] DecreaseCounter constructing_actor_cnt, current val is 271
I1014 10:11:54.404282 31961 naive_actor.cpp:25] actor 2199023255587 switch to &NaiveActor::HandlerNormal
I1014 10:11:54.404330 31961 thread.cpp:96] Thread 1048576 construct Actor kNormalForward 2199023255587
I1014 10:11:54.404402 31961 runtime_context.cpp:29] DecreaseCounter constructing_actor_cnt, current val is 270
I1014 10:11:54.404541 31957 esac_actor.cpp:73] actor 1099614388313 switch to &EsacActor::HandlerNormal
I1014 10:11:54.404594 31957 thread.cpp:96] Thread 524337 construct Actor kEsac 1099614388313
I1014 10:11:54.404670 31957 runtime_context.cpp:29] DecreaseCounter constructing_actor_cnt, current val is 269
I1014 10:11:54.404716 31961 naive_actor.cpp:25] actor 2199023255578 switch to &NaiveActor::HandlerNormal
I1014 10:11:54.404757 31961 thread.cpp:96] Thread 1048576 construct Actor kNormalForward 2199023255578
I1014 10:11:54.404857 31961 runtime_context.cpp:29] DecreaseCounter constructing_actor_cnt, current val is 268
I1014 10:11:54.405005 31957 naive_actor.cpp:25] actor 1099614388280 switch to &NaiveActor::HandlerNormal
I1014 10:11:54.405050 31957 thread.cpp:96] Thread 524337 construct Actor kDstSubsetTick 1099614388280
I1014 10:11:54.405104 31957 runtime_context.cpp:29] DecreaseCounter constructing_actor_cnt, current val is 267
I1014 10:11:54.405365 31957 naive_actor.cpp:25] actor 1099614388279 switch to &NaiveActor::HandlerNormal
I1014 10:11:54.405411 31957 thread.cpp:96] Thread 524337 construct Actor kTick 1099614388279
I1014 10:11:54.405458 31957 runtime_context.cpp:29] DecreaseCounter constructing_actor_cnt, current val is 266
I1014 10:11:54.405660 31961 naive_actor.cpp:25] actor 2199023255572 switch to &NaiveActor::HandlerNormal
I1014 10:11:54.405707 31961 thread.cpp:96] Thread 1048576 construct Actor kNormalForward 2199023255572
I1014 10:11:54.405741 31957 naive_actor.cpp:25] actor 1099614388286 switch to &NaiveActor::HandlerNormal
I1014 10:11:54.405766 31961 runtime_context.cpp:29] DecreaseCounter constructing_actor_cnt, current val is 265
I1014 10:11:54.405771 31957 thread.cpp:96] Thread 524337 construct Actor kTick 1099614388286
I1014 10:11:54.405838 31957 runtime_context.cpp:29] DecreaseCounter constructing_actor_cnt, current val is 264
I1014 10:11:54.406096 31957 naive_actor.cpp:25] actor 1099614388298 switch to &NaiveActor::HandlerNormal
I1014 10:11:54.406141 31957 thread.cpp:96] Thread 524337 construct Actor kTick 1099614388298
I1014 10:11:54.406189 31957 runtime_context.cpp:29] DecreaseCounter constructing_actor_cnt, current val is 263
I1014 10:11:54.406459 31957 naive_actor.cpp:25] actor 1099614388292 switch to &NaiveActor::HandlerNormal
I1014 10:11:54.406504 31957 thread.cpp:96] Thread 524337 construct Actor kTick 1099614388292
I1014 10:11:54.406515 31961 naive_actor.cpp:25] actor 2199023255589 switch to &NaiveActor::HandlerNormal
I1014 10:11:54.406554 31961 thread.cpp:96] Thread 1048576 construct Actor kNormalForward 2199023255589
I1014 10:11:54.406561 31957 runtime_context.cpp:29] DecreaseCounter constructing_actor_cnt, current val is 262
I1014 10:11:54.406625 31961 runtime_context.cpp:29] DecreaseCounter constructing_actor_cnt, current val is 261
I1014 10:11:54.406852 31957 naive_actor.cpp:25] actor 1099614388287 switch to &NaiveActor::HandlerNormal
I1014 10:11:54.406894 31957 thread.cpp:96] Thread 524337 construct Actor kTick 1099614388287
I1014 10:11:54.406944 31957 runtime_context.cpp:29] DecreaseCounter constructing_actor_cnt, current val is 260
I1014 10:11:54.407199 31957 naive_actor.cpp:25] actor 1099614388299 switch to &NaiveActor::HandlerNormal
I1014 10:11:54.407244 31957 thread.cpp:96] Thread 524337 construct Actor kTick 1099614388299
I1014 10:11:54.407294 31957 runtime_context.cpp:29] DecreaseCounter constructing_actor_cnt, current val is 259
I1014 10:11:54.407409 31961 naive_actor.cpp:25] actor 2199023255567 switch to &NaiveActor::HandlerNormal
I1014 10:11:54.407457 31961 thread.cpp:96] Thread 1048576 construct Actor kNormalForward 2199023255567
I1014 10:11:54.407526 31961 runtime_context.cpp:29] DecreaseCounter constructing_actor_cnt, current val is 258
I1014 10:11:54.407548 31957 naive_actor.cpp:25] actor 1099614388285 switch to &NaiveActor::HandlerNormal
I1014 10:11:54.407588 31957 thread.cpp:96] Thread 524337 construct Actor kTick 1099614388285
I1014 10:11:54.407649 31957 runtime_context.cpp:29] DecreaseCounter constructing_actor_cnt, current val is 257
I1014 10:11:54.407912 31957 naive_actor.cpp:25] actor 1099614388289 switch to &NaiveActor::HandlerNormal
I1014 10:11:54.407956 31957 thread.cpp:96] Thread 524337 construct Actor kTick 1099614388289
I1014 10:11:54.408004 31957 runtime_context.cpp:29] DecreaseCounter constructing_actor_cnt, current val is 256
I1014 10:11:54.408265 31957 naive_actor.cpp:25] actor 1099614388291 switch to &NaiveActor::HandlerNormal
I1014 10:11:54.408310 31957 thread.cpp:96] Thread 524337 construct Actor kTick 1099614388291
I1014 10:11:54.408320 31961 naive_actor.cpp:25] actor 2199023255577 switch to &NaiveActor::HandlerNormal
I1014 10:11:54.408457 31961 thread.cpp:96] Thread 1048576 construct Actor kNormalForward 2199023255577
I1014 10:11:54.408461 31957 runtime_context.cpp:29] DecreaseCounter constructing_actor_cnt, current val is 255
I1014 10:11:54.408522 31961 runtime_context.cpp:29] DecreaseCounter constructing_actor_cnt, current val is 254
I1014 10:11:54.408758 31957 naive_actor.cpp:25] actor 1099614388290 switch to &NaiveActor::HandlerNormal
I1014 10:11:54.408803 31957 thread.cpp:96] Thread 524337 construct Actor kTick 1099614388290
I1014 10:11:54.408852 31957 runtime_context.cpp:29] DecreaseCounter constructing_actor_cnt, current val is 253
