I1012 16:43:47.248607 25828 naive_actor.cpp:25] actor 2199023255568 switch to &NaiveActor::HandlerNormal
I1012 16:43:47.248628 25837 runtime_context.cpp:29] DecreaseCounter constructing_actor_cnt, current val is 665
I1012 16:43:47.248663 25828 thread.cpp:96] Thread 1048576 construct Actor kNormalForward 2199023255568
I1012 16:43:47.248787 25828 runtime_context.cpp:29] DecreaseCounter constructing_actor_cnt, current val is 664
I1012 16:43:47.248824 25806 naive_actor.cpp:25] actor 1099614388249 switch to &NaiveActor::HandlerNormal
I1012 16:43:47.248934 25806 thread.cpp:96] Thread 524337 construct Actor kDeviceTick 1099614388249
I1012 16:43:47.249017 25806 runtime_context.cpp:29] DecreaseCounter constructing_actor_cnt, current val is 663
I1012 16:43:47.249441 25806 naive_actor.cpp:25] actor 1099614388255 switch to &NaiveActor::HandlerNormal
I1012 16:43:47.249505 25806 thread.cpp:96] Thread 524337 construct Actor kTick 1099614388255
I1012 16:43:47.249594 25806 runtime_context.cpp:29] DecreaseCounter constructing_actor_cnt, current val is 662
I1012 16:43:47.249869 25828 naive_actor.cpp:25] actor 2199023255592 switch to &NaiveActor::HandlerNormal
I1012 16:43:47.249876 25837 naive_actor.cpp:25] actor 2207613190145 switch to &NaiveActor::HandlerNormal
I1012 16:43:47.249933 25828 thread.cpp:96] Thread 1048576 construct Actor kNormalForward 2199023255592
I1012 16:43:47.249979 25837 thread.cpp:96] Thread 1052672 construct Actor kNormalForward 2207613190145
I1012 16:43:47.250074 25828 runtime_context.cpp:29] DecreaseCounter constructing_actor_cnt, current val is 661
I1012 16:43:47.250087 25837 runtime_context.cpp:29] DecreaseCounter constructing_actor_cnt, current val is 660
I1012 16:43:47.250191 25806 naive_actor.cpp:25] actor 1099614388250 switch to &NaiveActor::HandlerNormal
I1012 16:43:47.250291 25806 thread.cpp:96] Thread 524337 construct Actor kSrcSubsetTick 1099614388250
I1012 16:43:47.250371 25806 runtime_context.cpp:29] DecreaseCounter constructing_actor_cnt, current val is 659
I1012 16:43:47.250810 25806 naive_actor.cpp:25] actor 1099614388256 switch to &NaiveActor::HandlerNormal
I1012 16:43:47.250876 25806 thread.cpp:96] Thread 524337 construct Actor kTick 1099614388256
I1012 16:43:47.250962 25767 naive_actor.cpp:25] actor 1099511627776 switch to &NaiveActor::HandlerNormal
I1012 16:43:47.251013 25806 runtime_context.cpp:29] DecreaseCounter constructing_actor_cnt, current val is 658
I1012 16:43:47.251035 25828 naive_actor.cpp:25] actor 2199023255561 switch to &NaiveActor::HandlerNormal
I1012 16:43:47.251039 25767 thread.cpp:96] Thread 524288 construct Actor kNormalForward 1099511627776
I1012 16:43:47.251123 25828 thread.cpp:96] Thread 1048576 construct Actor kNormalForward 2199023255561
I1012 16:43:47.251240 25828 runtime_context.cpp:29] DecreaseCounter constructing_actor_cnt, current val is 657
I1012 16:43:47.251247 25767 runtime_context.cpp:29] DecreaseCounter constructing_actor_cnt, current val is 656
I1012 16:43:47.251468 25806 naive_actor.cpp:25] actor 1099614388306 switch to &NaiveActor::HandlerNormal
I1012 16:43:47.251503 25837 naive_actor.cpp:25] actor 2207613190152 switch to &NaiveActor::HandlerNormal
I1012 16:43:47.251533 25806 thread.cpp:96] Thread 524337 construct Actor kTick 1099614388306
I1012 16:43:47.251579 25837 thread.cpp:96] Thread 1052672 construct Actor kNormalForward 2207613190152
I1012 16:43:47.251705 25806 runtime_context.cpp:29] DecreaseCounter constructing_actor_cnt, current val is 655
I1012 16:43:47.251785 25837 runtime_context.cpp:29] DecreaseCounter constructing_actor_cnt, current val is 654
I1012 16:43:47.252135 25806 naive_actor.cpp:25] actor 1099614388253 switch to &NaiveActor::HandlerNormal
I1012 16:43:47.252204 25806 thread.cpp:96] Thread 524337 construct Actor kTick 1099614388253
I1012 16:43:47.252293 25806 runtime_context.cpp:29] DecreaseCounter constructing_actor_cnt, current val is 653
I1012 16:43:47.252321 25828 naive_actor.cpp:25] actor 2199023255562 switch to &NaiveActor::HandlerNormal
I1012 16:43:47.252372 25828 thread.cpp:96] Thread 1048576 construct Actor kNormalForward 2199023255562
I1012 16:43:47.252419 25770 naive_actor.cpp:25] actor 1099517919232 switch to &NaiveActor::HandlerNormal
I1012 16:43:47.252465 25828 runtime_context.cpp:29] DecreaseCounter constructing_actor_cnt, current val is 652
I1012 16:43:47.252486 25770 thread.cpp:96] Thread 524291 construct Actor kNormalForward 1099517919232
I1012 16:43:47.252640 25770 runtime_context.cpp:29] DecreaseCounter constructing_actor_cnt, current val is 651
I1012 16:43:47.252684 25769 naive_actor.cpp:25] actor 1099515822080 switch to &NaiveActor::HandlerNormal
I1012 16:43:47.252743 25769 thread.cpp:96] Thread 524290 construct Actor kNormalForward 1099515822080
I1012 16:43:47.252813 25769 runtime_context.cpp:29] DecreaseCounter constructing_actor_cnt, current val is 650
I1012 16:43:47.252985 25837 naive_actor.cpp:25] actor 2207613190154 switch to &NaiveActor::HandlerNormal
I1012 16:43:47.253042 25837 thread.cpp:96] Thread 1052672 construct Actor kNormalForward 2207613190154
I1012 16:43:47.253151 25837 runtime_context.cpp:29] DecreaseCounter constructing_actor_cnt, current val is 649
I1012 16:43:47.253310 25806 esac_actor.cpp:73] actor 1099614388326 switch to &EsacActor::HandlerNormal
I1012 16:43:47.253365 25806 thread.cpp:96] Thread 524337 construct Actor kEsac 1099614388326
I1012 16:43:47.253479 25806 runtime_context.cpp:29] DecreaseCounter constructing_actor_cnt, current val is 648
I1012 16:43:47.253650 25837 naive_actor.cpp:25] actor 2207613190178 switch to &NaiveActor::HandlerNormal
I1012 16:43:47.253679 25828 naive_actor.cpp:25] actor 2199023255569 switch to &NaiveActor::HandlerNormal
I1012 16:43:47.253710 25837 thread.cpp:96] Thread 1052672 construct Actor kNormalForward 2207613190178
I1012 16:43:47.253751 25828 thread.cpp:96] Thread 1048576 construct Actor kNormalForward 2199023255569
I1012 16:43:47.253815 25768 naive_actor.cpp:25] actor 1099513724928 switch to &NaiveActor::HandlerNormal
I1012 16:43:47.253841 25837 runtime_context.cpp:29] DecreaseCounter constructing_actor_cnt, current val is 647
I1012 16:43:47.253866 25828 runtime_context.cpp:29] DecreaseCounter constructing_actor_cnt, current val is 646
I1012 16:43:47.253888 25768 thread.cpp:96] Thread 524289 construct Actor kNormalForward 1099513724928
I1012 16:43:47.254004 25806 naive_actor.cpp:25] actor 1099614388263 switch to &NaiveActor::HandlerNormal
I1012 16:43:47.254057 25806 thread.cpp:96] Thread 524337 construct Actor kDstSubsetTick 1099614388263
I1012 16:43:47.254065 25768 runtime_context.cpp:29] DecreaseCounter constructing_actor_cnt, current val is 645
I1012 16:43:47.254149 25806 runtime_context.cpp:29] DecreaseCounter constructing_actor_cnt, current val is 644
I1012 16:43:47.254269 25828 naive_actor.cpp:25] actor 2199023255593 switch to &NaiveActor::HandlerNormal
I1012 16:43:47.254312 25828 thread.cpp:96] Thread 1048576 construct Actor kNormalForward 2199023255593
I1012 16:43:47.254374 25828 runtime_context.cpp:29] DecreaseCounter constructing_actor_cnt, current val is 643
I1012 16:43:47.254541 25806 naive_actor.cpp:25] actor 1099614388257 switch to &NaiveActor::HandlerNormal
I1012 16:43:47.254598 25806 thread.cpp:96] Thread 524337 construct Actor kTick 1099614388257
I1012 16:43:47.254673 25806 runtime_context.cpp:29] DecreaseCounter constructing_actor_cnt, current val is 642
I1012 16:43:47.255134 25806 naive_actor.cpp:25] actor 1099614388258 switch to &NaiveActor::HandlerNormal
I1012 16:43:47.255205 25806 thread.cpp:96] Thread 524337 construct Actor kDeviceTick 1099614388258
I1012 16:43:47.255281 25806 runtime_context.cpp:29] DecreaseCounter constructing_actor_cnt, current val is 641
I1012 16:43:47.255302 25828 naive_actor.cpp:25] actor 2199023255566 switch to &NaiveActor::HandlerNormal
I1012 16:43:47.255371 25828 thread.cpp:96] Thread 1048576 construct Actor kNormalForward 2199023255566
I1012 16:43:47.255455 25828 runtime_context.cpp:29] DecreaseCounter constructing_actor_cnt, current val is 640
I1012 16:43:47.255502 25837 naive_actor.cpp:25] actor 2207613190202 switch to &NaiveActor::HandlerNormal
I1012 16:43:47.255554 25837 thread.cpp:96] Thread 1052672 construct Actor kNormalForward 2207613190202
I1012 16:43:47.255635 25837 runtime_context.cpp:29] DecreaseCounter constructing_actor_cnt, current val is 639
I1012 16:43:47.255647 25806 naive_actor.cpp:25] actor 1099614388259 switch to &NaiveActor::HandlerNormal
I1012 16:43:47.255728 25806 thread.cpp:96] Thread 524337 construct Actor kSrcSubsetTick 1099614388259
I1012 16:43:47.255807 25806 runtime_context.cpp:29] DecreaseCounter constructing_actor_cnt, current val is 638
I1012 16:43:47.256178 25806 naive_actor.cpp:25] actor 1099614388262 switch to &NaiveActor::HandlerNormal
I1012 16:43:47.256230 25806 thread.cpp:96] Thread 524337 construct Actor kTick 1099614388262
I1012 16:43:47.256304 25806 runtime_context.cpp:29] DecreaseCounter constructing_actor_cnt, current val is 637
I1012 16:43:47.256440 25828 naive_actor.cpp:25] actor 2199023255574 switch to &NaiveActor::HandlerNormal
I1012 16:43:47.256484 25828 thread.cpp:96] Thread 1048576 construct Actor kNormalForward 2199023255574
I1012 16:43:47.256536 25828 runtime_context.cpp:29] DecreaseCounter constructing_actor_cnt, current val is 636
I1012 16:43:47.256707 25806 naive_actor.cpp:25] actor 1099614388265 switch to &NaiveActor::HandlerNormal
I1012 16:43:47.256764 25806 thread.cpp:96] Thread 524337 construct Actor kTick 1099614388265
I1012 16:43:47.256834 25806 runtime_context.cpp:29] DecreaseCounter constructing_actor_cnt, current val is 635
I1012 16:43:47.256844 25828 naive_actor.cpp:25] actor 2199023255598 switch to &NaiveActor::HandlerNormal
I1012 16:43:47.256947 25828 thread.cpp:96] Thread 1048576 construct Actor kNormalForward 2199023255598
I1012 16:43:47.256974 25837 naive_actor.cpp:25] actor 2207613190172 switch to &NaiveActor::HandlerNormal
I1012 16:43:47.257017 25828 runtime_context.cpp:29] DecreaseCounter constructing_actor_cnt, current val is 634
I1012 16:43:47.257035 25837 thread.cpp:96] Thread 1052672 construct Actor kNormalForward 2207613190172
I1012 16:43:47.257148 25837 runtime_context.cpp:29] DecreaseCounter constructing_actor_cnt, current val is 633
I1012 16:43:47.257256 25806 naive_actor.cpp:25] actor 1099614388264 switch to &NaiveActor::HandlerNormal
I1012 16:43:47.257314 25806 thread.cpp:96] Thread 524337 construct Actor kTick 1099614388264
I1012 16:43:47.257395 25806 runtime_context.cpp:29] DecreaseCounter constructing_actor_cnt, current val is 632
I1012 16:43:47.257766 25806 naive_actor.cpp:25] actor 1099614388273 switch to &NaiveActor::HandlerNormal
I1012 16:43:47.257817 25806 thread.cpp:96] Thread 524337 construct Actor kTick 1099614388273
I1012 16:43:47.257877 25828 naive_actor.cpp:25] actor 2199023255581 switch to &NaiveActor::HandlerNormal
I1012 16:43:47.257899 25806 runtime_context.cpp:29] DecreaseCounter constructing_actor_cnt, current val is 631
I1012 16:43:47.257918 25828 thread.cpp:96] Thread 1048576 construct Actor kNormalForward 2199023255581
I1012 16:43:47.258023 25828 runtime_context.cpp:29] DecreaseCounter constructing_actor_cnt, current val is 630
I1012 16:43:47.258309 25828 naive_actor.cpp:25] actor 2199023255570 switch to &NaiveActor::HandlerNormal
I1012 16:43:47.258311 25806 naive_actor.cpp:25] actor 1099614388266 switch to &NaiveActor::HandlerNormal
I1012 16:43:47.258353 25828 thread.cpp:96] Thread 1048576 construct Actor kNormalForward 2199023255570
I1012 16:43:47.258458 25806 thread.cpp:96] Thread 524337 construct Actor kTick 1099614388266
I1012 16:43:47.258545 25828 runtime_context.cpp:29] DecreaseCounter constructing_actor_cnt, current val is 629
I1012 16:43:47.258610 25837 naive_actor.cpp:25] actor 2207613190163 switch to &NaiveActor::HandlerNormal
I1012 16:43:47.258643 25806 runtime_context.cpp:29] DecreaseCounter constructing_actor_cnt, current val is 628
I1012 16:43:47.258679 25837 thread.cpp:96] Thread 1052672 construct Actor kNormalForward 2207613190163
I1012 16:43:47.258828 25837 runtime_context.cpp:29] DecreaseCounter constructing_actor_cnt, current val is 627
I1012 16:43:47.259215 25806 naive_actor.cpp:25] actor 1099614388268 switch to &NaiveActor::HandlerNormal
I1012 16:43:47.259274 25806 thread.cpp:96] Thread 524337 construct Actor kSrcSubsetTick 1099614388268
I1012 16:43:47.259351 25806 runtime_context.cpp:29] DecreaseCounter constructing_actor_cnt, current val is 626
I1012 16:43:47.259572 25828 naive_actor.cpp:25] actor 2199023255583 switch to &NaiveActor::HandlerNormal
I1012 16:43:47.259615 25828 thread.cpp:96] Thread 1048576 construct Actor kNormalForward 2199023255583
I1012 16:43:47.259682 25828 runtime_context.cpp:29] DecreaseCounter constructing_actor_cnt, current val is 625
I1012 16:43:47.259773 25806 naive_actor.cpp:25] actor 1099614388267 switch to &NaiveActor::HandlerNormal
I1012 16:43:47.259824 25806 thread.cpp:96] Thread 524337 construct Actor kDeviceTick 1099614388267
I1012 16:43:47.259907 25806 runtime_context.cpp:29] DecreaseCounter constructing_actor_cnt, current val is 624
I1012 16:43:47.259979 25828 naive_actor.cpp:25] actor 2199023255572 switch to &NaiveActor::HandlerNormal
I1012 16:43:47.260020 25828 thread.cpp:96] Thread 1048576 construct Actor kNormalForward 2199023255572
I1012 16:43:47.260069 25828 runtime_context.cpp:29] DecreaseCounter constructing_actor_cnt, current val is 623
I1012 16:43:47.260251 25806 naive_actor.cpp:25] actor 1099614388274 switch to &NaiveActor::HandlerNormal
I1012 16:43:47.260315 25806 thread.cpp:96] Thread 524337 construct Actor kTick 1099614388274
I1012 16:43:47.260385 25806 runtime_context.cpp:29] DecreaseCounter constructing_actor_cnt, current val is 622
I1012 16:43:47.260648 25837 naive_actor.cpp:25] actor 2207613190167 switch to &NaiveActor::HandlerNormal
I1012 16:43:47.260704 25837 thread.cpp:96] Thread 1052672 construct Actor kNormalForward 2207613190167
I1012 16:43:47.260776 25837 runtime_context.cpp:29] DecreaseCounter constructing_actor_cnt, current val is 621
I1012 16:43:47.260823 25806 naive_actor.cpp:25] actor 1099614388271 switch to &NaiveActor::HandlerNormal
I1012 16:43:47.260867 25806 thread.cpp:96] Thread 524337 construct Actor kTick 1099614388271
I1012 16:43:47.260958 25806 runtime_context.cpp:29] DecreaseCounter constructing_actor_cnt, current val is 620
I1012 16:43:47.261241 25837 naive_actor.cpp:25] actor 2207613190162 switch to &NaiveActor::HandlerNormal
I1012 16:43:47.261291 25837 thread.cpp:96] Thread 1052672 construct Actor kNormalForward 2207613190162
I1012 16:43:47.261359 25837 runtime_context.cpp:29] DecreaseCounter constructing_actor_cnt, current val is 619
I1012 16:43:47.261371 25806 naive_actor.cpp:25] actor 1099614388333 switch to &NaiveActor::HandlerNormal
I1012 16:43:47.261463 25806 thread.cpp:96] Thread 524337 construct Actor kTick 1099614388333
I1012 16:43:47.261560 25806 runtime_context.cpp:29] DecreaseCounter constructing_actor_cnt, current val is 618
I1012 16:43:47.261579 25828 naive_actor.cpp:25] actor 2199023255596 switch to &NaiveActor::HandlerNormal
I1012 16:43:47.261647 25828 thread.cpp:96] Thread 1048576 construct Actor kNormalForward 2199023255596
I1012 16:43:47.261731 25828 runtime_context.cpp:29] DecreaseCounter constructing_actor_cnt, current val is 617
I1012 16:43:47.262017 25806 naive_actor.cpp:25] actor 1099614388272 switch to &NaiveActor::HandlerNormal
I1012 16:43:47.262073 25806 thread.cpp:96] Thread 524337 construct Actor kDstSubsetTick 1099614388272
I1012 16:43:47.262153 25806 runtime_context.cpp:29] DecreaseCounter constructing_actor_cnt, current val is 616
I1012 16:43:47.262295 25837 naive_actor.cpp:25] actor 2207613190159 switch to &NaiveActor::HandlerNormal
I1012 16:43:47.262362 25837 thread.cpp:96] Thread 1052672 construct Actor kNormalForward 2207613190159
I1012 16:43:47.262459 25837 runtime_context.cpp:29] DecreaseCounter constructing_actor_cnt, current val is 615
I1012 16:43:47.262719 25806 naive_actor.cpp:25] actor 1099614388276 switch to &NaiveActor::HandlerNormal
I1012 16:43:47.262774 25806 thread.cpp:96] Thread 524337 construct Actor kDeviceTick 1099614388276
I1012 16:43:47.262816 25828 naive_actor.cpp:25] actor 2199023255580 switch to &NaiveActor::HandlerNormal
I1012 16:43:47.262840 25806 runtime_context.cpp:29] DecreaseCounter constructing_actor_cnt, current val is 614
I1012 16:43:47.262873 25828 thread.cpp:96] Thread 1048576 construct Actor kNormalForward 2199023255580
I1012 16:43:47.262980 25828 runtime_context.cpp:29] DecreaseCounter constructing_actor_cnt, current val is 613
I1012 16:43:47.263262 25806 naive_actor.cpp:25] actor 1099614388277 switch to &NaiveActor::HandlerNormal
I1012 16:43:47.263314 25806 thread.cpp:96] Thread 524337 construct Actor kSrcSubsetTick 1099614388277
I1012 16:43:47.263383 25806 runtime_context.cpp:29] DecreaseCounter constructing_actor_cnt, current val is 612
I1012 16:43:47.263482 25837 naive_actor.cpp:25] actor 2207613190189 switch to &NaiveActor::HandlerNormal
I1012 16:43:47.263535 25837 thread.cpp:96] Thread 1052672 construct Actor kNormalForward 2207613190189
I1012 16:43:47.263615 25837 runtime_context.cpp:29] DecreaseCounter constructing_actor_cnt, current val is 611
I1012 16:43:47.263770 25806 naive_actor.cpp:25] actor 1099614388294 switch to &NaiveActor::HandlerNormal
I1012 16:43:47.263823 25806 thread.cpp:96] Thread 524337 construct Actor kTick 1099614388294
I1012 16:43:47.263895 25806 runtime_context.cpp:29] DecreaseCounter constructing_actor_cnt, current val is 610
I1012 16:43:47.264169 25828 naive_actor.cpp:25] actor 2199023255604 switch to &NaiveActor::HandlerNormal
I1012 16:43:47.264228 25828 thread.cpp:96] Thread 1048576 construct Actor kNormalForward 2199023255604
I1012 16:43:47.264309 25828 runtime_context.cpp:29] DecreaseCounter constructing_actor_cnt, current val is 609
I1012 16:43:47.264362 25806 naive_actor.cpp:25] actor 1099614388284 switch to &NaiveActor::HandlerNormal
I1012 16:43:47.264441 25806 thread.cpp:96] Thread 524337 construct Actor kTick 1099614388284
I1012 16:43:47.264528 25806 runtime_context.cpp:29] DecreaseCounter constructing_actor_cnt, current val is 608
I1012 16:43:47.264859 25837 naive_actor.cpp:25] actor 2207613190170 switch to &NaiveActor::HandlerNormal
I1012 16:43:47.264916 25837 thread.cpp:96] Thread 1052672 construct Actor kNormalForward 2207613190170
I1012 16:43:47.264995 25837 runtime_context.cpp:29] DecreaseCounter constructing_actor_cnt, current val is 607
I1012 16:43:47.265026 25806 naive_actor.cpp:25] actor 1099614388275 switch to &NaiveActor::HandlerNormal
I1012 16:43:47.265084 25806 thread.cpp:96] Thread 524337 construct Actor kDeviceTick 1099614388275
I1012 16:43:47.265161 25806 runtime_context.cpp:29] DecreaseCounter constructing_actor_cnt, current val is 606
I1012 16:43:47.265280 25828 naive_actor.cpp:25] actor 2199023255588 switch to &NaiveActor::HandlerNormal
I1012 16:43:47.265331 25828 thread.cpp:96] Thread 1048576 construct Actor kNormalForward 2199023255588
I1012 16:43:47.265410 25828 runtime_context.cpp:29] DecreaseCounter constructing_actor_cnt, current val is 605
I1012 16:43:47.265569 25806 naive_actor.cpp:25] actor 1099614388290 switch to &NaiveActor::HandlerNormal
I1012 16:43:47.265620 25806 thread.cpp:96] Thread 524337 construct Actor kSrcSubsetTick 1099614388290
I1012 16:43:47.265672 25806 runtime_context.cpp:29] DecreaseCounter constructing_actor_cnt, current val is 604
I1012 16:43:47.266032 25837 naive_actor.cpp:25] actor 2207613190175 switch to &NaiveActor::HandlerNormal
I1012 16:43:47.266036 25806 naive_actor.cpp:25] actor 1099614388317 switch to &NaiveActor::HandlerNormal
I1012 16:43:47.266089 25837 thread.cpp:96] Thread 1052672 construct Actor kNormalForward 2207613190175
I1012 16:43:47.266139 25806 thread.cpp:96] Thread 524337 construct Actor kTick 1099614388317
I1012 16:43:47.266311 25837 runtime_context.cpp:29] DecreaseCounter constructing_actor_cnt, current val is 603
I1012 16:43:47.266314 25806 runtime_context.cpp:29] DecreaseCounter constructing_actor_cnt, current val is 602
I1012 16:43:47.266564 25828 naive_actor.cpp:25] actor 2199023255587 switch to &NaiveActor::HandlerNormal
I1012 16:43:47.266620 25828 thread.cpp:96] Thread 1048576 construct Actor kNormalForward 2199023255587
I1012 16:43:47.266705 25828 runtime_context.cpp:29] DecreaseCounter constructing_actor_cnt, current val is 601
I1012 16:43:47.266739 25806 naive_actor.cpp:25] actor 1099614388295 switch to &NaiveActor::HandlerNormal
I1012 16:43:47.266788 25806 thread.cpp:96] Thread 524337 construct Actor kTick 1099614388295
I1012 16:43:47.266860 25806 runtime_context.cpp:29] DecreaseCounter constructing_actor_cnt, current val is 600
I1012 16:43:47.267084 25828 naive_actor.cpp:25] actor 2199023255584 switch to &NaiveActor::HandlerNormal
I1012 16:43:47.267136 25828 thread.cpp:96] Thread 1048576 construct Actor kNormalForward 2199023255584
I1012 16:43:47.267180 25806 naive_actor.cpp:25] actor 1099614388283 switch to &NaiveActor::HandlerNormal
I1012 16:43:47.267205 25828 runtime_context.cpp:29] DecreaseCounter constructing_actor_cnt, current val is 599
I1012 16:43:47.267230 25806 thread.cpp:96] Thread 524337 construct Actor kTick 1099614388283
I1012 16:43:47.267326 25806 runtime_context.cpp:29] DecreaseCounter constructing_actor_cnt, current val is 598
I1012 16:43:47.267477 25837 naive_actor.cpp:25] actor 2207613190179 switch to &NaiveActor::HandlerNormal
I1012 16:43:47.267534 25837 thread.cpp:96] Thread 1052672 construct Actor kNormalForward 2207613190179
I1012 16:43:47.267621 25837 runtime_context.cpp:29] DecreaseCounter constructing_actor_cnt, current val is 597
I1012 16:43:47.267791 25806 naive_actor.cpp:25] actor 1099614388282 switch to &NaiveActor::HandlerNormal
I1012 16:43:47.267843 25806 thread.cpp:96] Thread 524337 construct Actor kTick 1099614388282
I1012 16:43:47.267910 25806 runtime_context.cpp:29] DecreaseCounter constructing_actor_cnt, current val is 596
I1012 16:43:47.268282 25806 naive_actor.cpp:25] actor 1099614388292 switch to &NaiveActor::HandlerNormal
I1012 16:43:47.268342 25806 thread.cpp:96] Thread 524337 construct Actor kTick 1099614388292
I1012 16:43:47.268417 25806 runtime_context.cpp:29] DecreaseCounter constructing_actor_cnt, current val is 595
I1012 16:43:47.268659 25837 naive_actor.cpp:25] actor 2207613190203 switch to &NaiveActor::HandlerNormal
I1012 16:43:47.268716 25837 thread.cpp:96] Thread 1052672 construct Actor kNormalForward 2207613190203
I1012 16:43:47.268662 25828 naive_actor.cpp:25] actor 2199023255582 switch to &NaiveActor::HandlerNormal
I1012 16:43:47.268793 25837 runtime_context.cpp:29] DecreaseCounter constructing_actor_cnt, current val is 594
I1012 16:43:47.268828 25806 naive_actor.cpp:25] actor 1099614388280 switch to &NaiveActor::HandlerNormal
I1012 16:43:47.268800 25828 thread.cpp:96] Thread 1048576 construct Actor kNormalForward 2199023255582
I1012 16:43:47.268887 25806 thread.cpp:96] Thread 524337 construct Actor kTick 1099614388280
I1012 16:43:47.268981 25828 runtime_context.cpp:29] DecreaseCounter constructing_actor_cnt, current val is 593
I1012 16:43:47.268994 25806 runtime_context.cpp:29] DecreaseCounter constructing_actor_cnt, current val is 592
I1012 16:43:47.269234 25837 naive_actor.cpp:25] actor 2207613190192 switch to &NaiveActor::HandlerNormal
I1012 16:43:47.269285 25837 thread.cpp:96] Thread 1052672 construct Actor kNormalForward 2207613190192
I1012 16:43:47.269363 25837 runtime_context.cpp:29] DecreaseCounter constructing_actor_cnt, current val is 591
I1012 16:43:47.269558 25806 naive_actor.cpp:25] actor 1099614388281 switch to &NaiveActor::HandlerNormal
I1012 16:43:47.269625 25806 thread.cpp:96] Thread 524337 construct Actor kDstSubsetTick 1099614388281
I1012 16:43:47.269706 25806 runtime_context.cpp:29] DecreaseCounter constructing_actor_cnt, current val is 590
I1012 16:43:47.269711 25837 naive_actor.cpp:25] actor 2207613190169 switch to &NaiveActor::HandlerNormal
I1012 16:43:47.269872 25837 thread.cpp:96] Thread 1052672 construct Actor kNormalForward 2207613190169
I1012 16:43:47.269946 25837 runtime_context.cpp:29] DecreaseCounter constructing_actor_cnt, current val is 589
I1012 16:43:47.270123 25828 naive_actor.cpp:25] actor 2199023255573 switch to &NaiveActor::HandlerNormal
I1012 16:43:47.270185 25828 thread.cpp:96] Thread 1048576 construct Actor kNormalForward 2199023255573
I1012 16:43:47.270270 25837 naive_actor.cpp:25] actor 2207613190176 switch to &NaiveActor::HandlerNormal
I1012 16:43:47.270272 25828 runtime_context.cpp:29] DecreaseCounter constructing_actor_cnt, current val is 588
I1012 16:43:47.270323 25837 thread.cpp:96] Thread 1052672 construct Actor kNormalForward 2207613190176
I1012 16:43:47.270435 25837 runtime_context.cpp:29] DecreaseCounter constructing_actor_cnt, current val is 587
I1012 16:43:47.270491 25806 esac_actor.cpp:73] actor 1099614388334 switch to &EsacActor::HandlerNormal
I1012 16:43:47.270556 25806 thread.cpp:96] Thread 524337 construct Actor kEsac 1099614388334
I1012 16:43:47.270668 25806 runtime_context.cpp:29] DecreaseCounter constructing_actor_cnt, current val is 586
I1012 16:43:47.270839 25837 naive_actor.cpp:25] actor 2207613190164 switch to &NaiveActor::HandlerNormal
I1012 16:43:47.270893 25837 thread.cpp:96] Thread 1052672 construct Actor kNormalForward 2207613190164
I1012 16:43:47.270967 25837 runtime_context.cpp:29] DecreaseCounter constructing_actor_cnt, current val is 585
I1012 16:43:47.271167 25806 naive_actor.cpp:25] actor 1099614388285 switch to &NaiveActor::HandlerNormal
I1012 16:43:47.271226 25806 thread.cpp:96] Thread 524337 construct Actor kTick 1099614388285
I1012 16:43:47.271323 25806 runtime_context.cpp:29] DecreaseCounter constructing_actor_cnt, current val is 584
I1012 16:43:47.271517 25828 naive_actor.cpp:25] actor 2199023255585 switch to &NaiveActor::HandlerNormal
I1012 16:43:47.271571 25828 thread.cpp:96] Thread 1048576 construct Actor kNormalForward 2199023255585
I1012 16:43:47.271667 25828 runtime_context.cpp:29] DecreaseCounter constructing_actor_cnt, current val is 583
I1012 16:43:47.271739 25806 naive_actor.cpp:25] actor 1099614388288 switch to &NaiveActor::HandlerNormal
I1012 16:43:47.271795 25806 thread.cpp:96] Thread 524337 construct Actor kTick 1099614388288
I1012 16:43:47.271875 25806 runtime_context.cpp:29] DecreaseCounter constructing_actor_cnt, current val is 582
I1012 16:43:47.272069 25828 naive_actor.cpp:25] actor 2199023255586 switch to &NaiveActor::HandlerNormal
I1012 16:43:47.272119 25828 thread.cpp:96] Thread 1048576 construct Actor kNormalForward 2199023255586
I1012 16:43:47.272105 25837 naive_actor.cpp:25] actor 2207613190193 switch to &NaiveActor::HandlerNormal
I1012 16:43:47.272193 25828 runtime_context.cpp:29] DecreaseCounter constructing_actor_cnt, current val is 581
I1012 16:43:47.272199 25837 thread.cpp:96] Thread 1052672 construct Actor kNormalForward 2207613190193
I1012 16:43:47.272316 25837 runtime_context.cpp:29] DecreaseCounter constructing_actor_cnt, current val is 580
I1012 16:43:47.272387 25806 naive_actor.cpp:25] actor 1099614388293 switch to &NaiveActor::HandlerNormal
I1012 16:43:47.272473 25806 thread.cpp:96] Thread 524337 construct Actor kDstSubsetTick 1099614388293
I1012 16:43:47.272570 25806 runtime_context.cpp:29] DecreaseCounter constructing_actor_cnt, current val is 579
I1012 16:43:47.273118 25806 reentrant_lock_actor.cpp:76] actor 1099614388296 switch to &ReentrantLockActor::HandlerNormal
I1012 16:43:47.273133 25828 naive_actor.cpp:25] actor 2199023255609 switch to &NaiveActor::HandlerNormal
I1012 16:43:47.273176 25806 thread.cpp:96] Thread 524337 construct Actor kReentrantLock 1099614388296
I1012 16:43:47.273217 25828 thread.cpp:96] Thread 1048576 construct Actor kNormalForward 2199023255609
I1012 16:43:47.273293 25806 runtime_context.cpp:29] DecreaseCounter constructing_actor_cnt, current val is 578
I1012 16:43:47.273319 25828 runtime_context.cpp:29] DecreaseCounter constructing_actor_cnt, current val is 577
I1012 16:43:47.273638 25837 naive_actor.cpp:25] actor 2207613190188 switch to &NaiveActor::HandlerNormal
I1012 16:43:47.273699 25837 thread.cpp:96] Thread 1052672 construct Actor kNormalForward 2207613190188
I1012 16:43:47.273767 25837 runtime_context.cpp:29] DecreaseCounter constructing_actor_cnt, current val is 576
I1012 16:43:47.273833 25806 naive_actor.cpp:25] actor 1099614388311 switch to &NaiveActor::HandlerNormal
I1012 16:43:47.273893 25806 thread.cpp:96] Thread 524337 construct Actor kTick 1099614388311
I1012 16:43:47.273981 25806 runtime_context.cpp:29] DecreaseCounter constructing_actor_cnt, current val is 575
I1012 16:43:47.274403 25806 naive_actor.cpp:25] actor 1099614388318 switch to &NaiveActor::HandlerNormal
I1012 16:43:47.274490 25806 thread.cpp:96] Thread 524337 construct Actor kTick 1099614388318
I1012 16:43:47.274576 25806 runtime_context.cpp:29] DecreaseCounter constructing_actor_cnt, current val is 574
I1012 16:43:47.274711 25837 naive_actor.cpp:25] actor 2207613190153 switch to &NaiveActor::HandlerNormal
I1012 16:43:47.274763 25837 thread.cpp:96] Thread 1052672 construct Actor kNormalForward 2207613190153
I1012 16:43:47.274842 25837 runtime_context.cpp:29] DecreaseCounter constructing_actor_cnt, current val is 573
I1012 16:43:47.275010 25806 naive_actor.cpp:25] actor 1099614388316 switch to &NaiveActor::HandlerNormal
I1012 16:43:47.275068 25806 thread.cpp:96] Thread 524337 construct Actor kTick 1099614388316
I1012 16:43:47.275110 25828 naive_actor.cpp:25] actor 2199023255610 switch to &NaiveActor::HandlerNormal
I1012 16:43:47.275154 25806 runtime_context.cpp:29] DecreaseCounter constructing_actor_cnt, current val is 572
I1012 16:43:47.275163 25828 thread.cpp:96] Thread 1048576 construct Actor kNormalForward 2199023255610
I1012 16:43:47.275292 25828 runtime_context.cpp:29] DecreaseCounter constructing_actor_cnt, current val is 571
I1012 16:43:47.275609 25806 naive_actor.cpp:25] actor 1099614388312 switch to &NaiveActor::HandlerNormal
I1012 16:43:47.275673 25806 thread.cpp:96] Thread 524337 construct Actor kTick 1099614388312
I1012 16:43:47.275753 25806 runtime_context.cpp:29] DecreaseCounter constructing_actor_cnt, current val is 570
I1012 16:43:47.275954 25837 naive_actor.cpp:25] actor 2207613190177 switch to &NaiveActor::HandlerNormal
I1012 16:43:47.276003 25837 thread.cpp:96] Thread 1052672 construct Actor kNormalForward 2207613190177
I1012 16:43:47.276082 25837 runtime_context.cpp:29] DecreaseCounter constructing_actor_cnt, current val is 569
I1012 16:43:47.276187 25806 naive_actor.cpp:25] actor 1099614388298 switch to &NaiveActor::HandlerNormal
I1012 16:43:47.276250 25806 thread.cpp:96] Thread 524337 construct Actor kTick 1099614388298
I1012 16:43:47.276333 25806 runtime_context.cpp:29] DecreaseCounter constructing_actor_cnt, current val is 568
I1012 16:43:47.276466 25828 naive_actor.cpp:25] actor 2199023255617 switch to &NaiveActor::HandlerNormal
I1012 16:43:47.276520 25828 thread.cpp:96] Thread 1048576 construct Actor kNormalForward 2199023255617
I1012 16:43:47.276615 25828 runtime_context.cpp:29] DecreaseCounter constructing_actor_cnt, current val is 567
I1012 16:43:47.276751 25806 naive_actor.cpp:25] actor 1099614388305 switch to &NaiveActor::HandlerNormal
I1012 16:43:47.276844 25806 thread.cpp:96] Thread 524337 construct Actor kTick 1099614388305
I1012 16:43:47.276978 25806 runtime_context.cpp:29] DecreaseCounter constructing_actor_cnt, current val is 566
I1012 16:43:47.277069 25837 naive_actor.cpp:25] actor 2207613190158 switch to &NaiveActor::HandlerNormal
I1012 16:43:47.277120 25837 thread.cpp:96] Thread 1052672 construct Actor kNormalForward 2207613190158
I1012 16:43:47.277201 25837 runtime_context.cpp:29] DecreaseCounter constructing_actor_cnt, current val is 565
I1012 16:43:47.277388 25806 naive_actor.cpp:25] actor 1099614388325 switch to &NaiveActor::HandlerNormal
I1012 16:43:47.277458 25806 thread.cpp:96] Thread 524337 construct Actor kTick 1099614388325
I1012 16:43:47.277541 25806 runtime_context.cpp:29] DecreaseCounter constructing_actor_cnt, current val is 564
I1012 16:43:47.277786 25828 naive_actor.cpp:25] actor 2199023255631 switch to &NaiveActor::HandlerNormal
I1012 16:43:47.277844 25828 thread.cpp:96] Thread 1048576 construct Actor kNormalForward 2199023255631
I1012 16:43:47.277935 25828 runtime_context.cpp:29] DecreaseCounter constructing_actor_cnt, current val is 563
I1012 16:43:47.277968 25806 naive_actor.cpp:25] actor 1099614388315 switch to &NaiveActor::HandlerNormal
I1012 16:43:47.278012 25837 naive_actor.cpp:25] actor 2207613190166 switch to &NaiveActor::HandlerNormal
I1012 16:43:47.278029 25806 thread.cpp:96] Thread 524337 construct Actor kTick 1099614388315
I1012 16:43:47.278079 25837 thread.cpp:96] Thread 1052672 construct Actor kNormalForward 2207613190166
I1012 16:43:47.278131 25806 runtime_context.cpp:29] DecreaseCounter constructing_actor_cnt, current val is 562
I1012 16:43:47.278178 25837 runtime_context.cpp:29] DecreaseCounter constructing_actor_cnt, current val is 561
I1012 16:43:47.278411 25806 naive_actor.cpp:25] actor 1099614388322 switch to &NaiveActor::HandlerNormal
I1012 16:43:47.278499 25806 thread.cpp:96] Thread 524337 construct Actor kTick 1099614388322
I1012 16:43:47.278546 25806 runtime_context.cpp:29] DecreaseCounter constructing_actor_cnt, current val is 560
I1012 16:43:47.278800 25806 naive_actor.cpp:25] actor 1099614388320 switch to &NaiveActor::HandlerNormal
I1012 16:43:47.278844 25806 thread.cpp:96] Thread 524337 construct Actor kTick 1099614388320
I1012 16:43:47.278892 25806 runtime_context.cpp:29] DecreaseCounter constructing_actor_cnt, current val is 559
I1012 16:43:47.279036 25837 naive_actor.cpp:25] actor 2207613190180 switch to &NaiveActor::HandlerNormal
I1012 16:43:47.279081 25837 thread.cpp:96] Thread 1052672 construct Actor kNormalForward 2207613190180
I1012 16:43:47.279155 25837 runtime_context.cpp:29] DecreaseCounter constructing_actor_cnt, current val is 558
I1012 16:43:47.279181 25828 naive_actor.cpp:25] actor 2199023255590 switch to &NaiveActor::HandlerNormal
I1012 16:43:47.279201 25806 naive_actor.cpp:25] actor 1099614388327 switch to &NaiveActor::HandlerNormal
I1012 16:43:47.279240 25828 thread.cpp:96] Thread 1048576 construct Actor kNormalForward 2199023255590
I1012 16:43:47.279276 25806 thread.cpp:96] Thread 524337 construct Actor kTick 1099614388327
I1012 16:43:47.279350 25828 runtime_context.cpp:29] DecreaseCounter constructing_actor_cnt, current val is 557
I1012 16:43:47.279383 25806 runtime_context.cpp:29] DecreaseCounter constructing_actor_cnt, current val is 556
I1012 16:43:47.279747 25806 naive_actor.cpp:25] actor 1099614388328 switch to &NaiveActor::HandlerNormal
I1012 16:43:47.279798 25806 thread.cpp:96] Thread 524337 construct Actor kTick 1099614388328
I1012 16:43:47.279860 25806 runtime_context.cpp:29] DecreaseCounter constructing_actor_cnt, current val is 555
I1012 16:43:47.280206 25806 naive_actor.cpp:25] actor 1099614388308 switch to &NaiveActor::HandlerNormal
I1012 16:43:47.280210 25837 naive_actor.cpp:25] actor 2207613190222 switch to &NaiveActor::HandlerNormal
I1012 16:43:47.280252 25806 thread.cpp:96] Thread 524337 construct Actor kTick 1099614388308
I1012 16:43:47.280299 25828 naive_actor.cpp:25] actor 2199023255655 switch to &NaiveActor::HandlerNormal
I1012 16:43:47.280349 25806 runtime_context.cpp:29] DecreaseCounter constructing_actor_cnt, current val is 554
I1012 16:43:47.280292 25837 thread.cpp:96] Thread 1052672 construct Actor kNormalForward 2207613190222
I1012 16:43:47.280357 25828 thread.cpp:96] Thread 1048576 construct Actor kNormalForward 2199023255655
I1012 16:43:47.280464 25837 runtime_context.cpp:29] DecreaseCounter constructing_actor_cnt, current val is 553
I1012 16:43:47.280544 25828 runtime_context.cpp:29] DecreaseCounter constructing_actor_cnt, current val is 552
I1012 16:43:47.280678 25806 naive_actor.cpp:25] actor 1099614388330 switch to &NaiveActor::HandlerNormal
I1012 16:43:47.280731 25806 thread.cpp:96] Thread 524337 construct Actor kTick 1099614388330
I1012 16:43:47.280809 25806 runtime_context.cpp:29] DecreaseCounter constructing_actor_cnt, current val is 551
I1012 16:43:47.280844 25837 naive_actor.cpp:25] actor 2207613190204 switch to &NaiveActor::HandlerNormal
I1012 16:43:47.280932 25837 thread.cpp:96] Thread 1052672 construct Actor kNormalForward 2207613190204
I1012 16:43:47.281002 25837 runtime_context.cpp:29] DecreaseCounter constructing_actor_cnt, current val is 550
I1012 16:43:47.281177 25806 naive_actor.cpp:25] actor 1099614388313 switch to &NaiveActor::HandlerNormal
I1012 16:43:47.281235 25806 thread.cpp:96] Thread 524337 construct Actor kTick 1099614388313
I1012 16:43:47.281298 25806 runtime_context.cpp:29] DecreaseCounter constructing_actor_cnt, current val is 549
I1012 16:43:47.281638 25806 naive_actor.cpp:25] actor 1099614388310 switch to &NaiveActor::HandlerNormal
I1012 16:43:47.281687 25806 thread.cpp:96] Thread 524337 construct Actor kTick 1099614388310
I1012 16:43:47.281756 25806 runtime_context.cpp:29] DecreaseCounter constructing_actor_cnt, current val is 548
I1012 16:43:47.281792 25828 naive_actor.cpp:25] actor 2199023255613 switch to &NaiveActor::HandlerNormal
I1012 16:43:47.281836 25828 thread.cpp:96] Thread 1048576 construct Actor kNormalForward 2199023255613
I1012 16:43:47.281915 25828 runtime_context.cpp:29] DecreaseCounter constructing_actor_cnt, current val is 547
I1012 16:43:47.282227 25837 naive_actor.cpp:25] actor 2207613190246 switch to &NaiveActor::HandlerNormal
I1012 16:43:47.282277 25828 naive_actor.cpp:25] actor 2199023255605 switch to &NaiveActor::HandlerNormal
I1012 16:43:47.282284 25806 naive_actor.cpp:25] actor 1099614388323 switch to &NaiveActor::HandlerNormal
I1012 16:43:47.282287 25837 thread.cpp:96] Thread 1052672 construct Actor kNormalForward 2207613190246
I1012 16:43:47.282325 25828 thread.cpp:96] Thread 1048576 construct Actor kNormalForward 2199023255605
I1012 16:43:47.282359 25806 thread.cpp:96] Thread 524337 construct Actor kTick 1099614388323
I1012 16:43:47.282436 25837 runtime_context.cpp:29] DecreaseCounter constructing_actor_cnt, current val is 546
I1012 16:43:47.282462 25828 runtime_context.cpp:29] DecreaseCounter constructing_actor_cnt, current val is 545
I1012 16:43:47.282490 25806 runtime_context.cpp:29] DecreaseCounter constructing_actor_cnt, current val is 544
I1012 16:43:47.282912 25806 naive_actor.cpp:25] actor 1099614388332 switch to &NaiveActor::HandlerNormal
I1012 16:43:47.282961 25806 thread.cpp:96] Thread 524337 construct Actor kTick 1099614388332
I1012 16:43:47.283028 25806 runtime_context.cpp:29] DecreaseCounter constructing_actor_cnt, current val is 543
I1012 16:43:47.283403 25806 naive_actor.cpp:25] actor 1099614388302 switch to &NaiveActor::HandlerNormal
I1012 16:43:47.283458 25806 thread.cpp:96] Thread 524337 construct Actor kTick 1099614388302
I1012 16:43:47.283524 25806 runtime_context.cpp:29] DecreaseCounter constructing_actor_cnt, current val is 542
I1012 16:43:47.283571 25828 naive_actor.cpp:25] actor 2199023255594 switch to &NaiveActor::HandlerNormal
I1012 16:43:47.283658 25828 thread.cpp:96] Thread 1048576 construct Actor kNormalForward 2199023255594
I1012 16:43:47.283689 25837 naive_actor.cpp:25] actor 2207613190181 switch to &NaiveActor::HandlerNormal
I1012 16:43:47.283736 25837 thread.cpp:96] Thread 1052672 construct Actor kNormalForward 2207613190181
I1012 16:43:47.283741 25828 runtime_context.cpp:29] DecreaseCounter constructing_actor_cnt, current val is 541
I1012 16:43:47.283857 25837 runtime_context.cpp:29] DecreaseCounter constructing_actor_cnt, current val is 540
I1012 16:43:47.284041 25806 naive_actor.cpp:25] actor 1099614388307 switch to &NaiveActor::HandlerNormal
I1012 16:43:47.284118 25806 thread.cpp:96] Thread 524337 construct Actor kTick 1099614388307
I1012 16:43:47.284145 25828 naive_actor.cpp:25] actor 2199023255607 switch to &NaiveActor::HandlerNormal
I1012 16:43:47.284212 25828 thread.cpp:96] Thread 1048576 construct Actor kNormalForward 2199023255607
I1012 16:43:47.284224 25806 runtime_context.cpp:29] DecreaseCounter constructing_actor_cnt, current val is 539
I1012 16:43:47.284291 25828 runtime_context.cpp:29] DecreaseCounter constructing_actor_cnt, current val is 538
I1012 16:43:47.284669 25837 naive_actor.cpp:25] actor 2207613190187 switch to &NaiveActor::HandlerNormal
I1012 16:43:47.284729 25837 thread.cpp:96] Thread 1052672 construct Actor kNormalForward 2207613190187
I1012 16:43:47.284737 25806 naive_actor.cpp:25] actor 1099614388300 switch to &NaiveActor::HandlerNormal
I1012 16:43:47.284806 25837 runtime_context.cpp:29] DecreaseCounter constructing_actor_cnt, current val is 537
I1012 16:43:47.284814 25806 thread.cpp:96] Thread 524337 construct Actor kTick 1099614388300
I1012 16:43:47.284937 25806 runtime_context.cpp:29] DecreaseCounter constructing_actor_cnt, current val is 536
I1012 16:43:47.285421 25806 naive_actor.cpp:25] actor 1099614388309 switch to &NaiveActor::HandlerNormal
I1012 16:43:47.285490 25806 thread.cpp:96] Thread 524337 construct Actor kTick 1099614388309
I1012 16:43:47.285490 25828 naive_actor.cpp:25] actor 2199023255623 switch to &NaiveActor::HandlerNormal
I1012 16:43:47.285583 25828 thread.cpp:96] Thread 1048576 construct Actor kNormalForward 2199023255623
I1012 16:43:47.285591 25806 runtime_context.cpp:29] DecreaseCounter constructing_actor_cnt, current val is 535
I1012 16:43:47.285667 25828 runtime_context.cpp:29] DecreaseCounter constructing_actor_cnt, current val is 534
I1012 16:43:47.285852 25837 naive_actor.cpp:25] actor 2207613190191 switch to &NaiveActor::HandlerNormal
I1012 16:43:47.285900 25837 thread.cpp:96] Thread 1052672 construct Actor kNormalForward 2207613190191
I1012 16:43:47.285984 25837 runtime_context.cpp:29] DecreaseCounter constructing_actor_cnt, current val is 533
I1012 16:43:47.286067 25806 naive_actor.cpp:25] actor 1099614388314 switch to &NaiveActor::HandlerNormal
I1012 16:43:47.286134 25806 thread.cpp:96] Thread 524337 construct Actor kTick 1099614388314
I1012 16:43:47.286239 25806 runtime_context.cpp:29] DecreaseCounter constructing_actor_cnt, current val is 532
I1012 16:43:47.286689 25806 naive_actor.cpp:25] actor 1099614388299 switch to &NaiveActor::HandlerNormal
I1012 16:43:47.286711 25828 naive_actor.cpp:25] actor 2199023255647 switch to &NaiveActor::HandlerNormal
I1012 16:43:47.286749 25806 thread.cpp:96] Thread 524337 construct Actor kTick 1099614388299
I1012 16:43:47.286772 25828 thread.cpp:96] Thread 1048576 construct Actor kNormalForward 2199023255647
I1012 16:43:47.286849 25806 runtime_context.cpp:29] DecreaseCounter constructing_actor_cnt, current val is 531
I1012 16:43:47.286880 25828 runtime_context.cpp:29] DecreaseCounter constructing_actor_cnt, current val is 530
I1012 16:43:47.287097 25837 naive_actor.cpp:25] actor 2207613190186 switch to &NaiveActor::HandlerNormal
I1012 16:43:47.287148 25837 thread.cpp:96] Thread 1052672 construct Actor kNormalForward 2207613190186
I1012 16:43:47.287221 25837 runtime_context.cpp:29] DecreaseCounter constructing_actor_cnt, current val is 529
I1012 16:43:47.287369 25806 naive_actor.cpp:25] actor 1099614388329 switch to &NaiveActor::HandlerNormal
I1012 16:43:47.287439 25806 thread.cpp:96] Thread 524337 construct Actor kTick 1099614388329
I1012 16:43:47.287536 25806 runtime_context.cpp:29] DecreaseCounter constructing_actor_cnt, current val is 528
I1012 16:43:47.287662 25837 naive_actor.cpp:25] actor 2207613190183 switch to &NaiveActor::HandlerNormal
I1012 16:43:47.287710 25837 thread.cpp:96] Thread 1052672 construct Actor kNormalForward 2207613190183
I1012 16:43:47.287779 25837 runtime_context.cpp:29] DecreaseCounter constructing_actor_cnt, current val is 527
I1012 16:43:47.288043 25806 naive_actor.cpp:25] actor 1099614388304 switch to &NaiveActor::HandlerNormal
I1012 16:43:47.288102 25806 thread.cpp:96] Thread 524337 construct Actor kTick 1099614388304
I1012 16:43:47.288199 25806 runtime_context.cpp:29] DecreaseCounter constructing_actor_cnt, current val is 526
I1012 16:43:47.288223 25828 naive_actor.cpp:25] actor 2199023255632 switch to &NaiveActor::HandlerNormal
I1012 16:43:47.288293 25828 thread.cpp:96] Thread 1048576 construct Actor kNormalForward 2199023255632
I1012 16:43:47.288383 25828 runtime_context.cpp:29] DecreaseCounter constructing_actor_cnt, current val is 525
I1012 16:43:47.288700 25806 naive_actor.cpp:25] actor 1099614388324 switch to &NaiveActor::HandlerNormal
I1012 16:43:47.288710 25837 naive_actor.cpp:25] actor 2207613190210 switch to &NaiveActor::HandlerNormal
I1012 16:43:47.288786 25806 thread.cpp:96] Thread 524337 construct Actor kTick 1099614388324
I1012 16:43:47.288817 25828 naive_actor.cpp:25] actor 2199023255612 switch to &NaiveActor::HandlerNormal
I1012 16:43:47.288825 25837 thread.cpp:96] Thread 1052672 construct Actor kNormalForward 2207613190210
I1012 16:43:47.288908 25828 thread.cpp:96] Thread 1048576 construct Actor kNormalForward 2199023255612
I1012 16:43:47.288913 25806 runtime_context.cpp:29] DecreaseCounter constructing_actor_cnt, current val is 524
I1012 16:43:47.289031 25828 runtime_context.cpp:29] DecreaseCounter constructing_actor_cnt, current val is 522
I1012 16:43:47.288973 25837 runtime_context.cpp:29] DecreaseCounter constructing_actor_cnt, current val is 523
I1012 16:43:47.289522 25806 naive_actor.cpp:25] actor 1099614388303 switch to &NaiveActor::HandlerNormal
I1012 16:43:47.289590 25806 thread.cpp:96] Thread 524337 construct Actor kTick 1099614388303
I1012 16:43:47.289700 25806 runtime_context.cpp:29] DecreaseCounter constructing_actor_cnt, current val is 521
I1012 16:43:47.289918 25837 naive_actor.cpp:25] actor 2207613190194 switch to &NaiveActor::HandlerNormal
I1012 16:43:47.289968 25837 thread.cpp:96] Thread 1052672 construct Actor kNormalForward 2207613190194
I1012 16:43:47.290033 25837 runtime_context.cpp:29] DecreaseCounter constructing_actor_cnt, current val is 520
I1012 16:43:47.290172 25806 naive_actor.cpp:25] actor 1099614388331 switch to &NaiveActor::HandlerNormal
I1012 16:43:47.290232 25806 thread.cpp:96] Thread 524337 construct Actor kTick 1099614388331
I1012 16:43:47.290325 25806 runtime_context.cpp:29] DecreaseCounter constructing_actor_cnt, current val is 519
I1012 16:43:47.290390 25828 naive_actor.cpp:25] actor 2199023255608 switch to &NaiveActor::HandlerNormal
I1012 16:43:47.290467 25828 thread.cpp:96] Thread 1048576 construct Actor kNormalForward 2199023255608
I1012 16:43:47.290566 25828 runtime_context.cpp:29] DecreaseCounter constructing_actor_cnt, current val is 518
I1012 16:43:47.290794 25806 naive_actor.cpp:25] actor 1099614388301 switch to &NaiveActor::HandlerNormal
I1012 16:43:47.290858 25806 thread.cpp:96] Thread 524337 construct Actor kTick 1099614388301
I1012 16:43:47.290956 25806 runtime_context.cpp:29] DecreaseCounter constructing_actor_cnt, current val is 517
I1012 16:43:47.291003 25837 naive_actor.cpp:25] actor 2207613190219 switch to &NaiveActor::HandlerNormal
I1012 16:43:47.291047 25837 thread.cpp:96] Thread 1052672 construct Actor kNormalForward 2207613190219
I1012 16:43:47.291123 25837 runtime_context.cpp:29] DecreaseCounter constructing_actor_cnt, current val is 516
I1012 16:43:47.291471 25806 naive_actor.cpp:25] actor 1099614388321 switch to &NaiveActor::HandlerNormal
I1012 16:43:47.291558 25806 thread.cpp:96] Thread 524337 construct Actor kTick 1099614388321
I1012 16:43:47.291651 25806 runtime_context.cpp:29] DecreaseCounter constructing_actor_cnt, current val is 515
I1012 16:43:47.291975 25828 naive_actor.cpp:25] actor 2199023255575 switch to &NaiveActor::HandlerNormal
I1012 16:43:47.291996 25837 naive_actor.cpp:25] actor 2207613190232 switch to &NaiveActor::HandlerNormal
I1012 16:43:47.292029 25828 thread.cpp:96] Thread 1048576 construct Actor kNormalForward 2199023255575
I1012 16:43:47.292068 25837 thread.cpp:96] Thread 1052672 construct Actor kNormalForward 2207613190232
I1012 16:43:47.292155 25828 runtime_context.cpp:29] DecreaseCounter constructing_actor_cnt, current val is 514
I1012 16:43:47.292171 25837 runtime_context.cpp:29] DecreaseCounter constructing_actor_cnt, current val is 513
I1012 16:43:47.293107 25837 naive_actor.cpp:25] actor 2207613190216 switch to &NaiveActor::HandlerNormal
I1012 16:43:47.293151 25837 thread.cpp:96] Thread 1052672 construct Actor kNormalForward 2207613190216
I1012 16:43:47.293222 25837 runtime_context.cpp:29] DecreaseCounter constructing_actor_cnt, current val is 512
I1012 16:43:47.293234 25828 naive_actor.cpp:25] actor 2199023255606 switch to &NaiveActor::HandlerNormal
I1012 16:43:47.293335 25828 thread.cpp:96] Thread 1048576 construct Actor kNormalForward 2199023255606
I1012 16:43:47.293417 25828 runtime_context.cpp:29] DecreaseCounter constructing_actor_cnt, current val is 511
I1012 16:43:47.294106 25837 naive_actor.cpp:25] actor 2207613190240 switch to &NaiveActor::HandlerNormal
I1012 16:43:47.294152 25837 thread.cpp:96] Thread 1052672 construct Actor kNormalForward 2207613190240
I1012 16:43:47.294227 25837 runtime_context.cpp:29] DecreaseCounter constructing_actor_cnt, current val is 510
I1012 16:43:47.294420 25828 naive_actor.cpp:25] actor 2199023255621 switch to &NaiveActor::HandlerNormal
I1012 16:43:47.294477 25828 thread.cpp:96] Thread 1048576 construct Actor kNormalForward 2199023255621
I1012 16:43:47.294554 25828 runtime_context.cpp:29] DecreaseCounter constructing_actor_cnt, current val is 509
I1012 16:43:47.295127 25837 naive_actor.cpp:25] actor 2207613190200 switch to &NaiveActor::HandlerNormal
I1012 16:43:47.295171 25837 thread.cpp:96] Thread 1052672 construct Actor kNormalForward 2207613190200
I1012 16:43:47.295244 25837 runtime_context.cpp:29] DecreaseCounter constructing_actor_cnt, current val is 508
I1012 16:43:47.295399 25828 naive_actor.cpp:25] actor 2199023255645 switch to &NaiveActor::HandlerNormal
I1012 16:43:47.295459 25828 thread.cpp:96] Thread 1048576 construct Actor kNormalForward 2199023255645
I1012 16:43:47.295531 25828 runtime_context.cpp:29] DecreaseCounter constructing_actor_cnt, current val is 507
