I1013 15:21:47.757975 13867 thread.cpp:96] Thread 1048576 construct Actor kNormalForward 2199023255715
I1013 15:21:47.758009 13867 runtime_context.cpp:29] DecreaseCounter constructing_actor_cnt, current val is 95
I1013 15:21:47.758177 13867 naive_actor.cpp:25] actor 2199023255721 switch to &NaiveActor::HandlerNormal
I1013 15:21:47.758198 13867 thread.cpp:96] Thread 1048576 construct Actor kNormalForward 2199023255721
I1013 15:21:47.758232 13867 runtime_context.cpp:29] DecreaseCounter constructing_actor_cnt, current val is 94
I1013 15:21:47.758402 13867 naive_actor.cpp:25] actor 2199023255720 switch to &NaiveActor::HandlerNormal
I1013 15:21:47.758424 13867 thread.cpp:96] Thread 1048576 construct Actor kNormalForward 2199023255720
I1013 15:21:47.758457 13867 runtime_context.cpp:29] DecreaseCounter constructing_actor_cnt, current val is 93
I1013 15:21:47.758641 13867 naive_actor.cpp:25] actor 2199023255722 switch to &NaiveActor::HandlerNormal
I1013 15:21:47.758662 13867 thread.cpp:96] Thread 1048576 construct Actor kNormalForward 2199023255722
I1013 15:21:47.758697 13867 runtime_context.cpp:29] DecreaseCounter constructing_actor_cnt, current val is 92
I1013 15:21:47.758867 13867 naive_actor.cpp:25] actor 2199023255719 switch to &NaiveActor::HandlerNormal
I1013 15:21:47.758888 13867 thread.cpp:96] Thread 1048576 construct Actor kNormalForward 2199023255719
I1013 15:21:47.758922 13867 runtime_context.cpp:29] DecreaseCounter constructing_actor_cnt, current val is 91
I1013 15:21:47.759090 13867 naive_actor.cpp:25] actor 2199023255725 switch to &NaiveActor::HandlerNormal
I1013 15:21:47.759112 13867 thread.cpp:96] Thread 1048576 construct Actor kNormalForward 2199023255725
I1013 15:21:47.759146 13867 runtime_context.cpp:29] DecreaseCounter constructing_actor_cnt, current val is 90
I1013 15:21:47.759318 13867 naive_actor.cpp:25] actor 2199023255728 switch to &NaiveActor::HandlerNormal
I1013 15:21:47.759341 13867 thread.cpp:96] Thread 1048576 construct Actor kNormalForward 2199023255728
I1013 15:21:47.759374 13867 runtime_context.cpp:29] DecreaseCounter constructing_actor_cnt, current val is 89
I1013 15:21:47.759542 13867 naive_actor.cpp:25] actor 2199023255727 switch to &NaiveActor::HandlerNormal
I1013 15:21:47.759572 13867 thread.cpp:96] Thread 1048576 construct Actor kNormalForward 2199023255727
I1013 15:21:47.759608 13867 runtime_context.cpp:29] DecreaseCounter constructing_actor_cnt, current val is 88
I1013 15:21:47.759779 13867 naive_actor.cpp:25] actor 2199023255717 switch to &NaiveActor::HandlerNormal
I1013 15:21:47.759824 13867 thread.cpp:96] Thread 1048576 construct Actor kNormalForward 2199023255717
I1013 15:21:47.759862 13867 runtime_context.cpp:29] DecreaseCounter constructing_actor_cnt, current val is 87
I1013 15:21:47.760041 13867 naive_actor.cpp:25] actor 2199023255724 switch to &NaiveActor::HandlerNormal
I1013 15:21:47.760082 13867 thread.cpp:96] Thread 1048576 construct Actor kNormalForward 2199023255724
I1013 15:21:47.760118 13867 runtime_context.cpp:29] DecreaseCounter constructing_actor_cnt, current val is 86
I1013 15:21:47.760289 13867 naive_actor.cpp:25] actor 2199023255729 switch to &NaiveActor::HandlerNormal
I1013 15:21:47.760311 13867 thread.cpp:96] Thread 1048576 construct Actor kNormalForward 2199023255729
I1013 15:21:47.760345 13867 runtime_context.cpp:29] DecreaseCounter constructing_actor_cnt, current val is 85
I1013 15:21:47.760514 13867 naive_actor.cpp:25] actor 2199023255733 switch to &NaiveActor::HandlerNormal
I1013 15:21:47.760535 13867 thread.cpp:96] Thread 1048576 construct Actor kNormalForward 2199023255733
I1013 15:21:47.760578 13867 runtime_context.cpp:29] DecreaseCounter constructing_actor_cnt, current val is 84
I1013 15:21:47.760756 13867 naive_actor.cpp:25] actor 2199023255732 switch to &NaiveActor::HandlerNormal
I1013 15:21:47.760777 13867 thread.cpp:96] Thread 1048576 construct Actor kNormalForward 2199023255732
I1013 15:21:47.760812 13867 runtime_context.cpp:29] DecreaseCounter constructing_actor_cnt, current val is 83
I1013 15:21:47.760982 13867 naive_actor.cpp:25] actor 2199023255730 switch to &NaiveActor::HandlerNormal
I1013 15:21:47.761003 13867 thread.cpp:96] Thread 1048576 construct Actor kNormalForward 2199023255730
I1013 15:21:47.761037 13867 runtime_context.cpp:29] DecreaseCounter constructing_actor_cnt, current val is 82
I1013 15:21:47.761205 13867 naive_actor.cpp:25] actor 2199023255731 switch to &NaiveActor::HandlerNormal
I1013 15:21:47.761227 13867 thread.cpp:96] Thread 1048576 construct Actor kNormalForward 2199023255731
I1013 15:21:47.761260 13867 runtime_context.cpp:29] DecreaseCounter constructing_actor_cnt, current val is 81
I1013 15:21:47.761442 13867 naive_actor.cpp:25] actor 2199023255737 switch to &NaiveActor::HandlerNormal
I1013 15:21:47.761463 13867 thread.cpp:96] Thread 1048576 construct Actor kDeviceTick 2199023255737
I1013 15:21:47.761497 13867 runtime_context.cpp:29] DecreaseCounter constructing_actor_cnt, current val is 80
I1013 15:21:47.761677 13867 naive_actor.cpp:25] actor 2199023255734 switch to &NaiveActor::HandlerNormal
I1013 15:21:47.761698 13867 thread.cpp:96] Thread 1048576 construct Actor kNormalForward 2199023255734
I1013 15:21:47.761731 13867 runtime_context.cpp:29] DecreaseCounter constructing_actor_cnt, current val is 79
I1013 15:21:47.761899 13867 naive_actor.cpp:25] actor 2199023255726 switch to &NaiveActor::HandlerNormal
I1013 15:21:47.761921 13867 thread.cpp:96] Thread 1048576 construct Actor kNormalForward 2199023255726
I1013 15:21:47.761955 13867 runtime_context.cpp:29] DecreaseCounter constructing_actor_cnt, current val is 78
I1013 15:21:47.762126 13867 naive_actor.cpp:25] actor 2199023255735 switch to &NaiveActor::HandlerNormal
I1013 15:21:47.762148 13867 thread.cpp:96] Thread 1048576 construct Actor kNormalForward 2199023255735
I1013 15:21:47.762182 13867 runtime_context.cpp:29] DecreaseCounter constructing_actor_cnt, current val is 77
I1013 15:21:47.763322 13867 naive_actor.cpp:25] actor 2199023255736 switch to &NaiveActor::HandlerNormal
I1013 15:21:47.763346 13867 thread.cpp:96] Thread 1048576 construct Actor kNormalForward 2199023255736
I1013 15:21:47.763442 13867 runtime_context.cpp:29] DecreaseCounter constructing_actor_cnt, current val is 76
I1013 15:21:47.763638 13867 naive_actor.cpp:25] actor 2199023255746 switch to &NaiveActor::HandlerNormal
I1013 15:21:47.763661 13867 thread.cpp:96] Thread 1048576 construct Actor kNormalForward 2199023255746
I1013 15:21:47.763697 13867 runtime_context.cpp:29] DecreaseCounter constructing_actor_cnt, current val is 75
I1013 15:21:47.763870 13867 naive_actor.cpp:25] actor 2199023255754 switch to &NaiveActor::HandlerNormal
I1013 15:21:47.763913 13867 thread.cpp:96] Thread 1048576 construct Actor kNormalForward 2199023255754
I1013 15:21:47.763954 13867 runtime_context.cpp:29] DecreaseCounter constructing_actor_cnt, current val is 74
I1013 15:21:47.764129 13867 naive_actor.cpp:25] actor 2199023255753 switch to &NaiveActor::HandlerNormal
I1013 15:21:47.764168 13867 thread.cpp:96] Thread 1048576 construct Actor kNormalForward 2199023255753
I1013 15:21:47.764204 13867 runtime_context.cpp:29] DecreaseCounter constructing_actor_cnt, current val is 73
I1013 15:21:47.764375 13867 naive_actor.cpp:25] actor 2199023255760 switch to &NaiveActor::HandlerNormal
I1013 15:21:47.764396 13867 thread.cpp:96] Thread 1048576 construct Actor kNormalForward 2199023255760
I1013 15:21:47.764430 13867 runtime_context.cpp:29] DecreaseCounter constructing_actor_cnt, current val is 72
I1013 15:21:47.764605 13867 naive_actor.cpp:25] actor 2199023255744 switch to &NaiveActor::HandlerNormal
I1013 15:21:47.764626 13867 thread.cpp:96] Thread 1048576 construct Actor kNormalForward 2199023255744
I1013 15:21:47.764662 13867 runtime_context.cpp:29] DecreaseCounter constructing_actor_cnt, current val is 71
I1013 15:21:47.764829 13867 naive_actor.cpp:25] actor 2199023255748 switch to &NaiveActor::HandlerNormal
I1013 15:21:47.764851 13867 thread.cpp:96] Thread 1048576 construct Actor kNormalForward 2199023255748
I1013 15:21:47.764885 13867 runtime_context.cpp:29] DecreaseCounter constructing_actor_cnt, current val is 70
I1013 15:21:47.765058 13867 naive_actor.cpp:25] actor 2199023255741 switch to &NaiveActor::HandlerNormal
I1013 15:21:47.765080 13867 thread.cpp:96] Thread 1048576 construct Actor kNormalForward 2199023255741
I1013 15:21:47.765113 13867 runtime_context.cpp:29] DecreaseCounter constructing_actor_cnt, current val is 69
I1013 15:21:47.765278 13867 naive_actor.cpp:25] actor 2199023255739 switch to &NaiveActor::HandlerNormal
I1013 15:21:47.765300 13867 thread.cpp:96] Thread 1048576 construct Actor kNormalForward 2199023255739
I1013 15:21:47.765333 13867 runtime_context.cpp:29] DecreaseCounter constructing_actor_cnt, current val is 68
I1013 15:21:47.766438 13867 naive_actor.cpp:25] actor 2199023255775 switch to &NaiveActor::HandlerNormal
I1013 15:21:47.766463 13867 thread.cpp:96] Thread 1048576 construct Actor kNormalForward 2199023255775
I1013 15:21:47.766561 13867 runtime_context.cpp:29] DecreaseCounter constructing_actor_cnt, current val is 67
I1013 15:21:47.766754 13867 naive_actor.cpp:25] actor 2199023255749 switch to &NaiveActor::HandlerNormal
I1013 15:21:47.766777 13867 thread.cpp:96] Thread 1048576 construct Actor kNormalForward 2199023255749
I1013 15:21:47.766813 13867 runtime_context.cpp:29] DecreaseCounter constructing_actor_cnt, current val is 66
I1013 15:21:47.766988 13867 naive_actor.cpp:25] actor 2199023255747 switch to &NaiveActor::HandlerNormal
I1013 15:21:47.767009 13867 thread.cpp:96] Thread 1048576 construct Actor kNormalForward 2199023255747
I1013 15:21:47.767045 13867 runtime_context.cpp:29] DecreaseCounter constructing_actor_cnt, current val is 65
I1013 15:21:47.767213 13867 naive_actor.cpp:25] actor 2199023255751 switch to &NaiveActor::HandlerNormal
I1013 15:21:47.767235 13867 thread.cpp:96] Thread 1048576 construct Actor kNormalForward 2199023255751
I1013 15:21:47.767269 13867 runtime_context.cpp:29] DecreaseCounter constructing_actor_cnt, current val is 64
I1013 15:21:47.767443 13867 naive_actor.cpp:25] actor 2199023255752 switch to &NaiveActor::HandlerNormal
I1013 15:21:47.767465 13867 thread.cpp:96] Thread 1048576 construct Actor kNormalForward 2199023255752
I1013 15:21:47.767499 13867 runtime_context.cpp:29] DecreaseCounter constructing_actor_cnt, current val is 63
I1013 15:21:47.767678 13867 naive_actor.cpp:25] actor 2199023255750 switch to &NaiveActor::HandlerNormal
I1013 15:21:47.767700 13867 thread.cpp:96] Thread 1048576 construct Actor kNormalForward 2199023255750
I1013 15:21:47.767735 13867 runtime_context.cpp:29] DecreaseCounter constructing_actor_cnt, current val is 62
I1013 15:21:47.767900 13867 naive_actor.cpp:25] actor 2199023255742 switch to &NaiveActor::HandlerNormal
I1013 15:21:47.767944 13867 thread.cpp:96] Thread 1048576 construct Actor kNormalForward 2199023255742
I1013 15:21:47.767983 13867 runtime_context.cpp:29] DecreaseCounter constructing_actor_cnt, current val is 61
I1013 15:21:47.768157 13867 naive_actor.cpp:25] actor 2199023255761 switch to &NaiveActor::HandlerNormal
I1013 15:21:47.768195 13867 thread.cpp:96] Thread 1048576 construct Actor kNormalForward 2199023255761
I1013 15:21:47.768232 13867 runtime_context.cpp:29] DecreaseCounter constructing_actor_cnt, current val is 60
I1013 15:21:47.768404 13867 naive_actor.cpp:25] actor 2199023255758 switch to &NaiveActor::HandlerNormal
I1013 15:21:47.768425 13867 thread.cpp:96] Thread 1048576 construct Actor kNormalForward 2199023255758
I1013 15:21:47.768460 13867 runtime_context.cpp:29] DecreaseCounter constructing_actor_cnt, current val is 59
I1013 15:21:47.768640 13867 naive_actor.cpp:25] actor 2199023255763 switch to &NaiveActor::HandlerNormal
I1013 15:21:47.768661 13867 thread.cpp:96] Thread 1048576 construct Actor kNormalForward 2199023255763
I1013 15:21:47.768695 13867 runtime_context.cpp:29] DecreaseCounter constructing_actor_cnt, current val is 58
I1013 15:21:47.768862 13867 naive_actor.cpp:25] actor 2199023255759 switch to &NaiveActor::HandlerNormal
I1013 15:21:47.768882 13867 thread.cpp:96] Thread 1048576 construct Actor kNormalForward 2199023255759
I1013 15:21:47.768916 13867 runtime_context.cpp:29] DecreaseCounter constructing_actor_cnt, current val is 57
I1013 15:21:47.769084 13867 naive_actor.cpp:25] actor 2199023255764 switch to &NaiveActor::HandlerNormal
I1013 15:21:47.769106 13867 thread.cpp:96] Thread 1048576 construct Actor kNormalForward 2199023255764
I1013 15:21:47.769140 13867 runtime_context.cpp:29] DecreaseCounter constructing_actor_cnt, current val is 56
I1013 15:21:47.769304 13867 naive_actor.cpp:25] actor 2199023255767 switch to &NaiveActor::HandlerNormal
I1013 15:21:47.769341 13867 thread.cpp:96] Thread 1048576 construct Actor kNormalForward 2199023255767
I1013 15:21:47.769377 13867 runtime_context.cpp:29] DecreaseCounter constructing_actor_cnt, current val is 55
I1013 15:21:47.769546 13867 naive_actor.cpp:25] actor 2199023255768 switch to &NaiveActor::HandlerNormal
I1013 15:21:47.769593 13867 thread.cpp:96] Thread 1048576 construct Actor kNormalForward 2199023255768
I1013 15:21:47.769629 13867 runtime_context.cpp:29] DecreaseCounter constructing_actor_cnt, current val is 54
I1013 15:21:47.769825 13867 naive_actor.cpp:25] actor 2199023255743 switch to &NaiveActor::HandlerNormal
I1013 15:21:47.769847 13867 thread.cpp:96] Thread 1048576 construct Actor kNormalForward 2199023255743
I1013 15:21:47.769882 13867 runtime_context.cpp:29] DecreaseCounter constructing_actor_cnt, current val is 53
I1013 15:21:47.770051 13867 naive_actor.cpp:25] actor 2199023255757 switch to &NaiveActor::HandlerNormal
I1013 15:21:47.770071 13867 thread.cpp:96] Thread 1048576 construct Actor kNormalForward 2199023255757
I1013 15:21:47.770105 13867 runtime_context.cpp:29] DecreaseCounter constructing_actor_cnt, current val is 52
I1013 15:21:47.770277 13867 naive_actor.cpp:25] actor 2199023255762 switch to &NaiveActor::HandlerNormal
I1013 15:21:47.770298 13867 thread.cpp:96] Thread 1048576 construct Actor kNormalForward 2199023255762
I1013 15:21:47.770332 13867 runtime_context.cpp:29] DecreaseCounter constructing_actor_cnt, current val is 51
I1013 15:21:47.770499 13867 naive_actor.cpp:25] actor 2199023255765 switch to &NaiveActor::HandlerNormal
I1013 15:21:47.770520 13867 thread.cpp:96] Thread 1048576 construct Actor kNormalForward 2199023255765
I1013 15:21:47.770555 13867 runtime_context.cpp:29] DecreaseCounter constructing_actor_cnt, current val is 50
I1013 15:21:47.770731 13867 naive_actor.cpp:25] actor 2199023255766 switch to &NaiveActor::HandlerNormal
I1013 15:21:47.770753 13867 thread.cpp:96] Thread 1048576 construct Actor kNormalForward 2199023255766
I1013 15:21:47.770787 13867 runtime_context.cpp:29] DecreaseCounter constructing_actor_cnt, current val is 49
I1013 15:21:47.770987 13867 naive_actor.cpp:25] actor 2199023255755 switch to &NaiveActor::HandlerNormal
I1013 15:21:47.771026 13867 thread.cpp:96] Thread 1048576 construct Actor kNormalForward 2199023255755
I1013 15:21:47.771064 13867 runtime_context.cpp:29] DecreaseCounter constructing_actor_cnt, current val is 48
I1013 15:21:47.771235 13867 naive_actor.cpp:25] actor 2199023255756 switch to &NaiveActor::HandlerNormal
I1013 15:21:47.771257 13867 thread.cpp:96] Thread 1048576 construct Actor kNormalForward 2199023255756
I1013 15:21:47.771291 13867 runtime_context.cpp:29] DecreaseCounter constructing_actor_cnt, current val is 47
I1013 15:21:47.771463 13867 naive_actor.cpp:25] actor 2199023255769 switch to &NaiveActor::HandlerNormal
I1013 15:21:47.771486 13867 thread.cpp:96] Thread 1048576 construct Actor kNormalForward 2199023255769
I1013 15:21:47.771518 13867 runtime_context.cpp:29] DecreaseCounter constructing_actor_cnt, current val is 46
I1013 15:21:47.771694 13867 naive_actor.cpp:25] actor 2199023255770 switch to &NaiveActor::HandlerNormal
I1013 15:21:47.771716 13867 thread.cpp:96] Thread 1048576 construct Actor kNormalForward 2199023255770
I1013 15:21:47.771750 13867 runtime_context.cpp:29] DecreaseCounter constructing_actor_cnt, current val is 45
I1013 15:21:47.771921 13867 naive_actor.cpp:25] actor 2199023255771 switch to &NaiveActor::HandlerNormal
I1013 15:21:47.771942 13867 thread.cpp:96] Thread 1048576 construct Actor kNormalForward 2199023255771
I1013 15:21:47.771976 13867 runtime_context.cpp:29] DecreaseCounter constructing_actor_cnt, current val is 44
I1013 15:21:47.772142 13867 naive_actor.cpp:25] actor 2199023255774 switch to &NaiveActor::HandlerNormal
I1013 15:21:47.772164 13867 thread.cpp:96] Thread 1048576 construct Actor kNormalForward 2199023255774
I1013 15:21:47.772197 13867 runtime_context.cpp:29] DecreaseCounter constructing_actor_cnt, current val is 43
I1013 15:21:47.772362 13867 naive_actor.cpp:25] actor 2199023255772 switch to &NaiveActor::HandlerNormal
I1013 15:21:47.772384 13867 thread.cpp:96] Thread 1048576 construct Actor kNormalForward 2199023255772
I1013 15:21:47.772418 13867 runtime_context.cpp:29] DecreaseCounter constructing_actor_cnt, current val is 42
I1013 15:21:47.772598 13867 naive_actor.cpp:25] actor 2199023255773 switch to &NaiveActor::HandlerNormal
I1013 15:21:47.772619 13867 thread.cpp:96] Thread 1048576 construct Actor kNormalForward 2199023255773
I1013 15:21:47.772652 13867 runtime_context.cpp:29] DecreaseCounter constructing_actor_cnt, current val is 41
I1013 15:21:47.772833 13867 naive_actor.cpp:25] actor 2199023255776 switch to &NaiveActor::HandlerNormal
I1013 15:21:47.772856 13867 thread.cpp:96] Thread 1048576 construct Actor kDeviceTick 2199023255776
I1013 15:21:47.772888 13867 runtime_context.cpp:29] DecreaseCounter constructing_actor_cnt, current val is 40
I1013 15:21:47.773056 13867 naive_actor.cpp:25] actor 2199023255740 switch to &NaiveActor::HandlerNormal
I1013 15:21:47.773077 13867 thread.cpp:96] Thread 1048576 construct Actor kNormalForward 2199023255740
I1013 15:21:47.773110 13867 runtime_context.cpp:29] DecreaseCounter constructing_actor_cnt, current val is 39
I1013 15:21:47.773277 13867 naive_actor.cpp:25] actor 2199023255745 switch to &NaiveActor::HandlerNormal
I1013 15:21:47.773298 13867 thread.cpp:96] Thread 1048576 construct Actor kNormalForward 2199023255745
I1013 15:21:47.773331 13867 runtime_context.cpp:29] DecreaseCounter constructing_actor_cnt, current val is 38
I1013 15:21:47.773500 13867 naive_actor.cpp:25] actor 2199023255778 switch to &NaiveActor::HandlerNormal
I1013 15:21:47.773538 13867 thread.cpp:96] Thread 1048576 construct Actor kNormalForward 2199023255778
I1013 15:21:47.773579 13867 runtime_context.cpp:29] DecreaseCounter constructing_actor_cnt, current val is 37
I1013 15:21:47.773744 13867 naive_actor.cpp:25] actor 2199023255779 switch to &NaiveActor::HandlerNormal
I1013 15:21:47.773766 13867 thread.cpp:96] Thread 1048576 construct Actor kNormalForward 2199023255779
I1013 15:21:47.773798 13867 runtime_context.cpp:29] DecreaseCounter constructing_actor_cnt, current val is 36
I1013 15:21:47.773993 13867 naive_actor.cpp:25] actor 2199023255795 switch to &NaiveActor::HandlerNormal
I1013 15:21:47.774031 13867 thread.cpp:96] Thread 1048576 construct Actor kNormalForward 2199023255795
I1013 15:21:47.774068 13867 runtime_context.cpp:29] DecreaseCounter constructing_actor_cnt, current val is 35
I1013 15:21:47.774235 13867 naive_actor.cpp:25] actor 2199023255781 switch to &NaiveActor::HandlerNormal
I1013 15:21:47.774256 13867 thread.cpp:96] Thread 1048576 construct Actor kNormalForward 2199023255781
I1013 15:21:47.774291 13867 runtime_context.cpp:29] DecreaseCounter constructing_actor_cnt, current val is 34
I1013 15:21:47.774462 13867 naive_actor.cpp:25] actor 2199023255780 switch to &NaiveActor::HandlerNormal
I1013 15:21:47.774483 13867 thread.cpp:96] Thread 1048576 construct Actor kNormalForward 2199023255780
I1013 15:21:47.774516 13867 runtime_context.cpp:29] DecreaseCounter constructing_actor_cnt, current val is 33
I1013 15:21:47.774693 13867 naive_actor.cpp:25] actor 2199023255788 switch to &NaiveActor::HandlerNormal
I1013 15:21:47.774713 13867 thread.cpp:96] Thread 1048576 construct Actor kNormalForward 2199023255788
I1013 15:21:47.774746 13867 runtime_context.cpp:29] DecreaseCounter constructing_actor_cnt, current val is 32
I1013 15:21:47.775863 13867 naive_actor.cpp:25] actor 2199023255814 switch to &NaiveActor::HandlerNormal
I1013 15:21:47.775887 13867 thread.cpp:96] Thread 1048576 construct Actor kNormalForward 2199023255814
I1013 15:21:47.775983 13867 runtime_context.cpp:29] DecreaseCounter constructing_actor_cnt, current val is 31
I1013 15:21:47.776165 13867 naive_actor.cpp:25] actor 2199023255783 switch to &NaiveActor::HandlerNormal
I1013 15:21:47.776187 13867 thread.cpp:96] Thread 1048576 construct Actor kNormalForward 2199023255783
I1013 15:21:47.776221 13867 runtime_context.cpp:29] DecreaseCounter constructing_actor_cnt, current val is 30
I1013 15:21:47.776391 13867 naive_actor.cpp:25] actor 2199023255784 switch to &NaiveActor::HandlerNormal
I1013 15:21:47.776412 13867 thread.cpp:96] Thread 1048576 construct Actor kNormalForward 2199023255784
I1013 15:21:47.776446 13867 runtime_context.cpp:29] DecreaseCounter constructing_actor_cnt, current val is 29
I1013 15:21:47.776623 13867 naive_actor.cpp:25] actor 2199023255787 switch to &NaiveActor::HandlerNormal
I1013 15:21:47.776643 13867 thread.cpp:96] Thread 1048576 construct Actor kNormalForward 2199023255787
I1013 15:21:47.776677 13867 runtime_context.cpp:29] DecreaseCounter constructing_actor_cnt, current val is 28
I1013 15:21:47.776844 13867 naive_actor.cpp:25] actor 2199023255785 switch to &NaiveActor::HandlerNormal
I1013 15:21:47.776865 13867 thread.cpp:96] Thread 1048576 construct Actor kNormalForward 2199023255785
I1013 15:21:47.776899 13867 runtime_context.cpp:29] DecreaseCounter constructing_actor_cnt, current val is 27
I1013 15:21:47.777067 13867 naive_actor.cpp:25] actor 2199023255790 switch to &NaiveActor::HandlerNormal
I1013 15:21:47.777088 13867 thread.cpp:96] Thread 1048576 construct Actor kNormalForward 2199023255790
I1013 15:21:47.777122 13867 runtime_context.cpp:29] DecreaseCounter constructing_actor_cnt, current val is 26
I1013 15:21:47.777292 13867 naive_actor.cpp:25] actor 2199023255791 switch to &NaiveActor::HandlerNormal
I1013 15:21:47.777313 13867 thread.cpp:96] Thread 1048576 construct Actor kNormalForward 2199023255791
I1013 15:21:47.777348 13867 runtime_context.cpp:29] DecreaseCounter constructing_actor_cnt, current val is 25
I1013 15:21:47.777514 13867 naive_actor.cpp:25] actor 2199023255789 switch to &NaiveActor::HandlerNormal
I1013 15:21:47.777535 13867 thread.cpp:96] Thread 1048576 construct Actor kNormalForward 2199023255789
I1013 15:21:47.777577 13867 runtime_context.cpp:29] DecreaseCounter constructing_actor_cnt, current val is 24
I1013 15:21:47.777743 13867 naive_actor.cpp:25] actor 2199023255782 switch to &NaiveActor::HandlerNormal
I1013 15:21:47.777765 13867 thread.cpp:96] Thread 1048576 construct Actor kNormalForward 2199023255782
I1013 15:21:47.777798 13867 runtime_context.cpp:29] DecreaseCounter constructing_actor_cnt, current val is 23
I1013 15:21:47.777992 13867 naive_actor.cpp:25] actor 2199023255798 switch to &NaiveActor::HandlerNormal
I1013 15:21:47.778030 13867 thread.cpp:96] Thread 1048576 construct Actor kNormalForward 2199023255798
I1013 15:21:47.778067 13867 runtime_context.cpp:29] DecreaseCounter constructing_actor_cnt, current val is 22
I1013 15:21:47.778235 13867 naive_actor.cpp:25] actor 2199023255796 switch to &NaiveActor::HandlerNormal
I1013 15:21:47.778256 13867 thread.cpp:96] Thread 1048576 construct Actor kNormalForward 2199023255796
I1013 15:21:47.778290 13867 runtime_context.cpp:29] DecreaseCounter constructing_actor_cnt, current val is 21
I1013 15:21:47.778460 13867 naive_actor.cpp:25] actor 2199023255797 switch to &NaiveActor::HandlerNormal
I1013 15:21:47.778481 13867 thread.cpp:96] Thread 1048576 construct Actor kNormalForward 2199023255797
I1013 15:21:47.778513 13867 runtime_context.cpp:29] DecreaseCounter constructing_actor_cnt, current val is 20
I1013 15:21:47.778687 13867 naive_actor.cpp:25] actor 2199023255804 switch to &NaiveActor::HandlerNormal
I1013 15:21:47.778707 13867 thread.cpp:96] Thread 1048576 construct Actor kNormalForward 2199023255804
I1013 15:21:47.778740 13867 runtime_context.cpp:29] DecreaseCounter constructing_actor_cnt, current val is 19
I1013 15:21:47.778908 13867 naive_actor.cpp:25] actor 2199023255801 switch to &NaiveActor::HandlerNormal
I1013 15:21:47.778928 13867 thread.cpp:96] Thread 1048576 construct Actor kNormalForward 2199023255801
I1013 15:21:47.778961 13867 runtime_context.cpp:29] DecreaseCounter constructing_actor_cnt, current val is 18
I1013 15:21:47.779125 13867 naive_actor.cpp:25] actor 2199023255809 switch to &NaiveActor::HandlerNormal
I1013 15:21:47.779146 13867 thread.cpp:96] Thread 1048576 construct Actor kNormalForward 2199023255809
I1013 15:21:47.779178 13867 runtime_context.cpp:29] DecreaseCounter constructing_actor_cnt, current val is 17
I1013 15:21:47.779342 13867 naive_actor.cpp:25] actor 2199023255808 switch to &NaiveActor::HandlerNormal
I1013 15:21:47.779363 13867 thread.cpp:96] Thread 1048576 construct Actor kNormalForward 2199023255808
I1013 15:21:47.779397 13867 runtime_context.cpp:29] DecreaseCounter constructing_actor_cnt, current val is 16
I1013 15:21:47.779558 13867 naive_actor.cpp:25] actor 2199023255792 switch to &NaiveActor::HandlerNormal
I1013 15:21:47.779587 13867 thread.cpp:96] Thread 1048576 construct Actor kNormalForward 2199023255792
I1013 15:21:47.779620 13867 runtime_context.cpp:29] DecreaseCounter constructing_actor_cnt, current val is 15
I1013 15:21:47.779789 13867 naive_actor.cpp:25] actor 2199023255803 switch to &NaiveActor::HandlerNormal
I1013 15:21:47.779810 13867 thread.cpp:96] Thread 1048576 construct Actor kNormalForward 2199023255803
I1013 15:21:47.779843 13867 runtime_context.cpp:29] DecreaseCounter constructing_actor_cnt, current val is 14
I1013 15:21:47.780007 13867 naive_actor.cpp:25] actor 2199023255794 switch to &NaiveActor::HandlerNormal
I1013 15:21:47.780028 13867 thread.cpp:96] Thread 1048576 construct Actor kNormalForward 2199023255794
I1013 15:21:47.780061 13867 runtime_context.cpp:29] DecreaseCounter constructing_actor_cnt, current val is 13
I1013 15:21:47.780226 13867 naive_actor.cpp:25] actor 2199023255807 switch to &NaiveActor::HandlerNormal
I1013 15:21:47.780247 13867 thread.cpp:96] Thread 1048576 construct Actor kNormalForward 2199023255807
I1013 15:21:47.780280 13867 runtime_context.cpp:29] DecreaseCounter constructing_actor_cnt, current val is 12
I1013 15:21:47.780445 13867 naive_actor.cpp:25] actor 2199023255806 switch to &NaiveActor::HandlerNormal
I1013 15:21:47.780467 13867 thread.cpp:96] Thread 1048576 construct Actor kNormalForward 2199023255806
I1013 15:21:47.780500 13867 runtime_context.cpp:29] DecreaseCounter constructing_actor_cnt, current val is 11
I1013 15:21:47.780673 13867 naive_actor.cpp:25] actor 2199023255805 switch to &NaiveActor::HandlerNormal
I1013 15:21:47.780694 13867 thread.cpp:96] Thread 1048576 construct Actor kNormalForward 2199023255805
I1013 15:21:47.780748 13867 runtime_context.cpp:29] DecreaseCounter constructing_actor_cnt, current val is 10
I1013 15:21:47.780920 13867 naive_actor.cpp:25] actor 2199023255799 switch to &NaiveActor::HandlerNormal
I1013 15:21:47.780958 13867 thread.cpp:96] Thread 1048576 construct Actor kNormalForward 2199023255799
I1013 15:21:47.780995 13867 runtime_context.cpp:29] DecreaseCounter constructing_actor_cnt, current val is 9
I1013 15:21:47.781163 13867 naive_actor.cpp:25] actor 2199023255800 switch to &NaiveActor::HandlerNormal
I1013 15:21:47.781184 13867 thread.cpp:96] Thread 1048576 construct Actor kNormalForward 2199023255800
I1013 15:21:47.781217 13867 runtime_context.cpp:29] DecreaseCounter constructing_actor_cnt, current val is 8
I1013 15:21:47.781388 13867 naive_actor.cpp:25] actor 2199023255802 switch to &NaiveActor::HandlerNormal
I1013 15:21:47.781409 13867 thread.cpp:96] Thread 1048576 construct Actor kNormalForward 2199023255802
I1013 15:21:47.781441 13867 runtime_context.cpp:29] DecreaseCounter constructing_actor_cnt, current val is 7
I1013 15:21:47.781613 13867 naive_actor.cpp:25] actor 2199023255811 switch to &NaiveActor::HandlerNormal
I1013 15:21:47.781634 13867 thread.cpp:96] Thread 1048576 construct Actor kNormalForward 2199023255811
I1013 15:21:47.781668 13867 runtime_context.cpp:29] DecreaseCounter constructing_actor_cnt, current val is 6
I1013 15:21:47.781843 13867 naive_actor.cpp:25] actor 2199023255815 switch to &NaiveActor::HandlerNormal
I1013 15:21:47.781864 13867 thread.cpp:96] Thread 1048576 construct Actor kDeviceTick 2199023255815
I1013 15:21:47.781898 13867 runtime_context.cpp:29] DecreaseCounter constructing_actor_cnt, current val is 5
I1013 15:21:47.782063 13867 naive_actor.cpp:25] actor 2199023255793 switch to &NaiveActor::HandlerNormal
I1013 15:21:47.782083 13867 thread.cpp:96] Thread 1048576 construct Actor kNormalForward 2199023255793
I1013 15:21:47.782116 13867 runtime_context.cpp:29] DecreaseCounter constructing_actor_cnt, current val is 4
I1013 15:21:47.782284 13867 naive_actor.cpp:25] actor 2199023255813 switch to &NaiveActor::HandlerNormal
I1013 15:21:47.782305 13867 thread.cpp:96] Thread 1048576 construct Actor kNormalForward 2199023255813
I1013 15:21:47.782338 13867 runtime_context.cpp:29] DecreaseCounter constructing_actor_cnt, current val is 3
I1013 15:21:47.782505 13867 naive_actor.cpp:25] actor 2199023255812 switch to &NaiveActor::HandlerNormal
I1013 15:21:47.782526 13867 thread.cpp:96] Thread 1048576 construct Actor kNormalForward 2199023255812
I1013 15:21:47.782558 13867 runtime_context.cpp:29] DecreaseCounter constructing_actor_cnt, current val is 2
I1013 15:21:47.782735 13867 naive_actor.cpp:25] actor 2199023255810 switch to &NaiveActor::HandlerNormal
I1013 15:21:47.782757 13867 thread.cpp:96] Thread 1048576 construct Actor kNormalForward 2199023255810
I1013 15:21:47.782790 13867 runtime_context.cpp:29] DecreaseCounter constructing_actor_cnt, current val is 1
I1013 15:21:47.782966 13867 naive_actor.cpp:25] actor 2199023255786 switch to &NaiveActor::HandlerNormal
I1013 15:21:47.782987 13867 thread.cpp:96] Thread 1048576 construct Actor kNormalForward 2199023255786
I1013 15:21:47.783026 13867 runtime_context.cpp:29] DecreaseCounter constructing_actor_cnt, current val is 0
I1013 15:21:47.784514 13202 runtime.cpp:93] Actors on this machine constructed
I1013 15:21:47.784581 13202 runtime.cpp:95] Actors on every machine constructed
I1013 15:21:47.784612 13202 runtime_context.cpp:21] NewCounter job_5_running_actor_count 41
I1013 15:21:47.784632 13202 runtime_context.cpp:21] NewCounter job_4_running_actor_count 16
I1013 15:21:47.784649 13202 runtime_context.cpp:21] NewCounter job_3_running_actor_count 51
I1013 15:21:47.784667 13202 runtime_context.cpp:21] NewCounter job_2_running_actor_count 51
I1013 15:21:47.784683 13202 runtime_context.cpp:21] NewCounter job_0_running_actor_count 179
I1013 15:21:47.784699 13202 runtime_context.cpp:21] NewCounter job_1_running_actor_count 50
I1013 15:21:47.784744 13840 wait_and_send_ids_actor.cpp:73] actor 1099616485376 switch to &WaitAndSendIdsActor::HandlerNormal
I1013 15:21:47.784902 13202 global.h:36] NewGlobal N7oneflow7JobDescE
I1013 15:21:47.811163 13202 global.h:43] DeleteGlobal N7oneflow7JobDescE
I1013 15:21:55.683053 13202 global.h:43] DeleteGlobal N7oneflow7OneflowE
I1013 15:21:55.683470 13840 actor.cpp:411] actor 1099616485376 switch to &Actor::HandlerZombie
I1013 15:21:55.683693 13839 actor.cpp:411] actor 1099614388283 switch to &Actor::HandlerZombie
I1013 15:21:55.683741 13840 thread.cpp:76] thread 524338 deconstruct actor 1099616485376
I1013 15:21:55.683758 13839 actor.cpp:408] actor 1099614388284 switch to nullptr
I1013 15:21:55.683784 13839 thread.cpp:76] thread 524337 deconstruct actor 1099614388284
I1013 15:21:55.684031 13840 runtime_context.cpp:29] DecreaseCounter job_5_running_actor_count, current val is 40
I1013 15:21:55.684154 13839 runtime_context.cpp:29] DecreaseCounter job_5_running_actor_count, current val is 39
I1013 15:21:55.684192 13839 actor.cpp:408] actor 1099614388309 switch to nullptr
I1013 15:21:55.684208 13839 thread.cpp:76] thread 524337 deconstruct actor 1099614388309
I1013 15:21:55.684350 13839 runtime_context.cpp:29] DecreaseCounter job_5_running_actor_count, current val is 38
I1013 15:21:55.684378 13839 actor.cpp:408] actor 1099614388289 switch to nullptr
I1013 15:21:55.684394 13839 thread.cpp:76] thread 524337 deconstruct actor 1099614388289
I1013 15:21:55.684527 13839 runtime_context.cpp:29] DecreaseCounter job_5_running_actor_count, current val is 37
I1013 15:21:55.684556 13839 actor.cpp:408] actor 1099614388285 switch to nullptr
I1013 15:21:55.684582 13839 thread.cpp:76] thread 524337 deconstruct actor 1099614388285
I1013 15:21:55.684716 13839 runtime_context.cpp:29] DecreaseCounter job_5_running_actor_count, current val is 36
I1013 15:21:55.684743 13839 actor.cpp:408] actor 1099614388293 switch to nullptr
I1013 15:21:55.684758 13839 thread.cpp:76] thread 524337 deconstruct actor 1099614388293
I1013 15:21:55.684881 13839 runtime_context.cpp:29] DecreaseCounter job_5_running_actor_count, current val is 35
I1013 15:21:55.684911 13839 actor.cpp:408] actor 1099614388297 switch to nullptr
I1013 15:21:55.684926 13839 thread.cpp:76] thread 524337 deconstruct actor 1099614388297
I1013 15:21:55.685051 13839 runtime_context.cpp:29] DecreaseCounter job_5_running_actor_count, current val is 34
I1013 15:21:55.685079 13839 actor.cpp:408] actor 1099614388301 switch to nullptr
I1013 15:21:55.685096 13839 thread.cpp:76] thread 524337 deconstruct actor 1099614388301
I1013 15:21:55.685235 13839 runtime_context.cpp:29] DecreaseCounter job_5_running_actor_count, current val is 33
I1013 15:21:55.685263 13839 actor.cpp:408] actor 1099614388305 switch to nullptr
I1013 15:21:55.685278 13839 thread.cpp:76] thread 524337 deconstruct actor 1099614388305
I1013 15:21:55.685392 13839 runtime_context.cpp:29] DecreaseCounter job_5_running_actor_count, current val is 32
I1013 15:21:55.685420 13839 actor.cpp:408] actor 1099614388310 switch to nullptr
I1013 15:21:55.685436 13839 thread.cpp:76] thread 524337 deconstruct actor 1099614388310
I1013 15:21:55.685557 13839 runtime_context.cpp:29] DecreaseCounter job_5_running_actor_count, current val is 31
I1013 15:21:55.685593 13839 actor.cpp:408] actor 1099614388290 switch to nullptr
I1013 15:21:55.685609 13839 thread.cpp:76] thread 524337 deconstruct actor 1099614388290
I1013 15:21:55.685720 13839 runtime_context.cpp:29] DecreaseCounter job_5_running_actor_count, current val is 30
I1013 15:21:55.685748 13839 actor.cpp:408] actor 1099614388286 switch to nullptr
I1013 15:21:55.685763 13839 thread.cpp:76] thread 524337 deconstruct actor 1099614388286
I1013 15:21:55.685887 13839 runtime_context.cpp:29] DecreaseCounter job_5_running_actor_count, current val is 29
I1013 15:21:55.685912 13839 actor.cpp:408] actor 1099614388294 switch to nullptr
I1013 15:21:55.685927 13839 thread.cpp:76] thread 524337 deconstruct actor 1099614388294
I1013 15:21:55.686053 13839 runtime_context.cpp:29] DecreaseCounter job_5_running_actor_count, current val is 28
I1013 15:21:55.686079 13839 actor.cpp:408] actor 1099614388298 switch to nullptr
I1013 15:21:55.686239 13839 thread.cpp:76] thread 524337 deconstruct actor 1099614388298
I1013 15:21:55.686394 13839 runtime_context.cpp:29] DecreaseCounter job_5_running_actor_count, current val is 27
I1013 15:21:55.686456 13839 actor.cpp:408] actor 1099614388302 switch to nullptr
I1013 15:21:55.686477 13839 thread.cpp:76] thread 524337 deconstruct actor 1099614388302
I1013 15:21:55.686619 13839 runtime_context.cpp:29] DecreaseCounter job_5_running_actor_count, current val is 26
I1013 15:21:55.686651 13839 actor.cpp:408] actor 1099614388306 switch to nullptr
I1013 15:21:55.686667 13839 thread.cpp:76] thread 524337 deconstruct actor 1099614388306
I1013 15:21:55.686779 13839 runtime_context.cpp:29] DecreaseCounter job_5_running_actor_count, current val is 25
I1013 15:21:55.686808 13839 actor.cpp:408] actor 1099614388279 switch to nullptr
I1013 15:21:55.686825 13839 thread.cpp:76] thread 524337 deconstruct actor 1099614388279
I1013 15:21:55.686942 13839 runtime_context.cpp:29] DecreaseCounter job_4_running_actor_count, current val is 15
I1013 15:21:55.686970 13839 actor.cpp:408] actor 1099614388236 switch to nullptr
I1013 15:21:55.686985 13839 thread.cpp:76] thread 524337 deconstruct actor 1099614388236
I1013 15:21:55.687129 13839 runtime_context.cpp:29] DecreaseCounter job_0_running_actor_count, current val is 178
I1013 15:21:55.687155 13839 actor.cpp:408] actor 1099614388228 switch to nullptr
I1013 15:21:55.687170 13839 thread.cpp:76] thread 524337 deconstruct actor 1099614388228
I1013 15:21:55.687306 13839 runtime_context.cpp:29] DecreaseCounter job_0_running_actor_count, current val is 177
I1013 15:21:55.687335 13839 actor.cpp:408] actor 1099614388245 switch to nullptr
I1013 15:21:55.687351 13839 thread.cpp:76] thread 524337 deconstruct actor 1099614388245
I1013 15:21:55.687479 13839 runtime_context.cpp:29] DecreaseCounter job_1_running_actor_count, current val is 49
I1013 15:21:55.687507 13839 actor.cpp:408] actor 1099614388254 switch to nullptr
I1013 15:21:55.687522 13839 thread.cpp:76] thread 524337 deconstruct actor 1099614388254
I1013 15:21:55.687651 13839 runtime_context.cpp:29] DecreaseCounter job_2_running_actor_count, current val is 50
I1013 15:21:55.687680 13839 actor.cpp:408] actor 1099614388263 switch to nullptr
I1013 15:21:55.687695 13839 thread.cpp:76] thread 524337 deconstruct actor 1099614388263
I1013 15:21:55.687808 13839 runtime_context.cpp:29] DecreaseCounter job_3_running_actor_count, current val is 50
I1013 15:21:55.687836 13839 actor.cpp:408] actor 1099614388271 switch to nullptr
I1013 15:21:55.687851 13839 thread.cpp:76] thread 524337 deconstruct actor 1099614388271
I1013 15:21:55.687973 13839 runtime_context.cpp:29] DecreaseCounter job_4_running_actor_count, current val is 14
I1013 15:21:55.688000 13839 actor.cpp:408] actor 1099614388277 switch to nullptr
I1013 15:21:55.688015 13839 thread.cpp:76] thread 524337 deconstruct actor 1099614388277
I1013 15:21:55.688139 13839 runtime_context.cpp:29] DecreaseCounter job_4_running_actor_count, current val is 13
I1013 15:21:55.688165 13839 actor.cpp:408] actor 1099614388234 switch to nullptr
I1013 15:21:55.688180 13839 thread.cpp:76] thread 524337 deconstruct actor 1099614388234
I1013 15:21:55.688309 13839 runtime_context.cpp:29] DecreaseCounter job_0_running_actor_count, current val is 176
I1013 15:21:55.688349 13839 actor.cpp:408] actor 1099614388225 switch to nullptr
I1013 15:21:55.688365 13839 thread.cpp:76] thread 524337 deconstruct actor 1099614388225
I1013 15:21:55.688496 13839 runtime_context.cpp:29] DecreaseCounter job_0_running_actor_count, current val is 175
I1013 15:21:55.688498 13867 actor.cpp:408] actor 2199023255698 switch to nullptr
I1013 15:21:55.688539 13839 actor.cpp:408] actor 1099614388242 switch to nullptr
I1013 15:21:55.688588 13867 thread.cpp:76] thread 1048576 deconstruct actor 2199023255698
I1013 15:21:55.688593 13839 thread.cpp:76] thread 524337 deconstruct actor 1099614388242
I1013 15:21:55.688757 13839 runtime_context.cpp:29] DecreaseCounter job_1_running_actor_count, current val is 48
I1013 15:21:55.688786 13867 runtime_context.cpp:29] DecreaseCounter job_0_running_actor_count, current val is 174
I1013 15:21:55.688791 13839 actor.cpp:408] actor 1099614388251 switch to nullptr
I1013 15:21:55.688891 13839 thread.cpp:76] thread 524337 deconstruct actor 1099614388251
I1013 15:21:55.688900 13867 actor.cpp:408] actor 2199023255737 switch to nullptr
I1013 15:21:55.688966 13867 thread.cpp:76] thread 1048576 deconstruct actor 2199023255737
I1013 15:21:55.689033 13839 runtime_context.cpp:29] DecreaseCounter job_2_running_actor_count, current val is 49
I1013 15:21:55.689067 13839 actor.cpp:408] actor 1099614388260 switch to nullptr
I1013 15:21:55.689083 13839 thread.cpp:76] thread 524337 deconstruct actor 1099614388260
I1013 15:21:55.689119 13867 runtime_context.cpp:29] DecreaseCounter job_1_running_actor_count, current val is 47
I1013 15:21:55.689164 13867 actor.cpp:408] actor 2199023255691 switch to nullptr
I1013 15:21:55.689182 13867 thread.cpp:76] thread 1048576 deconstruct actor 2199023255691
I1013 15:21:55.689203 13839 runtime_context.cpp:29] DecreaseCounter job_3_running_actor_count, current val is 49
I1013 15:21:55.689231 13839 actor.cpp:408] actor 1099614388268 switch to nullptr
I1013 15:21:55.689246 13839 thread.cpp:76] thread 524337 deconstruct actor 1099614388268
I1013 15:21:55.689319 13867 runtime_context.cpp:29] DecreaseCounter job_0_running_actor_count, current val is 173
I1013 15:21:55.689358 13839 runtime_context.cpp:29] DecreaseCounter job_4_running_actor_count, current val is 12
I1013 15:21:55.689363 13867 actor.cpp:408] actor 2199023255685 switch to nullptr
I1013 15:21:55.689394 13839 actor.cpp:411] actor 1099614388280 switch to &Actor::HandlerZombie
I1013 15:21:55.689411 13867 thread.cpp:76] thread 1048576 deconstruct actor 2199023255685
I1013 15:21:55.689445 13839 actor.cpp:408] actor 1099614388275 switch to nullptr
I1013 15:21:55.689464 13839 thread.cpp:76] thread 524337 deconstruct actor 1099614388275
I1013 15:21:55.689504 13838 actor.cpp:411] actor 1099555667968 switch to &Actor::HandlerZombie
I1013 15:21:55.689580 13867 runtime_context.cpp:29] DecreaseCounter job_0_running_actor_count, current val is 172
I1013 15:21:55.689594 13838 thread.cpp:76] thread 524309 deconstruct actor 1099555667968
I1013 15:21:55.689643 13867 actor.cpp:408] actor 2199023255683 switch to nullptr
I1013 15:21:55.689527 13837 actor.cpp:411] actor 1099553570816 switch to &Actor::HandlerZombie
I1013 15:21:55.689625 13839 runtime_context.cpp:29] DecreaseCounter job_4_running_actor_count, current val is 11
I1013 15:21:55.689666 13867 thread.cpp:76] thread 1048576 deconstruct actor 2199023255683
I1013 15:21:55.689741 13839 actor.cpp:411] actor 1099614388237 switch to &Actor::HandlerZombie
I1013 15:21:55.689785 13839 actor.cpp:408] actor 1099614388232 switch to nullptr
I1013 15:21:55.689792 13838 runtime_context.cpp:29] DecreaseCounter job_4_running_actor_count, current val is 10
I1013 15:21:55.689802 13839 thread.cpp:76] thread 524337 deconstruct actor 1099614388232
I1013 15:21:55.689880 13867 runtime_context.cpp:29] DecreaseCounter job_0_running_actor_count, current val is 171
I1013 15:21:55.689883 13822 actor.cpp:411] actor 1099522113536 switch to &Actor::HandlerZombie
I1013 15:21:55.689977 13839 runtime_context.cpp:29] DecreaseCounter job_0_running_actor_count, current val is 170
I1013 15:21:55.689951 13867 actor.cpp:408] actor 2199023255681 switch to nullptr
I1013 15:21:55.690016 13839 actor.cpp:411] actor 1099614388229 switch to &Actor::HandlerZombie
I1013 15:21:55.690033 13867 thread.cpp:76] thread 1048576 deconstruct actor 2199023255681
I1013 15:21:55.690080 13839 actor.cpp:408] actor 1099614388224 switch to nullptr
I1013 15:21:55.690100 13839 thread.cpp:76] thread 524337 deconstruct actor 1099614388224
I1013 15:21:55.690155 13823 actor.cpp:408] actor 1099524210688 switch to nullptr
I1013 15:21:55.690192 13867 runtime_context.cpp:29] DecreaseCounter job_0_running_actor_count, current val is 169
I1013 15:21:55.690202 13823 thread.cpp:76] thread 524294 deconstruct actor 1099524210688
I1013 15:21:55.690232 13826 actor.cpp:411] actor 1099530502144 switch to &Actor::HandlerZombie
I1013 15:21:55.690402 13820 actor.cpp:408] actor 1099517919232 switch to nullptr
I1013 15:21:55.690340 13824 actor.cpp:408] actor 1099526307840 switch to nullptr
I1013 15:21:55.690347 13821 actor.cpp:408] actor 1099520016384 switch to nullptr
I1013 15:21:55.690354 13817 actor.cpp:408] actor 1099511627776 switch to nullptr
I1013 15:21:55.690343 13867 actor.cpp:408] actor 2199023255675 switch to nullptr
I1013 15:21:55.690407 13825 actor.cpp:408] actor 1099528404992 switch to nullptr
I1013 15:21:55.690414 13827 actor.cpp:408] actor 1099532599296 switch to nullptr
I1013 15:21:55.690243 13839 runtime_context.cpp:29] DecreaseCounter job_0_running_actor_count, current val is 168
I1013 15:21:55.690868 13839 actor.cpp:411] actor 1099614388246 switch to &Actor::HandlerZombie
I1013 15:21:55.690443 13819 actor.cpp:408] actor 1099515822080 switch to nullptr
I1013 15:21:55.690943 13819 thread.cpp:76] thread 524290 deconstruct actor 1099515822080
I1013 15:21:55.690469 13826 thread.cpp:76] thread 524297 deconstruct actor 1099530502144
I1013 15:21:55.690999 13829 actor.cpp:408] actor 1099536793600 switch to nullptr
I1013 15:21:55.691058 13830 actor.cpp:408] actor 1099538890752 switch to nullptr
I1013 15:21:55.691110 13830 thread.cpp:76] thread 524301 deconstruct actor 1099538890752
I1013 15:21:55.690529 13820 thread.cpp:76] thread 524291 deconstruct actor 1099517919232
I1013 15:21:55.690595 13823 runtime_context.cpp:29] DecreaseCounter job_0_running_actor_count, current val is 167
I1013 15:21:55.691232 13830 runtime_context.cpp:29] DecreaseCounter job_1_running_actor_count, current val is 46
I1013 15:21:55.690640 13824 thread.cpp:76] thread 524295 deconstruct actor 1099526307840
I1013 15:21:55.691373 13820 runtime_context.cpp:29] DecreaseCounter job_0_running_actor_count, current val is 164
I1013 15:21:55.690726 13817 thread.cpp:76] thread 524288 deconstruct actor 1099511627776
I1013 15:21:55.690747 13867 thread.cpp:76] thread 1048576 deconstruct actor 2199023255675
I1013 15:21:55.690779 13825 thread.cpp:76] thread 524296 deconstruct actor 1099528404992
I1013 15:21:55.691534 13824 runtime_context.cpp:29] DecreaseCounter job_0_running_actor_count, current val is 163
I1013 15:21:55.690832 13827 thread.cpp:76] thread 524298 deconstruct actor 1099532599296
I1013 15:21:55.690907 13839 actor.cpp:408] actor 1099614388241 switch to nullptr
I1013 15:21:55.691635 13867 runtime_context.cpp:29] DecreaseCounter job_0_running_actor_count, current val is 162
I1013 15:21:55.690474 13869 actor.cpp:408] actor 2199025352704 switch to nullptr
I1013 15:21:55.691061 13829 thread.cpp:76] thread 524300 deconstruct actor 1099536793600
I1013 15:21:55.690448 13818 actor.cpp:408] actor 1099513724928 switch to nullptr
I1013 15:21:55.691823 13818 thread.cpp:76] thread 524289 deconstruct actor 1099513724928
I1013 15:21:55.691197 13819 runtime_context.cpp:29] DecreaseCounter job_0_running_actor_count, current val is 166
I1013 15:21:55.691910 13829 runtime_context.cpp:29] DecreaseCounter job_1_running_actor_count, current val is 45
I1013 15:21:55.691265 13826 runtime_context.cpp:29] DecreaseCounter job_0_running_actor_count, current val is 165
I1013 15:21:55.690675 13821 thread.cpp:76] thread 524292 deconstruct actor 1099520016384
I1013 15:21:55.692013 13827 runtime_context.cpp:29] DecreaseCounter job_0_running_actor_count, current val is 160
I1013 15:21:55.691004 13828 actor.cpp:408] actor 1099534696448 switch to nullptr
I1013 15:21:55.691689 13867 actor.cpp:408] actor 2199023255673 switch to nullptr
I1013 15:21:55.692256 13867 thread.cpp:76] thread 1048576 deconstruct actor 2199023255673
I1013 15:21:55.691722 13825 runtime_context.cpp:29] DecreaseCounter job_0_running_actor_count, current val is 161
I1013 15:21:55.691725 13869 thread.cpp:76] thread 1048577 deconstruct actor 2199025352704
I1013 15:21:55.691648 13839 thread.cpp:76] thread 524337 deconstruct actor 1099614388241
I1013 15:21:55.692209 13828 thread.cpp:76] thread 524299 deconstruct actor 1099534696448
I1013 15:21:55.692369 13821 runtime_context.cpp:29] DecreaseCounter job_0_running_actor_count, current val is 158
I1013 15:21:55.692104 13818 runtime_context.cpp:29] DecreaseCounter job_0_running_actor_count, current val is 159
I1013 15:21:55.692497 13839 runtime_context.cpp:29] DecreaseCounter job_1_running_actor_count, current val is 44
I1013 15:21:55.692422 13869 runtime_context.cpp:29] DecreaseCounter job_0_running_actor_count, current val is 156
I1013 15:21:55.692404 13867 runtime_context.cpp:29] DecreaseCounter job_0_running_actor_count, current val is 157
I1013 15:21:55.692620 13869 actor.cpp:408] actor 2199025352705 switch to nullptr
I1013 15:21:55.692646 13869 thread.cpp:76] thread 1048577 deconstruct actor 2199025352705
I1013 15:21:55.692579 13839 actor.cpp:411] actor 1099614388255 switch to &Actor::HandlerZombie
I1013 15:21:55.692608 13828 runtime_context.cpp:29] DecreaseCounter job_1_running_actor_count, current val is 43
I1013 15:21:55.692718 13869 runtime_context.cpp:29] DecreaseCounter job_0_running_actor_count, current val is 155
I1013 15:21:55.692713 13839 actor.cpp:408] actor 1099614388250 switch to nullptr
I1013 15:21:55.692762 13869 actor.cpp:408] actor 2199025352707 switch to nullptr
I1013 15:21:55.692656 13867 actor.cpp:408] actor 2199023255671 switch to nullptr
I1013 15:21:55.692772 13839 thread.cpp:76] thread 524337 deconstruct actor 1099614388250
I1013 15:21:55.692863 13867 thread.cpp:76] thread 1048576 deconstruct actor 2199023255671
I1013 15:21:55.692817 13869 thread.cpp:76] thread 1048577 deconstruct actor 2199025352707
I1013 15:21:55.692772 13831 actor.cpp:408] actor 1099540987904 switch to nullptr
I1013 15:21:55.692804 13833 actor.cpp:411] actor 1099545182208 switch to &Actor::HandlerZombie
I1013 15:21:55.693003 13839 runtime_context.cpp:29] DecreaseCounter job_2_running_actor_count, current val is 48
I1013 15:21:55.692785 13817 runtime_context.cpp:29] DecreaseCounter job_0_running_actor_count, current val is 154
I1013 15:21:55.692972 13831 thread.cpp:76] thread 524302 deconstruct actor 1099540987904
I1013 15:21:55.692976 13869 runtime_context.cpp:29] DecreaseCounter job_0_running_actor_count, current val is 153
I1013 15:21:55.692806 13832 actor.cpp:408] actor 1099543085056 switch to nullptr
I1013 15:21:55.693011 13833 thread.cpp:76] thread 524304 deconstruct actor 1099545182208
I1013 15:21:55.693030 13867 runtime_context.cpp:29] DecreaseCounter job_0_running_actor_count, current val is 152
