Log file created at: 2021/10/13 09:40:17
Running on machine: oneflow-14
Log line format: [IWEF]mmdd hh:mm:ss.uuuuuu threadid file:line] msg
I1013 09:40:17.580030 23048 global.h:36] NewGlobal 14cudaDeviceProp
I1013 09:40:17.580791 23048 global.h:36] NewGlobal N7oneflow7EnvDescE
I1013 09:40:17.580806 23048 global.h:36] NewGlobal N7oneflow10ProcessCtxE
I1013 09:40:17.580816 23048 env_global_objects_scope.cpp:152] using rpc backend: local
I1013 09:40:17.580828 23048 global.h:36] NewGlobal N7oneflow12ResourceDescE
I1013 09:40:17.580837 23048 global.h:36] NewGlobal N7oneflow12ResourceDescE
I1013 09:40:17.635468 23048 global.h:36] NewGlobal N7oneflow10ThreadPoolE
I1013 09:40:17.636694 23048 global.h:36] NewGlobal N7oneflow16EagerNcclCommMgrE
I1013 09:40:17.636710 23048 global.h:36] NewGlobal N7oneflow18CudnnConvAlgoCacheE
I1013 09:40:17.636723 23048 global.h:36] NewGlobal N7oneflow2vm19VirtualMachineScopeE
I1013 09:40:17.636730 23048 global.h:36] NewGlobal N7oneflow9OneflowVME
I1013 09:40:17.637590 23048 oneflow_vm.cpp:75] transport stream type: N7oneflow2vm13CpuStreamTypeE
I1013 09:40:17.637609 23048 oneflow_vm.cpp:75] transport stream type: N7oneflow2vm14CudaStreamTypeE
I1013 09:40:17.637616 23048 oneflow_vm.cpp:75] transport stream type: N7oneflow2vm19AsyncCudaStreamTypeE
I1013 09:40:17.637749 23048 global.h:36] NewGlobal N7oneflow27EagerJobBuildAndInferCtxMgrE
I1013 09:40:17.637763 23048 global.h:36] NewGlobal N7oneflow12EpollCommNetE
I1013 09:40:17.637885 23048 epoll_comm_network.cpp:63] CommNet:Epoll listening on 0.0.0.0:40268
I1013 09:40:17.637920 23048 epoll_comm_network.cpp:197] machine 0 sockfd -1
I1013 09:40:17.638041 23048 global.h:36] NewGlobal N7oneflow9TransportE
I1013 09:40:17.639377 23048 global.h:43] DeleteGlobal N7oneflow12ResourceDescE
I1013 09:40:17.639406 23048 version.cpp:22] OneFlow git version: b295ca2324
I1013 09:40:17.639433 23048 device_register_gpu.cpp:56] CUDA runtime version: 11.2
I1013 09:40:17.639456 23048 device_register_gpu.cpp:65] cuDNN version: 8.1.1
I1013 09:40:17.639467 23048 device_register_gpu.cpp:78] NCCL version: 2.9.8
I1013 09:40:17.639475 23048 global.h:36] NewGlobal N7oneflow12ResourceDescE
I1013 09:40:17.639482 23048 global.h:36] NewGlobal N7oneflow5IDMgrE
I1013 09:40:17.639490 23048 global.h:36] NewGlobal N7oneflow16AvailableMemDescE
I1013 09:40:17.639516 23048 global.h:36] NewGlobal St13unordered_mapISslSt4hashISsESt8equal_toISsESaISt4pairIKSslEEE
I1013 09:40:17.639524 23048 global.h:36] NewGlobal N7oneflow19CriticalSectionDescE
I1013 09:40:17.639531 23048 global.h:36] NewGlobal N7oneflow16InterUserJobInfoE
I1013 09:40:17.639539 23048 global.h:36] NewGlobal N7oneflow26LazyJobBuildAndInferCtxMgrE
I1013 09:40:17.639545 23048 global.h:36] NewGlobal N7oneflow16JobSetCompileCtxE
I1013 09:40:17.639554 23048 global.h:36] NewGlobal N7oneflow26RuntimeBufferManagersScopeE
I1013 09:40:17.639560 23048 global.h:36] NewGlobal N7oneflow9BufferMgrIlEE
I1013 09:40:17.639567 23048 global.h:36] NewGlobal N7oneflow9BufferMgrISt10shared_ptrINS_11JobInstanceEEEE
I1013 09:40:17.639575 23048 global.h:36] NewGlobal N7oneflow10RuntimeCtxE
I1013 09:40:17.639580 23048 global.h:36] NewGlobal N7oneflow15MemoryAllocatorE
I1013 09:40:17.639586 23048 global.h:36] NewGlobal N7oneflow8ChunkMgrE
I1013 09:40:17.639593 23048 global.h:36] NewGlobal N7oneflow8RegstMgrE
I1013 09:40:17.639600 23048 global.h:36] NewGlobal N7oneflow11ActorMsgBusE
I1013 09:40:17.639606 23048 global.h:36] NewGlobal N7oneflow9ThreadMgrE
I1013 09:40:17.639612 23048 global.h:36] NewGlobal N7oneflow15RuntimeJobDescsE
I1013 09:40:17.639618 23048 global.h:36] NewGlobal N7oneflow7summary12EventsWriterE
I1013 09:40:17.639628 23048 global.h:36] NewGlobal N7oneflow6boxing10collective24CollectiveBoxingExecutorE
I1013 09:40:17.639634 23048 global.h:36] NewGlobal N7oneflow6boxing10collective31CollectiveBoxingDeviceCtxPollerE
I1013 09:40:17.639758 23048 session.h:77] NewGlobal N7oneflow25SessionGlobalObjectsScopeE
I1013 09:40:17.640486 23048 global.h:36] NewGlobal N7oneflow7JobDescE
I1013 09:40:18.006727 23048 global.h:43] DeleteGlobal N7oneflow7JobDescE
I1013 09:40:18.006935 23048 global.h:36] NewGlobal N7oneflow7JobDescE
I1013 09:40:18.009889 23048 global.h:36] NewGlobal N7oneflow7OpGraphE
I1013 09:40:18.013818 23048 global.h:43] DeleteGlobal N7oneflow7OpGraphE
I1013 09:40:18.172211 23048 global.h:43] DeleteGlobal N7oneflow7JobDescE
I1013 09:40:18.187830 23048 global.h:36] NewGlobal N7oneflow24InterJobReuseMemStrategyE
I1013 09:40:18.187855 23048 global.h:36] NewGlobal N7oneflow7OneflowE
I1013 09:40:18.199592 23048 global.h:36] NewGlobal N7oneflow7JobDescE
I1013 09:40:18.407771 23048 global.h:36] NewGlobal N7oneflow7OpGraphE
I1013 09:40:18.485350 23048 global.h:43] DeleteGlobal N7oneflow7OpGraphE
I1013 09:40:18.495149 23048 oneflow.cpp:210] 
job_id: 0 , job_name: train_job , compile time: 0.295453 seconds.
I1013 09:40:18.543184 23048 global.h:43] DeleteGlobal N7oneflow7JobDescE
I1013 09:40:18.543484 23048 global.h:36] NewGlobal N7oneflow7JobDescE
I1013 09:40:18.589152 23048 global.h:36] NewGlobal N7oneflow7OpGraphE
I1013 09:40:18.605906 23048 global.h:43] DeleteGlobal N7oneflow7OpGraphE
I1013 09:40:18.610668 23048 oneflow.cpp:210] 
job_id: 1 , job_name: System-ModelInit , compile time: 0.0670326 seconds.
I1013 09:40:18.622292 23048 global.h:43] DeleteGlobal N7oneflow7JobDescE
I1013 09:40:18.622319 23048 global.h:36] NewGlobal N7oneflow7JobDescE
I1013 09:40:18.666256 23048 global.h:36] NewGlobal N7oneflow7OpGraphE
I1013 09:40:18.683032 23048 global.h:43] DeleteGlobal N7oneflow7OpGraphE
I1013 09:40:18.687464 23048 oneflow.cpp:210] 
job_id: 2 , job_name: System-ModelLoad , compile time: 0.0651295 seconds.
I1013 09:40:18.699182 23048 global.h:43] DeleteGlobal N7oneflow7JobDescE
I1013 09:40:18.699208 23048 global.h:36] NewGlobal N7oneflow7JobDescE
I1013 09:40:18.743163 23048 global.h:36] NewGlobal N7oneflow7OpGraphE
I1013 09:40:18.759609 23048 global.h:43] DeleteGlobal N7oneflow7OpGraphE
I1013 09:40:18.763578 23048 oneflow.cpp:210] 
job_id: 3 , job_name: System-ModelSave , compile time: 0.0643543 seconds.
I1013 09:40:18.775301 23048 global.h:43] DeleteGlobal N7oneflow7JobDescE
I1013 09:40:18.775327 23048 global.h:36] NewGlobal N7oneflow7JobDescE
I1013 09:40:18.783501 23048 global.h:36] NewGlobal N7oneflow7OpGraphE
I1013 09:40:18.787091 23048 global.h:43] DeleteGlobal N7oneflow7OpGraphE
I1013 09:40:18.788748 23048 oneflow.cpp:210] 
job_id: 4 , job_name: System-Pull-Return_22 , compile time: 0.0134175 seconds.
I1013 09:40:18.792217 23048 global.h:43] DeleteGlobal N7oneflow7JobDescE
I1013 09:40:18.796341 23048 global.h:36] NewGlobal N7oneflow7JobDescE
I1013 09:40:18.796375 23048 global.h:36] NewGlobal N7oneflow7OpGraphE
I1013 09:40:18.801728 23048 global.h:43] DeleteGlobal N7oneflow7OpGraphE
I1013 09:40:18.805124 23048 oneflow.cpp:210] 
job_id: 5 , job_name: MainJob-unamed , compile time: 0.00875878 seconds.
I1013 09:40:18.812068 23048 global.h:43] DeleteGlobal N7oneflow7JobDescE
I1013 09:40:18.814600 23048 plan_util.cpp:928]  Plan: merged_plan needs to allocate [ 374.897 MiB ] device memory in Rank: 0 , Device: 0
I1013 09:40:18.917589 23048 oneflow.cpp:998]  PushPlan merged_plan time: 0.00993382 seconds.
I1013 09:40:18.946352 23048 oneflow.cpp:1014]  PullPlan merged_plan time: 0.025023 seconds.
I1013 09:40:20.992659 23048 runtime_context.cpp:21] NewCounter constructing_actor_cnt 400
I1013 09:40:20.993640 23590 naive_actor.cpp:25] actor 2199023255700 switch to &NaiveActor::HandlerNormal
I1013 09:40:20.994060 23590 thread.cpp:96] Thread 1048576 construct Actor kDeviceTick 2199023255700
I1013 09:40:20.993743 23586 naive_actor.cpp:25] actor 1099614388235 switch to &NaiveActor::HandlerNormal
I1013 09:40:20.994030 23587 wait_and_send_ids_actor.cpp:53] actor 1099616485376 switch to &WaitAndSendIdsActor::HandlerWaitToStart
I1013 09:40:20.994225 23586 thread.cpp:96] Thread 524337 construct Actor kDeviceTick 1099614388235
I1013 09:40:20.994236 23587 thread.cpp:96] Thread 524338 construct Actor kWaitAndSendIds 1099616485376
I1013 09:40:20.994241 23590 runtime_context.cpp:29] DecreaseCounter constructing_actor_cnt, current val is 399
I1013 09:40:20.994307 23587 runtime_context.cpp:29] DecreaseCounter constructing_actor_cnt, current val is 398
I1013 09:40:20.994329 23586 runtime_context.cpp:29] DecreaseCounter constructing_actor_cnt, current val is 397
I1013 09:40:20.994554 23590 naive_actor.cpp:25] actor 2199023255739 switch to &NaiveActor::HandlerNormal
I1013 09:40:20.994611 23590 thread.cpp:96] Thread 1048576 construct Actor kDeviceTick 2199023255739
I1013 09:40:20.994668 23590 runtime_context.cpp:29] DecreaseCounter constructing_actor_cnt, current val is 396
I1013 09:40:20.994766 23586 naive_actor.cpp:25] actor 1099614388228 switch to &NaiveActor::HandlerNormal
I1013 09:40:20.994805 23586 thread.cpp:96] Thread 524337 construct Actor kDeviceTick 1099614388228
I1013 09:40:20.994861 23586 runtime_context.cpp:29] DecreaseCounter constructing_actor_cnt, current val is 395
I1013 09:40:20.994925 23590 naive_actor.cpp:25] actor 2199023255778 switch to &NaiveActor::HandlerNormal
I1013 09:40:20.994990 23590 thread.cpp:96] Thread 1048576 construct Actor kDeviceTick 2199023255778
I1013 09:40:20.995074 23590 runtime_context.cpp:29] DecreaseCounter constructing_actor_cnt, current val is 394
I1013 09:40:20.995153 23586 naive_actor.cpp:25] actor 1099614388245 switch to &NaiveActor::HandlerNormal
I1013 09:40:20.995188 23586 thread.cpp:96] Thread 524337 construct Actor kDeviceTick 1099614388245
I1013 09:40:20.995244 23586 runtime_context.cpp:29] DecreaseCounter constructing_actor_cnt, current val is 393
I1013 09:40:20.995384 23590 naive_actor.cpp:25] actor 2199023255817 switch to &NaiveActor::HandlerNormal
I1013 09:40:20.995453 23590 thread.cpp:96] Thread 1048576 construct Actor kDeviceTick 2199023255817
I1013 09:40:20.995533 23590 runtime_context.cpp:29] DecreaseCounter constructing_actor_cnt, current val is 392
I1013 09:40:20.995609 23586 naive_actor.cpp:25] actor 1099614388254 switch to &NaiveActor::HandlerNormal
I1013 09:40:20.995645 23586 thread.cpp:96] Thread 524337 construct Actor kDeviceTick 1099614388254
I1013 09:40:20.995698 23586 runtime_context.cpp:29] DecreaseCounter constructing_actor_cnt, current val is 391
I1013 09:40:20.995940 23586 naive_actor.cpp:25] actor 1099614388263 switch to &NaiveActor::HandlerNormal
I1013 09:40:20.995975 23586 thread.cpp:96] Thread 524337 construct Actor kDeviceTick 1099614388263
I1013 09:40:20.996024 23586 runtime_context.cpp:29] DecreaseCounter constructing_actor_cnt, current val is 390
I1013 09:40:20.996266 23586 naive_actor.cpp:25] actor 1099614388271 switch to &NaiveActor::HandlerNormal
I1013 09:40:20.996300 23586 thread.cpp:96] Thread 524337 construct Actor kDeviceTick 1099614388271
I1013 09:40:20.996351 23586 runtime_context.cpp:29] DecreaseCounter constructing_actor_cnt, current val is 389
I1013 09:40:20.996599 23586 naive_actor.cpp:25] actor 1099614388278 switch to &NaiveActor::HandlerNormal
I1013 09:40:20.996634 23586 thread.cpp:96] Thread 524337 construct Actor kDeviceTick 1099614388278
I1013 09:40:20.996686 23586 runtime_context.cpp:29] DecreaseCounter constructing_actor_cnt, current val is 388
I1013 09:40:21.004317 23567 naive_actor.cpp:25] actor 1099532599296 switch to &NaiveActor::HandlerNormal
I1013 09:40:21.004356 23581 naive_actor.cpp:25] actor 1099561959424 switch to &NaiveActor::HandlerNormal
I1013 09:40:21.004420 23585 naive_actor.cpp:25] actor 1099570348032 switch to &NaiveActor::HandlerNormal
I1013 09:40:21.004495 23567 thread.cpp:96] Thread 524298 construct Actor kNormalForward 1099532599296
I1013 09:40:21.004739 23583 naive_actor.cpp:25] actor 1099566153728 switch to &NaiveActor::HandlerNormal
I1013 09:40:21.004596 23576 naive_actor.cpp:25] actor 1099551473664 switch to &NaiveActor::HandlerNormal
I1013 09:40:21.004599 23586 naive_actor.cpp:25] actor 1099614388241 switch to &NaiveActor::HandlerNormal
I1013 09:40:21.005035 23566 naive_actor.cpp:25] actor 1099530502144 switch to &NaiveActor::HandlerNormal
I1013 09:40:21.005162 23566 thread.cpp:96] Thread 524297 construct Actor kNormalForward 1099530502144
I1013 09:40:21.005235 23569 naive_actor.cpp:25] actor 1099536793600 switch to &NaiveActor::HandlerNormal
I1013 09:40:21.004601 23580 naive_actor.cpp:25] actor 1099559862272 switch to &NaiveActor::HandlerNormal
I1013 09:40:21.004719 23578 naive_actor.cpp:25] actor 1099555667968 switch to &NaiveActor::HandlerNormal
I1013 09:40:21.005657 23565 naive_actor.cpp:25] actor 1099528404992 switch to &NaiveActor::HandlerNormal
I1013 09:40:21.005751 23565 thread.cpp:96] Thread 524296 construct Actor kNormalForward 1099528404992
I1013 09:40:21.004812 23567 runtime_context.cpp:29] DecreaseCounter constructing_actor_cnt, current val is 387
I1013 09:40:21.005877 23565 runtime_context.cpp:29] DecreaseCounter constructing_actor_cnt, current val is 385
I1013 09:40:21.004880 23584 naive_actor.cpp:25] actor 1099568250880 switch to &NaiveActor::HandlerNormal
I1013 09:40:21.006033 23584 thread.cpp:96] Thread 524315 construct Actor kNormalForward 1099568250880
I1013 09:40:21.004900 23590 naive_actor.cpp:25] actor 2199023255574 switch to &NaiveActor::HandlerNormal
I1013 09:40:21.006145 23590 thread.cpp:96] Thread 1048576 construct Actor kNormalForward 2199023255574
I1013 09:40:21.004954 23576 thread.cpp:96] Thread 524307 construct Actor kNormalForward 1099551473664
I1013 09:40:21.005048 23586 thread.cpp:96] Thread 524337 construct Actor kTick 1099614388241
I1013 09:40:21.006304 23576 runtime_context.cpp:29] DecreaseCounter constructing_actor_cnt, current val is 382
I1013 09:40:21.004634 23577 naive_actor.cpp:25] actor 1099553570816 switch to &NaiveActor::HandlerNormal
I1013 09:40:21.006753 23577 thread.cpp:96] Thread 524308 construct Actor kNormalForward 1099553570816
I1013 09:40:21.005157 23582 naive_actor.cpp:25] actor 1099564056576 switch to &NaiveActor::HandlerNormal
I1013 09:40:21.006880 23582 thread.cpp:96] Thread 524313 construct Actor kNormalForward 1099564056576
I1013 09:40:21.004683 23585 thread.cpp:96] Thread 524316 construct Actor kForeignOutput 1099570348032
I1013 09:40:21.004665 23574 naive_actor.cpp:25] actor 1099547279360 switch to &NaiveActor::HandlerNormal
I1013 09:40:21.005240 23568 naive_actor.cpp:25] actor 1099534696448 switch to &NaiveActor::HandlerNormal
I1013 09:40:21.005273 23560 naive_actor.cpp:25] actor 1099517919232 switch to &NaiveActor::HandlerNormal
I1013 09:40:21.007027 23568 thread.cpp:96] Thread 524299 construct Actor kNormalForward 1099534696448
I1013 09:40:21.005336 23594 naive_actor.cpp:25] actor 2199027449856 switch to &NaiveActor::HandlerNormal
I1013 09:40:21.005384 23569 thread.cpp:96] Thread 524300 construct Actor kNormalForward 1099536793600
I1013 09:40:21.005478 23564 naive_actor.cpp:25] actor 1099526307840 switch to &NaiveActor::HandlerNormal
I1013 09:40:21.007189 23564 thread.cpp:96] Thread 524295 construct Actor kNormalForward 1099526307840
I1013 09:40:21.005497 23588 sink_actor.cpp:21] actor 1099618582528 switch to &SinkActor::HandlerNormal
I1013 09:40:21.007290 23564 runtime_context.cpp:29] DecreaseCounter constructing_actor_cnt, current val is 375
I1013 09:40:21.007292 23588 thread.cpp:96] Thread 524339 construct Actor kCallbackNotify 1099618582528
I1013 09:40:21.005580 23563 naive_actor.cpp:25] actor 1099524210688 switch to &NaiveActor::HandlerNormal
I1013 09:40:21.005584 23571 naive_actor.cpp:25] actor 1099540987904 switch to &NaiveActor::HandlerNormal
I1013 09:40:21.004572 23581 thread.cpp:96] Thread 524312 construct Actor kForeignInput 1099561959424
I1013 09:40:21.005673 23572 naive_actor.cpp:25] actor 1099543085056 switch to &NaiveActor::HandlerNormal
I1013 09:40:21.007669 23572 thread.cpp:96] Thread 524303 construct Actor kNormalForward 1099543085056
I1013 09:40:21.005676 23562 naive_actor.cpp:25] actor 1099522113536 switch to &NaiveActor::HandlerNormal
I1013 09:40:21.007781 23562 thread.cpp:96] Thread 524293 construct Actor kNormalForward 1099522113536
I1013 09:40:21.005678 23573 naive_actor.cpp:25] actor 1099545182208 switch to &NaiveActor::HandlerNormal
I1013 09:40:21.007894 23562 runtime_context.cpp:29] DecreaseCounter constructing_actor_cnt, current val is 371
I1013 09:40:21.007915 23573 thread.cpp:96] Thread 524304 construct Actor kNormalForward 1099545182208
I1013 09:40:21.005760 23559 naive_actor.cpp:25] actor 1099515822080 switch to &NaiveActor::HandlerNormal
I1013 09:40:21.004845 23583 thread.cpp:96] Thread 524314 construct Actor kNormalForward 1099566153728
I1013 09:40:21.005990 23561 naive_actor.cpp:25] actor 1099520016384 switch to &NaiveActor::HandlerNormal
I1013 09:40:21.008388 23561 thread.cpp:96] Thread 524292 construct Actor kNormalForward 1099520016384
I1013 09:40:21.006222 23590 runtime_context.cpp:29] DecreaseCounter constructing_actor_cnt, current val is 383
I1013 09:40:21.006363 23586 runtime_context.cpp:29] DecreaseCounter constructing_actor_cnt, current val is 381
I1013 09:40:21.005110 23575 naive_actor.cpp:25] actor 1099549376512 switch to &NaiveActor::HandlerNormal
I1013 09:40:21.008597 23575 thread.cpp:96] Thread 524306 construct Actor kForeignInput 1099549376512
I1013 09:40:21.006844 23577 runtime_context.cpp:29] DecreaseCounter constructing_actor_cnt, current val is 380
I1013 09:40:21.008679 23575 runtime_context.cpp:29] DecreaseCounter constructing_actor_cnt, current val is 367
I1013 09:40:21.006992 23585 runtime_context.cpp:29] DecreaseCounter constructing_actor_cnt, current val is 378
I1013 09:40:21.005329 23566 runtime_context.cpp:29] DecreaseCounter constructing_actor_cnt, current val is 386
I1013 09:40:21.007059 23560 thread.cpp:96] Thread 524291 construct Actor kNormalForward 1099517919232
I1013 09:40:21.007099 23594 thread.cpp:96] Thread 1048578 construct Actor kCopyHd 2199027449856
I1013 09:40:21.009085 23557 naive_actor.cpp:25] actor 1099511627776 switch to &NaiveActor::HandlerNormal
I1013 09:40:21.009124 23594 runtime_context.cpp:29] DecreaseCounter constructing_actor_cnt, current val is 365
I1013 09:40:21.009160 23557 thread.cpp:96] Thread 524288 construct Actor kNormalForward 1099511627776
I1013 09:40:21.005502 23592 naive_actor.cpp:25] actor 2199025352704 switch to &NaiveActor::HandlerNormal
I1013 09:40:21.009305 23590 naive_actor.cpp:25] actor 2199023255558 switch to &NaiveActor::HandlerNormal
I1013 09:40:21.009379 23590 thread.cpp:96] Thread 1048576 construct Actor kNormalForward 2199023255558
I1013 09:40:21.005574 23580 thread.cpp:96] Thread 524311 construct Actor kNormalForward 1099559862272
I1013 09:40:21.009460 23590 runtime_context.cpp:29] DecreaseCounter constructing_actor_cnt, current val is 363
I1013 09:40:21.009493 23580 runtime_context.cpp:29] DecreaseCounter constructing_actor_cnt, current val is 362
I1013 09:40:21.007550 23571 thread.cpp:96] Thread 524302 construct Actor kNormalForward 1099540987904
I1013 09:40:21.007696 23581 runtime_context.cpp:29] DecreaseCounter constructing_actor_cnt, current val is 373
I1013 09:40:21.007745 23572 runtime_context.cpp:29] DecreaseCounter constructing_actor_cnt, current val is 372
I1013 09:40:21.005677 23578 thread.cpp:96] Thread 524309 construct Actor kForeignInput 1099555667968
I1013 09:40:21.004777 23570 naive_actor.cpp:25] actor 1099538890752 switch to &NaiveActor::HandlerNormal
I1013 09:40:21.008003 23573 runtime_context.cpp:29] DecreaseCounter constructing_actor_cnt, current val is 370
I1013 09:40:21.008174 23559 thread.cpp:96] Thread 524290 construct Actor kNormalForward 1099515822080
I1013 09:40:21.008327 23583 runtime_context.cpp:29] DecreaseCounter constructing_actor_cnt, current val is 369
I1013 09:40:21.010057 23559 runtime_context.cpp:29] DecreaseCounter constructing_actor_cnt, current val is 359
I1013 09:40:21.008494 23561 runtime_context.cpp:29] DecreaseCounter constructing_actor_cnt, current val is 368
I1013 09:40:21.006961 23582 runtime_context.cpp:29] DecreaseCounter constructing_actor_cnt, current val is 379
I1013 09:40:21.006987 23574 thread.cpp:96] Thread 524305 construct Actor kNormalForward 1099547279360
I1013 09:40:21.008980 23560 runtime_context.cpp:29] DecreaseCounter constructing_actor_cnt, current val is 366
I1013 09:40:21.007115 23568 runtime_context.cpp:29] DecreaseCounter constructing_actor_cnt, current val is 377
I1013 09:40:21.009125 23558 naive_actor.cpp:25] actor 1099513724928 switch to &NaiveActor::HandlerNormal
I1013 09:40:21.010563 23558 thread.cpp:96] Thread 524289 construct Actor kNormalForward 1099513724928
I1013 09:40:21.005385 23579 naive_actor.cpp:25] actor 1099557765120 switch to &NaiveActor::HandlerNormal
I1013 09:40:21.010712 23579 thread.cpp:96] Thread 524310 construct Actor kNormalForward 1099557765120
I1013 09:40:21.009274 23557 runtime_context.cpp:29] DecreaseCounter constructing_actor_cnt, current val is 364
I1013 09:40:21.009327 23594 naive_actor.cpp:25] actor 2199027449858 switch to &NaiveActor::HandlerNormal
I1013 09:40:21.010900 23594 thread.cpp:96] Thread 1048578 construct Actor kCopyHd 2199027449858
I1013 09:40:21.009321 23592 thread.cpp:96] Thread 1048577 construct Actor kSliceBoxing 2199025352704
I1013 09:40:21.007207 23569 runtime_context.cpp:29] DecreaseCounter constructing_actor_cnt, current val is 376
I1013 09:40:21.009407 23586 naive_actor.cpp:25] actor 1099614388238 switch to &NaiveActor::HandlerNormal
I1013 09:40:21.007395 23588 runtime_context.cpp:29] DecreaseCounter constructing_actor_cnt, current val is 374
I1013 09:40:21.007447 23563 thread.cpp:96] Thread 524294 construct Actor kNormalForward 1099524210688
I1013 09:40:21.009768 23578 runtime_context.cpp:29] DecreaseCounter constructing_actor_cnt, current val is 360
I1013 09:40:21.011164 23563 runtime_context.cpp:29] DecreaseCounter constructing_actor_cnt, current val is 353
I1013 09:40:21.006099 23584 runtime_context.cpp:29] DecreaseCounter constructing_actor_cnt, current val is 384
I1013 09:40:21.010416 23574 runtime_context.cpp:29] DecreaseCounter constructing_actor_cnt, current val is 358
I1013 09:40:21.010619 23558 runtime_context.cpp:29] DecreaseCounter constructing_actor_cnt, current val is 357
I1013 09:40:21.010623 23590 naive_actor.cpp:25] actor 2199023255578 switch to &NaiveActor::HandlerNormal
I1013 09:40:21.011418 23590 thread.cpp:96] Thread 1048576 construct Actor kNormalForward 2199023255578
I1013 09:40:21.010962 23594 runtime_context.cpp:29] DecreaseCounter constructing_actor_cnt, current val is 355
I1013 09:40:21.011004 23592 runtime_context.cpp:29] DecreaseCounter constructing_actor_cnt, current val is 354
I1013 09:40:21.011502 23590 runtime_context.cpp:29] DecreaseCounter constructing_actor_cnt, current val is 352
I1013 09:40:21.009637 23571 runtime_context.cpp:29] DecreaseCounter constructing_actor_cnt, current val is 361
I1013 09:40:21.009836 23570 thread.cpp:96] Thread 524301 construct Actor kNormalForward 1099538890752
I1013 09:40:21.011711 23592 naive_actor.cpp:25] actor 2199025352707 switch to &NaiveActor::HandlerNormal
I1013 09:40:21.011759 23570 runtime_context.cpp:29] DecreaseCounter constructing_actor_cnt, current val is 351
I1013 09:40:21.011637 23594 naive_actor.cpp:25] actor 2199027449857 switch to &NaiveActor::HandlerNormal
I1013 09:40:21.010797 23579 runtime_context.cpp:29] DecreaseCounter constructing_actor_cnt, current val is 356
I1013 09:40:21.011781 23592 thread.cpp:96] Thread 1048577 construct Actor kSliceBoxing 2199025352707
I1013 09:40:21.011044 23586 thread.cpp:96] Thread 524337 construct Actor kTick 1099614388238
I1013 09:40:21.012001 23592 runtime_context.cpp:29] DecreaseCounter constructing_actor_cnt, current val is 350
I1013 09:40:21.011868 23594 thread.cpp:96] Thread 1048578 construct Actor kCopyHd 2199027449857
I1013 09:40:21.012060 23586 runtime_context.cpp:29] DecreaseCounter constructing_actor_cnt, current val is 349
I1013 09:40:21.012076 23594 runtime_context.cpp:29] DecreaseCounter constructing_actor_cnt, current val is 348
I1013 09:40:21.012205 23592 naive_actor.cpp:25] actor 2199025352706 switch to &NaiveActor::HandlerNormal
I1013 09:40:21.012290 23592 thread.cpp:96] Thread 1048577 construct Actor kSliceBoxing 2199025352706
I1013 09:40:21.012360 23592 runtime_context.cpp:29] DecreaseCounter constructing_actor_cnt, current val is 347
I1013 09:40:21.012493 23590 naive_actor.cpp:25] actor 2199023255557 switch to &NaiveActor::HandlerNormal
I1013 09:40:21.012522 23586 naive_actor.cpp:25] actor 1099614388239 switch to &NaiveActor::HandlerNormal
I1013 09:40:21.012584 23590 thread.cpp:96] Thread 1048576 construct Actor kNormalForward 2199023255557
I1013 09:40:21.012596 23592 naive_actor.cpp:25] actor 2199025352705 switch to &NaiveActor::HandlerNormal
I1013 09:40:21.012635 23586 thread.cpp:96] Thread 524337 construct Actor kDstSubsetTick 1099614388239
I1013 09:40:21.012704 23590 runtime_context.cpp:29] DecreaseCounter constructing_actor_cnt, current val is 346
I1013 09:40:21.012792 23592 thread.cpp:96] Thread 1048577 construct Actor kSliceBoxing 2199025352705
I1013 09:40:21.012861 23586 runtime_context.cpp:29] DecreaseCounter constructing_actor_cnt, current val is 345
I1013 09:40:21.012899 23592 runtime_context.cpp:29] DecreaseCounter constructing_actor_cnt, current val is 344
I1013 09:40:21.013087 23592 naive_actor.cpp:25] actor 2199025352708 switch to &NaiveActor::HandlerNormal
I1013 09:40:21.013134 23592 thread.cpp:96] Thread 1048577 construct Actor kCopyHd 2199025352708
I1013 09:40:21.013175 23592 runtime_context.cpp:29] DecreaseCounter constructing_actor_cnt, current val is 343
I1013 09:40:21.013309 23592 naive_actor.cpp:25] actor 2199025352709 switch to &NaiveActor::HandlerNormal
I1013 09:40:21.013310 23586 naive_actor.cpp:25] actor 1099614388226 switch to &NaiveActor::HandlerNormal
I1013 09:40:21.013360 23592 thread.cpp:96] Thread 1048577 construct Actor kCopyHd 2199025352709
I1013 09:40:21.013399 23586 thread.cpp:96] Thread 524337 construct Actor kDeviceTick 1099614388226
I1013 09:40:21.013445 23592 runtime_context.cpp:29] DecreaseCounter constructing_actor_cnt, current val is 342
I1013 09:40:21.013482 23586 runtime_context.cpp:29] DecreaseCounter constructing_actor_cnt, current val is 341
I1013 09:40:21.013625 23592 naive_actor.cpp:25] actor 2199025352710 switch to &NaiveActor::HandlerNormal
I1013 09:40:21.013669 23592 thread.cpp:96] Thread 1048577 construct Actor kCopyHd 2199025352710
I1013 09:40:21.013715 23592 runtime_context.cpp:29] DecreaseCounter constructing_actor_cnt, current val is 340
I1013 09:40:21.013763 23590 naive_actor.cpp:25] actor 2199023255554 switch to &NaiveActor::HandlerNormal
I1013 09:40:21.013815 23590 thread.cpp:96] Thread 1048576 construct Actor kNormalForward 2199023255554
I1013 09:40:21.013883 23590 runtime_context.cpp:29] DecreaseCounter constructing_actor_cnt, current val is 339
I1013 09:40:21.014063 23586 esac_actor.cpp:73] actor 1099614388315 switch to &EsacActor::HandlerNormal
I1013 09:40:21.014117 23586 thread.cpp:96] Thread 524337 construct Actor kEsac 1099614388315
I1013 09:40:21.014205 23586 runtime_context.cpp:29] DecreaseCounter constructing_actor_cnt, current val is 338
I1013 09:40:21.014520 23586 naive_actor.cpp:25] actor 1099614388227 switch to &NaiveActor::HandlerNormal
I1013 09:40:21.014570 23586 thread.cpp:96] Thread 524337 construct Actor kSrcSubsetTick 1099614388227
I1013 09:40:21.014638 23586 runtime_context.cpp:29] DecreaseCounter constructing_actor_cnt, current val is 337
I1013 09:40:21.014782 23590 naive_actor.cpp:25] actor 2199023255568 switch to &NaiveActor::HandlerNormal
I1013 09:40:21.014833 23590 thread.cpp:96] Thread 1048576 construct Actor kNormalForward 2199023255568
I1013 09:40:21.014895 23590 runtime_context.cpp:29] DecreaseCounter constructing_actor_cnt, current val is 336
I1013 09:40:21.014955 23586 naive_actor.cpp:25] actor 1099614388225 switch to &NaiveActor::HandlerNormal
I1013 09:40:21.014999 23586 thread.cpp:96] Thread 524337 construct Actor kDeviceTick 1099614388225
I1013 09:40:21.015053 23586 runtime_context.cpp:29] DecreaseCounter constructing_actor_cnt, current val is 335
I1013 09:40:21.015348 23586 naive_actor.cpp:25] actor 1099614388236 switch to &NaiveActor::HandlerNormal
I1013 09:40:21.015398 23586 thread.cpp:96] Thread 524337 construct Actor kSrcSubsetTick 1099614388236
I1013 09:40:21.015462 23586 runtime_context.cpp:29] DecreaseCounter constructing_actor_cnt, current val is 334
I1013 09:40:21.015570 23590 naive_actor.cpp:25] actor 2199023255576 switch to &NaiveActor::HandlerNormal
I1013 09:40:21.015619 23590 thread.cpp:96] Thread 1048576 construct Actor kNormalForward 2199023255576
I1013 09:40:21.015692 23590 runtime_context.cpp:29] DecreaseCounter constructing_actor_cnt, current val is 333
I1013 09:40:21.015798 23586 naive_actor.cpp:25] actor 1099614388231 switch to &NaiveActor::HandlerNormal
I1013 09:40:21.015889 23586 thread.cpp:96] Thread 524337 construct Actor kDstSubsetTick 1099614388231
I1013 09:40:21.015956 23586 runtime_context.cpp:29] DecreaseCounter constructing_actor_cnt, current val is 332
I1013 09:40:21.015974 23590 naive_actor.cpp:25] actor 2199023255587 switch to &NaiveActor::HandlerNormal
I1013 09:40:21.016028 23590 thread.cpp:96] Thread 1048576 construct Actor kNormalForward 2199023255587
I1013 09:40:21.016083 23590 runtime_context.cpp:29] DecreaseCounter constructing_actor_cnt, current val is 331
I1013 09:40:21.016276 23586 naive_actor.cpp:25] actor 1099614388230 switch to &NaiveActor::HandlerNormal
I1013 09:40:21.016325 23586 thread.cpp:96] Thread 524337 construct Actor kTick 1099614388230
I1013 09:40:21.016391 23586 runtime_context.cpp:29] DecreaseCounter constructing_actor_cnt, current val is 330
I1013 09:40:21.016677 23586 naive_actor.cpp:25] actor 1099614388234 switch to &NaiveActor::HandlerNormal
I1013 09:40:21.016724 23586 thread.cpp:96] Thread 524337 construct Actor kTick 1099614388234
I1013 09:40:21.016779 23586 runtime_context.cpp:29] DecreaseCounter constructing_actor_cnt, current val is 329
I1013 09:40:21.016891 23590 naive_actor.cpp:25] actor 2199023255565 switch to &NaiveActor::HandlerNormal
I1013 09:40:21.016939 23590 thread.cpp:96] Thread 1048576 construct Actor kNormalForward 2199023255565
I1013 09:40:21.017009 23590 runtime_context.cpp:29] DecreaseCounter constructing_actor_cnt, current val is 328
I1013 09:40:21.017066 23586 naive_actor.cpp:25] actor 1099614388232 switch to &NaiveActor::HandlerNormal
I1013 09:40:21.017112 23586 thread.cpp:96] Thread 524337 construct Actor kTick 1099614388232
I1013 09:40:21.017165 23586 runtime_context.cpp:29] DecreaseCounter constructing_actor_cnt, current val is 327
I1013 09:40:21.017483 23586 naive_actor.cpp:25] actor 1099614388240 switch to &NaiveActor::HandlerNormal
I1013 09:40:21.017529 23586 thread.cpp:96] Thread 524337 construct Actor kTick 1099614388240
I1013 09:40:21.017582 23586 runtime_context.cpp:29] DecreaseCounter constructing_actor_cnt, current val is 326
I1013 09:40:21.017786 23590 naive_actor.cpp:25] actor 2199023255555 switch to &NaiveActor::HandlerNormal
I1013 09:40:21.017834 23590 thread.cpp:96] Thread 1048576 construct Actor kNormalForward 2199023255555
I1013 09:40:21.017886 23586 naive_actor.cpp:25] actor 1099614388233 switch to &NaiveActor::HandlerNormal
I1013 09:40:21.017894 23590 runtime_context.cpp:29] DecreaseCounter constructing_actor_cnt, current val is 325
I1013 09:40:21.017925 23586 thread.cpp:96] Thread 524337 construct Actor kTick 1099614388233
I1013 09:40:21.018003 23586 runtime_context.cpp:29] DecreaseCounter constructing_actor_cnt, current val is 324
I1013 09:40:21.018205 23590 naive_actor.cpp:25] actor 2199023255562 switch to &NaiveActor::HandlerNormal
I1013 09:40:21.018252 23590 thread.cpp:96] Thread 1048576 construct Actor kNormalForward 2199023255562
I1013 09:40:21.018303 23586 naive_actor.cpp:25] actor 1099614388224 switch to &NaiveActor::HandlerNormal
I1013 09:40:21.018306 23590 runtime_context.cpp:29] DecreaseCounter constructing_actor_cnt, current val is 323
I1013 09:40:21.018340 23586 thread.cpp:96] Thread 524337 construct Actor kDeviceTick 1099614388224
I1013 09:40:21.018409 23586 runtime_context.cpp:29] DecreaseCounter constructing_actor_cnt, current val is 322
I1013 09:40:21.018616 23590 naive_actor.cpp:25] actor 2199023255564 switch to &NaiveActor::HandlerNormal
I1013 09:40:21.018663 23590 thread.cpp:96] Thread 1048576 construct Actor kNormalForward 2199023255564
I1013 09:40:21.018716 23590 runtime_context.cpp:29] DecreaseCounter constructing_actor_cnt, current val is 321
I1013 09:40:21.018718 23586 naive_actor.cpp:25] actor 1099614388247 switch to &NaiveActor::HandlerNormal
I1013 09:40:21.018787 23586 thread.cpp:96] Thread 524337 construct Actor kTick 1099614388247
I1013 09:40:21.018841 23586 runtime_context.cpp:29] DecreaseCounter constructing_actor_cnt, current val is 320
I1013 09:40:21.019125 23586 naive_actor.cpp:25] actor 1099614388242 switch to &NaiveActor::HandlerNormal
I1013 09:40:21.019269 23586 thread.cpp:96] Thread 524337 construct Actor kTick 1099614388242
I1013 09:40:21.019333 23586 runtime_context.cpp:29] DecreaseCounter constructing_actor_cnt, current val is 319
I1013 09:40:21.019475 23590 naive_actor.cpp:25] actor 2199023255560 switch to &NaiveActor::HandlerNormal
I1013 09:40:21.019523 23590 thread.cpp:96] Thread 1048576 construct Actor kNormalForward 2199023255560
I1013 09:40:21.019587 23590 runtime_context.cpp:29] DecreaseCounter constructing_actor_cnt, current val is 318
I1013 09:40:21.019685 23586 naive_actor.cpp:25] actor 1099614388321 switch to &NaiveActor::HandlerNormal
I1013 09:40:21.019731 23586 thread.cpp:96] Thread 524337 construct Actor kTick 1099614388321
I1013 09:40:21.019785 23586 runtime_context.cpp:29] DecreaseCounter constructing_actor_cnt, current val is 317
I1013 09:40:21.020066 23586 naive_actor.cpp:25] actor 1099614388243 switch to &NaiveActor::HandlerNormal
I1013 09:40:21.020114 23586 thread.cpp:96] Thread 524337 construct Actor kDeviceTick 1099614388243
I1013 09:40:21.020177 23586 runtime_context.cpp:29] DecreaseCounter constructing_actor_cnt, current val is 316
I1013 09:40:21.020421 23590 naive_actor.cpp:25] actor 2199023255606 switch to &NaiveActor::HandlerNormal
I1013 09:40:21.020478 23590 thread.cpp:96] Thread 1048576 construct Actor kNormalForward 2199023255606
I1013 09:40:21.020489 23586 naive_actor.cpp:25] actor 1099614388244 switch to &NaiveActor::HandlerNormal
I1013 09:40:21.020529 23586 thread.cpp:96] Thread 524337 construct Actor kSrcSubsetTick 1099614388244
I1013 09:40:21.020555 23590 runtime_context.cpp:29] DecreaseCounter constructing_actor_cnt, current val is 315
I1013 09:40:21.020581 23586 runtime_context.cpp:29] DecreaseCounter constructing_actor_cnt, current val is 314
I1013 09:40:21.020853 23586 naive_actor.cpp:25] actor 1099614388249 switch to &NaiveActor::HandlerNormal
I1013 09:40:21.020900 23586 thread.cpp:96] Thread 524337 construct Actor kTick 1099614388249
I1013 09:40:21.020953 23586 runtime_context.cpp:29] DecreaseCounter constructing_actor_cnt, current val is 313
I1013 09:40:21.021229 23586 naive_actor.cpp:25] actor 1099614388250 switch to &NaiveActor::HandlerNormal
I1013 09:40:21.021277 23586 thread.cpp:96] Thread 524337 construct Actor kTick 1099614388250
I1013 09:40:21.021330 23586 runtime_context.cpp:29] DecreaseCounter constructing_actor_cnt, current val is 312
I1013 09:40:21.021365 23590 naive_actor.cpp:25] actor 2199023255616 switch to &NaiveActor::HandlerNormal
I1013 09:40:21.021410 23590 thread.cpp:96] Thread 1048576 construct Actor kNormalForward 2199023255616
I1013 09:40:21.021483 23590 runtime_context.cpp:29] DecreaseCounter constructing_actor_cnt, current val is 311
I1013 09:40:21.021708 23586 naive_actor.cpp:25] actor 1099614388248 switch to &NaiveActor::HandlerNormal
I1013 09:40:21.021756 23586 thread.cpp:96] Thread 524337 construct Actor kDstSubsetTick 1099614388248
I1013 09:40:21.021770 23590 naive_actor.cpp:25] actor 2199023255589 switch to &NaiveActor::HandlerNormal
I1013 09:40:21.021807 23590 thread.cpp:96] Thread 1048576 construct Actor kNormalForward 2199023255589
I1013 09:40:21.021824 23586 runtime_context.cpp:29] DecreaseCounter constructing_actor_cnt, current val is 310
I1013 09:40:21.021860 23590 runtime_context.cpp:29] DecreaseCounter constructing_actor_cnt, current val is 309
I1013 09:40:21.022114 23586 naive_actor.cpp:25] actor 1099614388251 switch to &NaiveActor::HandlerNormal
I1013 09:40:21.022125 23590 naive_actor.cpp:25] actor 2199023255597 switch to &NaiveActor::HandlerNormal
I1013 09:40:21.022166 23586 thread.cpp:96] Thread 524337 construct Actor kTick 1099614388251
I1013 09:40:21.022190 23590 thread.cpp:96] Thread 1048576 construct Actor kNormalForward 2199023255597
I1013 09:40:21.022244 23586 runtime_context.cpp:29] DecreaseCounter constructing_actor_cnt, current val is 308
I1013 09:40:21.022258 23590 runtime_context.cpp:29] DecreaseCounter constructing_actor_cnt, current val is 307
I1013 09:40:21.022528 23586 naive_actor.cpp:25] actor 1099614388258 switch to &NaiveActor::HandlerNormal
I1013 09:40:21.022612 23586 thread.cpp:96] Thread 524337 construct Actor kTick 1099614388258
I1013 09:40:21.022682 23586 runtime_context.cpp:29] DecreaseCounter constructing_actor_cnt, current val is 306
I1013 09:40:21.022994 23586 naive_actor.cpp:25] actor 1099614388318 switch to &NaiveActor::HandlerNormal
I1013 09:40:21.023007 23590 naive_actor.cpp:25] actor 2199023255631 switch to &NaiveActor::HandlerNormal
I1013 09:40:21.023044 23586 thread.cpp:96] Thread 524337 construct Actor kTick 1099614388318
I1013 09:40:21.023069 23590 thread.cpp:96] Thread 1048576 construct Actor kNormalForward 2199023255631
I1013 09:40:21.023124 23586 runtime_context.cpp:29] DecreaseCounter constructing_actor_cnt, current val is 305
I1013 09:40:21.023151 23590 runtime_context.cpp:29] DecreaseCounter constructing_actor_cnt, current val is 304
I1013 09:40:21.023408 23586 naive_actor.cpp:25] actor 1099614388253 switch to &NaiveActor::HandlerNormal
I1013 09:40:21.023434 23590 naive_actor.cpp:25] actor 2199023255577 switch to &NaiveActor::HandlerNormal
I1013 09:40:21.023468 23586 thread.cpp:96] Thread 524337 construct Actor kSrcSubsetTick 1099614388253
I1013 09:40:21.023492 23590 thread.cpp:96] Thread 1048576 construct Actor kNormalForward 2199023255577
I1013 09:40:21.023548 23586 runtime_context.cpp:29] DecreaseCounter constructing_actor_cnt, current val is 303
I1013 09:40:21.023563 23590 runtime_context.cpp:29] DecreaseCounter constructing_actor_cnt, current val is 302
I1013 09:40:21.023815 23586 naive_actor.cpp:25] actor 1099614388252 switch to &NaiveActor::HandlerNormal
I1013 09:40:21.023864 23586 thread.cpp:96] Thread 524337 construct Actor kDeviceTick 1099614388252
I1013 09:40:21.023926 23586 runtime_context.cpp:29] DecreaseCounter constructing_actor_cnt, current val is 301
I1013 09:40:21.024201 23586 naive_actor.cpp:25] actor 1099614388256 switch to &NaiveActor::HandlerNormal
I1013 09:40:21.024250 23586 thread.cpp:96] Thread 524337 construct Actor kTick 1099614388256
I1013 09:40:21.024300 23586 runtime_context.cpp:29] DecreaseCounter constructing_actor_cnt, current val is 300
I1013 09:40:21.024420 23590 naive_actor.cpp:25] actor 2199023255559 switch to &NaiveActor::HandlerNormal
I1013 09:40:21.024482 23590 thread.cpp:96] Thread 1048576 construct Actor kNormalForward 2199023255559
I1013 09:40:21.024546 23590 runtime_context.cpp:29] DecreaseCounter constructing_actor_cnt, current val is 299
I1013 09:40:21.024678 23586 naive_actor.cpp:25] actor 1099614388257 switch to &NaiveActor::HandlerNormal
I1013 09:40:21.024724 23586 thread.cpp:96] Thread 524337 construct Actor kDstSubsetTick 1099614388257
I1013 09:40:21.024786 23586 runtime_context.cpp:29] DecreaseCounter constructing_actor_cnt, current val is 298
I1013 09:40:21.025058 23586 naive_actor.cpp:25] actor 1099614388259 switch to &NaiveActor::HandlerNormal
I1013 09:40:21.025103 23586 thread.cpp:96] Thread 524337 construct Actor kTick 1099614388259
I1013 09:40:21.025153 23586 runtime_context.cpp:29] DecreaseCounter constructing_actor_cnt, current val is 297
I1013 09:40:21.025319 23590 naive_actor.cpp:25] actor 2199023255619 switch to &NaiveActor::HandlerNormal
I1013 09:40:21.025363 23590 thread.cpp:96] Thread 1048576 construct Actor kNormalForward 2199023255619
I1013 09:40:21.025434 23590 runtime_context.cpp:29] DecreaseCounter constructing_actor_cnt, current val is 296
I1013 09:40:21.025440 23586 naive_actor.cpp:25] actor 1099614388262 switch to &NaiveActor::HandlerNormal
I1013 09:40:21.025491 23586 thread.cpp:96] Thread 524337 construct Actor kSrcSubsetTick 1099614388262
I1013 09:40:21.025542 23586 runtime_context.cpp:29] DecreaseCounter constructing_actor_cnt, current val is 295
I1013 09:40:21.025813 23586 naive_actor.cpp:25] actor 1099614388314 switch to &NaiveActor::HandlerNormal
I1013 09:40:21.025859 23586 thread.cpp:96] Thread 524337 construct Actor kTick 1099614388314
I1013 09:40:21.025909 23586 runtime_context.cpp:29] DecreaseCounter constructing_actor_cnt, current val is 294
I1013 09:40:21.026202 23586 naive_actor.cpp:25] actor 1099614388260 switch to &NaiveActor::HandlerNormal
I1013 09:40:21.026203 23590 naive_actor.cpp:25] actor 2199023255575 switch to &NaiveActor::HandlerNormal
I1013 09:40:21.026332 23586 thread.cpp:96] Thread 524337 construct Actor kTick 1099614388260
I1013 09:40:21.026357 23590 thread.cpp:96] Thread 1048576 construct Actor kNormalForward 2199023255575
I1013 09:40:21.026414 23586 runtime_context.cpp:29] DecreaseCounter constructing_actor_cnt, current val is 293
I1013 09:40:21.026448 23590 runtime_context.cpp:29] DecreaseCounter constructing_actor_cnt, current val is 292
I1013 09:40:21.026716 23586 naive_actor.cpp:25] actor 1099614388261 switch to &NaiveActor::HandlerNormal
I1013 09:40:21.026763 23586 thread.cpp:96] Thread 524337 construct Actor kDeviceTick 1099614388261
I1013 09:40:21.026814 23586 runtime_context.cpp:29] DecreaseCounter constructing_actor_cnt, current val is 291
I1013 09:40:21.027081 23586 naive_actor.cpp:25] actor 1099614388265 switch to &NaiveActor::HandlerNormal
I1013 09:40:21.027088 23590 naive_actor.cpp:25] actor 2199023255581 switch to &NaiveActor::HandlerNormal
I1013 09:40:21.027125 23586 thread.cpp:96] Thread 524337 construct Actor kTick 1099614388265
I1013 09:40:21.027149 23590 thread.cpp:96] Thread 1048576 construct Actor kNormalForward 2199023255581
I1013 09:40:21.027201 23586 runtime_context.cpp:29] DecreaseCounter constructing_actor_cnt, current val is 290
I1013 09:40:21.027220 23590 runtime_context.cpp:29] DecreaseCounter constructing_actor_cnt, current val is 289
I1013 09:40:21.027482 23586 naive_actor.cpp:25] actor 1099614388267 switch to &NaiveActor::HandlerNormal
I1013 09:40:21.027499 23590 naive_actor.cpp:25] actor 2199023255567 switch to &NaiveActor::HandlerNormal
I1013 09:40:21.027532 23586 thread.cpp:96] Thread 524337 construct Actor kTick 1099614388267
I1013 09:40:21.027556 23590 thread.cpp:96] Thread 1048576 construct Actor kNormalForward 2199023255567
I1013 09:40:21.027606 23586 runtime_context.cpp:29] DecreaseCounter constructing_actor_cnt, current val is 288
I1013 09:40:21.027623 23590 runtime_context.cpp:29] DecreaseCounter constructing_actor_cnt, current val is 287
I1013 09:40:21.027860 23590 naive_actor.cpp:25] actor 2199023255572 switch to &NaiveActor::HandlerNormal
I1013 09:40:21.027906 23590 thread.cpp:96] Thread 1048576 construct Actor kNormalForward 2199023255572
I1013 09:40:21.027945 23586 naive_actor.cpp:25] actor 1099614388266 switch to &NaiveActor::HandlerNormal
I1013 09:40:21.027957 23590 runtime_context.cpp:29] DecreaseCounter constructing_actor_cnt, current val is 286
I1013 09:40:21.027979 23586 thread.cpp:96] Thread 524337 construct Actor kDstSubsetTick 1099614388266
I1013 09:40:21.028062 23586 runtime_context.cpp:29] DecreaseCounter constructing_actor_cnt, current val is 285
I1013 09:40:21.028334 23586 naive_actor.cpp:25] actor 1099614388268 switch to &NaiveActor::HandlerNormal
I1013 09:40:21.028381 23586 thread.cpp:96] Thread 524337 construct Actor kTick 1099614388268
I1013 09:40:21.028452 23586 runtime_context.cpp:29] DecreaseCounter constructing_actor_cnt, current val is 284
I1013 09:40:21.028704 23590 naive_actor.cpp:25] actor 2199023255570 switch to &NaiveActor::HandlerNormal
I1013 09:40:21.028723 23586 naive_actor.cpp:25] actor 1099614388284 switch to &NaiveActor::HandlerNormal
I1013 09:40:21.028756 23590 thread.cpp:96] Thread 1048576 construct Actor kNormalForward 2199023255570
I1013 09:40:21.028779 23586 thread.cpp:96] Thread 524337 construct Actor kTick 1099614388284
I1013 09:40:21.028843 23590 runtime_context.cpp:29] DecreaseCounter constructing_actor_cnt, current val is 283
I1013 09:40:21.028847 23586 runtime_context.cpp:29] DecreaseCounter constructing_actor_cnt, current val is 282
I1013 09:40:21.029120 23586 naive_actor.cpp:25] actor 1099614388269 switch to &NaiveActor::HandlerNormal
I1013 09:40:21.029166 23586 thread.cpp:96] Thread 524337 construct Actor kDeviceTick 1099614388269
I1013 09:40:21.029217 23586 runtime_context.cpp:29] DecreaseCounter constructing_actor_cnt, current val is 281
I1013 09:40:21.029485 23586 naive_actor.cpp:25] actor 1099614388270 switch to &NaiveActor::HandlerNormal
I1013 09:40:21.029574 23586 thread.cpp:96] Thread 524337 construct Actor kSrcSubsetTick 1099614388270
I1013 09:40:21.029623 23590 naive_actor.cpp:25] actor 2199023255585 switch to &NaiveActor::HandlerNormal
I1013 09:40:21.029641 23586 runtime_context.cpp:29] DecreaseCounter constructing_actor_cnt, current val is 280
I1013 09:40:21.029659 23590 thread.cpp:96] Thread 1048576 construct Actor kNormalForward 2199023255585
I1013 09:40:21.029749 23590 runtime_context.cpp:29] DecreaseCounter constructing_actor_cnt, current val is 279
I1013 09:40:21.030055 23586 esac_actor.cpp:73] actor 1099614388323 switch to &EsacActor::HandlerNormal
I1013 09:40:21.030102 23586 thread.cpp:96] Thread 524337 construct Actor kEsac 1099614388323
I1013 09:40:21.030166 23586 runtime_context.cpp:29] DecreaseCounter constructing_actor_cnt, current val is 278
I1013 09:40:21.030452 23586 naive_actor.cpp:25] actor 1099614388273 switch to &NaiveActor::HandlerNormal
I1013 09:40:21.030496 23586 thread.cpp:96] Thread 524337 construct Actor kTick 1099614388273
I1013 09:40:21.030506 23590 naive_actor.cpp:25] actor 2199023255583 switch to &NaiveActor::HandlerNormal
I1013 09:40:21.030545 23590 thread.cpp:96] Thread 1048576 construct Actor kNormalForward 2199023255583
I1013 09:40:21.030556 23586 runtime_context.cpp:29] DecreaseCounter constructing_actor_cnt, current val is 277
I1013 09:40:21.030601 23590 runtime_context.cpp:29] DecreaseCounter constructing_actor_cnt, current val is 276
I1013 09:40:21.030833 23586 naive_actor.cpp:25] actor 1099614388283 switch to &NaiveActor::HandlerNormal
I1013 09:40:21.030877 23586 thread.cpp:96] Thread 524337 construct Actor kTick 1099614388283
I1013 09:40:21.030928 23586 runtime_context.cpp:29] DecreaseCounter constructing_actor_cnt, current val is 275
I1013 09:40:21.031188 23586 naive_actor.cpp:25] actor 1099614388275 switch to &NaiveActor::HandlerNormal
I1013 09:40:21.031234 23586 thread.cpp:96] Thread 524337 construct Actor kTick 1099614388275
I1013 09:40:21.031286 23586 runtime_context.cpp:29] DecreaseCounter constructing_actor_cnt, current val is 274
I1013 09:40:21.031318 23590 naive_actor.cpp:25] actor 2199023255603 switch to &NaiveActor::HandlerNormal
I1013 09:40:21.031364 23590 thread.cpp:96] Thread 1048576 construct Actor kNormalForward 2199023255603
I1013 09:40:21.031423 23590 runtime_context.cpp:29] DecreaseCounter constructing_actor_cnt, current val is 273
I1013 09:40:21.031587 23586 naive_actor.cpp:25] actor 1099614388276 switch to &NaiveActor::HandlerNormal
I1013 09:40:21.031632 23586 thread.cpp:96] Thread 524337 construct Actor kTick 1099614388276
I1013 09:40:21.031697 23586 runtime_context.cpp:29] DecreaseCounter constructing_actor_cnt, current val is 272
I1013 09:40:21.031718 23590 naive_actor.cpp:25] actor 2199023255582 switch to &NaiveActor::HandlerNormal
I1013 09:40:21.031761 23590 thread.cpp:96] Thread 1048576 construct Actor kNormalForward 2199023255582
I1013 09:40:21.031813 23590 runtime_context.cpp:29] DecreaseCounter constructing_actor_cnt, current val is 271
I1013 09:40:21.031982 23586 naive_actor.cpp:25] actor 1099614388322 switch to &NaiveActor::HandlerNormal
I1013 09:40:21.032025 23586 thread.cpp:96] Thread 524337 construct Actor kTick 1099614388322
I1013 09:40:21.032084 23586 runtime_context.cpp:29] DecreaseCounter constructing_actor_cnt, current val is 270
I1013 09:40:21.032385 23586 naive_actor.cpp:25] actor 1099614388282 switch to &NaiveActor::HandlerNormal
I1013 09:40:21.032438 23586 thread.cpp:96] Thread 524337 construct Actor kDstSubsetTick 1099614388282
I1013 09:40:21.032459 23590 naive_actor.cpp:25] actor 2199023255566 switch to &NaiveActor::HandlerNormal
I1013 09:40:21.032490 23590 thread.cpp:96] Thread 1048576 construct Actor kNormalForward 2199023255566
I1013 09:40:21.032491 23586 runtime_context.cpp:29] DecreaseCounter constructing_actor_cnt, current val is 269
I1013 09:40:21.032546 23590 runtime_context.cpp:29] DecreaseCounter constructing_actor_cnt, current val is 268
I1013 09:40:21.032778 23586 naive_actor.cpp:25] actor 1099614388281 switch to &NaiveActor::HandlerNormal
I1013 09:40:21.032816 23590 naive_actor.cpp:25] actor 2199023255584 switch to &NaiveActor::HandlerNormal
I1013 09:40:21.032903 23586 thread.cpp:96] Thread 524337 construct Actor kTick 1099614388281
I1013 09:40:21.032927 23590 thread.cpp:96] Thread 1048576 construct Actor kNormalForward 2199023255584
I1013 09:40:21.032984 23586 runtime_context.cpp:29] DecreaseCounter constructing_actor_cnt, current val is 267
I1013 09:40:21.032997 23590 runtime_context.cpp:29] DecreaseCounter constructing_actor_cnt, current val is 266
I1013 09:40:21.033270 23590 naive_actor.cpp:25] actor 2199023255569 switch to &NaiveActor::HandlerNormal
I1013 09:40:21.033282 23586 naive_actor.cpp:25] actor 1099614388279 switch to &NaiveActor::HandlerNormal
I1013 09:40:21.033315 23590 thread.cpp:96] Thread 1048576 construct Actor kNormalForward 2199023255569
