I1012 13:04:14.126899 39670 runtime_context.cpp:29] DecreaseCounter constructing_actor_cnt, current val is 623
I1012 13:04:14.126952 39660 naive_actor.cpp:25] actor 1099614388248 switch to &NaiveActor::HandlerNormal
I1012 13:04:14.126999 39660 thread.cpp:96] Thread 524337 construct Actor kTick 1099614388248
I1012 13:04:14.127071 39660 runtime_context.cpp:29] DecreaseCounter constructing_actor_cnt, current val is 622
I1012 13:04:14.127362 39660 naive_actor.cpp:25] actor 1099614388256 switch to &NaiveActor::HandlerNormal
I1012 13:04:14.127389 39683 naive_actor.cpp:25] actor 2207613190148 switch to &NaiveActor::HandlerNormal
I1012 13:04:14.127408 39660 thread.cpp:96] Thread 524337 construct Actor kTick 1099614388256
I1012 13:04:14.127467 39683 thread.cpp:96] Thread 1052672 construct Actor kNormalForward 2207613190148
I1012 13:04:14.127522 39660 runtime_context.cpp:29] DecreaseCounter constructing_actor_cnt, current val is 621
I1012 13:04:14.127569 39683 runtime_context.cpp:29] DecreaseCounter constructing_actor_cnt, current val is 620
I1012 13:04:14.127820 39660 naive_actor.cpp:25] actor 1099614388249 switch to &NaiveActor::HandlerNormal
I1012 13:04:14.127840 39670 naive_actor.cpp:25] actor 2199023255571 switch to &NaiveActor::HandlerNormal
I1012 13:04:14.127866 39660 thread.cpp:96] Thread 524337 construct Actor kDeviceTick 1099614388249
I1012 13:04:14.127889 39670 thread.cpp:96] Thread 1048576 construct Actor kNormalForward 2199023255571
I1012 13:04:14.127957 39660 runtime_context.cpp:29] DecreaseCounter constructing_actor_cnt, current val is 619
I1012 13:04:14.127990 39670 runtime_context.cpp:29] DecreaseCounter constructing_actor_cnt, current val is 618
I1012 13:04:14.128304 39683 naive_actor.cpp:25] actor 2207613190164 switch to &NaiveActor::HandlerNormal
I1012 13:04:14.128331 39670 naive_actor.cpp:25] actor 2199023255559 switch to &NaiveActor::HandlerNormal
I1012 13:04:14.128322 39660 naive_actor.cpp:25] actor 1099614388254 switch to &NaiveActor::HandlerNormal
I1012 13:04:14.128360 39683 thread.cpp:96] Thread 1052672 construct Actor kNormalForward 2207613190164
I1012 13:04:14.128381 39670 thread.cpp:96] Thread 1048576 construct Actor kNormalForward 2199023255559
I1012 13:04:14.128405 39660 thread.cpp:96] Thread 524337 construct Actor kDstSubsetTick 1099614388254
I1012 13:04:14.128484 39683 runtime_context.cpp:29] DecreaseCounter constructing_actor_cnt, current val is 617
I1012 13:04:14.128520 39670 runtime_context.cpp:29] DecreaseCounter constructing_actor_cnt, current val is 616
I1012 13:04:14.128532 39660 runtime_context.cpp:29] DecreaseCounter constructing_actor_cnt, current val is 615
I1012 13:04:14.128825 39670 naive_actor.cpp:25] actor 2199023255583 switch to &NaiveActor::HandlerNormal
I1012 13:04:14.128844 39660 naive_actor.cpp:25] actor 1099614388305 switch to &NaiveActor::HandlerNormal
I1012 13:04:14.128878 39670 thread.cpp:96] Thread 1048576 construct Actor kNormalForward 2199023255583
I1012 13:04:14.128917 39660 thread.cpp:96] Thread 524337 construct Actor kTick 1099614388305
I1012 13:04:14.128993 39670 runtime_context.cpp:29] DecreaseCounter constructing_actor_cnt, current val is 614
I1012 13:04:14.129005 39660 runtime_context.cpp:29] DecreaseCounter constructing_actor_cnt, current val is 613
I1012 13:04:14.129343 39683 naive_actor.cpp:25] actor 2207613190149 switch to &NaiveActor::HandlerNormal
I1012 13:04:14.129355 39660 naive_actor.cpp:25] actor 1099614388253 switch to &NaiveActor::HandlerNormal
I1012 13:04:14.129407 39683 thread.cpp:96] Thread 1052672 construct Actor kNormalForward 2207613190149
I1012 13:04:14.129458 39660 thread.cpp:96] Thread 524337 construct Actor kTick 1099614388253
I1012 13:04:14.129554 39683 runtime_context.cpp:29] DecreaseCounter constructing_actor_cnt, current val is 612
I1012 13:04:14.129575 39660 runtime_context.cpp:29] DecreaseCounter constructing_actor_cnt, current val is 611
I1012 13:04:14.129832 39670 naive_actor.cpp:25] actor 2199023255556 switch to &NaiveActor::HandlerNormal
I1012 13:04:14.129881 39670 thread.cpp:96] Thread 1048576 construct Actor kNormalForward 2199023255556
I1012 13:04:14.129909 39660 naive_actor.cpp:25] actor 1099614388255 switch to &NaiveActor::HandlerNormal
I1012 13:04:14.129952 39670 runtime_context.cpp:29] DecreaseCounter constructing_actor_cnt, current val is 610
I1012 13:04:14.129953 39660 thread.cpp:96] Thread 524337 construct Actor kTick 1099614388255
I1012 13:04:14.130038 39660 runtime_context.cpp:29] DecreaseCounter constructing_actor_cnt, current val is 609
I1012 13:04:14.130254 39670 naive_actor.cpp:25] actor 2199023255580 switch to &NaiveActor::HandlerNormal
I1012 13:04:14.130300 39670 thread.cpp:96] Thread 1048576 construct Actor kNormalForward 2199023255580
I1012 13:04:14.130328 39660 naive_actor.cpp:25] actor 1099614388250 switch to &NaiveActor::HandlerNormal
I1012 13:04:14.130359 39660 thread.cpp:96] Thread 524337 construct Actor kSrcSubsetTick 1099614388250
I1012 13:04:14.130367 39670 runtime_context.cpp:29] DecreaseCounter constructing_actor_cnt, current val is 608
I1012 13:04:14.130407 39683 naive_actor.cpp:25] actor 2207613190145 switch to &NaiveActor::HandlerNormal
I1012 13:04:14.130409 39660 runtime_context.cpp:29] DecreaseCounter constructing_actor_cnt, current val is 607
I1012 13:04:14.130496 39683 thread.cpp:96] Thread 1052672 construct Actor kNormalForward 2207613190145
I1012 13:04:14.130594 39683 runtime_context.cpp:29] DecreaseCounter constructing_actor_cnt, current val is 606
I1012 13:04:14.130789 39660 naive_actor.cpp:25] actor 1099614388264 switch to &NaiveActor::HandlerNormal
I1012 13:04:14.130834 39660 thread.cpp:96] Thread 524337 construct Actor kTick 1099614388264
I1012 13:04:14.130903 39660 runtime_context.cpp:29] DecreaseCounter constructing_actor_cnt, current val is 605
I1012 13:04:14.131220 39670 naive_actor.cpp:25] actor 2199023255604 switch to &NaiveActor::HandlerNormal
I1012 13:04:14.131244 39660 naive_actor.cpp:25] actor 1099614388263 switch to &NaiveActor::HandlerNormal
I1012 13:04:14.131270 39670 thread.cpp:96] Thread 1048576 construct Actor kNormalForward 2199023255604
I1012 13:04:14.131291 39660 thread.cpp:96] Thread 524337 construct Actor kDstSubsetTick 1099614388263
I1012 13:04:14.131388 39670 runtime_context.cpp:29] DecreaseCounter constructing_actor_cnt, current val is 604
I1012 13:04:14.131394 39660 runtime_context.cpp:29] DecreaseCounter constructing_actor_cnt, current val is 603
I1012 13:04:14.131399 39683 naive_actor.cpp:25] actor 2207613190173 switch to &NaiveActor::HandlerNormal
I1012 13:04:14.131500 39683 thread.cpp:96] Thread 1052672 construct Actor kNormalForward 2207613190173
I1012 13:04:14.131592 39683 runtime_context.cpp:29] DecreaseCounter constructing_actor_cnt, current val is 602
I1012 13:04:14.131757 39660 naive_actor.cpp:25] actor 1099614388257 switch to &NaiveActor::HandlerNormal
I1012 13:04:14.131803 39660 thread.cpp:96] Thread 524337 construct Actor kTick 1099614388257
I1012 13:04:14.131865 39660 runtime_context.cpp:29] DecreaseCounter constructing_actor_cnt, current val is 601
I1012 13:04:14.132134 39660 naive_actor.cpp:25] actor 1099614388258 switch to &NaiveActor::HandlerNormal
I1012 13:04:14.132179 39660 thread.cpp:96] Thread 524337 construct Actor kDeviceTick 1099614388258
I1012 13:04:14.132251 39660 runtime_context.cpp:29] DecreaseCounter constructing_actor_cnt, current val is 600
I1012 13:04:14.132253 39670 naive_actor.cpp:25] actor 2199023255558 switch to &NaiveActor::HandlerNormal
I1012 13:04:14.132411 39670 thread.cpp:96] Thread 1048576 construct Actor kNormalForward 2199023255558
I1012 13:04:14.132503 39670 runtime_context.cpp:29] DecreaseCounter constructing_actor_cnt, current val is 599
I1012 13:04:14.132640 39660 naive_actor.cpp:25] actor 1099614388304 switch to &NaiveActor::HandlerNormal
I1012 13:04:14.132686 39660 thread.cpp:96] Thread 524337 construct Actor kTick 1099614388304
I1012 13:04:14.132750 39660 runtime_context.cpp:29] DecreaseCounter constructing_actor_cnt, current val is 598
I1012 13:04:14.132830 39683 naive_actor.cpp:25] actor 2207613190144 switch to &NaiveActor::HandlerNormal
I1012 13:04:14.132854 39670 naive_actor.cpp:25] actor 2199023255578 switch to &NaiveActor::HandlerNormal
I1012 13:04:14.132882 39683 thread.cpp:96] Thread 1052672 construct Actor kNormalForward 2207613190144
I1012 13:04:14.132918 39670 thread.cpp:96] Thread 1048576 construct Actor kNormalForward 2199023255578
I1012 13:04:14.133038 39670 runtime_context.cpp:29] DecreaseCounter constructing_actor_cnt, current val is 597
I1012 13:04:14.133046 39683 runtime_context.cpp:29] DecreaseCounter constructing_actor_cnt, current val is 596
I1012 13:04:14.133085 39660 naive_actor.cpp:25] actor 1099614388265 switch to &NaiveActor::HandlerNormal
I1012 13:04:14.133136 39660 thread.cpp:96] Thread 524337 construct Actor kTick 1099614388265
I1012 13:04:14.133194 39660 runtime_context.cpp:29] DecreaseCounter constructing_actor_cnt, current val is 595
I1012 13:04:14.133334 39670 naive_actor.cpp:25] actor 2199023255575 switch to &NaiveActor::HandlerNormal
I1012 13:04:14.133380 39670 thread.cpp:96] Thread 1048576 construct Actor kNormalForward 2199023255575
I1012 13:04:14.133435 39683 naive_actor.cpp:25] actor 2207613190177 switch to &NaiveActor::HandlerNormal
I1012 13:04:14.133456 39670 runtime_context.cpp:29] DecreaseCounter constructing_actor_cnt, current val is 594
I1012 13:04:14.133472 39683 thread.cpp:96] Thread 1052672 construct Actor kNormalForward 2207613190177
I1012 13:04:14.133523 39660 naive_actor.cpp:25] actor 1099614388259 switch to &NaiveActor::HandlerNormal
I1012 13:04:14.133555 39660 thread.cpp:96] Thread 524337 construct Actor kSrcSubsetTick 1099614388259
I1012 13:04:14.133570 39683 runtime_context.cpp:29] DecreaseCounter constructing_actor_cnt, current val is 593
I1012 13:04:14.133603 39660 runtime_context.cpp:29] DecreaseCounter constructing_actor_cnt, current val is 592
I1012 13:04:14.133870 39660 naive_actor.cpp:25] actor 1099614388262 switch to &NaiveActor::HandlerNormal
I1012 13:04:14.133915 39660 thread.cpp:96] Thread 524337 construct Actor kTick 1099614388262
I1012 13:04:14.133978 39660 runtime_context.cpp:29] DecreaseCounter constructing_actor_cnt, current val is 591
I1012 13:04:14.134272 39660 naive_actor.cpp:25] actor 1099614388266 switch to &NaiveActor::HandlerNormal
I1012 13:04:14.134284 39683 naive_actor.cpp:25] actor 2207613190159 switch to &NaiveActor::HandlerNormal
I1012 13:04:14.134315 39670 naive_actor.cpp:25] actor 2199023255561 switch to &NaiveActor::HandlerNormal
I1012 13:04:14.134320 39660 thread.cpp:96] Thread 524337 construct Actor kTick 1099614388266
I1012 13:04:14.134347 39683 thread.cpp:96] Thread 1052672 construct Actor kNormalForward 2207613190159
I1012 13:04:14.134377 39670 thread.cpp:96] Thread 1048576 construct Actor kNormalForward 2199023255561
I1012 13:04:14.134443 39660 runtime_context.cpp:29] DecreaseCounter constructing_actor_cnt, current val is 590
I1012 13:04:14.134474 39683 runtime_context.cpp:29] DecreaseCounter constructing_actor_cnt, current val is 589
I1012 13:04:14.134491 39670 runtime_context.cpp:29] DecreaseCounter constructing_actor_cnt, current val is 588
I1012 13:04:14.134725 39660 naive_actor.cpp:25] actor 1099614388325 switch to &NaiveActor::HandlerNormal
I1012 13:04:14.134769 39660 thread.cpp:96] Thread 524337 construct Actor kTick 1099614388325
I1012 13:04:14.134785 39683 naive_actor.cpp:25] actor 2207613190160 switch to &NaiveActor::HandlerNormal
I1012 13:04:14.134829 39660 runtime_context.cpp:29] DecreaseCounter constructing_actor_cnt, current val is 587
I1012 13:04:14.134865 39683 thread.cpp:96] Thread 1052672 construct Actor kNormalForward 2207613190160
I1012 13:04:14.135005 39683 runtime_context.cpp:29] DecreaseCounter constructing_actor_cnt, current val is 586
I1012 13:04:14.135162 39660 naive_actor.cpp:25] actor 1099614388268 switch to &NaiveActor::HandlerNormal
I1012 13:04:14.135208 39660 thread.cpp:96] Thread 524337 construct Actor kSrcSubsetTick 1099614388268
I1012 13:04:14.135268 39660 runtime_context.cpp:29] DecreaseCounter constructing_actor_cnt, current val is 585
I1012 13:04:14.135349 39670 naive_actor.cpp:25] actor 2199023255608 switch to &NaiveActor::HandlerNormal
I1012 13:04:14.135401 39670 thread.cpp:96] Thread 1048576 construct Actor kNormalForward 2199023255608
I1012 13:04:14.135497 39670 runtime_context.cpp:29] DecreaseCounter constructing_actor_cnt, current val is 584
I1012 13:04:14.135612 39660 naive_actor.cpp:25] actor 1099614388274 switch to &NaiveActor::HandlerNormal
I1012 13:04:14.135655 39660 thread.cpp:96] Thread 524337 construct Actor kTick 1099614388274
I1012 13:04:14.135723 39660 runtime_context.cpp:29] DecreaseCounter constructing_actor_cnt, current val is 583
I1012 13:04:14.135931 39683 naive_actor.cpp:25] actor 2207613190166 switch to &NaiveActor::HandlerNormal
I1012 13:04:14.135982 39683 thread.cpp:96] Thread 1052672 construct Actor kNormalForward 2207613190166
I1012 13:04:14.136008 39660 naive_actor.cpp:25] actor 1099614388273 switch to &NaiveActor::HandlerNormal
I1012 13:04:14.136049 39660 thread.cpp:96] Thread 524337 construct Actor kTick 1099614388273
I1012 13:04:14.136063 39683 runtime_context.cpp:29] DecreaseCounter constructing_actor_cnt, current val is 582
I1012 13:04:14.136098 39660 runtime_context.cpp:29] DecreaseCounter constructing_actor_cnt, current val is 581
I1012 13:04:14.136245 39670 naive_actor.cpp:25] actor 2199023255577 switch to &NaiveActor::HandlerNormal
I1012 13:04:14.136292 39670 thread.cpp:96] Thread 1048576 construct Actor kNormalForward 2199023255577
I1012 13:04:14.136366 39670 runtime_context.cpp:29] DecreaseCounter constructing_actor_cnt, current val is 580
I1012 13:04:14.136369 39683 naive_actor.cpp:25] actor 2207613190165 switch to &NaiveActor::HandlerNormal
I1012 13:04:14.136452 39683 thread.cpp:96] Thread 1052672 construct Actor kNormalForward 2207613190165
I1012 13:04:14.136456 39660 naive_actor.cpp:25] actor 1099614388272 switch to &NaiveActor::HandlerNormal
I1012 13:04:14.136525 39660 thread.cpp:96] Thread 524337 construct Actor kDstSubsetTick 1099614388272
I1012 13:04:14.136528 39683 runtime_context.cpp:29] DecreaseCounter constructing_actor_cnt, current val is 579
I1012 13:04:14.136590 39660 runtime_context.cpp:29] DecreaseCounter constructing_actor_cnt, current val is 578
I1012 13:04:14.136868 39660 naive_actor.cpp:25] actor 1099614388271 switch to &NaiveActor::HandlerNormal
I1012 13:04:14.136914 39660 thread.cpp:96] Thread 524337 construct Actor kTick 1099614388271
I1012 13:04:14.136982 39660 runtime_context.cpp:29] DecreaseCounter constructing_actor_cnt, current val is 577
I1012 13:04:14.137099 39670 naive_actor.cpp:25] actor 2199023255587 switch to &NaiveActor::HandlerNormal
I1012 13:04:14.137147 39670 thread.cpp:96] Thread 1048576 construct Actor kNormalForward 2199023255587
I1012 13:04:14.137208 39670 runtime_context.cpp:29] DecreaseCounter constructing_actor_cnt, current val is 576
I1012 13:04:14.137287 39660 naive_actor.cpp:25] actor 1099614388267 switch to &NaiveActor::HandlerNormal
I1012 13:04:14.137331 39660 thread.cpp:96] Thread 524337 construct Actor kDeviceTick 1099614388267
I1012 13:04:14.137367 39683 naive_actor.cpp:25] actor 2207613190158 switch to &NaiveActor::HandlerNormal
I1012 13:04:14.137383 39660 runtime_context.cpp:29] DecreaseCounter constructing_actor_cnt, current val is 575
I1012 13:04:14.137435 39683 thread.cpp:96] Thread 1052672 construct Actor kNormalForward 2207613190158
I1012 13:04:14.137538 39683 runtime_context.cpp:29] DecreaseCounter constructing_actor_cnt, current val is 574
I1012 13:04:14.137730 39660 naive_actor.cpp:25] actor 1099614388275 switch to &NaiveActor::HandlerNormal
I1012 13:04:14.137789 39660 thread.cpp:96] Thread 524337 construct Actor kDeviceTick 1099614388275
I1012 13:04:14.137861 39660 runtime_context.cpp:29] DecreaseCounter constructing_actor_cnt, current val is 573
I1012 13:04:14.138139 39660 naive_actor.cpp:25] actor 1099614388295 switch to &NaiveActor::HandlerNormal
I1012 13:04:14.138161 39670 naive_actor.cpp:25] actor 2199023255566 switch to &NaiveActor::HandlerNormal
I1012 13:04:14.138185 39660 thread.cpp:96] Thread 524337 construct Actor kTick 1099614388295
I1012 13:04:14.138226 39670 thread.cpp:96] Thread 1048576 construct Actor kNormalForward 2199023255566
I1012 13:04:14.138288 39660 runtime_context.cpp:29] DecreaseCounter constructing_actor_cnt, current val is 572
I1012 13:04:14.138317 39670 runtime_context.cpp:29] DecreaseCounter constructing_actor_cnt, current val is 571
I1012 13:04:14.138571 39683 naive_actor.cpp:25] actor 2207613190201 switch to &NaiveActor::HandlerNormal
I1012 13:04:14.138592 39660 naive_actor.cpp:25] actor 1099614388277 switch to &NaiveActor::HandlerNormal
I1012 13:04:14.138633 39683 thread.cpp:96] Thread 1052672 construct Actor kNormalForward 2207613190201
I1012 13:04:14.138674 39670 naive_actor.cpp:25] actor 2199023255590 switch to &NaiveActor::HandlerNormal
I1012 13:04:14.138672 39660 thread.cpp:96] Thread 524337 construct Actor kSrcSubsetTick 1099614388277
I1012 13:04:14.138708 39670 thread.cpp:96] Thread 1048576 construct Actor kNormalForward 2199023255590
I1012 13:04:14.138738 39683 runtime_context.cpp:29] DecreaseCounter constructing_actor_cnt, current val is 570
I1012 13:04:14.138767 39660 runtime_context.cpp:29] DecreaseCounter constructing_actor_cnt, current val is 569
I1012 13:04:14.138780 39670 runtime_context.cpp:29] DecreaseCounter constructing_actor_cnt, current val is 568
I1012 13:04:14.139042 39660 naive_actor.cpp:25] actor 1099614388294 switch to &NaiveActor::HandlerNormal
I1012 13:04:14.139087 39660 thread.cpp:96] Thread 524337 construct Actor kTick 1099614388294
I1012 13:04:14.139159 39660 runtime_context.cpp:29] DecreaseCounter constructing_actor_cnt, current val is 567
I1012 13:04:14.139442 39683 naive_actor.cpp:25] actor 2207613190174 switch to &NaiveActor::HandlerNormal
I1012 13:04:14.139497 39670 naive_actor.cpp:25] actor 2199023255615 switch to &NaiveActor::HandlerNormal
I1012 13:04:14.139501 39683 thread.cpp:96] Thread 1052672 construct Actor kNormalForward 2207613190174
I1012 13:04:14.139537 39660 naive_actor.cpp:25] actor 1099614388281 switch to &NaiveActor::HandlerNormal
I1012 13:04:14.139533 39670 thread.cpp:96] Thread 1048576 construct Actor kNormalForward 2199023255615
I1012 13:04:14.139602 39660 thread.cpp:96] Thread 524337 construct Actor kDstSubsetTick 1099614388281
I1012 13:04:14.139608 39683 runtime_context.cpp:29] DecreaseCounter constructing_actor_cnt, current val is 566
I1012 13:04:14.139679 39670 runtime_context.cpp:29] DecreaseCounter constructing_actor_cnt, current val is 565
I1012 13:04:14.139701 39660 runtime_context.cpp:29] DecreaseCounter constructing_actor_cnt, current val is 564
I1012 13:04:14.139953 39670 naive_actor.cpp:25] actor 2199023255588 switch to &NaiveActor::HandlerNormal
I1012 13:04:14.139971 39683 naive_actor.cpp:25] actor 2207613190162 switch to &NaiveActor::HandlerNormal
I1012 13:04:14.140002 39670 thread.cpp:96] Thread 1048576 construct Actor kNormalForward 2199023255588
I1012 13:04:14.140029 39683 thread.cpp:96] Thread 1052672 construct Actor kNormalForward 2207613190162
I1012 13:04:14.140097 39670 runtime_context.cpp:29] DecreaseCounter constructing_actor_cnt, current val is 563
I1012 13:04:14.140113 39660 naive_actor.cpp:25] actor 1099614388276 switch to &NaiveActor::HandlerNormal
I1012 13:04:14.140111 39683 runtime_context.cpp:29] DecreaseCounter constructing_actor_cnt, current val is 562
I1012 13:04:14.140211 39660 thread.cpp:96] Thread 524337 construct Actor kDeviceTick 1099614388276
I1012 13:04:14.140341 39660 runtime_context.cpp:29] DecreaseCounter constructing_actor_cnt, current val is 561
I1012 13:04:14.140745 39660 naive_actor.cpp:25] actor 1099614388307 switch to &NaiveActor::HandlerNormal
I1012 13:04:14.140839 39660 thread.cpp:96] Thread 524337 construct Actor kTick 1099614388307
I1012 13:04:14.140928 39660 runtime_context.cpp:29] DecreaseCounter constructing_actor_cnt, current val is 560
I1012 13:04:14.141016 39670 naive_actor.cpp:25] actor 2199023255586 switch to &NaiveActor::HandlerNormal
I1012 13:04:14.141062 39670 thread.cpp:96] Thread 1048576 construct Actor kNormalForward 2199023255586
I1012 13:04:14.141140 39683 naive_actor.cpp:25] actor 2207613190186 switch to &NaiveActor::HandlerNormal
I1012 13:04:14.141144 39670 runtime_context.cpp:29] DecreaseCounter constructing_actor_cnt, current val is 559
I1012 13:04:14.141193 39683 thread.cpp:96] Thread 1052672 construct Actor kNormalForward 2207613190186
I1012 13:04:14.141268 39660 naive_actor.cpp:25] actor 1099614388284 switch to &NaiveActor::HandlerNormal
I1012 13:04:14.141281 39683 runtime_context.cpp:29] DecreaseCounter constructing_actor_cnt, current val is 558
I1012 13:04:14.141320 39660 thread.cpp:96] Thread 524337 construct Actor kTick 1099614388284
I1012 13:04:14.141415 39660 runtime_context.cpp:29] DecreaseCounter constructing_actor_cnt, current val is 557
I1012 13:04:14.141722 39660 naive_actor.cpp:25] actor 1099614388290 switch to &NaiveActor::HandlerNormal
I1012 13:04:14.141768 39660 thread.cpp:96] Thread 524337 construct Actor kSrcSubsetTick 1099614388290
I1012 13:04:14.141825 39660 runtime_context.cpp:29] DecreaseCounter constructing_actor_cnt, current val is 556
I1012 13:04:14.141860 39670 naive_actor.cpp:25] actor 2199023255567 switch to &NaiveActor::HandlerNormal
I1012 13:04:14.141906 39670 thread.cpp:96] Thread 1048576 construct Actor kNormalForward 2199023255567
I1012 13:04:14.141973 39670 runtime_context.cpp:29] DecreaseCounter constructing_actor_cnt, current val is 555
I1012 13:04:14.142102 39683 naive_actor.cpp:25] actor 2207613190200 switch to &NaiveActor::HandlerNormal
I1012 13:04:14.142130 39660 naive_actor.cpp:25] actor 1099614388283 switch to &NaiveActor::HandlerNormal
I1012 13:04:14.142149 39683 thread.cpp:96] Thread 1052672 construct Actor kNormalForward 2207613190200
I1012 13:04:14.142174 39660 thread.cpp:96] Thread 524337 construct Actor kTick 1099614388283
I1012 13:04:14.142266 39683 runtime_context.cpp:29] DecreaseCounter constructing_actor_cnt, current val is 554
I1012 13:04:14.142274 39660 runtime_context.cpp:29] DecreaseCounter constructing_actor_cnt, current val is 553
I1012 13:04:14.142603 39660 naive_actor.cpp:25] actor 1099614388280 switch to &NaiveActor::HandlerNormal
I1012 13:04:14.142648 39660 thread.cpp:96] Thread 524337 construct Actor kTick 1099614388280
I1012 13:04:14.142712 39660 runtime_context.cpp:29] DecreaseCounter constructing_actor_cnt, current val is 552
I1012 13:04:14.142830 39670 naive_actor.cpp:25] actor 2199023255591 switch to &NaiveActor::HandlerNormal
I1012 13:04:14.142877 39670 thread.cpp:96] Thread 1048576 construct Actor kNormalForward 2199023255591
I1012 13:04:14.142954 39670 runtime_context.cpp:29] DecreaseCounter constructing_actor_cnt, current val is 551
I1012 13:04:14.143010 39660 naive_actor.cpp:25] actor 1099614388282 switch to &NaiveActor::HandlerNormal
I1012 13:04:14.143051 39660 thread.cpp:96] Thread 524337 construct Actor kTick 1099614388282
I1012 13:04:14.143121 39660 runtime_context.cpp:29] DecreaseCounter constructing_actor_cnt, current val is 550
I1012 13:04:14.143165 39683 naive_actor.cpp:25] actor 2207613190163 switch to &NaiveActor::HandlerNormal
I1012 13:04:14.143218 39683 thread.cpp:96] Thread 1052672 construct Actor kNormalForward 2207613190163
I1012 13:04:14.143301 39683 runtime_context.cpp:29] DecreaseCounter constructing_actor_cnt, current val is 549
I1012 13:04:14.143512 39660 naive_actor.cpp:25] actor 1099614388293 switch to &NaiveActor::HandlerNormal
I1012 13:04:14.143556 39660 thread.cpp:96] Thread 524337 construct Actor kDstSubsetTick 1099614388293
I1012 13:04:14.143618 39683 naive_actor.cpp:25] actor 2207613190167 switch to &NaiveActor::HandlerNormal
I1012 13:04:14.143618 39660 runtime_context.cpp:29] DecreaseCounter constructing_actor_cnt, current val is 548
I1012 13:04:14.143707 39683 thread.cpp:96] Thread 1052672 construct Actor kNormalForward 2207613190167
I1012 13:04:14.143827 39683 runtime_context.cpp:29] DecreaseCounter constructing_actor_cnt, current val is 547
I1012 13:04:14.143898 39670 naive_actor.cpp:25] actor 2199023255555 switch to &NaiveActor::HandlerNormal
I1012 13:04:14.143944 39670 thread.cpp:96] Thread 1048576 construct Actor kNormalForward 2199023255555
I1012 13:04:14.144021 39660 naive_actor.cpp:25] actor 1099614388306 switch to &NaiveActor::HandlerNormal
I1012 13:04:14.144027 39670 runtime_context.cpp:29] DecreaseCounter constructing_actor_cnt, current val is 546
I1012 13:04:14.144069 39660 thread.cpp:96] Thread 524337 construct Actor kTick 1099614388306
I1012 13:04:14.144151 39660 runtime_context.cpp:29] DecreaseCounter constructing_actor_cnt, current val is 545
I1012 13:04:14.144171 39683 naive_actor.cpp:25] actor 2207613190146 switch to &NaiveActor::HandlerNormal
I1012 13:04:14.144222 39683 thread.cpp:96] Thread 1052672 construct Actor kNormalForward 2207613190146
I1012 13:04:14.144290 39683 runtime_context.cpp:29] DecreaseCounter constructing_actor_cnt, current val is 544
I1012 13:04:14.144474 39660 naive_actor.cpp:25] actor 1099614388285 switch to &NaiveActor::HandlerNormal
I1012 13:04:14.144520 39660 thread.cpp:96] Thread 524337 construct Actor kTick 1099614388285
I1012 13:04:14.144593 39660 runtime_context.cpp:29] DecreaseCounter constructing_actor_cnt, current val is 543
I1012 13:04:14.144860 39660 naive_actor.cpp:25] actor 1099614388292 switch to &NaiveActor::HandlerNormal
I1012 13:04:14.144904 39660 thread.cpp:96] Thread 524337 construct Actor kTick 1099614388292
I1012 13:04:14.144958 39670 naive_actor.cpp:25] actor 2199023255579 switch to &NaiveActor::HandlerNormal
I1012 13:04:14.144958 39660 runtime_context.cpp:29] DecreaseCounter constructing_actor_cnt, current val is 542
I1012 13:04:14.144997 39670 thread.cpp:96] Thread 1048576 construct Actor kNormalForward 2199023255579
I1012 13:04:14.145085 39670 runtime_context.cpp:29] DecreaseCounter constructing_actor_cnt, current val is 541
I1012 13:04:14.145126 39683 naive_actor.cpp:25] actor 2207613190191 switch to &NaiveActor::HandlerNormal
I1012 13:04:14.145159 39683 thread.cpp:96] Thread 1052672 construct Actor kNormalForward 2207613190191
I1012 13:04:14.145241 39683 runtime_context.cpp:29] DecreaseCounter constructing_actor_cnt, current val is 540
I1012 13:04:14.145299 39660 naive_actor.cpp:25] actor 1099614388288 switch to &NaiveActor::HandlerNormal
I1012 13:04:14.145344 39660 thread.cpp:96] Thread 524337 construct Actor kTick 1099614388288
I1012 13:04:14.145416 39660 runtime_context.cpp:29] DecreaseCounter constructing_actor_cnt, current val is 539
I1012 13:04:14.145701 39660 naive_actor.cpp:25] actor 1099614388299 switch to &NaiveActor::HandlerNormal
I1012 13:04:14.145746 39660 thread.cpp:96] Thread 524337 construct Actor kTick 1099614388299
I1012 13:04:14.145809 39660 runtime_context.cpp:29] DecreaseCounter constructing_actor_cnt, current val is 538
I1012 13:04:14.146044 39670 naive_actor.cpp:25] actor 2199023255560 switch to &NaiveActor::HandlerNormal
I1012 13:04:14.146087 39660 naive_actor.cpp:25] actor 1099614388298 switch to &NaiveActor::HandlerNormal
I1012 13:04:14.146065 39683 naive_actor.cpp:25] actor 2207613190176 switch to &NaiveActor::HandlerNormal
I1012 13:04:14.146096 39670 thread.cpp:96] Thread 1048576 construct Actor kNormalForward 2199023255560
I1012 13:04:14.146121 39660 thread.cpp:96] Thread 524337 construct Actor kTick 1099614388298
I1012 13:04:14.146148 39683 thread.cpp:96] Thread 1052672 construct Actor kNormalForward 2207613190176
I1012 13:04:14.146260 39660 runtime_context.cpp:29] DecreaseCounter constructing_actor_cnt, current val is 537
I1012 13:04:14.146272 39683 runtime_context.cpp:29] DecreaseCounter constructing_actor_cnt, current val is 536
I1012 13:04:14.146286 39670 runtime_context.cpp:29] DecreaseCounter constructing_actor_cnt, current val is 535
I1012 13:04:14.146546 39660 naive_actor.cpp:25] actor 1099614388310 switch to &NaiveActor::HandlerNormal
I1012 13:04:14.146607 39660 thread.cpp:96] Thread 524337 construct Actor kTick 1099614388310
I1012 13:04:14.146615 39683 naive_actor.cpp:25] actor 2207613190175 switch to &NaiveActor::HandlerNormal
I1012 13:04:14.146667 39683 thread.cpp:96] Thread 1052672 construct Actor kNormalForward 2207613190175
I1012 13:04:14.146674 39660 runtime_context.cpp:29] DecreaseCounter constructing_actor_cnt, current val is 534
I1012 13:04:14.146744 39683 runtime_context.cpp:29] DecreaseCounter constructing_actor_cnt, current val is 533
I1012 13:04:14.147004 39660 reentrant_lock_actor.cpp:76] actor 1099614388296 switch to &ReentrantLockActor::HandlerNormal
I1012 13:04:14.147023 39670 naive_actor.cpp:25] actor 2199023255572 switch to &NaiveActor::HandlerNormal
I1012 13:04:14.147033 39683 naive_actor.cpp:25] actor 2207613190157 switch to &NaiveActor::HandlerNormal
I1012 13:04:14.147053 39660 thread.cpp:96] Thread 524337 construct Actor kReentrantLock 1099614388296
I1012 13:04:14.147078 39670 thread.cpp:96] Thread 1048576 construct Actor kNormalForward 2199023255572
I1012 13:04:14.147105 39683 thread.cpp:96] Thread 1052672 construct Actor kNormalForward 2207613190157
I1012 13:04:14.147181 39660 runtime_context.cpp:29] DecreaseCounter constructing_actor_cnt, current val is 532
I1012 13:04:14.147210 39683 runtime_context.cpp:29] DecreaseCounter constructing_actor_cnt, current val is 531
I1012 13:04:14.147213 39670 runtime_context.cpp:29] DecreaseCounter constructing_actor_cnt, current val is 530
I1012 13:04:14.147473 39660 naive_actor.cpp:25] actor 1099614388322 switch to &NaiveActor::HandlerNormal
I1012 13:04:14.147518 39660 thread.cpp:96] Thread 524337 construct Actor kTick 1099614388322
I1012 13:04:14.147573 39660 runtime_context.cpp:29] DecreaseCounter constructing_actor_cnt, current val is 529
I1012 13:04:14.147845 39660 naive_actor.cpp:25] actor 1099614388314 switch to &NaiveActor::HandlerNormal
I1012 13:04:14.147888 39660 thread.cpp:96] Thread 524337 construct Actor kTick 1099614388314
I1012 13:04:14.147946 39660 runtime_context.cpp:29] DecreaseCounter constructing_actor_cnt, current val is 528
I1012 13:04:14.148022 39683 naive_actor.cpp:25] actor 2207613190181 switch to &NaiveActor::HandlerNormal
I1012 13:04:14.148072 39683 thread.cpp:96] Thread 1052672 construct Actor kNormalForward 2207613190181
I1012 13:04:14.148123 39670 naive_actor.cpp:25] actor 2199023255610 switch to &NaiveActor::HandlerNormal
I1012 13:04:14.148150 39683 runtime_context.cpp:29] DecreaseCounter constructing_actor_cnt, current val is 527
I1012 13:04:14.148172 39670 thread.cpp:96] Thread 1048576 construct Actor kNormalForward 2199023255610
I1012 13:04:14.148239 39660 naive_actor.cpp:25] actor 1099614388319 switch to &NaiveActor::HandlerNormal
I1012 13:04:14.148268 39670 runtime_context.cpp:29] DecreaseCounter constructing_actor_cnt, current val is 526
I1012 13:04:14.148289 39660 thread.cpp:96] Thread 524337 construct Actor kTick 1099614388319
I1012 13:04:14.148389 39660 runtime_context.cpp:29] DecreaseCounter constructing_actor_cnt, current val is 525
I1012 13:04:14.148677 39660 naive_actor.cpp:25] actor 1099614388321 switch to &NaiveActor::HandlerNormal
I1012 13:04:14.148722 39660 thread.cpp:96] Thread 524337 construct Actor kTick 1099614388321
I1012 13:04:14.148788 39660 runtime_context.cpp:29] DecreaseCounter constructing_actor_cnt, current val is 524
I1012 13:04:14.149021 39683 naive_actor.cpp:25] actor 2207613190188 switch to &NaiveActor::HandlerNormal
I1012 13:04:14.149068 39660 naive_actor.cpp:25] actor 1099614388311 switch to &NaiveActor::HandlerNormal
I1012 13:04:14.149070 39683 thread.cpp:96] Thread 1052672 construct Actor kNormalForward 2207613190188
I1012 13:04:14.149106 39660 thread.cpp:96] Thread 524337 construct Actor kTick 1099614388311
I1012 13:04:14.149108 39670 naive_actor.cpp:25] actor 2199023255596 switch to &NaiveActor::HandlerNormal
I1012 13:04:14.149181 39670 thread.cpp:96] Thread 1048576 construct Actor kNormalForward 2199023255596
I1012 13:04:14.149194 39683 runtime_context.cpp:29] DecreaseCounter constructing_actor_cnt, current val is 523
I1012 13:04:14.149204 39660 runtime_context.cpp:29] DecreaseCounter constructing_actor_cnt, current val is 522
I1012 13:04:14.149276 39670 runtime_context.cpp:29] DecreaseCounter constructing_actor_cnt, current val is 521
I1012 13:04:14.149554 39660 naive_actor.cpp:25] actor 1099614388317 switch to &NaiveActor::HandlerNormal
I1012 13:04:14.149603 39660 thread.cpp:96] Thread 524337 construct Actor kTick 1099614388317
I1012 13:04:14.149677 39660 runtime_context.cpp:29] DecreaseCounter constructing_actor_cnt, current val is 520
I1012 13:04:14.149924 39670 naive_actor.cpp:25] actor 2199023255582 switch to &NaiveActor::HandlerNormal
I1012 13:04:14.149945 39660 naive_actor.cpp:25] actor 1099614388315 switch to &NaiveActor::HandlerNormal
I1012 13:04:14.149940 39683 naive_actor.cpp:25] actor 2207613190197 switch to &NaiveActor::HandlerNormal
I1012 13:04:14.149971 39670 thread.cpp:96] Thread 1048576 construct Actor kNormalForward 2199023255582
I1012 13:04:14.149989 39660 thread.cpp:96] Thread 524337 construct Actor kTick 1099614388315
I1012 13:04:14.150017 39683 thread.cpp:96] Thread 1052672 construct Actor kNormalForward 2207613190197
I1012 13:04:14.150084 39670 runtime_context.cpp:29] DecreaseCounter constructing_actor_cnt, current val is 519
I1012 13:04:14.150110 39660 runtime_context.cpp:29] DecreaseCounter constructing_actor_cnt, current val is 518
I1012 13:04:14.150122 39683 runtime_context.cpp:29] DecreaseCounter constructing_actor_cnt, current val is 517
I1012 13:04:14.150382 39660 naive_actor.cpp:25] actor 1099614388313 switch to &NaiveActor::HandlerNormal
I1012 13:04:14.150441 39660 thread.cpp:96] Thread 524337 construct Actor kTick 1099614388313
I1012 13:04:14.150508 39660 runtime_context.cpp:29] DecreaseCounter constructing_actor_cnt, current val is 516
I1012 13:04:14.150779 39660 naive_actor.cpp:25] actor 1099614388318 switch to &NaiveActor::HandlerNormal
I1012 13:04:14.150822 39660 thread.cpp:96] Thread 524337 construct Actor kTick 1099614388318
I1012 13:04:14.150830 39670 naive_actor.cpp:25] actor 2199023255557 switch to &NaiveActor::HandlerNormal
I1012 13:04:14.150882 39660 runtime_context.cpp:29] DecreaseCounter constructing_actor_cnt, current val is 515
I1012 13:04:14.150885 39670 thread.cpp:96] Thread 1048576 construct Actor kNormalForward 2199023255557
I1012 13:04:14.150921 39683 naive_actor.cpp:25] actor 2207613190168 switch to &NaiveActor::HandlerNormal
I1012 13:04:14.150980 39670 runtime_context.cpp:29] DecreaseCounter constructing_actor_cnt, current val is 514
I1012 13:04:14.150987 39683 thread.cpp:96] Thread 1052672 construct Actor kNormalForward 2207613190168
I1012 13:04:14.151086 39683 runtime_context.cpp:29] DecreaseCounter constructing_actor_cnt, current val is 513
I1012 13:04:14.151182 39660 naive_actor.cpp:25] actor 1099614388302 switch to &NaiveActor::HandlerNormal
I1012 13:04:14.151226 39660 thread.cpp:96] Thread 524337 construct Actor kTick 1099614388302
I1012 13:04:14.151280 39660 runtime_context.cpp:29] DecreaseCounter constructing_actor_cnt, current val is 512
I1012 13:04:14.151548 39660 naive_actor.cpp:25] actor 1099614388301 switch to &NaiveActor::HandlerNormal
I1012 13:04:14.151590 39660 thread.cpp:96] Thread 524337 construct Actor kTick 1099614388301
I1012 13:04:14.151643 39660 runtime_context.cpp:29] DecreaseCounter constructing_actor_cnt, current val is 511
I1012 13:04:14.151755 39670 naive_actor.cpp:25] actor 2199023255617 switch to &NaiveActor::HandlerNormal
I1012 13:04:14.151798 39670 thread.cpp:96] Thread 1048576 construct Actor kNormalForward 2199023255617
I1012 13:04:14.151831 39683 naive_actor.cpp:25] actor 2207613190183 switch to &NaiveActor::HandlerNormal
I1012 13:04:14.151865 39683 thread.cpp:96] Thread 1052672 construct Actor kNormalForward 2207613190183
I1012 13:04:14.151865 39670 runtime_context.cpp:29] DecreaseCounter constructing_actor_cnt, current val is 510
I1012 13:04:14.151921 39660 naive_actor.cpp:25] actor 1099614388320 switch to &NaiveActor::HandlerNormal
I1012 13:04:14.151929 39683 runtime_context.cpp:29] DecreaseCounter constructing_actor_cnt, current val is 509
I1012 13:04:14.151996 39660 thread.cpp:96] Thread 524337 construct Actor kTick 1099614388320
I1012 13:04:14.152091 39660 runtime_context.cpp:29] DecreaseCounter constructing_actor_cnt, current val is 508
I1012 13:04:14.152356 39660 naive_actor.cpp:25] actor 1099614388303 switch to &NaiveActor::HandlerNormal
I1012 13:04:14.152400 39660 thread.cpp:96] Thread 524337 construct Actor kTick 1099614388303
I1012 13:04:14.152470 39660 runtime_context.cpp:29] DecreaseCounter constructing_actor_cnt, current val is 507
I1012 13:04:14.152623 39670 naive_actor.cpp:25] actor 2199023255602 switch to &NaiveActor::HandlerNormal
I1012 13:04:14.152667 39670 thread.cpp:96] Thread 1048576 construct Actor kNormalForward 2199023255602
I1012 13:04:14.152735 39670 runtime_context.cpp:29] DecreaseCounter constructing_actor_cnt, current val is 506
I1012 13:04:14.152743 39660 naive_actor.cpp:25] actor 1099614388316 switch to &NaiveActor::HandlerNormal
I1012 13:04:14.152783 39660 thread.cpp:96] Thread 524337 construct Actor kTick 1099614388316
I1012 13:04:14.152817 39683 naive_actor.cpp:25] actor 2207613190225 switch to &NaiveActor::HandlerNormal
I1012 13:04:14.152844 39660 runtime_context.cpp:29] DecreaseCounter constructing_actor_cnt, current val is 505
I1012 13:04:14.152868 39683 thread.cpp:96] Thread 1052672 construct Actor kNormalForward 2207613190225
I1012 13:04:14.152958 39683 runtime_context.cpp:29] DecreaseCounter constructing_actor_cnt, current val is 504
I1012 13:04:14.153134 39660 naive_actor.cpp:25] actor 1099614388309 switch to &NaiveActor::HandlerNormal
I1012 13:04:14.153178 39660 thread.cpp:96] Thread 524337 construct Actor kTick 1099614388309
I1012 13:04:14.153244 39660 runtime_context.cpp:29] DecreaseCounter constructing_actor_cnt, current val is 503
I1012 13:04:14.153563 39670 naive_actor.cpp:25] actor 2199023255576 switch to &NaiveActor::HandlerNormal
I1012 13:04:14.153609 39670 thread.cpp:96] Thread 1048576 construct Actor kNormalForward 2199023255576
I1012 13:04:14.153681 39670 runtime_context.cpp:29] DecreaseCounter constructing_actor_cnt, current val is 502
I1012 13:04:14.153717 39683 naive_actor.cpp:25] actor 2207613190199 switch to &NaiveActor::HandlerNormal
I1012 13:04:14.153736 39660 esac_actor.cpp:73] actor 1099614388326 switch to &EsacActor::HandlerNormal
I1012 13:04:14.153765 39683 thread.cpp:96] Thread 1052672 construct Actor kNormalForward 2207613190199
I1012 13:04:14.153800 39660 thread.cpp:96] Thread 524337 construct Actor kEsac 1099614388326
I1012 13:04:14.153880 39683 runtime_context.cpp:29] DecreaseCounter constructing_actor_cnt, current val is 501
I1012 13:04:14.153909 39660 runtime_context.cpp:29] DecreaseCounter constructing_actor_cnt, current val is 500
I1012 13:04:14.153976 39670 naive_actor.cpp:25] actor 2199023255600 switch to &NaiveActor::HandlerNormal
I1012 13:04:14.154017 39670 thread.cpp:96] Thread 1048576 construct Actor kNormalForward 2199023255600
I1012 13:04:14.154074 39670 runtime_context.cpp:29] DecreaseCounter constructing_actor_cnt, current val is 499
I1012 13:04:14.154206 39660 naive_actor.cpp:25] actor 1099614388300 switch to &NaiveActor::HandlerNormal
I1012 13:04:14.154247 39660 thread.cpp:96] Thread 524337 construct Actor kTick 1099614388300
I1012 13:04:14.154331 39660 runtime_context.cpp:29] DecreaseCounter constructing_actor_cnt, current val is 498
I1012 13:04:14.154381 39670 naive_actor.cpp:25] actor 2199023255606 switch to &NaiveActor::HandlerNormal
I1012 13:04:14.154420 39670 thread.cpp:96] Thread 1048576 construct Actor kNormalForward 2199023255606
I1012 13:04:14.154482 39670 runtime_context.cpp:29] DecreaseCounter constructing_actor_cnt, current val is 497
I1012 13:04:14.154633 39660 naive_actor.cpp:25] actor 1099614388323 switch to &NaiveActor::HandlerNormal
I1012 13:04:14.154675 39660 thread.cpp:96] Thread 524337 construct Actor kTick 1099614388323
I1012 13:04:14.154742 39660 runtime_context.cpp:29] DecreaseCounter constructing_actor_cnt, current val is 496
I1012 13:04:14.154754 39683 naive_actor.cpp:25] actor 2207613190213 switch to &NaiveActor::HandlerNormal
I1012 13:04:14.154876 39683 thread.cpp:96] Thread 1052672 construct Actor kNormalForward 2207613190213
I1012 13:04:14.154980 39683 runtime_context.cpp:29] DecreaseCounter constructing_actor_cnt, current val is 495
I1012 13:04:14.155092 39660 naive_actor.cpp:25] actor 1099614388312 switch to &NaiveActor::HandlerNormal
I1012 13:04:14.155138 39660 thread.cpp:96] Thread 524337 construct Actor kTick 1099614388312
I1012 13:04:14.155150 39670 naive_actor.cpp:25] actor 2199023255630 switch to &NaiveActor::HandlerNormal
I1012 13:04:14.155187 39670 thread.cpp:96] Thread 1048576 construct Actor kNormalForward 2199023255630
I1012 13:04:14.155200 39660 runtime_context.cpp:29] DecreaseCounter constructing_actor_cnt, current val is 494
I1012 13:04:14.155252 39670 runtime_context.cpp:29] DecreaseCounter constructing_actor_cnt, current val is 493
I1012 13:04:14.155521 39660 naive_actor.cpp:25] actor 1099614388330 switch to &NaiveActor::HandlerNormal
I1012 13:04:14.155565 39660 thread.cpp:96] Thread 524337 construct Actor kTick 1099614388330
I1012 13:04:14.155627 39660 runtime_context.cpp:29] DecreaseCounter constructing_actor_cnt, current val is 492
I1012 13:04:14.155766 39683 naive_actor.cpp:25] actor 2207613190178 switch to &NaiveActor::HandlerNormal
I1012 13:04:14.155812 39683 thread.cpp:96] Thread 1052672 construct Actor kNormalForward 2207613190178
I1012 13:04:14.155887 39683 runtime_context.cpp:29] DecreaseCounter constructing_actor_cnt, current val is 491
I1012 13:04:14.155969 39670 naive_actor.cpp:25] actor 2199023255612 switch to &NaiveActor::HandlerNormal
I1012 13:04:14.156016 39670 thread.cpp:96] Thread 1048576 construct Actor kNormalForward 2199023255612
I1012 13:04:14.156045 39660 esac_actor.cpp:73] actor 1099614388334 switch to &EsacActor::HandlerNormal
I1012 13:04:14.156077 39670 runtime_context.cpp:29] DecreaseCounter constructing_actor_cnt, current val is 490
I1012 13:04:14.156093 39660 thread.cpp:96] Thread 524337 construct Actor kEsac 1099614388334
I1012 13:04:14.156190 39660 runtime_context.cpp:29] DecreaseCounter constructing_actor_cnt, current val is 489
I1012 13:04:14.156486 39660 naive_actor.cpp:25] actor 1099614388331 switch to &NaiveActor::HandlerNormal
I1012 13:04:14.156528 39660 thread.cpp:96] Thread 524337 construct Actor kTick 1099614388331
I1012 13:04:14.156579 39660 runtime_context.cpp:29] DecreaseCounter constructing_actor_cnt, current val is 488
I1012 13:04:14.156622 39683 naive_actor.cpp:25] actor 2207613190237 switch to &NaiveActor::HandlerNormal
I1012 13:04:14.156672 39683 thread.cpp:96] Thread 1052672 construct Actor kNormalForward 2207613190237
I1012 13:04:14.156736 39683 runtime_context.cpp:29] DecreaseCounter constructing_actor_cnt, current val is 487
I1012 13:04:14.156769 39670 naive_actor.cpp:25] actor 2199023255654 switch to &NaiveActor::HandlerNormal
I1012 13:04:14.156812 39670 thread.cpp:96] Thread 1048576 construct Actor kNormalForward 2199023255654
I1012 13:04:14.156872 39660 naive_actor.cpp:25] actor 1099614388328 switch to &NaiveActor::HandlerNormal
I1012 13:04:14.156891 39670 runtime_context.cpp:29] DecreaseCounter constructing_actor_cnt, current val is 486
I1012 13:04:14.156921 39660 thread.cpp:96] Thread 524337 construct Actor kTick 1099614388328
I1012 13:04:14.157002 39660 runtime_context.cpp:29] DecreaseCounter constructing_actor_cnt, current val is 485
I1012 13:04:14.157285 39660 naive_actor.cpp:25] actor 1099614388329 switch to &NaiveActor::HandlerNormal
I1012 13:04:14.157328 39660 thread.cpp:96] Thread 524337 construct Actor kTick 1099614388329
I1012 13:04:14.157375 39660 runtime_context.cpp:29] DecreaseCounter constructing_actor_cnt, current val is 484
I1012 13:04:14.157629 39683 naive_actor.cpp:25] actor 2207613190202 switch to &NaiveActor::HandlerNormal
I1012 13:04:14.157647 39660 naive_actor.cpp:25] actor 1099614388324 switch to &NaiveActor::HandlerNormal
I1012 13:04:14.157701 39670 naive_actor.cpp:25] actor 2199023255636 switch to &NaiveActor::HandlerNormal
I1012 13:04:14.157685 39683 thread.cpp:96] Thread 1052672 construct Actor kNormalForward 2207613190202
I1012 13:04:14.157718 39660 thread.cpp:96] Thread 524337 construct Actor kTick 1099614388324
I1012 13:04:14.157773 39670 thread.cpp:96] Thread 1048576 construct Actor kNormalForward 2199023255636
I1012 13:04:14.157852 39683 runtime_context.cpp:29] DecreaseCounter constructing_actor_cnt, current val is 483
I1012 13:04:14.157891 39670 runtime_context.cpp:29] DecreaseCounter constructing_actor_cnt, current val is 481
I1012 13:04:14.157871 39660 runtime_context.cpp:29] DecreaseCounter constructing_actor_cnt, current val is 482
I1012 13:04:14.158123 39683 naive_actor.cpp:25] actor 2207613190261 switch to &NaiveActor::HandlerNormal
I1012 13:04:14.158172 39683 thread.cpp:96] Thread 1052672 construct Actor kNormalForward 2207613190261
I1012 13:04:14.158210 39660 naive_actor.cpp:25] actor 1099614388332 switch to &NaiveActor::HandlerNormal
I1012 13:04:14.158241 39683 runtime_context.cpp:29] DecreaseCounter constructing_actor_cnt, current val is 480
I1012 13:04:14.158252 39660 thread.cpp:96] Thread 524337 construct Actor kTick 1099614388332
I1012 13:04:14.158360 39660 runtime_context.cpp:29] DecreaseCounter constructing_actor_cnt, current val is 479
I1012 13:04:14.158573 39683 naive_actor.cpp:25] actor 2207613190198 switch to &NaiveActor::HandlerNormal
I1012 13:04:14.158618 39683 thread.cpp:96] Thread 1052672 construct Actor kNormalForward 2207613190198
I1012 13:04:14.158648 39660 naive_actor.cpp:25] actor 1099614388333 switch to &NaiveActor::HandlerNormal
I1012 13:04:14.158679 39660 thread.cpp:96] Thread 524337 construct Actor kTick 1099614388333
I1012 13:04:14.158685 39683 runtime_context.cpp:29] DecreaseCounter constructing_actor_cnt, current val is 478
I1012 13:04:14.158732 39660 runtime_context.cpp:29] DecreaseCounter constructing_actor_cnt, current val is 477
I1012 13:04:14.158807 39670 naive_actor.cpp:25] actor 2199023255678 switch to &NaiveActor::HandlerNormal
I1012 13:04:14.158850 39670 thread.cpp:96] Thread 1048576 construct Actor kNormalForward 2199023255678
I1012 13:04:14.158926 39670 runtime_context.cpp:29] DecreaseCounter constructing_actor_cnt, current val is 476
I1012 13:04:14.158967 39683 naive_actor.cpp:25] actor 2207613190285 switch to &NaiveActor::HandlerNormal
I1012 13:04:14.159009 39683 thread.cpp:96] Thread 1052672 construct Actor kNormalForward 2207613190285
I1012 13:04:14.159078 39683 runtime_context.cpp:29] DecreaseCounter constructing_actor_cnt, current val is 475
I1012 13:04:14.159236 39670 naive_actor.cpp:25] actor 2199023255585 switch to &NaiveActor::HandlerNormal
I1012 13:04:14.159277 39670 thread.cpp:96] Thread 1048576 construct Actor kNormalForward 2199023255585
I1012 13:04:14.159312 39660 case_actor.cpp:76] actor 1099614388297 switch to &CaseActor::HandlerNormal
I1012 13:04:14.159339 39670 runtime_context.cpp:29] DecreaseCounter constructing_actor_cnt, current val is 474
I1012 13:04:14.159343 39660 thread.cpp:96] Thread 524337 construct Actor kCase 1099614388297
I1012 13:04:14.159466 39660 runtime_context.cpp:29] DecreaseCounter constructing_actor_cnt, current val is 473
I1012 13:04:14.159845 39683 naive_actor.cpp:25] actor 2207613190222 switch to &NaiveActor::HandlerNormal
I1012 13:04:14.159895 39683 thread.cpp:96] Thread 1052672 construct Actor kNormalForward 2207613190222
I1012 13:04:14.159961 39683 runtime_context.cpp:29] DecreaseCounter constructing_actor_cnt, current val is 472
I1012 13:04:14.160073 39670 naive_actor.cpp:25] actor 2199023255601 switch to &NaiveActor::HandlerNormal
I1012 13:04:14.160120 39670 thread.cpp:96] Thread 1048576 construct Actor kNormalForward 2199023255601
I1012 13:04:14.160185 39670 runtime_context.cpp:29] DecreaseCounter constructing_actor_cnt, current val is 471
I1012 13:04:14.160712 39683 naive_actor.cpp:25] actor 2207613190203 switch to &NaiveActor::HandlerNormal
I1012 13:04:14.160760 39683 thread.cpp:96] Thread 1052672 construct Actor kNormalForward 2207613190203
I1012 13:04:14.160818 39683 runtime_context.cpp:29] DecreaseCounter constructing_actor_cnt, current val is 470
I1012 13:04:14.160995 39670 naive_actor.cpp:25] actor 2199023255607 switch to &NaiveActor::HandlerNormal
I1012 13:04:14.161047 39670 thread.cpp:96] Thread 1048576 construct Actor kNormalForward 2199023255607
I1012 13:04:14.161123 39670 runtime_context.cpp:29] DecreaseCounter constructing_actor_cnt, current val is 469
I1012 13:04:14.161139 39683 naive_actor.cpp:25] actor 2207613190187 switch to &NaiveActor::HandlerNormal
I1012 13:04:14.161176 39683 thread.cpp:96] Thread 1052672 construct Actor kNormalForward 2207613190187
I1012 13:04:14.161226 39683 runtime_context.cpp:29] DecreaseCounter constructing_actor_cnt, current val is 468
I1012 13:04:14.161412 39670 naive_actor.cpp:25] actor 2199023255570 switch to &NaiveActor::HandlerNormal
I1012 13:04:14.161468 39670 thread.cpp:96] Thread 1048576 construct Actor kNormalForward 2199023255570
I1012 13:04:14.161514 39683 naive_actor.cpp:25] actor 2207613190170 switch to &NaiveActor::HandlerNormal
I1012 13:04:14.161516 39670 runtime_context.cpp:29] DecreaseCounter constructing_actor_cnt, current val is 467
I1012 13:04:14.161545 39683 thread.cpp:96] Thread 1052672 construct Actor kNormalForward 2207613190170
I1012 13:04:14.161626 39683 runtime_context.cpp:29] DecreaseCounter constructing_actor_cnt, current val is 466
I1012 13:04:14.162245 39683 naive_actor.cpp:25] actor 2207613190219 switch to &NaiveActor::HandlerNormal
I1012 13:04:14.162251 39670 naive_actor.cpp:25] actor 2199023255569 switch to &NaiveActor::HandlerNormal
I1012 13:04:14.162293 39683 thread.cpp:96] Thread 1052672 construct Actor kNormalForward 2207613190219
