Log file created at: 2021/10/12 13:10:49
Running on machine: oneflow-14
Log line format: [IWEF]mmdd hh:mm:ss.uuuuuu threadid file:line] msg
I1012 13:10:49.605088 40971 global.h:36] NewGlobal 14cudaDeviceProp
I1012 13:10:49.605772 40971 global.h:36] NewGlobal N7oneflow7EnvDescE
I1012 13:10:49.605788 40971 global.h:36] NewGlobal N7oneflow10ProcessCtxE
I1012 13:10:49.605796 40971 env_global_objects_scope.cpp:152] using rpc backend: local
I1012 13:10:49.605809 40971 global.h:36] NewGlobal N7oneflow12ResourceDescE
I1012 13:10:49.605818 40971 global.h:36] NewGlobal N7oneflow12ResourceDescE
I1012 13:10:49.658579 40971 global.h:36] NewGlobal N7oneflow10ThreadPoolE
I1012 13:10:49.659458 40971 global.h:36] NewGlobal N7oneflow16EagerNcclCommMgrE
I1012 13:10:49.659471 40971 global.h:36] NewGlobal N7oneflow18CudnnConvAlgoCacheE
I1012 13:10:49.659476 40971 global.h:36] NewGlobal N7oneflow2vm19VirtualMachineScopeE
I1012 13:10:49.659480 40971 global.h:36] NewGlobal N7oneflow9OneflowVME
I1012 13:10:49.660059 40971 oneflow_vm.cpp:75] transport stream type: N7oneflow2vm13CpuStreamTypeE
I1012 13:10:49.660070 40971 oneflow_vm.cpp:75] transport stream type: N7oneflow2vm14CudaStreamTypeE
I1012 13:10:49.660075 40971 oneflow_vm.cpp:75] transport stream type: N7oneflow2vm19AsyncCudaStreamTypeE
I1012 13:10:49.660173 40971 global.h:36] NewGlobal N7oneflow27EagerJobBuildAndInferCtxMgrE
I1012 13:10:49.660182 40971 global.h:36] NewGlobal N7oneflow12EpollCommNetE
I1012 13:10:49.660264 40971 epoll_comm_network.cpp:63] CommNet:Epoll listening on 0.0.0.0:37639
I1012 13:10:49.660290 40971 epoll_comm_network.cpp:197] machine 0 sockfd -1
I1012 13:10:49.660379 40971 global.h:36] NewGlobal N7oneflow9TransportE
I1012 13:10:49.661442 40971 global.h:43] DeleteGlobal N7oneflow12ResourceDescE
I1012 13:10:49.661464 40971 version.cpp:22] OneFlow git version: b295ca2324
I1012 13:10:49.661476 40971 device_register_gpu.cpp:56] CUDA runtime version: 11.2
I1012 13:10:49.661495 40971 device_register_gpu.cpp:65] cuDNN version: 8.1.1
I1012 13:10:49.661504 40971 device_register_gpu.cpp:78] NCCL version: 2.9.8
I1012 13:10:49.661509 40971 global.h:36] NewGlobal N7oneflow12ResourceDescE
I1012 13:10:49.661514 40971 global.h:36] NewGlobal N7oneflow5IDMgrE
I1012 13:10:49.661520 40971 global.h:36] NewGlobal N7oneflow16AvailableMemDescE
I1012 13:10:49.661538 40971 global.h:36] NewGlobal St13unordered_mapISslSt4hashISsESt8equal_toISsESaISt4pairIKSslEEE
I1012 13:10:49.661543 40971 global.h:36] NewGlobal N7oneflow19CriticalSectionDescE
I1012 13:10:49.661547 40971 global.h:36] NewGlobal N7oneflow16InterUserJobInfoE
I1012 13:10:49.661553 40971 global.h:36] NewGlobal N7oneflow26LazyJobBuildAndInferCtxMgrE
I1012 13:10:49.661557 40971 global.h:36] NewGlobal N7oneflow16JobSetCompileCtxE
I1012 13:10:49.661562 40971 global.h:36] NewGlobal N7oneflow26RuntimeBufferManagersScopeE
I1012 13:10:49.661567 40971 global.h:36] NewGlobal N7oneflow9BufferMgrIlEE
I1012 13:10:49.661571 40971 global.h:36] NewGlobal N7oneflow9BufferMgrISt10shared_ptrINS_11JobInstanceEEEE
I1012 13:10:49.661576 40971 global.h:36] NewGlobal N7oneflow10RuntimeCtxE
I1012 13:10:49.661579 40971 global.h:36] NewGlobal N7oneflow15MemoryAllocatorE
I1012 13:10:49.661583 40971 global.h:36] NewGlobal N7oneflow8ChunkMgrE
I1012 13:10:49.661587 40971 global.h:36] NewGlobal N7oneflow8RegstMgrE
I1012 13:10:49.661592 40971 global.h:36] NewGlobal N7oneflow11ActorMsgBusE
I1012 13:10:49.661595 40971 global.h:36] NewGlobal N7oneflow9ThreadMgrE
I1012 13:10:49.661599 40971 global.h:36] NewGlobal N7oneflow15RuntimeJobDescsE
I1012 13:10:49.661602 40971 global.h:36] NewGlobal N7oneflow7summary12EventsWriterE
I1012 13:10:49.661608 40971 global.h:36] NewGlobal N7oneflow6boxing10collective24CollectiveBoxingExecutorE
I1012 13:10:49.661613 40971 global.h:36] NewGlobal N7oneflow6boxing10collective31CollectiveBoxingDeviceCtxPollerE
I1012 13:10:49.661706 40971 session.h:77] NewGlobal N7oneflow25SessionGlobalObjectsScopeE
I1012 13:10:49.662217 40971 global.h:36] NewGlobal N7oneflow7JobDescE
I1012 13:10:50.030701 40971 global.h:43] DeleteGlobal N7oneflow7JobDescE
I1012 13:10:50.030973 40971 global.h:36] NewGlobal N7oneflow7JobDescE
I1012 13:10:50.034022 40971 global.h:36] NewGlobal N7oneflow7OpGraphE
I1012 13:10:50.039801 40971 global.h:43] DeleteGlobal N7oneflow7OpGraphE
I1012 13:10:50.305402 40971 global.h:43] DeleteGlobal N7oneflow7JobDescE
I1012 13:10:50.321563 40971 global.h:36] NewGlobal N7oneflow24InterJobReuseMemStrategyE
I1012 13:10:50.321588 40971 global.h:36] NewGlobal N7oneflow7OneflowE
I1012 13:10:50.334074 40971 global.h:36] NewGlobal N7oneflow7JobDescE
I1012 13:10:50.569751 40971 insert_nccl_logical_op_pass.cpp:663]  Try insert nccl logical ops into job: train_job. Begin...
I1012 13:10:50.570381 40971 insert_nccl_logical_op_pass.cpp:432]  insert nccl op: System-NCCL-Logical-S2B-107 from: [IdentityN_5](order=0, nd_sbp=[S(0)])->[ParallelCast_6](order=2, nd_sbp=[B]) and before: [System-Boxing-Identity-86](order=1)
I1012 13:10:50.570467 40971 insert_nccl_logical_op_pass.cpp:432]  insert nccl op: System-NCCL-Logical-S2B-108 from: [IdentityN_5](order=0, nd_sbp=[S(0)])->[ParallelCast_11](order=3, nd_sbp=[B]) and before: [System-Boxing-Identity-86](order=1)
I1012 13:10:50.570603 40971 insert_nccl_logical_op_pass.cpp:432]  insert nccl op: System-NCCL-Logical-S2S-109 from: [Gather_12](order=5, nd_sbp=[S(2)])->[Reshape_14](order=7, nd_sbp=[S(0)]) and before: [Reshape_8](order=6)
I1012 13:10:50.570720 40971 insert_nccl_logical_op_pass.cpp:432]  insert nccl op: System-NCCL-Logical-P2S-110 from: [ReduceSum_9](order=8, nd_sbp=[P])->[AddN_16](order=33, nd_sbp=[S(0)]) and before: [Concat_15](order=9)
I1012 13:10:50.571074 40971 insert_nccl_logical_op_pass.cpp:432]  insert nccl op: System-NCCL-Logical-S2B-111 from: [SigmoidCrossEntropy_17_grad](order=37, nd_sbp=[S(0)])->[ReduceSum_9_grad](order=42, nd_sbp=[B]) and before: [ScalarMul_19](order=38)
I1012 13:10:50.571153 40971 insert_nccl_logical_op_pass.cpp:432]  insert nccl op: System-NCCL-Logical-P2B-112 from: [deep_scores-matmul_grad_b](order=39, nd_sbp=[P])->[System-ModelDiffScale-ScalarMul_70](order=43, nd_sbp=[B]) and before: [deep_scores-matmul_grad_a](order=40)
I1012 13:10:50.571223 40971 insert_nccl_logical_op_pass.cpp:432]  insert nccl op: System-NCCL-Logical-P2B-113 from: [deep_scores-bias_add_grad](order=41, nd_sbp=[P])->[System-ModelDiffScale-ScalarMul_74](order=46, nd_sbp=[B]) and before: [ReduceSum_9_grad](order=42)
I1012 13:10:50.571327 40971 insert_nccl_logical_op_pass.cpp:432]  insert nccl op: System-NCCL-Logical-P2B-114 from: [fc6-matmul_grad_b](order=48, nd_sbp=[P])->[System-ModelDiffScale-ScalarMul_64](order=53, nd_sbp=[B]) and before: [fc6-bias_add_grad](order=49)
I1012 13:10:50.571388 40971 insert_nccl_logical_op_pass.cpp:432]  insert nccl op: System-NCCL-Logical-P2B-115 from: [fc6-bias_add_grad](order=49, nd_sbp=[P])->[System-ModelDiffScale-ScalarMul_63](order=54, nd_sbp=[B]) and before: [fc6-matmul_grad_a](order=50)
I1012 13:10:50.571507 40971 insert_nccl_logical_op_pass.cpp:432]  insert nccl op: System-NCCL-Logical-P2B-116 from: [fc5-matmul_grad_b](order=59, nd_sbp=[P])->[System-ModelDiffScale-ScalarMul_59](order=63, nd_sbp=[B]) and before: [fc5-bias_add_grad](order=60)
I1012 13:10:50.571571 40971 insert_nccl_logical_op_pass.cpp:432]  insert nccl op: System-NCCL-Logical-P2B-117 from: [fc5-bias_add_grad](order=60, nd_sbp=[P])->[System-ModelDiffScale-ScalarMul_62](order=64, nd_sbp=[B]) and before: [fc5-matmul_grad_a](order=61)
I1012 13:10:50.571666 40971 insert_nccl_logical_op_pass.cpp:432]  insert nccl op: System-NCCL-Logical-P2B-118 from: [fc4-matmul_grad_b](order=68, nd_sbp=[P])->[System-ModelDiffScale-ScalarMul_68](order=71, nd_sbp=[B]) and before: [fc4-bias_add_grad](order=69)
I1012 13:10:50.571728 40971 insert_nccl_logical_op_pass.cpp:432]  insert nccl op: System-NCCL-Logical-P2B-119 from: [fc4-bias_add_grad](order=69, nd_sbp=[P])->[System-ModelDiffScale-ScalarMul_73](order=72, nd_sbp=[B]) and before: [fc4-matmul_grad_a](order=70)
I1012 13:10:50.571825 40971 insert_nccl_logical_op_pass.cpp:432]  insert nccl op: System-NCCL-Logical-P2B-120 from: [fc3-matmul_grad_b](order=76, nd_sbp=[P])->[System-ModelDiffScale-ScalarMul_58](order=79, nd_sbp=[B]) and before: [fc3-bias_add_grad](order=77)
I1012 13:10:50.571949 40971 insert_nccl_logical_op_pass.cpp:432]  insert nccl op: System-NCCL-Logical-P2B-121 from: [fc3-bias_add_grad](order=77, nd_sbp=[P])->[System-ModelDiffScale-ScalarMul_71](order=80, nd_sbp=[B]) and before: [fc3-matmul_grad_a](order=78)
I1012 13:10:50.572053 40971 insert_nccl_logical_op_pass.cpp:432]  insert nccl op: System-NCCL-Logical-P2B-122 from: [fc2-matmul_grad_b](order=84, nd_sbp=[P])->[System-ModelDiffScale-ScalarMul_67](order=87, nd_sbp=[B]) and before: [fc2-bias_add_grad](order=85)
I1012 13:10:50.572129 40971 insert_nccl_logical_op_pass.cpp:432]  insert nccl op: System-NCCL-Logical-P2B-123 from: [fc2-bias_add_grad](order=85, nd_sbp=[P])->[System-ModelDiffScale-ScalarMul_60](order=88, nd_sbp=[B]) and before: [fc2-matmul_grad_a](order=86)
I1012 13:10:50.572232 40971 insert_nccl_logical_op_pass.cpp:432]  insert nccl op: System-NCCL-Logical-P2B-124 from: [fc1-matmul_grad_b](order=92, nd_sbp=[P])->[System-ModelDiffScale-ScalarMul_69](order=95, nd_sbp=[B]) and before: [fc1-bias_add_grad](order=93)
I1012 13:10:50.572294 40971 insert_nccl_logical_op_pass.cpp:432]  insert nccl op: System-NCCL-Logical-P2B-125 from: [fc1-bias_add_grad](order=93, nd_sbp=[P])->[System-ModelDiffScale-ScalarMul_75](order=96, nd_sbp=[B]) and before: [fc1-matmul_grad_a](order=94)
I1012 13:10:50.572396 40971 insert_nccl_logical_op_pass.cpp:432]  insert nccl op: System-NCCL-Logical-P2B-126 from: [fc0-matmul_grad_b](order=100, nd_sbp=[P])->[System-ModelDiffScale-ScalarMul_66](order=103, nd_sbp=[B]) and before: [fc0-bias_add_grad](order=101)
I1012 13:10:50.572463 40971 insert_nccl_logical_op_pass.cpp:432]  insert nccl op: System-NCCL-Logical-P2B-127 from: [fc0-bias_add_grad](order=101, nd_sbp=[P])->[System-ModelDiffScale-ScalarMul_61](order=104, nd_sbp=[B]) and before: [fc0-matmul_grad_a](order=102)
I1012 13:10:50.572564 40971 insert_nccl_logical_op_pass.cpp:432]  insert nccl op: System-NCCL-Logical-S2S-128 from: [Reshape_14_grad](order=108, nd_sbp=[S(0)])->[Gather_12_grad](order=109, nd_sbp=[S(2)]) and before: [Gather_12_grad](order=109)
I1012 13:10:50.572613 40971 insert_nccl_logical_op_pass.cpp:699]  Try insert nccl logical ops into job: train_job. ...End

I1012 13:10:50.626165 40971 global.h:36] NewGlobal N7oneflow7OpGraphE
I1012 13:10:50.746976 40971 global.h:43] DeleteGlobal N7oneflow7OpGraphE
I1012 13:10:50.763927 40971 oneflow.cpp:210] 
job_id: 0 , job_name: train_job , compile time: 0.429814 seconds.
I1012 13:10:50.861389 40971 global.h:43] DeleteGlobal N7oneflow7JobDescE
I1012 13:10:50.861725 40971 global.h:36] NewGlobal N7oneflow7JobDescE
I1012 13:10:50.909495 40971 global.h:36] NewGlobal N7oneflow7OpGraphE
I1012 13:10:50.930613 40971 global.h:43] DeleteGlobal N7oneflow7OpGraphE
I1012 13:10:50.935412 40971 oneflow.cpp:210] 
job_id: 1 , job_name: System-ModelInit , compile time: 0.0735145 seconds.
I1012 13:10:50.950347 40971 global.h:43] DeleteGlobal N7oneflow7JobDescE
I1012 13:10:50.950376 40971 global.h:36] NewGlobal N7oneflow7JobDescE
I1012 13:10:50.995149 40971 global.h:36] NewGlobal N7oneflow7OpGraphE
I1012 13:10:51.015141 40971 global.h:43] DeleteGlobal N7oneflow7OpGraphE
I1012 13:10:51.019481 40971 oneflow.cpp:210] 
job_id: 2 , job_name: System-ModelLoad , compile time: 0.0690854 seconds.
I1012 13:10:51.034543 40971 global.h:43] DeleteGlobal N7oneflow7JobDescE
I1012 13:10:51.034591 40971 global.h:36] NewGlobal N7oneflow7JobDescE
I1012 13:10:51.078292 40971 global.h:36] NewGlobal N7oneflow7OpGraphE
I1012 13:10:51.098804 40971 global.h:43] DeleteGlobal N7oneflow7OpGraphE
I1012 13:10:51.103510 40971 oneflow.cpp:210] 
job_id: 3 , job_name: System-ModelSave , compile time: 0.0688993 seconds.
I1012 13:10:51.118384 40971 global.h:43] DeleteGlobal N7oneflow7JobDescE
I1012 13:10:51.118430 40971 global.h:36] NewGlobal N7oneflow7JobDescE
I1012 13:10:51.127756 40971 global.h:36] NewGlobal N7oneflow7OpGraphE
I1012 13:10:51.131986 40971 global.h:43] DeleteGlobal N7oneflow7OpGraphE
I1012 13:10:51.133877 40971 oneflow.cpp:210] 
job_id: 4 , job_name: System-Pull-Return_20 , compile time: 0.0154161 seconds.
I1012 13:10:51.138142 40971 global.h:43] DeleteGlobal N7oneflow7JobDescE
I1012 13:10:51.144815 40971 global.h:36] NewGlobal N7oneflow7JobDescE
I1012 13:10:51.144909 40971 global.h:36] NewGlobal N7oneflow7OpGraphE
I1012 13:10:51.150158 40971 global.h:43] DeleteGlobal N7oneflow7OpGraphE
I1012 13:10:51.152868 40971 oneflow.cpp:210] 
job_id: 5 , job_name: MainJob-unamed , compile time: 0.00796749 seconds.
I1012 13:10:51.159842 40971 global.h:43] DeleteGlobal N7oneflow7JobDescE
I1012 13:10:51.164623 40971 plan_util.cpp:928]  Plan: merged_plan needs to allocate [ 214.452 MiB ] device memory in Rank: 0 , Device: 0
I1012 13:10:51.164665 40971 plan_util.cpp:928]  Plan: merged_plan needs to allocate [ 214.451 MiB ] device memory in Rank: 0 , Device: 1
I1012 13:10:51.306044 40971 oneflow.cpp:998]  PushPlan merged_plan time: 0.0143148 seconds.
I1012 13:10:51.351518 40971 oneflow.cpp:1014]  PullPlan merged_plan time: 0.0409894 seconds.
I1012 13:10:55.435243 40971 runtime_context.cpp:21] NewCounter constructing_actor_cnt 739
I1012 13:10:55.436501 41565 naive_actor.cpp:25] actor 2199023255701 switch to &NaiveActor::HandlerNormal
I1012 13:10:55.436550 41574 naive_actor.cpp:25] actor 2207613190293 switch to &NaiveActor::HandlerNormal
I1012 13:10:55.436671 41551 naive_actor.cpp:25] actor 1099614388230 switch to &NaiveActor::HandlerNormal
I1012 13:10:55.436689 41552 wait_and_send_ids_actor.cpp:53] actor 1099616485376 switch to &WaitAndSendIdsActor::HandlerWaitToStart
I1012 13:10:55.436714 41565 thread.cpp:96] Thread 1048576 construct Actor kDeviceTick 2199023255701
I1012 13:10:55.436769 41574 thread.cpp:96] Thread 1052672 construct Actor kDeviceTick 2207613190293
I1012 13:10:55.436810 41551 thread.cpp:96] Thread 524337 construct Actor kDeviceTick 1099614388230
I1012 13:10:55.436843 41552 thread.cpp:96] Thread 524338 construct Actor kWaitAndSendIds 1099616485376
I1012 13:10:55.437023 41551 runtime_context.cpp:29] DecreaseCounter constructing_actor_cnt, current val is 738
I1012 13:10:55.437033 41565 runtime_context.cpp:29] DecreaseCounter constructing_actor_cnt, current val is 737
I1012 13:10:55.437041 41574 runtime_context.cpp:29] DecreaseCounter constructing_actor_cnt, current val is 736
I1012 13:10:55.437076 41552 runtime_context.cpp:29] DecreaseCounter constructing_actor_cnt, current val is 735
I1012 13:10:55.437273 41551 naive_actor.cpp:25] actor 1099614388232 switch to &NaiveActor::HandlerNormal
I1012 13:10:55.437307 41551 thread.cpp:96] Thread 524337 construct Actor kDeviceTick 1099614388232
I1012 13:10:55.437328 41565 naive_actor.cpp:25] actor 2199023255762 switch to &NaiveActor::HandlerNormal
I1012 13:10:55.437359 41551 runtime_context.cpp:29] DecreaseCounter constructing_actor_cnt, current val is 734
I1012 13:10:55.437356 41574 naive_actor.cpp:25] actor 2207613190354 switch to &NaiveActor::HandlerNormal
I1012 13:10:55.437364 41565 thread.cpp:96] Thread 1048576 construct Actor kDeviceTick 2199023255762
I1012 13:10:55.437419 41574 thread.cpp:96] Thread 1052672 construct Actor kDeviceTick 2207613190354
I1012 13:10:55.437508 41565 runtime_context.cpp:29] DecreaseCounter constructing_actor_cnt, current val is 733
I1012 13:10:55.437536 41574 runtime_context.cpp:29] DecreaseCounter constructing_actor_cnt, current val is 732
I1012 13:10:55.437628 41551 naive_actor.cpp:25] actor 1099614388231 switch to &NaiveActor::HandlerNormal
I1012 13:10:55.437661 41551 thread.cpp:96] Thread 524337 construct Actor kDeviceTick 1099614388231
I1012 13:10:55.437714 41551 runtime_context.cpp:29] DecreaseCounter constructing_actor_cnt, current val is 731
I1012 13:10:55.437762 41565 naive_actor.cpp:25] actor 2199023255801 switch to &NaiveActor::HandlerNormal
I1012 13:10:55.437795 41565 thread.cpp:96] Thread 1048576 construct Actor kDeviceTick 2199023255801
I1012 13:10:55.437808 41574 naive_actor.cpp:25] actor 2207613190393 switch to &NaiveActor::HandlerNormal
I1012 13:10:55.437911 41574 thread.cpp:96] Thread 1052672 construct Actor kDeviceTick 2207613190393
I1012 13:10:55.437927 41565 runtime_context.cpp:29] DecreaseCounter constructing_actor_cnt, current val is 730
I1012 13:10:55.437950 41551 naive_actor.cpp:25] actor 1099614388240 switch to &NaiveActor::HandlerNormal
I1012 13:10:55.437963 41574 runtime_context.cpp:29] DecreaseCounter constructing_actor_cnt, current val is 729
I1012 13:10:55.438153 41551 thread.cpp:96] Thread 524337 construct Actor kDeviceTick 1099614388240
I1012 13:10:55.438241 41551 runtime_context.cpp:29] DecreaseCounter constructing_actor_cnt, current val is 728
I1012 13:10:55.438386 41565 naive_actor.cpp:25] actor 2199023255840 switch to &NaiveActor::HandlerNormal
I1012 13:10:55.438405 41574 naive_actor.cpp:25] actor 2207613190432 switch to &NaiveActor::HandlerNormal
I1012 13:10:55.438438 41565 thread.cpp:96] Thread 1048576 construct Actor kDeviceTick 2199023255840
I1012 13:10:55.438462 41574 thread.cpp:96] Thread 1052672 construct Actor kDeviceTick 2207613190432
I1012 13:10:55.438537 41565 runtime_context.cpp:29] DecreaseCounter constructing_actor_cnt, current val is 727
I1012 13:10:55.438557 41551 naive_actor.cpp:25] actor 1099614388241 switch to &NaiveActor::HandlerNormal
I1012 13:10:55.438556 41574 runtime_context.cpp:29] DecreaseCounter constructing_actor_cnt, current val is 726
I1012 13:10:55.438695 41551 thread.cpp:96] Thread 524337 construct Actor kDeviceTick 1099614388241
I1012 13:10:55.438779 41551 runtime_context.cpp:29] DecreaseCounter constructing_actor_cnt, current val is 725
I1012 13:10:55.439028 41551 naive_actor.cpp:25] actor 1099614388251 switch to &NaiveActor::HandlerNormal
I1012 13:10:55.439061 41551 thread.cpp:96] Thread 524337 construct Actor kDeviceTick 1099614388251
I1012 13:10:55.439111 41551 runtime_context.cpp:29] DecreaseCounter constructing_actor_cnt, current val is 724
I1012 13:10:55.439343 41551 naive_actor.cpp:25] actor 1099614388260 switch to &NaiveActor::HandlerNormal
I1012 13:10:55.439376 41551 thread.cpp:96] Thread 524337 construct Actor kDeviceTick 1099614388260
I1012 13:10:55.439440 41551 runtime_context.cpp:29] DecreaseCounter constructing_actor_cnt, current val is 723
I1012 13:10:55.439672 41551 naive_actor.cpp:25] actor 1099614388269 switch to &NaiveActor::HandlerNormal
I1012 13:10:55.439703 41551 thread.cpp:96] Thread 524337 construct Actor kDeviceTick 1099614388269
I1012 13:10:55.439752 41551 runtime_context.cpp:29] DecreaseCounter constructing_actor_cnt, current val is 722
I1012 13:10:55.439973 41551 naive_actor.cpp:25] actor 1099614388278 switch to &NaiveActor::HandlerNormal
I1012 13:10:55.440006 41551 thread.cpp:96] Thread 524337 construct Actor kDeviceTick 1099614388278
I1012 13:10:55.440053 41551 runtime_context.cpp:29] DecreaseCounter constructing_actor_cnt, current val is 721
I1012 13:10:55.440287 41551 naive_actor.cpp:25] actor 1099614388289 switch to &NaiveActor::HandlerNormal
I1012 13:10:55.440320 41551 thread.cpp:96] Thread 524337 construct Actor kDeviceTick 1099614388289
I1012 13:10:55.440367 41551 runtime_context.cpp:29] DecreaseCounter constructing_actor_cnt, current val is 720
I1012 13:10:55.440621 41551 naive_actor.cpp:25] actor 1099614388287 switch to &NaiveActor::HandlerNormal
I1012 13:10:55.440654 41551 thread.cpp:96] Thread 524337 construct Actor kDeviceTick 1099614388287
I1012 13:10:55.440702 41551 runtime_context.cpp:29] DecreaseCounter constructing_actor_cnt, current val is 719
I1012 13:10:55.440939 41551 naive_actor.cpp:25] actor 1099614388286 switch to &NaiveActor::HandlerNormal
I1012 13:10:55.440971 41551 thread.cpp:96] Thread 524337 construct Actor kDeviceTick 1099614388286
I1012 13:10:55.441020 41551 runtime_context.cpp:29] DecreaseCounter constructing_actor_cnt, current val is 718
I1012 13:10:55.453934 41542 naive_actor.cpp:25] actor 1099574542336 switch to &NaiveActor::HandlerNormal
I1012 13:10:55.453953 41533 naive_actor.cpp:25] actor 1099555667968 switch to &NaiveActor::HandlerNormal
I1012 13:10:55.454023 41543 naive_actor.cpp:25] actor 1099576639488 switch to &NaiveActor::HandlerNormal
I1012 13:10:55.454128 41550 naive_actor.cpp:25] actor 1099591319552 switch to &NaiveActor::HandlerNormal
I1012 13:10:55.454200 41545 naive_actor.cpp:25] actor 1099580833792 switch to &NaiveActor::HandlerNormal
I1012 13:10:55.454883 41545 thread.cpp:96] Thread 524321 construct Actor kForeignInput 1099580833792
I1012 13:10:55.454231 41540 naive_actor.cpp:25] actor 1099570348032 switch to &NaiveActor::HandlerNormal
I1012 13:10:55.455019 41540 thread.cpp:96] Thread 524316 construct Actor kNormalForward 1099570348032
I1012 13:10:55.454275 41541 naive_actor.cpp:25] actor 1099572445184 switch to &NaiveActor::HandlerNormal
I1012 13:10:55.454319 41542 thread.cpp:96] Thread 524318 construct Actor kForeignInput 1099574542336
I1012 13:10:55.454396 41569 naive_actor.cpp:25] actor 2199027449856 switch to &NaiveActor::HandlerNormal
I1012 13:10:55.454469 41539 naive_actor.cpp:25] actor 1099568250880 switch to &NaiveActor::HandlerNormal
I1012 13:10:55.454484 41544 naive_actor.cpp:25] actor 1099578736640 switch to &NaiveActor::HandlerNormal
I1012 13:10:55.455217 41520 naive_actor.cpp:25] actor 1099528404992 switch to &NaiveActor::HandlerNormal
I1012 13:10:55.454500 41527 naive_actor.cpp:25] actor 1099543085056 switch to &NaiveActor::HandlerNormal
I1012 13:10:55.454531 41528 naive_actor.cpp:25] actor 1099545182208 switch to &NaiveActor::HandlerNormal
I1012 13:10:55.454568 41543 thread.cpp:96] Thread 524319 construct Actor kNormalForward 1099576639488
I1012 13:10:55.454584 41534 naive_actor.cpp:25] actor 1099557765120 switch to &NaiveActor::HandlerNormal
I1012 13:10:55.454605 41553 sink_actor.cpp:21] actor 1099618582528 switch to &SinkActor::HandlerNormal
I1012 13:10:55.454654 41550 thread.cpp:96] Thread 524326 construct Actor kForeignOutput 1099591319552
I1012 13:10:55.454704 41537 naive_actor.cpp:25] actor 1099564056576 switch to &NaiveActor::HandlerNormal
I1012 13:10:55.454761 41549 naive_actor.cpp:25] actor 1099589222400 switch to &NaiveActor::HandlerNormal
I1012 13:10:55.455745 41517 naive_actor.cpp:25] actor 1099522113536 switch to &NaiveActor::HandlerNormal
I1012 13:10:55.455796 41536 naive_actor.cpp:25] actor 1099561959424 switch to &NaiveActor::HandlerNormal
I1012 13:10:55.455842 41536 thread.cpp:96] Thread 524312 construct Actor kNormalForward 1099561959424
I1012 13:10:55.454934 41529 naive_actor.cpp:25] actor 1099547279360 switch to &NaiveActor::HandlerNormal
I1012 13:10:55.456005 41529 thread.cpp:96] Thread 524305 construct Actor kNormalForward 1099547279360
I1012 13:10:55.455078 41540 runtime_context.cpp:29] DecreaseCounter constructing_actor_cnt, current val is 716
I1012 13:10:55.456123 41522 naive_actor.cpp:25] actor 1099532599296 switch to &NaiveActor::HandlerNormal
I1012 13:10:55.456164 41530 naive_actor.cpp:25] actor 1099549376512 switch to &NaiveActor::HandlerNormal
I1012 13:10:55.455127 41518 naive_actor.cpp:25] actor 1099524210688 switch to &NaiveActor::HandlerNormal
I1012 13:10:55.455157 41569 thread.cpp:96] Thread 1048578 construct Actor kCopyHd 2199027449856
I1012 13:10:55.456319 41518 thread.cpp:96] Thread 524294 construct Actor kNormalForward 1099524210688
I1012 13:10:55.456328 41526 naive_actor.cpp:25] actor 1099540987904 switch to &NaiveActor::HandlerNormal
I1012 13:10:55.455185 41539 thread.cpp:96] Thread 524315 construct Actor kForeignInput 1099568250880
I1012 13:10:55.455212 41532 naive_actor.cpp:25] actor 1099553570816 switch to &NaiveActor::HandlerNormal
I1012 13:10:55.455260 41544 thread.cpp:96] Thread 524320 construct Actor kNormalForward 1099578736640
I1012 13:10:55.456698 41523 naive_actor.cpp:25] actor 1099534696448 switch to &NaiveActor::HandlerNormal
I1012 13:10:55.456761 41544 runtime_context.cpp:29] DecreaseCounter constructing_actor_cnt, current val is 707
I1012 13:10:55.454494 41533 thread.cpp:96] Thread 524309 construct Actor kNormalForward 1099555667968
I1012 13:10:55.455384 41527 thread.cpp:96] Thread 524303 construct Actor kNormalForward 1099543085056
I1012 13:10:55.455421 41528 thread.cpp:96] Thread 524304 construct Actor kNormalForward 1099545182208
I1012 13:10:55.457113 41527 runtime_context.cpp:29] DecreaseCounter constructing_actor_cnt, current val is 705
I1012 13:10:55.455485 41524 naive_actor.cpp:25] actor 1099536793600 switch to &NaiveActor::HandlerNormal
I1012 13:10:55.457438 41524 thread.cpp:96] Thread 524300 construct Actor kNormalForward 1099536793600
I1012 13:10:55.455497 41543 runtime_context.cpp:29] DecreaseCounter constructing_actor_cnt, current val is 714
I1012 13:10:55.457602 41524 runtime_context.cpp:29] DecreaseCounter constructing_actor_cnt, current val is 703
I1012 13:10:55.455538 41534 thread.cpp:96] Thread 524310 construct Actor kNormalForward 1099557765120
I1012 13:10:55.455575 41546 naive_actor.cpp:25] actor 1099582930944 switch to &NaiveActor::HandlerNormal
I1012 13:10:55.457906 41534 runtime_context.cpp:29] DecreaseCounter constructing_actor_cnt, current val is 702
I1012 13:10:55.455631 41553 thread.cpp:96] Thread 524339 construct Actor kCallbackNotify 1099618582528
I1012 13:10:55.455677 41574 naive_actor.cpp:25] actor 2207613190157 switch to &NaiveActor::HandlerNormal
I1012 13:10:55.455708 41550 runtime_context.cpp:29] DecreaseCounter constructing_actor_cnt, current val is 713
I1012 13:10:55.455727 41537 thread.cpp:96] Thread 524313 construct Actor kNormalForward 1099564056576
I1012 13:10:55.455762 41549 thread.cpp:96] Thread 524325 construct Actor kNormalForward 1099589222400
I1012 13:10:55.458321 41537 runtime_context.cpp:29] DecreaseCounter constructing_actor_cnt, current val is 700
I1012 13:10:55.454205 41551 naive_actor.cpp:25] actor 1099614388235 switch to &NaiveActor::HandlerNormal
I1012 13:10:55.455803 41517 thread.cpp:96] Thread 524293 construct Actor kNormalForward 1099522113536
I1012 13:10:55.454885 41525 naive_actor.cpp:25] actor 1099538890752 switch to &NaiveActor::HandlerNormal
I1012 13:10:55.454955 41547 naive_actor.cpp:25] actor 1099585028096 switch to &NaiveActor::HandlerNormal
I1012 13:10:55.458464 41525 thread.cpp:96] Thread 524301 construct Actor kNormalForward 1099538890752
I1012 13:10:55.458488 41547 thread.cpp:96] Thread 524323 construct Actor kNormalForward 1099585028096
I1012 13:10:55.455060 41545 runtime_context.cpp:29] DecreaseCounter constructing_actor_cnt, current val is 717
I1012 13:10:55.455931 41536 runtime_context.cpp:29] DecreaseCounter constructing_actor_cnt, current val is 712
I1012 13:10:55.458575 41547 runtime_context.cpp:29] DecreaseCounter constructing_actor_cnt, current val is 697
I1012 13:10:55.456159 41519 naive_actor.cpp:25] actor 1099526307840 switch to &NaiveActor::HandlerNormal
I1012 13:10:55.458652 41519 thread.cpp:96] Thread 524295 construct Actor kNormalForward 1099526307840
I1012 13:10:55.456171 41522 thread.cpp:96] Thread 524298 construct Actor kNormalForward 1099532599296
I1012 13:10:55.458750 41519 runtime_context.cpp:29] DecreaseCounter constructing_actor_cnt, current val is 695
I1012 13:10:55.455107 41541 thread.cpp:96] Thread 524317 construct Actor kNormalForward 1099572445184
I1012 13:10:55.456275 41531 naive_actor.cpp:25] actor 1099551473664 switch to &NaiveActor::HandlerNormal
I1012 13:10:55.458864 41541 runtime_context.cpp:29] DecreaseCounter constructing_actor_cnt, current val is 693
I1012 13:10:55.456373 41569 runtime_context.cpp:29] DecreaseCounter constructing_actor_cnt, current val is 710
I1012 13:10:55.456406 41518 runtime_context.cpp:29] DecreaseCounter constructing_actor_cnt, current val is 709
I1012 13:10:55.456521 41526 thread.cpp:96] Thread 524302 construct Actor kNormalForward 1099540987904
I1012 13:10:55.456665 41532 thread.cpp:96] Thread 524308 construct Actor kNormalForward 1099553570816
I1012 13:10:55.456674 41539 runtime_context.cpp:29] DecreaseCounter constructing_actor_cnt, current val is 708
I1012 13:10:55.459100 41526 runtime_context.cpp:29] DecreaseCounter constructing_actor_cnt, current val is 692
I1012 13:10:55.459122 41532 runtime_context.cpp:29] DecreaseCounter constructing_actor_cnt, current val is 691
I1012 13:10:55.456770 41523 thread.cpp:96] Thread 524299 construct Actor kNormalForward 1099534696448
I1012 13:10:55.455327 41520 thread.cpp:96] Thread 524296 construct Actor kNormalForward 1099528404992
I1012 13:10:55.459245 41523 runtime_context.cpp:29] DecreaseCounter constructing_actor_cnt, current val is 690
I1012 13:10:55.456974 41533 runtime_context.cpp:29] DecreaseCounter constructing_actor_cnt, current val is 706
I1012 13:10:55.455464 41516 naive_actor.cpp:25] actor 1099520016384 switch to &NaiveActor::HandlerNormal
I1012 13:10:55.457176 41512 naive_actor.cpp:25] actor 1099511627776 switch to &NaiveActor::HandlerNormal
I1012 13:10:55.457186 41528 runtime_context.cpp:29] DecreaseCounter constructing_actor_cnt, current val is 704
I1012 13:10:55.455489 41567 naive_actor.cpp:25] actor 2199025352708 switch to &NaiveActor::HandlerNormal
I1012 13:10:55.457494 41514 naive_actor.cpp:25] actor 1099515822080 switch to &NaiveActor::HandlerNormal
I1012 13:10:55.455530 41548 naive_actor.cpp:25] actor 1099587125248 switch to &NaiveActor::HandlerNormal
I1012 13:10:55.457661 41515 naive_actor.cpp:25] actor 1099517919232 switch to &NaiveActor::HandlerNormal
I1012 13:10:55.457916 41546 thread.cpp:96] Thread 524322 construct Actor kNormalForward 1099582930944
I1012 13:10:55.455596 41565 naive_actor.cpp:25] actor 2199023255563 switch to &NaiveActor::HandlerNormal
I1012 13:10:55.459775 41565 thread.cpp:96] Thread 1048576 construct Actor kNormalForward 2199023255563
I1012 13:10:55.459790 41546 runtime_context.cpp:29] DecreaseCounter constructing_actor_cnt, current val is 688
I1012 13:10:55.459844 41565 runtime_context.cpp:29] DecreaseCounter constructing_actor_cnt, current val is 687
I1012 13:10:55.458159 41574 thread.cpp:96] Thread 1052672 construct Actor kNormalForward 2207613190157
I1012 13:10:55.458375 41551 thread.cpp:96] Thread 524337 construct Actor kDstSubsetTick 1099614388235
I1012 13:10:55.460072 41574 runtime_context.cpp:29] DecreaseCounter constructing_actor_cnt, current val is 686
I1012 13:10:55.460136 41551 runtime_context.cpp:29] DecreaseCounter constructing_actor_cnt, current val is 685
I1012 13:10:55.455842 41538 naive_actor.cpp:25] actor 1099566153728 switch to &NaiveActor::HandlerNormal
I1012 13:10:55.460209 41538 thread.cpp:96] Thread 524314 construct Actor kNormalForward 1099566153728
I1012 13:10:55.455876 41576 naive_actor.cpp:25] actor 2207615287299 switch to &NaiveActor::HandlerNormal
I1012 13:10:55.455080 41535 naive_actor.cpp:25] actor 1099559862272 switch to &NaiveActor::HandlerNormal
I1012 13:10:55.460405 41535 thread.cpp:96] Thread 524311 construct Actor kNormalForward 1099559862272
I1012 13:10:55.458581 41525 runtime_context.cpp:29] DecreaseCounter constructing_actor_cnt, current val is 696
I1012 13:10:55.456146 41529 runtime_context.cpp:29] DecreaseCounter constructing_actor_cnt, current val is 711
I1012 13:10:55.458770 41522 runtime_context.cpp:29] DecreaseCounter constructing_actor_cnt, current val is 694
I1012 13:10:55.456254 41530 thread.cpp:96] Thread 524306 construct Actor kNormalForward 1099549376512
I1012 13:10:55.458866 41531 thread.cpp:96] Thread 524307 construct Actor kNormalForward 1099551473664
I1012 13:10:55.460886 41530 runtime_context.cpp:29] DecreaseCounter constructing_actor_cnt, current val is 682
I1012 13:10:55.455163 41542 runtime_context.cpp:29] DecreaseCounter constructing_actor_cnt, current val is 715
I1012 13:10:55.455271 41521 naive_actor.cpp:25] actor 1099530502144 switch to &NaiveActor::HandlerNormal
I1012 13:10:55.459491 41516 thread.cpp:96] Thread 524292 construct Actor kNormalForward 1099520016384
I1012 13:10:55.459517 41512 thread.cpp:96] Thread 524288 construct Actor kNormalForward 1099511627776
I1012 13:10:55.459604 41567 thread.cpp:96] Thread 1048577 construct Actor kSliceBoxing 2199025352708
I1012 13:10:55.461205 41512 runtime_context.cpp:29] DecreaseCounter constructing_actor_cnt, current val is 679
I1012 13:10:55.459637 41514 thread.cpp:96] Thread 524290 construct Actor kNormalForward 1099515822080
I1012 13:10:55.459658 41548 thread.cpp:96] Thread 524324 construct Actor kNormalForward 1099587125248
I1012 13:10:55.459692 41515 thread.cpp:96] Thread 524291 construct Actor kNormalForward 1099517919232
I1012 13:10:55.461359 41548 runtime_context.cpp:29] DecreaseCounter constructing_actor_cnt, current val is 677
I1012 13:10:55.461367 41514 runtime_context.cpp:29] DecreaseCounter constructing_actor_cnt, current val is 676
I1012 13:10:55.458122 41553 runtime_context.cpp:29] DecreaseCounter constructing_actor_cnt, current val is 701
I1012 13:10:55.458391 41549 runtime_context.cpp:29] DecreaseCounter constructing_actor_cnt, current val is 699
I1012 13:10:55.458489 41517 runtime_context.cpp:29] DecreaseCounter constructing_actor_cnt, current val is 698
I1012 13:10:55.460299 41538 runtime_context.cpp:29] DecreaseCounter constructing_actor_cnt, current val is 684
I1012 13:10:55.460363 41576 thread.cpp:96] Thread 1052673 construct Actor kSliceBoxing 2207615287299
I1012 13:10:55.460461 41551 naive_actor.cpp:25] actor 1099614388224 switch to &NaiveActor::HandlerNormal
I1012 13:10:55.460474 41535 runtime_context.cpp:29] DecreaseCounter constructing_actor_cnt, current val is 683
I1012 13:10:55.460602 41574 naive_actor.cpp:25] actor 2207613190146 switch to &NaiveActor::HandlerNormal
I1012 13:10:55.461877 41574 thread.cpp:96] Thread 1052672 construct Actor kNormalForward 2207613190146
I1012 13:10:55.459321 41520 runtime_context.cpp:29] DecreaseCounter constructing_actor_cnt, current val is 689
I1012 13:10:55.461005 41521 thread.cpp:96] Thread 524297 construct Actor kNormalForward 1099530502144
I1012 13:10:55.461093 41565 naive_actor.cpp:25] actor 2199023255564 switch to &NaiveActor::HandlerNormal
I1012 13:10:55.461112 41516 runtime_context.cpp:29] DecreaseCounter constructing_actor_cnt, current val is 680
I1012 13:10:55.461243 41567 runtime_context.cpp:29] DecreaseCounter constructing_actor_cnt, current val is 678
I1012 13:10:55.458083 41513 naive_actor.cpp:25] actor 1099513724928 switch to &NaiveActor::HandlerNormal
I1012 13:10:55.462306 41513 thread.cpp:96] Thread 524289 construct Actor kNormalForward 1099513724928
I1012 13:10:55.461807 41576 runtime_context.cpp:29] DecreaseCounter constructing_actor_cnt, current val is 674
I1012 13:10:55.462393 41513 runtime_context.cpp:29] DecreaseCounter constructing_actor_cnt, current val is 671
I1012 13:10:55.460916 41531 runtime_context.cpp:29] DecreaseCounter constructing_actor_cnt, current val is 681
I1012 13:10:55.461962 41574 runtime_context.cpp:29] DecreaseCounter constructing_actor_cnt, current val is 673
I1012 13:10:55.462124 41521 runtime_context.cpp:29] DecreaseCounter constructing_actor_cnt, current val is 672
I1012 13:10:55.462136 41565 thread.cpp:96] Thread 1048576 construct Actor kNormalForward 2199023255564
I1012 13:10:55.461402 41515 runtime_context.cpp:29] DecreaseCounter constructing_actor_cnt, current val is 675
I1012 13:10:55.461817 41551 thread.cpp:96] Thread 524337 construct Actor kDeviceTick 1099614388224
I1012 13:10:55.462409 41567 naive_actor.cpp:25] actor 2199025352705 switch to &NaiveActor::HandlerNormal
I1012 13:10:55.462668 41576 naive_actor.cpp:25] actor 2207615287296 switch to &NaiveActor::HandlerNormal
I1012 13:10:55.462685 41565 runtime_context.cpp:29] DecreaseCounter constructing_actor_cnt, current val is 670
I1012 13:10:55.462728 41551 runtime_context.cpp:29] DecreaseCounter constructing_actor_cnt, current val is 669
I1012 13:10:55.462769 41567 thread.cpp:96] Thread 1048577 construct Actor kSliceBoxing 2199025352705
I1012 13:10:55.462810 41576 thread.cpp:96] Thread 1052673 construct Actor kSliceBoxing 2207615287296
I1012 13:10:55.462949 41574 naive_actor.cpp:25] actor 2207613190151 switch to &NaiveActor::HandlerNormal
I1012 13:10:55.463004 41576 runtime_context.cpp:29] DecreaseCounter constructing_actor_cnt, current val is 667
I1012 13:10:55.462921 41567 runtime_context.cpp:29] DecreaseCounter constructing_actor_cnt, current val is 668
I1012 13:10:55.463018 41574 thread.cpp:96] Thread 1052672 construct Actor kNormalForward 2207613190151
I1012 13:10:55.463150 41574 runtime_context.cpp:29] DecreaseCounter constructing_actor_cnt, current val is 666
I1012 13:10:55.463227 41551 naive_actor.cpp:25] actor 1099614388229 switch to &NaiveActor::HandlerNormal
I1012 13:10:55.463264 41576 naive_actor.cpp:25] actor 2207615287298 switch to &NaiveActor::HandlerNormal
I1012 13:10:55.463282 41567 naive_actor.cpp:25] actor 2199025352707 switch to &NaiveActor::HandlerNormal
I1012 13:10:55.463286 41551 thread.cpp:96] Thread 524337 construct Actor kSrcSubsetTick 1099614388229
I1012 13:10:55.463347 41576 thread.cpp:96] Thread 1052673 construct Actor kSliceBoxing 2207615287298
I1012 13:10:55.463436 41567 thread.cpp:96] Thread 1048577 construct Actor kSliceBoxing 2199025352707
I1012 13:10:55.463555 41576 runtime_context.cpp:29] DecreaseCounter constructing_actor_cnt, current val is 664
I1012 13:10:55.463523 41574 naive_actor.cpp:25] actor 2207613190175 switch to &NaiveActor::HandlerNormal
I1012 13:10:55.463498 41551 runtime_context.cpp:29] DecreaseCounter constructing_actor_cnt, current val is 665
I1012 13:10:55.463598 41567 runtime_context.cpp:29] DecreaseCounter constructing_actor_cnt, current val is 663
I1012 13:10:55.463641 41574 thread.cpp:96] Thread 1052672 construct Actor kNormalForward 2207613190175
I1012 13:10:55.463791 41574 runtime_context.cpp:29] DecreaseCounter constructing_actor_cnt, current val is 662
I1012 13:10:55.463793 41576 naive_actor.cpp:25] actor 2207615287300 switch to &NaiveActor::HandlerNormal
I1012 13:10:55.463896 41576 thread.cpp:96] Thread 1052673 construct Actor kCopyHd 2207615287300
I1012 13:10:55.463913 41567 naive_actor.cpp:25] actor 2199025352704 switch to &NaiveActor::HandlerNormal
I1012 13:10:55.463934 41565 naive_actor.cpp:25] actor 2199023255562 switch to &NaiveActor::HandlerNormal
I1012 13:10:55.463966 41567 thread.cpp:96] Thread 1048577 construct Actor kSliceBoxing 2199025352704
I1012 13:10:55.463971 41576 runtime_context.cpp:29] DecreaseCounter constructing_actor_cnt, current val is 661
I1012 13:10:55.464016 41565 thread.cpp:96] Thread 1048576 construct Actor kNormalForward 2199023255562
I1012 13:10:55.464051 41551 naive_actor.cpp:25] actor 1099614388228 switch to &NaiveActor::HandlerNormal
I1012 13:10:55.464064 41567 runtime_context.cpp:29] DecreaseCounter constructing_actor_cnt, current val is 660
I1012 13:10:55.464151 41551 thread.cpp:96] Thread 524337 construct Actor kDeviceTick 1099614388228
I1012 13:10:55.464164 41565 runtime_context.cpp:29] DecreaseCounter constructing_actor_cnt, current val is 659
I1012 13:10:55.464201 41574 naive_actor.cpp:25] actor 2207613190155 switch to &NaiveActor::HandlerNormal
I1012 13:10:55.464238 41551 runtime_context.cpp:29] DecreaseCounter constructing_actor_cnt, current val is 658
I1012 13:10:55.464269 41574 thread.cpp:96] Thread 1052672 construct Actor kNormalForward 2207613190155
I1012 13:10:55.464341 41576 naive_actor.cpp:25] actor 2207615287297 switch to &NaiveActor::HandlerNormal
I1012 13:10:55.464382 41574 runtime_context.cpp:29] DecreaseCounter constructing_actor_cnt, current val is 657
I1012 13:10:55.464396 41576 thread.cpp:96] Thread 1052673 construct Actor kSliceBoxing 2207615287297
I1012 13:10:55.464359 41567 naive_actor.cpp:25] actor 2199025352706 switch to &NaiveActor::HandlerNormal
I1012 13:10:55.464480 41567 thread.cpp:96] Thread 1048577 construct Actor kSliceBoxing 2199025352706
I1012 13:10:55.464483 41576 runtime_context.cpp:29] DecreaseCounter constructing_actor_cnt, current val is 656
I1012 13:10:55.464540 41567 runtime_context.cpp:29] DecreaseCounter constructing_actor_cnt, current val is 655
I1012 13:10:55.464690 41551 naive_actor.cpp:25] actor 1099614388226 switch to &NaiveActor::HandlerNormal
I1012 13:10:55.464733 41576 naive_actor.cpp:25] actor 2207615287301 switch to &NaiveActor::HandlerNormal
I1012 13:10:55.464785 41567 naive_actor.cpp:25] actor 2199025352709 switch to &NaiveActor::HandlerNormal
I1012 13:10:55.464757 41551 thread.cpp:96] Thread 524337 construct Actor kDeviceTick 1099614388226
I1012 13:10:55.464797 41576 thread.cpp:96] Thread 1052673 construct Actor kCopyHd 2207615287301
I1012 13:10:55.464818 41567 thread.cpp:96] Thread 1048577 construct Actor kCopyHd 2199025352709
I1012 13:10:55.464885 41551 runtime_context.cpp:29] DecreaseCounter constructing_actor_cnt, current val is 654
I1012 13:10:55.464911 41576 runtime_context.cpp:29] DecreaseCounter constructing_actor_cnt, current val is 653
I1012 13:10:55.464916 41567 runtime_context.cpp:29] DecreaseCounter constructing_actor_cnt, current val is 652
I1012 13:10:55.465143 41576 naive_actor.cpp:25] actor 2207615287302 switch to &NaiveActor::HandlerNormal
I1012 13:10:55.465204 41576 thread.cpp:96] Thread 1052673 construct Actor kCopyHd 2207615287302
I1012 13:10:55.465219 41565 naive_actor.cpp:25] actor 2199023255586 switch to &NaiveActor::HandlerNormal
I1012 13:10:55.465247 41567 naive_actor.cpp:25] actor 2199025352710 switch to &NaiveActor::HandlerNormal
I1012 13:10:55.465263 41551 naive_actor.cpp:25] actor 1099614388225 switch to &NaiveActor::HandlerNormal
I1012 13:10:55.465283 41565 thread.cpp:96] Thread 1048576 construct Actor kNormalForward 2199023255586
I1012 13:10:55.465273 41576 runtime_context.cpp:29] DecreaseCounter constructing_actor_cnt, current val is 651
I1012 13:10:55.465306 41567 thread.cpp:96] Thread 1048577 construct Actor kCopyHd 2199025352710
I1012 13:10:55.465349 41551 thread.cpp:96] Thread 524337 construct Actor kDeviceTick 1099614388225
I1012 13:10:55.465438 41567 runtime_context.cpp:29] DecreaseCounter constructing_actor_cnt, current val is 649
I1012 13:10:55.465409 41574 naive_actor.cpp:25] actor 2207613190156 switch to &NaiveActor::HandlerNormal
I1012 13:10:55.465412 41565 runtime_context.cpp:29] DecreaseCounter constructing_actor_cnt, current val is 650
I1012 13:10:55.465487 41551 runtime_context.cpp:29] DecreaseCounter constructing_actor_cnt, current val is 648
I1012 13:10:55.465507 41574 thread.cpp:96] Thread 1052672 construct Actor kNormalForward 2207613190156
I1012 13:10:55.465592 41567 naive_actor.cpp:25] actor 2199025352711 switch to &NaiveActor::HandlerNormal
I1012 13:10:55.465624 41574 runtime_context.cpp:29] DecreaseCounter constructing_actor_cnt, current val is 647
I1012 13:10:55.465633 41567 thread.cpp:96] Thread 1048577 construct Actor kCopyHd 2199025352711
I1012 13:10:55.465698 41567 runtime_context.cpp:29] DecreaseCounter constructing_actor_cnt, current val is 646
I1012 13:10:55.465894 41551 naive_actor.cpp:25] actor 1099614388245 switch to &NaiveActor::HandlerNormal
I1012 13:10:55.465947 41551 thread.cpp:96] Thread 524337 construct Actor kDstSubsetTick 1099614388245
I1012 13:10:55.465950 41574 naive_actor.cpp:25] actor 2207613190180 switch to &NaiveActor::HandlerNormal
I1012 13:10:55.466029 41574 thread.cpp:96] Thread 1052672 construct Actor kNormalForward 2207613190180
I1012 13:10:55.466030 41551 runtime_context.cpp:29] DecreaseCounter constructing_actor_cnt, current val is 645
I1012 13:10:55.466095 41574 runtime_context.cpp:29] DecreaseCounter constructing_actor_cnt, current val is 644
I1012 13:10:55.466271 41565 naive_actor.cpp:25] actor 2199023255553 switch to &NaiveActor::HandlerNormal
I1012 13:10:55.466320 41565 thread.cpp:96] Thread 1048576 construct Actor kNormalForward 2199023255553
I1012 13:10:55.466383 41565 runtime_context.cpp:29] DecreaseCounter constructing_actor_cnt, current val is 643
I1012 13:10:55.466414 41551 naive_actor.cpp:25] actor 1099614388239 switch to &NaiveActor::HandlerNormal
I1012 13:10:55.466419 41574 naive_actor.cpp:25] actor 2207613190160 switch to &NaiveActor::HandlerNormal
I1012 13:10:55.466480 41551 thread.cpp:96] Thread 524337 construct Actor kTick 1099614388239
I1012 13:10:55.466521 41574 thread.cpp:96] Thread 1052672 construct Actor kNormalForward 2207613190160
I1012 13:10:55.466603 41551 runtime_context.cpp:29] DecreaseCounter constructing_actor_cnt, current val is 642
I1012 13:10:55.466615 41574 runtime_context.cpp:29] DecreaseCounter constructing_actor_cnt, current val is 641
I1012 13:10:55.466917 41551 naive_actor.cpp:25] actor 1099614388234 switch to &NaiveActor::HandlerNormal
I1012 13:10:55.466967 41551 thread.cpp:96] Thread 524337 construct Actor kTick 1099614388234
I1012 13:10:55.467039 41551 runtime_context.cpp:29] DecreaseCounter constructing_actor_cnt, current val is 640
I1012 13:10:55.467276 41565 naive_actor.cpp:25] actor 2199023255609 switch to &NaiveActor::HandlerNormal
I1012 13:10:55.467327 41565 thread.cpp:96] Thread 1048576 construct Actor kNormalForward 2199023255609
I1012 13:10:55.467351 41551 naive_actor.cpp:25] actor 1099614388236 switch to &NaiveActor::HandlerNormal
I1012 13:10:55.467401 41565 runtime_context.cpp:29] DecreaseCounter constructing_actor_cnt, current val is 639
I1012 13:10:55.467450 41551 thread.cpp:96] Thread 524337 construct Actor kTick 1099614388236
I1012 13:10:55.467523 41574 naive_actor.cpp:25] actor 2207613190149 switch to &NaiveActor::HandlerNormal
I1012 13:10:55.467553 41551 runtime_context.cpp:29] DecreaseCounter constructing_actor_cnt, current val is 638
I1012 13:10:55.467583 41574 thread.cpp:96] Thread 1052672 construct Actor kNormalForward 2207613190149
I1012 13:10:55.467703 41574 runtime_context.cpp:29] DecreaseCounter constructing_actor_cnt, current val is 637
I1012 13:10:55.467808 41565 naive_actor.cpp:25] actor 2199023255565 switch to &NaiveActor::HandlerNormal
I1012 13:10:55.467864 41565 thread.cpp:96] Thread 1048576 construct Actor kNormalForward 2199023255565
I1012 13:10:55.467936 41565 runtime_context.cpp:29] DecreaseCounter constructing_actor_cnt, current val is 636
I1012 13:10:55.467937 41551 naive_actor.cpp:25] actor 1099614388244 switch to &NaiveActor::HandlerNormal
I1012 13:10:55.468012 41551 thread.cpp:96] Thread 524337 construct Actor kTick 1099614388244
I1012 13:10:55.468089 41551 runtime_context.cpp:29] DecreaseCounter constructing_actor_cnt, current val is 635
I1012 13:10:55.468402 41551 naive_actor.cpp:25] actor 1099614388242 switch to &NaiveActor::HandlerNormal
I1012 13:10:55.468477 41551 thread.cpp:96] Thread 524337 construct Actor kSrcSubsetTick 1099614388242
I1012 13:10:55.468531 41574 naive_actor.cpp:25] actor 2207613190153 switch to &NaiveActor::HandlerNormal
I1012 13:10:55.468534 41551 runtime_context.cpp:29] DecreaseCounter constructing_actor_cnt, current val is 634
I1012 13:10:55.468571 41574 thread.cpp:96] Thread 1052672 construct Actor kNormalForward 2207613190153
I1012 13:10:55.468667 41574 runtime_context.cpp:29] DecreaseCounter constructing_actor_cnt, current val is 633
I1012 13:10:55.468708 41565 naive_actor.cpp:25] actor 2199023255556 switch to &NaiveActor::HandlerNormal
I1012 13:10:55.468765 41565 thread.cpp:96] Thread 1048576 construct Actor kNormalForward 2199023255556
I1012 13:10:55.468853 41565 runtime_context.cpp:29] DecreaseCounter constructing_actor_cnt, current val is 632
I1012 13:10:55.468906 41551 naive_actor.cpp:25] actor 1099614388246 switch to &NaiveActor::HandlerNormal
I1012 13:10:55.468955 41551 thread.cpp:96] Thread 524337 construct Actor kTick 1099614388246
I1012 13:10:55.469033 41551 runtime_context.cpp:29] DecreaseCounter constructing_actor_cnt, current val is 631
I1012 13:10:55.469169 41565 naive_actor.cpp:25] actor 2199023255580 switch to &NaiveActor::HandlerNormal
I1012 13:10:55.469216 41565 thread.cpp:96] Thread 1048576 construct Actor kNormalForward 2199023255580
I1012 13:10:55.469287 41565 runtime_context.cpp:29] DecreaseCounter constructing_actor_cnt, current val is 630
I1012 13:10:55.469355 41551 naive_actor.cpp:25] actor 1099614388247 switch to &NaiveActor::HandlerNormal
I1012 13:10:55.469400 41551 thread.cpp:96] Thread 524337 construct Actor kTick 1099614388247
I1012 13:10:55.469482 41551 runtime_context.cpp:29] DecreaseCounter constructing_actor_cnt, current val is 629
I1012 13:10:55.469617 41574 naive_actor.cpp:25] actor 2207613190147 switch to &NaiveActor::HandlerNormal
I1012 13:10:55.469668 41574 thread.cpp:96] Thread 1052672 construct Actor kNormalForward 2207613190147
I1012 13:10:55.469758 41574 runtime_context.cpp:29] DecreaseCounter constructing_actor_cnt, current val is 628
I1012 13:10:55.469817 41551 naive_actor.cpp:25] actor 1099614388237 switch to &NaiveActor::HandlerNormal
I1012 13:10:55.469866 41551 thread.cpp:96] Thread 524337 construct Actor kTick 1099614388237
I1012 13:10:55.469936 41551 runtime_context.cpp:29] DecreaseCounter constructing_actor_cnt, current val is 627
I1012 13:10:55.470271 41551 naive_actor.cpp:25] actor 1099614388227 switch to &NaiveActor::HandlerNormal
I1012 13:10:55.470319 41551 thread.cpp:96] Thread 524337 construct Actor kDeviceTick 1099614388227
I1012 13:10:55.470391 41551 runtime_context.cpp:29] DecreaseCounter constructing_actor_cnt, current val is 626
I1012 13:10:55.470482 41565 naive_actor.cpp:25] actor 2199023255552 switch to &NaiveActor::HandlerNormal
I1012 13:10:55.470582 41565 thread.cpp:96] Thread 1048576 construct Actor kNormalForward 2199023255552
I1012 13:10:55.470695 41565 runtime_context.cpp:29] DecreaseCounter constructing_actor_cnt, current val is 625
I1012 13:10:55.470733 41574 naive_actor.cpp:25] actor 2207613190171 switch to &NaiveActor::HandlerNormal
I1012 13:10:55.470784 41574 thread.cpp:96] Thread 1052672 construct Actor kNormalForward 2207613190171
I1012 13:10:55.470875 41574 runtime_context.cpp:29] DecreaseCounter constructing_actor_cnt, current val is 624
I1012 13:10:55.470878 41551 naive_actor.cpp:25] actor 1099614388238 switch to &NaiveActor::HandlerNormal
