Log file created at: 2021/10/13 15:28:55
Running on machine: oneflow-14
Log line format: [IWEF]mmdd hh:mm:ss.uuuuuu threadid file:line] msg
I1013 15:28:55.828182 26335 global.h:36] NewGlobal 14cudaDeviceProp
I1013 15:28:55.829197 26335 global.h:36] NewGlobal N7oneflow7EnvDescE
I1013 15:28:55.829219 26335 global.h:36] NewGlobal N7oneflow10ProcessCtxE
I1013 15:28:55.829231 26335 env_global_objects_scope.cpp:152] using rpc backend: local
I1013 15:28:55.829248 26335 global.h:36] NewGlobal N7oneflow12ResourceDescE
I1013 15:28:55.829260 26335 global.h:36] NewGlobal N7oneflow12ResourceDescE
I1013 15:28:55.915341 26335 global.h:36] NewGlobal N7oneflow10ThreadPoolE
I1013 15:28:55.916638 26335 global.h:36] NewGlobal N7oneflow16EagerNcclCommMgrE
I1013 15:28:55.916657 26335 global.h:36] NewGlobal N7oneflow18CudnnConvAlgoCacheE
I1013 15:28:55.916667 26335 global.h:36] NewGlobal N7oneflow2vm19VirtualMachineScopeE
I1013 15:28:55.916676 26335 global.h:36] NewGlobal N7oneflow9OneflowVME
I1013 15:28:55.917587 26335 oneflow_vm.cpp:75] transport stream type: N7oneflow2vm13CpuStreamTypeE
I1013 15:28:55.917605 26335 oneflow_vm.cpp:75] transport stream type: N7oneflow2vm14CudaStreamTypeE
I1013 15:28:55.917614 26335 oneflow_vm.cpp:75] transport stream type: N7oneflow2vm19AsyncCudaStreamTypeE
I1013 15:28:55.917769 26335 global.h:36] NewGlobal N7oneflow27EagerJobBuildAndInferCtxMgrE
I1013 15:28:55.917785 26335 global.h:36] NewGlobal N7oneflow12EpollCommNetE
I1013 15:28:55.917922 26335 epoll_comm_network.cpp:63] CommNet:Epoll listening on 0.0.0.0:39995
I1013 15:28:55.917959 26335 epoll_comm_network.cpp:197] machine 0 sockfd -1
I1013 15:28:55.918084 26335 global.h:36] NewGlobal N7oneflow9TransportE
I1013 15:28:55.919597 26335 global.h:43] DeleteGlobal N7oneflow12ResourceDescE
I1013 15:28:55.919629 26335 version.cpp:22] OneFlow git version: b295ca2324
I1013 15:28:55.919647 26335 device_register_gpu.cpp:56] CUDA runtime version: 11.2
I1013 15:28:55.919672 26335 device_register_gpu.cpp:65] cuDNN version: 8.1.1
I1013 15:28:55.919683 26335 device_register_gpu.cpp:78] NCCL version: 2.9.8
I1013 15:28:55.919693 26335 global.h:36] NewGlobal N7oneflow12ResourceDescE
I1013 15:28:55.919703 26335 global.h:36] NewGlobal N7oneflow5IDMgrE
I1013 15:28:55.919713 26335 global.h:36] NewGlobal N7oneflow16AvailableMemDescE
I1013 15:28:55.919740 26335 global.h:36] NewGlobal St13unordered_mapISslSt4hashISsESt8equal_toISsESaISt4pairIKSslEEE
I1013 15:28:55.919749 26335 global.h:36] NewGlobal N7oneflow19CriticalSectionDescE
I1013 15:28:55.919757 26335 global.h:36] NewGlobal N7oneflow16InterUserJobInfoE
I1013 15:28:55.919767 26335 global.h:36] NewGlobal N7oneflow26LazyJobBuildAndInferCtxMgrE
I1013 15:28:55.919775 26335 global.h:36] NewGlobal N7oneflow16JobSetCompileCtxE
I1013 15:28:55.919785 26335 global.h:36] NewGlobal N7oneflow26RuntimeBufferManagersScopeE
I1013 15:28:55.919792 26335 global.h:36] NewGlobal N7oneflow9BufferMgrIlEE
I1013 15:28:55.919800 26335 global.h:36] NewGlobal N7oneflow9BufferMgrISt10shared_ptrINS_11JobInstanceEEEE
I1013 15:28:55.919809 26335 global.h:36] NewGlobal N7oneflow10RuntimeCtxE
I1013 15:28:55.919816 26335 global.h:36] NewGlobal N7oneflow15MemoryAllocatorE
I1013 15:28:55.919824 26335 global.h:36] NewGlobal N7oneflow8ChunkMgrE
I1013 15:28:55.919832 26335 global.h:36] NewGlobal N7oneflow8RegstMgrE
I1013 15:28:55.919839 26335 global.h:36] NewGlobal N7oneflow11ActorMsgBusE
I1013 15:28:55.919847 26335 global.h:36] NewGlobal N7oneflow9ThreadMgrE
I1013 15:28:55.919855 26335 global.h:36] NewGlobal N7oneflow15RuntimeJobDescsE
I1013 15:28:55.919862 26335 global.h:36] NewGlobal N7oneflow7summary12EventsWriterE
I1013 15:28:55.919873 26335 global.h:36] NewGlobal N7oneflow6boxing10collective24CollectiveBoxingExecutorE
I1013 15:28:55.919881 26335 global.h:36] NewGlobal N7oneflow6boxing10collective31CollectiveBoxingDeviceCtxPollerE
I1013 15:28:55.920018 26335 session.h:77] NewGlobal N7oneflow25SessionGlobalObjectsScopeE
I1013 15:28:55.920830 26335 global.h:36] NewGlobal N7oneflow7JobDescE
I1013 15:28:56.291749 26335 global.h:43] DeleteGlobal N7oneflow7JobDescE
I1013 15:28:56.291965 26335 global.h:36] NewGlobal N7oneflow7JobDescE
I1013 15:28:56.294921 26335 global.h:36] NewGlobal N7oneflow7OpGraphE
I1013 15:28:56.298640 26335 global.h:43] DeleteGlobal N7oneflow7OpGraphE
I1013 15:28:56.452956 26335 global.h:43] DeleteGlobal N7oneflow7JobDescE
I1013 15:28:56.468950 26335 global.h:36] NewGlobal N7oneflow24InterJobReuseMemStrategyE
I1013 15:28:56.468991 26335 global.h:36] NewGlobal N7oneflow7OneflowE
I1013 15:28:56.480717 26335 global.h:36] NewGlobal N7oneflow7JobDescE
I1013 15:28:56.682067 26335 global.h:36] NewGlobal N7oneflow7OpGraphE
I1013 15:28:56.752682 26335 global.h:43] DeleteGlobal N7oneflow7OpGraphE
I1013 15:28:56.760040 26335 oneflow.cpp:210] 
job_id: 0 , job_name: train_job , compile time: 0.279276 seconds.
I1013 15:28:56.805989 26335 global.h:43] DeleteGlobal N7oneflow7JobDescE
I1013 15:28:56.806330 26335 global.h:36] NewGlobal N7oneflow7JobDescE
I1013 15:28:56.853341 26335 global.h:36] NewGlobal N7oneflow7OpGraphE
I1013 15:28:56.868727 26335 global.h:43] DeleteGlobal N7oneflow7OpGraphE
I1013 15:28:56.872254 26335 oneflow.cpp:210] 
job_id: 1 , job_name: System-ModelInit , compile time: 0.0656456 seconds.
I1013 15:28:56.883957 26335 global.h:43] DeleteGlobal N7oneflow7JobDescE
I1013 15:28:56.884023 26335 global.h:36] NewGlobal N7oneflow7JobDescE
I1013 15:28:56.929486 26335 global.h:36] NewGlobal N7oneflow7OpGraphE
I1013 15:28:56.946959 26335 global.h:43] DeleteGlobal N7oneflow7OpGraphE
I1013 15:28:56.951071 26335 oneflow.cpp:210] 
job_id: 2 , job_name: System-ModelLoad , compile time: 0.0670252 seconds.
I1013 15:28:56.962816 26335 global.h:43] DeleteGlobal N7oneflow7JobDescE
I1013 15:28:56.962844 26335 global.h:36] NewGlobal N7oneflow7JobDescE
I1013 15:28:57.008687 26335 global.h:36] NewGlobal N7oneflow7OpGraphE
I1013 15:28:57.026108 26335 global.h:43] DeleteGlobal N7oneflow7OpGraphE
I1013 15:28:57.030560 26335 oneflow.cpp:210] 
job_id: 3 , job_name: System-ModelSave , compile time: 0.067724 seconds.
I1013 15:28:57.042695 26335 global.h:43] DeleteGlobal N7oneflow7JobDescE
I1013 15:28:57.042898 26335 global.h:36] NewGlobal N7oneflow7JobDescE
I1013 15:28:57.051604 26335 global.h:36] NewGlobal N7oneflow7OpGraphE
I1013 15:28:57.055261 26335 global.h:43] DeleteGlobal N7oneflow7OpGraphE
I1013 15:28:57.057086 26335 oneflow.cpp:210] 
job_id: 4 , job_name: System-Pull-Return_20 , compile time: 0.014174 seconds.
I1013 15:28:57.060634 26335 global.h:43] DeleteGlobal N7oneflow7JobDescE
I1013 15:28:57.064666 26335 global.h:36] NewGlobal N7oneflow7JobDescE
I1013 15:28:57.064703 26335 global.h:36] NewGlobal N7oneflow7OpGraphE
I1013 15:28:57.070024 26335 global.h:43] DeleteGlobal N7oneflow7OpGraphE
I1013 15:28:57.073333 26335 oneflow.cpp:210] 
job_id: 5 , job_name: MainJob-unamed , compile time: 0.00863974 seconds.
I1013 15:28:57.080272 26335 global.h:43] DeleteGlobal N7oneflow7JobDescE
I1013 15:28:57.082710 26335 plan_util.cpp:928]  Plan: merged_plan needs to allocate [ 374.837 MiB ] device memory in Rank: 0 , Device: 0
I1013 15:28:57.181607 26335 oneflow.cpp:998]  PushPlan merged_plan time: 0.00932454 seconds.
I1013 15:28:57.209971 26335 oneflow.cpp:1014]  PullPlan merged_plan time: 0.024564 seconds.
I1013 15:28:59.228185 26335 runtime_context.cpp:21] NewCounter constructing_actor_cnt 388
I1013 15:28:59.229176 26983 naive_actor.cpp:25] actor 2199023255699 switch to &NaiveActor::HandlerNormal
I1013 15:28:59.229296 26966 naive_actor.cpp:25] actor 1099614388226 switch to &NaiveActor::HandlerNormal
I1013 15:28:59.229763 26967 wait_and_send_ids_actor.cpp:53] actor 1099616485376 switch to &WaitAndSendIdsActor::HandlerWaitToStart
I1013 15:28:59.229703 26983 thread.cpp:96] Thread 1048576 construct Actor kDeviceTick 2199023255699
I1013 15:28:59.229781 26966 thread.cpp:96] Thread 524337 construct Actor kDeviceTick 1099614388226
I1013 15:28:59.229811 26967 thread.cpp:96] Thread 524338 construct Actor kWaitAndSendIds 1099616485376
I1013 15:28:59.229918 26983 runtime_context.cpp:29] DecreaseCounter constructing_actor_cnt, current val is 387
I1013 15:28:59.229950 26966 runtime_context.cpp:29] DecreaseCounter constructing_actor_cnt, current val is 386
I1013 15:28:59.229962 26967 runtime_context.cpp:29] DecreaseCounter constructing_actor_cnt, current val is 385
I1013 15:28:59.230188 26983 naive_actor.cpp:25] actor 2199023255738 switch to &NaiveActor::HandlerNormal
I1013 15:28:59.230224 26983 thread.cpp:96] Thread 1048576 construct Actor kDeviceTick 2199023255738
I1013 15:28:59.230381 26983 runtime_context.cpp:29] DecreaseCounter constructing_actor_cnt, current val is 384
I1013 15:28:59.230531 26966 naive_actor.cpp:25] actor 1099614388233 switch to &NaiveActor::HandlerNormal
I1013 15:28:59.230625 26966 thread.cpp:96] Thread 524337 construct Actor kDeviceTick 1099614388233
I1013 15:28:59.230697 26966 runtime_context.cpp:29] DecreaseCounter constructing_actor_cnt, current val is 383
I1013 15:28:59.230707 26983 naive_actor.cpp:25] actor 2199023255777 switch to &NaiveActor::HandlerNormal
I1013 15:28:59.230787 26983 thread.cpp:96] Thread 1048576 construct Actor kDeviceTick 2199023255777
I1013 15:28:59.230870 26983 runtime_context.cpp:29] DecreaseCounter constructing_actor_cnt, current val is 382
I1013 15:28:59.231015 26966 naive_actor.cpp:25] actor 1099614388243 switch to &NaiveActor::HandlerNormal
I1013 15:28:59.231078 26966 thread.cpp:96] Thread 524337 construct Actor kDeviceTick 1099614388243
I1013 15:28:59.231148 26966 runtime_context.cpp:29] DecreaseCounter constructing_actor_cnt, current val is 381
I1013 15:28:59.231159 26983 naive_actor.cpp:25] actor 2199023255816 switch to &NaiveActor::HandlerNormal
I1013 15:28:59.231243 26983 thread.cpp:96] Thread 1048576 construct Actor kDeviceTick 2199023255816
I1013 15:28:59.231321 26983 runtime_context.cpp:29] DecreaseCounter constructing_actor_cnt, current val is 380
I1013 15:28:59.231457 26966 naive_actor.cpp:25] actor 1099614388252 switch to &NaiveActor::HandlerNormal
I1013 15:28:59.231495 26966 thread.cpp:96] Thread 524337 construct Actor kDeviceTick 1099614388252
I1013 15:28:59.231549 26966 runtime_context.cpp:29] DecreaseCounter constructing_actor_cnt, current val is 379
I1013 15:28:59.231794 26966 naive_actor.cpp:25] actor 1099614388261 switch to &NaiveActor::HandlerNormal
I1013 15:28:59.231829 26966 thread.cpp:96] Thread 524337 construct Actor kDeviceTick 1099614388261
I1013 15:28:59.231881 26966 runtime_context.cpp:29] DecreaseCounter constructing_actor_cnt, current val is 378
I1013 15:28:59.232110 26966 naive_actor.cpp:25] actor 1099614388269 switch to &NaiveActor::HandlerNormal
I1013 15:28:59.232146 26966 thread.cpp:96] Thread 524337 construct Actor kDeviceTick 1099614388269
I1013 15:28:59.232196 26966 runtime_context.cpp:29] DecreaseCounter constructing_actor_cnt, current val is 377
I1013 15:28:59.232426 26966 naive_actor.cpp:25] actor 1099614388276 switch to &NaiveActor::HandlerNormal
I1013 15:28:59.232460 26966 thread.cpp:96] Thread 524337 construct Actor kDeviceTick 1099614388276
I1013 15:28:59.232522 26966 runtime_context.cpp:29] DecreaseCounter constructing_actor_cnt, current val is 376
I1013 15:28:59.239703 26985 naive_actor.cpp:25] actor 2199025352706 switch to &NaiveActor::HandlerNormal
I1013 15:28:59.239730 26949 naive_actor.cpp:25] actor 1099522113536 switch to &NaiveActor::HandlerNormal
I1013 15:28:59.239780 26987 naive_actor.cpp:25] actor 2199027449856 switch to &NaiveActor::HandlerNormal
I1013 15:28:59.239797 26983 naive_actor.cpp:25] actor 2199023255563 switch to &NaiveActor::HandlerNormal
I1013 15:28:59.239825 26985 thread.cpp:96] Thread 1048577 construct Actor kCopyHd 2199025352706
I1013 15:28:59.240130 26963 naive_actor.cpp:25] actor 1099551473664 switch to &NaiveActor::HandlerNormal
I1013 15:28:59.240221 26958 naive_actor.cpp:25] actor 1099540987904 switch to &NaiveActor::HandlerNormal
I1013 15:28:59.239921 26949 thread.cpp:96] Thread 524293 construct Actor kNormalForward 1099522113536
I1013 15:28:59.239938 26951 naive_actor.cpp:25] actor 1099526307840 switch to &NaiveActor::HandlerNormal
I1013 15:28:59.240448 26959 naive_actor.cpp:25] actor 1099543085056 switch to &NaiveActor::HandlerNormal
I1013 15:28:59.239996 26954 naive_actor.cpp:25] actor 1099532599296 switch to &NaiveActor::HandlerNormal
I1013 15:28:59.239980 26956 naive_actor.cpp:25] actor 1099536793600 switch to &NaiveActor::HandlerNormal
I1013 15:28:59.240797 26945 naive_actor.cpp:25] actor 1099513724928 switch to &NaiveActor::HandlerNormal
I1013 15:28:59.240856 26947 naive_actor.cpp:25] actor 1099517919232 switch to &NaiveActor::HandlerNormal
I1013 15:28:59.240944 26947 thread.cpp:96] Thread 524291 construct Actor kNormalForward 1099517919232
I1013 15:28:59.240067 26983 thread.cpp:96] Thread 1048576 construct Actor kNormalForward 2199023255563
I1013 15:28:59.239853 26964 naive_actor.cpp:25] actor 1099553570816 switch to &NaiveActor::HandlerNormal
I1013 15:28:59.240136 26961 naive_actor.cpp:25] actor 1099547279360 switch to &NaiveActor::HandlerNormal
I1013 15:28:59.241210 26961 thread.cpp:96] Thread 524305 construct Actor kForeignInput 1099547279360
I1013 15:28:59.240200 26985 runtime_context.cpp:29] DecreaseCounter constructing_actor_cnt, current val is 375
I1013 15:28:59.241309 26961 runtime_context.cpp:29] DecreaseCounter constructing_actor_cnt, current val is 371
I1013 15:28:59.239862 26968 sink_actor.cpp:21] actor 1099618582528 switch to &SinkActor::HandlerNormal
I1013 15:28:59.241371 26968 thread.cpp:96] Thread 524339 construct Actor kCallbackNotify 1099618582528
I1013 15:28:59.240244 26963 thread.cpp:96] Thread 524307 construct Actor kNormalForward 1099551473664
I1013 15:28:59.241430 26968 runtime_context.cpp:29] DecreaseCounter constructing_actor_cnt, current val is 370
I1013 15:28:59.240329 26958 thread.cpp:96] Thread 524302 construct Actor kForeignInput 1099540987904
I1013 15:28:59.241475 26985 naive_actor.cpp:25] actor 2199025352708 switch to &NaiveActor::HandlerNormal
I1013 15:28:59.240329 26965 naive_actor.cpp:25] actor 1099555667968 switch to &NaiveActor::HandlerNormal
I1013 15:28:59.240435 26949 runtime_context.cpp:29] DecreaseCounter constructing_actor_cnt, current val is 374
I1013 15:28:59.241623 26965 thread.cpp:96] Thread 524309 construct Actor kForeignOutput 1099555667968
I1013 15:28:59.240430 26966 esac_actor.cpp:73] actor 1099614388321 switch to &EsacActor::HandlerNormal
I1013 15:28:59.241706 26965 runtime_context.cpp:29] DecreaseCounter constructing_actor_cnt, current val is 367
I1013 15:28:59.241719 26966 thread.cpp:96] Thread 524337 construct Actor kEsac 1099614388321
I1013 15:28:59.240499 26957 naive_actor.cpp:25] actor 1099538890752 switch to &NaiveActor::HandlerNormal
I1013 15:28:59.241855 26957 thread.cpp:96] Thread 524301 construct Actor kNormalForward 1099538890752
I1013 15:28:59.240535 26952 naive_actor.cpp:25] actor 1099528404992 switch to &NaiveActor::HandlerNormal
I1013 15:28:59.241914 26957 runtime_context.cpp:29] DecreaseCounter constructing_actor_cnt, current val is 365
I1013 15:28:59.241927 26952 thread.cpp:96] Thread 524296 construct Actor kNormalForward 1099528404992
I1013 15:28:59.240622 26953 naive_actor.cpp:25] actor 1099530502144 switch to &NaiveActor::HandlerNormal
I1013 15:28:59.242018 26952 runtime_context.cpp:29] DecreaseCounter constructing_actor_cnt, current val is 364
I1013 15:28:59.240638 26948 naive_actor.cpp:25] actor 1099520016384 switch to &NaiveActor::HandlerNormal
I1013 15:28:59.242126 26948 thread.cpp:96] Thread 524292 construct Actor kNormalForward 1099520016384
I1013 15:28:59.240803 26956 thread.cpp:96] Thread 524300 construct Actor kNormalForward 1099536793600
I1013 15:28:59.242218 26948 runtime_context.cpp:29] DecreaseCounter constructing_actor_cnt, current val is 363
I1013 15:28:59.240015 26950 naive_actor.cpp:25] actor 1099524210688 switch to &NaiveActor::HandlerNormal
I1013 15:28:59.242338 26950 thread.cpp:96] Thread 524294 construct Actor kNormalForward 1099524210688
I1013 15:28:59.240871 26945 thread.cpp:96] Thread 524289 construct Actor kNormalForward 1099513724928
I1013 15:28:59.240000 26987 thread.cpp:96] Thread 1048578 construct Actor kCopyHd 2199027449856
I1013 15:28:59.242435 26950 runtime_context.cpp:29] DecreaseCounter constructing_actor_cnt, current val is 361
I1013 15:28:59.241122 26983 runtime_context.cpp:29] DecreaseCounter constructing_actor_cnt, current val is 372
I1013 15:28:59.241130 26964 thread.cpp:96] Thread 524308 construct Actor kNormalForward 1099553570816
I1013 15:28:59.240171 26955 naive_actor.cpp:25] actor 1099534696448 switch to &NaiveActor::HandlerNormal
I1013 15:28:59.242950 26955 thread.cpp:96] Thread 524299 construct Actor kForeignInput 1099534696448
I1013 15:28:59.241515 26985 thread.cpp:96] Thread 1048577 construct Actor kCopyHd 2199025352708
I1013 15:28:59.240414 26962 naive_actor.cpp:25] actor 1099549376512 switch to &NaiveActor::HandlerNormal
I1013 15:28:59.243144 26985 runtime_context.cpp:29] DecreaseCounter constructing_actor_cnt, current val is 356
I1013 15:28:59.243166 26983 naive_actor.cpp:25] actor 2199023255573 switch to &NaiveActor::HandlerNormal
I1013 15:28:59.243222 26983 thread.cpp:96] Thread 1048576 construct Actor kNormalForward 2199023255573
I1013 15:28:59.239979 26960 naive_actor.cpp:25] actor 1099545182208 switch to &NaiveActor::HandlerNormal
I1013 15:28:59.243355 26960 thread.cpp:96] Thread 524304 construct Actor kNormalForward 1099545182208
I1013 15:28:59.240584 26959 thread.cpp:96] Thread 524303 construct Actor kNormalForward 1099543085056
I1013 15:28:59.240622 26946 naive_actor.cpp:25] actor 1099515822080 switch to &NaiveActor::HandlerNormal
I1013 15:28:59.242043 26953 thread.cpp:96] Thread 524297 construct Actor kNormalForward 1099530502144
I1013 15:28:59.240703 26954 thread.cpp:96] Thread 524298 construct Actor kNormalForward 1099532599296
I1013 15:28:59.242259 26956 runtime_context.cpp:29] DecreaseCounter constructing_actor_cnt, current val is 362
I1013 15:28:59.243860 26954 runtime_context.cpp:29] DecreaseCounter constructing_actor_cnt, current val is 351
I1013 15:28:59.241020 26947 runtime_context.cpp:29] DecreaseCounter constructing_actor_cnt, current val is 373
I1013 15:28:59.242488 26987 runtime_context.cpp:29] DecreaseCounter constructing_actor_cnt, current val is 359
I1013 15:28:59.242856 26964 runtime_context.cpp:29] DecreaseCounter constructing_actor_cnt, current val is 358
I1013 15:28:59.241488 26963 runtime_context.cpp:29] DecreaseCounter constructing_actor_cnt, current val is 369
I1013 15:28:59.243055 26955 runtime_context.cpp:29] DecreaseCounter constructing_actor_cnt, current val is 357
I1013 15:28:59.243152 26962 thread.cpp:96] Thread 524306 construct Actor kNormalForward 1099549376512
I1013 15:28:59.241534 26958 runtime_context.cpp:29] DecreaseCounter constructing_actor_cnt, current val is 368
I1013 15:28:59.244338 26962 runtime_context.cpp:29] DecreaseCounter constructing_actor_cnt, current val is 350
I1013 15:28:59.240490 26951 thread.cpp:96] Thread 524295 construct Actor kNormalForward 1099526307840
I1013 15:28:59.243286 26983 runtime_context.cpp:29] DecreaseCounter constructing_actor_cnt, current val is 355
I1013 15:28:59.244465 26951 runtime_context.cpp:29] DecreaseCounter constructing_actor_cnt, current val is 349
I1013 15:28:59.241827 26966 runtime_context.cpp:29] DecreaseCounter constructing_actor_cnt, current val is 366
I1013 15:28:59.243393 26985 naive_actor.cpp:25] actor 2199025352707 switch to &NaiveActor::HandlerNormal
I1013 15:28:59.244742 26985 thread.cpp:96] Thread 1048577 construct Actor kCopyHd 2199025352707
I1013 15:28:59.243546 26944 naive_actor.cpp:25] actor 1099511627776 switch to &NaiveActor::HandlerNormal
I1013 15:28:59.244871 26944 thread.cpp:96] Thread 524288 construct Actor kNormalForward 1099511627776
I1013 15:28:59.244901 26983 naive_actor.cpp:25] actor 2199023255593 switch to &NaiveActor::HandlerNormal
I1013 15:28:59.243768 26953 runtime_context.cpp:29] DecreaseCounter constructing_actor_cnt, current val is 352
I1013 15:28:59.242475 26945 runtime_context.cpp:29] DecreaseCounter constructing_actor_cnt, current val is 360
I1013 15:28:59.243470 26960 runtime_context.cpp:29] DecreaseCounter constructing_actor_cnt, current val is 354
I1013 15:28:59.244827 26985 runtime_context.cpp:29] DecreaseCounter constructing_actor_cnt, current val is 348
I1013 15:28:59.243582 26959 runtime_context.cpp:29] DecreaseCounter constructing_actor_cnt, current val is 353
I1013 15:28:59.243630 26946 thread.cpp:96] Thread 524290 construct Actor kNormalForward 1099515822080
I1013 15:28:59.244987 26983 thread.cpp:96] Thread 1048576 construct Actor kNormalForward 2199023255593
I1013 15:28:59.245012 26944 runtime_context.cpp:29] DecreaseCounter constructing_actor_cnt, current val is 347
I1013 15:28:59.245007 26966 naive_actor.cpp:25] actor 1099614388225 switch to &NaiveActor::HandlerNormal
I1013 15:28:59.245373 26985 naive_actor.cpp:25] actor 2199025352704 switch to &NaiveActor::HandlerNormal
I1013 15:28:59.245462 26946 runtime_context.cpp:29] DecreaseCounter constructing_actor_cnt, current val is 346
I1013 15:28:59.245502 26983 runtime_context.cpp:29] DecreaseCounter constructing_actor_cnt, current val is 345
I1013 15:28:59.245525 26966 thread.cpp:96] Thread 524337 construct Actor kSrcSubsetTick 1099614388225
I1013 15:28:59.245550 26985 thread.cpp:96] Thread 1048577 construct Actor kCopyHd 2199025352704
I1013 15:28:59.245723 26966 runtime_context.cpp:29] DecreaseCounter constructing_actor_cnt, current val is 344
I1013 15:28:59.245733 26985 runtime_context.cpp:29] DecreaseCounter constructing_actor_cnt, current val is 343
I1013 15:28:59.245929 26985 naive_actor.cpp:25] actor 2199025352705 switch to &NaiveActor::HandlerNormal
I1013 15:28:59.245976 26985 thread.cpp:96] Thread 1048577 construct Actor kCopyHd 2199025352705
I1013 15:28:59.246007 26966 naive_actor.cpp:25] actor 1099614388232 switch to &NaiveActor::HandlerNormal
I1013 15:28:59.246021 26985 runtime_context.cpp:29] DecreaseCounter constructing_actor_cnt, current val is 342
I1013 15:28:59.246052 26966 thread.cpp:96] Thread 524337 construct Actor kTick 1099614388232
I1013 15:28:59.246145 26966 runtime_context.cpp:29] DecreaseCounter constructing_actor_cnt, current val is 341
I1013 15:28:59.246223 26985 naive_actor.cpp:25] actor 2199025352709 switch to &NaiveActor::HandlerNormal
I1013 15:28:59.246269 26985 thread.cpp:96] Thread 1048577 construct Actor kCopyHd 2199025352709
I1013 15:28:59.246312 26985 runtime_context.cpp:29] DecreaseCounter constructing_actor_cnt, current val is 340
I1013 15:28:59.246443 26966 naive_actor.cpp:25] actor 1099614388239 switch to &NaiveActor::HandlerNormal
I1013 15:28:59.246485 26985 naive_actor.cpp:25] actor 2199025352710 switch to &NaiveActor::HandlerNormal
I1013 15:28:59.246505 26983 naive_actor.cpp:25] actor 2199023255615 switch to &NaiveActor::HandlerNormal
I1013 15:28:59.246488 26966 thread.cpp:96] Thread 524337 construct Actor kTick 1099614388239
I1013 15:28:59.246532 26985 thread.cpp:96] Thread 1048577 construct Actor kCopyHd 2199025352710
I1013 15:28:59.246554 26983 thread.cpp:96] Thread 1048576 construct Actor kNormalForward 2199023255615
I1013 15:28:59.246615 26966 runtime_context.cpp:29] DecreaseCounter constructing_actor_cnt, current val is 339
I1013 15:28:59.246625 26985 runtime_context.cpp:29] DecreaseCounter constructing_actor_cnt, current val is 338
I1013 15:28:59.246675 26983 runtime_context.cpp:29] DecreaseCounter constructing_actor_cnt, current val is 337
I1013 15:28:59.246894 26966 naive_actor.cpp:25] actor 1099614388230 switch to &NaiveActor::HandlerNormal
I1013 15:28:59.246940 26966 thread.cpp:96] Thread 524337 construct Actor kTick 1099614388230
I1013 15:28:59.246992 26966 runtime_context.cpp:29] DecreaseCounter constructing_actor_cnt, current val is 336
I1013 15:28:59.247002 26983 naive_actor.cpp:25] actor 2199023255591 switch to &NaiveActor::HandlerNormal
I1013 15:28:59.247056 26983 thread.cpp:96] Thread 1048576 construct Actor kNormalForward 2199023255591
I1013 15:28:59.247123 26983 runtime_context.cpp:29] DecreaseCounter constructing_actor_cnt, current val is 335
I1013 15:28:59.247267 26966 naive_actor.cpp:25] actor 1099614388228 switch to &NaiveActor::HandlerNormal
I1013 15:28:59.247313 26966 thread.cpp:96] Thread 524337 construct Actor kTick 1099614388228
I1013 15:28:59.247364 26966 runtime_context.cpp:29] DecreaseCounter constructing_actor_cnt, current val is 334
I1013 15:28:59.247653 26966 naive_actor.cpp:25] actor 1099614388236 switch to &NaiveActor::HandlerNormal
I1013 15:28:59.247696 26966 thread.cpp:96] Thread 524337 construct Actor kTick 1099614388236
I1013 15:28:59.247845 26966 runtime_context.cpp:29] DecreaseCounter constructing_actor_cnt, current val is 333
I1013 15:28:59.248004 26983 naive_actor.cpp:25] actor 2199023255555 switch to &NaiveActor::HandlerNormal
I1013 15:28:59.248060 26983 thread.cpp:96] Thread 1048576 construct Actor kNormalForward 2199023255555
I1013 15:28:59.248126 26983 runtime_context.cpp:29] DecreaseCounter constructing_actor_cnt, current val is 332
I1013 15:28:59.248136 26966 naive_actor.cpp:25] actor 1099614388237 switch to &NaiveActor::HandlerNormal
I1013 15:28:59.248188 26966 thread.cpp:96] Thread 524337 construct Actor kDstSubsetTick 1099614388237
I1013 15:28:59.248241 26966 runtime_context.cpp:29] DecreaseCounter constructing_actor_cnt, current val is 331
I1013 15:28:59.248432 26983 naive_actor.cpp:25] actor 2199023255571 switch to &NaiveActor::HandlerNormal
I1013 15:28:59.248483 26983 thread.cpp:96] Thread 1048576 construct Actor kNormalForward 2199023255571
I1013 15:28:59.248514 26966 naive_actor.cpp:25] actor 1099614388231 switch to &NaiveActor::HandlerNormal
I1013 15:28:59.248543 26983 runtime_context.cpp:29] DecreaseCounter constructing_actor_cnt, current val is 330
I1013 15:28:59.248544 26966 thread.cpp:96] Thread 524337 construct Actor kTick 1099614388231
I1013 15:28:59.248631 26966 runtime_context.cpp:29] DecreaseCounter constructing_actor_cnt, current val is 329
I1013 15:28:59.248894 26966 naive_actor.cpp:25] actor 1099614388234 switch to &NaiveActor::HandlerNormal
I1013 15:28:59.248940 26966 thread.cpp:96] Thread 524337 construct Actor kSrcSubsetTick 1099614388234
I1013 15:28:59.249011 26966 runtime_context.cpp:29] DecreaseCounter constructing_actor_cnt, current val is 328
I1013 15:28:59.249294 26966 naive_actor.cpp:25] actor 1099614388229 switch to &NaiveActor::HandlerNormal
I1013 15:28:59.249341 26966 thread.cpp:96] Thread 524337 construct Actor kDstSubsetTick 1099614388229
I1013 15:28:59.249344 26983 naive_actor.cpp:25] actor 2199023255592 switch to &NaiveActor::HandlerNormal
I1013 15:28:59.249400 26983 thread.cpp:96] Thread 1048576 construct Actor kNormalForward 2199023255592
I1013 15:28:59.249408 26966 runtime_context.cpp:29] DecreaseCounter constructing_actor_cnt, current val is 327
I1013 15:28:59.249471 26983 runtime_context.cpp:29] DecreaseCounter constructing_actor_cnt, current val is 326
I1013 15:28:59.249683 26966 naive_actor.cpp:25] actor 1099614388320 switch to &NaiveActor::HandlerNormal
I1013 15:28:59.249729 26966 thread.cpp:96] Thread 524337 construct Actor kTick 1099614388320
I1013 15:28:59.249779 26966 runtime_context.cpp:29] DecreaseCounter constructing_actor_cnt, current val is 325
I1013 15:28:59.250032 26966 naive_actor.cpp:25] actor 1099614388224 switch to &NaiveActor::HandlerNormal
I1013 15:28:59.250079 26966 thread.cpp:96] Thread 524337 construct Actor kDeviceTick 1099614388224
I1013 15:28:59.250129 26966 runtime_context.cpp:29] DecreaseCounter constructing_actor_cnt, current val is 324
I1013 15:28:59.250344 26983 naive_actor.cpp:25] actor 2199023255562 switch to &NaiveActor::HandlerNormal
I1013 15:28:59.250368 26966 naive_actor.cpp:25] actor 1099614388238 switch to &NaiveActor::HandlerNormal
I1013 15:28:59.250398 26983 thread.cpp:96] Thread 1048576 construct Actor kNormalForward 2199023255562
I1013 15:28:59.250420 26966 thread.cpp:96] Thread 524337 construct Actor kTick 1099614388238
I1013 15:28:59.250495 26966 runtime_context.cpp:29] DecreaseCounter constructing_actor_cnt, current val is 323
I1013 15:28:59.250499 26983 runtime_context.cpp:29] DecreaseCounter constructing_actor_cnt, current val is 322
I1013 15:28:59.250766 26966 naive_actor.cpp:25] actor 1099614388240 switch to &NaiveActor::HandlerNormal
I1013 15:28:59.250813 26966 thread.cpp:96] Thread 524337 construct Actor kTick 1099614388240
I1013 15:28:59.250829 26983 naive_actor.cpp:25] actor 2199023255588 switch to &NaiveActor::HandlerNormal
I1013 15:28:59.250880 26983 thread.cpp:96] Thread 1048576 construct Actor kNormalForward 2199023255588
I1013 15:28:59.250886 26966 runtime_context.cpp:29] DecreaseCounter constructing_actor_cnt, current val is 321
I1013 15:28:59.250941 26983 runtime_context.cpp:29] DecreaseCounter constructing_actor_cnt, current val is 320
I1013 15:28:59.251154 26966 naive_actor.cpp:25] actor 1099614388247 switch to &NaiveActor::HandlerNormal
I1013 15:28:59.251201 26966 thread.cpp:96] Thread 524337 construct Actor kTick 1099614388247
I1013 15:28:59.251247 26966 runtime_context.cpp:29] DecreaseCounter constructing_actor_cnt, current val is 319
I1013 15:28:59.251250 26983 naive_actor.cpp:25] actor 2199023255553 switch to &NaiveActor::HandlerNormal
I1013 15:28:59.251314 26983 thread.cpp:96] Thread 1048576 construct Actor kNormalForward 2199023255553
I1013 15:28:59.251374 26983 runtime_context.cpp:29] DecreaseCounter constructing_actor_cnt, current val is 318
I1013 15:28:59.251487 26966 naive_actor.cpp:25] actor 1099614388241 switch to &NaiveActor::HandlerNormal
I1013 15:28:59.251528 26966 thread.cpp:96] Thread 524337 construct Actor kDeviceTick 1099614388241
I1013 15:28:59.251585 26966 runtime_context.cpp:29] DecreaseCounter constructing_actor_cnt, current val is 317
I1013 15:28:59.251761 26983 naive_actor.cpp:25] actor 2199023255557 switch to &NaiveActor::HandlerNormal
I1013 15:28:59.251807 26983 thread.cpp:96] Thread 1048576 construct Actor kNormalForward 2199023255557
I1013 15:28:59.251847 26966 naive_actor.cpp:25] actor 1099614388242 switch to &NaiveActor::HandlerNormal
I1013 15:28:59.251873 26966 thread.cpp:96] Thread 524337 construct Actor kSrcSubsetTick 1099614388242
I1013 15:28:59.251875 26983 runtime_context.cpp:29] DecreaseCounter constructing_actor_cnt, current val is 316
I1013 15:28:59.251917 26966 runtime_context.cpp:29] DecreaseCounter constructing_actor_cnt, current val is 315
I1013 15:28:59.252151 26966 naive_actor.cpp:25] actor 1099614388245 switch to &NaiveActor::HandlerNormal
I1013 15:28:59.252192 26966 thread.cpp:96] Thread 524337 construct Actor kTick 1099614388245
I1013 15:28:59.252238 26966 runtime_context.cpp:29] DecreaseCounter constructing_actor_cnt, current val is 314
I1013 15:28:59.252462 26966 naive_actor.cpp:25] actor 1099614388248 switch to &NaiveActor::HandlerNormal
I1013 15:28:59.252503 26966 thread.cpp:96] Thread 524337 construct Actor kTick 1099614388248
I1013 15:28:59.252548 26966 runtime_context.cpp:29] DecreaseCounter constructing_actor_cnt, current val is 313
I1013 15:28:59.252733 26983 naive_actor.cpp:25] actor 2199023255589 switch to &NaiveActor::HandlerNormal
I1013 15:28:59.252777 26983 thread.cpp:96] Thread 1048576 construct Actor kNormalForward 2199023255589
I1013 15:28:59.252842 26983 runtime_context.cpp:29] DecreaseCounter constructing_actor_cnt, current val is 312
I1013 15:28:59.252853 26966 naive_actor.cpp:25] actor 1099614388246 switch to &NaiveActor::HandlerNormal
I1013 15:28:59.252899 26966 thread.cpp:96] Thread 524337 construct Actor kDstSubsetTick 1099614388246
I1013 15:28:59.252947 26966 runtime_context.cpp:29] DecreaseCounter constructing_actor_cnt, current val is 311
I1013 15:28:59.253185 26966 naive_actor.cpp:25] actor 1099614388319 switch to &NaiveActor::HandlerNormal
I1013 15:28:59.253227 26966 thread.cpp:96] Thread 524337 construct Actor kTick 1099614388319
I1013 15:28:59.253273 26966 runtime_context.cpp:29] DecreaseCounter constructing_actor_cnt, current val is 310
I1013 15:28:59.253509 26966 naive_actor.cpp:25] actor 1099614388254 switch to &NaiveActor::HandlerNormal
I1013 15:28:59.253549 26966 thread.cpp:96] Thread 524337 construct Actor kTick 1099614388254
I1013 15:28:59.253605 26966 runtime_context.cpp:29] DecreaseCounter constructing_actor_cnt, current val is 309
I1013 15:28:59.253635 26983 naive_actor.cpp:25] actor 2199023255560 switch to &NaiveActor::HandlerNormal
I1013 15:28:59.253679 26983 thread.cpp:96] Thread 1048576 construct Actor kNormalForward 2199023255560
I1013 15:28:59.253742 26983 runtime_context.cpp:29] DecreaseCounter constructing_actor_cnt, current val is 308
I1013 15:28:59.253859 26966 naive_actor.cpp:25] actor 1099614388249 switch to &NaiveActor::HandlerNormal
I1013 15:28:59.253899 26966 thread.cpp:96] Thread 524337 construct Actor kTick 1099614388249
I1013 15:28:59.254026 26966 runtime_context.cpp:29] DecreaseCounter constructing_actor_cnt, current val is 307
I1013 15:28:59.254272 26966 naive_actor.cpp:25] actor 1099614388250 switch to &NaiveActor::HandlerNormal
I1013 15:28:59.254318 26966 thread.cpp:96] Thread 524337 construct Actor kDeviceTick 1099614388250
I1013 15:28:59.254365 26966 runtime_context.cpp:29] DecreaseCounter constructing_actor_cnt, current val is 306
I1013 15:28:59.254417 26983 naive_actor.cpp:25] actor 2199023255570 switch to &NaiveActor::HandlerNormal
I1013 15:28:59.254462 26983 thread.cpp:96] Thread 1048576 construct Actor kNormalForward 2199023255570
I1013 15:28:59.254520 26983 runtime_context.cpp:29] DecreaseCounter constructing_actor_cnt, current val is 305
I1013 15:28:59.254623 26966 naive_actor.cpp:25] actor 1099614388251 switch to &NaiveActor::HandlerNormal
I1013 15:28:59.254664 26966 thread.cpp:96] Thread 524337 construct Actor kSrcSubsetTick 1099614388251
I1013 15:28:59.254709 26966 runtime_context.cpp:29] DecreaseCounter constructing_actor_cnt, current val is 304
I1013 15:28:59.254823 26983 naive_actor.cpp:25] actor 2199023255583 switch to &NaiveActor::HandlerNormal
I1013 15:28:59.254866 26983 thread.cpp:96] Thread 1048576 construct Actor kNormalForward 2199023255583
I1013 15:28:59.254922 26983 runtime_context.cpp:29] DecreaseCounter constructing_actor_cnt, current val is 303
I1013 15:28:59.254953 26966 naive_actor.cpp:25] actor 1099614388256 switch to &NaiveActor::HandlerNormal
I1013 15:28:59.254978 26966 thread.cpp:96] Thread 524337 construct Actor kTick 1099614388256
I1013 15:28:59.255031 26966 runtime_context.cpp:29] DecreaseCounter constructing_actor_cnt, current val is 302
I1013 15:28:59.255257 26966 naive_actor.cpp:25] actor 1099614388257 switch to &NaiveActor::HandlerNormal
I1013 15:28:59.255300 26966 thread.cpp:96] Thread 524337 construct Actor kTick 1099614388257
I1013 15:28:59.255352 26966 runtime_context.cpp:29] DecreaseCounter constructing_actor_cnt, current val is 301
I1013 15:28:59.255645 26966 naive_actor.cpp:25] actor 1099614388255 switch to &NaiveActor::HandlerNormal
I1013 15:28:59.255686 26966 thread.cpp:96] Thread 524337 construct Actor kDstSubsetTick 1099614388255
I1013 15:28:59.255735 26966 runtime_context.cpp:29] DecreaseCounter constructing_actor_cnt, current val is 300
I1013 15:28:59.255772 26983 naive_actor.cpp:25] actor 2199023255577 switch to &NaiveActor::HandlerNormal
I1013 15:28:59.255818 26983 thread.cpp:96] Thread 1048576 construct Actor kNormalForward 2199023255577
I1013 15:28:59.255883 26983 runtime_context.cpp:29] DecreaseCounter constructing_actor_cnt, current val is 299
I1013 15:28:59.255981 26966 naive_actor.cpp:25] actor 1099614388258 switch to &NaiveActor::HandlerNormal
I1013 15:28:59.256021 26966 thread.cpp:96] Thread 524337 construct Actor kTick 1099614388258
I1013 15:28:59.256072 26966 runtime_context.cpp:29] DecreaseCounter constructing_actor_cnt, current val is 298
I1013 15:28:59.256354 26966 naive_actor.cpp:25] actor 1099614388264 switch to &NaiveActor::HandlerNormal
I1013 15:28:59.256397 26966 thread.cpp:96] Thread 524337 construct Actor kDstSubsetTick 1099614388264
I1013 15:28:59.256446 26966 runtime_context.cpp:29] DecreaseCounter constructing_actor_cnt, current val is 297
I1013 15:28:59.256551 26983 naive_actor.cpp:25] actor 2199023255580 switch to &NaiveActor::HandlerNormal
I1013 15:28:59.256609 26983 thread.cpp:96] Thread 1048576 construct Actor kNormalForward 2199023255580
I1013 15:28:59.256670 26983 runtime_context.cpp:29] DecreaseCounter constructing_actor_cnt, current val is 296
I1013 15:28:59.256701 26966 naive_actor.cpp:25] actor 1099614388260 switch to &NaiveActor::HandlerNormal
I1013 15:28:59.256737 26966 thread.cpp:96] Thread 524337 construct Actor kSrcSubsetTick 1099614388260
I1013 15:28:59.256781 26966 runtime_context.cpp:29] DecreaseCounter constructing_actor_cnt, current val is 295
I1013 15:28:59.257009 26966 naive_actor.cpp:25] actor 1099614388259 switch to &NaiveActor::HandlerNormal
I1013 15:28:59.257050 26966 thread.cpp:96] Thread 524337 construct Actor kDeviceTick 1099614388259
I1013 15:28:59.257124 26966 runtime_context.cpp:29] DecreaseCounter constructing_actor_cnt, current val is 294
I1013 15:28:59.257359 26966 naive_actor.cpp:25] actor 1099614388263 switch to &NaiveActor::HandlerNormal
I1013 15:28:59.257403 26966 thread.cpp:96] Thread 524337 construct Actor kTick 1099614388263
I1013 15:28:59.257448 26966 runtime_context.cpp:29] DecreaseCounter constructing_actor_cnt, current val is 293
I1013 15:28:59.257448 26983 naive_actor.cpp:25] actor 2199023255579 switch to &NaiveActor::HandlerNormal
I1013 15:28:59.257516 26983 thread.cpp:96] Thread 1048576 construct Actor kNormalForward 2199023255579
I1013 15:28:59.257602 26983 runtime_context.cpp:29] DecreaseCounter constructing_actor_cnt, current val is 292
I1013 15:28:59.257723 26966 naive_actor.cpp:25] actor 1099614388310 switch to &NaiveActor::HandlerNormal
I1013 15:28:59.257763 26966 thread.cpp:96] Thread 524337 construct Actor kTick 1099614388310
I1013 15:28:59.257809 26966 runtime_context.cpp:29] DecreaseCounter constructing_actor_cnt, current val is 291
I1013 15:28:59.258035 26966 naive_actor.cpp:25] actor 1099614388265 switch to &NaiveActor::HandlerNormal
I1013 15:28:59.258078 26966 thread.cpp:96] Thread 524337 construct Actor kTick 1099614388265
I1013 15:28:59.258131 26966 runtime_context.cpp:29] DecreaseCounter constructing_actor_cnt, current val is 290
I1013 15:28:59.258356 26983 naive_actor.cpp:25] actor 2199023255622 switch to &NaiveActor::HandlerNormal
I1013 15:28:59.258364 26966 naive_actor.cpp:25] actor 1099614388266 switch to &NaiveActor::HandlerNormal
I1013 15:28:59.258405 26983 thread.cpp:96] Thread 1048576 construct Actor kNormalForward 2199023255622
I1013 15:28:59.258425 26966 thread.cpp:96] Thread 524337 construct Actor kTick 1099614388266
I1013 15:28:59.258494 26966 runtime_context.cpp:29] DecreaseCounter constructing_actor_cnt, current val is 289
I1013 15:28:59.258502 26983 runtime_context.cpp:29] DecreaseCounter constructing_actor_cnt, current val is 288
I1013 15:28:59.258881 26966 esac_actor.cpp:73] actor 1099614388313 switch to &EsacActor::HandlerNormal
I1013 15:28:59.258924 26966 thread.cpp:96] Thread 524337 construct Actor kEsac 1099614388313
I1013 15:28:59.258985 26966 runtime_context.cpp:29] DecreaseCounter constructing_actor_cnt, current val is 287
I1013 15:28:59.259176 26983 naive_actor.cpp:25] actor 2199023255590 switch to &NaiveActor::HandlerNormal
I1013 15:28:59.259222 26983 thread.cpp:96] Thread 1048576 construct Actor kNormalForward 2199023255590
I1013 15:28:59.259232 26966 naive_actor.cpp:25] actor 1099614388267 switch to &NaiveActor::HandlerNormal
I1013 15:28:59.259272 26966 thread.cpp:96] Thread 524337 construct Actor kDeviceTick 1099614388267
I1013 15:28:59.259291 26983 runtime_context.cpp:29] DecreaseCounter constructing_actor_cnt, current val is 286
I1013 15:28:59.259316 26966 runtime_context.cpp:29] DecreaseCounter constructing_actor_cnt, current val is 285
I1013 15:28:59.259542 26966 naive_actor.cpp:25] actor 1099614388268 switch to &NaiveActor::HandlerNormal
I1013 15:28:59.259552 26983 naive_actor.cpp:25] actor 2199023255566 switch to &NaiveActor::HandlerNormal
I1013 15:28:59.259598 26966 thread.cpp:96] Thread 524337 construct Actor kSrcSubsetTick 1099614388268
I1013 15:28:59.259624 26983 thread.cpp:96] Thread 1048576 construct Actor kNormalForward 2199023255566
I1013 15:28:59.259671 26966 runtime_context.cpp:29] DecreaseCounter constructing_actor_cnt, current val is 284
I1013 15:28:59.259686 26983 runtime_context.cpp:29] DecreaseCounter constructing_actor_cnt, current val is 283
I1013 15:28:59.259891 26966 naive_actor.cpp:25] actor 1099614388271 switch to &NaiveActor::HandlerNormal
I1013 15:28:59.259943 26966 thread.cpp:96] Thread 524337 construct Actor kTick 1099614388271
I1013 15:28:59.259985 26966 runtime_context.cpp:29] DecreaseCounter constructing_actor_cnt, current val is 282
I1013 15:28:59.260197 26966 naive_actor.cpp:25] actor 1099614388279 switch to &NaiveActor::HandlerNormal
I1013 15:28:59.260237 26966 thread.cpp:96] Thread 524337 construct Actor kTick 1099614388279
I1013 15:28:59.260360 26966 runtime_context.cpp:29] DecreaseCounter constructing_actor_cnt, current val is 281
I1013 15:28:59.260433 26983 naive_actor.cpp:25] actor 2199023255574 switch to &NaiveActor::HandlerNormal
I1013 15:28:59.260486 26983 thread.cpp:96] Thread 1048576 construct Actor kNormalForward 2199023255574
I1013 15:28:59.260560 26983 runtime_context.cpp:29] DecreaseCounter constructing_actor_cnt, current val is 280
I1013 15:28:59.260650 26966 naive_actor.cpp:25] actor 1099614388280 switch to &NaiveActor::HandlerNormal
I1013 15:28:59.260689 26966 thread.cpp:96] Thread 524337 construct Actor kDstSubsetTick 1099614388280
I1013 15:28:59.260743 26966 runtime_context.cpp:29] DecreaseCounter constructing_actor_cnt, current val is 279
I1013 15:28:59.260967 26966 naive_actor.cpp:25] actor 1099614388277 switch to &NaiveActor::HandlerNormal
I1013 15:28:59.261005 26966 thread.cpp:96] Thread 524337 construct Actor kSrcSubsetTick 1099614388277
I1013 15:28:59.261057 26966 runtime_context.cpp:29] DecreaseCounter constructing_actor_cnt, current val is 278
I1013 15:28:59.261276 26966 naive_actor.cpp:25] actor 1099614388282 switch to &NaiveActor::HandlerNormal
I1013 15:28:59.261314 26966 thread.cpp:96] Thread 524337 construct Actor kTick 1099614388282
I1013 15:28:59.261365 26966 runtime_context.cpp:29] DecreaseCounter constructing_actor_cnt, current val is 277
I1013 15:28:59.261391 26983 naive_actor.cpp:25] actor 2199023255554 switch to &NaiveActor::HandlerNormal
I1013 15:28:59.261435 26983 thread.cpp:96] Thread 1048576 construct Actor kNormalForward 2199023255554
I1013 15:28:59.261499 26983 runtime_context.cpp:29] DecreaseCounter constructing_actor_cnt, current val is 276
I1013 15:28:59.261605 26966 naive_actor.cpp:25] actor 1099614388318 switch to &NaiveActor::HandlerNormal
I1013 15:28:59.261642 26966 thread.cpp:96] Thread 524337 construct Actor kTick 1099614388318
I1013 15:28:59.261687 26966 runtime_context.cpp:29] DecreaseCounter constructing_actor_cnt, current val is 275
I1013 15:28:59.261912 26966 naive_actor.cpp:25] actor 1099614388275 switch to &NaiveActor::HandlerNormal
I1013 15:28:59.261952 26966 thread.cpp:96] Thread 524337 construct Actor kTick 1099614388275
I1013 15:28:59.262004 26966 runtime_context.cpp:29] DecreaseCounter constructing_actor_cnt, current val is 274
I1013 15:28:59.262179 26983 naive_actor.cpp:25] actor 2199023255575 switch to &NaiveActor::HandlerNormal
I1013 15:28:59.262228 26983 thread.cpp:96] Thread 1048576 construct Actor kNormalForward 2199023255575
I1013 15:28:59.262230 26966 naive_actor.cpp:25] actor 1099614388274 switch to &NaiveActor::HandlerNormal
I1013 15:28:59.262279 26966 thread.cpp:96] Thread 524337 construct Actor kTick 1099614388274
I1013 15:28:59.262297 26983 runtime_context.cpp:29] DecreaseCounter constructing_actor_cnt, current val is 273
I1013 15:28:59.262320 26966 runtime_context.cpp:29] DecreaseCounter constructing_actor_cnt, current val is 272
I1013 15:28:59.262527 26966 naive_actor.cpp:25] actor 1099614388273 switch to &NaiveActor::HandlerNormal
I1013 15:28:59.262575 26966 thread.cpp:96] Thread 524337 construct Actor kTick 1099614388273
I1013 15:28:59.262636 26966 runtime_context.cpp:29] DecreaseCounter constructing_actor_cnt, current val is 271
I1013 15:28:59.262840 26966 naive_actor.cpp:25] actor 1099614388281 switch to &NaiveActor::HandlerNormal
I1013 15:28:59.262881 26966 thread.cpp:96] Thread 524337 construct Actor kTick 1099614388281
I1013 15:28:59.262923 26966 runtime_context.cpp:29] DecreaseCounter constructing_actor_cnt, current val is 270
I1013 15:28:59.263056 26983 naive_actor.cpp:25] actor 2199023255569 switch to &NaiveActor::HandlerNormal
I1013 15:28:59.263098 26983 thread.cpp:96] Thread 1048576 construct Actor kNormalForward 2199023255569
I1013 15:28:59.263159 26983 runtime_context.cpp:29] DecreaseCounter constructing_actor_cnt, current val is 269
I1013 15:28:59.263172 26966 naive_actor.cpp:25] actor 1099614388272 switch to &NaiveActor::HandlerNormal
I1013 15:28:59.263206 26966 thread.cpp:96] Thread 524337 construct Actor kDstSubsetTick 1099614388272
I1013 15:28:59.263293 26966 runtime_context.cpp:29] DecreaseCounter constructing_actor_cnt, current val is 268
I1013 15:28:59.263525 26966 naive_actor.cpp:25] actor 1099614388287 switch to &NaiveActor::HandlerNormal
I1013 15:28:59.263576 26966 thread.cpp:96] Thread 524337 construct Actor kTick 1099614388287
I1013 15:28:59.263620 26966 runtime_context.cpp:29] DecreaseCounter constructing_actor_cnt, current val is 267
I1013 15:28:59.263842 26966 naive_actor.cpp:25] actor 1099614388300 switch to &NaiveActor::HandlerNormal
I1013 15:28:59.263882 26966 thread.cpp:96] Thread 524337 construct Actor kTick 1099614388300
I1013 15:28:59.263897 26983 naive_actor.cpp:25] actor 2199023255559 switch to &NaiveActor::HandlerNormal
I1013 15:28:59.263933 26966 runtime_context.cpp:29] DecreaseCounter constructing_actor_cnt, current val is 266
I1013 15:28:59.263934 26983 thread.cpp:96] Thread 1048576 construct Actor kNormalForward 2199023255559
I1013 15:28:59.264014 26983 runtime_context.cpp:29] DecreaseCounter constructing_actor_cnt, current val is 265
I1013 15:28:59.264166 26966 naive_actor.cpp:25] actor 1099614388290 switch to &NaiveActor::HandlerNormal
I1013 15:28:59.264206 26966 thread.cpp:96] Thread 524337 construct Actor kTick 1099614388290
I1013 15:28:59.264248 26966 runtime_context.cpp:29] DecreaseCounter constructing_actor_cnt, current val is 264
I1013 15:28:59.264292 26983 naive_actor.cpp:25] actor 2199023255581 switch to &NaiveActor::HandlerNormal
I1013 15:28:59.264333 26983 thread.cpp:96] Thread 1048576 construct Actor kNormalForward 2199023255581
I1013 15:28:59.264385 26983 runtime_context.cpp:29] DecreaseCounter constructing_actor_cnt, current val is 263
I1013 15:28:59.264477 26966 naive_actor.cpp:25] actor 1099614388289 switch to &NaiveActor::HandlerNormal
I1013 15:28:59.264515 26966 thread.cpp:96] Thread 524337 construct Actor kTick 1099614388289
I1013 15:28:59.264557 26966 runtime_context.cpp:29] DecreaseCounter constructing_actor_cnt, current val is 262
I1013 15:28:59.264809 26966 reentrant_lock_actor.cpp:76] actor 1099614388283 switch to &ReentrantLockActor::HandlerNormal
I1013 15:28:59.264860 26966 thread.cpp:96] Thread 524337 construct Actor kReentrantLock 1099614388283
I1013 15:28:59.264914 26966 runtime_context.cpp:29] DecreaseCounter constructing_actor_cnt, current val is 261
I1013 15:28:59.265137 26966 naive_actor.cpp:25] actor 1099614388296 switch to &NaiveActor::HandlerNormal
I1013 15:28:59.265177 26966 thread.cpp:96] Thread 524337 construct Actor kTick 1099614388296
I1013 15:28:59.265187 26983 naive_actor.cpp:25] actor 2199023255572 switch to &NaiveActor::HandlerNormal
I1013 15:28:59.265223 26983 thread.cpp:96] Thread 1048576 construct Actor kNormalForward 2199023255572
I1013 15:28:59.265226 26966 runtime_context.cpp:29] DecreaseCounter constructing_actor_cnt, current val is 260
I1013 15:28:59.265285 26983 runtime_context.cpp:29] DecreaseCounter constructing_actor_cnt, current val is 259
I1013 15:28:59.265461 26966 naive_actor.cpp:25] actor 1099614388292 switch to &NaiveActor::HandlerNormal
I1013 15:28:59.265501 26966 thread.cpp:96] Thread 524337 construct Actor kTick 1099614388292
I1013 15:28:59.265552 26966 runtime_context.cpp:29] DecreaseCounter constructing_actor_cnt, current val is 258
I1013 15:28:59.265786 26966 naive_actor.cpp:25] actor 1099614388299 switch to &NaiveActor::HandlerNormal
I1013 15:28:59.265826 26966 thread.cpp:96] Thread 524337 construct Actor kTick 1099614388299
I1013 15:28:59.265878 26966 runtime_context.cpp:29] DecreaseCounter constructing_actor_cnt, current val is 257
I1013 15:28:59.266094 26966 naive_actor.cpp:25] actor 1099614388294 switch to &NaiveActor::HandlerNormal
I1013 15:28:59.266134 26966 thread.cpp:96] Thread 524337 construct Actor kTick 1099614388294
I1013 15:28:59.266157 26983 naive_actor.cpp:25] actor 2199023255567 switch to &NaiveActor::HandlerNormal
I1013 15:28:59.266185 26966 runtime_context.cpp:29] DecreaseCounter constructing_actor_cnt, current val is 256
I1013 15:28:59.266189 26983 thread.cpp:96] Thread 1048576 construct Actor kNormalForward 2199023255567
I1013 15:28:59.266360 26983 runtime_context.cpp:29] DecreaseCounter constructing_actor_cnt, current val is 255
I1013 15:28:59.266414 26966 naive_actor.cpp:25] actor 1099614388293 switch to &NaiveActor::HandlerNormal
I1013 15:28:59.266451 26966 thread.cpp:96] Thread 524337 construct Actor kTick 1099614388293
I1013 15:28:59.266494 26966 runtime_context.cpp:29] DecreaseCounter constructing_actor_cnt, current val is 254
I1013 15:28:59.266721 26966 naive_actor.cpp:25] actor 1099614388295 switch to &NaiveActor::HandlerNormal
I1013 15:28:59.266759 26966 thread.cpp:96] Thread 524337 construct Actor kTick 1099614388295
I1013 15:28:59.266803 26966 runtime_context.cpp:29] DecreaseCounter constructing_actor_cnt, current val is 253
