Log file created at: 2021/10/14 10:31:34
Running on machine: oneflow-14
Log line format: [IWEF]mmdd hh:mm:ss.uuuuuu threadid file:line] msg
I1014 10:31:34.475402  2237 global.h:36] NewGlobal 14cudaDeviceProp
I1014 10:31:34.476327  2237 global.h:36] NewGlobal N7oneflow7EnvDescE
I1014 10:31:34.476344  2237 global.h:36] NewGlobal N7oneflow10ProcessCtxE
I1014 10:31:34.476352  2237 env_global_objects_scope.cpp:152] using rpc backend: local
I1014 10:31:34.476366  2237 global.h:36] NewGlobal N7oneflow12ResourceDescE
I1014 10:31:34.476373  2237 global.h:36] NewGlobal N7oneflow12ResourceDescE
I1014 10:31:34.549002  2237 global.h:36] NewGlobal N7oneflow10ThreadPoolE
I1014 10:31:34.550269  2237 global.h:36] NewGlobal N7oneflow16EagerNcclCommMgrE
I1014 10:31:34.550285  2237 global.h:36] NewGlobal N7oneflow18CudnnConvAlgoCacheE
I1014 10:31:34.550294  2237 global.h:36] NewGlobal N7oneflow2vm19VirtualMachineScopeE
I1014 10:31:34.550315  2237 global.h:36] NewGlobal N7oneflow9OneflowVME
I1014 10:31:34.551133  2237 oneflow_vm.cpp:75] transport stream type: N7oneflow2vm13CpuStreamTypeE
I1014 10:31:34.551149  2237 oneflow_vm.cpp:75] transport stream type: N7oneflow2vm14CudaStreamTypeE
I1014 10:31:34.551157  2237 oneflow_vm.cpp:75] transport stream type: N7oneflow2vm19AsyncCudaStreamTypeE
I1014 10:31:34.551317  2237 global.h:36] NewGlobal N7oneflow27EagerJobBuildAndInferCtxMgrE
I1014 10:31:34.551331  2237 global.h:36] NewGlobal N7oneflow12EpollCommNetE
I1014 10:31:34.551513  2237 epoll_comm_network.cpp:63] CommNet:Epoll listening on 0.0.0.0:39984
I1014 10:31:34.551558  2237 epoll_comm_network.cpp:197] machine 0 sockfd -1
I1014 10:31:34.551674  2237 global.h:36] NewGlobal N7oneflow9TransportE
I1014 10:31:34.553980  2237 global.h:43] DeleteGlobal N7oneflow12ResourceDescE
I1014 10:31:34.554006  2237 version.cpp:22] OneFlow git version: b295ca2324
I1014 10:31:34.554023  2237 device_register_gpu.cpp:56] CUDA runtime version: 11.2
I1014 10:31:34.554041  2237 device_register_gpu.cpp:65] cuDNN version: 8.1.1
I1014 10:31:34.554052  2237 device_register_gpu.cpp:78] NCCL version: 2.9.8
I1014 10:31:34.554060  2237 global.h:36] NewGlobal N7oneflow12ResourceDescE
I1014 10:31:34.554069  2237 global.h:36] NewGlobal N7oneflow5IDMgrE
I1014 10:31:34.554075  2237 global.h:36] NewGlobal N7oneflow16AvailableMemDescE
I1014 10:31:34.554131  2237 global.h:36] NewGlobal St13unordered_mapISslSt4hashISsESt8equal_toISsESaISt4pairIKSslEEE
I1014 10:31:34.554139  2237 global.h:36] NewGlobal N7oneflow19CriticalSectionDescE
I1014 10:31:34.554147  2237 global.h:36] NewGlobal N7oneflow16InterUserJobInfoE
I1014 10:31:34.554154  2237 global.h:36] NewGlobal N7oneflow26LazyJobBuildAndInferCtxMgrE
I1014 10:31:34.554162  2237 global.h:36] NewGlobal N7oneflow16JobSetCompileCtxE
I1014 10:31:34.554168  2237 global.h:36] NewGlobal N7oneflow26RuntimeBufferManagersScopeE
I1014 10:31:34.554176  2237 global.h:36] NewGlobal N7oneflow9BufferMgrIlEE
I1014 10:31:34.554183  2237 global.h:36] NewGlobal N7oneflow9BufferMgrISt10shared_ptrINS_11JobInstanceEEEE
I1014 10:31:34.554190  2237 global.h:36] NewGlobal N7oneflow10RuntimeCtxE
I1014 10:31:34.554196  2237 global.h:36] NewGlobal N7oneflow15MemoryAllocatorE
I1014 10:31:34.554203  2237 global.h:36] NewGlobal N7oneflow8ChunkMgrE
I1014 10:31:34.554210  2237 global.h:36] NewGlobal N7oneflow8RegstMgrE
I1014 10:31:34.554216  2237 global.h:36] NewGlobal N7oneflow11ActorMsgBusE
I1014 10:31:34.554224  2237 global.h:36] NewGlobal N7oneflow9ThreadMgrE
I1014 10:31:34.554230  2237 global.h:36] NewGlobal N7oneflow15RuntimeJobDescsE
I1014 10:31:34.554236  2237 global.h:36] NewGlobal N7oneflow7summary12EventsWriterE
I1014 10:31:34.554245  2237 global.h:36] NewGlobal N7oneflow6boxing10collective24CollectiveBoxingExecutorE
I1014 10:31:34.554252  2237 global.h:36] NewGlobal N7oneflow6boxing10collective31CollectiveBoxingDeviceCtxPollerE
I1014 10:31:34.554381  2237 session.h:77] NewGlobal N7oneflow25SessionGlobalObjectsScopeE
I1014 10:31:34.555297  2237 global.h:36] NewGlobal N7oneflow7JobDescE
I1014 10:31:35.168488  2237 global.h:43] DeleteGlobal N7oneflow7JobDescE
I1014 10:31:35.168773  2237 global.h:36] NewGlobal N7oneflow7JobDescE
I1014 10:31:35.173004  2237 global.h:36] NewGlobal N7oneflow7OpGraphE
I1014 10:31:35.179059  2237 global.h:43] DeleteGlobal N7oneflow7OpGraphE
I1014 10:31:35.376235  2237 global.h:43] DeleteGlobal N7oneflow7JobDescE
I1014 10:31:35.395339  2237 global.h:36] NewGlobal N7oneflow24InterJobReuseMemStrategyE
I1014 10:31:35.395424  2237 global.h:36] NewGlobal N7oneflow7OneflowE
I1014 10:31:35.408221  2237 global.h:36] NewGlobal N7oneflow7JobDescE
I1014 10:31:35.656250  2237 global.h:36] NewGlobal N7oneflow7OpGraphE
I1014 10:31:35.743855  2237 global.h:43] DeleteGlobal N7oneflow7OpGraphE
I1014 10:31:35.751996  2237 oneflow.cpp:210] 
job_id: 0 , job_name: train_job , compile time: 0.343679 seconds.
I1014 10:31:35.806789  2237 global.h:43] DeleteGlobal N7oneflow7JobDescE
I1014 10:31:35.807103  2237 global.h:36] NewGlobal N7oneflow7JobDescE
I1014 10:31:35.858829  2237 global.h:36] NewGlobal N7oneflow7OpGraphE
I1014 10:31:35.877012  2237 global.h:43] DeleteGlobal N7oneflow7OpGraphE
I1014 10:31:35.881155  2237 oneflow.cpp:210] 
job_id: 1 , job_name: System-ModelInit , compile time: 0.0737979 seconds.
I1014 10:31:35.893079  2237 global.h:43] DeleteGlobal N7oneflow7JobDescE
I1014 10:31:35.893129  2237 global.h:36] NewGlobal N7oneflow7JobDescE
I1014 10:31:35.938055  2237 global.h:36] NewGlobal N7oneflow7OpGraphE
I1014 10:31:35.955219  2237 global.h:43] DeleteGlobal N7oneflow7OpGraphE
I1014 10:31:35.959277  2237 oneflow.cpp:210] 
job_id: 2 , job_name: System-ModelLoad , compile time: 0.0661143 seconds.
I1014 10:31:35.971518  2237 global.h:43] DeleteGlobal N7oneflow7JobDescE
I1014 10:31:35.971546  2237 global.h:36] NewGlobal N7oneflow7JobDescE
I1014 10:31:36.019512  2237 global.h:36] NewGlobal N7oneflow7OpGraphE
I1014 10:31:36.036715  2237 global.h:43] DeleteGlobal N7oneflow7OpGraphE
I1014 10:31:36.040066  2237 oneflow.cpp:210] 
job_id: 3 , job_name: System-ModelSave , compile time: 0.0684759 seconds.
I1014 10:31:36.052104  2237 global.h:43] DeleteGlobal N7oneflow7JobDescE
I1014 10:31:36.052134  2237 global.h:36] NewGlobal N7oneflow7JobDescE
I1014 10:31:36.060905  2237 global.h:36] NewGlobal N7oneflow7OpGraphE
I1014 10:31:36.064458  2237 global.h:43] DeleteGlobal N7oneflow7OpGraphE
I1014 10:31:36.065819  2237 oneflow.cpp:210] 
job_id: 4 , job_name: System-Pull-Return_27 , compile time: 0.0136645 seconds.
I1014 10:31:36.069248  2237 global.h:43] DeleteGlobal N7oneflow7JobDescE
I1014 10:31:36.073936  2237 global.h:36] NewGlobal N7oneflow7JobDescE
I1014 10:31:36.073969  2237 global.h:36] NewGlobal N7oneflow7OpGraphE
I1014 10:31:36.079231  2237 global.h:43] DeleteGlobal N7oneflow7OpGraphE
I1014 10:31:36.081876  2237 oneflow.cpp:210] 
job_id: 5 , job_name: MainJob-unamed , compile time: 0.0079296 seconds.
I1014 10:31:36.088686  2237 global.h:43] DeleteGlobal N7oneflow7JobDescE
I1014 10:31:36.091536  2237 plan_util.cpp:928]  Plan: merged_plan needs to allocate [ 1393.14 MiB ] device memory in Rank: 0 , Device: 0
I1014 10:31:36.211207  2237 oneflow.cpp:998]  PushPlan merged_plan time: 0.0112886 seconds.
I1014 10:31:36.244004  2237 oneflow.cpp:1014]  PullPlan merged_plan time: 0.0284083 seconds.
I1014 10:31:39.654417  2237 runtime_context.cpp:21] NewCounter constructing_actor_cnt 435
I1014 10:31:39.655551  2991 naive_actor.cpp:25] actor 2199023255723 switch to &NaiveActor::HandlerNormal
I1014 10:31:39.655634  2991 thread.cpp:96] Thread 1048576 construct Actor kDeviceTick 2199023255723
I1014 10:31:39.655731  2987 naive_actor.cpp:25] actor 1099614388230 switch to &NaiveActor::HandlerNormal
I1014 10:31:39.655769  2991 runtime_context.cpp:29] DecreaseCounter constructing_actor_cnt, current val is 434
I1014 10:31:39.655807  2987 thread.cpp:96] Thread 524337 construct Actor kDeviceTick 1099614388230
I1014 10:31:39.656040  2988 wait_and_send_ids_actor.cpp:53] actor 1099616485376 switch to &WaitAndSendIdsActor::HandlerWaitToStart
I1014 10:31:39.656082  2987 runtime_context.cpp:29] DecreaseCounter constructing_actor_cnt, current val is 433
I1014 10:31:39.656148  2988 thread.cpp:96] Thread 524338 construct Actor kWaitAndSendIds 1099616485376
I1014 10:31:39.656157  2991 naive_actor.cpp:25] actor 2199023255762 switch to &NaiveActor::HandlerNormal
I1014 10:31:39.656275  2991 thread.cpp:96] Thread 1048576 construct Actor kDeviceTick 2199023255762
I1014 10:31:39.656337  2988 runtime_context.cpp:29] DecreaseCounter constructing_actor_cnt, current val is 432
I1014 10:31:39.656365  2991 runtime_context.cpp:29] DecreaseCounter constructing_actor_cnt, current val is 431
I1014 10:31:39.656435  2987 naive_actor.cpp:25] actor 1099614388237 switch to &NaiveActor::HandlerNormal
I1014 10:31:39.656494  2987 thread.cpp:96] Thread 524337 construct Actor kDeviceTick 1099614388237
I1014 10:31:39.656611  2987 runtime_context.cpp:29] DecreaseCounter constructing_actor_cnt, current val is 430
I1014 10:31:39.656646  2991 naive_actor.cpp:25] actor 2199023255801 switch to &NaiveActor::HandlerNormal
I1014 10:31:39.656679  2991 thread.cpp:96] Thread 1048576 construct Actor kDeviceTick 2199023255801
I1014 10:31:39.656750  2991 runtime_context.cpp:29] DecreaseCounter constructing_actor_cnt, current val is 429
I1014 10:31:39.656996  2987 naive_actor.cpp:25] actor 1099614388247 switch to &NaiveActor::HandlerNormal
I1014 10:31:39.657053  2987 thread.cpp:96] Thread 524337 construct Actor kDeviceTick 1099614388247
I1014 10:31:39.657096  2991 naive_actor.cpp:25] actor 2199023255840 switch to &NaiveActor::HandlerNormal
I1014 10:31:39.657130  2991 thread.cpp:96] Thread 1048576 construct Actor kDeviceTick 2199023255840
I1014 10:31:39.657147  2987 runtime_context.cpp:29] DecreaseCounter constructing_actor_cnt, current val is 428
I1014 10:31:39.657197  2991 runtime_context.cpp:29] DecreaseCounter constructing_actor_cnt, current val is 427
I1014 10:31:39.657450  2987 naive_actor.cpp:25] actor 1099614388256 switch to &NaiveActor::HandlerNormal
I1014 10:31:39.657486  2987 thread.cpp:96] Thread 524337 construct Actor kDeviceTick 1099614388256
I1014 10:31:39.657598  2987 runtime_context.cpp:29] DecreaseCounter constructing_actor_cnt, current val is 426
I1014 10:31:39.657852  2987 naive_actor.cpp:25] actor 1099614388265 switch to &NaiveActor::HandlerNormal
I1014 10:31:39.657886  2987 thread.cpp:96] Thread 524337 construct Actor kDeviceTick 1099614388265
I1014 10:31:39.657971  2987 runtime_context.cpp:29] DecreaseCounter constructing_actor_cnt, current val is 425
I1014 10:31:39.658215  2987 naive_actor.cpp:25] actor 1099614388273 switch to &NaiveActor::HandlerNormal
I1014 10:31:39.658248  2987 thread.cpp:96] Thread 524337 construct Actor kDeviceTick 1099614388273
I1014 10:31:39.658299  2987 runtime_context.cpp:29] DecreaseCounter constructing_actor_cnt, current val is 424
I1014 10:31:39.658533  2987 naive_actor.cpp:25] actor 1099614388280 switch to &NaiveActor::HandlerNormal
I1014 10:31:39.658577  2987 thread.cpp:96] Thread 524337 construct Actor kDeviceTick 1099614388280
I1014 10:31:39.658632  2987 runtime_context.cpp:29] DecreaseCounter constructing_actor_cnt, current val is 423
I1014 10:31:39.674288  2970 naive_actor.cpp:25] actor 1099561959424 switch to &NaiveActor::HandlerNormal
I1014 10:31:39.674419  2971 naive_actor.cpp:25] actor 1099564056576 switch to &NaiveActor::HandlerNormal
I1014 10:31:39.674456  2972 naive_actor.cpp:25] actor 1099566153728 switch to &NaiveActor::HandlerNormal
I1014 10:31:39.674615  2970 thread.cpp:96] Thread 524312 construct Actor kNormalForward 1099561959424
I1014 10:31:39.674790  2971 thread.cpp:96] Thread 524313 construct Actor kNormalForward 1099564056576
I1014 10:31:39.674930  2973 naive_actor.cpp:25] actor 1099568250880 switch to &NaiveActor::HandlerNormal
I1014 10:31:39.674938  2972 thread.cpp:96] Thread 524314 construct Actor kNormalForward 1099566153728
I1014 10:31:39.675123  2973 thread.cpp:96] Thread 524315 construct Actor kNormalForward 1099568250880
I1014 10:31:39.675156  2970 runtime_context.cpp:29] DecreaseCounter constructing_actor_cnt, current val is 422
I1014 10:31:39.675199  2972 runtime_context.cpp:29] DecreaseCounter constructing_actor_cnt, current val is 420
I1014 10:31:39.675176  2971 runtime_context.cpp:29] DecreaseCounter constructing_actor_cnt, current val is 421
I1014 10:31:39.675251  2973 runtime_context.cpp:29] DecreaseCounter constructing_actor_cnt, current val is 419
I1014 10:31:39.675602  2974 naive_actor.cpp:25] actor 1099570348032 switch to &NaiveActor::HandlerNormal
I1014 10:31:39.675614  2975 naive_actor.cpp:25] actor 1099572445184 switch to &NaiveActor::HandlerNormal
I1014 10:31:39.676214  2987 naive_actor.cpp:25] actor 1099614388243 switch to &NaiveActor::HandlerNormal
I1014 10:31:39.676281  2956 naive_actor.cpp:25] actor 1099532599296 switch to &NaiveActor::HandlerNormal
I1014 10:31:39.675674  2953 naive_actor.cpp:25] actor 1099526307840 switch to &NaiveActor::HandlerNormal
I1014 10:31:39.675729  2984 naive_actor.cpp:25] actor 1099591319552 switch to &NaiveActor::HandlerNormal
I1014 10:31:39.675818  2986 naive_actor.cpp:25] actor 1099595513856 switch to &NaiveActor::HandlerNormal
I1014 10:31:39.675921  2961 naive_actor.cpp:25] actor 1099543085056 switch to &NaiveActor::HandlerNormal
I1014 10:31:39.675961  2951 naive_actor.cpp:25] actor 1099522113536 switch to &NaiveActor::HandlerNormal
I1014 10:31:39.675976  2989 sink_actor.cpp:21] actor 1099618582528 switch to &SinkActor::HandlerNormal
I1014 10:31:39.676035  2979 naive_actor.cpp:25] actor 1099580833792 switch to &NaiveActor::HandlerNormal
I1014 10:31:39.676039  2958 naive_actor.cpp:25] actor 1099536793600 switch to &NaiveActor::HandlerNormal
I1014 10:31:39.676997  2958 thread.cpp:96] Thread 524300 construct Actor kNormalForward 1099536793600
I1014 10:31:39.676079  2959 naive_actor.cpp:25] actor 1099538890752 switch to &NaiveActor::HandlerNormal
I1014 10:31:39.676156  2974 thread.cpp:96] Thread 524316 construct Actor kNormalForward 1099570348032
I1014 10:31:39.676231  2975 thread.cpp:96] Thread 524317 construct Actor kNormalForward 1099572445184
I1014 10:31:39.676236  2983 naive_actor.cpp:25] actor 1099589222400 switch to &NaiveActor::HandlerNormal
I1014 10:31:39.677309  2975 runtime_context.cpp:29] DecreaseCounter constructing_actor_cnt, current val is 416
I1014 10:31:39.677325  2983 thread.cpp:96] Thread 524325 construct Actor kNormalForward 1099589222400
I1014 10:31:39.676249  2952 naive_actor.cpp:25] actor 1099524210688 switch to &NaiveActor::HandlerNormal
I1014 10:31:39.677407  2952 thread.cpp:96] Thread 524294 construct Actor kNormalForward 1099524210688
I1014 10:31:39.676278  2978 naive_actor.cpp:25] actor 1099578736640 switch to &NaiveActor::HandlerNormal
I1014 10:31:39.677505  2952 runtime_context.cpp:29] DecreaseCounter constructing_actor_cnt, current val is 414
I1014 10:31:39.676259  2981 naive_actor.cpp:25] actor 1099585028096 switch to &NaiveActor::HandlerNormal
I1014 10:31:39.676306  2969 naive_actor.cpp:25] actor 1099559862272 switch to &NaiveActor::HandlerNormal
I1014 10:31:39.676314  2987 thread.cpp:96] Thread 524337 construct Actor kTick 1099614388243
I1014 10:31:39.676319  2967 naive_actor.cpp:25] actor 1099555667968 switch to &NaiveActor::HandlerNormal
I1014 10:31:39.676342  2968 naive_actor.cpp:25] actor 1099557765120 switch to &NaiveActor::HandlerNormal
I1014 10:31:39.676345  2995 naive_actor.cpp:25] actor 2199027449856 switch to &NaiveActor::HandlerNormal
I1014 10:31:39.677992  2995 thread.cpp:96] Thread 1048578 construct Actor kCopyHd 2199027449856
I1014 10:31:39.676448  2956 thread.cpp:96] Thread 524298 construct Actor kNormalForward 1099532599296
I1014 10:31:39.676514  2953 thread.cpp:96] Thread 524295 construct Actor kNormalForward 1099526307840
I1014 10:31:39.676542  2955 naive_actor.cpp:25] actor 1099530502144 switch to &NaiveActor::HandlerNormal
I1014 10:31:39.678220  2956 runtime_context.cpp:29] DecreaseCounter constructing_actor_cnt, current val is 411
I1014 10:31:39.676578  2991 naive_actor.cpp:25] actor 2199023255553 switch to &NaiveActor::HandlerNormal
I1014 10:31:39.676625  2986 thread.cpp:96] Thread 524328 construct Actor kForeignOutput 1099595513856
I1014 10:31:39.676658  2961 thread.cpp:96] Thread 524303 construct Actor kNormalForward 1099543085056
I1014 10:31:39.676649  2982 naive_actor.cpp:25] actor 1099587125248 switch to &NaiveActor::HandlerNormal
I1014 10:31:39.676651  2980 naive_actor.cpp:25] actor 1099582930944 switch to &NaiveActor::HandlerNormal
I1014 10:31:39.678447  2982 thread.cpp:96] Thread 524324 construct Actor kForeignInput 1099587125248
I1014 10:31:39.676705  2951 thread.cpp:96] Thread 524293 construct Actor kNormalForward 1099522113536
I1014 10:31:39.678531  2982 runtime_context.cpp:29] DecreaseCounter constructing_actor_cnt, current val is 407
I1014 10:31:39.676718  2993 naive_actor.cpp:25] actor 2199025352705 switch to &NaiveActor::HandlerNormal
I1014 10:31:39.676797  2989 thread.cpp:96] Thread 524339 construct Actor kCallbackNotify 1099618582528
I1014 10:31:39.678596  2993 thread.cpp:96] Thread 1048577 construct Actor kSliceBoxing 2199025352705
I1014 10:31:39.676928  2979 thread.cpp:96] Thread 524321 construct Actor kForeignInput 1099580833792
I1014 10:31:39.676949  2966 naive_actor.cpp:25] actor 1099553570816 switch to &NaiveActor::HandlerNormal
I1014 10:31:39.678772  2979 runtime_context.cpp:29] DecreaseCounter constructing_actor_cnt, current val is 403
I1014 10:31:39.676052  2976 naive_actor.cpp:25] actor 1099574542336 switch to &NaiveActor::HandlerNormal
I1014 10:31:39.677094  2959 thread.cpp:96] Thread 524301 construct Actor kNormalForward 1099538890752
I1014 10:31:39.677124  2958 runtime_context.cpp:29] DecreaseCounter constructing_actor_cnt, current val is 418
I1014 10:31:39.677142  2965 naive_actor.cpp:25] actor 1099551473664 switch to &NaiveActor::HandlerNormal
I1014 10:31:39.677276  2974 runtime_context.cpp:29] DecreaseCounter constructing_actor_cnt, current val is 417
I1014 10:31:39.676245  2960 naive_actor.cpp:25] actor 1099540987904 switch to &NaiveActor::HandlerNormal
I1014 10:31:39.679272  2960 thread.cpp:96] Thread 524302 construct Actor kNormalForward 1099540987904
I1014 10:31:39.677421  2983 runtime_context.cpp:29] DecreaseCounter constructing_actor_cnt, current val is 415
I1014 10:31:39.679371  2960 runtime_context.cpp:29] DecreaseCounter constructing_actor_cnt, current val is 401
I1014 10:31:39.677511  2978 thread.cpp:96] Thread 524320 construct Actor kNormalForward 1099578736640
I1014 10:31:39.675673  2950 naive_actor.cpp:25] actor 1099520016384 switch to &NaiveActor::HandlerNormal
I1014 10:31:39.677681  2964 naive_actor.cpp:25] actor 1099549376512 switch to &NaiveActor::HandlerNormal
I1014 10:31:39.677695  2981 thread.cpp:96] Thread 524323 construct Actor kNormalForward 1099585028096
I1014 10:31:39.677743  2969 thread.cpp:96] Thread 524311 construct Actor kNormalForward 1099559862272
I1014 10:31:39.677851  2987 runtime_context.cpp:29] DecreaseCounter constructing_actor_cnt, current val is 413
I1014 10:31:39.677886  2967 thread.cpp:96] Thread 524309 construct Actor kNormalForward 1099555667968
I1014 10:31:39.677908  2968 thread.cpp:96] Thread 524310 construct Actor kNormalForward 1099557765120
I1014 10:31:39.676404  2954 naive_actor.cpp:25] actor 1099528404992 switch to &NaiveActor::HandlerNormal
I1014 10:31:39.680119  2954 thread.cpp:96] Thread 524296 construct Actor kNormalForward 1099528404992
I1014 10:31:39.676550  2984 thread.cpp:96] Thread 524326 construct Actor kNormalForward 1099591319552
I1014 10:31:39.678226  2955 thread.cpp:96] Thread 524297 construct Actor kNormalForward 1099530502144
I1014 10:31:39.680299  2984 runtime_context.cpp:29] DecreaseCounter constructing_actor_cnt, current val is 394
I1014 10:31:39.680348  2987 naive_actor.cpp:25] actor 1099614388229 switch to &NaiveActor::HandlerNormal
I1014 10:31:39.678373  2986 runtime_context.cpp:29] DecreaseCounter constructing_actor_cnt, current val is 409
I1014 10:31:39.678416  2961 runtime_context.cpp:29] DecreaseCounter constructing_actor_cnt, current val is 408
I1014 10:31:39.678468  2980 thread.cpp:96] Thread 524322 construct Actor kNormalForward 1099582930944
I1014 10:31:39.676662  2957 naive_actor.cpp:25] actor 1099534696448 switch to &NaiveActor::HandlerNormal
I1014 10:31:39.676719  2962 naive_actor.cpp:25] actor 1099545182208 switch to &NaiveActor::HandlerNormal
I1014 10:31:39.678593  2951 runtime_context.cpp:29] DecreaseCounter constructing_actor_cnt, current val is 406
I1014 10:31:39.678648  2989 runtime_context.cpp:29] DecreaseCounter constructing_actor_cnt, current val is 405
I1014 10:31:39.678666  2993 runtime_context.cpp:29] DecreaseCounter constructing_actor_cnt, current val is 404
I1014 10:31:39.676995  2963 naive_actor.cpp:25] actor 1099547279360 switch to &NaiveActor::HandlerNormal
I1014 10:31:39.681035  2963 thread.cpp:96] Thread 524305 construct Actor kNormalForward 1099547279360
I1014 10:31:39.678980  2976 thread.cpp:96] Thread 524318 construct Actor kForeignInput 1099574542336
I1014 10:31:39.679083  2959 runtime_context.cpp:29] DecreaseCounter constructing_actor_cnt, current val is 402
I1014 10:31:39.681269  2976 runtime_context.cpp:29] DecreaseCounter constructing_actor_cnt, current val is 390
I1014 10:31:39.675681  2977 naive_actor.cpp:25] actor 1099576639488 switch to &NaiveActor::HandlerNormal
I1014 10:31:39.676250  2985 naive_actor.cpp:25] actor 1099593416704 switch to &NaiveActor::HandlerNormal
I1014 10:31:39.679484  2978 runtime_context.cpp:29] DecreaseCounter constructing_actor_cnt, current val is 400
I1014 10:31:39.679504  2950 thread.cpp:96] Thread 524292 construct Actor kNormalForward 1099520016384
I1014 10:31:39.679589  2964 thread.cpp:96] Thread 524306 construct Actor kNormalForward 1099549376512
I1014 10:31:39.681679  2950 runtime_context.cpp:29] DecreaseCounter constructing_actor_cnt, current val is 389
I1014 10:31:39.681747  2964 runtime_context.cpp:29] DecreaseCounter constructing_actor_cnt, current val is 388
I1014 10:31:39.678068  2995 runtime_context.cpp:29] DecreaseCounter constructing_actor_cnt, current val is 412
I1014 10:31:39.680143  2967 runtime_context.cpp:29] DecreaseCounter constructing_actor_cnt, current val is 397
I1014 10:31:39.680163  2968 runtime_context.cpp:29] DecreaseCounter constructing_actor_cnt, current val is 396
I1014 10:31:39.680240  2954 runtime_context.cpp:29] DecreaseCounter constructing_actor_cnt, current val is 395
I1014 10:31:39.678246  2953 runtime_context.cpp:29] DecreaseCounter constructing_actor_cnt, current val is 410
I1014 10:31:39.678329  2991 thread.cpp:96] Thread 1048576 construct Actor kNormalForward 2199023255553
I1014 10:31:39.680382  2955 runtime_context.cpp:29] DecreaseCounter constructing_actor_cnt, current val is 393
I1014 10:31:39.680419  2987 thread.cpp:96] Thread 524337 construct Actor kSrcSubsetTick 1099614388229
I1014 10:31:39.680630  2980 runtime_context.cpp:29] DecreaseCounter constructing_actor_cnt, current val is 392
I1014 10:31:39.680639  2957 thread.cpp:96] Thread 524299 construct Actor kNormalForward 1099534696448
I1014 10:31:39.680694  2962 thread.cpp:96] Thread 524304 construct Actor kNormalForward 1099545182208
I1014 10:31:39.682461  2957 runtime_context.cpp:29] DecreaseCounter constructing_actor_cnt, current val is 385
I1014 10:31:39.682508  2962 runtime_context.cpp:29] DecreaseCounter constructing_actor_cnt, current val is 384
I1014 10:31:39.679123  2965 thread.cpp:96] Thread 524307 construct Actor kNormalForward 1099551473664
I1014 10:31:39.681406  2993 naive_actor.cpp:25] actor 2199025352708 switch to &NaiveActor::HandlerNormal
I1014 10:31:39.681466  2977 thread.cpp:96] Thread 524319 construct Actor kNormalForward 1099576639488
I1014 10:31:39.681519  2985 thread.cpp:96] Thread 524327 construct Actor kNormalForward 1099593416704
I1014 10:31:39.679692  2981 runtime_context.cpp:29] DecreaseCounter constructing_actor_cnt, current val is 399
I1014 10:31:39.682847  2977 runtime_context.cpp:29] DecreaseCounter constructing_actor_cnt, current val is 382
I1014 10:31:39.679904  2969 runtime_context.cpp:29] DecreaseCounter constructing_actor_cnt, current val is 398
I1014 10:31:39.682384  2987 runtime_context.cpp:29] DecreaseCounter constructing_actor_cnt, current val is 386
I1014 10:31:39.678792  2966 thread.cpp:96] Thread 524308 construct Actor kNormalForward 1099553570816
I1014 10:31:39.681160  2963 runtime_context.cpp:29] DecreaseCounter constructing_actor_cnt, current val is 391
I1014 10:31:39.682672  2993 thread.cpp:96] Thread 1048577 construct Actor kSliceBoxing 2199025352708
I1014 10:31:39.682708  2965 runtime_context.cpp:29] DecreaseCounter constructing_actor_cnt, current val is 383
I1014 10:31:39.682873  2985 runtime_context.cpp:29] DecreaseCounter constructing_actor_cnt, current val is 381
I1014 10:31:39.682261  2991 runtime_context.cpp:29] DecreaseCounter constructing_actor_cnt, current val is 387
I1014 10:31:39.683318  2966 runtime_context.cpp:29] DecreaseCounter constructing_actor_cnt, current val is 380
I1014 10:31:39.683385  2993 runtime_context.cpp:29] DecreaseCounter constructing_actor_cnt, current val is 379
I1014 10:31:39.683502  2987 naive_actor.cpp:25] actor 1099614388236 switch to &NaiveActor::HandlerNormal
I1014 10:31:39.683745  2987 thread.cpp:96] Thread 524337 construct Actor kTick 1099614388236
I1014 10:31:39.683837  2987 runtime_context.cpp:29] DecreaseCounter constructing_actor_cnt, current val is 378
I1014 10:31:39.683841  2993 naive_actor.cpp:25] actor 2199025352706 switch to &NaiveActor::HandlerNormal
I1014 10:31:39.683933  2993 thread.cpp:96] Thread 1048577 construct Actor kCopyHd 2199025352706
I1014 10:31:39.683980  2991 naive_actor.cpp:25] actor 2199023255569 switch to &NaiveActor::HandlerNormal
I1014 10:31:39.683990  2993 runtime_context.cpp:29] DecreaseCounter constructing_actor_cnt, current val is 377
I1014 10:31:39.684041  2991 thread.cpp:96] Thread 1048576 construct Actor kNormalForward 2199023255569
I1014 10:31:39.684134  2991 runtime_context.cpp:29] DecreaseCounter constructing_actor_cnt, current val is 376
I1014 10:31:39.684279  2987 naive_actor.cpp:25] actor 1099614388235 switch to &NaiveActor::HandlerNormal
I1014 10:31:39.684350  2987 thread.cpp:96] Thread 524337 construct Actor kTick 1099614388235
I1014 10:31:39.684392  2993 naive_actor.cpp:25] actor 2199025352704 switch to &NaiveActor::HandlerNormal
I1014 10:31:39.684427  2987 runtime_context.cpp:29] DecreaseCounter constructing_actor_cnt, current val is 375
I1014 10:31:39.684435  2993 thread.cpp:96] Thread 1048577 construct Actor kSliceBoxing 2199025352704
I1014 10:31:39.684432  2991 naive_actor.cpp:25] actor 2199023255571 switch to &NaiveActor::HandlerNormal
I1014 10:31:39.684546  2993 runtime_context.cpp:29] DecreaseCounter constructing_actor_cnt, current val is 374
I1014 10:31:39.684553  2991 thread.cpp:96] Thread 1048576 construct Actor kNormalForward 2199023255571
I1014 10:31:39.684659  2991 runtime_context.cpp:29] DecreaseCounter constructing_actor_cnt, current val is 373
I1014 10:31:39.684846  2993 naive_actor.cpp:25] actor 2199025352707 switch to &NaiveActor::HandlerNormal
I1014 10:31:39.684900  2993 thread.cpp:96] Thread 1048577 construct Actor kSliceBoxing 2199025352707
I1014 10:31:39.684934  2987 naive_actor.cpp:25] actor 1099614388225 switch to &NaiveActor::HandlerNormal
I1014 10:31:39.684962  2993 runtime_context.cpp:29] DecreaseCounter constructing_actor_cnt, current val is 372
I1014 10:31:39.684994  2987 thread.cpp:96] Thread 524337 construct Actor kDeviceTick 1099614388225
I1014 10:31:39.685137  2987 runtime_context.cpp:29] DecreaseCounter constructing_actor_cnt, current val is 371
I1014 10:31:39.685199  2993 naive_actor.cpp:25] actor 2199025352709 switch to &NaiveActor::HandlerNormal
I1014 10:31:39.685248  2993 thread.cpp:96] Thread 1048577 construct Actor kCopyHd 2199025352709
I1014 10:31:39.685286  2993 runtime_context.cpp:29] DecreaseCounter constructing_actor_cnt, current val is 370
I1014 10:31:39.685490  2993 naive_actor.cpp:25] actor 2199025352710 switch to &NaiveActor::HandlerNormal
I1014 10:31:39.685539  2993 thread.cpp:96] Thread 1048577 construct Actor kCopyHd 2199025352710
I1014 10:31:39.685587  2987 naive_actor.cpp:25] actor 1099614388227 switch to &NaiveActor::HandlerNormal
I1014 10:31:39.685600  2993 runtime_context.cpp:29] DecreaseCounter constructing_actor_cnt, current val is 369
I1014 10:31:39.685670  2991 naive_actor.cpp:25] actor 2199023255617 switch to &NaiveActor::HandlerNormal
I1014 10:31:39.685647  2987 thread.cpp:96] Thread 524337 construct Actor kDeviceTick 1099614388227
I1014 10:31:39.685717  2991 thread.cpp:96] Thread 1048576 construct Actor kNormalForward 2199023255617
I1014 10:31:39.685796  2987 runtime_context.cpp:29] DecreaseCounter constructing_actor_cnt, current val is 368
I1014 10:31:39.685838  2991 runtime_context.cpp:29] DecreaseCounter constructing_actor_cnt, current val is 367
I1014 10:31:39.686221  2987 naive_actor.cpp:25] actor 1099614388241 switch to &NaiveActor::HandlerNormal
I1014 10:31:39.686286  2987 thread.cpp:96] Thread 524337 construct Actor kDstSubsetTick 1099614388241
I1014 10:31:39.686368  2987 runtime_context.cpp:29] DecreaseCounter constructing_actor_cnt, current val is 366
I1014 10:31:39.686766  2987 naive_actor.cpp:25] actor 1099614388240 switch to &NaiveActor::HandlerNormal
I1014 10:31:39.686827  2987 thread.cpp:96] Thread 524337 construct Actor kTick 1099614388240
I1014 10:31:39.686899  2987 runtime_context.cpp:29] DecreaseCounter constructing_actor_cnt, current val is 365
I1014 10:31:39.687320  2987 naive_actor.cpp:25] actor 1099614388233 switch to &NaiveActor::HandlerNormal
I1014 10:31:39.687381  2987 thread.cpp:96] Thread 524337 construct Actor kDstSubsetTick 1099614388233
I1014 10:31:39.687460  2987 runtime_context.cpp:29] DecreaseCounter constructing_actor_cnt, current val is 364
I1014 10:31:39.687832  2991 naive_actor.cpp:25] actor 2199023255567 switch to &NaiveActor::HandlerNormal
I1014 10:31:39.687878  2987 naive_actor.cpp:25] actor 1099614388224 switch to &NaiveActor::HandlerNormal
I1014 10:31:39.687886  2991 thread.cpp:96] Thread 1048576 construct Actor kNormalForward 2199023255567
I1014 10:31:39.687935  2987 thread.cpp:96] Thread 524337 construct Actor kDeviceTick 1099614388224
I1014 10:31:39.688001  2991 runtime_context.cpp:29] DecreaseCounter constructing_actor_cnt, current val is 363
I1014 10:31:39.688055  2987 runtime_context.cpp:29] DecreaseCounter constructing_actor_cnt, current val is 362
I1014 10:31:39.688491  2987 naive_actor.cpp:25] actor 1099614388238 switch to &NaiveActor::HandlerNormal
I1014 10:31:39.688549  2987 thread.cpp:96] Thread 524337 construct Actor kSrcSubsetTick 1099614388238
I1014 10:31:39.688632  2987 runtime_context.cpp:29] DecreaseCounter constructing_actor_cnt, current val is 361
I1014 10:31:39.688890  2991 naive_actor.cpp:25] actor 2199023255556 switch to &NaiveActor::HandlerNormal
I1014 10:31:39.688941  2991 thread.cpp:96] Thread 1048576 construct Actor kNormalForward 2199023255556
I1014 10:31:39.689011  2991 runtime_context.cpp:29] DecreaseCounter constructing_actor_cnt, current val is 360
I1014 10:31:39.689225  2987 esac_actor.cpp:73] actor 1099614388325 switch to &EsacActor::HandlerNormal
I1014 10:31:39.689286  2987 thread.cpp:96] Thread 524337 construct Actor kEsac 1099614388325
I1014 10:31:39.689380  2987 runtime_context.cpp:29] DecreaseCounter constructing_actor_cnt, current val is 359
I1014 10:31:39.689816  2987 naive_actor.cpp:25] actor 1099614388320 switch to &NaiveActor::HandlerNormal
I1014 10:31:39.689873  2987 thread.cpp:96] Thread 524337 construct Actor kTick 1099614388320
I1014 10:31:39.689877  2991 naive_actor.cpp:25] actor 2199023255615 switch to &NaiveActor::HandlerNormal
I1014 10:31:39.689966  2987 runtime_context.cpp:29] DecreaseCounter constructing_actor_cnt, current val is 358
I1014 10:31:39.689970  2991 thread.cpp:96] Thread 1048576 construct Actor kNormalForward 2199023255615
I1014 10:31:39.690083  2991 runtime_context.cpp:29] DecreaseCounter constructing_actor_cnt, current val is 357
I1014 10:31:39.690382  2987 naive_actor.cpp:25] actor 1099614388242 switch to &NaiveActor::HandlerNormal
I1014 10:31:39.690443  2987 thread.cpp:96] Thread 524337 construct Actor kTick 1099614388242
I1014 10:31:39.690505  2987 runtime_context.cpp:29] DecreaseCounter constructing_actor_cnt, current val is 356
I1014 10:31:39.690878  2987 naive_actor.cpp:25] actor 1099614388234 switch to &NaiveActor::HandlerNormal
I1014 10:31:39.690938  2987 thread.cpp:96] Thread 524337 construct Actor kTick 1099614388234
I1014 10:31:39.691012  2987 runtime_context.cpp:29] DecreaseCounter constructing_actor_cnt, current val is 355
I1014 10:31:39.691149  2991 naive_actor.cpp:25] actor 2199023255568 switch to &NaiveActor::HandlerNormal
I1014 10:31:39.691210  2991 thread.cpp:96] Thread 1048576 construct Actor kNormalForward 2199023255568
I1014 10:31:39.691282  2991 runtime_context.cpp:29] DecreaseCounter constructing_actor_cnt, current val is 354
I1014 10:31:39.691488  2987 naive_actor.cpp:25] actor 1099614388228 switch to &NaiveActor::HandlerNormal
I1014 10:31:39.691550  2987 thread.cpp:96] Thread 524337 construct Actor kDeviceTick 1099614388228
I1014 10:31:39.691622  2991 naive_actor.cpp:25] actor 2199023255562 switch to &NaiveActor::HandlerNormal
I1014 10:31:39.691632  2987 runtime_context.cpp:29] DecreaseCounter constructing_actor_cnt, current val is 353
I1014 10:31:39.691680  2991 thread.cpp:96] Thread 1048576 construct Actor kNormalForward 2199023255562
I1014 10:31:39.691787  2991 runtime_context.cpp:29] DecreaseCounter constructing_actor_cnt, current val is 352
I1014 10:31:39.692117  2987 naive_actor.cpp:25] actor 1099614388232 switch to &NaiveActor::HandlerNormal
I1014 10:31:39.692181  2987 thread.cpp:96] Thread 524337 construct Actor kTick 1099614388232
I1014 10:31:39.692273  2987 runtime_context.cpp:29] DecreaseCounter constructing_actor_cnt, current val is 351
I1014 10:31:39.692708  2991 naive_actor.cpp:25] actor 2199023255570 switch to &NaiveActor::HandlerNormal
I1014 10:31:39.692762  2991 thread.cpp:96] Thread 1048576 construct Actor kNormalForward 2199023255570
I1014 10:31:39.692759  2987 naive_actor.cpp:25] actor 1099614388226 switch to &NaiveActor::HandlerNormal
I1014 10:31:39.692839  2991 runtime_context.cpp:29] DecreaseCounter constructing_actor_cnt, current val is 350
I1014 10:31:39.692859  2987 thread.cpp:96] Thread 524337 construct Actor kDeviceTick 1099614388226
I1014 10:31:39.692986  2987 runtime_context.cpp:29] DecreaseCounter constructing_actor_cnt, current val is 349
I1014 10:31:39.693481  2987 naive_actor.cpp:25] actor 1099614388244 switch to &NaiveActor::HandlerNormal
I1014 10:31:39.693543  2987 thread.cpp:96] Thread 524337 construct Actor kTick 1099614388244
I1014 10:31:39.693635  2987 runtime_context.cpp:29] DecreaseCounter constructing_actor_cnt, current val is 348
I1014 10:31:39.693835  2991 naive_actor.cpp:25] actor 2199023255575 switch to &NaiveActor::HandlerNormal
I1014 10:31:39.693907  2991 thread.cpp:96] Thread 1048576 construct Actor kNormalForward 2199023255575
I1014 10:31:39.693990  2991 runtime_context.cpp:29] DecreaseCounter constructing_actor_cnt, current val is 347
I1014 10:31:39.694092  2987 naive_actor.cpp:25] actor 1099614388245 switch to &NaiveActor::HandlerNormal
I1014 10:31:39.694152  2987 thread.cpp:96] Thread 524337 construct Actor kDeviceTick 1099614388245
I1014 10:31:39.694249  2987 runtime_context.cpp:29] DecreaseCounter constructing_actor_cnt, current val is 346
I1014 10:31:39.694389  2991 naive_actor.cpp:25] actor 2199023255558 switch to &NaiveActor::HandlerNormal
I1014 10:31:39.694449  2991 thread.cpp:96] Thread 1048576 construct Actor kNormalForward 2199023255558
I1014 10:31:39.694522  2991 runtime_context.cpp:29] DecreaseCounter constructing_actor_cnt, current val is 345
I1014 10:31:39.694661  2987 naive_actor.cpp:25] actor 1099614388323 switch to &NaiveActor::HandlerNormal
I1014 10:31:39.694725  2987 thread.cpp:96] Thread 524337 construct Actor kTick 1099614388323
I1014 10:31:39.694833  2987 runtime_context.cpp:29] DecreaseCounter constructing_actor_cnt, current val is 344
I1014 10:31:39.695240  2987 naive_actor.cpp:25] actor 1099614388249 switch to &NaiveActor::HandlerNormal
I1014 10:31:39.695299  2987 thread.cpp:96] Thread 524337 construct Actor kTick 1099614388249
I1014 10:31:39.695384  2987 runtime_context.cpp:29] DecreaseCounter constructing_actor_cnt, current val is 343
I1014 10:31:39.695850  2987 naive_actor.cpp:25] actor 1099614388246 switch to &NaiveActor::HandlerNormal
I1014 10:31:39.695914  2987 thread.cpp:96] Thread 524337 construct Actor kSrcSubsetTick 1099614388246
I1014 10:31:39.695986  2991 naive_actor.cpp:25] actor 2199023255574 switch to &NaiveActor::HandlerNormal
I1014 10:31:39.695996  2987 runtime_context.cpp:29] DecreaseCounter constructing_actor_cnt, current val is 342
I1014 10:31:39.696053  2991 thread.cpp:96] Thread 1048576 construct Actor kNormalForward 2199023255574
I1014 10:31:39.696215  2991 runtime_context.cpp:29] DecreaseCounter constructing_actor_cnt, current val is 341
I1014 10:31:39.696518  2987 naive_actor.cpp:25] actor 1099614388252 switch to &NaiveActor::HandlerNormal
I1014 10:31:39.696589  2987 thread.cpp:96] Thread 524337 construct Actor kTick 1099614388252
I1014 10:31:39.696684  2987 runtime_context.cpp:29] DecreaseCounter constructing_actor_cnt, current val is 340
I1014 10:31:39.697135  2991 naive_actor.cpp:25] actor 2199023255566 switch to &NaiveActor::HandlerNormal
I1014 10:31:39.697139  2987 naive_actor.cpp:25] actor 1099614388250 switch to &NaiveActor::HandlerNormal
I1014 10:31:39.697263  2987 thread.cpp:96] Thread 524337 construct Actor kDstSubsetTick 1099614388250
I1014 10:31:39.697208  2991 thread.cpp:96] Thread 1048576 construct Actor kNormalForward 2199023255566
I1014 10:31:39.697364  2987 runtime_context.cpp:29] DecreaseCounter constructing_actor_cnt, current val is 339
I1014 10:31:39.697394  2991 runtime_context.cpp:29] DecreaseCounter constructing_actor_cnt, current val is 338
I1014 10:31:39.697791  2987 naive_actor.cpp:25] actor 1099614388251 switch to &NaiveActor::HandlerNormal
I1014 10:31:39.697854  2987 thread.cpp:96] Thread 524337 construct Actor kTick 1099614388251
I1014 10:31:39.697939  2987 runtime_context.cpp:29] DecreaseCounter constructing_actor_cnt, current val is 337
I1014 10:31:39.698307  2991 naive_actor.cpp:25] actor 2199023255555 switch to &NaiveActor::HandlerNormal
I1014 10:31:39.698308  2987 naive_actor.cpp:25] actor 1099614388253 switch to &NaiveActor::HandlerNormal
I1014 10:31:39.698405  2991 thread.cpp:96] Thread 1048576 construct Actor kNormalForward 2199023255555
I1014 10:31:39.698479  2947 naive_actor.cpp:25] actor 1099513724928 switch to &NaiveActor::HandlerNormal
I1014 10:31:39.698540  2991 runtime_context.cpp:29] DecreaseCounter constructing_actor_cnt, current val is 336
I1014 10:31:39.698457  2987 thread.cpp:96] Thread 524337 construct Actor kTick 1099614388253
I1014 10:31:39.698549  2947 thread.cpp:96] Thread 524289 construct Actor kNormalForward 1099513724928
I1014 10:31:39.698678  2987 runtime_context.cpp:29] DecreaseCounter constructing_actor_cnt, current val is 335
I1014 10:31:39.698748  2947 runtime_context.cpp:29] DecreaseCounter constructing_actor_cnt, current val is 334
I1014 10:31:39.699018  2949 naive_actor.cpp:25] actor 1099517919232 switch to &NaiveActor::HandlerNormal
I1014 10:31:39.699064  2949 thread.cpp:96] Thread 524291 construct Actor kNormalForward 1099517919232
I1014 10:31:39.699079  2987 naive_actor.cpp:25] actor 1099614388260 switch to &NaiveActor::HandlerNormal
I1014 10:31:39.699084  2948 naive_actor.cpp:25] actor 1099515822080 switch to &NaiveActor::HandlerNormal
I1014 10:31:39.699132  2949 runtime_context.cpp:29] DecreaseCounter constructing_actor_cnt, current val is 333
I1014 10:31:39.699149  2987 thread.cpp:96] Thread 524337 construct Actor kTick 1099614388260
I1014 10:31:39.699195  2948 thread.cpp:96] Thread 524290 construct Actor kNormalForward 1099515822080
I1014 10:31:39.699298  2987 runtime_context.cpp:29] DecreaseCounter constructing_actor_cnt, current val is 332
I1014 10:31:39.699301  2946 naive_actor.cpp:25] actor 1099511627776 switch to &NaiveActor::HandlerNormal
I1014 10:31:39.699353  2948 runtime_context.cpp:29] DecreaseCounter constructing_actor_cnt, current val is 331
I1014 10:31:39.699380  2946 thread.cpp:96] Thread 524288 construct Actor kNormalForward 1099511627776
I1014 10:31:39.699499  2946 runtime_context.cpp:29] DecreaseCounter constructing_actor_cnt, current val is 330
I1014 10:31:39.699590  2991 naive_actor.cpp:25] actor 2199023255614 switch to &NaiveActor::HandlerNormal
I1014 10:31:39.699627  2991 thread.cpp:96] Thread 1048576 construct Actor kNormalForward 2199023255614
I1014 10:31:39.699679  2991 runtime_context.cpp:29] DecreaseCounter constructing_actor_cnt, current val is 329
I1014 10:31:39.699766  2987 naive_actor.cpp:25] actor 1099614388259 switch to &NaiveActor::HandlerNormal
I1014 10:31:39.699831  2987 thread.cpp:96] Thread 524337 construct Actor kDstSubsetTick 1099614388259
I1014 10:31:39.699921  2987 runtime_context.cpp:29] DecreaseCounter constructing_actor_cnt, current val is 328
I1014 10:31:39.700323  2987 naive_actor.cpp:25] actor 1099614388254 switch to &NaiveActor::HandlerNormal
I1014 10:31:39.700378  2991 naive_actor.cpp:25] actor 2199023255656 switch to &NaiveActor::HandlerNormal
I1014 10:31:39.700378  2987 thread.cpp:96] Thread 524337 construct Actor kDeviceTick 1099614388254
I1014 10:31:39.700423  2991 thread.cpp:96] Thread 1048576 construct Actor kNormalForward 2199023255656
I1014 10:31:39.700532  2987 runtime_context.cpp:29] DecreaseCounter constructing_actor_cnt, current val is 327
I1014 10:31:39.700538  2991 runtime_context.cpp:29] DecreaseCounter constructing_actor_cnt, current val is 326
I1014 10:31:39.700871  2987 naive_actor.cpp:25] actor 1099614388322 switch to &NaiveActor::HandlerNormal
I1014 10:31:39.700927  2987 thread.cpp:96] Thread 524337 construct Actor kTick 1099614388322
I1014 10:31:39.701002  2987 runtime_context.cpp:29] DecreaseCounter constructing_actor_cnt, current val is 325
I1014 10:31:39.701337  2987 naive_actor.cpp:25] actor 1099614388258 switch to &NaiveActor::HandlerNormal
I1014 10:31:39.701392  2987 thread.cpp:96] Thread 524337 construct Actor kTick 1099614388258
I1014 10:31:39.701467  2987 runtime_context.cpp:29] DecreaseCounter constructing_actor_cnt, current val is 324
I1014 10:31:39.701539  2991 naive_actor.cpp:25] actor 2199023255589 switch to &NaiveActor::HandlerNormal
I1014 10:31:39.701632  2991 thread.cpp:96] Thread 1048576 construct Actor kNormalForward 2199023255589
I1014 10:31:39.701738  2991 runtime_context.cpp:29] DecreaseCounter constructing_actor_cnt, current val is 323
I1014 10:31:39.701908  2987 naive_actor.cpp:25] actor 1099614388255 switch to &NaiveActor::HandlerNormal
I1014 10:31:39.701964  2987 thread.cpp:96] Thread 524337 construct Actor kSrcSubsetTick 1099614388255
I1014 10:31:39.702039  2987 runtime_context.cpp:29] DecreaseCounter constructing_actor_cnt, current val is 322
I1014 10:31:39.702384  2987 naive_actor.cpp:25] actor 1099614388261 switch to &NaiveActor::HandlerNormal
I1014 10:31:39.702438  2987 thread.cpp:96] Thread 524337 construct Actor kTick 1099614388261
I1014 10:31:39.702512  2987 runtime_context.cpp:29] DecreaseCounter constructing_actor_cnt, current val is 321
I1014 10:31:39.702971  2991 naive_actor.cpp:25] actor 2199023255554 switch to &NaiveActor::HandlerNormal
I1014 10:31:39.702973  2987 naive_actor.cpp:25] actor 1099614388268 switch to &NaiveActor::HandlerNormal
I1014 10:31:39.703095  2987 thread.cpp:96] Thread 524337 construct Actor kDstSubsetTick 1099614388268
I1014 10:31:39.703045  2991 thread.cpp:96] Thread 1048576 construct Actor kNormalForward 2199023255554
I1014 10:31:39.703178  2987 runtime_context.cpp:29] DecreaseCounter constructing_actor_cnt, current val is 320
I1014 10:31:39.703229  2991 runtime_context.cpp:29] DecreaseCounter constructing_actor_cnt, current val is 319
I1014 10:31:39.703544  2987 naive_actor.cpp:25] actor 1099614388262 switch to &NaiveActor::HandlerNormal
I1014 10:31:39.703608  2987 thread.cpp:96] Thread 524337 construct Actor kTick 1099614388262
I1014 10:31:39.703685  2987 runtime_context.cpp:29] DecreaseCounter constructing_actor_cnt, current val is 318
I1014 10:31:39.704048  2987 naive_actor.cpp:25] actor 1099614388264 switch to &NaiveActor::HandlerNormal
I1014 10:31:39.704103  2987 thread.cpp:96] Thread 524337 construct Actor kSrcSubsetTick 1099614388264
I1014 10:31:39.704175  2987 runtime_context.cpp:29] DecreaseCounter constructing_actor_cnt, current val is 317
I1014 10:31:39.704226  2991 naive_actor.cpp:25] actor 2199023255552 switch to &NaiveActor::HandlerNormal
I1014 10:31:39.704289  2991 thread.cpp:96] Thread 1048576 construct Actor kNormalForward 2199023255552
I1014 10:31:39.704381  2991 runtime_context.cpp:29] DecreaseCounter constructing_actor_cnt, current val is 316
I1014 10:31:39.704543  2987 naive_actor.cpp:25] actor 1099614388263 switch to &NaiveActor::HandlerNormal
I1014 10:31:39.704615  2987 thread.cpp:96] Thread 524337 construct Actor kDeviceTick 1099614388263
I1014 10:31:39.704692  2987 runtime_context.cpp:29] DecreaseCounter constructing_actor_cnt, current val is 315
I1014 10:31:39.704774  2991 naive_actor.cpp:25] actor 2199023255592 switch to &NaiveActor::HandlerNormal
I1014 10:31:39.704836  2991 thread.cpp:96] Thread 1048576 construct Actor kNormalForward 2199023255592
I1014 10:31:39.704923  2991 runtime_context.cpp:29] DecreaseCounter constructing_actor_cnt, current val is 314
I1014 10:31:39.705009  2987 naive_actor.cpp:25] actor 1099614388270 switch to &NaiveActor::HandlerNormal
I1014 10:31:39.705067  2987 thread.cpp:96] Thread 524337 construct Actor kTick 1099614388270
I1014 10:31:39.705145  2987 runtime_context.cpp:29] DecreaseCounter constructing_actor_cnt, current val is 313
I1014 10:31:39.705480  2987 naive_actor.cpp:25] actor 1099614388267 switch to &NaiveActor::HandlerNormal
I1014 10:31:39.705536  2987 thread.cpp:96] Thread 524337 construct Actor kTick 1099614388267
I1014 10:31:39.705615  2987 runtime_context.cpp:29] DecreaseCounter constructing_actor_cnt, current val is 312
I1014 10:31:39.705895  2991 naive_actor.cpp:25] actor 2199023255557 switch to &NaiveActor::HandlerNormal
I1014 10:31:39.705955  2991 thread.cpp:96] Thread 1048576 construct Actor kNormalForward 2199023255557
I1014 10:31:39.705963  2987 naive_actor.cpp:25] actor 1099614388324 switch to &NaiveActor::HandlerNormal
I1014 10:31:39.706050  2987 thread.cpp:96] Thread 524337 construct Actor kTick 1099614388324
I1014 10:31:39.706053  2991 runtime_context.cpp:29] DecreaseCounter constructing_actor_cnt, current val is 311
I1014 10:31:39.706125  2987 runtime_context.cpp:29] DecreaseCounter constructing_actor_cnt, current val is 310
I1014 10:31:39.706476  2987 naive_actor.cpp:25] actor 1099614388269 switch to &NaiveActor::HandlerNormal
I1014 10:31:39.706532  2987 thread.cpp:96] Thread 524337 construct Actor kTick 1099614388269
I1014 10:31:39.706619  2987 runtime_context.cpp:29] DecreaseCounter constructing_actor_cnt, current val is 309
I1014 10:31:39.706964  2987 naive_actor.cpp:25] actor 1099614388272 switch to &NaiveActor::HandlerNormal
I1014 10:31:39.706995  2991 naive_actor.cpp:25] actor 2199023255560 switch to &NaiveActor::HandlerNormal
I1014 10:31:39.707016  2987 thread.cpp:96] Thread 524337 construct Actor kSrcSubsetTick 1099614388272
I1014 10:31:39.707074  2991 thread.cpp:96] Thread 1048576 construct Actor kNormalForward 2199023255560
I1014 10:31:39.707140  2987 runtime_context.cpp:29] DecreaseCounter constructing_actor_cnt, current val is 308
I1014 10:31:39.707190  2991 runtime_context.cpp:29] DecreaseCounter constructing_actor_cnt, current val is 307
I1014 10:31:39.707515  2987 naive_actor.cpp:25] actor 1099614388271 switch to &NaiveActor::HandlerNormal
I1014 10:31:39.707577  2987 thread.cpp:96] Thread 524337 construct Actor kDeviceTick 1099614388271
I1014 10:31:39.707664  2987 runtime_context.cpp:29] DecreaseCounter constructing_actor_cnt, current val is 306
I1014 10:31:39.707998  2987 naive_actor.cpp:25] actor 1099614388283 switch to &NaiveActor::HandlerNormal
I1014 10:31:39.708050  2987 thread.cpp:96] Thread 524337 construct Actor kTick 1099614388283
I1014 10:31:39.708118  2987 runtime_context.cpp:29] DecreaseCounter constructing_actor_cnt, current val is 305
I1014 10:31:39.708215  2991 naive_actor.cpp:25] actor 2199023255605 switch to &NaiveActor::HandlerNormal
I1014 10:31:39.708273  2991 thread.cpp:96] Thread 1048576 construct Actor kNormalForward 2199023255605
I1014 10:31:39.708360  2991 runtime_context.cpp:29] DecreaseCounter constructing_actor_cnt, current val is 304
I1014 10:31:39.708539  2987 naive_actor.cpp:25] actor 1099614388284 switch to &NaiveActor::HandlerNormal
I1014 10:31:39.708596  2987 thread.cpp:96] Thread 524337 construct Actor kDstSubsetTick 1099614388284
I1014 10:31:39.708670  2987 runtime_context.cpp:29] DecreaseCounter constructing_actor_cnt, current val is 303
I1014 10:31:39.708997  2987 naive_actor.cpp:25] actor 1099614388281 switch to &NaiveActor::HandlerNormal
I1014 10:31:39.709059  2987 thread.cpp:96] Thread 524337 construct Actor kSrcSubsetTick 1099614388281
I1014 10:31:39.709125  2987 runtime_context.cpp:29] DecreaseCounter constructing_actor_cnt, current val is 302
I1014 10:31:39.709380  2991 naive_actor.cpp:25] actor 2199023255559 switch to &NaiveActor::HandlerNormal
I1014 10:31:39.709436  2991 thread.cpp:96] Thread 1048576 construct Actor kNormalForward 2199023255559
I1014 10:31:39.709491  2987 naive_actor.cpp:25] actor 1099614388319 switch to &NaiveActor::HandlerNormal
I1014 10:31:39.709522  2991 runtime_context.cpp:29] DecreaseCounter constructing_actor_cnt, current val is 301
I1014 10:31:39.709543  2987 thread.cpp:96] Thread 524337 construct Actor kTick 1099614388319
