I1014 11:28:42.695283  1266 naive_actor.cpp:25] actor 2199023255833 switch to &NaiveActor::HandlerNormal
I1014 11:28:42.695286  1275 runtime_context.cpp:29] DecreaseCounter constructing_actor_cnt, current val is 65
I1014 11:28:42.695329  1266 thread.cpp:96] Thread 1048576 construct Actor kNormalForward 2199023255833
I1014 11:28:42.695394  1266 runtime_context.cpp:29] DecreaseCounter constructing_actor_cnt, current val is 64
I1014 11:28:42.695546  1275 naive_actor.cpp:25] actor 2207613190417 switch to &NaiveActor::HandlerNormal
I1014 11:28:42.695586  1275 thread.cpp:96] Thread 1052672 construct Actor kNormalForward 2207613190417
I1014 11:28:42.695621  1266 naive_actor.cpp:25] actor 2199023255835 switch to &NaiveActor::HandlerNormal
I1014 11:28:42.695624  1275 runtime_context.cpp:29] DecreaseCounter constructing_actor_cnt, current val is 63
I1014 11:28:42.695644  1266 thread.cpp:96] Thread 1048576 construct Actor kNormalForward 2199023255835
I1014 11:28:42.695703  1266 runtime_context.cpp:29] DecreaseCounter constructing_actor_cnt, current val is 62
I1014 11:28:42.695852  1275 naive_actor.cpp:25] actor 2207613190420 switch to &NaiveActor::HandlerNormal
I1014 11:28:42.695886  1275 thread.cpp:96] Thread 1052672 construct Actor kNormalForward 2207613190420
I1014 11:28:42.695906  1266 naive_actor.cpp:25] actor 2199023255834 switch to &NaiveActor::HandlerNormal
I1014 11:28:42.695927  1266 thread.cpp:96] Thread 1048576 construct Actor kNormalForward 2199023255834
I1014 11:28:42.695931  1275 runtime_context.cpp:29] DecreaseCounter constructing_actor_cnt, current val is 61
I1014 11:28:42.695966  1266 runtime_context.cpp:29] DecreaseCounter constructing_actor_cnt, current val is 60
I1014 11:28:42.696149  1275 naive_actor.cpp:25] actor 2207613190418 switch to &NaiveActor::HandlerNormal
I1014 11:28:42.696156  1266 naive_actor.cpp:25] actor 2199023255836 switch to &NaiveActor::HandlerNormal
I1014 11:28:42.696187  1275 thread.cpp:96] Thread 1052672 construct Actor kNormalForward 2207613190418
I1014 11:28:42.696204  1266 thread.cpp:96] Thread 1048576 construct Actor kNormalForward 2199023255836
I1014 11:28:42.696249  1275 runtime_context.cpp:29] DecreaseCounter constructing_actor_cnt, current val is 59
I1014 11:28:42.696260  1266 runtime_context.cpp:29] DecreaseCounter constructing_actor_cnt, current val is 58
I1014 11:28:42.696456  1275 naive_actor.cpp:25] actor 2207613190415 switch to &NaiveActor::HandlerNormal
I1014 11:28:42.696463  1266 naive_actor.cpp:25] actor 2199023255839 switch to &NaiveActor::HandlerNormal
I1014 11:28:42.696494  1275 thread.cpp:96] Thread 1052672 construct Actor kNormalForward 2207613190415
I1014 11:28:42.696511  1266 thread.cpp:96] Thread 1048576 construct Actor kNormalForward 2199023255839
I1014 11:28:42.696554  1275 runtime_context.cpp:29] DecreaseCounter constructing_actor_cnt, current val is 57
I1014 11:28:42.696575  1266 runtime_context.cpp:29] DecreaseCounter constructing_actor_cnt, current val is 56
I1014 11:28:42.696749  1275 naive_actor.cpp:25] actor 2207613190442 switch to &NaiveActor::HandlerNormal
I1014 11:28:42.696763  1266 naive_actor.cpp:25] actor 2199023255841 switch to &NaiveActor::HandlerNormal
I1014 11:28:42.696786  1275 thread.cpp:96] Thread 1052672 construct Actor kNormalForward 2207613190442
I1014 11:28:42.696805  1266 thread.cpp:96] Thread 1048576 construct Actor kNormalForward 2199023255841
I1014 11:28:42.696849  1275 runtime_context.cpp:29] DecreaseCounter constructing_actor_cnt, current val is 55
I1014 11:28:42.696862  1266 runtime_context.cpp:29] DecreaseCounter constructing_actor_cnt, current val is 54
I1014 11:28:42.697077  1275 naive_actor.cpp:25] actor 2207613190414 switch to &NaiveActor::HandlerNormal
I1014 11:28:42.697085  1266 naive_actor.cpp:25] actor 2199023255842 switch to &NaiveActor::HandlerNormal
I1014 11:28:42.697111  1275 thread.cpp:96] Thread 1052672 construct Actor kNormalForward 2207613190414
I1014 11:28:42.697130  1266 thread.cpp:96] Thread 1048576 construct Actor kNormalForward 2199023255842
I1014 11:28:42.697173  1275 runtime_context.cpp:29] DecreaseCounter constructing_actor_cnt, current val is 53
I1014 11:28:42.697186  1266 runtime_context.cpp:29] DecreaseCounter constructing_actor_cnt, current val is 52
I1014 11:28:42.697362  1275 naive_actor.cpp:25] actor 2207613190416 switch to &NaiveActor::HandlerNormal
I1014 11:28:42.697402  1275 thread.cpp:96] Thread 1052672 construct Actor kNormalForward 2207613190416
I1014 11:28:42.697412  1266 naive_actor.cpp:25] actor 2199023255838 switch to &NaiveActor::HandlerNormal
I1014 11:28:42.697440  1266 thread.cpp:96] Thread 1048576 construct Actor kNormalForward 2199023255838
I1014 11:28:42.697445  1275 runtime_context.cpp:29] DecreaseCounter constructing_actor_cnt, current val is 51
I1014 11:28:42.697477  1266 runtime_context.cpp:29] DecreaseCounter constructing_actor_cnt, current val is 50
I1014 11:28:42.697664  1275 naive_actor.cpp:25] actor 2207613190421 switch to &NaiveActor::HandlerNormal
I1014 11:28:42.697674  1266 naive_actor.cpp:25] actor 2199023255840 switch to &NaiveActor::HandlerNormal
I1014 11:28:42.697701  1275 thread.cpp:96] Thread 1052672 construct Actor kNormalForward 2207613190421
I1014 11:28:42.697719  1266 thread.cpp:96] Thread 1048576 construct Actor kNormalForward 2199023255840
I1014 11:28:42.697763  1275 runtime_context.cpp:29] DecreaseCounter constructing_actor_cnt, current val is 49
I1014 11:28:42.697774  1266 runtime_context.cpp:29] DecreaseCounter constructing_actor_cnt, current val is 48
I1014 11:28:42.697965  1275 naive_actor.cpp:25] actor 2207613190419 switch to &NaiveActor::HandlerNormal
I1014 11:28:42.697973  1266 naive_actor.cpp:25] actor 2199023255843 switch to &NaiveActor::HandlerNormal
I1014 11:28:42.698004  1275 thread.cpp:96] Thread 1052672 construct Actor kNormalForward 2207613190419
I1014 11:28:42.698021  1266 thread.cpp:96] Thread 1048576 construct Actor kNormalForward 2199023255843
I1014 11:28:42.698062  1275 runtime_context.cpp:29] DecreaseCounter constructing_actor_cnt, current val is 47
I1014 11:28:42.698076  1266 runtime_context.cpp:29] DecreaseCounter constructing_actor_cnt, current val is 46
I1014 11:28:42.698252  1275 naive_actor.cpp:25] actor 2207613190441 switch to &NaiveActor::HandlerNormal
I1014 11:28:42.698262  1266 naive_actor.cpp:25] actor 2199023255844 switch to &NaiveActor::HandlerNormal
I1014 11:28:42.698287  1275 thread.cpp:96] Thread 1052672 construct Actor kNormalForward 2207613190441
I1014 11:28:42.698307  1266 thread.cpp:96] Thread 1048576 construct Actor kNormalForward 2199023255844
I1014 11:28:42.698347  1275 runtime_context.cpp:29] DecreaseCounter constructing_actor_cnt, current val is 45
I1014 11:28:42.698359  1266 runtime_context.cpp:29] DecreaseCounter constructing_actor_cnt, current val is 44
I1014 11:28:42.698552  1275 naive_actor.cpp:25] actor 2207613190440 switch to &NaiveActor::HandlerNormal
I1014 11:28:42.698592  1275 thread.cpp:96] Thread 1052672 construct Actor kNormalForward 2207613190440
I1014 11:28:42.698630  1275 runtime_context.cpp:29] DecreaseCounter constructing_actor_cnt, current val is 43
I1014 11:28:42.698638  1266 naive_actor.cpp:25] actor 2199023255849 switch to &NaiveActor::HandlerNormal
I1014 11:28:42.698669  1266 thread.cpp:96] Thread 1048576 construct Actor kNormalForward 2199023255849
I1014 11:28:42.698710  1266 runtime_context.cpp:29] DecreaseCounter constructing_actor_cnt, current val is 42
I1014 11:28:42.698853  1275 naive_actor.cpp:25] actor 2207613190423 switch to &NaiveActor::HandlerNormal
I1014 11:28:42.698889  1275 thread.cpp:96] Thread 1052672 construct Actor kNormalForward 2207613190423
I1014 11:28:42.698921  1266 naive_actor.cpp:25] actor 2199023255852 switch to &NaiveActor::HandlerNormal
I1014 11:28:42.698932  1275 runtime_context.cpp:29] DecreaseCounter constructing_actor_cnt, current val is 41
I1014 11:28:42.698945  1266 thread.cpp:96] Thread 1048576 construct Actor kNormalForward 2199023255852
I1014 11:28:42.699003  1266 runtime_context.cpp:29] DecreaseCounter constructing_actor_cnt, current val is 40
I1014 11:28:42.699141  1275 naive_actor.cpp:25] actor 2207613190448 switch to &NaiveActor::HandlerNormal
I1014 11:28:42.699175  1275 thread.cpp:96] Thread 1052672 construct Actor kNormalForward 2207613190448
I1014 11:28:42.699215  1266 naive_actor.cpp:25] actor 2199023255850 switch to &NaiveActor::HandlerNormal
I1014 11:28:42.699239  1266 thread.cpp:96] Thread 1048576 construct Actor kNormalForward 2199023255850
I1014 11:28:42.699234  1275 runtime_context.cpp:29] DecreaseCounter constructing_actor_cnt, current val is 39
I1014 11:28:42.699273  1266 runtime_context.cpp:29] DecreaseCounter constructing_actor_cnt, current val is 38
I1014 11:28:42.699465  1275 naive_actor.cpp:25] actor 2207613190427 switch to &NaiveActor::HandlerNormal
I1014 11:28:42.699470  1266 naive_actor.cpp:25] actor 2199023255847 switch to &NaiveActor::HandlerNormal
I1014 11:28:42.699503  1275 thread.cpp:96] Thread 1052672 construct Actor kNormalForward 2207613190427
I1014 11:28:42.699522  1266 thread.cpp:96] Thread 1048576 construct Actor kNormalForward 2199023255847
I1014 11:28:42.699573  1275 runtime_context.cpp:29] DecreaseCounter constructing_actor_cnt, current val is 37
I1014 11:28:42.699585  1266 runtime_context.cpp:29] DecreaseCounter constructing_actor_cnt, current val is 36
I1014 11:28:42.699779  1275 naive_actor.cpp:25] actor 2207613190426 switch to &NaiveActor::HandlerNormal
I1014 11:28:42.699811  1266 naive_actor.cpp:25] actor 2199023255824 switch to &NaiveActor::HandlerNormal
I1014 11:28:42.699815  1275 thread.cpp:96] Thread 1052672 construct Actor kNormalForward 2207613190426
I1014 11:28:42.699836  1266 thread.cpp:96] Thread 1048576 construct Actor kNormalForward 2199023255824
I1014 11:28:42.699877  1275 runtime_context.cpp:29] DecreaseCounter constructing_actor_cnt, current val is 35
I1014 11:28:42.699889  1266 runtime_context.cpp:29] DecreaseCounter constructing_actor_cnt, current val is 34
I1014 11:28:42.700083  1275 naive_actor.cpp:25] actor 2207613190428 switch to &NaiveActor::HandlerNormal
I1014 11:28:42.700093  1266 naive_actor.cpp:25] actor 2199023255846 switch to &NaiveActor::HandlerNormal
I1014 11:28:42.700122  1275 thread.cpp:96] Thread 1052672 construct Actor kNormalForward 2207613190428
I1014 11:28:42.700139  1266 thread.cpp:96] Thread 1048576 construct Actor kNormalForward 2199023255846
I1014 11:28:42.700187  1275 runtime_context.cpp:29] DecreaseCounter constructing_actor_cnt, current val is 33
I1014 11:28:42.700198  1266 runtime_context.cpp:29] DecreaseCounter constructing_actor_cnt, current val is 32
I1014 11:28:42.700381  1266 naive_actor.cpp:25] actor 2199023255830 switch to &NaiveActor::HandlerNormal
I1014 11:28:42.700385  1275 naive_actor.cpp:25] actor 2207613190451 switch to &NaiveActor::HandlerNormal
I1014 11:28:42.700417  1266 thread.cpp:96] Thread 1048576 construct Actor kNormalForward 2199023255830
I1014 11:28:42.700434  1275 thread.cpp:96] Thread 1052672 construct Actor kDeviceTick 2207613190451
I1014 11:28:42.700480  1266 runtime_context.cpp:29] DecreaseCounter constructing_actor_cnt, current val is 31
I1014 11:28:42.700489  1275 runtime_context.cpp:29] DecreaseCounter constructing_actor_cnt, current val is 30
I1014 11:28:42.700672  1266 naive_actor.cpp:25] actor 2199023255851 switch to &NaiveActor::HandlerNormal
I1014 11:28:42.700707  1266 thread.cpp:96] Thread 1048576 construct Actor kNormalForward 2199023255851
I1014 11:28:42.700726  1275 naive_actor.cpp:25] actor 2207613190430 switch to &NaiveActor::HandlerNormal
I1014 11:28:42.700748  1275 thread.cpp:96] Thread 1052672 construct Actor kNormalForward 2207613190430
I1014 11:28:42.700752  1266 runtime_context.cpp:29] DecreaseCounter constructing_actor_cnt, current val is 29
I1014 11:28:42.700785  1275 runtime_context.cpp:29] DecreaseCounter constructing_actor_cnt, current val is 28
I1014 11:28:42.700947  1266 naive_actor.cpp:25] actor 2199023255832 switch to &NaiveActor::HandlerNormal
I1014 11:28:42.700982  1266 thread.cpp:96] Thread 1048576 construct Actor kNormalForward 2199023255832
I1014 11:28:42.701004  1275 naive_actor.cpp:25] actor 2207613190429 switch to &NaiveActor::HandlerNormal
I1014 11:28:42.701017  1266 runtime_context.cpp:29] DecreaseCounter constructing_actor_cnt, current val is 27
I1014 11:28:42.701028  1275 thread.cpp:96] Thread 1052672 construct Actor kNormalForward 2207613190429
I1014 11:28:42.701144  1275 runtime_context.cpp:29] DecreaseCounter constructing_actor_cnt, current val is 26
I1014 11:28:42.701225  1266 naive_actor.cpp:25] actor 2199023255855 switch to &NaiveActor::HandlerNormal
I1014 11:28:42.701259  1266 thread.cpp:96] Thread 1048576 construct Actor kNormalForward 2199023255855
I1014 11:28:42.701308  1266 runtime_context.cpp:29] DecreaseCounter constructing_actor_cnt, current val is 25
I1014 11:28:42.701382  1275 naive_actor.cpp:25] actor 2207613190431 switch to &NaiveActor::HandlerNormal
I1014 11:28:42.701416  1275 thread.cpp:96] Thread 1052672 construct Actor kNormalForward 2207613190431
I1014 11:28:42.701457  1275 runtime_context.cpp:29] DecreaseCounter constructing_actor_cnt, current val is 24
I1014 11:28:42.701683  1275 naive_actor.cpp:25] actor 2207613190432 switch to &NaiveActor::HandlerNormal
I1014 11:28:42.701704  1275 thread.cpp:96] Thread 1052672 construct Actor kNormalForward 2207613190432
I1014 11:28:42.701742  1275 runtime_context.cpp:29] DecreaseCounter constructing_actor_cnt, current val is 23
I1014 11:28:42.701975  1275 naive_actor.cpp:25] actor 2207613190433 switch to &NaiveActor::HandlerNormal
I1014 11:28:42.702008  1275 thread.cpp:96] Thread 1052672 construct Actor kNormalForward 2207613190433
I1014 11:28:42.702049  1275 runtime_context.cpp:29] DecreaseCounter constructing_actor_cnt, current val is 22
I1014 11:28:42.702250  1275 naive_actor.cpp:25] actor 2207613190434 switch to &NaiveActor::HandlerNormal
I1014 11:28:42.702284  1275 thread.cpp:96] Thread 1052672 construct Actor kNormalForward 2207613190434
I1014 11:28:42.702332  1275 runtime_context.cpp:29] DecreaseCounter constructing_actor_cnt, current val is 21
I1014 11:28:42.702529  1275 naive_actor.cpp:25] actor 2207613190437 switch to &NaiveActor::HandlerNormal
I1014 11:28:42.702561  1275 thread.cpp:96] Thread 1052672 construct Actor kNormalForward 2207613190437
I1014 11:28:42.702620  1275 runtime_context.cpp:29] DecreaseCounter constructing_actor_cnt, current val is 20
I1014 11:28:42.702669  1266 naive_actor.cpp:25] actor 2199023255858 switch to &NaiveActor::HandlerNormal
I1014 11:28:42.702708  1266 thread.cpp:96] Thread 1048576 construct Actor kNormalForward 2199023255858
I1014 11:28:42.702849  1275 naive_actor.cpp:25] actor 2207613190435 switch to &NaiveActor::HandlerNormal
I1014 11:28:42.702850  1266 runtime_context.cpp:29] DecreaseCounter constructing_actor_cnt, current val is 19
I1014 11:28:42.702877  1275 thread.cpp:96] Thread 1052672 construct Actor kNormalForward 2207613190435
I1014 11:28:42.702934  1275 runtime_context.cpp:29] DecreaseCounter constructing_actor_cnt, current val is 18
I1014 11:28:42.703094  1266 naive_actor.cpp:25] actor 2199023255859 switch to &NaiveActor::HandlerNormal
I1014 11:28:42.703130  1266 thread.cpp:96] Thread 1048576 construct Actor kDeviceTick 2199023255859
I1014 11:28:42.703157  1275 naive_actor.cpp:25] actor 2207613190438 switch to &NaiveActor::HandlerNormal
I1014 11:28:42.703166  1266 runtime_context.cpp:29] DecreaseCounter constructing_actor_cnt, current val is 17
I1014 11:28:42.703181  1275 thread.cpp:96] Thread 1052672 construct Actor kNormalForward 2207613190438
I1014 11:28:42.703239  1275 runtime_context.cpp:29] DecreaseCounter constructing_actor_cnt, current val is 16
I1014 11:28:42.703378  1266 naive_actor.cpp:25] actor 2199023255857 switch to &NaiveActor::HandlerNormal
I1014 11:28:42.703413  1266 thread.cpp:96] Thread 1048576 construct Actor kNormalForward 2199023255857
I1014 11:28:42.703454  1266 runtime_context.cpp:29] DecreaseCounter constructing_actor_cnt, current val is 15
I1014 11:28:42.703460  1275 naive_actor.cpp:25] actor 2207613190443 switch to &NaiveActor::HandlerNormal
I1014 11:28:42.703507  1275 thread.cpp:96] Thread 1052672 construct Actor kNormalForward 2207613190443
I1014 11:28:42.703547  1275 runtime_context.cpp:29] DecreaseCounter constructing_actor_cnt, current val is 14
I1014 11:28:42.703687  1266 naive_actor.cpp:25] actor 2199023255856 switch to &NaiveActor::HandlerNormal
I1014 11:28:42.703722  1266 thread.cpp:96] Thread 1048576 construct Actor kNormalForward 2199023255856
I1014 11:28:42.703811  1275 naive_actor.cpp:25] actor 2207613190439 switch to &NaiveActor::HandlerNormal
I1014 11:28:42.703861  1275 thread.cpp:96] Thread 1052672 construct Actor kNormalForward 2207613190439
I1014 11:28:42.703867  1266 runtime_context.cpp:29] DecreaseCounter constructing_actor_cnt, current val is 13
I1014 11:28:42.703918  1275 runtime_context.cpp:29] DecreaseCounter constructing_actor_cnt, current val is 12
I1014 11:28:42.704102  1266 naive_actor.cpp:25] actor 2199023255845 switch to &NaiveActor::HandlerNormal
I1014 11:28:42.704118  1275 naive_actor.cpp:25] actor 2207613190446 switch to &NaiveActor::HandlerNormal
I1014 11:28:42.704140  1266 thread.cpp:96] Thread 1048576 construct Actor kNormalForward 2199023255845
I1014 11:28:42.704160  1275 thread.cpp:96] Thread 1052672 construct Actor kNormalForward 2207613190446
I1014 11:28:42.704206  1266 runtime_context.cpp:29] DecreaseCounter constructing_actor_cnt, current val is 11
I1014 11:28:42.704214  1275 runtime_context.cpp:29] DecreaseCounter constructing_actor_cnt, current val is 10
I1014 11:28:42.704416  1266 naive_actor.cpp:25] actor 2199023255854 switch to &NaiveActor::HandlerNormal
I1014 11:28:42.704452  1275 naive_actor.cpp:25] actor 2207613190445 switch to &NaiveActor::HandlerNormal
I1014 11:28:42.704452  1266 thread.cpp:96] Thread 1048576 construct Actor kNormalForward 2199023255854
I1014 11:28:42.704478  1275 thread.cpp:96] Thread 1052672 construct Actor kNormalForward 2207613190445
I1014 11:28:42.704528  1266 runtime_context.cpp:29] DecreaseCounter constructing_actor_cnt, current val is 9
I1014 11:28:42.704537  1275 runtime_context.cpp:29] DecreaseCounter constructing_actor_cnt, current val is 8
I1014 11:28:42.704753  1275 naive_actor.cpp:25] actor 2207613190436 switch to &NaiveActor::HandlerNormal
I1014 11:28:42.704774  1275 thread.cpp:96] Thread 1052672 construct Actor kNormalForward 2207613190436
I1014 11:28:42.704808  1275 runtime_context.cpp:29] DecreaseCounter constructing_actor_cnt, current val is 7
I1014 11:28:42.704999  1275 naive_actor.cpp:25] actor 2207613190425 switch to &NaiveActor::HandlerNormal
I1014 11:28:42.705020  1275 thread.cpp:96] Thread 1052672 construct Actor kNormalForward 2207613190425
I1014 11:28:42.705054  1275 runtime_context.cpp:29] DecreaseCounter constructing_actor_cnt, current val is 6
I1014 11:28:42.705243  1275 naive_actor.cpp:25] actor 2207613190444 switch to &NaiveActor::HandlerNormal
I1014 11:28:42.705265  1275 thread.cpp:96] Thread 1052672 construct Actor kNormalForward 2207613190444
I1014 11:28:42.705298  1275 runtime_context.cpp:29] DecreaseCounter constructing_actor_cnt, current val is 5
I1014 11:28:42.705489  1275 naive_actor.cpp:25] actor 2207613190424 switch to &NaiveActor::HandlerNormal
I1014 11:28:42.705510  1275 thread.cpp:96] Thread 1052672 construct Actor kNormalForward 2207613190424
I1014 11:28:42.705543  1275 runtime_context.cpp:29] DecreaseCounter constructing_actor_cnt, current val is 4
I1014 11:28:42.705744  1275 naive_actor.cpp:25] actor 2207613190449 switch to &NaiveActor::HandlerNormal
I1014 11:28:42.705765  1275 thread.cpp:96] Thread 1052672 construct Actor kNormalForward 2207613190449
I1014 11:28:42.705798  1275 runtime_context.cpp:29] DecreaseCounter constructing_actor_cnt, current val is 3
I1014 11:28:42.707201  1275 naive_actor.cpp:25] actor 2207613190450 switch to &NaiveActor::HandlerNormal
I1014 11:28:42.707226  1275 thread.cpp:96] Thread 1052672 construct Actor kNormalForward 2207613190450
I1014 11:28:42.707321  1275 runtime_context.cpp:29] DecreaseCounter constructing_actor_cnt, current val is 2
I1014 11:28:42.707532  1275 naive_actor.cpp:25] actor 2207613190422 switch to &NaiveActor::HandlerNormal
I1014 11:28:42.707556  1275 thread.cpp:96] Thread 1052672 construct Actor kNormalForward 2207613190422
I1014 11:28:42.707598  1275 runtime_context.cpp:29] DecreaseCounter constructing_actor_cnt, current val is 1
I1014 11:28:42.707808  1275 naive_actor.cpp:25] actor 2207613190447 switch to &NaiveActor::HandlerNormal
I1014 11:28:42.707854  1275 thread.cpp:96] Thread 1052672 construct Actor kNormalForward 2207613190447
I1014 11:28:42.707917  1275 runtime_context.cpp:29] DecreaseCounter constructing_actor_cnt, current val is 0
I1014 11:28:42.712721   553 runtime.cpp:93] Actors on this machine constructed
I1014 11:28:42.712781   553 runtime.cpp:95] Actors on every machine constructed
I1014 11:28:42.712813   553 runtime_context.cpp:21] NewCounter job_5_running_actor_count 41
I1014 11:28:42.712836   553 runtime_context.cpp:21] NewCounter job_4_running_actor_count 22
I1014 11:28:42.712853   553 runtime_context.cpp:21] NewCounter job_3_running_actor_count 91
I1014 11:28:42.712872   553 runtime_context.cpp:21] NewCounter job_2_running_actor_count 91
I1014 11:28:42.712889   553 runtime_context.cpp:21] NewCounter job_0_running_actor_count 477
I1014 11:28:42.712906   553 runtime_context.cpp:21] NewCounter job_1_running_actor_count 89
I1014 11:28:42.712961  1263 wait_and_send_ids_actor.cpp:73] actor 1099616485376 switch to &WaitAndSendIdsActor::HandlerNormal
I1014 11:28:42.713295   553 global.h:36] NewGlobal N7oneflow7JobDescE
I1014 11:28:42.753043   553 global.h:43] DeleteGlobal N7oneflow7JobDescE
I1014 11:28:43.267308  1275 local.cpp:114] waiting for key: eager_nccl_unique_id_rpc_key,0:0,0:1
I1014 11:28:43.275090  1275 eager_nccl_comm_manager.cpp:69]  EagerNcclCommMgr::ncclCommInitRank device_vec.size() = 2, nccl_unique_id = 0200ffffffa54d0b0b010e000000000000000000000000000000000000000000000000000000000000000000000000000000000000000000000000000000000000000000000000000000000000000000000000000000000000000000000000000000000000000000000000000000000000000000000000000000000000000000000000, rank = 1, key = {eager_nccl_unique_id_rpc_key,0:0,0:1}
I1014 11:28:43.275090  1266 eager_nccl_comm_manager.cpp:69]  EagerNcclCommMgr::ncclCommInitRank device_vec.size() = 2, nccl_unique_id = 0200ffffffa54d0b0b010e000000000000000000000000000000000000000000000000000000000000000000000000000000000000000000000000000000000000000000000000000000000000000000000000000000000000000000000000000000000000000000000000000000000000000000000000000000000000000000000000, rank = 0, key = {eager_nccl_unique_id_rpc_key,0:0,0:1}
I1014 11:29:11.856768   553 global.h:43] DeleteGlobal N7oneflow7OneflowE
I1014 11:29:11.857246  1263 actor.cpp:411] actor 1099616485376 switch to &Actor::HandlerZombie
I1014 11:29:11.857316  1262 actor.cpp:411] actor 1099614388300 switch to &Actor::HandlerZombie
I1014 11:29:11.857342  1263 thread.cpp:76] thread 524338 deconstruct actor 1099616485376
I1014 11:29:11.857378  1262 actor.cpp:408] actor 1099614388301 switch to nullptr
I1014 11:29:11.857393  1262 thread.cpp:76] thread 524337 deconstruct actor 1099614388301
I1014 11:29:11.857689  1263 runtime_context.cpp:29] DecreaseCounter job_5_running_actor_count, current val is 40
I1014 11:29:11.857728  1262 runtime_context.cpp:29] DecreaseCounter job_5_running_actor_count, current val is 39
I1014 11:29:11.857760  1262 actor.cpp:408] actor 1099614388326 switch to nullptr
I1014 11:29:11.857771  1262 thread.cpp:76] thread 524337 deconstruct actor 1099614388326
I1014 11:29:11.857877  1262 runtime_context.cpp:29] DecreaseCounter job_5_running_actor_count, current val is 38
I1014 11:29:11.857899  1262 actor.cpp:408] actor 1099614388306 switch to nullptr
I1014 11:29:11.857908  1262 thread.cpp:76] thread 524337 deconstruct actor 1099614388306
I1014 11:29:11.858067  1262 runtime_context.cpp:29] DecreaseCounter job_5_running_actor_count, current val is 37
I1014 11:29:11.858095  1262 actor.cpp:408] actor 1099614388302 switch to nullptr
I1014 11:29:11.858111  1262 thread.cpp:76] thread 524337 deconstruct actor 1099614388302
I1014 11:29:11.858271  1262 runtime_context.cpp:29] DecreaseCounter job_5_running_actor_count, current val is 36
I1014 11:29:11.858299  1262 actor.cpp:408] actor 1099614388310 switch to nullptr
I1014 11:29:11.858315  1262 thread.cpp:76] thread 524337 deconstruct actor 1099614388310
I1014 11:29:11.858470  1262 runtime_context.cpp:29] DecreaseCounter job_5_running_actor_count, current val is 35
I1014 11:29:11.858588  1262 actor.cpp:408] actor 1099614388314 switch to nullptr
I1014 11:29:11.858616  1262 thread.cpp:76] thread 524337 deconstruct actor 1099614388314
I1014 11:29:11.858796  1262 runtime_context.cpp:29] DecreaseCounter job_5_running_actor_count, current val is 34
I1014 11:29:11.858853  1262 actor.cpp:408] actor 1099614388318 switch to nullptr
I1014 11:29:11.858872  1262 thread.cpp:76] thread 524337 deconstruct actor 1099614388318
I1014 11:29:11.859031  1262 runtime_context.cpp:29] DecreaseCounter job_5_running_actor_count, current val is 33
I1014 11:29:11.859056  1262 actor.cpp:408] actor 1099614388322 switch to nullptr
I1014 11:29:11.859071  1262 thread.cpp:76] thread 524337 deconstruct actor 1099614388322
I1014 11:29:11.859226  1262 runtime_context.cpp:29] DecreaseCounter job_5_running_actor_count, current val is 32
I1014 11:29:11.859256  1262 actor.cpp:408] actor 1099614388327 switch to nullptr
I1014 11:29:11.859272  1262 thread.cpp:76] thread 524337 deconstruct actor 1099614388327
I1014 11:29:11.859437  1262 runtime_context.cpp:29] DecreaseCounter job_5_running_actor_count, current val is 31
I1014 11:29:11.859465  1262 actor.cpp:408] actor 1099614388307 switch to nullptr
I1014 11:29:11.859480  1262 thread.cpp:76] thread 524337 deconstruct actor 1099614388307
I1014 11:29:11.859678  1262 runtime_context.cpp:29] DecreaseCounter job_5_running_actor_count, current val is 30
I1014 11:29:11.859709  1262 actor.cpp:408] actor 1099614388303 switch to nullptr
I1014 11:29:11.859724  1262 thread.cpp:76] thread 524337 deconstruct actor 1099614388303
I1014 11:29:11.859879  1262 runtime_context.cpp:29] DecreaseCounter job_5_running_actor_count, current val is 29
I1014 11:29:11.859908  1262 actor.cpp:408] actor 1099614388311 switch to nullptr
I1014 11:29:11.859925  1262 thread.cpp:76] thread 524337 deconstruct actor 1099614388311
I1014 11:29:11.860080  1262 runtime_context.cpp:29] DecreaseCounter job_5_running_actor_count, current val is 28
I1014 11:29:11.860107  1262 actor.cpp:408] actor 1099614388315 switch to nullptr
I1014 11:29:11.860123  1262 thread.cpp:76] thread 524337 deconstruct actor 1099614388315
I1014 11:29:11.860278  1262 runtime_context.cpp:29] DecreaseCounter job_5_running_actor_count, current val is 27
I1014 11:29:11.860303  1262 actor.cpp:408] actor 1099614388319 switch to nullptr
I1014 11:29:11.860318  1262 thread.cpp:76] thread 524337 deconstruct actor 1099614388319
I1014 11:29:11.860464  1262 runtime_context.cpp:29] DecreaseCounter job_5_running_actor_count, current val is 26
I1014 11:29:11.860492  1262 actor.cpp:408] actor 1099614388323 switch to nullptr
I1014 11:29:11.860507  1262 thread.cpp:76] thread 524337 deconstruct actor 1099614388323
I1014 11:29:11.860669  1262 runtime_context.cpp:29] DecreaseCounter job_5_running_actor_count, current val is 25
I1014 11:29:11.860702  1262 actor.cpp:408] actor 1099614388296 switch to nullptr
I1014 11:29:11.860718  1262 thread.cpp:76] thread 524337 deconstruct actor 1099614388296
I1014 11:29:11.860879  1262 runtime_context.cpp:29] DecreaseCounter job_4_running_actor_count, current val is 21
I1014 11:29:11.860906  1262 actor.cpp:408] actor 1099614388248 switch to nullptr
I1014 11:29:11.860921  1262 thread.cpp:76] thread 524337 deconstruct actor 1099614388248
I1014 11:29:11.861096  1262 runtime_context.cpp:29] DecreaseCounter job_0_running_actor_count, current val is 476
I1014 11:29:11.861124  1262 actor.cpp:408] actor 1099614388238 switch to nullptr
I1014 11:29:11.861140  1262 thread.cpp:76] thread 524337 deconstruct actor 1099614388238
I1014 11:29:11.861315  1262 runtime_context.cpp:29] DecreaseCounter job_0_running_actor_count, current val is 475
I1014 11:29:11.861341  1262 actor.cpp:408] actor 1099614388257 switch to nullptr
I1014 11:29:11.861357  1262 thread.cpp:76] thread 524337 deconstruct actor 1099614388257
I1014 11:29:11.861519  1262 runtime_context.cpp:29] DecreaseCounter job_1_running_actor_count, current val is 88
I1014 11:29:11.861546  1262 actor.cpp:408] actor 1099614388266 switch to nullptr
I1014 11:29:11.861562  1262 thread.cpp:76] thread 524337 deconstruct actor 1099614388266
I1014 11:29:11.861781  1262 runtime_context.cpp:29] DecreaseCounter job_2_running_actor_count, current val is 90
I1014 11:29:11.861838  1262 actor.cpp:408] actor 1099614388275 switch to nullptr
I1014 11:29:11.861858  1262 thread.cpp:76] thread 524337 deconstruct actor 1099614388275
I1014 11:29:11.862027  1262 runtime_context.cpp:29] DecreaseCounter job_3_running_actor_count, current val is 90
I1014 11:29:11.862054  1262 actor.cpp:408] actor 1099614388284 switch to nullptr
I1014 11:29:11.862069  1262 thread.cpp:76] thread 524337 deconstruct actor 1099614388284
I1014 11:29:11.862226  1262 runtime_context.cpp:29] DecreaseCounter job_4_running_actor_count, current val is 20
I1014 11:29:11.862253  1262 actor.cpp:408] actor 1099614388294 switch to nullptr
I1014 11:29:11.862269  1262 thread.cpp:76] thread 524337 deconstruct actor 1099614388294
I1014 11:29:11.862426  1262 runtime_context.cpp:29] DecreaseCounter job_4_running_actor_count, current val is 19
I1014 11:29:11.862452  1262 actor.cpp:408] actor 1099614388246 switch to nullptr
I1014 11:29:11.862466  1262 thread.cpp:76] thread 524337 deconstruct actor 1099614388246
I1014 11:29:11.862653  1262 runtime_context.cpp:29] DecreaseCounter job_0_running_actor_count, current val is 474
I1014 11:29:11.862705  1262 actor.cpp:408] actor 1099614388233 switch to nullptr
I1014 11:29:11.862722  1262 thread.cpp:76] thread 524337 deconstruct actor 1099614388233
I1014 11:29:11.862825  1266 actor.cpp:408] actor 2199023255722 switch to nullptr
I1014 11:29:11.862888  1266 thread.cpp:76] thread 1048576 deconstruct actor 2199023255722
I1014 11:29:11.862918  1262 runtime_context.cpp:29] DecreaseCounter job_0_running_actor_count, current val is 473
I1014 11:29:11.862886  1275 actor.cpp:408] actor 2207613190314 switch to nullptr
I1014 11:29:11.862973  1262 actor.cpp:408] actor 1099614388254 switch to nullptr
I1014 11:29:11.863052  1275 thread.cpp:76] thread 1052672 deconstruct actor 2207613190314
I1014 11:29:11.863076  1262 thread.cpp:76] thread 524337 deconstruct actor 1099614388254
I1014 11:29:11.863147  1266 runtime_context.cpp:29] DecreaseCounter job_0_running_actor_count, current val is 472
I1014 11:29:11.863204  1266 actor.cpp:408] actor 2199023255717 switch to nullptr
I1014 11:29:11.863224  1266 thread.cpp:76] thread 1048576 deconstruct actor 2199023255717
I1014 11:29:11.863286  1262 runtime_context.cpp:29] DecreaseCounter job_1_running_actor_count, current val is 87
I1014 11:29:11.863322  1262 actor.cpp:408] actor 1099614388263 switch to nullptr
I1014 11:29:11.863337  1262 thread.cpp:76] thread 524337 deconstruct actor 1099614388263
I1014 11:29:11.863366  1266 runtime_context.cpp:29] DecreaseCounter job_0_running_actor_count, current val is 471
I1014 11:29:11.863405  1266 actor.cpp:408] actor 2199023255709 switch to nullptr
I1014 11:29:11.863409  1275 runtime_context.cpp:29] DecreaseCounter job_0_running_actor_count, current val is 470
I1014 11:29:11.863423  1266 thread.cpp:76] thread 1048576 deconstruct actor 2199023255709
I1014 11:29:11.863481  1275 actor.cpp:408] actor 2207613190309 switch to nullptr
I1014 11:29:11.863498  1262 runtime_context.cpp:29] DecreaseCounter job_2_running_actor_count, current val is 89
I1014 11:29:11.863509  1275 thread.cpp:76] thread 1052672 deconstruct actor 2207613190309
I1014 11:29:11.863536  1262 actor.cpp:408] actor 1099614388272 switch to nullptr
I1014 11:29:11.863590  1262 thread.cpp:76] thread 524337 deconstruct actor 1099614388272
I1014 11:29:11.863602  1266 runtime_context.cpp:29] DecreaseCounter job_0_running_actor_count, current val is 469
I1014 11:29:11.863644  1266 actor.cpp:408] actor 2199023255701 switch to nullptr
I1014 11:29:11.863662  1266 thread.cpp:76] thread 1048576 deconstruct actor 2199023255701
I1014 11:29:11.863735  1275 runtime_context.cpp:29] DecreaseCounter job_0_running_actor_count, current val is 468
I1014 11:29:11.863776  1262 runtime_context.cpp:29] DecreaseCounter job_3_running_actor_count, current val is 89
I1014 11:29:11.863801  1266 runtime_context.cpp:29] DecreaseCounter job_0_running_actor_count, current val is 467
I1014 11:29:11.863788  1275 actor.cpp:408] actor 2207613190301 switch to nullptr
I1014 11:29:11.863811  1262 actor.cpp:408] actor 1099614388281 switch to nullptr
I1014 11:29:11.863893  1266 actor.cpp:408] actor 2199023255699 switch to nullptr
I1014 11:29:11.863916  1275 thread.cpp:76] thread 1052672 deconstruct actor 2207613190301
I1014 11:29:11.863946  1262 thread.cpp:76] thread 524337 deconstruct actor 1099614388281
I1014 11:29:11.863991  1266 thread.cpp:76] thread 1048576 deconstruct actor 2199023255699
I1014 11:29:11.864184  1275 runtime_context.cpp:29] DecreaseCounter job_0_running_actor_count, current val is 466
I1014 11:29:11.864190  1262 runtime_context.cpp:29] DecreaseCounter job_4_running_actor_count, current val is 18
I1014 11:29:11.864243  1275 actor.cpp:408] actor 2207613190299 switch to nullptr
I1014 11:29:11.864269  1262 actor.cpp:408] actor 1099614388292 switch to nullptr
I1014 11:29:11.864198  1266 runtime_context.cpp:29] DecreaseCounter job_0_running_actor_count, current val is 465
I1014 11:29:11.864274  1275 thread.cpp:76] thread 1052672 deconstruct actor 2207613190299
I1014 11:29:11.864337  1266 actor.cpp:408] actor 2199023255697 switch to nullptr
I1014 11:29:11.864320  1196 actor.cpp:411] actor 1099549376513 switch to &Actor::HandlerZombie
I1014 11:29:11.864295  1262 thread.cpp:76] thread 524337 deconstruct actor 1099614388292
I1014 11:29:11.864364  1266 thread.cpp:76] thread 1048576 deconstruct actor 2199023255697
I1014 11:29:11.864547  1275 runtime_context.cpp:29] DecreaseCounter job_0_running_actor_count, current val is 464
I1014 11:29:11.864588  1262 runtime_context.cpp:29] DecreaseCounter job_4_running_actor_count, current val is 17
I1014 11:29:11.864625  1275 actor.cpp:408] actor 2207613190293 switch to nullptr
I1014 11:29:11.864604  1266 runtime_context.cpp:29] DecreaseCounter job_0_running_actor_count, current val is 463
I1014 11:29:11.864650  1262 actor.cpp:408] actor 1099614388288 switch to nullptr
I1014 11:29:11.864709  1266 actor.cpp:408] actor 2199023255695 switch to nullptr
I1014 11:29:11.864713  1262 thread.cpp:76] thread 524337 deconstruct actor 1099614388288
I1014 11:29:11.864665  1275 thread.cpp:76] thread 1052672 deconstruct actor 2207613190293
I1014 11:29:11.864734  1266 thread.cpp:76] thread 1048576 deconstruct actor 2199023255695
I1014 11:29:11.864734  1191 actor.cpp:411] actor 1099545182209 switch to &Actor::HandlerZombie
I1014 11:29:11.864930  1262 runtime_context.cpp:29] DecreaseCounter job_4_running_actor_count, current val is 16
I1014 11:29:11.864946  1266 runtime_context.cpp:29] DecreaseCounter job_0_running_actor_count, current val is 462
I1014 11:29:11.864953  1275 runtime_context.cpp:29] DecreaseCounter job_0_running_actor_count, current val is 461
I1014 11:29:11.864960  1262 actor.cpp:411] actor 1099614388297 switch to &Actor::HandlerZombie
I1014 11:29:11.864993  1266 actor.cpp:408] actor 2199023255687 switch to nullptr
I1014 11:29:11.865036  1275 actor.cpp:408] actor 2207613190291 switch to nullptr
I1014 11:29:11.865044  1262 actor.cpp:408] actor 1099614388289 switch to nullptr
I1014 11:29:11.865062  1266 thread.cpp:76] thread 1048576 deconstruct actor 2199023255687
I1014 11:29:11.865090  1275 thread.cpp:76] thread 1052672 deconstruct actor 2207613190291
I1014 11:29:11.865108  1195 actor.cpp:411] actor 1099547279361 switch to &Actor::HandlerZombie
I1014 11:29:11.865125  1196 thread.cpp:76] thread 524306 deconstruct actor 1099549376513
I1014 11:29:11.865128  1262 thread.cpp:76] thread 524337 deconstruct actor 1099614388289
I1014 11:29:11.865320  1266 runtime_context.cpp:29] DecreaseCounter job_0_running_actor_count, current val is 460
I1014 11:29:11.865356  1275 runtime_context.cpp:29] DecreaseCounter job_0_running_actor_count, current val is 459
I1014 11:29:11.865356  1266 actor.cpp:408] actor 2199023255683 switch to nullptr
I1014 11:29:11.865413  1266 thread.cpp:76] thread 1048576 deconstruct actor 2199023255683
I1014 11:29:11.865418  1275 actor.cpp:408] actor 2207613190289 switch to nullptr
I1014 11:29:11.865444  1275 thread.cpp:76] thread 1052672 deconstruct actor 2207613190289
I1014 11:29:11.865447  1196 runtime_context.cpp:29] DecreaseCounter job_4_running_actor_count, current val is 15
I1014 11:29:11.865478  1262 runtime_context.cpp:29] DecreaseCounter job_4_running_actor_count, current val is 14
I1014 11:29:11.865515  1266 runtime_context.cpp:29] DecreaseCounter job_0_running_actor_count, current val is 458
I1014 11:29:11.865592  1262 actor.cpp:411] actor 1099614388249 switch to &Actor::HandlerZombie
I1014 11:29:11.865622  1266 actor.cpp:408] actor 2199023255613 switch to nullptr
I1014 11:29:11.865666  1262 actor.cpp:408] actor 1099614388242 switch to nullptr
I1014 11:29:11.865670  1266 thread.cpp:76] thread 1048576 deconstruct actor 2199023255613
I1014 11:29:11.865690  1262 thread.cpp:76] thread 524337 deconstruct actor 1099614388242
I1014 11:29:11.865747  1275 runtime_context.cpp:29] DecreaseCounter job_0_running_actor_count, current val is 457
I1014 11:29:11.865814  1266 runtime_context.cpp:29] DecreaseCounter job_0_running_actor_count, current val is 456
I1014 11:29:11.865748  1175 actor.cpp:411] actor 1099511627777 switch to &Actor::HandlerZombie
I1014 11:29:11.865845  1275 actor.cpp:408] actor 2207613190287 switch to nullptr
I1014 11:29:11.865892  1262 runtime_context.cpp:29] DecreaseCounter job_0_running_actor_count, current val is 455
I1014 11:29:11.865854  1266 actor.cpp:408] actor 2199023255685 switch to nullptr
I1014 11:29:11.865936  1262 actor.cpp:408] actor 1099614388243 switch to nullptr
I1014 11:29:11.865942  1266 thread.cpp:76] thread 1048576 deconstruct actor 2199023255685
I1014 11:29:11.865902  1275 thread.cpp:76] thread 1052672 deconstruct actor 2207613190287
I1014 11:29:11.865958  1262 thread.cpp:76] thread 524337 deconstruct actor 1099614388243
I1014 11:29:11.866014  1176 actor.cpp:411] actor 1099513724929 switch to &Actor::HandlerZombie
I1014 11:29:11.866070  1266 runtime_context.cpp:29] DecreaseCounter job_0_running_actor_count, current val is 454
I1014 11:29:11.866101  1266 actor.cpp:408] actor 2199023255558 switch to nullptr
I1014 11:29:11.866115  1266 thread.cpp:76] thread 1048576 deconstruct actor 2199023255558
I1014 11:29:11.866158  1275 runtime_context.cpp:29] DecreaseCounter job_0_running_actor_count, current val is 453
I1014 11:29:11.866194  1262 runtime_context.cpp:29] DecreaseCounter job_0_running_actor_count, current val is 452
I1014 11:29:11.866211  1275 actor.cpp:408] actor 2207613190279 switch to nullptr
I1014 11:29:11.866199  1266 runtime_context.cpp:29] DecreaseCounter job_0_running_actor_count, current val is 451
I1014 11:29:11.866252  1275 thread.cpp:76] thread 1052672 deconstruct actor 2207613190279
I1014 11:29:11.866252  1262 actor.cpp:408] actor 1099614388232 switch to nullptr
I1014 11:29:11.866287  1266 actor.cpp:408] actor 2199023255711 switch to nullptr
I1014 11:29:11.866325  1262 thread.cpp:76] thread 524337 deconstruct actor 1099614388232
I1014 11:29:11.866343  1266 thread.cpp:76] thread 1048576 deconstruct actor 2199023255711
I1014 11:29:11.866371  1182 actor.cpp:408] actor 1099526307840 switch to nullptr
I1014 11:29:11.866417  1253 actor.cpp:408] actor 1099593416704 switch to nullptr
I1014 11:29:11.866451  1275 runtime_context.cpp:29] DecreaseCounter job_0_running_actor_count, current val is 450
I1014 11:29:11.866468  1190 actor.cpp:408] actor 1099543085056 switch to nullptr
I1014 11:29:11.866465  1253 thread.cpp:76] thread 524327 deconstruct actor 1099593416704
I1014 11:29:11.866477  1202 actor.cpp:408] actor 1099559862272 switch to nullptr
I1014 11:29:11.866484  1266 runtime_context.cpp:29] DecreaseCounter job_0_running_actor_count, current val is 449
I1014 11:29:11.866698  1268 actor.cpp:411] actor 2199025352705 switch to &Actor::HandlerZombie
I1014 11:29:11.866427  1182 thread.cpp:76] thread 524295 deconstruct actor 1099526307840
I1014 11:29:11.866860  1268 actor.cpp:411] actor 2199025352704 switch to &Actor::HandlerZombie
I1014 11:29:11.866503  1244 actor.cpp:408] actor 1099576639488 switch to nullptr
I1014 11:29:11.866955  1244 thread.cpp:76] thread 524319 deconstruct actor 1099576639488
I1014 11:29:11.866551  1275 actor.cpp:408] actor 2207613190275 switch to nullptr
I1014 11:29:11.866631  1277 actor.cpp:411] actor 2207615287297 switch to &Actor::HandlerZombie
I1014 11:29:11.866631  1262 runtime_context.cpp:29] DecreaseCounter job_0_running_actor_count, current val is 448
I1014 11:29:11.867195  1262 actor.cpp:408] actor 1099614388231 switch to nullptr
I1014 11:29:11.866806  1266 actor.cpp:408] actor 2199023255569 switch to nullptr
I1014 11:29:11.867251  1266 thread.cpp:76] thread 1048576 deconstruct actor 2199023255569
I1014 11:29:11.866879  1253 runtime_context.cpp:29] DecreaseCounter job_0_running_actor_count, current val is 447
I1014 11:29:11.866544  1190 thread.cpp:76] thread 524303 deconstruct actor 1099543085056
I1014 11:29:11.866537  1261 actor.cpp:411] actor 1099610193920 switch to &Actor::HandlerZombie
I1014 11:29:11.867064  1275 thread.cpp:76] thread 1052672 deconstruct actor 2207613190275
I1014 11:29:11.867128  1277 actor.cpp:411] actor 2207615287296 switch to &Actor::HandlerZombie
I1014 11:29:11.867491  1266 runtime_context.cpp:29] DecreaseCounter job_0_running_actor_count, current val is 445
I1014 11:29:11.867511  1189 actor.cpp:408] actor 1099540987904 switch to nullptr
I1014 11:29:11.867600  1189 thread.cpp:76] thread 524302 deconstruct actor 1099540987904
I1014 11:29:11.867332  1244 runtime_context.cpp:29] DecreaseCounter job_0_running_actor_count, current val is 446
I1014 11:29:11.867408  1261 thread.cpp:76] thread 524335 deconstruct actor 1099610193920
I1014 11:29:11.867713  1275 runtime_context.cpp:29] DecreaseCounter job_0_running_actor_count, current val is 444
I1014 11:29:11.866763  1202 thread.cpp:76] thread 524311 deconstruct actor 1099559862272
I1014 11:29:11.867487  1201 actor.cpp:408] actor 1099557765120 switch to nullptr
I1014 11:29:11.867818  1189 runtime_context.cpp:29] DecreaseCounter job_0_running_actor_count, current val is 442
I1014 11:29:11.867514  1277 actor.cpp:411] actor 2207615287298 switch to &Actor::HandlerZombie
I1014 11:29:11.867524  1252 actor.cpp:408] actor 1099591319552 switch to nullptr
I1014 11:29:11.867928  1277 actor.cpp:411] actor 2207615287300 switch to &Actor::HandlerZombie
I1014 11:29:11.867228  1262 thread.cpp:76] thread 524337 deconstruct actor 1099614388231
I1014 11:29:11.867645  1260 actor.cpp:411] actor 1099608096768 switch to &Actor::HandlerZombie
I1014 11:29:11.868067  1202 runtime_context.cpp:29] DecreaseCounter job_0_running_actor_count, current val is 441
I1014 11:29:11.867784  1275 actor.cpp:408] actor 2207613190205 switch to nullptr
I1014 11:29:11.868140  1275 thread.cpp:76] thread 1052672 deconstruct actor 2207613190205
I1014 11:29:11.867812  1190 runtime_context.cpp:29] DecreaseCounter job_0_running_actor_count, current val is 443
I1014 11:29:11.867941  1252 thread.cpp:76] thread 524326 deconstruct actor 1099591319552
I1014 11:29:11.867533  1243 actor.cpp:408] actor 1099574542336 switch to nullptr
I1014 11:29:11.868250  1262 runtime_context.cpp:29] DecreaseCounter job_0_running_actor_count, current val is 439
I1014 11:29:11.868085  1260 thread.cpp:76] thread 524334 deconstruct actor 1099608096768
I1014 11:29:11.868315  1262 actor.cpp:408] actor 1099614388230 switch to nullptr
I1014 11:29:11.868152  1261 runtime_context.cpp:29] DecreaseCounter job_0_running_actor_count, current val is 440
I1014 11:29:11.867856  1201 thread.cpp:76] thread 524310 deconstruct actor 1099557765120
I1014 11:29:11.867558  1266 actor.cpp:408] actor 2199023255590 switch to nullptr
I1014 11:29:11.868269  1243 thread.cpp:76] thread 524318 deconstruct actor 1099574542336
I1014 11:29:11.868319  1275 runtime_context.cpp:29] DecreaseCounter job_0_running_actor_count, current val is 438
I1014 11:29:11.867449  1181 actor.cpp:408] actor 1099524210688 switch to nullptr
I1014 11:29:11.868345  1262 thread.cpp:76] thread 524337 deconstruct actor 1099614388230
I1014 11:29:11.868443  1266 thread.cpp:76] thread 1048576 deconstruct actor 2199023255590
I1014 11:29:11.868633  1188 actor.cpp:408] actor 1099538890752 switch to nullptr
I1014 11:29:11.868644  1251 actor.cpp:408] actor 1099589222400 switch to nullptr
I1014 11:29:11.868782  1266 runtime_context.cpp:29] DecreaseCounter job_0_running_actor_count, current val is 436
I1014 11:29:11.868492  1242 actor.cpp:408] actor 1099572445184 switch to nullptr
I1014 11:29:11.868561  1181 thread.cpp:76] thread 524294 deconstruct actor 1099524210688
I1014 11:29:11.868906  1201 runtime_context.cpp:29] DecreaseCounter job_0_running_actor_count, current val is 433
I1014 11:29:11.868939  1260 runtime_context.cpp:29] DecreaseCounter job_0_running_actor_count, current val is 432
I1014 11:29:11.868667  1188 thread.cpp:76] thread 524301 deconstruct actor 1099538890752
I1014 11:29:11.868472  1180 actor.cpp:408] actor 1099522113536 switch to nullptr
I1014 11:29:11.869079  1180 thread.cpp:76] thread 524293 deconstruct actor 1099522113536
I1014 11:29:11.868716  1259 actor.cpp:411] actor 1099605999616 switch to &Actor::HandlerZombie
I1014 11:29:11.869158  1259 thread.cpp:76] thread 524333 deconstruct actor 1099605999616
I1014 11:29:11.868793  1251 thread.cpp:76] thread 524325 deconstruct actor 1099589222400
I1014 11:29:11.868830  1266 actor.cpp:408] actor 2199023255715 switch to nullptr
I1014 11:29:11.869293  1266 thread.cpp:76] thread 1048576 deconstruct actor 2199023255715
I1014 11:29:11.868839  1243 runtime_context.cpp:29] DecreaseCounter job_0_running_actor_count, current val is 435
I1014 11:29:11.868894  1262 runtime_context.cpp:29] DecreaseCounter job_0_running_actor_count, current val is 434
I1014 11:29:11.868896  1242 thread.cpp:76] thread 524317 deconstruct actor 1099572445184
I1014 11:29:11.869396  1262 actor.cpp:408] actor 1099614388225 switch to nullptr
I1014 11:29:11.869422  1262 thread.cpp:76] thread 524337 deconstruct actor 1099614388225
I1014 11:29:11.868620  1200 actor.cpp:408] actor 1099555667968 switch to nullptr
I1014 11:29:11.868491  1252 runtime_context.cpp:29] DecreaseCounter job_0_running_actor_count, current val is 437
I1014 11:29:11.869266  1188 runtime_context.cpp:29] DecreaseCounter job_0_running_actor_count, current val is 431
I1014 11:29:11.869552  1191 actor.cpp:408] actor 1099545182208 switch to nullptr
I1014 11:29:11.869622  1203 actor.cpp:408] actor 1099561959424 switch to nullptr
I1014 11:29:11.869649  1183 actor.cpp:408] actor 1099528404992 switch to nullptr
I1014 11:29:11.869498  1175 actor.cpp:408] actor 1099511627776 switch to nullptr
I1014 11:29:11.869428  1266 runtime_context.cpp:29] DecreaseCounter job_0_running_actor_count, current val is 430
I1014 11:29:11.869592  1251 runtime_context.cpp:29] DecreaseCounter job_0_running_actor_count, current val is 429
I1014 11:29:11.868644  1275 actor.cpp:408] actor 2207613190277 switch to nullptr
I1014 11:29:11.869637  1191 thread.cpp:76] thread 524304 deconstruct actor 1099545182208
I1014 11:29:11.869652  1245 actor.cpp:408] actor 1099578736640 switch to nullptr
I1014 11:29:11.870030  1245 thread.cpp:76] thread 524320 deconstruct actor 1099578736640
I1014 11:29:11.869652  1259 runtime_context.cpp:29] DecreaseCounter job_0_running_actor_count, current val is 428
I1014 11:29:11.869740  1203 thread.cpp:76] thread 524312 deconstruct actor 1099561959424
I1014 11:29:11.869494  1200 thread.cpp:76] thread 524309 deconstruct actor 1099555667968
I1014 11:29:11.870177  1191 runtime_context.cpp:29] DecreaseCounter job_0_running_actor_count, current val is 425
I1014 11:29:11.869751  1268 actor.cpp:411] actor 2199025352707 switch to &Actor::HandlerZombie
I1014 11:29:11.869765  1183 thread.cpp:76] thread 524296 deconstruct actor 1099528404992
I1014 11:29:11.869771  1254 actor.cpp:411] actor 1099595513856 switch to &Actor::HandlerZombie
I1014 11:29:11.869801  1242 runtime_context.cpp:29] DecreaseCounter job_0_running_actor_count, current val is 427
I1014 11:29:11.869830  1175 thread.cpp:76] thread 524288 deconstruct actor 1099511627776
I1014 11:29:11.869871  1262 runtime_context.cpp:29] DecreaseCounter job_0_running_actor_count, current val is 426
I1014 11:29:11.869892  1266 actor.cpp:408] actor 2199023255606 switch to nullptr
I1014 11:29:11.870483  1266 thread.cpp:76] thread 1048576 deconstruct actor 2199023255606
I1014 11:29:11.870302  1268 actor.cpp:411] actor 2199025352709 switch to &Actor::HandlerZombie
I1014 11:29:11.870329  1254 thread.cpp:76] thread 524328 deconstruct actor 1099595513856
I1014 11:29:11.870339  1203 runtime_context.cpp:29] DecreaseCounter job_0_running_actor_count, current val is 424
I1014 11:29:11.870385  1245 runtime_context.cpp:29] DecreaseCounter job_0_running_actor_count, current val is 423
I1014 11:29:11.870833  1266 runtime_context.cpp:29] DecreaseCounter job_0_running_actor_count, current val is 420
I1014 11:29:11.870903  1266 actor.cpp:408] actor 2199023255689 switch to nullptr
I1014 11:29:11.870927  1266 thread.cpp:76] thread 1048576 deconstruct actor 2199023255689
