Log file created at: 2021/10/13 11:30:44
Running on machine: oneflow-14
Log line format: [IWEF]mmdd hh:mm:ss.uuuuuu threadid file:line] msg
I1013 11:30:44.674567 39198 global.h:36] NewGlobal 14cudaDeviceProp
I1013 11:30:44.675447 39198 global.h:36] NewGlobal N7oneflow7EnvDescE
I1013 11:30:44.675463 39198 global.h:36] NewGlobal N7oneflow10ProcessCtxE
I1013 11:30:44.675472 39198 env_global_objects_scope.cpp:152] using rpc backend: local
I1013 11:30:44.675485 39198 global.h:36] NewGlobal N7oneflow12ResourceDescE
I1013 11:30:44.675494 39198 global.h:36] NewGlobal N7oneflow12ResourceDescE
I1013 11:30:44.741816 39198 global.h:36] NewGlobal N7oneflow10ThreadPoolE
I1013 11:30:44.743124 39198 global.h:36] NewGlobal N7oneflow16EagerNcclCommMgrE
I1013 11:30:44.743141 39198 global.h:36] NewGlobal N7oneflow18CudnnConvAlgoCacheE
I1013 11:30:44.743150 39198 global.h:36] NewGlobal N7oneflow2vm19VirtualMachineScopeE
I1013 11:30:44.743158 39198 global.h:36] NewGlobal N7oneflow9OneflowVME
I1013 11:30:44.744093 39198 oneflow_vm.cpp:75] transport stream type: N7oneflow2vm13CpuStreamTypeE
I1013 11:30:44.744112 39198 oneflow_vm.cpp:75] transport stream type: N7oneflow2vm14CudaStreamTypeE
I1013 11:30:44.744119 39198 oneflow_vm.cpp:75] transport stream type: N7oneflow2vm19AsyncCudaStreamTypeE
I1013 11:30:44.744266 39198 global.h:36] NewGlobal N7oneflow27EagerJobBuildAndInferCtxMgrE
I1013 11:30:44.744282 39198 global.h:36] NewGlobal N7oneflow12EpollCommNetE
I1013 11:30:44.744413 39198 epoll_comm_network.cpp:63] CommNet:Epoll listening on 0.0.0.0:46556
I1013 11:30:44.744462 39198 epoll_comm_network.cpp:197] machine 0 sockfd -1
I1013 11:30:44.744594 39198 global.h:36] NewGlobal N7oneflow9TransportE
I1013 11:30:44.746081 39198 global.h:43] DeleteGlobal N7oneflow12ResourceDescE
I1013 11:30:44.746112 39198 version.cpp:22] OneFlow git version: b295ca2324
I1013 11:30:44.746131 39198 device_register_gpu.cpp:56] CUDA runtime version: 11.2
I1013 11:30:44.746150 39198 device_register_gpu.cpp:65] cuDNN version: 8.1.1
I1013 11:30:44.746161 39198 device_register_gpu.cpp:78] NCCL version: 2.9.8
I1013 11:30:44.746170 39198 global.h:36] NewGlobal N7oneflow12ResourceDescE
I1013 11:30:44.746178 39198 global.h:36] NewGlobal N7oneflow5IDMgrE
I1013 11:30:44.746186 39198 global.h:36] NewGlobal N7oneflow16AvailableMemDescE
I1013 11:30:44.746214 39198 global.h:36] NewGlobal St13unordered_mapISslSt4hashISsESt8equal_toISsESaISt4pairIKSslEEE
I1013 11:30:44.746223 39198 global.h:36] NewGlobal N7oneflow19CriticalSectionDescE
I1013 11:30:44.746230 39198 global.h:36] NewGlobal N7oneflow16InterUserJobInfoE
I1013 11:30:44.746239 39198 global.h:36] NewGlobal N7oneflow26LazyJobBuildAndInferCtxMgrE
I1013 11:30:44.746246 39198 global.h:36] NewGlobal N7oneflow16JobSetCompileCtxE
I1013 11:30:44.746254 39198 global.h:36] NewGlobal N7oneflow26RuntimeBufferManagersScopeE
I1013 11:30:44.746263 39198 global.h:36] NewGlobal N7oneflow9BufferMgrIlEE
I1013 11:30:44.746269 39198 global.h:36] NewGlobal N7oneflow9BufferMgrISt10shared_ptrINS_11JobInstanceEEEE
I1013 11:30:44.746276 39198 global.h:36] NewGlobal N7oneflow10RuntimeCtxE
I1013 11:30:44.746284 39198 global.h:36] NewGlobal N7oneflow15MemoryAllocatorE
I1013 11:30:44.746290 39198 global.h:36] NewGlobal N7oneflow8ChunkMgrE
I1013 11:30:44.746297 39198 global.h:36] NewGlobal N7oneflow8RegstMgrE
I1013 11:30:44.746304 39198 global.h:36] NewGlobal N7oneflow11ActorMsgBusE
I1013 11:30:44.746311 39198 global.h:36] NewGlobal N7oneflow9ThreadMgrE
I1013 11:30:44.746318 39198 global.h:36] NewGlobal N7oneflow15RuntimeJobDescsE
I1013 11:30:44.746325 39198 global.h:36] NewGlobal N7oneflow7summary12EventsWriterE
I1013 11:30:44.746335 39198 global.h:36] NewGlobal N7oneflow6boxing10collective24CollectiveBoxingExecutorE
I1013 11:30:44.746342 39198 global.h:36] NewGlobal N7oneflow6boxing10collective31CollectiveBoxingDeviceCtxPollerE
I1013 11:30:44.746493 39198 session.h:77] NewGlobal N7oneflow25SessionGlobalObjectsScopeE
I1013 11:30:44.747272 39198 global.h:36] NewGlobal N7oneflow7JobDescE
I1013 11:30:45.134469 39198 global.h:43] DeleteGlobal N7oneflow7JobDescE
I1013 11:30:45.134707 39198 global.h:36] NewGlobal N7oneflow7JobDescE
I1013 11:30:45.137724 39198 global.h:36] NewGlobal N7oneflow7OpGraphE
I1013 11:30:45.141625 39198 global.h:43] DeleteGlobal N7oneflow7OpGraphE
I1013 11:30:45.299818 39198 global.h:43] DeleteGlobal N7oneflow7JobDescE
I1013 11:30:45.315606 39198 global.h:36] NewGlobal N7oneflow24InterJobReuseMemStrategyE
I1013 11:30:45.315632 39198 global.h:36] NewGlobal N7oneflow7OneflowE
I1013 11:30:45.327318 39198 global.h:36] NewGlobal N7oneflow7JobDescE
I1013 11:30:45.529369 39198 global.h:36] NewGlobal N7oneflow7OpGraphE
I1013 11:30:45.603235 39198 global.h:43] DeleteGlobal N7oneflow7OpGraphE
I1013 11:30:45.613241 39198 oneflow.cpp:210] 
job_id: 0 , job_name: train_job , compile time: 0.285878 seconds.
I1013 11:30:45.663677 39198 global.h:43] DeleteGlobal N7oneflow7JobDescE
I1013 11:30:45.663975 39198 global.h:36] NewGlobal N7oneflow7JobDescE
I1013 11:30:45.710530 39198 global.h:36] NewGlobal N7oneflow7OpGraphE
I1013 11:30:45.727491 39198 global.h:43] DeleteGlobal N7oneflow7OpGraphE
I1013 11:30:45.732192 39198 oneflow.cpp:210] 
job_id: 1 , job_name: System-ModelInit , compile time: 0.0680543 seconds.
I1013 11:30:45.743718 39198 global.h:43] DeleteGlobal N7oneflow7JobDescE
I1013 11:30:45.743746 39198 global.h:36] NewGlobal N7oneflow7JobDescE
I1013 11:30:45.787865 39198 global.h:36] NewGlobal N7oneflow7OpGraphE
I1013 11:30:45.805075 39198 global.h:43] DeleteGlobal N7oneflow7OpGraphE
I1013 11:30:45.809861 39198 oneflow.cpp:210] 
job_id: 2 , job_name: System-ModelLoad , compile time: 0.0660969 seconds.
I1013 11:30:45.821571 39198 global.h:43] DeleteGlobal N7oneflow7JobDescE
I1013 11:30:45.821599 39198 global.h:36] NewGlobal N7oneflow7JobDescE
I1013 11:30:45.865162 39198 global.h:36] NewGlobal N7oneflow7OpGraphE
I1013 11:30:45.881903 39198 global.h:43] DeleteGlobal N7oneflow7OpGraphE
I1013 11:30:45.886381 39198 oneflow.cpp:210] 
job_id: 3 , job_name: System-ModelSave , compile time: 0.0647644 seconds.
I1013 11:30:45.898213 39198 global.h:43] DeleteGlobal N7oneflow7JobDescE
I1013 11:30:45.898241 39198 global.h:36] NewGlobal N7oneflow7JobDescE
I1013 11:30:45.906383 39198 global.h:36] NewGlobal N7oneflow7OpGraphE
I1013 11:30:45.909978 39198 global.h:43] DeleteGlobal N7oneflow7OpGraphE
I1013 11:30:45.911517 39198 oneflow.cpp:210] 
job_id: 4 , job_name: System-Pull-Return_22 , compile time: 0.0132611 seconds.
I1013 11:30:45.914973 39198 global.h:43] DeleteGlobal N7oneflow7JobDescE
I1013 11:30:45.919087 39198 global.h:36] NewGlobal N7oneflow7JobDescE
I1013 11:30:45.919121 39198 global.h:36] NewGlobal N7oneflow7OpGraphE
I1013 11:30:45.924301 39198 global.h:43] DeleteGlobal N7oneflow7OpGraphE
I1013 11:30:45.927937 39198 oneflow.cpp:210] 
job_id: 5 , job_name: MainJob-unamed , compile time: 0.00882483 seconds.
I1013 11:30:45.934942 39198 global.h:43] DeleteGlobal N7oneflow7JobDescE
I1013 11:30:45.937534 39198 plan_util.cpp:928]  Plan: merged_plan needs to allocate [ 374.897 MiB ] device memory in Rank: 0 , Device: 0
I1013 11:30:46.040395 39198 oneflow.cpp:998]  PushPlan merged_plan time: 0.0100751 seconds.
I1013 11:30:46.068862 39198 oneflow.cpp:1014]  PullPlan merged_plan time: 0.0243535 seconds.
I1013 11:30:48.035212 39198 runtime_context.cpp:21] NewCounter constructing_actor_cnt 399
I1013 11:30:48.036113 39737 naive_actor.cpp:25] actor 2199023255699 switch to &NaiveActor::HandlerNormal
I1013 11:30:48.036226 39730 naive_actor.cpp:25] actor 1099614388235 switch to &NaiveActor::HandlerNormal
I1013 11:30:48.036337 39737 thread.cpp:96] Thread 1048576 construct Actor kDeviceTick 2199023255699
I1013 11:30:48.036386 39730 thread.cpp:96] Thread 524337 construct Actor kDeviceTick 1099614388235
I1013 11:30:48.036567 39730 runtime_context.cpp:29] DecreaseCounter constructing_actor_cnt, current val is 398
I1013 11:30:48.036579 39737 runtime_context.cpp:29] DecreaseCounter constructing_actor_cnt, current val is 397
I1013 11:30:48.036638 39731 wait_and_send_ids_actor.cpp:53] actor 1099616485376 switch to &WaitAndSendIdsActor::HandlerWaitToStart
I1013 11:30:48.036783 39731 thread.cpp:96] Thread 524338 construct Actor kWaitAndSendIds 1099616485376
I1013 11:30:48.036845 39730 naive_actor.cpp:25] actor 1099614388228 switch to &NaiveActor::HandlerNormal
I1013 11:30:48.037025 39730 thread.cpp:96] Thread 524337 construct Actor kDeviceTick 1099614388228
I1013 11:30:48.037047 39737 naive_actor.cpp:25] actor 2199023255738 switch to &NaiveActor::HandlerNormal
I1013 11:30:48.037099 39731 runtime_context.cpp:29] DecreaseCounter constructing_actor_cnt, current val is 396
I1013 11:30:48.037125 39730 runtime_context.cpp:29] DecreaseCounter constructing_actor_cnt, current val is 395
I1013 11:30:48.037145 39737 thread.cpp:96] Thread 1048576 construct Actor kDeviceTick 2199023255738
I1013 11:30:48.037269 39737 runtime_context.cpp:29] DecreaseCounter constructing_actor_cnt, current val is 394
I1013 11:30:48.037461 39730 naive_actor.cpp:25] actor 1099614388245 switch to &NaiveActor::HandlerNormal
I1013 11:30:48.037523 39730 thread.cpp:96] Thread 524337 construct Actor kDeviceTick 1099614388245
I1013 11:30:48.037567 39737 naive_actor.cpp:25] actor 2199023255777 switch to &NaiveActor::HandlerNormal
I1013 11:30:48.037606 39737 thread.cpp:96] Thread 1048576 construct Actor kDeviceTick 2199023255777
I1013 11:30:48.037588 39730 runtime_context.cpp:29] DecreaseCounter constructing_actor_cnt, current val is 393
I1013 11:30:48.037665 39737 runtime_context.cpp:29] DecreaseCounter constructing_actor_cnt, current val is 392
I1013 11:30:48.037884 39730 naive_actor.cpp:25] actor 1099614388254 switch to &NaiveActor::HandlerNormal
I1013 11:30:48.037907 39737 naive_actor.cpp:25] actor 2199023255816 switch to &NaiveActor::HandlerNormal
I1013 11:30:48.037950 39730 thread.cpp:96] Thread 524337 construct Actor kDeviceTick 1099614388254
I1013 11:30:48.037983 39737 thread.cpp:96] Thread 1048576 construct Actor kDeviceTick 2199023255816
I1013 11:30:48.038046 39730 runtime_context.cpp:29] DecreaseCounter constructing_actor_cnt, current val is 391
I1013 11:30:48.038065 39737 runtime_context.cpp:29] DecreaseCounter constructing_actor_cnt, current val is 390
I1013 11:30:48.038317 39730 naive_actor.cpp:25] actor 1099614388263 switch to &NaiveActor::HandlerNormal
I1013 11:30:48.038352 39730 thread.cpp:96] Thread 524337 construct Actor kDeviceTick 1099614388263
I1013 11:30:48.038403 39730 runtime_context.cpp:29] DecreaseCounter constructing_actor_cnt, current val is 389
I1013 11:30:48.038655 39730 naive_actor.cpp:25] actor 1099614388278 switch to &NaiveActor::HandlerNormal
I1013 11:30:48.038689 39730 thread.cpp:96] Thread 524337 construct Actor kDeviceTick 1099614388278
I1013 11:30:48.038738 39730 runtime_context.cpp:29] DecreaseCounter constructing_actor_cnt, current val is 388
I1013 11:30:48.038973 39730 naive_actor.cpp:25] actor 1099614388271 switch to &NaiveActor::HandlerNormal
I1013 11:30:48.039007 39730 thread.cpp:96] Thread 524337 construct Actor kDeviceTick 1099614388271
I1013 11:30:48.039059 39730 runtime_context.cpp:29] DecreaseCounter constructing_actor_cnt, current val is 387
I1013 11:30:48.046173 39714 naive_actor.cpp:25] actor 1099538890752 switch to &NaiveActor::HandlerNormal
I1013 11:30:48.046356 39741 naive_actor.cpp:25] actor 2199027449856 switch to &NaiveActor::HandlerNormal
I1013 11:30:48.046358 39714 thread.cpp:96] Thread 524301 construct Actor kNormalForward 1099538890752
I1013 11:30:48.046388 39741 thread.cpp:96] Thread 1048578 construct Actor kCopyHd 2199027449856
I1013 11:30:48.046450 39741 runtime_context.cpp:29] DecreaseCounter constructing_actor_cnt, current val is 386
I1013 11:30:48.046504 39714 runtime_context.cpp:29] DecreaseCounter constructing_actor_cnt, current val is 385
I1013 11:30:48.046658 39725 naive_actor.cpp:25] actor 1099561959424 switch to &NaiveActor::HandlerNormal
I1013 11:30:48.046670 39730 naive_actor.cpp:25] actor 1099614388226 switch to &NaiveActor::HandlerNormal
I1013 11:30:48.046664 39729 naive_actor.cpp:25] actor 1099570348032 switch to &NaiveActor::HandlerNormal
I1013 11:30:48.046674 39712 naive_actor.cpp:25] actor 1099534696448 switch to &NaiveActor::HandlerNormal
I1013 11:30:48.047106 39712 thread.cpp:96] Thread 524299 construct Actor kNormalForward 1099534696448
I1013 11:30:48.046658 39715 naive_actor.cpp:25] actor 1099540987904 switch to &NaiveActor::HandlerNormal
I1013 11:30:48.047338 39709 naive_actor.cpp:25] actor 1099528404992 switch to &NaiveActor::HandlerNormal
I1013 11:30:48.046744 39726 naive_actor.cpp:25] actor 1099564056576 switch to &NaiveActor::HandlerNormal
I1013 11:30:48.046674 39732 sink_actor.cpp:21] actor 1099618582528 switch to &SinkActor::HandlerNormal
I1013 11:30:48.046770 39724 naive_actor.cpp:25] actor 1099559862272 switch to &NaiveActor::HandlerNormal
I1013 11:30:48.047817 39724 thread.cpp:96] Thread 524311 construct Actor kNormalForward 1099559862272
I1013 11:30:48.047873 39716 naive_actor.cpp:25] actor 1099543085056 switch to &NaiveActor::HandlerNormal
I1013 11:30:48.047947 39724 runtime_context.cpp:29] DecreaseCounter constructing_actor_cnt, current val is 383
I1013 11:30:48.046782 39725 thread.cpp:96] Thread 524312 construct Actor kForeignInput 1099561959424
I1013 11:30:48.046836 39721 naive_actor.cpp:25] actor 1099553570816 switch to &NaiveActor::HandlerNormal
I1013 11:30:48.046871 39730 thread.cpp:96] Thread 524337 construct Actor kDeviceTick 1099614388226
I1013 11:30:48.046887 39739 naive_actor.cpp:25] actor 2199025352708 switch to &NaiveActor::HandlerNormal
I1013 11:30:48.048285 39739 thread.cpp:96] Thread 1048577 construct Actor kCopyHd 2199025352708
I1013 11:30:48.047006 39737 naive_actor.cpp:25] actor 2199023255573 switch to &NaiveActor::HandlerNormal
I1013 11:30:48.048372 39737 thread.cpp:96] Thread 1048576 construct Actor kNormalForward 2199023255573
I1013 11:30:48.046679 39711 naive_actor.cpp:25] actor 1099532599296 switch to &NaiveActor::HandlerNormal
I1013 11:30:48.048521 39711 thread.cpp:96] Thread 524298 construct Actor kNormalForward 1099532599296
I1013 11:30:48.047197 39720 naive_actor.cpp:25] actor 1099551473664 switch to &NaiveActor::HandlerNormal
I1013 11:30:48.047228 39728 naive_actor.cpp:25] actor 1099568250880 switch to &NaiveActor::HandlerNormal
I1013 11:30:48.048713 39728 thread.cpp:96] Thread 524315 construct Actor kNormalForward 1099568250880
I1013 11:30:48.047323 39717 naive_actor.cpp:25] actor 1099545182208 switch to &NaiveActor::HandlerNormal
I1013 11:30:48.047367 39718 naive_actor.cpp:25] actor 1099547279360 switch to &NaiveActor::HandlerNormal
I1013 11:30:48.048862 39717 thread.cpp:96] Thread 524304 construct Actor kNormalForward 1099545182208
I1013 11:30:48.047341 39706 naive_actor.cpp:25] actor 1099522113536 switch to &NaiveActor::HandlerNormal
I1013 11:30:48.048985 39706 thread.cpp:96] Thread 524293 construct Actor kNormalForward 1099522113536
I1013 11:30:48.047421 39715 thread.cpp:96] Thread 524302 construct Actor kNormalForward 1099540987904
I1013 11:30:48.047447 39708 naive_actor.cpp:25] actor 1099526307840 switch to &NaiveActor::HandlerNormal
I1013 11:30:48.049206 39715 runtime_context.cpp:29] DecreaseCounter constructing_actor_cnt, current val is 374
I1013 11:30:48.049227 39708 thread.cpp:96] Thread 524295 construct Actor kNormalForward 1099526307840
I1013 11:30:48.047449 39707 naive_actor.cpp:25] actor 1099524210688 switch to &NaiveActor::HandlerNormal
I1013 11:30:48.049376 39707 thread.cpp:96] Thread 524294 construct Actor kNormalForward 1099524210688
I1013 11:30:48.047521 39709 thread.cpp:96] Thread 524296 construct Actor kNormalForward 1099528404992
I1013 11:30:48.047574 39704 naive_actor.cpp:25] actor 1099517919232 switch to &NaiveActor::HandlerNormal
I1013 11:30:48.047704 39732 thread.cpp:96] Thread 524339 construct Actor kCallbackNotify 1099618582528
I1013 11:30:48.047751 39710 naive_actor.cpp:25] actor 1099530502144 switch to &NaiveActor::HandlerNormal
I1013 11:30:48.049716 39710 thread.cpp:96] Thread 524297 construct Actor kNormalForward 1099530502144
I1013 11:30:48.046782 39727 naive_actor.cpp:25] actor 1099566153728 switch to &NaiveActor::HandlerNormal
I1013 11:30:48.049968 39727 thread.cpp:96] Thread 524314 construct Actor kNormalForward 1099566153728
I1013 11:30:48.047962 39716 thread.cpp:96] Thread 524303 construct Actor kNormalForward 1099543085056
I1013 11:30:48.046831 39741 naive_actor.cpp:25] actor 2199027449857 switch to &NaiveActor::HandlerNormal
I1013 11:30:48.050220 39741 thread.cpp:96] Thread 1048578 construct Actor kCopyHd 2199027449857
I1013 11:30:48.050279 39716 runtime_context.cpp:29] DecreaseCounter constructing_actor_cnt, current val is 367
I1013 11:30:48.048204 39730 runtime_context.cpp:29] DecreaseCounter constructing_actor_cnt, current val is 381
I1013 11:30:48.046960 39729 thread.cpp:96] Thread 524316 construct Actor kForeignOutput 1099570348032
I1013 11:30:48.048384 39739 runtime_context.cpp:29] DecreaseCounter constructing_actor_cnt, current val is 380
I1013 11:30:48.048434 39737 runtime_context.cpp:29] DecreaseCounter constructing_actor_cnt, current val is 379
I1013 11:30:48.047134 39719 naive_actor.cpp:25] actor 1099549376512 switch to &NaiveActor::HandlerNormal
I1013 11:30:48.047143 39713 naive_actor.cpp:25] actor 1099536793600 switch to &NaiveActor::HandlerNormal
I1013 11:30:48.050889 39713 thread.cpp:96] Thread 524300 construct Actor kNormalForward 1099536793600
I1013 11:30:48.050936 39739 naive_actor.cpp:25] actor 2199025352704 switch to &NaiveActor::HandlerNormal
I1013 11:30:48.048633 39720 thread.cpp:96] Thread 524307 construct Actor kNormalForward 1099551473664
I1013 11:30:48.047322 39703 naive_actor.cpp:25] actor 1099515822080 switch to &NaiveActor::HandlerNormal
I1013 11:30:48.048861 39728 runtime_context.cpp:29] DecreaseCounter constructing_actor_cnt, current val is 377
I1013 11:30:48.048913 39718 thread.cpp:96] Thread 524305 construct Actor kNormalForward 1099547279360
I1013 11:30:48.047348 39712 runtime_context.cpp:29] DecreaseCounter constructing_actor_cnt, current val is 384
I1013 11:30:48.051337 39718 runtime_context.cpp:29] DecreaseCounter constructing_actor_cnt, current val is 362
I1013 11:30:48.049006 39717 runtime_context.cpp:29] DecreaseCounter constructing_actor_cnt, current val is 376
I1013 11:30:48.049104 39706 runtime_context.cpp:29] DecreaseCounter constructing_actor_cnt, current val is 375
I1013 11:30:48.047459 39705 naive_actor.cpp:25] actor 1099520016384 switch to &NaiveActor::HandlerNormal
I1013 11:30:48.049321 39708 runtime_context.cpp:29] DecreaseCounter constructing_actor_cnt, current val is 373
I1013 11:30:48.047648 39726 thread.cpp:96] Thread 524313 construct Actor kNormalForward 1099564056576
I1013 11:30:48.049517 39701 naive_actor.cpp:25] actor 1099511627776 switch to &NaiveActor::HandlerNormal
I1013 11:30:48.051733 39726 runtime_context.cpp:29] DecreaseCounter constructing_actor_cnt, current val is 361
I1013 11:30:48.051734 39701 thread.cpp:96] Thread 524288 construct Actor kNormalForward 1099511627776
I1013 11:30:48.049511 39707 runtime_context.cpp:29] DecreaseCounter constructing_actor_cnt, current val is 372
I1013 11:30:48.051834 39701 runtime_context.cpp:29] DecreaseCounter constructing_actor_cnt, current val is 360
I1013 11:30:48.049651 39732 runtime_context.cpp:29] DecreaseCounter constructing_actor_cnt, current val is 370
I1013 11:30:48.046777 39722 naive_actor.cpp:25] actor 1099555667968 switch to &NaiveActor::HandlerNormal
I1013 11:30:48.051966 39722 thread.cpp:96] Thread 524309 construct Actor kForeignInput 1099555667968
I1013 11:30:48.049777 39702 naive_actor.cpp:25] actor 1099513724928 switch to &NaiveActor::HandlerNormal
I1013 11:30:48.049919 39710 runtime_context.cpp:29] DecreaseCounter constructing_actor_cnt, current val is 369
I1013 11:30:48.050058 39727 runtime_context.cpp:29] DecreaseCounter constructing_actor_cnt, current val is 368
I1013 11:30:48.048125 39725 runtime_context.cpp:29] DecreaseCounter constructing_actor_cnt, current val is 382
I1013 11:30:48.048137 39721 thread.cpp:96] Thread 524308 construct Actor kNormalForward 1099553570816
I1013 11:30:48.050312 39741 runtime_context.cpp:29] DecreaseCounter constructing_actor_cnt, current val is 366
I1013 11:30:48.052350 39721 runtime_context.cpp:29] DecreaseCounter constructing_actor_cnt, current val is 358
I1013 11:30:48.050554 39729 runtime_context.cpp:29] DecreaseCounter constructing_actor_cnt, current val is 365
I1013 11:30:48.050683 39730 naive_actor.cpp:25] actor 1099614388230 switch to &NaiveActor::HandlerNormal
I1013 11:30:48.052515 39730 thread.cpp:96] Thread 524337 construct Actor kTick 1099614388230
I1013 11:30:48.050731 39719 thread.cpp:96] Thread 524306 construct Actor kForeignInput 1099549376512
I1013 11:30:48.048600 39711 runtime_context.cpp:29] DecreaseCounter constructing_actor_cnt, current val is 378
I1013 11:30:48.050976 39739 thread.cpp:96] Thread 1048577 construct Actor kSliceBoxing 2199025352704
I1013 11:30:48.051004 39713 runtime_context.cpp:29] DecreaseCounter constructing_actor_cnt, current val is 364
I1013 11:30:48.052773 39739 runtime_context.cpp:29] DecreaseCounter constructing_actor_cnt, current val is 355
I1013 11:30:48.051112 39720 runtime_context.cpp:29] DecreaseCounter constructing_actor_cnt, current val is 363
I1013 11:30:48.051157 39703 thread.cpp:96] Thread 524290 construct Actor kNormalForward 1099515822080
I1013 11:30:48.051348 39737 naive_actor.cpp:25] actor 2199023255567 switch to &NaiveActor::HandlerNormal
I1013 11:30:48.053092 39737 thread.cpp:96] Thread 1048576 construct Actor kNormalForward 2199023255567
I1013 11:30:48.053140 39739 naive_actor.cpp:25] actor 2199025352705 switch to &NaiveActor::HandlerNormal
I1013 11:30:48.053169 39737 runtime_context.cpp:29] DecreaseCounter constructing_actor_cnt, current val is 353
I1013 11:30:48.053175 39739 thread.cpp:96] Thread 1048577 construct Actor kSliceBoxing 2199025352705
I1013 11:30:48.049508 39704 thread.cpp:96] Thread 524291 construct Actor kNormalForward 1099517919232
I1013 11:30:48.052008 39722 runtime_context.cpp:29] DecreaseCounter constructing_actor_cnt, current val is 359
I1013 11:30:48.053403 39704 runtime_context.cpp:29] DecreaseCounter constructing_actor_cnt, current val is 351
I1013 11:30:48.052454 39741 naive_actor.cpp:25] actor 2199027449858 switch to &NaiveActor::HandlerNormal
I1013 11:30:48.052558 39730 runtime_context.cpp:29] DecreaseCounter constructing_actor_cnt, current val is 357
I1013 11:30:48.052685 39719 runtime_context.cpp:29] DecreaseCounter constructing_actor_cnt, current val is 356
I1013 11:30:48.053109 39703 runtime_context.cpp:29] DecreaseCounter constructing_actor_cnt, current val is 354
I1013 11:30:48.046725 39723 naive_actor.cpp:25] actor 1099557765120 switch to &NaiveActor::HandlerNormal
I1013 11:30:48.053927 39723 thread.cpp:96] Thread 524310 construct Actor kNormalForward 1099557765120
I1013 11:30:48.053954 39730 naive_actor.cpp:25] actor 1099614388239 switch to &NaiveActor::HandlerNormal
I1013 11:30:48.053241 39739 runtime_context.cpp:29] DecreaseCounter constructing_actor_cnt, current val is 352
I1013 11:30:48.054080 39737 naive_actor.cpp:25] actor 2199023255584 switch to &NaiveActor::HandlerNormal
I1013 11:30:48.054100 39737 thread.cpp:96] Thread 1048576 construct Actor kNormalForward 2199023255584
I1013 11:30:48.054155 39737 runtime_context.cpp:29] DecreaseCounter constructing_actor_cnt, current val is 349
I1013 11:30:48.053550 39741 thread.cpp:96] Thread 1048578 construct Actor kCopyHd 2199027449858
I1013 11:30:48.051614 39705 thread.cpp:96] Thread 524292 construct Actor kNormalForward 1099520016384
I1013 11:30:48.054323 39739 naive_actor.cpp:25] actor 2199025352707 switch to &NaiveActor::HandlerNormal
I1013 11:30:48.054046 39723 runtime_context.cpp:29] DecreaseCounter constructing_actor_cnt, current val is 350
I1013 11:30:48.049542 39709 runtime_context.cpp:29] DecreaseCounter constructing_actor_cnt, current val is 371
I1013 11:30:48.052047 39702 thread.cpp:96] Thread 524289 construct Actor kNormalForward 1099513724928
I1013 11:30:48.054323 39741 runtime_context.cpp:29] DecreaseCounter constructing_actor_cnt, current val is 348
I1013 11:30:48.054014 39730 thread.cpp:96] Thread 524337 construct Actor kDstSubsetTick 1099614388239
I1013 11:30:48.054744 39702 runtime_context.cpp:29] DecreaseCounter constructing_actor_cnt, current val is 346
I1013 11:30:48.054461 39739 thread.cpp:96] Thread 1048577 construct Actor kSliceBoxing 2199025352707
I1013 11:30:48.054502 39705 runtime_context.cpp:29] DecreaseCounter constructing_actor_cnt, current val is 347
I1013 11:30:48.054816 39730 runtime_context.cpp:29] DecreaseCounter constructing_actor_cnt, current val is 345
I1013 11:30:48.054822 39737 naive_actor.cpp:25] actor 2199023255575 switch to &NaiveActor::HandlerNormal
I1013 11:30:48.054900 39739 runtime_context.cpp:29] DecreaseCounter constructing_actor_cnt, current val is 344
I1013 11:30:48.055111 39737 thread.cpp:96] Thread 1048576 construct Actor kNormalForward 2199023255575
I1013 11:30:48.055230 39737 runtime_context.cpp:29] DecreaseCounter constructing_actor_cnt, current val is 343
I1013 11:30:48.055406 39739 naive_actor.cpp:25] actor 2199025352706 switch to &NaiveActor::HandlerNormal
I1013 11:30:48.055454 39730 esac_actor.cpp:73] actor 1099614388323 switch to &EsacActor::HandlerNormal
I1013 11:30:48.055500 39739 thread.cpp:96] Thread 1048577 construct Actor kSliceBoxing 2199025352706
I1013 11:30:48.055524 39730 thread.cpp:96] Thread 524337 construct Actor kEsac 1099614388323
I1013 11:30:48.055575 39739 runtime_context.cpp:29] DecreaseCounter constructing_actor_cnt, current val is 342
I1013 11:30:48.055608 39730 runtime_context.cpp:29] DecreaseCounter constructing_actor_cnt, current val is 341
I1013 11:30:48.055721 39739 naive_actor.cpp:25] actor 2199025352709 switch to &NaiveActor::HandlerNormal
I1013 11:30:48.055774 39739 thread.cpp:96] Thread 1048577 construct Actor kCopyHd 2199025352709
I1013 11:30:48.055840 39739 runtime_context.cpp:29] DecreaseCounter constructing_actor_cnt, current val is 340
I1013 11:30:48.055878 39730 naive_actor.cpp:25] actor 1099614388238 switch to &NaiveActor::HandlerNormal
I1013 11:30:48.055902 39737 naive_actor.cpp:25] actor 2199023255570 switch to &NaiveActor::HandlerNormal
I1013 11:30:48.055919 39730 thread.cpp:96] Thread 524337 construct Actor kTick 1099614388238
I1013 11:30:48.055933 39737 thread.cpp:96] Thread 1048576 construct Actor kNormalForward 2199023255570
I1013 11:30:48.055974 39737 runtime_context.cpp:29] DecreaseCounter constructing_actor_cnt, current val is 338
I1013 11:30:48.055972 39730 runtime_context.cpp:29] DecreaseCounter constructing_actor_cnt, current val is 339
I1013 11:30:48.056016 39739 naive_actor.cpp:25] actor 2199025352710 switch to &NaiveActor::HandlerNormal
I1013 11:30:48.056057 39739 thread.cpp:96] Thread 1048577 construct Actor kCopyHd 2199025352710
I1013 11:30:48.056105 39739 runtime_context.cpp:29] DecreaseCounter constructing_actor_cnt, current val is 337
I1013 11:30:48.056187 39737 naive_actor.cpp:25] actor 2199023255557 switch to &NaiveActor::HandlerNormal
I1013 11:30:48.056187 39730 naive_actor.cpp:25] actor 1099614388227 switch to &NaiveActor::HandlerNormal
I1013 11:30:48.056219 39737 thread.cpp:96] Thread 1048576 construct Actor kNormalForward 2199023255557
I1013 11:30:48.056232 39730 thread.cpp:96] Thread 524337 construct Actor kSrcSubsetTick 1099614388227
I1013 11:30:48.056270 39730 runtime_context.cpp:29] DecreaseCounter constructing_actor_cnt, current val is 335
I1013 11:30:48.056270 39737 runtime_context.cpp:29] DecreaseCounter constructing_actor_cnt, current val is 336
I1013 11:30:48.056493 39730 naive_actor.cpp:25] actor 1099614388225 switch to &NaiveActor::HandlerNormal
I1013 11:30:48.056493 39737 naive_actor.cpp:25] actor 2199023255566 switch to &NaiveActor::HandlerNormal
I1013 11:30:48.056527 39730 thread.cpp:96] Thread 524337 construct Actor kDeviceTick 1099614388225
I1013 11:30:48.056541 39737 thread.cpp:96] Thread 1048576 construct Actor kNormalForward 2199023255566
I1013 11:30:48.056578 39730 runtime_context.cpp:29] DecreaseCounter constructing_actor_cnt, current val is 334
I1013 11:30:48.056579 39737 runtime_context.cpp:29] DecreaseCounter constructing_actor_cnt, current val is 333
I1013 11:30:48.056810 39730 naive_actor.cpp:25] actor 1099614388233 switch to &NaiveActor::HandlerNormal
I1013 11:30:48.056843 39730 thread.cpp:96] Thread 524337 construct Actor kTick 1099614388233
I1013 11:30:48.056885 39730 runtime_context.cpp:29] DecreaseCounter constructing_actor_cnt, current val is 332
I1013 11:30:48.057087 39730 naive_actor.cpp:25] actor 1099614388240 switch to &NaiveActor::HandlerNormal
I1013 11:30:48.057150 39730 thread.cpp:96] Thread 524337 construct Actor kTick 1099614388240
I1013 11:30:48.057179 39737 naive_actor.cpp:25] actor 2199023255556 switch to &NaiveActor::HandlerNormal
I1013 11:30:48.057214 39737 thread.cpp:96] Thread 1048576 construct Actor kNormalForward 2199023255556
I1013 11:30:48.057224 39730 runtime_context.cpp:29] DecreaseCounter constructing_actor_cnt, current val is 331
I1013 11:30:48.057291 39737 runtime_context.cpp:29] DecreaseCounter constructing_actor_cnt, current val is 330
I1013 11:30:48.057489 39730 naive_actor.cpp:25] actor 1099614388236 switch to &NaiveActor::HandlerNormal
I1013 11:30:48.057524 39730 thread.cpp:96] Thread 524337 construct Actor kSrcSubsetTick 1099614388236
I1013 11:30:48.057570 39730 runtime_context.cpp:29] DecreaseCounter constructing_actor_cnt, current val is 329
I1013 11:30:48.057888 39737 naive_actor.cpp:25] actor 2199023255562 switch to &NaiveActor::HandlerNormal
I1013 11:30:48.057922 39737 thread.cpp:96] Thread 1048576 construct Actor kNormalForward 2199023255562
I1013 11:30:48.057931 39730 esac_actor.cpp:73] actor 1099614388315 switch to &EsacActor::HandlerNormal
I1013 11:30:48.057961 39730 thread.cpp:96] Thread 524337 construct Actor kEsac 1099614388315
I1013 11:30:48.057978 39737 runtime_context.cpp:29] DecreaseCounter constructing_actor_cnt, current val is 328
I1013 11:30:48.058009 39730 runtime_context.cpp:29] DecreaseCounter constructing_actor_cnt, current val is 327
I1013 11:30:48.058184 39730 naive_actor.cpp:25] actor 1099614388232 switch to &NaiveActor::HandlerNormal
I1013 11:30:48.058184 39737 naive_actor.cpp:25] actor 2199023255576 switch to &NaiveActor::HandlerNormal
I1013 11:30:48.058219 39730 thread.cpp:96] Thread 524337 construct Actor kTick 1099614388232
I1013 11:30:48.058233 39737 thread.cpp:96] Thread 1048576 construct Actor kNormalForward 2199023255576
I1013 11:30:48.058269 39730 runtime_context.cpp:29] DecreaseCounter constructing_actor_cnt, current val is 326
I1013 11:30:48.058269 39737 runtime_context.cpp:29] DecreaseCounter constructing_actor_cnt, current val is 325
I1013 11:30:48.058483 39730 naive_actor.cpp:25] actor 1099614388224 switch to &NaiveActor::HandlerNormal
I1013 11:30:48.058517 39730 thread.cpp:96] Thread 524337 construct Actor kDeviceTick 1099614388224
I1013 11:30:48.058566 39730 runtime_context.cpp:29] DecreaseCounter constructing_actor_cnt, current val is 324
I1013 11:30:48.058800 39730 naive_actor.cpp:25] actor 1099614388231 switch to &NaiveActor::HandlerNormal
I1013 11:30:48.058835 39730 thread.cpp:96] Thread 524337 construct Actor kDstSubsetTick 1099614388231
I1013 11:30:48.058862 39737 naive_actor.cpp:25] actor 2199023255597 switch to &NaiveActor::HandlerNormal
I1013 11:30:48.058881 39730 runtime_context.cpp:29] DecreaseCounter constructing_actor_cnt, current val is 323
I1013 11:30:48.058884 39737 thread.cpp:96] Thread 1048576 construct Actor kNormalForward 2199023255597
I1013 11:30:48.058938 39737 runtime_context.cpp:29] DecreaseCounter constructing_actor_cnt, current val is 322
I1013 11:30:48.059094 39730 naive_actor.cpp:25] actor 1099614388241 switch to &NaiveActor::HandlerNormal
I1013 11:30:48.059129 39730 thread.cpp:96] Thread 524337 construct Actor kTick 1099614388241
I1013 11:30:48.059172 39730 runtime_context.cpp:29] DecreaseCounter constructing_actor_cnt, current val is 321
I1013 11:30:48.059360 39730 naive_actor.cpp:25] actor 1099614388234 switch to &NaiveActor::HandlerNormal
I1013 11:30:48.059396 39730 thread.cpp:96] Thread 524337 construct Actor kTick 1099614388234
I1013 11:30:48.059444 39730 runtime_context.cpp:29] DecreaseCounter constructing_actor_cnt, current val is 320
I1013 11:30:48.059504 39737 naive_actor.cpp:25] actor 2199023255555 switch to &NaiveActor::HandlerNormal
I1013 11:30:48.059538 39737 thread.cpp:96] Thread 1048576 construct Actor kNormalForward 2199023255555
I1013 11:30:48.059592 39737 runtime_context.cpp:29] DecreaseCounter constructing_actor_cnt, current val is 319
I1013 11:30:48.059674 39730 naive_actor.cpp:25] actor 1099614388242 switch to &NaiveActor::HandlerNormal
I1013 11:30:48.059795 39730 thread.cpp:96] Thread 524337 construct Actor kTick 1099614388242
I1013 11:30:48.059844 39730 runtime_context.cpp:29] DecreaseCounter constructing_actor_cnt, current val is 318
I1013 11:30:48.060037 39730 naive_actor.cpp:25] actor 1099614388314 switch to &NaiveActor::HandlerNormal
I1013 11:30:48.060078 39730 thread.cpp:96] Thread 524337 construct Actor kTick 1099614388314
I1013 11:30:48.060122 39730 runtime_context.cpp:29] DecreaseCounter constructing_actor_cnt, current val is 317
I1013 11:30:48.060178 39737 naive_actor.cpp:25] actor 2199023255564 switch to &NaiveActor::HandlerNormal
I1013 11:30:48.060210 39737 thread.cpp:96] Thread 1048576 construct Actor kNormalForward 2199023255564
I1013 11:30:48.060267 39737 runtime_context.cpp:29] DecreaseCounter constructing_actor_cnt, current val is 316
I1013 11:30:48.060340 39730 naive_actor.cpp:25] actor 1099614388247 switch to &NaiveActor::HandlerNormal
I1013 11:30:48.060374 39730 thread.cpp:96] Thread 524337 construct Actor kTick 1099614388247
I1013 11:30:48.060415 39730 runtime_context.cpp:29] DecreaseCounter constructing_actor_cnt, current val is 315
I1013 11:30:48.060653 39730 naive_actor.cpp:25] actor 1099614388250 switch to &NaiveActor::HandlerNormal
I1013 11:30:48.060688 39730 thread.cpp:96] Thread 524337 construct Actor kTick 1099614388250
I1013 11:30:48.060747 39730 runtime_context.cpp:29] DecreaseCounter constructing_actor_cnt, current val is 314
I1013 11:30:48.060889 39737 naive_actor.cpp:25] actor 2199023255559 switch to &NaiveActor::HandlerNormal
I1013 11:30:48.060922 39737 thread.cpp:96] Thread 1048576 construct Actor kNormalForward 2199023255559
I1013 11:30:48.060945 39730 naive_actor.cpp:25] actor 1099614388249 switch to &NaiveActor::HandlerNormal
I1013 11:30:48.060964 39730 thread.cpp:96] Thread 524337 construct Actor kTick 1099614388249
I1013 11:30:48.060968 39737 runtime_context.cpp:29] DecreaseCounter constructing_actor_cnt, current val is 313
I1013 11:30:48.061003 39730 runtime_context.cpp:29] DecreaseCounter constructing_actor_cnt, current val is 312
I1013 11:30:48.061205 39730 naive_actor.cpp:25] actor 1099614388244 switch to &NaiveActor::HandlerNormal
I1013 11:30:48.061240 39730 thread.cpp:96] Thread 524337 construct Actor kSrcSubsetTick 1099614388244
I1013 11:30:48.061287 39730 runtime_context.cpp:29] DecreaseCounter constructing_actor_cnt, current val is 311
I1013 11:30:48.061502 39730 naive_actor.cpp:25] actor 1099614388243 switch to &NaiveActor::HandlerNormal
I1013 11:30:48.061537 39730 thread.cpp:96] Thread 524337 construct Actor kDeviceTick 1099614388243
I1013 11:30:48.061579 39730 runtime_context.cpp:29] DecreaseCounter constructing_actor_cnt, current val is 310
I1013 11:30:48.061619 39737 naive_actor.cpp:25] actor 2199023255558 switch to &NaiveActor::HandlerNormal
I1013 11:30:48.061651 39737 thread.cpp:96] Thread 1048576 construct Actor kNormalForward 2199023255558
I1013 11:30:48.061704 39737 runtime_context.cpp:29] DecreaseCounter constructing_actor_cnt, current val is 309
I1013 11:30:48.061836 39730 naive_actor.cpp:25] actor 1099614388248 switch to &NaiveActor::HandlerNormal
I1013 11:30:48.061869 39730 thread.cpp:96] Thread 524337 construct Actor kDstSubsetTick 1099614388248
I1013 11:30:48.061914 39730 runtime_context.cpp:29] DecreaseCounter constructing_actor_cnt, current val is 308
I1013 11:30:48.061911 39737 naive_actor.cpp:25] actor 2199023255563 switch to &NaiveActor::HandlerNormal
I1013 11:30:48.061951 39737 thread.cpp:96] Thread 1048576 construct Actor kNormalForward 2199023255563
I1013 11:30:48.061998 39737 runtime_context.cpp:29] DecreaseCounter constructing_actor_cnt, current val is 307
I1013 11:30:48.062183 39730 naive_actor.cpp:25] actor 1099614388257 switch to &NaiveActor::HandlerNormal
I1013 11:30:48.062216 39730 thread.cpp:96] Thread 524337 construct Actor kDstSubsetTick 1099614388257
I1013 11:30:48.062268 39730 runtime_context.cpp:29] DecreaseCounter constructing_actor_cnt, current val is 306
I1013 11:30:48.062479 39730 naive_actor.cpp:25] actor 1099614388251 switch to &NaiveActor::HandlerNormal
I1013 11:30:48.062538 39730 thread.cpp:96] Thread 524337 construct Actor kTick 1099614388251
I1013 11:30:48.062592 39730 runtime_context.cpp:29] DecreaseCounter constructing_actor_cnt, current val is 305
I1013 11:30:48.062602 39737 naive_actor.cpp:25] actor 2199023255605 switch to &NaiveActor::HandlerNormal
I1013 11:30:48.062650 39737 thread.cpp:96] Thread 1048576 construct Actor kNormalForward 2199023255605
I1013 11:30:48.062707 39737 runtime_context.cpp:29] DecreaseCounter constructing_actor_cnt, current val is 304
I1013 11:30:48.062820 39730 naive_actor.cpp:25] actor 1099614388259 switch to &NaiveActor::HandlerNormal
I1013 11:30:48.062852 39730 thread.cpp:96] Thread 524337 construct Actor kTick 1099614388259
I1013 11:30:48.062894 39730 runtime_context.cpp:29] DecreaseCounter constructing_actor_cnt, current val is 303
I1013 11:30:48.062918 39737 naive_actor.cpp:25] actor 2199023255568 switch to &NaiveActor::HandlerNormal
I1013 11:30:48.062939 39737 thread.cpp:96] Thread 1048576 construct Actor kNormalForward 2199023255568
I1013 11:30:48.062986 39737 runtime_context.cpp:29] DecreaseCounter constructing_actor_cnt, current val is 302
I1013 11:30:48.063112 39730 naive_actor.cpp:25] actor 1099614388252 switch to &NaiveActor::HandlerNormal
I1013 11:30:48.063143 39730 thread.cpp:96] Thread 524337 construct Actor kDeviceTick 1099614388252
I1013 11:30:48.063190 39730 runtime_context.cpp:29] DecreaseCounter constructing_actor_cnt, current val is 301
I1013 11:30:48.063385 39730 naive_actor.cpp:25] actor 1099614388320 switch to &NaiveActor::HandlerNormal
I1013 11:30:48.063417 39730 thread.cpp:96] Thread 524337 construct Actor kTick 1099614388320
I1013 11:30:48.063483 39730 runtime_context.cpp:29] DecreaseCounter constructing_actor_cnt, current val is 300
I1013 11:30:48.063557 39737 naive_actor.cpp:25] actor 2199023255610 switch to &NaiveActor::HandlerNormal
I1013 11:30:48.063591 39737 thread.cpp:96] Thread 1048576 construct Actor kNormalForward 2199023255610
I1013 11:30:48.063647 39737 runtime_context.cpp:29] DecreaseCounter constructing_actor_cnt, current val is 299
I1013 11:30:48.063714 39730 naive_actor.cpp:25] actor 1099614388256 switch to &NaiveActor::HandlerNormal
I1013 11:30:48.063760 39730 thread.cpp:96] Thread 524337 construct Actor kTick 1099614388256
I1013 11:30:48.063809 39730 runtime_context.cpp:29] DecreaseCounter constructing_actor_cnt, current val is 298
I1013 11:30:48.063876 39737 naive_actor.cpp:25] actor 2199023255578 switch to &NaiveActor::HandlerNormal
I1013 11:30:48.063907 39737 thread.cpp:96] Thread 1048576 construct Actor kNormalForward 2199023255578
I1013 11:30:48.063949 39737 runtime_context.cpp:29] DecreaseCounter constructing_actor_cnt, current val is 297
I1013 11:30:48.064031 39730 naive_actor.cpp:25] actor 1099614388253 switch to &NaiveActor::HandlerNormal
I1013 11:30:48.064064 39730 thread.cpp:96] Thread 524337 construct Actor kSrcSubsetTick 1099614388253
I1013 11:30:48.064105 39730 runtime_context.cpp:29] DecreaseCounter constructing_actor_cnt, current val is 296
I1013 11:30:48.064158 39737 naive_actor.cpp:25] actor 2199023255561 switch to &NaiveActor::HandlerNormal
I1013 11:30:48.064188 39737 thread.cpp:96] Thread 1048576 construct Actor kNormalForward 2199023255561
I1013 11:30:48.064230 39737 runtime_context.cpp:29] DecreaseCounter constructing_actor_cnt, current val is 295
I1013 11:30:48.064327 39730 naive_actor.cpp:25] actor 1099614388258 switch to &NaiveActor::HandlerNormal
I1013 11:30:48.064359 39730 thread.cpp:96] Thread 524337 construct Actor kTick 1099614388258
I1013 11:30:48.064405 39730 runtime_context.cpp:29] DecreaseCounter constructing_actor_cnt, current val is 294
I1013 11:30:48.064455 39737 naive_actor.cpp:25] actor 2199023255571 switch to &NaiveActor::HandlerNormal
I1013 11:30:48.064486 39737 thread.cpp:96] Thread 1048576 construct Actor kNormalForward 2199023255571
I1013 11:30:48.064532 39737 runtime_context.cpp:29] DecreaseCounter constructing_actor_cnt, current val is 293
I1013 11:30:48.064642 39730 naive_actor.cpp:25] actor 1099614388260 switch to &NaiveActor::HandlerNormal
I1013 11:30:48.064739 39730 thread.cpp:96] Thread 524337 construct Actor kTick 1099614388260
I1013 11:30:48.064817 39730 runtime_context.cpp:29] DecreaseCounter constructing_actor_cnt, current val is 292
I1013 11:30:48.065057 39737 naive_actor.cpp:25] actor 2199023255595 switch to &NaiveActor::HandlerNormal
I1013 11:30:48.065090 39730 naive_actor.cpp:25] actor 1099614388266 switch to &NaiveActor::HandlerNormal
I1013 11:30:48.065091 39737 thread.cpp:96] Thread 1048576 construct Actor kNormalForward 2199023255595
I1013 11:30:48.065114 39730 thread.cpp:96] Thread 524337 construct Actor kDstSubsetTick 1099614388266
I1013 11:30:48.065153 39730 runtime_context.cpp:29] DecreaseCounter constructing_actor_cnt, current val is 290
I1013 11:30:48.065153 39737 runtime_context.cpp:29] DecreaseCounter constructing_actor_cnt, current val is 291
I1013 11:30:48.065356 39730 naive_actor.cpp:25] actor 1099614388261 switch to &NaiveActor::HandlerNormal
I1013 11:30:48.065389 39730 thread.cpp:96] Thread 524337 construct Actor kDeviceTick 1099614388261
I1013 11:30:48.065438 39730 runtime_context.cpp:29] DecreaseCounter constructing_actor_cnt, current val is 289
I1013 11:30:48.065654 39730 naive_actor.cpp:25] actor 1099614388319 switch to &NaiveActor::HandlerNormal
I1013 11:30:48.065690 39730 thread.cpp:96] Thread 524337 construct Actor kTick 1099614388319
I1013 11:30:48.065748 39730 runtime_context.cpp:29] DecreaseCounter constructing_actor_cnt, current val is 288
I1013 11:30:48.065815 39737 naive_actor.cpp:25] actor 2199023255587 switch to &NaiveActor::HandlerNormal
I1013 11:30:48.065847 39737 thread.cpp:96] Thread 1048576 construct Actor kNormalForward 2199023255587
I1013 11:30:48.065896 39737 runtime_context.cpp:29] DecreaseCounter constructing_actor_cnt, current val is 287
I1013 11:30:48.065976 39730 naive_actor.cpp:25] actor 1099614388262 switch to &NaiveActor::HandlerNormal
I1013 11:30:48.066009 39730 thread.cpp:96] Thread 524337 construct Actor kSrcSubsetTick 1099614388262
I1013 11:30:48.066051 39730 runtime_context.cpp:29] DecreaseCounter constructing_actor_cnt, current val is 286
I1013 11:30:48.066112 39737 naive_actor.cpp:25] actor 2199023255586 switch to &NaiveActor::HandlerNormal
I1013 11:30:48.066140 39737 thread.cpp:96] Thread 1048576 construct Actor kNormalForward 2199023255586
I1013 11:30:48.066184 39737 runtime_context.cpp:29] DecreaseCounter constructing_actor_cnt, current val is 285
I1013 11:30:48.066274 39730 naive_actor.cpp:25] actor 1099614388265 switch to &NaiveActor::HandlerNormal
I1013 11:30:48.066308 39730 thread.cpp:96] Thread 524337 construct Actor kTick 1099614388265
I1013 11:30:48.066349 39730 runtime_context.cpp:29] DecreaseCounter constructing_actor_cnt, current val is 284
I1013 11:30:48.066551 39730 naive_actor.cpp:25] actor 1099614388267 switch to &NaiveActor::HandlerNormal
I1013 11:30:48.066584 39730 thread.cpp:96] Thread 524337 construct Actor kTick 1099614388267
I1013 11:30:48.066632 39730 runtime_context.cpp:29] DecreaseCounter constructing_actor_cnt, current val is 283
I1013 11:30:48.066761 39737 naive_actor.cpp:25] actor 2199023255629 switch to &NaiveActor::HandlerNormal
I1013 11:30:48.066794 39737 thread.cpp:96] Thread 1048576 construct Actor kNormalForward 2199023255629
I1013 11:30:48.066843 39730 naive_actor.cpp:25] actor 1099614388268 switch to &NaiveActor::HandlerNormal
I1013 11:30:48.066843 39737 runtime_context.cpp:29] DecreaseCounter constructing_actor_cnt, current val is 282
I1013 11:30:48.066869 39730 thread.cpp:96] Thread 524337 construct Actor kTick 1099614388268
I1013 11:30:48.066916 39730 runtime_context.cpp:29] DecreaseCounter constructing_actor_cnt, current val is 281
I1013 11:30:48.067070 39737 naive_actor.cpp:25] actor 2199023255677 switch to &NaiveActor::HandlerNormal
I1013 11:30:48.067102 39737 thread.cpp:96] Thread 1048576 construct Actor kNormalForward 2199023255677
I1013 11:30:48.067126 39730 naive_actor.cpp:25] actor 1099614388277 switch to &NaiveActor::HandlerNormal
I1013 11:30:48.067147 39730 thread.cpp:96] Thread 524337 construct Actor kTick 1099614388277
I1013 11:30:48.067150 39737 runtime_context.cpp:29] DecreaseCounter constructing_actor_cnt, current val is 280
I1013 11:30:48.067203 39730 runtime_context.cpp:29] DecreaseCounter constructing_actor_cnt, current val is 279
I1013 11:30:48.067397 39730 naive_actor.cpp:25] actor 1099614388275 switch to &NaiveActor::HandlerNormal
I1013 11:30:48.067466 39730 thread.cpp:96] Thread 524337 construct Actor kTick 1099614388275
I1013 11:30:48.067519 39730 runtime_context.cpp:29] DecreaseCounter constructing_actor_cnt, current val is 278
I1013 11:30:48.067716 39737 naive_actor.cpp:25] actor 2199023255590 switch to &NaiveActor::HandlerNormal
I1013 11:30:48.067728 39730 naive_actor.cpp:25] actor 1099614388283 switch to &NaiveActor::HandlerNormal
I1013 11:30:48.067760 39737 thread.cpp:96] Thread 1048576 construct Actor kNormalForward 2199023255590
I1013 11:30:48.067775 39730 thread.cpp:96] Thread 524337 construct Actor kTick 1099614388283
I1013 11:30:48.067811 39737 runtime_context.cpp:29] DecreaseCounter constructing_actor_cnt, current val is 276
I1013 11:30:48.067811 39730 runtime_context.cpp:29] DecreaseCounter constructing_actor_cnt, current val is 277
I1013 11:30:48.068001 39737 naive_actor.cpp:25] actor 2199023255581 switch to &NaiveActor::HandlerNormal
I1013 11:30:48.068009 39730 naive_actor.cpp:25] actor 1099614388274 switch to &NaiveActor::HandlerNormal
I1013 11:30:48.068034 39737 thread.cpp:96] Thread 1048576 construct Actor kNormalForward 2199023255581
I1013 11:30:48.068048 39730 thread.cpp:96] Thread 524337 construct Actor kDstSubsetTick 1099614388274
I1013 11:30:48.068084 39730 runtime_context.cpp:29] DecreaseCounter constructing_actor_cnt, current val is 275
I1013 11:30:48.068084 39737 runtime_context.cpp:29] DecreaseCounter constructing_actor_cnt, current val is 274
I1013 11:30:48.068280 39730 naive_actor.cpp:25] actor 1099614388284 switch to &NaiveActor::HandlerNormal
I1013 11:30:48.068315 39730 thread.cpp:96] Thread 524337 construct Actor kTick 1099614388284
I1013 11:30:48.068356 39730 runtime_context.cpp:29] DecreaseCounter constructing_actor_cnt, current val is 273
I1013 11:30:48.068593 39730 naive_actor.cpp:25] actor 1099614388313 switch to &NaiveActor::HandlerNormal
I1013 11:30:48.068627 39737 naive_actor.cpp:25] actor 2199023255632 switch to &NaiveActor::HandlerNormal
I1013 11:30:48.068629 39730 thread.cpp:96] Thread 524337 construct Actor kTick 1099614388313
I1013 11:30:48.068651 39737 thread.cpp:96] Thread 1048576 construct Actor kNormalForward 2199023255632
I1013 11:30:48.068689 39730 runtime_context.cpp:29] DecreaseCounter constructing_actor_cnt, current val is 272
I1013 11:30:48.068696 39737 runtime_context.cpp:29] DecreaseCounter constructing_actor_cnt, current val is 271
I1013 11:30:48.068912 39730 naive_actor.cpp:25] actor 1099614388269 switch to &NaiveActor::HandlerNormal
I1013 11:30:48.068948 39730 thread.cpp:96] Thread 524337 construct Actor kDeviceTick 1099614388269
I1013 11:30:48.068989 39730 runtime_context.cpp:29] DecreaseCounter constructing_actor_cnt, current val is 270
I1013 11:30:48.069183 39737 naive_actor.cpp:25] actor 2199023255580 switch to &NaiveActor::HandlerNormal
I1013 11:30:48.069217 39737 thread.cpp:96] Thread 1048576 construct Actor kNormalForward 2199023255580
I1013 11:30:48.069227 39730 naive_actor.cpp:25] actor 1099614388282 switch to &NaiveActor::HandlerNormal
I1013 11:30:48.069257 39730 thread.cpp:96] Thread 524337 construct Actor kDstSubsetTick 1099614388282
I1013 11:30:48.069269 39737 runtime_context.cpp:29] DecreaseCounter constructing_actor_cnt, current val is 269
I1013 11:30:48.069294 39730 runtime_context.cpp:29] DecreaseCounter constructing_actor_cnt, current val is 268
I1013 11:30:48.069494 39730 naive_actor.cpp:25] actor 1099614388270 switch to &NaiveActor::HandlerNormal
I1013 11:30:48.069527 39730 thread.cpp:96] Thread 524337 construct Actor kSrcSubsetTick 1099614388270
I1013 11:30:48.069576 39730 runtime_context.cpp:29] DecreaseCounter constructing_actor_cnt, current val is 267
I1013 11:30:48.069784 39730 naive_actor.cpp:25] actor 1099614388281 switch to &NaiveActor::HandlerNormal
I1013 11:30:48.069794 39737 naive_actor.cpp:25] actor 2199023255615 switch to &NaiveActor::HandlerNormal
I1013 11:30:48.069859 39730 thread.cpp:96] Thread 524337 construct Actor kTick 1099614388281
I1013 11:30:48.069875 39737 thread.cpp:96] Thread 1048576 construct Actor kNormalForward 2199023255615
I1013 11:30:48.069913 39730 runtime_context.cpp:29] DecreaseCounter constructing_actor_cnt, current val is 266
I1013 11:30:48.069922 39737 runtime_context.cpp:29] DecreaseCounter constructing_actor_cnt, current val is 265
I1013 11:30:48.070125 39730 naive_actor.cpp:25] actor 1099614388276 switch to &NaiveActor::HandlerNormal
I1013 11:30:48.070159 39730 thread.cpp:96] Thread 524337 construct Actor kTick 1099614388276
I1013 11:30:48.070201 39730 runtime_context.cpp:29] DecreaseCounter constructing_actor_cnt, current val is 264
