Log file created at: 2021/10/14 10:29:44
Running on machine: oneflow-14
Log line format: [IWEF]mmdd hh:mm:ss.uuuuuu threadid file:line] msg
I1014 10:29:44.958112   742 global.h:36] NewGlobal 14cudaDeviceProp
I1014 10:29:44.959117   742 global.h:36] NewGlobal N7oneflow7EnvDescE
I1014 10:29:44.959134   742 global.h:36] NewGlobal N7oneflow10ProcessCtxE
I1014 10:29:44.959143   742 env_global_objects_scope.cpp:152] using rpc backend: local
I1014 10:29:44.959156   742 global.h:36] NewGlobal N7oneflow12ResourceDescE
I1014 10:29:44.959167   742 global.h:36] NewGlobal N7oneflow12ResourceDescE
I1014 10:29:45.043079   742 global.h:36] NewGlobal N7oneflow10ThreadPoolE
I1014 10:29:45.044113   742 global.h:36] NewGlobal N7oneflow16EagerNcclCommMgrE
I1014 10:29:45.044127   742 global.h:36] NewGlobal N7oneflow18CudnnConvAlgoCacheE
I1014 10:29:45.044133   742 global.h:36] NewGlobal N7oneflow2vm19VirtualMachineScopeE
I1014 10:29:45.044142   742 global.h:36] NewGlobal N7oneflow9OneflowVME
I1014 10:29:45.044869   742 oneflow_vm.cpp:75] transport stream type: N7oneflow2vm13CpuStreamTypeE
I1014 10:29:45.044883   742 oneflow_vm.cpp:75] transport stream type: N7oneflow2vm14CudaStreamTypeE
I1014 10:29:45.044889   742 oneflow_vm.cpp:75] transport stream type: N7oneflow2vm19AsyncCudaStreamTypeE
I1014 10:29:45.045008   742 global.h:36] NewGlobal N7oneflow27EagerJobBuildAndInferCtxMgrE
I1014 10:29:45.045020   742 global.h:36] NewGlobal N7oneflow12EpollCommNetE
I1014 10:29:45.045131   742 epoll_comm_network.cpp:63] CommNet:Epoll listening on 0.0.0.0:46044
I1014 10:29:45.045163   742 epoll_comm_network.cpp:197] machine 0 sockfd -1
I1014 10:29:45.045261   742 global.h:36] NewGlobal N7oneflow9TransportE
I1014 10:29:45.046679   742 global.h:43] DeleteGlobal N7oneflow12ResourceDescE
I1014 10:29:45.046703   742 version.cpp:22] OneFlow git version: b295ca2324
I1014 10:29:45.046718   742 device_register_gpu.cpp:56] CUDA runtime version: 11.2
I1014 10:29:45.046748   742 device_register_gpu.cpp:65] cuDNN version: 8.1.1
I1014 10:29:45.046761   742 device_register_gpu.cpp:78] NCCL version: 2.9.8
I1014 10:29:45.046767   742 global.h:36] NewGlobal N7oneflow12ResourceDescE
I1014 10:29:45.046774   742 global.h:36] NewGlobal N7oneflow5IDMgrE
I1014 10:29:45.046782   742 global.h:36] NewGlobal N7oneflow16AvailableMemDescE
I1014 10:29:45.046802   742 global.h:36] NewGlobal St13unordered_mapISslSt4hashISsESt8equal_toISsESaISt4pairIKSslEEE
I1014 10:29:45.046809   742 global.h:36] NewGlobal N7oneflow19CriticalSectionDescE
I1014 10:29:45.046815   742 global.h:36] NewGlobal N7oneflow16InterUserJobInfoE
I1014 10:29:45.046823   742 global.h:36] NewGlobal N7oneflow26LazyJobBuildAndInferCtxMgrE
I1014 10:29:45.046829   742 global.h:36] NewGlobal N7oneflow16JobSetCompileCtxE
I1014 10:29:45.046835   742 global.h:36] NewGlobal N7oneflow26RuntimeBufferManagersScopeE
I1014 10:29:45.046842   742 global.h:36] NewGlobal N7oneflow9BufferMgrIlEE
I1014 10:29:45.046847   742 global.h:36] NewGlobal N7oneflow9BufferMgrISt10shared_ptrINS_11JobInstanceEEEE
I1014 10:29:45.046854   742 global.h:36] NewGlobal N7oneflow10RuntimeCtxE
I1014 10:29:45.046859   742 global.h:36] NewGlobal N7oneflow15MemoryAllocatorE
I1014 10:29:45.046865   742 global.h:36] NewGlobal N7oneflow8ChunkMgrE
I1014 10:29:45.046875   742 global.h:36] NewGlobal N7oneflow8RegstMgrE
I1014 10:29:45.046880   742 global.h:36] NewGlobal N7oneflow11ActorMsgBusE
I1014 10:29:45.046886   742 global.h:36] NewGlobal N7oneflow9ThreadMgrE
I1014 10:29:45.046892   742 global.h:36] NewGlobal N7oneflow15RuntimeJobDescsE
I1014 10:29:45.046897   742 global.h:36] NewGlobal N7oneflow7summary12EventsWriterE
I1014 10:29:45.046905   742 global.h:36] NewGlobal N7oneflow6boxing10collective24CollectiveBoxingExecutorE
I1014 10:29:45.046911   742 global.h:36] NewGlobal N7oneflow6boxing10collective31CollectiveBoxingDeviceCtxPollerE
I1014 10:29:45.047025   742 session.h:77] NewGlobal N7oneflow25SessionGlobalObjectsScopeE
I1014 10:29:45.047693   742 global.h:36] NewGlobal N7oneflow7JobDescE
I1014 10:29:45.628111   742 global.h:43] DeleteGlobal N7oneflow7JobDescE
I1014 10:29:45.628396   742 global.h:36] NewGlobal N7oneflow7JobDescE
I1014 10:29:45.632266   742 global.h:36] NewGlobal N7oneflow7OpGraphE
I1014 10:29:45.638145   742 global.h:43] DeleteGlobal N7oneflow7OpGraphE
I1014 10:29:45.862973   742 global.h:43] DeleteGlobal N7oneflow7JobDescE
I1014 10:29:45.883430   742 global.h:36] NewGlobal N7oneflow24InterJobReuseMemStrategyE
I1014 10:29:45.883471   742 global.h:36] NewGlobal N7oneflow7OneflowE
I1014 10:29:45.899511   742 global.h:36] NewGlobal N7oneflow7JobDescE
I1014 10:29:46.183148   742 global.h:36] NewGlobal N7oneflow7OpGraphE
I1014 10:29:46.276422   742 global.h:43] DeleteGlobal N7oneflow7OpGraphE
I1014 10:29:46.286540   742 oneflow.cpp:210] 
job_id: 0 , job_name: train_job , compile time: 0.386957 seconds.
I1014 10:29:46.348412   742 global.h:43] DeleteGlobal N7oneflow7JobDescE
I1014 10:29:46.348733   742 global.h:36] NewGlobal N7oneflow7JobDescE
I1014 10:29:46.404549   742 global.h:36] NewGlobal N7oneflow7OpGraphE
I1014 10:29:46.423079   742 global.h:43] DeleteGlobal N7oneflow7OpGraphE
I1014 10:29:46.427398   742 oneflow.cpp:210] 
job_id: 1 , job_name: System-ModelInit , compile time: 0.0783918 seconds.
I1014 10:29:46.441047   742 global.h:43] DeleteGlobal N7oneflow7JobDescE
I1014 10:29:46.441078   742 global.h:36] NewGlobal N7oneflow7JobDescE
I1014 10:29:46.494982   742 global.h:36] NewGlobal N7oneflow7OpGraphE
I1014 10:29:46.512805   742 global.h:43] DeleteGlobal N7oneflow7OpGraphE
I1014 10:29:46.516433   742 oneflow.cpp:210] 
job_id: 2 , job_name: System-ModelLoad , compile time: 0.0753347 seconds.
I1014 10:29:46.529842   742 global.h:43] DeleteGlobal N7oneflow7JobDescE
I1014 10:29:46.529886   742 global.h:36] NewGlobal N7oneflow7JobDescE
I1014 10:29:46.583230   742 global.h:36] NewGlobal N7oneflow7OpGraphE
I1014 10:29:46.601487   742 global.h:43] DeleteGlobal N7oneflow7OpGraphE
I1014 10:29:46.605310   742 oneflow.cpp:210] 
job_id: 3 , job_name: System-ModelSave , compile time: 0.0753925 seconds.
I1014 10:29:46.618816   742 global.h:43] DeleteGlobal N7oneflow7JobDescE
I1014 10:29:46.618857   742 global.h:36] NewGlobal N7oneflow7JobDescE
I1014 10:29:46.628904   742 global.h:36] NewGlobal N7oneflow7OpGraphE
I1014 10:29:46.633019   742 global.h:43] DeleteGlobal N7oneflow7OpGraphE
I1014 10:29:46.634480   742 oneflow.cpp:210] 
job_id: 4 , job_name: System-Pull-Return_27 , compile time: 0.0156001 seconds.
I1014 10:29:46.638409   742 global.h:43] DeleteGlobal N7oneflow7JobDescE
I1014 10:29:46.643260   742 global.h:36] NewGlobal N7oneflow7JobDescE
I1014 10:29:46.643309   742 global.h:36] NewGlobal N7oneflow7OpGraphE
I1014 10:29:46.648994   742 global.h:43] DeleteGlobal N7oneflow7OpGraphE
I1014 10:29:46.651820   742 oneflow.cpp:210] 
job_id: 5 , job_name: MainJob-unamed , compile time: 0.00852224 seconds.
I1014 10:29:46.659795   742 global.h:43] DeleteGlobal N7oneflow7JobDescE
I1014 10:29:46.662820   742 plan_util.cpp:928]  Plan: merged_plan needs to allocate [ 1460.05 MiB ] device memory in Rank: 0 , Device: 0
I1014 10:29:46.787919   742 oneflow.cpp:998]  PushPlan merged_plan time: 0.0119058 seconds.
I1014 10:29:46.847352   742 oneflow.cpp:1014]  PullPlan merged_plan time: 0.0548966 seconds.
I1014 10:29:48.773270   742 runtime_context.cpp:21] NewCounter constructing_actor_cnt 421
I1014 10:29:48.774266  1410 naive_actor.cpp:25] actor 2199023255723 switch to &NaiveActor::HandlerNormal
I1014 10:29:48.774343  1410 thread.cpp:96] Thread 1048576 construct Actor kDeviceTick 2199023255723
I1014 10:29:48.774402  1406 naive_actor.cpp:25] actor 1099614388228 switch to &NaiveActor::HandlerNormal
I1014 10:29:48.774518  1407 wait_and_send_ids_actor.cpp:53] actor 1099616485376 switch to &WaitAndSendIdsActor::HandlerWaitToStart
I1014 10:29:48.774546  1406 thread.cpp:96] Thread 524337 construct Actor kDeviceTick 1099614388228
I1014 10:29:48.774595  1410 runtime_context.cpp:29] DecreaseCounter constructing_actor_cnt, current val is 420
I1014 10:29:48.774669  1407 thread.cpp:96] Thread 524338 construct Actor kWaitAndSendIds 1099616485376
I1014 10:29:48.774739  1406 runtime_context.cpp:29] DecreaseCounter constructing_actor_cnt, current val is 419
I1014 10:29:48.774789  1407 runtime_context.cpp:29] DecreaseCounter constructing_actor_cnt, current val is 418
I1014 10:29:48.774940  1410 naive_actor.cpp:25] actor 2199023255762 switch to &NaiveActor::HandlerNormal
I1014 10:29:48.775085  1410 thread.cpp:96] Thread 1048576 construct Actor kDeviceTick 2199023255762
I1014 10:29:48.775125  1406 naive_actor.cpp:25] actor 1099614388235 switch to &NaiveActor::HandlerNormal
I1014 10:29:48.775144  1410 runtime_context.cpp:29] DecreaseCounter constructing_actor_cnt, current val is 417
I1014 10:29:48.775167  1406 thread.cpp:96] Thread 524337 construct Actor kDeviceTick 1099614388235
I1014 10:29:48.775254  1406 runtime_context.cpp:29] DecreaseCounter constructing_actor_cnt, current val is 416
I1014 10:29:48.775420  1410 naive_actor.cpp:25] actor 2199023255801 switch to &NaiveActor::HandlerNormal
I1014 10:29:48.775455  1410 thread.cpp:96] Thread 1048576 construct Actor kDeviceTick 2199023255801
I1014 10:29:48.775508  1410 runtime_context.cpp:29] DecreaseCounter constructing_actor_cnt, current val is 415
I1014 10:29:48.775527  1406 naive_actor.cpp:25] actor 1099614388245 switch to &NaiveActor::HandlerNormal
I1014 10:29:48.775591  1406 thread.cpp:96] Thread 524337 construct Actor kDeviceTick 1099614388245
I1014 10:29:48.775662  1406 runtime_context.cpp:29] DecreaseCounter constructing_actor_cnt, current val is 414
I1014 10:29:48.775802  1410 naive_actor.cpp:25] actor 2199023255840 switch to &NaiveActor::HandlerNormal
I1014 10:29:48.775836  1410 thread.cpp:96] Thread 1048576 construct Actor kDeviceTick 2199023255840
I1014 10:29:48.775897  1410 runtime_context.cpp:29] DecreaseCounter constructing_actor_cnt, current val is 413
I1014 10:29:48.775902  1406 naive_actor.cpp:25] actor 1099614388254 switch to &NaiveActor::HandlerNormal
I1014 10:29:48.775965  1406 thread.cpp:96] Thread 524337 construct Actor kDeviceTick 1099614388254
I1014 10:29:48.776019  1406 runtime_context.cpp:29] DecreaseCounter constructing_actor_cnt, current val is 412
I1014 10:29:48.776356  1406 naive_actor.cpp:25] actor 1099614388263 switch to &NaiveActor::HandlerNormal
I1014 10:29:48.776404  1406 thread.cpp:96] Thread 524337 construct Actor kDeviceTick 1099614388263
I1014 10:29:48.776455  1406 runtime_context.cpp:29] DecreaseCounter constructing_actor_cnt, current val is 411
I1014 10:29:48.776682  1406 naive_actor.cpp:25] actor 1099614388278 switch to &NaiveActor::HandlerNormal
I1014 10:29:48.776728  1406 thread.cpp:96] Thread 524337 construct Actor kDeviceTick 1099614388278
I1014 10:29:48.776779  1406 runtime_context.cpp:29] DecreaseCounter constructing_actor_cnt, current val is 410
I1014 10:29:48.776993  1406 naive_actor.cpp:25] actor 1099614388271 switch to &NaiveActor::HandlerNormal
I1014 10:29:48.777038  1406 thread.cpp:96] Thread 524337 construct Actor kDeviceTick 1099614388271
I1014 10:29:48.777091  1406 runtime_context.cpp:29] DecreaseCounter constructing_actor_cnt, current val is 409
I1014 10:29:48.784616  1396 naive_actor.cpp:25] actor 1099551473664 switch to &NaiveActor::HandlerNormal
I1014 10:29:48.784700  1396 thread.cpp:96] Thread 524307 construct Actor kNormalForward 1099551473664
I1014 10:29:48.784803  1396 runtime_context.cpp:29] DecreaseCounter constructing_actor_cnt, current val is 408
I1014 10:29:48.784839  1390 naive_actor.cpp:25] actor 1099538890752 switch to &NaiveActor::HandlerNormal
I1014 10:29:48.785430  1379 naive_actor.cpp:25] actor 1099515822080 switch to &NaiveActor::HandlerNormal
I1014 10:29:48.785583  1406 naive_actor.cpp:25] actor 1099614388232 switch to &NaiveActor::HandlerNormal
I1014 10:29:48.785364  1394 naive_actor.cpp:25] actor 1099547279360 switch to &NaiveActor::HandlerNormal
I1014 10:29:48.785370  1393 naive_actor.cpp:25] actor 1099545182208 switch to &NaiveActor::HandlerNormal
I1014 10:29:48.785831  1380 naive_actor.cpp:25] actor 1099517919232 switch to &NaiveActor::HandlerNormal
I1014 10:29:48.785447  1390 thread.cpp:96] Thread 524301 construct Actor kNormalForward 1099538890752
I1014 10:29:48.785988  1385 naive_actor.cpp:25] actor 1099528404992 switch to &NaiveActor::HandlerNormal
I1014 10:29:48.785506  1397 naive_actor.cpp:25] actor 1099553570816 switch to &NaiveActor::HandlerNormal
I1014 10:29:48.785547  1398 naive_actor.cpp:25] actor 1099555667968 switch to &NaiveActor::HandlerNormal
I1014 10:29:48.786213  1401 naive_actor.cpp:25] actor 1099561959424 switch to &NaiveActor::HandlerNormal
I1014 10:29:48.785586  1402 naive_actor.cpp:25] actor 1099564056576 switch to &NaiveActor::HandlerNormal
I1014 10:29:48.785230  1389 naive_actor.cpp:25] actor 1099536793600 switch to &NaiveActor::HandlerNormal
I1014 10:29:48.785598  1379 thread.cpp:96] Thread 524290 construct Actor kNormalForward 1099515822080
I1014 10:29:48.785683  1406 thread.cpp:96] Thread 524337 construct Actor kTick 1099614388232
I1014 10:29:48.785740  1403 naive_actor.cpp:25] actor 1099566153728 switch to &NaiveActor::HandlerNormal
I1014 10:29:48.785740  1400 naive_actor.cpp:25] actor 1099559862272 switch to &NaiveActor::HandlerNormal
I1014 10:29:48.785756  1394 thread.cpp:96] Thread 524305 construct Actor kNormalForward 1099547279360
I1014 10:29:48.785771  1404 naive_actor.cpp:25] actor 1099568250880 switch to &NaiveActor::HandlerNormal
I1014 10:29:48.786971  1404 thread.cpp:96] Thread 524315 construct Actor kNormalForward 1099568250880
I1014 10:29:48.785851  1393 thread.cpp:96] Thread 524304 construct Actor kNormalForward 1099545182208
I1014 10:29:48.787075  1404 runtime_context.cpp:29] DecreaseCounter constructing_actor_cnt, current val is 403
I1014 10:29:48.787104  1393 runtime_context.cpp:29] DecreaseCounter constructing_actor_cnt, current val is 402
I1014 10:29:48.785951  1380 thread.cpp:96] Thread 524291 construct Actor kNormalForward 1099517919232
I1014 10:29:48.785982  1414 naive_actor.cpp:25] actor 2199027449856 switch to &NaiveActor::HandlerNormal
I1014 10:29:48.787276  1380 runtime_context.cpp:29] DecreaseCounter constructing_actor_cnt, current val is 401
I1014 10:29:48.787298  1414 thread.cpp:96] Thread 1048578 construct Actor kCopyHd 2199027449856
I1014 10:29:48.785473  1395 naive_actor.cpp:25] actor 1099549376512 switch to &NaiveActor::HandlerNormal
I1014 10:29:48.787355  1395 thread.cpp:96] Thread 524306 construct Actor kForeignInput 1099549376512
I1014 10:29:48.786110  1408 sink_actor.cpp:21] actor 1099618582528 switch to &SinkActor::HandlerNormal
I1014 10:29:48.786170  1385 thread.cpp:96] Thread 524296 construct Actor kNormalForward 1099528404992
I1014 10:29:48.787459  1408 thread.cpp:96] Thread 524339 construct Actor kCallbackNotify 1099618582528
I1014 10:29:48.786217  1405 naive_actor.cpp:25] actor 1099570348032 switch to &NaiveActor::HandlerNormal
I1014 10:29:48.785212  1391 naive_actor.cpp:25] actor 1099540987904 switch to &NaiveActor::HandlerNormal
I1014 10:29:48.786260  1398 thread.cpp:96] Thread 524309 construct Actor kForeignInput 1099555667968
I1014 10:29:48.786285  1410 naive_actor.cpp:25] actor 2199023255553 switch to &NaiveActor::HandlerNormal
I1014 10:29:48.786314  1412 naive_actor.cpp:25] actor 2199025352707 switch to &NaiveActor::HandlerNormal
I1014 10:29:48.787756  1410 thread.cpp:96] Thread 1048576 construct Actor kNormalForward 2199023255553
I1014 10:29:48.786430  1402 thread.cpp:96] Thread 524313 construct Actor kNormalForward 1099564056576
I1014 10:29:48.786414  1384 naive_actor.cpp:25] actor 1099526307840 switch to &NaiveActor::HandlerNormal
I1014 10:29:48.786407  1386 naive_actor.cpp:25] actor 1099530502144 switch to &NaiveActor::HandlerNormal
I1014 10:29:48.786443  1387 naive_actor.cpp:25] actor 1099532599296 switch to &NaiveActor::HandlerNormal
I1014 10:29:48.786448  1392 naive_actor.cpp:25] actor 1099543085056 switch to &NaiveActor::HandlerNormal
I1014 10:29:48.788121  1392 thread.cpp:96] Thread 524303 construct Actor kNormalForward 1099543085056
I1014 10:29:48.786687  1379 runtime_context.cpp:29] DecreaseCounter constructing_actor_cnt, current val is 406
I1014 10:29:48.786711  1406 runtime_context.cpp:29] DecreaseCounter constructing_actor_cnt, current val is 405
I1014 10:29:48.786759  1403 thread.cpp:96] Thread 524314 construct Actor kNormalForward 1099566153728
I1014 10:29:48.786832  1400 thread.cpp:96] Thread 524311 construct Actor kNormalForward 1099559862272
I1014 10:29:48.788558  1403 runtime_context.cpp:29] DecreaseCounter constructing_actor_cnt, current val is 392
I1014 10:29:48.785411  1399 naive_actor.cpp:25] actor 1099557765120 switch to &NaiveActor::HandlerNormal
I1014 10:29:48.788744  1399 thread.cpp:96] Thread 524310 construct Actor kNormalForward 1099557765120
I1014 10:29:48.785953  1383 naive_actor.cpp:25] actor 1099524210688 switch to &NaiveActor::HandlerNormal
I1014 10:29:48.785988  1381 naive_actor.cpp:25] actor 1099520016384 switch to &NaiveActor::HandlerNormal
I1014 10:29:48.788906  1381 thread.cpp:96] Thread 524292 construct Actor kNormalForward 1099520016384
I1014 10:29:48.787358  1414 runtime_context.cpp:29] DecreaseCounter constructing_actor_cnt, current val is 400
I1014 10:29:48.786121  1390 runtime_context.cpp:29] DecreaseCounter constructing_actor_cnt, current val is 407
I1014 10:29:48.787410  1395 runtime_context.cpp:29] DecreaseCounter constructing_actor_cnt, current val is 399
I1014 10:29:48.786231  1397 thread.cpp:96] Thread 524308 construct Actor kNormalForward 1099553570816
I1014 10:29:48.787533  1385 runtime_context.cpp:29] DecreaseCounter constructing_actor_cnt, current val is 398
I1014 10:29:48.787540  1408 runtime_context.cpp:29] DecreaseCounter constructing_actor_cnt, current val is 397
I1014 10:29:48.787596  1405 thread.cpp:96] Thread 524316 construct Actor kForeignOutput 1099570348032
I1014 10:29:48.787667  1391 thread.cpp:96] Thread 524302 construct Actor kNormalForward 1099540987904
I1014 10:29:48.787722  1398 runtime_context.cpp:29] DecreaseCounter constructing_actor_cnt, current val is 396
I1014 10:29:48.789654  1391 runtime_context.cpp:29] DecreaseCounter constructing_actor_cnt, current val is 386
I1014 10:29:48.786391  1401 thread.cpp:96] Thread 524312 construct Actor kForeignInput 1099561959424
I1014 10:29:48.787883  1402 runtime_context.cpp:29] DecreaseCounter constructing_actor_cnt, current val is 395
I1014 10:29:48.787892  1410 runtime_context.cpp:29] DecreaseCounter constructing_actor_cnt, current val is 394
I1014 10:29:48.787981  1384 thread.cpp:96] Thread 524295 construct Actor kNormalForward 1099526307840
I1014 10:29:48.788022  1386 thread.cpp:96] Thread 524297 construct Actor kNormalForward 1099530502144
I1014 10:29:48.788074  1387 thread.cpp:96] Thread 524298 construct Actor kNormalForward 1099532599296
I1014 10:29:48.786530  1389 thread.cpp:96] Thread 524300 construct Actor kNormalForward 1099536793600
I1014 10:29:48.788197  1392 runtime_context.cpp:29] DecreaseCounter constructing_actor_cnt, current val is 393
I1014 10:29:48.790510  1389 runtime_context.cpp:29] DecreaseCounter constructing_actor_cnt, current val is 381
I1014 10:29:48.788630  1406 naive_actor.cpp:25] actor 1099614388224 switch to &NaiveActor::HandlerNormal
I1014 10:29:48.788651  1400 runtime_context.cpp:29] DecreaseCounter constructing_actor_cnt, current val is 391
I1014 10:29:48.785856  1382 naive_actor.cpp:25] actor 1099522113536 switch to &NaiveActor::HandlerNormal
I1014 10:29:48.790845  1382 thread.cpp:96] Thread 524293 construct Actor kNormalForward 1099522113536
I1014 10:29:48.788864  1383 thread.cpp:96] Thread 524294 construct Actor kNormalForward 1099524210688
I1014 10:29:48.785990  1388 naive_actor.cpp:25] actor 1099534696448 switch to &NaiveActor::HandlerNormal
I1014 10:29:48.788998  1381 runtime_context.cpp:29] DecreaseCounter constructing_actor_cnt, current val is 389
I1014 10:29:48.789240  1397 runtime_context.cpp:29] DecreaseCounter constructing_actor_cnt, current val is 388
I1014 10:29:48.789638  1405 runtime_context.cpp:29] DecreaseCounter constructing_actor_cnt, current val is 387
I1014 10:29:48.787776  1412 thread.cpp:96] Thread 1048577 construct Actor kSliceBoxing 2199025352707
I1014 10:29:48.789876  1401 runtime_context.cpp:29] DecreaseCounter constructing_actor_cnt, current val is 385
I1014 10:29:48.790256  1384 runtime_context.cpp:29] DecreaseCounter constructing_actor_cnt, current val is 384
I1014 10:29:48.790288  1386 runtime_context.cpp:29] DecreaseCounter constructing_actor_cnt, current val is 383
I1014 10:29:48.790418  1387 runtime_context.cpp:29] DecreaseCounter constructing_actor_cnt, current val is 382
I1014 10:29:48.786917  1394 runtime_context.cpp:29] DecreaseCounter constructing_actor_cnt, current val is 404
I1014 10:29:48.790693  1406 thread.cpp:96] Thread 524337 construct Actor kDeviceTick 1099614388224
I1014 10:29:48.788825  1399 runtime_context.cpp:29] DecreaseCounter constructing_actor_cnt, current val is 390
I1014 10:29:48.790956  1382 runtime_context.cpp:29] DecreaseCounter constructing_actor_cnt, current val is 380
I1014 10:29:48.791016  1383 runtime_context.cpp:29] DecreaseCounter constructing_actor_cnt, current val is 379
I1014 10:29:48.791082  1388 thread.cpp:96] Thread 524299 construct Actor kNormalForward 1099534696448
I1014 10:29:48.791325  1412 runtime_context.cpp:29] DecreaseCounter constructing_actor_cnt, current val is 378
I1014 10:29:48.791627  1410 naive_actor.cpp:25] actor 2199023255555 switch to &NaiveActor::HandlerNormal
I1014 10:29:48.791815  1406 runtime_context.cpp:29] DecreaseCounter constructing_actor_cnt, current val is 377
I1014 10:29:48.792135  1388 runtime_context.cpp:29] DecreaseCounter constructing_actor_cnt, current val is 376
I1014 10:29:48.792160  1410 thread.cpp:96] Thread 1048576 construct Actor kNormalForward 2199023255555
I1014 10:29:48.792302  1412 naive_actor.cpp:25] actor 2199025352704 switch to &NaiveActor::HandlerNormal
I1014 10:29:48.792367  1412 thread.cpp:96] Thread 1048577 construct Actor kSliceBoxing 2199025352704
I1014 10:29:48.792382  1410 runtime_context.cpp:29] DecreaseCounter constructing_actor_cnt, current val is 375
I1014 10:29:48.792441  1412 runtime_context.cpp:29] DecreaseCounter constructing_actor_cnt, current val is 374
I1014 10:29:48.792555  1406 naive_actor.cpp:25] actor 1099614388239 switch to &NaiveActor::HandlerNormal
I1014 10:29:48.792661  1406 thread.cpp:96] Thread 524337 construct Actor kDstSubsetTick 1099614388239
I1014 10:29:48.792691  1412 naive_actor.cpp:25] actor 2199025352708 switch to &NaiveActor::HandlerNormal
I1014 10:29:48.792778  1412 thread.cpp:96] Thread 1048577 construct Actor kSliceBoxing 2199025352708
I1014 10:29:48.792783  1406 runtime_context.cpp:29] DecreaseCounter constructing_actor_cnt, current val is 373
I1014 10:29:48.792855  1412 runtime_context.cpp:29] DecreaseCounter constructing_actor_cnt, current val is 372
I1014 10:29:48.793047  1412 naive_actor.cpp:25] actor 2199025352706 switch to &NaiveActor::HandlerNormal
I1014 10:29:48.793102  1412 thread.cpp:96] Thread 1048577 construct Actor kCopyHd 2199025352706
I1014 10:29:48.793159  1412 runtime_context.cpp:29] DecreaseCounter constructing_actor_cnt, current val is 371
I1014 10:29:48.793258  1406 naive_actor.cpp:25] actor 1099614388225 switch to &NaiveActor::HandlerNormal
I1014 10:29:48.793321  1406 thread.cpp:96] Thread 524337 construct Actor kDeviceTick 1099614388225
I1014 10:29:48.793385  1406 runtime_context.cpp:29] DecreaseCounter constructing_actor_cnt, current val is 370
I1014 10:29:48.793469  1412 naive_actor.cpp:25] actor 2199025352705 switch to &NaiveActor::HandlerNormal
I1014 10:29:48.793558  1412 thread.cpp:96] Thread 1048577 construct Actor kSliceBoxing 2199025352705
I1014 10:29:48.793635  1410 naive_actor.cpp:25] actor 2199023255560 switch to &NaiveActor::HandlerNormal
I1014 10:29:48.793645  1412 runtime_context.cpp:29] DecreaseCounter constructing_actor_cnt, current val is 369
I1014 10:29:48.793694  1410 thread.cpp:96] Thread 1048576 construct Actor kNormalForward 2199023255560
I1014 10:29:48.793814  1410 runtime_context.cpp:29] DecreaseCounter constructing_actor_cnt, current val is 368
I1014 10:29:48.793853  1406 naive_actor.cpp:25] actor 1099614388240 switch to &NaiveActor::HandlerNormal
I1014 10:29:48.793895  1412 naive_actor.cpp:25] actor 2199025352709 switch to &NaiveActor::HandlerNormal
I1014 10:29:48.793905  1406 thread.cpp:96] Thread 524337 construct Actor kTick 1099614388240
I1014 10:29:48.793946  1412 thread.cpp:96] Thread 1048577 construct Actor kCopyHd 2199025352709
I1014 10:29:48.794009  1406 runtime_context.cpp:29] DecreaseCounter constructing_actor_cnt, current val is 367
I1014 10:29:48.794128  1412 runtime_context.cpp:29] DecreaseCounter constructing_actor_cnt, current val is 366
I1014 10:29:48.794453  1406 naive_actor.cpp:25] actor 1099614388241 switch to &NaiveActor::HandlerNormal
I1014 10:29:48.794456  1412 naive_actor.cpp:25] actor 2199025352710 switch to &NaiveActor::HandlerNormal
I1014 10:29:48.794512  1406 thread.cpp:96] Thread 524337 construct Actor kTick 1099614388241
I1014 10:29:48.794555  1412 thread.cpp:96] Thread 1048577 construct Actor kCopyHd 2199025352710
I1014 10:29:48.794632  1406 runtime_context.cpp:29] DecreaseCounter constructing_actor_cnt, current val is 365
I1014 10:29:48.794653  1412 runtime_context.cpp:29] DecreaseCounter constructing_actor_cnt, current val is 364
I1014 10:29:48.794940  1410 naive_actor.cpp:25] actor 2199023255552 switch to &NaiveActor::HandlerNormal
I1014 10:29:48.794982  1406 naive_actor.cpp:25] actor 1099614388236 switch to &NaiveActor::HandlerNormal
I1014 10:29:48.795001  1410 thread.cpp:96] Thread 1048576 construct Actor kNormalForward 2199023255552
I1014 10:29:48.795039  1406 thread.cpp:96] Thread 524337 construct Actor kSrcSubsetTick 1099614388236
I1014 10:29:48.795125  1410 runtime_context.cpp:29] DecreaseCounter constructing_actor_cnt, current val is 363
I1014 10:29:48.795138  1406 runtime_context.cpp:29] DecreaseCounter constructing_actor_cnt, current val is 362
I1014 10:29:48.795497  1406 naive_actor.cpp:25] actor 1099614388234 switch to &NaiveActor::HandlerNormal
I1014 10:29:48.795545  1406 thread.cpp:96] Thread 524337 construct Actor kTick 1099614388234
I1014 10:29:48.795624  1406 runtime_context.cpp:29] DecreaseCounter constructing_actor_cnt, current val is 361
I1014 10:29:48.796161  1406 esac_actor.cpp:73] actor 1099614388323 switch to &EsacActor::HandlerNormal
I1014 10:29:48.796209  1406 thread.cpp:96] Thread 524337 construct Actor kEsac 1099614388323
I1014 10:29:48.796294  1406 runtime_context.cpp:29] DecreaseCounter constructing_actor_cnt, current val is 360
I1014 10:29:48.796650  1406 naive_actor.cpp:25] actor 1099614388233 switch to &NaiveActor::HandlerNormal
I1014 10:29:48.796700  1406 thread.cpp:96] Thread 524337 construct Actor kTick 1099614388233
I1014 10:29:48.796785  1406 runtime_context.cpp:29] DecreaseCounter constructing_actor_cnt, current val is 359
I1014 10:29:48.797109  1406 naive_actor.cpp:25] actor 1099614388238 switch to &NaiveActor::HandlerNormal
I1014 10:29:48.797154  1406 thread.cpp:96] Thread 524337 construct Actor kTick 1099614388238
I1014 10:29:48.797222  1406 runtime_context.cpp:29] DecreaseCounter constructing_actor_cnt, current val is 358
I1014 10:29:48.797217  1410 naive_actor.cpp:25] actor 2199023255574 switch to &NaiveActor::HandlerNormal
I1014 10:29:48.797307  1410 thread.cpp:96] Thread 1048576 construct Actor kNormalForward 2199023255574
I1014 10:29:48.797389  1410 runtime_context.cpp:29] DecreaseCounter constructing_actor_cnt, current val is 357
I1014 10:29:48.797637  1406 naive_actor.cpp:25] actor 1099614388231 switch to &NaiveActor::HandlerNormal
I1014 10:29:48.797689  1406 thread.cpp:96] Thread 524337 construct Actor kDstSubsetTick 1099614388231
I1014 10:29:48.797757  1406 runtime_context.cpp:29] DecreaseCounter constructing_actor_cnt, current val is 356
I1014 10:29:48.798095  1406 naive_actor.cpp:25] actor 1099614388227 switch to &NaiveActor::HandlerNormal
I1014 10:29:48.798143  1406 thread.cpp:96] Thread 524337 construct Actor kSrcSubsetTick 1099614388227
I1014 10:29:48.798213  1406 runtime_context.cpp:29] DecreaseCounter constructing_actor_cnt, current val is 355
I1014 10:29:48.798605  1410 naive_actor.cpp:25] actor 2199023255556 switch to &NaiveActor::HandlerNormal
I1014 10:29:48.798632  1406 naive_actor.cpp:25] actor 1099614388226 switch to &NaiveActor::HandlerNormal
I1014 10:29:48.798663  1410 thread.cpp:96] Thread 1048576 construct Actor kNormalForward 2199023255556
I1014 10:29:48.798702  1406 thread.cpp:96] Thread 524337 construct Actor kDeviceTick 1099614388226
I1014 10:29:48.798779  1410 runtime_context.cpp:29] DecreaseCounter constructing_actor_cnt, current val is 354
I1014 10:29:48.798840  1406 runtime_context.cpp:29] DecreaseCounter constructing_actor_cnt, current val is 353
I1014 10:29:48.799510  1406 esac_actor.cpp:73] actor 1099614388315 switch to &EsacActor::HandlerNormal
I1014 10:29:48.799558  1406 thread.cpp:96] Thread 524337 construct Actor kEsac 1099614388315
I1014 10:29:48.799669  1406 runtime_context.cpp:29] DecreaseCounter constructing_actor_cnt, current val is 352
I1014 10:29:48.800016  1406 naive_actor.cpp:25] actor 1099614388230 switch to &NaiveActor::HandlerNormal
I1014 10:29:48.800068  1406 thread.cpp:96] Thread 524337 construct Actor kTick 1099614388230
I1014 10:29:48.800094  1410 naive_actor.cpp:25] actor 2199023255561 switch to &NaiveActor::HandlerNormal
I1014 10:29:48.800137  1406 runtime_context.cpp:29] DecreaseCounter constructing_actor_cnt, current val is 351
I1014 10:29:48.800151  1410 thread.cpp:96] Thread 1048576 construct Actor kNormalForward 2199023255561
I1014 10:29:48.800267  1410 runtime_context.cpp:29] DecreaseCounter constructing_actor_cnt, current val is 350
I1014 10:29:48.800508  1406 naive_actor.cpp:25] actor 1099614388242 switch to &NaiveActor::HandlerNormal
I1014 10:29:48.800559  1406 thread.cpp:96] Thread 524337 construct Actor kTick 1099614388242
I1014 10:29:48.800637  1406 runtime_context.cpp:29] DecreaseCounter constructing_actor_cnt, current val is 349
I1014 10:29:48.801005  1406 naive_actor.cpp:25] actor 1099614388244 switch to &NaiveActor::HandlerNormal
I1014 10:29:48.801056  1406 thread.cpp:96] Thread 524337 construct Actor kSrcSubsetTick 1099614388244
I1014 10:29:48.801121  1406 runtime_context.cpp:29] DecreaseCounter constructing_actor_cnt, current val is 348
I1014 10:29:48.801139  1410 naive_actor.cpp:25] actor 2199023255580 switch to &NaiveActor::HandlerNormal
I1014 10:29:48.801200  1410 thread.cpp:96] Thread 1048576 construct Actor kNormalForward 2199023255580
I1014 10:29:48.801268  1410 runtime_context.cpp:29] DecreaseCounter constructing_actor_cnt, current val is 347
I1014 10:29:48.801481  1406 naive_actor.cpp:25] actor 1099614388243 switch to &NaiveActor::HandlerNormal
I1014 10:29:48.801530  1406 thread.cpp:96] Thread 524337 construct Actor kDeviceTick 1099614388243
I1014 10:29:48.801609  1406 runtime_context.cpp:29] DecreaseCounter constructing_actor_cnt, current val is 346
I1014 10:29:48.801959  1406 naive_actor.cpp:25] actor 1099614388318 switch to &NaiveActor::HandlerNormal
I1014 10:29:48.802008  1406 thread.cpp:96] Thread 524337 construct Actor kTick 1099614388318
I1014 10:29:48.802075  1406 runtime_context.cpp:29] DecreaseCounter constructing_actor_cnt, current val is 345
I1014 10:29:48.802395  1406 naive_actor.cpp:25] actor 1099614388247 switch to &NaiveActor::HandlerNormal
I1014 10:29:48.802446  1406 thread.cpp:96] Thread 524337 construct Actor kTick 1099614388247
I1014 10:29:48.802512  1406 runtime_context.cpp:29] DecreaseCounter constructing_actor_cnt, current val is 344
I1014 10:29:48.802551  1410 naive_actor.cpp:25] actor 2199023255581 switch to &NaiveActor::HandlerNormal
I1014 10:29:48.802608  1410 thread.cpp:96] Thread 1048576 construct Actor kNormalForward 2199023255581
I1014 10:29:48.802681  1410 runtime_context.cpp:29] DecreaseCounter constructing_actor_cnt, current val is 343
I1014 10:29:48.802863  1406 naive_actor.cpp:25] actor 1099614388250 switch to &NaiveActor::HandlerNormal
I1014 10:29:48.802912  1406 thread.cpp:96] Thread 524337 construct Actor kTick 1099614388250
I1014 10:29:48.802978  1406 runtime_context.cpp:29] DecreaseCounter constructing_actor_cnt, current val is 342
I1014 10:29:48.803411  1406 naive_actor.cpp:25] actor 1099614388248 switch to &NaiveActor::HandlerNormal
I1014 10:29:48.803462  1406 thread.cpp:96] Thread 524337 construct Actor kDstSubsetTick 1099614388248
I1014 10:29:48.803534  1406 runtime_context.cpp:29] DecreaseCounter constructing_actor_cnt, current val is 341
I1014 10:29:48.803659  1410 naive_actor.cpp:25] actor 2199023255575 switch to &NaiveActor::HandlerNormal
I1014 10:29:48.803794  1410 thread.cpp:96] Thread 1048576 construct Actor kNormalForward 2199023255575
I1014 10:29:48.803869  1406 naive_actor.cpp:25] actor 1099614388249 switch to &NaiveActor::HandlerNormal
I1014 10:29:48.803885  1410 runtime_context.cpp:29] DecreaseCounter constructing_actor_cnt, current val is 340
I1014 10:29:48.803918  1406 thread.cpp:96] Thread 524337 construct Actor kTick 1099614388249
I1014 10:29:48.804010  1406 runtime_context.cpp:29] DecreaseCounter constructing_actor_cnt, current val is 339
I1014 10:29:48.804320  1406 naive_actor.cpp:25] actor 1099614388251 switch to &NaiveActor::HandlerNormal
I1014 10:29:48.804370  1406 thread.cpp:96] Thread 524337 construct Actor kTick 1099614388251
I1014 10:29:48.804435  1406 runtime_context.cpp:29] DecreaseCounter constructing_actor_cnt, current val is 338
I1014 10:29:48.804791  1406 naive_actor.cpp:25] actor 1099614388253 switch to &NaiveActor::HandlerNormal
I1014 10:29:48.804842  1406 thread.cpp:96] Thread 524337 construct Actor kSrcSubsetTick 1099614388253
I1014 10:29:48.804906  1406 runtime_context.cpp:29] DecreaseCounter constructing_actor_cnt, current val is 337
I1014 10:29:48.805001  1410 naive_actor.cpp:25] actor 2199023255577 switch to &NaiveActor::HandlerNormal
I1014 10:29:48.805050  1410 thread.cpp:96] Thread 1048576 construct Actor kNormalForward 2199023255577
I1014 10:29:48.805124  1410 runtime_context.cpp:29] DecreaseCounter constructing_actor_cnt, current val is 336
I1014 10:29:48.805250  1406 naive_actor.cpp:25] actor 1099614388322 switch to &NaiveActor::HandlerNormal
I1014 10:29:48.805299  1406 thread.cpp:96] Thread 524337 construct Actor kTick 1099614388322
I1014 10:29:48.805358  1406 runtime_context.cpp:29] DecreaseCounter constructing_actor_cnt, current val is 335
I1014 10:29:48.805459  1410 naive_actor.cpp:25] actor 2199023255562 switch to &NaiveActor::HandlerNormal
I1014 10:29:48.805505  1410 thread.cpp:96] Thread 1048576 construct Actor kNormalForward 2199023255562
I1014 10:29:48.805579  1410 runtime_context.cpp:29] DecreaseCounter constructing_actor_cnt, current val is 334
I1014 10:29:48.805727  1406 naive_actor.cpp:25] actor 1099614388256 switch to &NaiveActor::HandlerNormal
I1014 10:29:48.805774  1406 thread.cpp:96] Thread 524337 construct Actor kTick 1099614388256
I1014 10:29:48.805840  1406 runtime_context.cpp:29] DecreaseCounter constructing_actor_cnt, current val is 333
I1014 10:29:48.806149  1406 naive_actor.cpp:25] actor 1099614388252 switch to &NaiveActor::HandlerNormal
I1014 10:29:48.806196  1406 thread.cpp:96] Thread 524337 construct Actor kDeviceTick 1099614388252
I1014 10:29:48.806257  1406 runtime_context.cpp:29] DecreaseCounter constructing_actor_cnt, current val is 332
I1014 10:29:48.806416  1410 naive_actor.cpp:25] actor 2199023255557 switch to &NaiveActor::HandlerNormal
I1014 10:29:48.806461  1410 thread.cpp:96] Thread 1048576 construct Actor kNormalForward 2199023255557
I1014 10:29:48.806532  1410 runtime_context.cpp:29] DecreaseCounter constructing_actor_cnt, current val is 331
I1014 10:29:48.806579  1406 naive_actor.cpp:25] actor 1099614388258 switch to &NaiveActor::HandlerNormal
I1014 10:29:48.806623  1406 thread.cpp:96] Thread 524337 construct Actor kTick 1099614388258
I1014 10:29:48.806694  1406 runtime_context.cpp:29] DecreaseCounter constructing_actor_cnt, current val is 330
I1014 10:29:48.806991  1406 naive_actor.cpp:25] actor 1099614388259 switch to &NaiveActor::HandlerNormal
I1014 10:29:48.807035  1406 thread.cpp:96] Thread 524337 construct Actor kTick 1099614388259
I1014 10:29:48.807097  1406 runtime_context.cpp:29] DecreaseCounter constructing_actor_cnt, current val is 329
I1014 10:29:48.807474  1406 naive_actor.cpp:25] actor 1099614388257 switch to &NaiveActor::HandlerNormal
I1014 10:29:48.807479  1378 naive_actor.cpp:25] actor 1099513724928 switch to &NaiveActor::HandlerNormal
I1014 10:29:48.807485  1377 naive_actor.cpp:25] actor 1099511627776 switch to &NaiveActor::HandlerNormal
I1014 10:29:48.807524  1406 thread.cpp:96] Thread 524337 construct Actor kDstSubsetTick 1099614388257
I1014 10:29:48.807552  1378 thread.cpp:96] Thread 524289 construct Actor kNormalForward 1099513724928
I1014 10:29:48.807662  1406 runtime_context.cpp:29] DecreaseCounter constructing_actor_cnt, current val is 328
I1014 10:29:48.807602  1377 thread.cpp:96] Thread 524288 construct Actor kNormalForward 1099511627776
I1014 10:29:48.807596  1410 naive_actor.cpp:25] actor 2199023255559 switch to &NaiveActor::HandlerNormal
I1014 10:29:48.807724  1378 runtime_context.cpp:29] DecreaseCounter constructing_actor_cnt, current val is 327
I1014 10:29:48.807821  1377 runtime_context.cpp:29] DecreaseCounter constructing_actor_cnt, current val is 326
I1014 10:29:48.807797  1410 thread.cpp:96] Thread 1048576 construct Actor kNormalForward 2199023255559
I1014 10:29:48.807965  1410 runtime_context.cpp:29] DecreaseCounter constructing_actor_cnt, current val is 325
I1014 10:29:48.808018  1406 naive_actor.cpp:25] actor 1099614388260 switch to &NaiveActor::HandlerNormal
I1014 10:29:48.808063  1406 thread.cpp:96] Thread 524337 construct Actor kTick 1099614388260
I1014 10:29:48.808125  1406 runtime_context.cpp:29] DecreaseCounter constructing_actor_cnt, current val is 324
I1014 10:29:48.808432  1406 naive_actor.cpp:25] actor 1099614388268 switch to &NaiveActor::HandlerNormal
I1014 10:29:48.808475  1406 thread.cpp:96] Thread 524337 construct Actor kTick 1099614388268
I1014 10:29:48.808534  1406 runtime_context.cpp:29] DecreaseCounter constructing_actor_cnt, current val is 323
I1014 10:29:48.808821  1406 naive_actor.cpp:25] actor 1099614388261 switch to &NaiveActor::HandlerNormal
I1014 10:29:48.808866  1406 thread.cpp:96] Thread 524337 construct Actor kDeviceTick 1099614388261
I1014 10:29:48.808923  1406 runtime_context.cpp:29] DecreaseCounter constructing_actor_cnt, current val is 322
I1014 10:29:48.809062  1410 naive_actor.cpp:25] actor 2199023255572 switch to &NaiveActor::HandlerNormal
I1014 10:29:48.809113  1410 thread.cpp:96] Thread 1048576 construct Actor kNormalForward 2199023255572
I1014 10:29:48.809190  1410 runtime_context.cpp:29] DecreaseCounter constructing_actor_cnt, current val is 321
I1014 10:29:48.809201  1406 naive_actor.cpp:25] actor 1099614388262 switch to &NaiveActor::HandlerNormal
I1014 10:29:48.809262  1406 thread.cpp:96] Thread 524337 construct Actor kSrcSubsetTick 1099614388262
I1014 10:29:48.809321  1406 runtime_context.cpp:29] DecreaseCounter constructing_actor_cnt, current val is 320
I1014 10:29:48.809628  1406 naive_actor.cpp:25] actor 1099614388321 switch to &NaiveActor::HandlerNormal
I1014 10:29:48.809671  1406 thread.cpp:96] Thread 524337 construct Actor kTick 1099614388321
I1014 10:29:48.809731  1406 runtime_context.cpp:29] DecreaseCounter constructing_actor_cnt, current val is 319
I1014 10:29:48.810015  1406 naive_actor.cpp:25] actor 1099614388265 switch to &NaiveActor::HandlerNormal
I1014 10:29:48.810060  1406 thread.cpp:96] Thread 524337 construct Actor kTick 1099614388265
I1014 10:29:48.810118  1406 runtime_context.cpp:29] DecreaseCounter constructing_actor_cnt, current val is 318
I1014 10:29:48.810161  1410 naive_actor.cpp:25] actor 2199023255582 switch to &NaiveActor::HandlerNormal
I1014 10:29:48.810214  1410 thread.cpp:96] Thread 1048576 construct Actor kNormalForward 2199023255582
I1014 10:29:48.810295  1410 runtime_context.cpp:29] DecreaseCounter constructing_actor_cnt, current val is 317
I1014 10:29:48.810479  1406 naive_actor.cpp:25] actor 1099614388266 switch to &NaiveActor::HandlerNormal
I1014 10:29:48.810525  1406 thread.cpp:96] Thread 524337 construct Actor kDstSubsetTick 1099614388266
I1014 10:29:48.810596  1406 runtime_context.cpp:29] DecreaseCounter constructing_actor_cnt, current val is 316
I1014 10:29:48.810873  1406 naive_actor.cpp:25] actor 1099614388267 switch to &NaiveActor::HandlerNormal
I1014 10:29:48.810918  1406 thread.cpp:96] Thread 524337 construct Actor kTick 1099614388267
I1014 10:29:48.810976  1406 runtime_context.cpp:29] DecreaseCounter constructing_actor_cnt, current val is 315
I1014 10:29:48.811098  1410 naive_actor.cpp:25] actor 2199023255573 switch to &NaiveActor::HandlerNormal
I1014 10:29:48.811147  1410 thread.cpp:96] Thread 1048576 construct Actor kNormalForward 2199023255573
I1014 10:29:48.811242  1406 naive_actor.cpp:25] actor 1099614388269 switch to &NaiveActor::HandlerNormal
I1014 10:29:48.811318  1406 thread.cpp:96] Thread 524337 construct Actor kDeviceTick 1099614388269
I1014 10:29:48.811323  1410 runtime_context.cpp:29] DecreaseCounter constructing_actor_cnt, current val is 314
I1014 10:29:48.811380  1406 runtime_context.cpp:29] DecreaseCounter constructing_actor_cnt, current val is 313
I1014 10:29:48.811688  1406 naive_actor.cpp:25] actor 1099614388270 switch to &NaiveActor::HandlerNormal
I1014 10:29:48.811731  1406 thread.cpp:96] Thread 524337 construct Actor kSrcSubsetTick 1099614388270
I1014 10:29:48.811786  1406 runtime_context.cpp:29] DecreaseCounter constructing_actor_cnt, current val is 312
I1014 10:29:48.812084  1406 naive_actor.cpp:25] actor 1099614388276 switch to &NaiveActor::HandlerNormal
I1014 10:29:48.812129  1406 thread.cpp:96] Thread 524337 construct Actor kTick 1099614388276
I1014 10:29:48.812189  1406 runtime_context.cpp:29] DecreaseCounter constructing_actor_cnt, current val is 311
I1014 10:29:48.812314  1410 naive_actor.cpp:25] actor 2199023255579 switch to &NaiveActor::HandlerNormal
I1014 10:29:48.812381  1410 thread.cpp:96] Thread 1048576 construct Actor kNormalForward 2199023255579
I1014 10:29:48.812461  1410 runtime_context.cpp:29] DecreaseCounter constructing_actor_cnt, current val is 310
I1014 10:29:48.812491  1406 naive_actor.cpp:25] actor 1099614388284 switch to &NaiveActor::HandlerNormal
I1014 10:29:48.812532  1406 thread.cpp:96] Thread 524337 construct Actor kTick 1099614388284
I1014 10:29:48.812598  1406 runtime_context.cpp:29] DecreaseCounter constructing_actor_cnt, current val is 309
I1014 10:29:48.812804  1410 naive_actor.cpp:25] actor 2199023255583 switch to &NaiveActor::HandlerNormal
I1014 10:29:48.812852  1410 thread.cpp:96] Thread 1048576 construct Actor kNormalForward 2199023255583
I1014 10:29:48.812920  1406 naive_actor.cpp:25] actor 1099614388283 switch to &NaiveActor::HandlerNormal
I1014 10:29:48.812952  1410 runtime_context.cpp:29] DecreaseCounter constructing_actor_cnt, current val is 308
I1014 10:29:48.812963  1406 thread.cpp:96] Thread 524337 construct Actor kTick 1099614388283
I1014 10:29:48.813052  1406 runtime_context.cpp:29] DecreaseCounter constructing_actor_cnt, current val is 307
I1014 10:29:48.813275  1410 naive_actor.cpp:25] actor 2199023255564 switch to &NaiveActor::HandlerNormal
I1014 10:29:48.813323  1410 thread.cpp:96] Thread 1048576 construct Actor kNormalForward 2199023255564
I1014 10:29:48.813364  1406 naive_actor.cpp:25] actor 1099614388275 switch to &NaiveActor::HandlerNormal
I1014 10:29:48.813387  1410 runtime_context.cpp:29] DecreaseCounter constructing_actor_cnt, current val is 306
I1014 10:29:48.813408  1406 thread.cpp:96] Thread 524337 construct Actor kTick 1099614388275
I1014 10:29:48.813489  1406 runtime_context.cpp:29] DecreaseCounter constructing_actor_cnt, current val is 305
I1014 10:29:48.813786  1406 naive_actor.cpp:25] actor 1099614388281 switch to &NaiveActor::HandlerNormal
I1014 10:29:48.813828  1406 thread.cpp:96] Thread 524337 construct Actor kTick 1099614388281
I1014 10:29:48.813886  1406 runtime_context.cpp:29] DecreaseCounter constructing_actor_cnt, current val is 304
I1014 10:29:48.814194  1406 naive_actor.cpp:25] actor 1099614388277 switch to &NaiveActor::HandlerNormal
I1014 10:29:48.814237  1406 thread.cpp:96] Thread 524337 construct Actor kTick 1099614388277
I1014 10:29:48.814294  1406 runtime_context.cpp:29] DecreaseCounter constructing_actor_cnt, current val is 303
I1014 10:29:48.814384  1410 naive_actor.cpp:25] actor 2199023255570 switch to &NaiveActor::HandlerNormal
I1014 10:29:48.814430  1410 thread.cpp:96] Thread 1048576 construct Actor kNormalForward 2199023255570
I1014 10:29:48.814502  1410 runtime_context.cpp:29] DecreaseCounter constructing_actor_cnt, current val is 302
I1014 10:29:48.814647  1406 naive_actor.cpp:25] actor 1099614388274 switch to &NaiveActor::HandlerNormal
I1014 10:29:48.814702  1406 thread.cpp:96] Thread 524337 construct Actor kDstSubsetTick 1099614388274
I1014 10:29:48.814815  1406 runtime_context.cpp:29] DecreaseCounter constructing_actor_cnt, current val is 301
I1014 10:29:48.815116  1406 naive_actor.cpp:25] actor 1099614388319 switch to &NaiveActor::HandlerNormal
I1014 10:29:48.815158  1406 thread.cpp:96] Thread 524337 construct Actor kTick 1099614388319
I1014 10:29:48.815217  1406 runtime_context.cpp:29] DecreaseCounter constructing_actor_cnt, current val is 300
I1014 10:29:48.815332  1410 naive_actor.cpp:25] actor 2199023255563 switch to &NaiveActor::HandlerNormal
I1014 10:29:48.815377  1410 thread.cpp:96] Thread 1048576 construct Actor kNormalForward 2199023255563
I1014 10:29:48.815443  1410 runtime_context.cpp:29] DecreaseCounter constructing_actor_cnt, current val is 299
I1014 10:29:48.815505  1406 naive_actor.cpp:25] actor 1099614388273 switch to &NaiveActor::HandlerNormal
I1014 10:29:48.815546  1406 thread.cpp:96] Thread 524337 construct Actor kTick 1099614388273
I1014 10:29:48.815611  1406 runtime_context.cpp:29] DecreaseCounter constructing_actor_cnt, current val is 298
I1014 10:29:48.815881  1406 naive_actor.cpp:25] actor 1099614388279 switch to &NaiveActor::HandlerNormal
I1014 10:29:48.815924  1406 thread.cpp:96] Thread 524337 construct Actor kSrcSubsetTick 1099614388279
I1014 10:29:48.815977  1406 runtime_context.cpp:29] DecreaseCounter constructing_actor_cnt, current val is 297
I1014 10:29:48.816295  1410 naive_actor.cpp:25] actor 2199023255565 switch to &NaiveActor::HandlerNormal
I1014 10:29:48.816310  1406 naive_actor.cpp:25] actor 1099614388282 switch to &NaiveActor::HandlerNormal
I1014 10:29:48.816344  1410 thread.cpp:96] Thread 1048576 construct Actor kNormalForward 2199023255565
I1014 10:29:48.816376  1406 thread.cpp:96] Thread 524337 construct Actor kDstSubsetTick 1099614388282
I1014 10:29:48.816448  1410 runtime_context.cpp:29] DecreaseCounter constructing_actor_cnt, current val is 296
I1014 10:29:48.816462  1406 runtime_context.cpp:29] DecreaseCounter constructing_actor_cnt, current val is 295
I1014 10:29:48.816762  1410 naive_actor.cpp:25] actor 2199023255578 switch to &NaiveActor::HandlerNormal
I1014 10:29:48.816766  1406 naive_actor.cpp:25] actor 1099614388288 switch to &NaiveActor::HandlerNormal
I1014 10:29:48.816812  1410 thread.cpp:96] Thread 1048576 construct Actor kNormalForward 2199023255578
I1014 10:29:48.816845  1406 thread.cpp:96] Thread 524337 construct Actor kTick 1099614388288
I1014 10:29:48.816905  1410 runtime_context.cpp:29] DecreaseCounter constructing_actor_cnt, current val is 294
I1014 10:29:48.816923  1406 runtime_context.cpp:29] DecreaseCounter constructing_actor_cnt, current val is 293
I1014 10:29:48.817201  1406 naive_actor.cpp:25] actor 1099614388298 switch to &NaiveActor::HandlerNormal
I1014 10:29:48.817243  1406 thread.cpp:96] Thread 524337 construct Actor kTick 1099614388298
I1014 10:29:48.817301  1406 runtime_context.cpp:29] DecreaseCounter constructing_actor_cnt, current val is 292
I1014 10:29:48.817557  1406 naive_actor.cpp:25] actor 1099614388299 switch to &NaiveActor::HandlerNormal
I1014 10:29:48.817605  1406 thread.cpp:96] Thread 524337 construct Actor kTick 1099614388299
I1014 10:29:48.817627  1410 naive_actor.cpp:25] actor 2199023255587 switch to &NaiveActor::HandlerNormal
I1014 10:29:48.817662  1406 runtime_context.cpp:29] DecreaseCounter constructing_actor_cnt, current val is 291
I1014 10:29:48.817668  1410 thread.cpp:96] Thread 1048576 construct Actor kNormalForward 2199023255587
I1014 10:29:48.817755  1410 runtime_context.cpp:29] DecreaseCounter constructing_actor_cnt, current val is 290
I1014 10:29:48.817942  1406 naive_actor.cpp:25] actor 1099614388293 switch to &NaiveActor::HandlerNormal
I1014 10:29:48.817981  1406 thread.cpp:96] Thread 524337 construct Actor kTick 1099614388293
I1014 10:29:48.818038  1406 runtime_context.cpp:29] DecreaseCounter constructing_actor_cnt, current val is 289
I1014 10:29:48.818317  1406 naive_actor.cpp:25] actor 1099614388289 switch to &NaiveActor::HandlerNormal
I1014 10:29:48.818358  1406 thread.cpp:96] Thread 524337 construct Actor kTick 1099614388289
I1014 10:29:48.818486  1406 runtime_context.cpp:29] DecreaseCounter constructing_actor_cnt, current val is 288
I1014 10:29:48.818540  1410 naive_actor.cpp:25] actor 2199023255629 switch to &NaiveActor::HandlerNormal
I1014 10:29:48.818593  1410 thread.cpp:96] Thread 1048576 construct Actor kNormalForward 2199023255629
I1014 10:29:48.818662  1410 runtime_context.cpp:29] DecreaseCounter constructing_actor_cnt, current val is 287
I1014 10:29:48.818820  1406 naive_actor.cpp:25] actor 1099614388287 switch to &NaiveActor::HandlerNormal
I1014 10:29:48.818862  1406 thread.cpp:96] Thread 524337 construct Actor kTick 1099614388287
I1014 10:29:48.818920  1406 runtime_context.cpp:29] DecreaseCounter constructing_actor_cnt, current val is 286
