Log file created at: 2021/10/12 19:32:50
Running on machine: oneflow-14
Log line format: [IWEF]mmdd hh:mm:ss.uuuuuu threadid file:line] msg
I1012 19:32:50.152866 11977 global.h:36] NewGlobal 14cudaDeviceProp
I1012 19:32:50.154440 11977 global.h:36] NewGlobal N7oneflow7EnvDescE
I1012 19:32:50.154475 11977 global.h:36] NewGlobal N7oneflow10ProcessCtxE
I1012 19:32:50.154491 11977 env_global_objects_scope.cpp:152] using rpc backend: local
I1012 19:32:50.154654 11977 global.h:36] NewGlobal N7oneflow12ResourceDescE
I1012 19:32:50.154676 11977 global.h:36] NewGlobal N7oneflow12ResourceDescE
I1012 19:32:50.491089 11977 global.h:36] NewGlobal N7oneflow10ThreadPoolE
I1012 19:32:50.492527 11977 global.h:36] NewGlobal N7oneflow16EagerNcclCommMgrE
I1012 19:32:50.492548 11977 global.h:36] NewGlobal N7oneflow18CudnnConvAlgoCacheE
I1012 19:32:50.492558 11977 global.h:36] NewGlobal N7oneflow2vm19VirtualMachineScopeE
I1012 19:32:50.492566 11977 global.h:36] NewGlobal N7oneflow9OneflowVME
I1012 19:32:50.493399 11977 oneflow_vm.cpp:75] transport stream type: N7oneflow2vm13CpuStreamTypeE
I1012 19:32:50.493417 11977 oneflow_vm.cpp:75] transport stream type: N7oneflow2vm14CudaStreamTypeE
I1012 19:32:50.493432 11977 oneflow_vm.cpp:75] transport stream type: N7oneflow2vm19AsyncCudaStreamTypeE
I1012 19:32:50.493579 11977 global.h:36] NewGlobal N7oneflow27EagerJobBuildAndInferCtxMgrE
I1012 19:32:50.493597 11977 global.h:36] NewGlobal N7oneflow12EpollCommNetE
I1012 19:32:50.493772 11977 epoll_comm_network.cpp:63] CommNet:Epoll listening on 0.0.0.0:38489
I1012 19:32:50.493818 11977 epoll_comm_network.cpp:197] machine 0 sockfd -1
I1012 19:32:50.493932 11977 global.h:36] NewGlobal N7oneflow9TransportE
I1012 19:32:50.495474 11977 global.h:43] DeleteGlobal N7oneflow12ResourceDescE
I1012 19:32:50.495503 11977 version.cpp:22] OneFlow git version: b295ca2324
I1012 19:32:50.495522 11977 device_register_gpu.cpp:56] CUDA runtime version: 11.2
I1012 19:32:50.495543 11977 device_register_gpu.cpp:65] cuDNN version: 8.1.1
I1012 19:32:50.495555 11977 device_register_gpu.cpp:78] NCCL version: 2.9.8
I1012 19:32:50.495564 11977 global.h:36] NewGlobal N7oneflow12ResourceDescE
I1012 19:32:50.495573 11977 global.h:36] NewGlobal N7oneflow5IDMgrE
I1012 19:32:50.495580 11977 global.h:36] NewGlobal N7oneflow16AvailableMemDescE
I1012 19:32:50.495606 11977 global.h:36] NewGlobal St13unordered_mapISslSt4hashISsESt8equal_toISsESaISt4pairIKSslEEE
I1012 19:32:50.495615 11977 global.h:36] NewGlobal N7oneflow19CriticalSectionDescE
I1012 19:32:50.495625 11977 global.h:36] NewGlobal N7oneflow16InterUserJobInfoE
I1012 19:32:50.495633 11977 global.h:36] NewGlobal N7oneflow26LazyJobBuildAndInferCtxMgrE
I1012 19:32:50.495642 11977 global.h:36] NewGlobal N7oneflow16JobSetCompileCtxE
I1012 19:32:50.495651 11977 global.h:36] NewGlobal N7oneflow26RuntimeBufferManagersScopeE
I1012 19:32:50.495658 11977 global.h:36] NewGlobal N7oneflow9BufferMgrIlEE
I1012 19:32:50.495666 11977 global.h:36] NewGlobal N7oneflow9BufferMgrISt10shared_ptrINS_11JobInstanceEEEE
I1012 19:32:50.495673 11977 global.h:36] NewGlobal N7oneflow10RuntimeCtxE
I1012 19:32:50.495680 11977 global.h:36] NewGlobal N7oneflow15MemoryAllocatorE
I1012 19:32:50.495687 11977 global.h:36] NewGlobal N7oneflow8ChunkMgrE
I1012 19:32:50.495694 11977 global.h:36] NewGlobal N7oneflow8RegstMgrE
I1012 19:32:50.495702 11977 global.h:36] NewGlobal N7oneflow11ActorMsgBusE
I1012 19:32:50.495708 11977 global.h:36] NewGlobal N7oneflow9ThreadMgrE
I1012 19:32:50.495715 11977 global.h:36] NewGlobal N7oneflow15RuntimeJobDescsE
I1012 19:32:50.495723 11977 global.h:36] NewGlobal N7oneflow7summary12EventsWriterE
I1012 19:32:50.495733 11977 global.h:36] NewGlobal N7oneflow6boxing10collective24CollectiveBoxingExecutorE
I1012 19:32:50.495740 11977 global.h:36] NewGlobal N7oneflow6boxing10collective31CollectiveBoxingDeviceCtxPollerE
I1012 19:32:50.495882 11977 session.h:77] NewGlobal N7oneflow25SessionGlobalObjectsScopeE
I1012 19:32:50.503898 11977 global.h:36] NewGlobal N7oneflow7JobDescE
I1012 19:32:52.749944 11977 global.h:43] DeleteGlobal N7oneflow7JobDescE
I1012 19:32:52.750357 11977 global.h:36] NewGlobal N7oneflow7JobDescE
I1012 19:32:52.757508 11977 global.h:36] NewGlobal N7oneflow7OpGraphE
I1012 19:32:52.798555 11977 global.h:43] DeleteGlobal N7oneflow7OpGraphE
I1012 19:32:54.145831 11977 global.h:43] DeleteGlobal N7oneflow7JobDescE
I1012 19:32:54.221963 11977 global.h:36] NewGlobal N7oneflow24InterJobReuseMemStrategyE
I1012 19:32:54.222152 11977 global.h:36] NewGlobal N7oneflow7OneflowE
I1012 19:32:54.280146 11977 global.h:36] NewGlobal N7oneflow7JobDescE
I1012 19:32:55.556901 11977 insert_nccl_logical_op_pass.cpp:663]  Try insert nccl logical ops into job: train_job. Begin...
I1012 19:32:55.558845 11977 insert_nccl_logical_op_pass.cpp:432]  insert nccl op: System-NCCL-Logical-S2B-116 from: [IdentityN_5](order=0, nd_sbp=[S(0)])->[ParallelCast_6](order=2, nd_sbp=[B]) and before: [System-Boxing-Identity-95](order=1)
I1012 19:32:55.559106 11977 insert_nccl_logical_op_pass.cpp:432]  insert nccl op: System-NCCL-Logical-S2B-117 from: [IdentityN_5](order=0, nd_sbp=[S(0)])->[ParallelCast_11](order=3, nd_sbp=[B]) and before: [System-Boxing-Identity-95](order=1)
I1012 19:32:55.569860 11977 insert_nccl_logical_op_pass.cpp:432]  insert nccl op: System-NCCL-Logical-S2S-118 from: [Gather_13](order=5, nd_sbp=[S(2)])->[Reshape_16](order=7, nd_sbp=[S(0)]) and before: [Reshape_8](order=6)
I1012 19:32:55.570240 11977 insert_nccl_logical_op_pass.cpp:432]  insert nccl op: System-NCCL-Logical-P2S-119 from: [ReduceSum_9](order=8, nd_sbp=[P])->[AddN_25](order=47, nd_sbp=[S(0)]) and before: [Concat_17](order=9)
I1012 19:32:55.571471 11977 insert_nccl_logical_op_pass.cpp:432]  insert nccl op: System-NCCL-Logical-S2B-120 from: [SigmoidCrossEntropy_26_grad](order=51, nd_sbp=[S(0)])->[ReduceSum_9_grad](order=56, nd_sbp=[B]) and before: [ScalarMul_28](order=52)
I1012 19:32:55.571679 11977 insert_nccl_logical_op_pass.cpp:432]  insert nccl op: System-NCCL-Logical-P2B-121 from: [deep_scores-matmul_grad_b](order=53, nd_sbp=[P])->[System-ModelDiffScale-ScalarMul_69](order=57, nd_sbp=[B]) and before: [deep_scores-bias_add_grad](order=54)
I1012 19:32:55.571852 11977 insert_nccl_logical_op_pass.cpp:432]  insert nccl op: System-NCCL-Logical-P2B-122 from: [deep_scores-bias_add_grad](order=54, nd_sbp=[P])->[System-ModelDiffScale-ScalarMul_81](order=58, nd_sbp=[B]) and before: [deep_scores-matmul_grad_a](order=55)
I1012 19:32:55.572194 11977 insert_nccl_logical_op_pass.cpp:432]  insert nccl op: System-NCCL-Logical-P2B-123 from: [fc6-matmul_grad_b](order=65, nd_sbp=[P])->[System-ModelDiffScale-ScalarMul_72](order=69, nd_sbp=[B]) and before: [fc6-bias_add_grad](order=66)
I1012 19:32:55.572376 11977 insert_nccl_logical_op_pass.cpp:432]  insert nccl op: System-NCCL-Logical-P2B-124 from: [fc6-bias_add_grad](order=66, nd_sbp=[P])->[System-ModelDiffScale-ScalarMul_71](order=70, nd_sbp=[B]) and before: [fc6-matmul_grad_a](order=67)
I1012 19:32:55.572773 11977 insert_nccl_logical_op_pass.cpp:432]  insert nccl op: System-NCCL-Logical-P2B-125 from: [fc5-matmul_grad_b](order=76, nd_sbp=[P])->[System-ModelDiffScale-ScalarMul_70](order=79, nd_sbp=[B]) and before: [fc5-bias_add_grad](order=77)
I1012 19:32:55.572957 11977 insert_nccl_logical_op_pass.cpp:432]  insert nccl op: System-NCCL-Logical-P2B-126 from: [fc5-bias_add_grad](order=77, nd_sbp=[P])->[System-ModelDiffScale-ScalarMul_73](order=80, nd_sbp=[B]) and before: [fc5-matmul_grad_a](order=78)
I1012 19:32:55.573232 11977 insert_nccl_logical_op_pass.cpp:432]  insert nccl op: System-NCCL-Logical-P2B-127 from: [fc4-matmul_grad_b](order=85, nd_sbp=[P])->[System-ModelDiffScale-ScalarMul_68](order=88, nd_sbp=[B]) and before: [fc4-bias_add_grad](order=86)
I1012 19:32:55.573410 11977 insert_nccl_logical_op_pass.cpp:432]  insert nccl op: System-NCCL-Logical-P2B-128 from: [fc4-bias_add_grad](order=86, nd_sbp=[P])->[System-ModelDiffScale-ScalarMul_80](order=89, nd_sbp=[B]) and before: [fc4-matmul_grad_a](order=87)
I1012 19:32:55.573695 11977 insert_nccl_logical_op_pass.cpp:432]  insert nccl op: System-NCCL-Logical-P2B-129 from: [fc3-matmul_grad_b](order=94, nd_sbp=[P])->[System-ModelDiffScale-ScalarMul_67](order=97, nd_sbp=[B]) and before: [fc3-bias_add_grad](order=95)
I1012 19:32:55.574102 11977 insert_nccl_logical_op_pass.cpp:432]  insert nccl op: System-NCCL-Logical-P2B-130 from: [fc3-bias_add_grad](order=95, nd_sbp=[P])->[System-ModelDiffScale-ScalarMul_84](order=98, nd_sbp=[B]) and before: [fc3-matmul_grad_a](order=96)
I1012 19:32:55.574389 11977 insert_nccl_logical_op_pass.cpp:432]  insert nccl op: System-NCCL-Logical-P2B-131 from: [fc2-matmul_grad_b](order=103, nd_sbp=[P])->[System-ModelDiffScale-ScalarMul_78](order=106, nd_sbp=[B]) and before: [fc2-bias_add_grad](order=104)
I1012 19:32:55.574584 11977 insert_nccl_logical_op_pass.cpp:432]  insert nccl op: System-NCCL-Logical-P2B-132 from: [fc2-bias_add_grad](order=104, nd_sbp=[P])->[System-ModelDiffScale-ScalarMul_75](order=107, nd_sbp=[B]) and before: [fc2-matmul_grad_a](order=105)
I1012 19:32:55.574872 11977 insert_nccl_logical_op_pass.cpp:432]  insert nccl op: System-NCCL-Logical-P2B-133 from: [fc1-matmul_grad_b](order=112, nd_sbp=[P])->[System-ModelDiffScale-ScalarMul_83](order=115, nd_sbp=[B]) and before: [fc1-bias_add_grad](order=113)
I1012 19:32:55.575086 11977 insert_nccl_logical_op_pass.cpp:432]  insert nccl op: System-NCCL-Logical-P2B-134 from: [fc1-bias_add_grad](order=113, nd_sbp=[P])->[System-ModelDiffScale-ScalarMul_79](order=116, nd_sbp=[B]) and before: [fc1-matmul_grad_a](order=114)
I1012 19:32:55.575363 11977 insert_nccl_logical_op_pass.cpp:432]  insert nccl op: System-NCCL-Logical-P2B-135 from: [fc0-matmul_grad_b](order=121, nd_sbp=[P])->[System-ModelDiffScale-ScalarMul_76](order=124, nd_sbp=[B]) and before: [fc0-bias_add_grad](order=122)
I1012 19:32:55.575541 11977 insert_nccl_logical_op_pass.cpp:432]  insert nccl op: System-NCCL-Logical-P2B-136 from: [fc0-bias_add_grad](order=122, nd_sbp=[P])->[System-ModelDiffScale-ScalarMul_74](order=125, nd_sbp=[B]) and before: [fc0-matmul_grad_a](order=123)
I1012 19:32:55.575803 11977 insert_nccl_logical_op_pass.cpp:432]  insert nccl op: System-NCCL-Logical-S2S-137 from: [Reshape_16_grad](order=129, nd_sbp=[S(0)])->[Gather_13_grad](order=130, nd_sbp=[S(2)]) and before: [Gather_13_grad](order=130)
I1012 19:32:55.575942 11977 insert_nccl_logical_op_pass.cpp:699]  Try insert nccl logical ops into job: train_job. ...End

I1012 19:32:55.920290 11977 global.h:36] NewGlobal N7oneflow7OpGraphE
I1012 19:32:56.406754 11977 global.h:43] DeleteGlobal N7oneflow7OpGraphE
I1012 19:32:56.463037 11977 oneflow.cpp:210] 
job_id: 0 , job_name: train_job , compile time: 2.1826 seconds.
I1012 19:32:56.890555 11977 global.h:43] DeleteGlobal N7oneflow7JobDescE
I1012 19:32:56.891918 11977 global.h:36] NewGlobal N7oneflow7JobDescE
I1012 19:32:57.154346 11977 global.h:36] NewGlobal N7oneflow7OpGraphE
I1012 19:32:57.244590 11977 global.h:43] DeleteGlobal N7oneflow7OpGraphE
I1012 19:32:57.252115 11977 oneflow.cpp:210] 
job_id: 1 , job_name: System-ModelInit , compile time: 0.358492 seconds.
I1012 19:32:57.338057 11977 global.h:43] DeleteGlobal N7oneflow7JobDescE
I1012 19:32:57.338284 11977 global.h:36] NewGlobal N7oneflow7JobDescE
I1012 19:32:57.549597 11977 global.h:36] NewGlobal N7oneflow7OpGraphE
I1012 19:32:57.644958 11977 global.h:43] DeleteGlobal N7oneflow7OpGraphE
I1012 19:32:57.654861 11977 oneflow.cpp:210] 
job_id: 2 , job_name: System-ModelLoad , compile time: 0.316478 seconds.
I1012 19:32:57.733089 11977 global.h:43] DeleteGlobal N7oneflow7JobDescE
I1012 19:32:57.733299 11977 global.h:36] NewGlobal N7oneflow7JobDescE
I1012 19:32:57.972440 11977 global.h:36] NewGlobal N7oneflow7OpGraphE
I1012 19:32:58.062083 11977 global.h:43] DeleteGlobal N7oneflow7OpGraphE
I1012 19:32:58.068953 11977 oneflow.cpp:210] 
job_id: 3 , job_name: System-ModelSave , compile time: 0.335554 seconds.
I1012 19:32:58.146440 11977 global.h:43] DeleteGlobal N7oneflow7JobDescE
I1012 19:32:58.146653 11977 global.h:36] NewGlobal N7oneflow7JobDescE
I1012 19:32:58.181962 11977 global.h:36] NewGlobal N7oneflow7OpGraphE
I1012 19:32:58.239362 11977 global.h:43] DeleteGlobal N7oneflow7OpGraphE
I1012 19:32:58.254844 11977 oneflow.cpp:210] 
job_id: 4 , job_name: System-Pull-Return_29 , compile time: 0.10811 seconds.
I1012 19:32:58.264515 11977 global.h:43] DeleteGlobal N7oneflow7JobDescE
I1012 19:32:58.322890 11977 global.h:36] NewGlobal N7oneflow7JobDescE
I1012 19:32:58.323124 11977 global.h:36] NewGlobal N7oneflow7OpGraphE
I1012 19:32:58.386344 11977 global.h:43] DeleteGlobal N7oneflow7OpGraphE
I1012 19:32:58.390899 11977 oneflow.cpp:210] 
job_id: 5 , job_name: MainJob-unamed , compile time: 0.0678024 seconds.
I1012 19:32:58.404513 11977 global.h:43] DeleteGlobal N7oneflow7JobDescE
I1012 19:32:58.435376 11977 plan_util.cpp:928]  Plan: merged_plan needs to allocate [ 771.73 MiB ] device memory in Rank: 0 , Device: 0
I1012 19:32:58.435598 11977 plan_util.cpp:928]  Plan: merged_plan needs to allocate [ 738.277 MiB ] device memory in Rank: 0 , Device: 1
I1012 19:32:59.312795 11977 oneflow.cpp:998]  PushPlan merged_plan time: 0.10224 seconds.
I1012 19:32:59.612707 11977 oneflow.cpp:1014]  PullPlan merged_plan time: 0.270488 seconds.
I1012 19:33:16.135957 11977 runtime_context.cpp:21] NewCounter constructing_actor_cnt 787
I1012 19:33:16.138080 13147 naive_actor.cpp:25] actor 1099614388231 switch to &NaiveActor::HandlerNormal
I1012 19:33:16.138191 13147 thread.cpp:96] Thread 524337 construct Actor kDeviceTick 1099614388231
I1012 19:33:16.138217 13213 naive_actor.cpp:25] actor 2199023255722 switch to &NaiveActor::HandlerNormal
I1012 19:33:16.138345 13148 wait_and_send_ids_actor.cpp:53] actor 1099616485376 switch to &WaitAndSendIdsActor::HandlerWaitToStart
I1012 19:33:16.138337 13147 runtime_context.cpp:29] DecreaseCounter constructing_actor_cnt, current val is 786
I1012 19:33:16.138363 13213 thread.cpp:96] Thread 1048576 construct Actor kDeviceTick 2199023255722
I1012 19:33:16.138432 13148 thread.cpp:96] Thread 524338 construct Actor kWaitAndSendIds 1099616485376
I1012 19:33:16.138661 13148 runtime_context.cpp:29] DecreaseCounter constructing_actor_cnt, current val is 785
I1012 19:33:16.138672 13147 naive_actor.cpp:25] actor 1099614388230 switch to &NaiveActor::HandlerNormal
I1012 19:33:16.138672 13213 runtime_context.cpp:29] DecreaseCounter constructing_actor_cnt, current val is 784
I1012 19:33:16.139111 13213 naive_actor.cpp:25] actor 2199023255783 switch to &NaiveActor::HandlerNormal
I1012 19:33:16.138800 13147 thread.cpp:96] Thread 524337 construct Actor kDeviceTick 1099614388230
I1012 19:33:16.139307 13147 runtime_context.cpp:29] DecreaseCounter constructing_actor_cnt, current val is 783
I1012 19:33:16.139196 13213 thread.cpp:96] Thread 1048576 construct Actor kDeviceTick 2199023255783
I1012 19:33:16.139474 13213 runtime_context.cpp:29] DecreaseCounter constructing_actor_cnt, current val is 782
I1012 19:33:16.138696 13268 naive_actor.cpp:25] actor 2207613190314 switch to &NaiveActor::HandlerNormal
I1012 19:33:16.147486 13147 naive_actor.cpp:25] actor 1099614388232 switch to &NaiveActor::HandlerNormal
I1012 19:33:16.147634 13147 thread.cpp:96] Thread 524337 construct Actor kDeviceTick 1099614388232
I1012 19:33:16.147475 13268 thread.cpp:96] Thread 1052672 construct Actor kDeviceTick 2207613190314
I1012 19:33:16.147656 13213 naive_actor.cpp:25] actor 2199023255822 switch to &NaiveActor::HandlerNormal
I1012 19:33:16.147773 13147 runtime_context.cpp:29] DecreaseCounter constructing_actor_cnt, current val is 781
I1012 19:33:16.147811 13268 runtime_context.cpp:29] DecreaseCounter constructing_actor_cnt, current val is 780
I1012 19:33:16.147857 13213 thread.cpp:96] Thread 1048576 construct Actor kDeviceTick 2199023255822
I1012 19:33:16.148138 13213 runtime_context.cpp:29] DecreaseCounter constructing_actor_cnt, current val is 779
I1012 19:33:16.148293 13268 naive_actor.cpp:25] actor 2207613190375 switch to &NaiveActor::HandlerNormal
I1012 19:33:16.148309 13147 naive_actor.cpp:25] actor 1099614388241 switch to &NaiveActor::HandlerNormal
I1012 19:33:16.148367 13268 thread.cpp:96] Thread 1052672 construct Actor kDeviceTick 2207613190375
I1012 19:33:16.148432 13147 thread.cpp:96] Thread 524337 construct Actor kDeviceTick 1099614388241
I1012 19:33:16.148535 13268 runtime_context.cpp:29] DecreaseCounter constructing_actor_cnt, current val is 778
I1012 19:33:16.148598 13147 runtime_context.cpp:29] DecreaseCounter constructing_actor_cnt, current val is 777
I1012 19:33:16.148715 13213 naive_actor.cpp:25] actor 2199023255861 switch to &NaiveActor::HandlerNormal
I1012 19:33:16.148865 13213 thread.cpp:96] Thread 1048576 construct Actor kDeviceTick 2199023255861
I1012 19:33:16.148999 13213 runtime_context.cpp:29] DecreaseCounter constructing_actor_cnt, current val is 776
I1012 19:33:16.149022 13268 naive_actor.cpp:25] actor 2207613190414 switch to &NaiveActor::HandlerNormal
I1012 19:33:16.149025 13147 naive_actor.cpp:25] actor 1099614388240 switch to &NaiveActor::HandlerNormal
I1012 19:33:16.149147 13268 thread.cpp:96] Thread 1052672 construct Actor kDeviceTick 2207613190414
I1012 19:33:16.149207 13147 thread.cpp:96] Thread 524337 construct Actor kDeviceTick 1099614388240
I1012 19:33:16.149298 13268 runtime_context.cpp:29] DecreaseCounter constructing_actor_cnt, current val is 775
I1012 19:33:16.149344 13147 runtime_context.cpp:29] DecreaseCounter constructing_actor_cnt, current val is 774
I1012 19:33:16.149607 13268 naive_actor.cpp:25] actor 2207613190453 switch to &NaiveActor::HandlerNormal
I1012 19:33:16.149678 13268 thread.cpp:96] Thread 1052672 construct Actor kDeviceTick 2207613190453
I1012 19:33:16.149719 13147 naive_actor.cpp:25] actor 1099614388251 switch to &NaiveActor::HandlerNormal
I1012 19:33:16.149751 13268 runtime_context.cpp:29] DecreaseCounter constructing_actor_cnt, current val is 773
I1012 19:33:16.149785 13147 thread.cpp:96] Thread 524337 construct Actor kDeviceTick 1099614388251
I1012 19:33:16.149912 13147 runtime_context.cpp:29] DecreaseCounter constructing_actor_cnt, current val is 772
I1012 19:33:16.150147 13147 naive_actor.cpp:25] actor 1099614388260 switch to &NaiveActor::HandlerNormal
I1012 19:33:16.150213 13147 thread.cpp:96] Thread 524337 construct Actor kDeviceTick 1099614388260
I1012 19:33:16.150296 13147 runtime_context.cpp:29] DecreaseCounter constructing_actor_cnt, current val is 771
I1012 19:33:16.150557 13147 naive_actor.cpp:25] actor 1099614388269 switch to &NaiveActor::HandlerNormal
I1012 19:33:16.150636 13147 thread.cpp:96] Thread 524337 construct Actor kDeviceTick 1099614388269
I1012 19:33:16.150715 13147 runtime_context.cpp:29] DecreaseCounter constructing_actor_cnt, current val is 770
I1012 19:33:16.150969 13147 naive_actor.cpp:25] actor 1099614388286 switch to &NaiveActor::HandlerNormal
I1012 19:33:16.151062 13147 thread.cpp:96] Thread 524337 construct Actor kDeviceTick 1099614388286
I1012 19:33:16.151149 13147 runtime_context.cpp:29] DecreaseCounter constructing_actor_cnt, current val is 769
I1012 19:33:16.151381 13147 naive_actor.cpp:25] actor 1099614388289 switch to &NaiveActor::HandlerNormal
I1012 19:33:16.151470 13147 thread.cpp:96] Thread 524337 construct Actor kDeviceTick 1099614388289
I1012 19:33:16.151559 13147 runtime_context.cpp:29] DecreaseCounter constructing_actor_cnt, current val is 768
I1012 19:33:16.151801 13147 naive_actor.cpp:25] actor 1099614388278 switch to &NaiveActor::HandlerNormal
I1012 19:33:16.151882 13147 thread.cpp:96] Thread 524337 construct Actor kDeviceTick 1099614388278
I1012 19:33:16.151964 13147 runtime_context.cpp:29] DecreaseCounter constructing_actor_cnt, current val is 767
I1012 19:33:16.152220 13147 naive_actor.cpp:25] actor 1099614388287 switch to &NaiveActor::HandlerNormal
I1012 19:33:16.152299 13147 thread.cpp:96] Thread 524337 construct Actor kDeviceTick 1099614388287
I1012 19:33:16.152382 13147 runtime_context.cpp:29] DecreaseCounter constructing_actor_cnt, current val is 766
I1012 19:33:16.234637 13109 naive_actor.cpp:25] actor 1099520016384 switch to &NaiveActor::HandlerNormal
I1012 19:33:16.234828 13109 thread.cpp:96] Thread 524292 construct Actor kNormalForward 1099520016384
I1012 19:33:16.234977 13109 runtime_context.cpp:29] DecreaseCounter constructing_actor_cnt, current val is 765
I1012 19:33:16.235199 13110 naive_actor.cpp:25] actor 1099522113536 switch to &NaiveActor::HandlerNormal
I1012 19:33:16.235198 13111 naive_actor.cpp:25] actor 1099524210688 switch to &NaiveActor::HandlerNormal
I1012 19:33:16.235357 13110 thread.cpp:96] Thread 524293 construct Actor kNormalForward 1099522113536
I1012 19:33:16.235626 13111 thread.cpp:96] Thread 524294 construct Actor kNormalForward 1099524210688
I1012 19:33:16.235796 13110 runtime_context.cpp:29] DecreaseCounter constructing_actor_cnt, current val is 764
I1012 19:33:16.235850 13111 runtime_context.cpp:29] DecreaseCounter constructing_actor_cnt, current val is 763
I1012 19:33:16.235960 13112 naive_actor.cpp:25] actor 1099526307840 switch to &NaiveActor::HandlerNormal
I1012 19:33:16.236044 13112 thread.cpp:96] Thread 524295 construct Actor kNormalForward 1099526307840
I1012 19:33:16.236191 13112 runtime_context.cpp:29] DecreaseCounter constructing_actor_cnt, current val is 762
I1012 19:33:16.236961 13113 naive_actor.cpp:25] actor 1099528404992 switch to &NaiveActor::HandlerNormal
I1012 19:33:16.237048 13113 thread.cpp:96] Thread 524296 construct Actor kNormalForward 1099528404992
I1012 19:33:16.237198 13113 runtime_context.cpp:29] DecreaseCounter constructing_actor_cnt, current val is 761
I1012 19:33:16.237514 13120 naive_actor.cpp:25] actor 1099543085056 switch to &NaiveActor::HandlerNormal
I1012 19:33:16.237593 13120 thread.cpp:96] Thread 524303 construct Actor kNormalForward 1099543085056
I1012 19:33:16.237705 13120 runtime_context.cpp:29] DecreaseCounter constructing_actor_cnt, current val is 760
I1012 19:33:16.237805 13124 naive_actor.cpp:25] actor 1099551473664 switch to &NaiveActor::HandlerNormal
I1012 19:33:16.237874 13124 thread.cpp:96] Thread 524307 construct Actor kNormalForward 1099551473664
I1012 19:33:16.237973 13124 runtime_context.cpp:29] DecreaseCounter constructing_actor_cnt, current val is 759
I1012 19:33:16.238044 13116 naive_actor.cpp:25] actor 1099534696448 switch to &NaiveActor::HandlerNormal
I1012 19:33:16.238101 13121 naive_actor.cpp:25] actor 1099545182208 switch to &NaiveActor::HandlerNormal
I1012 19:33:16.238130 13116 thread.cpp:96] Thread 524299 construct Actor kNormalForward 1099534696448
I1012 19:33:16.238191 13121 thread.cpp:96] Thread 524304 construct Actor kNormalForward 1099545182208
I1012 19:33:16.238297 13116 runtime_context.cpp:29] DecreaseCounter constructing_actor_cnt, current val is 758
I1012 19:33:16.238349 13121 runtime_context.cpp:29] DecreaseCounter constructing_actor_cnt, current val is 757
I1012 19:33:16.238557 13123 naive_actor.cpp:25] actor 1099549376512 switch to &NaiveActor::HandlerNormal
I1012 19:33:16.238688 13123 thread.cpp:96] Thread 524306 construct Actor kNormalForward 1099549376512
I1012 19:33:16.238827 13123 runtime_context.cpp:29] DecreaseCounter constructing_actor_cnt, current val is 756
I1012 19:33:16.238667 13118 naive_actor.cpp:25] actor 1099538890752 switch to &NaiveActor::HandlerNormal
I1012 19:33:16.238981 13118 thread.cpp:96] Thread 524301 construct Actor kNormalForward 1099538890752
I1012 19:33:16.239109 13118 runtime_context.cpp:29] DecreaseCounter constructing_actor_cnt, current val is 755
I1012 19:33:16.239612 13115 naive_actor.cpp:25] actor 1099532599296 switch to &NaiveActor::HandlerNormal
I1012 19:33:16.239712 13115 thread.cpp:96] Thread 524298 construct Actor kNormalForward 1099532599296
I1012 19:33:16.239816 13115 runtime_context.cpp:29] DecreaseCounter constructing_actor_cnt, current val is 754
I1012 19:33:16.239924 13272 naive_actor.cpp:25] actor 2207617384448 switch to &NaiveActor::HandlerNormal
I1012 19:33:16.240015 13272 thread.cpp:96] Thread 1052674 construct Actor kCopyHd 2207617384448
I1012 19:33:16.240036 13127 naive_actor.cpp:25] actor 1099557765120 switch to &NaiveActor::HandlerNormal
I1012 19:33:16.240049 13128 naive_actor.cpp:25] actor 1099559862272 switch to &NaiveActor::HandlerNormal
I1012 19:33:16.240254 13122 naive_actor.cpp:25] actor 1099547279360 switch to &NaiveActor::HandlerNormal
I1012 19:33:16.240204 13127 thread.cpp:96] Thread 524310 construct Actor kNormalForward 1099557765120
I1012 19:33:16.240226 13117 naive_actor.cpp:25] actor 1099536793600 switch to &NaiveActor::HandlerNormal
I1012 19:33:16.240239 13119 naive_actor.cpp:25] actor 1099540987904 switch to &NaiveActor::HandlerNormal
I1012 19:33:16.240151 13272 runtime_context.cpp:29] DecreaseCounter constructing_actor_cnt, current val is 753
I1012 19:33:16.240767 13129 naive_actor.cpp:25] actor 1099561959424 switch to &NaiveActor::HandlerNormal
I1012 19:33:16.240310 13114 naive_actor.cpp:25] actor 1099530502144 switch to &NaiveActor::HandlerNormal
I1012 19:33:16.240347 13122 thread.cpp:96] Thread 524305 construct Actor kNormalForward 1099547279360
I1012 19:33:16.240490 13127 runtime_context.cpp:29] DecreaseCounter constructing_actor_cnt, current val is 752
I1012 19:33:16.240545 13215 naive_actor.cpp:25] actor 2199025352709 switch to &NaiveActor::HandlerNormal
I1012 19:33:16.241255 13215 thread.cpp:96] Thread 1048577 construct Actor kCopyHd 2199025352709
I1012 19:33:16.240641 13117 thread.cpp:96] Thread 524300 construct Actor kNormalForward 1099536793600
I1012 19:33:16.240664 13125 naive_actor.cpp:25] actor 1099553570816 switch to &NaiveActor::HandlerNormal
I1012 19:33:16.241452 13117 runtime_context.cpp:29] DecreaseCounter constructing_actor_cnt, current val is 749
I1012 19:33:16.240744 13135 naive_actor.cpp:25] actor 1099574542336 switch to &NaiveActor::HandlerNormal
I1012 19:33:16.240274 13128 thread.cpp:96] Thread 524311 construct Actor kNormalForward 1099559862272
I1012 19:33:16.240844 13129 thread.cpp:96] Thread 524312 construct Actor kNormalForward 1099561959424
I1012 19:33:16.241708 13128 runtime_context.cpp:29] DecreaseCounter constructing_actor_cnt, current val is 748
I1012 19:33:16.241766 13129 runtime_context.cpp:29] DecreaseCounter constructing_actor_cnt, current val is 747
I1012 19:33:16.241053 13138 naive_actor.cpp:25] actor 1099580833792 switch to &NaiveActor::HandlerNormal
I1012 19:33:16.241844 13133 naive_actor.cpp:25] actor 1099570348032 switch to &NaiveActor::HandlerNormal
I1012 19:33:16.241173 13122 runtime_context.cpp:29] DecreaseCounter constructing_actor_cnt, current val is 751
I1012 19:33:16.240607 13217 naive_actor.cpp:25] actor 2199027449857 switch to &NaiveActor::HandlerNormal
I1012 19:33:16.242081 13217 thread.cpp:96] Thread 1048578 construct Actor kCopyHd 2199027449857
I1012 19:33:16.240731 13119 thread.cpp:96] Thread 524302 construct Actor kNormalForward 1099540987904
I1012 19:33:16.241468 13125 thread.cpp:96] Thread 524308 construct Actor kNormalForward 1099553570816
I1012 19:33:16.241605 13135 thread.cpp:96] Thread 524318 construct Actor kForeignInput 1099574542336
I1012 19:33:16.241005 13147 naive_actor.cpp:25] actor 1099614388245 switch to &NaiveActor::HandlerNormal
I1012 19:33:16.241012 13114 thread.cpp:96] Thread 524297 construct Actor kNormalForward 1099530502144
I1012 19:33:16.241871 13138 thread.cpp:96] Thread 524321 construct Actor kForeignInput 1099580833792
I1012 19:33:16.242718 13114 runtime_context.cpp:29] DecreaseCounter constructing_actor_cnt, current val is 742
I1012 19:33:16.241106 13268 naive_actor.cpp:25] actor 2207613190155 switch to &NaiveActor::HandlerNormal
I1012 19:33:16.242120 13126 naive_actor.cpp:25] actor 1099555667968 switch to &NaiveActor::HandlerNormal
I1012 19:33:16.241349 13215 runtime_context.cpp:29] DecreaseCounter constructing_actor_cnt, current val is 750
I1012 19:33:16.242148 13132 naive_actor.cpp:25] actor 1099568250880 switch to &NaiveActor::HandlerNormal
I1012 19:33:16.242161 13136 naive_actor.cpp:25] actor 1099576639488 switch to &NaiveActor::HandlerNormal
I1012 19:33:16.242184 13130 naive_actor.cpp:25] actor 1099564056576 switch to &NaiveActor::HandlerNormal
I1012 19:33:16.242293 13217 runtime_context.cpp:29] DecreaseCounter constructing_actor_cnt, current val is 746
I1012 19:33:16.242395 13119 runtime_context.cpp:29] DecreaseCounter constructing_actor_cnt, current val is 745
I1012 19:33:16.242472 13125 runtime_context.cpp:29] DecreaseCounter constructing_actor_cnt, current val is 744
I1012 19:33:16.243450 13217 naive_actor.cpp:25] actor 2199027449858 switch to &NaiveActor::HandlerNormal
I1012 19:33:16.242766 13138 runtime_context.cpp:29] DecreaseCounter constructing_actor_cnt, current val is 741
I1012 19:33:16.241931 13133 thread.cpp:96] Thread 524316 construct Actor kNormalForward 1099570348032
I1012 19:33:16.242832 13268 thread.cpp:96] Thread 1052672 construct Actor kNormalForward 2207613190155
I1012 19:33:16.243919 13133 runtime_context.cpp:29] DecreaseCounter constructing_actor_cnt, current val is 740
I1012 19:33:16.243971 13268 runtime_context.cpp:29] DecreaseCounter constructing_actor_cnt, current val is 739
I1012 19:33:16.243172 13136 thread.cpp:96] Thread 524319 construct Actor kNormalForward 1099576639488
I1012 19:33:16.243248 13130 thread.cpp:96] Thread 524313 construct Actor kNormalForward 1099564056576
I1012 19:33:16.242570 13135 runtime_context.cpp:29] DecreaseCounter constructing_actor_cnt, current val is 743
I1012 19:33:16.243528 13217 thread.cpp:96] Thread 1048578 construct Actor kCopyHd 2199027449858
I1012 19:33:16.242918 13126 thread.cpp:96] Thread 524309 construct Actor kNormalForward 1099555667968
I1012 19:33:16.243078 13132 thread.cpp:96] Thread 524315 construct Actor kNormalForward 1099568250880
I1012 19:33:16.244164 13136 runtime_context.cpp:29] DecreaseCounter constructing_actor_cnt, current val is 738
I1012 19:33:16.244246 13130 runtime_context.cpp:29] DecreaseCounter constructing_actor_cnt, current val is 737
I1012 19:33:16.244356 13217 runtime_context.cpp:29] DecreaseCounter constructing_actor_cnt, current val is 736
I1012 19:33:16.244457 13126 runtime_context.cpp:29] DecreaseCounter constructing_actor_cnt, current val is 735
I1012 19:33:16.244531 13132 runtime_context.cpp:29] DecreaseCounter constructing_actor_cnt, current val is 734
I1012 19:33:16.244836 13217 naive_actor.cpp:25] actor 2199027449856 switch to &NaiveActor::HandlerNormal
I1012 19:33:16.244908 13217 thread.cpp:96] Thread 1048578 construct Actor kCopyHd 2199027449856
I1012 19:33:16.244987 13217 runtime_context.cpp:29] DecreaseCounter constructing_actor_cnt, current val is 733
I1012 19:33:16.242597 13147 thread.cpp:96] Thread 524337 construct Actor kDstSubsetTick 1099614388245
I1012 19:33:16.248857 13141 naive_actor.cpp:25] actor 1099587125248 switch to &NaiveActor::HandlerNormal
I1012 19:33:16.248865 13139 naive_actor.cpp:25] actor 1099582930944 switch to &NaiveActor::HandlerNormal
I1012 19:33:16.249078 13147 runtime_context.cpp:29] DecreaseCounter constructing_actor_cnt, current val is 732
I1012 19:33:16.249075 13141 thread.cpp:96] Thread 524324 construct Actor kForeignInput 1099587125248
I1012 19:33:16.249190 13139 thread.cpp:96] Thread 524322 construct Actor kNormalForward 1099582930944
I1012 19:33:16.249397 13141 runtime_context.cpp:29] DecreaseCounter constructing_actor_cnt, current val is 731
I1012 19:33:16.249446 13145 naive_actor.cpp:25] actor 1099595513856 switch to &NaiveActor::HandlerNormal
I1012 19:33:16.249534 13139 runtime_context.cpp:29] DecreaseCounter constructing_actor_cnt, current val is 730
I1012 19:33:16.249598 13270 naive_actor.cpp:25] actor 2207615287296 switch to &NaiveActor::HandlerNormal
I1012 19:33:16.249603 13145 thread.cpp:96] Thread 524328 construct Actor kNormalForward 1099595513856
I1012 19:33:16.249624 13134 naive_actor.cpp:25] actor 1099572445184 switch to &NaiveActor::HandlerNormal
I1012 19:33:16.249634 13215 naive_actor.cpp:25] actor 2199025352704 switch to &NaiveActor::HandlerNormal
I1012 19:33:16.249722 13140 naive_actor.cpp:25] actor 1099585028096 switch to &NaiveActor::HandlerNormal
I1012 19:33:16.249722 13137 naive_actor.cpp:25] actor 1099578736640 switch to &NaiveActor::HandlerNormal
I1012 19:33:16.250238 13143 naive_actor.cpp:25] actor 1099591319552 switch to &NaiveActor::HandlerNormal
I1012 19:33:16.249872 13145 runtime_context.cpp:29] DecreaseCounter constructing_actor_cnt, current val is 729
I1012 19:33:16.249805 13149 sink_actor.cpp:21] actor 1099618582528 switch to &SinkActor::HandlerNormal
I1012 19:33:16.249961 13146 naive_actor.cpp:25] actor 1099597611008 switch to &NaiveActor::HandlerNormal
I1012 19:33:16.250547 13146 thread.cpp:96] Thread 524329 construct Actor kForeignOutput 1099597611008
I1012 19:33:16.250641 13146 runtime_context.cpp:29] DecreaseCounter constructing_actor_cnt, current val is 728
I1012 19:33:16.250061 13142 naive_actor.cpp:25] actor 1099589222400 switch to &NaiveActor::HandlerNormal
I1012 19:33:16.250105 13215 thread.cpp:96] Thread 1048577 construct Actor kSliceBoxing 2199025352704
I1012 19:33:16.250192 13140 thread.cpp:96] Thread 524323 construct Actor kNormalForward 1099585028096
I1012 19:33:16.250226 13144 naive_actor.cpp:25] actor 1099593416704 switch to &NaiveActor::HandlerNormal
I1012 19:33:16.249760 13270 thread.cpp:96] Thread 1052673 construct Actor kSliceBoxing 2207615287296
I1012 19:33:16.250274 13137 thread.cpp:96] Thread 524320 construct Actor kNormalForward 1099578736640
I1012 19:33:16.250349 13143 thread.cpp:96] Thread 524326 construct Actor kNormalForward 1099591319552
I1012 19:33:16.250479 13147 naive_actor.cpp:25] actor 1099614388234 switch to &NaiveActor::HandlerNormal
I1012 19:33:16.250485 13149 thread.cpp:96] Thread 524339 construct Actor kCallbackNotify 1099618582528
I1012 19:33:16.250016 13134 thread.cpp:96] Thread 524317 construct Actor kSliceBoxing 1099572445184
I1012 19:33:16.250922 13142 thread.cpp:96] Thread 524325 construct Actor kNormalForward 1099589222400
I1012 19:33:16.251039 13213 naive_actor.cpp:25] actor 2199023255632 switch to &NaiveActor::HandlerNormal
I1012 19:33:16.251044 13215 runtime_context.cpp:29] DecreaseCounter constructing_actor_cnt, current val is 727
I1012 19:33:16.251133 13140 runtime_context.cpp:29] DecreaseCounter constructing_actor_cnt, current val is 726
I1012 19:33:16.251155 13144 thread.cpp:96] Thread 524327 construct Actor kNormalForward 1099593416704
I1012 19:33:16.251241 13270 runtime_context.cpp:29] DecreaseCounter constructing_actor_cnt, current val is 725
I1012 19:33:16.252012 13144 runtime_context.cpp:29] DecreaseCounter constructing_actor_cnt, current val is 719
I1012 19:33:16.251377 13143 runtime_context.cpp:29] DecreaseCounter constructing_actor_cnt, current val is 723
I1012 19:33:16.251416 13147 thread.cpp:96] Thread 524337 construct Actor kTick 1099614388234
I1012 19:33:16.252193 13270 naive_actor.cpp:25] actor 2207615287297 switch to &NaiveActor::HandlerNormal
I1012 19:33:16.252243 13147 runtime_context.cpp:29] DecreaseCounter constructing_actor_cnt, current val is 718
I1012 19:33:16.251673 13142 runtime_context.cpp:29] DecreaseCounter constructing_actor_cnt, current val is 720
I1012 19:33:16.251718 13131 naive_actor.cpp:25] actor 1099566153728 switch to &NaiveActor::HandlerNormal
I1012 19:33:16.251720 13213 thread.cpp:96] Thread 1048576 construct Actor kNormalForward 2199023255632
I1012 19:33:16.251305 13137 runtime_context.cpp:29] DecreaseCounter constructing_actor_cnt, current val is 724
I1012 19:33:16.251538 13149 runtime_context.cpp:29] DecreaseCounter constructing_actor_cnt, current val is 722
I1012 19:33:16.252683 13215 naive_actor.cpp:25] actor 2199025352708 switch to &NaiveActor::HandlerNormal
I1012 19:33:16.252254 13270 thread.cpp:96] Thread 1052673 construct Actor kSliceBoxing 2207615287297
I1012 19:33:16.252470 13131 thread.cpp:96] Thread 524314 construct Actor kNormalForward 1099566153728
I1012 19:33:16.252627 13213 runtime_context.cpp:29] DecreaseCounter constructing_actor_cnt, current val is 717
I1012 19:33:16.251610 13134 runtime_context.cpp:29] DecreaseCounter constructing_actor_cnt, current val is 721
I1012 19:33:16.252763 13215 thread.cpp:96] Thread 1048577 construct Actor kSliceBoxing 2199025352708
I1012 19:33:16.252743 13268 naive_actor.cpp:25] actor 2207613190179 switch to &NaiveActor::HandlerNormal
I1012 19:33:16.252847 13270 runtime_context.cpp:29] DecreaseCounter constructing_actor_cnt, current val is 716
I1012 19:33:16.252943 13131 runtime_context.cpp:29] DecreaseCounter constructing_actor_cnt, current val is 715
I1012 19:33:16.253147 13215 runtime_context.cpp:29] DecreaseCounter constructing_actor_cnt, current val is 714
I1012 19:33:16.253206 13268 thread.cpp:96] Thread 1052672 construct Actor kNormalForward 2207613190179
I1012 19:33:16.253535 13268 runtime_context.cpp:29] DecreaseCounter constructing_actor_cnt, current val is 713
I1012 19:33:16.253597 13215 naive_actor.cpp:25] actor 2199025352705 switch to &NaiveActor::HandlerNormal
I1012 19:33:16.253775 13270 naive_actor.cpp:25] actor 2207615287298 switch to &NaiveActor::HandlerNormal
I1012 19:33:16.253834 13215 thread.cpp:96] Thread 1048577 construct Actor kSliceBoxing 2199025352705
I1012 19:33:16.253906 13270 thread.cpp:96] Thread 1052673 construct Actor kSliceBoxing 2207615287298
I1012 19:33:16.253994 13215 runtime_context.cpp:29] DecreaseCounter constructing_actor_cnt, current val is 712
I1012 19:33:16.254052 13270 runtime_context.cpp:29] DecreaseCounter constructing_actor_cnt, current val is 711
I1012 19:33:16.254575 13270 naive_actor.cpp:25] actor 2207615287299 switch to &NaiveActor::HandlerNormal
I1012 19:33:16.254613 13147 esac_actor.cpp:73] actor 1099614388326 switch to &EsacActor::HandlerNormal
I1012 19:33:16.254664 13270 thread.cpp:96] Thread 1052673 construct Actor kSliceBoxing 2207615287299
I1012 19:33:16.254732 13147 thread.cpp:96] Thread 524337 construct Actor kEsac 1099614388326
I1012 19:33:16.254796 13270 runtime_context.cpp:29] DecreaseCounter constructing_actor_cnt, current val is 710
I1012 19:33:16.254797 13215 naive_actor.cpp:25] actor 2199025352706 switch to &NaiveActor::HandlerNormal
I1012 19:33:16.254906 13147 runtime_context.cpp:29] DecreaseCounter constructing_actor_cnt, current val is 709
I1012 19:33:16.254971 13215 thread.cpp:96] Thread 1048577 construct Actor kSliceBoxing 2199025352706
I1012 19:33:16.255139 13215 runtime_context.cpp:29] DecreaseCounter constructing_actor_cnt, current val is 708
I1012 19:33:16.255309 13270 naive_actor.cpp:25] actor 2207615287300 switch to &NaiveActor::HandlerNormal
I1012 19:33:16.255383 13270 thread.cpp:96] Thread 1052673 construct Actor kCopyHd 2207615287300
I1012 19:33:16.255442 13270 runtime_context.cpp:29] DecreaseCounter constructing_actor_cnt, current val is 707
I1012 19:33:16.255868 13270 naive_actor.cpp:25] actor 2207615287301 switch to &NaiveActor::HandlerNormal
I1012 19:33:16.255939 13270 thread.cpp:96] Thread 1052673 construct Actor kCopyHd 2207615287301
I1012 19:33:16.256003 13270 runtime_context.cpp:29] DecreaseCounter constructing_actor_cnt, current val is 706
I1012 19:33:16.256079 13215 naive_actor.cpp:25] actor 2199025352707 switch to &NaiveActor::HandlerNormal
I1012 19:33:16.256080 13147 naive_actor.cpp:25] actor 1099614388236 switch to &NaiveActor::HandlerNormal
I1012 19:33:16.256178 13215 thread.cpp:96] Thread 1048577 construct Actor kSliceBoxing 2199025352707
I1012 19:33:16.256250 13147 thread.cpp:96] Thread 524337 construct Actor kTick 1099614388236
I1012 19:33:16.256352 13215 runtime_context.cpp:29] DecreaseCounter constructing_actor_cnt, current val is 705
I1012 19:33:16.256443 13147 runtime_context.cpp:29] DecreaseCounter constructing_actor_cnt, current val is 704
I1012 19:33:16.256482 13270 naive_actor.cpp:25] actor 2207615287302 switch to &NaiveActor::HandlerNormal
I1012 19:33:16.256605 13270 thread.cpp:96] Thread 1052673 construct Actor kCopyHd 2207615287302
I1012 19:33:16.256639 13213 naive_actor.cpp:25] actor 2199023255557 switch to &NaiveActor::HandlerNormal
I1012 19:33:16.256742 13213 thread.cpp:96] Thread 1048576 construct Actor kNormalForward 2199023255557
I1012 19:33:16.256681 13270 runtime_context.cpp:29] DecreaseCounter constructing_actor_cnt, current val is 703
I1012 19:33:16.256661 13268 naive_actor.cpp:25] actor 2207613190203 switch to &NaiveActor::HandlerNormal
I1012 19:33:16.256865 13213 runtime_context.cpp:29] DecreaseCounter constructing_actor_cnt, current val is 702
I1012 19:33:16.256872 13215 naive_actor.cpp:25] actor 2199025352710 switch to &NaiveActor::HandlerNormal
I1012 19:33:16.256932 13268 thread.cpp:96] Thread 1052672 construct Actor kNormalForward 2207613190203
I1012 19:33:16.257076 13215 thread.cpp:96] Thread 1048577 construct Actor kCopyHd 2199025352710
I1012 19:33:16.257165 13147 naive_actor.cpp:25] actor 1099614388224 switch to &NaiveActor::HandlerNormal
I1012 19:33:16.257220 13268 runtime_context.cpp:29] DecreaseCounter constructing_actor_cnt, current val is 701
I1012 19:33:16.257272 13215 runtime_context.cpp:29] DecreaseCounter constructing_actor_cnt, current val is 700
I1012 19:33:16.257319 13147 thread.cpp:96] Thread 524337 construct Actor kDeviceTick 1099614388224
I1012 19:33:16.257850 13215 naive_actor.cpp:25] actor 2199025352711 switch to &NaiveActor::HandlerNormal
I1012 19:33:16.257851 13147 runtime_context.cpp:29] DecreaseCounter constructing_actor_cnt, current val is 699
I1012 19:33:16.257959 13215 thread.cpp:96] Thread 1048577 construct Actor kCopyHd 2199025352711
I1012 19:33:16.258121 13215 runtime_context.cpp:29] DecreaseCounter constructing_actor_cnt, current val is 698
I1012 19:33:16.258968 13147 naive_actor.cpp:25] actor 1099614388227 switch to &NaiveActor::HandlerNormal
I1012 19:33:16.259065 13147 thread.cpp:96] Thread 524337 construct Actor kDeviceTick 1099614388227
I1012 19:33:16.259164 13147 runtime_context.cpp:29] DecreaseCounter constructing_actor_cnt, current val is 697
I1012 19:33:16.259729 13147 naive_actor.cpp:25] actor 1099614388229 switch to &NaiveActor::HandlerNormal
I1012 19:33:16.259806 13147 thread.cpp:96] Thread 524337 construct Actor kSrcSubsetTick 1099614388229
I1012 19:33:16.259892 13147 runtime_context.cpp:29] DecreaseCounter constructing_actor_cnt, current val is 696
I1012 19:33:16.259943 13213 naive_actor.cpp:25] actor 2199023255573 switch to &NaiveActor::HandlerNormal
I1012 19:33:16.260026 13213 thread.cpp:96] Thread 1048576 construct Actor kNormalForward 2199023255573
I1012 19:33:16.260179 13213 runtime_context.cpp:29] DecreaseCounter constructing_actor_cnt, current val is 695
I1012 19:33:16.260550 13147 naive_actor.cpp:25] actor 1099614388237 switch to &NaiveActor::HandlerNormal
I1012 19:33:16.260644 13147 thread.cpp:96] Thread 524337 construct Actor kTick 1099614388237
I1012 19:33:16.260738 13147 runtime_context.cpp:29] DecreaseCounter constructing_actor_cnt, current val is 694
I1012 19:33:16.260815 13268 naive_actor.cpp:25] actor 2207613190147 switch to &NaiveActor::HandlerNormal
I1012 19:33:16.260875 13268 thread.cpp:96] Thread 1052672 construct Actor kNormalForward 2207613190147
I1012 19:33:16.260974 13268 runtime_context.cpp:29] DecreaseCounter constructing_actor_cnt, current val is 693
I1012 19:33:16.261724 13147 naive_actor.cpp:25] actor 1099614388244 switch to &NaiveActor::HandlerNormal
I1012 19:33:16.261806 13147 thread.cpp:96] Thread 524337 construct Actor kTick 1099614388244
I1012 19:33:16.261894 13147 runtime_context.cpp:29] DecreaseCounter constructing_actor_cnt, current val is 692
I1012 19:33:16.262742 13147 naive_actor.cpp:25] actor 1099614388247 switch to &NaiveActor::HandlerNormal
I1012 19:33:16.262840 13147 thread.cpp:96] Thread 524337 construct Actor kTick 1099614388247
I1012 19:33:16.262936 13147 runtime_context.cpp:29] DecreaseCounter constructing_actor_cnt, current val is 691
I1012 19:33:16.263250 13213 naive_actor.cpp:25] actor 2199023255597 switch to &NaiveActor::HandlerNormal
I1012 19:33:16.263387 13213 thread.cpp:96] Thread 1048576 construct Actor kNormalForward 2199023255597
I1012 19:33:16.263552 13213 runtime_context.cpp:29] DecreaseCounter constructing_actor_cnt, current val is 690
I1012 19:33:16.264004 13147 naive_actor.cpp:25] actor 1099614388235 switch to &NaiveActor::HandlerNormal
I1012 19:33:16.264159 13147 thread.cpp:96] Thread 524337 construct Actor kDstSubsetTick 1099614388235
I1012 19:33:16.264262 13147 runtime_context.cpp:29] DecreaseCounter constructing_actor_cnt, current val is 689
I1012 19:33:16.265136 13147 naive_actor.cpp:25] actor 1099614388226 switch to &NaiveActor::HandlerNormal
I1012 19:33:16.265214 13147 thread.cpp:96] Thread 524337 construct Actor kDeviceTick 1099614388226
I1012 19:33:16.265292 13147 runtime_context.cpp:29] DecreaseCounter constructing_actor_cnt, current val is 688
I1012 19:33:16.265518 13213 naive_actor.cpp:25] actor 2199023255563 switch to &NaiveActor::HandlerNormal
I1012 19:33:16.265630 13213 thread.cpp:96] Thread 1048576 construct Actor kNormalForward 2199023255563
I1012 19:33:16.265763 13213 runtime_context.cpp:29] DecreaseCounter constructing_actor_cnt, current val is 687
I1012 19:33:16.266120 13147 naive_actor.cpp:25] actor 1099614388225 switch to &NaiveActor::HandlerNormal
I1012 19:33:16.266455 13147 thread.cpp:96] Thread 524337 construct Actor kDeviceTick 1099614388225
I1012 19:33:16.266580 13147 runtime_context.cpp:29] DecreaseCounter constructing_actor_cnt, current val is 686
I1012 19:33:16.266674 13268 naive_actor.cpp:25] actor 2207613190154 switch to &NaiveActor::HandlerNormal
I1012 19:33:16.266747 13268 thread.cpp:96] Thread 1052672 construct Actor kNormalForward 2207613190154
I1012 19:33:16.266852 13268 runtime_context.cpp:29] DecreaseCounter constructing_actor_cnt, current val is 685
I1012 19:33:16.267256 13213 naive_actor.cpp:25] actor 2199023255554 switch to &NaiveActor::HandlerNormal
I1012 19:33:16.267357 13213 thread.cpp:96] Thread 1048576 construct Actor kNormalForward 2199023255554
I1012 19:33:16.267498 13213 runtime_context.cpp:29] DecreaseCounter constructing_actor_cnt, current val is 684
I1012 19:33:16.267602 13147 naive_actor.cpp:25] actor 1099614388242 switch to &NaiveActor::HandlerNormal
I1012 19:33:16.267691 13147 thread.cpp:96] Thread 524337 construct Actor kSrcSubsetTick 1099614388242
I1012 19:33:16.267789 13147 runtime_context.cpp:29] DecreaseCounter constructing_actor_cnt, current val is 683
I1012 19:33:16.268616 13147 naive_actor.cpp:25] actor 1099614388228 switch to &NaiveActor::HandlerNormal
I1012 19:33:16.268697 13147 thread.cpp:96] Thread 524337 construct Actor kDeviceTick 1099614388228
I1012 19:33:16.268857 13147 runtime_context.cpp:29] DecreaseCounter constructing_actor_cnt, current val is 682
I1012 19:33:16.269778 13268 naive_actor.cpp:25] actor 2207613190145 switch to &NaiveActor::HandlerNormal
I1012 19:33:16.269860 13268 thread.cpp:96] Thread 1052672 construct Actor kNormalForward 2207613190145
I1012 19:33:16.269964 13268 runtime_context.cpp:29] DecreaseCounter constructing_actor_cnt, current val is 681
I1012 19:33:16.270877 13147 esac_actor.cpp:73] actor 1099614388334 switch to &EsacActor::HandlerNormal
I1012 19:33:16.270989 13147 thread.cpp:96] Thread 524337 construct Actor kEsac 1099614388334
I1012 19:33:16.271095 13147 runtime_context.cpp:29] DecreaseCounter constructing_actor_cnt, current val is 680
I1012 19:33:16.271540 13213 naive_actor.cpp:25] actor 2199023255656 switch to &NaiveActor::HandlerNormal
I1012 19:33:16.271675 13213 thread.cpp:96] Thread 1048576 construct Actor kNormalForward 2199023255656
I1012 19:33:16.271848 13213 runtime_context.cpp:29] DecreaseCounter constructing_actor_cnt, current val is 679
I1012 19:33:16.272529 13147 naive_actor.cpp:25] actor 1099614388246 switch to &NaiveActor::HandlerNormal
I1012 19:33:16.272626 13147 thread.cpp:96] Thread 524337 construct Actor kTick 1099614388246
I1012 19:33:16.272724 13147 runtime_context.cpp:29] DecreaseCounter constructing_actor_cnt, current val is 678
I1012 19:33:16.272593 13268 naive_actor.cpp:25] actor 2207613190168 switch to &NaiveActor::HandlerNormal
I1012 19:33:16.273032 13268 thread.cpp:96] Thread 1052672 construct Actor kNormalForward 2207613190168
I1012 19:33:16.273196 13268 runtime_context.cpp:29] DecreaseCounter constructing_actor_cnt, current val is 677
I1012 19:33:16.273581 13147 naive_actor.cpp:25] actor 1099614388239 switch to &NaiveActor::HandlerNormal
I1012 19:33:16.273663 13147 thread.cpp:96] Thread 524337 construct Actor kTick 1099614388239
I1012 19:33:16.273777 13147 runtime_context.cpp:29] DecreaseCounter constructing_actor_cnt, current val is 676
I1012 19:33:16.274542 13213 naive_actor.cpp:25] actor 2199023255564 switch to &NaiveActor::HandlerNormal
I1012 19:33:16.274664 13213 thread.cpp:96] Thread 1048576 construct Actor kNormalForward 2199023255564
I1012 19:33:16.274736 13147 naive_actor.cpp:25] actor 1099614388238 switch to &NaiveActor::HandlerNormal
I1012 19:33:16.274818 13147 thread.cpp:96] Thread 524337 construct Actor kTick 1099614388238
I1012 19:33:16.274821 13213 runtime_context.cpp:29] DecreaseCounter constructing_actor_cnt, current val is 675
I1012 19:33:16.274941 13147 runtime_context.cpp:29] DecreaseCounter constructing_actor_cnt, current val is 674
I1012 19:33:16.275667 13268 naive_actor.cpp:25] actor 2207613190156 switch to &NaiveActor::HandlerNormal
I1012 19:33:16.275861 13268 thread.cpp:96] Thread 1052672 construct Actor kNormalForward 2207613190156
I1012 19:33:16.275956 13268 runtime_context.cpp:29] DecreaseCounter constructing_actor_cnt, current val is 673
I1012 19:33:16.276623 13147 naive_actor.cpp:25] actor 1099614388248 switch to &NaiveActor::HandlerNormal
I1012 19:33:16.276728 13147 thread.cpp:96] Thread 524337 construct Actor kTick 1099614388248
I1012 19:33:16.276854 13147 runtime_context.cpp:29] DecreaseCounter constructing_actor_cnt, current val is 672
I1012 19:33:16.277295 13213 naive_actor.cpp:25] actor 2199023255558 switch to &NaiveActor::HandlerNormal
I1012 19:33:16.277463 13213 thread.cpp:96] Thread 1048576 construct Actor kNormalForward 2199023255558
