I1012 16:21:25.986893 18587 naive_actor.cpp:25] actor 2199023255831 switch to &NaiveActor::HandlerNormal
I1012 16:21:25.986958 18587 thread.cpp:96] Thread 1048576 construct Actor kNormalForward 2199023255831
I1012 16:21:25.987018 18587 runtime_context.cpp:29] DecreaseCounter constructing_actor_cnt, current val is 36
I1012 16:21:25.987228 18587 naive_actor.cpp:25] actor 2199023255828 switch to &NaiveActor::HandlerNormal
I1012 16:21:25.987265 18587 thread.cpp:96] Thread 1048576 construct Actor kNormalForward 2199023255828
I1012 16:21:25.987311 18587 runtime_context.cpp:29] DecreaseCounter constructing_actor_cnt, current val is 35
I1012 16:21:25.987527 18587 naive_actor.cpp:25] actor 2199023255830 switch to &NaiveActor::HandlerNormal
I1012 16:21:25.987561 18587 thread.cpp:96] Thread 1048576 construct Actor kNormalForward 2199023255830
I1012 16:21:25.987607 18587 runtime_context.cpp:29] DecreaseCounter constructing_actor_cnt, current val is 34
I1012 16:21:25.987813 18587 naive_actor.cpp:25] actor 2199023255854 switch to &NaiveActor::HandlerNormal
I1012 16:21:25.987849 18587 thread.cpp:96] Thread 1048576 construct Actor kNormalForward 2199023255854
I1012 16:21:25.987895 18587 runtime_context.cpp:29] DecreaseCounter constructing_actor_cnt, current val is 33
I1012 16:21:25.988104 18587 naive_actor.cpp:25] actor 2199023255825 switch to &NaiveActor::HandlerNormal
I1012 16:21:25.988142 18587 thread.cpp:96] Thread 1048576 construct Actor kNormalForward 2199023255825
I1012 16:21:25.988176 18587 runtime_context.cpp:29] DecreaseCounter constructing_actor_cnt, current val is 32
I1012 16:21:25.988384 18587 naive_actor.cpp:25] actor 2199023255833 switch to &NaiveActor::HandlerNormal
I1012 16:21:25.988420 18587 thread.cpp:96] Thread 1048576 construct Actor kNormalForward 2199023255833
I1012 16:21:25.988462 18587 runtime_context.cpp:29] DecreaseCounter constructing_actor_cnt, current val is 31
I1012 16:21:25.988731 18587 naive_actor.cpp:25] actor 2199023255849 switch to &NaiveActor::HandlerNormal
I1012 16:21:25.988768 18587 thread.cpp:96] Thread 1048576 construct Actor kNormalForward 2199023255849
I1012 16:21:25.988814 18587 runtime_context.cpp:29] DecreaseCounter constructing_actor_cnt, current val is 30
I1012 16:21:25.989032 18587 naive_actor.cpp:25] actor 2199023255832 switch to &NaiveActor::HandlerNormal
I1012 16:21:25.989069 18587 thread.cpp:96] Thread 1048576 construct Actor kNormalForward 2199023255832
I1012 16:21:25.989105 18587 runtime_context.cpp:29] DecreaseCounter constructing_actor_cnt, current val is 29
I1012 16:21:25.989310 18587 naive_actor.cpp:25] actor 2199023255837 switch to &NaiveActor::HandlerNormal
I1012 16:21:25.989346 18587 thread.cpp:96] Thread 1048576 construct Actor kNormalForward 2199023255837
I1012 16:21:25.989392 18587 runtime_context.cpp:29] DecreaseCounter constructing_actor_cnt, current val is 28
I1012 16:21:25.989609 18587 naive_actor.cpp:25] actor 2199023255836 switch to &NaiveActor::HandlerNormal
I1012 16:21:25.989645 18587 thread.cpp:96] Thread 1048576 construct Actor kNormalForward 2199023255836
I1012 16:21:25.989691 18587 runtime_context.cpp:29] DecreaseCounter constructing_actor_cnt, current val is 27
I1012 16:21:25.989899 18587 naive_actor.cpp:25] actor 2199023255860 switch to &NaiveActor::HandlerNormal
I1012 16:21:25.989933 18587 thread.cpp:96] Thread 1048576 construct Actor kDeviceTick 2199023255860
I1012 16:21:25.989977 18587 runtime_context.cpp:29] DecreaseCounter constructing_actor_cnt, current val is 26
I1012 16:21:25.990185 18587 naive_actor.cpp:25] actor 2199023255835 switch to &NaiveActor::HandlerNormal
I1012 16:21:25.990217 18587 thread.cpp:96] Thread 1048576 construct Actor kNormalForward 2199023255835
I1012 16:21:25.990262 18587 runtime_context.cpp:29] DecreaseCounter constructing_actor_cnt, current val is 25
I1012 16:21:25.990476 18587 naive_actor.cpp:25] actor 2199023255834 switch to &NaiveActor::HandlerNormal
I1012 16:21:25.990509 18587 thread.cpp:96] Thread 1048576 construct Actor kNormalForward 2199023255834
I1012 16:21:25.990553 18587 runtime_context.cpp:29] DecreaseCounter constructing_actor_cnt, current val is 24
I1012 16:21:25.990764 18587 naive_actor.cpp:25] actor 2199023255843 switch to &NaiveActor::HandlerNormal
I1012 16:21:25.990823 18587 thread.cpp:96] Thread 1048576 construct Actor kNormalForward 2199023255843
I1012 16:21:25.990897 18587 runtime_context.cpp:29] DecreaseCounter constructing_actor_cnt, current val is 23
I1012 16:21:25.991106 18587 naive_actor.cpp:25] actor 2199023255841 switch to &NaiveActor::HandlerNormal
I1012 16:21:25.991139 18587 thread.cpp:96] Thread 1048576 construct Actor kNormalForward 2199023255841
I1012 16:21:25.991184 18587 runtime_context.cpp:29] DecreaseCounter constructing_actor_cnt, current val is 22
I1012 16:21:25.991390 18587 naive_actor.cpp:25] actor 2199023255844 switch to &NaiveActor::HandlerNormal
I1012 16:21:25.991423 18587 thread.cpp:96] Thread 1048576 construct Actor kNormalForward 2199023255844
I1012 16:21:25.991474 18587 runtime_context.cpp:29] DecreaseCounter constructing_actor_cnt, current val is 21
I1012 16:21:25.991679 18587 naive_actor.cpp:25] actor 2199023255842 switch to &NaiveActor::HandlerNormal
I1012 16:21:25.991714 18587 thread.cpp:96] Thread 1048576 construct Actor kNormalForward 2199023255842
I1012 16:21:25.991751 18587 runtime_context.cpp:29] DecreaseCounter constructing_actor_cnt, current val is 20
I1012 16:21:25.991955 18587 naive_actor.cpp:25] actor 2199023255838 switch to &NaiveActor::HandlerNormal
I1012 16:21:25.991989 18587 thread.cpp:96] Thread 1048576 construct Actor kNormalForward 2199023255838
I1012 16:21:25.992034 18587 runtime_context.cpp:29] DecreaseCounter constructing_actor_cnt, current val is 19
I1012 16:21:25.992238 18587 naive_actor.cpp:25] actor 2199023255823 switch to &NaiveActor::HandlerNormal
I1012 16:21:25.992271 18587 thread.cpp:96] Thread 1048576 construct Actor kNormalForward 2199023255823
I1012 16:21:25.992316 18587 runtime_context.cpp:29] DecreaseCounter constructing_actor_cnt, current val is 18
I1012 16:21:25.992537 18587 naive_actor.cpp:25] actor 2199023255840 switch to &NaiveActor::HandlerNormal
I1012 16:21:25.992569 18587 thread.cpp:96] Thread 1048576 construct Actor kNormalForward 2199023255840
I1012 16:21:25.992615 18587 runtime_context.cpp:29] DecreaseCounter constructing_actor_cnt, current val is 17
I1012 16:21:25.992820 18587 naive_actor.cpp:25] actor 2199023255851 switch to &NaiveActor::HandlerNormal
I1012 16:21:25.992863 18587 thread.cpp:96] Thread 1048576 construct Actor kNormalForward 2199023255851
I1012 16:21:25.992909 18587 runtime_context.cpp:29] DecreaseCounter constructing_actor_cnt, current val is 16
I1012 16:21:25.993114 18587 naive_actor.cpp:25] actor 2199023255846 switch to &NaiveActor::HandlerNormal
I1012 16:21:25.993151 18587 thread.cpp:96] Thread 1048576 construct Actor kNormalForward 2199023255846
I1012 16:21:25.993196 18587 runtime_context.cpp:29] DecreaseCounter constructing_actor_cnt, current val is 15
I1012 16:21:25.993400 18587 naive_actor.cpp:25] actor 2199023255847 switch to &NaiveActor::HandlerNormal
I1012 16:21:25.993440 18587 thread.cpp:96] Thread 1048576 construct Actor kNormalForward 2199023255847
I1012 16:21:25.993487 18587 runtime_context.cpp:29] DecreaseCounter constructing_actor_cnt, current val is 14
I1012 16:21:25.993692 18587 naive_actor.cpp:25] actor 2199023255824 switch to &NaiveActor::HandlerNormal
I1012 16:21:25.993726 18587 thread.cpp:96] Thread 1048576 construct Actor kNormalForward 2199023255824
I1012 16:21:25.993772 18587 runtime_context.cpp:29] DecreaseCounter constructing_actor_cnt, current val is 13
I1012 16:21:25.993975 18587 naive_actor.cpp:25] actor 2199023255845 switch to &NaiveActor::HandlerNormal
I1012 16:21:25.994007 18587 thread.cpp:96] Thread 1048576 construct Actor kNormalForward 2199023255845
I1012 16:21:25.994042 18587 runtime_context.cpp:29] DecreaseCounter constructing_actor_cnt, current val is 12
I1012 16:21:25.994253 18587 naive_actor.cpp:25] actor 2199023255848 switch to &NaiveActor::HandlerNormal
I1012 16:21:25.994287 18587 thread.cpp:96] Thread 1048576 construct Actor kNormalForward 2199023255848
I1012 16:21:25.994333 18587 runtime_context.cpp:29] DecreaseCounter constructing_actor_cnt, current val is 11
I1012 16:21:25.994544 18587 naive_actor.cpp:25] actor 2199023255850 switch to &NaiveActor::HandlerNormal
I1012 16:21:25.994601 18587 thread.cpp:96] Thread 1048576 construct Actor kNormalForward 2199023255850
I1012 16:21:25.994649 18587 runtime_context.cpp:29] DecreaseCounter constructing_actor_cnt, current val is 10
I1012 16:21:25.994860 18587 naive_actor.cpp:25] actor 2199023255829 switch to &NaiveActor::HandlerNormal
I1012 16:21:25.994892 18587 thread.cpp:96] Thread 1048576 construct Actor kNormalForward 2199023255829
I1012 16:21:25.994936 18587 runtime_context.cpp:29] DecreaseCounter constructing_actor_cnt, current val is 9
I1012 16:21:25.995141 18587 naive_actor.cpp:25] actor 2199023255855 switch to &NaiveActor::HandlerNormal
I1012 16:21:25.995175 18587 thread.cpp:96] Thread 1048576 construct Actor kNormalForward 2199023255855
I1012 16:21:25.995211 18587 runtime_context.cpp:29] DecreaseCounter constructing_actor_cnt, current val is 8
I1012 16:21:25.995419 18587 naive_actor.cpp:25] actor 2199023255826 switch to &NaiveActor::HandlerNormal
I1012 16:21:25.995462 18587 thread.cpp:96] Thread 1048576 construct Actor kNormalForward 2199023255826
I1012 16:21:25.995507 18587 runtime_context.cpp:29] DecreaseCounter constructing_actor_cnt, current val is 7
I1012 16:21:25.995714 18587 naive_actor.cpp:25] actor 2199023255857 switch to &NaiveActor::HandlerNormal
I1012 16:21:25.995750 18587 thread.cpp:96] Thread 1048576 construct Actor kNormalForward 2199023255857
I1012 16:21:25.995795 18587 runtime_context.cpp:29] DecreaseCounter constructing_actor_cnt, current val is 6
I1012 16:21:25.996002 18587 naive_actor.cpp:25] actor 2199023255852 switch to &NaiveActor::HandlerNormal
I1012 16:21:25.996037 18587 thread.cpp:96] Thread 1048576 construct Actor kNormalForward 2199023255852
I1012 16:21:25.996084 18587 runtime_context.cpp:29] DecreaseCounter constructing_actor_cnt, current val is 5
I1012 16:21:25.997565 18587 naive_actor.cpp:25] actor 2199023255859 switch to &NaiveActor::HandlerNormal
I1012 16:21:25.997606 18587 thread.cpp:96] Thread 1048576 construct Actor kNormalForward 2199023255859
I1012 16:21:25.997715 18587 runtime_context.cpp:29] DecreaseCounter constructing_actor_cnt, current val is 4
I1012 16:21:25.997946 18587 naive_actor.cpp:25] actor 2199023255839 switch to &NaiveActor::HandlerNormal
I1012 16:21:25.997982 18587 thread.cpp:96] Thread 1048576 construct Actor kNormalForward 2199023255839
I1012 16:21:25.998028 18587 runtime_context.cpp:29] DecreaseCounter constructing_actor_cnt, current val is 3
I1012 16:21:25.998240 18587 naive_actor.cpp:25] actor 2199023255858 switch to &NaiveActor::HandlerNormal
I1012 16:21:25.998277 18587 thread.cpp:96] Thread 1048576 construct Actor kNormalForward 2199023255858
I1012 16:21:25.998324 18587 runtime_context.cpp:29] DecreaseCounter constructing_actor_cnt, current val is 2
I1012 16:21:25.998545 18587 naive_actor.cpp:25] actor 2199023255853 switch to &NaiveActor::HandlerNormal
I1012 16:21:25.998579 18587 thread.cpp:96] Thread 1048576 construct Actor kNormalForward 2199023255853
I1012 16:21:25.998623 18587 runtime_context.cpp:29] DecreaseCounter constructing_actor_cnt, current val is 1
I1012 16:21:25.998826 18587 naive_actor.cpp:25] actor 2199023255856 switch to &NaiveActor::HandlerNormal
I1012 16:21:25.998859 18587 thread.cpp:96] Thread 1048576 construct Actor kNormalForward 2199023255856
I1012 16:21:25.998908 18587 runtime_context.cpp:29] DecreaseCounter constructing_actor_cnt, current val is 0
I1012 16:21:26.002610 17996 runtime.cpp:93] Actors on this machine constructed
I1012 16:21:26.002831 17996 runtime.cpp:95] Actors on every machine constructed
I1012 16:21:26.002899 17996 runtime_context.cpp:21] NewCounter job_5_running_actor_count 41
I1012 16:21:26.002944 17996 runtime_context.cpp:21] NewCounter job_4_running_actor_count 22
I1012 16:21:26.002964 17996 runtime_context.cpp:21] NewCounter job_3_running_actor_count 91
I1012 16:21:26.003026 17996 runtime_context.cpp:21] NewCounter job_2_running_actor_count 91
I1012 16:21:26.003069 17996 runtime_context.cpp:21] NewCounter job_0_running_actor_count 447
I1012 16:21:26.003196 17996 runtime_context.cpp:21] NewCounter job_1_running_actor_count 89
I1012 16:21:26.003358 18577 wait_and_send_ids_actor.cpp:73] actor 1099616485376 switch to &WaitAndSendIdsActor::HandlerNormal
I1012 16:21:26.003754 17996 global.h:36] NewGlobal N7oneflow7JobDescE
I1012 16:21:26.047648 17996 global.h:43] DeleteGlobal N7oneflow7JobDescE
I1012 16:21:26.553840 18593 local.cpp:114] waiting for key: eager_nccl_unique_id_rpc_key,0:0,0:1
I1012 16:21:26.564079 18587 eager_nccl_comm_manager.cpp:69]  EagerNcclCommMgr::ncclCommInitRank device_vec.size() = 2, nccl_unique_id = 0200ffffffd1080b0b010e000000000000000000000000000000000000000000000000000000000000000000000000000000000000000000000000000000000000000000000000000000000000000000000000000000000000000000000000000000000000000000000000000000000000000000000000000000000000000000000000, rank = 0, key = {eager_nccl_unique_id_rpc_key,0:0,0:1}
I1012 16:21:26.564098 18593 eager_nccl_comm_manager.cpp:69]  EagerNcclCommMgr::ncclCommInitRank device_vec.size() = 2, nccl_unique_id = 0200ffffffd1080b0b010e000000000000000000000000000000000000000000000000000000000000000000000000000000000000000000000000000000000000000000000000000000000000000000000000000000000000000000000000000000000000000000000000000000000000000000000000000000000000000000000000, rank = 1, key = {eager_nccl_unique_id_rpc_key,0:0,0:1}
I1012 16:21:57.103835 17996 global.h:43] DeleteGlobal N7oneflow7OneflowE
I1012 16:21:57.104168 18577 actor.cpp:411] actor 1099616485376 switch to &Actor::HandlerZombie
I1012 16:21:57.104193 18576 actor.cpp:411] actor 1099614388296 switch to &Actor::HandlerZombie
I1012 16:21:57.104300 18577 thread.cpp:76] thread 524338 deconstruct actor 1099616485376
I1012 16:21:57.104301 18576 actor.cpp:408] actor 1099614388297 switch to nullptr
I1012 16:21:57.104347 18576 thread.cpp:76] thread 524337 deconstruct actor 1099614388297
I1012 16:21:57.104655 18577 runtime_context.cpp:29] DecreaseCounter job_5_running_actor_count, current val is 40
I1012 16:21:57.104863 18576 runtime_context.cpp:29] DecreaseCounter job_5_running_actor_count, current val is 39
I1012 16:21:57.104904 18576 actor.cpp:408] actor 1099614388322 switch to nullptr
I1012 16:21:57.104923 18576 thread.cpp:76] thread 524337 deconstruct actor 1099614388322
I1012 16:21:57.105065 18576 runtime_context.cpp:29] DecreaseCounter job_5_running_actor_count, current val is 38
I1012 16:21:57.105093 18576 actor.cpp:408] actor 1099614388302 switch to nullptr
I1012 16:21:57.105108 18576 thread.cpp:76] thread 524337 deconstruct actor 1099614388302
I1012 16:21:57.105244 18576 runtime_context.cpp:29] DecreaseCounter job_5_running_actor_count, current val is 37
I1012 16:21:57.105271 18576 actor.cpp:408] actor 1099614388298 switch to nullptr
I1012 16:21:57.105285 18576 thread.cpp:76] thread 524337 deconstruct actor 1099614388298
I1012 16:21:57.105418 18576 runtime_context.cpp:29] DecreaseCounter job_5_running_actor_count, current val is 36
I1012 16:21:57.105458 18576 actor.cpp:408] actor 1099614388306 switch to nullptr
I1012 16:21:57.105473 18576 thread.cpp:76] thread 524337 deconstruct actor 1099614388306
I1012 16:21:57.105608 18576 runtime_context.cpp:29] DecreaseCounter job_5_running_actor_count, current val is 35
I1012 16:21:57.105633 18576 actor.cpp:408] actor 1099614388310 switch to nullptr
I1012 16:21:57.105646 18576 thread.cpp:76] thread 524337 deconstruct actor 1099614388310
I1012 16:21:57.105769 18576 runtime_context.cpp:29] DecreaseCounter job_5_running_actor_count, current val is 34
I1012 16:21:57.105793 18576 actor.cpp:408] actor 1099614388314 switch to nullptr
I1012 16:21:57.105809 18576 thread.cpp:76] thread 524337 deconstruct actor 1099614388314
I1012 16:21:57.105940 18576 runtime_context.cpp:29] DecreaseCounter job_5_running_actor_count, current val is 33
I1012 16:21:57.105963 18576 actor.cpp:408] actor 1099614388318 switch to nullptr
I1012 16:21:57.105976 18576 thread.cpp:76] thread 524337 deconstruct actor 1099614388318
I1012 16:21:57.106117 18576 runtime_context.cpp:29] DecreaseCounter job_5_running_actor_count, current val is 32
I1012 16:21:57.106190 18576 actor.cpp:408] actor 1099614388323 switch to nullptr
I1012 16:21:57.106209 18576 thread.cpp:76] thread 524337 deconstruct actor 1099614388323
I1012 16:21:57.106353 18576 runtime_context.cpp:29] DecreaseCounter job_5_running_actor_count, current val is 31
I1012 16:21:57.106398 18576 actor.cpp:408] actor 1099614388303 switch to nullptr
I1012 16:21:57.106415 18576 thread.cpp:76] thread 524337 deconstruct actor 1099614388303
I1012 16:21:57.106560 18576 runtime_context.cpp:29] DecreaseCounter job_5_running_actor_count, current val is 30
I1012 16:21:57.106586 18576 actor.cpp:408] actor 1099614388299 switch to nullptr
I1012 16:21:57.106676 18576 thread.cpp:76] thread 524337 deconstruct actor 1099614388299
I1012 16:21:57.106822 18576 runtime_context.cpp:29] DecreaseCounter job_5_running_actor_count, current val is 29
I1012 16:21:57.106846 18576 actor.cpp:408] actor 1099614388307 switch to nullptr
I1012 16:21:57.106860 18576 thread.cpp:76] thread 524337 deconstruct actor 1099614388307
I1012 16:21:57.106993 18576 runtime_context.cpp:29] DecreaseCounter job_5_running_actor_count, current val is 28
I1012 16:21:57.107018 18576 actor.cpp:408] actor 1099614388311 switch to nullptr
I1012 16:21:57.107031 18576 thread.cpp:76] thread 524337 deconstruct actor 1099614388311
I1012 16:21:57.107164 18576 runtime_context.cpp:29] DecreaseCounter job_5_running_actor_count, current val is 27
I1012 16:21:57.107188 18576 actor.cpp:408] actor 1099614388315 switch to nullptr
I1012 16:21:57.107203 18576 thread.cpp:76] thread 524337 deconstruct actor 1099614388315
I1012 16:21:57.107336 18576 runtime_context.cpp:29] DecreaseCounter job_5_running_actor_count, current val is 26
I1012 16:21:57.107358 18576 actor.cpp:408] actor 1099614388319 switch to nullptr
I1012 16:21:57.107371 18576 thread.cpp:76] thread 524337 deconstruct actor 1099614388319
I1012 16:21:57.107502 18576 runtime_context.cpp:29] DecreaseCounter job_5_running_actor_count, current val is 25
I1012 16:21:57.107529 18576 actor.cpp:408] actor 1099614388292 switch to nullptr
I1012 16:21:57.107543 18576 thread.cpp:76] thread 524337 deconstruct actor 1099614388292
I1012 16:21:57.107669 18576 runtime_context.cpp:29] DecreaseCounter job_4_running_actor_count, current val is 21
I1012 16:21:57.107738 18576 actor.cpp:408] actor 1099614388244 switch to nullptr
I1012 16:21:57.107756 18576 thread.cpp:76] thread 524337 deconstruct actor 1099614388244
I1012 16:21:57.107894 18576 runtime_context.cpp:29] DecreaseCounter job_0_running_actor_count, current val is 446
I1012 16:21:57.107942 18576 actor.cpp:408] actor 1099614388234 switch to nullptr
I1012 16:21:57.107959 18576 thread.cpp:76] thread 524337 deconstruct actor 1099614388234
I1012 16:21:57.108094 18576 runtime_context.cpp:29] DecreaseCounter job_0_running_actor_count, current val is 445
I1012 16:21:57.108119 18576 actor.cpp:408] actor 1099614388253 switch to nullptr
I1012 16:21:57.108131 18576 thread.cpp:76] thread 524337 deconstruct actor 1099614388253
I1012 16:21:57.108263 18576 runtime_context.cpp:29] DecreaseCounter job_1_running_actor_count, current val is 88
I1012 16:21:57.108289 18576 actor.cpp:408] actor 1099614388262 switch to nullptr
I1012 16:21:57.108302 18576 thread.cpp:76] thread 524337 deconstruct actor 1099614388262
I1012 16:21:57.108445 18576 runtime_context.cpp:29] DecreaseCounter job_2_running_actor_count, current val is 90
I1012 16:21:57.108469 18576 actor.cpp:408] actor 1099614388271 switch to nullptr
I1012 16:21:57.108482 18576 thread.cpp:76] thread 524337 deconstruct actor 1099614388271
I1012 16:21:57.108614 18576 runtime_context.cpp:29] DecreaseCounter job_3_running_actor_count, current val is 90
I1012 16:21:57.108639 18576 actor.cpp:408] actor 1099614388280 switch to nullptr
I1012 16:21:57.108651 18576 thread.cpp:76] thread 524337 deconstruct actor 1099614388280
I1012 16:21:57.108774 18576 runtime_context.cpp:29] DecreaseCounter job_4_running_actor_count, current val is 20
I1012 16:21:57.108800 18576 actor.cpp:408] actor 1099614388290 switch to nullptr
I1012 16:21:57.108812 18576 thread.cpp:76] thread 524337 deconstruct actor 1099614388290
I1012 16:21:57.108973 18576 runtime_context.cpp:29] DecreaseCounter job_4_running_actor_count, current val is 19
I1012 16:21:57.109012 18576 actor.cpp:408] actor 1099614388242 switch to nullptr
I1012 16:21:57.109028 18576 thread.cpp:76] thread 524337 deconstruct actor 1099614388242
I1012 16:21:57.109158 18576 runtime_context.cpp:29] DecreaseCounter job_0_running_actor_count, current val is 444
I1012 16:21:57.109213 18576 actor.cpp:408] actor 1099614388229 switch to nullptr
I1012 16:21:57.109230 18576 thread.cpp:76] thread 524337 deconstruct actor 1099614388229
I1012 16:21:57.109304 18593 actor.cpp:408] actor 2207613190313 switch to nullptr
I1012 16:21:57.109338 18593 thread.cpp:76] thread 1052672 deconstruct actor 2207613190313
I1012 16:21:57.109344 18587 actor.cpp:408] actor 2199023255721 switch to nullptr
I1012 16:21:57.109391 18576 runtime_context.cpp:29] DecreaseCounter job_0_running_actor_count, current val is 443
I1012 16:21:57.109412 18587 thread.cpp:76] thread 1048576 deconstruct actor 2199023255721
I1012 16:21:57.109444 18576 actor.cpp:408] actor 1099614388250 switch to nullptr
I1012 16:21:57.109484 18576 thread.cpp:76] thread 524337 deconstruct actor 1099614388250
I1012 16:21:57.109539 18593 runtime_context.cpp:29] DecreaseCounter job_0_running_actor_count, current val is 442
I1012 16:21:57.109601 18593 actor.cpp:408] actor 2207613190310 switch to nullptr
I1012 16:21:57.109616 18576 runtime_context.cpp:29] DecreaseCounter job_1_running_actor_count, current val is 87
I1012 16:21:57.109622 18593 thread.cpp:76] thread 1052672 deconstruct actor 2207613190310
I1012 16:21:57.109644 18576 actor.cpp:408] actor 1099614388259 switch to nullptr
I1012 16:21:57.109653 18587 runtime_context.cpp:29] DecreaseCounter job_0_running_actor_count, current val is 441
I1012 16:21:57.109696 18576 thread.cpp:76] thread 524337 deconstruct actor 1099614388259
I1012 16:21:57.109757 18587 actor.cpp:408] actor 2199023255718 switch to nullptr
I1012 16:21:57.109779 18587 thread.cpp:76] thread 1048576 deconstruct actor 2199023255718
I1012 16:21:57.109817 18593 runtime_context.cpp:29] DecreaseCounter job_0_running_actor_count, current val is 440
I1012 16:21:57.109863 18593 actor.cpp:408] actor 2207613190302 switch to nullptr
I1012 16:21:57.109866 18576 runtime_context.cpp:29] DecreaseCounter job_2_running_actor_count, current val is 89
I1012 16:21:57.109884 18593 thread.cpp:76] thread 1052672 deconstruct actor 2207613190302
I1012 16:21:57.109923 18576 actor.cpp:408] actor 1099614388268 switch to nullptr
I1012 16:21:57.109926 18587 runtime_context.cpp:29] DecreaseCounter job_0_running_actor_count, current val is 439
I1012 16:21:57.109961 18576 thread.cpp:76] thread 524337 deconstruct actor 1099614388268
I1012 16:21:57.109997 18587 actor.cpp:408] actor 2199023255710 switch to nullptr
I1012 16:21:57.110013 18587 thread.cpp:76] thread 1048576 deconstruct actor 2199023255710
I1012 16:21:57.110074 18593 runtime_context.cpp:29] DecreaseCounter job_0_running_actor_count, current val is 438
I1012 16:21:57.110111 18587 runtime_context.cpp:29] DecreaseCounter job_0_running_actor_count, current val is 437
I1012 16:21:57.110123 18576 runtime_context.cpp:29] DecreaseCounter job_3_running_actor_count, current val is 89
I1012 16:21:57.110144 18587 actor.cpp:408] actor 2199023255708 switch to nullptr
I1012 16:21:57.110155 18576 actor.cpp:408] actor 1099614388277 switch to nullptr
I1012 16:21:57.110160 18587 thread.cpp:76] thread 1048576 deconstruct actor 2199023255708
I1012 16:21:57.110118 18593 actor.cpp:408] actor 2207613190300 switch to nullptr
I1012 16:21:57.110174 18576 thread.cpp:76] thread 524337 deconstruct actor 1099614388277
I1012 16:21:57.110219 18593 thread.cpp:76] thread 1052672 deconstruct actor 2207613190300
I1012 16:21:57.110283 18587 runtime_context.cpp:29] DecreaseCounter job_0_running_actor_count, current val is 436
I1012 16:21:57.110316 18587 actor.cpp:408] actor 2199023255700 switch to nullptr
I1012 16:21:57.110329 18587 thread.cpp:76] thread 1048576 deconstruct actor 2199023255700
I1012 16:21:57.110354 18576 runtime_context.cpp:29] DecreaseCounter job_4_running_actor_count, current val is 18
I1012 16:21:57.110368 18593 runtime_context.cpp:29] DecreaseCounter job_0_running_actor_count, current val is 435
I1012 16:21:57.110406 18587 runtime_context.cpp:29] DecreaseCounter job_0_running_actor_count, current val is 434
I1012 16:21:57.110411 18576 actor.cpp:411] actor 1099614388293 switch to &Actor::HandlerZombie
I1012 16:21:57.110496 18587 actor.cpp:408] actor 2199023255698 switch to nullptr
I1012 16:21:57.110509 18576 actor.cpp:408] actor 1099614388288 switch to nullptr
I1012 16:21:57.110458 18593 actor.cpp:408] actor 2207613190292 switch to nullptr
I1012 16:21:57.110517 18587 thread.cpp:76] thread 1048576 deconstruct actor 2199023255698
I1012 16:21:57.110528 18576 thread.cpp:76] thread 524337 deconstruct actor 1099614388288
I1012 16:21:57.110525 18575 actor.cpp:411] actor 1099591319552 switch to &Actor::HandlerZombie
I1012 16:21:57.110550 18593 thread.cpp:76] thread 1052672 deconstruct actor 2207613190292
I1012 16:21:57.110656 18587 runtime_context.cpp:29] DecreaseCounter job_0_running_actor_count, current val is 433
I1012 16:21:57.110687 18587 actor.cpp:408] actor 2199023255688 switch to nullptr
I1012 16:21:57.110699 18587 thread.cpp:76] thread 1048576 deconstruct actor 2199023255688
I1012 16:21:57.110724 18576 runtime_context.cpp:29] DecreaseCounter job_4_running_actor_count, current val is 17
I1012 16:21:57.110728 18593 runtime_context.cpp:29] DecreaseCounter job_0_running_actor_count, current val is 432
I1012 16:21:57.110759 18576 actor.cpp:408] actor 1099614388284 switch to nullptr
I1012 16:21:57.110785 18587 runtime_context.cpp:29] DecreaseCounter job_0_running_actor_count, current val is 431
I1012 16:21:57.110790 18593 actor.cpp:408] actor 2207613190290 switch to nullptr
I1012 16:21:57.110791 18576 thread.cpp:76] thread 524337 deconstruct actor 1099614388284
I1012 16:21:57.110850 18593 thread.cpp:76] thread 1052672 deconstruct actor 2207613190290
I1012 16:21:57.110846 18573 actor.cpp:411] actor 1099587125248 switch to &Actor::HandlerZombie
I1012 16:21:57.110811 18587 actor.cpp:408] actor 2199023255684 switch to nullptr
I1012 16:21:57.110939 18587 thread.cpp:76] thread 1048576 deconstruct actor 2199023255684
I1012 16:21:57.110992 18593 runtime_context.cpp:29] DecreaseCounter job_0_running_actor_count, current val is 430
I1012 16:21:57.111001 18576 runtime_context.cpp:29] DecreaseCounter job_4_running_actor_count, current val is 16
I1012 16:21:57.111033 18593 actor.cpp:408] actor 2207613190280 switch to nullptr
I1012 16:21:57.111050 18576 actor.cpp:408] actor 1099614388285 switch to nullptr
I1012 16:21:57.111057 18593 thread.cpp:76] thread 1052672 deconstruct actor 2207613190280
I1012 16:21:57.111071 18576 thread.cpp:76] thread 524337 deconstruct actor 1099614388285
I1012 16:21:57.111075 18574 actor.cpp:411] actor 1099589222400 switch to &Actor::HandlerZombie
I1012 16:21:57.111023 18587 runtime_context.cpp:29] DecreaseCounter job_0_running_actor_count, current val is 429
I1012 16:21:57.111102 18575 thread.cpp:76] thread 524326 deconstruct actor 1099591319552
I1012 16:21:57.111186 18587 actor.cpp:408] actor 2199023255614 switch to nullptr
I1012 16:21:57.111203 18587 thread.cpp:76] thread 1048576 deconstruct actor 2199023255614
I1012 16:21:57.111205 18593 runtime_context.cpp:29] DecreaseCounter job_0_running_actor_count, current val is 428
I1012 16:21:57.111245 18576 runtime_context.cpp:29] DecreaseCounter job_4_running_actor_count, current val is 15
I1012 16:21:57.111249 18593 actor.cpp:408] actor 2207613190276 switch to nullptr
I1012 16:21:57.111284 18575 runtime_context.cpp:29] DecreaseCounter job_4_running_actor_count, current val is 14
I1012 16:21:57.111276 18576 actor.cpp:411] actor 1099614388245 switch to &Actor::HandlerZombie
I1012 16:21:57.111291 18593 thread.cpp:76] thread 1052672 deconstruct actor 2207613190276
I1012 16:21:57.111335 18576 actor.cpp:408] actor 1099614388238 switch to nullptr
I1012 16:21:57.111294 18587 runtime_context.cpp:29] DecreaseCounter job_0_running_actor_count, current val is 427
I1012 16:21:57.111354 18576 thread.cpp:76] thread 524337 deconstruct actor 1099614388238
I1012 16:21:57.111378 18587 actor.cpp:408] actor 2199023255696 switch to nullptr
I1012 16:21:57.111420 18587 thread.cpp:76] thread 1048576 deconstruct actor 2199023255696
I1012 16:21:57.111378 18557 actor.cpp:411] actor 1099553570816 switch to &Actor::HandlerZombie
I1012 16:21:57.111459 18593 runtime_context.cpp:29] DecreaseCounter job_0_running_actor_count, current val is 426
I1012 16:21:57.111507 18587 runtime_context.cpp:29] DecreaseCounter job_0_running_actor_count, current val is 425
I1012 16:21:57.111542 18593 actor.cpp:408] actor 2207613190206 switch to nullptr
I1012 16:21:57.111546 18576 runtime_context.cpp:29] DecreaseCounter job_0_running_actor_count, current val is 424
I1012 16:21:57.111555 18587 actor.cpp:408] actor 2199023255600 switch to nullptr
I1012 16:21:57.111598 18576 actor.cpp:408] actor 1099614388239 switch to nullptr
I1012 16:21:57.111603 18587 thread.cpp:76] thread 1048576 deconstruct actor 2199023255600
I1012 16:21:57.111565 18593 thread.cpp:76] thread 1052672 deconstruct actor 2207613190206
I1012 16:21:57.111618 18576 thread.cpp:76] thread 524337 deconstruct actor 1099614388239
I1012 16:21:57.111652 18558 actor.cpp:411] actor 1099555667968 switch to &Actor::HandlerZombie
I1012 16:21:57.111694 18587 runtime_context.cpp:29] DecreaseCounter job_0_running_actor_count, current val is 423
I1012 16:21:57.111721 18587 actor.cpp:408] actor 2199023255714 switch to nullptr
I1012 16:21:57.111730 18587 thread.cpp:76] thread 1048576 deconstruct actor 2199023255714
I1012 16:21:57.111758 18593 runtime_context.cpp:29] DecreaseCounter job_0_running_actor_count, current val is 422
I1012 16:21:57.111797 18576 runtime_context.cpp:29] DecreaseCounter job_0_running_actor_count, current val is 421
I1012 16:21:57.111799 18593 actor.cpp:408] actor 2207613190288 switch to nullptr
I1012 16:21:57.111801 18587 runtime_context.cpp:29] DecreaseCounter job_0_running_actor_count, current val is 420
I1012 16:21:57.111829 18576 actor.cpp:411] actor 1099614388235 switch to &Actor::HandlerZombie
I1012 16:21:57.111868 18587 actor.cpp:408] actor 2199023255572 switch to nullptr
I1012 16:21:57.111845 18593 thread.cpp:76] thread 1052672 deconstruct actor 2207613190288
I1012 16:21:57.111881 18587 thread.cpp:76] thread 1048576 deconstruct actor 2199023255572
I1012 16:21:57.111886 18576 actor.cpp:408] actor 1099614388225 switch to nullptr
I1012 16:21:57.111930 18576 thread.cpp:76] thread 524337 deconstruct actor 1099614388225
I1012 16:21:57.111984 18587 runtime_context.cpp:29] DecreaseCounter job_0_running_actor_count, current val is 419
I1012 16:21:57.112008 18587 actor.cpp:408] actor 2199023255712 switch to nullptr
I1012 16:21:57.112040 18587 thread.cpp:76] thread 1048576 deconstruct actor 2199023255712
I1012 16:21:57.112040 18537 actor.cpp:408] actor 1099511627776 switch to nullptr
I1012 16:21:57.112053 18593 runtime_context.cpp:29] DecreaseCounter job_0_running_actor_count, current val is 418
I1012 16:21:57.112061 18549 actor.cpp:408] actor 1099536793600 switch to nullptr
I1012 16:21:57.112082 18541 actor.cpp:408] actor 1099520016384 switch to nullptr
I1012 16:21:57.112200 18589 actor.cpp:411] actor 2199025352705 switch to &Actor::HandlerZombie
I1012 16:21:57.112126 18587 runtime_context.cpp:29] DecreaseCounter job_0_running_actor_count, current val is 416
I1012 16:21:57.112164 18537 thread.cpp:76] thread 524288 deconstruct actor 1099511627776
I1012 16:21:57.112085 18553 actor.cpp:408] actor 1099545182208 switch to nullptr
I1012 16:21:57.112193 18593 actor.cpp:408] actor 2207613190192 switch to nullptr
I1012 16:21:57.112200 18549 thread.cpp:76] thread 524300 deconstruct actor 1099536793600
I1012 16:21:57.112087 18545 actor.cpp:408] actor 1099528404992 switch to nullptr
I1012 16:21:57.112119 18576 runtime_context.cpp:29] DecreaseCounter job_0_running_actor_count, current val is 417
I1012 16:21:57.112241 18541 thread.cpp:76] thread 524292 deconstruct actor 1099520016384
I1012 16:21:57.112299 18587 actor.cpp:408] actor 2199023255570 switch to nullptr
I1012 16:21:57.112469 18587 thread.cpp:76] thread 1048576 deconstruct actor 2199023255570
I1012 16:21:57.112336 18553 thread.cpp:76] thread 524304 deconstruct actor 1099545182208
I1012 16:21:57.112509 18559 actor.cpp:408] actor 1099557765120 switch to nullptr
I1012 16:21:57.112584 18587 runtime_context.cpp:29] DecreaseCounter job_0_running_actor_count, current val is 415
I1012 16:21:57.112584 18563 actor.cpp:408] actor 1099566153728 switch to nullptr
I1012 16:21:57.112296 18589 actor.cpp:411] actor 2199025352704 switch to &Actor::HandlerZombie
I1012 16:21:57.112351 18593 thread.cpp:76] thread 1052672 deconstruct actor 2207613190192
I1012 16:21:57.112668 18589 actor.cpp:411] actor 2199025352706 switch to &Actor::HandlerZombie
I1012 16:21:57.112558 18560 actor.cpp:408] actor 1099559862272 switch to nullptr
I1012 16:21:57.112582 18561 actor.cpp:408] actor 1099561959424 switch to nullptr
I1012 16:21:57.112407 18545 thread.cpp:76] thread 524296 deconstruct actor 1099528404992
I1012 16:21:57.112777 18593 runtime_context.cpp:29] DecreaseCounter job_0_running_actor_count, current val is 411
I1012 16:21:57.112452 18576 actor.cpp:408] actor 1099614388224 switch to nullptr
I1012 16:21:57.112836 18593 actor.cpp:408] actor 2207613190306 switch to nullptr
I1012 16:21:57.112617 18587 actor.cpp:408] actor 2199023255692 switch to nullptr
I1012 16:21:57.112875 18587 thread.cpp:76] thread 1048576 deconstruct actor 2199023255692
I1012 16:21:57.112628 18563 thread.cpp:76] thread 524314 deconstruct actor 1099566153728
I1012 16:21:57.112673 18553 runtime_context.cpp:29] DecreaseCounter job_0_running_actor_count, current val is 412
I1012 16:21:57.112524 18562 actor.cpp:411] actor 1099564056576 switch to &Actor::HandlerZombie
I1012 16:21:57.112694 18595 actor.cpp:408] actor 2207615287300 switch to nullptr
I1012 16:21:57.112975 18545 runtime_context.cpp:29] DecreaseCounter job_0_running_actor_count, current val is 409
I1012 16:21:57.112991 18595 thread.cpp:76] thread 1052673 deconstruct actor 2207615287300
I1012 16:21:57.112746 18560 thread.cpp:76] thread 524311 deconstruct actor 1099559862272
I1012 16:21:57.112763 18561 thread.cpp:76] thread 524312 deconstruct actor 1099561959424
I1012 16:21:57.112597 18559 thread.cpp:76] thread 524310 deconstruct actor 1099557765120
I1012 16:21:57.112602 18541 runtime_context.cpp:29] DecreaseCounter job_0_running_actor_count, current val is 414
I1012 16:21:57.112848 18576 thread.cpp:76] thread 524337 deconstruct actor 1099614388224
I1012 16:21:57.113176 18560 runtime_context.cpp:29] DecreaseCounter job_0_running_actor_count, current val is 407
I1012 16:21:57.112627 18549 runtime_context.cpp:29] DecreaseCounter job_0_running_actor_count, current val is 413
I1012 16:21:57.113240 18559 runtime_context.cpp:29] DecreaseCounter job_0_running_actor_count, current val is 405
I1012 16:21:57.112946 18562 thread.cpp:76] thread 524313 deconstruct actor 1099564056576
I1012 16:21:57.113324 18576 runtime_context.cpp:29] DecreaseCounter job_0_running_actor_count, current val is 403
I1012 16:21:57.113365 18576 actor.cpp:408] actor 1099614388226 switch to nullptr
I1012 16:21:57.113384 18576 thread.cpp:76] thread 524337 deconstruct actor 1099614388226
I1012 16:21:57.112861 18593 thread.cpp:76] thread 1052672 deconstruct actor 2207613190306
I1012 16:21:57.113180 18563 runtime_context.cpp:29] DecreaseCounter job_0_running_actor_count, current val is 406
I1012 16:21:57.113471 18554 actor.cpp:408] actor 1099547279360 switch to nullptr
I1012 16:21:57.112951 18587 runtime_context.cpp:29] DecreaseCounter job_0_running_actor_count, current val is 410
I1012 16:21:57.113504 18550 actor.cpp:408] actor 1099538890752 switch to nullptr
I1012 16:21:57.113554 18587 actor.cpp:408] actor 2199023255565 switch to nullptr
I1012 16:21:57.113134 18595 runtime_context.cpp:29] DecreaseCounter job_0_running_actor_count, current val is 408
I1012 16:21:57.113585 18576 runtime_context.cpp:29] DecreaseCounter job_0_running_actor_count, current val is 400
I1012 16:21:57.113286 18561 runtime_context.cpp:29] DecreaseCounter job_0_running_actor_count, current val is 404
I1012 16:21:57.113474 18542 actor.cpp:408] actor 1099522113536 switch to nullptr
I1012 16:21:57.113497 18554 thread.cpp:76] thread 524305 deconstruct actor 1099547279360
I1012 16:21:57.113502 18546 actor.cpp:408] actor 1099530502144 switch to nullptr
I1012 16:21:57.112709 18589 actor.cpp:411] actor 2199025352707 switch to &Actor::HandlerZombie
I1012 16:21:57.113765 18543 actor.cpp:408] actor 1099524210688 switch to nullptr
I1012 16:21:57.113781 18595 actor.cpp:411] actor 2207615287296 switch to &Actor::HandlerZombie
I1012 16:21:57.113574 18587 thread.cpp:76] thread 1048576 deconstruct actor 2199023255565
I1012 16:21:57.113565 18593 runtime_context.cpp:29] DecreaseCounter job_0_running_actor_count, current val is 401
I1012 16:21:57.113811 18547 actor.cpp:408] actor 1099532599296 switch to nullptr
I1012 16:21:57.113631 18576 actor.cpp:408] actor 1099614388227 switch to nullptr
I1012 16:21:57.113692 18542 thread.cpp:76] thread 524293 deconstruct actor 1099522113536
I1012 16:21:57.113737 18539 actor.cpp:408] actor 1099515822080 switch to nullptr
I1012 16:21:57.113564 18550 thread.cpp:76] thread 524301 deconstruct actor 1099538890752
I1012 16:21:57.113776 18551 actor.cpp:408] actor 1099540987904 switch to nullptr
I1012 16:21:57.113766 18546 thread.cpp:76] thread 524297 deconstruct actor 1099530502144
I1012 16:21:57.113796 18543 thread.cpp:76] thread 524294 deconstruct actor 1099524210688
I1012 16:21:57.113446 18562 runtime_context.cpp:29] DecreaseCounter job_0_running_actor_count, current val is 402
I1012 16:21:57.113811 18555 actor.cpp:408] actor 1099549376512 switch to nullptr
I1012 16:21:57.114188 18550 runtime_context.cpp:29] DecreaseCounter job_0_running_actor_count, current val is 396
I1012 16:21:57.113867 18595 actor.cpp:411] actor 2207615287299 switch to &Actor::HandlerZombie
I1012 16:21:57.114228 18546 runtime_context.cpp:29] DecreaseCounter job_0_running_actor_count, current val is 395
I1012 16:21:57.114253 18543 runtime_context.cpp:29] DecreaseCounter job_0_running_actor_count, current val is 394
I1012 16:21:57.113921 18547 thread.cpp:76] thread 524298 deconstruct actor 1099532599296
I1012 16:21:57.113929 18554 runtime_context.cpp:29] DecreaseCounter job_0_running_actor_count, current val is 399
I1012 16:21:57.113958 18587 runtime_context.cpp:29] DecreaseCounter job_0_running_actor_count, current val is 398
I1012 16:21:57.113962 18576 thread.cpp:76] thread 524337 deconstruct actor 1099614388227
I1012 16:21:57.114365 18587 actor.cpp:408] actor 2199023255690 switch to nullptr
I1012 16:21:57.114382 18587 thread.cpp:76] thread 1048576 deconstruct actor 2199023255690
I1012 16:21:57.114015 18539 thread.cpp:76] thread 524290 deconstruct actor 1099515822080
I1012 16:21:57.114070 18551 thread.cpp:76] thread 524302 deconstruct actor 1099540987904
I1012 16:21:57.114434 18547 runtime_context.cpp:29] DecreaseCounter job_0_running_actor_count, current val is 393
I1012 16:21:57.113812 18589 actor.cpp:408] actor 2199025352709 switch to nullptr
I1012 16:21:57.113449 18538 actor.cpp:408] actor 1099513724928 switch to nullptr
I1012 16:21:57.114256 18595 actor.cpp:411] actor 2207615287298 switch to &Actor::HandlerZombie
I1012 16:21:57.114527 18576 runtime_context.cpp:29] DecreaseCounter job_0_running_actor_count, current val is 391
I1012 16:21:57.114163 18542 runtime_context.cpp:29] DecreaseCounter job_0_running_actor_count, current val is 397
I1012 16:21:57.114193 18555 thread.cpp:76] thread 524306 deconstruct actor 1099549376512
I1012 16:21:57.114471 18589 thread.cpp:76] thread 1048577 deconstruct actor 2199025352709
I1012 16:21:57.114496 18587 runtime_context.cpp:29] DecreaseCounter job_0_running_actor_count, current val is 392
I1012 16:21:57.114499 18538 thread.cpp:76] thread 524289 deconstruct actor 1099513724928
I1012 16:21:57.114643 18540 actor.cpp:408] actor 1099517919232 switch to nullptr
I1012 16:21:57.114558 18595 actor.cpp:411] actor 2207615287297 switch to &Actor::HandlerZombie
I1012 16:21:57.114567 18576 actor.cpp:408] actor 1099614388228 switch to nullptr
I1012 16:21:57.114759 18595 thread.cpp:76] thread 1052673 deconstruct actor 2207615287297
I1012 16:21:57.114645 18587 actor.cpp:408] actor 2199023255563 switch to nullptr
I1012 16:21:57.114879 18587 thread.cpp:76] thread 1048576 deconstruct actor 2199023255563
I1012 16:21:57.114710 18544 actor.cpp:408] actor 1099526307840 switch to nullptr
I1012 16:21:57.114711 18540 thread.cpp:76] thread 524291 deconstruct actor 1099517919232
I1012 16:21:57.114723 18589 runtime_context.cpp:29] DecreaseCounter job_0_running_actor_count, current val is 389
I1012 16:21:57.114989 18589 thread.cpp:76] thread 1048577 deconstruct actor 2199025352706
I1012 16:21:57.114715 18556 actor.cpp:408] actor 1099551473664 switch to nullptr
I1012 16:21:57.115018 18595 runtime_context.cpp:29] DecreaseCounter job_0_running_actor_count, current val is 387
I1012 16:21:57.113917 18593 actor.cpp:408] actor 2207613190164 switch to nullptr
I1012 16:21:57.114778 18576 thread.cpp:76] thread 524337 deconstruct actor 1099614388228
I1012 16:21:57.114796 18548 actor.cpp:408] actor 1099534696448 switch to nullptr
I1012 16:21:57.115175 18548 thread.cpp:76] thread 524299 deconstruct actor 1099534696448
I1012 16:21:57.114663 18551 runtime_context.cpp:29] DecreaseCounter job_0_running_actor_count, current val is 390
I1012 16:21:57.114954 18544 thread.cpp:76] thread 524295 deconstruct actor 1099526307840
I1012 16:21:57.115036 18556 thread.cpp:76] thread 524307 deconstruct actor 1099551473664
I1012 16:21:57.115056 18589 runtime_context.cpp:29] DecreaseCounter job_0_running_actor_count, current val is 386
I1012 16:21:57.115356 18589 thread.cpp:76] thread 1048577 deconstruct actor 2199025352705
I1012 16:21:57.114717 18552 actor.cpp:408] actor 1099543085056 switch to nullptr
I1012 16:21:57.115415 18589 runtime_context.cpp:29] DecreaseCounter job_0_running_actor_count, current val is 383
I1012 16:21:57.115058 18595 thread.cpp:76] thread 1052673 deconstruct actor 2207615287296
I1012 16:21:57.115065 18587 runtime_context.cpp:29] DecreaseCounter job_0_running_actor_count, current val is 385
I1012 16:21:57.115094 18593 thread.cpp:76] thread 1052672 deconstruct actor 2207613190164
I1012 16:21:57.114832 18555 runtime_context.cpp:29] DecreaseCounter job_0_running_actor_count, current val is 388
I1012 16:21:57.115535 18544 runtime_context.cpp:29] DecreaseCounter job_0_running_actor_count, current val is 381
I1012 16:21:57.115438 18589 thread.cpp:76] thread 1048577 deconstruct actor 2199025352704
I1012 16:21:57.115434 18552 thread.cpp:76] thread 524303 deconstruct actor 1099543085056
I1012 16:21:57.115465 18548 runtime_context.cpp:29] DecreaseCounter job_0_running_actor_count, current val is 382
I1012 16:21:57.115520 18587 actor.cpp:408] actor 2199023255686 switch to nullptr
I1012 16:21:57.115649 18593 runtime_context.cpp:29] DecreaseCounter job_0_running_actor_count, current val is 377
I1012 16:21:57.115272 18576 runtime_context.cpp:29] DecreaseCounter job_0_running_actor_count, current val is 384
I1012 16:21:57.115599 18556 runtime_context.cpp:29] DecreaseCounter job_0_running_actor_count, current val is 379
I1012 16:21:57.115620 18589 runtime_context.cpp:29] DecreaseCounter job_0_running_actor_count, current val is 378
I1012 16:21:57.115525 18595 runtime_context.cpp:29] DecreaseCounter job_0_running_actor_count, current val is 380
I1012 16:21:57.115662 18587 thread.cpp:76] thread 1048576 deconstruct actor 2199023255686
I1012 16:21:57.115697 18593 actor.cpp:408] actor 2207613190304 switch to nullptr
I1012 16:21:57.115720 18576 actor.cpp:411] actor 1099614388254 switch to &Actor::HandlerZombie
I1012 16:21:57.115725 18552 runtime_context.cpp:29] DecreaseCounter job_0_running_actor_count, current val is 376
I1012 16:21:57.115764 18589 thread.cpp:76] thread 1048577 deconstruct actor 2199025352707
I1012 16:21:57.115790 18595 thread.cpp:76] thread 1052673 deconstruct actor 2207615287298
I1012 16:21:57.115840 18593 thread.cpp:76] thread 1052672 deconstruct actor 2207613190304
I1012 16:21:57.115937 18587 runtime_context.cpp:29] DecreaseCounter job_0_running_actor_count, current val is 375
I1012 16:21:57.115952 18566 actor.cpp:408] actor 1099572445184 switch to nullptr
I1012 16:21:57.115948 18589 runtime_context.cpp:29] DecreaseCounter job_0_running_actor_count, current val is 374
I1012 16:21:57.115942 18564 actor.cpp:408] actor 1099568250880 switch to nullptr
I1012 16:21:57.115888 18576 actor.cpp:408] actor 1099614388249 switch to nullptr
I1012 16:21:57.115937 18565 actor.cpp:408] actor 1099570348032 switch to nullptr
I1012 16:21:57.115978 18595 runtime_context.cpp:29] DecreaseCounter job_0_running_actor_count, current val is 373
I1012 16:21:57.115985 18587 actor.cpp:408] actor 2199023255559 switch to nullptr
I1012 16:21:57.116022 18566 thread.cpp:76] thread 524317 deconstruct actor 1099572445184
I1012 16:21:57.116065 18593 runtime_context.cpp:29] DecreaseCounter job_0_running_actor_count, current val is 372
I1012 16:21:57.116111 18564 thread.cpp:76] thread 524315 deconstruct actor 1099568250880
I1012 16:21:57.116288 18593 actor.cpp:408] actor 2207613190162 switch to nullptr
I1012 16:21:57.116178 18565 thread.cpp:76] thread 524316 deconstruct actor 1099570348032
I1012 16:21:57.116201 18595 thread.cpp:76] thread 1052673 deconstruct actor 2207615287299
I1012 16:21:57.116227 18587 thread.cpp:76] thread 1048576 deconstruct actor 2199023255559
I1012 16:21:57.116139 18576 thread.cpp:76] thread 524337 deconstruct actor 1099614388249
I1012 16:21:57.116313 18593 thread.cpp:76] thread 1052672 deconstruct actor 2207613190162
I1012 16:21:57.116336 18566 runtime_context.cpp:29] DecreaseCounter job_1_running_actor_count, current val is 86
I1012 16:21:57.116443 18595 runtime_context.cpp:29] DecreaseCounter job_0_running_actor_count, current val is 371
I1012 16:21:57.116473 18565 runtime_context.cpp:29] DecreaseCounter job_1_running_actor_count, current val is 85
I1012 16:21:57.116510 18564 runtime_context.cpp:29] DecreaseCounter job_1_running_actor_count, current val is 84
I1012 16:21:57.116516 18587 runtime_context.cpp:29] DecreaseCounter job_0_running_actor_count, current val is 370
I1012 16:21:57.116546 18593 runtime_context.cpp:29] DecreaseCounter job_0_running_actor_count, current val is 369
I1012 16:21:57.116595 18587 actor.cpp:408] actor 2199023255694 switch to nullptr
I1012 16:21:57.116557 18576 runtime_context.cpp:29] DecreaseCounter job_1_running_actor_count, current val is 83
I1012 16:21:57.116619 18587 thread.cpp:76] thread 1048576 deconstruct actor 2199023255694
I1012 16:21:57.116619 18593 actor.cpp:408] actor 2207613190284 switch to nullptr
I1012 16:21:57.116652 18576 actor.cpp:411] actor 1099614388263 switch to &Actor::HandlerZombie
I1012 16:21:57.116693 18593 thread.cpp:76] thread 1052672 deconstruct actor 2207613190284
I1012 16:21:57.116725 18576 actor.cpp:408] actor 1099614388258 switch to nullptr
I1012 16:21:57.116742 18576 thread.cpp:76] thread 524337 deconstruct actor 1099614388258
I1012 16:21:57.116780 18587 runtime_context.cpp:29] DecreaseCounter job_0_running_actor_count, current val is 368
I1012 16:21:57.116819 18567 actor.cpp:408] actor 1099574542336 switch to nullptr
I1012 16:21:57.116855 18569 actor.cpp:411] actor 1099578736640 switch to &Actor::HandlerZombie
I1012 16:21:57.116835 18587 actor.cpp:408] actor 2199023255598 switch to nullptr
I1012 16:21:57.116838 18568 actor.cpp:408] actor 1099576639488 switch to nullptr
I1012 16:21:57.116840 18589 actor.cpp:408] actor 2199025352710 switch to nullptr
I1012 16:21:57.116829 18595 actor.cpp:408] actor 2207615287301 switch to nullptr
I1012 16:21:57.116852 18593 runtime_context.cpp:29] DecreaseCounter job_0_running_actor_count, current val is 367
I1012 16:21:57.116869 18567 thread.cpp:76] thread 524318 deconstruct actor 1099574542336
I1012 16:21:57.117105 18593 actor.cpp:408] actor 2207613190157 switch to nullptr
I1012 16:21:57.116958 18569 thread.cpp:76] thread 524320 deconstruct actor 1099578736640
I1012 16:21:57.116986 18587 thread.cpp:76] thread 1048576 deconstruct actor 2199023255598
I1012 16:21:57.117027 18568 thread.cpp:76] thread 524319 deconstruct actor 1099576639488
I1012 16:21:57.117048 18589 thread.cpp:76] thread 1048577 deconstruct actor 2199025352710
I1012 16:21:57.117063 18595 thread.cpp:76] thread 1052673 deconstruct actor 2207615287301
I1012 16:21:57.116901 18576 runtime_context.cpp:29] DecreaseCounter job_2_running_actor_count, current val is 88
I1012 16:21:57.117130 18593 thread.cpp:76] thread 1052672 deconstruct actor 2207613190157
I1012 16:21:57.117230 18569 runtime_context.cpp:29] DecreaseCounter job_2_running_actor_count, current val is 87
I1012 16:21:57.117319 18567 runtime_context.cpp:29] DecreaseCounter job_2_running_actor_count, current val is 84
I1012 16:21:57.117285 18576 actor.cpp:411] actor 1099614388272 switch to &Actor::HandlerZombie
I1012 16:21:57.117298 18587 runtime_context.cpp:29] DecreaseCounter job_0_running_actor_count, current val is 366
