I1012 14:25:24.181793 35467 naive_actor.cpp:25] actor 2207613190415 switch to &NaiveActor::HandlerNormal
I1012 14:25:24.181835 35467 thread.cpp:96] Thread 1052672 construct Actor kNormalForward 2207613190415
I1012 14:25:24.181874 35467 runtime_context.cpp:29] DecreaseCounter constructing_actor_cnt, current val is 36
I1012 14:25:24.182098 35467 naive_actor.cpp:25] actor 2207613190422 switch to &NaiveActor::HandlerNormal
I1012 14:25:24.182122 35467 thread.cpp:96] Thread 1052672 construct Actor kNormalForward 2207613190422
I1012 14:25:24.182157 35467 runtime_context.cpp:29] DecreaseCounter constructing_actor_cnt, current val is 35
I1012 14:25:24.182353 35467 naive_actor.cpp:25] actor 2207613190417 switch to &NaiveActor::HandlerNormal
I1012 14:25:24.182374 35467 thread.cpp:96] Thread 1052672 construct Actor kNormalForward 2207613190417
I1012 14:25:24.182406 35467 runtime_context.cpp:29] DecreaseCounter constructing_actor_cnt, current val is 34
I1012 14:25:24.182610 35467 naive_actor.cpp:25] actor 2207613190418 switch to &NaiveActor::HandlerNormal
I1012 14:25:24.182631 35467 thread.cpp:96] Thread 1052672 construct Actor kNormalForward 2207613190418
I1012 14:25:24.182662 35467 runtime_context.cpp:29] DecreaseCounter constructing_actor_cnt, current val is 33
I1012 14:25:24.182855 35467 naive_actor.cpp:25] actor 2207613190438 switch to &NaiveActor::HandlerNormal
I1012 14:25:24.182876 35467 thread.cpp:96] Thread 1052672 construct Actor kNormalForward 2207613190438
I1012 14:25:24.182909 35467 runtime_context.cpp:29] DecreaseCounter constructing_actor_cnt, current val is 32
I1012 14:25:24.183105 35467 naive_actor.cpp:25] actor 2207613190423 switch to &NaiveActor::HandlerNormal
I1012 14:25:24.183125 35467 thread.cpp:96] Thread 1052672 construct Actor kNormalForward 2207613190423
I1012 14:25:24.183158 35467 runtime_context.cpp:29] DecreaseCounter constructing_actor_cnt, current val is 31
I1012 14:25:24.183358 35467 naive_actor.cpp:25] actor 2207613190440 switch to &NaiveActor::HandlerNormal
I1012 14:25:24.183379 35467 thread.cpp:96] Thread 1052672 construct Actor kNormalForward 2207613190440
I1012 14:25:24.183413 35467 runtime_context.cpp:29] DecreaseCounter constructing_actor_cnt, current val is 30
I1012 14:25:24.183617 35467 naive_actor.cpp:25] actor 2207613190424 switch to &NaiveActor::HandlerNormal
I1012 14:25:24.183638 35467 thread.cpp:96] Thread 1052672 construct Actor kNormalForward 2207613190424
I1012 14:25:24.183670 35467 runtime_context.cpp:29] DecreaseCounter constructing_actor_cnt, current val is 29
I1012 14:25:24.183912 35467 naive_actor.cpp:25] actor 2207613190425 switch to &NaiveActor::HandlerNormal
I1012 14:25:24.183933 35467 thread.cpp:96] Thread 1052672 construct Actor kNormalForward 2207613190425
I1012 14:25:24.183966 35467 runtime_context.cpp:29] DecreaseCounter constructing_actor_cnt, current val is 28
I1012 14:25:24.184166 35467 naive_actor.cpp:25] actor 2207613190419 switch to &NaiveActor::HandlerNormal
I1012 14:25:24.184187 35467 thread.cpp:96] Thread 1052672 construct Actor kNormalForward 2207613190419
I1012 14:25:24.184221 35467 runtime_context.cpp:29] DecreaseCounter constructing_actor_cnt, current val is 27
I1012 14:25:24.184414 35467 naive_actor.cpp:25] actor 2207613190443 switch to &NaiveActor::HandlerNormal
I1012 14:25:24.184442 35467 thread.cpp:96] Thread 1052672 construct Actor kNormalForward 2207613190443
I1012 14:25:24.184475 35467 runtime_context.cpp:29] DecreaseCounter constructing_actor_cnt, current val is 26
I1012 14:25:24.184670 35467 naive_actor.cpp:25] actor 2207613190426 switch to &NaiveActor::HandlerNormal
I1012 14:25:24.184691 35467 thread.cpp:96] Thread 1052672 construct Actor kNormalForward 2207613190426
I1012 14:25:24.184723 35467 runtime_context.cpp:29] DecreaseCounter constructing_actor_cnt, current val is 25
I1012 14:25:24.184923 35467 naive_actor.cpp:25] actor 2207613190429 switch to &NaiveActor::HandlerNormal
I1012 14:25:24.184944 35467 thread.cpp:96] Thread 1052672 construct Actor kNormalForward 2207613190429
I1012 14:25:24.184976 35467 runtime_context.cpp:29] DecreaseCounter constructing_actor_cnt, current val is 24
I1012 14:25:24.185174 35467 naive_actor.cpp:25] actor 2207613190434 switch to &NaiveActor::HandlerNormal
I1012 14:25:24.185217 35467 thread.cpp:96] Thread 1052672 construct Actor kNormalForward 2207613190434
I1012 14:25:24.185254 35467 runtime_context.cpp:29] DecreaseCounter constructing_actor_cnt, current val is 23
I1012 14:25:24.185487 35467 naive_actor.cpp:25] actor 2207613190428 switch to &NaiveActor::HandlerNormal
I1012 14:25:24.185511 35467 thread.cpp:96] Thread 1052672 construct Actor kNormalForward 2207613190428
I1012 14:25:24.185544 35467 runtime_context.cpp:29] DecreaseCounter constructing_actor_cnt, current val is 22
I1012 14:25:24.185734 35467 naive_actor.cpp:25] actor 2207613190433 switch to &NaiveActor::HandlerNormal
I1012 14:25:24.185755 35467 thread.cpp:96] Thread 1052672 construct Actor kNormalForward 2207613190433
I1012 14:25:24.185786 35467 runtime_context.cpp:29] DecreaseCounter constructing_actor_cnt, current val is 21
I1012 14:25:24.185977 35467 naive_actor.cpp:25] actor 2207613190430 switch to &NaiveActor::HandlerNormal
I1012 14:25:24.185998 35467 thread.cpp:96] Thread 1052672 construct Actor kNormalForward 2207613190430
I1012 14:25:24.186030 35467 runtime_context.cpp:29] DecreaseCounter constructing_actor_cnt, current val is 20
I1012 14:25:24.186223 35467 naive_actor.cpp:25] actor 2207613190436 switch to &NaiveActor::HandlerNormal
I1012 14:25:24.186244 35467 thread.cpp:96] Thread 1052672 construct Actor kNormalForward 2207613190436
I1012 14:25:24.186276 35467 runtime_context.cpp:29] DecreaseCounter constructing_actor_cnt, current val is 19
I1012 14:25:24.186480 35467 naive_actor.cpp:25] actor 2207613190431 switch to &NaiveActor::HandlerNormal
I1012 14:25:24.186501 35467 thread.cpp:96] Thread 1052672 construct Actor kNormalForward 2207613190431
I1012 14:25:24.186534 35467 runtime_context.cpp:29] DecreaseCounter constructing_actor_cnt, current val is 18
I1012 14:25:24.186726 35467 naive_actor.cpp:25] actor 2207613190432 switch to &NaiveActor::HandlerNormal
I1012 14:25:24.186748 35467 thread.cpp:96] Thread 1052672 construct Actor kNormalForward 2207613190432
I1012 14:25:24.186780 35467 runtime_context.cpp:29] DecreaseCounter constructing_actor_cnt, current val is 17
I1012 14:25:24.186972 35467 naive_actor.cpp:25] actor 2207613190435 switch to &NaiveActor::HandlerNormal
I1012 14:25:24.186992 35467 thread.cpp:96] Thread 1052672 construct Actor kNormalForward 2207613190435
I1012 14:25:24.187024 35467 runtime_context.cpp:29] DecreaseCounter constructing_actor_cnt, current val is 16
I1012 14:25:24.187216 35467 naive_actor.cpp:25] actor 2207613190449 switch to &NaiveActor::HandlerNormal
I1012 14:25:24.187237 35467 thread.cpp:96] Thread 1052672 construct Actor kNormalForward 2207613190449
I1012 14:25:24.187268 35467 runtime_context.cpp:29] DecreaseCounter constructing_actor_cnt, current val is 15
I1012 14:25:24.187467 35467 naive_actor.cpp:25] actor 2207613190441 switch to &NaiveActor::HandlerNormal
I1012 14:25:24.187487 35467 thread.cpp:96] Thread 1052672 construct Actor kNormalForward 2207613190441
I1012 14:25:24.187520 35467 runtime_context.cpp:29] DecreaseCounter constructing_actor_cnt, current val is 14
I1012 14:25:24.187713 35467 naive_actor.cpp:25] actor 2207613190437 switch to &NaiveActor::HandlerNormal
I1012 14:25:24.187734 35467 thread.cpp:96] Thread 1052672 construct Actor kNormalForward 2207613190437
I1012 14:25:24.187767 35467 runtime_context.cpp:29] DecreaseCounter constructing_actor_cnt, current val is 13
I1012 14:25:24.187966 35467 naive_actor.cpp:25] actor 2207613190421 switch to &NaiveActor::HandlerNormal
I1012 14:25:24.187986 35467 thread.cpp:96] Thread 1052672 construct Actor kNormalForward 2207613190421
I1012 14:25:24.188019 35467 runtime_context.cpp:29] DecreaseCounter constructing_actor_cnt, current val is 12
I1012 14:25:24.188210 35467 naive_actor.cpp:25] actor 2207613190444 switch to &NaiveActor::HandlerNormal
I1012 14:25:24.188230 35467 thread.cpp:96] Thread 1052672 construct Actor kNormalForward 2207613190444
I1012 14:25:24.188263 35467 runtime_context.cpp:29] DecreaseCounter constructing_actor_cnt, current val is 11
I1012 14:25:24.188460 35467 naive_actor.cpp:25] actor 2207613190446 switch to &NaiveActor::HandlerNormal
I1012 14:25:24.188501 35467 thread.cpp:96] Thread 1052672 construct Actor kNormalForward 2207613190446
I1012 14:25:24.188539 35467 runtime_context.cpp:29] DecreaseCounter constructing_actor_cnt, current val is 10
I1012 14:25:24.188752 35467 naive_actor.cpp:25] actor 2207613190420 switch to &NaiveActor::HandlerNormal
I1012 14:25:24.188776 35467 thread.cpp:96] Thread 1052672 construct Actor kNormalForward 2207613190420
I1012 14:25:24.188809 35467 runtime_context.cpp:29] DecreaseCounter constructing_actor_cnt, current val is 9
I1012 14:25:24.189005 35467 naive_actor.cpp:25] actor 2207613190445 switch to &NaiveActor::HandlerNormal
I1012 14:25:24.189026 35467 thread.cpp:96] Thread 1052672 construct Actor kNormalForward 2207613190445
I1012 14:25:24.189059 35467 runtime_context.cpp:29] DecreaseCounter constructing_actor_cnt, current val is 8
I1012 14:25:24.189251 35467 naive_actor.cpp:25] actor 2207613190448 switch to &NaiveActor::HandlerNormal
I1012 14:25:24.189271 35467 thread.cpp:96] Thread 1052672 construct Actor kNormalForward 2207613190448
I1012 14:25:24.189304 35467 runtime_context.cpp:29] DecreaseCounter constructing_actor_cnt, current val is 7
I1012 14:25:24.189513 35467 naive_actor.cpp:25] actor 2207613190442 switch to &NaiveActor::HandlerNormal
I1012 14:25:24.189534 35467 thread.cpp:96] Thread 1052672 construct Actor kNormalForward 2207613190442
I1012 14:25:24.189566 35467 runtime_context.cpp:29] DecreaseCounter constructing_actor_cnt, current val is 6
I1012 14:25:24.189759 35467 naive_actor.cpp:25] actor 2207613190427 switch to &NaiveActor::HandlerNormal
I1012 14:25:24.189780 35467 thread.cpp:96] Thread 1052672 construct Actor kNormalForward 2207613190427
I1012 14:25:24.189812 35467 runtime_context.cpp:29] DecreaseCounter constructing_actor_cnt, current val is 5
I1012 14:25:24.189999 35467 naive_actor.cpp:25] actor 2207613190452 switch to &NaiveActor::HandlerNormal
I1012 14:25:24.190019 35467 thread.cpp:96] Thread 1052672 construct Actor kDeviceTick 2207613190452
I1012 14:25:24.190052 35467 runtime_context.cpp:29] DecreaseCounter constructing_actor_cnt, current val is 4
I1012 14:25:24.191502 35467 naive_actor.cpp:25] actor 2207613190451 switch to &NaiveActor::HandlerNormal
I1012 14:25:24.191526 35467 thread.cpp:96] Thread 1052672 construct Actor kNormalForward 2207613190451
I1012 14:25:24.191624 35467 runtime_context.cpp:29] DecreaseCounter constructing_actor_cnt, current val is 3
I1012 14:25:24.191843 35467 naive_actor.cpp:25] actor 2207613190439 switch to &NaiveActor::HandlerNormal
I1012 14:25:24.191864 35467 thread.cpp:96] Thread 1052672 construct Actor kNormalForward 2207613190439
I1012 14:25:24.191900 35467 runtime_context.cpp:29] DecreaseCounter constructing_actor_cnt, current val is 2
I1012 14:25:24.192103 35467 naive_actor.cpp:25] actor 2207613190447 switch to &NaiveActor::HandlerNormal
I1012 14:25:24.192124 35467 thread.cpp:96] Thread 1052672 construct Actor kNormalForward 2207613190447
I1012 14:25:24.192158 35467 runtime_context.cpp:29] DecreaseCounter constructing_actor_cnt, current val is 1
I1012 14:25:24.192354 35467 naive_actor.cpp:25] actor 2207613190450 switch to &NaiveActor::HandlerNormal
I1012 14:25:24.192375 35467 thread.cpp:96] Thread 1052672 construct Actor kNormalForward 2207613190450
I1012 14:25:24.192412 35467 runtime_context.cpp:29] DecreaseCounter constructing_actor_cnt, current val is 0
I1012 14:25:24.193738 34861 runtime.cpp:93] Actors on this machine constructed
I1012 14:25:24.193794 34861 runtime.cpp:95] Actors on every machine constructed
I1012 14:25:24.193825 34861 runtime_context.cpp:21] NewCounter job_5_running_actor_count 41
I1012 14:25:24.193845 34861 runtime_context.cpp:21] NewCounter job_4_running_actor_count 22
I1012 14:25:24.193862 34861 runtime_context.cpp:21] NewCounter job_3_running_actor_count 91
I1012 14:25:24.193881 34861 runtime_context.cpp:21] NewCounter job_2_running_actor_count 91
I1012 14:25:24.193897 34861 runtime_context.cpp:21] NewCounter job_0_running_actor_count 447
I1012 14:25:24.193912 34861 runtime_context.cpp:21] NewCounter job_1_running_actor_count 89
I1012 14:25:24.194013 35458 wait_and_send_ids_actor.cpp:73] actor 1099616485376 switch to &WaitAndSendIdsActor::HandlerNormal
I1012 14:25:24.194216 34861 global.h:36] NewGlobal N7oneflow7JobDescE
I1012 14:25:24.235993 34861 global.h:43] DeleteGlobal N7oneflow7JobDescE
I1012 14:25:24.757719 35467 local.cpp:114] waiting for key: eager_nccl_unique_id_rpc_key,0:0,0:1
I1012 14:25:24.764099 35467 eager_nccl_comm_manager.cpp:69]  EagerNcclCommMgr::ncclCommInitRank device_vec.size() = 2, nccl_unique_id = 0200ffffffee250b0b010e000000000000000000000000000000000000000000000000000000000000000000000000000000000000000000000000000000000000000000000000000000000000000000000000000000000000000000000000000000000000000000000000000000000000000000000000000000000000000000000000, rank = 1, key = {eager_nccl_unique_id_rpc_key,0:0,0:1}
I1012 14:25:24.764073 35461 eager_nccl_comm_manager.cpp:69]  EagerNcclCommMgr::ncclCommInitRank device_vec.size() = 2, nccl_unique_id = 0200ffffffee250b0b010e000000000000000000000000000000000000000000000000000000000000000000000000000000000000000000000000000000000000000000000000000000000000000000000000000000000000000000000000000000000000000000000000000000000000000000000000000000000000000000000000, rank = 0, key = {eager_nccl_unique_id_rpc_key,0:0,0:1}
I1012 14:25:54.193200 34861 global.h:43] DeleteGlobal N7oneflow7OneflowE
I1012 14:25:54.193677 35458 actor.cpp:411] actor 1099616485376 switch to &Actor::HandlerZombie
I1012 14:25:54.193776 35458 thread.cpp:76] thread 524338 deconstruct actor 1099616485376
I1012 14:25:54.193779 35457 actor.cpp:411] actor 1099614388296 switch to &Actor::HandlerZombie
I1012 14:25:54.194021 35457 actor.cpp:408] actor 1099614388297 switch to nullptr
I1012 14:25:54.194039 35457 thread.cpp:76] thread 524337 deconstruct actor 1099614388297
I1012 14:25:54.194160 35458 runtime_context.cpp:29] DecreaseCounter job_5_running_actor_count, current val is 40
I1012 14:25:54.194612 35457 runtime_context.cpp:29] DecreaseCounter job_5_running_actor_count, current val is 39
I1012 14:25:54.194653 35457 actor.cpp:408] actor 1099614388322 switch to nullptr
I1012 14:25:54.194670 35457 thread.cpp:76] thread 524337 deconstruct actor 1099614388322
I1012 14:25:54.194845 35457 runtime_context.cpp:29] DecreaseCounter job_5_running_actor_count, current val is 38
I1012 14:25:54.194876 35457 actor.cpp:408] actor 1099614388302 switch to nullptr
I1012 14:25:54.194892 35457 thread.cpp:76] thread 524337 deconstruct actor 1099614388302
I1012 14:25:54.195046 35457 runtime_context.cpp:29] DecreaseCounter job_5_running_actor_count, current val is 37
I1012 14:25:54.195072 35457 actor.cpp:408] actor 1099614388298 switch to nullptr
I1012 14:25:54.195088 35457 thread.cpp:76] thread 524337 deconstruct actor 1099614388298
I1012 14:25:54.195259 35457 runtime_context.cpp:29] DecreaseCounter job_5_running_actor_count, current val is 36
I1012 14:25:54.195287 35457 actor.cpp:408] actor 1099614388306 switch to nullptr
I1012 14:25:54.195302 35457 thread.cpp:76] thread 524337 deconstruct actor 1099614388306
I1012 14:25:54.195472 35457 runtime_context.cpp:29] DecreaseCounter job_5_running_actor_count, current val is 35
I1012 14:25:54.195502 35457 actor.cpp:408] actor 1099614388310 switch to nullptr
I1012 14:25:54.195516 35457 thread.cpp:76] thread 524337 deconstruct actor 1099614388310
I1012 14:25:54.195699 35457 runtime_context.cpp:29] DecreaseCounter job_5_running_actor_count, current val is 34
I1012 14:25:54.195729 35457 actor.cpp:408] actor 1099614388314 switch to nullptr
I1012 14:25:54.195744 35457 thread.cpp:76] thread 524337 deconstruct actor 1099614388314
I1012 14:25:54.195894 35457 runtime_context.cpp:29] DecreaseCounter job_5_running_actor_count, current val is 33
I1012 14:25:54.195920 35457 actor.cpp:408] actor 1099614388318 switch to nullptr
I1012 14:25:54.195935 35457 thread.cpp:76] thread 524337 deconstruct actor 1099614388318
I1012 14:25:54.196094 35457 runtime_context.cpp:29] DecreaseCounter job_5_running_actor_count, current val is 32
I1012 14:25:54.196182 35457 actor.cpp:408] actor 1099614388323 switch to nullptr
I1012 14:25:54.196215 35457 thread.cpp:76] thread 524337 deconstruct actor 1099614388323
I1012 14:25:54.196383 35457 runtime_context.cpp:29] DecreaseCounter job_5_running_actor_count, current val is 31
I1012 14:25:54.196445 35457 actor.cpp:408] actor 1099614388303 switch to nullptr
I1012 14:25:54.196466 35457 thread.cpp:76] thread 524337 deconstruct actor 1099614388303
I1012 14:25:54.196640 35457 runtime_context.cpp:29] DecreaseCounter job_5_running_actor_count, current val is 30
I1012 14:25:54.196671 35457 actor.cpp:408] actor 1099614388299 switch to nullptr
I1012 14:25:54.196686 35457 thread.cpp:76] thread 524337 deconstruct actor 1099614388299
I1012 14:25:54.196847 35457 runtime_context.cpp:29] DecreaseCounter job_5_running_actor_count, current val is 29
I1012 14:25:54.196875 35457 actor.cpp:408] actor 1099614388307 switch to nullptr
I1012 14:25:54.196890 35457 thread.cpp:76] thread 524337 deconstruct actor 1099614388307
I1012 14:25:54.197039 35457 runtime_context.cpp:29] DecreaseCounter job_5_running_actor_count, current val is 28
I1012 14:25:54.197065 35457 actor.cpp:408] actor 1099614388311 switch to nullptr
I1012 14:25:54.197082 35457 thread.cpp:76] thread 524337 deconstruct actor 1099614388311
I1012 14:25:54.197242 35457 runtime_context.cpp:29] DecreaseCounter job_5_running_actor_count, current val is 27
I1012 14:25:54.197265 35457 actor.cpp:408] actor 1099614388315 switch to nullptr
I1012 14:25:54.197280 35457 thread.cpp:76] thread 524337 deconstruct actor 1099614388315
I1012 14:25:54.197441 35457 runtime_context.cpp:29] DecreaseCounter job_5_running_actor_count, current val is 26
I1012 14:25:54.197469 35457 actor.cpp:408] actor 1099614388319 switch to nullptr
I1012 14:25:54.197484 35457 thread.cpp:76] thread 524337 deconstruct actor 1099614388319
I1012 14:25:54.197631 35457 runtime_context.cpp:29] DecreaseCounter job_5_running_actor_count, current val is 25
I1012 14:25:54.197659 35457 actor.cpp:408] actor 1099614388292 switch to nullptr
I1012 14:25:54.197674 35457 thread.cpp:76] thread 524337 deconstruct actor 1099614388292
I1012 14:25:54.197830 35457 runtime_context.cpp:29] DecreaseCounter job_4_running_actor_count, current val is 21
I1012 14:25:54.197856 35457 actor.cpp:408] actor 1099614388244 switch to nullptr
I1012 14:25:54.197871 35457 thread.cpp:76] thread 524337 deconstruct actor 1099614388244
I1012 14:25:54.198038 35457 runtime_context.cpp:29] DecreaseCounter job_0_running_actor_count, current val is 446
I1012 14:25:54.198063 35457 actor.cpp:408] actor 1099614388234 switch to nullptr
I1012 14:25:54.198079 35457 thread.cpp:76] thread 524337 deconstruct actor 1099614388234
I1012 14:25:54.198241 35457 runtime_context.cpp:29] DecreaseCounter job_0_running_actor_count, current val is 445
I1012 14:25:54.198268 35457 actor.cpp:408] actor 1099614388253 switch to nullptr
I1012 14:25:54.198284 35457 thread.cpp:76] thread 524337 deconstruct actor 1099614388253
I1012 14:25:54.198452 35457 runtime_context.cpp:29] DecreaseCounter job_1_running_actor_count, current val is 88
I1012 14:25:54.198482 35457 actor.cpp:408] actor 1099614388262 switch to nullptr
I1012 14:25:54.198498 35457 thread.cpp:76] thread 524337 deconstruct actor 1099614388262
I1012 14:25:54.198660 35457 runtime_context.cpp:29] DecreaseCounter job_2_running_actor_count, current val is 90
I1012 14:25:54.198688 35457 actor.cpp:408] actor 1099614388271 switch to nullptr
I1012 14:25:54.198704 35457 thread.cpp:76] thread 524337 deconstruct actor 1099614388271
I1012 14:25:54.198863 35457 runtime_context.cpp:29] DecreaseCounter job_3_running_actor_count, current val is 90
I1012 14:25:54.198887 35457 actor.cpp:408] actor 1099614388280 switch to nullptr
I1012 14:25:54.198902 35457 thread.cpp:76] thread 524337 deconstruct actor 1099614388280
I1012 14:25:54.199055 35457 runtime_context.cpp:29] DecreaseCounter job_4_running_actor_count, current val is 20
I1012 14:25:54.199082 35457 actor.cpp:408] actor 1099614388290 switch to nullptr
I1012 14:25:54.199097 35457 thread.cpp:76] thread 524337 deconstruct actor 1099614388290
I1012 14:25:54.199288 35457 runtime_context.cpp:29] DecreaseCounter job_4_running_actor_count, current val is 19
I1012 14:25:54.199342 35457 actor.cpp:408] actor 1099614388242 switch to nullptr
I1012 14:25:54.199360 35457 thread.cpp:76] thread 524337 deconstruct actor 1099614388242
I1012 14:25:54.199560 35457 runtime_context.cpp:29] DecreaseCounter job_0_running_actor_count, current val is 444
I1012 14:25:54.199615 35457 actor.cpp:408] actor 1099614388229 switch to nullptr
I1012 14:25:54.199632 35457 thread.cpp:76] thread 524337 deconstruct actor 1099614388229
I1012 14:25:54.199740 35461 actor.cpp:408] actor 2199023255721 switch to nullptr
I1012 14:25:54.199770 35467 actor.cpp:408] actor 2207613190313 switch to nullptr
I1012 14:25:54.199823 35457 runtime_context.cpp:29] DecreaseCounter job_0_running_actor_count, current val is 443
I1012 14:25:54.199791 35461 thread.cpp:76] thread 1048576 deconstruct actor 2199023255721
I1012 14:25:54.199831 35467 thread.cpp:76] thread 1052672 deconstruct actor 2207613190313
I1012 14:25:54.199860 35457 actor.cpp:408] actor 1099614388250 switch to nullptr
I1012 14:25:54.199939 35457 thread.cpp:76] thread 524337 deconstruct actor 1099614388250
I1012 14:25:54.200081 35461 runtime_context.cpp:29] DecreaseCounter job_0_running_actor_count, current val is 442
I1012 14:25:54.200131 35457 runtime_context.cpp:29] DecreaseCounter job_1_running_actor_count, current val is 87
I1012 14:25:54.200146 35467 runtime_context.cpp:29] DecreaseCounter job_0_running_actor_count, current val is 441
I1012 14:25:54.200142 35461 actor.cpp:408] actor 2199023255718 switch to nullptr
I1012 14:25:54.200170 35457 actor.cpp:408] actor 1099614388259 switch to nullptr
I1012 14:25:54.200214 35467 actor.cpp:408] actor 2207613190310 switch to nullptr
I1012 14:25:54.200214 35461 thread.cpp:76] thread 1048576 deconstruct actor 2199023255718
I1012 14:25:54.200232 35457 thread.cpp:76] thread 524337 deconstruct actor 1099614388259
I1012 14:25:54.200258 35467 thread.cpp:76] thread 1052672 deconstruct actor 2207613190310
I1012 14:25:54.200469 35457 runtime_context.cpp:29] DecreaseCounter job_2_running_actor_count, current val is 89
I1012 14:25:54.200486 35467 runtime_context.cpp:29] DecreaseCounter job_0_running_actor_count, current val is 440
I1012 14:25:54.200491 35461 runtime_context.cpp:29] DecreaseCounter job_0_running_actor_count, current val is 439
I1012 14:25:54.200538 35467 actor.cpp:408] actor 2207613190302 switch to nullptr
I1012 14:25:54.200563 35467 thread.cpp:76] thread 1052672 deconstruct actor 2207613190302
I1012 14:25:54.200569 35461 actor.cpp:408] actor 2199023255710 switch to nullptr
I1012 14:25:54.200502 35457 actor.cpp:408] actor 1099614388268 switch to nullptr
I1012 14:25:54.200598 35461 thread.cpp:76] thread 1048576 deconstruct actor 2199023255710
I1012 14:25:54.200623 35457 thread.cpp:76] thread 524337 deconstruct actor 1099614388268
I1012 14:25:54.200716 35467 runtime_context.cpp:29] DecreaseCounter job_0_running_actor_count, current val is 438
I1012 14:25:54.200759 35467 actor.cpp:408] actor 2207613190300 switch to nullptr
I1012 14:25:54.200760 35461 runtime_context.cpp:29] DecreaseCounter job_0_running_actor_count, current val is 437
I1012 14:25:54.200783 35467 thread.cpp:76] thread 1052672 deconstruct actor 2207613190300
I1012 14:25:54.200827 35461 actor.cpp:408] actor 2199023255708 switch to nullptr
I1012 14:25:54.200817 35457 runtime_context.cpp:29] DecreaseCounter job_3_running_actor_count, current val is 89
I1012 14:25:54.200855 35461 thread.cpp:76] thread 1048576 deconstruct actor 2199023255708
I1012 14:25:54.200883 35457 actor.cpp:408] actor 1099614388277 switch to nullptr
I1012 14:25:54.200912 35457 thread.cpp:76] thread 524337 deconstruct actor 1099614388277
I1012 14:25:54.200976 35467 runtime_context.cpp:29] DecreaseCounter job_0_running_actor_count, current val is 436
I1012 14:25:54.201001 35461 runtime_context.cpp:29] DecreaseCounter job_0_running_actor_count, current val is 435
I1012 14:25:54.201022 35467 actor.cpp:408] actor 2207613190292 switch to nullptr
I1012 14:25:54.201094 35457 runtime_context.cpp:29] DecreaseCounter job_4_running_actor_count, current val is 18
I1012 14:25:54.201043 35461 actor.cpp:408] actor 2199023255700 switch to nullptr
I1012 14:25:54.201151 35461 thread.cpp:76] thread 1048576 deconstruct actor 2199023255700
I1012 14:25:54.201102 35467 thread.cpp:76] thread 1052672 deconstruct actor 2207613190292
I1012 14:25:54.201136 35457 actor.cpp:411] actor 1099614388293 switch to &Actor::HandlerZombie
I1012 14:25:54.201242 35457 actor.cpp:408] actor 1099614388288 switch to nullptr
I1012 14:25:54.201258 35457 thread.cpp:76] thread 524337 deconstruct actor 1099614388288
I1012 14:25:54.201278 35461 runtime_context.cpp:29] DecreaseCounter job_0_running_actor_count, current val is 434
I1012 14:25:54.201297 35456 actor.cpp:411] actor 1099591319552 switch to &Actor::HandlerZombie
I1012 14:25:54.201318 35461 actor.cpp:408] actor 2199023255698 switch to nullptr
I1012 14:25:54.201349 35467 runtime_context.cpp:29] DecreaseCounter job_0_running_actor_count, current val is 433
I1012 14:25:54.201357 35461 thread.cpp:76] thread 1048576 deconstruct actor 2199023255698
I1012 14:25:54.201400 35467 actor.cpp:408] actor 2207613190290 switch to nullptr
I1012 14:25:54.201421 35467 thread.cpp:76] thread 1052672 deconstruct actor 2207613190290
I1012 14:25:54.201447 35457 runtime_context.cpp:29] DecreaseCounter job_4_running_actor_count, current val is 17
I1012 14:25:54.201485 35457 actor.cpp:408] actor 1099614388284 switch to nullptr
I1012 14:25:54.201510 35457 thread.cpp:76] thread 524337 deconstruct actor 1099614388284
I1012 14:25:54.201531 35461 runtime_context.cpp:29] DecreaseCounter job_0_running_actor_count, current val is 432
I1012 14:25:54.201570 35467 runtime_context.cpp:29] DecreaseCounter job_0_running_actor_count, current val is 431
I1012 14:25:54.201531 35454 actor.cpp:411] actor 1099587125248 switch to &Actor::HandlerZombie
I1012 14:25:54.201609 35461 actor.cpp:408] actor 2199023255686 switch to nullptr
I1012 14:25:54.201658 35461 thread.cpp:76] thread 1048576 deconstruct actor 2199023255686
I1012 14:25:54.201617 35467 actor.cpp:408] actor 2207613190278 switch to nullptr
I1012 14:25:54.201704 35467 thread.cpp:76] thread 1052672 deconstruct actor 2207613190278
I1012 14:25:54.201753 35457 runtime_context.cpp:29] DecreaseCounter job_4_running_actor_count, current val is 16
I1012 14:25:54.201793 35457 actor.cpp:408] actor 1099614388285 switch to nullptr
I1012 14:25:54.201803 35461 runtime_context.cpp:29] DecreaseCounter job_0_running_actor_count, current val is 430
I1012 14:25:54.201809 35457 thread.cpp:76] thread 524337 deconstruct actor 1099614388285
I1012 14:25:54.201848 35461 actor.cpp:408] actor 2199023255684 switch to nullptr
I1012 14:25:54.201879 35456 thread.cpp:76] thread 524326 deconstruct actor 1099591319552
I1012 14:25:54.201858 35455 actor.cpp:411] actor 1099589222400 switch to &Actor::HandlerZombie
I1012 14:25:54.201834 35467 runtime_context.cpp:29] DecreaseCounter job_0_running_actor_count, current val is 429
I1012 14:25:54.201891 35461 thread.cpp:76] thread 1048576 deconstruct actor 2199023255684
I1012 14:25:54.201988 35467 actor.cpp:408] actor 2207613190276 switch to nullptr
I1012 14:25:54.202004 35457 runtime_context.cpp:29] DecreaseCounter job_4_running_actor_count, current val is 15
I1012 14:25:54.202010 35467 thread.cpp:76] thread 1052672 deconstruct actor 2207613190276
I1012 14:25:54.202047 35456 runtime_context.cpp:29] DecreaseCounter job_4_running_actor_count, current val is 14
I1012 14:25:54.202037 35457 actor.cpp:411] actor 1099614388245 switch to &Actor::HandlerZombie
I1012 14:25:54.202106 35457 actor.cpp:408] actor 1099614388238 switch to nullptr
I1012 14:25:54.202121 35457 thread.cpp:76] thread 524337 deconstruct actor 1099614388238
I1012 14:25:54.202124 35461 runtime_context.cpp:29] DecreaseCounter job_0_running_actor_count, current val is 428
I1012 14:25:54.202175 35461 actor.cpp:408] actor 2199023255614 switch to nullptr
I1012 14:25:54.202183 35467 runtime_context.cpp:29] DecreaseCounter job_0_running_actor_count, current val is 427
I1012 14:25:54.202220 35461 thread.cpp:76] thread 1048576 deconstruct actor 2199023255614
I1012 14:25:54.202214 35438 actor.cpp:411] actor 1099553570816 switch to &Actor::HandlerZombie
I1012 14:25:54.202262 35467 actor.cpp:408] actor 2207613190206 switch to nullptr
I1012 14:25:54.202293 35457 runtime_context.cpp:29] DecreaseCounter job_0_running_actor_count, current val is 426
I1012 14:25:54.202389 35467 thread.cpp:76] thread 1052672 deconstruct actor 2207613190206
I1012 14:25:54.202451 35457 actor.cpp:408] actor 1099614388239 switch to nullptr
I1012 14:25:54.202443 35461 runtime_context.cpp:29] DecreaseCounter job_0_running_actor_count, current val is 425
I1012 14:25:54.202477 35457 thread.cpp:76] thread 524337 deconstruct actor 1099614388239
I1012 14:25:54.202494 35439 actor.cpp:411] actor 1099555667968 switch to &Actor::HandlerZombie
I1012 14:25:54.202524 35461 actor.cpp:408] actor 2199023255714 switch to nullptr
I1012 14:25:54.202582 35461 thread.cpp:76] thread 1048576 deconstruct actor 2199023255714
I1012 14:25:54.202591 35467 runtime_context.cpp:29] DecreaseCounter job_0_running_actor_count, current val is 424
I1012 14:25:54.202636 35467 actor.cpp:408] actor 2207613190306 switch to nullptr
I1012 14:25:54.202656 35467 thread.cpp:76] thread 1052672 deconstruct actor 2207613190306
I1012 14:25:54.202690 35457 runtime_context.cpp:29] DecreaseCounter job_0_running_actor_count, current val is 423
I1012 14:25:54.202713 35461 runtime_context.cpp:29] DecreaseCounter job_0_running_actor_count, current val is 422
I1012 14:25:54.202723 35457 actor.cpp:411] actor 1099614388235 switch to &Actor::HandlerZombie
I1012 14:25:54.202775 35461 actor.cpp:408] actor 2199023255572 switch to nullptr
I1012 14:25:54.202792 35457 actor.cpp:408] actor 1099614388225 switch to nullptr
I1012 14:25:54.202795 35461 thread.cpp:76] thread 1048576 deconstruct actor 2199023255572
I1012 14:25:54.202798 35467 runtime_context.cpp:29] DecreaseCounter job_0_running_actor_count, current val is 421
I1012 14:25:54.202813 35457 thread.cpp:76] thread 524337 deconstruct actor 1099614388225
I1012 14:25:54.202877 35467 actor.cpp:408] actor 2207613190164 switch to nullptr
I1012 14:25:54.202898 35467 thread.cpp:76] thread 1052672 deconstruct actor 2207613190164
I1012 14:25:54.202950 35461 runtime_context.cpp:29] DecreaseCounter job_0_running_actor_count, current val is 420
I1012 14:25:54.202957 35418 actor.cpp:408] actor 1099511627776 switch to nullptr
I1012 14:25:54.203012 35434 actor.cpp:408] actor 1099545182208 switch to nullptr
I1012 14:25:54.203019 35461 actor.cpp:408] actor 2199023255712 switch to nullptr
I1012 14:25:54.203109 35463 actor.cpp:411] actor 2199025352705 switch to &Actor::HandlerZombie
I1012 14:25:54.203022 35426 actor.cpp:408] actor 1099528404992 switch to nullptr
I1012 14:25:54.203197 35463 actor.cpp:411] actor 2199025352707 switch to &Actor::HandlerZombie
I1012 14:25:54.203212 35426 thread.cpp:76] thread 524296 deconstruct actor 1099528404992
I1012 14:25:54.203054 35422 actor.cpp:408] actor 1099520016384 switch to nullptr
I1012 14:25:54.203112 35434 thread.cpp:76] thread 524304 deconstruct actor 1099545182208
I1012 14:25:54.203020 35418 thread.cpp:76] thread 524288 deconstruct actor 1099511627776
I1012 14:25:54.203146 35457 runtime_context.cpp:29] DecreaseCounter job_0_running_actor_count, current val is 418
I1012 14:25:54.203147 35461 thread.cpp:76] thread 1048576 deconstruct actor 2199023255712
I1012 14:25:54.203027 35430 actor.cpp:408] actor 1099536793600 switch to nullptr
I1012 14:25:54.203408 35440 actor.cpp:408] actor 1099557765120 switch to nullptr
I1012 14:25:54.203464 35440 thread.cpp:76] thread 524310 deconstruct actor 1099557765120
I1012 14:25:54.203474 35441 actor.cpp:408] actor 1099559862272 switch to nullptr
I1012 14:25:54.203364 35457 actor.cpp:408] actor 1099614388224 switch to nullptr
I1012 14:25:54.203704 35457 thread.cpp:76] thread 524337 deconstruct actor 1099614388224
I1012 14:25:54.203413 35430 thread.cpp:76] thread 524300 deconstruct actor 1099536793600
I1012 14:25:54.203233 35463 actor.cpp:411] actor 2199025352706 switch to &Actor::HandlerZombie
I1012 14:25:54.203089 35467 runtime_context.cpp:29] DecreaseCounter job_0_running_actor_count, current val is 419
I1012 14:25:54.203896 35463 actor.cpp:411] actor 2199025352704 switch to &Actor::HandlerZombie
I1012 14:25:54.203497 35444 actor.cpp:408] actor 1099566153728 switch to nullptr
I1012 14:25:54.203500 35442 actor.cpp:408] actor 1099561959424 switch to nullptr
I1012 14:25:54.203506 35461 runtime_context.cpp:29] DecreaseCounter job_0_running_actor_count, current val is 417
I1012 14:25:54.203547 35426 runtime_context.cpp:29] DecreaseCounter job_0_running_actor_count, current val is 416
I1012 14:25:54.203552 35434 runtime_context.cpp:29] DecreaseCounter job_0_running_actor_count, current val is 415
I1012 14:25:54.203562 35469 actor.cpp:408] actor 2207615287300 switch to nullptr
I1012 14:25:54.204211 35469 thread.cpp:76] thread 1052673 deconstruct actor 2207615287300
I1012 14:25:54.203272 35422 thread.cpp:76] thread 524292 deconstruct actor 1099520016384
I1012 14:25:54.203759 35440 runtime_context.cpp:29] DecreaseCounter job_0_running_actor_count, current val is 414
I1012 14:25:54.204314 35469 runtime_context.cpp:29] DecreaseCounter job_0_running_actor_count, current val is 411
I1012 14:25:54.203933 35467 actor.cpp:408] actor 2207613190304 switch to nullptr
I1012 14:25:54.203465 35443 actor.cpp:411] actor 1099564056576 switch to &Actor::HandlerZombie
I1012 14:25:54.203971 35463 actor.cpp:408] actor 2199025352709 switch to nullptr
I1012 14:25:54.203989 35444 thread.cpp:76] thread 524314 deconstruct actor 1099566153728
I1012 14:25:54.204006 35442 thread.cpp:76] thread 524312 deconstruct actor 1099561959424
I1012 14:25:54.204035 35430 runtime_context.cpp:29] DecreaseCounter job_0_running_actor_count, current val is 412
I1012 14:25:54.204046 35461 actor.cpp:408] actor 2199023255570 switch to nullptr
I1012 14:25:54.204567 35422 runtime_context.cpp:29] DecreaseCounter job_0_running_actor_count, current val is 410
I1012 14:25:54.203914 35457 runtime_context.cpp:29] DecreaseCounter job_0_running_actor_count, current val is 413
I1012 14:25:54.204389 35467 thread.cpp:76] thread 1052672 deconstruct actor 2207613190304
I1012 14:25:54.204659 35457 actor.cpp:408] actor 1099614388226 switch to nullptr
I1012 14:25:54.204483 35463 thread.cpp:76] thread 1048577 deconstruct actor 2199025352709
I1012 14:25:54.203677 35441 thread.cpp:76] thread 524311 deconstruct actor 1099559862272
I1012 14:25:54.204581 35461 thread.cpp:76] thread 1048576 deconstruct actor 2199023255570
I1012 14:25:54.204445 35443 thread.cpp:76] thread 524313 deconstruct actor 1099564056576
I1012 14:25:54.204787 35463 runtime_context.cpp:29] DecreaseCounter job_0_running_actor_count, current val is 409
I1012 14:25:54.204800 35419 actor.cpp:408] actor 1099513724928 switch to nullptr
I1012 14:25:54.204695 35457 thread.cpp:76] thread 524337 deconstruct actor 1099614388226
I1012 14:25:54.204823 35444 runtime_context.cpp:29] DecreaseCounter job_0_running_actor_count, current val is 408
I1012 14:25:54.205058 35435 actor.cpp:408] actor 1099547279360 switch to nullptr
I1012 14:25:54.205088 35431 actor.cpp:408] actor 1099538890752 switch to nullptr
I1012 14:25:54.204905 35419 thread.cpp:76] thread 524289 deconstruct actor 1099513724928
I1012 14:25:54.204910 35442 runtime_context.cpp:29] DecreaseCounter job_0_running_actor_count, current val is 406
I1012 14:25:54.205191 35457 runtime_context.cpp:29] DecreaseCounter job_0_running_actor_count, current val is 403
I1012 14:25:54.205006 35427 actor.cpp:408] actor 1099530502144 switch to nullptr
I1012 14:25:54.205011 35461 runtime_context.cpp:29] DecreaseCounter job_0_running_actor_count, current val is 405
I1012 14:25:54.205078 35441 runtime_context.cpp:29] DecreaseCounter job_0_running_actor_count, current val is 404
I1012 14:25:54.205313 35461 actor.cpp:408] actor 2199023255692 switch to nullptr
I1012 14:25:54.205464 35420 actor.cpp:408] actor 1099515822080 switch to nullptr
I1012 14:25:54.205107 35435 thread.cpp:76] thread 524305 deconstruct actor 1099547279360
I1012 14:25:54.205147 35431 thread.cpp:76] thread 524301 deconstruct actor 1099538890752
I1012 14:25:54.204912 35423 actor.cpp:408] actor 1099522113536 switch to nullptr
I1012 14:25:54.205242 35457 actor.cpp:408] actor 1099614388227 switch to nullptr
I1012 14:25:54.205271 35427 thread.cpp:76] thread 524297 deconstruct actor 1099530502144
I1012 14:25:54.205709 35424 actor.cpp:408] actor 1099524210688 switch to nullptr
I1012 14:25:54.205286 35443 runtime_context.cpp:29] DecreaseCounter job_0_running_actor_count, current val is 402
I1012 14:25:54.204835 35463 thread.cpp:76] thread 1048577 deconstruct actor 2199025352707
I1012 14:25:54.205417 35469 actor.cpp:411] actor 2207615287299 switch to &Actor::HandlerZombie
I1012 14:25:54.204830 35467 runtime_context.cpp:29] DecreaseCounter job_0_running_actor_count, current val is 407
I1012 14:25:54.205472 35461 thread.cpp:76] thread 1048576 deconstruct actor 2199023255692
I1012 14:25:54.205991 35467 actor.cpp:408] actor 2207613190162 switch to nullptr
I1012 14:25:54.206028 35467 thread.cpp:76] thread 1052672 deconstruct actor 2207613190162
I1012 14:25:54.205699 35457 thread.cpp:76] thread 524337 deconstruct actor 1099614388227
I1012 14:25:54.205701 35420 thread.cpp:76] thread 524290 deconstruct actor 1099515822080
I1012 14:25:54.205727 35436 actor.cpp:408] actor 1099549376512 switch to nullptr
I1012 14:25:54.206127 35436 thread.cpp:76] thread 524306 deconstruct actor 1099549376512
I1012 14:25:54.206159 35461 runtime_context.cpp:29] DecreaseCounter job_0_running_actor_count, current val is 397
I1012 14:25:54.206182 35467 runtime_context.cpp:29] DecreaseCounter job_0_running_actor_count, current val is 396
I1012 14:25:54.206207 35461 actor.cpp:408] actor 2199023255565 switch to nullptr
I1012 14:25:54.206229 35461 thread.cpp:76] thread 1048576 deconstruct actor 2199023255565
I1012 14:25:54.205899 35435 runtime_context.cpp:29] DecreaseCounter job_0_running_actor_count, current val is 401
I1012 14:25:54.205936 35469 actor.cpp:411] actor 2207615287298 switch to &Actor::HandlerZombie
I1012 14:25:54.206351 35461 runtime_context.cpp:29] DecreaseCounter job_0_running_actor_count, current val is 393
I1012 14:25:54.205991 35463 runtime_context.cpp:29] DecreaseCounter job_0_running_actor_count, current val is 399
I1012 14:25:54.205675 35423 thread.cpp:76] thread 524293 deconstruct actor 1099522113536
I1012 14:25:54.206045 35431 runtime_context.cpp:29] DecreaseCounter job_0_running_actor_count, current val is 398
I1012 14:25:54.205746 35432 actor.cpp:408] actor 1099540987904 switch to nullptr
I1012 14:25:54.205384 35428 actor.cpp:408] actor 1099532599296 switch to nullptr
I1012 14:25:54.206563 35432 thread.cpp:76] thread 524302 deconstruct actor 1099540987904
I1012 14:25:54.206230 35467 actor.cpp:408] actor 2207613190284 switch to nullptr
I1012 14:25:54.206259 35457 runtime_context.cpp:29] DecreaseCounter job_0_running_actor_count, current val is 395
I1012 14:25:54.206671 35457 actor.cpp:408] actor 1099614388228 switch to nullptr
I1012 14:25:54.206707 35457 thread.cpp:76] thread 524337 deconstruct actor 1099614388228
I1012 14:25:54.206732 35432 runtime_context.cpp:29] DecreaseCounter job_0_running_actor_count, current val is 391
I1012 14:25:54.206737 35423 runtime_context.cpp:29] DecreaseCounter job_0_running_actor_count, current val is 392
I1012 14:25:54.206804 35421 actor.cpp:408] actor 1099517919232 switch to nullptr
I1012 14:25:54.206842 35425 actor.cpp:408] actor 1099526307840 switch to nullptr
I1012 14:25:54.206878 35425 thread.cpp:76] thread 524295 deconstruct actor 1099526307840
I1012 14:25:54.205790 35424 thread.cpp:76] thread 524294 deconstruct actor 1099524210688
I1012 14:25:54.206570 35428 thread.cpp:76] thread 524298 deconstruct actor 1099532599296
I1012 14:25:54.206620 35467 thread.cpp:76] thread 1052672 deconstruct actor 2207613190284
I1012 14:25:54.206354 35469 actor.cpp:411] actor 2207615287297 switch to &Actor::HandlerZombie
I1012 14:25:54.207114 35425 runtime_context.cpp:29] DecreaseCounter job_0_running_actor_count, current val is 389
I1012 14:25:54.205984 35427 runtime_context.cpp:29] DecreaseCounter job_0_running_actor_count, current val is 400
I1012 14:25:54.207222 35428 runtime_context.cpp:29] DecreaseCounter job_0_running_actor_count, current val is 386
I1012 14:25:54.206395 35461 actor.cpp:408] actor 2199023255690 switch to nullptr
I1012 14:25:54.206418 35463 thread.cpp:76] thread 1048577 deconstruct actor 2199025352706
I1012 14:25:54.207336 35461 thread.cpp:76] thread 1048576 deconstruct actor 2199023255690
I1012 14:25:54.206938 35421 thread.cpp:76] thread 524291 deconstruct actor 1099517919232
I1012 14:25:54.206979 35433 actor.cpp:408] actor 1099543085056 switch to nullptr
I1012 14:25:54.206980 35437 actor.cpp:408] actor 1099551473664 switch to nullptr
I1012 14:25:54.207036 35457 runtime_context.cpp:29] DecreaseCounter job_0_running_actor_count, current val is 390
I1012 14:25:54.206355 35436 runtime_context.cpp:29] DecreaseCounter job_0_running_actor_count, current val is 394
I1012 14:25:54.207545 35461 runtime_context.cpp:29] DecreaseCounter job_0_running_actor_count, current val is 384
I1012 14:25:54.207206 35467 runtime_context.cpp:29] DecreaseCounter job_0_running_actor_count, current val is 388
I1012 14:25:54.207607 35461 actor.cpp:408] actor 2199023255563 switch to nullptr
I1012 14:25:54.206857 35429 actor.cpp:408] actor 1099534696448 switch to nullptr
I1012 14:25:54.207422 35463 runtime_context.cpp:29] DecreaseCounter job_0_running_actor_count, current val is 385
I1012 14:25:54.207690 35463 thread.cpp:76] thread 1048577 deconstruct actor 2199025352704
I1012 14:25:54.207500 35437 thread.cpp:76] thread 524307 deconstruct actor 1099551473664
I1012 14:25:54.207537 35457 actor.cpp:411] actor 1099614388254 switch to &Actor::HandlerZombie
I1012 14:25:54.207151 35469 actor.cpp:411] actor 2207615287296 switch to &Actor::HandlerZombie
I1012 14:25:54.207784 35457 actor.cpp:408] actor 1099614388249 switch to nullptr
I1012 14:25:54.207813 35457 thread.cpp:76] thread 524337 deconstruct actor 1099614388249
I1012 14:25:54.207823 35445 actor.cpp:408] actor 1099568250880 switch to nullptr
I1012 14:25:54.207634 35461 thread.cpp:76] thread 1048576 deconstruct actor 2199023255563
I1012 14:25:54.207902 35447 actor.cpp:408] actor 1099572445184 switch to nullptr
I1012 14:25:54.207959 35447 thread.cpp:76] thread 524317 deconstruct actor 1099572445184
I1012 14:25:54.207222 35424 runtime_context.cpp:29] DecreaseCounter job_0_running_actor_count, current val is 387
I1012 14:25:54.208010 35437 runtime_context.cpp:29] DecreaseCounter job_0_running_actor_count, current val is 382
I1012 14:25:54.208055 35461 runtime_context.cpp:29] DecreaseCounter job_0_running_actor_count, current val is 381
I1012 14:25:54.207830 35446 actor.cpp:408] actor 1099570348032 switch to nullptr
I1012 14:25:54.208108 35447 runtime_context.cpp:29] DecreaseCounter job_1_running_actor_count, current val is 85
I1012 14:25:54.207854 35445 thread.cpp:76] thread 524315 deconstruct actor 1099568250880
I1012 14:25:54.207660 35429 thread.cpp:76] thread 524299 deconstruct actor 1099534696448
I1012 14:25:54.207455 35433 thread.cpp:76] thread 524303 deconstruct actor 1099543085056
I1012 14:25:54.207996 35457 runtime_context.cpp:29] DecreaseCounter job_1_running_actor_count, current val is 86
I1012 14:25:54.207794 35463 runtime_context.cpp:29] DecreaseCounter job_0_running_actor_count, current val is 383
I1012 14:25:54.208339 35463 thread.cpp:76] thread 1048577 deconstruct actor 2199025352705
I1012 14:25:54.207795 35469 thread.cpp:76] thread 1052673 deconstruct actor 2207615287298
I1012 14:25:54.208379 35445 runtime_context.cpp:29] DecreaseCounter job_1_running_actor_count, current val is 84
I1012 14:25:54.207638 35467 actor.cpp:408] actor 2207613190157 switch to nullptr
I1012 14:25:54.208122 35446 thread.cpp:76] thread 524316 deconstruct actor 1099570348032
I1012 14:25:54.208483 35469 runtime_context.cpp:29] DecreaseCounter job_0_running_actor_count, current val is 379
I1012 14:25:54.208510 35469 thread.cpp:76] thread 1052673 deconstruct actor 2207615287297
I1012 14:25:54.208420 35463 runtime_context.cpp:29] DecreaseCounter job_0_running_actor_count, current val is 380
I1012 14:25:54.208469 35467 thread.cpp:76] thread 1052672 deconstruct actor 2207613190157
I1012 14:25:54.208125 35461 actor.cpp:408] actor 2199023255688 switch to nullptr
I1012 14:25:54.208324 35457 actor.cpp:411] actor 1099614388263 switch to &Actor::HandlerZombie
I1012 14:25:54.208523 35429 runtime_context.cpp:29] DecreaseCounter job_0_running_actor_count, current val is 378
I1012 14:25:54.208541 35433 runtime_context.cpp:29] DecreaseCounter job_0_running_actor_count, current val is 377
I1012 14:25:54.208834 35448 actor.cpp:408] actor 1099574542336 switch to nullptr
I1012 14:25:54.208570 35469 runtime_context.cpp:29] DecreaseCounter job_0_running_actor_count, current val is 376
I1012 14:25:54.208704 35461 thread.cpp:76] thread 1048576 deconstruct actor 2199023255688
I1012 14:25:54.208897 35450 actor.cpp:411] actor 1099578736640 switch to &Actor::HandlerZombie
I1012 14:25:54.208842 35449 actor.cpp:408] actor 1099576639488 switch to nullptr
I1012 14:25:54.208851 35463 actor.cpp:408] actor 2199025352710 switch to nullptr
I1012 14:25:54.208858 35467 runtime_context.cpp:29] DecreaseCounter job_0_running_actor_count, current val is 375
I1012 14:25:54.208616 35446 runtime_context.cpp:29] DecreaseCounter job_1_running_actor_count, current val is 83
I1012 14:25:54.208873 35448 thread.cpp:76] thread 524318 deconstruct actor 1099574542336
I1012 14:25:54.208894 35469 thread.cpp:76] thread 1052673 deconstruct actor 2207615287299
I1012 14:25:54.208758 35457 actor.cpp:408] actor 1099614388258 switch to nullptr
I1012 14:25:54.208954 35450 thread.cpp:76] thread 524320 deconstruct actor 1099578736640
I1012 14:25:54.208997 35449 thread.cpp:76] thread 524319 deconstruct actor 1099576639488
I1012 14:25:54.209017 35463 thread.cpp:76] thread 1048577 deconstruct actor 2199025352710
I1012 14:25:54.209059 35461 runtime_context.cpp:29] DecreaseCounter job_0_running_actor_count, current val is 374
I1012 14:25:54.209079 35467 actor.cpp:408] actor 2207613190282 switch to nullptr
I1012 14:25:54.209281 35463 runtime_context.cpp:29] DecreaseCounter job_2_running_actor_count, current val is 88
I1012 14:25:54.209190 35469 runtime_context.cpp:29] DecreaseCounter job_0_running_actor_count, current val is 373
I1012 14:25:54.209167 35457 thread.cpp:76] thread 524337 deconstruct actor 1099614388258
I1012 14:25:54.209342 35449 runtime_context.cpp:29] DecreaseCounter job_2_running_actor_count, current val is 85
I1012 14:25:54.209290 35467 thread.cpp:76] thread 1052672 deconstruct actor 2207613190282
I1012 14:25:54.209326 35450 runtime_context.cpp:29] DecreaseCounter job_2_running_actor_count, current val is 87
I1012 14:25:54.209327 35448 runtime_context.cpp:29] DecreaseCounter job_2_running_actor_count, current val is 86
I1012 14:25:54.209331 35469 thread.cpp:76] thread 1052673 deconstruct actor 2207615287296
I1012 14:25:54.209288 35461 actor.cpp:408] actor 2199023255554 switch to nullptr
I1012 14:25:54.209534 35461 thread.cpp:76] thread 1048576 deconstruct actor 2199023255554
I1012 14:25:54.209545 35469 runtime_context.cpp:29] DecreaseCounter job_0_running_actor_count, current val is 371
I1012 14:25:54.209545 35467 runtime_context.cpp:29] DecreaseCounter job_0_running_actor_count, current val is 372
I1012 14:25:54.209571 35457 runtime_context.cpp:29] DecreaseCounter job_2_running_actor_count, current val is 84
I1012 14:25:54.209581 35469 actor.cpp:408] actor 2207615287301 switch to nullptr
I1012 14:25:54.209614 35467 actor.cpp:408] actor 2207613190155 switch to nullptr
I1012 14:25:54.209640 35457 actor.cpp:411] actor 1099614388272 switch to &Actor::HandlerZombie
I1012 14:25:54.209656 35469 thread.cpp:76] thread 1052673 deconstruct actor 2207615287301
I1012 14:25:54.209683 35467 thread.cpp:76] thread 1052672 deconstruct actor 2207613190155
I1012 14:25:54.209748 35457 actor.cpp:408] actor 1099614388267 switch to nullptr
I1012 14:25:54.209772 35469 runtime_context.cpp:29] DecreaseCounter job_2_running_actor_count, current val is 83
I1012 14:25:54.209782 35457 thread.cpp:76] thread 524337 deconstruct actor 1099614388267
I1012 14:25:54.209806 35469 actor.cpp:408] actor 2207615287302 switch to nullptr
I1012 14:25:54.209688 35461 runtime_context.cpp:29] DecreaseCounter job_0_running_actor_count, current val is 370
I1012 14:25:54.209880 35453 actor.cpp:411] actor 1099585028096 switch to &Actor::HandlerZombie
I1012 14:25:54.209921 35461 actor.cpp:408] actor 2199023255704 switch to nullptr
I1012 14:25:54.209865 35469 thread.cpp:76] thread 1052673 deconstruct actor 2207615287302
I1012 14:25:54.209873 35463 actor.cpp:408] actor 2199025352711 switch to nullptr
I1012 14:25:54.209884 35467 runtime_context.cpp:29] DecreaseCounter job_0_running_actor_count, current val is 369
I1012 14:25:54.209811 35451 actor.cpp:408] actor 1099580833792 switch to nullptr
I1012 14:25:54.209821 35452 actor.cpp:408] actor 1099582930944 switch to nullptr
