I1012 16:54:54.956827 29388 runtime_context.cpp:29] DecreaseCounter constructing_actor_cnt, current val is 665
I1012 16:54:54.957161 29403 naive_actor.cpp:25] actor 2207613190162 switch to &NaiveActor::HandlerNormal
I1012 16:54:54.957227 29403 thread.cpp:96] Thread 1052672 construct Actor kNormalForward 2207613190162
I1012 16:54:54.957298 29388 naive_actor.cpp:25] actor 1099614388249 switch to &NaiveActor::HandlerNormal
I1012 16:54:54.957302 29403 runtime_context.cpp:29] DecreaseCounter constructing_actor_cnt, current val is 664
I1012 16:54:54.957355 29392 naive_actor.cpp:25] actor 2199023255563 switch to &NaiveActor::HandlerNormal
I1012 16:54:54.957381 29388 thread.cpp:96] Thread 524337 construct Actor kDeviceTick 1099614388249
I1012 16:54:54.957456 29392 thread.cpp:96] Thread 1048576 construct Actor kNormalForward 2199023255563
I1012 16:54:54.957576 29388 runtime_context.cpp:29] DecreaseCounter constructing_actor_cnt, current val is 663
I1012 16:54:54.957599 29392 runtime_context.cpp:29] DecreaseCounter constructing_actor_cnt, current val is 662
I1012 16:54:54.957824 29403 naive_actor.cpp:25] actor 2207613190151 switch to &NaiveActor::HandlerNormal
I1012 16:54:54.957892 29403 thread.cpp:96] Thread 1052672 construct Actor kNormalForward 2207613190151
I1012 16:54:54.957978 29403 runtime_context.cpp:29] DecreaseCounter constructing_actor_cnt, current val is 661
I1012 16:54:54.958071 29392 naive_actor.cpp:25] actor 2199023255572 switch to &NaiveActor::HandlerNormal
I1012 16:54:54.958135 29392 thread.cpp:96] Thread 1048576 construct Actor kNormalForward 2199023255572
I1012 16:54:54.958215 29392 runtime_context.cpp:29] DecreaseCounter constructing_actor_cnt, current val is 660
I1012 16:54:54.958226 29388 naive_actor.cpp:25] actor 1099614388254 switch to &NaiveActor::HandlerNormal
I1012 16:54:54.958319 29388 thread.cpp:96] Thread 524337 construct Actor kDstSubsetTick 1099614388254
I1012 16:54:54.958454 29388 runtime_context.cpp:29] DecreaseCounter constructing_actor_cnt, current val is 659
I1012 16:54:54.958976 29388 naive_actor.cpp:25] actor 1099614388315 switch to &NaiveActor::HandlerNormal
I1012 16:54:54.959036 29388 thread.cpp:96] Thread 524337 construct Actor kTick 1099614388315
I1012 16:54:54.959167 29388 runtime_context.cpp:29] DecreaseCounter constructing_actor_cnt, current val is 658
I1012 16:54:54.959355 29403 naive_actor.cpp:25] actor 2207613190147 switch to &NaiveActor::HandlerNormal
I1012 16:54:54.959416 29403 thread.cpp:96] Thread 1052672 construct Actor kNormalForward 2207613190147
I1012 16:54:54.959437 29392 naive_actor.cpp:25] actor 2199023255558 switch to &NaiveActor::HandlerNormal
I1012 16:54:54.959517 29392 thread.cpp:96] Thread 1048576 construct Actor kNormalForward 2199023255558
I1012 16:54:54.959527 29403 runtime_context.cpp:29] DecreaseCounter constructing_actor_cnt, current val is 657
I1012 16:54:54.959607 29392 runtime_context.cpp:29] DecreaseCounter constructing_actor_cnt, current val is 656
I1012 16:54:54.959632 29388 naive_actor.cpp:25] actor 1099614388256 switch to &NaiveActor::HandlerNormal
I1012 16:54:54.959690 29388 thread.cpp:96] Thread 524337 construct Actor kTick 1099614388256
I1012 16:54:54.959728 29350 naive_actor.cpp:25] actor 1099513724928 switch to &NaiveActor::HandlerNormal
I1012 16:54:54.959775 29388 runtime_context.cpp:29] DecreaseCounter constructing_actor_cnt, current val is 655
I1012 16:54:54.959856 29350 thread.cpp:96] Thread 524289 construct Actor kNormalForward 1099513724928
I1012 16:54:54.960021 29350 runtime_context.cpp:29] DecreaseCounter constructing_actor_cnt, current val is 654
I1012 16:54:54.960079 29403 naive_actor.cpp:25] actor 2207613190171 switch to &NaiveActor::HandlerNormal
I1012 16:54:54.960145 29403 thread.cpp:96] Thread 1052672 construct Actor kNormalForward 2207613190171
I1012 16:54:54.960242 29403 runtime_context.cpp:29] DecreaseCounter constructing_actor_cnt, current val is 653
I1012 16:54:54.960438 29388 naive_actor.cpp:25] actor 1099614388250 switch to &NaiveActor::HandlerNormal
I1012 16:54:54.960503 29388 thread.cpp:96] Thread 524337 construct Actor kSrcSubsetTick 1099614388250
I1012 16:54:54.960589 29388 runtime_context.cpp:29] DecreaseCounter constructing_actor_cnt, current val is 652
I1012 16:54:54.961011 29388 naive_actor.cpp:25] actor 1099614388257 switch to &NaiveActor::HandlerNormal
I1012 16:54:54.961068 29388 thread.cpp:96] Thread 524337 construct Actor kTick 1099614388257
I1012 16:54:54.961146 29388 runtime_context.cpp:29] DecreaseCounter constructing_actor_cnt, current val is 651
I1012 16:54:54.961241 29392 naive_actor.cpp:25] actor 2199023255582 switch to &NaiveActor::HandlerNormal
I1012 16:54:54.961308 29392 thread.cpp:96] Thread 1048576 construct Actor kNormalForward 2199023255582
I1012 16:54:54.961390 29392 runtime_context.cpp:29] DecreaseCounter constructing_actor_cnt, current val is 650
I1012 16:54:54.961616 29388 naive_actor.cpp:25] actor 1099614388258 switch to &NaiveActor::HandlerNormal
I1012 16:54:54.961678 29388 thread.cpp:96] Thread 524337 construct Actor kDeviceTick 1099614388258
I1012 16:54:54.961740 29388 runtime_context.cpp:29] DecreaseCounter constructing_actor_cnt, current val is 649
I1012 16:54:54.962018 29403 naive_actor.cpp:25] actor 2207613190195 switch to &NaiveActor::HandlerNormal
I1012 16:54:54.962081 29403 thread.cpp:96] Thread 1052672 construct Actor kNormalForward 2207613190195
I1012 16:54:54.962168 29403 runtime_context.cpp:29] DecreaseCounter constructing_actor_cnt, current val is 648
I1012 16:54:54.962177 29349 naive_actor.cpp:25] actor 1099511627776 switch to &NaiveActor::HandlerNormal
I1012 16:54:54.962271 29349 thread.cpp:96] Thread 524288 construct Actor kNormalForward 1099511627776
I1012 16:54:54.962323 29388 naive_actor.cpp:25] actor 1099614388259 switch to &NaiveActor::HandlerNormal
I1012 16:54:54.962373 29349 runtime_context.cpp:29] DecreaseCounter constructing_actor_cnt, current val is 647
I1012 16:54:54.962381 29388 thread.cpp:96] Thread 524337 construct Actor kSrcSubsetTick 1099614388259
I1012 16:54:54.962498 29388 runtime_context.cpp:29] DecreaseCounter constructing_actor_cnt, current val is 646
I1012 16:54:54.962615 29392 naive_actor.cpp:25] actor 2199023255581 switch to &NaiveActor::HandlerNormal
I1012 16:54:54.962677 29392 thread.cpp:96] Thread 1048576 construct Actor kNormalForward 2199023255581
I1012 16:54:54.962749 29392 runtime_context.cpp:29] DecreaseCounter constructing_actor_cnt, current val is 645
I1012 16:54:54.962759 29403 naive_actor.cpp:25] actor 2207613190164 switch to &NaiveActor::HandlerNormal
I1012 16:54:54.962761 29352 naive_actor.cpp:25] actor 1099517919232 switch to &NaiveActor::HandlerNormal
I1012 16:54:54.962795 29351 naive_actor.cpp:25] actor 1099515822080 switch to &NaiveActor::HandlerNormal
I1012 16:54:54.962849 29403 thread.cpp:96] Thread 1052672 construct Actor kNormalForward 2207613190164
I1012 16:54:54.962894 29352 thread.cpp:96] Thread 524291 construct Actor kNormalForward 1099517919232
I1012 16:54:54.962927 29351 thread.cpp:96] Thread 524290 construct Actor kNormalForward 1099515822080
I1012 16:54:54.962937 29388 naive_actor.cpp:25] actor 1099614388262 switch to &NaiveActor::HandlerNormal
I1012 16:54:54.963006 29403 runtime_context.cpp:29] DecreaseCounter constructing_actor_cnt, current val is 644
I1012 16:54:54.963048 29352 runtime_context.cpp:29] DecreaseCounter constructing_actor_cnt, current val is 643
I1012 16:54:54.963083 29388 thread.cpp:96] Thread 524337 construct Actor kTick 1099614388262
I1012 16:54:54.963112 29351 runtime_context.cpp:29] DecreaseCounter constructing_actor_cnt, current val is 642
I1012 16:54:54.963327 29388 runtime_context.cpp:29] DecreaseCounter constructing_actor_cnt, current val is 641
I1012 16:54:54.963526 29403 naive_actor.cpp:25] actor 2207613190178 switch to &NaiveActor::HandlerNormal
I1012 16:54:54.963578 29403 thread.cpp:96] Thread 1052672 construct Actor kNormalForward 2207613190178
I1012 16:54:54.963656 29403 runtime_context.cpp:29] DecreaseCounter constructing_actor_cnt, current val is 640
I1012 16:54:54.963744 29388 naive_actor.cpp:25] actor 1099614388301 switch to &NaiveActor::HandlerNormal
I1012 16:54:54.963798 29388 thread.cpp:96] Thread 524337 construct Actor kTick 1099614388301
I1012 16:54:54.963837 29392 naive_actor.cpp:25] actor 2199023255556 switch to &NaiveActor::HandlerNormal
I1012 16:54:54.963878 29388 runtime_context.cpp:29] DecreaseCounter constructing_actor_cnt, current val is 639
I1012 16:54:54.963896 29392 thread.cpp:96] Thread 1048576 construct Actor kNormalForward 2199023255556
I1012 16:54:54.964005 29392 runtime_context.cpp:29] DecreaseCounter constructing_actor_cnt, current val is 638
I1012 16:54:54.964289 29388 naive_actor.cpp:25] actor 1099614388264 switch to &NaiveActor::HandlerNormal
I1012 16:54:54.964352 29388 thread.cpp:96] Thread 524337 construct Actor kTick 1099614388264
I1012 16:54:54.964444 29388 runtime_context.cpp:29] DecreaseCounter constructing_actor_cnt, current val is 637
I1012 16:54:54.964452 29392 naive_actor.cpp:25] actor 2199023255584 switch to &NaiveActor::HandlerNormal
I1012 16:54:54.964532 29392 thread.cpp:96] Thread 1048576 construct Actor kNormalForward 2199023255584
I1012 16:54:54.964602 29392 runtime_context.cpp:29] DecreaseCounter constructing_actor_cnt, current val is 636
I1012 16:54:54.964818 29388 naive_actor.cpp:25] actor 1099614388265 switch to &NaiveActor::HandlerNormal
I1012 16:54:54.964866 29388 thread.cpp:96] Thread 524337 construct Actor kTick 1099614388265
I1012 16:54:54.964895 29403 naive_actor.cpp:25] actor 2207613190179 switch to &NaiveActor::HandlerNormal
I1012 16:54:54.964926 29388 runtime_context.cpp:29] DecreaseCounter constructing_actor_cnt, current val is 635
I1012 16:54:54.964956 29403 thread.cpp:96] Thread 1052672 construct Actor kNormalForward 2207613190179
I1012 16:54:54.965086 29403 runtime_context.cpp:29] DecreaseCounter constructing_actor_cnt, current val is 634
I1012 16:54:54.965451 29388 naive_actor.cpp:25] actor 1099614388263 switch to &NaiveActor::HandlerNormal
I1012 16:54:54.965505 29388 thread.cpp:96] Thread 524337 construct Actor kDstSubsetTick 1099614388263
I1012 16:54:54.965581 29388 runtime_context.cpp:29] DecreaseCounter constructing_actor_cnt, current val is 633
I1012 16:54:54.965747 29392 naive_actor.cpp:25] actor 2199023255608 switch to &NaiveActor::HandlerNormal
I1012 16:54:54.965801 29392 thread.cpp:96] Thread 1048576 construct Actor kNormalForward 2199023255608
I1012 16:54:54.965883 29392 runtime_context.cpp:29] DecreaseCounter constructing_actor_cnt, current val is 632
I1012 16:54:54.966006 29388 naive_actor.cpp:25] actor 1099614388266 switch to &NaiveActor::HandlerNormal
I1012 16:54:54.966058 29388 thread.cpp:96] Thread 524337 construct Actor kTick 1099614388266
I1012 16:54:54.966131 29388 runtime_context.cpp:29] DecreaseCounter constructing_actor_cnt, current val is 631
I1012 16:54:54.966550 29388 naive_actor.cpp:25] actor 1099614388272 switch to &NaiveActor::HandlerNormal
I1012 16:54:54.966583 29403 naive_actor.cpp:25] actor 2207613190153 switch to &NaiveActor::HandlerNormal
I1012 16:54:54.966603 29388 thread.cpp:96] Thread 524337 construct Actor kDstSubsetTick 1099614388272
I1012 16:54:54.966645 29403 thread.cpp:96] Thread 1052672 construct Actor kNormalForward 2207613190153
I1012 16:54:54.966718 29388 runtime_context.cpp:29] DecreaseCounter constructing_actor_cnt, current val is 630
I1012 16:54:54.966758 29403 runtime_context.cpp:29] DecreaseCounter constructing_actor_cnt, current val is 629
I1012 16:54:54.967113 29388 naive_actor.cpp:25] actor 1099614388298 switch to &NaiveActor::HandlerNormal
I1012 16:54:54.967171 29392 naive_actor.cpp:25] actor 2199023255571 switch to &NaiveActor::HandlerNormal
I1012 16:54:54.967173 29388 thread.cpp:96] Thread 524337 construct Actor kTick 1099614388298
I1012 16:54:54.967234 29392 thread.cpp:96] Thread 1048576 construct Actor kNormalForward 2199023255571
I1012 16:54:54.967301 29388 runtime_context.cpp:29] DecreaseCounter constructing_actor_cnt, current val is 628
I1012 16:54:54.967365 29392 runtime_context.cpp:29] DecreaseCounter constructing_actor_cnt, current val is 627
I1012 16:54:54.967717 29388 naive_actor.cpp:25] actor 1099614388274 switch to &NaiveActor::HandlerNormal
I1012 16:54:54.967768 29388 thread.cpp:96] Thread 524337 construct Actor kTick 1099614388274
I1012 16:54:54.967837 29388 runtime_context.cpp:29] DecreaseCounter constructing_actor_cnt, current val is 626
I1012 16:54:54.967986 29403 naive_actor.cpp:25] actor 2207613190177 switch to &NaiveActor::HandlerNormal
I1012 16:54:54.968042 29403 thread.cpp:96] Thread 1052672 construct Actor kNormalForward 2207613190177
I1012 16:54:54.968130 29403 runtime_context.cpp:29] DecreaseCounter constructing_actor_cnt, current val is 625
I1012 16:54:54.968137 29388 naive_actor.cpp:25] actor 1099614388273 switch to &NaiveActor::HandlerNormal
I1012 16:54:54.968219 29388 thread.cpp:96] Thread 524337 construct Actor kTick 1099614388273
I1012 16:54:54.968286 29388 runtime_context.cpp:29] DecreaseCounter constructing_actor_cnt, current val is 624
I1012 16:54:54.968595 29392 naive_actor.cpp:25] actor 2199023255597 switch to &NaiveActor::HandlerNormal
I1012 16:54:54.968652 29392 thread.cpp:96] Thread 1048576 construct Actor kNormalForward 2199023255597
I1012 16:54:54.968684 29388 naive_actor.cpp:25] actor 1099614388268 switch to &NaiveActor::HandlerNormal
I1012 16:54:54.968713 29388 thread.cpp:96] Thread 524337 construct Actor kSrcSubsetTick 1099614388268
I1012 16:54:54.968748 29392 runtime_context.cpp:29] DecreaseCounter constructing_actor_cnt, current val is 623
I1012 16:54:54.968784 29388 runtime_context.cpp:29] DecreaseCounter constructing_actor_cnt, current val is 622
I1012 16:54:54.969156 29388 naive_actor.cpp:25] actor 1099614388271 switch to &NaiveActor::HandlerNormal
I1012 16:54:54.969202 29388 thread.cpp:96] Thread 524337 construct Actor kTick 1099614388271
I1012 16:54:54.969255 29388 runtime_context.cpp:29] DecreaseCounter constructing_actor_cnt, current val is 621
I1012 16:54:54.969324 29403 naive_actor.cpp:25] actor 2207613190225 switch to &NaiveActor::HandlerNormal
I1012 16:54:54.969379 29403 thread.cpp:96] Thread 1052672 construct Actor kNormalForward 2207613190225
I1012 16:54:54.969487 29403 runtime_context.cpp:29] DecreaseCounter constructing_actor_cnt, current val is 620
I1012 16:54:54.969635 29388 naive_actor.cpp:25] actor 1099614388267 switch to &NaiveActor::HandlerNormal
I1012 16:54:54.969684 29388 thread.cpp:96] Thread 524337 construct Actor kDeviceTick 1099614388267
I1012 16:54:54.969749 29388 runtime_context.cpp:29] DecreaseCounter constructing_actor_cnt, current val is 619
I1012 16:54:54.969823 29392 naive_actor.cpp:25] actor 2199023255588 switch to &NaiveActor::HandlerNormal
I1012 16:54:54.969880 29392 thread.cpp:96] Thread 1048576 construct Actor kNormalForward 2199023255588
I1012 16:54:54.970002 29392 runtime_context.cpp:29] DecreaseCounter constructing_actor_cnt, current val is 618
I1012 16:54:54.970170 29388 naive_actor.cpp:25] actor 1099614388276 switch to &NaiveActor::HandlerNormal
I1012 16:54:54.970221 29388 thread.cpp:96] Thread 524337 construct Actor kDeviceTick 1099614388276
I1012 16:54:54.970295 29388 runtime_context.cpp:29] DecreaseCounter constructing_actor_cnt, current val is 617
I1012 16:54:54.970703 29388 naive_actor.cpp:25] actor 1099614388275 switch to &NaiveActor::HandlerNormal
I1012 16:54:54.970752 29388 thread.cpp:96] Thread 524337 construct Actor kDeviceTick 1099614388275
I1012 16:54:54.970818 29388 runtime_context.cpp:29] DecreaseCounter constructing_actor_cnt, current val is 616
I1012 16:54:54.970929 29403 naive_actor.cpp:25] actor 2207613190152 switch to &NaiveActor::HandlerNormal
I1012 16:54:54.971012 29403 thread.cpp:96] Thread 1052672 construct Actor kNormalForward 2207613190152
I1012 16:54:54.971074 29392 naive_actor.cpp:25] actor 2199023255561 switch to &NaiveActor::HandlerNormal
I1012 16:54:54.971101 29403 runtime_context.cpp:29] DecreaseCounter constructing_actor_cnt, current val is 615
I1012 16:54:54.971127 29392 thread.cpp:96] Thread 1048576 construct Actor kNormalForward 2199023255561
I1012 16:54:54.971238 29392 runtime_context.cpp:29] DecreaseCounter constructing_actor_cnt, current val is 614
I1012 16:54:54.971345 29388 naive_actor.cpp:25] actor 1099614388292 switch to &NaiveActor::HandlerNormal
I1012 16:54:54.971395 29388 thread.cpp:96] Thread 524337 construct Actor kTick 1099614388292
I1012 16:54:54.971472 29388 runtime_context.cpp:29] DecreaseCounter constructing_actor_cnt, current val is 613
I1012 16:54:54.971850 29388 naive_actor.cpp:25] actor 1099614388293 switch to &NaiveActor::HandlerNormal
I1012 16:54:54.971891 29388 thread.cpp:96] Thread 524337 construct Actor kDstSubsetTick 1099614388293
I1012 16:54:54.971971 29388 runtime_context.cpp:29] DecreaseCounter constructing_actor_cnt, current val is 612
I1012 16:54:54.972167 29403 naive_actor.cpp:25] actor 2207613190249 switch to &NaiveActor::HandlerNormal
I1012 16:54:54.972219 29403 thread.cpp:96] Thread 1052672 construct Actor kNormalForward 2207613190249
I1012 16:54:54.972301 29403 runtime_context.cpp:29] DecreaseCounter constructing_actor_cnt, current val is 611
I1012 16:54:54.972355 29388 naive_actor.cpp:25] actor 1099614388305 switch to &NaiveActor::HandlerNormal
I1012 16:54:54.972404 29388 thread.cpp:96] Thread 524337 construct Actor kTick 1099614388305
I1012 16:54:54.972457 29392 naive_actor.cpp:25] actor 2199023255613 switch to &NaiveActor::HandlerNormal
I1012 16:54:54.972482 29388 runtime_context.cpp:29] DecreaseCounter constructing_actor_cnt, current val is 610
I1012 16:54:54.972515 29392 thread.cpp:96] Thread 1048576 construct Actor kNormalForward 2199023255613
I1012 16:54:54.972627 29392 runtime_context.cpp:29] DecreaseCounter constructing_actor_cnt, current val is 609
I1012 16:54:54.972879 29388 naive_actor.cpp:25] actor 1099614388283 switch to &NaiveActor::HandlerNormal
I1012 16:54:54.972926 29388 thread.cpp:96] Thread 524337 construct Actor kTick 1099614388283
I1012 16:54:54.972988 29388 runtime_context.cpp:29] DecreaseCounter constructing_actor_cnt, current val is 608
I1012 16:54:54.973316 29388 naive_actor.cpp:25] actor 1099614388290 switch to &NaiveActor::HandlerNormal
I1012 16:54:54.973364 29388 thread.cpp:96] Thread 524337 construct Actor kSrcSubsetTick 1099614388290
I1012 16:54:54.973385 29403 naive_actor.cpp:25] actor 2207613190273 switch to &NaiveActor::HandlerNormal
I1012 16:54:54.973423 29388 runtime_context.cpp:29] DecreaseCounter constructing_actor_cnt, current val is 607
I1012 16:54:54.973449 29403 thread.cpp:96] Thread 1052672 construct Actor kNormalForward 2207613190273
I1012 16:54:54.973567 29403 runtime_context.cpp:29] DecreaseCounter constructing_actor_cnt, current val is 606
I1012 16:54:54.973852 29388 naive_actor.cpp:25] actor 1099614388288 switch to &NaiveActor::HandlerNormal
I1012 16:54:54.973901 29388 thread.cpp:96] Thread 524337 construct Actor kTick 1099614388288
I1012 16:54:54.973964 29388 runtime_context.cpp:29] DecreaseCounter constructing_actor_cnt, current val is 605
I1012 16:54:54.974038 29392 naive_actor.cpp:25] actor 2199023255603 switch to &NaiveActor::HandlerNormal
I1012 16:54:54.974095 29392 thread.cpp:96] Thread 1048576 construct Actor kNormalForward 2199023255603
I1012 16:54:54.974184 29392 runtime_context.cpp:29] DecreaseCounter constructing_actor_cnt, current val is 604
I1012 16:54:54.974282 29388 naive_actor.cpp:25] actor 1099614388295 switch to &NaiveActor::HandlerNormal
I1012 16:54:54.974330 29388 thread.cpp:96] Thread 524337 construct Actor kTick 1099614388295
I1012 16:54:54.974398 29388 runtime_context.cpp:29] DecreaseCounter constructing_actor_cnt, current val is 603
I1012 16:54:54.974478 29403 naive_actor.cpp:25] actor 2207613190159 switch to &NaiveActor::HandlerNormal
I1012 16:54:54.974543 29403 thread.cpp:96] Thread 1052672 construct Actor kNormalForward 2207613190159
I1012 16:54:54.974619 29403 runtime_context.cpp:29] DecreaseCounter constructing_actor_cnt, current val is 602
I1012 16:54:54.974874 29388 naive_actor.cpp:25] actor 1099614388300 switch to &NaiveActor::HandlerNormal
I1012 16:54:54.974927 29388 thread.cpp:96] Thread 524337 construct Actor kTick 1099614388300
I1012 16:54:54.974975 29388 runtime_context.cpp:29] DecreaseCounter constructing_actor_cnt, current val is 601
I1012 16:54:54.975203 29392 naive_actor.cpp:25] actor 2199023255553 switch to &NaiveActor::HandlerNormal
I1012 16:54:54.975258 29392 thread.cpp:96] Thread 1048576 construct Actor kNormalForward 2199023255553
I1012 16:54:54.975343 29392 runtime_context.cpp:29] DecreaseCounter constructing_actor_cnt, current val is 600
I1012 16:54:54.975363 29388 naive_actor.cpp:25] actor 1099614388285 switch to &NaiveActor::HandlerNormal
I1012 16:54:54.975417 29388 thread.cpp:96] Thread 524337 construct Actor kTick 1099614388285
I1012 16:54:54.975490 29388 runtime_context.cpp:29] DecreaseCounter constructing_actor_cnt, current val is 599
I1012 16:54:54.975548 29403 naive_actor.cpp:25] actor 2207613190187 switch to &NaiveActor::HandlerNormal
I1012 16:54:54.975600 29403 thread.cpp:96] Thread 1052672 construct Actor kNormalForward 2207613190187
I1012 16:54:54.975677 29403 runtime_context.cpp:29] DecreaseCounter constructing_actor_cnt, current val is 598
I1012 16:54:54.975906 29388 naive_actor.cpp:25] actor 1099614388281 switch to &NaiveActor::HandlerNormal
I1012 16:54:54.975955 29388 thread.cpp:96] Thread 524337 construct Actor kDstSubsetTick 1099614388281
I1012 16:54:54.976023 29388 runtime_context.cpp:29] DecreaseCounter constructing_actor_cnt, current val is 597
I1012 16:54:54.976397 29388 naive_actor.cpp:25] actor 1099614388284 switch to &NaiveActor::HandlerNormal
I1012 16:54:54.976459 29388 thread.cpp:96] Thread 524337 construct Actor kTick 1099614388284
I1012 16:54:54.976526 29388 runtime_context.cpp:29] DecreaseCounter constructing_actor_cnt, current val is 596
I1012 16:54:54.976809 29392 naive_actor.cpp:25] actor 2199023255596 switch to &NaiveActor::HandlerNormal
I1012 16:54:54.976857 29403 naive_actor.cpp:25] actor 2207613190165 switch to &NaiveActor::HandlerNormal
I1012 16:54:54.976913 29388 naive_actor.cpp:25] actor 1099614388280 switch to &NaiveActor::HandlerNormal
I1012 16:54:54.976863 29392 thread.cpp:96] Thread 1048576 construct Actor kNormalForward 2199023255596
I1012 16:54:54.976927 29403 thread.cpp:96] Thread 1052672 construct Actor kNormalForward 2207613190165
I1012 16:54:54.976965 29388 thread.cpp:96] Thread 524337 construct Actor kTick 1099614388280
I1012 16:54:54.977042 29392 runtime_context.cpp:29] DecreaseCounter constructing_actor_cnt, current val is 595
I1012 16:54:54.977092 29403 runtime_context.cpp:29] DecreaseCounter constructing_actor_cnt, current val is 594
I1012 16:54:54.977099 29388 runtime_context.cpp:29] DecreaseCounter constructing_actor_cnt, current val is 593
I1012 16:54:54.977440 29392 naive_actor.cpp:25] actor 2199023255570 switch to &NaiveActor::HandlerNormal
I1012 16:54:54.977494 29392 thread.cpp:96] Thread 1048576 construct Actor kNormalForward 2199023255570
I1012 16:54:54.977528 29388 naive_actor.cpp:25] actor 1099614388277 switch to &NaiveActor::HandlerNormal
I1012 16:54:54.977563 29392 runtime_context.cpp:29] DecreaseCounter constructing_actor_cnt, current val is 592
I1012 16:54:54.977578 29388 thread.cpp:96] Thread 524337 construct Actor kSrcSubsetTick 1099614388277
I1012 16:54:54.977676 29388 runtime_context.cpp:29] DecreaseCounter constructing_actor_cnt, current val is 591
I1012 16:54:54.977982 29388 naive_actor.cpp:25] actor 1099614388282 switch to &NaiveActor::HandlerNormal
I1012 16:54:54.978029 29388 thread.cpp:96] Thread 524337 construct Actor kTick 1099614388282
I1012 16:54:54.978087 29388 runtime_context.cpp:29] DecreaseCounter constructing_actor_cnt, current val is 590
I1012 16:54:54.978152 29403 naive_actor.cpp:25] actor 2207613190211 switch to &NaiveActor::HandlerNormal
I1012 16:54:54.978221 29403 thread.cpp:96] Thread 1052672 construct Actor kNormalForward 2207613190211
I1012 16:54:54.978307 29403 runtime_context.cpp:29] DecreaseCounter constructing_actor_cnt, current val is 589
I1012 16:54:54.978483 29388 naive_actor.cpp:25] actor 1099614388294 switch to &NaiveActor::HandlerNormal
I1012 16:54:54.978533 29388 thread.cpp:96] Thread 524337 construct Actor kTick 1099614388294
I1012 16:54:54.978598 29388 runtime_context.cpp:29] DecreaseCounter constructing_actor_cnt, current val is 588
I1012 16:54:54.978840 29392 naive_actor.cpp:25] actor 2199023255566 switch to &NaiveActor::HandlerNormal
I1012 16:54:54.978890 29392 thread.cpp:96] Thread 1048576 construct Actor kNormalForward 2199023255566
I1012 16:54:54.978916 29388 naive_actor.cpp:25] actor 1099614388302 switch to &NaiveActor::HandlerNormal
I1012 16:54:54.978963 29388 thread.cpp:96] Thread 524337 construct Actor kTick 1099614388302
I1012 16:54:54.978969 29392 runtime_context.cpp:29] DecreaseCounter constructing_actor_cnt, current val is 587
I1012 16:54:54.979036 29388 runtime_context.cpp:29] DecreaseCounter constructing_actor_cnt, current val is 586
I1012 16:54:54.979375 29388 naive_actor.cpp:25] actor 1099614388299 switch to &NaiveActor::HandlerNormal
I1012 16:54:54.979378 29392 naive_actor.cpp:25] actor 2199023255554 switch to &NaiveActor::HandlerNormal
I1012 16:54:54.979377 29403 naive_actor.cpp:25] actor 2207613190189 switch to &NaiveActor::HandlerNormal
I1012 16:54:54.979432 29388 thread.cpp:96] Thread 524337 construct Actor kTick 1099614388299
I1012 16:54:54.979470 29392 thread.cpp:96] Thread 1048576 construct Actor kNormalForward 2199023255554
I1012 16:54:54.979518 29403 thread.cpp:96] Thread 1052672 construct Actor kNormalForward 2207613190189
I1012 16:54:54.979579 29388 runtime_context.cpp:29] DecreaseCounter constructing_actor_cnt, current val is 585
I1012 16:54:54.979614 29392 runtime_context.cpp:29] DecreaseCounter constructing_actor_cnt, current val is 584
I1012 16:54:54.979660 29403 runtime_context.cpp:29] DecreaseCounter constructing_actor_cnt, current val is 583
I1012 16:54:54.979967 29388 naive_actor.cpp:25] actor 1099614388322 switch to &NaiveActor::HandlerNormal
I1012 16:54:54.980015 29388 thread.cpp:96] Thread 524337 construct Actor kTick 1099614388322
I1012 16:54:54.980078 29388 runtime_context.cpp:29] DecreaseCounter constructing_actor_cnt, current val is 582
I1012 16:54:54.980413 29388 naive_actor.cpp:25] actor 1099614388323 switch to &NaiveActor::HandlerNormal
I1012 16:54:54.980463 29388 thread.cpp:96] Thread 524337 construct Actor kTick 1099614388323
I1012 16:54:54.980527 29388 runtime_context.cpp:29] DecreaseCounter constructing_actor_cnt, current val is 581
I1012 16:54:54.980782 29392 naive_actor.cpp:25] actor 2199023255594 switch to &NaiveActor::HandlerNormal
I1012 16:54:54.980804 29388 naive_actor.cpp:25] actor 1099614388328 switch to &NaiveActor::HandlerNormal
I1012 16:54:54.980839 29392 thread.cpp:96] Thread 1048576 construct Actor kNormalForward 2199023255594
I1012 16:54:54.980876 29388 thread.cpp:96] Thread 524337 construct Actor kTick 1099614388328
I1012 16:54:54.980899 29403 naive_actor.cpp:25] actor 2207613190158 switch to &NaiveActor::HandlerNormal
I1012 16:54:54.980968 29392 runtime_context.cpp:29] DecreaseCounter constructing_actor_cnt, current val is 580
I1012 16:54:54.980976 29388 runtime_context.cpp:29] DecreaseCounter constructing_actor_cnt, current val is 579
I1012 16:54:54.980980 29403 thread.cpp:96] Thread 1052672 construct Actor kNormalForward 2207613190158
I1012 16:54:54.981140 29403 runtime_context.cpp:29] DecreaseCounter constructing_actor_cnt, current val is 578
I1012 16:54:54.981405 29388 naive_actor.cpp:25] actor 1099614388321 switch to &NaiveActor::HandlerNormal
I1012 16:54:54.981463 29388 thread.cpp:96] Thread 524337 construct Actor kTick 1099614388321
I1012 16:54:54.981515 29388 runtime_context.cpp:29] DecreaseCounter constructing_actor_cnt, current val is 577
I1012 16:54:54.981562 29403 naive_actor.cpp:25] actor 2207613190169 switch to &NaiveActor::HandlerNormal
I1012 16:54:54.981631 29403 thread.cpp:96] Thread 1052672 construct Actor kNormalForward 2207613190169
I1012 16:54:54.981715 29403 runtime_context.cpp:29] DecreaseCounter constructing_actor_cnt, current val is 576
I1012 16:54:54.981918 29388 naive_actor.cpp:25] actor 1099614388324 switch to &NaiveActor::HandlerNormal
I1012 16:54:54.981986 29388 thread.cpp:96] Thread 524337 construct Actor kTick 1099614388324
I1012 16:54:54.982075 29388 runtime_context.cpp:29] DecreaseCounter constructing_actor_cnt, current val is 575
I1012 16:54:54.982149 29392 naive_actor.cpp:25] actor 2199023255578 switch to &NaiveActor::HandlerNormal
I1012 16:54:54.982199 29392 thread.cpp:96] Thread 1048576 construct Actor kNormalForward 2199023255578
I1012 16:54:54.982282 29392 runtime_context.cpp:29] DecreaseCounter constructing_actor_cnt, current val is 574
I1012 16:54:54.982394 29388 naive_actor.cpp:25] actor 1099614388325 switch to &NaiveActor::HandlerNormal
I1012 16:54:54.982447 29388 thread.cpp:96] Thread 524337 construct Actor kTick 1099614388325
I1012 16:54:54.982509 29388 runtime_context.cpp:29] DecreaseCounter constructing_actor_cnt, current val is 573
I1012 16:54:54.982583 29403 naive_actor.cpp:25] actor 2207613190180 switch to &NaiveActor::HandlerNormal
I1012 16:54:54.982640 29403 thread.cpp:96] Thread 1052672 construct Actor kNormalForward 2207613190180
I1012 16:54:54.982734 29403 runtime_context.cpp:29] DecreaseCounter constructing_actor_cnt, current val is 572
I1012 16:54:54.982815 29388 naive_actor.cpp:25] actor 1099614388330 switch to &NaiveActor::HandlerNormal
I1012 16:54:54.982861 29388 thread.cpp:96] Thread 524337 construct Actor kTick 1099614388330
I1012 16:54:54.982926 29388 runtime_context.cpp:29] DecreaseCounter constructing_actor_cnt, current val is 571
I1012 16:54:54.983228 29388 naive_actor.cpp:25] actor 1099614388316 switch to &NaiveActor::HandlerNormal
I1012 16:54:54.983283 29388 thread.cpp:96] Thread 524337 construct Actor kTick 1099614388316
I1012 16:54:54.983373 29388 runtime_context.cpp:29] DecreaseCounter constructing_actor_cnt, current val is 570
I1012 16:54:54.983754 29388 naive_actor.cpp:25] actor 1099614388327 switch to &NaiveActor::HandlerNormal
I1012 16:54:54.983808 29388 thread.cpp:96] Thread 524337 construct Actor kTick 1099614388327
I1012 16:54:54.983867 29388 runtime_context.cpp:29] DecreaseCounter constructing_actor_cnt, current val is 569
I1012 16:54:54.984067 29392 naive_actor.cpp:25] actor 2199023255568 switch to &NaiveActor::HandlerNormal
I1012 16:54:54.984120 29392 thread.cpp:96] Thread 1048576 construct Actor kNormalForward 2199023255568
I1012 16:54:54.984174 29388 naive_actor.cpp:25] actor 1099614388329 switch to &NaiveActor::HandlerNormal
I1012 16:54:54.984187 29392 runtime_context.cpp:29] DecreaseCounter constructing_actor_cnt, current val is 568
I1012 16:54:54.984218 29388 thread.cpp:96] Thread 524337 construct Actor kTick 1099614388329
I1012 16:54:54.984287 29388 runtime_context.cpp:29] DecreaseCounter constructing_actor_cnt, current val is 567
I1012 16:54:54.984604 29388 naive_actor.cpp:25] actor 1099614388317 switch to &NaiveActor::HandlerNormal
I1012 16:54:54.984648 29388 thread.cpp:96] Thread 524337 construct Actor kTick 1099614388317
I1012 16:54:54.984714 29388 runtime_context.cpp:29] DecreaseCounter constructing_actor_cnt, current val is 566
I1012 16:54:54.984915 29403 naive_actor.cpp:25] actor 2207613190181 switch to &NaiveActor::HandlerNormal
I1012 16:54:54.984975 29403 thread.cpp:96] Thread 1052672 construct Actor kNormalForward 2207613190181
I1012 16:54:54.985059 29403 runtime_context.cpp:29] DecreaseCounter constructing_actor_cnt, current val is 565
I1012 16:54:54.985114 29388 naive_actor.cpp:25] actor 1099614388319 switch to &NaiveActor::HandlerNormal
I1012 16:54:54.985165 29388 thread.cpp:96] Thread 524337 construct Actor kTick 1099614388319
I1012 16:54:54.985253 29388 runtime_context.cpp:29] DecreaseCounter constructing_actor_cnt, current val is 564
I1012 16:54:54.985405 29392 naive_actor.cpp:25] actor 2199023255592 switch to &NaiveActor::HandlerNormal
I1012 16:54:54.985518 29392 thread.cpp:96] Thread 1048576 construct Actor kNormalForward 2199023255592
I1012 16:54:54.985708 29392 runtime_context.cpp:29] DecreaseCounter constructing_actor_cnt, current val is 563
I1012 16:54:54.985764 29388 naive_actor.cpp:25] actor 1099614388320 switch to &NaiveActor::HandlerNormal
I1012 16:54:54.985837 29388 thread.cpp:96] Thread 524337 construct Actor kTick 1099614388320
I1012 16:54:54.985905 29388 runtime_context.cpp:29] DecreaseCounter constructing_actor_cnt, current val is 562
I1012 16:54:54.986548 29388 esac_actor.cpp:73] actor 1099614388326 switch to &EsacActor::HandlerNormal
I1012 16:54:54.986599 29388 thread.cpp:96] Thread 524337 construct Actor kEsac 1099614388326
I1012 16:54:54.986640 29403 naive_actor.cpp:25] actor 2207613190160 switch to &NaiveActor::HandlerNormal
I1012 16:54:54.986683 29388 runtime_context.cpp:29] DecreaseCounter constructing_actor_cnt, current val is 561
I1012 16:54:54.986698 29403 thread.cpp:96] Thread 1052672 construct Actor kNormalForward 2207613190160
I1012 16:54:54.986817 29403 runtime_context.cpp:29] DecreaseCounter constructing_actor_cnt, current val is 560
I1012 16:54:54.987071 29392 naive_actor.cpp:25] actor 2199023255569 switch to &NaiveActor::HandlerNormal
I1012 16:54:54.987074 29388 naive_actor.cpp:25] actor 1099614388333 switch to &NaiveActor::HandlerNormal
I1012 16:54:54.987143 29392 thread.cpp:96] Thread 1048576 construct Actor kNormalForward 2199023255569
I1012 16:54:54.987186 29388 thread.cpp:96] Thread 524337 construct Actor kTick 1099614388333
I1012 16:54:54.987341 29388 runtime_context.cpp:29] DecreaseCounter constructing_actor_cnt, current val is 558
I1012 16:54:54.987342 29392 runtime_context.cpp:29] DecreaseCounter constructing_actor_cnt, current val is 559
I1012 16:54:54.987764 29388 reentrant_lock_actor.cpp:76] actor 1099614388296 switch to &ReentrantLockActor::HandlerNormal
I1012 16:54:54.987818 29388 thread.cpp:96] Thread 524337 construct Actor kReentrantLock 1099614388296
I1012 16:54:54.987839 29392 naive_actor.cpp:25] actor 2199023255605 switch to &NaiveActor::HandlerNormal
I1012 16:54:54.987848 29403 naive_actor.cpp:25] actor 2207613190186 switch to &NaiveActor::HandlerNormal
I1012 16:54:54.987886 29388 runtime_context.cpp:29] DecreaseCounter constructing_actor_cnt, current val is 557
I1012 16:54:54.987890 29392 thread.cpp:96] Thread 1048576 construct Actor kNormalForward 2199023255605
I1012 16:54:54.987934 29403 thread.cpp:96] Thread 1052672 construct Actor kNormalForward 2207613190186
I1012 16:54:54.988075 29392 runtime_context.cpp:29] DecreaseCounter constructing_actor_cnt, current val is 556
I1012 16:54:54.988107 29403 runtime_context.cpp:29] DecreaseCounter constructing_actor_cnt, current val is 555
I1012 16:54:54.988289 29388 naive_actor.cpp:25] actor 1099614388310 switch to &NaiveActor::HandlerNormal
I1012 16:54:54.988349 29388 thread.cpp:96] Thread 524337 construct Actor kTick 1099614388310
I1012 16:54:54.988422 29388 runtime_context.cpp:29] DecreaseCounter constructing_actor_cnt, current val is 554
I1012 16:54:54.988751 29388 naive_actor.cpp:25] actor 1099614388311 switch to &NaiveActor::HandlerNormal
I1012 16:54:54.988806 29388 thread.cpp:96] Thread 524337 construct Actor kTick 1099614388311
I1012 16:54:54.988868 29388 runtime_context.cpp:29] DecreaseCounter constructing_actor_cnt, current val is 553
I1012 16:54:54.989140 29403 naive_actor.cpp:25] actor 2207613190175 switch to &NaiveActor::HandlerNormal
I1012 16:54:54.989190 29388 naive_actor.cpp:25] actor 1099614388304 switch to &NaiveActor::HandlerNormal
I1012 16:54:54.989199 29403 thread.cpp:96] Thread 1052672 construct Actor kNormalForward 2207613190175
I1012 16:54:54.989238 29388 thread.cpp:96] Thread 524337 construct Actor kTick 1099614388304
I1012 16:54:54.989327 29403 runtime_context.cpp:29] DecreaseCounter constructing_actor_cnt, current val is 552
I1012 16:54:54.989342 29388 runtime_context.cpp:29] DecreaseCounter constructing_actor_cnt, current val is 551
I1012 16:54:54.989523 29392 naive_actor.cpp:25] actor 2199023255575 switch to &NaiveActor::HandlerNormal
I1012 16:54:54.989620 29392 thread.cpp:96] Thread 1048576 construct Actor kNormalForward 2199023255575
I1012 16:54:54.989697 29388 naive_actor.cpp:25] actor 1099614388314 switch to &NaiveActor::HandlerNormal
I1012 16:54:54.989738 29392 runtime_context.cpp:29] DecreaseCounter constructing_actor_cnt, current val is 550
I1012 16:54:54.989744 29388 thread.cpp:96] Thread 524337 construct Actor kTick 1099614388314
I1012 16:54:54.989858 29388 runtime_context.cpp:29] DecreaseCounter constructing_actor_cnt, current val is 549
I1012 16:54:54.990188 29388 naive_actor.cpp:25] actor 1099614388312 switch to &NaiveActor::HandlerNormal
I1012 16:54:54.990245 29388 thread.cpp:96] Thread 524337 construct Actor kTick 1099614388312
I1012 16:54:54.990307 29388 runtime_context.cpp:29] DecreaseCounter constructing_actor_cnt, current val is 548
I1012 16:54:54.990638 29388 naive_actor.cpp:25] actor 1099614388307 switch to &NaiveActor::HandlerNormal
I1012 16:54:54.990680 29403 naive_actor.cpp:25] actor 2207613190167 switch to &NaiveActor::HandlerNormal
I1012 16:54:54.990684 29388 thread.cpp:96] Thread 524337 construct Actor kTick 1099614388307
I1012 16:54:54.990684 29392 naive_actor.cpp:25] actor 2199023255574 switch to &NaiveActor::HandlerNormal
I1012 16:54:54.990739 29403 thread.cpp:96] Thread 1052672 construct Actor kNormalForward 2207613190167
I1012 16:54:54.990826 29388 runtime_context.cpp:29] DecreaseCounter constructing_actor_cnt, current val is 547
I1012 16:54:54.990834 29392 thread.cpp:96] Thread 1048576 construct Actor kNormalForward 2199023255574
I1012 16:54:54.990906 29403 runtime_context.cpp:29] DecreaseCounter constructing_actor_cnt, current val is 546
I1012 16:54:54.990972 29392 runtime_context.cpp:29] DecreaseCounter constructing_actor_cnt, current val is 545
I1012 16:54:54.991261 29388 naive_actor.cpp:25] actor 1099614388309 switch to &NaiveActor::HandlerNormal
I1012 16:54:54.991313 29388 thread.cpp:96] Thread 524337 construct Actor kTick 1099614388309
I1012 16:54:54.991386 29388 runtime_context.cpp:29] DecreaseCounter constructing_actor_cnt, current val is 544
I1012 16:54:54.991771 29388 naive_actor.cpp:25] actor 1099614388318 switch to &NaiveActor::HandlerNormal
I1012 16:54:54.991822 29388 thread.cpp:96] Thread 524337 construct Actor kTick 1099614388318
I1012 16:54:54.991887 29388 runtime_context.cpp:29] DecreaseCounter constructing_actor_cnt, current val is 543
I1012 16:54:54.992058 29392 naive_actor.cpp:25] actor 2199023255580 switch to &NaiveActor::HandlerNormal
I1012 16:54:54.992105 29392 thread.cpp:96] Thread 1048576 construct Actor kNormalForward 2199023255580
I1012 16:54:54.992182 29392 runtime_context.cpp:29] DecreaseCounter constructing_actor_cnt, current val is 542
I1012 16:54:54.992408 29403 naive_actor.cpp:25] actor 2207613190220 switch to &NaiveActor::HandlerNormal
I1012 16:54:54.992411 29388 naive_actor.cpp:25] actor 1099614388332 switch to &NaiveActor::HandlerNormal
I1012 16:54:54.992477 29403 thread.cpp:96] Thread 1052672 construct Actor kNormalForward 2207613190220
I1012 16:54:54.992523 29388 thread.cpp:96] Thread 524337 construct Actor kTick 1099614388332
I1012 16:54:54.992616 29403 runtime_context.cpp:29] DecreaseCounter constructing_actor_cnt, current val is 541
I1012 16:54:54.992638 29388 runtime_context.cpp:29] DecreaseCounter constructing_actor_cnt, current val is 540
I1012 16:54:54.993012 29388 naive_actor.cpp:25] actor 1099614388313 switch to &NaiveActor::HandlerNormal
I1012 16:54:54.993072 29388 thread.cpp:96] Thread 524337 construct Actor kTick 1099614388313
I1012 16:54:54.993149 29388 runtime_context.cpp:29] DecreaseCounter constructing_actor_cnt, current val is 539
I1012 16:54:54.993574 29388 naive_actor.cpp:25] actor 1099614388331 switch to &NaiveActor::HandlerNormal
I1012 16:54:54.993649 29388 thread.cpp:96] Thread 524337 construct Actor kTick 1099614388331
I1012 16:54:54.993721 29388 runtime_context.cpp:29] DecreaseCounter constructing_actor_cnt, current val is 538
I1012 16:54:54.993832 29392 naive_actor.cpp:25] actor 2199023255552 switch to &NaiveActor::HandlerNormal
I1012 16:54:54.993927 29392 thread.cpp:96] Thread 1048576 construct Actor kNormalForward 2199023255552
I1012 16:54:54.994010 29403 naive_actor.cpp:25] actor 2207613190188 switch to &NaiveActor::HandlerNormal
I1012 16:54:54.994019 29392 runtime_context.cpp:29] DecreaseCounter constructing_actor_cnt, current val is 537
I1012 16:54:54.994076 29403 thread.cpp:96] Thread 1052672 construct Actor kNormalForward 2207613190188
I1012 16:54:54.994174 29388 naive_actor.cpp:25] actor 1099614388306 switch to &NaiveActor::HandlerNormal
I1012 16:54:54.994189 29403 runtime_context.cpp:29] DecreaseCounter constructing_actor_cnt, current val is 536
I1012 16:54:54.994227 29388 thread.cpp:96] Thread 524337 construct Actor kTick 1099614388306
I1012 16:54:54.994347 29388 runtime_context.cpp:29] DecreaseCounter constructing_actor_cnt, current val is 535
I1012 16:54:54.994815 29388 naive_actor.cpp:25] actor 1099614388308 switch to &NaiveActor::HandlerNormal
I1012 16:54:54.994871 29388 thread.cpp:96] Thread 524337 construct Actor kTick 1099614388308
I1012 16:54:54.994940 29388 runtime_context.cpp:29] DecreaseCounter constructing_actor_cnt, current val is 534
I1012 16:54:54.995157 29403 naive_actor.cpp:25] actor 2207613190173 switch to &NaiveActor::HandlerNormal
I1012 16:54:54.995211 29403 thread.cpp:96] Thread 1052672 construct Actor kNormalForward 2207613190173
I1012 16:54:54.995287 29403 runtime_context.cpp:29] DecreaseCounter constructing_actor_cnt, current val is 533
I1012 16:54:54.995343 29388 naive_actor.cpp:25] actor 1099614388303 switch to &NaiveActor::HandlerNormal
I1012 16:54:54.995404 29388 thread.cpp:96] Thread 524337 construct Actor kTick 1099614388303
I1012 16:54:54.995438 29392 naive_actor.cpp:25] actor 2199023255604 switch to &NaiveActor::HandlerNormal
I1012 16:54:54.995498 29388 runtime_context.cpp:29] DecreaseCounter constructing_actor_cnt, current val is 532
I1012 16:54:54.995499 29392 thread.cpp:96] Thread 1048576 construct Actor kNormalForward 2199023255604
I1012 16:54:54.995653 29392 runtime_context.cpp:29] DecreaseCounter constructing_actor_cnt, current val is 531
I1012 16:54:54.996079 29392 naive_actor.cpp:25] actor 2199023255559 switch to &NaiveActor::HandlerNormal
I1012 16:54:54.996171 29392 thread.cpp:96] Thread 1048576 construct Actor kNormalForward 2199023255559
I1012 16:54:54.996246 29392 runtime_context.cpp:29] DecreaseCounter constructing_actor_cnt, current val is 530
I1012 16:54:54.996937 29403 naive_actor.cpp:25] actor 2207613190174 switch to &NaiveActor::HandlerNormal
I1012 16:54:54.997004 29403 thread.cpp:96] Thread 1052672 construct Actor kNormalForward 2207613190174
I1012 16:54:54.997081 29403 runtime_context.cpp:29] DecreaseCounter constructing_actor_cnt, current val is 529
I1012 16:54:54.997143 29392 naive_actor.cpp:25] actor 2199023255595 switch to &NaiveActor::HandlerNormal
I1012 16:54:54.997206 29392 thread.cpp:96] Thread 1048576 construct Actor kNormalForward 2199023255595
I1012 16:54:54.997287 29392 runtime_context.cpp:29] DecreaseCounter constructing_actor_cnt, current val is 528
I1012 16:54:54.998275 29403 naive_actor.cpp:25] actor 2207613190215 switch to &NaiveActor::HandlerNormal
I1012 16:54:54.998327 29403 thread.cpp:96] Thread 1052672 construct Actor kNormalForward 2207613190215
I1012 16:54:54.998411 29403 runtime_context.cpp:29] DecreaseCounter constructing_actor_cnt, current val is 527
I1012 16:54:54.998575 29392 naive_actor.cpp:25] actor 2199023255624 switch to &NaiveActor::HandlerNormal
I1012 16:54:54.998633 29392 thread.cpp:96] Thread 1048576 construct Actor kNormalForward 2199023255624
I1012 16:54:54.998733 29392 runtime_context.cpp:29] DecreaseCounter constructing_actor_cnt, current val is 526
I1012 16:54:54.999675 29403 naive_actor.cpp:25] actor 2207613190297 switch to &NaiveActor::HandlerNormal
I1012 16:54:54.999728 29403 thread.cpp:96] Thread 1052672 construct Actor kNormalForward 2207613190297
I1012 16:54:54.999806 29403 runtime_context.cpp:29] DecreaseCounter constructing_actor_cnt, current val is 525
I1012 16:54:54.999845 29392 naive_actor.cpp:25] actor 2199023255648 switch to &NaiveActor::HandlerNormal
I1012 16:54:54.999938 29392 thread.cpp:96] Thread 1048576 construct Actor kNormalForward 2199023255648
I1012 16:54:55.000044 29392 runtime_context.cpp:29] DecreaseCounter constructing_actor_cnt, current val is 524
I1012 16:54:55.000173 29403 naive_actor.cpp:25] actor 2207613190183 switch to &NaiveActor::HandlerNormal
I1012 16:54:55.000224 29403 thread.cpp:96] Thread 1052672 construct Actor kNormalForward 2207613190183
I1012 16:54:55.000290 29403 runtime_context.cpp:29] DecreaseCounter constructing_actor_cnt, current val is 523
I1012 16:54:55.001336 29392 naive_actor.cpp:25] actor 2199023255672 switch to &NaiveActor::HandlerNormal
I1012 16:54:55.006036 29392 thread.cpp:96] Thread 1048576 construct Actor kNormalForward 2199023255672
I1012 16:54:55.006140 29392 runtime_context.cpp:29] DecreaseCounter constructing_actor_cnt, current val is 522
I1012 16:54:55.006788 29403 naive_actor.cpp:25] actor 2207613190213 switch to &NaiveActor::HandlerNormal
I1012 16:54:55.006839 29403 thread.cpp:96] Thread 1052672 construct Actor kNormalForward 2207613190213
I1012 16:54:55.006916 29403 runtime_context.cpp:29] DecreaseCounter constructing_actor_cnt, current val is 521
I1012 16:54:55.007411 29392 naive_actor.cpp:25] actor 2199023255641 switch to &NaiveActor::HandlerNormal
I1012 16:54:55.007478 29392 thread.cpp:96] Thread 1048576 construct Actor kNormalForward 2199023255641
I1012 16:54:55.007563 29392 runtime_context.cpp:29] DecreaseCounter constructing_actor_cnt, current val is 520
I1012 16:54:55.007849 29403 naive_actor.cpp:25] actor 2207613190227 switch to &NaiveActor::HandlerNormal
I1012 16:54:55.007897 29403 thread.cpp:96] Thread 1052672 construct Actor kNormalForward 2207613190227
I1012 16:54:55.007982 29403 runtime_context.cpp:29] DecreaseCounter constructing_actor_cnt, current val is 519
I1012 16:54:55.008843 29392 naive_actor.cpp:25] actor 2199023255585 switch to &NaiveActor::HandlerNormal
I1012 16:54:55.008899 29392 thread.cpp:96] Thread 1048576 construct Actor kNormalForward 2199023255585
I1012 16:54:55.008978 29392 runtime_context.cpp:29] DecreaseCounter constructing_actor_cnt, current val is 518
I1012 16:54:55.008981 29403 naive_actor.cpp:25] actor 2207613190251 switch to &NaiveActor::HandlerNormal
I1012 16:54:55.009066 29403 thread.cpp:96] Thread 1052672 construct Actor kNormalForward 2207613190251
I1012 16:54:55.009143 29403 runtime_context.cpp:29] DecreaseCounter constructing_actor_cnt, current val is 517
I1012 16:54:55.009537 29403 naive_actor.cpp:25] actor 2207613190185 switch to &NaiveActor::HandlerNormal
I1012 16:54:55.009585 29403 thread.cpp:96] Thread 1052672 construct Actor kNormalForward 2207613190185
I1012 16:54:55.009654 29403 runtime_context.cpp:29] DecreaseCounter constructing_actor_cnt, current val is 516
I1012 16:54:55.010004 29403 naive_actor.cpp:25] actor 2207613190204 switch to &NaiveActor::HandlerNormal
I1012 16:54:55.010047 29403 thread.cpp:96] Thread 1052672 construct Actor kNormalForward 2207613190204
I1012 16:54:55.010123 29403 runtime_context.cpp:29] DecreaseCounter constructing_actor_cnt, current val is 515
I1012 16:54:55.010169 29392 naive_actor.cpp:25] actor 2199023255665 switch to &NaiveActor::HandlerNormal
I1012 16:54:55.010223 29392 thread.cpp:96] Thread 1048576 construct Actor kNormalForward 2199023255665
I1012 16:54:55.010310 29392 runtime_context.cpp:29] DecreaseCounter constructing_actor_cnt, current val is 514
I1012 16:54:55.011246 29403 naive_actor.cpp:25] actor 2207613190184 switch to &NaiveActor::HandlerNormal
I1012 16:54:55.011297 29403 thread.cpp:96] Thread 1052672 construct Actor kNormalForward 2207613190184
I1012 16:54:55.011384 29403 runtime_context.cpp:29] DecreaseCounter constructing_actor_cnt, current val is 513
I1012 16:54:55.011544 29392 naive_actor.cpp:25] actor 2199023255689 switch to &NaiveActor::HandlerNormal
I1012 16:54:55.011597 29392 thread.cpp:96] Thread 1048576 construct Actor kNormalForward 2199023255689
I1012 16:54:55.011672 29392 runtime_context.cpp:29] DecreaseCounter constructing_actor_cnt, current val is 512
I1012 16:54:55.012378 29403 naive_actor.cpp:25] actor 2207613190208 switch to &NaiveActor::HandlerNormal
I1012 16:54:55.012444 29403 thread.cpp:96] Thread 1052672 construct Actor kNormalForward 2207613190208
I1012 16:54:55.012519 29403 runtime_context.cpp:29] DecreaseCounter constructing_actor_cnt, current val is 511
I1012 16:54:55.013020 29392 naive_actor.cpp:25] actor 2199023255713 switch to &NaiveActor::HandlerNormal
I1012 16:54:55.013078 29392 thread.cpp:96] Thread 1048576 construct Actor kNormalForward 2199023255713
I1012 16:54:55.013164 29392 runtime_context.cpp:29] DecreaseCounter constructing_actor_cnt, current val is 510
I1012 16:54:55.013487 29403 naive_actor.cpp:25] actor 2207613190210 switch to &NaiveActor::HandlerNormal
I1012 16:54:55.013537 29403 thread.cpp:96] Thread 1052672 construct Actor kNormalForward 2207613190210
I1012 16:54:55.013620 29403 runtime_context.cpp:29] DecreaseCounter constructing_actor_cnt, current val is 509
I1012 16:54:55.013990 29403 naive_actor.cpp:25] actor 2207613190199 switch to &NaiveActor::HandlerNormal
I1012 16:54:55.014034 29403 thread.cpp:96] Thread 1052672 construct Actor kNormalForward 2207613190199
I1012 16:54:55.014097 29403 runtime_context.cpp:29] DecreaseCounter constructing_actor_cnt, current val is 508
I1012 16:54:55.014326 29392 naive_actor.cpp:25] actor 2199023255587 switch to &NaiveActor::HandlerNormal
I1012 16:54:55.014375 29392 thread.cpp:96] Thread 1048576 construct Actor kNormalForward 2199023255587
I1012 16:54:55.014459 29392 runtime_context.cpp:29] DecreaseCounter constructing_actor_cnt, current val is 507
