Log file created at: 2021/10/13 15:49:31
Running on machine: oneflow-14
Log line format: [IWEF]mmdd hh:mm:ss.uuuuuu threadid file:line] msg
I1013 15:49:31.876288 42507 global.h:36] NewGlobal 14cudaDeviceProp
I1013 15:49:31.877326 42507 global.h:36] NewGlobal N7oneflow7EnvDescE
I1013 15:49:31.877348 42507 global.h:36] NewGlobal N7oneflow10ProcessCtxE
I1013 15:49:31.877357 42507 env_global_objects_scope.cpp:152] using rpc backend: local
I1013 15:49:31.877375 42507 global.h:36] NewGlobal N7oneflow12ResourceDescE
I1013 15:49:31.877385 42507 global.h:36] NewGlobal N7oneflow12ResourceDescE
I1013 15:49:31.965998 42507 global.h:36] NewGlobal N7oneflow10ThreadPoolE
I1013 15:49:31.967742 42507 global.h:36] NewGlobal N7oneflow16EagerNcclCommMgrE
I1013 15:49:31.967765 42507 global.h:36] NewGlobal N7oneflow18CudnnConvAlgoCacheE
I1013 15:49:31.967777 42507 global.h:36] NewGlobal N7oneflow2vm19VirtualMachineScopeE
I1013 15:49:31.967787 42507 global.h:36] NewGlobal N7oneflow9OneflowVME
I1013 15:49:31.968935 42507 oneflow_vm.cpp:75] transport stream type: N7oneflow2vm13CpuStreamTypeE
I1013 15:49:31.968956 42507 oneflow_vm.cpp:75] transport stream type: N7oneflow2vm14CudaStreamTypeE
I1013 15:49:31.968966 42507 oneflow_vm.cpp:75] transport stream type: N7oneflow2vm19AsyncCudaStreamTypeE
I1013 15:49:31.969152 42507 global.h:36] NewGlobal N7oneflow27EagerJobBuildAndInferCtxMgrE
I1013 15:49:31.969170 42507 global.h:36] NewGlobal N7oneflow12EpollCommNetE
I1013 15:49:31.969334 42507 epoll_comm_network.cpp:63] CommNet:Epoll listening on 0.0.0.0:38385
I1013 15:49:31.969383 42507 epoll_comm_network.cpp:197] machine 0 sockfd -1
I1013 15:49:31.969547 42507 global.h:36] NewGlobal N7oneflow9TransportE
I1013 15:49:31.971472 42507 global.h:43] DeleteGlobal N7oneflow12ResourceDescE
I1013 15:49:31.971511 42507 version.cpp:22] OneFlow git version: b295ca2324
I1013 15:49:31.971534 42507 device_register_gpu.cpp:56] CUDA runtime version: 11.2
I1013 15:49:31.971560 42507 device_register_gpu.cpp:65] cuDNN version: 8.1.1
I1013 15:49:31.971587 42507 device_register_gpu.cpp:78] NCCL version: 2.9.8
I1013 15:49:31.971599 42507 global.h:36] NewGlobal N7oneflow12ResourceDescE
I1013 15:49:31.971611 42507 global.h:36] NewGlobal N7oneflow5IDMgrE
I1013 15:49:31.971622 42507 global.h:36] NewGlobal N7oneflow16AvailableMemDescE
I1013 15:49:31.971654 42507 global.h:36] NewGlobal St13unordered_mapISslSt4hashISsESt8equal_toISsESaISt4pairIKSslEEE
I1013 15:49:31.971664 42507 global.h:36] NewGlobal N7oneflow19CriticalSectionDescE
I1013 15:49:31.971673 42507 global.h:36] NewGlobal N7oneflow16InterUserJobInfoE
I1013 15:49:31.971684 42507 global.h:36] NewGlobal N7oneflow26LazyJobBuildAndInferCtxMgrE
I1013 15:49:31.971693 42507 global.h:36] NewGlobal N7oneflow16JobSetCompileCtxE
I1013 15:49:31.971704 42507 global.h:36] NewGlobal N7oneflow26RuntimeBufferManagersScopeE
I1013 15:49:31.971712 42507 global.h:36] NewGlobal N7oneflow9BufferMgrIlEE
I1013 15:49:31.971721 42507 global.h:36] NewGlobal N7oneflow9BufferMgrISt10shared_ptrINS_11JobInstanceEEEE
I1013 15:49:31.971731 42507 global.h:36] NewGlobal N7oneflow10RuntimeCtxE
I1013 15:49:31.971740 42507 global.h:36] NewGlobal N7oneflow15MemoryAllocatorE
I1013 15:49:31.971748 42507 global.h:36] NewGlobal N7oneflow8ChunkMgrE
I1013 15:49:31.971757 42507 global.h:36] NewGlobal N7oneflow8RegstMgrE
I1013 15:49:31.971766 42507 global.h:36] NewGlobal N7oneflow11ActorMsgBusE
I1013 15:49:31.971776 42507 global.h:36] NewGlobal N7oneflow9ThreadMgrE
I1013 15:49:31.971783 42507 global.h:36] NewGlobal N7oneflow15RuntimeJobDescsE
I1013 15:49:31.971792 42507 global.h:36] NewGlobal N7oneflow7summary12EventsWriterE
I1013 15:49:31.971804 42507 global.h:36] NewGlobal N7oneflow6boxing10collective24CollectiveBoxingExecutorE
I1013 15:49:31.971813 42507 global.h:36] NewGlobal N7oneflow6boxing10collective31CollectiveBoxingDeviceCtxPollerE
I1013 15:49:31.971982 42507 session.h:77] NewGlobal N7oneflow25SessionGlobalObjectsScopeE
I1013 15:49:31.972981 42507 global.h:36] NewGlobal N7oneflow7JobDescE
I1013 15:49:32.495586 42507 global.h:43] DeleteGlobal N7oneflow7JobDescE
I1013 15:49:32.495832 42507 global.h:36] NewGlobal N7oneflow7JobDescE
I1013 15:49:32.499480 42507 global.h:36] NewGlobal N7oneflow7OpGraphE
I1013 15:49:32.504762 42507 global.h:43] DeleteGlobal N7oneflow7OpGraphE
I1013 15:49:32.691195 42507 global.h:43] DeleteGlobal N7oneflow7JobDescE
I1013 15:49:32.709030 42507 global.h:36] NewGlobal N7oneflow24InterJobReuseMemStrategyE
I1013 15:49:32.709055 42507 global.h:36] NewGlobal N7oneflow7OneflowE
I1013 15:49:32.721573 42507 global.h:36] NewGlobal N7oneflow7JobDescE
I1013 15:49:32.952297 42507 global.h:36] NewGlobal N7oneflow7OpGraphE
I1013 15:49:33.032270 42507 global.h:43] DeleteGlobal N7oneflow7OpGraphE
I1013 15:49:33.041797 42507 oneflow.cpp:210] 
job_id: 0 , job_name: train_job , compile time: 0.320179 seconds.
I1013 15:49:33.093559 42507 global.h:43] DeleteGlobal N7oneflow7JobDescE
I1013 15:49:33.093859 42507 global.h:36] NewGlobal N7oneflow7JobDescE
I1013 15:49:33.140156 42507 global.h:36] NewGlobal N7oneflow7OpGraphE
I1013 15:49:33.157248 42507 global.h:43] DeleteGlobal N7oneflow7OpGraphE
I1013 15:49:33.162214 42507 oneflow.cpp:210] 
job_id: 1 , job_name: System-ModelInit , compile time: 0.0679811 seconds.
I1013 15:49:33.173836 42507 global.h:43] DeleteGlobal N7oneflow7JobDescE
I1013 15:49:33.173864 42507 global.h:36] NewGlobal N7oneflow7JobDescE
I1013 15:49:33.218562 42507 global.h:36] NewGlobal N7oneflow7OpGraphE
I1013 15:49:33.235741 42507 global.h:43] DeleteGlobal N7oneflow7OpGraphE
I1013 15:49:33.239905 42507 oneflow.cpp:210] 
job_id: 2 , job_name: System-ModelLoad , compile time: 0.0660224 seconds.
I1013 15:49:33.251638 42507 global.h:43] DeleteGlobal N7oneflow7JobDescE
I1013 15:49:33.251665 42507 global.h:36] NewGlobal N7oneflow7JobDescE
I1013 15:49:33.296425 42507 global.h:36] NewGlobal N7oneflow7OpGraphE
I1013 15:49:33.313980 42507 global.h:43] DeleteGlobal N7oneflow7OpGraphE
I1013 15:49:33.318827 42507 oneflow.cpp:210] 
job_id: 3 , job_name: System-ModelSave , compile time: 0.0671455 seconds.
I1013 15:49:33.331048 42507 global.h:43] DeleteGlobal N7oneflow7JobDescE
I1013 15:49:33.331074 42507 global.h:36] NewGlobal N7oneflow7JobDescE
I1013 15:49:33.339306 42507 global.h:36] NewGlobal N7oneflow7OpGraphE
I1013 15:49:33.356963 42507 global.h:43] DeleteGlobal N7oneflow7OpGraphE
I1013 15:49:33.358491 42507 oneflow.cpp:210] 
job_id: 4 , job_name: System-Pull-Return_27 , compile time: 0.0274104 seconds.
I1013 15:49:33.362052 42507 global.h:43] DeleteGlobal N7oneflow7JobDescE
I1013 15:49:33.366207 42507 global.h:36] NewGlobal N7oneflow7JobDescE
I1013 15:49:33.366240 42507 global.h:36] NewGlobal N7oneflow7OpGraphE
I1013 15:49:33.371758 42507 global.h:43] DeleteGlobal N7oneflow7OpGraphE
I1013 15:49:33.374742 42507 oneflow.cpp:210] 
job_id: 5 , job_name: MainJob-unamed , compile time: 0.00851149 seconds.
I1013 15:49:33.381644 42507 global.h:43] DeleteGlobal N7oneflow7JobDescE
I1013 15:49:33.384232 42507 plan_util.cpp:928]  Plan: merged_plan needs to allocate [ 1390.45 MiB ] device memory in Rank: 0 , Device: 0
I1013 15:49:33.492048 42507 oneflow.cpp:998]  PushPlan merged_plan time: 0.01072 seconds.
I1013 15:49:33.521852 42507 oneflow.cpp:1014]  PullPlan merged_plan time: 0.0248023 seconds.
I1013 15:49:35.447064 42507 runtime_context.cpp:21] NewCounter constructing_actor_cnt 409
I1013 15:49:35.448185 43059 naive_actor.cpp:25] actor 1099614388226 switch to &NaiveActor::HandlerNormal
I1013 15:49:35.448338 43059 thread.cpp:96] Thread 524337 construct Actor kDeviceTick 1099614388226
I1013 15:49:35.448524 43059 runtime_context.cpp:29] DecreaseCounter constructing_actor_cnt, current val is 408
I1013 15:49:35.448604 43060 wait_and_send_ids_actor.cpp:53] actor 1099616485376 switch to &WaitAndSendIdsActor::HandlerWaitToStart
I1013 15:49:35.448664 43060 thread.cpp:96] Thread 524338 construct Actor kWaitAndSendIds 1099616485376
I1013 15:49:35.448801 43060 runtime_context.cpp:29] DecreaseCounter constructing_actor_cnt, current val is 407
I1013 15:49:35.448807 43059 naive_actor.cpp:25] actor 1099614388233 switch to &NaiveActor::HandlerNormal
I1013 15:49:35.448237 43066 naive_actor.cpp:25] actor 2199023255720 switch to &NaiveActor::HandlerNormal
I1013 15:49:35.448900 43059 thread.cpp:96] Thread 524337 construct Actor kDeviceTick 1099614388233
I1013 15:49:35.449090 43066 thread.cpp:96] Thread 1048576 construct Actor kDeviceTick 2199023255720
I1013 15:49:35.449157 43059 runtime_context.cpp:29] DecreaseCounter constructing_actor_cnt, current val is 406
I1013 15:49:35.449193 43066 runtime_context.cpp:29] DecreaseCounter constructing_actor_cnt, current val is 405
I1013 15:49:35.449443 43059 naive_actor.cpp:25] actor 1099614388243 switch to &NaiveActor::HandlerNormal
I1013 15:49:35.449472 43066 naive_actor.cpp:25] actor 2199023255759 switch to &NaiveActor::HandlerNormal
I1013 15:49:35.449481 43059 thread.cpp:96] Thread 524337 construct Actor kDeviceTick 1099614388243
I1013 15:49:35.449512 43066 thread.cpp:96] Thread 1048576 construct Actor kDeviceTick 2199023255759
I1013 15:49:35.449594 43059 runtime_context.cpp:29] DecreaseCounter constructing_actor_cnt, current val is 404
I1013 15:49:35.449610 43066 runtime_context.cpp:29] DecreaseCounter constructing_actor_cnt, current val is 403
I1013 15:49:35.449853 43059 naive_actor.cpp:25] actor 1099614388252 switch to &NaiveActor::HandlerNormal
I1013 15:49:35.449859 43066 naive_actor.cpp:25] actor 2199023255798 switch to &NaiveActor::HandlerNormal
I1013 15:49:35.449908 43059 thread.cpp:96] Thread 524337 construct Actor kDeviceTick 1099614388252
I1013 15:49:35.449940 43066 thread.cpp:96] Thread 1048576 construct Actor kDeviceTick 2199023255798
I1013 15:49:35.450006 43059 runtime_context.cpp:29] DecreaseCounter constructing_actor_cnt, current val is 402
I1013 15:49:35.450027 43066 runtime_context.cpp:29] DecreaseCounter constructing_actor_cnt, current val is 401
I1013 15:49:35.450271 43066 naive_actor.cpp:25] actor 2199023255837 switch to &NaiveActor::HandlerNormal
I1013 15:49:35.450296 43059 naive_actor.cpp:25] actor 1099614388261 switch to &NaiveActor::HandlerNormal
I1013 15:49:35.450325 43066 thread.cpp:96] Thread 1048576 construct Actor kDeviceTick 2199023255837
I1013 15:49:35.450349 43059 thread.cpp:96] Thread 524337 construct Actor kDeviceTick 1099614388261
I1013 15:49:35.450404 43066 runtime_context.cpp:29] DecreaseCounter constructing_actor_cnt, current val is 400
I1013 15:49:35.450429 43059 runtime_context.cpp:29] DecreaseCounter constructing_actor_cnt, current val is 399
I1013 15:49:35.450690 43059 naive_actor.cpp:25] actor 1099614388269 switch to &NaiveActor::HandlerNormal
I1013 15:49:35.450724 43059 thread.cpp:96] Thread 524337 construct Actor kDeviceTick 1099614388269
I1013 15:49:35.450774 43059 runtime_context.cpp:29] DecreaseCounter constructing_actor_cnt, current val is 398
I1013 15:49:35.451020 43059 naive_actor.cpp:25] actor 1099614388276 switch to &NaiveActor::HandlerNormal
I1013 15:49:35.451052 43059 thread.cpp:96] Thread 524337 construct Actor kDeviceTick 1099614388276
I1013 15:49:35.451104 43059 runtime_context.cpp:29] DecreaseCounter constructing_actor_cnt, current val is 397
I1013 15:49:35.464902 43042 naive_actor.cpp:25] actor 1099522113536 switch to &NaiveActor::HandlerNormal
I1013 15:49:35.465052 43042 thread.cpp:96] Thread 524293 construct Actor kNormalForward 1099522113536
I1013 15:49:35.465092 43048 naive_actor.cpp:25] actor 1099534696448 switch to &NaiveActor::HandlerNormal
I1013 15:49:35.465258 43051 naive_actor.cpp:25] actor 1099540987904 switch to &NaiveActor::HandlerNormal
I1013 15:49:35.465163 43043 naive_actor.cpp:25] actor 1099524210688 switch to &NaiveActor::HandlerNormal
I1013 15:49:35.465438 43053 naive_actor.cpp:25] actor 1099545182208 switch to &NaiveActor::HandlerNormal
I1013 15:49:35.465584 43052 naive_actor.cpp:25] actor 1099543085056 switch to &NaiveActor::HandlerNormal
I1013 15:49:35.465212 43047 naive_actor.cpp:25] actor 1099532599296 switch to &NaiveActor::HandlerNormal
I1013 15:49:35.465721 43055 naive_actor.cpp:25] actor 1099549376512 switch to &NaiveActor::HandlerNormal
I1013 15:49:35.465149 43044 naive_actor.cpp:25] actor 1099526307840 switch to &NaiveActor::HandlerNormal
I1013 15:49:35.465276 43048 thread.cpp:96] Thread 524299 construct Actor kForeignInput 1099534696448
I1013 15:49:35.465301 43045 naive_actor.cpp:25] actor 1099528404992 switch to &NaiveActor::HandlerNormal
I1013 15:49:35.465365 43051 thread.cpp:96] Thread 524302 construct Actor kForeignInput 1099540987904
I1013 15:49:35.465401 43040 naive_actor.cpp:25] actor 1099517919232 switch to &NaiveActor::HandlerNormal
I1013 15:49:35.466305 43040 thread.cpp:96] Thread 524291 construct Actor kNormalForward 1099517919232
I1013 15:49:35.465461 43043 thread.cpp:96] Thread 524294 construct Actor kNormalForward 1099524210688
I1013 15:49:35.465528 43046 naive_actor.cpp:25] actor 1099530502144 switch to &NaiveActor::HandlerNormal
I1013 15:49:35.466518 43046 thread.cpp:96] Thread 524297 construct Actor kNormalForward 1099530502144
I1013 15:49:35.465574 43038 naive_actor.cpp:25] actor 1099513724928 switch to &NaiveActor::HandlerNormal
I1013 15:49:35.465191 43054 naive_actor.cpp:25] actor 1099547279360 switch to &NaiveActor::HandlerNormal
I1013 15:49:35.465601 43053 thread.cpp:96] Thread 524304 construct Actor kNormalForward 1099545182208
I1013 15:49:35.465699 43052 thread.cpp:96] Thread 524303 construct Actor kNormalForward 1099543085056
I1013 15:49:35.466845 43053 runtime_context.cpp:29] DecreaseCounter constructing_actor_cnt, current val is 390
I1013 15:49:35.466884 43052 runtime_context.cpp:29] DecreaseCounter constructing_actor_cnt, current val is 389
I1013 15:49:35.465761 43056 naive_actor.cpp:25] actor 1099551473664 switch to &NaiveActor::HandlerNormal
I1013 15:49:35.467006 43056 thread.cpp:96] Thread 524307 construct Actor kNormalForward 1099551473664
I1013 15:49:35.465777 43057 naive_actor.cpp:25] actor 1099553570816 switch to &NaiveActor::HandlerNormal
I1013 15:49:35.467090 43056 runtime_context.cpp:29] DecreaseCounter constructing_actor_cnt, current val is 388
I1013 15:49:35.467111 43057 thread.cpp:96] Thread 524308 construct Actor kNormalForward 1099553570816
I1013 15:49:35.465796 43047 thread.cpp:96] Thread 524298 construct Actor kNormalForward 1099532599296
I1013 15:49:35.467201 43057 runtime_context.cpp:29] DecreaseCounter constructing_actor_cnt, current val is 387
I1013 15:49:35.465919 43070 naive_actor.cpp:25] actor 2199027449856 switch to &NaiveActor::HandlerNormal
I1013 15:49:35.467267 43047 runtime_context.cpp:29] DecreaseCounter constructing_actor_cnt, current val is 386
I1013 15:49:35.467290 43070 thread.cpp:96] Thread 1048578 construct Actor kCopyHd 2199027449856
I1013 15:49:35.465953 43061 sink_actor.cpp:21] actor 1099618582528 switch to &SinkActor::HandlerNormal
I1013 15:49:35.465979 43058 naive_actor.cpp:25] actor 1099555667968 switch to &NaiveActor::HandlerNormal
I1013 15:49:35.467427 43058 thread.cpp:96] Thread 524309 construct Actor kForeignOutput 1099555667968
I1013 15:49:35.465991 43044 thread.cpp:96] Thread 524295 construct Actor kNormalForward 1099526307840
I1013 15:49:35.467494 43058 runtime_context.cpp:29] DecreaseCounter constructing_actor_cnt, current val is 384
I1013 15:49:35.465997 43059 naive_actor.cpp:25] actor 1099614388234 switch to &NaiveActor::HandlerNormal
I1013 15:49:35.466018 43039 naive_actor.cpp:25] actor 1099515822080 switch to &NaiveActor::HandlerNormal
I1013 15:49:35.466141 43045 thread.cpp:96] Thread 524296 construct Actor kNormalForward 1099528404992
I1013 15:49:35.466162 43048 runtime_context.cpp:29] DecreaseCounter constructing_actor_cnt, current val is 395
I1013 15:49:35.466249 43051 runtime_context.cpp:29] DecreaseCounter constructing_actor_cnt, current val is 394
I1013 15:49:35.465200 43050 naive_actor.cpp:25] actor 1099538890752 switch to &NaiveActor::HandlerNormal
I1013 15:49:35.467872 43050 thread.cpp:96] Thread 524301 construct Actor kNormalForward 1099538890752
I1013 15:49:35.466445 43043 runtime_context.cpp:29] DecreaseCounter constructing_actor_cnt, current val is 392
I1013 15:49:35.467957 43050 runtime_context.cpp:29] DecreaseCounter constructing_actor_cnt, current val is 381
I1013 15:49:35.466645 43046 runtime_context.cpp:29] DecreaseCounter constructing_actor_cnt, current val is 391
I1013 15:49:35.466686 43038 thread.cpp:96] Thread 524289 construct Actor kNormalForward 1099513724928
I1013 15:49:35.466686 43066 naive_actor.cpp:25] actor 2199023255559 switch to &NaiveActor::HandlerNormal
I1013 15:49:35.466743 43054 thread.cpp:96] Thread 524305 construct Actor kForeignInput 1099547279360
I1013 15:49:35.465723 43041 naive_actor.cpp:25] actor 1099520016384 switch to &NaiveActor::HandlerNormal
I1013 15:49:35.468609 43041 thread.cpp:96] Thread 524292 construct Actor kNormalForward 1099520016384
I1013 15:49:35.465917 43055 thread.cpp:96] Thread 524306 construct Actor kNormalForward 1099549376512
I1013 15:49:35.468719 43041 runtime_context.cpp:29] DecreaseCounter constructing_actor_cnt, current val is 378
I1013 15:49:35.467358 43070 runtime_context.cpp:29] DecreaseCounter constructing_actor_cnt, current val is 385
I1013 15:49:35.467386 43061 thread.cpp:96] Thread 524339 construct Actor kCallbackNotify 1099618582528
I1013 15:49:35.467545 43044 runtime_context.cpp:29] DecreaseCounter constructing_actor_cnt, current val is 383
I1013 15:49:35.467587 43059 thread.cpp:96] Thread 524337 construct Actor kSrcSubsetTick 1099614388234
I1013 15:49:35.467643 43039 thread.cpp:96] Thread 524290 construct Actor kNormalForward 1099515822080
I1013 15:49:35.467717 43045 runtime_context.cpp:29] DecreaseCounter constructing_actor_cnt, current val is 382
I1013 15:49:35.466439 43040 runtime_context.cpp:29] DecreaseCounter constructing_actor_cnt, current val is 393
I1013 15:49:35.465541 43049 naive_actor.cpp:25] actor 1099536793600 switch to &NaiveActor::HandlerNormal
I1013 15:49:35.469400 43049 thread.cpp:96] Thread 524300 construct Actor kNormalForward 1099536793600
I1013 15:49:35.468482 43066 thread.cpp:96] Thread 1048576 construct Actor kNormalForward 2199023255559
I1013 15:49:35.468611 43054 runtime_context.cpp:29] DecreaseCounter constructing_actor_cnt, current val is 379
I1013 15:49:35.465194 43042 runtime_context.cpp:29] DecreaseCounter constructing_actor_cnt, current val is 396
I1013 15:49:35.469627 43066 runtime_context.cpp:29] DecreaseCounter constructing_actor_cnt, current val is 372
I1013 15:49:35.468775 43055 runtime_context.cpp:29] DecreaseCounter constructing_actor_cnt, current val is 377
I1013 15:49:35.469009 43061 runtime_context.cpp:29] DecreaseCounter constructing_actor_cnt, current val is 376
I1013 15:49:35.469168 43059 runtime_context.cpp:29] DecreaseCounter constructing_actor_cnt, current val is 375
I1013 15:49:35.469282 43039 runtime_context.cpp:29] DecreaseCounter constructing_actor_cnt, current val is 374
I1013 15:49:35.468446 43038 runtime_context.cpp:29] DecreaseCounter constructing_actor_cnt, current val is 380
I1013 15:49:35.469518 43049 runtime_context.cpp:29] DecreaseCounter constructing_actor_cnt, current val is 373
I1013 15:49:35.465934 43068 naive_actor.cpp:25] actor 2199025352708 switch to &NaiveActor::HandlerNormal
I1013 15:49:35.470386 43068 thread.cpp:96] Thread 1048577 construct Actor kCopyHd 2199025352708
I1013 15:49:35.470405 43059 naive_actor.cpp:25] actor 1099614388230 switch to &NaiveActor::HandlerNormal
I1013 15:49:35.470505 43068 runtime_context.cpp:29] DecreaseCounter constructing_actor_cnt, current val is 371
I1013 15:49:35.470587 43059 thread.cpp:96] Thread 524337 construct Actor kTick 1099614388230
I1013 15:49:35.470790 43068 naive_actor.cpp:25] actor 2199025352707 switch to &NaiveActor::HandlerNormal
I1013 15:49:35.470798 43059 runtime_context.cpp:29] DecreaseCounter constructing_actor_cnt, current val is 370
I1013 15:49:35.470860 43066 naive_actor.cpp:25] actor 2199023255565 switch to &NaiveActor::HandlerNormal
I1013 15:49:35.470883 43068 thread.cpp:96] Thread 1048577 construct Actor kCopyHd 2199025352707
I1013 15:49:35.471038 43066 thread.cpp:96] Thread 1048576 construct Actor kNormalForward 2199023255565
I1013 15:49:35.471105 43068 runtime_context.cpp:29] DecreaseCounter constructing_actor_cnt, current val is 369
I1013 15:49:35.471190 43066 runtime_context.cpp:29] DecreaseCounter constructing_actor_cnt, current val is 368
I1013 15:49:35.471298 43068 naive_actor.cpp:25] actor 2199025352704 switch to &NaiveActor::HandlerNormal
I1013 15:49:35.471380 43059 naive_actor.cpp:25] actor 1099614388231 switch to &NaiveActor::HandlerNormal
I1013 15:49:35.471405 43068 thread.cpp:96] Thread 1048577 construct Actor kCopyHd 2199025352704
I1013 15:49:35.471462 43059 thread.cpp:96] Thread 524337 construct Actor kTick 1099614388231
I1013 15:49:35.471534 43068 runtime_context.cpp:29] DecreaseCounter constructing_actor_cnt, current val is 367
I1013 15:49:35.471611 43059 runtime_context.cpp:29] DecreaseCounter constructing_actor_cnt, current val is 366
I1013 15:49:35.471760 43068 naive_actor.cpp:25] actor 2199025352706 switch to &NaiveActor::HandlerNormal
I1013 15:49:35.471822 43068 thread.cpp:96] Thread 1048577 construct Actor kCopyHd 2199025352706
I1013 15:49:35.471884 43068 runtime_context.cpp:29] DecreaseCounter constructing_actor_cnt, current val is 365
I1013 15:49:35.472028 43059 naive_actor.cpp:25] actor 1099614388232 switch to &NaiveActor::HandlerNormal
I1013 15:49:35.472083 43066 naive_actor.cpp:25] actor 2199023255555 switch to &NaiveActor::HandlerNormal
I1013 15:49:35.472090 43059 thread.cpp:96] Thread 524337 construct Actor kTick 1099614388232
I1013 15:49:35.472154 43066 thread.cpp:96] Thread 1048576 construct Actor kNormalForward 2199023255555
I1013 15:49:35.472191 43068 naive_actor.cpp:25] actor 2199025352705 switch to &NaiveActor::HandlerNormal
I1013 15:49:35.472234 43059 runtime_context.cpp:29] DecreaseCounter constructing_actor_cnt, current val is 364
I1013 15:49:35.472328 43066 runtime_context.cpp:29] DecreaseCounter constructing_actor_cnt, current val is 363
I1013 15:49:35.472375 43068 thread.cpp:96] Thread 1048577 construct Actor kCopyHd 2199025352705
I1013 15:49:35.472563 43068 runtime_context.cpp:29] DecreaseCounter constructing_actor_cnt, current val is 362
I1013 15:49:35.472800 43059 naive_actor.cpp:25] actor 1099614388224 switch to &NaiveActor::HandlerNormal
I1013 15:49:35.472858 43059 thread.cpp:96] Thread 524337 construct Actor kDeviceTick 1099614388224
I1013 15:49:35.472944 43068 naive_actor.cpp:25] actor 2199025352709 switch to &NaiveActor::HandlerNormal
I1013 15:49:35.472950 43059 runtime_context.cpp:29] DecreaseCounter constructing_actor_cnt, current val is 361
I1013 15:49:35.472999 43068 thread.cpp:96] Thread 1048577 construct Actor kCopyHd 2199025352709
I1013 15:49:35.473114 43068 runtime_context.cpp:29] DecreaseCounter constructing_actor_cnt, current val is 360
I1013 15:49:35.473354 43068 naive_actor.cpp:25] actor 2199025352710 switch to &NaiveActor::HandlerNormal
I1013 15:49:35.473410 43068 thread.cpp:96] Thread 1048577 construct Actor kCopyHd 2199025352710
I1013 15:49:35.473472 43068 runtime_context.cpp:29] DecreaseCounter constructing_actor_cnt, current val is 359
I1013 15:49:35.473611 43059 esac_actor.cpp:73] actor 1099614388321 switch to &EsacActor::HandlerNormal
I1013 15:49:35.473666 43059 thread.cpp:96] Thread 524337 construct Actor kEsac 1099614388321
I1013 15:49:35.473791 43059 runtime_context.cpp:29] DecreaseCounter constructing_actor_cnt, current val is 358
I1013 15:49:35.474198 43059 naive_actor.cpp:25] actor 1099614388228 switch to &NaiveActor::HandlerNormal
I1013 15:49:35.474256 43059 thread.cpp:96] Thread 524337 construct Actor kTick 1099614388228
I1013 15:49:35.474349 43059 runtime_context.cpp:29] DecreaseCounter constructing_actor_cnt, current val is 357
I1013 15:49:35.474416 43066 naive_actor.cpp:25] actor 2199023255580 switch to &NaiveActor::HandlerNormal
I1013 15:49:35.474479 43066 thread.cpp:96] Thread 1048576 construct Actor kNormalForward 2199023255580
I1013 15:49:35.474588 43066 runtime_context.cpp:29] DecreaseCounter constructing_actor_cnt, current val is 356
I1013 15:49:35.474769 43059 naive_actor.cpp:25] actor 1099614388238 switch to &NaiveActor::HandlerNormal
I1013 15:49:35.474824 43059 thread.cpp:96] Thread 524337 construct Actor kTick 1099614388238
I1013 15:49:35.474905 43059 runtime_context.cpp:29] DecreaseCounter constructing_actor_cnt, current val is 355
I1013 15:49:35.475051 43066 naive_actor.cpp:25] actor 2199023255603 switch to &NaiveActor::HandlerNormal
I1013 15:49:35.475102 43066 thread.cpp:96] Thread 1048576 construct Actor kNormalForward 2199023255603
I1013 15:49:35.475299 43066 runtime_context.cpp:29] DecreaseCounter constructing_actor_cnt, current val is 354
I1013 15:49:35.475323 43059 naive_actor.cpp:25] actor 1099614388229 switch to &NaiveActor::HandlerNormal
I1013 15:49:35.475405 43059 thread.cpp:96] Thread 524337 construct Actor kDstSubsetTick 1099614388229
I1013 15:49:35.475497 43059 runtime_context.cpp:29] DecreaseCounter constructing_actor_cnt, current val is 353
I1013 15:49:35.475909 43059 naive_actor.cpp:25] actor 1099614388316 switch to &NaiveActor::HandlerNormal
I1013 15:49:35.475962 43059 thread.cpp:96] Thread 524337 construct Actor kTick 1099614388316
I1013 15:49:35.476042 43059 runtime_context.cpp:29] DecreaseCounter constructing_actor_cnt, current val is 352
I1013 15:49:35.476379 43059 naive_actor.cpp:25] actor 1099614388237 switch to &NaiveActor::HandlerNormal
I1013 15:49:35.476429 43059 thread.cpp:96] Thread 524337 construct Actor kDstSubsetTick 1099614388237
I1013 15:49:35.476493 43059 runtime_context.cpp:29] DecreaseCounter constructing_actor_cnt, current val is 351
I1013 15:49:35.476848 43066 naive_actor.cpp:25] actor 2199023255573 switch to &NaiveActor::HandlerNormal
I1013 15:49:35.476866 43059 naive_actor.cpp:25] actor 1099614388236 switch to &NaiveActor::HandlerNormal
I1013 15:49:35.476910 43066 thread.cpp:96] Thread 1048576 construct Actor kNormalForward 2199023255573
I1013 15:49:35.476953 43059 thread.cpp:96] Thread 524337 construct Actor kTick 1099614388236
I1013 15:49:35.477066 43066 runtime_context.cpp:29] DecreaseCounter constructing_actor_cnt, current val is 350
I1013 15:49:35.477069 43059 runtime_context.cpp:29] DecreaseCounter constructing_actor_cnt, current val is 349
I1013 15:49:35.477468 43059 naive_actor.cpp:25] actor 1099614388225 switch to &NaiveActor::HandlerNormal
I1013 15:49:35.477519 43059 thread.cpp:96] Thread 524337 construct Actor kSrcSubsetTick 1099614388225
I1013 15:49:35.477597 43059 runtime_context.cpp:29] DecreaseCounter constructing_actor_cnt, current val is 348
I1013 15:49:35.478008 43059 naive_actor.cpp:25] actor 1099614388239 switch to &NaiveActor::HandlerNormal
I1013 15:49:35.478060 43059 thread.cpp:96] Thread 524337 construct Actor kTick 1099614388239
I1013 15:49:35.478137 43059 runtime_context.cpp:29] DecreaseCounter constructing_actor_cnt, current val is 347
I1013 15:49:35.478207 43066 naive_actor.cpp:25] actor 2199023255645 switch to &NaiveActor::HandlerNormal
I1013 15:49:35.478262 43066 thread.cpp:96] Thread 1048576 construct Actor kNormalForward 2199023255645
I1013 15:49:35.478368 43066 runtime_context.cpp:29] DecreaseCounter constructing_actor_cnt, current val is 346
I1013 15:49:35.478534 43059 naive_actor.cpp:25] actor 1099614388240 switch to &NaiveActor::HandlerNormal
I1013 15:49:35.478595 43059 thread.cpp:96] Thread 524337 construct Actor kTick 1099614388240
I1013 15:49:35.478680 43059 runtime_context.cpp:29] DecreaseCounter constructing_actor_cnt, current val is 345
I1013 15:49:35.479111 43059 naive_actor.cpp:25] actor 1099614388319 switch to &NaiveActor::HandlerNormal
I1013 15:49:35.479166 43059 thread.cpp:96] Thread 524337 construct Actor kTick 1099614388319
I1013 15:49:35.479251 43059 runtime_context.cpp:29] DecreaseCounter constructing_actor_cnt, current val is 344
I1013 15:49:35.479548 43066 naive_actor.cpp:25] actor 2199023255576 switch to &NaiveActor::HandlerNormal
I1013 15:49:35.479614 43066 thread.cpp:96] Thread 1048576 construct Actor kNormalForward 2199023255576
I1013 15:49:35.479620 43059 naive_actor.cpp:25] actor 1099614388248 switch to &NaiveActor::HandlerNormal
I1013 15:49:35.479698 43059 thread.cpp:96] Thread 524337 construct Actor kTick 1099614388248
I1013 15:49:35.479710 43066 runtime_context.cpp:29] DecreaseCounter constructing_actor_cnt, current val is 343
I1013 15:49:35.479775 43059 runtime_context.cpp:29] DecreaseCounter constructing_actor_cnt, current val is 342
I1013 15:49:35.480105 43059 naive_actor.cpp:25] actor 1099614388241 switch to &NaiveActor::HandlerNormal
I1013 15:49:35.480159 43059 thread.cpp:96] Thread 524337 construct Actor kDeviceTick 1099614388241
I1013 15:49:35.480312 43059 runtime_context.cpp:29] DecreaseCounter constructing_actor_cnt, current val is 341
I1013 15:49:35.480700 43059 naive_actor.cpp:25] actor 1099614388245 switch to &NaiveActor::HandlerNormal
I1013 15:49:35.480753 43059 thread.cpp:96] Thread 524337 construct Actor kTick 1099614388245
I1013 15:49:35.480839 43059 runtime_context.cpp:29] DecreaseCounter constructing_actor_cnt, current val is 340
I1013 15:49:35.481002 43066 naive_actor.cpp:25] actor 2199023255693 switch to &NaiveActor::HandlerNormal
I1013 15:49:35.481060 43066 thread.cpp:96] Thread 1048576 construct Actor kNormalForward 2199023255693
I1013 15:49:35.481169 43066 runtime_context.cpp:29] DecreaseCounter constructing_actor_cnt, current val is 339
I1013 15:49:35.481242 43059 naive_actor.cpp:25] actor 1099614388242 switch to &NaiveActor::HandlerNormal
I1013 15:49:35.481293 43059 thread.cpp:96] Thread 524337 construct Actor kSrcSubsetTick 1099614388242
I1013 15:49:35.481377 43059 runtime_context.cpp:29] DecreaseCounter constructing_actor_cnt, current val is 338
I1013 15:49:35.481812 43059 naive_actor.cpp:25] actor 1099614388246 switch to &NaiveActor::HandlerNormal
I1013 15:49:35.481863 43059 thread.cpp:96] Thread 524337 construct Actor kDstSubsetTick 1099614388246
I1013 15:49:35.481954 43059 runtime_context.cpp:29] DecreaseCounter constructing_actor_cnt, current val is 337
I1013 15:49:35.482237 43066 naive_actor.cpp:25] actor 2199023255564 switch to &NaiveActor::HandlerNormal
I1013 15:49:35.482290 43066 thread.cpp:96] Thread 1048576 construct Actor kNormalForward 2199023255564
I1013 15:49:35.482331 43059 naive_actor.cpp:25] actor 1099614388247 switch to &NaiveActor::HandlerNormal
I1013 15:49:35.482374 43066 runtime_context.cpp:29] DecreaseCounter constructing_actor_cnt, current val is 336
I1013 15:49:35.482381 43059 thread.cpp:96] Thread 524337 construct Actor kTick 1099614388247
I1013 15:49:35.482496 43059 runtime_context.cpp:29] DecreaseCounter constructing_actor_cnt, current val is 335
I1013 15:49:35.482962 43059 naive_actor.cpp:25] actor 1099614388255 switch to &NaiveActor::HandlerNormal
I1013 15:49:35.483017 43059 thread.cpp:96] Thread 524337 construct Actor kDstSubsetTick 1099614388255
I1013 15:49:35.483098 43059 runtime_context.cpp:29] DecreaseCounter constructing_actor_cnt, current val is 334
I1013 15:49:35.483465 43059 naive_actor.cpp:25] actor 1099614388249 switch to &NaiveActor::HandlerNormal
I1013 15:49:35.483490 43066 naive_actor.cpp:25] actor 2199023255554 switch to &NaiveActor::HandlerNormal
I1013 15:49:35.483516 43059 thread.cpp:96] Thread 524337 construct Actor kTick 1099614388249
I1013 15:49:35.483556 43066 thread.cpp:96] Thread 1048576 construct Actor kNormalForward 2199023255554
I1013 15:49:35.483644 43059 runtime_context.cpp:29] DecreaseCounter constructing_actor_cnt, current val is 333
I1013 15:49:35.483690 43066 runtime_context.cpp:29] DecreaseCounter constructing_actor_cnt, current val is 332
I1013 15:49:35.484001 43059 naive_actor.cpp:25] actor 1099614388318 switch to &NaiveActor::HandlerNormal
I1013 15:49:35.484057 43059 thread.cpp:96] Thread 524337 construct Actor kTick 1099614388318
I1013 15:49:35.484138 43059 runtime_context.cpp:29] DecreaseCounter constructing_actor_cnt, current val is 331
I1013 15:49:35.484479 43059 naive_actor.cpp:25] actor 1099614388250 switch to &NaiveActor::HandlerNormal
I1013 15:49:35.484534 43059 thread.cpp:96] Thread 524337 construct Actor kDeviceTick 1099614388250
I1013 15:49:35.484622 43059 runtime_context.cpp:29] DecreaseCounter constructing_actor_cnt, current val is 330
I1013 15:49:35.484716 43066 naive_actor.cpp:25] actor 2199023255574 switch to &NaiveActor::HandlerNormal
I1013 15:49:35.484767 43066 thread.cpp:96] Thread 1048576 construct Actor kNormalForward 2199023255574
I1013 15:49:35.484863 43066 runtime_context.cpp:29] DecreaseCounter constructing_actor_cnt, current val is 329
I1013 15:49:35.484993 43059 naive_actor.cpp:25] actor 1099614388254 switch to &NaiveActor::HandlerNormal
I1013 15:49:35.485046 43059 thread.cpp:96] Thread 524337 construct Actor kTick 1099614388254
I1013 15:49:35.485251 43066 naive_actor.cpp:25] actor 2199023255577 switch to &NaiveActor::HandlerNormal
I1013 15:49:35.485255 43059 runtime_context.cpp:29] DecreaseCounter constructing_actor_cnt, current val is 328
I1013 15:49:35.485314 43066 thread.cpp:96] Thread 1048576 construct Actor kNormalForward 2199023255577
I1013 15:49:35.485446 43066 runtime_context.cpp:29] DecreaseCounter constructing_actor_cnt, current val is 327
I1013 15:49:35.485718 43059 naive_actor.cpp:25] actor 1099614388251 switch to &NaiveActor::HandlerNormal
I1013 15:49:35.485769 43059 thread.cpp:96] Thread 524337 construct Actor kSrcSubsetTick 1099614388251
I1013 15:49:35.486038 43059 runtime_context.cpp:29] DecreaseCounter constructing_actor_cnt, current val is 326
I1013 15:49:35.486387 43066 naive_actor.cpp:25] actor 2199023255570 switch to &NaiveActor::HandlerNormal
I1013 15:49:35.486392 43059 naive_actor.cpp:25] actor 1099614388257 switch to &NaiveActor::HandlerNormal
I1013 15:49:35.486443 43066 thread.cpp:96] Thread 1048576 construct Actor kNormalForward 2199023255570
I1013 15:49:35.486486 43059 thread.cpp:96] Thread 524337 construct Actor kTick 1099614388257
I1013 15:49:35.486586 43066 runtime_context.cpp:29] DecreaseCounter constructing_actor_cnt, current val is 325
I1013 15:49:35.486624 43059 runtime_context.cpp:29] DecreaseCounter constructing_actor_cnt, current val is 324
I1013 15:49:35.486958 43059 naive_actor.cpp:25] actor 1099614388256 switch to &NaiveActor::HandlerNormal
I1013 15:49:35.487008 43059 thread.cpp:96] Thread 524337 construct Actor kTick 1099614388256
I1013 15:49:35.487102 43059 runtime_context.cpp:29] DecreaseCounter constructing_actor_cnt, current val is 323
I1013 15:49:35.487244 43037 naive_actor.cpp:25] actor 1099511627776 switch to &NaiveActor::HandlerNormal
I1013 15:49:35.487291 43037 thread.cpp:96] Thread 524288 construct Actor kNormalForward 1099511627776
I1013 15:49:35.487396 43037 runtime_context.cpp:29] DecreaseCounter constructing_actor_cnt, current val is 322
I1013 15:49:35.487514 43059 naive_actor.cpp:25] actor 1099614388264 switch to &NaiveActor::HandlerNormal
I1013 15:49:35.487579 43059 thread.cpp:96] Thread 524337 construct Actor kDstSubsetTick 1099614388264
I1013 15:49:35.487594 43066 naive_actor.cpp:25] actor 2199023255619 switch to &NaiveActor::HandlerNormal
I1013 15:49:35.487653 43066 thread.cpp:96] Thread 1048576 construct Actor kNormalForward 2199023255619
I1013 15:49:35.487670 43059 runtime_context.cpp:29] DecreaseCounter constructing_actor_cnt, current val is 321
I1013 15:49:35.487754 43066 runtime_context.cpp:29] DecreaseCounter constructing_actor_cnt, current val is 320
I1013 15:49:35.488003 43059 naive_actor.cpp:25] actor 1099614388258 switch to &NaiveActor::HandlerNormal
I1013 15:49:35.488051 43059 thread.cpp:96] Thread 524337 construct Actor kTick 1099614388258
I1013 15:49:35.488126 43059 runtime_context.cpp:29] DecreaseCounter constructing_actor_cnt, current val is 319
I1013 15:49:35.488415 43059 naive_actor.cpp:25] actor 1099614388317 switch to &NaiveActor::HandlerNormal
I1013 15:49:35.488462 43059 thread.cpp:96] Thread 524337 construct Actor kTick 1099614388317
I1013 15:49:35.488536 43059 runtime_context.cpp:29] DecreaseCounter constructing_actor_cnt, current val is 318
I1013 15:49:35.488734 43066 naive_actor.cpp:25] actor 2199023255590 switch to &NaiveActor::HandlerNormal
I1013 15:49:35.488785 43066 thread.cpp:96] Thread 1048576 construct Actor kNormalForward 2199023255590
I1013 15:49:35.488870 43059 naive_actor.cpp:25] actor 1099614388260 switch to &NaiveActor::HandlerNormal
I1013 15:49:35.488875 43066 runtime_context.cpp:29] DecreaseCounter constructing_actor_cnt, current val is 317
I1013 15:49:35.488921 43059 thread.cpp:96] Thread 524337 construct Actor kSrcSubsetTick 1099614388260
I1013 15:49:35.489042 43059 runtime_context.cpp:29] DecreaseCounter constructing_actor_cnt, current val is 316
I1013 15:49:35.489379 43059 naive_actor.cpp:25] actor 1099614388263 switch to &NaiveActor::HandlerNormal
I1013 15:49:35.489428 43059 thread.cpp:96] Thread 524337 construct Actor kTick 1099614388263
I1013 15:49:35.489576 43059 runtime_context.cpp:29] DecreaseCounter constructing_actor_cnt, current val is 315
I1013 15:49:35.489841 43066 naive_actor.cpp:25] actor 2199023255571 switch to &NaiveActor::HandlerNormal
I1013 15:49:35.489892 43059 naive_actor.cpp:25] actor 1099614388259 switch to &NaiveActor::HandlerNormal
I1013 15:49:35.489897 43066 thread.cpp:96] Thread 1048576 construct Actor kNormalForward 2199023255571
I1013 15:49:35.489928 43059 thread.cpp:96] Thread 524337 construct Actor kDeviceTick 1099614388259
I1013 15:49:35.490036 43066 runtime_context.cpp:29] DecreaseCounter constructing_actor_cnt, current val is 314
I1013 15:49:35.490043 43059 runtime_context.cpp:29] DecreaseCounter constructing_actor_cnt, current val is 313
I1013 15:49:35.490330 43059 naive_actor.cpp:25] actor 1099614388265 switch to &NaiveActor::HandlerNormal
I1013 15:49:35.490352 43066 naive_actor.cpp:25] actor 2199023255584 switch to &NaiveActor::HandlerNormal
I1013 15:49:35.490381 43059 thread.cpp:96] Thread 524337 construct Actor kTick 1099614388265
I1013 15:49:35.490404 43066 thread.cpp:96] Thread 1048576 construct Actor kNormalForward 2199023255584
I1013 15:49:35.490476 43059 runtime_context.cpp:29] DecreaseCounter constructing_actor_cnt, current val is 312
I1013 15:49:35.490509 43066 runtime_context.cpp:29] DecreaseCounter constructing_actor_cnt, current val is 311
I1013 15:49:35.490777 43059 naive_actor.cpp:25] actor 1099614388266 switch to &NaiveActor::HandlerNormal
I1013 15:49:35.490828 43059 thread.cpp:96] Thread 524337 construct Actor kTick 1099614388266
I1013 15:49:35.490883 43059 runtime_context.cpp:29] DecreaseCounter constructing_actor_cnt, current val is 310
I1013 15:49:35.491163 43059 naive_actor.cpp:25] actor 1099614388267 switch to &NaiveActor::HandlerNormal
I1013 15:49:35.491214 43059 thread.cpp:96] Thread 524337 construct Actor kDeviceTick 1099614388267
I1013 15:49:35.491267 43059 runtime_context.cpp:29] DecreaseCounter constructing_actor_cnt, current val is 309
I1013 15:49:35.491482 43066 naive_actor.cpp:25] actor 2199023255569 switch to &NaiveActor::HandlerNormal
I1013 15:49:35.491537 43066 thread.cpp:96] Thread 1048576 construct Actor kNormalForward 2199023255569
I1013 15:49:35.491554 43059 naive_actor.cpp:25] actor 1099614388268 switch to &NaiveActor::HandlerNormal
I1013 15:49:35.491605 43059 thread.cpp:96] Thread 524337 construct Actor kSrcSubsetTick 1099614388268
I1013 15:49:35.491629 43066 runtime_context.cpp:29] DecreaseCounter constructing_actor_cnt, current val is 308
I1013 15:49:35.491655 43059 runtime_context.cpp:29] DecreaseCounter constructing_actor_cnt, current val is 307
I1013 15:49:35.491974 43059 naive_actor.cpp:25] actor 1099614388275 switch to &NaiveActor::HandlerNormal
I1013 15:49:35.491976 43066 naive_actor.cpp:25] actor 2199023255557 switch to &NaiveActor::HandlerNormal
I1013 15:49:35.492025 43059 thread.cpp:96] Thread 524337 construct Actor kTick 1099614388275
I1013 15:49:35.492053 43066 thread.cpp:96] Thread 1048576 construct Actor kNormalForward 2199023255557
I1013 15:49:35.492120 43059 runtime_context.cpp:29] DecreaseCounter constructing_actor_cnt, current val is 306
I1013 15:49:35.492137 43066 runtime_context.cpp:29] DecreaseCounter constructing_actor_cnt, current val is 305
I1013 15:49:35.492393 43059 naive_actor.cpp:25] actor 1099614388282 switch to &NaiveActor::HandlerNormal
I1013 15:49:35.492444 43059 thread.cpp:96] Thread 524337 construct Actor kTick 1099614388282
I1013 15:49:35.492498 43059 runtime_context.cpp:29] DecreaseCounter constructing_actor_cnt, current val is 304
I1013 15:49:35.492770 43059 naive_actor.cpp:25] actor 1099614388281 switch to &NaiveActor::HandlerNormal
I1013 15:49:35.492820 43059 thread.cpp:96] Thread 524337 construct Actor kTick 1099614388281
I1013 15:49:35.492872 43059 runtime_context.cpp:29] DecreaseCounter constructing_actor_cnt, current val is 303
I1013 15:49:35.492921 43066 naive_actor.cpp:25] actor 2199023255617 switch to &NaiveActor::HandlerNormal
I1013 15:49:35.492974 43066 thread.cpp:96] Thread 1048576 construct Actor kNormalForward 2199023255617
I1013 15:49:35.493150 43066 runtime_context.cpp:29] DecreaseCounter constructing_actor_cnt, current val is 302
I1013 15:49:35.493376 43059 esac_actor.cpp:73] actor 1099614388313 switch to &EsacActor::HandlerNormal
I1013 15:49:35.493427 43059 thread.cpp:96] Thread 524337 construct Actor kEsac 1099614388313
I1013 15:49:35.493505 43059 runtime_context.cpp:29] DecreaseCounter constructing_actor_cnt, current val is 301
I1013 15:49:35.493809 43059 naive_actor.cpp:25] actor 1099614388273 switch to &NaiveActor::HandlerNormal
I1013 15:49:35.493860 43059 thread.cpp:96] Thread 524337 construct Actor kTick 1099614388273
I1013 15:49:35.493917 43059 runtime_context.cpp:29] DecreaseCounter constructing_actor_cnt, current val is 300
I1013 15:49:35.493988 43066 naive_actor.cpp:25] actor 2199023255560 switch to &NaiveActor::HandlerNormal
I1013 15:49:35.494041 43066 thread.cpp:96] Thread 1048576 construct Actor kNormalForward 2199023255560
I1013 15:49:35.494115 43066 runtime_context.cpp:29] DecreaseCounter constructing_actor_cnt, current val is 299
I1013 15:49:35.494257 43059 naive_actor.cpp:25] actor 1099614388272 switch to &NaiveActor::HandlerNormal
I1013 15:49:35.494308 43059 thread.cpp:96] Thread 524337 construct Actor kDstSubsetTick 1099614388272
I1013 15:49:35.494365 43059 runtime_context.cpp:29] DecreaseCounter constructing_actor_cnt, current val is 298
I1013 15:49:35.494443 43066 naive_actor.cpp:25] actor 2199023255553 switch to &NaiveActor::HandlerNormal
I1013 15:49:35.494495 43066 thread.cpp:96] Thread 1048576 construct Actor kNormalForward 2199023255553
I1013 15:49:35.494581 43066 runtime_context.cpp:29] DecreaseCounter constructing_actor_cnt, current val is 297
I1013 15:49:35.494695 43059 naive_actor.cpp:25] actor 1099614388274 switch to &NaiveActor::HandlerNormal
I1013 15:49:35.494745 43059 thread.cpp:96] Thread 524337 construct Actor kTick 1099614388274
I1013 15:49:35.494812 43059 runtime_context.cpp:29] DecreaseCounter constructing_actor_cnt, current val is 296
I1013 15:49:35.494902 43066 naive_actor.cpp:25] actor 2199023255591 switch to &NaiveActor::HandlerNormal
I1013 15:49:35.494951 43066 thread.cpp:96] Thread 1048576 construct Actor kNormalForward 2199023255591
I1013 15:49:35.495023 43066 runtime_context.cpp:29] DecreaseCounter constructing_actor_cnt, current val is 295
I1013 15:49:35.495136 43059 naive_actor.cpp:25] actor 1099614388277 switch to &NaiveActor::HandlerNormal
I1013 15:49:35.495187 43059 thread.cpp:96] Thread 524337 construct Actor kSrcSubsetTick 1099614388277
I1013 15:49:35.495241 43059 runtime_context.cpp:29] DecreaseCounter constructing_actor_cnt, current val is 294
I1013 15:49:35.495327 43066 naive_actor.cpp:25] actor 2199023255568 switch to &NaiveActor::HandlerNormal
I1013 15:49:35.495376 43066 thread.cpp:96] Thread 1048576 construct Actor kNormalForward 2199023255568
I1013 15:49:35.495438 43066 runtime_context.cpp:29] DecreaseCounter constructing_actor_cnt, current val is 293
I1013 15:49:35.495545 43059 naive_actor.cpp:25] actor 1099614388279 switch to &NaiveActor::HandlerNormal
I1013 15:49:35.495607 43059 thread.cpp:96] Thread 524337 construct Actor kTick 1099614388279
I1013 15:49:35.495663 43059 runtime_context.cpp:29] DecreaseCounter constructing_actor_cnt, current val is 292
I1013 15:49:35.495996 43059 naive_actor.cpp:25] actor 1099614388280 switch to &NaiveActor::HandlerNormal
I1013 15:49:35.496064 43059 thread.cpp:96] Thread 524337 construct Actor kDstSubsetTick 1099614388280
I1013 15:49:35.496119 43059 runtime_context.cpp:29] DecreaseCounter constructing_actor_cnt, current val is 291
I1013 15:49:35.496208 43066 naive_actor.cpp:25] actor 2199023255633 switch to &NaiveActor::HandlerNormal
I1013 15:49:35.496263 43066 thread.cpp:96] Thread 1048576 construct Actor kNormalForward 2199023255633
I1013 15:49:35.496331 43066 runtime_context.cpp:29] DecreaseCounter constructing_actor_cnt, current val is 290
I1013 15:49:35.496426 43059 naive_actor.cpp:25] actor 1099614388271 switch to &NaiveActor::HandlerNormal
I1013 15:49:35.496472 43059 thread.cpp:96] Thread 524337 construct Actor kTick 1099614388271
I1013 15:49:35.496611 43059 runtime_context.cpp:29] DecreaseCounter constructing_actor_cnt, current val is 289
I1013 15:49:35.496680 43066 naive_actor.cpp:25] actor 2199023255561 switch to &NaiveActor::HandlerNormal
I1013 15:49:35.496731 43066 thread.cpp:96] Thread 1048576 construct Actor kNormalForward 2199023255561
I1013 15:49:35.496790 43066 runtime_context.cpp:29] DecreaseCounter constructing_actor_cnt, current val is 288
I1013 15:49:35.496932 43059 naive_actor.cpp:25] actor 1099614388287 switch to &NaiveActor::HandlerNormal
I1013 15:49:35.496980 43059 thread.cpp:96] Thread 524337 construct Actor kTick 1099614388287
I1013 15:49:35.497033 43059 runtime_context.cpp:29] DecreaseCounter constructing_actor_cnt, current val is 287
I1013 15:49:35.497072 43066 naive_actor.cpp:25] actor 2199023255575 switch to &NaiveActor::HandlerNormal
I1013 15:49:35.497121 43066 thread.cpp:96] Thread 1048576 construct Actor kNormalForward 2199023255575
I1013 15:49:35.497179 43066 runtime_context.cpp:29] DecreaseCounter constructing_actor_cnt, current val is 286
I1013 15:49:35.497328 43059 naive_actor.cpp:25] actor 1099614388300 switch to &NaiveActor::HandlerNormal
I1013 15:49:35.497375 43059 thread.cpp:96] Thread 524337 construct Actor kTick 1099614388300
I1013 15:49:35.497427 43059 runtime_context.cpp:29] DecreaseCounter constructing_actor_cnt, current val is 285
I1013 15:49:35.497706 43059 naive_actor.cpp:25] actor 1099614388292 switch to &NaiveActor::HandlerNormal
I1013 15:49:35.497753 43059 thread.cpp:96] Thread 524337 construct Actor kTick 1099614388292
I1013 15:49:35.497807 43059 runtime_context.cpp:29] DecreaseCounter constructing_actor_cnt, current val is 284
I1013 15:49:35.497910 43066 naive_actor.cpp:25] actor 2199023255593 switch to &NaiveActor::HandlerNormal
I1013 15:49:35.497961 43066 thread.cpp:96] Thread 1048576 construct Actor kNormalForward 2199023255593
I1013 15:49:35.498020 43066 runtime_context.cpp:29] DecreaseCounter constructing_actor_cnt, current val is 283
I1013 15:49:35.498085 43059 naive_actor.cpp:25] actor 1099614388295 switch to &NaiveActor::HandlerNormal
I1013 15:49:35.498131 43059 thread.cpp:96] Thread 524337 construct Actor kTick 1099614388295
I1013 15:49:35.498195 43059 runtime_context.cpp:29] DecreaseCounter constructing_actor_cnt, current val is 282
I1013 15:49:35.498466 43059 naive_actor.cpp:25] actor 1099614388299 switch to &NaiveActor::HandlerNormal
I1013 15:49:35.498512 43059 thread.cpp:96] Thread 524337 construct Actor kTick 1099614388299
I1013 15:49:35.498564 43059 runtime_context.cpp:29] DecreaseCounter constructing_actor_cnt, current val is 281
I1013 15:49:35.498837 43066 naive_actor.cpp:25] actor 2199023255556 switch to &NaiveActor::HandlerNormal
I1013 15:49:35.498848 43059 naive_actor.cpp:25] actor 1099614388289 switch to &NaiveActor::HandlerNormal
I1013 15:49:35.498888 43066 thread.cpp:96] Thread 1048576 construct Actor kNormalForward 2199023255556
I1013 15:49:35.498914 43059 thread.cpp:96] Thread 524337 construct Actor kTick 1099614388289
I1013 15:49:35.498988 43059 runtime_context.cpp:29] DecreaseCounter constructing_actor_cnt, current val is 280
I1013 15:49:35.499007 43066 runtime_context.cpp:29] DecreaseCounter constructing_actor_cnt, current val is 279
I1013 15:49:35.499254 43059 naive_actor.cpp:25] actor 1099614388286 switch to &NaiveActor::HandlerNormal
I1013 15:49:35.499305 43059 thread.cpp:96] Thread 524337 construct Actor kTick 1099614388286
I1013 15:49:35.499356 43059 runtime_context.cpp:29] DecreaseCounter constructing_actor_cnt, current val is 278
I1013 15:49:35.499619 43059 naive_actor.cpp:25] actor 1099614388285 switch to &NaiveActor::HandlerNormal
I1013 15:49:35.499667 43059 thread.cpp:96] Thread 524337 construct Actor kTick 1099614388285
I1013 15:49:35.499720 43059 runtime_context.cpp:29] DecreaseCounter constructing_actor_cnt, current val is 277
I1013 15:49:35.499816 43066 naive_actor.cpp:25] actor 2199023255635 switch to &NaiveActor::HandlerNormal
I1013 15:49:35.499871 43066 thread.cpp:96] Thread 1048576 construct Actor kNormalForward 2199023255635
I1013 15:49:35.499996 43059 naive_actor.cpp:25] actor 1099614388294 switch to &NaiveActor::HandlerNormal
I1013 15:49:35.500039 43066 runtime_context.cpp:29] DecreaseCounter constructing_actor_cnt, current val is 276
I1013 15:49:35.500057 43059 thread.cpp:96] Thread 524337 construct Actor kTick 1099614388294
I1013 15:49:35.500136 43059 runtime_context.cpp:29] DecreaseCounter constructing_actor_cnt, current val is 275
I1013 15:49:35.500406 43059 naive_actor.cpp:25] actor 1099614388296 switch to &NaiveActor::HandlerNormal
I1013 15:49:35.500453 43059 thread.cpp:96] Thread 524337 construct Actor kTick 1099614388296
I1013 15:49:35.500506 43059 runtime_context.cpp:29] DecreaseCounter constructing_actor_cnt, current val is 274
I1013 15:49:35.500782 43059 naive_actor.cpp:25] actor 1099614388293 switch to &NaiveActor::HandlerNormal
