I1012 16:10:51.560499  3237 runtime_context.cpp:29] DecreaseCounter constructing_actor_cnt, current val is 665
I1012 16:10:51.561213  3161 naive_actor.cpp:25] actor 1099614388249 switch to &NaiveActor::HandlerNormal
I1012 16:10:51.561295  3161 thread.cpp:96] Thread 524337 construct Actor kDeviceTick 1099614388249
I1012 16:10:51.561367  3161 runtime_context.cpp:29] DecreaseCounter constructing_actor_cnt, current val is 664
I1012 16:10:51.561583  3198 naive_actor.cpp:25] actor 2199023255735 switch to &NaiveActor::HandlerNormal
I1012 16:10:51.561699  3198 thread.cpp:96] Thread 1048576 construct Actor kNormalForward 2199023255735
I1012 16:10:51.561861  3198 runtime_context.cpp:29] DecreaseCounter constructing_actor_cnt, current val is 663
I1012 16:10:51.562299  3161 naive_actor.cpp:25] actor 1099614388250 switch to &NaiveActor::HandlerNormal
I1012 16:10:51.562399  3161 thread.cpp:96] Thread 524337 construct Actor kSrcSubsetTick 1099614388250
I1012 16:10:51.562485  3161 runtime_context.cpp:29] DecreaseCounter constructing_actor_cnt, current val is 662
I1012 16:10:51.563344  3237 naive_actor.cpp:25] actor 2207613190150 switch to &NaiveActor::HandlerNormal
I1012 16:10:51.563349  3123 naive_actor.cpp:25] actor 1099517919232 switch to &NaiveActor::HandlerNormal
I1012 16:10:51.563454  3237 thread.cpp:96] Thread 1052672 construct Actor kNormalForward 2207613190150
I1012 16:10:51.563676  3237 runtime_context.cpp:29] DecreaseCounter constructing_actor_cnt, current val is 661
I1012 16:10:51.563474  3161 naive_actor.cpp:25] actor 1099614388323 switch to &NaiveActor::HandlerNormal
I1012 16:10:51.563552  3123 thread.cpp:96] Thread 524291 construct Actor kNormalForward 1099517919232
I1012 16:10:51.563835  3161 thread.cpp:96] Thread 524337 construct Actor kTick 1099614388323
I1012 16:10:51.563984  3123 runtime_context.cpp:29] DecreaseCounter constructing_actor_cnt, current val is 660
I1012 16:10:51.564010  3161 runtime_context.cpp:29] DecreaseCounter constructing_actor_cnt, current val is 659
I1012 16:10:51.564558  3121 naive_actor.cpp:25] actor 1099513724928 switch to &NaiveActor::HandlerNormal
I1012 16:10:51.564659  3121 thread.cpp:96] Thread 524289 construct Actor kNormalForward 1099513724928
I1012 16:10:51.564585  3198 naive_actor.cpp:25] actor 2199023255564 switch to &NaiveActor::HandlerNormal
I1012 16:10:51.564783  3121 runtime_context.cpp:29] DecreaseCounter constructing_actor_cnt, current val is 658
I1012 16:10:51.564813  3198 thread.cpp:96] Thread 1048576 construct Actor kNormalForward 2199023255564
I1012 16:10:51.565037  3161 naive_actor.cpp:25] actor 1099614388253 switch to &NaiveActor::HandlerNormal
I1012 16:10:51.565078  3198 runtime_context.cpp:29] DecreaseCounter constructing_actor_cnt, current val is 657
I1012 16:10:51.565122  3161 thread.cpp:96] Thread 524337 construct Actor kTick 1099614388253
I1012 16:10:51.566187  3161 runtime_context.cpp:29] DecreaseCounter constructing_actor_cnt, current val is 656
I1012 16:10:51.566728  3237 naive_actor.cpp:25] actor 2207613190174 switch to &NaiveActor::HandlerNormal
I1012 16:10:51.566820  3237 thread.cpp:96] Thread 1052672 construct Actor kNormalForward 2207613190174
I1012 16:10:51.566915  3237 runtime_context.cpp:29] DecreaseCounter constructing_actor_cnt, current val is 655
I1012 16:10:51.567492  3161 naive_actor.cpp:25] actor 1099614388254 switch to &NaiveActor::HandlerNormal
I1012 16:10:51.567591  3161 thread.cpp:96] Thread 524337 construct Actor kDstSubsetTick 1099614388254
I1012 16:10:51.567680  3161 runtime_context.cpp:29] DecreaseCounter constructing_actor_cnt, current val is 654
I1012 16:10:51.568598  3198 naive_actor.cpp:25] actor 2199023255588 switch to &NaiveActor::HandlerNormal
I1012 16:10:51.568888  3198 thread.cpp:96] Thread 1048576 construct Actor kNormalForward 2199023255588
I1012 16:10:51.569164  3198 runtime_context.cpp:29] DecreaseCounter constructing_actor_cnt, current val is 653
I1012 16:10:51.568953  3161 naive_actor.cpp:25] actor 1099614388255 switch to &NaiveActor::HandlerNormal
I1012 16:10:51.569301  3161 thread.cpp:96] Thread 524337 construct Actor kTick 1099614388255
I1012 16:10:51.569407  3161 runtime_context.cpp:29] DecreaseCounter constructing_actor_cnt, current val is 652
I1012 16:10:51.569530  3237 naive_actor.cpp:25] actor 2207613190198 switch to &NaiveActor::HandlerNormal
I1012 16:10:51.569737  3237 thread.cpp:96] Thread 1052672 construct Actor kNormalForward 2207613190198
I1012 16:10:51.569852  3237 runtime_context.cpp:29] DecreaseCounter constructing_actor_cnt, current val is 651
I1012 16:10:51.570381  3161 naive_actor.cpp:25] actor 1099614388259 switch to &NaiveActor::HandlerNormal
I1012 16:10:51.570585  3198 naive_actor.cpp:25] actor 2199023255612 switch to &NaiveActor::HandlerNormal
I1012 16:10:51.570734  3198 thread.cpp:96] Thread 1048576 construct Actor kNormalForward 2199023255612
I1012 16:10:51.571053  3198 runtime_context.cpp:29] DecreaseCounter constructing_actor_cnt, current val is 650
I1012 16:10:51.570550  3161 thread.cpp:96] Thread 524337 construct Actor kSrcSubsetTick 1099614388259
I1012 16:10:51.571877  3161 runtime_context.cpp:29] DecreaseCounter constructing_actor_cnt, current val is 649
I1012 16:10:51.573071  3161 naive_actor.cpp:25] actor 1099614388265 switch to &NaiveActor::HandlerNormal
I1012 16:10:51.573334  3161 thread.cpp:96] Thread 524337 construct Actor kTick 1099614388265
I1012 16:10:51.573474  3161 runtime_context.cpp:29] DecreaseCounter constructing_actor_cnt, current val is 648
I1012 16:10:51.573360  3237 naive_actor.cpp:25] actor 2207613190224 switch to &NaiveActor::HandlerNormal
I1012 16:10:51.573663  3198 naive_actor.cpp:25] actor 2199023255555 switch to &NaiveActor::HandlerNormal
I1012 16:10:51.574074  3198 thread.cpp:96] Thread 1048576 construct Actor kNormalForward 2199023255555
I1012 16:10:51.574188  3198 runtime_context.cpp:29] DecreaseCounter constructing_actor_cnt, current val is 647
I1012 16:10:51.574008  3237 thread.cpp:96] Thread 1052672 construct Actor kNormalForward 2207613190224
I1012 16:10:51.574054  3161 naive_actor.cpp:25] actor 1099614388257 switch to &NaiveActor::HandlerNormal
I1012 16:10:51.591679  3237 runtime_context.cpp:29] DecreaseCounter constructing_actor_cnt, current val is 646
I1012 16:10:51.591720  3161 thread.cpp:96] Thread 524337 construct Actor kTick 1099614388257
I1012 16:10:51.591964  3161 runtime_context.cpp:29] DecreaseCounter constructing_actor_cnt, current val is 645
I1012 16:10:51.574596  3198 naive_actor.cpp:25] actor 2199023255579 switch to &NaiveActor::HandlerNormal
I1012 16:10:51.592372  3198 thread.cpp:96] Thread 1048576 construct Actor kNormalForward 2199023255579
I1012 16:10:51.592515  3198 runtime_context.cpp:29] DecreaseCounter constructing_actor_cnt, current val is 644
I1012 16:10:51.593379  3161 naive_actor.cpp:25] actor 1099614388262 switch to &NaiveActor::HandlerNormal
I1012 16:10:51.593657  3161 thread.cpp:96] Thread 524337 construct Actor kTick 1099614388262
I1012 16:10:51.593806  3161 runtime_context.cpp:29] DecreaseCounter constructing_actor_cnt, current val is 643
I1012 16:10:51.594352  3237 naive_actor.cpp:25] actor 2207613190248 switch to &NaiveActor::HandlerNormal
I1012 16:10:51.594470  3237 thread.cpp:96] Thread 1052672 construct Actor kNormalForward 2207613190248
I1012 16:10:51.594590  3237 runtime_context.cpp:29] DecreaseCounter constructing_actor_cnt, current val is 642
I1012 16:10:51.595551  3161 naive_actor.cpp:25] actor 1099614388263 switch to &NaiveActor::HandlerNormal
I1012 16:10:51.595696  3161 thread.cpp:96] Thread 524337 construct Actor kDstSubsetTick 1099614388263
I1012 16:10:51.595826  3161 runtime_context.cpp:29] DecreaseCounter constructing_actor_cnt, current val is 641
I1012 16:10:51.596122  3198 naive_actor.cpp:25] actor 2199023255628 switch to &NaiveActor::HandlerNormal
I1012 16:10:51.596297  3198 thread.cpp:96] Thread 1048576 construct Actor kNormalForward 2199023255628
I1012 16:10:51.596510  3198 runtime_context.cpp:29] DecreaseCounter constructing_actor_cnt, current val is 640
I1012 16:10:51.596956  3237 naive_actor.cpp:25] actor 2207613190272 switch to &NaiveActor::HandlerNormal
I1012 16:10:51.597065  3237 thread.cpp:96] Thread 1052672 construct Actor kNormalForward 2207613190272
I1012 16:10:51.597167  3237 runtime_context.cpp:29] DecreaseCounter constructing_actor_cnt, current val is 639
I1012 16:10:51.597784  3161 esac_actor.cpp:73] actor 1099614388334 switch to &EsacActor::HandlerNormal
I1012 16:10:51.597920  3237 naive_actor.cpp:25] actor 2207613190296 switch to &NaiveActor::HandlerNormal
I1012 16:10:51.597923  3161 thread.cpp:96] Thread 524337 construct Actor kEsac 1099614388334
I1012 16:10:51.598002  3237 thread.cpp:96] Thread 1052672 construct Actor kNormalForward 2207613190296
I1012 16:10:51.598138  3161 runtime_context.cpp:29] DecreaseCounter constructing_actor_cnt, current val is 638
I1012 16:10:51.598340  3237 runtime_context.cpp:29] DecreaseCounter constructing_actor_cnt, current val is 637
I1012 16:10:51.608130  3161 naive_actor.cpp:25] actor 1099614388264 switch to &NaiveActor::HandlerNormal
I1012 16:10:51.608433  3161 thread.cpp:96] Thread 524337 construct Actor kTick 1099614388264
I1012 16:10:51.608755  3161 runtime_context.cpp:29] DecreaseCounter constructing_actor_cnt, current val is 636
I1012 16:10:51.609217  3237 naive_actor.cpp:25] actor 2207613190332 switch to &NaiveActor::HandlerNormal
I1012 16:10:51.609365  3237 thread.cpp:96] Thread 1052672 construct Actor kNormalForward 2207613190332
I1012 16:10:51.609506  3237 runtime_context.cpp:29] DecreaseCounter constructing_actor_cnt, current val is 635
I1012 16:10:51.609848  3198 naive_actor.cpp:25] actor 2199023255652 switch to &NaiveActor::HandlerNormal
I1012 16:10:51.609975  3198 thread.cpp:96] Thread 1048576 construct Actor kNormalForward 2199023255652
I1012 16:10:51.610147  3198 runtime_context.cpp:29] DecreaseCounter constructing_actor_cnt, current val is 634
I1012 16:10:51.610050  3161 naive_actor.cpp:25] actor 1099614388258 switch to &NaiveActor::HandlerNormal
I1012 16:10:51.610378  3161 thread.cpp:96] Thread 524337 construct Actor kDeviceTick 1099614388258
I1012 16:10:51.610488  3237 naive_actor.cpp:25] actor 2207613190151 switch to &NaiveActor::HandlerNormal
I1012 16:10:51.610586  3161 runtime_context.cpp:29] DecreaseCounter constructing_actor_cnt, current val is 633
I1012 16:10:51.610668  3237 thread.cpp:96] Thread 1052672 construct Actor kNormalForward 2207613190151
I1012 16:10:51.610937  3237 runtime_context.cpp:29] DecreaseCounter constructing_actor_cnt, current val is 632
I1012 16:10:51.611642  3161 naive_actor.cpp:25] actor 1099614388273 switch to &NaiveActor::HandlerNormal
I1012 16:10:51.611757  3161 thread.cpp:96] Thread 524337 construct Actor kTick 1099614388273
I1012 16:10:51.611917  3161 runtime_context.cpp:29] DecreaseCounter constructing_actor_cnt, current val is 631
I1012 16:10:51.612535  3198 naive_actor.cpp:25] actor 2199023255676 switch to &NaiveActor::HandlerNormal
I1012 16:10:51.612730  3198 thread.cpp:96] Thread 1048576 construct Actor kNormalForward 2199023255676
I1012 16:10:51.612877  3198 runtime_context.cpp:29] DecreaseCounter constructing_actor_cnt, current val is 630
I1012 16:10:51.613046  3161 naive_actor.cpp:25] actor 1099614388271 switch to &NaiveActor::HandlerNormal
I1012 16:10:51.613123  3161 thread.cpp:96] Thread 524337 construct Actor kTick 1099614388271
I1012 16:10:51.613260  3161 runtime_context.cpp:29] DecreaseCounter constructing_actor_cnt, current val is 629
I1012 16:10:51.613433  3237 naive_actor.cpp:25] actor 2207613190175 switch to &NaiveActor::HandlerNormal
I1012 16:10:51.613628  3237 thread.cpp:96] Thread 1052672 construct Actor kNormalForward 2207613190175
I1012 16:10:51.613839  3237 runtime_context.cpp:29] DecreaseCounter constructing_actor_cnt, current val is 628
I1012 16:10:51.614349  3161 naive_actor.cpp:25] actor 1099614388266 switch to &NaiveActor::HandlerNormal
I1012 16:10:51.614445  3161 thread.cpp:96] Thread 524337 construct Actor kTick 1099614388266
I1012 16:10:51.614552  3237 naive_actor.cpp:25] actor 2207613190199 switch to &NaiveActor::HandlerNormal
I1012 16:10:51.614589  3161 runtime_context.cpp:29] DecreaseCounter constructing_actor_cnt, current val is 627
I1012 16:10:51.614681  3237 thread.cpp:96] Thread 1052672 construct Actor kNormalForward 2207613190199
I1012 16:10:51.614936  3237 runtime_context.cpp:29] DecreaseCounter constructing_actor_cnt, current val is 626
I1012 16:10:51.616814  3198 naive_actor.cpp:25] actor 2199023255603 switch to &NaiveActor::HandlerNormal
I1012 16:10:51.616946  3198 thread.cpp:96] Thread 1048576 construct Actor kNormalForward 2199023255603
I1012 16:10:51.617055  3198 runtime_context.cpp:29] DecreaseCounter constructing_actor_cnt, current val is 625
I1012 16:10:51.616927  3161 naive_actor.cpp:25] actor 1099614388274 switch to &NaiveActor::HandlerNormal
I1012 16:10:51.617251  3161 thread.cpp:96] Thread 524337 construct Actor kTick 1099614388274
I1012 16:10:51.617383  3161 runtime_context.cpp:29] DecreaseCounter constructing_actor_cnt, current val is 624
I1012 16:10:51.617851  3237 naive_actor.cpp:25] actor 2207613190145 switch to &NaiveActor::HandlerNormal
I1012 16:10:51.617993  3237 thread.cpp:96] Thread 1052672 construct Actor kNormalForward 2207613190145
I1012 16:10:51.618113  3237 runtime_context.cpp:29] DecreaseCounter constructing_actor_cnt, current val is 623
I1012 16:10:51.618649  3161 naive_actor.cpp:25] actor 1099614388268 switch to &NaiveActor::HandlerNormal
I1012 16:10:51.618803  3161 thread.cpp:96] Thread 524337 construct Actor kSrcSubsetTick 1099614388268
I1012 16:10:51.618919  3161 runtime_context.cpp:29] DecreaseCounter constructing_actor_cnt, current val is 622
I1012 16:10:51.619077  3237 naive_actor.cpp:25] actor 2207613190157 switch to &NaiveActor::HandlerNormal
I1012 16:10:51.619202  3237 thread.cpp:96] Thread 1052672 construct Actor kNormalForward 2207613190157
I1012 16:10:51.619387  3237 runtime_context.cpp:29] DecreaseCounter constructing_actor_cnt, current val is 621
I1012 16:10:51.619837  3198 naive_actor.cpp:25] actor 2199023255558 switch to &NaiveActor::HandlerNormal
I1012 16:10:51.620002  3198 thread.cpp:96] Thread 1048576 construct Actor kNormalForward 2199023255558
I1012 16:10:51.620128  3161 naive_actor.cpp:25] actor 1099614388272 switch to &NaiveActor::HandlerNormal
I1012 16:10:51.620223  3161 thread.cpp:96] Thread 524337 construct Actor kDstSubsetTick 1099614388272
I1012 16:10:51.620326  3161 runtime_context.cpp:29] DecreaseCounter constructing_actor_cnt, current val is 619
I1012 16:10:51.620134  3237 naive_actor.cpp:25] actor 2207613190155 switch to &NaiveActor::HandlerNormal
I1012 16:10:51.620208  3198 runtime_context.cpp:29] DecreaseCounter constructing_actor_cnt, current val is 620
I1012 16:10:51.620798  3161 naive_actor.cpp:25] actor 1099614388302 switch to &NaiveActor::HandlerNormal
I1012 16:10:51.623580  3237 thread.cpp:96] Thread 1052672 construct Actor kNormalForward 2207613190155
I1012 16:10:51.624275  3161 thread.cpp:96] Thread 524337 construct Actor kTick 1099614388302
I1012 16:10:51.624475  3237 runtime_context.cpp:29] DecreaseCounter constructing_actor_cnt, current val is 618
I1012 16:10:51.624541  3161 runtime_context.cpp:29] DecreaseCounter constructing_actor_cnt, current val is 617
I1012 16:10:51.624362  3198 naive_actor.cpp:25] actor 2199023255559 switch to &NaiveActor::HandlerNormal
I1012 16:10:51.624861  3198 thread.cpp:96] Thread 1048576 construct Actor kNormalForward 2199023255559
I1012 16:10:51.625054  3198 runtime_context.cpp:29] DecreaseCounter constructing_actor_cnt, current val is 616
I1012 16:10:51.625558  3161 naive_actor.cpp:25] actor 1099614388267 switch to &NaiveActor::HandlerNormal
I1012 16:10:51.625821  3161 thread.cpp:96] Thread 524337 construct Actor kDeviceTick 1099614388267
I1012 16:10:51.625939  3161 runtime_context.cpp:29] DecreaseCounter constructing_actor_cnt, current val is 615
I1012 16:10:51.627224  3237 naive_actor.cpp:25] actor 2207613190156 switch to &NaiveActor::HandlerNormal
I1012 16:10:51.627293  3161 naive_actor.cpp:25] actor 1099614388294 switch to &NaiveActor::HandlerNormal
I1012 16:10:51.627362  3237 thread.cpp:96] Thread 1052672 construct Actor kNormalForward 2207613190156
I1012 16:10:51.627745  3161 thread.cpp:96] Thread 524337 construct Actor kTick 1099614388294
I1012 16:10:51.627897  3237 runtime_context.cpp:29] DecreaseCounter constructing_actor_cnt, current val is 614
I1012 16:10:51.627959  3161 runtime_context.cpp:29] DecreaseCounter constructing_actor_cnt, current val is 613
I1012 16:10:51.627982  3198 naive_actor.cpp:25] actor 2199023255583 switch to &NaiveActor::HandlerNormal
I1012 16:10:51.628222  3198 thread.cpp:96] Thread 1048576 construct Actor kNormalForward 2199023255583
I1012 16:10:51.628360  3198 runtime_context.cpp:29] DecreaseCounter constructing_actor_cnt, current val is 612
I1012 16:10:51.629004  3161 naive_actor.cpp:25] actor 1099614388281 switch to &NaiveActor::HandlerNormal
I1012 16:10:51.629236  3161 thread.cpp:96] Thread 524337 construct Actor kDstSubsetTick 1099614388281
I1012 16:10:51.629372  3161 runtime_context.cpp:29] DecreaseCounter constructing_actor_cnt, current val is 611
I1012 16:10:51.629458  3198 naive_actor.cpp:25] actor 2199023255554 switch to &NaiveActor::HandlerNormal
I1012 16:10:51.629645  3198 thread.cpp:96] Thread 1048576 construct Actor kNormalForward 2199023255554
I1012 16:10:51.629703  3237 naive_actor.cpp:25] actor 2207613190161 switch to &NaiveActor::HandlerNormal
I1012 16:10:51.629894  3198 runtime_context.cpp:29] DecreaseCounter constructing_actor_cnt, current val is 610
I1012 16:10:51.629967  3237 thread.cpp:96] Thread 1052672 construct Actor kNormalForward 2207613190161
I1012 16:10:51.630049  3161 naive_actor.cpp:25] actor 1099614388285 switch to &NaiveActor::HandlerNormal
I1012 16:10:51.630231  3237 runtime_context.cpp:29] DecreaseCounter constructing_actor_cnt, current val is 609
I1012 16:10:51.630251  3161 thread.cpp:96] Thread 524337 construct Actor kTick 1099614388285
I1012 16:10:51.630407  3161 runtime_context.cpp:29] DecreaseCounter constructing_actor_cnt, current val is 608
I1012 16:10:51.631336  3161 naive_actor.cpp:25] actor 1099614388316 switch to &NaiveActor::HandlerNormal
I1012 16:10:51.631450  3161 thread.cpp:96] Thread 524337 construct Actor kTick 1099614388316
I1012 16:10:51.631806  3161 runtime_context.cpp:29] DecreaseCounter constructing_actor_cnt, current val is 607
I1012 16:10:51.631956  3198 naive_actor.cpp:25] actor 2199023255556 switch to &NaiveActor::HandlerNormal
I1012 16:10:51.632076  3198 thread.cpp:96] Thread 1048576 construct Actor kNormalForward 2199023255556
I1012 16:10:51.632136  3237 naive_actor.cpp:25] actor 2207613190152 switch to &NaiveActor::HandlerNormal
I1012 16:10:51.632328  3198 runtime_context.cpp:29] DecreaseCounter constructing_actor_cnt, current val is 606
I1012 16:10:51.632441  3237 thread.cpp:96] Thread 1052672 construct Actor kNormalForward 2207613190152
I1012 16:10:51.632800  3237 runtime_context.cpp:29] DecreaseCounter constructing_actor_cnt, current val is 605
I1012 16:10:51.632817  3161 naive_actor.cpp:25] actor 1099614388293 switch to &NaiveActor::HandlerNormal
I1012 16:10:51.633090  3161 thread.cpp:96] Thread 524337 construct Actor kDstSubsetTick 1099614388293
I1012 16:10:51.633384  3161 runtime_context.cpp:29] DecreaseCounter constructing_actor_cnt, current val is 604
I1012 16:10:51.634281  3198 naive_actor.cpp:25] actor 2199023255573 switch to &NaiveActor::HandlerNormal
I1012 16:10:51.634394  3198 thread.cpp:96] Thread 1048576 construct Actor kNormalForward 2199023255573
I1012 16:10:51.634521  3198 runtime_context.cpp:29] DecreaseCounter constructing_actor_cnt, current val is 603
I1012 16:10:51.634373  3161 naive_actor.cpp:25] actor 1099614388328 switch to &NaiveActor::HandlerNormal
I1012 16:10:51.634876  3161 thread.cpp:96] Thread 524337 construct Actor kTick 1099614388328
I1012 16:10:51.635046  3161 runtime_context.cpp:29] DecreaseCounter constructing_actor_cnt, current val is 602
I1012 16:10:51.635223  3237 naive_actor.cpp:25] actor 2207613190153 switch to &NaiveActor::HandlerNormal
I1012 16:10:51.635360  3237 thread.cpp:96] Thread 1052672 construct Actor kNormalForward 2207613190153
I1012 16:10:51.635555  3237 runtime_context.cpp:29] DecreaseCounter constructing_actor_cnt, current val is 601
I1012 16:10:51.635972  3161 naive_actor.cpp:25] actor 1099614388295 switch to &NaiveActor::HandlerNormal
I1012 16:10:51.636147  3161 thread.cpp:96] Thread 524337 construct Actor kTick 1099614388295
I1012 16:10:51.636270  3161 runtime_context.cpp:29] DecreaseCounter constructing_actor_cnt, current val is 600
I1012 16:10:51.636653  3198 naive_actor.cpp:25] actor 2199023255560 switch to &NaiveActor::HandlerNormal
I1012 16:10:51.636792  3198 thread.cpp:96] Thread 1048576 construct Actor kNormalForward 2199023255560
I1012 16:10:51.637019  3198 runtime_context.cpp:29] DecreaseCounter constructing_actor_cnt, current val is 599
I1012 16:10:51.637344  3161 naive_actor.cpp:25] actor 1099614388292 switch to &NaiveActor::HandlerNormal
I1012 16:10:51.637475  3161 thread.cpp:96] Thread 524337 construct Actor kTick 1099614388292
I1012 16:10:51.637655  3161 runtime_context.cpp:29] DecreaseCounter constructing_actor_cnt, current val is 598
I1012 16:10:51.638135  3237 naive_actor.cpp:25] actor 2207613190177 switch to &NaiveActor::HandlerNormal
I1012 16:10:51.638278  3237 thread.cpp:96] Thread 1052672 construct Actor kNormalForward 2207613190177
I1012 16:10:51.638451  3237 runtime_context.cpp:29] DecreaseCounter constructing_actor_cnt, current val is 597
I1012 16:10:51.638491  3161 naive_actor.cpp:25] actor 1099614388284 switch to &NaiveActor::HandlerNormal
I1012 16:10:51.638789  3161 thread.cpp:96] Thread 524337 construct Actor kTick 1099614388284
I1012 16:10:51.638902  3161 runtime_context.cpp:29] DecreaseCounter constructing_actor_cnt, current val is 596
I1012 16:10:51.639124  3198 naive_actor.cpp:25] actor 2199023255561 switch to &NaiveActor::HandlerNormal
I1012 16:10:51.639286  3198 thread.cpp:96] Thread 1048576 construct Actor kNormalForward 2199023255561
I1012 16:10:51.639564  3198 runtime_context.cpp:29] DecreaseCounter constructing_actor_cnt, current val is 595
I1012 16:10:51.639654  3161 naive_actor.cpp:25] actor 1099614388277 switch to &NaiveActor::HandlerNormal
I1012 16:10:51.639787  3161 thread.cpp:96] Thread 524337 construct Actor kSrcSubsetTick 1099614388277
I1012 16:10:51.639925  3161 runtime_context.cpp:29] DecreaseCounter constructing_actor_cnt, current val is 594
I1012 16:10:51.640691  3237 naive_actor.cpp:25] actor 2207613190149 switch to &NaiveActor::HandlerNormal
I1012 16:10:51.640811  3237 thread.cpp:96] Thread 1052672 construct Actor kNormalForward 2207613190149
I1012 16:10:51.640945  3237 runtime_context.cpp:29] DecreaseCounter constructing_actor_cnt, current val is 593
I1012 16:10:51.641052  3161 naive_actor.cpp:25] actor 1099614388283 switch to &NaiveActor::HandlerNormal
I1012 16:10:51.641404  3161 thread.cpp:96] Thread 524337 construct Actor kTick 1099614388283
I1012 16:10:51.641535  3161 runtime_context.cpp:29] DecreaseCounter constructing_actor_cnt, current val is 592
I1012 16:10:51.641671  3198 naive_actor.cpp:25] actor 2199023255553 switch to &NaiveActor::HandlerNormal
I1012 16:10:51.641743  3198 thread.cpp:96] Thread 1048576 construct Actor kNormalForward 2199023255553
I1012 16:10:51.641978  3198 runtime_context.cpp:29] DecreaseCounter constructing_actor_cnt, current val is 591
I1012 16:10:51.647723  3161 naive_actor.cpp:25] actor 1099614388275 switch to &NaiveActor::HandlerNormal
I1012 16:10:51.648080  3161 thread.cpp:96] Thread 524337 construct Actor kDeviceTick 1099614388275
I1012 16:10:51.648335  3161 runtime_context.cpp:29] DecreaseCounter constructing_actor_cnt, current val is 590
I1012 16:10:51.648484  3198 naive_actor.cpp:25] actor 2199023255700 switch to &NaiveActor::HandlerNormal
I1012 16:10:51.648564  3198 thread.cpp:96] Thread 1048576 construct Actor kNormalForward 2199023255700
I1012 16:10:51.648665  3198 runtime_context.cpp:29] DecreaseCounter constructing_actor_cnt, current val is 589
I1012 16:10:51.648666  3237 naive_actor.cpp:25] actor 2207613190154 switch to &NaiveActor::HandlerNormal
I1012 16:10:51.648840  3237 thread.cpp:96] Thread 1052672 construct Actor kNormalForward 2207613190154
I1012 16:10:51.648977  3237 runtime_context.cpp:29] DecreaseCounter constructing_actor_cnt, current val is 588
I1012 16:10:51.649982  3161 naive_actor.cpp:25] actor 1099614388282 switch to &NaiveActor::HandlerNormal
I1012 16:10:51.650159  3161 thread.cpp:96] Thread 524337 construct Actor kTick 1099614388282
I1012 16:10:51.650333  3161 runtime_context.cpp:29] DecreaseCounter constructing_actor_cnt, current val is 587
I1012 16:10:51.651064  3198 naive_actor.cpp:25] actor 2199023255562 switch to &NaiveActor::HandlerNormal
I1012 16:10:51.651306  3198 thread.cpp:96] Thread 1048576 construct Actor kNormalForward 2199023255562
I1012 16:10:51.651465  3198 runtime_context.cpp:29] DecreaseCounter constructing_actor_cnt, current val is 586
I1012 16:10:51.651656  3161 naive_actor.cpp:25] actor 1099614388280 switch to &NaiveActor::HandlerNormal
I1012 16:10:51.651732  3161 thread.cpp:96] Thread 524337 construct Actor kTick 1099614388280
I1012 16:10:51.651895  3161 runtime_context.cpp:29] DecreaseCounter constructing_actor_cnt, current val is 585
I1012 16:10:51.652034  3237 naive_actor.cpp:25] actor 2207613190144 switch to &NaiveActor::HandlerNormal
I1012 16:10:51.652168  3237 thread.cpp:96] Thread 1052672 construct Actor kNormalForward 2207613190144
I1012 16:10:51.652307  3237 runtime_context.cpp:29] DecreaseCounter constructing_actor_cnt, current val is 584
I1012 16:10:51.652398  3198 naive_actor.cpp:25] actor 2199023255565 switch to &NaiveActor::HandlerNormal
I1012 16:10:51.652582  3198 thread.cpp:96] Thread 1048576 construct Actor kNormalForward 2199023255565
I1012 16:10:51.652755  3198 runtime_context.cpp:29] DecreaseCounter constructing_actor_cnt, current val is 583
I1012 16:10:51.653004  3161 naive_actor.cpp:25] actor 1099614388276 switch to &NaiveActor::HandlerNormal
I1012 16:10:51.653210  3161 thread.cpp:96] Thread 524337 construct Actor kDeviceTick 1099614388276
I1012 16:10:51.653507  3161 runtime_context.cpp:29] DecreaseCounter constructing_actor_cnt, current val is 582
I1012 16:10:51.653679  3198 naive_actor.cpp:25] actor 2199023255607 switch to &NaiveActor::HandlerNormal
I1012 16:10:51.653764  3198 thread.cpp:96] Thread 1048576 construct Actor kNormalForward 2199023255607
I1012 16:10:51.653877  3198 runtime_context.cpp:29] DecreaseCounter constructing_actor_cnt, current val is 581
I1012 16:10:51.653995  3237 naive_actor.cpp:25] actor 2207613190148 switch to &NaiveActor::HandlerNormal
I1012 16:10:51.654289  3237 thread.cpp:96] Thread 1052672 construct Actor kNormalForward 2207613190148
I1012 16:10:51.654383  3161 naive_actor.cpp:25] actor 1099614388290 switch to &NaiveActor::HandlerNormal
I1012 16:10:51.654448  3237 runtime_context.cpp:29] DecreaseCounter constructing_actor_cnt, current val is 580
I1012 16:10:51.654538  3161 thread.cpp:96] Thread 524337 construct Actor kSrcSubsetTick 1099614388290
I1012 16:10:51.654848  3161 runtime_context.cpp:29] DecreaseCounter constructing_actor_cnt, current val is 579
I1012 16:10:51.655833  3161 naive_actor.cpp:25] actor 1099614388288 switch to &NaiveActor::HandlerNormal
I1012 16:10:51.655992  3161 thread.cpp:96] Thread 524337 construct Actor kTick 1099614388288
I1012 16:10:51.656119  3161 runtime_context.cpp:29] DecreaseCounter constructing_actor_cnt, current val is 578
I1012 16:10:51.656736  3198 naive_actor.cpp:25] actor 2199023255578 switch to &NaiveActor::HandlerNormal
I1012 16:10:51.656893  3198 thread.cpp:96] Thread 1048576 construct Actor kNormalForward 2199023255578
I1012 16:10:51.656759  3237 naive_actor.cpp:25] actor 2207613190168 switch to &NaiveActor::HandlerNormal
I1012 16:10:51.657143  3198 runtime_context.cpp:29] DecreaseCounter constructing_actor_cnt, current val is 577
I1012 16:10:51.657382  3237 thread.cpp:96] Thread 1052672 construct Actor kNormalForward 2207613190168
I1012 16:10:51.657671  3237 runtime_context.cpp:29] DecreaseCounter constructing_actor_cnt, current val is 576
I1012 16:10:51.657485  3161 naive_actor.cpp:25] actor 1099614388318 switch to &NaiveActor::HandlerNormal
I1012 16:10:51.658053  3161 thread.cpp:96] Thread 524337 construct Actor kTick 1099614388318
I1012 16:10:51.658237  3161 runtime_context.cpp:29] DecreaseCounter constructing_actor_cnt, current val is 575
I1012 16:10:51.671490  3161 naive_actor.cpp:25] actor 1099614388311 switch to &NaiveActor::HandlerNormal
I1012 16:10:51.671509  3237 naive_actor.cpp:25] actor 2207613190172 switch to &NaiveActor::HandlerNormal
I1012 16:10:51.671490  3198 naive_actor.cpp:25] actor 2199023255567 switch to &NaiveActor::HandlerNormal
I1012 16:10:51.671783  3161 thread.cpp:96] Thread 524337 construct Actor kTick 1099614388311
I1012 16:10:51.671905  3237 thread.cpp:96] Thread 1052672 construct Actor kNormalForward 2207613190172
I1012 16:10:51.671990  3198 thread.cpp:96] Thread 1048576 construct Actor kNormalForward 2199023255567
I1012 16:10:51.672144  3161 runtime_context.cpp:29] DecreaseCounter constructing_actor_cnt, current val is 574
I1012 16:10:51.672240  3237 runtime_context.cpp:29] DecreaseCounter constructing_actor_cnt, current val is 573
I1012 16:10:51.672295  3198 runtime_context.cpp:29] DecreaseCounter constructing_actor_cnt, current val is 572
I1012 16:10:51.673260  3198 naive_actor.cpp:25] actor 2199023255570 switch to &NaiveActor::HandlerNormal
I1012 16:10:51.673398  3198 thread.cpp:96] Thread 1048576 construct Actor kNormalForward 2199023255570
I1012 16:10:51.673550  3161 reentrant_lock_actor.cpp:76] actor 1099614388296 switch to &ReentrantLockActor::HandlerNormal
I1012 16:10:51.673643  3161 thread.cpp:96] Thread 524337 construct Actor kReentrantLock 1099614388296
I1012 16:10:51.673553  3198 runtime_context.cpp:29] DecreaseCounter constructing_actor_cnt, current val is 571
I1012 16:10:51.673754  3161 runtime_context.cpp:29] DecreaseCounter constructing_actor_cnt, current val is 570
I1012 16:10:51.674139  3237 naive_actor.cpp:25] actor 2207613190196 switch to &NaiveActor::HandlerNormal
I1012 16:10:51.674247  3237 thread.cpp:96] Thread 1052672 construct Actor kNormalForward 2207613190196
I1012 16:10:51.674353  3237 runtime_context.cpp:29] DecreaseCounter constructing_actor_cnt, current val is 569
I1012 16:10:51.674618  3198 naive_actor.cpp:25] actor 2199023255572 switch to &NaiveActor::HandlerNormal
I1012 16:10:51.674724  3198 thread.cpp:96] Thread 1048576 construct Actor kNormalForward 2199023255572
I1012 16:10:51.674839  3198 runtime_context.cpp:29] DecreaseCounter constructing_actor_cnt, current val is 568
I1012 16:10:51.675639  3161 case_actor.cpp:76] actor 1099614388297 switch to &CaseActor::HandlerNormal
I1012 16:10:51.675748  3161 thread.cpp:96] Thread 524337 construct Actor kCase 1099614388297
I1012 16:10:51.675879  3161 runtime_context.cpp:29] DecreaseCounter constructing_actor_cnt, current val is 567
I1012 16:10:51.676066  3237 naive_actor.cpp:25] actor 2207613190215 switch to &NaiveActor::HandlerNormal
I1012 16:10:51.676180  3237 thread.cpp:96] Thread 1052672 construct Actor kNormalForward 2207613190215
I1012 16:10:51.676295  3237 runtime_context.cpp:29] DecreaseCounter constructing_actor_cnt, current val is 566
I1012 16:10:51.676849  3161 naive_actor.cpp:25] actor 1099614388298 switch to &NaiveActor::HandlerNormal
I1012 16:10:51.676965  3161 thread.cpp:96] Thread 524337 construct Actor kTick 1099614388298
I1012 16:10:51.677003  3198 naive_actor.cpp:25] actor 2199023255569 switch to &NaiveActor::HandlerNormal
I1012 16:10:51.677093  3161 runtime_context.cpp:29] DecreaseCounter constructing_actor_cnt, current val is 565
I1012 16:10:51.677147  3198 thread.cpp:96] Thread 1048576 construct Actor kNormalForward 2199023255569
I1012 16:10:51.677348  3198 runtime_context.cpp:29] DecreaseCounter constructing_actor_cnt, current val is 564
I1012 16:10:51.677875  3237 naive_actor.cpp:25] actor 2207613190166 switch to &NaiveActor::HandlerNormal
I1012 16:10:51.678025  3237 thread.cpp:96] Thread 1052672 construct Actor kNormalForward 2207613190166
I1012 16:10:51.678175  3237 runtime_context.cpp:29] DecreaseCounter constructing_actor_cnt, current val is 563
I1012 16:10:51.678951  3161 esac_actor.cpp:73] actor 1099614388326 switch to &EsacActor::HandlerNormal
I1012 16:10:51.679069  3161 thread.cpp:96] Thread 524337 construct Actor kEsac 1099614388326
I1012 16:10:51.679224  3161 runtime_context.cpp:29] DecreaseCounter constructing_actor_cnt, current val is 562
I1012 16:10:51.679446  3237 naive_actor.cpp:25] actor 2207613190159 switch to &NaiveActor::HandlerNormal
I1012 16:10:51.679503  3198 naive_actor.cpp:25] actor 2199023255580 switch to &NaiveActor::HandlerNormal
I1012 16:10:51.679625  3237 thread.cpp:96] Thread 1052672 construct Actor kNormalForward 2207613190159
I1012 16:10:51.679857  3161 naive_actor.cpp:25] actor 1099614388301 switch to &NaiveActor::HandlerNormal
I1012 16:10:51.679711  3198 thread.cpp:96] Thread 1048576 construct Actor kNormalForward 2199023255580
I1012 16:10:51.679950  3161 thread.cpp:96] Thread 524337 construct Actor kTick 1099614388301
I1012 16:10:51.679977  3237 runtime_context.cpp:29] DecreaseCounter constructing_actor_cnt, current val is 561
I1012 16:10:51.680085  3198 runtime_context.cpp:29] DecreaseCounter constructing_actor_cnt, current val is 560
I1012 16:10:51.680246  3161 runtime_context.cpp:29] DecreaseCounter constructing_actor_cnt, current val is 559
I1012 16:10:51.680867  3161 naive_actor.cpp:25] actor 1099614388330 switch to &NaiveActor::HandlerNormal
I1012 16:10:51.680974  3161 thread.cpp:96] Thread 524337 construct Actor kTick 1099614388330
I1012 16:10:51.681095  3161 runtime_context.cpp:29] DecreaseCounter constructing_actor_cnt, current val is 558
I1012 16:10:51.681583  3161 naive_actor.cpp:25] actor 1099614388305 switch to &NaiveActor::HandlerNormal
I1012 16:10:51.681689  3161 thread.cpp:96] Thread 524337 construct Actor kTick 1099614388305
I1012 16:10:51.681780  3161 runtime_context.cpp:29] DecreaseCounter constructing_actor_cnt, current val is 557
I1012 16:10:51.681824  3237 naive_actor.cpp:25] actor 2207613190147 switch to &NaiveActor::HandlerNormal
I1012 16:10:51.681926  3237 thread.cpp:96] Thread 1052672 construct Actor kNormalForward 2207613190147
I1012 16:10:51.682040  3198 naive_actor.cpp:25] actor 2199023255596 switch to &NaiveActor::HandlerNormal
I1012 16:10:51.682052  3237 runtime_context.cpp:29] DecreaseCounter constructing_actor_cnt, current val is 556
I1012 16:10:51.682186  3161 naive_actor.cpp:25] actor 1099614388307 switch to &NaiveActor::HandlerNormal
I1012 16:10:51.682130  3198 thread.cpp:96] Thread 1048576 construct Actor kNormalForward 2199023255596
I1012 16:10:51.682308  3161 thread.cpp:96] Thread 524337 construct Actor kTick 1099614388307
I1012 16:10:51.682422  3198 runtime_context.cpp:29] DecreaseCounter constructing_actor_cnt, current val is 555
I1012 16:10:51.682492  3161 runtime_context.cpp:29] DecreaseCounter constructing_actor_cnt, current val is 554
I1012 16:10:51.682842  3237 naive_actor.cpp:25] actor 2207613190169 switch to &NaiveActor::HandlerNormal
I1012 16:10:51.682963  3237 thread.cpp:96] Thread 1052672 construct Actor kNormalForward 2207613190169
I1012 16:10:51.683104  3237 runtime_context.cpp:29] DecreaseCounter constructing_actor_cnt, current val is 553
I1012 16:10:51.683231  3161 naive_actor.cpp:25] actor 1099614388312 switch to &NaiveActor::HandlerNormal
I1012 16:10:51.683341  3161 thread.cpp:96] Thread 524337 construct Actor kTick 1099614388312
I1012 16:10:51.683456  3161 runtime_context.cpp:29] DecreaseCounter constructing_actor_cnt, current val is 552
I1012 16:10:51.684064  3237 naive_actor.cpp:25] actor 2207613190162 switch to &NaiveActor::HandlerNormal
I1012 16:10:51.684203  3237 thread.cpp:96] Thread 1052672 construct Actor kNormalForward 2207613190162
I1012 16:10:51.684237  3198 naive_actor.cpp:25] actor 2199023255571 switch to &NaiveActor::HandlerNormal
I1012 16:10:51.684345  3237 runtime_context.cpp:29] DecreaseCounter constructing_actor_cnt, current val is 551
I1012 16:10:51.684260  3161 naive_actor.cpp:25] actor 1099614388320 switch to &NaiveActor::HandlerNormal
I1012 16:10:51.684469  3198 thread.cpp:96] Thread 1048576 construct Actor kNormalForward 2199023255571
I1012 16:10:51.684597  3161 thread.cpp:96] Thread 524337 construct Actor kTick 1099614388320
I1012 16:10:51.684723  3198 runtime_context.cpp:29] DecreaseCounter constructing_actor_cnt, current val is 550
I1012 16:10:51.684777  3161 runtime_context.cpp:29] DecreaseCounter constructing_actor_cnt, current val is 549
I1012 16:10:51.685634  3161 naive_actor.cpp:25] actor 1099614388322 switch to &NaiveActor::HandlerNormal
I1012 16:10:51.685730  3161 thread.cpp:96] Thread 524337 construct Actor kTick 1099614388322
I1012 16:10:51.685878  3161 runtime_context.cpp:29] DecreaseCounter constructing_actor_cnt, current val is 548
I1012 16:10:51.687423  3161 naive_actor.cpp:25] actor 1099614388324 switch to &NaiveActor::HandlerNormal
I1012 16:10:51.687436  3198 naive_actor.cpp:25] actor 2199023255597 switch to &NaiveActor::HandlerNormal
I1012 16:10:51.687536  3161 thread.cpp:96] Thread 524337 construct Actor kTick 1099614388324
I1012 16:10:51.687734  3161 runtime_context.cpp:29] DecreaseCounter constructing_actor_cnt, current val is 547
I1012 16:10:51.687598  3237 naive_actor.cpp:25] actor 2207613190160 switch to &NaiveActor::HandlerNormal
I1012 16:10:51.687636  3198 thread.cpp:96] Thread 1048576 construct Actor kNormalForward 2199023255597
I1012 16:10:51.687830  3237 thread.cpp:96] Thread 1052672 construct Actor kNormalForward 2207613190160
I1012 16:10:51.687974  3198 runtime_context.cpp:29] DecreaseCounter constructing_actor_cnt, current val is 546
I1012 16:10:51.688002  3237 runtime_context.cpp:29] DecreaseCounter constructing_actor_cnt, current val is 545
I1012 16:10:51.688477  3161 naive_actor.cpp:25] actor 1099614388299 switch to &NaiveActor::HandlerNormal
I1012 16:10:51.688570  3161 thread.cpp:96] Thread 524337 construct Actor kTick 1099614388299
I1012 16:10:51.688652  3161 runtime_context.cpp:29] DecreaseCounter constructing_actor_cnt, current val is 544
I1012 16:10:51.689160  3161 naive_actor.cpp:25] actor 1099614388303 switch to &NaiveActor::HandlerNormal
I1012 16:10:51.689246  3161 thread.cpp:96] Thread 524337 construct Actor kTick 1099614388303
I1012 16:10:51.689337  3161 runtime_context.cpp:29] DecreaseCounter constructing_actor_cnt, current val is 543
I1012 16:10:51.690233  3198 naive_actor.cpp:25] actor 2199023255575 switch to &NaiveActor::HandlerNormal
I1012 16:10:51.690382  3198 thread.cpp:96] Thread 1048576 construct Actor kNormalForward 2199023255575
I1012 16:10:51.690563  3198 runtime_context.cpp:29] DecreaseCounter constructing_actor_cnt, current val is 542
I1012 16:10:51.690932  3161 naive_actor.cpp:25] actor 1099614388309 switch to &NaiveActor::HandlerNormal
I1012 16:10:51.691030  3161 thread.cpp:96] Thread 524337 construct Actor kTick 1099614388309
I1012 16:10:51.691109  3161 runtime_context.cpp:29] DecreaseCounter constructing_actor_cnt, current val is 541
I1012 16:10:51.691646  3198 naive_actor.cpp:25] actor 2199023255577 switch to &NaiveActor::HandlerNormal
I1012 16:10:51.691773  3198 thread.cpp:96] Thread 1048576 construct Actor kNormalForward 2199023255577
I1012 16:10:51.691898  3198 runtime_context.cpp:29] DecreaseCounter constructing_actor_cnt, current val is 540
I1012 16:10:51.691983  3237 naive_actor.cpp:25] actor 2207613190186 switch to &NaiveActor::HandlerNormal
I1012 16:10:51.692129  3237 thread.cpp:96] Thread 1052672 construct Actor kNormalForward 2207613190186
I1012 16:10:51.692265  3237 runtime_context.cpp:29] DecreaseCounter constructing_actor_cnt, current val is 539
I1012 16:10:51.692024  3161 naive_actor.cpp:25] actor 1099614388314 switch to &NaiveActor::HandlerNormal
I1012 16:10:51.692396  3161 thread.cpp:96] Thread 524337 construct Actor kTick 1099614388314
I1012 16:10:51.692557  3161 runtime_context.cpp:29] DecreaseCounter constructing_actor_cnt, current val is 538
I1012 16:10:51.693734  3161 naive_actor.cpp:25] actor 1099614388315 switch to &NaiveActor::HandlerNormal
I1012 16:10:51.693836  3161 thread.cpp:96] Thread 524337 construct Actor kTick 1099614388315
I1012 16:10:51.693929  3161 runtime_context.cpp:29] DecreaseCounter constructing_actor_cnt, current val is 537
I1012 16:10:51.694253  3198 naive_actor.cpp:25] actor 2199023255557 switch to &NaiveActor::HandlerNormal
I1012 16:10:51.694392  3198 thread.cpp:96] Thread 1048576 construct Actor kNormalForward 2199023255557
I1012 16:10:51.694557  3198 runtime_context.cpp:29] DecreaseCounter constructing_actor_cnt, current val is 536
I1012 16:10:51.695019  3161 naive_actor.cpp:25] actor 1099614388329 switch to &NaiveActor::HandlerNormal
I1012 16:10:51.695196  3161 thread.cpp:96] Thread 524337 construct Actor kTick 1099614388329
I1012 16:10:51.695333  3161 runtime_context.cpp:29] DecreaseCounter constructing_actor_cnt, current val is 535
I1012 16:10:51.695863  3198 naive_actor.cpp:25] actor 2199023255586 switch to &NaiveActor::HandlerNormal
I1012 16:10:51.696013  3161 naive_actor.cpp:25] actor 1099614388332 switch to &NaiveActor::HandlerNormal
I1012 16:10:51.696024  3198 thread.cpp:96] Thread 1048576 construct Actor kNormalForward 2199023255586
I1012 16:10:51.696234  3198 runtime_context.cpp:29] DecreaseCounter constructing_actor_cnt, current val is 534
I1012 16:10:51.696099  3161 thread.cpp:96] Thread 524337 construct Actor kTick 1099614388332
I1012 16:10:51.696513  3161 runtime_context.cpp:29] DecreaseCounter constructing_actor_cnt, current val is 533
I1012 16:10:51.696740  3237 naive_actor.cpp:25] actor 2207613190184 switch to &NaiveActor::HandlerNormal
I1012 16:10:51.696823  3237 thread.cpp:96] Thread 1052672 construct Actor kNormalForward 2207613190184
I1012 16:10:51.696929  3237 runtime_context.cpp:29] DecreaseCounter constructing_actor_cnt, current val is 532
I1012 16:10:51.706578  3161 naive_actor.cpp:25] actor 1099614388300 switch to &NaiveActor::HandlerNormal
I1012 16:10:51.706770  3161 thread.cpp:96] Thread 524337 construct Actor kTick 1099614388300
I1012 16:10:51.706923  3161 runtime_context.cpp:29] DecreaseCounter constructing_actor_cnt, current val is 531
I1012 16:10:51.708380  3198 naive_actor.cpp:25] actor 2199023255581 switch to &NaiveActor::HandlerNormal
I1012 16:10:51.708590  3198 thread.cpp:96] Thread 1048576 construct Actor kNormalForward 2199023255581
I1012 16:10:51.708405  3161 naive_actor.cpp:25] actor 1099614388308 switch to &NaiveActor::HandlerNormal
I1012 16:10:51.708758  3198 runtime_context.cpp:29] DecreaseCounter constructing_actor_cnt, current val is 530
I1012 16:10:51.708770  3161 thread.cpp:96] Thread 524337 construct Actor kTick 1099614388308
I1012 16:10:51.709092  3161 runtime_context.cpp:29] DecreaseCounter constructing_actor_cnt, current val is 529
I1012 16:10:51.709785  3237 naive_actor.cpp:25] actor 2207613190179 switch to &NaiveActor::HandlerNormal
I1012 16:10:51.709884  3237 thread.cpp:96] Thread 1052672 construct Actor kNormalForward 2207613190179
I1012 16:10:51.710011  3237 runtime_context.cpp:29] DecreaseCounter constructing_actor_cnt, current val is 528
I1012 16:10:51.710654  3161 naive_actor.cpp:25] actor 1099614388313 switch to &NaiveActor::HandlerNormal
I1012 16:10:51.710870  3161 thread.cpp:96] Thread 524337 construct Actor kTick 1099614388313
I1012 16:10:51.710991  3161 runtime_context.cpp:29] DecreaseCounter constructing_actor_cnt, current val is 527
I1012 16:10:51.711738  3161 naive_actor.cpp:25] actor 1099614388321 switch to &NaiveActor::HandlerNormal
I1012 16:10:51.711836  3161 thread.cpp:96] Thread 524337 construct Actor kTick 1099614388321
I1012 16:10:51.711942  3161 runtime_context.cpp:29] DecreaseCounter constructing_actor_cnt, current val is 526
I1012 16:10:51.712738  3237 naive_actor.cpp:25] actor 2207613190208 switch to &NaiveActor::HandlerNormal
I1012 16:10:51.712846  3237 thread.cpp:96] Thread 1052672 construct Actor kNormalForward 2207613190208
I1012 16:10:51.712958  3237 runtime_context.cpp:29] DecreaseCounter constructing_actor_cnt, current val is 525
I1012 16:10:51.713158  3161 naive_actor.cpp:25] actor 1099614388333 switch to &NaiveActor::HandlerNormal
I1012 16:10:51.713194  3198 naive_actor.cpp:25] actor 2199023255552 switch to &NaiveActor::HandlerNormal
I1012 16:10:51.713308  3161 thread.cpp:96] Thread 524337 construct Actor kTick 1099614388333
I1012 16:10:51.713449  3198 thread.cpp:96] Thread 1048576 construct Actor kNormalForward 2199023255552
I1012 16:10:51.713620  3161 runtime_context.cpp:29] DecreaseCounter constructing_actor_cnt, current val is 524
I1012 16:10:51.713800  3198 runtime_context.cpp:29] DecreaseCounter constructing_actor_cnt, current val is 523
I1012 16:10:51.714988  3161 naive_actor.cpp:25] actor 1099614388319 switch to &NaiveActor::HandlerNormal
I1012 16:10:51.715092  3161 thread.cpp:96] Thread 524337 construct Actor kTick 1099614388319
I1012 16:10:51.715185  3161 runtime_context.cpp:29] DecreaseCounter constructing_actor_cnt, current val is 522
I1012 16:10:51.715272  3237 naive_actor.cpp:25] actor 2207613190180 switch to &NaiveActor::HandlerNormal
I1012 16:10:51.715332  3237 thread.cpp:96] Thread 1052672 construct Actor kNormalForward 2207613190180
I1012 16:10:51.715437  3237 runtime_context.cpp:29] DecreaseCounter constructing_actor_cnt, current val is 521
I1012 16:10:51.716410  3161 naive_actor.cpp:25] actor 1099614388310 switch to &NaiveActor::HandlerNormal
I1012 16:10:51.716552  3161 thread.cpp:96] Thread 524337 construct Actor kTick 1099614388310
I1012 16:10:51.716604  3198 naive_actor.cpp:25] actor 2199023255576 switch to &NaiveActor::HandlerNormal
I1012 16:10:51.716672  3161 runtime_context.cpp:29] DecreaseCounter constructing_actor_cnt, current val is 520
I1012 16:10:51.716694  3237 naive_actor.cpp:25] actor 2207613190164 switch to &NaiveActor::HandlerNormal
I1012 16:10:51.716743  3198 thread.cpp:96] Thread 1048576 construct Actor kNormalForward 2199023255576
I1012 16:10:51.716902  3237 thread.cpp:96] Thread 1052672 construct Actor kNormalForward 2207613190164
I1012 16:10:51.717093  3198 runtime_context.cpp:29] DecreaseCounter constructing_actor_cnt, current val is 519
I1012 16:10:51.717171  3237 runtime_context.cpp:29] DecreaseCounter constructing_actor_cnt, current val is 518
I1012 16:10:51.717483  3161 naive_actor.cpp:25] actor 1099614388306 switch to &NaiveActor::HandlerNormal
I1012 16:10:51.717571  3161 thread.cpp:96] Thread 524337 construct Actor kTick 1099614388306
I1012 16:10:51.717661  3161 runtime_context.cpp:29] DecreaseCounter constructing_actor_cnt, current val is 517
I1012 16:10:51.718348  3237 naive_actor.cpp:25] actor 2207613190185 switch to &NaiveActor::HandlerNormal
I1012 16:10:51.718470  3237 thread.cpp:96] Thread 1052672 construct Actor kNormalForward 2207613190185
I1012 16:10:51.718585  3237 runtime_context.cpp:29] DecreaseCounter constructing_actor_cnt, current val is 516
I1012 16:10:51.718451  3161 naive_actor.cpp:25] actor 1099614388325 switch to &NaiveActor::HandlerNormal
I1012 16:10:51.718719  3161 thread.cpp:96] Thread 524337 construct Actor kTick 1099614388325
I1012 16:10:51.718803  3161 runtime_context.cpp:29] DecreaseCounter constructing_actor_cnt, current val is 515
I1012 16:10:51.719617  3237 naive_actor.cpp:25] actor 2207613190176 switch to &NaiveActor::HandlerNormal
I1012 16:10:51.719625  3198 naive_actor.cpp:25] actor 2199023255625 switch to &NaiveActor::HandlerNormal
I1012 16:10:51.719722  3161 naive_actor.cpp:25] actor 1099614388331 switch to &NaiveActor::HandlerNormal
I1012 16:10:51.719950  3161 thread.cpp:96] Thread 524337 construct Actor kTick 1099614388331
I1012 16:10:51.720046  3161 runtime_context.cpp:29] DecreaseCounter constructing_actor_cnt, current val is 514
I1012 16:10:51.719741  3237 thread.cpp:96] Thread 1052672 construct Actor kNormalForward 2207613190176
I1012 16:10:51.719868  3198 thread.cpp:96] Thread 1048576 construct Actor kNormalForward 2199023255625
I1012 16:10:51.720257  3237 runtime_context.cpp:29] DecreaseCounter constructing_actor_cnt, current val is 513
I1012 16:10:51.720407  3198 runtime_context.cpp:29] DecreaseCounter constructing_actor_cnt, current val is 512
I1012 16:10:51.720961  3161 naive_actor.cpp:25] actor 1099614388304 switch to &NaiveActor::HandlerNormal
I1012 16:10:51.721060  3161 thread.cpp:96] Thread 524337 construct Actor kTick 1099614388304
I1012 16:10:51.721138  3161 runtime_context.cpp:29] DecreaseCounter constructing_actor_cnt, current val is 511
I1012 16:10:51.722193  3237 naive_actor.cpp:25] actor 2207613190209 switch to &NaiveActor::HandlerNormal
I1012 16:10:51.722509  3237 thread.cpp:96] Thread 1052672 construct Actor kNormalForward 2207613190209
I1012 16:10:51.722601  3237 runtime_context.cpp:29] DecreaseCounter constructing_actor_cnt, current val is 510
I1012 16:10:51.722797  3198 naive_actor.cpp:25] actor 2199023255649 switch to &NaiveActor::HandlerNormal
I1012 16:10:51.722913  3198 thread.cpp:96] Thread 1048576 construct Actor kNormalForward 2199023255649
I1012 16:10:51.723074  3198 runtime_context.cpp:29] DecreaseCounter constructing_actor_cnt, current val is 509
I1012 16:10:51.724598  3198 naive_actor.cpp:25] actor 2199023255673 switch to &NaiveActor::HandlerNormal
I1012 16:10:51.724731  3198 thread.cpp:96] Thread 1048576 construct Actor kNormalForward 2199023255673
I1012 16:10:51.724895  3198 runtime_context.cpp:29] DecreaseCounter constructing_actor_cnt, current val is 508
I1012 16:10:51.725044  3237 naive_actor.cpp:25] actor 2207613190200 switch to &NaiveActor::HandlerNormal
I1012 16:10:51.725172  3237 thread.cpp:96] Thread 1052672 construct Actor kNormalForward 2207613190200
I1012 16:10:51.725318  3237 runtime_context.cpp:29] DecreaseCounter constructing_actor_cnt, current val is 507
