I1012 16:13:11.220847  7276 runtime_context.cpp:29] DecreaseCounter constructing_actor_cnt, current val is 665
I1012 16:13:11.221998  7276 naive_actor.cpp:25] actor 1099614388255 switch to &NaiveActor::HandlerNormal
I1012 16:13:11.222227  7276 thread.cpp:96] Thread 524337 construct Actor kTick 1099614388255
I1012 16:13:11.222338  7276 runtime_context.cpp:29] DecreaseCounter constructing_actor_cnt, current val is 664
I1012 16:13:11.222641  7314 naive_actor.cpp:25] actor 2199023255651 switch to &NaiveActor::HandlerNormal
I1012 16:13:11.222723  7314 thread.cpp:96] Thread 1048576 construct Actor kNormalForward 2199023255651
I1012 16:13:11.222828  7314 runtime_context.cpp:29] DecreaseCounter constructing_actor_cnt, current val is 663
I1012 16:13:11.223332  7350 naive_actor.cpp:25] actor 2207613190153 switch to &NaiveActor::HandlerNormal
I1012 16:13:11.223455  7350 thread.cpp:96] Thread 1052672 construct Actor kNormalForward 2207613190153
I1012 16:13:11.223582  7350 runtime_context.cpp:29] DecreaseCounter constructing_actor_cnt, current val is 662
I1012 16:13:11.224274  7276 naive_actor.cpp:25] actor 1099614388249 switch to &NaiveActor::HandlerNormal
I1012 16:13:11.224372  7276 thread.cpp:96] Thread 524337 construct Actor kDeviceTick 1099614388249
I1012 16:13:11.224488  7276 runtime_context.cpp:29] DecreaseCounter constructing_actor_cnt, current val is 661
I1012 16:13:11.224658  7350 naive_actor.cpp:25] actor 2207613190155 switch to &NaiveActor::HandlerNormal
I1012 16:13:11.224753  7350 thread.cpp:96] Thread 1052672 construct Actor kNormalForward 2207613190155
I1012 16:13:11.224854  7350 runtime_context.cpp:29] DecreaseCounter constructing_actor_cnt, current val is 660
I1012 16:13:11.225622  7350 naive_actor.cpp:25] actor 2207613190151 switch to &NaiveActor::HandlerNormal
I1012 16:13:11.225713  7276 naive_actor.cpp:25] actor 1099614388318 switch to &NaiveActor::HandlerNormal
I1012 16:13:11.225715  7350 thread.cpp:96] Thread 1052672 construct Actor kNormalForward 2207613190151
I1012 16:13:11.225803  7276 thread.cpp:96] Thread 524337 construct Actor kTick 1099614388318
I1012 16:13:11.225909  7350 runtime_context.cpp:29] DecreaseCounter constructing_actor_cnt, current val is 659
I1012 16:13:11.225975  7276 runtime_context.cpp:29] DecreaseCounter constructing_actor_cnt, current val is 658
I1012 16:13:11.226115  7314 naive_actor.cpp:25] actor 2199023255675 switch to &NaiveActor::HandlerNormal
I1012 16:13:11.226184  7314 thread.cpp:96] Thread 1048576 construct Actor kNormalForward 2199023255675
I1012 16:13:11.226284  7314 runtime_context.cpp:29] DecreaseCounter constructing_actor_cnt, current val is 657
I1012 16:13:11.227015  7276 naive_actor.cpp:25] actor 1099614388256 switch to &NaiveActor::HandlerNormal
I1012 16:13:11.227135  7276 thread.cpp:96] Thread 524337 construct Actor kTick 1099614388256
I1012 16:13:11.227237  7276 runtime_context.cpp:29] DecreaseCounter constructing_actor_cnt, current val is 656
I1012 16:13:11.227345  7314 naive_actor.cpp:25] actor 2199023255565 switch to &NaiveActor::HandlerNormal
I1012 16:13:11.227409  7314 thread.cpp:96] Thread 1048576 construct Actor kNormalForward 2199023255565
I1012 16:13:11.227607  7314 runtime_context.cpp:29] DecreaseCounter constructing_actor_cnt, current val is 655
I1012 16:13:11.228236  7350 naive_actor.cpp:25] actor 2207613190149 switch to &NaiveActor::HandlerNormal
I1012 16:13:11.228278  7276 naive_actor.cpp:25] actor 1099614388257 switch to &NaiveActor::HandlerNormal
I1012 16:13:11.228494  7350 thread.cpp:96] Thread 1052672 construct Actor kNormalForward 2207613190149
I1012 16:13:11.228579  7276 thread.cpp:96] Thread 524337 construct Actor kTick 1099614388257
I1012 16:13:11.228754  7350 runtime_context.cpp:29] DecreaseCounter constructing_actor_cnt, current val is 654
I1012 16:13:11.228775  7276 runtime_context.cpp:29] DecreaseCounter constructing_actor_cnt, current val is 653
I1012 16:13:11.229595  7276 naive_actor.cpp:25] actor 1099614388264 switch to &NaiveActor::HandlerNormal
I1012 16:13:11.229696  7276 thread.cpp:96] Thread 524337 construct Actor kTick 1099614388264
I1012 16:13:11.229784  7276 runtime_context.cpp:29] DecreaseCounter constructing_actor_cnt, current val is 652
I1012 16:13:11.230897  7276 naive_actor.cpp:25] actor 1099614388263 switch to &NaiveActor::HandlerNormal
I1012 16:13:11.230993  7276 thread.cpp:96] Thread 524337 construct Actor kDstSubsetTick 1099614388263
I1012 16:13:11.231140  7276 runtime_context.cpp:29] DecreaseCounter constructing_actor_cnt, current val is 651
I1012 16:13:11.231182  7350 naive_actor.cpp:25] actor 2207613190145 switch to &NaiveActor::HandlerNormal
I1012 16:13:11.231086  7314 naive_actor.cpp:25] actor 2199023255699 switch to &NaiveActor::HandlerNormal
I1012 16:13:11.231319  7350 thread.cpp:96] Thread 1052672 construct Actor kNormalForward 2207613190145
I1012 16:13:11.231381  7314 thread.cpp:96] Thread 1048576 construct Actor kNormalForward 2199023255699
I1012 16:13:11.231582  7350 runtime_context.cpp:29] DecreaseCounter constructing_actor_cnt, current val is 650
I1012 16:13:11.231590  7314 runtime_context.cpp:29] DecreaseCounter constructing_actor_cnt, current val is 649
I1012 16:13:11.232132  7276 naive_actor.cpp:25] actor 1099614388309 switch to &NaiveActor::HandlerNormal
I1012 16:13:11.232285  7276 thread.cpp:96] Thread 524337 construct Actor kTick 1099614388309
I1012 16:13:11.232389  7276 runtime_context.cpp:29] DecreaseCounter constructing_actor_cnt, current val is 648
I1012 16:13:11.242574  7276 naive_actor.cpp:25] actor 1099614388259 switch to &NaiveActor::HandlerNormal
I1012 16:13:11.242767  7276 thread.cpp:96] Thread 524337 construct Actor kSrcSubsetTick 1099614388259
I1012 16:13:11.242846  7350 naive_actor.cpp:25] actor 2207613190156 switch to &NaiveActor::HandlerNormal
I1012 16:13:11.242905  7276 runtime_context.cpp:29] DecreaseCounter constructing_actor_cnt, current val is 647
I1012 16:13:11.242928  7314 naive_actor.cpp:25] actor 2199023255564 switch to &NaiveActor::HandlerNormal
I1012 16:13:11.243285  7314 thread.cpp:96] Thread 1048576 construct Actor kNormalForward 2199023255564
I1012 16:13:11.243482  7314 runtime_context.cpp:29] DecreaseCounter constructing_actor_cnt, current val is 646
I1012 16:13:11.242988  7350 thread.cpp:96] Thread 1052672 construct Actor kNormalForward 2207613190156
I1012 16:13:11.243716  7350 runtime_context.cpp:29] DecreaseCounter constructing_actor_cnt, current val is 645
I1012 16:13:11.244094  7276 naive_actor.cpp:25] actor 1099614388262 switch to &NaiveActor::HandlerNormal
I1012 16:13:11.244216  7276 thread.cpp:96] Thread 524337 construct Actor kTick 1099614388262
I1012 16:13:11.244314  7276 runtime_context.cpp:29] DecreaseCounter constructing_actor_cnt, current val is 644
I1012 16:13:11.244976  7276 naive_actor.cpp:25] actor 1099614388258 switch to &NaiveActor::HandlerNormal
I1012 16:13:11.245059  7276 thread.cpp:96] Thread 524337 construct Actor kDeviceTick 1099614388258
I1012 16:13:11.245142  7276 runtime_context.cpp:29] DecreaseCounter constructing_actor_cnt, current val is 643
I1012 16:13:11.245304  7236 naive_actor.cpp:25] actor 1099511627776 switch to &NaiveActor::HandlerNormal
I1012 16:13:11.245402  7236 thread.cpp:96] Thread 524288 construct Actor kNormalForward 1099511627776
I1012 16:13:11.245540  7236 runtime_context.cpp:29] DecreaseCounter constructing_actor_cnt, current val is 642
I1012 16:13:11.246232  7276 naive_actor.cpp:25] actor 1099614388265 switch to &NaiveActor::HandlerNormal
I1012 16:13:11.246479  7276 thread.cpp:96] Thread 524337 construct Actor kTick 1099614388265
I1012 16:13:11.246572  7276 runtime_context.cpp:29] DecreaseCounter constructing_actor_cnt, current val is 641
I1012 16:13:11.247396  7314 naive_actor.cpp:25] actor 2199023255588 switch to &NaiveActor::HandlerNormal
I1012 16:13:11.247495  7314 thread.cpp:96] Thread 1048576 construct Actor kNormalForward 2199023255588
I1012 16:13:11.247586  7314 runtime_context.cpp:29] DecreaseCounter constructing_actor_cnt, current val is 640
I1012 16:13:11.247745  7276 naive_actor.cpp:25] actor 1099614388274 switch to &NaiveActor::HandlerNormal
I1012 16:13:11.247812  7276 thread.cpp:96] Thread 524337 construct Actor kTick 1099614388274
I1012 16:13:11.247954  7276 runtime_context.cpp:29] DecreaseCounter constructing_actor_cnt, current val is 639
I1012 16:13:11.248960  7350 naive_actor.cpp:25] actor 2207613190152 switch to &NaiveActor::HandlerNormal
I1012 16:13:11.248975  7276 naive_actor.cpp:25] actor 1099614388266 switch to &NaiveActor::HandlerNormal
I1012 16:13:11.249096  7350 thread.cpp:96] Thread 1052672 construct Actor kNormalForward 2207613190152
I1012 16:13:11.249176  7276 thread.cpp:96] Thread 524337 construct Actor kTick 1099614388266
I1012 16:13:11.249331  7350 runtime_context.cpp:29] DecreaseCounter constructing_actor_cnt, current val is 638
I1012 16:13:11.249348  7276 runtime_context.cpp:29] DecreaseCounter constructing_actor_cnt, current val is 637
I1012 16:13:11.251642  7276 naive_actor.cpp:25] actor 1099614388268 switch to &NaiveActor::HandlerNormal
I1012 16:13:11.251750  7276 thread.cpp:96] Thread 524337 construct Actor kSrcSubsetTick 1099614388268
I1012 16:13:11.251994  7276 runtime_context.cpp:29] DecreaseCounter constructing_actor_cnt, current val is 636
I1012 16:13:11.252094  7314 naive_actor.cpp:25] actor 2199023255575 switch to &NaiveActor::HandlerNormal
I1012 16:13:11.252146  7314 thread.cpp:96] Thread 1048576 construct Actor kNormalForward 2199023255575
I1012 16:13:11.252240  7314 runtime_context.cpp:29] DecreaseCounter constructing_actor_cnt, current val is 635
I1012 16:13:11.252851  7350 naive_actor.cpp:25] actor 2207613190225 switch to &NaiveActor::HandlerNormal
I1012 16:13:11.252981  7350 thread.cpp:96] Thread 1052672 construct Actor kNormalForward 2207613190225
I1012 16:13:11.253115  7350 runtime_context.cpp:29] DecreaseCounter constructing_actor_cnt, current val is 634
I1012 16:13:11.253473  7276 naive_actor.cpp:25] actor 1099614388311 switch to &NaiveActor::HandlerNormal
I1012 16:13:11.253571  7276 thread.cpp:96] Thread 524337 construct Actor kTick 1099614388311
I1012 16:13:11.253659  7276 runtime_context.cpp:29] DecreaseCounter constructing_actor_cnt, current val is 633
I1012 16:13:11.254070  7314 naive_actor.cpp:25] actor 2199023255563 switch to &NaiveActor::HandlerNormal
I1012 16:13:11.254314  7314 thread.cpp:96] Thread 1048576 construct Actor kNormalForward 2199023255563
I1012 16:13:11.254423  7314 runtime_context.cpp:29] DecreaseCounter constructing_actor_cnt, current val is 632
I1012 16:13:11.254649  7276 naive_actor.cpp:25] actor 1099614388267 switch to &NaiveActor::HandlerNormal
I1012 16:13:11.254726  7276 thread.cpp:96] Thread 524337 construct Actor kDeviceTick 1099614388267
I1012 16:13:11.254892  7276 runtime_context.cpp:29] DecreaseCounter constructing_actor_cnt, current val is 631
I1012 16:13:11.255051  7237 naive_actor.cpp:25] actor 1099513724928 switch to &NaiveActor::HandlerNormal
I1012 16:13:11.255143  7237 thread.cpp:96] Thread 524289 construct Actor kNormalForward 1099513724928
I1012 16:13:11.255254  7237 runtime_context.cpp:29] DecreaseCounter constructing_actor_cnt, current val is 630
I1012 16:13:11.255908  7276 naive_actor.cpp:25] actor 1099614388271 switch to &NaiveActor::HandlerNormal
I1012 16:13:11.256009  7276 thread.cpp:96] Thread 524337 construct Actor kTick 1099614388271
I1012 16:13:11.256107  7276 runtime_context.cpp:29] DecreaseCounter constructing_actor_cnt, current val is 629
I1012 16:13:11.256501  7350 naive_actor.cpp:25] actor 2207613190249 switch to &NaiveActor::HandlerNormal
I1012 16:13:11.256775  7350 thread.cpp:96] Thread 1052672 construct Actor kNormalForward 2207613190249
I1012 16:13:11.256826  7314 naive_actor.cpp:25] actor 2199023255561 switch to &NaiveActor::HandlerNormal
I1012 16:13:11.256937  7350 runtime_context.cpp:29] DecreaseCounter constructing_actor_cnt, current val is 628
I1012 16:13:11.256991  7314 thread.cpp:96] Thread 1048576 construct Actor kNormalForward 2199023255561
I1012 16:13:11.257167  7314 runtime_context.cpp:29] DecreaseCounter constructing_actor_cnt, current val is 627
I1012 16:13:11.257031  7276 naive_actor.cpp:25] actor 1099614388273 switch to &NaiveActor::HandlerNormal
I1012 16:13:11.257282  7276 thread.cpp:96] Thread 524337 construct Actor kTick 1099614388273
I1012 16:13:11.257396  7276 runtime_context.cpp:29] DecreaseCounter constructing_actor_cnt, current val is 626
I1012 16:13:11.257400  7238 naive_actor.cpp:25] actor 1099515822080 switch to &NaiveActor::HandlerNormal
I1012 16:13:11.257547  7238 thread.cpp:96] Thread 524290 construct Actor kNormalForward 1099515822080
I1012 16:13:11.257656  7238 runtime_context.cpp:29] DecreaseCounter constructing_actor_cnt, current val is 625
I1012 16:13:11.259162  7276 naive_actor.cpp:25] actor 1099614388272 switch to &NaiveActor::HandlerNormal
I1012 16:13:11.259313  7276 thread.cpp:96] Thread 524337 construct Actor kDstSubsetTick 1099614388272
I1012 16:13:11.259423  7276 runtime_context.cpp:29] DecreaseCounter constructing_actor_cnt, current val is 624
I1012 16:13:11.259701  7350 naive_actor.cpp:25] actor 2207613190273 switch to &NaiveActor::HandlerNormal
I1012 16:13:11.259702  7239 naive_actor.cpp:25] actor 1099517919232 switch to &NaiveActor::HandlerNormal
I1012 16:13:11.259815  7350 thread.cpp:96] Thread 1052672 construct Actor kNormalForward 2207613190273
I1012 16:13:11.259884  7239 thread.cpp:96] Thread 524291 construct Actor kNormalForward 1099517919232
I1012 16:13:11.260012  7350 runtime_context.cpp:29] DecreaseCounter constructing_actor_cnt, current val is 623
I1012 16:13:11.260061  7239 runtime_context.cpp:29] DecreaseCounter constructing_actor_cnt, current val is 622
I1012 16:13:11.260480  7276 naive_actor.cpp:25] actor 1099614388295 switch to &NaiveActor::HandlerNormal
I1012 16:13:11.260572  7276 thread.cpp:96] Thread 524337 construct Actor kTick 1099614388295
I1012 16:13:11.260658  7276 runtime_context.cpp:29] DecreaseCounter constructing_actor_cnt, current val is 621
I1012 16:13:11.261333  7276 naive_actor.cpp:25] actor 1099614388290 switch to &NaiveActor::HandlerNormal
I1012 16:13:11.261440  7276 thread.cpp:96] Thread 524337 construct Actor kSrcSubsetTick 1099614388290
I1012 16:13:11.261546  7276 runtime_context.cpp:29] DecreaseCounter constructing_actor_cnt, current val is 620
I1012 16:13:11.262164  7276 naive_actor.cpp:25] actor 1099614388293 switch to &NaiveActor::HandlerNormal
I1012 16:13:11.262264  7276 thread.cpp:96] Thread 524337 construct Actor kDstSubsetTick 1099614388293
I1012 16:13:11.262327  7314 naive_actor.cpp:25] actor 2199023255599 switch to &NaiveActor::HandlerNormal
I1012 16:13:11.262367  7276 runtime_context.cpp:29] DecreaseCounter constructing_actor_cnt, current val is 619
I1012 16:13:11.262396  7314 thread.cpp:96] Thread 1048576 construct Actor kNormalForward 2199023255599
I1012 16:13:11.262557  7314 runtime_context.cpp:29] DecreaseCounter constructing_actor_cnt, current val is 618
I1012 16:13:11.262759  7350 naive_actor.cpp:25] actor 2207613190297 switch to &NaiveActor::HandlerNormal
I1012 16:13:11.262874  7350 thread.cpp:96] Thread 1052672 construct Actor kNormalForward 2207613190297
I1012 16:13:11.263001  7350 runtime_context.cpp:29] DecreaseCounter constructing_actor_cnt, current val is 617
I1012 16:13:11.263360  7276 naive_actor.cpp:25] actor 1099614388288 switch to &NaiveActor::HandlerNormal
I1012 16:13:11.263459  7276 thread.cpp:96] Thread 524337 construct Actor kTick 1099614388288
I1012 16:13:11.263559  7276 runtime_context.cpp:29] DecreaseCounter constructing_actor_cnt, current val is 616
I1012 16:13:11.264214  7314 naive_actor.cpp:25] actor 2199023255553 switch to &NaiveActor::HandlerNormal
I1012 16:13:11.264322  7314 thread.cpp:96] Thread 1048576 construct Actor kNormalForward 2199023255553
I1012 16:13:11.264485  7314 runtime_context.cpp:29] DecreaseCounter constructing_actor_cnt, current val is 615
I1012 16:13:11.264554  7276 naive_actor.cpp:25] actor 1099614388292 switch to &NaiveActor::HandlerNormal
I1012 16:13:11.264652  7276 thread.cpp:96] Thread 524337 construct Actor kTick 1099614388292
I1012 16:13:11.264737  7276 runtime_context.cpp:29] DecreaseCounter constructing_actor_cnt, current val is 614
I1012 16:13:11.264835  7350 naive_actor.cpp:25] actor 2207613190333 switch to &NaiveActor::HandlerNormal
I1012 16:13:11.264936  7350 thread.cpp:96] Thread 1052672 construct Actor kNormalForward 2207613190333
I1012 16:13:11.265048  7350 runtime_context.cpp:29] DecreaseCounter constructing_actor_cnt, current val is 613
I1012 16:13:11.265715  7276 naive_actor.cpp:25] actor 1099614388284 switch to &NaiveActor::HandlerNormal
I1012 16:13:11.265807  7276 thread.cpp:96] Thread 524337 construct Actor kTick 1099614388284
I1012 16:13:11.265898  7276 runtime_context.cpp:29] DecreaseCounter constructing_actor_cnt, current val is 612
I1012 16:13:11.266578  7276 naive_actor.cpp:25] actor 1099614388285 switch to &NaiveActor::HandlerNormal
I1012 16:13:11.266681  7276 thread.cpp:96] Thread 524337 construct Actor kTick 1099614388285
I1012 16:13:11.266775  7276 runtime_context.cpp:29] DecreaseCounter constructing_actor_cnt, current val is 611
I1012 16:13:11.266788  7314 naive_actor.cpp:25] actor 2199023255569 switch to &NaiveActor::HandlerNormal
I1012 16:13:11.266893  7314 thread.cpp:96] Thread 1048576 construct Actor kNormalForward 2199023255569
I1012 16:13:11.266994  7314 runtime_context.cpp:29] DecreaseCounter constructing_actor_cnt, current val is 610
I1012 16:13:11.267665  7276 naive_actor.cpp:25] actor 1099614388276 switch to &NaiveActor::HandlerNormal
I1012 16:13:11.267765  7276 thread.cpp:96] Thread 524337 construct Actor kDeviceTick 1099614388276
I1012 16:13:11.267865  7276 runtime_context.cpp:29] DecreaseCounter constructing_actor_cnt, current val is 609
I1012 16:13:11.267674  7350 naive_actor.cpp:25] actor 2207613190177 switch to &NaiveActor::HandlerNormal
I1012 16:13:11.268061  7350 thread.cpp:96] Thread 1052672 construct Actor kNormalForward 2207613190177
I1012 16:13:11.268205  7350 runtime_context.cpp:29] DecreaseCounter constructing_actor_cnt, current val is 608
I1012 16:13:11.268719  7276 naive_actor.cpp:25] actor 1099614388299 switch to &NaiveActor::HandlerNormal
I1012 16:13:11.268810  7276 thread.cpp:96] Thread 524337 construct Actor kTick 1099614388299
I1012 16:13:11.268896  7276 runtime_context.cpp:29] DecreaseCounter constructing_actor_cnt, current val is 607
I1012 16:13:11.269096  7314 naive_actor.cpp:25] actor 2199023255555 switch to &NaiveActor::HandlerNormal
I1012 16:13:11.269174  7314 thread.cpp:96] Thread 1048576 construct Actor kNormalForward 2199023255555
I1012 16:13:11.269284  7314 runtime_context.cpp:29] DecreaseCounter constructing_actor_cnt, current val is 606
I1012 16:13:11.269284  7276 naive_actor.cpp:25] actor 1099614388277 switch to &NaiveActor::HandlerNormal
I1012 16:13:11.269418  7276 thread.cpp:96] Thread 524337 construct Actor kSrcSubsetTick 1099614388277
I1012 16:13:11.269512  7276 runtime_context.cpp:29] DecreaseCounter constructing_actor_cnt, current val is 605
I1012 16:13:11.270018  7276 naive_actor.cpp:25] actor 1099614388294 switch to &NaiveActor::HandlerNormal
I1012 16:13:11.270108  7276 thread.cpp:96] Thread 524337 construct Actor kTick 1099614388294
I1012 16:13:11.270215  7276 runtime_context.cpp:29] DecreaseCounter constructing_actor_cnt, current val is 604
I1012 16:13:11.270556  7314 naive_actor.cpp:25] actor 2199023255557 switch to &NaiveActor::HandlerNormal
I1012 16:13:11.270635  7314 thread.cpp:96] Thread 1048576 construct Actor kNormalForward 2199023255557
I1012 16:13:11.270732  7314 runtime_context.cpp:29] DecreaseCounter constructing_actor_cnt, current val is 603
I1012 16:13:11.271037  7276 naive_actor.cpp:25] actor 1099614388281 switch to &NaiveActor::HandlerNormal
I1012 16:13:11.271142  7276 thread.cpp:96] Thread 524337 construct Actor kDstSubsetTick 1099614388281
I1012 16:13:11.271286  7276 runtime_context.cpp:29] DecreaseCounter constructing_actor_cnt, current val is 602
I1012 16:13:11.272094  7276 naive_actor.cpp:25] actor 1099614388283 switch to &NaiveActor::HandlerNormal
I1012 16:13:11.272156  7314 naive_actor.cpp:25] actor 2199023255559 switch to &NaiveActor::HandlerNormal
I1012 16:13:11.272199  7276 thread.cpp:96] Thread 524337 construct Actor kTick 1099614388283
I1012 16:13:11.272341  7314 thread.cpp:96] Thread 1048576 construct Actor kNormalForward 2199023255559
I1012 16:13:11.272475  7276 runtime_context.cpp:29] DecreaseCounter constructing_actor_cnt, current val is 601
I1012 16:13:11.272576  7314 runtime_context.cpp:29] DecreaseCounter constructing_actor_cnt, current val is 600
I1012 16:13:11.273377  7350 naive_actor.cpp:25] actor 2207613190201 switch to &NaiveActor::HandlerNormal
I1012 16:13:11.273531  7350 thread.cpp:96] Thread 1052672 construct Actor kNormalForward 2207613190201
I1012 16:13:11.273670  7350 runtime_context.cpp:29] DecreaseCounter constructing_actor_cnt, current val is 599
I1012 16:13:11.274300  7276 esac_actor.cpp:73] actor 1099614388334 switch to &EsacActor::HandlerNormal
I1012 16:13:11.274431  7276 thread.cpp:96] Thread 524337 construct Actor kEsac 1099614388334
I1012 16:13:11.274648  7276 runtime_context.cpp:29] DecreaseCounter constructing_actor_cnt, current val is 598
I1012 16:13:11.274996  7350 naive_actor.cpp:25] actor 2207613190157 switch to &NaiveActor::HandlerNormal
I1012 16:13:11.275089  7350 thread.cpp:96] Thread 1052672 construct Actor kNormalForward 2207613190157
I1012 16:13:11.275198  7350 runtime_context.cpp:29] DecreaseCounter constructing_actor_cnt, current val is 597
I1012 16:13:11.275530  7314 naive_actor.cpp:25] actor 2199023255581 switch to &NaiveActor::HandlerNormal
I1012 16:13:11.275619  7314 thread.cpp:96] Thread 1048576 construct Actor kNormalForward 2199023255581
I1012 16:13:11.275713  7314 runtime_context.cpp:29] DecreaseCounter constructing_actor_cnt, current val is 596
I1012 16:13:11.275872  7276 naive_actor.cpp:25] actor 1099614388275 switch to &NaiveActor::HandlerNormal
I1012 16:13:11.276098  7276 thread.cpp:96] Thread 524337 construct Actor kDeviceTick 1099614388275
I1012 16:13:11.276443  7276 runtime_context.cpp:29] DecreaseCounter constructing_actor_cnt, current val is 595
I1012 16:13:11.277631  7276 naive_actor.cpp:25] actor 1099614388282 switch to &NaiveActor::HandlerNormal
I1012 16:13:11.277774  7276 thread.cpp:96] Thread 524337 construct Actor kTick 1099614388282
I1012 16:13:11.277870  7314 naive_actor.cpp:25] actor 2199023255583 switch to &NaiveActor::HandlerNormal
I1012 16:13:11.278231  7314 thread.cpp:96] Thread 1048576 construct Actor kNormalForward 2199023255583
I1012 16:13:11.278455  7314 runtime_context.cpp:29] DecreaseCounter constructing_actor_cnt, current val is 594
I1012 16:13:11.278638  7276 runtime_context.cpp:29] DecreaseCounter constructing_actor_cnt, current val is 593
I1012 16:13:11.279011  7350 naive_actor.cpp:25] actor 2207613190159 switch to &NaiveActor::HandlerNormal
I1012 16:13:11.279696  7350 thread.cpp:96] Thread 1052672 construct Actor kNormalForward 2207613190159
I1012 16:13:11.280473  7276 naive_actor.cpp:25] actor 1099614388280 switch to &NaiveActor::HandlerNormal
I1012 16:13:11.280719  7276 thread.cpp:96] Thread 524337 construct Actor kTick 1099614388280
I1012 16:13:11.280612  7350 runtime_context.cpp:29] DecreaseCounter constructing_actor_cnt, current val is 592
I1012 16:13:11.280839  7276 runtime_context.cpp:29] DecreaseCounter constructing_actor_cnt, current val is 591
I1012 16:13:11.285883  7314 naive_actor.cpp:25] actor 2199023255558 switch to &NaiveActor::HandlerNormal
I1012 16:13:11.285984  7314 thread.cpp:96] Thread 1048576 construct Actor kNormalForward 2199023255558
I1012 16:13:11.286326  7314 runtime_context.cpp:29] DecreaseCounter constructing_actor_cnt, current val is 590
I1012 16:13:11.287706  7350 naive_actor.cpp:25] actor 2207613190158 switch to &NaiveActor::HandlerNormal
I1012 16:13:11.287874  7350 thread.cpp:96] Thread 1052672 construct Actor kNormalForward 2207613190158
I1012 16:13:11.288026  7350 runtime_context.cpp:29] DecreaseCounter constructing_actor_cnt, current val is 589
I1012 16:13:11.287890  7276 naive_actor.cpp:25] actor 1099614388333 switch to &NaiveActor::HandlerNormal
I1012 16:13:11.288807  7276 thread.cpp:96] Thread 524337 construct Actor kTick 1099614388333
I1012 16:13:11.288926  7314 naive_actor.cpp:25] actor 2199023255562 switch to &NaiveActor::HandlerNormal
I1012 16:13:11.289003  7314 thread.cpp:96] Thread 1048576 construct Actor kNormalForward 2199023255562
I1012 16:13:11.289122  7314 runtime_context.cpp:29] DecreaseCounter constructing_actor_cnt, current val is 588
I1012 16:13:11.289294  7276 runtime_context.cpp:29] DecreaseCounter constructing_actor_cnt, current val is 587
I1012 16:13:11.290175  7350 naive_actor.cpp:25] actor 2207613190164 switch to &NaiveActor::HandlerNormal
I1012 16:13:11.290482  7350 thread.cpp:96] Thread 1052672 construct Actor kNormalForward 2207613190164
I1012 16:13:11.290621  7350 runtime_context.cpp:29] DecreaseCounter constructing_actor_cnt, current val is 586
I1012 16:13:11.290740  7276 naive_actor.cpp:25] actor 1099614388304 switch to &NaiveActor::HandlerNormal
I1012 16:13:11.290827  7276 thread.cpp:96] Thread 524337 construct Actor kTick 1099614388304
I1012 16:13:11.290918  7276 runtime_context.cpp:29] DecreaseCounter constructing_actor_cnt, current val is 585
I1012 16:13:11.291003  7314 naive_actor.cpp:25] actor 2199023255560 switch to &NaiveActor::HandlerNormal
I1012 16:13:11.291057  7314 thread.cpp:96] Thread 1048576 construct Actor kNormalForward 2199023255560
I1012 16:13:11.291271  7314 runtime_context.cpp:29] DecreaseCounter constructing_actor_cnt, current val is 584
I1012 16:13:11.291738  7276 naive_actor.cpp:25] actor 1099614388310 switch to &NaiveActor::HandlerNormal
I1012 16:13:11.291821  7276 thread.cpp:96] Thread 524337 construct Actor kTick 1099614388310
I1012 16:13:11.292097  7276 runtime_context.cpp:29] DecreaseCounter constructing_actor_cnt, current val is 583
I1012 16:13:11.292860  7314 naive_actor.cpp:25] actor 2199023255556 switch to &NaiveActor::HandlerNormal
I1012 16:13:11.293023  7314 thread.cpp:96] Thread 1048576 construct Actor kNormalForward 2199023255556
I1012 16:13:11.293141  7314 runtime_context.cpp:29] DecreaseCounter constructing_actor_cnt, current val is 582
I1012 16:13:11.293948  7314 naive_actor.cpp:25] actor 2199023255554 switch to &NaiveActor::HandlerNormal
I1012 16:13:11.294070  7314 thread.cpp:96] Thread 1048576 construct Actor kNormalForward 2199023255554
I1012 16:13:11.294178  7314 runtime_context.cpp:29] DecreaseCounter constructing_actor_cnt, current val is 581
I1012 16:13:11.294389  7276 esac_actor.cpp:73] actor 1099614388326 switch to &EsacActor::HandlerNormal
I1012 16:13:11.294477  7276 thread.cpp:96] Thread 524337 construct Actor kEsac 1099614388326
I1012 16:13:11.294641  7276 runtime_context.cpp:29] DecreaseCounter constructing_actor_cnt, current val is 580
I1012 16:13:11.295377  7276 naive_actor.cpp:25] actor 1099614388317 switch to &NaiveActor::HandlerNormal
I1012 16:13:11.295531  7276 thread.cpp:96] Thread 524337 construct Actor kTick 1099614388317
I1012 16:13:11.295634  7276 runtime_context.cpp:29] DecreaseCounter constructing_actor_cnt, current val is 579
I1012 16:13:11.301476  7314 naive_actor.cpp:25] actor 2199023255580 switch to &NaiveActor::HandlerNormal
I1012 16:13:11.301723  7314 thread.cpp:96] Thread 1048576 construct Actor kNormalForward 2199023255580
I1012 16:13:11.301762  7350 naive_actor.cpp:25] actor 2207613190163 switch to &NaiveActor::HandlerNormal
I1012 16:13:11.301945  7314 runtime_context.cpp:29] DecreaseCounter constructing_actor_cnt, current val is 578
I1012 16:13:11.301812  7276 naive_actor.cpp:25] actor 1099614388302 switch to &NaiveActor::HandlerNormal
I1012 16:13:11.302314  7276 thread.cpp:96] Thread 524337 construct Actor kTick 1099614388302
I1012 16:13:11.302052  7350 thread.cpp:96] Thread 1052672 construct Actor kNormalForward 2207613190163
I1012 16:13:11.302441  7276 runtime_context.cpp:29] DecreaseCounter constructing_actor_cnt, current val is 577
I1012 16:13:11.303001  7350 runtime_context.cpp:29] DecreaseCounter constructing_actor_cnt, current val is 576
I1012 16:13:11.303884  7276 naive_actor.cpp:25] actor 1099614388300 switch to &NaiveActor::HandlerNormal
I1012 16:13:11.303980  7276 thread.cpp:96] Thread 524337 construct Actor kTick 1099614388300
I1012 16:13:11.304291  7350 naive_actor.cpp:25] actor 2207613190146 switch to &NaiveActor::HandlerNormal
I1012 16:13:11.304330  7276 runtime_context.cpp:29] DecreaseCounter constructing_actor_cnt, current val is 575
I1012 16:13:11.304383  7350 thread.cpp:96] Thread 1052672 construct Actor kNormalForward 2207613190146
I1012 16:13:11.304569  7350 runtime_context.cpp:29] DecreaseCounter constructing_actor_cnt, current val is 574
I1012 16:13:11.305059  7314 naive_actor.cpp:25] actor 2199023255578 switch to &NaiveActor::HandlerNormal
I1012 16:13:11.305148  7314 thread.cpp:96] Thread 1048576 construct Actor kNormalForward 2199023255578
I1012 16:13:11.305258  7314 runtime_context.cpp:29] DecreaseCounter constructing_actor_cnt, current val is 573
I1012 16:13:11.305904  7276 naive_actor.cpp:25] actor 1099614388324 switch to &NaiveActor::HandlerNormal
I1012 16:13:11.306056  7276 thread.cpp:96] Thread 524337 construct Actor kTick 1099614388324
I1012 16:13:11.306159  7276 runtime_context.cpp:29] DecreaseCounter constructing_actor_cnt, current val is 572
I1012 16:13:11.306800  7276 naive_actor.cpp:25] actor 1099614388329 switch to &NaiveActor::HandlerNormal
I1012 16:13:11.306999  7276 thread.cpp:96] Thread 524337 construct Actor kTick 1099614388329
I1012 16:13:11.307104  7276 runtime_context.cpp:29] DecreaseCounter constructing_actor_cnt, current val is 571
I1012 16:13:11.308158  7350 naive_actor.cpp:25] actor 2207613190179 switch to &NaiveActor::HandlerNormal
I1012 16:13:11.308305  7350 thread.cpp:96] Thread 1052672 construct Actor kNormalForward 2207613190179
I1012 16:13:11.308454  7350 runtime_context.cpp:29] DecreaseCounter constructing_actor_cnt, current val is 570
I1012 16:13:11.311033  7314 naive_actor.cpp:25] actor 2199023255589 switch to &NaiveActor::HandlerNormal
I1012 16:13:11.311194  7314 thread.cpp:96] Thread 1048576 construct Actor kNormalForward 2199023255589
I1012 16:13:11.311260  7276 naive_actor.cpp:25] actor 1099614388314 switch to &NaiveActor::HandlerNormal
I1012 16:13:11.311386  7314 runtime_context.cpp:29] DecreaseCounter constructing_actor_cnt, current val is 569
I1012 16:13:11.311455  7276 thread.cpp:96] Thread 524337 construct Actor kTick 1099614388314
I1012 16:13:11.311611  7276 runtime_context.cpp:29] DecreaseCounter constructing_actor_cnt, current val is 568
I1012 16:13:11.312857  7276 naive_actor.cpp:25] actor 1099614388331 switch to &NaiveActor::HandlerNormal
I1012 16:13:11.312991  7276 thread.cpp:96] Thread 524337 construct Actor kTick 1099614388331
I1012 16:13:11.313092  7276 runtime_context.cpp:29] DecreaseCounter constructing_actor_cnt, current val is 567
I1012 16:13:11.313652  7350 naive_actor.cpp:25] actor 2207613190147 switch to &NaiveActor::HandlerNormal
I1012 16:13:11.313799  7350 thread.cpp:96] Thread 1052672 construct Actor kNormalForward 2207613190147
I1012 16:13:11.314123  7350 runtime_context.cpp:29] DecreaseCounter constructing_actor_cnt, current val is 566
I1012 16:13:11.314455  7276 naive_actor.cpp:25] actor 1099614388315 switch to &NaiveActor::HandlerNormal
I1012 16:13:11.314554  7276 thread.cpp:96] Thread 524337 construct Actor kTick 1099614388315
I1012 16:13:11.314651  7276 runtime_context.cpp:29] DecreaseCounter constructing_actor_cnt, current val is 565
I1012 16:13:11.315493  7276 naive_actor.cpp:25] actor 1099614388306 switch to &NaiveActor::HandlerNormal
I1012 16:13:11.315590  7276 thread.cpp:96] Thread 524337 construct Actor kTick 1099614388306
I1012 16:13:11.315690  7276 runtime_context.cpp:29] DecreaseCounter constructing_actor_cnt, current val is 564
I1012 16:13:11.316519  7314 naive_actor.cpp:25] actor 2199023255613 switch to &NaiveActor::HandlerNormal
I1012 16:13:11.316689  7314 thread.cpp:96] Thread 1048576 construct Actor kNormalForward 2199023255613
I1012 16:13:11.316812  7314 runtime_context.cpp:29] DecreaseCounter constructing_actor_cnt, current val is 563
I1012 16:13:11.317685  7350 naive_actor.cpp:25] actor 2207613190167 switch to &NaiveActor::HandlerNormal
I1012 16:13:11.317832  7350 thread.cpp:96] Thread 1052672 construct Actor kNormalForward 2207613190167
I1012 16:13:11.317976  7350 runtime_context.cpp:29] DecreaseCounter constructing_actor_cnt, current val is 562
I1012 16:13:11.318979  7350 naive_actor.cpp:25] actor 2207613190171 switch to &NaiveActor::HandlerNormal
I1012 16:13:11.319018  7314 naive_actor.cpp:25] actor 2199023255630 switch to &NaiveActor::HandlerNormal
I1012 16:13:11.319173  7314 thread.cpp:96] Thread 1048576 construct Actor kNormalForward 2199023255630
I1012 16:13:11.319209  7276 reentrant_lock_actor.cpp:76] actor 1099614388296 switch to &ReentrantLockActor::HandlerNormal
I1012 16:13:11.319334  7314 runtime_context.cpp:29] DecreaseCounter constructing_actor_cnt, current val is 561
I1012 16:13:11.319372  7276 thread.cpp:96] Thread 524337 construct Actor kReentrantLock 1099614388296
I1012 16:13:11.319577  7276 runtime_context.cpp:29] DecreaseCounter constructing_actor_cnt, current val is 560
I1012 16:13:11.319077  7350 thread.cpp:96] Thread 1052672 construct Actor kNormalForward 2207613190171
I1012 16:13:11.319877  7350 runtime_context.cpp:29] DecreaseCounter constructing_actor_cnt, current val is 559
I1012 16:13:11.320627  7276 naive_actor.cpp:25] actor 1099614388327 switch to &NaiveActor::HandlerNormal
I1012 16:13:11.320719  7276 thread.cpp:96] Thread 524337 construct Actor kTick 1099614388327
I1012 16:13:11.320811  7276 runtime_context.cpp:29] DecreaseCounter constructing_actor_cnt, current val is 558
I1012 16:13:11.321821  7276 naive_actor.cpp:25] actor 1099614388307 switch to &NaiveActor::HandlerNormal
I1012 16:13:11.321911  7276 thread.cpp:96] Thread 524337 construct Actor kTick 1099614388307
I1012 16:13:11.322006  7276 runtime_context.cpp:29] DecreaseCounter constructing_actor_cnt, current val is 557
I1012 16:13:11.322438  7314 naive_actor.cpp:25] actor 2199023255654 switch to &NaiveActor::HandlerNormal
I1012 16:13:11.322557  7314 thread.cpp:96] Thread 1048576 construct Actor kNormalForward 2199023255654
I1012 16:13:11.322677  7314 runtime_context.cpp:29] DecreaseCounter constructing_actor_cnt, current val is 556
I1012 16:13:11.322954  7350 naive_actor.cpp:25] actor 2207613190148 switch to &NaiveActor::HandlerNormal
I1012 16:13:11.323048  7350 thread.cpp:96] Thread 1052672 construct Actor kNormalForward 2207613190148
I1012 16:13:11.323163  7350 runtime_context.cpp:29] DecreaseCounter constructing_actor_cnt, current val is 555
I1012 16:13:11.323530  7276 naive_actor.cpp:25] actor 1099614388298 switch to &NaiveActor::HandlerNormal
I1012 16:13:11.323618  7276 thread.cpp:96] Thread 524337 construct Actor kTick 1099614388298
I1012 16:13:11.323765  7276 runtime_context.cpp:29] DecreaseCounter constructing_actor_cnt, current val is 554
I1012 16:13:11.324849  7276 naive_actor.cpp:25] actor 1099614388325 switch to &NaiveActor::HandlerNormal
I1012 16:13:11.324941  7276 thread.cpp:96] Thread 524337 construct Actor kTick 1099614388325
I1012 16:13:11.325037  7276 runtime_context.cpp:29] DecreaseCounter constructing_actor_cnt, current val is 553
I1012 16:13:11.325399  7314 naive_actor.cpp:25] actor 2199023255678 switch to &NaiveActor::HandlerNormal
I1012 16:13:11.325559  7314 thread.cpp:96] Thread 1048576 construct Actor kNormalForward 2199023255678
I1012 16:13:11.325773  7314 runtime_context.cpp:29] DecreaseCounter constructing_actor_cnt, current val is 552
I1012 16:13:11.326272  7276 naive_actor.cpp:25] actor 1099614388320 switch to &NaiveActor::HandlerNormal
I1012 16:13:11.326367  7276 thread.cpp:96] Thread 524337 construct Actor kTick 1099614388320
I1012 16:13:11.326468  7276 runtime_context.cpp:29] DecreaseCounter constructing_actor_cnt, current val is 551
I1012 16:13:11.326252  7350 naive_actor.cpp:25] actor 2207613190172 switch to &NaiveActor::HandlerNormal
I1012 16:13:11.327060  7350 thread.cpp:96] Thread 1052672 construct Actor kNormalForward 2207613190172
I1012 16:13:11.327200  7350 runtime_context.cpp:29] DecreaseCounter constructing_actor_cnt, current val is 550
I1012 16:13:11.327395  7314 naive_actor.cpp:25] actor 2199023255702 switch to &NaiveActor::HandlerNormal
I1012 16:13:11.327503  7314 thread.cpp:96] Thread 1048576 construct Actor kNormalForward 2199023255702
I1012 16:13:11.327613  7276 naive_actor.cpp:25] actor 1099614388319 switch to &NaiveActor::HandlerNormal
I1012 16:13:11.327636  7314 runtime_context.cpp:29] DecreaseCounter constructing_actor_cnt, current val is 549
I1012 16:13:11.327706  7276 thread.cpp:96] Thread 524337 construct Actor kTick 1099614388319
I1012 16:13:11.328894  7276 runtime_context.cpp:29] DecreaseCounter constructing_actor_cnt, current val is 548
I1012 16:13:11.330263  7350 naive_actor.cpp:25] actor 2207613190175 switch to &NaiveActor::HandlerNormal
I1012 16:13:11.330358  7350 thread.cpp:96] Thread 1052672 construct Actor kNormalForward 2207613190175
I1012 16:13:11.330472  7314 naive_actor.cpp:25] actor 2199023255738 switch to &NaiveActor::HandlerNormal
I1012 16:13:11.330507  7350 runtime_context.cpp:29] DecreaseCounter constructing_actor_cnt, current val is 547
I1012 16:13:11.330431  7276 naive_actor.cpp:25] actor 1099614388301 switch to &NaiveActor::HandlerNormal
I1012 16:13:11.330579  7314 thread.cpp:96] Thread 1048576 construct Actor kNormalForward 2199023255738
I1012 16:13:11.330807  7276 thread.cpp:96] Thread 524337 construct Actor kTick 1099614388301
I1012 16:13:11.330937  7314 runtime_context.cpp:29] DecreaseCounter constructing_actor_cnt, current val is 546
I1012 16:13:11.330981  7276 runtime_context.cpp:29] DecreaseCounter constructing_actor_cnt, current val is 545
I1012 16:13:11.332093  7314 naive_actor.cpp:25] actor 2199023255612 switch to &NaiveActor::HandlerNormal
I1012 16:13:11.332250  7314 thread.cpp:96] Thread 1048576 construct Actor kNormalForward 2199023255612
I1012 16:13:11.332366  7314 runtime_context.cpp:29] DecreaseCounter constructing_actor_cnt, current val is 544
I1012 16:13:11.332852  7350 naive_actor.cpp:25] actor 2207613190196 switch to &NaiveActor::HandlerNormal
I1012 16:13:11.332949  7350 thread.cpp:96] Thread 1052672 construct Actor kNormalForward 2207613190196
I1012 16:13:11.333060  7350 runtime_context.cpp:29] DecreaseCounter constructing_actor_cnt, current val is 543
I1012 16:13:11.333138  7276 naive_actor.cpp:25] actor 1099614388332 switch to &NaiveActor::HandlerNormal
I1012 16:13:11.333196  7276 thread.cpp:96] Thread 524337 construct Actor kTick 1099614388332
I1012 16:13:11.333284  7276 runtime_context.cpp:29] DecreaseCounter constructing_actor_cnt, current val is 542
I1012 16:13:11.334079  7276 naive_actor.cpp:25] actor 1099614388313 switch to &NaiveActor::HandlerNormal
I1012 16:13:11.334177  7276 thread.cpp:96] Thread 524337 construct Actor kTick 1099614388313
I1012 16:13:11.334271  7276 runtime_context.cpp:29] DecreaseCounter constructing_actor_cnt, current val is 541
I1012 16:13:11.334905  7314 naive_actor.cpp:25] actor 2199023255571 switch to &NaiveActor::HandlerNormal
I1012 16:13:11.335026  7314 thread.cpp:96] Thread 1048576 construct Actor kNormalForward 2199023255571
I1012 16:13:11.335186  7314 runtime_context.cpp:29] DecreaseCounter constructing_actor_cnt, current val is 540
I1012 16:13:11.335726  7276 naive_actor.cpp:25] actor 1099614388330 switch to &NaiveActor::HandlerNormal
I1012 16:13:11.335947  7276 thread.cpp:96] Thread 524337 construct Actor kTick 1099614388330
I1012 16:13:11.336048  7276 runtime_context.cpp:29] DecreaseCounter constructing_actor_cnt, current val is 539
I1012 16:13:11.336867  7314 naive_actor.cpp:25] actor 2199023255567 switch to &NaiveActor::HandlerNormal
I1012 16:13:11.336822  7350 naive_actor.cpp:25] actor 2207613190161 switch to &NaiveActor::HandlerNormal
I1012 16:13:11.336973  7314 thread.cpp:96] Thread 1048576 construct Actor kNormalForward 2199023255567
I1012 16:13:11.337291  7314 runtime_context.cpp:29] DecreaseCounter constructing_actor_cnt, current val is 538
I1012 16:13:11.336992  7276 naive_actor.cpp:25] actor 1099614388316 switch to &NaiveActor::HandlerNormal
I1012 16:13:11.337615  7276 thread.cpp:96] Thread 524337 construct Actor kTick 1099614388316
I1012 16:13:11.337217  7350 thread.cpp:96] Thread 1052672 construct Actor kNormalForward 2207613190161
I1012 16:13:11.337690  7276 runtime_context.cpp:29] DecreaseCounter constructing_actor_cnt, current val is 537
I1012 16:13:11.338096  7350 runtime_context.cpp:29] DecreaseCounter constructing_actor_cnt, current val is 536
I1012 16:13:11.338548  7276 naive_actor.cpp:25] actor 1099614388321 switch to &NaiveActor::HandlerNormal
I1012 16:13:11.338634  7276 thread.cpp:96] Thread 524337 construct Actor kTick 1099614388321
I1012 16:13:11.338716  7276 runtime_context.cpp:29] DecreaseCounter constructing_actor_cnt, current val is 535
I1012 16:13:11.339907  7276 naive_actor.cpp:25] actor 1099614388323 switch to &NaiveActor::HandlerNormal
I1012 16:13:11.340121  7276 thread.cpp:96] Thread 524337 construct Actor kTick 1099614388323
I1012 16:13:11.340265  7314 naive_actor.cpp:25] actor 2199023255568 switch to &NaiveActor::HandlerNormal
I1012 16:13:11.340529  7314 thread.cpp:96] Thread 1048576 construct Actor kNormalForward 2199023255568
I1012 16:13:11.340588  7276 runtime_context.cpp:29] DecreaseCounter constructing_actor_cnt, current val is 534
I1012 16:13:11.340708  7314 runtime_context.cpp:29] DecreaseCounter constructing_actor_cnt, current val is 533
I1012 16:13:11.341317  7276 naive_actor.cpp:25] actor 1099614388328 switch to &NaiveActor::HandlerNormal
I1012 16:13:11.341454  7276 thread.cpp:96] Thread 524337 construct Actor kTick 1099614388328
I1012 16:13:11.341607  7276 runtime_context.cpp:29] DecreaseCounter constructing_actor_cnt, current val is 532
I1012 16:13:11.341951  7314 naive_actor.cpp:25] actor 2199023255570 switch to &NaiveActor::HandlerNormal
I1012 16:13:11.342180  7276 naive_actor.cpp:25] actor 1099614388308 switch to &NaiveActor::HandlerNormal
I1012 16:13:11.342182  7314 thread.cpp:96] Thread 1048576 construct Actor kNormalForward 2199023255570
I1012 16:13:11.342298  7276 thread.cpp:96] Thread 524337 construct Actor kTick 1099614388308
I1012 16:13:11.342459  7314 runtime_context.cpp:29] DecreaseCounter constructing_actor_cnt, current val is 531
I1012 16:13:11.342531  7276 runtime_context.cpp:29] DecreaseCounter constructing_actor_cnt, current val is 530
I1012 16:13:11.342516  7350 naive_actor.cpp:25] actor 2207613190217 switch to &NaiveActor::HandlerNormal
I1012 16:13:11.342844  7350 thread.cpp:96] Thread 1052672 construct Actor kNormalForward 2207613190217
I1012 16:13:11.343261  7350 runtime_context.cpp:29] DecreaseCounter constructing_actor_cnt, current val is 529
I1012 16:13:11.343266  7276 naive_actor.cpp:25] actor 1099614388322 switch to &NaiveActor::HandlerNormal
I1012 16:13:11.343509  7276 thread.cpp:96] Thread 524337 construct Actor kTick 1099614388322
I1012 16:13:11.343650  7276 runtime_context.cpp:29] DecreaseCounter constructing_actor_cnt, current val is 528
I1012 16:13:11.353505  7350 naive_actor.cpp:25] actor 2207613190169 switch to &NaiveActor::HandlerNormal
I1012 16:13:11.353689  7350 thread.cpp:96] Thread 1052672 construct Actor kNormalForward 2207613190169
I1012 16:13:11.353852  7350 runtime_context.cpp:29] DecreaseCounter constructing_actor_cnt, current val is 527
I1012 16:13:11.354030  7276 naive_actor.cpp:25] actor 1099614388305 switch to &NaiveActor::HandlerNormal
I1012 16:13:11.354188  7276 thread.cpp:96] Thread 524337 construct Actor kTick 1099614388305
I1012 16:13:11.354348  7276 runtime_context.cpp:29] DecreaseCounter constructing_actor_cnt, current val is 526
I1012 16:13:11.354988  7314 naive_actor.cpp:25] actor 2199023255587 switch to &NaiveActor::HandlerNormal
I1012 16:13:11.355085  7314 thread.cpp:96] Thread 1048576 construct Actor kNormalForward 2199023255587
I1012 16:13:11.355224  7314 runtime_context.cpp:29] DecreaseCounter constructing_actor_cnt, current val is 525
I1012 16:13:11.355312  7276 naive_actor.cpp:25] actor 1099614388303 switch to &NaiveActor::HandlerNormal
I1012 16:13:11.355494  7276 thread.cpp:96] Thread 524337 construct Actor kTick 1099614388303
I1012 16:13:11.355720  7276 runtime_context.cpp:29] DecreaseCounter constructing_actor_cnt, current val is 524
I1012 16:13:11.355867  7350 naive_actor.cpp:25] actor 2207613190180 switch to &NaiveActor::HandlerNormal
I1012 16:13:11.355967  7350 thread.cpp:96] Thread 1052672 construct Actor kNormalForward 2207613190180
I1012 16:13:11.356067  7350 runtime_context.cpp:29] DecreaseCounter constructing_actor_cnt, current val is 523
I1012 16:13:11.356379  7314 naive_actor.cpp:25] actor 2199023255577 switch to &NaiveActor::HandlerNormal
I1012 16:13:11.356475  7314 thread.cpp:96] Thread 1048576 construct Actor kNormalForward 2199023255577
I1012 16:13:11.356585  7314 runtime_context.cpp:29] DecreaseCounter constructing_actor_cnt, current val is 522
I1012 16:13:11.357304  7314 naive_actor.cpp:25] actor 2199023255579 switch to &NaiveActor::HandlerNormal
I1012 16:13:11.357399  7314 thread.cpp:96] Thread 1048576 construct Actor kNormalForward 2199023255579
I1012 16:13:11.357533  7314 runtime_context.cpp:29] DecreaseCounter constructing_actor_cnt, current val is 521
I1012 16:13:11.359308  7314 naive_actor.cpp:25] actor 2199023255625 switch to &NaiveActor::HandlerNormal
I1012 16:13:11.359448  7314 thread.cpp:96] Thread 1048576 construct Actor kNormalForward 2199023255625
I1012 16:13:11.359566  7314 runtime_context.cpp:29] DecreaseCounter constructing_actor_cnt, current val is 520
I1012 16:13:11.359781  7350 naive_actor.cpp:25] actor 2207613190144 switch to &NaiveActor::HandlerNormal
I1012 16:13:11.359918  7350 thread.cpp:96] Thread 1052672 construct Actor kNormalForward 2207613190144
I1012 16:13:11.360070  7350 runtime_context.cpp:29] DecreaseCounter constructing_actor_cnt, current val is 519
I1012 16:13:11.360476  7314 naive_actor.cpp:25] actor 2199023255605 switch to &NaiveActor::HandlerNormal
I1012 16:13:11.360570  7314 thread.cpp:96] Thread 1048576 construct Actor kNormalForward 2199023255605
I1012 16:13:11.360682  7314 runtime_context.cpp:29] DecreaseCounter constructing_actor_cnt, current val is 518
I1012 16:13:11.362648  7350 naive_actor.cpp:25] actor 2207613190160 switch to &NaiveActor::HandlerNormal
I1012 16:13:11.362793  7350 thread.cpp:96] Thread 1052672 construct Actor kNormalForward 2207613190160
I1012 16:13:11.362931  7350 runtime_context.cpp:29] DecreaseCounter constructing_actor_cnt, current val is 517
I1012 16:13:11.363561  7314 naive_actor.cpp:25] actor 2199023255649 switch to &NaiveActor::HandlerNormal
I1012 16:13:11.363679  7314 thread.cpp:96] Thread 1048576 construct Actor kNormalForward 2199023255649
I1012 16:13:11.363802  7314 runtime_context.cpp:29] DecreaseCounter constructing_actor_cnt, current val is 516
I1012 16:13:11.365504  7350 naive_actor.cpp:25] actor 2207613190181 switch to &NaiveActor::HandlerNormal
I1012 16:13:11.365629  7350 thread.cpp:96] Thread 1052672 construct Actor kNormalForward 2207613190181
I1012 16:13:11.365756  7350 runtime_context.cpp:29] DecreaseCounter constructing_actor_cnt, current val is 515
I1012 16:13:11.366931  7314 naive_actor.cpp:25] actor 2199023255582 switch to &NaiveActor::HandlerNormal
I1012 16:13:11.367065  7314 thread.cpp:96] Thread 1048576 construct Actor kNormalForward 2199023255582
I1012 16:13:11.367193  7314 runtime_context.cpp:29] DecreaseCounter constructing_actor_cnt, current val is 514
I1012 16:13:11.367488  7350 naive_actor.cpp:25] actor 2207613190176 switch to &NaiveActor::HandlerNormal
I1012 16:13:11.367590  7350 thread.cpp:96] Thread 1052672 construct Actor kNormalForward 2207613190176
I1012 16:13:11.367694  7350 runtime_context.cpp:29] DecreaseCounter constructing_actor_cnt, current val is 513
I1012 16:13:11.369779  7314 naive_actor.cpp:25] actor 2199023255573 switch to &NaiveActor::HandlerNormal
I1012 16:13:11.369915  7314 thread.cpp:96] Thread 1048576 construct Actor kNormalForward 2199023255573
I1012 16:13:11.370069  7314 runtime_context.cpp:29] DecreaseCounter constructing_actor_cnt, current val is 512
I1012 16:13:11.370795  7314 naive_actor.cpp:25] actor 2199023255586 switch to &NaiveActor::HandlerNormal
I1012 16:13:11.370905  7314 thread.cpp:96] Thread 1048576 construct Actor kNormalForward 2199023255586
I1012 16:13:11.371019  7314 runtime_context.cpp:29] DecreaseCounter constructing_actor_cnt, current val is 511
I1012 16:13:11.371166  7350 naive_actor.cpp:25] actor 2207613190184 switch to &NaiveActor::HandlerNormal
I1012 16:13:11.371347  7350 thread.cpp:96] Thread 1052672 construct Actor kNormalForward 2207613190184
I1012 16:13:11.371558  7350 runtime_context.cpp:29] DecreaseCounter constructing_actor_cnt, current val is 510
I1012 16:13:11.371666  7314 naive_actor.cpp:25] actor 2199023255584 switch to &NaiveActor::HandlerNormal
I1012 16:13:11.371771  7314 thread.cpp:96] Thread 1048576 construct Actor kNormalForward 2199023255584
I1012 16:13:11.371888  7314 runtime_context.cpp:29] DecreaseCounter constructing_actor_cnt, current val is 509
I1012 16:13:11.374234  7314 naive_actor.cpp:25] actor 2199023255610 switch to &NaiveActor::HandlerNormal
I1012 16:13:11.374356  7314 thread.cpp:96] Thread 1048576 construct Actor kNormalForward 2199023255610
I1012 16:13:11.374542  7314 runtime_context.cpp:29] DecreaseCounter constructing_actor_cnt, current val is 508
I1012 16:13:11.375242  7350 naive_actor.cpp:25] actor 2207613190200 switch to &NaiveActor::HandlerNormal
I1012 16:13:11.375458  7350 thread.cpp:96] Thread 1052672 construct Actor kNormalForward 2207613190200
I1012 16:13:11.375651  7350 runtime_context.cpp:29] DecreaseCounter constructing_actor_cnt, current val is 507
