I1013 19:49:46.707043 36631 naive_actor.cpp:25] actor 2207613190428 switch to &NaiveActor::HandlerNormal
I1013 19:49:46.707067 36631 thread.cpp:96] Thread 1052672 construct Actor kNormalForward 2207613190428
I1013 19:49:46.707151 36631 runtime_context.cpp:29] DecreaseCounter constructing_actor_cnt, current val is 24
I1013 19:49:46.707376 36631 naive_actor.cpp:25] actor 2207613190427 switch to &NaiveActor::HandlerNormal
I1013 19:49:46.707399 36631 thread.cpp:96] Thread 1052672 construct Actor kNormalForward 2207613190427
I1013 19:49:46.707437 36631 runtime_context.cpp:29] DecreaseCounter constructing_actor_cnt, current val is 23
I1013 19:49:46.707664 36631 naive_actor.cpp:25] actor 2207613190425 switch to &NaiveActor::HandlerNormal
I1013 19:49:46.707686 36631 thread.cpp:96] Thread 1052672 construct Actor kNormalForward 2207613190425
I1013 19:49:46.707722 36631 runtime_context.cpp:29] DecreaseCounter constructing_actor_cnt, current val is 22
I1013 19:49:46.707937 36631 naive_actor.cpp:25] actor 2207613190436 switch to &NaiveActor::HandlerNormal
I1013 19:49:46.707959 36631 thread.cpp:96] Thread 1052672 construct Actor kNormalForward 2207613190436
I1013 19:49:46.707994 36631 runtime_context.cpp:29] DecreaseCounter constructing_actor_cnt, current val is 21
I1013 19:49:46.709584 36631 naive_actor.cpp:25] actor 2207613190451 switch to &NaiveActor::HandlerNormal
I1013 19:49:46.709611 36631 thread.cpp:96] Thread 1052672 construct Actor kNormalForward 2207613190451
I1013 19:49:46.709718 36631 runtime_context.cpp:29] DecreaseCounter constructing_actor_cnt, current val is 20
I1013 19:49:46.709959 36631 naive_actor.cpp:25] actor 2207613190432 switch to &NaiveActor::HandlerNormal
I1013 19:49:46.709982 36631 thread.cpp:96] Thread 1052672 construct Actor kNormalForward 2207613190432
I1013 19:49:46.710021 36631 runtime_context.cpp:29] DecreaseCounter constructing_actor_cnt, current val is 19
I1013 19:49:46.710238 36631 naive_actor.cpp:25] actor 2207613190433 switch to &NaiveActor::HandlerNormal
I1013 19:49:46.710263 36631 thread.cpp:96] Thread 1052672 construct Actor kNormalForward 2207613190433
I1013 19:49:46.710300 36631 runtime_context.cpp:29] DecreaseCounter constructing_actor_cnt, current val is 18
I1013 19:49:46.710511 36631 naive_actor.cpp:25] actor 2207613190435 switch to &NaiveActor::HandlerNormal
I1013 19:49:46.710534 36631 thread.cpp:96] Thread 1052672 construct Actor kNormalForward 2207613190435
I1013 19:49:46.710582 36631 runtime_context.cpp:29] DecreaseCounter constructing_actor_cnt, current val is 17
I1013 19:49:46.710799 36631 naive_actor.cpp:25] actor 2207613190434 switch to &NaiveActor::HandlerNormal
I1013 19:49:46.710822 36631 thread.cpp:96] Thread 1052672 construct Actor kNormalForward 2207613190434
I1013 19:49:46.710870 36631 runtime_context.cpp:29] DecreaseCounter constructing_actor_cnt, current val is 16
I1013 19:49:46.711073 36631 naive_actor.cpp:25] actor 2207613190449 switch to &NaiveActor::HandlerNormal
I1013 19:49:46.711095 36631 thread.cpp:96] Thread 1052672 construct Actor kNormalForward 2207613190449
I1013 19:49:46.711131 36631 runtime_context.cpp:29] DecreaseCounter constructing_actor_cnt, current val is 15
I1013 19:49:46.711338 36631 naive_actor.cpp:25] actor 2207613190439 switch to &NaiveActor::HandlerNormal
I1013 19:49:46.711360 36631 thread.cpp:96] Thread 1052672 construct Actor kNormalForward 2207613190439
I1013 19:49:46.711395 36631 runtime_context.cpp:29] DecreaseCounter constructing_actor_cnt, current val is 14
I1013 19:49:46.711616 36631 naive_actor.cpp:25] actor 2207613190441 switch to &NaiveActor::HandlerNormal
I1013 19:49:46.711638 36631 thread.cpp:96] Thread 1052672 construct Actor kNormalForward 2207613190441
I1013 19:49:46.711674 36631 runtime_context.cpp:29] DecreaseCounter constructing_actor_cnt, current val is 13
I1013 19:49:46.711885 36631 naive_actor.cpp:25] actor 2207613190438 switch to &NaiveActor::HandlerNormal
I1013 19:49:46.711908 36631 thread.cpp:96] Thread 1052672 construct Actor kNormalForward 2207613190438
I1013 19:49:46.711942 36631 runtime_context.cpp:29] DecreaseCounter constructing_actor_cnt, current val is 12
I1013 19:49:46.712144 36631 naive_actor.cpp:25] actor 2207613190445 switch to &NaiveActor::HandlerNormal
I1013 19:49:46.712189 36631 thread.cpp:96] Thread 1052672 construct Actor kNormalForward 2207613190445
I1013 19:49:46.712252 36631 runtime_context.cpp:29] DecreaseCounter constructing_actor_cnt, current val is 11
I1013 19:49:46.712466 36631 naive_actor.cpp:25] actor 2207613190446 switch to &NaiveActor::HandlerNormal
I1013 19:49:46.712488 36631 thread.cpp:96] Thread 1052672 construct Actor kNormalForward 2207613190446
I1013 19:49:46.712523 36631 runtime_context.cpp:29] DecreaseCounter constructing_actor_cnt, current val is 10
I1013 19:49:46.712738 36631 naive_actor.cpp:25] actor 2207613190440 switch to &NaiveActor::HandlerNormal
I1013 19:49:46.712760 36631 thread.cpp:96] Thread 1052672 construct Actor kNormalForward 2207613190440
I1013 19:49:46.712795 36631 runtime_context.cpp:29] DecreaseCounter constructing_actor_cnt, current val is 9
I1013 19:49:46.712992 36631 naive_actor.cpp:25] actor 2207613190452 switch to &NaiveActor::HandlerNormal
I1013 19:49:46.713033 36631 thread.cpp:96] Thread 1052672 construct Actor kDeviceTick 2207613190452
I1013 19:49:46.713068 36631 runtime_context.cpp:29] DecreaseCounter constructing_actor_cnt, current val is 8
I1013 19:49:46.713284 36631 naive_actor.cpp:25] actor 2207613190444 switch to &NaiveActor::HandlerNormal
I1013 19:49:46.713305 36631 thread.cpp:96] Thread 1052672 construct Actor kNormalForward 2207613190444
I1013 19:49:46.713340 36631 runtime_context.cpp:29] DecreaseCounter constructing_actor_cnt, current val is 7
I1013 19:49:46.713543 36631 naive_actor.cpp:25] actor 2207613190450 switch to &NaiveActor::HandlerNormal
I1013 19:49:46.713573 36631 thread.cpp:96] Thread 1052672 construct Actor kNormalForward 2207613190450
I1013 19:49:46.713610 36631 runtime_context.cpp:29] DecreaseCounter constructing_actor_cnt, current val is 6
I1013 19:49:46.713814 36631 naive_actor.cpp:25] actor 2207613190443 switch to &NaiveActor::HandlerNormal
I1013 19:49:46.713837 36631 thread.cpp:96] Thread 1052672 construct Actor kNormalForward 2207613190443
I1013 19:49:46.713871 36631 runtime_context.cpp:29] DecreaseCounter constructing_actor_cnt, current val is 5
I1013 19:49:46.714074 36631 naive_actor.cpp:25] actor 2207613190417 switch to &NaiveActor::HandlerNormal
I1013 19:49:46.714097 36631 thread.cpp:96] Thread 1052672 construct Actor kNormalForward 2207613190417
I1013 19:49:46.714133 36631 runtime_context.cpp:29] DecreaseCounter constructing_actor_cnt, current val is 4
I1013 19:49:46.714336 36631 naive_actor.cpp:25] actor 2207613190416 switch to &NaiveActor::HandlerNormal
I1013 19:49:46.714359 36631 thread.cpp:96] Thread 1052672 construct Actor kNormalForward 2207613190416
I1013 19:49:46.714394 36631 runtime_context.cpp:29] DecreaseCounter constructing_actor_cnt, current val is 3
I1013 19:49:46.714610 36631 naive_actor.cpp:25] actor 2207613190437 switch to &NaiveActor::HandlerNormal
I1013 19:49:46.714632 36631 thread.cpp:96] Thread 1052672 construct Actor kNormalForward 2207613190437
I1013 19:49:46.714668 36631 runtime_context.cpp:29] DecreaseCounter constructing_actor_cnt, current val is 2
I1013 19:49:46.714877 36631 naive_actor.cpp:25] actor 2207613190442 switch to &NaiveActor::HandlerNormal
I1013 19:49:46.714900 36631 thread.cpp:96] Thread 1052672 construct Actor kNormalForward 2207613190442
I1013 19:49:46.714936 36631 runtime_context.cpp:29] DecreaseCounter constructing_actor_cnt, current val is 1
I1013 19:49:46.715137 36631 naive_actor.cpp:25] actor 2207613190448 switch to &NaiveActor::HandlerNormal
I1013 19:49:46.715159 36631 thread.cpp:96] Thread 1052672 construct Actor kNormalForward 2207613190448
I1013 19:49:46.715198 36631 runtime_context.cpp:29] DecreaseCounter constructing_actor_cnt, current val is 0
I1013 19:49:46.720244 36050 runtime.cpp:93] Actors on this machine constructed
I1013 19:49:46.720304 36050 runtime.cpp:95] Actors on every machine constructed
I1013 19:49:46.720336 36050 runtime_context.cpp:21] NewCounter job_5_running_actor_count 41
I1013 19:49:46.720357 36050 runtime_context.cpp:21] NewCounter job_4_running_actor_count 22
I1013 19:49:46.720374 36050 runtime_context.cpp:21] NewCounter job_3_running_actor_count 91
I1013 19:49:46.720445 36050 runtime_context.cpp:21] NewCounter job_2_running_actor_count 91
I1013 19:49:46.720470 36050 runtime_context.cpp:21] NewCounter job_0_running_actor_count 435
I1013 19:49:46.720489 36050 runtime_context.cpp:21] NewCounter job_1_running_actor_count 89
I1013 19:49:46.720605 36614 wait_and_send_ids_actor.cpp:73] actor 1099616485376 switch to &WaitAndSendIdsActor::HandlerNormal
I1013 19:49:46.720881 36050 global.h:36] NewGlobal N7oneflow7JobDescE
I1013 19:49:46.749239 36050 global.h:43] DeleteGlobal N7oneflow7JobDescE
I1013 19:49:47.279613 36631 local.cpp:114] waiting for key: eager_nccl_unique_id_rpc_key,0:0,0:1
I1013 19:49:47.301563 36625 eager_nccl_comm_manager.cpp:69]  EagerNcclCommMgr::ncclCommInitRank device_vec.size() = 2, nccl_unique_id = 0200ffffffd8530b0b010e000000000000000000000000000000000000000000000000000000000000000000000000000000000000000000000000000000000000000000000000000000000000000000000000000000000000000000000000000000000000000000000000000000000000000000000000000000000000000000000000, rank = 0, key = {eager_nccl_unique_id_rpc_key,0:0,0:1}
I1013 19:49:47.301616 36631 eager_nccl_comm_manager.cpp:69]  EagerNcclCommMgr::ncclCommInitRank device_vec.size() = 2, nccl_unique_id = 0200ffffffd8530b0b010e000000000000000000000000000000000000000000000000000000000000000000000000000000000000000000000000000000000000000000000000000000000000000000000000000000000000000000000000000000000000000000000000000000000000000000000000000000000000000000000000, rank = 1, key = {eager_nccl_unique_id_rpc_key,0:0,0:1}
I1013 19:50:12.178649 36050 global.h:43] DeleteGlobal N7oneflow7OneflowE
I1013 19:50:12.179129 36614 actor.cpp:411] actor 1099616485376 switch to &Actor::HandlerZombie
I1013 19:50:12.179236 36614 thread.cpp:76] thread 524338 deconstruct actor 1099616485376
I1013 19:50:12.179221 36613 actor.cpp:411] actor 1099614388294 switch to &Actor::HandlerZombie
I1013 19:50:12.179381 36613 actor.cpp:408] actor 1099614388295 switch to nullptr
I1013 19:50:12.179404 36613 thread.cpp:76] thread 524337 deconstruct actor 1099614388295
I1013 19:50:12.179672 36614 runtime_context.cpp:29] DecreaseCounter job_5_running_actor_count, current val is 40
I1013 19:50:12.180035 36613 runtime_context.cpp:29] DecreaseCounter job_5_running_actor_count, current val is 39
I1013 19:50:12.180080 36613 actor.cpp:408] actor 1099614388316 switch to nullptr
I1013 19:50:12.180099 36613 thread.cpp:76] thread 524337 deconstruct actor 1099614388316
I1013 19:50:12.180289 36613 runtime_context.cpp:29] DecreaseCounter job_5_running_actor_count, current val is 38
I1013 19:50:12.180321 36613 actor.cpp:408] actor 1099614388296 switch to nullptr
I1013 19:50:12.180337 36613 thread.cpp:76] thread 524337 deconstruct actor 1099614388296
I1013 19:50:12.180532 36613 runtime_context.cpp:29] DecreaseCounter job_5_running_actor_count, current val is 37
I1013 19:50:12.180562 36613 actor.cpp:408] actor 1099614388320 switch to nullptr
I1013 19:50:12.180588 36613 thread.cpp:76] thread 524337 deconstruct actor 1099614388320
I1013 19:50:12.180786 36613 runtime_context.cpp:29] DecreaseCounter job_5_running_actor_count, current val is 36
I1013 19:50:12.180814 36613 actor.cpp:408] actor 1099614388300 switch to nullptr
I1013 19:50:12.180830 36613 thread.cpp:76] thread 524337 deconstruct actor 1099614388300
I1013 19:50:12.181002 36613 runtime_context.cpp:29] DecreaseCounter job_5_running_actor_count, current val is 35
I1013 19:50:12.181030 36613 actor.cpp:408] actor 1099614388304 switch to nullptr
I1013 19:50:12.181046 36613 thread.cpp:76] thread 524337 deconstruct actor 1099614388304
I1013 19:50:12.181216 36613 runtime_context.cpp:29] DecreaseCounter job_5_running_actor_count, current val is 34
I1013 19:50:12.181244 36613 actor.cpp:408] actor 1099614388308 switch to nullptr
I1013 19:50:12.181260 36613 thread.cpp:76] thread 524337 deconstruct actor 1099614388308
I1013 19:50:12.181437 36613 runtime_context.cpp:29] DecreaseCounter job_5_running_actor_count, current val is 33
I1013 19:50:12.181465 36613 actor.cpp:408] actor 1099614388312 switch to nullptr
I1013 19:50:12.181540 36613 thread.cpp:76] thread 524337 deconstruct actor 1099614388312
I1013 19:50:12.181754 36613 runtime_context.cpp:29] DecreaseCounter job_5_running_actor_count, current val is 32
I1013 19:50:12.181824 36613 actor.cpp:408] actor 1099614388317 switch to nullptr
I1013 19:50:12.181847 36613 thread.cpp:76] thread 524337 deconstruct actor 1099614388317
I1013 19:50:12.182027 36613 runtime_context.cpp:29] DecreaseCounter job_5_running_actor_count, current val is 31
I1013 19:50:12.182060 36613 actor.cpp:408] actor 1099614388297 switch to nullptr
I1013 19:50:12.182075 36613 thread.cpp:76] thread 524337 deconstruct actor 1099614388297
I1013 19:50:12.182263 36613 runtime_context.cpp:29] DecreaseCounter job_5_running_actor_count, current val is 30
I1013 19:50:12.182291 36613 actor.cpp:408] actor 1099614388321 switch to nullptr
I1013 19:50:12.182307 36613 thread.cpp:76] thread 524337 deconstruct actor 1099614388321
I1013 19:50:12.182467 36613 runtime_context.cpp:29] DecreaseCounter job_5_running_actor_count, current val is 29
I1013 19:50:12.182494 36613 actor.cpp:408] actor 1099614388301 switch to nullptr
I1013 19:50:12.182510 36613 thread.cpp:76] thread 524337 deconstruct actor 1099614388301
I1013 19:50:12.182688 36613 runtime_context.cpp:29] DecreaseCounter job_5_running_actor_count, current val is 28
I1013 19:50:12.182724 36613 actor.cpp:408] actor 1099614388305 switch to nullptr
I1013 19:50:12.182741 36613 thread.cpp:76] thread 524337 deconstruct actor 1099614388305
I1013 19:50:12.182929 36613 runtime_context.cpp:29] DecreaseCounter job_5_running_actor_count, current val is 27
I1013 19:50:12.182957 36613 actor.cpp:408] actor 1099614388309 switch to nullptr
I1013 19:50:12.182973 36613 thread.cpp:76] thread 524337 deconstruct actor 1099614388309
I1013 19:50:12.183137 36613 runtime_context.cpp:29] DecreaseCounter job_5_running_actor_count, current val is 26
I1013 19:50:12.183166 36613 actor.cpp:408] actor 1099614388313 switch to nullptr
I1013 19:50:12.183182 36613 thread.cpp:76] thread 524337 deconstruct actor 1099614388313
I1013 19:50:12.183346 36613 runtime_context.cpp:29] DecreaseCounter job_5_running_actor_count, current val is 25
I1013 19:50:12.183378 36613 actor.cpp:408] actor 1099614388278 switch to nullptr
I1013 19:50:12.183394 36613 thread.cpp:76] thread 524337 deconstruct actor 1099614388278
I1013 19:50:12.183581 36613 runtime_context.cpp:29] DecreaseCounter job_4_running_actor_count, current val is 21
I1013 19:50:12.183617 36613 actor.cpp:408] actor 1099614388232 switch to nullptr
I1013 19:50:12.183634 36613 thread.cpp:76] thread 524337 deconstruct actor 1099614388232
I1013 19:50:12.183802 36613 runtime_context.cpp:29] DecreaseCounter job_0_running_actor_count, current val is 434
I1013 19:50:12.183831 36613 actor.cpp:408] actor 1099614388290 switch to nullptr
I1013 19:50:12.183847 36613 thread.cpp:76] thread 524337 deconstruct actor 1099614388290
I1013 19:50:12.184028 36613 runtime_context.cpp:29] DecreaseCounter job_4_running_actor_count, current val is 20
I1013 19:50:12.184058 36613 actor.cpp:408] actor 1099614388242 switch to nullptr
I1013 19:50:12.184074 36613 thread.cpp:76] thread 524337 deconstruct actor 1099614388242
I1013 19:50:12.184235 36613 runtime_context.cpp:29] DecreaseCounter job_0_running_actor_count, current val is 433
I1013 19:50:12.184265 36613 actor.cpp:408] actor 1099614388251 switch to nullptr
I1013 19:50:12.184281 36613 thread.cpp:76] thread 524337 deconstruct actor 1099614388251
I1013 19:50:12.184444 36613 runtime_context.cpp:29] DecreaseCounter job_1_running_actor_count, current val is 88
I1013 19:50:12.184474 36613 actor.cpp:408] actor 1099614388260 switch to nullptr
I1013 19:50:12.184490 36613 thread.cpp:76] thread 524337 deconstruct actor 1099614388260
I1013 19:50:12.184667 36613 runtime_context.cpp:29] DecreaseCounter job_2_running_actor_count, current val is 90
I1013 19:50:12.184700 36613 actor.cpp:408] actor 1099614388269 switch to nullptr
I1013 19:50:12.184715 36613 thread.cpp:76] thread 524337 deconstruct actor 1099614388269
I1013 19:50:12.184885 36613 runtime_context.cpp:29] DecreaseCounter job_3_running_actor_count, current val is 90
I1013 19:50:12.185040 36613 actor.cpp:408] actor 1099614388275 switch to nullptr
I1013 19:50:12.185081 36613 thread.cpp:76] thread 524337 deconstruct actor 1099614388275
I1013 19:50:12.185318 36613 runtime_context.cpp:29] DecreaseCounter job_4_running_actor_count, current val is 19
I1013 19:50:12.185379 36613 actor.cpp:408] actor 1099614388227 switch to nullptr
I1013 19:50:12.185400 36613 thread.cpp:76] thread 524337 deconstruct actor 1099614388227
I1013 19:50:12.185534 36625 actor.cpp:408] actor 2199023255721 switch to nullptr
I1013 19:50:12.185549 36631 actor.cpp:408] actor 2207613190313 switch to nullptr
I1013 19:50:12.185627 36613 runtime_context.cpp:29] DecreaseCounter job_0_running_actor_count, current val is 432
I1013 19:50:12.185631 36625 thread.cpp:76] thread 1048576 deconstruct actor 2199023255721
I1013 19:50:12.185690 36631 thread.cpp:76] thread 1052672 deconstruct actor 2207613190313
I1013 19:50:12.185729 36613 actor.cpp:408] actor 1099614388288 switch to nullptr
I1013 19:50:12.185809 36613 thread.cpp:76] thread 524337 deconstruct actor 1099614388288
I1013 19:50:12.185971 36625 runtime_context.cpp:29] DecreaseCounter job_0_running_actor_count, current val is 431
I1013 19:50:12.186018 36613 runtime_context.cpp:29] DecreaseCounter job_4_running_actor_count, current val is 18
I1013 19:50:12.186038 36625 actor.cpp:408] actor 2199023255710 switch to nullptr
I1013 19:50:12.186060 36613 actor.cpp:408] actor 1099614388240 switch to nullptr
I1013 19:50:12.186029 36631 runtime_context.cpp:29] DecreaseCounter job_0_running_actor_count, current val is 430
I1013 19:50:12.186066 36625 thread.cpp:76] thread 1048576 deconstruct actor 2199023255710
I1013 19:50:12.186084 36613 thread.cpp:76] thread 524337 deconstruct actor 1099614388240
I1013 19:50:12.186162 36631 actor.cpp:408] actor 2207613190302 switch to nullptr
I1013 19:50:12.186193 36631 thread.cpp:76] thread 1052672 deconstruct actor 2207613190302
I1013 19:50:12.186324 36625 runtime_context.cpp:29] DecreaseCounter job_0_running_actor_count, current val is 429
I1013 19:50:12.186331 36613 runtime_context.cpp:29] DecreaseCounter job_0_running_actor_count, current val is 428
I1013 19:50:12.186378 36625 actor.cpp:408] actor 2199023255708 switch to nullptr
I1013 19:50:12.186389 36613 actor.cpp:408] actor 1099614388248 switch to nullptr
I1013 19:50:12.186417 36613 thread.cpp:76] thread 524337 deconstruct actor 1099614388248
I1013 19:50:12.186401 36625 thread.cpp:76] thread 1048576 deconstruct actor 2199023255708
I1013 19:50:12.186389 36631 runtime_context.cpp:29] DecreaseCounter job_0_running_actor_count, current val is 427
I1013 19:50:12.186515 36631 actor.cpp:408] actor 2207613190300 switch to nullptr
I1013 19:50:12.186539 36631 thread.cpp:76] thread 1052672 deconstruct actor 2207613190300
I1013 19:50:12.186594 36625 runtime_context.cpp:29] DecreaseCounter job_0_running_actor_count, current val is 426
I1013 19:50:12.186614 36613 runtime_context.cpp:29] DecreaseCounter job_1_running_actor_count, current val is 87
I1013 19:50:12.186642 36625 actor.cpp:408] actor 2199023255702 switch to nullptr
I1013 19:50:12.186652 36613 actor.cpp:408] actor 1099614388257 switch to nullptr
I1013 19:50:12.186668 36625 thread.cpp:76] thread 1048576 deconstruct actor 2199023255702
I1013 19:50:12.186691 36613 thread.cpp:76] thread 524337 deconstruct actor 1099614388257
I1013 19:50:12.186715 36631 runtime_context.cpp:29] DecreaseCounter job_0_running_actor_count, current val is 425
I1013 19:50:12.186796 36631 actor.cpp:408] actor 2207613190294 switch to nullptr
I1013 19:50:12.186820 36631 thread.cpp:76] thread 1052672 deconstruct actor 2207613190294
I1013 19:50:12.186839 36625 runtime_context.cpp:29] DecreaseCounter job_0_running_actor_count, current val is 424
I1013 19:50:12.186889 36625 actor.cpp:408] actor 2199023255700 switch to nullptr
I1013 19:50:12.186899 36613 runtime_context.cpp:29] DecreaseCounter job_2_running_actor_count, current val is 89
I1013 19:50:12.186908 36625 thread.cpp:76] thread 1048576 deconstruct actor 2199023255700
I1013 19:50:12.186940 36613 actor.cpp:408] actor 1099614388266 switch to nullptr
I1013 19:50:12.186975 36631 runtime_context.cpp:29] DecreaseCounter job_0_running_actor_count, current val is 423
I1013 19:50:12.187031 36613 thread.cpp:76] thread 524337 deconstruct actor 1099614388266
I1013 19:50:12.187091 36631 actor.cpp:408] actor 2207613190292 switch to nullptr
I1013 19:50:12.187139 36625 runtime_context.cpp:29] DecreaseCounter job_0_running_actor_count, current val is 422
I1013 19:50:12.187146 36631 thread.cpp:76] thread 1052672 deconstruct actor 2207613190292
I1013 19:50:12.187196 36625 actor.cpp:408] actor 2199023255690 switch to nullptr
I1013 19:50:12.187220 36625 thread.cpp:76] thread 1048576 deconstruct actor 2199023255690
I1013 19:50:12.187290 36613 runtime_context.cpp:29] DecreaseCounter job_3_running_actor_count, current val is 89
I1013 19:50:12.187330 36613 actor.cpp:411] actor 1099614388279 switch to &Actor::HandlerZombie
I1013 19:50:12.187350 36631 runtime_context.cpp:29] DecreaseCounter job_0_running_actor_count, current val is 421
I1013 19:50:12.187356 36613 actor.cpp:408] actor 1099614388273 switch to nullptr
I1013 19:50:12.187405 36631 actor.cpp:408] actor 2207613190282 switch to nullptr
I1013 19:50:12.187364 36625 runtime_context.cpp:29] DecreaseCounter job_0_running_actor_count, current val is 420
I1013 19:50:12.187413 36613 thread.cpp:76] thread 524337 deconstruct actor 1099614388273
I1013 19:50:12.187438 36631 thread.cpp:76] thread 1052672 deconstruct actor 2207613190282
I1013 19:50:12.187438 36610 actor.cpp:411] actor 1099566153728 switch to &Actor::HandlerZombie
I1013 19:50:12.187475 36612 actor.cpp:411] actor 1099570348032 switch to &Actor::HandlerZombie
I1013 19:50:12.187502 36625 actor.cpp:408] actor 2199023255688 switch to nullptr
I1013 19:50:12.187691 36631 runtime_context.cpp:29] DecreaseCounter job_0_running_actor_count, current val is 419
I1013 19:50:12.187716 36613 runtime_context.cpp:29] DecreaseCounter job_4_running_actor_count, current val is 17
I1013 19:50:12.187705 36625 thread.cpp:76] thread 1048576 deconstruct actor 2199023255688
I1013 19:50:12.187762 36613 actor.cpp:408] actor 1099614388274 switch to nullptr
I1013 19:50:12.187752 36631 actor.cpp:408] actor 2207613190280 switch to nullptr
I1013 19:50:12.187805 36611 actor.cpp:411] actor 1099568250880 switch to &Actor::HandlerZombie
I1013 19:50:12.187788 36613 thread.cpp:76] thread 524337 deconstruct actor 1099614388274
I1013 19:50:12.187819 36631 thread.cpp:76] thread 1052672 deconstruct actor 2207613190280
I1013 19:50:12.187914 36625 runtime_context.cpp:29] DecreaseCounter job_0_running_actor_count, current val is 418
I1013 19:50:12.187963 36625 actor.cpp:408] actor 2199023255684 switch to nullptr
I1013 19:50:12.187983 36625 thread.cpp:76] thread 1048576 deconstruct actor 2199023255684
I1013 19:50:12.188036 36631 runtime_context.cpp:29] DecreaseCounter job_0_running_actor_count, current val is 417
I1013 19:50:12.188051 36613 runtime_context.cpp:29] DecreaseCounter job_4_running_actor_count, current val is 16
I1013 19:50:12.188094 36631 actor.cpp:408] actor 2207613190276 switch to nullptr
I1013 19:50:12.188112 36625 runtime_context.cpp:29] DecreaseCounter job_0_running_actor_count, current val is 416
I1013 19:50:12.188108 36613 actor.cpp:411] actor 1099614388233 switch to &Actor::HandlerZombie
I1013 19:50:12.188161 36625 actor.cpp:408] actor 2199023255614 switch to nullptr
I1013 19:50:12.188179 36613 actor.cpp:408] actor 1099614388226 switch to nullptr
I1013 19:50:12.188127 36631 thread.cpp:76] thread 1052672 deconstruct actor 2207613190276
I1013 19:50:12.188187 36625 thread.cpp:76] thread 1048576 deconstruct actor 2199023255614
I1013 19:50:12.188202 36613 thread.cpp:76] thread 524337 deconstruct actor 1099614388226
I1013 19:50:12.188297 36585 actor.cpp:408] actor 1099513724928 switch to nullptr
I1013 19:50:12.188339 36585 thread.cpp:76] thread 524289 deconstruct actor 1099513724928
I1013 19:50:12.188355 36587 actor.cpp:408] actor 1099517919232 switch to nullptr
I1013 19:50:12.188403 36593 actor.cpp:408] actor 1099530502144 switch to nullptr
I1013 19:50:12.188385 36625 runtime_context.cpp:29] DecreaseCounter job_0_running_actor_count, current val is 414
I1013 19:50:12.188397 36589 actor.cpp:408] actor 1099522113536 switch to nullptr
I1013 19:50:12.188401 36631 runtime_context.cpp:29] DecreaseCounter job_0_running_actor_count, current val is 415
I1013 19:50:12.188498 36633 actor.cpp:408] actor 2207615287297 switch to nullptr
I1013 19:50:12.188902 36633 thread.cpp:76] thread 1052673 deconstruct actor 2207615287297
I1013 19:50:12.188356 36591 actor.cpp:408] actor 1099526307840 switch to nullptr
I1013 19:50:12.188560 36587 thread.cpp:76] thread 524291 deconstruct actor 1099517919232
I1013 19:50:12.189013 36633 runtime_context.cpp:29] DecreaseCounter job_0_running_actor_count, current val is 412
I1013 19:50:12.188611 36613 runtime_context.cpp:29] DecreaseCounter job_0_running_actor_count, current val is 413
I1013 19:50:12.188707 36593 thread.cpp:76] thread 524297 deconstruct actor 1099530502144
I1013 19:50:12.188784 36625 actor.cpp:408] actor 2199023255612 switch to nullptr
I1013 19:50:12.189162 36625 thread.cpp:76] thread 1048576 deconstruct actor 2199023255612
I1013 19:50:12.188813 36589 thread.cpp:76] thread 524293 deconstruct actor 1099522113536
I1013 19:50:12.189263 36599 actor.cpp:411] actor 1099543085056 switch to &Actor::HandlerZombie
I1013 19:50:12.189301 36587 runtime_context.cpp:29] DecreaseCounter job_0_running_actor_count, current val is 411
I1013 19:50:12.189057 36633 actor.cpp:408] actor 2207615287298 switch to nullptr
I1013 19:50:12.189363 36599 thread.cpp:76] thread 524303 deconstruct actor 1099543085056
I1013 19:50:12.189208 36596 actor.cpp:408] actor 1099536793600 switch to nullptr
I1013 19:50:12.188870 36631 actor.cpp:408] actor 2207613190206 switch to nullptr
I1013 19:50:12.189280 36597 actor.cpp:408] actor 1099538890752 switch to nullptr
I1013 19:50:12.189312 36625 runtime_context.cpp:29] DecreaseCounter job_0_running_actor_count, current val is 410
I1013 19:50:12.189607 36627 actor.cpp:408] actor 2199025352709 switch to nullptr
I1013 19:50:12.189350 36600 actor.cpp:408] actor 1099545182208 switch to nullptr
I1013 19:50:12.189359 36598 actor.cpp:408] actor 1099540987904 switch to nullptr
I1013 19:50:12.189110 36613 actor.cpp:408] actor 1099614388224 switch to nullptr
I1013 19:50:12.189793 36613 thread.cpp:76] thread 524337 deconstruct actor 1099614388224
I1013 19:50:12.189395 36633 thread.cpp:76] thread 1052673 deconstruct actor 2207615287298
I1013 19:50:12.189448 36596 thread.cpp:76] thread 524300 deconstruct actor 1099536793600
I1013 19:50:12.189409 36593 runtime_context.cpp:29] DecreaseCounter job_0_running_actor_count, current val is 409
I1013 19:50:12.189508 36631 thread.cpp:76] thread 1052672 deconstruct actor 2207613190206
I1013 19:50:12.188984 36591 thread.cpp:76] thread 524295 deconstruct actor 1099526307840
I1013 19:50:12.189976 36596 runtime_context.cpp:29] DecreaseCounter job_0_running_actor_count, current val is 405
I1013 19:50:12.189651 36625 actor.cpp:408] actor 2199023255714 switch to nullptr
I1013 19:50:12.189677 36627 thread.cpp:76] thread 1048577 deconstruct actor 2199025352709
I1013 19:50:12.190064 36613 runtime_context.cpp:29] DecreaseCounter job_0_running_actor_count, current val is 404
I1013 19:50:12.189718 36600 thread.cpp:76] thread 524304 deconstruct actor 1099545182208
I1013 19:50:12.190141 36631 runtime_context.cpp:29] DecreaseCounter job_0_running_actor_count, current val is 403
I1013 19:50:12.189754 36599 runtime_context.cpp:29] DecreaseCounter job_0_running_actor_count, current val is 407
I1013 19:50:12.190254 36631 actor.cpp:408] actor 2207613190204 switch to nullptr
I1013 19:50:12.189899 36633 runtime_context.cpp:29] DecreaseCounter job_0_running_actor_count, current val is 406
I1013 19:50:12.189605 36597 thread.cpp:76] thread 524301 deconstruct actor 1099538890752
I1013 19:50:12.190052 36625 thread.cpp:76] thread 1048576 deconstruct actor 2199023255714
I1013 19:50:12.190461 36592 actor.cpp:408] actor 1099528404992 switch to nullptr
I1013 19:50:12.190502 36586 actor.cpp:408] actor 1099515822080 switch to nullptr
I1013 19:50:12.189724 36589 runtime_context.cpp:29] DecreaseCounter job_0_running_actor_count, current val is 408
I1013 19:50:12.190173 36627 runtime_context.cpp:29] DecreaseCounter job_0_running_actor_count, current val is 401
I1013 19:50:12.190272 36584 actor.cpp:408] actor 1099511627776 switch to nullptr
I1013 19:50:12.190809 36627 actor.cpp:408] actor 2199025352705 switch to nullptr
I1013 19:50:12.190850 36627 thread.cpp:76] thread 1048577 deconstruct actor 2199025352705
I1013 19:50:12.190333 36590 actor.cpp:408] actor 1099524210688 switch to nullptr
I1013 19:50:12.190338 36631 thread.cpp:76] thread 1052672 deconstruct actor 2207613190204
I1013 19:50:12.190390 36633 actor.cpp:408] actor 2207615287296 switch to nullptr
I1013 19:50:12.191042 36633 thread.cpp:76] thread 1052673 deconstruct actor 2207615287296
I1013 19:50:12.190120 36613 actor.cpp:408] actor 1099614388225 switch to nullptr
I1013 19:50:12.190544 36592 thread.cpp:76] thread 524296 deconstruct actor 1099528404992
I1013 19:50:12.190169 36591 runtime_context.cpp:29] DecreaseCounter job_0_running_actor_count, current val is 402
I1013 19:50:12.190615 36597 runtime_context.cpp:29] DecreaseCounter job_0_running_actor_count, current val is 400
I1013 19:50:12.190636 36625 runtime_context.cpp:29] DecreaseCounter job_0_running_actor_count, current val is 399
I1013 19:50:12.190681 36586 thread.cpp:76] thread 524290 deconstruct actor 1099515822080
I1013 19:50:12.190701 36600 runtime_context.cpp:29] DecreaseCounter job_0_running_actor_count, current val is 398
I1013 19:50:12.191427 36592 runtime_context.cpp:29] DecreaseCounter job_0_running_actor_count, current val is 394
I1013 19:50:12.190826 36584 thread.cpp:76] thread 524288 deconstruct actor 1099511627776
I1013 19:50:12.190935 36627 runtime_context.cpp:29] DecreaseCounter job_0_running_actor_count, current val is 397
I1013 19:50:12.191601 36627 actor.cpp:408] actor 2199025352704 switch to nullptr
I1013 19:50:12.191630 36627 thread.cpp:76] thread 1048577 deconstruct actor 2199025352704
I1013 19:50:12.191130 36631 runtime_context.cpp:29] DecreaseCounter job_0_running_actor_count, current val is 396
I1013 19:50:12.191687 36586 runtime_context.cpp:29] DecreaseCounter job_0_running_actor_count, current val is 393
I1013 19:50:12.191177 36633 runtime_context.cpp:29] DecreaseCounter job_0_running_actor_count, current val is 395
I1013 19:50:12.191380 36625 actor.cpp:408] actor 2199023255572 switch to nullptr
I1013 19:50:12.191802 36633 actor.cpp:408] actor 2207615287299 switch to nullptr
I1013 19:50:12.190930 36590 thread.cpp:76] thread 524294 deconstruct actor 1099524210688
I1013 19:50:12.190457 36588 actor.cpp:408] actor 1099520016384 switch to nullptr
I1013 19:50:12.191972 36588 thread.cpp:76] thread 524292 deconstruct actor 1099520016384
I1013 19:50:12.191170 36613 thread.cpp:76] thread 524337 deconstruct actor 1099614388225
I1013 19:50:12.191730 36627 runtime_context.cpp:29] DecreaseCounter job_0_running_actor_count, current val is 392
I1013 19:50:12.191730 36631 actor.cpp:408] actor 2207613190306 switch to nullptr
I1013 19:50:12.191814 36625 thread.cpp:76] thread 1048576 deconstruct actor 2199023255572
I1013 19:50:12.191838 36633 thread.cpp:76] thread 1052673 deconstruct actor 2207615287299
I1013 19:50:12.192265 36588 runtime_context.cpp:29] DecreaseCounter job_0_running_actor_count, current val is 390
I1013 19:50:12.189759 36598 thread.cpp:76] thread 524302 deconstruct actor 1099540987904
I1013 19:50:12.192330 36613 runtime_context.cpp:29] DecreaseCounter job_0_running_actor_count, current val is 388
I1013 19:50:12.192106 36590 runtime_context.cpp:29] DecreaseCounter job_0_running_actor_count, current val is 391
I1013 19:50:12.192116 36627 actor.cpp:408] actor 2199025352707 switch to nullptr
I1013 19:50:12.192158 36631 thread.cpp:76] thread 1052672 deconstruct actor 2207613190306
I1013 19:50:12.192446 36612 thread.cpp:76] thread 524316 deconstruct actor 1099570348032
I1013 19:50:12.192392 36613 actor.cpp:408] actor 1099614388286 switch to nullptr
I1013 19:50:12.192322 36625 runtime_context.cpp:29] DecreaseCounter job_0_running_actor_count, current val is 389
I1013 19:50:12.192430 36627 thread.cpp:76] thread 1048577 deconstruct actor 2199025352707
I1013 19:50:12.192633 36631 runtime_context.cpp:29] DecreaseCounter job_0_running_actor_count, current val is 385
I1013 19:50:12.192536 36613 thread.cpp:76] thread 524337 deconstruct actor 1099614388286
I1013 19:50:12.192721 36627 runtime_context.cpp:29] DecreaseCounter job_0_running_actor_count, current val is 384
I1013 19:50:12.192641 36625 actor.cpp:408] actor 2199023255712 switch to nullptr
I1013 19:50:12.192346 36633 runtime_context.cpp:29] DecreaseCounter job_0_running_actor_count, current val is 387
I1013 19:50:12.192706 36612 runtime_context.cpp:29] DecreaseCounter job_4_running_actor_count, current val is 15
I1013 19:50:12.192857 36633 actor.cpp:408] actor 2207615287300 switch to nullptr
I1013 19:50:12.192617 36598 runtime_context.cpp:29] DecreaseCounter job_0_running_actor_count, current val is 386
I1013 19:50:12.192770 36627 actor.cpp:408] actor 2199025352706 switch to nullptr
I1013 19:50:12.192790 36625 thread.cpp:76] thread 1048576 deconstruct actor 2199023255712
I1013 19:50:12.192731 36631 actor.cpp:408] actor 2207613190164 switch to nullptr
I1013 19:50:12.192893 36633 thread.cpp:76] thread 1052673 deconstruct actor 2207615287300
I1013 19:50:12.192965 36627 thread.cpp:76] thread 1048577 deconstruct actor 2199025352706
I1013 19:50:12.192962 36613 runtime_context.cpp:29] DecreaseCounter job_4_running_actor_count, current val is 14
I1013 19:50:12.193107 36633 runtime_context.cpp:29] DecreaseCounter job_0_running_actor_count, current val is 383
I1013 19:50:12.193125 36625 runtime_context.cpp:29] DecreaseCounter job_0_running_actor_count, current val is 382
I1013 19:50:12.193130 36627 runtime_context.cpp:29] DecreaseCounter job_0_running_actor_count, current val is 381
I1013 19:50:12.193181 36625 actor.cpp:408] actor 2199023255570 switch to nullptr
I1013 19:50:12.193189 36610 thread.cpp:76] thread 524314 deconstruct actor 1099566153728
I1013 19:50:12.193136 36613 actor.cpp:408] actor 1099614388282 switch to nullptr
I1013 19:50:12.193203 36625 thread.cpp:76] thread 1048576 deconstruct actor 2199023255570
I1013 19:50:12.193027 36631 thread.cpp:76] thread 1052672 deconstruct actor 2207613190164
I1013 19:50:12.193280 36613 thread.cpp:76] thread 524337 deconstruct actor 1099614388282
I1013 19:50:12.193423 36625 runtime_context.cpp:29] DecreaseCounter job_0_running_actor_count, current val is 380
I1013 19:50:12.193472 36625 actor.cpp:408] actor 2199023255698 switch to nullptr
I1013 19:50:12.193492 36625 thread.cpp:76] thread 1048576 deconstruct actor 2199023255698
I1013 19:50:12.193503 36631 runtime_context.cpp:29] DecreaseCounter job_0_running_actor_count, current val is 379
I1013 19:50:12.193503 36610 runtime_context.cpp:29] DecreaseCounter job_4_running_actor_count, current val is 13
I1013 19:50:12.193603 36631 actor.cpp:408] actor 2207613190304 switch to nullptr
I1013 19:50:12.193548 36613 runtime_context.cpp:29] DecreaseCounter job_4_running_actor_count, current val is 12
I1013 19:50:12.193629 36625 runtime_context.cpp:29] DecreaseCounter job_0_running_actor_count, current val is 378
I1013 19:50:12.193636 36631 thread.cpp:76] thread 1052672 deconstruct actor 2207613190304
I1013 19:50:12.193725 36625 actor.cpp:408] actor 2199023255563 switch to nullptr
I1013 19:50:12.193756 36625 thread.cpp:76] thread 1048576 deconstruct actor 2199023255563
I1013 19:50:12.193675 36613 actor.cpp:411] actor 1099614388291 switch to &Actor::HandlerZombie
I1013 19:50:12.193818 36613 actor.cpp:408] actor 1099614388283 switch to nullptr
I1013 19:50:12.193837 36613 thread.cpp:76] thread 524337 deconstruct actor 1099614388283
I1013 19:50:12.193846 36611 thread.cpp:76] thread 524315 deconstruct actor 1099568250880
I1013 19:50:12.193892 36625 runtime_context.cpp:29] DecreaseCounter job_0_running_actor_count, current val is 376
I1013 19:50:12.193874 36631 runtime_context.cpp:29] DecreaseCounter job_0_running_actor_count, current val is 377
I1013 19:50:12.193940 36625 actor.cpp:408] actor 2199023255692 switch to nullptr
I1013 19:50:12.193982 36631 actor.cpp:408] actor 2207613190162 switch to nullptr
I1013 19:50:12.194023 36625 thread.cpp:76] thread 1048576 deconstruct actor 2199023255692
I1013 19:50:12.194056 36631 thread.cpp:76] thread 1052672 deconstruct actor 2207613190162
I1013 19:50:12.194065 36613 runtime_context.cpp:29] DecreaseCounter job_4_running_actor_count, current val is 11
I1013 19:50:12.194077 36611 runtime_context.cpp:29] DecreaseCounter job_4_running_actor_count, current val is 10
I1013 19:50:12.194175 36613 actor.cpp:411] actor 1099614388243 switch to &Actor::HandlerZombie
I1013 19:50:12.194249 36625 runtime_context.cpp:29] DecreaseCounter job_0_running_actor_count, current val is 375
I1013 19:50:12.194257 36613 actor.cpp:408] actor 1099614388236 switch to nullptr
I1013 19:50:12.194299 36625 actor.cpp:408] actor 2199023255565 switch to nullptr
I1013 19:50:12.194283 36631 runtime_context.cpp:29] DecreaseCounter job_0_running_actor_count, current val is 374
I1013 19:50:12.194312 36613 thread.cpp:76] thread 524337 deconstruct actor 1099614388236
I1013 19:50:12.194329 36625 thread.cpp:76] thread 1048576 deconstruct actor 2199023255565
I1013 19:50:12.194356 36594 actor.cpp:411] actor 1099532599296 switch to &Actor::HandlerZombie
I1013 19:50:12.194411 36631 actor.cpp:408] actor 2207613190290 switch to nullptr
I1013 19:50:12.194499 36631 thread.cpp:76] thread 1052672 deconstruct actor 2207613190290
I1013 19:50:12.194562 36625 runtime_context.cpp:29] DecreaseCounter job_0_running_actor_count, current val is 373
I1013 19:50:12.194597 36613 runtime_context.cpp:29] DecreaseCounter job_0_running_actor_count, current val is 372
I1013 19:50:12.194622 36625 actor.cpp:408] actor 2199023255686 switch to nullptr
I1013 19:50:12.194643 36613 actor.cpp:408] actor 1099614388237 switch to nullptr
I1013 19:50:12.194648 36625 thread.cpp:76] thread 1048576 deconstruct actor 2199023255686
I1013 19:50:12.194669 36613 thread.cpp:76] thread 524337 deconstruct actor 1099614388237
I1013 19:50:12.194670 36631 runtime_context.cpp:29] DecreaseCounter job_0_running_actor_count, current val is 371
I1013 19:50:12.194701 36595 actor.cpp:411] actor 1099534696448 switch to &Actor::HandlerZombie
I1013 19:50:12.194809 36625 runtime_context.cpp:29] DecreaseCounter job_0_running_actor_count, current val is 370
I1013 19:50:12.194800 36631 actor.cpp:408] actor 2207613190155 switch to nullptr
I1013 19:50:12.194859 36625 actor.cpp:408] actor 2199023255554 switch to nullptr
I1013 19:50:12.194870 36631 thread.cpp:76] thread 1052672 deconstruct actor 2207613190155
I1013 19:50:12.194887 36625 thread.cpp:76] thread 1048576 deconstruct actor 2199023255554
I1013 19:50:12.194959 36613 runtime_context.cpp:29] DecreaseCounter job_0_running_actor_count, current val is 369
I1013 19:50:12.195006 36613 actor.cpp:411] actor 1099614388252 switch to &Actor::HandlerZombie
I1013 19:50:12.195044 36613 actor.cpp:408] actor 1099614388247 switch to nullptr
I1013 19:50:12.195047 36631 runtime_context.cpp:29] DecreaseCounter job_0_running_actor_count, current val is 368
I1013 19:50:12.195053 36625 runtime_context.cpp:29] DecreaseCounter job_0_running_actor_count, current val is 367
I1013 19:50:12.195109 36631 actor.cpp:408] actor 2207613190284 switch to nullptr
I1013 19:50:12.195061 36613 thread.cpp:76] thread 524337 deconstruct actor 1099614388247
I1013 19:50:12.195142 36631 thread.cpp:76] thread 1052672 deconstruct actor 2207613190284
I1013 19:50:12.195132 36601 actor.cpp:408] actor 1099547279360 switch to nullptr
I1013 19:50:12.195223 36603 actor.cpp:408] actor 1099551473664 switch to nullptr
I1013 19:50:12.195133 36625 actor.cpp:408] actor 2199023255716 switch to nullptr
I1013 19:50:12.195145 36602 actor.cpp:408] actor 1099549376512 switch to nullptr
I1013 19:50:12.195336 36631 runtime_context.cpp:29] DecreaseCounter job_0_running_actor_count, current val is 366
I1013 19:50:12.195284 36603 thread.cpp:76] thread 524307 deconstruct actor 1099551473664
I1013 19:50:12.195397 36631 actor.cpp:408] actor 2207613190157 switch to nullptr
I1013 19:50:12.195241 36601 thread.cpp:76] thread 524305 deconstruct actor 1099547279360
I1013 19:50:12.195358 36602 thread.cpp:76] thread 524306 deconstruct actor 1099549376512
I1013 19:50:12.195375 36613 runtime_context.cpp:29] DecreaseCounter job_1_running_actor_count, current val is 86
I1013 19:50:12.195309 36625 thread.cpp:76] thread 1048576 deconstruct actor 2199023255716
I1013 19:50:12.195514 36631 thread.cpp:76] thread 1052672 deconstruct actor 2207613190157
I1013 19:50:12.195607 36603 runtime_context.cpp:29] DecreaseCounter job_1_running_actor_count, current val is 85
I1013 19:50:12.195827 36602 runtime_context.cpp:29] DecreaseCounter job_1_running_actor_count, current val is 83
I1013 19:50:12.195797 36601 runtime_context.cpp:29] DecreaseCounter job_1_running_actor_count, current val is 84
I1013 19:50:12.195896 36625 runtime_context.cpp:29] DecreaseCounter job_0_running_actor_count, current val is 365
I1013 19:50:12.195739 36613 actor.cpp:411] actor 1099614388261 switch to &Actor::HandlerZombie
I1013 19:50:12.195952 36625 actor.cpp:408] actor 2199023255605 switch to nullptr
I1013 19:50:12.195952 36631 runtime_context.cpp:29] DecreaseCounter job_0_running_actor_count, current val is 364
I1013 19:50:12.195982 36625 thread.cpp:76] thread 1048576 deconstruct actor 2199023255605
I1013 19:50:12.196043 36631 actor.cpp:408] actor 2207613190278 switch to nullptr
I1013 19:50:12.195983 36613 actor.cpp:408] actor 1099614388256 switch to nullptr
I1013 19:50:12.196048 36604 actor.cpp:408] actor 1099553570816 switch to nullptr
I1013 19:50:12.196111 36627 actor.cpp:408] actor 2199025352710 switch to nullptr
I1013 19:50:12.196071 36606 actor.cpp:411] actor 1099557765120 switch to &Actor::HandlerZombie
I1013 19:50:12.196077 36631 thread.cpp:76] thread 1052672 deconstruct actor 2207613190278
I1013 19:50:12.196107 36613 thread.cpp:76] thread 524337 deconstruct actor 1099614388256
I1013 19:50:12.196110 36633 actor.cpp:408] actor 2207615287301 switch to nullptr
I1013 19:50:12.196054 36605 actor.cpp:408] actor 1099555667968 switch to nullptr
I1013 19:50:12.196151 36604 thread.cpp:76] thread 524308 deconstruct actor 1099553570816
I1013 19:50:12.196187 36627 thread.cpp:76] thread 1048577 deconstruct actor 2199025352710
I1013 19:50:12.196388 36631 runtime_context.cpp:29] DecreaseCounter job_0_running_actor_count, current val is 362
I1013 19:50:12.196215 36606 thread.cpp:76] thread 524310 deconstruct actor 1099557765120
I1013 19:50:12.196444 36613 runtime_context.cpp:29] DecreaseCounter job_2_running_actor_count, current val is 88
I1013 19:50:12.196354 36605 thread.cpp:76] thread 524309 deconstruct actor 1099555667968
I1013 19:50:12.196188 36625 runtime_context.cpp:29] DecreaseCounter job_0_running_actor_count, current val is 363
I1013 19:50:12.196450 36631 actor.cpp:408] actor 2207613190146 switch to nullptr
I1013 19:50:12.196552 36604 runtime_context.cpp:29] DecreaseCounter job_2_running_actor_count, current val is 86
I1013 19:50:12.196616 36606 runtime_context.cpp:29] DecreaseCounter job_2_running_actor_count, current val is 85
I1013 19:50:12.196507 36627 runtime_context.cpp:29] DecreaseCounter job_2_running_actor_count, current val is 87
I1013 19:50:12.196312 36633 thread.cpp:76] thread 1052673 deconstruct actor 2207615287301
I1013 19:50:12.196558 36625 actor.cpp:408] actor 2199023255704 switch to nullptr
I1013 19:50:12.196583 36631 thread.cpp:76] thread 1052672 deconstruct actor 2207613190146
I1013 19:50:12.196486 36613 actor.cpp:411] actor 1099614388270 switch to &Actor::HandlerZombie
I1013 19:50:12.196797 36633 runtime_context.cpp:29] DecreaseCounter job_2_running_actor_count, current val is 83
I1013 19:50:12.196754 36625 thread.cpp:76] thread 1048576 deconstruct actor 2199023255704
I1013 19:50:12.196688 36605 runtime_context.cpp:29] DecreaseCounter job_2_running_actor_count, current val is 84
I1013 19:50:12.196830 36613 actor.cpp:408] actor 1099614388265 switch to nullptr
I1013 19:50:12.196907 36631 runtime_context.cpp:29] DecreaseCounter job_0_running_actor_count, current val is 361
I1013 19:50:12.196921 36627 actor.cpp:408] actor 2199025352711 switch to nullptr
I1013 19:50:12.196921 36613 thread.cpp:76] thread 524337 deconstruct actor 1099614388265
I1013 19:50:12.196909 36607 actor.cpp:408] actor 1099559862272 switch to nullptr
I1013 19:50:12.196872 36608 actor.cpp:408] actor 1099561959424 switch to nullptr
I1013 19:50:12.196921 36633 actor.cpp:408] actor 2207615287302 switch to nullptr
I1013 19:50:12.196954 36609 actor.cpp:411] actor 1099564056576 switch to &Actor::HandlerZombie
I1013 19:50:12.196970 36631 actor.cpp:408] actor 2207613190308 switch to nullptr
I1013 19:50:12.197257 36613 runtime_context.cpp:29] DecreaseCounter job_3_running_actor_count, current val is 88
I1013 19:50:12.197302 36613 actor.cpp:408] actor 1099614388280 switch to nullptr
I1013 19:50:12.197324 36613 thread.cpp:76] thread 524337 deconstruct actor 1099614388280
I1013 19:50:12.197155 36608 thread.cpp:76] thread 524312 deconstruct actor 1099561959424
I1013 19:50:12.197194 36633 thread.cpp:76] thread 1052673 deconstruct actor 2207615287302
I1013 19:50:12.197242 36609 thread.cpp:76] thread 524313 deconstruct actor 1099564056576
I1013 19:50:12.196998 36625 runtime_context.cpp:29] DecreaseCounter job_0_running_actor_count, current val is 360
I1013 19:50:12.197263 36631 thread.cpp:76] thread 1052672 deconstruct actor 2207613190308
I1013 19:50:12.197480 36625 actor.cpp:408] actor 2199023255577 switch to nullptr
I1013 19:50:12.197127 36607 thread.cpp:76] thread 524311 deconstruct actor 1099559862272
I1013 19:50:12.197521 36613 runtime_context.cpp:29] DecreaseCounter job_4_running_actor_count, current val is 9
I1013 19:50:12.197019 36627 thread.cpp:76] thread 1048577 deconstruct actor 2199025352711
I1013 19:50:12.197595 36609 runtime_context.cpp:29] DecreaseCounter job_3_running_actor_count, current val is 85
I1013 19:50:12.197530 36608 runtime_context.cpp:29] DecreaseCounter job_3_running_actor_count, current val is 86
I1013 19:50:12.197458 36633 runtime_context.cpp:29] DecreaseCounter job_3_running_actor_count, current val is 87
I1013 19:50:12.197680 36627 runtime_context.cpp:29] DecreaseCounter job_3_running_actor_count, current val is 84
I1013 19:50:12.197510 36625 thread.cpp:76] thread 1048576 deconstruct actor 2199023255577
I1013 19:50:12.197647 36631 runtime_context.cpp:29] DecreaseCounter job_0_running_actor_count, current val is 359
I1013 19:50:12.197577 36613 actor.cpp:408] actor 1099614388284 switch to nullptr
I1013 19:50:12.197804 36613 thread.cpp:76] thread 524337 deconstruct actor 1099614388284
I1013 19:50:12.197810 36631 actor.cpp:408] actor 2207613190197 switch to nullptr
I1013 19:50:12.197841 36631 thread.cpp:76] thread 1052672 deconstruct actor 2207613190197
I1013 19:50:12.197751 36607 runtime_context.cpp:29] DecreaseCounter job_3_running_actor_count, current val is 83
I1013 19:50:12.197873 36625 runtime_context.cpp:29] DecreaseCounter job_0_running_actor_count, current val is 358
I1013 19:50:12.197949 36625 actor.cpp:408] actor 2199023255706 switch to nullptr
I1013 19:50:12.197971 36625 thread.cpp:76] thread 1048576 deconstruct actor 2199023255706
I1013 19:50:12.197988 36613 runtime_context.cpp:29] DecreaseCounter job_4_running_actor_count, current val is 8
I1013 19:50:12.198009 36631 runtime_context.cpp:29] DecreaseCounter job_0_running_actor_count, current val is 357
I1013 19:50:12.198024 36613 actor.cpp:408] actor 1099614388287 switch to nullptr
I1013 19:50:12.198060 36631 actor.cpp:408] actor 2207613190296 switch to nullptr
I1013 19:50:12.198062 36613 thread.cpp:76] thread 524337 deconstruct actor 1099614388287
I1013 19:50:12.198086 36631 thread.cpp:76] thread 1052672 deconstruct actor 2207613190296
I1013 19:50:12.198110 36625 runtime_context.cpp:29] DecreaseCounter job_0_running_actor_count, current val is 356
I1013 19:50:12.198190 36625 actor.cpp:408] actor 2199023255579 switch to nullptr
I1013 19:50:12.198211 36625 thread.cpp:76] thread 1048576 deconstruct actor 2199023255579
I1013 19:50:12.198259 36613 runtime_context.cpp:29] DecreaseCounter job_4_running_actor_count, current val is 7
I1013 19:50:12.198282 36631 runtime_context.cpp:29] DecreaseCounter job_0_running_actor_count, current val is 355
I1013 19:50:12.198294 36613 actor.cpp:408] actor 1099614388276 switch to nullptr
I1013 19:50:12.198338 36625 runtime_context.cpp:29] DecreaseCounter job_0_running_actor_count, current val is 354
I1013 19:50:12.198431 36631 actor.cpp:408] actor 2207613190169 switch to nullptr
I1013 19:50:12.198457 36625 actor.cpp:408] actor 2199023255584 switch to nullptr
I1013 19:50:12.198381 36613 thread.cpp:76] thread 524337 deconstruct actor 1099614388276
I1013 19:50:12.198468 36631 thread.cpp:76] thread 1052672 deconstruct actor 2207613190169
I1013 19:50:12.198487 36625 thread.cpp:76] thread 1048576 deconstruct actor 2199023255584
