I1014 10:51:57.328071 12572 runtime_context.cpp:29] DecreaseCounter constructing_actor_cnt, current val is 65
I1014 10:51:57.328346 12572 naive_actor.cpp:25] actor 2207613190390 switch to &NaiveActor::HandlerNormal
I1014 10:51:57.328372 12572 thread.cpp:96] Thread 1052672 construct Actor kNormalForward 2207613190390
I1014 10:51:57.328413 12572 runtime_context.cpp:29] DecreaseCounter constructing_actor_cnt, current val is 64
I1014 10:51:57.328632 12572 naive_actor.cpp:25] actor 2207613190389 switch to &NaiveActor::HandlerNormal
I1014 10:51:57.328656 12572 thread.cpp:96] Thread 1052672 construct Actor kNormalForward 2207613190389
I1014 10:51:57.328694 12572 runtime_context.cpp:29] DecreaseCounter constructing_actor_cnt, current val is 63
I1014 10:51:57.328904 12572 naive_actor.cpp:25] actor 2207613190391 switch to &NaiveActor::HandlerNormal
I1014 10:51:57.328927 12572 thread.cpp:96] Thread 1052672 construct Actor kNormalForward 2207613190391
I1014 10:51:57.328966 12572 runtime_context.cpp:29] DecreaseCounter constructing_actor_cnt, current val is 62
I1014 10:51:57.329172 12572 naive_actor.cpp:25] actor 2207613190412 switch to &NaiveActor::HandlerNormal
I1014 10:51:57.329195 12572 thread.cpp:96] Thread 1052672 construct Actor kDeviceTick 2207613190412
I1014 10:51:57.329233 12572 runtime_context.cpp:29] DecreaseCounter constructing_actor_cnt, current val is 61
I1014 10:51:57.329447 12572 naive_actor.cpp:25] actor 2207613190393 switch to &NaiveActor::HandlerNormal
I1014 10:51:57.329471 12572 thread.cpp:96] Thread 1052672 construct Actor kNormalForward 2207613190393
I1014 10:51:57.329509 12572 runtime_context.cpp:29] DecreaseCounter constructing_actor_cnt, current val is 60
I1014 10:51:57.329730 12572 naive_actor.cpp:25] actor 2207613190377 switch to &NaiveActor::HandlerNormal
I1014 10:51:57.329753 12572 thread.cpp:96] Thread 1052672 construct Actor kNormalForward 2207613190377
I1014 10:51:57.329792 12572 runtime_context.cpp:29] DecreaseCounter constructing_actor_cnt, current val is 59
I1014 10:51:57.330006 12572 naive_actor.cpp:25] actor 2207613190375 switch to &NaiveActor::HandlerNormal
I1014 10:51:57.330029 12572 thread.cpp:96] Thread 1052672 construct Actor kNormalForward 2207613190375
I1014 10:51:57.330068 12572 runtime_context.cpp:29] DecreaseCounter constructing_actor_cnt, current val is 58
I1014 10:51:57.330276 12572 naive_actor.cpp:25] actor 2207613190395 switch to &NaiveActor::HandlerNormal
I1014 10:51:57.330300 12572 thread.cpp:96] Thread 1052672 construct Actor kNormalForward 2207613190395
I1014 10:51:57.330338 12572 runtime_context.cpp:29] DecreaseCounter constructing_actor_cnt, current val is 57
I1014 10:51:57.330547 12572 naive_actor.cpp:25] actor 2207613190394 switch to &NaiveActor::HandlerNormal
I1014 10:51:57.330579 12572 thread.cpp:96] Thread 1052672 construct Actor kNormalForward 2207613190394
I1014 10:51:57.330617 12572 runtime_context.cpp:29] DecreaseCounter constructing_actor_cnt, current val is 56
I1014 10:51:57.330827 12572 naive_actor.cpp:25] actor 2207613190398 switch to &NaiveActor::HandlerNormal
I1014 10:51:57.330850 12572 thread.cpp:96] Thread 1052672 construct Actor kNormalForward 2207613190398
I1014 10:51:57.330888 12572 runtime_context.cpp:29] DecreaseCounter constructing_actor_cnt, current val is 55
I1014 10:51:57.331099 12572 naive_actor.cpp:25] actor 2207613190409 switch to &NaiveActor::HandlerNormal
I1014 10:51:57.331122 12572 thread.cpp:96] Thread 1052672 construct Actor kNormalForward 2207613190409
I1014 10:51:57.331161 12572 runtime_context.cpp:29] DecreaseCounter constructing_actor_cnt, current val is 54
I1014 10:51:57.331370 12572 naive_actor.cpp:25] actor 2207613190400 switch to &NaiveActor::HandlerNormal
I1014 10:51:57.331394 12572 thread.cpp:96] Thread 1052672 construct Actor kNormalForward 2207613190400
I1014 10:51:57.331432 12572 runtime_context.cpp:29] DecreaseCounter constructing_actor_cnt, current val is 53
I1014 10:51:57.331655 12572 naive_actor.cpp:25] actor 2207613190396 switch to &NaiveActor::HandlerNormal
I1014 10:51:57.331678 12572 thread.cpp:96] Thread 1052672 construct Actor kNormalForward 2207613190396
I1014 10:51:57.331717 12572 runtime_context.cpp:29] DecreaseCounter constructing_actor_cnt, current val is 52
I1014 10:51:57.331976 12572 naive_actor.cpp:25] actor 2207613190404 switch to &NaiveActor::HandlerNormal
I1014 10:51:57.332003 12572 thread.cpp:96] Thread 1052672 construct Actor kNormalForward 2207613190404
I1014 10:51:57.332043 12572 runtime_context.cpp:29] DecreaseCounter constructing_actor_cnt, current val is 51
I1014 10:51:57.332255 12572 naive_actor.cpp:25] actor 2207613190403 switch to &NaiveActor::HandlerNormal
I1014 10:51:57.332279 12572 thread.cpp:96] Thread 1052672 construct Actor kNormalForward 2207613190403
I1014 10:51:57.332316 12572 runtime_context.cpp:29] DecreaseCounter constructing_actor_cnt, current val is 50
I1014 10:51:57.332525 12572 naive_actor.cpp:25] actor 2207613190401 switch to &NaiveActor::HandlerNormal
I1014 10:51:57.332546 12572 thread.cpp:96] Thread 1052672 construct Actor kNormalForward 2207613190401
I1014 10:51:57.332592 12572 runtime_context.cpp:29] DecreaseCounter constructing_actor_cnt, current val is 49
I1014 10:51:57.332804 12572 naive_actor.cpp:25] actor 2207613190405 switch to &NaiveActor::HandlerNormal
I1014 10:51:57.332828 12572 thread.cpp:96] Thread 1052672 construct Actor kNormalForward 2207613190405
I1014 10:51:57.332866 12572 runtime_context.cpp:29] DecreaseCounter constructing_actor_cnt, current val is 48
I1014 10:51:57.333074 12572 naive_actor.cpp:25] actor 2207613190406 switch to &NaiveActor::HandlerNormal
I1014 10:51:57.333098 12572 thread.cpp:96] Thread 1052672 construct Actor kNormalForward 2207613190406
I1014 10:51:57.333137 12572 runtime_context.cpp:29] DecreaseCounter constructing_actor_cnt, current val is 47
I1014 10:51:57.333355 12572 naive_actor.cpp:25] actor 2207613190407 switch to &NaiveActor::HandlerNormal
I1014 10:51:57.333379 12572 thread.cpp:96] Thread 1052672 construct Actor kNormalForward 2207613190407
I1014 10:51:57.333418 12572 runtime_context.cpp:29] DecreaseCounter constructing_actor_cnt, current val is 46
I1014 10:51:57.333634 12572 naive_actor.cpp:25] actor 2207613190408 switch to &NaiveActor::HandlerNormal
I1014 10:51:57.333658 12572 thread.cpp:96] Thread 1052672 construct Actor kNormalForward 2207613190408
I1014 10:51:57.333696 12572 runtime_context.cpp:29] DecreaseCounter constructing_actor_cnt, current val is 45
I1014 10:51:57.333914 12572 naive_actor.cpp:25] actor 2207613190388 switch to &NaiveActor::HandlerNormal
I1014 10:51:57.333937 12572 thread.cpp:96] Thread 1052672 construct Actor kNormalForward 2207613190388
I1014 10:51:57.333976 12572 runtime_context.cpp:29] DecreaseCounter constructing_actor_cnt, current val is 44
I1014 10:51:57.334192 12572 naive_actor.cpp:25] actor 2207613190410 switch to &NaiveActor::HandlerNormal
I1014 10:51:57.334215 12572 thread.cpp:96] Thread 1052672 construct Actor kNormalForward 2207613190410
I1014 10:51:57.334254 12572 runtime_context.cpp:29] DecreaseCounter constructing_actor_cnt, current val is 43
I1014 10:51:57.334470 12572 naive_actor.cpp:25] actor 2207613190399 switch to &NaiveActor::HandlerNormal
I1014 10:51:57.334493 12572 thread.cpp:96] Thread 1052672 construct Actor kNormalForward 2207613190399
I1014 10:51:57.334532 12572 runtime_context.cpp:29] DecreaseCounter constructing_actor_cnt, current val is 42
I1014 10:51:57.334746 12572 naive_actor.cpp:25] actor 2207613190392 switch to &NaiveActor::HandlerNormal
I1014 10:51:57.334770 12572 thread.cpp:96] Thread 1052672 construct Actor kNormalForward 2207613190392
I1014 10:51:57.334810 12572 runtime_context.cpp:29] DecreaseCounter constructing_actor_cnt, current val is 41
I1014 10:51:57.335026 12572 naive_actor.cpp:25] actor 2207613190397 switch to &NaiveActor::HandlerNormal
I1014 10:51:57.335050 12572 thread.cpp:96] Thread 1052672 construct Actor kNormalForward 2207613190397
I1014 10:51:57.335089 12572 runtime_context.cpp:29] DecreaseCounter constructing_actor_cnt, current val is 40
I1014 10:51:57.335299 12572 naive_actor.cpp:25] actor 2207613190402 switch to &NaiveActor::HandlerNormal
I1014 10:51:57.335323 12572 thread.cpp:96] Thread 1052672 construct Actor kNormalForward 2207613190402
I1014 10:51:57.335409 12572 runtime_context.cpp:29] DecreaseCounter constructing_actor_cnt, current val is 39
I1014 10:51:57.336941 12572 naive_actor.cpp:25] actor 2207613190411 switch to &NaiveActor::HandlerNormal
I1014 10:51:57.336967 12572 thread.cpp:96] Thread 1052672 construct Actor kNormalForward 2207613190411
I1014 10:51:57.337093 12572 runtime_context.cpp:29] DecreaseCounter constructing_actor_cnt, current val is 38
I1014 10:51:57.337323 12572 naive_actor.cpp:25] actor 2207613190414 switch to &NaiveActor::HandlerNormal
I1014 10:51:57.337347 12572 thread.cpp:96] Thread 1052672 construct Actor kNormalForward 2207613190414
I1014 10:51:57.337384 12572 runtime_context.cpp:29] DecreaseCounter constructing_actor_cnt, current val is 37
I1014 10:51:57.337606 12572 naive_actor.cpp:25] actor 2207613190418 switch to &NaiveActor::HandlerNormal
I1014 10:51:57.337630 12572 thread.cpp:96] Thread 1052672 construct Actor kNormalForward 2207613190418
I1014 10:51:57.337666 12572 runtime_context.cpp:29] DecreaseCounter constructing_actor_cnt, current val is 36
I1014 10:51:57.337872 12572 naive_actor.cpp:25] actor 2207613190417 switch to &NaiveActor::HandlerNormal
I1014 10:51:57.337893 12572 thread.cpp:96] Thread 1052672 construct Actor kNormalForward 2207613190417
I1014 10:51:57.337929 12572 runtime_context.cpp:29] DecreaseCounter constructing_actor_cnt, current val is 35
I1014 10:51:57.338135 12572 naive_actor.cpp:25] actor 2207613190415 switch to &NaiveActor::HandlerNormal
I1014 10:51:57.338158 12572 thread.cpp:96] Thread 1052672 construct Actor kNormalForward 2207613190415
I1014 10:51:57.338193 12572 runtime_context.cpp:29] DecreaseCounter constructing_actor_cnt, current val is 34
I1014 10:51:57.338397 12572 naive_actor.cpp:25] actor 2207613190416 switch to &NaiveActor::HandlerNormal
I1014 10:51:57.338431 12572 thread.cpp:96] Thread 1052672 construct Actor kNormalForward 2207613190416
I1014 10:51:57.338469 12572 runtime_context.cpp:29] DecreaseCounter constructing_actor_cnt, current val is 33
I1014 10:51:57.338676 12572 naive_actor.cpp:25] actor 2207613190419 switch to &NaiveActor::HandlerNormal
I1014 10:51:57.338699 12572 thread.cpp:96] Thread 1052672 construct Actor kNormalForward 2207613190419
I1014 10:51:57.338733 12572 runtime_context.cpp:29] DecreaseCounter constructing_actor_cnt, current val is 32
I1014 10:51:57.338944 12572 naive_actor.cpp:25] actor 2207613190422 switch to &NaiveActor::HandlerNormal
I1014 10:51:57.338966 12572 thread.cpp:96] Thread 1052672 construct Actor kNormalForward 2207613190422
I1014 10:51:57.339001 12572 runtime_context.cpp:29] DecreaseCounter constructing_actor_cnt, current val is 31
I1014 10:51:57.339208 12572 naive_actor.cpp:25] actor 2207613190423 switch to &NaiveActor::HandlerNormal
I1014 10:51:57.339231 12572 thread.cpp:96] Thread 1052672 construct Actor kNormalForward 2207613190423
I1014 10:51:57.339267 12572 runtime_context.cpp:29] DecreaseCounter constructing_actor_cnt, current val is 30
I1014 10:51:57.339468 12572 naive_actor.cpp:25] actor 2207613190445 switch to &NaiveActor::HandlerNormal
I1014 10:51:57.339490 12572 thread.cpp:96] Thread 1052672 construct Actor kNormalForward 2207613190445
I1014 10:51:57.339525 12572 runtime_context.cpp:29] DecreaseCounter constructing_actor_cnt, current val is 29
I1014 10:51:57.339736 12572 naive_actor.cpp:25] actor 2207613190424 switch to &NaiveActor::HandlerNormal
I1014 10:51:57.339759 12572 thread.cpp:96] Thread 1052672 construct Actor kNormalForward 2207613190424
I1014 10:51:57.339794 12572 runtime_context.cpp:29] DecreaseCounter constructing_actor_cnt, current val is 28
I1014 10:51:57.339998 12572 naive_actor.cpp:25] actor 2207613190427 switch to &NaiveActor::HandlerNormal
I1014 10:51:57.340021 12572 thread.cpp:96] Thread 1052672 construct Actor kNormalForward 2207613190427
I1014 10:51:57.340056 12572 runtime_context.cpp:29] DecreaseCounter constructing_actor_cnt, current val is 27
I1014 10:51:57.340260 12572 naive_actor.cpp:25] actor 2207613190429 switch to &NaiveActor::HandlerNormal
I1014 10:51:57.340282 12572 thread.cpp:96] Thread 1052672 construct Actor kNormalForward 2207613190429
I1014 10:51:57.340370 12572 runtime_context.cpp:29] DecreaseCounter constructing_actor_cnt, current val is 26
I1014 10:51:57.340597 12572 naive_actor.cpp:25] actor 2207613190432 switch to &NaiveActor::HandlerNormal
I1014 10:51:57.340620 12572 thread.cpp:96] Thread 1052672 construct Actor kNormalForward 2207613190432
I1014 10:51:57.340656 12572 runtime_context.cpp:29] DecreaseCounter constructing_actor_cnt, current val is 25
I1014 10:51:57.340858 12572 naive_actor.cpp:25] actor 2207613190431 switch to &NaiveActor::HandlerNormal
I1014 10:51:57.340881 12572 thread.cpp:96] Thread 1052672 construct Actor kNormalForward 2207613190431
I1014 10:51:57.340916 12572 runtime_context.cpp:29] DecreaseCounter constructing_actor_cnt, current val is 24
I1014 10:51:57.341120 12572 naive_actor.cpp:25] actor 2207613190433 switch to &NaiveActor::HandlerNormal
I1014 10:51:57.341145 12572 thread.cpp:96] Thread 1052672 construct Actor kNormalForward 2207613190433
I1014 10:51:57.341179 12572 runtime_context.cpp:29] DecreaseCounter constructing_actor_cnt, current val is 23
I1014 10:51:57.341382 12572 naive_actor.cpp:25] actor 2207613190430 switch to &NaiveActor::HandlerNormal
I1014 10:51:57.341403 12572 thread.cpp:96] Thread 1052672 construct Actor kNormalForward 2207613190430
I1014 10:51:57.341439 12572 runtime_context.cpp:29] DecreaseCounter constructing_actor_cnt, current val is 22
I1014 10:51:57.341647 12572 naive_actor.cpp:25] actor 2207613190434 switch to &NaiveActor::HandlerNormal
I1014 10:51:57.341670 12572 thread.cpp:96] Thread 1052672 construct Actor kNormalForward 2207613190434
I1014 10:51:57.341706 12572 runtime_context.cpp:29] DecreaseCounter constructing_actor_cnt, current val is 21
I1014 10:51:57.341953 12572 naive_actor.cpp:25] actor 2207613190428 switch to &NaiveActor::HandlerNormal
I1014 10:51:57.341977 12572 thread.cpp:96] Thread 1052672 construct Actor kNormalForward 2207613190428
I1014 10:51:57.342013 12572 runtime_context.cpp:29] DecreaseCounter constructing_actor_cnt, current val is 20
I1014 10:51:57.342223 12572 naive_actor.cpp:25] actor 2207613190443 switch to &NaiveActor::HandlerNormal
I1014 10:51:57.342247 12572 thread.cpp:96] Thread 1052672 construct Actor kNormalForward 2207613190443
I1014 10:51:57.342281 12572 runtime_context.cpp:29] DecreaseCounter constructing_actor_cnt, current val is 19
I1014 10:51:57.342486 12572 naive_actor.cpp:25] actor 2207613190426 switch to &NaiveActor::HandlerNormal
I1014 10:51:57.342509 12572 thread.cpp:96] Thread 1052672 construct Actor kNormalForward 2207613190426
I1014 10:51:57.342545 12572 runtime_context.cpp:29] DecreaseCounter constructing_actor_cnt, current val is 18
I1014 10:51:57.342759 12572 naive_actor.cpp:25] actor 2207613190435 switch to &NaiveActor::HandlerNormal
I1014 10:51:57.342782 12572 thread.cpp:96] Thread 1052672 construct Actor kNormalForward 2207613190435
I1014 10:51:57.342818 12572 runtime_context.cpp:29] DecreaseCounter constructing_actor_cnt, current val is 17
I1014 10:51:57.343019 12572 naive_actor.cpp:25] actor 2207613190446 switch to &NaiveActor::HandlerNormal
I1014 10:51:57.343041 12572 thread.cpp:96] Thread 1052672 construct Actor kNormalForward 2207613190446
I1014 10:51:57.343077 12572 runtime_context.cpp:29] DecreaseCounter constructing_actor_cnt, current val is 16
I1014 10:51:57.343278 12572 naive_actor.cpp:25] actor 2207613190442 switch to &NaiveActor::HandlerNormal
I1014 10:51:57.343302 12572 thread.cpp:96] Thread 1052672 construct Actor kNormalForward 2207613190442
I1014 10:51:57.343336 12572 runtime_context.cpp:29] DecreaseCounter constructing_actor_cnt, current val is 15
I1014 10:51:57.343538 12572 naive_actor.cpp:25] actor 2207613190441 switch to &NaiveActor::HandlerNormal
I1014 10:51:57.343561 12572 thread.cpp:96] Thread 1052672 construct Actor kNormalForward 2207613190441
I1014 10:51:57.343603 12572 runtime_context.cpp:29] DecreaseCounter constructing_actor_cnt, current val is 14
I1014 10:51:57.343809 12572 naive_actor.cpp:25] actor 2207613190440 switch to &NaiveActor::HandlerNormal
I1014 10:51:57.343832 12572 thread.cpp:96] Thread 1052672 construct Actor kNormalForward 2207613190440
I1014 10:51:57.343986 12572 runtime_context.cpp:29] DecreaseCounter constructing_actor_cnt, current val is 13
I1014 10:51:57.344204 12572 naive_actor.cpp:25] actor 2207613190438 switch to &NaiveActor::HandlerNormal
I1014 10:51:57.344228 12572 thread.cpp:96] Thread 1052672 construct Actor kNormalForward 2207613190438
I1014 10:51:57.344264 12572 runtime_context.cpp:29] DecreaseCounter constructing_actor_cnt, current val is 12
I1014 10:51:57.344465 12572 naive_actor.cpp:25] actor 2207613190437 switch to &NaiveActor::HandlerNormal
I1014 10:51:57.344487 12572 thread.cpp:96] Thread 1052672 construct Actor kNormalForward 2207613190437
I1014 10:51:57.344522 12572 runtime_context.cpp:29] DecreaseCounter constructing_actor_cnt, current val is 11
I1014 10:51:57.344732 12572 naive_actor.cpp:25] actor 2207613190447 switch to &NaiveActor::HandlerNormal
I1014 10:51:57.344755 12572 thread.cpp:96] Thread 1052672 construct Actor kNormalForward 2207613190447
I1014 10:51:57.344790 12572 runtime_context.cpp:29] DecreaseCounter constructing_actor_cnt, current val is 10
I1014 10:51:57.344995 12572 naive_actor.cpp:25] actor 2207613190421 switch to &NaiveActor::HandlerNormal
I1014 10:51:57.345017 12572 thread.cpp:96] Thread 1052672 construct Actor kNormalForward 2207613190421
I1014 10:51:57.345052 12572 runtime_context.cpp:29] DecreaseCounter constructing_actor_cnt, current val is 9
I1014 10:51:57.345254 12572 naive_actor.cpp:25] actor 2207613190436 switch to &NaiveActor::HandlerNormal
I1014 10:51:57.345278 12572 thread.cpp:96] Thread 1052672 construct Actor kNormalForward 2207613190436
I1014 10:51:57.345314 12572 runtime_context.cpp:29] DecreaseCounter constructing_actor_cnt, current val is 8
I1014 10:51:57.345525 12572 naive_actor.cpp:25] actor 2207613190444 switch to &NaiveActor::HandlerNormal
I1014 10:51:57.345548 12572 thread.cpp:96] Thread 1052672 construct Actor kNormalForward 2207613190444
I1014 10:51:57.345594 12572 runtime_context.cpp:29] DecreaseCounter constructing_actor_cnt, current val is 7
I1014 10:51:57.345803 12572 naive_actor.cpp:25] actor 2207613190425 switch to &NaiveActor::HandlerNormal
I1014 10:51:57.345824 12572 thread.cpp:96] Thread 1052672 construct Actor kNormalForward 2207613190425
I1014 10:51:57.345858 12572 runtime_context.cpp:29] DecreaseCounter constructing_actor_cnt, current val is 6
I1014 10:51:57.346050 12572 naive_actor.cpp:25] actor 2207613190449 switch to &NaiveActor::HandlerNormal
I1014 10:51:57.346071 12572 thread.cpp:96] Thread 1052672 construct Actor kNormalForward 2207613190449
I1014 10:51:57.346105 12572 runtime_context.cpp:29] DecreaseCounter constructing_actor_cnt, current val is 5
I1014 10:51:57.346298 12572 naive_actor.cpp:25] actor 2207613190448 switch to &NaiveActor::HandlerNormal
I1014 10:51:57.346320 12572 thread.cpp:96] Thread 1052672 construct Actor kNormalForward 2207613190448
I1014 10:51:57.346354 12572 runtime_context.cpp:29] DecreaseCounter constructing_actor_cnt, current val is 4
I1014 10:51:57.347832 12572 naive_actor.cpp:25] actor 2207613190450 switch to &NaiveActor::HandlerNormal
I1014 10:51:57.347857 12572 thread.cpp:96] Thread 1052672 construct Actor kNormalForward 2207613190450
I1014 10:51:57.347959 12572 runtime_context.cpp:29] DecreaseCounter constructing_actor_cnt, current val is 3
I1014 10:51:57.348174 12572 naive_actor.cpp:25] actor 2207613190420 switch to &NaiveActor::HandlerNormal
I1014 10:51:57.348197 12572 thread.cpp:96] Thread 1052672 construct Actor kNormalForward 2207613190420
I1014 10:51:57.348233 12572 runtime_context.cpp:29] DecreaseCounter constructing_actor_cnt, current val is 2
I1014 10:51:57.348428 12572 naive_actor.cpp:25] actor 2207613190451 switch to &NaiveActor::HandlerNormal
I1014 10:51:57.348450 12572 thread.cpp:96] Thread 1052672 construct Actor kDeviceTick 2207613190451
I1014 10:51:57.348484 12572 runtime_context.cpp:29] DecreaseCounter constructing_actor_cnt, current val is 1
I1014 10:51:57.348691 12572 naive_actor.cpp:25] actor 2207613190439 switch to &NaiveActor::HandlerNormal
I1014 10:51:57.348737 12572 thread.cpp:96] Thread 1052672 construct Actor kNormalForward 2207613190439
I1014 10:51:57.348803 12572 runtime_context.cpp:29] DecreaseCounter constructing_actor_cnt, current val is 0
I1014 10:51:57.349023 11929 runtime.cpp:93] Actors on this machine constructed
I1014 10:51:57.349057 11929 runtime.cpp:95] Actors on every machine constructed
I1014 10:51:57.349078 11929 runtime_context.cpp:21] NewCounter job_5_running_actor_count 41
I1014 10:51:57.349089 11929 runtime_context.cpp:21] NewCounter job_4_running_actor_count 22
I1014 10:51:57.349097 11929 runtime_context.cpp:21] NewCounter job_3_running_actor_count 91
I1014 10:51:57.349107 11929 runtime_context.cpp:21] NewCounter job_2_running_actor_count 91
I1014 10:51:57.349115 11929 runtime_context.cpp:21] NewCounter job_0_running_actor_count 477
I1014 10:51:57.349124 11929 runtime_context.cpp:21] NewCounter job_1_running_actor_count 89
I1014 10:51:57.349197 12554 wait_and_send_ids_actor.cpp:73] actor 1099616485376 switch to &WaitAndSendIdsActor::HandlerNormal
I1014 10:51:57.349351 11929 global.h:36] NewGlobal N7oneflow7JobDescE
I1014 10:51:57.391418 11929 global.h:43] DeleteGlobal N7oneflow7JobDescE
I1014 10:51:57.890516 12572 local.cpp:114] waiting for key: eager_nccl_unique_id_rpc_key,0:0,0:1
I1014 10:51:57.897403 12564 eager_nccl_comm_manager.cpp:69]  EagerNcclCommMgr::ncclCommInitRank device_vec.size() = 2, nccl_unique_id = 0200ffffffedffffffd20b0b010e000000000000000000000000000000000000000000000000000000000000000000000000000000000000000000000000000000000000000000000000000000000000000000000000000000000000000000000000000000000000000000000000000000000000000000000000000000000000000000000000, rank = 0, key = {eager_nccl_unique_id_rpc_key,0:0,0:1}
I1014 10:51:57.897410 12572 eager_nccl_comm_manager.cpp:69]  EagerNcclCommMgr::ncclCommInitRank device_vec.size() = 2, nccl_unique_id = 0200ffffffedffffffd20b0b010e000000000000000000000000000000000000000000000000000000000000000000000000000000000000000000000000000000000000000000000000000000000000000000000000000000000000000000000000000000000000000000000000000000000000000000000000000000000000000000000000, rank = 1, key = {eager_nccl_unique_id_rpc_key,0:0,0:1}
I1014 10:52:21.634914 11929 global.h:43] DeleteGlobal N7oneflow7OneflowE
I1014 10:52:21.635349 12554 actor.cpp:411] actor 1099616485376 switch to &Actor::HandlerZombie
I1014 10:52:21.635507 12553 actor.cpp:411] actor 1099614388300 switch to &Actor::HandlerZombie
I1014 10:52:21.635545 12554 thread.cpp:76] thread 524338 deconstruct actor 1099616485376
I1014 10:52:21.635612 12553 actor.cpp:408] actor 1099614388301 switch to nullptr
I1014 10:52:21.635643 12553 thread.cpp:76] thread 524337 deconstruct actor 1099614388301
I1014 10:52:21.635952 12554 runtime_context.cpp:29] DecreaseCounter job_5_running_actor_count, current val is 40
I1014 10:52:21.636183 12553 runtime_context.cpp:29] DecreaseCounter job_5_running_actor_count, current val is 39
I1014 10:52:21.636231 12553 actor.cpp:408] actor 1099614388326 switch to nullptr
I1014 10:52:21.636252 12553 thread.cpp:76] thread 524337 deconstruct actor 1099614388326
I1014 10:52:21.636459 12553 runtime_context.cpp:29] DecreaseCounter job_5_running_actor_count, current val is 38
I1014 10:52:21.636498 12553 actor.cpp:408] actor 1099614388306 switch to nullptr
I1014 10:52:21.636518 12553 thread.cpp:76] thread 524337 deconstruct actor 1099614388306
I1014 10:52:21.636719 12553 runtime_context.cpp:29] DecreaseCounter job_5_running_actor_count, current val is 37
I1014 10:52:21.636759 12553 actor.cpp:408] actor 1099614388302 switch to nullptr
I1014 10:52:21.636780 12553 thread.cpp:76] thread 524337 deconstruct actor 1099614388302
I1014 10:52:21.636968 12553 runtime_context.cpp:29] DecreaseCounter job_5_running_actor_count, current val is 36
I1014 10:52:21.637006 12553 actor.cpp:408] actor 1099614388310 switch to nullptr
I1014 10:52:21.637024 12553 thread.cpp:76] thread 524337 deconstruct actor 1099614388310
I1014 10:52:21.637214 12553 runtime_context.cpp:29] DecreaseCounter job_5_running_actor_count, current val is 35
I1014 10:52:21.637333 12553 actor.cpp:408] actor 1099614388314 switch to nullptr
I1014 10:52:21.637363 12553 thread.cpp:76] thread 524337 deconstruct actor 1099614388314
I1014 10:52:21.637612 12553 runtime_context.cpp:29] DecreaseCounter job_5_running_actor_count, current val is 34
I1014 10:52:21.637661 12553 actor.cpp:408] actor 1099614388318 switch to nullptr
I1014 10:52:21.637682 12553 thread.cpp:76] thread 524337 deconstruct actor 1099614388318
I1014 10:52:21.637866 12553 runtime_context.cpp:29] DecreaseCounter job_5_running_actor_count, current val is 33
I1014 10:52:21.637902 12553 actor.cpp:408] actor 1099614388322 switch to nullptr
I1014 10:52:21.637919 12553 thread.cpp:76] thread 524337 deconstruct actor 1099614388322
I1014 10:52:21.638093 12553 runtime_context.cpp:29] DecreaseCounter job_5_running_actor_count, current val is 32
I1014 10:52:21.638134 12553 actor.cpp:408] actor 1099614388327 switch to nullptr
I1014 10:52:21.638154 12553 thread.cpp:76] thread 524337 deconstruct actor 1099614388327
I1014 10:52:21.638339 12553 runtime_context.cpp:29] DecreaseCounter job_5_running_actor_count, current val is 31
I1014 10:52:21.638372 12553 actor.cpp:408] actor 1099614388307 switch to nullptr
I1014 10:52:21.638391 12553 thread.cpp:76] thread 524337 deconstruct actor 1099614388307
I1014 10:52:21.638547 12553 runtime_context.cpp:29] DecreaseCounter job_5_running_actor_count, current val is 30
I1014 10:52:21.638594 12553 actor.cpp:408] actor 1099614388303 switch to nullptr
I1014 10:52:21.638617 12553 thread.cpp:76] thread 524337 deconstruct actor 1099614388303
I1014 10:52:21.638803 12553 runtime_context.cpp:29] DecreaseCounter job_5_running_actor_count, current val is 29
I1014 10:52:21.638837 12553 actor.cpp:408] actor 1099614388311 switch to nullptr
I1014 10:52:21.638856 12553 thread.cpp:76] thread 524337 deconstruct actor 1099614388311
I1014 10:52:21.639042 12553 runtime_context.cpp:29] DecreaseCounter job_5_running_actor_count, current val is 28
I1014 10:52:21.639075 12553 actor.cpp:408] actor 1099614388315 switch to nullptr
I1014 10:52:21.639094 12553 thread.cpp:76] thread 524337 deconstruct actor 1099614388315
I1014 10:52:21.639257 12553 runtime_context.cpp:29] DecreaseCounter job_5_running_actor_count, current val is 27
I1014 10:52:21.639292 12553 actor.cpp:408] actor 1099614388319 switch to nullptr
I1014 10:52:21.639310 12553 thread.cpp:76] thread 524337 deconstruct actor 1099614388319
I1014 10:52:21.639489 12553 runtime_context.cpp:29] DecreaseCounter job_5_running_actor_count, current val is 26
I1014 10:52:21.639523 12553 actor.cpp:408] actor 1099614388323 switch to nullptr
I1014 10:52:21.639541 12553 thread.cpp:76] thread 524337 deconstruct actor 1099614388323
I1014 10:52:21.639729 12553 runtime_context.cpp:29] DecreaseCounter job_5_running_actor_count, current val is 25
I1014 10:52:21.639766 12553 actor.cpp:408] actor 1099614388296 switch to nullptr
I1014 10:52:21.639786 12553 thread.cpp:76] thread 524337 deconstruct actor 1099614388296
I1014 10:52:21.639977 12553 runtime_context.cpp:29] DecreaseCounter job_4_running_actor_count, current val is 21
I1014 10:52:21.640015 12553 actor.cpp:408] actor 1099614388248 switch to nullptr
I1014 10:52:21.640035 12553 thread.cpp:76] thread 524337 deconstruct actor 1099614388248
I1014 10:52:21.640239 12553 runtime_context.cpp:29] DecreaseCounter job_0_running_actor_count, current val is 476
I1014 10:52:21.640276 12553 actor.cpp:408] actor 1099614388238 switch to nullptr
I1014 10:52:21.640295 12553 thread.cpp:76] thread 524337 deconstruct actor 1099614388238
I1014 10:52:21.640496 12553 runtime_context.cpp:29] DecreaseCounter job_0_running_actor_count, current val is 475
I1014 10:52:21.640534 12553 actor.cpp:408] actor 1099614388257 switch to nullptr
I1014 10:52:21.640553 12553 thread.cpp:76] thread 524337 deconstruct actor 1099614388257
I1014 10:52:21.640770 12553 runtime_context.cpp:29] DecreaseCounter job_1_running_actor_count, current val is 88
I1014 10:52:21.640810 12553 actor.cpp:408] actor 1099614388266 switch to nullptr
I1014 10:52:21.640830 12553 thread.cpp:76] thread 524337 deconstruct actor 1099614388266
I1014 10:52:21.641103 12553 runtime_context.cpp:29] DecreaseCounter job_2_running_actor_count, current val is 90
I1014 10:52:21.641152 12553 actor.cpp:408] actor 1099614388275 switch to nullptr
I1014 10:52:21.641172 12553 thread.cpp:76] thread 524337 deconstruct actor 1099614388275
I1014 10:52:21.641371 12553 runtime_context.cpp:29] DecreaseCounter job_3_running_actor_count, current val is 90
I1014 10:52:21.641407 12553 actor.cpp:408] actor 1099614388284 switch to nullptr
I1014 10:52:21.641425 12553 thread.cpp:76] thread 524337 deconstruct actor 1099614388284
I1014 10:52:21.641621 12553 runtime_context.cpp:29] DecreaseCounter job_4_running_actor_count, current val is 20
I1014 10:52:21.641659 12553 actor.cpp:408] actor 1099614388294 switch to nullptr
I1014 10:52:21.641678 12553 thread.cpp:76] thread 524337 deconstruct actor 1099614388294
I1014 10:52:21.641857 12553 runtime_context.cpp:29] DecreaseCounter job_4_running_actor_count, current val is 19
I1014 10:52:21.641896 12553 actor.cpp:408] actor 1099614388246 switch to nullptr
I1014 10:52:21.641914 12553 thread.cpp:76] thread 524337 deconstruct actor 1099614388246
I1014 10:52:21.642112 12553 runtime_context.cpp:29] DecreaseCounter job_0_running_actor_count, current val is 474
I1014 10:52:21.642175 12553 actor.cpp:408] actor 1099614388233 switch to nullptr
I1014 10:52:21.642197 12553 thread.cpp:76] thread 524337 deconstruct actor 1099614388233
I1014 10:52:21.642320 12564 actor.cpp:408] actor 2199023255722 switch to nullptr
I1014 10:52:21.642338 12572 actor.cpp:408] actor 2207613190314 switch to nullptr
I1014 10:52:21.642416 12553 runtime_context.cpp:29] DecreaseCounter job_0_running_actor_count, current val is 473
I1014 10:52:21.642437 12572 thread.cpp:76] thread 1052672 deconstruct actor 2207613190314
I1014 10:52:21.642382 12564 thread.cpp:76] thread 1048576 deconstruct actor 2199023255722
I1014 10:52:21.642465 12553 actor.cpp:408] actor 1099614388254 switch to nullptr
I1014 10:52:21.642524 12553 thread.cpp:76] thread 524337 deconstruct actor 1099614388254
I1014 10:52:21.642715 12572 runtime_context.cpp:29] DecreaseCounter job_0_running_actor_count, current val is 472
I1014 10:52:21.642743 12564 runtime_context.cpp:29] DecreaseCounter job_0_running_actor_count, current val is 471
I1014 10:52:21.642752 12553 runtime_context.cpp:29] DecreaseCounter job_1_running_actor_count, current val is 87
I1014 10:52:21.642814 12564 actor.cpp:408] actor 2199023255717 switch to nullptr
I1014 10:52:21.642853 12553 actor.cpp:408] actor 1099614388263 switch to nullptr
I1014 10:52:21.642784 12572 actor.cpp:408] actor 2207613190309 switch to nullptr
I1014 10:52:21.642859 12564 thread.cpp:76] thread 1048576 deconstruct actor 2199023255717
I1014 10:52:21.642886 12553 thread.cpp:76] thread 524337 deconstruct actor 1099614388263
I1014 10:52:21.642916 12572 thread.cpp:76] thread 1052672 deconstruct actor 2207613190309
I1014 10:52:21.643079 12564 runtime_context.cpp:29] DecreaseCounter job_0_running_actor_count, current val is 470
I1014 10:52:21.643126 12564 actor.cpp:408] actor 2199023255709 switch to nullptr
I1014 10:52:21.643143 12564 thread.cpp:76] thread 1048576 deconstruct actor 2199023255709
I1014 10:52:21.643139 12572 runtime_context.cpp:29] DecreaseCounter job_0_running_actor_count, current val is 469
I1014 10:52:21.643180 12553 runtime_context.cpp:29] DecreaseCounter job_2_running_actor_count, current val is 89
I1014 10:52:21.643210 12572 actor.cpp:408] actor 2207613190301 switch to nullptr
I1014 10:52:21.643225 12553 actor.cpp:408] actor 1099614388272 switch to nullptr
I1014 10:52:21.643247 12572 thread.cpp:76] thread 1052672 deconstruct actor 2207613190301
I1014 10:52:21.643275 12564 runtime_context.cpp:29] DecreaseCounter job_0_running_actor_count, current val is 468
I1014 10:52:21.643272 12553 thread.cpp:76] thread 524337 deconstruct actor 1099614388272
I1014 10:52:21.643323 12564 actor.cpp:408] actor 2199023255701 switch to nullptr
I1014 10:52:21.643358 12564 thread.cpp:76] thread 1048576 deconstruct actor 2199023255701
I1014 10:52:21.643416 12572 runtime_context.cpp:29] DecreaseCounter job_0_running_actor_count, current val is 467
I1014 10:52:21.643492 12564 runtime_context.cpp:29] DecreaseCounter job_0_running_actor_count, current val is 466
I1014 10:52:21.643517 12572 actor.cpp:408] actor 2207613190299 switch to nullptr
I1014 10:52:21.643501 12553 runtime_context.cpp:29] DecreaseCounter job_3_running_actor_count, current val is 89
I1014 10:52:21.643543 12564 actor.cpp:408] actor 2199023255699 switch to nullptr
I1014 10:52:21.643620 12572 thread.cpp:76] thread 1052672 deconstruct actor 2207613190299
I1014 10:52:21.643684 12553 actor.cpp:408] actor 1099614388281 switch to nullptr
I1014 10:52:21.643707 12564 thread.cpp:76] thread 1048576 deconstruct actor 2199023255699
I1014 10:52:21.643757 12553 thread.cpp:76] thread 524337 deconstruct actor 1099614388281
I1014 10:52:21.643887 12572 runtime_context.cpp:29] DecreaseCounter job_0_running_actor_count, current val is 465
I1014 10:52:21.643908 12564 runtime_context.cpp:29] DecreaseCounter job_0_running_actor_count, current val is 464
I1014 10:52:21.643934 12572 actor.cpp:408] actor 2207613190293 switch to nullptr
I1014 10:52:21.643972 12572 thread.cpp:76] thread 1052672 deconstruct actor 2207613190293
I1014 10:52:21.643954 12564 actor.cpp:408] actor 2199023255697 switch to nullptr
I1014 10:52:21.643991 12553 runtime_context.cpp:29] DecreaseCounter job_4_running_actor_count, current val is 18
I1014 10:52:21.644022 12564 thread.cpp:76] thread 1048576 deconstruct actor 2199023255697
I1014 10:52:21.644065 12553 actor.cpp:411] actor 1099614388297 switch to &Actor::HandlerZombie
I1014 10:52:21.644100 12553 actor.cpp:408] actor 1099614388292 switch to nullptr
I1014 10:52:21.644119 12553 thread.cpp:76] thread 524337 deconstruct actor 1099614388292
I1014 10:52:21.644116 12572 runtime_context.cpp:29] DecreaseCounter job_0_running_actor_count, current val is 463
I1014 10:52:21.644173 12522 actor.cpp:411] actor 1099549376513 switch to &Actor::HandlerZombie
I1014 10:52:21.644205 12564 runtime_context.cpp:29] DecreaseCounter job_0_running_actor_count, current val is 462
I1014 10:52:21.644181 12572 actor.cpp:408] actor 2207613190291 switch to nullptr
I1014 10:52:21.644279 12564 actor.cpp:408] actor 2199023255695 switch to nullptr
I1014 10:52:21.644285 12572 thread.cpp:76] thread 1052672 deconstruct actor 2207613190291
I1014 10:52:21.644315 12553 runtime_context.cpp:29] DecreaseCounter job_4_running_actor_count, current val is 17
I1014 10:52:21.644304 12564 thread.cpp:76] thread 1048576 deconstruct actor 2199023255695
I1014 10:52:21.644366 12553 actor.cpp:408] actor 1099614388288 switch to nullptr
I1014 10:52:21.644392 12553 thread.cpp:76] thread 524337 deconstruct actor 1099614388288
I1014 10:52:21.644444 12518 actor.cpp:411] actor 1099545182209 switch to &Actor::HandlerZombie
I1014 10:52:21.644474 12564 runtime_context.cpp:29] DecreaseCounter job_0_running_actor_count, current val is 460
I1014 10:52:21.644448 12572 runtime_context.cpp:29] DecreaseCounter job_0_running_actor_count, current val is 461
I1014 10:52:21.644520 12564 actor.cpp:408] actor 2199023255687 switch to nullptr
I1014 10:52:21.644542 12564 thread.cpp:76] thread 1048576 deconstruct actor 2199023255687
I1014 10:52:21.644548 12572 actor.cpp:408] actor 2207613190289 switch to nullptr
I1014 10:52:21.644595 12572 thread.cpp:76] thread 1052672 deconstruct actor 2207613190289
I1014 10:52:21.644603 12553 runtime_context.cpp:29] DecreaseCounter job_4_running_actor_count, current val is 16
I1014 10:52:21.644656 12553 actor.cpp:408] actor 1099614388289 switch to nullptr
I1014 10:52:21.644677 12553 thread.cpp:76] thread 524337 deconstruct actor 1099614388289
I1014 10:52:21.644682 12564 runtime_context.cpp:29] DecreaseCounter job_0_running_actor_count, current val is 459
I1014 10:52:21.644714 12522 thread.cpp:76] thread 524306 deconstruct actor 1099549376513
I1014 10:52:21.644734 12520 actor.cpp:411] actor 1099547279361 switch to &Actor::HandlerZombie
I1014 10:52:21.644737 12572 runtime_context.cpp:29] DecreaseCounter job_0_running_actor_count, current val is 458
I1014 10:52:21.644742 12564 actor.cpp:408] actor 2199023255683 switch to nullptr
I1014 10:52:21.644907 12572 actor.cpp:408] actor 2207613190287 switch to nullptr
I1014 10:52:21.644909 12553 runtime_context.cpp:29] DecreaseCounter job_4_running_actor_count, current val is 15
I1014 10:52:21.644912 12564 thread.cpp:76] thread 1048576 deconstruct actor 2199023255683
I1014 10:52:21.645025 12553 actor.cpp:411] actor 1099614388249 switch to &Actor::HandlerZombie
I1014 10:52:21.644984 12572 thread.cpp:76] thread 1052672 deconstruct actor 2207613190287
I1014 10:52:21.645066 12553 actor.cpp:408] actor 1099614388242 switch to nullptr
I1014 10:52:21.645087 12553 thread.cpp:76] thread 524337 deconstruct actor 1099614388242
I1014 10:52:21.644949 12522 runtime_context.cpp:29] DecreaseCounter job_4_running_actor_count, current val is 14
I1014 10:52:21.645220 12572 runtime_context.cpp:29] DecreaseCounter job_0_running_actor_count, current val is 456
I1014 10:52:21.645138 12502 actor.cpp:411] actor 1099511627777 switch to &Actor::HandlerZombie
I1014 10:52:21.645275 12572 actor.cpp:408] actor 2207613190279 switch to nullptr
I1014 10:52:21.645148 12564 runtime_context.cpp:29] DecreaseCounter job_0_running_actor_count, current val is 457
I1014 10:52:21.645311 12572 thread.cpp:76] thread 1052672 deconstruct actor 2207613190279
I1014 10:52:21.645349 12564 actor.cpp:408] actor 2199023255613 switch to nullptr
I1014 10:52:21.645375 12564 thread.cpp:76] thread 1048576 deconstruct actor 2199023255613
I1014 10:52:21.645313 12553 runtime_context.cpp:29] DecreaseCounter job_0_running_actor_count, current val is 455
I1014 10:52:21.645440 12553 actor.cpp:408] actor 1099614388243 switch to nullptr
I1014 10:52:21.645462 12553 thread.cpp:76] thread 524337 deconstruct actor 1099614388243
I1014 10:52:21.645473 12572 runtime_context.cpp:29] DecreaseCounter job_0_running_actor_count, current val is 454
I1014 10:52:21.645515 12572 actor.cpp:408] actor 2207613190275 switch to nullptr
I1014 10:52:21.645526 12564 runtime_context.cpp:29] DecreaseCounter job_0_running_actor_count, current val is 453
I1014 10:52:21.645532 12503 actor.cpp:411] actor 1099513724929 switch to &Actor::HandlerZombie
I1014 10:52:21.645581 12572 thread.cpp:76] thread 1052672 deconstruct actor 2207613190275
I1014 10:52:21.645617 12564 actor.cpp:408] actor 2199023255685 switch to nullptr
I1014 10:52:21.645690 12564 thread.cpp:76] thread 1048576 deconstruct actor 2199023255685
I1014 10:52:21.645712 12553 runtime_context.cpp:29] DecreaseCounter job_0_running_actor_count, current val is 452
I1014 10:52:21.645766 12553 actor.cpp:408] actor 1099614388232 switch to nullptr
I1014 10:52:21.645787 12553 thread.cpp:76] thread 524337 deconstruct actor 1099614388232
I1014 10:52:21.645792 12572 runtime_context.cpp:29] DecreaseCounter job_0_running_actor_count, current val is 451
I1014 10:52:21.645851 12564 runtime_context.cpp:29] DecreaseCounter job_0_running_actor_count, current val is 450
I1014 10:52:21.645854 12572 actor.cpp:408] actor 2207613190205 switch to nullptr
I1014 10:52:21.645908 12509 actor.cpp:408] actor 1099526307840 switch to nullptr
I1014 10:52:21.645936 12572 thread.cpp:76] thread 1052672 deconstruct actor 2207613190205
I1014 10:52:21.645915 12564 actor.cpp:408] actor 2199023255558 switch to nullptr
I1014 10:52:21.645982 12509 thread.cpp:76] thread 524295 deconstruct actor 1099526307840
I1014 10:52:21.646026 12564 thread.cpp:76] thread 1048576 deconstruct actor 2199023255558
I1014 10:52:21.646034 12544 actor.cpp:408] actor 1099593416704 switch to nullptr
I1014 10:52:21.646036 12517 actor.cpp:408] actor 1099543085056 switch to nullptr
I1014 10:52:21.646085 12527 actor.cpp:408] actor 1099559862272 switch to nullptr
I1014 10:52:21.646174 12572 runtime_context.cpp:29] DecreaseCounter job_0_running_actor_count, current val is 449
I1014 10:52:21.646340 12564 runtime_context.cpp:29] DecreaseCounter job_0_running_actor_count, current val is 447
I1014 10:52:21.646364 12572 actor.cpp:408] actor 2207613190277 switch to nullptr
I1014 10:52:21.646389 12564 actor.cpp:408] actor 2199023255711 switch to nullptr
I1014 10:52:21.646472 12564 thread.cpp:76] thread 1048576 deconstruct actor 2199023255711
I1014 10:52:21.646271 12568 actor.cpp:411] actor 2199025352705 switch to &Actor::HandlerZombie
I1014 10:52:21.646275 12517 thread.cpp:76] thread 524303 deconstruct actor 1099543085056
I1014 10:52:21.646286 12553 runtime_context.cpp:29] DecreaseCounter job_0_running_actor_count, current val is 448
I1014 10:52:21.646631 12564 runtime_context.cpp:29] DecreaseCounter job_0_running_actor_count, current val is 446
I1014 10:52:21.646658 12553 actor.cpp:408] actor 1099614388231 switch to nullptr
I1014 10:52:21.646683 12564 actor.cpp:408] actor 2199023255569 switch to nullptr
I1014 10:52:21.646217 12574 actor.cpp:411] actor 2207615287297 switch to &Actor::HandlerZombie
I1014 10:52:21.646740 12508 actor.cpp:408] actor 1099524210688 switch to nullptr
I1014 10:52:21.646893 12508 thread.cpp:76] thread 524294 deconstruct actor 1099524210688
I1014 10:52:21.646585 12568 actor.cpp:411] actor 2199025352704 switch to &Actor::HandlerZombie
I1014 10:52:21.646322 12527 thread.cpp:76] thread 524311 deconstruct actor 1099559862272
I1014 10:52:21.646088 12536 actor.cpp:408] actor 1099576639488 switch to nullptr
I1014 10:52:21.646688 12553 thread.cpp:76] thread 524337 deconstruct actor 1099614388231
I1014 10:52:21.646713 12564 thread.cpp:76] thread 1048576 deconstruct actor 2199023255569
I1014 10:52:21.646131 12552 actor.cpp:411] actor 1099610193920 switch to &Actor::HandlerZombie
I1014 10:52:21.646760 12543 actor.cpp:408] actor 1099591319552 switch to nullptr
I1014 10:52:21.647138 12552 thread.cpp:76] thread 524335 deconstruct actor 1099610193920
I1014 10:52:21.646831 12551 actor.cpp:411] actor 1099608096768 switch to &Actor::HandlerZombie
I1014 10:52:21.646410 12572 thread.cpp:76] thread 1052672 deconstruct actor 2207613190277
I1014 10:52:21.647279 12553 runtime_context.cpp:29] DecreaseCounter job_0_running_actor_count, current val is 442
I1014 10:52:21.646858 12516 actor.cpp:408] actor 1099540987904 switch to nullptr
I1014 10:52:21.647382 12516 thread.cpp:76] thread 524302 deconstruct actor 1099540987904
I1014 10:52:21.646883 12526 actor.cpp:408] actor 1099557765120 switch to nullptr
I1014 10:52:21.646221 12544 thread.cpp:76] thread 524327 deconstruct actor 1099593416704
I1014 10:52:21.647478 12534 actor.cpp:408] actor 1099572445184 switch to nullptr
I1014 10:52:21.647018 12536 thread.cpp:76] thread 524319 deconstruct actor 1099576639488
I1014 10:52:21.647151 12543 thread.cpp:76] thread 524326 deconstruct actor 1099591319552
I1014 10:52:21.646812 12535 actor.cpp:408] actor 1099574542336 switch to nullptr
I1014 10:52:21.647199 12564 runtime_context.cpp:29] DecreaseCounter job_0_running_actor_count, current val is 444
I1014 10:52:21.647234 12551 thread.cpp:76] thread 524334 deconstruct actor 1099608096768
I1014 10:52:21.647286 12527 runtime_context.cpp:29] DecreaseCounter job_0_running_actor_count, current val is 443
I1014 10:52:21.647858 12536 runtime_context.cpp:29] DecreaseCounter job_0_running_actor_count, current val is 437
I1014 10:52:21.647337 12553 actor.cpp:408] actor 1099614388230 switch to nullptr
I1014 10:52:21.647982 12553 thread.cpp:76] thread 524337 deconstruct actor 1099614388230
I1014 10:52:21.647403 12572 runtime_context.cpp:29] DecreaseCounter job_0_running_actor_count, current val is 441
I1014 10:52:21.647459 12526 thread.cpp:76] thread 524310 deconstruct actor 1099557765120
I1014 10:52:21.646925 12517 runtime_context.cpp:29] DecreaseCounter job_0_running_actor_count, current val is 445
I1014 10:52:21.648150 12551 runtime_context.cpp:29] DecreaseCounter job_0_running_actor_count, current val is 435
I1014 10:52:21.647578 12552 runtime_context.cpp:29] DecreaseCounter job_0_running_actor_count, current val is 440
I1014 10:52:21.647588 12515 actor.cpp:408] actor 1099538890752 switch to nullptr
I1014 10:52:21.648262 12515 thread.cpp:76] thread 524301 deconstruct actor 1099538890752
I1014 10:52:21.647608 12525 actor.cpp:408] actor 1099555667968 switch to nullptr
I1014 10:52:21.648314 12526 runtime_context.cpp:29] DecreaseCounter job_0_running_actor_count, current val is 433
I1014 10:52:21.647666 12550 actor.cpp:411] actor 1099605999616 switch to &Actor::HandlerZombie
I1014 10:52:21.648485 12550 thread.cpp:76] thread 524333 deconstruct actor 1099605999616
I1014 10:52:21.647773 12516 runtime_context.cpp:29] DecreaseCounter job_0_running_actor_count, current val is 439
I1014 10:52:21.647799 12544 runtime_context.cpp:29] DecreaseCounter job_0_running_actor_count, current val is 438
I1014 10:52:21.647825 12564 actor.cpp:408] actor 2199023255590 switch to nullptr
I1014 10:52:21.646862 12574 actor.cpp:411] actor 2207615287296 switch to &Actor::HandlerZombie
I1014 10:52:21.647943 12543 runtime_context.cpp:29] DecreaseCounter job_0_running_actor_count, current val is 436
I1014 10:52:21.648716 12574 actor.cpp:411] actor 2207615287298 switch to &Actor::HandlerZombie
I1014 10:52:21.648098 12572 actor.cpp:408] actor 2207613190150 switch to nullptr
I1014 10:52:21.648289 12553 runtime_context.cpp:29] DecreaseCounter job_0_running_actor_count, current val is 434
I1014 10:52:21.648840 12553 actor.cpp:408] actor 1099614388225 switch to nullptr
I1014 10:52:21.648869 12553 thread.cpp:76] thread 524337 deconstruct actor 1099614388225
I1014 10:52:21.648329 12525 thread.cpp:76] thread 524309 deconstruct actor 1099555667968
I1014 10:52:21.648967 12550 runtime_context.cpp:29] DecreaseCounter job_0_running_actor_count, current val is 431
I1014 10:52:21.649003 12510 actor.cpp:408] actor 1099528404992 switch to nullptr
I1014 10:52:21.649046 12510 thread.cpp:76] thread 524296 deconstruct actor 1099528404992
I1014 10:52:21.647759 12535 thread.cpp:76] thread 524318 deconstruct actor 1099574542336
I1014 10:52:21.649099 12545 actor.cpp:411] actor 1099595513856 switch to &Actor::HandlerZombie
I1014 10:52:21.649173 12545 thread.cpp:76] thread 524328 deconstruct actor 1099595513856
I1014 10:52:21.648656 12564 thread.cpp:76] thread 1048576 deconstruct actor 2199023255590
I1014 10:52:21.647421 12507 actor.cpp:408] actor 1099522113536 switch to nullptr
I1014 10:52:21.649266 12525 runtime_context.cpp:29] DecreaseCounter job_0_running_actor_count, current val is 429
I1014 10:52:21.649291 12507 thread.cpp:76] thread 524293 deconstruct actor 1099522113536
I1014 10:52:21.648785 12572 thread.cpp:76] thread 1052672 deconstruct actor 2207613190150
I1014 10:52:21.648921 12502 actor.cpp:408] actor 1099511627776 switch to nullptr
I1014 10:52:21.648937 12518 actor.cpp:408] actor 1099545182208 switch to nullptr
I1014 10:52:21.648949 12537 actor.cpp:408] actor 1099578736640 switch to nullptr
I1014 10:52:21.649485 12537 thread.cpp:76] thread 524320 deconstruct actor 1099578736640
I1014 10:52:21.648977 12528 actor.cpp:408] actor 1099561959424 switch to nullptr
I1014 10:52:21.647619 12542 actor.cpp:408] actor 1099589222400 switch to nullptr
I1014 10:52:21.649088 12568 actor.cpp:411] actor 2199025352707 switch to &Actor::HandlerZombie
I1014 10:52:21.649652 12545 runtime_context.cpp:29] DecreaseCounter job_0_running_actor_count, current val is 424
I1014 10:52:21.649682 12568 actor.cpp:411] actor 2199025352709 switch to &Actor::HandlerZombie
I1014 10:52:21.649202 12553 runtime_context.cpp:29] DecreaseCounter job_0_running_actor_count, current val is 430
I1014 10:52:21.647609 12534 thread.cpp:76] thread 524317 deconstruct actor 1099572445184
I1014 10:52:21.649768 12553 actor.cpp:408] actor 1099614388224 switch to nullptr
I1014 10:52:21.649799 12553 thread.cpp:76] thread 524337 deconstruct actor 1099614388224
I1014 10:52:21.649825 12537 runtime_context.cpp:29] DecreaseCounter job_0_running_actor_count, current val is 423
I1014 10:52:21.649420 12502 thread.cpp:76] thread 524288 deconstruct actor 1099511627776
I1014 10:52:21.649407 12535 runtime_context.cpp:29] DecreaseCounter job_0_running_actor_count, current val is 426
I1014 10:52:21.650030 12505 actor.cpp:408] actor 1099517919233 switch to nullptr
I1014 10:52:21.650101 12553 runtime_context.cpp:29] DecreaseCounter job_0_running_actor_count, current val is 422
I1014 10:52:21.650133 12506 actor.cpp:408] actor 1099520016385 switch to nullptr
I1014 10:52:21.650192 12553 actor.cpp:411] actor 1099614388239 switch to &Actor::HandlerZombie
I1014 10:52:21.648530 12515 runtime_context.cpp:29] DecreaseCounter job_0_running_actor_count, current val is 432
I1014 10:52:21.650395 12520 actor.cpp:408] actor 1099547279360 switch to nullptr
I1014 10:52:21.648761 12574 actor.cpp:411] actor 2207615287300 switch to &Actor::HandlerZombie
I1014 10:52:21.649391 12564 runtime_context.cpp:29] DecreaseCounter job_0_running_actor_count, current val is 427
I1014 10:52:21.649405 12510 runtime_context.cpp:29] DecreaseCounter job_0_running_actor_count, current val is 428
I1014 10:52:21.649925 12504 actor.cpp:408] actor 1099515822081 switch to nullptr
I1014 10:52:21.649449 12518 thread.cpp:76] thread 524304 deconstruct actor 1099545182208
