Log file created at: 2021/10/13 15:35:15
Running on machine: oneflow-14
Log line format: [IWEF]mmdd hh:mm:ss.uuuuuu threadid file:line] msg
I1013 15:35:15.863191 36176 global.h:36] NewGlobal 14cudaDeviceProp
I1013 15:35:15.864894 36176 global.h:36] NewGlobal N7oneflow7EnvDescE
I1013 15:35:15.864928 36176 global.h:36] NewGlobal N7oneflow10ProcessCtxE
I1013 15:35:15.864938 36176 env_global_objects_scope.cpp:152] using rpc backend: local
I1013 15:35:15.864972 36176 global.h:36] NewGlobal N7oneflow12ResourceDescE
I1013 15:35:15.864987 36176 global.h:36] NewGlobal N7oneflow12ResourceDescE
I1013 15:35:15.951071 36176 global.h:36] NewGlobal N7oneflow10ThreadPoolE
I1013 15:35:15.952827 36176 global.h:36] NewGlobal N7oneflow16EagerNcclCommMgrE
I1013 15:35:15.952852 36176 global.h:36] NewGlobal N7oneflow18CudnnConvAlgoCacheE
I1013 15:35:15.952863 36176 global.h:36] NewGlobal N7oneflow2vm19VirtualMachineScopeE
I1013 15:35:15.952874 36176 global.h:36] NewGlobal N7oneflow9OneflowVME
I1013 15:35:15.954104 36176 oneflow_vm.cpp:75] transport stream type: N7oneflow2vm13CpuStreamTypeE
I1013 15:35:15.954128 36176 oneflow_vm.cpp:75] transport stream type: N7oneflow2vm14CudaStreamTypeE
I1013 15:35:15.954138 36176 oneflow_vm.cpp:75] transport stream type: N7oneflow2vm19AsyncCudaStreamTypeE
I1013 15:35:15.954337 36176 global.h:36] NewGlobal N7oneflow27EagerJobBuildAndInferCtxMgrE
I1013 15:35:15.954356 36176 global.h:36] NewGlobal N7oneflow12EpollCommNetE
I1013 15:35:15.954535 36176 epoll_comm_network.cpp:63] CommNet:Epoll listening on 0.0.0.0:41644
I1013 15:35:15.954598 36176 epoll_comm_network.cpp:197] machine 0 sockfd -1
I1013 15:35:15.954761 36176 global.h:36] NewGlobal N7oneflow9TransportE
I1013 15:35:15.957160 36176 global.h:43] DeleteGlobal N7oneflow12ResourceDescE
I1013 15:35:15.957201 36176 version.cpp:22] OneFlow git version: b295ca2324
I1013 15:35:15.957223 36176 device_register_gpu.cpp:56] CUDA runtime version: 11.2
I1013 15:35:15.957264 36176 device_register_gpu.cpp:65] cuDNN version: 8.1.1
I1013 15:35:15.957280 36176 device_register_gpu.cpp:78] NCCL version: 2.9.8
I1013 15:35:15.957291 36176 global.h:36] NewGlobal N7oneflow12ResourceDescE
I1013 15:35:15.957301 36176 global.h:36] NewGlobal N7oneflow5IDMgrE
I1013 15:35:15.957320 36176 global.h:36] NewGlobal N7oneflow16AvailableMemDescE
I1013 15:35:15.957353 36176 global.h:36] NewGlobal St13unordered_mapISslSt4hashISsESt8equal_toISsESaISt4pairIKSslEEE
I1013 15:35:15.957365 36176 global.h:36] NewGlobal N7oneflow19CriticalSectionDescE
I1013 15:35:15.957372 36176 global.h:36] NewGlobal N7oneflow16InterUserJobInfoE
I1013 15:35:15.957383 36176 global.h:36] NewGlobal N7oneflow26LazyJobBuildAndInferCtxMgrE
I1013 15:35:15.957393 36176 global.h:36] NewGlobal N7oneflow16JobSetCompileCtxE
I1013 15:35:15.957403 36176 global.h:36] NewGlobal N7oneflow26RuntimeBufferManagersScopeE
I1013 15:35:15.957412 36176 global.h:36] NewGlobal N7oneflow9BufferMgrIlEE
I1013 15:35:15.957423 36176 global.h:36] NewGlobal N7oneflow9BufferMgrISt10shared_ptrINS_11JobInstanceEEEE
I1013 15:35:15.957432 36176 global.h:36] NewGlobal N7oneflow10RuntimeCtxE
I1013 15:35:15.957442 36176 global.h:36] NewGlobal N7oneflow15MemoryAllocatorE
I1013 15:35:15.957450 36176 global.h:36] NewGlobal N7oneflow8ChunkMgrE
I1013 15:35:15.957458 36176 global.h:36] NewGlobal N7oneflow8RegstMgrE
I1013 15:35:15.957468 36176 global.h:36] NewGlobal N7oneflow11ActorMsgBusE
I1013 15:35:15.957475 36176 global.h:36] NewGlobal N7oneflow9ThreadMgrE
I1013 15:35:15.957484 36176 global.h:36] NewGlobal N7oneflow15RuntimeJobDescsE
I1013 15:35:15.957494 36176 global.h:36] NewGlobal N7oneflow7summary12EventsWriterE
I1013 15:35:15.957505 36176 global.h:36] NewGlobal N7oneflow6boxing10collective24CollectiveBoxingExecutorE
I1013 15:35:15.957515 36176 global.h:36] NewGlobal N7oneflow6boxing10collective31CollectiveBoxingDeviceCtxPollerE
I1013 15:35:15.957698 36176 session.h:77] NewGlobal N7oneflow25SessionGlobalObjectsScopeE
I1013 15:35:15.958756 36176 global.h:36] NewGlobal N7oneflow7JobDescE
I1013 15:35:16.430724 36176 global.h:43] DeleteGlobal N7oneflow7JobDescE
I1013 15:35:16.430943 36176 global.h:36] NewGlobal N7oneflow7JobDescE
I1013 15:35:16.434644 36176 global.h:36] NewGlobal N7oneflow7OpGraphE
I1013 15:35:16.439513 36176 global.h:43] DeleteGlobal N7oneflow7OpGraphE
I1013 15:35:16.638321 36176 global.h:43] DeleteGlobal N7oneflow7JobDescE
I1013 15:35:16.658610 36176 global.h:36] NewGlobal N7oneflow24InterJobReuseMemStrategyE
I1013 15:35:16.658640 36176 global.h:36] NewGlobal N7oneflow7OneflowE
I1013 15:35:16.673285 36176 global.h:36] NewGlobal N7oneflow7JobDescE
I1013 15:35:16.875429 36176 global.h:36] NewGlobal N7oneflow7OpGraphE
I1013 15:35:16.985133 36176 global.h:43] DeleteGlobal N7oneflow7OpGraphE
I1013 15:35:16.997077 36176 oneflow.cpp:210] 
job_id: 0 , job_name: train_job , compile time: 0.323745 seconds.
I1013 15:35:17.059562 36176 global.h:43] DeleteGlobal N7oneflow7JobDescE
I1013 15:35:17.059978 36176 global.h:36] NewGlobal N7oneflow7JobDescE
I1013 15:35:17.119676 36176 global.h:36] NewGlobal N7oneflow7OpGraphE
I1013 15:35:17.140285 36176 global.h:43] DeleteGlobal N7oneflow7OpGraphE
I1013 15:35:17.145607 36176 oneflow.cpp:210] 
job_id: 1 , job_name: System-ModelInit , compile time: 0.085431 seconds.
I1013 15:35:17.159925 36176 global.h:43] DeleteGlobal N7oneflow7JobDescE
I1013 15:35:17.159981 36176 global.h:36] NewGlobal N7oneflow7JobDescE
I1013 15:35:17.217715 36176 global.h:36] NewGlobal N7oneflow7OpGraphE
I1013 15:35:17.238062 36176 global.h:43] DeleteGlobal N7oneflow7OpGraphE
I1013 15:35:17.243242 36176 oneflow.cpp:210] 
job_id: 2 , job_name: System-ModelLoad , compile time: 0.0832305 seconds.
I1013 15:35:17.257808 36176 global.h:43] DeleteGlobal N7oneflow7JobDescE
I1013 15:35:17.257843 36176 global.h:36] NewGlobal N7oneflow7JobDescE
I1013 15:35:17.315649 36176 global.h:36] NewGlobal N7oneflow7OpGraphE
I1013 15:35:17.335680 36176 global.h:43] DeleteGlobal N7oneflow7OpGraphE
I1013 15:35:17.340734 36176 oneflow.cpp:210] 
job_id: 3 , job_name: System-ModelSave , compile time: 0.0828703 seconds.
I1013 15:35:17.355479 36176 global.h:43] DeleteGlobal N7oneflow7JobDescE
I1013 15:35:17.355511 36176 global.h:36] NewGlobal N7oneflow7JobDescE
I1013 15:35:17.366250 36176 global.h:36] NewGlobal N7oneflow7OpGraphE
I1013 15:35:17.370895 36176 global.h:43] DeleteGlobal N7oneflow7OpGraphE
I1013 15:35:17.372560 36176 oneflow.cpp:210] 
job_id: 4 , job_name: System-Pull-Return_20 , compile time: 0.0170355 seconds.
I1013 15:35:17.376756 36176 global.h:43] DeleteGlobal N7oneflow7JobDescE
I1013 15:35:17.381932 36176 global.h:36] NewGlobal N7oneflow7JobDescE
I1013 15:35:17.381973 36176 global.h:36] NewGlobal N7oneflow7OpGraphE
I1013 15:35:17.388176 36176 global.h:43] DeleteGlobal N7oneflow7OpGraphE
I1013 15:35:17.391886 36176 oneflow.cpp:210] 
job_id: 5 , job_name: MainJob-unamed , compile time: 0.00992384 seconds.
I1013 15:35:17.399000 36176 global.h:43] DeleteGlobal N7oneflow7JobDescE
I1013 15:35:17.401518 36176 plan_util.cpp:928]  Plan: merged_plan needs to allocate [ 374.837 MiB ] device memory in Rank: 0 , Device: 0
I1013 15:35:17.505360 36176 oneflow.cpp:998]  PushPlan merged_plan time: 0.0101471 seconds.
I1013 15:35:17.533488 36176 oneflow.cpp:1014]  PullPlan merged_plan time: 0.023636 seconds.
I1013 15:35:19.812057 36176 runtime_context.cpp:21] NewCounter constructing_actor_cnt 388
I1013 15:35:19.813205 36727 naive_actor.cpp:25] actor 1099614388226 switch to &NaiveActor::HandlerNormal
I1013 15:35:19.813251 36727 thread.cpp:96] Thread 524337 construct Actor kDeviceTick 1099614388226
I1013 15:35:19.813333 36745 naive_actor.cpp:25] actor 2199023255699 switch to &NaiveActor::HandlerNormal
I1013 15:35:19.813346 36727 runtime_context.cpp:29] DecreaseCounter constructing_actor_cnt, current val is 387
I1013 15:35:19.813508 36745 thread.cpp:96] Thread 1048576 construct Actor kDeviceTick 2199023255699
I1013 15:35:19.813560 36728 wait_and_send_ids_actor.cpp:53] actor 1099616485376 switch to &WaitAndSendIdsActor::HandlerWaitToStart
I1013 15:35:19.813644 36728 thread.cpp:96] Thread 524338 construct Actor kWaitAndSendIds 1099616485376
I1013 15:35:19.813675 36745 runtime_context.cpp:29] DecreaseCounter constructing_actor_cnt, current val is 386
I1013 15:35:19.813737 36728 runtime_context.cpp:29] DecreaseCounter constructing_actor_cnt, current val is 385
I1013 15:35:19.813804 36727 naive_actor.cpp:25] actor 1099614388233 switch to &NaiveActor::HandlerNormal
I1013 15:35:19.814044 36727 thread.cpp:96] Thread 524337 construct Actor kDeviceTick 1099614388233
I1013 15:35:19.814132 36727 runtime_context.cpp:29] DecreaseCounter constructing_actor_cnt, current val is 384
I1013 15:35:19.814245 36745 naive_actor.cpp:25] actor 2199023255738 switch to &NaiveActor::HandlerNormal
I1013 15:35:19.814369 36745 thread.cpp:96] Thread 1048576 construct Actor kDeviceTick 2199023255738
I1013 15:35:19.814443 36745 runtime_context.cpp:29] DecreaseCounter constructing_actor_cnt, current val is 383
I1013 15:35:19.814523 36727 naive_actor.cpp:25] actor 1099614388243 switch to &NaiveActor::HandlerNormal
I1013 15:35:19.814589 36727 thread.cpp:96] Thread 524337 construct Actor kDeviceTick 1099614388243
I1013 15:35:19.814647 36727 runtime_context.cpp:29] DecreaseCounter constructing_actor_cnt, current val is 382
I1013 15:35:19.814738 36745 naive_actor.cpp:25] actor 2199023255777 switch to &NaiveActor::HandlerNormal
I1013 15:35:19.814787 36745 thread.cpp:96] Thread 1048576 construct Actor kDeviceTick 2199023255777
I1013 15:35:19.814846 36745 runtime_context.cpp:29] DecreaseCounter constructing_actor_cnt, current val is 381
I1013 15:35:19.814930 36727 naive_actor.cpp:25] actor 1099614388252 switch to &NaiveActor::HandlerNormal
I1013 15:35:19.814980 36727 thread.cpp:96] Thread 524337 construct Actor kDeviceTick 1099614388252
I1013 15:35:19.815033 36727 runtime_context.cpp:29] DecreaseCounter constructing_actor_cnt, current val is 380
I1013 15:35:19.815115 36745 naive_actor.cpp:25] actor 2199023255816 switch to &NaiveActor::HandlerNormal
I1013 15:35:19.815166 36745 thread.cpp:96] Thread 1048576 construct Actor kDeviceTick 2199023255816
I1013 15:35:19.815220 36745 runtime_context.cpp:29] DecreaseCounter constructing_actor_cnt, current val is 379
I1013 15:35:19.815291 36727 naive_actor.cpp:25] actor 1099614388261 switch to &NaiveActor::HandlerNormal
I1013 15:35:19.815325 36727 thread.cpp:96] Thread 524337 construct Actor kDeviceTick 1099614388261
I1013 15:35:19.815376 36727 runtime_context.cpp:29] DecreaseCounter constructing_actor_cnt, current val is 378
I1013 15:35:19.815625 36727 naive_actor.cpp:25] actor 1099614388269 switch to &NaiveActor::HandlerNormal
I1013 15:35:19.815659 36727 thread.cpp:96] Thread 524337 construct Actor kDeviceTick 1099614388269
I1013 15:35:19.815708 36727 runtime_context.cpp:29] DecreaseCounter constructing_actor_cnt, current val is 377
I1013 15:35:19.815943 36727 naive_actor.cpp:25] actor 1099614388276 switch to &NaiveActor::HandlerNormal
I1013 15:35:19.815976 36727 thread.cpp:96] Thread 524337 construct Actor kDeviceTick 1099614388276
I1013 15:35:19.816028 36727 runtime_context.cpp:29] DecreaseCounter constructing_actor_cnt, current val is 376
I1013 15:35:19.827427 36711 naive_actor.cpp:25] actor 1099524210688 switch to &NaiveActor::HandlerNormal
I1013 15:35:19.827471 36727 naive_actor.cpp:25] actor 1099614388237 switch to &NaiveActor::HandlerNormal
I1013 15:35:19.827479 36726 naive_actor.cpp:25] actor 1099555667968 switch to &NaiveActor::HandlerNormal
I1013 15:35:19.827612 36727 thread.cpp:96] Thread 524337 construct Actor kDstSubsetTick 1099614388237
I1013 15:35:19.827610 36711 thread.cpp:96] Thread 524294 construct Actor kNormalForward 1099524210688
I1013 15:35:19.827689 36727 runtime_context.cpp:29] DecreaseCounter constructing_actor_cnt, current val is 375
I1013 15:35:19.827648 36726 thread.cpp:96] Thread 524309 construct Actor kForeignOutput 1099555667968
I1013 15:35:19.827728 36719 naive_actor.cpp:25] actor 1099540987904 switch to &NaiveActor::HandlerNormal
I1013 15:35:19.827852 36723 naive_actor.cpp:25] actor 1099549376512 switch to &NaiveActor::HandlerNormal
I1013 15:35:19.827749 36720 naive_actor.cpp:25] actor 1099543085056 switch to &NaiveActor::HandlerNormal
I1013 15:35:19.827771 36711 runtime_context.cpp:29] DecreaseCounter constructing_actor_cnt, current val is 374
I1013 15:35:19.827801 36726 runtime_context.cpp:29] DecreaseCounter constructing_actor_cnt, current val is 373
I1013 15:35:19.828186 36718 naive_actor.cpp:25] actor 1099538890752 switch to &NaiveActor::HandlerNormal
I1013 15:35:19.827769 36716 naive_actor.cpp:25] actor 1099534696448 switch to &NaiveActor::HandlerNormal
I1013 15:35:19.827865 36719 thread.cpp:96] Thread 524302 construct Actor kForeignInput 1099540987904
I1013 15:35:19.827931 36723 thread.cpp:96] Thread 524306 construct Actor kNormalForward 1099549376512
I1013 15:35:19.828029 36720 thread.cpp:96] Thread 524303 construct Actor kNormalForward 1099543085056
I1013 15:35:19.828481 36714 naive_actor.cpp:25] actor 1099530502144 switch to &NaiveActor::HandlerNormal
I1013 15:35:19.827811 36749 naive_actor.cpp:25] actor 2199027449856 switch to &NaiveActor::HandlerNormal
I1013 15:35:19.828629 36714 thread.cpp:96] Thread 524297 construct Actor kNormalForward 1099530502144
I1013 15:35:19.828263 36725 naive_actor.cpp:25] actor 1099553570816 switch to &NaiveActor::HandlerNormal
I1013 15:35:19.828275 36710 naive_actor.cpp:25] actor 1099522113536 switch to &NaiveActor::HandlerNormal
I1013 15:35:19.828301 36718 thread.cpp:96] Thread 524301 construct Actor kNormalForward 1099538890752
I1013 15:35:19.828320 36712 naive_actor.cpp:25] actor 1099526307840 switch to &NaiveActor::HandlerNormal
I1013 15:35:19.828320 36722 naive_actor.cpp:25] actor 1099547279360 switch to &NaiveActor::HandlerNormal
I1013 15:35:19.828912 36718 runtime_context.cpp:29] DecreaseCounter constructing_actor_cnt, current val is 368
I1013 15:35:19.828354 36709 naive_actor.cpp:25] actor 1099520016384 switch to &NaiveActor::HandlerNormal
I1013 15:35:19.828372 36716 thread.cpp:96] Thread 524299 construct Actor kForeignInput 1099534696448
I1013 15:35:19.828423 36727 naive_actor.cpp:25] actor 1099614388228 switch to &NaiveActor::HandlerNormal
I1013 15:35:19.829082 36727 thread.cpp:96] Thread 524337 construct Actor kTick 1099614388228
I1013 15:35:19.829100 36716 runtime_context.cpp:29] DecreaseCounter constructing_actor_cnt, current val is 367
I1013 15:35:19.828450 36719 runtime_context.cpp:29] DecreaseCounter constructing_actor_cnt, current val is 372
I1013 15:35:19.828452 36707 naive_actor.cpp:25] actor 1099515822080 switch to &NaiveActor::HandlerNormal
I1013 15:35:19.828462 36706 naive_actor.cpp:25] actor 1099513724928 switch to &NaiveActor::HandlerNormal
I1013 15:35:19.829218 36706 thread.cpp:96] Thread 524289 construct Actor kNormalForward 1099513724928
I1013 15:35:19.828040 36747 naive_actor.cpp:25] actor 2199025352708 switch to &NaiveActor::HandlerNormal
I1013 15:35:19.828502 36724 naive_actor.cpp:25] actor 1099551473664 switch to &NaiveActor::HandlerNormal
I1013 15:35:19.828518 36723 runtime_context.cpp:29] DecreaseCounter constructing_actor_cnt, current val is 371
I1013 15:35:19.828531 36708 naive_actor.cpp:25] actor 1099517919232 switch to &NaiveActor::HandlerNormal
I1013 15:35:19.829432 36708 thread.cpp:96] Thread 524291 construct Actor kNormalForward 1099517919232
I1013 15:35:19.828585 36720 runtime_context.cpp:29] DecreaseCounter constructing_actor_cnt, current val is 370
I1013 15:35:19.828217 36721 naive_actor.cpp:25] actor 1099545182208 switch to &NaiveActor::HandlerNormal
I1013 15:35:19.828651 36749 thread.cpp:96] Thread 1048578 construct Actor kCopyHd 2199027449856
I1013 15:35:19.828712 36715 naive_actor.cpp:25] actor 1099532599296 switch to &NaiveActor::HandlerNormal
I1013 15:35:19.828774 36725 thread.cpp:96] Thread 524308 construct Actor kNormalForward 1099553570816
I1013 15:35:19.828788 36745 naive_actor.cpp:25] actor 2199023255562 switch to &NaiveActor::HandlerNormal
I1013 15:35:19.829640 36745 thread.cpp:96] Thread 1048576 construct Actor kNormalForward 2199023255562
I1013 15:35:19.828799 36714 runtime_context.cpp:29] DecreaseCounter constructing_actor_cnt, current val is 369
I1013 15:35:19.829679 36725 runtime_context.cpp:29] DecreaseCounter constructing_actor_cnt, current val is 362
I1013 15:35:19.828853 36713 naive_actor.cpp:25] actor 1099528404992 switch to &NaiveActor::HandlerNormal
I1013 15:35:19.829852 36713 thread.cpp:96] Thread 524296 construct Actor kNormalForward 1099528404992
I1013 15:35:19.828905 36712 thread.cpp:96] Thread 524295 construct Actor kNormalForward 1099526307840
I1013 15:35:19.829936 36713 runtime_context.cpp:29] DecreaseCounter constructing_actor_cnt, current val is 360
I1013 15:35:19.828929 36722 thread.cpp:96] Thread 524305 construct Actor kForeignInput 1099547279360
I1013 15:35:19.829998 36712 runtime_context.cpp:29] DecreaseCounter constructing_actor_cnt, current val is 359
I1013 15:35:19.829010 36709 thread.cpp:96] Thread 524292 construct Actor kNormalForward 1099520016384
I1013 15:35:19.828356 36729 sink_actor.cpp:21] actor 1099618582528 switch to &SinkActor::HandlerNormal
I1013 15:35:19.829123 36727 runtime_context.cpp:29] DecreaseCounter constructing_actor_cnt, current val is 366
I1013 15:35:19.830137 36729 thread.cpp:96] Thread 524339 construct Actor kCallbackNotify 1099618582528
I1013 15:35:19.829267 36706 runtime_context.cpp:29] DecreaseCounter constructing_actor_cnt, current val is 365
I1013 15:35:19.829324 36747 thread.cpp:96] Thread 1048577 construct Actor kCopyHd 2199025352708
I1013 15:35:19.829360 36724 thread.cpp:96] Thread 524307 construct Actor kNormalForward 1099551473664
I1013 15:35:19.829495 36708 runtime_context.cpp:29] DecreaseCounter constructing_actor_cnt, current val is 364
I1013 15:35:19.829530 36721 thread.cpp:96] Thread 524304 construct Actor kNormalForward 1099545182208
I1013 15:35:19.829581 36749 runtime_context.cpp:29] DecreaseCounter constructing_actor_cnt, current val is 363
I1013 15:35:19.830442 36724 runtime_context.cpp:29] DecreaseCounter constructing_actor_cnt, current val is 354
I1013 15:35:19.829685 36745 runtime_context.cpp:29] DecreaseCounter constructing_actor_cnt, current val is 361
I1013 15:35:19.828822 36710 thread.cpp:96] Thread 524293 construct Actor kNormalForward 1099522113536
I1013 15:35:19.828357 36717 naive_actor.cpp:25] actor 1099536793600 switch to &NaiveActor::HandlerNormal
I1013 15:35:19.830668 36710 runtime_context.cpp:29] DecreaseCounter constructing_actor_cnt, current val is 352
I1013 15:35:19.830094 36709 runtime_context.cpp:29] DecreaseCounter constructing_actor_cnt, current val is 357
I1013 15:35:19.829195 36707 thread.cpp:96] Thread 524290 construct Actor kNormalForward 1099515822080
I1013 15:35:19.830263 36729 runtime_context.cpp:29] DecreaseCounter constructing_actor_cnt, current val is 356
I1013 15:35:19.830324 36747 runtime_context.cpp:29] DecreaseCounter constructing_actor_cnt, current val is 355
I1013 15:35:19.830389 36727 naive_actor.cpp:25] actor 1099614388230 switch to &NaiveActor::HandlerNormal
I1013 15:35:19.830842 36727 thread.cpp:96] Thread 524337 construct Actor kTick 1099614388230
I1013 15:35:19.829599 36715 thread.cpp:96] Thread 524298 construct Actor kNormalForward 1099532599296
I1013 15:35:19.830464 36721 runtime_context.cpp:29] DecreaseCounter constructing_actor_cnt, current val is 353
I1013 15:35:19.830036 36722 runtime_context.cpp:29] DecreaseCounter constructing_actor_cnt, current val is 358
I1013 15:35:19.830686 36717 thread.cpp:96] Thread 524300 construct Actor kNormalForward 1099536793600
I1013 15:35:19.830740 36745 naive_actor.cpp:25] actor 2199023255553 switch to &NaiveActor::HandlerNormal
I1013 15:35:19.830823 36707 runtime_context.cpp:29] DecreaseCounter constructing_actor_cnt, current val is 351
I1013 15:35:19.830879 36727 runtime_context.cpp:29] DecreaseCounter constructing_actor_cnt, current val is 350
I1013 15:35:19.830960 36747 naive_actor.cpp:25] actor 2199025352706 switch to &NaiveActor::HandlerNormal
I1013 15:35:19.830981 36715 runtime_context.cpp:29] DecreaseCounter constructing_actor_cnt, current val is 349
I1013 15:35:19.831038 36745 thread.cpp:96] Thread 1048576 construct Actor kNormalForward 2199023255553
I1013 15:35:19.831063 36717 runtime_context.cpp:29] DecreaseCounter constructing_actor_cnt, current val is 348
I1013 15:35:19.831117 36747 thread.cpp:96] Thread 1048577 construct Actor kCopyHd 2199025352706
I1013 15:35:19.831197 36745 runtime_context.cpp:29] DecreaseCounter constructing_actor_cnt, current val is 347
I1013 15:35:19.831243 36747 runtime_context.cpp:29] DecreaseCounter constructing_actor_cnt, current val is 346
I1013 15:35:19.831285 36727 naive_actor.cpp:25] actor 1099614388234 switch to &NaiveActor::HandlerNormal
I1013 15:35:19.831346 36727 thread.cpp:96] Thread 524337 construct Actor kSrcSubsetTick 1099614388234
I1013 15:35:19.831415 36727 runtime_context.cpp:29] DecreaseCounter constructing_actor_cnt, current val is 345
I1013 15:35:19.831421 36747 naive_actor.cpp:25] actor 2199025352705 switch to &NaiveActor::HandlerNormal
I1013 15:35:19.831483 36747 thread.cpp:96] Thread 1048577 construct Actor kCopyHd 2199025352705
I1013 15:35:19.831498 36745 naive_actor.cpp:25] actor 2199023255566 switch to &NaiveActor::HandlerNormal
I1013 15:35:19.831532 36747 runtime_context.cpp:29] DecreaseCounter constructing_actor_cnt, current val is 344
I1013 15:35:19.831533 36745 thread.cpp:96] Thread 1048576 construct Actor kNormalForward 2199023255566
I1013 15:35:19.831624 36745 runtime_context.cpp:29] DecreaseCounter constructing_actor_cnt, current val is 343
I1013 15:35:19.831704 36727 naive_actor.cpp:25] actor 1099614388225 switch to &NaiveActor::HandlerNormal
I1013 15:35:19.831723 36747 naive_actor.cpp:25] actor 2199025352707 switch to &NaiveActor::HandlerNormal
I1013 15:35:19.831743 36727 thread.cpp:96] Thread 524337 construct Actor kSrcSubsetTick 1099614388225
I1013 15:35:19.831773 36747 thread.cpp:96] Thread 1048577 construct Actor kCopyHd 2199025352707
I1013 15:35:19.831827 36727 runtime_context.cpp:29] DecreaseCounter constructing_actor_cnt, current val is 342
I1013 15:35:19.831831 36747 runtime_context.cpp:29] DecreaseCounter constructing_actor_cnt, current val is 341
I1013 15:35:19.831993 36747 naive_actor.cpp:25] actor 2199025352704 switch to &NaiveActor::HandlerNormal
I1013 15:35:19.832034 36747 thread.cpp:96] Thread 1048577 construct Actor kCopyHd 2199025352704
I1013 15:35:19.832080 36747 runtime_context.cpp:29] DecreaseCounter constructing_actor_cnt, current val is 340
I1013 15:35:19.832130 36727 naive_actor.cpp:25] actor 1099614388229 switch to &NaiveActor::HandlerNormal
I1013 15:35:19.832166 36727 thread.cpp:96] Thread 524337 construct Actor kDstSubsetTick 1099614388229
I1013 15:35:19.832216 36747 naive_actor.cpp:25] actor 2199025352709 switch to &NaiveActor::HandlerNormal
I1013 15:35:19.832228 36727 runtime_context.cpp:29] DecreaseCounter constructing_actor_cnt, current val is 339
I1013 15:35:19.832254 36747 thread.cpp:96] Thread 1048577 construct Actor kCopyHd 2199025352709
I1013 15:35:19.832321 36747 runtime_context.cpp:29] DecreaseCounter constructing_actor_cnt, current val is 338
I1013 15:35:19.832403 36705 naive_actor.cpp:25] actor 1099511627776 switch to &NaiveActor::HandlerNormal
I1013 15:35:19.832404 36745 naive_actor.cpp:25] actor 2199023255601 switch to &NaiveActor::HandlerNormal
I1013 15:35:19.832474 36747 naive_actor.cpp:25] actor 2199025352710 switch to &NaiveActor::HandlerNormal
I1013 15:35:19.832465 36705 thread.cpp:96] Thread 524288 construct Actor kNormalForward 1099511627776
I1013 15:35:19.832497 36745 thread.cpp:96] Thread 1048576 construct Actor kNormalForward 2199023255601
I1013 15:35:19.832512 36727 naive_actor.cpp:25] actor 1099614388239 switch to &NaiveActor::HandlerNormal
I1013 15:35:19.832511 36747 thread.cpp:96] Thread 1048577 construct Actor kCopyHd 2199025352710
I1013 15:35:19.832573 36727 thread.cpp:96] Thread 524337 construct Actor kTick 1099614388239
I1013 15:35:19.832655 36745 runtime_context.cpp:29] DecreaseCounter constructing_actor_cnt, current val is 337
I1013 15:35:19.832662 36747 runtime_context.cpp:29] DecreaseCounter constructing_actor_cnt, current val is 336
I1013 15:35:19.832667 36705 runtime_context.cpp:29] DecreaseCounter constructing_actor_cnt, current val is 335
I1013 15:35:19.832674 36727 runtime_context.cpp:29] DecreaseCounter constructing_actor_cnt, current val is 334
I1013 15:35:19.833052 36727 naive_actor.cpp:25] actor 1099614388238 switch to &NaiveActor::HandlerNormal
I1013 15:35:19.833160 36727 thread.cpp:96] Thread 524337 construct Actor kTick 1099614388238
I1013 15:35:19.833231 36727 runtime_context.cpp:29] DecreaseCounter constructing_actor_cnt, current val is 333
I1013 15:35:19.833379 36745 naive_actor.cpp:25] actor 2199023255608 switch to &NaiveActor::HandlerNormal
I1013 15:35:19.833416 36745 thread.cpp:96] Thread 1048576 construct Actor kNormalForward 2199023255608
I1013 15:35:19.833474 36745 runtime_context.cpp:29] DecreaseCounter constructing_actor_cnt, current val is 332
I1013 15:35:19.833492 36727 naive_actor.cpp:25] actor 1099614388232 switch to &NaiveActor::HandlerNormal
I1013 15:35:19.833519 36727 thread.cpp:96] Thread 524337 construct Actor kTick 1099614388232
I1013 15:35:19.833606 36727 runtime_context.cpp:29] DecreaseCounter constructing_actor_cnt, current val is 331
I1013 15:35:19.833832 36727 naive_actor.cpp:25] actor 1099614388231 switch to &NaiveActor::HandlerNormal
I1013 15:35:19.833870 36727 thread.cpp:96] Thread 524337 construct Actor kTick 1099614388231
I1013 15:35:19.833942 36727 runtime_context.cpp:29] DecreaseCounter constructing_actor_cnt, current val is 330
I1013 15:35:19.834125 36745 naive_actor.cpp:25] actor 2199023255565 switch to &NaiveActor::HandlerNormal
I1013 15:35:19.834161 36745 thread.cpp:96] Thread 1048576 construct Actor kNormalForward 2199023255565
I1013 15:35:19.834172 36727 naive_actor.cpp:25] actor 1099614388224 switch to &NaiveActor::HandlerNormal
I1013 15:35:19.834218 36727 thread.cpp:96] Thread 524337 construct Actor kDeviceTick 1099614388224
I1013 15:35:19.834235 36745 runtime_context.cpp:29] DecreaseCounter constructing_actor_cnt, current val is 329
I1013 15:35:19.834262 36727 runtime_context.cpp:29] DecreaseCounter constructing_actor_cnt, current val is 328
I1013 15:35:19.834507 36727 naive_actor.cpp:25] actor 1099614388236 switch to &NaiveActor::HandlerNormal
I1013 15:35:19.834548 36727 thread.cpp:96] Thread 524337 construct Actor kTick 1099614388236
I1013 15:35:19.834619 36727 runtime_context.cpp:29] DecreaseCounter constructing_actor_cnt, current val is 327
I1013 15:35:19.834954 36745 naive_actor.cpp:25] actor 2199023255656 switch to &NaiveActor::HandlerNormal
I1013 15:35:19.834995 36745 thread.cpp:96] Thread 1048576 construct Actor kNormalForward 2199023255656
I1013 15:35:19.835052 36745 runtime_context.cpp:29] DecreaseCounter constructing_actor_cnt, current val is 326
I1013 15:35:19.835094 36727 esac_actor.cpp:73] actor 1099614388313 switch to &EsacActor::HandlerNormal
I1013 15:35:19.835130 36727 thread.cpp:96] Thread 524337 construct Actor kEsac 1099614388313
I1013 15:35:19.835208 36727 runtime_context.cpp:29] DecreaseCounter constructing_actor_cnt, current val is 325
I1013 15:35:19.835469 36727 naive_actor.cpp:25] actor 1099614388318 switch to &NaiveActor::HandlerNormal
I1013 15:35:19.835511 36727 thread.cpp:96] Thread 524337 construct Actor kTick 1099614388318
I1013 15:35:19.835573 36727 runtime_context.cpp:29] DecreaseCounter constructing_actor_cnt, current val is 324
I1013 15:35:19.835852 36727 naive_actor.cpp:25] actor 1099614388240 switch to &NaiveActor::HandlerNormal
I1013 15:35:19.835852 36745 naive_actor.cpp:25] actor 2199023255567 switch to &NaiveActor::HandlerNormal
I1013 15:35:19.835909 36727 thread.cpp:96] Thread 524337 construct Actor kTick 1099614388240
I1013 15:35:19.835925 36745 thread.cpp:96] Thread 1048576 construct Actor kNormalForward 2199023255567
I1013 15:35:19.835970 36727 runtime_context.cpp:29] DecreaseCounter constructing_actor_cnt, current val is 323
I1013 15:35:19.835978 36745 runtime_context.cpp:29] DecreaseCounter constructing_actor_cnt, current val is 322
I1013 15:35:19.836313 36727 esac_actor.cpp:73] actor 1099614388321 switch to &EsacActor::HandlerNormal
I1013 15:35:19.836354 36727 thread.cpp:96] Thread 524337 construct Actor kEsac 1099614388321
I1013 15:35:19.836418 36727 runtime_context.cpp:29] DecreaseCounter constructing_actor_cnt, current val is 321
I1013 15:35:19.836618 36745 naive_actor.cpp:25] actor 2199023255580 switch to &NaiveActor::HandlerNormal
I1013 15:35:19.836658 36745 thread.cpp:96] Thread 1048576 construct Actor kNormalForward 2199023255580
I1013 15:35:19.836686 36727 naive_actor.cpp:25] actor 1099614388247 switch to &NaiveActor::HandlerNormal
I1013 15:35:19.836740 36727 thread.cpp:96] Thread 524337 construct Actor kTick 1099614388247
I1013 15:35:19.836757 36745 runtime_context.cpp:29] DecreaseCounter constructing_actor_cnt, current val is 320
I1013 15:35:19.836792 36727 runtime_context.cpp:29] DecreaseCounter constructing_actor_cnt, current val is 319
I1013 15:35:19.837010 36745 naive_actor.cpp:25] actor 2199023255563 switch to &NaiveActor::HandlerNormal
I1013 15:35:19.837033 36727 naive_actor.cpp:25] actor 1099614388241 switch to &NaiveActor::HandlerNormal
I1013 15:35:19.837050 36745 thread.cpp:96] Thread 1048576 construct Actor kNormalForward 2199023255563
I1013 15:35:19.837065 36727 thread.cpp:96] Thread 524337 construct Actor kDeviceTick 1099614388241
I1013 15:35:19.837113 36727 runtime_context.cpp:29] DecreaseCounter constructing_actor_cnt, current val is 318
I1013 15:35:19.837113 36745 runtime_context.cpp:29] DecreaseCounter constructing_actor_cnt, current val is 317
I1013 15:35:19.837343 36745 naive_actor.cpp:25] actor 2199023255568 switch to &NaiveActor::HandlerNormal
I1013 15:35:19.837344 36727 naive_actor.cpp:25] actor 1099614388242 switch to &NaiveActor::HandlerNormal
I1013 15:35:19.837385 36745 thread.cpp:96] Thread 1048576 construct Actor kNormalForward 2199023255568
I1013 15:35:19.837402 36727 thread.cpp:96] Thread 524337 construct Actor kSrcSubsetTick 1099614388242
I1013 15:35:19.837447 36727 runtime_context.cpp:29] DecreaseCounter constructing_actor_cnt, current val is 315
I1013 15:35:19.837447 36745 runtime_context.cpp:29] DecreaseCounter constructing_actor_cnt, current val is 316
I1013 15:35:19.837703 36727 naive_actor.cpp:25] actor 1099614388245 switch to &NaiveActor::HandlerNormal
I1013 15:35:19.837745 36727 thread.cpp:96] Thread 524337 construct Actor kTick 1099614388245
I1013 15:35:19.837805 36727 runtime_context.cpp:29] DecreaseCounter constructing_actor_cnt, current val is 314
I1013 15:35:19.838059 36727 naive_actor.cpp:25] actor 1099614388248 switch to &NaiveActor::HandlerNormal
I1013 15:35:19.838099 36727 thread.cpp:96] Thread 524337 construct Actor kTick 1099614388248
I1013 15:35:19.838148 36727 runtime_context.cpp:29] DecreaseCounter constructing_actor_cnt, current val is 313
I1013 15:35:19.838244 36745 naive_actor.cpp:25] actor 2199023255605 switch to &NaiveActor::HandlerNormal
I1013 15:35:19.838284 36745 thread.cpp:96] Thread 1048576 construct Actor kNormalForward 2199023255605
I1013 15:35:19.838348 36745 runtime_context.cpp:29] DecreaseCounter constructing_actor_cnt, current val is 312
I1013 15:35:19.838464 36727 naive_actor.cpp:25] actor 1099614388246 switch to &NaiveActor::HandlerNormal
I1013 15:35:19.838501 36727 thread.cpp:96] Thread 524337 construct Actor kDstSubsetTick 1099614388246
I1013 15:35:19.838557 36727 runtime_context.cpp:29] DecreaseCounter constructing_actor_cnt, current val is 311
I1013 15:35:19.838824 36727 naive_actor.cpp:25] actor 1099614388249 switch to &NaiveActor::HandlerNormal
I1013 15:35:19.838865 36727 thread.cpp:96] Thread 524337 construct Actor kTick 1099614388249
I1013 15:35:19.838917 36727 runtime_context.cpp:29] DecreaseCounter constructing_actor_cnt, current val is 310
I1013 15:35:19.839183 36745 naive_actor.cpp:25] actor 2199023255579 switch to &NaiveActor::HandlerNormal
I1013 15:35:19.839223 36745 thread.cpp:96] Thread 1048576 construct Actor kNormalForward 2199023255579
I1013 15:35:19.839241 36727 naive_actor.cpp:25] actor 1099614388255 switch to &NaiveActor::HandlerNormal
I1013 15:35:19.839270 36727 thread.cpp:96] Thread 524337 construct Actor kDstSubsetTick 1099614388255
I1013 15:35:19.839291 36745 runtime_context.cpp:29] DecreaseCounter constructing_actor_cnt, current val is 309
I1013 15:35:19.839318 36727 runtime_context.cpp:29] DecreaseCounter constructing_actor_cnt, current val is 308
I1013 15:35:19.839581 36727 naive_actor.cpp:25] actor 1099614388251 switch to &NaiveActor::HandlerNormal
I1013 15:35:19.839622 36727 thread.cpp:96] Thread 524337 construct Actor kSrcSubsetTick 1099614388251
I1013 15:35:19.839756 36727 runtime_context.cpp:29] DecreaseCounter constructing_actor_cnt, current val is 307
I1013 15:35:19.840034 36727 naive_actor.cpp:25] actor 1099614388320 switch to &NaiveActor::HandlerNormal
I1013 15:35:19.840034 36745 naive_actor.cpp:25] actor 2199023255577 switch to &NaiveActor::HandlerNormal
I1013 15:35:19.840096 36727 thread.cpp:96] Thread 524337 construct Actor kTick 1099614388320
I1013 15:35:19.840113 36745 thread.cpp:96] Thread 1048576 construct Actor kNormalForward 2199023255577
I1013 15:35:19.840157 36727 runtime_context.cpp:29] DecreaseCounter constructing_actor_cnt, current val is 306
I1013 15:35:19.840168 36745 runtime_context.cpp:29] DecreaseCounter constructing_actor_cnt, current val is 305
I1013 15:35:19.840394 36727 naive_actor.cpp:25] actor 1099614388254 switch to &NaiveActor::HandlerNormal
I1013 15:35:19.840394 36745 naive_actor.cpp:25] actor 2199023255586 switch to &NaiveActor::HandlerNormal
I1013 15:35:19.840435 36727 thread.cpp:96] Thread 524337 construct Actor kTick 1099614388254
I1013 15:35:19.840451 36745 thread.cpp:96] Thread 1048576 construct Actor kNormalForward 2199023255586
I1013 15:35:19.840493 36727 runtime_context.cpp:29] DecreaseCounter constructing_actor_cnt, current val is 304
I1013 15:35:19.840495 36745 runtime_context.cpp:29] DecreaseCounter constructing_actor_cnt, current val is 303
I1013 15:35:19.840730 36727 naive_actor.cpp:25] actor 1099614388250 switch to &NaiveActor::HandlerNormal
I1013 15:35:19.840735 36745 naive_actor.cpp:25] actor 2199023255588 switch to &NaiveActor::HandlerNormal
I1013 15:35:19.840776 36727 thread.cpp:96] Thread 524337 construct Actor kDeviceTick 1099614388250
I1013 15:35:19.840792 36745 thread.cpp:96] Thread 1048576 construct Actor kNormalForward 2199023255588
I1013 15:35:19.840837 36745 runtime_context.cpp:29] DecreaseCounter constructing_actor_cnt, current val is 301
I1013 15:35:19.840835 36727 runtime_context.cpp:29] DecreaseCounter constructing_actor_cnt, current val is 302
I1013 15:35:19.841091 36727 naive_actor.cpp:25] actor 1099614388257 switch to &NaiveActor::HandlerNormal
I1013 15:35:19.841132 36727 thread.cpp:96] Thread 524337 construct Actor kTick 1099614388257
I1013 15:35:19.841184 36727 runtime_context.cpp:29] DecreaseCounter constructing_actor_cnt, current val is 300
I1013 15:35:19.841435 36727 naive_actor.cpp:25] actor 1099614388256 switch to &NaiveActor::HandlerNormal
I1013 15:35:19.841477 36727 thread.cpp:96] Thread 524337 construct Actor kTick 1099614388256
I1013 15:35:19.841537 36727 runtime_context.cpp:29] DecreaseCounter constructing_actor_cnt, current val is 299
I1013 15:35:19.841552 36745 naive_actor.cpp:25] actor 2199023255560 switch to &NaiveActor::HandlerNormal
I1013 15:35:19.841598 36745 thread.cpp:96] Thread 1048576 construct Actor kNormalForward 2199023255560
I1013 15:35:19.841666 36745 runtime_context.cpp:29] DecreaseCounter constructing_actor_cnt, current val is 298
I1013 15:35:19.841822 36727 naive_actor.cpp:25] actor 1099614388258 switch to &NaiveActor::HandlerNormal
I1013 15:35:19.841861 36727 thread.cpp:96] Thread 524337 construct Actor kTick 1099614388258
I1013 15:35:19.841922 36727 runtime_context.cpp:29] DecreaseCounter constructing_actor_cnt, current val is 297
I1013 15:35:19.842168 36727 naive_actor.cpp:25] actor 1099614388259 switch to &NaiveActor::HandlerNormal
I1013 15:35:19.842209 36727 thread.cpp:96] Thread 524337 construct Actor kDeviceTick 1099614388259
I1013 15:35:19.842268 36727 runtime_context.cpp:29] DecreaseCounter constructing_actor_cnt, current val is 296
I1013 15:35:19.842456 36745 naive_actor.cpp:25] actor 2199023255582 switch to &NaiveActor::HandlerNormal
I1013 15:35:19.842496 36745 thread.cpp:96] Thread 1048576 construct Actor kNormalForward 2199023255582
I1013 15:35:19.842522 36727 naive_actor.cpp:25] actor 1099614388266 switch to &NaiveActor::HandlerNormal
I1013 15:35:19.842547 36727 thread.cpp:96] Thread 524337 construct Actor kTick 1099614388266
I1013 15:35:19.842563 36745 runtime_context.cpp:29] DecreaseCounter constructing_actor_cnt, current val is 295
I1013 15:35:19.842599 36727 runtime_context.cpp:29] DecreaseCounter constructing_actor_cnt, current val is 294
I1013 15:35:19.842847 36727 naive_actor.cpp:25] actor 1099614388314 switch to &NaiveActor::HandlerNormal
I1013 15:35:19.842849 36745 naive_actor.cpp:25] actor 2199023255557 switch to &NaiveActor::HandlerNormal
I1013 15:35:19.842895 36727 thread.cpp:96] Thread 524337 construct Actor kTick 1099614388314
I1013 15:35:19.842912 36745 thread.cpp:96] Thread 1048576 construct Actor kNormalForward 2199023255557
I1013 15:35:19.842957 36727 runtime_context.cpp:29] DecreaseCounter constructing_actor_cnt, current val is 293
I1013 15:35:19.842957 36745 runtime_context.cpp:29] DecreaseCounter constructing_actor_cnt, current val is 292
I1013 15:35:19.843215 36727 naive_actor.cpp:25] actor 1099614388260 switch to &NaiveActor::HandlerNormal
I1013 15:35:19.843256 36727 thread.cpp:96] Thread 524337 construct Actor kSrcSubsetTick 1099614388260
I1013 15:35:19.843308 36727 runtime_context.cpp:29] DecreaseCounter constructing_actor_cnt, current val is 291
I1013 15:35:19.843559 36745 naive_actor.cpp:25] actor 2199023255570 switch to &NaiveActor::HandlerNormal
I1013 15:35:19.843559 36727 naive_actor.cpp:25] actor 1099614388263 switch to &NaiveActor::HandlerNormal
I1013 15:35:19.843608 36745 thread.cpp:96] Thread 1048576 construct Actor kNormalForward 2199023255570
I1013 15:35:19.843626 36727 thread.cpp:96] Thread 524337 construct Actor kTick 1099614388263
I1013 15:35:19.843673 36727 runtime_context.cpp:29] DecreaseCounter constructing_actor_cnt, current val is 289
I1013 15:35:19.843673 36745 runtime_context.cpp:29] DecreaseCounter constructing_actor_cnt, current val is 290
I1013 15:35:19.843982 36727 naive_actor.cpp:25] actor 1099614388264 switch to &NaiveActor::HandlerNormal
I1013 15:35:19.844025 36727 thread.cpp:96] Thread 524337 construct Actor kDstSubsetTick 1099614388264
I1013 15:35:19.844082 36727 runtime_context.cpp:29] DecreaseCounter constructing_actor_cnt, current val is 288
I1013 15:35:19.844334 36727 naive_actor.cpp:25] actor 1099614388265 switch to &NaiveActor::HandlerNormal
I1013 15:35:19.844375 36727 thread.cpp:96] Thread 524337 construct Actor kTick 1099614388265
I1013 15:35:19.844425 36727 runtime_context.cpp:29] DecreaseCounter constructing_actor_cnt, current val is 287
I1013 15:35:19.844435 36745 naive_actor.cpp:25] actor 2199023255569 switch to &NaiveActor::HandlerNormal
I1013 15:35:19.844483 36745 thread.cpp:96] Thread 1048576 construct Actor kNormalForward 2199023255569
I1013 15:35:19.844542 36745 runtime_context.cpp:29] DecreaseCounter constructing_actor_cnt, current val is 286
I1013 15:35:19.844736 36727 naive_actor.cpp:25] actor 1099614388319 switch to &NaiveActor::HandlerNormal
I1013 15:35:19.844777 36727 thread.cpp:96] Thread 524337 construct Actor kTick 1099614388319
I1013 15:35:19.844789 36745 naive_actor.cpp:25] actor 2199023255583 switch to &NaiveActor::HandlerNormal
I1013 15:35:19.844827 36745 thread.cpp:96] Thread 1048576 construct Actor kNormalForward 2199023255583
I1013 15:35:19.844841 36727 runtime_context.cpp:29] DecreaseCounter constructing_actor_cnt, current val is 285
I1013 15:35:19.844873 36745 runtime_context.cpp:29] DecreaseCounter constructing_actor_cnt, current val is 284
I1013 15:35:19.845088 36727 naive_actor.cpp:25] actor 1099614388282 switch to &NaiveActor::HandlerNormal
I1013 15:35:19.845127 36727 thread.cpp:96] Thread 524337 construct Actor kTick 1099614388282
I1013 15:35:19.845186 36727 runtime_context.cpp:29] DecreaseCounter constructing_actor_cnt, current val is 283
I1013 15:35:19.845393 36727 naive_actor.cpp:25] actor 1099614388268 switch to &NaiveActor::HandlerNormal
I1013 15:35:19.845430 36727 thread.cpp:96] Thread 524337 construct Actor kSrcSubsetTick 1099614388268
I1013 15:35:19.845453 36745 naive_actor.cpp:25] actor 2199023255585 switch to &NaiveActor::HandlerNormal
I1013 15:35:19.845474 36745 thread.cpp:96] Thread 1048576 construct Actor kNormalForward 2199023255585
I1013 15:35:19.845480 36727 runtime_context.cpp:29] DecreaseCounter constructing_actor_cnt, current val is 282
I1013 15:35:19.845520 36745 runtime_context.cpp:29] DecreaseCounter constructing_actor_cnt, current val is 281
I1013 15:35:19.845791 36727 naive_actor.cpp:25] actor 1099614388274 switch to &NaiveActor::HandlerNormal
I1013 15:35:19.845835 36727 thread.cpp:96] Thread 524337 construct Actor kTick 1099614388274
I1013 15:35:19.845890 36727 runtime_context.cpp:29] DecreaseCounter constructing_actor_cnt, current val is 280
I1013 15:35:19.846098 36727 naive_actor.cpp:25] actor 1099614388281 switch to &NaiveActor::HandlerNormal
I1013 15:35:19.846148 36727 thread.cpp:96] Thread 524337 construct Actor kTick 1099614388281
I1013 15:35:19.846190 36727 runtime_context.cpp:29] DecreaseCounter constructing_actor_cnt, current val is 279
I1013 15:35:19.846199 36745 naive_actor.cpp:25] actor 2199023255555 switch to &NaiveActor::HandlerNormal
I1013 15:35:19.846240 36745 thread.cpp:96] Thread 1048576 construct Actor kNormalForward 2199023255555
I1013 15:35:19.846293 36745 runtime_context.cpp:29] DecreaseCounter constructing_actor_cnt, current val is 278
I1013 15:35:19.846423 36727 naive_actor.cpp:25] actor 1099614388273 switch to &NaiveActor::HandlerNormal
I1013 15:35:19.846458 36727 thread.cpp:96] Thread 524337 construct Actor kTick 1099614388273
I1013 15:35:19.846509 36727 runtime_context.cpp:29] DecreaseCounter constructing_actor_cnt, current val is 277
I1013 15:35:19.846761 36727 naive_actor.cpp:25] actor 1099614388277 switch to &NaiveActor::HandlerNormal
I1013 15:35:19.846796 36727 thread.cpp:96] Thread 524337 construct Actor kSrcSubsetTick 1099614388277
I1013 15:35:19.846841 36727 runtime_context.cpp:29] DecreaseCounter constructing_actor_cnt, current val is 276
I1013 15:35:19.847046 36745 naive_actor.cpp:25] actor 2199023255554 switch to &NaiveActor::HandlerNormal
I1013 15:35:19.847057 36727 naive_actor.cpp:25] actor 1099614388267 switch to &NaiveActor::HandlerNormal
I1013 15:35:19.847081 36745 thread.cpp:96] Thread 1048576 construct Actor kNormalForward 2199023255554
I1013 15:35:19.847096 36727 thread.cpp:96] Thread 524337 construct Actor kDeviceTick 1099614388267
I1013 15:35:19.847136 36727 runtime_context.cpp:29] DecreaseCounter constructing_actor_cnt, current val is 275
I1013 15:35:19.847136 36745 runtime_context.cpp:29] DecreaseCounter constructing_actor_cnt, current val is 274
I1013 15:35:19.847362 36727 naive_actor.cpp:25] actor 1099614388272 switch to &NaiveActor::HandlerNormal
I1013 15:35:19.847399 36727 thread.cpp:96] Thread 524337 construct Actor kDstSubsetTick 1099614388272
I1013 15:35:19.847446 36727 runtime_context.cpp:29] DecreaseCounter constructing_actor_cnt, current val is 273
I1013 15:35:19.847659 36745 naive_actor.cpp:25] actor 2199023255575 switch to &NaiveActor::HandlerNormal
I1013 15:35:19.847666 36727 naive_actor.cpp:25] actor 1099614388317 switch to &NaiveActor::HandlerNormal
I1013 15:35:19.847693 36745 thread.cpp:96] Thread 1048576 construct Actor kNormalForward 2199023255575
I1013 15:35:19.847708 36727 thread.cpp:96] Thread 524337 construct Actor kTick 1099614388317
I1013 15:35:19.847748 36727 runtime_context.cpp:29] DecreaseCounter constructing_actor_cnt, current val is 272
I1013 15:35:19.847748 36745 runtime_context.cpp:29] DecreaseCounter constructing_actor_cnt, current val is 271
I1013 15:35:19.847954 36745 naive_actor.cpp:25] actor 2199023255573 switch to &NaiveActor::HandlerNormal
I1013 15:35:19.847957 36727 naive_actor.cpp:25] actor 1099614388280 switch to &NaiveActor::HandlerNormal
I1013 15:35:19.847987 36745 thread.cpp:96] Thread 1048576 construct Actor kNormalForward 2199023255573
I1013 15:35:19.848001 36727 thread.cpp:96] Thread 524337 construct Actor kDstSubsetTick 1099614388280
I1013 15:35:19.848039 36727 runtime_context.cpp:29] DecreaseCounter constructing_actor_cnt, current val is 269
I1013 15:35:19.848039 36745 runtime_context.cpp:29] DecreaseCounter constructing_actor_cnt, current val is 270
I1013 15:35:19.848254 36727 naive_actor.cpp:25] actor 1099614388279 switch to &NaiveActor::HandlerNormal
I1013 15:35:19.848290 36727 thread.cpp:96] Thread 524337 construct Actor kTick 1099614388279
I1013 15:35:19.848387 36727 runtime_context.cpp:29] DecreaseCounter constructing_actor_cnt, current val is 268
I1013 15:35:19.848636 36727 naive_actor.cpp:25] actor 1099614388275 switch to &NaiveActor::HandlerNormal
I1013 15:35:19.848680 36727 thread.cpp:96] Thread 524337 construct Actor kTick 1099614388275
I1013 15:35:19.848680 36745 naive_actor.cpp:25] actor 2199023255617 switch to &NaiveActor::HandlerNormal
I1013 15:35:19.848724 36745 thread.cpp:96] Thread 1048576 construct Actor kNormalForward 2199023255617
I1013 15:35:19.848737 36727 runtime_context.cpp:29] DecreaseCounter constructing_actor_cnt, current val is 267
I1013 15:35:19.848773 36745 runtime_context.cpp:29] DecreaseCounter constructing_actor_cnt, current val is 266
I1013 15:35:19.848973 36727 naive_actor.cpp:25] actor 1099614388271 switch to &NaiveActor::HandlerNormal
I1013 15:35:19.849009 36727 thread.cpp:96] Thread 524337 construct Actor kTick 1099614388271
I1013 15:35:19.849052 36727 runtime_context.cpp:29] DecreaseCounter constructing_actor_cnt, current val is 265
I1013 15:35:19.849256 36727 naive_actor.cpp:25] actor 1099614388287 switch to &NaiveActor::HandlerNormal
I1013 15:35:19.849289 36727 thread.cpp:96] Thread 524337 construct Actor kTick 1099614388287
I1013 15:35:19.849332 36727 runtime_context.cpp:29] DecreaseCounter constructing_actor_cnt, current val is 264
I1013 15:35:19.849442 36745 naive_actor.cpp:25] actor 2199023255564 switch to &NaiveActor::HandlerNormal
I1013 15:35:19.849474 36745 thread.cpp:96] Thread 1048576 construct Actor kNormalForward 2199023255564
I1013 15:35:19.849531 36745 runtime_context.cpp:29] DecreaseCounter constructing_actor_cnt, current val is 263
I1013 15:35:19.849555 36727 naive_actor.cpp:25] actor 1099614388298 switch to &NaiveActor::HandlerNormal
I1013 15:35:19.849601 36727 thread.cpp:96] Thread 524337 construct Actor kTick 1099614388298
I1013 15:35:19.849651 36727 runtime_context.cpp:29] DecreaseCounter constructing_actor_cnt, current val is 262
I1013 15:35:19.849789 36745 naive_actor.cpp:25] actor 2199023255561 switch to &NaiveActor::HandlerNormal
I1013 15:35:19.849824 36745 thread.cpp:96] Thread 1048576 construct Actor kNormalForward 2199023255561
I1013 15:35:19.849891 36745 runtime_context.cpp:29] DecreaseCounter constructing_actor_cnt, current val is 261
I1013 15:35:19.849898 36727 naive_actor.cpp:25] actor 1099614388286 switch to &NaiveActor::HandlerNormal
I1013 15:35:19.849941 36727 thread.cpp:96] Thread 524337 construct Actor kTick 1099614388286
I1013 15:35:19.849988 36727 runtime_context.cpp:29] DecreaseCounter constructing_actor_cnt, current val is 260
I1013 15:35:19.850188 36727 naive_actor.cpp:25] actor 1099614388285 switch to &NaiveActor::HandlerNormal
I1013 15:35:19.850224 36727 thread.cpp:96] Thread 524337 construct Actor kTick 1099614388285
I1013 15:35:19.850276 36727 runtime_context.cpp:29] DecreaseCounter constructing_actor_cnt, current val is 259
I1013 15:35:19.850509 36745 naive_actor.cpp:25] actor 2199023255606 switch to &NaiveActor::HandlerNormal
I1013 15:35:19.850523 36727 reentrant_lock_actor.cpp:76] actor 1099614388283 switch to &ReentrantLockActor::HandlerNormal
I1013 15:35:19.850546 36745 thread.cpp:96] Thread 1048576 construct Actor kNormalForward 2199023255606
I1013 15:35:19.850561 36727 thread.cpp:96] Thread 524337 construct Actor kReentrantLock 1099614388283
I1013 15:35:19.850610 36745 runtime_context.cpp:29] DecreaseCounter constructing_actor_cnt, current val is 257
I1013 15:35:19.850610 36727 runtime_context.cpp:29] DecreaseCounter constructing_actor_cnt, current val is 258
I1013 15:35:19.850808 36727 naive_actor.cpp:25] actor 1099614388297 switch to &NaiveActor::HandlerNormal
I1013 15:35:19.850805 36745 naive_actor.cpp:25] actor 2199023255581 switch to &NaiveActor::HandlerNormal
I1013 15:35:19.850838 36727 thread.cpp:96] Thread 524337 construct Actor kTick 1099614388297
I1013 15:35:19.850852 36745 thread.cpp:96] Thread 1048576 construct Actor kNormalForward 2199023255581
I1013 15:35:19.850888 36727 runtime_context.cpp:29] DecreaseCounter constructing_actor_cnt, current val is 256
I1013 15:35:19.850889 36745 runtime_context.cpp:29] DecreaseCounter constructing_actor_cnt, current val is 255
I1013 15:35:19.851161 36727 naive_actor.cpp:25] actor 1099614388289 switch to &NaiveActor::HandlerNormal
I1013 15:35:19.851161 36745 naive_actor.cpp:25] actor 2199023255578 switch to &NaiveActor::HandlerNormal
I1013 15:35:19.851202 36727 thread.cpp:96] Thread 524337 construct Actor kTick 1099614388289
I1013 15:35:19.851217 36745 thread.cpp:96] Thread 1048576 construct Actor kNormalForward 2199023255578
I1013 15:35:19.851254 36727 runtime_context.cpp:29] DecreaseCounter constructing_actor_cnt, current val is 254
I1013 15:35:19.851267 36745 runtime_context.cpp:29] DecreaseCounter constructing_actor_cnt, current val is 253
