Log file created at: 2021/10/14 10:21:06
Running on machine: oneflow-14
Log line format: [IWEF]mmdd hh:mm:ss.uuuuuu threadid file:line] msg
I1014 10:21:06.893146 40574 global.h:36] NewGlobal 14cudaDeviceProp
I1014 10:21:06.894201 40574 global.h:36] NewGlobal N7oneflow7EnvDescE
I1014 10:21:06.894220 40574 global.h:36] NewGlobal N7oneflow10ProcessCtxE
I1014 10:21:06.894230 40574 env_global_objects_scope.cpp:152] using rpc backend: local
I1014 10:21:06.894246 40574 global.h:36] NewGlobal N7oneflow12ResourceDescE
I1014 10:21:06.894258 40574 global.h:36] NewGlobal N7oneflow12ResourceDescE
I1014 10:21:06.982270 40574 global.h:36] NewGlobal N7oneflow10ThreadPoolE
I1014 10:21:06.983722 40574 global.h:36] NewGlobal N7oneflow16EagerNcclCommMgrE
I1014 10:21:06.983743 40574 global.h:36] NewGlobal N7oneflow18CudnnConvAlgoCacheE
I1014 10:21:06.983755 40574 global.h:36] NewGlobal N7oneflow2vm19VirtualMachineScopeE
I1014 10:21:06.983767 40574 global.h:36] NewGlobal N7oneflow9OneflowVME
I1014 10:21:06.984863 40574 oneflow_vm.cpp:75] transport stream type: N7oneflow2vm13CpuStreamTypeE
I1014 10:21:06.984885 40574 oneflow_vm.cpp:75] transport stream type: N7oneflow2vm14CudaStreamTypeE
I1014 10:21:06.984895 40574 oneflow_vm.cpp:75] transport stream type: N7oneflow2vm19AsyncCudaStreamTypeE
I1014 10:21:06.985076 40574 global.h:36] NewGlobal N7oneflow27EagerJobBuildAndInferCtxMgrE
I1014 10:21:06.985095 40574 global.h:36] NewGlobal N7oneflow12EpollCommNetE
I1014 10:21:06.985232 40574 epoll_comm_network.cpp:63] CommNet:Epoll listening on 0.0.0.0:36080
I1014 10:21:06.985275 40574 epoll_comm_network.cpp:197] machine 0 sockfd -1
I1014 10:21:06.985411 40574 global.h:36] NewGlobal N7oneflow9TransportE
I1014 10:21:06.987053 40574 global.h:43] DeleteGlobal N7oneflow12ResourceDescE
I1014 10:21:06.987088 40574 version.cpp:22] OneFlow git version: b295ca2324
I1014 10:21:06.987108 40574 device_register_gpu.cpp:56] CUDA runtime version: 11.2
I1014 10:21:06.987141 40574 device_register_gpu.cpp:65] cuDNN version: 8.1.1
I1014 10:21:06.987156 40574 device_register_gpu.cpp:78] NCCL version: 2.9.8
I1014 10:21:06.987167 40574 global.h:36] NewGlobal N7oneflow12ResourceDescE
I1014 10:21:06.987177 40574 global.h:36] NewGlobal N7oneflow5IDMgrE
I1014 10:21:06.987187 40574 global.h:36] NewGlobal N7oneflow16AvailableMemDescE
I1014 10:21:06.987217 40574 global.h:36] NewGlobal St13unordered_mapISslSt4hashISsESt8equal_toISsESaISt4pairIKSslEEE
I1014 10:21:06.987228 40574 global.h:36] NewGlobal N7oneflow19CriticalSectionDescE
I1014 10:21:06.987236 40574 global.h:36] NewGlobal N7oneflow16InterUserJobInfoE
I1014 10:21:06.987247 40574 global.h:36] NewGlobal N7oneflow26LazyJobBuildAndInferCtxMgrE
I1014 10:21:06.987257 40574 global.h:36] NewGlobal N7oneflow16JobSetCompileCtxE
I1014 10:21:06.987267 40574 global.h:36] NewGlobal N7oneflow26RuntimeBufferManagersScopeE
I1014 10:21:06.987275 40574 global.h:36] NewGlobal N7oneflow9BufferMgrIlEE
I1014 10:21:06.987284 40574 global.h:36] NewGlobal N7oneflow9BufferMgrISt10shared_ptrINS_11JobInstanceEEEE
I1014 10:21:06.987294 40574 global.h:36] NewGlobal N7oneflow10RuntimeCtxE
I1014 10:21:06.987303 40574 global.h:36] NewGlobal N7oneflow15MemoryAllocatorE
I1014 10:21:06.987311 40574 global.h:36] NewGlobal N7oneflow8ChunkMgrE
I1014 10:21:06.987320 40574 global.h:36] NewGlobal N7oneflow8RegstMgrE
I1014 10:21:06.987329 40574 global.h:36] NewGlobal N7oneflow11ActorMsgBusE
I1014 10:21:06.987337 40574 global.h:36] NewGlobal N7oneflow9ThreadMgrE
I1014 10:21:06.987346 40574 global.h:36] NewGlobal N7oneflow15RuntimeJobDescsE
I1014 10:21:06.987354 40574 global.h:36] NewGlobal N7oneflow7summary12EventsWriterE
I1014 10:21:06.987366 40574 global.h:36] NewGlobal N7oneflow6boxing10collective24CollectiveBoxingExecutorE
I1014 10:21:06.987375 40574 global.h:36] NewGlobal N7oneflow6boxing10collective31CollectiveBoxingDeviceCtxPollerE
I1014 10:21:06.987522 40574 session.h:77] NewGlobal N7oneflow25SessionGlobalObjectsScopeE
I1014 10:21:06.988498 40574 global.h:36] NewGlobal N7oneflow7JobDescE
I1014 10:21:07.488088 40574 global.h:43] DeleteGlobal N7oneflow7JobDescE
I1014 10:21:07.488296 40574 global.h:36] NewGlobal N7oneflow7JobDescE
I1014 10:21:07.491714 40574 global.h:36] NewGlobal N7oneflow7OpGraphE
I1014 10:21:07.498826 40574 global.h:43] DeleteGlobal N7oneflow7OpGraphE
I1014 10:21:07.799232 40574 global.h:43] DeleteGlobal N7oneflow7JobDescE
I1014 10:21:07.818277 40574 global.h:36] NewGlobal N7oneflow24InterJobReuseMemStrategyE
I1014 10:21:07.818361 40574 global.h:36] NewGlobal N7oneflow7OneflowE
I1014 10:21:07.832345 40574 global.h:36] NewGlobal N7oneflow7JobDescE
I1014 10:21:08.104068 40574 insert_nccl_logical_op_pass.cpp:663]  Try insert nccl logical ops into job: train_job. Begin...
I1014 10:21:08.104817 40574 insert_nccl_logical_op_pass.cpp:432]  insert nccl op: System-NCCL-Logical-S2S-116 from: [Gather_12](order=6, nd_sbp=[S(2)])->[Reshape_14](order=8, nd_sbp=[S(0)]) and before: [Reshape_8](order=7)
I1014 10:21:08.104959 40574 insert_nccl_logical_op_pass.cpp:432]  insert nccl op: System-NCCL-Logical-P2S-117 from: [ReduceSum_9](order=9, nd_sbp=[P])->[AddN_23](order=48, nd_sbp=[S(0)]) and before: [Concat_15](order=10)
I1014 10:21:08.105474 40574 insert_nccl_logical_op_pass.cpp:432]  insert nccl op: System-NCCL-Logical-S2B-118 from: [SigmoidCrossEntropy_24_grad](order=52, nd_sbp=[S(0)])->[ReduceSum_9_grad](order=57, nd_sbp=[B]) and before: [ScalarMul_26](order=53)
I1014 10:21:08.105577 40574 insert_nccl_logical_op_pass.cpp:432]  insert nccl op: System-NCCL-Logical-P2B-119 from: [deep_scores-matmul_grad_b](order=54, nd_sbp=[P])->[System-ModelDiffScale-ScalarMul_66](order=58, nd_sbp=[B]) and before: [deep_scores-matmul_grad_a](order=55)
I1014 10:21:08.105665 40574 insert_nccl_logical_op_pass.cpp:432]  insert nccl op: System-NCCL-Logical-P2B-120 from: [deep_scores-bias_add_grad](order=56, nd_sbp=[P])->[System-ModelDiffScale-ScalarMul_78](order=61, nd_sbp=[B]) and before: [ReduceSum_9_grad](order=57)
I1014 10:21:08.105796 40574 insert_nccl_logical_op_pass.cpp:432]  insert nccl op: System-NCCL-Logical-P2B-121 from: [fc6-matmul_grad_b](order=66, nd_sbp=[P])->[System-ModelDiffScale-ScalarMul_70](order=70, nd_sbp=[B]) and before: [fc6-bias_add_grad](order=67)
I1014 10:21:08.105867 40574 insert_nccl_logical_op_pass.cpp:432]  insert nccl op: System-NCCL-Logical-P2B-122 from: [fc6-bias_add_grad](order=67, nd_sbp=[P])->[System-ModelDiffScale-ScalarMul_69](order=71, nd_sbp=[B]) and before: [fc6-matmul_grad_a](order=68)
I1014 10:21:08.105990 40574 insert_nccl_logical_op_pass.cpp:432]  insert nccl op: System-NCCL-Logical-P2B-123 from: [fc5-matmul_grad_b](order=77, nd_sbp=[P])->[System-ModelDiffScale-ScalarMul_68](order=80, nd_sbp=[B]) and before: [fc5-bias_add_grad](order=78)
I1014 10:21:08.106070 40574 insert_nccl_logical_op_pass.cpp:432]  insert nccl op: System-NCCL-Logical-P2B-124 from: [fc5-bias_add_grad](order=78, nd_sbp=[P])->[System-ModelDiffScale-ScalarMul_71](order=81, nd_sbp=[B]) and before: [fc5-matmul_grad_a](order=79)
I1014 10:21:08.106190 40574 insert_nccl_logical_op_pass.cpp:432]  insert nccl op: System-NCCL-Logical-P2B-125 from: [fc4-matmul_grad_b](order=86, nd_sbp=[P])->[System-ModelDiffScale-ScalarMul_74](order=89, nd_sbp=[B]) and before: [fc4-bias_add_grad](order=87)
I1014 10:21:08.106266 40574 insert_nccl_logical_op_pass.cpp:432]  insert nccl op: System-NCCL-Logical-P2B-126 from: [fc4-bias_add_grad](order=87, nd_sbp=[P])->[System-ModelDiffScale-ScalarMul_79](order=90, nd_sbp=[B]) and before: [fc4-matmul_grad_a](order=88)
I1014 10:21:08.106379 40574 insert_nccl_logical_op_pass.cpp:432]  insert nccl op: System-NCCL-Logical-P2B-127 from: [fc3-matmul_grad_b](order=95, nd_sbp=[P])->[System-ModelDiffScale-ScalarMul_67](order=98, nd_sbp=[B]) and before: [fc3-bias_add_grad](order=96)
I1014 10:21:08.106451 40574 insert_nccl_logical_op_pass.cpp:432]  insert nccl op: System-NCCL-Logical-P2B-128 from: [fc3-bias_add_grad](order=96, nd_sbp=[P])->[System-ModelDiffScale-ScalarMul_82](order=99, nd_sbp=[B]) and before: [fc3-matmul_grad_a](order=97)
I1014 10:21:08.106570 40574 insert_nccl_logical_op_pass.cpp:432]  insert nccl op: System-NCCL-Logical-P2B-129 from: [fc2-matmul_grad_b](order=104, nd_sbp=[P])->[System-ModelDiffScale-ScalarMul_77](order=107, nd_sbp=[B]) and before: [fc2-bias_add_grad](order=105)
I1014 10:21:08.106735 40574 insert_nccl_logical_op_pass.cpp:432]  insert nccl op: System-NCCL-Logical-P2B-130 from: [fc2-bias_add_grad](order=105, nd_sbp=[P])->[System-ModelDiffScale-ScalarMul_73](order=108, nd_sbp=[B]) and before: [fc2-matmul_grad_a](order=106)
I1014 10:21:08.106842 40574 insert_nccl_logical_op_pass.cpp:432]  insert nccl op: System-NCCL-Logical-P2B-131 from: [fc1-matmul_grad_b](order=113, nd_sbp=[P])->[System-ModelDiffScale-ScalarMul_81](order=116, nd_sbp=[B]) and before: [fc1-bias_add_grad](order=114)
I1014 10:21:08.106920 40574 insert_nccl_logical_op_pass.cpp:432]  insert nccl op: System-NCCL-Logical-P2B-132 from: [fc1-bias_add_grad](order=114, nd_sbp=[P])->[System-ModelDiffScale-ScalarMul_65](order=117, nd_sbp=[B]) and before: [fc1-matmul_grad_a](order=115)
I1014 10:21:08.107028 40574 insert_nccl_logical_op_pass.cpp:432]  insert nccl op: System-NCCL-Logical-P2B-133 from: [fc0-bias_add_grad](order=122, nd_sbp=[P])->[System-ModelDiffScale-ScalarMul_72](order=125, nd_sbp=[B]) and before: [fc0-matmul_grad_b](order=123)
I1014 10:21:08.107089 40574 insert_nccl_logical_op_pass.cpp:432]  insert nccl op: System-NCCL-Logical-P2B-134 from: [fc0-matmul_grad_b](order=123, nd_sbp=[P])->[System-ModelDiffScale-ScalarMul_75](order=126, nd_sbp=[B]) and before: [fc0-matmul_grad_a](order=124)
I1014 10:21:08.107189 40574 insert_nccl_logical_op_pass.cpp:432]  insert nccl op: System-NCCL-Logical-S2S-135 from: [Reshape_14_grad](order=130, nd_sbp=[S(0)])->[Gather_12_grad](order=131, nd_sbp=[S(2)]) and before: [Gather_12_grad](order=131)
I1014 10:21:08.107236 40574 insert_nccl_logical_op_pass.cpp:699]  Try insert nccl logical ops into job: train_job. ...End

I1014 10:21:08.166278 40574 global.h:36] NewGlobal N7oneflow7OpGraphE
I1014 10:21:08.294891 40574 global.h:43] DeleteGlobal N7oneflow7OpGraphE
I1014 10:21:08.307571 40574 oneflow.cpp:210] 
job_id: 0 , job_name: train_job , compile time: 0.475123 seconds.
I1014 10:21:08.396368 40574 global.h:43] DeleteGlobal N7oneflow7JobDescE
I1014 10:21:08.396788 40574 global.h:36] NewGlobal N7oneflow7JobDescE
I1014 10:21:08.446135 40574 global.h:36] NewGlobal N7oneflow7OpGraphE
I1014 10:21:08.467506 40574 global.h:43] DeleteGlobal N7oneflow7OpGraphE
I1014 10:21:08.471550 40574 oneflow.cpp:210] 
job_id: 1 , job_name: System-ModelInit , compile time: 0.0740754 seconds.
I1014 10:21:08.485888 40574 global.h:43] DeleteGlobal N7oneflow7JobDescE
I1014 10:21:08.485931 40574 global.h:36] NewGlobal N7oneflow7JobDescE
I1014 10:21:08.531241 40574 global.h:36] NewGlobal N7oneflow7OpGraphE
I1014 10:21:08.552067 40574 global.h:43] DeleteGlobal N7oneflow7OpGraphE
I1014 10:21:08.556321 40574 oneflow.cpp:210] 
job_id: 2 , job_name: System-ModelLoad , compile time: 0.070366 seconds.
I1014 10:21:08.570407 40574 global.h:43] DeleteGlobal N7oneflow7JobDescE
I1014 10:21:08.570449 40574 global.h:36] NewGlobal N7oneflow7JobDescE
I1014 10:21:08.614372 40574 global.h:36] NewGlobal N7oneflow7OpGraphE
I1014 10:21:08.633778 40574 global.h:43] DeleteGlobal N7oneflow7OpGraphE
I1014 10:21:08.637674 40574 oneflow.cpp:210] 
job_id: 3 , job_name: System-ModelSave , compile time: 0.0672051 seconds.
I1014 10:21:08.652210 40574 global.h:43] DeleteGlobal N7oneflow7JobDescE
I1014 10:21:08.652252 40574 global.h:36] NewGlobal N7oneflow7JobDescE
I1014 10:21:08.662000 40574 global.h:36] NewGlobal N7oneflow7OpGraphE
I1014 10:21:08.666579 40574 global.h:43] DeleteGlobal N7oneflow7OpGraphE
I1014 10:21:08.668471 40574 oneflow.cpp:210] 
job_id: 4 , job_name: System-Pull-Return_27 , compile time: 0.0161976 seconds.
I1014 10:21:08.672742 40574 global.h:43] DeleteGlobal N7oneflow7JobDescE
I1014 10:21:08.679590 40574 global.h:36] NewGlobal N7oneflow7JobDescE
I1014 10:21:08.679639 40574 global.h:36] NewGlobal N7oneflow7OpGraphE
I1014 10:21:08.684746 40574 global.h:43] DeleteGlobal N7oneflow7OpGraphE
I1014 10:21:08.687410 40574 oneflow.cpp:210] 
job_id: 5 , job_name: MainJob-unamed , compile time: 0.0077801 seconds.
I1014 10:21:08.694386 40574 global.h:43] DeleteGlobal N7oneflow7JobDescE
I1014 10:21:08.699510 40574 plan_util.cpp:928]  Plan: merged_plan needs to allocate [ 726.024 MiB ] device memory in Rank: 0 , Device: 0
I1014 10:21:08.699585 40574 plan_util.cpp:928]  Plan: merged_plan needs to allocate [ 759.474 MiB ] device memory in Rank: 0 , Device: 1
I1014 10:21:08.852253 40574 oneflow.cpp:998]  PushPlan merged_plan time: 0.0151388 seconds.
I1014 10:21:08.896808 40574 oneflow.cpp:1014]  PullPlan merged_plan time: 0.0398239 seconds.
I1014 10:21:12.697773 40574 runtime_context.cpp:21] NewCounter constructing_actor_cnt 769
I1014 10:21:12.699033 41144 naive_actor.cpp:25] actor 1099614388228 switch to &NaiveActor::HandlerNormal
I1014 10:21:12.699045 41151 naive_actor.cpp:25] actor 2199023255723 switch to &NaiveActor::HandlerNormal
I1014 10:21:12.699137 41144 thread.cpp:96] Thread 524337 construct Actor kDeviceTick 1099614388228
I1014 10:21:12.699177 41151 thread.cpp:96] Thread 1048576 construct Actor kDeviceTick 2199023255723
I1014 10:21:12.699240 41157 naive_actor.cpp:25] actor 2207613190315 switch to &NaiveActor::HandlerNormal
I1014 10:21:12.699302 41144 runtime_context.cpp:29] DecreaseCounter constructing_actor_cnt, current val is 768
I1014 10:21:12.699342 41151 runtime_context.cpp:29] DecreaseCounter constructing_actor_cnt, current val is 767
I1014 10:21:12.699405 41145 wait_and_send_ids_actor.cpp:53] actor 1099616485376 switch to &WaitAndSendIdsActor::HandlerWaitToStart
I1014 10:21:12.699415 41157 thread.cpp:96] Thread 1052672 construct Actor kDeviceTick 2207613190315
I1014 10:21:12.699535 41145 thread.cpp:96] Thread 524338 construct Actor kWaitAndSendIds 1099616485376
I1014 10:21:12.699707 41144 naive_actor.cpp:25] actor 1099614388230 switch to &NaiveActor::HandlerNormal
I1014 10:21:12.699770 41144 thread.cpp:96] Thread 524337 construct Actor kDeviceTick 1099614388230
I1014 10:21:12.699792 41145 runtime_context.cpp:29] DecreaseCounter constructing_actor_cnt, current val is 766
I1014 10:21:12.699929 41144 runtime_context.cpp:29] DecreaseCounter constructing_actor_cnt, current val is 764
I1014 10:21:12.699888 41151 naive_actor.cpp:25] actor 2199023255782 switch to &NaiveActor::HandlerNormal
I1014 10:21:12.699811 41157 runtime_context.cpp:29] DecreaseCounter constructing_actor_cnt, current val is 765
I1014 10:21:12.699990 41151 thread.cpp:96] Thread 1048576 construct Actor kDeviceTick 2199023255782
I1014 10:21:12.700079 41151 runtime_context.cpp:29] DecreaseCounter constructing_actor_cnt, current val is 763
I1014 10:21:12.700191 41144 naive_actor.cpp:25] actor 1099614388229 switch to &NaiveActor::HandlerNormal
I1014 10:21:12.700253 41144 thread.cpp:96] Thread 524337 construct Actor kDeviceTick 1099614388229
I1014 10:21:12.700311 41144 runtime_context.cpp:29] DecreaseCounter constructing_actor_cnt, current val is 762
I1014 10:21:12.700348 41151 naive_actor.cpp:25] actor 2199023255821 switch to &NaiveActor::HandlerNormal
I1014 10:21:12.700317 41157 naive_actor.cpp:25] actor 2207613190374 switch to &NaiveActor::HandlerNormal
I1014 10:21:12.700385 41151 thread.cpp:96] Thread 1048576 construct Actor kDeviceTick 2199023255821
I1014 10:21:12.700424 41157 thread.cpp:96] Thread 1052672 construct Actor kDeviceTick 2207613190374
I1014 10:21:12.700484 41151 runtime_context.cpp:29] DecreaseCounter constructing_actor_cnt, current val is 761
I1014 10:21:12.700505 41157 runtime_context.cpp:29] DecreaseCounter constructing_actor_cnt, current val is 760
I1014 10:21:12.700624 41144 naive_actor.cpp:25] actor 1099614388239 switch to &NaiveActor::HandlerNormal
I1014 10:21:12.700675 41144 thread.cpp:96] Thread 524337 construct Actor kDeviceTick 1099614388239
I1014 10:21:12.700731 41144 runtime_context.cpp:29] DecreaseCounter constructing_actor_cnt, current val is 759
I1014 10:21:12.700780 41151 naive_actor.cpp:25] actor 2199023255860 switch to &NaiveActor::HandlerNormal
I1014 10:21:12.700814 41151 thread.cpp:96] Thread 1048576 construct Actor kDeviceTick 2199023255860
I1014 10:21:12.700837 41157 naive_actor.cpp:25] actor 2207613190413 switch to &NaiveActor::HandlerNormal
I1014 10:21:12.700867 41151 runtime_context.cpp:29] DecreaseCounter constructing_actor_cnt, current val is 758
I1014 10:21:12.700990 41144 naive_actor.cpp:25] actor 1099614388238 switch to &NaiveActor::HandlerNormal
I1014 10:21:12.701136 41144 thread.cpp:96] Thread 524337 construct Actor kDeviceTick 1099614388238
I1014 10:21:12.701079 41157 thread.cpp:96] Thread 1052672 construct Actor kDeviceTick 2207613190413
I1014 10:21:12.701222 41144 runtime_context.cpp:29] DecreaseCounter constructing_actor_cnt, current val is 757
I1014 10:21:12.701263 41157 runtime_context.cpp:29] DecreaseCounter constructing_actor_cnt, current val is 756
I1014 10:21:12.701499 41144 naive_actor.cpp:25] actor 1099614388249 switch to &NaiveActor::HandlerNormal
I1014 10:21:12.701548 41144 thread.cpp:96] Thread 524337 construct Actor kDeviceTick 1099614388249
I1014 10:21:12.701625 41144 runtime_context.cpp:29] DecreaseCounter constructing_actor_cnt, current val is 755
I1014 10:21:12.701623 41157 naive_actor.cpp:25] actor 2207613190452 switch to &NaiveActor::HandlerNormal
I1014 10:21:12.701704 41157 thread.cpp:96] Thread 1052672 construct Actor kDeviceTick 2207613190452
I1014 10:21:12.701792 41157 runtime_context.cpp:29] DecreaseCounter constructing_actor_cnt, current val is 754
I1014 10:21:12.701925 41144 naive_actor.cpp:25] actor 1099614388258 switch to &NaiveActor::HandlerNormal
I1014 10:21:12.701969 41144 thread.cpp:96] Thread 524337 construct Actor kDeviceTick 1099614388258
I1014 10:21:12.702023 41144 runtime_context.cpp:29] DecreaseCounter constructing_actor_cnt, current val is 753
I1014 10:21:12.702275 41144 naive_actor.cpp:25] actor 1099614388267 switch to &NaiveActor::HandlerNormal
I1014 10:21:12.702308 41144 thread.cpp:96] Thread 524337 construct Actor kDeviceTick 1099614388267
I1014 10:21:12.702358 41144 runtime_context.cpp:29] DecreaseCounter constructing_actor_cnt, current val is 752
I1014 10:21:12.702631 41144 naive_actor.cpp:25] actor 1099614388285 switch to &NaiveActor::HandlerNormal
I1014 10:21:12.702666 41144 thread.cpp:96] Thread 524337 construct Actor kDeviceTick 1099614388285
I1014 10:21:12.702715 41144 runtime_context.cpp:29] DecreaseCounter constructing_actor_cnt, current val is 751
I1014 10:21:12.702947 41144 naive_actor.cpp:25] actor 1099614388276 switch to &NaiveActor::HandlerNormal
I1014 10:21:12.702996 41144 thread.cpp:96] Thread 524337 construct Actor kDeviceTick 1099614388276
I1014 10:21:12.703048 41144 runtime_context.cpp:29] DecreaseCounter constructing_actor_cnt, current val is 750
I1014 10:21:12.703305 41144 naive_actor.cpp:25] actor 1099614388284 switch to &NaiveActor::HandlerNormal
I1014 10:21:12.703339 41144 thread.cpp:96] Thread 524337 construct Actor kDeviceTick 1099614388284
I1014 10:21:12.703389 41144 runtime_context.cpp:29] DecreaseCounter constructing_actor_cnt, current val is 749
I1014 10:21:12.703645 41144 naive_actor.cpp:25] actor 1099614388287 switch to &NaiveActor::HandlerNormal
I1014 10:21:12.703693 41144 thread.cpp:96] Thread 524337 construct Actor kDeviceTick 1099614388287
I1014 10:21:12.703747 41144 runtime_context.cpp:29] DecreaseCounter constructing_actor_cnt, current val is 748
I1014 10:21:12.717428 41126 naive_actor.cpp:25] actor 1099538890752 switch to &NaiveActor::HandlerNormal
I1014 10:21:12.717520 41125 naive_actor.cpp:25] actor 1099536793600 switch to &NaiveActor::HandlerNormal
I1014 10:21:12.717562 41126 thread.cpp:96] Thread 524301 construct Actor kNormalForward 1099538890752
I1014 10:21:12.717845 41129 naive_actor.cpp:25] actor 1099545182208 switch to &NaiveActor::HandlerNormal
I1014 10:21:12.717914 41128 naive_actor.cpp:25] actor 1099543085056 switch to &NaiveActor::HandlerNormal
I1014 10:21:12.717684 41130 naive_actor.cpp:25] actor 1099547279360 switch to &NaiveActor::HandlerNormal
I1014 10:21:12.717900 41126 runtime_context.cpp:29] DecreaseCounter constructing_actor_cnt, current val is 747
I1014 10:21:12.717931 41129 thread.cpp:96] Thread 524304 construct Actor kNormalForward 1099545182208
I1014 10:21:12.718256 41132 naive_actor.cpp:25] actor 1099551473664 switch to &NaiveActor::HandlerNormal
I1014 10:21:12.718377 41132 thread.cpp:96] Thread 524307 construct Actor kForeignInput 1099551473664
I1014 10:21:12.718039 41128 thread.cpp:96] Thread 524303 construct Actor kNormalForward 1099543085056
I1014 10:21:12.718044 41131 naive_actor.cpp:25] actor 1099549376512 switch to &NaiveActor::HandlerNormal
I1014 10:21:12.718063 41115 naive_actor.cpp:25] actor 1099515822080 switch to &NaiveActor::HandlerNormal
I1014 10:21:12.718705 41124 naive_actor.cpp:25] actor 1099534696448 switch to &NaiveActor::HandlerNormal
I1014 10:21:12.718842 41134 naive_actor.cpp:25] actor 1099555667968 switch to &NaiveActor::HandlerNormal
I1014 10:21:12.718101 41130 thread.cpp:96] Thread 524305 construct Actor kNormalForward 1099547279360
I1014 10:21:12.718083 41117 naive_actor.cpp:25] actor 1099520016384 switch to &NaiveActor::HandlerNormal
I1014 10:21:12.718976 41117 thread.cpp:96] Thread 524292 construct Actor kNormalForward 1099520016384
I1014 10:21:12.718992 41130 runtime_context.cpp:29] DecreaseCounter constructing_actor_cnt, current val is 743
I1014 10:21:12.719030 41117 runtime_context.cpp:29] DecreaseCounter constructing_actor_cnt, current val is 742
I1014 10:21:12.718178 41116 naive_actor.cpp:25] actor 1099517919232 switch to &NaiveActor::HandlerNormal
I1014 10:21:12.718184 41140 naive_actor.cpp:25] actor 1099568250880 switch to &NaiveActor::HandlerNormal
I1014 10:21:12.719218 41140 thread.cpp:96] Thread 524315 construct Actor kNormalForward 1099568250880
I1014 10:21:12.718221 41136 naive_actor.cpp:25] actor 1099559862272 switch to &NaiveActor::HandlerNormal
I1014 10:21:12.717943 41127 naive_actor.cpp:25] actor 1099540987904 switch to &NaiveActor::HandlerNormal
I1014 10:21:12.718032 41119 naive_actor.cpp:25] actor 1099524210688 switch to &NaiveActor::HandlerNormal
I1014 10:21:12.718390 41129 runtime_context.cpp:29] DecreaseCounter constructing_actor_cnt, current val is 746
I1014 10:21:12.719452 41119 thread.cpp:96] Thread 524294 construct Actor kNormalForward 1099524210688
I1014 10:21:12.718431 41139 naive_actor.cpp:25] actor 1099566153728 switch to &NaiveActor::HandlerNormal
I1014 10:21:12.719547 41139 thread.cpp:96] Thread 524314 construct Actor kNormalForward 1099566153728
I1014 10:21:12.718500 41122 naive_actor.cpp:25] actor 1099530502144 switch to &NaiveActor::HandlerNormal
I1014 10:21:12.718557 41132 runtime_context.cpp:29] DecreaseCounter constructing_actor_cnt, current val is 745
I1014 10:21:12.719627 41122 thread.cpp:96] Thread 524297 construct Actor kNormalForward 1099530502144
I1014 10:21:12.718595 41138 naive_actor.cpp:25] actor 1099564056576 switch to &NaiveActor::HandlerNormal
I1014 10:21:12.718609 41146 sink_actor.cpp:21] actor 1099618582528 switch to &SinkActor::HandlerNormal
I1014 10:21:12.719720 41122 runtime_context.cpp:29] DecreaseCounter constructing_actor_cnt, current val is 738
I1014 10:21:12.718631 41121 naive_actor.cpp:25] actor 1099528404992 switch to &NaiveActor::HandlerNormal
I1014 10:21:12.719888 41121 thread.cpp:96] Thread 524296 construct Actor kNormalForward 1099528404992
I1014 10:21:12.718642 41155 naive_actor.cpp:25] actor 2199027449856 switch to &NaiveActor::HandlerNormal
I1014 10:21:12.720017 41121 runtime_context.cpp:29] DecreaseCounter constructing_actor_cnt, current val is 737
I1014 10:21:12.718643 41142 naive_actor.cpp:25] actor 1099572445184 switch to &NaiveActor::HandlerNormal
I1014 10:21:12.720130 41142 thread.cpp:96] Thread 524317 construct Actor kNormalForward 1099572445184
I1014 10:21:12.718067 41120 naive_actor.cpp:25] actor 1099526307840 switch to &NaiveActor::HandlerNormal
I1014 10:21:12.720193 41120 thread.cpp:96] Thread 524295 construct Actor kNormalForward 1099526307840
I1014 10:21:12.718729 41115 thread.cpp:96] Thread 524290 construct Actor kNormalForward 1099515822080
I1014 10:21:12.720257 41120 runtime_context.cpp:29] DecreaseCounter constructing_actor_cnt, current val is 735
I1014 10:21:12.720325 41115 runtime_context.cpp:29] DecreaseCounter constructing_actor_cnt, current val is 734
I1014 10:21:12.718799 41123 naive_actor.cpp:25] actor 1099532599296 switch to &NaiveActor::HandlerNormal
I1014 10:21:12.718801 41159 naive_actor.cpp:25] actor 2207615287298 switch to &NaiveActor::HandlerNormal
I1014 10:21:12.717696 41118 naive_actor.cpp:25] actor 1099522113536 switch to &NaiveActor::HandlerNormal
I1014 10:21:12.720726 41159 thread.cpp:96] Thread 1052673 construct Actor kCopyHd 2207615287298
I1014 10:21:12.718901 41134 thread.cpp:96] Thread 524309 construct Actor kNormalForward 1099555667968
I1014 10:21:12.720868 41159 runtime_context.cpp:29] DecreaseCounter constructing_actor_cnt, current val is 733
I1014 10:21:12.720913 41134 runtime_context.cpp:29] DecreaseCounter constructing_actor_cnt, current val is 732
I1014 10:21:12.719173 41116 thread.cpp:96] Thread 524291 construct Actor kNormalForward 1099517919232
I1014 10:21:12.719274 41140 runtime_context.cpp:29] DecreaseCounter constructing_actor_cnt, current val is 741
I1014 10:21:12.719329 41136 thread.cpp:96] Thread 524311 construct Actor kNormalForward 1099559862272
I1014 10:21:12.719394 41127 thread.cpp:96] Thread 524302 construct Actor kNormalForward 1099540987904
I1014 10:21:12.721379 41136 runtime_context.cpp:29] DecreaseCounter constructing_actor_cnt, current val is 730
I1014 10:21:12.721453 41127 runtime_context.cpp:29] DecreaseCounter constructing_actor_cnt, current val is 729
I1014 10:21:12.721546 41159 naive_actor.cpp:25] actor 2207615287297 switch to &NaiveActor::HandlerNormal
I1014 10:21:12.721622 41159 thread.cpp:96] Thread 1052673 construct Actor kSliceBoxing 2207615287297
I1014 10:21:12.719696 41157 naive_actor.cpp:25] actor 2207613190162 switch to &NaiveActor::HandlerNormal
I1014 10:21:12.719700 41138 thread.cpp:96] Thread 524313 construct Actor kForeignInput 1099564056576
I1014 10:21:12.718618 41128 runtime_context.cpp:29] DecreaseCounter constructing_actor_cnt, current val is 744
I1014 10:21:12.719734 41146 thread.cpp:96] Thread 524339 construct Actor kCallbackNotify 1099618582528
I1014 10:21:12.717684 41125 thread.cpp:96] Thread 524300 construct Actor kNormalForward 1099536793600
I1014 10:21:12.720023 41155 thread.cpp:96] Thread 1048578 construct Actor kCopyHd 2199027449856
I1014 10:21:12.718644 41131 thread.cpp:96] Thread 524306 construct Actor kNormalForward 1099549376512
I1014 10:21:12.722199 41125 runtime_context.cpp:29] DecreaseCounter constructing_actor_cnt, current val is 724
I1014 10:21:12.722275 41131 runtime_context.cpp:29] DecreaseCounter constructing_actor_cnt, current val is 723
I1014 10:21:12.718746 41153 naive_actor.cpp:25] actor 2199025352708 switch to &NaiveActor::HandlerNormal
I1014 10:21:12.722398 41153 thread.cpp:96] Thread 1048577 construct Actor kCopyHd 2199025352708
I1014 10:21:12.722472 41153 runtime_context.cpp:29] DecreaseCounter constructing_actor_cnt, current val is 722
I1014 10:21:12.720654 41123 thread.cpp:96] Thread 524298 construct Actor kNormalForward 1099532599296
I1014 10:21:12.720750 41118 thread.cpp:96] Thread 524293 construct Actor kNormalForward 1099522113536
I1014 10:21:12.722712 41123 runtime_context.cpp:29] DecreaseCounter constructing_actor_cnt, current val is 721
I1014 10:21:12.718083 41133 naive_actor.cpp:25] actor 1099553570816 switch to &NaiveActor::HandlerNormal
I1014 10:21:12.718152 41135 naive_actor.cpp:25] actor 1099557765120 switch to &NaiveActor::HandlerNormal
I1014 10:21:12.722860 41135 thread.cpp:96] Thread 524310 construct Actor kForeignInput 1099557765120
I1014 10:21:12.721158 41116 runtime_context.cpp:29] DecreaseCounter constructing_actor_cnt, current val is 731
I1014 10:21:12.719516 41119 runtime_context.cpp:29] DecreaseCounter constructing_actor_cnt, current val is 740
I1014 10:21:12.718518 41144 naive_actor.cpp:25] actor 1099614388245 switch to &NaiveActor::HandlerNormal
I1014 10:21:12.719637 41139 runtime_context.cpp:29] DecreaseCounter constructing_actor_cnt, current val is 739
I1014 10:21:12.718551 41143 naive_actor.cpp:25] actor 1099574542336 switch to &NaiveActor::HandlerNormal
I1014 10:21:12.721714 41159 runtime_context.cpp:29] DecreaseCounter constructing_actor_cnt, current val is 728
I1014 10:21:12.721773 41157 thread.cpp:96] Thread 1052672 construct Actor kNormalForward 2207613190162
I1014 10:21:12.721940 41138 runtime_context.cpp:29] DecreaseCounter constructing_actor_cnt, current val is 727
I1014 10:21:12.722059 41146 runtime_context.cpp:29] DecreaseCounter constructing_actor_cnt, current val is 726
I1014 10:21:12.722184 41155 runtime_context.cpp:29] DecreaseCounter constructing_actor_cnt, current val is 725
I1014 10:21:12.718719 41151 naive_actor.cpp:25] actor 2199023255553 switch to &NaiveActor::HandlerNormal
I1014 10:21:12.720201 41142 runtime_context.cpp:29] DecreaseCounter constructing_actor_cnt, current val is 736
I1014 10:21:12.718780 41137 naive_actor.cpp:25] actor 1099561959424 switch to &NaiveActor::HandlerNormal
I1014 10:21:12.723758 41137 thread.cpp:96] Thread 524312 construct Actor kNormalForward 1099561959424
I1014 10:21:12.718858 41124 thread.cpp:96] Thread 524299 construct Actor kNormalForward 1099534696448
I1014 10:21:12.722807 41118 runtime_context.cpp:29] DecreaseCounter constructing_actor_cnt, current val is 720
I1014 10:21:12.722821 41153 naive_actor.cpp:25] actor 2199025352705 switch to &NaiveActor::HandlerNormal
I1014 10:21:12.722831 41133 thread.cpp:96] Thread 524308 construct Actor kNormalForward 1099553570816
I1014 10:21:12.722913 41135 runtime_context.cpp:29] DecreaseCounter constructing_actor_cnt, current val is 719
I1014 10:21:12.723110 41144 thread.cpp:96] Thread 524337 construct Actor kTick 1099614388245
I1014 10:21:12.723204 41143 thread.cpp:96] Thread 524318 construct Actor kForeignOutput 1099574542336
I1014 10:21:12.724061 41144 runtime_context.cpp:29] DecreaseCounter constructing_actor_cnt, current val is 714
I1014 10:21:12.723505 41157 runtime_context.cpp:29] DecreaseCounter constructing_actor_cnt, current val is 718
I1014 10:21:12.723659 41151 thread.cpp:96] Thread 1048576 construct Actor kNormalForward 2199023255553
I1014 10:21:12.718786 41141 naive_actor.cpp:25] actor 1099570348032 switch to &NaiveActor::HandlerNormal
I1014 10:21:12.723879 41137 runtime_context.cpp:29] DecreaseCounter constructing_actor_cnt, current val is 717
I1014 10:21:12.723902 41124 runtime_context.cpp:29] DecreaseCounter constructing_actor_cnt, current val is 716
I1014 10:21:12.723925 41153 thread.cpp:96] Thread 1048577 construct Actor kSliceBoxing 2199025352705
I1014 10:21:12.723964 41133 runtime_context.cpp:29] DecreaseCounter constructing_actor_cnt, current val is 715
I1014 10:21:12.724093 41143 runtime_context.cpp:29] DecreaseCounter constructing_actor_cnt, current val is 713
I1014 10:21:12.724539 41144 naive_actor.cpp:25] actor 1099614388234 switch to &NaiveActor::HandlerNormal
I1014 10:21:12.724294 41151 runtime_context.cpp:29] DecreaseCounter constructing_actor_cnt, current val is 712
I1014 10:21:12.724370 41141 thread.cpp:96] Thread 524316 construct Actor kNormalForward 1099570348032
I1014 10:21:12.724509 41153 runtime_context.cpp:29] DecreaseCounter constructing_actor_cnt, current val is 711
I1014 10:21:12.723393 41159 naive_actor.cpp:25] actor 2207615287299 switch to &NaiveActor::HandlerNormal
I1014 10:21:12.724614 41144 thread.cpp:96] Thread 524337 construct Actor kTick 1099614388234
I1014 10:21:12.724766 41141 runtime_context.cpp:29] DecreaseCounter constructing_actor_cnt, current val is 710
I1014 10:21:12.724819 41159 thread.cpp:96] Thread 1052673 construct Actor kCopyHd 2207615287299
I1014 10:21:12.724898 41144 runtime_context.cpp:29] DecreaseCounter constructing_actor_cnt, current val is 709
I1014 10:21:12.725008 41153 naive_actor.cpp:25] actor 2199025352706 switch to &NaiveActor::HandlerNormal
I1014 10:21:12.725026 41159 runtime_context.cpp:29] DecreaseCounter constructing_actor_cnt, current val is 708
I1014 10:21:12.725093 41153 thread.cpp:96] Thread 1048577 construct Actor kSliceBoxing 2199025352706
I1014 10:21:12.725241 41153 runtime_context.cpp:29] DecreaseCounter constructing_actor_cnt, current val is 707
I1014 10:21:12.725354 41159 naive_actor.cpp:25] actor 2207615287296 switch to &NaiveActor::HandlerNormal
I1014 10:21:12.725415 41159 thread.cpp:96] Thread 1052673 construct Actor kSliceBoxing 2207615287296
I1014 10:21:12.725450 41157 naive_actor.cpp:25] actor 2207613190144 switch to &NaiveActor::HandlerNormal
I1014 10:21:12.725482 41153 naive_actor.cpp:25] actor 2199025352709 switch to &NaiveActor::HandlerNormal
I1014 10:21:12.725492 41159 runtime_context.cpp:29] DecreaseCounter constructing_actor_cnt, current val is 706
I1014 10:21:12.725528 41144 naive_actor.cpp:25] actor 1099614388233 switch to &NaiveActor::HandlerNormal
I1014 10:21:12.725628 41157 thread.cpp:96] Thread 1052672 construct Actor kNormalForward 2207613190144
I1014 10:21:12.725642 41151 naive_actor.cpp:25] actor 2199023255560 switch to &NaiveActor::HandlerNormal
I1014 10:21:12.725855 41151 thread.cpp:96] Thread 1048576 construct Actor kNormalForward 2199023255560
I1014 10:21:12.725764 41144 thread.cpp:96] Thread 524337 construct Actor kDstSubsetTick 1099614388233
I1014 10:21:12.725672 41153 thread.cpp:96] Thread 1048577 construct Actor kCopyHd 2199025352709
I1014 10:21:12.725874 41157 runtime_context.cpp:29] DecreaseCounter constructing_actor_cnt, current val is 705
I1014 10:21:12.725926 41159 naive_actor.cpp:25] actor 2207615287300 switch to &NaiveActor::HandlerNormal
I1014 10:21:12.725944 41151 runtime_context.cpp:29] DecreaseCounter constructing_actor_cnt, current val is 704
I1014 10:21:12.725983 41144 runtime_context.cpp:29] DecreaseCounter constructing_actor_cnt, current val is 703
I1014 10:21:12.726019 41153 runtime_context.cpp:29] DecreaseCounter constructing_actor_cnt, current val is 702
I1014 10:21:12.726074 41159 thread.cpp:96] Thread 1052673 construct Actor kCopyHd 2207615287300
I1014 10:21:12.726279 41159 runtime_context.cpp:29] DecreaseCounter constructing_actor_cnt, current val is 701
I1014 10:21:12.726478 41153 naive_actor.cpp:25] actor 2199025352707 switch to &NaiveActor::HandlerNormal
I1014 10:21:12.726505 41159 naive_actor.cpp:25] actor 2207615287301 switch to &NaiveActor::HandlerNormal
I1014 10:21:12.726547 41153 thread.cpp:96] Thread 1048577 construct Actor kCopyHd 2199025352707
I1014 10:21:12.726601 41159 thread.cpp:96] Thread 1052673 construct Actor kCopyHd 2207615287301
I1014 10:21:12.726684 41144 naive_actor.cpp:25] actor 1099614388299 switch to &NaiveActor::HandlerNormal
I1014 10:21:12.726687 41153 runtime_context.cpp:29] DecreaseCounter constructing_actor_cnt, current val is 700
I1014 10:21:12.726729 41159 runtime_context.cpp:29] DecreaseCounter constructing_actor_cnt, current val is 699
I1014 10:21:12.726754 41144 thread.cpp:96] Thread 524337 construct Actor kTick 1099614388299
I1014 10:21:12.726949 41144 runtime_context.cpp:29] DecreaseCounter constructing_actor_cnt, current val is 698
I1014 10:21:12.727011 41159 naive_actor.cpp:25] actor 2207615287302 switch to &NaiveActor::HandlerNormal
I1014 10:21:12.727068 41159 thread.cpp:96] Thread 1052673 construct Actor kCopyHd 2207615287302
I1014 10:21:12.727077 41151 naive_actor.cpp:25] actor 2199023255555 switch to &NaiveActor::HandlerNormal
I1014 10:21:12.727129 41153 naive_actor.cpp:25] actor 2199025352704 switch to &NaiveActor::HandlerNormal
I1014 10:21:12.727139 41159 runtime_context.cpp:29] DecreaseCounter constructing_actor_cnt, current val is 697
I1014 10:21:12.727156 41151 thread.cpp:96] Thread 1048576 construct Actor kNormalForward 2199023255555
I1014 10:21:12.727191 41153 thread.cpp:96] Thread 1048577 construct Actor kSliceBoxing 2199025352704
I1014 10:21:12.727329 41151 runtime_context.cpp:29] DecreaseCounter constructing_actor_cnt, current val is 696
I1014 10:21:12.727332 41153 runtime_context.cpp:29] DecreaseCounter constructing_actor_cnt, current val is 695
I1014 10:21:12.727398 41157 naive_actor.cpp:25] actor 2207613190153 switch to &NaiveActor::HandlerNormal
I1014 10:21:12.727459 41157 thread.cpp:96] Thread 1052672 construct Actor kNormalForward 2207613190153
I1014 10:21:12.727469 41144 naive_actor.cpp:25] actor 1099614388225 switch to &NaiveActor::HandlerNormal
I1014 10:21:12.727557 41144 thread.cpp:96] Thread 524337 construct Actor kDeviceTick 1099614388225
I1014 10:21:12.727591 41157 runtime_context.cpp:29] DecreaseCounter constructing_actor_cnt, current val is 694
I1014 10:21:12.727618 41153 naive_actor.cpp:25] actor 2199025352710 switch to &NaiveActor::HandlerNormal
I1014 10:21:12.727661 41144 runtime_context.cpp:29] DecreaseCounter constructing_actor_cnt, current val is 693
I1014 10:21:12.727758 41153 thread.cpp:96] Thread 1048577 construct Actor kCopyHd 2199025352710
I1014 10:21:12.727905 41153 runtime_context.cpp:29] DecreaseCounter constructing_actor_cnt, current val is 692
I1014 10:21:12.728266 41144 naive_actor.cpp:25] actor 1099614388227 switch to &NaiveActor::HandlerNormal
I1014 10:21:12.728288 41153 naive_actor.cpp:25] actor 2199025352711 switch to &NaiveActor::HandlerNormal
I1014 10:21:12.728329 41144 thread.cpp:96] Thread 524337 construct Actor kSrcSubsetTick 1099614388227
I1014 10:21:12.728394 41153 thread.cpp:96] Thread 1048577 construct Actor kCopyHd 2199025352711
I1014 10:21:12.728437 41151 naive_actor.cpp:25] actor 2199023255579 switch to &NaiveActor::HandlerNormal
I1014 10:21:12.728499 41144 runtime_context.cpp:29] DecreaseCounter constructing_actor_cnt, current val is 691
I1014 10:21:12.728518 41151 thread.cpp:96] Thread 1048576 construct Actor kNormalForward 2199023255579
I1014 10:21:12.728519 41153 runtime_context.cpp:29] DecreaseCounter constructing_actor_cnt, current val is 690
I1014 10:21:12.728658 41151 runtime_context.cpp:29] DecreaseCounter constructing_actor_cnt, current val is 689
I1014 10:21:12.728797 41157 naive_actor.cpp:25] actor 2207613190152 switch to &NaiveActor::HandlerNormal
I1014 10:21:12.728859 41157 thread.cpp:96] Thread 1052672 construct Actor kNormalForward 2207613190152
I1014 10:21:12.728965 41144 naive_actor.cpp:25] actor 1099614388237 switch to &NaiveActor::HandlerNormal
I1014 10:21:12.728969 41157 runtime_context.cpp:29] DecreaseCounter constructing_actor_cnt, current val is 688
I1014 10:21:12.729022 41144 thread.cpp:96] Thread 524337 construct Actor kTick 1099614388237
I1014 10:21:12.729072 41151 naive_actor.cpp:25] actor 2199023255558 switch to &NaiveActor::HandlerNormal
I1014 10:21:12.729135 41151 thread.cpp:96] Thread 1048576 construct Actor kNormalForward 2199023255558
I1014 10:21:12.729141 41144 runtime_context.cpp:29] DecreaseCounter constructing_actor_cnt, current val is 687
I1014 10:21:12.729216 41151 runtime_context.cpp:29] DecreaseCounter constructing_actor_cnt, current val is 686
I1014 10:21:12.729532 41144 naive_actor.cpp:25] actor 1099614388224 switch to &NaiveActor::HandlerNormal
I1014 10:21:12.729640 41144 thread.cpp:96] Thread 524337 construct Actor kDeviceTick 1099614388224
I1014 10:21:12.729724 41144 runtime_context.cpp:29] DecreaseCounter constructing_actor_cnt, current val is 685
I1014 10:21:12.730194 41144 naive_actor.cpp:25] actor 1099614388240 switch to &NaiveActor::HandlerNormal
I1014 10:21:12.730255 41144 thread.cpp:96] Thread 524337 construct Actor kSrcSubsetTick 1099614388240
I1014 10:21:12.730284 41151 naive_actor.cpp:25] actor 2199023255552 switch to &NaiveActor::HandlerNormal
I1014 10:21:12.730324 41144 runtime_context.cpp:29] DecreaseCounter constructing_actor_cnt, current val is 684
I1014 10:21:12.730332 41151 thread.cpp:96] Thread 1048576 construct Actor kNormalForward 2199023255552
I1014 10:21:12.730451 41151 runtime_context.cpp:29] DecreaseCounter constructing_actor_cnt, current val is 683
I1014 10:21:12.730543 41157 naive_actor.cpp:25] actor 2207613190151 switch to &NaiveActor::HandlerNormal
I1014 10:21:12.730614 41157 thread.cpp:96] Thread 1052672 construct Actor kNormalForward 2207613190151
I1014 10:21:12.730732 41157 runtime_context.cpp:29] DecreaseCounter constructing_actor_cnt, current val is 682
I1014 10:21:12.730796 41144 naive_actor.cpp:25] actor 1099614388226 switch to &NaiveActor::HandlerNormal
I1014 10:21:12.730852 41144 thread.cpp:96] Thread 524337 construct Actor kDeviceTick 1099614388226
I1014 10:21:12.730935 41144 runtime_context.cpp:29] DecreaseCounter constructing_actor_cnt, current val is 681
I1014 10:21:12.731247 41157 naive_actor.cpp:25] actor 2207613190154 switch to &NaiveActor::HandlerNormal
I1014 10:21:12.731308 41157 thread.cpp:96] Thread 1052672 construct Actor kNormalForward 2207613190154
I1014 10:21:12.731444 41151 naive_actor.cpp:25] actor 2199023255556 switch to &NaiveActor::HandlerNormal
I1014 10:21:12.731501 41151 thread.cpp:96] Thread 1048576 construct Actor kNormalForward 2199023255556
I1014 10:21:12.731528 41157 runtime_context.cpp:29] DecreaseCounter constructing_actor_cnt, current val is 680
I1014 10:21:12.731591 41144 naive_actor.cpp:25] actor 1099614388243 switch to &NaiveActor::HandlerNormal
I1014 10:21:12.731597 41151 runtime_context.cpp:29] DecreaseCounter constructing_actor_cnt, current val is 679
I1014 10:21:12.731642 41144 thread.cpp:96] Thread 524337 construct Actor kDstSubsetTick 1099614388243
I1014 10:21:12.731765 41144 runtime_context.cpp:29] DecreaseCounter constructing_actor_cnt, current val is 678
I1014 10:21:12.732004 41157 naive_actor.cpp:25] actor 2207613190145 switch to &NaiveActor::HandlerNormal
I1014 10:21:12.732004 41151 naive_actor.cpp:25] actor 2199023255576 switch to &NaiveActor::HandlerNormal
I1014 10:21:12.732090 41157 thread.cpp:96] Thread 1052672 construct Actor kNormalForward 2207613190145
I1014 10:21:12.732125 41151 thread.cpp:96] Thread 1048576 construct Actor kNormalForward 2199023255576
I1014 10:21:12.732158 41144 naive_actor.cpp:25] actor 1099614388235 switch to &NaiveActor::HandlerNormal
I1014 10:21:12.732223 41157 runtime_context.cpp:29] DecreaseCounter constructing_actor_cnt, current val is 677
I1014 10:21:12.732231 41144 thread.cpp:96] Thread 524337 construct Actor kTick 1099614388235
I1014 10:21:12.732244 41151 runtime_context.cpp:29] DecreaseCounter constructing_actor_cnt, current val is 676
I1014 10:21:12.732359 41144 runtime_context.cpp:29] DecreaseCounter constructing_actor_cnt, current val is 675
I1014 10:21:12.732771 41144 naive_actor.cpp:25] actor 1099614388236 switch to &NaiveActor::HandlerNormal
I1014 10:21:12.732825 41144 thread.cpp:96] Thread 524337 construct Actor kTick 1099614388236
I1014 10:21:12.732913 41144 runtime_context.cpp:29] DecreaseCounter constructing_actor_cnt, current val is 674
I1014 10:21:12.733286 41144 naive_actor.cpp:25] actor 1099614388242 switch to &NaiveActor::HandlerNormal
I1014 10:21:12.733343 41151 naive_actor.cpp:25] actor 2199023255554 switch to &NaiveActor::HandlerNormal
I1014 10:21:12.733345 41144 thread.cpp:96] Thread 524337 construct Actor kTick 1099614388242
I1014 10:21:12.733397 41151 thread.cpp:96] Thread 1048576 construct Actor kNormalForward 2199023255554
I1014 10:21:12.733466 41144 runtime_context.cpp:29] DecreaseCounter constructing_actor_cnt, current val is 673
I1014 10:21:12.733544 41151 runtime_context.cpp:29] DecreaseCounter constructing_actor_cnt, current val is 672
I1014 10:21:12.733574 41157 naive_actor.cpp:25] actor 2207613190169 switch to &NaiveActor::HandlerNormal
I1014 10:21:12.733644 41157 thread.cpp:96] Thread 1052672 construct Actor kNormalForward 2207613190169
I1014 10:21:12.733760 41157 runtime_context.cpp:29] DecreaseCounter constructing_actor_cnt, current val is 671
I1014 10:21:12.733871 41144 naive_actor.cpp:25] actor 1099614388232 switch to &NaiveActor::HandlerNormal
I1014 10:21:12.733929 41144 thread.cpp:96] Thread 524337 construct Actor kTick 1099614388232
I1014 10:21:12.734027 41144 runtime_context.cpp:29] DecreaseCounter constructing_actor_cnt, current val is 670
I1014 10:21:12.734375 41144 naive_actor.cpp:25] actor 1099614388244 switch to &NaiveActor::HandlerNormal
I1014 10:21:12.734434 41144 thread.cpp:96] Thread 524337 construct Actor kTick 1099614388244
I1014 10:21:12.734515 41144 runtime_context.cpp:29] DecreaseCounter constructing_actor_cnt, current val is 669
I1014 10:21:12.734639 41151 naive_actor.cpp:25] actor 2199023255561 switch to &NaiveActor::HandlerNormal
I1014 10:21:12.734692 41151 thread.cpp:96] Thread 1048576 construct Actor kNormalForward 2199023255561
I1014 10:21:12.734799 41151 runtime_context.cpp:29] DecreaseCounter constructing_actor_cnt, current val is 668
I1014 10:21:12.734963 41144 naive_actor.cpp:25] actor 1099614388246 switch to &NaiveActor::HandlerNormal
I1014 10:21:12.734992 41157 naive_actor.cpp:25] actor 2207613190148 switch to &NaiveActor::HandlerNormal
I1014 10:21:12.735023 41144 thread.cpp:96] Thread 524337 construct Actor kTick 1099614388246
I1014 10:21:12.735150 41157 thread.cpp:96] Thread 1052672 construct Actor kNormalForward 2207613190148
I1014 10:21:12.735230 41144 runtime_context.cpp:29] DecreaseCounter constructing_actor_cnt, current val is 667
I1014 10:21:12.735288 41157 runtime_context.cpp:29] DecreaseCounter constructing_actor_cnt, current val is 666
I1014 10:21:12.735615 41144 naive_actor.cpp:25] actor 1099614388247 switch to &NaiveActor::HandlerNormal
I1014 10:21:12.735675 41144 thread.cpp:96] Thread 524337 construct Actor kDeviceTick 1099614388247
I1014 10:21:12.735767 41144 runtime_context.cpp:29] DecreaseCounter constructing_actor_cnt, current val is 665
I1014 10:21:12.735854 41151 naive_actor.cpp:25] actor 2199023255577 switch to &NaiveActor::HandlerNormal
I1014 10:21:12.735905 41151 thread.cpp:96] Thread 1048576 construct Actor kNormalForward 2199023255577
I1014 10:21:12.736006 41151 runtime_context.cpp:29] DecreaseCounter constructing_actor_cnt, current val is 664
I1014 10:21:12.736174 41144 naive_actor.cpp:25] actor 1099614388248 switch to &NaiveActor::HandlerNormal
I1014 10:21:12.736230 41144 thread.cpp:96] Thread 524337 construct Actor kSrcSubsetTick 1099614388248
I1014 10:21:12.736317 41144 runtime_context.cpp:29] DecreaseCounter constructing_actor_cnt, current val is 663
I1014 10:21:12.736356 41151 naive_actor.cpp:25] actor 2199023255564 switch to &NaiveActor::HandlerNormal
I1014 10:21:12.736371 41157 naive_actor.cpp:25] actor 2207613190149 switch to &NaiveActor::HandlerNormal
I1014 10:21:12.736409 41151 thread.cpp:96] Thread 1048576 construct Actor kNormalForward 2199023255564
I1014 10:21:12.736461 41157 thread.cpp:96] Thread 1052672 construct Actor kNormalForward 2207613190149
I1014 10:21:12.736546 41151 runtime_context.cpp:29] DecreaseCounter constructing_actor_cnt, current val is 662
I1014 10:21:12.736601 41157 runtime_context.cpp:29] DecreaseCounter constructing_actor_cnt, current val is 661
I1014 10:21:12.736707 41144 naive_actor.cpp:25] actor 1099614388331 switch to &NaiveActor::HandlerNormal
I1014 10:21:12.736763 41144 thread.cpp:96] Thread 524337 construct Actor kTick 1099614388331
I1014 10:21:12.736855 41144 runtime_context.cpp:29] DecreaseCounter constructing_actor_cnt, current val is 660
I1014 10:21:12.737077 41157 naive_actor.cpp:25] actor 2207613190156 switch to &NaiveActor::HandlerNormal
I1014 10:21:12.737134 41157 thread.cpp:96] Thread 1052672 construct Actor kNormalForward 2207613190156
I1014 10:21:12.737211 41157 runtime_context.cpp:29] DecreaseCounter constructing_actor_cnt, current val is 659
I1014 10:21:12.737298 41144 naive_actor.cpp:25] actor 1099614388251 switch to &NaiveActor::HandlerNormal
I1014 10:21:12.737354 41144 thread.cpp:96] Thread 524337 construct Actor kTick 1099614388251
I1014 10:21:12.737432 41144 runtime_context.cpp:29] DecreaseCounter constructing_actor_cnt, current val is 658
I1014 10:21:12.737890 41144 naive_actor.cpp:25] actor 1099614388252 switch to &NaiveActor::HandlerNormal
I1014 10:21:12.737962 41144 thread.cpp:96] Thread 524337 construct Actor kDstSubsetTick 1099614388252
I1014 10:21:12.738059 41144 runtime_context.cpp:29] DecreaseCounter constructing_actor_cnt, current val is 657
I1014 10:21:12.738418 41151 naive_actor.cpp:25] actor 2199023255588 switch to &NaiveActor::HandlerNormal
I1014 10:21:12.738467 41144 naive_actor.cpp:25] actor 1099614388253 switch to &NaiveActor::HandlerNormal
I1014 10:21:12.738469 41151 thread.cpp:96] Thread 1048576 construct Actor kNormalForward 2199023255588
I1014 10:21:12.738533 41144 thread.cpp:96] Thread 524337 construct Actor kTick 1099614388253
I1014 10:21:12.738626 41151 runtime_context.cpp:29] DecreaseCounter constructing_actor_cnt, current val is 656
I1014 10:21:12.738663 41144 runtime_context.cpp:29] DecreaseCounter constructing_actor_cnt, current val is 655
I1014 10:21:12.738891 41157 naive_actor.cpp:25] actor 2207613190180 switch to &NaiveActor::HandlerNormal
I1014 10:21:12.738953 41157 thread.cpp:96] Thread 1052672 construct Actor kNormalForward 2207613190180
I1014 10:21:12.739085 41144 naive_actor.cpp:25] actor 1099614388254 switch to &NaiveActor::HandlerNormal
I1014 10:21:12.739161 41144 thread.cpp:96] Thread 524337 construct Actor kTick 1099614388254
I1014 10:21:12.739184 41157 runtime_context.cpp:29] DecreaseCounter constructing_actor_cnt, current val is 654
I1014 10:21:12.739256 41144 runtime_context.cpp:29] DecreaseCounter constructing_actor_cnt, current val is 653
I1014 10:21:12.739658 41151 naive_actor.cpp:25] actor 2199023255568 switch to &NaiveActor::HandlerNormal
I1014 10:21:12.739715 41151 thread.cpp:96] Thread 1048576 construct Actor kNormalForward 2199023255568
I1014 10:21:12.739740 41144 naive_actor.cpp:25] actor 1099614388255 switch to &NaiveActor::HandlerNormal
I1014 10:21:12.739797 41144 thread.cpp:96] Thread 524337 construct Actor kTick 1099614388255
