Log file created at: 2021/10/12 16:02:16
Running on machine: oneflow-14
Log line format: [IWEF]mmdd hh:mm:ss.uuuuuu threadid file:line] msg
I1012 16:02:16.263765 28552 global.h:36] NewGlobal 14cudaDeviceProp
I1012 16:02:16.264829 28552 global.h:36] NewGlobal N7oneflow7EnvDescE
I1012 16:02:16.264847 28552 global.h:36] NewGlobal N7oneflow10ProcessCtxE
I1012 16:02:16.264855 28552 env_global_objects_scope.cpp:152] using rpc backend: local
I1012 16:02:16.264912 28552 global.h:36] NewGlobal N7oneflow12ResourceDescE
I1012 16:02:16.264925 28552 global.h:36] NewGlobal N7oneflow12ResourceDescE
I1012 16:02:16.317440 28552 global.h:36] NewGlobal N7oneflow10ThreadPoolE
I1012 16:02:16.318302 28552 global.h:36] NewGlobal N7oneflow16EagerNcclCommMgrE
I1012 16:02:16.318312 28552 global.h:36] NewGlobal N7oneflow18CudnnConvAlgoCacheE
I1012 16:02:16.318320 28552 global.h:36] NewGlobal N7oneflow2vm19VirtualMachineScopeE
I1012 16:02:16.318325 28552 global.h:36] NewGlobal N7oneflow9OneflowVME
I1012 16:02:16.318904 28552 oneflow_vm.cpp:75] transport stream type: N7oneflow2vm13CpuStreamTypeE
I1012 16:02:16.318917 28552 oneflow_vm.cpp:75] transport stream type: N7oneflow2vm14CudaStreamTypeE
I1012 16:02:16.318922 28552 oneflow_vm.cpp:75] transport stream type: N7oneflow2vm19AsyncCudaStreamTypeE
I1012 16:02:16.319023 28552 global.h:36] NewGlobal N7oneflow27EagerJobBuildAndInferCtxMgrE
I1012 16:02:16.319033 28552 global.h:36] NewGlobal N7oneflow12EpollCommNetE
I1012 16:02:16.319121 28552 epoll_comm_network.cpp:63] CommNet:Epoll listening on 0.0.0.0:34426
I1012 16:02:16.319146 28552 epoll_comm_network.cpp:197] machine 0 sockfd -1
I1012 16:02:16.319234 28552 global.h:36] NewGlobal N7oneflow9TransportE
I1012 16:02:16.320250 28552 global.h:43] DeleteGlobal N7oneflow12ResourceDescE
I1012 16:02:16.320271 28552 version.cpp:22] OneFlow git version: b295ca2324
I1012 16:02:16.320283 28552 device_register_gpu.cpp:56] CUDA runtime version: 11.2
I1012 16:02:16.320297 28552 device_register_gpu.cpp:65] cuDNN version: 8.1.1
I1012 16:02:16.320304 28552 device_register_gpu.cpp:78] NCCL version: 2.9.8
I1012 16:02:16.320310 28552 global.h:36] NewGlobal N7oneflow12ResourceDescE
I1012 16:02:16.320315 28552 global.h:36] NewGlobal N7oneflow5IDMgrE
I1012 16:02:16.320319 28552 global.h:36] NewGlobal N7oneflow16AvailableMemDescE
I1012 16:02:16.320338 28552 global.h:36] NewGlobal St13unordered_mapISslSt4hashISsESt8equal_toISsESaISt4pairIKSslEEE
I1012 16:02:16.320344 28552 global.h:36] NewGlobal N7oneflow19CriticalSectionDescE
I1012 16:02:16.320348 28552 global.h:36] NewGlobal N7oneflow16InterUserJobInfoE
I1012 16:02:16.320353 28552 global.h:36] NewGlobal N7oneflow26LazyJobBuildAndInferCtxMgrE
I1012 16:02:16.320358 28552 global.h:36] NewGlobal N7oneflow16JobSetCompileCtxE
I1012 16:02:16.320363 28552 global.h:36] NewGlobal N7oneflow26RuntimeBufferManagersScopeE
I1012 16:02:16.320366 28552 global.h:36] NewGlobal N7oneflow9BufferMgrIlEE
I1012 16:02:16.320370 28552 global.h:36] NewGlobal N7oneflow9BufferMgrISt10shared_ptrINS_11JobInstanceEEEE
I1012 16:02:16.320375 28552 global.h:36] NewGlobal N7oneflow10RuntimeCtxE
I1012 16:02:16.320379 28552 global.h:36] NewGlobal N7oneflow15MemoryAllocatorE
I1012 16:02:16.320382 28552 global.h:36] NewGlobal N7oneflow8ChunkMgrE
I1012 16:02:16.320386 28552 global.h:36] NewGlobal N7oneflow8RegstMgrE
I1012 16:02:16.320390 28552 global.h:36] NewGlobal N7oneflow11ActorMsgBusE
I1012 16:02:16.320394 28552 global.h:36] NewGlobal N7oneflow9ThreadMgrE
I1012 16:02:16.320398 28552 global.h:36] NewGlobal N7oneflow15RuntimeJobDescsE
I1012 16:02:16.320402 28552 global.h:36] NewGlobal N7oneflow7summary12EventsWriterE
I1012 16:02:16.320408 28552 global.h:36] NewGlobal N7oneflow6boxing10collective24CollectiveBoxingExecutorE
I1012 16:02:16.320413 28552 global.h:36] NewGlobal N7oneflow6boxing10collective31CollectiveBoxingDeviceCtxPollerE
I1012 16:02:16.320513 28552 session.h:77] NewGlobal N7oneflow25SessionGlobalObjectsScopeE
I1012 16:02:16.321004 28552 global.h:36] NewGlobal N7oneflow7JobDescE
I1012 16:02:16.816489 28552 global.h:43] DeleteGlobal N7oneflow7JobDescE
I1012 16:02:16.816700 28552 global.h:36] NewGlobal N7oneflow7JobDescE
I1012 16:02:16.820077 28552 global.h:36] NewGlobal N7oneflow7OpGraphE
I1012 16:02:16.827311 28552 global.h:43] DeleteGlobal N7oneflow7OpGraphE
I1012 16:02:17.135674 28552 global.h:43] DeleteGlobal N7oneflow7JobDescE
I1012 16:02:17.154156 28552 global.h:36] NewGlobal N7oneflow24InterJobReuseMemStrategyE
I1012 16:02:17.154181 28552 global.h:36] NewGlobal N7oneflow7OneflowE
I1012 16:02:17.167707 28552 global.h:36] NewGlobal N7oneflow7JobDescE
I1012 16:02:17.503010 28552 insert_nccl_logical_op_pass.cpp:663]  Try insert nccl logical ops into job: train_job. Begin...
I1012 16:02:17.503904 28552 insert_nccl_logical_op_pass.cpp:432]  insert nccl op: System-NCCL-Logical-S2B-114 from: [IdentityN_5](order=0, nd_sbp=[S(0)])->[ParallelCast_6](order=2, nd_sbp=[B]) and before: [System-Boxing-Identity-93](order=1)
I1012 16:02:17.504019 28552 insert_nccl_logical_op_pass.cpp:432]  insert nccl op: System-NCCL-Logical-S2B-115 from: [IdentityN_5](order=0, nd_sbp=[S(0)])->[ParallelCast_11](order=3, nd_sbp=[B]) and before: [System-Boxing-Identity-93](order=1)
I1012 16:02:17.504189 28552 insert_nccl_logical_op_pass.cpp:432]  insert nccl op: System-NCCL-Logical-S2S-116 from: [Gather_12](order=5, nd_sbp=[S(2)])->[Reshape_14](order=7, nd_sbp=[S(0)]) and before: [Reshape_8](order=6)
I1012 16:02:17.504335 28552 insert_nccl_logical_op_pass.cpp:432]  insert nccl op: System-NCCL-Logical-P2S-117 from: [ReduceSum_9](order=8, nd_sbp=[P])->[AddN_23](order=47, nd_sbp=[S(0)]) and before: [Concat_15](order=9)
I1012 16:02:17.505040 28552 insert_nccl_logical_op_pass.cpp:432]  insert nccl op: System-NCCL-Logical-S2B-118 from: [SigmoidCrossEntropy_24_grad](order=51, nd_sbp=[S(0)])->[ReduceSum_9_grad](order=56, nd_sbp=[B]) and before: [ScalarMul_26](order=52)
I1012 16:02:17.505144 28552 insert_nccl_logical_op_pass.cpp:432]  insert nccl op: System-NCCL-Logical-P2B-119 from: [deep_scores-matmul_grad_b](order=53, nd_sbp=[P])->[System-ModelDiffScale-ScalarMul_66](order=57, nd_sbp=[B]) and before: [deep_scores-matmul_grad_a](order=54)
I1012 16:02:17.505239 28552 insert_nccl_logical_op_pass.cpp:432]  insert nccl op: System-NCCL-Logical-P2B-120 from: [deep_scores-bias_add_grad](order=55, nd_sbp=[P])->[System-ModelDiffScale-ScalarMul_78](order=60, nd_sbp=[B]) and before: [ReduceSum_9_grad](order=56)
I1012 16:02:17.505394 28552 insert_nccl_logical_op_pass.cpp:432]  insert nccl op: System-NCCL-Logical-P2B-121 from: [fc6-matmul_grad_b](order=65, nd_sbp=[P])->[System-ModelDiffScale-ScalarMul_70](order=69, nd_sbp=[B]) and before: [fc6-bias_add_grad](order=66)
I1012 16:02:17.505484 28552 insert_nccl_logical_op_pass.cpp:432]  insert nccl op: System-NCCL-Logical-P2B-122 from: [fc6-bias_add_grad](order=66, nd_sbp=[P])->[System-ModelDiffScale-ScalarMul_69](order=70, nd_sbp=[B]) and before: [fc6-matmul_grad_a](order=67)
I1012 16:02:17.505633 28552 insert_nccl_logical_op_pass.cpp:432]  insert nccl op: System-NCCL-Logical-P2B-123 from: [fc5-matmul_grad_b](order=76, nd_sbp=[P])->[System-ModelDiffScale-ScalarMul_68](order=79, nd_sbp=[B]) and before: [fc5-bias_add_grad](order=77)
I1012 16:02:17.505714 28552 insert_nccl_logical_op_pass.cpp:432]  insert nccl op: System-NCCL-Logical-P2B-124 from: [fc5-bias_add_grad](order=77, nd_sbp=[P])->[System-ModelDiffScale-ScalarMul_71](order=80, nd_sbp=[B]) and before: [fc5-matmul_grad_a](order=78)
I1012 16:02:17.505851 28552 insert_nccl_logical_op_pass.cpp:432]  insert nccl op: System-NCCL-Logical-P2B-125 from: [fc4-matmul_grad_b](order=85, nd_sbp=[P])->[System-ModelDiffScale-ScalarMul_74](order=88, nd_sbp=[B]) and before: [fc4-bias_add_grad](order=86)
I1012 16:02:17.505924 28552 insert_nccl_logical_op_pass.cpp:432]  insert nccl op: System-NCCL-Logical-P2B-126 from: [fc4-bias_add_grad](order=86, nd_sbp=[P])->[System-ModelDiffScale-ScalarMul_79](order=89, nd_sbp=[B]) and before: [fc4-matmul_grad_a](order=87)
I1012 16:02:17.506054 28552 insert_nccl_logical_op_pass.cpp:432]  insert nccl op: System-NCCL-Logical-P2B-127 from: [fc3-matmul_grad_b](order=94, nd_sbp=[P])->[System-ModelDiffScale-ScalarMul_67](order=97, nd_sbp=[B]) and before: [fc3-bias_add_grad](order=95)
I1012 16:02:17.506309 28552 insert_nccl_logical_op_pass.cpp:432]  insert nccl op: System-NCCL-Logical-P2B-128 from: [fc3-bias_add_grad](order=95, nd_sbp=[P])->[System-ModelDiffScale-ScalarMul_82](order=98, nd_sbp=[B]) and before: [fc3-matmul_grad_a](order=96)
I1012 16:02:17.506471 28552 insert_nccl_logical_op_pass.cpp:432]  insert nccl op: System-NCCL-Logical-P2B-129 from: [fc2-matmul_grad_b](order=103, nd_sbp=[P])->[System-ModelDiffScale-ScalarMul_77](order=106, nd_sbp=[B]) and before: [fc2-bias_add_grad](order=104)
I1012 16:02:17.506551 28552 insert_nccl_logical_op_pass.cpp:432]  insert nccl op: System-NCCL-Logical-P2B-130 from: [fc2-bias_add_grad](order=104, nd_sbp=[P])->[System-ModelDiffScale-ScalarMul_73](order=107, nd_sbp=[B]) and before: [fc2-matmul_grad_a](order=105)
I1012 16:02:17.506690 28552 insert_nccl_logical_op_pass.cpp:432]  insert nccl op: System-NCCL-Logical-P2B-131 from: [fc1-matmul_grad_b](order=112, nd_sbp=[P])->[System-ModelDiffScale-ScalarMul_81](order=115, nd_sbp=[B]) and before: [fc1-bias_add_grad](order=113)
I1012 16:02:17.506765 28552 insert_nccl_logical_op_pass.cpp:432]  insert nccl op: System-NCCL-Logical-P2B-132 from: [fc1-bias_add_grad](order=113, nd_sbp=[P])->[System-ModelDiffScale-ScalarMul_65](order=116, nd_sbp=[B]) and before: [fc1-matmul_grad_a](order=114)
I1012 16:02:17.506898 28552 insert_nccl_logical_op_pass.cpp:432]  insert nccl op: System-NCCL-Logical-P2B-133 from: [fc0-matmul_grad_b](order=121, nd_sbp=[P])->[System-ModelDiffScale-ScalarMul_75](order=124, nd_sbp=[B]) and before: [fc0-bias_add_grad](order=122)
I1012 16:02:17.506974 28552 insert_nccl_logical_op_pass.cpp:432]  insert nccl op: System-NCCL-Logical-P2B-134 from: [fc0-bias_add_grad](order=122, nd_sbp=[P])->[System-ModelDiffScale-ScalarMul_72](order=125, nd_sbp=[B]) and before: [fc0-matmul_grad_a](order=123)
I1012 16:02:17.507105 28552 insert_nccl_logical_op_pass.cpp:432]  insert nccl op: System-NCCL-Logical-S2S-135 from: [Reshape_14_grad](order=129, nd_sbp=[S(0)])->[Gather_12_grad](order=130, nd_sbp=[S(2)]) and before: [Gather_12_grad](order=130)
I1012 16:02:17.507164 28552 insert_nccl_logical_op_pass.cpp:699]  Try insert nccl logical ops into job: train_job. ...End

I1012 16:02:17.584895 28552 global.h:36] NewGlobal N7oneflow7OpGraphE
I1012 16:02:17.739126 28552 global.h:43] DeleteGlobal N7oneflow7OpGraphE
I1012 16:02:17.757907 28552 oneflow.cpp:210] 
job_id: 0 , job_name: train_job , compile time: 0.590159 seconds.
I1012 16:02:17.863554 28552 global.h:43] DeleteGlobal N7oneflow7JobDescE
I1012 16:02:17.863955 28552 global.h:36] NewGlobal N7oneflow7JobDescE
I1012 16:02:17.925772 28552 global.h:36] NewGlobal N7oneflow7OpGraphE
I1012 16:02:17.950773 28552 global.h:43] DeleteGlobal N7oneflow7OpGraphE
I1012 16:02:17.955596 28552 oneflow.cpp:210] 
job_id: 1 , job_name: System-ModelInit , compile time: 0.0908792 seconds.
I1012 16:02:17.973879 28552 global.h:43] DeleteGlobal N7oneflow7JobDescE
I1012 16:02:17.973964 28552 global.h:36] NewGlobal N7oneflow7JobDescE
I1012 16:02:18.032680 28552 global.h:36] NewGlobal N7oneflow7OpGraphE
I1012 16:02:18.057119 28552 global.h:43] DeleteGlobal N7oneflow7OpGraphE
I1012 16:02:18.061666 28552 oneflow.cpp:210] 
job_id: 2 , job_name: System-ModelLoad , compile time: 0.0876695 seconds.
I1012 16:02:18.079444 28552 global.h:43] DeleteGlobal N7oneflow7JobDescE
I1012 16:02:18.079486 28552 global.h:36] NewGlobal N7oneflow7JobDescE
I1012 16:02:18.135733 28552 global.h:36] NewGlobal N7oneflow7OpGraphE
I1012 16:02:18.158946 28552 global.h:43] DeleteGlobal N7oneflow7OpGraphE
I1012 16:02:18.163547 28552 oneflow.cpp:210] 
job_id: 3 , job_name: System-ModelSave , compile time: 0.0840369 seconds.
I1012 16:02:18.180490 28552 global.h:43] DeleteGlobal N7oneflow7JobDescE
I1012 16:02:18.180538 28552 global.h:36] NewGlobal N7oneflow7JobDescE
I1012 16:02:18.190120 28552 global.h:36] NewGlobal N7oneflow7OpGraphE
I1012 16:02:18.194478 28552 global.h:43] DeleteGlobal N7oneflow7OpGraphE
I1012 16:02:18.196899 28552 oneflow.cpp:210] 
job_id: 4 , job_name: System-Pull-Return_27 , compile time: 0.0163576 seconds.
I1012 16:02:18.201326 28552 global.h:43] DeleteGlobal N7oneflow7JobDescE
I1012 16:02:18.208792 28552 global.h:36] NewGlobal N7oneflow7JobDescE
I1012 16:02:18.208825 28552 global.h:36] NewGlobal N7oneflow7OpGraphE
I1012 16:02:18.214228 28552 global.h:43] DeleteGlobal N7oneflow7OpGraphE
I1012 16:02:18.217123 28552 oneflow.cpp:210] 
job_id: 5 , job_name: MainJob-unamed , compile time: 0.00830669 seconds.
I1012 16:02:18.224025 28552 global.h:43] DeleteGlobal N7oneflow7JobDescE
I1012 16:02:18.229099 28552 plan_util.cpp:928]  Plan: merged_plan needs to allocate [ 724.646 MiB ] device memory in Rank: 0 , Device: 1
I1012 16:02:18.229125 28552 plan_util.cpp:928]  Plan: merged_plan needs to allocate [ 724.647 MiB ] device memory in Rank: 0 , Device: 0
I1012 16:02:18.385917 28552 oneflow.cpp:998]  PushPlan merged_plan time: 0.0158973 seconds.
I1012 16:02:18.431258 28552 oneflow.cpp:1014]  PullPlan merged_plan time: 0.0403758 seconds.
I1012 16:02:23.122673 28552 runtime_context.cpp:21] NewCounter constructing_actor_cnt 781
I1012 16:02:23.124200 29126 naive_actor.cpp:25] actor 2199023255722 switch to &NaiveActor::HandlerNormal
I1012 16:02:23.124372 29122 naive_actor.cpp:25] actor 1099614388230 switch to &NaiveActor::HandlerNormal
I1012 16:02:23.124459 29138 naive_actor.cpp:25] actor 2207613190314 switch to &NaiveActor::HandlerNormal
I1012 16:02:23.124619 29123 wait_and_send_ids_actor.cpp:53] actor 1099616485376 switch to &WaitAndSendIdsActor::HandlerWaitToStart
I1012 16:02:23.124788 29123 thread.cpp:96] Thread 524338 construct Actor kWaitAndSendIds 1099616485376
I1012 16:02:23.124641 29126 thread.cpp:96] Thread 1048576 construct Actor kDeviceTick 2199023255722
I1012 16:02:23.124712 29122 thread.cpp:96] Thread 524337 construct Actor kDeviceTick 1099614388230
I1012 16:02:23.124761 29138 thread.cpp:96] Thread 1052672 construct Actor kDeviceTick 2207613190314
I1012 16:02:23.124894 29123 runtime_context.cpp:29] DecreaseCounter constructing_actor_cnt, current val is 780
I1012 16:02:23.124955 29126 runtime_context.cpp:29] DecreaseCounter constructing_actor_cnt, current val is 779
I1012 16:02:23.125001 29122 runtime_context.cpp:29] DecreaseCounter constructing_actor_cnt, current val is 778
I1012 16:02:23.125011 29138 runtime_context.cpp:29] DecreaseCounter constructing_actor_cnt, current val is 777
I1012 16:02:23.125250 29126 naive_actor.cpp:25] actor 2199023255783 switch to &NaiveActor::HandlerNormal
I1012 16:02:23.125277 29122 naive_actor.cpp:25] actor 1099614388231 switch to &NaiveActor::HandlerNormal
I1012 16:02:23.125283 29126 thread.cpp:96] Thread 1048576 construct Actor kDeviceTick 2199023255783
I1012 16:02:23.125329 29138 naive_actor.cpp:25] actor 2207613190375 switch to &NaiveActor::HandlerNormal
I1012 16:02:23.125316 29122 thread.cpp:96] Thread 524337 construct Actor kDeviceTick 1099614388231
I1012 16:02:23.125391 29138 thread.cpp:96] Thread 1052672 construct Actor kDeviceTick 2207613190375
I1012 16:02:23.125411 29126 runtime_context.cpp:29] DecreaseCounter constructing_actor_cnt, current val is 776
I1012 16:02:23.125495 29122 runtime_context.cpp:29] DecreaseCounter constructing_actor_cnt, current val is 775
I1012 16:02:23.125540 29138 runtime_context.cpp:29] DecreaseCounter constructing_actor_cnt, current val is 774
I1012 16:02:23.125710 29126 naive_actor.cpp:25] actor 2199023255822 switch to &NaiveActor::HandlerNormal
I1012 16:02:23.125752 29126 thread.cpp:96] Thread 1048576 construct Actor kDeviceTick 2199023255822
I1012 16:02:23.125756 29122 naive_actor.cpp:25] actor 1099614388240 switch to &NaiveActor::HandlerNormal
I1012 16:02:23.125787 29138 naive_actor.cpp:25] actor 2207613190414 switch to &NaiveActor::HandlerNormal
I1012 16:02:23.125793 29122 thread.cpp:96] Thread 524337 construct Actor kDeviceTick 1099614388240
I1012 16:02:23.125806 29126 runtime_context.cpp:29] DecreaseCounter constructing_actor_cnt, current val is 773
I1012 16:02:23.125828 29138 thread.cpp:96] Thread 1052672 construct Actor kDeviceTick 2207613190414
I1012 16:02:23.125890 29122 runtime_context.cpp:29] DecreaseCounter constructing_actor_cnt, current val is 772
I1012 16:02:23.125944 29138 runtime_context.cpp:29] DecreaseCounter constructing_actor_cnt, current val is 771
I1012 16:02:23.126085 29126 naive_actor.cpp:25] actor 2199023255861 switch to &NaiveActor::HandlerNormal
I1012 16:02:23.126144 29126 thread.cpp:96] Thread 1048576 construct Actor kDeviceTick 2199023255861
I1012 16:02:23.126315 29126 runtime_context.cpp:29] DecreaseCounter constructing_actor_cnt, current val is 770
I1012 16:02:23.126394 29122 naive_actor.cpp:25] actor 1099614388232 switch to &NaiveActor::HandlerNormal
I1012 16:02:23.126462 29122 thread.cpp:96] Thread 524337 construct Actor kDeviceTick 1099614388232
I1012 16:02:23.126510 29138 naive_actor.cpp:25] actor 2207613190453 switch to &NaiveActor::HandlerNormal
I1012 16:02:23.126518 29122 runtime_context.cpp:29] DecreaseCounter constructing_actor_cnt, current val is 769
I1012 16:02:23.126549 29138 thread.cpp:96] Thread 1052672 construct Actor kDeviceTick 2207613190453
I1012 16:02:23.126634 29138 runtime_context.cpp:29] DecreaseCounter constructing_actor_cnt, current val is 768
I1012 16:02:23.126816 29122 naive_actor.cpp:25] actor 1099614388241 switch to &NaiveActor::HandlerNormal
I1012 16:02:23.126850 29122 thread.cpp:96] Thread 524337 construct Actor kDeviceTick 1099614388241
I1012 16:02:23.126900 29122 runtime_context.cpp:29] DecreaseCounter constructing_actor_cnt, current val is 767
I1012 16:02:23.127148 29122 naive_actor.cpp:25] actor 1099614388251 switch to &NaiveActor::HandlerNormal
I1012 16:02:23.127182 29122 thread.cpp:96] Thread 524337 construct Actor kDeviceTick 1099614388251
I1012 16:02:23.127230 29122 runtime_context.cpp:29] DecreaseCounter constructing_actor_cnt, current val is 766
I1012 16:02:23.127480 29122 naive_actor.cpp:25] actor 1099614388260 switch to &NaiveActor::HandlerNormal
I1012 16:02:23.127513 29122 thread.cpp:96] Thread 524337 construct Actor kDeviceTick 1099614388260
I1012 16:02:23.127564 29122 runtime_context.cpp:29] DecreaseCounter constructing_actor_cnt, current val is 765
I1012 16:02:23.127909 29122 naive_actor.cpp:25] actor 1099614388269 switch to &NaiveActor::HandlerNormal
I1012 16:02:23.127943 29122 thread.cpp:96] Thread 524337 construct Actor kDeviceTick 1099614388269
I1012 16:02:23.127990 29122 runtime_context.cpp:29] DecreaseCounter constructing_actor_cnt, current val is 764
I1012 16:02:23.128216 29122 naive_actor.cpp:25] actor 1099614388289 switch to &NaiveActor::HandlerNormal
I1012 16:02:23.128249 29122 thread.cpp:96] Thread 524337 construct Actor kDeviceTick 1099614388289
I1012 16:02:23.128298 29122 runtime_context.cpp:29] DecreaseCounter constructing_actor_cnt, current val is 763
I1012 16:02:23.128551 29122 naive_actor.cpp:25] actor 1099614388278 switch to &NaiveActor::HandlerNormal
I1012 16:02:23.128584 29122 thread.cpp:96] Thread 524337 construct Actor kDeviceTick 1099614388278
I1012 16:02:23.128633 29122 runtime_context.cpp:29] DecreaseCounter constructing_actor_cnt, current val is 762
I1012 16:02:23.128875 29122 naive_actor.cpp:25] actor 1099614388287 switch to &NaiveActor::HandlerNormal
I1012 16:02:23.128907 29122 thread.cpp:96] Thread 524337 construct Actor kDeviceTick 1099614388287
I1012 16:02:23.128955 29122 runtime_context.cpp:29] DecreaseCounter constructing_actor_cnt, current val is 761
I1012 16:02:23.129199 29122 naive_actor.cpp:25] actor 1099614388286 switch to &NaiveActor::HandlerNormal
I1012 16:02:23.129231 29122 thread.cpp:96] Thread 524337 construct Actor kDeviceTick 1099614388286
I1012 16:02:23.129278 29122 runtime_context.cpp:29] DecreaseCounter constructing_actor_cnt, current val is 760
I1012 16:02:23.146852 29130 naive_actor.cpp:25] actor 2199027449856 switch to &NaiveActor::HandlerNormal
I1012 16:02:23.146989 29105 naive_actor.cpp:25] actor 1099557765120 switch to &NaiveActor::HandlerNormal
I1012 16:02:23.147006 29128 naive_actor.cpp:25] actor 2199025352709 switch to &NaiveActor::HandlerNormal
I1012 16:02:23.147341 29128 thread.cpp:96] Thread 1048577 construct Actor kCopyHd 2199025352709
I1012 16:02:23.147109 29121 naive_actor.cpp:25] actor 1099591319552 switch to &NaiveActor::HandlerNormal
I1012 16:02:23.147131 29130 thread.cpp:96] Thread 1048578 construct Actor kCopyHd 2199027449856
I1012 16:02:23.147708 29130 runtime_context.cpp:29] DecreaseCounter constructing_actor_cnt, current val is 758
I1012 16:02:23.147853 29108 naive_actor.cpp:25] actor 1099564056576 switch to &NaiveActor::HandlerNormal
I1012 16:02:23.147998 29108 thread.cpp:96] Thread 524313 construct Actor kNormalForward 1099564056576
I1012 16:02:23.147271 29105 thread.cpp:96] Thread 524310 construct Actor kNormalForward 1099557765120
I1012 16:02:23.147049 29122 naive_actor.cpp:25] actor 1099614388236 switch to &NaiveActor::HandlerNormal
I1012 16:02:23.148281 29108 runtime_context.cpp:29] DecreaseCounter constructing_actor_cnt, current val is 757
I1012 16:02:23.148298 29122 thread.cpp:96] Thread 524337 construct Actor kTick 1099614388236
I1012 16:02:23.148460 29089 naive_actor.cpp:25] actor 1099524210688 switch to &NaiveActor::HandlerNormal
I1012 16:02:23.148598 29122 runtime_context.cpp:29] DecreaseCounter constructing_actor_cnt, current val is 755
I1012 16:02:23.148232 29091 naive_actor.cpp:25] actor 1099528404992 switch to &NaiveActor::HandlerNormal
I1012 16:02:23.148720 29092 naive_actor.cpp:25] actor 1099530502144 switch to &NaiveActor::HandlerNormal
I1012 16:02:23.148759 29116 naive_actor.cpp:25] actor 1099580833792 switch to &NaiveActor::HandlerNormal
I1012 16:02:23.147498 29128 runtime_context.cpp:29] DecreaseCounter constructing_actor_cnt, current val is 759
I1012 16:02:23.149021 29112 naive_actor.cpp:25] actor 1099572445184 switch to &NaiveActor::HandlerNormal
I1012 16:02:23.148319 29111 naive_actor.cpp:25] actor 1099570348032 switch to &NaiveActor::HandlerNormal
I1012 16:02:23.148344 29113 naive_actor.cpp:25] actor 1099574542336 switch to &NaiveActor::HandlerNormal
I1012 16:02:23.148311 29099 naive_actor.cpp:25] actor 1099545182208 switch to &NaiveActor::HandlerNormal
I1012 16:02:23.149538 29124 sink_actor.cpp:21] actor 1099618582528 switch to &SinkActor::HandlerNormal
I1012 16:02:23.148422 29093 naive_actor.cpp:25] actor 1099532599296 switch to &NaiveActor::HandlerNormal
I1012 16:02:23.148034 29088 naive_actor.cpp:25] actor 1099522113536 switch to &NaiveActor::HandlerNormal
I1012 16:02:23.148298 29126 naive_actor.cpp:25] actor 2199023255564 switch to &NaiveActor::HandlerNormal
I1012 16:02:23.148131 29094 naive_actor.cpp:25] actor 1099534696448 switch to &NaiveActor::HandlerNormal
I1012 16:02:23.149808 29097 naive_actor.cpp:25] actor 1099540987904 switch to &NaiveActor::HandlerNormal
I1012 16:02:23.148320 29105 runtime_context.cpp:29] DecreaseCounter constructing_actor_cnt, current val is 756
I1012 16:02:23.148705 29104 naive_actor.cpp:25] actor 1099555667968 switch to &NaiveActor::HandlerNormal
I1012 16:02:23.147205 29140 naive_actor.cpp:25] actor 2207615287297 switch to &NaiveActor::HandlerNormal
I1012 16:02:23.150023 29140 thread.cpp:96] Thread 1052673 construct Actor kSliceBoxing 2207615287297
I1012 16:02:23.148274 29098 naive_actor.cpp:25] actor 1099543085056 switch to &NaiveActor::HandlerNormal
I1012 16:02:23.148780 29092 thread.cpp:96] Thread 524297 construct Actor kNormalForward 1099530502144
I1012 16:02:23.148823 29103 naive_actor.cpp:25] actor 1099553570816 switch to &NaiveActor::HandlerNormal
I1012 16:02:23.150275 29103 thread.cpp:96] Thread 524308 construct Actor kNormalForward 1099553570816
I1012 16:02:23.148840 29107 naive_actor.cpp:25] actor 1099561959424 switch to &NaiveActor::HandlerNormal
I1012 16:02:23.150422 29107 thread.cpp:96] Thread 524312 construct Actor kNormalForward 1099561959424
I1012 16:02:23.148916 29118 naive_actor.cpp:25] actor 1099585028096 switch to &NaiveActor::HandlerNormal
I1012 16:02:23.148998 29115 naive_actor.cpp:25] actor 1099578736640 switch to &NaiveActor::HandlerNormal
I1012 16:02:23.150611 29115 thread.cpp:96] Thread 524320 construct Actor kNormalForward 1099578736640
I1012 16:02:23.149120 29112 thread.cpp:96] Thread 524317 construct Actor kNormalForward 1099572445184
I1012 16:02:23.149144 29117 naive_actor.cpp:25] actor 1099582930944 switch to &NaiveActor::HandlerNormal
I1012 16:02:23.150879 29117 thread.cpp:96] Thread 524322 construct Actor kNormalForward 1099582930944
I1012 16:02:23.149174 29111 thread.cpp:96] Thread 524316 construct Actor kNormalForward 1099570348032
I1012 16:02:23.149220 29113 thread.cpp:96] Thread 524318 construct Actor kForeignInput 1099574542336
I1012 16:02:23.151028 29111 runtime_context.cpp:29] DecreaseCounter constructing_actor_cnt, current val is 747
I1012 16:02:23.151084 29113 runtime_context.cpp:29] DecreaseCounter constructing_actor_cnt, current val is 746
I1012 16:02:23.149251 29110 naive_actor.cpp:25] actor 1099568250880 switch to &NaiveActor::HandlerNormal
I1012 16:02:23.149242 29109 naive_actor.cpp:25] actor 1099566153728 switch to &NaiveActor::HandlerNormal
I1012 16:02:23.149253 29122 naive_actor.cpp:25] actor 1099614388224 switch to &NaiveActor::HandlerNormal
I1012 16:02:23.149302 29101 naive_actor.cpp:25] actor 1099549376512 switch to &NaiveActor::HandlerNormal
I1012 16:02:23.149358 29120 naive_actor.cpp:25] actor 1099589222400 switch to &NaiveActor::HandlerNormal
I1012 16:02:23.149402 29128 naive_actor.cpp:25] actor 2199025352708 switch to &NaiveActor::HandlerNormal
I1012 16:02:23.149441 29138 naive_actor.cpp:25] actor 2207613190167 switch to &NaiveActor::HandlerNormal
I1012 16:02:23.149441 29095 naive_actor.cpp:25] actor 1099536793600 switch to &NaiveActor::HandlerNormal
I1012 16:02:23.147600 29121 thread.cpp:96] Thread 524326 construct Actor kForeignOutput 1099591319552
I1012 16:02:23.149549 29114 naive_actor.cpp:25] actor 1099576639488 switch to &NaiveActor::HandlerNormal
I1012 16:02:23.149560 29099 thread.cpp:96] Thread 524304 construct Actor kNormalForward 1099545182208
I1012 16:02:23.149624 29124 thread.cpp:96] Thread 524339 construct Actor kCallbackNotify 1099618582528
I1012 16:02:23.149696 29093 thread.cpp:96] Thread 524298 construct Actor kNormalForward 1099532599296
I1012 16:02:23.149744 29088 thread.cpp:96] Thread 524293 construct Actor kNormalForward 1099522113536
I1012 16:02:23.149788 29126 thread.cpp:96] Thread 1048576 construct Actor kNormalForward 2199023255564
I1012 16:02:23.152226 29088 runtime_context.cpp:29] DecreaseCounter constructing_actor_cnt, current val is 741
I1012 16:02:23.149830 29094 thread.cpp:96] Thread 524299 construct Actor kNormalForward 1099534696448
I1012 16:02:23.149891 29097 thread.cpp:96] Thread 524302 construct Actor kNormalForward 1099540987904
I1012 16:02:23.149993 29104 thread.cpp:96] Thread 524309 construct Actor kNormalForward 1099555667968
I1012 16:02:23.148741 29091 thread.cpp:96] Thread 524296 construct Actor kNormalForward 1099528404992
I1012 16:02:23.150024 29087 naive_actor.cpp:25] actor 1099520016384 switch to &NaiveActor::HandlerNormal
I1012 16:02:23.152745 29087 thread.cpp:96] Thread 524292 construct Actor kNormalForward 1099520016384
I1012 16:02:23.150125 29098 thread.cpp:96] Thread 524303 construct Actor kNormalForward 1099543085056
I1012 16:02:23.150225 29092 runtime_context.cpp:29] DecreaseCounter constructing_actor_cnt, current val is 753
I1012 16:02:23.152894 29087 runtime_context.cpp:29] DecreaseCounter constructing_actor_cnt, current val is 735
I1012 16:02:23.148901 29106 naive_actor.cpp:25] actor 1099559862272 switch to &NaiveActor::HandlerNormal
I1012 16:02:23.150480 29103 runtime_context.cpp:29] DecreaseCounter constructing_actor_cnt, current val is 752
I1012 16:02:23.150527 29107 runtime_context.cpp:29] DecreaseCounter constructing_actor_cnt, current val is 751
I1012 16:02:23.150552 29118 thread.cpp:96] Thread 524323 construct Actor kNormalForward 1099585028096
I1012 16:02:23.148344 29096 naive_actor.cpp:25] actor 1099538890752 switch to &NaiveActor::HandlerNormal
I1012 16:02:23.153319 29118 runtime_context.cpp:29] DecreaseCounter constructing_actor_cnt, current val is 733
I1012 16:02:23.150738 29090 naive_actor.cpp:25] actor 1099526307840 switch to &NaiveActor::HandlerNormal
I1012 16:02:23.150766 29112 runtime_context.cpp:29] DecreaseCounter constructing_actor_cnt, current val is 749
I1012 16:02:23.149169 29102 naive_actor.cpp:25] actor 1099551473664 switch to &NaiveActor::HandlerNormal
I1012 16:02:23.151001 29117 runtime_context.cpp:29] DecreaseCounter constructing_actor_cnt, current val is 748
I1012 16:02:23.149228 29119 naive_actor.cpp:25] actor 1099587125248 switch to &NaiveActor::HandlerNormal
I1012 16:02:23.153826 29119 thread.cpp:96] Thread 524324 construct Actor kNormalForward 1099587125248
I1012 16:02:23.151360 29110 thread.cpp:96] Thread 524315 construct Actor kForeignInput 1099568250880
I1012 16:02:23.151438 29109 thread.cpp:96] Thread 524314 construct Actor kNormalForward 1099566153728
I1012 16:02:23.151487 29122 thread.cpp:96] Thread 524337 construct Actor kDeviceTick 1099614388224
I1012 16:02:23.151543 29101 thread.cpp:96] Thread 524306 construct Actor kNormalForward 1099549376512
I1012 16:02:23.151650 29120 thread.cpp:96] Thread 524325 construct Actor kNormalForward 1099589222400
I1012 16:02:23.151713 29128 thread.cpp:96] Thread 1048577 construct Actor kSliceBoxing 2199025352708
I1012 16:02:23.154254 29120 runtime_context.cpp:29] DecreaseCounter constructing_actor_cnt, current val is 727
I1012 16:02:23.151823 29095 thread.cpp:96] Thread 524300 construct Actor kNormalForward 1099536793600
I1012 16:02:23.151901 29121 runtime_context.cpp:29] DecreaseCounter constructing_actor_cnt, current val is 745
I1012 16:02:23.151902 29114 thread.cpp:96] Thread 524319 construct Actor kNormalForward 1099576639488
I1012 16:02:23.152057 29124 runtime_context.cpp:29] DecreaseCounter constructing_actor_cnt, current val is 744
I1012 16:02:23.152062 29099 runtime_context.cpp:29] DecreaseCounter constructing_actor_cnt, current val is 743
I1012 16:02:23.152190 29093 runtime_context.cpp:29] DecreaseCounter constructing_actor_cnt, current val is 742
I1012 16:02:23.148617 29089 thread.cpp:96] Thread 524294 construct Actor kNormalForward 1099524210688
I1012 16:02:23.152292 29126 runtime_context.cpp:29] DecreaseCounter constructing_actor_cnt, current val is 740
I1012 16:02:23.152390 29094 runtime_context.cpp:29] DecreaseCounter constructing_actor_cnt, current val is 739
I1012 16:02:23.152537 29104 runtime_context.cpp:29] DecreaseCounter constructing_actor_cnt, current val is 738
I1012 16:02:23.154887 29089 runtime_context.cpp:29] DecreaseCounter constructing_actor_cnt, current val is 723
I1012 16:02:23.152693 29091 runtime_context.cpp:29] DecreaseCounter constructing_actor_cnt, current val is 736
I1012 16:02:23.150117 29140 runtime_context.cpp:29] DecreaseCounter constructing_actor_cnt, current val is 754
I1012 16:02:23.148834 29116 thread.cpp:96] Thread 524321 construct Actor kForeignInput 1099580833792
I1012 16:02:23.152931 29098 runtime_context.cpp:29] DecreaseCounter constructing_actor_cnt, current val is 734
I1012 16:02:23.153072 29106 thread.cpp:96] Thread 524311 construct Actor kNormalForward 1099559862272
I1012 16:02:23.150714 29115 runtime_context.cpp:29] DecreaseCounter constructing_actor_cnt, current val is 750
I1012 16:02:23.153344 29096 thread.cpp:96] Thread 524301 construct Actor kNormalForward 1099538890752
I1012 16:02:23.153453 29090 thread.cpp:96] Thread 524295 construct Actor kNormalForward 1099526307840
I1012 16:02:23.153671 29102 thread.cpp:96] Thread 524307 construct Actor kNormalForward 1099551473664
I1012 16:02:23.149220 29100 naive_actor.cpp:25] actor 1099547279360 switch to &NaiveActor::HandlerNormal
I1012 16:02:23.155524 29090 runtime_context.cpp:29] DecreaseCounter constructing_actor_cnt, current val is 719
I1012 16:02:23.154024 29110 runtime_context.cpp:29] DecreaseCounter constructing_actor_cnt, current val is 731
I1012 16:02:23.154119 29122 runtime_context.cpp:29] DecreaseCounter constructing_actor_cnt, current val is 729
I1012 16:02:23.154115 29109 runtime_context.cpp:29] DecreaseCounter constructing_actor_cnt, current val is 730
I1012 16:02:23.154175 29101 runtime_context.cpp:29] DecreaseCounter constructing_actor_cnt, current val is 728
I1012 16:02:23.151773 29138 thread.cpp:96] Thread 1052672 construct Actor kNormalForward 2207613190167
I1012 16:02:23.154273 29128 runtime_context.cpp:29] DecreaseCounter constructing_actor_cnt, current val is 726
I1012 16:02:23.154496 29095 runtime_context.cpp:29] DecreaseCounter constructing_actor_cnt, current val is 725
I1012 16:02:23.154604 29114 runtime_context.cpp:29] DecreaseCounter constructing_actor_cnt, current val is 724
I1012 16:02:23.152542 29097 runtime_context.cpp:29] DecreaseCounter constructing_actor_cnt, current val is 737
I1012 16:02:23.155274 29116 runtime_context.cpp:29] DecreaseCounter constructing_actor_cnt, current val is 722
I1012 16:02:23.155351 29106 runtime_context.cpp:29] DecreaseCounter constructing_actor_cnt, current val is 721
I1012 16:02:23.155375 29140 naive_actor.cpp:25] actor 2207615287296 switch to &NaiveActor::HandlerNormal
I1012 16:02:23.155411 29126 naive_actor.cpp:25] actor 2199023255554 switch to &NaiveActor::HandlerNormal
I1012 16:02:23.155458 29096 runtime_context.cpp:29] DecreaseCounter constructing_actor_cnt, current val is 720
I1012 16:02:23.153941 29119 runtime_context.cpp:29] DecreaseCounter constructing_actor_cnt, current val is 732
I1012 16:02:23.155542 29100 thread.cpp:96] Thread 524305 construct Actor kNormalForward 1099547279360
I1012 16:02:23.155545 29102 runtime_context.cpp:29] DecreaseCounter constructing_actor_cnt, current val is 718
I1012 16:02:23.155989 29138 runtime_context.cpp:29] DecreaseCounter constructing_actor_cnt, current val is 717
I1012 16:02:23.156131 29122 naive_actor.cpp:25] actor 1099614388238 switch to &NaiveActor::HandlerNormal
I1012 16:02:23.156361 29128 naive_actor.cpp:25] actor 2199025352705 switch to &NaiveActor::HandlerNormal
I1012 16:02:23.157143 29128 thread.cpp:96] Thread 1048577 construct Actor kSliceBoxing 2199025352705
I1012 16:02:23.156666 29126 thread.cpp:96] Thread 1048576 construct Actor kNormalForward 2199023255554
I1012 16:02:23.157233 29128 runtime_context.cpp:29] DecreaseCounter constructing_actor_cnt, current val is 715
I1012 16:02:23.157081 29122 thread.cpp:96] Thread 524337 construct Actor kTick 1099614388238
I1012 16:02:23.156625 29140 thread.cpp:96] Thread 1052673 construct Actor kSliceBoxing 2207615287296
I1012 16:02:23.156952 29100 runtime_context.cpp:29] DecreaseCounter constructing_actor_cnt, current val is 716
I1012 16:02:23.157280 29126 runtime_context.cpp:29] DecreaseCounter constructing_actor_cnt, current val is 714
I1012 16:02:23.157382 29122 runtime_context.cpp:29] DecreaseCounter constructing_actor_cnt, current val is 713
I1012 16:02:23.157472 29140 runtime_context.cpp:29] DecreaseCounter constructing_actor_cnt, current val is 712
I1012 16:02:23.157524 29128 naive_actor.cpp:25] actor 2199025352707 switch to &NaiveActor::HandlerNormal
I1012 16:02:23.157697 29128 thread.cpp:96] Thread 1048577 construct Actor kSliceBoxing 2199025352707
I1012 16:02:23.157773 29128 runtime_context.cpp:29] DecreaseCounter constructing_actor_cnt, current val is 711
I1012 16:02:23.157841 29140 naive_actor.cpp:25] actor 2207615287300 switch to &NaiveActor::HandlerNormal
I1012 16:02:23.157907 29140 thread.cpp:96] Thread 1052673 construct Actor kCopyHd 2207615287300
I1012 16:02:23.157986 29140 runtime_context.cpp:29] DecreaseCounter constructing_actor_cnt, current val is 710
I1012 16:02:23.157995 29128 naive_actor.cpp:25] actor 2199025352704 switch to &NaiveActor::HandlerNormal
I1012 16:02:23.158090 29128 thread.cpp:96] Thread 1048577 construct Actor kSliceBoxing 2199025352704
I1012 16:02:23.158143 29122 naive_actor.cpp:25] actor 1099614388237 switch to &NaiveActor::HandlerNormal
I1012 16:02:23.158150 29128 runtime_context.cpp:29] DecreaseCounter constructing_actor_cnt, current val is 709
I1012 16:02:23.158216 29122 thread.cpp:96] Thread 524337 construct Actor kTick 1099614388237
I1012 16:02:23.158321 29122 runtime_context.cpp:29] DecreaseCounter constructing_actor_cnt, current val is 708
I1012 16:02:23.158402 29140 naive_actor.cpp:25] actor 2207615287299 switch to &NaiveActor::HandlerNormal
I1012 16:02:23.158483 29140 thread.cpp:96] Thread 1052673 construct Actor kSliceBoxing 2207615287299
I1012 16:02:23.158561 29140 runtime_context.cpp:29] DecreaseCounter constructing_actor_cnt, current val is 707
I1012 16:02:23.158628 29128 naive_actor.cpp:25] actor 2199025352706 switch to &NaiveActor::HandlerNormal
I1012 16:02:23.158728 29128 thread.cpp:96] Thread 1048577 construct Actor kSliceBoxing 2199025352706
I1012 16:02:23.158788 29140 naive_actor.cpp:25] actor 2207615287298 switch to &NaiveActor::HandlerNormal
I1012 16:02:23.158850 29140 thread.cpp:96] Thread 1052673 construct Actor kSliceBoxing 2207615287298
I1012 16:02:23.158851 29122 naive_actor.cpp:25] actor 1099614388247 switch to &NaiveActor::HandlerNormal
I1012 16:02:23.158826 29128 runtime_context.cpp:29] DecreaseCounter constructing_actor_cnt, current val is 706
I1012 16:02:23.158921 29140 runtime_context.cpp:29] DecreaseCounter constructing_actor_cnt, current val is 705
I1012 16:02:23.158941 29122 thread.cpp:96] Thread 524337 construct Actor kTick 1099614388247
I1012 16:02:23.159060 29138 naive_actor.cpp:25] actor 2207613190152 switch to &NaiveActor::HandlerNormal
I1012 16:02:23.159111 29122 runtime_context.cpp:29] DecreaseCounter constructing_actor_cnt, current val is 704
I1012 16:02:23.159121 29140 naive_actor.cpp:25] actor 2207615287301 switch to &NaiveActor::HandlerNormal
I1012 16:02:23.159121 29138 thread.cpp:96] Thread 1052672 construct Actor kNormalForward 2207613190152
I1012 16:02:23.159231 29126 naive_actor.cpp:25] actor 2199023255578 switch to &NaiveActor::HandlerNormal
I1012 16:02:23.159204 29140 thread.cpp:96] Thread 1052673 construct Actor kCopyHd 2207615287301
I1012 16:02:23.159232 29128 naive_actor.cpp:25] actor 2199025352710 switch to &NaiveActor::HandlerNormal
I1012 16:02:23.159276 29126 thread.cpp:96] Thread 1048576 construct Actor kNormalForward 2199023255578
I1012 16:02:23.159296 29138 runtime_context.cpp:29] DecreaseCounter constructing_actor_cnt, current val is 703
I1012 16:02:23.159415 29126 runtime_context.cpp:29] DecreaseCounter constructing_actor_cnt, current val is 701
I1012 16:02:23.159360 29128 thread.cpp:96] Thread 1048577 construct Actor kCopyHd 2199025352710
I1012 16:02:23.159346 29140 runtime_context.cpp:29] DecreaseCounter constructing_actor_cnt, current val is 702
I1012 16:02:23.159514 29128 runtime_context.cpp:29] DecreaseCounter constructing_actor_cnt, current val is 700
I1012 16:02:23.159632 29140 naive_actor.cpp:25] actor 2207615287302 switch to &NaiveActor::HandlerNormal
I1012 16:02:23.159690 29140 thread.cpp:96] Thread 1052673 construct Actor kCopyHd 2207615287302
I1012 16:02:23.159761 29128 naive_actor.cpp:25] actor 2199025352711 switch to &NaiveActor::HandlerNormal
I1012 16:02:23.159759 29122 naive_actor.cpp:25] actor 1099614388245 switch to &NaiveActor::HandlerNormal
I1012 16:02:23.159761 29140 runtime_context.cpp:29] DecreaseCounter constructing_actor_cnt, current val is 699
I1012 16:02:23.159902 29122 thread.cpp:96] Thread 524337 construct Actor kDstSubsetTick 1099614388245
I1012 16:02:23.159857 29128 thread.cpp:96] Thread 1048577 construct Actor kCopyHd 2199025352711
I1012 16:02:23.160019 29122 runtime_context.cpp:29] DecreaseCounter constructing_actor_cnt, current val is 698
I1012 16:02:23.160029 29128 runtime_context.cpp:29] DecreaseCounter constructing_actor_cnt, current val is 697
I1012 16:02:23.160107 29138 naive_actor.cpp:25] actor 2207613190176 switch to &NaiveActor::HandlerNormal
I1012 16:02:23.160171 29138 thread.cpp:96] Thread 1052672 construct Actor kNormalForward 2207613190176
I1012 16:02:23.160272 29138 runtime_context.cpp:29] DecreaseCounter constructing_actor_cnt, current val is 696
I1012 16:02:23.160573 29122 naive_actor.cpp:25] actor 1099614388227 switch to &NaiveActor::HandlerNormal
I1012 16:02:23.160642 29122 thread.cpp:96] Thread 524337 construct Actor kDeviceTick 1099614388227
I1012 16:02:23.160668 29126 naive_actor.cpp:25] actor 2199023255602 switch to &NaiveActor::HandlerNormal
I1012 16:02:23.160722 29126 thread.cpp:96] Thread 1048576 construct Actor kNormalForward 2199023255602
I1012 16:02:23.160728 29122 runtime_context.cpp:29] DecreaseCounter constructing_actor_cnt, current val is 695
I1012 16:02:23.160831 29126 runtime_context.cpp:29] DecreaseCounter constructing_actor_cnt, current val is 694
I1012 16:02:23.161228 29122 naive_actor.cpp:25] actor 1099614388242 switch to &NaiveActor::HandlerNormal
I1012 16:02:23.161381 29122 thread.cpp:96] Thread 524337 construct Actor kSrcSubsetTick 1099614388242
I1012 16:02:23.161485 29122 runtime_context.cpp:29] DecreaseCounter constructing_actor_cnt, current val is 693
I1012 16:02:23.161592 29138 naive_actor.cpp:25] actor 2207613190153 switch to &NaiveActor::HandlerNormal
I1012 16:02:23.161657 29138 thread.cpp:96] Thread 1052672 construct Actor kNormalForward 2207613190153
I1012 16:02:23.161787 29138 runtime_context.cpp:29] DecreaseCounter constructing_actor_cnt, current val is 692
I1012 16:02:23.162138 29122 naive_actor.cpp:25] actor 1099614388235 switch to &NaiveActor::HandlerNormal
I1012 16:02:23.162211 29122 thread.cpp:96] Thread 524337 construct Actor kDstSubsetTick 1099614388235
I1012 16:02:23.162212 29138 naive_actor.cpp:25] actor 2207613190155 switch to &NaiveActor::HandlerNormal
I1012 16:02:23.162300 29138 thread.cpp:96] Thread 1052672 construct Actor kNormalForward 2207613190155
I1012 16:02:23.162300 29122 runtime_context.cpp:29] DecreaseCounter constructing_actor_cnt, current val is 691
I1012 16:02:23.162362 29126 naive_actor.cpp:25] actor 2199023255573 switch to &NaiveActor::HandlerNormal
I1012 16:02:23.162408 29138 runtime_context.cpp:29] DecreaseCounter constructing_actor_cnt, current val is 690
I1012 16:02:23.162456 29126 thread.cpp:96] Thread 1048576 construct Actor kNormalForward 2199023255573
I1012 16:02:23.162606 29126 runtime_context.cpp:29] DecreaseCounter constructing_actor_cnt, current val is 689
I1012 16:02:23.162820 29122 naive_actor.cpp:25] actor 1099614388229 switch to &NaiveActor::HandlerNormal
I1012 16:02:23.162884 29122 thread.cpp:96] Thread 524337 construct Actor kSrcSubsetTick 1099614388229
I1012 16:02:23.162922 29138 naive_actor.cpp:25] actor 2207613190151 switch to &NaiveActor::HandlerNormal
I1012 16:02:23.162959 29122 runtime_context.cpp:29] DecreaseCounter constructing_actor_cnt, current val is 688
I1012 16:02:23.162983 29138 thread.cpp:96] Thread 1052672 construct Actor kNormalForward 2207613190151
I1012 16:02:23.163106 29138 runtime_context.cpp:29] DecreaseCounter constructing_actor_cnt, current val is 687
I1012 16:02:23.163414 29122 naive_actor.cpp:25] actor 1099614388234 switch to &NaiveActor::HandlerNormal
I1012 16:02:23.163493 29122 thread.cpp:96] Thread 524337 construct Actor kTick 1099614388234
I1012 16:02:23.163583 29122 runtime_context.cpp:29] DecreaseCounter constructing_actor_cnt, current val is 686
I1012 16:02:23.163978 29126 naive_actor.cpp:25] actor 2199023255553 switch to &NaiveActor::HandlerNormal
I1012 16:02:23.164009 29122 naive_actor.cpp:25] actor 1099614388225 switch to &NaiveActor::HandlerNormal
I1012 16:02:23.164052 29126 thread.cpp:96] Thread 1048576 construct Actor kNormalForward 2199023255553
I1012 16:02:23.164099 29122 thread.cpp:96] Thread 524337 construct Actor kDeviceTick 1099614388225
I1012 16:02:23.164193 29126 runtime_context.cpp:29] DecreaseCounter constructing_actor_cnt, current val is 685
I1012 16:02:23.164213 29122 runtime_context.cpp:29] DecreaseCounter constructing_actor_cnt, current val is 684
I1012 16:02:23.164520 29138 naive_actor.cpp:25] actor 2207613190147 switch to &NaiveActor::HandlerNormal
I1012 16:02:23.164585 29138 thread.cpp:96] Thread 1052672 construct Actor kNormalForward 2207613190147
I1012 16:02:23.164702 29138 runtime_context.cpp:29] DecreaseCounter constructing_actor_cnt, current val is 683
I1012 16:02:23.165413 29122 case_actor.cpp:76] actor 1099614388297 switch to &CaseActor::HandlerNormal
I1012 16:02:23.165496 29122 thread.cpp:96] Thread 524337 construct Actor kCase 1099614388297
I1012 16:02:23.165582 29126 naive_actor.cpp:25] actor 2199023255597 switch to &NaiveActor::HandlerNormal
I1012 16:02:23.165635 29126 thread.cpp:96] Thread 1048576 construct Actor kNormalForward 2199023255597
I1012 16:02:23.165638 29122 runtime_context.cpp:29] DecreaseCounter constructing_actor_cnt, current val is 682
I1012 16:02:23.165719 29126 runtime_context.cpp:29] DecreaseCounter constructing_actor_cnt, current val is 681
I1012 16:02:23.166067 29122 naive_actor.cpp:25] actor 1099614388246 switch to &NaiveActor::HandlerNormal
I1012 16:02:23.166143 29122 thread.cpp:96] Thread 524337 construct Actor kTick 1099614388246
I1012 16:02:23.166199 29138 naive_actor.cpp:25] actor 2207613190158 switch to &NaiveActor::HandlerNormal
I1012 16:02:23.166224 29122 runtime_context.cpp:29] DecreaseCounter constructing_actor_cnt, current val is 680
I1012 16:02:23.166265 29138 thread.cpp:96] Thread 1052672 construct Actor kNormalForward 2207613190158
I1012 16:02:23.166450 29138 runtime_context.cpp:29] DecreaseCounter constructing_actor_cnt, current val is 679
I1012 16:02:23.166846 29086 naive_actor.cpp:25] actor 1099517919232 switch to &NaiveActor::HandlerNormal
I1012 16:02:23.166898 29126 naive_actor.cpp:25] actor 2199023255561 switch to &NaiveActor::HandlerNormal
I1012 16:02:23.166914 29086 thread.cpp:96] Thread 524291 construct Actor kNormalForward 1099517919232
I1012 16:02:23.166944 29126 thread.cpp:96] Thread 1048576 construct Actor kNormalForward 2199023255561
I1012 16:02:23.167039 29126 runtime_context.cpp:29] DecreaseCounter constructing_actor_cnt, current val is 677
I1012 16:02:23.167039 29086 runtime_context.cpp:29] DecreaseCounter constructing_actor_cnt, current val is 678
I1012 16:02:23.167039 29138 naive_actor.cpp:25] actor 2207613190146 switch to &NaiveActor::HandlerNormal
I1012 16:02:23.167176 29138 thread.cpp:96] Thread 1052672 construct Actor kNormalForward 2207613190146
I1012 16:02:23.167197 29122 esac_actor.cpp:73] actor 1099614388326 switch to &EsacActor::HandlerNormal
I1012 16:02:23.167270 29138 runtime_context.cpp:29] DecreaseCounter constructing_actor_cnt, current val is 676
I1012 16:02:23.167258 29122 thread.cpp:96] Thread 524337 construct Actor kEsac 1099614388326
I1012 16:02:23.167465 29122 runtime_context.cpp:29] DecreaseCounter constructing_actor_cnt, current val is 675
I1012 16:02:23.167912 29122 naive_actor.cpp:25] actor 1099614388244 switch to &NaiveActor::HandlerNormal
I1012 16:02:23.167927 29126 naive_actor.cpp:25] actor 2199023255556 switch to &NaiveActor::HandlerNormal
I1012 16:02:23.167974 29122 thread.cpp:96] Thread 524337 construct Actor kTick 1099614388244
I1012 16:02:23.168002 29126 thread.cpp:96] Thread 1048576 construct Actor kNormalForward 2199023255556
I1012 16:02:23.168081 29122 runtime_context.cpp:29] DecreaseCounter constructing_actor_cnt, current val is 674
I1012 16:02:23.168081 29126 runtime_context.cpp:29] DecreaseCounter constructing_actor_cnt, current val is 673
I1012 16:02:23.168448 29138 naive_actor.cpp:25] actor 2207613190148 switch to &NaiveActor::HandlerNormal
I1012 16:02:23.168496 29122 naive_actor.cpp:25] actor 1099614388239 switch to &NaiveActor::HandlerNormal
I1012 16:02:23.168542 29138 thread.cpp:96] Thread 1052672 construct Actor kNormalForward 2207613190148
I1012 16:02:23.168587 29122 thread.cpp:96] Thread 524337 construct Actor kTick 1099614388239
I1012 16:02:23.168712 29138 runtime_context.cpp:29] DecreaseCounter constructing_actor_cnt, current val is 672
I1012 16:02:23.168737 29122 runtime_context.cpp:29] DecreaseCounter constructing_actor_cnt, current val is 671
I1012 16:02:23.169135 29122 naive_actor.cpp:25] actor 1099614388226 switch to &NaiveActor::HandlerNormal
I1012 16:02:23.169194 29122 thread.cpp:96] Thread 524337 construct Actor kDeviceTick 1099614388226
I1012 16:02:23.169260 29126 naive_actor.cpp:25] actor 2199023255580 switch to &NaiveActor::HandlerNormal
I1012 16:02:23.169265 29122 runtime_context.cpp:29] DecreaseCounter constructing_actor_cnt, current val is 670
I1012 16:02:23.169312 29126 thread.cpp:96] Thread 1048576 construct Actor kNormalForward 2199023255580
I1012 16:02:23.169443 29126 runtime_context.cpp:29] DecreaseCounter constructing_actor_cnt, current val is 669
I1012 16:02:23.169768 29122 naive_actor.cpp:25] actor 1099614388228 switch to &NaiveActor::HandlerNormal
I1012 16:02:23.169828 29122 thread.cpp:96] Thread 524337 construct Actor kDeviceTick 1099614388228
I1012 16:02:23.169898 29122 runtime_context.cpp:29] DecreaseCounter constructing_actor_cnt, current val is 668
I1012 16:02:23.169941 29138 naive_actor.cpp:25] actor 2207613190172 switch to &NaiveActor::HandlerNormal
I1012 16:02:23.170095 29138 thread.cpp:96] Thread 1052672 construct Actor kNormalForward 2207613190172
I1012 16:02:23.170212 29138 runtime_context.cpp:29] DecreaseCounter constructing_actor_cnt, current val is 667
I1012 16:02:23.170475 29122 naive_actor.cpp:25] actor 1099614388248 switch to &NaiveActor::HandlerNormal
I1012 16:02:23.170540 29122 thread.cpp:96] Thread 524337 construct Actor kTick 1099614388248
I1012 16:02:23.170614 29122 runtime_context.cpp:29] DecreaseCounter constructing_actor_cnt, current val is 666
I1012 16:02:23.170759 29126 naive_actor.cpp:25] actor 2199023255604 switch to &NaiveActor::HandlerNormal
I1012 16:02:23.170822 29126 thread.cpp:96] Thread 1048576 construct Actor kNormalForward 2199023255604
