I1014 10:21:12.739809 41151 runtime_context.cpp:29] DecreaseCounter constructing_actor_cnt, current val is 652
I1014 10:21:12.739941 41144 runtime_context.cpp:29] DecreaseCounter constructing_actor_cnt, current val is 651
I1014 10:21:12.740329 41157 naive_actor.cpp:25] actor 2207613190157 switch to &NaiveActor::HandlerNormal
I1014 10:21:12.740355 41144 naive_actor.cpp:25] actor 1099614388263 switch to &NaiveActor::HandlerNormal
I1014 10:21:12.740391 41157 thread.cpp:96] Thread 1052672 construct Actor kNormalForward 2207613190157
I1014 10:21:12.740432 41144 thread.cpp:96] Thread 524337 construct Actor kTick 1099614388263
I1014 10:21:12.740593 41157 runtime_context.cpp:29] DecreaseCounter constructing_actor_cnt, current val is 650
I1014 10:21:12.740594 41144 runtime_context.cpp:29] DecreaseCounter constructing_actor_cnt, current val is 649
I1014 10:21:12.740911 41151 naive_actor.cpp:25] actor 2199023255566 switch to &NaiveActor::HandlerNormal
I1014 10:21:12.740959 41151 thread.cpp:96] Thread 1048576 construct Actor kNormalForward 2199023255566
I1014 10:21:12.741041 41151 runtime_context.cpp:29] DecreaseCounter constructing_actor_cnt, current val is 648
I1014 10:21:12.741045 41144 naive_actor.cpp:25] actor 1099614388256 switch to &NaiveActor::HandlerNormal
I1014 10:21:12.741129 41144 thread.cpp:96] Thread 524337 construct Actor kDeviceTick 1099614388256
I1014 10:21:12.741214 41144 runtime_context.cpp:29] DecreaseCounter constructing_actor_cnt, current val is 647
I1014 10:21:12.741623 41144 naive_actor.cpp:25] actor 1099614388257 switch to &NaiveActor::HandlerNormal
I1014 10:21:12.741683 41144 thread.cpp:96] Thread 524337 construct Actor kSrcSubsetTick 1099614388257
I1014 10:21:12.741760 41144 runtime_context.cpp:29] DecreaseCounter constructing_actor_cnt, current val is 646
I1014 10:21:12.741806 41157 naive_actor.cpp:25] actor 2207613190155 switch to &NaiveActor::HandlerNormal
I1014 10:21:12.741863 41157 thread.cpp:96] Thread 1052672 construct Actor kNormalForward 2207613190155
I1014 10:21:12.741968 41157 runtime_context.cpp:29] DecreaseCounter constructing_actor_cnt, current val is 645
I1014 10:21:12.742038 41151 naive_actor.cpp:25] actor 2199023255584 switch to &NaiveActor::HandlerNormal
I1014 10:21:12.742087 41151 thread.cpp:96] Thread 1048576 construct Actor kNormalForward 2199023255584
I1014 10:21:12.742178 41144 naive_actor.cpp:25] actor 1099614388260 switch to &NaiveActor::HandlerNormal
I1014 10:21:12.742189 41151 runtime_context.cpp:29] DecreaseCounter constructing_actor_cnt, current val is 644
I1014 10:21:12.742239 41144 thread.cpp:96] Thread 524337 construct Actor kTick 1099614388260
I1014 10:21:12.742349 41144 runtime_context.cpp:29] DecreaseCounter constructing_actor_cnt, current val is 643
I1014 10:21:12.742599 41151 naive_actor.cpp:25] actor 2199023255569 switch to &NaiveActor::HandlerNormal
I1014 10:21:12.742645 41151 thread.cpp:96] Thread 1048576 construct Actor kNormalForward 2199023255569
I1014 10:21:12.742712 41151 runtime_context.cpp:29] DecreaseCounter constructing_actor_cnt, current val is 642
I1014 10:21:12.742772 41114 naive_actor.cpp:25] actor 1099513724928 switch to &NaiveActor::HandlerNormal
I1014 10:21:12.742777 41144 naive_actor.cpp:25] actor 1099614388310 switch to &NaiveActor::HandlerNormal
I1014 10:21:12.742832 41114 thread.cpp:96] Thread 524289 construct Actor kNormalForward 1099513724928
I1014 10:21:12.742959 41144 thread.cpp:96] Thread 524337 construct Actor kTick 1099614388310
I1014 10:21:12.743067 41114 runtime_context.cpp:29] DecreaseCounter constructing_actor_cnt, current val is 641
I1014 10:21:12.743083 41144 runtime_context.cpp:29] DecreaseCounter constructing_actor_cnt, current val is 640
I1014 10:21:12.743268 41113 naive_actor.cpp:25] actor 1099511627776 switch to &NaiveActor::HandlerNormal
I1014 10:21:12.743369 41113 thread.cpp:96] Thread 524288 construct Actor kNormalForward 1099511627776
I1014 10:21:12.743467 41144 naive_actor.cpp:25] actor 1099614388262 switch to &NaiveActor::HandlerNormal
I1014 10:21:12.743484 41113 runtime_context.cpp:29] DecreaseCounter constructing_actor_cnt, current val is 639
I1014 10:21:12.743520 41144 thread.cpp:96] Thread 524337 construct Actor kTick 1099614388262
I1014 10:21:12.743630 41144 runtime_context.cpp:29] DecreaseCounter constructing_actor_cnt, current val is 638
I1014 10:21:12.743708 41151 naive_actor.cpp:25] actor 2199023255603 switch to &NaiveActor::HandlerNormal
I1014 10:21:12.743757 41151 thread.cpp:96] Thread 1048576 construct Actor kNormalForward 2199023255603
I1014 10:21:12.743846 41157 naive_actor.cpp:25] actor 2207613190159 switch to &NaiveActor::HandlerNormal
I1014 10:21:12.743853 41151 runtime_context.cpp:29] DecreaseCounter constructing_actor_cnt, current val is 637
I1014 10:21:12.743906 41157 thread.cpp:96] Thread 1052672 construct Actor kNormalForward 2207613190159
I1014 10:21:12.744019 41157 runtime_context.cpp:29] DecreaseCounter constructing_actor_cnt, current val is 636
I1014 10:21:12.744107 41144 naive_actor.cpp:25] actor 1099614388261 switch to &NaiveActor::HandlerNormal
I1014 10:21:12.744156 41144 thread.cpp:96] Thread 524337 construct Actor kDstSubsetTick 1099614388261
I1014 10:21:12.744236 41144 runtime_context.cpp:29] DecreaseCounter constructing_actor_cnt, current val is 635
I1014 10:21:12.744630 41144 naive_actor.cpp:25] actor 1099614388264 switch to &NaiveActor::HandlerNormal
I1014 10:21:12.744683 41144 thread.cpp:96] Thread 524337 construct Actor kTick 1099614388264
I1014 10:21:12.744741 41144 runtime_context.cpp:29] DecreaseCounter constructing_actor_cnt, current val is 634
I1014 10:21:12.744776 41151 naive_actor.cpp:25] actor 2199023255582 switch to &NaiveActor::HandlerNormal
I1014 10:21:12.744818 41151 thread.cpp:96] Thread 1048576 construct Actor kNormalForward 2199023255582
I1014 10:21:12.744904 41151 runtime_context.cpp:29] DecreaseCounter constructing_actor_cnt, current val is 633
I1014 10:21:12.745043 41157 naive_actor.cpp:25] actor 2207613190147 switch to &NaiveActor::HandlerNormal
I1014 10:21:12.745097 41144 naive_actor.cpp:25] actor 1099614388272 switch to &NaiveActor::HandlerNormal
I1014 10:21:12.745100 41157 thread.cpp:96] Thread 1052672 construct Actor kNormalForward 2207613190147
I1014 10:21:12.745157 41144 thread.cpp:96] Thread 524337 construct Actor kTick 1099614388272
I1014 10:21:12.745254 41157 runtime_context.cpp:29] DecreaseCounter constructing_actor_cnt, current val is 632
I1014 10:21:12.745268 41144 runtime_context.cpp:29] DecreaseCounter constructing_actor_cnt, current val is 631
I1014 10:21:12.745590 41151 naive_actor.cpp:25] actor 2199023255573 switch to &NaiveActor::HandlerNormal
I1014 10:21:12.745640 41151 thread.cpp:96] Thread 1048576 construct Actor kNormalForward 2199023255573
I1014 10:21:12.745666 41144 naive_actor.cpp:25] actor 1099614388271 switch to &NaiveActor::HandlerNormal
I1014 10:21:12.745707 41151 runtime_context.cpp:29] DecreaseCounter constructing_actor_cnt, current val is 630
I1014 10:21:12.745714 41144 thread.cpp:96] Thread 524337 construct Actor kTick 1099614388271
I1014 10:21:12.745823 41144 runtime_context.cpp:29] DecreaseCounter constructing_actor_cnt, current val is 629
I1014 10:21:12.746016 41151 naive_actor.cpp:25] actor 2199023255597 switch to &NaiveActor::HandlerNormal
I1014 10:21:12.746065 41151 thread.cpp:96] Thread 1048576 construct Actor kNormalForward 2199023255597
I1014 10:21:12.746165 41144 naive_actor.cpp:25] actor 1099614388266 switch to &NaiveActor::HandlerNormal
I1014 10:21:12.746219 41151 runtime_context.cpp:29] DecreaseCounter constructing_actor_cnt, current val is 628
I1014 10:21:12.746227 41144 thread.cpp:96] Thread 524337 construct Actor kSrcSubsetTick 1099614388266
I1014 10:21:12.746313 41157 naive_actor.cpp:25] actor 2207613190171 switch to &NaiveActor::HandlerNormal
I1014 10:21:12.746348 41144 runtime_context.cpp:29] DecreaseCounter constructing_actor_cnt, current val is 627
I1014 10:21:12.746371 41157 thread.cpp:96] Thread 1052672 construct Actor kNormalForward 2207613190171
I1014 10:21:12.746498 41157 runtime_context.cpp:29] DecreaseCounter constructing_actor_cnt, current val is 626
I1014 10:21:12.746704 41144 naive_actor.cpp:25] actor 1099614388269 switch to &NaiveActor::HandlerNormal
I1014 10:21:12.746758 41144 thread.cpp:96] Thread 524337 construct Actor kTick 1099614388269
I1014 10:21:12.746830 41144 runtime_context.cpp:29] DecreaseCounter constructing_actor_cnt, current val is 625
I1014 10:21:12.746913 41157 naive_actor.cpp:25] actor 2207613190161 switch to &NaiveActor::HandlerNormal
I1014 10:21:12.746963 41157 thread.cpp:96] Thread 1052672 construct Actor kNormalForward 2207613190161
I1014 10:21:12.747040 41157 runtime_context.cpp:29] DecreaseCounter constructing_actor_cnt, current val is 624
I1014 10:21:12.747210 41151 naive_actor.cpp:25] actor 2199023255559 switch to &NaiveActor::HandlerNormal
I1014 10:21:12.747257 41151 thread.cpp:96] Thread 1048576 construct Actor kNormalForward 2199023255559
I1014 10:21:12.747294 41144 naive_actor.cpp:25] actor 1099614388270 switch to &NaiveActor::HandlerNormal
I1014 10:21:12.747318 41151 runtime_context.cpp:29] DecreaseCounter constructing_actor_cnt, current val is 623
I1014 10:21:12.747354 41144 thread.cpp:96] Thread 524337 construct Actor kDstSubsetTick 1099614388270
I1014 10:21:12.747479 41144 runtime_context.cpp:29] DecreaseCounter constructing_actor_cnt, current val is 622
I1014 10:21:12.747891 41144 naive_actor.cpp:25] actor 1099614388329 switch to &NaiveActor::HandlerNormal
I1014 10:21:12.747944 41144 thread.cpp:96] Thread 524337 construct Actor kTick 1099614388329
I1014 10:21:12.748021 41144 runtime_context.cpp:29] DecreaseCounter constructing_actor_cnt, current val is 621
I1014 10:21:12.748126 41157 naive_actor.cpp:25] actor 2207613190160 switch to &NaiveActor::HandlerNormal
I1014 10:21:12.748138 41151 naive_actor.cpp:25] actor 2199023255621 switch to &NaiveActor::HandlerNormal
I1014 10:21:12.748183 41157 thread.cpp:96] Thread 1052672 construct Actor kNormalForward 2207613190160
I1014 10:21:12.748219 41151 thread.cpp:96] Thread 1048576 construct Actor kNormalForward 2199023255621
I1014 10:21:12.748315 41157 runtime_context.cpp:29] DecreaseCounter constructing_actor_cnt, current val is 620
I1014 10:21:12.748338 41151 runtime_context.cpp:29] DecreaseCounter constructing_actor_cnt, current val is 619
I1014 10:21:12.748381 41144 naive_actor.cpp:25] actor 1099614388265 switch to &NaiveActor::HandlerNormal
I1014 10:21:12.748430 41144 thread.cpp:96] Thread 524337 construct Actor kDeviceTick 1099614388265
I1014 10:21:12.748512 41144 runtime_context.cpp:29] DecreaseCounter constructing_actor_cnt, current val is 618
I1014 10:21:12.748850 41144 naive_actor.cpp:25] actor 1099614388274 switch to &NaiveActor::HandlerNormal
I1014 10:21:12.748901 41144 thread.cpp:96] Thread 524337 construct Actor kDeviceTick 1099614388274
I1014 10:21:12.748975 41144 runtime_context.cpp:29] DecreaseCounter constructing_actor_cnt, current val is 617
I1014 10:21:12.749169 41151 naive_actor.cpp:25] actor 2199023255600 switch to &NaiveActor::HandlerNormal
I1014 10:21:12.749215 41151 thread.cpp:96] Thread 1048576 construct Actor kNormalForward 2199023255600
I1014 10:21:12.749280 41151 runtime_context.cpp:29] DecreaseCounter constructing_actor_cnt, current val is 616
I1014 10:21:12.749361 41157 naive_actor.cpp:25] actor 2207613190185 switch to &NaiveActor::HandlerNormal
I1014 10:21:12.749366 41144 naive_actor.cpp:25] actor 1099614388283 switch to &NaiveActor::HandlerNormal
I1014 10:21:12.749418 41157 thread.cpp:96] Thread 1052672 construct Actor kNormalForward 2207613190185
I1014 10:21:12.749522 41144 thread.cpp:96] Thread 524337 construct Actor kTick 1099614388283
I1014 10:21:12.749600 41157 runtime_context.cpp:29] DecreaseCounter constructing_actor_cnt, current val is 615
I1014 10:21:12.749603 41151 naive_actor.cpp:25] actor 2199023255578 switch to &NaiveActor::HandlerNormal
I1014 10:21:12.749615 41144 runtime_context.cpp:29] DecreaseCounter constructing_actor_cnt, current val is 614
I1014 10:21:12.749675 41151 thread.cpp:96] Thread 1048576 construct Actor kNormalForward 2199023255578
I1014 10:21:12.749779 41151 runtime_context.cpp:29] DecreaseCounter constructing_actor_cnt, current val is 613
I1014 10:21:12.750010 41157 naive_actor.cpp:25] actor 2207613190150 switch to &NaiveActor::HandlerNormal
I1014 10:21:12.750064 41157 thread.cpp:96] Thread 1052672 construct Actor kNormalForward 2207613190150
I1014 10:21:12.750133 41144 naive_actor.cpp:25] actor 1099614388327 switch to &NaiveActor::HandlerNormal
I1014 10:21:12.750136 41157 runtime_context.cpp:29] DecreaseCounter constructing_actor_cnt, current val is 612
I1014 10:21:12.750190 41144 thread.cpp:96] Thread 524337 construct Actor kTick 1099614388327
I1014 10:21:12.750300 41144 runtime_context.cpp:29] DecreaseCounter constructing_actor_cnt, current val is 611
I1014 10:21:12.750649 41144 naive_actor.cpp:25] actor 1099614388290 switch to &NaiveActor::HandlerNormal
I1014 10:21:12.750715 41144 thread.cpp:96] Thread 524337 construct Actor kTick 1099614388290
I1014 10:21:12.750794 41144 runtime_context.cpp:29] DecreaseCounter constructing_actor_cnt, current val is 610
I1014 10:21:12.750942 41151 naive_actor.cpp:25] actor 2199023255602 switch to &NaiveActor::HandlerNormal
I1014 10:21:12.750988 41151 thread.cpp:96] Thread 1048576 construct Actor kNormalForward 2199023255602
I1014 10:21:12.751062 41151 runtime_context.cpp:29] DecreaseCounter constructing_actor_cnt, current val is 609
I1014 10:21:12.751161 41157 naive_actor.cpp:25] actor 2207613190209 switch to &NaiveActor::HandlerNormal
I1014 10:21:12.751214 41157 thread.cpp:96] Thread 1052672 construct Actor kNormalForward 2207613190209
I1014 10:21:12.751226 41144 naive_actor.cpp:25] actor 1099614388288 switch to &NaiveActor::HandlerNormal
I1014 10:21:12.751291 41144 thread.cpp:96] Thread 524337 construct Actor kSrcSubsetTick 1099614388288
I1014 10:21:12.751307 41157 runtime_context.cpp:29] DecreaseCounter constructing_actor_cnt, current val is 608
I1014 10:21:12.751366 41144 runtime_context.cpp:29] DecreaseCounter constructing_actor_cnt, current val is 607
I1014 10:21:12.751713 41144 naive_actor.cpp:25] actor 1099614388293 switch to &NaiveActor::HandlerNormal
I1014 10:21:12.751765 41151 naive_actor.cpp:25] actor 2199023255601 switch to &NaiveActor::HandlerNormal
I1014 10:21:12.751766 41144 thread.cpp:96] Thread 524337 construct Actor kTick 1099614388293
I1014 10:21:12.751811 41151 thread.cpp:96] Thread 1048576 construct Actor kNormalForward 2199023255601
I1014 10:21:12.751885 41144 runtime_context.cpp:29] DecreaseCounter constructing_actor_cnt, current val is 606
I1014 10:21:12.751924 41151 runtime_context.cpp:29] DecreaseCounter constructing_actor_cnt, current val is 605
I1014 10:21:12.752200 41144 naive_actor.cpp:25] actor 1099614388292 switch to &NaiveActor::HandlerNormal
I1014 10:21:12.752252 41144 thread.cpp:96] Thread 524337 construct Actor kTick 1099614388292
I1014 10:21:12.752322 41144 runtime_context.cpp:29] DecreaseCounter constructing_actor_cnt, current val is 604
I1014 10:21:12.752415 41157 naive_actor.cpp:25] actor 2207613190174 switch to &NaiveActor::HandlerNormal
I1014 10:21:12.752462 41157 thread.cpp:96] Thread 1052672 construct Actor kNormalForward 2207613190174
I1014 10:21:12.752545 41157 runtime_context.cpp:29] DecreaseCounter constructing_actor_cnt, current val is 603
I1014 10:21:12.752676 41151 naive_actor.cpp:25] actor 2199023255565 switch to &NaiveActor::HandlerNormal
I1014 10:21:12.752683 41144 naive_actor.cpp:25] actor 1099614388273 switch to &NaiveActor::HandlerNormal
I1014 10:21:12.752723 41151 thread.cpp:96] Thread 1048576 construct Actor kNormalForward 2199023255565
I1014 10:21:12.752894 41144 thread.cpp:96] Thread 524337 construct Actor kDeviceTick 1099614388273
I1014 10:21:12.752969 41151 runtime_context.cpp:29] DecreaseCounter constructing_actor_cnt, current val is 602
I1014 10:21:12.752982 41144 runtime_context.cpp:29] DecreaseCounter constructing_actor_cnt, current val is 601
I1014 10:21:12.753410 41144 naive_actor.cpp:25] actor 1099614388279 switch to &NaiveActor::HandlerNormal
I1014 10:21:12.753469 41144 thread.cpp:96] Thread 524337 construct Actor kDstSubsetTick 1099614388279
I1014 10:21:12.753540 41144 runtime_context.cpp:29] DecreaseCounter constructing_actor_cnt, current val is 600
I1014 10:21:12.753826 41151 naive_actor.cpp:25] actor 2199023255612 switch to &NaiveActor::HandlerNormal
I1014 10:21:12.753850 41144 naive_actor.cpp:25] actor 1099614388280 switch to &NaiveActor::HandlerNormal
I1014 10:21:12.753831 41157 naive_actor.cpp:25] actor 2207613190166 switch to &NaiveActor::HandlerNormal
I1014 10:21:12.753872 41151 thread.cpp:96] Thread 1048576 construct Actor kNormalForward 2199023255612
I1014 10:21:12.753906 41144 thread.cpp:96] Thread 524337 construct Actor kTick 1099614388280
I1014 10:21:12.753945 41157 thread.cpp:96] Thread 1052672 construct Actor kNormalForward 2207613190166
I1014 10:21:12.754014 41151 runtime_context.cpp:29] DecreaseCounter constructing_actor_cnt, current val is 599
I1014 10:21:12.754036 41144 runtime_context.cpp:29] DecreaseCounter constructing_actor_cnt, current val is 598
I1014 10:21:12.754070 41157 runtime_context.cpp:29] DecreaseCounter constructing_actor_cnt, current val is 597
I1014 10:21:12.754418 41144 naive_actor.cpp:25] actor 1099614388286 switch to &NaiveActor::HandlerNormal
I1014 10:21:12.754469 41144 thread.cpp:96] Thread 524337 construct Actor kTick 1099614388286
I1014 10:21:12.754535 41144 runtime_context.cpp:29] DecreaseCounter constructing_actor_cnt, current val is 596
I1014 10:21:12.754791 41151 naive_actor.cpp:25] actor 2199023255633 switch to &NaiveActor::HandlerNormal
I1014 10:21:12.754842 41151 thread.cpp:96] Thread 1048576 construct Actor kNormalForward 2199023255633
I1014 10:21:12.754899 41144 naive_actor.cpp:25] actor 1099614388278 switch to &NaiveActor::HandlerNormal
I1014 10:21:12.754909 41151 runtime_context.cpp:29] DecreaseCounter constructing_actor_cnt, current val is 595
I1014 10:21:12.754946 41144 thread.cpp:96] Thread 524337 construct Actor kTick 1099614388278
I1014 10:21:12.755048 41144 runtime_context.cpp:29] DecreaseCounter constructing_actor_cnt, current val is 594
I1014 10:21:12.755128 41157 naive_actor.cpp:25] actor 2207613190167 switch to &NaiveActor::HandlerNormal
I1014 10:21:12.755179 41157 thread.cpp:96] Thread 1052672 construct Actor kNormalForward 2207613190167
I1014 10:21:12.755262 41157 runtime_context.cpp:29] DecreaseCounter constructing_actor_cnt, current val is 593
I1014 10:21:12.755304 41151 naive_actor.cpp:25] actor 2199023255592 switch to &NaiveActor::HandlerNormal
I1014 10:21:12.755368 41151 thread.cpp:96] Thread 1048576 construct Actor kNormalForward 2199023255592
I1014 10:21:12.755410 41144 naive_actor.cpp:25] actor 1099614388275 switch to &NaiveActor::HandlerNormal
I1014 10:21:12.755463 41151 runtime_context.cpp:29] DecreaseCounter constructing_actor_cnt, current val is 592
I1014 10:21:12.755501 41144 thread.cpp:96] Thread 524337 construct Actor kSrcSubsetTick 1099614388275
I1014 10:21:12.755661 41144 runtime_context.cpp:29] DecreaseCounter constructing_actor_cnt, current val is 591
I1014 10:21:12.755769 41157 naive_actor.cpp:25] actor 2207613190168 switch to &NaiveActor::HandlerNormal
I1014 10:21:12.755827 41157 thread.cpp:96] Thread 1052672 construct Actor kNormalForward 2207613190168
I1014 10:21:12.755904 41157 runtime_context.cpp:29] DecreaseCounter constructing_actor_cnt, current val is 590
I1014 10:21:12.756078 41144 naive_actor.cpp:25] actor 1099614388328 switch to &NaiveActor::HandlerNormal
I1014 10:21:12.756129 41144 thread.cpp:96] Thread 524337 construct Actor kTick 1099614388328
I1014 10:21:12.756248 41144 runtime_context.cpp:29] DecreaseCounter constructing_actor_cnt, current val is 589
I1014 10:21:12.756584 41151 naive_actor.cpp:25] actor 2199023255570 switch to &NaiveActor::HandlerNormal
I1014 10:21:12.756640 41151 thread.cpp:96] Thread 1048576 construct Actor kNormalForward 2199023255570
I1014 10:21:12.756641 41144 naive_actor.cpp:25] actor 1099614388282 switch to &NaiveActor::HandlerNormal
I1014 10:21:12.756711 41144 thread.cpp:96] Thread 524337 construct Actor kTick 1099614388282
I1014 10:21:12.756724 41151 runtime_context.cpp:29] DecreaseCounter constructing_actor_cnt, current val is 588
I1014 10:21:12.756781 41144 runtime_context.cpp:29] DecreaseCounter constructing_actor_cnt, current val is 587
I1014 10:21:12.756974 41157 naive_actor.cpp:25] actor 2207613190192 switch to &NaiveActor::HandlerNormal
I1014 10:21:12.757025 41157 thread.cpp:96] Thread 1052672 construct Actor kNormalForward 2207613190192
I1014 10:21:12.757108 41157 runtime_context.cpp:29] DecreaseCounter constructing_actor_cnt, current val is 586
I1014 10:21:12.757115 41144 naive_actor.cpp:25] actor 1099614388281 switch to &NaiveActor::HandlerNormal
I1014 10:21:12.757196 41144 thread.cpp:96] Thread 524337 construct Actor kTick 1099614388281
I1014 10:21:12.757269 41144 runtime_context.cpp:29] DecreaseCounter constructing_actor_cnt, current val is 585
I1014 10:21:12.757467 41157 naive_actor.cpp:25] actor 2207613190177 switch to &NaiveActor::HandlerNormal
I1014 10:21:12.757514 41157 thread.cpp:96] Thread 1052672 construct Actor kNormalForward 2207613190177
I1014 10:21:12.757591 41157 runtime_context.cpp:29] DecreaseCounter constructing_actor_cnt, current val is 584
I1014 10:21:12.757769 41144 naive_actor.cpp:25] actor 1099614388291 switch to &NaiveActor::HandlerNormal
I1014 10:21:12.757783 41151 naive_actor.cpp:25] actor 2199023255575 switch to &NaiveActor::HandlerNormal
I1014 10:21:12.757829 41144 thread.cpp:96] Thread 524337 construct Actor kDstSubsetTick 1099614388291
I1014 10:21:12.757869 41151 thread.cpp:96] Thread 1048576 construct Actor kNormalForward 2199023255575
I1014 10:21:12.758690 41144 runtime_context.cpp:29] DecreaseCounter constructing_actor_cnt, current val is 583
I1014 10:21:12.758738 41151 runtime_context.cpp:29] DecreaseCounter constructing_actor_cnt, current val is 582
I1014 10:21:12.758999 41144 naive_actor.cpp:25] actor 1099614388308 switch to &NaiveActor::HandlerNormal
I1014 10:21:12.759047 41144 thread.cpp:96] Thread 524337 construct Actor kTick 1099614388308
I1014 10:21:12.759117 41144 runtime_context.cpp:29] DecreaseCounter constructing_actor_cnt, current val is 581
I1014 10:21:12.759452 41144 naive_actor.cpp:25] actor 1099614388296 switch to &NaiveActor::HandlerNormal
I1014 10:21:12.759502 41144 thread.cpp:96] Thread 524337 construct Actor kTick 1099614388296
I1014 10:21:12.759542 41151 naive_actor.cpp:25] actor 2199023255594 switch to &NaiveActor::HandlerNormal
I1014 10:21:12.759578 41144 runtime_context.cpp:29] DecreaseCounter constructing_actor_cnt, current val is 580
I1014 10:21:12.759603 41151 thread.cpp:96] Thread 1048576 construct Actor kNormalForward 2199023255594
I1014 10:21:12.759709 41151 runtime_context.cpp:29] DecreaseCounter constructing_actor_cnt, current val is 579
I1014 10:21:12.759764 41157 naive_actor.cpp:25] actor 2207613190212 switch to &NaiveActor::HandlerNormal
I1014 10:21:12.759824 41157 thread.cpp:96] Thread 1052672 construct Actor kNormalForward 2207613190212
I1014 10:21:12.759940 41144 naive_actor.cpp:25] actor 1099614388304 switch to &NaiveActor::HandlerNormal
I1014 10:21:12.759965 41157 runtime_context.cpp:29] DecreaseCounter constructing_actor_cnt, current val is 578
I1014 10:21:12.759990 41144 thread.cpp:96] Thread 524337 construct Actor kTick 1099614388304
I1014 10:21:12.760087 41151 naive_actor.cpp:25] actor 2199023255599 switch to &NaiveActor::HandlerNormal
I1014 10:21:12.760098 41144 runtime_context.cpp:29] DecreaseCounter constructing_actor_cnt, current val is 577
I1014 10:21:12.760143 41151 thread.cpp:96] Thread 1048576 construct Actor kNormalForward 2199023255599
I1014 10:21:12.760289 41151 runtime_context.cpp:29] DecreaseCounter constructing_actor_cnt, current val is 576
I1014 10:21:12.760368 41157 naive_actor.cpp:25] actor 2207613190175 switch to &NaiveActor::HandlerNormal
I1014 10:21:12.760419 41157 thread.cpp:96] Thread 1052672 construct Actor kNormalForward 2207613190175
I1014 10:21:12.760488 41144 naive_actor.cpp:25] actor 1099614388318 switch to &NaiveActor::HandlerNormal
I1014 10:21:12.760509 41157 runtime_context.cpp:29] DecreaseCounter constructing_actor_cnt, current val is 575
I1014 10:21:12.760537 41144 thread.cpp:96] Thread 524337 construct Actor kTick 1099614388318
I1014 10:21:12.760658 41144 runtime_context.cpp:29] DecreaseCounter constructing_actor_cnt, current val is 574
I1014 10:21:12.760988 41144 naive_actor.cpp:25] actor 1099614388326 switch to &NaiveActor::HandlerNormal
I1014 10:21:12.761036 41144 thread.cpp:96] Thread 524337 construct Actor kTick 1099614388326
I1014 10:21:12.761090 41144 runtime_context.cpp:29] DecreaseCounter constructing_actor_cnt, current val is 573
I1014 10:21:12.761252 41151 naive_actor.cpp:25] actor 2199023255618 switch to &NaiveActor::HandlerNormal
I1014 10:21:12.761350 41151 thread.cpp:96] Thread 1048576 construct Actor kNormalForward 2199023255618
I1014 10:21:12.761435 41144 naive_actor.cpp:25] actor 1099614388314 switch to &NaiveActor::HandlerNormal
I1014 10:21:12.761440 41151 runtime_context.cpp:29] DecreaseCounter constructing_actor_cnt, current val is 572
I1014 10:21:12.761482 41144 thread.cpp:96] Thread 524337 construct Actor kTick 1099614388314
I1014 10:21:12.761588 41144 runtime_context.cpp:29] DecreaseCounter constructing_actor_cnt, current val is 571
I1014 10:21:12.761674 41157 naive_actor.cpp:25] actor 2207613190178 switch to &NaiveActor::HandlerNormal
I1014 10:21:12.761727 41157 thread.cpp:96] Thread 1052672 construct Actor kNormalForward 2207613190178
I1014 10:21:12.761852 41157 runtime_context.cpp:29] DecreaseCounter constructing_actor_cnt, current val is 570
I1014 10:21:12.761926 41144 naive_actor.cpp:25] actor 1099614388305 switch to &NaiveActor::HandlerNormal
I1014 10:21:12.761973 41144 thread.cpp:96] Thread 524337 construct Actor kTick 1099614388305
I1014 10:21:12.762043 41144 runtime_context.cpp:29] DecreaseCounter constructing_actor_cnt, current val is 569
I1014 10:21:12.762393 41144 naive_actor.cpp:25] actor 1099614388309 switch to &NaiveActor::HandlerNormal
I1014 10:21:12.762441 41144 thread.cpp:96] Thread 524337 construct Actor kTick 1099614388309
I1014 10:21:12.762518 41144 runtime_context.cpp:29] DecreaseCounter constructing_actor_cnt, current val is 568
I1014 10:21:12.762605 41151 naive_actor.cpp:25] actor 2199023255624 switch to &NaiveActor::HandlerNormal
I1014 10:21:12.762655 41151 thread.cpp:96] Thread 1048576 construct Actor kNormalForward 2199023255624
I1014 10:21:12.762763 41151 runtime_context.cpp:29] DecreaseCounter constructing_actor_cnt, current val is 567
I1014 10:21:12.762900 41157 naive_actor.cpp:25] actor 2207613190146 switch to &NaiveActor::HandlerNormal
I1014 10:21:12.762907 41144 naive_actor.cpp:25] actor 1099614388315 switch to &NaiveActor::HandlerNormal
I1014 10:21:12.762959 41157 thread.cpp:96] Thread 1052672 construct Actor kNormalForward 2207613190146
I1014 10:21:12.763000 41144 thread.cpp:96] Thread 524337 construct Actor kTick 1099614388315
I1014 10:21:12.763118 41157 runtime_context.cpp:29] DecreaseCounter constructing_actor_cnt, current val is 566
I1014 10:21:12.763147 41144 runtime_context.cpp:29] DecreaseCounter constructing_actor_cnt, current val is 565
I1014 10:21:12.763459 41144 naive_actor.cpp:25] actor 1099614388301 switch to &NaiveActor::HandlerNormal
I1014 10:21:12.763511 41144 thread.cpp:96] Thread 524337 construct Actor kTick 1099614388301
I1014 10:21:12.763634 41144 runtime_context.cpp:29] DecreaseCounter constructing_actor_cnt, current val is 564
I1014 10:21:12.763864 41151 naive_actor.cpp:25] actor 2199023255563 switch to &NaiveActor::HandlerNormal
I1014 10:21:12.763864 41157 naive_actor.cpp:25] actor 2207613190193 switch to &NaiveActor::HandlerNormal
I1014 10:21:12.763924 41151 thread.cpp:96] Thread 1048576 construct Actor kNormalForward 2199023255563
I1014 10:21:12.763943 41144 naive_actor.cpp:25] actor 1099614388316 switch to &NaiveActor::HandlerNormal
I1014 10:21:12.764001 41157 thread.cpp:96] Thread 1052672 construct Actor kNormalForward 2207613190193
I1014 10:21:12.764078 41144 thread.cpp:96] Thread 524337 construct Actor kTick 1099614388316
I1014 10:21:12.764086 41151 runtime_context.cpp:29] DecreaseCounter constructing_actor_cnt, current val is 563
I1014 10:21:12.764209 41157 runtime_context.cpp:29] DecreaseCounter constructing_actor_cnt, current val is 562
I1014 10:21:12.764221 41144 runtime_context.cpp:29] DecreaseCounter constructing_actor_cnt, current val is 561
I1014 10:21:12.764585 41144 naive_actor.cpp:25] actor 1099614388303 switch to &NaiveActor::HandlerNormal
I1014 10:21:12.764638 41144 thread.cpp:96] Thread 524337 construct Actor kTick 1099614388303
I1014 10:21:12.764711 41144 runtime_context.cpp:29] DecreaseCounter constructing_actor_cnt, current val is 560
I1014 10:21:12.764976 41157 naive_actor.cpp:25] actor 2207613190172 switch to &NaiveActor::HandlerNormal
I1014 10:21:12.765017 41151 naive_actor.cpp:25] actor 2199023255587 switch to &NaiveActor::HandlerNormal
I1014 10:21:12.765026 41157 thread.cpp:96] Thread 1052672 construct Actor kNormalForward 2207613190172
I1014 10:21:12.765065 41144 naive_actor.cpp:25] actor 1099614388302 switch to &NaiveActor::HandlerNormal
I1014 10:21:12.765071 41151 thread.cpp:96] Thread 1048576 construct Actor kNormalForward 2199023255587
I1014 10:21:12.765143 41144 thread.cpp:96] Thread 524337 construct Actor kTick 1099614388302
I1014 10:21:12.765154 41157 runtime_context.cpp:29] DecreaseCounter constructing_actor_cnt, current val is 559
I1014 10:21:12.765224 41151 runtime_context.cpp:29] DecreaseCounter constructing_actor_cnt, current val is 558
I1014 10:21:12.765242 41144 runtime_context.cpp:29] DecreaseCounter constructing_actor_cnt, current val is 557
I1014 10:21:12.765601 41144 naive_actor.cpp:25] actor 1099614388306 switch to &NaiveActor::HandlerNormal
I1014 10:21:12.765602 41151 naive_actor.cpp:25] actor 2199023255590 switch to &NaiveActor::HandlerNormal
I1014 10:21:12.765655 41144 thread.cpp:96] Thread 524337 construct Actor kTick 1099614388306
I1014 10:21:12.765693 41151 thread.cpp:96] Thread 1048576 construct Actor kNormalForward 2199023255590
I1014 10:21:12.765753 41144 runtime_context.cpp:29] DecreaseCounter constructing_actor_cnt, current val is 556
I1014 10:21:12.765795 41151 runtime_context.cpp:29] DecreaseCounter constructing_actor_cnt, current val is 555
I1014 10:21:12.766291 41144 esac_actor.cpp:73] actor 1099614388332 switch to &EsacActor::HandlerNormal
I1014 10:21:12.766342 41144 thread.cpp:96] Thread 524337 construct Actor kEsac 1099614388332
I1014 10:21:12.766391 41157 naive_actor.cpp:25] actor 2207613190173 switch to &NaiveActor::HandlerNormal
I1014 10:21:12.766425 41144 runtime_context.cpp:29] DecreaseCounter constructing_actor_cnt, current val is 554
I1014 10:21:12.766440 41157 thread.cpp:96] Thread 1052672 construct Actor kNormalForward 2207613190173
I1014 10:21:12.766603 41157 runtime_context.cpp:29] DecreaseCounter constructing_actor_cnt, current val is 553
I1014 10:21:12.766609 41151 naive_actor.cpp:25] actor 2199023255608 switch to &NaiveActor::HandlerNormal
I1014 10:21:12.766700 41151 thread.cpp:96] Thread 1048576 construct Actor kNormalForward 2199023255608
I1014 10:21:12.766784 41151 runtime_context.cpp:29] DecreaseCounter constructing_actor_cnt, current val is 552
I1014 10:21:12.766866 41144 naive_actor.cpp:25] actor 1099614388298 switch to &NaiveActor::HandlerNormal
I1014 10:21:12.766911 41144 thread.cpp:96] Thread 524337 construct Actor kTick 1099614388298
I1014 10:21:12.766983 41144 runtime_context.cpp:29] DecreaseCounter constructing_actor_cnt, current val is 551
I1014 10:21:12.767323 41144 naive_actor.cpp:25] actor 1099614388307 switch to &NaiveActor::HandlerNormal
I1014 10:21:12.767372 41144 thread.cpp:96] Thread 524337 construct Actor kTick 1099614388307
I1014 10:21:12.767446 41144 runtime_context.cpp:29] DecreaseCounter constructing_actor_cnt, current val is 550
I1014 10:21:12.767554 41157 naive_actor.cpp:25] actor 2207613190197 switch to &NaiveActor::HandlerNormal
I1014 10:21:12.767648 41157 thread.cpp:96] Thread 1052672 construct Actor kNormalForward 2207613190197
I1014 10:21:12.767756 41157 runtime_context.cpp:29] DecreaseCounter constructing_actor_cnt, current val is 549
I1014 10:21:12.767793 41151 naive_actor.cpp:25] actor 2199023255593 switch to &NaiveActor::HandlerNormal
I1014 10:21:12.767840 41151 thread.cpp:96] Thread 1048576 construct Actor kNormalForward 2199023255593
I1014 10:21:12.767875 41144 naive_actor.cpp:25] actor 1099614388313 switch to &NaiveActor::HandlerNormal
I1014 10:21:12.767921 41144 thread.cpp:96] Thread 524337 construct Actor kTick 1099614388313
I1014 10:21:12.767923 41151 runtime_context.cpp:29] DecreaseCounter constructing_actor_cnt, current val is 548
I1014 10:21:12.767990 41144 runtime_context.cpp:29] DecreaseCounter constructing_actor_cnt, current val is 547
I1014 10:21:12.768390 41144 reentrant_lock_actor.cpp:76] actor 1099614388294 switch to &ReentrantLockActor::HandlerNormal
I1014 10:21:12.768438 41144 thread.cpp:96] Thread 524337 construct Actor kReentrantLock 1099614388294
I1014 10:21:12.768509 41144 runtime_context.cpp:29] DecreaseCounter constructing_actor_cnt, current val is 546
I1014 10:21:12.768783 41157 naive_actor.cpp:25] actor 2207613190204 switch to &NaiveActor::HandlerNormal
I1014 10:21:12.768832 41157 thread.cpp:96] Thread 1052672 construct Actor kNormalForward 2207613190204
I1014 10:21:12.768837 41144 naive_actor.cpp:25] actor 1099614388312 switch to &NaiveActor::HandlerNormal
I1014 10:21:12.768901 41151 naive_actor.cpp:25] actor 2199023255639 switch to &NaiveActor::HandlerNormal
I1014 10:21:12.768936 41157 runtime_context.cpp:29] DecreaseCounter constructing_actor_cnt, current val is 545
I1014 10:21:12.768913 41144 thread.cpp:96] Thread 524337 construct Actor kTick 1099614388312
I1014 10:21:12.768949 41151 thread.cpp:96] Thread 1048576 construct Actor kNormalForward 2199023255639
I1014 10:21:12.769052 41144 runtime_context.cpp:29] DecreaseCounter constructing_actor_cnt, current val is 544
I1014 10:21:12.769098 41151 runtime_context.cpp:29] DecreaseCounter constructing_actor_cnt, current val is 543
I1014 10:21:12.769371 41144 naive_actor.cpp:25] actor 1099614388317 switch to &NaiveActor::HandlerNormal
I1014 10:21:12.769457 41144 thread.cpp:96] Thread 524337 construct Actor kTick 1099614388317
I1014 10:21:12.769539 41144 runtime_context.cpp:29] DecreaseCounter constructing_actor_cnt, current val is 542
I1014 10:21:12.769829 41157 naive_actor.cpp:25] actor 2207613190224 switch to &NaiveActor::HandlerNormal
I1014 10:21:12.769879 41157 thread.cpp:96] Thread 1052672 construct Actor kNormalForward 2207613190224
I1014 10:21:12.769930 41144 naive_actor.cpp:25] actor 1099614388311 switch to &NaiveActor::HandlerNormal
I1014 10:21:12.769953 41157 runtime_context.cpp:29] DecreaseCounter constructing_actor_cnt, current val is 541
I1014 10:21:12.769979 41144 thread.cpp:96] Thread 524337 construct Actor kTick 1099614388311
I1014 10:21:12.770066 41144 runtime_context.cpp:29] DecreaseCounter constructing_actor_cnt, current val is 540
I1014 10:21:12.770391 41151 naive_actor.cpp:25] actor 2199023255574 switch to &NaiveActor::HandlerNormal
I1014 10:21:12.770445 41151 thread.cpp:96] Thread 1048576 construct Actor kNormalForward 2199023255574
I1014 10:21:12.770534 41151 runtime_context.cpp:29] DecreaseCounter constructing_actor_cnt, current val is 539
I1014 10:21:12.770706 41144 esac_actor.cpp:73] actor 1099614388324 switch to &EsacActor::HandlerNormal
I1014 10:21:12.770735 41157 naive_actor.cpp:25] actor 2207613190179 switch to &NaiveActor::HandlerNormal
I1014 10:21:12.770756 41144 thread.cpp:96] Thread 524337 construct Actor kEsac 1099614388324
I1014 10:21:12.770793 41157 thread.cpp:96] Thread 1052672 construct Actor kNormalForward 2207613190179
I1014 10:21:12.770908 41144 runtime_context.cpp:29] DecreaseCounter constructing_actor_cnt, current val is 538
I1014 10:21:12.770915 41157 runtime_context.cpp:29] DecreaseCounter constructing_actor_cnt, current val is 537
I1014 10:21:12.771301 41144 naive_actor.cpp:25] actor 1099614388297 switch to &NaiveActor::HandlerNormal
I1014 10:21:12.771353 41144 thread.cpp:96] Thread 524337 construct Actor kTick 1099614388297
I1014 10:21:12.771394 41151 naive_actor.cpp:25] actor 2199023255663 switch to &NaiveActor::HandlerNormal
I1014 10:21:12.771416 41144 runtime_context.cpp:29] DecreaseCounter constructing_actor_cnt, current val is 536
I1014 10:21:12.771445 41151 thread.cpp:96] Thread 1048576 construct Actor kNormalForward 2199023255663
I1014 10:21:12.771582 41151 runtime_context.cpp:29] DecreaseCounter constructing_actor_cnt, current val is 535
I1014 10:21:12.771796 41144 naive_actor.cpp:25] actor 1099614388319 switch to &NaiveActor::HandlerNormal
I1014 10:21:12.771844 41144 thread.cpp:96] Thread 524337 construct Actor kTick 1099614388319
I1014 10:21:12.771903 41157 naive_actor.cpp:25] actor 2207613190195 switch to &NaiveActor::HandlerNormal
I1014 10:21:12.771915 41144 runtime_context.cpp:29] DecreaseCounter constructing_actor_cnt, current val is 534
I1014 10:21:12.771952 41157 thread.cpp:96] Thread 1052672 construct Actor kNormalForward 2207613190195
I1014 10:21:12.772059 41157 runtime_context.cpp:29] DecreaseCounter constructing_actor_cnt, current val is 533
I1014 10:21:12.772579 41151 naive_actor.cpp:25] actor 2199023255598 switch to &NaiveActor::HandlerNormal
I1014 10:21:12.772629 41151 thread.cpp:96] Thread 1048576 construct Actor kNormalForward 2199023255598
I1014 10:21:12.772724 41151 runtime_context.cpp:29] DecreaseCounter constructing_actor_cnt, current val is 532
I1014 10:21:12.772744 41144 case_actor.cpp:76] actor 1099614388295 switch to &CaseActor::HandlerNormal
I1014 10:21:12.772794 41144 thread.cpp:96] Thread 524337 construct Actor kCase 1099614388295
I1014 10:21:12.772833 41157 naive_actor.cpp:25] actor 2207613190165 switch to &NaiveActor::HandlerNormal
I1014 10:21:12.772891 41144 runtime_context.cpp:29] DecreaseCounter constructing_actor_cnt, current val is 531
I1014 10:21:12.772913 41157 thread.cpp:96] Thread 1052672 construct Actor kNormalForward 2207613190165
I1014 10:21:12.773064 41157 runtime_context.cpp:29] DecreaseCounter constructing_actor_cnt, current val is 530
I1014 10:21:12.773159 41151 naive_actor.cpp:25] actor 2199023255583 switch to &NaiveActor::HandlerNormal
I1014 10:21:12.773211 41151 thread.cpp:96] Thread 1048576 construct Actor kNormalForward 2199023255583
I1014 10:21:12.773284 41151 runtime_context.cpp:29] DecreaseCounter constructing_actor_cnt, current val is 529
I1014 10:21:12.773293 41144 naive_actor.cpp:25] actor 1099614388300 switch to &NaiveActor::HandlerNormal
I1014 10:21:12.773360 41144 thread.cpp:96] Thread 524337 construct Actor kTick 1099614388300
I1014 10:21:12.773428 41144 runtime_context.cpp:29] DecreaseCounter constructing_actor_cnt, current val is 528
I1014 10:21:12.773468 41157 naive_actor.cpp:25] actor 2207613190184 switch to &NaiveActor::HandlerNormal
I1014 10:21:12.773517 41157 thread.cpp:96] Thread 1052672 construct Actor kNormalForward 2207613190184
I1014 10:21:12.773603 41157 runtime_context.cpp:29] DecreaseCounter constructing_actor_cnt, current val is 527
I1014 10:21:12.773648 41151 naive_actor.cpp:25] actor 2199023255585 switch to &NaiveActor::HandlerNormal
I1014 10:21:12.773696 41151 thread.cpp:96] Thread 1048576 construct Actor kNormalForward 2199023255585
I1014 10:21:12.773778 41151 runtime_context.cpp:29] DecreaseCounter constructing_actor_cnt, current val is 526
I1014 10:21:12.773780 41144 naive_actor.cpp:25] actor 1099614388321 switch to &NaiveActor::HandlerNormal
I1014 10:21:12.773856 41144 thread.cpp:96] Thread 524337 construct Actor kTick 1099614388321
I1014 10:21:12.773929 41144 runtime_context.cpp:29] DecreaseCounter constructing_actor_cnt, current val is 525
I1014 10:21:12.773993 41157 naive_actor.cpp:25] actor 2207613190189 switch to &NaiveActor::HandlerNormal
I1014 10:21:12.774037 41157 thread.cpp:96] Thread 1052672 construct Actor kNormalForward 2207613190189
I1014 10:21:12.774169 41157 runtime_context.cpp:29] DecreaseCounter constructing_actor_cnt, current val is 524
I1014 10:21:12.774260 41144 naive_actor.cpp:25] actor 1099614388323 switch to &NaiveActor::HandlerNormal
I1014 10:21:12.774307 41144 thread.cpp:96] Thread 524337 construct Actor kTick 1099614388323
I1014 10:21:12.774377 41144 runtime_context.cpp:29] DecreaseCounter constructing_actor_cnt, current val is 523
I1014 10:21:12.774724 41144 naive_actor.cpp:25] actor 1099614388322 switch to &NaiveActor::HandlerNormal
I1014 10:21:12.774785 41144 thread.cpp:96] Thread 524337 construct Actor kTick 1099614388322
I1014 10:21:12.774850 41144 runtime_context.cpp:29] DecreaseCounter constructing_actor_cnt, current val is 522
I1014 10:21:12.774976 41157 naive_actor.cpp:25] actor 2207613190186 switch to &NaiveActor::HandlerNormal
I1014 10:21:12.775022 41157 thread.cpp:96] Thread 1052672 construct Actor kNormalForward 2207613190186
I1014 10:21:12.775094 41157 runtime_context.cpp:29] DecreaseCounter constructing_actor_cnt, current val is 521
I1014 10:21:12.775187 41151 naive_actor.cpp:25] actor 2199023255609 switch to &NaiveActor::HandlerNormal
I1014 10:21:12.775241 41151 thread.cpp:96] Thread 1048576 construct Actor kNormalForward 2199023255609
I1014 10:21:12.775267 41144 naive_actor.cpp:25] actor 1099614388330 switch to &NaiveActor::HandlerNormal
I1014 10:21:12.775298 41144 thread.cpp:96] Thread 524337 construct Actor kTick 1099614388330
I1014 10:21:12.775318 41151 runtime_context.cpp:29] DecreaseCounter constructing_actor_cnt, current val is 520
I1014 10:21:12.775370 41144 runtime_context.cpp:29] DecreaseCounter constructing_actor_cnt, current val is 519
I1014 10:21:12.775506 41157 naive_actor.cpp:25] actor 2207613190163 switch to &NaiveActor::HandlerNormal
I1014 10:21:12.775550 41157 thread.cpp:96] Thread 1052672 construct Actor kNormalForward 2207613190163
I1014 10:21:12.775631 41157 runtime_context.cpp:29] DecreaseCounter constructing_actor_cnt, current val is 518
I1014 10:21:12.775779 41144 naive_actor.cpp:25] actor 1099614388325 switch to &NaiveActor::HandlerNormal
I1014 10:21:12.775828 41144 thread.cpp:96] Thread 524337 construct Actor kTick 1099614388325
I1014 10:21:12.775898 41144 runtime_context.cpp:29] DecreaseCounter constructing_actor_cnt, current val is 517
I1014 10:21:12.775996 41157 naive_actor.cpp:25] actor 2207613190191 switch to &NaiveActor::HandlerNormal
I1014 10:21:12.776041 41157 thread.cpp:96] Thread 1052672 construct Actor kNormalForward 2207613190191
I1014 10:21:12.776106 41157 runtime_context.cpp:29] DecreaseCounter constructing_actor_cnt, current val is 516
I1014 10:21:12.776248 41144 naive_actor.cpp:25] actor 1099614388320 switch to &NaiveActor::HandlerNormal
I1014 10:21:12.776293 41144 thread.cpp:96] Thread 524337 construct Actor kTick 1099614388320
I1014 10:21:12.776319 41151 naive_actor.cpp:25] actor 2199023255622 switch to &NaiveActor::HandlerNormal
I1014 10:21:12.776365 41144 runtime_context.cpp:29] DecreaseCounter constructing_actor_cnt, current val is 515
I1014 10:21:12.776368 41151 thread.cpp:96] Thread 1048576 construct Actor kNormalForward 2199023255622
I1014 10:21:12.776513 41151 runtime_context.cpp:29] DecreaseCounter constructing_actor_cnt, current val is 514
I1014 10:21:12.777014 41157 naive_actor.cpp:25] actor 2207613190210 switch to &NaiveActor::HandlerNormal
I1014 10:21:12.777062 41157 thread.cpp:96] Thread 1052672 construct Actor kNormalForward 2207613190210
I1014 10:21:12.777132 41157 runtime_context.cpp:29] DecreaseCounter constructing_actor_cnt, current val is 513
I1014 10:21:12.777416 41151 naive_actor.cpp:25] actor 2199023255646 switch to &NaiveActor::HandlerNormal
I1014 10:21:12.777462 41151 thread.cpp:96] Thread 1048576 construct Actor kNormalForward 2199023255646
I1014 10:21:12.777549 41151 runtime_context.cpp:29] DecreaseCounter constructing_actor_cnt, current val is 512
I1014 10:21:12.778358 41157 naive_actor.cpp:25] actor 2207613190187 switch to &NaiveActor::HandlerNormal
I1014 10:21:12.778373 41151 naive_actor.cpp:25] actor 2199023255589 switch to &NaiveActor::HandlerNormal
I1014 10:21:12.778411 41157 thread.cpp:96] Thread 1052672 construct Actor kNormalForward 2207613190187
I1014 10:21:12.778481 41151 thread.cpp:96] Thread 1048576 construct Actor kNormalForward 2199023255589
I1014 10:21:12.778549 41157 runtime_context.cpp:29] DecreaseCounter constructing_actor_cnt, current val is 511
I1014 10:21:12.778604 41151 runtime_context.cpp:29] DecreaseCounter constructing_actor_cnt, current val is 510
I1014 10:21:12.779516 41157 naive_actor.cpp:25] actor 2207613190176 switch to &NaiveActor::HandlerNormal
I1014 10:21:12.779523 41151 naive_actor.cpp:25] actor 2199023255626 switch to &NaiveActor::HandlerNormal
I1014 10:21:12.779580 41157 thread.cpp:96] Thread 1052672 construct Actor kNormalForward 2207613190176
I1014 10:21:12.779618 41151 thread.cpp:96] Thread 1048576 construct Actor kNormalForward 2199023255626
I1014 10:21:12.779706 41157 runtime_context.cpp:29] DecreaseCounter constructing_actor_cnt, current val is 509
I1014 10:21:12.779737 41151 runtime_context.cpp:29] DecreaseCounter constructing_actor_cnt, current val is 508
I1014 10:21:12.780634 41151 naive_actor.cpp:25] actor 2199023255650 switch to &NaiveActor::HandlerNormal
I1014 10:21:12.780696 41151 thread.cpp:96] Thread 1048576 construct Actor kNormalForward 2199023255650
I1014 10:21:12.780774 41151 runtime_context.cpp:29] DecreaseCounter constructing_actor_cnt, current val is 507
I1014 10:21:12.781203 41157 naive_actor.cpp:25] actor 2207613190201 switch to &NaiveActor::HandlerNormal
I1014 10:21:12.781252 41157 thread.cpp:96] Thread 1052672 construct Actor kNormalForward 2207613190201
I1014 10:21:12.781328 41157 runtime_context.cpp:29] DecreaseCounter constructing_actor_cnt, current val is 506
I1014 10:21:12.781647 41151 naive_actor.cpp:25] actor 2199023255657 switch to &NaiveActor::HandlerNormal
I1014 10:21:12.781697 41151 thread.cpp:96] Thread 1048576 construct Actor kNormalForward 2199023255657
I1014 10:21:12.781777 41151 runtime_context.cpp:29] DecreaseCounter constructing_actor_cnt, current val is 505
I1014 10:21:12.782243 41157 naive_actor.cpp:25] actor 2207613190236 switch to &NaiveActor::HandlerNormal
I1014 10:21:12.782289 41157 thread.cpp:96] Thread 1052672 construct Actor kNormalForward 2207613190236
I1014 10:21:12.782364 41157 runtime_context.cpp:29] DecreaseCounter constructing_actor_cnt, current val is 504
I1014 10:21:12.782723 41151 naive_actor.cpp:25] actor 2199023255616 switch to &NaiveActor::HandlerNormal
I1014 10:21:12.782775 41151 thread.cpp:96] Thread 1048576 construct Actor kNormalForward 2199023255616
I1014 10:21:12.782858 41151 runtime_context.cpp:29] DecreaseCounter constructing_actor_cnt, current val is 503
I1014 10:21:12.783385 41157 naive_actor.cpp:25] actor 2207613190199 switch to &NaiveActor::HandlerNormal
I1014 10:21:12.783434 41157 thread.cpp:96] Thread 1052672 construct Actor kNormalForward 2207613190199
I1014 10:21:12.783512 41157 runtime_context.cpp:29] DecreaseCounter constructing_actor_cnt, current val is 502
I1014 10:21:12.783744 41151 naive_actor.cpp:25] actor 2199023255572 switch to &NaiveActor::HandlerNormal
I1014 10:21:12.783792 41151 thread.cpp:96] Thread 1048576 construct Actor kNormalForward 2199023255572
I1014 10:21:12.783875 41151 runtime_context.cpp:29] DecreaseCounter constructing_actor_cnt, current val is 501
I1014 10:21:12.784391 41157 naive_actor.cpp:25] actor 2207613190202 switch to &NaiveActor::HandlerNormal
I1014 10:21:12.784436 41157 thread.cpp:96] Thread 1052672 construct Actor kNormalForward 2207613190202
I1014 10:21:12.784510 41157 runtime_context.cpp:29] DecreaseCounter constructing_actor_cnt, current val is 500
I1014 10:21:12.784610 41151 naive_actor.cpp:25] actor 2199023255557 switch to &NaiveActor::HandlerNormal
I1014 10:21:12.784654 41151 thread.cpp:96] Thread 1048576 construct Actor kNormalForward 2199023255557
I1014 10:21:12.784734 41151 runtime_context.cpp:29] DecreaseCounter constructing_actor_cnt, current val is 499
I1014 10:21:12.784775 41157 naive_actor.cpp:25] actor 2207613190170 switch to &NaiveActor::HandlerNormal
I1014 10:21:12.784806 41157 thread.cpp:96] Thread 1052672 construct Actor kNormalForward 2207613190170
I1014 10:21:12.784900 41157 runtime_context.cpp:29] DecreaseCounter constructing_actor_cnt, current val is 498
I1014 10:21:12.785507 41157 naive_actor.cpp:25] actor 2207613190213 switch to &NaiveActor::HandlerNormal
I1014 10:21:12.785543 41157 thread.cpp:96] Thread 1052672 construct Actor kNormalForward 2207613190213
I1014 10:21:12.785595 41157 runtime_context.cpp:29] DecreaseCounter constructing_actor_cnt, current val is 497
I1014 10:21:12.785593 41151 naive_actor.cpp:25] actor 2199023255596 switch to &NaiveActor::HandlerNormal
I1014 10:21:12.785668 41151 thread.cpp:96] Thread 1048576 construct Actor kNormalForward 2199023255596
I1014 10:21:12.785763 41151 runtime_context.cpp:29] DecreaseCounter constructing_actor_cnt, current val is 496
I1014 10:21:12.785848 41157 naive_actor.cpp:25] actor 2207613190196 switch to &NaiveActor::HandlerNormal
I1014 10:21:12.785881 41157 thread.cpp:96] Thread 1052672 construct Actor kNormalForward 2207613190196
I1014 10:21:12.785923 41157 runtime_context.cpp:29] DecreaseCounter constructing_actor_cnt, current val is 495
I1014 10:21:12.786132 41151 naive_actor.cpp:25] actor 2199023255562 switch to &NaiveActor::HandlerNormal
I1014 10:21:12.786178 41151 thread.cpp:96] Thread 1048576 construct Actor kNormalForward 2199023255562
I1014 10:21:12.786248 41151 runtime_context.cpp:29] DecreaseCounter constructing_actor_cnt, current val is 494
I1014 10:21:12.786514 41157 naive_actor.cpp:25] actor 2207613190181 switch to &NaiveActor::HandlerNormal
I1014 10:21:12.786550 41157 thread.cpp:96] Thread 1052672 construct Actor kNormalForward 2207613190181
