Log file created at: 2021/10/13 15:11:42
Running on machine: oneflow-14
Log line format: [IWEF]mmdd hh:mm:ss.uuuuuu threadid file:line] msg
I1013 15:11:42.947096  3693 global.h:36] NewGlobal 14cudaDeviceProp
I1013 15:11:42.948048  3693 global.h:36] NewGlobal N7oneflow7EnvDescE
I1013 15:11:42.948065  3693 global.h:36] NewGlobal N7oneflow10ProcessCtxE
I1013 15:11:42.948073  3693 env_global_objects_scope.cpp:152] using rpc backend: local
I1013 15:11:42.948087  3693 global.h:36] NewGlobal N7oneflow12ResourceDescE
I1013 15:11:42.948096  3693 global.h:36] NewGlobal N7oneflow12ResourceDescE
I1013 15:11:43.014039  3693 global.h:36] NewGlobal N7oneflow10ThreadPoolE
I1013 15:11:43.016219  3693 global.h:36] NewGlobal N7oneflow16EagerNcclCommMgrE
I1013 15:11:43.016237  3693 global.h:36] NewGlobal N7oneflow18CudnnConvAlgoCacheE
I1013 15:11:43.016243  3693 global.h:36] NewGlobal N7oneflow2vm19VirtualMachineScopeE
I1013 15:11:43.016252  3693 global.h:36] NewGlobal N7oneflow9OneflowVME
I1013 15:11:43.017024  3693 oneflow_vm.cpp:75] transport stream type: N7oneflow2vm13CpuStreamTypeE
I1013 15:11:43.017040  3693 oneflow_vm.cpp:75] transport stream type: N7oneflow2vm14CudaStreamTypeE
I1013 15:11:43.017046  3693 oneflow_vm.cpp:75] transport stream type: N7oneflow2vm19AsyncCudaStreamTypeE
I1013 15:11:43.017179  3693 global.h:36] NewGlobal N7oneflow27EagerJobBuildAndInferCtxMgrE
I1013 15:11:43.017191  3693 global.h:36] NewGlobal N7oneflow12EpollCommNetE
I1013 15:11:43.017303  3693 epoll_comm_network.cpp:63] CommNet:Epoll listening on 0.0.0.0:43044
I1013 15:11:43.017336  3693 epoll_comm_network.cpp:197] machine 0 sockfd -1
I1013 15:11:43.017439  3693 global.h:36] NewGlobal N7oneflow9TransportE
I1013 15:11:43.018760  3693 global.h:43] DeleteGlobal N7oneflow12ResourceDescE
I1013 15:11:43.018787  3693 version.cpp:22] OneFlow git version: b295ca2324
I1013 15:11:43.018802  3693 device_register_gpu.cpp:56] CUDA runtime version: 11.2
I1013 15:11:43.018821  3693 device_register_gpu.cpp:65] cuDNN version: 8.1.1
I1013 15:11:43.018831  3693 device_register_gpu.cpp:78] NCCL version: 2.9.8
I1013 15:11:43.018838  3693 global.h:36] NewGlobal N7oneflow12ResourceDescE
I1013 15:11:43.018846  3693 global.h:36] NewGlobal N7oneflow5IDMgrE
I1013 15:11:43.018863  3693 global.h:36] NewGlobal N7oneflow16AvailableMemDescE
I1013 15:11:43.018885  3693 global.h:36] NewGlobal St13unordered_mapISslSt4hashISsESt8equal_toISsESaISt4pairIKSslEEE
I1013 15:11:43.018893  3693 global.h:36] NewGlobal N7oneflow19CriticalSectionDescE
I1013 15:11:43.018898  3693 global.h:36] NewGlobal N7oneflow16InterUserJobInfoE
I1013 15:11:43.018906  3693 global.h:36] NewGlobal N7oneflow26LazyJobBuildAndInferCtxMgrE
I1013 15:11:43.018913  3693 global.h:36] NewGlobal N7oneflow16JobSetCompileCtxE
I1013 15:11:43.018920  3693 global.h:36] NewGlobal N7oneflow26RuntimeBufferManagersScopeE
I1013 15:11:43.018926  3693 global.h:36] NewGlobal N7oneflow9BufferMgrIlEE
I1013 15:11:43.018934  3693 global.h:36] NewGlobal N7oneflow9BufferMgrISt10shared_ptrINS_11JobInstanceEEEE
I1013 15:11:43.018939  3693 global.h:36] NewGlobal N7oneflow10RuntimeCtxE
I1013 15:11:43.018946  3693 global.h:36] NewGlobal N7oneflow15MemoryAllocatorE
I1013 15:11:43.018952  3693 global.h:36] NewGlobal N7oneflow8ChunkMgrE
I1013 15:11:43.018958  3693 global.h:36] NewGlobal N7oneflow8RegstMgrE
I1013 15:11:43.018965  3693 global.h:36] NewGlobal N7oneflow11ActorMsgBusE
I1013 15:11:43.018971  3693 global.h:36] NewGlobal N7oneflow9ThreadMgrE
I1013 15:11:43.018977  3693 global.h:36] NewGlobal N7oneflow15RuntimeJobDescsE
I1013 15:11:43.018983  3693 global.h:36] NewGlobal N7oneflow7summary12EventsWriterE
I1013 15:11:43.018992  3693 global.h:36] NewGlobal N7oneflow6boxing10collective24CollectiveBoxingExecutorE
I1013 15:11:43.018998  3693 global.h:36] NewGlobal N7oneflow6boxing10collective31CollectiveBoxingDeviceCtxPollerE
I1013 15:11:43.019114  3693 session.h:77] NewGlobal N7oneflow25SessionGlobalObjectsScopeE
I1013 15:11:43.019773  3693 global.h:36] NewGlobal N7oneflow7JobDescE
I1013 15:11:43.378480  3693 global.h:43] DeleteGlobal N7oneflow7JobDescE
I1013 15:11:43.378696  3693 global.h:36] NewGlobal N7oneflow7JobDescE
I1013 15:11:43.381623  3693 global.h:36] NewGlobal N7oneflow7OpGraphE
I1013 15:11:43.385422  3693 global.h:43] DeleteGlobal N7oneflow7OpGraphE
I1013 15:11:43.540776  3693 global.h:43] DeleteGlobal N7oneflow7JobDescE
I1013 15:11:43.556218  3693 global.h:36] NewGlobal N7oneflow24InterJobReuseMemStrategyE
I1013 15:11:43.556242  3693 global.h:36] NewGlobal N7oneflow7OneflowE
I1013 15:11:43.567855  3693 global.h:36] NewGlobal N7oneflow7JobDescE
I1013 15:11:43.771199  3693 global.h:36] NewGlobal N7oneflow7OpGraphE
I1013 15:11:43.841094  3693 global.h:43] DeleteGlobal N7oneflow7OpGraphE
I1013 15:11:43.849085  3693 oneflow.cpp:210] 
job_id: 0 , job_name: train_job , compile time: 0.281184 seconds.
I1013 15:11:43.895593  3693 global.h:43] DeleteGlobal N7oneflow7JobDescE
I1013 15:11:43.895880  3693 global.h:36] NewGlobal N7oneflow7JobDescE
I1013 15:11:43.942008  3693 global.h:36] NewGlobal N7oneflow7OpGraphE
I1013 15:11:43.959213  3693 global.h:43] DeleteGlobal N7oneflow7OpGraphE
I1013 15:11:43.964063  3693 oneflow.cpp:210] 
job_id: 1 , job_name: System-ModelInit , compile time: 0.0679037 seconds.
I1013 15:11:43.975939  3693 global.h:43] DeleteGlobal N7oneflow7JobDescE
I1013 15:11:43.976002  3693 global.h:36] NewGlobal N7oneflow7JobDescE
I1013 15:11:44.020515  3693 global.h:36] NewGlobal N7oneflow7OpGraphE
I1013 15:11:44.037510  3693 global.h:43] DeleteGlobal N7oneflow7OpGraphE
I1013 15:11:44.042301  3693 oneflow.cpp:210] 
job_id: 2 , job_name: System-ModelLoad , compile time: 0.0662794 seconds.
I1013 15:11:44.054256  3693 global.h:43] DeleteGlobal N7oneflow7JobDescE
I1013 15:11:44.054283  3693 global.h:36] NewGlobal N7oneflow7JobDescE
I1013 15:11:44.098470  3693 global.h:36] NewGlobal N7oneflow7OpGraphE
I1013 15:11:44.114887  3693 global.h:43] DeleteGlobal N7oneflow7OpGraphE
I1013 15:11:44.118695  3693 oneflow.cpp:210] 
job_id: 3 , job_name: System-ModelSave , compile time: 0.064395 seconds.
I1013 15:11:44.130467  3693 global.h:43] DeleteGlobal N7oneflow7JobDescE
I1013 15:11:44.130538  3693 global.h:36] NewGlobal N7oneflow7JobDescE
I1013 15:11:44.138712  3693 global.h:36] NewGlobal N7oneflow7OpGraphE
I1013 15:11:44.142307  3693 global.h:43] DeleteGlobal N7oneflow7OpGraphE
I1013 15:11:44.143854  3693 oneflow.cpp:210] 
job_id: 4 , job_name: System-Pull-Return_22 , compile time: 0.0132902 seconds.
I1013 15:11:44.147732  3693 global.h:43] DeleteGlobal N7oneflow7JobDescE
I1013 15:11:44.151809  3693 global.h:36] NewGlobal N7oneflow7JobDescE
I1013 15:11:44.151846  3693 global.h:36] NewGlobal N7oneflow7OpGraphE
I1013 15:11:44.157089  3693 global.h:43] DeleteGlobal N7oneflow7OpGraphE
I1013 15:11:44.160308  3693 oneflow.cpp:210] 
job_id: 5 , job_name: MainJob-unamed , compile time: 0.00847181 seconds.
I1013 15:11:44.167273  3693 global.h:43] DeleteGlobal N7oneflow7JobDescE
I1013 15:11:44.169742  3693 plan_util.cpp:928]  Plan: merged_plan needs to allocate [ 374.89 MiB ] device memory in Rank: 0 , Device: 0
I1013 15:11:44.271431  3693 oneflow.cpp:998]  PushPlan merged_plan time: 0.0100227 seconds.
I1013 15:11:44.299842  3693 oneflow.cpp:1014]  PullPlan merged_plan time: 0.0241421 seconds.
I1013 15:11:46.303442  3693 runtime_context.cpp:21] NewCounter constructing_actor_cnt 393
I1013 15:11:46.304410  4310 naive_actor.cpp:25] actor 2199023255700 switch to &NaiveActor::HandlerNormal
I1013 15:11:46.304512  4310 thread.cpp:96] Thread 1048576 construct Actor kDeviceTick 2199023255700
I1013 15:11:46.304615  4299 naive_actor.cpp:25] actor 1099614388226 switch to &NaiveActor::HandlerNormal
I1013 15:11:46.304715  4300 wait_and_send_ids_actor.cpp:53] actor 1099616485376 switch to &WaitAndSendIdsActor::HandlerWaitToStart
I1013 15:11:46.304778  4299 thread.cpp:96] Thread 524337 construct Actor kDeviceTick 1099614388226
I1013 15:11:46.304735  4310 runtime_context.cpp:29] DecreaseCounter constructing_actor_cnt, current val is 392
I1013 15:11:46.304797  4300 thread.cpp:96] Thread 524338 construct Actor kWaitAndSendIds 1099616485376
I1013 15:11:46.304894  4299 runtime_context.cpp:29] DecreaseCounter constructing_actor_cnt, current val is 391
I1013 15:11:46.304919  4300 runtime_context.cpp:29] DecreaseCounter constructing_actor_cnt, current val is 390
I1013 15:11:46.305043  4310 naive_actor.cpp:25] actor 2199023255739 switch to &NaiveActor::HandlerNormal
I1013 15:11:46.305275  4310 thread.cpp:96] Thread 1048576 construct Actor kDeviceTick 2199023255739
I1013 15:11:46.305359  4310 runtime_context.cpp:29] DecreaseCounter constructing_actor_cnt, current val is 389
I1013 15:11:46.305444  4299 naive_actor.cpp:25] actor 1099614388233 switch to &NaiveActor::HandlerNormal
I1013 15:11:46.305501  4299 thread.cpp:96] Thread 524337 construct Actor kDeviceTick 1099614388233
I1013 15:11:46.305555  4299 runtime_context.cpp:29] DecreaseCounter constructing_actor_cnt, current val is 388
I1013 15:11:46.305651  4310 naive_actor.cpp:25] actor 2199023255778 switch to &NaiveActor::HandlerNormal
I1013 15:11:46.305699  4310 thread.cpp:96] Thread 1048576 construct Actor kDeviceTick 2199023255778
I1013 15:11:46.305773  4310 runtime_context.cpp:29] DecreaseCounter constructing_actor_cnt, current val is 387
I1013 15:11:46.305902  4299 naive_actor.cpp:25] actor 1099614388243 switch to &NaiveActor::HandlerNormal
I1013 15:11:46.305946  4299 thread.cpp:96] Thread 524337 construct Actor kDeviceTick 1099614388243
I1013 15:11:46.306010  4299 runtime_context.cpp:29] DecreaseCounter constructing_actor_cnt, current val is 386
I1013 15:11:46.306049  4310 naive_actor.cpp:25] actor 2199023255817 switch to &NaiveActor::HandlerNormal
I1013 15:11:46.306099  4310 thread.cpp:96] Thread 1048576 construct Actor kDeviceTick 2199023255817
I1013 15:11:46.306178  4310 runtime_context.cpp:29] DecreaseCounter constructing_actor_cnt, current val is 385
I1013 15:11:46.306298  4299 naive_actor.cpp:25] actor 1099614388252 switch to &NaiveActor::HandlerNormal
I1013 15:11:46.306330  4299 thread.cpp:96] Thread 524337 construct Actor kDeviceTick 1099614388252
I1013 15:11:46.306378  4299 runtime_context.cpp:29] DecreaseCounter constructing_actor_cnt, current val is 384
I1013 15:11:46.306643  4299 naive_actor.cpp:25] actor 1099614388261 switch to &NaiveActor::HandlerNormal
I1013 15:11:46.306674  4299 thread.cpp:96] Thread 524337 construct Actor kDeviceTick 1099614388261
I1013 15:11:46.306721  4299 runtime_context.cpp:29] DecreaseCounter constructing_actor_cnt, current val is 383
I1013 15:11:46.306962  4299 naive_actor.cpp:25] actor 1099614388269 switch to &NaiveActor::HandlerNormal
I1013 15:11:46.306991  4299 thread.cpp:96] Thread 524337 construct Actor kDeviceTick 1099614388269
I1013 15:11:46.307034  4299 runtime_context.cpp:29] DecreaseCounter constructing_actor_cnt, current val is 382
I1013 15:11:46.307245  4299 naive_actor.cpp:25] actor 1099614388276 switch to &NaiveActor::HandlerNormal
I1013 15:11:46.307284  4299 thread.cpp:96] Thread 524337 construct Actor kDeviceTick 1099614388276
I1013 15:11:46.307332  4299 runtime_context.cpp:29] DecreaseCounter constructing_actor_cnt, current val is 381
I1013 15:11:46.314677  4301 sink_actor.cpp:21] actor 1099618582528 switch to &SinkActor::HandlerNormal
I1013 15:11:46.314754  4299 naive_actor.cpp:25] actor 1099614388234 switch to &NaiveActor::HandlerNormal
I1013 15:11:46.314946  4281 naive_actor.cpp:25] actor 1099524210688 switch to &NaiveActor::HandlerNormal
I1013 15:11:46.315029  4284 naive_actor.cpp:25] actor 1099530502144 switch to &NaiveActor::HandlerNormal
I1013 15:11:46.315117  4291 naive_actor.cpp:25] actor 1099545182208 switch to &NaiveActor::HandlerNormal
I1013 15:11:46.315201  4289 naive_actor.cpp:25] actor 1099540987904 switch to &NaiveActor::HandlerNormal
I1013 15:11:46.315285  4289 thread.cpp:96] Thread 524302 construct Actor kNormalForward 1099540987904
I1013 15:11:46.315393  4285 naive_actor.cpp:25] actor 1099532599296 switch to &NaiveActor::HandlerNormal
I1013 15:11:46.314957  4288 naive_actor.cpp:25] actor 1099538890752 switch to &NaiveActor::HandlerNormal
I1013 15:11:46.315510  4277 naive_actor.cpp:25] actor 1099515822080 switch to &NaiveActor::HandlerNormal
I1013 15:11:46.314993  4297 naive_actor.cpp:25] actor 1099557765120 switch to &NaiveActor::HandlerNormal
I1013 15:11:46.315027  4314 naive_actor.cpp:25] actor 2199025352704 switch to &NaiveActor::HandlerNormal
I1013 15:11:46.315878  4314 thread.cpp:96] Thread 1048577 construct Actor kCopyHd 2199025352704
I1013 15:11:46.315050  4281 thread.cpp:96] Thread 524294 construct Actor kNormalForward 1099524210688
I1013 15:11:46.315071  4295 naive_actor.cpp:25] actor 1099553570816 switch to &NaiveActor::HandlerNormal
I1013 15:11:46.316088  4295 thread.cpp:96] Thread 524308 construct Actor kNormalForward 1099553570816
I1013 15:11:46.315133  4284 thread.cpp:96] Thread 524297 construct Actor kNormalForward 1099530502144
I1013 15:11:46.314882  4292 naive_actor.cpp:25] actor 1099547279360 switch to &NaiveActor::HandlerNormal
I1013 15:11:46.316309  4292 thread.cpp:96] Thread 524305 construct Actor kNormalForward 1099547279360
I1013 15:11:46.315214  4291 thread.cpp:96] Thread 524304 construct Actor kForeignInput 1099545182208
I1013 15:11:46.315264  4286 naive_actor.cpp:25] actor 1099534696448 switch to &NaiveActor::HandlerNormal
I1013 15:11:46.316430  4291 runtime_context.cpp:29] DecreaseCounter constructing_actor_cnt, current val is 374
I1013 15:11:46.316450  4286 thread.cpp:96] Thread 524299 construct Actor kNormalForward 1099534696448
I1013 15:11:46.314918  4290 naive_actor.cpp:25] actor 1099543085056 switch to &NaiveActor::HandlerNormal
I1013 15:11:46.315304  4287 naive_actor.cpp:25] actor 1099536793600 switch to &NaiveActor::HandlerNormal
I1013 15:11:46.315322  4296 naive_actor.cpp:25] actor 1099555667968 switch to &NaiveActor::HandlerNormal
I1013 15:11:46.316704  4296 thread.cpp:96] Thread 524309 construct Actor kNormalForward 1099555667968
I1013 15:11:46.315374  4293 naive_actor.cpp:25] actor 1099549376512 switch to &NaiveActor::HandlerNormal
I1013 15:11:46.316788  4293 thread.cpp:96] Thread 524306 construct Actor kNormalForward 1099549376512
I1013 15:11:46.314762  4283 naive_actor.cpp:25] actor 1099528404992 switch to &NaiveActor::HandlerNormal
I1013 15:11:46.316892  4283 thread.cpp:96] Thread 524296 construct Actor kNormalForward 1099528404992
I1013 15:11:46.315436  4316 naive_actor.cpp:25] actor 2199027449857 switch to &NaiveActor::HandlerNormal
I1013 15:11:46.317037  4316 thread.cpp:96] Thread 1048578 construct Actor kCopyHd 2199027449857
I1013 15:11:46.315469  4280 naive_actor.cpp:25] actor 1099522113536 switch to &NaiveActor::HandlerNormal
I1013 15:11:46.317103  4316 runtime_context.cpp:29] DecreaseCounter constructing_actor_cnt, current val is 369
I1013 15:11:46.317117  4280 thread.cpp:96] Thread 524293 construct Actor kNormalForward 1099522113536
I1013 15:11:46.315546  4288 thread.cpp:96] Thread 524301 construct Actor kForeignInput 1099538890752
I1013 15:11:46.314968  4299 thread.cpp:96] Thread 524337 construct Actor kSrcSubsetTick 1099614388234
I1013 15:11:46.315601  4310 naive_actor.cpp:25] actor 2199023255587 switch to &NaiveActor::HandlerNormal
I1013 15:11:46.317374  4299 runtime_context.cpp:29] DecreaseCounter constructing_actor_cnt, current val is 366
I1013 15:11:46.315678  4277 thread.cpp:96] Thread 524290 construct Actor kNormalForward 1099515822080
I1013 15:11:46.315712  4276 naive_actor.cpp:25] actor 1099513724928 switch to &NaiveActor::HandlerNormal
I1013 15:11:46.317497  4276 thread.cpp:96] Thread 524289 construct Actor kNormalForward 1099513724928
I1013 15:11:46.315851  4278 naive_actor.cpp:25] actor 1099517919232 switch to &NaiveActor::HandlerNormal
I1013 15:11:46.314818  4294 naive_actor.cpp:25] actor 1099551473664 switch to &NaiveActor::HandlerNormal
I1013 15:11:46.315932  4314 runtime_context.cpp:29] DecreaseCounter constructing_actor_cnt, current val is 379
I1013 15:11:46.317729  4294 thread.cpp:96] Thread 524307 construct Actor kForeignInput 1099551473664
I1013 15:11:46.314878  4301 thread.cpp:96] Thread 524339 construct Actor kCallbackNotify 1099618582528
I1013 15:11:46.317788  4294 runtime_context.cpp:29] DecreaseCounter constructing_actor_cnt, current val is 363
I1013 15:11:46.317839  4301 runtime_context.cpp:29] DecreaseCounter constructing_actor_cnt, current val is 362
I1013 15:11:46.316346  4292 runtime_context.cpp:29] DecreaseCounter constructing_actor_cnt, current val is 375
I1013 15:11:46.316504  4286 runtime_context.cpp:29] DecreaseCounter constructing_actor_cnt, current val is 373
I1013 15:11:46.316550  4290 thread.cpp:96] Thread 524303 construct Actor kNormalForward 1099543085056
I1013 15:11:46.316615  4287 thread.cpp:96] Thread 524300 construct Actor kNormalForward 1099536793600
I1013 15:11:46.315357  4298 naive_actor.cpp:25] actor 1099559862272 switch to &NaiveActor::HandlerNormal
I1013 15:11:46.316828  4293 runtime_context.cpp:29] DecreaseCounter constructing_actor_cnt, current val is 371
I1013 15:11:46.316828  4296 runtime_context.cpp:29] DecreaseCounter constructing_actor_cnt, current val is 372
I1013 15:11:46.315423  4282 naive_actor.cpp:25] actor 1099526307840 switch to &NaiveActor::HandlerNormal
I1013 15:11:46.318655  4282 thread.cpp:96] Thread 524295 construct Actor kNormalForward 1099526307840
I1013 15:11:46.316974  4283 runtime_context.cpp:29] DecreaseCounter constructing_actor_cnt, current val is 370
I1013 15:11:46.315443  4289 runtime_context.cpp:29] DecreaseCounter constructing_actor_cnt, current val is 380
I1013 15:11:46.318728  4282 runtime_context.cpp:29] DecreaseCounter constructing_actor_cnt, current val is 359
I1013 15:11:46.317194  4280 runtime_context.cpp:29] DecreaseCounter constructing_actor_cnt, current val is 368
I1013 15:11:46.317272  4316 naive_actor.cpp:25] actor 2199027449856 switch to &NaiveActor::HandlerNormal
I1013 15:11:46.317266  4288 runtime_context.cpp:29] DecreaseCounter constructing_actor_cnt, current val is 367
I1013 15:11:46.317391  4310 thread.cpp:96] Thread 1048576 construct Actor kNormalForward 2199023255587
I1013 15:11:46.315838  4279 naive_actor.cpp:25] actor 1099520016384 switch to &NaiveActor::HandlerNormal
I1013 15:11:46.318977  4310 runtime_context.cpp:29] DecreaseCounter constructing_actor_cnt, current val is 358
I1013 15:11:46.319000  4279 thread.cpp:96] Thread 524292 construct Actor kNormalForward 1099520016384
I1013 15:11:46.315833  4297 thread.cpp:96] Thread 524310 construct Actor kNormalForward 1099557765120
I1013 15:11:46.317518  4277 runtime_context.cpp:29] DecreaseCounter constructing_actor_cnt, current val is 365
I1013 15:11:46.317631  4276 runtime_context.cpp:29] DecreaseCounter constructing_actor_cnt, current val is 364
I1013 15:11:46.317657  4278 thread.cpp:96] Thread 524291 construct Actor kNormalForward 1099517919232
I1013 15:11:46.316004  4281 runtime_context.cpp:29] DecreaseCounter constructing_actor_cnt, current val is 378
I1013 15:11:46.319363  4310 naive_actor.cpp:25] actor 2199023255577 switch to &NaiveActor::HandlerNormal
I1013 15:11:46.319404  4310 thread.cpp:96] Thread 1048576 construct Actor kNormalForward 2199023255577
I1013 15:11:46.317842  4314 naive_actor.cpp:25] actor 2199025352707 switch to &NaiveActor::HandlerNormal
I1013 15:11:46.319454  4314 thread.cpp:96] Thread 1048577 construct Actor kCopyHd 2199025352707
I1013 15:11:46.316331  4284 runtime_context.cpp:29] DecreaseCounter constructing_actor_cnt, current val is 376
I1013 15:11:46.317996  4274 naive_actor.cpp:25] actor 1099511627776 switch to &NaiveActor::HandlerNormal
I1013 15:11:46.319587  4274 thread.cpp:96] Thread 524288 construct Actor kNormalForward 1099511627776
I1013 15:11:46.318285  4290 runtime_context.cpp:29] DecreaseCounter constructing_actor_cnt, current val is 361
I1013 15:11:46.318377  4287 runtime_context.cpp:29] DecreaseCounter constructing_actor_cnt, current val is 360
I1013 15:11:46.318436  4298 thread.cpp:96] Thread 524311 construct Actor kForeignOutput 1099559862272
I1013 15:11:46.315482  4285 thread.cpp:96] Thread 524298 construct Actor kNormalForward 1099532599296
I1013 15:11:46.318831  4316 thread.cpp:96] Thread 1048578 construct Actor kCopyHd 2199027449856
I1013 15:11:46.319092  4279 runtime_context.cpp:29] DecreaseCounter constructing_actor_cnt, current val is 357
I1013 15:11:46.319125  4297 runtime_context.cpp:29] DecreaseCounter constructing_actor_cnt, current val is 356
I1013 15:11:46.319372  4278 runtime_context.cpp:29] DecreaseCounter constructing_actor_cnt, current val is 355
I1013 15:11:46.316220  4295 runtime_context.cpp:29] DecreaseCounter constructing_actor_cnt, current val is 377
I1013 15:11:46.319463  4310 runtime_context.cpp:29] DecreaseCounter constructing_actor_cnt, current val is 354
I1013 15:11:46.319491  4314 runtime_context.cpp:29] DecreaseCounter constructing_actor_cnt, current val is 353
I1013 15:11:46.317910  4299 naive_actor.cpp:25] actor 1099614388230 switch to &NaiveActor::HandlerNormal
I1013 15:11:46.320546  4299 thread.cpp:96] Thread 524337 construct Actor kTick 1099614388230
I1013 15:11:46.319852  4298 runtime_context.cpp:29] DecreaseCounter constructing_actor_cnt, current val is 351
I1013 15:11:46.319867  4285 runtime_context.cpp:29] DecreaseCounter constructing_actor_cnt, current val is 350
I1013 15:11:46.319918  4316 runtime_context.cpp:29] DecreaseCounter constructing_actor_cnt, current val is 349
I1013 15:11:46.320796  4310 naive_actor.cpp:25] actor 2199023255553 switch to &NaiveActor::HandlerNormal
I1013 15:11:46.320837  4310 thread.cpp:96] Thread 1048576 construct Actor kNormalForward 2199023255553
I1013 15:11:46.319635  4274 runtime_context.cpp:29] DecreaseCounter constructing_actor_cnt, current val is 352
I1013 15:11:46.320901  4310 runtime_context.cpp:29] DecreaseCounter constructing_actor_cnt, current val is 347
I1013 15:11:46.320664  4299 runtime_context.cpp:29] DecreaseCounter constructing_actor_cnt, current val is 348
I1013 15:11:46.320502  4314 naive_actor.cpp:25] actor 2199025352706 switch to &NaiveActor::HandlerNormal
I1013 15:11:46.320941  4316 naive_actor.cpp:25] actor 2199027449858 switch to &NaiveActor::HandlerNormal
I1013 15:11:46.321044  4314 thread.cpp:96] Thread 1048577 construct Actor kCopyHd 2199025352706
I1013 15:11:46.321126  4316 thread.cpp:96] Thread 1048578 construct Actor kCopyHd 2199027449858
I1013 15:11:46.321188  4314 runtime_context.cpp:29] DecreaseCounter constructing_actor_cnt, current val is 346
I1013 15:11:46.321236  4316 runtime_context.cpp:29] DecreaseCounter constructing_actor_cnt, current val is 345
I1013 15:11:46.321316  4314 naive_actor.cpp:25] actor 2199025352708 switch to &NaiveActor::HandlerNormal
I1013 15:11:46.321348  4314 thread.cpp:96] Thread 1048577 construct Actor kCopyHd 2199025352708
I1013 15:11:46.321381  4314 runtime_context.cpp:29] DecreaseCounter constructing_actor_cnt, current val is 344
I1013 15:11:46.321410  4299 naive_actor.cpp:25] actor 1099614388238 switch to &NaiveActor::HandlerNormal
I1013 15:11:46.321465  4299 thread.cpp:96] Thread 524337 construct Actor kTick 1099614388238
I1013 15:11:46.321491  4314 naive_actor.cpp:25] actor 2199025352705 switch to &NaiveActor::HandlerNormal
I1013 15:11:46.321518  4314 thread.cpp:96] Thread 1048577 construct Actor kCopyHd 2199025352705
I1013 15:11:46.321543  4314 runtime_context.cpp:29] DecreaseCounter constructing_actor_cnt, current val is 342
I1013 15:11:46.321542  4299 runtime_context.cpp:29] DecreaseCounter constructing_actor_cnt, current val is 343
I1013 15:11:46.321635  4314 naive_actor.cpp:25] actor 2199025352709 switch to &NaiveActor::HandlerNormal
I1013 15:11:46.321664  4314 thread.cpp:96] Thread 1048577 construct Actor kCopyHd 2199025352709
I1013 15:11:46.321687  4314 runtime_context.cpp:29] DecreaseCounter constructing_actor_cnt, current val is 341
I1013 15:11:46.321766  4314 naive_actor.cpp:25] actor 2199025352710 switch to &NaiveActor::HandlerNormal
I1013 15:11:46.321805  4314 thread.cpp:96] Thread 1048577 construct Actor kCopyHd 2199025352710
I1013 15:11:46.321761  4310 naive_actor.cpp:25] actor 2199023255619 switch to &NaiveActor::HandlerNormal
I1013 15:11:46.321833  4314 runtime_context.cpp:29] DecreaseCounter constructing_actor_cnt, current val is 340
I1013 15:11:46.321866  4310 thread.cpp:96] Thread 1048576 construct Actor kNormalForward 2199023255619
I1013 15:11:46.321952  4299 naive_actor.cpp:25] actor 1099614388231 switch to &NaiveActor::HandlerNormal
I1013 15:11:46.321988  4299 thread.cpp:96] Thread 524337 construct Actor kTick 1099614388231
I1013 15:11:46.322010  4310 runtime_context.cpp:29] DecreaseCounter constructing_actor_cnt, current val is 339
I1013 15:11:46.322046  4299 runtime_context.cpp:29] DecreaseCounter constructing_actor_cnt, current val is 338
I1013 15:11:46.322563  4299 naive_actor.cpp:25] actor 1099614388229 switch to &NaiveActor::HandlerNormal
I1013 15:11:46.322638  4299 thread.cpp:96] Thread 524337 construct Actor kDstSubsetTick 1099614388229
I1013 15:11:46.322705  4299 runtime_context.cpp:29] DecreaseCounter constructing_actor_cnt, current val is 337
I1013 15:11:46.323021  4310 naive_actor.cpp:25] actor 2199023255560 switch to &NaiveActor::HandlerNormal
I1013 15:11:46.323112  4299 naive_actor.cpp:25] actor 1099614388237 switch to &NaiveActor::HandlerNormal
I1013 15:11:46.323114  4310 thread.cpp:96] Thread 1048576 construct Actor kNormalForward 2199023255560
I1013 15:11:46.323164  4299 thread.cpp:96] Thread 524337 construct Actor kDstSubsetTick 1099614388237
I1013 15:11:46.323254  4310 runtime_context.cpp:29] DecreaseCounter constructing_actor_cnt, current val is 336
I1013 15:11:46.323261  4299 runtime_context.cpp:29] DecreaseCounter constructing_actor_cnt, current val is 335
I1013 15:11:46.323609  4299 naive_actor.cpp:25] actor 1099614388236 switch to &NaiveActor::HandlerNormal
I1013 15:11:46.323662  4299 thread.cpp:96] Thread 524337 construct Actor kTick 1099614388236
I1013 15:11:46.323741  4299 runtime_context.cpp:29] DecreaseCounter constructing_actor_cnt, current val is 334
I1013 15:11:46.324044  4299 naive_actor.cpp:25] actor 1099614388320 switch to &NaiveActor::HandlerNormal
I1013 15:11:46.324096  4299 thread.cpp:96] Thread 524337 construct Actor kTick 1099614388320
I1013 15:11:46.324154  4299 runtime_context.cpp:29] DecreaseCounter constructing_actor_cnt, current val is 333
I1013 15:11:46.324211  4310 naive_actor.cpp:25] actor 2199023255570 switch to &NaiveActor::HandlerNormal
I1013 15:11:46.324301  4310 thread.cpp:96] Thread 1048576 construct Actor kNormalForward 2199023255570
I1013 15:11:46.324402  4310 runtime_context.cpp:29] DecreaseCounter constructing_actor_cnt, current val is 332
I1013 15:11:46.324652  4299 esac_actor.cpp:73] actor 1099614388321 switch to &EsacActor::HandlerNormal
I1013 15:11:46.324705  4299 thread.cpp:96] Thread 524337 construct Actor kEsac 1099614388321
I1013 15:11:46.324779  4299 runtime_context.cpp:29] DecreaseCounter constructing_actor_cnt, current val is 331
I1013 15:11:46.325094  4299 naive_actor.cpp:25] actor 1099614388228 switch to &NaiveActor::HandlerNormal
I1013 15:11:46.325146  4299 thread.cpp:96] Thread 524337 construct Actor kTick 1099614388228
I1013 15:11:46.325208  4299 runtime_context.cpp:29] DecreaseCounter constructing_actor_cnt, current val is 330
I1013 15:11:46.325345  4310 naive_actor.cpp:25] actor 2199023255568 switch to &NaiveActor::HandlerNormal
I1013 15:11:46.325402  4310 thread.cpp:96] Thread 1048576 construct Actor kNormalForward 2199023255568
I1013 15:11:46.325474  4310 runtime_context.cpp:29] DecreaseCounter constructing_actor_cnt, current val is 329
I1013 15:11:46.325533  4299 naive_actor.cpp:25] actor 1099614388239 switch to &NaiveActor::HandlerNormal
I1013 15:11:46.325584  4299 thread.cpp:96] Thread 524337 construct Actor kTick 1099614388239
I1013 15:11:46.325657  4299 runtime_context.cpp:29] DecreaseCounter constructing_actor_cnt, current val is 328
I1013 15:11:46.325980  4299 naive_actor.cpp:25] actor 1099614388225 switch to &NaiveActor::HandlerNormal
I1013 15:11:46.326028  4299 thread.cpp:96] Thread 524337 construct Actor kSrcSubsetTick 1099614388225
I1013 15:11:46.326083  4299 runtime_context.cpp:29] DecreaseCounter constructing_actor_cnt, current val is 327
I1013 15:11:46.326231  4310 naive_actor.cpp:25] actor 2199023255576 switch to &NaiveActor::HandlerNormal
I1013 15:11:46.326282  4310 thread.cpp:96] Thread 1048576 construct Actor kNormalForward 2199023255576
I1013 15:11:46.326344  4310 runtime_context.cpp:29] DecreaseCounter constructing_actor_cnt, current val is 326
I1013 15:11:46.326357  4299 naive_actor.cpp:25] actor 1099614388224 switch to &NaiveActor::HandlerNormal
I1013 15:11:46.326400  4299 thread.cpp:96] Thread 524337 construct Actor kDeviceTick 1099614388224
I1013 15:11:46.326508  4299 runtime_context.cpp:29] DecreaseCounter constructing_actor_cnt, current val is 325
I1013 15:11:46.326820  4299 naive_actor.cpp:25] actor 1099614388232 switch to &NaiveActor::HandlerNormal
I1013 15:11:46.326905  4299 thread.cpp:96] Thread 524337 construct Actor kTick 1099614388232
I1013 15:11:46.326972  4299 runtime_context.cpp:29] DecreaseCounter constructing_actor_cnt, current val is 324
I1013 15:11:46.327263  4310 naive_actor.cpp:25] actor 2199023255559 switch to &NaiveActor::HandlerNormal
I1013 15:11:46.327273  4299 naive_actor.cpp:25] actor 1099614388240 switch to &NaiveActor::HandlerNormal
I1013 15:11:46.327313  4310 thread.cpp:96] Thread 1048576 construct Actor kNormalForward 2199023255559
I1013 15:11:46.327338  4299 thread.cpp:96] Thread 524337 construct Actor kTick 1099614388240
I1013 15:11:46.327419  4299 runtime_context.cpp:29] DecreaseCounter constructing_actor_cnt, current val is 323
I1013 15:11:46.327419  4310 runtime_context.cpp:29] DecreaseCounter constructing_actor_cnt, current val is 322
I1013 15:11:46.327715  4299 naive_actor.cpp:25] actor 1099614388247 switch to &NaiveActor::HandlerNormal
I1013 15:11:46.327744  4310 naive_actor.cpp:25] actor 2199023255582 switch to &NaiveActor::HandlerNormal
I1013 15:11:46.327764  4299 thread.cpp:96] Thread 524337 construct Actor kTick 1099614388247
I1013 15:11:46.327791  4310 thread.cpp:96] Thread 1048576 construct Actor kNormalForward 2199023255582
I1013 15:11:46.327847  4299 runtime_context.cpp:29] DecreaseCounter constructing_actor_cnt, current val is 321
I1013 15:11:46.327867  4310 runtime_context.cpp:29] DecreaseCounter constructing_actor_cnt, current val is 320
I1013 15:11:46.328148  4299 naive_actor.cpp:25] actor 1099614388242 switch to &NaiveActor::HandlerNormal
I1013 15:11:46.328155  4310 naive_actor.cpp:25] actor 2199023255569 switch to &NaiveActor::HandlerNormal
I1013 15:11:46.328198  4299 thread.cpp:96] Thread 524337 construct Actor kSrcSubsetTick 1099614388242
I1013 15:11:46.328236  4310 thread.cpp:96] Thread 1048576 construct Actor kNormalForward 2199023255569
I1013 15:11:46.328292  4299 runtime_context.cpp:29] DecreaseCounter constructing_actor_cnt, current val is 319
I1013 15:11:46.328307  4310 runtime_context.cpp:29] DecreaseCounter constructing_actor_cnt, current val is 318
I1013 15:11:46.328560  4299 naive_actor.cpp:25] actor 1099614388245 switch to &NaiveActor::HandlerNormal
I1013 15:11:46.328629  4299 thread.cpp:96] Thread 524337 construct Actor kTick 1099614388245
I1013 15:11:46.328702  4299 runtime_context.cpp:29] DecreaseCounter constructing_actor_cnt, current val is 317
I1013 15:11:46.328997  4299 naive_actor.cpp:25] actor 1099614388241 switch to &NaiveActor::HandlerNormal
I1013 15:11:46.329047  4299 thread.cpp:96] Thread 524337 construct Actor kDeviceTick 1099614388241
I1013 15:11:46.329100  4299 runtime_context.cpp:29] DecreaseCounter constructing_actor_cnt, current val is 316
I1013 15:11:46.329131  4310 naive_actor.cpp:25] actor 2199023255565 switch to &NaiveActor::HandlerNormal
I1013 15:11:46.329180  4310 thread.cpp:96] Thread 1048576 construct Actor kNormalForward 2199023255565
I1013 15:11:46.329246  4310 runtime_context.cpp:29] DecreaseCounter constructing_actor_cnt, current val is 315
I1013 15:11:46.329411  4299 naive_actor.cpp:25] actor 1099614388318 switch to &NaiveActor::HandlerNormal
I1013 15:11:46.329457  4299 thread.cpp:96] Thread 524337 construct Actor kTick 1099614388318
I1013 15:11:46.329509  4299 runtime_context.cpp:29] DecreaseCounter constructing_actor_cnt, current val is 314
I1013 15:11:46.329825  4299 naive_actor.cpp:25] actor 1099614388248 switch to &NaiveActor::HandlerNormal
I1013 15:11:46.329870  4299 thread.cpp:96] Thread 524337 construct Actor kTick 1099614388248
I1013 15:11:46.329936  4299 runtime_context.cpp:29] DecreaseCounter constructing_actor_cnt, current val is 313
I1013 15:11:46.330122  4310 naive_actor.cpp:25] actor 2199023255575 switch to &NaiveActor::HandlerNormal
I1013 15:11:46.330173  4310 thread.cpp:96] Thread 1048576 construct Actor kNormalForward 2199023255575
I1013 15:11:46.330315  4299 naive_actor.cpp:25] actor 1099614388246 switch to &NaiveActor::HandlerNormal
I1013 15:11:46.330341  4310 runtime_context.cpp:29] DecreaseCounter constructing_actor_cnt, current val is 312
I1013 15:11:46.330371  4299 thread.cpp:96] Thread 524337 construct Actor kDstSubsetTick 1099614388246
I1013 15:11:46.330479  4299 runtime_context.cpp:29] DecreaseCounter constructing_actor_cnt, current val is 311
I1013 15:11:46.330793  4299 naive_actor.cpp:25] actor 1099614388319 switch to &NaiveActor::HandlerNormal
I1013 15:11:46.330842  4299 thread.cpp:96] Thread 524337 construct Actor kTick 1099614388319
I1013 15:11:46.330899  4299 runtime_context.cpp:29] DecreaseCounter constructing_actor_cnt, current val is 310
I1013 15:11:46.331131  4310 naive_actor.cpp:25] actor 2199023255566 switch to &NaiveActor::HandlerNormal
I1013 15:11:46.331182  4310 thread.cpp:96] Thread 1048576 construct Actor kNormalForward 2199023255566
I1013 15:11:46.331197  4299 naive_actor.cpp:25] actor 1099614388254 switch to &NaiveActor::HandlerNormal
I1013 15:11:46.331254  4310 runtime_context.cpp:29] DecreaseCounter constructing_actor_cnt, current val is 309
I1013 15:11:46.331255  4299 thread.cpp:96] Thread 524337 construct Actor kTick 1099614388254
I1013 15:11:46.331344  4299 runtime_context.cpp:29] DecreaseCounter constructing_actor_cnt, current val is 308
I1013 15:11:46.331645  4299 naive_actor.cpp:25] actor 1099614388257 switch to &NaiveActor::HandlerNormal
I1013 15:11:46.331705  4299 thread.cpp:96] Thread 524337 construct Actor kTick 1099614388257
I1013 15:11:46.331759  4299 runtime_context.cpp:29] DecreaseCounter constructing_actor_cnt, current val is 307
I1013 15:11:46.332106  4299 naive_actor.cpp:25] actor 1099614388255 switch to &NaiveActor::HandlerNormal
I1013 15:11:46.332129  4310 naive_actor.cpp:25] actor 2199023255583 switch to &NaiveActor::HandlerNormal
I1013 15:11:46.332154  4299 thread.cpp:96] Thread 524337 construct Actor kDstSubsetTick 1099614388255
I1013 15:11:46.332199  4310 thread.cpp:96] Thread 1048576 construct Actor kNormalForward 2199023255583
I1013 15:11:46.332268  4299 runtime_context.cpp:29] DecreaseCounter constructing_actor_cnt, current val is 306
I1013 15:11:46.332288  4310 runtime_context.cpp:29] DecreaseCounter constructing_actor_cnt, current val is 305
I1013 15:11:46.332576  4299 naive_actor.cpp:25] actor 1099614388249 switch to &NaiveActor::HandlerNormal
I1013 15:11:46.332623  4299 thread.cpp:96] Thread 524337 construct Actor kTick 1099614388249
I1013 15:11:46.332691  4299 runtime_context.cpp:29] DecreaseCounter constructing_actor_cnt, current val is 304
I1013 15:11:46.332988  4299 naive_actor.cpp:25] actor 1099614388251 switch to &NaiveActor::HandlerNormal
I1013 15:11:46.333001  4310 naive_actor.cpp:25] actor 2199023255581 switch to &NaiveActor::HandlerNormal
I1013 15:11:46.333040  4299 thread.cpp:96] Thread 524337 construct Actor kSrcSubsetTick 1099614388251
I1013 15:11:46.333081  4310 thread.cpp:96] Thread 1048576 construct Actor kNormalForward 2199023255581
I1013 15:11:46.333137  4299 runtime_context.cpp:29] DecreaseCounter constructing_actor_cnt, current val is 303
I1013 15:11:46.333158  4310 runtime_context.cpp:29] DecreaseCounter constructing_actor_cnt, current val is 302
I1013 15:11:46.333423  4299 naive_actor.cpp:25] actor 1099614388250 switch to &NaiveActor::HandlerNormal
I1013 15:11:46.333451  4310 naive_actor.cpp:25] actor 2199023255574 switch to &NaiveActor::HandlerNormal
I1013 15:11:46.333473  4299 thread.cpp:96] Thread 524337 construct Actor kDeviceTick 1099614388250
I1013 15:11:46.333499  4310 thread.cpp:96] Thread 1048576 construct Actor kNormalForward 2199023255574
I1013 15:11:46.333580  4299 runtime_context.cpp:29] DecreaseCounter constructing_actor_cnt, current val is 301
I1013 15:11:46.333598  4310 runtime_context.cpp:29] DecreaseCounter constructing_actor_cnt, current val is 300
I1013 15:11:46.333866  4299 naive_actor.cpp:25] actor 1099614388256 switch to &NaiveActor::HandlerNormal
I1013 15:11:46.333914  4299 thread.cpp:96] Thread 524337 construct Actor kTick 1099614388256
I1013 15:11:46.334026  4299 runtime_context.cpp:29] DecreaseCounter constructing_actor_cnt, current val is 299
I1013 15:11:46.334324  4299 naive_actor.cpp:25] actor 1099614388259 switch to &NaiveActor::HandlerNormal
I1013 15:11:46.334383  4310 naive_actor.cpp:25] actor 2199023255555 switch to &NaiveActor::HandlerNormal
I1013 15:11:46.334394  4299 thread.cpp:96] Thread 524337 construct Actor kDeviceTick 1099614388259
I1013 15:11:46.334434  4310 thread.cpp:96] Thread 1048576 construct Actor kNormalForward 2199023255555
I1013 15:11:46.334491  4299 runtime_context.cpp:29] DecreaseCounter constructing_actor_cnt, current val is 298
I1013 15:11:46.334515  4310 runtime_context.cpp:29] DecreaseCounter constructing_actor_cnt, current val is 297
I1013 15:11:46.334796  4299 naive_actor.cpp:25] actor 1099614388258 switch to &NaiveActor::HandlerNormal
I1013 15:11:46.334847  4299 thread.cpp:96] Thread 524337 construct Actor kTick 1099614388258
I1013 15:11:46.334915  4299 runtime_context.cpp:29] DecreaseCounter constructing_actor_cnt, current val is 296
I1013 15:11:46.335197  4299 naive_actor.cpp:25] actor 1099614388263 switch to &NaiveActor::HandlerNormal
I1013 15:11:46.335245  4299 thread.cpp:96] Thread 524337 construct Actor kTick 1099614388263
I1013 15:11:46.335299  4299 runtime_context.cpp:29] DecreaseCounter constructing_actor_cnt, current val is 295
I1013 15:11:46.335316  4310 naive_actor.cpp:25] actor 2199023255557 switch to &NaiveActor::HandlerNormal
I1013 15:11:46.335372  4310 thread.cpp:96] Thread 1048576 construct Actor kNormalForward 2199023255557
I1013 15:11:46.335446  4310 runtime_context.cpp:29] DecreaseCounter constructing_actor_cnt, current val is 294
I1013 15:11:46.335629  4299 naive_actor.cpp:25] actor 1099614388260 switch to &NaiveActor::HandlerNormal
I1013 15:11:46.335676  4299 thread.cpp:96] Thread 524337 construct Actor kSrcSubsetTick 1099614388260
I1013 15:11:46.335729  4299 runtime_context.cpp:29] DecreaseCounter constructing_actor_cnt, current val is 293
I1013 15:11:46.335788  4310 naive_actor.cpp:25] actor 2199023255584 switch to &NaiveActor::HandlerNormal
I1013 15:11:46.335835  4310 thread.cpp:96] Thread 1048576 construct Actor kNormalForward 2199023255584
I1013 15:11:46.335903  4310 runtime_context.cpp:29] DecreaseCounter constructing_actor_cnt, current val is 292
I1013 15:11:46.336120  4299 naive_actor.cpp:25] actor 1099614388264 switch to &NaiveActor::HandlerNormal
I1013 15:11:46.336174  4299 thread.cpp:96] Thread 524337 construct Actor kDstSubsetTick 1099614388264
I1013 15:11:46.336208  4310 naive_actor.cpp:25] actor 2199023255589 switch to &NaiveActor::HandlerNormal
I1013 15:11:46.336243  4299 runtime_context.cpp:29] DecreaseCounter constructing_actor_cnt, current val is 291
I1013 15:11:46.336263  4310 thread.cpp:96] Thread 1048576 construct Actor kNormalForward 2199023255589
I1013 15:11:46.336347  4310 runtime_context.cpp:29] DecreaseCounter constructing_actor_cnt, current val is 290
I1013 15:11:46.336557  4299 naive_actor.cpp:25] actor 1099614388265 switch to &NaiveActor::HandlerNormal
I1013 15:11:46.336618  4299 thread.cpp:96] Thread 524337 construct Actor kTick 1099614388265
I1013 15:11:46.336685  4299 runtime_context.cpp:29] DecreaseCounter constructing_actor_cnt, current val is 289
I1013 15:11:46.336980  4299 naive_actor.cpp:25] actor 1099614388266 switch to &NaiveActor::HandlerNormal
I1013 15:11:46.337025  4299 thread.cpp:96] Thread 524337 construct Actor kTick 1099614388266
I1013 15:11:46.337075  4299 runtime_context.cpp:29] DecreaseCounter constructing_actor_cnt, current val is 288
I1013 15:11:46.337143  4310 naive_actor.cpp:25] actor 2199023255626 switch to &NaiveActor::HandlerNormal
I1013 15:11:46.337190  4310 thread.cpp:96] Thread 1048576 construct Actor kNormalForward 2199023255626
I1013 15:11:46.337251  4310 runtime_context.cpp:29] DecreaseCounter constructing_actor_cnt, current val is 287
I1013 15:11:46.337349  4299 naive_actor.cpp:25] actor 1099614388267 switch to &NaiveActor::HandlerNormal
I1013 15:11:46.337392  4299 thread.cpp:96] Thread 524337 construct Actor kDeviceTick 1099614388267
I1013 15:11:46.337528  4299 runtime_context.cpp:29] DecreaseCounter constructing_actor_cnt, current val is 286
I1013 15:11:46.337610  4310 naive_actor.cpp:25] actor 2199023255579 switch to &NaiveActor::HandlerNormal
I1013 15:11:46.337661  4310 thread.cpp:96] Thread 1048576 construct Actor kNormalForward 2199023255579
I1013 15:11:46.337726  4310 runtime_context.cpp:29] DecreaseCounter constructing_actor_cnt, current val is 285
I1013 15:11:46.337847  4299 naive_actor.cpp:25] actor 1099614388281 switch to &NaiveActor::HandlerNormal
I1013 15:11:46.337891  4299 thread.cpp:96] Thread 524337 construct Actor kTick 1099614388281
I1013 15:11:46.337941  4299 runtime_context.cpp:29] DecreaseCounter constructing_actor_cnt, current val is 284
I1013 15:11:46.338234  4299 naive_actor.cpp:25] actor 1099614388268 switch to &NaiveActor::HandlerNormal
I1013 15:11:46.338290  4299 thread.cpp:96] Thread 524337 construct Actor kSrcSubsetTick 1099614388268
I1013 15:11:46.338349  4299 runtime_context.cpp:29] DecreaseCounter constructing_actor_cnt, current val is 283
I1013 15:11:46.338575  4310 naive_actor.cpp:25] actor 2199023255573 switch to &NaiveActor::HandlerNormal
I1013 15:11:46.338622  4310 thread.cpp:96] Thread 1048576 construct Actor kNormalForward 2199023255573
I1013 15:11:46.338646  4299 naive_actor.cpp:25] actor 1099614388282 switch to &NaiveActor::HandlerNormal
I1013 15:11:46.338677  4299 thread.cpp:96] Thread 524337 construct Actor kTick 1099614388282
I1013 15:11:46.338694  4310 runtime_context.cpp:29] DecreaseCounter constructing_actor_cnt, current val is 282
I1013 15:11:46.338747  4299 runtime_context.cpp:29] DecreaseCounter constructing_actor_cnt, current val is 281
I1013 15:11:46.339017  4299 naive_actor.cpp:25] actor 1099614388279 switch to &NaiveActor::HandlerNormal
I1013 15:11:46.339061  4299 thread.cpp:96] Thread 524337 construct Actor kTick 1099614388279
I1013 15:11:46.339112  4299 runtime_context.cpp:29] DecreaseCounter constructing_actor_cnt, current val is 280
I1013 15:11:46.339365  4310 naive_actor.cpp:25] actor 2199023255586 switch to &NaiveActor::HandlerNormal
I1013 15:11:46.339377  4299 naive_actor.cpp:25] actor 1099614388271 switch to &NaiveActor::HandlerNormal
I1013 15:11:46.339416  4310 thread.cpp:96] Thread 1048576 construct Actor kNormalForward 2199023255586
I1013 15:11:46.339438  4299 thread.cpp:96] Thread 524337 construct Actor kTick 1099614388271
I1013 15:11:46.339504  4310 runtime_context.cpp:29] DecreaseCounter constructing_actor_cnt, current val is 279
I1013 15:11:46.339509  4299 runtime_context.cpp:29] DecreaseCounter constructing_actor_cnt, current val is 278
I1013 15:11:46.339820  4299 naive_actor.cpp:25] actor 1099614388275 switch to &NaiveActor::HandlerNormal
I1013 15:11:46.339866  4299 thread.cpp:96] Thread 524337 construct Actor kTick 1099614388275
I1013 15:11:46.339918  4299 runtime_context.cpp:29] DecreaseCounter constructing_actor_cnt, current val is 277
I1013 15:11:46.340268  4310 naive_actor.cpp:25] actor 2199023255615 switch to &NaiveActor::HandlerNormal
I1013 15:11:46.340317  4310 thread.cpp:96] Thread 1048576 construct Actor kNormalForward 2199023255615
I1013 15:11:46.340384  4299 esac_actor.cpp:73] actor 1099614388313 switch to &EsacActor::HandlerNormal
I1013 15:11:46.340395  4310 runtime_context.cpp:29] DecreaseCounter constructing_actor_cnt, current val is 276
I1013 15:11:46.340437  4299 thread.cpp:96] Thread 524337 construct Actor kEsac 1099614388313
I1013 15:11:46.340524  4299 runtime_context.cpp:29] DecreaseCounter constructing_actor_cnt, current val is 275
I1013 15:11:46.340814  4299 naive_actor.cpp:25] actor 1099614388273 switch to &NaiveActor::HandlerNormal
I1013 15:11:46.340860  4299 thread.cpp:96] Thread 524337 construct Actor kTick 1099614388273
I1013 15:11:46.340910  4299 runtime_context.cpp:29] DecreaseCounter constructing_actor_cnt, current val is 274
I1013 15:11:46.341179  4299 naive_actor.cpp:25] actor 1099614388277 switch to &NaiveActor::HandlerNormal
I1013 15:11:46.341223  4299 thread.cpp:96] Thread 524337 construct Actor kSrcSubsetTick 1099614388277
I1013 15:11:46.341310  4310 naive_actor.cpp:25] actor 2199023255663 switch to &NaiveActor::HandlerNormal
I1013 15:11:46.341320  4299 runtime_context.cpp:29] DecreaseCounter constructing_actor_cnt, current val is 273
I1013 15:11:46.341347  4310 thread.cpp:96] Thread 1048576 construct Actor kNormalForward 2199023255663
I1013 15:11:46.341506  4310 runtime_context.cpp:29] DecreaseCounter constructing_actor_cnt, current val is 272
I1013 15:11:46.341692  4299 naive_actor.cpp:25] actor 1099614388274 switch to &NaiveActor::HandlerNormal
I1013 15:11:46.341738  4299 thread.cpp:96] Thread 524337 construct Actor kTick 1099614388274
I1013 15:11:46.341797  4299 runtime_context.cpp:29] DecreaseCounter constructing_actor_cnt, current val is 271
I1013 15:11:46.342105  4299 naive_actor.cpp:25] actor 1099614388280 switch to &NaiveActor::HandlerNormal
I1013 15:11:46.342150  4299 thread.cpp:96] Thread 524337 construct Actor kDstSubsetTick 1099614388280
I1013 15:11:46.342206  4299 runtime_context.cpp:29] DecreaseCounter constructing_actor_cnt, current val is 270
I1013 15:11:46.342207  4310 naive_actor.cpp:25] actor 2199023255591 switch to &NaiveActor::HandlerNormal
I1013 15:11:46.342276  4310 thread.cpp:96] Thread 1048576 construct Actor kNormalForward 2199023255591
I1013 15:11:46.342348  4310 runtime_context.cpp:29] DecreaseCounter constructing_actor_cnt, current val is 269
I1013 15:11:46.342497  4299 naive_actor.cpp:25] actor 1099614388296 switch to &NaiveActor::HandlerNormal
I1013 15:11:46.342543  4299 thread.cpp:96] Thread 524337 construct Actor kTick 1099614388296
I1013 15:11:46.342604  4299 runtime_context.cpp:29] DecreaseCounter constructing_actor_cnt, current val is 268
I1013 15:11:46.342921  4299 naive_actor.cpp:25] actor 1099614388272 switch to &NaiveActor::HandlerNormal
I1013 15:11:46.342965  4299 thread.cpp:96] Thread 524337 construct Actor kDstSubsetTick 1099614388272
I1013 15:11:46.343016  4299 runtime_context.cpp:29] DecreaseCounter constructing_actor_cnt, current val is 267
I1013 15:11:46.343178  4310 naive_actor.cpp:25] actor 2199023255580 switch to &NaiveActor::HandlerNormal
I1013 15:11:46.343225  4310 thread.cpp:96] Thread 1048576 construct Actor kNormalForward 2199023255580
I1013 15:11:46.343297  4310 runtime_context.cpp:29] DecreaseCounter constructing_actor_cnt, current val is 266
I1013 15:11:46.343327  4299 naive_actor.cpp:25] actor 1099614388298 switch to &NaiveActor::HandlerNormal
I1013 15:11:46.343369  4299 thread.cpp:96] Thread 524337 construct Actor kTick 1099614388298
I1013 15:11:46.343431  4299 runtime_context.cpp:29] DecreaseCounter constructing_actor_cnt, current val is 265
I1013 15:11:46.343729  4299 naive_actor.cpp:25] actor 1099614388287 switch to &NaiveActor::HandlerNormal
I1013 15:11:46.343783  4299 thread.cpp:96] Thread 524337 construct Actor kTick 1099614388287
I1013 15:11:46.343833  4299 runtime_context.cpp:29] DecreaseCounter constructing_actor_cnt, current val is 264
I1013 15:11:46.344039  4310 naive_actor.cpp:25] actor 2199023255633 switch to &NaiveActor::HandlerNormal
I1013 15:11:46.344085  4310 thread.cpp:96] Thread 1048576 construct Actor kNormalForward 2199023255633
I1013 15:11:46.344151  4299 reentrant_lock_actor.cpp:76] actor 1099614388283 switch to &ReentrantLockActor::HandlerNormal
I1013 15:11:46.344157  4310 runtime_context.cpp:29] DecreaseCounter constructing_actor_cnt, current val is 263
I1013 15:11:46.344187  4299 thread.cpp:96] Thread 524337 construct Actor kReentrantLock 1099614388283
I1013 15:11:46.344256  4299 runtime_context.cpp:29] DecreaseCounter constructing_actor_cnt, current val is 262
I1013 15:11:46.344468  4310 naive_actor.cpp:25] actor 2199023255558 switch to &NaiveActor::HandlerNormal
I1013 15:11:46.344514  4310 thread.cpp:96] Thread 1048576 construct Actor kNormalForward 2199023255558
I1013 15:11:46.344540  4299 naive_actor.cpp:25] actor 1099614388285 switch to &NaiveActor::HandlerNormal
I1013 15:11:46.344579  4299 thread.cpp:96] Thread 524337 construct Actor kTick 1099614388285
I1013 15:11:46.344588  4310 runtime_context.cpp:29] DecreaseCounter constructing_actor_cnt, current val is 261
I1013 15:11:46.344628  4299 runtime_context.cpp:29] DecreaseCounter constructing_actor_cnt, current val is 260
I1013 15:11:46.344974  4299 naive_actor.cpp:25] actor 1099614388286 switch to &NaiveActor::HandlerNormal
I1013 15:11:46.345038  4299 thread.cpp:96] Thread 524337 construct Actor kTick 1099614388286
I1013 15:11:46.345090  4299 runtime_context.cpp:29] DecreaseCounter constructing_actor_cnt, current val is 259
I1013 15:11:46.345357  4299 naive_actor.cpp:25] actor 1099614388291 switch to &NaiveActor::HandlerNormal
I1013 15:11:46.345402  4299 thread.cpp:96] Thread 524337 construct Actor kTick 1099614388291
I1013 15:11:46.345451  4299 runtime_context.cpp:29] DecreaseCounter constructing_actor_cnt, current val is 258
