Log file created at: 2021/10/13 12:08:28
Running on machine: oneflow-14
Log line format: [IWEF]mmdd hh:mm:ss.uuuuuu threadid file:line] msg
I1013 12:08:28.049916 11223 global.h:36] NewGlobal 14cudaDeviceProp
I1013 12:08:28.050694 11223 global.h:36] NewGlobal N7oneflow7EnvDescE
I1013 12:08:28.050711 11223 global.h:36] NewGlobal N7oneflow10ProcessCtxE
I1013 12:08:28.050735 11223 env_global_objects_scope.cpp:152] using rpc backend: local
I1013 12:08:28.050801 11223 global.h:36] NewGlobal N7oneflow12ResourceDescE
I1013 12:08:28.050812 11223 global.h:36] NewGlobal N7oneflow12ResourceDescE
I1013 12:08:28.120463 11223 global.h:36] NewGlobal N7oneflow10ThreadPoolE
I1013 12:08:28.121645 11223 global.h:36] NewGlobal N7oneflow16EagerNcclCommMgrE
I1013 12:08:28.121660 11223 global.h:36] NewGlobal N7oneflow18CudnnConvAlgoCacheE
I1013 12:08:28.121670 11223 global.h:36] NewGlobal N7oneflow2vm19VirtualMachineScopeE
I1013 12:08:28.121691 11223 global.h:36] NewGlobal N7oneflow9OneflowVME
I1013 12:08:28.122483 11223 oneflow_vm.cpp:75] transport stream type: N7oneflow2vm13CpuStreamTypeE
I1013 12:08:28.122498 11223 oneflow_vm.cpp:75] transport stream type: N7oneflow2vm14CudaStreamTypeE
I1013 12:08:28.122505 11223 oneflow_vm.cpp:75] transport stream type: N7oneflow2vm19AsyncCudaStreamTypeE
I1013 12:08:28.122658 11223 global.h:36] NewGlobal N7oneflow27EagerJobBuildAndInferCtxMgrE
I1013 12:08:28.122673 11223 global.h:36] NewGlobal N7oneflow12EpollCommNetE
I1013 12:08:28.122828 11223 epoll_comm_network.cpp:63] CommNet:Epoll listening on 0.0.0.0:35020
I1013 12:08:28.122870 11223 epoll_comm_network.cpp:197] machine 0 sockfd -1
I1013 12:08:28.122992 11223 global.h:36] NewGlobal N7oneflow9TransportE
I1013 12:08:28.125197 11223 global.h:43] DeleteGlobal N7oneflow12ResourceDescE
I1013 12:08:28.125239 11223 version.cpp:22] OneFlow git version: b295ca2324
I1013 12:08:28.125257 11223 device_register_gpu.cpp:56] CUDA runtime version: 11.2
I1013 12:08:28.125275 11223 device_register_gpu.cpp:65] cuDNN version: 8.1.1
I1013 12:08:28.125286 11223 device_register_gpu.cpp:78] NCCL version: 2.9.8
I1013 12:08:28.125293 11223 global.h:36] NewGlobal N7oneflow12ResourceDescE
I1013 12:08:28.125301 11223 global.h:36] NewGlobal N7oneflow5IDMgrE
I1013 12:08:28.125308 11223 global.h:36] NewGlobal N7oneflow16AvailableMemDescE
I1013 12:08:28.125377 11223 global.h:36] NewGlobal St13unordered_mapISslSt4hashISsESt8equal_toISsESaISt4pairIKSslEEE
I1013 12:08:28.125386 11223 global.h:36] NewGlobal N7oneflow19CriticalSectionDescE
I1013 12:08:28.125392 11223 global.h:36] NewGlobal N7oneflow16InterUserJobInfoE
I1013 12:08:28.125401 11223 global.h:36] NewGlobal N7oneflow26LazyJobBuildAndInferCtxMgrE
I1013 12:08:28.125406 11223 global.h:36] NewGlobal N7oneflow16JobSetCompileCtxE
I1013 12:08:28.125413 11223 global.h:36] NewGlobal N7oneflow26RuntimeBufferManagersScopeE
I1013 12:08:28.125420 11223 global.h:36] NewGlobal N7oneflow9BufferMgrIlEE
I1013 12:08:28.125459 11223 global.h:36] NewGlobal N7oneflow9BufferMgrISt10shared_ptrINS_11JobInstanceEEEE
I1013 12:08:28.125468 11223 global.h:36] NewGlobal N7oneflow10RuntimeCtxE
I1013 12:08:28.125473 11223 global.h:36] NewGlobal N7oneflow15MemoryAllocatorE
I1013 12:08:28.125479 11223 global.h:36] NewGlobal N7oneflow8ChunkMgrE
I1013 12:08:28.125485 11223 global.h:36] NewGlobal N7oneflow8RegstMgrE
I1013 12:08:28.125491 11223 global.h:36] NewGlobal N7oneflow11ActorMsgBusE
I1013 12:08:28.125497 11223 global.h:36] NewGlobal N7oneflow9ThreadMgrE
I1013 12:08:28.125504 11223 global.h:36] NewGlobal N7oneflow15RuntimeJobDescsE
I1013 12:08:28.125509 11223 global.h:36] NewGlobal N7oneflow7summary12EventsWriterE
I1013 12:08:28.125519 11223 global.h:36] NewGlobal N7oneflow6boxing10collective24CollectiveBoxingExecutorE
I1013 12:08:28.125524 11223 global.h:36] NewGlobal N7oneflow6boxing10collective31CollectiveBoxingDeviceCtxPollerE
I1013 12:08:28.125648 11223 session.h:77] NewGlobal N7oneflow25SessionGlobalObjectsScopeE
I1013 12:08:28.126556 11223 global.h:36] NewGlobal N7oneflow7JobDescE
I1013 12:08:28.490748 11223 global.h:43] DeleteGlobal N7oneflow7JobDescE
I1013 12:08:28.490983 11223 global.h:36] NewGlobal N7oneflow7JobDescE
I1013 12:08:28.494036 11223 global.h:36] NewGlobal N7oneflow7OpGraphE
I1013 12:08:28.497952 11223 global.h:43] DeleteGlobal N7oneflow7OpGraphE
I1013 12:08:28.652706 11223 global.h:43] DeleteGlobal N7oneflow7JobDescE
I1013 12:08:28.668352 11223 global.h:36] NewGlobal N7oneflow24InterJobReuseMemStrategyE
I1013 12:08:28.668377 11223 global.h:36] NewGlobal N7oneflow7OneflowE
I1013 12:08:28.679991 11223 global.h:36] NewGlobal N7oneflow7JobDescE
I1013 12:08:28.881831 11223 global.h:36] NewGlobal N7oneflow7OpGraphE
I1013 12:08:28.955708 11223 global.h:43] DeleteGlobal N7oneflow7OpGraphE
I1013 12:08:28.964780 11223 oneflow.cpp:210] 
job_id: 0 , job_name: train_job , compile time: 0.284743 seconds.
I1013 12:08:29.011096 11223 global.h:43] DeleteGlobal N7oneflow7JobDescE
I1013 12:08:29.011386 11223 global.h:36] NewGlobal N7oneflow7JobDescE
I1013 12:08:29.057024 11223 global.h:36] NewGlobal N7oneflow7OpGraphE
I1013 12:08:29.074072 11223 global.h:43] DeleteGlobal N7oneflow7OpGraphE
I1013 12:08:29.078984 11223 oneflow.cpp:210] 
job_id: 1 , job_name: System-ModelInit , compile time: 0.0673165 seconds.
I1013 12:08:29.090730 11223 global.h:43] DeleteGlobal N7oneflow7JobDescE
I1013 12:08:29.090790 11223 global.h:36] NewGlobal N7oneflow7JobDescE
I1013 12:08:29.134930 11223 global.h:36] NewGlobal N7oneflow7OpGraphE
I1013 12:08:29.151914 11223 global.h:43] DeleteGlobal N7oneflow7OpGraphE
I1013 12:08:29.156414 11223 oneflow.cpp:210] 
job_id: 2 , job_name: System-ModelLoad , compile time: 0.0656077 seconds.
I1013 12:08:29.168323 11223 global.h:43] DeleteGlobal N7oneflow7JobDescE
I1013 12:08:29.168350 11223 global.h:36] NewGlobal N7oneflow7JobDescE
I1013 12:08:29.212411 11223 global.h:36] NewGlobal N7oneflow7OpGraphE
I1013 12:08:29.229635 11223 global.h:43] DeleteGlobal N7oneflow7OpGraphE
I1013 12:08:29.233747 11223 oneflow.cpp:210] 
job_id: 3 , job_name: System-ModelSave , compile time: 0.065396 seconds.
I1013 12:08:29.245786 11223 global.h:43] DeleteGlobal N7oneflow7JobDescE
I1013 12:08:29.245813 11223 global.h:36] NewGlobal N7oneflow7JobDescE
I1013 12:08:29.254093 11223 global.h:36] NewGlobal N7oneflow7OpGraphE
I1013 12:08:29.257748 11223 global.h:43] DeleteGlobal N7oneflow7OpGraphE
I1013 12:08:29.259342 11223 oneflow.cpp:210] 
job_id: 4 , job_name: System-Pull-Return_22 , compile time: 0.0135214 seconds.
I1013 12:08:29.262849 11223 global.h:43] DeleteGlobal N7oneflow7JobDescE
I1013 12:08:29.267026 11223 global.h:36] NewGlobal N7oneflow7JobDescE
I1013 12:08:29.267060 11223 global.h:36] NewGlobal N7oneflow7OpGraphE
I1013 12:08:29.272341 11223 global.h:43] DeleteGlobal N7oneflow7OpGraphE
I1013 12:08:29.275691 11223 oneflow.cpp:210] 
job_id: 5 , job_name: MainJob-unamed , compile time: 0.00864102 seconds.
I1013 12:08:29.282552 11223 global.h:43] DeleteGlobal N7oneflow7JobDescE
I1013 12:08:29.285147 11223 plan_util.cpp:928]  Plan: merged_plan needs to allocate [ 374.89 MiB ] device memory in Rank: 0 , Device: 0
I1013 12:08:29.386327 11223 oneflow.cpp:998]  PushPlan merged_plan time: 0.0101151 seconds.
I1013 12:08:29.414568 11223 oneflow.cpp:1014]  PullPlan merged_plan time: 0.023701 seconds.
I1013 12:08:31.676820 11223 runtime_context.cpp:21] NewCounter constructing_actor_cnt 392
I1013 12:08:31.677847 11759 naive_actor.cpp:25] actor 2199023255699 switch to &NaiveActor::HandlerNormal
I1013 12:08:31.677920 11750 naive_actor.cpp:25] actor 1099614388233 switch to &NaiveActor::HandlerNormal
I1013 12:08:31.678090 11759 thread.cpp:96] Thread 1048576 construct Actor kDeviceTick 2199023255699
I1013 12:08:31.678164 11750 thread.cpp:96] Thread 524337 construct Actor kDeviceTick 1099614388233
I1013 12:08:31.678285 11759 runtime_context.cpp:29] DecreaseCounter constructing_actor_cnt, current val is 391
I1013 12:08:31.678308 11750 runtime_context.cpp:29] DecreaseCounter constructing_actor_cnt, current val is 390
I1013 12:08:31.678298 11751 wait_and_send_ids_actor.cpp:53] actor 1099616485376 switch to &WaitAndSendIdsActor::HandlerWaitToStart
I1013 12:08:31.678488 11751 thread.cpp:96] Thread 524338 construct Actor kWaitAndSendIds 1099616485376
I1013 12:08:31.678614 11750 naive_actor.cpp:25] actor 1099614388226 switch to &NaiveActor::HandlerNormal
I1013 12:08:31.678678 11759 naive_actor.cpp:25] actor 2199023255738 switch to &NaiveActor::HandlerNormal
I1013 12:08:31.678779 11750 thread.cpp:96] Thread 524337 construct Actor kDeviceTick 1099614388226
I1013 12:08:31.678840 11751 runtime_context.cpp:29] DecreaseCounter constructing_actor_cnt, current val is 389
I1013 12:08:31.678831 11759 thread.cpp:96] Thread 1048576 construct Actor kDeviceTick 2199023255738
I1013 12:08:31.678885 11750 runtime_context.cpp:29] DecreaseCounter constructing_actor_cnt, current val is 388
I1013 12:08:31.678934 11759 runtime_context.cpp:29] DecreaseCounter constructing_actor_cnt, current val is 387
I1013 12:08:31.679142 11750 naive_actor.cpp:25] actor 1099614388243 switch to &NaiveActor::HandlerNormal
I1013 12:08:31.679199 11750 thread.cpp:96] Thread 524337 construct Actor kDeviceTick 1099614388243
I1013 12:08:31.679199 11759 naive_actor.cpp:25] actor 2199023255777 switch to &NaiveActor::HandlerNormal
I1013 12:08:31.679266 11759 thread.cpp:96] Thread 1048576 construct Actor kDeviceTick 2199023255777
I1013 12:08:31.679275 11750 runtime_context.cpp:29] DecreaseCounter constructing_actor_cnt, current val is 386
I1013 12:08:31.679327 11759 runtime_context.cpp:29] DecreaseCounter constructing_actor_cnt, current val is 385
I1013 12:08:31.679565 11750 naive_actor.cpp:25] actor 1099614388252 switch to &NaiveActor::HandlerNormal
I1013 12:08:31.679589 11759 naive_actor.cpp:25] actor 2199023255816 switch to &NaiveActor::HandlerNormal
I1013 12:08:31.679623 11750 thread.cpp:96] Thread 524337 construct Actor kDeviceTick 1099614388252
I1013 12:08:31.679651 11759 thread.cpp:96] Thread 1048576 construct Actor kDeviceTick 2199023255816
I1013 12:08:31.679709 11750 runtime_context.cpp:29] DecreaseCounter constructing_actor_cnt, current val is 384
I1013 12:08:31.679726 11759 runtime_context.cpp:29] DecreaseCounter constructing_actor_cnt, current val is 383
I1013 12:08:31.679968 11750 naive_actor.cpp:25] actor 1099614388261 switch to &NaiveActor::HandlerNormal
I1013 12:08:31.680002 11750 thread.cpp:96] Thread 524337 construct Actor kDeviceTick 1099614388261
I1013 12:08:31.680052 11750 runtime_context.cpp:29] DecreaseCounter constructing_actor_cnt, current val is 382
I1013 12:08:31.680282 11750 naive_actor.cpp:25] actor 1099614388269 switch to &NaiveActor::HandlerNormal
I1013 12:08:31.680313 11750 thread.cpp:96] Thread 524337 construct Actor kDeviceTick 1099614388269
I1013 12:08:31.680361 11750 runtime_context.cpp:29] DecreaseCounter constructing_actor_cnt, current val is 381
I1013 12:08:31.680608 11750 naive_actor.cpp:25] actor 1099614388276 switch to &NaiveActor::HandlerNormal
I1013 12:08:31.680641 11750 thread.cpp:96] Thread 524337 construct Actor kDeviceTick 1099614388276
I1013 12:08:31.680692 11750 runtime_context.cpp:29] DecreaseCounter constructing_actor_cnt, current val is 380
I1013 12:08:31.687726 11732 naive_actor.cpp:25] actor 1099524210688 switch to &NaiveActor::HandlerNormal
I1013 12:08:31.687759 11734 naive_actor.cpp:25] actor 1099528404992 switch to &NaiveActor::HandlerNormal
I1013 12:08:31.688033 11734 thread.cpp:96] Thread 524296 construct Actor kNormalForward 1099528404992
I1013 12:08:31.687918 11761 naive_actor.cpp:25] actor 2199025352704 switch to &NaiveActor::HandlerNormal
I1013 12:08:31.688087 11731 naive_actor.cpp:25] actor 1099522113536 switch to &NaiveActor::HandlerNormal
I1013 12:08:31.687970 11732 thread.cpp:96] Thread 524294 construct Actor kNormalForward 1099524210688
I1013 12:08:31.688131 11749 naive_actor.cpp:25] actor 1099559862272 switch to &NaiveActor::HandlerNormal
I1013 12:08:31.688153 11734 runtime_context.cpp:29] DecreaseCounter constructing_actor_cnt, current val is 379
I1013 12:08:31.688176 11761 thread.cpp:96] Thread 1048577 construct Actor kCopyHd 2199025352704
I1013 12:08:31.688184 11763 naive_actor.cpp:25] actor 2199027449857 switch to &NaiveActor::HandlerNormal
I1013 12:08:31.688580 11750 naive_actor.cpp:25] actor 1099614388236 switch to &NaiveActor::HandlerNormal
I1013 12:08:31.688248 11731 thread.cpp:96] Thread 524293 construct Actor kNormalForward 1099522113536
I1013 12:08:31.688273 11733 naive_actor.cpp:25] actor 1099526307840 switch to &NaiveActor::HandlerNormal
I1013 12:08:31.688303 11732 runtime_context.cpp:29] DecreaseCounter constructing_actor_cnt, current val is 378
I1013 12:08:31.688957 11730 naive_actor.cpp:25] actor 1099520016384 switch to &NaiveActor::HandlerNormal
I1013 12:08:31.688349 11749 thread.cpp:96] Thread 524311 construct Actor kForeignOutput 1099559862272
I1013 12:08:31.688385 11741 naive_actor.cpp:25] actor 1099543085056 switch to &NaiveActor::HandlerNormal
I1013 12:08:31.689129 11741 thread.cpp:96] Thread 524303 construct Actor kNormalForward 1099543085056
I1013 12:08:31.688524 11761 runtime_context.cpp:29] DecreaseCounter constructing_actor_cnt, current val is 377
I1013 12:08:31.688597 11763 thread.cpp:96] Thread 1048578 construct Actor kCopyHd 2199027449857
I1013 12:08:31.688608 11735 naive_actor.cpp:25] actor 1099530502144 switch to &NaiveActor::HandlerNormal
I1013 12:08:31.689324 11735 thread.cpp:96] Thread 524297 construct Actor kNormalForward 1099530502144
I1013 12:08:31.688191 11752 sink_actor.cpp:21] actor 1099618582528 switch to &SinkActor::HandlerNormal
I1013 12:08:31.689386 11761 naive_actor.cpp:25] actor 2199025352708 switch to &NaiveActor::HandlerNormal
I1013 12:08:31.688632 11740 naive_actor.cpp:25] actor 1099540987904 switch to &NaiveActor::HandlerNormal
I1013 12:08:31.688688 11729 naive_actor.cpp:25] actor 1099517919232 switch to &NaiveActor::HandlerNormal
I1013 12:08:31.688699 11748 naive_actor.cpp:25] actor 1099557765120 switch to &NaiveActor::HandlerNormal
I1013 12:08:31.688719 11747 naive_actor.cpp:25] actor 1099555667968 switch to &NaiveActor::HandlerNormal
I1013 12:08:31.689596 11748 thread.cpp:96] Thread 524310 construct Actor kNormalForward 1099557765120
I1013 12:08:31.688752 11750 thread.cpp:96] Thread 524337 construct Actor kTick 1099614388236
I1013 12:08:31.688797 11746 naive_actor.cpp:25] actor 1099553570816 switch to &NaiveActor::HandlerNormal
I1013 12:08:31.688848 11745 naive_actor.cpp:25] actor 1099551473664 switch to &NaiveActor::HandlerNormal
I1013 12:08:31.688864 11743 naive_actor.cpp:25] actor 1099547279360 switch to &NaiveActor::HandlerNormal
I1013 12:08:31.688889 11731 runtime_context.cpp:29] DecreaseCounter constructing_actor_cnt, current val is 376
I1013 12:08:31.688899 11738 naive_actor.cpp:25] actor 1099536793600 switch to &NaiveActor::HandlerNormal
I1013 12:08:31.689899 11738 thread.cpp:96] Thread 524300 construct Actor kNormalForward 1099536793600
I1013 12:08:31.688921 11737 naive_actor.cpp:25] actor 1099534696448 switch to &NaiveActor::HandlerNormal
I1013 12:08:31.689991 11738 runtime_context.cpp:29] DecreaseCounter constructing_actor_cnt, current val is 369
I1013 12:08:31.690017 11737 thread.cpp:96] Thread 524299 construct Actor kNormalForward 1099534696448
I1013 12:08:31.688939 11733 thread.cpp:96] Thread 524295 construct Actor kNormalForward 1099526307840
I1013 12:08:31.688936 11736 naive_actor.cpp:25] actor 1099532599296 switch to &NaiveActor::HandlerNormal
I1013 12:08:31.690135 11736 thread.cpp:96] Thread 524298 construct Actor kNormalForward 1099532599296
I1013 12:08:31.688305 11759 naive_actor.cpp:25] actor 2199023255591 switch to &NaiveActor::HandlerNormal
I1013 12:08:31.689028 11730 thread.cpp:96] Thread 524292 construct Actor kNormalForward 1099520016384
I1013 12:08:31.690232 11736 runtime_context.cpp:29] DecreaseCounter constructing_actor_cnt, current val is 366
I1013 12:08:31.689185 11741 runtime_context.cpp:29] DecreaseCounter constructing_actor_cnt, current val is 374
I1013 12:08:31.690304 11730 runtime_context.cpp:29] DecreaseCounter constructing_actor_cnt, current val is 365
I1013 12:08:31.689348 11763 runtime_context.cpp:29] DecreaseCounter constructing_actor_cnt, current val is 373
I1013 12:08:31.689385 11735 runtime_context.cpp:29] DecreaseCounter constructing_actor_cnt, current val is 372
I1013 12:08:31.689404 11752 thread.cpp:96] Thread 524339 construct Actor kCallbackNotify 1099618582528
I1013 12:08:31.688637 11742 naive_actor.cpp:25] actor 1099545182208 switch to &NaiveActor::HandlerNormal
I1013 12:08:31.689456 11761 thread.cpp:96] Thread 1048577 construct Actor kCopyHd 2199025352708
I1013 12:08:31.690757 11761 runtime_context.cpp:29] DecreaseCounter constructing_actor_cnt, current val is 363
I1013 12:08:31.689549 11729 thread.cpp:96] Thread 524291 construct Actor kNormalForward 1099517919232
I1013 12:08:31.689616 11747 thread.cpp:96] Thread 524309 construct Actor kNormalForward 1099555667968
I1013 12:08:31.688753 11739 naive_actor.cpp:25] actor 1099538890752 switch to &NaiveActor::HandlerNormal
I1013 12:08:31.690985 11739 thread.cpp:96] Thread 524301 construct Actor kForeignInput 1099538890752
I1013 12:08:31.689680 11748 runtime_context.cpp:29] DecreaseCounter constructing_actor_cnt, current val is 371
I1013 12:08:31.691064 11739 runtime_context.cpp:29] DecreaseCounter constructing_actor_cnt, current val is 360
I1013 12:08:31.689723 11750 runtime_context.cpp:29] DecreaseCounter constructing_actor_cnt, current val is 370
I1013 12:08:31.689775 11745 thread.cpp:96] Thread 524307 construct Actor kForeignInput 1099551473664
I1013 12:08:31.689792 11743 thread.cpp:96] Thread 524305 construct Actor kNormalForward 1099547279360
I1013 12:08:31.688926 11744 naive_actor.cpp:25] actor 1099549376512 switch to &NaiveActor::HandlerNormal
I1013 12:08:31.691399 11744 thread.cpp:96] Thread 524306 construct Actor kNormalForward 1099549376512
I1013 12:08:31.690101 11737 runtime_context.cpp:29] DecreaseCounter constructing_actor_cnt, current val is 368
I1013 12:08:31.690145 11733 runtime_context.cpp:29] DecreaseCounter constructing_actor_cnt, current val is 367
I1013 12:08:31.689102 11749 runtime_context.cpp:29] DecreaseCounter constructing_actor_cnt, current val is 375
I1013 12:08:31.690209 11759 thread.cpp:96] Thread 1048576 construct Actor kNormalForward 2199023255591
I1013 12:08:31.689158 11728 naive_actor.cpp:25] actor 1099515822080 switch to &NaiveActor::HandlerNormal
I1013 12:08:31.691900 11759 runtime_context.cpp:29] DecreaseCounter constructing_actor_cnt, current val is 356
I1013 12:08:31.690657 11742 thread.cpp:96] Thread 524304 construct Actor kForeignInput 1099545182208
I1013 12:08:31.690668 11752 runtime_context.cpp:29] DecreaseCounter constructing_actor_cnt, current val is 364
I1013 12:08:31.689502 11740 thread.cpp:96] Thread 524302 construct Actor kNormalForward 1099540987904
I1013 12:08:31.690918 11747 runtime_context.cpp:29] DecreaseCounter constructing_actor_cnt, current val is 362
I1013 12:08:31.690939 11761 naive_actor.cpp:25] actor 2199025352707 switch to &NaiveActor::HandlerNormal
I1013 12:08:31.692494 11761 thread.cpp:96] Thread 1048577 construct Actor kCopyHd 2199025352707
I1013 12:08:31.690943 11729 runtime_context.cpp:29] DecreaseCounter constructing_actor_cnt, current val is 361
I1013 12:08:31.691331 11743 runtime_context.cpp:29] DecreaseCounter constructing_actor_cnt, current val is 359
I1013 12:08:31.691335 11745 runtime_context.cpp:29] DecreaseCounter constructing_actor_cnt, current val is 358
I1013 12:08:31.688975 11727 naive_actor.cpp:25] actor 1099513724928 switch to &NaiveActor::HandlerNormal
I1013 12:08:31.692749 11727 thread.cpp:96] Thread 524289 construct Actor kNormalForward 1099513724928
I1013 12:08:31.691682 11750 naive_actor.cpp:25] actor 1099614388238 switch to &NaiveActor::HandlerNormal
I1013 12:08:31.692852 11727 runtime_context.cpp:29] DecreaseCounter constructing_actor_cnt, current val is 352
I1013 12:08:31.692876 11750 thread.cpp:96] Thread 524337 construct Actor kTick 1099614388238
I1013 12:08:31.691910 11728 thread.cpp:96] Thread 524290 construct Actor kNormalForward 1099515822080
I1013 12:08:31.691921 11726 naive_actor.cpp:25] actor 1099511627776 switch to &NaiveActor::HandlerNormal
I1013 12:08:31.693007 11726 thread.cpp:96] Thread 524288 construct Actor kNormalForward 1099511627776
I1013 12:08:31.693017 11728 runtime_context.cpp:29] DecreaseCounter constructing_actor_cnt, current val is 350
I1013 12:08:31.692422 11759 naive_actor.cpp:25] actor 2199023255588 switch to &NaiveActor::HandlerNormal
I1013 12:08:31.693154 11759 thread.cpp:96] Thread 1048576 construct Actor kNormalForward 2199023255588
I1013 12:08:31.692440 11740 runtime_context.cpp:29] DecreaseCounter constructing_actor_cnt, current val is 354
I1013 12:08:31.689719 11746 thread.cpp:96] Thread 524308 construct Actor kNormalForward 1099553570816
I1013 12:08:31.692559 11761 runtime_context.cpp:29] DecreaseCounter constructing_actor_cnt, current val is 353
I1013 12:08:31.691509 11744 runtime_context.cpp:29] DecreaseCounter constructing_actor_cnt, current val is 357
I1013 12:08:31.690567 11763 naive_actor.cpp:25] actor 2199027449858 switch to &NaiveActor::HandlerNormal
I1013 12:08:31.692965 11750 runtime_context.cpp:29] DecreaseCounter constructing_actor_cnt, current val is 351
I1013 12:08:31.693573 11763 thread.cpp:96] Thread 1048578 construct Actor kCopyHd 2199027449858
I1013 12:08:31.693081 11726 runtime_context.cpp:29] DecreaseCounter constructing_actor_cnt, current val is 349
I1013 12:08:31.693230 11759 runtime_context.cpp:29] DecreaseCounter constructing_actor_cnt, current val is 348
I1013 12:08:31.693338 11746 runtime_context.cpp:29] DecreaseCounter constructing_actor_cnt, current val is 347
I1013 12:08:31.692152 11742 runtime_context.cpp:29] DecreaseCounter constructing_actor_cnt, current val is 355
I1013 12:08:31.693634 11761 naive_actor.cpp:25] actor 2199025352706 switch to &NaiveActor::HandlerNormal
I1013 12:08:31.694105 11761 thread.cpp:96] Thread 1048577 construct Actor kCopyHd 2199025352706
I1013 12:08:31.693666 11763 runtime_context.cpp:29] DecreaseCounter constructing_actor_cnt, current val is 346
I1013 12:08:31.694183 11761 runtime_context.cpp:29] DecreaseCounter constructing_actor_cnt, current val is 345
I1013 12:08:31.694228 11750 esac_actor.cpp:73] actor 1099614388321 switch to &EsacActor::HandlerNormal
I1013 12:08:31.694296 11750 thread.cpp:96] Thread 524337 construct Actor kEsac 1099614388321
I1013 12:08:31.694363 11763 naive_actor.cpp:25] actor 2199027449856 switch to &NaiveActor::HandlerNormal
I1013 12:08:31.694432 11761 naive_actor.cpp:25] actor 2199025352705 switch to &NaiveActor::HandlerNormal
I1013 12:08:31.694396 11750 runtime_context.cpp:29] DecreaseCounter constructing_actor_cnt, current val is 344
I1013 12:08:31.694447 11763 thread.cpp:96] Thread 1048578 construct Actor kCopyHd 2199027449856
I1013 12:08:31.694479 11761 thread.cpp:96] Thread 1048577 construct Actor kCopyHd 2199025352705
I1013 12:08:31.694579 11763 runtime_context.cpp:29] DecreaseCounter constructing_actor_cnt, current val is 343
I1013 12:08:31.694604 11761 runtime_context.cpp:29] DecreaseCounter constructing_actor_cnt, current val is 342
I1013 12:08:31.694720 11759 naive_actor.cpp:25] actor 2199023255633 switch to &NaiveActor::HandlerNormal
I1013 12:08:31.694756 11761 naive_actor.cpp:25] actor 2199025352709 switch to &NaiveActor::HandlerNormal
I1013 12:08:31.694777 11759 thread.cpp:96] Thread 1048576 construct Actor kNormalForward 2199023255633
I1013 12:08:31.694798 11761 thread.cpp:96] Thread 1048577 construct Actor kCopyHd 2199025352709
I1013 12:08:31.694861 11750 naive_actor.cpp:25] actor 1099614388230 switch to &NaiveActor::HandlerNormal
I1013 12:08:31.694872 11761 runtime_context.cpp:29] DecreaseCounter constructing_actor_cnt, current val is 341
I1013 12:08:31.694882 11759 runtime_context.cpp:29] DecreaseCounter constructing_actor_cnt, current val is 340
I1013 12:08:31.694901 11750 thread.cpp:96] Thread 524337 construct Actor kTick 1099614388230
I1013 12:08:31.695039 11750 runtime_context.cpp:29] DecreaseCounter constructing_actor_cnt, current val is 339
I1013 12:08:31.695058 11761 naive_actor.cpp:25] actor 2199025352710 switch to &NaiveActor::HandlerNormal
I1013 12:08:31.695094 11761 thread.cpp:96] Thread 1048577 construct Actor kCopyHd 2199025352710
I1013 12:08:31.695148 11761 runtime_context.cpp:29] DecreaseCounter constructing_actor_cnt, current val is 338
I1013 12:08:31.695392 11750 naive_actor.cpp:25] actor 1099614388224 switch to &NaiveActor::HandlerNormal
I1013 12:08:31.695453 11750 thread.cpp:96] Thread 524337 construct Actor kDeviceTick 1099614388224
I1013 12:08:31.695627 11750 runtime_context.cpp:29] DecreaseCounter constructing_actor_cnt, current val is 337
I1013 12:08:31.695952 11750 naive_actor.cpp:25] actor 1099614388239 switch to &NaiveActor::HandlerNormal
I1013 12:08:31.696038 11750 thread.cpp:96] Thread 524337 construct Actor kTick 1099614388239
I1013 12:08:31.696095 11750 runtime_context.cpp:29] DecreaseCounter constructing_actor_cnt, current val is 336
I1013 12:08:31.695786 11759 naive_actor.cpp:25] actor 2199023255555 switch to &NaiveActor::HandlerNormal
I1013 12:08:31.696166 11759 thread.cpp:96] Thread 1048576 construct Actor kNormalForward 2199023255555
I1013 12:08:31.696236 11759 runtime_context.cpp:29] DecreaseCounter constructing_actor_cnt, current val is 335
I1013 12:08:31.696472 11750 naive_actor.cpp:25] actor 1099614388229 switch to &NaiveActor::HandlerNormal
I1013 12:08:31.696522 11750 thread.cpp:96] Thread 524337 construct Actor kDstSubsetTick 1099614388229
I1013 12:08:31.696574 11759 naive_actor.cpp:25] actor 2199023255571 switch to &NaiveActor::HandlerNormal
I1013 12:08:31.696596 11750 runtime_context.cpp:29] DecreaseCounter constructing_actor_cnt, current val is 334
I1013 12:08:31.696614 11759 thread.cpp:96] Thread 1048576 construct Actor kNormalForward 2199023255571
I1013 12:08:31.696712 11759 runtime_context.cpp:29] DecreaseCounter constructing_actor_cnt, current val is 333
I1013 12:08:31.696946 11750 naive_actor.cpp:25] actor 1099614388232 switch to &NaiveActor::HandlerNormal
I1013 12:08:31.696997 11750 thread.cpp:96] Thread 524337 construct Actor kTick 1099614388232
I1013 12:08:31.697055 11750 runtime_context.cpp:29] DecreaseCounter constructing_actor_cnt, current val is 332
I1013 12:08:31.697346 11750 naive_actor.cpp:25] actor 1099614388231 switch to &NaiveActor::HandlerNormal
I1013 12:08:31.697397 11750 thread.cpp:96] Thread 524337 construct Actor kTick 1099614388231
I1013 12:08:31.697444 11759 naive_actor.cpp:25] actor 2199023255590 switch to &NaiveActor::HandlerNormal
I1013 12:08:31.697463 11750 runtime_context.cpp:29] DecreaseCounter constructing_actor_cnt, current val is 331
I1013 12:08:31.697484 11759 thread.cpp:96] Thread 1048576 construct Actor kNormalForward 2199023255590
I1013 12:08:31.697575 11759 runtime_context.cpp:29] DecreaseCounter constructing_actor_cnt, current val is 330
I1013 12:08:31.697809 11750 naive_actor.cpp:25] actor 1099614388237 switch to &NaiveActor::HandlerNormal
I1013 12:08:31.697860 11750 thread.cpp:96] Thread 524337 construct Actor kDstSubsetTick 1099614388237
I1013 12:08:31.697928 11750 runtime_context.cpp:29] DecreaseCounter constructing_actor_cnt, current val is 329
I1013 12:08:31.698232 11750 naive_actor.cpp:25] actor 1099614388320 switch to &NaiveActor::HandlerNormal
I1013 12:08:31.698282 11750 thread.cpp:96] Thread 524337 construct Actor kTick 1099614388320
I1013 12:08:31.698338 11750 runtime_context.cpp:29] DecreaseCounter constructing_actor_cnt, current val is 328
I1013 12:08:31.698387 11759 naive_actor.cpp:25] actor 2199023255564 switch to &NaiveActor::HandlerNormal
I1013 12:08:31.698444 11759 thread.cpp:96] Thread 1048576 construct Actor kNormalForward 2199023255564
I1013 12:08:31.698513 11759 runtime_context.cpp:29] DecreaseCounter constructing_actor_cnt, current val is 327
I1013 12:08:31.698670 11750 naive_actor.cpp:25] actor 1099614388228 switch to &NaiveActor::HandlerNormal
I1013 12:08:31.698720 11750 thread.cpp:96] Thread 524337 construct Actor kTick 1099614388228
I1013 12:08:31.698776 11750 runtime_context.cpp:29] DecreaseCounter constructing_actor_cnt, current val is 326
I1013 12:08:31.698823 11759 naive_actor.cpp:25] actor 2199023255578 switch to &NaiveActor::HandlerNormal
I1013 12:08:31.698869 11759 thread.cpp:96] Thread 1048576 construct Actor kNormalForward 2199023255578
I1013 12:08:31.698926 11759 runtime_context.cpp:29] DecreaseCounter constructing_actor_cnt, current val is 325
I1013 12:08:31.699079 11750 naive_actor.cpp:25] actor 1099614388225 switch to &NaiveActor::HandlerNormal
I1013 12:08:31.699129 11750 thread.cpp:96] Thread 524337 construct Actor kSrcSubsetTick 1099614388225
I1013 12:08:31.699239 11750 runtime_context.cpp:29] DecreaseCounter constructing_actor_cnt, current val is 324
I1013 12:08:31.699573 11750 naive_actor.cpp:25] actor 1099614388234 switch to &NaiveActor::HandlerNormal
I1013 12:08:31.699627 11750 thread.cpp:96] Thread 524337 construct Actor kSrcSubsetTick 1099614388234
I1013 12:08:31.699683 11750 runtime_context.cpp:29] DecreaseCounter constructing_actor_cnt, current val is 323
I1013 12:08:31.699736 11759 naive_actor.cpp:25] actor 2199023255606 switch to &NaiveActor::HandlerNormal
I1013 12:08:31.699787 11759 thread.cpp:96] Thread 1048576 construct Actor kNormalForward 2199023255606
I1013 12:08:31.699853 11759 runtime_context.cpp:29] DecreaseCounter constructing_actor_cnt, current val is 322
I1013 12:08:31.699999 11750 naive_actor.cpp:25] actor 1099614388241 switch to &NaiveActor::HandlerNormal
I1013 12:08:31.700048 11750 thread.cpp:96] Thread 524337 construct Actor kDeviceTick 1099614388241
I1013 12:08:31.700104 11750 runtime_context.cpp:29] DecreaseCounter constructing_actor_cnt, current val is 321
I1013 12:08:31.700165 11759 naive_actor.cpp:25] actor 2199023255573 switch to &NaiveActor::HandlerNormal
I1013 12:08:31.700210 11759 thread.cpp:96] Thread 1048576 construct Actor kNormalForward 2199023255573
I1013 12:08:31.700268 11759 runtime_context.cpp:29] DecreaseCounter constructing_actor_cnt, current val is 320
I1013 12:08:31.700453 11750 naive_actor.cpp:25] actor 1099614388319 switch to &NaiveActor::HandlerNormal
I1013 12:08:31.700505 11750 thread.cpp:96] Thread 524337 construct Actor kTick 1099614388319
I1013 12:08:31.700565 11750 runtime_context.cpp:29] DecreaseCounter constructing_actor_cnt, current val is 319
I1013 12:08:31.700572 11759 naive_actor.cpp:25] actor 2199023255568 switch to &NaiveActor::HandlerNormal
I1013 12:08:31.700635 11759 thread.cpp:96] Thread 1048576 construct Actor kNormalForward 2199023255568
I1013 12:08:31.700690 11759 runtime_context.cpp:29] DecreaseCounter constructing_actor_cnt, current val is 318
I1013 12:08:31.700892 11750 naive_actor.cpp:25] actor 1099614388245 switch to &NaiveActor::HandlerNormal
I1013 12:08:31.700942 11750 thread.cpp:96] Thread 524337 construct Actor kTick 1099614388245
I1013 12:08:31.700994 11759 naive_actor.cpp:25] actor 2199023255561 switch to &NaiveActor::HandlerNormal
I1013 12:08:31.701007 11750 runtime_context.cpp:29] DecreaseCounter constructing_actor_cnt, current val is 317
I1013 12:08:31.701030 11759 thread.cpp:96] Thread 1048576 construct Actor kNormalForward 2199023255561
I1013 12:08:31.701115 11759 runtime_context.cpp:29] DecreaseCounter constructing_actor_cnt, current val is 316
I1013 12:08:31.701355 11750 naive_actor.cpp:25] actor 1099614388242 switch to &NaiveActor::HandlerNormal
I1013 12:08:31.701406 11750 thread.cpp:96] Thread 524337 construct Actor kSrcSubsetTick 1099614388242
I1013 12:08:31.701478 11750 runtime_context.cpp:29] DecreaseCounter constructing_actor_cnt, current val is 315
I1013 12:08:31.701790 11750 naive_actor.cpp:25] actor 1099614388240 switch to &NaiveActor::HandlerNormal
I1013 12:08:31.701838 11750 thread.cpp:96] Thread 524337 construct Actor kTick 1099614388240
I1013 12:08:31.701889 11750 runtime_context.cpp:29] DecreaseCounter constructing_actor_cnt, current val is 314
I1013 12:08:31.702049 11759 naive_actor.cpp:25] actor 2199023255577 switch to &NaiveActor::HandlerNormal
I1013 12:08:31.702100 11759 thread.cpp:96] Thread 1048576 construct Actor kNormalForward 2199023255577
I1013 12:08:31.702172 11759 runtime_context.cpp:29] DecreaseCounter constructing_actor_cnt, current val is 313
I1013 12:08:31.702172 11750 naive_actor.cpp:25] actor 1099614388248 switch to &NaiveActor::HandlerNormal
I1013 12:08:31.702240 11750 thread.cpp:96] Thread 524337 construct Actor kTick 1099614388248
I1013 12:08:31.702292 11750 runtime_context.cpp:29] DecreaseCounter constructing_actor_cnt, current val is 312
I1013 12:08:31.702517 11759 naive_actor.cpp:25] actor 2199023255553 switch to &NaiveActor::HandlerNormal
I1013 12:08:31.702567 11759 thread.cpp:96] Thread 1048576 construct Actor kNormalForward 2199023255553
I1013 12:08:31.702644 11750 naive_actor.cpp:25] actor 1099614388246 switch to &NaiveActor::HandlerNormal
I1013 12:08:31.702729 11750 thread.cpp:96] Thread 524337 construct Actor kDstSubsetTick 1099614388246
I1013 12:08:31.702744 11759 runtime_context.cpp:29] DecreaseCounter constructing_actor_cnt, current val is 311
I1013 12:08:31.702788 11750 runtime_context.cpp:29] DecreaseCounter constructing_actor_cnt, current val is 310
I1013 12:08:31.703023 11759 naive_actor.cpp:25] actor 2199023255563 switch to &NaiveActor::HandlerNormal
I1013 12:08:31.703069 11759 thread.cpp:96] Thread 1048576 construct Actor kNormalForward 2199023255563
I1013 12:08:31.703099 11750 naive_actor.cpp:25] actor 1099614388247 switch to &NaiveActor::HandlerNormal
I1013 12:08:31.703130 11750 thread.cpp:96] Thread 524337 construct Actor kTick 1099614388247
I1013 12:08:31.703133 11759 runtime_context.cpp:29] DecreaseCounter constructing_actor_cnt, current val is 309
I1013 12:08:31.703182 11750 runtime_context.cpp:29] DecreaseCounter constructing_actor_cnt, current val is 308
I1013 12:08:31.703478 11750 naive_actor.cpp:25] actor 1099614388249 switch to &NaiveActor::HandlerNormal
I1013 12:08:31.703524 11750 thread.cpp:96] Thread 524337 construct Actor kTick 1099614388249
I1013 12:08:31.703578 11750 runtime_context.cpp:29] DecreaseCounter constructing_actor_cnt, current val is 307
I1013 12:08:31.703860 11750 naive_actor.cpp:25] actor 1099614388250 switch to &NaiveActor::HandlerNormal
I1013 12:08:31.703907 11750 thread.cpp:96] Thread 524337 construct Actor kDeviceTick 1099614388250
I1013 12:08:31.703959 11750 runtime_context.cpp:29] DecreaseCounter constructing_actor_cnt, current val is 306
I1013 12:08:31.704012 11759 naive_actor.cpp:25] actor 2199023255567 switch to &NaiveActor::HandlerNormal
I1013 12:08:31.704061 11759 thread.cpp:96] Thread 1048576 construct Actor kNormalForward 2199023255567
I1013 12:08:31.704121 11759 runtime_context.cpp:29] DecreaseCounter constructing_actor_cnt, current val is 305
I1013 12:08:31.704257 11750 naive_actor.cpp:25] actor 1099614388251 switch to &NaiveActor::HandlerNormal
I1013 12:08:31.704303 11750 thread.cpp:96] Thread 524337 construct Actor kSrcSubsetTick 1099614388251
I1013 12:08:31.704355 11750 runtime_context.cpp:29] DecreaseCounter constructing_actor_cnt, current val is 304
I1013 12:08:31.704838 11750 esac_actor.cpp:73] actor 1099614388313 switch to &EsacActor::HandlerNormal
I1013 12:08:31.704885 11750 thread.cpp:96] Thread 524337 construct Actor kEsac 1099614388313
I1013 12:08:31.704907 11759 naive_actor.cpp:25] actor 2199023255589 switch to &NaiveActor::HandlerNormal
I1013 12:08:31.704941 11759 thread.cpp:96] Thread 1048576 construct Actor kNormalForward 2199023255589
I1013 12:08:31.704955 11750 runtime_context.cpp:29] DecreaseCounter constructing_actor_cnt, current val is 303
I1013 12:08:31.704999 11759 runtime_context.cpp:29] DecreaseCounter constructing_actor_cnt, current val is 302
I1013 12:08:31.705245 11750 naive_actor.cpp:25] actor 1099614388256 switch to &NaiveActor::HandlerNormal
I1013 12:08:31.705292 11750 thread.cpp:96] Thread 524337 construct Actor kTick 1099614388256
I1013 12:08:31.705346 11750 runtime_context.cpp:29] DecreaseCounter constructing_actor_cnt, current val is 301
I1013 12:08:31.705628 11750 naive_actor.cpp:25] actor 1099614388254 switch to &NaiveActor::HandlerNormal
I1013 12:08:31.705675 11750 thread.cpp:96] Thread 524337 construct Actor kTick 1099614388254
I1013 12:08:31.705673 11759 naive_actor.cpp:25] actor 2199023255570 switch to &NaiveActor::HandlerNormal
I1013 12:08:31.705735 11759 thread.cpp:96] Thread 1048576 construct Actor kNormalForward 2199023255570
I1013 12:08:31.705746 11750 runtime_context.cpp:29] DecreaseCounter constructing_actor_cnt, current val is 300
I1013 12:08:31.705791 11759 runtime_context.cpp:29] DecreaseCounter constructing_actor_cnt, current val is 299
I1013 12:08:31.706038 11750 naive_actor.cpp:25] actor 1099614388257 switch to &NaiveActor::HandlerNormal
I1013 12:08:31.706085 11750 thread.cpp:96] Thread 524337 construct Actor kTick 1099614388257
I1013 12:08:31.706176 11750 runtime_context.cpp:29] DecreaseCounter constructing_actor_cnt, current val is 298
I1013 12:08:31.706526 11750 naive_actor.cpp:25] actor 1099614388255 switch to &NaiveActor::HandlerNormal
I1013 12:08:31.706549 11759 naive_actor.cpp:25] actor 2199023255569 switch to &NaiveActor::HandlerNormal
I1013 12:08:31.706581 11750 thread.cpp:96] Thread 524337 construct Actor kDstSubsetTick 1099614388255
I1013 12:08:31.706607 11759 thread.cpp:96] Thread 1048576 construct Actor kNormalForward 2199023255569
I1013 12:08:31.706688 11750 runtime_context.cpp:29] DecreaseCounter constructing_actor_cnt, current val is 297
I1013 12:08:31.706691 11759 runtime_context.cpp:29] DecreaseCounter constructing_actor_cnt, current val is 296
I1013 12:08:31.706975 11750 naive_actor.cpp:25] actor 1099614388260 switch to &NaiveActor::HandlerNormal
I1013 12:08:31.707023 11750 thread.cpp:96] Thread 524337 construct Actor kSrcSubsetTick 1099614388260
I1013 12:08:31.707077 11750 runtime_context.cpp:29] DecreaseCounter constructing_actor_cnt, current val is 295
I1013 12:08:31.707340 11750 naive_actor.cpp:25] actor 1099614388259 switch to &NaiveActor::HandlerNormal
I1013 12:08:31.707386 11750 thread.cpp:96] Thread 524337 construct Actor kDeviceTick 1099614388259
I1013 12:08:31.707450 11750 runtime_context.cpp:29] DecreaseCounter constructing_actor_cnt, current val is 294
I1013 12:08:31.707561 11759 naive_actor.cpp:25] actor 2199023255587 switch to &NaiveActor::HandlerNormal
I1013 12:08:31.707612 11759 thread.cpp:96] Thread 1048576 construct Actor kNormalForward 2199023255587
I1013 12:08:31.707672 11759 runtime_context.cpp:29] DecreaseCounter constructing_actor_cnt, current val is 293
I1013 12:08:31.707746 11750 naive_actor.cpp:25] actor 1099614388258 switch to &NaiveActor::HandlerNormal
I1013 12:08:31.707792 11750 thread.cpp:96] Thread 524337 construct Actor kTick 1099614388258
I1013 12:08:31.707844 11750 runtime_context.cpp:29] DecreaseCounter constructing_actor_cnt, current val is 292
I1013 12:08:31.708127 11750 naive_actor.cpp:25] actor 1099614388263 switch to &NaiveActor::HandlerNormal
I1013 12:08:31.708170 11750 thread.cpp:96] Thread 524337 construct Actor kTick 1099614388263
I1013 12:08:31.708222 11750 runtime_context.cpp:29] DecreaseCounter constructing_actor_cnt, current val is 291
I1013 12:08:31.708349 11759 naive_actor.cpp:25] actor 2199023255575 switch to &NaiveActor::HandlerNormal
I1013 12:08:31.708397 11759 thread.cpp:96] Thread 1048576 construct Actor kNormalForward 2199023255575
I1013 12:08:31.708474 11759 runtime_context.cpp:29] DecreaseCounter constructing_actor_cnt, current val is 290
I1013 12:08:31.708609 11750 naive_actor.cpp:25] actor 1099614388264 switch to &NaiveActor::HandlerNormal
I1013 12:08:31.708655 11750 thread.cpp:96] Thread 524337 construct Actor kDstSubsetTick 1099614388264
I1013 12:08:31.708724 11750 runtime_context.cpp:29] DecreaseCounter constructing_actor_cnt, current val is 289
I1013 12:08:31.709008 11750 naive_actor.cpp:25] actor 1099614388266 switch to &NaiveActor::HandlerNormal
I1013 12:08:31.709055 11750 thread.cpp:96] Thread 524337 construct Actor kTick 1099614388266
I1013 12:08:31.709118 11750 runtime_context.cpp:29] DecreaseCounter constructing_actor_cnt, current val is 288
I1013 12:08:31.709342 11759 naive_actor.cpp:25] actor 2199023255554 switch to &NaiveActor::HandlerNormal
I1013 12:08:31.709390 11759 thread.cpp:96] Thread 1048576 construct Actor kNormalForward 2199023255554
I1013 12:08:31.709400 11750 naive_actor.cpp:25] actor 1099614388265 switch to &NaiveActor::HandlerNormal
I1013 12:08:31.709450 11750 thread.cpp:96] Thread 524337 construct Actor kTick 1099614388265
I1013 12:08:31.709475 11759 runtime_context.cpp:29] DecreaseCounter constructing_actor_cnt, current val is 287
I1013 12:08:31.709501 11750 runtime_context.cpp:29] DecreaseCounter constructing_actor_cnt, current val is 286
I1013 12:08:31.709767 11750 naive_actor.cpp:25] actor 1099614388281 switch to &NaiveActor::HandlerNormal
I1013 12:08:31.709815 11750 thread.cpp:96] Thread 524337 construct Actor kTick 1099614388281
I1013 12:08:31.709966 11750 runtime_context.cpp:29] DecreaseCounter constructing_actor_cnt, current val is 285
I1013 12:08:31.710264 11750 naive_actor.cpp:25] actor 1099614388282 switch to &NaiveActor::HandlerNormal
I1013 12:08:31.710340 11750 thread.cpp:96] Thread 524337 construct Actor kTick 1099614388282
I1013 12:08:31.710393 11750 runtime_context.cpp:29] DecreaseCounter constructing_actor_cnt, current val is 284
I1013 12:08:31.710546 11759 naive_actor.cpp:25] actor 2199023255552 switch to &NaiveActor::HandlerNormal
I1013 12:08:31.710598 11759 thread.cpp:96] Thread 1048576 construct Actor kNormalForward 2199023255552
I1013 12:08:31.710678 11759 runtime_context.cpp:29] DecreaseCounter constructing_actor_cnt, current val is 283
I1013 12:08:31.710692 11750 naive_actor.cpp:25] actor 1099614388268 switch to &NaiveActor::HandlerNormal
I1013 12:08:31.710743 11750 thread.cpp:96] Thread 524337 construct Actor kSrcSubsetTick 1099614388268
I1013 12:08:31.710796 11750 runtime_context.cpp:29] DecreaseCounter constructing_actor_cnt, current val is 282
I1013 12:08:31.711086 11750 naive_actor.cpp:25] actor 1099614388316 switch to &NaiveActor::HandlerNormal
I1013 12:08:31.711128 11750 thread.cpp:96] Thread 524337 construct Actor kTick 1099614388316
I1013 12:08:31.711189 11750 runtime_context.cpp:29] DecreaseCounter constructing_actor_cnt, current val is 281
I1013 12:08:31.711485 11750 naive_actor.cpp:25] actor 1099614388267 switch to &NaiveActor::HandlerNormal
I1013 12:08:31.711534 11750 thread.cpp:96] Thread 524337 construct Actor kDeviceTick 1099614388267
I1013 12:08:31.711561 11759 naive_actor.cpp:25] actor 2199023255558 switch to &NaiveActor::HandlerNormal
I1013 12:08:31.711594 11759 thread.cpp:96] Thread 1048576 construct Actor kNormalForward 2199023255558
I1013 12:08:31.711596 11750 runtime_context.cpp:29] DecreaseCounter constructing_actor_cnt, current val is 280
I1013 12:08:31.711658 11759 runtime_context.cpp:29] DecreaseCounter constructing_actor_cnt, current val is 279
I1013 12:08:31.711895 11750 naive_actor.cpp:25] actor 1099614388273 switch to &NaiveActor::HandlerNormal
I1013 12:08:31.711941 11750 thread.cpp:96] Thread 524337 construct Actor kTick 1099614388273
I1013 12:08:31.711961 11759 naive_actor.cpp:25] actor 2199023255583 switch to &NaiveActor::HandlerNormal
I1013 12:08:31.711989 11750 runtime_context.cpp:29] DecreaseCounter constructing_actor_cnt, current val is 278
I1013 12:08:31.711990 11759 thread.cpp:96] Thread 1048576 construct Actor kNormalForward 2199023255583
I1013 12:08:31.712064 11759 runtime_context.cpp:29] DecreaseCounter constructing_actor_cnt, current val is 277
I1013 12:08:31.712285 11750 naive_actor.cpp:25] actor 1099614388272 switch to &NaiveActor::HandlerNormal
I1013 12:08:31.712329 11750 thread.cpp:96] Thread 524337 construct Actor kDstSubsetTick 1099614388272
I1013 12:08:31.712380 11750 runtime_context.cpp:29] DecreaseCounter constructing_actor_cnt, current val is 276
I1013 12:08:31.712652 11750 naive_actor.cpp:25] actor 1099614388317 switch to &NaiveActor::HandlerNormal
I1013 12:08:31.712697 11750 thread.cpp:96] Thread 524337 construct Actor kTick 1099614388317
I1013 12:08:31.712744 11750 runtime_context.cpp:29] DecreaseCounter constructing_actor_cnt, current val is 275
I1013 12:08:31.712833 11759 naive_actor.cpp:25] actor 2199023255559 switch to &NaiveActor::HandlerNormal
I1013 12:08:31.712891 11759 thread.cpp:96] Thread 1048576 construct Actor kNormalForward 2199023255559
I1013 12:08:31.712956 11759 runtime_context.cpp:29] DecreaseCounter constructing_actor_cnt, current val is 274
I1013 12:08:31.713011 11750 naive_actor.cpp:25] actor 1099614388274 switch to &NaiveActor::HandlerNormal
I1013 12:08:31.713053 11750 thread.cpp:96] Thread 524337 construct Actor kTick 1099614388274
I1013 12:08:31.713101 11750 runtime_context.cpp:29] DecreaseCounter constructing_actor_cnt, current val is 273
I1013 12:08:31.713373 11750 naive_actor.cpp:25] actor 1099614388275 switch to &NaiveActor::HandlerNormal
I1013 12:08:31.713418 11750 thread.cpp:96] Thread 524337 construct Actor kTick 1099614388275
I1013 12:08:31.713511 11750 runtime_context.cpp:29] DecreaseCounter constructing_actor_cnt, current val is 272
I1013 12:08:31.713652 11759 naive_actor.cpp:25] actor 2199023255625 switch to &NaiveActor::HandlerNormal
I1013 12:08:31.713703 11759 thread.cpp:96] Thread 1048576 construct Actor kNormalForward 2199023255625
I1013 12:08:31.713762 11759 runtime_context.cpp:29] DecreaseCounter constructing_actor_cnt, current val is 271
I1013 12:08:31.713793 11750 naive_actor.cpp:25] actor 1099614388279 switch to &NaiveActor::HandlerNormal
I1013 12:08:31.713832 11750 thread.cpp:96] Thread 524337 construct Actor kTick 1099614388279
I1013 12:08:31.713881 11750 runtime_context.cpp:29] DecreaseCounter constructing_actor_cnt, current val is 270
I1013 12:08:31.714145 11750 naive_actor.cpp:25] actor 1099614388277 switch to &NaiveActor::HandlerNormal
I1013 12:08:31.714190 11750 thread.cpp:96] Thread 524337 construct Actor kSrcSubsetTick 1099614388277
I1013 12:08:31.714247 11750 runtime_context.cpp:29] DecreaseCounter constructing_actor_cnt, current val is 269
I1013 12:08:31.714565 11750 naive_actor.cpp:25] actor 1099614388280 switch to &NaiveActor::HandlerNormal
I1013 12:08:31.714577 11759 naive_actor.cpp:25] actor 2199023255574 switch to &NaiveActor::HandlerNormal
I1013 12:08:31.714610 11750 thread.cpp:96] Thread 524337 construct Actor kDstSubsetTick 1099614388280
I1013 12:08:31.714634 11759 thread.cpp:96] Thread 1048576 construct Actor kNormalForward 2199023255574
I1013 12:08:31.714694 11750 runtime_context.cpp:29] DecreaseCounter constructing_actor_cnt, current val is 268
I1013 12:08:31.714709 11759 runtime_context.cpp:29] DecreaseCounter constructing_actor_cnt, current val is 267
I1013 12:08:31.714946 11750 naive_actor.cpp:25] actor 1099614388271 switch to &NaiveActor::HandlerNormal
I1013 12:08:31.714956 11759 naive_actor.cpp:25] actor 2199023255576 switch to &NaiveActor::HandlerNormal
I1013 12:08:31.714993 11750 thread.cpp:96] Thread 524337 construct Actor kTick 1099614388271
I1013 12:08:31.715016 11759 thread.cpp:96] Thread 1048576 construct Actor kNormalForward 2199023255576
I1013 12:08:31.715066 11750 runtime_context.cpp:29] DecreaseCounter constructing_actor_cnt, current val is 266
I1013 12:08:31.715080 11759 runtime_context.cpp:29] DecreaseCounter constructing_actor_cnt, current val is 265
I1013 12:08:31.715307 11750 naive_actor.cpp:25] actor 1099614388285 switch to &NaiveActor::HandlerNormal
I1013 12:08:31.715350 11750 thread.cpp:96] Thread 524337 construct Actor kTick 1099614388285
I1013 12:08:31.715406 11750 runtime_context.cpp:29] DecreaseCounter constructing_actor_cnt, current val is 264
I1013 12:08:31.715679 11750 naive_actor.cpp:25] actor 1099614388286 switch to &NaiveActor::HandlerNormal
I1013 12:08:31.715723 11750 thread.cpp:96] Thread 524337 construct Actor kTick 1099614388286
I1013 12:08:31.715760 11759 naive_actor.cpp:25] actor 2199023255616 switch to &NaiveActor::HandlerNormal
I1013 12:08:31.715772 11750 runtime_context.cpp:29] DecreaseCounter constructing_actor_cnt, current val is 263
I1013 12:08:31.715795 11759 thread.cpp:96] Thread 1048576 construct Actor kNormalForward 2199023255616
I1013 12:08:31.715878 11759 runtime_context.cpp:29] DecreaseCounter constructing_actor_cnt, current val is 262
I1013 12:08:31.716069 11750 naive_actor.cpp:25] actor 1099614388300 switch to &NaiveActor::HandlerNormal
I1013 12:08:31.716114 11750 thread.cpp:96] Thread 524337 construct Actor kTick 1099614388300
I1013 12:08:31.716171 11750 runtime_context.cpp:29] DecreaseCounter constructing_actor_cnt, current val is 261
I1013 12:08:31.716437 11750 naive_actor.cpp:25] actor 1099614388299 switch to &NaiveActor::HandlerNormal
I1013 12:08:31.716480 11750 thread.cpp:96] Thread 524337 construct Actor kTick 1099614388299
I1013 12:08:31.716529 11750 runtime_context.cpp:29] DecreaseCounter constructing_actor_cnt, current val is 260
I1013 12:08:31.716667 11759 naive_actor.cpp:25] actor 2199023255618 switch to &NaiveActor::HandlerNormal
I1013 12:08:31.716713 11759 thread.cpp:96] Thread 1048576 construct Actor kNormalForward 2199023255618
I1013 12:08:31.716787 11750 naive_actor.cpp:25] actor 1099614388288 switch to &NaiveActor::HandlerNormal
I1013 12:08:31.716843 11750 thread.cpp:96] Thread 524337 construct Actor kTick 1099614388288
I1013 12:08:31.716864 11759 runtime_context.cpp:29] DecreaseCounter constructing_actor_cnt, current val is 259
I1013 12:08:31.716892 11750 runtime_context.cpp:29] DecreaseCounter constructing_actor_cnt, current val is 258
I1013 12:08:31.717159 11759 naive_actor.cpp:25] actor 2199023255557 switch to &NaiveActor::HandlerNormal
I1013 12:08:31.717164 11750 naive_actor.cpp:25] actor 1099614388287 switch to &NaiveActor::HandlerNormal
I1013 12:08:31.717204 11759 thread.cpp:96] Thread 1048576 construct Actor kNormalForward 2199023255557
