Log file created at: 2021/10/13 15:25:25
Running on machine: oneflow-14
Log line format: [IWEF]mmdd hh:mm:ss.uuuuuu threadid file:line] msg
I1013 15:25:25.224354 19167 global.h:36] NewGlobal 14cudaDeviceProp
I1013 15:25:25.225281 19167 global.h:36] NewGlobal N7oneflow7EnvDescE
I1013 15:25:25.225296 19167 global.h:36] NewGlobal N7oneflow10ProcessCtxE
I1013 15:25:25.225303 19167 env_global_objects_scope.cpp:152] using rpc backend: local
I1013 15:25:25.225349 19167 global.h:36] NewGlobal N7oneflow12ResourceDescE
I1013 15:25:25.225360 19167 global.h:36] NewGlobal N7oneflow12ResourceDescE
I1013 15:25:25.293720 19167 global.h:36] NewGlobal N7oneflow10ThreadPoolE
I1013 15:25:25.294924 19167 global.h:36] NewGlobal N7oneflow16EagerNcclCommMgrE
I1013 15:25:25.294940 19167 global.h:36] NewGlobal N7oneflow18CudnnConvAlgoCacheE
I1013 15:25:25.294948 19167 global.h:36] NewGlobal N7oneflow2vm19VirtualMachineScopeE
I1013 15:25:25.294957 19167 global.h:36] NewGlobal N7oneflow9OneflowVME
I1013 15:25:25.295823 19167 oneflow_vm.cpp:75] transport stream type: N7oneflow2vm13CpuStreamTypeE
I1013 15:25:25.295840 19167 oneflow_vm.cpp:75] transport stream type: N7oneflow2vm14CudaStreamTypeE
I1013 15:25:25.295848 19167 oneflow_vm.cpp:75] transport stream type: N7oneflow2vm19AsyncCudaStreamTypeE
I1013 15:25:25.295976 19167 global.h:36] NewGlobal N7oneflow27EagerJobBuildAndInferCtxMgrE
I1013 15:25:25.295989 19167 global.h:36] NewGlobal N7oneflow12EpollCommNetE
I1013 15:25:25.296118 19167 epoll_comm_network.cpp:63] CommNet:Epoll listening on 0.0.0.0:36651
I1013 15:25:25.296154 19167 epoll_comm_network.cpp:197] machine 0 sockfd -1
I1013 15:25:25.296267 19167 global.h:36] NewGlobal N7oneflow9TransportE
I1013 15:25:25.299178 19167 global.h:43] DeleteGlobal N7oneflow12ResourceDescE
I1013 15:25:25.299207 19167 version.cpp:22] OneFlow git version: b295ca2324
I1013 15:25:25.299222 19167 device_register_gpu.cpp:56] CUDA runtime version: 11.2
I1013 15:25:25.299247 19167 device_register_gpu.cpp:65] cuDNN version: 8.1.1
I1013 15:25:25.299257 19167 device_register_gpu.cpp:78] NCCL version: 2.9.8
I1013 15:25:25.299263 19167 global.h:36] NewGlobal N7oneflow12ResourceDescE
I1013 15:25:25.299271 19167 global.h:36] NewGlobal N7oneflow5IDMgrE
I1013 15:25:25.299278 19167 global.h:36] NewGlobal N7oneflow16AvailableMemDescE
I1013 15:25:25.299310 19167 global.h:36] NewGlobal St13unordered_mapISslSt4hashISsESt8equal_toISsESaISt4pairIKSslEEE
I1013 15:25:25.299317 19167 global.h:36] NewGlobal N7oneflow19CriticalSectionDescE
I1013 15:25:25.299324 19167 global.h:36] NewGlobal N7oneflow16InterUserJobInfoE
I1013 15:25:25.299331 19167 global.h:36] NewGlobal N7oneflow26LazyJobBuildAndInferCtxMgrE
I1013 15:25:25.299337 19167 global.h:36] NewGlobal N7oneflow16JobSetCompileCtxE
I1013 15:25:25.299345 19167 global.h:36] NewGlobal N7oneflow26RuntimeBufferManagersScopeE
I1013 15:25:25.299351 19167 global.h:36] NewGlobal N7oneflow9BufferMgrIlEE
I1013 15:25:25.299357 19167 global.h:36] NewGlobal N7oneflow9BufferMgrISt10shared_ptrINS_11JobInstanceEEEE
I1013 15:25:25.299365 19167 global.h:36] NewGlobal N7oneflow10RuntimeCtxE
I1013 15:25:25.299371 19167 global.h:36] NewGlobal N7oneflow15MemoryAllocatorE
I1013 15:25:25.299376 19167 global.h:36] NewGlobal N7oneflow8ChunkMgrE
I1013 15:25:25.299382 19167 global.h:36] NewGlobal N7oneflow8RegstMgrE
I1013 15:25:25.299388 19167 global.h:36] NewGlobal N7oneflow11ActorMsgBusE
I1013 15:25:25.299394 19167 global.h:36] NewGlobal N7oneflow9ThreadMgrE
I1013 15:25:25.299401 19167 global.h:36] NewGlobal N7oneflow15RuntimeJobDescsE
I1013 15:25:25.299407 19167 global.h:36] NewGlobal N7oneflow7summary12EventsWriterE
I1013 15:25:25.299414 19167 global.h:36] NewGlobal N7oneflow6boxing10collective24CollectiveBoxingExecutorE
I1013 15:25:25.299422 19167 global.h:36] NewGlobal N7oneflow6boxing10collective31CollectiveBoxingDeviceCtxPollerE
I1013 15:25:25.299541 19167 session.h:77] NewGlobal N7oneflow25SessionGlobalObjectsScopeE
I1013 15:25:25.300464 19167 global.h:36] NewGlobal N7oneflow7JobDescE
I1013 15:25:25.671057 19167 global.h:43] DeleteGlobal N7oneflow7JobDescE
I1013 15:25:25.671288 19167 global.h:36] NewGlobal N7oneflow7JobDescE
I1013 15:25:25.674365 19167 global.h:36] NewGlobal N7oneflow7OpGraphE
I1013 15:25:25.678050 19167 global.h:43] DeleteGlobal N7oneflow7OpGraphE
I1013 15:25:25.834445 19167 global.h:43] DeleteGlobal N7oneflow7JobDescE
I1013 15:25:25.850349 19167 global.h:36] NewGlobal N7oneflow24InterJobReuseMemStrategyE
I1013 15:25:25.850373 19167 global.h:36] NewGlobal N7oneflow7OneflowE
I1013 15:25:25.861999 19167 global.h:36] NewGlobal N7oneflow7JobDescE
I1013 15:25:26.063673 19167 global.h:36] NewGlobal N7oneflow7OpGraphE
I1013 15:25:26.132200 19167 global.h:43] DeleteGlobal N7oneflow7OpGraphE
I1013 15:25:26.139361 19167 oneflow.cpp:210] 
job_id: 0 , job_name: train_job , compile time: 0.277317 seconds.
I1013 15:25:26.187211 19167 global.h:43] DeleteGlobal N7oneflow7JobDescE
I1013 15:25:26.187548 19167 global.h:36] NewGlobal N7oneflow7JobDescE
I1013 15:25:26.233263 19167 global.h:36] NewGlobal N7oneflow7OpGraphE
I1013 15:25:26.249927 19167 global.h:43] DeleteGlobal N7oneflow7OpGraphE
I1013 15:25:26.255600 19167 oneflow.cpp:210] 
job_id: 1 , job_name: System-ModelInit , compile time: 0.067735 seconds.
I1013 15:25:26.267622 19167 global.h:43] DeleteGlobal N7oneflow7JobDescE
I1013 15:25:26.267664 19167 global.h:36] NewGlobal N7oneflow7JobDescE
I1013 15:25:26.312405 19167 global.h:36] NewGlobal N7oneflow7OpGraphE
I1013 15:25:26.328279 19167 global.h:43] DeleteGlobal N7oneflow7OpGraphE
I1013 15:25:26.332204 19167 oneflow.cpp:210] 
job_id: 2 , job_name: System-ModelLoad , compile time: 0.0645092 seconds.
I1013 15:25:26.344426 19167 global.h:43] DeleteGlobal N7oneflow7JobDescE
I1013 15:25:26.344470 19167 global.h:36] NewGlobal N7oneflow7JobDescE
I1013 15:25:26.389895 19167 global.h:36] NewGlobal N7oneflow7OpGraphE
I1013 15:25:26.407220 19167 global.h:43] DeleteGlobal N7oneflow7OpGraphE
I1013 15:25:26.411229 19167 oneflow.cpp:210] 
job_id: 3 , job_name: System-ModelSave , compile time: 0.066742 seconds.
I1013 15:25:26.423442 19167 global.h:43] DeleteGlobal N7oneflow7JobDescE
I1013 15:25:26.423470 19167 global.h:36] NewGlobal N7oneflow7JobDescE
I1013 15:25:26.431625 19167 global.h:36] NewGlobal N7oneflow7OpGraphE
I1013 15:25:26.435220 19167 global.h:43] DeleteGlobal N7oneflow7OpGraphE
I1013 15:25:26.436630 19167 oneflow.cpp:210] 
job_id: 4 , job_name: System-Pull-Return_20 , compile time: 0.0131443 seconds.
I1013 15:25:26.440228 19167 global.h:43] DeleteGlobal N7oneflow7JobDescE
I1013 15:25:26.444450 19167 global.h:36] NewGlobal N7oneflow7JobDescE
I1013 15:25:26.444526 19167 global.h:36] NewGlobal N7oneflow7OpGraphE
I1013 15:25:26.449721 19167 global.h:43] DeleteGlobal N7oneflow7OpGraphE
I1013 15:25:26.452288 19167 oneflow.cpp:210] 
job_id: 5 , job_name: MainJob-unamed , compile time: 0.00777165 seconds.
I1013 15:25:26.459345 19167 global.h:43] DeleteGlobal N7oneflow7JobDescE
I1013 15:25:26.461982 19167 plan_util.cpp:928]  Plan: merged_plan needs to allocate [ 374.837 MiB ] device memory in Rank: 0 , Device: 0
I1013 15:25:26.600514 19167 oneflow.cpp:998]  PushPlan merged_plan time: 0.0110093 seconds.
I1013 15:25:26.631412 19167 oneflow.cpp:1014]  PullPlan merged_plan time: 0.0267812 seconds.
I1013 15:25:28.846431 19167 runtime_context.cpp:21] NewCounter constructing_actor_cnt 388
I1013 15:25:28.847739 20085 naive_actor.cpp:25] actor 1099614388226 switch to &NaiveActor::HandlerNormal
I1013 15:25:28.847743 20102 naive_actor.cpp:25] actor 2199023255699 switch to &NaiveActor::HandlerNormal
I1013 15:25:28.847852 20085 thread.cpp:96] Thread 524337 construct Actor kDeviceTick 1099614388226
I1013 15:25:28.847896 20102 thread.cpp:96] Thread 1048576 construct Actor kDeviceTick 2199023255699
I1013 15:25:28.847983 20086 wait_and_send_ids_actor.cpp:53] actor 1099616485376 switch to &WaitAndSendIdsActor::HandlerWaitToStart
I1013 15:25:28.848031 20086 thread.cpp:96] Thread 524338 construct Actor kWaitAndSendIds 1099616485376
I1013 15:25:28.848047 20102 runtime_context.cpp:29] DecreaseCounter constructing_actor_cnt, current val is 386
I1013 15:25:28.848047 20085 runtime_context.cpp:29] DecreaseCounter constructing_actor_cnt, current val is 387
I1013 15:25:28.848135 20086 runtime_context.cpp:29] DecreaseCounter constructing_actor_cnt, current val is 385
I1013 15:25:28.848457 20102 naive_actor.cpp:25] actor 2199023255738 switch to &NaiveActor::HandlerNormal
I1013 15:25:28.848611 20102 thread.cpp:96] Thread 1048576 construct Actor kDeviceTick 2199023255738
I1013 15:25:28.848704 20102 runtime_context.cpp:29] DecreaseCounter constructing_actor_cnt, current val is 384
I1013 15:25:28.848753 20085 naive_actor.cpp:25] actor 1099614388233 switch to &NaiveActor::HandlerNormal
I1013 15:25:28.848795 20085 thread.cpp:96] Thread 524337 construct Actor kDeviceTick 1099614388233
I1013 15:25:28.848865 20085 runtime_context.cpp:29] DecreaseCounter constructing_actor_cnt, current val is 383
I1013 15:25:28.848996 20102 naive_actor.cpp:25] actor 2199023255777 switch to &NaiveActor::HandlerNormal
I1013 15:25:28.849054 20102 thread.cpp:96] Thread 1048576 construct Actor kDeviceTick 2199023255777
I1013 15:25:28.849126 20102 runtime_context.cpp:29] DecreaseCounter constructing_actor_cnt, current val is 382
I1013 15:25:28.849201 20085 naive_actor.cpp:25] actor 1099614388243 switch to &NaiveActor::HandlerNormal
I1013 15:25:28.849263 20085 thread.cpp:96] Thread 524337 construct Actor kDeviceTick 1099614388243
I1013 15:25:28.849335 20085 runtime_context.cpp:29] DecreaseCounter constructing_actor_cnt, current val is 381
I1013 15:25:28.849494 20102 naive_actor.cpp:25] actor 2199023255816 switch to &NaiveActor::HandlerNormal
I1013 15:25:28.849550 20102 thread.cpp:96] Thread 1048576 construct Actor kDeviceTick 2199023255816
I1013 15:25:28.849642 20102 runtime_context.cpp:29] DecreaseCounter constructing_actor_cnt, current val is 380
I1013 15:25:28.849700 20085 naive_actor.cpp:25] actor 1099614388252 switch to &NaiveActor::HandlerNormal
I1013 15:25:28.849730 20085 thread.cpp:96] Thread 524337 construct Actor kDeviceTick 1099614388252
I1013 15:25:28.849776 20085 runtime_context.cpp:29] DecreaseCounter constructing_actor_cnt, current val is 379
I1013 15:25:28.849998 20085 naive_actor.cpp:25] actor 1099614388261 switch to &NaiveActor::HandlerNormal
I1013 15:25:28.850028 20085 thread.cpp:96] Thread 524337 construct Actor kDeviceTick 1099614388261
I1013 15:25:28.850073 20085 runtime_context.cpp:29] DecreaseCounter constructing_actor_cnt, current val is 378
I1013 15:25:28.850289 20085 naive_actor.cpp:25] actor 1099614388269 switch to &NaiveActor::HandlerNormal
I1013 15:25:28.850356 20085 thread.cpp:96] Thread 524337 construct Actor kDeviceTick 1099614388269
I1013 15:25:28.850425 20085 runtime_context.cpp:29] DecreaseCounter constructing_actor_cnt, current val is 377
I1013 15:25:28.850682 20085 naive_actor.cpp:25] actor 1099614388276 switch to &NaiveActor::HandlerNormal
I1013 15:25:28.850733 20085 thread.cpp:96] Thread 524337 construct Actor kDeviceTick 1099614388276
I1013 15:25:28.850791 20085 runtime_context.cpp:29] DecreaseCounter constructing_actor_cnt, current val is 376
I1013 15:25:28.862131 20076 naive_actor.cpp:25] actor 1099538890752 switch to &NaiveActor::HandlerNormal
I1013 15:25:28.862272 20069 naive_actor.cpp:25] actor 1099524210688 switch to &NaiveActor::HandlerNormal
I1013 15:25:28.862279 20087 sink_actor.cpp:21] actor 1099618582528 switch to &SinkActor::HandlerNormal
I1013 15:25:28.862299 20083 naive_actor.cpp:25] actor 1099553570816 switch to &NaiveActor::HandlerNormal
I1013 15:25:28.862222 20068 naive_actor.cpp:25] actor 1099522113536 switch to &NaiveActor::HandlerNormal
I1013 15:25:28.862309 20084 naive_actor.cpp:25] actor 1099555667968 switch to &NaiveActor::HandlerNormal
I1013 15:25:28.862322 20076 thread.cpp:96] Thread 524301 construct Actor kNormalForward 1099538890752
I1013 15:25:28.862874 20066 naive_actor.cpp:25] actor 1099517919232 switch to &NaiveActor::HandlerNormal
I1013 15:25:28.862944 20076 runtime_context.cpp:29] DecreaseCounter constructing_actor_cnt, current val is 375
I1013 15:25:28.862371 20074 naive_actor.cpp:25] actor 1099534696448 switch to &NaiveActor::HandlerNormal
I1013 15:25:28.862385 20070 naive_actor.cpp:25] actor 1099526307840 switch to &NaiveActor::HandlerNormal
I1013 15:25:28.862469 20106 naive_actor.cpp:25] actor 2199027449856 switch to &NaiveActor::HandlerNormal
I1013 15:25:28.863317 20106 thread.cpp:96] Thread 1048578 construct Actor kCopyHd 2199027449856
I1013 15:25:28.863374 20106 runtime_context.cpp:29] DecreaseCounter constructing_actor_cnt, current val is 374
I1013 15:25:28.862537 20083 thread.cpp:96] Thread 524308 construct Actor kNormalForward 1099553570816
I1013 15:25:28.863502 20064 naive_actor.cpp:25] actor 1099513724928 switch to &NaiveActor::HandlerNormal
I1013 15:25:28.862556 20073 naive_actor.cpp:25] actor 1099532599296 switch to &NaiveActor::HandlerNormal
I1013 15:25:28.862679 20068 thread.cpp:96] Thread 524293 construct Actor kNormalForward 1099522113536
I1013 15:25:28.862725 20077 naive_actor.cpp:25] actor 1099540987904 switch to &NaiveActor::HandlerNormal
I1013 15:25:28.863770 20102 naive_actor.cpp:25] actor 2199023255574 switch to &NaiveActor::HandlerNormal
I1013 15:25:28.863909 20102 thread.cpp:96] Thread 1048576 construct Actor kNormalForward 2199023255574
I1013 15:25:28.862818 20104 naive_actor.cpp:25] actor 2199025352706 switch to &NaiveActor::HandlerNormal
I1013 15:25:28.863987 20102 runtime_context.cpp:29] DecreaseCounter constructing_actor_cnt, current val is 371
I1013 15:25:28.863987 20104 thread.cpp:96] Thread 1048577 construct Actor kCopyHd 2199025352706
I1013 15:25:28.862848 20078 naive_actor.cpp:25] actor 1099543085056 switch to &NaiveActor::HandlerNormal
I1013 15:25:28.862371 20069 thread.cpp:96] Thread 524294 construct Actor kNormalForward 1099524210688
I1013 15:25:28.862959 20066 thread.cpp:96] Thread 524291 construct Actor kNormalForward 1099517919232
I1013 15:25:28.864228 20069 runtime_context.cpp:29] DecreaseCounter constructing_actor_cnt, current val is 369
I1013 15:25:28.863032 20075 naive_actor.cpp:25] actor 1099536793600 switch to &NaiveActor::HandlerNormal
I1013 15:25:28.864388 20102 naive_actor.cpp:25] actor 2199023255578 switch to &NaiveActor::HandlerNormal
I1013 15:25:28.864454 20102 thread.cpp:96] Thread 1048576 construct Actor kNormalForward 2199023255578
I1013 15:25:28.863095 20072 naive_actor.cpp:25] actor 1099530502144 switch to &NaiveActor::HandlerNormal
I1013 15:25:28.864550 20102 runtime_context.cpp:29] DecreaseCounter constructing_actor_cnt, current val is 367
I1013 15:25:28.863145 20074 thread.cpp:96] Thread 524299 construct Actor kForeignInput 1099534696448
I1013 15:25:28.863253 20070 thread.cpp:96] Thread 524295 construct Actor kNormalForward 1099526307840
I1013 15:25:28.864740 20074 runtime_context.cpp:29] DecreaseCounter constructing_actor_cnt, current val is 366
I1013 15:25:28.864791 20070 runtime_context.cpp:29] DecreaseCounter constructing_actor_cnt, current val is 365
I1013 15:25:28.862596 20080 naive_actor.cpp:25] actor 1099547279360 switch to &NaiveActor::HandlerNormal
I1013 15:25:28.864934 20080 thread.cpp:96] Thread 524305 construct Actor kForeignInput 1099547279360
I1013 15:25:28.863591 20083 runtime_context.cpp:29] DecreaseCounter constructing_actor_cnt, current val is 373
I1013 15:25:28.863602 20064 thread.cpp:96] Thread 524289 construct Actor kNormalForward 1099513724928
I1013 15:25:28.863633 20073 thread.cpp:96] Thread 524298 construct Actor kNormalForward 1099532599296
I1013 15:25:28.863798 20068 runtime_context.cpp:29] DecreaseCounter constructing_actor_cnt, current val is 372
I1013 15:25:28.865198 20073 runtime_context.cpp:29] DecreaseCounter constructing_actor_cnt, current val is 362
I1013 15:25:28.862778 20084 thread.cpp:96] Thread 524309 construct Actor kForeignOutput 1099555667968
I1013 15:25:28.862699 20085 naive_actor.cpp:25] actor 1099614388224 switch to &NaiveActor::HandlerNormal
I1013 15:25:28.865511 20085 thread.cpp:96] Thread 524337 construct Actor kDeviceTick 1099614388224
I1013 15:25:28.862360 20079 naive_actor.cpp:25] actor 1099545182208 switch to &NaiveActor::HandlerNormal
I1013 15:25:28.865882 20079 thread.cpp:96] Thread 524304 construct Actor kNormalForward 1099545182208
I1013 15:25:28.866233 20063 naive_actor.cpp:25] actor 1099511627776 switch to &NaiveActor::HandlerNormal
I1013 15:25:28.864271 20066 runtime_context.cpp:29] DecreaseCounter constructing_actor_cnt, current val is 368
I1013 15:25:28.864399 20075 thread.cpp:96] Thread 524300 construct Actor kNormalForward 1099536793600
I1013 15:25:28.863034 20082 naive_actor.cpp:25] actor 1099551473664 switch to &NaiveActor::HandlerNormal
I1013 15:25:28.866536 20075 runtime_context.cpp:29] DecreaseCounter constructing_actor_cnt, current val is 358
I1013 15:25:28.863075 20065 naive_actor.cpp:25] actor 1099515822080 switch to &NaiveActor::HandlerNormal
I1013 15:25:28.864583 20072 thread.cpp:96] Thread 524297 construct Actor kNormalForward 1099530502144
I1013 15:25:28.862509 20081 naive_actor.cpp:25] actor 1099549376512 switch to &NaiveActor::HandlerNormal
I1013 15:25:28.866695 20081 thread.cpp:96] Thread 524306 construct Actor kNormalForward 1099549376512
I1013 15:25:28.863534 20067 naive_actor.cpp:25] actor 1099520016384 switch to &NaiveActor::HandlerNormal
I1013 15:25:28.866750 20081 runtime_context.cpp:29] DecreaseCounter constructing_actor_cnt, current val is 356
I1013 15:25:28.865012 20102 naive_actor.cpp:25] actor 2199023255568 switch to &NaiveActor::HandlerNormal
I1013 15:25:28.865041 20080 runtime_context.cpp:29] DecreaseCounter constructing_actor_cnt, current val is 364
I1013 15:25:28.865168 20064 runtime_context.cpp:29] DecreaseCounter constructing_actor_cnt, current val is 363
I1013 15:25:28.863842 20077 thread.cpp:96] Thread 524302 construct Actor kForeignInput 1099540987904
I1013 15:25:28.865456 20084 runtime_context.cpp:29] DecreaseCounter constructing_actor_cnt, current val is 361
I1013 15:25:28.864066 20104 runtime_context.cpp:29] DecreaseCounter constructing_actor_cnt, current val is 370
I1013 15:25:28.865738 20085 runtime_context.cpp:29] DecreaseCounter constructing_actor_cnt, current val is 360
I1013 15:25:28.864107 20078 thread.cpp:96] Thread 524303 construct Actor kNormalForward 1099543085056
I1013 15:25:28.862983 20071 naive_actor.cpp:25] actor 1099528404992 switch to &NaiveActor::HandlerNormal
I1013 15:25:28.867336 20071 thread.cpp:96] Thread 524296 construct Actor kNormalForward 1099528404992
I1013 15:25:28.866302 20079 runtime_context.cpp:29] DecreaseCounter constructing_actor_cnt, current val is 359
I1013 15:25:28.866377 20063 thread.cpp:96] Thread 524288 construct Actor kNormalForward 1099511627776
I1013 15:25:28.866549 20082 thread.cpp:96] Thread 524307 construct Actor kNormalForward 1099551473664
I1013 15:25:28.867576 20063 runtime_context.cpp:29] DecreaseCounter constructing_actor_cnt, current val is 352
I1013 15:25:28.862471 20087 thread.cpp:96] Thread 524339 construct Actor kCallbackNotify 1099618582528
I1013 15:25:28.866731 20072 runtime_context.cpp:29] DecreaseCounter constructing_actor_cnt, current val is 357
I1013 15:25:28.867705 20087 runtime_context.cpp:29] DecreaseCounter constructing_actor_cnt, current val is 350
I1013 15:25:28.866804 20102 thread.cpp:96] Thread 1048576 construct Actor kNormalForward 2199023255568
I1013 15:25:28.866998 20077 runtime_context.cpp:29] DecreaseCounter constructing_actor_cnt, current val is 355
I1013 15:25:28.867240 20104 naive_actor.cpp:25] actor 2199025352705 switch to &NaiveActor::HandlerNormal
I1013 15:25:28.867260 20078 runtime_context.cpp:29] DecreaseCounter constructing_actor_cnt, current val is 354
I1013 15:25:28.867385 20071 runtime_context.cpp:29] DecreaseCounter constructing_actor_cnt, current val is 353
I1013 15:25:28.867588 20082 runtime_context.cpp:29] DecreaseCounter constructing_actor_cnt, current val is 351
I1013 15:25:28.866624 20065 thread.cpp:96] Thread 524290 construct Actor kNormalForward 1099515822080
I1013 15:25:28.866766 20067 thread.cpp:96] Thread 524292 construct Actor kNormalForward 1099520016384
I1013 15:25:28.867832 20085 esac_actor.cpp:73] actor 1099614388321 switch to &EsacActor::HandlerNormal
I1013 15:25:28.868129 20085 thread.cpp:96] Thread 524337 construct Actor kEsac 1099614388321
I1013 15:25:28.868141 20065 runtime_context.cpp:29] DecreaseCounter constructing_actor_cnt, current val is 348
I1013 15:25:28.867851 20102 runtime_context.cpp:29] DecreaseCounter constructing_actor_cnt, current val is 349
I1013 15:25:28.868156 20067 runtime_context.cpp:29] DecreaseCounter constructing_actor_cnt, current val is 347
I1013 15:25:28.867888 20104 thread.cpp:96] Thread 1048577 construct Actor kCopyHd 2199025352705
I1013 15:25:28.868216 20085 runtime_context.cpp:29] DecreaseCounter constructing_actor_cnt, current val is 346
I1013 15:25:28.868407 20104 runtime_context.cpp:29] DecreaseCounter constructing_actor_cnt, current val is 345
I1013 15:25:28.868597 20104 naive_actor.cpp:25] actor 2199025352704 switch to &NaiveActor::HandlerNormal
I1013 15:25:28.868644 20104 thread.cpp:96] Thread 1048577 construct Actor kCopyHd 2199025352704
I1013 15:25:28.868688 20104 runtime_context.cpp:29] DecreaseCounter constructing_actor_cnt, current val is 344
I1013 15:25:28.868758 20085 naive_actor.cpp:25] actor 1099614388230 switch to &NaiveActor::HandlerNormal
I1013 15:25:28.868810 20085 thread.cpp:96] Thread 524337 construct Actor kTick 1099614388230
I1013 15:25:28.868852 20104 naive_actor.cpp:25] actor 2199025352707 switch to &NaiveActor::HandlerNormal
I1013 15:25:28.868885 20085 runtime_context.cpp:29] DecreaseCounter constructing_actor_cnt, current val is 343
I1013 15:25:28.868893 20104 thread.cpp:96] Thread 1048577 construct Actor kCopyHd 2199025352707
I1013 15:25:28.868971 20104 runtime_context.cpp:29] DecreaseCounter constructing_actor_cnt, current val is 342
I1013 15:25:28.869135 20104 naive_actor.cpp:25] actor 2199025352708 switch to &NaiveActor::HandlerNormal
I1013 15:25:28.869184 20104 thread.cpp:96] Thread 1048577 construct Actor kCopyHd 2199025352708
I1013 15:25:28.869233 20104 runtime_context.cpp:29] DecreaseCounter constructing_actor_cnt, current val is 341
I1013 15:25:28.869230 20085 naive_actor.cpp:25] actor 1099614388231 switch to &NaiveActor::HandlerNormal
I1013 15:25:28.869266 20102 naive_actor.cpp:25] actor 2199023255569 switch to &NaiveActor::HandlerNormal
I1013 15:25:28.869313 20085 thread.cpp:96] Thread 524337 construct Actor kTick 1099614388231
I1013 15:25:28.869346 20102 thread.cpp:96] Thread 1048576 construct Actor kNormalForward 2199023255569
I1013 15:25:28.869387 20104 naive_actor.cpp:25] actor 2199025352709 switch to &NaiveActor::HandlerNormal
I1013 15:25:28.869407 20085 runtime_context.cpp:29] DecreaseCounter constructing_actor_cnt, current val is 340
I1013 15:25:28.869415 20104 thread.cpp:96] Thread 1048577 construct Actor kCopyHd 2199025352709
I1013 15:25:28.869441 20102 runtime_context.cpp:29] DecreaseCounter constructing_actor_cnt, current val is 339
I1013 15:25:28.869468 20104 runtime_context.cpp:29] DecreaseCounter constructing_actor_cnt, current val is 338
I1013 15:25:28.869643 20104 naive_actor.cpp:25] actor 2199025352710 switch to &NaiveActor::HandlerNormal
I1013 15:25:28.869688 20104 thread.cpp:96] Thread 1048577 construct Actor kCopyHd 2199025352710
I1013 15:25:28.869729 20104 runtime_context.cpp:29] DecreaseCounter constructing_actor_cnt, current val is 337
I1013 15:25:28.869758 20085 naive_actor.cpp:25] actor 1099614388234 switch to &NaiveActor::HandlerNormal
I1013 15:25:28.869803 20085 thread.cpp:96] Thread 524337 construct Actor kSrcSubsetTick 1099614388234
I1013 15:25:28.869863 20085 runtime_context.cpp:29] DecreaseCounter constructing_actor_cnt, current val is 336
I1013 15:25:28.870167 20085 naive_actor.cpp:25] actor 1099614388238 switch to &NaiveActor::HandlerNormal
I1013 15:25:28.870219 20085 thread.cpp:96] Thread 524337 construct Actor kTick 1099614388238
I1013 15:25:28.870277 20085 runtime_context.cpp:29] DecreaseCounter constructing_actor_cnt, current val is 335
I1013 15:25:28.870411 20102 naive_actor.cpp:25] actor 2199023255582 switch to &NaiveActor::HandlerNormal
I1013 15:25:28.870466 20102 thread.cpp:96] Thread 1048576 construct Actor kNormalForward 2199023255582
I1013 15:25:28.870538 20102 runtime_context.cpp:29] DecreaseCounter constructing_actor_cnt, current val is 334
I1013 15:25:28.870632 20085 naive_actor.cpp:25] actor 1099614388237 switch to &NaiveActor::HandlerNormal
I1013 15:25:28.870682 20085 thread.cpp:96] Thread 524337 construct Actor kDstSubsetTick 1099614388237
I1013 15:25:28.870867 20085 runtime_context.cpp:29] DecreaseCounter constructing_actor_cnt, current val is 333
I1013 15:25:28.870884 20102 naive_actor.cpp:25] actor 2199023255563 switch to &NaiveActor::HandlerNormal
I1013 15:25:28.870954 20102 thread.cpp:96] Thread 1048576 construct Actor kNormalForward 2199023255563
I1013 15:25:28.871026 20102 runtime_context.cpp:29] DecreaseCounter constructing_actor_cnt, current val is 332
I1013 15:25:28.871244 20085 naive_actor.cpp:25] actor 1099614388228 switch to &NaiveActor::HandlerNormal
I1013 15:25:28.871296 20085 thread.cpp:96] Thread 524337 construct Actor kTick 1099614388228
I1013 15:25:28.871347 20102 naive_actor.cpp:25] actor 2199023255571 switch to &NaiveActor::HandlerNormal
I1013 15:25:28.871356 20085 runtime_context.cpp:29] DecreaseCounter constructing_actor_cnt, current val is 331
I1013 15:25:28.871387 20102 thread.cpp:96] Thread 1048576 construct Actor kNormalForward 2199023255571
I1013 15:25:28.871464 20102 runtime_context.cpp:29] DecreaseCounter constructing_actor_cnt, current val is 330
I1013 15:25:28.871920 20085 esac_actor.cpp:73] actor 1099614388313 switch to &EsacActor::HandlerNormal
I1013 15:25:28.871975 20085 thread.cpp:96] Thread 524337 construct Actor kEsac 1099614388313
I1013 15:25:28.872066 20085 runtime_context.cpp:29] DecreaseCounter constructing_actor_cnt, current val is 329
I1013 15:25:28.872381 20102 naive_actor.cpp:25] actor 2199023255572 switch to &NaiveActor::HandlerNormal
I1013 15:25:28.872435 20102 thread.cpp:96] Thread 1048576 construct Actor kNormalForward 2199023255572
I1013 15:25:28.872440 20085 naive_actor.cpp:25] actor 1099614388229 switch to &NaiveActor::HandlerNormal
I1013 15:25:28.872498 20085 thread.cpp:96] Thread 524337 construct Actor kDstSubsetTick 1099614388229
I1013 15:25:28.872517 20102 runtime_context.cpp:29] DecreaseCounter constructing_actor_cnt, current val is 328
I1013 15:25:28.872581 20085 runtime_context.cpp:29] DecreaseCounter constructing_actor_cnt, current val is 327
I1013 15:25:28.872830 20102 naive_actor.cpp:25] actor 2199023255561 switch to &NaiveActor::HandlerNormal
I1013 15:25:28.872884 20102 thread.cpp:96] Thread 1048576 construct Actor kNormalForward 2199023255561
I1013 15:25:28.872915 20085 naive_actor.cpp:25] actor 1099614388236 switch to &NaiveActor::HandlerNormal
I1013 15:25:28.872949 20085 thread.cpp:96] Thread 524337 construct Actor kTick 1099614388236
I1013 15:25:28.872956 20102 runtime_context.cpp:29] DecreaseCounter constructing_actor_cnt, current val is 326
I1013 15:25:28.873009 20085 runtime_context.cpp:29] DecreaseCounter constructing_actor_cnt, current val is 325
I1013 15:25:28.873270 20102 naive_actor.cpp:25] actor 2199023255576 switch to &NaiveActor::HandlerNormal
I1013 15:25:28.873322 20102 thread.cpp:96] Thread 1048576 construct Actor kNormalForward 2199023255576
I1013 15:25:28.873338 20085 naive_actor.cpp:25] actor 1099614388225 switch to &NaiveActor::HandlerNormal
I1013 15:25:28.873379 20085 thread.cpp:96] Thread 524337 construct Actor kSrcSubsetTick 1099614388225
I1013 15:25:28.873391 20102 runtime_context.cpp:29] DecreaseCounter constructing_actor_cnt, current val is 324
I1013 15:25:28.873435 20085 runtime_context.cpp:29] DecreaseCounter constructing_actor_cnt, current val is 323
I1013 15:25:28.873773 20085 naive_actor.cpp:25] actor 1099614388239 switch to &NaiveActor::HandlerNormal
I1013 15:25:28.873826 20085 thread.cpp:96] Thread 524337 construct Actor kTick 1099614388239
I1013 15:25:28.873883 20085 runtime_context.cpp:29] DecreaseCounter constructing_actor_cnt, current val is 322
I1013 15:25:28.874197 20085 naive_actor.cpp:25] actor 1099614388232 switch to &NaiveActor::HandlerNormal
I1013 15:25:28.874249 20085 thread.cpp:96] Thread 524337 construct Actor kTick 1099614388232
I1013 15:25:28.874307 20085 runtime_context.cpp:29] DecreaseCounter constructing_actor_cnt, current val is 321
I1013 15:25:28.874325 20102 naive_actor.cpp:25] actor 2199023255558 switch to &NaiveActor::HandlerNormal
I1013 15:25:28.874380 20102 thread.cpp:96] Thread 1048576 construct Actor kNormalForward 2199023255558
I1013 15:25:28.874490 20102 runtime_context.cpp:29] DecreaseCounter constructing_actor_cnt, current val is 320
I1013 15:25:28.874682 20085 naive_actor.cpp:25] actor 1099614388240 switch to &NaiveActor::HandlerNormal
I1013 15:25:28.874732 20085 thread.cpp:96] Thread 524337 construct Actor kTick 1099614388240
I1013 15:25:28.874791 20085 runtime_context.cpp:29] DecreaseCounter constructing_actor_cnt, current val is 319
I1013 15:25:28.875115 20085 naive_actor.cpp:25] actor 1099614388241 switch to &NaiveActor::HandlerNormal
I1013 15:25:28.875167 20085 thread.cpp:96] Thread 524337 construct Actor kDeviceTick 1099614388241
I1013 15:25:28.875224 20085 runtime_context.cpp:29] DecreaseCounter constructing_actor_cnt, current val is 318
I1013 15:25:28.875325 20102 naive_actor.cpp:25] actor 2199023255651 switch to &NaiveActor::HandlerNormal
I1013 15:25:28.875376 20102 thread.cpp:96] Thread 1048576 construct Actor kNormalForward 2199023255651
I1013 15:25:28.875448 20102 runtime_context.cpp:29] DecreaseCounter constructing_actor_cnt, current val is 317
I1013 15:25:28.875558 20085 naive_actor.cpp:25] actor 1099614388320 switch to &NaiveActor::HandlerNormal
I1013 15:25:28.875617 20085 thread.cpp:96] Thread 524337 construct Actor kTick 1099614388320
I1013 15:25:28.875676 20085 runtime_context.cpp:29] DecreaseCounter constructing_actor_cnt, current val is 316
I1013 15:25:28.875993 20085 naive_actor.cpp:25] actor 1099614388242 switch to &NaiveActor::HandlerNormal
I1013 15:25:28.876042 20085 thread.cpp:96] Thread 524337 construct Actor kSrcSubsetTick 1099614388242
I1013 15:25:28.876101 20085 runtime_context.cpp:29] DecreaseCounter constructing_actor_cnt, current val is 315
I1013 15:25:28.876159 20102 naive_actor.cpp:25] actor 2199023255570 switch to &NaiveActor::HandlerNormal
I1013 15:25:28.876207 20102 thread.cpp:96] Thread 1048576 construct Actor kNormalForward 2199023255570
I1013 15:25:28.876271 20102 runtime_context.cpp:29] DecreaseCounter constructing_actor_cnt, current val is 314
I1013 15:25:28.876413 20085 naive_actor.cpp:25] actor 1099614388245 switch to &NaiveActor::HandlerNormal
I1013 15:25:28.876461 20085 thread.cpp:96] Thread 524337 construct Actor kTick 1099614388245
I1013 15:25:28.876528 20085 runtime_context.cpp:29] DecreaseCounter constructing_actor_cnt, current val is 313
I1013 15:25:28.876595 20102 naive_actor.cpp:25] actor 2199023255586 switch to &NaiveActor::HandlerNormal
I1013 15:25:28.876642 20102 thread.cpp:96] Thread 1048576 construct Actor kNormalForward 2199023255586
I1013 15:25:28.876699 20102 runtime_context.cpp:29] DecreaseCounter constructing_actor_cnt, current val is 312
I1013 15:25:28.876857 20085 naive_actor.cpp:25] actor 1099614388247 switch to &NaiveActor::HandlerNormal
I1013 15:25:28.876904 20085 thread.cpp:96] Thread 524337 construct Actor kTick 1099614388247
I1013 15:25:28.876972 20085 runtime_context.cpp:29] DecreaseCounter constructing_actor_cnt, current val is 311
I1013 15:25:28.877276 20085 naive_actor.cpp:25] actor 1099614388248 switch to &NaiveActor::HandlerNormal
I1013 15:25:28.877327 20085 thread.cpp:96] Thread 524337 construct Actor kTick 1099614388248
I1013 15:25:28.877383 20085 runtime_context.cpp:29] DecreaseCounter constructing_actor_cnt, current val is 310
I1013 15:25:28.877399 20102 naive_actor.cpp:25] actor 2199023255580 switch to &NaiveActor::HandlerNormal
I1013 15:25:28.877454 20102 thread.cpp:96] Thread 1048576 construct Actor kNormalForward 2199023255580
I1013 15:25:28.877512 20102 runtime_context.cpp:29] DecreaseCounter constructing_actor_cnt, current val is 309
I1013 15:25:28.877794 20085 naive_actor.cpp:25] actor 1099614388246 switch to &NaiveActor::HandlerNormal
I1013 15:25:28.877818 20102 naive_actor.cpp:25] actor 2199023255553 switch to &NaiveActor::HandlerNormal
I1013 15:25:28.877853 20085 thread.cpp:96] Thread 524337 construct Actor kDstSubsetTick 1099614388246
I1013 15:25:28.877878 20102 thread.cpp:96] Thread 1048576 construct Actor kNormalForward 2199023255553
I1013 15:25:28.877951 20085 runtime_context.cpp:29] DecreaseCounter constructing_actor_cnt, current val is 308
I1013 15:25:28.877957 20102 runtime_context.cpp:29] DecreaseCounter constructing_actor_cnt, current val is 307
I1013 15:25:28.878397 20085 naive_actor.cpp:25] actor 1099614388249 switch to &NaiveActor::HandlerNormal
I1013 15:25:28.878460 20085 thread.cpp:96] Thread 524337 construct Actor kTick 1099614388249
I1013 15:25:28.878536 20085 runtime_context.cpp:29] DecreaseCounter constructing_actor_cnt, current val is 306
I1013 15:25:28.878865 20085 naive_actor.cpp:25] actor 1099614388251 switch to &NaiveActor::HandlerNormal
I1013 15:25:28.878913 20085 thread.cpp:96] Thread 524337 construct Actor kSrcSubsetTick 1099614388251
I1013 15:25:28.878968 20102 naive_actor.cpp:25] actor 2199023255554 switch to &NaiveActor::HandlerNormal
I1013 15:25:28.878971 20085 runtime_context.cpp:29] DecreaseCounter constructing_actor_cnt, current val is 305
I1013 15:25:28.879006 20102 thread.cpp:96] Thread 1048576 construct Actor kNormalForward 2199023255554
I1013 15:25:28.879091 20102 runtime_context.cpp:29] DecreaseCounter constructing_actor_cnt, current val is 304
I1013 15:25:28.879314 20085 naive_actor.cpp:25] actor 1099614388250 switch to &NaiveActor::HandlerNormal
I1013 15:25:28.879365 20085 thread.cpp:96] Thread 524337 construct Actor kDeviceTick 1099614388250
I1013 15:25:28.879432 20085 runtime_context.cpp:29] DecreaseCounter constructing_actor_cnt, current val is 303
I1013 15:25:28.879789 20085 naive_actor.cpp:25] actor 1099614388319 switch to &NaiveActor::HandlerNormal
I1013 15:25:28.879842 20085 thread.cpp:96] Thread 524337 construct Actor kTick 1099614388319
I1013 15:25:28.879901 20085 runtime_context.cpp:29] DecreaseCounter constructing_actor_cnt, current val is 302
I1013 15:25:28.879949 20102 naive_actor.cpp:25] actor 2199023255584 switch to &NaiveActor::HandlerNormal
I1013 15:25:28.879997 20102 thread.cpp:96] Thread 1048576 construct Actor kNormalForward 2199023255584
I1013 15:25:28.880060 20102 runtime_context.cpp:29] DecreaseCounter constructing_actor_cnt, current val is 301
I1013 15:25:28.880234 20085 naive_actor.cpp:25] actor 1099614388254 switch to &NaiveActor::HandlerNormal
I1013 15:25:28.880282 20085 thread.cpp:96] Thread 524337 construct Actor kTick 1099614388254
I1013 15:25:28.880335 20085 runtime_context.cpp:29] DecreaseCounter constructing_actor_cnt, current val is 300
I1013 15:25:28.880632 20085 naive_actor.cpp:25] actor 1099614388256 switch to &NaiveActor::HandlerNormal
I1013 15:25:28.880681 20085 thread.cpp:96] Thread 524337 construct Actor kTick 1099614388256
I1013 15:25:28.880733 20085 runtime_context.cpp:29] DecreaseCounter constructing_actor_cnt, current val is 299
I1013 15:25:28.880937 20102 naive_actor.cpp:25] actor 2199023255579 switch to &NaiveActor::HandlerNormal
I1013 15:25:28.880988 20102 thread.cpp:96] Thread 1048576 construct Actor kNormalForward 2199023255579
I1013 15:25:28.881060 20102 runtime_context.cpp:29] DecreaseCounter constructing_actor_cnt, current val is 298
I1013 15:25:28.881098 20085 naive_actor.cpp:25] actor 1099614388255 switch to &NaiveActor::HandlerNormal
I1013 15:25:28.881145 20085 thread.cpp:96] Thread 524337 construct Actor kDstSubsetTick 1099614388255
I1013 15:25:28.881212 20085 runtime_context.cpp:29] DecreaseCounter constructing_actor_cnt, current val is 297
I1013 15:25:28.881516 20085 naive_actor.cpp:25] actor 1099614388257 switch to &NaiveActor::HandlerNormal
I1013 15:25:28.881563 20085 thread.cpp:96] Thread 524337 construct Actor kTick 1099614388257
I1013 15:25:28.881646 20085 runtime_context.cpp:29] DecreaseCounter constructing_actor_cnt, current val is 296
I1013 15:25:28.881791 20102 naive_actor.cpp:25] actor 2199023255565 switch to &NaiveActor::HandlerNormal
I1013 15:25:28.881841 20102 thread.cpp:96] Thread 1048576 construct Actor kNormalForward 2199023255565
I1013 15:25:28.881901 20102 runtime_context.cpp:29] DecreaseCounter constructing_actor_cnt, current val is 295
I1013 15:25:28.881937 20085 naive_actor.cpp:25] actor 1099614388263 switch to &NaiveActor::HandlerNormal
I1013 15:25:28.881981 20085 thread.cpp:96] Thread 524337 construct Actor kTick 1099614388263
I1013 15:25:28.882095 20085 runtime_context.cpp:29] DecreaseCounter constructing_actor_cnt, current val is 294
I1013 15:25:28.882424 20085 naive_actor.cpp:25] actor 1099614388258 switch to &NaiveActor::HandlerNormal
I1013 15:25:28.882474 20085 thread.cpp:96] Thread 524337 construct Actor kTick 1099614388258
I1013 15:25:28.882548 20085 runtime_context.cpp:29] DecreaseCounter constructing_actor_cnt, current val is 293
I1013 15:25:28.882714 20102 naive_actor.cpp:25] actor 2199023255621 switch to &NaiveActor::HandlerNormal
I1013 15:25:28.882766 20102 thread.cpp:96] Thread 1048576 construct Actor kNormalForward 2199023255621
I1013 15:25:28.882839 20102 runtime_context.cpp:29] DecreaseCounter constructing_actor_cnt, current val is 292
I1013 15:25:28.882869 20085 naive_actor.cpp:25] actor 1099614388259 switch to &NaiveActor::HandlerNormal
I1013 15:25:28.882915 20085 thread.cpp:96] Thread 524337 construct Actor kDeviceTick 1099614388259
I1013 15:25:28.882977 20085 runtime_context.cpp:29] DecreaseCounter constructing_actor_cnt, current val is 291
I1013 15:25:28.883145 20102 naive_actor.cpp:25] actor 2199023255588 switch to &NaiveActor::HandlerNormal
I1013 15:25:28.883193 20102 thread.cpp:96] Thread 1048576 construct Actor kNormalForward 2199023255588
I1013 15:25:28.883250 20102 runtime_context.cpp:29] DecreaseCounter constructing_actor_cnt, current val is 290
I1013 15:25:28.883301 20085 naive_actor.cpp:25] actor 1099614388260 switch to &NaiveActor::HandlerNormal
I1013 15:25:28.883343 20085 thread.cpp:96] Thread 524337 construct Actor kSrcSubsetTick 1099614388260
I1013 15:25:28.883397 20085 runtime_context.cpp:29] DecreaseCounter constructing_actor_cnt, current val is 289
I1013 15:25:28.883697 20085 naive_actor.cpp:25] actor 1099614388315 switch to &NaiveActor::HandlerNormal
I1013 15:25:28.883747 20085 thread.cpp:96] Thread 524337 construct Actor kTick 1099614388315
I1013 15:25:28.883802 20085 runtime_context.cpp:29] DecreaseCounter constructing_actor_cnt, current val is 288
I1013 15:25:28.884059 20102 naive_actor.cpp:25] actor 2199023255555 switch to &NaiveActor::HandlerNormal
I1013 15:25:28.884104 20085 naive_actor.cpp:25] actor 1099614388266 switch to &NaiveActor::HandlerNormal
I1013 15:25:28.884109 20102 thread.cpp:96] Thread 1048576 construct Actor kNormalForward 2199023255555
I1013 15:25:28.884140 20085 thread.cpp:96] Thread 524337 construct Actor kTick 1099614388266
I1013 15:25:28.884208 20102 runtime_context.cpp:29] DecreaseCounter constructing_actor_cnt, current val is 287
I1013 15:25:28.884217 20085 runtime_context.cpp:29] DecreaseCounter constructing_actor_cnt, current val is 286
I1013 15:25:28.884595 20085 naive_actor.cpp:25] actor 1099614388264 switch to &NaiveActor::HandlerNormal
I1013 15:25:28.884644 20085 thread.cpp:96] Thread 524337 construct Actor kDstSubsetTick 1099614388264
I1013 15:25:28.884704 20085 runtime_context.cpp:29] DecreaseCounter constructing_actor_cnt, current val is 285
I1013 15:25:28.884994 20085 naive_actor.cpp:25] actor 1099614388265 switch to &NaiveActor::HandlerNormal
I1013 15:25:28.885041 20085 thread.cpp:96] Thread 524337 construct Actor kTick 1099614388265
I1013 15:25:28.885095 20085 runtime_context.cpp:29] DecreaseCounter constructing_actor_cnt, current val is 284
I1013 15:25:28.885123 20102 naive_actor.cpp:25] actor 2199023255567 switch to &NaiveActor::HandlerNormal
I1013 15:25:28.885165 20102 thread.cpp:96] Thread 1048576 construct Actor kNormalForward 2199023255567
I1013 15:25:28.885236 20102 runtime_context.cpp:29] DecreaseCounter constructing_actor_cnt, current val is 283
I1013 15:25:28.885403 20085 naive_actor.cpp:25] actor 1099614388268 switch to &NaiveActor::HandlerNormal
I1013 15:25:28.885452 20085 thread.cpp:96] Thread 524337 construct Actor kSrcSubsetTick 1099614388268
I1013 15:25:28.885514 20085 runtime_context.cpp:29] DecreaseCounter constructing_actor_cnt, current val is 282
I1013 15:25:28.885812 20085 naive_actor.cpp:25] actor 1099614388282 switch to &NaiveActor::HandlerNormal
I1013 15:25:28.885861 20085 thread.cpp:96] Thread 524337 construct Actor kTick 1099614388282
I1013 15:25:28.886015 20085 runtime_context.cpp:29] DecreaseCounter constructing_actor_cnt, current val is 281
I1013 15:25:28.886029 20102 naive_actor.cpp:25] actor 2199023255589 switch to &NaiveActor::HandlerNormal
I1013 15:25:28.886107 20102 thread.cpp:96] Thread 1048576 construct Actor kNormalForward 2199023255589
I1013 15:25:28.886169 20102 runtime_context.cpp:29] DecreaseCounter constructing_actor_cnt, current val is 280
I1013 15:25:28.886360 20085 naive_actor.cpp:25] actor 1099614388271 switch to &NaiveActor::HandlerNormal
I1013 15:25:28.886406 20085 thread.cpp:96] Thread 524337 construct Actor kTick 1099614388271
I1013 15:25:28.886458 20085 runtime_context.cpp:29] DecreaseCounter constructing_actor_cnt, current val is 279
I1013 15:25:28.886467 20102 naive_actor.cpp:25] actor 2199023255581 switch to &NaiveActor::HandlerNormal
I1013 15:25:28.886514 20102 thread.cpp:96] Thread 1048576 construct Actor kNormalForward 2199023255581
I1013 15:25:28.886587 20102 runtime_context.cpp:29] DecreaseCounter constructing_actor_cnt, current val is 278
I1013 15:25:28.886782 20085 naive_actor.cpp:25] actor 1099614388267 switch to &NaiveActor::HandlerNormal
I1013 15:25:28.886829 20085 thread.cpp:96] Thread 524337 construct Actor kDeviceTick 1099614388267
I1013 15:25:28.886893 20085 runtime_context.cpp:29] DecreaseCounter constructing_actor_cnt, current val is 277
I1013 15:25:28.887178 20085 naive_actor.cpp:25] actor 1099614388318 switch to &NaiveActor::HandlerNormal
I1013 15:25:28.887228 20085 thread.cpp:96] Thread 524337 construct Actor kTick 1099614388318
I1013 15:25:28.887267 20102 naive_actor.cpp:25] actor 2199023255585 switch to &NaiveActor::HandlerNormal
I1013 15:25:28.887280 20085 runtime_context.cpp:29] DecreaseCounter constructing_actor_cnt, current val is 276
I1013 15:25:28.887303 20102 thread.cpp:96] Thread 1048576 construct Actor kNormalForward 2199023255585
I1013 15:25:28.887375 20102 runtime_context.cpp:29] DecreaseCounter constructing_actor_cnt, current val is 275
I1013 15:25:28.887603 20085 naive_actor.cpp:25] actor 1099614388274 switch to &NaiveActor::HandlerNormal
I1013 15:25:28.887650 20085 thread.cpp:96] Thread 524337 construct Actor kTick 1099614388274
I1013 15:25:28.887679 20102 naive_actor.cpp:25] actor 2199023255583 switch to &NaiveActor::HandlerNormal
I1013 15:25:28.887709 20102 thread.cpp:96] Thread 1048576 construct Actor kNormalForward 2199023255583
I1013 15:25:28.887712 20085 runtime_context.cpp:29] DecreaseCounter constructing_actor_cnt, current val is 274
I1013 15:25:28.887764 20102 runtime_context.cpp:29] DecreaseCounter constructing_actor_cnt, current val is 273
I1013 15:25:28.888013 20085 naive_actor.cpp:25] actor 1099614388317 switch to &NaiveActor::HandlerNormal
I1013 15:25:28.888062 20085 thread.cpp:96] Thread 524337 construct Actor kTick 1099614388317
I1013 15:25:28.888114 20085 runtime_context.cpp:29] DecreaseCounter constructing_actor_cnt, current val is 272
I1013 15:25:28.888392 20085 naive_actor.cpp:25] actor 1099614388279 switch to &NaiveActor::HandlerNormal
I1013 15:25:28.888440 20085 thread.cpp:96] Thread 524337 construct Actor kTick 1099614388279
I1013 15:25:28.888491 20102 naive_actor.cpp:25] actor 2199023255559 switch to &NaiveActor::HandlerNormal
I1013 15:25:28.888492 20085 runtime_context.cpp:29] DecreaseCounter constructing_actor_cnt, current val is 271
I1013 15:25:28.888530 20102 thread.cpp:96] Thread 1048576 construct Actor kNormalForward 2199023255559
I1013 15:25:28.888612 20102 runtime_context.cpp:29] DecreaseCounter constructing_actor_cnt, current val is 270
I1013 15:25:28.888839 20085 naive_actor.cpp:25] actor 1099614388273 switch to &NaiveActor::HandlerNormal
I1013 15:25:28.888886 20085 thread.cpp:96] Thread 524337 construct Actor kTick 1099614388273
I1013 15:25:28.888939 20085 runtime_context.cpp:29] DecreaseCounter constructing_actor_cnt, current val is 269
I1013 15:25:28.889219 20085 naive_actor.cpp:25] actor 1099614388275 switch to &NaiveActor::HandlerNormal
I1013 15:25:28.889267 20085 thread.cpp:96] Thread 524337 construct Actor kTick 1099614388275
I1013 15:25:28.889369 20085 runtime_context.cpp:29] DecreaseCounter constructing_actor_cnt, current val is 268
I1013 15:25:28.889407 20102 naive_actor.cpp:25] actor 2199023255594 switch to &NaiveActor::HandlerNormal
I1013 15:25:28.889451 20102 thread.cpp:96] Thread 1048576 construct Actor kNormalForward 2199023255594
I1013 15:25:28.889511 20102 runtime_context.cpp:29] DecreaseCounter constructing_actor_cnt, current val is 267
I1013 15:25:28.889775 20085 naive_actor.cpp:25] actor 1099614388280 switch to &NaiveActor::HandlerNormal
I1013 15:25:28.889822 20085 thread.cpp:96] Thread 524337 construct Actor kDstSubsetTick 1099614388280
I1013 15:25:28.889875 20085 runtime_context.cpp:29] DecreaseCounter constructing_actor_cnt, current val is 266
I1013 15:25:28.890175 20085 naive_actor.cpp:25] actor 1099614388272 switch to &NaiveActor::HandlerNormal
I1013 15:25:28.890223 20085 thread.cpp:96] Thread 524337 construct Actor kDstSubsetTick 1099614388272
I1013 15:25:28.890275 20085 runtime_context.cpp:29] DecreaseCounter constructing_actor_cnt, current val is 265
I1013 15:25:28.890309 20102 naive_actor.cpp:25] actor 2199023255577 switch to &NaiveActor::HandlerNormal
I1013 15:25:28.890357 20102 thread.cpp:96] Thread 1048576 construct Actor kNormalForward 2199023255577
I1013 15:25:28.890419 20102 runtime_context.cpp:29] DecreaseCounter constructing_actor_cnt, current val is 264
I1013 15:25:28.890576 20085 naive_actor.cpp:25] actor 1099614388277 switch to &NaiveActor::HandlerNormal
I1013 15:25:28.890622 20085 thread.cpp:96] Thread 524337 construct Actor kSrcSubsetTick 1099614388277
I1013 15:25:28.890672 20085 runtime_context.cpp:29] DecreaseCounter constructing_actor_cnt, current val is 263
I1013 15:25:28.890720 20102 naive_actor.cpp:25] actor 2199023255591 switch to &NaiveActor::HandlerNormal
I1013 15:25:28.890765 20102 thread.cpp:96] Thread 1048576 construct Actor kNormalForward 2199023255591
I1013 15:25:28.890820 20102 runtime_context.cpp:29] DecreaseCounter constructing_actor_cnt, current val is 262
I1013 15:25:28.890952 20085 naive_actor.cpp:25] actor 1099614388281 switch to &NaiveActor::HandlerNormal
I1013 15:25:28.890997 20085 thread.cpp:96] Thread 524337 construct Actor kTick 1099614388281
I1013 15:25:28.891057 20085 runtime_context.cpp:29] DecreaseCounter constructing_actor_cnt, current val is 261
I1013 15:25:28.891341 20085 naive_actor.cpp:25] actor 1099614388286 switch to &NaiveActor::HandlerNormal
I1013 15:25:28.891383 20085 thread.cpp:96] Thread 524337 construct Actor kTick 1099614388286
I1013 15:25:28.891443 20085 runtime_context.cpp:29] DecreaseCounter constructing_actor_cnt, current val is 260
I1013 15:25:28.891651 20102 naive_actor.cpp:25] actor 2199023255564 switch to &NaiveActor::HandlerNormal
I1013 15:25:28.891698 20102 thread.cpp:96] Thread 1048576 construct Actor kNormalForward 2199023255564
I1013 15:25:28.891758 20085 reentrant_lock_actor.cpp:76] actor 1099614388283 switch to &ReentrantLockActor::HandlerNormal
I1013 15:25:28.891764 20102 runtime_context.cpp:29] DecreaseCounter constructing_actor_cnt, current val is 259
I1013 15:25:28.891793 20085 thread.cpp:96] Thread 524337 construct Actor kReentrantLock 1099614388283
I1013 15:25:28.891863 20085 runtime_context.cpp:29] DecreaseCounter constructing_actor_cnt, current val is 258
I1013 15:25:28.892066 20102 naive_actor.cpp:25] actor 2199023255573 switch to &NaiveActor::HandlerNormal
I1013 15:25:28.892110 20102 thread.cpp:96] Thread 1048576 construct Actor kNormalForward 2199023255573
I1013 15:25:28.892140 20085 naive_actor.cpp:25] actor 1099614388285 switch to &NaiveActor::HandlerNormal
I1013 15:25:28.892163 20102 runtime_context.cpp:29] DecreaseCounter constructing_actor_cnt, current val is 257
I1013 15:25:28.892171 20085 thread.cpp:96] Thread 524337 construct Actor kTick 1099614388285
I1013 15:25:28.892246 20085 runtime_context.cpp:29] DecreaseCounter constructing_actor_cnt, current val is 256
I1013 15:25:28.892446 20102 naive_actor.cpp:25] actor 2199023255557 switch to &NaiveActor::HandlerNormal
I1013 15:25:28.892490 20102 thread.cpp:96] Thread 1048576 construct Actor kNormalForward 2199023255557
I1013 15:25:28.892534 20085 naive_actor.cpp:25] actor 1099614388296 switch to &NaiveActor::HandlerNormal
I1013 15:25:28.892648 20085 thread.cpp:96] Thread 524337 construct Actor kTick 1099614388296
I1013 15:25:28.892655 20102 runtime_context.cpp:29] DecreaseCounter constructing_actor_cnt, current val is 255
I1013 15:25:28.892730 20085 runtime_context.cpp:29] DecreaseCounter constructing_actor_cnt, current val is 254
I1013 15:25:28.892963 20102 naive_actor.cpp:25] actor 2199023255593 switch to &NaiveActor::HandlerNormal
I1013 15:25:28.893010 20102 thread.cpp:96] Thread 1048576 construct Actor kNormalForward 2199023255593
I1013 15:25:28.893023 20085 naive_actor.cpp:25] actor 1099614388288 switch to &NaiveActor::HandlerNormal
