Log file created at: 2021/10/13 11:56:53
Running on machine: oneflow-14
Log line format: [IWEF]mmdd hh:mm:ss.uuuuuu threadid file:line] msg
I1013 11:56:53.443603  9223 global.h:36] NewGlobal 14cudaDeviceProp
I1013 11:56:53.444514  9223 global.h:36] NewGlobal N7oneflow7EnvDescE
I1013 11:56:53.444532  9223 global.h:36] NewGlobal N7oneflow10ProcessCtxE
I1013 11:56:53.444540  9223 env_global_objects_scope.cpp:152] using rpc backend: local
I1013 11:56:53.444556  9223 global.h:36] NewGlobal N7oneflow12ResourceDescE
I1013 11:56:53.444566  9223 global.h:36] NewGlobal N7oneflow12ResourceDescE
I1013 11:56:53.511217  9223 global.h:36] NewGlobal N7oneflow10ThreadPoolE
I1013 11:56:53.512519  9223 global.h:36] NewGlobal N7oneflow16EagerNcclCommMgrE
I1013 11:56:53.512540  9223 global.h:36] NewGlobal N7oneflow18CudnnConvAlgoCacheE
I1013 11:56:53.512548  9223 global.h:36] NewGlobal N7oneflow2vm19VirtualMachineScopeE
I1013 11:56:53.512557  9223 global.h:36] NewGlobal N7oneflow9OneflowVME
I1013 11:56:53.513448  9223 oneflow_vm.cpp:75] transport stream type: N7oneflow2vm13CpuStreamTypeE
I1013 11:56:53.513466  9223 oneflow_vm.cpp:75] transport stream type: N7oneflow2vm14CudaStreamTypeE
I1013 11:56:53.513474  9223 oneflow_vm.cpp:75] transport stream type: N7oneflow2vm19AsyncCudaStreamTypeE
I1013 11:56:53.513621  9223 global.h:36] NewGlobal N7oneflow27EagerJobBuildAndInferCtxMgrE
I1013 11:56:53.513636  9223 global.h:36] NewGlobal N7oneflow12EpollCommNetE
I1013 11:56:53.513761  9223 epoll_comm_network.cpp:63] CommNet:Epoll listening on 0.0.0.0:40291
I1013 11:56:53.513797  9223 epoll_comm_network.cpp:197] machine 0 sockfd -1
I1013 11:56:53.513921  9223 global.h:36] NewGlobal N7oneflow9TransportE
I1013 11:56:53.515389  9223 global.h:43] DeleteGlobal N7oneflow12ResourceDescE
I1013 11:56:53.515419  9223 version.cpp:22] OneFlow git version: b295ca2324
I1013 11:56:53.515447  9223 device_register_gpu.cpp:56] CUDA runtime version: 11.2
I1013 11:56:53.515467  9223 device_register_gpu.cpp:65] cuDNN version: 8.1.1
I1013 11:56:53.515478  9223 device_register_gpu.cpp:78] NCCL version: 2.9.8
I1013 11:56:53.515487  9223 global.h:36] NewGlobal N7oneflow12ResourceDescE
I1013 11:56:53.515496  9223 global.h:36] NewGlobal N7oneflow5IDMgrE
I1013 11:56:53.515506  9223 global.h:36] NewGlobal N7oneflow16AvailableMemDescE
I1013 11:56:53.515532  9223 global.h:36] NewGlobal St13unordered_mapISslSt4hashISsESt8equal_toISsESaISt4pairIKSslEEE
I1013 11:56:53.515540  9223 global.h:36] NewGlobal N7oneflow19CriticalSectionDescE
I1013 11:56:53.515547  9223 global.h:36] NewGlobal N7oneflow16InterUserJobInfoE
I1013 11:56:53.515555  9223 global.h:36] NewGlobal N7oneflow26LazyJobBuildAndInferCtxMgrE
I1013 11:56:53.515563  9223 global.h:36] NewGlobal N7oneflow16JobSetCompileCtxE
I1013 11:56:53.515570  9223 global.h:36] NewGlobal N7oneflow26RuntimeBufferManagersScopeE
I1013 11:56:53.515578  9223 global.h:36] NewGlobal N7oneflow9BufferMgrIlEE
I1013 11:56:53.515584  9223 global.h:36] NewGlobal N7oneflow9BufferMgrISt10shared_ptrINS_11JobInstanceEEEE
I1013 11:56:53.515591  9223 global.h:36] NewGlobal N7oneflow10RuntimeCtxE
I1013 11:56:53.515599  9223 global.h:36] NewGlobal N7oneflow15MemoryAllocatorE
I1013 11:56:53.515605  9223 global.h:36] NewGlobal N7oneflow8ChunkMgrE
I1013 11:56:53.515612  9223 global.h:36] NewGlobal N7oneflow8RegstMgrE
I1013 11:56:53.515619  9223 global.h:36] NewGlobal N7oneflow11ActorMsgBusE
I1013 11:56:53.515625  9223 global.h:36] NewGlobal N7oneflow9ThreadMgrE
I1013 11:56:53.515632  9223 global.h:36] NewGlobal N7oneflow15RuntimeJobDescsE
I1013 11:56:53.515640  9223 global.h:36] NewGlobal N7oneflow7summary12EventsWriterE
I1013 11:56:53.515648  9223 global.h:36] NewGlobal N7oneflow6boxing10collective24CollectiveBoxingExecutorE
I1013 11:56:53.515656  9223 global.h:36] NewGlobal N7oneflow6boxing10collective31CollectiveBoxingDeviceCtxPollerE
I1013 11:56:53.515798  9223 session.h:77] NewGlobal N7oneflow25SessionGlobalObjectsScopeE
I1013 11:56:53.516554  9223 global.h:36] NewGlobal N7oneflow7JobDescE
I1013 11:56:53.890799  9223 global.h:43] DeleteGlobal N7oneflow7JobDescE
I1013 11:56:53.890995  9223 global.h:36] NewGlobal N7oneflow7JobDescE
I1013 11:56:53.893987  9223 global.h:36] NewGlobal N7oneflow7OpGraphE
I1013 11:56:53.897864  9223 global.h:43] DeleteGlobal N7oneflow7OpGraphE
I1013 11:56:54.054983  9223 global.h:43] DeleteGlobal N7oneflow7JobDescE
I1013 11:56:54.071461  9223 global.h:36] NewGlobal N7oneflow24InterJobReuseMemStrategyE
I1013 11:56:54.071488  9223 global.h:36] NewGlobal N7oneflow7OneflowE
I1013 11:56:54.084568  9223 global.h:36] NewGlobal N7oneflow7JobDescE
I1013 11:56:54.287866  9223 global.h:36] NewGlobal N7oneflow7OpGraphE
I1013 11:56:54.359622  9223 global.h:43] DeleteGlobal N7oneflow7OpGraphE
I1013 11:56:54.368281  9223 oneflow.cpp:210] 
job_id: 0 , job_name: train_job , compile time: 0.283615 seconds.
I1013 11:56:54.415470  9223 global.h:43] DeleteGlobal N7oneflow7JobDescE
I1013 11:56:54.415760  9223 global.h:36] NewGlobal N7oneflow7JobDescE
I1013 11:56:54.461474  9223 global.h:36] NewGlobal N7oneflow7OpGraphE
I1013 11:56:54.478147  9223 global.h:43] DeleteGlobal N7oneflow7OpGraphE
I1013 11:56:54.482337  9223 oneflow.cpp:210] 
job_id: 1 , job_name: System-ModelInit , compile time: 0.0663009 seconds.
I1013 11:56:54.494240  9223 global.h:43] DeleteGlobal N7oneflow7JobDescE
I1013 11:56:54.494269  9223 global.h:36] NewGlobal N7oneflow7JobDescE
I1013 11:56:54.539029  9223 global.h:36] NewGlobal N7oneflow7OpGraphE
I1013 11:56:54.556012  9223 global.h:43] DeleteGlobal N7oneflow7OpGraphE
I1013 11:56:54.560858  9223 oneflow.cpp:210] 
job_id: 2 , job_name: System-ModelLoad , compile time: 0.0665713 seconds.
I1013 11:56:54.572479  9223 global.h:43] DeleteGlobal N7oneflow7JobDescE
I1013 11:56:54.572506  9223 global.h:36] NewGlobal N7oneflow7JobDescE
I1013 11:56:54.616649  9223 global.h:36] NewGlobal N7oneflow7OpGraphE
I1013 11:56:54.633953  9223 global.h:43] DeleteGlobal N7oneflow7OpGraphE
I1013 11:56:54.638990  9223 oneflow.cpp:210] 
job_id: 3 , job_name: System-ModelSave , compile time: 0.0664678 seconds.
I1013 11:56:54.651412  9223 global.h:43] DeleteGlobal N7oneflow7JobDescE
I1013 11:56:54.651448  9223 global.h:36] NewGlobal N7oneflow7JobDescE
I1013 11:56:54.659653  9223 global.h:36] NewGlobal N7oneflow7OpGraphE
I1013 11:56:54.663314  9223 global.h:43] DeleteGlobal N7oneflow7OpGraphE
I1013 11:56:54.664871  9223 oneflow.cpp:210] 
job_id: 4 , job_name: System-Pull-Return_22 , compile time: 0.0134052 seconds.
I1013 11:56:54.668323  9223 global.h:43] DeleteGlobal N7oneflow7JobDescE
I1013 11:56:54.672479  9223 global.h:36] NewGlobal N7oneflow7JobDescE
I1013 11:56:54.672518  9223 global.h:36] NewGlobal N7oneflow7OpGraphE
I1013 11:56:54.677893  9223 global.h:43] DeleteGlobal N7oneflow7OpGraphE
I1013 11:56:54.681689  9223 oneflow.cpp:210] 
job_id: 5 , job_name: MainJob-unamed , compile time: 0.0091817 seconds.
I1013 11:56:54.688629  9223 global.h:43] DeleteGlobal N7oneflow7JobDescE
I1013 11:56:54.691032  9223 plan_util.cpp:928]  Plan: merged_plan needs to allocate [ 374.89 MiB ] device memory in Rank: 0 , Device: 0
I1013 11:56:54.793067  9223 oneflow.cpp:998]  PushPlan merged_plan time: 0.00936371 seconds.
I1013 11:56:54.821453  9223 oneflow.cpp:1014]  PullPlan merged_plan time: 0.0246003 seconds.
I1013 11:56:56.926646  9223 runtime_context.cpp:21] NewCounter constructing_actor_cnt 392
I1013 11:56:56.927649  9746 naive_actor.cpp:25] actor 2199023255699 switch to &NaiveActor::HandlerNormal
I1013 11:56:56.928100  9746 thread.cpp:96] Thread 1048576 construct Actor kDeviceTick 2199023255699
I1013 11:56:56.927687  9742 naive_actor.cpp:25] actor 1099614388233 switch to &NaiveActor::HandlerNormal
I1013 11:56:56.928191  9746 runtime_context.cpp:29] DecreaseCounter constructing_actor_cnt, current val is 391
I1013 11:56:56.928192  9742 thread.cpp:96] Thread 524337 construct Actor kDeviceTick 1099614388233
I1013 11:56:56.928073  9743 wait_and_send_ids_actor.cpp:53] actor 1099616485376 switch to &WaitAndSendIdsActor::HandlerWaitToStart
I1013 11:56:56.928295  9742 runtime_context.cpp:29] DecreaseCounter constructing_actor_cnt, current val is 390
I1013 11:56:56.928304  9743 thread.cpp:96] Thread 524338 construct Actor kWaitAndSendIds 1099616485376
I1013 11:56:56.928598  9746 naive_actor.cpp:25] actor 2199023255738 switch to &NaiveActor::HandlerNormal
I1013 11:56:56.928617  9742 naive_actor.cpp:25] actor 1099614388226 switch to &NaiveActor::HandlerNormal
I1013 11:56:56.928743  9743 runtime_context.cpp:29] DecreaseCounter constructing_actor_cnt, current val is 389
I1013 11:56:56.928771  9746 thread.cpp:96] Thread 1048576 construct Actor kDeviceTick 2199023255738
I1013 11:56:56.928812  9742 thread.cpp:96] Thread 524337 construct Actor kDeviceTick 1099614388226
I1013 11:56:56.928982  9746 runtime_context.cpp:29] DecreaseCounter constructing_actor_cnt, current val is 388
I1013 11:56:56.928993  9742 runtime_context.cpp:29] DecreaseCounter constructing_actor_cnt, current val is 387
I1013 11:56:56.929319  9742 naive_actor.cpp:25] actor 1099614388243 switch to &NaiveActor::HandlerNormal
I1013 11:56:56.929323  9746 naive_actor.cpp:25] actor 2199023255777 switch to &NaiveActor::HandlerNormal
I1013 11:56:56.929375  9742 thread.cpp:96] Thread 524337 construct Actor kDeviceTick 1099614388243
I1013 11:56:56.929404  9746 thread.cpp:96] Thread 1048576 construct Actor kDeviceTick 2199023255777
I1013 11:56:56.929472  9742 runtime_context.cpp:29] DecreaseCounter constructing_actor_cnt, current val is 386
I1013 11:56:56.929503  9746 runtime_context.cpp:29] DecreaseCounter constructing_actor_cnt, current val is 385
I1013 11:56:56.929715  9742 naive_actor.cpp:25] actor 1099614388252 switch to &NaiveActor::HandlerNormal
I1013 11:56:56.929773  9746 naive_actor.cpp:25] actor 2199023255816 switch to &NaiveActor::HandlerNormal
I1013 11:56:56.929780  9742 thread.cpp:96] Thread 524337 construct Actor kDeviceTick 1099614388252
I1013 11:56:56.929811  9746 thread.cpp:96] Thread 1048576 construct Actor kDeviceTick 2199023255816
I1013 11:56:56.929879  9742 runtime_context.cpp:29] DecreaseCounter constructing_actor_cnt, current val is 384
I1013 11:56:56.929898  9746 runtime_context.cpp:29] DecreaseCounter constructing_actor_cnt, current val is 383
I1013 11:56:56.930155  9742 naive_actor.cpp:25] actor 1099614388261 switch to &NaiveActor::HandlerNormal
I1013 11:56:56.930189  9742 thread.cpp:96] Thread 524337 construct Actor kDeviceTick 1099614388261
I1013 11:56:56.930240  9742 runtime_context.cpp:29] DecreaseCounter constructing_actor_cnt, current val is 382
I1013 11:56:56.930485  9742 naive_actor.cpp:25] actor 1099614388269 switch to &NaiveActor::HandlerNormal
I1013 11:56:56.930518  9742 thread.cpp:96] Thread 524337 construct Actor kDeviceTick 1099614388269
I1013 11:56:56.930567  9742 runtime_context.cpp:29] DecreaseCounter constructing_actor_cnt, current val is 381
I1013 11:56:56.930810  9742 naive_actor.cpp:25] actor 1099614388276 switch to &NaiveActor::HandlerNormal
I1013 11:56:56.930845  9742 thread.cpp:96] Thread 524337 construct Actor kDeviceTick 1099614388276
I1013 11:56:56.930896  9742 runtime_context.cpp:29] DecreaseCounter constructing_actor_cnt, current val is 380
I1013 11:56:56.937790  9727 naive_actor.cpp:25] actor 1099530502144 switch to &NaiveActor::HandlerNormal
I1013 11:56:56.937952  9727 thread.cpp:96] Thread 524297 construct Actor kNormalForward 1099530502144
I1013 11:56:56.938037  9748 naive_actor.cpp:25] actor 2199025352708 switch to &NaiveActor::HandlerNormal
I1013 11:56:56.938144  9731 naive_actor.cpp:25] actor 1099538890752 switch to &NaiveActor::HandlerNormal
I1013 11:56:56.938091  9750 naive_actor.cpp:25] actor 2199027449858 switch to &NaiveActor::HandlerNormal
I1013 11:56:56.938324  9725 naive_actor.cpp:25] actor 1099526307840 switch to &NaiveActor::HandlerNormal
I1013 11:56:56.938180  9724 naive_actor.cpp:25] actor 1099524210688 switch to &NaiveActor::HandlerNormal
I1013 11:56:56.938182  9727 runtime_context.cpp:29] DecreaseCounter constructing_actor_cnt, current val is 379
I1013 11:56:56.938210  9733 naive_actor.cpp:25] actor 1099543085056 switch to &NaiveActor::HandlerNormal
I1013 11:56:56.938686  9723 naive_actor.cpp:25] actor 1099522113536 switch to &NaiveActor::HandlerNormal
I1013 11:56:56.938750  9735 naive_actor.cpp:25] actor 1099547279360 switch to &NaiveActor::HandlerNormal
I1013 11:56:56.938848  9738 naive_actor.cpp:25] actor 1099553570816 switch to &NaiveActor::HandlerNormal
I1013 11:56:56.938964  9738 thread.cpp:96] Thread 524308 construct Actor kNormalForward 1099553570816
I1013 11:56:56.938342  9750 thread.cpp:96] Thread 1048578 construct Actor kCopyHd 2199027449858
I1013 11:56:56.938380  9740 naive_actor.cpp:25] actor 1099557765120 switch to &NaiveActor::HandlerNormal
I1013 11:56:56.938386  9744 sink_actor.cpp:21] actor 1099618582528 switch to &SinkActor::HandlerNormal
I1013 11:56:56.939368  9744 thread.cpp:96] Thread 524339 construct Actor kCallbackNotify 1099618582528
I1013 11:56:56.938463  9742 naive_actor.cpp:25] actor 1099614388236 switch to &NaiveActor::HandlerNormal
I1013 11:56:56.938464  9725 thread.cpp:96] Thread 524295 construct Actor kNormalForward 1099526307840
I1013 11:56:56.938519  9726 naive_actor.cpp:25] actor 1099528404992 switch to &NaiveActor::HandlerNormal
I1013 11:56:56.939694  9726 thread.cpp:96] Thread 524296 construct Actor kNormalForward 1099528404992
I1013 11:56:56.938566  9730 naive_actor.cpp:25] actor 1099536793600 switch to &NaiveActor::HandlerNormal
I1013 11:56:56.938570  9729 naive_actor.cpp:25] actor 1099534696448 switch to &NaiveActor::HandlerNormal
I1013 11:56:56.939908  9729 thread.cpp:96] Thread 524299 construct Actor kNormalForward 1099534696448
I1013 11:56:56.938562  9728 naive_actor.cpp:25] actor 1099532599296 switch to &NaiveActor::HandlerNormal
I1013 11:56:56.939985  9729 runtime_context.cpp:29] DecreaseCounter constructing_actor_cnt, current val is 373
I1013 11:56:56.940002  9728 thread.cpp:96] Thread 524298 construct Actor kNormalForward 1099532599296
I1013 11:56:56.938580  9724 thread.cpp:96] Thread 524294 construct Actor kNormalForward 1099524210688
I1013 11:56:56.940084  9728 runtime_context.cpp:29] DecreaseCounter constructing_actor_cnt, current val is 372
I1013 11:56:56.938563  9722 naive_actor.cpp:25] actor 1099520016384 switch to &NaiveActor::HandlerNormal
I1013 11:56:56.940198  9722 thread.cpp:96] Thread 524292 construct Actor kNormalForward 1099520016384
I1013 11:56:56.938712  9720 naive_actor.cpp:25] actor 1099515822080 switch to &NaiveActor::HandlerNormal
I1013 11:56:56.940310  9720 thread.cpp:96] Thread 524290 construct Actor kNormalForward 1099515822080
I1013 11:56:56.938261  9731 thread.cpp:96] Thread 524301 construct Actor kForeignInput 1099538890752
I1013 11:56:56.940390  9720 runtime_context.cpp:29] DecreaseCounter constructing_actor_cnt, current val is 369
I1013 11:56:56.938271  9732 naive_actor.cpp:25] actor 1099540987904 switch to &NaiveActor::HandlerNormal
I1013 11:56:56.940446  9732 thread.cpp:96] Thread 524302 construct Actor kNormalForward 1099540987904
I1013 11:56:56.938789  9723 thread.cpp:96] Thread 524293 construct Actor kNormalForward 1099522113536
I1013 11:56:56.940503  9732 runtime_context.cpp:29] DecreaseCounter constructing_actor_cnt, current val is 367
I1013 11:56:56.938829  9739 naive_actor.cpp:25] actor 1099555667968 switch to &NaiveActor::HandlerNormal
I1013 11:56:56.940564  9723 runtime_context.cpp:29] DecreaseCounter constructing_actor_cnt, current val is 366
I1013 11:56:56.938303  9741 naive_actor.cpp:25] actor 1099559862272 switch to &NaiveActor::HandlerNormal
I1013 11:56:56.940663  9741 thread.cpp:96] Thread 524311 construct Actor kForeignOutput 1099559862272
I1013 11:56:56.938922  9736 naive_actor.cpp:25] actor 1099549376512 switch to &NaiveActor::HandlerNormal
I1013 11:56:56.940737  9741 runtime_context.cpp:29] DecreaseCounter constructing_actor_cnt, current val is 365
I1013 11:56:56.940754  9736 thread.cpp:96] Thread 524306 construct Actor kNormalForward 1099549376512
I1013 11:56:56.939076  9738 runtime_context.cpp:29] DecreaseCounter constructing_actor_cnt, current val is 378
I1013 11:56:56.939216  9750 runtime_context.cpp:29] DecreaseCounter constructing_actor_cnt, current val is 377
I1013 11:56:56.939287  9740 thread.cpp:96] Thread 524310 construct Actor kNormalForward 1099557765120
I1013 11:56:56.939455  9744 runtime_context.cpp:29] DecreaseCounter constructing_actor_cnt, current val is 376
I1013 11:56:56.939466  9719 naive_actor.cpp:25] actor 1099513724928 switch to &NaiveActor::HandlerNormal
I1013 11:56:56.941361  9719 thread.cpp:96] Thread 524289 construct Actor kNormalForward 1099513724928
I1013 11:56:56.939518  9742 thread.cpp:96] Thread 524337 construct Actor kTick 1099614388236
I1013 11:56:56.941466  9719 runtime_context.cpp:29] DecreaseCounter constructing_actor_cnt, current val is 362
I1013 11:56:56.939636  9725 runtime_context.cpp:29] DecreaseCounter constructing_actor_cnt, current val is 375
I1013 11:56:56.938551  9734 naive_actor.cpp:25] actor 1099545182208 switch to &NaiveActor::HandlerNormal
I1013 11:56:56.941573  9734 thread.cpp:96] Thread 524304 construct Actor kForeignInput 1099545182208
I1013 11:56:56.939806  9726 runtime_context.cpp:29] DecreaseCounter constructing_actor_cnt, current val is 374
I1013 11:56:56.941651  9734 runtime_context.cpp:29] DecreaseCounter constructing_actor_cnt, current val is 360
I1013 11:56:56.939860  9730 thread.cpp:96] Thread 524300 construct Actor kNormalForward 1099536793600
I1013 11:56:56.940147  9724 runtime_context.cpp:29] DecreaseCounter constructing_actor_cnt, current val is 371
I1013 11:56:56.941845  9730 runtime_context.cpp:29] DecreaseCounter constructing_actor_cnt, current val is 359
I1013 11:56:56.938665  9737 naive_actor.cpp:25] actor 1099551473664 switch to &NaiveActor::HandlerNormal
I1013 11:56:56.941943  9737 thread.cpp:96] Thread 524307 construct Actor kForeignInput 1099551473664
I1013 11:56:56.938735  9733 thread.cpp:96] Thread 524303 construct Actor kNormalForward 1099543085056
I1013 11:56:56.942065  9737 runtime_context.cpp:29] DecreaseCounter constructing_actor_cnt, current val is 358
I1013 11:56:56.940416  9731 runtime_context.cpp:29] DecreaseCounter constructing_actor_cnt, current val is 368
I1013 11:56:56.938853  9735 thread.cpp:96] Thread 524305 construct Actor kNormalForward 1099547279360
I1013 11:56:56.940580  9739 thread.cpp:96] Thread 524309 construct Actor kNormalForward 1099555667968
I1013 11:56:56.942281  9735 runtime_context.cpp:29] DecreaseCounter constructing_actor_cnt, current val is 356
I1013 11:56:56.942334  9739 runtime_context.cpp:29] DecreaseCounter constructing_actor_cnt, current val is 355
I1013 11:56:56.940840  9736 runtime_context.cpp:29] DecreaseCounter constructing_actor_cnt, current val is 364
I1013 11:56:56.941025  9750 naive_actor.cpp:25] actor 2199027449857 switch to &NaiveActor::HandlerNormal
I1013 11:56:56.942462  9750 thread.cpp:96] Thread 1048578 construct Actor kCopyHd 2199027449857
I1013 11:56:56.941054  9740 runtime_context.cpp:29] DecreaseCounter constructing_actor_cnt, current val is 363
I1013 11:56:56.939524  9746 naive_actor.cpp:25] actor 2199023255575 switch to &NaiveActor::HandlerNormal
I1013 11:56:56.941504  9742 runtime_context.cpp:29] DecreaseCounter constructing_actor_cnt, current val is 361
I1013 11:56:56.940310  9722 runtime_context.cpp:29] DecreaseCounter constructing_actor_cnt, current val is 370
I1013 11:56:56.942121  9733 runtime_context.cpp:29] DecreaseCounter constructing_actor_cnt, current val is 357
I1013 11:56:56.938879  9721 naive_actor.cpp:25] actor 1099517919232 switch to &NaiveActor::HandlerNormal
I1013 11:56:56.943028  9721 thread.cpp:96] Thread 524291 construct Actor kNormalForward 1099517919232
I1013 11:56:56.942497  9750 runtime_context.cpp:29] DecreaseCounter constructing_actor_cnt, current val is 354
I1013 11:56:56.943150  9721 runtime_context.cpp:29] DecreaseCounter constructing_actor_cnt, current val is 353
I1013 11:56:56.938189  9748 thread.cpp:96] Thread 1048577 construct Actor kCopyHd 2199025352708
I1013 11:56:56.942646  9746 thread.cpp:96] Thread 1048576 construct Actor kNormalForward 2199023255575
I1013 11:56:56.943179  9742 naive_actor.cpp:25] actor 1099614388224 switch to &NaiveActor::HandlerNormal
I1013 11:56:56.943255  9750 naive_actor.cpp:25] actor 2199027449856 switch to &NaiveActor::HandlerNormal
I1013 11:56:56.943397  9742 thread.cpp:96] Thread 524337 construct Actor kDeviceTick 1099614388224
I1013 11:56:56.943449  9750 thread.cpp:96] Thread 1048578 construct Actor kCopyHd 2199027449856
I1013 11:56:56.943533  9742 runtime_context.cpp:29] DecreaseCounter constructing_actor_cnt, current val is 350
I1013 11:56:56.943397  9746 runtime_context.cpp:29] DecreaseCounter constructing_actor_cnt, current val is 351
I1013 11:56:56.943297  9748 runtime_context.cpp:29] DecreaseCounter constructing_actor_cnt, current val is 352
I1013 11:56:56.943584  9750 runtime_context.cpp:29] DecreaseCounter constructing_actor_cnt, current val is 349
I1013 11:56:56.943589  9718 naive_actor.cpp:25] actor 1099511627776 switch to &NaiveActor::HandlerNormal
I1013 11:56:56.943759  9718 thread.cpp:96] Thread 524288 construct Actor kNormalForward 1099511627776
I1013 11:56:56.943761  9748 naive_actor.cpp:25] actor 2199025352706 switch to &NaiveActor::HandlerNormal
I1013 11:56:56.943897  9748 thread.cpp:96] Thread 1048577 construct Actor kCopyHd 2199025352706
I1013 11:56:56.943943  9748 runtime_context.cpp:29] DecreaseCounter constructing_actor_cnt, current val is 348
I1013 11:56:56.943954  9718 runtime_context.cpp:29] DecreaseCounter constructing_actor_cnt, current val is 347
I1013 11:56:56.944054  9748 naive_actor.cpp:25] actor 2199025352707 switch to &NaiveActor::HandlerNormal
I1013 11:56:56.944104  9748 thread.cpp:96] Thread 1048577 construct Actor kCopyHd 2199025352707
I1013 11:56:56.944059  9742 naive_actor.cpp:25] actor 1099614388237 switch to &NaiveActor::HandlerNormal
I1013 11:56:56.944149  9748 runtime_context.cpp:29] DecreaseCounter constructing_actor_cnt, current val is 346
I1013 11:56:56.944181  9742 thread.cpp:96] Thread 524337 construct Actor kDstSubsetTick 1099614388237
I1013 11:56:56.944263  9742 runtime_context.cpp:29] DecreaseCounter constructing_actor_cnt, current val is 345
I1013 11:56:56.944295  9748 naive_actor.cpp:25] actor 2199025352705 switch to &NaiveActor::HandlerNormal
I1013 11:56:56.944317  9748 thread.cpp:96] Thread 1048577 construct Actor kCopyHd 2199025352705
I1013 11:56:56.944355  9748 runtime_context.cpp:29] DecreaseCounter constructing_actor_cnt, current val is 344
I1013 11:56:56.944489  9748 naive_actor.cpp:25] actor 2199025352704 switch to &NaiveActor::HandlerNormal
I1013 11:56:56.944542  9748 thread.cpp:96] Thread 1048577 construct Actor kCopyHd 2199025352704
I1013 11:56:56.944582  9748 runtime_context.cpp:29] DecreaseCounter constructing_actor_cnt, current val is 343
I1013 11:56:56.944660  9742 naive_actor.cpp:25] actor 1099614388228 switch to &NaiveActor::HandlerNormal
I1013 11:56:56.944715  9742 thread.cpp:96] Thread 524337 construct Actor kTick 1099614388228
I1013 11:56:56.944726  9748 naive_actor.cpp:25] actor 2199025352709 switch to &NaiveActor::HandlerNormal
I1013 11:56:56.944756  9746 naive_actor.cpp:25] actor 2199023255574 switch to &NaiveActor::HandlerNormal
I1013 11:56:56.944797  9748 thread.cpp:96] Thread 1048577 construct Actor kCopyHd 2199025352709
I1013 11:56:56.944833  9746 thread.cpp:96] Thread 1048576 construct Actor kNormalForward 2199023255574
I1013 11:56:56.944797  9742 runtime_context.cpp:29] DecreaseCounter constructing_actor_cnt, current val is 342
I1013 11:56:56.944866  9748 runtime_context.cpp:29] DecreaseCounter constructing_actor_cnt, current val is 341
I1013 11:56:56.944917  9746 runtime_context.cpp:29] DecreaseCounter constructing_actor_cnt, current val is 340
I1013 11:56:56.945032  9748 naive_actor.cpp:25] actor 2199025352710 switch to &NaiveActor::HandlerNormal
I1013 11:56:56.945076  9748 thread.cpp:96] Thread 1048577 construct Actor kCopyHd 2199025352710
I1013 11:56:56.945118  9748 runtime_context.cpp:29] DecreaseCounter constructing_actor_cnt, current val is 339
I1013 11:56:56.945192  9742 naive_actor.cpp:25] actor 1099614388238 switch to &NaiveActor::HandlerNormal
I1013 11:56:56.945246  9742 thread.cpp:96] Thread 524337 construct Actor kTick 1099614388238
I1013 11:56:56.945294  9746 naive_actor.cpp:25] actor 2199023255557 switch to &NaiveActor::HandlerNormal
I1013 11:56:56.945307  9742 runtime_context.cpp:29] DecreaseCounter constructing_actor_cnt, current val is 338
I1013 11:56:56.945334  9746 thread.cpp:96] Thread 1048576 construct Actor kNormalForward 2199023255557
I1013 11:56:56.945590  9746 runtime_context.cpp:29] DecreaseCounter constructing_actor_cnt, current val is 337
I1013 11:56:56.945688  9742 naive_actor.cpp:25] actor 1099614388232 switch to &NaiveActor::HandlerNormal
I1013 11:56:56.945741  9742 thread.cpp:96] Thread 524337 construct Actor kTick 1099614388232
I1013 11:56:56.945817  9742 runtime_context.cpp:29] DecreaseCounter constructing_actor_cnt, current val is 336
I1013 11:56:56.946121  9742 naive_actor.cpp:25] actor 1099614388225 switch to &NaiveActor::HandlerNormal
I1013 11:56:56.946174  9742 thread.cpp:96] Thread 524337 construct Actor kSrcSubsetTick 1099614388225
I1013 11:56:56.946250  9742 runtime_context.cpp:29] DecreaseCounter constructing_actor_cnt, current val is 335
I1013 11:56:56.946593  9746 naive_actor.cpp:25] actor 2199023255592 switch to &NaiveActor::HandlerNormal
I1013 11:56:56.946658  9746 thread.cpp:96] Thread 1048576 construct Actor kNormalForward 2199023255592
I1013 11:56:56.946734  9746 runtime_context.cpp:29] DecreaseCounter constructing_actor_cnt, current val is 334
I1013 11:56:56.946767  9742 esac_actor.cpp:73] actor 1099614388321 switch to &EsacActor::HandlerNormal
I1013 11:56:56.946820  9742 thread.cpp:96] Thread 524337 construct Actor kEsac 1099614388321
I1013 11:56:56.946900  9742 runtime_context.cpp:29] DecreaseCounter constructing_actor_cnt, current val is 333
I1013 11:56:56.947265  9742 naive_actor.cpp:25] actor 1099614388229 switch to &NaiveActor::HandlerNormal
I1013 11:56:56.947321  9742 thread.cpp:96] Thread 524337 construct Actor kDstSubsetTick 1099614388229
I1013 11:56:56.947400  9742 runtime_context.cpp:29] DecreaseCounter constructing_actor_cnt, current val is 332
I1013 11:56:56.947652  9746 naive_actor.cpp:25] actor 2199023255559 switch to &NaiveActor::HandlerNormal
I1013 11:56:56.947710  9746 thread.cpp:96] Thread 1048576 construct Actor kNormalForward 2199023255559
I1013 11:56:56.947763  9742 naive_actor.cpp:25] actor 1099614388231 switch to &NaiveActor::HandlerNormal
I1013 11:56:56.947778  9746 runtime_context.cpp:29] DecreaseCounter constructing_actor_cnt, current val is 331
I1013 11:56:56.947803  9742 thread.cpp:96] Thread 524337 construct Actor kTick 1099614388231
I1013 11:56:56.947902  9742 runtime_context.cpp:29] DecreaseCounter constructing_actor_cnt, current val is 330
I1013 11:56:56.948205  9742 naive_actor.cpp:25] actor 1099614388239 switch to &NaiveActor::HandlerNormal
I1013 11:56:56.948256  9742 thread.cpp:96] Thread 524337 construct Actor kTick 1099614388239
I1013 11:56:56.948325  9742 runtime_context.cpp:29] DecreaseCounter constructing_actor_cnt, current val is 329
I1013 11:56:56.948593  9746 naive_actor.cpp:25] actor 2199023255565 switch to &NaiveActor::HandlerNormal
I1013 11:56:56.948647  9746 thread.cpp:96] Thread 1048576 construct Actor kNormalForward 2199023255565
I1013 11:56:56.948648  9742 naive_actor.cpp:25] actor 1099614388230 switch to &NaiveActor::HandlerNormal
I1013 11:56:56.948714  9742 thread.cpp:96] Thread 524337 construct Actor kTick 1099614388230
I1013 11:56:56.948726  9746 runtime_context.cpp:29] DecreaseCounter constructing_actor_cnt, current val is 328
I1013 11:56:56.948768  9742 runtime_context.cpp:29] DecreaseCounter constructing_actor_cnt, current val is 327
I1013 11:56:56.949052  9742 naive_actor.cpp:25] actor 1099614388234 switch to &NaiveActor::HandlerNormal
I1013 11:56:56.949105  9742 thread.cpp:96] Thread 524337 construct Actor kSrcSubsetTick 1099614388234
I1013 11:56:56.949162  9742 runtime_context.cpp:29] DecreaseCounter constructing_actor_cnt, current val is 326
I1013 11:56:56.949496  9746 naive_actor.cpp:25] actor 2199023255556 switch to &NaiveActor::HandlerNormal
I1013 11:56:56.949551  9746 thread.cpp:96] Thread 1048576 construct Actor kNormalForward 2199023255556
I1013 11:56:56.949623  9746 runtime_context.cpp:29] DecreaseCounter constructing_actor_cnt, current val is 325
I1013 11:56:56.949702  9742 esac_actor.cpp:73] actor 1099614388313 switch to &EsacActor::HandlerNormal
I1013 11:56:56.949754  9742 thread.cpp:96] Thread 524337 construct Actor kEsac 1099614388313
I1013 11:56:56.949925  9742 runtime_context.cpp:29] DecreaseCounter constructing_actor_cnt, current val is 324
I1013 11:56:56.949950  9746 naive_actor.cpp:25] actor 2199023255586 switch to &NaiveActor::HandlerNormal
I1013 11:56:56.950013  9746 thread.cpp:96] Thread 1048576 construct Actor kNormalForward 2199023255586
I1013 11:56:56.950088  9746 runtime_context.cpp:29] DecreaseCounter constructing_actor_cnt, current val is 323
I1013 11:56:56.950281  9742 naive_actor.cpp:25] actor 1099614388241 switch to &NaiveActor::HandlerNormal
I1013 11:56:56.950335  9742 thread.cpp:96] Thread 524337 construct Actor kDeviceTick 1099614388241
I1013 11:56:56.950392  9742 runtime_context.cpp:29] DecreaseCounter constructing_actor_cnt, current val is 322
I1013 11:56:56.950388  9746 naive_actor.cpp:25] actor 2199023255566 switch to &NaiveActor::HandlerNormal
I1013 11:56:56.950479  9746 thread.cpp:96] Thread 1048576 construct Actor kNormalForward 2199023255566
I1013 11:56:56.950543  9746 runtime_context.cpp:29] DecreaseCounter constructing_actor_cnt, current val is 321
I1013 11:56:56.950727  9742 naive_actor.cpp:25] actor 1099614388242 switch to &NaiveActor::HandlerNormal
I1013 11:56:56.950780  9742 thread.cpp:96] Thread 524337 construct Actor kSrcSubsetTick 1099614388242
I1013 11:56:56.950851  9742 runtime_context.cpp:29] DecreaseCounter constructing_actor_cnt, current val is 320
I1013 11:56:56.951150  9742 naive_actor.cpp:25] actor 1099614388245 switch to &NaiveActor::HandlerNormal
I1013 11:56:56.951201  9742 thread.cpp:96] Thread 524337 construct Actor kTick 1099614388245
I1013 11:56:56.951257  9742 runtime_context.cpp:29] DecreaseCounter constructing_actor_cnt, current val is 319
I1013 11:56:56.951268  9746 naive_actor.cpp:25] actor 2199023255580 switch to &NaiveActor::HandlerNormal
I1013 11:56:56.951318  9746 thread.cpp:96] Thread 1048576 construct Actor kNormalForward 2199023255580
I1013 11:56:56.951398  9746 runtime_context.cpp:29] DecreaseCounter constructing_actor_cnt, current val is 318
I1013 11:56:56.951593  9742 naive_actor.cpp:25] actor 1099614388240 switch to &NaiveActor::HandlerNormal
I1013 11:56:56.951647  9742 thread.cpp:96] Thread 524337 construct Actor kTick 1099614388240
I1013 11:56:56.951717  9742 runtime_context.cpp:29] DecreaseCounter constructing_actor_cnt, current val is 317
I1013 11:56:56.951725  9746 naive_actor.cpp:25] actor 2199023255576 switch to &NaiveActor::HandlerNormal
I1013 11:56:56.951786  9746 thread.cpp:96] Thread 1048576 construct Actor kNormalForward 2199023255576
I1013 11:56:56.951859  9746 runtime_context.cpp:29] DecreaseCounter constructing_actor_cnt, current val is 316
I1013 11:56:56.952096  9742 naive_actor.cpp:25] actor 1099614388246 switch to &NaiveActor::HandlerNormal
I1013 11:56:56.952148  9742 thread.cpp:96] Thread 524337 construct Actor kDstSubsetTick 1099614388246
I1013 11:56:56.952212  9742 runtime_context.cpp:29] DecreaseCounter constructing_actor_cnt, current val is 315
I1013 11:56:56.952530  9742 naive_actor.cpp:25] actor 1099614388248 switch to &NaiveActor::HandlerNormal
I1013 11:56:56.952581  9742 thread.cpp:96] Thread 524337 construct Actor kTick 1099614388248
I1013 11:56:56.952589  9746 naive_actor.cpp:25] actor 2199023255570 switch to &NaiveActor::HandlerNormal
I1013 11:56:56.952644  9746 thread.cpp:96] Thread 1048576 construct Actor kNormalForward 2199023255570
I1013 11:56:56.952652  9742 runtime_context.cpp:29] DecreaseCounter constructing_actor_cnt, current val is 314
I1013 11:56:56.952713  9746 runtime_context.cpp:29] DecreaseCounter constructing_actor_cnt, current val is 313
I1013 11:56:56.952955  9742 naive_actor.cpp:25] actor 1099614388247 switch to &NaiveActor::HandlerNormal
I1013 11:56:56.953008  9742 thread.cpp:96] Thread 524337 construct Actor kTick 1099614388247
I1013 11:56:56.953078  9742 runtime_context.cpp:29] DecreaseCounter constructing_actor_cnt, current val is 312
I1013 11:56:56.953359  9742 naive_actor.cpp:25] actor 1099614388249 switch to &NaiveActor::HandlerNormal
I1013 11:56:56.953410  9742 thread.cpp:96] Thread 524337 construct Actor kTick 1099614388249
I1013 11:56:56.953541  9746 naive_actor.cpp:25] actor 2199023255564 switch to &NaiveActor::HandlerNormal
I1013 11:56:56.953580  9746 thread.cpp:96] Thread 1048576 construct Actor kNormalForward 2199023255564
I1013 11:56:56.953562  9742 runtime_context.cpp:29] DecreaseCounter constructing_actor_cnt, current val is 311
I1013 11:56:56.953685  9746 runtime_context.cpp:29] DecreaseCounter constructing_actor_cnt, current val is 310
I1013 11:56:56.953933  9742 naive_actor.cpp:25] actor 1099614388315 switch to &NaiveActor::HandlerNormal
I1013 11:56:56.953986  9742 thread.cpp:96] Thread 524337 construct Actor kTick 1099614388315
I1013 11:56:56.954046  9742 runtime_context.cpp:29] DecreaseCounter constructing_actor_cnt, current val is 309
I1013 11:56:56.954339  9742 naive_actor.cpp:25] actor 1099614388250 switch to &NaiveActor::HandlerNormal
I1013 11:56:56.954389  9742 thread.cpp:96] Thread 524337 construct Actor kDeviceTick 1099614388250
I1013 11:56:56.954458  9742 runtime_context.cpp:29] DecreaseCounter constructing_actor_cnt, current val is 308
I1013 11:56:56.954494  9746 naive_actor.cpp:25] actor 2199023255562 switch to &NaiveActor::HandlerNormal
I1013 11:56:56.954550  9746 thread.cpp:96] Thread 1048576 construct Actor kNormalForward 2199023255562
I1013 11:56:56.954634  9746 runtime_context.cpp:29] DecreaseCounter constructing_actor_cnt, current val is 307
I1013 11:56:56.954788  9742 naive_actor.cpp:25] actor 1099614388251 switch to &NaiveActor::HandlerNormal
I1013 11:56:56.954840  9742 thread.cpp:96] Thread 524337 construct Actor kSrcSubsetTick 1099614388251
I1013 11:56:56.954900  9742 runtime_context.cpp:29] DecreaseCounter constructing_actor_cnt, current val is 306
I1013 11:56:56.955197  9742 naive_actor.cpp:25] actor 1099614388254 switch to &NaiveActor::HandlerNormal
I1013 11:56:56.955250  9742 thread.cpp:96] Thread 524337 construct Actor kTick 1099614388254
I1013 11:56:56.955304  9742 runtime_context.cpp:29] DecreaseCounter constructing_actor_cnt, current val is 305
I1013 11:56:56.955502  9746 naive_actor.cpp:25] actor 2199023255584 switch to &NaiveActor::HandlerNormal
I1013 11:56:56.955555  9746 thread.cpp:96] Thread 1048576 construct Actor kNormalForward 2199023255584
I1013 11:56:56.955611  9742 naive_actor.cpp:25] actor 1099614388257 switch to &NaiveActor::HandlerNormal
I1013 11:56:56.955623  9746 runtime_context.cpp:29] DecreaseCounter constructing_actor_cnt, current val is 304
I1013 11:56:56.955648  9742 thread.cpp:96] Thread 524337 construct Actor kTick 1099614388257
I1013 11:56:56.955726  9742 runtime_context.cpp:29] DecreaseCounter constructing_actor_cnt, current val is 303
I1013 11:56:56.956094  9742 naive_actor.cpp:25] actor 1099614388255 switch to &NaiveActor::HandlerNormal
I1013 11:56:56.956147  9742 thread.cpp:96] Thread 524337 construct Actor kDstSubsetTick 1099614388255
I1013 11:56:56.956239  9742 runtime_context.cpp:29] DecreaseCounter constructing_actor_cnt, current val is 302
I1013 11:56:56.956460  9746 naive_actor.cpp:25] actor 2199023255626 switch to &NaiveActor::HandlerNormal
I1013 11:56:56.956514  9746 thread.cpp:96] Thread 1048576 construct Actor kNormalForward 2199023255626
I1013 11:56:56.956563  9742 naive_actor.cpp:25] actor 1099614388256 switch to &NaiveActor::HandlerNormal
I1013 11:56:56.956583  9746 runtime_context.cpp:29] DecreaseCounter constructing_actor_cnt, current val is 301
I1013 11:56:56.956600  9742 thread.cpp:96] Thread 524337 construct Actor kTick 1099614388256
I1013 11:56:56.956679  9742 runtime_context.cpp:29] DecreaseCounter constructing_actor_cnt, current val is 300
I1013 11:56:56.956897  9746 naive_actor.cpp:25] actor 2199023255561 switch to &NaiveActor::HandlerNormal
I1013 11:56:56.956948  9746 thread.cpp:96] Thread 1048576 construct Actor kNormalForward 2199023255561
I1013 11:56:56.956995  9742 naive_actor.cpp:25] actor 1099614388258 switch to &NaiveActor::HandlerNormal
I1013 11:56:56.957006  9746 runtime_context.cpp:29] DecreaseCounter constructing_actor_cnt, current val is 299
I1013 11:56:56.957031  9742 thread.cpp:96] Thread 524337 construct Actor kTick 1099614388258
I1013 11:56:56.957197  9742 runtime_context.cpp:29] DecreaseCounter constructing_actor_cnt, current val is 298
I1013 11:56:56.957528  9742 naive_actor.cpp:25] actor 1099614388311 switch to &NaiveActor::HandlerNormal
I1013 11:56:56.957581  9742 thread.cpp:96] Thread 524337 construct Actor kTick 1099614388311
I1013 11:56:56.957649  9742 runtime_context.cpp:29] DecreaseCounter constructing_actor_cnt, current val is 297
I1013 11:56:56.957883  9746 naive_actor.cpp:25] actor 2199023255558 switch to &NaiveActor::HandlerNormal
I1013 11:56:56.957948  9746 thread.cpp:96] Thread 1048576 construct Actor kNormalForward 2199023255558
I1013 11:56:56.957965  9742 naive_actor.cpp:25] actor 1099614388260 switch to &NaiveActor::HandlerNormal
I1013 11:56:56.958005  9742 thread.cpp:96] Thread 524337 construct Actor kSrcSubsetTick 1099614388260
I1013 11:56:56.958034  9746 runtime_context.cpp:29] DecreaseCounter constructing_actor_cnt, current val is 296
I1013 11:56:56.958056  9742 runtime_context.cpp:29] DecreaseCounter constructing_actor_cnt, current val is 295
I1013 11:56:56.958341  9746 naive_actor.cpp:25] actor 2199023255553 switch to &NaiveActor::HandlerNormal
I1013 11:56:56.958346  9742 naive_actor.cpp:25] actor 1099614388263 switch to &NaiveActor::HandlerNormal
I1013 11:56:56.958392  9746 thread.cpp:96] Thread 1048576 construct Actor kNormalForward 2199023255553
I1013 11:56:56.958418  9742 thread.cpp:96] Thread 524337 construct Actor kTick 1099614388263
I1013 11:56:56.958503  9746 runtime_context.cpp:29] DecreaseCounter constructing_actor_cnt, current val is 294
I1013 11:56:56.958513  9742 runtime_context.cpp:29] DecreaseCounter constructing_actor_cnt, current val is 293
I1013 11:56:56.958803  9746 naive_actor.cpp:25] actor 2199023255583 switch to &NaiveActor::HandlerNormal
I1013 11:56:56.958803  9742 naive_actor.cpp:25] actor 1099614388259 switch to &NaiveActor::HandlerNormal
I1013 11:56:56.958861  9746 thread.cpp:96] Thread 1048576 construct Actor kNormalForward 2199023255583
I1013 11:56:56.958887  9742 thread.cpp:96] Thread 524337 construct Actor kDeviceTick 1099614388259
I1013 11:56:56.958966  9746 runtime_context.cpp:29] DecreaseCounter constructing_actor_cnt, current val is 292
I1013 11:56:56.958977  9742 runtime_context.cpp:29] DecreaseCounter constructing_actor_cnt, current val is 291
I1013 11:56:56.959233  9746 naive_actor.cpp:25] actor 2199023255581 switch to &NaiveActor::HandlerNormal
I1013 11:56:56.959283  9746 thread.cpp:96] Thread 1048576 construct Actor kNormalForward 2199023255581
I1013 11:56:56.959283  9742 naive_actor.cpp:25] actor 1099614388266 switch to &NaiveActor::HandlerNormal
I1013 11:56:56.959347  9742 thread.cpp:96] Thread 524337 construct Actor kTick 1099614388266
I1013 11:56:56.959357  9746 runtime_context.cpp:29] DecreaseCounter constructing_actor_cnt, current val is 290
I1013 11:56:56.959398  9742 runtime_context.cpp:29] DecreaseCounter constructing_actor_cnt, current val is 289
I1013 11:56:56.959630  9746 naive_actor.cpp:25] actor 2199023255573 switch to &NaiveActor::HandlerNormal
I1013 11:56:56.959678  9746 thread.cpp:96] Thread 1048576 construct Actor kNormalForward 2199023255573
I1013 11:56:56.959705  9742 naive_actor.cpp:25] actor 1099614388265 switch to &NaiveActor::HandlerNormal
I1013 11:56:56.959736  9742 thread.cpp:96] Thread 524337 construct Actor kTick 1099614388265
I1013 11:56:56.959743  9746 runtime_context.cpp:29] DecreaseCounter constructing_actor_cnt, current val is 288
I1013 11:56:56.959789  9742 runtime_context.cpp:29] DecreaseCounter constructing_actor_cnt, current val is 287
I1013 11:56:56.960132  9742 naive_actor.cpp:25] actor 1099614388264 switch to &NaiveActor::HandlerNormal
I1013 11:56:56.960182  9742 thread.cpp:96] Thread 524337 construct Actor kDstSubsetTick 1099614388264
I1013 11:56:56.960244  9742 runtime_context.cpp:29] DecreaseCounter constructing_actor_cnt, current val is 286
I1013 11:56:56.960461  9746 naive_actor.cpp:25] actor 2199023255625 switch to &NaiveActor::HandlerNormal
I1013 11:56:56.960511  9746 thread.cpp:96] Thread 1048576 construct Actor kNormalForward 2199023255625
I1013 11:56:56.960566  9742 naive_actor.cpp:25] actor 1099614388312 switch to &NaiveActor::HandlerNormal
I1013 11:56:56.960686  9742 thread.cpp:96] Thread 524337 construct Actor kTick 1099614388312
I1013 11:56:56.960705  9746 runtime_context.cpp:29] DecreaseCounter constructing_actor_cnt, current val is 285
I1013 11:56:56.960738  9742 runtime_context.cpp:29] DecreaseCounter constructing_actor_cnt, current val is 284
I1013 11:56:56.961024  9742 naive_actor.cpp:25] actor 1099614388319 switch to &NaiveActor::HandlerNormal
I1013 11:56:56.961076  9742 thread.cpp:96] Thread 524337 construct Actor kTick 1099614388319
I1013 11:56:56.961145  9742 runtime_context.cpp:29] DecreaseCounter constructing_actor_cnt, current val is 283
I1013 11:56:56.961439  9742 naive_actor.cpp:25] actor 1099614388268 switch to &NaiveActor::HandlerNormal
I1013 11:56:56.961483  9746 naive_actor.cpp:25] actor 2199023255587 switch to &NaiveActor::HandlerNormal
I1013 11:56:56.961488  9742 thread.cpp:96] Thread 524337 construct Actor kSrcSubsetTick 1099614388268
I1013 11:56:56.961519  9746 thread.cpp:96] Thread 1048576 construct Actor kNormalForward 2199023255587
I1013 11:56:56.961577  9742 runtime_context.cpp:29] DecreaseCounter constructing_actor_cnt, current val is 282
I1013 11:56:56.961607  9746 runtime_context.cpp:29] DecreaseCounter constructing_actor_cnt, current val is 281
I1013 11:56:56.961843  9742 naive_actor.cpp:25] actor 1099614388282 switch to &NaiveActor::HandlerNormal
I1013 11:56:56.961892  9742 thread.cpp:96] Thread 524337 construct Actor kTick 1099614388282
I1013 11:56:56.961948  9742 runtime_context.cpp:29] DecreaseCounter constructing_actor_cnt, current val is 280
I1013 11:56:56.962227  9742 naive_actor.cpp:25] actor 1099614388277 switch to &NaiveActor::HandlerNormal
I1013 11:56:56.962276  9742 thread.cpp:96] Thread 524337 construct Actor kSrcSubsetTick 1099614388277
I1013 11:56:56.962330  9742 runtime_context.cpp:29] DecreaseCounter constructing_actor_cnt, current val is 279
I1013 11:56:56.962438  9746 naive_actor.cpp:25] actor 2199023255567 switch to &NaiveActor::HandlerNormal
I1013 11:56:56.962489  9746 thread.cpp:96] Thread 1048576 construct Actor kNormalForward 2199023255567
I1013 11:56:56.962566  9746 runtime_context.cpp:29] DecreaseCounter constructing_actor_cnt, current val is 278
I1013 11:56:56.962636  9742 naive_actor.cpp:25] actor 1099614388267 switch to &NaiveActor::HandlerNormal
I1013 11:56:56.962684  9742 thread.cpp:96] Thread 524337 construct Actor kDeviceTick 1099614388267
I1013 11:56:56.962750  9742 runtime_context.cpp:29] DecreaseCounter constructing_actor_cnt, current val is 277
I1013 11:56:56.962880  9746 naive_actor.cpp:25] actor 2199023255591 switch to &NaiveActor::HandlerNormal
I1013 11:56:56.962929  9746 thread.cpp:96] Thread 1048576 construct Actor kNormalForward 2199023255591
I1013 11:56:56.962997  9746 runtime_context.cpp:29] DecreaseCounter constructing_actor_cnt, current val is 276
I1013 11:56:56.963055  9742 naive_actor.cpp:25] actor 1099614388273 switch to &NaiveActor::HandlerNormal
I1013 11:56:56.963104  9742 thread.cpp:96] Thread 524337 construct Actor kTick 1099614388273
I1013 11:56:56.963156  9742 runtime_context.cpp:29] DecreaseCounter constructing_actor_cnt, current val is 275
I1013 11:56:56.963414  9742 naive_actor.cpp:25] actor 1099614388281 switch to &NaiveActor::HandlerNormal
I1013 11:56:56.963472  9742 thread.cpp:96] Thread 524337 construct Actor kTick 1099614388281
I1013 11:56:56.963524  9742 runtime_context.cpp:29] DecreaseCounter constructing_actor_cnt, current val is 274
I1013 11:56:56.963649  9746 naive_actor.cpp:25] actor 2199023255585 switch to &NaiveActor::HandlerNormal
I1013 11:56:56.963701  9746 thread.cpp:96] Thread 1048576 construct Actor kNormalForward 2199023255585
I1013 11:56:56.963773  9746 runtime_context.cpp:29] DecreaseCounter constructing_actor_cnt, current val is 273
I1013 11:56:56.963858  9742 naive_actor.cpp:25] actor 1099614388280 switch to &NaiveActor::HandlerNormal
I1013 11:56:56.963908  9742 thread.cpp:96] Thread 524337 construct Actor kDstSubsetTick 1099614388280
I1013 11:56:56.964044  9742 runtime_context.cpp:29] DecreaseCounter constructing_actor_cnt, current val is 272
I1013 11:56:56.964373  9742 naive_actor.cpp:25] actor 1099614388272 switch to &NaiveActor::HandlerNormal
I1013 11:56:56.964422  9742 thread.cpp:96] Thread 524337 construct Actor kDstSubsetTick 1099614388272
I1013 11:56:56.964489  9746 naive_actor.cpp:25] actor 2199023255633 switch to &NaiveActor::HandlerNormal
I1013 11:56:56.964490  9742 runtime_context.cpp:29] DecreaseCounter constructing_actor_cnt, current val is 271
I1013 11:56:56.964530  9746 thread.cpp:96] Thread 1048576 construct Actor kNormalForward 2199023255633
I1013 11:56:56.964619  9746 runtime_context.cpp:29] DecreaseCounter constructing_actor_cnt, current val is 270
I1013 11:56:56.964812  9742 naive_actor.cpp:25] actor 1099614388274 switch to &NaiveActor::HandlerNormal
I1013 11:56:56.964860  9742 thread.cpp:96] Thread 524337 construct Actor kTick 1099614388274
I1013 11:56:56.964926  9742 runtime_context.cpp:29] DecreaseCounter constructing_actor_cnt, current val is 269
I1013 11:56:56.965204  9742 naive_actor.cpp:25] actor 1099614388275 switch to &NaiveActor::HandlerNormal
I1013 11:56:56.965253  9742 thread.cpp:96] Thread 524337 construct Actor kTick 1099614388275
I1013 11:56:56.965310  9742 runtime_context.cpp:29] DecreaseCounter constructing_actor_cnt, current val is 268
I1013 11:56:56.965374  9746 naive_actor.cpp:25] actor 2199023255582 switch to &NaiveActor::HandlerNormal
I1013 11:56:56.965423  9746 thread.cpp:96] Thread 1048576 construct Actor kNormalForward 2199023255582
I1013 11:56:56.965504  9746 runtime_context.cpp:29] DecreaseCounter constructing_actor_cnt, current val is 267
I1013 11:56:56.965620  9742 naive_actor.cpp:25] actor 1099614388279 switch to &NaiveActor::HandlerNormal
I1013 11:56:56.965667  9742 thread.cpp:96] Thread 524337 construct Actor kTick 1099614388279
I1013 11:56:56.965732  9742 runtime_context.cpp:29] DecreaseCounter constructing_actor_cnt, current val is 266
I1013 11:56:56.966006  9742 naive_actor.cpp:25] actor 1099614388271 switch to &NaiveActor::HandlerNormal
I1013 11:56:56.966056  9742 thread.cpp:96] Thread 524337 construct Actor kTick 1099614388271
I1013 11:56:56.966107  9742 runtime_context.cpp:29] DecreaseCounter constructing_actor_cnt, current val is 265
I1013 11:56:56.966265  9746 naive_actor.cpp:25] actor 2199023255555 switch to &NaiveActor::HandlerNormal
I1013 11:56:56.966320  9746 thread.cpp:96] Thread 1048576 construct Actor kNormalForward 2199023255555
I1013 11:56:56.966383  9746 runtime_context.cpp:29] DecreaseCounter constructing_actor_cnt, current val is 264
I1013 11:56:56.966387  9742 naive_actor.cpp:25] actor 1099614388301 switch to &NaiveActor::HandlerNormal
I1013 11:56:56.966457  9742 thread.cpp:96] Thread 524337 construct Actor kTick 1099614388301
I1013 11:56:56.966540  9742 runtime_context.cpp:29] DecreaseCounter constructing_actor_cnt, current val is 263
I1013 11:56:56.966820  9742 naive_actor.cpp:25] actor 1099614388291 switch to &NaiveActor::HandlerNormal
I1013 11:56:56.966871  9742 thread.cpp:96] Thread 524337 construct Actor kTick 1099614388291
I1013 11:56:56.966936  9742 runtime_context.cpp:29] DecreaseCounter constructing_actor_cnt, current val is 262
I1013 11:56:56.967211  9746 naive_actor.cpp:25] actor 2199023255602 switch to &NaiveActor::HandlerNormal
I1013 11:56:56.967217  9742 naive_actor.cpp:25] actor 1099614388289 switch to &NaiveActor::HandlerNormal
I1013 11:56:56.967263  9746 thread.cpp:96] Thread 1048576 construct Actor kNormalForward 2199023255602
I1013 11:56:56.967288  9742 thread.cpp:96] Thread 524337 construct Actor kTick 1099614388289
I1013 11:56:56.967370  9746 runtime_context.cpp:29] DecreaseCounter constructing_actor_cnt, current val is 261
I1013 11:56:56.967373  9742 runtime_context.cpp:29] DecreaseCounter constructing_actor_cnt, current val is 260
I1013 11:56:56.967651  9746 naive_actor.cpp:25] actor 2199023255588 switch to &NaiveActor::HandlerNormal
I1013 11:56:56.967679  9742 naive_actor.cpp:25] actor 1099614388286 switch to &NaiveActor::HandlerNormal
I1013 11:56:56.967701  9746 thread.cpp:96] Thread 1048576 construct Actor kNormalForward 2199023255588
I1013 11:56:56.967801  9742 thread.cpp:96] Thread 524337 construct Actor kTick 1099614388286
I1013 11:56:56.967859  9746 runtime_context.cpp:29] DecreaseCounter constructing_actor_cnt, current val is 259
I1013 11:56:56.967908  9742 runtime_context.cpp:29] DecreaseCounter constructing_actor_cnt, current val is 258
I1013 11:56:56.968189  9742 naive_actor.cpp:25] actor 1099614388296 switch to &NaiveActor::HandlerNormal
I1013 11:56:56.968236  9742 thread.cpp:96] Thread 524337 construct Actor kTick 1099614388296
I1013 11:56:56.968288  9742 runtime_context.cpp:29] DecreaseCounter constructing_actor_cnt, current val is 257
