Log file created at: 2021/10/14 10:14:50
Running on machine: oneflow-14
Log line format: [IWEF]mmdd hh:mm:ss.uuuuuu threadid file:line] msg
I1014 10:14:50.626751 33383 global.h:36] NewGlobal 14cudaDeviceProp
I1014 10:14:50.627648 33383 global.h:36] NewGlobal N7oneflow7EnvDescE
I1014 10:14:50.627665 33383 global.h:36] NewGlobal N7oneflow10ProcessCtxE
I1014 10:14:50.627672 33383 env_global_objects_scope.cpp:152] using rpc backend: local
I1014 10:14:50.627684 33383 global.h:36] NewGlobal N7oneflow12ResourceDescE
I1014 10:14:50.627692 33383 global.h:36] NewGlobal N7oneflow12ResourceDescE
I1014 10:14:50.697124 33383 global.h:36] NewGlobal N7oneflow10ThreadPoolE
I1014 10:14:50.698618 33383 global.h:36] NewGlobal N7oneflow16EagerNcclCommMgrE
I1014 10:14:50.698640 33383 global.h:36] NewGlobal N7oneflow18CudnnConvAlgoCacheE
I1014 10:14:50.698652 33383 global.h:36] NewGlobal N7oneflow2vm19VirtualMachineScopeE
I1014 10:14:50.698662 33383 global.h:36] NewGlobal N7oneflow9OneflowVME
I1014 10:14:50.699738 33383 oneflow_vm.cpp:75] transport stream type: N7oneflow2vm13CpuStreamTypeE
I1014 10:14:50.699760 33383 oneflow_vm.cpp:75] transport stream type: N7oneflow2vm14CudaStreamTypeE
I1014 10:14:50.699770 33383 oneflow_vm.cpp:75] transport stream type: N7oneflow2vm19AsyncCudaStreamTypeE
I1014 10:14:50.699954 33383 global.h:36] NewGlobal N7oneflow27EagerJobBuildAndInferCtxMgrE
I1014 10:14:50.699970 33383 global.h:36] NewGlobal N7oneflow12EpollCommNetE
I1014 10:14:50.700103 33383 epoll_comm_network.cpp:63] CommNet:Epoll listening on 0.0.0.0:43113
I1014 10:14:50.700139 33383 epoll_comm_network.cpp:197] machine 0 sockfd -1
I1014 10:14:50.700268 33383 global.h:36] NewGlobal N7oneflow9TransportE
I1014 10:14:50.701808 33383 global.h:43] DeleteGlobal N7oneflow12ResourceDescE
I1014 10:14:50.701841 33383 version.cpp:22] OneFlow git version: b295ca2324
I1014 10:14:50.701860 33383 device_register_gpu.cpp:56] CUDA runtime version: 11.2
I1014 10:14:50.701891 33383 device_register_gpu.cpp:65] cuDNN version: 8.1.1
I1014 10:14:50.701905 33383 device_register_gpu.cpp:78] NCCL version: 2.9.8
I1014 10:14:50.701913 33383 global.h:36] NewGlobal N7oneflow12ResourceDescE
I1014 10:14:50.701922 33383 global.h:36] NewGlobal N7oneflow5IDMgrE
I1014 10:14:50.701931 33383 global.h:36] NewGlobal N7oneflow16AvailableMemDescE
I1014 10:14:50.701958 33383 global.h:36] NewGlobal St13unordered_mapISslSt4hashISsESt8equal_toISsESaISt4pairIKSslEEE
I1014 10:14:50.701967 33383 global.h:36] NewGlobal N7oneflow19CriticalSectionDescE
I1014 10:14:50.701975 33383 global.h:36] NewGlobal N7oneflow16InterUserJobInfoE
I1014 10:14:50.701985 33383 global.h:36] NewGlobal N7oneflow26LazyJobBuildAndInferCtxMgrE
I1014 10:14:50.701993 33383 global.h:36] NewGlobal N7oneflow16JobSetCompileCtxE
I1014 10:14:50.702003 33383 global.h:36] NewGlobal N7oneflow26RuntimeBufferManagersScopeE
I1014 10:14:50.702010 33383 global.h:36] NewGlobal N7oneflow9BufferMgrIlEE
I1014 10:14:50.702018 33383 global.h:36] NewGlobal N7oneflow9BufferMgrISt10shared_ptrINS_11JobInstanceEEEE
I1014 10:14:50.702025 33383 global.h:36] NewGlobal N7oneflow10RuntimeCtxE
I1014 10:14:50.702033 33383 global.h:36] NewGlobal N7oneflow15MemoryAllocatorE
I1014 10:14:50.702041 33383 global.h:36] NewGlobal N7oneflow8ChunkMgrE
I1014 10:14:50.702049 33383 global.h:36] NewGlobal N7oneflow8RegstMgrE
I1014 10:14:50.702056 33383 global.h:36] NewGlobal N7oneflow11ActorMsgBusE
I1014 10:14:50.702064 33383 global.h:36] NewGlobal N7oneflow9ThreadMgrE
I1014 10:14:50.702071 33383 global.h:36] NewGlobal N7oneflow15RuntimeJobDescsE
I1014 10:14:50.702080 33383 global.h:36] NewGlobal N7oneflow7summary12EventsWriterE
I1014 10:14:50.702090 33383 global.h:36] NewGlobal N7oneflow6boxing10collective24CollectiveBoxingExecutorE
I1014 10:14:50.702097 33383 global.h:36] NewGlobal N7oneflow6boxing10collective31CollectiveBoxingDeviceCtxPollerE
I1014 10:14:50.702234 33383 session.h:77] NewGlobal N7oneflow25SessionGlobalObjectsScopeE
I1014 10:14:50.703043 33383 global.h:36] NewGlobal N7oneflow7JobDescE
I1014 10:14:51.182683 33383 global.h:43] DeleteGlobal N7oneflow7JobDescE
I1014 10:14:51.182925 33383 global.h:36] NewGlobal N7oneflow7JobDescE
I1014 10:14:51.186285 33383 global.h:36] NewGlobal N7oneflow7OpGraphE
I1014 10:14:51.190829 33383 global.h:43] DeleteGlobal N7oneflow7OpGraphE
I1014 10:14:51.367673 33383 global.h:43] DeleteGlobal N7oneflow7JobDescE
I1014 10:14:51.385476 33383 global.h:36] NewGlobal N7oneflow24InterJobReuseMemStrategyE
I1014 10:14:51.385501 33383 global.h:36] NewGlobal N7oneflow7OneflowE
I1014 10:14:51.397907 33383 global.h:36] NewGlobal N7oneflow7JobDescE
I1014 10:14:51.623888 33383 global.h:36] NewGlobal N7oneflow7OpGraphE
I1014 10:14:51.703135 33383 global.h:43] DeleteGlobal N7oneflow7OpGraphE
I1014 10:14:51.715031 33383 oneflow.cpp:210] 
job_id: 0 , job_name: train_job , compile time: 0.317079 seconds.
I1014 10:14:51.770040 33383 global.h:43] DeleteGlobal N7oneflow7JobDescE
I1014 10:14:51.770340 33383 global.h:36] NewGlobal N7oneflow7JobDescE
I1014 10:14:51.816568 33383 global.h:36] NewGlobal N7oneflow7OpGraphE
I1014 10:14:51.832886 33383 global.h:43] DeleteGlobal N7oneflow7OpGraphE
I1014 10:14:51.837663 33383 oneflow.cpp:210] 
job_id: 1 , job_name: System-ModelInit , compile time: 0.0669307 seconds.
I1014 10:14:51.849517 33383 global.h:43] DeleteGlobal N7oneflow7JobDescE
I1014 10:14:51.849545 33383 global.h:36] NewGlobal N7oneflow7JobDescE
I1014 10:14:51.894285 33383 global.h:36] NewGlobal N7oneflow7OpGraphE
I1014 10:14:51.911554 33383 global.h:43] DeleteGlobal N7oneflow7OpGraphE
I1014 10:14:51.916415 33383 oneflow.cpp:210] 
job_id: 2 , job_name: System-ModelLoad , compile time: 0.0668293 seconds.
I1014 10:14:51.928335 33383 global.h:43] DeleteGlobal N7oneflow7JobDescE
I1014 10:14:51.928362 33383 global.h:36] NewGlobal N7oneflow7JobDescE
I1014 10:14:51.972471 33383 global.h:36] NewGlobal N7oneflow7OpGraphE
I1014 10:14:51.988926 33383 global.h:43] DeleteGlobal N7oneflow7OpGraphE
I1014 10:14:51.993461 33383 oneflow.cpp:210] 
job_id: 3 , job_name: System-ModelSave , compile time: 0.0650819 seconds.
I1014 10:14:52.005251 33383 global.h:43] DeleteGlobal N7oneflow7JobDescE
I1014 10:14:52.005278 33383 global.h:36] NewGlobal N7oneflow7JobDescE
I1014 10:14:52.013422 33383 global.h:36] NewGlobal N7oneflow7OpGraphE
I1014 10:14:52.017072 33383 global.h:43] DeleteGlobal N7oneflow7OpGraphE
I1014 10:14:52.018599 33383 oneflow.cpp:210] 
job_id: 4 , job_name: System-Pull-Return_27 , compile time: 0.0133043 seconds.
I1014 10:14:52.022094 33383 global.h:43] DeleteGlobal N7oneflow7JobDescE
I1014 10:14:52.026294 33383 global.h:36] NewGlobal N7oneflow7JobDescE
I1014 10:14:52.026327 33383 global.h:36] NewGlobal N7oneflow7OpGraphE
I1014 10:14:52.031386 33383 global.h:43] DeleteGlobal N7oneflow7OpGraphE
I1014 10:14:52.034813 33383 oneflow.cpp:210] 
job_id: 5 , job_name: MainJob-unamed , compile time: 0.00849613 seconds.
I1014 10:14:52.041700 33383 global.h:43] DeleteGlobal N7oneflow7JobDescE
I1014 10:14:52.044198 33383 plan_util.cpp:928]  Plan: merged_plan needs to allocate [ 490.561 MiB ] device memory in Rank: 0 , Device: 0
I1014 10:14:52.151437 33383 oneflow.cpp:998]  PushPlan merged_plan time: 0.0103439 seconds.
I1014 10:14:52.181203 33383 oneflow.cpp:1014]  PullPlan merged_plan time: 0.02578 seconds.
I1014 10:14:54.333933 33383 runtime_context.cpp:21] NewCounter constructing_actor_cnt 409
I1014 10:14:54.335095 33928 naive_actor.cpp:25] actor 2199023255720 switch to &NaiveActor::HandlerNormal
I1014 10:14:54.335220 33928 thread.cpp:96] Thread 1048576 construct Actor kDeviceTick 2199023255720
I1014 10:14:54.335114 33921 naive_actor.cpp:25] actor 1099614388233 switch to &NaiveActor::HandlerNormal
I1014 10:14:54.335286 33922 wait_and_send_ids_actor.cpp:53] actor 1099616485376 switch to &WaitAndSendIdsActor::HandlerWaitToStart
I1014 10:14:54.335338 33921 thread.cpp:96] Thread 524337 construct Actor kDeviceTick 1099614388233
I1014 10:14:54.335373 33922 thread.cpp:96] Thread 524338 construct Actor kWaitAndSendIds 1099616485376
I1014 10:14:54.335351 33928 runtime_context.cpp:29] DecreaseCounter constructing_actor_cnt, current val is 408
I1014 10:14:54.335438 33921 runtime_context.cpp:29] DecreaseCounter constructing_actor_cnt, current val is 407
I1014 10:14:54.335448 33922 runtime_context.cpp:29] DecreaseCounter constructing_actor_cnt, current val is 406
I1014 10:14:54.335692 33928 naive_actor.cpp:25] actor 2199023255759 switch to &NaiveActor::HandlerNormal
I1014 10:14:54.335747 33928 thread.cpp:96] Thread 1048576 construct Actor kDeviceTick 2199023255759
I1014 10:14:54.335804 33928 runtime_context.cpp:29] DecreaseCounter constructing_actor_cnt, current val is 405
I1014 10:14:54.335841 33921 naive_actor.cpp:25] actor 1099614388226 switch to &NaiveActor::HandlerNormal
I1014 10:14:54.335929 33921 thread.cpp:96] Thread 524337 construct Actor kDeviceTick 1099614388226
I1014 10:14:54.335988 33921 runtime_context.cpp:29] DecreaseCounter constructing_actor_cnt, current val is 404
I1014 10:14:54.336091 33928 naive_actor.cpp:25] actor 2199023255798 switch to &NaiveActor::HandlerNormal
I1014 10:14:54.336143 33928 thread.cpp:96] Thread 1048576 construct Actor kDeviceTick 2199023255798
I1014 10:14:54.336211 33928 runtime_context.cpp:29] DecreaseCounter constructing_actor_cnt, current val is 403
I1014 10:14:54.336277 33921 naive_actor.cpp:25] actor 1099614388243 switch to &NaiveActor::HandlerNormal
I1014 10:14:54.336335 33921 thread.cpp:96] Thread 524337 construct Actor kDeviceTick 1099614388243
I1014 10:14:54.336392 33921 runtime_context.cpp:29] DecreaseCounter constructing_actor_cnt, current val is 402
I1014 10:14:54.336462 33928 naive_actor.cpp:25] actor 2199023255837 switch to &NaiveActor::HandlerNormal
I1014 10:14:54.336513 33928 thread.cpp:96] Thread 1048576 construct Actor kDeviceTick 2199023255837
I1014 10:14:54.336576 33928 runtime_context.cpp:29] DecreaseCounter constructing_actor_cnt, current val is 401
I1014 10:14:54.336668 33921 naive_actor.cpp:25] actor 1099614388252 switch to &NaiveActor::HandlerNormal
I1014 10:14:54.336702 33921 thread.cpp:96] Thread 524337 construct Actor kDeviceTick 1099614388252
I1014 10:14:54.336752 33921 runtime_context.cpp:29] DecreaseCounter constructing_actor_cnt, current val is 400
I1014 10:14:54.337007 33921 naive_actor.cpp:25] actor 1099614388261 switch to &NaiveActor::HandlerNormal
I1014 10:14:54.337041 33921 thread.cpp:96] Thread 524337 construct Actor kDeviceTick 1099614388261
I1014 10:14:54.337091 33921 runtime_context.cpp:29] DecreaseCounter constructing_actor_cnt, current val is 399
I1014 10:14:54.337321 33921 naive_actor.cpp:25] actor 1099614388269 switch to &NaiveActor::HandlerNormal
I1014 10:14:54.337354 33921 thread.cpp:96] Thread 524337 construct Actor kDeviceTick 1099614388269
I1014 10:14:54.337402 33921 runtime_context.cpp:29] DecreaseCounter constructing_actor_cnt, current val is 398
I1014 10:14:54.337644 33921 naive_actor.cpp:25] actor 1099614388276 switch to &NaiveActor::HandlerNormal
I1014 10:14:54.337678 33921 thread.cpp:96] Thread 524337 construct Actor kDeviceTick 1099614388276
I1014 10:14:54.337729 33921 runtime_context.cpp:29] DecreaseCounter constructing_actor_cnt, current val is 397
I1014 10:14:54.346489 33916 naive_actor.cpp:25] actor 1099547279360 switch to &NaiveActor::HandlerNormal
I1014 10:14:54.346673 33909 naive_actor.cpp:25] actor 1099532599296 switch to &NaiveActor::HandlerNormal
I1014 10:14:54.346698 33923 sink_actor.cpp:21] actor 1099618582528 switch to &SinkActor::HandlerNormal
I1014 10:14:54.347079 33915 naive_actor.cpp:25] actor 1099545182208 switch to &NaiveActor::HandlerNormal
I1014 10:14:54.346681 33905 naive_actor.cpp:25] actor 1099524210688 switch to &NaiveActor::HandlerNormal
I1014 10:14:54.347256 33905 thread.cpp:96] Thread 524294 construct Actor kNormalForward 1099524210688
I1014 10:14:54.347326 33921 naive_actor.cpp:25] actor 1099614388232 switch to &NaiveActor::HandlerNormal
I1014 10:14:54.346794 33916 thread.cpp:96] Thread 524305 construct Actor kForeignInput 1099547279360
I1014 10:14:54.347427 33901 naive_actor.cpp:25] actor 1099515822080 switch to &NaiveActor::HandlerNormal
I1014 10:14:54.347484 33901 thread.cpp:96] Thread 524290 construct Actor kNormalForward 1099515822080
I1014 10:14:54.346825 33917 naive_actor.cpp:25] actor 1099549376512 switch to &NaiveActor::HandlerNormal
I1014 10:14:54.346915 33932 naive_actor.cpp:25] actor 2199027449856 switch to &NaiveActor::HandlerNormal
I1014 10:14:54.346978 33930 naive_actor.cpp:25] actor 2199025352707 switch to &NaiveActor::HandlerNormal
I1014 10:14:54.346992 33909 thread.cpp:96] Thread 524298 construct Actor kNormalForward 1099532599296
I1014 10:14:54.347028 33920 naive_actor.cpp:25] actor 1099555667968 switch to &NaiveActor::HandlerNormal
I1014 10:14:54.348006 33909 runtime_context.cpp:29] DecreaseCounter constructing_actor_cnt, current val is 393
I1014 10:14:54.348026 33920 thread.cpp:96] Thread 524309 construct Actor kForeignOutput 1099555667968
I1014 10:14:54.346630 33906 naive_actor.cpp:25] actor 1099526307840 switch to &NaiveActor::HandlerNormal
I1014 10:14:54.347098 33923 thread.cpp:96] Thread 524339 construct Actor kCallbackNotify 1099618582528
I1014 10:14:54.347149 33919 naive_actor.cpp:25] actor 1099553570816 switch to &NaiveActor::HandlerNormal
I1014 10:14:54.347178 33914 naive_actor.cpp:25] actor 1099543085056 switch to &NaiveActor::HandlerNormal
I1014 10:14:54.348271 33914 thread.cpp:96] Thread 524303 construct Actor kNormalForward 1099543085056
I1014 10:14:54.347190 33915 thread.cpp:96] Thread 524304 construct Actor kNormalForward 1099545182208
I1014 10:14:54.348346 33914 runtime_context.cpp:29] DecreaseCounter constructing_actor_cnt, current val is 390
I1014 10:14:54.347226 33913 naive_actor.cpp:25] actor 1099540987904 switch to &NaiveActor::HandlerNormal
I1014 10:14:54.348392 33915 runtime_context.cpp:29] DecreaseCounter constructing_actor_cnt, current val is 389
I1014 10:14:54.348415 33913 thread.cpp:96] Thread 524302 construct Actor kForeignInput 1099540987904
I1014 10:14:54.347306 33908 naive_actor.cpp:25] actor 1099530502144 switch to &NaiveActor::HandlerNormal
I1014 10:14:54.346813 33918 naive_actor.cpp:25] actor 1099551473664 switch to &NaiveActor::HandlerNormal
I1014 10:14:54.347348 33902 naive_actor.cpp:25] actor 1099517919232 switch to &NaiveActor::HandlerNormal
I1014 10:14:54.347376 33900 naive_actor.cpp:25] actor 1099513724928 switch to &NaiveActor::HandlerNormal
I1014 10:14:54.347399 33921 thread.cpp:96] Thread 524337 construct Actor kTick 1099614388232
I1014 10:14:54.347400 33905 runtime_context.cpp:29] DecreaseCounter constructing_actor_cnt, current val is 396
I1014 10:14:54.348834 33921 runtime_context.cpp:29] DecreaseCounter constructing_actor_cnt, current val is 387
I1014 10:14:54.347378 33907 naive_actor.cpp:25] actor 1099528404992 switch to &NaiveActor::HandlerNormal
I1014 10:14:54.347488 33916 runtime_context.cpp:29] DecreaseCounter constructing_actor_cnt, current val is 395
I1014 10:14:54.348963 33907 thread.cpp:96] Thread 524296 construct Actor kNormalForward 1099528404992
I1014 10:14:54.347597 33903 naive_actor.cpp:25] actor 1099520016384 switch to &NaiveActor::HandlerNormal
I1014 10:14:54.349126 33903 thread.cpp:96] Thread 524292 construct Actor kNormalForward 1099520016384
I1014 10:14:54.347734 33917 thread.cpp:96] Thread 524306 construct Actor kNormalForward 1099549376512
I1014 10:14:54.347800 33932 thread.cpp:96] Thread 1048578 construct Actor kCopyHd 2199027449856
I1014 10:14:54.347878 33930 thread.cpp:96] Thread 1048577 construct Actor kCopyHd 2199025352707
I1014 10:14:54.348096 33920 runtime_context.cpp:29] DecreaseCounter constructing_actor_cnt, current val is 392
I1014 10:14:54.348098 33906 thread.cpp:96] Thread 524295 construct Actor kNormalForward 1099526307840
I1014 10:14:54.347136 33912 naive_actor.cpp:25] actor 1099538890752 switch to &NaiveActor::HandlerNormal
I1014 10:14:54.349509 33912 thread.cpp:96] Thread 524301 construct Actor kNormalForward 1099538890752
I1014 10:14:54.348179 33923 runtime_context.cpp:29] DecreaseCounter constructing_actor_cnt, current val is 391
I1014 10:14:54.349588 33912 runtime_context.cpp:29] DecreaseCounter constructing_actor_cnt, current val is 380
I1014 10:14:54.348235 33919 thread.cpp:96] Thread 524308 construct Actor kNormalForward 1099553570816
I1014 10:14:54.346629 33904 naive_actor.cpp:25] actor 1099522113536 switch to &NaiveActor::HandlerNormal
I1014 10:14:54.349905 33904 thread.cpp:96] Thread 524293 construct Actor kNormalForward 1099522113536
I1014 10:14:54.348587 33908 thread.cpp:96] Thread 524297 construct Actor kNormalForward 1099530502144
I1014 10:14:54.348636 33918 thread.cpp:96] Thread 524307 construct Actor kNormalForward 1099551473664
I1014 10:14:54.350108 33908 runtime_context.cpp:29] DecreaseCounter constructing_actor_cnt, current val is 377
I1014 10:14:54.348670 33902 thread.cpp:96] Thread 524291 construct Actor kNormalForward 1099517919232
I1014 10:14:54.350175 33918 runtime_context.cpp:29] DecreaseCounter constructing_actor_cnt, current val is 376
I1014 10:14:54.348731 33928 naive_actor.cpp:25] actor 2199023255587 switch to &NaiveActor::HandlerNormal
I1014 10:14:54.350245 33902 runtime_context.cpp:29] DecreaseCounter constructing_actor_cnt, current val is 375
I1014 10:14:54.346796 33910 naive_actor.cpp:25] actor 1099534696448 switch to &NaiveActor::HandlerNormal
I1014 10:14:54.350466 33910 thread.cpp:96] Thread 524299 construct Actor kForeignInput 1099534696448
I1014 10:14:54.347621 33901 runtime_context.cpp:29] DecreaseCounter constructing_actor_cnt, current val is 394
I1014 10:14:54.349256 33903 runtime_context.cpp:29] DecreaseCounter constructing_actor_cnt, current val is 385
I1014 10:14:54.349279 33917 runtime_context.cpp:29] DecreaseCounter constructing_actor_cnt, current val is 384
I1014 10:14:54.349290 33932 runtime_context.cpp:29] DecreaseCounter constructing_actor_cnt, current val is 383
I1014 10:14:54.349323 33921 naive_actor.cpp:25] actor 1099614388230 switch to &NaiveActor::HandlerNormal
I1014 10:14:54.351114 33921 thread.cpp:96] Thread 524337 construct Actor kTick 1099614388230
I1014 10:14:54.349531 33906 runtime_context.cpp:29] DecreaseCounter constructing_actor_cnt, current val is 381
I1014 10:14:54.349711 33919 runtime_context.cpp:29] DecreaseCounter constructing_actor_cnt, current val is 379
I1014 10:14:54.348528 33913 runtime_context.cpp:29] DecreaseCounter constructing_actor_cnt, current val is 388
I1014 10:14:54.349998 33904 runtime_context.cpp:29] DecreaseCounter constructing_actor_cnt, current val is 378
I1014 10:14:54.348708 33900 thread.cpp:96] Thread 524289 construct Actor kNormalForward 1099513724928
I1014 10:14:54.346843 33911 naive_actor.cpp:25] actor 1099536793600 switch to &NaiveActor::HandlerNormal
I1014 10:14:54.350258 33928 thread.cpp:96] Thread 1048576 construct Actor kNormalForward 2199023255587
I1014 10:14:54.349085 33907 runtime_context.cpp:29] DecreaseCounter constructing_actor_cnt, current val is 386
I1014 10:14:54.350589 33910 runtime_context.cpp:29] DecreaseCounter constructing_actor_cnt, current val is 374
I1014 10:14:54.349344 33930 runtime_context.cpp:29] DecreaseCounter constructing_actor_cnt, current val is 382
I1014 10:14:54.351244 33921 runtime_context.cpp:29] DecreaseCounter constructing_actor_cnt, current val is 373
I1014 10:14:54.351789 33911 thread.cpp:96] Thread 524300 construct Actor kNormalForward 1099536793600
I1014 10:14:54.351812 33900 runtime_context.cpp:29] DecreaseCounter constructing_actor_cnt, current val is 372
I1014 10:14:54.351902 33928 runtime_context.cpp:29] DecreaseCounter constructing_actor_cnt, current val is 371
I1014 10:14:54.352241 33930 naive_actor.cpp:25] actor 2199025352706 switch to &NaiveActor::HandlerNormal
I1014 10:14:54.352385 33911 runtime_context.cpp:29] DecreaseCounter constructing_actor_cnt, current val is 370
I1014 10:14:54.352494 33930 thread.cpp:96] Thread 1048577 construct Actor kCopyHd 2199025352706
I1014 10:14:54.352667 33921 naive_actor.cpp:25] actor 1099614388228 switch to &NaiveActor::HandlerNormal
I1014 10:14:54.352674 33930 runtime_context.cpp:29] DecreaseCounter constructing_actor_cnt, current val is 369
I1014 10:14:54.352730 33921 thread.cpp:96] Thread 524337 construct Actor kTick 1099614388228
I1014 10:14:54.352871 33921 runtime_context.cpp:29] DecreaseCounter constructing_actor_cnt, current val is 368
I1014 10:14:54.352970 33930 naive_actor.cpp:25] actor 2199025352704 switch to &NaiveActor::HandlerNormal
I1014 10:14:54.353039 33930 thread.cpp:96] Thread 1048577 construct Actor kCopyHd 2199025352704
I1014 10:14:54.353250 33930 runtime_context.cpp:29] DecreaseCounter constructing_actor_cnt, current val is 367
I1014 10:14:54.353283 33921 naive_actor.cpp:25] actor 1099614388320 switch to &NaiveActor::HandlerNormal
I1014 10:14:54.353372 33921 thread.cpp:96] Thread 524337 construct Actor kTick 1099614388320
I1014 10:14:54.353452 33921 runtime_context.cpp:29] DecreaseCounter constructing_actor_cnt, current val is 366
I1014 10:14:54.353482 33930 naive_actor.cpp:25] actor 2199025352705 switch to &NaiveActor::HandlerNormal
I1014 10:14:54.353540 33899 naive_actor.cpp:25] actor 1099511627776 switch to &NaiveActor::HandlerNormal
I1014 10:14:54.353550 33930 thread.cpp:96] Thread 1048577 construct Actor kCopyHd 2199025352705
I1014 10:14:54.353597 33899 thread.cpp:96] Thread 524288 construct Actor kNormalForward 1099511627776
I1014 10:14:54.353682 33928 naive_actor.cpp:25] actor 2199023255586 switch to &NaiveActor::HandlerNormal
I1014 10:14:54.353734 33899 runtime_context.cpp:29] DecreaseCounter constructing_actor_cnt, current val is 364
I1014 10:14:54.353684 33930 runtime_context.cpp:29] DecreaseCounter constructing_actor_cnt, current val is 365
I1014 10:14:54.353745 33928 thread.cpp:96] Thread 1048576 construct Actor kNormalForward 2199023255586
I1014 10:14:54.353824 33921 naive_actor.cpp:25] actor 1099614388225 switch to &NaiveActor::HandlerNormal
I1014 10:14:54.353888 33921 thread.cpp:96] Thread 524337 construct Actor kSrcSubsetTick 1099614388225
I1014 10:14:54.353916 33928 runtime_context.cpp:29] DecreaseCounter constructing_actor_cnt, current val is 363
I1014 10:14:54.353958 33921 runtime_context.cpp:29] DecreaseCounter constructing_actor_cnt, current val is 362
I1014 10:14:54.353969 33930 naive_actor.cpp:25] actor 2199025352708 switch to &NaiveActor::HandlerNormal
I1014 10:14:54.354048 33930 thread.cpp:96] Thread 1048577 construct Actor kCopyHd 2199025352708
I1014 10:14:54.354122 33930 runtime_context.cpp:29] DecreaseCounter constructing_actor_cnt, current val is 361
I1014 10:14:54.354323 33921 naive_actor.cpp:25] actor 1099614388224 switch to &NaiveActor::HandlerNormal
I1014 10:14:54.354328 33930 naive_actor.cpp:25] actor 2199025352709 switch to &NaiveActor::HandlerNormal
I1014 10:14:54.354382 33921 thread.cpp:96] Thread 524337 construct Actor kDeviceTick 1099614388224
I1014 10:14:54.354430 33930 thread.cpp:96] Thread 1048577 construct Actor kCopyHd 2199025352709
I1014 10:14:54.354496 33921 runtime_context.cpp:29] DecreaseCounter constructing_actor_cnt, current val is 360
I1014 10:14:54.354528 33930 runtime_context.cpp:29] DecreaseCounter constructing_actor_cnt, current val is 359
I1014 10:14:54.354808 33930 naive_actor.cpp:25] actor 2199025352710 switch to &NaiveActor::HandlerNormal
I1014 10:14:54.354841 33921 naive_actor.cpp:25] actor 1099614388231 switch to &NaiveActor::HandlerNormal
I1014 10:14:54.354879 33930 thread.cpp:96] Thread 1048577 construct Actor kCopyHd 2199025352710
I1014 10:14:54.354918 33921 thread.cpp:96] Thread 524337 construct Actor kTick 1099614388231
I1014 10:14:54.354990 33930 runtime_context.cpp:29] DecreaseCounter constructing_actor_cnt, current val is 358
I1014 10:14:54.355021 33921 runtime_context.cpp:29] DecreaseCounter constructing_actor_cnt, current val is 357
I1014 10:14:54.355218 33928 naive_actor.cpp:25] actor 2199023255629 switch to &NaiveActor::HandlerNormal
I1014 10:14:54.355270 33928 thread.cpp:96] Thread 1048576 construct Actor kNormalForward 2199023255629
I1014 10:14:54.355360 33928 runtime_context.cpp:29] DecreaseCounter constructing_actor_cnt, current val is 356
I1014 10:14:54.355384 33921 naive_actor.cpp:25] actor 1099614388234 switch to &NaiveActor::HandlerNormal
I1014 10:14:54.355437 33921 thread.cpp:96] Thread 524337 construct Actor kSrcSubsetTick 1099614388234
I1014 10:14:54.355510 33921 runtime_context.cpp:29] DecreaseCounter constructing_actor_cnt, current val is 355
I1014 10:14:54.355839 33921 naive_actor.cpp:25] actor 1099614388238 switch to &NaiveActor::HandlerNormal
I1014 10:14:54.355892 33921 thread.cpp:96] Thread 524337 construct Actor kTick 1099614388238
I1014 10:14:54.356015 33921 runtime_context.cpp:29] DecreaseCounter constructing_actor_cnt, current val is 354
I1014 10:14:54.356429 33921 naive_actor.cpp:25] actor 1099614388229 switch to &NaiveActor::HandlerNormal
I1014 10:14:54.356453 33928 naive_actor.cpp:25] actor 2199023255581 switch to &NaiveActor::HandlerNormal
I1014 10:14:54.356479 33921 thread.cpp:96] Thread 524337 construct Actor kDstSubsetTick 1099614388229
I1014 10:14:54.356556 33928 thread.cpp:96] Thread 1048576 construct Actor kNormalForward 2199023255581
I1014 10:14:54.356673 33921 runtime_context.cpp:29] DecreaseCounter constructing_actor_cnt, current val is 353
I1014 10:14:54.356706 33928 runtime_context.cpp:29] DecreaseCounter constructing_actor_cnt, current val is 352
I1014 10:14:54.357012 33921 naive_actor.cpp:25] actor 1099614388239 switch to &NaiveActor::HandlerNormal
I1014 10:14:54.357057 33928 naive_actor.cpp:25] actor 2199023255582 switch to &NaiveActor::HandlerNormal
I1014 10:14:54.357059 33921 thread.cpp:96] Thread 524337 construct Actor kTick 1099614388239
I1014 10:14:54.357115 33928 thread.cpp:96] Thread 1048576 construct Actor kNormalForward 2199023255582
I1014 10:14:54.357173 33921 runtime_context.cpp:29] DecreaseCounter constructing_actor_cnt, current val is 351
I1014 10:14:54.357210 33928 runtime_context.cpp:29] DecreaseCounter constructing_actor_cnt, current val is 350
I1014 10:14:54.357509 33921 naive_actor.cpp:25] actor 1099614388237 switch to &NaiveActor::HandlerNormal
I1014 10:14:54.357554 33921 thread.cpp:96] Thread 524337 construct Actor kDstSubsetTick 1099614388237
I1014 10:14:54.357632 33921 runtime_context.cpp:29] DecreaseCounter constructing_actor_cnt, current val is 349
I1014 10:14:54.358039 33928 naive_actor.cpp:25] actor 2199023255578 switch to &NaiveActor::HandlerNormal
I1014 10:14:54.358089 33928 thread.cpp:96] Thread 1048576 construct Actor kNormalForward 2199023255578
I1014 10:14:54.358098 33921 esac_actor.cpp:73] actor 1099614388321 switch to &EsacActor::HandlerNormal
I1014 10:14:54.358157 33921 thread.cpp:96] Thread 524337 construct Actor kEsac 1099614388321
I1014 10:14:54.358165 33928 runtime_context.cpp:29] DecreaseCounter constructing_actor_cnt, current val is 348
I1014 10:14:54.358238 33921 runtime_context.cpp:29] DecreaseCounter constructing_actor_cnt, current val is 347
I1014 10:14:54.358551 33921 naive_actor.cpp:25] actor 1099614388236 switch to &NaiveActor::HandlerNormal
I1014 10:14:54.358613 33921 thread.cpp:96] Thread 524337 construct Actor kTick 1099614388236
I1014 10:14:54.358680 33921 runtime_context.cpp:29] DecreaseCounter constructing_actor_cnt, current val is 346
I1014 10:14:54.358892 33928 naive_actor.cpp:25] actor 2199023255579 switch to &NaiveActor::HandlerNormal
I1014 10:14:54.358940 33928 thread.cpp:96] Thread 1048576 construct Actor kNormalForward 2199023255579
I1014 10:14:54.359011 33928 runtime_context.cpp:29] DecreaseCounter constructing_actor_cnt, current val is 345
I1014 10:14:54.359017 33921 naive_actor.cpp:25] actor 1099614388240 switch to &NaiveActor::HandlerNormal
I1014 10:14:54.359082 33921 thread.cpp:96] Thread 524337 construct Actor kTick 1099614388240
I1014 10:14:54.359148 33921 runtime_context.cpp:29] DecreaseCounter constructing_actor_cnt, current val is 344
I1014 10:14:54.359450 33921 naive_actor.cpp:25] actor 1099614388248 switch to &NaiveActor::HandlerNormal
I1014 10:14:54.359499 33921 thread.cpp:96] Thread 524337 construct Actor kTick 1099614388248
I1014 10:14:54.359576 33921 runtime_context.cpp:29] DecreaseCounter constructing_actor_cnt, current val is 343
I1014 10:14:54.359819 33928 naive_actor.cpp:25] actor 2199023255590 switch to &NaiveActor::HandlerNormal
I1014 10:14:54.359869 33928 thread.cpp:96] Thread 1048576 construct Actor kNormalForward 2199023255590
I1014 10:14:54.359899 33921 naive_actor.cpp:25] actor 1099614388247 switch to &NaiveActor::HandlerNormal
I1014 10:14:54.359941 33928 runtime_context.cpp:29] DecreaseCounter constructing_actor_cnt, current val is 342
I1014 10:14:54.359943 33921 thread.cpp:96] Thread 524337 construct Actor kTick 1099614388247
I1014 10:14:54.360134 33921 runtime_context.cpp:29] DecreaseCounter constructing_actor_cnt, current val is 341
I1014 10:14:54.360487 33921 naive_actor.cpp:25] actor 1099614388318 switch to &NaiveActor::HandlerNormal
I1014 10:14:54.360538 33921 thread.cpp:96] Thread 524337 construct Actor kTick 1099614388318
I1014 10:14:54.360620 33921 runtime_context.cpp:29] DecreaseCounter constructing_actor_cnt, current val is 340
I1014 10:14:54.360702 33928 naive_actor.cpp:25] actor 2199023255593 switch to &NaiveActor::HandlerNormal
I1014 10:14:54.360749 33928 thread.cpp:96] Thread 1048576 construct Actor kNormalForward 2199023255593
I1014 10:14:54.360818 33928 runtime_context.cpp:29] DecreaseCounter constructing_actor_cnt, current val is 339
I1014 10:14:54.360967 33921 naive_actor.cpp:25] actor 1099614388245 switch to &NaiveActor::HandlerNormal
I1014 10:14:54.361016 33921 thread.cpp:96] Thread 524337 construct Actor kTick 1099614388245
I1014 10:14:54.361083 33921 runtime_context.cpp:29] DecreaseCounter constructing_actor_cnt, current val is 338
I1014 10:14:54.361387 33921 naive_actor.cpp:25] actor 1099614388241 switch to &NaiveActor::HandlerNormal
I1014 10:14:54.361435 33921 thread.cpp:96] Thread 524337 construct Actor kDeviceTick 1099614388241
I1014 10:14:54.361500 33921 runtime_context.cpp:29] DecreaseCounter constructing_actor_cnt, current val is 337
I1014 10:14:54.361555 33928 naive_actor.cpp:25] actor 2199023255572 switch to &NaiveActor::HandlerNormal
I1014 10:14:54.361611 33928 thread.cpp:96] Thread 1048576 construct Actor kNormalForward 2199023255572
I1014 10:14:54.361680 33928 runtime_context.cpp:29] DecreaseCounter constructing_actor_cnt, current val is 336
I1014 10:14:54.361829 33921 naive_actor.cpp:25] actor 1099614388242 switch to &NaiveActor::HandlerNormal
I1014 10:14:54.361877 33921 thread.cpp:96] Thread 524337 construct Actor kSrcSubsetTick 1099614388242
I1014 10:14:54.361941 33921 runtime_context.cpp:29] DecreaseCounter constructing_actor_cnt, current val is 335
I1014 10:14:54.362341 33921 naive_actor.cpp:25] actor 1099614388246 switch to &NaiveActor::HandlerNormal
I1014 10:14:54.362391 33921 thread.cpp:96] Thread 524337 construct Actor kDstSubsetTick 1099614388246
I1014 10:14:54.362462 33921 runtime_context.cpp:29] DecreaseCounter constructing_actor_cnt, current val is 334
I1014 10:14:54.362506 33928 naive_actor.cpp:25] actor 2199023255592 switch to &NaiveActor::HandlerNormal
I1014 10:14:54.362552 33928 thread.cpp:96] Thread 1048576 construct Actor kNormalForward 2199023255592
I1014 10:14:54.362634 33928 runtime_context.cpp:29] DecreaseCounter constructing_actor_cnt, current val is 333
I1014 10:14:54.362808 33921 naive_actor.cpp:25] actor 1099614388254 switch to &NaiveActor::HandlerNormal
I1014 10:14:54.362855 33921 thread.cpp:96] Thread 524337 construct Actor kTick 1099614388254
I1014 10:14:54.362919 33921 runtime_context.cpp:29] DecreaseCounter constructing_actor_cnt, current val is 332
I1014 10:14:54.363209 33921 naive_actor.cpp:25] actor 1099614388250 switch to &NaiveActor::HandlerNormal
I1014 10:14:54.363256 33921 thread.cpp:96] Thread 524337 construct Actor kDeviceTick 1099614388250
I1014 10:14:54.363322 33921 runtime_context.cpp:29] DecreaseCounter constructing_actor_cnt, current val is 331
I1014 10:14:54.363649 33921 naive_actor.cpp:25] actor 1099614388249 switch to &NaiveActor::HandlerNormal
I1014 10:14:54.363698 33921 thread.cpp:96] Thread 524337 construct Actor kTick 1099614388249
I1014 10:14:54.363762 33921 runtime_context.cpp:29] DecreaseCounter constructing_actor_cnt, current val is 330
I1014 10:14:54.363796 33928 naive_actor.cpp:25] actor 2199023255580 switch to &NaiveActor::HandlerNormal
I1014 10:14:54.363848 33928 thread.cpp:96] Thread 1048576 construct Actor kNormalForward 2199023255580
I1014 10:14:54.363919 33928 runtime_context.cpp:29] DecreaseCounter constructing_actor_cnt, current val is 329
I1014 10:14:54.364115 33921 naive_actor.cpp:25] actor 1099614388257 switch to &NaiveActor::HandlerNormal
I1014 10:14:54.364162 33921 thread.cpp:96] Thread 524337 construct Actor kTick 1099614388257
I1014 10:14:54.364265 33921 runtime_context.cpp:29] DecreaseCounter constructing_actor_cnt, current val is 328
I1014 10:14:54.364589 33921 naive_actor.cpp:25] actor 1099614388251 switch to &NaiveActor::HandlerNormal
I1014 10:14:54.364637 33921 thread.cpp:96] Thread 524337 construct Actor kSrcSubsetTick 1099614388251
I1014 10:14:54.364701 33921 runtime_context.cpp:29] DecreaseCounter constructing_actor_cnt, current val is 327
I1014 10:14:54.365082 33921 naive_actor.cpp:25] actor 1099614388255 switch to &NaiveActor::HandlerNormal
I1014 10:14:54.365128 33921 thread.cpp:96] Thread 524337 construct Actor kDstSubsetTick 1099614388255
I1014 10:14:54.365161 33928 naive_actor.cpp:25] actor 2199023255573 switch to &NaiveActor::HandlerNormal
I1014 10:14:54.365200 33921 runtime_context.cpp:29] DecreaseCounter constructing_actor_cnt, current val is 326
I1014 10:14:54.365208 33928 thread.cpp:96] Thread 1048576 construct Actor kNormalForward 2199023255573
I1014 10:14:54.365309 33928 runtime_context.cpp:29] DecreaseCounter constructing_actor_cnt, current val is 325
I1014 10:14:54.365527 33921 naive_actor.cpp:25] actor 1099614388256 switch to &NaiveActor::HandlerNormal
I1014 10:14:54.365615 33921 thread.cpp:96] Thread 524337 construct Actor kTick 1099614388256
I1014 10:14:54.365619 33928 naive_actor.cpp:25] actor 2199023255570 switch to &NaiveActor::HandlerNormal
I1014 10:14:54.365684 33928 thread.cpp:96] Thread 1048576 construct Actor kNormalForward 2199023255570
I1014 10:14:54.365686 33921 runtime_context.cpp:29] DecreaseCounter constructing_actor_cnt, current val is 324
I1014 10:14:54.365752 33928 runtime_context.cpp:29] DecreaseCounter constructing_actor_cnt, current val is 323
I1014 10:14:54.366044 33921 naive_actor.cpp:25] actor 1099614388319 switch to &NaiveActor::HandlerNormal
I1014 10:14:54.366092 33921 thread.cpp:96] Thread 524337 construct Actor kTick 1099614388319
I1014 10:14:54.366183 33921 runtime_context.cpp:29] DecreaseCounter constructing_actor_cnt, current val is 322
I1014 10:14:54.366499 33921 naive_actor.cpp:25] actor 1099614388258 switch to &NaiveActor::HandlerNormal
I1014 10:14:54.366546 33921 thread.cpp:96] Thread 524337 construct Actor kTick 1099614388258
I1014 10:14:54.366614 33921 runtime_context.cpp:29] DecreaseCounter constructing_actor_cnt, current val is 321
I1014 10:14:54.366667 33928 naive_actor.cpp:25] actor 2199023255569 switch to &NaiveActor::HandlerNormal
I1014 10:14:54.366729 33928 thread.cpp:96] Thread 1048576 construct Actor kNormalForward 2199023255569
I1014 10:14:54.366798 33928 runtime_context.cpp:29] DecreaseCounter constructing_actor_cnt, current val is 320
I1014 10:14:54.366935 33921 naive_actor.cpp:25] actor 1099614388259 switch to &NaiveActor::HandlerNormal
I1014 10:14:54.366981 33921 thread.cpp:96] Thread 524337 construct Actor kDeviceTick 1099614388259
I1014 10:14:54.367041 33921 runtime_context.cpp:29] DecreaseCounter constructing_actor_cnt, current val is 319
I1014 10:14:54.367409 33921 naive_actor.cpp:25] actor 1099614388264 switch to &NaiveActor::HandlerNormal
I1014 10:14:54.367456 33921 thread.cpp:96] Thread 524337 construct Actor kDstSubsetTick 1099614388264
I1014 10:14:54.367523 33921 runtime_context.cpp:29] DecreaseCounter constructing_actor_cnt, current val is 318
I1014 10:14:54.367554 33928 naive_actor.cpp:25] actor 2199023255576 switch to &NaiveActor::HandlerNormal
I1014 10:14:54.367607 33928 thread.cpp:96] Thread 1048576 construct Actor kNormalForward 2199023255576
I1014 10:14:54.367678 33928 runtime_context.cpp:29] DecreaseCounter constructing_actor_cnt, current val is 317
I1014 10:14:54.367851 33921 naive_actor.cpp:25] actor 1099614388260 switch to &NaiveActor::HandlerNormal
I1014 10:14:54.367898 33921 thread.cpp:96] Thread 524337 construct Actor kSrcSubsetTick 1099614388260
I1014 10:14:54.367959 33921 runtime_context.cpp:29] DecreaseCounter constructing_actor_cnt, current val is 316
I1014 10:14:54.368244 33921 naive_actor.cpp:25] actor 1099614388263 switch to &NaiveActor::HandlerNormal
I1014 10:14:54.368289 33921 thread.cpp:96] Thread 524337 construct Actor kTick 1099614388263
I1014 10:14:54.368412 33928 naive_actor.cpp:25] actor 2199023255617 switch to &NaiveActor::HandlerNormal
I1014 10:14:54.368435 33921 runtime_context.cpp:29] DecreaseCounter constructing_actor_cnt, current val is 315
I1014 10:14:54.368484 33928 thread.cpp:96] Thread 1048576 construct Actor kNormalForward 2199023255617
I1014 10:14:54.368590 33928 runtime_context.cpp:29] DecreaseCounter constructing_actor_cnt, current val is 314
I1014 10:14:54.368777 33921 naive_actor.cpp:25] actor 1099614388265 switch to &NaiveActor::HandlerNormal
I1014 10:14:54.368824 33921 thread.cpp:96] Thread 524337 construct Actor kTick 1099614388265
I1014 10:14:54.368883 33921 runtime_context.cpp:29] DecreaseCounter constructing_actor_cnt, current val is 313
I1014 10:14:54.369184 33921 naive_actor.cpp:25] actor 1099614388266 switch to &NaiveActor::HandlerNormal
I1014 10:14:54.369232 33921 thread.cpp:96] Thread 524337 construct Actor kTick 1099614388266
I1014 10:14:54.369290 33921 runtime_context.cpp:29] DecreaseCounter constructing_actor_cnt, current val is 312
I1014 10:14:54.369344 33928 naive_actor.cpp:25] actor 2199023255559 switch to &NaiveActor::HandlerNormal
I1014 10:14:54.369387 33928 thread.cpp:96] Thread 1048576 construct Actor kNormalForward 2199023255559
I1014 10:14:54.369457 33928 runtime_context.cpp:29] DecreaseCounter constructing_actor_cnt, current val is 311
I1014 10:14:54.369616 33921 naive_actor.cpp:25] actor 1099614388317 switch to &NaiveActor::HandlerNormal
I1014 10:14:54.369660 33921 thread.cpp:96] Thread 524337 construct Actor kTick 1099614388317
I1014 10:14:54.369721 33921 runtime_context.cpp:29] DecreaseCounter constructing_actor_cnt, current val is 310
I1014 10:14:54.369781 33928 naive_actor.cpp:25] actor 2199023255584 switch to &NaiveActor::HandlerNormal
I1014 10:14:54.369823 33928 thread.cpp:96] Thread 1048576 construct Actor kNormalForward 2199023255584
I1014 10:14:54.369884 33928 runtime_context.cpp:29] DecreaseCounter constructing_actor_cnt, current val is 309
I1014 10:14:54.370024 33921 naive_actor.cpp:25] actor 1099614388303 switch to &NaiveActor::HandlerNormal
I1014 10:14:54.370071 33921 thread.cpp:96] Thread 524337 construct Actor kTick 1099614388303
I1014 10:14:54.370131 33921 runtime_context.cpp:29] DecreaseCounter constructing_actor_cnt, current val is 308
I1014 10:14:54.370175 33928 naive_actor.cpp:25] actor 2199023255575 switch to &NaiveActor::HandlerNormal
I1014 10:14:54.370214 33928 thread.cpp:96] Thread 1048576 construct Actor kNormalForward 2199023255575
I1014 10:14:54.370275 33928 runtime_context.cpp:29] DecreaseCounter constructing_actor_cnt, current val is 307
I1014 10:14:54.370411 33921 naive_actor.cpp:25] actor 1099614388281 switch to &NaiveActor::HandlerNormal
I1014 10:14:54.370455 33921 thread.cpp:96] Thread 524337 construct Actor kTick 1099614388281
I1014 10:14:54.370515 33921 runtime_context.cpp:29] DecreaseCounter constructing_actor_cnt, current val is 306
I1014 10:14:54.370838 33921 naive_actor.cpp:25] actor 1099614388282 switch to &NaiveActor::HandlerNormal
I1014 10:14:54.370882 33921 thread.cpp:96] Thread 524337 construct Actor kTick 1099614388282
I1014 10:14:54.370942 33921 runtime_context.cpp:29] DecreaseCounter constructing_actor_cnt, current val is 305
I1014 10:14:54.371098 33928 naive_actor.cpp:25] actor 2199023255585 switch to &NaiveActor::HandlerNormal
I1014 10:14:54.371151 33928 thread.cpp:96] Thread 1048576 construct Actor kNormalForward 2199023255585
I1014 10:14:54.371220 33928 runtime_context.cpp:29] DecreaseCounter constructing_actor_cnt, current val is 304
I1014 10:14:54.371266 33921 naive_actor.cpp:25] actor 1099614388277 switch to &NaiveActor::HandlerNormal
I1014 10:14:54.371309 33921 thread.cpp:96] Thread 524337 construct Actor kSrcSubsetTick 1099614388277
I1014 10:14:54.371371 33921 runtime_context.cpp:29] DecreaseCounter constructing_actor_cnt, current val is 303
I1014 10:14:54.371666 33921 naive_actor.cpp:25] actor 1099614388267 switch to &NaiveActor::HandlerNormal
I1014 10:14:54.371714 33921 thread.cpp:96] Thread 524337 construct Actor kDeviceTick 1099614388267
I1014 10:14:54.371814 33921 runtime_context.cpp:29] DecreaseCounter constructing_actor_cnt, current val is 302
I1014 10:14:54.372107 33928 naive_actor.cpp:25] actor 2199023255558 switch to &NaiveActor::HandlerNormal
I1014 10:14:54.372123 33921 naive_actor.cpp:25] actor 1099614388275 switch to &NaiveActor::HandlerNormal
I1014 10:14:54.372157 33928 thread.cpp:96] Thread 1048576 construct Actor kNormalForward 2199023255558
I1014 10:14:54.372193 33921 thread.cpp:96] Thread 524337 construct Actor kTick 1099614388275
I1014 10:14:54.372267 33928 runtime_context.cpp:29] DecreaseCounter constructing_actor_cnt, current val is 301
I1014 10:14:54.372278 33921 runtime_context.cpp:29] DecreaseCounter constructing_actor_cnt, current val is 300
I1014 10:14:54.372552 33928 naive_actor.cpp:25] actor 2199023255591 switch to &NaiveActor::HandlerNormal
I1014 10:14:54.372606 33921 naive_actor.cpp:25] actor 1099614388268 switch to &NaiveActor::HandlerNormal
I1014 10:14:54.372607 33928 thread.cpp:96] Thread 1048576 construct Actor kNormalForward 2199023255591
I1014 10:14:54.372654 33921 thread.cpp:96] Thread 524337 construct Actor kSrcSubsetTick 1099614388268
I1014 10:14:54.372715 33928 runtime_context.cpp:29] DecreaseCounter constructing_actor_cnt, current val is 299
I1014 10:14:54.372737 33921 runtime_context.cpp:29] DecreaseCounter constructing_actor_cnt, current val is 298
I1014 10:14:54.372978 33928 naive_actor.cpp:25] actor 2199023255568 switch to &NaiveActor::HandlerNormal
I1014 10:14:54.373023 33928 thread.cpp:96] Thread 1048576 construct Actor kNormalForward 2199023255568
I1014 10:14:54.373075 33921 naive_actor.cpp:25] actor 1099614388272 switch to &NaiveActor::HandlerNormal
I1014 10:14:54.373082 33928 runtime_context.cpp:29] DecreaseCounter constructing_actor_cnt, current val is 297
I1014 10:14:54.373121 33921 thread.cpp:96] Thread 524337 construct Actor kDstSubsetTick 1099614388272
I1014 10:14:54.373206 33921 runtime_context.cpp:29] DecreaseCounter constructing_actor_cnt, current val is 296
I1014 10:14:54.373489 33921 naive_actor.cpp:25] actor 1099614388279 switch to &NaiveActor::HandlerNormal
I1014 10:14:54.373534 33921 thread.cpp:96] Thread 524337 construct Actor kTick 1099614388279
I1014 10:14:54.373606 33921 runtime_context.cpp:29] DecreaseCounter constructing_actor_cnt, current val is 295
I1014 10:14:54.373849 33928 naive_actor.cpp:25] actor 2199023255633 switch to &NaiveActor::HandlerNormal
I1014 10:14:54.373895 33928 thread.cpp:96] Thread 1048576 construct Actor kNormalForward 2199023255633
I1014 10:14:54.373942 33921 naive_actor.cpp:25] actor 1099614388280 switch to &NaiveActor::HandlerNormal
I1014 10:14:54.373962 33928 runtime_context.cpp:29] DecreaseCounter constructing_actor_cnt, current val is 294
I1014 10:14:54.373989 33921 thread.cpp:96] Thread 524337 construct Actor kDstSubsetTick 1099614388280
I1014 10:14:54.374076 33921 runtime_context.cpp:29] DecreaseCounter constructing_actor_cnt, current val is 293
I1014 10:14:54.374373 33921 naive_actor.cpp:25] actor 1099614388274 switch to &NaiveActor::HandlerNormal
I1014 10:14:54.374419 33921 thread.cpp:96] Thread 524337 construct Actor kTick 1099614388274
I1014 10:14:54.374478 33921 runtime_context.cpp:29] DecreaseCounter constructing_actor_cnt, current val is 292
I1014 10:14:54.374778 33928 naive_actor.cpp:25] actor 2199023255616 switch to &NaiveActor::HandlerNormal
I1014 10:14:54.374778 33921 naive_actor.cpp:25] actor 1099614388273 switch to &NaiveActor::HandlerNormal
I1014 10:14:54.374827 33928 thread.cpp:96] Thread 1048576 construct Actor kNormalForward 2199023255616
I1014 10:14:54.374861 33921 thread.cpp:96] Thread 524337 construct Actor kTick 1099614388273
I1014 10:14:54.374930 33928 runtime_context.cpp:29] DecreaseCounter constructing_actor_cnt, current val is 291
I1014 10:14:54.374945 33921 runtime_context.cpp:29] DecreaseCounter constructing_actor_cnt, current val is 290
I1014 10:14:54.375238 33921 naive_actor.cpp:25] actor 1099614388271 switch to &NaiveActor::HandlerNormal
I1014 10:14:54.375283 33921 thread.cpp:96] Thread 524337 construct Actor kTick 1099614388271
I1014 10:14:54.375430 33921 runtime_context.cpp:29] DecreaseCounter constructing_actor_cnt, current val is 289
I1014 10:14:54.375739 33921 naive_actor.cpp:25] actor 1099614388287 switch to &NaiveActor::HandlerNormal
I1014 10:14:54.375784 33921 thread.cpp:96] Thread 524337 construct Actor kTick 1099614388287
I1014 10:14:54.375844 33921 runtime_context.cpp:29] DecreaseCounter constructing_actor_cnt, current val is 288
I1014 10:14:54.376070 33928 naive_actor.cpp:25] actor 2199023255566 switch to &NaiveActor::HandlerNormal
I1014 10:14:54.376119 33928 thread.cpp:96] Thread 1048576 construct Actor kNormalForward 2199023255566
I1014 10:14:54.376132 33921 naive_actor.cpp:25] actor 1099614388299 switch to &NaiveActor::HandlerNormal
I1014 10:14:54.376183 33921 thread.cpp:96] Thread 524337 construct Actor kTick 1099614388299
I1014 10:14:54.376188 33928 runtime_context.cpp:29] DecreaseCounter constructing_actor_cnt, current val is 287
I1014 10:14:54.376243 33921 runtime_context.cpp:29] DecreaseCounter constructing_actor_cnt, current val is 286
I1014 10:14:54.376534 33921 naive_actor.cpp:25] actor 1099614388300 switch to &NaiveActor::HandlerNormal
I1014 10:14:54.376590 33921 thread.cpp:96] Thread 524337 construct Actor kTick 1099614388300
I1014 10:14:54.376650 33921 runtime_context.cpp:29] DecreaseCounter constructing_actor_cnt, current val is 285
I1014 10:14:54.376940 33928 naive_actor.cpp:25] actor 2199023255658 switch to &NaiveActor::HandlerNormal
I1014 10:14:54.376946 33921 naive_actor.cpp:25] actor 1099614388293 switch to &NaiveActor::HandlerNormal
I1014 10:14:54.376986 33928 thread.cpp:96] Thread 1048576 construct Actor kNormalForward 2199023255658
I1014 10:14:54.377017 33921 thread.cpp:96] Thread 524337 construct Actor kTick 1099614388293
I1014 10:14:54.377084 33928 runtime_context.cpp:29] DecreaseCounter constructing_actor_cnt, current val is 284
I1014 10:14:54.377097 33921 runtime_context.cpp:29] DecreaseCounter constructing_actor_cnt, current val is 283
I1014 10:14:54.377362 33928 naive_actor.cpp:25] actor 2199023255589 switch to &NaiveActor::HandlerNormal
I1014 10:14:54.377406 33921 naive_actor.cpp:25] actor 1099614388288 switch to &NaiveActor::HandlerNormal
I1014 10:14:54.377408 33928 thread.cpp:96] Thread 1048576 construct Actor kNormalForward 2199023255589
I1014 10:14:54.377454 33921 thread.cpp:96] Thread 524337 construct Actor kTick 1099614388288
I1014 10:14:54.377511 33928 runtime_context.cpp:29] DecreaseCounter constructing_actor_cnt, current val is 282
I1014 10:14:54.377532 33921 runtime_context.cpp:29] DecreaseCounter constructing_actor_cnt, current val is 281
I1014 10:14:54.377807 33921 naive_actor.cpp:25] actor 1099614388286 switch to &NaiveActor::HandlerNormal
I1014 10:14:54.377853 33921 thread.cpp:96] Thread 524337 construct Actor kTick 1099614388286
I1014 10:14:54.377910 33921 runtime_context.cpp:29] DecreaseCounter constructing_actor_cnt, current val is 280
I1014 10:14:54.378170 33921 naive_actor.cpp:25] actor 1099614388298 switch to &NaiveActor::HandlerNormal
I1014 10:14:54.378213 33921 thread.cpp:96] Thread 524337 construct Actor kTick 1099614388298
I1014 10:14:54.378268 33928 naive_actor.cpp:25] actor 2199023255574 switch to &NaiveActor::HandlerNormal
I1014 10:14:54.378271 33921 runtime_context.cpp:29] DecreaseCounter constructing_actor_cnt, current val is 279
I1014 10:14:54.378311 33928 thread.cpp:96] Thread 1048576 construct Actor kNormalForward 2199023255574
I1014 10:14:54.378398 33928 runtime_context.cpp:29] DecreaseCounter constructing_actor_cnt, current val is 278
I1014 10:14:54.378600 33921 naive_actor.cpp:25] actor 1099614388296 switch to &NaiveActor::HandlerNormal
I1014 10:14:54.378644 33921 thread.cpp:96] Thread 524337 construct Actor kTick 1099614388296
I1014 10:14:54.378695 33928 naive_actor.cpp:25] actor 2199023255557 switch to &NaiveActor::HandlerNormal
I1014 10:14:54.378700 33921 runtime_context.cpp:29] DecreaseCounter constructing_actor_cnt, current val is 277
I1014 10:14:54.378738 33928 thread.cpp:96] Thread 1048576 construct Actor kNormalForward 2199023255557
I1014 10:14:54.378870 33928 runtime_context.cpp:29] DecreaseCounter constructing_actor_cnt, current val is 276
I1014 10:14:54.379017 33921 naive_actor.cpp:25] actor 1099614388285 switch to &NaiveActor::HandlerNormal
I1014 10:14:54.379060 33921 thread.cpp:96] Thread 524337 construct Actor kTick 1099614388285
I1014 10:14:54.379119 33921 runtime_context.cpp:29] DecreaseCounter constructing_actor_cnt, current val is 275
I1014 10:14:54.379186 33928 naive_actor.cpp:25] actor 2199023255561 switch to &NaiveActor::HandlerNormal
I1014 10:14:54.379226 33928 thread.cpp:96] Thread 1048576 construct Actor kNormalForward 2199023255561
I1014 10:14:54.379284 33928 runtime_context.cpp:29] DecreaseCounter constructing_actor_cnt, current val is 274
