Log file created at: 2021/10/14 09:59:21
Running on machine: oneflow-14
Log line format: [IWEF]mmdd hh:mm:ss.uuuuuu threadid file:line] msg
I1014 09:59:21.122849 23390 global.h:36] NewGlobal 14cudaDeviceProp
I1014 09:59:21.123891 23390 global.h:36] NewGlobal N7oneflow7EnvDescE
I1014 09:59:21.123910 23390 global.h:36] NewGlobal N7oneflow10ProcessCtxE
I1014 09:59:21.123919 23390 env_global_objects_scope.cpp:152] using rpc backend: local
I1014 09:59:21.123975 23390 global.h:36] NewGlobal N7oneflow12ResourceDescE
I1014 09:59:21.123987 23390 global.h:36] NewGlobal N7oneflow12ResourceDescE
I1014 09:59:21.199291 23390 global.h:36] NewGlobal N7oneflow10ThreadPoolE
I1014 09:59:21.200723 23390 global.h:36] NewGlobal N7oneflow16EagerNcclCommMgrE
I1014 09:59:21.200744 23390 global.h:36] NewGlobal N7oneflow18CudnnConvAlgoCacheE
I1014 09:59:21.200759 23390 global.h:36] NewGlobal N7oneflow2vm19VirtualMachineScopeE
I1014 09:59:21.200770 23390 global.h:36] NewGlobal N7oneflow9OneflowVME
I1014 09:59:21.201917 23390 oneflow_vm.cpp:75] transport stream type: N7oneflow2vm13CpuStreamTypeE
I1014 09:59:21.201941 23390 oneflow_vm.cpp:75] transport stream type: N7oneflow2vm14CudaStreamTypeE
I1014 09:59:21.201951 23390 oneflow_vm.cpp:75] transport stream type: N7oneflow2vm19AsyncCudaStreamTypeE
I1014 09:59:21.202127 23390 global.h:36] NewGlobal N7oneflow27EagerJobBuildAndInferCtxMgrE
I1014 09:59:21.202145 23390 global.h:36] NewGlobal N7oneflow12EpollCommNetE
I1014 09:59:21.202314 23390 epoll_comm_network.cpp:63] CommNet:Epoll listening on 0.0.0.0:35051
I1014 09:59:21.202360 23390 epoll_comm_network.cpp:197] machine 0 sockfd -1
I1014 09:59:21.202503 23390 global.h:36] NewGlobal N7oneflow9TransportE
I1014 09:59:21.204928 23390 global.h:43] DeleteGlobal N7oneflow12ResourceDescE
I1014 09:59:21.204964 23390 version.cpp:22] OneFlow git version: b295ca2324
I1014 09:59:21.204986 23390 device_register_gpu.cpp:56] CUDA runtime version: 11.2
I1014 09:59:21.205020 23390 device_register_gpu.cpp:65] cuDNN version: 8.1.1
I1014 09:59:21.205035 23390 device_register_gpu.cpp:78] NCCL version: 2.9.8
I1014 09:59:21.205047 23390 global.h:36] NewGlobal N7oneflow12ResourceDescE
I1014 09:59:21.205058 23390 global.h:36] NewGlobal N7oneflow5IDMgrE
I1014 09:59:21.205068 23390 global.h:36] NewGlobal N7oneflow16AvailableMemDescE
I1014 09:59:21.205099 23390 global.h:36] NewGlobal St13unordered_mapISslSt4hashISsESt8equal_toISsESaISt4pairIKSslEEE
I1014 09:59:21.205111 23390 global.h:36] NewGlobal N7oneflow19CriticalSectionDescE
I1014 09:59:21.205119 23390 global.h:36] NewGlobal N7oneflow16InterUserJobInfoE
I1014 09:59:21.205132 23390 global.h:36] NewGlobal N7oneflow26LazyJobBuildAndInferCtxMgrE
I1014 09:59:21.205140 23390 global.h:36] NewGlobal N7oneflow16JobSetCompileCtxE
I1014 09:59:21.205152 23390 global.h:36] NewGlobal N7oneflow26RuntimeBufferManagersScopeE
I1014 09:59:21.205161 23390 global.h:36] NewGlobal N7oneflow9BufferMgrIlEE
I1014 09:59:21.205170 23390 global.h:36] NewGlobal N7oneflow9BufferMgrISt10shared_ptrINS_11JobInstanceEEEE
I1014 09:59:21.205180 23390 global.h:36] NewGlobal N7oneflow10RuntimeCtxE
I1014 09:59:21.205189 23390 global.h:36] NewGlobal N7oneflow15MemoryAllocatorE
I1014 09:59:21.205199 23390 global.h:36] NewGlobal N7oneflow8ChunkMgrE
I1014 09:59:21.205209 23390 global.h:36] NewGlobal N7oneflow8RegstMgrE
I1014 09:59:21.205217 23390 global.h:36] NewGlobal N7oneflow11ActorMsgBusE
I1014 09:59:21.205226 23390 global.h:36] NewGlobal N7oneflow9ThreadMgrE
I1014 09:59:21.205235 23390 global.h:36] NewGlobal N7oneflow15RuntimeJobDescsE
I1014 09:59:21.205245 23390 global.h:36] NewGlobal N7oneflow7summary12EventsWriterE
I1014 09:59:21.205257 23390 global.h:36] NewGlobal N7oneflow6boxing10collective24CollectiveBoxingExecutorE
I1014 09:59:21.205266 23390 global.h:36] NewGlobal N7oneflow6boxing10collective31CollectiveBoxingDeviceCtxPollerE
I1014 09:59:21.205428 23390 session.h:77] NewGlobal N7oneflow25SessionGlobalObjectsScopeE
I1014 09:59:21.206374 23390 global.h:36] NewGlobal N7oneflow7JobDescE
I1014 09:59:21.806421 23390 global.h:43] DeleteGlobal N7oneflow7JobDescE
I1014 09:59:21.806676 23390 global.h:36] NewGlobal N7oneflow7JobDescE
I1014 09:59:21.810930 23390 global.h:36] NewGlobal N7oneflow7OpGraphE
I1014 09:59:21.816795 23390 global.h:43] DeleteGlobal N7oneflow7OpGraphE
I1014 09:59:22.001279 23390 global.h:43] DeleteGlobal N7oneflow7JobDescE
I1014 09:59:22.019076 23390 global.h:36] NewGlobal N7oneflow24InterJobReuseMemStrategyE
I1014 09:59:22.019101 23390 global.h:36] NewGlobal N7oneflow7OneflowE
I1014 09:59:22.031484 23390 global.h:36] NewGlobal N7oneflow7JobDescE
I1014 09:59:22.257956 23390 global.h:36] NewGlobal N7oneflow7OpGraphE
I1014 09:59:22.338913 23390 global.h:43] DeleteGlobal N7oneflow7OpGraphE
I1014 09:59:22.350030 23390 oneflow.cpp:210] 
job_id: 0 , job_name: train_job , compile time: 0.318502 seconds.
I1014 09:59:22.405323 23390 global.h:43] DeleteGlobal N7oneflow7JobDescE
I1014 09:59:22.405683 23390 global.h:36] NewGlobal N7oneflow7JobDescE
I1014 09:59:22.451923 23390 global.h:36] NewGlobal N7oneflow7OpGraphE
I1014 09:59:22.469082 23390 global.h:43] DeleteGlobal N7oneflow7OpGraphE
I1014 09:59:22.474129 23390 oneflow.cpp:210] 
job_id: 1 , job_name: System-ModelInit , compile time: 0.0680174 seconds.
I1014 09:59:22.486117 23390 global.h:43] DeleteGlobal N7oneflow7JobDescE
I1014 09:59:22.486145 23390 global.h:36] NewGlobal N7oneflow7JobDescE
I1014 09:59:22.560369 23390 global.h:36] NewGlobal N7oneflow7OpGraphE
I1014 09:59:22.583469 23390 global.h:43] DeleteGlobal N7oneflow7OpGraphE
I1014 09:59:22.588551 23390 oneflow.cpp:210] 
job_id: 2 , job_name: System-ModelLoad , compile time: 0.102391 seconds.
I1014 09:59:22.603966 23390 global.h:43] DeleteGlobal N7oneflow7JobDescE
I1014 09:59:22.604007 23390 global.h:36] NewGlobal N7oneflow7JobDescE
I1014 09:59:22.661116 23390 global.h:36] NewGlobal N7oneflow7OpGraphE
I1014 09:59:22.680601 23390 global.h:43] DeleteGlobal N7oneflow7OpGraphE
I1014 09:59:22.684940 23390 oneflow.cpp:210] 
job_id: 3 , job_name: System-ModelSave , compile time: 0.0808919 seconds.
I1014 09:59:22.699764 23390 global.h:43] DeleteGlobal N7oneflow7JobDescE
I1014 09:59:22.699800 23390 global.h:36] NewGlobal N7oneflow7JobDescE
I1014 09:59:22.710503 23390 global.h:36] NewGlobal N7oneflow7OpGraphE
I1014 09:59:22.715126 23390 global.h:43] DeleteGlobal N7oneflow7OpGraphE
I1014 09:59:22.716831 23390 oneflow.cpp:210] 
job_id: 4 , job_name: System-Pull-Return_27 , compile time: 0.0170104 seconds.
I1014 09:59:22.721053 23390 global.h:43] DeleteGlobal N7oneflow7JobDescE
I1014 09:59:22.726557 23390 global.h:36] NewGlobal N7oneflow7JobDescE
I1014 09:59:22.726608 23390 global.h:36] NewGlobal N7oneflow7OpGraphE
I1014 09:59:22.732901 23390 global.h:43] DeleteGlobal N7oneflow7OpGraphE
I1014 09:59:22.736356 23390 oneflow.cpp:210] 
job_id: 5 , job_name: MainJob-unamed , compile time: 0.00976077 seconds.
I1014 09:59:22.744791 23390 global.h:43] DeleteGlobal N7oneflow7JobDescE
I1014 09:59:22.748021 23390 plan_util.cpp:928]  Plan: merged_plan needs to allocate [ 1390.38 MiB ] device memory in Rank: 0 , Device: 0
I1014 09:59:22.890326 23390 oneflow.cpp:998]  PushPlan merged_plan time: 0.0138947 seconds.
I1014 09:59:22.928905 23390 oneflow.cpp:1014]  PullPlan merged_plan time: 0.0328182 seconds.
I1014 09:59:25.008536 23390 runtime_context.cpp:21] NewCounter constructing_actor_cnt 409
I1014 09:59:25.009562 23991 naive_actor.cpp:25] actor 2199023255720 switch to &NaiveActor::HandlerNormal
I1014 09:59:25.009765 23991 thread.cpp:96] Thread 1048576 construct Actor kDeviceTick 2199023255720
I1014 09:59:25.009837 23982 naive_actor.cpp:25] actor 1099614388226 switch to &NaiveActor::HandlerNormal
I1014 09:59:25.009924 23991 runtime_context.cpp:29] DecreaseCounter constructing_actor_cnt, current val is 408
I1014 09:59:25.009958 23982 thread.cpp:96] Thread 524337 construct Actor kDeviceTick 1099614388226
I1014 09:59:25.010005 23983 wait_and_send_ids_actor.cpp:53] actor 1099616485376 switch to &WaitAndSendIdsActor::HandlerWaitToStart
I1014 09:59:25.010160 23982 runtime_context.cpp:29] DecreaseCounter constructing_actor_cnt, current val is 407
I1014 09:59:25.010164 23983 thread.cpp:96] Thread 524338 construct Actor kWaitAndSendIds 1099616485376
I1014 09:59:25.010351 23991 naive_actor.cpp:25] actor 2199023255759 switch to &NaiveActor::HandlerNormal
I1014 09:59:25.010430 23982 naive_actor.cpp:25] actor 1099614388233 switch to &NaiveActor::HandlerNormal
I1014 09:59:25.010466 23991 thread.cpp:96] Thread 1048576 construct Actor kDeviceTick 2199023255759
I1014 09:59:25.010512 23983 runtime_context.cpp:29] DecreaseCounter constructing_actor_cnt, current val is 406
I1014 09:59:25.010517 23982 thread.cpp:96] Thread 524337 construct Actor kDeviceTick 1099614388233
I1014 09:59:25.010589 23991 runtime_context.cpp:29] DecreaseCounter constructing_actor_cnt, current val is 405
I1014 09:59:25.010630 23982 runtime_context.cpp:29] DecreaseCounter constructing_actor_cnt, current val is 404
I1014 09:59:25.010854 23991 naive_actor.cpp:25] actor 2199023255798 switch to &NaiveActor::HandlerNormal
I1014 09:59:25.010915 23991 thread.cpp:96] Thread 1048576 construct Actor kDeviceTick 2199023255798
I1014 09:59:25.010929 23982 naive_actor.cpp:25] actor 1099614388243 switch to &NaiveActor::HandlerNormal
I1014 09:59:25.010993 23982 thread.cpp:96] Thread 524337 construct Actor kDeviceTick 1099614388243
I1014 09:59:25.011003 23991 runtime_context.cpp:29] DecreaseCounter constructing_actor_cnt, current val is 403
I1014 09:59:25.011050 23982 runtime_context.cpp:29] DecreaseCounter constructing_actor_cnt, current val is 402
I1014 09:59:25.011281 23991 naive_actor.cpp:25] actor 2199023255837 switch to &NaiveActor::HandlerNormal
I1014 09:59:25.011313 23982 naive_actor.cpp:25] actor 1099614388252 switch to &NaiveActor::HandlerNormal
I1014 09:59:25.011335 23991 thread.cpp:96] Thread 1048576 construct Actor kDeviceTick 2199023255837
I1014 09:59:25.011364 23982 thread.cpp:96] Thread 524337 construct Actor kDeviceTick 1099614388252
I1014 09:59:25.011421 23991 runtime_context.cpp:29] DecreaseCounter constructing_actor_cnt, current val is 401
I1014 09:59:25.011442 23982 runtime_context.cpp:29] DecreaseCounter constructing_actor_cnt, current val is 400
I1014 09:59:25.011694 23982 naive_actor.cpp:25] actor 1099614388261 switch to &NaiveActor::HandlerNormal
I1014 09:59:25.011729 23982 thread.cpp:96] Thread 524337 construct Actor kDeviceTick 1099614388261
I1014 09:59:25.011780 23982 runtime_context.cpp:29] DecreaseCounter constructing_actor_cnt, current val is 399
I1014 09:59:25.012017 23982 naive_actor.cpp:25] actor 1099614388276 switch to &NaiveActor::HandlerNormal
I1014 09:59:25.012051 23982 thread.cpp:96] Thread 524337 construct Actor kDeviceTick 1099614388276
I1014 09:59:25.012101 23982 runtime_context.cpp:29] DecreaseCounter constructing_actor_cnt, current val is 398
I1014 09:59:25.012328 23982 naive_actor.cpp:25] actor 1099614388269 switch to &NaiveActor::HandlerNormal
I1014 09:59:25.012362 23982 thread.cpp:96] Thread 524337 construct Actor kDeviceTick 1099614388269
I1014 09:59:25.012421 23982 runtime_context.cpp:29] DecreaseCounter constructing_actor_cnt, current val is 397
I1014 09:59:25.020514 23977 naive_actor.cpp:25] actor 1099547279360 switch to &NaiveActor::HandlerNormal
I1014 09:59:25.020645 23965 naive_actor.cpp:25] actor 1099522113536 switch to &NaiveActor::HandlerNormal
I1014 09:59:25.020645 23984 sink_actor.cpp:21] actor 1099618582528 switch to &SinkActor::HandlerNormal
I1014 09:59:25.020711 23977 thread.cpp:96] Thread 524305 construct Actor kForeignInput 1099547279360
I1014 09:59:25.020737 23966 naive_actor.cpp:25] actor 1099524210688 switch to &NaiveActor::HandlerNormal
I1014 09:59:25.020985 23977 runtime_context.cpp:29] DecreaseCounter constructing_actor_cnt, current val is 396
I1014 09:59:25.020792 23965 thread.cpp:96] Thread 524293 construct Actor kNormalForward 1099522113536
I1014 09:59:25.020876 23984 thread.cpp:96] Thread 524339 construct Actor kCallbackNotify 1099618582528
I1014 09:59:25.021167 23976 naive_actor.cpp:25] actor 1099545182208 switch to &NaiveActor::HandlerNormal
I1014 09:59:25.021278 23976 thread.cpp:96] Thread 524304 construct Actor kNormalForward 1099545182208
I1014 09:59:25.021023 23972 naive_actor.cpp:25] actor 1099536793600 switch to &NaiveActor::HandlerNormal
I1014 09:59:25.021486 23972 thread.cpp:96] Thread 524300 construct Actor kNormalForward 1099536793600
I1014 09:59:25.021118 23975 naive_actor.cpp:25] actor 1099543085056 switch to &NaiveActor::HandlerNormal
I1014 09:59:25.021147 23969 naive_actor.cpp:25] actor 1099530502144 switch to &NaiveActor::HandlerNormal
I1014 09:59:25.021806 23964 naive_actor.cpp:25] actor 1099520016384 switch to &NaiveActor::HandlerNormal
I1014 09:59:25.021929 23964 thread.cpp:96] Thread 524292 construct Actor kNormalForward 1099520016384
I1014 09:59:25.021206 23965 runtime_context.cpp:29] DecreaseCounter constructing_actor_cnt, current val is 395
I1014 09:59:25.021227 23974 naive_actor.cpp:25] actor 1099540987904 switch to &NaiveActor::HandlerNormal
I1014 09:59:25.022198 23974 thread.cpp:96] Thread 524302 construct Actor kForeignInput 1099540987904
I1014 09:59:25.021253 23984 runtime_context.cpp:29] DecreaseCounter constructing_actor_cnt, current val is 394
I1014 09:59:25.022308 23974 runtime_context.cpp:29] DecreaseCounter constructing_actor_cnt, current val is 390
I1014 09:59:25.021001 23966 thread.cpp:96] Thread 524294 construct Actor kNormalForward 1099524210688
I1014 09:59:25.021307 23978 naive_actor.cpp:25] actor 1099549376512 switch to &NaiveActor::HandlerNormal
I1014 09:59:25.022534 23978 thread.cpp:96] Thread 524306 construct Actor kNormalForward 1099549376512
I1014 09:59:25.021311 23995 naive_actor.cpp:25] actor 2199027449856 switch to &NaiveActor::HandlerNormal
I1014 09:59:25.022670 23995 thread.cpp:96] Thread 1048578 construct Actor kCopyHd 2199027449856
I1014 09:59:25.021397 23976 runtime_context.cpp:29] DecreaseCounter constructing_actor_cnt, current val is 393
I1014 09:59:25.021436 23979 naive_actor.cpp:25] actor 1099551473664 switch to &NaiveActor::HandlerNormal
I1014 09:59:25.022869 23979 thread.cpp:96] Thread 524307 construct Actor kNormalForward 1099551473664
I1014 09:59:25.021032 23967 naive_actor.cpp:25] actor 1099526307840 switch to &NaiveActor::HandlerNormal
I1014 09:59:25.023430 23967 thread.cpp:96] Thread 524295 construct Actor kNormalForward 1099526307840
I1014 09:59:25.021520 23973 naive_actor.cpp:25] actor 1099538890752 switch to &NaiveActor::HandlerNormal
I1014 09:59:25.021680 23982 esac_actor.cpp:73] actor 1099614388313 switch to &EsacActor::HandlerNormal
I1014 09:59:25.021697 23972 runtime_context.cpp:29] DecreaseCounter constructing_actor_cnt, current val is 392
I1014 09:59:25.021755 23975 thread.cpp:96] Thread 524303 construct Actor kNormalForward 1099543085056
I1014 09:59:25.021832 23969 thread.cpp:96] Thread 524297 construct Actor kNormalForward 1099530502144
I1014 09:59:25.021176 23971 naive_actor.cpp:25] actor 1099534696448 switch to &NaiveActor::HandlerNormal
I1014 09:59:25.023789 23969 runtime_context.cpp:29] DecreaseCounter constructing_actor_cnt, current val is 383
I1014 09:59:25.023811 23971 thread.cpp:96] Thread 524299 construct Actor kForeignInput 1099534696448
I1014 09:59:25.022040 23964 runtime_context.cpp:29] DecreaseCounter constructing_actor_cnt, current val is 391
I1014 09:59:25.022034 23968 naive_actor.cpp:25] actor 1099528404992 switch to &NaiveActor::HandlerNormal
I1014 09:59:25.023988 23968 thread.cpp:96] Thread 524296 construct Actor kNormalForward 1099528404992
I1014 09:59:25.022053 23962 naive_actor.cpp:25] actor 1099515822080 switch to &NaiveActor::HandlerNormal
I1014 09:59:25.022130 23961 naive_actor.cpp:25] actor 1099513724928 switch to &NaiveActor::HandlerNormal
I1014 09:59:25.024180 23961 thread.cpp:96] Thread 524289 construct Actor kNormalForward 1099513724928
I1014 09:59:25.021239 23963 naive_actor.cpp:25] actor 1099517919232 switch to &NaiveActor::HandlerNormal
I1014 09:59:25.024250 23961 runtime_context.cpp:29] DecreaseCounter constructing_actor_cnt, current val is 380
I1014 09:59:25.021369 23980 naive_actor.cpp:25] actor 1099553570816 switch to &NaiveActor::HandlerNormal
I1014 09:59:25.024336 23980 thread.cpp:96] Thread 524308 construct Actor kNormalForward 1099553570816
I1014 09:59:25.022634 23978 runtime_context.cpp:29] DecreaseCounter constructing_actor_cnt, current val is 388
I1014 09:59:25.022740 23995 runtime_context.cpp:29] DecreaseCounter constructing_actor_cnt, current val is 387
I1014 09:59:25.021492 23981 naive_actor.cpp:25] actor 1099555667968 switch to &NaiveActor::HandlerNormal
I1014 09:59:25.023393 23979 runtime_context.cpp:29] DecreaseCounter constructing_actor_cnt, current val is 386
I1014 09:59:25.023509 23967 runtime_context.cpp:29] DecreaseCounter constructing_actor_cnt, current val is 385
I1014 09:59:25.023510 23973 thread.cpp:96] Thread 524301 construct Actor kNormalForward 1099538890752
I1014 09:59:25.023556 23982 thread.cpp:96] Thread 524337 construct Actor kEsac 1099614388313
I1014 09:59:25.023692 23975 runtime_context.cpp:29] DecreaseCounter constructing_actor_cnt, current val is 384
I1014 09:59:25.020776 23970 naive_actor.cpp:25] actor 1099532599296 switch to &NaiveActor::HandlerNormal
I1014 09:59:25.025018 23970 thread.cpp:96] Thread 524298 construct Actor kNormalForward 1099532599296
I1014 09:59:25.023897 23971 runtime_context.cpp:29] DecreaseCounter constructing_actor_cnt, current val is 382
I1014 09:59:25.022043 23991 naive_actor.cpp:25] actor 2199023255571 switch to &NaiveActor::HandlerNormal
I1014 09:59:25.025166 23991 thread.cpp:96] Thread 1048576 construct Actor kNormalForward 2199023255571
I1014 09:59:25.024113 23968 runtime_context.cpp:29] DecreaseCounter constructing_actor_cnt, current val is 381
I1014 09:59:25.025211 23991 runtime_context.cpp:29] DecreaseCounter constructing_actor_cnt, current val is 375
I1014 09:59:25.024144 23962 thread.cpp:96] Thread 524290 construct Actor kNormalForward 1099515822080
I1014 09:59:25.024255 23963 thread.cpp:96] Thread 524291 construct Actor kNormalForward 1099517919232
I1014 09:59:25.022491 23966 runtime_context.cpp:29] DecreaseCounter constructing_actor_cnt, current val is 389
I1014 09:59:25.021392 23993 naive_actor.cpp:25] actor 2199025352706 switch to &NaiveActor::HandlerNormal
I1014 09:59:25.024430 23980 runtime_context.cpp:29] DecreaseCounter constructing_actor_cnt, current val is 379
I1014 09:59:25.024689 23981 thread.cpp:96] Thread 524309 construct Actor kForeignOutput 1099555667968
I1014 09:59:25.024920 23973 runtime_context.cpp:29] DecreaseCounter constructing_actor_cnt, current val is 378
I1014 09:59:25.024988 23982 runtime_context.cpp:29] DecreaseCounter constructing_actor_cnt, current val is 377
I1014 09:59:25.025077 23970 runtime_context.cpp:29] DecreaseCounter constructing_actor_cnt, current val is 376
I1014 09:59:25.025434 23962 runtime_context.cpp:29] DecreaseCounter constructing_actor_cnt, current val is 374
I1014 09:59:25.025537 23963 runtime_context.cpp:29] DecreaseCounter constructing_actor_cnt, current val is 373
I1014 09:59:25.025696 23993 thread.cpp:96] Thread 1048577 construct Actor kCopyHd 2199025352706
I1014 09:59:25.026273 23982 naive_actor.cpp:25] actor 1099614388231 switch to &NaiveActor::HandlerNormal
I1014 09:59:25.026316 23993 runtime_context.cpp:29] DecreaseCounter constructing_actor_cnt, current val is 371
I1014 09:59:25.025782 23981 runtime_context.cpp:29] DecreaseCounter constructing_actor_cnt, current val is 372
I1014 09:59:25.026345 23982 thread.cpp:96] Thread 524337 construct Actor kTick 1099614388231
I1014 09:59:25.026535 23993 naive_actor.cpp:25] actor 2199025352704 switch to &NaiveActor::HandlerNormal
I1014 09:59:25.026536 23982 runtime_context.cpp:29] DecreaseCounter constructing_actor_cnt, current val is 370
I1014 09:59:25.026638 23993 thread.cpp:96] Thread 1048577 construct Actor kCopyHd 2199025352704
I1014 09:59:25.026746 23993 runtime_context.cpp:29] DecreaseCounter constructing_actor_cnt, current val is 369
I1014 09:59:25.026901 23993 naive_actor.cpp:25] actor 2199025352705 switch to &NaiveActor::HandlerNormal
I1014 09:59:25.027006 23993 thread.cpp:96] Thread 1048577 construct Actor kCopyHd 2199025352705
I1014 09:59:25.027072 23993 runtime_context.cpp:29] DecreaseCounter constructing_actor_cnt, current val is 368
I1014 09:59:25.027113 23982 naive_actor.cpp:25] actor 1099614388234 switch to &NaiveActor::HandlerNormal
I1014 09:59:25.027168 23982 thread.cpp:96] Thread 524337 construct Actor kSrcSubsetTick 1099614388234
I1014 09:59:25.027226 23993 naive_actor.cpp:25] actor 2199025352707 switch to &NaiveActor::HandlerNormal
I1014 09:59:25.027313 23993 thread.cpp:96] Thread 1048577 construct Actor kCopyHd 2199025352707
I1014 09:59:25.027321 23982 runtime_context.cpp:29] DecreaseCounter constructing_actor_cnt, current val is 367
I1014 09:59:25.027388 23993 runtime_context.cpp:29] DecreaseCounter constructing_actor_cnt, current val is 366
I1014 09:59:25.027529 23993 naive_actor.cpp:25] actor 2199025352708 switch to &NaiveActor::HandlerNormal
I1014 09:59:25.027585 23993 thread.cpp:96] Thread 1048577 construct Actor kCopyHd 2199025352708
I1014 09:59:25.027655 23993 runtime_context.cpp:29] DecreaseCounter constructing_actor_cnt, current val is 365
I1014 09:59:25.027755 23991 naive_actor.cpp:25] actor 2199023255573 switch to &NaiveActor::HandlerNormal
I1014 09:59:25.027791 23993 naive_actor.cpp:25] actor 2199025352709 switch to &NaiveActor::HandlerNormal
I1014 09:59:25.027792 23991 thread.cpp:96] Thread 1048576 construct Actor kNormalForward 2199023255573
I1014 09:59:25.027853 23993 thread.cpp:96] Thread 1048577 construct Actor kCopyHd 2199025352709
I1014 09:59:25.027901 23991 runtime_context.cpp:29] DecreaseCounter constructing_actor_cnt, current val is 364
I1014 09:59:25.027878 23982 naive_actor.cpp:25] actor 1099614388229 switch to &NaiveActor::HandlerNormal
I1014 09:59:25.027935 23993 runtime_context.cpp:29] DecreaseCounter constructing_actor_cnt, current val is 363
I1014 09:59:25.027981 23982 thread.cpp:96] Thread 524337 construct Actor kDstSubsetTick 1099614388229
I1014 09:59:25.028120 23982 runtime_context.cpp:29] DecreaseCounter constructing_actor_cnt, current val is 362
I1014 09:59:25.028129 23993 naive_actor.cpp:25] actor 2199025352710 switch to &NaiveActor::HandlerNormal
I1014 09:59:25.028206 23993 thread.cpp:96] Thread 1048577 construct Actor kCopyHd 2199025352710
I1014 09:59:25.028298 23993 runtime_context.cpp:29] DecreaseCounter constructing_actor_cnt, current val is 361
I1014 09:59:25.028477 23991 naive_actor.cpp:25] actor 2199023255565 switch to &NaiveActor::HandlerNormal
I1014 09:59:25.028512 23991 thread.cpp:96] Thread 1048576 construct Actor kNormalForward 2199023255565
I1014 09:59:25.028542 23982 naive_actor.cpp:25] actor 1099614388224 switch to &NaiveActor::HandlerNormal
I1014 09:59:25.028563 23991 runtime_context.cpp:29] DecreaseCounter constructing_actor_cnt, current val is 360
I1014 09:59:25.028611 23982 thread.cpp:96] Thread 524337 construct Actor kDeviceTick 1099614388224
I1014 09:59:25.028713 23982 runtime_context.cpp:29] DecreaseCounter constructing_actor_cnt, current val is 359
I1014 09:59:25.028825 23991 naive_actor.cpp:25] actor 2199023255557 switch to &NaiveActor::HandlerNormal
I1014 09:59:25.028860 23991 thread.cpp:96] Thread 1048576 construct Actor kNormalForward 2199023255557
I1014 09:59:25.028909 23991 runtime_context.cpp:29] DecreaseCounter constructing_actor_cnt, current val is 358
I1014 09:59:25.029081 23982 naive_actor.cpp:25] actor 1099614388238 switch to &NaiveActor::HandlerNormal
I1014 09:59:25.029130 23982 thread.cpp:96] Thread 524337 construct Actor kTick 1099614388238
I1014 09:59:25.029197 23982 runtime_context.cpp:29] DecreaseCounter constructing_actor_cnt, current val is 357
I1014 09:59:25.029536 23982 naive_actor.cpp:25] actor 1099614388317 switch to &NaiveActor::HandlerNormal
I1014 09:59:25.029610 23982 thread.cpp:96] Thread 524337 construct Actor kTick 1099614388317
I1014 09:59:25.029685 23982 runtime_context.cpp:29] DecreaseCounter constructing_actor_cnt, current val is 356
I1014 09:59:25.029749 23991 naive_actor.cpp:25] actor 2199023255566 switch to &NaiveActor::HandlerNormal
I1014 09:59:25.029791 23991 thread.cpp:96] Thread 1048576 construct Actor kNormalForward 2199023255566
I1014 09:59:25.029832 23991 runtime_context.cpp:29] DecreaseCounter constructing_actor_cnt, current val is 355
I1014 09:59:25.030064 23991 naive_actor.cpp:25] actor 2199023255591 switch to &NaiveActor::HandlerNormal
I1014 09:59:25.030098 23991 thread.cpp:96] Thread 1048576 construct Actor kNormalForward 2199023255591
I1014 09:59:25.030102 23982 naive_actor.cpp:25] actor 1099614388228 switch to &NaiveActor::HandlerNormal
I1014 09:59:25.030264 23991 runtime_context.cpp:29] DecreaseCounter constructing_actor_cnt, current val is 354
I1014 09:59:25.030279 23982 thread.cpp:96] Thread 524337 construct Actor kTick 1099614388228
I1014 09:59:25.030393 23982 runtime_context.cpp:29] DecreaseCounter constructing_actor_cnt, current val is 353
I1014 09:59:25.030740 23982 naive_actor.cpp:25] actor 1099614388230 switch to &NaiveActor::HandlerNormal
I1014 09:59:25.030788 23982 thread.cpp:96] Thread 524337 construct Actor kTick 1099614388230
I1014 09:59:25.030848 23991 naive_actor.cpp:25] actor 2199023255614 switch to &NaiveActor::HandlerNormal
I1014 09:59:25.030854 23982 runtime_context.cpp:29] DecreaseCounter constructing_actor_cnt, current val is 352
I1014 09:59:25.030905 23991 thread.cpp:96] Thread 1048576 construct Actor kNormalForward 2199023255614
I1014 09:59:25.031014 23991 runtime_context.cpp:29] DecreaseCounter constructing_actor_cnt, current val is 351
I1014 09:59:25.031221 23991 naive_actor.cpp:25] actor 2199023255561 switch to &NaiveActor::HandlerNormal
I1014 09:59:25.031267 23991 thread.cpp:96] Thread 1048576 construct Actor kNormalForward 2199023255561
I1014 09:59:25.031270 23982 naive_actor.cpp:25] actor 1099614388225 switch to &NaiveActor::HandlerNormal
I1014 09:59:25.031312 23991 runtime_context.cpp:29] DecreaseCounter constructing_actor_cnt, current val is 350
I1014 09:59:25.031324 23982 thread.cpp:96] Thread 524337 construct Actor kSrcSubsetTick 1099614388225
I1014 09:59:25.031427 23982 runtime_context.cpp:29] DecreaseCounter constructing_actor_cnt, current val is 349
I1014 09:59:25.031524 23991 naive_actor.cpp:25] actor 2199023255563 switch to &NaiveActor::HandlerNormal
I1014 09:59:25.031561 23991 thread.cpp:96] Thread 1048576 construct Actor kNormalForward 2199023255563
I1014 09:59:25.031620 23991 runtime_context.cpp:29] DecreaseCounter constructing_actor_cnt, current val is 348
I1014 09:59:25.031810 23982 naive_actor.cpp:25] actor 1099614388237 switch to &NaiveActor::HandlerNormal
I1014 09:59:25.031823 23991 naive_actor.cpp:25] actor 2199023255582 switch to &NaiveActor::HandlerNormal
I1014 09:59:25.031872 23982 thread.cpp:96] Thread 524337 construct Actor kDstSubsetTick 1099614388237
I1014 09:59:25.031900 23991 thread.cpp:96] Thread 1048576 construct Actor kNormalForward 2199023255582
I1014 09:59:25.031976 23982 runtime_context.cpp:29] DecreaseCounter constructing_actor_cnt, current val is 347
I1014 09:59:25.031986 23991 runtime_context.cpp:29] DecreaseCounter constructing_actor_cnt, current val is 346
I1014 09:59:25.032348 23982 naive_actor.cpp:25] actor 1099614388239 switch to &NaiveActor::HandlerNormal
I1014 09:59:25.032395 23982 thread.cpp:96] Thread 524337 construct Actor kTick 1099614388239
I1014 09:59:25.032469 23982 runtime_context.cpp:29] DecreaseCounter constructing_actor_cnt, current val is 345
I1014 09:59:25.032507 23991 naive_actor.cpp:25] actor 2199023255586 switch to &NaiveActor::HandlerNormal
I1014 09:59:25.032539 23991 thread.cpp:96] Thread 1048576 construct Actor kNormalForward 2199023255586
I1014 09:59:25.032608 23991 runtime_context.cpp:29] DecreaseCounter constructing_actor_cnt, current val is 344
I1014 09:59:25.032799 23982 naive_actor.cpp:25] actor 1099614388236 switch to &NaiveActor::HandlerNormal
I1014 09:59:25.032821 23991 naive_actor.cpp:25] actor 2199023255575 switch to &NaiveActor::HandlerNormal
I1014 09:59:25.032851 23982 thread.cpp:96] Thread 524337 construct Actor kTick 1099614388236
I1014 09:59:25.032889 23991 thread.cpp:96] Thread 1048576 construct Actor kNormalForward 2199023255575
I1014 09:59:25.032976 23982 runtime_context.cpp:29] DecreaseCounter constructing_actor_cnt, current val is 343
I1014 09:59:25.032984 23991 runtime_context.cpp:29] DecreaseCounter constructing_actor_cnt, current val is 342
I1014 09:59:25.033324 23982 naive_actor.cpp:25] actor 1099614388232 switch to &NaiveActor::HandlerNormal
I1014 09:59:25.033408 23982 thread.cpp:96] Thread 524337 construct Actor kTick 1099614388232
I1014 09:59:25.033529 23982 runtime_context.cpp:29] DecreaseCounter constructing_actor_cnt, current val is 341
I1014 09:59:25.033692 23991 naive_actor.cpp:25] actor 2199023255554 switch to &NaiveActor::HandlerNormal
I1014 09:59:25.033732 23991 thread.cpp:96] Thread 1048576 construct Actor kNormalForward 2199023255554
I1014 09:59:25.033794 23991 runtime_context.cpp:29] DecreaseCounter constructing_actor_cnt, current val is 340
I1014 09:59:25.033910 23982 naive_actor.cpp:25] actor 1099614388240 switch to &NaiveActor::HandlerNormal
I1014 09:59:25.033960 23982 thread.cpp:96] Thread 524337 construct Actor kTick 1099614388240
I1014 09:59:25.034020 23991 naive_actor.cpp:25] actor 2199023255568 switch to &NaiveActor::HandlerNormal
I1014 09:59:25.034034 23982 runtime_context.cpp:29] DecreaseCounter constructing_actor_cnt, current val is 339
I1014 09:59:25.034058 23991 thread.cpp:96] Thread 1048576 construct Actor kNormalForward 2199023255568
I1014 09:59:25.034140 23991 runtime_context.cpp:29] DecreaseCounter constructing_actor_cnt, current val is 338
I1014 09:59:25.034356 23982 naive_actor.cpp:25] actor 1099614388247 switch to &NaiveActor::HandlerNormal
I1014 09:59:25.034409 23982 thread.cpp:96] Thread 524337 construct Actor kTick 1099614388247
I1014 09:59:25.034485 23982 runtime_context.cpp:29] DecreaseCounter constructing_actor_cnt, current val is 337
I1014 09:59:25.034725 23991 naive_actor.cpp:25] actor 2199023255581 switch to &NaiveActor::HandlerNormal
I1014 09:59:25.034765 23991 thread.cpp:96] Thread 1048576 construct Actor kNormalForward 2199023255581
I1014 09:59:25.034814 23991 runtime_context.cpp:29] DecreaseCounter constructing_actor_cnt, current val is 336
I1014 09:59:25.034862 23982 naive_actor.cpp:25] actor 1099614388315 switch to &NaiveActor::HandlerNormal
I1014 09:59:25.034931 23982 thread.cpp:96] Thread 524337 construct Actor kTick 1099614388315
I1014 09:59:25.035012 23982 runtime_context.cpp:29] DecreaseCounter constructing_actor_cnt, current val is 335
I1014 09:59:25.035358 23982 naive_actor.cpp:25] actor 1099614388242 switch to &NaiveActor::HandlerNormal
I1014 09:59:25.035404 23982 thread.cpp:96] Thread 524337 construct Actor kSrcSubsetTick 1099614388242
I1014 09:59:25.035439 23991 naive_actor.cpp:25] actor 2199023255567 switch to &NaiveActor::HandlerNormal
I1014 09:59:25.035471 23991 thread.cpp:96] Thread 1048576 construct Actor kNormalForward 2199023255567
I1014 09:59:25.035473 23982 runtime_context.cpp:29] DecreaseCounter constructing_actor_cnt, current val is 334
I1014 09:59:25.035519 23991 runtime_context.cpp:29] DecreaseCounter constructing_actor_cnt, current val is 333
I1014 09:59:25.035833 23982 naive_actor.cpp:25] actor 1099614388241 switch to &NaiveActor::HandlerNormal
I1014 09:59:25.035879 23982 thread.cpp:96] Thread 524337 construct Actor kDeviceTick 1099614388241
I1014 09:59:25.035953 23982 runtime_context.cpp:29] DecreaseCounter constructing_actor_cnt, current val is 332
I1014 09:59:25.036079 23991 naive_actor.cpp:25] actor 2199023255562 switch to &NaiveActor::HandlerNormal
I1014 09:59:25.036123 23991 thread.cpp:96] Thread 1048576 construct Actor kNormalForward 2199023255562
I1014 09:59:25.036177 23991 runtime_context.cpp:29] DecreaseCounter constructing_actor_cnt, current val is 331
I1014 09:59:25.036345 23982 naive_actor.cpp:25] actor 1099614388245 switch to &NaiveActor::HandlerNormal
I1014 09:59:25.036392 23982 thread.cpp:96] Thread 524337 construct Actor kTick 1099614388245
I1014 09:59:25.036478 23982 runtime_context.cpp:29] DecreaseCounter constructing_actor_cnt, current val is 330
I1014 09:59:25.036779 23991 naive_actor.cpp:25] actor 2199023255578 switch to &NaiveActor::HandlerNormal
I1014 09:59:25.036818 23991 thread.cpp:96] Thread 1048576 construct Actor kNormalForward 2199023255578
I1014 09:59:25.036875 23991 runtime_context.cpp:29] DecreaseCounter constructing_actor_cnt, current val is 329
I1014 09:59:25.036901 23982 naive_actor.cpp:25] actor 1099614388246 switch to &NaiveActor::HandlerNormal
I1014 09:59:25.036947 23982 thread.cpp:96] Thread 524337 construct Actor kDstSubsetTick 1099614388246
I1014 09:59:25.037149 23982 runtime_context.cpp:29] DecreaseCounter constructing_actor_cnt, current val is 328
I1014 09:59:25.037509 23991 naive_actor.cpp:25] actor 2199023255590 switch to &NaiveActor::HandlerNormal
I1014 09:59:25.037513 23982 naive_actor.cpp:25] actor 1099614388248 switch to &NaiveActor::HandlerNormal
I1014 09:59:25.037554 23991 thread.cpp:96] Thread 1048576 construct Actor kNormalForward 2199023255590
I1014 09:59:25.037604 23982 thread.cpp:96] Thread 524337 construct Actor kTick 1099614388248
I1014 09:59:25.037645 23991 runtime_context.cpp:29] DecreaseCounter constructing_actor_cnt, current val is 327
I1014 09:59:25.037693 23982 runtime_context.cpp:29] DecreaseCounter constructing_actor_cnt, current val is 326
I1014 09:59:25.038038 23982 naive_actor.cpp:25] actor 1099614388249 switch to &NaiveActor::HandlerNormal
I1014 09:59:25.038087 23982 thread.cpp:96] Thread 524337 construct Actor kTick 1099614388249
I1014 09:59:25.038164 23982 runtime_context.cpp:29] DecreaseCounter constructing_actor_cnt, current val is 325
I1014 09:59:25.038251 23991 naive_actor.cpp:25] actor 2199023255597 switch to &NaiveActor::HandlerNormal
I1014 09:59:25.038287 23991 thread.cpp:96] Thread 1048576 construct Actor kNormalForward 2199023255597
I1014 09:59:25.038343 23991 runtime_context.cpp:29] DecreaseCounter constructing_actor_cnt, current val is 324
I1014 09:59:25.038596 23982 naive_actor.cpp:25] actor 1099614388255 switch to &NaiveActor::HandlerNormal
I1014 09:59:25.038643 23982 thread.cpp:96] Thread 524337 construct Actor kDstSubsetTick 1099614388255
I1014 09:59:25.038736 23982 runtime_context.cpp:29] DecreaseCounter constructing_actor_cnt, current val is 323
I1014 09:59:25.038878 23991 naive_actor.cpp:25] actor 2199023255632 switch to &NaiveActor::HandlerNormal
I1014 09:59:25.038913 23991 thread.cpp:96] Thread 1048576 construct Actor kNormalForward 2199023255632
I1014 09:59:25.038964 23991 runtime_context.cpp:29] DecreaseCounter constructing_actor_cnt, current val is 322
I1014 09:59:25.039141 23982 naive_actor.cpp:25] actor 1099614388256 switch to &NaiveActor::HandlerNormal
I1014 09:59:25.039188 23982 thread.cpp:96] Thread 524337 construct Actor kTick 1099614388256
I1014 09:59:25.039268 23982 runtime_context.cpp:29] DecreaseCounter constructing_actor_cnt, current val is 321
I1014 09:59:25.039573 23991 naive_actor.cpp:25] actor 2199023255560 switch to &NaiveActor::HandlerNormal
I1014 09:59:25.039574 23982 naive_actor.cpp:25] actor 1099614388251 switch to &NaiveActor::HandlerNormal
I1014 09:59:25.039613 23991 thread.cpp:96] Thread 1048576 construct Actor kNormalForward 2199023255560
I1014 09:59:25.039652 23982 thread.cpp:96] Thread 524337 construct Actor kSrcSubsetTick 1099614388251
I1014 09:59:25.039702 23991 runtime_context.cpp:29] DecreaseCounter constructing_actor_cnt, current val is 320
I1014 09:59:25.039746 23982 runtime_context.cpp:29] DecreaseCounter constructing_actor_cnt, current val is 319
I1014 09:59:25.040067 23982 naive_actor.cpp:25] actor 1099614388250 switch to &NaiveActor::HandlerNormal
I1014 09:59:25.040114 23982 thread.cpp:96] Thread 524337 construct Actor kDeviceTick 1099614388250
I1014 09:59:25.040189 23982 runtime_context.cpp:29] DecreaseCounter constructing_actor_cnt, current val is 318
I1014 09:59:25.040580 23991 naive_actor.cpp:25] actor 2199023255594 switch to &NaiveActor::HandlerNormal
I1014 09:59:25.040591 23982 naive_actor.cpp:25] actor 1099614388314 switch to &NaiveActor::HandlerNormal
I1014 09:59:25.040618 23991 thread.cpp:96] Thread 1048576 construct Actor kNormalForward 2199023255594
I1014 09:59:25.040665 23982 thread.cpp:96] Thread 524337 construct Actor kTick 1099614388314
I1014 09:59:25.040711 23991 runtime_context.cpp:29] DecreaseCounter constructing_actor_cnt, current val is 317
I1014 09:59:25.040760 23982 runtime_context.cpp:29] DecreaseCounter constructing_actor_cnt, current val is 316
I1014 09:59:25.041079 23982 naive_actor.cpp:25] actor 1099614388254 switch to &NaiveActor::HandlerNormal
I1014 09:59:25.041173 23991 naive_actor.cpp:25] actor 2199023255593 switch to &NaiveActor::HandlerNormal
I1014 09:59:25.041191 23982 thread.cpp:96] Thread 524337 construct Actor kTick 1099614388254
I1014 09:59:25.041226 23991 thread.cpp:96] Thread 1048576 construct Actor kNormalForward 2199023255593
I1014 09:59:25.041307 23982 runtime_context.cpp:29] DecreaseCounter constructing_actor_cnt, current val is 315
I1014 09:59:25.041316 23991 runtime_context.cpp:29] DecreaseCounter constructing_actor_cnt, current val is 314
I1014 09:59:25.041656 23982 naive_actor.cpp:25] actor 1099614388257 switch to &NaiveActor::HandlerNormal
I1014 09:59:25.041703 23982 thread.cpp:96] Thread 524337 construct Actor kTick 1099614388257
I1014 09:59:25.041790 23982 runtime_context.cpp:29] DecreaseCounter constructing_actor_cnt, current val is 313
I1014 09:59:25.042040 23991 naive_actor.cpp:25] actor 2199023255576 switch to &NaiveActor::HandlerNormal
I1014 09:59:25.042079 23991 thread.cpp:96] Thread 1048576 construct Actor kNormalForward 2199023255576
I1014 09:59:25.042107 23982 naive_actor.cpp:25] actor 1099614388258 switch to &NaiveActor::HandlerNormal
I1014 09:59:25.042127 23991 runtime_context.cpp:29] DecreaseCounter constructing_actor_cnt, current val is 312
I1014 09:59:25.042151 23982 thread.cpp:96] Thread 524337 construct Actor kTick 1099614388258
I1014 09:59:25.042254 23982 runtime_context.cpp:29] DecreaseCounter constructing_actor_cnt, current val is 311
I1014 09:59:25.042575 23982 naive_actor.cpp:25] actor 1099614388265 switch to &NaiveActor::HandlerNormal
I1014 09:59:25.042623 23982 thread.cpp:96] Thread 524337 construct Actor kTick 1099614388265
I1014 09:59:25.042690 23982 runtime_context.cpp:29] DecreaseCounter constructing_actor_cnt, current val is 310
I1014 09:59:25.043030 23991 naive_actor.cpp:25] actor 2199023255569 switch to &NaiveActor::HandlerNormal
I1014 09:59:25.043079 23991 thread.cpp:96] Thread 1048576 construct Actor kNormalForward 2199023255569
I1014 09:59:25.043148 23982 esac_actor.cpp:73] actor 1099614388321 switch to &EsacActor::HandlerNormal
I1014 09:59:25.043150 23991 runtime_context.cpp:29] DecreaseCounter constructing_actor_cnt, current val is 309
I1014 09:59:25.043198 23982 thread.cpp:96] Thread 524337 construct Actor kEsac 1099614388321
I1014 09:59:25.043309 23982 runtime_context.cpp:29] DecreaseCounter constructing_actor_cnt, current val is 308
I1014 09:59:25.043467 23991 naive_actor.cpp:25] actor 2199023255577 switch to &NaiveActor::HandlerNormal
I1014 09:59:25.043507 23991 thread.cpp:96] Thread 1048576 construct Actor kNormalForward 2199023255577
I1014 09:59:25.043574 23991 runtime_context.cpp:29] DecreaseCounter constructing_actor_cnt, current val is 307
I1014 09:59:25.043649 23982 naive_actor.cpp:25] actor 1099614388259 switch to &NaiveActor::HandlerNormal
I1014 09:59:25.043694 23982 thread.cpp:96] Thread 524337 construct Actor kDeviceTick 1099614388259
I1014 09:59:25.043764 23982 runtime_context.cpp:29] DecreaseCounter constructing_actor_cnt, current val is 306
I1014 09:59:25.043912 23960 naive_actor.cpp:25] actor 1099511627776 switch to &NaiveActor::HandlerNormal
I1014 09:59:25.043972 23960 thread.cpp:96] Thread 524288 construct Actor kNormalForward 1099511627776
I1014 09:59:25.044086 23960 runtime_context.cpp:29] DecreaseCounter constructing_actor_cnt, current val is 305
I1014 09:59:25.044091 23982 naive_actor.cpp:25] actor 1099614388260 switch to &NaiveActor::HandlerNormal
I1014 09:59:25.044159 23982 thread.cpp:96] Thread 524337 construct Actor kSrcSubsetTick 1099614388260
I1014 09:59:25.044219 23982 runtime_context.cpp:29] DecreaseCounter constructing_actor_cnt, current val is 304
I1014 09:59:25.044497 23982 naive_actor.cpp:25] actor 1099614388263 switch to &NaiveActor::HandlerNormal
I1014 09:59:25.044510 23991 naive_actor.cpp:25] actor 2199023255587 switch to &NaiveActor::HandlerNormal
I1014 09:59:25.044546 23982 thread.cpp:96] Thread 524337 construct Actor kTick 1099614388263
I1014 09:59:25.044585 23991 thread.cpp:96] Thread 1048576 construct Actor kNormalForward 2199023255587
I1014 09:59:25.044644 23982 runtime_context.cpp:29] DecreaseCounter constructing_actor_cnt, current val is 303
I1014 09:59:25.044672 23991 runtime_context.cpp:29] DecreaseCounter constructing_actor_cnt, current val is 302
I1014 09:59:25.044999 23991 naive_actor.cpp:25] actor 2199023255589 switch to &NaiveActor::HandlerNormal
I1014 09:59:25.045042 23982 naive_actor.cpp:25] actor 1099614388266 switch to &NaiveActor::HandlerNormal
I1014 09:59:25.045047 23991 thread.cpp:96] Thread 1048576 construct Actor kNormalForward 2199023255589
I1014 09:59:25.045084 23982 thread.cpp:96] Thread 524337 construct Actor kTick 1099614388266
I1014 09:59:25.045136 23991 runtime_context.cpp:29] DecreaseCounter constructing_actor_cnt, current val is 301
I1014 09:59:25.045167 23982 runtime_context.cpp:29] DecreaseCounter constructing_actor_cnt, current val is 300
I1014 09:59:25.045501 23982 naive_actor.cpp:25] actor 1099614388264 switch to &NaiveActor::HandlerNormal
I1014 09:59:25.045548 23982 thread.cpp:96] Thread 524337 construct Actor kDstSubsetTick 1099614388264
I1014 09:59:25.045624 23982 runtime_context.cpp:29] DecreaseCounter constructing_actor_cnt, current val is 299
I1014 09:59:25.045780 23991 naive_actor.cpp:25] actor 2199023255555 switch to &NaiveActor::HandlerNormal
I1014 09:59:25.045820 23991 thread.cpp:96] Thread 1048576 construct Actor kNormalForward 2199023255555
I1014 09:59:25.045878 23991 runtime_context.cpp:29] DecreaseCounter constructing_actor_cnt, current val is 298
I1014 09:59:25.045938 23982 naive_actor.cpp:25] actor 1099614388282 switch to &NaiveActor::HandlerNormal
I1014 09:59:25.045979 23982 thread.cpp:96] Thread 524337 construct Actor kTick 1099614388282
I1014 09:59:25.046041 23982 runtime_context.cpp:29] DecreaseCounter constructing_actor_cnt, current val is 297
I1014 09:59:25.046110 23991 naive_actor.cpp:25] actor 2199023255603 switch to &NaiveActor::HandlerNormal
I1014 09:59:25.046149 23991 thread.cpp:96] Thread 1048576 construct Actor kNormalForward 2199023255603
I1014 09:59:25.046205 23991 runtime_context.cpp:29] DecreaseCounter constructing_actor_cnt, current val is 296
I1014 09:59:25.046348 23982 naive_actor.cpp:25] actor 1099614388310 switch to &NaiveActor::HandlerNormal
I1014 09:59:25.046396 23982 thread.cpp:96] Thread 524337 construct Actor kTick 1099614388310
I1014 09:59:25.046427 23991 naive_actor.cpp:25] actor 2199023255553 switch to &NaiveActor::HandlerNormal
I1014 09:59:25.046454 23982 runtime_context.cpp:29] DecreaseCounter constructing_actor_cnt, current val is 295
I1014 09:59:25.046468 23991 thread.cpp:96] Thread 1048576 construct Actor kNormalForward 2199023255553
I1014 09:59:25.046551 23991 runtime_context.cpp:29] DecreaseCounter constructing_actor_cnt, current val is 294
I1014 09:59:25.046770 23982 naive_actor.cpp:25] actor 1099614388274 switch to &NaiveActor::HandlerNormal
I1014 09:59:25.046790 23991 naive_actor.cpp:25] actor 2199023255584 switch to &NaiveActor::HandlerNormal
I1014 09:59:25.046815 23982 thread.cpp:96] Thread 524337 construct Actor kTick 1099614388274
I1014 09:59:25.046845 23991 thread.cpp:96] Thread 1048576 construct Actor kNormalForward 2199023255584
I1014 09:59:25.046903 23982 runtime_context.cpp:29] DecreaseCounter constructing_actor_cnt, current val is 293
I1014 09:59:25.046926 23991 runtime_context.cpp:29] DecreaseCounter constructing_actor_cnt, current val is 292
I1014 09:59:25.047195 23982 naive_actor.cpp:25] actor 1099614388277 switch to &NaiveActor::HandlerNormal
I1014 09:59:25.047243 23982 thread.cpp:96] Thread 524337 construct Actor kSrcSubsetTick 1099614388277
I1014 09:59:25.047307 23982 runtime_context.cpp:29] DecreaseCounter constructing_actor_cnt, current val is 291
I1014 09:59:25.047585 23991 naive_actor.cpp:25] actor 2199023255564 switch to &NaiveActor::HandlerNormal
I1014 09:59:25.047626 23991 thread.cpp:96] Thread 1048576 construct Actor kNormalForward 2199023255564
I1014 09:59:25.047646 23982 naive_actor.cpp:25] actor 1099614388272 switch to &NaiveActor::HandlerNormal
I1014 09:59:25.047683 23991 runtime_context.cpp:29] DecreaseCounter constructing_actor_cnt, current val is 290
I1014 09:59:25.047685 23982 thread.cpp:96] Thread 524337 construct Actor kDstSubsetTick 1099614388272
I1014 09:59:25.047842 23982 runtime_context.cpp:29] DecreaseCounter constructing_actor_cnt, current val is 289
I1014 09:59:25.048138 23982 naive_actor.cpp:25] actor 1099614388273 switch to &NaiveActor::HandlerNormal
I1014 09:59:25.048185 23982 thread.cpp:96] Thread 524337 construct Actor kTick 1099614388273
I1014 09:59:25.048252 23982 runtime_context.cpp:29] DecreaseCounter constructing_actor_cnt, current val is 288
I1014 09:59:25.048307 23991 naive_actor.cpp:25] actor 2199023255588 switch to &NaiveActor::HandlerNormal
I1014 09:59:25.048348 23991 thread.cpp:96] Thread 1048576 construct Actor kNormalForward 2199023255588
I1014 09:59:25.048413 23991 runtime_context.cpp:29] DecreaseCounter constructing_actor_cnt, current val is 287
I1014 09:59:25.048533 23982 naive_actor.cpp:25] actor 1099614388281 switch to &NaiveActor::HandlerNormal
I1014 09:59:25.048588 23982 thread.cpp:96] Thread 524337 construct Actor kTick 1099614388281
I1014 09:59:25.048650 23982 runtime_context.cpp:29] DecreaseCounter constructing_actor_cnt, current val is 286
I1014 09:59:25.048923 23982 naive_actor.cpp:25] actor 1099614388279 switch to &NaiveActor::HandlerNormal
I1014 09:59:25.048988 23982 thread.cpp:96] Thread 524337 construct Actor kTick 1099614388279
I1014 09:59:25.049046 23982 runtime_context.cpp:29] DecreaseCounter constructing_actor_cnt, current val is 285
I1014 09:59:25.049309 23982 naive_actor.cpp:25] actor 1099614388267 switch to &NaiveActor::HandlerNormal
I1014 09:59:25.049358 23982 thread.cpp:96] Thread 524337 construct Actor kDeviceTick 1099614388267
I1014 09:59:25.049417 23982 runtime_context.cpp:29] DecreaseCounter constructing_actor_cnt, current val is 284
I1014 09:59:25.049531 23991 naive_actor.cpp:25] actor 2199023255580 switch to &NaiveActor::HandlerNormal
I1014 09:59:25.049583 23991 thread.cpp:96] Thread 1048576 construct Actor kNormalForward 2199023255580
I1014 09:59:25.049649 23991 runtime_context.cpp:29] DecreaseCounter constructing_actor_cnt, current val is 283
I1014 09:59:25.049753 23982 naive_actor.cpp:25] actor 1099614388280 switch to &NaiveActor::HandlerNormal
I1014 09:59:25.049808 23982 thread.cpp:96] Thread 524337 construct Actor kDstSubsetTick 1099614388280
I1014 09:59:25.049885 23982 runtime_context.cpp:29] DecreaseCounter constructing_actor_cnt, current val is 282
I1014 09:59:25.050181 23982 naive_actor.cpp:25] actor 1099614388268 switch to &NaiveActor::HandlerNormal
I1014 09:59:25.050225 23982 thread.cpp:96] Thread 524337 construct Actor kSrcSubsetTick 1099614388268
I1014 09:59:25.050288 23982 runtime_context.cpp:29] DecreaseCounter constructing_actor_cnt, current val is 281
I1014 09:59:25.050334 23991 naive_actor.cpp:25] actor 2199023255630 switch to &NaiveActor::HandlerNormal
I1014 09:59:25.050374 23991 thread.cpp:96] Thread 1048576 construct Actor kNormalForward 2199023255630
I1014 09:59:25.050442 23991 runtime_context.cpp:29] DecreaseCounter constructing_actor_cnt, current val is 280
I1014 09:59:25.050606 23982 naive_actor.cpp:25] actor 1099614388308 switch to &NaiveActor::HandlerNormal
I1014 09:59:25.050659 23982 thread.cpp:96] Thread 524337 construct Actor kTick 1099614388308
I1014 09:59:25.050715 23982 runtime_context.cpp:29] DecreaseCounter constructing_actor_cnt, current val is 279
I1014 09:59:25.050981 23982 naive_actor.cpp:25] actor 1099614388275 switch to &NaiveActor::HandlerNormal
I1014 09:59:25.051023 23982 thread.cpp:96] Thread 524337 construct Actor kTick 1099614388275
I1014 09:59:25.051082 23982 runtime_context.cpp:29] DecreaseCounter constructing_actor_cnt, current val is 278
I1014 09:59:25.051100 23991 naive_actor.cpp:25] actor 2199023255592 switch to &NaiveActor::HandlerNormal
I1014 09:59:25.051144 23991 thread.cpp:96] Thread 1048576 construct Actor kNormalForward 2199023255592
I1014 09:59:25.051205 23991 runtime_context.cpp:29] DecreaseCounter constructing_actor_cnt, current val is 277
I1014 09:59:25.051349 23982 naive_actor.cpp:25] actor 1099614388271 switch to &NaiveActor::HandlerNormal
I1014 09:59:25.051390 23982 thread.cpp:96] Thread 524337 construct Actor kTick 1099614388271
I1014 09:59:25.051551 23982 runtime_context.cpp:29] DecreaseCounter constructing_actor_cnt, current val is 276
I1014 09:59:25.051851 23991 naive_actor.cpp:25] actor 2199023255585 switch to &NaiveActor::HandlerNormal
I1014 09:59:25.051853 23982 naive_actor.cpp:25] actor 1099614388287 switch to &NaiveActor::HandlerNormal
I1014 09:59:25.051892 23991 thread.cpp:96] Thread 1048576 construct Actor kNormalForward 2199023255585
I1014 09:59:25.051926 23982 thread.cpp:96] Thread 524337 construct Actor kTick 1099614388287
I1014 09:59:25.051990 23991 runtime_context.cpp:29] DecreaseCounter constructing_actor_cnt, current val is 275
I1014 09:59:25.052009 23982 runtime_context.cpp:29] DecreaseCounter constructing_actor_cnt, current val is 274
