Log file created at: 2020/07/11 00:39:38
Running on machine: my-ubuntu
Log line format: [IWEF]mmdd hh:mm:ss.uuuuuu threadid file:line] msg
I0711 00:39:38.637657  3315 global.h:17] NewGlobal N7oneflow7EnvDescE
I0711 00:39:38.637717  3315 global.h:17] NewGlobal N7oneflow10CtrlServerE
I0711 00:39:38.641886  3315 ctrl_server.cpp:39] CtrlServer listening on 0.0.0.0:34813
I0711 00:39:38.641978  3315 global.h:17] NewGlobal N7oneflow10CtrlClientE
I0711 00:39:38.642661  3315 ctrl_client.cpp:187] LoadServer 127.0.0.1 Successful at 0 times
I0711 00:39:38.642705  3315 global.h:17] NewGlobal N7oneflow10MachineCtxE
I0711 00:39:38.642712  3315 machine_context.cpp:17] this machine id: 0
I0711 00:39:38.666596  3315 global.h:17] NewGlobal N7oneflow12ResourceDescE
I0711 00:39:38.666635  3315 global.h:17] NewGlobal N7oneflow12ResourceDescE
I0711 00:39:38.666641  3315 global.h:17] NewGlobal N7oneflow10ThreadPoolE
I0711 00:39:38.666771  3315 global.h:17] NewGlobal N7oneflow2vm19VirtualMachineScopeE
I0711 00:39:38.666780  3315 global.h:17] NewGlobal N7oneflow9OneflowVME
I0711 00:39:38.669013  3315 global.h:17] NewGlobal N7oneflow27EagerJobBuildAndInferCtxMgrE
I0711 00:39:38.669029  3315 global.h:17] NewGlobal N7oneflow16EagerNcclCommMgrE
I0711 00:39:38.680343  3315 global.h:22] DeleteGlobal N7oneflow12ResourceDescE
I0711 00:39:38.680367  3315 version.cpp:47] OneFlow git version: v0.1.0-80-g5ae785fc1
I0711 00:39:38.680372  3315 version.cpp:55] CUDA driver version: 10.1
I0711 00:39:38.680387  3315 version.cpp:65] CUDA runtime version: 10.0
I0711 00:39:38.680393  3315 version.cpp:74] cuDNN version: 7.6.5
I0711 00:39:38.680397  3315 version.cpp:85] NCCL version: 2.7.3
I0711 00:39:38.680400  3315 global.h:17] NewGlobal N7oneflow12ResourceDescE
I0711 00:39:38.680408  3315 global.h:17] NewGlobal N7oneflow6IOConfE
I0711 00:39:38.680416  3315 global.h:17] NewGlobal N7oneflow12ProfilerConfE
I0711 00:39:38.680421  3315 global.h:17] NewGlobal N7oneflow5IDMgrE
I0711 00:39:38.680779  3315 global.h:17] NewGlobal N7oneflow16AvailableMemDescE
I0711 00:39:38.680984  3315 global.h:17] NewGlobal St13unordered_mapINSt7__cxx1112basic_stringIcSt11char_traitsIcESaIcEEElSt4hashIS5_ESt8equal_toIS5_ESaISt4pairIKS5_lEEE
I0711 00:39:38.680994  3315 global.h:17] NewGlobal N7oneflow19CriticalSectionDescE
I0711 00:39:38.681005  3315 global.h:17] NewGlobal N7oneflow16InterUserJobInfoE
I0711 00:39:38.681016  3315 global.h:17] NewGlobal N7oneflow26LazyJobBuildAndInferCtxMgrE
I0711 00:39:38.681022  3315 global.h:17] NewGlobal N7oneflow18LbiDiffWatcherInfoE
I0711 00:39:38.681033  3315 global.h:17] NewGlobal N7oneflow16JobSetCompileCtxE
I0711 00:39:38.681044  3315 global.h:17] NewGlobal N7oneflow26RuntimeBufferManagersScopeE
I0711 00:39:38.681048  3315 global.h:17] NewGlobal N7oneflow9BufferMgrIlEE
I0711 00:39:38.681053  3315 global.h:17] NewGlobal N7oneflow9BufferMgrISt10shared_ptrINS_18ForeignJobInstanceEEEE
I0711 00:39:38.681061  3315 oneflow_internal_helper.h:94] NewGlobal N7oneflow25SessionGlobalObjectsScopeE
I0711 00:39:38.682255  3315 global.h:17] NewGlobal N7oneflow7JobDescE
I0711 00:39:38.682276  3315 job_desc.cpp:93] Set piece_num_of_experiment_phase 19
I0711 00:39:42.284961  3315 global.h:22] DeleteGlobal N7oneflow7JobDescE
I0711 00:39:42.285006  3315 global.h:17] NewGlobal N7oneflow7JobDescE
I0711 00:39:42.285025  3315 job_desc.cpp:93] Set piece_num_of_experiment_phase 19
I0711 00:39:44.813268  3315 global.h:22] DeleteGlobal N7oneflow7JobDescE
I0711 00:39:44.813807  3315 global.h:17] NewGlobal N7oneflow7JobDescE
I0711 00:39:44.813828  3315 job_desc.cpp:93] Set piece_num_of_experiment_phase 19
I0711 00:39:44.825131  3315 global.h:22] DeleteGlobal N7oneflow7JobDescE
I0711 00:39:44.825168  3315 global.h:17] NewGlobal N7oneflow7JobDescE
I0711 00:39:44.825187  3315 job_desc.cpp:93] Set piece_num_of_experiment_phase 19
I0711 00:39:44.830842  3315 global.h:22] DeleteGlobal N7oneflow7JobDescE
I0711 00:39:44.844663  3315 global.h:17] NewGlobal N7oneflow24InterJobReuseMemStrategyE
I0711 00:39:44.844696  3315 global.h:17] NewGlobal N7oneflow7OneflowE
I0711 00:39:44.875105  3315 job_desc.cpp:93] Set piece_num_of_experiment_phase 19
I0711 00:39:44.884308  3315 job_desc.cpp:93] Set piece_num_of_experiment_phase 19
I0711 00:39:44.889649  3315 job_desc.cpp:93] Set piece_num_of_experiment_phase 19
I0711 00:39:44.891326  3315 job_desc.cpp:93] Set piece_num_of_experiment_phase 19
I0711 00:39:44.891355  3315 job_desc.cpp:93] Set piece_num_of_experiment_phase 19
I0711 00:39:44.891374  3315 job_desc.cpp:93] Set piece_num_of_experiment_phase 19
I0711 00:39:44.891398  3315 job_desc.cpp:93] Set piece_num_of_experiment_phase 19
I0711 00:39:44.891418  3315 job_desc.cpp:93] Set piece_num_of_experiment_phase 19
I0711 00:39:44.898027  3315 global.h:17] NewGlobal N7oneflow7JobDescE
I0711 00:39:44.898056  3315 job_desc.cpp:93] Set piece_num_of_experiment_phase 19
I0711 00:39:54.250185  3315 global.h:17] NewGlobal N7oneflow7OpGraphE
I0711 00:39:56.105566  3315 global.h:22] DeleteGlobal N7oneflow7OpGraphE
I0711 00:39:56.195159  3315 oneflow.cpp:279] compile time: 1.12971e+10
I0711 00:39:57.333490  3315 oneflow.cpp:286] push_pull_plan:1.24354e+10
I0711 00:39:57.510231  3315 oneflow.cpp:311] compile and improve time: 1.26122e+10
I0711 00:39:57.572916  3315 global.h:22] DeleteGlobal N7oneflow7JobDescE
I0711 00:39:57.573495  3315 global.h:17] NewGlobal N7oneflow7JobDescE
I0711 00:39:57.573969  3315 job_desc.cpp:93] Set piece_num_of_experiment_phase 19
I0711 00:39:57.628145  3315 global.h:17] NewGlobal N7oneflow7OpGraphE
I0711 00:39:57.648733  3315 global.h:22] DeleteGlobal N7oneflow7OpGraphE
I0711 00:39:57.650797  3315 oneflow.cpp:279] compile time: 7.68146e+07
I0711 00:39:57.659853  3315 oneflow.cpp:286] push_pull_plan:8.58742e+07
I0711 00:39:57.661514  3315 oneflow.cpp:311] compile and improve time: 8.75315e+07
I0711 00:39:57.662600  3315 global.h:22] DeleteGlobal N7oneflow7JobDescE
I0711 00:39:57.662637  3315 global.h:17] NewGlobal N7oneflow7JobDescE
I0711 00:39:57.662667  3315 job_desc.cpp:93] Set piece_num_of_experiment_phase 19
I0711 00:40:00.629998  3315 global.h:17] NewGlobal N7oneflow7OpGraphE
I0711 00:40:01.356057  3315 global.h:22] DeleteGlobal N7oneflow7OpGraphE
I0711 00:40:01.394670  3315 oneflow.cpp:279] compile time: 3.732e+09
I0711 00:40:01.816056  3315 oneflow.cpp:286] push_pull_plan:4.15338e+09
I0711 00:40:01.906029  3315 oneflow.cpp:311] compile and improve time: 4.24335e+09
I0711 00:40:01.930152  3315 global.h:22] DeleteGlobal N7oneflow7JobDescE
I0711 00:40:01.930704  3315 global.h:17] NewGlobal N7oneflow7JobDescE
I0711 00:40:01.931030  3315 job_desc.cpp:93] Set piece_num_of_experiment_phase 19
I0711 00:40:04.888217  3315 global.h:17] NewGlobal N7oneflow7OpGraphE
I0711 00:40:05.600142  3315 global.h:22] DeleteGlobal N7oneflow7OpGraphE
I0711 00:40:05.637799  3315 oneflow.cpp:279] compile time: 3.70675e+09
I0711 00:40:06.057615  3315 oneflow.cpp:286] push_pull_plan:4.12657e+09
I0711 00:40:06.147902  3315 oneflow.cpp:311] compile and improve time: 4.21685e+09
I0711 00:40:06.172427  3315 global.h:22] DeleteGlobal N7oneflow7JobDescE
I0711 00:40:06.172899  3315 global.h:17] NewGlobal N7oneflow7JobDescE
I0711 00:40:06.173236  3315 job_desc.cpp:93] Set piece_num_of_experiment_phase 19
I0711 00:40:09.285866  3315 global.h:17] NewGlobal N7oneflow7OpGraphE
I0711 00:40:10.193756  3315 global.h:22] DeleteGlobal N7oneflow7OpGraphE
I0711 00:40:10.233954  3315 oneflow.cpp:279] compile time: 4.0607e+09
I0711 00:40:10.682335  3315 oneflow.cpp:286] push_pull_plan:4.50908e+09
I0711 00:40:10.805429  3315 oneflow.cpp:311] compile and improve time: 4.63218e+09
I0711 00:40:10.838582  3315 global.h:22] DeleteGlobal N7oneflow7JobDescE
I0711 00:40:10.839148  3315 global.h:17] NewGlobal N7oneflow7JobDescE
I0711 00:40:10.839576  3315 job_desc.cpp:93] Set piece_num_of_experiment_phase 19
I0711 00:40:10.884153  3315 global.h:17] NewGlobal N7oneflow7OpGraphE
I0711 00:40:10.902819  3315 global.h:22] DeleteGlobal N7oneflow7OpGraphE
I0711 00:40:10.904572  3315 oneflow.cpp:279] compile time: 6.4972e+07
I0711 00:40:10.912612  3315 oneflow.cpp:286] push_pull_plan:7.30127e+07
I0711 00:40:10.914242  3315 oneflow.cpp:311] compile and improve time: 7.46401e+07
I0711 00:40:10.915261  3315 global.h:22] DeleteGlobal N7oneflow7JobDescE
I0711 00:40:10.915310  3315 global.h:17] NewGlobal N7oneflow7JobDescE
I0711 00:40:10.915336  3315 job_desc.cpp:93] Set piece_num_of_experiment_phase 19
I0711 00:40:10.959354  3315 global.h:17] NewGlobal N7oneflow7OpGraphE
I0711 00:40:10.976474  3315 global.h:22] DeleteGlobal N7oneflow7OpGraphE
I0711 00:40:10.978094  3315 oneflow.cpp:279] compile time: 6.27453e+07
I0711 00:40:10.984858  3315 oneflow.cpp:286] push_pull_plan:6.95084e+07
I0711 00:40:10.986171  3315 oneflow.cpp:311] compile and improve time: 7.08193e+07
I0711 00:40:10.986954  3315 global.h:22] DeleteGlobal N7oneflow7JobDescE
I0711 00:40:10.986986  3315 global.h:17] NewGlobal N7oneflow7JobDescE
I0711 00:40:10.987007  3315 job_desc.cpp:93] Set piece_num_of_experiment_phase 19
I0711 00:40:11.030700  3315 global.h:17] NewGlobal N7oneflow7OpGraphE
I0711 00:40:11.047991  3315 global.h:22] DeleteGlobal N7oneflow7OpGraphE
I0711 00:40:11.049686  3315 oneflow.cpp:279] compile time: 6.26662e+07
I0711 00:40:11.056641  3315 oneflow.cpp:286] push_pull_plan:6.96223e+07
I0711 00:40:11.058012  3315 oneflow.cpp:311] compile and improve time: 7.09896e+07
I0711 00:40:11.058805  3315 global.h:22] DeleteGlobal N7oneflow7JobDescE
I0711 00:40:11.457233  3315 global.h:17] NewGlobal N7oneflow7JobDescE
I0711 00:40:11.457314  3315 job_desc.cpp:93] Set piece_num_of_experiment_phase 19
I0711 00:40:11.457330  3315 global.h:17] NewGlobal N7oneflow7OpGraphE
I0711 00:40:11.501931  3315 global.h:22] DeleteGlobal N7oneflow7OpGraphE
I0711 00:40:11.504758  3315 oneflow.cpp:279] compile time: 4.74373e+07
I0711 00:40:11.519728  3315 oneflow.cpp:286] push_pull_plan:6.2409e+07
I0711 00:40:11.522789  3315 oneflow.cpp:311] compile and improve time: 6.54666e+07
I0711 00:40:11.524224  3315 global.h:22] DeleteGlobal N7oneflow7JobDescE
I0711 00:40:13.498744  3315 global.h:17] NewGlobal N7oneflow10RuntimeCtxE
I0711 00:40:13.499544  3315 global.h:17] NewGlobal N7oneflow6boxing10collective24CollectiveBoxingExecutorE
I0711 00:40:13.784787  3315 global.h:17] NewGlobal N7oneflow15MemoryAllocatorE
I0711 00:40:13.784878  3315 global.h:17] NewGlobal N7oneflow8RegstMgrE
I0711 00:40:14.317133  3315 global.h:17] NewGlobal N7oneflow11ActorMsgBusE
I0711 00:40:14.317173  3315 global.h:17] NewGlobal N7oneflow9ThreadMgrE
I0711 00:40:14.317925  3315 global.h:17] NewGlobal N7oneflow11NcclCommMgrE
I0711 00:40:14.318109  3315 global.h:17] NewGlobal N7oneflow6boxing10collective31CollectiveBoxingDeviceCtxPollerE
I0711 00:40:14.318187  3315 global.h:17] NewGlobal N7oneflow15RuntimeJobDescsE
I0711 00:40:14.318233  3315 job_desc.cpp:93] Set piece_num_of_experiment_phase 19
I0711 00:40:14.318277  3315 job_desc.cpp:93] Set piece_num_of_experiment_phase 19
I0711 00:40:14.318307  3315 job_desc.cpp:93] Set piece_num_of_experiment_phase 19
I0711 00:40:14.318328  3315 job_desc.cpp:93] Set piece_num_of_experiment_phase 19
I0711 00:40:14.318346  3315 job_desc.cpp:93] Set piece_num_of_experiment_phase 19
I0711 00:40:14.318359  3315 job_desc.cpp:93] Set piece_num_of_experiment_phase 19
I0711 00:40:14.318377  3315 job_desc.cpp:93] Set piece_num_of_experiment_phase 19
I0711 00:40:14.318405  3315 job_desc.cpp:93] Set piece_num_of_experiment_phase 19
I0711 00:40:14.318447  3315 job_desc.cpp:93] Set piece_num_of_experiment_phase 19
I0711 00:40:14.319229  3315 runtime_context.cpp:6] NewCounter constructing_actor_cnt 1913
I0711 00:40:14.321272  3452 thread.cpp:61] thread 14 construct actor 61572651155457
I0711 00:40:14.321275  3430 thread.cpp:61] thread 0 construct actor 714
I0711 00:40:14.321285  3460 thread.cpp:61] thread 22 construct actor 96757023244288
I0711 00:40:14.322269  3452 tick_compute_actor.cpp:7] actor 61572651155457 switch to &TickComputeActor::HandlerNormal
I0711 00:40:14.322371  3452 runtime_context.cpp:12] DecreaseCounter constructing_actor_cnt, current val is 1912
I0711 00:40:14.322414  3452 thread.cpp:61] thread 14 construct actor 61572651155465
I0711 00:40:14.323092  3452 tick_compute_actor.cpp:7] actor 61572651155465 switch to &TickComputeActor::HandlerNormal
I0711 00:40:14.323092  3430 tick_compute_actor.cpp:7] actor 714 switch to &TickComputeActor::HandlerNormal
I0711 00:40:14.323199  3452 runtime_context.cpp:12] DecreaseCounter constructing_actor_cnt, current val is 1911
I0711 00:40:14.323208  3430 runtime_context.cpp:12] DecreaseCounter constructing_actor_cnt, current val is 1910
I0711 00:40:14.323211  3452 thread.cpp:61] thread 14 construct actor 61572651155470
I0711 00:40:14.323240  3430 thread.cpp:61] thread 0 construct actor 986
I0711 00:40:14.323923  3452 tick_compute_actor.cpp:7] actor 61572651155470 switch to &TickComputeActor::HandlerNormal
I0711 00:40:14.324067  3452 runtime_context.cpp:12] DecreaseCounter constructing_actor_cnt, current val is 1909
I0711 00:40:14.324082  3452 thread.cpp:61] thread 14 construct actor 61572651155474
I0711 00:40:14.324775  3452 tick_compute_actor.cpp:7] actor 61572651155474 switch to &TickComputeActor::HandlerNormal
I0711 00:40:14.324851  3452 runtime_context.cpp:12] DecreaseCounter constructing_actor_cnt, current val is 1908
I0711 00:40:14.324863  3452 thread.cpp:61] thread 14 construct actor 61572651155481
I0711 00:40:14.324867  3430 tick_compute_actor.cpp:7] actor 986 switch to &TickComputeActor::HandlerNormal
I0711 00:40:14.324939  3430 runtime_context.cpp:12] DecreaseCounter constructing_actor_cnt, current val is 1907
I0711 00:40:14.324951  3430 thread.cpp:61] thread 0 construct actor 987
I0711 00:40:14.325493  3452 tick_compute_actor.cpp:7] actor 61572651155481 switch to &TickComputeActor::HandlerNormal
I0711 00:40:14.325557  3452 runtime_context.cpp:12] DecreaseCounter constructing_actor_cnt, current val is 1906
I0711 00:40:14.325577  3452 thread.cpp:61] thread 14 construct actor 61572651155492
I0711 00:40:14.326180  3430 tick_compute_actor.cpp:7] actor 987 switch to &TickComputeActor::HandlerNormal
I0711 00:40:14.326208  3452 tick_compute_actor.cpp:7] actor 61572651155492 switch to &TickComputeActor::HandlerNormal
I0711 00:40:14.326267  3430 runtime_context.cpp:12] DecreaseCounter constructing_actor_cnt, current val is 1905
I0711 00:40:14.326272  3452 runtime_context.cpp:12] DecreaseCounter constructing_actor_cnt, current val is 1904
I0711 00:40:14.326283  3430 thread.cpp:61] thread 0 construct actor 1256
I0711 00:40:14.326292  3452 thread.cpp:61] thread 14 construct actor 61572651155503
I0711 00:40:14.326969  3452 tick_compute_actor.cpp:7] actor 61572651155503 switch to &TickComputeActor::HandlerNormal
I0711 00:40:14.327044  3452 runtime_context.cpp:12] DecreaseCounter constructing_actor_cnt, current val is 1903
I0711 00:40:14.327055  3452 thread.cpp:61] thread 14 construct actor 61572651155507
I0711 00:40:14.327544  3430 tick_compute_actor.cpp:7] actor 1256 switch to &TickComputeActor::HandlerNormal
I0711 00:40:14.327626  3430 runtime_context.cpp:12] DecreaseCounter constructing_actor_cnt, current val is 1902
I0711 00:40:14.327641  3430 thread.cpp:61] thread 0 construct actor 1257
I0711 00:40:14.327692  3452 tick_compute_actor.cpp:7] actor 61572651155507 switch to &TickComputeActor::HandlerNormal
I0711 00:40:14.327754  3452 runtime_context.cpp:12] DecreaseCounter constructing_actor_cnt, current val is 1901
I0711 00:40:14.327766  3452 thread.cpp:61] thread 14 construct actor 61572651155523
I0711 00:40:14.328389  3452 tick_compute_actor.cpp:7] actor 61572651155523 switch to &TickComputeActor::HandlerNormal
I0711 00:40:14.328498  3452 runtime_context.cpp:12] DecreaseCounter constructing_actor_cnt, current val is 1900
I0711 00:40:14.328511  3452 thread.cpp:61] thread 14 construct actor 61572651155527
I0711 00:40:14.328902  3430 tick_compute_actor.cpp:7] actor 1257 switch to &TickComputeActor::HandlerNormal
I0711 00:40:14.329006  3430 runtime_context.cpp:12] DecreaseCounter constructing_actor_cnt, current val is 1899
I0711 00:40:14.329036  3430 thread.cpp:61] thread 0 construct actor 1527
I0711 00:40:14.329265  3452 tick_compute_actor.cpp:7] actor 61572651155527 switch to &TickComputeActor::HandlerNormal
I0711 00:40:14.329341  3452 runtime_context.cpp:12] DecreaseCounter constructing_actor_cnt, current val is 1898
I0711 00:40:14.329396  3452 thread.cpp:61] thread 14 construct actor 61572651155533
I0711 00:40:14.330112  3452 tick_compute_actor.cpp:7] actor 61572651155533 switch to &TickComputeActor::HandlerNormal
I0711 00:40:14.330278  3452 runtime_context.cpp:12] DecreaseCounter constructing_actor_cnt, current val is 1897
I0711 00:40:14.330291  3452 thread.cpp:61] thread 14 construct actor 61572651155537
I0711 00:40:14.330763  3430 tick_compute_actor.cpp:7] actor 1527 switch to &TickComputeActor::HandlerNormal
I0711 00:40:14.330862  3430 runtime_context.cpp:12] DecreaseCounter constructing_actor_cnt, current val is 1896
I0711 00:40:14.330878  3430 thread.cpp:61] thread 0 construct actor 1529
I0711 00:40:14.331053  3452 tick_compute_actor.cpp:7] actor 61572651155537 switch to &TickComputeActor::HandlerNormal
I0711 00:40:14.331117  3452 runtime_context.cpp:12] DecreaseCounter constructing_actor_cnt, current val is 1895
I0711 00:40:14.331552  3430 tick_compute_actor.cpp:7] actor 1529 switch to &TickComputeActor::HandlerNormal
I0711 00:40:14.331615  3430 runtime_context.cpp:12] DecreaseCounter constructing_actor_cnt, current val is 1894
I0711 00:40:14.331629  3430 thread.cpp:61] thread 0 construct actor 1530
I0711 00:40:14.332286  3430 tick_compute_actor.cpp:7] actor 1530 switch to &TickComputeActor::HandlerNormal
I0711 00:40:14.332358  3430 runtime_context.cpp:12] DecreaseCounter constructing_actor_cnt, current val is 1893
I0711 00:40:14.358253  3460 wait_and_send_ids_compute_actor.cpp:12] actor 96757023244288 switch to &WaitAndSendIdsCompActor::HandlerWaitToStart
I0711 00:40:14.358389  3460 runtime_context.cpp:12] DecreaseCounter constructing_actor_cnt, current val is 1892
I0711 00:40:14.548010  3430 thread.cpp:61] thread 0 construct actor 0
I0711 00:40:14.548379  3444 thread.cpp:61] thread 7 construct actor 30786325577728
I0711 00:40:14.548375  3434 thread.cpp:61] thread 2 construct actor 8796093022208
I0711 00:40:14.548503  3454 thread.cpp:61] thread 16 construct actor 70368744177664
I0711 00:40:14.548395  3461 thread.cpp:61] thread 23 construct actor 101155069755392
I0711 00:40:14.548599  3456 thread.cpp:61] thread 18 construct actor 79164837199872
I0711 00:40:14.548825  3459 thread.cpp:61] thread 21 construct actor 92358976733184
I0711 00:40:14.548923  3461 sink_compute_actor.cpp:6] actor 101155069755392 switch to &SinkCompActor::HandlerNormal
I0711 00:40:14.549023  3461 runtime_context.cpp:12] DecreaseCounter constructing_actor_cnt, current val is 1891
I0711 00:40:14.549204  3430 normal_forward_compute_actor.cpp:13] actor 0 switch to &NormalForwardCompActor::HandlerNormal
I0711 00:40:14.549265  3459 normal_forward_compute_actor.cpp:13] actor 92358976733184 switch to &NormalForwardCompActor::HandlerNormal
I0711 00:40:14.549300  3430 runtime_context.cpp:12] DecreaseCounter constructing_actor_cnt, current val is 1890
I0711 00:40:14.549314  3430 thread.cpp:61] thread 0 construct actor 1
I0711 00:40:14.549340  3459 runtime_context.cpp:12] DecreaseCounter constructing_actor_cnt, current val is 1889
I0711 00:40:14.549347  3444 normal_forward_compute_actor.cpp:13] actor 30786325577728 switch to &NormalForwardCompActor::HandlerNormal
I0711 00:40:14.549448  3444 runtime_context.cpp:12] DecreaseCounter constructing_actor_cnt, current val is 1888
I0711 00:40:14.549471  3444 thread.cpp:61] thread 7 construct actor 30786325577729
I0711 00:40:14.549607  3456 normal_forward_compute_actor.cpp:13] actor 79164837199872 switch to &NormalForwardCompActor::HandlerNormal
I0711 00:40:14.548846  3457 thread.cpp:61] thread 19 construct actor 83562883710976
I0711 00:40:14.549685  3456 runtime_context.cpp:12] DecreaseCounter constructing_actor_cnt, current val is 1887
I0711 00:40:14.549834  3434 copy_hd_actor.cpp:8] actor 8796093022208 switch to &CopyHdActor::HandlerNormal
I0711 00:40:14.549916  3434 runtime_context.cpp:12] DecreaseCounter constructing_actor_cnt, current val is 1886
I0711 00:40:14.549937  3434 thread.cpp:61] thread 2 construct actor 8796093022209
I0711 00:40:14.549962  3454 normal_forward_compute_actor.cpp:13] actor 70368744177664 switch to &NormalForwardCompActor::HandlerNormal
I0711 00:40:14.550086  3454 runtime_context.cpp:12] DecreaseCounter constructing_actor_cnt, current val is 1885
I0711 00:40:14.548399  3453 thread.cpp:61] thread 15 construct actor 65970697666560
I0711 00:40:14.548799  3455 thread.cpp:61] thread 17 construct actor 74766790688768
I0711 00:40:14.548799  3458 thread.cpp:61] thread 20 construct actor 87960930222080
I0711 00:40:14.550312  3444 normal_forward_compute_actor.cpp:13] actor 30786325577729 switch to &NormalForwardCompActor::HandlerNormal
I0711 00:40:14.550402  3444 runtime_context.cpp:12] DecreaseCounter constructing_actor_cnt, current val is 1884
I0711 00:40:14.550426  3444 thread.cpp:61] thread 7 construct actor 30786325577730
I0711 00:40:14.550086  3430 normal_forward_compute_actor.cpp:13] actor 1 switch to &NormalForwardCompActor::HandlerNormal
I0711 00:40:14.550480  3457 normal_forward_compute_actor.cpp:13] actor 83562883710976 switch to &NormalForwardCompActor::HandlerNormal
I0711 00:40:14.550729  3430 runtime_context.cpp:12] DecreaseCounter constructing_actor_cnt, current val is 1883
I0711 00:40:14.550748  3430 thread.cpp:61] thread 0 construct actor 2
I0711 00:40:14.550781  3457 runtime_context.cpp:12] DecreaseCounter constructing_actor_cnt, current val is 1882
I0711 00:40:14.550653  3458 normal_forward_compute_actor.cpp:13] actor 87960930222080 switch to &NormalForwardCompActor::HandlerNormal
I0711 00:40:14.550851  3458 runtime_context.cpp:12] DecreaseCounter constructing_actor_cnt, current val is 1881
I0711 00:40:14.548374  3452 thread.cpp:61] thread 14 construct actor 61572651155458
I0711 00:40:14.551056  3434 copy_hd_actor.cpp:8] actor 8796093022209 switch to &CopyHdActor::HandlerNormal
I0711 00:40:14.551069  3453 normal_forward_compute_actor.cpp:13] actor 65970697666560 switch to &NormalForwardCompActor::HandlerNormal
I0711 00:40:14.551138  3434 runtime_context.cpp:12] DecreaseCounter constructing_actor_cnt, current val is 1880
I0711 00:40:14.551152  3453 runtime_context.cpp:12] DecreaseCounter constructing_actor_cnt, current val is 1879
I0711 00:40:14.551156  3434 thread.cpp:61] thread 2 construct actor 8796093022210
I0711 00:40:14.551559  3430 normal_forward_compute_actor.cpp:13] actor 2 switch to &NormalForwardCompActor::HandlerNormal
I0711 00:40:14.551609  3452 tick_compute_actor.cpp:7] actor 61572651155458 switch to &TickComputeActor::HandlerNormal
I0711 00:40:14.551645  3430 runtime_context.cpp:12] DecreaseCounter constructing_actor_cnt, current val is 1878
I0711 00:40:14.551666  3430 thread.cpp:61] thread 0 construct actor 3
I0711 00:40:14.551689  3452 runtime_context.cpp:12] DecreaseCounter constructing_actor_cnt, current val is 1877
I0711 00:40:14.551708  3452 thread.cpp:61] thread 14 construct actor 61572651155459
I0711 00:40:14.552259  3434 copy_hd_actor.cpp:8] actor 8796093022210 switch to &CopyHdActor::HandlerNormal
I0711 00:40:14.552342  3434 runtime_context.cpp:12] DecreaseCounter constructing_actor_cnt, current val is 1876
I0711 00:40:14.552390  3434 thread.cpp:61] thread 2 construct actor 8796093022211
I0711 00:40:14.552436  3430 normal_forward_compute_actor.cpp:13] actor 3 switch to &NormalForwardCompActor::HandlerNormal
I0711 00:40:14.552459  3452 tick_compute_actor.cpp:7] actor 61572651155459 switch to &TickComputeActor::HandlerNormal
I0711 00:40:14.552515  3430 runtime_context.cpp:12] DecreaseCounter constructing_actor_cnt, current val is 1875
I0711 00:40:14.552534  3430 thread.cpp:61] thread 0 construct actor 4
I0711 00:40:14.552538  3452 runtime_context.cpp:12] DecreaseCounter constructing_actor_cnt, current val is 1874
I0711 00:40:14.552552  3452 thread.cpp:61] thread 14 construct actor 61572651155460
I0711 00:40:14.553342  3452 tick_compute_actor.cpp:7] actor 61572651155460 switch to &TickComputeActor::HandlerNormal
I0711 00:40:14.553439  3452 runtime_context.cpp:12] DecreaseCounter constructing_actor_cnt, current val is 1873
I0711 00:40:14.553460  3452 thread.cpp:61] thread 14 construct actor 61572651155561
I0711 00:40:14.553479  3434 copy_hd_actor.cpp:8] actor 8796093022211 switch to &CopyHdActor::HandlerNormal
I0711 00:40:14.553591  3434 runtime_context.cpp:12] DecreaseCounter constructing_actor_cnt, current val is 1872
I0711 00:40:14.553627  3434 thread.cpp:61] thread 2 construct actor 8796093022212
I0711 00:40:14.554411  3452 esac_compute_actor.cpp:21] actor 61572651155561 switch to &EsacCompActor::HandlerNormal
I0711 00:40:14.554512  3452 runtime_context.cpp:12] DecreaseCounter constructing_actor_cnt, current val is 1871
I0711 00:40:14.554533  3452 thread.cpp:61] thread 14 construct actor 61572651155462
I0711 00:40:14.554725  3434 copy_hd_actor.cpp:8] actor 8796093022212 switch to &CopyHdActor::HandlerNormal
I0711 00:40:14.554805  3434 runtime_context.cpp:12] DecreaseCounter constructing_actor_cnt, current val is 1870
I0711 00:40:14.554823  3434 thread.cpp:61] thread 2 construct actor 8796093022213
I0711 00:40:14.555294  3452 tick_compute_actor.cpp:7] actor 61572651155462 switch to &TickComputeActor::HandlerNormal
I0711 00:40:14.555377  3452 runtime_context.cpp:12] DecreaseCounter constructing_actor_cnt, current val is 1869
I0711 00:40:14.555402  3452 thread.cpp:61] thread 14 construct actor 61572651155463
I0711 00:40:14.555452  3430 normal_forward_compute_actor.cpp:13] actor 4 switch to &NormalForwardCompActor::HandlerNormal
I0711 00:40:14.555588  3430 runtime_context.cpp:12] DecreaseCounter constructing_actor_cnt, current val is 1868
I0711 00:40:14.555608  3430 thread.cpp:61] thread 0 construct actor 5
I0711 00:40:14.555897  3434 copy_hd_actor.cpp:8] actor 8796093022213 switch to &CopyHdActor::HandlerNormal
I0711 00:40:14.555963  3455 normal_forward_compute_actor.cpp:13] actor 74766790688768 switch to &NormalForwardCompActor::HandlerNormal
I0711 00:40:14.555979  3434 runtime_context.cpp:12] DecreaseCounter constructing_actor_cnt, current val is 1867
I0711 00:40:14.555991  3434 thread.cpp:61] thread 2 construct actor 8796093022214
I0711 00:40:14.556152  3452 tick_compute_actor.cpp:7] actor 61572651155463 switch to &TickComputeActor::HandlerNormal
I0711 00:40:14.556236  3452 runtime_context.cpp:12] DecreaseCounter constructing_actor_cnt, current val is 1866
I0711 00:40:14.556255  3452 thread.cpp:61] thread 14 construct actor 61572651155464
I0711 00:40:14.556352  3455 runtime_context.cpp:12] DecreaseCounter constructing_actor_cnt, current val is 1865
I0711 00:40:14.556362  3430 normal_forward_compute_actor.cpp:13] actor 5 switch to &NormalForwardCompActor::HandlerNormal
I0711 00:40:14.556473  3430 runtime_context.cpp:12] DecreaseCounter constructing_actor_cnt, current val is 1864
I0711 00:40:14.556489  3430 thread.cpp:61] thread 0 construct actor 6
I0711 00:40:14.557049  3434 copy_hd_actor.cpp:8] actor 8796093022214 switch to &CopyHdActor::HandlerNormal
I0711 00:40:14.557050  3452 tick_compute_actor.cpp:7] actor 61572651155464 switch to &TickComputeActor::HandlerNormal
I0711 00:40:14.557126  3434 runtime_context.cpp:12] DecreaseCounter constructing_actor_cnt, current val is 1863
I0711 00:40:14.557139  3434 thread.cpp:61] thread 2 construct actor 8796093022215
I0711 00:40:14.557137  3452 runtime_context.cpp:12] DecreaseCounter constructing_actor_cnt, current val is 1862
I0711 00:40:14.557157  3452 thread.cpp:61] thread 14 construct actor 61572651155560
I0711 00:40:14.557209  3430 normal_forward_compute_actor.cpp:13] actor 6 switch to &NormalForwardCompActor::HandlerNormal
I0711 00:40:14.557284  3430 runtime_context.cpp:12] DecreaseCounter constructing_actor_cnt, current val is 1861
I0711 00:40:14.557302  3430 thread.cpp:61] thread 0 construct actor 7
I0711 00:40:14.558037  3430 normal_forward_compute_actor.cpp:13] actor 7 switch to &NormalForwardCompActor::HandlerNormal
I0711 00:40:14.558117  3430 runtime_context.cpp:12] DecreaseCounter constructing_actor_cnt, current val is 1860
I0711 00:40:14.558130  3430 thread.cpp:61] thread 0 construct actor 8
I0711 00:40:14.558208  3434 copy_hd_actor.cpp:8] actor 8796093022215 switch to &CopyHdActor::HandlerNormal
I0711 00:40:14.558282  3434 runtime_context.cpp:12] DecreaseCounter constructing_actor_cnt, current val is 1859
I0711 00:40:14.558300  3434 thread.cpp:61] thread 2 construct actor 8796093022216
I0711 00:40:14.558305  3452 esac_compute_actor.cpp:21] actor 61572651155560 switch to &EsacCompActor::HandlerNormal
I0711 00:40:14.558476  3452 runtime_context.cpp:12] DecreaseCounter constructing_actor_cnt, current val is 1858
I0711 00:40:14.558499  3452 thread.cpp:61] thread 14 construct actor 61572651155467
I0711 00:40:14.558879  3430 normal_forward_compute_actor.cpp:13] actor 8 switch to &NormalForwardCompActor::HandlerNormal
I0711 00:40:14.558957  3430 runtime_context.cpp:12] DecreaseCounter constructing_actor_cnt, current val is 1857
I0711 00:40:14.558970  3430 thread.cpp:61] thread 0 construct actor 9
I0711 00:40:14.559231  3452 tick_compute_actor.cpp:7] actor 61572651155467 switch to &TickComputeActor::HandlerNormal
I0711 00:40:14.559309  3452 runtime_context.cpp:12] DecreaseCounter constructing_actor_cnt, current val is 1856
I0711 00:40:14.559322  3452 thread.cpp:61] thread 14 construct actor 61572651155468
I0711 00:40:14.559443  3434 copy_hd_actor.cpp:8] actor 8796093022216 switch to &CopyHdActor::HandlerNormal
I0711 00:40:14.559518  3434 runtime_context.cpp:12] DecreaseCounter constructing_actor_cnt, current val is 1855
I0711 00:40:14.559530  3434 thread.cpp:61] thread 2 construct actor 8796093022217
I0711 00:40:14.559780  3430 normal_forward_compute_actor.cpp:13] actor 9 switch to &NormalForwardCompActor::HandlerNormal
I0711 00:40:14.559864  3430 runtime_context.cpp:12] DecreaseCounter constructing_actor_cnt, current val is 1854
I0711 00:40:14.559876  3430 thread.cpp:61] thread 0 construct actor 10
I0711 00:40:14.560120  3452 tick_compute_actor.cpp:7] actor 61572651155468 switch to &TickComputeActor::HandlerNormal
I0711 00:40:14.560199  3452 runtime_context.cpp:12] DecreaseCounter constructing_actor_cnt, current val is 1853
I0711 00:40:14.560218  3452 thread.cpp:61] thread 14 construct actor 61572651155559
I0711 00:40:14.560652  3434 copy_hd_actor.cpp:8] actor 8796093022217 switch to &CopyHdActor::HandlerNormal
I0711 00:40:14.560674  3430 normal_forward_compute_actor.cpp:13] actor 10 switch to &NormalForwardCompActor::HandlerNormal
I0711 00:40:14.560727  3434 runtime_context.cpp:12] DecreaseCounter constructing_actor_cnt, current val is 1852
I0711 00:40:14.560739  3434 thread.cpp:61] thread 2 construct actor 8796093022218
I0711 00:40:14.560741  3430 runtime_context.cpp:12] DecreaseCounter constructing_actor_cnt, current val is 1851
I0711 00:40:14.560753  3430 thread.cpp:61] thread 0 construct actor 11
I0711 00:40:14.560973  3452 tick_compute_actor.cpp:7] actor 61572651155559 switch to &TickComputeActor::HandlerNormal
I0711 00:40:14.561051  3452 runtime_context.cpp:12] DecreaseCounter constructing_actor_cnt, current val is 1850
I0711 00:40:14.561064  3452 thread.cpp:61] thread 14 construct actor 61572651155471
I0711 00:40:14.561543  3430 normal_forward_compute_actor.cpp:13] actor 11 switch to &NormalForwardCompActor::HandlerNormal
I0711 00:40:14.561622  3430 runtime_context.cpp:12] DecreaseCounter constructing_actor_cnt, current val is 1849
I0711 00:40:14.561635  3430 thread.cpp:61] thread 0 construct actor 12
I0711 00:40:14.561813  3434 copy_hd_actor.cpp:8] actor 8796093022218 switch to &CopyHdActor::HandlerNormal
I0711 00:40:14.561825  3452 tick_compute_actor.cpp:7] actor 61572651155471 switch to &TickComputeActor::HandlerNormal
I0711 00:40:14.561888  3434 runtime_context.cpp:12] DecreaseCounter constructing_actor_cnt, current val is 1848
I0711 00:40:14.561902  3434 thread.cpp:61] thread 2 construct actor 8796093022219
I0711 00:40:14.561902  3452 runtime_context.cpp:12] DecreaseCounter constructing_actor_cnt, current val is 1847
I0711 00:40:14.561915  3452 thread.cpp:61] thread 14 construct actor 61572651155472
I0711 00:40:14.562402  3430 normal_forward_compute_actor.cpp:13] actor 12 switch to &NormalForwardCompActor::HandlerNormal
I0711 00:40:14.562496  3430 runtime_context.cpp:12] DecreaseCounter constructing_actor_cnt, current val is 1846
I0711 00:40:14.562508  3430 thread.cpp:61] thread 0 construct actor 13
I0711 00:40:14.562659  3452 tick_compute_actor.cpp:7] actor 61572651155472 switch to &TickComputeActor::HandlerNormal
I0711 00:40:14.562765  3452 runtime_context.cpp:12] DecreaseCounter constructing_actor_cnt, current val is 1845
I0711 00:40:14.562788  3452 thread.cpp:61] thread 14 construct actor 61572651155473
I0711 00:40:14.563009  3434 copy_hd_actor.cpp:8] actor 8796093022219 switch to &CopyHdActor::HandlerNormal
I0711 00:40:14.563107  3434 runtime_context.cpp:12] DecreaseCounter constructing_actor_cnt, current val is 1844
I0711 00:40:14.563138  3434 thread.cpp:61] thread 2 construct actor 8796093022220
I0711 00:40:14.563668  3452 tick_compute_actor.cpp:7] actor 61572651155473 switch to &TickComputeActor::HandlerNormal
I0711 00:40:14.563752  3452 runtime_context.cpp:12] DecreaseCounter constructing_actor_cnt, current val is 1843
I0711 00:40:14.563771  3452 thread.cpp:61] thread 14 construct actor 61572651155558
I0711 00:40:14.564211  3434 copy_hd_actor.cpp:8] actor 8796093022220 switch to &CopyHdActor::HandlerNormal
I0711 00:40:14.564287  3434 runtime_context.cpp:12] DecreaseCounter constructing_actor_cnt, current val is 1842
I0711 00:40:14.564299  3434 thread.cpp:61] thread 2 construct actor 8796093022221
I0711 00:40:14.564544  3452 tick_compute_actor.cpp:7] actor 61572651155558 switch to &TickComputeActor::HandlerNormal
I0711 00:40:14.564620  3452 runtime_context.cpp:12] DecreaseCounter constructing_actor_cnt, current val is 1841
I0711 00:40:14.564638  3452 thread.cpp:61] thread 14 construct actor 61572651155476
I0711 00:40:14.565152  3430 normal_forward_compute_actor.cpp:13] actor 13 switch to &NormalForwardCompActor::HandlerNormal
I0711 00:40:14.565310  3430 runtime_context.cpp:12] DecreaseCounter constructing_actor_cnt, current val is 1840
I0711 00:40:14.565322  3430 thread.cpp:61] thread 0 construct actor 14
I0711 00:40:14.565443  3434 copy_hd_actor.cpp:8] actor 8796093022221 switch to &CopyHdActor::HandlerNormal
I0711 00:40:14.565443  3452 tick_compute_actor.cpp:7] actor 61572651155476 switch to &TickComputeActor::HandlerNormal
I0711 00:40:14.565521  3434 runtime_context.cpp:12] DecreaseCounter constructing_actor_cnt, current val is 1839
I0711 00:40:14.565532  3452 runtime_context.cpp:12] DecreaseCounter constructing_actor_cnt, current val is 1838
I0711 00:40:14.565541  3434 thread.cpp:61] thread 2 construct actor 8796093022222
I0711 00:40:14.565551  3452 thread.cpp:61] thread 14 construct actor 61572651155477
I0711 00:40:14.566327  3452 tick_compute_actor.cpp:7] actor 61572651155477 switch to &TickComputeActor::HandlerNormal
I0711 00:40:14.566424  3452 runtime_context.cpp:12] DecreaseCounter constructing_actor_cnt, current val is 1837
I0711 00:40:14.566453  3452 thread.cpp:61] thread 14 construct actor 61572651155478
I0711 00:40:14.566696  3434 copy_hd_actor.cpp:8] actor 8796093022222 switch to &CopyHdActor::HandlerNormal
I0711 00:40:14.566772  3434 runtime_context.cpp:12] DecreaseCounter constructing_actor_cnt, current val is 1836
I0711 00:40:14.566785  3434 thread.cpp:61] thread 2 construct actor 8796093022223
I0711 00:40:14.566864  3430 normal_forward_compute_actor.cpp:13] actor 14 switch to &NormalForwardCompActor::HandlerNormal
I0711 00:40:14.566964  3430 runtime_context.cpp:12] DecreaseCounter constructing_actor_cnt, current val is 1835
I0711 00:40:14.566985  3430 thread.cpp:61] thread 0 construct actor 15
I0711 00:40:14.567217  3452 tick_compute_actor.cpp:7] actor 61572651155478 switch to &TickComputeActor::HandlerNormal
I0711 00:40:14.567297  3452 runtime_context.cpp:12] DecreaseCounter constructing_actor_cnt, current val is 1834
I0711 00:40:14.567319  3452 thread.cpp:61] thread 14 construct actor 61572651155479
I0711 00:40:14.567859  3434 copy_hd_actor.cpp:8] actor 8796093022223 switch to &CopyHdActor::HandlerNormal
I0711 00:40:14.567937  3434 runtime_context.cpp:12] DecreaseCounter constructing_actor_cnt, current val is 1833
I0711 00:40:14.567950  3434 thread.cpp:61] thread 2 construct actor 8796093022224
I0711 00:40:14.568073  3452 tick_compute_actor.cpp:7] actor 61572651155479 switch to &TickComputeActor::HandlerNormal
I0711 00:40:14.568195  3452 runtime_context.cpp:12] DecreaseCounter constructing_actor_cnt, current val is 1832
I0711 00:40:14.568241  3452 thread.cpp:61] thread 14 construct actor 61572651155557
I0711 00:40:14.569020  3452 tick_compute_actor.cpp:7] actor 61572651155557 switch to &TickComputeActor::HandlerNormal
I0711 00:40:14.569027  3430 normal_forward_compute_actor.cpp:13] actor 15 switch to &NormalForwardCompActor::HandlerNormal
I0711 00:40:14.569056  3434 copy_hd_actor.cpp:8] actor 8796093022224 switch to &CopyHdActor::HandlerNormal
I0711 00:40:14.569109  3452 runtime_context.cpp:12] DecreaseCounter constructing_actor_cnt, current val is 1831
I0711 00:40:14.569123  3434 runtime_context.cpp:12] DecreaseCounter constructing_actor_cnt, current val is 1830
I0711 00:40:14.569123  3452 thread.cpp:61] thread 14 construct actor 61572651155482
I0711 00:40:14.569139  3434 thread.cpp:61] thread 2 construct actor 8796093022225
I0711 00:40:14.569150  3430 runtime_context.cpp:12] DecreaseCounter constructing_actor_cnt, current val is 1829
I0711 00:40:14.569169  3430 thread.cpp:61] thread 0 construct actor 16
I0711 00:40:14.569913  3452 tick_compute_actor.cpp:7] actor 61572651155482 switch to &TickComputeActor::HandlerNormal
I0711 00:40:14.569938  3430 normal_forward_compute_actor.cpp:13] actor 16 switch to &NormalForwardCompActor::HandlerNormal
I0711 00:40:14.569995  3452 runtime_context.cpp:12] DecreaseCounter constructing_actor_cnt, current val is 1828
I0711 00:40:14.570008  3452 thread.cpp:61] thread 14 construct actor 61572651155483
I0711 00:40:14.570010  3430 runtime_context.cpp:12] DecreaseCounter constructing_actor_cnt, current val is 1827
I0711 00:40:14.570022  3430 thread.cpp:61] thread 0 construct actor 17
I0711 00:40:14.570215  3434 copy_hd_actor.cpp:8] actor 8796093022225 switch to &CopyHdActor::HandlerNormal
I0711 00:40:14.570291  3434 runtime_context.cpp:12] DecreaseCounter constructing_actor_cnt, current val is 1826
I0711 00:40:14.570302  3434 thread.cpp:61] thread 2 construct actor 8796093022226
I0711 00:40:14.570796  3452 tick_compute_actor.cpp:7] actor 61572651155483 switch to &TickComputeActor::HandlerNormal
I0711 00:40:14.570852  3430 normal_forward_compute_actor.cpp:13] actor 17 switch to &NormalForwardCompActor::HandlerNormal
I0711 00:40:14.570875  3452 runtime_context.cpp:12] DecreaseCounter constructing_actor_cnt, current val is 1825
I0711 00:40:14.570888  3452 thread.cpp:61] thread 14 construct actor 61572651155484
I0711 00:40:14.570920  3430 runtime_context.cpp:12] DecreaseCounter constructing_actor_cnt, current val is 1824
I0711 00:40:14.570933  3430 thread.cpp:61] thread 0 construct actor 18
I0711 00:40:14.571446  3434 copy_hd_actor.cpp:8] actor 8796093022226 switch to &CopyHdActor::HandlerNormal
I0711 00:40:14.571524  3434 runtime_context.cpp:12] DecreaseCounter constructing_actor_cnt, current val is 1823
I0711 00:40:14.571537  3434 thread.cpp:61] thread 2 construct actor 8796093022227
I0711 00:40:14.571652  3452 tick_compute_actor.cpp:7] actor 61572651155484 switch to &TickComputeActor::HandlerNormal
I0711 00:40:14.571734  3452 runtime_context.cpp:12] DecreaseCounter constructing_actor_cnt, current val is 1822
I0711 00:40:14.571754  3452 thread.cpp:61] thread 14 construct actor 61572651155485
I0711 00:40:14.572646  3434 copy_hd_actor.cpp:8] actor 8796093022227 switch to &CopyHdActor::HandlerNormal
I0711 00:40:14.572726  3434 runtime_context.cpp:12] DecreaseCounter constructing_actor_cnt, current val is 1821
I0711 00:40:14.572743  3434 thread.cpp:61] thread 2 construct actor 8796093022228
I0711 00:40:14.573796  3430 normal_forward_compute_actor.cpp:13] actor 18 switch to &NormalForwardCompActor::HandlerNormal
I0711 00:40:14.573822  3434 copy_hd_actor.cpp:8] actor 8796093022228 switch to &CopyHdActor::HandlerNormal
I0711 00:40:14.573894  3434 runtime_context.cpp:12] DecreaseCounter constructing_actor_cnt, current val is 1820
I0711 00:40:14.573905  3434 thread.cpp:61] thread 2 construct actor 8796093022229
I0711 00:40:14.573928  3430 runtime_context.cpp:12] DecreaseCounter constructing_actor_cnt, current val is 1819
I0711 00:40:14.573941  3430 thread.cpp:61] thread 0 construct actor 19
I0711 00:40:14.574743  3430 normal_forward_compute_actor.cpp:13] actor 19 switch to &NormalForwardCompActor::HandlerNormal
I0711 00:40:14.574829  3430 runtime_context.cpp:12] DecreaseCounter constructing_actor_cnt, current val is 1818
I0711 00:40:14.574847  3430 thread.cpp:61] thread 0 construct actor 20
I0711 00:40:14.574990  3434 copy_hd_actor.cpp:8] actor 8796093022229 switch to &CopyHdActor::HandlerNormal
I0711 00:40:14.575064  3434 runtime_context.cpp:12] DecreaseCounter constructing_actor_cnt, current val is 1817
I0711 00:40:14.575083  3434 thread.cpp:61] thread 2 construct actor 8796093022230
I0711 00:40:14.575626  3430 normal_forward_compute_actor.cpp:13] actor 20 switch to &NormalForwardCompActor::HandlerNormal
I0711 00:40:14.575709  3430 runtime_context.cpp:12] DecreaseCounter constructing_actor_cnt, current val is 1816
I0711 00:40:14.575713  3452 tick_compute_actor.cpp:7] actor 61572651155485 switch to &TickComputeActor::HandlerNormal
I0711 00:40:14.575743  3430 thread.cpp:61] thread 0 construct actor 21
I0711 00:40:14.575956  3452 runtime_context.cpp:12] DecreaseCounter constructing_actor_cnt, current val is 1815
I0711 00:40:14.575978  3452 thread.cpp:61] thread 14 construct actor 61572651155556
I0711 00:40:14.576229  3434 copy_hd_actor.cpp:8] actor 8796093022230 switch to &CopyHdActor::HandlerNormal
I0711 00:40:14.576306  3434 runtime_context.cpp:12] DecreaseCounter constructing_actor_cnt, current val is 1814
I0711 00:40:14.576319  3434 thread.cpp:61] thread 2 construct actor 8796093022231
I0711 00:40:14.576546  3430 normal_forward_compute_actor.cpp:13] actor 21 switch to &NormalForwardCompActor::HandlerNormal
I0711 00:40:14.576625  3430 runtime_context.cpp:12] DecreaseCounter constructing_actor_cnt, current val is 1813
I0711 00:40:14.576637  3430 thread.cpp:61] thread 0 construct actor 22
I0711 00:40:14.576777  3452 tick_compute_actor.cpp:7] actor 61572651155556 switch to &TickComputeActor::HandlerNormal
I0711 00:40:14.576848  3452 runtime_context.cpp:12] DecreaseCounter constructing_actor_cnt, current val is 1812
I0711 00:40:14.576861  3452 thread.cpp:61] thread 14 construct actor 61572651155487
I0711 00:40:14.577337  3430 normal_forward_compute_actor.cpp:13] actor 22 switch to &NormalForwardCompActor::HandlerNormal
I0711 00:40:14.577414  3434 copy_hd_actor.cpp:8] actor 8796093022231 switch to &CopyHdActor::HandlerNormal
I0711 00:40:14.577447  3430 runtime_context.cpp:12] DecreaseCounter constructing_actor_cnt, current val is 1811
I0711 00:40:14.577459  3430 thread.cpp:61] thread 0 construct actor 23
I0711 00:40:14.577498  3434 runtime_context.cpp:12] DecreaseCounter constructing_actor_cnt, current val is 1810
I0711 00:40:14.577517  3434 thread.cpp:61] thread 2 construct actor 8796093022232
I0711 00:40:14.577625  3452 tick_compute_actor.cpp:7] actor 61572651155487 switch to &TickComputeActor::HandlerNormal
I0711 00:40:14.577694  3452 runtime_context.cpp:12] DecreaseCounter constructing_actor_cnt, current val is 1809
I0711 00:40:14.577708  3452 thread.cpp:61] thread 14 construct actor 61572651155488
I0711 00:40:14.578222  3430 normal_forward_compute_actor.cpp:13] actor 23 switch to &NormalForwardCompActor::HandlerNormal
I0711 00:40:14.578300  3430 runtime_context.cpp:12] DecreaseCounter constructing_actor_cnt, current val is 1808
I0711 00:40:14.578312  3430 thread.cpp:61] thread 0 construct actor 24
I0711 00:40:14.578469  3452 tick_compute_actor.cpp:7] actor 61572651155488 switch to &TickComputeActor::HandlerNormal
I0711 00:40:14.578541  3452 runtime_context.cpp:12] DecreaseCounter constructing_actor_cnt, current val is 1807
I0711 00:40:14.578560  3452 thread.cpp:61] thread 14 construct actor 61572651155489
I0711 00:40:14.578593  3434 copy_hd_actor.cpp:8] actor 8796093022232 switch to &CopyHdActor::HandlerNormal
I0711 00:40:14.578660  3434 runtime_context.cpp:12] DecreaseCounter constructing_actor_cnt, current val is 1806
I0711 00:40:14.578677  3434 thread.cpp:61] thread 2 construct actor 8796093022233
I0711 00:40:14.579134  3430 normal_forward_compute_actor.cpp:13] actor 24 switch to &NormalForwardCompActor::HandlerNormal
I0711 00:40:14.579238  3430 runtime_context.cpp:12] DecreaseCounter constructing_actor_cnt, current val is 1805
I0711 00:40:14.579259  3430 thread.cpp:61] thread 0 construct actor 25
I0711 00:40:14.579375  3452 tick_compute_actor.cpp:7] actor 61572651155489 switch to &TickComputeActor::HandlerNormal
I0711 00:40:14.579483  3452 runtime_context.cpp:12] DecreaseCounter constructing_actor_cnt, current val is 1804
I0711 00:40:14.579502  3452 thread.cpp:61] thread 14 construct actor 61572651155490
I0711 00:40:14.579775  3434 copy_hd_actor.cpp:8] actor 8796093022233 switch to &CopyHdActor::HandlerNormal
I0711 00:40:14.579849  3434 runtime_context.cpp:12] DecreaseCounter constructing_actor_cnt, current val is 1803
I0711 00:40:14.579860  3434 thread.cpp:61] thread 2 construct actor 8796093022234
I0711 00:40:14.580057  3430 normal_forward_compute_actor.cpp:13] actor 25 switch to &NormalForwardCompActor::HandlerNormal
I0711 00:40:14.580128  3430 runtime_context.cpp:12] DecreaseCounter constructing_actor_cnt, current val is 1802
I0711 00:40:14.580147  3430 thread.cpp:61] thread 0 construct actor 26
I0711 00:40:14.580230  3452 tick_compute_actor.cpp:7] actor 61572651155490 switch to &TickComputeActor::HandlerNormal
I0711 00:40:14.580302  3452 runtime_context.cpp:12] DecreaseCounter constructing_actor_cnt, current val is 1801
I0711 00:40:14.580314  3452 thread.cpp:61] thread 14 construct actor 61572651155555
I0711 00:40:14.580925  3430 normal_forward_compute_actor.cpp:13] actor 26 switch to &NormalForwardCompActor::HandlerNormal
I0711 00:40:14.580929  3434 copy_hd_actor.cpp:8] actor 8796093022234 switch to &CopyHdActor::HandlerNormal
I0711 00:40:14.581007  3430 runtime_context.cpp:12] DecreaseCounter constructing_actor_cnt, current val is 1800
I0711 00:40:14.581009  3434 runtime_context.cpp:12] DecreaseCounter constructing_actor_cnt, current val is 1799
I0711 00:40:14.581022  3430 thread.cpp:61] thread 0 construct actor 27
I0711 00:40:14.581029  3434 thread.cpp:61] thread 2 construct actor 8796093022235
I0711 00:40:14.581073  3452 tick_compute_actor.cpp:7] actor 61572651155555 switch to &TickComputeActor::HandlerNormal
I0711 00:40:14.581141  3452 runtime_context.cpp:12] DecreaseCounter constructing_actor_cnt, current val is 1798
I0711 00:40:14.581161  3452 thread.cpp:61] thread 14 construct actor 61572651155493
I0711 00:40:14.581959  3452 tick_compute_actor.cpp:7] actor 61572651155493 switch to &TickComputeActor::HandlerNormal
I0711 00:40:14.582043  3452 runtime_context.cpp:12] DecreaseCounter constructing_actor_cnt, current val is 1797
I0711 00:40:14.582056  3452 thread.cpp:61] thread 14 construct actor 61572651155494
I0711 00:40:14.582106  3434 copy_hd_actor.cpp:8] actor 8796093022235 switch to &CopyHdActor::HandlerNormal
I0711 00:40:14.582173  3434 runtime_context.cpp:12] DecreaseCounter constructing_actor_cnt, current val is 1796
I0711 00:40:14.582185  3434 thread.cpp:61] thread 2 construct actor 8796093022236
I0711 00:40:14.582808  3452 tick_compute_actor.cpp:7] actor 61572651155494 switch to &TickComputeActor::HandlerNormal
I0711 00:40:14.582888  3452 runtime_context.cpp:12] DecreaseCounter constructing_actor_cnt, current val is 1795
I0711 00:40:14.582907  3452 thread.cpp:61] thread 14 construct actor 61572651155495
I0711 00:40:14.583266  3434 copy_hd_actor.cpp:8] actor 8796093022236 switch to &CopyHdActor::HandlerNormal
I0711 00:40:14.583341  3434 runtime_context.cpp:12] DecreaseCounter constructing_actor_cnt, current val is 1794
I0711 00:40:14.583354  3434 thread.cpp:61] thread 2 construct actor 8796093022237
I0711 00:40:14.583662  3452 tick_compute_actor.cpp:7] actor 61572651155495 switch to &TickComputeActor::HandlerNormal
I0711 00:40:14.583742  3452 runtime_context.cpp:12] DecreaseCounter constructing_actor_cnt, current val is 1793
I0711 00:40:14.583755  3452 thread.cpp:61] thread 14 construct actor 61572651155496
I0711 00:40:14.583840  3430 normal_forward_compute_actor.cpp:13] actor 27 switch to &NormalForwardCompActor::HandlerNormal
I0711 00:40:14.583974  3430 runtime_context.cpp:12] DecreaseCounter constructing_actor_cnt, current val is 1792
I0711 00:40:14.584028  3430 thread.cpp:61] thread 0 construct actor 28
I0711 00:40:14.584498  3434 copy_hd_actor.cpp:8] actor 8796093022237 switch to &CopyHdActor::HandlerNormal
I0711 00:40:14.584579  3434 runtime_context.cpp:12] DecreaseCounter constructing_actor_cnt, current val is 1791
I0711 00:40:14.584591  3434 thread.cpp:61] thread 2 construct actor 8796093022238
I0711 00:40:14.584823  3430 normal_forward_compute_actor.cpp:13] actor 28 switch to &NormalForwardCompActor::HandlerNormal
I0711 00:40:14.584903  3430 runtime_context.cpp:12] DecreaseCounter constructing_actor_cnt, current val is 1790
I0711 00:40:14.584915  3430 thread.cpp:61] thread 0 construct actor 29
