Log file created at: 2020/07/11 00:40:40
Running on machine: my-ubuntu
Log line format: [IWEF]mmdd hh:mm:ss.uuuuuu threadid file:line] msg
I0711 00:40:40.367002  3490 global.h:17] NewGlobal N7oneflow7EnvDescE
I0711 00:40:40.367091  3490 global.h:17] NewGlobal N7oneflow10CtrlServerE
I0711 00:40:40.371281  3490 ctrl_server.cpp:39] CtrlServer listening on 0.0.0.0:55947
I0711 00:40:40.371395  3490 global.h:17] NewGlobal N7oneflow10CtrlClientE
I0711 00:40:40.372026  3490 ctrl_client.cpp:187] LoadServer 127.0.0.1 Successful at 0 times
I0711 00:40:40.372069  3490 global.h:17] NewGlobal N7oneflow10MachineCtxE
I0711 00:40:40.372077  3490 machine_context.cpp:17] this machine id: 0
I0711 00:40:40.395599  3490 global.h:17] NewGlobal N7oneflow12ResourceDescE
I0711 00:40:40.395643  3490 global.h:17] NewGlobal N7oneflow12ResourceDescE
I0711 00:40:40.395650  3490 global.h:17] NewGlobal N7oneflow10ThreadPoolE
I0711 00:40:40.395786  3490 global.h:17] NewGlobal N7oneflow2vm19VirtualMachineScopeE
I0711 00:40:40.395797  3490 global.h:17] NewGlobal N7oneflow9OneflowVME
I0711 00:40:40.398113  3490 global.h:17] NewGlobal N7oneflow27EagerJobBuildAndInferCtxMgrE
I0711 00:40:40.398129  3490 global.h:17] NewGlobal N7oneflow16EagerNcclCommMgrE
I0711 00:40:40.409464  3490 global.h:22] DeleteGlobal N7oneflow12ResourceDescE
I0711 00:40:40.409489  3490 version.cpp:47] OneFlow git version: v0.1.0-80-g5ae785fc1
I0711 00:40:40.409495  3490 version.cpp:55] CUDA driver version: 10.1
I0711 00:40:40.409504  3490 version.cpp:65] CUDA runtime version: 10.0
I0711 00:40:40.409510  3490 version.cpp:74] cuDNN version: 7.6.5
I0711 00:40:40.409514  3490 version.cpp:85] NCCL version: 2.7.3
I0711 00:40:40.409518  3490 global.h:17] NewGlobal N7oneflow12ResourceDescE
I0711 00:40:40.409524  3490 global.h:17] NewGlobal N7oneflow6IOConfE
I0711 00:40:40.409533  3490 global.h:17] NewGlobal N7oneflow12ProfilerConfE
I0711 00:40:40.409539  3490 global.h:17] NewGlobal N7oneflow5IDMgrE
I0711 00:40:40.409868  3490 global.h:17] NewGlobal N7oneflow16AvailableMemDescE
I0711 00:40:40.410061  3490 global.h:17] NewGlobal St13unordered_mapINSt7__cxx1112basic_stringIcSt11char_traitsIcESaIcEEElSt4hashIS5_ESt8equal_toIS5_ESaISt4pairIKS5_lEEE
I0711 00:40:40.410073  3490 global.h:17] NewGlobal N7oneflow19CriticalSectionDescE
I0711 00:40:40.410081  3490 global.h:17] NewGlobal N7oneflow16InterUserJobInfoE
I0711 00:40:40.410094  3490 global.h:17] NewGlobal N7oneflow26LazyJobBuildAndInferCtxMgrE
I0711 00:40:40.410100  3490 global.h:17] NewGlobal N7oneflow18LbiDiffWatcherInfoE
I0711 00:40:40.410110  3490 global.h:17] NewGlobal N7oneflow16JobSetCompileCtxE
I0711 00:40:40.410122  3490 global.h:17] NewGlobal N7oneflow26RuntimeBufferManagersScopeE
I0711 00:40:40.410127  3490 global.h:17] NewGlobal N7oneflow9BufferMgrIlEE
I0711 00:40:40.410132  3490 global.h:17] NewGlobal N7oneflow9BufferMgrISt10shared_ptrINS_18ForeignJobInstanceEEEE
I0711 00:40:40.410140  3490 oneflow_internal_helper.h:94] NewGlobal N7oneflow25SessionGlobalObjectsScopeE
I0711 00:40:40.411324  3490 global.h:17] NewGlobal N7oneflow7JobDescE
I0711 00:40:40.411345  3490 job_desc.cpp:93] Set piece_num_of_experiment_phase 19
I0711 00:40:43.840217  3490 global.h:22] DeleteGlobal N7oneflow7JobDescE
I0711 00:40:43.840257  3490 global.h:17] NewGlobal N7oneflow7JobDescE
I0711 00:40:43.840278  3490 job_desc.cpp:93] Set piece_num_of_experiment_phase 19
I0711 00:40:46.328512  3490 global.h:22] DeleteGlobal N7oneflow7JobDescE
I0711 00:40:46.329000  3490 global.h:17] NewGlobal N7oneflow7JobDescE
I0711 00:40:46.329021  3490 job_desc.cpp:93] Set piece_num_of_experiment_phase 19
I0711 00:40:46.339790  3490 global.h:22] DeleteGlobal N7oneflow7JobDescE
I0711 00:40:46.339833  3490 global.h:17] NewGlobal N7oneflow7JobDescE
I0711 00:40:46.339851  3490 job_desc.cpp:93] Set piece_num_of_experiment_phase 19
I0711 00:40:46.345340  3490 global.h:22] DeleteGlobal N7oneflow7JobDescE
I0711 00:40:46.359138  3490 global.h:17] NewGlobal N7oneflow24InterJobReuseMemStrategyE
I0711 00:40:46.359166  3490 global.h:17] NewGlobal N7oneflow7OneflowE
I0711 00:40:46.389895  3490 job_desc.cpp:93] Set piece_num_of_experiment_phase 19
I0711 00:40:46.399104  3490 job_desc.cpp:93] Set piece_num_of_experiment_phase 19
I0711 00:40:46.404580  3490 job_desc.cpp:93] Set piece_num_of_experiment_phase 19
I0711 00:40:46.406267  3490 job_desc.cpp:93] Set piece_num_of_experiment_phase 19
I0711 00:40:46.406296  3490 job_desc.cpp:93] Set piece_num_of_experiment_phase 19
I0711 00:40:46.406314  3490 job_desc.cpp:93] Set piece_num_of_experiment_phase 19
I0711 00:40:46.406334  3490 job_desc.cpp:93] Set piece_num_of_experiment_phase 19
I0711 00:40:46.406352  3490 job_desc.cpp:93] Set piece_num_of_experiment_phase 19
I0711 00:40:46.413305  3490 global.h:17] NewGlobal N7oneflow7JobDescE
I0711 00:40:46.413341  3490 job_desc.cpp:93] Set piece_num_of_experiment_phase 19
I0711 00:40:55.656154  3490 global.h:17] NewGlobal N7oneflow7OpGraphE
I0711 00:40:57.483227  3490 global.h:22] DeleteGlobal N7oneflow7OpGraphE
I0711 00:40:57.571049  3490 oneflow.cpp:279] compile time: 1.11577e+10
I0711 00:40:58.650868  3490 oneflow.cpp:286] push_pull_plan:1.22375e+10
I0711 00:40:58.825868  3490 oneflow.cpp:311] compile and improve time: 1.24125e+10
I0711 00:40:58.887646  3490 global.h:22] DeleteGlobal N7oneflow7JobDescE
I0711 00:40:58.888219  3490 global.h:17] NewGlobal N7oneflow7JobDescE
I0711 00:40:58.888695  3490 job_desc.cpp:93] Set piece_num_of_experiment_phase 19
I0711 00:40:58.941095  3490 global.h:17] NewGlobal N7oneflow7OpGraphE
I0711 00:40:58.960815  3490 global.h:22] DeleteGlobal N7oneflow7OpGraphE
I0711 00:40:58.962651  3490 oneflow.cpp:279] compile time: 7.3943e+07
I0711 00:40:58.971240  3490 oneflow.cpp:286] push_pull_plan:8.25352e+07
I0711 00:40:58.972826  3490 oneflow.cpp:311] compile and improve time: 8.41175e+07
I0711 00:40:58.973790  3490 global.h:22] DeleteGlobal N7oneflow7JobDescE
I0711 00:40:58.973822  3490 global.h:17] NewGlobal N7oneflow7JobDescE
I0711 00:40:58.973848  3490 job_desc.cpp:93] Set piece_num_of_experiment_phase 19
I0711 00:41:01.874240  3490 global.h:17] NewGlobal N7oneflow7OpGraphE
I0711 00:41:02.637923  3490 global.h:22] DeleteGlobal N7oneflow7OpGraphE
I0711 00:41:02.683419  3490 oneflow.cpp:279] compile time: 3.70957e+09
I0711 00:41:03.120378  3490 oneflow.cpp:286] push_pull_plan:4.14653e+09
I0711 00:41:03.212419  3490 oneflow.cpp:311] compile and improve time: 4.23857e+09
I0711 00:41:03.237517  3490 global.h:22] DeleteGlobal N7oneflow7JobDescE
I0711 00:41:03.238194  3490 global.h:17] NewGlobal N7oneflow7JobDescE
I0711 00:41:03.238662  3490 job_desc.cpp:93] Set piece_num_of_experiment_phase 19
I0711 00:41:06.277964  3490 global.h:17] NewGlobal N7oneflow7OpGraphE
I0711 00:41:07.015166  3490 global.h:22] DeleteGlobal N7oneflow7OpGraphE
I0711 00:41:07.053871  3490 oneflow.cpp:279] compile time: 3.81519e+09
I0711 00:41:07.471314  3490 oneflow.cpp:286] push_pull_plan:4.23263e+09
I0711 00:41:07.558980  3490 oneflow.cpp:311] compile and improve time: 4.3203e+09
I0711 00:41:07.583209  3490 global.h:22] DeleteGlobal N7oneflow7JobDescE
I0711 00:41:07.583673  3490 global.h:17] NewGlobal N7oneflow7JobDescE
I0711 00:41:07.584014  3490 job_desc.cpp:93] Set piece_num_of_experiment_phase 19
I0711 00:41:10.664225  3490 global.h:17] NewGlobal N7oneflow7OpGraphE
I0711 00:41:11.592142  3490 global.h:22] DeleteGlobal N7oneflow7OpGraphE
I0711 00:41:11.632983  3490 oneflow.cpp:279] compile time: 4.04895e+09
I0711 00:41:12.077987  3490 oneflow.cpp:286] push_pull_plan:4.49396e+09
I0711 00:41:12.200058  3490 oneflow.cpp:311] compile and improve time: 4.61603e+09
I0711 00:41:12.233302  3490 global.h:22] DeleteGlobal N7oneflow7JobDescE
I0711 00:41:12.233862  3490 global.h:17] NewGlobal N7oneflow7JobDescE
I0711 00:41:12.234472  3490 job_desc.cpp:93] Set piece_num_of_experiment_phase 19
I0711 00:41:12.278314  3490 global.h:17] NewGlobal N7oneflow7OpGraphE
I0711 00:41:12.296838  3490 global.h:22] DeleteGlobal N7oneflow7OpGraphE
I0711 00:41:12.298607  3490 oneflow.cpp:279] compile time: 6.41078e+07
I0711 00:41:12.306557  3490 oneflow.cpp:286] push_pull_plan:7.20596e+07
I0711 00:41:12.308100  3490 oneflow.cpp:311] compile and improve time: 7.36e+07
I0711 00:41:12.309103  3490 global.h:22] DeleteGlobal N7oneflow7JobDescE
I0711 00:41:12.309211  3490 global.h:17] NewGlobal N7oneflow7JobDescE
I0711 00:41:12.309242  3490 job_desc.cpp:93] Set piece_num_of_experiment_phase 19
I0711 00:41:12.353353  3490 global.h:17] NewGlobal N7oneflow7OpGraphE
I0711 00:41:12.371048  3490 global.h:22] DeleteGlobal N7oneflow7OpGraphE
I0711 00:41:12.372712  3490 oneflow.cpp:279] compile time: 6.34565e+07
I0711 00:41:12.379737  3490 oneflow.cpp:286] push_pull_plan:7.04865e+07
I0711 00:41:12.381238  3490 oneflow.cpp:311] compile and improve time: 7.19828e+07
I0711 00:41:12.382115  3490 global.h:22] DeleteGlobal N7oneflow7JobDescE
I0711 00:41:12.382148  3490 global.h:17] NewGlobal N7oneflow7JobDescE
I0711 00:41:12.382172  3490 job_desc.cpp:93] Set piece_num_of_experiment_phase 19
I0711 00:41:12.429021  3490 global.h:17] NewGlobal N7oneflow7OpGraphE
I0711 00:41:12.446935  3490 global.h:22] DeleteGlobal N7oneflow7OpGraphE
I0711 00:41:12.448738  3490 oneflow.cpp:279] compile time: 6.65518e+07
I0711 00:41:12.455936  3490 oneflow.cpp:286] push_pull_plan:7.37521e+07
I0711 00:41:12.457283  3490 oneflow.cpp:311] compile and improve time: 7.50956e+07
I0711 00:41:12.458081  3490 global.h:22] DeleteGlobal N7oneflow7JobDescE
I0711 00:41:12.857731  3490 global.h:17] NewGlobal N7oneflow7JobDescE
I0711 00:41:12.857836  3490 job_desc.cpp:93] Set piece_num_of_experiment_phase 19
I0711 00:41:12.857858  3490 global.h:17] NewGlobal N7oneflow7OpGraphE
I0711 00:41:12.902770  3490 global.h:22] DeleteGlobal N7oneflow7OpGraphE
I0711 00:41:12.905614  3490 oneflow.cpp:279] compile time: 4.77647e+07
I0711 00:41:12.920322  3490 oneflow.cpp:286] push_pull_plan:6.2475e+07
I0711 00:41:12.923238  3490 oneflow.cpp:311] compile and improve time: 6.53878e+07
I0711 00:41:12.924707  3490 global.h:22] DeleteGlobal N7oneflow7JobDescE
I0711 00:41:14.839588  3490 global.h:17] NewGlobal N7oneflow10RuntimeCtxE
I0711 00:41:14.840504  3490 global.h:17] NewGlobal N7oneflow6boxing10collective24CollectiveBoxingExecutorE
I0711 00:41:15.127894  3490 global.h:17] NewGlobal N7oneflow15MemoryAllocatorE
I0711 00:41:15.127948  3490 global.h:17] NewGlobal N7oneflow8RegstMgrE
I0711 00:41:15.656594  3490 global.h:17] NewGlobal N7oneflow11ActorMsgBusE
I0711 00:41:15.656723  3490 global.h:17] NewGlobal N7oneflow9ThreadMgrE
I0711 00:41:15.657539  3490 global.h:17] NewGlobal N7oneflow11NcclCommMgrE
I0711 00:41:15.657706  3490 global.h:17] NewGlobal N7oneflow6boxing10collective31CollectiveBoxingDeviceCtxPollerE
I0711 00:41:15.657796  3490 global.h:17] NewGlobal N7oneflow15RuntimeJobDescsE
I0711 00:41:15.657840  3490 job_desc.cpp:93] Set piece_num_of_experiment_phase 19
I0711 00:41:15.657883  3490 job_desc.cpp:93] Set piece_num_of_experiment_phase 19
I0711 00:41:15.657913  3490 job_desc.cpp:93] Set piece_num_of_experiment_phase 19
I0711 00:41:15.657936  3490 job_desc.cpp:93] Set piece_num_of_experiment_phase 19
I0711 00:41:15.657953  3490 job_desc.cpp:93] Set piece_num_of_experiment_phase 19
I0711 00:41:15.657966  3490 job_desc.cpp:93] Set piece_num_of_experiment_phase 19
I0711 00:41:15.657984  3490 job_desc.cpp:93] Set piece_num_of_experiment_phase 19
I0711 00:41:15.658001  3490 job_desc.cpp:93] Set piece_num_of_experiment_phase 19
I0711 00:41:15.658022  3490 job_desc.cpp:93] Set piece_num_of_experiment_phase 19
I0711 00:41:15.658855  3490 runtime_context.cpp:6] NewCounter constructing_actor_cnt 1913
I0711 00:41:15.660835  3694 thread.cpp:61] thread 14 construct actor 61572651155457
I0711 00:41:15.660840  3619 thread.cpp:61] thread 0 construct actor 714
I0711 00:41:15.660848  3702 thread.cpp:61] thread 22 construct actor 96757023244288
I0711 00:41:15.661876  3694 tick_compute_actor.cpp:7] actor 61572651155457 switch to &TickComputeActor::HandlerNormal
I0711 00:41:15.661985  3694 runtime_context.cpp:12] DecreaseCounter constructing_actor_cnt, current val is 1912
I0711 00:41:15.661999  3694 thread.cpp:61] thread 14 construct actor 61572651155465
I0711 00:41:15.662575  3619 tick_compute_actor.cpp:7] actor 714 switch to &TickComputeActor::HandlerNormal
I0711 00:41:15.662688  3619 runtime_context.cpp:12] DecreaseCounter constructing_actor_cnt, current val is 1911
I0711 00:41:15.662717  3619 thread.cpp:61] thread 0 construct actor 986
I0711 00:41:15.662745  3694 tick_compute_actor.cpp:7] actor 61572651155465 switch to &TickComputeActor::HandlerNormal
I0711 00:41:15.662813  3694 runtime_context.cpp:12] DecreaseCounter constructing_actor_cnt, current val is 1910
I0711 00:41:15.662825  3694 thread.cpp:61] thread 14 construct actor 61572651155470
I0711 00:41:15.663507  3694 tick_compute_actor.cpp:7] actor 61572651155470 switch to &TickComputeActor::HandlerNormal
I0711 00:41:15.663575  3694 runtime_context.cpp:12] DecreaseCounter constructing_actor_cnt, current val is 1909
I0711 00:41:15.663588  3694 thread.cpp:61] thread 14 construct actor 61572651155474
I0711 00:41:15.664009  3619 tick_compute_actor.cpp:7] actor 986 switch to &TickComputeActor::HandlerNormal
I0711 00:41:15.664090  3619 runtime_context.cpp:12] DecreaseCounter constructing_actor_cnt, current val is 1908
I0711 00:41:15.664105  3619 thread.cpp:61] thread 0 construct actor 987
I0711 00:41:15.664252  3694 tick_compute_actor.cpp:7] actor 61572651155474 switch to &TickComputeActor::HandlerNormal
I0711 00:41:15.664315  3694 runtime_context.cpp:12] DecreaseCounter constructing_actor_cnt, current val is 1907
I0711 00:41:15.664327  3694 thread.cpp:61] thread 14 construct actor 61572651155481
I0711 00:41:15.665067  3694 tick_compute_actor.cpp:7] actor 61572651155481 switch to &TickComputeActor::HandlerNormal
I0711 00:41:15.665135  3694 runtime_context.cpp:12] DecreaseCounter constructing_actor_cnt, current val is 1906
I0711 00:41:15.665158  3694 thread.cpp:61] thread 14 construct actor 61572651155492
I0711 00:41:15.665458  3619 tick_compute_actor.cpp:7] actor 987 switch to &TickComputeActor::HandlerNormal
I0711 00:41:15.665544  3619 runtime_context.cpp:12] DecreaseCounter constructing_actor_cnt, current val is 1905
I0711 00:41:15.665558  3619 thread.cpp:61] thread 0 construct actor 1256
I0711 00:41:15.665886  3694 tick_compute_actor.cpp:7] actor 61572651155492 switch to &TickComputeActor::HandlerNormal
I0711 00:41:15.665953  3694 runtime_context.cpp:12] DecreaseCounter constructing_actor_cnt, current val is 1904
I0711 00:41:15.665966  3694 thread.cpp:61] thread 14 construct actor 61572651155503
I0711 00:41:15.666658  3694 tick_compute_actor.cpp:7] actor 61572651155503 switch to &TickComputeActor::HandlerNormal
I0711 00:41:15.666798  3694 runtime_context.cpp:12] DecreaseCounter constructing_actor_cnt, current val is 1903
I0711 00:41:15.666815  3694 thread.cpp:61] thread 14 construct actor 61572651155507
I0711 00:41:15.667467  3619 tick_compute_actor.cpp:7] actor 1256 switch to &TickComputeActor::HandlerNormal
I0711 00:41:15.667528  3694 tick_compute_actor.cpp:7] actor 61572651155507 switch to &TickComputeActor::HandlerNormal
I0711 00:41:15.667558  3619 runtime_context.cpp:12] DecreaseCounter constructing_actor_cnt, current val is 1902
I0711 00:41:15.667580  3619 thread.cpp:61] thread 0 construct actor 1257
I0711 00:41:15.667613  3694 runtime_context.cpp:12] DecreaseCounter constructing_actor_cnt, current val is 1901
I0711 00:41:15.667639  3694 thread.cpp:61] thread 14 construct actor 61572651155523
I0711 00:41:15.668287  3694 tick_compute_actor.cpp:7] actor 61572651155523 switch to &TickComputeActor::HandlerNormal
I0711 00:41:15.668365  3694 runtime_context.cpp:12] DecreaseCounter constructing_actor_cnt, current val is 1900
I0711 00:41:15.668387  3694 thread.cpp:61] thread 14 construct actor 61572651155527
I0711 00:41:15.669112  3694 tick_compute_actor.cpp:7] actor 61572651155527 switch to &TickComputeActor::HandlerNormal
I0711 00:41:15.669189  3694 runtime_context.cpp:12] DecreaseCounter constructing_actor_cnt, current val is 1899
I0711 00:41:15.669207  3694 thread.cpp:61] thread 14 construct actor 61572651155533
I0711 00:41:15.669991  3694 tick_compute_actor.cpp:7] actor 61572651155533 switch to &TickComputeActor::HandlerNormal
I0711 00:41:15.670058  3694 runtime_context.cpp:12] DecreaseCounter constructing_actor_cnt, current val is 1898
I0711 00:41:15.670109  3694 thread.cpp:61] thread 14 construct actor 61572651155537
I0711 00:41:15.670681  3619 tick_compute_actor.cpp:7] actor 1257 switch to &TickComputeActor::HandlerNormal
I0711 00:41:15.670773  3619 runtime_context.cpp:12] DecreaseCounter constructing_actor_cnt, current val is 1897
I0711 00:41:15.670789  3619 thread.cpp:61] thread 0 construct actor 1527
I0711 00:41:15.670828  3694 tick_compute_actor.cpp:7] actor 61572651155537 switch to &TickComputeActor::HandlerNormal
I0711 00:41:15.670912  3694 runtime_context.cpp:12] DecreaseCounter constructing_actor_cnt, current val is 1896
I0711 00:41:15.672194  3619 tick_compute_actor.cpp:7] actor 1527 switch to &TickComputeActor::HandlerNormal
I0711 00:41:15.672277  3619 runtime_context.cpp:12] DecreaseCounter constructing_actor_cnt, current val is 1895
I0711 00:41:15.672291  3619 thread.cpp:61] thread 0 construct actor 1529
I0711 00:41:15.672971  3619 tick_compute_actor.cpp:7] actor 1529 switch to &TickComputeActor::HandlerNormal
I0711 00:41:15.673043  3619 runtime_context.cpp:12] DecreaseCounter constructing_actor_cnt, current val is 1894
I0711 00:41:15.673056  3619 thread.cpp:61] thread 0 construct actor 1530
I0711 00:41:15.673759  3619 tick_compute_actor.cpp:7] actor 1530 switch to &TickComputeActor::HandlerNormal
I0711 00:41:15.673830  3619 runtime_context.cpp:12] DecreaseCounter constructing_actor_cnt, current val is 1893
I0711 00:41:15.698242  3702 wait_and_send_ids_compute_actor.cpp:12] actor 96757023244288 switch to &WaitAndSendIdsCompActor::HandlerWaitToStart
I0711 00:41:15.698374  3702 runtime_context.cpp:12] DecreaseCounter constructing_actor_cnt, current val is 1892
I0711 00:41:15.890012  3619 thread.cpp:61] thread 0 construct actor 0
I0711 00:41:15.890358  3694 thread.cpp:61] thread 14 construct actor 61572651155458
I0711 00:41:15.890358  3687 thread.cpp:61] thread 7 construct actor 30786325577728
I0711 00:41:15.890553  3696 thread.cpp:61] thread 16 construct actor 70368744177664
I0711 00:41:15.890373  3703 thread.cpp:61] thread 23 construct actor 101155069755392
I0711 00:41:15.890406  3695 thread.cpp:61] thread 15 construct actor 65970697666560
I0711 00:41:15.890359  3666 thread.cpp:61] thread 2 construct actor 8796093022208
I0711 00:41:15.890903  3700 thread.cpp:61] thread 20 construct actor 87960930222080
I0711 00:41:15.891310  3619 normal_forward_compute_actor.cpp:13] actor 0 switch to &NormalForwardCompActor::HandlerNormal
I0711 00:41:15.891336  3694 tick_compute_actor.cpp:7] actor 61572651155458 switch to &TickComputeActor::HandlerNormal
I0711 00:41:15.891438  3700 normal_forward_compute_actor.cpp:13] actor 87960930222080 switch to &NormalForwardCompActor::HandlerNormal
I0711 00:41:15.891443  3619 runtime_context.cpp:12] DecreaseCounter constructing_actor_cnt, current val is 1890
I0711 00:41:15.891465  3696 normal_forward_compute_actor.cpp:13] actor 70368744177664 switch to &NormalForwardCompActor::HandlerNormal
I0711 00:41:15.890900  3698 thread.cpp:61] thread 18 construct actor 79164837199872
I0711 00:41:15.891510  3700 runtime_context.cpp:12] DecreaseCounter constructing_actor_cnt, current val is 1889
I0711 00:41:15.890839  3701 thread.cpp:61] thread 21 construct actor 92358976733184
I0711 00:41:15.891607  3703 sink_compute_actor.cpp:6] actor 101155069755392 switch to &SinkCompActor::HandlerNormal
I0711 00:41:15.890892  3699 thread.cpp:61] thread 19 construct actor 83562883710976
I0711 00:41:15.891466  3619 thread.cpp:61] thread 0 construct actor 1
I0711 00:41:15.891742  3695 normal_forward_compute_actor.cpp:13] actor 65970697666560 switch to &NormalForwardCompActor::HandlerNormal
I0711 00:41:15.891826  3695 runtime_context.cpp:12] DecreaseCounter constructing_actor_cnt, current val is 1886
I0711 00:41:15.892014  3701 normal_forward_compute_actor.cpp:13] actor 92358976733184 switch to &NormalForwardCompActor::HandlerNormal
I0711 00:41:15.891546  3696 runtime_context.cpp:12] DecreaseCounter constructing_actor_cnt, current val is 1888
I0711 00:41:15.892096  3701 runtime_context.cpp:12] DecreaseCounter constructing_actor_cnt, current val is 1885
I0711 00:41:15.892321  3698 normal_forward_compute_actor.cpp:13] actor 79164837199872 switch to &NormalForwardCompActor::HandlerNormal
I0711 00:41:15.891678  3703 runtime_context.cpp:12] DecreaseCounter constructing_actor_cnt, current val is 1887
I0711 00:41:15.890883  3697 thread.cpp:61] thread 17 construct actor 74766790688768
I0711 00:41:15.892448  3698 runtime_context.cpp:12] DecreaseCounter constructing_actor_cnt, current val is 1884
I0711 00:41:15.892525  3699 normal_forward_compute_actor.cpp:13] actor 83562883710976 switch to &NormalForwardCompActor::HandlerNormal
I0711 00:41:15.892560  3619 normal_forward_compute_actor.cpp:13] actor 1 switch to &NormalForwardCompActor::HandlerNormal
I0711 00:41:15.892608  3699 runtime_context.cpp:12] DecreaseCounter constructing_actor_cnt, current val is 1883
I0711 00:41:15.892640  3619 runtime_context.cpp:12] DecreaseCounter constructing_actor_cnt, current val is 1882
I0711 00:41:15.892658  3619 thread.cpp:61] thread 0 construct actor 2
I0711 00:41:15.892673  3666 copy_hd_actor.cpp:8] actor 8796093022208 switch to &CopyHdActor::HandlerNormal
I0711 00:41:15.892752  3666 runtime_context.cpp:12] DecreaseCounter constructing_actor_cnt, current val is 1881
I0711 00:41:15.892769  3666 thread.cpp:61] thread 2 construct actor 8796093022209
I0711 00:41:15.893527  3619 normal_forward_compute_actor.cpp:13] actor 2 switch to &NormalForwardCompActor::HandlerNormal
I0711 00:41:15.893616  3619 runtime_context.cpp:12] DecreaseCounter constructing_actor_cnt, current val is 1880
I0711 00:41:15.892395  3687 normal_forward_compute_actor.cpp:13] actor 30786325577728 switch to &NormalForwardCompActor::HandlerNormal
I0711 00:41:15.891443  3694 runtime_context.cpp:12] DecreaseCounter constructing_actor_cnt, current val is 1891
I0711 00:41:15.893738  3694 thread.cpp:61] thread 14 construct actor 61572651155459
I0711 00:41:15.893657  3619 thread.cpp:61] thread 0 construct actor 3
I0711 00:41:15.893771  3687 runtime_context.cpp:12] DecreaseCounter constructing_actor_cnt, current val is 1879
I0711 00:41:15.893791  3687 thread.cpp:61] thread 7 construct actor 30786325577729
I0711 00:41:15.893906  3666 copy_hd_actor.cpp:8] actor 8796093022209 switch to &CopyHdActor::HandlerNormal
I0711 00:41:15.893983  3666 runtime_context.cpp:12] DecreaseCounter constructing_actor_cnt, current val is 1878
I0711 00:41:15.894002  3666 thread.cpp:61] thread 2 construct actor 8796093022210
I0711 00:41:15.894518  3694 tick_compute_actor.cpp:7] actor 61572651155459 switch to &TickComputeActor::HandlerNormal
I0711 00:41:15.894577  3687 normal_forward_compute_actor.cpp:13] actor 30786325577729 switch to &NormalForwardCompActor::HandlerNormal
I0711 00:41:15.894583  3619 normal_forward_compute_actor.cpp:13] actor 3 switch to &NormalForwardCompActor::HandlerNormal
I0711 00:41:15.894603  3694 runtime_context.cpp:12] DecreaseCounter constructing_actor_cnt, current val is 1877
I0711 00:41:15.894691  3694 thread.cpp:61] thread 14 construct actor 61572651155460
I0711 00:41:15.894691  3687 runtime_context.cpp:12] DecreaseCounter constructing_actor_cnt, current val is 1876
I0711 00:41:15.894711  3619 runtime_context.cpp:12] DecreaseCounter constructing_actor_cnt, current val is 1875
I0711 00:41:15.894726  3687 thread.cpp:61] thread 7 construct actor 30786325577730
I0711 00:41:15.894737  3619 thread.cpp:61] thread 0 construct actor 4
I0711 00:41:15.895103  3666 copy_hd_actor.cpp:8] actor 8796093022210 switch to &CopyHdActor::HandlerNormal
I0711 00:41:15.895186  3666 runtime_context.cpp:12] DecreaseCounter constructing_actor_cnt, current val is 1874
I0711 00:41:15.895232  3666 thread.cpp:61] thread 2 construct actor 8796093022211
I0711 00:41:15.895520  3694 tick_compute_actor.cpp:7] actor 61572651155460 switch to &TickComputeActor::HandlerNormal
I0711 00:41:15.895609  3694 runtime_context.cpp:12] DecreaseCounter constructing_actor_cnt, current val is 1873
I0711 00:41:15.895629  3694 thread.cpp:61] thread 14 construct actor 61572651155561
I0711 00:41:15.896317  3666 copy_hd_actor.cpp:8] actor 8796093022211 switch to &CopyHdActor::HandlerNormal
I0711 00:41:15.896441  3666 runtime_context.cpp:12] DecreaseCounter constructing_actor_cnt, current val is 1872
I0711 00:41:15.896471  3666 thread.cpp:61] thread 2 construct actor 8796093022212
I0711 00:41:15.896569  3694 esac_compute_actor.cpp:21] actor 61572651155561 switch to &EsacCompActor::HandlerNormal
I0711 00:41:15.896662  3694 runtime_context.cpp:12] DecreaseCounter constructing_actor_cnt, current val is 1871
I0711 00:41:15.896683  3694 thread.cpp:61] thread 14 construct actor 61572651155462
I0711 00:41:15.897434  3694 tick_compute_actor.cpp:7] actor 61572651155462 switch to &TickComputeActor::HandlerNormal
I0711 00:41:15.897519  3694 runtime_context.cpp:12] DecreaseCounter constructing_actor_cnt, current val is 1870
I0711 00:41:15.897538  3694 thread.cpp:61] thread 14 construct actor 61572651155463
I0711 00:41:15.897570  3666 copy_hd_actor.cpp:8] actor 8796093022212 switch to &CopyHdActor::HandlerNormal
I0711 00:41:15.897646  3666 runtime_context.cpp:12] DecreaseCounter constructing_actor_cnt, current val is 1869
I0711 00:41:15.897665  3666 thread.cpp:61] thread 2 construct actor 8796093022213
I0711 00:41:15.897722  3619 normal_forward_compute_actor.cpp:13] actor 4 switch to &NormalForwardCompActor::HandlerNormal
I0711 00:41:15.897858  3619 runtime_context.cpp:12] DecreaseCounter constructing_actor_cnt, current val is 1868
I0711 00:41:15.897878  3619 thread.cpp:61] thread 0 construct actor 5
I0711 00:41:15.898212  3697 normal_forward_compute_actor.cpp:13] actor 74766790688768 switch to &NormalForwardCompActor::HandlerNormal
I0711 00:41:15.898291  3694 tick_compute_actor.cpp:7] actor 61572651155463 switch to &TickComputeActor::HandlerNormal
I0711 00:41:15.898371  3694 runtime_context.cpp:12] DecreaseCounter constructing_actor_cnt, current val is 1867
I0711 00:41:15.898392  3694 thread.cpp:61] thread 14 construct actor 61572651155464
I0711 00:41:15.898598  3697 runtime_context.cpp:12] DecreaseCounter constructing_actor_cnt, current val is 1866
I0711 00:41:15.898654  3619 normal_forward_compute_actor.cpp:13] actor 5 switch to &NormalForwardCompActor::HandlerNormal
I0711 00:41:15.898737  3619 runtime_context.cpp:12] DecreaseCounter constructing_actor_cnt, current val is 1865
I0711 00:41:15.898738  3666 copy_hd_actor.cpp:8] actor 8796093022213 switch to &CopyHdActor::HandlerNormal
I0711 00:41:15.898758  3619 thread.cpp:61] thread 0 construct actor 6
I0711 00:41:15.898829  3666 runtime_context.cpp:12] DecreaseCounter constructing_actor_cnt, current val is 1864
I0711 00:41:15.898846  3666 thread.cpp:61] thread 2 construct actor 8796093022214
I0711 00:41:15.899170  3694 tick_compute_actor.cpp:7] actor 61572651155464 switch to &TickComputeActor::HandlerNormal
I0711 00:41:15.899251  3694 runtime_context.cpp:12] DecreaseCounter constructing_actor_cnt, current val is 1863
I0711 00:41:15.899269  3694 thread.cpp:61] thread 14 construct actor 61572651155560
I0711 00:41:15.899533  3619 normal_forward_compute_actor.cpp:13] actor 6 switch to &NormalForwardCompActor::HandlerNormal
I0711 00:41:15.899616  3619 runtime_context.cpp:12] DecreaseCounter constructing_actor_cnt, current val is 1862
I0711 00:41:15.899633  3619 thread.cpp:61] thread 0 construct actor 7
I0711 00:41:15.899904  3666 copy_hd_actor.cpp:8] actor 8796093022214 switch to &CopyHdActor::HandlerNormal
I0711 00:41:15.899982  3666 runtime_context.cpp:12] DecreaseCounter constructing_actor_cnt, current val is 1861
I0711 00:41:15.899999  3666 thread.cpp:61] thread 2 construct actor 8796093022215
I0711 00:41:15.900388  3694 esac_compute_actor.cpp:21] actor 61572651155560 switch to &EsacCompActor::HandlerNormal
I0711 00:41:15.900391  3619 normal_forward_compute_actor.cpp:13] actor 7 switch to &NormalForwardCompActor::HandlerNormal
I0711 00:41:15.900483  3619 runtime_context.cpp:12] DecreaseCounter constructing_actor_cnt, current val is 1860
I0711 00:41:15.900498  3694 runtime_context.cpp:12] DecreaseCounter constructing_actor_cnt, current val is 1859
I0711 00:41:15.900502  3619 thread.cpp:61] thread 0 construct actor 8
I0711 00:41:15.900512  3694 thread.cpp:61] thread 14 construct actor 61572651155467
I0711 00:41:15.901145  3666 copy_hd_actor.cpp:8] actor 8796093022215 switch to &CopyHdActor::HandlerNormal
I0711 00:41:15.901227  3666 runtime_context.cpp:12] DecreaseCounter constructing_actor_cnt, current val is 1858
I0711 00:41:15.901240  3666 thread.cpp:61] thread 2 construct actor 8796093022216
I0711 00:41:15.901270  3619 normal_forward_compute_actor.cpp:13] actor 8 switch to &NormalForwardCompActor::HandlerNormal
I0711 00:41:15.901319  3694 tick_compute_actor.cpp:7] actor 61572651155467 switch to &TickComputeActor::HandlerNormal
I0711 00:41:15.901369  3619 runtime_context.cpp:12] DecreaseCounter constructing_actor_cnt, current val is 1857
I0711 00:41:15.901388  3619 thread.cpp:61] thread 0 construct actor 9
I0711 00:41:15.901403  3694 runtime_context.cpp:12] DecreaseCounter constructing_actor_cnt, current val is 1856
I0711 00:41:15.901422  3694 thread.cpp:61] thread 14 construct actor 61572651155468
I0711 00:41:15.902150  3694 tick_compute_actor.cpp:7] actor 61572651155468 switch to &TickComputeActor::HandlerNormal
I0711 00:41:15.902181  3619 normal_forward_compute_actor.cpp:13] actor 9 switch to &NormalForwardCompActor::HandlerNormal
I0711 00:41:15.902228  3694 runtime_context.cpp:12] DecreaseCounter constructing_actor_cnt, current val is 1855
I0711 00:41:15.902241  3694 thread.cpp:61] thread 14 construct actor 61572651155559
I0711 00:41:15.902254  3619 runtime_context.cpp:12] DecreaseCounter constructing_actor_cnt, current val is 1854
I0711 00:41:15.902267  3619 thread.cpp:61] thread 0 construct actor 10
I0711 00:41:15.902297  3666 copy_hd_actor.cpp:8] actor 8796093022216 switch to &CopyHdActor::HandlerNormal
I0711 00:41:15.902362  3666 runtime_context.cpp:12] DecreaseCounter constructing_actor_cnt, current val is 1853
I0711 00:41:15.902374  3666 thread.cpp:61] thread 2 construct actor 8796093022217
I0711 00:41:15.902987  3694 tick_compute_actor.cpp:7] actor 61572651155559 switch to &TickComputeActor::HandlerNormal
I0711 00:41:15.903079  3619 normal_forward_compute_actor.cpp:13] actor 10 switch to &NormalForwardCompActor::HandlerNormal
I0711 00:41:15.903084  3694 runtime_context.cpp:12] DecreaseCounter constructing_actor_cnt, current val is 1852
I0711 00:41:15.903105  3694 thread.cpp:61] thread 14 construct actor 61572651155471
I0711 00:41:15.903169  3619 runtime_context.cpp:12] DecreaseCounter constructing_actor_cnt, current val is 1851
I0711 00:41:15.903189  3619 thread.cpp:61] thread 0 construct actor 11
I0711 00:41:15.903503  3666 copy_hd_actor.cpp:8] actor 8796093022217 switch to &CopyHdActor::HandlerNormal
I0711 00:41:15.903578  3666 runtime_context.cpp:12] DecreaseCounter constructing_actor_cnt, current val is 1850
I0711 00:41:15.903590  3666 thread.cpp:61] thread 2 construct actor 8796093022218
I0711 00:41:15.903887  3694 tick_compute_actor.cpp:7] actor 61572651155471 switch to &TickComputeActor::HandlerNormal
I0711 00:41:15.903967  3694 runtime_context.cpp:12] DecreaseCounter constructing_actor_cnt, current val is 1849
I0711 00:41:15.903986  3694 thread.cpp:61] thread 14 construct actor 61572651155472
I0711 00:41:15.903993  3619 normal_forward_compute_actor.cpp:13] actor 11 switch to &NormalForwardCompActor::HandlerNormal
I0711 00:41:15.904065  3619 runtime_context.cpp:12] DecreaseCounter constructing_actor_cnt, current val is 1848
I0711 00:41:15.904084  3619 thread.cpp:61] thread 0 construct actor 12
I0711 00:41:15.904698  3666 copy_hd_actor.cpp:8] actor 8796093022218 switch to &CopyHdActor::HandlerNormal
I0711 00:41:15.904767  3694 tick_compute_actor.cpp:7] actor 61572651155472 switch to &TickComputeActor::HandlerNormal
I0711 00:41:15.904773  3666 runtime_context.cpp:12] DecreaseCounter constructing_actor_cnt, current val is 1847
I0711 00:41:15.904793  3666 thread.cpp:61] thread 2 construct actor 8796093022219
I0711 00:41:15.904839  3694 runtime_context.cpp:12] DecreaseCounter constructing_actor_cnt, current val is 1846
I0711 00:41:15.904850  3694 thread.cpp:61] thread 14 construct actor 61572651155473
I0711 00:41:15.904915  3619 normal_forward_compute_actor.cpp:13] actor 12 switch to &NormalForwardCompActor::HandlerNormal
I0711 00:41:15.905023  3619 runtime_context.cpp:12] DecreaseCounter constructing_actor_cnt, current val is 1845
I0711 00:41:15.905046  3619 thread.cpp:61] thread 0 construct actor 13
I0711 00:41:15.905640  3694 tick_compute_actor.cpp:7] actor 61572651155473 switch to &TickComputeActor::HandlerNormal
I0711 00:41:15.905722  3694 runtime_context.cpp:12] DecreaseCounter constructing_actor_cnt, current val is 1844
I0711 00:41:15.905740  3694 thread.cpp:61] thread 14 construct actor 61572651155558
I0711 00:41:15.905885  3666 copy_hd_actor.cpp:8] actor 8796093022219 switch to &CopyHdActor::HandlerNormal
I0711 00:41:15.905962  3666 runtime_context.cpp:12] DecreaseCounter constructing_actor_cnt, current val is 1843
I0711 00:41:15.905982  3666 thread.cpp:61] thread 2 construct actor 8796093022220
I0711 00:41:15.906546  3694 tick_compute_actor.cpp:7] actor 61572651155558 switch to &TickComputeActor::HandlerNormal
I0711 00:41:15.906630  3694 runtime_context.cpp:12] DecreaseCounter constructing_actor_cnt, current val is 1842
I0711 00:41:15.906647  3694 thread.cpp:61] thread 14 construct actor 61572651155476
I0711 00:41:15.907096  3666 copy_hd_actor.cpp:8] actor 8796093022220 switch to &CopyHdActor::HandlerNormal
I0711 00:41:15.907173  3666 runtime_context.cpp:12] DecreaseCounter constructing_actor_cnt, current val is 1841
I0711 00:41:15.907186  3666 thread.cpp:61] thread 2 construct actor 8796093022221
I0711 00:41:15.907403  3694 tick_compute_actor.cpp:7] actor 61572651155476 switch to &TickComputeActor::HandlerNormal
I0711 00:41:15.907490  3694 runtime_context.cpp:12] DecreaseCounter constructing_actor_cnt, current val is 1840
I0711 00:41:15.907510  3694 thread.cpp:61] thread 14 construct actor 61572651155477
I0711 00:41:15.907764  3619 normal_forward_compute_actor.cpp:13] actor 13 switch to &NormalForwardCompActor::HandlerNormal
I0711 00:41:15.907907  3619 runtime_context.cpp:12] DecreaseCounter constructing_actor_cnt, current val is 1839
I0711 00:41:15.907922  3619 thread.cpp:61] thread 0 construct actor 14
I0711 00:41:15.908223  3694 tick_compute_actor.cpp:7] actor 61572651155477 switch to &TickComputeActor::HandlerNormal
I0711 00:41:15.908246  3666 copy_hd_actor.cpp:8] actor 8796093022221 switch to &CopyHdActor::HandlerNormal
I0711 00:41:15.908301  3694 runtime_context.cpp:12] DecreaseCounter constructing_actor_cnt, current val is 1838
I0711 00:41:15.908314  3694 thread.cpp:61] thread 14 construct actor 61572651155478
I0711 00:41:15.908318  3666 runtime_context.cpp:12] DecreaseCounter constructing_actor_cnt, current val is 1837
I0711 00:41:15.908330  3666 thread.cpp:61] thread 2 construct actor 8796093022222
I0711 00:41:15.909113  3694 tick_compute_actor.cpp:7] actor 61572651155478 switch to &TickComputeActor::HandlerNormal
I0711 00:41:15.909210  3694 runtime_context.cpp:12] DecreaseCounter constructing_actor_cnt, current val is 1836
I0711 00:41:15.909231  3694 thread.cpp:61] thread 14 construct actor 61572651155479
I0711 00:41:15.909459  3666 copy_hd_actor.cpp:8] actor 8796093022222 switch to &CopyHdActor::HandlerNormal
I0711 00:41:15.909530  3619 normal_forward_compute_actor.cpp:13] actor 14 switch to &NormalForwardCompActor::HandlerNormal
I0711 00:41:15.909551  3666 runtime_context.cpp:12] DecreaseCounter constructing_actor_cnt, current val is 1835
I0711 00:41:15.909564  3666 thread.cpp:61] thread 2 construct actor 8796093022223
I0711 00:41:15.909639  3619 runtime_context.cpp:12] DecreaseCounter constructing_actor_cnt, current val is 1834
I0711 00:41:15.909653  3619 thread.cpp:61] thread 0 construct actor 15
I0711 00:41:15.909996  3694 tick_compute_actor.cpp:7] actor 61572651155479 switch to &TickComputeActor::HandlerNormal
I0711 00:41:15.910073  3694 runtime_context.cpp:12] DecreaseCounter constructing_actor_cnt, current val is 1833
I0711 00:41:15.910091  3694 thread.cpp:61] thread 14 construct actor 61572651155557
I0711 00:41:15.910648  3666 copy_hd_actor.cpp:8] actor 8796093022223 switch to &CopyHdActor::HandlerNormal
I0711 00:41:15.910727  3666 runtime_context.cpp:12] DecreaseCounter constructing_actor_cnt, current val is 1832
I0711 00:41:15.910775  3666 thread.cpp:61] thread 2 construct actor 8796093022224
I0711 00:41:15.910858  3694 tick_compute_actor.cpp:7] actor 61572651155557 switch to &TickComputeActor::HandlerNormal
I0711 00:41:15.910929  3694 runtime_context.cpp:12] DecreaseCounter constructing_actor_cnt, current val is 1831
I0711 00:41:15.910951  3694 thread.cpp:61] thread 14 construct actor 61572651155482
I0711 00:41:15.911703  3694 tick_compute_actor.cpp:7] actor 61572651155482 switch to &TickComputeActor::HandlerNormal
I0711 00:41:15.911762  3619 normal_forward_compute_actor.cpp:13] actor 15 switch to &NormalForwardCompActor::HandlerNormal
I0711 00:41:15.911784  3694 runtime_context.cpp:12] DecreaseCounter constructing_actor_cnt, current val is 1830
I0711 00:41:15.911798  3694 thread.cpp:61] thread 14 construct actor 61572651155483
I0711 00:41:15.911859  3666 copy_hd_actor.cpp:8] actor 8796093022224 switch to &CopyHdActor::HandlerNormal
I0711 00:41:15.911875  3619 runtime_context.cpp:12] DecreaseCounter constructing_actor_cnt, current val is 1829
I0711 00:41:15.911890  3619 thread.cpp:61] thread 0 construct actor 16
I0711 00:41:15.911926  3666 runtime_context.cpp:12] DecreaseCounter constructing_actor_cnt, current val is 1828
I0711 00:41:15.911937  3666 thread.cpp:61] thread 2 construct actor 8796093022225
I0711 00:41:15.912551  3694 tick_compute_actor.cpp:7] actor 61572651155483 switch to &TickComputeActor::HandlerNormal
I0711 00:41:15.912631  3694 runtime_context.cpp:12] DecreaseCounter constructing_actor_cnt, current val is 1827
I0711 00:41:15.912647  3694 thread.cpp:61] thread 14 construct actor 61572651155484
I0711 00:41:15.912680  3619 normal_forward_compute_actor.cpp:13] actor 16 switch to &NormalForwardCompActor::HandlerNormal
I0711 00:41:15.912753  3619 runtime_context.cpp:12] DecreaseCounter constructing_actor_cnt, current val is 1826
I0711 00:41:15.912766  3619 thread.cpp:61] thread 0 construct actor 17
I0711 00:41:15.913009  3666 copy_hd_actor.cpp:8] actor 8796093022225 switch to &CopyHdActor::HandlerNormal
I0711 00:41:15.913084  3666 runtime_context.cpp:12] DecreaseCounter constructing_actor_cnt, current val is 1825
I0711 00:41:15.913096  3666 thread.cpp:61] thread 2 construct actor 8796093022226
I0711 00:41:15.913353  3694 tick_compute_actor.cpp:7] actor 61572651155484 switch to &TickComputeActor::HandlerNormal
I0711 00:41:15.913467  3694 runtime_context.cpp:12] DecreaseCounter constructing_actor_cnt, current val is 1824
I0711 00:41:15.913481  3694 thread.cpp:61] thread 14 construct actor 61572651155485
I0711 00:41:15.913556  3619 normal_forward_compute_actor.cpp:13] actor 17 switch to &NormalForwardCompActor::HandlerNormal
I0711 00:41:15.913633  3619 runtime_context.cpp:12] DecreaseCounter constructing_actor_cnt, current val is 1823
I0711 00:41:15.913651  3619 thread.cpp:61] thread 0 construct actor 18
I0711 00:41:15.914168  3666 copy_hd_actor.cpp:8] actor 8796093022226 switch to &CopyHdActor::HandlerNormal
I0711 00:41:15.914245  3666 runtime_context.cpp:12] DecreaseCounter constructing_actor_cnt, current val is 1822
I0711 00:41:15.914258  3666 thread.cpp:61] thread 2 construct actor 8796093022227
I0711 00:41:15.915338  3666 copy_hd_actor.cpp:8] actor 8796093022227 switch to &CopyHdActor::HandlerNormal
I0711 00:41:15.915457  3666 runtime_context.cpp:12] DecreaseCounter constructing_actor_cnt, current val is 1821
I0711 00:41:15.915473  3666 thread.cpp:61] thread 2 construct actor 8796093022228
I0711 00:41:15.916566  3666 copy_hd_actor.cpp:8] actor 8796093022228 switch to &CopyHdActor::HandlerNormal
I0711 00:41:15.916589  3619 normal_forward_compute_actor.cpp:13] actor 18 switch to &NormalForwardCompActor::HandlerNormal
I0711 00:41:15.916646  3666 runtime_context.cpp:12] DecreaseCounter constructing_actor_cnt, current val is 1820
I0711 00:41:15.916657  3666 thread.cpp:61] thread 2 construct actor 8796093022229
I0711 00:41:15.916710  3619 runtime_context.cpp:12] DecreaseCounter constructing_actor_cnt, current val is 1819
I0711 00:41:15.916730  3619 thread.cpp:61] thread 0 construct actor 19
I0711 00:41:15.917336  3694 tick_compute_actor.cpp:7] actor 61572651155485 switch to &TickComputeActor::HandlerNormal
I0711 00:41:15.917585  3694 runtime_context.cpp:12] DecreaseCounter constructing_actor_cnt, current val is 1818
I0711 00:41:15.917594  3619 normal_forward_compute_actor.cpp:13] actor 19 switch to &NormalForwardCompActor::HandlerNormal
I0711 00:41:15.917605  3694 thread.cpp:61] thread 14 construct actor 61572651155556
I0711 00:41:15.917676  3619 runtime_context.cpp:12] DecreaseCounter constructing_actor_cnt, current val is 1817
I0711 00:41:15.917688  3619 thread.cpp:61] thread 0 construct actor 20
I0711 00:41:15.917843  3666 copy_hd_actor.cpp:8] actor 8796093022229 switch to &CopyHdActor::HandlerNormal
I0711 00:41:15.917919  3666 runtime_context.cpp:12] DecreaseCounter constructing_actor_cnt, current val is 1816
I0711 00:41:15.917932  3666 thread.cpp:61] thread 2 construct actor 8796093022230
I0711 00:41:15.918354  3694 tick_compute_actor.cpp:7] actor 61572651155556 switch to &TickComputeActor::HandlerNormal
I0711 00:41:15.918462  3619 normal_forward_compute_actor.cpp:13] actor 20 switch to &NormalForwardCompActor::HandlerNormal
I0711 00:41:15.918468  3694 runtime_context.cpp:12] DecreaseCounter constructing_actor_cnt, current val is 1815
I0711 00:41:15.918488  3694 thread.cpp:61] thread 14 construct actor 61572651155487
I0711 00:41:15.918538  3619 runtime_context.cpp:12] DecreaseCounter constructing_actor_cnt, current val is 1814
I0711 00:41:15.918551  3619 thread.cpp:61] thread 0 construct actor 21
I0711 00:41:15.919057  3666 copy_hd_actor.cpp:8] actor 8796093022230 switch to &CopyHdActor::HandlerNormal
I0711 00:41:15.919132  3666 runtime_context.cpp:12] DecreaseCounter constructing_actor_cnt, current val is 1813
I0711 00:41:15.919144  3666 thread.cpp:61] thread 2 construct actor 8796093022231
I0711 00:41:15.919219  3694 tick_compute_actor.cpp:7] actor 61572651155487 switch to &TickComputeActor::HandlerNormal
I0711 00:41:15.919276  3619 normal_forward_compute_actor.cpp:13] actor 21 switch to &NormalForwardCompActor::HandlerNormal
I0711 00:41:15.919288  3694 runtime_context.cpp:12] DecreaseCounter constructing_actor_cnt, current val is 1812
I0711 00:41:15.919301  3694 thread.cpp:61] thread 14 construct actor 61572651155488
I0711 00:41:15.919348  3619 runtime_context.cpp:12] DecreaseCounter constructing_actor_cnt, current val is 1811
I0711 00:41:15.919368  3619 thread.cpp:61] thread 0 construct actor 22
I0711 00:41:15.920068  3694 tick_compute_actor.cpp:7] actor 61572651155488 switch to &TickComputeActor::HandlerNormal
I0711 00:41:15.920148  3694 runtime_context.cpp:12] DecreaseCounter constructing_actor_cnt, current val is 1810
I0711 00:41:15.920151  3619 normal_forward_compute_actor.cpp:13] actor 22 switch to &NormalForwardCompActor::HandlerNormal
I0711 00:41:15.920168  3694 thread.cpp:61] thread 14 construct actor 61572651155489
I0711 00:41:15.920250  3619 runtime_context.cpp:12] DecreaseCounter constructing_actor_cnt, current val is 1809
I0711 00:41:15.920260  3666 copy_hd_actor.cpp:8] actor 8796093022231 switch to &CopyHdActor::HandlerNormal
I0711 00:41:15.920269  3619 thread.cpp:61] thread 0 construct actor 23
I0711 00:41:15.920342  3666 runtime_context.cpp:12] DecreaseCounter constructing_actor_cnt, current val is 1808
I0711 00:41:15.920354  3666 thread.cpp:61] thread 2 construct actor 8796093022232
I0711 00:41:15.920984  3694 tick_compute_actor.cpp:7] actor 61572651155489 switch to &TickComputeActor::HandlerNormal
I0711 00:41:15.921061  3694 runtime_context.cpp:12] DecreaseCounter constructing_actor_cnt, current val is 1807
I0711 00:41:15.921080  3694 thread.cpp:61] thread 14 construct actor 61572651155490
I0711 00:41:15.921090  3619 normal_forward_compute_actor.cpp:13] actor 23 switch to &NormalForwardCompActor::HandlerNormal
I0711 00:41:15.921180  3619 runtime_context.cpp:12] DecreaseCounter constructing_actor_cnt, current val is 1806
I0711 00:41:15.921198  3619 thread.cpp:61] thread 0 construct actor 24
I0711 00:41:15.921454  3666 copy_hd_actor.cpp:8] actor 8796093022232 switch to &CopyHdActor::HandlerNormal
I0711 00:41:15.921556  3666 runtime_context.cpp:12] DecreaseCounter constructing_actor_cnt, current val is 1805
I0711 00:41:15.921569  3666 thread.cpp:61] thread 2 construct actor 8796093022233
I0711 00:41:15.921854  3694 tick_compute_actor.cpp:7] actor 61572651155490 switch to &TickComputeActor::HandlerNormal
I0711 00:41:15.921934  3694 runtime_context.cpp:12] DecreaseCounter constructing_actor_cnt, current val is 1804
I0711 00:41:15.921953  3694 thread.cpp:61] thread 14 construct actor 61572651155555
I0711 00:41:15.922014  3619 normal_forward_compute_actor.cpp:13] actor 24 switch to &NormalForwardCompActor::HandlerNormal
I0711 00:41:15.922087  3619 runtime_context.cpp:12] DecreaseCounter constructing_actor_cnt, current val is 1803
I0711 00:41:15.922099  3619 thread.cpp:61] thread 0 construct actor 25
I0711 00:41:15.922633  3666 copy_hd_actor.cpp:8] actor 8796093022233 switch to &CopyHdActor::HandlerNormal
I0711 00:41:15.922708  3666 runtime_context.cpp:12] DecreaseCounter constructing_actor_cnt, current val is 1802
I0711 00:41:15.922713  3694 tick_compute_actor.cpp:7] actor 61572651155555 switch to &TickComputeActor::HandlerNormal
I0711 00:41:15.922727  3666 thread.cpp:61] thread 2 construct actor 8796093022234
I0711 00:41:15.922791  3694 runtime_context.cpp:12] DecreaseCounter constructing_actor_cnt, current val is 1801
I0711 00:41:15.922803  3694 thread.cpp:61] thread 14 construct actor 61572651155493
I0711 00:41:15.922888  3619 normal_forward_compute_actor.cpp:13] actor 25 switch to &NormalForwardCompActor::HandlerNormal
I0711 00:41:15.922967  3619 runtime_context.cpp:12] DecreaseCounter constructing_actor_cnt, current val is 1800
I0711 00:41:15.922986  3619 thread.cpp:61] thread 0 construct actor 26
I0711 00:41:15.923609  3694 tick_compute_actor.cpp:7] actor 61572651155493 switch to &TickComputeActor::HandlerNormal
I0711 00:41:15.923688  3694 runtime_context.cpp:12] DecreaseCounter constructing_actor_cnt, current val is 1799
I0711 00:41:15.923700  3694 thread.cpp:61] thread 14 construct actor 61572651155494
I0711 00:41:15.923766  3619 normal_forward_compute_actor.cpp:13] actor 26 switch to &NormalForwardCompActor::HandlerNormal
I0711 00:41:15.923805  3666 copy_hd_actor.cpp:8] actor 8796093022234 switch to &CopyHdActor::HandlerNormal
I0711 00:41:15.923836  3619 runtime_context.cpp:12] DecreaseCounter constructing_actor_cnt, current val is 1798
I0711 00:41:15.923849  3619 thread.cpp:61] thread 0 construct actor 27
I0711 00:41:15.923871  3666 runtime_context.cpp:12] DecreaseCounter constructing_actor_cnt, current val is 1797
I0711 00:41:15.923889  3666 thread.cpp:61] thread 2 construct actor 8796093022235
I0711 00:41:15.924448  3694 tick_compute_actor.cpp:7] actor 61572651155494 switch to &TickComputeActor::HandlerNormal
I0711 00:41:15.924527  3694 runtime_context.cpp:12] DecreaseCounter constructing_actor_cnt, current val is 1796
I0711 00:41:15.924546  3694 thread.cpp:61] thread 14 construct actor 61572651155495
I0711 00:41:15.924962  3666 copy_hd_actor.cpp:8] actor 8796093022235 switch to &CopyHdActor::HandlerNormal
I0711 00:41:15.925037  3666 runtime_context.cpp:12] DecreaseCounter constructing_actor_cnt, current val is 1795
I0711 00:41:15.925055  3666 thread.cpp:61] thread 2 construct actor 8796093022236
I0711 00:41:15.925256  3694 tick_compute_actor.cpp:7] actor 61572651155495 switch to &TickComputeActor::HandlerNormal
I0711 00:41:15.925334  3694 runtime_context.cpp:12] DecreaseCounter constructing_actor_cnt, current val is 1794
I0711 00:41:15.925354  3694 thread.cpp:61] thread 14 construct actor 61572651155496
I0711 00:41:15.926151  3666 copy_hd_actor.cpp:8] actor 8796093022236 switch to &CopyHdActor::HandlerNormal
I0711 00:41:15.926249  3666 runtime_context.cpp:12] DecreaseCounter constructing_actor_cnt, current val is 1793
I0711 00:41:15.926267  3666 thread.cpp:61] thread 2 construct actor 8796093022237
I0711 00:41:15.926764  3619 normal_forward_compute_actor.cpp:13] actor 27 switch to &NormalForwardCompActor::HandlerNormal
I0711 00:41:15.926916  3619 runtime_context.cpp:12] DecreaseCounter constructing_actor_cnt, current val is 1792
I0711 00:41:15.926964  3619 thread.cpp:61] thread 0 construct actor 28
I0711 00:41:15.927350  3666 copy_hd_actor.cpp:8] actor 8796093022237 switch to &CopyHdActor::HandlerNormal
I0711 00:41:15.927435  3666 runtime_context.cpp:12] DecreaseCounter constructing_actor_cnt, current val is 1791
I0711 00:41:15.927462  3666 thread.cpp:61] thread 2 construct actor 8796093022238
I0711 00:41:15.927772  3619 normal_forward_compute_actor.cpp:13] actor 28 switch to &NormalForwardCompActor::HandlerNormal
I0711 00:41:15.927853  3619 runtime_context.cpp:12] DecreaseCounter constructing_actor_cnt, current val is 1790
I0711 00:41:15.927871  3619 thread.cpp:61] thread 0 construct actor 29
