Log file created at: 2021/10/12 14:18:50
Running on machine: oneflow-14
Log line format: [IWEF]mmdd hh:mm:ss.uuuuuu threadid file:line] msg
I1012 14:18:50.718868 31073 global.h:36] NewGlobal 14cudaDeviceProp
I1012 14:18:50.732211 31073 global.h:36] NewGlobal N7oneflow7EnvDescE
I1012 14:18:50.732234 31073 global.h:36] NewGlobal N7oneflow10ProcessCtxE
I1012 14:18:50.732246 31073 env_global_objects_scope.cpp:159] using rpc backend: gRPC
I1012 14:18:50.732251 31073 global.h:36] NewGlobal N7oneflow10CtrlServerE
I1012 14:18:50.733155 31073 ctrl_server.cpp:40] CtrlServer listening on 0.0.0.0:46658
I1012 14:18:50.733294 31073 rank_info_bootstrap_server.cpp:47] RankInfoBootstrapServer listening on 0.0.0.0:41689
I1012 14:18:50.734128 31073 rpc_client.cpp:190] LoadServer 127.0.0.1 Failed at 0 times error_code 14 error_message failed to connect to all addresses
I1012 14:19:00.735065 31073 rpc_client.cpp:187] LoadServer 127.0.0.1 Successful at 1 times
I1012 14:19:00.736927 31073 ctrl_bootstrap.cpp:76] 
ctrl_addr {
  host: "127.0.0.1"
  port: 34318
}
ctrl_addr {
  host: "127.0.0.1"
  port: 46658
}
rank: 1
node_size: 1
I1012 14:19:00.739173 31073 rpc_client.cpp:187] LoadServer 127.0.0.1 Successful at 0 times
I1012 14:19:00.740612 31073 rpc_client.cpp:187] LoadServer 127.0.0.1 Successful at 0 times
I1012 14:19:00.740808 31073 global.h:36] NewGlobal N7oneflow12ResourceDescE
I1012 14:19:00.740844 31073 global.h:36] NewGlobal N7oneflow12ResourceDescE
I1012 14:19:00.925324 31073 global.h:36] NewGlobal N7oneflow10ThreadPoolE
I1012 14:19:00.927246 31073 global.h:36] NewGlobal N7oneflow16EagerNcclCommMgrE
I1012 14:19:00.927268 31073 global.h:36] NewGlobal N7oneflow18CudnnConvAlgoCacheE
I1012 14:19:00.927276 31073 global.h:36] NewGlobal N7oneflow2vm19VirtualMachineScopeE
I1012 14:19:00.927285 31073 global.h:36] NewGlobal N7oneflow9OneflowVME
I1012 14:19:00.928041 31073 oneflow_vm.cpp:75] transport stream type: N7oneflow2vm13CpuStreamTypeE
I1012 14:19:00.928063 31073 oneflow_vm.cpp:75] transport stream type: N7oneflow2vm14CudaStreamTypeE
I1012 14:19:00.928074 31073 oneflow_vm.cpp:75] transport stream type: N7oneflow2vm19AsyncCudaStreamTypeE
I1012 14:19:00.928305 31073 global.h:36] NewGlobal N7oneflow27EagerJobBuildAndInferCtxMgrE
I1012 14:19:00.928328 31073 global.h:36] NewGlobal N7oneflow12EpollCommNetE
I1012 14:19:00.928547 31073 epoll_comm_network.cpp:63] CommNet:Epoll listening on 0.0.0.0:38798
I1012 14:19:00.929296 31073 epoll_comm_network.cpp:197] machine 0 sockfd 42
I1012 14:19:00.929322 31073 epoll_comm_network.cpp:197] machine 1 sockfd -1
I1012 14:19:00.930125 31073 global.h:36] NewGlobal N7oneflow9TransportE
I1012 14:19:00.930335 31073 global.h:36] NewGlobal N7oneflow25MultiClientSessionContextE
I1012 14:19:04.477147 31444 eager_nccl_comm_manager.cpp:69]  EagerNcclCommMgr::ncclCommInitRank device_vec.size() = 2, nccl_unique_id = 0200ffffffdaffffff930b0b010e000000000000000000000000000000000000000000000000000000000000000000000000000000000000000000000000000000000000000000000000000000000000000000000000000000000000000000000000000000000000000000000000000000000000000000000000000000000000000000000000, rank = 1, key = {eager_nccl_unique_id_rpc_key,0:0,1:1}
I1012 14:19:04.873457 31073 version.cpp:22] OneFlow git version: b295ca2324
I1012 14:19:04.873519 31073 device_register_gpu.cpp:56] CUDA runtime version: 11.2
I1012 14:19:04.873551 31073 device_register_gpu.cpp:65] cuDNN version: 8.1.1
I1012 14:19:04.873559 31073 device_register_gpu.cpp:78] NCCL version: 2.9.8
I1012 14:19:04.873567 31073 global.h:43] DeleteGlobal N7oneflow12ResourceDescE
I1012 14:19:04.873585 31073 global.h:36] NewGlobal N7oneflow12ResourceDescE
I1012 14:19:04.873593 31073 global.h:36] NewGlobal N7oneflow5IDMgrE
I1012 14:19:04.873600 31073 global.h:36] NewGlobal N7oneflow26LazyJobBuildAndInferCtxMgrE
I1012 14:19:04.873607 31073 global.h:36] NewGlobal N7oneflow9BufferMgrISt10shared_ptrINS_11JobInstanceEEEE
I1012 14:19:04.873612 31073 global.h:36] NewGlobal N7oneflow10RuntimeCtxE
I1012 14:19:04.873618 31073 global.h:36] NewGlobal N7oneflow15MemoryAllocatorE
I1012 14:19:04.873623 31073 global.h:36] NewGlobal N7oneflow8ChunkMgrE
I1012 14:19:04.873824 31073 global.h:36] NewGlobal N7oneflow8RegstMgrE
I1012 14:19:04.873857 31073 global.h:36] NewGlobal N7oneflow11ActorMsgBusE
I1012 14:19:04.873894 31073 global.h:36] NewGlobal N7oneflow9ThreadMgrE
I1012 14:19:04.873922 31073 global.h:36] NewGlobal N7oneflow15RuntimeJobDescsE
I1012 14:19:04.873951 31073 global.h:36] NewGlobal N7oneflow7summary12EventsWriterE
I1012 14:19:04.873972 31073 global.h:36] NewGlobal N7oneflow6boxing10collective24CollectiveBoxingExecutorE
I1012 14:19:04.873991 31073 global.h:36] NewGlobal N7oneflow6boxing10collective31CollectiveBoxingDeviceCtxPollerE
I1012 14:19:04.880004 31073 global.h:36] NewGlobal N7oneflow7JobDescE
I1012 14:19:05.150343 31073 global.h:43] DeleteGlobal N7oneflow7JobDescE
I1012 14:19:05.150485 31073 global.h:36] NewGlobal N7oneflow7JobDescE
I1012 14:19:05.445670 31073 global.h:43] DeleteGlobal N7oneflow7JobDescE
I1012 14:19:05.478924 31073 global.h:36] NewGlobal N7oneflow7JobDescE
I1012 14:19:06.875681 31073 runtime_context.cpp:21] NewCounter constructing_actor_cnt 210
I1012 14:19:06.876576 31617 wait_and_send_ids_actor.cpp:53] actor 36283892105216 switch to &WaitAndSendIdsActor::HandlerWaitToStart
I1012 14:19:06.876631 31617 thread.cpp:96] Thread 17301508 construct Actor kWaitAndSendIds 36283892105216
I1012 14:19:06.877034 31617 runtime_context.cpp:29] DecreaseCounter constructing_actor_cnt, current val is 209
I1012 14:19:06.877274 31607 naive_actor.cpp:25] actor 37391985279148 switch to &NaiveActor::HandlerNormal
I1012 14:19:06.877321 31607 thread.cpp:96] Thread 17829888 construct Actor kDeviceTick 37391985279148
I1012 14:19:06.877393 31607 runtime_context.cpp:29] DecreaseCounter constructing_actor_cnt, current val is 208
I1012 14:19:06.883386 31616 naive_actor.cpp:25] actor 37391987376132 switch to &NaiveActor::HandlerNormal
I1012 14:19:06.883567 31616 thread.cpp:96] Thread 17829889 construct Actor kCopyHd 37391987376132
I1012 14:19:06.883643 31611 naive_actor.cpp:25] actor 37391991570443 switch to &NaiveActor::HandlerNormal
I1012 14:19:06.883602 31613 sink_actor.cpp:21] actor 36283894202368 switch to &SinkActor::HandlerNormal
I1012 14:19:06.883577 31614 copy_comm_net_actor.cpp:66] actor 36283887910912 switch to &CopyCommNetActor::HandlerNormal
I1012 14:19:06.884050 31614 thread.cpp:96] Thread 17301506 construct Actor kCopyCommNet 36283887910912
I1012 14:19:06.884133 31614 runtime_context.cpp:29] DecreaseCounter constructing_actor_cnt, current val is 206
I1012 14:19:06.884379 31607 naive_actor.cpp:25] actor 37391985278988 switch to &NaiveActor::HandlerNormal
I1012 14:19:06.883775 31612 naive_actor.cpp:25] actor 36283890008065 switch to &NaiveActor::HandlerNormal
I1012 14:19:06.883879 31611 thread.cpp:96] Thread 17829891 construct Actor kCollectiveBoxingGeneric 37391991570443
I1012 14:19:06.883930 31613 thread.cpp:96] Thread 17301509 construct Actor kCallbackNotify 36283894202368
I1012 14:19:06.884624 31611 runtime_context.cpp:29] DecreaseCounter constructing_actor_cnt, current val is 205
I1012 14:19:06.884475 31608 naive_actor.cpp:25] actor 36283885813760 switch to &NaiveActor::HandlerNormal
I1012 14:19:06.884706 31608 thread.cpp:96] Thread 17301505 construct Actor kNormalForward 36283885813760
I1012 14:19:06.884804 31608 runtime_context.cpp:29] DecreaseCounter constructing_actor_cnt, current val is 203
I1012 14:19:06.884872 31611 naive_actor.cpp:25] actor 37391991570437 switch to &NaiveActor::HandlerNormal
I1012 14:19:06.884949 31611 thread.cpp:96] Thread 17829891 construct Actor kCollectiveBoxingGeneric 37391991570437
I1012 14:19:06.884644 31613 runtime_context.cpp:29] DecreaseCounter constructing_actor_cnt, current val is 204
I1012 14:19:06.883683 31616 runtime_context.cpp:29] DecreaseCounter constructing_actor_cnt, current val is 207
I1012 14:19:06.884527 31607 thread.cpp:96] Thread 17829888 construct Actor kNormalForward 37391985278988
I1012 14:19:06.884569 31612 thread.cpp:96] Thread 17301507 construct Actor kSrcSubsetTick 36283890008065
I1012 14:19:06.885244 31616 naive_actor.cpp:25] actor 37391987376130 switch to &NaiveActor::HandlerNormal
I1012 14:19:06.885779 31616 thread.cpp:96] Thread 17829889 construct Actor kCopyHd 37391987376130
I1012 14:19:06.885859 31616 runtime_context.cpp:29] DecreaseCounter constructing_actor_cnt, current val is 199
I1012 14:19:06.885032 31611 runtime_context.cpp:29] DecreaseCounter constructing_actor_cnt, current val is 202
I1012 14:19:06.885792 31608 naive_actor.cpp:25] actor 36283885813761 switch to &NaiveActor::HandlerNormal
I1012 14:19:06.885268 31612 runtime_context.cpp:29] DecreaseCounter constructing_actor_cnt, current val is 201
I1012 14:19:06.885269 31607 runtime_context.cpp:29] DecreaseCounter constructing_actor_cnt, current val is 200
I1012 14:19:06.886044 31608 thread.cpp:96] Thread 17301505 construct Actor kNormalForward 36283885813761
I1012 14:19:06.886058 31616 naive_actor.cpp:25] actor 37391987376128 switch to &NaiveActor::HandlerNormal
I1012 14:19:06.886154 31611 naive_actor.cpp:25] actor 37391991570438 switch to &NaiveActor::HandlerNormal
I1012 14:19:06.886272 31616 thread.cpp:96] Thread 17829889 construct Actor kCopyHd 37391987376128
I1012 14:19:06.886296 31608 runtime_context.cpp:29] DecreaseCounter constructing_actor_cnt, current val is 198
I1012 14:19:06.886385 31611 thread.cpp:96] Thread 17829891 construct Actor kCollectiveBoxingGeneric 37391991570438
I1012 14:19:06.886449 31616 runtime_context.cpp:29] DecreaseCounter constructing_actor_cnt, current val is 197
I1012 14:19:06.886587 31611 runtime_context.cpp:29] DecreaseCounter constructing_actor_cnt, current val is 196
I1012 14:19:06.886603 31607 naive_actor.cpp:25] actor 37391985278981 switch to &NaiveActor::HandlerNormal
I1012 14:19:06.886616 31612 naive_actor.cpp:25] actor 36283890008067 switch to &NaiveActor::HandlerNormal
I1012 14:19:06.886655 31607 thread.cpp:96] Thread 17829888 construct Actor kNormalForward 37391985278981
I1012 14:19:06.886708 31612 thread.cpp:96] Thread 17301507 construct Actor kDstSubsetTick 36283890008067
I1012 14:19:06.886724 31616 naive_actor.cpp:25] actor 37391987376129 switch to &NaiveActor::HandlerNormal
I1012 14:19:06.886772 31611 naive_actor.cpp:25] actor 37391991570442 switch to &NaiveActor::HandlerNormal
I1012 14:19:06.886808 31616 thread.cpp:96] Thread 17829889 construct Actor kCopyHd 37391987376129
I1012 14:19:06.886822 31607 runtime_context.cpp:29] DecreaseCounter constructing_actor_cnt, current val is 195
I1012 14:19:06.886862 31616 runtime_context.cpp:29] DecreaseCounter constructing_actor_cnt, current val is 193
I1012 14:19:06.886831 31611 thread.cpp:96] Thread 17829891 construct Actor kCollectiveBoxingGeneric 37391991570442
I1012 14:19:06.886824 31612 runtime_context.cpp:29] DecreaseCounter constructing_actor_cnt, current val is 194
I1012 14:19:06.886927 31611 runtime_context.cpp:29] DecreaseCounter constructing_actor_cnt, current val is 192
I1012 14:19:06.886991 31616 naive_actor.cpp:25] actor 37391987376131 switch to &NaiveActor::HandlerNormal
I1012 14:19:06.887027 31616 thread.cpp:96] Thread 17829889 construct Actor kCopyHd 37391987376131
I1012 14:19:06.887074 31616 runtime_context.cpp:29] DecreaseCounter constructing_actor_cnt, current val is 191
I1012 14:19:06.887095 31611 naive_actor.cpp:25] actor 37391991570435 switch to &NaiveActor::HandlerNormal
I1012 14:19:06.887132 31611 thread.cpp:96] Thread 17829891 construct Actor kCollectiveBoxingGeneric 37391991570435
I1012 14:19:06.887169 31611 runtime_context.cpp:29] DecreaseCounter constructing_actor_cnt, current val is 190
I1012 14:19:06.887197 31612 naive_actor.cpp:25] actor 36283890008066 switch to &NaiveActor::HandlerNormal
I1012 14:19:06.887207 31607 naive_actor.cpp:25] actor 37391985278985 switch to &NaiveActor::HandlerNormal
I1012 14:19:06.887240 31612 thread.cpp:96] Thread 17301507 construct Actor kTick 36283890008066
I1012 14:19:06.887279 31607 thread.cpp:96] Thread 17829888 construct Actor kNormalForward 37391985278985
I1012 14:19:06.887324 31611 naive_actor.cpp:25] actor 37391991570447 switch to &NaiveActor::HandlerNormal
I1012 14:19:06.887326 31612 runtime_context.cpp:29] DecreaseCounter constructing_actor_cnt, current val is 189
I1012 14:19:06.887362 31607 runtime_context.cpp:29] DecreaseCounter constructing_actor_cnt, current val is 188
I1012 14:19:06.887362 31611 thread.cpp:96] Thread 17829891 construct Actor kCollectiveBoxingGeneric 37391991570447
I1012 14:19:06.887555 31609 naive_actor.cpp:25] actor 36283883716608 switch to &NaiveActor::HandlerNormal
I1012 14:19:06.887673 31611 runtime_context.cpp:29] DecreaseCounter constructing_actor_cnt, current val is 187
I1012 14:19:06.887703 31609 thread.cpp:96] Thread 17301504 construct Actor kNormalForward 36283883716608
I1012 14:19:06.887771 31612 naive_actor.cpp:25] actor 36283890008064 switch to &NaiveActor::HandlerNormal
I1012 14:19:06.887840 31612 thread.cpp:96] Thread 17301507 construct Actor kDeviceTick 36283890008064
I1012 14:19:06.887854 31609 runtime_context.cpp:29] DecreaseCounter constructing_actor_cnt, current val is 186
I1012 14:19:06.887876 31611 naive_actor.cpp:25] actor 37391991570444 switch to &NaiveActor::HandlerNormal
I1012 14:19:06.887902 31607 naive_actor.cpp:25] actor 37391985279005 switch to &NaiveActor::HandlerNormal
I1012 14:19:06.887902 31612 runtime_context.cpp:29] DecreaseCounter constructing_actor_cnt, current val is 185
I1012 14:19:06.887928 31611 thread.cpp:96] Thread 17829891 construct Actor kCollectiveBoxingGeneric 37391991570444
I1012 14:19:06.887953 31607 thread.cpp:96] Thread 17829888 construct Actor kNormalForward 37391985279005
I1012 14:19:06.888020 31611 runtime_context.cpp:29] DecreaseCounter constructing_actor_cnt, current val is 184
I1012 14:19:06.888079 31607 runtime_context.cpp:29] DecreaseCounter constructing_actor_cnt, current val is 183
I1012 14:19:06.888159 31611 naive_actor.cpp:25] actor 37391991570448 switch to &NaiveActor::HandlerNormal
I1012 14:19:06.888201 31611 thread.cpp:96] Thread 17829891 construct Actor kCollectiveBoxingGeneric 37391991570448
I1012 14:19:06.888227 31612 naive_actor.cpp:25] actor 36283890008068 switch to &NaiveActor::HandlerNormal
I1012 14:19:06.888247 31611 runtime_context.cpp:29] DecreaseCounter constructing_actor_cnt, current val is 182
I1012 14:19:06.888280 31612 thread.cpp:96] Thread 17301507 construct Actor kTick 36283890008068
I1012 14:19:06.888383 31612 runtime_context.cpp:29] DecreaseCounter constructing_actor_cnt, current val is 181
I1012 14:19:06.888439 31611 naive_actor.cpp:25] actor 37391991570436 switch to &NaiveActor::HandlerNormal
I1012 14:19:06.888439 31607 naive_actor.cpp:25] actor 37391985278987 switch to &NaiveActor::HandlerNormal
I1012 14:19:06.888583 31607 thread.cpp:96] Thread 17829888 construct Actor kNormalForward 37391985278987
I1012 14:19:06.888499 31611 thread.cpp:96] Thread 17829891 construct Actor kCollectiveBoxingGeneric 37391991570436
I1012 14:19:06.888649 31612 naive_actor.cpp:25] actor 36283890008069 switch to &NaiveActor::HandlerNormal
I1012 14:19:06.888916 31609 naive_actor.cpp:25] actor 36283883716609 switch to &NaiveActor::HandlerNormal
I1012 14:19:06.889101 31611 runtime_context.cpp:29] DecreaseCounter constructing_actor_cnt, current val is 179
I1012 14:19:06.889123 31609 thread.cpp:96] Thread 17301504 construct Actor kNormalForward 36283883716609
I1012 14:19:06.889034 31607 runtime_context.cpp:29] DecreaseCounter constructing_actor_cnt, current val is 180
I1012 14:19:06.889091 31612 thread.cpp:96] Thread 17301507 construct Actor kTick 36283890008069
I1012 14:19:06.889199 31609 runtime_context.cpp:29] DecreaseCounter constructing_actor_cnt, current val is 178
I1012 14:19:06.889228 31612 runtime_context.cpp:29] DecreaseCounter constructing_actor_cnt, current val is 177
I1012 14:19:06.889341 31611 naive_actor.cpp:25] actor 37391991570446 switch to &NaiveActor::HandlerNormal
I1012 14:19:06.889488 31611 thread.cpp:96] Thread 17829891 construct Actor kCollectiveBoxingGeneric 37391991570446
I1012 14:19:06.889580 31611 runtime_context.cpp:29] DecreaseCounter constructing_actor_cnt, current val is 176
I1012 14:19:06.889835 31611 naive_actor.cpp:25] actor 37391991570441 switch to &NaiveActor::HandlerNormal
I1012 14:19:06.889911 31611 thread.cpp:96] Thread 17829891 construct Actor kCollectiveBoxingGeneric 37391991570441
I1012 14:19:06.890022 31607 naive_actor.cpp:25] actor 37391985278976 switch to &NaiveActor::HandlerNormal
I1012 14:19:06.890085 31611 runtime_context.cpp:29] DecreaseCounter constructing_actor_cnt, current val is 175
I1012 14:19:06.890094 31607 thread.cpp:96] Thread 17829888 construct Actor kNormalForward 37391985278976
I1012 14:19:06.890189 31607 runtime_context.cpp:29] DecreaseCounter constructing_actor_cnt, current val is 174
I1012 14:19:06.890275 31609 naive_actor.cpp:25] actor 36283883716610 switch to &NaiveActor::HandlerNormal
I1012 14:19:06.890292 31611 naive_actor.cpp:25] actor 37391991570434 switch to &NaiveActor::HandlerNormal
I1012 14:19:06.890333 31609 thread.cpp:96] Thread 17301504 construct Actor kNormalForward 36283883716610
I1012 14:19:06.890368 31611 thread.cpp:96] Thread 17829891 construct Actor kCollectiveBoxingGeneric 37391991570434
I1012 14:19:06.890450 31611 runtime_context.cpp:29] DecreaseCounter constructing_actor_cnt, current val is 173
I1012 14:19:06.890475 31609 runtime_context.cpp:29] DecreaseCounter constructing_actor_cnt, current val is 172
I1012 14:19:06.890650 31611 naive_actor.cpp:25] actor 37391991570432 switch to &NaiveActor::HandlerNormal
I1012 14:19:06.890699 31611 thread.cpp:96] Thread 17829891 construct Actor kCollectiveBoxingGeneric 37391991570432
I1012 14:19:06.890748 31611 runtime_context.cpp:29] DecreaseCounter constructing_actor_cnt, current val is 171
I1012 14:19:06.890899 31611 naive_actor.cpp:25] actor 37391991570449 switch to &NaiveActor::HandlerNormal
I1012 14:19:06.890933 31611 thread.cpp:96] Thread 17829891 construct Actor kCollectiveBoxingGeneric 37391991570449
I1012 14:19:06.891008 31611 runtime_context.cpp:29] DecreaseCounter constructing_actor_cnt, current val is 170
I1012 14:19:06.891180 31611 naive_actor.cpp:25] actor 37391991570439 switch to &NaiveActor::HandlerNormal
I1012 14:19:06.891208 31607 naive_actor.cpp:25] actor 37391985278982 switch to &NaiveActor::HandlerNormal
I1012 14:19:06.891233 31611 thread.cpp:96] Thread 17829891 construct Actor kCollectiveBoxingGeneric 37391991570439
I1012 14:19:06.891274 31607 thread.cpp:96] Thread 17829888 construct Actor kNormalForward 37391985278982
I1012 14:19:06.891324 31611 runtime_context.cpp:29] DecreaseCounter constructing_actor_cnt, current val is 169
I1012 14:19:06.891397 31607 runtime_context.cpp:29] DecreaseCounter constructing_actor_cnt, current val is 168
I1012 14:19:06.891535 31611 naive_actor.cpp:25] actor 37391991570445 switch to &NaiveActor::HandlerNormal
I1012 14:19:06.891588 31611 thread.cpp:96] Thread 17829891 construct Actor kCollectiveBoxingGeneric 37391991570445
I1012 14:19:06.891642 31611 runtime_context.cpp:29] DecreaseCounter constructing_actor_cnt, current val is 167
I1012 14:19:06.891846 31611 naive_actor.cpp:25] actor 37391991570440 switch to &NaiveActor::HandlerNormal
I1012 14:19:06.891888 31611 thread.cpp:96] Thread 17829891 construct Actor kCollectiveBoxingGeneric 37391991570440
I1012 14:19:06.891930 31611 runtime_context.cpp:29] DecreaseCounter constructing_actor_cnt, current val is 166
I1012 14:19:06.892096 31611 naive_actor.cpp:25] actor 37391991570433 switch to &NaiveActor::HandlerNormal
I1012 14:19:06.892138 31611 thread.cpp:96] Thread 17829891 construct Actor kCollectiveBoxingGeneric 37391991570433
I1012 14:19:06.892170 31607 naive_actor.cpp:25] actor 37391985278994 switch to &NaiveActor::HandlerNormal
I1012 14:19:06.892191 31611 runtime_context.cpp:29] DecreaseCounter constructing_actor_cnt, current val is 165
I1012 14:19:06.892235 31607 thread.cpp:96] Thread 17829888 construct Actor kNormalForward 37391985278994
I1012 14:19:06.892323 31607 runtime_context.cpp:29] DecreaseCounter constructing_actor_cnt, current val is 164
I1012 14:19:06.893196 31607 naive_actor.cpp:25] actor 37391985278986 switch to &NaiveActor::HandlerNormal
I1012 14:19:06.893256 31607 thread.cpp:96] Thread 17829888 construct Actor kNormalForward 37391985278986
I1012 14:19:06.893324 31607 runtime_context.cpp:29] DecreaseCounter constructing_actor_cnt, current val is 163
I1012 14:19:06.894184 31607 naive_actor.cpp:25] actor 37391985278979 switch to &NaiveActor::HandlerNormal
I1012 14:19:06.894369 31607 thread.cpp:96] Thread 17829888 construct Actor kNormalForward 37391985278979
I1012 14:19:06.894498 31607 runtime_context.cpp:29] DecreaseCounter constructing_actor_cnt, current val is 162
I1012 14:19:06.894834 31607 naive_actor.cpp:25] actor 37391985278992 switch to &NaiveActor::HandlerNormal
I1012 14:19:06.894897 31607 thread.cpp:96] Thread 17829888 construct Actor kNormalForward 37391985278992
I1012 14:19:06.894966 31607 runtime_context.cpp:29] DecreaseCounter constructing_actor_cnt, current val is 161
I1012 14:19:06.895792 31607 naive_actor.cpp:25] actor 37391985278983 switch to &NaiveActor::HandlerNormal
I1012 14:19:06.895843 31607 thread.cpp:96] Thread 17829888 construct Actor kNormalForward 37391985278983
I1012 14:19:06.895922 31607 runtime_context.cpp:29] DecreaseCounter constructing_actor_cnt, current val is 160
I1012 14:19:06.896787 31607 naive_actor.cpp:25] actor 37391985278980 switch to &NaiveActor::HandlerNormal
I1012 14:19:06.896844 31607 thread.cpp:96] Thread 17829888 construct Actor kNormalForward 37391985278980
I1012 14:19:06.896919 31607 runtime_context.cpp:29] DecreaseCounter constructing_actor_cnt, current val is 159
I1012 14:19:06.897683 31607 naive_actor.cpp:25] actor 37391985278984 switch to &NaiveActor::HandlerNormal
I1012 14:19:06.897737 31607 thread.cpp:96] Thread 17829888 construct Actor kNormalForward 37391985278984
I1012 14:19:06.897826 31607 runtime_context.cpp:29] DecreaseCounter constructing_actor_cnt, current val is 158
I1012 14:19:06.898567 31607 naive_actor.cpp:25] actor 37391985278993 switch to &NaiveActor::HandlerNormal
I1012 14:19:06.898618 31607 thread.cpp:96] Thread 17829888 construct Actor kNormalForward 37391985278993
I1012 14:19:06.898679 31607 runtime_context.cpp:29] DecreaseCounter constructing_actor_cnt, current val is 157
I1012 14:19:06.898993 31607 naive_actor.cpp:25] actor 37391985278977 switch to &NaiveActor::HandlerNormal
I1012 14:19:06.899040 31607 thread.cpp:96] Thread 17829888 construct Actor kNormalForward 37391985278977
I1012 14:19:06.899102 31607 runtime_context.cpp:29] DecreaseCounter constructing_actor_cnt, current val is 156
I1012 14:19:06.899892 31607 naive_actor.cpp:25] actor 37391985278978 switch to &NaiveActor::HandlerNormal
I1012 14:19:06.899942 31607 thread.cpp:96] Thread 17829888 construct Actor kNormalForward 37391985278978
I1012 14:19:06.900005 31607 runtime_context.cpp:29] DecreaseCounter constructing_actor_cnt, current val is 155
I1012 14:19:06.900792 31607 naive_actor.cpp:25] actor 37391985278998 switch to &NaiveActor::HandlerNormal
I1012 14:19:06.900842 31607 thread.cpp:96] Thread 17829888 construct Actor kNormalForward 37391985278998
I1012 14:19:06.900914 31607 runtime_context.cpp:29] DecreaseCounter constructing_actor_cnt, current val is 154
I1012 14:19:06.901198 31607 naive_actor.cpp:25] actor 37391985279022 switch to &NaiveActor::HandlerNormal
I1012 14:19:06.901247 31607 thread.cpp:96] Thread 17829888 construct Actor kNormalForward 37391985279022
I1012 14:19:06.901311 31607 runtime_context.cpp:29] DecreaseCounter constructing_actor_cnt, current val is 153
I1012 14:19:06.902060 31607 naive_actor.cpp:25] actor 37391985278991 switch to &NaiveActor::HandlerNormal
I1012 14:19:06.902110 31607 thread.cpp:96] Thread 17829888 construct Actor kNormalForward 37391985278991
I1012 14:19:06.902184 31607 runtime_context.cpp:29] DecreaseCounter constructing_actor_cnt, current val is 152
I1012 14:19:06.902906 31607 naive_actor.cpp:25] actor 37391985279050 switch to &NaiveActor::HandlerNormal
I1012 14:19:06.902958 31607 thread.cpp:96] Thread 17829888 construct Actor kNormalForward 37391985279050
I1012 14:19:06.903018 31607 runtime_context.cpp:29] DecreaseCounter constructing_actor_cnt, current val is 151
I1012 14:19:06.903306 31607 naive_actor.cpp:25] actor 37391985278990 switch to &NaiveActor::HandlerNormal
I1012 14:19:06.903357 31607 thread.cpp:96] Thread 17829888 construct Actor kNormalForward 37391985278990
I1012 14:19:06.903412 31607 runtime_context.cpp:29] DecreaseCounter constructing_actor_cnt, current val is 150
I1012 14:19:06.904150 31607 naive_actor.cpp:25] actor 37391985279009 switch to &NaiveActor::HandlerNormal
I1012 14:19:06.904203 31607 thread.cpp:96] Thread 17829888 construct Actor kNormalForward 37391985279009
I1012 14:19:06.904263 31607 runtime_context.cpp:29] DecreaseCounter constructing_actor_cnt, current val is 149
I1012 14:19:06.905043 31607 naive_actor.cpp:25] actor 37391985279029 switch to &NaiveActor::HandlerNormal
I1012 14:19:06.905097 31607 thread.cpp:96] Thread 17829888 construct Actor kNormalForward 37391985279029
I1012 14:19:06.905156 31607 runtime_context.cpp:29] DecreaseCounter constructing_actor_cnt, current val is 148
I1012 14:19:06.905887 31607 naive_actor.cpp:25] actor 37391985279033 switch to &NaiveActor::HandlerNormal
I1012 14:19:06.905931 31607 thread.cpp:96] Thread 17829888 construct Actor kNormalForward 37391985279033
I1012 14:19:06.905992 31607 runtime_context.cpp:29] DecreaseCounter constructing_actor_cnt, current val is 147
I1012 14:19:06.906286 31607 naive_actor.cpp:25] actor 37391985279000 switch to &NaiveActor::HandlerNormal
I1012 14:19:06.906335 31607 thread.cpp:96] Thread 17829888 construct Actor kNormalForward 37391985279000
I1012 14:19:06.906390 31607 runtime_context.cpp:29] DecreaseCounter constructing_actor_cnt, current val is 146
I1012 14:19:06.907176 31607 naive_actor.cpp:25] actor 37391985279006 switch to &NaiveActor::HandlerNormal
I1012 14:19:06.907224 31607 thread.cpp:96] Thread 17829888 construct Actor kNormalForward 37391985279006
I1012 14:19:06.907282 31607 runtime_context.cpp:29] DecreaseCounter constructing_actor_cnt, current val is 145
I1012 14:19:06.908018 31607 naive_actor.cpp:25] actor 37391985278996 switch to &NaiveActor::HandlerNormal
I1012 14:19:06.908069 31607 thread.cpp:96] Thread 17829888 construct Actor kNormalForward 37391985278996
I1012 14:19:06.908139 31607 runtime_context.cpp:29] DecreaseCounter constructing_actor_cnt, current val is 144
I1012 14:19:06.908434 31607 naive_actor.cpp:25] actor 37391985279010 switch to &NaiveActor::HandlerNormal
I1012 14:19:06.908473 31607 thread.cpp:96] Thread 17829888 construct Actor kNormalForward 37391985279010
I1012 14:19:06.908524 31607 runtime_context.cpp:29] DecreaseCounter constructing_actor_cnt, current val is 143
I1012 14:19:06.909158 31607 naive_actor.cpp:25] actor 37391985279018 switch to &NaiveActor::HandlerNormal
I1012 14:19:06.909207 31607 thread.cpp:96] Thread 17829888 construct Actor kNormalForward 37391985279018
I1012 14:19:06.909276 31607 runtime_context.cpp:29] DecreaseCounter constructing_actor_cnt, current val is 142
I1012 14:19:06.909968 31607 naive_actor.cpp:25] actor 37391985279034 switch to &NaiveActor::HandlerNormal
I1012 14:19:06.910017 31607 thread.cpp:96] Thread 17829888 construct Actor kNormalForward 37391985279034
I1012 14:19:06.910074 31607 runtime_context.cpp:29] DecreaseCounter constructing_actor_cnt, current val is 141
I1012 14:19:06.910369 31607 naive_actor.cpp:25] actor 37391985278995 switch to &NaiveActor::HandlerNormal
I1012 14:19:06.910415 31607 thread.cpp:96] Thread 17829888 construct Actor kNormalForward 37391985278995
I1012 14:19:06.910486 31607 runtime_context.cpp:29] DecreaseCounter constructing_actor_cnt, current val is 140
I1012 14:19:06.911195 31607 naive_actor.cpp:25] actor 37391985279003 switch to &NaiveActor::HandlerNormal
I1012 14:19:06.911244 31607 thread.cpp:96] Thread 17829888 construct Actor kNormalForward 37391985279003
I1012 14:19:06.911300 31607 runtime_context.cpp:29] DecreaseCounter constructing_actor_cnt, current val is 139
I1012 14:19:06.911932 31607 naive_actor.cpp:25] actor 37391985279019 switch to &NaiveActor::HandlerNormal
I1012 14:19:06.911980 31607 thread.cpp:96] Thread 17829888 construct Actor kNormalForward 37391985279019
I1012 14:19:06.912045 31607 runtime_context.cpp:29] DecreaseCounter constructing_actor_cnt, current val is 138
I1012 14:19:06.912756 31607 naive_actor.cpp:25] actor 37391985279027 switch to &NaiveActor::HandlerNormal
I1012 14:19:06.912806 31607 thread.cpp:96] Thread 17829888 construct Actor kNormalForward 37391985279027
I1012 14:19:06.912986 31607 runtime_context.cpp:29] DecreaseCounter constructing_actor_cnt, current val is 137
I1012 14:19:06.913630 31607 naive_actor.cpp:25] actor 37391985279004 switch to &NaiveActor::HandlerNormal
I1012 14:19:06.913678 31607 thread.cpp:96] Thread 17829888 construct Actor kNormalForward 37391985279004
I1012 14:19:06.913748 31607 runtime_context.cpp:29] DecreaseCounter constructing_actor_cnt, current val is 136
I1012 14:19:06.914409 31607 naive_actor.cpp:25] actor 37391985279008 switch to &NaiveActor::HandlerNormal
I1012 14:19:06.914479 31607 thread.cpp:96] Thread 17829888 construct Actor kNormalForward 37391985279008
I1012 14:19:06.914537 31607 runtime_context.cpp:29] DecreaseCounter constructing_actor_cnt, current val is 135
I1012 14:19:06.915158 31607 naive_actor.cpp:25] actor 37391985279032 switch to &NaiveActor::HandlerNormal
I1012 14:19:06.915206 31607 thread.cpp:96] Thread 17829888 construct Actor kNormalForward 37391985279032
I1012 14:19:06.915271 31607 runtime_context.cpp:29] DecreaseCounter constructing_actor_cnt, current val is 134
I1012 14:19:06.915555 31607 naive_actor.cpp:25] actor 37391985279017 switch to &NaiveActor::HandlerNormal
I1012 14:19:06.915585 31607 thread.cpp:96] Thread 17829888 construct Actor kNormalForward 37391985279017
I1012 14:19:06.915635 31607 runtime_context.cpp:29] DecreaseCounter constructing_actor_cnt, current val is 133
I1012 14:19:06.916414 31607 naive_actor.cpp:25] actor 37391985279053 switch to &NaiveActor::HandlerNormal
I1012 14:19:06.916477 31607 thread.cpp:96] Thread 17829888 construct Actor kNormalForward 37391985279053
I1012 14:19:06.916539 31607 runtime_context.cpp:29] DecreaseCounter constructing_actor_cnt, current val is 132
I1012 14:19:06.917287 31607 naive_actor.cpp:25] actor 37391985279001 switch to &NaiveActor::HandlerNormal
I1012 14:19:06.917326 31607 thread.cpp:96] Thread 17829888 construct Actor kNormalForward 37391985279001
I1012 14:19:06.917379 31607 runtime_context.cpp:29] DecreaseCounter constructing_actor_cnt, current val is 131
I1012 14:19:06.917635 31607 naive_actor.cpp:25] actor 37391985279002 switch to &NaiveActor::HandlerNormal
I1012 14:19:06.917681 31607 thread.cpp:96] Thread 17829888 construct Actor kNormalForward 37391985279002
I1012 14:19:06.917743 31607 runtime_context.cpp:29] DecreaseCounter constructing_actor_cnt, current val is 130
I1012 14:19:06.918385 31607 naive_actor.cpp:25] actor 37391985279025 switch to &NaiveActor::HandlerNormal
I1012 14:19:06.918422 31607 thread.cpp:96] Thread 17829888 construct Actor kNormalForward 37391985279025
I1012 14:19:06.918483 31607 runtime_context.cpp:29] DecreaseCounter constructing_actor_cnt, current val is 129
I1012 14:19:06.919131 31607 naive_actor.cpp:25] actor 37391985279044 switch to &NaiveActor::HandlerNormal
I1012 14:19:06.919159 31607 thread.cpp:96] Thread 17829888 construct Actor kNormalForward 37391985279044
I1012 14:19:06.919210 31607 runtime_context.cpp:29] DecreaseCounter constructing_actor_cnt, current val is 128
I1012 14:19:06.919482 31607 naive_actor.cpp:25] actor 37391985279015 switch to &NaiveActor::HandlerNormal
I1012 14:19:06.919528 31607 thread.cpp:96] Thread 17829888 construct Actor kNormalForward 37391985279015
I1012 14:19:06.919587 31607 runtime_context.cpp:29] DecreaseCounter constructing_actor_cnt, current val is 127
I1012 14:19:06.920199 31607 naive_actor.cpp:25] actor 37391985279074 switch to &NaiveActor::HandlerNormal
I1012 14:19:06.920244 31607 thread.cpp:96] Thread 17829888 construct Actor kNormalForward 37391985279074
I1012 14:19:06.920298 31607 runtime_context.cpp:29] DecreaseCounter constructing_actor_cnt, current val is 126
I1012 14:19:06.920899 31607 naive_actor.cpp:25] actor 37391985279014 switch to &NaiveActor::HandlerNormal
I1012 14:19:06.920943 31607 thread.cpp:96] Thread 17829888 construct Actor kNormalForward 37391985279014
I1012 14:19:06.921003 31607 runtime_context.cpp:29] DecreaseCounter constructing_actor_cnt, current val is 125
I1012 14:19:06.921681 31607 naive_actor.cpp:25] actor 37391985279098 switch to &NaiveActor::HandlerNormal
I1012 14:19:06.921761 31607 thread.cpp:96] Thread 17829888 construct Actor kNormalForward 37391985279098
I1012 14:19:06.921846 31607 runtime_context.cpp:29] DecreaseCounter constructing_actor_cnt, current val is 124
I1012 14:19:06.922614 31607 naive_actor.cpp:25] actor 37391985279011 switch to &NaiveActor::HandlerNormal
I1012 14:19:06.922662 31607 thread.cpp:96] Thread 17829888 construct Actor kNormalForward 37391985279011
I1012 14:19:06.922717 31607 runtime_context.cpp:29] DecreaseCounter constructing_actor_cnt, current val is 123
I1012 14:19:06.923367 31607 naive_actor.cpp:25] actor 37391985279024 switch to &NaiveActor::HandlerNormal
I1012 14:19:06.923414 31607 thread.cpp:96] Thread 17829888 construct Actor kNormalForward 37391985279024
I1012 14:19:06.923481 31607 runtime_context.cpp:29] DecreaseCounter constructing_actor_cnt, current val is 122
I1012 14:19:06.924091 31607 naive_actor.cpp:25] actor 37391985279030 switch to &NaiveActor::HandlerNormal
I1012 14:19:06.924134 31607 thread.cpp:96] Thread 17829888 construct Actor kNormalForward 37391985279030
I1012 14:19:06.924185 31607 runtime_context.cpp:29] DecreaseCounter constructing_actor_cnt, current val is 121
I1012 14:19:06.924458 31607 naive_actor.cpp:25] actor 37391985279020 switch to &NaiveActor::HandlerNormal
I1012 14:19:06.924501 31607 thread.cpp:96] Thread 17829888 construct Actor kNormalForward 37391985279020
I1012 14:19:06.924551 31607 runtime_context.cpp:29] DecreaseCounter constructing_actor_cnt, current val is 120
I1012 14:19:06.925213 31607 naive_actor.cpp:25] actor 37391985279016 switch to &NaiveActor::HandlerNormal
I1012 14:19:06.925261 31607 thread.cpp:96] Thread 17829888 construct Actor kNormalForward 37391985279016
I1012 14:19:06.925315 31607 runtime_context.cpp:29] DecreaseCounter constructing_actor_cnt, current val is 119
I1012 14:19:06.925597 31607 naive_actor.cpp:25] actor 37391985279007 switch to &NaiveActor::HandlerNormal
I1012 14:19:06.925640 31607 thread.cpp:96] Thread 17829888 construct Actor kNormalForward 37391985279007
I1012 14:19:06.925689 31607 runtime_context.cpp:29] DecreaseCounter constructing_actor_cnt, current val is 118
I1012 14:19:06.926420 31607 naive_actor.cpp:25] actor 37391985279031 switch to &NaiveActor::HandlerNormal
I1012 14:19:06.926482 31607 thread.cpp:96] Thread 17829888 construct Actor kNormalForward 37391985279031
I1012 14:19:06.926550 31607 runtime_context.cpp:29] DecreaseCounter constructing_actor_cnt, current val is 117
I1012 14:19:06.927224 31607 naive_actor.cpp:25] actor 37391985279028 switch to &NaiveActor::HandlerNormal
I1012 14:19:06.927269 31607 thread.cpp:96] Thread 17829888 construct Actor kNormalForward 37391985279028
I1012 14:19:06.927320 31607 runtime_context.cpp:29] DecreaseCounter constructing_actor_cnt, current val is 116
I1012 14:19:06.928057 31607 naive_actor.cpp:25] actor 37391985279077 switch to &NaiveActor::HandlerNormal
I1012 14:19:06.928103 31607 thread.cpp:96] Thread 17829888 construct Actor kNormalForward 37391985279077
I1012 14:19:06.928158 31607 runtime_context.cpp:29] DecreaseCounter constructing_actor_cnt, current val is 115
I1012 14:19:06.928764 31607 naive_actor.cpp:25] actor 37391985279026 switch to &NaiveActor::HandlerNormal
I1012 14:19:06.928810 31607 thread.cpp:96] Thread 17829888 construct Actor kNormalForward 37391985279026
I1012 14:19:06.928859 31607 runtime_context.cpp:29] DecreaseCounter constructing_actor_cnt, current val is 114
I1012 14:19:06.929517 31607 naive_actor.cpp:25] actor 37391985279049 switch to &NaiveActor::HandlerNormal
I1012 14:19:06.929561 31607 thread.cpp:96] Thread 17829888 construct Actor kNormalForward 37391985279049
I1012 14:19:06.929612 31607 runtime_context.cpp:29] DecreaseCounter constructing_actor_cnt, current val is 113
I1012 14:19:06.930253 31607 naive_actor.cpp:25] actor 37391985279062 switch to &NaiveActor::HandlerNormal
I1012 14:19:06.930294 31607 thread.cpp:96] Thread 17829888 construct Actor kNormalForward 37391985279062
I1012 14:19:06.930344 31607 runtime_context.cpp:29] DecreaseCounter constructing_actor_cnt, current val is 112
I1012 14:19:06.931012 31607 naive_actor.cpp:25] actor 37391985278999 switch to &NaiveActor::HandlerNormal
I1012 14:19:06.931061 31607 thread.cpp:96] Thread 17829888 construct Actor kNormalForward 37391985278999
I1012 14:19:06.931110 31607 runtime_context.cpp:29] DecreaseCounter constructing_actor_cnt, current val is 111
I1012 14:19:06.931361 31607 naive_actor.cpp:25] actor 37391985279012 switch to &NaiveActor::HandlerNormal
I1012 14:19:06.931404 31607 thread.cpp:96] Thread 17829888 construct Actor kNormalForward 37391985279012
I1012 14:19:06.931463 31607 runtime_context.cpp:29] DecreaseCounter constructing_actor_cnt, current val is 110
I1012 14:19:06.932081 31607 naive_actor.cpp:25] actor 37391985279068 switch to &NaiveActor::HandlerNormal
I1012 14:19:06.932109 31607 thread.cpp:96] Thread 17829888 construct Actor kNormalForward 37391985279068
I1012 14:19:06.932159 31607 runtime_context.cpp:29] DecreaseCounter constructing_actor_cnt, current val is 109
I1012 14:19:06.932811 31607 naive_actor.cpp:25] actor 37391985279048 switch to &NaiveActor::HandlerNormal
I1012 14:19:06.932857 31607 thread.cpp:96] Thread 17829888 construct Actor kNormalForward 37391985279048
I1012 14:19:06.932910 31607 runtime_context.cpp:29] DecreaseCounter constructing_actor_cnt, current val is 108
I1012 14:19:06.933195 31607 naive_actor.cpp:25] actor 37391985279039 switch to &NaiveActor::HandlerNormal
I1012 14:19:06.933224 31607 thread.cpp:96] Thread 17829888 construct Actor kNormalForward 37391985279039
I1012 14:19:06.933286 31607 runtime_context.cpp:29] DecreaseCounter constructing_actor_cnt, current val is 107
I1012 14:19:06.933890 31607 naive_actor.cpp:25] actor 37391985279042 switch to &NaiveActor::HandlerNormal
I1012 14:19:06.933936 31607 thread.cpp:96] Thread 17829888 construct Actor kNormalForward 37391985279042
I1012 14:19:06.933997 31607 runtime_context.cpp:29] DecreaseCounter constructing_actor_cnt, current val is 106
I1012 14:19:06.934829 31607 naive_actor.cpp:25] actor 37391985279122 switch to &NaiveActor::HandlerNormal
I1012 14:19:06.934861 31607 thread.cpp:96] Thread 17829888 construct Actor kNormalForward 37391985279122
I1012 14:19:06.934916 31607 runtime_context.cpp:29] DecreaseCounter constructing_actor_cnt, current val is 105
I1012 14:19:06.935483 31607 naive_actor.cpp:25] actor 37391985279035 switch to &NaiveActor::HandlerNormal
I1012 14:19:06.935521 31607 thread.cpp:96] Thread 17829888 construct Actor kNormalForward 37391985279035
I1012 14:19:06.935567 31607 runtime_context.cpp:29] DecreaseCounter constructing_actor_cnt, current val is 104
I1012 14:19:06.936187 31607 naive_actor.cpp:25] actor 37391985279051 switch to &NaiveActor::HandlerNormal
I1012 14:19:06.936233 31607 thread.cpp:96] Thread 17829888 construct Actor kNormalForward 37391985279051
I1012 14:19:06.936285 31607 runtime_context.cpp:29] DecreaseCounter constructing_actor_cnt, current val is 103
I1012 14:19:06.937032 31607 naive_actor.cpp:25] actor 37391985279075 switch to &NaiveActor::HandlerNormal
I1012 14:19:06.937077 31607 thread.cpp:96] Thread 17829888 construct Actor kNormalForward 37391985279075
I1012 14:19:06.937140 31607 runtime_context.cpp:29] DecreaseCounter constructing_actor_cnt, current val is 102
I1012 14:19:06.937417 31607 naive_actor.cpp:25] actor 37391985279040 switch to &NaiveActor::HandlerNormal
I1012 14:19:06.937475 31607 thread.cpp:96] Thread 17829888 construct Actor kNormalForward 37391985279040
I1012 14:19:06.937552 31607 runtime_context.cpp:29] DecreaseCounter constructing_actor_cnt, current val is 101
I1012 14:19:06.938256 31607 naive_actor.cpp:25] actor 37391985279055 switch to &NaiveActor::HandlerNormal
I1012 14:19:06.938302 31607 thread.cpp:96] Thread 17829888 construct Actor kNormalForward 37391985279055
I1012 14:19:06.938365 31607 runtime_context.cpp:29] DecreaseCounter constructing_actor_cnt, current val is 100
I1012 14:19:06.939049 31607 naive_actor.cpp:25] actor 37391985279079 switch to &NaiveActor::HandlerNormal
I1012 14:19:06.939096 31607 thread.cpp:96] Thread 17829888 construct Actor kNormalForward 37391985279079
I1012 14:19:06.939193 31607 runtime_context.cpp:29] DecreaseCounter constructing_actor_cnt, current val is 99
I1012 14:19:06.939915 31607 naive_actor.cpp:25] actor 37391985279043 switch to &NaiveActor::HandlerNormal
I1012 14:19:06.939961 31607 thread.cpp:96] Thread 17829888 construct Actor kNormalForward 37391985279043
I1012 14:19:06.940023 31607 runtime_context.cpp:29] DecreaseCounter constructing_actor_cnt, current val is 98
I1012 14:19:06.940703 31607 naive_actor.cpp:25] actor 37391985279061 switch to &NaiveActor::HandlerNormal
I1012 14:19:06.940748 31607 thread.cpp:96] Thread 17829888 construct Actor kNormalForward 37391985279061
I1012 14:19:06.940801 31607 runtime_context.cpp:29] DecreaseCounter constructing_actor_cnt, current val is 97
I1012 14:19:06.941349 31607 naive_actor.cpp:25] actor 37391985278989 switch to &NaiveActor::HandlerNormal
I1012 14:19:06.941391 31607 thread.cpp:96] Thread 17829888 construct Actor kNormalForward 37391985278989
I1012 14:19:06.941447 31607 runtime_context.cpp:29] DecreaseCounter constructing_actor_cnt, current val is 96
I1012 14:19:06.942126 31607 naive_actor.cpp:25] actor 37391985279052 switch to &NaiveActor::HandlerNormal
I1012 14:19:06.942153 31607 thread.cpp:96] Thread 17829888 construct Actor kNormalForward 37391985279052
I1012 14:19:06.942219 31607 runtime_context.cpp:29] DecreaseCounter constructing_actor_cnt, current val is 95
I1012 14:19:06.942823 31607 naive_actor.cpp:25] actor 37391985279046 switch to &NaiveActor::HandlerNormal
I1012 14:19:06.942865 31607 thread.cpp:96] Thread 17829888 construct Actor kNormalForward 37391985279046
I1012 14:19:06.942932 31607 runtime_context.cpp:29] DecreaseCounter constructing_actor_cnt, current val is 94
I1012 14:19:06.943578 31607 naive_actor.cpp:25] actor 37391985279101 switch to &NaiveActor::HandlerNormal
I1012 14:19:06.943621 31607 thread.cpp:96] Thread 17829888 construct Actor kNormalForward 37391985279101
I1012 14:19:06.943671 31607 runtime_context.cpp:29] DecreaseCounter constructing_actor_cnt, current val is 93
I1012 14:19:06.944262 31607 naive_actor.cpp:25] actor 37391985279058 switch to &NaiveActor::HandlerNormal
I1012 14:19:06.944305 31607 thread.cpp:96] Thread 17829888 construct Actor kNormalForward 37391985279058
I1012 14:19:06.944365 31607 runtime_context.cpp:29] DecreaseCounter constructing_actor_cnt, current val is 92
I1012 14:19:06.944622 31607 naive_actor.cpp:25] actor 37391985278997 switch to &NaiveActor::HandlerNormal
I1012 14:19:06.944664 31607 thread.cpp:96] Thread 17829888 construct Actor kNormalForward 37391985278997
I1012 14:19:06.944718 31607 runtime_context.cpp:29] DecreaseCounter constructing_actor_cnt, current val is 91
I1012 14:19:06.945345 31607 naive_actor.cpp:25] actor 37391985279047 switch to &NaiveActor::HandlerNormal
I1012 14:19:06.945389 31607 thread.cpp:96] Thread 17829888 construct Actor kNormalForward 37391985279047
I1012 14:19:06.945447 31607 runtime_context.cpp:29] DecreaseCounter constructing_actor_cnt, current val is 90
I1012 14:19:06.946126 31607 naive_actor.cpp:25] actor 37391985279073 switch to &NaiveActor::HandlerNormal
I1012 14:19:06.946169 31607 thread.cpp:96] Thread 17829888 construct Actor kNormalForward 37391985279073
I1012 14:19:06.946220 31607 runtime_context.cpp:29] DecreaseCounter constructing_actor_cnt, current val is 89
I1012 14:19:06.946846 31607 naive_actor.cpp:25] actor 37391985279097 switch to &NaiveActor::HandlerNormal
I1012 14:19:06.946890 31607 thread.cpp:96] Thread 17829888 construct Actor kNormalForward 37391985279097
I1012 14:19:06.946951 31607 runtime_context.cpp:29] DecreaseCounter constructing_actor_cnt, current val is 88
I1012 14:19:06.947216 31607 naive_actor.cpp:25] actor 37391985279121 switch to &NaiveActor::HandlerNormal
I1012 14:19:06.947243 31607 thread.cpp:96] Thread 17829888 construct Actor kNormalForward 37391985279121
I1012 14:19:06.947302 31607 runtime_context.cpp:29] DecreaseCounter constructing_actor_cnt, current val is 87
I1012 14:19:06.947958 31607 naive_actor.cpp:25] actor 37391985279060 switch to &NaiveActor::HandlerNormal
I1012 14:19:06.948002 31607 thread.cpp:96] Thread 17829888 construct Actor kNormalForward 37391985279060
I1012 14:19:06.948143 31607 runtime_context.cpp:29] DecreaseCounter constructing_actor_cnt, current val is 86
I1012 14:19:06.948834 31607 naive_actor.cpp:25] actor 37391985279036 switch to &NaiveActor::HandlerNormal
I1012 14:19:06.948879 31607 thread.cpp:96] Thread 17829888 construct Actor kNormalForward 37391985279036
I1012 14:19:06.948930 31607 runtime_context.cpp:29] DecreaseCounter constructing_actor_cnt, current val is 85
I1012 14:19:06.949576 31607 naive_actor.cpp:25] actor 37391985279092 switch to &NaiveActor::HandlerNormal
I1012 14:19:06.949622 31607 thread.cpp:96] Thread 17829888 construct Actor kNormalForward 37391985279092
I1012 14:19:06.949685 31607 runtime_context.cpp:29] DecreaseCounter constructing_actor_cnt, current val is 84
I1012 14:19:06.950408 31607 naive_actor.cpp:25] actor 37391985279059 switch to &NaiveActor::HandlerNormal
I1012 14:19:06.950461 31607 thread.cpp:96] Thread 17829888 construct Actor kNormalForward 37391985279059
I1012 14:19:06.950526 31607 runtime_context.cpp:29] DecreaseCounter constructing_actor_cnt, current val is 83
I1012 14:19:06.951261 31607 naive_actor.cpp:25] actor 37391985279116 switch to &NaiveActor::HandlerNormal
I1012 14:19:06.951305 31607 thread.cpp:96] Thread 17829888 construct Actor kNormalForward 37391985279116
I1012 14:19:06.951370 31607 runtime_context.cpp:29] DecreaseCounter constructing_actor_cnt, current val is 82
I1012 14:19:06.952106 31607 naive_actor.cpp:25] actor 37391985279057 switch to &NaiveActor::HandlerNormal
I1012 14:19:06.952153 31607 thread.cpp:96] Thread 17829888 construct Actor kNormalForward 37391985279057
I1012 14:19:06.952219 31607 runtime_context.cpp:29] DecreaseCounter constructing_actor_cnt, current val is 81
I1012 14:19:06.952771 31607 naive_actor.cpp:25] actor 37391985279066 switch to &NaiveActor::HandlerNormal
I1012 14:19:06.952816 31607 thread.cpp:96] Thread 17829888 construct Actor kNormalForward 37391985279066
I1012 14:19:06.952867 31607 runtime_context.cpp:29] DecreaseCounter constructing_actor_cnt, current val is 80
I1012 14:19:06.953111 31607 naive_actor.cpp:25] actor 37391985279038 switch to &NaiveActor::HandlerNormal
I1012 14:19:06.953153 31607 thread.cpp:96] Thread 17829888 construct Actor kNormalForward 37391985279038
I1012 14:19:06.953198 31607 runtime_context.cpp:29] DecreaseCounter constructing_actor_cnt, current val is 79
I1012 14:19:06.953478 31607 naive_actor.cpp:25] actor 37391985279146 switch to &NaiveActor::HandlerNormal
I1012 14:19:06.953521 31607 thread.cpp:96] Thread 17829888 construct Actor kNormalForward 37391985279146
I1012 14:19:06.953573 31607 runtime_context.cpp:29] DecreaseCounter constructing_actor_cnt, current val is 78
I1012 14:19:06.954246 31607 naive_actor.cpp:25] actor 37391985279056 switch to &NaiveActor::HandlerNormal
I1012 14:19:06.954289 31607 thread.cpp:96] Thread 17829888 construct Actor kNormalForward 37391985279056
I1012 14:19:06.954351 31607 runtime_context.cpp:29] DecreaseCounter constructing_actor_cnt, current val is 77
I1012 14:19:06.954986 31607 naive_actor.cpp:25] actor 37391985279045 switch to &NaiveActor::HandlerNormal
I1012 14:19:06.955029 31607 thread.cpp:96] Thread 17829888 construct Actor kNormalForward 37391985279045
I1012 14:19:06.955089 31607 runtime_context.cpp:29] DecreaseCounter constructing_actor_cnt, current val is 76
I1012 14:19:06.955796 31607 naive_actor.cpp:25] actor 37391985279069 switch to &NaiveActor::HandlerNormal
I1012 14:19:06.955842 31607 thread.cpp:96] Thread 17829888 construct Actor kNormalForward 37391985279069
I1012 14:19:06.955894 31607 runtime_context.cpp:29] DecreaseCounter constructing_actor_cnt, current val is 75
I1012 14:19:06.956501 31607 naive_actor.cpp:25] actor 37391985279099 switch to &NaiveActor::HandlerNormal
I1012 14:19:06.956543 31607 thread.cpp:96] Thread 17829888 construct Actor kNormalForward 37391985279099
I1012 14:19:06.956594 31607 runtime_context.cpp:29] DecreaseCounter constructing_actor_cnt, current val is 74
I1012 14:19:06.957170 31607 naive_actor.cpp:25] actor 37391985279093 switch to &NaiveActor::HandlerNormal
I1012 14:19:06.957242 31607 thread.cpp:96] Thread 17829888 construct Actor kNormalForward 37391985279093
I1012 14:19:06.957319 31607 runtime_context.cpp:29] DecreaseCounter constructing_actor_cnt, current val is 73
I1012 14:19:06.957939 31607 naive_actor.cpp:25] actor 37391985279103 switch to &NaiveActor::HandlerNormal
I1012 14:19:06.957981 31607 thread.cpp:96] Thread 17829888 construct Actor kNormalForward 37391985279103
I1012 14:19:06.958041 31607 runtime_context.cpp:29] DecreaseCounter constructing_actor_cnt, current val is 72
I1012 14:19:06.958729 31607 naive_actor.cpp:25] actor 37391985279067 switch to &NaiveActor::HandlerNormal
I1012 14:19:06.958772 31607 thread.cpp:96] Thread 17829888 construct Actor kNormalForward 37391985279067
