Log file created at: 2021/10/13 19:35:28
Running on machine: oneflow-14
Log line format: [IWEF]mmdd hh:mm:ss.uuuuuu threadid file:line] msg
I1013 19:35:28.706378 30579 global.h:36] NewGlobal 14cudaDeviceProp
I1013 19:35:28.733877 30579 global.h:36] NewGlobal N7oneflow7EnvDescE
I1013 19:35:28.733909 30579 global.h:36] NewGlobal N7oneflow10ProcessCtxE
I1013 19:35:28.733925 30579 env_global_objects_scope.cpp:159] using rpc backend: gRPC
I1013 19:35:28.733933 30579 global.h:36] NewGlobal N7oneflow10CtrlServerE
I1013 19:35:28.735435 30579 ctrl_server.cpp:40] CtrlServer listening on 0.0.0.0:37437
I1013 19:35:28.735641 30579 rank_info_bootstrap_server.cpp:47] RankInfoBootstrapServer listening on 0.0.0.0:35601
I1013 19:35:28.736778 30579 rpc_client.cpp:187] LoadServer 127.0.0.1 Successful at 0 times
I1013 19:35:28.738270 30579 ctrl_bootstrap.cpp:76] 
ctrl_addr {
  host: "127.0.0.1"
  port: 41463
}
ctrl_addr {
  host: "127.0.0.1"
  port: 37437
}
rank: 1
node_size: 1
I1013 19:35:28.740653 30579 rpc_client.cpp:187] LoadServer 127.0.0.1 Successful at 0 times
I1013 19:35:28.741695 30579 rpc_client.cpp:187] LoadServer 127.0.0.1 Successful at 0 times
I1013 19:35:28.741773 30579 global.h:36] NewGlobal N7oneflow12ResourceDescE
I1013 19:35:28.741791 30579 global.h:36] NewGlobal N7oneflow12ResourceDescE
I1013 19:35:28.930675 30579 global.h:36] NewGlobal N7oneflow10ThreadPoolE
I1013 19:35:28.932507 30579 global.h:36] NewGlobal N7oneflow16EagerNcclCommMgrE
I1013 19:35:28.932526 30579 global.h:36] NewGlobal N7oneflow18CudnnConvAlgoCacheE
I1013 19:35:28.932536 30579 global.h:36] NewGlobal N7oneflow2vm19VirtualMachineScopeE
I1013 19:35:28.932545 30579 global.h:36] NewGlobal N7oneflow9OneflowVME
I1013 19:35:28.933233 30579 oneflow_vm.cpp:75] transport stream type: N7oneflow2vm13CpuStreamTypeE
I1013 19:35:28.933256 30579 oneflow_vm.cpp:75] transport stream type: N7oneflow2vm14CudaStreamTypeE
I1013 19:35:28.933266 30579 oneflow_vm.cpp:75] transport stream type: N7oneflow2vm19AsyncCudaStreamTypeE
I1013 19:35:28.934126 30579 global.h:36] NewGlobal N7oneflow27EagerJobBuildAndInferCtxMgrE
I1013 19:35:28.934211 30579 global.h:36] NewGlobal N7oneflow12EpollCommNetE
I1013 19:35:28.934393 30579 epoll_comm_network.cpp:63] CommNet:Epoll listening on 0.0.0.0:36499
I1013 19:35:28.935205 30579 epoll_comm_network.cpp:197] machine 0 sockfd 42
I1013 19:35:28.935232 30579 epoll_comm_network.cpp:197] machine 1 sockfd -1
I1013 19:35:28.935370 30579 global.h:36] NewGlobal N7oneflow9TransportE
I1013 19:35:28.935555 30579 global.h:36] NewGlobal N7oneflow25MultiClientSessionContextE
I1013 19:35:32.157959 30903 eager_nccl_comm_manager.cpp:69]  EagerNcclCommMgr::ncclCommInitRank device_vec.size() = 2, nccl_unique_id = 0200ffffff87ffffffaf0b0b010e000000000000000000000000000000000000000000000000000000000000000000000000000000000000000000000000000000000000000000000000000000000000000000000000000000000000000000000000000000000000000000000000000000000000000000000000000000000000000000000000, rank = 1, key = {eager_nccl_unique_id_rpc_key,0:0,1:1}
I1013 19:35:32.537871 30579 version.cpp:22] OneFlow git version: b295ca2324
I1013 19:35:32.537948 30579 device_register_gpu.cpp:56] CUDA runtime version: 11.2
I1013 19:35:32.537974 30579 device_register_gpu.cpp:65] cuDNN version: 8.1.1
I1013 19:35:32.537981 30579 device_register_gpu.cpp:78] NCCL version: 2.9.8
I1013 19:35:32.537990 30579 global.h:43] DeleteGlobal N7oneflow12ResourceDescE
I1013 19:35:32.538010 30579 global.h:36] NewGlobal N7oneflow12ResourceDescE
I1013 19:35:32.538019 30579 global.h:36] NewGlobal N7oneflow5IDMgrE
I1013 19:35:32.538028 30579 global.h:36] NewGlobal N7oneflow26LazyJobBuildAndInferCtxMgrE
I1013 19:35:32.538035 30579 global.h:36] NewGlobal N7oneflow9BufferMgrISt10shared_ptrINS_11JobInstanceEEEE
I1013 19:35:32.538041 30579 global.h:36] NewGlobal N7oneflow10RuntimeCtxE
I1013 19:35:32.538048 30579 global.h:36] NewGlobal N7oneflow15MemoryAllocatorE
I1013 19:35:32.538053 30579 global.h:36] NewGlobal N7oneflow8ChunkMgrE
I1013 19:35:32.538058 30579 global.h:36] NewGlobal N7oneflow8RegstMgrE
I1013 19:35:32.538064 30579 global.h:36] NewGlobal N7oneflow11ActorMsgBusE
I1013 19:35:32.538197 30579 global.h:36] NewGlobal N7oneflow9ThreadMgrE
I1013 19:35:32.538224 30579 global.h:36] NewGlobal N7oneflow15RuntimeJobDescsE
I1013 19:35:32.538245 30579 global.h:36] NewGlobal N7oneflow7summary12EventsWriterE
I1013 19:35:32.538257 30579 global.h:36] NewGlobal N7oneflow6boxing10collective24CollectiveBoxingExecutorE
I1013 19:35:32.538265 30579 global.h:36] NewGlobal N7oneflow6boxing10collective31CollectiveBoxingDeviceCtxPollerE
I1013 19:35:32.545157 30579 global.h:36] NewGlobal N7oneflow7JobDescE
I1013 19:35:32.756609 30579 global.h:43] DeleteGlobal N7oneflow7JobDescE
I1013 19:35:32.756762 30579 global.h:36] NewGlobal N7oneflow7JobDescE
I1013 19:35:33.068950 30579 global.h:43] DeleteGlobal N7oneflow7JobDescE
I1013 19:35:33.105008 30579 global.h:36] NewGlobal N7oneflow7JobDescE
I1013 19:35:34.578687 30579 runtime_context.cpp:21] NewCounter constructing_actor_cnt 231
I1013 19:35:34.579357 31082 naive_actor.cpp:25] actor 37391985279169 switch to &NaiveActor::HandlerNormal
I1013 19:35:34.579613 31091 wait_and_send_ids_actor.cpp:53] actor 36283892105216 switch to &WaitAndSendIdsActor::HandlerWaitToStart
I1013 19:35:34.579505 31082 thread.cpp:96] Thread 17829888 construct Actor kDeviceTick 37391985279169
I1013 19:35:34.579784 31091 thread.cpp:96] Thread 17301508 construct Actor kWaitAndSendIds 36283892105216
I1013 19:35:34.580024 31091 runtime_context.cpp:29] DecreaseCounter constructing_actor_cnt, current val is 229
I1013 19:35:34.580032 31082 runtime_context.cpp:29] DecreaseCounter constructing_actor_cnt, current val is 230
I1013 19:35:34.587463 31090 naive_actor.cpp:25] actor 37391987376129 switch to &NaiveActor::HandlerNormal
I1013 19:35:34.587589 31088 naive_actor.cpp:25] actor 37391991570443 switch to &NaiveActor::HandlerNormal
I1013 19:35:34.587719 31088 thread.cpp:96] Thread 17829891 construct Actor kCollectiveBoxingGeneric 37391991570443
I1013 19:35:34.587631 31090 thread.cpp:96] Thread 17829889 construct Actor kCopyHd 37391987376129
I1013 19:35:34.587685 31082 naive_actor.cpp:25] actor 37391985278977 switch to &NaiveActor::HandlerNormal
I1013 19:35:34.587603 31092 copy_comm_net_actor.cpp:66] actor 36283887910912 switch to &CopyCommNetActor::HandlerNormal
I1013 19:35:34.587760 31085 sink_actor.cpp:21] actor 36283894202368 switch to &SinkActor::HandlerNormal
I1013 19:35:34.588294 31085 thread.cpp:96] Thread 17301509 construct Actor kCallbackNotify 36283894202368
I1013 19:35:34.587821 31088 runtime_context.cpp:29] DecreaseCounter constructing_actor_cnt, current val is 228
I1013 19:35:34.587837 31086 naive_actor.cpp:25] actor 36283890008069 switch to &NaiveActor::HandlerNormal
I1013 19:35:34.588503 31086 thread.cpp:96] Thread 17301507 construct Actor kTick 36283890008069
I1013 19:35:34.588119 31082 thread.cpp:96] Thread 17829888 construct Actor kNormalForward 37391985278977
I1013 19:35:34.588163 31083 naive_actor.cpp:25] actor 36283883716610 switch to &NaiveActor::HandlerNormal
I1013 19:35:34.588268 31092 thread.cpp:96] Thread 17301506 construct Actor kCopyCommNet 36283887910912
I1013 19:35:34.588343 31085 runtime_context.cpp:29] DecreaseCounter constructing_actor_cnt, current val is 226
I1013 19:35:34.588349 31084 naive_actor.cpp:25] actor 36283885813761 switch to &NaiveActor::HandlerNormal
I1013 19:35:34.588867 31084 thread.cpp:96] Thread 17301505 construct Actor kNormalForward 36283885813761
I1013 19:35:34.588562 31086 runtime_context.cpp:29] DecreaseCounter constructing_actor_cnt, current val is 225
I1013 19:35:34.588600 31083 thread.cpp:96] Thread 17301504 construct Actor kNormalForward 36283883716610
I1013 19:35:34.588636 31082 runtime_context.cpp:29] DecreaseCounter constructing_actor_cnt, current val is 224
I1013 19:35:34.588711 31088 naive_actor.cpp:25] actor 37391991570438 switch to &NaiveActor::HandlerNormal
I1013 19:35:34.589167 31088 thread.cpp:96] Thread 17829891 construct Actor kCollectiveBoxingGeneric 37391991570438
I1013 19:35:34.588789 31092 runtime_context.cpp:29] DecreaseCounter constructing_actor_cnt, current val is 223
I1013 19:35:34.588011 31090 runtime_context.cpp:29] DecreaseCounter constructing_actor_cnt, current val is 227
I1013 19:35:34.588961 31084 runtime_context.cpp:29] DecreaseCounter constructing_actor_cnt, current val is 222
I1013 19:35:34.589042 31083 runtime_context.cpp:29] DecreaseCounter constructing_actor_cnt, current val is 221
I1013 19:35:34.589221 31088 runtime_context.cpp:29] DecreaseCounter constructing_actor_cnt, current val is 220
I1013 19:35:34.589274 31086 naive_actor.cpp:25] actor 36283890008064 switch to &NaiveActor::HandlerNormal
I1013 19:35:34.589684 31090 naive_actor.cpp:25] actor 37391987376131 switch to &NaiveActor::HandlerNormal
I1013 19:35:34.589718 31086 thread.cpp:96] Thread 17301507 construct Actor kDeviceTick 36283890008064
I1013 19:35:34.589761 31090 thread.cpp:96] Thread 17829889 construct Actor kCopyHd 37391987376131
I1013 19:35:34.589852 31088 naive_actor.cpp:25] actor 37391991570444 switch to &NaiveActor::HandlerNormal
I1013 19:35:34.589861 31086 runtime_context.cpp:29] DecreaseCounter constructing_actor_cnt, current val is 219
I1013 19:35:34.589874 31090 runtime_context.cpp:29] DecreaseCounter constructing_actor_cnt, current val is 218
I1013 19:35:34.589908 31082 naive_actor.cpp:25] actor 37391985278978 switch to &NaiveActor::HandlerNormal
I1013 19:35:34.589908 31088 thread.cpp:96] Thread 17829891 construct Actor kCollectiveBoxingGeneric 37391991570444
I1013 19:35:34.590044 31082 thread.cpp:96] Thread 17829888 construct Actor kNormalForward 37391985278978
I1013 19:35:34.590129 31088 runtime_context.cpp:29] DecreaseCounter constructing_actor_cnt, current val is 217
I1013 19:35:34.590163 31082 runtime_context.cpp:29] DecreaseCounter constructing_actor_cnt, current val is 216
I1013 19:35:34.590175 31090 naive_actor.cpp:25] actor 37391987376132 switch to &NaiveActor::HandlerNormal
I1013 19:35:34.590282 31090 thread.cpp:96] Thread 17829889 construct Actor kCopyHd 37391987376132
I1013 19:35:34.590302 31086 naive_actor.cpp:25] actor 36283890008068 switch to &NaiveActor::HandlerNormal
I1013 19:35:34.590345 31088 naive_actor.cpp:25] actor 37391991570439 switch to &NaiveActor::HandlerNormal
I1013 19:35:34.590360 31090 runtime_context.cpp:29] DecreaseCounter constructing_actor_cnt, current val is 215
I1013 19:35:34.590384 31086 thread.cpp:96] Thread 17301507 construct Actor kTick 36283890008068
I1013 19:35:34.590442 31088 thread.cpp:96] Thread 17829891 construct Actor kCollectiveBoxingGeneric 37391991570439
I1013 19:35:34.590513 31084 naive_actor.cpp:25] actor 36283885813760 switch to &NaiveActor::HandlerNormal
I1013 19:35:34.590585 31086 runtime_context.cpp:29] DecreaseCounter constructing_actor_cnt, current val is 214
I1013 19:35:34.590595 31088 runtime_context.cpp:29] DecreaseCounter constructing_actor_cnt, current val is 213
I1013 19:35:34.590628 31084 thread.cpp:96] Thread 17301505 construct Actor kNormalForward 36283885813760
I1013 19:35:34.590644 31090 naive_actor.cpp:25] actor 37391987376130 switch to &NaiveActor::HandlerNormal
I1013 19:35:34.590798 31090 thread.cpp:96] Thread 17829889 construct Actor kCopyHd 37391987376130
I1013 19:35:34.590823 31084 runtime_context.cpp:29] DecreaseCounter constructing_actor_cnt, current val is 212
I1013 19:35:34.590870 31088 naive_actor.cpp:25] actor 37391991570445 switch to &NaiveActor::HandlerNormal
I1013 19:35:34.590879 31090 runtime_context.cpp:29] DecreaseCounter constructing_actor_cnt, current val is 211
I1013 19:35:34.590924 31088 thread.cpp:96] Thread 17829891 construct Actor kCollectiveBoxingGeneric 37391991570445
I1013 19:35:34.590970 31082 naive_actor.cpp:25] actor 37391985278988 switch to &NaiveActor::HandlerNormal
I1013 19:35:34.591017 31088 runtime_context.cpp:29] DecreaseCounter constructing_actor_cnt, current val is 210
I1013 19:35:34.591027 31082 thread.cpp:96] Thread 17829888 construct Actor kNormalForward 37391985278988
I1013 19:35:34.591068 31086 naive_actor.cpp:25] actor 36283890008067 switch to &NaiveActor::HandlerNormal
I1013 19:35:34.591133 31082 runtime_context.cpp:29] DecreaseCounter constructing_actor_cnt, current val is 209
I1013 19:35:34.591105 31090 naive_actor.cpp:25] actor 37391987376128 switch to &NaiveActor::HandlerNormal
I1013 19:35:34.591141 31086 thread.cpp:96] Thread 17301507 construct Actor kDstSubsetTick 36283890008067
I1013 19:35:34.591220 31088 naive_actor.cpp:25] actor 37391991570435 switch to &NaiveActor::HandlerNormal
I1013 19:35:34.591343 31090 thread.cpp:96] Thread 17829889 construct Actor kCopyHd 37391987376128
I1013 19:35:34.591428 31088 thread.cpp:96] Thread 17829891 construct Actor kCollectiveBoxingGeneric 37391991570435
I1013 19:35:34.591445 31086 runtime_context.cpp:29] DecreaseCounter constructing_actor_cnt, current val is 208
I1013 19:35:34.591487 31090 runtime_context.cpp:29] DecreaseCounter constructing_actor_cnt, current val is 207
I1013 19:35:34.591524 31088 runtime_context.cpp:29] DecreaseCounter constructing_actor_cnt, current val is 206
I1013 19:35:34.591818 31088 naive_actor.cpp:25] actor 37391991570446 switch to &NaiveActor::HandlerNormal
I1013 19:35:34.591879 31088 thread.cpp:96] Thread 17829891 construct Actor kCollectiveBoxingGeneric 37391991570446
I1013 19:35:34.591924 31088 runtime_context.cpp:29] DecreaseCounter constructing_actor_cnt, current val is 205
I1013 19:35:34.591990 31086 naive_actor.cpp:25] actor 36283890008066 switch to &NaiveActor::HandlerNormal
I1013 19:35:34.592077 31086 thread.cpp:96] Thread 17301507 construct Actor kTick 36283890008066
I1013 19:35:34.592159 31086 runtime_context.cpp:29] DecreaseCounter constructing_actor_cnt, current val is 204
I1013 19:35:34.592175 31088 naive_actor.cpp:25] actor 37391991570448 switch to &NaiveActor::HandlerNormal
I1013 19:35:34.592236 31088 thread.cpp:96] Thread 17829891 construct Actor kCollectiveBoxingGeneric 37391991570448
I1013 19:35:34.592319 31088 runtime_context.cpp:29] DecreaseCounter constructing_actor_cnt, current val is 203
I1013 19:35:34.592520 31088 naive_actor.cpp:25] actor 37391991570441 switch to &NaiveActor::HandlerNormal
I1013 19:35:34.592593 31088 thread.cpp:96] Thread 17829891 construct Actor kCollectiveBoxingGeneric 37391991570441
I1013 19:35:34.592636 31088 runtime_context.cpp:29] DecreaseCounter constructing_actor_cnt, current val is 202
I1013 19:35:34.592624 31086 naive_actor.cpp:25] actor 36283890008065 switch to &NaiveActor::HandlerNormal
I1013 19:35:34.592726 31086 thread.cpp:96] Thread 17301507 construct Actor kSrcSubsetTick 36283890008065
I1013 19:35:34.592871 31086 runtime_context.cpp:29] DecreaseCounter constructing_actor_cnt, current val is 201
I1013 19:35:34.592893 31082 naive_actor.cpp:25] actor 37391985278990 switch to &NaiveActor::HandlerNormal
I1013 19:35:34.592962 31082 thread.cpp:96] Thread 17829888 construct Actor kNormalForward 37391985278990
I1013 19:35:34.592952 31088 naive_actor.cpp:25] actor 37391991570440 switch to &NaiveActor::HandlerNormal
I1013 19:35:34.593039 31088 thread.cpp:96] Thread 17829891 construct Actor kCollectiveBoxingGeneric 37391991570440
I1013 19:35:34.593041 31082 runtime_context.cpp:29] DecreaseCounter constructing_actor_cnt, current val is 200
I1013 19:35:34.593097 31088 runtime_context.cpp:29] DecreaseCounter constructing_actor_cnt, current val is 199
I1013 19:35:34.593340 31088 naive_actor.cpp:25] actor 37391991570434 switch to &NaiveActor::HandlerNormal
I1013 19:35:34.593406 31088 thread.cpp:96] Thread 17829891 construct Actor kCollectiveBoxingGeneric 37391991570434
I1013 19:35:34.593467 31088 runtime_context.cpp:29] DecreaseCounter constructing_actor_cnt, current val is 198
I1013 19:35:34.593693 31088 naive_actor.cpp:25] actor 37391991570432 switch to &NaiveActor::HandlerNormal
I1013 19:35:34.593750 31088 thread.cpp:96] Thread 17829891 construct Actor kCollectiveBoxingGeneric 37391991570432
I1013 19:35:34.593820 31088 runtime_context.cpp:29] DecreaseCounter constructing_actor_cnt, current val is 197
I1013 19:35:34.593986 31082 naive_actor.cpp:25] actor 37391985279014 switch to &NaiveActor::HandlerNormal
I1013 19:35:34.594039 31082 thread.cpp:96] Thread 17829888 construct Actor kNormalForward 37391985279014
I1013 19:35:34.594091 31088 naive_actor.cpp:25] actor 37391991570449 switch to &NaiveActor::HandlerNormal
I1013 19:35:34.594121 31082 runtime_context.cpp:29] DecreaseCounter constructing_actor_cnt, current val is 196
I1013 19:35:34.594228 31088 thread.cpp:96] Thread 17829891 construct Actor kCollectiveBoxingGeneric 37391991570449
I1013 19:35:34.594324 31088 runtime_context.cpp:29] DecreaseCounter constructing_actor_cnt, current val is 195
I1013 19:35:34.594561 31088 naive_actor.cpp:25] actor 37391991570433 switch to &NaiveActor::HandlerNormal
I1013 19:35:34.594619 31088 thread.cpp:96] Thread 17829891 construct Actor kCollectiveBoxingGeneric 37391991570433
I1013 19:35:34.594681 31088 runtime_context.cpp:29] DecreaseCounter constructing_actor_cnt, current val is 194
I1013 19:35:34.594892 31088 naive_actor.cpp:25] actor 37391991570442 switch to &NaiveActor::HandlerNormal
I1013 19:35:34.594950 31088 thread.cpp:96] Thread 17829891 construct Actor kCollectiveBoxingGeneric 37391991570442
I1013 19:35:34.595005 31082 naive_actor.cpp:25] actor 37391985279038 switch to &NaiveActor::HandlerNormal
I1013 19:35:34.595006 31088 runtime_context.cpp:29] DecreaseCounter constructing_actor_cnt, current val is 193
I1013 19:35:34.595053 31082 thread.cpp:96] Thread 17829888 construct Actor kNormalForward 37391985279038
I1013 19:35:34.595157 31082 runtime_context.cpp:29] DecreaseCounter constructing_actor_cnt, current val is 192
I1013 19:35:34.595250 31088 naive_actor.cpp:25] actor 37391991570436 switch to &NaiveActor::HandlerNormal
I1013 19:35:34.595301 31088 thread.cpp:96] Thread 17829891 construct Actor kCollectiveBoxingGeneric 37391991570436
I1013 19:35:34.595360 31088 runtime_context.cpp:29] DecreaseCounter constructing_actor_cnt, current val is 191
I1013 19:35:34.595484 31082 naive_actor.cpp:25] actor 37391985278994 switch to &NaiveActor::HandlerNormal
I1013 19:35:34.595528 31082 thread.cpp:96] Thread 17829888 construct Actor kNormalForward 37391985278994
I1013 19:35:34.595558 31088 naive_actor.cpp:25] actor 37391991570437 switch to &NaiveActor::HandlerNormal
I1013 19:35:34.595603 31082 runtime_context.cpp:29] DecreaseCounter constructing_actor_cnt, current val is 190
I1013 19:35:34.595620 31088 thread.cpp:96] Thread 17829891 construct Actor kCollectiveBoxingGeneric 37391991570437
I1013 19:35:34.595706 31088 runtime_context.cpp:29] DecreaseCounter constructing_actor_cnt, current val is 189
I1013 19:35:34.595878 31088 naive_actor.cpp:25] actor 37391991570447 switch to &NaiveActor::HandlerNormal
I1013 19:35:34.595932 31088 thread.cpp:96] Thread 17829891 construct Actor kCollectiveBoxingGeneric 37391991570447
I1013 19:35:34.595991 31088 runtime_context.cpp:29] DecreaseCounter constructing_actor_cnt, current val is 188
I1013 19:35:34.596536 31082 naive_actor.cpp:25] actor 37391985278993 switch to &NaiveActor::HandlerNormal
I1013 19:35:34.596601 31082 thread.cpp:96] Thread 17829888 construct Actor kNormalForward 37391985278993
I1013 19:35:34.596670 31082 runtime_context.cpp:29] DecreaseCounter constructing_actor_cnt, current val is 187
I1013 19:35:34.597290 31082 naive_actor.cpp:25] actor 37391985278996 switch to &NaiveActor::HandlerNormal
I1013 19:35:34.597358 31082 thread.cpp:96] Thread 17829888 construct Actor kNormalForward 37391985278996
I1013 19:35:34.597424 31082 runtime_context.cpp:29] DecreaseCounter constructing_actor_cnt, current val is 186
I1013 19:35:34.597738 31082 naive_actor.cpp:25] actor 37391985278981 switch to &NaiveActor::HandlerNormal
I1013 19:35:34.597780 31082 thread.cpp:96] Thread 17829888 construct Actor kNormalForward 37391985278981
I1013 19:35:34.597843 31082 runtime_context.cpp:29] DecreaseCounter constructing_actor_cnt, current val is 185
I1013 19:35:34.598500 31082 naive_actor.cpp:25] actor 37391985278989 switch to &NaiveActor::HandlerNormal
I1013 19:35:34.598547 31082 thread.cpp:96] Thread 17829888 construct Actor kNormalForward 37391985278989
I1013 19:35:34.598626 31082 runtime_context.cpp:29] DecreaseCounter constructing_actor_cnt, current val is 184
I1013 19:35:34.599402 31082 naive_actor.cpp:25] actor 37391985278991 switch to &NaiveActor::HandlerNormal
I1013 19:35:34.599447 31082 thread.cpp:96] Thread 17829888 construct Actor kNormalForward 37391985278991
I1013 19:35:34.599637 31082 runtime_context.cpp:29] DecreaseCounter constructing_actor_cnt, current val is 183
I1013 19:35:34.599932 31083 naive_actor.cpp:25] actor 36283883716608 switch to &NaiveActor::HandlerNormal
I1013 19:35:34.600044 31083 thread.cpp:96] Thread 17301504 construct Actor kNormalForward 36283883716608
I1013 19:35:34.600144 31083 runtime_context.cpp:29] DecreaseCounter constructing_actor_cnt, current val is 182
I1013 19:35:34.600332 31082 naive_actor.cpp:25] actor 37391985278979 switch to &NaiveActor::HandlerNormal
I1013 19:35:34.600380 31082 thread.cpp:96] Thread 17829888 construct Actor kNormalForward 37391985278979
I1013 19:35:34.600441 31082 runtime_context.cpp:29] DecreaseCounter constructing_actor_cnt, current val is 181
I1013 19:35:34.601078 31082 naive_actor.cpp:25] actor 37391985279003 switch to &NaiveActor::HandlerNormal
I1013 19:35:34.601125 31082 thread.cpp:96] Thread 17829888 construct Actor kNormalForward 37391985279003
I1013 19:35:34.601187 31082 runtime_context.cpp:29] DecreaseCounter constructing_actor_cnt, current val is 180
I1013 19:35:34.601227 31083 naive_actor.cpp:25] actor 36283883716609 switch to &NaiveActor::HandlerNormal
I1013 19:35:34.601287 31083 thread.cpp:96] Thread 17301504 construct Actor kNormalForward 36283883716609
I1013 19:35:34.601382 31083 runtime_context.cpp:29] DecreaseCounter constructing_actor_cnt, current val is 179
I1013 19:35:34.602084 31082 naive_actor.cpp:25] actor 37391985278982 switch to &NaiveActor::HandlerNormal
I1013 19:35:34.602125 31082 thread.cpp:96] Thread 17829888 construct Actor kNormalForward 37391985278982
I1013 19:35:34.602192 31082 runtime_context.cpp:29] DecreaseCounter constructing_actor_cnt, current val is 178
I1013 19:35:34.602470 31082 naive_actor.cpp:25] actor 37391985279006 switch to &NaiveActor::HandlerNormal
I1013 19:35:34.602511 31082 thread.cpp:96] Thread 17829888 construct Actor kNormalForward 37391985279006
I1013 19:35:34.602579 31082 runtime_context.cpp:29] DecreaseCounter constructing_actor_cnt, current val is 177
I1013 19:35:34.603240 31082 naive_actor.cpp:25] actor 37391985278980 switch to &NaiveActor::HandlerNormal
I1013 19:35:34.603286 31082 thread.cpp:96] Thread 17829888 construct Actor kNormalForward 37391985278980
I1013 19:35:34.603353 31082 runtime_context.cpp:29] DecreaseCounter constructing_actor_cnt, current val is 176
I1013 19:35:34.604387 31082 naive_actor.cpp:25] actor 37391985278997 switch to &NaiveActor::HandlerNormal
I1013 19:35:34.604441 31082 thread.cpp:96] Thread 17829888 construct Actor kNormalForward 37391985278997
I1013 19:35:34.604504 31082 runtime_context.cpp:29] DecreaseCounter constructing_actor_cnt, current val is 175
I1013 19:35:34.605194 31082 naive_actor.cpp:25] actor 37391985279021 switch to &NaiveActor::HandlerNormal
I1013 19:35:34.605242 31082 thread.cpp:96] Thread 17829888 construct Actor kNormalForward 37391985279021
I1013 19:35:34.605306 31082 runtime_context.cpp:29] DecreaseCounter constructing_actor_cnt, current val is 174
I1013 19:35:34.605964 31082 naive_actor.cpp:25] actor 37391985279045 switch to &NaiveActor::HandlerNormal
I1013 19:35:34.606009 31082 thread.cpp:96] Thread 17829888 construct Actor kNormalForward 37391985279045
I1013 19:35:34.606070 31082 runtime_context.cpp:29] DecreaseCounter constructing_actor_cnt, current val is 173
I1013 19:35:34.606331 31082 naive_actor.cpp:25] actor 37391985279001 switch to &NaiveActor::HandlerNormal
I1013 19:35:34.606376 31082 thread.cpp:96] Thread 17829888 construct Actor kNormalForward 37391985279001
I1013 19:35:34.606436 31082 runtime_context.cpp:29] DecreaseCounter constructing_actor_cnt, current val is 172
I1013 19:35:34.606690 31082 naive_actor.cpp:25] actor 37391985278999 switch to &NaiveActor::HandlerNormal
I1013 19:35:34.606731 31082 thread.cpp:96] Thread 17829888 construct Actor kNormalForward 37391985278999
I1013 19:35:34.606787 31082 runtime_context.cpp:29] DecreaseCounter constructing_actor_cnt, current val is 171
I1013 19:35:34.607441 31082 naive_actor.cpp:25] actor 37391985279002 switch to &NaiveActor::HandlerNormal
I1013 19:35:34.607518 31082 thread.cpp:96] Thread 17829888 construct Actor kNormalForward 37391985279002
I1013 19:35:34.607623 31082 runtime_context.cpp:29] DecreaseCounter constructing_actor_cnt, current val is 170
I1013 19:35:34.608325 31082 naive_actor.cpp:25] actor 37391985279012 switch to &NaiveActor::HandlerNormal
I1013 19:35:34.608371 31082 thread.cpp:96] Thread 17829888 construct Actor kNormalForward 37391985279012
I1013 19:35:34.608474 31082 runtime_context.cpp:29] DecreaseCounter constructing_actor_cnt, current val is 169
I1013 19:35:34.608773 31082 naive_actor.cpp:25] actor 37391985278987 switch to &NaiveActor::HandlerNormal
I1013 19:35:34.608814 31082 thread.cpp:96] Thread 17829888 construct Actor kNormalForward 37391985278987
I1013 19:35:34.608870 31082 runtime_context.cpp:29] DecreaseCounter constructing_actor_cnt, current val is 168
I1013 19:35:34.609100 31082 naive_actor.cpp:25] actor 37391985278992 switch to &NaiveActor::HandlerNormal
I1013 19:35:34.609143 31082 thread.cpp:96] Thread 17829888 construct Actor kNormalForward 37391985278992
I1013 19:35:34.609197 31082 runtime_context.cpp:29] DecreaseCounter constructing_actor_cnt, current val is 167
I1013 19:35:34.609833 31082 naive_actor.cpp:25] actor 37391985279016 switch to &NaiveActor::HandlerNormal
I1013 19:35:34.609874 31082 thread.cpp:96] Thread 17829888 construct Actor kNormalForward 37391985279016
I1013 19:35:34.609931 31082 runtime_context.cpp:29] DecreaseCounter constructing_actor_cnt, current val is 166
I1013 19:35:34.610605 31082 naive_actor.cpp:25] actor 37391985278986 switch to &NaiveActor::HandlerNormal
I1013 19:35:34.610648 31082 thread.cpp:96] Thread 17829888 construct Actor kNormalForward 37391985278986
I1013 19:35:34.610709 31082 runtime_context.cpp:29] DecreaseCounter constructing_actor_cnt, current val is 165
I1013 19:35:34.611649 31082 naive_actor.cpp:25] actor 37391985279018 switch to &NaiveActor::HandlerNormal
I1013 19:35:34.611686 31082 thread.cpp:96] Thread 17829888 construct Actor kNormalForward 37391985279018
I1013 19:35:34.611747 31082 runtime_context.cpp:29] DecreaseCounter constructing_actor_cnt, current val is 164
I1013 19:35:34.612355 31082 naive_actor.cpp:25] actor 37391985278998 switch to &NaiveActor::HandlerNormal
I1013 19:35:34.612398 31082 thread.cpp:96] Thread 17829888 construct Actor kNormalForward 37391985278998
I1013 19:35:34.612458 31082 runtime_context.cpp:29] DecreaseCounter constructing_actor_cnt, current val is 163
I1013 19:35:34.613065 31082 naive_actor.cpp:25] actor 37391985278976 switch to &NaiveActor::HandlerNormal
I1013 19:35:34.613108 31082 thread.cpp:96] Thread 17829888 construct Actor kNormalForward 37391985278976
I1013 19:35:34.613165 31082 runtime_context.cpp:29] DecreaseCounter constructing_actor_cnt, current val is 162
I1013 19:35:34.613407 31082 naive_actor.cpp:25] actor 37391985279022 switch to &NaiveActor::HandlerNormal
I1013 19:35:34.613448 31082 thread.cpp:96] Thread 17829888 construct Actor kNormalForward 37391985279022
I1013 19:35:34.613502 31082 runtime_context.cpp:29] DecreaseCounter constructing_actor_cnt, current val is 161
I1013 19:35:34.613766 31082 naive_actor.cpp:25] actor 37391985279020 switch to &NaiveActor::HandlerNormal
I1013 19:35:34.613807 31082 thread.cpp:96] Thread 17829888 construct Actor kNormalForward 37391985279020
I1013 19:35:34.613859 31082 runtime_context.cpp:29] DecreaseCounter constructing_actor_cnt, current val is 160
I1013 19:35:34.614490 31082 naive_actor.cpp:25] actor 37391985279005 switch to &NaiveActor::HandlerNormal
I1013 19:35:34.614539 31082 thread.cpp:96] Thread 17829888 construct Actor kNormalForward 37391985279005
I1013 19:35:34.614598 31082 runtime_context.cpp:29] DecreaseCounter constructing_actor_cnt, current val is 159
I1013 19:35:34.614848 31082 naive_actor.cpp:25] actor 37391985279013 switch to &NaiveActor::HandlerNormal
I1013 19:35:34.614892 31082 thread.cpp:96] Thread 17829888 construct Actor kNormalForward 37391985279013
I1013 19:35:34.614946 31082 runtime_context.cpp:29] DecreaseCounter constructing_actor_cnt, current val is 158
I1013 19:35:34.615284 31082 naive_actor.cpp:25] actor 37391985279015 switch to &NaiveActor::HandlerNormal
I1013 19:35:34.615329 31082 thread.cpp:96] Thread 17829888 construct Actor kNormalForward 37391985279015
I1013 19:35:34.615388 31082 runtime_context.cpp:29] DecreaseCounter constructing_actor_cnt, current val is 157
I1013 19:35:34.615989 31082 naive_actor.cpp:25] actor 37391985278995 switch to &NaiveActor::HandlerNormal
I1013 19:35:34.616032 31082 thread.cpp:96] Thread 17829888 construct Actor kNormalForward 37391985278995
I1013 19:35:34.616091 31082 runtime_context.cpp:29] DecreaseCounter constructing_actor_cnt, current val is 156
I1013 19:35:34.616796 31082 naive_actor.cpp:25] actor 37391985278984 switch to &NaiveActor::HandlerNormal
I1013 19:35:34.616839 31082 thread.cpp:96] Thread 17829888 construct Actor kNormalForward 37391985278984
I1013 19:35:34.616902 31082 runtime_context.cpp:29] DecreaseCounter constructing_actor_cnt, current val is 155
I1013 19:35:34.617151 31082 naive_actor.cpp:25] actor 37391985279027 switch to &NaiveActor::HandlerNormal
I1013 19:35:34.617192 31082 thread.cpp:96] Thread 17829888 construct Actor kNormalForward 37391985279027
I1013 19:35:34.617246 31082 runtime_context.cpp:29] DecreaseCounter constructing_actor_cnt, current val is 154
I1013 19:35:34.617908 31082 naive_actor.cpp:25] actor 37391985279051 switch to &NaiveActor::HandlerNormal
I1013 19:35:34.617952 31082 thread.cpp:96] Thread 17829888 construct Actor kNormalForward 37391985279051
I1013 19:35:34.618012 31082 runtime_context.cpp:29] DecreaseCounter constructing_actor_cnt, current val is 153
I1013 19:35:34.618718 31082 naive_actor.cpp:25] actor 37391985279066 switch to &NaiveActor::HandlerNormal
I1013 19:35:34.618772 31082 thread.cpp:96] Thread 17829888 construct Actor kNormalForward 37391985279066
I1013 19:35:34.618845 31082 runtime_context.cpp:29] DecreaseCounter constructing_actor_cnt, current val is 152
I1013 19:35:34.619453 31082 naive_actor.cpp:25] actor 37391985279030 switch to &NaiveActor::HandlerNormal
I1013 19:35:34.619494 31082 thread.cpp:96] Thread 17829888 construct Actor kNormalForward 37391985279030
I1013 19:35:34.619550 31082 runtime_context.cpp:29] DecreaseCounter constructing_actor_cnt, current val is 151
I1013 19:35:34.620128 31082 naive_actor.cpp:25] actor 37391985278983 switch to &NaiveActor::HandlerNormal
I1013 19:35:34.620169 31082 thread.cpp:96] Thread 17829888 construct Actor kNormalForward 37391985278983
I1013 19:35:34.620224 31082 runtime_context.cpp:29] DecreaseCounter constructing_actor_cnt, current val is 150
I1013 19:35:34.621085 31082 naive_actor.cpp:25] actor 37391985279004 switch to &NaiveActor::HandlerNormal
I1013 19:35:34.621129 31082 thread.cpp:96] Thread 17829888 construct Actor kNormalForward 37391985279004
I1013 19:35:34.621186 31082 runtime_context.cpp:29] DecreaseCounter constructing_actor_cnt, current val is 149
I1013 19:35:34.621434 31082 naive_actor.cpp:25] actor 37391985278985 switch to &NaiveActor::HandlerNormal
I1013 19:35:34.621474 31082 thread.cpp:96] Thread 17829888 construct Actor kNormalForward 37391985278985
I1013 19:35:34.621534 31082 runtime_context.cpp:29] DecreaseCounter constructing_actor_cnt, current val is 148
I1013 19:35:34.622198 31082 naive_actor.cpp:25] actor 37391985279007 switch to &NaiveActor::HandlerNormal
I1013 19:35:34.622236 31082 thread.cpp:96] Thread 17829888 construct Actor kNormalForward 37391985279007
I1013 19:35:34.622295 31082 runtime_context.cpp:29] DecreaseCounter constructing_actor_cnt, current val is 147
I1013 19:35:34.623395 31082 naive_actor.cpp:25] actor 37391985279025 switch to &NaiveActor::HandlerNormal
I1013 19:35:34.623440 31082 thread.cpp:96] Thread 17829888 construct Actor kNormalForward 37391985279025
I1013 19:35:34.623497 31082 runtime_context.cpp:29] DecreaseCounter constructing_actor_cnt, current val is 146
I1013 19:35:34.624112 31082 naive_actor.cpp:25] actor 37391985279023 switch to &NaiveActor::HandlerNormal
I1013 19:35:34.624158 31082 thread.cpp:96] Thread 17829888 construct Actor kNormalForward 37391985279023
I1013 19:35:34.624267 31082 runtime_context.cpp:29] DecreaseCounter constructing_actor_cnt, current val is 145
I1013 19:35:34.624900 31082 naive_actor.cpp:25] actor 37391985279026 switch to &NaiveActor::HandlerNormal
I1013 19:35:34.624941 31082 thread.cpp:96] Thread 17829888 construct Actor kNormalForward 37391985279026
I1013 19:35:34.625000 31082 runtime_context.cpp:29] DecreaseCounter constructing_actor_cnt, current val is 144
I1013 19:35:34.625236 31082 naive_actor.cpp:25] actor 37391985279036 switch to &NaiveActor::HandlerNormal
I1013 19:35:34.625277 31082 thread.cpp:96] Thread 17829888 construct Actor kNormalForward 37391985279036
I1013 19:35:34.625329 31082 runtime_context.cpp:29] DecreaseCounter constructing_actor_cnt, current val is 143
I1013 19:35:34.625947 31082 naive_actor.cpp:25] actor 37391985279050 switch to &NaiveActor::HandlerNormal
I1013 19:35:34.625985 31082 thread.cpp:96] Thread 17829888 construct Actor kNormalForward 37391985279050
I1013 19:35:34.626044 31082 runtime_context.cpp:29] DecreaseCounter constructing_actor_cnt, current val is 142
I1013 19:35:34.626899 31082 naive_actor.cpp:25] actor 37391985279011 switch to &NaiveActor::HandlerNormal
I1013 19:35:34.626940 31082 thread.cpp:96] Thread 17829888 construct Actor kNormalForward 37391985279011
I1013 19:35:34.626998 31082 runtime_context.cpp:29] DecreaseCounter constructing_actor_cnt, current val is 141
I1013 19:35:34.627600 31082 naive_actor.cpp:25] actor 37391985279073 switch to &NaiveActor::HandlerNormal
I1013 19:35:34.627643 31082 thread.cpp:96] Thread 17829888 construct Actor kNormalForward 37391985279073
I1013 19:35:34.627712 31082 runtime_context.cpp:29] DecreaseCounter constructing_actor_cnt, current val is 140
I1013 19:35:34.628458 31082 naive_actor.cpp:25] actor 37391985279071 switch to &NaiveActor::HandlerNormal
I1013 19:35:34.628499 31082 thread.cpp:96] Thread 17829888 construct Actor kNormalForward 37391985279071
I1013 19:35:34.628558 31082 runtime_context.cpp:29] DecreaseCounter constructing_actor_cnt, current val is 139
I1013 19:35:34.629243 31082 naive_actor.cpp:25] actor 37391985279095 switch to &NaiveActor::HandlerNormal
I1013 19:35:34.629282 31082 thread.cpp:96] Thread 17829888 construct Actor kNormalForward 37391985279095
I1013 19:35:34.629348 31082 runtime_context.cpp:29] DecreaseCounter constructing_actor_cnt, current val is 138
I1013 19:35:34.629940 31082 naive_actor.cpp:25] actor 37391985279063 switch to &NaiveActor::HandlerNormal
I1013 19:35:34.629982 31082 thread.cpp:96] Thread 17829888 construct Actor kNormalForward 37391985279063
I1013 19:35:34.630038 31082 runtime_context.cpp:29] DecreaseCounter constructing_actor_cnt, current val is 137
I1013 19:35:34.630574 31082 naive_actor.cpp:25] actor 37391985279010 switch to &NaiveActor::HandlerNormal
I1013 19:35:34.630614 31082 thread.cpp:96] Thread 17829888 construct Actor kNormalForward 37391985279010
I1013 19:35:34.630667 31082 runtime_context.cpp:29] DecreaseCounter constructing_actor_cnt, current val is 136
I1013 19:35:34.631294 31082 naive_actor.cpp:25] actor 37391985279057 switch to &NaiveActor::HandlerNormal
I1013 19:35:34.631332 31082 thread.cpp:96] Thread 17829888 construct Actor kNormalForward 37391985279057
I1013 19:35:34.631387 31082 runtime_context.cpp:29] DecreaseCounter constructing_actor_cnt, current val is 135
I1013 19:35:34.631989 31082 naive_actor.cpp:25] actor 37391985279081 switch to &NaiveActor::HandlerNormal
I1013 19:35:34.632032 31082 thread.cpp:96] Thread 17829888 construct Actor kNormalForward 37391985279081
I1013 19:35:34.632091 31082 runtime_context.cpp:29] DecreaseCounter constructing_actor_cnt, current val is 134
I1013 19:35:34.632619 31082 naive_actor.cpp:25] actor 37391985279017 switch to &NaiveActor::HandlerNormal
I1013 19:35:34.632658 31082 thread.cpp:96] Thread 17829888 construct Actor kNormalForward 37391985279017
I1013 19:35:34.632709 31082 runtime_context.cpp:29] DecreaseCounter constructing_actor_cnt, current val is 133
I1013 19:35:34.633374 31082 naive_actor.cpp:25] actor 37391985279105 switch to &NaiveActor::HandlerNormal
I1013 19:35:34.633411 31082 thread.cpp:96] Thread 17829888 construct Actor kNormalForward 37391985279105
I1013 19:35:34.633558 31082 runtime_context.cpp:29] DecreaseCounter constructing_actor_cnt, current val is 132
I1013 19:35:34.634213 31082 naive_actor.cpp:25] actor 37391985279041 switch to &NaiveActor::HandlerNormal
I1013 19:35:34.634251 31082 thread.cpp:96] Thread 17829888 construct Actor kNormalForward 37391985279041
I1013 19:35:34.634310 31082 runtime_context.cpp:29] DecreaseCounter constructing_actor_cnt, current val is 131
I1013 19:35:34.634548 31082 naive_actor.cpp:25] actor 37391985279029 switch to &NaiveActor::HandlerNormal
I1013 19:35:34.634596 31082 thread.cpp:96] Thread 17829888 construct Actor kNormalForward 37391985279029
I1013 19:35:34.634649 31082 runtime_context.cpp:29] DecreaseCounter constructing_actor_cnt, current val is 130
I1013 19:35:34.635354 31082 naive_actor.cpp:25] actor 37391985279129 switch to &NaiveActor::HandlerNormal
I1013 19:35:34.635390 31082 thread.cpp:96] Thread 17829888 construct Actor kNormalForward 37391985279129
I1013 19:35:34.635452 31082 runtime_context.cpp:29] DecreaseCounter constructing_actor_cnt, current val is 129
I1013 19:35:34.636037 31082 naive_actor.cpp:25] actor 37391985279037 switch to &NaiveActor::HandlerNormal
I1013 19:35:34.636080 31082 thread.cpp:96] Thread 17829888 construct Actor kNormalForward 37391985279037
I1013 19:35:34.636134 31082 runtime_context.cpp:29] DecreaseCounter constructing_actor_cnt, current val is 128
I1013 19:35:34.636719 31082 naive_actor.cpp:25] actor 37391985279039 switch to &NaiveActor::HandlerNormal
I1013 19:35:34.636759 31082 thread.cpp:96] Thread 17829888 construct Actor kNormalForward 37391985279039
I1013 19:35:34.636811 31082 runtime_context.cpp:29] DecreaseCounter constructing_actor_cnt, current val is 127
I1013 19:35:34.637420 31082 naive_actor.cpp:25] actor 37391985279019 switch to &NaiveActor::HandlerNormal
I1013 19:35:34.637460 31082 thread.cpp:96] Thread 17829888 construct Actor kNormalForward 37391985279019
I1013 19:35:34.637524 31082 runtime_context.cpp:29] DecreaseCounter constructing_actor_cnt, current val is 126
I1013 19:35:34.638200 31082 naive_actor.cpp:25] actor 37391985279043 switch to &NaiveActor::HandlerNormal
I1013 19:35:34.638239 31082 thread.cpp:96] Thread 17829888 construct Actor kNormalForward 37391985279043
I1013 19:35:34.638294 31082 runtime_context.cpp:29] DecreaseCounter constructing_actor_cnt, current val is 125
I1013 19:35:34.638527 31082 naive_actor.cpp:25] actor 37391985279008 switch to &NaiveActor::HandlerNormal
I1013 19:35:34.638576 31082 thread.cpp:96] Thread 17829888 construct Actor kNormalForward 37391985279008
I1013 19:35:34.638638 31082 runtime_context.cpp:29] DecreaseCounter constructing_actor_cnt, current val is 124
I1013 19:35:34.639206 31082 naive_actor.cpp:25] actor 37391985279090 switch to &NaiveActor::HandlerNormal
I1013 19:35:34.639248 31082 thread.cpp:96] Thread 17829888 construct Actor kNormalForward 37391985279090
I1013 19:35:34.639302 31082 runtime_context.cpp:29] DecreaseCounter constructing_actor_cnt, current val is 123
I1013 19:35:34.639580 31082 naive_actor.cpp:25] actor 37391985279054 switch to &NaiveActor::HandlerNormal
I1013 19:35:34.639612 31082 thread.cpp:96] Thread 17829888 construct Actor kNormalForward 37391985279054
I1013 19:35:34.639663 31082 runtime_context.cpp:29] DecreaseCounter constructing_actor_cnt, current val is 122
I1013 19:35:34.640239 31082 naive_actor.cpp:25] actor 37391985279028 switch to &NaiveActor::HandlerNormal
I1013 19:35:34.640278 31082 thread.cpp:96] Thread 17829888 construct Actor kNormalForward 37391985279028
I1013 19:35:34.640332 31082 runtime_context.cpp:29] DecreaseCounter constructing_actor_cnt, current val is 121
I1013 19:35:34.640892 31082 naive_actor.cpp:25] actor 37391985279009 switch to &NaiveActor::HandlerNormal
I1013 19:35:34.640933 31082 thread.cpp:96] Thread 17829888 construct Actor kNormalForward 37391985279009
I1013 19:35:34.640985 31082 runtime_context.cpp:29] DecreaseCounter constructing_actor_cnt, current val is 120
I1013 19:35:34.641436 31082 naive_actor.cpp:25] actor 37391985279031 switch to &NaiveActor::HandlerNormal
I1013 19:35:34.641501 31082 thread.cpp:96] Thread 17829888 construct Actor kNormalForward 37391985279031
I1013 19:35:34.641585 31082 runtime_context.cpp:29] DecreaseCounter constructing_actor_cnt, current val is 119
I1013 19:35:34.642117 31082 naive_actor.cpp:25] actor 37391985279060 switch to &NaiveActor::HandlerNormal
I1013 19:35:34.642160 31082 thread.cpp:96] Thread 17829888 construct Actor kNormalForward 37391985279060
I1013 19:35:34.642215 31082 runtime_context.cpp:29] DecreaseCounter constructing_actor_cnt, current val is 118
I1013 19:35:34.642827 31082 naive_actor.cpp:25] actor 37391985279072 switch to &NaiveActor::HandlerNormal
I1013 19:35:34.642863 31082 thread.cpp:96] Thread 17829888 construct Actor kNormalForward 37391985279072
I1013 19:35:34.642918 31082 runtime_context.cpp:29] DecreaseCounter constructing_actor_cnt, current val is 117
I1013 19:35:34.643410 31082 naive_actor.cpp:25] actor 37391985279049 switch to &NaiveActor::HandlerNormal
I1013 19:35:34.643445 31082 thread.cpp:96] Thread 17829888 construct Actor kNormalForward 37391985279049
I1013 19:35:34.643486 31082 runtime_context.cpp:29] DecreaseCounter constructing_actor_cnt, current val is 116
I1013 19:35:34.644062 31082 naive_actor.cpp:25] actor 37391985279047 switch to &NaiveActor::HandlerNormal
I1013 19:35:34.644098 31082 thread.cpp:96] Thread 17829888 construct Actor kNormalForward 37391985279047
I1013 19:35:34.644168 31082 runtime_context.cpp:29] DecreaseCounter constructing_actor_cnt, current val is 115
I1013 19:35:34.644649 31082 naive_actor.cpp:25] actor 37391985279056 switch to &NaiveActor::HandlerNormal
I1013 19:35:34.644695 31082 thread.cpp:96] Thread 17829888 construct Actor kNormalForward 37391985279056
I1013 19:35:34.644747 31082 runtime_context.cpp:29] DecreaseCounter constructing_actor_cnt, current val is 114
I1013 19:35:34.645370 31082 naive_actor.cpp:25] actor 37391985279080 switch to &NaiveActor::HandlerNormal
I1013 19:35:34.645411 31082 thread.cpp:96] Thread 17829888 construct Actor kNormalForward 37391985279080
I1013 19:35:34.645469 31082 runtime_context.cpp:29] DecreaseCounter constructing_actor_cnt, current val is 113
I1013 19:35:34.646065 31082 naive_actor.cpp:25] actor 37391985279097 switch to &NaiveActor::HandlerNormal
I1013 19:35:34.646103 31082 thread.cpp:96] Thread 17829888 construct Actor kNormalForward 37391985279097
I1013 19:35:34.646157 31082 runtime_context.cpp:29] DecreaseCounter constructing_actor_cnt, current val is 112
I1013 19:35:34.646721 31082 naive_actor.cpp:25] actor 37391985279121 switch to &NaiveActor::HandlerNormal
I1013 19:35:34.646759 31082 thread.cpp:96] Thread 17829888 construct Actor kNormalForward 37391985279121
I1013 19:35:34.646811 31082 runtime_context.cpp:29] DecreaseCounter constructing_actor_cnt, current val is 111
I1013 19:35:34.647347 31082 naive_actor.cpp:25] actor 37391985279119 switch to &NaiveActor::HandlerNormal
I1013 19:35:34.647387 31082 thread.cpp:96] Thread 17829888 construct Actor kNormalForward 37391985279119
I1013 19:35:34.647440 31082 runtime_context.cpp:29] DecreaseCounter constructing_actor_cnt, current val is 110
I1013 19:35:34.648088 31082 naive_actor.cpp:25] actor 37391985279074 switch to &NaiveActor::HandlerNormal
I1013 19:35:34.648128 31082 thread.cpp:96] Thread 17829888 construct Actor kNormalForward 37391985279074
I1013 19:35:34.648183 31082 runtime_context.cpp:29] DecreaseCounter constructing_actor_cnt, current val is 109
I1013 19:35:34.648757 31082 naive_actor.cpp:25] actor 37391985279087 switch to &NaiveActor::HandlerNormal
I1013 19:35:34.648792 31082 thread.cpp:96] Thread 17829888 construct Actor kNormalForward 37391985279087
I1013 19:35:34.648846 31082 runtime_context.cpp:29] DecreaseCounter constructing_actor_cnt, current val is 108
I1013 19:35:34.649076 31082 naive_actor.cpp:25] actor 37391985279034 switch to &NaiveActor::HandlerNormal
I1013 19:35:34.649111 31082 thread.cpp:96] Thread 17829888 construct Actor kNormalForward 37391985279034
I1013 19:35:34.649158 31082 runtime_context.cpp:29] DecreaseCounter constructing_actor_cnt, current val is 107
I1013 19:35:34.649802 31082 naive_actor.cpp:25] actor 37391985279062 switch to &NaiveActor::HandlerNormal
I1013 19:35:34.649843 31082 thread.cpp:96] Thread 17829888 construct Actor kNormalForward 37391985279062
I1013 19:35:34.649896 31082 runtime_context.cpp:29] DecreaseCounter constructing_actor_cnt, current val is 106
I1013 19:35:34.650411 31082 naive_actor.cpp:25] actor 37391985279042 switch to &NaiveActor::HandlerNormal
I1013 19:35:34.650449 31082 thread.cpp:96] Thread 17829888 construct Actor kNormalForward 37391985279042
I1013 19:35:34.650506 31082 runtime_context.cpp:29] DecreaseCounter constructing_actor_cnt, current val is 105
I1013 19:35:34.651065 31082 naive_actor.cpp:25] actor 37391985279061 switch to &NaiveActor::HandlerNormal
I1013 19:35:34.651104 31082 thread.cpp:96] Thread 17829888 construct Actor kNormalForward 37391985279061
I1013 19:35:34.651156 31082 runtime_context.cpp:29] DecreaseCounter constructing_actor_cnt, current val is 104
I1013 19:35:34.651644 31082 naive_actor.cpp:25] actor 37391985279046 switch to &NaiveActor::HandlerNormal
I1013 19:35:34.651680 31082 thread.cpp:96] Thread 17829888 construct Actor kNormalForward 37391985279046
I1013 19:35:34.651728 31082 runtime_context.cpp:29] DecreaseCounter constructing_actor_cnt, current val is 103
I1013 19:35:34.652256 31082 naive_actor.cpp:25] actor 37391985279044 switch to &NaiveActor::HandlerNormal
I1013 19:35:34.652292 31082 thread.cpp:96] Thread 17829888 construct Actor kNormalForward 37391985279044
I1013 19:35:34.652343 31082 runtime_context.cpp:29] DecreaseCounter constructing_actor_cnt, current val is 102
I1013 19:35:34.652582 31082 naive_actor.cpp:25] actor 37391985279053 switch to &NaiveActor::HandlerNormal
I1013 19:35:34.652619 31082 thread.cpp:96] Thread 17829888 construct Actor kNormalForward 37391985279053
I1013 19:35:34.652666 31082 runtime_context.cpp:29] DecreaseCounter constructing_actor_cnt, current val is 101
I1013 19:35:34.653355 31082 naive_actor.cpp:25] actor 37391985279153 switch to &NaiveActor::HandlerNormal
I1013 19:35:34.653394 31082 thread.cpp:96] Thread 17829888 construct Actor kNormalForward 37391985279153
I1013 19:35:34.653448 31082 runtime_context.cpp:29] DecreaseCounter constructing_actor_cnt, current val is 100
I1013 19:35:34.653717 31082 naive_actor.cpp:25] actor 37391985279055 switch to &NaiveActor::HandlerNormal
I1013 19:35:34.653751 31082 thread.cpp:96] Thread 17829888 construct Actor kNormalForward 37391985279055
I1013 19:35:34.653796 31082 runtime_context.cpp:29] DecreaseCounter constructing_actor_cnt, current val is 99
I1013 19:35:34.654405 31082 naive_actor.cpp:25] actor 37391985279079 switch to &NaiveActor::HandlerNormal
I1013 19:35:34.654441 31082 thread.cpp:96] Thread 17829888 construct Actor kNormalForward 37391985279079
I1013 19:35:34.654496 31082 runtime_context.cpp:29] DecreaseCounter constructing_actor_cnt, current val is 98
I1013 19:35:34.655330 31082 naive_actor.cpp:25] actor 37391985279032 switch to &NaiveActor::HandlerNormal
I1013 19:35:34.655369 31082 thread.cpp:96] Thread 17829888 construct Actor kNormalForward 37391985279032
I1013 19:35:34.655421 31082 runtime_context.cpp:29] DecreaseCounter constructing_actor_cnt, current val is 97
I1013 19:35:34.655995 31082 naive_actor.cpp:25] actor 37391985279114 switch to &NaiveActor::HandlerNormal
I1013 19:35:34.656034 31082 thread.cpp:96] Thread 17829888 construct Actor kNormalForward 37391985279114
I1013 19:35:34.656087 31082 runtime_context.cpp:29] DecreaseCounter constructing_actor_cnt, current val is 96
I1013 19:35:34.656337 31082 naive_actor.cpp:25] actor 37391985279052 switch to &NaiveActor::HandlerNormal
I1013 19:35:34.656370 31082 thread.cpp:96] Thread 17829888 construct Actor kNormalForward 37391985279052
I1013 19:35:34.656419 31082 runtime_context.cpp:29] DecreaseCounter constructing_actor_cnt, current val is 95
I1013 19:35:34.656958 31082 naive_actor.cpp:25] actor 37391985279033 switch to &NaiveActor::HandlerNormal
I1013 19:35:34.656994 31082 thread.cpp:96] Thread 17829888 construct Actor kNormalForward 37391985279033
I1013 19:35:34.657092 31082 runtime_context.cpp:29] DecreaseCounter constructing_actor_cnt, current val is 94
I1013 19:35:34.657676 31082 naive_actor.cpp:25] actor 37391985279076 switch to &NaiveActor::HandlerNormal
I1013 19:35:34.657713 31082 thread.cpp:96] Thread 17829888 construct Actor kNormalForward 37391985279076
I1013 19:35:34.657766 31082 runtime_context.cpp:29] DecreaseCounter constructing_actor_cnt, current val is 93
I1013 19:35:34.658396 31082 naive_actor.cpp:25] actor 37391985279084 switch to &NaiveActor::HandlerNormal
I1013 19:35:34.658433 31082 thread.cpp:96] Thread 17829888 construct Actor kNormalForward 37391985279084
I1013 19:35:34.658486 31082 runtime_context.cpp:29] DecreaseCounter constructing_actor_cnt, current val is 92
