I1012 13:27:10.966272 48866 runtime_context.cpp:29] DecreaseCounter constructing_actor_cnt, current val is 77
I1012 13:27:10.966909 48866 naive_actor.cpp:25] actor 2199023255664 switch to &NaiveActor::HandlerNormal
I1012 13:27:10.966950 48866 thread.cpp:96] Thread 1048576 construct Actor kNormalForward 2199023255664
I1012 13:27:10.967000 48866 runtime_context.cpp:29] DecreaseCounter constructing_actor_cnt, current val is 76
I1012 13:27:10.967597 48866 naive_actor.cpp:25] actor 2199023255645 switch to &NaiveActor::HandlerNormal
I1012 13:27:10.967638 48866 thread.cpp:96] Thread 1048576 construct Actor kNormalForward 2199023255645
I1012 13:27:10.967696 48866 runtime_context.cpp:29] DecreaseCounter constructing_actor_cnt, current val is 75
I1012 13:27:10.968338 48866 naive_actor.cpp:25] actor 2199023255660 switch to &NaiveActor::HandlerNormal
I1012 13:27:10.968377 48866 thread.cpp:96] Thread 1048576 construct Actor kNormalForward 2199023255660
I1012 13:27:10.968433 48866 runtime_context.cpp:29] DecreaseCounter constructing_actor_cnt, current val is 74
I1012 13:27:10.969100 48866 naive_actor.cpp:25] actor 2199023255635 switch to &NaiveActor::HandlerNormal
I1012 13:27:10.969141 48866 thread.cpp:96] Thread 1048576 construct Actor kNormalForward 2199023255635
I1012 13:27:10.969192 48866 runtime_context.cpp:29] DecreaseCounter constructing_actor_cnt, current val is 73
I1012 13:27:10.969888 48866 naive_actor.cpp:25] actor 2199023255633 switch to &NaiveActor::HandlerNormal
I1012 13:27:10.969928 48866 thread.cpp:96] Thread 1048576 construct Actor kNormalForward 2199023255633
I1012 13:27:10.969980 48866 runtime_context.cpp:29] DecreaseCounter constructing_actor_cnt, current val is 72
I1012 13:27:10.970659 48866 naive_actor.cpp:25] actor 2199023255631 switch to &NaiveActor::HandlerNormal
I1012 13:27:10.970697 48866 thread.cpp:96] Thread 1048576 construct Actor kNormalForward 2199023255631
I1012 13:27:10.970753 48866 runtime_context.cpp:29] DecreaseCounter constructing_actor_cnt, current val is 71
I1012 13:27:10.971329 48866 naive_actor.cpp:25] actor 2199023255648 switch to &NaiveActor::HandlerNormal
I1012 13:27:10.971352 48866 thread.cpp:96] Thread 1048576 construct Actor kNormalForward 2199023255648
I1012 13:27:10.971412 48866 runtime_context.cpp:29] DecreaseCounter constructing_actor_cnt, current val is 70
I1012 13:27:10.971935 48866 naive_actor.cpp:25] actor 2199023255672 switch to &NaiveActor::HandlerNormal
I1012 13:27:10.971976 48866 thread.cpp:96] Thread 1048576 construct Actor kNormalForward 2199023255672
I1012 13:27:10.972029 48866 runtime_context.cpp:29] DecreaseCounter constructing_actor_cnt, current val is 69
I1012 13:27:10.972620 48866 naive_actor.cpp:25] actor 2199023255637 switch to &NaiveActor::HandlerNormal
I1012 13:27:10.972661 48866 thread.cpp:96] Thread 1048576 construct Actor kNormalForward 2199023255637
I1012 13:27:10.972707 48866 runtime_context.cpp:29] DecreaseCounter constructing_actor_cnt, current val is 68
I1012 13:27:10.973235 48866 naive_actor.cpp:25] actor 2199023255627 switch to &NaiveActor::HandlerNormal
I1012 13:27:10.973273 48866 thread.cpp:96] Thread 1048576 construct Actor kNormalForward 2199023255627
I1012 13:27:10.973318 48866 runtime_context.cpp:29] DecreaseCounter constructing_actor_cnt, current val is 67
I1012 13:27:10.973961 48866 naive_actor.cpp:25] actor 2199023255651 switch to &NaiveActor::HandlerNormal
I1012 13:27:10.974069 48866 thread.cpp:96] Thread 1048576 construct Actor kNormalForward 2199023255651
I1012 13:27:10.974136 48866 runtime_context.cpp:29] DecreaseCounter constructing_actor_cnt, current val is 66
I1012 13:27:10.974754 48866 naive_actor.cpp:25] actor 2199023255675 switch to &NaiveActor::HandlerNormal
I1012 13:27:10.974793 48866 thread.cpp:96] Thread 1048576 construct Actor kNormalForward 2199023255675
I1012 13:27:10.974840 48866 runtime_context.cpp:29] DecreaseCounter constructing_actor_cnt, current val is 65
I1012 13:27:10.975483 48866 naive_actor.cpp:25] actor 2199023255694 switch to &NaiveActor::HandlerNormal
I1012 13:27:10.975522 48866 thread.cpp:96] Thread 1048576 construct Actor kNormalForward 2199023255694
I1012 13:27:10.975579 48866 runtime_context.cpp:29] DecreaseCounter constructing_actor_cnt, current val is 64
I1012 13:27:10.976127 48866 naive_actor.cpp:25] actor 2199023255667 switch to &NaiveActor::HandlerNormal
I1012 13:27:10.976151 48866 thread.cpp:96] Thread 1048576 construct Actor kNormalForward 2199023255667
I1012 13:27:10.976195 48866 runtime_context.cpp:29] DecreaseCounter constructing_actor_cnt, current val is 63
I1012 13:27:10.976837 48866 naive_actor.cpp:25] actor 2199023255706 switch to &NaiveActor::HandlerNormal
I1012 13:27:10.976876 48866 thread.cpp:96] Thread 1048576 construct Actor kNormalForward 2199023255706
I1012 13:27:10.976933 48866 runtime_context.cpp:29] DecreaseCounter constructing_actor_cnt, current val is 62
I1012 13:27:10.977152 48866 naive_actor.cpp:25] actor 2199023255701 switch to &NaiveActor::HandlerNormal
I1012 13:27:10.977190 48866 thread.cpp:96] Thread 1048576 construct Actor kNormalForward 2199023255701
I1012 13:27:10.977241 48866 runtime_context.cpp:29] DecreaseCounter constructing_actor_cnt, current val is 61
I1012 13:27:10.977892 48866 naive_actor.cpp:25] actor 2199023255688 switch to &NaiveActor::HandlerNormal
I1012 13:27:10.977931 48866 thread.cpp:96] Thread 1048576 construct Actor kNormalForward 2199023255688
I1012 13:27:10.977979 48866 runtime_context.cpp:29] DecreaseCounter constructing_actor_cnt, current val is 60
I1012 13:27:10.978518 48866 naive_actor.cpp:25] actor 2199023255618 switch to &NaiveActor::HandlerNormal
I1012 13:27:10.978555 48866 thread.cpp:96] Thread 1048576 construct Actor kNormalForward 2199023255618
I1012 13:27:10.978598 48866 runtime_context.cpp:29] DecreaseCounter constructing_actor_cnt, current val is 59
I1012 13:27:10.979179 48866 naive_actor.cpp:25] actor 2199023255680 switch to &NaiveActor::HandlerNormal
I1012 13:27:10.979216 48866 thread.cpp:96] Thread 1048576 construct Actor kNormalForward 2199023255680
I1012 13:27:10.979271 48866 runtime_context.cpp:29] DecreaseCounter constructing_actor_cnt, current val is 58
I1012 13:27:10.979861 48866 naive_actor.cpp:25] actor 2199023255669 switch to &NaiveActor::HandlerNormal
I1012 13:27:10.979899 48866 thread.cpp:96] Thread 1048576 construct Actor kNormalForward 2199023255669
I1012 13:27:10.979954 48866 runtime_context.cpp:29] DecreaseCounter constructing_actor_cnt, current val is 57
I1012 13:27:10.980614 48866 naive_actor.cpp:25] actor 2199023255684 switch to &NaiveActor::HandlerNormal
I1012 13:27:10.980654 48866 thread.cpp:96] Thread 1048576 construct Actor kNormalForward 2199023255684
I1012 13:27:10.980700 48866 runtime_context.cpp:29] DecreaseCounter constructing_actor_cnt, current val is 56
I1012 13:27:10.981281 48866 naive_actor.cpp:25] actor 2199023255657 switch to &NaiveActor::HandlerNormal
I1012 13:27:10.981320 48866 thread.cpp:96] Thread 1048576 construct Actor kNormalForward 2199023255657
I1012 13:27:10.981365 48866 runtime_context.cpp:29] DecreaseCounter constructing_actor_cnt, current val is 55
I1012 13:27:10.981910 48866 naive_actor.cpp:25] actor 2199023255630 switch to &NaiveActor::HandlerNormal
I1012 13:27:10.981946 48866 thread.cpp:96] Thread 1048576 construct Actor kNormalForward 2199023255630
I1012 13:27:10.981989 48866 runtime_context.cpp:29] DecreaseCounter constructing_actor_cnt, current val is 54
I1012 13:27:10.982636 48866 naive_actor.cpp:25] actor 2199023255696 switch to &NaiveActor::HandlerNormal
I1012 13:27:10.982677 48866 thread.cpp:96] Thread 1048576 construct Actor kNormalForward 2199023255696
I1012 13:27:10.982733 48866 runtime_context.cpp:29] DecreaseCounter constructing_actor_cnt, current val is 53
I1012 13:27:10.983314 48866 naive_actor.cpp:25] actor 2199023255661 switch to &NaiveActor::HandlerNormal
I1012 13:27:10.983352 48866 thread.cpp:96] Thread 1048576 construct Actor kNormalForward 2199023255661
I1012 13:27:10.983407 48866 runtime_context.cpp:29] DecreaseCounter constructing_actor_cnt, current val is 52
I1012 13:27:10.983640 48866 naive_actor.cpp:25] actor 2199023255720 switch to &NaiveActor::HandlerNormal
I1012 13:27:10.983676 48866 thread.cpp:96] Thread 1048576 construct Actor kNormalForward 2199023255720
I1012 13:27:10.983716 48866 runtime_context.cpp:29] DecreaseCounter constructing_actor_cnt, current val is 51
I1012 13:27:10.983922 48866 naive_actor.cpp:25] actor 2199023255685 switch to &NaiveActor::HandlerNormal
I1012 13:27:10.983956 48866 thread.cpp:96] Thread 1048576 construct Actor kNormalForward 2199023255685
I1012 13:27:10.984005 48866 runtime_context.cpp:29] DecreaseCounter constructing_actor_cnt, current val is 50
I1012 13:27:10.984191 48866 naive_actor.cpp:25] actor 2199023255709 switch to &NaiveActor::HandlerNormal
I1012 13:27:10.984226 48866 thread.cpp:96] Thread 1048576 construct Actor kNormalForward 2199023255709
I1012 13:27:10.984266 48866 runtime_context.cpp:29] DecreaseCounter constructing_actor_cnt, current val is 49
I1012 13:27:10.984481 48866 naive_actor.cpp:25] actor 2199023255699 switch to &NaiveActor::HandlerNormal
I1012 13:27:10.984516 48866 thread.cpp:96] Thread 1048576 construct Actor kNormalForward 2199023255699
I1012 13:27:10.984555 48866 runtime_context.cpp:29] DecreaseCounter constructing_actor_cnt, current val is 48
I1012 13:27:10.985038 48866 naive_actor.cpp:25] actor 2199023255638 switch to &NaiveActor::HandlerNormal
I1012 13:27:10.985071 48866 thread.cpp:96] Thread 1048576 construct Actor kNormalForward 2199023255638
I1012 13:27:10.985114 48866 runtime_context.cpp:29] DecreaseCounter constructing_actor_cnt, current val is 47
I1012 13:27:10.985710 48866 naive_actor.cpp:25] actor 2199023255718 switch to &NaiveActor::HandlerNormal
I1012 13:27:10.985747 48866 thread.cpp:96] Thread 1048576 construct Actor kNormalForward 2199023255718
I1012 13:27:10.985793 48866 runtime_context.cpp:29] DecreaseCounter constructing_actor_cnt, current val is 46
I1012 13:27:10.986027 48866 naive_actor.cpp:25] actor 2199023255723 switch to &NaiveActor::HandlerNormal
I1012 13:27:10.986060 48866 thread.cpp:96] Thread 1048576 construct Actor kDeviceTick 2199023255723
I1012 13:27:10.986099 48866 runtime_context.cpp:29] DecreaseCounter constructing_actor_cnt, current val is 45
I1012 13:27:10.986631 48866 naive_actor.cpp:25] actor 2199023255642 switch to &NaiveActor::HandlerNormal
I1012 13:27:10.986675 48866 thread.cpp:96] Thread 1048576 construct Actor kNormalForward 2199023255642
I1012 13:27:10.986718 48866 runtime_context.cpp:29] DecreaseCounter constructing_actor_cnt, current val is 44
I1012 13:27:10.987335 48866 naive_actor.cpp:25] actor 2199023255704 switch to &NaiveActor::HandlerNormal
I1012 13:27:10.987365 48866 thread.cpp:96] Thread 1048576 construct Actor kNormalForward 2199023255704
I1012 13:27:10.987409 48866 runtime_context.cpp:29] DecreaseCounter constructing_actor_cnt, current val is 43
I1012 13:27:10.987653 48866 naive_actor.cpp:25] actor 2199023255693 switch to &NaiveActor::HandlerNormal
I1012 13:27:10.987684 48866 thread.cpp:96] Thread 1048576 construct Actor kNormalForward 2199023255693
I1012 13:27:10.987735 48866 runtime_context.cpp:29] DecreaseCounter constructing_actor_cnt, current val is 42
I1012 13:27:10.988412 48866 naive_actor.cpp:25] actor 2199023255708 switch to &NaiveActor::HandlerNormal
I1012 13:27:10.988458 48866 thread.cpp:96] Thread 1048576 construct Actor kNormalForward 2199023255708
I1012 13:27:10.988505 48866 runtime_context.cpp:29] DecreaseCounter constructing_actor_cnt, current val is 41
I1012 13:27:10.989221 48866 naive_actor.cpp:25] actor 2199023255659 switch to &NaiveActor::HandlerNormal
I1012 13:27:10.989262 48866 thread.cpp:96] Thread 1048576 construct Actor kNormalForward 2199023255659
I1012 13:27:10.989318 48866 runtime_context.cpp:29] DecreaseCounter constructing_actor_cnt, current val is 40
I1012 13:27:10.989876 48866 naive_actor.cpp:25] actor 2199023255620 switch to &NaiveActor::HandlerNormal
I1012 13:27:10.989913 48866 thread.cpp:96] Thread 1048576 construct Actor kNormalForward 2199023255620
I1012 13:27:10.989956 48866 runtime_context.cpp:29] DecreaseCounter constructing_actor_cnt, current val is 39
I1012 13:27:10.990568 48866 naive_actor.cpp:25] actor 2199023255655 switch to &NaiveActor::HandlerNormal
I1012 13:27:10.990622 48866 thread.cpp:96] Thread 1048576 construct Actor kNormalForward 2199023255655
I1012 13:27:10.990667 48866 runtime_context.cpp:29] DecreaseCounter constructing_actor_cnt, current val is 38
I1012 13:27:10.991235 48866 naive_actor.cpp:25] actor 2199023255681 switch to &NaiveActor::HandlerNormal
I1012 13:27:10.991269 48866 thread.cpp:96] Thread 1048576 construct Actor kNormalForward 2199023255681
I1012 13:27:10.991312 48866 runtime_context.cpp:29] DecreaseCounter constructing_actor_cnt, current val is 37
I1012 13:27:10.991823 48866 naive_actor.cpp:25] actor 2199023255679 switch to &NaiveActor::HandlerNormal
I1012 13:27:10.991845 48866 thread.cpp:96] Thread 1048576 construct Actor kNormalForward 2199023255679
I1012 13:27:10.991885 48866 runtime_context.cpp:29] DecreaseCounter constructing_actor_cnt, current val is 36
I1012 13:27:10.992085 48866 naive_actor.cpp:25] actor 2199023255705 switch to &NaiveActor::HandlerNormal
I1012 13:27:10.992120 48866 thread.cpp:96] Thread 1048576 construct Actor kNormalForward 2199023255705
I1012 13:27:10.992166 48866 runtime_context.cpp:29] DecreaseCounter constructing_actor_cnt, current val is 35
I1012 13:27:10.992692 48866 naive_actor.cpp:25] actor 2199023255654 switch to &NaiveActor::HandlerNormal
I1012 13:27:10.992727 48866 thread.cpp:96] Thread 1048576 construct Actor kNormalForward 2199023255654
I1012 13:27:10.992769 48866 runtime_context.cpp:29] DecreaseCounter constructing_actor_cnt, current val is 34
I1012 13:27:10.993337 48866 naive_actor.cpp:25] actor 2199023255628 switch to &NaiveActor::HandlerNormal
I1012 13:27:10.993374 48866 thread.cpp:96] Thread 1048576 construct Actor kNormalForward 2199023255628
I1012 13:27:10.993418 48866 runtime_context.cpp:29] DecreaseCounter constructing_actor_cnt, current val is 33
I1012 13:27:10.993942 48866 naive_actor.cpp:25] actor 2199023255623 switch to &NaiveActor::HandlerNormal
I1012 13:27:10.993979 48866 thread.cpp:96] Thread 1048576 construct Actor kNormalForward 2199023255623
I1012 13:27:10.994022 48866 runtime_context.cpp:29] DecreaseCounter constructing_actor_cnt, current val is 32
I1012 13:27:10.994566 48866 naive_actor.cpp:25] actor 2199023255678 switch to &NaiveActor::HandlerNormal
I1012 13:27:10.994596 48866 thread.cpp:96] Thread 1048576 construct Actor kNormalForward 2199023255678
I1012 13:27:10.994637 48866 runtime_context.cpp:29] DecreaseCounter constructing_actor_cnt, current val is 31
I1012 13:27:10.995208 48866 naive_actor.cpp:25] actor 2199023255702 switch to &NaiveActor::HandlerNormal
I1012 13:27:10.995245 48866 thread.cpp:96] Thread 1048576 construct Actor kNormalForward 2199023255702
I1012 13:27:10.995291 48866 runtime_context.cpp:29] DecreaseCounter constructing_actor_cnt, current val is 30
I1012 13:27:10.995502 48866 naive_actor.cpp:25] actor 2199023255691 switch to &NaiveActor::HandlerNormal
I1012 13:27:10.995537 48866 thread.cpp:96] Thread 1048576 construct Actor kNormalForward 2199023255691
I1012 13:27:10.995576 48866 runtime_context.cpp:29] DecreaseCounter constructing_actor_cnt, current val is 29
I1012 13:27:10.995771 48866 naive_actor.cpp:25] actor 2199023255715 switch to &NaiveActor::HandlerNormal
I1012 13:27:10.995806 48866 thread.cpp:96] Thread 1048576 construct Actor kNormalForward 2199023255715
I1012 13:27:10.995852 48866 runtime_context.cpp:29] DecreaseCounter constructing_actor_cnt, current val is 28
I1012 13:27:10.996498 48866 naive_actor.cpp:25] actor 2199023255712 switch to &NaiveActor::HandlerNormal
I1012 13:27:10.996538 48866 thread.cpp:96] Thread 1048576 construct Actor kNormalForward 2199023255712
I1012 13:27:10.996583 48866 runtime_context.cpp:29] DecreaseCounter constructing_actor_cnt, current val is 27
I1012 13:27:10.997121 48866 naive_actor.cpp:25] actor 2199023255666 switch to &NaiveActor::HandlerNormal
I1012 13:27:10.997167 48866 thread.cpp:96] Thread 1048576 construct Actor kNormalForward 2199023255666
I1012 13:27:10.997210 48866 runtime_context.cpp:29] DecreaseCounter constructing_actor_cnt, current val is 26
I1012 13:27:10.997411 48866 naive_actor.cpp:25] actor 2199023255717 switch to &NaiveActor::HandlerNormal
I1012 13:27:10.997453 48866 thread.cpp:96] Thread 1048576 construct Actor kNormalForward 2199023255717
I1012 13:27:10.997501 48866 runtime_context.cpp:29] DecreaseCounter constructing_actor_cnt, current val is 25
I1012 13:27:10.997696 48866 naive_actor.cpp:25] actor 2199023255683 switch to &NaiveActor::HandlerNormal
I1012 13:27:10.997730 48866 thread.cpp:96] Thread 1048576 construct Actor kNormalForward 2199023255683
I1012 13:27:10.997768 48866 runtime_context.cpp:29] DecreaseCounter constructing_actor_cnt, current val is 24
I1012 13:27:10.998371 48866 naive_actor.cpp:25] actor 2199023255644 switch to &NaiveActor::HandlerNormal
I1012 13:27:10.998407 48866 thread.cpp:96] Thread 1048576 construct Actor kNormalForward 2199023255644
I1012 13:27:10.998459 48866 runtime_context.cpp:29] DecreaseCounter constructing_actor_cnt, current val is 23
I1012 13:27:10.998950 48866 naive_actor.cpp:25] actor 2199023255626 switch to &NaiveActor::HandlerNormal
I1012 13:27:10.998973 48866 thread.cpp:96] Thread 1048576 construct Actor kNormalForward 2199023255626
I1012 13:27:10.999012 48866 runtime_context.cpp:29] DecreaseCounter constructing_actor_cnt, current val is 22
I1012 13:27:10.999583 48866 naive_actor.cpp:25] actor 2199023255668 switch to &NaiveActor::HandlerNormal
I1012 13:27:10.999619 48866 thread.cpp:96] Thread 1048576 construct Actor kNormalForward 2199023255668
I1012 13:27:10.999671 48866 runtime_context.cpp:29] DecreaseCounter constructing_actor_cnt, current val is 21
I1012 13:27:11.000167 48866 naive_actor.cpp:25] actor 2199023255606 switch to &NaiveActor::HandlerNormal
I1012 13:27:11.000205 48866 thread.cpp:96] Thread 1048576 construct Actor kNormalForward 2199023255606
I1012 13:27:11.000245 48866 runtime_context.cpp:29] DecreaseCounter constructing_actor_cnt, current val is 20
I1012 13:27:11.000455 48866 naive_actor.cpp:25] actor 2199023255703 switch to &NaiveActor::HandlerNormal
I1012 13:27:11.000490 48866 thread.cpp:96] Thread 1048576 construct Actor kNormalForward 2199023255703
I1012 13:27:11.000528 48866 runtime_context.cpp:29] DecreaseCounter constructing_actor_cnt, current val is 19
I1012 13:27:11.001096 48866 naive_actor.cpp:25] actor 2199023255652 switch to &NaiveActor::HandlerNormal
I1012 13:27:11.001132 48866 thread.cpp:96] Thread 1048576 construct Actor kNormalForward 2199023255652
I1012 13:27:11.001183 48866 runtime_context.cpp:29] DecreaseCounter constructing_actor_cnt, current val is 18
I1012 13:27:11.001767 48866 naive_actor.cpp:25] actor 2199023255647 switch to &NaiveActor::HandlerNormal
I1012 13:27:11.001796 48866 thread.cpp:96] Thread 1048576 construct Actor kNormalForward 2199023255647
I1012 13:27:11.001838 48866 runtime_context.cpp:29] DecreaseCounter constructing_actor_cnt, current val is 17
I1012 13:27:11.002353 48866 naive_actor.cpp:25] actor 2199023255676 switch to &NaiveActor::HandlerNormal
I1012 13:27:11.002391 48866 thread.cpp:96] Thread 1048576 construct Actor kNormalForward 2199023255676
I1012 13:27:11.002444 48866 runtime_context.cpp:29] DecreaseCounter constructing_actor_cnt, current val is 16
I1012 13:27:11.003067 48866 naive_actor.cpp:25] actor 2199023255662 switch to &NaiveActor::HandlerNormal
I1012 13:27:11.003105 48866 thread.cpp:96] Thread 1048576 construct Actor kNormalForward 2199023255662
I1012 13:27:11.003230 48866 runtime_context.cpp:29] DecreaseCounter constructing_actor_cnt, current val is 15
I1012 13:27:11.003852 48866 naive_actor.cpp:25] actor 2199023255686 switch to &NaiveActor::HandlerNormal
I1012 13:27:11.003892 48866 thread.cpp:96] Thread 1048576 construct Actor kNormalForward 2199023255686
I1012 13:27:11.003947 48866 runtime_context.cpp:29] DecreaseCounter constructing_actor_cnt, current val is 14
I1012 13:27:11.004551 48866 naive_actor.cpp:25] actor 2199023255690 switch to &NaiveActor::HandlerNormal
I1012 13:27:11.004587 48866 thread.cpp:96] Thread 1048576 construct Actor kNormalForward 2199023255690
I1012 13:27:11.004640 48866 runtime_context.cpp:29] DecreaseCounter constructing_actor_cnt, current val is 13
I1012 13:27:11.005236 48866 naive_actor.cpp:25] actor 2199023255710 switch to &NaiveActor::HandlerNormal
I1012 13:27:11.005275 48866 thread.cpp:96] Thread 1048576 construct Actor kNormalForward 2199023255710
I1012 13:27:11.005318 48866 runtime_context.cpp:29] DecreaseCounter constructing_actor_cnt, current val is 12
I1012 13:27:11.005522 48866 naive_actor.cpp:25] actor 2199023255707 switch to &NaiveActor::HandlerNormal
I1012 13:27:11.005556 48866 thread.cpp:96] Thread 1048576 construct Actor kNormalForward 2199023255707
I1012 13:27:11.005595 48866 runtime_context.cpp:29] DecreaseCounter constructing_actor_cnt, current val is 11
I1012 13:27:11.006196 48866 naive_actor.cpp:25] actor 2199023255714 switch to &NaiveActor::HandlerNormal
I1012 13:27:11.006232 48866 thread.cpp:96] Thread 1048576 construct Actor kNormalForward 2199023255714
I1012 13:27:11.006283 48866 runtime_context.cpp:29] DecreaseCounter constructing_actor_cnt, current val is 10
I1012 13:27:11.006882 48866 naive_actor.cpp:25] actor 2199023255692 switch to &NaiveActor::HandlerNormal
I1012 13:27:11.006918 48866 thread.cpp:96] Thread 1048576 construct Actor kNormalForward 2199023255692
I1012 13:27:11.006961 48866 runtime_context.cpp:29] DecreaseCounter constructing_actor_cnt, current val is 9
I1012 13:27:11.007628 48866 naive_actor.cpp:25] actor 2199023255700 switch to &NaiveActor::HandlerNormal
I1012 13:27:11.007652 48866 thread.cpp:96] Thread 1048576 construct Actor kNormalForward 2199023255700
I1012 13:27:11.007694 48866 runtime_context.cpp:29] DecreaseCounter constructing_actor_cnt, current val is 8
I1012 13:27:11.008210 48866 naive_actor.cpp:25] actor 2199023255671 switch to &NaiveActor::HandlerNormal
I1012 13:27:11.008234 48866 thread.cpp:96] Thread 1048576 construct Actor kNormalForward 2199023255671
I1012 13:27:11.008275 48866 runtime_context.cpp:29] DecreaseCounter constructing_actor_cnt, current val is 7
I1012 13:27:11.008759 48866 naive_actor.cpp:25] actor 2199023255650 switch to &NaiveActor::HandlerNormal
I1012 13:27:11.008781 48866 thread.cpp:96] Thread 1048576 construct Actor kNormalForward 2199023255650
I1012 13:27:11.008846 48866 runtime_context.cpp:29] DecreaseCounter constructing_actor_cnt, current val is 6
I1012 13:27:11.009415 48866 naive_actor.cpp:25] actor 2199023255716 switch to &NaiveActor::HandlerNormal
I1012 13:27:11.009445 48866 thread.cpp:96] Thread 1048576 construct Actor kNormalForward 2199023255716
I1012 13:27:11.009488 48866 runtime_context.cpp:29] DecreaseCounter constructing_actor_cnt, current val is 5
I1012 13:27:11.009681 48866 naive_actor.cpp:25] actor 2199023255695 switch to &NaiveActor::HandlerNormal
I1012 13:27:11.009703 48866 thread.cpp:96] Thread 1048576 construct Actor kNormalForward 2199023255695
I1012 13:27:11.009740 48866 runtime_context.cpp:29] DecreaseCounter constructing_actor_cnt, current val is 4
I1012 13:27:11.010251 48866 naive_actor.cpp:25] actor 2199023255674 switch to &NaiveActor::HandlerNormal
I1012 13:27:11.010274 48866 thread.cpp:96] Thread 1048576 construct Actor kNormalForward 2199023255674
I1012 13:27:11.010315 48866 runtime_context.cpp:29] DecreaseCounter constructing_actor_cnt, current val is 3
I1012 13:27:11.010515 48866 naive_actor.cpp:25] actor 2199023255719 switch to &NaiveActor::HandlerNormal
I1012 13:27:11.010537 48866 thread.cpp:96] Thread 1048576 construct Actor kNormalForward 2199023255719
I1012 13:27:11.010596 48866 runtime_context.cpp:29] DecreaseCounter constructing_actor_cnt, current val is 2
I1012 13:27:11.011173 48866 naive_actor.cpp:25] actor 2199023255698 switch to &NaiveActor::HandlerNormal
I1012 13:27:11.011240 48866 thread.cpp:96] Thread 1048576 construct Actor kNormalForward 2199023255698
I1012 13:27:11.011286 48866 runtime_context.cpp:29] DecreaseCounter constructing_actor_cnt, current val is 1
I1012 13:27:11.011492 48866 naive_actor.cpp:25] actor 2199023255722 switch to &NaiveActor::HandlerNormal
I1012 13:27:11.011513 48866 thread.cpp:96] Thread 1048576 construct Actor kNormalForward 2199023255722
I1012 13:27:11.011554 48866 runtime_context.cpp:29] DecreaseCounter constructing_actor_cnt, current val is 0
I1012 13:27:11.012821 48324 runtime.cpp:93] Actors on this machine constructed
I1012 13:27:11.013341 48324 runtime.cpp:95] Actors on every machine constructed
I1012 13:27:11.013381 48324 runtime_context.cpp:21] NewCounter job_0_running_actor_count 216
I1012 13:27:11.013418 48324 global.h:43] DeleteGlobal N7oneflow7JobDescE
I1012 13:27:11.013463 48873 wait_and_send_ids_actor.cpp:73] actor 1099520016384 switch to &WaitAndSendIdsActor::HandlerNormal
I1012 13:27:23.830415 48873 actor.cpp:411] actor 1099520016384 switch to &Actor::HandlerZombie
I1012 13:27:23.830507 48872 actor.cpp:408] actor 1099517919236 switch to nullptr
I1012 13:27:23.830770 48872 thread.cpp:76] thread 524291 deconstruct actor 1099517919236
I1012 13:27:23.830781 48873 thread.cpp:76] thread 524292 deconstruct actor 1099520016384
I1012 13:27:23.831107 48873 runtime_context.cpp:29] DecreaseCounter job_0_running_actor_count, current val is 215
I1012 13:27:23.831110 48872 runtime_context.cpp:29] DecreaseCounter job_0_running_actor_count, current val is 214
I1012 13:27:23.831209 48872 actor.cpp:408] actor 1099517919234 switch to nullptr
I1012 13:27:23.831274 48872 thread.cpp:76] thread 524291 deconstruct actor 1099517919234
I1012 13:27:23.831445 48866 actor.cpp:408] actor 2199023255723 switch to nullptr
I1012 13:27:23.831571 48866 thread.cpp:76] thread 1048576 deconstruct actor 2199023255723
I1012 13:27:23.831573 48872 runtime_context.cpp:29] DecreaseCounter job_0_running_actor_count, current val is 213
I1012 13:27:23.831665 48872 actor.cpp:411] actor 1099517919237 switch to &Actor::HandlerZombie
I1012 13:27:23.831823 48866 runtime_context.cpp:29] DecreaseCounter job_0_running_actor_count, current val is 212
I1012 13:27:23.831903 48872 actor.cpp:408] actor 1099517919232 switch to nullptr
I1012 13:27:23.831936 48872 thread.cpp:76] thread 524291 deconstruct actor 1099517919232
I1012 13:27:23.831946 48866 actor.cpp:411] actor 2199023255615 switch to &Actor::HandlerZombie
I1012 13:27:23.831996 48866 actor.cpp:411] actor 2199023255616 switch to &Actor::HandlerZombie
I1012 13:27:23.831992 48867 actor.cpp:408] actor 1099513724930 switch to nullptr
I1012 13:27:23.832106 48872 runtime_context.cpp:29] DecreaseCounter job_0_running_actor_count, current val is 211
I1012 13:27:23.832077 48866 actor.cpp:411] actor 2199023255614 switch to &Actor::HandlerZombie
I1012 13:27:23.832067 48868 actor.cpp:411] actor 1099511627780 switch to &Actor::HandlerZombie
I1012 13:27:23.832118 48867 thread.cpp:76] thread 524289 deconstruct actor 1099513724930
I1012 13:27:23.832242 48868 actor.cpp:408] actor 1099511627779 switch to nullptr
I1012 13:27:23.832208 48866 actor.cpp:408] actor 2199023255717 switch to nullptr
I1012 13:27:23.832163 48872 actor.cpp:408] actor 1099517919233 switch to nullptr
I1012 13:27:23.832273 48868 thread.cpp:76] thread 524288 deconstruct actor 1099511627779
I1012 13:27:23.832294 48866 thread.cpp:76] thread 1048576 deconstruct actor 2199023255717
I1012 13:27:23.832325 48872 thread.cpp:76] thread 524291 deconstruct actor 1099517919233
I1012 13:27:23.832446 48867 runtime_context.cpp:29] DecreaseCounter job_0_running_actor_count, current val is 210
I1012 13:27:23.832518 48867 actor.cpp:408] actor 1099513724932 switch to nullptr
I1012 13:27:23.832520 48872 runtime_context.cpp:29] DecreaseCounter job_0_running_actor_count, current val is 209
I1012 13:27:23.832545 48868 runtime_context.cpp:29] DecreaseCounter job_0_running_actor_count, current val is 208
I1012 13:27:23.832548 48866 runtime_context.cpp:29] DecreaseCounter job_0_running_actor_count, current val is 207
I1012 13:27:23.832867 48868 actor.cpp:408] actor 1099511627776 switch to nullptr
I1012 13:27:23.832899 48868 thread.cpp:76] thread 524288 deconstruct actor 1099511627776
I1012 13:27:23.832906 48866 actor.cpp:408] actor 2199023255713 switch to nullptr
I1012 13:27:23.832763 48875 actor.cpp:408] actor 2199025352705 switch to nullptr
I1012 13:27:23.832576 48867 thread.cpp:76] thread 524289 deconstruct actor 1099513724932
I1012 13:27:23.832762 48872 actor.cpp:408] actor 1099517919238 switch to nullptr
I1012 13:27:23.832937 48866 thread.cpp:76] thread 1048576 deconstruct actor 2199023255713
I1012 13:27:23.832991 48875 thread.cpp:76] thread 1048577 deconstruct actor 2199025352705
I1012 13:27:23.833050 48872 thread.cpp:76] thread 524291 deconstruct actor 1099517919238
I1012 13:27:23.833148 48867 runtime_context.cpp:29] DecreaseCounter job_0_running_actor_count, current val is 206
I1012 13:27:23.833195 48867 actor.cpp:408] actor 1099513724931 switch to nullptr
I1012 13:27:23.833212 48867 thread.cpp:76] thread 524289 deconstruct actor 1099513724931
I1012 13:27:23.833215 48875 runtime_context.cpp:29] DecreaseCounter job_0_running_actor_count, current val is 205
I1012 13:27:23.833241 48866 runtime_context.cpp:29] DecreaseCounter job_0_running_actor_count, current val is 204
I1012 13:27:23.833290 48866 actor.cpp:408] actor 2199023255711 switch to nullptr
I1012 13:27:23.833292 48872 runtime_context.cpp:29] DecreaseCounter job_0_running_actor_count, current val is 203
I1012 13:27:23.833313 48866 thread.cpp:76] thread 1048576 deconstruct actor 2199023255711
I1012 13:27:23.833359 48872 actor.cpp:408] actor 1099517919235 switch to nullptr
I1012 13:27:23.833385 48872 thread.cpp:76] thread 524291 deconstruct actor 1099517919235
I1012 13:27:23.833421 48867 runtime_context.cpp:29] DecreaseCounter job_0_running_actor_count, current val is 202
I1012 13:27:23.833473 48867 actor.cpp:408] actor 1099513724929 switch to nullptr
I1012 13:27:23.833492 48867 thread.cpp:76] thread 524289 deconstruct actor 1099513724929
I1012 13:27:23.833499 48875 actor.cpp:408] actor 2199025352708 switch to nullptr
I1012 13:27:23.833513 48866 runtime_context.cpp:29] DecreaseCounter job_0_running_actor_count, current val is 201
I1012 13:27:23.833531 48875 thread.cpp:76] thread 1048577 deconstruct actor 2199025352708
I1012 13:27:23.833539 48872 runtime_context.cpp:29] DecreaseCounter job_0_running_actor_count, current val is 200
I1012 13:27:23.833576 48866 actor.cpp:408] actor 2199023255715 switch to nullptr
I1012 13:27:23.833619 48875 runtime_context.cpp:29] DecreaseCounter job_0_running_actor_count, current val is 199
I1012 13:27:23.833631 48872 actor.cpp:408] actor 1099517919239 switch to nullptr
I1012 13:27:23.833636 48866 thread.cpp:76] thread 1048576 deconstruct actor 2199023255715
I1012 13:27:23.833696 48872 thread.cpp:76] thread 524291 deconstruct actor 1099517919239
I1012 13:27:23.833739 48867 runtime_context.cpp:29] DecreaseCounter job_0_running_actor_count, current val is 198
I1012 13:27:23.833784 48868 runtime_context.cpp:29] DecreaseCounter job_0_running_actor_count, current val is 197
I1012 13:27:23.833727 48871 actor.cpp:408] actor 1099522113536 switch to nullptr
I1012 13:27:23.833811 48867 actor.cpp:408] actor 1099513724928 switch to nullptr
I1012 13:27:23.833889 48872 runtime_context.cpp:29] DecreaseCounter job_0_running_actor_count, current val is 195
I1012 13:27:23.833838 48866 runtime_context.cpp:29] DecreaseCounter job_0_running_actor_count, current val is 196
I1012 13:27:23.833840 48868 actor.cpp:408] actor 1099511627778 switch to nullptr
I1012 13:27:23.833986 48866 actor.cpp:408] actor 2199023255709 switch to nullptr
I1012 13:27:23.833828 48875 actor.cpp:408] actor 2199025352704 switch to nullptr
I1012 13:27:23.833917 48867 thread.cpp:76] thread 524289 deconstruct actor 1099513724928
I1012 13:27:23.833873 48871 thread.cpp:76] thread 524293 deconstruct actor 1099522113536
I1012 13:27:23.833998 48868 thread.cpp:76] thread 524288 deconstruct actor 1099511627778
I1012 13:27:23.834012 48866 thread.cpp:76] thread 1048576 deconstruct actor 2199023255709
I1012 13:27:23.834033 48875 thread.cpp:76] thread 1048577 deconstruct actor 2199025352704
I1012 13:27:23.834266 48867 runtime_context.cpp:29] DecreaseCounter job_0_running_actor_count, current val is 194
I1012 13:27:23.834333 48875 runtime_context.cpp:29] DecreaseCounter job_0_running_actor_count, current val is 193
I1012 13:27:23.834365 48875 actor.cpp:408] actor 2199025352707 switch to nullptr
I1012 13:27:23.834378 48875 thread.cpp:76] thread 1048577 deconstruct actor 2199025352707
I1012 13:27:23.834388 48871 runtime_context.cpp:29] DecreaseCounter job_0_running_actor_count, current val is 192
I1012 13:27:23.834412 48875 runtime_context.cpp:29] DecreaseCounter job_0_running_actor_count, current val is 190
I1012 13:27:23.834410 48866 runtime_context.cpp:29] DecreaseCounter job_0_running_actor_count, current val is 191
I1012 13:27:23.834477 48868 runtime_context.cpp:29] DecreaseCounter job_0_running_actor_count, current val is 189
I1012 13:27:23.834564 48866 actor.cpp:408] actor 2199023255707 switch to nullptr
I1012 13:27:23.834589 48866 thread.cpp:76] thread 1048576 deconstruct actor 2199023255707
I1012 13:27:23.834609 48875 actor.cpp:408] actor 2199025352706 switch to nullptr
I1012 13:27:23.834631 48875 thread.cpp:76] thread 1048577 deconstruct actor 2199025352706
I1012 13:27:23.834592 48868 actor.cpp:408] actor 1099511627777 switch to nullptr
I1012 13:27:23.834669 48868 thread.cpp:76] thread 524288 deconstruct actor 1099511627777
I1012 13:27:23.834698 48875 runtime_context.cpp:29] DecreaseCounter job_0_running_actor_count, current val is 188
I1012 13:27:23.834730 48866 runtime_context.cpp:29] DecreaseCounter job_0_running_actor_count, current val is 187
I1012 13:27:23.834775 48866 actor.cpp:408] actor 2199023255705 switch to nullptr
I1012 13:27:23.834794 48866 thread.cpp:76] thread 1048576 deconstruct actor 2199023255705
I1012 13:27:23.834883 48868 runtime_context.cpp:29] DecreaseCounter job_0_running_actor_count, current val is 186
I1012 13:27:23.834911 48868 thread.cpp:76] thread 524288 deconstruct actor 1099511627780
I1012 13:27:23.834951 48866 runtime_context.cpp:29] DecreaseCounter job_0_running_actor_count, current val is 185
I1012 13:27:23.834995 48866 actor.cpp:408] actor 2199023255703 switch to nullptr
I1012 13:27:23.835013 48866 thread.cpp:76] thread 1048576 deconstruct actor 2199023255703
I1012 13:27:23.835047 48868 runtime_context.cpp:29] DecreaseCounter job_0_running_actor_count, current val is 184
I1012 13:27:23.835144 48866 runtime_context.cpp:29] DecreaseCounter job_0_running_actor_count, current val is 183
I1012 13:27:23.835187 48866 actor.cpp:408] actor 2199023255701 switch to nullptr
I1012 13:27:23.835206 48866 thread.cpp:76] thread 1048576 deconstruct actor 2199023255701
I1012 13:27:23.835343 48866 runtime_context.cpp:29] DecreaseCounter job_0_running_actor_count, current val is 182
I1012 13:27:23.835381 48866 actor.cpp:408] actor 2199023255699 switch to nullptr
I1012 13:27:23.835399 48866 thread.cpp:76] thread 1048576 deconstruct actor 2199023255699
I1012 13:27:23.835541 48866 runtime_context.cpp:29] DecreaseCounter job_0_running_actor_count, current val is 181
I1012 13:27:23.835583 48866 actor.cpp:408] actor 2199023255697 switch to nullptr
I1012 13:27:23.835602 48866 thread.cpp:76] thread 1048576 deconstruct actor 2199023255697
I1012 13:27:23.835734 48866 runtime_context.cpp:29] DecreaseCounter job_0_running_actor_count, current val is 180
I1012 13:27:23.835775 48866 actor.cpp:408] actor 2199023255689 switch to nullptr
I1012 13:27:23.835793 48866 thread.cpp:76] thread 1048576 deconstruct actor 2199023255689
I1012 13:27:23.835917 48866 runtime_context.cpp:29] DecreaseCounter job_0_running_actor_count, current val is 179
I1012 13:27:23.835959 48866 actor.cpp:408] actor 2199023255687 switch to nullptr
I1012 13:27:23.835978 48866 thread.cpp:76] thread 1048576 deconstruct actor 2199023255687
I1012 13:27:23.836169 48866 runtime_context.cpp:29] DecreaseCounter job_0_running_actor_count, current val is 178
I1012 13:27:23.836242 48866 actor.cpp:408] actor 2199023255695 switch to nullptr
I1012 13:27:23.836266 48866 thread.cpp:76] thread 1048576 deconstruct actor 2199023255695
I1012 13:27:23.836411 48866 runtime_context.cpp:29] DecreaseCounter job_0_running_actor_count, current val is 177
I1012 13:27:23.836467 48866 actor.cpp:408] actor 2199023255598 switch to nullptr
I1012 13:27:23.836486 48866 thread.cpp:76] thread 1048576 deconstruct actor 2199023255598
I1012 13:27:23.836617 48866 runtime_context.cpp:29] DecreaseCounter job_0_running_actor_count, current val is 176
I1012 13:27:23.836659 48866 actor.cpp:408] actor 2199023255693 switch to nullptr
I1012 13:27:23.836678 48866 thread.cpp:76] thread 1048576 deconstruct actor 2199023255693
I1012 13:27:23.836807 48866 runtime_context.cpp:29] DecreaseCounter job_0_running_actor_count, current val is 175
I1012 13:27:23.836849 48866 actor.cpp:408] actor 2199023255596 switch to nullptr
I1012 13:27:23.836869 48866 thread.cpp:76] thread 1048576 deconstruct actor 2199023255596
I1012 13:27:23.836997 48866 runtime_context.cpp:29] DecreaseCounter job_0_running_actor_count, current val is 174
I1012 13:27:23.837036 48866 actor.cpp:408] actor 2199023255568 switch to nullptr
I1012 13:27:23.837055 48866 thread.cpp:76] thread 1048576 deconstruct actor 2199023255568
I1012 13:27:23.837189 48866 runtime_context.cpp:29] DecreaseCounter job_0_running_actor_count, current val is 173
I1012 13:27:23.837230 48866 actor.cpp:408] actor 2199023255561 switch to nullptr
I1012 13:27:23.837249 48866 thread.cpp:76] thread 1048576 deconstruct actor 2199023255561
I1012 13:27:23.837368 48866 runtime_context.cpp:29] DecreaseCounter job_0_running_actor_count, current val is 172
I1012 13:27:23.837405 48866 actor.cpp:408] actor 2199023255691 switch to nullptr
I1012 13:27:23.837422 48866 thread.cpp:76] thread 1048576 deconstruct actor 2199023255691
I1012 13:27:23.837560 48866 runtime_context.cpp:29] DecreaseCounter job_0_running_actor_count, current val is 171
I1012 13:27:23.837602 48866 actor.cpp:408] actor 2199023255553 switch to nullptr
I1012 13:27:23.837620 48866 thread.cpp:76] thread 1048576 deconstruct actor 2199023255553
I1012 13:27:23.837741 48866 runtime_context.cpp:29] DecreaseCounter job_0_running_actor_count, current val is 170
I1012 13:27:23.837779 48866 actor.cpp:408] actor 2199023255566 switch to nullptr
I1012 13:27:23.837798 48866 thread.cpp:76] thread 1048576 deconstruct actor 2199023255566
I1012 13:27:23.837926 48866 runtime_context.cpp:29] DecreaseCounter job_0_running_actor_count, current val is 169
I1012 13:27:23.837966 48866 actor.cpp:408] actor 2199023255557 switch to nullptr
I1012 13:27:23.837985 48866 thread.cpp:76] thread 1048576 deconstruct actor 2199023255557
I1012 13:27:23.838104 48866 runtime_context.cpp:29] DecreaseCounter job_0_running_actor_count, current val is 168
I1012 13:27:23.838143 48866 actor.cpp:408] actor 2199023255563 switch to nullptr
I1012 13:27:23.838163 48866 thread.cpp:76] thread 1048576 deconstruct actor 2199023255563
I1012 13:27:23.838289 48866 runtime_context.cpp:29] DecreaseCounter job_0_running_actor_count, current val is 167
I1012 13:27:23.838331 48866 actor.cpp:408] actor 2199023255571 switch to nullptr
I1012 13:27:23.838351 48866 thread.cpp:76] thread 1048576 deconstruct actor 2199023255571
I1012 13:27:23.838497 48866 runtime_context.cpp:29] DecreaseCounter job_0_running_actor_count, current val is 166
I1012 13:27:23.838539 48866 actor.cpp:408] actor 2199023255576 switch to nullptr
I1012 13:27:23.838558 48866 thread.cpp:76] thread 1048576 deconstruct actor 2199023255576
I1012 13:27:23.838718 48866 runtime_context.cpp:29] DecreaseCounter job_0_running_actor_count, current val is 165
I1012 13:27:23.838764 48866 actor.cpp:408] actor 2199023255581 switch to nullptr
I1012 13:27:23.838783 48866 thread.cpp:76] thread 1048576 deconstruct actor 2199023255581
I1012 13:27:23.838905 48866 runtime_context.cpp:29] DecreaseCounter job_0_running_actor_count, current val is 164
I1012 13:27:23.838990 48866 actor.cpp:408] actor 2199023255583 switch to nullptr
I1012 13:27:23.839017 48866 thread.cpp:76] thread 1048576 deconstruct actor 2199023255583
I1012 13:27:23.839161 48866 runtime_context.cpp:29] DecreaseCounter job_0_running_actor_count, current val is 163
I1012 13:27:23.839207 48866 actor.cpp:408] actor 2199023255683 switch to nullptr
I1012 13:27:23.839227 48866 thread.cpp:76] thread 1048576 deconstruct actor 2199023255683
I1012 13:27:23.839345 48866 runtime_context.cpp:29] DecreaseCounter job_0_running_actor_count, current val is 162
I1012 13:27:23.839388 48866 actor.cpp:408] actor 2199023255573 switch to nullptr
I1012 13:27:23.839407 48866 thread.cpp:76] thread 1048576 deconstruct actor 2199023255573
I1012 13:27:23.839556 48866 runtime_context.cpp:29] DecreaseCounter job_0_running_actor_count, current val is 161
I1012 13:27:23.839601 48866 actor.cpp:408] actor 2199023255586 switch to nullptr
I1012 13:27:23.839622 48866 thread.cpp:76] thread 1048576 deconstruct actor 2199023255586
I1012 13:27:23.839741 48866 runtime_context.cpp:29] DecreaseCounter job_0_running_actor_count, current val is 160
I1012 13:27:23.839781 48866 actor.cpp:408] actor 2199023255685 switch to nullptr
I1012 13:27:23.839802 48866 thread.cpp:76] thread 1048576 deconstruct actor 2199023255685
I1012 13:27:23.839927 48866 runtime_context.cpp:29] DecreaseCounter job_0_running_actor_count, current val is 159
I1012 13:27:23.839993 48866 actor.cpp:408] actor 2199023255588 switch to nullptr
I1012 13:27:23.840015 48866 thread.cpp:76] thread 1048576 deconstruct actor 2199023255588
I1012 13:27:23.840147 48866 runtime_context.cpp:29] DecreaseCounter job_0_running_actor_count, current val is 158
I1012 13:27:23.840188 48866 actor.cpp:408] actor 2199023255578 switch to nullptr
I1012 13:27:23.840206 48866 thread.cpp:76] thread 1048576 deconstruct actor 2199023255578
I1012 13:27:23.840337 48866 runtime_context.cpp:29] DecreaseCounter job_0_running_actor_count, current val is 157
I1012 13:27:23.840375 48866 actor.cpp:408] actor 2199023255591 switch to nullptr
I1012 13:27:23.840394 48866 thread.cpp:76] thread 1048576 deconstruct actor 2199023255591
I1012 13:27:23.840528 48866 runtime_context.cpp:29] DecreaseCounter job_0_running_actor_count, current val is 156
I1012 13:27:23.840569 48866 actor.cpp:408] actor 2199023255593 switch to nullptr
I1012 13:27:23.840586 48866 thread.cpp:76] thread 1048576 deconstruct actor 2199023255593
I1012 13:27:23.840708 48866 runtime_context.cpp:29] DecreaseCounter job_0_running_actor_count, current val is 155
I1012 13:27:23.840749 48866 actor.cpp:411] actor 2199023255724 switch to &Actor::HandlerZombie
I1012 13:27:23.840777 48872 thread.cpp:76] thread 524291 deconstruct actor 1099517919237
I1012 13:27:23.840780 48866 actor.cpp:411] actor 2199023255604 switch to &Actor::HandlerZombie
I1012 13:27:23.840867 48866 actor.cpp:411] actor 2199023255618 switch to &Actor::HandlerZombie
I1012 13:27:23.840899 48866 actor.cpp:411] actor 2199023255602 switch to &Actor::HandlerZombie
I1012 13:27:23.840945 48866 actor.cpp:411] actor 2199023255718 switch to &Actor::HandlerZombie
I1012 13:27:23.840974 48866 actor.cpp:408] actor 2199023255719 switch to nullptr
I1012 13:27:23.840975 48872 runtime_context.cpp:29] DecreaseCounter job_0_running_actor_count, current val is 154
I1012 13:27:23.841015 48866 thread.cpp:76] thread 1048576 deconstruct actor 2199023255719
I1012 13:27:23.841178 48866 runtime_context.cpp:29] DecreaseCounter job_0_running_actor_count, current val is 153
I1012 13:27:23.841218 48866 actor.cpp:411] actor 2199023255714 switch to &Actor::HandlerZombie
I1012 13:27:23.841244 48866 actor.cpp:411] actor 2199023255712 switch to &Actor::HandlerZombie
I1012 13:27:23.841272 48866 actor.cpp:411] actor 2199023255722 switch to &Actor::HandlerZombie
I1012 13:27:23.841300 48866 actor.cpp:411] actor 2199023255716 switch to &Actor::HandlerZombie
I1012 13:27:23.841328 48866 actor.cpp:411] actor 2199023255552 switch to &Actor::HandlerZombie
I1012 13:27:23.841356 48866 actor.cpp:411] actor 2199023255710 switch to &Actor::HandlerZombie
I1012 13:27:23.841445 48866 actor.cpp:408] actor 2199023255721 switch to nullptr
I1012 13:27:23.841476 48866 thread.cpp:76] thread 1048576 deconstruct actor 2199023255721
I1012 13:27:23.841631 48866 runtime_context.cpp:29] DecreaseCounter job_0_running_actor_count, current val is 152
I1012 13:27:23.841670 48870 actor.cpp:411] actor 2199029547009 switch to &Actor::HandlerZombie
I1012 13:27:23.841677 48866 actor.cpp:411] actor 2199023255708 switch to &Actor::HandlerZombie
I1012 13:27:23.841774 48870 actor.cpp:411] actor 2199029547012 switch to &Actor::HandlerZombie
I1012 13:27:23.841781 48866 actor.cpp:411] actor 2199023255720 switch to &Actor::HandlerZombie
I1012 13:27:23.841809 48870 actor.cpp:411] actor 2199029547021 switch to &Actor::HandlerZombie
I1012 13:27:23.841847 48866 actor.cpp:411] actor 2199023255706 switch to &Actor::HandlerZombie
I1012 13:27:23.841871 48870 actor.cpp:411] actor 2199029547010 switch to &Actor::HandlerZombie
I1012 13:27:23.841897 48866 actor.cpp:411] actor 2199023255704 switch to &Actor::HandlerZombie
I1012 13:27:23.841909 48870 actor.cpp:411] actor 2199029547015 switch to &Actor::HandlerZombie
I1012 13:27:23.841929 48866 actor.cpp:411] actor 2199023255702 switch to &Actor::HandlerZombie
I1012 13:27:23.841955 48870 actor.cpp:411] actor 2199029547011 switch to &Actor::HandlerZombie
I1012 13:27:23.841987 48866 actor.cpp:411] actor 2199023255700 switch to &Actor::HandlerZombie
I1012 13:27:23.842013 48870 actor.cpp:411] actor 2199029547022 switch to &Actor::HandlerZombie
I1012 13:27:23.842025 48866 actor.cpp:411] actor 2199023255698 switch to &Actor::HandlerZombie
I1012 13:27:23.842043 48870 actor.cpp:411] actor 2199029547020 switch to &Actor::HandlerZombie
I1012 13:27:23.842065 48866 actor.cpp:411] actor 2199023255690 switch to &Actor::HandlerZombie
I1012 13:27:23.842104 48870 actor.cpp:411] actor 2199029547023 switch to &Actor::HandlerZombie
I1012 13:27:23.842125 48866 actor.cpp:411] actor 2199023255688 switch to &Actor::HandlerZombie
I1012 13:27:23.842144 48870 actor.cpp:411] actor 2199029547016 switch to &Actor::HandlerZombie
I1012 13:27:23.842168 48866 actor.cpp:411] actor 2199023255696 switch to &Actor::HandlerZombie
I1012 13:27:23.842206 48870 actor.cpp:411] actor 2199029547014 switch to &Actor::HandlerZombie
I1012 13:27:23.842226 48866 actor.cpp:411] actor 2199023255676 switch to &Actor::HandlerZombie
I1012 13:27:23.842231 48870 actor.cpp:411] actor 2199029547025 switch to &Actor::HandlerZombie
I1012 13:27:23.842258 48866 actor.cpp:411] actor 2199023255599 switch to &Actor::HandlerZombie
I1012 13:27:23.842272 48870 actor.cpp:411] actor 2199029547018 switch to &Actor::HandlerZombie
I1012 13:27:23.842290 48866 actor.cpp:411] actor 2199023255629 switch to &Actor::HandlerZombie
I1012 13:27:23.842294 48870 actor.cpp:411] actor 2199029547019 switch to &Actor::HandlerZombie
I1012 13:27:23.842322 48866 actor.cpp:411] actor 2199023255694 switch to &Actor::HandlerZombie
I1012 13:27:23.842334 48870 actor.cpp:411] actor 2199029547013 switch to &Actor::HandlerZombie
I1012 13:27:23.842351 48866 actor.cpp:411] actor 2199023255673 switch to &Actor::HandlerZombie
I1012 13:27:23.842360 48870 actor.cpp:411] actor 2199029547017 switch to &Actor::HandlerZombie
I1012 13:27:23.842381 48866 actor.cpp:411] actor 2199023255597 switch to &Actor::HandlerZombie
I1012 13:27:23.842398 48870 actor.cpp:411] actor 2199029547008 switch to &Actor::HandlerZombie
I1012 13:27:23.842437 48866 actor.cpp:411] actor 2199023255631 switch to &Actor::HandlerZombie
I1012 13:27:23.842456 48870 actor.cpp:411] actor 2199029547024 switch to &Actor::HandlerZombie
I1012 13:27:23.842481 48866 actor.cpp:411] actor 2199023255569 switch to &Actor::HandlerZombie
I1012 13:27:23.842489 48870 thread.cpp:76] thread 1048579 deconstruct actor 2199029547019
I1012 13:27:23.842515 48866 actor.cpp:411] actor 2199023255666 switch to &Actor::HandlerZombie
I1012 13:27:23.842546 48866 actor.cpp:411] actor 2199023255655 switch to &Actor::HandlerZombie
I1012 13:27:23.842571 48866 actor.cpp:411] actor 2199023255562 switch to &Actor::HandlerZombie
I1012 13:27:23.842620 48870 runtime_context.cpp:29] DecreaseCounter job_0_running_actor_count, current val is 151
I1012 13:27:23.842629 48866 actor.cpp:411] actor 2199023255669 switch to &Actor::HandlerZombie
I1012 13:27:23.842656 48870 thread.cpp:76] thread 1048579 deconstruct actor 2199029547009
I1012 13:27:23.842705 48866 actor.cpp:411] actor 2199023255660 switch to &Actor::HandlerZombie
I1012 13:27:23.842732 48866 actor.cpp:411] actor 2199023255692 switch to &Actor::HandlerZombie
I1012 13:27:23.842758 48866 actor.cpp:411] actor 2199023255684 switch to &Actor::HandlerZombie
I1012 13:27:23.842775 48870 runtime_context.cpp:29] DecreaseCounter job_0_running_actor_count, current val is 150
I1012 13:27:23.842783 48866 actor.cpp:411] actor 2199023255680 switch to &Actor::HandlerZombie
I1012 13:27:23.842829 48866 actor.cpp:411] actor 2199023255554 switch to &Actor::HandlerZombie
I1012 13:27:23.842859 48866 actor.cpp:411] actor 2199023255633 switch to &Actor::HandlerZombie
I1012 13:27:23.842875 48870 thread.cpp:76] thread 1048579 deconstruct actor 2199029547023
I1012 13:27:23.842885 48866 actor.cpp:411] actor 2199023255567 switch to &Actor::HandlerZombie
I1012 13:27:23.842928 48866 actor.cpp:411] actor 2199023255672 switch to &Actor::HandlerZombie
I1012 13:27:23.842963 48866 actor.cpp:411] actor 2199023255656 switch to &Actor::HandlerZombie
I1012 13:27:23.842967 48870 runtime_context.cpp:29] DecreaseCounter job_0_running_actor_count, current val is 149
I1012 13:27:23.842991 48866 actor.cpp:411] actor 2199023255686 switch to &Actor::HandlerZombie
