I1012 13:27:10.964262 48882 runtime_context.cpp:29] DecreaseCounter constructing_actor_cnt, current val is 71
I1012 13:27:10.964869 48882 naive_actor.cpp:25] actor 37391985279106 switch to &NaiveActor::HandlerNormal
I1012 13:27:10.964900 48882 thread.cpp:96] Thread 17829888 construct Actor kNormalForward 37391985279106
I1012 13:27:10.964946 48882 runtime_context.cpp:29] DecreaseCounter constructing_actor_cnt, current val is 70
I1012 13:27:10.965587 48882 naive_actor.cpp:25] actor 37391985279110 switch to &NaiveActor::HandlerNormal
I1012 13:27:10.965612 48882 thread.cpp:96] Thread 17829888 construct Actor kNormalForward 37391985279110
I1012 13:27:10.965660 48882 runtime_context.cpp:29] DecreaseCounter constructing_actor_cnt, current val is 69
I1012 13:27:10.966228 48882 naive_actor.cpp:25] actor 37391985279101 switch to &NaiveActor::HandlerNormal
I1012 13:27:10.966259 48882 thread.cpp:96] Thread 17829888 construct Actor kNormalForward 37391985279101
I1012 13:27:10.966307 48882 runtime_context.cpp:29] DecreaseCounter constructing_actor_cnt, current val is 68
I1012 13:27:10.967459 48882 naive_actor.cpp:25] actor 37391985279134 switch to &NaiveActor::HandlerNormal
I1012 13:27:10.967504 48882 thread.cpp:96] Thread 17829888 construct Actor kNormalForward 37391985279134
I1012 13:27:10.967561 48882 runtime_context.cpp:29] DecreaseCounter constructing_actor_cnt, current val is 67
I1012 13:27:10.968099 48882 naive_actor.cpp:25] actor 37391985279070 switch to &NaiveActor::HandlerNormal
I1012 13:27:10.968140 48882 thread.cpp:96] Thread 17829888 construct Actor kNormalForward 37391985279070
I1012 13:27:10.968202 48882 runtime_context.cpp:29] DecreaseCounter constructing_actor_cnt, current val is 66
I1012 13:27:10.968724 48882 naive_actor.cpp:25] actor 37391985279035 switch to &NaiveActor::HandlerNormal
I1012 13:27:10.968763 48882 thread.cpp:96] Thread 17829888 construct Actor kNormalForward 37391985279035
I1012 13:27:10.968814 48882 runtime_context.cpp:29] DecreaseCounter constructing_actor_cnt, current val is 65
I1012 13:27:10.969386 48882 naive_actor.cpp:25] actor 37391985279094 switch to &NaiveActor::HandlerNormal
I1012 13:27:10.969434 48882 thread.cpp:96] Thread 17829888 construct Actor kNormalForward 37391985279094
I1012 13:27:10.969488 48882 runtime_context.cpp:29] DecreaseCounter constructing_actor_cnt, current val is 64
I1012 13:27:10.970136 48882 naive_actor.cpp:25] actor 37391985279065 switch to &NaiveActor::HandlerNormal
I1012 13:27:10.970175 48882 thread.cpp:96] Thread 17829888 construct Actor kNormalForward 37391985279065
I1012 13:27:10.970240 48882 runtime_context.cpp:29] DecreaseCounter constructing_actor_cnt, current val is 63
I1012 13:27:10.970921 48882 naive_actor.cpp:25] actor 37391985279132 switch to &NaiveActor::HandlerNormal
I1012 13:27:10.970963 48882 thread.cpp:96] Thread 17829888 construct Actor kNormalForward 37391985279132
I1012 13:27:10.971019 48882 runtime_context.cpp:29] DecreaseCounter constructing_actor_cnt, current val is 62
I1012 13:27:10.971258 48882 naive_actor.cpp:25] actor 37391985279039 switch to &NaiveActor::HandlerNormal
I1012 13:27:10.971295 48882 thread.cpp:96] Thread 17829888 construct Actor kNormalForward 37391985279039
I1012 13:27:10.971341 48882 runtime_context.cpp:29] DecreaseCounter constructing_actor_cnt, current val is 61
I1012 13:27:10.972028 48882 naive_actor.cpp:25] actor 37391985279045 switch to &NaiveActor::HandlerNormal
I1012 13:27:10.972062 48882 thread.cpp:96] Thread 17829888 construct Actor kNormalForward 37391985279045
I1012 13:27:10.972126 48882 runtime_context.cpp:29] DecreaseCounter constructing_actor_cnt, current val is 60
I1012 13:27:10.972848 48882 naive_actor.cpp:25] actor 37391985279114 switch to &NaiveActor::HandlerNormal
I1012 13:27:10.972889 48882 thread.cpp:96] Thread 17829888 construct Actor kNormalForward 37391985279114
I1012 13:27:10.972940 48882 runtime_context.cpp:29] DecreaseCounter constructing_actor_cnt, current val is 59
I1012 13:27:10.973543 48882 naive_actor.cpp:25] actor 37391985279069 switch to &NaiveActor::HandlerNormal
I1012 13:27:10.973583 48882 thread.cpp:96] Thread 17829888 construct Actor kNormalForward 37391985279069
I1012 13:27:10.973635 48882 runtime_context.cpp:29] DecreaseCounter constructing_actor_cnt, current val is 58
I1012 13:27:10.974299 48882 naive_actor.cpp:25] actor 37391985279138 switch to &NaiveActor::HandlerNormal
I1012 13:27:10.974340 48882 thread.cpp:96] Thread 17829888 construct Actor kNormalForward 37391985279138
I1012 13:27:10.974391 48882 runtime_context.cpp:29] DecreaseCounter constructing_actor_cnt, current val is 57
I1012 13:27:10.974615 48882 naive_actor.cpp:25] actor 37391985279107 switch to &NaiveActor::HandlerNormal
I1012 13:27:10.974653 48882 thread.cpp:96] Thread 17829888 construct Actor kNormalForward 37391985279107
I1012 13:27:10.974699 48882 runtime_context.cpp:29] DecreaseCounter constructing_actor_cnt, current val is 56
I1012 13:27:10.975343 48882 naive_actor.cpp:25] actor 37391985279067 switch to &NaiveActor::HandlerNormal
I1012 13:27:10.975369 48882 thread.cpp:96] Thread 17829888 construct Actor kNormalForward 37391985279067
I1012 13:27:10.975419 48882 runtime_context.cpp:29] DecreaseCounter constructing_actor_cnt, current val is 55
I1012 13:27:10.976049 48882 naive_actor.cpp:25] actor 37391985279091 switch to &NaiveActor::HandlerNormal
I1012 13:27:10.976090 48882 thread.cpp:96] Thread 17829888 construct Actor kNormalForward 37391985279091
I1012 13:27:10.976141 48882 runtime_context.cpp:29] DecreaseCounter constructing_actor_cnt, current val is 54
I1012 13:27:10.976708 48882 naive_actor.cpp:25] actor 37391985279078 switch to &NaiveActor::HandlerNormal
I1012 13:27:10.976734 48882 thread.cpp:96] Thread 17829888 construct Actor kNormalForward 37391985279078
I1012 13:27:10.976779 48882 runtime_context.cpp:29] DecreaseCounter constructing_actor_cnt, current val is 53
I1012 13:27:10.977488 48882 naive_actor.cpp:25] actor 37391985279124 switch to &NaiveActor::HandlerNormal
I1012 13:27:10.977527 48882 thread.cpp:96] Thread 17829888 construct Actor kNormalForward 37391985279124
I1012 13:27:10.977588 48882 runtime_context.cpp:29] DecreaseCounter constructing_actor_cnt, current val is 52
I1012 13:27:10.978236 48882 naive_actor.cpp:25] actor 37391985279080 switch to &NaiveActor::HandlerNormal
I1012 13:27:10.978277 48882 thread.cpp:96] Thread 17829888 construct Actor kNormalForward 37391985279080
I1012 13:27:10.978327 48882 runtime_context.cpp:29] DecreaseCounter constructing_actor_cnt, current val is 51
I1012 13:27:10.978942 48882 naive_actor.cpp:25] actor 37391985279095 switch to &NaiveActor::HandlerNormal
I1012 13:27:10.978983 48882 thread.cpp:96] Thread 17829888 construct Actor kNormalForward 37391985279095
I1012 13:27:10.979033 48882 runtime_context.cpp:29] DecreaseCounter constructing_actor_cnt, current val is 50
I1012 13:27:10.979657 48882 naive_actor.cpp:25] actor 37391985279097 switch to &NaiveActor::HandlerNormal
I1012 13:27:10.979697 48882 thread.cpp:96] Thread 17829888 construct Actor kNormalForward 37391985279097
I1012 13:27:10.979746 48882 runtime_context.cpp:29] DecreaseCounter constructing_actor_cnt, current val is 49
I1012 13:27:10.979981 48882 naive_actor.cpp:25] actor 37391985279119 switch to &NaiveActor::HandlerNormal
I1012 13:27:10.980018 48882 thread.cpp:96] Thread 17829888 construct Actor kNormalForward 37391985279119
I1012 13:27:10.980103 48882 runtime_context.cpp:29] DecreaseCounter constructing_actor_cnt, current val is 48
I1012 13:27:10.980693 48882 naive_actor.cpp:25] actor 37391985279103 switch to &NaiveActor::HandlerNormal
I1012 13:27:10.980729 48882 thread.cpp:96] Thread 17829888 construct Actor kNormalForward 37391985279103
I1012 13:27:10.980778 48882 runtime_context.cpp:29] DecreaseCounter constructing_actor_cnt, current val is 47
I1012 13:27:10.981436 48882 naive_actor.cpp:25] actor 37391985279088 switch to &NaiveActor::HandlerNormal
I1012 13:27:10.981474 48882 thread.cpp:96] Thread 17829888 construct Actor kNormalForward 37391985279088
I1012 13:27:10.981535 48882 runtime_context.cpp:29] DecreaseCounter constructing_actor_cnt, current val is 46
I1012 13:27:10.981768 48882 naive_actor.cpp:25] actor 37391985279127 switch to &NaiveActor::HandlerNormal
I1012 13:27:10.981806 48882 thread.cpp:96] Thread 17829888 construct Actor kNormalForward 37391985279127
I1012 13:27:10.981850 48882 runtime_context.cpp:29] DecreaseCounter constructing_actor_cnt, current val is 45
I1012 13:27:10.982437 48882 naive_actor.cpp:25] actor 37391985279072 switch to &NaiveActor::HandlerNormal
I1012 13:27:10.982476 48882 thread.cpp:96] Thread 17829888 construct Actor kNormalForward 37391985279072
I1012 13:27:10.982527 48882 runtime_context.cpp:29] DecreaseCounter constructing_actor_cnt, current val is 44
I1012 13:27:10.983175 48882 naive_actor.cpp:25] actor 37391985279130 switch to &NaiveActor::HandlerNormal
I1012 13:27:10.983217 48882 thread.cpp:96] Thread 17829888 construct Actor kNormalForward 37391985279130
I1012 13:27:10.983268 48882 runtime_context.cpp:29] DecreaseCounter constructing_actor_cnt, current val is 43
I1012 13:27:10.983984 48882 naive_actor.cpp:25] actor 37391985279057 switch to &NaiveActor::HandlerNormal
I1012 13:27:10.984009 48882 thread.cpp:96] Thread 17829888 construct Actor kNormalForward 37391985279057
I1012 13:27:10.984061 48882 runtime_context.cpp:29] DecreaseCounter constructing_actor_cnt, current val is 42
I1012 13:27:10.984280 48882 naive_actor.cpp:25] actor 37391985279125 switch to &NaiveActor::HandlerNormal
I1012 13:27:10.984318 48882 thread.cpp:96] Thread 17829888 construct Actor kNormalForward 37391985279125
I1012 13:27:10.984373 48882 runtime_context.cpp:29] DecreaseCounter constructing_actor_cnt, current val is 41
I1012 13:27:10.985025 48882 naive_actor.cpp:25] actor 37391985279081 switch to &NaiveActor::HandlerNormal
I1012 13:27:10.985066 48882 thread.cpp:96] Thread 17829888 construct Actor kNormalForward 37391985279081
I1012 13:27:10.985118 48882 runtime_context.cpp:29] DecreaseCounter constructing_actor_cnt, current val is 40
I1012 13:27:10.985821 48882 naive_actor.cpp:25] actor 37391985279118 switch to &NaiveActor::HandlerNormal
I1012 13:27:10.985862 48882 thread.cpp:96] Thread 17829888 construct Actor kNormalForward 37391985279118
I1012 13:27:10.985922 48882 runtime_context.cpp:29] DecreaseCounter constructing_actor_cnt, current val is 39
I1012 13:27:10.986531 48882 naive_actor.cpp:25] actor 37391985279105 switch to &NaiveActor::HandlerNormal
I1012 13:27:10.986572 48882 thread.cpp:96] Thread 17829888 construct Actor kNormalForward 37391985279105
I1012 13:27:10.986621 48882 runtime_context.cpp:29] DecreaseCounter constructing_actor_cnt, current val is 38
I1012 13:27:10.987231 48882 naive_actor.cpp:25] actor 37391985279089 switch to &NaiveActor::HandlerNormal
I1012 13:27:10.987272 48882 thread.cpp:96] Thread 17829888 construct Actor kNormalForward 37391985279089
I1012 13:27:10.987330 48882 runtime_context.cpp:29] DecreaseCounter constructing_actor_cnt, current val is 37
I1012 13:27:10.987572 48882 naive_actor.cpp:25] actor 37391985279113 switch to &NaiveActor::HandlerNormal
I1012 13:27:10.987608 48882 thread.cpp:96] Thread 17829888 construct Actor kNormalForward 37391985279113
I1012 13:27:10.987653 48882 runtime_context.cpp:29] DecreaseCounter constructing_actor_cnt, current val is 36
I1012 13:27:10.987892 48882 naive_actor.cpp:25] actor 37391985279137 switch to &NaiveActor::HandlerNormal
I1012 13:27:10.987929 48882 thread.cpp:96] Thread 17829888 construct Actor kNormalForward 37391985279137
I1012 13:27:10.988047 48882 runtime_context.cpp:29] DecreaseCounter constructing_actor_cnt, current val is 35
I1012 13:27:10.988605 48882 naive_actor.cpp:25] actor 37391985279025 switch to &NaiveActor::HandlerNormal
I1012 13:27:10.988631 48882 thread.cpp:96] Thread 17829888 construct Actor kNormalForward 37391985279025
I1012 13:27:10.988675 48882 runtime_context.cpp:29] DecreaseCounter constructing_actor_cnt, current val is 34
I1012 13:27:10.988904 48882 naive_actor.cpp:25] actor 37391985279131 switch to &NaiveActor::HandlerNormal
I1012 13:27:10.988941 48882 thread.cpp:96] Thread 17829888 construct Actor kNormalForward 37391985279131
I1012 13:27:10.988996 48882 runtime_context.cpp:29] DecreaseCounter constructing_actor_cnt, current val is 33
I1012 13:27:10.989607 48882 naive_actor.cpp:25] actor 37391985279068 switch to &NaiveActor::HandlerNormal
I1012 13:27:10.989647 48882 thread.cpp:96] Thread 17829888 construct Actor kNormalForward 37391985279068
I1012 13:27:10.989707 48882 runtime_context.cpp:29] DecreaseCounter constructing_actor_cnt, current val is 32
I1012 13:27:10.989950 48882 naive_actor.cpp:25] actor 37391985279040 switch to &NaiveActor::HandlerNormal
I1012 13:27:10.989989 48882 thread.cpp:96] Thread 17829888 construct Actor kNormalForward 37391985279040
I1012 13:27:10.990044 48882 runtime_context.cpp:29] DecreaseCounter constructing_actor_cnt, current val is 31
I1012 13:27:10.990664 48882 naive_actor.cpp:25] actor 37391985279102 switch to &NaiveActor::HandlerNormal
I1012 13:27:10.990696 48882 thread.cpp:96] Thread 17829888 construct Actor kNormalForward 37391985279102
I1012 13:27:10.990744 48882 runtime_context.cpp:29] DecreaseCounter constructing_actor_cnt, current val is 30
I1012 13:27:10.990972 48882 naive_actor.cpp:25] actor 37391985279147 switch to &NaiveActor::HandlerNormal
I1012 13:27:10.991009 48882 thread.cpp:96] Thread 17829888 construct Actor kDeviceTick 37391985279147
I1012 13:27:10.991061 48882 runtime_context.cpp:29] DecreaseCounter constructing_actor_cnt, current val is 29
I1012 13:27:10.991732 48882 naive_actor.cpp:25] actor 37391985279126 switch to &NaiveActor::HandlerNormal
I1012 13:27:10.991772 48882 thread.cpp:96] Thread 17829888 construct Actor kNormalForward 37391985279126
I1012 13:27:10.991834 48882 runtime_context.cpp:29] DecreaseCounter constructing_actor_cnt, current val is 28
I1012 13:27:10.992458 48882 naive_actor.cpp:25] actor 37391985279104 switch to &NaiveActor::HandlerNormal
I1012 13:27:10.992497 48882 thread.cpp:96] Thread 17829888 construct Actor kNormalForward 37391985279104
I1012 13:27:10.992558 48882 runtime_context.cpp:29] DecreaseCounter constructing_actor_cnt, current val is 27
I1012 13:27:10.992799 48882 naive_actor.cpp:25] actor 37391985279111 switch to &NaiveActor::HandlerNormal
I1012 13:27:10.992835 48882 thread.cpp:96] Thread 17829888 construct Actor kNormalForward 37391985279111
I1012 13:27:10.992888 48882 runtime_context.cpp:29] DecreaseCounter constructing_actor_cnt, current val is 26
I1012 13:27:10.993101 48882 naive_actor.cpp:25] actor 37391985279121 switch to &NaiveActor::HandlerNormal
I1012 13:27:10.993137 48882 thread.cpp:96] Thread 17829888 construct Actor kNormalForward 37391985279121
I1012 13:27:10.993181 48882 runtime_context.cpp:29] DecreaseCounter constructing_actor_cnt, current val is 25
I1012 13:27:10.993410 48882 naive_actor.cpp:25] actor 37391985279143 switch to &NaiveActor::HandlerNormal
I1012 13:27:10.993468 48882 thread.cpp:96] Thread 17829888 construct Actor kNormalForward 37391985279143
I1012 13:27:10.993511 48882 runtime_context.cpp:29] DecreaseCounter constructing_actor_cnt, current val is 24
I1012 13:27:10.993738 48882 naive_actor.cpp:25] actor 37391985279146 switch to &NaiveActor::HandlerNormal
I1012 13:27:10.993774 48882 thread.cpp:96] Thread 17829888 construct Actor kNormalForward 37391985279146
I1012 13:27:10.993818 48882 runtime_context.cpp:29] DecreaseCounter constructing_actor_cnt, current val is 23
I1012 13:27:10.994486 48882 naive_actor.cpp:25] actor 37391985279112 switch to &NaiveActor::HandlerNormal
I1012 13:27:10.994554 48882 thread.cpp:96] Thread 17829888 construct Actor kNormalForward 37391985279112
I1012 13:27:10.994642 48882 runtime_context.cpp:29] DecreaseCounter constructing_actor_cnt, current val is 22
I1012 13:27:10.995218 48882 naive_actor.cpp:25] actor 37391985279096 switch to &NaiveActor::HandlerNormal
I1012 13:27:10.995254 48882 thread.cpp:96] Thread 17829888 construct Actor kNormalForward 37391985279096
I1012 13:27:10.995302 48882 runtime_context.cpp:29] DecreaseCounter constructing_actor_cnt, current val is 21
I1012 13:27:10.995995 48882 naive_actor.cpp:25] actor 37391985279120 switch to &NaiveActor::HandlerNormal
I1012 13:27:10.996034 48882 thread.cpp:96] Thread 17829888 construct Actor kNormalForward 37391985279120
I1012 13:27:10.996085 48882 runtime_context.cpp:29] DecreaseCounter constructing_actor_cnt, current val is 20
I1012 13:27:10.996317 48882 naive_actor.cpp:25] actor 37391985279144 switch to &NaiveActor::HandlerNormal
I1012 13:27:10.996354 48882 thread.cpp:96] Thread 17829888 construct Actor kNormalForward 37391985279144
I1012 13:27:10.996397 48882 runtime_context.cpp:29] DecreaseCounter constructing_actor_cnt, current val is 19
I1012 13:27:10.997020 48882 naive_actor.cpp:25] actor 37391985279028 switch to &NaiveActor::HandlerNormal
I1012 13:27:10.997061 48882 thread.cpp:96] Thread 17829888 construct Actor kNormalForward 37391985279028
I1012 13:27:10.997109 48882 runtime_context.cpp:29] DecreaseCounter constructing_actor_cnt, current val is 18
I1012 13:27:10.997824 48882 naive_actor.cpp:25] actor 37391985279142 switch to &NaiveActor::HandlerNormal
I1012 13:27:10.997861 48882 thread.cpp:96] Thread 17829888 construct Actor kNormalForward 37391985279142
I1012 13:27:10.997911 48882 runtime_context.cpp:29] DecreaseCounter constructing_actor_cnt, current val is 17
I1012 13:27:10.998136 48882 naive_actor.cpp:25] actor 37391985279129 switch to &NaiveActor::HandlerNormal
I1012 13:27:10.998172 48882 thread.cpp:96] Thread 17829888 construct Actor kNormalForward 37391985279129
I1012 13:27:10.998226 48882 runtime_context.cpp:29] DecreaseCounter constructing_actor_cnt, current val is 16
I1012 13:27:10.998829 48882 naive_actor.cpp:25] actor 37391985279092 switch to &NaiveActor::HandlerNormal
I1012 13:27:10.998872 48882 thread.cpp:96] Thread 17829888 construct Actor kNormalForward 37391985279092
I1012 13:27:10.998924 48882 runtime_context.cpp:29] DecreaseCounter constructing_actor_cnt, current val is 15
I1012 13:27:10.999172 48882 naive_actor.cpp:25] actor 37391985279115 switch to &NaiveActor::HandlerNormal
I1012 13:27:10.999210 48882 thread.cpp:96] Thread 17829888 construct Actor kNormalForward 37391985279115
I1012 13:27:10.999255 48882 runtime_context.cpp:29] DecreaseCounter constructing_actor_cnt, current val is 14
I1012 13:27:10.999475 48882 naive_actor.cpp:25] actor 37391985279139 switch to &NaiveActor::HandlerNormal
I1012 13:27:10.999512 48882 thread.cpp:96] Thread 17829888 construct Actor kNormalForward 37391985279139
I1012 13:27:10.999557 48882 runtime_context.cpp:29] DecreaseCounter constructing_actor_cnt, current val is 13
I1012 13:27:11.000223 48882 naive_actor.cpp:25] actor 37391985279128 switch to &NaiveActor::HandlerNormal
I1012 13:27:11.000248 48882 thread.cpp:96] Thread 17829888 construct Actor kNormalForward 37391985279128
I1012 13:27:11.000298 48882 runtime_context.cpp:29] DecreaseCounter constructing_actor_cnt, current val is 12
I1012 13:27:11.000550 48882 naive_actor.cpp:25] actor 37391985279135 switch to &NaiveActor::HandlerNormal
I1012 13:27:11.000573 48882 thread.cpp:96] Thread 17829888 construct Actor kNormalForward 37391985279135
I1012 13:27:11.000631 48882 runtime_context.cpp:29] DecreaseCounter constructing_actor_cnt, current val is 11
I1012 13:27:11.000854 48882 naive_actor.cpp:25] actor 37391985279145 switch to &NaiveActor::HandlerNormal
I1012 13:27:11.000890 48882 thread.cpp:96] Thread 17829888 construct Actor kNormalForward 37391985279145
I1012 13:27:11.000943 48882 runtime_context.cpp:29] DecreaseCounter constructing_actor_cnt, current val is 10
I1012 13:27:11.001715 48882 naive_actor.cpp:25] actor 37391985279136 switch to &NaiveActor::HandlerNormal
I1012 13:27:11.001760 48882 thread.cpp:96] Thread 17829888 construct Actor kNormalForward 37391985279136
I1012 13:27:11.001822 48882 runtime_context.cpp:29] DecreaseCounter constructing_actor_cnt, current val is 9
I1012 13:27:11.002365 48882 naive_actor.cpp:25] actor 37391985279093 switch to &NaiveActor::HandlerNormal
I1012 13:27:11.002399 48882 thread.cpp:96] Thread 17829888 construct Actor kNormalForward 37391985279093
I1012 13:27:11.002456 48882 runtime_context.cpp:29] DecreaseCounter constructing_actor_cnt, current val is 8
I1012 13:27:11.002676 48882 naive_actor.cpp:25] actor 37391985279117 switch to &NaiveActor::HandlerNormal
I1012 13:27:11.002714 48882 thread.cpp:96] Thread 17829888 construct Actor kNormalForward 37391985279117
I1012 13:27:11.002768 48882 runtime_context.cpp:29] DecreaseCounter constructing_actor_cnt, current val is 7
I1012 13:27:11.003443 48882 naive_actor.cpp:25] actor 37391985279116 switch to &NaiveActor::HandlerNormal
I1012 13:27:11.003480 48882 thread.cpp:96] Thread 17829888 construct Actor kNormalForward 37391985279116
I1012 13:27:11.003558 48882 runtime_context.cpp:29] DecreaseCounter constructing_actor_cnt, current val is 6
I1012 13:27:11.004148 48882 naive_actor.cpp:25] actor 37391985279051 switch to &NaiveActor::HandlerNormal
I1012 13:27:11.004189 48882 thread.cpp:96] Thread 17829888 construct Actor kNormalForward 37391985279051
I1012 13:27:11.004237 48882 runtime_context.cpp:29] DecreaseCounter constructing_actor_cnt, current val is 5
I1012 13:27:11.004914 48882 naive_actor.cpp:25] actor 37391985279075 switch to &NaiveActor::HandlerNormal
I1012 13:27:11.004954 48882 thread.cpp:96] Thread 17829888 construct Actor kNormalForward 37391985279075
I1012 13:27:11.005017 48882 runtime_context.cpp:29] DecreaseCounter constructing_actor_cnt, current val is 4
I1012 13:27:11.005241 48882 naive_actor.cpp:25] actor 37391985279141 switch to &NaiveActor::HandlerNormal
I1012 13:27:11.005275 48882 thread.cpp:96] Thread 17829888 construct Actor kNormalForward 37391985279141
I1012 13:27:11.005319 48882 runtime_context.cpp:29] DecreaseCounter constructing_actor_cnt, current val is 3
I1012 13:27:11.005939 48882 naive_actor.cpp:25] actor 37391985279099 switch to &NaiveActor::HandlerNormal
I1012 13:27:11.005980 48882 thread.cpp:96] Thread 17829888 construct Actor kNormalForward 37391985279099
I1012 13:27:11.006042 48882 runtime_context.cpp:29] DecreaseCounter constructing_actor_cnt, current val is 2
I1012 13:27:11.006721 48882 naive_actor.cpp:25] actor 37391985279140 switch to &NaiveActor::HandlerNormal
I1012 13:27:11.006762 48882 thread.cpp:96] Thread 17829888 construct Actor kNormalForward 37391985279140
I1012 13:27:11.006814 48882 runtime_context.cpp:29] DecreaseCounter constructing_actor_cnt, current val is 1
I1012 13:27:11.007042 48882 naive_actor.cpp:25] actor 37391985279123 switch to &NaiveActor::HandlerNormal
I1012 13:27:11.007079 48882 thread.cpp:96] Thread 17829888 construct Actor kNormalForward 37391985279123
I1012 13:27:11.007139 48882 runtime_context.cpp:29] DecreaseCounter constructing_actor_cnt, current val is 0
I1012 13:27:11.007345 48325 runtime.cpp:93] Actors on this machine constructed
I1012 13:27:11.013278 48325 runtime.cpp:95] Actors on every machine constructed
I1012 13:27:11.013309 48325 runtime_context.cpp:21] NewCounter job_0_running_actor_count 210
I1012 13:27:11.013351 48325 global.h:43] DeleteGlobal N7oneflow7JobDescE
I1012 13:27:11.013394 48890 wait_and_send_ids_actor.cpp:73] actor 36283892105216 switch to &WaitAndSendIdsActor::HandlerNormal
I1012 13:27:23.830454 48890 actor.cpp:411] actor 36283892105216 switch to &Actor::HandlerZombie
I1012 13:27:23.830552 48891 actor.cpp:408] actor 36283890008066 switch to nullptr
I1012 13:27:23.830792 48890 thread.cpp:76] thread 17301508 deconstruct actor 36283892105216
I1012 13:27:23.830796 48891 thread.cpp:76] thread 17301507 deconstruct actor 36283890008066
I1012 13:27:23.831090 48891 runtime_context.cpp:29] DecreaseCounter job_0_running_actor_count, current val is 209
I1012 13:27:23.831101 48890 runtime_context.cpp:29] DecreaseCounter job_0_running_actor_count, current val is 208
I1012 13:27:23.831182 48891 actor.cpp:408] actor 36283890008065 switch to nullptr
I1012 13:27:23.831204 48891 thread.cpp:76] thread 17301507 deconstruct actor 36283890008065
I1012 13:27:23.831324 48891 runtime_context.cpp:29] DecreaseCounter job_0_running_actor_count, current val is 207
I1012 13:27:23.831353 48891 actor.cpp:411] actor 36283890008067 switch to &Actor::HandlerZombie
I1012 13:27:23.831554 48882 actor.cpp:411] actor 37391985279038 switch to &Actor::HandlerZombie
I1012 13:27:23.831576 48891 actor.cpp:408] actor 36283890008064 switch to nullptr
I1012 13:27:23.831640 48891 thread.cpp:76] thread 17301507 deconstruct actor 36283890008064
I1012 13:27:23.831647 48882 actor.cpp:411] actor 37391985279040 switch to &Actor::HandlerZombie
I1012 13:27:23.831707 48884 actor.cpp:408] actor 36283885813761 switch to nullptr
I1012 13:27:23.831887 48884 thread.cpp:76] thread 17301505 deconstruct actor 36283885813761
I1012 13:27:23.831660 48883 actor.cpp:408] actor 36283883716608 switch to nullptr
I1012 13:27:23.831741 48891 runtime_context.cpp:29] DecreaseCounter job_0_running_actor_count, current val is 206
I1012 13:27:23.831974 48883 thread.cpp:76] thread 17301504 deconstruct actor 36283883716608
I1012 13:27:23.831864 48882 actor.cpp:411] actor 37391985279039 switch to &Actor::HandlerZombie
I1012 13:27:23.831832 48888 actor.cpp:408] actor 37391987376132 switch to nullptr
I1012 13:27:23.832144 48884 runtime_context.cpp:29] DecreaseCounter job_0_running_actor_count, current val is 205
I1012 13:27:23.832172 48888 thread.cpp:76] thread 17829889 deconstruct actor 37391987376132
I1012 13:27:23.832193 48884 actor.cpp:408] actor 36283885813760 switch to nullptr
I1012 13:27:23.832216 48884 thread.cpp:76] thread 17301505 deconstruct actor 36283885813760
I1012 13:27:23.831996 48891 actor.cpp:408] actor 36283890008068 switch to nullptr
I1012 13:27:23.832124 48882 actor.cpp:408] actor 37391985279147 switch to nullptr
I1012 13:27:23.832252 48891 thread.cpp:76] thread 17301507 deconstruct actor 36283890008068
I1012 13:27:23.832278 48882 thread.cpp:76] thread 17829888 deconstruct actor 37391985279147
I1012 13:27:23.832306 48888 runtime_context.cpp:29] DecreaseCounter job_0_running_actor_count, current val is 204
I1012 13:27:23.832367 48888 actor.cpp:408] actor 37391987376128 switch to nullptr
I1012 13:27:23.832373 48891 runtime_context.cpp:29] DecreaseCounter job_0_running_actor_count, current val is 203
I1012 13:27:23.832402 48888 thread.cpp:76] thread 17829889 deconstruct actor 37391987376128
I1012 13:27:23.832419 48884 runtime_context.cpp:29] DecreaseCounter job_0_running_actor_count, current val is 202
I1012 13:27:23.832444 48891 actor.cpp:408] actor 36283890008069 switch to nullptr
I1012 13:27:23.832509 48891 thread.cpp:76] thread 17301507 deconstruct actor 36283890008069
I1012 13:27:23.832518 48888 runtime_context.cpp:29] DecreaseCounter job_0_running_actor_count, current val is 201
I1012 13:27:23.832537 48882 runtime_context.cpp:29] DecreaseCounter job_0_running_actor_count, current val is 200
I1012 13:27:23.832531 48889 actor.cpp:408] actor 36283894202368 switch to nullptr
I1012 13:27:23.832669 48882 actor.cpp:411] actor 37391985279148 switch to &Actor::HandlerZombie
I1012 13:27:23.832594 48891 runtime_context.cpp:29] DecreaseCounter job_0_running_actor_count, current val is 199
I1012 13:27:23.832684 48889 thread.cpp:76] thread 17301509 deconstruct actor 36283894202368
I1012 13:27:23.832710 48882 actor.cpp:411] actor 37391985279026 switch to &Actor::HandlerZombie
I1012 13:27:23.832726 48891 thread.cpp:76] thread 17301507 deconstruct actor 36283890008067
I1012 13:27:23.832787 48892 actor.cpp:408] actor 36283887910912 switch to nullptr
I1012 13:27:23.832828 48882 actor.cpp:411] actor 37391985279042 switch to &Actor::HandlerZombie
I1012 13:27:23.832851 48888 actor.cpp:408] actor 37391987376129 switch to nullptr
I1012 13:27:23.832926 48882 actor.cpp:408] actor 37391985279146 switch to nullptr
I1012 13:27:23.832890 48892 thread.cpp:76] thread 17301506 deconstruct actor 36283887910912
I1012 13:27:23.832870 48889 runtime_context.cpp:29] DecreaseCounter job_0_running_actor_count, current val is 198
I1012 13:27:23.832940 48888 thread.cpp:76] thread 17829889 deconstruct actor 37391987376129
I1012 13:27:23.832945 48891 runtime_context.cpp:29] DecreaseCounter job_0_running_actor_count, current val is 196
I1012 13:27:23.832980 48883 runtime_context.cpp:29] DecreaseCounter job_0_running_actor_count, current val is 197
I1012 13:27:23.833132 48886 actor.cpp:411] actor 37391991570446 switch to &Actor::HandlerZombie
I1012 13:27:23.833174 48888 runtime_context.cpp:29] DecreaseCounter job_0_running_actor_count, current val is 195
I1012 13:27:23.833171 48883 actor.cpp:408] actor 36283883716610 switch to nullptr
I1012 13:27:23.833235 48888 actor.cpp:408] actor 37391987376131 switch to nullptr
I1012 13:27:23.833199 48892 runtime_context.cpp:29] DecreaseCounter job_0_running_actor_count, current val is 194
I1012 13:27:23.833202 48886 actor.cpp:411] actor 37391991570445 switch to &Actor::HandlerZombie
I1012 13:27:23.833007 48882 thread.cpp:76] thread 17829888 deconstruct actor 37391985279146
I1012 13:27:23.833247 48883 thread.cpp:76] thread 17301504 deconstruct actor 36283883716610
I1012 13:27:23.833269 48888 thread.cpp:76] thread 17829889 deconstruct actor 37391987376131
I1012 13:27:23.833333 48886 actor.cpp:411] actor 37391991570439 switch to &Actor::HandlerZombie
I1012 13:27:23.833417 48886 actor.cpp:411] actor 37391991570432 switch to &Actor::HandlerZombie
I1012 13:27:23.833451 48886 actor.cpp:411] actor 37391991570448 switch to &Actor::HandlerZombie
I1012 13:27:23.833469 48886 actor.cpp:411] actor 37391991570436 switch to &Actor::HandlerZombie
I1012 13:27:23.833467 48888 runtime_context.cpp:29] DecreaseCounter job_0_running_actor_count, current val is 193
I1012 13:27:23.833489 48886 actor.cpp:411] actor 37391991570437 switch to &Actor::HandlerZombie
I1012 13:27:23.833526 48882 runtime_context.cpp:29] DecreaseCounter job_0_running_actor_count, current val is 192
I1012 13:27:23.833535 48886 actor.cpp:411] actor 37391991570438 switch to &Actor::HandlerZombie
I1012 13:27:23.833585 48886 actor.cpp:411] actor 37391991570449 switch to &Actor::HandlerZombie
I1012 13:27:23.833582 48882 actor.cpp:411] actor 37391985279028 switch to &Actor::HandlerZombie
I1012 13:27:23.833606 48886 actor.cpp:411] actor 37391991570434 switch to &Actor::HandlerZombie
I1012 13:27:23.833627 48883 runtime_context.cpp:29] DecreaseCounter job_0_running_actor_count, current val is 191
I1012 13:27:23.833635 48882 actor.cpp:408] actor 37391985279141 switch to nullptr
I1012 13:27:23.833686 48883 actor.cpp:408] actor 36283883716609 switch to nullptr
I1012 13:27:23.833645 48886 actor.cpp:411] actor 37391991570447 switch to &Actor::HandlerZombie
I1012 13:27:23.833699 48882 thread.cpp:76] thread 17829888 deconstruct actor 37391985279141
I1012 13:27:23.833771 48886 actor.cpp:411] actor 37391991570443 switch to &Actor::HandlerZombie
I1012 13:27:23.833714 48883 thread.cpp:76] thread 17301504 deconstruct actor 36283883716609
I1012 13:27:23.833709 48888 actor.cpp:408] actor 37391987376130 switch to nullptr
I1012 13:27:23.833803 48886 actor.cpp:411] actor 37391991570442 switch to &Actor::HandlerZombie
I1012 13:27:23.833856 48888 thread.cpp:76] thread 17829889 deconstruct actor 37391987376130
I1012 13:27:23.833901 48886 actor.cpp:411] actor 37391991570441 switch to &Actor::HandlerZombie
I1012 13:27:23.833945 48886 actor.cpp:411] actor 37391991570440 switch to &Actor::HandlerZombie
I1012 13:27:23.833963 48888 runtime_context.cpp:29] DecreaseCounter job_0_running_actor_count, current val is 189
I1012 13:27:23.833967 48886 actor.cpp:411] actor 37391991570444 switch to &Actor::HandlerZombie
I1012 13:27:23.833967 48882 runtime_context.cpp:29] DecreaseCounter job_0_running_actor_count, current val is 190
I1012 13:27:23.834013 48886 actor.cpp:411] actor 37391991570433 switch to &Actor::HandlerZombie
I1012 13:27:23.834048 48882 actor.cpp:408] actor 37391985279139 switch to nullptr
I1012 13:27:23.834055 48886 actor.cpp:411] actor 37391991570435 switch to &Actor::HandlerZombie
I1012 13:27:23.834074 48883 runtime_context.cpp:29] DecreaseCounter job_0_running_actor_count, current val is 188
I1012 13:27:23.834115 48882 thread.cpp:76] thread 17829888 deconstruct actor 37391985279139
I1012 13:27:23.834462 48882 runtime_context.cpp:29] DecreaseCounter job_0_running_actor_count, current val is 187
I1012 13:27:23.834509 48882 actor.cpp:408] actor 37391985279137 switch to nullptr
I1012 13:27:23.834529 48882 thread.cpp:76] thread 17829888 deconstruct actor 37391985279137
I1012 13:27:23.834671 48882 runtime_context.cpp:29] DecreaseCounter job_0_running_actor_count, current val is 186
I1012 13:27:23.834710 48882 actor.cpp:408] actor 37391985279135 switch to nullptr
I1012 13:27:23.834729 48882 thread.cpp:76] thread 17829888 deconstruct actor 37391985279135
I1012 13:27:23.834882 48882 runtime_context.cpp:29] DecreaseCounter job_0_running_actor_count, current val is 185
I1012 13:27:23.834921 48882 actor.cpp:408] actor 37391985279133 switch to nullptr
I1012 13:27:23.834939 48882 thread.cpp:76] thread 17829888 deconstruct actor 37391985279133
I1012 13:27:23.835072 48882 runtime_context.cpp:29] DecreaseCounter job_0_running_actor_count, current val is 184
I1012 13:27:23.835110 48882 actor.cpp:408] actor 37391985279131 switch to nullptr
I1012 13:27:23.835129 48882 thread.cpp:76] thread 17829888 deconstruct actor 37391985279131
I1012 13:27:23.835253 48882 runtime_context.cpp:29] DecreaseCounter job_0_running_actor_count, current val is 183
I1012 13:27:23.835292 48882 actor.cpp:408] actor 37391985279129 switch to nullptr
I1012 13:27:23.835310 48882 thread.cpp:76] thread 17829888 deconstruct actor 37391985279129
I1012 13:27:23.835458 48882 runtime_context.cpp:29] DecreaseCounter job_0_running_actor_count, current val is 182
I1012 13:27:23.835498 48882 actor.cpp:408] actor 37391985279127 switch to nullptr
I1012 13:27:23.835515 48882 thread.cpp:76] thread 17829888 deconstruct actor 37391985279127
I1012 13:27:23.835656 48882 runtime_context.cpp:29] DecreaseCounter job_0_running_actor_count, current val is 181
I1012 13:27:23.835695 48882 actor.cpp:408] actor 37391985279125 switch to nullptr
I1012 13:27:23.835711 48882 thread.cpp:76] thread 17829888 deconstruct actor 37391985279125
I1012 13:27:23.835847 48882 runtime_context.cpp:29] DecreaseCounter job_0_running_actor_count, current val is 180
I1012 13:27:23.835886 48882 actor.cpp:408] actor 37391985279123 switch to nullptr
I1012 13:27:23.835903 48882 thread.cpp:76] thread 17829888 deconstruct actor 37391985279123
I1012 13:27:23.836042 48882 runtime_context.cpp:29] DecreaseCounter job_0_running_actor_count, current val is 179
I1012 13:27:23.836081 48882 actor.cpp:408] actor 37391985279121 switch to nullptr
I1012 13:27:23.836098 48882 thread.cpp:76] thread 17829888 deconstruct actor 37391985279121
I1012 13:27:23.836222 48882 runtime_context.cpp:29] DecreaseCounter job_0_running_actor_count, current val is 178
I1012 13:27:23.836261 48882 actor.cpp:408] actor 37391985279113 switch to nullptr
I1012 13:27:23.836279 48882 thread.cpp:76] thread 17829888 deconstruct actor 37391985279113
I1012 13:27:23.836413 48882 runtime_context.cpp:29] DecreaseCounter job_0_running_actor_count, current val is 177
I1012 13:27:23.836462 48882 actor.cpp:408] actor 37391985279111 switch to nullptr
I1012 13:27:23.836479 48882 thread.cpp:76] thread 17829888 deconstruct actor 37391985279111
I1012 13:27:23.836616 48882 runtime_context.cpp:29] DecreaseCounter job_0_running_actor_count, current val is 176
I1012 13:27:23.836652 48882 actor.cpp:408] actor 37391985279119 switch to nullptr
I1012 13:27:23.836668 48882 thread.cpp:76] thread 17829888 deconstruct actor 37391985279119
I1012 13:27:23.836807 48882 runtime_context.cpp:29] DecreaseCounter job_0_running_actor_count, current val is 175
I1012 13:27:23.836848 48882 actor.cpp:408] actor 37391985279022 switch to nullptr
I1012 13:27:23.836866 48882 thread.cpp:76] thread 17829888 deconstruct actor 37391985279022
I1012 13:27:23.836998 48882 runtime_context.cpp:29] DecreaseCounter job_0_running_actor_count, current val is 174
I1012 13:27:23.837078 48882 actor.cpp:408] actor 37391985279117 switch to nullptr
I1012 13:27:23.837105 48882 thread.cpp:76] thread 17829888 deconstruct actor 37391985279117
I1012 13:27:23.837285 48882 runtime_context.cpp:29] DecreaseCounter job_0_running_actor_count, current val is 173
I1012 13:27:23.837330 48882 actor.cpp:408] actor 37391985279020 switch to nullptr
I1012 13:27:23.837349 48882 thread.cpp:76] thread 17829888 deconstruct actor 37391985279020
I1012 13:27:23.837505 48882 runtime_context.cpp:29] DecreaseCounter job_0_running_actor_count, current val is 172
I1012 13:27:23.837548 48882 actor.cpp:408] actor 37391985278992 switch to nullptr
I1012 13:27:23.837565 48882 thread.cpp:76] thread 17829888 deconstruct actor 37391985278992
I1012 13:27:23.837709 48882 runtime_context.cpp:29] DecreaseCounter job_0_running_actor_count, current val is 171
I1012 13:27:23.837749 48882 actor.cpp:408] actor 37391985278985 switch to nullptr
I1012 13:27:23.837767 48882 thread.cpp:76] thread 17829888 deconstruct actor 37391985278985
I1012 13:27:23.837903 48882 runtime_context.cpp:29] DecreaseCounter job_0_running_actor_count, current val is 170
I1012 13:27:23.837941 48882 actor.cpp:408] actor 37391985279115 switch to nullptr
I1012 13:27:23.837960 48882 thread.cpp:76] thread 17829888 deconstruct actor 37391985279115
I1012 13:27:23.838093 48882 runtime_context.cpp:29] DecreaseCounter job_0_running_actor_count, current val is 169
I1012 13:27:23.838129 48882 actor.cpp:408] actor 37391985278977 switch to nullptr
I1012 13:27:23.838148 48882 thread.cpp:76] thread 17829888 deconstruct actor 37391985278977
I1012 13:27:23.838289 48882 runtime_context.cpp:29] DecreaseCounter job_0_running_actor_count, current val is 168
I1012 13:27:23.838330 48882 actor.cpp:408] actor 37391985278990 switch to nullptr
I1012 13:27:23.838349 48882 thread.cpp:76] thread 17829888 deconstruct actor 37391985278990
I1012 13:27:23.838503 48882 runtime_context.cpp:29] DecreaseCounter job_0_running_actor_count, current val is 167
I1012 13:27:23.838543 48882 actor.cpp:408] actor 37391985278981 switch to nullptr
I1012 13:27:23.838562 48882 thread.cpp:76] thread 17829888 deconstruct actor 37391985278981
I1012 13:27:23.838740 48882 runtime_context.cpp:29] DecreaseCounter job_0_running_actor_count, current val is 166
I1012 13:27:23.838781 48882 actor.cpp:408] actor 37391985278987 switch to nullptr
I1012 13:27:23.838800 48882 thread.cpp:76] thread 17829888 deconstruct actor 37391985278987
I1012 13:27:23.838930 48882 runtime_context.cpp:29] DecreaseCounter job_0_running_actor_count, current val is 165
I1012 13:27:23.838966 48882 actor.cpp:408] actor 37391985278995 switch to nullptr
I1012 13:27:23.838984 48882 thread.cpp:76] thread 17829888 deconstruct actor 37391985278995
I1012 13:27:23.839104 48882 runtime_context.cpp:29] DecreaseCounter job_0_running_actor_count, current val is 164
I1012 13:27:23.839159 48882 actor.cpp:408] actor 37391985279000 switch to nullptr
I1012 13:27:23.839179 48882 thread.cpp:76] thread 17829888 deconstruct actor 37391985279000
I1012 13:27:23.839309 48882 runtime_context.cpp:29] DecreaseCounter job_0_running_actor_count, current val is 163
I1012 13:27:23.839350 48882 actor.cpp:408] actor 37391985279005 switch to nullptr
I1012 13:27:23.839372 48882 thread.cpp:76] thread 17829888 deconstruct actor 37391985279005
I1012 13:27:23.839522 48882 runtime_context.cpp:29] DecreaseCounter job_0_running_actor_count, current val is 162
I1012 13:27:23.839563 48882 actor.cpp:408] actor 37391985279007 switch to nullptr
I1012 13:27:23.839586 48882 thread.cpp:76] thread 17829888 deconstruct actor 37391985279007
I1012 13:27:23.839728 48882 runtime_context.cpp:29] DecreaseCounter job_0_running_actor_count, current val is 161
I1012 13:27:23.839766 48882 actor.cpp:408] actor 37391985279107 switch to nullptr
I1012 13:27:23.839785 48882 thread.cpp:76] thread 17829888 deconstruct actor 37391985279107
I1012 13:27:23.839922 48882 runtime_context.cpp:29] DecreaseCounter job_0_running_actor_count, current val is 160
I1012 13:27:23.840013 48882 actor.cpp:408] actor 37391985278997 switch to nullptr
I1012 13:27:23.840039 48882 thread.cpp:76] thread 17829888 deconstruct actor 37391985278997
I1012 13:27:23.840219 48882 runtime_context.cpp:29] DecreaseCounter job_0_running_actor_count, current val is 159
I1012 13:27:23.840263 48882 actor.cpp:408] actor 37391985279010 switch to nullptr
I1012 13:27:23.840282 48882 thread.cpp:76] thread 17829888 deconstruct actor 37391985279010
I1012 13:27:23.840435 48882 runtime_context.cpp:29] DecreaseCounter job_0_running_actor_count, current val is 158
I1012 13:27:23.840478 48882 actor.cpp:408] actor 37391985279109 switch to nullptr
I1012 13:27:23.840497 48882 thread.cpp:76] thread 17829888 deconstruct actor 37391985279109
I1012 13:27:23.840631 48882 runtime_context.cpp:29] DecreaseCounter job_0_running_actor_count, current val is 157
I1012 13:27:23.840670 48882 actor.cpp:408] actor 37391985279012 switch to nullptr
I1012 13:27:23.840687 48882 thread.cpp:76] thread 17829888 deconstruct actor 37391985279012
I1012 13:27:23.840816 48882 runtime_context.cpp:29] DecreaseCounter job_0_running_actor_count, current val is 156
I1012 13:27:23.840874 48882 actor.cpp:408] actor 37391985279002 switch to nullptr
I1012 13:27:23.840910 48882 thread.cpp:76] thread 17829888 deconstruct actor 37391985279002
I1012 13:27:23.841051 48882 runtime_context.cpp:29] DecreaseCounter job_0_running_actor_count, current val is 155
I1012 13:27:23.841091 48882 actor.cpp:408] actor 37391985279015 switch to nullptr
I1012 13:27:23.841109 48882 thread.cpp:76] thread 17829888 deconstruct actor 37391985279015
I1012 13:27:23.841239 48882 runtime_context.cpp:29] DecreaseCounter job_0_running_actor_count, current val is 154
I1012 13:27:23.841280 48882 actor.cpp:408] actor 37391985279017 switch to nullptr
I1012 13:27:23.841300 48882 thread.cpp:76] thread 17829888 deconstruct actor 37391985279017
I1012 13:27:23.841446 48882 runtime_context.cpp:29] DecreaseCounter job_0_running_actor_count, current val is 153
I1012 13:27:23.841490 48882 actor.cpp:411] actor 37391985278976 switch to &Actor::HandlerZombie
I1012 13:27:23.841572 48882 actor.cpp:411] actor 37391985279030 switch to &Actor::HandlerZombie
I1012 13:27:23.841604 48882 actor.cpp:411] actor 37391985279027 switch to &Actor::HandlerZombie
I1012 13:27:23.841631 48882 actor.cpp:411] actor 37391985279043 switch to &Actor::HandlerZombie
I1012 13:27:23.841655 48882 actor.cpp:408] actor 37391985279143 switch to nullptr
I1012 13:27:23.841696 48882 thread.cpp:76] thread 17829888 deconstruct actor 37391985279143
I1012 13:27:23.841840 48882 runtime_context.cpp:29] DecreaseCounter job_0_running_actor_count, current val is 152
I1012 13:27:23.841863 48882 thread.cpp:76] thread 17829888 deconstruct actor 37391985278976
I1012 13:27:23.842092 48882 runtime_context.cpp:29] DecreaseCounter job_0_running_actor_count, current val is 151
I1012 13:27:23.842134 48882 actor.cpp:411] actor 37391985279057 switch to &Actor::HandlerZombie
I1012 13:27:23.842161 48882 actor.cpp:411] actor 37391985278978 switch to &Actor::HandlerZombie
I1012 13:27:23.842175 48886 thread.cpp:76] thread 17829891 deconstruct actor 37391991570447
I1012 13:27:23.842213 48882 actor.cpp:411] actor 37391985279103 switch to &Actor::HandlerZombie
I1012 13:27:23.842254 48882 actor.cpp:411] actor 37391985279102 switch to &Actor::HandlerZombie
I1012 13:27:23.842280 48882 actor.cpp:411] actor 37391985279145 switch to &Actor::HandlerZombie
I1012 13:27:23.842305 48882 actor.cpp:411] actor 37391985279096 switch to &Actor::HandlerZombie
I1012 13:27:23.842309 48886 runtime_context.cpp:29] DecreaseCounter job_0_running_actor_count, current val is 150
I1012 13:27:23.842334 48882 actor.cpp:411] actor 37391985279089 switch to &Actor::HandlerZombie
I1012 13:27:23.842373 48882 actor.cpp:411] actor 37391985279093 switch to &Actor::HandlerZombie
I1012 13:27:23.842397 48882 actor.cpp:411] actor 37391985279094 switch to &Actor::HandlerZombie
I1012 13:27:23.842422 48882 actor.cpp:411] actor 37391985279105 switch to &Actor::HandlerZombie
I1012 13:27:23.842459 48882 actor.cpp:411] actor 37391985279095 switch to &Actor::HandlerZombie
I1012 13:27:23.842526 48882 actor.cpp:411] actor 37391985279029 switch to &Actor::HandlerZombie
I1012 13:27:23.842592 48882 actor.cpp:411] actor 37391985279106 switch to &Actor::HandlerZombie
I1012 13:27:23.842622 48882 actor.cpp:411] actor 37391985278982 switch to &Actor::HandlerZombie
I1012 13:27:23.842648 48882 actor.cpp:411] actor 37391985279091 switch to &Actor::HandlerZombie
I1012 13:27:23.842671 48882 actor.cpp:411] actor 37391985279142 switch to &Actor::HandlerZombie
I1012 13:27:23.842696 48882 actor.cpp:411] actor 37391985279104 switch to &Actor::HandlerZombie
I1012 13:27:23.842722 48882 actor.cpp:411] actor 37391985279144 switch to &Actor::HandlerZombie
I1012 13:27:23.842748 48882 actor.cpp:411] actor 37391985279100 switch to &Actor::HandlerZombie
I1012 13:27:23.842772 48882 actor.cpp:411] actor 37391985279099 switch to &Actor::HandlerZombie
I1012 13:27:23.842793 48882 actor.cpp:411] actor 37391985279098 switch to &Actor::HandlerZombie
I1012 13:27:23.842819 48882 actor.cpp:411] actor 37391985279097 switch to &Actor::HandlerZombie
I1012 13:27:23.842841 48882 actor.cpp:411] actor 37391985279101 switch to &Actor::HandlerZombie
I1012 13:27:23.842869 48882 actor.cpp:411] actor 37391985279090 switch to &Actor::HandlerZombie
I1012 13:27:23.842890 48882 actor.cpp:411] actor 37391985279092 switch to &Actor::HandlerZombie
I1012 13:27:23.842914 48882 actor.cpp:411] actor 37391985279140 switch to &Actor::HandlerZombie
I1012 13:27:23.842958 48882 actor.cpp:411] actor 37391985279138 switch to &Actor::HandlerZombie
I1012 13:27:23.842985 48882 actor.cpp:411] actor 37391985279136 switch to &Actor::HandlerZombie
I1012 13:27:23.843014 48882 actor.cpp:411] actor 37391985279134 switch to &Actor::HandlerZombie
I1012 13:27:23.843040 48882 actor.cpp:411] actor 37391985279132 switch to &Actor::HandlerZombie
I1012 13:27:23.843065 48882 actor.cpp:411] actor 37391985279130 switch to &Actor::HandlerZombie
I1012 13:27:23.843088 48882 actor.cpp:411] actor 37391985279128 switch to &Actor::HandlerZombie
I1012 13:27:23.843111 48882 actor.cpp:411] actor 37391985279126 switch to &Actor::HandlerZombie
I1012 13:27:23.843137 48882 actor.cpp:411] actor 37391985279124 switch to &Actor::HandlerZombie
I1012 13:27:23.843161 48882 actor.cpp:411] actor 37391985279122 switch to &Actor::HandlerZombie
I1012 13:27:23.843186 48882 actor.cpp:411] actor 37391985279114 switch to &Actor::HandlerZombie
I1012 13:27:23.843209 48882 actor.cpp:411] actor 37391985279112 switch to &Actor::HandlerZombie
I1012 13:27:23.843233 48882 actor.cpp:411] actor 37391985279120 switch to &Actor::HandlerZombie
I1012 13:27:23.843250 48882 thread.cpp:76] thread 17829888 deconstruct actor 37391985279100
I1012 13:27:23.843518 48882 runtime_context.cpp:29] DecreaseCounter job_0_running_actor_count, current val is 149
I1012 13:27:23.843561 48882 actor.cpp:411] actor 37391985279023 switch to &Actor::HandlerZombie
I1012 13:27:23.843596 48882 actor.cpp:411] actor 37391985279053 switch to &Actor::HandlerZombie
I1012 13:27:23.843623 48882 actor.cpp:411] actor 37391985279118 switch to &Actor::HandlerZombie
I1012 13:27:23.843641 48882 thread.cpp:76] thread 17829888 deconstruct actor 37391985279097
I1012 13:27:23.843647 48886 thread.cpp:76] thread 17829891 deconstruct actor 37391991570443
I1012 13:27:23.843791 48886 runtime_context.cpp:29] DecreaseCounter job_0_running_actor_count, current val is 148
I1012 13:27:23.843894 48882 runtime_context.cpp:29] DecreaseCounter job_0_running_actor_count, current val is 147
I1012 13:27:23.843936 48882 actor.cpp:411] actor 37391985279021 switch to &Actor::HandlerZombie
I1012 13:27:23.843974 48882 actor.cpp:411] actor 37391985279055 switch to &Actor::HandlerZombie
I1012 13:27:23.844002 48882 actor.cpp:411] actor 37391985278993 switch to &Actor::HandlerZombie
I1012 13:27:23.844017 48882 thread.cpp:76] thread 17829888 deconstruct actor 37391985279090
I1012 13:27:23.844247 48882 runtime_context.cpp:29] DecreaseCounter job_0_running_actor_count, current val is 146
I1012 13:27:23.844295 48882 actor.cpp:411] actor 37391985279079 switch to &Actor::HandlerZombie
I1012 13:27:23.844331 48886 thread.cpp:76] thread 17829891 deconstruct actor 37391991570433
I1012 13:27:23.844377 48882 actor.cpp:411] actor 37391985278986 switch to &Actor::HandlerZombie
I1012 13:27:23.844470 48882 thread.cpp:76] thread 17829888 deconstruct actor 37391985279093
I1012 13:27:23.844475 48886 runtime_context.cpp:29] DecreaseCounter job_0_running_actor_count, current val is 145
I1012 13:27:23.844729 48882 runtime_context.cpp:29] DecreaseCounter job_0_running_actor_count, current val is 144
I1012 13:27:23.844777 48882 actor.cpp:411] actor 37391985279084 switch to &Actor::HandlerZombie
I1012 13:27:23.844807 48882 actor.cpp:411] actor 37391985279116 switch to &Actor::HandlerZombie
I1012 13:27:23.844833 48882 actor.cpp:411] actor 37391985279108 switch to &Actor::HandlerZombie
I1012 13:27:23.844848 48882 thread.cpp:76] thread 17829888 deconstruct actor 37391985279104
I1012 13:27:23.845067 48882 runtime_context.cpp:29] DecreaseCounter job_0_running_actor_count, current val is 143
I1012 13:27:23.845108 48882 actor.cpp:411] actor 37391985278991 switch to &Actor::HandlerZombie
I1012 13:27:23.845124 48882 thread.cpp:76] thread 17829888 deconstruct actor 37391985279096
I1012 13:27:23.845348 48882 runtime_context.cpp:29] DecreaseCounter job_0_running_actor_count, current val is 142
I1012 13:27:23.845392 48882 actor.cpp:411] actor 37391985279080 switch to &Actor::HandlerZombie
I1012 13:27:23.845422 48882 actor.cpp:411] actor 37391985279110 switch to &Actor::HandlerZombie
I1012 13:27:23.845448 48882 thread.cpp:76] thread 17829888 deconstruct actor 37391985279103
