I1012 12:47:27.111795 35524 runtime_context.cpp:29] DecreaseCounter constructing_actor_cnt, current val is 53
I1012 12:47:27.112354 35524 naive_actor.cpp:25] actor 2199023255680 switch to &NaiveActor::HandlerNormal
I1012 12:47:27.112382 35524 thread.cpp:96] Thread 1048576 construct Actor kNormalForward 2199023255680
I1012 12:47:27.112438 35524 runtime_context.cpp:29] DecreaseCounter constructing_actor_cnt, current val is 52
I1012 12:47:27.112999 35524 naive_actor.cpp:25] actor 2199023255681 switch to &NaiveActor::HandlerNormal
I1012 12:47:27.113027 35524 thread.cpp:96] Thread 1048576 construct Actor kNormalForward 2199023255681
I1012 12:47:27.113075 35524 runtime_context.cpp:29] DecreaseCounter constructing_actor_cnt, current val is 51
I1012 12:47:27.113657 35524 naive_actor.cpp:25] actor 2199023255640 switch to &NaiveActor::HandlerNormal
I1012 12:47:27.113683 35524 thread.cpp:96] Thread 1048576 construct Actor kNormalForward 2199023255640
I1012 12:47:27.113731 35524 runtime_context.cpp:29] DecreaseCounter constructing_actor_cnt, current val is 50
I1012 12:47:27.114354 35524 naive_actor.cpp:25] actor 2199023255647 switch to &NaiveActor::HandlerNormal
I1012 12:47:27.114382 35524 thread.cpp:96] Thread 1048576 construct Actor kNormalForward 2199023255647
I1012 12:47:27.114439 35524 runtime_context.cpp:29] DecreaseCounter constructing_actor_cnt, current val is 49
I1012 12:47:27.114974 35524 naive_actor.cpp:25] actor 2199023255650 switch to &NaiveActor::HandlerNormal
I1012 12:47:27.115001 35524 thread.cpp:96] Thread 1048576 construct Actor kNormalForward 2199023255650
I1012 12:47:27.115046 35524 runtime_context.cpp:29] DecreaseCounter constructing_actor_cnt, current val is 48
I1012 12:47:27.115641 35524 naive_actor.cpp:25] actor 2199023255639 switch to &NaiveActor::HandlerNormal
I1012 12:47:27.115666 35524 thread.cpp:96] Thread 1048576 construct Actor kNormalForward 2199023255639
I1012 12:47:27.115715 35524 runtime_context.cpp:29] DecreaseCounter constructing_actor_cnt, current val is 47
I1012 12:47:27.116312 35524 naive_actor.cpp:25] actor 2199023255643 switch to &NaiveActor::HandlerNormal
I1012 12:47:27.116338 35524 thread.cpp:96] Thread 1048576 construct Actor kNormalForward 2199023255643
I1012 12:47:27.116386 35524 runtime_context.cpp:29] DecreaseCounter constructing_actor_cnt, current val is 46
I1012 12:47:27.116974 35524 naive_actor.cpp:25] actor 2199023255670 switch to &NaiveActor::HandlerNormal
I1012 12:47:27.117002 35524 thread.cpp:96] Thread 1048576 construct Actor kNormalForward 2199023255670
I1012 12:47:27.117048 35524 runtime_context.cpp:29] DecreaseCounter constructing_actor_cnt, current val is 45
I1012 12:47:27.117659 35524 naive_actor.cpp:25] actor 2199023255651 switch to &NaiveActor::HandlerNormal
I1012 12:47:27.117686 35524 thread.cpp:96] Thread 1048576 construct Actor kNormalForward 2199023255651
I1012 12:47:27.117734 35524 runtime_context.cpp:29] DecreaseCounter constructing_actor_cnt, current val is 44
I1012 12:47:27.118284 35524 naive_actor.cpp:25] actor 2199023255645 switch to &NaiveActor::HandlerNormal
I1012 12:47:27.118311 35524 thread.cpp:96] Thread 1048576 construct Actor kNormalForward 2199023255645
I1012 12:47:27.118357 35524 runtime_context.cpp:29] DecreaseCounter constructing_actor_cnt, current val is 43
I1012 12:47:27.118906 35524 naive_actor.cpp:25] actor 2199023255653 switch to &NaiveActor::HandlerNormal
I1012 12:47:27.118994 35524 thread.cpp:96] Thread 1048576 construct Actor kNormalForward 2199023255653
I1012 12:47:27.119051 35524 runtime_context.cpp:29] DecreaseCounter constructing_actor_cnt, current val is 42
I1012 12:47:27.119601 35524 naive_actor.cpp:25] actor 2199023255673 switch to &NaiveActor::HandlerNormal
I1012 12:47:27.119648 35524 thread.cpp:96] Thread 1048576 construct Actor kNormalForward 2199023255673
I1012 12:47:27.119699 35524 runtime_context.cpp:29] DecreaseCounter constructing_actor_cnt, current val is 41
I1012 12:47:27.120299 35524 naive_actor.cpp:25] actor 2199023255660 switch to &NaiveActor::HandlerNormal
I1012 12:47:27.120326 35524 thread.cpp:96] Thread 1048576 construct Actor kNormalForward 2199023255660
I1012 12:47:27.120371 35524 runtime_context.cpp:29] DecreaseCounter constructing_actor_cnt, current val is 40
I1012 12:47:27.120913 35524 naive_actor.cpp:25] actor 2199023255638 switch to &NaiveActor::HandlerNormal
I1012 12:47:27.120939 35524 thread.cpp:96] Thread 1048576 construct Actor kNormalForward 2199023255638
I1012 12:47:27.120985 35524 runtime_context.cpp:29] DecreaseCounter constructing_actor_cnt, current val is 39
I1012 12:47:27.121603 35524 naive_actor.cpp:25] actor 2199023255655 switch to &NaiveActor::HandlerNormal
I1012 12:47:27.121631 35524 thread.cpp:96] Thread 1048576 construct Actor kNormalForward 2199023255655
I1012 12:47:27.121680 35524 runtime_context.cpp:29] DecreaseCounter constructing_actor_cnt, current val is 38
I1012 12:47:27.121897 35524 naive_actor.cpp:25] actor 2199023255719 switch to &NaiveActor::HandlerNormal
I1012 12:47:27.121922 35524 thread.cpp:96] Thread 1048576 construct Actor kNormalForward 2199023255719
I1012 12:47:27.121959 35524 runtime_context.cpp:29] DecreaseCounter constructing_actor_cnt, current val is 37
I1012 12:47:27.122603 35524 naive_actor.cpp:25] actor 2199023255690 switch to &NaiveActor::HandlerNormal
I1012 12:47:27.122629 35524 thread.cpp:96] Thread 1048576 construct Actor kNormalForward 2199023255690
I1012 12:47:27.122678 35524 runtime_context.cpp:29] DecreaseCounter constructing_actor_cnt, current val is 36
I1012 12:47:27.123281 35524 naive_actor.cpp:25] actor 2199023255669 switch to &NaiveActor::HandlerNormal
I1012 12:47:27.123311 35524 thread.cpp:96] Thread 1048576 construct Actor kNormalForward 2199023255669
I1012 12:47:27.123358 35524 runtime_context.cpp:29] DecreaseCounter constructing_actor_cnt, current val is 35
I1012 12:47:27.123908 35524 naive_actor.cpp:25] actor 2199023255674 switch to &NaiveActor::HandlerNormal
I1012 12:47:27.123934 35524 thread.cpp:96] Thread 1048576 construct Actor kNormalForward 2199023255674
I1012 12:47:27.123978 35524 runtime_context.cpp:29] DecreaseCounter constructing_actor_cnt, current val is 34
I1012 12:47:27.124605 35524 naive_actor.cpp:25] actor 2199023255712 switch to &NaiveActor::HandlerNormal
I1012 12:47:27.124631 35524 thread.cpp:96] Thread 1048576 construct Actor kNormalForward 2199023255712
I1012 12:47:27.124677 35524 runtime_context.cpp:29] DecreaseCounter constructing_actor_cnt, current val is 33
I1012 12:47:27.124888 35524 naive_actor.cpp:25] actor 2199023255715 switch to &NaiveActor::HandlerNormal
I1012 12:47:27.124912 35524 thread.cpp:96] Thread 1048576 construct Actor kNormalForward 2199023255715
I1012 12:47:27.124972 35524 runtime_context.cpp:29] DecreaseCounter constructing_actor_cnt, current val is 32
I1012 12:47:27.125573 35524 naive_actor.cpp:25] actor 2199023255714 switch to &NaiveActor::HandlerNormal
I1012 12:47:27.125598 35524 thread.cpp:96] Thread 1048576 construct Actor kNormalForward 2199023255714
I1012 12:47:27.125643 35524 runtime_context.cpp:29] DecreaseCounter constructing_actor_cnt, current val is 31
I1012 12:47:27.126302 35524 naive_actor.cpp:25] actor 2199023255716 switch to &NaiveActor::HandlerNormal
I1012 12:47:27.126328 35524 thread.cpp:96] Thread 1048576 construct Actor kNormalForward 2199023255716
I1012 12:47:27.126374 35524 runtime_context.cpp:29] DecreaseCounter constructing_actor_cnt, current val is 30
I1012 12:47:27.126937 35524 naive_actor.cpp:25] actor 2199023255656 switch to &NaiveActor::HandlerNormal
I1012 12:47:27.127012 35524 thread.cpp:96] Thread 1048576 construct Actor kNormalForward 2199023255656
I1012 12:47:27.127061 35524 runtime_context.cpp:29] DecreaseCounter constructing_actor_cnt, current val is 29
I1012 12:47:27.127287 35524 naive_actor.cpp:25] actor 2199023255705 switch to &NaiveActor::HandlerNormal
I1012 12:47:27.127311 35524 thread.cpp:96] Thread 1048576 construct Actor kNormalForward 2199023255705
I1012 12:47:27.127351 35524 runtime_context.cpp:29] DecreaseCounter constructing_actor_cnt, current val is 28
I1012 12:47:27.127938 35524 naive_actor.cpp:25] actor 2199023255684 switch to &NaiveActor::HandlerNormal
I1012 12:47:27.127964 35524 thread.cpp:96] Thread 1048576 construct Actor kNormalForward 2199023255684
I1012 12:47:27.128010 35524 runtime_context.cpp:29] DecreaseCounter constructing_actor_cnt, current val is 27
I1012 12:47:27.128612 35524 naive_actor.cpp:25] actor 2199023255706 switch to &NaiveActor::HandlerNormal
I1012 12:47:27.128638 35524 thread.cpp:96] Thread 1048576 construct Actor kNormalForward 2199023255706
I1012 12:47:27.128684 35524 runtime_context.cpp:29] DecreaseCounter constructing_actor_cnt, current val is 26
I1012 12:47:27.129314 35524 naive_actor.cpp:25] actor 2199023255702 switch to &NaiveActor::HandlerNormal
I1012 12:47:27.129339 35524 thread.cpp:96] Thread 1048576 construct Actor kNormalForward 2199023255702
I1012 12:47:27.129384 35524 runtime_context.cpp:29] DecreaseCounter constructing_actor_cnt, current val is 25
I1012 12:47:27.129602 35524 naive_actor.cpp:25] actor 2199023255697 switch to &NaiveActor::HandlerNormal
I1012 12:47:27.129626 35524 thread.cpp:96] Thread 1048576 construct Actor kNormalForward 2199023255697
I1012 12:47:27.129665 35524 runtime_context.cpp:29] DecreaseCounter constructing_actor_cnt, current val is 24
I1012 12:47:27.130264 35524 naive_actor.cpp:25] actor 2199023255710 switch to &NaiveActor::HandlerNormal
I1012 12:47:27.130288 35524 thread.cpp:96] Thread 1048576 construct Actor kNormalForward 2199023255710
I1012 12:47:27.130333 35524 runtime_context.cpp:29] DecreaseCounter constructing_actor_cnt, current val is 23
I1012 12:47:27.130548 35524 naive_actor.cpp:25] actor 2199023255689 switch to &NaiveActor::HandlerNormal
I1012 12:47:27.130571 35524 thread.cpp:96] Thread 1048576 construct Actor kNormalForward 2199023255689
I1012 12:47:27.130610 35524 runtime_context.cpp:29] DecreaseCounter constructing_actor_cnt, current val is 22
I1012 12:47:27.130811 35524 naive_actor.cpp:25] actor 2199023255709 switch to &NaiveActor::HandlerNormal
I1012 12:47:27.130834 35524 thread.cpp:96] Thread 1048576 construct Actor kNormalForward 2199023255709
I1012 12:47:27.130872 35524 runtime_context.cpp:29] DecreaseCounter constructing_actor_cnt, current val is 21
I1012 12:47:27.131475 35524 naive_actor.cpp:25] actor 2199023255694 switch to &NaiveActor::HandlerNormal
I1012 12:47:27.131500 35524 thread.cpp:96] Thread 1048576 construct Actor kNormalForward 2199023255694
I1012 12:47:27.131546 35524 runtime_context.cpp:29] DecreaseCounter constructing_actor_cnt, current val is 20
I1012 12:47:27.131750 35524 naive_actor.cpp:25] actor 2199023255711 switch to &NaiveActor::HandlerNormal
I1012 12:47:27.131773 35524 thread.cpp:96] Thread 1048576 construct Actor kNormalForward 2199023255711
I1012 12:47:27.131812 35524 runtime_context.cpp:29] DecreaseCounter constructing_actor_cnt, current val is 19
I1012 12:47:27.132006 35524 naive_actor.cpp:25] actor 2199023255713 switch to &NaiveActor::HandlerNormal
I1012 12:47:27.132028 35524 thread.cpp:96] Thread 1048576 construct Actor kNormalForward 2199023255713
I1012 12:47:27.132066 35524 runtime_context.cpp:29] DecreaseCounter constructing_actor_cnt, current val is 18
I1012 12:47:27.132259 35524 naive_actor.cpp:25] actor 2199023255707 switch to &NaiveActor::HandlerNormal
I1012 12:47:27.132282 35524 thread.cpp:96] Thread 1048576 construct Actor kNormalForward 2199023255707
I1012 12:47:27.132320 35524 runtime_context.cpp:29] DecreaseCounter constructing_actor_cnt, current val is 17
I1012 12:47:27.133003 35524 naive_actor.cpp:25] actor 2199023255696 switch to &NaiveActor::HandlerNormal
I1012 12:47:27.133080 35524 thread.cpp:96] Thread 1048576 construct Actor kNormalForward 2199023255696
I1012 12:47:27.133128 35524 runtime_context.cpp:29] DecreaseCounter constructing_actor_cnt, current val is 16
I1012 12:47:27.133740 35524 naive_actor.cpp:25] actor 2199023255688 switch to &NaiveActor::HandlerNormal
I1012 12:47:27.133765 35524 thread.cpp:96] Thread 1048576 construct Actor kNormalForward 2199023255688
I1012 12:47:27.133810 35524 runtime_context.cpp:29] DecreaseCounter constructing_actor_cnt, current val is 15
I1012 12:47:27.134021 35524 naive_actor.cpp:25] actor 2199023255695 switch to &NaiveActor::HandlerNormal
I1012 12:47:27.134044 35524 thread.cpp:96] Thread 1048576 construct Actor kNormalForward 2199023255695
I1012 12:47:27.134083 35524 runtime_context.cpp:29] DecreaseCounter constructing_actor_cnt, current val is 14
I1012 12:47:27.134667 35524 naive_actor.cpp:25] actor 2199023255698 switch to &NaiveActor::HandlerNormal
I1012 12:47:27.134691 35524 thread.cpp:96] Thread 1048576 construct Actor kNormalForward 2199023255698
I1012 12:47:27.134735 35524 runtime_context.cpp:29] DecreaseCounter constructing_actor_cnt, current val is 13
I1012 12:47:27.134935 35524 naive_actor.cpp:25] actor 2199023255687 switch to &NaiveActor::HandlerNormal
I1012 12:47:27.134958 35524 thread.cpp:96] Thread 1048576 construct Actor kNormalForward 2199023255687
I1012 12:47:27.134995 35524 runtime_context.cpp:29] DecreaseCounter constructing_actor_cnt, current val is 12
I1012 12:47:27.135185 35524 naive_actor.cpp:25] actor 2199023255691 switch to &NaiveActor::HandlerNormal
I1012 12:47:27.135207 35524 thread.cpp:96] Thread 1048576 construct Actor kNormalForward 2199023255691
I1012 12:47:27.135244 35524 runtime_context.cpp:29] DecreaseCounter constructing_actor_cnt, current val is 11
I1012 12:47:27.135828 35524 naive_actor.cpp:25] actor 2199023255718 switch to &NaiveActor::HandlerNormal
I1012 12:47:27.135852 35524 thread.cpp:96] Thread 1048576 construct Actor kNormalForward 2199023255718
I1012 12:47:27.135896 35524 runtime_context.cpp:29] DecreaseCounter constructing_actor_cnt, current val is 10
I1012 12:47:27.136096 35524 naive_actor.cpp:25] actor 2199023255699 switch to &NaiveActor::HandlerNormal
I1012 12:47:27.136118 35524 thread.cpp:96] Thread 1048576 construct Actor kNormalForward 2199023255699
I1012 12:47:27.136155 35524 runtime_context.cpp:29] DecreaseCounter constructing_actor_cnt, current val is 9
I1012 12:47:27.136341 35524 naive_actor.cpp:25] actor 2199023255693 switch to &NaiveActor::HandlerNormal
I1012 12:47:27.136364 35524 thread.cpp:96] Thread 1048576 construct Actor kNormalForward 2199023255693
I1012 12:47:27.136401 35524 runtime_context.cpp:29] DecreaseCounter constructing_actor_cnt, current val is 8
I1012 12:47:27.136593 35524 naive_actor.cpp:25] actor 2199023255701 switch to &NaiveActor::HandlerNormal
I1012 12:47:27.136616 35524 thread.cpp:96] Thread 1048576 construct Actor kNormalForward 2199023255701
I1012 12:47:27.136652 35524 runtime_context.cpp:29] DecreaseCounter constructing_actor_cnt, current val is 7
I1012 12:47:27.136850 35524 naive_actor.cpp:25] actor 2199023255721 switch to &NaiveActor::HandlerNormal
I1012 12:47:27.136873 35524 thread.cpp:96] Thread 1048576 construct Actor kNormalForward 2199023255721
I1012 12:47:27.136935 35524 runtime_context.cpp:29] DecreaseCounter constructing_actor_cnt, current val is 6
I1012 12:47:27.137531 35524 naive_actor.cpp:25] actor 2199023255708 switch to &NaiveActor::HandlerNormal
I1012 12:47:27.137555 35524 thread.cpp:96] Thread 1048576 construct Actor kNormalForward 2199023255708
I1012 12:47:27.137598 35524 runtime_context.cpp:29] DecreaseCounter constructing_actor_cnt, current val is 5
I1012 12:47:27.138234 35524 naive_actor.cpp:25] actor 2199023255686 switch to &NaiveActor::HandlerNormal
I1012 12:47:27.138258 35524 thread.cpp:96] Thread 1048576 construct Actor kNormalForward 2199023255686
I1012 12:47:27.138301 35524 runtime_context.cpp:29] DecreaseCounter constructing_actor_cnt, current val is 4
I1012 12:47:27.138545 35524 naive_actor.cpp:25] actor 2199023255703 switch to &NaiveActor::HandlerNormal
I1012 12:47:27.138587 35524 thread.cpp:96] Thread 1048576 construct Actor kNormalForward 2199023255703
I1012 12:47:27.138629 35524 runtime_context.cpp:29] DecreaseCounter constructing_actor_cnt, current val is 3
I1012 12:47:27.138819 35524 naive_actor.cpp:25] actor 2199023255717 switch to &NaiveActor::HandlerNormal
I1012 12:47:27.138842 35524 thread.cpp:96] Thread 1048576 construct Actor kNormalForward 2199023255717
I1012 12:47:27.138880 35524 runtime_context.cpp:29] DecreaseCounter constructing_actor_cnt, current val is 2
I1012 12:47:27.139071 35524 naive_actor.cpp:25] actor 2199023255722 switch to &NaiveActor::HandlerNormal
I1012 12:47:27.139093 35524 thread.cpp:96] Thread 1048576 construct Actor kNormalForward 2199023255722
I1012 12:47:27.139129 35524 runtime_context.cpp:29] DecreaseCounter constructing_actor_cnt, current val is 1
I1012 12:47:27.139753 35524 naive_actor.cpp:25] actor 2199023255704 switch to &NaiveActor::HandlerNormal
I1012 12:47:27.139777 35524 thread.cpp:96] Thread 1048576 construct Actor kNormalForward 2199023255704
I1012 12:47:27.139824 35524 runtime_context.cpp:29] DecreaseCounter constructing_actor_cnt, current val is 0
I1012 12:47:27.141367 35246 runtime.cpp:93] Actors on this machine constructed
I1012 12:47:27.141443 35246 runtime.cpp:95] Actors on every machine constructed
I1012 12:47:27.141482 35246 runtime_context.cpp:21] NewCounter job_0_running_actor_count 197
I1012 12:47:27.141525 35246 global.h:43] DeleteGlobal N7oneflow7JobDescE
I1012 12:47:27.141585 35531 wait_and_send_ids_actor.cpp:73] actor 1099520016384 switch to &WaitAndSendIdsActor::HandlerNormal
I1012 12:47:36.952383 35531 actor.cpp:411] actor 1099520016384 switch to &Actor::HandlerZombie
I1012 12:47:36.952473 35527 actor.cpp:408] actor 1099517919235 switch to nullptr
I1012 12:47:36.952737 35527 thread.cpp:76] thread 524291 deconstruct actor 1099517919235
I1012 12:47:36.952744 35531 thread.cpp:76] thread 524292 deconstruct actor 1099520016384
I1012 12:47:36.953001 35527 runtime_context.cpp:29] DecreaseCounter job_0_running_actor_count, current val is 196
I1012 12:47:36.953016 35531 runtime_context.cpp:29] DecreaseCounter job_0_running_actor_count, current val is 195
I1012 12:47:36.953053 35527 actor.cpp:408] actor 1099517919233 switch to nullptr
I1012 12:47:36.953073 35527 thread.cpp:76] thread 524291 deconstruct actor 1099517919233
I1012 12:47:36.953193 35527 runtime_context.cpp:29] DecreaseCounter job_0_running_actor_count, current val is 194
I1012 12:47:36.953224 35524 actor.cpp:411] actor 2199023255615 switch to &Actor::HandlerZombie
I1012 12:47:36.953227 35527 actor.cpp:411] actor 1099517919236 switch to &Actor::HandlerZombie
I1012 12:47:36.953320 35524 actor.cpp:411] actor 2199023255616 switch to &Actor::HandlerZombie
I1012 12:47:36.953326 35527 actor.cpp:408] actor 1099517919232 switch to nullptr
I1012 12:47:36.953364 35527 thread.cpp:76] thread 524291 deconstruct actor 1099517919232
I1012 12:47:36.953372 35524 actor.cpp:411] actor 2199023255614 switch to &Actor::HandlerZombie
I1012 12:47:36.953405 35524 actor.cpp:408] actor 2199023255723 switch to nullptr
I1012 12:47:36.953423 35524 thread.cpp:76] thread 1048576 deconstruct actor 2199023255723
I1012 12:47:36.953449 35525 actor.cpp:408] actor 1099511627776 switch to nullptr
I1012 12:47:36.953487 35526 actor.cpp:408] actor 1099513724930 switch to nullptr
I1012 12:47:36.953490 35527 runtime_context.cpp:29] DecreaseCounter job_0_running_actor_count, current val is 193
I1012 12:47:36.953553 35525 thread.cpp:76] thread 524288 deconstruct actor 1099511627776
I1012 12:47:36.953665 35524 runtime_context.cpp:29] DecreaseCounter job_0_running_actor_count, current val is 192
I1012 12:47:36.953665 35527 actor.cpp:408] actor 1099517919237 switch to nullptr
I1012 12:47:36.953613 35526 thread.cpp:76] thread 524289 deconstruct actor 1099513724930
I1012 12:47:36.953724 35524 actor.cpp:411] actor 2199023255724 switch to &Actor::HandlerZombie
I1012 12:47:36.953724 35527 thread.cpp:76] thread 524291 deconstruct actor 1099517919237
I1012 12:47:36.953980 35524 actor.cpp:411] actor 2199023255604 switch to &Actor::HandlerZombie
I1012 12:47:36.953987 35526 runtime_context.cpp:29] DecreaseCounter job_0_running_actor_count, current val is 191
I1012 12:47:36.954062 35527 runtime_context.cpp:29] DecreaseCounter job_0_running_actor_count, current val is 190
I1012 12:47:36.954128 35527 actor.cpp:408] actor 1099517919238 switch to nullptr
I1012 12:47:36.954149 35527 thread.cpp:76] thread 524291 deconstruct actor 1099517919238
I1012 12:47:36.954026 35524 actor.cpp:411] actor 2199023255618 switch to &Actor::HandlerZombie
I1012 12:47:36.954210 35526 actor.cpp:408] actor 1099513724929 switch to nullptr
I1012 12:47:36.954275 35527 runtime_context.cpp:29] DecreaseCounter job_0_running_actor_count, current val is 189
I1012 12:47:36.954298 35524 actor.cpp:411] actor 2199023255602 switch to &Actor::HandlerZombie
I1012 12:47:36.954272 35530 actor.cpp:408] actor 1099522113536 switch to nullptr
I1012 12:47:36.954319 35526 thread.cpp:76] thread 524289 deconstruct actor 1099513724929
I1012 12:47:36.954419 35530 thread.cpp:76] thread 524293 deconstruct actor 1099522113536
I1012 12:47:36.954388 35524 actor.cpp:408] actor 2199023255703 switch to nullptr
I1012 12:47:36.954313 35529 actor.cpp:408] actor 2199025352708 switch to nullptr
I1012 12:47:36.954499 35524 thread.cpp:76] thread 1048576 deconstruct actor 2199023255703
I1012 12:47:36.954536 35529 thread.cpp:76] thread 1048577 deconstruct actor 2199025352708
I1012 12:47:36.954610 35530 runtime_context.cpp:29] DecreaseCounter job_0_running_actor_count, current val is 188
I1012 12:47:36.954656 35529 runtime_context.cpp:29] DecreaseCounter job_0_running_actor_count, current val is 187
I1012 12:47:36.954677 35524 runtime_context.cpp:29] DecreaseCounter job_0_running_actor_count, current val is 186
I1012 12:47:36.954718 35524 actor.cpp:408] actor 2199023255709 switch to nullptr
I1012 12:47:36.954725 35526 runtime_context.cpp:29] DecreaseCounter job_0_running_actor_count, current val is 185
I1012 12:47:36.954735 35524 thread.cpp:76] thread 1048576 deconstruct actor 2199023255709
I1012 12:47:36.954773 35526 actor.cpp:408] actor 1099513724928 switch to nullptr
I1012 12:47:36.954797 35526 thread.cpp:76] thread 524289 deconstruct actor 1099513724928
I1012 12:47:36.954799 35529 actor.cpp:408] actor 2199025352704 switch to nullptr
I1012 12:47:36.954849 35529 thread.cpp:76] thread 1048577 deconstruct actor 2199025352704
I1012 12:47:36.954878 35524 runtime_context.cpp:29] DecreaseCounter job_0_running_actor_count, current val is 184
I1012 12:47:36.954917 35524 actor.cpp:408] actor 2199023255697 switch to nullptr
I1012 12:47:36.954923 35529 runtime_context.cpp:29] DecreaseCounter job_0_running_actor_count, current val is 183
I1012 12:47:36.954937 35524 thread.cpp:76] thread 1048576 deconstruct actor 2199023255697
I1012 12:47:36.954998 35526 runtime_context.cpp:29] DecreaseCounter job_0_running_actor_count, current val is 182
I1012 12:47:36.955070 35524 runtime_context.cpp:29] DecreaseCounter job_0_running_actor_count, current val is 180
I1012 12:47:36.955063 35525 runtime_context.cpp:29] DecreaseCounter job_0_running_actor_count, current val is 181
I1012 12:47:36.955111 35524 actor.cpp:408] actor 2199023255695 switch to nullptr
I1012 12:47:36.955147 35524 thread.cpp:76] thread 1048576 deconstruct actor 2199023255695
I1012 12:47:36.955150 35525 actor.cpp:408] actor 1099511627778 switch to nullptr
I1012 12:47:36.955168 35529 actor.cpp:408] actor 2199025352707 switch to nullptr
I1012 12:47:36.955175 35525 thread.cpp:76] thread 524288 deconstruct actor 1099511627778
I1012 12:47:36.955193 35529 thread.cpp:76] thread 1048577 deconstruct actor 2199025352707
I1012 12:47:36.955246 35524 runtime_context.cpp:29] DecreaseCounter job_0_running_actor_count, current val is 179
I1012 12:47:36.955268 35529 runtime_context.cpp:29] DecreaseCounter job_0_running_actor_count, current val is 178
I1012 12:47:36.955283 35524 actor.cpp:408] actor 2199023255689 switch to nullptr
I1012 12:47:36.955348 35524 thread.cpp:76] thread 1048576 deconstruct actor 2199023255689
I1012 12:47:36.955456 35525 runtime_context.cpp:29] DecreaseCounter job_0_running_actor_count, current val is 177
I1012 12:47:36.955471 35524 runtime_context.cpp:29] DecreaseCounter job_0_running_actor_count, current val is 176
I1012 12:47:36.955529 35525 actor.cpp:408] actor 1099511627777 switch to nullptr
I1012 12:47:36.955554 35525 thread.cpp:76] thread 524288 deconstruct actor 1099511627777
I1012 12:47:36.955562 35529 actor.cpp:408] actor 2199025352706 switch to nullptr
I1012 12:47:36.955560 35524 actor.cpp:408] actor 2199023255717 switch to nullptr
I1012 12:47:36.955595 35529 thread.cpp:76] thread 1048577 deconstruct actor 2199025352706
I1012 12:47:36.955612 35524 thread.cpp:76] thread 1048576 deconstruct actor 2199023255717
I1012 12:47:36.955679 35529 runtime_context.cpp:29] DecreaseCounter job_0_running_actor_count, current val is 175
I1012 12:47:36.955736 35524 runtime_context.cpp:29] DecreaseCounter job_0_running_actor_count, current val is 174
I1012 12:47:36.955758 35525 runtime_context.cpp:29] DecreaseCounter job_0_running_actor_count, current val is 173
I1012 12:47:36.955775 35524 actor.cpp:408] actor 2199023255687 switch to nullptr
I1012 12:47:36.955802 35525 actor.cpp:411] actor 1099511627780 switch to &Actor::HandlerZombie
I1012 12:47:36.955808 35524 thread.cpp:76] thread 1048576 deconstruct actor 2199023255687
I1012 12:47:36.955833 35525 actor.cpp:408] actor 1099511627779 switch to nullptr
I1012 12:47:36.955821 35527 actor.cpp:408] actor 1099517919234 switch to nullptr
I1012 12:47:36.955855 35525 thread.cpp:76] thread 524288 deconstruct actor 1099511627779
I1012 12:47:36.955881 35527 thread.cpp:76] thread 524291 deconstruct actor 1099517919234
I1012 12:47:36.955905 35526 actor.cpp:408] actor 1099513724932 switch to nullptr
I1012 12:47:36.955925 35524 runtime_context.cpp:29] DecreaseCounter job_0_running_actor_count, current val is 172
I1012 12:47:36.955927 35529 actor.cpp:408] actor 2199025352705 switch to nullptr
I1012 12:47:36.955965 35526 thread.cpp:76] thread 524289 deconstruct actor 1099513724932
I1012 12:47:36.956004 35524 actor.cpp:408] actor 2199023255713 switch to nullptr
I1012 12:47:36.956009 35525 runtime_context.cpp:29] DecreaseCounter job_0_running_actor_count, current val is 171
I1012 12:47:36.956032 35529 thread.cpp:76] thread 1048577 deconstruct actor 2199025352705
I1012 12:47:36.956053 35527 runtime_context.cpp:29] DecreaseCounter job_0_running_actor_count, current val is 170
I1012 12:47:36.956107 35524 thread.cpp:76] thread 1048576 deconstruct actor 2199023255713
I1012 12:47:36.956187 35527 thread.cpp:76] thread 524291 deconstruct actor 1099517919236
I1012 12:47:36.956226 35526 runtime_context.cpp:29] DecreaseCounter job_0_running_actor_count, current val is 168
I1012 12:47:36.956230 35529 runtime_context.cpp:29] DecreaseCounter job_0_running_actor_count, current val is 169
I1012 12:47:36.956275 35524 runtime_context.cpp:29] DecreaseCounter job_0_running_actor_count, current val is 167
I1012 12:47:36.956303 35526 actor.cpp:408] actor 1099513724931 switch to nullptr
I1012 12:47:36.956311 35525 thread.cpp:76] thread 524288 deconstruct actor 1099511627780
I1012 12:47:36.956363 35524 actor.cpp:408] actor 2199023255683 switch to nullptr
I1012 12:47:36.956440 35524 thread.cpp:76] thread 1048576 deconstruct actor 2199023255683
I1012 12:47:36.956377 35527 runtime_context.cpp:29] DecreaseCounter job_0_running_actor_count, current val is 166
I1012 12:47:36.956375 35526 thread.cpp:76] thread 524289 deconstruct actor 1099513724931
I1012 12:47:36.956552 35524 runtime_context.cpp:29] DecreaseCounter job_0_running_actor_count, current val is 165
I1012 12:47:36.956568 35525 runtime_context.cpp:29] DecreaseCounter job_0_running_actor_count, current val is 164
I1012 12:47:36.956591 35524 actor.cpp:408] actor 2199023255598 switch to nullptr
I1012 12:47:36.956609 35524 thread.cpp:76] thread 1048576 deconstruct actor 2199023255598
I1012 12:47:36.956703 35524 runtime_context.cpp:29] DecreaseCounter job_0_running_actor_count, current val is 162
I1012 12:47:36.956708 35526 runtime_context.cpp:29] DecreaseCounter job_0_running_actor_count, current val is 163
I1012 12:47:36.956774 35524 actor.cpp:408] actor 2199023255596 switch to nullptr
I1012 12:47:36.956821 35524 thread.cpp:76] thread 1048576 deconstruct actor 2199023255596
I1012 12:47:36.956921 35524 runtime_context.cpp:29] DecreaseCounter job_0_running_actor_count, current val is 161
I1012 12:47:36.956979 35524 actor.cpp:408] actor 2199023255693 switch to nullptr
I1012 12:47:36.956996 35524 thread.cpp:76] thread 1048576 deconstruct actor 2199023255693
I1012 12:47:36.957091 35524 runtime_context.cpp:29] DecreaseCounter job_0_running_actor_count, current val is 160
I1012 12:47:36.957123 35524 actor.cpp:408] actor 2199023255568 switch to nullptr
I1012 12:47:36.957137 35524 thread.cpp:76] thread 1048576 deconstruct actor 2199023255568
I1012 12:47:36.957223 35524 runtime_context.cpp:29] DecreaseCounter job_0_running_actor_count, current val is 159
I1012 12:47:36.957255 35524 actor.cpp:408] actor 2199023255581 switch to nullptr
I1012 12:47:36.957269 35524 thread.cpp:76] thread 1048576 deconstruct actor 2199023255581
I1012 12:47:36.957363 35524 runtime_context.cpp:29] DecreaseCounter job_0_running_actor_count, current val is 158
I1012 12:47:36.957394 35524 actor.cpp:408] actor 2199023255553 switch to nullptr
I1012 12:47:36.957408 35524 thread.cpp:76] thread 1048576 deconstruct actor 2199023255553
I1012 12:47:36.957510 35524 runtime_context.cpp:29] DecreaseCounter job_0_running_actor_count, current val is 157
I1012 12:47:36.957545 35524 actor.cpp:408] actor 2199023255715 switch to nullptr
I1012 12:47:36.957559 35524 thread.cpp:76] thread 1048576 deconstruct actor 2199023255715
I1012 12:47:36.957648 35524 runtime_context.cpp:29] DecreaseCounter job_0_running_actor_count, current val is 156
I1012 12:47:36.957679 35524 actor.cpp:408] actor 2199023255685 switch to nullptr
I1012 12:47:36.957693 35524 thread.cpp:76] thread 1048576 deconstruct actor 2199023255685
I1012 12:47:36.957782 35524 runtime_context.cpp:29] DecreaseCounter job_0_running_actor_count, current val is 155
I1012 12:47:36.957813 35524 actor.cpp:408] actor 2199023255561 switch to nullptr
I1012 12:47:36.957826 35524 thread.cpp:76] thread 1048576 deconstruct actor 2199023255561
I1012 12:47:36.957907 35524 runtime_context.cpp:29] DecreaseCounter job_0_running_actor_count, current val is 154
I1012 12:47:36.957937 35524 actor.cpp:408] actor 2199023255691 switch to nullptr
I1012 12:47:36.957952 35524 thread.cpp:76] thread 1048576 deconstruct actor 2199023255691
I1012 12:47:36.958025 35524 runtime_context.cpp:29] DecreaseCounter job_0_running_actor_count, current val is 153
I1012 12:47:36.958056 35524 actor.cpp:408] actor 2199023255566 switch to nullptr
I1012 12:47:36.958070 35524 thread.cpp:76] thread 1048576 deconstruct actor 2199023255566
I1012 12:47:36.958144 35524 runtime_context.cpp:29] DecreaseCounter job_0_running_actor_count, current val is 152
I1012 12:47:36.958175 35524 actor.cpp:408] actor 2199023255583 switch to nullptr
I1012 12:47:36.958189 35524 thread.cpp:76] thread 1048576 deconstruct actor 2199023255583
I1012 12:47:36.958279 35524 runtime_context.cpp:29] DecreaseCounter job_0_running_actor_count, current val is 151
I1012 12:47:36.958310 35524 actor.cpp:408] actor 2199023255711 switch to nullptr
I1012 12:47:36.958324 35524 thread.cpp:76] thread 1048576 deconstruct actor 2199023255711
I1012 12:47:36.958405 35524 runtime_context.cpp:29] DecreaseCounter job_0_running_actor_count, current val is 150
I1012 12:47:36.958446 35524 actor.cpp:408] actor 2199023255557 switch to nullptr
I1012 12:47:36.958464 35524 thread.cpp:76] thread 1048576 deconstruct actor 2199023255557
I1012 12:47:36.958554 35524 runtime_context.cpp:29] DecreaseCounter job_0_running_actor_count, current val is 149
I1012 12:47:36.958586 35524 actor.cpp:408] actor 2199023255705 switch to nullptr
I1012 12:47:36.958601 35524 thread.cpp:76] thread 1048576 deconstruct actor 2199023255705
I1012 12:47:36.958693 35524 runtime_context.cpp:29] DecreaseCounter job_0_running_actor_count, current val is 148
I1012 12:47:36.958757 35524 actor.cpp:408] actor 2199023255571 switch to nullptr
I1012 12:47:36.958778 35524 thread.cpp:76] thread 1048576 deconstruct actor 2199023255571
I1012 12:47:36.958886 35524 runtime_context.cpp:29] DecreaseCounter job_0_running_actor_count, current val is 147
I1012 12:47:36.958942 35524 actor.cpp:408] actor 2199023255707 switch to nullptr
I1012 12:47:36.958959 35524 thread.cpp:76] thread 1048576 deconstruct actor 2199023255707
I1012 12:47:36.959043 35524 runtime_context.cpp:29] DecreaseCounter job_0_running_actor_count, current val is 146
I1012 12:47:36.959074 35524 actor.cpp:408] actor 2199023255573 switch to nullptr
I1012 12:47:36.959087 35524 thread.cpp:76] thread 1048576 deconstruct actor 2199023255573
I1012 12:47:36.959174 35524 runtime_context.cpp:29] DecreaseCounter job_0_running_actor_count, current val is 145
I1012 12:47:36.959206 35524 actor.cpp:408] actor 2199023255576 switch to nullptr
I1012 12:47:36.959220 35524 thread.cpp:76] thread 1048576 deconstruct actor 2199023255576
I1012 12:47:36.959302 35524 runtime_context.cpp:29] DecreaseCounter job_0_running_actor_count, current val is 144
I1012 12:47:36.959336 35524 actor.cpp:408] actor 2199023255578 switch to nullptr
I1012 12:47:36.959349 35524 thread.cpp:76] thread 1048576 deconstruct actor 2199023255578
I1012 12:47:36.959453 35524 runtime_context.cpp:29] DecreaseCounter job_0_running_actor_count, current val is 143
I1012 12:47:36.959496 35524 actor.cpp:408] actor 2199023255563 switch to nullptr
I1012 12:47:36.959511 35524 thread.cpp:76] thread 1048576 deconstruct actor 2199023255563
I1012 12:47:36.959599 35524 runtime_context.cpp:29] DecreaseCounter job_0_running_actor_count, current val is 142
I1012 12:47:36.959630 35524 actor.cpp:408] actor 2199023255586 switch to nullptr
I1012 12:47:36.959643 35524 thread.cpp:76] thread 1048576 deconstruct actor 2199023255586
I1012 12:47:36.959720 35524 runtime_context.cpp:29] DecreaseCounter job_0_running_actor_count, current val is 141
I1012 12:47:36.959753 35524 actor.cpp:408] actor 2199023255588 switch to nullptr
I1012 12:47:36.959766 35524 thread.cpp:76] thread 1048576 deconstruct actor 2199023255588
I1012 12:47:36.959846 35524 runtime_context.cpp:29] DecreaseCounter job_0_running_actor_count, current val is 140
I1012 12:47:36.959877 35524 actor.cpp:408] actor 2199023255699 switch to nullptr
I1012 12:47:36.959892 35524 thread.cpp:76] thread 1048576 deconstruct actor 2199023255699
I1012 12:47:36.959976 35524 runtime_context.cpp:29] DecreaseCounter job_0_running_actor_count, current val is 139
I1012 12:47:36.960006 35524 actor.cpp:408] actor 2199023255591 switch to nullptr
I1012 12:47:36.960021 35524 thread.cpp:76] thread 1048576 deconstruct actor 2199023255591
I1012 12:47:36.960095 35524 runtime_context.cpp:29] DecreaseCounter job_0_running_actor_count, current val is 138
I1012 12:47:36.960127 35524 actor.cpp:408] actor 2199023255701 switch to nullptr
I1012 12:47:36.960140 35524 thread.cpp:76] thread 1048576 deconstruct actor 2199023255701
I1012 12:47:36.960216 35524 runtime_context.cpp:29] DecreaseCounter job_0_running_actor_count, current val is 137
I1012 12:47:36.960247 35524 actor.cpp:408] actor 2199023255593 switch to nullptr
I1012 12:47:36.960259 35524 thread.cpp:76] thread 1048576 deconstruct actor 2199023255593
I1012 12:47:36.960359 35524 runtime_context.cpp:29] DecreaseCounter job_0_running_actor_count, current val is 136
I1012 12:47:36.960407 35524 actor.cpp:411] actor 2199023255605 switch to &Actor::HandlerZombie
I1012 12:47:36.960443 35524 actor.cpp:411] actor 2199023255559 switch to &Actor::HandlerZombie
I1012 12:47:36.960469 35524 actor.cpp:411] actor 2199023255619 switch to &Actor::HandlerZombie
I1012 12:47:36.960494 35524 actor.cpp:411] actor 2199023255606 switch to &Actor::HandlerZombie
I1012 12:47:36.960513 35524 actor.cpp:411] actor 2199023255603 switch to &Actor::HandlerZombie
I1012 12:47:36.960536 35524 actor.cpp:411] actor 2199023255722 switch to &Actor::HandlerZombie
I1012 12:47:36.960556 35524 actor.cpp:411] actor 2199023255704 switch to &Actor::HandlerZombie
I1012 12:47:36.960608 35524 actor.cpp:411] actor 2199023255710 switch to &Actor::HandlerZombie
I1012 12:47:36.960635 35524 actor.cpp:411] actor 2199023255552 switch to &Actor::HandlerZombie
I1012 12:47:36.960654 35524 actor.cpp:411] actor 2199023255698 switch to &Actor::HandlerZombie
I1012 12:47:36.960676 35524 actor.cpp:411] actor 2199023255696 switch to &Actor::HandlerZombie
I1012 12:47:36.960700 35524 actor.cpp:408] actor 2199023255721 switch to nullptr
I1012 12:47:36.960733 35524 thread.cpp:76] thread 1048576 deconstruct actor 2199023255721
I1012 12:47:36.960835 35524 runtime_context.cpp:29] DecreaseCounter job_0_running_actor_count, current val is 135
I1012 12:47:36.960868 35524 actor.cpp:411] actor 2199023255690 switch to &Actor::HandlerZombie
I1012 12:47:36.960889 35524 actor.cpp:411] actor 2199023255718 switch to &Actor::HandlerZombie
I1012 12:47:36.960912 35524 actor.cpp:411] actor 2199023255720 switch to &Actor::HandlerZombie
I1012 12:47:36.960933 35524 actor.cpp:411] actor 2199023255688 switch to &Actor::HandlerZombie
I1012 12:47:36.960954 35524 actor.cpp:408] actor 2199023255719 switch to nullptr
I1012 12:47:36.960966 35524 thread.cpp:76] thread 1048576 deconstruct actor 2199023255719
I1012 12:47:36.961052 35524 runtime_context.cpp:29] DecreaseCounter job_0_running_actor_count, current val is 134
I1012 12:47:36.961082 35524 actor.cpp:411] actor 2199023255714 switch to &Actor::HandlerZombie
I1012 12:47:36.961102 35524 actor.cpp:411] actor 2199023255684 switch to &Actor::HandlerZombie
I1012 12:47:36.961123 35524 actor.cpp:411] actor 2199023255676 switch to &Actor::HandlerZombie
I1012 12:47:36.961144 35524 actor.cpp:411] actor 2199023255599 switch to &Actor::HandlerZombie
I1012 12:47:36.961169 35524 actor.cpp:411] actor 2199023255629 switch to &Actor::HandlerZombie
I1012 12:47:36.961190 35524 actor.cpp:411] actor 2199023255716 switch to &Actor::HandlerZombie
I1012 12:47:36.961212 35524 actor.cpp:411] actor 2199023255673 switch to &Actor::HandlerZombie
I1012 12:47:36.961233 35524 actor.cpp:411] actor 2199023255597 switch to &Actor::HandlerZombie
I1012 12:47:36.961259 35524 actor.cpp:411] actor 2199023255631 switch to &Actor::HandlerZombie
I1012 12:47:36.961278 35524 actor.cpp:411] actor 2199023255694 switch to &Actor::HandlerZombie
I1012 12:47:36.961298 35524 actor.cpp:411] actor 2199023255569 switch to &Actor::HandlerZombie
I1012 12:47:36.961319 35524 actor.cpp:411] actor 2199023255666 switch to &Actor::HandlerZombie
I1012 12:47:36.961342 35524 actor.cpp:411] actor 2199023255655 switch to &Actor::HandlerZombie
I1012 12:47:36.961362 35524 actor.cpp:411] actor 2199023255678 switch to &Actor::HandlerZombie
I1012 12:47:36.961392 35524 actor.cpp:411] actor 2199023255582 switch to &Actor::HandlerZombie
I1012 12:47:36.961412 35524 actor.cpp:411] actor 2199023255644 switch to &Actor::HandlerZombie
I1012 12:47:36.961444 35524 actor.cpp:411] actor 2199023255680 switch to &Actor::HandlerZombie
I1012 12:47:36.961470 35524 actor.cpp:411] actor 2199023255554 switch to &Actor::HandlerZombie
I1012 12:47:36.961493 35524 actor.cpp:411] actor 2199023255633 switch to &Actor::HandlerZombie
I1012 12:47:36.961513 35524 actor.cpp:411] actor 2199023255686 switch to &Actor::HandlerZombie
I1012 12:47:36.961534 35524 actor.cpp:411] actor 2199023255562 switch to &Actor::HandlerZombie
I1012 12:47:36.961555 35524 actor.cpp:411] actor 2199023255669 switch to &Actor::HandlerZombie
I1012 12:47:36.961578 35524 actor.cpp:411] actor 2199023255660 switch to &Actor::HandlerZombie
I1012 12:47:36.961598 35524 actor.cpp:411] actor 2199023255692 switch to &Actor::HandlerZombie
I1012 12:47:36.961619 35524 actor.cpp:411] actor 2199023255672 switch to &Actor::HandlerZombie
I1012 12:47:36.961639 35524 actor.cpp:411] actor 2199023255567 switch to &Actor::HandlerZombie
I1012 12:47:36.961661 35524 actor.cpp:411] actor 2199023255656 switch to &Actor::HandlerZombie
I1012 12:47:36.961683 35524 actor.cpp:411] actor 2199023255706 switch to &Actor::HandlerZombie
I1012 12:47:36.961704 35524 actor.cpp:411] actor 2199023255675 switch to &Actor::HandlerZombie
I1012 12:47:36.961756 35524 actor.cpp:411] actor 2199023255584 switch to &Actor::HandlerZombie
I1012 12:47:36.961791 35524 actor.cpp:411] actor 2199023255643 switch to &Actor::HandlerZombie
I1012 12:47:36.961812 35524 actor.cpp:411] actor 2199023255712 switch to &Actor::HandlerZombie
I1012 12:47:36.961835 35524 actor.cpp:411] actor 2199023255679 switch to &Actor::HandlerZombie
I1012 12:47:36.961881 35524 actor.cpp:411] actor 2199023255558 switch to &Actor::HandlerZombie
I1012 12:47:36.961903 35524 actor.cpp:411] actor 2199023255664 switch to &Actor::HandlerZombie
I1012 12:47:36.961925 35524 actor.cpp:411] actor 2199023255667 switch to &Actor::HandlerZombie
I1012 12:47:36.961944 35524 actor.cpp:411] actor 2199023255572 switch to &Actor::HandlerZombie
I1012 12:47:36.961966 35524 actor.cpp:411] actor 2199023255652 switch to &Actor::HandlerZombie
I1012 12:47:36.961984 35524 actor.cpp:411] actor 2199023255708 switch to &Actor::HandlerZombie
I1012 12:47:36.962005 35524 actor.cpp:411] actor 2199023255671 switch to &Actor::HandlerZombie
I1012 12:47:36.962026 35524 actor.cpp:411] actor 2199023255574 switch to &Actor::HandlerZombie
I1012 12:47:36.962052 35524 actor.cpp:411] actor 2199023255651 switch to &Actor::HandlerZombie
I1012 12:47:36.962075 35524 actor.cpp:411] actor 2199023255700 switch to &Actor::HandlerZombie
I1012 12:47:36.962096 35524 actor.cpp:411] actor 2199023255670 switch to &Actor::HandlerZombie
I1012 12:47:36.962117 35524 actor.cpp:411] actor 2199023255577 switch to &Actor::HandlerZombie
I1012 12:47:36.962139 35524 actor.cpp:411] actor 2199023255648 switch to &Actor::HandlerZombie
I1012 12:47:36.962159 35524 actor.cpp:411] actor 2199023255702 switch to &Actor::HandlerZombie
I1012 12:47:36.962180 35524 actor.cpp:411] actor 2199023255681 switch to &Actor::HandlerZombie
I1012 12:47:36.962199 35524 actor.cpp:411] actor 2199023255579 switch to &Actor::HandlerZombie
I1012 12:47:36.962224 35524 actor.cpp:411] actor 2199023255647 switch to &Actor::HandlerZombie
I1012 12:47:36.962244 35524 actor.cpp:411] actor 2199023255682 switch to &Actor::HandlerZombie
I1012 12:47:36.962265 35524 actor.cpp:411] actor 2199023255564 switch to &Actor::HandlerZombie
I1012 12:47:36.962291 35524 actor.cpp:411] actor 2199023255659 switch to &Actor::HandlerZombie
I1012 12:47:36.962327 35524 actor.cpp:411] actor 2199023255587 switch to &Actor::HandlerZombie
I1012 12:47:36.962349 35524 actor.cpp:411] actor 2199023255665 switch to &Actor::HandlerZombie
I1012 12:47:36.962371 35524 actor.cpp:411] actor 2199023255640 switch to &Actor::HandlerZombie
I1012 12:47:36.962392 35524 actor.cpp:411] actor 2199023255674 switch to &Actor::HandlerZombie
I1012 12:47:36.962412 35524 actor.cpp:411] actor 2199023255589 switch to &Actor::HandlerZombie
I1012 12:47:36.962445 35524 actor.cpp:411] actor 2199023255639 switch to &Actor::HandlerZombie
I1012 12:47:36.962466 35524 actor.cpp:411] actor 2199023255592 switch to &Actor::HandlerZombie
I1012 12:47:36.962487 35524 actor.cpp:411] actor 2199023255668 switch to &Actor::HandlerZombie
I1012 12:47:36.962512 35524 actor.cpp:411] actor 2199023255636 switch to &Actor::HandlerZombie
I1012 12:47:36.962532 35524 actor.cpp:411] actor 2199023255677 switch to &Actor::HandlerZombie
I1012 12:47:36.962551 35524 actor.cpp:411] actor 2199023255594 switch to &Actor::HandlerZombie
I1012 12:47:36.962575 35524 actor.cpp:411] actor 2199023255635 switch to &Actor::HandlerZombie
I1012 12:47:36.962616 35524 actor.cpp:411] actor 2199023255622 switch to &Actor::HandlerZombie
I1012 12:47:36.962636 35524 actor.cpp:411] actor 2199023255609 switch to &Actor::HandlerZombie
I1012 12:47:36.962659 35524 actor.cpp:411] actor 2199023255560 switch to &Actor::HandlerZombie
I1012 12:47:36.962682 35524 actor.cpp:411] actor 2199023255555 switch to &Actor::HandlerZombie
I1012 12:47:36.962704 35524 actor.cpp:411] actor 2199023255662 switch to &Actor::HandlerZombie
I1012 12:47:36.962724 35524 actor.cpp:411] actor 2199023255620 switch to &Actor::HandlerZombie
I1012 12:47:36.962745 35524 actor.cpp:411] actor 2199023255607 switch to &Actor::HandlerZombie
I1012 12:47:36.962792 35524 actor.cpp:411] actor 2199023255610 switch to &Actor::HandlerZombie
I1012 12:47:36.962810 35524 thread.cpp:76] thread 1048576 deconstruct actor 2199023255607
I1012 12:47:36.962978 35524 runtime_context.cpp:29] DecreaseCounter job_0_running_actor_count, current val is 133
I1012 12:47:36.963027 35524 thread.cpp:76] thread 1048576 deconstruct actor 2199023255552
I1012 12:47:36.963184 35524 runtime_context.cpp:29] DecreaseCounter job_0_running_actor_count, current val is 132
I1012 12:47:36.963227 35524 actor.cpp:411] actor 2199023255621 switch to &Actor::HandlerZombie
I1012 12:47:36.963243 35524 thread.cpp:76] thread 1048576 deconstruct actor 2199023255603
I1012 12:47:36.963388 35524 runtime_context.cpp:29] DecreaseCounter job_0_running_actor_count, current val is 131
I1012 12:47:36.963411 35524 thread.cpp:76] thread 1048576 deconstruct actor 2199023255604
I1012 12:47:36.963569 35524 runtime_context.cpp:29] DecreaseCounter job_0_running_actor_count, current val is 130
I1012 12:47:36.963595 35524 thread.cpp:76] thread 1048576 deconstruct actor 2199023255720
I1012 12:47:36.963685 35524 runtime_context.cpp:29] DecreaseCounter job_0_running_actor_count, current val is 129
I1012 12:47:36.963704 35524 thread.cpp:76] thread 1048576 deconstruct actor 2199023255722
I1012 12:47:36.963785 35524 runtime_context.cpp:29] DecreaseCounter job_0_running_actor_count, current val is 128
I1012 12:47:36.963809 35524 thread.cpp:76] thread 1048576 deconstruct actor 2199023255558
I1012 12:47:36.963969 35524 runtime_context.cpp:29] DecreaseCounter job_0_running_actor_count, current val is 127
I1012 12:47:36.963989 35524 thread.cpp:76] thread 1048576 deconstruct actor 2199023255560
I1012 12:47:36.964125 35524 runtime_context.cpp:29] DecreaseCounter job_0_running_actor_count, current val is 126
I1012 12:47:36.964149 35524 thread.cpp:76] thread 1048576 deconstruct actor 2199023255718
I1012 12:47:36.964299 35524 runtime_context.cpp:29] DecreaseCounter job_0_running_actor_count, current val is 125
I1012 12:47:36.964334 35524 actor.cpp:411] actor 2199023255600 switch to &Actor::HandlerZombie
I1012 12:47:36.964347 35524 thread.cpp:76] thread 1048576 deconstruct actor 2199023255676
I1012 12:47:36.964505 35524 runtime_context.cpp:29] DecreaseCounter job_0_running_actor_count, current val is 124
I1012 12:47:36.964543 35524 actor.cpp:411] actor 2199023255634 switch to &Actor::HandlerZombie
I1012 12:47:36.964558 35524 thread.cpp:76] thread 1048576 deconstruct actor 2199023255599
I1012 12:47:36.964689 35524 runtime_context.cpp:29] DecreaseCounter job_0_running_actor_count, current val is 123
I1012 12:47:36.964711 35524 thread.cpp:76] thread 1048576 deconstruct actor 2199023255716
I1012 12:47:36.964864 35524 runtime_context.cpp:29] DecreaseCounter job_0_running_actor_count, current val is 122
I1012 12:47:36.964900 35524 actor.cpp:411] actor 2199023255632 switch to &Actor::HandlerZombie
I1012 12:47:36.964917 35524 actor.cpp:408] actor 2199023255570 switch to nullptr
I1012 12:47:36.964928 35524 thread.cpp:76] thread 1048576 deconstruct actor 2199023255570
I1012 12:47:36.965037 35524 runtime_context.cpp:29] DecreaseCounter job_0_running_actor_count, current val is 121
I1012 12:47:36.965057 35524 thread.cpp:76] thread 1048576 deconstruct actor 2199023255694
I1012 12:47:36.965201 35524 runtime_context.cpp:29] DecreaseCounter job_0_running_actor_count, current val is 120
I1012 12:47:36.965222 35524 thread.cpp:76] thread 1048576 deconstruct actor 2199023255666
I1012 12:47:36.965353 35524 runtime_context.cpp:29] DecreaseCounter job_0_running_actor_count, current val is 119
I1012 12:47:36.965373 35524 thread.cpp:76] thread 1048576 deconstruct actor 2199023255584
I1012 12:47:36.965505 35524 runtime_context.cpp:29] DecreaseCounter job_0_running_actor_count, current val is 118
I1012 12:47:36.965528 35524 thread.cpp:76] thread 1048576 deconstruct actor 2199023255704
I1012 12:47:36.965673 35524 runtime_context.cpp:29] DecreaseCounter job_0_running_actor_count, current val is 117
I1012 12:47:36.965709 35524 actor.cpp:411] actor 2199023255646 switch to &Actor::HandlerZombie
I1012 12:47:36.965752 35524 thread.cpp:76] thread 1048576 deconstruct actor 2199023255684
I1012 12:47:36.965912 35524 runtime_context.cpp:29] DecreaseCounter job_0_running_actor_count, current val is 116
I1012 12:47:36.965956 35524 thread.cpp:76] thread 1048576 deconstruct actor 2199023255555
I1012 12:47:36.966099 35524 runtime_context.cpp:29] DecreaseCounter job_0_running_actor_count, current val is 115
I1012 12:47:36.966120 35524 thread.cpp:76] thread 1048576 deconstruct actor 2199023255615
I1012 12:47:36.966205 35524 runtime_context.cpp:29] DecreaseCounter job_0_running_actor_count, current val is 114
I1012 12:47:36.966239 35524 actor.cpp:411] actor 2199023255638 switch to &Actor::HandlerZombie
I1012 12:47:36.966253 35524 thread.cpp:76] thread 1048576 deconstruct actor 2199023255680
I1012 12:47:36.966387 35524 runtime_context.cpp:29] DecreaseCounter job_0_running_actor_count, current val is 113
I1012 12:47:36.966408 35524 thread.cpp:76] thread 1048576 deconstruct actor 2199023255564
I1012 12:47:36.966552 35524 runtime_context.cpp:29] DecreaseCounter job_0_running_actor_count, current val is 112
I1012 12:47:36.966574 35524 thread.cpp:76] thread 1048576 deconstruct actor 2199023255662
I1012 12:47:36.966725 35524 runtime_context.cpp:29] DecreaseCounter job_0_running_actor_count, current val is 111
I1012 12:47:36.966745 35524 thread.cpp:76] thread 1048576 deconstruct actor 2199023255688
I1012 12:47:36.966887 35524 runtime_context.cpp:29] DecreaseCounter job_0_running_actor_count, current val is 110
