Log file created at: 2021/10/12 13:26:54
Running on machine: oneflow-14
Log line format: [IWEF]mmdd hh:mm:ss.uuuuuu threadid file:line] msg
I1012 13:26:54.569036 48324 global.h:36] NewGlobal 14cudaDeviceProp
I1012 13:26:54.581903 48324 global.h:36] NewGlobal N7oneflow7EnvDescE
I1012 13:26:54.581928 48324 global.h:36] NewGlobal N7oneflow10ProcessCtxE
I1012 13:26:54.581939 48324 env_global_objects_scope.cpp:159] using rpc backend: gRPC
I1012 13:26:54.581944 48324 global.h:36] NewGlobal N7oneflow10CtrlServerE
I1012 13:26:54.582768 48324 ctrl_server.cpp:40] CtrlServer listening on 0.0.0.0:36017
I1012 13:26:54.583360 48324 rank_info_bootstrap_server.cpp:47] RankInfoBootstrapServer listening on 0.0.0.0:29500
I1012 13:26:54.584283 48324 rpc_client.cpp:187] LoadServer 127.0.0.1 Successful at 0 times
I1012 13:27:04.531862 48324 ctrl_bootstrap.cpp:76] 
ctrl_addr {
  host: "127.0.0.1"
  port: 36017
}
ctrl_addr {
  host: "127.0.0.1"
  port: 38223
}
rank: 0
node_size: 1
I1012 13:27:04.535070 48324 rpc_client.cpp:187] LoadServer 127.0.0.1 Successful at 0 times
I1012 13:27:04.536365 48324 rpc_client.cpp:187] LoadServer 127.0.0.1 Successful at 0 times
I1012 13:27:04.536536 48324 global.h:36] NewGlobal N7oneflow12ResourceDescE
I1012 13:27:04.536569 48324 global.h:36] NewGlobal N7oneflow12ResourceDescE
I1012 13:27:04.722738 48324 global.h:36] NewGlobal N7oneflow10ThreadPoolE
I1012 13:27:04.725564 48324 global.h:36] NewGlobal N7oneflow16EagerNcclCommMgrE
I1012 13:27:04.725586 48324 global.h:36] NewGlobal N7oneflow18CudnnConvAlgoCacheE
I1012 13:27:04.725594 48324 global.h:36] NewGlobal N7oneflow2vm19VirtualMachineScopeE
I1012 13:27:04.725603 48324 global.h:36] NewGlobal N7oneflow9OneflowVME
I1012 13:27:04.726347 48324 oneflow_vm.cpp:75] transport stream type: N7oneflow2vm13CpuStreamTypeE
I1012 13:27:04.726368 48324 oneflow_vm.cpp:75] transport stream type: N7oneflow2vm14CudaStreamTypeE
I1012 13:27:04.726377 48324 oneflow_vm.cpp:75] transport stream type: N7oneflow2vm19AsyncCudaStreamTypeE
I1012 13:27:04.726717 48324 global.h:36] NewGlobal N7oneflow27EagerJobBuildAndInferCtxMgrE
I1012 13:27:04.726761 48324 global.h:36] NewGlobal N7oneflow12EpollCommNetE
I1012 13:27:04.726970 48324 epoll_comm_network.cpp:63] CommNet:Epoll listening on 0.0.0.0:37450
I1012 13:27:04.728449 48324 epoll_comm_network.cpp:197] machine 0 sockfd -1
I1012 13:27:04.728474 48324 epoll_comm_network.cpp:197] machine 1 sockfd 42
I1012 13:27:04.728602 48324 global.h:36] NewGlobal N7oneflow9TransportE
I1012 13:27:04.728793 48324 global.h:36] NewGlobal N7oneflow25MultiClientSessionContextE
I1012 13:27:08.003371 48693 eager_nccl_comm_manager.cpp:69]  EagerNcclCommMgr::ncclCommInitRank device_vec.size() = 2, nccl_unique_id = 0200ffffffe9ffffff930b0b010e000000000000000000000000000000000000000000000000000000000000000000000000000000000000000000000000000000000000000000000000000000000000000000000000000000000000000000000000000000000000000000000000000000000000000000000000000000000000000000000000, rank = 0, key = {eager_nccl_unique_id_rpc_key,0:0,1:1}
I1012 13:27:08.872969 48324 version.cpp:22] OneFlow git version: b295ca2324
I1012 13:27:08.873045 48324 device_register_gpu.cpp:56] CUDA runtime version: 11.2
I1012 13:27:08.873091 48324 device_register_gpu.cpp:65] cuDNN version: 8.1.1
I1012 13:27:08.873103 48324 device_register_gpu.cpp:78] NCCL version: 2.9.8
I1012 13:27:08.873114 48324 global.h:43] DeleteGlobal N7oneflow12ResourceDescE
I1012 13:27:08.873147 48324 global.h:36] NewGlobal N7oneflow12ResourceDescE
I1012 13:27:08.873158 48324 global.h:36] NewGlobal N7oneflow5IDMgrE
I1012 13:27:08.873169 48324 global.h:36] NewGlobal N7oneflow26LazyJobBuildAndInferCtxMgrE
I1012 13:27:08.873181 48324 global.h:36] NewGlobal N7oneflow9BufferMgrISt10shared_ptrINS_11JobInstanceEEEE
I1012 13:27:08.873189 48324 global.h:36] NewGlobal N7oneflow10RuntimeCtxE
I1012 13:27:08.873196 48324 global.h:36] NewGlobal N7oneflow15MemoryAllocatorE
I1012 13:27:08.873203 48324 global.h:36] NewGlobal N7oneflow8ChunkMgrE
I1012 13:27:08.873211 48324 global.h:36] NewGlobal N7oneflow8RegstMgrE
I1012 13:27:08.873219 48324 global.h:36] NewGlobal N7oneflow11ActorMsgBusE
I1012 13:27:08.873551 48324 global.h:36] NewGlobal N7oneflow9ThreadMgrE
I1012 13:27:08.873698 48324 global.h:36] NewGlobal N7oneflow15RuntimeJobDescsE
I1012 13:27:08.873735 48324 global.h:36] NewGlobal N7oneflow7summary12EventsWriterE
I1012 13:27:08.873800 48324 global.h:36] NewGlobal N7oneflow6boxing10collective24CollectiveBoxingExecutorE
I1012 13:27:08.873834 48324 global.h:36] NewGlobal N7oneflow6boxing10collective31CollectiveBoxingDeviceCtxPollerE
I1012 13:27:08.882380 48324 global.h:36] NewGlobal N7oneflow7JobDescE
I1012 13:27:09.143515 48324 global.h:43] DeleteGlobal N7oneflow7JobDescE
I1012 13:27:09.143663 48324 global.h:36] NewGlobal N7oneflow7JobDescE
I1012 13:27:09.491118 48324 global.h:43] DeleteGlobal N7oneflow7JobDescE
I1012 13:27:09.532222 48324 global.h:36] NewGlobal N7oneflow7JobDescE
I1012 13:27:09.899003 48324 global.h:36] NewGlobal N7oneflow7OpGraphE
I1012 13:27:10.009090 48324 global.h:43] DeleteGlobal N7oneflow7OpGraphE
I1012 13:27:10.021705 48324 nn_graph.cpp:241] 
job_id: 0 , job_name: WideAndDeepTrainGraph_0 , compile time: 0.489391 seconds.
I1012 13:27:10.023604 48324 plan_util.cpp:928]  Plan: WideAndDeepTrainGraph_0 needs to allocate [ 680.05 MiB ] device memory in Rank: 0 , Device: 0
I1012 13:27:10.023633 48324 plan_util.cpp:928]  Plan: WideAndDeepTrainGraph_0 needs to allocate [ 680.05 MiB ] device memory in Rank: 1 , Device: 1
I1012 13:27:10.888751 48324 runtime_context.cpp:21] NewCounter constructing_actor_cnt 216
I1012 13:27:10.889679 48873 wait_and_send_ids_actor.cpp:53] actor 1099520016384 switch to &WaitAndSendIdsActor::HandlerWaitToStart
I1012 13:27:10.889700 48872 naive_actor.cpp:25] actor 1099517919235 switch to &NaiveActor::HandlerNormal
I1012 13:27:10.889751 48873 thread.cpp:96] Thread 524292 construct Actor kWaitAndSendIds 1099520016384
I1012 13:27:10.889789 48872 thread.cpp:96] Thread 524291 construct Actor kDeviceTick 1099517919235
I1012 13:27:10.890383 48872 runtime_context.cpp:29] DecreaseCounter constructing_actor_cnt, current val is 214
I1012 13:27:10.890386 48873 runtime_context.cpp:29] DecreaseCounter constructing_actor_cnt, current val is 215
I1012 13:27:10.890553 48866 naive_actor.cpp:25] actor 2199023255724 switch to &NaiveActor::HandlerNormal
I1012 13:27:10.890611 48866 thread.cpp:96] Thread 1048576 construct Actor kDeviceTick 2199023255724
I1012 13:27:10.890705 48866 runtime_context.cpp:29] DecreaseCounter constructing_actor_cnt, current val is 213
I1012 13:27:10.898077 48870 naive_actor.cpp:25] actor 2199029547008 switch to &NaiveActor::HandlerNormal
I1012 13:27:10.898183 48870 thread.cpp:96] Thread 1048579 construct Actor kCollectiveBoxingGeneric 2199029547008
I1012 13:27:10.898205 48875 naive_actor.cpp:25] actor 2199025352706 switch to &NaiveActor::HandlerNormal
I1012 13:27:10.898247 48866 naive_actor.cpp:25] actor 2199023255561 switch to &NaiveActor::HandlerNormal
I1012 13:27:10.898358 48870 runtime_context.cpp:29] DecreaseCounter constructing_actor_cnt, current val is 212
I1012 13:27:10.898452 48875 thread.cpp:96] Thread 1048577 construct Actor kCopyHd 2199025352706
I1012 13:27:10.898461 48872 naive_actor.cpp:25] actor 1099517919239 switch to &NaiveActor::HandlerNormal
I1012 13:27:10.898686 48875 runtime_context.cpp:29] DecreaseCounter constructing_actor_cnt, current val is 211
I1012 13:27:10.898706 48872 thread.cpp:96] Thread 524291 construct Actor kTick 1099517919239
I1012 13:27:10.898545 48866 thread.cpp:96] Thread 1048576 construct Actor kNormalForward 2199023255561
I1012 13:27:10.898528 48871 sink_actor.cpp:21] actor 1099522113536 switch to &SinkActor::HandlerNormal
I1012 13:27:10.898875 48872 runtime_context.cpp:29] DecreaseCounter constructing_actor_cnt, current val is 210
I1012 13:27:10.898851 48870 naive_actor.cpp:25] actor 2199029547010 switch to &NaiveActor::HandlerNormal
I1012 13:27:10.898883 48871 thread.cpp:96] Thread 524293 construct Actor kCallbackNotify 1099522113536
I1012 13:27:10.898885 48866 runtime_context.cpp:29] DecreaseCounter constructing_actor_cnt, current val is 209
I1012 13:27:10.898908 48875 naive_actor.cpp:25] actor 2199025352708 switch to &NaiveActor::HandlerNormal
I1012 13:27:10.899060 48870 thread.cpp:96] Thread 1048579 construct Actor kCollectiveBoxingGeneric 2199029547010
I1012 13:27:10.899142 48871 runtime_context.cpp:29] DecreaseCounter constructing_actor_cnt, current val is 208
I1012 13:27:10.899278 48875 thread.cpp:96] Thread 1048577 construct Actor kCopyHd 2199025352708
I1012 13:27:10.899346 48870 runtime_context.cpp:29] DecreaseCounter constructing_actor_cnt, current val is 207
I1012 13:27:10.899416 48875 runtime_context.cpp:29] DecreaseCounter constructing_actor_cnt, current val is 206
I1012 13:27:10.899415 48872 naive_actor.cpp:25] actor 1099517919232 switch to &NaiveActor::HandlerNormal
I1012 13:27:10.899358 48868 naive_actor.cpp:25] actor 1099511627777 switch to &NaiveActor::HandlerNormal
I1012 13:27:10.899503 48867 naive_actor.cpp:25] actor 1099513724928 switch to &NaiveActor::HandlerNormal
I1012 13:27:10.899536 48866 naive_actor.cpp:25] actor 2199023255568 switch to &NaiveActor::HandlerNormal
I1012 13:27:10.899566 48872 thread.cpp:96] Thread 524291 construct Actor kDeviceTick 1099517919232
I1012 13:27:10.899623 48868 thread.cpp:96] Thread 524288 construct Actor kNormalForward 1099511627777
I1012 13:27:10.899624 48870 naive_actor.cpp:25] actor 2199029547017 switch to &NaiveActor::HandlerNormal
I1012 13:27:10.899678 48875 naive_actor.cpp:25] actor 2199025352705 switch to &NaiveActor::HandlerNormal
I1012 13:27:10.899735 48867 thread.cpp:96] Thread 524289 construct Actor kNormalForward 1099513724928
I1012 13:27:10.899785 48866 thread.cpp:96] Thread 1048576 construct Actor kNormalForward 2199023255568
I1012 13:27:10.899868 48872 runtime_context.cpp:29] DecreaseCounter constructing_actor_cnt, current val is 205
I1012 13:27:10.899895 48870 thread.cpp:96] Thread 1048579 construct Actor kCollectiveBoxingGeneric 2199029547017
I1012 13:27:10.899904 48868 runtime_context.cpp:29] DecreaseCounter constructing_actor_cnt, current val is 204
I1012 13:27:10.899932 48875 thread.cpp:96] Thread 1048577 construct Actor kCopyHd 2199025352705
I1012 13:27:10.900007 48867 runtime_context.cpp:29] DecreaseCounter constructing_actor_cnt, current val is 203
I1012 13:27:10.900040 48866 runtime_context.cpp:29] DecreaseCounter constructing_actor_cnt, current val is 202
I1012 13:27:10.900094 48870 runtime_context.cpp:29] DecreaseCounter constructing_actor_cnt, current val is 201
I1012 13:27:10.900173 48875 runtime_context.cpp:29] DecreaseCounter constructing_actor_cnt, current val is 200
I1012 13:27:10.900406 48870 naive_actor.cpp:25] actor 2199029547018 switch to &NaiveActor::HandlerNormal
I1012 13:27:10.900436 48872 naive_actor.cpp:25] actor 1099517919238 switch to &NaiveActor::HandlerNormal
I1012 13:27:10.900460 48875 naive_actor.cpp:25] actor 2199025352704 switch to &NaiveActor::HandlerNormal
I1012 13:27:10.900466 48870 thread.cpp:96] Thread 1048579 construct Actor kCollectiveBoxingGeneric 2199029547018
I1012 13:27:10.900516 48872 thread.cpp:96] Thread 524291 construct Actor kTick 1099517919238
I1012 13:27:10.900629 48870 runtime_context.cpp:29] DecreaseCounter constructing_actor_cnt, current val is 199
I1012 13:27:10.900563 48875 thread.cpp:96] Thread 1048577 construct Actor kCopyHd 2199025352704
I1012 13:27:10.900682 48872 runtime_context.cpp:29] DecreaseCounter constructing_actor_cnt, current val is 198
I1012 13:27:10.900725 48875 runtime_context.cpp:29] DecreaseCounter constructing_actor_cnt, current val is 197
I1012 13:27:10.900832 48870 naive_actor.cpp:25] actor 2199029547009 switch to &NaiveActor::HandlerNormal
I1012 13:27:10.900882 48870 thread.cpp:96] Thread 1048579 construct Actor kCollectiveBoxingGeneric 2199029547009
I1012 13:27:10.900924 48875 naive_actor.cpp:25] actor 2199025352707 switch to &NaiveActor::HandlerNormal
I1012 13:27:10.900939 48870 runtime_context.cpp:29] DecreaseCounter constructing_actor_cnt, current val is 196
I1012 13:27:10.900977 48875 thread.cpp:96] Thread 1048577 construct Actor kCopyHd 2199025352707
I1012 13:27:10.901057 48875 runtime_context.cpp:29] DecreaseCounter constructing_actor_cnt, current val is 195
I1012 13:27:10.901074 48868 naive_actor.cpp:25] actor 1099511627778 switch to &NaiveActor::HandlerNormal
I1012 13:27:10.901152 48870 naive_actor.cpp:25] actor 2199029547022 switch to &NaiveActor::HandlerNormal
I1012 13:27:10.901228 48872 naive_actor.cpp:25] actor 1099517919234 switch to &NaiveActor::HandlerNormal
I1012 13:27:10.901350 48866 naive_actor.cpp:25] actor 2199023255554 switch to &NaiveActor::HandlerNormal
I1012 13:27:10.901319 48870 thread.cpp:96] Thread 1048579 construct Actor kCollectiveBoxingGeneric 2199029547022
I1012 13:27:10.901270 48868 thread.cpp:96] Thread 524288 construct Actor kNormalForward 1099511627778
I1012 13:27:10.901372 48872 thread.cpp:96] Thread 524291 construct Actor kSrcSubsetTick 1099517919234
I1012 13:27:10.901405 48866 thread.cpp:96] Thread 1048576 construct Actor kNormalForward 2199023255554
I1012 13:27:10.901453 48870 runtime_context.cpp:29] DecreaseCounter constructing_actor_cnt, current val is 194
I1012 13:27:10.901510 48868 runtime_context.cpp:29] DecreaseCounter constructing_actor_cnt, current val is 193
I1012 13:27:10.901521 48872 runtime_context.cpp:29] DecreaseCounter constructing_actor_cnt, current val is 192
I1012 13:27:10.901551 48867 naive_actor.cpp:25] actor 1099513724929 switch to &NaiveActor::HandlerNormal
I1012 13:27:10.901566 48866 runtime_context.cpp:29] DecreaseCounter constructing_actor_cnt, current val is 191
I1012 13:27:10.901618 48867 thread.cpp:96] Thread 524289 construct Actor kNormalForward 1099513724929
I1012 13:27:10.901690 48870 naive_actor.cpp:25] actor 2199029547020 switch to &NaiveActor::HandlerNormal
I1012 13:27:10.901733 48870 thread.cpp:96] Thread 1048579 construct Actor kCollectiveBoxingGeneric 2199029547020
I1012 13:27:10.901762 48867 runtime_context.cpp:29] DecreaseCounter constructing_actor_cnt, current val is 190
I1012 13:27:10.901796 48870 runtime_context.cpp:29] DecreaseCounter constructing_actor_cnt, current val is 189
I1012 13:27:10.901829 48872 naive_actor.cpp:25] actor 1099517919237 switch to &NaiveActor::HandlerNormal
I1012 13:27:10.901863 48868 naive_actor.cpp:25] actor 1099511627779 switch to &NaiveActor::HandlerNormal
I1012 13:27:10.901863 48872 thread.cpp:96] Thread 524291 construct Actor kDstSubsetTick 1099517919237
I1012 13:27:10.901921 48868 thread.cpp:96] Thread 524288 construct Actor kNormalForward 1099511627779
I1012 13:27:10.901960 48872 runtime_context.cpp:29] DecreaseCounter constructing_actor_cnt, current val is 188
I1012 13:27:10.901984 48870 naive_actor.cpp:25] actor 2199029547015 switch to &NaiveActor::HandlerNormal
I1012 13:27:10.901995 48868 runtime_context.cpp:29] DecreaseCounter constructing_actor_cnt, current val is 187
I1012 13:27:10.902002 48866 naive_actor.cpp:25] actor 2199023255563 switch to &NaiveActor::HandlerNormal
I1012 13:27:10.902034 48870 thread.cpp:96] Thread 1048579 construct Actor kCollectiveBoxingGeneric 2199029547015
I1012 13:27:10.902112 48867 naive_actor.cpp:25] actor 1099513724930 switch to &NaiveActor::HandlerNormal
I1012 13:27:10.902117 48866 thread.cpp:96] Thread 1048576 construct Actor kNormalForward 2199023255563
I1012 13:27:10.902186 48872 naive_actor.cpp:25] actor 1099517919236 switch to &NaiveActor::HandlerNormal
I1012 13:27:10.902169 48870 runtime_context.cpp:29] DecreaseCounter constructing_actor_cnt, current val is 186
I1012 13:27:10.902168 48867 thread.cpp:96] Thread 524289 construct Actor kNormalForward 1099513724930
I1012 13:27:10.902209 48872 thread.cpp:96] Thread 524291 construct Actor kTick 1099517919236
I1012 13:27:10.902240 48866 runtime_context.cpp:29] DecreaseCounter constructing_actor_cnt, current val is 185
I1012 13:27:10.902304 48872 runtime_context.cpp:29] DecreaseCounter constructing_actor_cnt, current val is 184
I1012 13:27:10.902315 48867 runtime_context.cpp:29] DecreaseCounter constructing_actor_cnt, current val is 183
I1012 13:27:10.902398 48870 naive_actor.cpp:25] actor 2199029547012 switch to &NaiveActor::HandlerNormal
I1012 13:27:10.902452 48870 thread.cpp:96] Thread 1048579 construct Actor kCollectiveBoxingGeneric 2199029547012
I1012 13:27:10.902524 48870 runtime_context.cpp:29] DecreaseCounter constructing_actor_cnt, current val is 182
I1012 13:27:10.902546 48872 naive_actor.cpp:25] actor 1099517919233 switch to &NaiveActor::HandlerNormal
I1012 13:27:10.902643 48872 thread.cpp:96] Thread 524291 construct Actor kDeviceTick 1099517919233
I1012 13:27:10.902689 48872 runtime_context.cpp:29] DecreaseCounter constructing_actor_cnt, current val is 181
I1012 13:27:10.902776 48870 naive_actor.cpp:25] actor 2199029547024 switch to &NaiveActor::HandlerNormal
I1012 13:27:10.902792 48868 naive_actor.cpp:25] actor 1099511627780 switch to &NaiveActor::HandlerNormal
I1012 13:27:10.902839 48870 thread.cpp:96] Thread 1048579 construct Actor kCollectiveBoxingGeneric 2199029547024
I1012 13:27:10.902881 48868 thread.cpp:96] Thread 524288 construct Actor kNormalForward 1099511627780
I1012 13:27:10.902935 48870 runtime_context.cpp:29] DecreaseCounter constructing_actor_cnt, current val is 180
I1012 13:27:10.902978 48868 runtime_context.cpp:29] DecreaseCounter constructing_actor_cnt, current val is 179
I1012 13:27:10.903106 48867 naive_actor.cpp:25] actor 1099513724931 switch to &NaiveActor::HandlerNormal
I1012 13:27:10.903115 48870 naive_actor.cpp:25] actor 2199029547023 switch to &NaiveActor::HandlerNormal
I1012 13:27:10.903160 48867 thread.cpp:96] Thread 524289 construct Actor kNormalForward 1099513724931
I1012 13:27:10.903194 48870 thread.cpp:96] Thread 1048579 construct Actor kCollectiveBoxingGeneric 2199029547023
I1012 13:27:10.903240 48866 naive_actor.cpp:25] actor 2199023255556 switch to &NaiveActor::HandlerNormal
I1012 13:27:10.903275 48870 runtime_context.cpp:29] DecreaseCounter constructing_actor_cnt, current val is 177
I1012 13:27:10.903268 48867 runtime_context.cpp:29] DecreaseCounter constructing_actor_cnt, current val is 178
I1012 13:27:10.903283 48866 thread.cpp:96] Thread 1048576 construct Actor kNormalForward 2199023255556
I1012 13:27:10.903419 48866 runtime_context.cpp:29] DecreaseCounter constructing_actor_cnt, current val is 176
I1012 13:27:10.903473 48870 naive_actor.cpp:25] actor 2199029547021 switch to &NaiveActor::HandlerNormal
I1012 13:27:10.903514 48870 thread.cpp:96] Thread 1048579 construct Actor kCollectiveBoxingGeneric 2199029547021
I1012 13:27:10.903578 48870 runtime_context.cpp:29] DecreaseCounter constructing_actor_cnt, current val is 175
I1012 13:27:10.903637 48867 naive_actor.cpp:25] actor 1099513724932 switch to &NaiveActor::HandlerNormal
I1012 13:27:10.903687 48867 thread.cpp:96] Thread 524289 construct Actor kNormalForward 1099513724932
I1012 13:27:10.903753 48867 runtime_context.cpp:29] DecreaseCounter constructing_actor_cnt, current val is 174
I1012 13:27:10.903756 48870 naive_actor.cpp:25] actor 2199029547025 switch to &NaiveActor::HandlerNormal
I1012 13:27:10.903823 48870 thread.cpp:96] Thread 1048579 construct Actor kCollectiveBoxingGeneric 2199029547025
I1012 13:27:10.903872 48870 runtime_context.cpp:29] DecreaseCounter constructing_actor_cnt, current val is 173
I1012 13:27:10.904032 48870 naive_actor.cpp:25] actor 2199029547014 switch to &NaiveActor::HandlerNormal
I1012 13:27:10.904073 48870 thread.cpp:96] Thread 1048579 construct Actor kCollectiveBoxingGeneric 2199029547014
I1012 13:27:10.904119 48870 runtime_context.cpp:29] DecreaseCounter constructing_actor_cnt, current val is 172
I1012 13:27:10.904275 48866 naive_actor.cpp:25] actor 2199023255570 switch to &NaiveActor::HandlerNormal
I1012 13:27:10.904291 48870 naive_actor.cpp:25] actor 2199029547011 switch to &NaiveActor::HandlerNormal
I1012 13:27:10.904330 48866 thread.cpp:96] Thread 1048576 construct Actor kNormalForward 2199023255570
I1012 13:27:10.904363 48870 thread.cpp:96] Thread 1048579 construct Actor kCollectiveBoxingGeneric 2199029547011
I1012 13:27:10.904465 48870 runtime_context.cpp:29] DecreaseCounter constructing_actor_cnt, current val is 171
I1012 13:27:10.904469 48866 runtime_context.cpp:29] DecreaseCounter constructing_actor_cnt, current val is 170
I1012 13:27:10.904633 48870 naive_actor.cpp:25] actor 2199029547013 switch to &NaiveActor::HandlerNormal
I1012 13:27:10.904677 48870 thread.cpp:96] Thread 1048579 construct Actor kCollectiveBoxingGeneric 2199029547013
I1012 13:27:10.904822 48866 naive_actor.cpp:25] actor 2199023255557 switch to &NaiveActor::HandlerNormal
I1012 13:27:10.904832 48870 runtime_context.cpp:29] DecreaseCounter constructing_actor_cnt, current val is 169
I1012 13:27:10.904872 48866 thread.cpp:96] Thread 1048576 construct Actor kNormalForward 2199023255557
I1012 13:27:10.904981 48866 runtime_context.cpp:29] DecreaseCounter constructing_actor_cnt, current val is 168
I1012 13:27:10.905081 48870 naive_actor.cpp:25] actor 2199029547016 switch to &NaiveActor::HandlerNormal
I1012 13:27:10.905125 48870 thread.cpp:96] Thread 1048579 construct Actor kCollectiveBoxingGeneric 2199029547016
I1012 13:27:10.905177 48870 runtime_context.cpp:29] DecreaseCounter constructing_actor_cnt, current val is 167
I1012 13:27:10.905364 48870 naive_actor.cpp:25] actor 2199029547019 switch to &NaiveActor::HandlerNormal
I1012 13:27:10.905411 48870 thread.cpp:96] Thread 1048579 construct Actor kCollectiveBoxingGeneric 2199029547019
I1012 13:27:10.905483 48870 runtime_context.cpp:29] DecreaseCounter constructing_actor_cnt, current val is 166
I1012 13:27:10.905658 48868 naive_actor.cpp:25] actor 1099511627776 switch to &NaiveActor::HandlerNormal
I1012 13:27:10.905717 48868 thread.cpp:96] Thread 524288 construct Actor kNormalForward 1099511627776
I1012 13:27:10.905803 48868 runtime_context.cpp:29] DecreaseCounter constructing_actor_cnt, current val is 165
I1012 13:27:10.905974 48866 naive_actor.cpp:25] actor 2199023255562 switch to &NaiveActor::HandlerNormal
I1012 13:27:10.906025 48866 thread.cpp:96] Thread 1048576 construct Actor kNormalForward 2199023255562
I1012 13:27:10.906093 48866 runtime_context.cpp:29] DecreaseCounter constructing_actor_cnt, current val is 164
I1012 13:27:10.906420 48866 naive_actor.cpp:25] actor 2199023255586 switch to &NaiveActor::HandlerNormal
I1012 13:27:10.906483 48866 thread.cpp:96] Thread 1048576 construct Actor kNormalForward 2199023255586
I1012 13:27:10.906558 48866 runtime_context.cpp:29] DecreaseCounter constructing_actor_cnt, current val is 163
I1012 13:27:10.907279 48866 naive_actor.cpp:25] actor 2199023255565 switch to &NaiveActor::HandlerNormal
I1012 13:27:10.907330 48866 thread.cpp:96] Thread 1048576 construct Actor kNormalForward 2199023255565
I1012 13:27:10.907402 48866 runtime_context.cpp:29] DecreaseCounter constructing_actor_cnt, current val is 162
I1012 13:27:10.908275 48866 naive_actor.cpp:25] actor 2199023255569 switch to &NaiveActor::HandlerNormal
I1012 13:27:10.908309 48866 thread.cpp:96] Thread 1048576 construct Actor kNormalForward 2199023255569
I1012 13:27:10.908372 48866 runtime_context.cpp:29] DecreaseCounter constructing_actor_cnt, current val is 161
I1012 13:27:10.909181 48866 naive_actor.cpp:25] actor 2199023255555 switch to &NaiveActor::HandlerNormal
I1012 13:27:10.909230 48866 thread.cpp:96] Thread 1048576 construct Actor kNormalForward 2199023255555
I1012 13:27:10.909309 48866 runtime_context.cpp:29] DecreaseCounter constructing_actor_cnt, current val is 160
I1012 13:27:10.909634 48866 naive_actor.cpp:25] actor 2199023255553 switch to &NaiveActor::HandlerNormal
I1012 13:27:10.909693 48866 thread.cpp:96] Thread 1048576 construct Actor kNormalForward 2199023255553
I1012 13:27:10.909754 48866 runtime_context.cpp:29] DecreaseCounter constructing_actor_cnt, current val is 159
I1012 13:27:10.910689 48866 naive_actor.cpp:25] actor 2199023255567 switch to &NaiveActor::HandlerNormal
I1012 13:27:10.910732 48866 thread.cpp:96] Thread 1048576 construct Actor kNormalForward 2199023255567
I1012 13:27:10.910796 48866 runtime_context.cpp:29] DecreaseCounter constructing_actor_cnt, current val is 158
I1012 13:27:10.911655 48866 naive_actor.cpp:25] actor 2199023255572 switch to &NaiveActor::HandlerNormal
I1012 13:27:10.911702 48866 thread.cpp:96] Thread 1048576 construct Actor kNormalForward 2199023255572
I1012 13:27:10.911779 48866 runtime_context.cpp:29] DecreaseCounter constructing_actor_cnt, current val is 157
I1012 13:27:10.912102 48866 naive_actor.cpp:25] actor 2199023255596 switch to &NaiveActor::HandlerNormal
I1012 13:27:10.912192 48866 thread.cpp:96] Thread 1048576 construct Actor kNormalForward 2199023255596
I1012 13:27:10.912268 48866 runtime_context.cpp:29] DecreaseCounter constructing_actor_cnt, current val is 156
I1012 13:27:10.912591 48866 naive_actor.cpp:25] actor 2199023255566 switch to &NaiveActor::HandlerNormal
I1012 13:27:10.912640 48866 thread.cpp:96] Thread 1048576 construct Actor kNormalForward 2199023255566
I1012 13:27:10.912698 48866 runtime_context.cpp:29] DecreaseCounter constructing_actor_cnt, current val is 155
I1012 13:27:10.913473 48866 naive_actor.cpp:25] actor 2199023255625 switch to &NaiveActor::HandlerNormal
I1012 13:27:10.913506 48866 thread.cpp:96] Thread 1048576 construct Actor kNormalForward 2199023255625
I1012 13:27:10.913565 48866 runtime_context.cpp:29] DecreaseCounter constructing_actor_cnt, current val is 154
I1012 13:27:10.914268 48866 naive_actor.cpp:25] actor 2199023255590 switch to &NaiveActor::HandlerNormal
I1012 13:27:10.914319 48866 thread.cpp:96] Thread 1048576 construct Actor kNormalForward 2199023255590
I1012 13:27:10.914378 48866 runtime_context.cpp:29] DecreaseCounter constructing_actor_cnt, current val is 153
I1012 13:27:10.915169 48866 naive_actor.cpp:25] actor 2199023255559 switch to &NaiveActor::HandlerNormal
I1012 13:27:10.915221 48866 thread.cpp:96] Thread 1048576 construct Actor kNormalForward 2199023255559
I1012 13:27:10.915282 48866 runtime_context.cpp:29] DecreaseCounter constructing_actor_cnt, current val is 152
I1012 13:27:10.915963 48866 naive_actor.cpp:25] actor 2199023255585 switch to &NaiveActor::HandlerNormal
I1012 13:27:10.916015 48866 thread.cpp:96] Thread 1048576 construct Actor kNormalForward 2199023255585
I1012 13:27:10.916074 48866 runtime_context.cpp:29] DecreaseCounter constructing_actor_cnt, current val is 151
I1012 13:27:10.916932 48866 naive_actor.cpp:25] actor 2199023255592 switch to &NaiveActor::HandlerNormal
I1012 13:27:10.916982 48866 thread.cpp:96] Thread 1048576 construct Actor kNormalForward 2199023255592
I1012 13:27:10.917045 48866 runtime_context.cpp:29] DecreaseCounter constructing_actor_cnt, current val is 150
I1012 13:27:10.917341 48866 naive_actor.cpp:25] actor 2199023255578 switch to &NaiveActor::HandlerNormal
I1012 13:27:10.917392 48866 thread.cpp:96] Thread 1048576 construct Actor kNormalForward 2199023255578
I1012 13:27:10.917457 48866 runtime_context.cpp:29] DecreaseCounter constructing_actor_cnt, current val is 149
I1012 13:27:10.918367 48866 naive_actor.cpp:25] actor 2199023255587 switch to &NaiveActor::HandlerNormal
I1012 13:27:10.918406 48866 thread.cpp:96] Thread 1048576 construct Actor kNormalForward 2199023255587
I1012 13:27:10.918478 48866 runtime_context.cpp:29] DecreaseCounter constructing_actor_cnt, current val is 148
I1012 13:27:10.919167 48866 naive_actor.cpp:25] actor 2199023255580 switch to &NaiveActor::HandlerNormal
I1012 13:27:10.919220 48866 thread.cpp:96] Thread 1048576 construct Actor kNormalForward 2199023255580
I1012 13:27:10.919276 48866 runtime_context.cpp:29] DecreaseCounter constructing_actor_cnt, current val is 147
I1012 13:27:10.920073 48866 naive_actor.cpp:25] actor 2199023255594 switch to &NaiveActor::HandlerNormal
I1012 13:27:10.920117 48866 thread.cpp:96] Thread 1048576 construct Actor kNormalForward 2199023255594
I1012 13:27:10.920192 48866 runtime_context.cpp:29] DecreaseCounter constructing_actor_cnt, current val is 146
I1012 13:27:10.920517 48866 naive_actor.cpp:25] actor 2199023255581 switch to &NaiveActor::HandlerNormal
I1012 13:27:10.920562 48866 thread.cpp:96] Thread 1048576 construct Actor kNormalForward 2199023255581
I1012 13:27:10.920627 48866 runtime_context.cpp:29] DecreaseCounter constructing_actor_cnt, current val is 145
I1012 13:27:10.921442 48866 naive_actor.cpp:25] actor 2199023255605 switch to &NaiveActor::HandlerNormal
I1012 13:27:10.921490 48866 thread.cpp:96] Thread 1048576 construct Actor kNormalForward 2199023255605
I1012 13:27:10.921548 48866 runtime_context.cpp:29] DecreaseCounter constructing_actor_cnt, current val is 144
I1012 13:27:10.922365 48866 naive_actor.cpp:25] actor 2199023255589 switch to &NaiveActor::HandlerNormal
I1012 13:27:10.922408 48866 thread.cpp:96] Thread 1048576 construct Actor kNormalForward 2199023255589
I1012 13:27:10.922475 48866 runtime_context.cpp:29] DecreaseCounter constructing_actor_cnt, current val is 143
I1012 13:27:10.922747 48866 naive_actor.cpp:25] actor 2199023255593 switch to &NaiveActor::HandlerNormal
I1012 13:27:10.922797 48866 thread.cpp:96] Thread 1048576 construct Actor kNormalForward 2199023255593
I1012 13:27:10.922861 48866 runtime_context.cpp:29] DecreaseCounter constructing_actor_cnt, current val is 142
I1012 13:27:10.923691 48866 naive_actor.cpp:25] actor 2199023255560 switch to &NaiveActor::HandlerNormal
I1012 13:27:10.923739 48866 thread.cpp:96] Thread 1048576 construct Actor kNormalForward 2199023255560
I1012 13:27:10.923800 48866 runtime_context.cpp:29] DecreaseCounter constructing_actor_cnt, current val is 141
I1012 13:27:10.924568 48866 naive_actor.cpp:25] actor 2199023255584 switch to &NaiveActor::HandlerNormal
I1012 13:27:10.924618 48866 thread.cpp:96] Thread 1048576 construct Actor kNormalForward 2199023255584
I1012 13:27:10.924675 48866 runtime_context.cpp:29] DecreaseCounter constructing_actor_cnt, current val is 140
I1012 13:27:10.925460 48866 naive_actor.cpp:25] actor 2199023255564 switch to &NaiveActor::HandlerNormal
I1012 13:27:10.925508 48866 thread.cpp:96] Thread 1048576 construct Actor kNormalForward 2199023255564
I1012 13:27:10.925576 48866 runtime_context.cpp:29] DecreaseCounter constructing_actor_cnt, current val is 139
I1012 13:27:10.925900 48866 naive_actor.cpp:25] actor 2199023255617 switch to &NaiveActor::HandlerNormal
I1012 13:27:10.925949 48866 thread.cpp:96] Thread 1048576 construct Actor kNormalForward 2199023255617
I1012 13:27:10.926002 48866 runtime_context.cpp:29] DecreaseCounter constructing_actor_cnt, current val is 138
I1012 13:27:10.926815 48866 naive_actor.cpp:25] actor 2199023255577 switch to &NaiveActor::HandlerNormal
I1012 13:27:10.926867 48866 thread.cpp:96] Thread 1048576 construct Actor kNormalForward 2199023255577
I1012 13:27:10.926925 48866 runtime_context.cpp:29] DecreaseCounter constructing_actor_cnt, current val is 137
I1012 13:27:10.927654 48866 naive_actor.cpp:25] actor 2199023255641 switch to &NaiveActor::HandlerNormal
I1012 13:27:10.927703 48866 thread.cpp:96] Thread 1048576 construct Actor kNormalForward 2199023255641
I1012 13:27:10.927783 48866 runtime_context.cpp:29] DecreaseCounter constructing_actor_cnt, current val is 136
I1012 13:27:10.928649 48866 naive_actor.cpp:25] actor 2199023255665 switch to &NaiveActor::HandlerNormal
I1012 13:27:10.928699 48866 thread.cpp:96] Thread 1048576 construct Actor kNormalForward 2199023255665
I1012 13:27:10.928758 48866 runtime_context.cpp:29] DecreaseCounter constructing_actor_cnt, current val is 135
I1012 13:27:10.929042 48866 naive_actor.cpp:25] actor 2199023255573 switch to &NaiveActor::HandlerNormal
I1012 13:27:10.929091 48866 thread.cpp:96] Thread 1048576 construct Actor kNormalForward 2199023255573
I1012 13:27:10.929155 48866 runtime_context.cpp:29] DecreaseCounter constructing_actor_cnt, current val is 134
I1012 13:27:10.929957 48866 naive_actor.cpp:25] actor 2199023255639 switch to &NaiveActor::HandlerNormal
I1012 13:27:10.930001 48866 thread.cpp:96] Thread 1048576 construct Actor kNormalForward 2199023255639
I1012 13:27:10.930074 48866 runtime_context.cpp:29] DecreaseCounter constructing_actor_cnt, current val is 133
I1012 13:27:10.930917 48866 naive_actor.cpp:25] actor 2199023255558 switch to &NaiveActor::HandlerNormal
I1012 13:27:10.930964 48866 thread.cpp:96] Thread 1048576 construct Actor kNormalForward 2199023255558
I1012 13:27:10.931033 48866 runtime_context.cpp:29] DecreaseCounter constructing_actor_cnt, current val is 132
I1012 13:27:10.931705 48866 naive_actor.cpp:25] actor 2199023255663 switch to &NaiveActor::HandlerNormal
I1012 13:27:10.931735 48866 thread.cpp:96] Thread 1048576 construct Actor kNormalForward 2199023255663
I1012 13:27:10.931785 48866 runtime_context.cpp:29] DecreaseCounter constructing_actor_cnt, current val is 131
I1012 13:27:10.932086 48866 naive_actor.cpp:25] actor 2199023255687 switch to &NaiveActor::HandlerNormal
I1012 13:27:10.932134 48866 thread.cpp:96] Thread 1048576 construct Actor kNormalForward 2199023255687
I1012 13:27:10.932196 48866 runtime_context.cpp:29] DecreaseCounter constructing_actor_cnt, current val is 130
I1012 13:27:10.932924 48866 naive_actor.cpp:25] actor 2199023255649 switch to &NaiveActor::HandlerNormal
I1012 13:27:10.932971 48866 thread.cpp:96] Thread 1048576 construct Actor kNormalForward 2199023255649
I1012 13:27:10.933038 48866 runtime_context.cpp:29] DecreaseCounter constructing_actor_cnt, current val is 129
I1012 13:27:10.933331 48866 naive_actor.cpp:25] actor 2199023255614 switch to &NaiveActor::HandlerNormal
I1012 13:27:10.933377 48866 thread.cpp:96] Thread 1048576 construct Actor kNormalForward 2199023255614
I1012 13:27:10.933444 48866 runtime_context.cpp:29] DecreaseCounter constructing_actor_cnt, current val is 128
I1012 13:27:10.934060 48866 naive_actor.cpp:25] actor 2199023255673 switch to &NaiveActor::HandlerNormal
I1012 13:27:10.934106 48866 thread.cpp:96] Thread 1048576 construct Actor kNormalForward 2199023255673
I1012 13:27:10.934161 48866 runtime_context.cpp:29] DecreaseCounter constructing_actor_cnt, current val is 127
I1012 13:27:10.934437 48866 naive_actor.cpp:25] actor 2199023255583 switch to &NaiveActor::HandlerNormal
I1012 13:27:10.934482 48866 thread.cpp:96] Thread 1048576 construct Actor kNormalForward 2199023255583
I1012 13:27:10.934542 48866 runtime_context.cpp:29] DecreaseCounter constructing_actor_cnt, current val is 126
I1012 13:27:10.935178 48866 naive_actor.cpp:25] actor 2199023255575 switch to &NaiveActor::HandlerNormal
I1012 13:27:10.935223 48866 thread.cpp:96] Thread 1048576 construct Actor kNormalForward 2199023255575
I1012 13:27:10.935276 48866 runtime_context.cpp:29] DecreaseCounter constructing_actor_cnt, current val is 125
I1012 13:27:10.935962 48866 naive_actor.cpp:25] actor 2199023255607 switch to &NaiveActor::HandlerNormal
I1012 13:27:10.936007 48866 thread.cpp:96] Thread 1048576 construct Actor kNormalForward 2199023255607
I1012 13:27:10.936059 48866 runtime_context.cpp:29] DecreaseCounter constructing_actor_cnt, current val is 124
I1012 13:27:10.936743 48866 naive_actor.cpp:25] actor 2199023255634 switch to &NaiveActor::HandlerNormal
I1012 13:27:10.936798 48866 thread.cpp:96] Thread 1048576 construct Actor kNormalForward 2199023255634
I1012 13:27:10.936866 48866 runtime_context.cpp:29] DecreaseCounter constructing_actor_cnt, current val is 123
I1012 13:27:10.937638 48866 naive_actor.cpp:25] actor 2199023255629 switch to &NaiveActor::HandlerNormal
I1012 13:27:10.937686 48866 thread.cpp:96] Thread 1048576 construct Actor kNormalForward 2199023255629
I1012 13:27:10.937747 48866 runtime_context.cpp:29] DecreaseCounter constructing_actor_cnt, current val is 122
I1012 13:27:10.938043 48866 naive_actor.cpp:25] actor 2199023255616 switch to &NaiveActor::HandlerNormal
I1012 13:27:10.938087 48866 thread.cpp:96] Thread 1048576 construct Actor kNormalForward 2199023255616
I1012 13:27:10.938138 48866 runtime_context.cpp:29] DecreaseCounter constructing_actor_cnt, current val is 121
I1012 13:27:10.938782 48866 naive_actor.cpp:25] actor 2199023255602 switch to &NaiveActor::HandlerNormal
I1012 13:27:10.938828 48866 thread.cpp:96] Thread 1048576 construct Actor kNormalForward 2199023255602
I1012 13:27:10.938889 48866 runtime_context.cpp:29] DecreaseCounter constructing_actor_cnt, current val is 120
I1012 13:27:10.939641 48866 naive_actor.cpp:25] actor 2199023255604 switch to &NaiveActor::HandlerNormal
I1012 13:27:10.939688 48866 thread.cpp:96] Thread 1048576 construct Actor kNormalForward 2199023255604
I1012 13:27:10.939741 48866 runtime_context.cpp:29] DecreaseCounter constructing_actor_cnt, current val is 119
I1012 13:27:10.940440 48866 naive_actor.cpp:25] actor 2199023255610 switch to &NaiveActor::HandlerNormal
I1012 13:27:10.940488 48866 thread.cpp:96] Thread 1048576 construct Actor kNormalForward 2199023255610
I1012 13:27:10.940632 48866 runtime_context.cpp:29] DecreaseCounter constructing_actor_cnt, current val is 118
I1012 13:27:10.941372 48866 naive_actor.cpp:25] actor 2199023255632 switch to &NaiveActor::HandlerNormal
I1012 13:27:10.941418 48866 thread.cpp:96] Thread 1048576 construct Actor kNormalForward 2199023255632
I1012 13:27:10.941481 48866 runtime_context.cpp:29] DecreaseCounter constructing_actor_cnt, current val is 117
I1012 13:27:10.942119 48866 naive_actor.cpp:25] actor 2199023255613 switch to &NaiveActor::HandlerNormal
I1012 13:27:10.942167 48866 thread.cpp:96] Thread 1048576 construct Actor kNormalForward 2199023255613
I1012 13:27:10.942226 48866 runtime_context.cpp:29] DecreaseCounter constructing_actor_cnt, current val is 116
I1012 13:27:10.942903 48866 naive_actor.cpp:25] actor 2199023255579 switch to &NaiveActor::HandlerNormal
I1012 13:27:10.942945 48866 thread.cpp:96] Thread 1048576 construct Actor kNormalForward 2199023255579
I1012 13:27:10.943007 48866 runtime_context.cpp:29] DecreaseCounter constructing_actor_cnt, current val is 115
I1012 13:27:10.943617 48866 naive_actor.cpp:25] actor 2199023255608 switch to &NaiveActor::HandlerNormal
I1012 13:27:10.943645 48866 thread.cpp:96] Thread 1048576 construct Actor kNormalForward 2199023255608
I1012 13:27:10.943691 48866 runtime_context.cpp:29] DecreaseCounter constructing_actor_cnt, current val is 114
I1012 13:27:10.943944 48866 naive_actor.cpp:25] actor 2199023255588 switch to &NaiveActor::HandlerNormal
I1012 13:27:10.943984 48866 thread.cpp:96] Thread 1048576 construct Actor kNormalForward 2199023255588
I1012 13:27:10.944032 48866 runtime_context.cpp:29] DecreaseCounter constructing_actor_cnt, current val is 113
I1012 13:27:10.944288 48866 naive_actor.cpp:25] actor 2199023255591 switch to &NaiveActor::HandlerNormal
I1012 13:27:10.944314 48866 thread.cpp:96] Thread 1048576 construct Actor kNormalForward 2199023255591
I1012 13:27:10.944358 48866 runtime_context.cpp:29] DecreaseCounter constructing_actor_cnt, current val is 112
I1012 13:27:10.944953 48866 naive_actor.cpp:25] actor 2199023255601 switch to &NaiveActor::HandlerNormal
I1012 13:27:10.944994 48866 thread.cpp:96] Thread 1048576 construct Actor kNormalForward 2199023255601
I1012 13:27:10.945045 48866 runtime_context.cpp:29] DecreaseCounter constructing_actor_cnt, current val is 111
I1012 13:27:10.945292 48866 naive_actor.cpp:25] actor 2199023255615 switch to &NaiveActor::HandlerNormal
I1012 13:27:10.945333 48866 thread.cpp:96] Thread 1048576 construct Actor kNormalForward 2199023255615
I1012 13:27:10.945380 48866 runtime_context.cpp:29] DecreaseCounter constructing_actor_cnt, current val is 110
I1012 13:27:10.946126 48866 naive_actor.cpp:25] actor 2199023255597 switch to &NaiveActor::HandlerNormal
I1012 13:27:10.946169 48866 thread.cpp:96] Thread 1048576 construct Actor kNormalForward 2199023255597
I1012 13:27:10.946223 48866 runtime_context.cpp:29] DecreaseCounter constructing_actor_cnt, current val is 109
I1012 13:27:10.946858 48866 naive_actor.cpp:25] actor 2199023255552 switch to &NaiveActor::HandlerNormal
I1012 13:27:10.946904 48866 thread.cpp:96] Thread 1048576 construct Actor kNormalForward 2199023255552
I1012 13:27:10.946965 48866 runtime_context.cpp:29] DecreaseCounter constructing_actor_cnt, current val is 108
I1012 13:27:10.947685 48866 naive_actor.cpp:25] actor 2199023255582 switch to &NaiveActor::HandlerNormal
I1012 13:27:10.947726 48866 thread.cpp:96] Thread 1048576 construct Actor kNormalForward 2199023255582
I1012 13:27:10.947789 48866 runtime_context.cpp:29] DecreaseCounter constructing_actor_cnt, current val is 107
I1012 13:27:10.948041 48866 naive_actor.cpp:25] actor 2199023255711 switch to &NaiveActor::HandlerNormal
I1012 13:27:10.948084 48866 thread.cpp:96] Thread 1048576 construct Actor kNormalForward 2199023255711
I1012 13:27:10.948135 48866 runtime_context.cpp:29] DecreaseCounter constructing_actor_cnt, current val is 106
I1012 13:27:10.948797 48866 naive_actor.cpp:25] actor 2199023255574 switch to &NaiveActor::HandlerNormal
I1012 13:27:10.948841 48866 thread.cpp:96] Thread 1048576 construct Actor kNormalForward 2199023255574
I1012 13:27:10.948938 48866 runtime_context.cpp:29] DecreaseCounter constructing_actor_cnt, current val is 105
I1012 13:27:10.949196 48866 naive_actor.cpp:25] actor 2199023255697 switch to &NaiveActor::HandlerNormal
I1012 13:27:10.949257 48866 thread.cpp:96] Thread 1048576 construct Actor kNormalForward 2199023255697
I1012 13:27:10.949306 48866 runtime_context.cpp:29] DecreaseCounter constructing_actor_cnt, current val is 104
I1012 13:27:10.949965 48866 naive_actor.cpp:25] actor 2199023255622 switch to &NaiveActor::HandlerNormal
I1012 13:27:10.950008 48866 thread.cpp:96] Thread 1048576 construct Actor kNormalForward 2199023255622
I1012 13:27:10.950070 48866 runtime_context.cpp:29] DecreaseCounter constructing_actor_cnt, current val is 103
I1012 13:27:10.950732 48866 naive_actor.cpp:25] actor 2199023255599 switch to &NaiveActor::HandlerNormal
I1012 13:27:10.950776 48866 thread.cpp:96] Thread 1048576 construct Actor kNormalForward 2199023255599
I1012 13:27:10.950826 48866 runtime_context.cpp:29] DecreaseCounter constructing_actor_cnt, current val is 102
I1012 13:27:10.951390 48866 naive_actor.cpp:25] actor 2199023255646 switch to &NaiveActor::HandlerNormal
I1012 13:27:10.951436 48866 thread.cpp:96] Thread 1048576 construct Actor kNormalForward 2199023255646
I1012 13:27:10.951494 48866 runtime_context.cpp:29] DecreaseCounter constructing_actor_cnt, current val is 101
I1012 13:27:10.952118 48866 naive_actor.cpp:25] actor 2199023255609 switch to &NaiveActor::HandlerNormal
I1012 13:27:10.952160 48866 thread.cpp:96] Thread 1048576 construct Actor kNormalForward 2199023255609
I1012 13:27:10.952209 48866 runtime_context.cpp:29] DecreaseCounter constructing_actor_cnt, current val is 100
I1012 13:27:10.952785 48866 naive_actor.cpp:25] actor 2199023255658 switch to &NaiveActor::HandlerNormal
I1012 13:27:10.952826 48866 thread.cpp:96] Thread 1048576 construct Actor kNormalForward 2199023255658
I1012 13:27:10.952874 48866 runtime_context.cpp:29] DecreaseCounter constructing_actor_cnt, current val is 99
I1012 13:27:10.953531 48866 naive_actor.cpp:25] actor 2199023255653 switch to &NaiveActor::HandlerNormal
I1012 13:27:10.953572 48866 thread.cpp:96] Thread 1048576 construct Actor kNormalForward 2199023255653
I1012 13:27:10.953624 48866 runtime_context.cpp:29] DecreaseCounter constructing_actor_cnt, current val is 98
I1012 13:27:10.954308 48866 naive_actor.cpp:25] actor 2199023255640 switch to &NaiveActor::HandlerNormal
I1012 13:27:10.954350 48866 thread.cpp:96] Thread 1048576 construct Actor kNormalForward 2199023255640
I1012 13:27:10.954402 48866 runtime_context.cpp:29] DecreaseCounter constructing_actor_cnt, current val is 97
I1012 13:27:10.954967 48866 naive_actor.cpp:25] actor 2199023255611 switch to &NaiveActor::HandlerNormal
I1012 13:27:10.955006 48866 thread.cpp:96] Thread 1048576 construct Actor kNormalForward 2199023255611
I1012 13:27:10.955061 48866 runtime_context.cpp:29] DecreaseCounter constructing_actor_cnt, current val is 96
I1012 13:27:10.955303 48866 naive_actor.cpp:25] actor 2199023255571 switch to &NaiveActor::HandlerNormal
I1012 13:27:10.955343 48866 thread.cpp:96] Thread 1048576 construct Actor kNormalForward 2199023255571
I1012 13:27:10.955389 48866 runtime_context.cpp:29] DecreaseCounter constructing_actor_cnt, current val is 95
I1012 13:27:10.955935 48866 naive_actor.cpp:25] actor 2199023255595 switch to &NaiveActor::HandlerNormal
I1012 13:27:10.955977 48866 thread.cpp:96] Thread 1048576 construct Actor kNormalForward 2199023255595
I1012 13:27:10.956048 48866 runtime_context.cpp:29] DecreaseCounter constructing_actor_cnt, current val is 94
I1012 13:27:10.956714 48866 naive_actor.cpp:25] actor 2199023255656 switch to &NaiveActor::HandlerNormal
I1012 13:27:10.956763 48866 thread.cpp:96] Thread 1048576 construct Actor kNormalForward 2199023255656
I1012 13:27:10.956816 48866 runtime_context.cpp:29] DecreaseCounter constructing_actor_cnt, current val is 93
I1012 13:27:10.957445 48866 naive_actor.cpp:25] actor 2199023255621 switch to &NaiveActor::HandlerNormal
I1012 13:27:10.957551 48866 thread.cpp:96] Thread 1048576 construct Actor kNormalForward 2199023255621
I1012 13:27:10.957620 48866 runtime_context.cpp:29] DecreaseCounter constructing_actor_cnt, current val is 92
I1012 13:27:10.958254 48866 naive_actor.cpp:25] actor 2199023255603 switch to &NaiveActor::HandlerNormal
I1012 13:27:10.958297 48866 thread.cpp:96] Thread 1048576 construct Actor kNormalForward 2199023255603
I1012 13:27:10.958348 48866 runtime_context.cpp:29] DecreaseCounter constructing_actor_cnt, current val is 91
I1012 13:27:10.959033 48866 naive_actor.cpp:25] actor 2199023255636 switch to &NaiveActor::HandlerNormal
I1012 13:27:10.959075 48866 thread.cpp:96] Thread 1048576 construct Actor kNormalForward 2199023255636
I1012 13:27:10.959136 48866 runtime_context.cpp:29] DecreaseCounter constructing_actor_cnt, current val is 90
I1012 13:27:10.959746 48866 naive_actor.cpp:25] actor 2199023255612 switch to &NaiveActor::HandlerNormal
I1012 13:27:10.959789 48866 thread.cpp:96] Thread 1048576 construct Actor kNormalForward 2199023255612
I1012 13:27:10.959838 48866 runtime_context.cpp:29] DecreaseCounter constructing_actor_cnt, current val is 89
I1012 13:27:10.960090 48866 naive_actor.cpp:25] actor 2199023255689 switch to &NaiveActor::HandlerNormal
I1012 13:27:10.960129 48866 thread.cpp:96] Thread 1048576 construct Actor kNormalForward 2199023255689
I1012 13:27:10.960175 48866 runtime_context.cpp:29] DecreaseCounter constructing_actor_cnt, current val is 88
I1012 13:27:10.960386 48866 naive_actor.cpp:25] actor 2199023255713 switch to &NaiveActor::HandlerNormal
I1012 13:27:10.960438 48866 thread.cpp:96] Thread 1048576 construct Actor kNormalForward 2199023255713
I1012 13:27:10.960506 48866 runtime_context.cpp:29] DecreaseCounter constructing_actor_cnt, current val is 87
I1012 13:27:10.961078 48866 naive_actor.cpp:25] actor 2199023255624 switch to &NaiveActor::HandlerNormal
I1012 13:27:10.961118 48866 thread.cpp:96] Thread 1048576 construct Actor kNormalForward 2199023255624
I1012 13:27:10.961166 48866 runtime_context.cpp:29] DecreaseCounter constructing_actor_cnt, current val is 86
I1012 13:27:10.961417 48866 naive_actor.cpp:25] actor 2199023255576 switch to &NaiveActor::HandlerNormal
I1012 13:27:10.961462 48866 thread.cpp:96] Thread 1048576 construct Actor kNormalForward 2199023255576
I1012 13:27:10.961513 48866 runtime_context.cpp:29] DecreaseCounter constructing_actor_cnt, current val is 85
I1012 13:27:10.962095 48866 naive_actor.cpp:25] actor 2199023255600 switch to &NaiveActor::HandlerNormal
I1012 13:27:10.962133 48866 thread.cpp:96] Thread 1048576 construct Actor kNormalForward 2199023255600
I1012 13:27:10.962189 48866 runtime_context.cpp:29] DecreaseCounter constructing_actor_cnt, current val is 84
I1012 13:27:10.962419 48866 naive_actor.cpp:25] actor 2199023255598 switch to &NaiveActor::HandlerNormal
I1012 13:27:10.962464 48866 thread.cpp:96] Thread 1048576 construct Actor kNormalForward 2199023255598
I1012 13:27:10.962507 48866 runtime_context.cpp:29] DecreaseCounter constructing_actor_cnt, current val is 83
I1012 13:27:10.962743 48866 naive_actor.cpp:25] actor 2199023255721 switch to &NaiveActor::HandlerNormal
I1012 13:27:10.962767 48866 thread.cpp:96] Thread 1048576 construct Actor kNormalForward 2199023255721
I1012 13:27:10.962806 48866 runtime_context.cpp:29] DecreaseCounter constructing_actor_cnt, current val is 82
I1012 13:27:10.963418 48866 naive_actor.cpp:25] actor 2199023255619 switch to &NaiveActor::HandlerNormal
I1012 13:27:10.963454 48866 thread.cpp:96] Thread 1048576 construct Actor kNormalForward 2199023255619
I1012 13:27:10.963517 48866 runtime_context.cpp:29] DecreaseCounter constructing_actor_cnt, current val is 81
I1012 13:27:10.964128 48866 naive_actor.cpp:25] actor 2199023255670 switch to &NaiveActor::HandlerNormal
I1012 13:27:10.964169 48866 thread.cpp:96] Thread 1048576 construct Actor kNormalForward 2199023255670
I1012 13:27:10.964217 48866 runtime_context.cpp:29] DecreaseCounter constructing_actor_cnt, current val is 80
I1012 13:27:10.964859 48866 naive_actor.cpp:25] actor 2199023255643 switch to &NaiveActor::HandlerNormal
I1012 13:27:10.964912 48866 thread.cpp:96] Thread 1048576 construct Actor kNormalForward 2199023255643
I1012 13:27:10.964968 48866 runtime_context.cpp:29] DecreaseCounter constructing_actor_cnt, current val is 79
I1012 13:27:10.965523 48866 naive_actor.cpp:25] actor 2199023255682 switch to &NaiveActor::HandlerNormal
I1012 13:27:10.965569 48866 thread.cpp:96] Thread 1048576 construct Actor kNormalForward 2199023255682
I1012 13:27:10.965616 48866 runtime_context.cpp:29] DecreaseCounter constructing_actor_cnt, current val is 78
I1012 13:27:10.966174 48866 naive_actor.cpp:25] actor 2199023255677 switch to &NaiveActor::HandlerNormal
I1012 13:27:10.966217 48866 thread.cpp:96] Thread 1048576 construct Actor kNormalForward 2199023255677
