Log file created at: 2021/10/13 18:23:29
Running on machine: oneflow-14
Log line format: [IWEF]mmdd hh:mm:ss.uuuuuu threadid file:line] msg
I1013 18:23:29.563822 41360 global.h:36] NewGlobal 14cudaDeviceProp
I1013 18:23:29.587893 41360 global.h:36] NewGlobal N7oneflow7EnvDescE
I1013 18:23:29.587918 41360 global.h:36] NewGlobal N7oneflow10ProcessCtxE
I1013 18:23:29.587929 41360 env_global_objects_scope.cpp:159] using rpc backend: gRPC
I1013 18:23:29.587935 41360 global.h:36] NewGlobal N7oneflow10CtrlServerE
I1013 18:23:29.588701 41360 ctrl_server.cpp:40] CtrlServer listening on 0.0.0.0:42470
I1013 18:23:29.588876 41360 rank_info_bootstrap_server.cpp:47] RankInfoBootstrapServer listening on 0.0.0.0:29500
I1013 18:23:29.589780 41360 rpc_client.cpp:187] LoadServer 127.0.0.1 Successful at 0 times
I1013 18:23:29.610055 41360 ctrl_bootstrap.cpp:76] 
ctrl_addr {
  host: "127.0.0.1"
  port: 42470
}
ctrl_addr {
  host: "127.0.0.1"
  port: 39229
}
rank: 0
node_size: 1
I1013 18:23:29.612438 41360 rpc_client.cpp:187] LoadServer 127.0.0.1 Successful at 0 times
I1013 18:23:29.613199 41360 rpc_client.cpp:187] LoadServer 127.0.0.1 Successful at 0 times
I1013 18:23:29.613255 41360 global.h:36] NewGlobal N7oneflow12ResourceDescE
I1013 18:23:29.613268 41360 global.h:36] NewGlobal N7oneflow12ResourceDescE
I1013 18:23:29.753348 41360 global.h:36] NewGlobal N7oneflow10ThreadPoolE
I1013 18:23:29.755259 41360 global.h:36] NewGlobal N7oneflow16EagerNcclCommMgrE
I1013 18:23:29.755273 41360 global.h:36] NewGlobal N7oneflow18CudnnConvAlgoCacheE
I1013 18:23:29.755280 41360 global.h:36] NewGlobal N7oneflow2vm19VirtualMachineScopeE
I1013 18:23:29.755286 41360 global.h:36] NewGlobal N7oneflow9OneflowVME
I1013 18:23:29.755825 41360 oneflow_vm.cpp:75] transport stream type: N7oneflow2vm13CpuStreamTypeE
I1013 18:23:29.755841 41360 oneflow_vm.cpp:75] transport stream type: N7oneflow2vm14CudaStreamTypeE
I1013 18:23:29.755846 41360 oneflow_vm.cpp:75] transport stream type: N7oneflow2vm19AsyncCudaStreamTypeE
I1013 18:23:29.756573 41360 global.h:36] NewGlobal N7oneflow27EagerJobBuildAndInferCtxMgrE
I1013 18:23:29.756621 41360 global.h:36] NewGlobal N7oneflow12EpollCommNetE
I1013 18:23:29.756826 41360 epoll_comm_network.cpp:63] CommNet:Epoll listening on 0.0.0.0:37936
I1013 18:23:29.757663 41360 epoll_comm_network.cpp:197] machine 0 sockfd -1
I1013 18:23:29.757683 41360 epoll_comm_network.cpp:197] machine 1 sockfd 42
I1013 18:23:29.757781 41360 global.h:36] NewGlobal N7oneflow9TransportE
I1013 18:23:29.757926 41360 global.h:36] NewGlobal N7oneflow25MultiClientSessionContextE
I1013 18:23:32.906899 41704 eager_nccl_comm_manager.cpp:69]  EagerNcclCommMgr::ncclCommInitRank device_vec.size() = 2, nccl_unique_id = 0200ffffff95330b0b010e000000000000000000000000000000000000000000000000000000000000000000000000000000000000000000000000000000000000000000000000000000000000000000000000000000000000000000000000000000000000000000000000000000000000000000000000000000000000000000000000, rank = 0, key = {eager_nccl_unique_id_rpc_key,0:0,1:1}
I1013 18:23:33.294364 41360 version.cpp:22] OneFlow git version: b295ca2324
I1013 18:23:33.294406 41360 device_register_gpu.cpp:56] CUDA runtime version: 11.2
I1013 18:23:33.294428 41360 device_register_gpu.cpp:65] cuDNN version: 8.1.1
I1013 18:23:33.294435 41360 device_register_gpu.cpp:78] NCCL version: 2.9.8
I1013 18:23:33.294440 41360 global.h:43] DeleteGlobal N7oneflow12ResourceDescE
I1013 18:23:33.294457 41360 global.h:36] NewGlobal N7oneflow12ResourceDescE
I1013 18:23:33.294464 41360 global.h:36] NewGlobal N7oneflow5IDMgrE
I1013 18:23:33.294471 41360 global.h:36] NewGlobal N7oneflow26LazyJobBuildAndInferCtxMgrE
I1013 18:23:33.294476 41360 global.h:36] NewGlobal N7oneflow9BufferMgrISt10shared_ptrINS_11JobInstanceEEEE
I1013 18:23:33.294481 41360 global.h:36] NewGlobal N7oneflow10RuntimeCtxE
I1013 18:23:33.294485 41360 global.h:36] NewGlobal N7oneflow15MemoryAllocatorE
I1013 18:23:33.294489 41360 global.h:36] NewGlobal N7oneflow8ChunkMgrE
I1013 18:23:33.294493 41360 global.h:36] NewGlobal N7oneflow8RegstMgrE
I1013 18:23:33.294497 41360 global.h:36] NewGlobal N7oneflow11ActorMsgBusE
I1013 18:23:33.294595 41360 global.h:36] NewGlobal N7oneflow9ThreadMgrE
I1013 18:23:33.294626 41360 global.h:36] NewGlobal N7oneflow15RuntimeJobDescsE
I1013 18:23:33.294634 41360 global.h:36] NewGlobal N7oneflow7summary12EventsWriterE
I1013 18:23:33.294643 41360 global.h:36] NewGlobal N7oneflow6boxing10collective24CollectiveBoxingExecutorE
I1013 18:23:33.294667 41360 global.h:36] NewGlobal N7oneflow6boxing10collective31CollectiveBoxingDeviceCtxPollerE
I1013 18:23:33.299299 41360 global.h:36] NewGlobal N7oneflow7JobDescE
I1013 18:23:33.473163 41360 global.h:43] DeleteGlobal N7oneflow7JobDescE
I1013 18:23:33.473223 41360 global.h:36] NewGlobal N7oneflow7JobDescE
I1013 18:23:33.812994 41360 global.h:43] DeleteGlobal N7oneflow7JobDescE
I1013 18:23:33.849871 41360 global.h:36] NewGlobal N7oneflow7JobDescE
I1013 18:23:34.194434 41360 global.h:36] NewGlobal N7oneflow7OpGraphE
I1013 18:23:34.307988 41360 global.h:43] DeleteGlobal N7oneflow7OpGraphE
I1013 18:23:34.321619 41360 nn_graph.cpp:241] 
job_id: 0 , job_name: WideAndDeepTrainGraph_0 , compile time: 0.471634 seconds.
I1013 18:23:34.323689 41360 plan_util.cpp:928]  Plan: WideAndDeepTrainGraph_0 needs to allocate [ 1140.66 MiB ] device memory in Rank: 1 , Device: 1
I1013 18:23:34.323731 41360 plan_util.cpp:928]  Plan: WideAndDeepTrainGraph_0 needs to allocate [ 1136.63 MiB ] device memory in Rank: 0 , Device: 0
I1013 18:23:35.259553 41360 runtime_context.cpp:21] NewCounter constructing_actor_cnt 237
I1013 18:23:35.260519 41890 wait_and_send_ids_actor.cpp:53] actor 1099520016384 switch to &WaitAndSendIdsActor::HandlerWaitToStart
I1013 18:23:35.260875 41887 naive_actor.cpp:25] actor 1099517919235 switch to &NaiveActor::HandlerNormal
I1013 18:23:35.260895 41884 naive_actor.cpp:25] actor 2199023255745 switch to &NaiveActor::HandlerNormal
I1013 18:23:35.260740 41890 thread.cpp:96] Thread 524292 construct Actor kWaitAndSendIds 1099520016384
I1013 18:23:35.261057 41884 thread.cpp:96] Thread 1048576 construct Actor kDeviceTick 2199023255745
I1013 18:23:35.260998 41887 thread.cpp:96] Thread 524291 construct Actor kDeviceTick 1099517919235
I1013 18:23:35.261348 41890 runtime_context.cpp:29] DecreaseCounter constructing_actor_cnt, current val is 236
I1013 18:23:35.261349 41884 runtime_context.cpp:29] DecreaseCounter constructing_actor_cnt, current val is 235
I1013 18:23:35.261380 41887 runtime_context.cpp:29] DecreaseCounter constructing_actor_cnt, current val is 234
I1013 18:23:35.269119 41889 naive_actor.cpp:25] actor 2199029547020 switch to &NaiveActor::HandlerNormal
I1013 18:23:35.269215 41889 thread.cpp:96] Thread 1048579 construct Actor kCollectiveBoxingGeneric 2199029547020
I1013 18:23:35.269299 41889 runtime_context.cpp:29] DecreaseCounter constructing_actor_cnt, current val is 233
I1013 18:23:35.269325 41893 naive_actor.cpp:25] actor 2199025352705 switch to &NaiveActor::HandlerNormal
I1013 18:23:35.269407 41887 naive_actor.cpp:25] actor 1099517919232 switch to &NaiveActor::HandlerNormal
I1013 18:23:35.269450 41893 thread.cpp:96] Thread 1048577 construct Actor kCopyHd 2199025352705
I1013 18:23:35.269475 41891 sink_actor.cpp:21] actor 1099522113536 switch to &SinkActor::HandlerNormal
I1013 18:23:35.269477 41884 naive_actor.cpp:25] actor 2199023255557 switch to &NaiveActor::HandlerNormal
I1013 18:23:35.269510 41889 naive_actor.cpp:25] actor 2199029547010 switch to &NaiveActor::HandlerNormal
I1013 18:23:35.269536 41887 thread.cpp:96] Thread 524291 construct Actor kDeviceTick 1099517919232
I1013 18:23:35.269631 41893 runtime_context.cpp:29] DecreaseCounter constructing_actor_cnt, current val is 232
I1013 18:23:35.269734 41891 thread.cpp:96] Thread 524293 construct Actor kCallbackNotify 1099522113536
I1013 18:23:35.269847 41884 thread.cpp:96] Thread 1048576 construct Actor kNormalForward 2199023255557
I1013 18:23:35.269882 41889 thread.cpp:96] Thread 1048579 construct Actor kCollectiveBoxingGeneric 2199029547010
I1013 18:23:35.269976 41887 runtime_context.cpp:29] DecreaseCounter constructing_actor_cnt, current val is 231
I1013 18:23:35.270233 41891 runtime_context.cpp:29] DecreaseCounter constructing_actor_cnt, current val is 230
I1013 18:23:35.270274 41893 naive_actor.cpp:25] actor 2199025352708 switch to &NaiveActor::HandlerNormal
I1013 18:23:35.270332 41889 runtime_context.cpp:29] DecreaseCounter constructing_actor_cnt, current val is 229
I1013 18:23:35.270341 41884 runtime_context.cpp:29] DecreaseCounter constructing_actor_cnt, current val is 228
I1013 18:23:35.270577 41893 thread.cpp:96] Thread 1048577 construct Actor kCopyHd 2199025352708
I1013 18:23:35.270581 41885 naive_actor.cpp:25] actor 1099513724928 switch to &NaiveActor::HandlerNormal
I1013 18:23:35.270740 41889 naive_actor.cpp:25] actor 2199029547013 switch to &NaiveActor::HandlerNormal
I1013 18:23:35.270792 41893 runtime_context.cpp:29] DecreaseCounter constructing_actor_cnt, current val is 227
I1013 18:23:35.270856 41887 naive_actor.cpp:25] actor 1099517919237 switch to &NaiveActor::HandlerNormal
I1013 18:23:35.270862 41885 thread.cpp:96] Thread 524289 construct Actor kNormalForward 1099513724928
I1013 18:23:35.270896 41889 thread.cpp:96] Thread 1048579 construct Actor kCollectiveBoxingGeneric 2199029547013
I1013 18:23:35.271142 41885 runtime_context.cpp:29] DecreaseCounter constructing_actor_cnt, current val is 226
I1013 18:23:35.271107 41884 naive_actor.cpp:25] actor 2199023255561 switch to &NaiveActor::HandlerNormal
I1013 18:23:35.271118 41893 naive_actor.cpp:25] actor 2199025352707 switch to &NaiveActor::HandlerNormal
I1013 18:23:35.271008 41887 thread.cpp:96] Thread 524291 construct Actor kDstSubsetTick 1099517919237
I1013 18:23:35.271173 41889 runtime_context.cpp:29] DecreaseCounter constructing_actor_cnt, current val is 225
I1013 18:23:35.271224 41884 thread.cpp:96] Thread 1048576 construct Actor kNormalForward 2199023255561
I1013 18:23:35.271306 41893 thread.cpp:96] Thread 1048577 construct Actor kCopyHd 2199025352707
I1013 18:23:35.271400 41887 runtime_context.cpp:29] DecreaseCounter constructing_actor_cnt, current val is 224
I1013 18:23:35.271479 41889 naive_actor.cpp:25] actor 2199029547011 switch to &NaiveActor::HandlerNormal
I1013 18:23:35.271495 41884 runtime_context.cpp:29] DecreaseCounter constructing_actor_cnt, current val is 223
I1013 18:23:35.271507 41893 runtime_context.cpp:29] DecreaseCounter constructing_actor_cnt, current val is 222
I1013 18:23:35.271574 41889 thread.cpp:96] Thread 1048579 construct Actor kCollectiveBoxingGeneric 2199029547011
I1013 18:23:35.271777 41889 runtime_context.cpp:29] DecreaseCounter constructing_actor_cnt, current val is 221
I1013 18:23:35.271889 41893 naive_actor.cpp:25] actor 2199025352706 switch to &NaiveActor::HandlerNormal
I1013 18:23:35.271900 41889 naive_actor.cpp:25] actor 2199029547009 switch to &NaiveActor::HandlerNormal
I1013 18:23:35.271981 41889 thread.cpp:96] Thread 1048579 construct Actor kCollectiveBoxingGeneric 2199029547009
I1013 18:23:35.271967 41893 thread.cpp:96] Thread 1048577 construct Actor kCopyHd 2199025352706
I1013 18:23:35.271936 41887 naive_actor.cpp:25] actor 1099517919234 switch to &NaiveActor::HandlerNormal
I1013 18:23:35.272024 41889 runtime_context.cpp:29] DecreaseCounter constructing_actor_cnt, current val is 220
I1013 18:23:35.272083 41893 runtime_context.cpp:29] DecreaseCounter constructing_actor_cnt, current val is 219
I1013 18:23:35.272109 41887 thread.cpp:96] Thread 524291 construct Actor kSrcSubsetTick 1099517919234
I1013 18:23:35.272254 41889 naive_actor.cpp:25] actor 2199029547012 switch to &NaiveActor::HandlerNormal
I1013 18:23:35.272287 41889 thread.cpp:96] Thread 1048579 construct Actor kCollectiveBoxingGeneric 2199029547012
I1013 18:23:35.272289 41887 runtime_context.cpp:29] DecreaseCounter constructing_actor_cnt, current val is 218
I1013 18:23:35.272331 41889 runtime_context.cpp:29] DecreaseCounter constructing_actor_cnt, current val is 217
I1013 18:23:35.272356 41893 naive_actor.cpp:25] actor 2199025352704 switch to &NaiveActor::HandlerNormal
I1013 18:23:35.272446 41893 thread.cpp:96] Thread 1048577 construct Actor kCopyHd 2199025352704
I1013 18:23:35.272516 41893 runtime_context.cpp:29] DecreaseCounter constructing_actor_cnt, current val is 216
I1013 18:23:35.272500 41885 naive_actor.cpp:25] actor 1099513724929 switch to &NaiveActor::HandlerNormal
I1013 18:23:35.272563 41889 naive_actor.cpp:25] actor 2199029547019 switch to &NaiveActor::HandlerNormal
I1013 18:23:35.272683 41887 naive_actor.cpp:25] actor 1099517919236 switch to &NaiveActor::HandlerNormal
I1013 18:23:35.272907 41885 thread.cpp:96] Thread 524289 construct Actor kNormalForward 1099513724929
I1013 18:23:35.272936 41889 thread.cpp:96] Thread 1048579 construct Actor kCollectiveBoxingGeneric 2199029547019
I1013 18:23:35.272974 41884 naive_actor.cpp:25] actor 2199023255585 switch to &NaiveActor::HandlerNormal
I1013 18:23:35.273007 41887 thread.cpp:96] Thread 524291 construct Actor kTick 1099517919236
I1013 18:23:35.273118 41889 runtime_context.cpp:29] DecreaseCounter constructing_actor_cnt, current val is 215
I1013 18:23:35.273124 41885 runtime_context.cpp:29] DecreaseCounter constructing_actor_cnt, current val is 214
I1013 18:23:35.273154 41884 thread.cpp:96] Thread 1048576 construct Actor kNormalForward 2199023255585
I1013 18:23:35.273233 41887 runtime_context.cpp:29] DecreaseCounter constructing_actor_cnt, current val is 213
I1013 18:23:35.273366 41884 runtime_context.cpp:29] DecreaseCounter constructing_actor_cnt, current val is 212
I1013 18:23:35.273384 41889 naive_actor.cpp:25] actor 2199029547008 switch to &NaiveActor::HandlerNormal
I1013 18:23:35.273483 41889 thread.cpp:96] Thread 1048579 construct Actor kCollectiveBoxingGeneric 2199029547008
I1013 18:23:35.273559 41889 runtime_context.cpp:29] DecreaseCounter constructing_actor_cnt, current val is 211
I1013 18:23:35.273710 41885 naive_actor.cpp:25] actor 1099513724932 switch to &NaiveActor::HandlerNormal
I1013 18:23:35.273752 41887 naive_actor.cpp:25] actor 1099517919233 switch to &NaiveActor::HandlerNormal
I1013 18:23:35.273802 41885 thread.cpp:96] Thread 524289 construct Actor kNormalForward 1099513724932
I1013 18:23:35.273838 41887 thread.cpp:96] Thread 524291 construct Actor kDeviceTick 1099517919233
I1013 18:23:35.273953 41885 runtime_context.cpp:29] DecreaseCounter constructing_actor_cnt, current val is 210
I1013 18:23:35.273988 41887 runtime_context.cpp:29] DecreaseCounter constructing_actor_cnt, current val is 209
I1013 18:23:35.273850 41889 naive_actor.cpp:25] actor 2199029547018 switch to &NaiveActor::HandlerNormal
I1013 18:23:35.274147 41889 thread.cpp:96] Thread 1048579 construct Actor kCollectiveBoxingGeneric 2199029547018
I1013 18:23:35.274217 41889 runtime_context.cpp:29] DecreaseCounter constructing_actor_cnt, current val is 208
I1013 18:23:35.274425 41887 naive_actor.cpp:25] actor 1099517919239 switch to &NaiveActor::HandlerNormal
I1013 18:23:35.274456 41889 naive_actor.cpp:25] actor 2199029547016 switch to &NaiveActor::HandlerNormal
I1013 18:23:35.274497 41887 thread.cpp:96] Thread 524291 construct Actor kTick 1099517919239
I1013 18:23:35.274597 41889 thread.cpp:96] Thread 1048579 construct Actor kCollectiveBoxingGeneric 2199029547016
I1013 18:23:35.274718 41887 runtime_context.cpp:29] DecreaseCounter constructing_actor_cnt, current val is 207
I1013 18:23:35.274724 41889 runtime_context.cpp:29] DecreaseCounter constructing_actor_cnt, current val is 206
I1013 18:23:35.274899 41884 naive_actor.cpp:25] actor 2199023255554 switch to &NaiveActor::HandlerNormal
I1013 18:23:35.274964 41884 thread.cpp:96] Thread 1048576 construct Actor kNormalForward 2199023255554
I1013 18:23:35.275002 41889 naive_actor.cpp:25] actor 2199029547025 switch to &NaiveActor::HandlerNormal
I1013 18:23:35.275048 41889 thread.cpp:96] Thread 1048579 construct Actor kCollectiveBoxingGeneric 2199029547025
I1013 18:23:35.275049 41884 runtime_context.cpp:29] DecreaseCounter constructing_actor_cnt, current val is 205
I1013 18:23:35.275111 41889 runtime_context.cpp:29] DecreaseCounter constructing_actor_cnt, current val is 204
I1013 18:23:35.275142 41887 naive_actor.cpp:25] actor 1099517919238 switch to &NaiveActor::HandlerNormal
I1013 18:23:35.275166 41885 naive_actor.cpp:25] actor 1099513724931 switch to &NaiveActor::HandlerNormal
I1013 18:23:35.275230 41887 thread.cpp:96] Thread 524291 construct Actor kTick 1099517919238
I1013 18:23:35.275308 41885 thread.cpp:96] Thread 524289 construct Actor kNormalForward 1099513724931
I1013 18:23:35.275377 41889 naive_actor.cpp:25] actor 2199029547015 switch to &NaiveActor::HandlerNormal
I1013 18:23:35.275406 41887 runtime_context.cpp:29] DecreaseCounter constructing_actor_cnt, current val is 203
I1013 18:23:35.275413 41885 runtime_context.cpp:29] DecreaseCounter constructing_actor_cnt, current val is 202
I1013 18:23:35.275441 41889 thread.cpp:96] Thread 1048579 construct Actor kCollectiveBoxingGeneric 2199029547015
I1013 18:23:35.275533 41884 naive_actor.cpp:25] actor 2199023255570 switch to &NaiveActor::HandlerNormal
I1013 18:23:35.275588 41889 runtime_context.cpp:29] DecreaseCounter constructing_actor_cnt, current val is 201
I1013 18:23:35.275609 41884 thread.cpp:96] Thread 1048576 construct Actor kNormalForward 2199023255570
I1013 18:23:35.275766 41884 runtime_context.cpp:29] DecreaseCounter constructing_actor_cnt, current val is 200
I1013 18:23:35.275789 41885 naive_actor.cpp:25] actor 1099513724930 switch to &NaiveActor::HandlerNormal
I1013 18:23:35.275858 41889 naive_actor.cpp:25] actor 2199029547021 switch to &NaiveActor::HandlerNormal
I1013 18:23:35.275935 41885 thread.cpp:96] Thread 524289 construct Actor kNormalForward 1099513724930
I1013 18:23:35.276029 41889 thread.cpp:96] Thread 1048579 construct Actor kCollectiveBoxingGeneric 2199029547021
I1013 18:23:35.276161 41885 runtime_context.cpp:29] DecreaseCounter constructing_actor_cnt, current val is 199
I1013 18:23:35.276183 41889 runtime_context.cpp:29] DecreaseCounter constructing_actor_cnt, current val is 198
I1013 18:23:35.276628 41889 naive_actor.cpp:25] actor 2199029547023 switch to &NaiveActor::HandlerNormal
I1013 18:23:35.276739 41889 thread.cpp:96] Thread 1048579 construct Actor kCollectiveBoxingGeneric 2199029547023
I1013 18:23:35.276808 41889 runtime_context.cpp:29] DecreaseCounter constructing_actor_cnt, current val is 197
I1013 18:23:35.276988 41889 naive_actor.cpp:25] actor 2199029547017 switch to &NaiveActor::HandlerNormal
I1013 18:23:35.277037 41889 thread.cpp:96] Thread 1048579 construct Actor kCollectiveBoxingGeneric 2199029547017
I1013 18:23:35.277089 41889 runtime_context.cpp:29] DecreaseCounter constructing_actor_cnt, current val is 196
I1013 18:23:35.277204 41884 naive_actor.cpp:25] actor 2199023255594 switch to &NaiveActor::HandlerNormal
I1013 18:23:35.277263 41884 thread.cpp:96] Thread 1048576 construct Actor kNormalForward 2199023255594
I1013 18:23:35.277285 41889 naive_actor.cpp:25] actor 2199029547022 switch to &NaiveActor::HandlerNormal
I1013 18:23:35.277329 41884 runtime_context.cpp:29] DecreaseCounter constructing_actor_cnt, current val is 195
I1013 18:23:35.277328 41889 thread.cpp:96] Thread 1048579 construct Actor kCollectiveBoxingGeneric 2199029547022
I1013 18:23:35.277422 41889 runtime_context.cpp:29] DecreaseCounter constructing_actor_cnt, current val is 194
I1013 18:23:35.277614 41889 naive_actor.cpp:25] actor 2199029547014 switch to &NaiveActor::HandlerNormal
I1013 18:23:35.277675 41889 thread.cpp:96] Thread 1048579 construct Actor kCollectiveBoxingGeneric 2199029547014
I1013 18:23:35.277738 41889 runtime_context.cpp:29] DecreaseCounter constructing_actor_cnt, current val is 193
I1013 18:23:35.277923 41889 naive_actor.cpp:25] actor 2199029547024 switch to &NaiveActor::HandlerNormal
I1013 18:23:35.277974 41889 thread.cpp:96] Thread 1048579 construct Actor kCollectiveBoxingGeneric 2199029547024
I1013 18:23:35.278033 41889 runtime_context.cpp:29] DecreaseCounter constructing_actor_cnt, current val is 192
I1013 18:23:35.278038 41884 naive_actor.cpp:25] actor 2199023255562 switch to &NaiveActor::HandlerNormal
I1013 18:23:35.278118 41884 thread.cpp:96] Thread 1048576 construct Actor kNormalForward 2199023255562
I1013 18:23:35.278177 41884 runtime_context.cpp:29] DecreaseCounter constructing_actor_cnt, current val is 191
I1013 18:23:35.278872 41884 naive_actor.cpp:25] actor 2199023255574 switch to &NaiveActor::HandlerNormal
I1013 18:23:35.278980 41884 thread.cpp:96] Thread 1048576 construct Actor kNormalForward 2199023255574
I1013 18:23:35.279045 41884 runtime_context.cpp:29] DecreaseCounter constructing_actor_cnt, current val is 190
I1013 18:23:35.279724 41884 naive_actor.cpp:25] actor 2199023255558 switch to &NaiveActor::HandlerNormal
I1013 18:23:35.279762 41884 thread.cpp:96] Thread 1048576 construct Actor kNormalForward 2199023255558
I1013 18:23:35.279822 41884 runtime_context.cpp:29] DecreaseCounter constructing_actor_cnt, current val is 189
I1013 18:23:35.280062 41884 naive_actor.cpp:25] actor 2199023255598 switch to &NaiveActor::HandlerNormal
I1013 18:23:35.280103 41884 thread.cpp:96] Thread 1048576 construct Actor kNormalForward 2199023255598
I1013 18:23:35.280155 41884 runtime_context.cpp:29] DecreaseCounter constructing_actor_cnt, current val is 188
I1013 18:23:35.280746 41884 naive_actor.cpp:25] actor 2199023255555 switch to &NaiveActor::HandlerNormal
I1013 18:23:35.280786 41884 thread.cpp:96] Thread 1048576 construct Actor kNormalForward 2199023255555
I1013 18:23:35.280838 41884 runtime_context.cpp:29] DecreaseCounter constructing_actor_cnt, current val is 187
I1013 18:23:35.280910 41886 naive_actor.cpp:25] actor 1099511627776 switch to &NaiveActor::HandlerNormal
I1013 18:23:35.280947 41886 thread.cpp:96] Thread 524288 construct Actor kNormalForward 1099511627776
I1013 18:23:35.281023 41886 runtime_context.cpp:29] DecreaseCounter constructing_actor_cnt, current val is 186
I1013 18:23:35.281455 41884 naive_actor.cpp:25] actor 2199023255556 switch to &NaiveActor::HandlerNormal
I1013 18:23:35.281495 41884 thread.cpp:96] Thread 1048576 construct Actor kNormalForward 2199023255556
I1013 18:23:35.281548 41884 runtime_context.cpp:29] DecreaseCounter constructing_actor_cnt, current val is 185
I1013 18:23:35.281834 41886 naive_actor.cpp:25] actor 1099511627778 switch to &NaiveActor::HandlerNormal
I1013 18:23:35.281916 41886 thread.cpp:96] Thread 524288 construct Actor kNormalForward 1099511627778
I1013 18:23:35.281985 41886 runtime_context.cpp:29] DecreaseCounter constructing_actor_cnt, current val is 184
I1013 18:23:35.282194 41884 naive_actor.cpp:25] actor 2199023255560 switch to &NaiveActor::HandlerNormal
I1013 18:23:35.282232 41884 thread.cpp:96] Thread 1048576 construct Actor kNormalForward 2199023255560
I1013 18:23:35.282290 41884 runtime_context.cpp:29] DecreaseCounter constructing_actor_cnt, current val is 183
I1013 18:23:35.282763 41886 naive_actor.cpp:25] actor 1099511627777 switch to &NaiveActor::HandlerNormal
I1013 18:23:35.282794 41884 naive_actor.cpp:25] actor 2199023255565 switch to &NaiveActor::HandlerNormal
I1013 18:23:35.282815 41886 thread.cpp:96] Thread 524288 construct Actor kNormalForward 1099511627777
I1013 18:23:35.282848 41884 thread.cpp:96] Thread 1048576 construct Actor kNormalForward 2199023255565
I1013 18:23:35.282940 41886 runtime_context.cpp:29] DecreaseCounter constructing_actor_cnt, current val is 182
I1013 18:23:35.282945 41884 runtime_context.cpp:29] DecreaseCounter constructing_actor_cnt, current val is 181
I1013 18:23:35.283185 41884 naive_actor.cpp:25] actor 2199023255563 switch to &NaiveActor::HandlerNormal
I1013 18:23:35.283224 41884 thread.cpp:96] Thread 1048576 construct Actor kNormalForward 2199023255563
I1013 18:23:35.283275 41884 runtime_context.cpp:29] DecreaseCounter constructing_actor_cnt, current val is 180
I1013 18:23:35.283572 41886 naive_actor.cpp:25] actor 1099511627780 switch to &NaiveActor::HandlerNormal
I1013 18:23:35.283622 41886 thread.cpp:96] Thread 524288 construct Actor kNormalForward 1099511627780
I1013 18:23:35.283687 41886 runtime_context.cpp:29] DecreaseCounter constructing_actor_cnt, current val is 179
I1013 18:23:35.283926 41884 naive_actor.cpp:25] actor 2199023255569 switch to &NaiveActor::HandlerNormal
I1013 18:23:35.283962 41884 thread.cpp:96] Thread 1048576 construct Actor kNormalForward 2199023255569
I1013 18:23:35.283983 41886 naive_actor.cpp:25] actor 1099511627779 switch to &NaiveActor::HandlerNormal
I1013 18:23:35.284034 41884 runtime_context.cpp:29] DecreaseCounter constructing_actor_cnt, current val is 178
I1013 18:23:35.284046 41886 thread.cpp:96] Thread 524288 construct Actor kNormalForward 1099511627779
I1013 18:23:35.284162 41886 runtime_context.cpp:29] DecreaseCounter constructing_actor_cnt, current val is 177
I1013 18:23:35.284312 41884 naive_actor.cpp:25] actor 2199023255568 switch to &NaiveActor::HandlerNormal
I1013 18:23:35.284349 41884 thread.cpp:96] Thread 1048576 construct Actor kNormalForward 2199023255568
I1013 18:23:35.284397 41884 runtime_context.cpp:29] DecreaseCounter constructing_actor_cnt, current val is 176
I1013 18:23:35.285248 41884 naive_actor.cpp:25] actor 2199023255566 switch to &NaiveActor::HandlerNormal
I1013 18:23:35.285286 41884 thread.cpp:96] Thread 1048576 construct Actor kNormalForward 2199023255566
I1013 18:23:35.285337 41884 runtime_context.cpp:29] DecreaseCounter constructing_actor_cnt, current val is 175
I1013 18:23:35.285904 41884 naive_actor.cpp:25] actor 2199023255592 switch to &NaiveActor::HandlerNormal
I1013 18:23:35.285953 41884 thread.cpp:96] Thread 1048576 construct Actor kNormalForward 2199023255592
I1013 18:23:35.286007 41884 runtime_context.cpp:29] DecreaseCounter constructing_actor_cnt, current val is 174
I1013 18:23:35.286609 41884 naive_actor.cpp:25] actor 2199023255590 switch to &NaiveActor::HandlerNormal
I1013 18:23:35.286653 41884 thread.cpp:96] Thread 1048576 construct Actor kNormalForward 2199023255590
I1013 18:23:35.286706 41884 runtime_context.cpp:29] DecreaseCounter constructing_actor_cnt, current val is 173
I1013 18:23:35.287295 41884 naive_actor.cpp:25] actor 2199023255564 switch to &NaiveActor::HandlerNormal
I1013 18:23:35.287329 41884 thread.cpp:96] Thread 1048576 construct Actor kNormalForward 2199023255564
I1013 18:23:35.287380 41884 runtime_context.cpp:29] DecreaseCounter constructing_actor_cnt, current val is 172
I1013 18:23:35.288007 41884 naive_actor.cpp:25] actor 2199023255567 switch to &NaiveActor::HandlerNormal
I1013 18:23:35.288044 41884 thread.cpp:96] Thread 1048576 construct Actor kNormalForward 2199023255567
I1013 18:23:35.288098 41884 runtime_context.cpp:29] DecreaseCounter constructing_actor_cnt, current val is 171
I1013 18:23:35.288309 41884 naive_actor.cpp:25] actor 2199023255553 switch to &NaiveActor::HandlerNormal
I1013 18:23:35.288342 41884 thread.cpp:96] Thread 1048576 construct Actor kNormalForward 2199023255553
I1013 18:23:35.288391 41884 runtime_context.cpp:29] DecreaseCounter constructing_actor_cnt, current val is 170
I1013 18:23:35.288609 41884 naive_actor.cpp:25] actor 2199023255577 switch to &NaiveActor::HandlerNormal
I1013 18:23:35.288645 41884 thread.cpp:96] Thread 1048576 construct Actor kNormalForward 2199023255577
I1013 18:23:35.288691 41884 runtime_context.cpp:29] DecreaseCounter constructing_actor_cnt, current val is 169
I1013 18:23:35.289521 41884 naive_actor.cpp:25] actor 2199023255601 switch to &NaiveActor::HandlerNormal
I1013 18:23:35.289561 41884 thread.cpp:96] Thread 1048576 construct Actor kNormalForward 2199023255601
I1013 18:23:35.289618 41884 runtime_context.cpp:29] DecreaseCounter constructing_actor_cnt, current val is 168
I1013 18:23:35.290232 41884 naive_actor.cpp:25] actor 2199023255581 switch to &NaiveActor::HandlerNormal
I1013 18:23:35.290274 41884 thread.cpp:96] Thread 1048576 construct Actor kNormalForward 2199023255581
I1013 18:23:35.290325 41884 runtime_context.cpp:29] DecreaseCounter constructing_actor_cnt, current val is 167
I1013 18:23:35.290892 41884 naive_actor.cpp:25] actor 2199023255559 switch to &NaiveActor::HandlerNormal
I1013 18:23:35.290930 41884 thread.cpp:96] Thread 1048576 construct Actor kNormalForward 2199023255559
I1013 18:23:35.290980 41884 runtime_context.cpp:29] DecreaseCounter constructing_actor_cnt, current val is 166
I1013 18:23:35.291587 41884 naive_actor.cpp:25] actor 2199023255609 switch to &NaiveActor::HandlerNormal
I1013 18:23:35.291620 41884 thread.cpp:96] Thread 1048576 construct Actor kNormalForward 2199023255609
I1013 18:23:35.291678 41884 runtime_context.cpp:29] DecreaseCounter constructing_actor_cnt, current val is 165
I1013 18:23:35.292277 41884 naive_actor.cpp:25] actor 2199023255578 switch to &NaiveActor::HandlerNormal
I1013 18:23:35.292333 41884 thread.cpp:96] Thread 1048576 construct Actor kNormalForward 2199023255578
I1013 18:23:35.292389 41884 runtime_context.cpp:29] DecreaseCounter constructing_actor_cnt, current val is 164
I1013 18:23:35.292892 41884 naive_actor.cpp:25] actor 2199023255572 switch to &NaiveActor::HandlerNormal
I1013 18:23:35.292933 41884 thread.cpp:96] Thread 1048576 construct Actor kNormalForward 2199023255572
I1013 18:23:35.292984 41884 runtime_context.cpp:29] DecreaseCounter constructing_actor_cnt, current val is 163
I1013 18:23:35.293514 41884 naive_actor.cpp:25] actor 2199023255618 switch to &NaiveActor::HandlerNormal
I1013 18:23:35.293551 41884 thread.cpp:96] Thread 1048576 construct Actor kNormalForward 2199023255618
I1013 18:23:35.293608 41884 runtime_context.cpp:29] DecreaseCounter constructing_actor_cnt, current val is 162
I1013 18:23:35.293825 41884 naive_actor.cpp:25] actor 2199023255596 switch to &NaiveActor::HandlerNormal
I1013 18:23:35.293864 41884 thread.cpp:96] Thread 1048576 construct Actor kNormalForward 2199023255596
I1013 18:23:35.293927 41884 runtime_context.cpp:29] DecreaseCounter constructing_actor_cnt, current val is 161
I1013 18:23:35.294476 41884 naive_actor.cpp:25] actor 2199023255552 switch to &NaiveActor::HandlerNormal
I1013 18:23:35.294513 41884 thread.cpp:96] Thread 1048576 construct Actor kNormalForward 2199023255552
I1013 18:23:35.294574 41884 runtime_context.cpp:29] DecreaseCounter constructing_actor_cnt, current val is 160
I1013 18:23:35.295171 41884 naive_actor.cpp:25] actor 2199023255620 switch to &NaiveActor::HandlerNormal
I1013 18:23:35.295209 41884 thread.cpp:96] Thread 1048576 construct Actor kNormalForward 2199023255620
I1013 18:23:35.295259 41884 runtime_context.cpp:29] DecreaseCounter constructing_actor_cnt, current val is 159
I1013 18:23:35.295877 41884 naive_actor.cpp:25] actor 2199023255576 switch to &NaiveActor::HandlerNormal
I1013 18:23:35.295917 41884 thread.cpp:96] Thread 1048576 construct Actor kNormalForward 2199023255576
I1013 18:23:35.295971 41884 runtime_context.cpp:29] DecreaseCounter constructing_actor_cnt, current val is 158
I1013 18:23:35.296186 41884 naive_actor.cpp:25] actor 2199023255582 switch to &NaiveActor::HandlerNormal
I1013 18:23:35.296218 41884 thread.cpp:96] Thread 1048576 construct Actor kNormalForward 2199023255582
I1013 18:23:35.296275 41884 runtime_context.cpp:29] DecreaseCounter constructing_actor_cnt, current val is 157
I1013 18:23:35.296789 41884 naive_actor.cpp:25] actor 2199023255622 switch to &NaiveActor::HandlerNormal
I1013 18:23:35.296828 41884 thread.cpp:96] Thread 1048576 construct Actor kNormalForward 2199023255622
I1013 18:23:35.296878 41884 runtime_context.cpp:29] DecreaseCounter constructing_actor_cnt, current val is 156
I1013 18:23:35.297447 41884 naive_actor.cpp:25] actor 2199023255571 switch to &NaiveActor::HandlerNormal
I1013 18:23:35.297478 41884 thread.cpp:96] Thread 1048576 construct Actor kNormalForward 2199023255571
I1013 18:23:35.297530 41884 runtime_context.cpp:29] DecreaseCounter constructing_actor_cnt, current val is 155
I1013 18:23:35.298038 41884 naive_actor.cpp:25] actor 2199023255579 switch to &NaiveActor::HandlerNormal
I1013 18:23:35.298070 41884 thread.cpp:96] Thread 1048576 construct Actor kNormalForward 2199023255579
I1013 18:23:35.298118 41884 runtime_context.cpp:29] DecreaseCounter constructing_actor_cnt, current val is 154
I1013 18:23:35.298949 41884 naive_actor.cpp:25] actor 2199023255580 switch to &NaiveActor::HandlerNormal
I1013 18:23:35.298991 41884 thread.cpp:96] Thread 1048576 construct Actor kNormalForward 2199023255580
I1013 18:23:35.299042 41884 runtime_context.cpp:29] DecreaseCounter constructing_actor_cnt, current val is 153
I1013 18:23:35.299257 41884 naive_actor.cpp:25] actor 2199023255584 switch to &NaiveActor::HandlerNormal
I1013 18:23:35.299295 41884 thread.cpp:96] Thread 1048576 construct Actor kNormalForward 2199023255584
I1013 18:23:35.299342 41884 runtime_context.cpp:29] DecreaseCounter constructing_actor_cnt, current val is 152
I1013 18:23:35.300438 41884 naive_actor.cpp:25] actor 2199023255608 switch to &NaiveActor::HandlerNormal
I1013 18:23:35.300489 41884 thread.cpp:96] Thread 1048576 construct Actor kNormalForward 2199023255608
I1013 18:23:35.300534 41884 runtime_context.cpp:29] DecreaseCounter constructing_actor_cnt, current val is 151
I1013 18:23:35.300761 41884 naive_actor.cpp:25] actor 2199023255589 switch to &NaiveActor::HandlerNormal
I1013 18:23:35.300801 41884 thread.cpp:96] Thread 1048576 construct Actor kNormalForward 2199023255589
I1013 18:23:35.300848 41884 runtime_context.cpp:29] DecreaseCounter constructing_actor_cnt, current val is 150
I1013 18:23:35.301421 41884 naive_actor.cpp:25] actor 2199023255613 switch to &NaiveActor::HandlerNormal
I1013 18:23:35.301457 41884 thread.cpp:96] Thread 1048576 construct Actor kNormalForward 2199023255613
I1013 18:23:35.301502 41884 runtime_context.cpp:29] DecreaseCounter constructing_actor_cnt, current val is 149
I1013 18:23:35.302361 41884 naive_actor.cpp:25] actor 2199023255587 switch to &NaiveActor::HandlerNormal
I1013 18:23:35.302398 41884 thread.cpp:96] Thread 1048576 construct Actor kNormalForward 2199023255587
I1013 18:23:35.302449 41884 runtime_context.cpp:29] DecreaseCounter constructing_actor_cnt, current val is 148
I1013 18:23:35.303020 41884 naive_actor.cpp:25] actor 2199023255639 switch to &NaiveActor::HandlerNormal
I1013 18:23:35.303061 41884 thread.cpp:96] Thread 1048576 construct Actor kNormalForward 2199023255639
I1013 18:23:35.303113 41884 runtime_context.cpp:29] DecreaseCounter constructing_actor_cnt, current val is 147
I1013 18:23:35.303723 41884 naive_actor.cpp:25] actor 2199023255611 switch to &NaiveActor::HandlerNormal
I1013 18:23:35.303755 41884 thread.cpp:96] Thread 1048576 construct Actor kNormalForward 2199023255611
I1013 18:23:35.303807 41884 runtime_context.cpp:29] DecreaseCounter constructing_actor_cnt, current val is 146
I1013 18:23:35.304283 41884 naive_actor.cpp:25] actor 2199023255616 switch to &NaiveActor::HandlerNormal
I1013 18:23:35.304318 41884 thread.cpp:96] Thread 1048576 construct Actor kNormalForward 2199023255616
I1013 18:23:35.304366 41884 runtime_context.cpp:29] DecreaseCounter constructing_actor_cnt, current val is 145
I1013 18:23:35.304955 41884 naive_actor.cpp:25] actor 2199023255614 switch to &NaiveActor::HandlerNormal
I1013 18:23:35.304994 41884 thread.cpp:96] Thread 1048576 construct Actor kNormalForward 2199023255614
I1013 18:23:35.305048 41884 runtime_context.cpp:29] DecreaseCounter constructing_actor_cnt, current val is 144
I1013 18:23:35.305652 41884 naive_actor.cpp:25] actor 2199023255588 switch to &NaiveActor::HandlerNormal
I1013 18:23:35.305691 41884 thread.cpp:96] Thread 1048576 construct Actor kNormalForward 2199023255588
I1013 18:23:35.305745 41884 runtime_context.cpp:29] DecreaseCounter constructing_actor_cnt, current val is 143
I1013 18:23:35.305963 41884 naive_actor.cpp:25] actor 2199023255591 switch to &NaiveActor::HandlerNormal
I1013 18:23:35.306000 41884 thread.cpp:96] Thread 1048576 construct Actor kNormalForward 2199023255591
I1013 18:23:35.306048 41884 runtime_context.cpp:29] DecreaseCounter constructing_actor_cnt, current val is 142
I1013 18:23:35.306280 41884 naive_actor.cpp:25] actor 2199023255612 switch to &NaiveActor::HandlerNormal
I1013 18:23:35.306318 41884 thread.cpp:96] Thread 1048576 construct Actor kNormalForward 2199023255612
I1013 18:23:35.306365 41884 runtime_context.cpp:29] DecreaseCounter constructing_actor_cnt, current val is 141
I1013 18:23:35.306871 41884 naive_actor.cpp:25] actor 2199023255615 switch to &NaiveActor::HandlerNormal
I1013 18:23:35.306912 41884 thread.cpp:96] Thread 1048576 construct Actor kNormalForward 2199023255615
I1013 18:23:35.306959 41884 runtime_context.cpp:29] DecreaseCounter constructing_actor_cnt, current val is 140
I1013 18:23:35.307170 41884 naive_actor.cpp:25] actor 2199023255605 switch to &NaiveActor::HandlerNormal
I1013 18:23:35.307206 41884 thread.cpp:96] Thread 1048576 construct Actor kNormalForward 2199023255605
I1013 18:23:35.307315 41884 runtime_context.cpp:29] DecreaseCounter constructing_actor_cnt, current val is 139
I1013 18:23:35.307969 41884 naive_actor.cpp:25] actor 2199023255583 switch to &NaiveActor::HandlerNormal
I1013 18:23:35.308009 41884 thread.cpp:96] Thread 1048576 construct Actor kNormalForward 2199023255583
I1013 18:23:35.308061 41884 runtime_context.cpp:29] DecreaseCounter constructing_actor_cnt, current val is 138
I1013 18:23:35.308658 41884 naive_actor.cpp:25] actor 2199023255648 switch to &NaiveActor::HandlerNormal
I1013 18:23:35.308696 41884 thread.cpp:96] Thread 1048576 construct Actor kNormalForward 2199023255648
I1013 18:23:35.308748 41884 runtime_context.cpp:29] DecreaseCounter constructing_actor_cnt, current val is 137
I1013 18:23:35.309356 41884 naive_actor.cpp:25] actor 2199023255602 switch to &NaiveActor::HandlerNormal
I1013 18:23:35.309392 41884 thread.cpp:96] Thread 1048576 construct Actor kNormalForward 2199023255602
I1013 18:23:35.309444 41884 runtime_context.cpp:29] DecreaseCounter constructing_actor_cnt, current val is 136
I1013 18:23:35.310269 41884 naive_actor.cpp:25] actor 2199023255573 switch to &NaiveActor::HandlerNormal
I1013 18:23:35.310310 41884 thread.cpp:96] Thread 1048576 construct Actor kNormalForward 2199023255573
I1013 18:23:35.310360 41884 runtime_context.cpp:29] DecreaseCounter constructing_actor_cnt, current val is 135
I1013 18:23:35.310981 41884 naive_actor.cpp:25] actor 2199023255633 switch to &NaiveActor::HandlerNormal
I1013 18:23:35.311020 41884 thread.cpp:96] Thread 1048576 construct Actor kNormalForward 2199023255633
I1013 18:23:35.311075 41884 runtime_context.cpp:29] DecreaseCounter constructing_actor_cnt, current val is 134
I1013 18:23:35.311653 41884 naive_actor.cpp:25] actor 2199023255657 switch to &NaiveActor::HandlerNormal
I1013 18:23:35.311691 41884 thread.cpp:96] Thread 1048576 construct Actor kNormalForward 2199023255657
I1013 18:23:35.311744 41884 runtime_context.cpp:29] DecreaseCounter constructing_actor_cnt, current val is 133
I1013 18:23:35.312690 41884 naive_actor.cpp:25] actor 2199023255600 switch to &NaiveActor::HandlerNormal
I1013 18:23:35.312808 41884 thread.cpp:96] Thread 1048576 construct Actor kNormalForward 2199023255600
I1013 18:23:35.312911 41884 runtime_context.cpp:29] DecreaseCounter constructing_actor_cnt, current val is 132
I1013 18:23:35.313915 41884 naive_actor.cpp:25] actor 2199023255606 switch to &NaiveActor::HandlerNormal
I1013 18:23:35.313975 41884 thread.cpp:96] Thread 1048576 construct Actor kNormalForward 2199023255606
I1013 18:23:35.314095 41884 runtime_context.cpp:29] DecreaseCounter constructing_actor_cnt, current val is 131
I1013 18:23:35.315184 41884 naive_actor.cpp:25] actor 2199023255595 switch to &NaiveActor::HandlerNormal
I1013 18:23:35.315241 41884 thread.cpp:96] Thread 1048576 construct Actor kNormalForward 2199023255595
I1013 18:23:35.315330 41884 runtime_context.cpp:29] DecreaseCounter constructing_actor_cnt, current val is 130
I1013 18:23:35.315730 41884 naive_actor.cpp:25] actor 2199023255603 switch to &NaiveActor::HandlerNormal
I1013 18:23:35.315783 41884 thread.cpp:96] Thread 1048576 construct Actor kNormalForward 2199023255603
I1013 18:23:35.315860 41884 runtime_context.cpp:29] DecreaseCounter constructing_actor_cnt, current val is 129
I1013 18:23:35.316888 41884 naive_actor.cpp:25] actor 2199023255604 switch to &NaiveActor::HandlerNormal
I1013 18:23:35.316946 41884 thread.cpp:96] Thread 1048576 construct Actor kNormalForward 2199023255604
I1013 18:23:35.317031 41884 runtime_context.cpp:29] DecreaseCounter constructing_actor_cnt, current val is 128
I1013 18:23:35.317504 41884 naive_actor.cpp:25] actor 2199023255628 switch to &NaiveActor::HandlerNormal
I1013 18:23:35.317556 41884 thread.cpp:96] Thread 1048576 construct Actor kNormalForward 2199023255628
I1013 18:23:35.317648 41884 runtime_context.cpp:29] DecreaseCounter constructing_actor_cnt, current val is 127
I1013 18:23:35.318023 41884 naive_actor.cpp:25] actor 2199023255575 switch to &NaiveActor::HandlerNormal
I1013 18:23:35.318080 41884 thread.cpp:96] Thread 1048576 construct Actor kNormalForward 2199023255575
I1013 18:23:35.318208 41884 runtime_context.cpp:29] DecreaseCounter constructing_actor_cnt, current val is 126
I1013 18:23:35.319159 41884 naive_actor.cpp:25] actor 2199023255638 switch to &NaiveActor::HandlerNormal
I1013 18:23:35.319226 41884 thread.cpp:96] Thread 1048576 construct Actor kNormalForward 2199023255638
I1013 18:23:35.319311 41884 runtime_context.cpp:29] DecreaseCounter constructing_actor_cnt, current val is 125
I1013 18:23:35.320268 41884 naive_actor.cpp:25] actor 2199023255663 switch to &NaiveActor::HandlerNormal
I1013 18:23:35.320328 41884 thread.cpp:96] Thread 1048576 construct Actor kNormalForward 2199023255663
I1013 18:23:35.320410 41884 runtime_context.cpp:29] DecreaseCounter constructing_actor_cnt, current val is 124
I1013 18:23:35.321310 41884 naive_actor.cpp:25] actor 2199023255625 switch to &NaiveActor::HandlerNormal
I1013 18:23:35.321365 41884 thread.cpp:96] Thread 1048576 construct Actor kNormalForward 2199023255625
I1013 18:23:35.321445 41884 runtime_context.cpp:29] DecreaseCounter constructing_actor_cnt, current val is 123
I1013 18:23:35.322446 41884 naive_actor.cpp:25] actor 2199023255646 switch to &NaiveActor::HandlerNormal
I1013 18:23:35.322501 41884 thread.cpp:96] Thread 1048576 construct Actor kNormalForward 2199023255646
I1013 18:23:35.322602 41884 runtime_context.cpp:29] DecreaseCounter constructing_actor_cnt, current val is 122
I1013 18:23:35.323400 41884 naive_actor.cpp:25] actor 2199023255607 switch to &NaiveActor::HandlerNormal
I1013 18:23:35.323454 41884 thread.cpp:96] Thread 1048576 construct Actor kNormalForward 2199023255607
I1013 18:23:35.323529 41884 runtime_context.cpp:29] DecreaseCounter constructing_actor_cnt, current val is 121
I1013 18:23:35.324574 41884 naive_actor.cpp:25] actor 2199023255670 switch to &NaiveActor::HandlerNormal
I1013 18:23:35.324630 41884 thread.cpp:96] Thread 1048576 construct Actor kNormalForward 2199023255670
I1013 18:23:35.324714 41884 runtime_context.cpp:29] DecreaseCounter constructing_actor_cnt, current val is 120
I1013 18:23:35.325814 41884 naive_actor.cpp:25] actor 2199023255672 switch to &NaiveActor::HandlerNormal
I1013 18:23:35.325917 41884 thread.cpp:96] Thread 1048576 construct Actor kNormalForward 2199023255672
I1013 18:23:35.326015 41884 runtime_context.cpp:29] DecreaseCounter constructing_actor_cnt, current val is 119
I1013 18:23:35.327008 41884 naive_actor.cpp:25] actor 2199023255626 switch to &NaiveActor::HandlerNormal
I1013 18:23:35.327085 41884 thread.cpp:96] Thread 1048576 construct Actor kNormalForward 2199023255626
I1013 18:23:35.327179 41884 runtime_context.cpp:29] DecreaseCounter constructing_actor_cnt, current val is 118
I1013 18:23:35.328197 41884 naive_actor.cpp:25] actor 2199023255586 switch to &NaiveActor::HandlerNormal
I1013 18:23:35.328263 41884 thread.cpp:96] Thread 1048576 construct Actor kNormalForward 2199023255586
I1013 18:23:35.328342 41884 runtime_context.cpp:29] DecreaseCounter constructing_actor_cnt, current val is 117
I1013 18:23:35.329381 41884 naive_actor.cpp:25] actor 2199023255597 switch to &NaiveActor::HandlerNormal
I1013 18:23:35.329442 41884 thread.cpp:96] Thread 1048576 construct Actor kNormalForward 2199023255597
I1013 18:23:35.329532 41884 runtime_context.cpp:29] DecreaseCounter constructing_actor_cnt, current val is 116
I1013 18:23:35.329919 41884 naive_actor.cpp:25] actor 2199023255610 switch to &NaiveActor::HandlerNormal
I1013 18:23:35.329970 41884 thread.cpp:96] Thread 1048576 construct Actor kNormalForward 2199023255610
I1013 18:23:35.330085 41884 runtime_context.cpp:29] DecreaseCounter constructing_actor_cnt, current val is 115
I1013 18:23:35.331063 41884 naive_actor.cpp:25] actor 2199023255681 switch to &NaiveActor::HandlerNormal
I1013 18:23:35.331128 41884 thread.cpp:96] Thread 1048576 construct Actor kNormalForward 2199023255681
I1013 18:23:35.331221 41884 runtime_context.cpp:29] DecreaseCounter constructing_actor_cnt, current val is 114
I1013 18:23:35.332201 41884 naive_actor.cpp:25] actor 2199023255624 switch to &NaiveActor::HandlerNormal
I1013 18:23:35.332358 41884 thread.cpp:96] Thread 1048576 construct Actor kNormalForward 2199023255624
I1013 18:23:35.332476 41884 runtime_context.cpp:29] DecreaseCounter constructing_actor_cnt, current val is 113
I1013 18:23:35.332877 41884 naive_actor.cpp:25] actor 2199023255630 switch to &NaiveActor::HandlerNormal
I1013 18:23:35.332937 41884 thread.cpp:96] Thread 1048576 construct Actor kNormalForward 2199023255630
I1013 18:23:35.333017 41884 runtime_context.cpp:29] DecreaseCounter constructing_actor_cnt, current val is 112
I1013 18:23:35.333981 41884 naive_actor.cpp:25] actor 2199023255619 switch to &NaiveActor::HandlerNormal
I1013 18:23:35.334043 41884 thread.cpp:96] Thread 1048576 construct Actor kNormalForward 2199023255619
I1013 18:23:35.334125 41884 runtime_context.cpp:29] DecreaseCounter constructing_actor_cnt, current val is 111
I1013 18:23:35.335069 41884 naive_actor.cpp:25] actor 2199023255627 switch to &NaiveActor::HandlerNormal
I1013 18:23:35.335130 41884 thread.cpp:96] Thread 1048576 construct Actor kNormalForward 2199023255627
I1013 18:23:35.335211 41884 runtime_context.cpp:29] DecreaseCounter constructing_actor_cnt, current val is 110
I1013 18:23:35.336334 41884 naive_actor.cpp:25] actor 2199023255643 switch to &NaiveActor::HandlerNormal
I1013 18:23:35.336391 41884 thread.cpp:96] Thread 1048576 construct Actor kNormalForward 2199023255643
I1013 18:23:35.336473 41884 runtime_context.cpp:29] DecreaseCounter constructing_actor_cnt, current val is 109
I1013 18:23:35.337373 41884 naive_actor.cpp:25] actor 2199023255599 switch to &NaiveActor::HandlerNormal
I1013 18:23:35.337435 41884 thread.cpp:96] Thread 1048576 construct Actor kNormalForward 2199023255599
I1013 18:23:35.337512 41884 runtime_context.cpp:29] DecreaseCounter constructing_actor_cnt, current val is 108
I1013 18:23:35.338313 41884 naive_actor.cpp:25] actor 2199023255593 switch to &NaiveActor::HandlerNormal
I1013 18:23:35.338371 41884 thread.cpp:96] Thread 1048576 construct Actor kNormalForward 2199023255593
I1013 18:23:35.338446 41884 runtime_context.cpp:29] DecreaseCounter constructing_actor_cnt, current val is 107
I1013 18:23:35.339354 41884 naive_actor.cpp:25] actor 2199023255662 switch to &NaiveActor::HandlerNormal
I1013 18:23:35.339412 41884 thread.cpp:96] Thread 1048576 construct Actor kNormalForward 2199023255662
I1013 18:23:35.339493 41884 runtime_context.cpp:29] DecreaseCounter constructing_actor_cnt, current val is 106
I1013 18:23:35.340312 41884 naive_actor.cpp:25] actor 2199023255687 switch to &NaiveActor::HandlerNormal
I1013 18:23:35.340377 41884 thread.cpp:96] Thread 1048576 construct Actor kNormalForward 2199023255687
I1013 18:23:35.340456 41884 runtime_context.cpp:29] DecreaseCounter constructing_actor_cnt, current val is 105
I1013 18:23:35.341312 41884 naive_actor.cpp:25] actor 2199023255634 switch to &NaiveActor::HandlerNormal
I1013 18:23:35.341382 41884 thread.cpp:96] Thread 1048576 construct Actor kNormalForward 2199023255634
I1013 18:23:35.341483 41884 runtime_context.cpp:29] DecreaseCounter constructing_actor_cnt, current val is 104
I1013 18:23:35.342350 41884 naive_actor.cpp:25] actor 2199023255637 switch to &NaiveActor::HandlerNormal
I1013 18:23:35.342406 41884 thread.cpp:96] Thread 1048576 construct Actor kNormalForward 2199023255637
I1013 18:23:35.342491 41884 runtime_context.cpp:29] DecreaseCounter constructing_actor_cnt, current val is 103
I1013 18:23:35.343463 41884 naive_actor.cpp:25] actor 2199023255661 switch to &NaiveActor::HandlerNormal
I1013 18:23:35.343511 41884 thread.cpp:96] Thread 1048576 construct Actor kNormalForward 2199023255661
I1013 18:23:35.343619 41884 runtime_context.cpp:29] DecreaseCounter constructing_actor_cnt, current val is 102
I1013 18:23:35.344606 41884 naive_actor.cpp:25] actor 2199023255651 switch to &NaiveActor::HandlerNormal
I1013 18:23:35.344661 41884 thread.cpp:96] Thread 1048576 construct Actor kNormalForward 2199023255651
I1013 18:23:35.344748 41884 runtime_context.cpp:29] DecreaseCounter constructing_actor_cnt, current val is 101
I1013 18:23:35.345682 41884 naive_actor.cpp:25] actor 2199023255645 switch to &NaiveActor::HandlerNormal
I1013 18:23:35.345775 41884 thread.cpp:96] Thread 1048576 construct Actor kNormalForward 2199023255645
I1013 18:23:35.345876 41884 runtime_context.cpp:29] DecreaseCounter constructing_actor_cnt, current val is 100
I1013 18:23:35.346233 41884 naive_actor.cpp:25] actor 2199023255629 switch to &NaiveActor::HandlerNormal
I1013 18:23:35.346285 41884 thread.cpp:96] Thread 1048576 construct Actor kNormalForward 2199023255629
I1013 18:23:35.346354 41884 runtime_context.cpp:29] DecreaseCounter constructing_actor_cnt, current val is 99
I1013 18:23:35.347195 41884 naive_actor.cpp:25] actor 2199023255632 switch to &NaiveActor::HandlerNormal
I1013 18:23:35.347247 41884 thread.cpp:96] Thread 1048576 construct Actor kNormalForward 2199023255632
