Log file created at: 2021/10/13 19:35:28
Running on machine: oneflow-14
Log line format: [IWEF]mmdd hh:mm:ss.uuuuuu threadid file:line] msg
I1013 19:35:28.434654 30578 global.h:36] NewGlobal 14cudaDeviceProp
I1013 19:35:28.458536 30578 global.h:36] NewGlobal N7oneflow7EnvDescE
I1013 19:35:28.458559 30578 global.h:36] NewGlobal N7oneflow10ProcessCtxE
I1013 19:35:28.458575 30578 env_global_objects_scope.cpp:159] using rpc backend: gRPC
I1013 19:35:28.458581 30578 global.h:36] NewGlobal N7oneflow10CtrlServerE
I1013 19:35:28.459367 30578 ctrl_server.cpp:40] CtrlServer listening on 0.0.0.0:41463
I1013 19:35:28.459518 30578 rank_info_bootstrap_server.cpp:47] RankInfoBootstrapServer listening on 0.0.0.0:29500
I1013 19:35:28.461016 30578 rpc_client.cpp:187] LoadServer 127.0.0.1 Successful at 0 times
I1013 19:35:28.738298 30578 ctrl_bootstrap.cpp:76] 
ctrl_addr {
  host: "127.0.0.1"
  port: 41463
}
ctrl_addr {
  host: "127.0.0.1"
  port: 37437
}
rank: 0
node_size: 1
I1013 19:35:28.740263 30578 rpc_client.cpp:187] LoadServer 127.0.0.1 Successful at 0 times
I1013 19:35:28.741501 30578 rpc_client.cpp:187] LoadServer 127.0.0.1 Successful at 0 times
I1013 19:35:28.741617 30578 global.h:36] NewGlobal N7oneflow12ResourceDescE
I1013 19:35:28.741645 30578 global.h:36] NewGlobal N7oneflow12ResourceDescE
I1013 19:35:28.930241 30578 global.h:36] NewGlobal N7oneflow10ThreadPoolE
I1013 19:35:28.932013 30578 global.h:36] NewGlobal N7oneflow16EagerNcclCommMgrE
I1013 19:35:28.932032 30578 global.h:36] NewGlobal N7oneflow18CudnnConvAlgoCacheE
I1013 19:35:28.932040 30578 global.h:36] NewGlobal N7oneflow2vm19VirtualMachineScopeE
I1013 19:35:28.932049 30578 global.h:36] NewGlobal N7oneflow9OneflowVME
I1013 19:35:28.932760 30578 oneflow_vm.cpp:75] transport stream type: N7oneflow2vm13CpuStreamTypeE
I1013 19:35:28.932783 30578 oneflow_vm.cpp:75] transport stream type: N7oneflow2vm14CudaStreamTypeE
I1013 19:35:28.932791 30578 oneflow_vm.cpp:75] transport stream type: N7oneflow2vm19AsyncCudaStreamTypeE
I1013 19:35:28.933732 30578 global.h:36] NewGlobal N7oneflow27EagerJobBuildAndInferCtxMgrE
I1013 19:35:28.933777 30578 global.h:36] NewGlobal N7oneflow12EpollCommNetE
I1013 19:35:28.933941 30578 epoll_comm_network.cpp:63] CommNet:Epoll listening on 0.0.0.0:44332
I1013 19:35:28.935104 30578 epoll_comm_network.cpp:197] machine 0 sockfd -1
I1013 19:35:28.935129 30578 epoll_comm_network.cpp:197] machine 1 sockfd 42
I1013 19:35:28.935256 30578 global.h:36] NewGlobal N7oneflow9TransportE
I1013 19:35:28.935452 30578 global.h:36] NewGlobal N7oneflow25MultiClientSessionContextE
I1013 19:35:32.070060 30901 eager_nccl_comm_manager.cpp:69]  EagerNcclCommMgr::ncclCommInitRank device_vec.size() = 2, nccl_unique_id = 0200ffffff87ffffffaf0b0b010e000000000000000000000000000000000000000000000000000000000000000000000000000000000000000000000000000000000000000000000000000000000000000000000000000000000000000000000000000000000000000000000000000000000000000000000000000000000000000000000000, rank = 0, key = {eager_nccl_unique_id_rpc_key,0:0,1:1}
I1013 19:35:32.535539 30578 version.cpp:22] OneFlow git version: b295ca2324
I1013 19:35:32.535611 30578 device_register_gpu.cpp:56] CUDA runtime version: 11.2
I1013 19:35:32.535635 30578 device_register_gpu.cpp:65] cuDNN version: 8.1.1
I1013 19:35:32.535642 30578 device_register_gpu.cpp:78] NCCL version: 2.9.8
I1013 19:35:32.535650 30578 global.h:43] DeleteGlobal N7oneflow12ResourceDescE
I1013 19:35:32.535681 30578 global.h:36] NewGlobal N7oneflow12ResourceDescE
I1013 19:35:32.535689 30578 global.h:36] NewGlobal N7oneflow5IDMgrE
I1013 19:35:32.535696 30578 global.h:36] NewGlobal N7oneflow26LazyJobBuildAndInferCtxMgrE
I1013 19:35:32.535704 30578 global.h:36] NewGlobal N7oneflow9BufferMgrISt10shared_ptrINS_11JobInstanceEEEE
I1013 19:35:32.535709 30578 global.h:36] NewGlobal N7oneflow10RuntimeCtxE
I1013 19:35:32.535714 30578 global.h:36] NewGlobal N7oneflow15MemoryAllocatorE
I1013 19:35:32.535719 30578 global.h:36] NewGlobal N7oneflow8ChunkMgrE
I1013 19:35:32.535724 30578 global.h:36] NewGlobal N7oneflow8RegstMgrE
I1013 19:35:32.535729 30578 global.h:36] NewGlobal N7oneflow11ActorMsgBusE
I1013 19:35:32.536024 30578 global.h:36] NewGlobal N7oneflow9ThreadMgrE
I1013 19:35:32.536042 30578 global.h:36] NewGlobal N7oneflow15RuntimeJobDescsE
I1013 19:35:32.536073 30578 global.h:36] NewGlobal N7oneflow7summary12EventsWriterE
I1013 19:35:32.536095 30578 global.h:36] NewGlobal N7oneflow6boxing10collective24CollectiveBoxingExecutorE
I1013 19:35:32.536113 30578 global.h:36] NewGlobal N7oneflow6boxing10collective31CollectiveBoxingDeviceCtxPollerE
I1013 19:35:32.541077 30578 global.h:36] NewGlobal N7oneflow7JobDescE
I1013 19:35:32.757948 30578 global.h:43] DeleteGlobal N7oneflow7JobDescE
I1013 19:35:32.758008 30578 global.h:36] NewGlobal N7oneflow7JobDescE
I1013 19:35:33.126933 30578 global.h:43] DeleteGlobal N7oneflow7JobDescE
I1013 19:35:33.167870 30578 global.h:36] NewGlobal N7oneflow7JobDescE
I1013 19:35:33.507324 30578 global.h:36] NewGlobal N7oneflow7OpGraphE
I1013 19:35:33.631409 30578 global.h:43] DeleteGlobal N7oneflow7OpGraphE
I1013 19:35:33.652698 30578 nn_graph.cpp:241] 
job_id: 0 , job_name: WideAndDeepTrainGraph_0 , compile time: 0.484728 seconds.
I1013 19:35:33.655740 30578 plan_util.cpp:928]  Plan: WideAndDeepTrainGraph_0 needs to allocate [ 1136.63 MiB ] device memory in Rank: 1 , Device: 1
I1013 19:35:33.655782 30578 plan_util.cpp:928]  Plan: WideAndDeepTrainGraph_0 needs to allocate [ 1140.66 MiB ] device memory in Rank: 0 , Device: 0
I1013 19:35:34.578647 30578 runtime_context.cpp:21] NewCounter constructing_actor_cnt 237
I1013 19:35:34.579468 31070 naive_actor.cpp:25] actor 1099517919235 switch to &NaiveActor::HandlerNormal
I1013 19:35:34.579485 31069 wait_and_send_ids_actor.cpp:53] actor 1099520016384 switch to &WaitAndSendIdsActor::HandlerWaitToStart
I1013 19:35:34.579588 31066 naive_actor.cpp:25] actor 2199023255745 switch to &NaiveActor::HandlerNormal
I1013 19:35:34.579795 31066 thread.cpp:96] Thread 1048576 construct Actor kDeviceTick 2199023255745
I1013 19:35:34.579680 31069 thread.cpp:96] Thread 524292 construct Actor kWaitAndSendIds 1099520016384
I1013 19:35:34.579510 31070 thread.cpp:96] Thread 524291 construct Actor kDeviceTick 1099517919235
I1013 19:35:34.579996 31066 runtime_context.cpp:29] DecreaseCounter constructing_actor_cnt, current val is 236
I1013 19:35:34.580013 31069 runtime_context.cpp:29] DecreaseCounter constructing_actor_cnt, current val is 235
I1013 19:35:34.580047 31070 runtime_context.cpp:29] DecreaseCounter constructing_actor_cnt, current val is 234
I1013 19:35:34.587734 31074 naive_actor.cpp:25] actor 2199029547016 switch to &NaiveActor::HandlerNormal
I1013 19:35:34.587735 31072 naive_actor.cpp:25] actor 2199025352708 switch to &NaiveActor::HandlerNormal
I1013 19:35:34.588076 31072 thread.cpp:96] Thread 1048577 construct Actor kCopyHd 2199025352708
I1013 19:35:34.587884 31074 thread.cpp:96] Thread 1048579 construct Actor kCollectiveBoxingGeneric 2199029547016
I1013 19:35:34.588047 31075 sink_actor.cpp:21] actor 1099522113536 switch to &SinkActor::HandlerNormal
I1013 19:35:34.587754 31070 naive_actor.cpp:25] actor 1099517919233 switch to &NaiveActor::HandlerNormal
I1013 19:35:34.588286 31075 thread.cpp:96] Thread 524293 construct Actor kCallbackNotify 1099522113536
I1013 19:35:34.588245 31074 runtime_context.cpp:29] DecreaseCounter constructing_actor_cnt, current val is 232
I1013 19:35:34.588323 31066 naive_actor.cpp:25] actor 2199023255565 switch to &NaiveActor::HandlerNormal
I1013 19:35:34.588439 31066 thread.cpp:96] Thread 1048576 construct Actor kNormalForward 2199023255565
I1013 19:35:34.588347 31075 runtime_context.cpp:29] DecreaseCounter constructing_actor_cnt, current val is 231
I1013 19:35:34.588300 31070 thread.cpp:96] Thread 524291 construct Actor kDeviceTick 1099517919233
I1013 19:35:34.588135 31072 runtime_context.cpp:29] DecreaseCounter constructing_actor_cnt, current val is 233
I1013 19:35:34.588663 31067 naive_actor.cpp:25] actor 1099513724929 switch to &NaiveActor::HandlerNormal
I1013 19:35:34.588620 31066 runtime_context.cpp:29] DecreaseCounter constructing_actor_cnt, current val is 230
I1013 19:35:34.588626 31070 runtime_context.cpp:29] DecreaseCounter constructing_actor_cnt, current val is 229
I1013 19:35:34.588479 31074 naive_actor.cpp:25] actor 2199029547017 switch to &NaiveActor::HandlerNormal
I1013 19:35:34.588712 31068 naive_actor.cpp:25] actor 1099511627778 switch to &NaiveActor::HandlerNormal
I1013 19:35:34.589084 31068 thread.cpp:96] Thread 524288 construct Actor kNormalForward 1099511627778
I1013 19:35:34.588907 31072 naive_actor.cpp:25] actor 2199025352706 switch to &NaiveActor::HandlerNormal
I1013 19:35:34.589190 31068 runtime_context.cpp:29] DecreaseCounter constructing_actor_cnt, current val is 228
I1013 19:35:34.588814 31067 thread.cpp:96] Thread 524289 construct Actor kNormalForward 1099513724929
I1013 19:35:34.589021 31074 thread.cpp:96] Thread 1048579 construct Actor kCollectiveBoxingGeneric 2199029547017
I1013 19:35:34.589200 31072 thread.cpp:96] Thread 1048577 construct Actor kCopyHd 2199025352706
I1013 19:35:34.589396 31067 runtime_context.cpp:29] DecreaseCounter constructing_actor_cnt, current val is 226
I1013 19:35:34.589390 31074 runtime_context.cpp:29] DecreaseCounter constructing_actor_cnt, current val is 227
I1013 19:35:34.589272 31070 naive_actor.cpp:25] actor 1099517919232 switch to &NaiveActor::HandlerNormal
I1013 19:35:34.589435 31072 runtime_context.cpp:29] DecreaseCounter constructing_actor_cnt, current val is 225
I1013 19:35:34.589610 31074 naive_actor.cpp:25] actor 2199029547020 switch to &NaiveActor::HandlerNormal
I1013 19:35:34.589551 31070 thread.cpp:96] Thread 524291 construct Actor kDeviceTick 1099517919232
I1013 19:35:34.589666 31074 thread.cpp:96] Thread 1048579 construct Actor kCollectiveBoxingGeneric 2199029547020
I1013 19:35:34.589788 31074 runtime_context.cpp:29] DecreaseCounter constructing_actor_cnt, current val is 223
I1013 19:35:34.589812 31072 naive_actor.cpp:25] actor 2199025352707 switch to &NaiveActor::HandlerNormal
I1013 19:35:34.589789 31070 runtime_context.cpp:29] DecreaseCounter constructing_actor_cnt, current val is 224
I1013 19:35:34.589871 31072 thread.cpp:96] Thread 1048577 construct Actor kCopyHd 2199025352707
I1013 19:35:34.589912 31074 naive_actor.cpp:25] actor 2199029547008 switch to &NaiveActor::HandlerNormal
I1013 19:35:34.590001 31072 runtime_context.cpp:29] DecreaseCounter constructing_actor_cnt, current val is 222
I1013 19:35:34.590006 31074 thread.cpp:96] Thread 1048579 construct Actor kCollectiveBoxingGeneric 2199029547008
I1013 19:35:34.589901 31066 naive_actor.cpp:25] actor 2199023255555 switch to &NaiveActor::HandlerNormal
I1013 19:35:34.590108 31074 runtime_context.cpp:29] DecreaseCounter constructing_actor_cnt, current val is 221
I1013 19:35:34.590131 31066 thread.cpp:96] Thread 1048576 construct Actor kNormalForward 2199023255555
I1013 19:35:34.590200 31072 naive_actor.cpp:25] actor 2199025352704 switch to &NaiveActor::HandlerNormal
I1013 19:35:34.590209 31067 naive_actor.cpp:25] actor 1099513724928 switch to &NaiveActor::HandlerNormal
I1013 19:35:34.590225 31074 naive_actor.cpp:25] actor 2199029547011 switch to &NaiveActor::HandlerNormal
I1013 19:35:34.590255 31072 thread.cpp:96] Thread 1048577 construct Actor kCopyHd 2199025352704
I1013 19:35:34.590268 31066 runtime_context.cpp:29] DecreaseCounter constructing_actor_cnt, current val is 220
I1013 19:35:34.590276 31070 naive_actor.cpp:25] actor 1099517919238 switch to &NaiveActor::HandlerNormal
I1013 19:35:34.590301 31067 thread.cpp:96] Thread 524289 construct Actor kNormalForward 1099513724928
I1013 19:35:34.590304 31068 naive_actor.cpp:25] actor 1099511627777 switch to &NaiveActor::HandlerNormal
I1013 19:35:34.590533 31067 runtime_context.cpp:29] DecreaseCounter constructing_actor_cnt, current val is 218
I1013 19:35:34.590407 31072 runtime_context.cpp:29] DecreaseCounter constructing_actor_cnt, current val is 219
I1013 19:35:34.590471 31070 thread.cpp:96] Thread 524291 construct Actor kTick 1099517919238
I1013 19:35:34.590348 31074 thread.cpp:96] Thread 1048579 construct Actor kCollectiveBoxingGeneric 2199029547011
I1013 19:35:34.590543 31068 thread.cpp:96] Thread 524288 construct Actor kNormalForward 1099511627777
I1013 19:35:34.590685 31074 runtime_context.cpp:29] DecreaseCounter constructing_actor_cnt, current val is 217
I1013 19:35:34.590692 31070 runtime_context.cpp:29] DecreaseCounter constructing_actor_cnt, current val is 216
I1013 19:35:34.590729 31072 naive_actor.cpp:25] actor 2199025352705 switch to &NaiveActor::HandlerNormal
I1013 19:35:34.590931 31068 runtime_context.cpp:29] DecreaseCounter constructing_actor_cnt, current val is 215
I1013 19:35:34.590956 31074 naive_actor.cpp:25] actor 2199029547014 switch to &NaiveActor::HandlerNormal
I1013 19:35:34.590943 31072 thread.cpp:96] Thread 1048577 construct Actor kCopyHd 2199025352705
I1013 19:35:34.590883 31067 naive_actor.cpp:25] actor 1099513724930 switch to &NaiveActor::HandlerNormal
I1013 19:35:34.591007 31074 thread.cpp:96] Thread 1048579 construct Actor kCollectiveBoxingGeneric 2199029547014
I1013 19:35:34.591058 31072 runtime_context.cpp:29] DecreaseCounter constructing_actor_cnt, current val is 214
I1013 19:35:34.591078 31067 thread.cpp:96] Thread 524289 construct Actor kNormalForward 1099513724930
I1013 19:35:34.591122 31074 runtime_context.cpp:29] DecreaseCounter constructing_actor_cnt, current val is 213
I1013 19:35:34.591214 31067 runtime_context.cpp:29] DecreaseCounter constructing_actor_cnt, current val is 212
I1013 19:35:34.591274 31074 naive_actor.cpp:25] actor 2199029547009 switch to &NaiveActor::HandlerNormal
I1013 19:35:34.591277 31070 naive_actor.cpp:25] actor 1099517919234 switch to &NaiveActor::HandlerNormal
I1013 19:35:34.591310 31074 thread.cpp:96] Thread 1048579 construct Actor kCollectiveBoxingGeneric 2199029547009
I1013 19:35:34.591370 31066 naive_actor.cpp:25] actor 2199023255552 switch to &NaiveActor::HandlerNormal
I1013 19:35:34.591411 31070 thread.cpp:96] Thread 524291 construct Actor kSrcSubsetTick 1099517919234
I1013 19:35:34.591455 31074 runtime_context.cpp:29] DecreaseCounter constructing_actor_cnt, current val is 211
I1013 19:35:34.591485 31066 thread.cpp:96] Thread 1048576 construct Actor kNormalForward 2199023255552
I1013 19:35:34.591585 31070 runtime_context.cpp:29] DecreaseCounter constructing_actor_cnt, current val is 210
I1013 19:35:34.591658 31074 naive_actor.cpp:25] actor 2199029547013 switch to &NaiveActor::HandlerNormal
I1013 19:35:34.591686 31074 thread.cpp:96] Thread 1048579 construct Actor kCollectiveBoxingGeneric 2199029547013
I1013 19:35:34.591688 31066 runtime_context.cpp:29] DecreaseCounter constructing_actor_cnt, current val is 209
I1013 19:35:34.591732 31074 runtime_context.cpp:29] DecreaseCounter constructing_actor_cnt, current val is 208
I1013 19:35:34.591850 31074 naive_actor.cpp:25] actor 2199029547021 switch to &NaiveActor::HandlerNormal
I1013 19:35:34.591893 31074 thread.cpp:96] Thread 1048579 construct Actor kCollectiveBoxingGeneric 2199029547021
I1013 19:35:34.591924 31074 runtime_context.cpp:29] DecreaseCounter constructing_actor_cnt, current val is 207
I1013 19:35:34.591975 31067 naive_actor.cpp:25] actor 1099513724931 switch to &NaiveActor::HandlerNormal
I1013 19:35:34.592002 31070 naive_actor.cpp:25] actor 1099517919239 switch to &NaiveActor::HandlerNormal
I1013 19:35:34.592051 31074 naive_actor.cpp:25] actor 2199029547015 switch to &NaiveActor::HandlerNormal
I1013 19:35:34.592083 31070 thread.cpp:96] Thread 524291 construct Actor kTick 1099517919239
I1013 19:35:34.592054 31067 thread.cpp:96] Thread 524289 construct Actor kNormalForward 1099513724931
I1013 19:35:34.592095 31074 thread.cpp:96] Thread 1048579 construct Actor kCollectiveBoxingGeneric 2199029547015
I1013 19:35:34.592196 31070 runtime_context.cpp:29] DecreaseCounter constructing_actor_cnt, current val is 206
I1013 19:35:34.592208 31074 runtime_context.cpp:29] DecreaseCounter constructing_actor_cnt, current val is 205
I1013 19:35:34.592222 31067 runtime_context.cpp:29] DecreaseCounter constructing_actor_cnt, current val is 204
I1013 19:35:34.592311 31074 naive_actor.cpp:25] actor 2199029547025 switch to &NaiveActor::HandlerNormal
I1013 19:35:34.592347 31074 thread.cpp:96] Thread 1048579 construct Actor kCollectiveBoxingGeneric 2199029547025
I1013 19:35:34.592422 31074 runtime_context.cpp:29] DecreaseCounter constructing_actor_cnt, current val is 203
I1013 19:35:34.592510 31067 naive_actor.cpp:25] actor 1099513724932 switch to &NaiveActor::HandlerNormal
I1013 19:35:34.592520 31070 naive_actor.cpp:25] actor 1099517919236 switch to &NaiveActor::HandlerNormal
I1013 19:35:34.592537 31074 naive_actor.cpp:25] actor 2199029547019 switch to &NaiveActor::HandlerNormal
I1013 19:35:34.592578 31067 thread.cpp:96] Thread 524289 construct Actor kNormalForward 1099513724932
I1013 19:35:34.592617 31070 thread.cpp:96] Thread 524291 construct Actor kTick 1099517919236
I1013 19:35:34.592639 31074 thread.cpp:96] Thread 1048579 construct Actor kCollectiveBoxingGeneric 2199029547019
I1013 19:35:34.592703 31067 runtime_context.cpp:29] DecreaseCounter constructing_actor_cnt, current val is 202
I1013 19:35:34.592824 31074 runtime_context.cpp:29] DecreaseCounter constructing_actor_cnt, current val is 200
I1013 19:35:34.592746 31070 runtime_context.cpp:29] DecreaseCounter constructing_actor_cnt, current val is 201
I1013 19:35:34.592729 31066 naive_actor.cpp:25] actor 2199023255567 switch to &NaiveActor::HandlerNormal
I1013 19:35:34.592937 31074 naive_actor.cpp:25] actor 2199029547010 switch to &NaiveActor::HandlerNormal
I1013 19:35:34.592945 31066 thread.cpp:96] Thread 1048576 construct Actor kNormalForward 2199023255567
I1013 19:35:34.592978 31074 thread.cpp:96] Thread 1048579 construct Actor kCollectiveBoxingGeneric 2199029547010
I1013 19:35:34.593083 31074 runtime_context.cpp:29] DecreaseCounter constructing_actor_cnt, current val is 199
I1013 19:35:34.593103 31066 runtime_context.cpp:29] DecreaseCounter constructing_actor_cnt, current val is 198
I1013 19:35:34.593338 31074 naive_actor.cpp:25] actor 2199029547024 switch to &NaiveActor::HandlerNormal
I1013 19:35:34.593374 31074 thread.cpp:96] Thread 1048579 construct Actor kCollectiveBoxingGeneric 2199029547024
I1013 19:35:34.593398 31070 naive_actor.cpp:25] actor 1099517919237 switch to &NaiveActor::HandlerNormal
I1013 19:35:34.593437 31074 runtime_context.cpp:29] DecreaseCounter constructing_actor_cnt, current val is 197
I1013 19:35:34.593461 31070 thread.cpp:96] Thread 524291 construct Actor kDstSubsetTick 1099517919237
I1013 19:35:34.593555 31070 runtime_context.cpp:29] DecreaseCounter constructing_actor_cnt, current val is 196
I1013 19:35:34.593613 31074 naive_actor.cpp:25] actor 2199029547023 switch to &NaiveActor::HandlerNormal
I1013 19:35:34.593649 31074 thread.cpp:96] Thread 1048579 construct Actor kCollectiveBoxingGeneric 2199029547023
I1013 19:35:34.593691 31074 runtime_context.cpp:29] DecreaseCounter constructing_actor_cnt, current val is 195
I1013 19:35:34.593820 31074 naive_actor.cpp:25] actor 2199029547022 switch to &NaiveActor::HandlerNormal
I1013 19:35:34.593853 31074 thread.cpp:96] Thread 1048579 construct Actor kCollectiveBoxingGeneric 2199029547022
I1013 19:35:34.593901 31074 runtime_context.cpp:29] DecreaseCounter constructing_actor_cnt, current val is 194
I1013 19:35:34.594036 31074 naive_actor.cpp:25] actor 2199029547018 switch to &NaiveActor::HandlerNormal
I1013 19:35:34.594064 31074 thread.cpp:96] Thread 1048579 construct Actor kCollectiveBoxingGeneric 2199029547018
I1013 19:35:34.594120 31074 runtime_context.cpp:29] DecreaseCounter constructing_actor_cnt, current val is 193
I1013 19:35:34.594234 31074 naive_actor.cpp:25] actor 2199029547012 switch to &NaiveActor::HandlerNormal
I1013 19:35:34.594267 31074 thread.cpp:96] Thread 1048579 construct Actor kCollectiveBoxingGeneric 2199029547012
I1013 19:35:34.594321 31074 runtime_context.cpp:29] DecreaseCounter constructing_actor_cnt, current val is 192
I1013 19:35:34.594370 31066 naive_actor.cpp:25] actor 2199023255556 switch to &NaiveActor::HandlerNormal
I1013 19:35:34.594429 31066 thread.cpp:96] Thread 1048576 construct Actor kNormalForward 2199023255556
I1013 19:35:34.594522 31066 runtime_context.cpp:29] DecreaseCounter constructing_actor_cnt, current val is 191
I1013 19:35:34.595829 31066 naive_actor.cpp:25] actor 2199023255554 switch to &NaiveActor::HandlerNormal
I1013 19:35:34.596005 31066 thread.cpp:96] Thread 1048576 construct Actor kNormalForward 2199023255554
I1013 19:35:34.596127 31066 runtime_context.cpp:29] DecreaseCounter constructing_actor_cnt, current val is 190
I1013 19:35:34.598012 31066 naive_actor.cpp:25] actor 2199023255580 switch to &NaiveActor::HandlerNormal
I1013 19:35:34.598075 31066 thread.cpp:96] Thread 1048576 construct Actor kNormalForward 2199023255580
I1013 19:35:34.598170 31066 runtime_context.cpp:29] DecreaseCounter constructing_actor_cnt, current val is 189
I1013 19:35:34.599164 31066 naive_actor.cpp:25] actor 2199023255578 switch to &NaiveActor::HandlerNormal
I1013 19:35:34.599225 31066 thread.cpp:96] Thread 1048576 construct Actor kNormalForward 2199023255578
I1013 19:35:34.599311 31066 runtime_context.cpp:29] DecreaseCounter constructing_actor_cnt, current val is 188
I1013 19:35:34.599679 31066 naive_actor.cpp:25] actor 2199023255553 switch to &NaiveActor::HandlerNormal
I1013 19:35:34.599728 31066 thread.cpp:96] Thread 1048576 construct Actor kNormalForward 2199023255553
I1013 19:35:34.599805 31066 runtime_context.cpp:29] DecreaseCounter constructing_actor_cnt, current val is 187
I1013 19:35:34.600739 31068 naive_actor.cpp:25] actor 1099511627776 switch to &NaiveActor::HandlerNormal
I1013 19:35:34.600787 31068 thread.cpp:96] Thread 524288 construct Actor kNormalForward 1099511627776
I1013 19:35:34.600811 31066 naive_actor.cpp:25] actor 2199023255602 switch to &NaiveActor::HandlerNormal
I1013 19:35:34.600858 31068 runtime_context.cpp:29] DecreaseCounter constructing_actor_cnt, current val is 186
I1013 19:35:34.600865 31066 thread.cpp:96] Thread 1048576 construct Actor kNormalForward 2199023255602
I1013 19:35:34.600968 31066 runtime_context.cpp:29] DecreaseCounter constructing_actor_cnt, current val is 185
I1013 19:35:34.601306 31068 naive_actor.cpp:25] actor 1099511627780 switch to &NaiveActor::HandlerNormal
I1013 19:35:34.601322 31066 naive_actor.cpp:25] actor 2199023255557 switch to &NaiveActor::HandlerNormal
I1013 19:35:34.601347 31068 thread.cpp:96] Thread 524288 construct Actor kNormalForward 1099511627780
I1013 19:35:34.601389 31066 thread.cpp:96] Thread 1048576 construct Actor kNormalForward 2199023255557
I1013 19:35:34.601440 31068 runtime_context.cpp:29] DecreaseCounter constructing_actor_cnt, current val is 184
I1013 19:35:34.601547 31066 runtime_context.cpp:29] DecreaseCounter constructing_actor_cnt, current val is 183
I1013 19:35:34.601711 31068 naive_actor.cpp:25] actor 1099511627779 switch to &NaiveActor::HandlerNormal
I1013 19:35:34.601749 31068 thread.cpp:96] Thread 524288 construct Actor kNormalForward 1099511627779
I1013 19:35:34.601790 31068 runtime_context.cpp:29] DecreaseCounter constructing_actor_cnt, current val is 182
I1013 19:35:34.601876 31066 naive_actor.cpp:25] actor 2199023255570 switch to &NaiveActor::HandlerNormal
I1013 19:35:34.601922 31066 thread.cpp:96] Thread 1048576 construct Actor kNormalForward 2199023255570
I1013 19:35:34.602010 31066 runtime_context.cpp:29] DecreaseCounter constructing_actor_cnt, current val is 181
I1013 19:35:34.603338 31066 naive_actor.cpp:25] actor 2199023255594 switch to &NaiveActor::HandlerNormal
I1013 19:35:34.603411 31066 thread.cpp:96] Thread 1048576 construct Actor kNormalForward 2199023255594
I1013 19:35:34.603490 31066 runtime_context.cpp:29] DecreaseCounter constructing_actor_cnt, current val is 180
I1013 19:35:34.604326 31066 naive_actor.cpp:25] actor 2199023255564 switch to &NaiveActor::HandlerNormal
I1013 19:35:34.604385 31066 thread.cpp:96] Thread 1048576 construct Actor kNormalForward 2199023255564
I1013 19:35:34.604465 31066 runtime_context.cpp:29] DecreaseCounter constructing_actor_cnt, current val is 179
I1013 19:35:34.605342 31066 naive_actor.cpp:25] actor 2199023255588 switch to &NaiveActor::HandlerNormal
I1013 19:35:34.605396 31066 thread.cpp:96] Thread 1048576 construct Actor kNormalForward 2199023255588
I1013 19:35:34.605480 31066 runtime_context.cpp:29] DecreaseCounter constructing_actor_cnt, current val is 178
I1013 19:35:34.605800 31066 naive_actor.cpp:25] actor 2199023255568 switch to &NaiveActor::HandlerNormal
I1013 19:35:34.605890 31066 thread.cpp:96] Thread 1048576 construct Actor kNormalForward 2199023255568
I1013 19:35:34.605973 31066 runtime_context.cpp:29] DecreaseCounter constructing_actor_cnt, current val is 177
I1013 19:35:34.606942 31066 naive_actor.cpp:25] actor 2199023255562 switch to &NaiveActor::HandlerNormal
I1013 19:35:34.606992 31066 thread.cpp:96] Thread 1048576 construct Actor kNormalForward 2199023255562
I1013 19:35:34.607074 31066 runtime_context.cpp:29] DecreaseCounter constructing_actor_cnt, current val is 176
I1013 19:35:34.608440 31066 naive_actor.cpp:25] actor 2199023255573 switch to &NaiveActor::HandlerNormal
I1013 19:35:34.608508 31066 thread.cpp:96] Thread 1048576 construct Actor kNormalForward 2199023255573
I1013 19:35:34.608613 31066 runtime_context.cpp:29] DecreaseCounter constructing_actor_cnt, current val is 175
I1013 19:35:34.609604 31066 naive_actor.cpp:25] actor 2199023255597 switch to &NaiveActor::HandlerNormal
I1013 19:35:34.609660 31066 thread.cpp:96] Thread 1048576 construct Actor kNormalForward 2199023255597
I1013 19:35:34.609741 31066 runtime_context.cpp:29] DecreaseCounter constructing_actor_cnt, current val is 174
I1013 19:35:34.610693 31066 naive_actor.cpp:25] actor 2199023255560 switch to &NaiveActor::HandlerNormal
I1013 19:35:34.610746 31066 thread.cpp:96] Thread 1048576 construct Actor kNormalForward 2199023255560
I1013 19:35:34.610836 31066 runtime_context.cpp:29] DecreaseCounter constructing_actor_cnt, current val is 173
I1013 19:35:34.611634 31066 naive_actor.cpp:25] actor 2199023255559 switch to &NaiveActor::HandlerNormal
I1013 19:35:34.611685 31066 thread.cpp:96] Thread 1048576 construct Actor kNormalForward 2199023255559
I1013 19:35:34.611774 31066 runtime_context.cpp:29] DecreaseCounter constructing_actor_cnt, current val is 172
I1013 19:35:34.612637 31066 naive_actor.cpp:25] actor 2199023255583 switch to &NaiveActor::HandlerNormal
I1013 19:35:34.612684 31066 thread.cpp:96] Thread 1048576 construct Actor kNormalForward 2199023255583
I1013 19:35:34.612767 31066 runtime_context.cpp:29] DecreaseCounter constructing_actor_cnt, current val is 171
I1013 19:35:34.613551 31066 naive_actor.cpp:25] actor 2199023255579 switch to &NaiveActor::HandlerNormal
I1013 19:35:34.613612 31066 thread.cpp:96] Thread 1048576 construct Actor kNormalForward 2199023255579
I1013 19:35:34.613687 31066 runtime_context.cpp:29] DecreaseCounter constructing_actor_cnt, current val is 170
I1013 19:35:34.614024 31066 naive_actor.cpp:25] actor 2199023255591 switch to &NaiveActor::HandlerNormal
I1013 19:35:34.614071 31066 thread.cpp:96] Thread 1048576 construct Actor kNormalForward 2199023255591
I1013 19:35:34.614141 31066 runtime_context.cpp:29] DecreaseCounter constructing_actor_cnt, current val is 169
I1013 19:35:34.614460 31066 naive_actor.cpp:25] actor 2199023255575 switch to &NaiveActor::HandlerNormal
I1013 19:35:34.614513 31066 thread.cpp:96] Thread 1048576 construct Actor kNormalForward 2199023255575
I1013 19:35:34.614603 31066 runtime_context.cpp:29] DecreaseCounter constructing_actor_cnt, current val is 168
I1013 19:35:34.614933 31066 naive_actor.cpp:25] actor 2199023255563 switch to &NaiveActor::HandlerNormal
I1013 19:35:34.614981 31066 thread.cpp:96] Thread 1048576 construct Actor kNormalForward 2199023255563
I1013 19:35:34.615048 31066 runtime_context.cpp:29] DecreaseCounter constructing_actor_cnt, current val is 167
I1013 19:35:34.616031 31066 naive_actor.cpp:25] actor 2199023255604 switch to &NaiveActor::HandlerNormal
I1013 19:35:34.616078 31066 thread.cpp:96] Thread 1048576 construct Actor kNormalForward 2199023255604
I1013 19:35:34.616158 31066 runtime_context.cpp:29] DecreaseCounter constructing_actor_cnt, current val is 166
I1013 19:35:34.616501 31066 naive_actor.cpp:25] actor 2199023255628 switch to &NaiveActor::HandlerNormal
I1013 19:35:34.616552 31066 thread.cpp:96] Thread 1048576 construct Actor kNormalForward 2199023255628
I1013 19:35:34.616638 31066 runtime_context.cpp:29] DecreaseCounter constructing_actor_cnt, current val is 165
I1013 19:35:34.617659 31066 naive_actor.cpp:25] actor 2199023255581 switch to &NaiveActor::HandlerNormal
I1013 19:35:34.617715 31066 thread.cpp:96] Thread 1048576 construct Actor kNormalForward 2199023255581
I1013 19:35:34.617794 31066 runtime_context.cpp:29] DecreaseCounter constructing_actor_cnt, current val is 164
I1013 19:35:34.618989 31066 naive_actor.cpp:25] actor 2199023255566 switch to &NaiveActor::HandlerNormal
I1013 19:35:34.619041 31066 thread.cpp:96] Thread 1048576 construct Actor kNormalForward 2199023255566
I1013 19:35:34.619110 31066 runtime_context.cpp:29] DecreaseCounter constructing_actor_cnt, current val is 163
I1013 19:35:34.619406 31066 naive_actor.cpp:25] actor 2199023255605 switch to &NaiveActor::HandlerNormal
I1013 19:35:34.619451 31066 thread.cpp:96] Thread 1048576 construct Actor kNormalForward 2199023255605
I1013 19:35:34.619518 31066 runtime_context.cpp:29] DecreaseCounter constructing_actor_cnt, current val is 162
I1013 19:35:34.620311 31066 naive_actor.cpp:25] actor 2199023255618 switch to &NaiveActor::HandlerNormal
I1013 19:35:34.620364 31066 thread.cpp:96] Thread 1048576 construct Actor kNormalForward 2199023255618
I1013 19:35:34.620445 31066 runtime_context.cpp:29] DecreaseCounter constructing_actor_cnt, current val is 161
I1013 19:35:34.621320 31066 naive_actor.cpp:25] actor 2199023255569 switch to &NaiveActor::HandlerNormal
I1013 19:35:34.621367 31066 thread.cpp:96] Thread 1048576 construct Actor kNormalForward 2199023255569
I1013 19:35:34.621440 31066 runtime_context.cpp:29] DecreaseCounter constructing_actor_cnt, current val is 160
I1013 19:35:34.622126 31066 naive_actor.cpp:25] actor 2199023255593 switch to &NaiveActor::HandlerNormal
I1013 19:35:34.622175 31066 thread.cpp:96] Thread 1048576 construct Actor kNormalForward 2199023255593
I1013 19:35:34.622241 31066 runtime_context.cpp:29] DecreaseCounter constructing_actor_cnt, current val is 159
I1013 19:35:34.622536 31066 naive_actor.cpp:25] actor 2199023255612 switch to &NaiveActor::HandlerNormal
I1013 19:35:34.622591 31066 thread.cpp:96] Thread 1048576 construct Actor kNormalForward 2199023255612
I1013 19:35:34.622654 31066 runtime_context.cpp:29] DecreaseCounter constructing_actor_cnt, current val is 158
I1013 19:35:34.623457 31066 naive_actor.cpp:25] actor 2199023255592 switch to &NaiveActor::HandlerNormal
I1013 19:35:34.623502 31066 thread.cpp:96] Thread 1048576 construct Actor kNormalForward 2199023255592
I1013 19:35:34.623603 31066 runtime_context.cpp:29] DecreaseCounter constructing_actor_cnt, current val is 157
I1013 19:35:34.624302 31066 naive_actor.cpp:25] actor 2199023255586 switch to &NaiveActor::HandlerNormal
I1013 19:35:34.624346 31066 thread.cpp:96] Thread 1048576 construct Actor kNormalForward 2199023255586
I1013 19:35:34.624418 31066 runtime_context.cpp:29] DecreaseCounter constructing_actor_cnt, current val is 156
I1013 19:35:34.625294 31066 naive_actor.cpp:25] actor 2199023255558 switch to &NaiveActor::HandlerNormal
I1013 19:35:34.625337 31066 thread.cpp:96] Thread 1048576 construct Actor kNormalForward 2199023255558
I1013 19:35:34.625419 31066 runtime_context.cpp:29] DecreaseCounter constructing_actor_cnt, current val is 155
I1013 19:35:34.625718 31066 naive_actor.cpp:25] actor 2199023255589 switch to &NaiveActor::HandlerNormal
I1013 19:35:34.625763 31066 thread.cpp:96] Thread 1048576 construct Actor kNormalForward 2199023255589
I1013 19:35:34.625828 31066 runtime_context.cpp:29] DecreaseCounter constructing_actor_cnt, current val is 154
I1013 19:35:34.626616 31066 naive_actor.cpp:25] actor 2199023255621 switch to &NaiveActor::HandlerNormal
I1013 19:35:34.626662 31066 thread.cpp:96] Thread 1048576 construct Actor kNormalForward 2199023255621
I1013 19:35:34.626729 31066 runtime_context.cpp:29] DecreaseCounter constructing_actor_cnt, current val is 153
I1013 19:35:34.627040 31066 naive_actor.cpp:25] actor 2199023255584 switch to &NaiveActor::HandlerNormal
I1013 19:35:34.627085 31066 thread.cpp:96] Thread 1048576 construct Actor kNormalForward 2199023255584
I1013 19:35:34.627151 31066 runtime_context.cpp:29] DecreaseCounter constructing_actor_cnt, current val is 152
I1013 19:35:34.627905 31066 naive_actor.cpp:25] actor 2199023255607 switch to &NaiveActor::HandlerNormal
I1013 19:35:34.627952 31066 thread.cpp:96] Thread 1048576 construct Actor kNormalForward 2199023255607
I1013 19:35:34.628015 31066 runtime_context.cpp:29] DecreaseCounter constructing_actor_cnt, current val is 151
I1013 19:35:34.628754 31066 naive_actor.cpp:25] actor 2199023255576 switch to &NaiveActor::HandlerNormal
I1013 19:35:34.628803 31066 thread.cpp:96] Thread 1048576 construct Actor kNormalForward 2199023255576
I1013 19:35:34.628870 31066 runtime_context.cpp:29] DecreaseCounter constructing_actor_cnt, current val is 150
I1013 19:35:34.629156 31066 naive_actor.cpp:25] actor 2199023255603 switch to &NaiveActor::HandlerNormal
I1013 19:35:34.629199 31066 thread.cpp:96] Thread 1048576 construct Actor kNormalForward 2199023255603
I1013 19:35:34.629259 31066 runtime_context.cpp:29] DecreaseCounter constructing_actor_cnt, current val is 149
I1013 19:35:34.630084 31066 naive_actor.cpp:25] actor 2199023255574 switch to &NaiveActor::HandlerNormal
I1013 19:35:34.630131 31066 thread.cpp:96] Thread 1048576 construct Actor kNormalForward 2199023255574
I1013 19:35:34.630198 31066 runtime_context.cpp:29] DecreaseCounter constructing_actor_cnt, current val is 148
I1013 19:35:34.630877 31066 naive_actor.cpp:25] actor 2199023255615 switch to &NaiveActor::HandlerNormal
I1013 19:35:34.630925 31066 thread.cpp:96] Thread 1048576 construct Actor kNormalForward 2199023255615
I1013 19:35:34.630990 31066 runtime_context.cpp:29] DecreaseCounter constructing_actor_cnt, current val is 147
I1013 19:35:34.631826 31066 naive_actor.cpp:25] actor 2199023255643 switch to &NaiveActor::HandlerNormal
I1013 19:35:34.631870 31066 thread.cpp:96] Thread 1048576 construct Actor kNormalForward 2199023255643
I1013 19:35:34.631940 31066 runtime_context.cpp:29] DecreaseCounter constructing_actor_cnt, current val is 146
I1013 19:35:34.632709 31066 naive_actor.cpp:25] actor 2199023255599 switch to &NaiveActor::HandlerNormal
I1013 19:35:34.632758 31066 thread.cpp:96] Thread 1048576 construct Actor kNormalForward 2199023255599
I1013 19:35:34.632833 31066 runtime_context.cpp:29] DecreaseCounter constructing_actor_cnt, current val is 145
I1013 19:35:34.633106 31066 naive_actor.cpp:25] actor 2199023255577 switch to &NaiveActor::HandlerNormal
I1013 19:35:34.633148 31066 thread.cpp:96] Thread 1048576 construct Actor kNormalForward 2199023255577
I1013 19:35:34.633208 31066 runtime_context.cpp:29] DecreaseCounter constructing_actor_cnt, current val is 144
I1013 19:35:34.633994 31066 naive_actor.cpp:25] actor 2199023255626 switch to &NaiveActor::HandlerNormal
I1013 19:35:34.634044 31066 thread.cpp:96] Thread 1048576 construct Actor kNormalForward 2199023255626
I1013 19:35:34.634111 31066 runtime_context.cpp:29] DecreaseCounter constructing_actor_cnt, current val is 143
I1013 19:35:34.634434 31066 naive_actor.cpp:25] actor 2199023255629 switch to &NaiveActor::HandlerNormal
I1013 19:35:34.634476 31066 thread.cpp:96] Thread 1048576 construct Actor kNormalForward 2199023255629
I1013 19:35:34.634536 31066 runtime_context.cpp:29] DecreaseCounter constructing_actor_cnt, current val is 142
I1013 19:35:34.635267 31066 naive_actor.cpp:25] actor 2199023255636 switch to &NaiveActor::HandlerNormal
I1013 19:35:34.635320 31066 thread.cpp:96] Thread 1048576 construct Actor kNormalForward 2199023255636
I1013 19:35:34.635388 31066 runtime_context.cpp:29] DecreaseCounter constructing_actor_cnt, current val is 141
I1013 19:35:34.636142 31066 naive_actor.cpp:25] actor 2199023255617 switch to &NaiveActor::HandlerNormal
I1013 19:35:34.636190 31066 thread.cpp:96] Thread 1048576 construct Actor kNormalForward 2199023255617
I1013 19:35:34.636263 31066 runtime_context.cpp:29] DecreaseCounter constructing_actor_cnt, current val is 140
I1013 19:35:34.636909 31066 naive_actor.cpp:25] actor 2199023255616 switch to &NaiveActor::HandlerNormal
I1013 19:35:34.636958 31066 thread.cpp:96] Thread 1048576 construct Actor kNormalForward 2199023255616
I1013 19:35:34.637111 31066 runtime_context.cpp:29] DecreaseCounter constructing_actor_cnt, current val is 139
I1013 19:35:34.637400 31066 naive_actor.cpp:25] actor 2199023255610 switch to &NaiveActor::HandlerNormal
I1013 19:35:34.637450 31066 thread.cpp:96] Thread 1048576 construct Actor kNormalForward 2199023255610
I1013 19:35:34.637514 31066 runtime_context.cpp:29] DecreaseCounter constructing_actor_cnt, current val is 138
I1013 19:35:34.637806 31066 naive_actor.cpp:25] actor 2199023255582 switch to &NaiveActor::HandlerNormal
I1013 19:35:34.637848 31066 thread.cpp:96] Thread 1048576 construct Actor kNormalForward 2199023255582
I1013 19:35:34.637903 31066 runtime_context.cpp:29] DecreaseCounter constructing_actor_cnt, current val is 137
I1013 19:35:34.638595 31066 naive_actor.cpp:25] actor 2199023255641 switch to &NaiveActor::HandlerNormal
I1013 19:35:34.638641 31066 thread.cpp:96] Thread 1048576 construct Actor kNormalForward 2199023255641
I1013 19:35:34.638715 31066 runtime_context.cpp:29] DecreaseCounter constructing_actor_cnt, current val is 136
I1013 19:35:34.639429 31066 naive_actor.cpp:25] actor 2199023255571 switch to &NaiveActor::HandlerNormal
I1013 19:35:34.639473 31066 thread.cpp:96] Thread 1048576 construct Actor kNormalForward 2199023255571
I1013 19:35:34.639535 31066 runtime_context.cpp:29] DecreaseCounter constructing_actor_cnt, current val is 135
I1013 19:35:34.640309 31066 naive_actor.cpp:25] actor 2199023255665 switch to &NaiveActor::HandlerNormal
I1013 19:35:34.640353 31066 thread.cpp:96] Thread 1048576 construct Actor kNormalForward 2199023255665
I1013 19:35:34.640429 31066 runtime_context.cpp:29] DecreaseCounter constructing_actor_cnt, current val is 134
I1013 19:35:34.641793 31066 naive_actor.cpp:25] actor 2199023255608 switch to &NaiveActor::HandlerNormal
I1013 19:35:34.641839 31066 thread.cpp:96] Thread 1048576 construct Actor kNormalForward 2199023255608
I1013 19:35:34.641902 31066 runtime_context.cpp:29] DecreaseCounter constructing_actor_cnt, current val is 133
I1013 19:35:34.642542 31066 naive_actor.cpp:25] actor 2199023255600 switch to &NaiveActor::HandlerNormal
I1013 19:35:34.642590 31066 thread.cpp:96] Thread 1048576 construct Actor kNormalForward 2199023255600
I1013 19:35:34.642657 31066 runtime_context.cpp:29] DecreaseCounter constructing_actor_cnt, current val is 132
I1013 19:35:34.643373 31066 naive_actor.cpp:25] actor 2199023255627 switch to &NaiveActor::HandlerNormal
I1013 19:35:34.643417 31066 thread.cpp:96] Thread 1048576 construct Actor kNormalForward 2199023255627
I1013 19:35:34.643492 31066 runtime_context.cpp:29] DecreaseCounter constructing_actor_cnt, current val is 131
I1013 19:35:34.643791 31066 naive_actor.cpp:25] actor 2199023255598 switch to &NaiveActor::HandlerNormal
I1013 19:35:34.643832 31066 thread.cpp:96] Thread 1048576 construct Actor kNormalForward 2199023255598
I1013 19:35:34.643894 31066 runtime_context.cpp:29] DecreaseCounter constructing_actor_cnt, current val is 130
I1013 19:35:34.644977 31066 naive_actor.cpp:25] actor 2199023255587 switch to &NaiveActor::HandlerNormal
I1013 19:35:34.645023 31066 thread.cpp:96] Thread 1048576 construct Actor kNormalForward 2199023255587
I1013 19:35:34.645092 31066 runtime_context.cpp:29] DecreaseCounter constructing_actor_cnt, current val is 129
I1013 19:35:34.645747 31066 naive_actor.cpp:25] actor 2199023255634 switch to &NaiveActor::HandlerNormal
I1013 19:35:34.645792 31066 thread.cpp:96] Thread 1048576 construct Actor kNormalForward 2199023255634
I1013 19:35:34.645853 31066 runtime_context.cpp:29] DecreaseCounter constructing_actor_cnt, current val is 128
I1013 19:35:34.646661 31066 naive_actor.cpp:25] actor 2199023255611 switch to &NaiveActor::HandlerNormal
I1013 19:35:34.646705 31066 thread.cpp:96] Thread 1048576 construct Actor kNormalForward 2199023255611
I1013 19:35:34.646776 31066 runtime_context.cpp:29] DecreaseCounter constructing_actor_cnt, current val is 127
I1013 19:35:34.647436 31066 naive_actor.cpp:25] actor 2199023255648 switch to &NaiveActor::HandlerNormal
I1013 19:35:34.647487 31066 thread.cpp:96] Thread 1048576 construct Actor kNormalForward 2199023255648
I1013 19:35:34.647606 31066 runtime_context.cpp:29] DecreaseCounter constructing_actor_cnt, current val is 126
I1013 19:35:34.648669 31066 naive_actor.cpp:25] actor 2199023255601 switch to &NaiveActor::HandlerNormal
I1013 19:35:34.648713 31066 thread.cpp:96] Thread 1048576 construct Actor kNormalForward 2199023255601
I1013 19:35:34.648775 31066 runtime_context.cpp:29] DecreaseCounter constructing_actor_cnt, current val is 125
I1013 19:35:34.649559 31066 naive_actor.cpp:25] actor 2199023255590 switch to &NaiveActor::HandlerNormal
I1013 19:35:34.649610 31066 thread.cpp:96] Thread 1048576 construct Actor kNormalForward 2199023255590
I1013 19:35:34.649672 31066 runtime_context.cpp:29] DecreaseCounter constructing_actor_cnt, current val is 124
I1013 19:35:34.650415 31066 naive_actor.cpp:25] actor 2199023255660 switch to &NaiveActor::HandlerNormal
I1013 19:35:34.650466 31066 thread.cpp:96] Thread 1048576 construct Actor kNormalForward 2199023255660
I1013 19:35:34.650530 31066 runtime_context.cpp:29] DecreaseCounter constructing_actor_cnt, current val is 123
I1013 19:35:34.651193 31066 naive_actor.cpp:25] actor 2199023255640 switch to &NaiveActor::HandlerNormal
I1013 19:35:34.651235 31066 thread.cpp:96] Thread 1048576 construct Actor kNormalForward 2199023255640
I1013 19:35:34.651297 31066 runtime_context.cpp:29] DecreaseCounter constructing_actor_cnt, current val is 122
I1013 19:35:34.651930 31066 naive_actor.cpp:25] actor 2199023255639 switch to &NaiveActor::HandlerNormal
I1013 19:35:34.651968 31066 thread.cpp:96] Thread 1048576 construct Actor kNormalForward 2199023255639
I1013 19:35:34.652025 31066 runtime_context.cpp:29] DecreaseCounter constructing_actor_cnt, current val is 121
I1013 19:35:34.652720 31066 naive_actor.cpp:25] actor 2199023255635 switch to &NaiveActor::HandlerNormal
I1013 19:35:34.652766 31066 thread.cpp:96] Thread 1048576 construct Actor kNormalForward 2199023255635
I1013 19:35:34.652830 31066 runtime_context.cpp:29] DecreaseCounter constructing_actor_cnt, current val is 120
I1013 19:35:34.653432 31066 naive_actor.cpp:25] actor 2199023255637 switch to &NaiveActor::HandlerNormal
I1013 19:35:34.653481 31066 thread.cpp:96] Thread 1048576 construct Actor kNormalForward 2199023255637
I1013 19:35:34.653548 31066 runtime_context.cpp:29] DecreaseCounter constructing_actor_cnt, current val is 119
I1013 19:35:34.654245 31066 naive_actor.cpp:25] actor 2199023255613 switch to &NaiveActor::HandlerNormal
I1013 19:35:34.654285 31066 thread.cpp:96] Thread 1048576 construct Actor kNormalForward 2199023255613
I1013 19:35:34.654346 31066 runtime_context.cpp:29] DecreaseCounter constructing_actor_cnt, current val is 118
I1013 19:35:34.654630 31066 naive_actor.cpp:25] actor 2199023255561 switch to &NaiveActor::HandlerNormal
I1013 19:35:34.654670 31066 thread.cpp:96] Thread 1048576 construct Actor kNormalForward 2199023255561
I1013 19:35:34.654731 31066 runtime_context.cpp:29] DecreaseCounter constructing_actor_cnt, current val is 117
I1013 19:35:34.655402 31066 naive_actor.cpp:25] actor 2199023255585 switch to &NaiveActor::HandlerNormal
I1013 19:35:34.655441 31066 thread.cpp:96] Thread 1048576 construct Actor kNormalForward 2199023255585
I1013 19:35:34.655506 31066 runtime_context.cpp:29] DecreaseCounter constructing_actor_cnt, current val is 116
I1013 19:35:34.656124 31066 naive_actor.cpp:25] actor 2199023255649 switch to &NaiveActor::HandlerNormal
I1013 19:35:34.656167 31066 thread.cpp:96] Thread 1048576 construct Actor kNormalForward 2199023255649
I1013 19:35:34.656252 31066 runtime_context.cpp:29] DecreaseCounter constructing_actor_cnt, current val is 115
I1013 19:35:34.656890 31066 naive_actor.cpp:25] actor 2199023255673 switch to &NaiveActor::HandlerNormal
I1013 19:35:34.656934 31066 thread.cpp:96] Thread 1048576 construct Actor kNormalForward 2199023255673
I1013 19:35:34.656996 31066 runtime_context.cpp:29] DecreaseCounter constructing_actor_cnt, current val is 114
I1013 19:35:34.657732 31066 naive_actor.cpp:25] actor 2199023255652 switch to &NaiveActor::HandlerNormal
I1013 19:35:34.657867 31066 thread.cpp:96] Thread 1048576 construct Actor kNormalForward 2199023255652
I1013 19:35:34.657938 31066 runtime_context.cpp:29] DecreaseCounter constructing_actor_cnt, current val is 113
I1013 19:35:34.658563 31066 naive_actor.cpp:25] actor 2199023255624 switch to &NaiveActor::HandlerNormal
I1013 19:35:34.658615 31066 thread.cpp:96] Thread 1048576 construct Actor kNormalForward 2199023255624
I1013 19:35:34.658674 31066 runtime_context.cpp:29] DecreaseCounter constructing_actor_cnt, current val is 112
I1013 19:35:34.659296 31066 naive_actor.cpp:25] actor 2199023255667 switch to &NaiveActor::HandlerNormal
I1013 19:35:34.659343 31066 thread.cpp:96] Thread 1048576 construct Actor kNormalForward 2199023255667
I1013 19:35:34.659401 31066 runtime_context.cpp:29] DecreaseCounter constructing_actor_cnt, current val is 111
I1013 19:35:34.659965 31066 naive_actor.cpp:25] actor 2199023255622 switch to &NaiveActor::HandlerNormal
I1013 19:35:34.660007 31066 thread.cpp:96] Thread 1048576 construct Actor kNormalForward 2199023255622
I1013 19:35:34.660064 31066 runtime_context.cpp:29] DecreaseCounter constructing_actor_cnt, current val is 110
I1013 19:35:34.660784 31066 naive_actor.cpp:25] actor 2199023255647 switch to &NaiveActor::HandlerNormal
I1013 19:35:34.660822 31066 thread.cpp:96] Thread 1048576 construct Actor kNormalForward 2199023255647
I1013 19:35:34.660882 31066 runtime_context.cpp:29] DecreaseCounter constructing_actor_cnt, current val is 109
I1013 19:35:34.661533 31066 naive_actor.cpp:25] actor 2199023255645 switch to &NaiveActor::HandlerNormal
I1013 19:35:34.661579 31066 thread.cpp:96] Thread 1048576 construct Actor kNormalForward 2199023255645
I1013 19:35:34.661639 31066 runtime_context.cpp:29] DecreaseCounter constructing_actor_cnt, current val is 108
I1013 19:35:34.662245 31066 naive_actor.cpp:25] actor 2199023255623 switch to &NaiveActor::HandlerNormal
I1013 19:35:34.662297 31066 thread.cpp:96] Thread 1048576 construct Actor kNormalForward 2199023255623
I1013 19:35:34.662354 31066 runtime_context.cpp:29] DecreaseCounter constructing_actor_cnt, current val is 107
I1013 19:35:34.663106 31066 naive_actor.cpp:25] actor 2199023255658 switch to &NaiveActor::HandlerNormal
I1013 19:35:34.663148 31066 thread.cpp:96] Thread 1048576 construct Actor kNormalForward 2199023255658
I1013 19:35:34.663211 31066 runtime_context.cpp:29] DecreaseCounter constructing_actor_cnt, current val is 106
I1013 19:35:34.663902 31066 naive_actor.cpp:25] actor 2199023255682 switch to &NaiveActor::HandlerNormal
I1013 19:35:34.663942 31066 thread.cpp:96] Thread 1048576 construct Actor kNormalForward 2199023255682
I1013 19:35:34.664007 31066 runtime_context.cpp:29] DecreaseCounter constructing_actor_cnt, current val is 105
I1013 19:35:34.664271 31066 naive_actor.cpp:25] actor 2199023255706 switch to &NaiveActor::HandlerNormal
I1013 19:35:34.664310 31066 thread.cpp:96] Thread 1048576 construct Actor kNormalForward 2199023255706
I1013 19:35:34.664367 31066 runtime_context.cpp:29] DecreaseCounter constructing_actor_cnt, current val is 104
I1013 19:35:34.665040 31066 naive_actor.cpp:25] actor 2199023255638 switch to &NaiveActor::HandlerNormal
I1013 19:35:34.665081 31066 thread.cpp:96] Thread 1048576 construct Actor kNormalForward 2199023255638
I1013 19:35:34.665138 31066 runtime_context.cpp:29] DecreaseCounter constructing_actor_cnt, current val is 103
I1013 19:35:34.665699 31066 naive_actor.cpp:25] actor 2199023255572 switch to &NaiveActor::HandlerNormal
I1013 19:35:34.665738 31066 thread.cpp:96] Thread 1048576 construct Actor kNormalForward 2199023255572
I1013 19:35:34.665793 31066 runtime_context.cpp:29] DecreaseCounter constructing_actor_cnt, current val is 102
I1013 19:35:34.666059 31066 naive_actor.cpp:25] actor 2199023255596 switch to &NaiveActor::HandlerNormal
I1013 19:35:34.666098 31066 thread.cpp:96] Thread 1048576 construct Actor kNormalForward 2199023255596
I1013 19:35:34.666152 31066 runtime_context.cpp:29] DecreaseCounter constructing_actor_cnt, current val is 101
I1013 19:35:34.666779 31066 naive_actor.cpp:25] actor 2199023255632 switch to &NaiveActor::HandlerNormal
I1013 19:35:34.666855 31066 thread.cpp:96] Thread 1048576 construct Actor kNormalForward 2199023255632
I1013 19:35:34.666922 31066 runtime_context.cpp:29] DecreaseCounter constructing_actor_cnt, current val is 100
I1013 19:35:34.667488 31066 naive_actor.cpp:25] actor 2199023255684 switch to &NaiveActor::HandlerNormal
I1013 19:35:34.667532 31066 thread.cpp:96] Thread 1048576 construct Actor kNormalForward 2199023255684
I1013 19:35:34.667598 31066 runtime_context.cpp:29] DecreaseCounter constructing_actor_cnt, current val is 99
I1013 19:35:34.668134 31066 naive_actor.cpp:25] actor 2199023255664 switch to &NaiveActor::HandlerNormal
I1013 19:35:34.668172 31066 thread.cpp:96] Thread 1048576 construct Actor kNormalForward 2199023255664
