Log file created at: 2021/10/12 14:29:32
Running on machine: oneflow-14
Log line format: [IWEF]mmdd hh:mm:ss.uuuuuu threadid file:line] msg
I1012 14:29:32.899801 38045 global.h:36] NewGlobal 14cudaDeviceProp
I1012 14:29:32.913019 38045 global.h:36] NewGlobal N7oneflow7EnvDescE
I1012 14:29:32.913044 38045 global.h:36] NewGlobal N7oneflow10ProcessCtxE
I1012 14:29:32.913055 38045 env_global_objects_scope.cpp:159] using rpc backend: gRPC
I1012 14:29:32.913060 38045 global.h:36] NewGlobal N7oneflow10CtrlServerE
I1012 14:29:32.913893 38045 ctrl_server.cpp:40] CtrlServer listening on 0.0.0.0:40623
I1012 14:29:32.914041 38045 rank_info_bootstrap_server.cpp:47] RankInfoBootstrapServer listening on 0.0.0.0:42258
I1012 14:29:32.915112 38045 rpc_client.cpp:187] LoadServer 127.0.0.1 Successful at 0 times
I1012 14:29:32.916532 38045 ctrl_bootstrap.cpp:76] 
ctrl_addr {
  host: "127.0.0.1"
  port: 37133
}
ctrl_addr {
  host: "127.0.0.1"
  port: 40623
}
rank: 1
node_size: 1
I1012 14:29:32.918165 38045 rpc_client.cpp:187] LoadServer 127.0.0.1 Successful at 0 times
I1012 14:29:32.919097 38045 rpc_client.cpp:187] LoadServer 127.0.0.1 Successful at 0 times
I1012 14:29:32.919152 38045 global.h:36] NewGlobal N7oneflow12ResourceDescE
I1012 14:29:32.919165 38045 global.h:36] NewGlobal N7oneflow12ResourceDescE
I1012 14:29:33.090134 38045 global.h:36] NewGlobal N7oneflow10ThreadPoolE
I1012 14:29:33.092240 38045 global.h:36] NewGlobal N7oneflow16EagerNcclCommMgrE
I1012 14:29:33.092257 38045 global.h:36] NewGlobal N7oneflow18CudnnConvAlgoCacheE
I1012 14:29:33.092264 38045 global.h:36] NewGlobal N7oneflow2vm19VirtualMachineScopeE
I1012 14:29:33.092272 38045 global.h:36] NewGlobal N7oneflow9OneflowVME
I1012 14:29:33.092897 38045 oneflow_vm.cpp:75] transport stream type: N7oneflow2vm13CpuStreamTypeE
I1012 14:29:33.092916 38045 oneflow_vm.cpp:75] transport stream type: N7oneflow2vm14CudaStreamTypeE
I1012 14:29:33.092923 38045 oneflow_vm.cpp:75] transport stream type: N7oneflow2vm19AsyncCudaStreamTypeE
I1012 14:29:33.093163 38045 global.h:36] NewGlobal N7oneflow27EagerJobBuildAndInferCtxMgrE
I1012 14:29:33.093211 38045 global.h:36] NewGlobal N7oneflow12EpollCommNetE
I1012 14:29:33.093451 38045 epoll_comm_network.cpp:63] CommNet:Epoll listening on 0.0.0.0:36049
I1012 14:29:33.094225 38045 epoll_comm_network.cpp:197] machine 0 sockfd 42
I1012 14:29:33.094249 38045 epoll_comm_network.cpp:197] machine 1 sockfd -1
I1012 14:29:33.094374 38045 global.h:36] NewGlobal N7oneflow9TransportE
I1012 14:29:33.094563 38045 global.h:36] NewGlobal N7oneflow25MultiClientSessionContextE
I1012 14:29:36.600041 38364 eager_nccl_comm_manager.cpp:69]  EagerNcclCommMgr::ncclCommInitRank device_vec.size() = 2, nccl_unique_id = 0200ffffffca0e0b0b010e000000000000000000000000000000000000000000000000000000000000000000000000000000000000000000000000000000000000000000000000000000000000000000000000000000000000000000000000000000000000000000000000000000000000000000000000000000000000000000000000, rank = 1, key = {eager_nccl_unique_id_rpc_key,0:0,1:1}
I1012 14:29:36.952126 38045 version.cpp:22] OneFlow git version: b295ca2324
I1012 14:29:36.952167 38045 device_register_gpu.cpp:56] CUDA runtime version: 11.2
I1012 14:29:36.952183 38045 device_register_gpu.cpp:65] cuDNN version: 8.1.1
I1012 14:29:36.952188 38045 device_register_gpu.cpp:78] NCCL version: 2.9.8
I1012 14:29:36.952193 38045 global.h:43] DeleteGlobal N7oneflow12ResourceDescE
I1012 14:29:36.952209 38045 global.h:36] NewGlobal N7oneflow12ResourceDescE
I1012 14:29:36.952216 38045 global.h:36] NewGlobal N7oneflow5IDMgrE
I1012 14:29:36.952222 38045 global.h:36] NewGlobal N7oneflow26LazyJobBuildAndInferCtxMgrE
I1012 14:29:36.952229 38045 global.h:36] NewGlobal N7oneflow9BufferMgrISt10shared_ptrINS_11JobInstanceEEEE
I1012 14:29:36.952234 38045 global.h:36] NewGlobal N7oneflow10RuntimeCtxE
I1012 14:29:36.952237 38045 global.h:36] NewGlobal N7oneflow15MemoryAllocatorE
I1012 14:29:36.952241 38045 global.h:36] NewGlobal N7oneflow8ChunkMgrE
I1012 14:29:36.952245 38045 global.h:36] NewGlobal N7oneflow8RegstMgrE
I1012 14:29:36.952250 38045 global.h:36] NewGlobal N7oneflow11ActorMsgBusE
I1012 14:29:36.952545 38045 global.h:36] NewGlobal N7oneflow9ThreadMgrE
I1012 14:29:36.952564 38045 global.h:36] NewGlobal N7oneflow15RuntimeJobDescsE
I1012 14:29:36.952572 38045 global.h:36] NewGlobal N7oneflow7summary12EventsWriterE
I1012 14:29:36.952581 38045 global.h:36] NewGlobal N7oneflow6boxing10collective24CollectiveBoxingExecutorE
I1012 14:29:36.952602 38045 global.h:36] NewGlobal N7oneflow6boxing10collective31CollectiveBoxingDeviceCtxPollerE
I1012 14:29:36.956921 38045 global.h:36] NewGlobal N7oneflow7JobDescE
I1012 14:29:37.209576 38045 global.h:43] DeleteGlobal N7oneflow7JobDescE
I1012 14:29:37.209622 38045 global.h:36] NewGlobal N7oneflow7JobDescE
I1012 14:29:37.519068 38045 global.h:43] DeleteGlobal N7oneflow7JobDescE
I1012 14:29:37.553043 38045 global.h:36] NewGlobal N7oneflow7JobDescE
I1012 14:29:39.054294 38045 runtime_context.cpp:21] NewCounter constructing_actor_cnt 231
I1012 14:29:39.055130 38537 wait_and_send_ids_actor.cpp:53] actor 36283892105216 switch to &WaitAndSendIdsActor::HandlerWaitToStart
I1012 14:29:39.055267 38528 naive_actor.cpp:25] actor 37391985279169 switch to &NaiveActor::HandlerNormal
I1012 14:29:39.055191 38537 thread.cpp:96] Thread 17301508 construct Actor kWaitAndSendIds 36283892105216
I1012 14:29:39.055581 38537 runtime_context.cpp:29] DecreaseCounter constructing_actor_cnt, current val is 230
I1012 14:29:39.055325 38528 thread.cpp:96] Thread 17829888 construct Actor kDeviceTick 37391985279169
I1012 14:29:39.056035 38528 runtime_context.cpp:29] DecreaseCounter constructing_actor_cnt, current val is 229
I1012 14:29:39.065517 38532 naive_actor.cpp:25] actor 37391991570437 switch to &NaiveActor::HandlerNormal
I1012 14:29:39.065677 38530 sink_actor.cpp:21] actor 36283894202368 switch to &SinkActor::HandlerNormal
I1012 14:29:39.065858 38530 thread.cpp:96] Thread 17301509 construct Actor kCallbackNotify 36283894202368
I1012 14:29:39.065618 38536 copy_comm_net_actor.cpp:66] actor 36283887910912 switch to &CopyCommNetActor::HandlerNormal
I1012 14:29:39.065696 38532 thread.cpp:96] Thread 17829891 construct Actor kCollectiveBoxingGeneric 37391991570437
I1012 14:29:39.065660 38535 naive_actor.cpp:25] actor 37391987376132 switch to &NaiveActor::HandlerNormal
I1012 14:29:39.065873 38533 naive_actor.cpp:25] actor 36283890008068 switch to &NaiveActor::HandlerNormal
I1012 14:29:39.065982 38530 runtime_context.cpp:29] DecreaseCounter constructing_actor_cnt, current val is 228
I1012 14:29:39.066062 38536 thread.cpp:96] Thread 17301506 construct Actor kCopyCommNet 36283887910912
I1012 14:29:39.066438 38519 naive_actor.cpp:25] actor 36283883716609 switch to &NaiveActor::HandlerNormal
I1012 14:29:39.066817 38536 runtime_context.cpp:29] DecreaseCounter constructing_actor_cnt, current val is 226
I1012 14:29:39.066829 38519 thread.cpp:96] Thread 17301504 construct Actor kNormalForward 36283883716609
I1012 14:29:39.066483 38529 naive_actor.cpp:25] actor 36283885813760 switch to &NaiveActor::HandlerNormal
I1012 14:29:39.066902 38529 thread.cpp:96] Thread 17301505 construct Actor kNormalForward 36283885813760
I1012 14:29:39.066593 38535 thread.cpp:96] Thread 17829889 construct Actor kCopyHd 37391987376132
I1012 14:29:39.066706 38533 thread.cpp:96] Thread 17301507 construct Actor kTick 36283890008068
I1012 14:29:39.066912 38519 runtime_context.cpp:29] DecreaseCounter constructing_actor_cnt, current val is 225
I1012 14:29:39.067261 38533 runtime_context.cpp:29] DecreaseCounter constructing_actor_cnt, current val is 222
I1012 14:29:39.066519 38532 runtime_context.cpp:29] DecreaseCounter constructing_actor_cnt, current val is 227
I1012 14:29:39.067167 38535 runtime_context.cpp:29] DecreaseCounter constructing_actor_cnt, current val is 224
I1012 14:29:39.067168 38529 runtime_context.cpp:29] DecreaseCounter constructing_actor_cnt, current val is 223
I1012 14:29:39.066953 38528 naive_actor.cpp:25] actor 37391985278993 switch to &NaiveActor::HandlerNormal
I1012 14:29:39.067548 38532 naive_actor.cpp:25] actor 37391991570447 switch to &NaiveActor::HandlerNormal
I1012 14:29:39.067641 38528 thread.cpp:96] Thread 17829888 construct Actor kNormalForward 37391985278993
I1012 14:29:39.067778 38533 naive_actor.cpp:25] actor 36283890008064 switch to &NaiveActor::HandlerNormal
I1012 14:29:39.067698 38532 thread.cpp:96] Thread 17829891 construct Actor kCollectiveBoxingGeneric 37391991570447
I1012 14:29:39.067646 38535 naive_actor.cpp:25] actor 37391987376130 switch to &NaiveActor::HandlerNormal
I1012 14:29:39.067909 38528 runtime_context.cpp:29] DecreaseCounter constructing_actor_cnt, current val is 221
I1012 14:29:39.067957 38533 thread.cpp:96] Thread 17301507 construct Actor kDeviceTick 36283890008064
I1012 14:29:39.068022 38532 runtime_context.cpp:29] DecreaseCounter constructing_actor_cnt, current val is 220
I1012 14:29:39.068169 38535 thread.cpp:96] Thread 17829889 construct Actor kCopyHd 37391987376130
I1012 14:29:39.068310 38533 runtime_context.cpp:29] DecreaseCounter constructing_actor_cnt, current val is 219
I1012 14:29:39.068379 38535 runtime_context.cpp:29] DecreaseCounter constructing_actor_cnt, current val is 218
I1012 14:29:39.068516 38532 naive_actor.cpp:25] actor 37391991570446 switch to &NaiveActor::HandlerNormal
I1012 14:29:39.068575 38532 thread.cpp:96] Thread 17829891 construct Actor kCollectiveBoxingGeneric 37391991570446
I1012 14:29:39.068643 38532 runtime_context.cpp:29] DecreaseCounter constructing_actor_cnt, current val is 217
I1012 14:29:39.068681 38529 naive_actor.cpp:25] actor 36283885813761 switch to &NaiveActor::HandlerNormal
I1012 14:29:39.068636 38535 naive_actor.cpp:25] actor 37391987376128 switch to &NaiveActor::HandlerNormal
I1012 14:29:39.068739 38529 thread.cpp:96] Thread 17301505 construct Actor kNormalForward 36283885813761
I1012 14:29:39.068804 38535 thread.cpp:96] Thread 17829889 construct Actor kCopyHd 37391987376128
I1012 14:29:39.068868 38532 naive_actor.cpp:25] actor 37391991570441 switch to &NaiveActor::HandlerNormal
I1012 14:29:39.068915 38535 runtime_context.cpp:29] DecreaseCounter constructing_actor_cnt, current val is 215
I1012 14:29:39.068898 38529 runtime_context.cpp:29] DecreaseCounter constructing_actor_cnt, current val is 216
I1012 14:29:39.068974 38533 naive_actor.cpp:25] actor 36283890008065 switch to &NaiveActor::HandlerNormal
I1012 14:29:39.068925 38532 thread.cpp:96] Thread 17829891 construct Actor kCollectiveBoxingGeneric 37391991570441
I1012 14:29:39.069046 38528 naive_actor.cpp:25] actor 37391985278976 switch to &NaiveActor::HandlerNormal
I1012 14:29:39.069077 38533 thread.cpp:96] Thread 17301507 construct Actor kSrcSubsetTick 36283890008065
I1012 14:29:39.069108 38535 naive_actor.cpp:25] actor 37391987376129 switch to &NaiveActor::HandlerNormal
I1012 14:29:39.069137 38532 runtime_context.cpp:29] DecreaseCounter constructing_actor_cnt, current val is 214
I1012 14:29:39.069252 38533 runtime_context.cpp:29] DecreaseCounter constructing_actor_cnt, current val is 213
I1012 14:29:39.069156 38528 thread.cpp:96] Thread 17829888 construct Actor kNormalForward 37391985278976
I1012 14:29:39.069252 38535 thread.cpp:96] Thread 17829889 construct Actor kCopyHd 37391987376129
I1012 14:29:39.069411 38532 naive_actor.cpp:25] actor 37391991570433 switch to &NaiveActor::HandlerNormal
I1012 14:29:39.069445 38528 runtime_context.cpp:29] DecreaseCounter constructing_actor_cnt, current val is 212
I1012 14:29:39.069448 38535 runtime_context.cpp:29] DecreaseCounter constructing_actor_cnt, current val is 211
I1012 14:29:39.069474 38532 thread.cpp:96] Thread 17829891 construct Actor kCollectiveBoxingGeneric 37391991570433
I1012 14:29:39.069643 38532 runtime_context.cpp:29] DecreaseCounter constructing_actor_cnt, current val is 210
I1012 14:29:39.069682 38535 naive_actor.cpp:25] actor 37391987376131 switch to &NaiveActor::HandlerNormal
I1012 14:29:39.069761 38535 thread.cpp:96] Thread 17829889 construct Actor kCopyHd 37391987376131
I1012 14:29:39.069778 38533 naive_actor.cpp:25] actor 36283890008069 switch to &NaiveActor::HandlerNormal
I1012 14:29:39.069828 38532 naive_actor.cpp:25] actor 37391991570442 switch to &NaiveActor::HandlerNormal
I1012 14:29:39.069819 38535 runtime_context.cpp:29] DecreaseCounter constructing_actor_cnt, current val is 209
I1012 14:29:39.069813 38528 naive_actor.cpp:25] actor 37391985278981 switch to &NaiveActor::HandlerNormal
I1012 14:29:39.069856 38533 thread.cpp:96] Thread 17301507 construct Actor kTick 36283890008069
I1012 14:29:39.069893 38532 thread.cpp:96] Thread 17829891 construct Actor kCollectiveBoxingGeneric 37391991570442
I1012 14:29:39.070132 38528 thread.cpp:96] Thread 17829888 construct Actor kNormalForward 37391985278981
I1012 14:29:39.070283 38532 runtime_context.cpp:29] DecreaseCounter constructing_actor_cnt, current val is 207
I1012 14:29:39.070283 38533 runtime_context.cpp:29] DecreaseCounter constructing_actor_cnt, current val is 208
I1012 14:29:39.070448 38528 runtime_context.cpp:29] DecreaseCounter constructing_actor_cnt, current val is 206
I1012 14:29:39.070616 38532 naive_actor.cpp:25] actor 37391991570435 switch to &NaiveActor::HandlerNormal
I1012 14:29:39.070684 38532 thread.cpp:96] Thread 17829891 construct Actor kCollectiveBoxingGeneric 37391991570435
I1012 14:29:39.070768 38532 runtime_context.cpp:29] DecreaseCounter constructing_actor_cnt, current val is 205
I1012 14:29:39.070940 38528 naive_actor.cpp:25] actor 37391985278977 switch to &NaiveActor::HandlerNormal
I1012 14:29:39.070927 38533 naive_actor.cpp:25] actor 36283890008066 switch to &NaiveActor::HandlerNormal
I1012 14:29:39.071045 38528 thread.cpp:96] Thread 17829888 construct Actor kNormalForward 37391985278977
I1012 14:29:39.071058 38532 naive_actor.cpp:25] actor 37391991570443 switch to &NaiveActor::HandlerNormal
I1012 14:29:39.071234 38528 runtime_context.cpp:29] DecreaseCounter constructing_actor_cnt, current val is 204
I1012 14:29:39.071142 38533 thread.cpp:96] Thread 17301507 construct Actor kTick 36283890008066
I1012 14:29:39.071244 38532 thread.cpp:96] Thread 17829891 construct Actor kCollectiveBoxingGeneric 37391991570443
I1012 14:29:39.071403 38532 runtime_context.cpp:29] DecreaseCounter constructing_actor_cnt, current val is 203
I1012 14:29:39.071413 38533 runtime_context.cpp:29] DecreaseCounter constructing_actor_cnt, current val is 202
I1012 14:29:39.071607 38532 naive_actor.cpp:25] actor 37391991570448 switch to &NaiveActor::HandlerNormal
I1012 14:29:39.071666 38532 thread.cpp:96] Thread 17829891 construct Actor kCollectiveBoxingGeneric 37391991570448
I1012 14:29:39.071771 38532 runtime_context.cpp:29] DecreaseCounter constructing_actor_cnt, current val is 201
I1012 14:29:39.072006 38532 naive_actor.cpp:25] actor 37391991570438 switch to &NaiveActor::HandlerNormal
I1012 14:29:39.072052 38532 thread.cpp:96] Thread 17829891 construct Actor kCollectiveBoxingGeneric 37391991570438
I1012 14:29:39.072031 38533 naive_actor.cpp:25] actor 36283890008067 switch to &NaiveActor::HandlerNormal
I1012 14:29:39.072118 38532 runtime_context.cpp:29] DecreaseCounter constructing_actor_cnt, current val is 200
I1012 14:29:39.072165 38533 thread.cpp:96] Thread 17301507 construct Actor kDstSubsetTick 36283890008067
I1012 14:29:39.072204 38528 naive_actor.cpp:25] actor 37391985278979 switch to &NaiveActor::HandlerNormal
I1012 14:29:39.072329 38533 runtime_context.cpp:29] DecreaseCounter constructing_actor_cnt, current val is 199
I1012 14:29:39.072382 38532 naive_actor.cpp:25] actor 37391991570432 switch to &NaiveActor::HandlerNormal
I1012 14:29:39.072329 38528 thread.cpp:96] Thread 17829888 construct Actor kNormalForward 37391985278979
I1012 14:29:39.072450 38532 thread.cpp:96] Thread 17829891 construct Actor kCollectiveBoxingGeneric 37391991570432
I1012 14:29:39.072546 38528 runtime_context.cpp:29] DecreaseCounter constructing_actor_cnt, current val is 198
I1012 14:29:39.072549 38532 runtime_context.cpp:29] DecreaseCounter constructing_actor_cnt, current val is 197
I1012 14:29:39.072818 38532 naive_actor.cpp:25] actor 37391991570444 switch to &NaiveActor::HandlerNormal
I1012 14:29:39.072880 38532 thread.cpp:96] Thread 17829891 construct Actor kCollectiveBoxingGeneric 37391991570444
I1012 14:29:39.072942 38532 runtime_context.cpp:29] DecreaseCounter constructing_actor_cnt, current val is 196
I1012 14:29:39.072969 38528 naive_actor.cpp:25] actor 37391985279001 switch to &NaiveActor::HandlerNormal
I1012 14:29:39.073132 38528 thread.cpp:96] Thread 17829888 construct Actor kNormalForward 37391985279001
I1012 14:29:39.073211 38528 runtime_context.cpp:29] DecreaseCounter constructing_actor_cnt, current val is 195
I1012 14:29:39.073328 38532 naive_actor.cpp:25] actor 37391991570449 switch to &NaiveActor::HandlerNormal
I1012 14:29:39.073390 38532 thread.cpp:96] Thread 17829891 construct Actor kCollectiveBoxingGeneric 37391991570449
I1012 14:29:39.073457 38532 runtime_context.cpp:29] DecreaseCounter constructing_actor_cnt, current val is 194
I1012 14:29:39.073673 38532 naive_actor.cpp:25] actor 37391991570434 switch to &NaiveActor::HandlerNormal
I1012 14:29:39.073724 38532 thread.cpp:96] Thread 17829891 construct Actor kCollectiveBoxingGeneric 37391991570434
I1012 14:29:39.073784 38532 runtime_context.cpp:29] DecreaseCounter constructing_actor_cnt, current val is 193
I1012 14:29:39.074194 38532 naive_actor.cpp:25] actor 37391991570436 switch to &NaiveActor::HandlerNormal
I1012 14:29:39.074309 38532 thread.cpp:96] Thread 17829891 construct Actor kCollectiveBoxingGeneric 37391991570436
I1012 14:29:39.074373 38532 runtime_context.cpp:29] DecreaseCounter constructing_actor_cnt, current val is 192
I1012 14:29:39.074456 38528 naive_actor.cpp:25] actor 37391985278983 switch to &NaiveActor::HandlerNormal
I1012 14:29:39.074541 38528 thread.cpp:96] Thread 17829888 construct Actor kNormalForward 37391985278983
I1012 14:29:39.074594 38532 naive_actor.cpp:25] actor 37391991570445 switch to &NaiveActor::HandlerNormal
I1012 14:29:39.074645 38528 runtime_context.cpp:29] DecreaseCounter constructing_actor_cnt, current val is 191
I1012 14:29:39.074649 38532 thread.cpp:96] Thread 17829891 construct Actor kCollectiveBoxingGeneric 37391991570445
I1012 14:29:39.074739 38532 runtime_context.cpp:29] DecreaseCounter constructing_actor_cnt, current val is 190
I1012 14:29:39.074911 38532 naive_actor.cpp:25] actor 37391991570440 switch to &NaiveActor::HandlerNormal
I1012 14:29:39.074959 38532 thread.cpp:96] Thread 17829891 construct Actor kCollectiveBoxingGeneric 37391991570440
I1012 14:29:39.075016 38532 runtime_context.cpp:29] DecreaseCounter constructing_actor_cnt, current val is 189
I1012 14:29:39.075177 38532 naive_actor.cpp:25] actor 37391991570439 switch to &NaiveActor::HandlerNormal
I1012 14:29:39.075225 38532 thread.cpp:96] Thread 17829891 construct Actor kCollectiveBoxingGeneric 37391991570439
I1012 14:29:39.075275 38532 runtime_context.cpp:29] DecreaseCounter constructing_actor_cnt, current val is 188
I1012 14:29:39.075742 38528 naive_actor.cpp:25] actor 37391985278980 switch to &NaiveActor::HandlerNormal
I1012 14:29:39.075793 38528 thread.cpp:96] Thread 17829888 construct Actor kNormalForward 37391985278980
I1012 14:29:39.075863 38528 runtime_context.cpp:29] DecreaseCounter constructing_actor_cnt, current val is 187
I1012 14:29:39.076563 38528 naive_actor.cpp:25] actor 37391985278986 switch to &NaiveActor::HandlerNormal
I1012 14:29:39.076608 38528 thread.cpp:96] Thread 17829888 construct Actor kNormalForward 37391985278986
I1012 14:29:39.076673 38528 runtime_context.cpp:29] DecreaseCounter constructing_actor_cnt, current val is 186
I1012 14:29:39.077883 38528 naive_actor.cpp:25] actor 37391985278990 switch to &NaiveActor::HandlerNormal
I1012 14:29:39.077947 38528 thread.cpp:96] Thread 17829888 construct Actor kNormalForward 37391985278990
I1012 14:29:39.078027 38528 runtime_context.cpp:29] DecreaseCounter constructing_actor_cnt, current val is 185
I1012 14:29:39.078773 38528 naive_actor.cpp:25] actor 37391985278988 switch to &NaiveActor::HandlerNormal
I1012 14:29:39.078819 38528 thread.cpp:96] Thread 17829888 construct Actor kNormalForward 37391985278988
I1012 14:29:39.078889 38528 runtime_context.cpp:29] DecreaseCounter constructing_actor_cnt, current val is 184
I1012 14:29:39.079155 38528 naive_actor.cpp:25] actor 37391985278992 switch to &NaiveActor::HandlerNormal
I1012 14:29:39.079195 38528 thread.cpp:96] Thread 17829888 construct Actor kNormalForward 37391985278992
I1012 14:29:39.079349 38528 runtime_context.cpp:29] DecreaseCounter constructing_actor_cnt, current val is 183
I1012 14:29:39.079530 38519 naive_actor.cpp:25] actor 36283883716608 switch to &NaiveActor::HandlerNormal
I1012 14:29:39.079596 38519 thread.cpp:96] Thread 17301504 construct Actor kNormalForward 36283883716608
I1012 14:29:39.079699 38519 runtime_context.cpp:29] DecreaseCounter constructing_actor_cnt, current val is 182
I1012 14:29:39.080039 38528 naive_actor.cpp:25] actor 37391985279012 switch to &NaiveActor::HandlerNormal
I1012 14:29:39.080080 38528 thread.cpp:96] Thread 17829888 construct Actor kNormalForward 37391985279012
I1012 14:29:39.080142 38528 runtime_context.cpp:29] DecreaseCounter constructing_actor_cnt, current val is 181
I1012 14:29:39.080734 38519 naive_actor.cpp:25] actor 36283883716610 switch to &NaiveActor::HandlerNormal
I1012 14:29:39.080796 38519 thread.cpp:96] Thread 17301504 construct Actor kNormalForward 36283883716610
I1012 14:29:39.080873 38528 naive_actor.cpp:25] actor 37391985278978 switch to &NaiveActor::HandlerNormal
I1012 14:29:39.080886 38519 runtime_context.cpp:29] DecreaseCounter constructing_actor_cnt, current val is 180
I1012 14:29:39.080916 38528 thread.cpp:96] Thread 17829888 construct Actor kNormalForward 37391985278978
I1012 14:29:39.081024 38528 runtime_context.cpp:29] DecreaseCounter constructing_actor_cnt, current val is 179
I1012 14:29:39.081287 38528 naive_actor.cpp:25] actor 37391985279036 switch to &NaiveActor::HandlerNormal
I1012 14:29:39.081329 38528 thread.cpp:96] Thread 17829888 construct Actor kNormalForward 37391985279036
I1012 14:29:39.081384 38528 runtime_context.cpp:29] DecreaseCounter constructing_actor_cnt, current val is 178
I1012 14:29:39.081635 38528 naive_actor.cpp:25] actor 37391985278987 switch to &NaiveActor::HandlerNormal
I1012 14:29:39.081672 38528 thread.cpp:96] Thread 17829888 construct Actor kNormalForward 37391985278987
I1012 14:29:39.081723 38528 runtime_context.cpp:29] DecreaseCounter constructing_actor_cnt, current val is 177
I1012 14:29:39.082362 38528 naive_actor.cpp:25] actor 37391985278984 switch to &NaiveActor::HandlerNormal
I1012 14:29:39.082406 38528 thread.cpp:96] Thread 17829888 construct Actor kNormalForward 37391985278984
I1012 14:29:39.082476 38528 runtime_context.cpp:29] DecreaseCounter constructing_actor_cnt, current val is 176
I1012 14:29:39.083010 38528 naive_actor.cpp:25] actor 37391985278989 switch to &NaiveActor::HandlerNormal
I1012 14:29:39.083050 38528 thread.cpp:96] Thread 17829888 construct Actor kNormalForward 37391985278989
I1012 14:29:39.083106 38528 runtime_context.cpp:29] DecreaseCounter constructing_actor_cnt, current val is 175
I1012 14:29:39.083986 38528 naive_actor.cpp:25] actor 37391985278997 switch to &NaiveActor::HandlerNormal
I1012 14:29:39.084030 38528 thread.cpp:96] Thread 17829888 construct Actor kNormalForward 37391985278997
I1012 14:29:39.084092 38528 runtime_context.cpp:29] DecreaseCounter constructing_actor_cnt, current val is 174
I1012 14:29:39.084352 38528 naive_actor.cpp:25] actor 37391985278994 switch to &NaiveActor::HandlerNormal
I1012 14:29:39.084393 38528 thread.cpp:96] Thread 17829888 construct Actor kNormalForward 37391985278994
I1012 14:29:39.084457 38528 runtime_context.cpp:29] DecreaseCounter constructing_actor_cnt, current val is 173
I1012 14:29:39.085111 38528 naive_actor.cpp:25] actor 37391985279021 switch to &NaiveActor::HandlerNormal
I1012 14:29:39.085156 38528 thread.cpp:96] Thread 17829888 construct Actor kNormalForward 37391985279021
I1012 14:29:39.085217 38528 runtime_context.cpp:29] DecreaseCounter constructing_actor_cnt, current val is 172
I1012 14:29:39.085822 38528 naive_actor.cpp:25] actor 37391985279000 switch to &NaiveActor::HandlerNormal
I1012 14:29:39.085865 38528 thread.cpp:96] Thread 17829888 construct Actor kNormalForward 37391985279000
I1012 14:29:39.085924 38528 runtime_context.cpp:29] DecreaseCounter constructing_actor_cnt, current val is 171
I1012 14:29:39.086594 38528 naive_actor.cpp:25] actor 37391985279005 switch to &NaiveActor::HandlerNormal
I1012 14:29:39.086661 38528 thread.cpp:96] Thread 17829888 construct Actor kNormalForward 37391985279005
I1012 14:29:39.086747 38528 runtime_context.cpp:29] DecreaseCounter constructing_actor_cnt, current val is 170
I1012 14:29:39.087267 38528 naive_actor.cpp:25] actor 37391985279024 switch to &NaiveActor::HandlerNormal
I1012 14:29:39.087329 38528 thread.cpp:96] Thread 17829888 construct Actor kNormalForward 37391985279024
I1012 14:29:39.087388 38528 runtime_context.cpp:29] DecreaseCounter constructing_actor_cnt, current val is 169
I1012 14:29:39.087970 38528 naive_actor.cpp:25] actor 37391985279048 switch to &NaiveActor::HandlerNormal
I1012 14:29:39.088008 38528 thread.cpp:96] Thread 17829888 construct Actor kNormalForward 37391985279048
I1012 14:29:39.088070 38528 runtime_context.cpp:29] DecreaseCounter constructing_actor_cnt, current val is 168
I1012 14:29:39.088963 38528 naive_actor.cpp:25] actor 37391985279025 switch to &NaiveActor::HandlerNormal
I1012 14:29:39.089006 38528 thread.cpp:96] Thread 17829888 construct Actor kNormalForward 37391985279025
I1012 14:29:39.089067 38528 runtime_context.cpp:29] DecreaseCounter constructing_actor_cnt, current val is 167
I1012 14:29:39.089689 38528 naive_actor.cpp:25] actor 37391985279007 switch to &NaiveActor::HandlerNormal
I1012 14:29:39.089730 38528 thread.cpp:96] Thread 17829888 construct Actor kNormalForward 37391985279007
I1012 14:29:39.089790 38528 runtime_context.cpp:29] DecreaseCounter constructing_actor_cnt, current val is 166
I1012 14:29:39.090334 38528 naive_actor.cpp:25] actor 37391985279031 switch to &NaiveActor::HandlerNormal
I1012 14:29:39.090375 38528 thread.cpp:96] Thread 17829888 construct Actor kNormalForward 37391985279031
I1012 14:29:39.090443 38528 runtime_context.cpp:29] DecreaseCounter constructing_actor_cnt, current val is 165
I1012 14:29:39.091053 38528 naive_actor.cpp:25] actor 37391985278995 switch to &NaiveActor::HandlerNormal
I1012 14:29:39.091091 38528 thread.cpp:96] Thread 17829888 construct Actor kNormalForward 37391985278995
I1012 14:29:39.091151 38528 runtime_context.cpp:29] DecreaseCounter constructing_actor_cnt, current val is 164
I1012 14:29:39.091784 38528 naive_actor.cpp:25] actor 37391985279019 switch to &NaiveActor::HandlerNormal
I1012 14:29:39.091825 38528 thread.cpp:96] Thread 17829888 construct Actor kNormalForward 37391985279019
I1012 14:29:39.091884 38528 runtime_context.cpp:29] DecreaseCounter constructing_actor_cnt, current val is 163
I1012 14:29:39.092504 38528 naive_actor.cpp:25] actor 37391985279043 switch to &NaiveActor::HandlerNormal
I1012 14:29:39.092545 38528 thread.cpp:96] Thread 17829888 construct Actor kNormalForward 37391985279043
I1012 14:29:39.092604 38528 runtime_context.cpp:29] DecreaseCounter constructing_actor_cnt, current val is 162
I1012 14:29:39.093132 38528 naive_actor.cpp:25] actor 37391985279010 switch to &NaiveActor::HandlerNormal
I1012 14:29:39.093175 38528 thread.cpp:96] Thread 17829888 construct Actor kNormalForward 37391985279010
I1012 14:29:39.093230 38528 runtime_context.cpp:29] DecreaseCounter constructing_actor_cnt, current val is 161
I1012 14:29:39.093753 38528 naive_actor.cpp:25] actor 37391985278996 switch to &NaiveActor::HandlerNormal
I1012 14:29:39.093798 38528 thread.cpp:96] Thread 17829888 construct Actor kNormalForward 37391985278996
I1012 14:29:39.093855 38528 runtime_context.cpp:29] DecreaseCounter constructing_actor_cnt, current val is 160
I1012 14:29:39.094087 38528 naive_actor.cpp:25] actor 37391985279034 switch to &NaiveActor::HandlerNormal
I1012 14:29:39.094128 38528 thread.cpp:96] Thread 17829888 construct Actor kNormalForward 37391985279034
I1012 14:29:39.094183 38528 runtime_context.cpp:29] DecreaseCounter constructing_actor_cnt, current val is 159
I1012 14:29:39.094844 38528 naive_actor.cpp:25] actor 37391985279014 switch to &NaiveActor::HandlerNormal
I1012 14:29:39.094885 38528 thread.cpp:96] Thread 17829888 construct Actor kNormalForward 37391985279014
I1012 14:29:39.094949 38528 runtime_context.cpp:29] DecreaseCounter constructing_actor_cnt, current val is 158
I1012 14:29:39.095672 38528 naive_actor.cpp:25] actor 37391985279016 switch to &NaiveActor::HandlerNormal
I1012 14:29:39.095717 38528 thread.cpp:96] Thread 17829888 construct Actor kNormalForward 37391985279016
I1012 14:29:39.095790 38528 runtime_context.cpp:29] DecreaseCounter constructing_actor_cnt, current val is 157
I1012 14:29:39.096406 38528 naive_actor.cpp:25] actor 37391985279002 switch to &NaiveActor::HandlerNormal
I1012 14:29:39.096451 38528 thread.cpp:96] Thread 17829888 construct Actor kNormalForward 37391985279002
I1012 14:29:39.096513 38528 runtime_context.cpp:29] DecreaseCounter constructing_actor_cnt, current val is 156
I1012 14:29:39.097098 38528 naive_actor.cpp:25] actor 37391985278991 switch to &NaiveActor::HandlerNormal
I1012 14:29:39.097137 38528 thread.cpp:96] Thread 17829888 construct Actor kNormalForward 37391985278991
I1012 14:29:39.097198 38528 runtime_context.cpp:29] DecreaseCounter constructing_actor_cnt, current val is 155
I1012 14:29:39.097822 38528 naive_actor.cpp:25] actor 37391985279026 switch to &NaiveActor::HandlerNormal
I1012 14:29:39.097865 38528 thread.cpp:96] Thread 17829888 construct Actor kNormalForward 37391985279026
I1012 14:29:39.097925 38528 runtime_context.cpp:29] DecreaseCounter constructing_actor_cnt, current val is 154
I1012 14:29:39.098188 38528 naive_actor.cpp:25] actor 37391985279008 switch to &NaiveActor::HandlerNormal
I1012 14:29:39.098230 38528 thread.cpp:96] Thread 17829888 construct Actor kNormalForward 37391985279008
I1012 14:29:39.098287 38528 runtime_context.cpp:29] DecreaseCounter constructing_actor_cnt, current val is 153
I1012 14:29:39.099530 38528 naive_actor.cpp:25] actor 37391985279018 switch to &NaiveActor::HandlerNormal
I1012 14:29:39.099573 38528 thread.cpp:96] Thread 17829888 construct Actor kNormalForward 37391985279018
I1012 14:29:39.099644 38528 runtime_context.cpp:29] DecreaseCounter constructing_actor_cnt, current val is 152
I1012 14:29:39.100157 38528 naive_actor.cpp:25] actor 37391985279017 switch to &NaiveActor::HandlerNormal
I1012 14:29:39.100194 38528 thread.cpp:96] Thread 17829888 construct Actor kNormalForward 37391985279017
I1012 14:29:39.100250 38528 runtime_context.cpp:29] DecreaseCounter constructing_actor_cnt, current val is 151
I1012 14:29:39.100495 38528 naive_actor.cpp:25] actor 37391985278985 switch to &NaiveActor::HandlerNormal
I1012 14:29:39.100538 38528 thread.cpp:96] Thread 17829888 construct Actor kNormalForward 37391985278985
I1012 14:29:39.100594 38528 runtime_context.cpp:29] DecreaseCounter constructing_actor_cnt, current val is 150
I1012 14:29:39.101187 38528 naive_actor.cpp:25] actor 37391985279045 switch to &NaiveActor::HandlerNormal
I1012 14:29:39.101230 38528 thread.cpp:96] Thread 17829888 construct Actor kNormalForward 37391985279045
I1012 14:29:39.101291 38528 runtime_context.cpp:29] DecreaseCounter constructing_actor_cnt, current val is 149
I1012 14:29:39.101547 38528 naive_actor.cpp:25] actor 37391985279029 switch to &NaiveActor::HandlerNormal
I1012 14:29:39.101583 38528 thread.cpp:96] Thread 17829888 construct Actor kNormalForward 37391985279029
I1012 14:29:39.101636 38528 runtime_context.cpp:29] DecreaseCounter constructing_actor_cnt, current val is 148
I1012 14:29:39.102169 38528 naive_actor.cpp:25] actor 37391985279003 switch to &NaiveActor::HandlerNormal
I1012 14:29:39.102210 38528 thread.cpp:96] Thread 17829888 construct Actor kNormalForward 37391985279003
I1012 14:29:39.102267 38528 runtime_context.cpp:29] DecreaseCounter constructing_actor_cnt, current val is 147
I1012 14:29:39.102545 38528 naive_actor.cpp:25] actor 37391985279053 switch to &NaiveActor::HandlerNormal
I1012 14:29:39.102584 38528 thread.cpp:96] Thread 17829888 construct Actor kNormalForward 37391985279053
I1012 14:29:39.102640 38528 runtime_context.cpp:29] DecreaseCounter constructing_actor_cnt, current val is 146
I1012 14:29:39.103204 38528 naive_actor.cpp:25] actor 37391985279049 switch to &NaiveActor::HandlerNormal
I1012 14:29:39.103243 38528 thread.cpp:96] Thread 17829888 construct Actor kNormalForward 37391985279049
I1012 14:29:39.103345 38528 runtime_context.cpp:29] DecreaseCounter constructing_actor_cnt, current val is 145
I1012 14:29:39.104007 38528 naive_actor.cpp:25] actor 37391985279076 switch to &NaiveActor::HandlerNormal
I1012 14:29:39.104045 38528 thread.cpp:96] Thread 17829888 construct Actor kNormalForward 37391985279076
I1012 14:29:39.104105 38528 runtime_context.cpp:29] DecreaseCounter constructing_actor_cnt, current val is 144
I1012 14:29:39.105188 38528 naive_actor.cpp:25] actor 37391985279004 switch to &NaiveActor::HandlerNormal
I1012 14:29:39.105247 38528 thread.cpp:96] Thread 17829888 construct Actor kNormalForward 37391985279004
I1012 14:29:39.105309 38528 runtime_context.cpp:29] DecreaseCounter constructing_actor_cnt, current val is 143
I1012 14:29:39.105958 38528 naive_actor.cpp:25] actor 37391985279100 switch to &NaiveActor::HandlerNormal
I1012 14:29:39.105999 38528 thread.cpp:96] Thread 17829888 construct Actor kNormalForward 37391985279100
I1012 14:29:39.106062 38528 runtime_context.cpp:29] DecreaseCounter constructing_actor_cnt, current val is 142
I1012 14:29:39.106762 38528 naive_actor.cpp:25] actor 37391985279075 switch to &NaiveActor::HandlerNormal
I1012 14:29:39.106817 38528 thread.cpp:96] Thread 17829888 construct Actor kNormalForward 37391985279075
I1012 14:29:39.106880 38528 runtime_context.cpp:29] DecreaseCounter constructing_actor_cnt, current val is 141
I1012 14:29:39.107118 38528 naive_actor.cpp:25] actor 37391985279020 switch to &NaiveActor::HandlerNormal
I1012 14:29:39.107156 38528 thread.cpp:96] Thread 17829888 construct Actor kNormalForward 37391985279020
I1012 14:29:39.107210 38528 runtime_context.cpp:29] DecreaseCounter constructing_actor_cnt, current val is 140
I1012 14:29:39.107867 38528 naive_actor.cpp:25] actor 37391985279044 switch to &NaiveActor::HandlerNormal
I1012 14:29:39.107909 38528 thread.cpp:96] Thread 17829888 construct Actor kNormalForward 37391985279044
I1012 14:29:39.107969 38528 runtime_context.cpp:29] DecreaseCounter constructing_actor_cnt, current val is 139
I1012 14:29:39.108601 38528 naive_actor.cpp:25] actor 37391985279061 switch to &NaiveActor::HandlerNormal
I1012 14:29:39.108650 38528 thread.cpp:96] Thread 17829888 construct Actor kNormalForward 37391985279061
I1012 14:29:39.108711 38528 runtime_context.cpp:29] DecreaseCounter constructing_actor_cnt, current val is 138
I1012 14:29:39.108968 38528 naive_actor.cpp:25] actor 37391985279055 switch to &NaiveActor::HandlerNormal
I1012 14:29:39.109005 38528 thread.cpp:96] Thread 17829888 construct Actor kNormalForward 37391985279055
I1012 14:29:39.109059 38528 runtime_context.cpp:29] DecreaseCounter constructing_actor_cnt, current val is 137
I1012 14:29:39.109714 38528 naive_actor.cpp:25] actor 37391985279085 switch to &NaiveActor::HandlerNormal
I1012 14:29:39.109755 38528 thread.cpp:96] Thread 17829888 construct Actor kNormalForward 37391985279085
I1012 14:29:39.109815 38528 runtime_context.cpp:29] DecreaseCounter constructing_actor_cnt, current val is 136
I1012 14:29:39.110496 38528 naive_actor.cpp:25] actor 37391985279079 switch to &NaiveActor::HandlerNormal
I1012 14:29:39.110545 38528 thread.cpp:96] Thread 17829888 construct Actor kNormalForward 37391985279079
I1012 14:29:39.110606 38528 runtime_context.cpp:29] DecreaseCounter constructing_actor_cnt, current val is 135
I1012 14:29:39.111171 38528 naive_actor.cpp:25] actor 37391985279040 switch to &NaiveActor::HandlerNormal
I1012 14:29:39.111208 38528 thread.cpp:96] Thread 17829888 construct Actor kNormalForward 37391985279040
I1012 14:29:39.111265 38528 runtime_context.cpp:29] DecreaseCounter constructing_actor_cnt, current val is 134
I1012 14:29:39.111898 38528 naive_actor.cpp:25] actor 37391985278998 switch to &NaiveActor::HandlerNormal
I1012 14:29:39.111953 38528 thread.cpp:96] Thread 17829888 construct Actor kNormalForward 37391985278998
I1012 14:29:39.112015 38528 runtime_context.cpp:29] DecreaseCounter constructing_actor_cnt, current val is 133
I1012 14:29:39.112257 38528 naive_actor.cpp:25] actor 37391985279015 switch to &NaiveActor::HandlerNormal
I1012 14:29:39.112299 38528 thread.cpp:96] Thread 17829888 construct Actor kNormalForward 37391985279015
I1012 14:29:39.112450 38528 runtime_context.cpp:29] DecreaseCounter constructing_actor_cnt, current val is 132
I1012 14:29:39.113334 38528 naive_actor.cpp:25] actor 37391985279032 switch to &NaiveActor::HandlerNormal
I1012 14:29:39.113380 38528 thread.cpp:96] Thread 17829888 construct Actor kNormalForward 37391985279032
I1012 14:29:39.113446 38528 runtime_context.cpp:29] DecreaseCounter constructing_actor_cnt, current val is 131
I1012 14:29:39.114079 38528 naive_actor.cpp:25] actor 37391985279060 switch to &NaiveActor::HandlerNormal
I1012 14:29:39.114121 38528 thread.cpp:96] Thread 17829888 construct Actor kNormalForward 37391985279060
I1012 14:29:39.114182 38528 runtime_context.cpp:29] DecreaseCounter constructing_actor_cnt, current val is 130
I1012 14:29:39.114832 38528 naive_actor.cpp:25] actor 37391985279042 switch to &NaiveActor::HandlerNormal
I1012 14:29:39.114876 38528 thread.cpp:96] Thread 17829888 construct Actor kNormalForward 37391985279042
I1012 14:29:39.114939 38528 runtime_context.cpp:29] DecreaseCounter constructing_actor_cnt, current val is 129
I1012 14:29:39.115556 38528 naive_actor.cpp:25] actor 37391985279041 switch to &NaiveActor::HandlerNormal
I1012 14:29:39.115597 38528 thread.cpp:96] Thread 17829888 construct Actor kNormalForward 37391985279041
I1012 14:29:39.115658 38528 runtime_context.cpp:29] DecreaseCounter constructing_actor_cnt, current val is 128
I1012 14:29:39.116386 38528 naive_actor.cpp:25] actor 37391985279009 switch to &NaiveActor::HandlerNormal
I1012 14:29:39.116436 38528 thread.cpp:96] Thread 17829888 construct Actor kNormalForward 37391985279009
I1012 14:29:39.116494 38528 runtime_context.cpp:29] DecreaseCounter constructing_actor_cnt, current val is 127
I1012 14:29:39.117110 38528 naive_actor.cpp:25] actor 37391985279059 switch to &NaiveActor::HandlerNormal
I1012 14:29:39.117161 38528 thread.cpp:96] Thread 17829888 construct Actor kNormalForward 37391985279059
I1012 14:29:39.117221 38528 runtime_context.cpp:29] DecreaseCounter constructing_actor_cnt, current val is 126
I1012 14:29:39.117461 38528 naive_actor.cpp:25] actor 37391985278999 switch to &NaiveActor::HandlerNormal
I1012 14:29:39.117496 38528 thread.cpp:96] Thread 17829888 construct Actor kNormalForward 37391985278999
I1012 14:29:39.117550 38528 runtime_context.cpp:29] DecreaseCounter constructing_actor_cnt, current val is 125
I1012 14:29:39.117799 38528 naive_actor.cpp:25] actor 37391985279027 switch to &NaiveActor::HandlerNormal
I1012 14:29:39.117835 38528 thread.cpp:96] Thread 17829888 construct Actor kNormalForward 37391985279027
I1012 14:29:39.117888 38528 runtime_context.cpp:29] DecreaseCounter constructing_actor_cnt, current val is 124
I1012 14:29:39.118507 38528 naive_actor.cpp:25] actor 37391985279023 switch to &NaiveActor::HandlerNormal
I1012 14:29:39.118548 38528 thread.cpp:96] Thread 17829888 construct Actor kNormalForward 37391985279023
I1012 14:29:39.118608 38528 runtime_context.cpp:29] DecreaseCounter constructing_actor_cnt, current val is 123
I1012 14:29:39.119220 38528 naive_actor.cpp:25] actor 37391985279065 switch to &NaiveActor::HandlerNormal
I1012 14:29:39.119258 38528 thread.cpp:96] Thread 17829888 construct Actor kNormalForward 37391985279065
I1012 14:29:39.119341 38528 runtime_context.cpp:29] DecreaseCounter constructing_actor_cnt, current val is 122
I1012 14:29:39.120004 38528 naive_actor.cpp:25] actor 37391985279089 switch to &NaiveActor::HandlerNormal
I1012 14:29:39.120043 38528 thread.cpp:96] Thread 17829888 construct Actor kNormalForward 37391985279089
I1012 14:29:39.120105 38528 runtime_context.cpp:29] DecreaseCounter constructing_actor_cnt, current val is 121
I1012 14:29:39.120798 38528 naive_actor.cpp:25] actor 37391985278982 switch to &NaiveActor::HandlerNormal
I1012 14:29:39.120839 38528 thread.cpp:96] Thread 17829888 construct Actor kNormalForward 37391985278982
I1012 14:29:39.120900 38528 runtime_context.cpp:29] DecreaseCounter constructing_actor_cnt, current val is 120
I1012 14:29:39.121137 38528 naive_actor.cpp:25] actor 37391985279006 switch to &NaiveActor::HandlerNormal
I1012 14:29:39.121202 38528 thread.cpp:96] Thread 17829888 construct Actor kNormalForward 37391985279006
I1012 14:29:39.121285 38528 runtime_context.cpp:29] DecreaseCounter constructing_actor_cnt, current val is 119
I1012 14:29:39.121922 38528 naive_actor.cpp:25] actor 37391985279028 switch to &NaiveActor::HandlerNormal
I1012 14:29:39.121963 38528 thread.cpp:96] Thread 17829888 construct Actor kNormalForward 37391985279028
I1012 14:29:39.122022 38528 runtime_context.cpp:29] DecreaseCounter constructing_actor_cnt, current val is 118
I1012 14:29:39.122267 38528 naive_actor.cpp:25] actor 37391985279052 switch to &NaiveActor::HandlerNormal
I1012 14:29:39.122325 38528 thread.cpp:96] Thread 17829888 construct Actor kNormalForward 37391985279052
I1012 14:29:39.122385 38528 runtime_context.cpp:29] DecreaseCounter constructing_actor_cnt, current val is 117
I1012 14:29:39.123052 38528 naive_actor.cpp:25] actor 37391985279099 switch to &NaiveActor::HandlerNormal
I1012 14:29:39.123091 38528 thread.cpp:96] Thread 17829888 construct Actor kNormalForward 37391985279099
I1012 14:29:39.123152 38528 runtime_context.cpp:29] DecreaseCounter constructing_actor_cnt, current val is 116
I1012 14:29:39.123761 38528 naive_actor.cpp:25] actor 37391985279038 switch to &NaiveActor::HandlerNormal
I1012 14:29:39.123800 38528 thread.cpp:96] Thread 17829888 construct Actor kNormalForward 37391985279038
I1012 14:29:39.123872 38528 runtime_context.cpp:29] DecreaseCounter constructing_actor_cnt, current val is 115
I1012 14:29:39.124579 38528 naive_actor.cpp:25] actor 37391985279057 switch to &NaiveActor::HandlerNormal
I1012 14:29:39.124620 38528 thread.cpp:96] Thread 17829888 construct Actor kNormalForward 37391985279057
I1012 14:29:39.124680 38528 runtime_context.cpp:29] DecreaseCounter constructing_actor_cnt, current val is 114
I1012 14:29:39.125257 38528 naive_actor.cpp:25] actor 37391985279103 switch to &NaiveActor::HandlerNormal
I1012 14:29:39.125294 38528 thread.cpp:96] Thread 17829888 construct Actor kNormalForward 37391985279103
I1012 14:29:39.125352 38528 runtime_context.cpp:29] DecreaseCounter constructing_actor_cnt, current val is 113
I1012 14:29:39.125986 38528 naive_actor.cpp:25] actor 37391985279070 switch to &NaiveActor::HandlerNormal
I1012 14:29:39.126041 38528 thread.cpp:96] Thread 17829888 construct Actor kNormalForward 37391985279070
I1012 14:29:39.126101 38528 runtime_context.cpp:29] DecreaseCounter constructing_actor_cnt, current val is 112
I1012 14:29:39.126997 38528 naive_actor.cpp:25] actor 37391985279011 switch to &NaiveActor::HandlerNormal
I1012 14:29:39.127038 38528 thread.cpp:96] Thread 17829888 construct Actor kNormalForward 37391985279011
I1012 14:29:39.127096 38528 runtime_context.cpp:29] DecreaseCounter constructing_actor_cnt, current val is 111
I1012 14:29:39.127826 38528 naive_actor.cpp:25] actor 37391985279094 switch to &NaiveActor::HandlerNormal
I1012 14:29:39.127866 38528 thread.cpp:96] Thread 17829888 construct Actor kNormalForward 37391985279094
I1012 14:29:39.127928 38528 runtime_context.cpp:29] DecreaseCounter constructing_actor_cnt, current val is 110
I1012 14:29:39.128175 38528 naive_actor.cpp:25] actor 37391985279022 switch to &NaiveActor::HandlerNormal
I1012 14:29:39.128221 38528 thread.cpp:96] Thread 17829888 construct Actor kNormalForward 37391985279022
I1012 14:29:39.128279 38528 runtime_context.cpp:29] DecreaseCounter constructing_actor_cnt, current val is 109
I1012 14:29:39.128885 38528 naive_actor.cpp:25] actor 37391985279050 switch to &NaiveActor::HandlerNormal
I1012 14:29:39.128924 38528 thread.cpp:96] Thread 17829888 construct Actor kNormalForward 37391985279050
I1012 14:29:39.128996 38528 runtime_context.cpp:29] DecreaseCounter constructing_actor_cnt, current val is 108
I1012 14:29:39.129544 38528 naive_actor.cpp:25] actor 37391985279039 switch to &NaiveActor::HandlerNormal
I1012 14:29:39.129582 38528 thread.cpp:96] Thread 17829888 construct Actor kNormalForward 37391985279039
I1012 14:29:39.129639 38528 runtime_context.cpp:29] DecreaseCounter constructing_actor_cnt, current val is 107
I1012 14:29:39.129977 38528 naive_actor.cpp:25] actor 37391985279013 switch to &NaiveActor::HandlerNormal
I1012 14:29:39.130018 38528 thread.cpp:96] Thread 17829888 construct Actor kNormalForward 37391985279013
I1012 14:29:39.130074 38528 runtime_context.cpp:29] DecreaseCounter constructing_actor_cnt, current val is 106
I1012 14:29:39.130779 38528 naive_actor.cpp:25] actor 37391985279084 switch to &NaiveActor::HandlerNormal
I1012 14:29:39.130818 38528 thread.cpp:96] Thread 17829888 construct Actor kNormalForward 37391985279084
I1012 14:29:39.130883 38528 runtime_context.cpp:29] DecreaseCounter constructing_actor_cnt, current val is 105
I1012 14:29:39.131513 38528 naive_actor.cpp:25] actor 37391985279033 switch to &NaiveActor::HandlerNormal
I1012 14:29:39.131552 38528 thread.cpp:96] Thread 17829888 construct Actor kNormalForward 37391985279033
I1012 14:29:39.131613 38528 runtime_context.cpp:29] DecreaseCounter constructing_actor_cnt, current val is 104
I1012 14:29:39.132155 38528 naive_actor.cpp:25] actor 37391985279083 switch to &NaiveActor::HandlerNormal
I1012 14:29:39.132194 38528 thread.cpp:96] Thread 17829888 construct Actor kNormalForward 37391985279083
I1012 14:29:39.132252 38528 runtime_context.cpp:29] DecreaseCounter constructing_actor_cnt, current val is 103
I1012 14:29:39.132896 38528 naive_actor.cpp:25] actor 37391985279072 switch to &NaiveActor::HandlerNormal
I1012 14:29:39.132937 38528 thread.cpp:96] Thread 17829888 construct Actor kNormalForward 37391985279072
I1012 14:29:39.132997 38528 runtime_context.cpp:29] DecreaseCounter constructing_actor_cnt, current val is 102
I1012 14:29:39.133757 38528 naive_actor.cpp:25] actor 37391985279107 switch to &NaiveActor::HandlerNormal
I1012 14:29:39.133798 38528 thread.cpp:96] Thread 17829888 construct Actor kNormalForward 37391985279107
I1012 14:29:39.133862 38528 runtime_context.cpp:29] DecreaseCounter constructing_actor_cnt, current val is 101
I1012 14:29:39.134461 38528 naive_actor.cpp:25] actor 37391985279047 switch to &NaiveActor::HandlerNormal
I1012 14:29:39.134506 38528 thread.cpp:96] Thread 17829888 construct Actor kNormalForward 37391985279047
I1012 14:29:39.134567 38528 runtime_context.cpp:29] DecreaseCounter constructing_actor_cnt, current val is 100
I1012 14:29:39.135262 38528 naive_actor.cpp:25] actor 37391985279074 switch to &NaiveActor::HandlerNormal
I1012 14:29:39.135303 38528 thread.cpp:96] Thread 17829888 construct Actor kNormalForward 37391985279074
I1012 14:29:39.135365 38528 runtime_context.cpp:29] DecreaseCounter constructing_actor_cnt, current val is 99
I1012 14:29:39.136009 38528 naive_actor.cpp:25] actor 37391985279056 switch to &NaiveActor::HandlerNormal
I1012 14:29:39.136052 38528 thread.cpp:96] Thread 17829888 construct Actor kNormalForward 37391985279056
I1012 14:29:39.136111 38528 runtime_context.cpp:29] DecreaseCounter constructing_actor_cnt, current val is 98
I1012 14:29:39.136746 38528 naive_actor.cpp:25] actor 37391985279113 switch to &NaiveActor::HandlerNormal
I1012 14:29:39.136785 38528 thread.cpp:96] Thread 17829888 construct Actor kNormalForward 37391985279113
I1012 14:29:39.136847 38528 runtime_context.cpp:29] DecreaseCounter constructing_actor_cnt, current val is 97
I1012 14:29:39.137485 38528 naive_actor.cpp:25] actor 37391985279077 switch to &NaiveActor::HandlerNormal
I1012 14:29:39.137523 38528 thread.cpp:96] Thread 17829888 construct Actor kNormalForward 37391985279077
I1012 14:29:39.137583 38528 runtime_context.cpp:29] DecreaseCounter constructing_actor_cnt, current val is 96
I1012 14:29:39.138317 38528 naive_actor.cpp:25] actor 37391985279137 switch to &NaiveActor::HandlerNormal
I1012 14:29:39.138366 38528 thread.cpp:96] Thread 17829888 construct Actor kNormalForward 37391985279137
I1012 14:29:39.138438 38528 runtime_context.cpp:29] DecreaseCounter constructing_actor_cnt, current val is 95
I1012 14:29:39.139034 38528 naive_actor.cpp:25] actor 37391985279030 switch to &NaiveActor::HandlerNormal
I1012 14:29:39.139093 38528 thread.cpp:96] Thread 17829888 construct Actor kNormalForward 37391985279030
I1012 14:29:39.139199 38528 runtime_context.cpp:29] DecreaseCounter constructing_actor_cnt, current val is 94
I1012 14:29:39.139922 38528 naive_actor.cpp:25] actor 37391985279161 switch to &NaiveActor::HandlerNormal
I1012 14:29:39.139966 38528 thread.cpp:96] Thread 17829888 construct Actor kNormalForward 37391985279161
I1012 14:29:39.140027 38528 runtime_context.cpp:29] DecreaseCounter constructing_actor_cnt, current val is 93
I1012 14:29:39.140645 38528 naive_actor.cpp:25] actor 37391985279124 switch to &NaiveActor::HandlerNormal
I1012 14:29:39.140686 38528 thread.cpp:96] Thread 17829888 construct Actor kNormalForward 37391985279124
I1012 14:29:39.140744 38528 runtime_context.cpp:29] DecreaseCounter constructing_actor_cnt, current val is 92
