Log file created at: 2021/10/12 14:29:32
Running on machine: oneflow-14
Log line format: [IWEF]mmdd hh:mm:ss.uuuuuu threadid file:line] msg
I1012 14:29:32.741812 38044 global.h:36] NewGlobal 14cudaDeviceProp
I1012 14:29:32.754295 38044 global.h:36] NewGlobal N7oneflow7EnvDescE
I1012 14:29:32.754318 38044 global.h:36] NewGlobal N7oneflow10ProcessCtxE
I1012 14:29:32.754330 38044 env_global_objects_scope.cpp:159] using rpc backend: gRPC
I1012 14:29:32.754335 38044 global.h:36] NewGlobal N7oneflow10CtrlServerE
I1012 14:29:32.755277 38044 ctrl_server.cpp:40] CtrlServer listening on 0.0.0.0:37133
I1012 14:29:32.755420 38044 rank_info_bootstrap_server.cpp:47] RankInfoBootstrapServer listening on 0.0.0.0:29500
I1012 14:29:32.756557 38044 rpc_client.cpp:187] LoadServer 127.0.0.1 Successful at 0 times
I1012 14:29:32.916592 38044 ctrl_bootstrap.cpp:76] 
ctrl_addr {
  host: "127.0.0.1"
  port: 37133
}
ctrl_addr {
  host: "127.0.0.1"
  port: 40623
}
rank: 0
node_size: 1
I1012 14:29:32.918988 38044 rpc_client.cpp:187] LoadServer 127.0.0.1 Successful at 0 times
I1012 14:29:32.920133 38044 rpc_client.cpp:187] LoadServer 127.0.0.1 Successful at 0 times
I1012 14:29:32.920236 38044 global.h:36] NewGlobal N7oneflow12ResourceDescE
I1012 14:29:32.920262 38044 global.h:36] NewGlobal N7oneflow12ResourceDescE
I1012 14:29:33.090893 38044 global.h:36] NewGlobal N7oneflow10ThreadPoolE
I1012 14:29:33.092052 38044 global.h:36] NewGlobal N7oneflow16EagerNcclCommMgrE
I1012 14:29:33.092072 38044 global.h:36] NewGlobal N7oneflow18CudnnConvAlgoCacheE
I1012 14:29:33.092082 38044 global.h:36] NewGlobal N7oneflow2vm19VirtualMachineScopeE
I1012 14:29:33.092092 38044 global.h:36] NewGlobal N7oneflow9OneflowVME
I1012 14:29:33.092732 38044 oneflow_vm.cpp:75] transport stream type: N7oneflow2vm13CpuStreamTypeE
I1012 14:29:33.092754 38044 oneflow_vm.cpp:75] transport stream type: N7oneflow2vm14CudaStreamTypeE
I1012 14:29:33.092763 38044 oneflow_vm.cpp:75] transport stream type: N7oneflow2vm19AsyncCudaStreamTypeE
I1012 14:29:33.093020 38044 global.h:36] NewGlobal N7oneflow27EagerJobBuildAndInferCtxMgrE
I1012 14:29:33.093093 38044 global.h:36] NewGlobal N7oneflow12EpollCommNetE
I1012 14:29:33.093322 38044 epoll_comm_network.cpp:63] CommNet:Epoll listening on 0.0.0.0:44163
I1012 14:29:33.094208 38044 epoll_comm_network.cpp:197] machine 0 sockfd -1
I1012 14:29:33.094233 38044 epoll_comm_network.cpp:197] machine 1 sockfd 42
I1012 14:29:33.094358 38044 global.h:36] NewGlobal N7oneflow9TransportE
I1012 14:29:33.094556 38044 global.h:36] NewGlobal N7oneflow25MultiClientSessionContextE
I1012 14:29:36.600000 38362 eager_nccl_comm_manager.cpp:69]  EagerNcclCommMgr::ncclCommInitRank device_vec.size() = 2, nccl_unique_id = 0200ffffffca0e0b0b010e000000000000000000000000000000000000000000000000000000000000000000000000000000000000000000000000000000000000000000000000000000000000000000000000000000000000000000000000000000000000000000000000000000000000000000000000000000000000000000000000, rank = 0, key = {eager_nccl_unique_id_rpc_key,0:0,1:1}
I1012 14:29:36.952690 38044 version.cpp:22] OneFlow git version: b295ca2324
I1012 14:29:36.952746 38044 device_register_gpu.cpp:56] CUDA runtime version: 11.2
I1012 14:29:36.952764 38044 device_register_gpu.cpp:65] cuDNN version: 8.1.1
I1012 14:29:36.952770 38044 device_register_gpu.cpp:78] NCCL version: 2.9.8
I1012 14:29:36.952778 38044 global.h:43] DeleteGlobal N7oneflow12ResourceDescE
I1012 14:29:36.952829 38044 global.h:36] NewGlobal N7oneflow12ResourceDescE
I1012 14:29:36.952838 38044 global.h:36] NewGlobal N7oneflow5IDMgrE
I1012 14:29:36.952845 38044 global.h:36] NewGlobal N7oneflow26LazyJobBuildAndInferCtxMgrE
I1012 14:29:36.952852 38044 global.h:36] NewGlobal N7oneflow9BufferMgrISt10shared_ptrINS_11JobInstanceEEEE
I1012 14:29:36.952857 38044 global.h:36] NewGlobal N7oneflow10RuntimeCtxE
I1012 14:29:36.952862 38044 global.h:36] NewGlobal N7oneflow15MemoryAllocatorE
I1012 14:29:36.952865 38044 global.h:36] NewGlobal N7oneflow8ChunkMgrE
I1012 14:29:36.952870 38044 global.h:36] NewGlobal N7oneflow8RegstMgrE
I1012 14:29:36.952875 38044 global.h:36] NewGlobal N7oneflow11ActorMsgBusE
I1012 14:29:36.953035 38044 global.h:36] NewGlobal N7oneflow9ThreadMgrE
I1012 14:29:36.953068 38044 global.h:36] NewGlobal N7oneflow15RuntimeJobDescsE
I1012 14:29:36.953088 38044 global.h:36] NewGlobal N7oneflow7summary12EventsWriterE
I1012 14:29:36.953099 38044 global.h:36] NewGlobal N7oneflow6boxing10collective24CollectiveBoxingExecutorE
I1012 14:29:36.953125 38044 global.h:36] NewGlobal N7oneflow6boxing10collective31CollectiveBoxingDeviceCtxPollerE
I1012 14:29:36.958014 38044 global.h:36] NewGlobal N7oneflow7JobDescE
I1012 14:29:37.207290 38044 global.h:43] DeleteGlobal N7oneflow7JobDescE
I1012 14:29:37.207453 38044 global.h:36] NewGlobal N7oneflow7JobDescE
I1012 14:29:37.583911 38044 global.h:43] DeleteGlobal N7oneflow7JobDescE
I1012 14:29:37.627557 38044 global.h:36] NewGlobal N7oneflow7JobDescE
I1012 14:29:38.008648 38044 global.h:36] NewGlobal N7oneflow7OpGraphE
I1012 14:29:38.134832 38044 global.h:43] DeleteGlobal N7oneflow7OpGraphE
I1012 14:29:38.156414 38044 nn_graph.cpp:241] 
job_id: 0 , job_name: WideAndDeepTrainGraph_0 , compile time: 0.528805 seconds.
I1012 14:29:38.159593 38044 plan_util.cpp:928]  Plan: WideAndDeepTrainGraph_0 needs to allocate [ 1140.66 MiB ] device memory in Rank: 0 , Device: 0
I1012 14:29:38.159632 38044 plan_util.cpp:928]  Plan: WideAndDeepTrainGraph_0 needs to allocate [ 1140.66 MiB ] device memory in Rank: 1 , Device: 1
I1012 14:29:39.055229 38044 runtime_context.cpp:21] NewCounter constructing_actor_cnt 237
I1012 14:29:39.055843 38545 naive_actor.cpp:25] actor 1099517919235 switch to &NaiveActor::HandlerNormal
I1012 14:29:39.056180 38542 naive_actor.cpp:25] actor 2199023255745 switch to &NaiveActor::HandlerNormal
I1012 14:29:39.056385 38550 wait_and_send_ids_actor.cpp:53] actor 1099520016384 switch to &WaitAndSendIdsActor::HandlerWaitToStart
I1012 14:29:39.055960 38545 thread.cpp:96] Thread 524291 construct Actor kDeviceTick 1099517919235
I1012 14:29:39.056246 38542 thread.cpp:96] Thread 1048576 construct Actor kDeviceTick 2199023255745
I1012 14:29:39.056564 38550 thread.cpp:96] Thread 524292 construct Actor kWaitAndSendIds 1099520016384
I1012 14:29:39.056694 38545 runtime_context.cpp:29] DecreaseCounter constructing_actor_cnt, current val is 236
I1012 14:29:39.056704 38542 runtime_context.cpp:29] DecreaseCounter constructing_actor_cnt, current val is 235
I1012 14:29:39.056722 38550 runtime_context.cpp:29] DecreaseCounter constructing_actor_cnt, current val is 234
I1012 14:29:39.066143 38545 naive_actor.cpp:25] actor 1099517919239 switch to &NaiveActor::HandlerNormal
I1012 14:29:39.066226 38549 naive_actor.cpp:25] actor 2199025352706 switch to &NaiveActor::HandlerNormal
I1012 14:29:39.066244 38547 naive_actor.cpp:25] actor 2199029547019 switch to &NaiveActor::HandlerNormal
I1012 14:29:39.066321 38551 sink_actor.cpp:21] actor 1099522113536 switch to &SinkActor::HandlerNormal
I1012 14:29:39.066350 38542 naive_actor.cpp:25] actor 2199023255553 switch to &NaiveActor::HandlerNormal
I1012 14:29:39.066548 38545 thread.cpp:96] Thread 524291 construct Actor kTick 1099517919239
I1012 14:29:39.066596 38549 thread.cpp:96] Thread 1048577 construct Actor kCopyHd 2199025352706
I1012 14:29:39.066658 38547 thread.cpp:96] Thread 1048579 construct Actor kCollectiveBoxingGeneric 2199029547019
I1012 14:29:39.066706 38551 thread.cpp:96] Thread 524293 construct Actor kCallbackNotify 1099522113536
I1012 14:29:39.066759 38542 thread.cpp:96] Thread 1048576 construct Actor kNormalForward 2199023255553
I1012 14:29:39.066861 38549 runtime_context.cpp:29] DecreaseCounter constructing_actor_cnt, current val is 232
I1012 14:29:39.066848 38545 runtime_context.cpp:29] DecreaseCounter constructing_actor_cnt, current val is 233
I1012 14:29:39.066870 38547 runtime_context.cpp:29] DecreaseCounter constructing_actor_cnt, current val is 231
I1012 14:29:39.066892 38551 runtime_context.cpp:29] DecreaseCounter constructing_actor_cnt, current val is 230
I1012 14:29:39.067230 38549 naive_actor.cpp:25] actor 2199025352708 switch to &NaiveActor::HandlerNormal
I1012 14:29:39.067059 38544 naive_actor.cpp:25] actor 1099513724928 switch to &NaiveActor::HandlerNormal
I1012 14:29:39.066916 38542 runtime_context.cpp:29] DecreaseCounter constructing_actor_cnt, current val is 229
I1012 14:29:39.067286 38549 thread.cpp:96] Thread 1048577 construct Actor kCopyHd 2199025352708
I1012 14:29:39.067317 38547 naive_actor.cpp:25] actor 2199029547010 switch to &NaiveActor::HandlerNormal
I1012 14:29:39.067402 38545 naive_actor.cpp:25] actor 1099517919234 switch to &NaiveActor::HandlerNormal
I1012 14:29:39.067524 38544 thread.cpp:96] Thread 524289 construct Actor kNormalForward 1099513724928
I1012 14:29:39.067677 38549 runtime_context.cpp:29] DecreaseCounter constructing_actor_cnt, current val is 228
I1012 14:29:39.067718 38547 thread.cpp:96] Thread 1048579 construct Actor kCollectiveBoxingGeneric 2199029547010
I1012 14:29:39.067787 38545 thread.cpp:96] Thread 524291 construct Actor kSrcSubsetTick 1099517919234
I1012 14:29:39.067993 38544 runtime_context.cpp:29] DecreaseCounter constructing_actor_cnt, current val is 226
I1012 14:29:39.067988 38547 runtime_context.cpp:29] DecreaseCounter constructing_actor_cnt, current val is 227
I1012 14:29:39.068069 38545 runtime_context.cpp:29] DecreaseCounter constructing_actor_cnt, current val is 225
I1012 14:29:39.068105 38549 naive_actor.cpp:25] actor 2199025352707 switch to &NaiveActor::HandlerNormal
I1012 14:29:39.068249 38549 thread.cpp:96] Thread 1048577 construct Actor kCopyHd 2199025352707
I1012 14:29:39.068306 38547 naive_actor.cpp:25] actor 2199029547013 switch to &NaiveActor::HandlerNormal
I1012 14:29:39.068353 38549 runtime_context.cpp:29] DecreaseCounter constructing_actor_cnt, current val is 224
I1012 14:29:39.068361 38547 thread.cpp:96] Thread 1048579 construct Actor kCollectiveBoxingGeneric 2199029547013
I1012 14:29:39.068462 38547 runtime_context.cpp:29] DecreaseCounter constructing_actor_cnt, current val is 223
I1012 14:29:39.068485 38542 naive_actor.cpp:25] actor 2199023255555 switch to &NaiveActor::HandlerNormal
I1012 14:29:39.068548 38542 thread.cpp:96] Thread 1048576 construct Actor kNormalForward 2199023255555
I1012 14:29:39.068572 38545 naive_actor.cpp:25] actor 1099517919236 switch to &NaiveActor::HandlerNormal
I1012 14:29:39.068547 38549 naive_actor.cpp:25] actor 2199025352704 switch to &NaiveActor::HandlerNormal
I1012 14:29:39.068591 38547 naive_actor.cpp:25] actor 2199029547014 switch to &NaiveActor::HandlerNormal
I1012 14:29:39.068619 38545 thread.cpp:96] Thread 524291 construct Actor kTick 1099517919236
I1012 14:29:39.068634 38542 runtime_context.cpp:29] DecreaseCounter constructing_actor_cnt, current val is 222
I1012 14:29:39.068658 38549 thread.cpp:96] Thread 1048577 construct Actor kCopyHd 2199025352704
I1012 14:29:39.068689 38547 thread.cpp:96] Thread 1048579 construct Actor kCollectiveBoxingGeneric 2199029547014
I1012 14:29:39.068761 38545 runtime_context.cpp:29] DecreaseCounter constructing_actor_cnt, current val is 221
I1012 14:29:39.068801 38549 runtime_context.cpp:29] DecreaseCounter constructing_actor_cnt, current val is 220
I1012 14:29:39.068832 38547 runtime_context.cpp:29] DecreaseCounter constructing_actor_cnt, current val is 219
I1012 14:29:39.069020 38549 naive_actor.cpp:25] actor 2199025352705 switch to &NaiveActor::HandlerNormal
I1012 14:29:39.069039 38547 naive_actor.cpp:25] actor 2199029547009 switch to &NaiveActor::HandlerNormal
I1012 14:29:39.069094 38549 thread.cpp:96] Thread 1048577 construct Actor kCopyHd 2199025352705
I1012 14:29:39.069129 38547 thread.cpp:96] Thread 1048579 construct Actor kCollectiveBoxingGeneric 2199029547009
I1012 14:29:39.069164 38545 naive_actor.cpp:25] actor 1099517919232 switch to &NaiveActor::HandlerNormal
I1012 14:29:39.069180 38549 runtime_context.cpp:29] DecreaseCounter constructing_actor_cnt, current val is 218
I1012 14:29:39.069187 38547 runtime_context.cpp:29] DecreaseCounter constructing_actor_cnt, current val is 217
I1012 14:29:39.069236 38545 thread.cpp:96] Thread 524291 construct Actor kDeviceTick 1099517919232
I1012 14:29:39.069311 38544 naive_actor.cpp:25] actor 1099513724929 switch to &NaiveActor::HandlerNormal
I1012 14:29:39.069353 38545 runtime_context.cpp:29] DecreaseCounter constructing_actor_cnt, current val is 216
I1012 14:29:39.069420 38547 naive_actor.cpp:25] actor 2199029547015 switch to &NaiveActor::HandlerNormal
I1012 14:29:39.069547 38544 thread.cpp:96] Thread 524289 construct Actor kNormalForward 1099513724929
I1012 14:29:39.069635 38547 thread.cpp:96] Thread 1048579 construct Actor kCollectiveBoxingGeneric 2199029547015
I1012 14:29:39.069749 38542 naive_actor.cpp:25] actor 2199023255554 switch to &NaiveActor::HandlerNormal
I1012 14:29:39.069803 38547 runtime_context.cpp:29] DecreaseCounter constructing_actor_cnt, current val is 215
I1012 14:29:39.069818 38542 thread.cpp:96] Thread 1048576 construct Actor kNormalForward 2199023255554
I1012 14:29:39.069828 38544 runtime_context.cpp:29] DecreaseCounter constructing_actor_cnt, current val is 214
I1012 14:29:39.069922 38545 naive_actor.cpp:25] actor 1099517919233 switch to &NaiveActor::HandlerNormal
I1012 14:29:39.069937 38542 runtime_context.cpp:29] DecreaseCounter constructing_actor_cnt, current val is 213
I1012 14:29:39.069981 38547 naive_actor.cpp:25] actor 2199029547011 switch to &NaiveActor::HandlerNormal
I1012 14:29:39.070055 38545 thread.cpp:96] Thread 524291 construct Actor kDeviceTick 1099517919233
I1012 14:29:39.070137 38547 thread.cpp:96] Thread 1048579 construct Actor kCollectiveBoxingGeneric 2199029547011
I1012 14:29:39.070242 38545 runtime_context.cpp:29] DecreaseCounter constructing_actor_cnt, current val is 212
I1012 14:29:39.070284 38547 runtime_context.cpp:29] DecreaseCounter constructing_actor_cnt, current val is 211
I1012 14:29:39.070371 38542 naive_actor.cpp:25] actor 2199023255563 switch to &NaiveActor::HandlerNormal
I1012 14:29:39.070456 38542 thread.cpp:96] Thread 1048576 construct Actor kNormalForward 2199023255563
I1012 14:29:39.070461 38544 naive_actor.cpp:25] actor 1099513724930 switch to &NaiveActor::HandlerNormal
I1012 14:29:39.070550 38542 runtime_context.cpp:29] DecreaseCounter constructing_actor_cnt, current val is 210
I1012 14:29:39.070560 38547 naive_actor.cpp:25] actor 2199029547018 switch to &NaiveActor::HandlerNormal
I1012 14:29:39.070585 38544 thread.cpp:96] Thread 524289 construct Actor kNormalForward 1099513724930
I1012 14:29:39.070621 38545 naive_actor.cpp:25] actor 1099517919238 switch to &NaiveActor::HandlerNormal
I1012 14:29:39.070653 38547 thread.cpp:96] Thread 1048579 construct Actor kCollectiveBoxingGeneric 2199029547018
I1012 14:29:39.070791 38544 runtime_context.cpp:29] DecreaseCounter constructing_actor_cnt, current val is 209
I1012 14:29:39.070793 38545 thread.cpp:96] Thread 524291 construct Actor kTick 1099517919238
I1012 14:29:39.070889 38547 runtime_context.cpp:29] DecreaseCounter constructing_actor_cnt, current val is 208
I1012 14:29:39.070914 38542 naive_actor.cpp:25] actor 2199023255557 switch to &NaiveActor::HandlerNormal
I1012 14:29:39.071064 38545 runtime_context.cpp:29] DecreaseCounter constructing_actor_cnt, current val is 207
I1012 14:29:39.071105 38542 thread.cpp:96] Thread 1048576 construct Actor kNormalForward 2199023255557
I1012 14:29:39.071174 38547 naive_actor.cpp:25] actor 2199029547023 switch to &NaiveActor::HandlerNormal
I1012 14:29:39.071257 38542 runtime_context.cpp:29] DecreaseCounter constructing_actor_cnt, current val is 206
I1012 14:29:39.071264 38547 thread.cpp:96] Thread 1048579 construct Actor kCollectiveBoxingGeneric 2199029547023
I1012 14:29:39.071362 38547 runtime_context.cpp:29] DecreaseCounter constructing_actor_cnt, current val is 205
I1012 14:29:39.071529 38547 naive_actor.cpp:25] actor 2199029547021 switch to &NaiveActor::HandlerNormal
I1012 14:29:39.071573 38547 thread.cpp:96] Thread 1048579 construct Actor kCollectiveBoxingGeneric 2199029547021
I1012 14:29:39.071607 38545 naive_actor.cpp:25] actor 1099517919237 switch to &NaiveActor::HandlerNormal
I1012 14:29:39.071621 38547 runtime_context.cpp:29] DecreaseCounter constructing_actor_cnt, current val is 204
I1012 14:29:39.071732 38545 thread.cpp:96] Thread 524291 construct Actor kDstSubsetTick 1099517919237
I1012 14:29:39.071861 38545 runtime_context.cpp:29] DecreaseCounter constructing_actor_cnt, current val is 203
I1012 14:29:39.071920 38547 naive_actor.cpp:25] actor 2199029547017 switch to &NaiveActor::HandlerNormal
I1012 14:29:39.072021 38547 thread.cpp:96] Thread 1048579 construct Actor kCollectiveBoxingGeneric 2199029547017
I1012 14:29:39.072088 38547 runtime_context.cpp:29] DecreaseCounter constructing_actor_cnt, current val is 202
I1012 14:29:39.072222 38544 naive_actor.cpp:25] actor 1099513724931 switch to &NaiveActor::HandlerNormal
I1012 14:29:39.072297 38547 naive_actor.cpp:25] actor 2199029547025 switch to &NaiveActor::HandlerNormal
I1012 14:29:39.072302 38544 thread.cpp:96] Thread 524289 construct Actor kNormalForward 1099513724931
I1012 14:29:39.072340 38547 thread.cpp:96] Thread 1048579 construct Actor kCollectiveBoxingGeneric 2199029547025
I1012 14:29:39.072485 38547 runtime_context.cpp:29] DecreaseCounter constructing_actor_cnt, current val is 201
I1012 14:29:39.072492 38544 runtime_context.cpp:29] DecreaseCounter constructing_actor_cnt, current val is 200
I1012 14:29:39.072568 38542 naive_actor.cpp:25] actor 2199023255556 switch to &NaiveActor::HandlerNormal
I1012 14:29:39.072657 38542 thread.cpp:96] Thread 1048576 construct Actor kNormalForward 2199023255556
I1012 14:29:39.072686 38547 naive_actor.cpp:25] actor 2199029547020 switch to &NaiveActor::HandlerNormal
I1012 14:29:39.072731 38547 thread.cpp:96] Thread 1048579 construct Actor kCollectiveBoxingGeneric 2199029547020
I1012 14:29:39.072757 38542 runtime_context.cpp:29] DecreaseCounter constructing_actor_cnt, current val is 199
I1012 14:29:39.072774 38547 runtime_context.cpp:29] DecreaseCounter constructing_actor_cnt, current val is 198
I1012 14:29:39.072924 38544 naive_actor.cpp:25] actor 1099513724932 switch to &NaiveActor::HandlerNormal
I1012 14:29:39.072950 38547 naive_actor.cpp:25] actor 2199029547012 switch to &NaiveActor::HandlerNormal
I1012 14:29:39.072993 38544 thread.cpp:96] Thread 524289 construct Actor kNormalForward 1099513724932
I1012 14:29:39.073029 38547 thread.cpp:96] Thread 1048579 construct Actor kCollectiveBoxingGeneric 2199029547012
I1012 14:29:39.073140 38544 runtime_context.cpp:29] DecreaseCounter constructing_actor_cnt, current val is 197
I1012 14:29:39.073158 38547 runtime_context.cpp:29] DecreaseCounter constructing_actor_cnt, current val is 196
I1012 14:29:39.073419 38547 naive_actor.cpp:25] actor 2199029547022 switch to &NaiveActor::HandlerNormal
I1012 14:29:39.073462 38547 thread.cpp:96] Thread 1048579 construct Actor kCollectiveBoxingGeneric 2199029547022
I1012 14:29:39.073508 38547 runtime_context.cpp:29] DecreaseCounter constructing_actor_cnt, current val is 195
I1012 14:29:39.073653 38547 naive_actor.cpp:25] actor 2199029547024 switch to &NaiveActor::HandlerNormal
I1012 14:29:39.073701 38547 thread.cpp:96] Thread 1048579 construct Actor kCollectiveBoxingGeneric 2199029547024
I1012 14:29:39.073750 38547 runtime_context.cpp:29] DecreaseCounter constructing_actor_cnt, current val is 194
I1012 14:29:39.073933 38542 naive_actor.cpp:25] actor 2199023255560 switch to &NaiveActor::HandlerNormal
I1012 14:29:39.073990 38547 naive_actor.cpp:25] actor 2199029547008 switch to &NaiveActor::HandlerNormal
I1012 14:29:39.074018 38542 thread.cpp:96] Thread 1048576 construct Actor kNormalForward 2199023255560
I1012 14:29:39.074049 38547 thread.cpp:96] Thread 1048579 construct Actor kCollectiveBoxingGeneric 2199029547008
I1012 14:29:39.074157 38542 runtime_context.cpp:29] DecreaseCounter constructing_actor_cnt, current val is 193
I1012 14:29:39.074215 38547 runtime_context.cpp:29] DecreaseCounter constructing_actor_cnt, current val is 192
I1012 14:29:39.074460 38547 naive_actor.cpp:25] actor 2199029547016 switch to &NaiveActor::HandlerNormal
I1012 14:29:39.074503 38547 thread.cpp:96] Thread 1048579 construct Actor kCollectiveBoxingGeneric 2199029547016
I1012 14:29:39.074570 38547 runtime_context.cpp:29] DecreaseCounter constructing_actor_cnt, current val is 191
I1012 14:29:39.075342 38542 naive_actor.cpp:25] actor 2199023255559 switch to &NaiveActor::HandlerNormal
I1012 14:29:39.075537 38542 thread.cpp:96] Thread 1048576 construct Actor kNormalForward 2199023255559
I1012 14:29:39.075649 38542 runtime_context.cpp:29] DecreaseCounter constructing_actor_cnt, current val is 190
I1012 14:29:39.076726 38542 naive_actor.cpp:25] actor 2199023255558 switch to &NaiveActor::HandlerNormal
I1012 14:29:39.076784 38542 thread.cpp:96] Thread 1048576 construct Actor kNormalForward 2199023255558
I1012 14:29:39.076875 38542 runtime_context.cpp:29] DecreaseCounter constructing_actor_cnt, current val is 189
I1012 14:29:39.077741 38542 naive_actor.cpp:25] actor 2199023255552 switch to &NaiveActor::HandlerNormal
I1012 14:29:39.077752 38543 naive_actor.cpp:25] actor 1099511627776 switch to &NaiveActor::HandlerNormal
I1012 14:29:39.077802 38542 thread.cpp:96] Thread 1048576 construct Actor kNormalForward 2199023255552
I1012 14:29:39.077862 38543 thread.cpp:96] Thread 524288 construct Actor kNormalForward 1099511627776
I1012 14:29:39.077935 38542 runtime_context.cpp:29] DecreaseCounter constructing_actor_cnt, current val is 188
I1012 14:29:39.077989 38543 runtime_context.cpp:29] DecreaseCounter constructing_actor_cnt, current val is 187
I1012 14:29:39.078274 38542 naive_actor.cpp:25] actor 2199023255582 switch to &NaiveActor::HandlerNormal
I1012 14:29:39.078330 38542 thread.cpp:96] Thread 1048576 construct Actor kNormalForward 2199023255582
I1012 14:29:39.078405 38542 runtime_context.cpp:29] DecreaseCounter constructing_actor_cnt, current val is 186
I1012 14:29:39.079001 38543 naive_actor.cpp:25] actor 1099511627778 switch to &NaiveActor::HandlerNormal
I1012 14:29:39.079066 38543 thread.cpp:96] Thread 524288 construct Actor kNormalForward 1099511627778
I1012 14:29:39.079159 38543 runtime_context.cpp:29] DecreaseCounter constructing_actor_cnt, current val is 185
I1012 14:29:39.079313 38542 naive_actor.cpp:25] actor 2199023255606 switch to &NaiveActor::HandlerNormal
I1012 14:29:39.079367 38542 thread.cpp:96] Thread 1048576 construct Actor kNormalForward 2199023255606
I1012 14:29:39.079473 38542 runtime_context.cpp:29] DecreaseCounter constructing_actor_cnt, current val is 184
I1012 14:29:39.079823 38542 naive_actor.cpp:25] actor 2199023255568 switch to &NaiveActor::HandlerNormal
I1012 14:29:39.079876 38542 thread.cpp:96] Thread 1048576 construct Actor kNormalForward 2199023255568
I1012 14:29:39.079947 38542 runtime_context.cpp:29] DecreaseCounter constructing_actor_cnt, current val is 183
I1012 14:29:39.080152 38543 naive_actor.cpp:25] actor 1099511627777 switch to &NaiveActor::HandlerNormal
I1012 14:29:39.080215 38543 thread.cpp:96] Thread 524288 construct Actor kNormalForward 1099511627777
I1012 14:29:39.080312 38543 runtime_context.cpp:29] DecreaseCounter constructing_actor_cnt, current val is 182
I1012 14:29:39.080667 38543 naive_actor.cpp:25] actor 1099511627779 switch to &NaiveActor::HandlerNormal
I1012 14:29:39.080721 38543 thread.cpp:96] Thread 524288 construct Actor kNormalForward 1099511627779
I1012 14:29:39.080793 38543 runtime_context.cpp:29] DecreaseCounter constructing_actor_cnt, current val is 181
I1012 14:29:39.080904 38542 naive_actor.cpp:25] actor 2199023255562 switch to &NaiveActor::HandlerNormal
I1012 14:29:39.080976 38542 thread.cpp:96] Thread 1048576 construct Actor kNormalForward 2199023255562
I1012 14:29:39.081055 38542 runtime_context.cpp:29] DecreaseCounter constructing_actor_cnt, current val is 180
I1012 14:29:39.081584 38543 naive_actor.cpp:25] actor 1099511627780 switch to &NaiveActor::HandlerNormal
I1012 14:29:39.081640 38543 thread.cpp:96] Thread 524288 construct Actor kNormalForward 1099511627780
I1012 14:29:39.081733 38543 runtime_context.cpp:29] DecreaseCounter constructing_actor_cnt, current val is 179
I1012 14:29:39.081837 38542 naive_actor.cpp:25] actor 2199023255565 switch to &NaiveActor::HandlerNormal
I1012 14:29:39.081887 38542 thread.cpp:96] Thread 1048576 construct Actor kNormalForward 2199023255565
I1012 14:29:39.081959 38542 runtime_context.cpp:29] DecreaseCounter constructing_actor_cnt, current val is 178
I1012 14:29:39.082832 38542 naive_actor.cpp:25] actor 2199023255564 switch to &NaiveActor::HandlerNormal
I1012 14:29:39.082921 38542 thread.cpp:96] Thread 1048576 construct Actor kNormalForward 2199023255564
I1012 14:29:39.083021 38542 runtime_context.cpp:29] DecreaseCounter constructing_actor_cnt, current val is 177
I1012 14:29:39.084003 38542 naive_actor.cpp:25] actor 2199023255569 switch to &NaiveActor::HandlerNormal
I1012 14:29:39.084081 38542 thread.cpp:96] Thread 1048576 construct Actor kNormalForward 2199023255569
I1012 14:29:39.084162 38542 runtime_context.cpp:29] DecreaseCounter constructing_actor_cnt, current val is 176
I1012 14:29:39.084965 38542 naive_actor.cpp:25] actor 2199023255634 switch to &NaiveActor::HandlerNormal
I1012 14:29:39.085018 38542 thread.cpp:96] Thread 1048576 construct Actor kNormalForward 2199023255634
I1012 14:29:39.085095 38542 runtime_context.cpp:29] DecreaseCounter constructing_actor_cnt, current val is 175
I1012 14:29:39.086019 38542 naive_actor.cpp:25] actor 2199023255567 switch to &NaiveActor::HandlerNormal
I1012 14:29:39.086064 38542 thread.cpp:96] Thread 1048576 construct Actor kNormalForward 2199023255567
I1012 14:29:39.086134 38542 runtime_context.cpp:29] DecreaseCounter constructing_actor_cnt, current val is 174
I1012 14:29:39.086421 38542 naive_actor.cpp:25] actor 2199023255570 switch to &NaiveActor::HandlerNormal
I1012 14:29:39.086477 38542 thread.cpp:96] Thread 1048576 construct Actor kNormalForward 2199023255570
I1012 14:29:39.086541 38542 runtime_context.cpp:29] DecreaseCounter constructing_actor_cnt, current val is 173
I1012 14:29:39.088130 38542 naive_actor.cpp:25] actor 2199023255566 switch to &NaiveActor::HandlerNormal
I1012 14:29:39.088184 38542 thread.cpp:96] Thread 1048576 construct Actor kNormalForward 2199023255566
I1012 14:29:39.088260 38542 runtime_context.cpp:29] DecreaseCounter constructing_actor_cnt, current val is 172
I1012 14:29:39.089078 38542 naive_actor.cpp:25] actor 2199023255590 switch to &NaiveActor::HandlerNormal
I1012 14:29:39.089134 38542 thread.cpp:96] Thread 1048576 construct Actor kNormalForward 2199023255590
I1012 14:29:39.089207 38542 runtime_context.cpp:29] DecreaseCounter constructing_actor_cnt, current val is 171
I1012 14:29:39.089915 38542 naive_actor.cpp:25] actor 2199023255579 switch to &NaiveActor::HandlerNormal
I1012 14:29:39.089962 38542 thread.cpp:96] Thread 1048576 construct Actor kNormalForward 2199023255579
I1012 14:29:39.090030 38542 runtime_context.cpp:29] DecreaseCounter constructing_actor_cnt, current val is 170
I1012 14:29:39.090829 38542 naive_actor.cpp:25] actor 2199023255571 switch to &NaiveActor::HandlerNormal
I1012 14:29:39.090880 38542 thread.cpp:96] Thread 1048576 construct Actor kNormalForward 2199023255571
I1012 14:29:39.090952 38542 runtime_context.cpp:29] DecreaseCounter constructing_actor_cnt, current val is 169
I1012 14:29:39.091665 38542 naive_actor.cpp:25] actor 2199023255572 switch to &NaiveActor::HandlerNormal
I1012 14:29:39.091711 38542 thread.cpp:96] Thread 1048576 construct Actor kNormalForward 2199023255572
I1012 14:29:39.091779 38542 runtime_context.cpp:29] DecreaseCounter constructing_actor_cnt, current val is 168
I1012 14:29:39.092592 38542 naive_actor.cpp:25] actor 2199023255581 switch to &NaiveActor::HandlerNormal
I1012 14:29:39.092653 38542 thread.cpp:96] Thread 1048576 construct Actor kNormalForward 2199023255581
I1012 14:29:39.092728 38542 runtime_context.cpp:29] DecreaseCounter constructing_actor_cnt, current val is 167
I1012 14:29:39.093035 38542 naive_actor.cpp:25] actor 2199023255596 switch to &NaiveActor::HandlerNormal
I1012 14:29:39.093082 38542 thread.cpp:96] Thread 1048576 construct Actor kNormalForward 2199023255596
I1012 14:29:39.093148 38542 runtime_context.cpp:29] DecreaseCounter constructing_actor_cnt, current val is 166
I1012 14:29:39.093463 38542 naive_actor.cpp:25] actor 2199023255575 switch to &NaiveActor::HandlerNormal
I1012 14:29:39.093508 38542 thread.cpp:96] Thread 1048576 construct Actor kNormalForward 2199023255575
I1012 14:29:39.093575 38542 runtime_context.cpp:29] DecreaseCounter constructing_actor_cnt, current val is 165
I1012 14:29:39.094857 38542 naive_actor.cpp:25] actor 2199023255580 switch to &NaiveActor::HandlerNormal
I1012 14:29:39.094935 38542 thread.cpp:96] Thread 1048576 construct Actor kNormalForward 2199023255580
I1012 14:29:39.095008 38542 runtime_context.cpp:29] DecreaseCounter constructing_actor_cnt, current val is 164
I1012 14:29:39.095317 38542 naive_actor.cpp:25] actor 2199023255584 switch to &NaiveActor::HandlerNormal
I1012 14:29:39.095366 38542 thread.cpp:96] Thread 1048576 construct Actor kNormalForward 2199023255584
I1012 14:29:39.095444 38542 runtime_context.cpp:29] DecreaseCounter constructing_actor_cnt, current val is 163
I1012 14:29:39.096310 38542 naive_actor.cpp:25] actor 2199023255583 switch to &NaiveActor::HandlerNormal
I1012 14:29:39.096359 38542 thread.cpp:96] Thread 1048576 construct Actor kNormalForward 2199023255583
I1012 14:29:39.096437 38542 runtime_context.cpp:29] DecreaseCounter constructing_actor_cnt, current val is 162
I1012 14:29:39.097096 38542 naive_actor.cpp:25] actor 2199023255607 switch to &NaiveActor::HandlerNormal
I1012 14:29:39.097139 38542 thread.cpp:96] Thread 1048576 construct Actor kNormalForward 2199023255607
I1012 14:29:39.097218 38542 runtime_context.cpp:29] DecreaseCounter constructing_actor_cnt, current val is 161
I1012 14:29:39.097990 38542 naive_actor.cpp:25] actor 2199023255576 switch to &NaiveActor::HandlerNormal
I1012 14:29:39.098037 38542 thread.cpp:96] Thread 1048576 construct Actor kNormalForward 2199023255576
I1012 14:29:39.098104 38542 runtime_context.cpp:29] DecreaseCounter constructing_actor_cnt, current val is 160
I1012 14:29:39.099541 38542 naive_actor.cpp:25] actor 2199023255573 switch to &NaiveActor::HandlerNormal
I1012 14:29:39.099597 38542 thread.cpp:96] Thread 1048576 construct Actor kNormalForward 2199023255573
I1012 14:29:39.099664 38542 runtime_context.cpp:29] DecreaseCounter constructing_actor_cnt, current val is 159
I1012 14:29:39.099984 38542 naive_actor.cpp:25] actor 2199023255630 switch to &NaiveActor::HandlerNormal
I1012 14:29:39.100033 38542 thread.cpp:96] Thread 1048576 construct Actor kNormalForward 2199023255630
I1012 14:29:39.100096 38542 runtime_context.cpp:29] DecreaseCounter constructing_actor_cnt, current val is 158
I1012 14:29:39.100796 38542 naive_actor.cpp:25] actor 2199023255586 switch to &NaiveActor::HandlerNormal
I1012 14:29:39.100842 38542 thread.cpp:96] Thread 1048576 construct Actor kNormalForward 2199023255586
I1012 14:29:39.100919 38542 runtime_context.cpp:29] DecreaseCounter constructing_actor_cnt, current val is 157
I1012 14:29:39.101691 38542 naive_actor.cpp:25] actor 2199023255632 switch to &NaiveActor::HandlerNormal
I1012 14:29:39.101737 38542 thread.cpp:96] Thread 1048576 construct Actor kNormalForward 2199023255632
I1012 14:29:39.101802 38542 runtime_context.cpp:29] DecreaseCounter constructing_actor_cnt, current val is 156
I1012 14:29:39.102684 38542 naive_actor.cpp:25] actor 2199023255588 switch to &NaiveActor::HandlerNormal
I1012 14:29:39.102733 38542 thread.cpp:96] Thread 1048576 construct Actor kNormalForward 2199023255588
I1012 14:29:39.102802 38542 runtime_context.cpp:29] DecreaseCounter constructing_actor_cnt, current val is 155
I1012 14:29:39.103468 38542 naive_actor.cpp:25] actor 2199023255593 switch to &NaiveActor::HandlerNormal
I1012 14:29:39.103514 38542 thread.cpp:96] Thread 1048576 construct Actor kNormalForward 2199023255593
I1012 14:29:39.103579 38542 runtime_context.cpp:29] DecreaseCounter constructing_actor_cnt, current val is 154
I1012 14:29:39.103875 38542 naive_actor.cpp:25] actor 2199023255577 switch to &NaiveActor::HandlerNormal
I1012 14:29:39.103917 38542 thread.cpp:96] Thread 1048576 construct Actor kNormalForward 2199023255577
I1012 14:29:39.103979 38542 runtime_context.cpp:29] DecreaseCounter constructing_actor_cnt, current val is 153
I1012 14:29:39.104749 38542 naive_actor.cpp:25] actor 2199023255658 switch to &NaiveActor::HandlerNormal
I1012 14:29:39.104794 38542 thread.cpp:96] Thread 1048576 construct Actor kNormalForward 2199023255658
I1012 14:29:39.104861 38542 runtime_context.cpp:29] DecreaseCounter constructing_actor_cnt, current val is 152
I1012 14:29:39.105180 38542 naive_actor.cpp:25] actor 2199023255591 switch to &NaiveActor::HandlerNormal
I1012 14:29:39.105232 38542 thread.cpp:96] Thread 1048576 construct Actor kNormalForward 2199023255591
I1012 14:29:39.105298 38542 runtime_context.cpp:29] DecreaseCounter constructing_actor_cnt, current val is 151
I1012 14:29:39.106030 38542 naive_actor.cpp:25] actor 2199023255682 switch to &NaiveActor::HandlerNormal
I1012 14:29:39.106071 38542 thread.cpp:96] Thread 1048576 construct Actor kNormalForward 2199023255682
I1012 14:29:39.106146 38542 runtime_context.cpp:29] DecreaseCounter constructing_actor_cnt, current val is 150
I1012 14:29:39.107201 38542 naive_actor.cpp:25] actor 2199023255594 switch to &NaiveActor::HandlerNormal
I1012 14:29:39.107257 38542 thread.cpp:96] Thread 1048576 construct Actor kNormalForward 2199023255594
I1012 14:29:39.107323 38542 runtime_context.cpp:29] DecreaseCounter constructing_actor_cnt, current val is 149
I1012 14:29:39.108042 38542 naive_actor.cpp:25] actor 2199023255614 switch to &NaiveActor::HandlerNormal
I1012 14:29:39.108083 38542 thread.cpp:96] Thread 1048576 construct Actor kNormalForward 2199023255614
I1012 14:29:39.108148 38542 runtime_context.cpp:29] DecreaseCounter constructing_actor_cnt, current val is 148
I1012 14:29:39.108413 38542 naive_actor.cpp:25] actor 2199023255603 switch to &NaiveActor::HandlerNormal
I1012 14:29:39.108464 38542 thread.cpp:96] Thread 1048576 construct Actor kNormalForward 2199023255603
I1012 14:29:39.108523 38542 runtime_context.cpp:29] DecreaseCounter constructing_actor_cnt, current val is 147
I1012 14:29:39.109287 38542 naive_actor.cpp:25] actor 2199023255578 switch to &NaiveActor::HandlerNormal
I1012 14:29:39.109328 38542 thread.cpp:96] Thread 1048576 construct Actor kNormalForward 2199023255578
I1012 14:29:39.109393 38542 runtime_context.cpp:29] DecreaseCounter constructing_actor_cnt, current val is 146
I1012 14:29:39.110173 38542 naive_actor.cpp:25] actor 2199023255646 switch to &NaiveActor::HandlerNormal
I1012 14:29:39.110219 38542 thread.cpp:96] Thread 1048576 construct Actor kNormalForward 2199023255646
I1012 14:29:39.110283 38542 runtime_context.cpp:29] DecreaseCounter constructing_actor_cnt, current val is 145
I1012 14:29:39.111019 38542 naive_actor.cpp:25] actor 2199023255595 switch to &NaiveActor::HandlerNormal
I1012 14:29:39.111063 38542 thread.cpp:96] Thread 1048576 construct Actor kNormalForward 2199023255595
I1012 14:29:39.111125 38542 runtime_context.cpp:29] DecreaseCounter constructing_actor_cnt, current val is 144
I1012 14:29:39.112491 38542 naive_actor.cpp:25] actor 2199023255587 switch to &NaiveActor::HandlerNormal
I1012 14:29:39.112545 38542 thread.cpp:96] Thread 1048576 construct Actor kNormalForward 2199023255587
I1012 14:29:39.112608 38542 runtime_context.cpp:29] DecreaseCounter constructing_actor_cnt, current val is 143
I1012 14:29:39.112879 38542 naive_actor.cpp:25] actor 2199023255605 switch to &NaiveActor::HandlerNormal
I1012 14:29:39.112920 38542 thread.cpp:96] Thread 1048576 construct Actor kNormalForward 2199023255605
I1012 14:29:39.112988 38542 runtime_context.cpp:29] DecreaseCounter constructing_actor_cnt, current val is 142
I1012 14:29:39.113740 38542 naive_actor.cpp:25] actor 2199023255620 switch to &NaiveActor::HandlerNormal
I1012 14:29:39.113785 38542 thread.cpp:96] Thread 1048576 construct Actor kNormalForward 2199023255620
I1012 14:29:39.113849 38542 runtime_context.cpp:29] DecreaseCounter constructing_actor_cnt, current val is 141
I1012 14:29:39.114575 38542 naive_actor.cpp:25] actor 2199023255599 switch to &NaiveActor::HandlerNormal
I1012 14:29:39.114621 38542 thread.cpp:96] Thread 1048576 construct Actor kNormalForward 2199023255599
I1012 14:29:39.114686 38542 runtime_context.cpp:29] DecreaseCounter constructing_actor_cnt, current val is 140
I1012 14:29:39.115790 38542 naive_actor.cpp:25] actor 2199023255604 switch to &NaiveActor::HandlerNormal
I1012 14:29:39.115949 38542 thread.cpp:96] Thread 1048576 construct Actor kNormalForward 2199023255604
I1012 14:29:39.116163 38542 runtime_context.cpp:29] DecreaseCounter constructing_actor_cnt, current val is 139
I1012 14:29:39.117592 38542 naive_actor.cpp:25] actor 2199023255608 switch to &NaiveActor::HandlerNormal
I1012 14:29:39.117650 38542 thread.cpp:96] Thread 1048576 construct Actor kNormalForward 2199023255608
I1012 14:29:39.117730 38542 runtime_context.cpp:29] DecreaseCounter constructing_actor_cnt, current val is 138
I1012 14:29:39.118739 38542 naive_actor.cpp:25] actor 2199023255574 switch to &NaiveActor::HandlerNormal
I1012 14:29:39.118794 38542 thread.cpp:96] Thread 1048576 construct Actor kNormalForward 2199023255574
I1012 14:29:39.118878 38542 runtime_context.cpp:29] DecreaseCounter constructing_actor_cnt, current val is 137
I1012 14:29:39.119230 38542 naive_actor.cpp:25] actor 2199023255561 switch to &NaiveActor::HandlerNormal
I1012 14:29:39.119290 38542 thread.cpp:96] Thread 1048576 construct Actor kNormalForward 2199023255561
I1012 14:29:39.119366 38542 runtime_context.cpp:29] DecreaseCounter constructing_actor_cnt, current val is 136
I1012 14:29:39.120281 38542 naive_actor.cpp:25] actor 2199023255653 switch to &NaiveActor::HandlerNormal
I1012 14:29:39.120335 38542 thread.cpp:96] Thread 1048576 construct Actor kNormalForward 2199023255653
I1012 14:29:39.120417 38542 runtime_context.cpp:29] DecreaseCounter constructing_actor_cnt, current val is 135
I1012 14:29:39.121239 38542 naive_actor.cpp:25] actor 2199023255600 switch to &NaiveActor::HandlerNormal
I1012 14:29:39.121295 38542 thread.cpp:96] Thread 1048576 construct Actor kNormalForward 2199023255600
I1012 14:29:39.121387 38542 runtime_context.cpp:29] DecreaseCounter constructing_actor_cnt, current val is 134
I1012 14:29:39.122256 38542 naive_actor.cpp:25] actor 2199023255641 switch to &NaiveActor::HandlerNormal
I1012 14:29:39.122310 38542 thread.cpp:96] Thread 1048576 construct Actor kNormalForward 2199023255641
I1012 14:29:39.122393 38542 runtime_context.cpp:29] DecreaseCounter constructing_actor_cnt, current val is 133
I1012 14:29:39.123301 38542 naive_actor.cpp:25] actor 2199023255592 switch to &NaiveActor::HandlerNormal
I1012 14:29:39.123355 38542 thread.cpp:96] Thread 1048576 construct Actor kNormalForward 2199023255592
I1012 14:29:39.123446 38542 runtime_context.cpp:29] DecreaseCounter constructing_actor_cnt, current val is 132
I1012 14:29:39.124253 38542 naive_actor.cpp:25] actor 2199023255616 switch to &NaiveActor::HandlerNormal
I1012 14:29:39.124308 38542 thread.cpp:96] Thread 1048576 construct Actor kNormalForward 2199023255616
I1012 14:29:39.124384 38542 runtime_context.cpp:29] DecreaseCounter constructing_actor_cnt, current val is 131
I1012 14:29:39.124748 38542 naive_actor.cpp:25] actor 2199023255610 switch to &NaiveActor::HandlerNormal
I1012 14:29:39.124801 38542 thread.cpp:96] Thread 1048576 construct Actor kNormalForward 2199023255610
I1012 14:29:39.124874 38542 runtime_context.cpp:29] DecreaseCounter constructing_actor_cnt, current val is 130
I1012 14:29:39.126200 38542 naive_actor.cpp:25] actor 2199023255601 switch to &NaiveActor::HandlerNormal
I1012 14:29:39.126255 38542 thread.cpp:96] Thread 1048576 construct Actor kNormalForward 2199023255601
I1012 14:29:39.126332 38542 runtime_context.cpp:29] DecreaseCounter constructing_actor_cnt, current val is 129
I1012 14:29:39.127087 38542 naive_actor.cpp:25] actor 2199023255625 switch to &NaiveActor::HandlerNormal
I1012 14:29:39.127144 38542 thread.cpp:96] Thread 1048576 construct Actor kNormalForward 2199023255625
I1012 14:29:39.127223 38542 runtime_context.cpp:29] DecreaseCounter constructing_actor_cnt, current val is 128
I1012 14:29:39.128041 38542 naive_actor.cpp:25] actor 2199023255638 switch to &NaiveActor::HandlerNormal
I1012 14:29:39.128093 38542 thread.cpp:96] Thread 1048576 construct Actor kNormalForward 2199023255638
I1012 14:29:39.128168 38542 runtime_context.cpp:29] DecreaseCounter constructing_actor_cnt, current val is 127
I1012 14:29:39.129139 38542 naive_actor.cpp:25] actor 2199023255662 switch to &NaiveActor::HandlerNormal
I1012 14:29:39.129191 38542 thread.cpp:96] Thread 1048576 construct Actor kNormalForward 2199023255662
I1012 14:29:39.129315 38542 runtime_context.cpp:29] DecreaseCounter constructing_actor_cnt, current val is 126
I1012 14:29:39.130177 38542 naive_actor.cpp:25] actor 2199023255686 switch to &NaiveActor::HandlerNormal
I1012 14:29:39.130229 38542 thread.cpp:96] Thread 1048576 construct Actor kNormalForward 2199023255686
I1012 14:29:39.130306 38542 runtime_context.cpp:29] DecreaseCounter constructing_actor_cnt, current val is 125
I1012 14:29:39.131072 38542 naive_actor.cpp:25] actor 2199023255615 switch to &NaiveActor::HandlerNormal
I1012 14:29:39.131122 38542 thread.cpp:96] Thread 1048576 construct Actor kNormalForward 2199023255615
I1012 14:29:39.131194 38542 runtime_context.cpp:29] DecreaseCounter constructing_actor_cnt, current val is 124
I1012 14:29:39.131513 38542 naive_actor.cpp:25] actor 2199023255706 switch to &NaiveActor::HandlerNormal
I1012 14:29:39.131567 38542 thread.cpp:96] Thread 1048576 construct Actor kNormalForward 2199023255706
I1012 14:29:39.131636 38542 runtime_context.cpp:29] DecreaseCounter constructing_actor_cnt, current val is 123
I1012 14:29:39.132560 38542 naive_actor.cpp:25] actor 2199023255643 switch to &NaiveActor::HandlerNormal
I1012 14:29:39.132611 38542 thread.cpp:96] Thread 1048576 construct Actor kNormalForward 2199023255643
I1012 14:29:39.132691 38542 runtime_context.cpp:29] DecreaseCounter constructing_actor_cnt, current val is 122
I1012 14:29:39.133533 38542 naive_actor.cpp:25] actor 2199023255627 switch to &NaiveActor::HandlerNormal
I1012 14:29:39.133586 38542 thread.cpp:96] Thread 1048576 construct Actor kNormalForward 2199023255627
I1012 14:29:39.133661 38542 runtime_context.cpp:29] DecreaseCounter constructing_actor_cnt, current val is 121
I1012 14:29:39.134541 38542 naive_actor.cpp:25] actor 2199023255602 switch to &NaiveActor::HandlerNormal
I1012 14:29:39.134589 38542 thread.cpp:96] Thread 1048576 construct Actor kNormalForward 2199023255602
I1012 14:29:39.134665 38542 runtime_context.cpp:29] DecreaseCounter constructing_actor_cnt, current val is 120
I1012 14:29:39.135532 38542 naive_actor.cpp:25] actor 2199023255651 switch to &NaiveActor::HandlerNormal
I1012 14:29:39.135579 38542 thread.cpp:96] Thread 1048576 construct Actor kNormalForward 2199023255651
I1012 14:29:39.135654 38542 runtime_context.cpp:29] DecreaseCounter constructing_actor_cnt, current val is 119
I1012 14:29:39.136566 38542 naive_actor.cpp:25] actor 2199023255670 switch to &NaiveActor::HandlerNormal
I1012 14:29:39.136615 38542 thread.cpp:96] Thread 1048576 construct Actor kNormalForward 2199023255670
I1012 14:29:39.136689 38542 runtime_context.cpp:29] DecreaseCounter constructing_actor_cnt, current val is 118
I1012 14:29:39.137619 38542 naive_actor.cpp:25] actor 2199023255647 switch to &NaiveActor::HandlerNormal
I1012 14:29:39.137668 38542 thread.cpp:96] Thread 1048576 construct Actor kNormalForward 2199023255647
I1012 14:29:39.137746 38542 runtime_context.cpp:29] DecreaseCounter constructing_actor_cnt, current val is 117
I1012 14:29:39.138540 38542 naive_actor.cpp:25] actor 2199023255619 switch to &NaiveActor::HandlerNormal
I1012 14:29:39.138587 38542 thread.cpp:96] Thread 1048576 construct Actor kNormalForward 2199023255619
I1012 14:29:39.138657 38542 runtime_context.cpp:29] DecreaseCounter constructing_actor_cnt, current val is 116
I1012 14:29:39.138981 38542 naive_actor.cpp:25] actor 2199023255629 switch to &NaiveActor::HandlerNormal
I1012 14:29:39.139027 38542 thread.cpp:96] Thread 1048576 construct Actor kNormalForward 2199023255629
I1012 14:29:39.139127 38542 runtime_context.cpp:29] DecreaseCounter constructing_actor_cnt, current val is 115
I1012 14:29:39.139930 38542 naive_actor.cpp:25] actor 2199023255671 switch to &NaiveActor::HandlerNormal
I1012 14:29:39.139982 38542 thread.cpp:96] Thread 1048576 construct Actor kNormalForward 2199023255671
I1012 14:29:39.140054 38542 runtime_context.cpp:29] DecreaseCounter constructing_actor_cnt, current val is 114
I1012 14:29:39.140798 38542 naive_actor.cpp:25] actor 2199023255695 switch to &NaiveActor::HandlerNormal
I1012 14:29:39.140941 38542 thread.cpp:96] Thread 1048576 construct Actor kNormalForward 2199023255695
I1012 14:29:39.141039 38542 runtime_context.cpp:29] DecreaseCounter constructing_actor_cnt, current val is 113
I1012 14:29:39.141355 38542 naive_actor.cpp:25] actor 2199023255598 switch to &NaiveActor::HandlerNormal
I1012 14:29:39.141399 38542 thread.cpp:96] Thread 1048576 construct Actor kNormalForward 2199023255598
I1012 14:29:39.141471 38542 runtime_context.cpp:29] DecreaseCounter constructing_actor_cnt, current val is 112
I1012 14:29:39.142190 38542 naive_actor.cpp:25] actor 2199023255622 switch to &NaiveActor::HandlerNormal
I1012 14:29:39.142235 38542 thread.cpp:96] Thread 1048576 construct Actor kNormalForward 2199023255622
I1012 14:29:39.142302 38542 runtime_context.cpp:29] DecreaseCounter constructing_actor_cnt, current val is 111
I1012 14:29:39.143172 38542 naive_actor.cpp:25] actor 2199023255677 switch to &NaiveActor::HandlerNormal
I1012 14:29:39.143245 38542 thread.cpp:96] Thread 1048576 construct Actor kNormalForward 2199023255677
I1012 14:29:39.143322 38542 runtime_context.cpp:29] DecreaseCounter constructing_actor_cnt, current val is 110
I1012 14:29:39.144163 38542 naive_actor.cpp:25] actor 2199023255597 switch to &NaiveActor::HandlerNormal
I1012 14:29:39.144213 38542 thread.cpp:96] Thread 1048576 construct Actor kNormalForward 2199023255597
I1012 14:29:39.144286 38542 runtime_context.cpp:29] DecreaseCounter constructing_actor_cnt, current val is 109
I1012 14:29:39.145125 38542 naive_actor.cpp:25] actor 2199023255701 switch to &NaiveActor::HandlerNormal
I1012 14:29:39.145175 38542 thread.cpp:96] Thread 1048576 construct Actor kNormalForward 2199023255701
I1012 14:29:39.145247 38542 runtime_context.cpp:29] DecreaseCounter constructing_actor_cnt, current val is 108
I1012 14:29:39.146032 38542 naive_actor.cpp:25] actor 2199023255621 switch to &NaiveActor::HandlerNormal
I1012 14:29:39.146080 38542 thread.cpp:96] Thread 1048576 construct Actor kNormalForward 2199023255621
I1012 14:29:39.146145 38542 runtime_context.cpp:29] DecreaseCounter constructing_actor_cnt, current val is 107
I1012 14:29:39.146935 38542 naive_actor.cpp:25] actor 2199023255665 switch to &NaiveActor::HandlerNormal
I1012 14:29:39.146983 38542 thread.cpp:96] Thread 1048576 construct Actor kNormalForward 2199023255665
I1012 14:29:39.147055 38542 runtime_context.cpp:29] DecreaseCounter constructing_actor_cnt, current val is 106
I1012 14:29:39.147336 38542 naive_actor.cpp:25] actor 2199023255589 switch to &NaiveActor::HandlerNormal
I1012 14:29:39.147382 38542 thread.cpp:96] Thread 1048576 construct Actor kNormalForward 2199023255589
I1012 14:29:39.147459 38542 runtime_context.cpp:29] DecreaseCounter constructing_actor_cnt, current val is 105
I1012 14:29:39.148250 38542 naive_actor.cpp:25] actor 2199023255656 switch to &NaiveActor::HandlerNormal
I1012 14:29:39.148294 38542 thread.cpp:96] Thread 1048576 construct Actor kNormalForward 2199023255656
I1012 14:29:39.148378 38542 runtime_context.cpp:29] DecreaseCounter constructing_actor_cnt, current val is 104
I1012 14:29:39.149210 38542 naive_actor.cpp:25] actor 2199023255642 switch to &NaiveActor::HandlerNormal
I1012 14:29:39.149256 38542 thread.cpp:96] Thread 1048576 construct Actor kNormalForward 2199023255642
I1012 14:29:39.149325 38542 runtime_context.cpp:29] DecreaseCounter constructing_actor_cnt, current val is 103
I1012 14:29:39.149610 38542 naive_actor.cpp:25] actor 2199023255612 switch to &NaiveActor::HandlerNormal
I1012 14:29:39.149654 38542 thread.cpp:96] Thread 1048576 construct Actor kNormalForward 2199023255612
I1012 14:29:39.149715 38542 runtime_context.cpp:29] DecreaseCounter constructing_actor_cnt, current val is 102
I1012 14:29:39.150444 38542 naive_actor.cpp:25] actor 2199023255666 switch to &NaiveActor::HandlerNormal
I1012 14:29:39.150489 38542 thread.cpp:96] Thread 1048576 construct Actor kNormalForward 2199023255666
I1012 14:29:39.150563 38542 runtime_context.cpp:29] DecreaseCounter constructing_actor_cnt, current val is 101
I1012 14:29:39.151273 38542 naive_actor.cpp:25] actor 2199023255648 switch to &NaiveActor::HandlerNormal
I1012 14:29:39.151348 38542 thread.cpp:96] Thread 1048576 construct Actor kNormalForward 2199023255648
I1012 14:29:39.151453 38542 runtime_context.cpp:29] DecreaseCounter constructing_actor_cnt, current val is 100
I1012 14:29:39.151754 38542 naive_actor.cpp:25] actor 2199023255710 switch to &NaiveActor::HandlerNormal
I1012 14:29:39.151798 38542 thread.cpp:96] Thread 1048576 construct Actor kNormalForward 2199023255710
I1012 14:29:39.151860 38542 runtime_context.cpp:29] DecreaseCounter constructing_actor_cnt, current val is 99
I1012 14:29:39.152595 38542 naive_actor.cpp:25] actor 2199023255618 switch to &NaiveActor::HandlerNormal
I1012 14:29:39.152648 38542 thread.cpp:96] Thread 1048576 construct Actor kNormalForward 2199023255618
