Log file created at: 2021/10/13 18:32:49
Running on machine: oneflow-14
Log line format: [IWEF]mmdd hh:mm:ss.uuuuuu threadid file:line] msg
I1013 18:32:49.080111 13086 global.h:36] NewGlobal 14cudaDeviceProp
I1013 18:32:49.113576 13086 global.h:36] NewGlobal N7oneflow7EnvDescE
I1013 18:32:49.113648 13086 global.h:36] NewGlobal N7oneflow10ProcessCtxE
I1013 18:32:49.113673 13086 env_global_objects_scope.cpp:159] using rpc backend: gRPC
I1013 18:32:49.113685 13086 global.h:36] NewGlobal N7oneflow10CtrlServerE
I1013 18:32:49.114804 13086 ctrl_server.cpp:40] CtrlServer listening on 0.0.0.0:36670
I1013 18:32:49.115032 13086 rank_info_bootstrap_server.cpp:47] RankInfoBootstrapServer listening on 0.0.0.0:29500
I1013 18:32:49.121134 13086 rpc_client.cpp:187] LoadServer 127.0.0.1 Successful at 0 times
I1013 18:32:49.317190 13086 ctrl_bootstrap.cpp:76] 
ctrl_addr {
  host: "127.0.0.1"
  port: 36670
}
ctrl_addr {
  host: "127.0.0.1"
  port: 44298
}
rank: 0
node_size: 1
I1013 18:32:49.319592 13086 rpc_client.cpp:187] LoadServer 127.0.0.1 Successful at 0 times
I1013 18:32:49.327797 13086 rpc_client.cpp:187] LoadServer 127.0.0.1 Successful at 0 times
I1013 18:32:49.327903 13086 global.h:36] NewGlobal N7oneflow12ResourceDescE
I1013 18:32:49.327930 13086 global.h:36] NewGlobal N7oneflow12ResourceDescE
I1013 18:32:49.639731 13086 global.h:36] NewGlobal N7oneflow10ThreadPoolE
I1013 18:32:49.642166 13086 global.h:36] NewGlobal N7oneflow16EagerNcclCommMgrE
I1013 18:32:49.642215 13086 global.h:36] NewGlobal N7oneflow18CudnnConvAlgoCacheE
I1013 18:32:49.642235 13086 global.h:36] NewGlobal N7oneflow2vm19VirtualMachineScopeE
I1013 18:32:49.642252 13086 global.h:36] NewGlobal N7oneflow9OneflowVME
I1013 18:32:49.643105 13086 oneflow_vm.cpp:75] transport stream type: N7oneflow2vm13CpuStreamTypeE
I1013 18:32:49.643134 13086 oneflow_vm.cpp:75] transport stream type: N7oneflow2vm14CudaStreamTypeE
I1013 18:32:49.643147 13086 oneflow_vm.cpp:75] transport stream type: N7oneflow2vm19AsyncCudaStreamTypeE
I1013 18:32:49.643298 13086 global.h:36] NewGlobal N7oneflow27EagerJobBuildAndInferCtxMgrE
I1013 18:32:49.643335 13086 global.h:36] NewGlobal N7oneflow12EpollCommNetE
I1013 18:32:49.643528 13086 epoll_comm_network.cpp:63] CommNet:Epoll listening on 0.0.0.0:32803
I1013 18:32:49.653898 13086 epoll_comm_network.cpp:197] machine 0 sockfd -1
I1013 18:32:49.653931 13086 epoll_comm_network.cpp:197] machine 1 sockfd 42
I1013 18:32:49.654071 13086 global.h:36] NewGlobal N7oneflow9TransportE
I1013 18:32:49.654788 13086 global.h:36] NewGlobal N7oneflow25MultiClientSessionContextE
I1013 18:32:55.474725 13408 eager_nccl_comm_manager.cpp:69]  EagerNcclCommMgr::ncclCommInitRank device_vec.size() = 2, nccl_unique_id = 0200ffffffc9770b0b010e000000000000000000000000000000000000000000000000000000000000000000000000000000000000000000000000000000000000000000000000000000000000000000000000000000000000000000000000000000000000000000000000000000000000000000000000000000000000000000000000, rank = 0, key = {eager_nccl_unique_id_rpc_key,0:0,1:1}
I1013 18:32:56.207073 13086 version.cpp:22] OneFlow git version: b295ca2324
I1013 18:32:56.207137 13086 device_register_gpu.cpp:56] CUDA runtime version: 11.2
I1013 18:32:56.207163 13086 device_register_gpu.cpp:65] cuDNN version: 8.1.1
I1013 18:32:56.207172 13086 device_register_gpu.cpp:78] NCCL version: 2.9.8
I1013 18:32:56.207185 13086 global.h:43] DeleteGlobal N7oneflow12ResourceDescE
I1013 18:32:56.207198 13086 global.h:36] NewGlobal N7oneflow12ResourceDescE
I1013 18:32:56.207209 13086 global.h:36] NewGlobal N7oneflow5IDMgrE
I1013 18:32:56.207219 13086 global.h:36] NewGlobal N7oneflow26LazyJobBuildAndInferCtxMgrE
I1013 18:32:56.207231 13086 global.h:36] NewGlobal N7oneflow9BufferMgrISt10shared_ptrINS_11JobInstanceEEEE
I1013 18:32:56.207238 13086 global.h:36] NewGlobal N7oneflow10RuntimeCtxE
I1013 18:32:56.207247 13086 global.h:36] NewGlobal N7oneflow15MemoryAllocatorE
I1013 18:32:56.207253 13086 global.h:36] NewGlobal N7oneflow8ChunkMgrE
I1013 18:32:56.207260 13086 global.h:36] NewGlobal N7oneflow8RegstMgrE
I1013 18:32:56.207268 13086 global.h:36] NewGlobal N7oneflow11ActorMsgBusE
I1013 18:32:56.207509 13086 global.h:36] NewGlobal N7oneflow9ThreadMgrE
I1013 18:32:56.207527 13086 global.h:36] NewGlobal N7oneflow15RuntimeJobDescsE
I1013 18:32:56.207687 13086 global.h:36] NewGlobal N7oneflow7summary12EventsWriterE
I1013 18:32:56.207763 13086 global.h:36] NewGlobal N7oneflow6boxing10collective24CollectiveBoxingExecutorE
I1013 18:32:56.207816 13086 global.h:36] NewGlobal N7oneflow6boxing10collective31CollectiveBoxingDeviceCtxPollerE
I1013 18:32:56.215238 13086 global.h:36] NewGlobal N7oneflow7JobDescE
I1013 18:32:56.746486 13086 global.h:43] DeleteGlobal N7oneflow7JobDescE
I1013 18:32:56.755740 13086 global.h:36] NewGlobal N7oneflow7JobDescE
I1013 18:32:57.753847 13086 global.h:43] DeleteGlobal N7oneflow7JobDescE
I1013 18:32:57.889016 13086 global.h:36] NewGlobal N7oneflow7JobDescE
I1013 18:32:58.869463 13086 global.h:36] NewGlobal N7oneflow7OpGraphE
I1013 18:32:59.139458 13086 global.h:43] DeleteGlobal N7oneflow7OpGraphE
I1013 18:32:59.189206 13086 nn_graph.cpp:241] 
job_id: 0 , job_name: WideAndDeepTrainGraph_0 , compile time: 1.28752 seconds.
I1013 18:32:59.195189 13086 plan_util.cpp:928]  Plan: WideAndDeepTrainGraph_0 needs to allocate [ 1140.66 MiB ] device memory in Rank: 0 , Device: 0
I1013 18:32:59.195392 13086 plan_util.cpp:928]  Plan: WideAndDeepTrainGraph_0 needs to allocate [ 1140.66 MiB ] device memory in Rank: 1 , Device: 1
I1013 18:33:00.976449 13086 runtime_context.cpp:21] NewCounter constructing_actor_cnt 237
I1013 18:33:00.977258 13834 naive_actor.cpp:25] actor 1099517919235 switch to &NaiveActor::HandlerNormal
I1013 18:33:00.977591 13837 wait_and_send_ids_actor.cpp:53] actor 1099520016384 switch to &WaitAndSendIdsActor::HandlerWaitToStart
I1013 18:33:00.977324 13834 thread.cpp:96] Thread 524291 construct Actor kDeviceTick 1099517919235
I1013 18:33:00.977660 13829 naive_actor.cpp:25] actor 2199023255745 switch to &NaiveActor::HandlerNormal
I1013 18:33:00.977794 13834 runtime_context.cpp:29] DecreaseCounter constructing_actor_cnt, current val is 236
I1013 18:33:00.977676 13837 thread.cpp:96] Thread 524292 construct Actor kWaitAndSendIds 1099520016384
I1013 18:33:00.977813 13829 thread.cpp:96] Thread 1048576 construct Actor kDeviceTick 2199023255745
I1013 18:33:00.977947 13837 runtime_context.cpp:29] DecreaseCounter constructing_actor_cnt, current val is 235
I1013 18:33:00.978027 13829 runtime_context.cpp:29] DecreaseCounter constructing_actor_cnt, current val is 234
I1013 18:33:00.993355 13829 naive_actor.cpp:25] actor 2199023255638 switch to &NaiveActor::HandlerNormal
I1013 18:33:00.993757 13829 thread.cpp:96] Thread 1048576 construct Actor kNormalForward 2199023255638
I1013 18:33:00.993919 13829 runtime_context.cpp:29] DecreaseCounter constructing_actor_cnt, current val is 233
I1013 18:33:00.994251 13833 naive_actor.cpp:25] actor 1099513724929 switch to &NaiveActor::HandlerNormal
I1013 18:33:00.994379 13833 thread.cpp:96] Thread 524289 construct Actor kNormalForward 1099513724929
I1013 18:33:00.994508 13833 runtime_context.cpp:29] DecreaseCounter constructing_actor_cnt, current val is 232
I1013 18:33:00.993360 13832 naive_actor.cpp:25] actor 1099511627778 switch to &NaiveActor::HandlerNormal
I1013 18:33:00.994611 13832 thread.cpp:96] Thread 524288 construct Actor kNormalForward 1099511627778
I1013 18:33:00.994691 13832 runtime_context.cpp:29] DecreaseCounter constructing_actor_cnt, current val is 231
I1013 18:33:00.994779 13829 naive_actor.cpp:25] actor 2199023255662 switch to &NaiveActor::HandlerNormal
I1013 18:33:00.994861 13829 thread.cpp:96] Thread 1048576 construct Actor kNormalForward 2199023255662
I1013 18:33:00.994968 13829 runtime_context.cpp:29] DecreaseCounter constructing_actor_cnt, current val is 230
I1013 18:33:00.995455 13832 naive_actor.cpp:25] actor 1099511627777 switch to &NaiveActor::HandlerNormal
I1013 18:33:00.995558 13832 thread.cpp:96] Thread 524288 construct Actor kNormalForward 1099511627777
I1013 18:33:00.995657 13832 runtime_context.cpp:29] DecreaseCounter constructing_actor_cnt, current val is 229
I1013 18:33:00.995810 13829 naive_actor.cpp:25] actor 2199023255686 switch to &NaiveActor::HandlerNormal
I1013 18:33:00.996696 13829 thread.cpp:96] Thread 1048576 construct Actor kNormalForward 2199023255686
I1013 18:33:00.996836 13829 runtime_context.cpp:29] DecreaseCounter constructing_actor_cnt, current val is 228
I1013 18:33:00.997176 13829 naive_actor.cpp:25] actor 2199023255710 switch to &NaiveActor::HandlerNormal
I1013 18:33:00.997262 13829 thread.cpp:96] Thread 1048576 construct Actor kNormalForward 2199023255710
I1013 18:33:00.993727 13831 naive_actor.cpp:25] actor 2199029547010 switch to &NaiveActor::HandlerNormal
I1013 18:33:00.997380 13831 thread.cpp:96] Thread 1048579 construct Actor kCollectiveBoxingGeneric 2199029547010
I1013 18:33:01.002843 13832 naive_actor.cpp:25] actor 1099511627776 switch to &NaiveActor::HandlerNormal
I1013 18:33:01.003018 13832 thread.cpp:96] Thread 524288 construct Actor kNormalForward 1099511627776
I1013 18:33:00.996342 13833 naive_actor.cpp:25] actor 1099513724928 switch to &NaiveActor::HandlerNormal
I1013 18:33:01.003131 13833 thread.cpp:96] Thread 524289 construct Actor kNormalForward 1099513724928
I1013 18:33:01.003304 13829 runtime_context.cpp:29] DecreaseCounter constructing_actor_cnt, current val is 227
I1013 18:33:01.003520 13833 runtime_context.cpp:29] DecreaseCounter constructing_actor_cnt, current val is 225
I1013 18:33:01.003629 13832 runtime_context.cpp:29] DecreaseCounter constructing_actor_cnt, current val is 224
I1013 18:33:01.003458 13831 runtime_context.cpp:29] DecreaseCounter constructing_actor_cnt, current val is 226
I1013 18:33:01.003891 13829 naive_actor.cpp:25] actor 2199023255734 switch to &NaiveActor::HandlerNormal
I1013 18:33:01.004897 13829 thread.cpp:96] Thread 1048576 construct Actor kNormalForward 2199023255734
I1013 18:33:01.005003 13829 runtime_context.cpp:29] DecreaseCounter constructing_actor_cnt, current val is 223
I1013 18:33:01.005071 13834 naive_actor.cpp:25] actor 1099517919239 switch to &NaiveActor::HandlerNormal
I1013 18:33:01.005134 13834 thread.cpp:96] Thread 524291 construct Actor kTick 1099517919239
I1013 18:33:01.004806 13831 naive_actor.cpp:25] actor 2199029547022 switch to &NaiveActor::HandlerNormal
I1013 18:33:01.005378 13831 thread.cpp:96] Thread 1048579 construct Actor kCollectiveBoxingGeneric 2199029547022
I1013 18:33:01.005540 13831 runtime_context.cpp:29] DecreaseCounter constructing_actor_cnt, current val is 221
I1013 18:33:01.005254 13834 runtime_context.cpp:29] DecreaseCounter constructing_actor_cnt, current val is 222
I1013 18:33:01.005292 13832 naive_actor.cpp:25] actor 1099511627780 switch to &NaiveActor::HandlerNormal
I1013 18:33:01.005554 13836 naive_actor.cpp:25] actor 2199025352706 switch to &NaiveActor::HandlerNormal
I1013 18:33:01.005921 13836 thread.cpp:96] Thread 1048577 construct Actor kCopyHd 2199025352706
I1013 18:33:01.005854 13832 thread.cpp:96] Thread 524288 construct Actor kNormalForward 1099511627780
I1013 18:33:01.004400 13833 naive_actor.cpp:25] actor 1099513724931 switch to &NaiveActor::HandlerNormal
I1013 18:33:01.006008 13836 runtime_context.cpp:29] DecreaseCounter constructing_actor_cnt, current val is 220
I1013 18:33:01.005937 13838 sink_actor.cpp:21] actor 1099522113536 switch to &SinkActor::HandlerNormal
I1013 18:33:01.006320 13838 thread.cpp:96] Thread 524293 construct Actor kCallbackNotify 1099522113536
I1013 18:33:01.006063 13834 naive_actor.cpp:25] actor 1099517919234 switch to &NaiveActor::HandlerNormal
I1013 18:33:01.006103 13832 runtime_context.cpp:29] DecreaseCounter constructing_actor_cnt, current val is 219
I1013 18:33:01.006139 13833 thread.cpp:96] Thread 524289 construct Actor kNormalForward 1099513724931
I1013 18:33:01.006610 13833 runtime_context.cpp:29] DecreaseCounter constructing_actor_cnt, current val is 217
I1013 18:33:01.006026 13831 naive_actor.cpp:25] actor 2199029547011 switch to &NaiveActor::HandlerNormal
I1013 18:33:01.006392 13838 runtime_context.cpp:29] DecreaseCounter constructing_actor_cnt, current val is 218
I1013 18:33:01.006420 13834 thread.cpp:96] Thread 524291 construct Actor kSrcSubsetTick 1099517919234
I1013 18:33:01.007256 13836 naive_actor.cpp:25] actor 2199025352705 switch to &NaiveActor::HandlerNormal
I1013 18:33:01.007541 13836 thread.cpp:96] Thread 1048577 construct Actor kCopyHd 2199025352705
I1013 18:33:01.007498 13834 runtime_context.cpp:29] DecreaseCounter constructing_actor_cnt, current val is 216
I1013 18:33:01.007257 13831 thread.cpp:96] Thread 1048579 construct Actor kCollectiveBoxingGeneric 2199029547011
I1013 18:33:01.007761 13831 runtime_context.cpp:29] DecreaseCounter constructing_actor_cnt, current val is 214
I1013 18:33:01.007673 13829 naive_actor.cpp:25] actor 2199023255650 switch to &NaiveActor::HandlerNormal
I1013 18:33:01.007879 13829 thread.cpp:96] Thread 1048576 construct Actor kNormalForward 2199023255650
I1013 18:33:01.007962 13831 naive_actor.cpp:25] actor 2199029547021 switch to &NaiveActor::HandlerNormal
I1013 18:33:01.007802 13833 naive_actor.cpp:25] actor 1099513724930 switch to &NaiveActor::HandlerNormal
I1013 18:33:01.007892 13834 naive_actor.cpp:25] actor 1099517919238 switch to &NaiveActor::HandlerNormal
I1013 18:33:01.008148 13834 thread.cpp:96] Thread 524291 construct Actor kTick 1099517919238
I1013 18:33:01.008002 13829 runtime_context.cpp:29] DecreaseCounter constructing_actor_cnt, current val is 213
I1013 18:33:01.007635 13836 runtime_context.cpp:29] DecreaseCounter constructing_actor_cnt, current val is 215
I1013 18:33:01.008026 13831 thread.cpp:96] Thread 1048579 construct Actor kCollectiveBoxingGeneric 2199029547021
I1013 18:33:01.008096 13833 thread.cpp:96] Thread 524289 construct Actor kNormalForward 1099513724930
I1013 18:33:01.008492 13833 runtime_context.cpp:29] DecreaseCounter constructing_actor_cnt, current val is 210
I1013 18:33:01.008216 13834 runtime_context.cpp:29] DecreaseCounter constructing_actor_cnt, current val is 212
I1013 18:33:01.008399 13831 runtime_context.cpp:29] DecreaseCounter constructing_actor_cnt, current val is 211
I1013 18:33:01.008781 13831 naive_actor.cpp:25] actor 2199029547009 switch to &NaiveActor::HandlerNormal
I1013 18:33:01.007715 13832 naive_actor.cpp:25] actor 1099511627779 switch to &NaiveActor::HandlerNormal
I1013 18:33:01.008837 13833 naive_actor.cpp:25] actor 1099513724932 switch to &NaiveActor::HandlerNormal
I1013 18:33:01.008513 13836 naive_actor.cpp:25] actor 2199025352707 switch to &NaiveActor::HandlerNormal
I1013 18:33:01.009040 13836 thread.cpp:96] Thread 1048577 construct Actor kCopyHd 2199025352707
I1013 18:33:01.008869 13834 naive_actor.cpp:25] actor 1099517919237 switch to &NaiveActor::HandlerNormal
I1013 18:33:01.008926 13832 thread.cpp:96] Thread 524288 construct Actor kNormalForward 1099511627779
I1013 18:33:01.008947 13829 naive_actor.cpp:25] actor 2199023255674 switch to &NaiveActor::HandlerNormal
I1013 18:33:01.008991 13833 thread.cpp:96] Thread 524289 construct Actor kNormalForward 1099513724932
I1013 18:33:01.008868 13831 thread.cpp:96] Thread 1048579 construct Actor kCollectiveBoxingGeneric 2199029547009
I1013 18:33:01.009392 13831 runtime_context.cpp:29] DecreaseCounter constructing_actor_cnt, current val is 206
I1013 18:33:01.009151 13834 thread.cpp:96] Thread 524291 construct Actor kDstSubsetTick 1099517919237
I1013 18:33:01.009232 13832 runtime_context.cpp:29] DecreaseCounter constructing_actor_cnt, current val is 208
I1013 18:33:01.009263 13829 thread.cpp:96] Thread 1048576 construct Actor kNormalForward 2199023255674
I1013 18:33:01.009359 13833 runtime_context.cpp:29] DecreaseCounter constructing_actor_cnt, current val is 207
I1013 18:33:01.009109 13836 runtime_context.cpp:29] DecreaseCounter constructing_actor_cnt, current val is 209
I1013 18:33:01.009537 13834 runtime_context.cpp:29] DecreaseCounter constructing_actor_cnt, current val is 205
I1013 18:33:01.009857 13836 naive_actor.cpp:25] actor 2199025352704 switch to &NaiveActor::HandlerNormal
I1013 18:33:01.009655 13829 runtime_context.cpp:29] DecreaseCounter constructing_actor_cnt, current val is 204
I1013 18:33:01.009578 13831 naive_actor.cpp:25] actor 2199029547012 switch to &NaiveActor::HandlerNormal
I1013 18:33:01.010031 13831 thread.cpp:96] Thread 1048579 construct Actor kCollectiveBoxingGeneric 2199029547012
I1013 18:33:01.010040 13834 naive_actor.cpp:25] actor 1099517919233 switch to &NaiveActor::HandlerNormal
I1013 18:33:01.009932 13836 thread.cpp:96] Thread 1048577 construct Actor kCopyHd 2199025352704
I1013 18:33:01.010408 13836 runtime_context.cpp:29] DecreaseCounter constructing_actor_cnt, current val is 202
I1013 18:33:01.010335 13834 thread.cpp:96] Thread 524291 construct Actor kDeviceTick 1099517919233
I1013 18:33:01.010576 13834 runtime_context.cpp:29] DecreaseCounter constructing_actor_cnt, current val is 201
I1013 18:33:01.010596 13836 naive_actor.cpp:25] actor 2199025352708 switch to &NaiveActor::HandlerNormal
I1013 18:33:01.010697 13836 thread.cpp:96] Thread 1048577 construct Actor kCopyHd 2199025352708
I1013 18:33:01.010646 13829 naive_actor.cpp:25] actor 2199023255698 switch to &NaiveActor::HandlerNormal
I1013 18:33:01.010285 13831 runtime_context.cpp:29] DecreaseCounter constructing_actor_cnt, current val is 203
I1013 18:33:01.010864 13834 naive_actor.cpp:25] actor 1099517919236 switch to &NaiveActor::HandlerNormal
I1013 18:33:01.010814 13829 thread.cpp:96] Thread 1048576 construct Actor kNormalForward 2199023255698
I1013 18:33:01.010995 13831 naive_actor.cpp:25] actor 2199029547023 switch to &NaiveActor::HandlerNormal
I1013 18:33:01.010926 13834 thread.cpp:96] Thread 524291 construct Actor kTick 1099517919236
I1013 18:33:01.011025 13829 runtime_context.cpp:29] DecreaseCounter constructing_actor_cnt, current val is 199
I1013 18:33:01.010771 13836 runtime_context.cpp:29] DecreaseCounter constructing_actor_cnt, current val is 200
I1013 18:33:01.011066 13831 thread.cpp:96] Thread 1048579 construct Actor kCollectiveBoxingGeneric 2199029547023
I1013 18:33:01.011158 13834 runtime_context.cpp:29] DecreaseCounter constructing_actor_cnt, current val is 198
I1013 18:33:01.011502 13831 runtime_context.cpp:29] DecreaseCounter constructing_actor_cnt, current val is 197
I1013 18:33:01.011638 13829 naive_actor.cpp:25] actor 2199023255722 switch to &NaiveActor::HandlerNormal
I1013 18:33:01.011723 13831 naive_actor.cpp:25] actor 2199029547008 switch to &NaiveActor::HandlerNormal
I1013 18:33:01.011761 13834 naive_actor.cpp:25] actor 1099517919232 switch to &NaiveActor::HandlerNormal
I1013 18:33:01.014165 13829 thread.cpp:96] Thread 1048576 construct Actor kNormalForward 2199023255722
I1013 18:33:01.014238 13831 thread.cpp:96] Thread 1048579 construct Actor kCollectiveBoxingGeneric 2199029547008
I1013 18:33:01.014302 13834 thread.cpp:96] Thread 524291 construct Actor kDeviceTick 1099517919232
I1013 18:33:01.014442 13829 runtime_context.cpp:29] DecreaseCounter constructing_actor_cnt, current val is 196
I1013 18:33:01.014604 13831 runtime_context.cpp:29] DecreaseCounter constructing_actor_cnt, current val is 195
I1013 18:33:01.014686 13834 runtime_context.cpp:29] DecreaseCounter constructing_actor_cnt, current val is 194
I1013 18:33:01.014935 13831 naive_actor.cpp:25] actor 2199029547015 switch to &NaiveActor::HandlerNormal
I1013 18:33:01.015022 13831 thread.cpp:96] Thread 1048579 construct Actor kCollectiveBoxingGeneric 2199029547015
I1013 18:33:01.015094 13831 runtime_context.cpp:29] DecreaseCounter constructing_actor_cnt, current val is 193
I1013 18:33:01.015283 13831 naive_actor.cpp:25] actor 2199029547018 switch to &NaiveActor::HandlerNormal
I1013 18:33:01.015339 13831 thread.cpp:96] Thread 1048579 construct Actor kCollectiveBoxingGeneric 2199029547018
I1013 18:33:01.015403 13831 runtime_context.cpp:29] DecreaseCounter constructing_actor_cnt, current val is 192
I1013 18:33:01.015424 13829 naive_actor.cpp:25] actor 2199023255639 switch to &NaiveActor::HandlerNormal
I1013 18:33:01.015522 13829 thread.cpp:96] Thread 1048576 construct Actor kNormalForward 2199023255639
I1013 18:33:01.015604 13829 runtime_context.cpp:29] DecreaseCounter constructing_actor_cnt, current val is 191
I1013 18:33:01.015604 13831 naive_actor.cpp:25] actor 2199029547014 switch to &NaiveActor::HandlerNormal
I1013 18:33:01.015758 13831 thread.cpp:96] Thread 1048579 construct Actor kCollectiveBoxingGeneric 2199029547014
I1013 18:33:01.015905 13831 runtime_context.cpp:29] DecreaseCounter constructing_actor_cnt, current val is 190
I1013 18:33:01.016098 13831 naive_actor.cpp:25] actor 2199029547019 switch to &NaiveActor::HandlerNormal
I1013 18:33:01.016153 13831 thread.cpp:96] Thread 1048579 construct Actor kCollectiveBoxingGeneric 2199029547019
I1013 18:33:01.016228 13831 runtime_context.cpp:29] DecreaseCounter constructing_actor_cnt, current val is 189
I1013 18:33:01.016320 13829 naive_actor.cpp:25] actor 2199023255663 switch to &NaiveActor::HandlerNormal
I1013 18:33:01.016381 13829 thread.cpp:96] Thread 1048576 construct Actor kNormalForward 2199023255663
I1013 18:33:01.016408 13831 naive_actor.cpp:25] actor 2199029547016 switch to &NaiveActor::HandlerNormal
I1013 18:33:01.016476 13829 runtime_context.cpp:29] DecreaseCounter constructing_actor_cnt, current val is 188
I1013 18:33:01.016507 13831 thread.cpp:96] Thread 1048579 construct Actor kCollectiveBoxingGeneric 2199029547016
I1013 18:33:01.016630 13831 runtime_context.cpp:29] DecreaseCounter constructing_actor_cnt, current val is 187
I1013 18:33:01.016803 13831 naive_actor.cpp:25] actor 2199029547013 switch to &NaiveActor::HandlerNormal
I1013 18:33:01.016882 13831 thread.cpp:96] Thread 1048579 construct Actor kCollectiveBoxingGeneric 2199029547013
I1013 18:33:01.016957 13831 runtime_context.cpp:29] DecreaseCounter constructing_actor_cnt, current val is 186
I1013 18:33:01.017135 13831 naive_actor.cpp:25] actor 2199029547024 switch to &NaiveActor::HandlerNormal
I1013 18:33:01.017221 13831 thread.cpp:96] Thread 1048579 construct Actor kCollectiveBoxingGeneric 2199029547024
I1013 18:33:01.017251 13829 naive_actor.cpp:25] actor 2199023255687 switch to &NaiveActor::HandlerNormal
I1013 18:33:01.017305 13831 runtime_context.cpp:29] DecreaseCounter constructing_actor_cnt, current val is 185
I1013 18:33:01.017341 13829 thread.cpp:96] Thread 1048576 construct Actor kNormalForward 2199023255687
I1013 18:33:01.017504 13829 runtime_context.cpp:29] DecreaseCounter constructing_actor_cnt, current val is 184
I1013 18:33:01.017529 13831 naive_actor.cpp:25] actor 2199029547017 switch to &NaiveActor::HandlerNormal
I1013 18:33:01.017649 13831 thread.cpp:96] Thread 1048579 construct Actor kCollectiveBoxingGeneric 2199029547017
I1013 18:33:01.017721 13831 runtime_context.cpp:29] DecreaseCounter constructing_actor_cnt, current val is 183
I1013 18:33:01.017911 13831 naive_actor.cpp:25] actor 2199029547025 switch to &NaiveActor::HandlerNormal
I1013 18:33:01.017988 13831 thread.cpp:96] Thread 1048579 construct Actor kCollectiveBoxingGeneric 2199029547025
I1013 18:33:01.018072 13831 runtime_context.cpp:29] DecreaseCounter constructing_actor_cnt, current val is 182
I1013 18:33:01.018312 13829 naive_actor.cpp:25] actor 2199023255711 switch to &NaiveActor::HandlerNormal
I1013 18:33:01.019202 13829 thread.cpp:96] Thread 1048576 construct Actor kNormalForward 2199023255711
I1013 18:33:01.019269 13831 naive_actor.cpp:25] actor 2199029547020 switch to &NaiveActor::HandlerNormal
I1013 18:33:01.019290 13829 runtime_context.cpp:29] DecreaseCounter constructing_actor_cnt, current val is 181
I1013 18:33:01.019352 13831 thread.cpp:96] Thread 1048579 construct Actor kCollectiveBoxingGeneric 2199029547020
I1013 18:33:01.019457 13831 runtime_context.cpp:29] DecreaseCounter constructing_actor_cnt, current val is 180
I1013 18:33:01.020104 13829 naive_actor.cpp:25] actor 2199023255735 switch to &NaiveActor::HandlerNormal
I1013 18:33:01.020196 13829 thread.cpp:96] Thread 1048576 construct Actor kNormalForward 2199023255735
I1013 18:33:01.020283 13829 runtime_context.cpp:29] DecreaseCounter constructing_actor_cnt, current val is 179
I1013 18:33:01.021167 13829 naive_actor.cpp:25] actor 2199023255565 switch to &NaiveActor::HandlerNormal
I1013 18:33:01.021302 13829 thread.cpp:96] Thread 1048576 construct Actor kNormalForward 2199023255565
I1013 18:33:01.021404 13829 runtime_context.cpp:29] DecreaseCounter constructing_actor_cnt, current val is 178
I1013 18:33:01.022177 13829 naive_actor.cpp:25] actor 2199023255552 switch to &NaiveActor::HandlerNormal
I1013 18:33:01.022387 13829 thread.cpp:96] Thread 1048576 construct Actor kNormalForward 2199023255552
I1013 18:33:01.022485 13829 runtime_context.cpp:29] DecreaseCounter constructing_actor_cnt, current val is 177
I1013 18:33:01.023545 13829 naive_actor.cpp:25] actor 2199023255569 switch to &NaiveActor::HandlerNormal
I1013 18:33:01.023641 13829 thread.cpp:96] Thread 1048576 construct Actor kNormalForward 2199023255569
I1013 18:33:01.023736 13829 runtime_context.cpp:29] DecreaseCounter constructing_actor_cnt, current val is 176
I1013 18:33:01.024058 13829 naive_actor.cpp:25] actor 2199023255553 switch to &NaiveActor::HandlerNormal
I1013 18:33:01.024132 13829 thread.cpp:96] Thread 1048576 construct Actor kNormalForward 2199023255553
I1013 18:33:01.024227 13829 runtime_context.cpp:29] DecreaseCounter constructing_actor_cnt, current val is 175
I1013 18:33:01.025938 13829 naive_actor.cpp:25] actor 2199023255556 switch to &NaiveActor::HandlerNormal
I1013 18:33:01.026046 13829 thread.cpp:96] Thread 1048576 construct Actor kNormalForward 2199023255556
I1013 18:33:01.026134 13829 runtime_context.cpp:29] DecreaseCounter constructing_actor_cnt, current val is 174
I1013 18:33:01.026789 13829 naive_actor.cpp:25] actor 2199023255562 switch to &NaiveActor::HandlerNormal
I1013 18:33:01.026863 13829 thread.cpp:96] Thread 1048576 construct Actor kNormalForward 2199023255562
I1013 18:33:01.026937 13829 runtime_context.cpp:29] DecreaseCounter constructing_actor_cnt, current val is 173
I1013 18:33:01.027230 13829 naive_actor.cpp:25] actor 2199023255563 switch to &NaiveActor::HandlerNormal
I1013 18:33:01.031689 13829 thread.cpp:96] Thread 1048576 construct Actor kNormalForward 2199023255563
I1013 18:33:01.031893 13829 runtime_context.cpp:29] DecreaseCounter constructing_actor_cnt, current val is 172
I1013 18:33:01.032408 13829 naive_actor.cpp:25] actor 2199023255570 switch to &NaiveActor::HandlerNormal
I1013 18:33:01.037616 13829 thread.cpp:96] Thread 1048576 construct Actor kNormalForward 2199023255570
I1013 18:33:01.037875 13829 runtime_context.cpp:29] DecreaseCounter constructing_actor_cnt, current val is 171
I1013 18:33:01.039707 13829 naive_actor.cpp:25] actor 2199023255587 switch to &NaiveActor::HandlerNormal
I1013 18:33:01.039813 13829 thread.cpp:96] Thread 1048576 construct Actor kNormalForward 2199023255587
I1013 18:33:01.039908 13829 runtime_context.cpp:29] DecreaseCounter constructing_actor_cnt, current val is 170
I1013 18:33:01.040235 13829 naive_actor.cpp:25] actor 2199023255568 switch to &NaiveActor::HandlerNormal
I1013 18:33:01.040307 13829 thread.cpp:96] Thread 1048576 construct Actor kNormalForward 2199023255568
I1013 18:33:01.040383 13829 runtime_context.cpp:29] DecreaseCounter constructing_actor_cnt, current val is 169
I1013 18:33:01.041148 13829 naive_actor.cpp:25] actor 2199023255611 switch to &NaiveActor::HandlerNormal
I1013 18:33:01.051617 13829 thread.cpp:96] Thread 1048576 construct Actor kNormalForward 2199023255611
I1013 18:33:01.051882 13829 runtime_context.cpp:29] DecreaseCounter constructing_actor_cnt, current val is 168
I1013 18:33:01.054057 13829 naive_actor.cpp:25] actor 2199023255560 switch to &NaiveActor::HandlerNormal
I1013 18:33:01.054167 13829 thread.cpp:96] Thread 1048576 construct Actor kNormalForward 2199023255560
I1013 18:33:01.054275 13829 runtime_context.cpp:29] DecreaseCounter constructing_actor_cnt, current val is 167
I1013 18:33:01.055492 13829 naive_actor.cpp:25] actor 2199023255566 switch to &NaiveActor::HandlerNormal
I1013 18:33:01.055608 13829 thread.cpp:96] Thread 1048576 construct Actor kNormalForward 2199023255566
I1013 18:33:01.055691 13829 runtime_context.cpp:29] DecreaseCounter constructing_actor_cnt, current val is 166
I1013 18:33:01.056484 13829 naive_actor.cpp:25] actor 2199023255554 switch to &NaiveActor::HandlerNormal
I1013 18:33:01.056577 13829 thread.cpp:96] Thread 1048576 construct Actor kNormalForward 2199023255554
I1013 18:33:01.056661 13829 runtime_context.cpp:29] DecreaseCounter constructing_actor_cnt, current val is 165
I1013 18:33:01.057422 13829 naive_actor.cpp:25] actor 2199023255564 switch to &NaiveActor::HandlerNormal
I1013 18:33:01.057509 13829 thread.cpp:96] Thread 1048576 construct Actor kNormalForward 2199023255564
I1013 18:33:01.057598 13829 runtime_context.cpp:29] DecreaseCounter constructing_actor_cnt, current val is 164
I1013 18:33:01.058252 13829 naive_actor.cpp:25] actor 2199023255559 switch to &NaiveActor::HandlerNormal
I1013 18:33:01.058326 13829 thread.cpp:96] Thread 1048576 construct Actor kNormalForward 2199023255559
I1013 18:33:01.058437 13829 runtime_context.cpp:29] DecreaseCounter constructing_actor_cnt, current val is 163
I1013 18:33:01.059125 13829 naive_actor.cpp:25] actor 2199023255558 switch to &NaiveActor::HandlerNormal
I1013 18:33:01.064604 13829 thread.cpp:96] Thread 1048576 construct Actor kNormalForward 2199023255558
I1013 18:33:01.064847 13829 runtime_context.cpp:29] DecreaseCounter constructing_actor_cnt, current val is 162
I1013 18:33:01.065346 13829 naive_actor.cpp:25] actor 2199023255575 switch to &NaiveActor::HandlerNormal
I1013 18:33:01.065443 13829 thread.cpp:96] Thread 1048576 construct Actor kNormalForward 2199023255575
I1013 18:33:01.065527 13829 runtime_context.cpp:29] DecreaseCounter constructing_actor_cnt, current val is 161
I1013 18:33:01.066275 13829 naive_actor.cpp:25] actor 2199023255599 switch to &NaiveActor::HandlerNormal
I1013 18:33:01.066339 13829 thread.cpp:96] Thread 1048576 construct Actor kNormalForward 2199023255599
I1013 18:33:01.066452 13829 runtime_context.cpp:29] DecreaseCounter constructing_actor_cnt, current val is 160
I1013 18:33:01.067178 13829 naive_actor.cpp:25] actor 2199023255576 switch to &NaiveActor::HandlerNormal
I1013 18:33:01.067276 13829 thread.cpp:96] Thread 1048576 construct Actor kNormalForward 2199023255576
I1013 18:33:01.067392 13829 runtime_context.cpp:29] DecreaseCounter constructing_actor_cnt, current val is 159
I1013 18:33:01.080286 13829 naive_actor.cpp:25] actor 2199023255555 switch to &NaiveActor::HandlerNormal
I1013 18:33:01.080453 13829 thread.cpp:96] Thread 1048576 construct Actor kNormalForward 2199023255555
I1013 18:33:01.080595 13829 runtime_context.cpp:29] DecreaseCounter constructing_actor_cnt, current val is 158
I1013 18:33:01.081459 13829 naive_actor.cpp:25] actor 2199023255574 switch to &NaiveActor::HandlerNormal
I1013 18:33:01.081575 13829 thread.cpp:96] Thread 1048576 construct Actor kNormalForward 2199023255574
I1013 18:33:01.081698 13829 runtime_context.cpp:29] DecreaseCounter constructing_actor_cnt, current val is 157
I1013 18:33:01.082311 13829 naive_actor.cpp:25] actor 2199023255593 switch to &NaiveActor::HandlerNormal
I1013 18:33:01.082397 13829 thread.cpp:96] Thread 1048576 construct Actor kNormalForward 2199023255593
I1013 18:33:01.082484 13829 runtime_context.cpp:29] DecreaseCounter constructing_actor_cnt, current val is 156
I1013 18:33:01.082798 13829 naive_actor.cpp:25] actor 2199023255577 switch to &NaiveActor::HandlerNormal
I1013 18:33:01.082880 13829 thread.cpp:96] Thread 1048576 construct Actor kNormalForward 2199023255577
I1013 18:33:01.082962 13829 runtime_context.cpp:29] DecreaseCounter constructing_actor_cnt, current val is 155
I1013 18:33:01.083705 13829 naive_actor.cpp:25] actor 2199023255617 switch to &NaiveActor::HandlerNormal
I1013 18:33:01.083799 13829 thread.cpp:96] Thread 1048576 construct Actor kNormalForward 2199023255617
I1013 18:33:01.083896 13829 runtime_context.cpp:29] DecreaseCounter constructing_actor_cnt, current val is 154
I1013 18:33:01.085067 13829 naive_actor.cpp:25] actor 2199023255580 switch to &NaiveActor::HandlerNormal
I1013 18:33:01.085178 13829 thread.cpp:96] Thread 1048576 construct Actor kNormalForward 2199023255580
I1013 18:33:01.085276 13829 runtime_context.cpp:29] DecreaseCounter constructing_actor_cnt, current val is 153
I1013 18:33:01.086097 13829 naive_actor.cpp:25] actor 2199023255567 switch to &NaiveActor::HandlerNormal
I1013 18:33:01.086185 13829 thread.cpp:96] Thread 1048576 construct Actor kNormalForward 2199023255567
I1013 18:33:01.086273 13829 runtime_context.cpp:29] DecreaseCounter constructing_actor_cnt, current val is 152
I1013 18:33:01.087055 13829 naive_actor.cpp:25] actor 2199023255586 switch to &NaiveActor::HandlerNormal
I1013 18:33:01.087154 13829 thread.cpp:96] Thread 1048576 construct Actor kNormalForward 2199023255586
I1013 18:33:01.087239 13829 runtime_context.cpp:29] DecreaseCounter constructing_actor_cnt, current val is 151
I1013 18:33:01.087545 13829 naive_actor.cpp:25] actor 2199023255561 switch to &NaiveActor::HandlerNormal
I1013 18:33:01.087637 13829 thread.cpp:96] Thread 1048576 construct Actor kNormalForward 2199023255561
I1013 18:33:01.087723 13829 runtime_context.cpp:29] DecreaseCounter constructing_actor_cnt, current val is 150
I1013 18:33:01.095199 13829 naive_actor.cpp:25] actor 2199023255594 switch to &NaiveActor::HandlerNormal
I1013 18:33:01.095404 13829 thread.cpp:96] Thread 1048576 construct Actor kNormalForward 2199023255594
I1013 18:33:01.095539 13829 runtime_context.cpp:29] DecreaseCounter constructing_actor_cnt, current val is 149
I1013 18:33:01.096247 13829 naive_actor.cpp:25] actor 2199023255572 switch to &NaiveActor::HandlerNormal
I1013 18:33:01.096346 13829 thread.cpp:96] Thread 1048576 construct Actor kNormalForward 2199023255572
I1013 18:33:01.096446 13829 runtime_context.cpp:29] DecreaseCounter constructing_actor_cnt, current val is 148
I1013 18:33:01.097163 13829 naive_actor.cpp:25] actor 2199023255592 switch to &NaiveActor::HandlerNormal
I1013 18:33:01.097259 13829 thread.cpp:96] Thread 1048576 construct Actor kNormalForward 2199023255592
I1013 18:33:01.097345 13829 runtime_context.cpp:29] DecreaseCounter constructing_actor_cnt, current val is 147
I1013 18:33:01.097662 13829 naive_actor.cpp:25] actor 2199023255584 switch to &NaiveActor::HandlerNormal
I1013 18:33:01.097743 13829 thread.cpp:96] Thread 1048576 construct Actor kNormalForward 2199023255584
I1013 18:33:01.097827 13829 runtime_context.cpp:29] DecreaseCounter constructing_actor_cnt, current val is 146
I1013 18:33:01.098101 13829 naive_actor.cpp:25] actor 2199023255557 switch to &NaiveActor::HandlerNormal
I1013 18:33:01.098176 13829 thread.cpp:96] Thread 1048576 construct Actor kNormalForward 2199023255557
I1013 18:33:01.098256 13829 runtime_context.cpp:29] DecreaseCounter constructing_actor_cnt, current val is 145
I1013 18:33:01.098986 13829 naive_actor.cpp:25] actor 2199023255571 switch to &NaiveActor::HandlerNormal
I1013 18:33:01.099076 13829 thread.cpp:96] Thread 1048576 construct Actor kNormalForward 2199023255571
I1013 18:33:01.099155 13829 runtime_context.cpp:29] DecreaseCounter constructing_actor_cnt, current val is 144
I1013 18:33:01.099897 13829 naive_actor.cpp:25] actor 2199023255590 switch to &NaiveActor::HandlerNormal
I1013 18:33:01.099989 13829 thread.cpp:96] Thread 1048576 construct Actor kNormalForward 2199023255590
I1013 18:33:01.100078 13829 runtime_context.cpp:29] DecreaseCounter constructing_actor_cnt, current val is 143
I1013 18:33:01.102654 13829 naive_actor.cpp:25] actor 2199023255578 switch to &NaiveActor::HandlerNormal
I1013 18:33:01.102775 13829 thread.cpp:96] Thread 1048576 construct Actor kNormalForward 2199023255578
I1013 18:33:01.102882 13829 runtime_context.cpp:29] DecreaseCounter constructing_actor_cnt, current val is 142
I1013 18:33:01.103705 13829 naive_actor.cpp:25] actor 2199023255588 switch to &NaiveActor::HandlerNormal
I1013 18:33:01.103793 13829 thread.cpp:96] Thread 1048576 construct Actor kNormalForward 2199023255588
I1013 18:33:01.109807 13829 runtime_context.cpp:29] DecreaseCounter constructing_actor_cnt, current val is 141
I1013 18:33:01.123661 13829 naive_actor.cpp:25] actor 2199023255583 switch to &NaiveActor::HandlerNormal
I1013 18:33:01.123795 13829 thread.cpp:96] Thread 1048576 construct Actor kNormalForward 2199023255583
I1013 18:33:01.123919 13829 runtime_context.cpp:29] DecreaseCounter constructing_actor_cnt, current val is 140
I1013 18:33:01.124223 13829 naive_actor.cpp:25] actor 2199023255582 switch to &NaiveActor::HandlerNormal
I1013 18:33:01.124347 13829 thread.cpp:96] Thread 1048576 construct Actor kNormalForward 2199023255582
I1013 18:33:01.124524 13829 runtime_context.cpp:29] DecreaseCounter constructing_actor_cnt, current val is 139
I1013 18:33:01.126134 13829 naive_actor.cpp:25] actor 2199023255573 switch to &NaiveActor::HandlerNormal
I1013 18:33:01.126232 13829 thread.cpp:96] Thread 1048576 construct Actor kNormalForward 2199023255573
I1013 18:33:01.126329 13829 runtime_context.cpp:29] DecreaseCounter constructing_actor_cnt, current val is 138
I1013 18:33:01.126659 13829 naive_actor.cpp:25] actor 2199023255589 switch to &NaiveActor::HandlerNormal
I1013 18:33:01.126742 13829 thread.cpp:96] Thread 1048576 construct Actor kNormalForward 2199023255589
I1013 18:33:01.126825 13829 runtime_context.cpp:29] DecreaseCounter constructing_actor_cnt, current val is 137
I1013 18:33:01.127159 13829 naive_actor.cpp:25] actor 2199023255631 switch to &NaiveActor::HandlerNormal
I1013 18:33:01.127243 13829 thread.cpp:96] Thread 1048576 construct Actor kNormalForward 2199023255631
I1013 18:33:01.127336 13829 runtime_context.cpp:29] DecreaseCounter constructing_actor_cnt, current val is 136
I1013 18:33:01.128111 13829 naive_actor.cpp:25] actor 2199023255623 switch to &NaiveActor::HandlerNormal
I1013 18:33:01.128194 13829 thread.cpp:96] Thread 1048576 construct Actor kNormalForward 2199023255623
I1013 18:33:01.128280 13829 runtime_context.cpp:29] DecreaseCounter constructing_actor_cnt, current val is 135
I1013 18:33:01.129217 13829 naive_actor.cpp:25] actor 2199023255600 switch to &NaiveActor::HandlerNormal
I1013 18:33:01.137614 13829 thread.cpp:96] Thread 1048576 construct Actor kNormalForward 2199023255600
I1013 18:33:01.137856 13829 runtime_context.cpp:29] DecreaseCounter constructing_actor_cnt, current val is 134
I1013 18:33:01.138792 13829 naive_actor.cpp:25] actor 2199023255579 switch to &NaiveActor::HandlerNormal
I1013 18:33:01.138895 13829 thread.cpp:96] Thread 1048576 construct Actor kNormalForward 2199023255579
I1013 18:33:01.139009 13829 runtime_context.cpp:29] DecreaseCounter constructing_actor_cnt, current val is 133
I1013 18:33:01.139385 13829 naive_actor.cpp:25] actor 2199023255598 switch to &NaiveActor::HandlerNormal
I1013 18:33:01.139473 13829 thread.cpp:96] Thread 1048576 construct Actor kNormalForward 2199023255598
I1013 18:33:01.139590 13829 runtime_context.cpp:29] DecreaseCounter constructing_actor_cnt, current val is 132
I1013 18:33:01.140790 13829 naive_actor.cpp:25] actor 2199023255601 switch to &NaiveActor::HandlerNormal
I1013 18:33:01.140872 13829 thread.cpp:96] Thread 1048576 construct Actor kNormalForward 2199023255601
I1013 18:33:01.140969 13829 runtime_context.cpp:29] DecreaseCounter constructing_actor_cnt, current val is 131
I1013 18:33:01.141746 13829 naive_actor.cpp:25] actor 2199023255604 switch to &NaiveActor::HandlerNormal
I1013 18:33:01.141840 13829 thread.cpp:96] Thread 1048576 construct Actor kNormalForward 2199023255604
I1013 18:33:01.141935 13829 runtime_context.cpp:29] DecreaseCounter constructing_actor_cnt, current val is 130
I1013 18:33:01.142251 13829 naive_actor.cpp:25] actor 2199023255591 switch to &NaiveActor::HandlerNormal
I1013 18:33:01.142311 13829 thread.cpp:96] Thread 1048576 construct Actor kNormalForward 2199023255591
I1013 18:33:01.142400 13829 runtime_context.cpp:29] DecreaseCounter constructing_actor_cnt, current val is 129
I1013 18:33:01.142686 13829 naive_actor.cpp:25] actor 2199023255610 switch to &NaiveActor::HandlerNormal
I1013 18:33:01.142774 13829 thread.cpp:96] Thread 1048576 construct Actor kNormalForward 2199023255610
I1013 18:33:01.142854 13829 runtime_context.cpp:29] DecreaseCounter constructing_actor_cnt, current val is 128
I1013 18:33:01.143549 13829 naive_actor.cpp:25] actor 2199023255585 switch to &NaiveActor::HandlerNormal
I1013 18:33:01.143636 13829 thread.cpp:96] Thread 1048576 construct Actor kNormalForward 2199023255585
I1013 18:33:01.143730 13829 runtime_context.cpp:29] DecreaseCounter constructing_actor_cnt, current val is 127
I1013 18:33:01.144388 13829 naive_actor.cpp:25] actor 2199023255618 switch to &NaiveActor::HandlerNormal
I1013 18:33:01.144479 13829 thread.cpp:96] Thread 1048576 construct Actor kNormalForward 2199023255618
I1013 18:33:01.144735 13829 runtime_context.cpp:29] DecreaseCounter constructing_actor_cnt, current val is 126
I1013 18:33:01.145025 13829 naive_actor.cpp:25] actor 2199023255596 switch to &NaiveActor::HandlerNormal
I1013 18:33:01.145115 13829 thread.cpp:96] Thread 1048576 construct Actor kNormalForward 2199023255596
I1013 18:33:01.145196 13829 runtime_context.cpp:29] DecreaseCounter constructing_actor_cnt, current val is 125
I1013 18:33:01.145821 13829 naive_actor.cpp:25] actor 2199023255616 switch to &NaiveActor::HandlerNormal
I1013 18:33:01.145901 13829 thread.cpp:96] Thread 1048576 construct Actor kNormalForward 2199023255616
I1013 18:33:01.145987 13829 runtime_context.cpp:29] DecreaseCounter constructing_actor_cnt, current val is 124
I1013 18:33:01.156648 13829 naive_actor.cpp:25] actor 2199023255608 switch to &NaiveActor::HandlerNormal
I1013 18:33:01.156772 13829 thread.cpp:96] Thread 1048576 construct Actor kNormalForward 2199023255608
I1013 18:33:01.156906 13829 runtime_context.cpp:29] DecreaseCounter constructing_actor_cnt, current val is 123
I1013 18:33:01.159596 13829 naive_actor.cpp:25] actor 2199023255581 switch to &NaiveActor::HandlerNormal
I1013 18:33:01.159718 13829 thread.cpp:96] Thread 1048576 construct Actor kNormalForward 2199023255581
I1013 18:33:01.159832 13829 runtime_context.cpp:29] DecreaseCounter constructing_actor_cnt, current val is 122
I1013 18:33:01.160220 13829 naive_actor.cpp:25] actor 2199023255605 switch to &NaiveActor::HandlerNormal
I1013 18:33:01.160290 13829 thread.cpp:96] Thread 1048576 construct Actor kNormalForward 2199023255605
I1013 18:33:01.160377 13829 runtime_context.cpp:29] DecreaseCounter constructing_actor_cnt, current val is 121
I1013 18:33:01.162925 13829 naive_actor.cpp:25] actor 2199023255614 switch to &NaiveActor::HandlerNormal
I1013 18:33:01.163043 13829 thread.cpp:96] Thread 1048576 construct Actor kNormalForward 2199023255614
I1013 18:33:01.163166 13829 runtime_context.cpp:29] DecreaseCounter constructing_actor_cnt, current val is 120
I1013 18:33:01.164000 13829 naive_actor.cpp:25] actor 2199023255602 switch to &NaiveActor::HandlerNormal
I1013 18:33:01.164098 13829 thread.cpp:96] Thread 1048576 construct Actor kNormalForward 2199023255602
I1013 18:33:01.164181 13829 runtime_context.cpp:29] DecreaseCounter constructing_actor_cnt, current val is 119
I1013 18:33:01.165768 13829 naive_actor.cpp:25] actor 2199023255637 switch to &NaiveActor::HandlerNormal
I1013 18:33:01.165861 13829 thread.cpp:96] Thread 1048576 construct Actor kNormalForward 2199023255637
I1013 18:33:01.165963 13829 runtime_context.cpp:29] DecreaseCounter constructing_actor_cnt, current val is 118
I1013 18:33:01.176129 13829 naive_actor.cpp:25] actor 2199023255607 switch to &NaiveActor::HandlerNormal
I1013 18:33:01.176256 13829 thread.cpp:96] Thread 1048576 construct Actor kNormalForward 2199023255607
I1013 18:33:01.176391 13829 runtime_context.cpp:29] DecreaseCounter constructing_actor_cnt, current val is 117
I1013 18:33:01.177232 13829 naive_actor.cpp:25] actor 2199023255606 switch to &NaiveActor::HandlerNormal
I1013 18:33:01.177309 13829 thread.cpp:96] Thread 1048576 construct Actor kNormalForward 2199023255606
I1013 18:33:01.177417 13829 runtime_context.cpp:29] DecreaseCounter constructing_actor_cnt, current val is 116
I1013 18:33:01.177774 13829 naive_actor.cpp:25] actor 2199023255630 switch to &NaiveActor::HandlerNormal
I1013 18:33:01.177857 13829 thread.cpp:96] Thread 1048576 construct Actor kNormalForward 2199023255630
I1013 18:33:01.177969 13829 runtime_context.cpp:29] DecreaseCounter constructing_actor_cnt, current val is 115
I1013 18:33:01.178690 13829 naive_actor.cpp:25] actor 2199023255624 switch to &NaiveActor::HandlerNormal
I1013 18:33:01.178768 13829 thread.cpp:96] Thread 1048576 construct Actor kNormalForward 2199023255624
I1013 18:33:01.178850 13829 runtime_context.cpp:29] DecreaseCounter constructing_actor_cnt, current val is 114
I1013 18:33:01.179186 13829 naive_actor.cpp:25] actor 2199023255603 switch to &NaiveActor::HandlerNormal
I1013 18:33:01.179329 13829 thread.cpp:96] Thread 1048576 construct Actor kNormalForward 2199023255603
I1013 18:33:01.179430 13829 runtime_context.cpp:29] DecreaseCounter constructing_actor_cnt, current val is 113
I1013 18:33:01.180099 13829 naive_actor.cpp:25] actor 2199023255625 switch to &NaiveActor::HandlerNormal
I1013 18:33:01.180176 13829 thread.cpp:96] Thread 1048576 construct Actor kNormalForward 2199023255625
I1013 18:33:01.180261 13829 runtime_context.cpp:29] DecreaseCounter constructing_actor_cnt, current val is 112
I1013 18:33:01.181016 13829 naive_actor.cpp:25] actor 2199023255633 switch to &NaiveActor::HandlerNormal
I1013 18:33:01.181118 13829 thread.cpp:96] Thread 1048576 construct Actor kNormalForward 2199023255633
I1013 18:33:01.181202 13829 runtime_context.cpp:29] DecreaseCounter constructing_actor_cnt, current val is 111
I1013 18:33:01.181927 13829 naive_actor.cpp:25] actor 2199023255636 switch to &NaiveActor::HandlerNormal
I1013 18:33:01.182010 13829 thread.cpp:96] Thread 1048576 construct Actor kNormalForward 2199023255636
I1013 18:33:01.182101 13829 runtime_context.cpp:29] DecreaseCounter constructing_actor_cnt, current val is 110
I1013 18:33:01.182742 13829 naive_actor.cpp:25] actor 2199023255615 switch to &NaiveActor::HandlerNormal
I1013 18:33:01.182835 13829 thread.cpp:96] Thread 1048576 construct Actor kNormalForward 2199023255615
I1013 18:33:01.182919 13829 runtime_context.cpp:29] DecreaseCounter constructing_actor_cnt, current val is 109
I1013 18:33:01.183715 13829 naive_actor.cpp:25] actor 2199023255609 switch to &NaiveActor::HandlerNormal
I1013 18:33:01.183806 13829 thread.cpp:96] Thread 1048576 construct Actor kNormalForward 2199023255609
I1013 18:33:01.183893 13829 runtime_context.cpp:29] DecreaseCounter constructing_actor_cnt, current val is 108
I1013 18:33:01.185364 13829 naive_actor.cpp:25] actor 2199023255620 switch to &NaiveActor::HandlerNormal
I1013 18:33:01.185458 13829 thread.cpp:96] Thread 1048576 construct Actor kNormalForward 2199023255620
I1013 18:33:01.185561 13829 runtime_context.cpp:29] DecreaseCounter constructing_actor_cnt, current val is 107
I1013 18:33:01.195118 13829 naive_actor.cpp:25] actor 2199023255629 switch to &NaiveActor::HandlerNormal
I1013 18:33:01.195243 13829 thread.cpp:96] Thread 1048576 construct Actor kNormalForward 2199023255629
I1013 18:33:01.195369 13829 runtime_context.cpp:29] DecreaseCounter constructing_actor_cnt, current val is 106
I1013 18:33:01.196171 13829 naive_actor.cpp:25] actor 2199023255626 switch to &NaiveActor::HandlerNormal
I1013 18:33:01.196274 13829 thread.cpp:96] Thread 1048576 construct Actor kNormalForward 2199023255626
I1013 18:33:01.196383 13829 runtime_context.cpp:29] DecreaseCounter constructing_actor_cnt, current val is 105
I1013 18:33:01.196700 13829 naive_actor.cpp:25] actor 2199023255612 switch to &NaiveActor::HandlerNormal
I1013 18:33:01.196780 13829 thread.cpp:96] Thread 1048576 construct Actor kNormalForward 2199023255612
I1013 18:33:01.196869 13829 runtime_context.cpp:29] DecreaseCounter constructing_actor_cnt, current val is 104
I1013 18:33:01.197528 13829 naive_actor.cpp:25] actor 2199023255646 switch to &NaiveActor::HandlerNormal
I1013 18:33:01.197638 13829 thread.cpp:96] Thread 1048576 construct Actor kNormalForward 2199023255646
I1013 18:33:01.197733 13829 runtime_context.cpp:29] DecreaseCounter constructing_actor_cnt, current val is 103
I1013 18:33:01.198444 13829 naive_actor.cpp:25] actor 2199023255661 switch to &NaiveActor::HandlerNormal
I1013 18:33:01.198521 13829 thread.cpp:96] Thread 1048576 construct Actor kNormalForward 2199023255661
I1013 18:33:01.198642 13829 runtime_context.cpp:29] DecreaseCounter constructing_actor_cnt, current val is 102
I1013 18:33:01.199379 13829 naive_actor.cpp:25] actor 2199023255685 switch to &NaiveActor::HandlerNormal
I1013 18:33:01.199446 13829 thread.cpp:96] Thread 1048576 construct Actor kNormalForward 2199023255685
I1013 18:33:01.199527 13829 runtime_context.cpp:29] DecreaseCounter constructing_actor_cnt, current val is 101
I1013 18:33:01.200131 13829 naive_actor.cpp:25] actor 2199023255649 switch to &NaiveActor::HandlerNormal
I1013 18:33:01.200381 13829 thread.cpp:96] Thread 1048576 construct Actor kNormalForward 2199023255649
I1013 18:33:01.200496 13829 runtime_context.cpp:29] DecreaseCounter constructing_actor_cnt, current val is 100
I1013 18:33:01.201119 13829 naive_actor.cpp:25] actor 2199023255640 switch to &NaiveActor::HandlerNormal
I1013 18:33:01.201210 13829 thread.cpp:96] Thread 1048576 construct Actor kNormalForward 2199023255640
I1013 18:33:01.201298 13829 runtime_context.cpp:29] DecreaseCounter constructing_actor_cnt, current val is 99
I1013 18:33:01.202005 13829 naive_actor.cpp:25] actor 2199023255597 switch to &NaiveActor::HandlerNormal
I1013 18:33:01.202059 13829 thread.cpp:96] Thread 1048576 construct Actor kNormalForward 2199023255597
