Log file created at: 2021/10/12 14:18:50
Running on machine: oneflow-14
Log line format: [IWEF]mmdd hh:mm:ss.uuuuuu threadid file:line] msg
I1012 14:18:50.773061 31072 global.h:36] NewGlobal 14cudaDeviceProp
I1012 14:18:50.785637 31072 global.h:36] NewGlobal N7oneflow7EnvDescE
I1012 14:18:50.785661 31072 global.h:36] NewGlobal N7oneflow10ProcessCtxE
I1012 14:18:50.785673 31072 env_global_objects_scope.cpp:159] using rpc backend: gRPC
I1012 14:18:50.785679 31072 global.h:36] NewGlobal N7oneflow10CtrlServerE
I1012 14:18:50.786443 31072 ctrl_server.cpp:40] CtrlServer listening on 0.0.0.0:34318
I1012 14:18:50.786592 31072 rank_info_bootstrap_server.cpp:47] RankInfoBootstrapServer listening on 0.0.0.0:29500
I1012 14:18:50.787624 31072 rpc_client.cpp:187] LoadServer 127.0.0.1 Successful at 0 times
I1012 14:19:00.736982 31072 ctrl_bootstrap.cpp:76] 
ctrl_addr {
  host: "127.0.0.1"
  port: 34318
}
ctrl_addr {
  host: "127.0.0.1"
  port: 46658
}
rank: 0
node_size: 1
I1012 14:19:00.739470 31072 rpc_client.cpp:187] LoadServer 127.0.0.1 Successful at 0 times
I1012 14:19:00.740864 31072 rpc_client.cpp:187] LoadServer 127.0.0.1 Successful at 0 times
I1012 14:19:00.741045 31072 global.h:36] NewGlobal N7oneflow12ResourceDescE
I1012 14:19:00.741080 31072 global.h:36] NewGlobal N7oneflow12ResourceDescE
I1012 14:19:00.925534 31072 global.h:36] NewGlobal N7oneflow10ThreadPoolE
I1012 14:19:00.927039 31072 global.h:36] NewGlobal N7oneflow16EagerNcclCommMgrE
I1012 14:19:00.927057 31072 global.h:36] NewGlobal N7oneflow18CudnnConvAlgoCacheE
I1012 14:19:00.927067 31072 global.h:36] NewGlobal N7oneflow2vm19VirtualMachineScopeE
I1012 14:19:00.927074 31072 global.h:36] NewGlobal N7oneflow9OneflowVME
I1012 14:19:00.927770 31072 oneflow_vm.cpp:75] transport stream type: N7oneflow2vm13CpuStreamTypeE
I1012 14:19:00.927791 31072 oneflow_vm.cpp:75] transport stream type: N7oneflow2vm14CudaStreamTypeE
I1012 14:19:00.927799 31072 oneflow_vm.cpp:75] transport stream type: N7oneflow2vm19AsyncCudaStreamTypeE
I1012 14:19:00.928053 31072 global.h:36] NewGlobal N7oneflow27EagerJobBuildAndInferCtxMgrE
I1012 14:19:00.928077 31072 global.h:36] NewGlobal N7oneflow12EpollCommNetE
I1012 14:19:00.928292 31072 epoll_comm_network.cpp:63] CommNet:Epoll listening on 0.0.0.0:38335
I1012 14:19:00.929267 31072 epoll_comm_network.cpp:197] machine 0 sockfd -1
I1012 14:19:00.929291 31072 epoll_comm_network.cpp:197] machine 1 sockfd 42
I1012 14:19:00.929421 31072 global.h:36] NewGlobal N7oneflow9TransportE
I1012 14:19:00.929649 31072 global.h:36] NewGlobal N7oneflow25MultiClientSessionContextE
I1012 14:19:04.477097 31439 eager_nccl_comm_manager.cpp:69]  EagerNcclCommMgr::ncclCommInitRank device_vec.size() = 2, nccl_unique_id = 0200ffffffdaffffff930b0b010e000000000000000000000000000000000000000000000000000000000000000000000000000000000000000000000000000000000000000000000000000000000000000000000000000000000000000000000000000000000000000000000000000000000000000000000000000000000000000000000000, rank = 0, key = {eager_nccl_unique_id_rpc_key,0:0,1:1}
I1012 14:19:04.873344 31072 version.cpp:22] OneFlow git version: b295ca2324
I1012 14:19:04.873407 31072 device_register_gpu.cpp:56] CUDA runtime version: 11.2
I1012 14:19:04.873461 31072 device_register_gpu.cpp:65] cuDNN version: 8.1.1
I1012 14:19:04.873471 31072 device_register_gpu.cpp:78] NCCL version: 2.9.8
I1012 14:19:04.873477 31072 global.h:43] DeleteGlobal N7oneflow12ResourceDescE
I1012 14:19:04.873487 31072 global.h:36] NewGlobal N7oneflow12ResourceDescE
I1012 14:19:04.873494 31072 global.h:36] NewGlobal N7oneflow5IDMgrE
I1012 14:19:04.873502 31072 global.h:36] NewGlobal N7oneflow26LazyJobBuildAndInferCtxMgrE
I1012 14:19:04.873510 31072 global.h:36] NewGlobal N7oneflow9BufferMgrISt10shared_ptrINS_11JobInstanceEEEE
I1012 14:19:04.873517 31072 global.h:36] NewGlobal N7oneflow10RuntimeCtxE
I1012 14:19:04.873522 31072 global.h:36] NewGlobal N7oneflow15MemoryAllocatorE
I1012 14:19:04.873525 31072 global.h:36] NewGlobal N7oneflow8ChunkMgrE
I1012 14:19:04.873531 31072 global.h:36] NewGlobal N7oneflow8RegstMgrE
I1012 14:19:04.873536 31072 global.h:36] NewGlobal N7oneflow11ActorMsgBusE
I1012 14:19:04.873791 31072 global.h:36] NewGlobal N7oneflow9ThreadMgrE
I1012 14:19:04.873807 31072 global.h:36] NewGlobal N7oneflow15RuntimeJobDescsE
I1012 14:19:04.873834 31072 global.h:36] NewGlobal N7oneflow7summary12EventsWriterE
I1012 14:19:04.873880 31072 global.h:36] NewGlobal N7oneflow6boxing10collective24CollectiveBoxingExecutorE
I1012 14:19:04.873906 31072 global.h:36] NewGlobal N7oneflow6boxing10collective31CollectiveBoxingDeviceCtxPollerE
I1012 14:19:04.878628 31072 global.h:36] NewGlobal N7oneflow7JobDescE
I1012 14:19:05.152249 31072 global.h:43] DeleteGlobal N7oneflow7JobDescE
I1012 14:19:05.152352 31072 global.h:36] NewGlobal N7oneflow7JobDescE
I1012 14:19:05.493336 31072 global.h:43] DeleteGlobal N7oneflow7JobDescE
I1012 14:19:05.525010 31072 global.h:36] NewGlobal N7oneflow7JobDescE
I1012 14:19:05.833993 31072 global.h:36] NewGlobal N7oneflow7OpGraphE
I1012 14:19:05.946974 31072 global.h:43] DeleteGlobal N7oneflow7OpGraphE
I1012 14:19:05.962704 31072 nn_graph.cpp:241] 
job_id: 0 , job_name: WideAndDeepTrainGraph_0 , compile time: 0.4376 seconds.
I1012 14:19:05.964690 31072 plan_util.cpp:928]  Plan: WideAndDeepTrainGraph_0 needs to allocate [ 680.05 MiB ] device memory in Rank: 1 , Device: 1
I1012 14:19:05.964720 31072 plan_util.cpp:928]  Plan: WideAndDeepTrainGraph_0 needs to allocate [ 680.05 MiB ] device memory in Rank: 0 , Device: 0
I1012 14:19:06.877157 31072 runtime_context.cpp:21] NewCounter constructing_actor_cnt 216
I1012 14:19:06.877813 31625 naive_actor.cpp:25] actor 1099517919235 switch to &NaiveActor::HandlerNormal
I1012 14:19:06.878412 31629 wait_and_send_ids_actor.cpp:53] actor 1099520016384 switch to &WaitAndSendIdsActor::HandlerWaitToStart
I1012 14:19:06.878013 31625 thread.cpp:96] Thread 524291 construct Actor kDeviceTick 1099517919235
I1012 14:19:06.878480 31629 thread.cpp:96] Thread 524292 construct Actor kWaitAndSendIds 1099520016384
I1012 14:19:06.878576 31629 runtime_context.cpp:29] DecreaseCounter constructing_actor_cnt, current val is 214
I1012 14:19:06.878579 31625 runtime_context.cpp:29] DecreaseCounter constructing_actor_cnt, current val is 215
I1012 14:19:06.878741 31622 naive_actor.cpp:25] actor 2199023255724 switch to &NaiveActor::HandlerNormal
I1012 14:19:06.878793 31622 thread.cpp:96] Thread 1048576 construct Actor kDeviceTick 2199023255724
I1012 14:19:06.878863 31622 runtime_context.cpp:29] DecreaseCounter constructing_actor_cnt, current val is 213
I1012 14:19:06.888465 31625 naive_actor.cpp:25] actor 1099517919232 switch to &NaiveActor::HandlerNormal
I1012 14:19:06.888481 31627 naive_actor.cpp:25] actor 2199029547016 switch to &NaiveActor::HandlerNormal
I1012 14:19:06.888571 31625 thread.cpp:96] Thread 524291 construct Actor kDeviceTick 1099517919232
I1012 14:19:06.888577 31622 naive_actor.cpp:25] actor 2199023255557 switch to &NaiveActor::HandlerNormal
I1012 14:19:06.888659 31631 naive_actor.cpp:25] actor 2199025352708 switch to &NaiveActor::HandlerNormal
I1012 14:19:06.889075 31625 runtime_context.cpp:29] DecreaseCounter constructing_actor_cnt, current val is 212
I1012 14:19:06.889096 31631 thread.cpp:96] Thread 1048577 construct Actor kCopyHd 2199025352708
I1012 14:19:06.889159 31631 runtime_context.cpp:29] DecreaseCounter constructing_actor_cnt, current val is 211
I1012 14:19:06.888948 31627 thread.cpp:96] Thread 1048579 construct Actor kCollectiveBoxingGeneric 2199029547016
I1012 14:19:06.889236 31623 naive_actor.cpp:25] actor 1099513724929 switch to &NaiveActor::HandlerNormal
I1012 14:19:06.889331 31627 runtime_context.cpp:29] DecreaseCounter constructing_actor_cnt, current val is 210
I1012 14:19:06.889058 31622 thread.cpp:96] Thread 1048576 construct Actor kNormalForward 2199023255557
I1012 14:19:06.889338 31623 thread.cpp:96] Thread 524289 construct Actor kNormalForward 1099513724929
I1012 14:19:06.888860 31628 sink_actor.cpp:21] actor 1099522113536 switch to &SinkActor::HandlerNormal
I1012 14:19:06.889611 31622 runtime_context.cpp:29] DecreaseCounter constructing_actor_cnt, current val is 209
I1012 14:19:06.889364 31631 naive_actor.cpp:25] actor 2199025352706 switch to &NaiveActor::HandlerNormal
I1012 14:19:06.889590 31627 naive_actor.cpp:25] actor 2199029547020 switch to &NaiveActor::HandlerNormal
I1012 14:19:06.889621 31623 runtime_context.cpp:29] DecreaseCounter constructing_actor_cnt, current val is 208
I1012 14:19:06.889665 31628 thread.cpp:96] Thread 524293 construct Actor kCallbackNotify 1099522113536
I1012 14:19:06.889422 31625 naive_actor.cpp:25] actor 1099517919233 switch to &NaiveActor::HandlerNormal
I1012 14:19:06.890103 31628 runtime_context.cpp:29] DecreaseCounter constructing_actor_cnt, current val is 207
I1012 14:19:06.889837 31631 thread.cpp:96] Thread 1048577 construct Actor kCopyHd 2199025352706
I1012 14:19:06.890113 31625 thread.cpp:96] Thread 524291 construct Actor kDeviceTick 1099517919233
I1012 14:19:06.889897 31627 thread.cpp:96] Thread 1048579 construct Actor kCollectiveBoxingGeneric 2199029547020
I1012 14:19:06.890236 31631 runtime_context.cpp:29] DecreaseCounter constructing_actor_cnt, current val is 206
I1012 14:19:06.890257 31623 naive_actor.cpp:25] actor 1099513724930 switch to &NaiveActor::HandlerNormal
I1012 14:19:06.890281 31625 runtime_context.cpp:29] DecreaseCounter constructing_actor_cnt, current val is 205
I1012 14:19:06.890316 31627 runtime_context.cpp:29] DecreaseCounter constructing_actor_cnt, current val is 204
I1012 14:19:06.890348 31623 thread.cpp:96] Thread 524289 construct Actor kNormalForward 1099513724930
I1012 14:19:06.890543 31623 runtime_context.cpp:29] DecreaseCounter constructing_actor_cnt, current val is 203
I1012 14:19:06.890547 31631 naive_actor.cpp:25] actor 2199025352707 switch to &NaiveActor::HandlerNormal
I1012 14:19:06.890564 31622 naive_actor.cpp:25] actor 2199023255570 switch to &NaiveActor::HandlerNormal
I1012 14:19:06.890609 31627 naive_actor.cpp:25] actor 2199029547024 switch to &NaiveActor::HandlerNormal
I1012 14:19:06.890640 31631 thread.cpp:96] Thread 1048577 construct Actor kCopyHd 2199025352707
I1012 14:19:06.890686 31622 thread.cpp:96] Thread 1048576 construct Actor kNormalForward 2199023255570
I1012 14:19:06.890722 31627 thread.cpp:96] Thread 1048579 construct Actor kCollectiveBoxingGeneric 2199029547024
I1012 14:19:06.890774 31631 runtime_context.cpp:29] DecreaseCounter constructing_actor_cnt, current val is 202
I1012 14:19:06.890836 31627 runtime_context.cpp:29] DecreaseCounter constructing_actor_cnt, current val is 200
I1012 14:19:06.890836 31622 runtime_context.cpp:29] DecreaseCounter constructing_actor_cnt, current val is 201
I1012 14:19:06.890823 31625 naive_actor.cpp:25] actor 1099517919234 switch to &NaiveActor::HandlerNormal
I1012 14:19:06.890976 31625 thread.cpp:96] Thread 524291 construct Actor kSrcSubsetTick 1099517919234
I1012 14:19:06.891016 31631 naive_actor.cpp:25] actor 2199025352705 switch to &NaiveActor::HandlerNormal
I1012 14:19:06.891064 31631 thread.cpp:96] Thread 1048577 construct Actor kCopyHd 2199025352705
I1012 14:19:06.891067 31627 naive_actor.cpp:25] actor 2199029547011 switch to &NaiveActor::HandlerNormal
I1012 14:19:06.891145 31624 naive_actor.cpp:25] actor 1099511627776 switch to &NaiveActor::HandlerNormal
I1012 14:19:06.891135 31631 runtime_context.cpp:29] DecreaseCounter constructing_actor_cnt, current val is 198
I1012 14:19:06.891088 31625 runtime_context.cpp:29] DecreaseCounter constructing_actor_cnt, current val is 199
I1012 14:19:06.891152 31627 thread.cpp:96] Thread 1048579 construct Actor kCollectiveBoxingGeneric 2199029547011
I1012 14:19:06.891202 31624 thread.cpp:96] Thread 524288 construct Actor kNormalForward 1099511627776
I1012 14:19:06.891378 31627 runtime_context.cpp:29] DecreaseCounter constructing_actor_cnt, current val is 197
I1012 14:19:06.891448 31624 runtime_context.cpp:29] DecreaseCounter constructing_actor_cnt, current val is 196
I1012 14:19:06.891465 31631 naive_actor.cpp:25] actor 2199025352704 switch to &NaiveActor::HandlerNormal
I1012 14:19:06.891558 31631 thread.cpp:96] Thread 1048577 construct Actor kCopyHd 2199025352704
I1012 14:19:06.891598 31625 naive_actor.cpp:25] actor 1099517919239 switch to &NaiveActor::HandlerNormal
I1012 14:19:06.891607 31627 naive_actor.cpp:25] actor 2199029547022 switch to &NaiveActor::HandlerNormal
I1012 14:19:06.891638 31631 runtime_context.cpp:29] DecreaseCounter constructing_actor_cnt, current val is 195
I1012 14:19:06.891660 31623 naive_actor.cpp:25] actor 1099513724928 switch to &NaiveActor::HandlerNormal
I1012 14:19:06.891806 31625 thread.cpp:96] Thread 524291 construct Actor kTick 1099517919239
I1012 14:19:06.891862 31627 thread.cpp:96] Thread 1048579 construct Actor kCollectiveBoxingGeneric 2199029547022
I1012 14:19:06.891921 31622 naive_actor.cpp:25] actor 2199023255564 switch to &NaiveActor::HandlerNormal
I1012 14:19:06.891963 31623 thread.cpp:96] Thread 524289 construct Actor kNormalForward 1099513724928
I1012 14:19:06.892060 31627 runtime_context.cpp:29] DecreaseCounter constructing_actor_cnt, current val is 193
I1012 14:19:06.892057 31625 runtime_context.cpp:29] DecreaseCounter constructing_actor_cnt, current val is 194
I1012 14:19:06.892136 31623 runtime_context.cpp:29] DecreaseCounter constructing_actor_cnt, current val is 192
I1012 14:19:06.892047 31622 thread.cpp:96] Thread 1048576 construct Actor kNormalForward 2199023255564
I1012 14:19:06.892252 31627 naive_actor.cpp:25] actor 2199029547023 switch to &NaiveActor::HandlerNormal
I1012 14:19:06.892310 31627 thread.cpp:96] Thread 1048579 construct Actor kCollectiveBoxingGeneric 2199029547023
I1012 14:19:06.892318 31622 runtime_context.cpp:29] DecreaseCounter constructing_actor_cnt, current val is 191
I1012 14:19:06.892385 31627 runtime_context.cpp:29] DecreaseCounter constructing_actor_cnt, current val is 190
I1012 14:19:06.892421 31625 naive_actor.cpp:25] actor 1099517919236 switch to &NaiveActor::HandlerNormal
I1012 14:19:06.892499 31625 thread.cpp:96] Thread 524291 construct Actor kTick 1099517919236
I1012 14:19:06.892511 31624 naive_actor.cpp:25] actor 1099511627778 switch to &NaiveActor::HandlerNormal
I1012 14:19:06.892585 31624 thread.cpp:96] Thread 524288 construct Actor kNormalForward 1099511627778
I1012 14:19:06.892596 31627 naive_actor.cpp:25] actor 2199029547017 switch to &NaiveActor::HandlerNormal
I1012 14:19:06.892693 31624 runtime_context.cpp:29] DecreaseCounter constructing_actor_cnt, current val is 188
I1012 14:19:06.892596 31625 runtime_context.cpp:29] DecreaseCounter constructing_actor_cnt, current val is 189
I1012 14:19:06.892706 31627 thread.cpp:96] Thread 1048579 construct Actor kCollectiveBoxingGeneric 2199029547017
I1012 14:19:06.892839 31627 runtime_context.cpp:29] DecreaseCounter constructing_actor_cnt, current val is 187
I1012 14:19:06.893040 31627 naive_actor.cpp:25] actor 2199029547013 switch to &NaiveActor::HandlerNormal
I1012 14:19:06.893095 31627 thread.cpp:96] Thread 1048579 construct Actor kCollectiveBoxingGeneric 2199029547013
I1012 14:19:06.893115 31623 naive_actor.cpp:25] actor 1099513724931 switch to &NaiveActor::HandlerNormal
I1012 14:19:06.893147 31625 naive_actor.cpp:25] actor 1099517919237 switch to &NaiveActor::HandlerNormal
I1012 14:19:06.893163 31627 runtime_context.cpp:29] DecreaseCounter constructing_actor_cnt, current val is 186
I1012 14:19:06.893183 31623 thread.cpp:96] Thread 524289 construct Actor kNormalForward 1099513724931
I1012 14:19:06.893227 31625 thread.cpp:96] Thread 524291 construct Actor kDstSubsetTick 1099517919237
I1012 14:19:06.893349 31623 runtime_context.cpp:29] DecreaseCounter constructing_actor_cnt, current val is 185
I1012 14:19:06.893386 31622 naive_actor.cpp:25] actor 2199023255594 switch to &NaiveActor::HandlerNormal
I1012 14:19:06.893393 31625 runtime_context.cpp:29] DecreaseCounter constructing_actor_cnt, current val is 184
I1012 14:19:06.893457 31627 naive_actor.cpp:25] actor 2199029547009 switch to &NaiveActor::HandlerNormal
I1012 14:19:06.893461 31622 thread.cpp:96] Thread 1048576 construct Actor kNormalForward 2199023255594
I1012 14:19:06.893535 31627 thread.cpp:96] Thread 1048579 construct Actor kCollectiveBoxingGeneric 2199029547009
I1012 14:19:06.893630 31627 runtime_context.cpp:29] DecreaseCounter constructing_actor_cnt, current val is 183
I1012 14:19:06.893644 31622 runtime_context.cpp:29] DecreaseCounter constructing_actor_cnt, current val is 182
I1012 14:19:06.893740 31623 naive_actor.cpp:25] actor 1099513724932 switch to &NaiveActor::HandlerNormal
I1012 14:19:06.893712 31624 naive_actor.cpp:25] actor 1099511627777 switch to &NaiveActor::HandlerNormal
I1012 14:19:06.893811 31623 thread.cpp:96] Thread 524289 construct Actor kNormalForward 1099513724932
I1012 14:19:06.893815 31627 naive_actor.cpp:25] actor 2199029547018 switch to &NaiveActor::HandlerNormal
I1012 14:19:06.893852 31625 naive_actor.cpp:25] actor 1099517919238 switch to &NaiveActor::HandlerNormal
I1012 14:19:06.893874 31624 thread.cpp:96] Thread 524288 construct Actor kNormalForward 1099511627777
I1012 14:19:06.893941 31627 thread.cpp:96] Thread 1048579 construct Actor kCollectiveBoxingGeneric 2199029547018
I1012 14:19:06.893950 31623 runtime_context.cpp:29] DecreaseCounter constructing_actor_cnt, current val is 181
I1012 14:19:06.893975 31625 thread.cpp:96] Thread 524291 construct Actor kTick 1099517919238
I1012 14:19:06.894050 31624 runtime_context.cpp:29] DecreaseCounter constructing_actor_cnt, current val is 180
I1012 14:19:06.894060 31627 runtime_context.cpp:29] DecreaseCounter constructing_actor_cnt, current val is 179
I1012 14:19:06.894091 31622 naive_actor.cpp:25] actor 2199023255561 switch to &NaiveActor::HandlerNormal
I1012 14:19:06.894129 31625 runtime_context.cpp:29] DecreaseCounter constructing_actor_cnt, current val is 178
I1012 14:19:06.894168 31622 thread.cpp:96] Thread 1048576 construct Actor kNormalForward 2199023255561
I1012 14:19:06.894299 31622 runtime_context.cpp:29] DecreaseCounter constructing_actor_cnt, current val is 177
I1012 14:19:06.894309 31627 naive_actor.cpp:25] actor 2199029547019 switch to &NaiveActor::HandlerNormal
I1012 14:19:06.894383 31627 thread.cpp:96] Thread 1048579 construct Actor kCollectiveBoxingGeneric 2199029547019
I1012 14:19:06.894404 31624 naive_actor.cpp:25] actor 1099511627779 switch to &NaiveActor::HandlerNormal
I1012 14:19:06.894465 31624 thread.cpp:96] Thread 524288 construct Actor kNormalForward 1099511627779
I1012 14:19:06.894465 31627 runtime_context.cpp:29] DecreaseCounter constructing_actor_cnt, current val is 176
I1012 14:19:06.894523 31624 runtime_context.cpp:29] DecreaseCounter constructing_actor_cnt, current val is 175
I1012 14:19:06.894665 31622 naive_actor.cpp:25] actor 2199023255563 switch to &NaiveActor::HandlerNormal
I1012 14:19:06.894665 31627 naive_actor.cpp:25] actor 2199029547008 switch to &NaiveActor::HandlerNormal
I1012 14:19:06.894723 31622 thread.cpp:96] Thread 1048576 construct Actor kNormalForward 2199023255563
I1012 14:19:06.894742 31627 thread.cpp:96] Thread 1048579 construct Actor kCollectiveBoxingGeneric 2199029547008
I1012 14:19:06.894810 31622 runtime_context.cpp:29] DecreaseCounter constructing_actor_cnt, current val is 174
I1012 14:19:06.894810 31627 runtime_context.cpp:29] DecreaseCounter constructing_actor_cnt, current val is 173
I1012 14:19:06.895025 31627 naive_actor.cpp:25] actor 2199029547014 switch to &NaiveActor::HandlerNormal
I1012 14:19:06.895064 31624 naive_actor.cpp:25] actor 1099511627780 switch to &NaiveActor::HandlerNormal
I1012 14:19:06.895081 31627 thread.cpp:96] Thread 1048579 construct Actor kCollectiveBoxingGeneric 2199029547014
I1012 14:19:06.895099 31624 thread.cpp:96] Thread 524288 construct Actor kNormalForward 1099511627780
I1012 14:19:06.895169 31627 runtime_context.cpp:29] DecreaseCounter constructing_actor_cnt, current val is 172
I1012 14:19:06.895193 31624 runtime_context.cpp:29] DecreaseCounter constructing_actor_cnt, current val is 171
I1012 14:19:06.895366 31627 naive_actor.cpp:25] actor 2199029547021 switch to &NaiveActor::HandlerNormal
I1012 14:19:06.895421 31627 thread.cpp:96] Thread 1048579 construct Actor kCollectiveBoxingGeneric 2199029547021
I1012 14:19:06.895499 31627 runtime_context.cpp:29] DecreaseCounter constructing_actor_cnt, current val is 170
I1012 14:19:06.895680 31627 naive_actor.cpp:25] actor 2199029547010 switch to &NaiveActor::HandlerNormal
I1012 14:19:06.895735 31627 thread.cpp:96] Thread 1048579 construct Actor kCollectiveBoxingGeneric 2199029547010
I1012 14:19:06.895782 31622 naive_actor.cpp:25] actor 2199023255552 switch to &NaiveActor::HandlerNormal
I1012 14:19:06.895903 31622 thread.cpp:96] Thread 1048576 construct Actor kNormalForward 2199023255552
I1012 14:19:06.895903 31627 runtime_context.cpp:29] DecreaseCounter constructing_actor_cnt, current val is 169
I1012 14:19:06.895996 31622 runtime_context.cpp:29] DecreaseCounter constructing_actor_cnt, current val is 168
I1012 14:19:06.896143 31627 naive_actor.cpp:25] actor 2199029547015 switch to &NaiveActor::HandlerNormal
I1012 14:19:06.896194 31627 thread.cpp:96] Thread 1048579 construct Actor kCollectiveBoxingGeneric 2199029547015
I1012 14:19:06.896255 31627 runtime_context.cpp:29] DecreaseCounter constructing_actor_cnt, current val is 167
I1012 14:19:06.896533 31627 naive_actor.cpp:25] actor 2199029547012 switch to &NaiveActor::HandlerNormal
I1012 14:19:06.896587 31627 thread.cpp:96] Thread 1048579 construct Actor kCollectiveBoxingGeneric 2199029547012
I1012 14:19:06.896663 31627 runtime_context.cpp:29] DecreaseCounter constructing_actor_cnt, current val is 166
I1012 14:19:06.896854 31627 naive_actor.cpp:25] actor 2199029547025 switch to &NaiveActor::HandlerNormal
I1012 14:19:06.896899 31627 thread.cpp:96] Thread 1048579 construct Actor kCollectiveBoxingGeneric 2199029547025
I1012 14:19:06.896944 31627 runtime_context.cpp:29] DecreaseCounter constructing_actor_cnt, current val is 165
I1012 14:19:06.897117 31622 naive_actor.cpp:25] actor 2199023255558 switch to &NaiveActor::HandlerNormal
I1012 14:19:06.897163 31622 thread.cpp:96] Thread 1048576 construct Actor kNormalForward 2199023255558
I1012 14:19:06.897217 31622 runtime_context.cpp:29] DecreaseCounter constructing_actor_cnt, current val is 164
I1012 14:19:06.897984 31622 naive_actor.cpp:25] actor 2199023255562 switch to &NaiveActor::HandlerNormal
I1012 14:19:06.898030 31622 thread.cpp:96] Thread 1048576 construct Actor kNormalForward 2199023255562
I1012 14:19:06.898084 31622 runtime_context.cpp:29] DecreaseCounter constructing_actor_cnt, current val is 163
I1012 14:19:06.898743 31622 naive_actor.cpp:25] actor 2199023255574 switch to &NaiveActor::HandlerNormal
I1012 14:19:06.898787 31622 thread.cpp:96] Thread 1048576 construct Actor kNormalForward 2199023255574
I1012 14:19:06.898850 31622 runtime_context.cpp:29] DecreaseCounter constructing_actor_cnt, current val is 162
I1012 14:19:06.899515 31622 naive_actor.cpp:25] actor 2199023255559 switch to &NaiveActor::HandlerNormal
I1012 14:19:06.899572 31622 thread.cpp:96] Thread 1048576 construct Actor kNormalForward 2199023255559
I1012 14:19:06.899633 31622 runtime_context.cpp:29] DecreaseCounter constructing_actor_cnt, current val is 161
I1012 14:19:06.900305 31622 naive_actor.cpp:25] actor 2199023255560 switch to &NaiveActor::HandlerNormal
I1012 14:19:06.900350 31622 thread.cpp:96] Thread 1048576 construct Actor kNormalForward 2199023255560
I1012 14:19:06.900403 31622 runtime_context.cpp:29] DecreaseCounter constructing_actor_cnt, current val is 160
I1012 14:19:06.900657 31622 naive_actor.cpp:25] actor 2199023255553 switch to &NaiveActor::HandlerNormal
I1012 14:19:06.900699 31622 thread.cpp:96] Thread 1048576 construct Actor kNormalForward 2199023255553
I1012 14:19:06.900744 31622 runtime_context.cpp:29] DecreaseCounter constructing_actor_cnt, current val is 159
I1012 14:19:06.901492 31622 naive_actor.cpp:25] actor 2199023255577 switch to &NaiveActor::HandlerNormal
I1012 14:19:06.901537 31622 thread.cpp:96] Thread 1048576 construct Actor kNormalForward 2199023255577
I1012 14:19:06.901589 31622 runtime_context.cpp:29] DecreaseCounter constructing_actor_cnt, current val is 158
I1012 14:19:06.902127 31622 naive_actor.cpp:25] actor 2199023255565 switch to &NaiveActor::HandlerNormal
I1012 14:19:06.902159 31622 thread.cpp:96] Thread 1048576 construct Actor kNormalForward 2199023255565
I1012 14:19:06.902204 31622 runtime_context.cpp:29] DecreaseCounter constructing_actor_cnt, current val is 157
I1012 14:19:06.902920 31622 naive_actor.cpp:25] actor 2199023255554 switch to &NaiveActor::HandlerNormal
I1012 14:19:06.902990 31622 thread.cpp:96] Thread 1048576 construct Actor kNormalForward 2199023255554
I1012 14:19:06.903051 31622 runtime_context.cpp:29] DecreaseCounter constructing_actor_cnt, current val is 156
I1012 14:19:06.903753 31622 naive_actor.cpp:25] actor 2199023255556 switch to &NaiveActor::HandlerNormal
I1012 14:19:06.903798 31622 thread.cpp:96] Thread 1048576 construct Actor kNormalForward 2199023255556
I1012 14:19:06.903860 31622 runtime_context.cpp:29] DecreaseCounter constructing_actor_cnt, current val is 155
I1012 14:19:06.904512 31622 naive_actor.cpp:25] actor 2199023255569 switch to &NaiveActor::HandlerNormal
I1012 14:19:06.904556 31622 thread.cpp:96] Thread 1048576 construct Actor kNormalForward 2199023255569
I1012 14:19:06.904606 31622 runtime_context.cpp:29] DecreaseCounter constructing_actor_cnt, current val is 154
I1012 14:19:06.905197 31622 naive_actor.cpp:25] actor 2199023255575 switch to &NaiveActor::HandlerNormal
I1012 14:19:06.905238 31622 thread.cpp:96] Thread 1048576 construct Actor kNormalForward 2199023255575
I1012 14:19:06.905285 31622 runtime_context.cpp:29] DecreaseCounter constructing_actor_cnt, current val is 153
I1012 14:19:06.905882 31622 naive_actor.cpp:25] actor 2199023255555 switch to &NaiveActor::HandlerNormal
I1012 14:19:06.905928 31622 thread.cpp:96] Thread 1048576 construct Actor kNormalForward 2199023255555
I1012 14:19:06.905978 31622 runtime_context.cpp:29] DecreaseCounter constructing_actor_cnt, current val is 152
I1012 14:19:06.906615 31622 naive_actor.cpp:25] actor 2199023255579 switch to &NaiveActor::HandlerNormal
I1012 14:19:06.906658 31622 thread.cpp:96] Thread 1048576 construct Actor kNormalForward 2199023255579
I1012 14:19:06.906708 31622 runtime_context.cpp:29] DecreaseCounter constructing_actor_cnt, current val is 151
I1012 14:19:06.907267 31622 naive_actor.cpp:25] actor 2199023255620 switch to &NaiveActor::HandlerNormal
I1012 14:19:06.907294 31622 thread.cpp:96] Thread 1048576 construct Actor kNormalForward 2199023255620
I1012 14:19:06.907358 31622 runtime_context.cpp:29] DecreaseCounter constructing_actor_cnt, current val is 150
I1012 14:19:06.907596 31622 naive_actor.cpp:25] actor 2199023255581 switch to &NaiveActor::HandlerNormal
I1012 14:19:06.907639 31622 thread.cpp:96] Thread 1048576 construct Actor kNormalForward 2199023255581
I1012 14:19:06.907685 31622 runtime_context.cpp:29] DecreaseCounter constructing_actor_cnt, current val is 149
I1012 14:19:06.908376 31622 naive_actor.cpp:25] actor 2199023255605 switch to &NaiveActor::HandlerNormal
I1012 14:19:06.908421 31622 thread.cpp:96] Thread 1048576 construct Actor kNormalForward 2199023255605
I1012 14:19:06.908493 31622 runtime_context.cpp:29] DecreaseCounter constructing_actor_cnt, current val is 148
I1012 14:19:06.908717 31622 naive_actor.cpp:25] actor 2199023255588 switch to &NaiveActor::HandlerNormal
I1012 14:19:06.908759 31622 thread.cpp:96] Thread 1048576 construct Actor kNormalForward 2199023255588
I1012 14:19:06.908804 31622 runtime_context.cpp:29] DecreaseCounter constructing_actor_cnt, current val is 147
I1012 14:19:06.909395 31622 naive_actor.cpp:25] actor 2199023255627 switch to &NaiveActor::HandlerNormal
I1012 14:19:06.909451 31622 thread.cpp:96] Thread 1048576 construct Actor kNormalForward 2199023255627
I1012 14:19:06.909502 31622 runtime_context.cpp:29] DecreaseCounter constructing_actor_cnt, current val is 146
I1012 14:19:06.910113 31622 naive_actor.cpp:25] actor 2199023255631 switch to &NaiveActor::HandlerNormal
I1012 14:19:06.910138 31622 thread.cpp:96] Thread 1048576 construct Actor kNormalForward 2199023255631
I1012 14:19:06.910200 31622 runtime_context.cpp:29] DecreaseCounter constructing_actor_cnt, current val is 145
I1012 14:19:06.910455 31622 naive_actor.cpp:25] actor 2199023255576 switch to &NaiveActor::HandlerNormal
I1012 14:19:06.910480 31622 thread.cpp:96] Thread 1048576 construct Actor kNormalForward 2199023255576
I1012 14:19:06.910521 31622 runtime_context.cpp:29] DecreaseCounter constructing_actor_cnt, current val is 144
I1012 14:19:06.910823 31622 naive_actor.cpp:25] actor 2199023255568 switch to &NaiveActor::HandlerNormal
I1012 14:19:06.910869 31622 thread.cpp:96] Thread 1048576 construct Actor kNormalForward 2199023255568
I1012 14:19:06.910924 31622 runtime_context.cpp:29] DecreaseCounter constructing_actor_cnt, current val is 143
I1012 14:19:06.911535 31622 naive_actor.cpp:25] actor 2199023255625 switch to &NaiveActor::HandlerNormal
I1012 14:19:06.911577 31622 thread.cpp:96] Thread 1048576 construct Actor kNormalForward 2199023255625
I1012 14:19:06.911624 31622 runtime_context.cpp:29] DecreaseCounter constructing_actor_cnt, current val is 142
I1012 14:19:06.912217 31622 naive_actor.cpp:25] actor 2199023255592 switch to &NaiveActor::HandlerNormal
I1012 14:19:06.912259 31622 thread.cpp:96] Thread 1048576 construct Actor kNormalForward 2199023255592
I1012 14:19:06.912319 31622 runtime_context.cpp:29] DecreaseCounter constructing_actor_cnt, current val is 141
I1012 14:19:06.912564 31622 naive_actor.cpp:25] actor 2199023255583 switch to &NaiveActor::HandlerNormal
I1012 14:19:06.912603 31622 thread.cpp:96] Thread 1048576 construct Actor kNormalForward 2199023255583
I1012 14:19:06.912647 31622 runtime_context.cpp:29] DecreaseCounter constructing_actor_cnt, current val is 140
I1012 14:19:06.913255 31622 naive_actor.cpp:25] actor 2199023255584 switch to &NaiveActor::HandlerNormal
I1012 14:19:06.913297 31622 thread.cpp:96] Thread 1048576 construct Actor kNormalForward 2199023255584
I1012 14:19:06.913354 31622 runtime_context.cpp:29] DecreaseCounter constructing_actor_cnt, current val is 139
I1012 14:19:06.913894 31622 naive_actor.cpp:25] actor 2199023255608 switch to &NaiveActor::HandlerNormal
I1012 14:19:06.913935 31622 thread.cpp:96] Thread 1048576 construct Actor kNormalForward 2199023255608
I1012 14:19:06.913980 31622 runtime_context.cpp:29] DecreaseCounter constructing_actor_cnt, current val is 138
I1012 14:19:06.914566 31622 naive_actor.cpp:25] actor 2199023255589 switch to &NaiveActor::HandlerNormal
I1012 14:19:06.914606 31622 thread.cpp:96] Thread 1048576 construct Actor kNormalForward 2199023255589
I1012 14:19:06.914664 31622 runtime_context.cpp:29] DecreaseCounter constructing_actor_cnt, current val is 137
I1012 14:19:06.914893 31622 naive_actor.cpp:25] actor 2199023255578 switch to &NaiveActor::HandlerNormal
I1012 14:19:06.914933 31622 thread.cpp:96] Thread 1048576 construct Actor kNormalForward 2199023255578
I1012 14:19:06.914988 31622 runtime_context.cpp:29] DecreaseCounter constructing_actor_cnt, current val is 136
I1012 14:19:06.915206 31622 naive_actor.cpp:25] actor 2199023255593 switch to &NaiveActor::HandlerNormal
I1012 14:19:06.915237 31622 thread.cpp:96] Thread 1048576 construct Actor kNormalForward 2199023255593
I1012 14:19:06.915277 31622 runtime_context.cpp:29] DecreaseCounter constructing_actor_cnt, current val is 135
I1012 14:19:06.915490 31622 naive_actor.cpp:25] actor 2199023255571 switch to &NaiveActor::HandlerNormal
I1012 14:19:06.915530 31622 thread.cpp:96] Thread 1048576 construct Actor kNormalForward 2199023255571
I1012 14:19:06.915572 31622 runtime_context.cpp:29] DecreaseCounter constructing_actor_cnt, current val is 134
I1012 14:19:06.916235 31622 naive_actor.cpp:25] actor 2199023255567 switch to &NaiveActor::HandlerNormal
I1012 14:19:06.916283 31622 thread.cpp:96] Thread 1048576 construct Actor kNormalForward 2199023255567
I1012 14:19:06.916332 31622 runtime_context.cpp:29] DecreaseCounter constructing_actor_cnt, current val is 133
I1012 14:19:06.916934 31622 naive_actor.cpp:25] actor 2199023255599 switch to &NaiveActor::HandlerNormal
I1012 14:19:06.916980 31622 thread.cpp:96] Thread 1048576 construct Actor kNormalForward 2199023255599
I1012 14:19:06.917038 31622 runtime_context.cpp:29] DecreaseCounter constructing_actor_cnt, current val is 132
I1012 14:19:06.917268 31622 naive_actor.cpp:25] actor 2199023255566 switch to &NaiveActor::HandlerNormal
I1012 14:19:06.917307 31622 thread.cpp:96] Thread 1048576 construct Actor kNormalForward 2199023255566
I1012 14:19:06.917351 31622 runtime_context.cpp:29] DecreaseCounter constructing_actor_cnt, current val is 131
I1012 14:19:06.918015 31622 naive_actor.cpp:25] actor 2199023255603 switch to &NaiveActor::HandlerNormal
I1012 14:19:06.918061 31622 thread.cpp:96] Thread 1048576 construct Actor kNormalForward 2199023255603
I1012 14:19:06.918109 31622 runtime_context.cpp:29] DecreaseCounter constructing_actor_cnt, current val is 130
I1012 14:19:06.918339 31622 naive_actor.cpp:25] actor 2199023255573 switch to &NaiveActor::HandlerNormal
I1012 14:19:06.918380 31622 thread.cpp:96] Thread 1048576 construct Actor kNormalForward 2199023255573
I1012 14:19:06.918443 31622 runtime_context.cpp:29] DecreaseCounter constructing_actor_cnt, current val is 129
I1012 14:19:06.919064 31622 naive_actor.cpp:25] actor 2199023255597 switch to &NaiveActor::HandlerNormal
I1012 14:19:06.919108 31622 thread.cpp:96] Thread 1048576 construct Actor kNormalForward 2199023255597
I1012 14:19:06.919168 31622 runtime_context.cpp:29] DecreaseCounter constructing_actor_cnt, current val is 128
I1012 14:19:06.919803 31622 naive_actor.cpp:25] actor 2199023255612 switch to &NaiveActor::HandlerNormal
I1012 14:19:06.919847 31622 thread.cpp:96] Thread 1048576 construct Actor kNormalForward 2199023255612
I1012 14:19:06.919895 31622 runtime_context.cpp:29] DecreaseCounter constructing_actor_cnt, current val is 127
I1012 14:19:06.920534 31622 naive_actor.cpp:25] actor 2199023255587 switch to &NaiveActor::HandlerNormal
I1012 14:19:06.920575 31622 thread.cpp:96] Thread 1048576 construct Actor kNormalForward 2199023255587
I1012 14:19:06.920622 31622 runtime_context.cpp:29] DecreaseCounter constructing_actor_cnt, current val is 126
I1012 14:19:06.921241 31622 naive_actor.cpp:25] actor 2199023255651 switch to &NaiveActor::HandlerNormal
I1012 14:19:06.921283 31622 thread.cpp:96] Thread 1048576 construct Actor kNormalForward 2199023255651
I1012 14:19:06.921344 31622 runtime_context.cpp:29] DecreaseCounter constructing_actor_cnt, current val is 125
I1012 14:19:06.921990 31622 naive_actor.cpp:25] actor 2199023255655 switch to &NaiveActor::HandlerNormal
I1012 14:19:06.922031 31622 thread.cpp:96] Thread 1048576 construct Actor kNormalForward 2199023255655
I1012 14:19:06.922091 31622 runtime_context.cpp:29] DecreaseCounter constructing_actor_cnt, current val is 124
I1012 14:19:06.922751 31622 naive_actor.cpp:25] actor 2199023255582 switch to &NaiveActor::HandlerNormal
I1012 14:19:06.922777 31622 thread.cpp:96] Thread 1048576 construct Actor kNormalForward 2199023255582
I1012 14:19:06.922837 31622 runtime_context.cpp:29] DecreaseCounter constructing_actor_cnt, current val is 123
I1012 14:19:06.923382 31622 naive_actor.cpp:25] actor 2199023255618 switch to &NaiveActor::HandlerNormal
I1012 14:19:06.923419 31622 thread.cpp:96] Thread 1048576 construct Actor kNormalForward 2199023255618
I1012 14:19:06.923473 31622 runtime_context.cpp:29] DecreaseCounter constructing_actor_cnt, current val is 122
I1012 14:19:06.924067 31622 naive_actor.cpp:25] actor 2199023255606 switch to &NaiveActor::HandlerNormal
I1012 14:19:06.924113 31622 thread.cpp:96] Thread 1048576 construct Actor kNormalForward 2199023255606
I1012 14:19:06.924158 31622 runtime_context.cpp:29] DecreaseCounter constructing_actor_cnt, current val is 121
I1012 14:19:06.924743 31622 naive_actor.cpp:25] actor 2199023255600 switch to &NaiveActor::HandlerNormal
I1012 14:19:06.924784 31622 thread.cpp:96] Thread 1048576 construct Actor kNormalForward 2199023255600
I1012 14:19:06.924830 31622 runtime_context.cpp:29] DecreaseCounter constructing_actor_cnt, current val is 120
I1012 14:19:06.925386 31622 naive_actor.cpp:25] actor 2199023255632 switch to &NaiveActor::HandlerNormal
I1012 14:19:06.925436 31622 thread.cpp:96] Thread 1048576 construct Actor kNormalForward 2199023255632
I1012 14:19:06.925487 31622 runtime_context.cpp:29] DecreaseCounter constructing_actor_cnt, current val is 119
I1012 14:19:06.925730 31622 naive_actor.cpp:25] actor 2199023255586 switch to &NaiveActor::HandlerNormal
I1012 14:19:06.925768 31622 thread.cpp:96] Thread 1048576 construct Actor kNormalForward 2199023255586
I1012 14:19:06.925896 31622 runtime_context.cpp:29] DecreaseCounter constructing_actor_cnt, current val is 118
I1012 14:19:06.926460 31622 naive_actor.cpp:25] actor 2199023255610 switch to &NaiveActor::HandlerNormal
I1012 14:19:06.926498 31622 thread.cpp:96] Thread 1048576 construct Actor kNormalForward 2199023255610
I1012 14:19:06.926555 31622 runtime_context.cpp:29] DecreaseCounter constructing_actor_cnt, current val is 117
I1012 14:19:06.926774 31622 naive_actor.cpp:25] actor 2199023255598 switch to &NaiveActor::HandlerNormal
I1012 14:19:06.926815 31622 thread.cpp:96] Thread 1048576 construct Actor kNormalForward 2199023255598
I1012 14:19:06.926857 31622 runtime_context.cpp:29] DecreaseCounter constructing_actor_cnt, current val is 116
I1012 14:19:06.927099 31622 naive_actor.cpp:25] actor 2199023255616 switch to &NaiveActor::HandlerNormal
I1012 14:19:06.927139 31622 thread.cpp:96] Thread 1048576 construct Actor kNormalForward 2199023255616
I1012 14:19:06.927181 31622 runtime_context.cpp:29] DecreaseCounter constructing_actor_cnt, current val is 115
I1012 14:19:06.927750 31622 naive_actor.cpp:25] actor 2199023255607 switch to &NaiveActor::HandlerNormal
I1012 14:19:06.927793 31622 thread.cpp:96] Thread 1048576 construct Actor kNormalForward 2199023255607
I1012 14:19:06.927850 31622 runtime_context.cpp:29] DecreaseCounter constructing_actor_cnt, current val is 114
I1012 14:19:06.928398 31622 naive_actor.cpp:25] actor 2199023255626 switch to &NaiveActor::HandlerNormal
I1012 14:19:06.928450 31622 thread.cpp:96] Thread 1048576 construct Actor kNormalForward 2199023255626
I1012 14:19:06.928498 31622 runtime_context.cpp:29] DecreaseCounter constructing_actor_cnt, current val is 113
I1012 14:19:06.929049 31622 naive_actor.cpp:25] actor 2199023255630 switch to &NaiveActor::HandlerNormal
I1012 14:19:06.929090 31622 thread.cpp:96] Thread 1048576 construct Actor kNormalForward 2199023255630
I1012 14:19:06.929136 31622 runtime_context.cpp:29] DecreaseCounter constructing_actor_cnt, current val is 112
I1012 14:19:06.929672 31622 naive_actor.cpp:25] actor 2199023255601 switch to &NaiveActor::HandlerNormal
I1012 14:19:06.929711 31622 thread.cpp:96] Thread 1048576 construct Actor kNormalForward 2199023255601
I1012 14:19:06.929765 31622 runtime_context.cpp:29] DecreaseCounter constructing_actor_cnt, current val is 111
I1012 14:19:06.930250 31622 naive_actor.cpp:25] actor 2199023255613 switch to &NaiveActor::HandlerNormal
I1012 14:19:06.930291 31622 thread.cpp:96] Thread 1048576 construct Actor kNormalForward 2199023255613
I1012 14:19:06.930335 31622 runtime_context.cpp:29] DecreaseCounter constructing_actor_cnt, current val is 110
I1012 14:19:06.930830 31622 naive_actor.cpp:25] actor 2199023255580 switch to &NaiveActor::HandlerNormal
I1012 14:19:06.930871 31622 thread.cpp:96] Thread 1048576 construct Actor kNormalForward 2199023255580
I1012 14:19:06.930914 31622 runtime_context.cpp:29] DecreaseCounter constructing_actor_cnt, current val is 109
I1012 14:19:06.931399 31622 naive_actor.cpp:25] actor 2199023255602 switch to &NaiveActor::HandlerNormal
I1012 14:19:06.931433 31622 thread.cpp:96] Thread 1048576 construct Actor kNormalForward 2199023255602
I1012 14:19:06.931476 31622 runtime_context.cpp:29] DecreaseCounter constructing_actor_cnt, current val is 108
I1012 14:19:06.932016 31622 naive_actor.cpp:25] actor 2199023255604 switch to &NaiveActor::HandlerNormal
I1012 14:19:06.932060 31622 thread.cpp:96] Thread 1048576 construct Actor kNormalForward 2199023255604
I1012 14:19:06.932114 31622 runtime_context.cpp:29] DecreaseCounter constructing_actor_cnt, current val is 107
I1012 14:19:06.932621 31622 naive_actor.cpp:25] actor 2199023255624 switch to &NaiveActor::HandlerNormal
I1012 14:19:06.932665 31622 thread.cpp:96] Thread 1048576 construct Actor kNormalForward 2199023255624
I1012 14:19:06.932710 31622 runtime_context.cpp:29] DecreaseCounter constructing_actor_cnt, current val is 106
I1012 14:19:06.933197 31622 naive_actor.cpp:25] actor 2199023255595 switch to &NaiveActor::HandlerNormal
I1012 14:19:06.933225 31622 thread.cpp:96] Thread 1048576 construct Actor kNormalForward 2199023255595
I1012 14:19:06.933305 31622 runtime_context.cpp:29] DecreaseCounter constructing_actor_cnt, current val is 105
I1012 14:19:06.933524 31622 naive_actor.cpp:25] actor 2199023255591 switch to &NaiveActor::HandlerNormal
I1012 14:19:06.933570 31622 thread.cpp:96] Thread 1048576 construct Actor kNormalForward 2199023255591
I1012 14:19:06.933611 31622 runtime_context.cpp:29] DecreaseCounter constructing_actor_cnt, current val is 104
I1012 14:19:06.934217 31622 naive_actor.cpp:25] actor 2199023255572 switch to &NaiveActor::HandlerNormal
I1012 14:19:06.934257 31622 thread.cpp:96] Thread 1048576 construct Actor kNormalForward 2199023255572
I1012 14:19:06.934302 31622 runtime_context.cpp:29] DecreaseCounter constructing_actor_cnt, current val is 103
I1012 14:19:06.934554 31622 naive_actor.cpp:25] actor 2199023255615 switch to &NaiveActor::HandlerNormal
I1012 14:19:06.934593 31622 thread.cpp:96] Thread 1048576 construct Actor kNormalForward 2199023255615
I1012 14:19:06.934634 31622 runtime_context.cpp:29] DecreaseCounter constructing_actor_cnt, current val is 102
I1012 14:19:06.934832 31622 naive_actor.cpp:25] actor 2199023255596 switch to &NaiveActor::HandlerNormal
I1012 14:19:06.934859 31622 thread.cpp:96] Thread 1048576 construct Actor kNormalForward 2199023255596
I1012 14:19:06.934896 31622 runtime_context.cpp:29] DecreaseCounter constructing_actor_cnt, current val is 101
I1012 14:19:06.935379 31622 naive_actor.cpp:25] actor 2199023255590 switch to &NaiveActor::HandlerNormal
I1012 14:19:06.935420 31622 thread.cpp:96] Thread 1048576 construct Actor kNormalForward 2199023255590
I1012 14:19:06.935472 31622 runtime_context.cpp:29] DecreaseCounter constructing_actor_cnt, current val is 100
I1012 14:19:06.936014 31622 naive_actor.cpp:25] actor 2199023255637 switch to &NaiveActor::HandlerNormal
I1012 14:19:06.936056 31622 thread.cpp:96] Thread 1048576 construct Actor kNormalForward 2199023255637
I1012 14:19:06.936103 31622 runtime_context.cpp:29] DecreaseCounter constructing_actor_cnt, current val is 99
I1012 14:19:06.936627 31622 naive_actor.cpp:25] actor 2199023255585 switch to &NaiveActor::HandlerNormal
I1012 14:19:06.936669 31622 thread.cpp:96] Thread 1048576 construct Actor kNormalForward 2199023255585
I1012 14:19:06.936722 31622 runtime_context.cpp:29] DecreaseCounter constructing_actor_cnt, current val is 98
I1012 14:19:06.937288 31622 naive_actor.cpp:25] actor 2199023255661 switch to &NaiveActor::HandlerNormal
I1012 14:19:06.937328 31622 thread.cpp:96] Thread 1048576 construct Actor kNormalForward 2199023255661
I1012 14:19:06.937376 31622 runtime_context.cpp:29] DecreaseCounter constructing_actor_cnt, current val is 97
I1012 14:19:06.937886 31622 naive_actor.cpp:25] actor 2199023255611 switch to &NaiveActor::HandlerNormal
I1012 14:19:06.937928 31622 thread.cpp:96] Thread 1048576 construct Actor kNormalForward 2199023255611
I1012 14:19:06.937980 31622 runtime_context.cpp:29] DecreaseCounter constructing_actor_cnt, current val is 96
I1012 14:19:06.938524 31622 naive_actor.cpp:25] actor 2199023255675 switch to &NaiveActor::HandlerNormal
I1012 14:19:06.938563 31622 thread.cpp:96] Thread 1048576 construct Actor kNormalForward 2199023255675
I1012 14:19:06.938609 31622 runtime_context.cpp:29] DecreaseCounter constructing_actor_cnt, current val is 95
I1012 14:19:06.939163 31622 naive_actor.cpp:25] actor 2199023255679 switch to &NaiveActor::HandlerNormal
I1012 14:19:06.939188 31622 thread.cpp:96] Thread 1048576 construct Actor kNormalForward 2199023255679
I1012 14:19:06.939255 31622 runtime_context.cpp:29] DecreaseCounter constructing_actor_cnt, current val is 94
I1012 14:19:06.939779 31622 naive_actor.cpp:25] actor 2199023255622 switch to &NaiveActor::HandlerNormal
I1012 14:19:06.939821 31622 thread.cpp:96] Thread 1048576 construct Actor kNormalForward 2199023255622
I1012 14:19:06.939864 31622 runtime_context.cpp:29] DecreaseCounter constructing_actor_cnt, current val is 93
I1012 14:19:06.940421 31622 naive_actor.cpp:25] actor 2199023255628 switch to &NaiveActor::HandlerNormal
I1012 14:19:06.940536 31622 thread.cpp:96] Thread 1048576 construct Actor kNormalForward 2199023255628
I1012 14:19:06.940599 31622 runtime_context.cpp:29] DecreaseCounter constructing_actor_cnt, current val is 92
I1012 14:19:06.941120 31622 naive_actor.cpp:25] actor 2199023255642 switch to &NaiveActor::HandlerNormal
I1012 14:19:06.941161 31622 thread.cpp:96] Thread 1048576 construct Actor kNormalForward 2199023255642
I1012 14:19:06.941205 31622 runtime_context.cpp:29] DecreaseCounter constructing_actor_cnt, current val is 91
I1012 14:19:06.941751 31622 naive_actor.cpp:25] actor 2199023255666 switch to &NaiveActor::HandlerNormal
I1012 14:19:06.941792 31622 thread.cpp:96] Thread 1048576 construct Actor kNormalForward 2199023255666
I1012 14:19:06.941836 31622 runtime_context.cpp:29] DecreaseCounter constructing_actor_cnt, current val is 90
I1012 14:19:06.942059 31622 naive_actor.cpp:25] actor 2199023255617 switch to &NaiveActor::HandlerNormal
I1012 14:19:06.942097 31622 thread.cpp:96] Thread 1048576 construct Actor kNormalForward 2199023255617
I1012 14:19:06.942137 31622 runtime_context.cpp:29] DecreaseCounter constructing_actor_cnt, current val is 89
I1012 14:19:06.942670 31622 naive_actor.cpp:25] actor 2199023255649 switch to &NaiveActor::HandlerNormal
I1012 14:19:06.942711 31622 thread.cpp:96] Thread 1048576 construct Actor kNormalForward 2199023255649
I1012 14:19:06.942756 31622 runtime_context.cpp:29] DecreaseCounter constructing_actor_cnt, current val is 88
I1012 14:19:06.943244 31622 naive_actor.cpp:25] actor 2199023255650 switch to &NaiveActor::HandlerNormal
I1012 14:19:06.943286 31622 thread.cpp:96] Thread 1048576 construct Actor kNormalForward 2199023255650
I1012 14:19:06.943331 31622 runtime_context.cpp:29] DecreaseCounter constructing_actor_cnt, current val is 87
I1012 14:19:06.943856 31622 naive_actor.cpp:25] actor 2199023255654 switch to &NaiveActor::HandlerNormal
I1012 14:19:06.943898 31622 thread.cpp:96] Thread 1048576 construct Actor kNormalForward 2199023255654
I1012 14:19:06.943941 31622 runtime_context.cpp:29] DecreaseCounter constructing_actor_cnt, current val is 86
I1012 14:19:06.944485 31622 naive_actor.cpp:25] actor 2199023255678 switch to &NaiveActor::HandlerNormal
I1012 14:19:06.944525 31622 thread.cpp:96] Thread 1048576 construct Actor kNormalForward 2199023255678
I1012 14:19:06.944569 31622 runtime_context.cpp:29] DecreaseCounter constructing_actor_cnt, current val is 85
I1012 14:19:06.945125 31622 naive_actor.cpp:25] actor 2199023255623 switch to &NaiveActor::HandlerNormal
I1012 14:19:06.945168 31622 thread.cpp:96] Thread 1048576 construct Actor kNormalForward 2199023255623
I1012 14:19:06.945211 31622 runtime_context.cpp:29] DecreaseCounter constructing_actor_cnt, current val is 84
I1012 14:19:06.945806 31622 naive_actor.cpp:25] actor 2199023255647 switch to &NaiveActor::HandlerNormal
I1012 14:19:06.945847 31622 thread.cpp:96] Thread 1048576 construct Actor kNormalForward 2199023255647
I1012 14:19:06.945894 31622 runtime_context.cpp:29] DecreaseCounter constructing_actor_cnt, current val is 83
I1012 14:19:06.946465 31622 naive_actor.cpp:25] actor 2199023255671 switch to &NaiveActor::HandlerNormal
I1012 14:19:06.946504 31622 thread.cpp:96] Thread 1048576 construct Actor kNormalForward 2199023255671
I1012 14:19:06.946549 31622 runtime_context.cpp:29] DecreaseCounter constructing_actor_cnt, current val is 82
I1012 14:19:06.947100 31622 naive_actor.cpp:25] actor 2199023255644 switch to &NaiveActor::HandlerNormal
I1012 14:19:06.947139 31622 thread.cpp:96] Thread 1048576 construct Actor kNormalForward 2199023255644
I1012 14:19:06.947185 31622 runtime_context.cpp:29] DecreaseCounter constructing_actor_cnt, current val is 81
I1012 14:19:06.947710 31622 naive_actor.cpp:25] actor 2199023255668 switch to &NaiveActor::HandlerNormal
I1012 14:19:06.947751 31622 thread.cpp:96] Thread 1048576 construct Actor kNormalForward 2199023255668
I1012 14:19:06.947794 31622 runtime_context.cpp:29] DecreaseCounter constructing_actor_cnt, current val is 80
I1012 14:19:06.948021 31622 naive_actor.cpp:25] actor 2199023255614 switch to &NaiveActor::HandlerNormal
I1012 14:19:06.948119 31622 thread.cpp:96] Thread 1048576 construct Actor kNormalForward 2199023255614
I1012 14:19:06.948165 31622 runtime_context.cpp:29] DecreaseCounter constructing_actor_cnt, current val is 79
I1012 14:19:06.948387 31622 naive_actor.cpp:25] actor 2199023255685 switch to &NaiveActor::HandlerNormal
I1012 14:19:06.948434 31622 thread.cpp:96] Thread 1048576 construct Actor kNormalForward 2199023255685
I1012 14:19:06.948475 31622 runtime_context.cpp:29] DecreaseCounter constructing_actor_cnt, current val is 78
I1012 14:19:06.949002 31622 naive_actor.cpp:25] actor 2199023255609 switch to &NaiveActor::HandlerNormal
I1012 14:19:06.949041 31622 thread.cpp:96] Thread 1048576 construct Actor kNormalForward 2199023255609
