I1012 14:19:06.949095 31622 runtime_context.cpp:29] DecreaseCounter constructing_actor_cnt, current val is 77
I1012 14:19:06.949708 31622 naive_actor.cpp:25] actor 2199023255633 switch to &NaiveActor::HandlerNormal
I1012 14:19:06.949748 31622 thread.cpp:96] Thread 1048576 construct Actor kNormalForward 2199023255633
I1012 14:19:06.949795 31622 runtime_context.cpp:29] DecreaseCounter constructing_actor_cnt, current val is 76
I1012 14:19:06.950012 31622 naive_actor.cpp:25] actor 2199023255699 switch to &NaiveActor::HandlerNormal
I1012 14:19:06.950050 31622 thread.cpp:96] Thread 1048576 construct Actor kNormalForward 2199023255699
I1012 14:19:06.950089 31622 runtime_context.cpp:29] DecreaseCounter constructing_actor_cnt, current val is 75
I1012 14:19:06.950296 31622 naive_actor.cpp:25] actor 2199023255703 switch to &NaiveActor::HandlerNormal
I1012 14:19:06.950333 31622 thread.cpp:96] Thread 1048576 construct Actor kNormalForward 2199023255703
I1012 14:19:06.950372 31622 runtime_context.cpp:29] DecreaseCounter constructing_actor_cnt, current val is 74
I1012 14:19:06.950887 31622 naive_actor.cpp:25] actor 2199023255646 switch to &NaiveActor::HandlerNormal
I1012 14:19:06.950927 31622 thread.cpp:96] Thread 1048576 construct Actor kNormalForward 2199023255646
I1012 14:19:06.950980 31622 runtime_context.cpp:29] DecreaseCounter constructing_actor_cnt, current val is 73
I1012 14:19:06.951542 31622 naive_actor.cpp:25] actor 2199023255652 switch to &NaiveActor::HandlerNormal
I1012 14:19:06.951581 31622 thread.cpp:96] Thread 1048576 construct Actor kNormalForward 2199023255652
I1012 14:19:06.951625 31622 runtime_context.cpp:29] DecreaseCounter constructing_actor_cnt, current val is 72
I1012 14:19:06.952167 31622 naive_actor.cpp:25] actor 2199023255640 switch to &NaiveActor::HandlerNormal
I1012 14:19:06.952196 31622 thread.cpp:96] Thread 1048576 construct Actor kNormalForward 2199023255640
I1012 14:19:06.952239 31622 runtime_context.cpp:29] DecreaseCounter constructing_actor_cnt, current val is 71
I1012 14:19:06.952792 31622 naive_actor.cpp:25] actor 2199023255656 switch to &NaiveActor::HandlerNormal
I1012 14:19:06.952826 31622 thread.cpp:96] Thread 1048576 construct Actor kNormalForward 2199023255656
I1012 14:19:06.952869 31622 runtime_context.cpp:29] DecreaseCounter constructing_actor_cnt, current val is 70
I1012 14:19:06.953352 31622 naive_actor.cpp:25] actor 2199023255638 switch to &NaiveActor::HandlerNormal
I1012 14:19:06.953392 31622 thread.cpp:96] Thread 1048576 construct Actor kNormalForward 2199023255638
I1012 14:19:06.953444 31622 runtime_context.cpp:29] DecreaseCounter constructing_actor_cnt, current val is 69
I1012 14:19:06.954044 31622 naive_actor.cpp:25] actor 2199023255629 switch to &NaiveActor::HandlerNormal
I1012 14:19:06.954087 31622 thread.cpp:96] Thread 1048576 construct Actor kNormalForward 2199023255629
I1012 14:19:06.954133 31622 runtime_context.cpp:29] DecreaseCounter constructing_actor_cnt, current val is 68
I1012 14:19:06.954679 31622 naive_actor.cpp:25] actor 2199023255673 switch to &NaiveActor::HandlerNormal
I1012 14:19:06.954718 31622 thread.cpp:96] Thread 1048576 construct Actor kNormalForward 2199023255673
I1012 14:19:06.954772 31622 runtime_context.cpp:29] DecreaseCounter constructing_actor_cnt, current val is 67
I1012 14:19:06.955327 31622 naive_actor.cpp:25] actor 2199023255674 switch to &NaiveActor::HandlerNormal
I1012 14:19:06.955399 31622 thread.cpp:96] Thread 1048576 construct Actor kNormalForward 2199023255674
I1012 14:19:06.955464 31622 runtime_context.cpp:29] DecreaseCounter constructing_actor_cnt, current val is 66
I1012 14:19:06.956068 31622 naive_actor.cpp:25] actor 2199023255639 switch to &NaiveActor::HandlerNormal
I1012 14:19:06.956108 31622 thread.cpp:96] Thread 1048576 construct Actor kNormalForward 2199023255639
I1012 14:19:06.956156 31622 runtime_context.cpp:29] DecreaseCounter constructing_actor_cnt, current val is 65
I1012 14:19:06.956658 31622 naive_actor.cpp:25] actor 2199023255663 switch to &NaiveActor::HandlerNormal
I1012 14:19:06.956696 31622 thread.cpp:96] Thread 1048576 construct Actor kNormalForward 2199023255663
I1012 14:19:06.956748 31622 runtime_context.cpp:29] DecreaseCounter constructing_actor_cnt, current val is 64
I1012 14:19:06.957322 31622 naive_actor.cpp:25] actor 2199023255648 switch to &NaiveActor::HandlerNormal
I1012 14:19:06.957355 31622 thread.cpp:96] Thread 1048576 construct Actor kNormalForward 2199023255648
I1012 14:19:06.957398 31622 runtime_context.cpp:29] DecreaseCounter constructing_actor_cnt, current val is 63
I1012 14:19:06.957614 31622 naive_actor.cpp:25] actor 2199023255695 switch to &NaiveActor::HandlerNormal
I1012 14:19:06.957652 31622 thread.cpp:96] Thread 1048576 construct Actor kNormalForward 2199023255695
I1012 14:19:06.957702 31622 runtime_context.cpp:29] DecreaseCounter constructing_actor_cnt, current val is 62
I1012 14:19:06.958314 31622 naive_actor.cpp:25] actor 2199023255692 switch to &NaiveActor::HandlerNormal
I1012 14:19:06.958354 31622 thread.cpp:96] Thread 1048576 construct Actor kNormalForward 2199023255692
I1012 14:19:06.958410 31622 runtime_context.cpp:29] DecreaseCounter constructing_actor_cnt, current val is 61
I1012 14:19:06.958910 31622 naive_actor.cpp:25] actor 2199023255634 switch to &NaiveActor::HandlerNormal
I1012 14:19:06.958950 31622 thread.cpp:96] Thread 1048576 construct Actor kNormalForward 2199023255634
I1012 14:19:06.959004 31622 runtime_context.cpp:29] DecreaseCounter constructing_actor_cnt, current val is 60
I1012 14:19:06.959213 31622 naive_actor.cpp:25] actor 2199023255709 switch to &NaiveActor::HandlerNormal
I1012 14:19:06.959250 31622 thread.cpp:96] Thread 1048576 construct Actor kNormalForward 2199023255709
I1012 14:19:06.959298 31622 runtime_context.cpp:29] DecreaseCounter constructing_actor_cnt, current val is 59
I1012 14:19:06.959833 31622 naive_actor.cpp:25] actor 2199023255657 switch to &NaiveActor::HandlerNormal
I1012 14:19:06.959874 31622 thread.cpp:96] Thread 1048576 construct Actor kNormalForward 2199023255657
I1012 14:19:06.959929 31622 runtime_context.cpp:29] DecreaseCounter constructing_actor_cnt, current val is 58
I1012 14:19:06.960462 31622 naive_actor.cpp:25] actor 2199023255676 switch to &NaiveActor::HandlerNormal
I1012 14:19:06.960500 31622 thread.cpp:96] Thread 1048576 construct Actor kNormalForward 2199023255676
I1012 14:19:06.960544 31622 runtime_context.cpp:29] DecreaseCounter constructing_actor_cnt, current val is 57
I1012 14:19:06.961161 31622 naive_actor.cpp:25] actor 2199023255664 switch to &NaiveActor::HandlerNormal
I1012 14:19:06.961201 31622 thread.cpp:96] Thread 1048576 construct Actor kNormalForward 2199023255664
I1012 14:19:06.961247 31622 runtime_context.cpp:29] DecreaseCounter constructing_actor_cnt, current val is 56
I1012 14:19:06.961874 31622 naive_actor.cpp:25] actor 2199023255690 switch to &NaiveActor::HandlerNormal
I1012 14:19:06.961915 31622 thread.cpp:96] Thread 1048576 construct Actor kNormalForward 2199023255690
I1012 14:19:06.961971 31622 runtime_context.cpp:29] DecreaseCounter constructing_actor_cnt, current val is 55
I1012 14:19:06.962533 31622 naive_actor.cpp:25] actor 2199023255680 switch to &NaiveActor::HandlerNormal
I1012 14:19:06.962572 31622 thread.cpp:96] Thread 1048576 construct Actor kNormalForward 2199023255680
I1012 14:19:06.962626 31622 runtime_context.cpp:29] DecreaseCounter constructing_actor_cnt, current val is 54
I1012 14:19:06.963277 31622 naive_actor.cpp:25] actor 2199023255641 switch to &NaiveActor::HandlerNormal
I1012 14:19:06.963321 31622 thread.cpp:96] Thread 1048576 construct Actor kNormalForward 2199023255641
I1012 14:19:06.963376 31622 runtime_context.cpp:29] DecreaseCounter constructing_actor_cnt, current val is 53
I1012 14:19:06.963989 31622 naive_actor.cpp:25] actor 2199023255653 switch to &NaiveActor::HandlerNormal
I1012 14:19:06.964028 31622 thread.cpp:96] Thread 1048576 construct Actor kNormalForward 2199023255653
I1012 14:19:06.964073 31622 runtime_context.cpp:29] DecreaseCounter constructing_actor_cnt, current val is 52
I1012 14:19:06.964282 31622 naive_actor.cpp:25] actor 2199023255697 switch to &NaiveActor::HandlerNormal
I1012 14:19:06.964319 31622 thread.cpp:96] Thread 1048576 construct Actor kNormalForward 2199023255697
I1012 14:19:06.964359 31622 runtime_context.cpp:29] DecreaseCounter constructing_actor_cnt, current val is 51
I1012 14:19:06.964944 31622 naive_actor.cpp:25] actor 2199023255698 switch to &NaiveActor::HandlerNormal
I1012 14:19:06.964985 31622 thread.cpp:96] Thread 1048576 construct Actor kNormalForward 2199023255698
I1012 14:19:06.965040 31622 runtime_context.cpp:29] DecreaseCounter constructing_actor_cnt, current val is 50
I1012 14:19:06.965654 31622 naive_actor.cpp:25] actor 2199023255702 switch to &NaiveActor::HandlerNormal
I1012 14:19:06.965695 31622 thread.cpp:96] Thread 1048576 construct Actor kNormalForward 2199023255702
I1012 14:19:06.965750 31622 runtime_context.cpp:29] DecreaseCounter constructing_actor_cnt, current val is 49
I1012 14:19:06.965965 31622 naive_actor.cpp:25] actor 2199023255687 switch to &NaiveActor::HandlerNormal
I1012 14:19:06.965991 31622 thread.cpp:96] Thread 1048576 construct Actor kNormalForward 2199023255687
I1012 14:19:06.966029 31622 runtime_context.cpp:29] DecreaseCounter constructing_actor_cnt, current val is 48
I1012 14:19:06.966540 31622 naive_actor.cpp:25] actor 2199023255672 switch to &NaiveActor::HandlerNormal
I1012 14:19:06.966579 31622 thread.cpp:96] Thread 1048576 construct Actor kNormalForward 2199023255672
I1012 14:19:06.966625 31622 runtime_context.cpp:29] DecreaseCounter constructing_actor_cnt, current val is 47
I1012 14:19:06.967193 31622 naive_actor.cpp:25] actor 2199023255619 switch to &NaiveActor::HandlerNormal
I1012 14:19:06.967233 31622 thread.cpp:96] Thread 1048576 construct Actor kNormalForward 2199023255619
I1012 14:19:06.967278 31622 runtime_context.cpp:29] DecreaseCounter constructing_actor_cnt, current val is 46
I1012 14:19:06.967882 31622 naive_actor.cpp:25] actor 2199023255696 switch to &NaiveActor::HandlerNormal
I1012 14:19:06.967923 31622 thread.cpp:96] Thread 1048576 construct Actor kNormalForward 2199023255696
I1012 14:19:06.967970 31622 runtime_context.cpp:29] DecreaseCounter constructing_actor_cnt, current val is 45
I1012 14:19:06.968187 31622 naive_actor.cpp:25] actor 2199023255719 switch to &NaiveActor::HandlerNormal
I1012 14:19:06.968225 31622 thread.cpp:96] Thread 1048576 construct Actor kNormalForward 2199023255719
I1012 14:19:06.968271 31622 runtime_context.cpp:29] DecreaseCounter constructing_actor_cnt, current val is 44
I1012 14:19:06.968797 31622 naive_actor.cpp:25] actor 2199023255621 switch to &NaiveActor::HandlerNormal
I1012 14:19:06.968833 31622 thread.cpp:96] Thread 1048576 construct Actor kNormalForward 2199023255621
I1012 14:19:06.968876 31622 runtime_context.cpp:29] DecreaseCounter constructing_actor_cnt, current val is 43
I1012 14:19:06.969379 31622 naive_actor.cpp:25] actor 2199023255645 switch to &NaiveActor::HandlerNormal
I1012 14:19:06.969434 31622 thread.cpp:96] Thread 1048576 construct Actor kNormalForward 2199023255645
I1012 14:19:06.969481 31622 runtime_context.cpp:29] DecreaseCounter constructing_actor_cnt, current val is 42
I1012 14:19:06.970052 31622 naive_actor.cpp:25] actor 2199023255716 switch to &NaiveActor::HandlerNormal
I1012 14:19:06.970091 31622 thread.cpp:96] Thread 1048576 construct Actor kNormalForward 2199023255716
I1012 14:19:06.970137 31622 runtime_context.cpp:29] DecreaseCounter constructing_actor_cnt, current val is 41
I1012 14:19:06.970711 31622 naive_actor.cpp:25] actor 2199023255669 switch to &NaiveActor::HandlerNormal
I1012 14:19:06.970775 31622 thread.cpp:96] Thread 1048576 construct Actor kNormalForward 2199023255669
I1012 14:19:06.970832 31622 runtime_context.cpp:29] DecreaseCounter constructing_actor_cnt, current val is 40
I1012 14:19:06.971297 31622 naive_actor.cpp:25] actor 2199023255658 switch to &NaiveActor::HandlerNormal
I1012 14:19:06.971338 31622 thread.cpp:96] Thread 1048576 construct Actor kNormalForward 2199023255658
I1012 14:19:06.971380 31622 runtime_context.cpp:29] DecreaseCounter constructing_actor_cnt, current val is 39
I1012 14:19:06.971943 31622 naive_actor.cpp:25] actor 2199023255636 switch to &NaiveActor::HandlerNormal
I1012 14:19:06.971983 31622 thread.cpp:96] Thread 1048576 construct Actor kNormalForward 2199023255636
I1012 14:19:06.972029 31622 runtime_context.cpp:29] DecreaseCounter constructing_actor_cnt, current val is 38
I1012 14:19:06.972606 31622 naive_actor.cpp:25] actor 2199023255670 switch to &NaiveActor::HandlerNormal
I1012 14:19:06.972648 31622 thread.cpp:96] Thread 1048576 construct Actor kNormalForward 2199023255670
I1012 14:19:06.972692 31622 runtime_context.cpp:29] DecreaseCounter constructing_actor_cnt, current val is 37
I1012 14:19:06.973291 31622 naive_actor.cpp:25] actor 2199023255700 switch to &NaiveActor::HandlerNormal
I1012 14:19:06.973332 31622 thread.cpp:96] Thread 1048576 construct Actor kNormalForward 2199023255700
I1012 14:19:06.973377 31622 runtime_context.cpp:29] DecreaseCounter constructing_actor_cnt, current val is 36
I1012 14:19:06.973980 31622 naive_actor.cpp:25] actor 2199023255688 switch to &NaiveActor::HandlerNormal
I1012 14:19:06.974021 31622 thread.cpp:96] Thread 1048576 construct Actor kNormalForward 2199023255688
I1012 14:19:06.974077 31622 runtime_context.cpp:29] DecreaseCounter constructing_actor_cnt, current val is 35
I1012 14:19:06.974742 31622 naive_actor.cpp:25] actor 2199023255714 switch to &NaiveActor::HandlerNormal
I1012 14:19:06.974782 31622 thread.cpp:96] Thread 1048576 construct Actor kNormalForward 2199023255714
I1012 14:19:06.974838 31622 runtime_context.cpp:29] DecreaseCounter constructing_actor_cnt, current val is 34
I1012 14:19:06.975495 31622 naive_actor.cpp:25] actor 2199023255704 switch to &NaiveActor::HandlerNormal
I1012 14:19:06.975534 31622 thread.cpp:96] Thread 1048576 construct Actor kNormalForward 2199023255704
I1012 14:19:06.975579 31622 runtime_context.cpp:29] DecreaseCounter constructing_actor_cnt, current val is 33
I1012 14:19:06.976101 31622 naive_actor.cpp:25] actor 2199023255665 switch to &NaiveActor::HandlerNormal
I1012 14:19:06.976125 31622 thread.cpp:96] Thread 1048576 construct Actor kNormalForward 2199023255665
I1012 14:19:06.976179 31622 runtime_context.cpp:29] DecreaseCounter constructing_actor_cnt, current val is 32
I1012 14:19:06.976814 31622 naive_actor.cpp:25] actor 2199023255662 switch to &NaiveActor::HandlerNormal
I1012 14:19:06.976855 31622 thread.cpp:96] Thread 1048576 construct Actor kNormalForward 2199023255662
I1012 14:19:06.976902 31622 runtime_context.cpp:29] DecreaseCounter constructing_actor_cnt, current val is 31
I1012 14:19:06.977480 31622 naive_actor.cpp:25] actor 2199023255677 switch to &NaiveActor::HandlerNormal
I1012 14:19:06.977520 31622 thread.cpp:96] Thread 1048576 construct Actor kNormalForward 2199023255677
I1012 14:19:06.977564 31622 runtime_context.cpp:29] DecreaseCounter constructing_actor_cnt, current val is 30
I1012 14:19:06.977771 31622 naive_actor.cpp:25] actor 2199023255701 switch to &NaiveActor::HandlerNormal
I1012 14:19:06.977807 31622 thread.cpp:96] Thread 1048576 construct Actor kNormalForward 2199023255701
I1012 14:19:06.977846 31622 runtime_context.cpp:29] DecreaseCounter constructing_actor_cnt, current val is 29
I1012 14:19:06.978453 31622 naive_actor.cpp:25] actor 2199023255686 switch to &NaiveActor::HandlerNormal
I1012 14:19:06.978493 31622 thread.cpp:96] Thread 1048576 construct Actor kNormalForward 2199023255686
I1012 14:19:06.978539 31622 runtime_context.cpp:29] DecreaseCounter constructing_actor_cnt, current val is 28
I1012 14:19:06.979223 31622 naive_actor.cpp:25] actor 2199023255635 switch to &NaiveActor::HandlerNormal
I1012 14:19:06.979264 31622 thread.cpp:96] Thread 1048576 construct Actor kNormalForward 2199023255635
I1012 14:19:06.979321 31622 runtime_context.cpp:29] DecreaseCounter constructing_actor_cnt, current val is 27
I1012 14:19:06.979540 31622 naive_actor.cpp:25] actor 2199023255722 switch to &NaiveActor::HandlerNormal
I1012 14:19:06.979578 31622 thread.cpp:96] Thread 1048576 construct Actor kNormalForward 2199023255722
I1012 14:19:06.979615 31622 runtime_context.cpp:29] DecreaseCounter constructing_actor_cnt, current val is 26
I1012 14:19:06.979823 31622 naive_actor.cpp:25] actor 2199023255711 switch to &NaiveActor::HandlerNormal
I1012 14:19:06.979861 31622 thread.cpp:96] Thread 1048576 construct Actor kNormalForward 2199023255711
I1012 14:19:06.979899 31622 runtime_context.cpp:29] DecreaseCounter constructing_actor_cnt, current val is 25
I1012 14:19:06.980504 31622 naive_actor.cpp:25] actor 2199023255643 switch to &NaiveActor::HandlerNormal
I1012 14:19:06.980542 31622 thread.cpp:96] Thread 1048576 construct Actor kNormalForward 2199023255643
I1012 14:19:06.980597 31622 runtime_context.cpp:29] DecreaseCounter constructing_actor_cnt, current val is 24
I1012 14:19:06.980831 31622 naive_actor.cpp:25] actor 2199023255720 switch to &NaiveActor::HandlerNormal
I1012 14:19:06.980868 31622 thread.cpp:96] Thread 1048576 construct Actor kNormalForward 2199023255720
I1012 14:19:06.980916 31622 runtime_context.cpp:29] DecreaseCounter constructing_actor_cnt, current val is 23
I1012 14:19:06.981449 31622 naive_actor.cpp:25] actor 2199023255667 switch to &NaiveActor::HandlerNormal
I1012 14:19:06.981488 31622 thread.cpp:96] Thread 1048576 construct Actor kNormalForward 2199023255667
I1012 14:19:06.981531 31622 runtime_context.cpp:29] DecreaseCounter constructing_actor_cnt, current val is 22
I1012 14:19:06.981739 31622 naive_actor.cpp:25] actor 2199023255693 switch to &NaiveActor::HandlerNormal
I1012 14:19:06.981775 31622 thread.cpp:96] Thread 1048576 construct Actor kNormalForward 2199023255693
I1012 14:19:06.981814 31622 runtime_context.cpp:29] DecreaseCounter constructing_actor_cnt, current val is 21
I1012 14:19:06.982360 31622 naive_actor.cpp:25] actor 2199023255682 switch to &NaiveActor::HandlerNormal
I1012 14:19:06.982384 31622 thread.cpp:96] Thread 1048576 construct Actor kNormalForward 2199023255682
I1012 14:19:06.982434 31622 runtime_context.cpp:29] DecreaseCounter constructing_actor_cnt, current val is 20
I1012 14:19:06.982968 31622 naive_actor.cpp:25] actor 2199023255681 switch to &NaiveActor::HandlerNormal
I1012 14:19:06.983008 31622 thread.cpp:96] Thread 1048576 construct Actor kNormalForward 2199023255681
I1012 14:19:06.983062 31622 runtime_context.cpp:29] DecreaseCounter constructing_actor_cnt, current val is 19
I1012 14:19:06.983275 31622 naive_actor.cpp:25] actor 2199023255705 switch to &NaiveActor::HandlerNormal
I1012 14:19:06.983319 31622 thread.cpp:96] Thread 1048576 construct Actor kNormalForward 2199023255705
I1012 14:19:06.983358 31622 runtime_context.cpp:29] DecreaseCounter constructing_actor_cnt, current val is 18
I1012 14:19:06.983947 31622 naive_actor.cpp:25] actor 2199023255712 switch to &NaiveActor::HandlerNormal
I1012 14:19:06.983970 31622 thread.cpp:96] Thread 1048576 construct Actor kNormalForward 2199023255712
I1012 14:19:06.984014 31622 runtime_context.cpp:29] DecreaseCounter constructing_actor_cnt, current val is 17
I1012 14:19:06.984234 31622 naive_actor.cpp:25] actor 2199023255689 switch to &NaiveActor::HandlerNormal
I1012 14:19:06.984264 31622 thread.cpp:96] Thread 1048576 construct Actor kNormalForward 2199023255689
I1012 14:19:06.984315 31622 runtime_context.cpp:29] DecreaseCounter constructing_actor_cnt, current val is 16
I1012 14:19:06.984563 31622 naive_actor.cpp:25] actor 2199023255721 switch to &NaiveActor::HandlerNormal
I1012 14:19:06.984597 31622 thread.cpp:96] Thread 1048576 construct Actor kNormalForward 2199023255721
I1012 14:19:06.984673 31622 runtime_context.cpp:29] DecreaseCounter constructing_actor_cnt, current val is 15
I1012 14:19:06.985333 31622 naive_actor.cpp:25] actor 2199023255710 switch to &NaiveActor::HandlerNormal
I1012 14:19:06.985373 31622 thread.cpp:96] Thread 1048576 construct Actor kNormalForward 2199023255710
I1012 14:19:06.985436 31622 runtime_context.cpp:29] DecreaseCounter constructing_actor_cnt, current val is 14
I1012 14:19:06.986022 31622 naive_actor.cpp:25] actor 2199023255659 switch to &NaiveActor::HandlerNormal
I1012 14:19:06.986063 31622 thread.cpp:96] Thread 1048576 construct Actor kNormalForward 2199023255659
I1012 14:19:06.986119 31622 runtime_context.cpp:29] DecreaseCounter constructing_actor_cnt, current val is 13
I1012 14:19:06.986332 31622 naive_actor.cpp:25] actor 2199023255723 switch to &NaiveActor::HandlerNormal
I1012 14:19:06.986369 31622 thread.cpp:96] Thread 1048576 construct Actor kDeviceTick 2199023255723
I1012 14:19:06.986407 31622 runtime_context.cpp:29] DecreaseCounter constructing_actor_cnt, current val is 12
I1012 14:19:06.986637 31622 naive_actor.cpp:25] actor 2199023255683 switch to &NaiveActor::HandlerNormal
I1012 14:19:06.986675 31622 thread.cpp:96] Thread 1048576 construct Actor kNormalForward 2199023255683
I1012 14:19:06.986724 31622 runtime_context.cpp:29] DecreaseCounter constructing_actor_cnt, current val is 11
I1012 14:19:06.986922 31622 naive_actor.cpp:25] actor 2199023255707 switch to &NaiveActor::HandlerNormal
I1012 14:19:06.986958 31622 thread.cpp:96] Thread 1048576 construct Actor kNormalForward 2199023255707
I1012 14:19:06.987005 31622 runtime_context.cpp:29] DecreaseCounter constructing_actor_cnt, current val is 10
I1012 14:19:06.987200 31622 naive_actor.cpp:25] actor 2199023255691 switch to &NaiveActor::HandlerNormal
I1012 14:19:06.987232 31622 thread.cpp:96] Thread 1048576 construct Actor kNormalForward 2199023255691
I1012 14:19:06.987272 31622 runtime_context.cpp:29] DecreaseCounter constructing_actor_cnt, current val is 9
I1012 14:19:06.987473 31622 naive_actor.cpp:25] actor 2199023255717 switch to &NaiveActor::HandlerNormal
I1012 14:19:06.987510 31622 thread.cpp:96] Thread 1048576 construct Actor kNormalForward 2199023255717
I1012 14:19:06.987560 31622 runtime_context.cpp:29] DecreaseCounter constructing_actor_cnt, current val is 8
I1012 14:19:06.987754 31622 naive_actor.cpp:25] actor 2199023255715 switch to &NaiveActor::HandlerNormal
I1012 14:19:06.987790 31622 thread.cpp:96] Thread 1048576 construct Actor kNormalForward 2199023255715
I1012 14:19:06.987838 31622 runtime_context.cpp:29] DecreaseCounter constructing_actor_cnt, current val is 7
I1012 14:19:06.988487 31622 naive_actor.cpp:25] actor 2199023255694 switch to &NaiveActor::HandlerNormal
I1012 14:19:06.988525 31622 thread.cpp:96] Thread 1048576 construct Actor kNormalForward 2199023255694
I1012 14:19:06.988605 31622 runtime_context.cpp:29] DecreaseCounter constructing_actor_cnt, current val is 6
I1012 14:19:06.988804 31622 naive_actor.cpp:25] actor 2199023255713 switch to &NaiveActor::HandlerNormal
I1012 14:19:06.988842 31622 thread.cpp:96] Thread 1048576 construct Actor kNormalForward 2199023255713
I1012 14:19:06.988881 31622 runtime_context.cpp:29] DecreaseCounter constructing_actor_cnt, current val is 5
I1012 14:19:06.989477 31622 naive_actor.cpp:25] actor 2199023255718 switch to &NaiveActor::HandlerNormal
I1012 14:19:06.989518 31622 thread.cpp:96] Thread 1048576 construct Actor kNormalForward 2199023255718
I1012 14:19:06.989562 31622 runtime_context.cpp:29] DecreaseCounter constructing_actor_cnt, current val is 4
I1012 14:19:06.990159 31622 naive_actor.cpp:25] actor 2199023255706 switch to &NaiveActor::HandlerNormal
I1012 14:19:06.990200 31622 thread.cpp:96] Thread 1048576 construct Actor kNormalForward 2199023255706
I1012 14:19:06.990253 31622 runtime_context.cpp:29] DecreaseCounter constructing_actor_cnt, current val is 3
I1012 14:19:06.990782 31622 naive_actor.cpp:25] actor 2199023255660 switch to &NaiveActor::HandlerNormal
I1012 14:19:06.990821 31622 thread.cpp:96] Thread 1048576 construct Actor kNormalForward 2199023255660
I1012 14:19:06.990904 31622 runtime_context.cpp:29] DecreaseCounter constructing_actor_cnt, current val is 2
I1012 14:19:06.991587 31622 naive_actor.cpp:25] actor 2199023255684 switch to &NaiveActor::HandlerNormal
I1012 14:19:06.991621 31622 thread.cpp:96] Thread 1048576 construct Actor kNormalForward 2199023255684
I1012 14:19:06.991664 31622 runtime_context.cpp:29] DecreaseCounter constructing_actor_cnt, current val is 1
I1012 14:19:06.992228 31622 naive_actor.cpp:25] actor 2199023255708 switch to &NaiveActor::HandlerNormal
I1012 14:19:06.992273 31622 thread.cpp:96] Thread 1048576 construct Actor kNormalForward 2199023255708
I1012 14:19:06.992324 31622 runtime_context.cpp:29] DecreaseCounter constructing_actor_cnt, current val is 0
I1012 14:19:06.993932 31072 runtime.cpp:93] Actors on this machine constructed
I1012 14:19:07.001236 31072 runtime.cpp:95] Actors on every machine constructed
I1012 14:19:07.001272 31072 runtime_context.cpp:21] NewCounter job_0_running_actor_count 216
I1012 14:19:07.001304 31072 global.h:43] DeleteGlobal N7oneflow7JobDescE
I1012 14:19:07.001312 31629 wait_and_send_ids_actor.cpp:73] actor 1099520016384 switch to &WaitAndSendIdsActor::HandlerNormal
I1012 14:21:14.773416 31629 actor.cpp:411] actor 1099520016384 switch to &Actor::HandlerZombie
I1012 14:21:14.773509 31625 actor.cpp:408] actor 1099517919236 switch to nullptr
I1012 14:21:14.773694 31625 thread.cpp:76] thread 524291 deconstruct actor 1099517919236
I1012 14:21:14.773712 31629 thread.cpp:76] thread 524292 deconstruct actor 1099520016384
I1012 14:21:14.773957 31625 runtime_context.cpp:29] DecreaseCounter job_0_running_actor_count, current val is 215
I1012 14:21:14.774005 31629 runtime_context.cpp:29] DecreaseCounter job_0_running_actor_count, current val is 214
I1012 14:21:14.774008 31625 actor.cpp:408] actor 1099517919234 switch to nullptr
I1012 14:21:14.774087 31625 thread.cpp:76] thread 524291 deconstruct actor 1099517919234
I1012 14:21:14.774300 31625 runtime_context.cpp:29] DecreaseCounter job_0_running_actor_count, current val is 213
I1012 14:21:14.774317 31622 actor.cpp:408] actor 2199023255723 switch to nullptr
I1012 14:21:14.774333 31625 actor.cpp:411] actor 1099517919237 switch to &Actor::HandlerZombie
I1012 14:21:14.774598 31622 thread.cpp:76] thread 1048576 deconstruct actor 2199023255723
I1012 14:21:14.774634 31625 actor.cpp:408] actor 1099517919232 switch to nullptr
I1012 14:21:14.774669 31625 thread.cpp:76] thread 524291 deconstruct actor 1099517919232
I1012 14:21:14.774757 31623 actor.cpp:408] actor 1099513724930 switch to nullptr
I1012 14:21:14.774838 31625 runtime_context.cpp:29] DecreaseCounter job_0_running_actor_count, current val is 212
I1012 14:21:14.774978 31623 thread.cpp:76] thread 524289 deconstruct actor 1099513724930
I1012 14:21:14.774870 31624 actor.cpp:411] actor 1099511627780 switch to &Actor::HandlerZombie
I1012 14:21:14.774993 31622 runtime_context.cpp:29] DecreaseCounter job_0_running_actor_count, current val is 211
I1012 14:21:14.774998 31625 actor.cpp:408] actor 1099517919233 switch to nullptr
I1012 14:21:14.775084 31624 actor.cpp:408] actor 1099511627779 switch to nullptr
I1012 14:21:14.775125 31625 thread.cpp:76] thread 524291 deconstruct actor 1099517919233
I1012 14:21:14.775135 31622 actor.cpp:411] actor 2199023255615 switch to &Actor::HandlerZombie
I1012 14:21:14.775151 31624 thread.cpp:76] thread 524288 deconstruct actor 1099511627779
I1012 14:21:14.775230 31623 runtime_context.cpp:29] DecreaseCounter job_0_running_actor_count, current val is 210
I1012 14:21:14.775219 31622 actor.cpp:411] actor 2199023255616 switch to &Actor::HandlerZombie
I1012 14:21:14.775277 31625 runtime_context.cpp:29] DecreaseCounter job_0_running_actor_count, current val is 209
I1012 14:21:14.775311 31622 actor.cpp:411] actor 2199023255614 switch to &Actor::HandlerZombie
I1012 14:21:14.775315 31625 actor.cpp:408] actor 1099517919238 switch to nullptr
I1012 14:21:14.775332 31623 actor.cpp:408] actor 1099513724932 switch to nullptr
I1012 14:21:14.775401 31622 actor.cpp:408] actor 2199023255713 switch to nullptr
I1012 14:21:14.775439 31631 actor.cpp:408] actor 2199025352705 switch to nullptr
I1012 14:21:14.775492 31625 thread.cpp:76] thread 524291 deconstruct actor 1099517919238
I1012 14:21:14.775513 31623 thread.cpp:76] thread 524289 deconstruct actor 1099513724932
I1012 14:21:14.775418 31624 runtime_context.cpp:29] DecreaseCounter job_0_running_actor_count, current val is 208
I1012 14:21:14.775606 31622 thread.cpp:76] thread 1048576 deconstruct actor 2199023255713
I1012 14:21:14.775662 31631 thread.cpp:76] thread 1048577 deconstruct actor 2199025352705
I1012 14:21:14.775830 31624 actor.cpp:408] actor 1099511627776 switch to nullptr
I1012 14:21:14.775880 31624 thread.cpp:76] thread 524288 deconstruct actor 1099511627776
I1012 14:21:14.775895 31625 runtime_context.cpp:29] DecreaseCounter job_0_running_actor_count, current val is 207
I1012 14:21:14.775928 31631 runtime_context.cpp:29] DecreaseCounter job_0_running_actor_count, current val is 205
I1012 14:21:14.775951 31625 actor.cpp:408] actor 1099517919235 switch to nullptr
I1012 14:21:14.775918 31623 runtime_context.cpp:29] DecreaseCounter job_0_running_actor_count, current val is 206
I1012 14:21:14.775995 31622 runtime_context.cpp:29] DecreaseCounter job_0_running_actor_count, current val is 204
I1012 14:21:14.776017 31623 actor.cpp:408] actor 1099513724931 switch to nullptr
I1012 14:21:14.776046 31622 actor.cpp:408] actor 2199023255715 switch to nullptr
I1012 14:21:14.776055 31623 thread.cpp:76] thread 524289 deconstruct actor 1099513724931
I1012 14:21:14.775977 31625 thread.cpp:76] thread 524291 deconstruct actor 1099517919235
I1012 14:21:14.776070 31622 thread.cpp:76] thread 1048576 deconstruct actor 2199023255715
I1012 14:21:14.776268 31625 runtime_context.cpp:29] DecreaseCounter job_0_running_actor_count, current val is 203
I1012 14:21:14.776279 31623 runtime_context.cpp:29] DecreaseCounter job_0_running_actor_count, current val is 202
I1012 14:21:14.776338 31625 actor.cpp:408] actor 1099517919239 switch to nullptr
I1012 14:21:14.776357 31623 actor.cpp:408] actor 1099513724929 switch to nullptr
I1012 14:21:14.776283 31622 runtime_context.cpp:29] DecreaseCounter job_0_running_actor_count, current val is 201
I1012 14:21:14.776366 31625 thread.cpp:76] thread 524291 deconstruct actor 1099517919239
I1012 14:21:14.776379 31623 thread.cpp:76] thread 524289 deconstruct actor 1099513724929
I1012 14:21:14.776384 31631 actor.cpp:408] actor 2199025352708 switch to nullptr
I1012 14:21:14.776450 31622 actor.cpp:408] actor 2199023255709 switch to nullptr
I1012 14:21:14.776481 31628 actor.cpp:408] actor 1099522113536 switch to nullptr
I1012 14:21:14.776525 31631 thread.cpp:76] thread 1048577 deconstruct actor 2199025352708
I1012 14:21:14.776553 31622 thread.cpp:76] thread 1048576 deconstruct actor 2199023255709
I1012 14:21:14.776562 31625 runtime_context.cpp:29] DecreaseCounter job_0_running_actor_count, current val is 200
I1012 14:21:14.776690 31623 runtime_context.cpp:29] DecreaseCounter job_0_running_actor_count, current val is 199
I1012 14:21:14.776718 31631 runtime_context.cpp:29] DecreaseCounter job_0_running_actor_count, current val is 198
I1012 14:21:14.776600 31628 thread.cpp:76] thread 524293 deconstruct actor 1099522113536
I1012 14:21:14.776733 31623 actor.cpp:408] actor 1099513724928 switch to nullptr
I1012 14:21:14.776803 31623 thread.cpp:76] thread 524289 deconstruct actor 1099513724928
I1012 14:21:14.776767 31631 actor.cpp:408] actor 2199025352704 switch to nullptr
I1012 14:21:14.776829 31622 runtime_context.cpp:29] DecreaseCounter job_0_running_actor_count, current val is 196
I1012 14:21:14.776849 31631 thread.cpp:76] thread 1048577 deconstruct actor 2199025352704
I1012 14:21:14.776916 31622 actor.cpp:408] actor 2199023255707 switch to nullptr
I1012 14:21:14.776852 31624 runtime_context.cpp:29] DecreaseCounter job_0_running_actor_count, current val is 197
I1012 14:21:14.776966 31628 runtime_context.cpp:29] DecreaseCounter job_0_running_actor_count, current val is 195
I1012 14:21:14.776988 31624 actor.cpp:408] actor 1099511627778 switch to nullptr
I1012 14:21:14.776944 31622 thread.cpp:76] thread 1048576 deconstruct actor 2199023255707
I1012 14:21:14.776968 31631 runtime_context.cpp:29] DecreaseCounter job_0_running_actor_count, current val is 194
I1012 14:21:14.777000 31623 runtime_context.cpp:29] DecreaseCounter job_0_running_actor_count, current val is 193
I1012 14:21:14.777259 31624 thread.cpp:76] thread 524288 deconstruct actor 1099511627778
I1012 14:21:14.777321 31631 actor.cpp:408] actor 2199025352707 switch to nullptr
I1012 14:21:14.777438 31631 thread.cpp:76] thread 1048577 deconstruct actor 2199025352707
I1012 14:21:14.777421 31622 runtime_context.cpp:29] DecreaseCounter job_0_running_actor_count, current val is 192
I1012 14:21:14.777493 31631 runtime_context.cpp:29] DecreaseCounter job_0_running_actor_count, current val is 191
I1012 14:21:14.777518 31622 actor.cpp:408] actor 2199023255705 switch to nullptr
I1012 14:21:14.777545 31622 thread.cpp:76] thread 1048576 deconstruct actor 2199023255705
I1012 14:21:14.777662 31624 runtime_context.cpp:29] DecreaseCounter job_0_running_actor_count, current val is 190
I1012 14:21:14.777693 31622 runtime_context.cpp:29] DecreaseCounter job_0_running_actor_count, current val is 189
I1012 14:21:14.777709 31624 actor.cpp:408] actor 1099511627777 switch to nullptr
I1012 14:21:14.777741 31622 actor.cpp:408] actor 2199023255703 switch to nullptr
I1012 14:21:14.777724 31631 actor.cpp:408] actor 2199025352706 switch to nullptr
I1012 14:21:14.777747 31624 thread.cpp:76] thread 524288 deconstruct actor 1099511627777
I1012 14:21:14.777765 31622 thread.cpp:76] thread 1048576 deconstruct actor 2199023255703
I1012 14:21:14.777791 31631 thread.cpp:76] thread 1048577 deconstruct actor 2199025352706
I1012 14:21:14.777885 31631 runtime_context.cpp:29] DecreaseCounter job_0_running_actor_count, current val is 188
I1012 14:21:14.777958 31622 runtime_context.cpp:29] DecreaseCounter job_0_running_actor_count, current val is 187
I1012 14:21:14.777998 31622 actor.cpp:408] actor 2199023255691 switch to nullptr
I1012 14:21:14.778017 31622 thread.cpp:76] thread 1048576 deconstruct actor 2199023255691
I1012 14:21:14.778040 31624 runtime_context.cpp:29] DecreaseCounter job_0_running_actor_count, current val is 186
I1012 14:21:14.778069 31624 thread.cpp:76] thread 524288 deconstruct actor 1099511627780
I1012 14:21:14.778141 31622 runtime_context.cpp:29] DecreaseCounter job_0_running_actor_count, current val is 185
I1012 14:21:14.778178 31622 actor.cpp:408] actor 2199023255689 switch to nullptr
I1012 14:21:14.778195 31622 thread.cpp:76] thread 1048576 deconstruct actor 2199023255689
I1012 14:21:14.778245 31624 runtime_context.cpp:29] DecreaseCounter job_0_running_actor_count, current val is 184
I1012 14:21:14.778328 31622 runtime_context.cpp:29] DecreaseCounter job_0_running_actor_count, current val is 183
I1012 14:21:14.778367 31622 actor.cpp:408] actor 2199023255695 switch to nullptr
I1012 14:21:14.778385 31622 thread.cpp:76] thread 1048576 deconstruct actor 2199023255695
I1012 14:21:14.778553 31622 runtime_context.cpp:29] DecreaseCounter job_0_running_actor_count, current val is 182
I1012 14:21:14.778596 31622 actor.cpp:408] actor 2199023255598 switch to nullptr
I1012 14:21:14.778614 31622 thread.cpp:76] thread 1048576 deconstruct actor 2199023255598
I1012 14:21:14.778759 31622 runtime_context.cpp:29] DecreaseCounter job_0_running_actor_count, current val is 181
I1012 14:21:14.778800 31622 actor.cpp:408] actor 2199023255693 switch to nullptr
I1012 14:21:14.778817 31622 thread.cpp:76] thread 1048576 deconstruct actor 2199023255693
I1012 14:21:14.778937 31622 runtime_context.cpp:29] DecreaseCounter job_0_running_actor_count, current val is 180
I1012 14:21:14.778976 31622 actor.cpp:408] actor 2199023255596 switch to nullptr
I1012 14:21:14.778995 31622 thread.cpp:76] thread 1048576 deconstruct actor 2199023255596
I1012 14:21:14.779120 31622 runtime_context.cpp:29] DecreaseCounter job_0_running_actor_count, current val is 179
I1012 14:21:14.779157 31622 actor.cpp:408] actor 2199023255711 switch to nullptr
I1012 14:21:14.779175 31622 thread.cpp:76] thread 1048576 deconstruct actor 2199023255711
I1012 14:21:14.779345 31622 runtime_context.cpp:29] DecreaseCounter job_0_running_actor_count, current val is 178
I1012 14:21:14.779397 31622 actor.cpp:408] actor 2199023255568 switch to nullptr
I1012 14:21:14.779417 31622 thread.cpp:76] thread 1048576 deconstruct actor 2199023255568
I1012 14:21:14.779561 31622 runtime_context.cpp:29] DecreaseCounter job_0_running_actor_count, current val is 177
I1012 14:21:14.779599 31622 actor.cpp:408] actor 2199023255697 switch to nullptr
I1012 14:21:14.779618 31622 thread.cpp:76] thread 1048576 deconstruct actor 2199023255697
I1012 14:21:14.779753 31622 runtime_context.cpp:29] DecreaseCounter job_0_running_actor_count, current val is 176
I1012 14:21:14.779791 31622 actor.cpp:408] actor 2199023255561 switch to nullptr
I1012 14:21:14.779810 31622 thread.cpp:76] thread 1048576 deconstruct actor 2199023255561
I1012 14:21:14.779947 31622 runtime_context.cpp:29] DecreaseCounter job_0_running_actor_count, current val is 175
I1012 14:21:14.779984 31622 actor.cpp:408] actor 2199023255581 switch to nullptr
I1012 14:21:14.780002 31622 thread.cpp:76] thread 1048576 deconstruct actor 2199023255581
I1012 14:21:14.780138 31622 runtime_context.cpp:29] DecreaseCounter job_0_running_actor_count, current val is 174
I1012 14:21:14.780175 31622 actor.cpp:408] actor 2199023255566 switch to nullptr
I1012 14:21:14.780194 31622 thread.cpp:76] thread 1048576 deconstruct actor 2199023255566
I1012 14:21:14.780314 31622 runtime_context.cpp:29] DecreaseCounter job_0_running_actor_count, current val is 173
I1012 14:21:14.780350 31622 actor.cpp:408] actor 2199023255685 switch to nullptr
I1012 14:21:14.780369 31622 thread.cpp:76] thread 1048576 deconstruct actor 2199023255685
I1012 14:21:14.780514 31622 runtime_context.cpp:29] DecreaseCounter job_0_running_actor_count, current val is 172
I1012 14:21:14.780555 31622 actor.cpp:408] actor 2199023255588 switch to nullptr
I1012 14:21:14.780572 31622 thread.cpp:76] thread 1048576 deconstruct actor 2199023255588
I1012 14:21:14.780699 31622 runtime_context.cpp:29] DecreaseCounter job_0_running_actor_count, current val is 171
I1012 14:21:14.780735 31622 actor.cpp:408] actor 2199023255717 switch to nullptr
I1012 14:21:14.780753 31622 thread.cpp:76] thread 1048576 deconstruct actor 2199023255717
I1012 14:21:14.780870 31622 runtime_context.cpp:29] DecreaseCounter job_0_running_actor_count, current val is 170
I1012 14:21:14.780928 31622 actor.cpp:408] actor 2199023255553 switch to nullptr
I1012 14:21:14.780948 31622 thread.cpp:76] thread 1048576 deconstruct actor 2199023255553
I1012 14:21:14.781067 31622 runtime_context.cpp:29] DecreaseCounter job_0_running_actor_count, current val is 169
I1012 14:21:14.781106 31622 actor.cpp:408] actor 2199023255591 switch to nullptr
I1012 14:21:14.781123 31622 thread.cpp:76] thread 1048576 deconstruct actor 2199023255591
I1012 14:21:14.781250 31622 runtime_context.cpp:29] DecreaseCounter job_0_running_actor_count, current val is 168
I1012 14:21:14.781287 31622 actor.cpp:408] actor 2199023255687 switch to nullptr
I1012 14:21:14.781306 31622 thread.cpp:76] thread 1048576 deconstruct actor 2199023255687
I1012 14:21:14.781419 31622 runtime_context.cpp:29] DecreaseCounter job_0_running_actor_count, current val is 167
I1012 14:21:14.781476 31622 actor.cpp:408] actor 2199023255557 switch to nullptr
I1012 14:21:14.781495 31622 thread.cpp:76] thread 1048576 deconstruct actor 2199023255557
I1012 14:21:14.781623 31622 runtime_context.cpp:29] DecreaseCounter job_0_running_actor_count, current val is 166
I1012 14:21:14.781661 31622 actor.cpp:408] actor 2199023255699 switch to nullptr
I1012 14:21:14.781678 31622 thread.cpp:76] thread 1048576 deconstruct actor 2199023255699
I1012 14:21:14.781790 31622 runtime_context.cpp:29] DecreaseCounter job_0_running_actor_count, current val is 165
I1012 14:21:14.781824 31622 actor.cpp:408] actor 2199023255563 switch to nullptr
I1012 14:21:14.781842 31622 thread.cpp:76] thread 1048576 deconstruct actor 2199023255563
I1012 14:21:14.781953 31622 runtime_context.cpp:29] DecreaseCounter job_0_running_actor_count, current val is 164
I1012 14:21:14.782030 31622 actor.cpp:408] actor 2199023255571 switch to nullptr
I1012 14:21:14.782055 31622 thread.cpp:76] thread 1048576 deconstruct actor 2199023255571
I1012 14:21:14.782191 31622 runtime_context.cpp:29] DecreaseCounter job_0_running_actor_count, current val is 163
I1012 14:21:14.782234 31622 actor.cpp:408] actor 2199023255593 switch to nullptr
I1012 14:21:14.782253 31622 thread.cpp:76] thread 1048576 deconstruct actor 2199023255593
I1012 14:21:14.782374 31622 runtime_context.cpp:29] DecreaseCounter job_0_running_actor_count, current val is 162
I1012 14:21:14.782411 31622 actor.cpp:408] actor 2199023255701 switch to nullptr
I1012 14:21:14.782440 31622 thread.cpp:76] thread 1048576 deconstruct actor 2199023255701
I1012 14:21:14.782552 31622 runtime_context.cpp:29] DecreaseCounter job_0_running_actor_count, current val is 161
I1012 14:21:14.782588 31622 actor.cpp:408] actor 2199023255573 switch to nullptr
I1012 14:21:14.782606 31622 thread.cpp:76] thread 1048576 deconstruct actor 2199023255573
I1012 14:21:14.782733 31622 runtime_context.cpp:29] DecreaseCounter job_0_running_actor_count, current val is 160
I1012 14:21:14.782795 31622 actor.cpp:408] actor 2199023255576 switch to nullptr
I1012 14:21:14.782815 31622 thread.cpp:76] thread 1048576 deconstruct actor 2199023255576
I1012 14:21:14.782938 31622 runtime_context.cpp:29] DecreaseCounter job_0_running_actor_count, current val is 159
I1012 14:21:14.782974 31622 actor.cpp:408] actor 2199023255578 switch to nullptr
I1012 14:21:14.782992 31622 thread.cpp:76] thread 1048576 deconstruct actor 2199023255578
I1012 14:21:14.783113 31622 runtime_context.cpp:29] DecreaseCounter job_0_running_actor_count, current val is 158
I1012 14:21:14.783149 31622 actor.cpp:408] actor 2199023255583 switch to nullptr
I1012 14:21:14.783167 31622 thread.cpp:76] thread 1048576 deconstruct actor 2199023255583
I1012 14:21:14.783289 31622 runtime_context.cpp:29] DecreaseCounter job_0_running_actor_count, current val is 157
I1012 14:21:14.783324 31622 actor.cpp:408] actor 2199023255683 switch to nullptr
I1012 14:21:14.783342 31622 thread.cpp:76] thread 1048576 deconstruct actor 2199023255683
I1012 14:21:14.783473 31622 runtime_context.cpp:29] DecreaseCounter job_0_running_actor_count, current val is 156
I1012 14:21:14.783515 31622 actor.cpp:408] actor 2199023255586 switch to nullptr
I1012 14:21:14.783533 31622 thread.cpp:76] thread 1048576 deconstruct actor 2199023255586
I1012 14:21:14.783651 31622 runtime_context.cpp:29] DecreaseCounter job_0_running_actor_count, current val is 155
I1012 14:21:14.783690 31622 actor.cpp:411] actor 2199023255604 switch to &Actor::HandlerZombie
I1012 14:21:14.783720 31622 actor.cpp:411] actor 2199023255724 switch to &Actor::HandlerZombie
I1012 14:21:14.783746 31622 actor.cpp:411] actor 2199023255618 switch to &Actor::HandlerZombie
I1012 14:21:14.783774 31622 actor.cpp:411] actor 2199023255602 switch to &Actor::HandlerZombie
I1012 14:21:14.783778 31625 thread.cpp:76] thread 524291 deconstruct actor 1099517919237
I1012 14:21:14.783819 31622 actor.cpp:411] actor 2199023255714 switch to &Actor::HandlerZombie
I1012 14:21:14.783847 31622 actor.cpp:408] actor 2199023255719 switch to nullptr
I1012 14:21:14.783864 31622 thread.cpp:76] thread 1048576 deconstruct actor 2199023255719
I1012 14:21:14.783991 31622 runtime_context.cpp:29] DecreaseCounter job_0_running_actor_count, current val is 153
I1012 14:21:14.783993 31625 runtime_context.cpp:29] DecreaseCounter job_0_running_actor_count, current val is 154
I1012 14:21:14.784065 31622 actor.cpp:411] actor 2199023255716 switch to &Actor::HandlerZombie
I1012 14:21:14.784097 31622 actor.cpp:411] actor 2199023255722 switch to &Actor::HandlerZombie
I1012 14:21:14.784144 31622 actor.cpp:411] actor 2199023255710 switch to &Actor::HandlerZombie
I1012 14:21:14.784175 31622 actor.cpp:411] actor 2199023255552 switch to &Actor::HandlerZombie
I1012 14:21:14.784201 31622 actor.cpp:411] actor 2199023255708 switch to &Actor::HandlerZombie
I1012 14:21:14.784232 31622 actor.cpp:408] actor 2199023255721 switch to nullptr
I1012 14:21:14.784312 31622 thread.cpp:76] thread 1048576 deconstruct actor 2199023255721
I1012 14:21:14.784443 31627 actor.cpp:411] actor 2199029547009 switch to &Actor::HandlerZombie
I1012 14:21:14.784479 31622 runtime_context.cpp:29] DecreaseCounter job_0_running_actor_count, current val is 152
I1012 14:21:14.784528 31627 actor.cpp:411] actor 2199029547016 switch to &Actor::HandlerZombie
I1012 14:21:14.784551 31622 actor.cpp:411] actor 2199023255706 switch to &Actor::HandlerZombie
I1012 14:21:14.784555 31627 actor.cpp:411] actor 2199029547018 switch to &Actor::HandlerZombie
I1012 14:21:14.784590 31622 actor.cpp:411] actor 2199023255720 switch to &Actor::HandlerZombie
I1012 14:21:14.784606 31627 actor.cpp:411] actor 2199029547021 switch to &Actor::HandlerZombie
I1012 14:21:14.784621 31622 actor.cpp:411] actor 2199023255704 switch to &Actor::HandlerZombie
I1012 14:21:14.784631 31627 actor.cpp:411] actor 2199029547010 switch to &Actor::HandlerZombie
I1012 14:21:14.784652 31622 actor.cpp:411] actor 2199023255692 switch to &Actor::HandlerZombie
I1012 14:21:14.784664 31627 actor.cpp:411] actor 2199029547024 switch to &Actor::HandlerZombie
I1012 14:21:14.784687 31622 actor.cpp:411] actor 2199023255690 switch to &Actor::HandlerZombie
I1012 14:21:14.784694 31627 actor.cpp:411] actor 2199029547013 switch to &Actor::HandlerZombie
I1012 14:21:14.784718 31622 actor.cpp:411] actor 2199023255696 switch to &Actor::HandlerZombie
I1012 14:21:14.784730 31627 actor.cpp:411] actor 2199029547023 switch to &Actor::HandlerZombie
I1012 14:21:14.784798 31622 actor.cpp:411] actor 2199023255718 switch to &Actor::HandlerZombie
I1012 14:21:14.784802 31627 actor.cpp:411] actor 2199029547025 switch to &Actor::HandlerZombie
I1012 14:21:14.784827 31622 actor.cpp:411] actor 2199023255676 switch to &Actor::HandlerZombie
I1012 14:21:14.784857 31627 actor.cpp:411] actor 2199029547017 switch to &Actor::HandlerZombie
I1012 14:21:14.784879 31622 actor.cpp:411] actor 2199023255599 switch to &Actor::HandlerZombie
I1012 14:21:14.784888 31627 actor.cpp:411] actor 2199029547015 switch to &Actor::HandlerZombie
I1012 14:21:14.784910 31622 actor.cpp:411] actor 2199023255629 switch to &Actor::HandlerZombie
I1012 14:21:14.784937 31627 actor.cpp:411] actor 2199029547014 switch to &Actor::HandlerZombie
I1012 14:21:14.784960 31622 actor.cpp:411] actor 2199023255694 switch to &Actor::HandlerZombie
I1012 14:21:14.784970 31627 actor.cpp:411] actor 2199029547012 switch to &Actor::HandlerZombie
I1012 14:21:14.784989 31622 actor.cpp:411] actor 2199023255673 switch to &Actor::HandlerZombie
I1012 14:21:14.785001 31627 actor.cpp:411] actor 2199029547019 switch to &Actor::HandlerZombie
I1012 14:21:14.785019 31622 actor.cpp:411] actor 2199023255597 switch to &Actor::HandlerZombie
I1012 14:21:14.785030 31627 actor.cpp:411] actor 2199029547011 switch to &Actor::HandlerZombie
I1012 14:21:14.785055 31622 actor.cpp:411] actor 2199023255631 switch to &Actor::HandlerZombie
I1012 14:21:14.785059 31627 actor.cpp:411] actor 2199029547022 switch to &Actor::HandlerZombie
I1012 14:21:14.785084 31622 actor.cpp:411] actor 2199023255712 switch to &Actor::HandlerZombie
I1012 14:21:14.785094 31627 actor.cpp:411] actor 2199029547020 switch to &Actor::HandlerZombie
I1012 14:21:14.785115 31622 actor.cpp:411] actor 2199023255569 switch to &Actor::HandlerZombie
I1012 14:21:14.785123 31627 actor.cpp:411] actor 2199029547008 switch to &Actor::HandlerZombie
I1012 14:21:14.785142 31622 actor.cpp:411] actor 2199023255666 switch to &Actor::HandlerZombie
I1012 14:21:14.785149 31627 thread.cpp:76] thread 1048579 deconstruct actor 2199029547019
I1012 14:21:14.785177 31622 actor.cpp:411] actor 2199023255655 switch to &Actor::HandlerZombie
I1012 14:21:14.785202 31622 actor.cpp:411] actor 2199023255698 switch to &Actor::HandlerZombie
I1012 14:21:14.785228 31622 actor.cpp:411] actor 2199023255688 switch to &Actor::HandlerZombie
I1012 14:21:14.785252 31622 actor.cpp:411] actor 2199023255562 switch to &Actor::HandlerZombie
I1012 14:21:14.785256 31627 runtime_context.cpp:29] DecreaseCounter job_0_running_actor_count, current val is 151
I1012 14:21:14.785279 31622 actor.cpp:411] actor 2199023255669 switch to &Actor::HandlerZombie
I1012 14:21:14.785329 31627 thread.cpp:76] thread 1048579 deconstruct actor 2199029547009
I1012 14:21:14.785358 31622 actor.cpp:411] actor 2199023255660 switch to &Actor::HandlerZombie
I1012 14:21:14.785388 31622 actor.cpp:411] actor 2199023255678 switch to &Actor::HandlerZombie
I1012 14:21:14.785414 31622 actor.cpp:411] actor 2199023255582 switch to &Actor::HandlerZombie
I1012 14:21:14.785423 31627 runtime_context.cpp:29] DecreaseCounter job_0_running_actor_count, current val is 150
I1012 14:21:14.785488 31622 actor.cpp:411] actor 2199023255644 switch to &Actor::HandlerZombie
I1012 14:21:14.785516 31622 actor.cpp:411] actor 2199023255567 switch to &Actor::HandlerZombie
I1012 14:21:14.785538 31622 actor.cpp:411] actor 2199023255672 switch to &Actor::HandlerZombie
I1012 14:21:14.785562 31622 actor.cpp:411] actor 2199023255656 switch to &Actor::HandlerZombie
I1012 14:21:14.785583 31622 actor.cpp:411] actor 2199023255686 switch to &Actor::HandlerZombie
I1012 14:21:14.785609 31622 actor.cpp:411] actor 2199023255674 switch to &Actor::HandlerZombie
I1012 14:21:14.785634 31622 actor.cpp:411] actor 2199023255589 switch to &Actor::HandlerZombie
I1012 14:21:14.785660 31622 actor.cpp:411] actor 2199023255639 switch to &Actor::HandlerZombie
I1012 14:21:14.785673 31627 thread.cpp:76] thread 1048579 deconstruct actor 2199029547017
I1012 14:21:14.785684 31622 actor.cpp:411] actor 2199023255684 switch to &Actor::HandlerZombie
