Log file created at: 2021/10/13 18:23:29
Running on machine: oneflow-14
Log line format: [IWEF]mmdd hh:mm:ss.uuuuuu threadid file:line] msg
I1013 18:23:29.578385 41361 global.h:36] NewGlobal 14cudaDeviceProp
I1013 18:23:29.606740 41361 global.h:36] NewGlobal N7oneflow7EnvDescE
I1013 18:23:29.606768 41361 global.h:36] NewGlobal N7oneflow10ProcessCtxE
I1013 18:23:29.606782 41361 env_global_objects_scope.cpp:159] using rpc backend: gRPC
I1013 18:23:29.606789 41361 global.h:36] NewGlobal N7oneflow10CtrlServerE
I1013 18:23:29.607614 41361 ctrl_server.cpp:40] CtrlServer listening on 0.0.0.0:39229
I1013 18:23:29.607792 41361 rank_info_bootstrap_server.cpp:47] RankInfoBootstrapServer listening on 0.0.0.0:33954
I1013 18:23:29.609123 41361 rpc_client.cpp:187] LoadServer 127.0.0.1 Successful at 0 times
I1013 18:23:29.610038 41361 ctrl_bootstrap.cpp:76] 
ctrl_addr {
  host: "127.0.0.1"
  port: 42470
}
ctrl_addr {
  host: "127.0.0.1"
  port: 39229
}
rank: 1
node_size: 1
I1013 18:23:29.612505 41361 rpc_client.cpp:187] LoadServer 127.0.0.1 Successful at 0 times
I1013 18:23:29.613261 41361 rpc_client.cpp:187] LoadServer 127.0.0.1 Successful at 0 times
I1013 18:23:29.613320 41361 global.h:36] NewGlobal N7oneflow12ResourceDescE
I1013 18:23:29.613343 41361 global.h:36] NewGlobal N7oneflow12ResourceDescE
I1013 18:23:29.752432 41361 global.h:36] NewGlobal N7oneflow10ThreadPoolE
I1013 18:23:29.753690 41361 global.h:36] NewGlobal N7oneflow16EagerNcclCommMgrE
I1013 18:23:29.753702 41361 global.h:36] NewGlobal N7oneflow18CudnnConvAlgoCacheE
I1013 18:23:29.753708 41361 global.h:36] NewGlobal N7oneflow2vm19VirtualMachineScopeE
I1013 18:23:29.753715 41361 global.h:36] NewGlobal N7oneflow9OneflowVME
I1013 18:23:29.754230 41361 oneflow_vm.cpp:75] transport stream type: N7oneflow2vm13CpuStreamTypeE
I1013 18:23:29.754242 41361 oneflow_vm.cpp:75] transport stream type: N7oneflow2vm14CudaStreamTypeE
I1013 18:23:29.754247 41361 oneflow_vm.cpp:75] transport stream type: N7oneflow2vm19AsyncCudaStreamTypeE
I1013 18:23:29.754470 41361 global.h:36] NewGlobal N7oneflow27EagerJobBuildAndInferCtxMgrE
I1013 18:23:29.754498 41361 global.h:36] NewGlobal N7oneflow12EpollCommNetE
I1013 18:23:29.754653 41361 epoll_comm_network.cpp:63] CommNet:Epoll listening on 0.0.0.0:35307
I1013 18:23:29.757653 41361 epoll_comm_network.cpp:197] machine 0 sockfd 42
I1013 18:23:29.757673 41361 epoll_comm_network.cpp:197] machine 1 sockfd -1
I1013 18:23:29.757768 41361 global.h:36] NewGlobal N7oneflow9TransportE
I1013 18:23:29.757911 41361 global.h:36] NewGlobal N7oneflow25MultiClientSessionContextE
I1013 18:23:32.940377 41662 eager_nccl_comm_manager.cpp:69]  EagerNcclCommMgr::ncclCommInitRank device_vec.size() = 2, nccl_unique_id = 0200ffffff95330b0b010e000000000000000000000000000000000000000000000000000000000000000000000000000000000000000000000000000000000000000000000000000000000000000000000000000000000000000000000000000000000000000000000000000000000000000000000000000000000000000000000000, rank = 1, key = {eager_nccl_unique_id_rpc_key,0:0,1:1}
I1013 18:23:33.292992 41361 version.cpp:22] OneFlow git version: b295ca2324
I1013 18:23:33.293041 41361 device_register_gpu.cpp:56] CUDA runtime version: 11.2
I1013 18:23:33.293068 41361 device_register_gpu.cpp:65] cuDNN version: 8.1.1
I1013 18:23:33.293074 41361 device_register_gpu.cpp:78] NCCL version: 2.9.8
I1013 18:23:33.293082 41361 global.h:43] DeleteGlobal N7oneflow12ResourceDescE
I1013 18:23:33.293092 41361 global.h:36] NewGlobal N7oneflow12ResourceDescE
I1013 18:23:33.293097 41361 global.h:36] NewGlobal N7oneflow5IDMgrE
I1013 18:23:33.293104 41361 global.h:36] NewGlobal N7oneflow26LazyJobBuildAndInferCtxMgrE
I1013 18:23:33.293112 41361 global.h:36] NewGlobal N7oneflow9BufferMgrISt10shared_ptrINS_11JobInstanceEEEE
I1013 18:23:33.293116 41361 global.h:36] NewGlobal N7oneflow10RuntimeCtxE
I1013 18:23:33.293120 41361 global.h:36] NewGlobal N7oneflow15MemoryAllocatorE
I1013 18:23:33.293125 41361 global.h:36] NewGlobal N7oneflow8ChunkMgrE
I1013 18:23:33.293129 41361 global.h:36] NewGlobal N7oneflow8RegstMgrE
I1013 18:23:33.293134 41361 global.h:36] NewGlobal N7oneflow11ActorMsgBusE
I1013 18:23:33.293372 41361 global.h:36] NewGlobal N7oneflow9ThreadMgrE
I1013 18:23:33.293401 41361 global.h:36] NewGlobal N7oneflow15RuntimeJobDescsE
I1013 18:23:33.293408 41361 global.h:36] NewGlobal N7oneflow7summary12EventsWriterE
I1013 18:23:33.293418 41361 global.h:36] NewGlobal N7oneflow6boxing10collective24CollectiveBoxingExecutorE
I1013 18:23:33.293433 41361 global.h:36] NewGlobal N7oneflow6boxing10collective31CollectiveBoxingDeviceCtxPollerE
I1013 18:23:33.297945 41361 global.h:36] NewGlobal N7oneflow7JobDescE
I1013 18:23:33.471091 41361 global.h:43] DeleteGlobal N7oneflow7JobDescE
I1013 18:23:33.471240 41361 global.h:36] NewGlobal N7oneflow7JobDescE
I1013 18:23:33.797848 41361 global.h:43] DeleteGlobal N7oneflow7JobDescE
I1013 18:23:33.870509 41361 global.h:36] NewGlobal N7oneflow7JobDescE
I1013 18:23:35.261358 41361 runtime_context.cpp:21] NewCounter constructing_actor_cnt 231
I1013 18:23:35.262140 41906 wait_and_send_ids_actor.cpp:53] actor 36283892105216 switch to &WaitAndSendIdsActor::HandlerWaitToStart
I1013 18:23:35.262363 41900 naive_actor.cpp:25] actor 37391985279169 switch to &NaiveActor::HandlerNormal
I1013 18:23:35.262286 41906 thread.cpp:96] Thread 17301508 construct Actor kWaitAndSendIds 36283892105216
I1013 18:23:35.262408 41900 thread.cpp:96] Thread 17829888 construct Actor kDeviceTick 37391985279169
I1013 18:23:35.262786 41906 runtime_context.cpp:29] DecreaseCounter constructing_actor_cnt, current val is 230
I1013 18:23:35.262789 41900 runtime_context.cpp:29] DecreaseCounter constructing_actor_cnt, current val is 229
I1013 18:23:35.270936 41904 naive_actor.cpp:25] actor 37391991570432 switch to &NaiveActor::HandlerNormal
I1013 18:23:35.270959 41909 naive_actor.cpp:25] actor 37391987376131 switch to &NaiveActor::HandlerNormal
I1013 18:23:35.271046 41904 thread.cpp:96] Thread 17829891 construct Actor kCollectiveBoxingGeneric 37391991570432
I1013 18:23:35.271143 41909 thread.cpp:96] Thread 17829889 construct Actor kCopyHd 37391987376131
I1013 18:23:35.271183 41905 naive_actor.cpp:25] actor 36283890008066 switch to &NaiveActor::HandlerNormal
I1013 18:23:35.271203 41904 runtime_context.cpp:29] DecreaseCounter constructing_actor_cnt, current val is 228
I1013 18:23:35.271204 41907 copy_comm_net_actor.cpp:66] actor 36283887910912 switch to &CopyCommNetActor::HandlerNormal
I1013 18:23:35.271216 41910 sink_actor.cpp:21] actor 36283894202368 switch to &SinkActor::HandlerNormal
I1013 18:23:35.271219 41900 naive_actor.cpp:25] actor 37391985278981 switch to &NaiveActor::HandlerNormal
I1013 18:23:35.271239 41909 runtime_context.cpp:29] DecreaseCounter constructing_actor_cnt, current val is 227
I1013 18:23:35.271281 41905 thread.cpp:96] Thread 17301507 construct Actor kTick 36283890008066
I1013 18:23:35.271382 41907 thread.cpp:96] Thread 17301506 construct Actor kCopyCommNet 36283887910912
I1013 18:23:35.271463 41910 thread.cpp:96] Thread 17301509 construct Actor kCallbackNotify 36283894202368
I1013 18:23:35.271472 41904 naive_actor.cpp:25] actor 37391991570433 switch to &NaiveActor::HandlerNormal
I1013 18:23:35.271814 41910 runtime_context.cpp:29] DecreaseCounter constructing_actor_cnt, current val is 224
I1013 18:23:35.271725 41909 naive_actor.cpp:25] actor 37391987376128 switch to &NaiveActor::HandlerNormal
I1013 18:23:35.271742 41905 runtime_context.cpp:29] DecreaseCounter constructing_actor_cnt, current val is 226
I1013 18:23:35.271780 41907 runtime_context.cpp:29] DecreaseCounter constructing_actor_cnt, current val is 225
I1013 18:23:35.271522 41900 thread.cpp:96] Thread 17829888 construct Actor kNormalForward 37391985278981
I1013 18:23:35.271831 41904 thread.cpp:96] Thread 17829891 construct Actor kCollectiveBoxingGeneric 37391991570433
I1013 18:23:35.271898 41909 thread.cpp:96] Thread 17829889 construct Actor kCopyHd 37391987376128
I1013 18:23:35.271989 41901 naive_actor.cpp:25] actor 36283885813760 switch to &NaiveActor::HandlerNormal
I1013 18:23:35.272027 41902 naive_actor.cpp:25] actor 36283883716609 switch to &NaiveActor::HandlerNormal
I1013 18:23:35.272094 41900 runtime_context.cpp:29] DecreaseCounter constructing_actor_cnt, current val is 223
I1013 18:23:35.272104 41904 runtime_context.cpp:29] DecreaseCounter constructing_actor_cnt, current val is 222
I1013 18:23:35.272156 41909 runtime_context.cpp:29] DecreaseCounter constructing_actor_cnt, current val is 221
I1013 18:23:35.272205 41901 thread.cpp:96] Thread 17301505 construct Actor kNormalForward 36283885813760
I1013 18:23:35.272267 41902 thread.cpp:96] Thread 17301504 construct Actor kNormalForward 36283883716609
I1013 18:23:35.272399 41905 naive_actor.cpp:25] actor 36283890008067 switch to &NaiveActor::HandlerNormal
I1013 18:23:35.272580 41904 naive_actor.cpp:25] actor 37391991570435 switch to &NaiveActor::HandlerNormal
I1013 18:23:35.272605 41901 runtime_context.cpp:29] DecreaseCounter constructing_actor_cnt, current val is 220
I1013 18:23:35.272644 41905 thread.cpp:96] Thread 17301507 construct Actor kDstSubsetTick 36283890008067
I1013 18:23:35.272640 41902 runtime_context.cpp:29] DecreaseCounter constructing_actor_cnt, current val is 219
I1013 18:23:35.272641 41909 naive_actor.cpp:25] actor 37391987376132 switch to &NaiveActor::HandlerNormal
I1013 18:23:35.272686 41904 thread.cpp:96] Thread 17829891 construct Actor kCollectiveBoxingGeneric 37391991570435
I1013 18:23:35.272881 41905 runtime_context.cpp:29] DecreaseCounter constructing_actor_cnt, current val is 218
I1013 18:23:35.272986 41909 thread.cpp:96] Thread 17829889 construct Actor kCopyHd 37391987376132
I1013 18:23:35.273047 41904 runtime_context.cpp:29] DecreaseCounter constructing_actor_cnt, current val is 217
I1013 18:23:35.273155 41909 runtime_context.cpp:29] DecreaseCounter constructing_actor_cnt, current val is 216
I1013 18:23:35.273278 41900 naive_actor.cpp:25] actor 37391985278976 switch to &NaiveActor::HandlerNormal
I1013 18:23:35.273305 41904 naive_actor.cpp:25] actor 37391991570436 switch to &NaiveActor::HandlerNormal
I1013 18:23:35.273348 41900 thread.cpp:96] Thread 17829888 construct Actor kNormalForward 37391985278976
I1013 18:23:35.273360 41909 naive_actor.cpp:25] actor 37391987376130 switch to &NaiveActor::HandlerNormal
I1013 18:23:35.273380 41904 thread.cpp:96] Thread 17829891 construct Actor kCollectiveBoxingGeneric 37391991570436
I1013 18:23:35.273463 41900 runtime_context.cpp:29] DecreaseCounter constructing_actor_cnt, current val is 215
I1013 18:23:35.273450 41905 naive_actor.cpp:25] actor 36283890008068 switch to &NaiveActor::HandlerNormal
I1013 18:23:35.273468 41909 thread.cpp:96] Thread 17829889 construct Actor kCopyHd 37391987376130
I1013 18:23:35.273525 41904 runtime_context.cpp:29] DecreaseCounter constructing_actor_cnt, current val is 214
I1013 18:23:35.273728 41901 naive_actor.cpp:25] actor 36283885813761 switch to &NaiveActor::HandlerNormal
I1013 18:23:35.273726 41909 runtime_context.cpp:29] DecreaseCounter constructing_actor_cnt, current val is 213
I1013 18:23:35.273624 41905 thread.cpp:96] Thread 17301507 construct Actor kTick 36283890008068
I1013 18:23:35.273825 41901 thread.cpp:96] Thread 17301505 construct Actor kNormalForward 36283885813761
I1013 18:23:35.273859 41900 naive_actor.cpp:25] actor 37391985278977 switch to &NaiveActor::HandlerNormal
I1013 18:23:35.273991 41909 naive_actor.cpp:25] actor 37391987376129 switch to &NaiveActor::HandlerNormal
I1013 18:23:35.273969 41905 runtime_context.cpp:29] DecreaseCounter constructing_actor_cnt, current val is 212
I1013 18:23:35.273870 41904 naive_actor.cpp:25] actor 37391991570449 switch to &NaiveActor::HandlerNormal
I1013 18:23:35.274008 41900 thread.cpp:96] Thread 17829888 construct Actor kNormalForward 37391985278977
I1013 18:23:35.274010 41901 runtime_context.cpp:29] DecreaseCounter constructing_actor_cnt, current val is 211
I1013 18:23:35.274204 41900 runtime_context.cpp:29] DecreaseCounter constructing_actor_cnt, current val is 210
I1013 18:23:35.274127 41904 thread.cpp:96] Thread 17829891 construct Actor kCollectiveBoxingGeneric 37391991570449
I1013 18:23:35.274063 41909 thread.cpp:96] Thread 17829889 construct Actor kCopyHd 37391987376129
I1013 18:23:35.274309 41904 runtime_context.cpp:29] DecreaseCounter constructing_actor_cnt, current val is 209
I1013 18:23:35.274349 41909 runtime_context.cpp:29] DecreaseCounter constructing_actor_cnt, current val is 208
I1013 18:23:35.274402 41905 naive_actor.cpp:25] actor 36283890008069 switch to &NaiveActor::HandlerNormal
I1013 18:23:35.274626 41905 thread.cpp:96] Thread 17301507 construct Actor kTick 36283890008069
I1013 18:23:35.274660 41904 naive_actor.cpp:25] actor 37391991570443 switch to &NaiveActor::HandlerNormal
I1013 18:23:35.274699 41905 runtime_context.cpp:29] DecreaseCounter constructing_actor_cnt, current val is 207
I1013 18:23:35.274704 41904 thread.cpp:96] Thread 17829891 construct Actor kCollectiveBoxingGeneric 37391991570443
I1013 18:23:35.274799 41904 runtime_context.cpp:29] DecreaseCounter constructing_actor_cnt, current val is 206
I1013 18:23:35.274966 41904 naive_actor.cpp:25] actor 37391991570437 switch to &NaiveActor::HandlerNormal
I1013 18:23:35.275014 41904 thread.cpp:96] Thread 17829891 construct Actor kCollectiveBoxingGeneric 37391991570437
I1013 18:23:35.275059 41905 naive_actor.cpp:25] actor 36283890008064 switch to &NaiveActor::HandlerNormal
I1013 18:23:35.275089 41904 runtime_context.cpp:29] DecreaseCounter constructing_actor_cnt, current val is 205
I1013 18:23:35.275099 41900 naive_actor.cpp:25] actor 37391985278986 switch to &NaiveActor::HandlerNormal
I1013 18:23:35.275131 41905 thread.cpp:96] Thread 17301507 construct Actor kDeviceTick 36283890008064
I1013 18:23:35.275208 41900 thread.cpp:96] Thread 17829888 construct Actor kNormalForward 37391985278986
I1013 18:23:35.275266 41904 naive_actor.cpp:25] actor 37391991570439 switch to &NaiveActor::HandlerNormal
I1013 18:23:35.275291 41905 runtime_context.cpp:29] DecreaseCounter constructing_actor_cnt, current val is 204
I1013 18:23:35.275323 41904 thread.cpp:96] Thread 17829891 construct Actor kCollectiveBoxingGeneric 37391991570439
I1013 18:23:35.275336 41900 runtime_context.cpp:29] DecreaseCounter constructing_actor_cnt, current val is 203
I1013 18:23:35.275424 41904 runtime_context.cpp:29] DecreaseCounter constructing_actor_cnt, current val is 202
I1013 18:23:35.275636 41904 naive_actor.cpp:25] actor 37391991570438 switch to &NaiveActor::HandlerNormal
I1013 18:23:35.275700 41904 thread.cpp:96] Thread 17829891 construct Actor kCollectiveBoxingGeneric 37391991570438
I1013 18:23:35.275768 41904 runtime_context.cpp:29] DecreaseCounter constructing_actor_cnt, current val is 201
I1013 18:23:35.275779 41905 naive_actor.cpp:25] actor 36283890008065 switch to &NaiveActor::HandlerNormal
I1013 18:23:35.275820 41900 naive_actor.cpp:25] actor 37391985278987 switch to &NaiveActor::HandlerNormal
I1013 18:23:35.275990 41904 naive_actor.cpp:25] actor 37391991570446 switch to &NaiveActor::HandlerNormal
I1013 18:23:35.275874 41905 thread.cpp:96] Thread 17301507 construct Actor kSrcSubsetTick 36283890008065
I1013 18:23:35.276000 41900 thread.cpp:96] Thread 17829888 construct Actor kNormalForward 37391985278987
I1013 18:23:35.276043 41904 thread.cpp:96] Thread 17829891 construct Actor kCollectiveBoxingGeneric 37391991570446
I1013 18:23:35.276185 41905 runtime_context.cpp:29] DecreaseCounter constructing_actor_cnt, current val is 200
I1013 18:23:35.276226 41900 runtime_context.cpp:29] DecreaseCounter constructing_actor_cnt, current val is 199
I1013 18:23:35.276291 41904 runtime_context.cpp:29] DecreaseCounter constructing_actor_cnt, current val is 198
I1013 18:23:35.276579 41904 naive_actor.cpp:25] actor 37391991570445 switch to &NaiveActor::HandlerNormal
I1013 18:23:35.276690 41904 thread.cpp:96] Thread 17829891 construct Actor kCollectiveBoxingGeneric 37391991570445
I1013 18:23:35.276782 41904 runtime_context.cpp:29] DecreaseCounter constructing_actor_cnt, current val is 197
I1013 18:23:35.277009 41904 naive_actor.cpp:25] actor 37391991570441 switch to &NaiveActor::HandlerNormal
I1013 18:23:35.277057 41904 thread.cpp:96] Thread 17829891 construct Actor kCollectiveBoxingGeneric 37391991570441
I1013 18:23:35.277123 41904 runtime_context.cpp:29] DecreaseCounter constructing_actor_cnt, current val is 196
I1013 18:23:35.277379 41904 naive_actor.cpp:25] actor 37391991570444 switch to &NaiveActor::HandlerNormal
I1013 18:23:35.277432 41904 thread.cpp:96] Thread 17829891 construct Actor kCollectiveBoxingGeneric 37391991570444
I1013 18:23:35.277508 41904 runtime_context.cpp:29] DecreaseCounter constructing_actor_cnt, current val is 195
I1013 18:23:35.277714 41904 naive_actor.cpp:25] actor 37391991570440 switch to &NaiveActor::HandlerNormal
I1013 18:23:35.277755 41904 thread.cpp:96] Thread 17829891 construct Actor kCollectiveBoxingGeneric 37391991570440
I1013 18:23:35.277812 41904 runtime_context.cpp:29] DecreaseCounter constructing_actor_cnt, current val is 194
I1013 18:23:35.278008 41904 naive_actor.cpp:25] actor 37391991570442 switch to &NaiveActor::HandlerNormal
I1013 18:23:35.278048 41904 thread.cpp:96] Thread 17829891 construct Actor kCollectiveBoxingGeneric 37391991570442
I1013 18:23:35.278120 41900 naive_actor.cpp:25] actor 37391985278990 switch to &NaiveActor::HandlerNormal
I1013 18:23:35.278120 41904 runtime_context.cpp:29] DecreaseCounter constructing_actor_cnt, current val is 193
I1013 18:23:35.278187 41900 thread.cpp:96] Thread 17829888 construct Actor kNormalForward 37391985278990
I1013 18:23:35.278312 41900 runtime_context.cpp:29] DecreaseCounter constructing_actor_cnt, current val is 192
I1013 18:23:35.278388 41904 naive_actor.cpp:25] actor 37391991570448 switch to &NaiveActor::HandlerNormal
I1013 18:23:35.278432 41904 thread.cpp:96] Thread 17829891 construct Actor kCollectiveBoxingGeneric 37391991570448
I1013 18:23:35.278489 41904 runtime_context.cpp:29] DecreaseCounter constructing_actor_cnt, current val is 191
I1013 18:23:35.278668 41904 naive_actor.cpp:25] actor 37391991570447 switch to &NaiveActor::HandlerNormal
I1013 18:23:35.278713 41904 thread.cpp:96] Thread 17829891 construct Actor kCollectiveBoxingGeneric 37391991570447
I1013 18:23:35.278774 41904 runtime_context.cpp:29] DecreaseCounter constructing_actor_cnt, current val is 190
I1013 18:23:35.278934 41904 naive_actor.cpp:25] actor 37391991570434 switch to &NaiveActor::HandlerNormal
I1013 18:23:35.278997 41904 thread.cpp:96] Thread 17829891 construct Actor kCollectiveBoxingGeneric 37391991570434
I1013 18:23:35.279057 41904 runtime_context.cpp:29] DecreaseCounter constructing_actor_cnt, current val is 189
I1013 18:23:35.279630 41900 naive_actor.cpp:25] actor 37391985278997 switch to &NaiveActor::HandlerNormal
I1013 18:23:35.279686 41900 thread.cpp:96] Thread 17829888 construct Actor kNormalForward 37391985278997
I1013 18:23:35.279767 41900 runtime_context.cpp:29] DecreaseCounter constructing_actor_cnt, current val is 188
I1013 18:23:35.280681 41900 naive_actor.cpp:25] actor 37391985278984 switch to &NaiveActor::HandlerNormal
I1013 18:23:35.280735 41900 thread.cpp:96] Thread 17829888 construct Actor kNormalForward 37391985278984
I1013 18:23:35.280829 41900 runtime_context.cpp:29] DecreaseCounter constructing_actor_cnt, current val is 187
I1013 18:23:35.281801 41900 naive_actor.cpp:25] actor 37391985278993 switch to &NaiveActor::HandlerNormal
I1013 18:23:35.281855 41900 thread.cpp:96] Thread 17829888 construct Actor kNormalForward 37391985278993
I1013 18:23:35.281949 41900 runtime_context.cpp:29] DecreaseCounter constructing_actor_cnt, current val is 186
I1013 18:23:35.282613 41902 naive_actor.cpp:25] actor 36283883716608 switch to &NaiveActor::HandlerNormal
I1013 18:23:35.282672 41902 thread.cpp:96] Thread 17301504 construct Actor kNormalForward 36283883716608
I1013 18:23:35.282752 41900 naive_actor.cpp:25] actor 37391985279017 switch to &NaiveActor::HandlerNormal
I1013 18:23:35.282771 41902 runtime_context.cpp:29] DecreaseCounter constructing_actor_cnt, current val is 185
I1013 18:23:35.282805 41900 thread.cpp:96] Thread 17829888 construct Actor kNormalForward 37391985279017
I1013 18:23:35.282912 41900 runtime_context.cpp:29] DecreaseCounter constructing_actor_cnt, current val is 184
I1013 18:23:35.283803 41902 naive_actor.cpp:25] actor 36283883716610 switch to &NaiveActor::HandlerNormal
I1013 18:23:35.283875 41902 thread.cpp:96] Thread 17301504 construct Actor kNormalForward 36283883716610
I1013 18:23:35.283924 41900 naive_actor.cpp:25] actor 37391985278982 switch to &NaiveActor::HandlerNormal
I1013 18:23:35.284042 41902 runtime_context.cpp:29] DecreaseCounter constructing_actor_cnt, current val is 183
I1013 18:23:35.284070 41900 thread.cpp:96] Thread 17829888 construct Actor kNormalForward 37391985278982
I1013 18:23:35.284183 41900 runtime_context.cpp:29] DecreaseCounter constructing_actor_cnt, current val is 182
I1013 18:23:35.284938 41900 naive_actor.cpp:25] actor 37391985278988 switch to &NaiveActor::HandlerNormal
I1013 18:23:35.284988 41900 thread.cpp:96] Thread 17829888 construct Actor kNormalForward 37391985278988
I1013 18:23:35.285058 41900 runtime_context.cpp:29] DecreaseCounter constructing_actor_cnt, current val is 181
I1013 18:23:35.285787 41900 naive_actor.cpp:25] actor 37391985278991 switch to &NaiveActor::HandlerNormal
I1013 18:23:35.285835 41900 thread.cpp:96] Thread 17829888 construct Actor kNormalForward 37391985278991
I1013 18:23:35.285902 41900 runtime_context.cpp:29] DecreaseCounter constructing_actor_cnt, current val is 180
I1013 18:23:35.286592 41900 naive_actor.cpp:25] actor 37391985279005 switch to &NaiveActor::HandlerNormal
I1013 18:23:35.286638 41900 thread.cpp:96] Thread 17829888 construct Actor kNormalForward 37391985279005
I1013 18:23:35.286701 41900 runtime_context.cpp:29] DecreaseCounter constructing_actor_cnt, current val is 179
I1013 18:23:35.286978 41900 naive_actor.cpp:25] actor 37391985278999 switch to &NaiveActor::HandlerNormal
I1013 18:23:35.287024 41900 thread.cpp:96] Thread 17829888 construct Actor kNormalForward 37391985278999
I1013 18:23:35.287089 41900 runtime_context.cpp:29] DecreaseCounter constructing_actor_cnt, current val is 178
I1013 18:23:35.287837 41900 naive_actor.cpp:25] actor 37391985278980 switch to &NaiveActor::HandlerNormal
I1013 18:23:35.287880 41900 thread.cpp:96] Thread 17829888 construct Actor kNormalForward 37391985278980
I1013 18:23:35.287952 41900 runtime_context.cpp:29] DecreaseCounter constructing_actor_cnt, current val is 177
I1013 18:23:35.288753 41900 naive_actor.cpp:25] actor 37391985278978 switch to &NaiveActor::HandlerNormal
I1013 18:23:35.288796 41900 thread.cpp:96] Thread 17829888 construct Actor kNormalForward 37391985278978
I1013 18:23:35.288868 41900 runtime_context.cpp:29] DecreaseCounter constructing_actor_cnt, current val is 176
I1013 18:23:35.289499 41900 naive_actor.cpp:25] actor 37391985279002 switch to &NaiveActor::HandlerNormal
I1013 18:23:35.289546 41900 thread.cpp:96] Thread 17829888 construct Actor kNormalForward 37391985279002
I1013 18:23:35.289608 41900 runtime_context.cpp:29] DecreaseCounter constructing_actor_cnt, current val is 175
I1013 18:23:35.290366 41900 naive_actor.cpp:25] actor 37391985279026 switch to &NaiveActor::HandlerNormal
I1013 18:23:35.290412 41900 thread.cpp:96] Thread 17829888 construct Actor kNormalForward 37391985279026
I1013 18:23:35.290482 41900 runtime_context.cpp:29] DecreaseCounter constructing_actor_cnt, current val is 174
I1013 18:23:35.291100 41900 naive_actor.cpp:25] actor 37391985279010 switch to &NaiveActor::HandlerNormal
I1013 18:23:35.291144 41900 thread.cpp:96] Thread 17829888 construct Actor kNormalForward 37391985279010
I1013 18:23:35.291211 41900 runtime_context.cpp:29] DecreaseCounter constructing_actor_cnt, current val is 173
I1013 18:23:35.292228 41900 naive_actor.cpp:25] actor 37391985279011 switch to &NaiveActor::HandlerNormal
I1013 18:23:35.292281 41900 thread.cpp:96] Thread 17829888 construct Actor kNormalForward 37391985279011
I1013 18:23:35.292356 41900 runtime_context.cpp:29] DecreaseCounter constructing_actor_cnt, current val is 172
I1013 18:23:35.292989 41900 naive_actor.cpp:25] actor 37391985278989 switch to &NaiveActor::HandlerNormal
I1013 18:23:35.293043 41900 thread.cpp:96] Thread 17829888 construct Actor kNormalForward 37391985278989
I1013 18:23:35.293107 41900 runtime_context.cpp:29] DecreaseCounter constructing_actor_cnt, current val is 171
I1013 18:23:35.293820 41900 naive_actor.cpp:25] actor 37391985279021 switch to &NaiveActor::HandlerNormal
I1013 18:23:35.293921 41900 thread.cpp:96] Thread 17829888 construct Actor kNormalForward 37391985279021
I1013 18:23:35.294019 41900 runtime_context.cpp:29] DecreaseCounter constructing_actor_cnt, current val is 170
I1013 18:23:35.294284 41900 naive_actor.cpp:25] actor 37391985279008 switch to &NaiveActor::HandlerNormal
I1013 18:23:35.294325 41900 thread.cpp:96] Thread 17829888 construct Actor kNormalForward 37391985279008
I1013 18:23:35.294382 41900 runtime_context.cpp:29] DecreaseCounter constructing_actor_cnt, current val is 169
I1013 18:23:35.294663 41900 naive_actor.cpp:25] actor 37391985278992 switch to &NaiveActor::HandlerNormal
I1013 18:23:35.294706 41900 thread.cpp:96] Thread 17829888 construct Actor kNormalForward 37391985278992
I1013 18:23:35.294770 41900 runtime_context.cpp:29] DecreaseCounter constructing_actor_cnt, current val is 168
I1013 18:23:35.295431 41900 naive_actor.cpp:25] actor 37391985279016 switch to &NaiveActor::HandlerNormal
I1013 18:23:35.295478 41900 thread.cpp:96] Thread 17829888 construct Actor kNormalForward 37391985279016
I1013 18:23:35.295542 41900 runtime_context.cpp:29] DecreaseCounter constructing_actor_cnt, current val is 167
I1013 18:23:35.296236 41900 naive_actor.cpp:25] actor 37391985279041 switch to &NaiveActor::HandlerNormal
I1013 18:23:35.296276 41900 thread.cpp:96] Thread 17829888 construct Actor kNormalForward 37391985279041
I1013 18:23:35.296355 41900 runtime_context.cpp:29] DecreaseCounter constructing_actor_cnt, current val is 166
I1013 18:23:35.296624 41900 naive_actor.cpp:25] actor 37391985279015 switch to &NaiveActor::HandlerNormal
I1013 18:23:35.296666 41900 thread.cpp:96] Thread 17829888 construct Actor kNormalForward 37391985279015
I1013 18:23:35.296725 41900 runtime_context.cpp:29] DecreaseCounter constructing_actor_cnt, current val is 165
I1013 18:23:35.297379 41900 naive_actor.cpp:25] actor 37391985279012 switch to &NaiveActor::HandlerNormal
I1013 18:23:35.297426 41900 thread.cpp:96] Thread 17829888 construct Actor kNormalForward 37391985279012
I1013 18:23:35.297492 41900 runtime_context.cpp:29] DecreaseCounter constructing_actor_cnt, current val is 164
I1013 18:23:35.297760 41900 naive_actor.cpp:25] actor 37391985278985 switch to &NaiveActor::HandlerNormal
I1013 18:23:35.297799 41900 thread.cpp:96] Thread 17829888 construct Actor kNormalForward 37391985278985
I1013 18:23:35.297859 41900 runtime_context.cpp:29] DecreaseCounter constructing_actor_cnt, current val is 163
I1013 18:23:35.298126 41900 naive_actor.cpp:25] actor 37391985279036 switch to &NaiveActor::HandlerNormal
I1013 18:23:35.298171 41900 thread.cpp:96] Thread 17829888 construct Actor kNormalForward 37391985279036
I1013 18:23:35.298228 41900 runtime_context.cpp:29] DecreaseCounter constructing_actor_cnt, current val is 162
I1013 18:23:35.298482 41900 naive_actor.cpp:25] actor 37391985279029 switch to &NaiveActor::HandlerNormal
I1013 18:23:35.298523 41900 thread.cpp:96] Thread 17829888 construct Actor kNormalForward 37391985279029
I1013 18:23:35.298589 41900 runtime_context.cpp:29] DecreaseCounter constructing_actor_cnt, current val is 161
I1013 18:23:35.298823 41900 naive_actor.cpp:25] actor 37391985278994 switch to &NaiveActor::HandlerNormal
I1013 18:23:35.298871 41900 thread.cpp:96] Thread 17829888 construct Actor kNormalForward 37391985278994
I1013 18:23:35.298929 41900 runtime_context.cpp:29] DecreaseCounter constructing_actor_cnt, current val is 160
I1013 18:23:35.299612 41900 naive_actor.cpp:25] actor 37391985279023 switch to &NaiveActor::HandlerNormal
I1013 18:23:35.299671 41900 thread.cpp:96] Thread 17829888 construct Actor kNormalForward 37391985279023
I1013 18:23:35.299741 41900 runtime_context.cpp:29] DecreaseCounter constructing_actor_cnt, current val is 159
I1013 18:23:35.300431 41900 naive_actor.cpp:25] actor 37391985279000 switch to &NaiveActor::HandlerNormal
I1013 18:23:35.300477 41900 thread.cpp:96] Thread 17829888 construct Actor kNormalForward 37391985279000
I1013 18:23:35.300540 41900 runtime_context.cpp:29] DecreaseCounter constructing_actor_cnt, current val is 158
I1013 18:23:35.301302 41900 naive_actor.cpp:25] actor 37391985279060 switch to &NaiveActor::HandlerNormal
I1013 18:23:35.301352 41900 thread.cpp:96] Thread 17829888 construct Actor kNormalForward 37391985279060
I1013 18:23:35.301426 41900 runtime_context.cpp:29] DecreaseCounter constructing_actor_cnt, current val is 157
I1013 18:23:35.302028 41900 naive_actor.cpp:25] actor 37391985279024 switch to &NaiveActor::HandlerNormal
I1013 18:23:35.302084 41900 thread.cpp:96] Thread 17829888 construct Actor kNormalForward 37391985279024
I1013 18:23:35.302146 41900 runtime_context.cpp:29] DecreaseCounter constructing_actor_cnt, current val is 156
I1013 18:23:35.302835 41900 naive_actor.cpp:25] actor 37391985279048 switch to &NaiveActor::HandlerNormal
I1013 18:23:35.302889 41900 thread.cpp:96] Thread 17829888 construct Actor kNormalForward 37391985279048
I1013 18:23:35.302954 41900 runtime_context.cpp:29] DecreaseCounter constructing_actor_cnt, current val is 155
I1013 18:23:35.303660 41900 naive_actor.cpp:25] actor 37391985279050 switch to &NaiveActor::HandlerNormal
I1013 18:23:35.303702 41900 thread.cpp:96] Thread 17829888 construct Actor kNormalForward 37391985279050
I1013 18:23:35.303771 41900 runtime_context.cpp:29] DecreaseCounter constructing_actor_cnt, current val is 154
I1013 18:23:35.304453 41900 naive_actor.cpp:25] actor 37391985279035 switch to &NaiveActor::HandlerNormal
I1013 18:23:35.304500 41900 thread.cpp:96] Thread 17829888 construct Actor kNormalForward 37391985279035
I1013 18:23:35.304572 41900 runtime_context.cpp:29] DecreaseCounter constructing_actor_cnt, current val is 153
I1013 18:23:35.305218 41900 naive_actor.cpp:25] actor 37391985279063 switch to &NaiveActor::HandlerNormal
I1013 18:23:35.305261 41900 thread.cpp:96] Thread 17829888 construct Actor kNormalForward 37391985279063
I1013 18:23:35.305321 41900 runtime_context.cpp:29] DecreaseCounter constructing_actor_cnt, current val is 152
I1013 18:23:35.305997 41900 naive_actor.cpp:25] actor 37391985278983 switch to &NaiveActor::HandlerNormal
I1013 18:23:35.306025 41900 thread.cpp:96] Thread 17829888 construct Actor kNormalForward 37391985278983
I1013 18:23:35.306082 41900 runtime_context.cpp:29] DecreaseCounter constructing_actor_cnt, current val is 151
I1013 18:23:35.306741 41900 naive_actor.cpp:25] actor 37391985279065 switch to &NaiveActor::HandlerNormal
I1013 18:23:35.306787 41900 thread.cpp:96] Thread 17829888 construct Actor kNormalForward 37391985279065
I1013 18:23:35.306869 41900 runtime_context.cpp:29] DecreaseCounter constructing_actor_cnt, current val is 150
I1013 18:23:35.307613 41900 naive_actor.cpp:25] actor 37391985279089 switch to &NaiveActor::HandlerNormal
I1013 18:23:35.307653 41900 thread.cpp:96] Thread 17829888 construct Actor kNormalForward 37391985279089
I1013 18:23:35.307720 41900 runtime_context.cpp:29] DecreaseCounter constructing_actor_cnt, current val is 149
I1013 18:23:35.308368 41900 naive_actor.cpp:25] actor 37391985278995 switch to &NaiveActor::HandlerNormal
I1013 18:23:35.308413 41900 thread.cpp:96] Thread 17829888 construct Actor kNormalForward 37391985278995
I1013 18:23:35.308470 41900 runtime_context.cpp:29] DecreaseCounter constructing_actor_cnt, current val is 148
I1013 18:23:35.309094 41900 naive_actor.cpp:25] actor 37391985279045 switch to &NaiveActor::HandlerNormal
I1013 18:23:35.309137 41900 thread.cpp:96] Thread 17829888 construct Actor kNormalForward 37391985279045
I1013 18:23:35.309190 41900 runtime_context.cpp:29] DecreaseCounter constructing_actor_cnt, current val is 147
I1013 18:23:35.309859 41900 naive_actor.cpp:25] actor 37391985279077 switch to &NaiveActor::HandlerNormal
I1013 18:23:35.309903 41900 thread.cpp:96] Thread 17829888 construct Actor kNormalForward 37391985279077
I1013 18:23:35.309962 41900 runtime_context.cpp:29] DecreaseCounter constructing_actor_cnt, current val is 146
I1013 18:23:35.310612 41900 naive_actor.cpp:25] actor 37391985279058 switch to &NaiveActor::HandlerNormal
I1013 18:23:35.310653 41900 thread.cpp:96] Thread 17829888 construct Actor kNormalForward 37391985279058
I1013 18:23:35.310770 41900 runtime_context.cpp:29] DecreaseCounter constructing_actor_cnt, current val is 145
I1013 18:23:35.311360 41900 naive_actor.cpp:25] actor 37391985279040 switch to &NaiveActor::HandlerNormal
I1013 18:23:35.311401 41900 thread.cpp:96] Thread 17829888 construct Actor kNormalForward 37391985279040
I1013 18:23:35.311462 41900 runtime_context.cpp:29] DecreaseCounter constructing_actor_cnt, current val is 144
I1013 18:23:35.311745 41900 naive_actor.cpp:25] actor 37391985279006 switch to &NaiveActor::HandlerNormal
I1013 18:23:35.311792 41900 thread.cpp:96] Thread 17829888 construct Actor kNormalForward 37391985279006
I1013 18:23:35.311851 41900 runtime_context.cpp:29] DecreaseCounter constructing_actor_cnt, current val is 143
I1013 18:23:35.312477 41900 naive_actor.cpp:25] actor 37391985279056 switch to &NaiveActor::HandlerNormal
I1013 18:23:35.312521 41900 thread.cpp:96] Thread 17829888 construct Actor kNormalForward 37391985279056
I1013 18:23:35.312587 41900 runtime_context.cpp:29] DecreaseCounter constructing_actor_cnt, current val is 142
I1013 18:23:35.313239 41900 naive_actor.cpp:25] actor 37391985279039 switch to &NaiveActor::HandlerNormal
I1013 18:23:35.313284 41900 thread.cpp:96] Thread 17829888 construct Actor kNormalForward 37391985279039
I1013 18:23:35.313342 41900 runtime_context.cpp:29] DecreaseCounter constructing_actor_cnt, current val is 141
I1013 18:23:35.313953 41900 naive_actor.cpp:25] actor 37391985278979 switch to &NaiveActor::HandlerNormal
I1013 18:23:35.314004 41900 thread.cpp:96] Thread 17829888 construct Actor kNormalForward 37391985278979
I1013 18:23:35.314085 41900 runtime_context.cpp:29] DecreaseCounter constructing_actor_cnt, current val is 140
I1013 18:23:35.314767 41900 naive_actor.cpp:25] actor 37391985279080 switch to &NaiveActor::HandlerNormal
I1013 18:23:35.314810 41900 thread.cpp:96] Thread 17829888 construct Actor kNormalForward 37391985279080
I1013 18:23:35.314878 41900 runtime_context.cpp:29] DecreaseCounter constructing_actor_cnt, current val is 139
I1013 18:23:35.315536 41900 naive_actor.cpp:25] actor 37391985279009 switch to &NaiveActor::HandlerNormal
I1013 18:23:35.315587 41900 thread.cpp:96] Thread 17829888 construct Actor kNormalForward 37391985279009
I1013 18:23:35.315649 41900 runtime_context.cpp:29] DecreaseCounter constructing_actor_cnt, current val is 138
I1013 18:23:35.316270 41900 naive_actor.cpp:25] actor 37391985279061 switch to &NaiveActor::HandlerNormal
I1013 18:23:35.316316 41900 thread.cpp:96] Thread 17829888 construct Actor kNormalForward 37391985279061
I1013 18:23:35.316380 41900 runtime_context.cpp:29] DecreaseCounter constructing_actor_cnt, current val is 137
I1013 18:23:35.317029 41900 naive_actor.cpp:25] actor 37391985279059 switch to &NaiveActor::HandlerNormal
I1013 18:23:35.317070 41900 thread.cpp:96] Thread 17829888 construct Actor kNormalForward 37391985279059
I1013 18:23:35.317147 41900 runtime_context.cpp:29] DecreaseCounter constructing_actor_cnt, current val is 136
I1013 18:23:35.317438 41900 naive_actor.cpp:25] actor 37391985279053 switch to &NaiveActor::HandlerNormal
I1013 18:23:35.317481 41900 thread.cpp:96] Thread 17829888 construct Actor kNormalForward 37391985279053
I1013 18:23:35.317538 41900 runtime_context.cpp:29] DecreaseCounter constructing_actor_cnt, current val is 135
I1013 18:23:35.318607 41900 naive_actor.cpp:25] actor 37391985279018 switch to &NaiveActor::HandlerNormal
I1013 18:23:35.318652 41900 thread.cpp:96] Thread 17829888 construct Actor kNormalForward 37391985279018
I1013 18:23:35.318713 41900 runtime_context.cpp:29] DecreaseCounter constructing_actor_cnt, current val is 134
I1013 18:23:35.319952 41900 naive_actor.cpp:25] actor 37391985279004 switch to &NaiveActor::HandlerNormal
I1013 18:23:35.319998 41900 thread.cpp:96] Thread 17829888 construct Actor kNormalForward 37391985279004
I1013 18:23:35.320058 41900 runtime_context.cpp:29] DecreaseCounter constructing_actor_cnt, current val is 133
I1013 18:23:35.320786 41900 naive_actor.cpp:25] actor 37391985279057 switch to &NaiveActor::HandlerNormal
I1013 18:23:35.320834 41900 thread.cpp:96] Thread 17829888 construct Actor kNormalForward 37391985279057
I1013 18:23:35.320998 41900 runtime_context.cpp:29] DecreaseCounter constructing_actor_cnt, current val is 132
I1013 18:23:35.321758 41900 naive_actor.cpp:25] actor 37391985279028 switch to &NaiveActor::HandlerNormal
I1013 18:23:35.321805 41900 thread.cpp:96] Thread 17829888 construct Actor kNormalForward 37391985279028
I1013 18:23:35.321868 41900 runtime_context.cpp:29] DecreaseCounter constructing_actor_cnt, current val is 131
I1013 18:23:35.322114 41900 naive_actor.cpp:25] actor 37391985279001 switch to &NaiveActor::HandlerNormal
I1013 18:23:35.322156 41900 thread.cpp:96] Thread 17829888 construct Actor kNormalForward 37391985279001
I1013 18:23:35.322214 41900 runtime_context.cpp:29] DecreaseCounter constructing_actor_cnt, current val is 130
I1013 18:23:35.322949 41900 naive_actor.cpp:25] actor 37391985279084 switch to &NaiveActor::HandlerNormal
I1013 18:23:35.322995 41900 thread.cpp:96] Thread 17829888 construct Actor kNormalForward 37391985279084
I1013 18:23:35.323060 41900 runtime_context.cpp:29] DecreaseCounter constructing_actor_cnt, current val is 129
I1013 18:23:35.323630 41900 naive_actor.cpp:25] actor 37391985278996 switch to &NaiveActor::HandlerNormal
I1013 18:23:35.323684 41900 thread.cpp:96] Thread 17829888 construct Actor kNormalForward 37391985278996
I1013 18:23:35.323745 41900 runtime_context.cpp:29] DecreaseCounter constructing_actor_cnt, current val is 128
I1013 18:23:35.324280 41900 naive_actor.cpp:25] actor 37391985279108 switch to &NaiveActor::HandlerNormal
I1013 18:23:35.324326 41900 thread.cpp:96] Thread 17829888 construct Actor kNormalForward 37391985279108
I1013 18:23:35.324381 41900 runtime_context.cpp:29] DecreaseCounter constructing_actor_cnt, current val is 127
I1013 18:23:35.324968 41900 naive_actor.cpp:25] actor 37391985279078 switch to &NaiveActor::HandlerNormal
I1013 18:23:35.325009 41900 thread.cpp:96] Thread 17829888 construct Actor kNormalForward 37391985279078
I1013 18:23:35.325073 41900 runtime_context.cpp:29] DecreaseCounter constructing_actor_cnt, current val is 126
I1013 18:23:35.325683 41900 naive_actor.cpp:25] actor 37391985279087 switch to &NaiveActor::HandlerNormal
I1013 18:23:35.325727 41900 thread.cpp:96] Thread 17829888 construct Actor kNormalForward 37391985279087
I1013 18:23:35.325785 41900 runtime_context.cpp:29] DecreaseCounter constructing_actor_cnt, current val is 125
I1013 18:23:35.326496 41900 naive_actor.cpp:25] actor 37391985279007 switch to &NaiveActor::HandlerNormal
I1013 18:23:35.326547 41900 thread.cpp:96] Thread 17829888 construct Actor kNormalForward 37391985279007
I1013 18:23:35.326617 41900 runtime_context.cpp:29] DecreaseCounter constructing_actor_cnt, current val is 124
I1013 18:23:35.327528 41900 naive_actor.cpp:25] actor 37391985279067 switch to &NaiveActor::HandlerNormal
I1013 18:23:35.327737 41900 thread.cpp:96] Thread 17829888 construct Actor kNormalForward 37391985279067
I1013 18:23:35.327879 41900 runtime_context.cpp:29] DecreaseCounter constructing_actor_cnt, current val is 123
I1013 18:23:35.328925 41900 naive_actor.cpp:25] actor 37391985279113 switch to &NaiveActor::HandlerNormal
I1013 18:23:35.328984 41900 thread.cpp:96] Thread 17829888 construct Actor kNormalForward 37391985279113
I1013 18:23:35.329072 41900 runtime_context.cpp:29] DecreaseCounter constructing_actor_cnt, current val is 122
I1013 18:23:35.329459 41900 naive_actor.cpp:25] actor 37391985279013 switch to &NaiveActor::HandlerNormal
I1013 18:23:35.329521 41900 thread.cpp:96] Thread 17829888 construct Actor kNormalForward 37391985279013
I1013 18:23:35.329612 41900 runtime_context.cpp:29] DecreaseCounter constructing_actor_cnt, current val is 121
I1013 18:23:35.330519 41900 naive_actor.cpp:25] actor 37391985279019 switch to &NaiveActor::HandlerNormal
I1013 18:23:35.330590 41900 thread.cpp:96] Thread 17829888 construct Actor kNormalForward 37391985279019
I1013 18:23:35.330678 41900 runtime_context.cpp:29] DecreaseCounter constructing_actor_cnt, current val is 120
I1013 18:23:35.331645 41900 naive_actor.cpp:25] actor 37391985279037 switch to &NaiveActor::HandlerNormal
I1013 18:23:35.331750 41900 thread.cpp:96] Thread 17829888 construct Actor kNormalForward 37391985279037
I1013 18:23:35.331881 41900 runtime_context.cpp:29] DecreaseCounter constructing_actor_cnt, current val is 119
I1013 18:23:35.333209 41900 naive_actor.cpp:25] actor 37391985279032 switch to &NaiveActor::HandlerNormal
I1013 18:23:35.333266 41900 thread.cpp:96] Thread 17829888 construct Actor kNormalForward 37391985279032
I1013 18:23:35.333346 41900 runtime_context.cpp:29] DecreaseCounter constructing_actor_cnt, current val is 118
I1013 18:23:35.334372 41900 naive_actor.cpp:25] actor 37391985279101 switch to &NaiveActor::HandlerNormal
I1013 18:23:35.334431 41900 thread.cpp:96] Thread 17829888 construct Actor kNormalForward 37391985279101
I1013 18:23:35.334519 41900 runtime_context.cpp:29] DecreaseCounter constructing_actor_cnt, current val is 117
I1013 18:23:35.335496 41900 naive_actor.cpp:25] actor 37391985279082 switch to &NaiveActor::HandlerNormal
I1013 18:23:35.335552 41900 thread.cpp:96] Thread 17829888 construct Actor kNormalForward 37391985279082
I1013 18:23:35.335649 41900 runtime_context.cpp:29] DecreaseCounter constructing_actor_cnt, current val is 116
I1013 18:23:35.336542 41900 naive_actor.cpp:25] actor 37391985279030 switch to &NaiveActor::HandlerNormal
I1013 18:23:35.336606 41900 thread.cpp:96] Thread 17829888 construct Actor kNormalForward 37391985279030
I1013 18:23:35.336757 41900 runtime_context.cpp:29] DecreaseCounter constructing_actor_cnt, current val is 115
I1013 18:23:35.337520 41900 naive_actor.cpp:25] actor 37391985279003 switch to &NaiveActor::HandlerNormal
I1013 18:23:35.337586 41900 thread.cpp:96] Thread 17829888 construct Actor kNormalForward 37391985279003
I1013 18:23:35.337669 41900 runtime_context.cpp:29] DecreaseCounter constructing_actor_cnt, current val is 114
I1013 18:23:35.338560 41900 naive_actor.cpp:25] actor 37391985279033 switch to &NaiveActor::HandlerNormal
I1013 18:23:35.338616 41900 thread.cpp:96] Thread 17829888 construct Actor kNormalForward 37391985279033
I1013 18:23:35.338696 41900 runtime_context.cpp:29] DecreaseCounter constructing_actor_cnt, current val is 113
I1013 18:23:35.339525 41900 naive_actor.cpp:25] actor 37391985279085 switch to &NaiveActor::HandlerNormal
I1013 18:23:35.339584 41900 thread.cpp:96] Thread 17829888 construct Actor kNormalForward 37391985279085
I1013 18:23:35.339668 41900 runtime_context.cpp:29] DecreaseCounter constructing_actor_cnt, current val is 112
I1013 18:23:35.340436 41900 naive_actor.cpp:25] actor 37391985279083 switch to &NaiveActor::HandlerNormal
I1013 18:23:35.340488 41900 thread.cpp:96] Thread 17829888 construct Actor kNormalForward 37391985279083
I1013 18:23:35.340579 41900 runtime_context.cpp:29] DecreaseCounter constructing_actor_cnt, current val is 111
I1013 18:23:35.341369 41900 naive_actor.cpp:25] actor 37391985279042 switch to &NaiveActor::HandlerNormal
I1013 18:23:35.341419 41900 thread.cpp:96] Thread 17829888 construct Actor kNormalForward 37391985279042
I1013 18:23:35.341497 41900 runtime_context.cpp:29] DecreaseCounter constructing_actor_cnt, current val is 110
I1013 18:23:35.342351 41900 naive_actor.cpp:25] actor 37391985279047 switch to &NaiveActor::HandlerNormal
I1013 18:23:35.342424 41900 thread.cpp:96] Thread 17829888 construct Actor kNormalForward 37391985279047
I1013 18:23:35.342504 41900 runtime_context.cpp:29] DecreaseCounter constructing_actor_cnt, current val is 109
I1013 18:23:35.343366 41900 naive_actor.cpp:25] actor 37391985278998 switch to &NaiveActor::HandlerNormal
I1013 18:23:35.343422 41900 thread.cpp:96] Thread 17829888 construct Actor kNormalForward 37391985278998
I1013 18:23:35.343499 41900 runtime_context.cpp:29] DecreaseCounter constructing_actor_cnt, current val is 108
I1013 18:23:35.343876 41900 naive_actor.cpp:25] actor 37391985279052 switch to &NaiveActor::HandlerNormal
I1013 18:23:35.343928 41900 thread.cpp:96] Thread 17829888 construct Actor kNormalForward 37391985279052
I1013 18:23:35.344002 41900 runtime_context.cpp:29] DecreaseCounter constructing_actor_cnt, current val is 107
I1013 18:23:35.345379 41900 naive_actor.cpp:25] actor 37391985279025 switch to &NaiveActor::HandlerNormal
I1013 18:23:35.345443 41900 thread.cpp:96] Thread 17829888 construct Actor kNormalForward 37391985279025
I1013 18:23:35.345525 41900 runtime_context.cpp:29] DecreaseCounter constructing_actor_cnt, current val is 106
I1013 18:23:35.346495 41900 naive_actor.cpp:25] actor 37391985279070 switch to &NaiveActor::HandlerNormal
I1013 18:23:35.346547 41900 thread.cpp:96] Thread 17829888 construct Actor kNormalForward 37391985279070
I1013 18:23:35.346640 41900 runtime_context.cpp:29] DecreaseCounter constructing_actor_cnt, current val is 105
I1013 18:23:35.346963 41900 naive_actor.cpp:25] actor 37391985279020 switch to &NaiveActor::HandlerNormal
I1013 18:23:35.347013 41900 thread.cpp:96] Thread 17829888 construct Actor kNormalForward 37391985279020
I1013 18:23:35.347083 41900 runtime_context.cpp:29] DecreaseCounter constructing_actor_cnt, current val is 104
I1013 18:23:35.347414 41900 naive_actor.cpp:25] actor 37391985279132 switch to &NaiveActor::HandlerNormal
I1013 18:23:35.347465 41900 thread.cpp:96] Thread 17829888 construct Actor kNormalForward 37391985279132
I1013 18:23:35.347535 41900 runtime_context.cpp:29] DecreaseCounter constructing_actor_cnt, current val is 103
I1013 18:23:35.347854 41900 naive_actor.cpp:25] actor 37391985279034 switch to &NaiveActor::HandlerNormal
I1013 18:23:35.347904 41900 thread.cpp:96] Thread 17829888 construct Actor kNormalForward 37391985279034
I1013 18:23:35.347975 41900 runtime_context.cpp:29] DecreaseCounter constructing_actor_cnt, current val is 102
I1013 18:23:35.348315 41900 naive_actor.cpp:25] actor 37391985279156 switch to &NaiveActor::HandlerNormal
I1013 18:23:35.348363 41900 thread.cpp:96] Thread 17829888 construct Actor kNormalForward 37391985279156
I1013 18:23:35.348445 41900 runtime_context.cpp:29] DecreaseCounter constructing_actor_cnt, current val is 101
I1013 18:23:35.349298 41900 naive_actor.cpp:25] actor 37391985279102 switch to &NaiveActor::HandlerNormal
I1013 18:23:35.349346 41900 thread.cpp:96] Thread 17829888 construct Actor kNormalForward 37391985279102
I1013 18:23:35.349422 41900 runtime_context.cpp:29] DecreaseCounter constructing_actor_cnt, current val is 100
I1013 18:23:35.350422 41900 naive_actor.cpp:25] actor 37391985279071 switch to &NaiveActor::HandlerNormal
I1013 18:23:35.350476 41900 thread.cpp:96] Thread 17829888 construct Actor kNormalForward 37391985279071
I1013 18:23:35.350556 41900 runtime_context.cpp:29] DecreaseCounter constructing_actor_cnt, current val is 99
I1013 18:23:35.350919 41900 naive_actor.cpp:25] actor 37391985279055 switch to &NaiveActor::HandlerNormal
I1013 18:23:35.350970 41900 thread.cpp:96] Thread 17829888 construct Actor kNormalForward 37391985279055
I1013 18:23:35.351037 41900 runtime_context.cpp:29] DecreaseCounter constructing_actor_cnt, current val is 98
I1013 18:23:35.351781 41900 naive_actor.cpp:25] actor 37391985279111 switch to &NaiveActor::HandlerNormal
I1013 18:23:35.351838 41900 thread.cpp:96] Thread 17829888 construct Actor kNormalForward 37391985279111
I1013 18:23:35.351912 41900 runtime_context.cpp:29] DecreaseCounter constructing_actor_cnt, current val is 97
I1013 18:23:35.352607 41900 naive_actor.cpp:25] actor 37391985279031 switch to &NaiveActor::HandlerNormal
I1013 18:23:35.352667 41900 thread.cpp:96] Thread 17829888 construct Actor kNormalForward 37391985279031
I1013 18:23:35.352738 41900 runtime_context.cpp:29] DecreaseCounter constructing_actor_cnt, current val is 96
I1013 18:23:35.353554 41900 naive_actor.cpp:25] actor 37391985279091 switch to &NaiveActor::HandlerNormal
I1013 18:23:35.353613 41900 thread.cpp:96] Thread 17829888 construct Actor kNormalForward 37391985279091
I1013 18:23:35.353688 41900 runtime_context.cpp:29] DecreaseCounter constructing_actor_cnt, current val is 95
I1013 18:23:35.354468 41900 naive_actor.cpp:25] actor 37391985279069 switch to &NaiveActor::HandlerNormal
I1013 18:23:35.354528 41900 thread.cpp:96] Thread 17829888 construct Actor kNormalForward 37391985279069
I1013 18:23:35.354696 41900 runtime_context.cpp:29] DecreaseCounter constructing_actor_cnt, current val is 94
I1013 18:23:35.355484 41900 naive_actor.cpp:25] actor 37391985279115 switch to &NaiveActor::HandlerNormal
I1013 18:23:35.355528 41900 thread.cpp:96] Thread 17829888 construct Actor kNormalForward 37391985279115
I1013 18:23:35.355615 41900 runtime_context.cpp:29] DecreaseCounter constructing_actor_cnt, current val is 93
I1013 18:23:35.356552 41900 naive_actor.cpp:25] actor 37391985279137 switch to &NaiveActor::HandlerNormal
I1013 18:23:35.356621 41900 thread.cpp:96] Thread 17829888 construct Actor kNormalForward 37391985279137
I1013 18:23:35.356705 41900 runtime_context.cpp:29] DecreaseCounter constructing_actor_cnt, current val is 92
