Log file created at: 2021/10/13 18:32:49
Running on machine: oneflow-14
Log line format: [IWEF]mmdd hh:mm:ss.uuuuuu threadid file:line] msg
I1013 18:32:49.279840 13087 global.h:36] NewGlobal 14cudaDeviceProp
I1013 18:32:49.312451 13087 global.h:36] NewGlobal N7oneflow7EnvDescE
I1013 18:32:49.312523 13087 global.h:36] NewGlobal N7oneflow10ProcessCtxE
I1013 18:32:49.312547 13087 env_global_objects_scope.cpp:159] using rpc backend: gRPC
I1013 18:32:49.312559 13087 global.h:36] NewGlobal N7oneflow10CtrlServerE
I1013 18:32:49.313640 13087 ctrl_server.cpp:40] CtrlServer listening on 0.0.0.0:44298
I1013 18:32:49.313863 13087 rank_info_bootstrap_server.cpp:47] RankInfoBootstrapServer listening on 0.0.0.0:40543
I1013 18:32:49.315521 13087 rpc_client.cpp:187] LoadServer 127.0.0.1 Successful at 0 times
I1013 18:32:49.317241 13087 ctrl_bootstrap.cpp:76] 
ctrl_addr {
  host: "127.0.0.1"
  port: 36670
}
ctrl_addr {
  host: "127.0.0.1"
  port: 44298
}
rank: 1
node_size: 1
I1013 18:32:49.319504 13087 rpc_client.cpp:187] LoadServer 127.0.0.1 Successful at 0 times
I1013 18:32:49.327735 13087 rpc_client.cpp:187] LoadServer 127.0.0.1 Successful at 0 times
I1013 18:32:49.327885 13087 global.h:36] NewGlobal N7oneflow12ResourceDescE
I1013 18:32:49.327910 13087 global.h:36] NewGlobal N7oneflow12ResourceDescE
I1013 18:32:49.649173 13087 global.h:36] NewGlobal N7oneflow10ThreadPoolE
I1013 18:32:49.651602 13087 global.h:36] NewGlobal N7oneflow16EagerNcclCommMgrE
I1013 18:32:49.651648 13087 global.h:36] NewGlobal N7oneflow18CudnnConvAlgoCacheE
I1013 18:32:49.651659 13087 global.h:36] NewGlobal N7oneflow2vm19VirtualMachineScopeE
I1013 18:32:49.651681 13087 global.h:36] NewGlobal N7oneflow9OneflowVME
I1013 18:32:49.652505 13087 oneflow_vm.cpp:75] transport stream type: N7oneflow2vm13CpuStreamTypeE
I1013 18:32:49.652531 13087 oneflow_vm.cpp:75] transport stream type: N7oneflow2vm14CudaStreamTypeE
I1013 18:32:49.652542 13087 oneflow_vm.cpp:75] transport stream type: N7oneflow2vm19AsyncCudaStreamTypeE
I1013 18:32:49.652704 13087 global.h:36] NewGlobal N7oneflow27EagerJobBuildAndInferCtxMgrE
I1013 18:32:49.652741 13087 global.h:36] NewGlobal N7oneflow12EpollCommNetE
I1013 18:32:49.652930 13087 epoll_comm_network.cpp:63] CommNet:Epoll listening on 0.0.0.0:44492
I1013 18:32:49.660166 13087 epoll_comm_network.cpp:197] machine 0 sockfd 42
I1013 18:32:49.660220 13087 epoll_comm_network.cpp:197] machine 1 sockfd -1
I1013 18:32:49.660396 13087 global.h:36] NewGlobal N7oneflow9TransportE
I1013 18:32:49.661113 13087 global.h:36] NewGlobal N7oneflow25MultiClientSessionContextE
I1013 18:32:55.491525 13462 eager_nccl_comm_manager.cpp:69]  EagerNcclCommMgr::ncclCommInitRank device_vec.size() = 2, nccl_unique_id = 0200ffffffc9770b0b010e000000000000000000000000000000000000000000000000000000000000000000000000000000000000000000000000000000000000000000000000000000000000000000000000000000000000000000000000000000000000000000000000000000000000000000000000000000000000000000000000, rank = 1, key = {eager_nccl_unique_id_rpc_key,0:0,1:1}
I1013 18:32:56.207656 13087 version.cpp:22] OneFlow git version: b295ca2324
I1013 18:32:56.207713 13087 device_register_gpu.cpp:56] CUDA runtime version: 11.2
I1013 18:32:56.207754 13087 device_register_gpu.cpp:65] cuDNN version: 8.1.1
I1013 18:32:56.207768 13087 device_register_gpu.cpp:78] NCCL version: 2.9.8
I1013 18:32:56.207783 13087 global.h:43] DeleteGlobal N7oneflow12ResourceDescE
I1013 18:32:56.207809 13087 global.h:36] NewGlobal N7oneflow12ResourceDescE
I1013 18:32:56.207824 13087 global.h:36] NewGlobal N7oneflow5IDMgrE
I1013 18:32:56.207839 13087 global.h:36] NewGlobal N7oneflow26LazyJobBuildAndInferCtxMgrE
I1013 18:32:56.207851 13087 global.h:36] NewGlobal N7oneflow9BufferMgrISt10shared_ptrINS_11JobInstanceEEEE
I1013 18:32:56.207861 13087 global.h:36] NewGlobal N7oneflow10RuntimeCtxE
I1013 18:32:56.207870 13087 global.h:36] NewGlobal N7oneflow15MemoryAllocatorE
I1013 18:32:56.207878 13087 global.h:36] NewGlobal N7oneflow8ChunkMgrE
I1013 18:32:56.207887 13087 global.h:36] NewGlobal N7oneflow8RegstMgrE
I1013 18:32:56.207896 13087 global.h:36] NewGlobal N7oneflow11ActorMsgBusE
I1013 18:32:56.208084 13087 global.h:36] NewGlobal N7oneflow9ThreadMgrE
I1013 18:32:56.208107 13087 global.h:36] NewGlobal N7oneflow15RuntimeJobDescsE
I1013 18:32:56.208156 13087 global.h:36] NewGlobal N7oneflow7summary12EventsWriterE
I1013 18:32:56.208357 13087 global.h:36] NewGlobal N7oneflow6boxing10collective24CollectiveBoxingExecutorE
I1013 18:32:56.208423 13087 global.h:36] NewGlobal N7oneflow6boxing10collective31CollectiveBoxingDeviceCtxPollerE
I1013 18:32:56.217218 13087 global.h:36] NewGlobal N7oneflow7JobDescE
I1013 18:32:56.743623 13087 global.h:43] DeleteGlobal N7oneflow7JobDescE
I1013 18:32:56.746698 13087 global.h:36] NewGlobal N7oneflow7JobDescE
I1013 18:32:57.547724 13087 global.h:43] DeleteGlobal N7oneflow7JobDescE
I1013 18:32:57.665992 13087 global.h:36] NewGlobal N7oneflow7JobDescE
I1013 18:33:00.976022 13087 runtime_context.cpp:21] NewCounter constructing_actor_cnt 231
I1013 18:33:00.977119 13853 wait_and_send_ids_actor.cpp:53] actor 36283892105216 switch to &WaitAndSendIdsActor::HandlerWaitToStart
I1013 18:33:00.977283 13853 thread.cpp:96] Thread 17301508 construct Actor kWaitAndSendIds 36283892105216
I1013 18:33:00.977857 13853 runtime_context.cpp:29] DecreaseCounter constructing_actor_cnt, current val is 230
I1013 18:33:00.977875 13846 naive_actor.cpp:25] actor 37391985279169 switch to &NaiveActor::HandlerNormal
I1013 18:33:00.978003 13846 thread.cpp:96] Thread 17829888 construct Actor kDeviceTick 37391985279169
I1013 18:33:00.978103 13846 runtime_context.cpp:29] DecreaseCounter constructing_actor_cnt, current val is 229
I1013 18:33:01.003146 13852 copy_comm_net_actor.cpp:66] actor 36283887910912 switch to &CopyCommNetActor::HandlerNormal
I1013 18:33:01.003232 13852 thread.cpp:96] Thread 17301506 construct Actor kCopyCommNet 36283887910912
I1013 18:33:01.003317 13856 sink_actor.cpp:21] actor 36283894202368 switch to &SinkActor::HandlerNormal
I1013 18:33:01.003325 13852 runtime_context.cpp:29] DecreaseCounter constructing_actor_cnt, current val is 228
I1013 18:33:01.003396 13856 thread.cpp:96] Thread 17301509 construct Actor kCallbackNotify 36283894202368
I1013 18:33:01.003624 13850 naive_actor.cpp:25] actor 37391991570435 switch to &NaiveActor::HandlerNormal
I1013 18:33:01.003638 13856 runtime_context.cpp:29] DecreaseCounter constructing_actor_cnt, current val is 227
I1013 18:33:01.003425 13855 naive_actor.cpp:25] actor 37391987376131 switch to &NaiveActor::HandlerNormal
I1013 18:33:01.003772 13846 naive_actor.cpp:25] actor 37391985278992 switch to &NaiveActor::HandlerNormal
I1013 18:33:01.004020 13847 naive_actor.cpp:25] actor 36283885813760 switch to &NaiveActor::HandlerNormal
I1013 18:33:01.004410 13848 naive_actor.cpp:25] actor 36283883716609 switch to &NaiveActor::HandlerNormal
I1013 18:33:01.004492 13850 thread.cpp:96] Thread 17829891 construct Actor kCollectiveBoxingGeneric 37391991570435
I1013 18:33:01.004583 13851 naive_actor.cpp:25] actor 36283890008064 switch to &NaiveActor::HandlerNormal
I1013 18:33:01.004643 13855 thread.cpp:96] Thread 17829889 construct Actor kCopyHd 37391987376131
I1013 18:33:01.004698 13846 thread.cpp:96] Thread 17829888 construct Actor kNormalForward 37391985278992
I1013 18:33:01.004796 13847 thread.cpp:96] Thread 17301505 construct Actor kNormalForward 36283885813760
I1013 18:33:01.004849 13848 thread.cpp:96] Thread 17301504 construct Actor kNormalForward 36283883716609
I1013 18:33:01.004951 13850 runtime_context.cpp:29] DecreaseCounter constructing_actor_cnt, current val is 226
I1013 18:33:01.004990 13851 thread.cpp:96] Thread 17301507 construct Actor kDeviceTick 36283890008064
I1013 18:33:01.005067 13855 runtime_context.cpp:29] DecreaseCounter constructing_actor_cnt, current val is 225
I1013 18:33:01.005822 13851 runtime_context.cpp:29] DecreaseCounter constructing_actor_cnt, current val is 221
I1013 18:33:01.005245 13847 runtime_context.cpp:29] DecreaseCounter constructing_actor_cnt, current val is 223
I1013 18:33:01.005973 13855 naive_actor.cpp:25] actor 37391987376128 switch to &NaiveActor::HandlerNormal
I1013 18:33:01.006032 13855 thread.cpp:96] Thread 17829889 construct Actor kCopyHd 37391987376128
I1013 18:33:01.005709 13850 naive_actor.cpp:25] actor 37391991570434 switch to &NaiveActor::HandlerNormal
I1013 18:33:01.005136 13846 runtime_context.cpp:29] DecreaseCounter constructing_actor_cnt, current val is 224
I1013 18:33:01.005303 13848 runtime_context.cpp:29] DecreaseCounter constructing_actor_cnt, current val is 222
I1013 18:33:01.006204 13851 naive_actor.cpp:25] actor 36283890008067 switch to &NaiveActor::HandlerNormal
I1013 18:33:01.006284 13850 thread.cpp:96] Thread 17829891 construct Actor kCollectiveBoxingGeneric 37391991570434
I1013 18:33:01.006297 13855 runtime_context.cpp:29] DecreaseCounter constructing_actor_cnt, current val is 220
I1013 18:33:01.006765 13847 naive_actor.cpp:25] actor 36283885813761 switch to &NaiveActor::HandlerNormal
I1013 18:33:01.007169 13846 naive_actor.cpp:25] actor 37391985279016 switch to &NaiveActor::HandlerNormal
I1013 18:33:01.014524 13846 thread.cpp:96] Thread 17829888 construct Actor kNormalForward 37391985279016
I1013 18:33:01.014729 13846 runtime_context.cpp:29] DecreaseCounter constructing_actor_cnt, current val is 218
I1013 18:33:01.014230 13850 runtime_context.cpp:29] DecreaseCounter constructing_actor_cnt, current val is 219
I1013 18:33:01.014366 13847 thread.cpp:96] Thread 17301505 construct Actor kNormalForward 36283885813761
I1013 18:33:01.014497 13855 naive_actor.cpp:25] actor 37391987376132 switch to &NaiveActor::HandlerNormal
I1013 18:33:01.014995 13855 thread.cpp:96] Thread 17829889 construct Actor kCopyHd 37391987376132
I1013 18:33:01.015071 13855 runtime_context.cpp:29] DecreaseCounter constructing_actor_cnt, current val is 216
I1013 18:33:01.015007 13847 runtime_context.cpp:29] DecreaseCounter constructing_actor_cnt, current val is 217
I1013 18:33:01.015012 13850 naive_actor.cpp:25] actor 37391991570433 switch to &NaiveActor::HandlerNormal
I1013 18:33:01.015241 13850 thread.cpp:96] Thread 17829891 construct Actor kCollectiveBoxingGeneric 37391991570433
I1013 18:33:01.015255 13855 naive_actor.cpp:25] actor 37391987376129 switch to &NaiveActor::HandlerNormal
I1013 18:33:01.015370 13855 thread.cpp:96] Thread 17829889 construct Actor kCopyHd 37391987376129
I1013 18:33:01.015319 13850 runtime_context.cpp:29] DecreaseCounter constructing_actor_cnt, current val is 215
I1013 18:33:01.014070 13851 thread.cpp:96] Thread 17301507 construct Actor kDstSubsetTick 36283890008067
I1013 18:33:01.015602 13851 runtime_context.cpp:29] DecreaseCounter constructing_actor_cnt, current val is 213
I1013 18:33:01.015653 13846 naive_actor.cpp:25] actor 37391985279040 switch to &NaiveActor::HandlerNormal
I1013 18:33:01.015723 13846 thread.cpp:96] Thread 17829888 construct Actor kNormalForward 37391985279040
I1013 18:33:01.015630 13850 naive_actor.cpp:25] actor 37391991570440 switch to &NaiveActor::HandlerNormal
I1013 18:33:01.014029 13848 naive_actor.cpp:25] actor 36283883716608 switch to &NaiveActor::HandlerNormal
I1013 18:33:01.015923 13848 thread.cpp:96] Thread 17301504 construct Actor kNormalForward 36283883716608
I1013 18:33:01.015821 13846 runtime_context.cpp:29] DecreaseCounter constructing_actor_cnt, current val is 212
I1013 18:33:01.015839 13850 thread.cpp:96] Thread 17829891 construct Actor kCollectiveBoxingGeneric 37391991570440
I1013 18:33:01.015450 13855 runtime_context.cpp:29] DecreaseCounter constructing_actor_cnt, current val is 214
I1013 18:33:01.016259 13855 naive_actor.cpp:25] actor 37391987376130 switch to &NaiveActor::HandlerNormal
I1013 18:33:01.016098 13850 runtime_context.cpp:29] DecreaseCounter constructing_actor_cnt, current val is 211
I1013 18:33:01.016005 13851 naive_actor.cpp:25] actor 36283890008065 switch to &NaiveActor::HandlerNormal
I1013 18:33:01.016415 13851 thread.cpp:96] Thread 17301507 construct Actor kSrcSubsetTick 36283890008065
I1013 18:33:01.016502 13850 naive_actor.cpp:25] actor 37391991570441 switch to &NaiveActor::HandlerNormal
I1013 18:33:01.016510 13851 runtime_context.cpp:29] DecreaseCounter constructing_actor_cnt, current val is 210
I1013 18:33:01.016834 13846 naive_actor.cpp:25] actor 37391985278980 switch to &NaiveActor::HandlerNormal
I1013 18:33:01.016584 13850 thread.cpp:96] Thread 17829891 construct Actor kCollectiveBoxingGeneric 37391991570441
I1013 18:33:01.016319 13855 thread.cpp:96] Thread 17829889 construct Actor kCopyHd 37391987376130
I1013 18:33:01.017132 13855 runtime_context.cpp:29] DecreaseCounter constructing_actor_cnt, current val is 207
I1013 18:33:01.017011 13846 thread.cpp:96] Thread 17829888 construct Actor kNormalForward 37391985278980
I1013 18:33:01.017292 13846 runtime_context.cpp:29] DecreaseCounter constructing_actor_cnt, current val is 206
I1013 18:33:01.017081 13850 runtime_context.cpp:29] DecreaseCounter constructing_actor_cnt, current val is 208
I1013 18:33:01.016902 13851 naive_actor.cpp:25] actor 36283890008069 switch to &NaiveActor::HandlerNormal
I1013 18:33:01.017505 13851 thread.cpp:96] Thread 17301507 construct Actor kTick 36283890008069
I1013 18:33:01.017558 13850 naive_actor.cpp:25] actor 37391991570432 switch to &NaiveActor::HandlerNormal
I1013 18:33:01.017652 13851 runtime_context.cpp:29] DecreaseCounter constructing_actor_cnt, current val is 205
I1013 18:33:01.017674 13850 thread.cpp:96] Thread 17829891 construct Actor kCollectiveBoxingGeneric 37391991570432
I1013 18:33:01.017832 13850 runtime_context.cpp:29] DecreaseCounter constructing_actor_cnt, current val is 204
I1013 18:33:01.017074 13848 runtime_context.cpp:29] DecreaseCounter constructing_actor_cnt, current val is 209
I1013 18:33:01.018041 13851 naive_actor.cpp:25] actor 36283890008066 switch to &NaiveActor::HandlerNormal
I1013 18:33:01.018087 13850 naive_actor.cpp:25] actor 37391991570446 switch to &NaiveActor::HandlerNormal
I1013 18:33:01.019179 13851 thread.cpp:96] Thread 17301507 construct Actor kTick 36283890008066
I1013 18:33:01.019227 13850 thread.cpp:96] Thread 17829891 construct Actor kCollectiveBoxingGeneric 37391991570446
I1013 18:33:01.019325 13851 runtime_context.cpp:29] DecreaseCounter constructing_actor_cnt, current val is 203
I1013 18:33:01.019343 13850 runtime_context.cpp:29] DecreaseCounter constructing_actor_cnt, current val is 202
I1013 18:33:01.020361 13850 naive_actor.cpp:25] actor 37391991570443 switch to &NaiveActor::HandlerNormal
I1013 18:33:01.020424 13850 thread.cpp:96] Thread 17829891 construct Actor kCollectiveBoxingGeneric 37391991570443
I1013 18:33:01.020491 13850 runtime_context.cpp:29] DecreaseCounter constructing_actor_cnt, current val is 201
I1013 18:33:01.020588 13851 naive_actor.cpp:25] actor 36283890008068 switch to &NaiveActor::HandlerNormal
I1013 18:33:01.020665 13850 naive_actor.cpp:25] actor 37391991570438 switch to &NaiveActor::HandlerNormal
I1013 18:33:01.020673 13851 thread.cpp:96] Thread 17301507 construct Actor kTick 36283890008068
I1013 18:33:01.020735 13850 thread.cpp:96] Thread 17829891 construct Actor kCollectiveBoxingGeneric 37391991570438
I1013 18:33:01.020880 13850 runtime_context.cpp:29] DecreaseCounter constructing_actor_cnt, current val is 199
I1013 18:33:01.020836 13851 runtime_context.cpp:29] DecreaseCounter constructing_actor_cnt, current val is 200
I1013 18:33:01.020364 13846 naive_actor.cpp:25] actor 37391985279004 switch to &NaiveActor::HandlerNormal
I1013 18:33:01.021072 13846 thread.cpp:96] Thread 17829888 construct Actor kNormalForward 37391985279004
I1013 18:33:01.021142 13850 naive_actor.cpp:25] actor 37391991570442 switch to &NaiveActor::HandlerNormal
I1013 18:33:01.021346 13850 thread.cpp:96] Thread 17829891 construct Actor kCollectiveBoxingGeneric 37391991570442
I1013 18:33:01.021415 13850 runtime_context.cpp:29] DecreaseCounter constructing_actor_cnt, current val is 197
I1013 18:33:01.021584 13850 naive_actor.cpp:25] actor 37391991570439 switch to &NaiveActor::HandlerNormal
I1013 18:33:01.021610 13848 naive_actor.cpp:25] actor 36283883716610 switch to &NaiveActor::HandlerNormal
I1013 18:33:01.021714 13848 thread.cpp:96] Thread 17301504 construct Actor kNormalForward 36283883716610
I1013 18:33:01.021657 13850 thread.cpp:96] Thread 17829891 construct Actor kCollectiveBoxingGeneric 37391991570439
I1013 18:33:01.021806 13848 runtime_context.cpp:29] DecreaseCounter constructing_actor_cnt, current val is 196
I1013 18:33:01.021824 13850 runtime_context.cpp:29] DecreaseCounter constructing_actor_cnt, current val is 195
I1013 18:33:01.021301 13846 runtime_context.cpp:29] DecreaseCounter constructing_actor_cnt, current val is 198
I1013 18:33:01.022208 13850 naive_actor.cpp:25] actor 37391991570437 switch to &NaiveActor::HandlerNormal
I1013 18:33:01.022281 13850 thread.cpp:96] Thread 17829891 construct Actor kCollectiveBoxingGeneric 37391991570437
I1013 18:33:01.022346 13850 runtime_context.cpp:29] DecreaseCounter constructing_actor_cnt, current val is 194
I1013 18:33:01.022529 13850 naive_actor.cpp:25] actor 37391991570449 switch to &NaiveActor::HandlerNormal
I1013 18:33:01.022580 13850 thread.cpp:96] Thread 17829891 construct Actor kCollectiveBoxingGeneric 37391991570449
I1013 18:33:01.022650 13850 runtime_context.cpp:29] DecreaseCounter constructing_actor_cnt, current val is 193
I1013 18:33:01.022800 13850 naive_actor.cpp:25] actor 37391991570447 switch to &NaiveActor::HandlerNormal
I1013 18:33:01.022871 13850 thread.cpp:96] Thread 17829891 construct Actor kCollectiveBoxingGeneric 37391991570447
I1013 18:33:01.022936 13850 runtime_context.cpp:29] DecreaseCounter constructing_actor_cnt, current val is 192
I1013 18:33:01.023010 13846 naive_actor.cpp:25] actor 37391985279028 switch to &NaiveActor::HandlerNormal
I1013 18:33:01.023067 13846 thread.cpp:96] Thread 17829888 construct Actor kNormalForward 37391985279028
I1013 18:33:01.023105 13850 naive_actor.cpp:25] actor 37391991570448 switch to &NaiveActor::HandlerNormal
I1013 18:33:01.023167 13846 runtime_context.cpp:29] DecreaseCounter constructing_actor_cnt, current val is 191
I1013 18:33:01.023169 13850 thread.cpp:96] Thread 17829891 construct Actor kCollectiveBoxingGeneric 37391991570448
I1013 18:33:01.023283 13850 runtime_context.cpp:29] DecreaseCounter constructing_actor_cnt, current val is 190
I1013 18:33:01.023432 13850 naive_actor.cpp:25] actor 37391991570444 switch to &NaiveActor::HandlerNormal
I1013 18:33:01.023488 13850 thread.cpp:96] Thread 17829891 construct Actor kCollectiveBoxingGeneric 37391991570444
I1013 18:33:01.023533 13846 naive_actor.cpp:25] actor 37391985279052 switch to &NaiveActor::HandlerNormal
I1013 18:33:01.023540 13850 runtime_context.cpp:29] DecreaseCounter constructing_actor_cnt, current val is 189
I1013 18:33:01.023612 13846 thread.cpp:96] Thread 17829888 construct Actor kNormalForward 37391985279052
I1013 18:33:01.023756 13846 runtime_context.cpp:29] DecreaseCounter constructing_actor_cnt, current val is 188
I1013 18:33:01.023789 13850 naive_actor.cpp:25] actor 37391991570445 switch to &NaiveActor::HandlerNormal
I1013 18:33:01.023866 13850 thread.cpp:96] Thread 17829891 construct Actor kCollectiveBoxingGeneric 37391991570445
I1013 18:33:01.023937 13850 runtime_context.cpp:29] DecreaseCounter constructing_actor_cnt, current val is 187
I1013 18:33:01.024085 13850 naive_actor.cpp:25] actor 37391991570436 switch to &NaiveActor::HandlerNormal
I1013 18:33:01.024102 13846 naive_actor.cpp:25] actor 37391985279168 switch to &NaiveActor::HandlerNormal
I1013 18:33:01.024166 13850 thread.cpp:96] Thread 17829891 construct Actor kCollectiveBoxingGeneric 37391991570436
I1013 18:33:01.024230 13846 thread.cpp:96] Thread 17829888 construct Actor kDeviceTick 37391985279168
I1013 18:33:01.024299 13850 runtime_context.cpp:29] DecreaseCounter constructing_actor_cnt, current val is 186
I1013 18:33:01.024380 13846 runtime_context.cpp:29] DecreaseCounter constructing_actor_cnt, current val is 185
I1013 18:33:01.025219 13846 naive_actor.cpp:25] actor 37391985278993 switch to &NaiveActor::HandlerNormal
I1013 18:33:01.025305 13846 thread.cpp:96] Thread 17829888 construct Actor kNormalForward 37391985278993
I1013 18:33:01.025393 13846 runtime_context.cpp:29] DecreaseCounter constructing_actor_cnt, current val is 184
I1013 18:33:01.027037 13846 naive_actor.cpp:25] actor 37391985279017 switch to &NaiveActor::HandlerNormal
I1013 18:33:01.027112 13846 thread.cpp:96] Thread 17829888 construct Actor kNormalForward 37391985279017
I1013 18:33:01.027328 13846 runtime_context.cpp:29] DecreaseCounter constructing_actor_cnt, current val is 183
I1013 18:33:01.037794 13846 naive_actor.cpp:25] actor 37391985279041 switch to &NaiveActor::HandlerNormal
I1013 18:33:01.037919 13846 thread.cpp:96] Thread 17829888 construct Actor kNormalForward 37391985279041
I1013 18:33:01.038092 13846 runtime_context.cpp:29] DecreaseCounter constructing_actor_cnt, current val is 182
I1013 18:33:01.038717 13846 naive_actor.cpp:25] actor 37391985278985 switch to &NaiveActor::HandlerNormal
I1013 18:33:01.038795 13846 thread.cpp:96] Thread 17829888 construct Actor kNormalForward 37391985278985
I1013 18:33:01.038879 13846 runtime_context.cpp:29] DecreaseCounter constructing_actor_cnt, current val is 181
I1013 18:33:01.039245 13846 naive_actor.cpp:25] actor 37391985278981 switch to &NaiveActor::HandlerNormal
I1013 18:33:01.039314 13846 thread.cpp:96] Thread 17829888 construct Actor kNormalForward 37391985278981
I1013 18:33:01.039397 13846 runtime_context.cpp:29] DecreaseCounter constructing_actor_cnt, current val is 180
I1013 18:33:01.040381 13846 naive_actor.cpp:25] actor 37391985278984 switch to &NaiveActor::HandlerNormal
I1013 18:33:01.040463 13846 thread.cpp:96] Thread 17829888 construct Actor kNormalForward 37391985278984
I1013 18:33:01.040560 13846 runtime_context.cpp:29] DecreaseCounter constructing_actor_cnt, current val is 179
I1013 18:33:01.040932 13846 naive_actor.cpp:25] actor 37391985278977 switch to &NaiveActor::HandlerNormal
I1013 18:33:01.041013 13846 thread.cpp:96] Thread 17829888 construct Actor kNormalForward 37391985278977
I1013 18:33:01.041096 13846 runtime_context.cpp:29] DecreaseCounter constructing_actor_cnt, current val is 178
I1013 18:33:01.041390 13846 naive_actor.cpp:25] actor 37391985279008 switch to &NaiveActor::HandlerNormal
I1013 18:33:01.051743 13846 thread.cpp:96] Thread 17829888 construct Actor kNormalForward 37391985279008
I1013 18:33:01.051982 13846 runtime_context.cpp:29] DecreaseCounter constructing_actor_cnt, current val is 177
I1013 18:33:01.053545 13846 naive_actor.cpp:25] actor 37391985278990 switch to &NaiveActor::HandlerNormal
I1013 18:33:01.053683 13846 thread.cpp:96] Thread 17829888 construct Actor kNormalForward 37391985278990
I1013 18:33:01.053783 13846 runtime_context.cpp:29] DecreaseCounter constructing_actor_cnt, current val is 176
I1013 18:33:01.054548 13846 naive_actor.cpp:25] actor 37391985278989 switch to &NaiveActor::HandlerNormal
I1013 18:33:01.054630 13846 thread.cpp:96] Thread 17829888 construct Actor kNormalForward 37391985278989
I1013 18:33:01.054715 13846 runtime_context.cpp:29] DecreaseCounter constructing_actor_cnt, current val is 175
I1013 18:33:01.055485 13846 naive_actor.cpp:25] actor 37391985279056 switch to &NaiveActor::HandlerNormal
I1013 18:33:01.055563 13846 thread.cpp:96] Thread 17829888 construct Actor kNormalForward 37391985279056
I1013 18:33:01.055676 13846 runtime_context.cpp:29] DecreaseCounter constructing_actor_cnt, current val is 174
I1013 18:33:01.056030 13846 naive_actor.cpp:25] actor 37391985279013 switch to &NaiveActor::HandlerNormal
I1013 18:33:01.056107 13846 thread.cpp:96] Thread 17829888 construct Actor kNormalForward 37391985279013
I1013 18:33:01.056183 13846 runtime_context.cpp:29] DecreaseCounter constructing_actor_cnt, current val is 173
I1013 18:33:01.057098 13846 naive_actor.cpp:25] actor 37391985278978 switch to &NaiveActor::HandlerNormal
I1013 18:33:01.057183 13846 thread.cpp:96] Thread 17829888 construct Actor kNormalForward 37391985278978
I1013 18:33:01.057273 13846 runtime_context.cpp:29] DecreaseCounter constructing_actor_cnt, current val is 172
I1013 18:33:01.058085 13846 naive_actor.cpp:25] actor 37391985278976 switch to &NaiveActor::HandlerNormal
I1013 18:33:01.058180 13846 thread.cpp:96] Thread 17829888 construct Actor kNormalForward 37391985278976
I1013 18:33:01.058270 13846 runtime_context.cpp:29] DecreaseCounter constructing_actor_cnt, current val is 171
I1013 18:33:01.059100 13846 naive_actor.cpp:25] actor 37391985278991 switch to &NaiveActor::HandlerNormal
I1013 18:33:01.064740 13846 thread.cpp:96] Thread 17829888 construct Actor kNormalForward 37391985278991
I1013 18:33:01.064972 13846 runtime_context.cpp:29] DecreaseCounter constructing_actor_cnt, current val is 170
I1013 18:33:01.066198 13846 naive_actor.cpp:25] actor 37391985278986 switch to &NaiveActor::HandlerNormal
I1013 18:33:01.066298 13846 thread.cpp:96] Thread 17829888 construct Actor kNormalForward 37391985278986
I1013 18:33:01.066427 13846 runtime_context.cpp:29] DecreaseCounter constructing_actor_cnt, current val is 169
I1013 18:33:01.067221 13846 naive_actor.cpp:25] actor 37391985278979 switch to &NaiveActor::HandlerNormal
I1013 18:33:01.067322 13846 thread.cpp:96] Thread 17829888 construct Actor kNormalForward 37391985278979
I1013 18:33:01.067433 13846 runtime_context.cpp:29] DecreaseCounter constructing_actor_cnt, current val is 168
I1013 18:33:01.068202 13846 naive_actor.cpp:25] actor 37391985278988 switch to &NaiveActor::HandlerNormal
I1013 18:33:01.068295 13846 thread.cpp:96] Thread 17829888 construct Actor kNormalForward 37391985278988
I1013 18:33:01.068388 13846 runtime_context.cpp:29] DecreaseCounter constructing_actor_cnt, current val is 167
I1013 18:33:01.069159 13846 naive_actor.cpp:25] actor 37391985278983 switch to &NaiveActor::HandlerNormal
I1013 18:33:01.069240 13846 thread.cpp:96] Thread 17829888 construct Actor kNormalForward 37391985278983
I1013 18:33:01.069330 13846 runtime_context.cpp:29] DecreaseCounter constructing_actor_cnt, current val is 166
I1013 18:33:01.069661 13846 naive_actor.cpp:25] actor 37391985278994 switch to &NaiveActor::HandlerNormal
I1013 18:33:01.069731 13846 thread.cpp:96] Thread 17829888 construct Actor kNormalForward 37391985278994
I1013 18:33:01.069818 13846 runtime_context.cpp:29] DecreaseCounter constructing_actor_cnt, current val is 165
I1013 18:33:01.070703 13846 naive_actor.cpp:25] actor 37391985278982 switch to &NaiveActor::HandlerNormal
I1013 18:33:01.070788 13846 thread.cpp:96] Thread 17829888 construct Actor kNormalForward 37391985278982
I1013 18:33:01.070886 13846 runtime_context.cpp:29] DecreaseCounter constructing_actor_cnt, current val is 164
I1013 18:33:01.093955 13846 naive_actor.cpp:25] actor 37391985279018 switch to &NaiveActor::HandlerNormal
I1013 18:33:01.094141 13846 thread.cpp:96] Thread 17829888 construct Actor kNormalForward 37391985279018
I1013 18:33:01.094271 13846 runtime_context.cpp:29] DecreaseCounter constructing_actor_cnt, current val is 163
I1013 18:33:01.095227 13846 naive_actor.cpp:25] actor 37391985279009 switch to &NaiveActor::HandlerNormal
I1013 18:33:01.095346 13846 thread.cpp:96] Thread 17829888 construct Actor kNormalForward 37391985279009
I1013 18:33:01.095484 13846 runtime_context.cpp:29] DecreaseCounter constructing_actor_cnt, current val is 162
I1013 18:33:01.096462 13846 naive_actor.cpp:25] actor 37391985279033 switch to &NaiveActor::HandlerNormal
I1013 18:33:01.096539 13846 thread.cpp:96] Thread 17829888 construct Actor kNormalForward 37391985279033
I1013 18:33:01.096652 13846 runtime_context.cpp:29] DecreaseCounter constructing_actor_cnt, current val is 161
I1013 18:33:01.098349 13846 naive_actor.cpp:25] actor 37391985278996 switch to &NaiveActor::HandlerNormal
I1013 18:33:01.098450 13846 thread.cpp:96] Thread 17829888 construct Actor kNormalForward 37391985278996
I1013 18:33:01.098573 13846 runtime_context.cpp:29] DecreaseCounter constructing_actor_cnt, current val is 160
I1013 18:33:01.099298 13846 naive_actor.cpp:25] actor 37391985278987 switch to &NaiveActor::HandlerNormal
I1013 18:33:01.099380 13846 thread.cpp:96] Thread 17829888 construct Actor kNormalForward 37391985278987
I1013 18:33:01.099478 13846 runtime_context.cpp:29] DecreaseCounter constructing_actor_cnt, current val is 159
I1013 18:33:01.100164 13846 naive_actor.cpp:25] actor 37391985279001 switch to &NaiveActor::HandlerNormal
I1013 18:33:01.100231 13846 thread.cpp:96] Thread 17829888 construct Actor kNormalForward 37391985279001
I1013 18:33:01.100303 13846 runtime_context.cpp:29] DecreaseCounter constructing_actor_cnt, current val is 158
I1013 18:33:01.102094 13846 naive_actor.cpp:25] actor 37391985279011 switch to &NaiveActor::HandlerNormal
I1013 18:33:01.102231 13846 thread.cpp:96] Thread 17829888 construct Actor kNormalForward 37391985279011
I1013 18:33:01.102367 13846 runtime_context.cpp:29] DecreaseCounter constructing_actor_cnt, current val is 157
I1013 18:33:01.103206 13846 naive_actor.cpp:25] actor 37391985279014 switch to &NaiveActor::HandlerNormal
I1013 18:33:01.103286 13846 thread.cpp:96] Thread 17829888 construct Actor kNormalForward 37391985279014
I1013 18:33:01.103376 13846 runtime_context.cpp:29] DecreaseCounter constructing_actor_cnt, current val is 156
I1013 18:33:01.104143 13846 naive_actor.cpp:25] actor 37391985278998 switch to &NaiveActor::HandlerNormal
I1013 18:33:01.109833 13846 thread.cpp:96] Thread 17829888 construct Actor kNormalForward 37391985278998
I1013 18:33:01.122849 13846 runtime_context.cpp:29] DecreaseCounter constructing_actor_cnt, current val is 155
I1013 18:33:01.124208 13846 naive_actor.cpp:25] actor 37391985279037 switch to &NaiveActor::HandlerNormal
I1013 18:33:01.124305 13846 thread.cpp:96] Thread 17829888 construct Actor kNormalForward 37391985279037
I1013 18:33:01.124426 13846 runtime_context.cpp:29] DecreaseCounter constructing_actor_cnt, current val is 154
I1013 18:33:01.125200 13846 naive_actor.cpp:25] actor 37391985279002 switch to &NaiveActor::HandlerNormal
I1013 18:33:01.125296 13846 thread.cpp:96] Thread 17829888 construct Actor kNormalForward 37391985279002
I1013 18:33:01.125376 13846 runtime_context.cpp:29] DecreaseCounter constructing_actor_cnt, current val is 153
I1013 18:33:01.127182 13846 naive_actor.cpp:25] actor 37391985279000 switch to &NaiveActor::HandlerNormal
I1013 18:33:01.127286 13846 thread.cpp:96] Thread 17829888 construct Actor kNormalForward 37391985279000
I1013 18:33:01.127390 13846 runtime_context.cpp:29] DecreaseCounter constructing_actor_cnt, current val is 152
I1013 18:33:01.127754 13846 naive_actor.cpp:25] actor 37391985279015 switch to &NaiveActor::HandlerNormal
I1013 18:33:01.127823 13846 thread.cpp:96] Thread 17829888 construct Actor kNormalForward 37391985279015
I1013 18:33:01.127904 13846 runtime_context.cpp:29] DecreaseCounter constructing_actor_cnt, current val is 151
I1013 18:33:01.128962 13846 naive_actor.cpp:25] actor 37391985279010 switch to &NaiveActor::HandlerNormal
I1013 18:33:01.129051 13846 thread.cpp:96] Thread 17829888 construct Actor kNormalForward 37391985279010
I1013 18:33:01.129153 13846 runtime_context.cpp:29] DecreaseCounter constructing_actor_cnt, current val is 150
I1013 18:33:01.129787 13846 naive_actor.cpp:25] actor 37391985279003 switch to &NaiveActor::HandlerNormal
I1013 18:33:01.137732 13846 thread.cpp:96] Thread 17829888 construct Actor kNormalForward 37391985279003
I1013 18:33:01.137950 13846 runtime_context.cpp:29] DecreaseCounter constructing_actor_cnt, current val is 149
I1013 18:33:01.139379 13846 naive_actor.cpp:25] actor 37391985279012 switch to &NaiveActor::HandlerNormal
I1013 18:33:01.139513 13846 thread.cpp:96] Thread 17829888 construct Actor kNormalForward 37391985279012
I1013 18:33:01.139653 13846 runtime_context.cpp:29] DecreaseCounter constructing_actor_cnt, current val is 148
I1013 18:33:01.140451 13846 naive_actor.cpp:25] actor 37391985279007 switch to &NaiveActor::HandlerNormal
I1013 18:33:01.140539 13846 thread.cpp:96] Thread 17829888 construct Actor kNormalForward 37391985279007
I1013 18:33:01.140636 13846 runtime_context.cpp:29] DecreaseCounter constructing_actor_cnt, current val is 147
I1013 18:33:01.141258 13846 naive_actor.cpp:25] actor 37391985279006 switch to &NaiveActor::HandlerNormal
I1013 18:33:01.141336 13846 thread.cpp:96] Thread 17829888 construct Actor kNormalForward 37391985279006
I1013 18:33:01.141418 13846 runtime_context.cpp:29] DecreaseCounter constructing_actor_cnt, current val is 146
I1013 18:33:01.142122 13846 naive_actor.cpp:25] actor 37391985279042 switch to &NaiveActor::HandlerNormal
I1013 18:33:01.142204 13846 thread.cpp:96] Thread 17829888 construct Actor kNormalForward 37391985279042
I1013 18:33:01.142292 13846 runtime_context.cpp:29] DecreaseCounter constructing_actor_cnt, current val is 145
I1013 18:33:01.143201 13846 naive_actor.cpp:25] actor 37391985279020 switch to &NaiveActor::HandlerNormal
I1013 18:33:01.143293 13846 thread.cpp:96] Thread 17829888 construct Actor kNormalForward 37391985279020
I1013 18:33:01.143384 13846 runtime_context.cpp:29] DecreaseCounter constructing_actor_cnt, current val is 144
I1013 18:33:01.144549 13846 naive_actor.cpp:25] actor 37391985279005 switch to &NaiveActor::HandlerNormal
I1013 18:33:01.144637 13846 thread.cpp:96] Thread 17829888 construct Actor kNormalForward 37391985279005
I1013 18:33:01.144769 13846 runtime_context.cpp:29] DecreaseCounter constructing_actor_cnt, current val is 143
I1013 18:33:01.145473 13846 naive_actor.cpp:25] actor 37391985279062 switch to &NaiveActor::HandlerNormal
I1013 18:33:01.145555 13846 thread.cpp:96] Thread 17829888 construct Actor kNormalForward 37391985279062
I1013 18:33:01.145653 13846 runtime_context.cpp:29] DecreaseCounter constructing_actor_cnt, current val is 142
I1013 18:33:01.156467 13846 naive_actor.cpp:25] actor 37391985279032 switch to &NaiveActor::HandlerNormal
I1013 18:33:01.156653 13846 thread.cpp:96] Thread 17829888 construct Actor kNormalForward 37391985279032
I1013 18:33:01.156793 13846 runtime_context.cpp:29] DecreaseCounter constructing_actor_cnt, current val is 141
I1013 18:33:01.158896 13846 naive_actor.cpp:25] actor 37391985279025 switch to &NaiveActor::HandlerNormal
I1013 18:33:01.159018 13846 thread.cpp:96] Thread 17829888 construct Actor kNormalForward 37391985279025
I1013 18:33:01.159137 13846 runtime_context.cpp:29] DecreaseCounter constructing_actor_cnt, current val is 140
I1013 18:33:01.160111 13846 naive_actor.cpp:25] actor 37391985279035 switch to &NaiveActor::HandlerNormal
I1013 18:33:01.160202 13846 thread.cpp:96] Thread 17829888 construct Actor kNormalForward 37391985279035
I1013 18:33:01.160307 13846 runtime_context.cpp:29] DecreaseCounter constructing_actor_cnt, current val is 139
I1013 18:33:01.161053 13846 naive_actor.cpp:25] actor 37391985279038 switch to &NaiveActor::HandlerNormal
I1013 18:33:01.161137 13846 thread.cpp:96] Thread 17829888 construct Actor kNormalForward 37391985279038
I1013 18:33:01.161242 13846 runtime_context.cpp:29] DecreaseCounter constructing_actor_cnt, current val is 138
I1013 18:33:01.161550 13846 naive_actor.cpp:25] actor 37391985279022 switch to &NaiveActor::HandlerNormal
I1013 18:33:01.161634 13846 thread.cpp:96] Thread 17829888 construct Actor kNormalForward 37391985279022
I1013 18:33:01.161712 13846 runtime_context.cpp:29] DecreaseCounter constructing_actor_cnt, current val is 137
I1013 18:33:01.162824 13846 naive_actor.cpp:25] actor 37391985278997 switch to &NaiveActor::HandlerNormal
I1013 18:33:01.162925 13846 thread.cpp:96] Thread 17829888 construct Actor kNormalForward 37391985278997
I1013 18:33:01.163029 13846 runtime_context.cpp:29] DecreaseCounter constructing_actor_cnt, current val is 136
I1013 18:33:01.163365 13846 naive_actor.cpp:25] actor 37391985278999 switch to &NaiveActor::HandlerNormal
I1013 18:33:01.163446 13846 thread.cpp:96] Thread 17829888 construct Actor kNormalForward 37391985278999
I1013 18:33:01.163529 13846 runtime_context.cpp:29] DecreaseCounter constructing_actor_cnt, current val is 135
I1013 18:33:01.164319 13846 naive_actor.cpp:25] actor 37391985279061 switch to &NaiveActor::HandlerNormal
I1013 18:33:01.164395 13846 thread.cpp:96] Thread 17829888 construct Actor kNormalForward 37391985279061
I1013 18:33:01.164480 13846 runtime_context.cpp:29] DecreaseCounter constructing_actor_cnt, current val is 134
I1013 18:33:01.165249 13846 naive_actor.cpp:25] actor 37391985279026 switch to &NaiveActor::HandlerNormal
I1013 18:33:01.165334 13846 thread.cpp:96] Thread 17829888 construct Actor kNormalForward 37391985279026
I1013 18:33:01.165427 13846 runtime_context.cpp:29] DecreaseCounter constructing_actor_cnt, current val is 133
I1013 18:33:01.166079 13846 naive_actor.cpp:25] actor 37391985279024 switch to &NaiveActor::HandlerNormal
I1013 18:33:01.175616 13846 thread.cpp:96] Thread 17829888 construct Actor kNormalForward 37391985279024
I1013 18:33:01.176010 13846 runtime_context.cpp:29] DecreaseCounter constructing_actor_cnt, current val is 132
I1013 18:33:01.177055 13846 naive_actor.cpp:25] actor 37391985279039 switch to &NaiveActor::HandlerNormal
I1013 18:33:01.177139 13846 thread.cpp:96] Thread 17829888 construct Actor kNormalForward 37391985279039
I1013 18:33:01.177240 13846 runtime_context.cpp:29] DecreaseCounter constructing_actor_cnt, current val is 131
I1013 18:33:01.178027 13846 naive_actor.cpp:25] actor 37391985279048 switch to &NaiveActor::HandlerNormal
I1013 18:33:01.178088 13846 thread.cpp:96] Thread 17829888 construct Actor kNormalForward 37391985279048
I1013 18:33:01.178171 13846 runtime_context.cpp:29] DecreaseCounter constructing_actor_cnt, current val is 130
I1013 18:33:01.178522 13846 naive_actor.cpp:25] actor 37391985279027 switch to &NaiveActor::HandlerNormal
I1013 18:33:01.178609 13846 thread.cpp:96] Thread 17829888 construct Actor kNormalForward 37391985279027
I1013 18:33:01.178694 13846 runtime_context.cpp:29] DecreaseCounter constructing_actor_cnt, current val is 129
I1013 18:33:01.178983 13846 naive_actor.cpp:25] actor 37391985279036 switch to &NaiveActor::HandlerNormal
I1013 18:33:01.179045 13846 thread.cpp:96] Thread 17829888 construct Actor kNormalForward 37391985279036
I1013 18:33:01.179117 13846 runtime_context.cpp:29] DecreaseCounter constructing_actor_cnt, current val is 128
I1013 18:33:01.179744 13846 naive_actor.cpp:25] actor 37391985279031 switch to &NaiveActor::HandlerNormal
I1013 18:33:01.179837 13846 thread.cpp:96] Thread 17829888 construct Actor kNormalForward 37391985279031
I1013 18:33:01.179917 13846 runtime_context.cpp:29] DecreaseCounter constructing_actor_cnt, current val is 127
I1013 18:33:01.184953 13846 naive_actor.cpp:25] actor 37391985278995 switch to &NaiveActor::HandlerNormal
I1013 18:33:01.185098 13846 thread.cpp:96] Thread 17829888 construct Actor kNormalForward 37391985278995
I1013 18:33:01.185236 13846 runtime_context.cpp:29] DecreaseCounter constructing_actor_cnt, current val is 126
I1013 18:33:01.187095 13846 naive_actor.cpp:25] actor 37391985279030 switch to &NaiveActor::HandlerNormal
I1013 18:33:01.194744 13846 thread.cpp:96] Thread 17829888 construct Actor kNormalForward 37391985279030
I1013 18:33:01.194974 13846 runtime_context.cpp:29] DecreaseCounter constructing_actor_cnt, current val is 125
I1013 18:33:01.196141 13846 naive_actor.cpp:25] actor 37391985279019 switch to &NaiveActor::HandlerNormal
I1013 18:33:01.196239 13846 thread.cpp:96] Thread 17829888 construct Actor kNormalForward 37391985279019
I1013 18:33:01.196372 13846 runtime_context.cpp:29] DecreaseCounter constructing_actor_cnt, current val is 124
I1013 18:33:01.197330 13846 naive_actor.cpp:25] actor 37391985279075 switch to &NaiveActor::HandlerNormal
I1013 18:33:01.197415 13846 thread.cpp:96] Thread 17829888 construct Actor kNormalForward 37391985279075
I1013 18:33:01.197520 13846 runtime_context.cpp:29] DecreaseCounter constructing_actor_cnt, current val is 123
I1013 18:33:01.198290 13846 naive_actor.cpp:25] actor 37391985279043 switch to &NaiveActor::HandlerNormal
I1013 18:33:01.198376 13846 thread.cpp:96] Thread 17829888 construct Actor kNormalForward 37391985279043
I1013 18:33:01.198474 13846 runtime_context.cpp:29] DecreaseCounter constructing_actor_cnt, current val is 122
I1013 18:33:01.199281 13846 naive_actor.cpp:25] actor 37391985279068 switch to &NaiveActor::HandlerNormal
I1013 18:33:01.199371 13846 thread.cpp:96] Thread 17829888 construct Actor kNormalForward 37391985279068
I1013 18:33:01.199463 13846 runtime_context.cpp:29] DecreaseCounter constructing_actor_cnt, current val is 121
I1013 18:33:01.200256 13846 naive_actor.cpp:25] actor 37391985279092 switch to &NaiveActor::HandlerNormal
I1013 18:33:01.200345 13846 thread.cpp:96] Thread 17829888 construct Actor kNormalForward 37391985279092
I1013 18:33:01.200454 13846 runtime_context.cpp:29] DecreaseCounter constructing_actor_cnt, current val is 120
I1013 18:33:01.201263 13846 naive_actor.cpp:25] actor 37391985279044 switch to &NaiveActor::HandlerNormal
I1013 18:33:01.201514 13846 thread.cpp:96] Thread 17829888 construct Actor kNormalForward 37391985279044
I1013 18:33:01.201625 13846 runtime_context.cpp:29] DecreaseCounter constructing_actor_cnt, current val is 119
I1013 18:33:01.201952 13846 naive_actor.cpp:25] actor 37391985279029 switch to &NaiveActor::HandlerNormal
I1013 18:33:01.202029 13846 thread.cpp:96] Thread 17829888 construct Actor kNormalForward 37391985279029
I1013 18:33:01.202116 13846 runtime_context.cpp:29] DecreaseCounter constructing_actor_cnt, current val is 118
I1013 18:33:01.202993 13846 naive_actor.cpp:25] actor 37391985279086 switch to &NaiveActor::HandlerNormal
I1013 18:33:01.212728 13846 thread.cpp:96] Thread 17829888 construct Actor kNormalForward 37391985279086
I1013 18:33:01.212949 13846 runtime_context.cpp:29] DecreaseCounter constructing_actor_cnt, current val is 117
I1013 18:33:01.214001 13846 naive_actor.cpp:25] actor 37391985279110 switch to &NaiveActor::HandlerNormal
I1013 18:33:01.214071 13846 thread.cpp:96] Thread 17829888 construct Actor kNormalForward 37391985279110
I1013 18:33:01.214179 13846 runtime_context.cpp:29] DecreaseCounter constructing_actor_cnt, current val is 116
I1013 18:33:01.214951 13846 naive_actor.cpp:25] actor 37391985279049 switch to &NaiveActor::HandlerNormal
I1013 18:33:01.215030 13846 thread.cpp:96] Thread 17829888 construct Actor kNormalForward 37391985279049
I1013 18:33:01.215162 13846 runtime_context.cpp:29] DecreaseCounter constructing_actor_cnt, current val is 115
I1013 18:33:01.215862 13846 naive_actor.cpp:25] actor 37391985279046 switch to &NaiveActor::HandlerNormal
I1013 18:33:01.215943 13846 thread.cpp:96] Thread 17829888 construct Actor kNormalForward 37391985279046
I1013 18:33:01.216032 13846 runtime_context.cpp:29] DecreaseCounter constructing_actor_cnt, current val is 114
I1013 18:33:01.216368 13846 naive_actor.cpp:25] actor 37391985279055 switch to &NaiveActor::HandlerNormal
I1013 18:33:01.216429 13846 thread.cpp:96] Thread 17829888 construct Actor kNormalForward 37391985279055
I1013 18:33:01.216521 13846 runtime_context.cpp:29] DecreaseCounter constructing_actor_cnt, current val is 113
I1013 18:33:01.217286 13846 naive_actor.cpp:25] actor 37391985279063 switch to &NaiveActor::HandlerNormal
I1013 18:33:01.217361 13846 thread.cpp:96] Thread 17829888 construct Actor kNormalForward 37391985279063
I1013 18:33:01.217463 13846 runtime_context.cpp:29] DecreaseCounter constructing_actor_cnt, current val is 112
I1013 18:33:01.218259 13846 naive_actor.cpp:25] actor 37391985279021 switch to &NaiveActor::HandlerNormal
I1013 18:33:01.218384 13846 thread.cpp:96] Thread 17829888 construct Actor kNormalForward 37391985279021
I1013 18:33:01.218482 13846 runtime_context.cpp:29] DecreaseCounter constructing_actor_cnt, current val is 111
I1013 18:33:01.219288 13846 naive_actor.cpp:25] actor 37391985279080 switch to &NaiveActor::HandlerNormal
I1013 18:33:01.219354 13846 thread.cpp:96] Thread 17829888 construct Actor kNormalForward 37391985279080
I1013 18:33:01.219444 13846 runtime_context.cpp:29] DecreaseCounter constructing_actor_cnt, current val is 110
I1013 18:33:01.220144 13846 naive_actor.cpp:25] actor 37391985279023 switch to &NaiveActor::HandlerNormal
I1013 18:33:01.220214 13846 thread.cpp:96] Thread 17829888 construct Actor kNormalForward 37391985279023
I1013 18:33:01.220307 13846 runtime_context.cpp:29] DecreaseCounter constructing_actor_cnt, current val is 109
I1013 18:33:01.221103 13846 naive_actor.cpp:25] actor 37391985279047 switch to &NaiveActor::HandlerNormal
I1013 18:33:01.221181 13846 thread.cpp:96] Thread 17829888 construct Actor kNormalForward 37391985279047
I1013 18:33:01.221274 13846 runtime_context.cpp:29] DecreaseCounter constructing_actor_cnt, current val is 108
I1013 18:33:01.222116 13846 naive_actor.cpp:25] actor 37391985279085 switch to &NaiveActor::HandlerNormal
I1013 18:33:01.230737 13846 thread.cpp:96] Thread 17829888 construct Actor kNormalForward 37391985279085
I1013 18:33:01.230967 13846 runtime_context.cpp:29] DecreaseCounter constructing_actor_cnt, current val is 107
I1013 18:33:01.232291 13846 naive_actor.cpp:25] actor 37391985279059 switch to &NaiveActor::HandlerNormal
I1013 18:33:01.232391 13846 thread.cpp:96] Thread 17829888 construct Actor kNormalForward 37391985279059
I1013 18:33:01.232523 13846 runtime_context.cpp:29] DecreaseCounter constructing_actor_cnt, current val is 106
I1013 18:33:01.233530 13846 naive_actor.cpp:25] actor 37391985279074 switch to &NaiveActor::HandlerNormal
I1013 18:33:01.233647 13846 thread.cpp:96] Thread 17829888 construct Actor kNormalForward 37391985279074
I1013 18:33:01.233791 13846 runtime_context.cpp:29] DecreaseCounter constructing_actor_cnt, current val is 105
I1013 18:33:01.234220 13846 naive_actor.cpp:25] actor 37391985279034 switch to &NaiveActor::HandlerNormal
I1013 18:33:01.234297 13846 thread.cpp:96] Thread 17829888 construct Actor kNormalForward 37391985279034
I1013 18:33:01.234393 13846 runtime_context.cpp:29] DecreaseCounter constructing_actor_cnt, current val is 104
I1013 18:33:01.235188 13846 naive_actor.cpp:25] actor 37391985279051 switch to &NaiveActor::HandlerNormal
I1013 18:33:01.235277 13846 thread.cpp:96] Thread 17829888 construct Actor kNormalForward 37391985279051
I1013 18:33:01.235404 13846 runtime_context.cpp:29] DecreaseCounter constructing_actor_cnt, current val is 103
I1013 18:33:01.235764 13846 naive_actor.cpp:25] actor 37391985279054 switch to &NaiveActor::HandlerNormal
I1013 18:33:01.235846 13846 thread.cpp:96] Thread 17829888 construct Actor kNormalForward 37391985279054
I1013 18:33:01.235926 13846 runtime_context.cpp:29] DecreaseCounter constructing_actor_cnt, current val is 102
I1013 18:33:01.236778 13846 naive_actor.cpp:25] actor 37391985279099 switch to &NaiveActor::HandlerNormal
I1013 18:33:01.236863 13846 thread.cpp:96] Thread 17829888 construct Actor kNormalForward 37391985279099
I1013 18:33:01.236948 13846 runtime_context.cpp:29] DecreaseCounter constructing_actor_cnt, current val is 101
I1013 18:33:01.237809 13846 naive_actor.cpp:25] actor 37391985279069 switch to &NaiveActor::HandlerNormal
I1013 18:33:01.237900 13846 thread.cpp:96] Thread 17829888 construct Actor kNormalForward 37391985279069
I1013 18:33:01.238056 13846 runtime_context.cpp:29] DecreaseCounter constructing_actor_cnt, current val is 100
I1013 18:33:01.238826 13846 naive_actor.cpp:25] actor 37391985279116 switch to &NaiveActor::HandlerNormal
I1013 18:33:01.238889 13846 thread.cpp:96] Thread 17829888 construct Actor kNormalForward 37391985279116
I1013 18:33:01.248855 13846 runtime_context.cpp:29] DecreaseCounter constructing_actor_cnt, current val is 99
I1013 18:33:01.250085 13846 naive_actor.cpp:25] actor 37391985279072 switch to &NaiveActor::HandlerNormal
I1013 18:33:01.250172 13846 thread.cpp:96] Thread 17829888 construct Actor kNormalForward 37391985279072
I1013 18:33:01.250268 13846 runtime_context.cpp:29] DecreaseCounter constructing_actor_cnt, current val is 98
I1013 18:33:01.250620 13846 naive_actor.cpp:25] actor 37391985279053 switch to &NaiveActor::HandlerNormal
I1013 18:33:01.250699 13846 thread.cpp:96] Thread 17829888 construct Actor kNormalForward 37391985279053
I1013 18:33:01.250842 13846 runtime_context.cpp:29] DecreaseCounter constructing_actor_cnt, current val is 97
I1013 18:33:01.251690 13846 naive_actor.cpp:25] actor 37391985279070 switch to &NaiveActor::HandlerNormal
I1013 18:33:01.251763 13846 thread.cpp:96] Thread 17829888 construct Actor kNormalForward 37391985279070
I1013 18:33:01.251847 13846 runtime_context.cpp:29] DecreaseCounter constructing_actor_cnt, current val is 96
I1013 18:33:01.252697 13846 naive_actor.cpp:25] actor 37391985279096 switch to &NaiveActor::HandlerNormal
I1013 18:33:01.252779 13846 thread.cpp:96] Thread 17829888 construct Actor kNormalForward 37391985279096
I1013 18:33:01.252871 13846 runtime_context.cpp:29] DecreaseCounter constructing_actor_cnt, current val is 95
I1013 18:33:01.253208 13846 naive_actor.cpp:25] actor 37391985279134 switch to &NaiveActor::HandlerNormal
I1013 18:33:01.253283 13846 thread.cpp:96] Thread 17829888 construct Actor kNormalForward 37391985279134
I1013 18:33:01.253588 13846 runtime_context.cpp:29] DecreaseCounter constructing_actor_cnt, current val is 94
I1013 18:33:01.254412 13846 naive_actor.cpp:25] actor 37391985279060 switch to &NaiveActor::HandlerNormal
I1013 18:33:01.254492 13846 thread.cpp:96] Thread 17829888 construct Actor kNormalForward 37391985279060
I1013 18:33:01.254596 13846 runtime_context.cpp:29] DecreaseCounter constructing_actor_cnt, current val is 93
I1013 18:33:01.255434 13846 naive_actor.cpp:25] actor 37391985279079 switch to &NaiveActor::HandlerNormal
I1013 18:33:01.255509 13846 thread.cpp:96] Thread 17829888 construct Actor kNormalForward 37391985279079
I1013 18:33:01.255616 13846 runtime_context.cpp:29] DecreaseCounter constructing_actor_cnt, current val is 92
