Log file created at: 2021/10/14 10:26:13
Running on machine: oneflow-14
Log line format: [IWEF]mmdd hh:mm:ss.uuuuuu threadid file:line] msg
I1014 10:26:13.237298 47522 global.h:36] NewGlobal 14cudaDeviceProp
I1014 10:26:13.252045 47522 global.h:36] NewGlobal N7oneflow7EnvDescE
I1014 10:26:13.252091 47522 global.h:36] NewGlobal N7oneflow10ProcessCtxE
I1014 10:26:13.252105 47522 env_global_objects_scope.cpp:159] using rpc backend: gRPC
I1014 10:26:13.252112 47522 global.h:36] NewGlobal N7oneflow10CtrlServerE
I1014 10:26:13.252948 47522 ctrl_server.cpp:40] CtrlServer listening on 0.0.0.0:33624
I1014 10:26:13.253114 47522 rank_info_bootstrap_server.cpp:47] RankInfoBootstrapServer listening on 0.0.0.0:45420
I1014 10:26:13.254225 47522 rpc_client.cpp:187] LoadServer 127.0.0.1 Successful at 0 times
I1014 10:26:13.255683 47522 ctrl_bootstrap.cpp:76] 
ctrl_addr {
  host: "127.0.0.1"
  port: 32933
}
ctrl_addr {
  host: "127.0.0.1"
  port: 33624
}
rank: 1
node_size: 1
I1014 10:26:13.257485 47522 rpc_client.cpp:187] LoadServer 127.0.0.1 Successful at 0 times
I1014 10:26:13.258245 47522 rpc_client.cpp:187] LoadServer 127.0.0.1 Successful at 0 times
I1014 10:26:13.258301 47522 global.h:36] NewGlobal N7oneflow12ResourceDescE
I1014 10:26:13.258316 47522 global.h:36] NewGlobal N7oneflow12ResourceDescE
I1014 10:26:13.431195 47522 global.h:36] NewGlobal N7oneflow10ThreadPoolE
I1014 10:26:13.433739 47522 global.h:36] NewGlobal N7oneflow16EagerNcclCommMgrE
I1014 10:26:13.433758 47522 global.h:36] NewGlobal N7oneflow18CudnnConvAlgoCacheE
I1014 10:26:13.433765 47522 global.h:36] NewGlobal N7oneflow2vm19VirtualMachineScopeE
I1014 10:26:13.433774 47522 global.h:36] NewGlobal N7oneflow9OneflowVME
I1014 10:26:13.434473 47522 oneflow_vm.cpp:75] transport stream type: N7oneflow2vm13CpuStreamTypeE
I1014 10:26:13.434491 47522 oneflow_vm.cpp:75] transport stream type: N7oneflow2vm14CudaStreamTypeE
I1014 10:26:13.434499 47522 oneflow_vm.cpp:75] transport stream type: N7oneflow2vm19AsyncCudaStreamTypeE
I1014 10:26:13.434772 47522 global.h:36] NewGlobal N7oneflow27EagerJobBuildAndInferCtxMgrE
I1014 10:26:13.434794 47522 global.h:36] NewGlobal N7oneflow12EpollCommNetE
I1014 10:26:13.434995 47522 epoll_comm_network.cpp:63] CommNet:Epoll listening on 0.0.0.0:44518
I1014 10:26:13.435741 47522 epoll_comm_network.cpp:197] machine 0 sockfd 42
I1014 10:26:13.435763 47522 epoll_comm_network.cpp:197] machine 1 sockfd -1
I1014 10:26:13.436337 47522 global.h:36] NewGlobal N7oneflow9TransportE
I1014 10:26:13.436524 47522 global.h:36] NewGlobal N7oneflow25MultiClientSessionContextE
I1014 10:26:16.827081 47835 eager_nccl_comm_manager.cpp:69]  EagerNcclCommMgr::ncclCommInitRank device_vec.size() = 2, nccl_unique_id = 0200ffffffb07c0b0b010e000000000000000000000000000000000000000000000000000000000000000000000000000000000000000000000000000000000000000000000000000000000000000000000000000000000000000000000000000000000000000000000000000000000000000000000000000000000000000000000000, rank = 1, key = {eager_nccl_unique_id_rpc_key,0:0,1:1}
I1014 10:26:17.176658 47522 version.cpp:22] OneFlow git version: b295ca2324
I1014 10:26:17.176730 47522 device_register_gpu.cpp:56] CUDA runtime version: 11.2
I1014 10:26:17.176774 47522 device_register_gpu.cpp:65] cuDNN version: 8.1.1
I1014 10:26:17.176789 47522 device_register_gpu.cpp:78] NCCL version: 2.9.8
I1014 10:26:17.176798 47522 global.h:43] DeleteGlobal N7oneflow12ResourceDescE
I1014 10:26:17.176807 47522 global.h:36] NewGlobal N7oneflow12ResourceDescE
I1014 10:26:17.176815 47522 global.h:36] NewGlobal N7oneflow5IDMgrE
I1014 10:26:17.176821 47522 global.h:36] NewGlobal N7oneflow26LazyJobBuildAndInferCtxMgrE
I1014 10:26:17.176829 47522 global.h:36] NewGlobal N7oneflow9BufferMgrISt10shared_ptrINS_11JobInstanceEEEE
I1014 10:26:17.176834 47522 global.h:36] NewGlobal N7oneflow10RuntimeCtxE
I1014 10:26:17.176839 47522 global.h:36] NewGlobal N7oneflow15MemoryAllocatorE
I1014 10:26:17.176860 47522 global.h:36] NewGlobal N7oneflow8ChunkMgrE
I1014 10:26:17.176865 47522 global.h:36] NewGlobal N7oneflow8RegstMgrE
I1014 10:26:17.176870 47522 global.h:36] NewGlobal N7oneflow11ActorMsgBusE
I1014 10:26:17.177047 47522 global.h:36] NewGlobal N7oneflow9ThreadMgrE
I1014 10:26:17.177070 47522 global.h:36] NewGlobal N7oneflow15RuntimeJobDescsE
I1014 10:26:17.177089 47522 global.h:36] NewGlobal N7oneflow7summary12EventsWriterE
I1014 10:26:17.177111 47522 global.h:36] NewGlobal N7oneflow6boxing10collective24CollectiveBoxingExecutorE
I1014 10:26:17.177129 47522 global.h:36] NewGlobal N7oneflow6boxing10collective31CollectiveBoxingDeviceCtxPollerE
I1014 10:26:17.182894 47522 global.h:36] NewGlobal N7oneflow7JobDescE
I1014 10:26:17.365492 47522 global.h:43] DeleteGlobal N7oneflow7JobDescE
I1014 10:26:17.365665 47522 global.h:36] NewGlobal N7oneflow7JobDescE
I1014 10:26:17.713264 47522 global.h:43] DeleteGlobal N7oneflow7JobDescE
I1014 10:26:17.753651 47522 global.h:36] NewGlobal N7oneflow7JobDescE
I1014 10:26:19.331086 47522 runtime_context.cpp:21] NewCounter constructing_actor_cnt 231
I1014 10:26:19.331955 48007 wait_and_send_ids_actor.cpp:53] actor 36283892105216 switch to &WaitAndSendIdsActor::HandlerWaitToStart
I1014 10:26:19.332388 47997 naive_actor.cpp:25] actor 37391985279169 switch to &NaiveActor::HandlerNormal
I1014 10:26:19.332120 48007 thread.cpp:96] Thread 17301508 construct Actor kWaitAndSendIds 36283892105216
I1014 10:26:19.332605 47997 thread.cpp:96] Thread 17829888 construct Actor kDeviceTick 37391985279169
I1014 10:26:19.332823 48007 runtime_context.cpp:29] DecreaseCounter constructing_actor_cnt, current val is 230
I1014 10:26:19.332895 47997 runtime_context.cpp:29] DecreaseCounter constructing_actor_cnt, current val is 229
I1014 10:26:19.340358 48005 naive_actor.cpp:25] actor 37391991570446 switch to &NaiveActor::HandlerNormal
I1014 10:26:19.340451 48006 copy_comm_net_actor.cpp:66] actor 36283887910912 switch to &CopyCommNetActor::HandlerNormal
I1014 10:26:19.340489 48005 thread.cpp:96] Thread 17829891 construct Actor kCollectiveBoxingGeneric 37391991570446
I1014 10:26:19.340559 48006 thread.cpp:96] Thread 17301506 construct Actor kCopyCommNet 36283887910912
I1014 10:26:19.340662 48000 naive_actor.cpp:25] actor 36283890008068 switch to &NaiveActor::HandlerNormal
I1014 10:26:19.340780 48000 thread.cpp:96] Thread 17301507 construct Actor kTick 36283890008068
I1014 10:26:19.340593 48003 sink_actor.cpp:21] actor 36283894202368 switch to &SinkActor::HandlerNormal
I1014 10:26:19.340891 48000 runtime_context.cpp:29] DecreaseCounter constructing_actor_cnt, current val is 226
I1014 10:26:19.340708 48006 runtime_context.cpp:29] DecreaseCounter constructing_actor_cnt, current val is 227
I1014 10:26:19.340595 48002 naive_actor.cpp:25] actor 37391987376130 switch to &NaiveActor::HandlerNormal
I1014 10:26:19.340674 48005 runtime_context.cpp:29] DecreaseCounter constructing_actor_cnt, current val is 228
I1014 10:26:19.340903 48003 thread.cpp:96] Thread 17301509 construct Actor kCallbackNotify 36283894202368
I1014 10:26:19.341017 48002 thread.cpp:96] Thread 17829889 construct Actor kCopyHd 37391987376130
I1014 10:26:19.341141 48003 runtime_context.cpp:29] DecreaseCounter constructing_actor_cnt, current val is 225
I1014 10:26:19.341173 48002 runtime_context.cpp:29] DecreaseCounter constructing_actor_cnt, current val is 224
I1014 10:26:19.341224 48005 naive_actor.cpp:25] actor 37391991570444 switch to &NaiveActor::HandlerNormal
I1014 10:26:19.341267 48005 thread.cpp:96] Thread 17829891 construct Actor kCollectiveBoxingGeneric 37391991570444
I1014 10:26:19.341313 47999 naive_actor.cpp:25] actor 36283885813761 switch to &NaiveActor::HandlerNormal
I1014 10:26:19.341316 48005 runtime_context.cpp:29] DecreaseCounter constructing_actor_cnt, current val is 223
I1014 10:26:19.341316 48000 naive_actor.cpp:25] actor 36283890008064 switch to &NaiveActor::HandlerNormal
I1014 10:26:19.341425 48002 naive_actor.cpp:25] actor 37391987376132 switch to &NaiveActor::HandlerNormal
I1014 10:26:19.341435 47999 thread.cpp:96] Thread 17301505 construct Actor kNormalForward 36283885813761
I1014 10:26:19.341578 47997 naive_actor.cpp:25] actor 37391985278984 switch to &NaiveActor::HandlerNormal
I1014 10:26:19.341552 48002 thread.cpp:96] Thread 17829889 construct Actor kCopyHd 37391987376132
I1014 10:26:19.341621 48005 naive_actor.cpp:25] actor 37391991570448 switch to &NaiveActor::HandlerNormal
I1014 10:26:19.341512 48000 thread.cpp:96] Thread 17301507 construct Actor kDeviceTick 36283890008064
I1014 10:26:19.341868 48002 runtime_context.cpp:29] DecreaseCounter constructing_actor_cnt, current val is 221
I1014 10:26:19.341912 48000 runtime_context.cpp:29] DecreaseCounter constructing_actor_cnt, current val is 220
I1014 10:26:19.341828 48005 thread.cpp:96] Thread 17829891 construct Actor kCollectiveBoxingGeneric 37391991570448
I1014 10:26:19.341686 47997 thread.cpp:96] Thread 17829888 construct Actor kNormalForward 37391985278984
I1014 10:26:19.341693 47999 runtime_context.cpp:29] DecreaseCounter constructing_actor_cnt, current val is 222
I1014 10:26:19.342020 48005 runtime_context.cpp:29] DecreaseCounter constructing_actor_cnt, current val is 219
I1014 10:26:19.342128 47997 runtime_context.cpp:29] DecreaseCounter constructing_actor_cnt, current val is 218
I1014 10:26:19.342173 48002 naive_actor.cpp:25] actor 37391987376128 switch to &NaiveActor::HandlerNormal
I1014 10:26:19.342308 48002 thread.cpp:96] Thread 17829889 construct Actor kCopyHd 37391987376128
I1014 10:26:19.342368 48000 naive_actor.cpp:25] actor 36283890008067 switch to &NaiveActor::HandlerNormal
I1014 10:26:19.342381 48005 naive_actor.cpp:25] actor 37391991570442 switch to &NaiveActor::HandlerNormal
I1014 10:26:19.342386 48002 runtime_context.cpp:29] DecreaseCounter constructing_actor_cnt, current val is 217
I1014 10:26:19.342428 48000 thread.cpp:96] Thread 17301507 construct Actor kDstSubsetTick 36283890008067
I1014 10:26:19.342463 48005 thread.cpp:96] Thread 17829891 construct Actor kCollectiveBoxingGeneric 37391991570442
I1014 10:26:19.342590 48005 runtime_context.cpp:29] DecreaseCounter constructing_actor_cnt, current val is 216
I1014 10:26:19.342609 48000 runtime_context.cpp:29] DecreaseCounter constructing_actor_cnt, current val is 215
I1014 10:26:19.342746 48002 naive_actor.cpp:25] actor 37391987376131 switch to &NaiveActor::HandlerNormal
I1014 10:26:19.342804 48002 thread.cpp:96] Thread 17829889 construct Actor kCopyHd 37391987376131
I1014 10:26:19.342866 48002 runtime_context.cpp:29] DecreaseCounter constructing_actor_cnt, current val is 214
I1014 10:26:19.342923 48005 naive_actor.cpp:25] actor 37391991570445 switch to &NaiveActor::HandlerNormal
I1014 10:26:19.342962 48005 thread.cpp:96] Thread 17829891 construct Actor kCollectiveBoxingGeneric 37391991570445
I1014 10:26:19.343019 48005 runtime_context.cpp:29] DecreaseCounter constructing_actor_cnt, current val is 213
I1014 10:26:19.343106 48000 naive_actor.cpp:25] actor 36283890008069 switch to &NaiveActor::HandlerNormal
I1014 10:26:19.343108 48002 naive_actor.cpp:25] actor 37391987376129 switch to &NaiveActor::HandlerNormal
I1014 10:26:19.343163 48000 thread.cpp:96] Thread 17301507 construct Actor kTick 36283890008069
I1014 10:26:19.343225 48005 naive_actor.cpp:25] actor 37391991570441 switch to &NaiveActor::HandlerNormal
I1014 10:26:19.343206 48002 thread.cpp:96] Thread 17829889 construct Actor kCopyHd 37391987376129
I1014 10:26:19.343267 48005 thread.cpp:96] Thread 17829891 construct Actor kCollectiveBoxingGeneric 37391991570441
I1014 10:26:19.343324 48002 runtime_context.cpp:29] DecreaseCounter constructing_actor_cnt, current val is 211
I1014 10:26:19.343349 48005 runtime_context.cpp:29] DecreaseCounter constructing_actor_cnt, current val is 210
I1014 10:26:19.343271 48000 runtime_context.cpp:29] DecreaseCounter constructing_actor_cnt, current val is 212
I1014 10:26:19.343509 48005 naive_actor.cpp:25] actor 37391991570433 switch to &NaiveActor::HandlerNormal
I1014 10:26:19.343554 48005 thread.cpp:96] Thread 17829891 construct Actor kCollectiveBoxingGeneric 37391991570433
I1014 10:26:19.343613 48005 runtime_context.cpp:29] DecreaseCounter constructing_actor_cnt, current val is 209
I1014 10:26:19.343695 47997 naive_actor.cpp:25] actor 37391985278988 switch to &NaiveActor::HandlerNormal
I1014 10:26:19.343755 47997 thread.cpp:96] Thread 17829888 construct Actor kNormalForward 37391985278988
I1014 10:26:19.343777 47999 naive_actor.cpp:25] actor 36283885813760 switch to &NaiveActor::HandlerNormal
I1014 10:26:19.343803 48005 naive_actor.cpp:25] actor 37391991570434 switch to &NaiveActor::HandlerNormal
I1014 10:26:19.344159 48005 thread.cpp:96] Thread 17829891 construct Actor kCollectiveBoxingGeneric 37391991570434
I1014 10:26:19.344029 47997 runtime_context.cpp:29] DecreaseCounter constructing_actor_cnt, current val is 208
I1014 10:26:19.344122 47999 thread.cpp:96] Thread 17301505 construct Actor kNormalForward 36283885813760
I1014 10:26:19.343843 48000 naive_actor.cpp:25] actor 36283890008065 switch to &NaiveActor::HandlerNormal
I1014 10:26:19.344245 48005 runtime_context.cpp:29] DecreaseCounter constructing_actor_cnt, current val is 207
I1014 10:26:19.344498 47999 runtime_context.cpp:29] DecreaseCounter constructing_actor_cnt, current val is 206
I1014 10:26:19.344509 48000 thread.cpp:96] Thread 17301507 construct Actor kSrcSubsetTick 36283890008065
I1014 10:26:19.344805 48000 runtime_context.cpp:29] DecreaseCounter constructing_actor_cnt, current val is 205
I1014 10:26:19.344871 48005 naive_actor.cpp:25] actor 37391991570432 switch to &NaiveActor::HandlerNormal
I1014 10:26:19.344980 48005 thread.cpp:96] Thread 17829891 construct Actor kCollectiveBoxingGeneric 37391991570432
I1014 10:26:19.345073 48005 runtime_context.cpp:29] DecreaseCounter constructing_actor_cnt, current val is 204
I1014 10:26:19.345257 48000 naive_actor.cpp:25] actor 36283890008066 switch to &NaiveActor::HandlerNormal
I1014 10:26:19.345257 48005 naive_actor.cpp:25] actor 37391991570443 switch to &NaiveActor::HandlerNormal
I1014 10:26:19.345317 48000 thread.cpp:96] Thread 17301507 construct Actor kTick 36283890008066
I1014 10:26:19.345352 48005 thread.cpp:96] Thread 17829891 construct Actor kCollectiveBoxingGeneric 37391991570443
I1014 10:26:19.345448 48000 runtime_context.cpp:29] DecreaseCounter constructing_actor_cnt, current val is 203
I1014 10:26:19.345487 48005 runtime_context.cpp:29] DecreaseCounter constructing_actor_cnt, current val is 202
I1014 10:26:19.345715 48005 naive_actor.cpp:25] actor 37391991570439 switch to &NaiveActor::HandlerNormal
I1014 10:26:19.345804 48005 thread.cpp:96] Thread 17829891 construct Actor kCollectiveBoxingGeneric 37391991570439
I1014 10:26:19.345856 48005 runtime_context.cpp:29] DecreaseCounter constructing_actor_cnt, current val is 201
I1014 10:26:19.345872 47997 naive_actor.cpp:25] actor 37391985278980 switch to &NaiveActor::HandlerNormal
I1014 10:26:19.345948 47997 thread.cpp:96] Thread 17829888 construct Actor kNormalForward 37391985278980
I1014 10:26:19.346053 48005 naive_actor.cpp:25] actor 37391991570436 switch to &NaiveActor::HandlerNormal
I1014 10:26:19.346056 47997 runtime_context.cpp:29] DecreaseCounter constructing_actor_cnt, current val is 200
I1014 10:26:19.346096 48005 thread.cpp:96] Thread 17829891 construct Actor kCollectiveBoxingGeneric 37391991570436
I1014 10:26:19.346202 48005 runtime_context.cpp:29] DecreaseCounter constructing_actor_cnt, current val is 199
I1014 10:26:19.346390 48005 naive_actor.cpp:25] actor 37391991570438 switch to &NaiveActor::HandlerNormal
I1014 10:26:19.346428 48005 thread.cpp:96] Thread 17829891 construct Actor kCollectiveBoxingGeneric 37391991570438
I1014 10:26:19.346474 48005 runtime_context.cpp:29] DecreaseCounter constructing_actor_cnt, current val is 198
I1014 10:26:19.346662 47997 naive_actor.cpp:25] actor 37391985278977 switch to &NaiveActor::HandlerNormal
I1014 10:26:19.346760 48005 naive_actor.cpp:25] actor 37391991570435 switch to &NaiveActor::HandlerNormal
I1014 10:26:19.346773 47997 thread.cpp:96] Thread 17829888 construct Actor kNormalForward 37391985278977
I1014 10:26:19.346845 48005 thread.cpp:96] Thread 17829891 construct Actor kCollectiveBoxingGeneric 37391991570435
I1014 10:26:19.346968 47997 runtime_context.cpp:29] DecreaseCounter constructing_actor_cnt, current val is 197
I1014 10:26:19.346985 48005 runtime_context.cpp:29] DecreaseCounter constructing_actor_cnt, current val is 196
I1014 10:26:19.347409 48005 naive_actor.cpp:25] actor 37391991570447 switch to &NaiveActor::HandlerNormal
I1014 10:26:19.347498 48005 thread.cpp:96] Thread 17829891 construct Actor kCollectiveBoxingGeneric 37391991570447
I1014 10:26:19.347576 48005 runtime_context.cpp:29] DecreaseCounter constructing_actor_cnt, current val is 195
I1014 10:26:19.347645 47997 naive_actor.cpp:25] actor 37391985278985 switch to &NaiveActor::HandlerNormal
I1014 10:26:19.347719 47997 thread.cpp:96] Thread 17829888 construct Actor kNormalForward 37391985278985
I1014 10:26:19.347808 48005 naive_actor.cpp:25] actor 37391991570440 switch to &NaiveActor::HandlerNormal
I1014 10:26:19.347820 47997 runtime_context.cpp:29] DecreaseCounter constructing_actor_cnt, current val is 194
I1014 10:26:19.347890 48005 thread.cpp:96] Thread 17829891 construct Actor kCollectiveBoxingGeneric 37391991570440
I1014 10:26:19.348001 48005 runtime_context.cpp:29] DecreaseCounter constructing_actor_cnt, current val is 193
I1014 10:26:19.348214 48005 naive_actor.cpp:25] actor 37391991570449 switch to &NaiveActor::HandlerNormal
I1014 10:26:19.348271 48005 thread.cpp:96] Thread 17829891 construct Actor kCollectiveBoxingGeneric 37391991570449
I1014 10:26:19.348388 48005 runtime_context.cpp:29] DecreaseCounter constructing_actor_cnt, current val is 192
I1014 10:26:19.348621 48005 naive_actor.cpp:25] actor 37391991570437 switch to &NaiveActor::HandlerNormal
I1014 10:26:19.348676 48005 thread.cpp:96] Thread 17829891 construct Actor kCollectiveBoxingGeneric 37391991570437
I1014 10:26:19.348742 48005 runtime_context.cpp:29] DecreaseCounter constructing_actor_cnt, current val is 191
I1014 10:26:19.349268 47997 naive_actor.cpp:25] actor 37391985278978 switch to &NaiveActor::HandlerNormal
I1014 10:26:19.349326 47997 thread.cpp:96] Thread 17829888 construct Actor kNormalForward 37391985278978
I1014 10:26:19.349440 47997 runtime_context.cpp:29] DecreaseCounter constructing_actor_cnt, current val is 190
I1014 10:26:19.351229 47998 naive_actor.cpp:25] actor 36283883716608 switch to &NaiveActor::HandlerNormal
I1014 10:26:19.351290 47998 thread.cpp:96] Thread 17301504 construct Actor kNormalForward 36283883716608
I1014 10:26:19.351369 47998 runtime_context.cpp:29] DecreaseCounter constructing_actor_cnt, current val is 189
I1014 10:26:19.351493 47997 naive_actor.cpp:25] actor 37391985278990 switch to &NaiveActor::HandlerNormal
I1014 10:26:19.351558 47997 thread.cpp:96] Thread 17829888 construct Actor kNormalForward 37391985278990
I1014 10:26:19.351667 47997 runtime_context.cpp:29] DecreaseCounter constructing_actor_cnt, current val is 188
I1014 10:26:19.352181 47998 naive_actor.cpp:25] actor 36283883716610 switch to &NaiveActor::HandlerNormal
I1014 10:26:19.352236 47998 thread.cpp:96] Thread 17301504 construct Actor kNormalForward 36283883716610
I1014 10:26:19.352305 47998 runtime_context.cpp:29] DecreaseCounter constructing_actor_cnt, current val is 187
I1014 10:26:19.352792 47997 naive_actor.cpp:25] actor 37391985278982 switch to &NaiveActor::HandlerNormal
I1014 10:26:19.352859 47997 thread.cpp:96] Thread 17829888 construct Actor kNormalForward 37391985278982
I1014 10:26:19.352955 47997 runtime_context.cpp:29] DecreaseCounter constructing_actor_cnt, current val is 186
I1014 10:26:19.353147 47998 naive_actor.cpp:25] actor 36283883716609 switch to &NaiveActor::HandlerNormal
I1014 10:26:19.353195 47998 thread.cpp:96] Thread 17301504 construct Actor kNormalForward 36283883716609
I1014 10:26:19.353266 47998 runtime_context.cpp:29] DecreaseCounter constructing_actor_cnt, current val is 185
I1014 10:26:19.353363 47997 naive_actor.cpp:25] actor 37391985278981 switch to &NaiveActor::HandlerNormal
I1014 10:26:19.353420 47997 thread.cpp:96] Thread 17829888 construct Actor kNormalForward 37391985278981
I1014 10:26:19.353507 47997 runtime_context.cpp:29] DecreaseCounter constructing_actor_cnt, current val is 184
I1014 10:26:19.353888 47997 naive_actor.cpp:25] actor 37391985279006 switch to &NaiveActor::HandlerNormal
I1014 10:26:19.353947 47997 thread.cpp:96] Thread 17829888 construct Actor kNormalForward 37391985279006
I1014 10:26:19.354182 47997 runtime_context.cpp:29] DecreaseCounter constructing_actor_cnt, current val is 183
I1014 10:26:19.355190 47997 naive_actor.cpp:25] actor 37391985278991 switch to &NaiveActor::HandlerNormal
I1014 10:26:19.355258 47997 thread.cpp:96] Thread 17829888 construct Actor kNormalForward 37391985278991
I1014 10:26:19.355348 47997 runtime_context.cpp:29] DecreaseCounter constructing_actor_cnt, current val is 182
I1014 10:26:19.356185 47997 naive_actor.cpp:25] actor 37391985278996 switch to &NaiveActor::HandlerNormal
I1014 10:26:19.356243 47997 thread.cpp:96] Thread 17829888 construct Actor kNormalForward 37391985278996
I1014 10:26:19.356329 47997 runtime_context.cpp:29] DecreaseCounter constructing_actor_cnt, current val is 181
I1014 10:26:19.357168 47997 naive_actor.cpp:25] actor 37391985278979 switch to &NaiveActor::HandlerNormal
I1014 10:26:19.357224 47997 thread.cpp:96] Thread 17829888 construct Actor kNormalForward 37391985278979
I1014 10:26:19.357311 47997 runtime_context.cpp:29] DecreaseCounter constructing_actor_cnt, current val is 180
I1014 10:26:19.358136 47997 naive_actor.cpp:25] actor 37391985278983 switch to &NaiveActor::HandlerNormal
I1014 10:26:19.358196 47997 thread.cpp:96] Thread 17829888 construct Actor kNormalForward 37391985278983
I1014 10:26:19.358276 47997 runtime_context.cpp:29] DecreaseCounter constructing_actor_cnt, current val is 179
I1014 10:26:19.359081 47997 naive_actor.cpp:25] actor 37391985278976 switch to &NaiveActor::HandlerNormal
I1014 10:26:19.359146 47997 thread.cpp:96] Thread 17829888 construct Actor kNormalForward 37391985278976
I1014 10:26:19.359232 47997 runtime_context.cpp:29] DecreaseCounter constructing_actor_cnt, current val is 178
I1014 10:26:19.359606 47997 naive_actor.cpp:25] actor 37391985278994 switch to &NaiveActor::HandlerNormal
I1014 10:26:19.359684 47997 thread.cpp:96] Thread 17829888 construct Actor kNormalForward 37391985278994
I1014 10:26:19.359767 47997 runtime_context.cpp:29] DecreaseCounter constructing_actor_cnt, current val is 177
I1014 10:26:19.360769 47997 naive_actor.cpp:25] actor 37391985278986 switch to &NaiveActor::HandlerNormal
I1014 10:26:19.360828 47997 thread.cpp:96] Thread 17829888 construct Actor kNormalForward 37391985278986
I1014 10:26:19.360916 47997 runtime_context.cpp:29] DecreaseCounter constructing_actor_cnt, current val is 176
I1014 10:26:19.362185 47997 naive_actor.cpp:25] actor 37391985279018 switch to &NaiveActor::HandlerNormal
I1014 10:26:19.362244 47997 thread.cpp:96] Thread 17829888 construct Actor kNormalForward 37391985279018
I1014 10:26:19.362325 47997 runtime_context.cpp:29] DecreaseCounter constructing_actor_cnt, current val is 175
I1014 10:26:19.363111 47997 naive_actor.cpp:25] actor 37391985279010 switch to &NaiveActor::HandlerNormal
I1014 10:26:19.363166 47997 thread.cpp:96] Thread 17829888 construct Actor kNormalForward 37391985279010
I1014 10:26:19.363240 47997 runtime_context.cpp:29] DecreaseCounter constructing_actor_cnt, current val is 174
I1014 10:26:19.363600 47997 naive_actor.cpp:25] actor 37391985279034 switch to &NaiveActor::HandlerNormal
I1014 10:26:19.363652 47997 thread.cpp:96] Thread 17829888 construct Actor kNormalForward 37391985279034
I1014 10:26:19.363725 47997 runtime_context.cpp:29] DecreaseCounter constructing_actor_cnt, current val is 173
I1014 10:26:19.364075 47997 naive_actor.cpp:25] actor 37391985279008 switch to &NaiveActor::HandlerNormal
I1014 10:26:19.364127 47997 thread.cpp:96] Thread 17829888 construct Actor kNormalForward 37391985279008
I1014 10:26:19.364203 47997 runtime_context.cpp:29] DecreaseCounter constructing_actor_cnt, current val is 172
I1014 10:26:19.365079 47997 naive_actor.cpp:25] actor 37391985279012 switch to &NaiveActor::HandlerNormal
I1014 10:26:19.365135 47997 thread.cpp:96] Thread 17829888 construct Actor kNormalForward 37391985279012
I1014 10:26:19.365216 47997 runtime_context.cpp:29] DecreaseCounter constructing_actor_cnt, current val is 171
I1014 10:26:19.366487 47997 naive_actor.cpp:25] actor 37391985279004 switch to &NaiveActor::HandlerNormal
I1014 10:26:19.366616 47997 thread.cpp:96] Thread 17829888 construct Actor kNormalForward 37391985279004
I1014 10:26:19.366712 47997 runtime_context.cpp:29] DecreaseCounter constructing_actor_cnt, current val is 170
I1014 10:26:19.367031 47997 naive_actor.cpp:25] actor 37391985279001 switch to &NaiveActor::HandlerNormal
I1014 10:26:19.367098 47997 thread.cpp:96] Thread 17829888 construct Actor kNormalForward 37391985279001
I1014 10:26:19.367169 47997 runtime_context.cpp:29] DecreaseCounter constructing_actor_cnt, current val is 169
I1014 10:26:19.368041 47997 naive_actor.cpp:25] actor 37391985279028 switch to &NaiveActor::HandlerNormal
I1014 10:26:19.368099 47997 thread.cpp:96] Thread 17829888 construct Actor kNormalForward 37391985279028
I1014 10:26:19.368177 47997 runtime_context.cpp:29] DecreaseCounter constructing_actor_cnt, current val is 168
I1014 10:26:19.368968 47997 naive_actor.cpp:25] actor 37391985278995 switch to &NaiveActor::HandlerNormal
I1014 10:26:19.369040 47997 thread.cpp:96] Thread 17829888 construct Actor kNormalForward 37391985278995
I1014 10:26:19.369117 47997 runtime_context.cpp:29] DecreaseCounter constructing_actor_cnt, current val is 167
I1014 10:26:19.369961 47997 naive_actor.cpp:25] actor 37391985279009 switch to &NaiveActor::HandlerNormal
I1014 10:26:19.370014 47997 thread.cpp:96] Thread 17829888 construct Actor kNormalForward 37391985279009
I1014 10:26:19.370090 47997 runtime_context.cpp:29] DecreaseCounter constructing_actor_cnt, current val is 166
I1014 10:26:19.370966 47997 naive_actor.cpp:25] actor 37391985279019 switch to &NaiveActor::HandlerNormal
I1014 10:26:19.371021 47997 thread.cpp:96] Thread 17829888 construct Actor kNormalForward 37391985279019
I1014 10:26:19.371105 47997 runtime_context.cpp:29] DecreaseCounter constructing_actor_cnt, current val is 165
I1014 10:26:19.371914 47997 naive_actor.cpp:25] actor 37391985279002 switch to &NaiveActor::HandlerNormal
I1014 10:26:19.371966 47997 thread.cpp:96] Thread 17829888 construct Actor kNormalForward 37391985279002
I1014 10:26:19.372040 47997 runtime_context.cpp:29] DecreaseCounter constructing_actor_cnt, current val is 164
I1014 10:26:19.372848 47997 naive_actor.cpp:25] actor 37391985278998 switch to &NaiveActor::HandlerNormal
I1014 10:26:19.372906 47997 thread.cpp:96] Thread 17829888 construct Actor kNormalForward 37391985278998
I1014 10:26:19.372982 47997 runtime_context.cpp:29] DecreaseCounter constructing_actor_cnt, current val is 163
I1014 10:26:19.373785 47997 naive_actor.cpp:25] actor 37391985279014 switch to &NaiveActor::HandlerNormal
I1014 10:26:19.373838 47997 thread.cpp:96] Thread 17829888 construct Actor kNormalForward 37391985279014
I1014 10:26:19.373916 47997 runtime_context.cpp:29] DecreaseCounter constructing_actor_cnt, current val is 162
I1014 10:26:19.374747 47997 naive_actor.cpp:25] actor 37391985279005 switch to &NaiveActor::HandlerNormal
I1014 10:26:19.374799 47997 thread.cpp:96] Thread 17829888 construct Actor kNormalForward 37391985279005
I1014 10:26:19.374874 47997 runtime_context.cpp:29] DecreaseCounter constructing_actor_cnt, current val is 161
I1014 10:26:19.375694 47997 naive_actor.cpp:25] actor 37391985279030 switch to &NaiveActor::HandlerNormal
I1014 10:26:19.375743 47997 thread.cpp:96] Thread 17829888 construct Actor kNormalForward 37391985279030
I1014 10:26:19.375821 47997 runtime_context.cpp:29] DecreaseCounter constructing_actor_cnt, current val is 160
I1014 10:26:19.376148 47997 naive_actor.cpp:25] actor 37391985279015 switch to &NaiveActor::HandlerNormal
I1014 10:26:19.376196 47997 thread.cpp:96] Thread 17829888 construct Actor kNormalForward 37391985279015
I1014 10:26:19.376263 47997 runtime_context.cpp:29] DecreaseCounter constructing_actor_cnt, current val is 159
I1014 10:26:19.376914 47997 naive_actor.cpp:25] actor 37391985278989 switch to &NaiveActor::HandlerNormal
I1014 10:26:19.376978 47997 thread.cpp:96] Thread 17829888 construct Actor kNormalForward 37391985278989
I1014 10:26:19.377046 47997 runtime_context.cpp:29] DecreaseCounter constructing_actor_cnt, current val is 158
I1014 10:26:19.377871 47997 naive_actor.cpp:25] actor 37391985279039 switch to &NaiveActor::HandlerNormal
I1014 10:26:19.377928 47997 thread.cpp:96] Thread 17829888 construct Actor kNormalForward 37391985279039
I1014 10:26:19.378011 47997 runtime_context.cpp:29] DecreaseCounter constructing_actor_cnt, current val is 157
I1014 10:26:19.378345 47997 naive_actor.cpp:25] actor 37391985279020 switch to &NaiveActor::HandlerNormal
I1014 10:26:19.378394 47997 thread.cpp:96] Thread 17829888 construct Actor kNormalForward 37391985279020
I1014 10:26:19.378479 47997 runtime_context.cpp:29] DecreaseCounter constructing_actor_cnt, current val is 156
I1014 10:26:19.378775 47997 naive_actor.cpp:25] actor 37391985278987 switch to &NaiveActor::HandlerNormal
I1014 10:26:19.378830 47997 thread.cpp:96] Thread 17829888 construct Actor kNormalForward 37391985278987
I1014 10:26:19.378895 47997 runtime_context.cpp:29] DecreaseCounter constructing_actor_cnt, current val is 155
I1014 10:26:19.379527 47997 naive_actor.cpp:25] actor 37391985279003 switch to &NaiveActor::HandlerNormal
I1014 10:26:19.379578 47997 thread.cpp:96] Thread 17829888 construct Actor kNormalForward 37391985279003
I1014 10:26:19.379647 47997 runtime_context.cpp:29] DecreaseCounter constructing_actor_cnt, current val is 154
I1014 10:26:19.380805 47997 naive_actor.cpp:25] actor 37391985279011 switch to &NaiveActor::HandlerNormal
I1014 10:26:19.380856 47997 thread.cpp:96] Thread 17829888 construct Actor kNormalForward 37391985279011
I1014 10:26:19.380930 47997 runtime_context.cpp:29] DecreaseCounter constructing_actor_cnt, current val is 153
I1014 10:26:19.381661 47997 naive_actor.cpp:25] actor 37391985279062 switch to &NaiveActor::HandlerNormal
I1014 10:26:19.381713 47997 thread.cpp:96] Thread 17829888 construct Actor kNormalForward 37391985279062
I1014 10:26:19.381786 47997 runtime_context.cpp:29] DecreaseCounter constructing_actor_cnt, current val is 152
I1014 10:26:19.382681 47997 naive_actor.cpp:25] actor 37391985279086 switch to &NaiveActor::HandlerNormal
I1014 10:26:19.382732 47997 thread.cpp:96] Thread 17829888 construct Actor kNormalForward 37391985279086
I1014 10:26:19.382812 47997 runtime_context.cpp:29] DecreaseCounter constructing_actor_cnt, current val is 151
I1014 10:26:19.383592 47997 naive_actor.cpp:25] actor 37391985279000 switch to &NaiveActor::HandlerNormal
I1014 10:26:19.383646 47997 thread.cpp:96] Thread 17829888 construct Actor kNormalForward 37391985279000
I1014 10:26:19.383719 47997 runtime_context.cpp:29] DecreaseCounter constructing_actor_cnt, current val is 150
I1014 10:26:19.384433 47997 naive_actor.cpp:25] actor 37391985279024 switch to &NaiveActor::HandlerNormal
I1014 10:26:19.384480 47997 thread.cpp:96] Thread 17829888 construct Actor kNormalForward 37391985279024
I1014 10:26:19.384546 47997 runtime_context.cpp:29] DecreaseCounter constructing_actor_cnt, current val is 149
I1014 10:26:19.385365 47997 naive_actor.cpp:25] actor 37391985279042 switch to &NaiveActor::HandlerNormal
I1014 10:26:19.385411 47997 thread.cpp:96] Thread 17829888 construct Actor kNormalForward 37391985279042
I1014 10:26:19.385480 47997 runtime_context.cpp:29] DecreaseCounter constructing_actor_cnt, current val is 148
I1014 10:26:19.386277 47997 naive_actor.cpp:25] actor 37391985278993 switch to &NaiveActor::HandlerNormal
I1014 10:26:19.386327 47997 thread.cpp:96] Thread 17829888 construct Actor kNormalForward 37391985278993
I1014 10:26:19.386397 47997 runtime_context.cpp:29] DecreaseCounter constructing_actor_cnt, current val is 147
I1014 10:26:19.386710 47997 naive_actor.cpp:25] actor 37391985279055 switch to &NaiveActor::HandlerNormal
I1014 10:26:19.386756 47997 thread.cpp:96] Thread 17829888 construct Actor kNormalForward 37391985279055
I1014 10:26:19.386817 47997 runtime_context.cpp:29] DecreaseCounter constructing_actor_cnt, current val is 146
I1014 10:26:19.388202 47997 naive_actor.cpp:25] actor 37391985279032 switch to &NaiveActor::HandlerNormal
I1014 10:26:19.388255 47997 thread.cpp:96] Thread 17829888 construct Actor kNormalForward 37391985279032
I1014 10:26:19.388382 47997 runtime_context.cpp:29] DecreaseCounter constructing_actor_cnt, current val is 145
I1014 10:26:19.388692 47997 naive_actor.cpp:25] actor 37391985279036 switch to &NaiveActor::HandlerNormal
I1014 10:26:19.388739 47997 thread.cpp:96] Thread 17829888 construct Actor kNormalForward 37391985279036
I1014 10:26:19.388829 47997 runtime_context.cpp:29] DecreaseCounter constructing_actor_cnt, current val is 144
I1014 10:26:19.389925 47997 naive_actor.cpp:25] actor 37391985279025 switch to &NaiveActor::HandlerNormal
I1014 10:26:19.389976 47997 thread.cpp:96] Thread 17829888 construct Actor kNormalForward 37391985279025
I1014 10:26:19.390043 47997 runtime_context.cpp:29] DecreaseCounter constructing_actor_cnt, current val is 143
I1014 10:26:19.390368 47997 naive_actor.cpp:25] actor 37391985279052 switch to &NaiveActor::HandlerNormal
I1014 10:26:19.390422 47997 thread.cpp:96] Thread 17829888 construct Actor kNormalForward 37391985279052
I1014 10:26:19.390486 47997 runtime_context.cpp:29] DecreaseCounter constructing_actor_cnt, current val is 142
I1014 10:26:19.391255 47997 naive_actor.cpp:25] actor 37391985279033 switch to &NaiveActor::HandlerNormal
I1014 10:26:19.391306 47997 thread.cpp:96] Thread 17829888 construct Actor kNormalForward 37391985279033
I1014 10:26:19.391374 47997 runtime_context.cpp:29] DecreaseCounter constructing_actor_cnt, current val is 141
I1014 10:26:19.392149 47997 naive_actor.cpp:25] actor 37391985279043 switch to &NaiveActor::HandlerNormal
I1014 10:26:19.392197 47997 thread.cpp:96] Thread 17829888 construct Actor kNormalForward 37391985279043
I1014 10:26:19.392262 47997 runtime_context.cpp:29] DecreaseCounter constructing_actor_cnt, current val is 140
I1014 10:26:19.393049 47997 naive_actor.cpp:25] actor 37391985279026 switch to &NaiveActor::HandlerNormal
I1014 10:26:19.393095 47997 thread.cpp:96] Thread 17829888 construct Actor kNormalForward 37391985279026
I1014 10:26:19.393163 47997 runtime_context.cpp:29] DecreaseCounter constructing_actor_cnt, current val is 139
I1014 10:26:19.393469 47997 naive_actor.cpp:25] actor 37391985279022 switch to &NaiveActor::HandlerNormal
I1014 10:26:19.393517 47997 thread.cpp:96] Thread 17829888 construct Actor kNormalForward 37391985279022
I1014 10:26:19.393587 47997 runtime_context.cpp:29] DecreaseCounter constructing_actor_cnt, current val is 138
I1014 10:26:19.394316 47997 naive_actor.cpp:25] actor 37391985279038 switch to &NaiveActor::HandlerNormal
I1014 10:26:19.394366 47997 thread.cpp:96] Thread 17829888 construct Actor kNormalForward 37391985279038
I1014 10:26:19.394433 47997 runtime_context.cpp:29] DecreaseCounter constructing_actor_cnt, current val is 137
I1014 10:26:19.394755 47997 naive_actor.cpp:25] actor 37391985279029 switch to &NaiveActor::HandlerNormal
I1014 10:26:19.394801 47997 thread.cpp:96] Thread 17829888 construct Actor kNormalForward 37391985279029
I1014 10:26:19.394862 47997 runtime_context.cpp:29] DecreaseCounter constructing_actor_cnt, current val is 136
I1014 10:26:19.395151 47997 naive_actor.cpp:25] actor 37391985279054 switch to &NaiveActor::HandlerNormal
I1014 10:26:19.395197 47997 thread.cpp:96] Thread 17829888 construct Actor kNormalForward 37391985279054
I1014 10:26:19.395258 47997 runtime_context.cpp:29] DecreaseCounter constructing_actor_cnt, current val is 135
I1014 10:26:19.395552 47997 naive_actor.cpp:25] actor 37391985278999 switch to &NaiveActor::HandlerNormal
I1014 10:26:19.395609 47997 thread.cpp:96] Thread 17829888 construct Actor kNormalForward 37391985278999
I1014 10:26:19.395670 47997 runtime_context.cpp:29] DecreaseCounter constructing_actor_cnt, current val is 134
I1014 10:26:19.395951 47997 naive_actor.cpp:25] actor 37391985279013 switch to &NaiveActor::HandlerNormal
I1014 10:26:19.395993 47997 thread.cpp:96] Thread 17829888 construct Actor kNormalForward 37391985279013
I1014 10:26:19.396052 47997 runtime_context.cpp:29] DecreaseCounter constructing_actor_cnt, current val is 133
I1014 10:26:19.396793 47997 naive_actor.cpp:25] actor 37391985279037 switch to &NaiveActor::HandlerNormal
I1014 10:26:19.396842 47997 thread.cpp:96] Thread 17829888 construct Actor kNormalForward 37391985279037
I1014 10:26:19.397023 47997 runtime_context.cpp:29] DecreaseCounter constructing_actor_cnt, current val is 132
I1014 10:26:19.397784 47997 naive_actor.cpp:25] actor 37391985279007 switch to &NaiveActor::HandlerNormal
I1014 10:26:19.397827 47997 thread.cpp:96] Thread 17829888 construct Actor kNormalForward 37391985279007
I1014 10:26:19.397897 47997 runtime_context.cpp:29] DecreaseCounter constructing_actor_cnt, current val is 131
I1014 10:26:19.398165 47997 naive_actor.cpp:25] actor 37391985279027 switch to &NaiveActor::HandlerNormal
I1014 10:26:19.398211 47997 thread.cpp:96] Thread 17829888 construct Actor kNormalForward 37391985279027
I1014 10:26:19.398268 47997 runtime_context.cpp:29] DecreaseCounter constructing_actor_cnt, current val is 130
I1014 10:26:19.398864 47997 naive_actor.cpp:25] actor 37391985279031 switch to &NaiveActor::HandlerNormal
I1014 10:26:19.398917 47997 thread.cpp:96] Thread 17829888 construct Actor kNormalForward 37391985279031
I1014 10:26:19.398977 47997 runtime_context.cpp:29] DecreaseCounter constructing_actor_cnt, current val is 129
I1014 10:26:19.399729 47997 naive_actor.cpp:25] actor 37391985279035 switch to &NaiveActor::HandlerNormal
I1014 10:26:19.399775 47997 thread.cpp:96] Thread 17829888 construct Actor kNormalForward 37391985279035
I1014 10:26:19.399839 47997 runtime_context.cpp:29] DecreaseCounter constructing_actor_cnt, current val is 128
I1014 10:26:19.400110 47997 naive_actor.cpp:25] actor 37391985278992 switch to &NaiveActor::HandlerNormal
I1014 10:26:19.400153 47997 thread.cpp:96] Thread 17829888 construct Actor kNormalForward 37391985278992
I1014 10:26:19.400213 47997 runtime_context.cpp:29] DecreaseCounter constructing_actor_cnt, current val is 127
I1014 10:26:19.400923 47997 naive_actor.cpp:25] actor 37391985279016 switch to &NaiveActor::HandlerNormal
I1014 10:26:19.400969 47997 thread.cpp:96] Thread 17829888 construct Actor kNormalForward 37391985279016
I1014 10:26:19.401031 47997 runtime_context.cpp:29] DecreaseCounter constructing_actor_cnt, current val is 126
I1014 10:26:19.401727 47997 naive_actor.cpp:25] actor 37391985279060 switch to &NaiveActor::HandlerNormal
I1014 10:26:19.401774 47997 thread.cpp:96] Thread 17829888 construct Actor kNormalForward 37391985279060
I1014 10:26:19.401839 47997 runtime_context.cpp:29] DecreaseCounter constructing_actor_cnt, current val is 125
I1014 10:26:19.402604 47997 naive_actor.cpp:25] actor 37391985279084 switch to &NaiveActor::HandlerNormal
I1014 10:26:19.402659 47997 thread.cpp:96] Thread 17829888 construct Actor kNormalForward 37391985279084
I1014 10:26:19.402765 47997 runtime_context.cpp:29] DecreaseCounter constructing_actor_cnt, current val is 124
I1014 10:26:19.403669 47997 naive_actor.cpp:25] actor 37391985279108 switch to &NaiveActor::HandlerNormal
I1014 10:26:19.403724 47997 thread.cpp:96] Thread 17829888 construct Actor kNormalForward 37391985279108
I1014 10:26:19.403806 47997 runtime_context.cpp:29] DecreaseCounter constructing_actor_cnt, current val is 123
I1014 10:26:19.404608 47997 naive_actor.cpp:25] actor 37391985279017 switch to &NaiveActor::HandlerNormal
I1014 10:26:19.404668 47997 thread.cpp:96] Thread 17829888 construct Actor kNormalForward 37391985279017
I1014 10:26:19.404757 47997 runtime_context.cpp:29] DecreaseCounter constructing_actor_cnt, current val is 122
I1014 10:26:19.405620 47997 naive_actor.cpp:25] actor 37391985279041 switch to &NaiveActor::HandlerNormal
I1014 10:26:19.405679 47997 thread.cpp:96] Thread 17829888 construct Actor kNormalForward 37391985279041
I1014 10:26:19.405777 47997 runtime_context.cpp:29] DecreaseCounter constructing_actor_cnt, current val is 121
I1014 10:26:19.407059 47997 naive_actor.cpp:25] actor 37391985278997 switch to &NaiveActor::HandlerNormal
I1014 10:26:19.407112 47997 thread.cpp:96] Thread 17829888 construct Actor kNormalForward 37391985278997
I1014 10:26:19.407193 47997 runtime_context.cpp:29] DecreaseCounter constructing_actor_cnt, current val is 120
I1014 10:26:19.408179 47997 naive_actor.cpp:25] actor 37391985279079 switch to &NaiveActor::HandlerNormal
I1014 10:26:19.408422 47997 thread.cpp:96] Thread 17829888 construct Actor kNormalForward 37391985279079
I1014 10:26:19.408614 47997 runtime_context.cpp:29] DecreaseCounter constructing_actor_cnt, current val is 119
I1014 10:26:19.409792 47997 naive_actor.cpp:25] actor 37391985279072 switch to &NaiveActor::HandlerNormal
I1014 10:26:19.409852 47997 thread.cpp:96] Thread 17829888 construct Actor kNormalForward 37391985279072
I1014 10:26:19.409945 47997 runtime_context.cpp:29] DecreaseCounter constructing_actor_cnt, current val is 118
I1014 10:26:19.410861 47997 naive_actor.cpp:25] actor 37391985279049 switch to &NaiveActor::HandlerNormal
I1014 10:26:19.410972 47997 thread.cpp:96] Thread 17829888 construct Actor kNormalForward 37391985279049
I1014 10:26:19.411088 47997 runtime_context.cpp:29] DecreaseCounter constructing_actor_cnt, current val is 117
I1014 10:26:19.412267 47997 naive_actor.cpp:25] actor 37391985279050 switch to &NaiveActor::HandlerNormal
I1014 10:26:19.412333 47997 thread.cpp:96] Thread 17829888 construct Actor kNormalForward 37391985279050
I1014 10:26:19.412436 47997 runtime_context.cpp:29] DecreaseCounter constructing_actor_cnt, current val is 116
I1014 10:26:19.413663 47997 naive_actor.cpp:25] actor 37391985279069 switch to &NaiveActor::HandlerNormal
I1014 10:26:19.413729 47997 thread.cpp:96] Thread 17829888 construct Actor kNormalForward 37391985279069
I1014 10:26:19.413866 47997 runtime_context.cpp:29] DecreaseCounter constructing_actor_cnt, current val is 115
I1014 10:26:19.414783 47997 naive_actor.cpp:25] actor 37391985279046 switch to &NaiveActor::HandlerNormal
I1014 10:26:19.414847 47997 thread.cpp:96] Thread 17829888 construct Actor kNormalForward 37391985279046
I1014 10:26:19.414944 47997 runtime_context.cpp:29] DecreaseCounter constructing_actor_cnt, current val is 114
I1014 10:26:19.415393 47997 naive_actor.cpp:25] actor 37391985279053 switch to &NaiveActor::HandlerNormal
I1014 10:26:19.415452 47997 thread.cpp:96] Thread 17829888 construct Actor kNormalForward 37391985279053
I1014 10:26:19.415542 47997 runtime_context.cpp:29] DecreaseCounter constructing_actor_cnt, current val is 113
I1014 10:26:19.416620 47997 naive_actor.cpp:25] actor 37391985279023 switch to &NaiveActor::HandlerNormal
I1014 10:26:19.416684 47997 thread.cpp:96] Thread 17829888 construct Actor kNormalForward 37391985279023
I1014 10:26:19.416785 47997 runtime_context.cpp:29] DecreaseCounter constructing_actor_cnt, current val is 112
I1014 10:26:19.417912 47997 naive_actor.cpp:25] actor 37391985279044 switch to &NaiveActor::HandlerNormal
I1014 10:26:19.417976 47997 thread.cpp:96] Thread 17829888 construct Actor kNormalForward 37391985279044
I1014 10:26:19.418074 47997 runtime_context.cpp:29] DecreaseCounter constructing_actor_cnt, current val is 111
I1014 10:26:19.419054 47997 naive_actor.cpp:25] actor 37391985279051 switch to &NaiveActor::HandlerNormal
I1014 10:26:19.419111 47997 thread.cpp:96] Thread 17829888 construct Actor kNormalForward 37391985279051
I1014 10:26:19.419206 47997 runtime_context.cpp:29] DecreaseCounter constructing_actor_cnt, current val is 110
I1014 10:26:19.420279 47997 naive_actor.cpp:25] actor 37391985279059 switch to &NaiveActor::HandlerNormal
I1014 10:26:19.420346 47997 thread.cpp:96] Thread 17829888 construct Actor kNormalForward 37391985279059
I1014 10:26:19.420447 47997 runtime_context.cpp:29] DecreaseCounter constructing_actor_cnt, current val is 109
I1014 10:26:19.421553 47997 naive_actor.cpp:25] actor 37391985279061 switch to &NaiveActor::HandlerNormal
I1014 10:26:19.421701 47997 thread.cpp:96] Thread 17829888 construct Actor kNormalForward 37391985279061
I1014 10:26:19.421802 47997 runtime_context.cpp:29] DecreaseCounter constructing_actor_cnt, current val is 108
I1014 10:26:19.422639 47997 naive_actor.cpp:25] actor 37391985279040 switch to &NaiveActor::HandlerNormal
I1014 10:26:19.422731 47997 thread.cpp:96] Thread 17829888 construct Actor kNormalForward 37391985279040
I1014 10:26:19.422814 47997 runtime_context.cpp:29] DecreaseCounter constructing_actor_cnt, current val is 107
I1014 10:26:19.423949 47997 naive_actor.cpp:25] actor 37391985279085 switch to &NaiveActor::HandlerNormal
I1014 10:26:19.424010 47997 thread.cpp:96] Thread 17829888 construct Actor kNormalForward 37391985279085
I1014 10:26:19.424096 47997 runtime_context.cpp:29] DecreaseCounter constructing_actor_cnt, current val is 106
I1014 10:26:19.424999 47997 naive_actor.cpp:25] actor 37391985279110 switch to &NaiveActor::HandlerNormal
I1014 10:26:19.425052 47997 thread.cpp:96] Thread 17829888 construct Actor kNormalForward 37391985279110
I1014 10:26:19.425134 47997 runtime_context.cpp:29] DecreaseCounter constructing_actor_cnt, current val is 105
I1014 10:26:19.426005 47997 naive_actor.cpp:25] actor 37391985279048 switch to &NaiveActor::HandlerNormal
I1014 10:26:19.426060 47997 thread.cpp:96] Thread 17829888 construct Actor kNormalForward 37391985279048
I1014 10:26:19.426149 47997 runtime_context.cpp:29] DecreaseCounter constructing_actor_cnt, current val is 104
I1014 10:26:19.427148 47997 naive_actor.cpp:25] actor 37391985279067 switch to &NaiveActor::HandlerNormal
I1014 10:26:19.427204 47997 thread.cpp:96] Thread 17829888 construct Actor kNormalForward 37391985279067
I1014 10:26:19.427290 47997 runtime_context.cpp:29] DecreaseCounter constructing_actor_cnt, current val is 103
I1014 10:26:19.428233 47997 naive_actor.cpp:25] actor 37391985279070 switch to &NaiveActor::HandlerNormal
I1014 10:26:19.428293 47997 thread.cpp:96] Thread 17829888 construct Actor kNormalForward 37391985279070
I1014 10:26:19.428376 47997 runtime_context.cpp:29] DecreaseCounter constructing_actor_cnt, current val is 102
I1014 10:26:19.429276 47997 naive_actor.cpp:25] actor 37391985279021 switch to &NaiveActor::HandlerNormal
I1014 10:26:19.429328 47997 thread.cpp:96] Thread 17829888 construct Actor kNormalForward 37391985279021
I1014 10:26:19.429414 47997 runtime_context.cpp:29] DecreaseCounter constructing_actor_cnt, current val is 101
I1014 10:26:19.430231 47997 naive_actor.cpp:25] actor 37391985279103 switch to &NaiveActor::HandlerNormal
I1014 10:26:19.430295 47997 thread.cpp:96] Thread 17829888 construct Actor kNormalForward 37391985279103
I1014 10:26:19.430379 47997 runtime_context.cpp:29] DecreaseCounter constructing_actor_cnt, current val is 100
I1014 10:26:19.431366 47997 naive_actor.cpp:25] actor 37391985279096 switch to &NaiveActor::HandlerNormal
I1014 10:26:19.431422 47997 thread.cpp:96] Thread 17829888 construct Actor kNormalForward 37391985279096
I1014 10:26:19.431502 47997 runtime_context.cpp:29] DecreaseCounter constructing_actor_cnt, current val is 99
I1014 10:26:19.432344 47997 naive_actor.cpp:25] actor 37391985279073 switch to &NaiveActor::HandlerNormal
I1014 10:26:19.432401 47997 thread.cpp:96] Thread 17829888 construct Actor kNormalForward 37391985279073
I1014 10:26:19.432497 47997 runtime_context.cpp:29] DecreaseCounter constructing_actor_cnt, current val is 98
I1014 10:26:19.433384 47997 naive_actor.cpp:25] actor 37391985279076 switch to &NaiveActor::HandlerNormal
I1014 10:26:19.433439 47997 thread.cpp:96] Thread 17829888 construct Actor kNormalForward 37391985279076
I1014 10:26:19.433518 47997 runtime_context.cpp:29] DecreaseCounter constructing_actor_cnt, current val is 97
I1014 10:26:19.434471 47997 naive_actor.cpp:25] actor 37391985279100 switch to &NaiveActor::HandlerNormal
I1014 10:26:19.434520 47997 thread.cpp:96] Thread 17829888 construct Actor kNormalForward 37391985279100
I1014 10:26:19.434609 47997 runtime_context.cpp:29] DecreaseCounter constructing_actor_cnt, current val is 96
I1014 10:26:19.435407 47997 naive_actor.cpp:25] actor 37391985279068 switch to &NaiveActor::HandlerNormal
I1014 10:26:19.435456 47997 thread.cpp:96] Thread 17829888 construct Actor kNormalForward 37391985279068
I1014 10:26:19.435528 47997 runtime_context.cpp:29] DecreaseCounter constructing_actor_cnt, current val is 95
I1014 10:26:19.436409 47997 naive_actor.cpp:25] actor 37391985279077 switch to &NaiveActor::HandlerNormal
I1014 10:26:19.436460 47997 thread.cpp:96] Thread 17829888 construct Actor kNormalForward 37391985279077
I1014 10:26:19.436622 47997 runtime_context.cpp:29] DecreaseCounter constructing_actor_cnt, current val is 94
I1014 10:26:19.437444 47997 naive_actor.cpp:25] actor 37391985279056 switch to &NaiveActor::HandlerNormal
I1014 10:26:19.437497 47997 thread.cpp:96] Thread 17829888 construct Actor kNormalForward 37391985279056
I1014 10:26:19.437582 47997 runtime_context.cpp:29] DecreaseCounter constructing_actor_cnt, current val is 93
I1014 10:26:19.438410 47997 naive_actor.cpp:25] actor 37391985279093 switch to &NaiveActor::HandlerNormal
I1014 10:26:19.438465 47997 thread.cpp:96] Thread 17829888 construct Actor kNormalForward 37391985279093
I1014 10:26:19.438546 47997 runtime_context.cpp:29] DecreaseCounter constructing_actor_cnt, current val is 92
