Log file created at: 2021/10/13 17:06:32
Running on machine: oneflow-14
Log line format: [IWEF]mmdd hh:mm:ss.uuuuuu threadid file:line] msg
I1013 17:06:32.146183 10385 global.h:36] NewGlobal 14cudaDeviceProp
I1013 17:06:32.169975 10385 global.h:36] NewGlobal N7oneflow7EnvDescE
I1013 17:06:32.170004 10385 global.h:36] NewGlobal N7oneflow10ProcessCtxE
I1013 17:06:32.170017 10385 env_global_objects_scope.cpp:159] using rpc backend: gRPC
I1013 17:06:32.170022 10385 global.h:36] NewGlobal N7oneflow10CtrlServerE
I1013 17:06:32.171303 10385 ctrl_server.cpp:40] CtrlServer listening on 0.0.0.0:33005
I1013 17:06:32.171451 10385 rank_info_bootstrap_server.cpp:47] RankInfoBootstrapServer listening on 0.0.0.0:46628
I1013 17:06:32.172047 10385 rpc_client.cpp:190] LoadServer 127.0.0.1 Failed at 0 times error_code 14 error_message failed to connect to all addresses
I1013 17:06:42.172956 10385 rpc_client.cpp:187] LoadServer 127.0.0.1 Successful at 1 times
I1013 17:06:42.174547 10385 ctrl_bootstrap.cpp:76] 
ctrl_addr {
  host: "127.0.0.1"
  port: 35644
}
ctrl_addr {
  host: "127.0.0.1"
  port: 33005
}
rank: 1
node_size: 1
I1013 17:06:42.176818 10385 rpc_client.cpp:187] LoadServer 127.0.0.1 Successful at 0 times
I1013 17:06:42.177901 10385 rpc_client.cpp:187] LoadServer 127.0.0.1 Successful at 0 times
I1013 17:06:42.178076 10385 global.h:36] NewGlobal N7oneflow12ResourceDescE
I1013 17:06:42.178107 10385 global.h:36] NewGlobal N7oneflow12ResourceDescE
I1013 17:06:42.361945 10385 global.h:36] NewGlobal N7oneflow10ThreadPoolE
I1013 17:06:42.364111 10385 global.h:36] NewGlobal N7oneflow16EagerNcclCommMgrE
I1013 17:06:42.364128 10385 global.h:36] NewGlobal N7oneflow18CudnnConvAlgoCacheE
I1013 17:06:42.364136 10385 global.h:36] NewGlobal N7oneflow2vm19VirtualMachineScopeE
I1013 17:06:42.364145 10385 global.h:36] NewGlobal N7oneflow9OneflowVME
I1013 17:06:42.364826 10385 oneflow_vm.cpp:75] transport stream type: N7oneflow2vm13CpuStreamTypeE
I1013 17:06:42.364846 10385 oneflow_vm.cpp:75] transport stream type: N7oneflow2vm14CudaStreamTypeE
I1013 17:06:42.364856 10385 oneflow_vm.cpp:75] transport stream type: N7oneflow2vm19AsyncCudaStreamTypeE
I1013 17:06:42.365126 10385 global.h:36] NewGlobal N7oneflow27EagerJobBuildAndInferCtxMgrE
I1013 17:06:42.365166 10385 global.h:36] NewGlobal N7oneflow12EpollCommNetE
I1013 17:06:42.365325 10385 epoll_comm_network.cpp:63] CommNet:Epoll listening on 0.0.0.0:34578
I1013 17:06:42.366067 10385 epoll_comm_network.cpp:197] machine 0 sockfd 42
I1013 17:06:42.366101 10385 epoll_comm_network.cpp:197] machine 1 sockfd -1
I1013 17:06:42.366211 10385 global.h:36] NewGlobal N7oneflow9TransportE
I1013 17:06:42.366395 10385 global.h:36] NewGlobal N7oneflow25MultiClientSessionContextE
I1013 17:06:45.617303 10860 eager_nccl_comm_manager.cpp:69]  EagerNcclCommMgr::ncclCommInitRank device_vec.size() = 2, nccl_unique_id = 0200ffffffa6090b0b010e000000000000000000000000000000000000000000000000000000000000000000000000000000000000000000000000000000000000000000000000000000000000000000000000000000000000000000000000000000000000000000000000000000000000000000000000000000000000000000000000, rank = 1, key = {eager_nccl_unique_id_rpc_key,0:0,1:1}
I1013 17:06:45.993790 10385 version.cpp:22] OneFlow git version: b295ca2324
I1013 17:06:45.993842 10385 device_register_gpu.cpp:56] CUDA runtime version: 11.2
I1013 17:06:45.993865 10385 device_register_gpu.cpp:65] cuDNN version: 8.1.1
I1013 17:06:45.993871 10385 device_register_gpu.cpp:78] NCCL version: 2.9.8
I1013 17:06:45.993878 10385 global.h:43] DeleteGlobal N7oneflow12ResourceDescE
I1013 17:06:45.993887 10385 global.h:36] NewGlobal N7oneflow12ResourceDescE
I1013 17:06:45.993894 10385 global.h:36] NewGlobal N7oneflow5IDMgrE
I1013 17:06:45.993901 10385 global.h:36] NewGlobal N7oneflow26LazyJobBuildAndInferCtxMgrE
I1013 17:06:45.993908 10385 global.h:36] NewGlobal N7oneflow9BufferMgrISt10shared_ptrINS_11JobInstanceEEEE
I1013 17:06:45.993914 10385 global.h:36] NewGlobal N7oneflow10RuntimeCtxE
I1013 17:06:45.993918 10385 global.h:36] NewGlobal N7oneflow15MemoryAllocatorE
I1013 17:06:45.993923 10385 global.h:36] NewGlobal N7oneflow8ChunkMgrE
I1013 17:06:45.994145 10385 global.h:36] NewGlobal N7oneflow8RegstMgrE
I1013 17:06:45.994174 10385 global.h:36] NewGlobal N7oneflow11ActorMsgBusE
I1013 17:06:45.994195 10385 global.h:36] NewGlobal N7oneflow9ThreadMgrE
I1013 17:06:45.994202 10385 global.h:36] NewGlobal N7oneflow15RuntimeJobDescsE
I1013 17:06:45.994210 10385 global.h:36] NewGlobal N7oneflow7summary12EventsWriterE
I1013 17:06:45.994230 10385 global.h:36] NewGlobal N7oneflow6boxing10collective24CollectiveBoxingExecutorE
I1013 17:06:45.994254 10385 global.h:36] NewGlobal N7oneflow6boxing10collective31CollectiveBoxingDeviceCtxPollerE
I1013 17:06:45.999290 10385 global.h:36] NewGlobal N7oneflow7JobDescE
I1013 17:06:46.173434 10385 global.h:43] DeleteGlobal N7oneflow7JobDescE
I1013 17:06:46.173594 10385 global.h:36] NewGlobal N7oneflow7JobDescE
I1013 17:06:46.529914 10385 global.h:43] DeleteGlobal N7oneflow7JobDescE
I1013 17:06:46.569727 10385 global.h:36] NewGlobal N7oneflow7JobDescE
I1013 17:06:48.088025 10385 runtime_context.cpp:21] NewCounter constructing_actor_cnt 231
I1013 17:06:48.088860 11072 wait_and_send_ids_actor.cpp:53] actor 36283892105216 switch to &WaitAndSendIdsActor::HandlerWaitToStart
I1013 17:06:48.089026 11066 naive_actor.cpp:25] actor 37391985279169 switch to &NaiveActor::HandlerNormal
I1013 17:06:48.089011 11072 thread.cpp:96] Thread 17301508 construct Actor kWaitAndSendIds 36283892105216
I1013 17:06:48.089097 11066 thread.cpp:96] Thread 17829888 construct Actor kDeviceTick 37391985279169
I1013 17:06:48.089453 11072 runtime_context.cpp:29] DecreaseCounter constructing_actor_cnt, current val is 230
I1013 17:06:48.089466 11066 runtime_context.cpp:29] DecreaseCounter constructing_actor_cnt, current val is 229
I1013 17:06:48.095369 11070 naive_actor.cpp:25] actor 37391991570442 switch to &NaiveActor::HandlerNormal
I1013 17:06:48.095510 11073 copy_comm_net_actor.cpp:66] actor 36283887910912 switch to &CopyCommNetActor::HandlerNormal
I1013 17:06:48.095528 11070 thread.cpp:96] Thread 17829891 construct Actor kCollectiveBoxingGeneric 37391991570442
I1013 17:06:48.095562 11066 naive_actor.cpp:25] actor 37391985278981 switch to &NaiveActor::HandlerNormal
I1013 17:06:48.095604 11076 naive_actor.cpp:25] actor 37391987376129 switch to &NaiveActor::HandlerNormal
I1013 17:06:48.095657 11073 thread.cpp:96] Thread 17301506 construct Actor kCopyCommNet 36283887910912
I1013 17:06:48.095708 11071 naive_actor.cpp:25] actor 36283890008067 switch to &NaiveActor::HandlerNormal
I1013 17:06:48.095700 11074 sink_actor.cpp:21] actor 36283894202368 switch to &SinkActor::HandlerNormal
I1013 17:06:48.095757 11070 runtime_context.cpp:29] DecreaseCounter constructing_actor_cnt, current val is 228
I1013 17:06:48.095760 11066 thread.cpp:96] Thread 17829888 construct Actor kNormalForward 37391985278981
I1013 17:06:48.095829 11076 thread.cpp:96] Thread 17829889 construct Actor kCopyHd 37391987376129
I1013 17:06:48.095917 11073 runtime_context.cpp:29] DecreaseCounter constructing_actor_cnt, current val is 227
I1013 17:06:48.096146 11076 runtime_context.cpp:29] DecreaseCounter constructing_actor_cnt, current val is 225
I1013 17:06:48.095999 11074 thread.cpp:96] Thread 17301509 construct Actor kCallbackNotify 36283894202368
I1013 17:06:48.096082 11066 runtime_context.cpp:29] DecreaseCounter constructing_actor_cnt, current val is 226
I1013 17:06:48.095921 11071 thread.cpp:96] Thread 17301507 construct Actor kDstSubsetTick 36283890008067
I1013 17:06:48.096194 11067 naive_actor.cpp:25] actor 36283883716609 switch to &NaiveActor::HandlerNormal
I1013 17:06:48.096346 11068 naive_actor.cpp:25] actor 36283885813761 switch to &NaiveActor::HandlerNormal
I1013 17:06:48.096287 11074 runtime_context.cpp:29] DecreaseCounter constructing_actor_cnt, current val is 224
I1013 17:06:48.096350 11076 naive_actor.cpp:25] actor 37391987376131 switch to &NaiveActor::HandlerNormal
I1013 17:06:48.096196 11070 naive_actor.cpp:25] actor 37391991570434 switch to &NaiveActor::HandlerNormal
I1013 17:06:48.096377 11067 thread.cpp:96] Thread 17301504 construct Actor kNormalForward 36283883716609
I1013 17:06:48.096382 11071 runtime_context.cpp:29] DecreaseCounter constructing_actor_cnt, current val is 223
I1013 17:06:48.096417 11068 thread.cpp:96] Thread 17301505 construct Actor kNormalForward 36283885813761
I1013 17:06:48.096480 11076 thread.cpp:96] Thread 17829889 construct Actor kCopyHd 37391987376131
I1013 17:06:48.096508 11066 naive_actor.cpp:25] actor 37391985278977 switch to &NaiveActor::HandlerNormal
I1013 17:06:48.096514 11070 thread.cpp:96] Thread 17829891 construct Actor kCollectiveBoxingGeneric 37391991570434
I1013 17:06:48.096765 11067 runtime_context.cpp:29] DecreaseCounter constructing_actor_cnt, current val is 222
I1013 17:06:48.096848 11068 runtime_context.cpp:29] DecreaseCounter constructing_actor_cnt, current val is 221
I1013 17:06:48.096863 11076 runtime_context.cpp:29] DecreaseCounter constructing_actor_cnt, current val is 220
I1013 17:06:48.096866 11066 thread.cpp:96] Thread 17829888 construct Actor kNormalForward 37391985278977
I1013 17:06:48.096923 11070 runtime_context.cpp:29] DecreaseCounter constructing_actor_cnt, current val is 219
I1013 17:06:48.097100 11071 naive_actor.cpp:25] actor 36283890008066 switch to &NaiveActor::HandlerNormal
I1013 17:06:48.097103 11066 runtime_context.cpp:29] DecreaseCounter constructing_actor_cnt, current val is 218
I1013 17:06:48.097163 11071 thread.cpp:96] Thread 17301507 construct Actor kTick 36283890008066
I1013 17:06:48.097205 11070 naive_actor.cpp:25] actor 37391991570446 switch to &NaiveActor::HandlerNormal
I1013 17:06:48.097206 11076 naive_actor.cpp:25] actor 37391987376132 switch to &NaiveActor::HandlerNormal
I1013 17:06:48.097287 11070 thread.cpp:96] Thread 17829891 construct Actor kCollectiveBoxingGeneric 37391991570446
I1013 17:06:48.097297 11071 runtime_context.cpp:29] DecreaseCounter constructing_actor_cnt, current val is 217
I1013 17:06:48.097390 11070 runtime_context.cpp:29] DecreaseCounter constructing_actor_cnt, current val is 216
I1013 17:06:48.097332 11076 thread.cpp:96] Thread 17829889 construct Actor kCopyHd 37391987376132
I1013 17:06:48.097462 11066 naive_actor.cpp:25] actor 37391985278987 switch to &NaiveActor::HandlerNormal
I1013 17:06:48.097496 11076 runtime_context.cpp:29] DecreaseCounter constructing_actor_cnt, current val is 215
I1013 17:06:48.097504 11066 thread.cpp:96] Thread 17829888 construct Actor kNormalForward 37391985278987
I1013 17:06:48.097590 11070 naive_actor.cpp:25] actor 37391991570432 switch to &NaiveActor::HandlerNormal
I1013 17:06:48.097635 11066 runtime_context.cpp:29] DecreaseCounter constructing_actor_cnt, current val is 214
I1013 17:06:48.097651 11070 thread.cpp:96] Thread 17829891 construct Actor kCollectiveBoxingGeneric 37391991570432
I1013 17:06:48.097749 11070 runtime_context.cpp:29] DecreaseCounter constructing_actor_cnt, current val is 213
I1013 17:06:48.097784 11076 naive_actor.cpp:25] actor 37391987376128 switch to &NaiveActor::HandlerNormal
I1013 17:06:48.097815 11071 naive_actor.cpp:25] actor 36283890008065 switch to &NaiveActor::HandlerNormal
I1013 17:06:48.097862 11076 thread.cpp:96] Thread 17829889 construct Actor kCopyHd 37391987376128
I1013 17:06:48.097904 11071 thread.cpp:96] Thread 17301507 construct Actor kSrcSubsetTick 36283890008065
I1013 17:06:48.097993 11076 runtime_context.cpp:29] DecreaseCounter constructing_actor_cnt, current val is 212
I1013 17:06:48.097936 11070 naive_actor.cpp:25] actor 37391991570444 switch to &NaiveActor::HandlerNormal
I1013 17:06:48.097998 11067 naive_actor.cpp:25] actor 36283883716610 switch to &NaiveActor::HandlerNormal
I1013 17:06:48.098062 11071 runtime_context.cpp:29] DecreaseCounter constructing_actor_cnt, current val is 211
I1013 17:06:48.098083 11070 thread.cpp:96] Thread 17829891 construct Actor kCollectiveBoxingGeneric 37391991570444
I1013 17:06:48.098107 11068 naive_actor.cpp:25] actor 36283885813760 switch to &NaiveActor::HandlerNormal
I1013 17:06:48.098177 11076 naive_actor.cpp:25] actor 37391987376130 switch to &NaiveActor::HandlerNormal
I1013 17:06:48.098273 11067 thread.cpp:96] Thread 17301504 construct Actor kNormalForward 36283883716610
I1013 17:06:48.098397 11070 runtime_context.cpp:29] DecreaseCounter constructing_actor_cnt, current val is 210
I1013 17:06:48.098455 11068 thread.cpp:96] Thread 17301505 construct Actor kNormalForward 36283885813760
I1013 17:06:48.098531 11066 naive_actor.cpp:25] actor 37391985278984 switch to &NaiveActor::HandlerNormal
I1013 17:06:48.098614 11076 thread.cpp:96] Thread 17829889 construct Actor kCopyHd 37391987376130
I1013 17:06:48.098640 11071 naive_actor.cpp:25] actor 36283890008069 switch to &NaiveActor::HandlerNormal
I1013 17:06:48.098774 11067 runtime_context.cpp:29] DecreaseCounter constructing_actor_cnt, current val is 209
I1013 17:06:48.098948 11070 naive_actor.cpp:25] actor 37391991570440 switch to &NaiveActor::HandlerNormal
I1013 17:06:48.098958 11068 runtime_context.cpp:29] DecreaseCounter constructing_actor_cnt, current val is 208
I1013 17:06:48.098982 11066 thread.cpp:96] Thread 17829888 construct Actor kNormalForward 37391985278984
I1013 17:06:48.099026 11076 runtime_context.cpp:29] DecreaseCounter constructing_actor_cnt, current val is 207
I1013 17:06:48.099051 11071 thread.cpp:96] Thread 17301507 construct Actor kTick 36283890008069
I1013 17:06:48.099251 11066 runtime_context.cpp:29] DecreaseCounter constructing_actor_cnt, current val is 206
I1013 17:06:48.099140 11070 thread.cpp:96] Thread 17829891 construct Actor kCollectiveBoxingGeneric 37391991570440
I1013 17:06:48.099301 11071 runtime_context.cpp:29] DecreaseCounter constructing_actor_cnt, current val is 205
I1013 17:06:48.099359 11070 runtime_context.cpp:29] DecreaseCounter constructing_actor_cnt, current val is 204
I1013 17:06:48.099555 11070 naive_actor.cpp:25] actor 37391991570449 switch to &NaiveActor::HandlerNormal
I1013 17:06:48.099650 11070 thread.cpp:96] Thread 17829891 construct Actor kCollectiveBoxingGeneric 37391991570449
I1013 17:06:48.099663 11066 naive_actor.cpp:25] actor 37391985278994 switch to &NaiveActor::HandlerNormal
I1013 17:06:48.099706 11070 runtime_context.cpp:29] DecreaseCounter constructing_actor_cnt, current val is 203
I1013 17:06:48.099709 11066 thread.cpp:96] Thread 17829888 construct Actor kNormalForward 37391985278994
I1013 17:06:48.099768 11071 naive_actor.cpp:25] actor 36283890008068 switch to &NaiveActor::HandlerNormal
I1013 17:06:48.099826 11071 thread.cpp:96] Thread 17301507 construct Actor kTick 36283890008068
I1013 17:06:48.099851 11066 runtime_context.cpp:29] DecreaseCounter constructing_actor_cnt, current val is 202
I1013 17:06:48.099907 11071 runtime_context.cpp:29] DecreaseCounter constructing_actor_cnt, current val is 201
I1013 17:06:48.099941 11070 naive_actor.cpp:25] actor 37391991570435 switch to &NaiveActor::HandlerNormal
I1013 17:06:48.100098 11070 thread.cpp:96] Thread 17829891 construct Actor kCollectiveBoxingGeneric 37391991570435
I1013 17:06:48.100174 11070 runtime_context.cpp:29] DecreaseCounter constructing_actor_cnt, current val is 200
I1013 17:06:48.100347 11071 naive_actor.cpp:25] actor 36283890008064 switch to &NaiveActor::HandlerNormal
I1013 17:06:48.100348 11070 naive_actor.cpp:25] actor 37391991570433 switch to &NaiveActor::HandlerNormal
I1013 17:06:48.100453 11071 thread.cpp:96] Thread 17301507 construct Actor kDeviceTick 36283890008064
I1013 17:06:48.100522 11070 thread.cpp:96] Thread 17829891 construct Actor kCollectiveBoxingGeneric 37391991570433
I1013 17:06:48.100625 11071 runtime_context.cpp:29] DecreaseCounter constructing_actor_cnt, current val is 199
I1013 17:06:48.100637 11070 runtime_context.cpp:29] DecreaseCounter constructing_actor_cnt, current val is 198
I1013 17:06:48.100834 11070 naive_actor.cpp:25] actor 37391991570443 switch to &NaiveActor::HandlerNormal
I1013 17:06:48.100838 11066 naive_actor.cpp:25] actor 37391985278982 switch to &NaiveActor::HandlerNormal
I1013 17:06:48.100879 11070 thread.cpp:96] Thread 17829891 construct Actor kCollectiveBoxingGeneric 37391991570443
I1013 17:06:48.100904 11066 thread.cpp:96] Thread 17829888 construct Actor kNormalForward 37391985278982
I1013 17:06:48.100947 11070 runtime_context.cpp:29] DecreaseCounter constructing_actor_cnt, current val is 197
I1013 17:06:48.100999 11066 runtime_context.cpp:29] DecreaseCounter constructing_actor_cnt, current val is 196
I1013 17:06:48.101222 11070 naive_actor.cpp:25] actor 37391991570441 switch to &NaiveActor::HandlerNormal
I1013 17:06:48.101282 11070 thread.cpp:96] Thread 17829891 construct Actor kCollectiveBoxingGeneric 37391991570441
I1013 17:06:48.101341 11070 runtime_context.cpp:29] DecreaseCounter constructing_actor_cnt, current val is 195
I1013 17:06:48.101390 11066 naive_actor.cpp:25] actor 37391985279006 switch to &NaiveActor::HandlerNormal
I1013 17:06:48.101434 11066 thread.cpp:96] Thread 17829888 construct Actor kNormalForward 37391985279006
I1013 17:06:48.101502 11070 naive_actor.cpp:25] actor 37391991570448 switch to &NaiveActor::HandlerNormal
I1013 17:06:48.101512 11066 runtime_context.cpp:29] DecreaseCounter constructing_actor_cnt, current val is 194
I1013 17:06:48.101547 11070 thread.cpp:96] Thread 17829891 construct Actor kCollectiveBoxingGeneric 37391991570448
I1013 17:06:48.101644 11070 runtime_context.cpp:29] DecreaseCounter constructing_actor_cnt, current val is 193
I1013 17:06:48.101812 11070 naive_actor.cpp:25] actor 37391991570438 switch to &NaiveActor::HandlerNormal
I1013 17:06:48.101862 11070 thread.cpp:96] Thread 17829891 construct Actor kCollectiveBoxingGeneric 37391991570438
I1013 17:06:48.101933 11070 runtime_context.cpp:29] DecreaseCounter constructing_actor_cnt, current val is 192
I1013 17:06:48.102185 11070 naive_actor.cpp:25] actor 37391991570447 switch to &NaiveActor::HandlerNormal
I1013 17:06:48.102237 11070 thread.cpp:96] Thread 17829891 construct Actor kCollectiveBoxingGeneric 37391991570447
I1013 17:06:48.102337 11070 runtime_context.cpp:29] DecreaseCounter constructing_actor_cnt, current val is 191
I1013 17:06:48.102633 11066 naive_actor.cpp:25] actor 37391985278998 switch to &NaiveActor::HandlerNormal
I1013 17:06:48.102659 11070 naive_actor.cpp:25] actor 37391991570436 switch to &NaiveActor::HandlerNormal
I1013 17:06:48.102692 11066 thread.cpp:96] Thread 17829888 construct Actor kNormalForward 37391985278998
I1013 17:06:48.102726 11070 thread.cpp:96] Thread 17829891 construct Actor kCollectiveBoxingGeneric 37391991570436
I1013 17:06:48.102800 11066 runtime_context.cpp:29] DecreaseCounter constructing_actor_cnt, current val is 190
I1013 17:06:48.102818 11070 runtime_context.cpp:29] DecreaseCounter constructing_actor_cnt, current val is 189
I1013 17:06:48.103140 11070 naive_actor.cpp:25] actor 37391991570437 switch to &NaiveActor::HandlerNormal
I1013 17:06:48.103188 11070 thread.cpp:96] Thread 17829891 construct Actor kCollectiveBoxingGeneric 37391991570437
I1013 17:06:48.103252 11070 runtime_context.cpp:29] DecreaseCounter constructing_actor_cnt, current val is 188
I1013 17:06:48.103426 11070 naive_actor.cpp:25] actor 37391991570445 switch to &NaiveActor::HandlerNormal
I1013 17:06:48.103477 11070 thread.cpp:96] Thread 17829891 construct Actor kCollectiveBoxingGeneric 37391991570445
I1013 17:06:48.103540 11070 runtime_context.cpp:29] DecreaseCounter constructing_actor_cnt, current val is 187
I1013 17:06:48.103750 11070 naive_actor.cpp:25] actor 37391991570439 switch to &NaiveActor::HandlerNormal
I1013 17:06:48.103793 11070 thread.cpp:96] Thread 17829891 construct Actor kCollectiveBoxingGeneric 37391991570439
I1013 17:06:48.103853 11070 runtime_context.cpp:29] DecreaseCounter constructing_actor_cnt, current val is 186
I1013 17:06:48.104003 11066 naive_actor.cpp:25] actor 37391985278986 switch to &NaiveActor::HandlerNormal
I1013 17:06:48.104071 11066 thread.cpp:96] Thread 17829888 construct Actor kNormalForward 37391985278986
I1013 17:06:48.104158 11066 runtime_context.cpp:29] DecreaseCounter constructing_actor_cnt, current val is 185
I1013 17:06:48.104437 11066 naive_actor.cpp:25] actor 37391985279022 switch to &NaiveActor::HandlerNormal
I1013 17:06:48.104481 11066 thread.cpp:96] Thread 17829888 construct Actor kNormalForward 37391985279022
I1013 17:06:48.104581 11066 runtime_context.cpp:29] DecreaseCounter constructing_actor_cnt, current val is 184
I1013 17:06:48.105358 11066 naive_actor.cpp:25] actor 37391985278988 switch to &NaiveActor::HandlerNormal
I1013 17:06:48.105432 11066 thread.cpp:96] Thread 17829888 construct Actor kNormalForward 37391985278988
I1013 17:06:48.105535 11066 runtime_context.cpp:29] DecreaseCounter constructing_actor_cnt, current val is 183
I1013 17:06:48.106166 11066 naive_actor.cpp:25] actor 37391985278996 switch to &NaiveActor::HandlerNormal
I1013 17:06:48.106217 11066 thread.cpp:96] Thread 17829888 construct Actor kNormalForward 37391985278996
I1013 17:06:48.106287 11066 runtime_context.cpp:29] DecreaseCounter constructing_actor_cnt, current val is 182
I1013 17:06:48.106539 11066 naive_actor.cpp:25] actor 37391985279020 switch to &NaiveActor::HandlerNormal
I1013 17:06:48.106658 11066 thread.cpp:96] Thread 17829888 construct Actor kNormalForward 37391985279020
I1013 17:06:48.106756 11066 runtime_context.cpp:29] DecreaseCounter constructing_actor_cnt, current val is 181
I1013 17:06:48.107467 11066 naive_actor.cpp:25] actor 37391985278991 switch to &NaiveActor::HandlerNormal
I1013 17:06:48.107508 11066 thread.cpp:96] Thread 17829888 construct Actor kNormalForward 37391985278991
I1013 17:06:48.107582 11066 runtime_context.cpp:29] DecreaseCounter constructing_actor_cnt, current val is 180
I1013 17:06:48.108165 11066 naive_actor.cpp:25] actor 37391985278976 switch to &NaiveActor::HandlerNormal
I1013 17:06:48.108206 11066 thread.cpp:96] Thread 17829888 construct Actor kNormalForward 37391985278976
I1013 17:06:48.108271 11066 runtime_context.cpp:29] DecreaseCounter constructing_actor_cnt, current val is 179
I1013 17:06:48.108863 11066 naive_actor.cpp:25] actor 37391985278989 switch to &NaiveActor::HandlerNormal
I1013 17:06:48.108916 11066 thread.cpp:96] Thread 17829888 construct Actor kNormalForward 37391985278989
I1013 17:06:48.108987 11066 runtime_context.cpp:29] DecreaseCounter constructing_actor_cnt, current val is 178
I1013 17:06:48.109614 11066 naive_actor.cpp:25] actor 37391985279000 switch to &NaiveActor::HandlerNormal
I1013 17:06:48.109656 11066 thread.cpp:96] Thread 17829888 construct Actor kNormalForward 37391985279000
I1013 17:06:48.109724 11066 runtime_context.cpp:29] DecreaseCounter constructing_actor_cnt, current val is 177
I1013 17:06:48.110324 11066 naive_actor.cpp:25] actor 37391985279024 switch to &NaiveActor::HandlerNormal
I1013 17:06:48.110366 11066 thread.cpp:96] Thread 17829888 construct Actor kNormalForward 37391985279024
I1013 17:06:48.110436 11066 runtime_context.cpp:29] DecreaseCounter constructing_actor_cnt, current val is 176
I1013 17:06:48.110563 11067 naive_actor.cpp:25] actor 36283883716608 switch to &NaiveActor::HandlerNormal
I1013 17:06:48.110627 11067 thread.cpp:96] Thread 17301504 construct Actor kNormalForward 36283883716608
I1013 17:06:48.110715 11067 runtime_context.cpp:29] DecreaseCounter constructing_actor_cnt, current val is 175
I1013 17:06:48.111024 11066 naive_actor.cpp:25] actor 37391985279048 switch to &NaiveActor::HandlerNormal
I1013 17:06:48.111068 11066 thread.cpp:96] Thread 17829888 construct Actor kNormalForward 37391985279048
I1013 17:06:48.111130 11066 runtime_context.cpp:29] DecreaseCounter constructing_actor_cnt, current val is 174
I1013 17:06:48.112251 11066 naive_actor.cpp:25] actor 37391985278990 switch to &NaiveActor::HandlerNormal
I1013 17:06:48.112303 11066 thread.cpp:96] Thread 17829888 construct Actor kNormalForward 37391985278990
I1013 17:06:48.112366 11066 runtime_context.cpp:29] DecreaseCounter constructing_actor_cnt, current val is 173
I1013 17:06:48.112955 11066 naive_actor.cpp:25] actor 37391985278983 switch to &NaiveActor::HandlerNormal
I1013 17:06:48.112998 11066 thread.cpp:96] Thread 17829888 construct Actor kNormalForward 37391985278983
I1013 17:06:48.113066 11066 runtime_context.cpp:29] DecreaseCounter constructing_actor_cnt, current val is 172
I1013 17:06:48.113296 11066 naive_actor.cpp:25] actor 37391985278985 switch to &NaiveActor::HandlerNormal
I1013 17:06:48.113332 11066 thread.cpp:96] Thread 17829888 construct Actor kNormalForward 37391985278985
I1013 17:06:48.113387 11066 runtime_context.cpp:29] DecreaseCounter constructing_actor_cnt, current val is 171
I1013 17:06:48.114070 11066 naive_actor.cpp:25] actor 37391985279007 switch to &NaiveActor::HandlerNormal
I1013 17:06:48.114117 11066 thread.cpp:96] Thread 17829888 construct Actor kNormalForward 37391985279007
I1013 17:06:48.114198 11066 runtime_context.cpp:29] DecreaseCounter constructing_actor_cnt, current val is 170
I1013 17:06:48.114436 11066 naive_actor.cpp:25] actor 37391985278992 switch to &NaiveActor::HandlerNormal
I1013 17:06:48.114478 11066 thread.cpp:96] Thread 17829888 construct Actor kNormalForward 37391985278992
I1013 17:06:48.114537 11066 runtime_context.cpp:29] DecreaseCounter constructing_actor_cnt, current val is 169
I1013 17:06:48.114760 11066 naive_actor.cpp:25] actor 37391985279001 switch to &NaiveActor::HandlerNormal
I1013 17:06:48.114797 11066 thread.cpp:96] Thread 17829888 construct Actor kNormalForward 37391985279001
I1013 17:06:48.114852 11066 runtime_context.cpp:29] DecreaseCounter constructing_actor_cnt, current val is 168
I1013 17:06:48.115454 11066 naive_actor.cpp:25] actor 37391985279016 switch to &NaiveActor::HandlerNormal
I1013 17:06:48.115490 11066 thread.cpp:96] Thread 17829888 construct Actor kNormalForward 37391985279016
I1013 17:06:48.115550 11066 runtime_context.cpp:29] DecreaseCounter constructing_actor_cnt, current val is 167
I1013 17:06:48.116806 11066 naive_actor.cpp:25] actor 37391985279011 switch to &NaiveActor::HandlerNormal
I1013 17:06:48.116858 11066 thread.cpp:96] Thread 17829888 construct Actor kNormalForward 37391985279011
I1013 17:06:48.116917 11066 runtime_context.cpp:29] DecreaseCounter constructing_actor_cnt, current val is 166
I1013 17:06:48.117575 11066 naive_actor.cpp:25] actor 37391985279035 switch to &NaiveActor::HandlerNormal
I1013 17:06:48.117615 11066 thread.cpp:96] Thread 17829888 construct Actor kNormalForward 37391985279035
I1013 17:06:48.117679 11066 runtime_context.cpp:29] DecreaseCounter constructing_actor_cnt, current val is 165
I1013 17:06:48.118445 11066 naive_actor.cpp:25] actor 37391985278997 switch to &NaiveActor::HandlerNormal
I1013 17:06:48.118487 11066 thread.cpp:96] Thread 17829888 construct Actor kNormalForward 37391985278997
I1013 17:06:48.118547 11066 runtime_context.cpp:29] DecreaseCounter constructing_actor_cnt, current val is 164
I1013 17:06:48.118808 11066 naive_actor.cpp:25] actor 37391985278999 switch to &NaiveActor::HandlerNormal
I1013 17:06:48.118844 11066 thread.cpp:96] Thread 17829888 construct Actor kNormalForward 37391985278999
I1013 17:06:48.118901 11066 runtime_context.cpp:29] DecreaseCounter constructing_actor_cnt, current val is 163
I1013 17:06:48.119128 11066 naive_actor.cpp:25] actor 37391985279008 switch to &NaiveActor::HandlerNormal
I1013 17:06:48.119166 11066 thread.cpp:96] Thread 17829888 construct Actor kNormalForward 37391985279008
I1013 17:06:48.119215 11066 runtime_context.cpp:29] DecreaseCounter constructing_actor_cnt, current val is 162
I1013 17:06:48.119783 11066 naive_actor.cpp:25] actor 37391985279023 switch to &NaiveActor::HandlerNormal
I1013 17:06:48.119818 11066 thread.cpp:96] Thread 17829888 construct Actor kNormalForward 37391985279023
I1013 17:06:48.119872 11066 runtime_context.cpp:29] DecreaseCounter constructing_actor_cnt, current val is 161
I1013 17:06:48.120666 11066 naive_actor.cpp:25] actor 37391985279018 switch to &NaiveActor::HandlerNormal
I1013 17:06:48.120704 11066 thread.cpp:96] Thread 17829888 construct Actor kNormalForward 37391985279018
I1013 17:06:48.120766 11066 runtime_context.cpp:29] DecreaseCounter constructing_actor_cnt, current val is 160
I1013 17:06:48.121343 11066 naive_actor.cpp:25] actor 37391985279030 switch to &NaiveActor::HandlerNormal
I1013 17:06:48.121387 11066 thread.cpp:96] Thread 17829888 construct Actor kNormalForward 37391985279030
I1013 17:06:48.121443 11066 runtime_context.cpp:29] DecreaseCounter constructing_actor_cnt, current val is 159
I1013 17:06:48.122016 11066 naive_actor.cpp:25] actor 37391985278979 switch to &NaiveActor::HandlerNormal
I1013 17:06:48.122061 11066 thread.cpp:96] Thread 17829888 construct Actor kNormalForward 37391985278979
I1013 17:06:48.122164 11066 runtime_context.cpp:29] DecreaseCounter constructing_actor_cnt, current val is 158
I1013 17:06:48.122723 11066 naive_actor.cpp:25] actor 37391985279046 switch to &NaiveActor::HandlerNormal
I1013 17:06:48.122773 11066 thread.cpp:96] Thread 17829888 construct Actor kNormalForward 37391985279046
I1013 17:06:48.122834 11066 runtime_context.cpp:29] DecreaseCounter constructing_actor_cnt, current val is 157
I1013 17:06:48.123513 11066 naive_actor.cpp:25] actor 37391985278993 switch to &NaiveActor::HandlerNormal
I1013 17:06:48.123551 11066 thread.cpp:96] Thread 17829888 construct Actor kNormalForward 37391985278993
I1013 17:06:48.123628 11066 runtime_context.cpp:29] DecreaseCounter constructing_actor_cnt, current val is 156
I1013 17:06:48.124109 11066 naive_actor.cpp:25] actor 37391985279017 switch to &NaiveActor::HandlerNormal
I1013 17:06:48.124146 11066 thread.cpp:96] Thread 17829888 construct Actor kNormalForward 37391985279017
I1013 17:06:48.124203 11066 runtime_context.cpp:29] DecreaseCounter constructing_actor_cnt, current val is 155
I1013 17:06:48.124845 11066 naive_actor.cpp:25] actor 37391985279044 switch to &NaiveActor::HandlerNormal
I1013 17:06:48.124886 11066 thread.cpp:96] Thread 17829888 construct Actor kNormalForward 37391985279044
I1013 17:06:48.124950 11066 runtime_context.cpp:29] DecreaseCounter constructing_actor_cnt, current val is 154
I1013 17:06:48.125510 11066 naive_actor.cpp:25] actor 37391985278995 switch to &NaiveActor::HandlerNormal
I1013 17:06:48.125547 11066 thread.cpp:96] Thread 17829888 construct Actor kNormalForward 37391985278995
I1013 17:06:48.125617 11066 runtime_context.cpp:29] DecreaseCounter constructing_actor_cnt, current val is 153
I1013 17:06:48.125850 11066 naive_actor.cpp:25] actor 37391985279015 switch to &NaiveActor::HandlerNormal
I1013 17:06:48.125887 11066 thread.cpp:96] Thread 17829888 construct Actor kNormalForward 37391985279015
I1013 17:06:48.125944 11066 runtime_context.cpp:29] DecreaseCounter constructing_actor_cnt, current val is 152
I1013 17:06:48.126610 11066 naive_actor.cpp:25] actor 37391985278978 switch to &NaiveActor::HandlerNormal
I1013 17:06:48.126649 11066 thread.cpp:96] Thread 17829888 construct Actor kNormalForward 37391985278978
I1013 17:06:48.126706 11066 runtime_context.cpp:29] DecreaseCounter constructing_actor_cnt, current val is 151
I1013 17:06:48.126935 11066 naive_actor.cpp:25] actor 37391985279013 switch to &NaiveActor::HandlerNormal
I1013 17:06:48.126971 11066 thread.cpp:96] Thread 17829888 construct Actor kNormalForward 37391985279013
I1013 17:06:48.127022 11066 runtime_context.cpp:29] DecreaseCounter constructing_actor_cnt, current val is 150
I1013 17:06:48.127620 11066 naive_actor.cpp:25] actor 37391985279002 switch to &NaiveActor::HandlerNormal
I1013 17:06:48.127669 11066 thread.cpp:96] Thread 17829888 construct Actor kNormalForward 37391985279002
I1013 17:06:48.127736 11066 runtime_context.cpp:29] DecreaseCounter constructing_actor_cnt, current val is 149
I1013 17:06:48.128316 11066 naive_actor.cpp:25] actor 37391985279014 switch to &NaiveActor::HandlerNormal
I1013 17:06:48.128355 11066 thread.cpp:96] Thread 17829888 construct Actor kNormalForward 37391985279014
I1013 17:06:48.128417 11066 runtime_context.cpp:29] DecreaseCounter constructing_actor_cnt, current val is 148
I1013 17:06:48.128993 11066 naive_actor.cpp:25] actor 37391985279038 switch to &NaiveActor::HandlerNormal
I1013 17:06:48.129050 11066 thread.cpp:96] Thread 17829888 construct Actor kNormalForward 37391985279038
I1013 17:06:48.129108 11066 runtime_context.cpp:29] DecreaseCounter constructing_actor_cnt, current val is 147
I1013 17:06:48.129755 11066 naive_actor.cpp:25] actor 37391985279005 switch to &NaiveActor::HandlerNormal
I1013 17:06:48.129796 11066 thread.cpp:96] Thread 17829888 construct Actor kNormalForward 37391985279005
I1013 17:06:48.129855 11066 runtime_context.cpp:29] DecreaseCounter constructing_actor_cnt, current val is 146
I1013 17:06:48.130430 11066 naive_actor.cpp:25] actor 37391985279009 switch to &NaiveActor::HandlerNormal
I1013 17:06:48.130540 11066 thread.cpp:96] Thread 17829888 construct Actor kNormalForward 37391985279009
I1013 17:06:48.130632 11066 runtime_context.cpp:29] DecreaseCounter constructing_actor_cnt, current val is 145
I1013 17:06:48.131131 11066 naive_actor.cpp:25] actor 37391985279031 switch to &NaiveActor::HandlerNormal
I1013 17:06:48.131281 11066 thread.cpp:96] Thread 17829888 construct Actor kNormalForward 37391985279031
I1013 17:06:48.131788 11066 runtime_context.cpp:29] DecreaseCounter constructing_actor_cnt, current val is 144
I1013 17:06:48.132285 11066 naive_actor.cpp:25] actor 37391985279040 switch to &NaiveActor::HandlerNormal
I1013 17:06:48.132326 11066 thread.cpp:96] Thread 17829888 construct Actor kNormalForward 37391985279040
I1013 17:06:48.132385 11066 runtime_context.cpp:29] DecreaseCounter constructing_actor_cnt, current val is 143
I1013 17:06:48.132652 11066 naive_actor.cpp:25] actor 37391985279055 switch to &NaiveActor::HandlerNormal
I1013 17:06:48.132691 11066 thread.cpp:96] Thread 17829888 construct Actor kNormalForward 37391985279055
I1013 17:06:48.132743 11066 runtime_context.cpp:29] DecreaseCounter constructing_actor_cnt, current val is 142
I1013 17:06:48.133400 11066 naive_actor.cpp:25] actor 37391985279021 switch to &NaiveActor::HandlerNormal
I1013 17:06:48.133450 11066 thread.cpp:96] Thread 17829888 construct Actor kNormalForward 37391985279021
I1013 17:06:48.133512 11066 runtime_context.cpp:29] DecreaseCounter constructing_actor_cnt, current val is 141
I1013 17:06:48.134057 11066 naive_actor.cpp:25] actor 37391985279045 switch to &NaiveActor::HandlerNormal
I1013 17:06:48.134105 11066 thread.cpp:96] Thread 17829888 construct Actor kNormalForward 37391985279045
I1013 17:06:48.134163 11066 runtime_context.cpp:29] DecreaseCounter constructing_actor_cnt, current val is 140
I1013 17:06:48.134737 11066 naive_actor.cpp:25] actor 37391985279047 switch to &NaiveActor::HandlerNormal
I1013 17:06:48.134785 11066 thread.cpp:96] Thread 17829888 construct Actor kNormalForward 37391985279047
I1013 17:06:48.134840 11066 runtime_context.cpp:29] DecreaseCounter constructing_actor_cnt, current val is 139
I1013 17:06:48.135421 11066 naive_actor.cpp:25] actor 37391985279042 switch to &NaiveActor::HandlerNormal
I1013 17:06:48.135458 11066 thread.cpp:96] Thread 17829888 construct Actor kNormalForward 37391985279042
I1013 17:06:48.135515 11066 runtime_context.cpp:29] DecreaseCounter constructing_actor_cnt, current val is 138
I1013 17:06:48.135797 11066 naive_actor.cpp:25] actor 37391985279054 switch to &NaiveActor::HandlerNormal
I1013 17:06:48.135833 11066 thread.cpp:96] Thread 17829888 construct Actor kNormalForward 37391985279054
I1013 17:06:48.135888 11066 runtime_context.cpp:29] DecreaseCounter constructing_actor_cnt, current val is 137
I1013 17:06:48.136411 11066 naive_actor.cpp:25] actor 37391985279063 switch to &NaiveActor::HandlerNormal
I1013 17:06:48.136447 11066 thread.cpp:96] Thread 17829888 construct Actor kNormalForward 37391985279063
I1013 17:06:48.136505 11066 runtime_context.cpp:29] DecreaseCounter constructing_actor_cnt, current val is 136
I1013 17:06:48.137111 11066 naive_actor.cpp:25] actor 37391985279012 switch to &NaiveActor::HandlerNormal
I1013 17:06:48.137151 11066 thread.cpp:96] Thread 17829888 construct Actor kNormalForward 37391985279012
I1013 17:06:48.137207 11066 runtime_context.cpp:29] DecreaseCounter constructing_actor_cnt, current val is 135
I1013 17:06:48.137874 11066 naive_actor.cpp:25] actor 37391985279074 switch to &NaiveActor::HandlerNormal
I1013 17:06:48.137934 11066 thread.cpp:96] Thread 17829888 construct Actor kNormalForward 37391985279074
I1013 17:06:48.137993 11066 runtime_context.cpp:29] DecreaseCounter constructing_actor_cnt, current val is 134
I1013 17:06:48.138592 11066 naive_actor.cpp:25] actor 37391985279041 switch to &NaiveActor::HandlerNormal
I1013 17:06:48.138629 11066 thread.cpp:96] Thread 17829888 construct Actor kNormalForward 37391985279041
I1013 17:06:48.138691 11066 runtime_context.cpp:29] DecreaseCounter constructing_actor_cnt, current val is 133
I1013 17:06:48.139356 11066 naive_actor.cpp:25] actor 37391985279019 switch to &NaiveActor::HandlerNormal
I1013 17:06:48.139398 11066 thread.cpp:96] Thread 17829888 construct Actor kNormalForward 37391985279019
I1013 17:06:48.139456 11066 runtime_context.cpp:29] DecreaseCounter constructing_actor_cnt, current val is 132
I1013 17:06:48.139981 11066 naive_actor.cpp:25] actor 37391985279039 switch to &NaiveActor::HandlerNormal
I1013 17:06:48.140022 11066 thread.cpp:96] Thread 17829888 construct Actor kNormalForward 37391985279039
I1013 17:06:48.140077 11066 runtime_context.cpp:29] DecreaseCounter constructing_actor_cnt, current val is 131
I1013 17:06:48.140668 11066 naive_actor.cpp:25] actor 37391985278980 switch to &NaiveActor::HandlerNormal
I1013 17:06:48.140707 11066 thread.cpp:96] Thread 17829888 construct Actor kNormalForward 37391985278980
I1013 17:06:48.140763 11066 runtime_context.cpp:29] DecreaseCounter constructing_actor_cnt, current val is 130
I1013 17:06:48.141333 11066 naive_actor.cpp:25] actor 37391985279037 switch to &NaiveActor::HandlerNormal
I1013 17:06:48.141371 11066 thread.cpp:96] Thread 17829888 construct Actor kNormalForward 37391985279037
I1013 17:06:48.141427 11066 runtime_context.cpp:29] DecreaseCounter constructing_actor_cnt, current val is 129
I1013 17:06:48.142010 11066 naive_actor.cpp:25] actor 37391985279026 switch to &NaiveActor::HandlerNormal
I1013 17:06:48.142050 11066 thread.cpp:96] Thread 17829888 construct Actor kNormalForward 37391985279026
I1013 17:06:48.142107 11066 runtime_context.cpp:29] DecreaseCounter constructing_actor_cnt, current val is 128
I1013 17:06:48.142722 11066 naive_actor.cpp:25] actor 37391985279050 switch to &NaiveActor::HandlerNormal
I1013 17:06:48.142758 11066 thread.cpp:96] Thread 17829888 construct Actor kNormalForward 37391985279050
I1013 17:06:48.142813 11066 runtime_context.cpp:29] DecreaseCounter constructing_actor_cnt, current val is 127
I1013 17:06:48.143425 11066 naive_actor.cpp:25] actor 37391985279070 switch to &NaiveActor::HandlerNormal
I1013 17:06:48.143575 11066 thread.cpp:96] Thread 17829888 construct Actor kNormalForward 37391985279070
I1013 17:06:48.143635 11066 runtime_context.cpp:29] DecreaseCounter constructing_actor_cnt, current val is 126
I1013 17:06:48.144276 11066 naive_actor.cpp:25] actor 37391985279094 switch to &NaiveActor::HandlerNormal
I1013 17:06:48.144320 11066 thread.cpp:96] Thread 17829888 construct Actor kNormalForward 37391985279094
I1013 17:06:48.144382 11066 runtime_context.cpp:29] DecreaseCounter constructing_actor_cnt, current val is 125
I1013 17:06:48.144951 11066 naive_actor.cpp:25] actor 37391985279118 switch to &NaiveActor::HandlerNormal
I1013 17:06:48.144989 11066 thread.cpp:96] Thread 17829888 construct Actor kNormalForward 37391985279118
I1013 17:06:48.145045 11066 runtime_context.cpp:29] DecreaseCounter constructing_actor_cnt, current val is 124
I1013 17:06:48.145704 11066 naive_actor.cpp:25] actor 37391985279076 switch to &NaiveActor::HandlerNormal
I1013 17:06:48.145743 11066 thread.cpp:96] Thread 17829888 construct Actor kNormalForward 37391985279076
I1013 17:06:48.145804 11066 runtime_context.cpp:29] DecreaseCounter constructing_actor_cnt, current val is 123
I1013 17:06:48.146382 11066 naive_actor.cpp:25] actor 37391985279033 switch to &NaiveActor::HandlerNormal
I1013 17:06:48.146431 11066 thread.cpp:96] Thread 17829888 construct Actor kNormalForward 37391985279033
I1013 17:06:48.146490 11066 runtime_context.cpp:29] DecreaseCounter constructing_actor_cnt, current val is 122
I1013 17:06:48.147650 11066 naive_actor.cpp:25] actor 37391985279025 switch to &NaiveActor::HandlerNormal
I1013 17:06:48.147704 11066 thread.cpp:96] Thread 17829888 construct Actor kNormalForward 37391985279025
I1013 17:06:48.147761 11066 runtime_context.cpp:29] DecreaseCounter constructing_actor_cnt, current val is 121
I1013 17:06:48.148360 11066 naive_actor.cpp:25] actor 37391985279072 switch to &NaiveActor::HandlerNormal
I1013 17:06:48.148420 11066 thread.cpp:96] Thread 17829888 construct Actor kNormalForward 37391985279072
I1013 17:06:48.148547 11066 runtime_context.cpp:29] DecreaseCounter constructing_actor_cnt, current val is 120
I1013 17:06:48.149231 11066 naive_actor.cpp:25] actor 37391985279079 switch to &NaiveActor::HandlerNormal
I1013 17:06:48.149291 11066 thread.cpp:96] Thread 17829888 construct Actor kNormalForward 37391985279079
I1013 17:06:48.149365 11066 runtime_context.cpp:29] DecreaseCounter constructing_actor_cnt, current val is 119
I1013 17:06:48.149951 11066 naive_actor.cpp:25] actor 37391985279068 switch to &NaiveActor::HandlerNormal
I1013 17:06:48.149986 11066 thread.cpp:96] Thread 17829888 construct Actor kNormalForward 37391985279068
I1013 17:06:48.150043 11066 runtime_context.cpp:29] DecreaseCounter constructing_actor_cnt, current val is 118
I1013 17:06:48.150599 11066 naive_actor.cpp:25] actor 37391985279062 switch to &NaiveActor::HandlerNormal
I1013 17:06:48.150643 11066 thread.cpp:96] Thread 17829888 construct Actor kNormalForward 37391985279062
I1013 17:06:48.150702 11066 runtime_context.cpp:29] DecreaseCounter constructing_actor_cnt, current val is 117
I1013 17:06:48.151324 11066 naive_actor.cpp:25] actor 37391985279061 switch to &NaiveActor::HandlerNormal
I1013 17:06:48.151396 11066 thread.cpp:96] Thread 17829888 construct Actor kNormalForward 37391985279061
I1013 17:06:48.151454 11066 runtime_context.cpp:29] DecreaseCounter constructing_actor_cnt, current val is 116
I1013 17:06:48.152066 11066 naive_actor.cpp:25] actor 37391985279087 switch to &NaiveActor::HandlerNormal
I1013 17:06:48.152114 11066 thread.cpp:96] Thread 17829888 construct Actor kNormalForward 37391985279087
I1013 17:06:48.152199 11066 runtime_context.cpp:29] DecreaseCounter constructing_actor_cnt, current val is 115
I1013 17:06:48.152447 11066 naive_actor.cpp:25] actor 37391985279036 switch to &NaiveActor::HandlerNormal
I1013 17:06:48.152482 11066 thread.cpp:96] Thread 17829888 construct Actor kNormalForward 37391985279036
I1013 17:06:48.152539 11066 runtime_context.cpp:29] DecreaseCounter constructing_actor_cnt, current val is 114
I1013 17:06:48.153086 11066 naive_actor.cpp:25] actor 37391985279098 switch to &NaiveActor::HandlerNormal
I1013 17:06:48.153131 11066 thread.cpp:96] Thread 17829888 construct Actor kNormalForward 37391985279098
I1013 17:06:48.153187 11066 runtime_context.cpp:29] DecreaseCounter constructing_actor_cnt, current val is 113
I1013 17:06:48.153781 11066 naive_actor.cpp:25] actor 37391985279043 switch to &NaiveActor::HandlerNormal
I1013 17:06:48.153827 11066 thread.cpp:96] Thread 17829888 construct Actor kNormalForward 37391985279043
I1013 17:06:48.153882 11066 runtime_context.cpp:29] DecreaseCounter constructing_actor_cnt, current val is 112
I1013 17:06:48.154672 11066 naive_actor.cpp:25] actor 37391985279004 switch to &NaiveActor::HandlerNormal
I1013 17:06:48.154709 11066 thread.cpp:96] Thread 17829888 construct Actor kNormalForward 37391985279004
I1013 17:06:48.154764 11066 runtime_context.cpp:29] DecreaseCounter constructing_actor_cnt, current val is 111
I1013 17:06:48.155365 11066 naive_actor.cpp:25] actor 37391985279028 switch to &NaiveActor::HandlerNormal
I1013 17:06:48.155402 11066 thread.cpp:96] Thread 17829888 construct Actor kNormalForward 37391985279028
I1013 17:06:48.155460 11066 runtime_context.cpp:29] DecreaseCounter constructing_actor_cnt, current val is 110
I1013 17:06:48.155714 11066 naive_actor.cpp:25] actor 37391985279052 switch to &NaiveActor::HandlerNormal
I1013 17:06:48.155750 11066 thread.cpp:96] Thread 17829888 construct Actor kNormalForward 37391985279052
I1013 17:06:48.155804 11066 runtime_context.cpp:29] DecreaseCounter constructing_actor_cnt, current val is 109
I1013 17:06:48.156379 11066 naive_actor.cpp:25] actor 37391985279058 switch to &NaiveActor::HandlerNormal
I1013 17:06:48.156416 11066 thread.cpp:96] Thread 17829888 construct Actor kNormalForward 37391985279058
I1013 17:06:48.156471 11066 runtime_context.cpp:29] DecreaseCounter constructing_actor_cnt, current val is 108
I1013 17:06:48.156718 11066 naive_actor.cpp:25] actor 37391985279142 switch to &NaiveActor::HandlerNormal
I1013 17:06:48.156769 11066 thread.cpp:96] Thread 17829888 construct Actor kNormalForward 37391985279142
I1013 17:06:48.156867 11066 runtime_context.cpp:29] DecreaseCounter constructing_actor_cnt, current val is 107
I1013 17:06:48.157097 11066 naive_actor.cpp:25] actor 37391985279029 switch to &NaiveActor::HandlerNormal
I1013 17:06:48.157135 11066 thread.cpp:96] Thread 17829888 construct Actor kNormalForward 37391985279029
I1013 17:06:48.157187 11066 runtime_context.cpp:29] DecreaseCounter constructing_actor_cnt, current val is 106
I1013 17:06:48.157833 11066 naive_actor.cpp:25] actor 37391985279069 switch to &NaiveActor::HandlerNormal
I1013 17:06:48.157872 11066 thread.cpp:96] Thread 17829888 construct Actor kNormalForward 37391985279069
I1013 17:06:48.157930 11066 runtime_context.cpp:29] DecreaseCounter constructing_actor_cnt, current val is 105
I1013 17:06:48.158558 11066 naive_actor.cpp:25] actor 37391985279100 switch to &NaiveActor::HandlerNormal
I1013 17:06:48.158603 11066 thread.cpp:96] Thread 17829888 construct Actor kNormalForward 37391985279100
I1013 17:06:48.158663 11066 runtime_context.cpp:29] DecreaseCounter constructing_actor_cnt, current val is 104
I1013 17:06:48.158907 11066 naive_actor.cpp:25] actor 37391985279053 switch to &NaiveActor::HandlerNormal
I1013 17:06:48.158946 11066 thread.cpp:96] Thread 17829888 construct Actor kNormalForward 37391985279053
I1013 17:06:48.158999 11066 runtime_context.cpp:29] DecreaseCounter constructing_actor_cnt, current val is 103
I1013 17:06:48.159487 11066 naive_actor.cpp:25] actor 37391985279049 switch to &NaiveActor::HandlerNormal
I1013 17:06:48.159523 11066 thread.cpp:96] Thread 17829888 construct Actor kNormalForward 37391985279049
I1013 17:06:48.159583 11066 runtime_context.cpp:29] DecreaseCounter constructing_actor_cnt, current val is 102
I1013 17:06:48.160166 11066 naive_actor.cpp:25] actor 37391985279096 switch to &NaiveActor::HandlerNormal
I1013 17:06:48.160220 11066 thread.cpp:96] Thread 17829888 construct Actor kNormalForward 37391985279096
I1013 17:06:48.160277 11066 runtime_context.cpp:29] DecreaseCounter constructing_actor_cnt, current val is 101
I1013 17:06:48.160929 11066 naive_actor.cpp:25] actor 37391985279057 switch to &NaiveActor::HandlerNormal
I1013 17:06:48.160965 11066 thread.cpp:96] Thread 17829888 construct Actor kNormalForward 37391985279057
I1013 17:06:48.161026 11066 runtime_context.cpp:29] DecreaseCounter constructing_actor_cnt, current val is 100
I1013 17:06:48.161588 11066 naive_actor.cpp:25] actor 37391985279103 switch to &NaiveActor::HandlerNormal
I1013 17:06:48.161625 11066 thread.cpp:96] Thread 17829888 construct Actor kNormalForward 37391985279103
I1013 17:06:48.161690 11066 runtime_context.cpp:29] DecreaseCounter constructing_actor_cnt, current val is 99
I1013 17:06:48.162289 11066 naive_actor.cpp:25] actor 37391985279066 switch to &NaiveActor::HandlerNormal
I1013 17:06:48.162348 11066 thread.cpp:96] Thread 17829888 construct Actor kNormalForward 37391985279066
I1013 17:06:48.162405 11066 runtime_context.cpp:29] DecreaseCounter constructing_actor_cnt, current val is 98
I1013 17:06:48.163233 11066 naive_actor.cpp:25] actor 37391985279032 switch to &NaiveActor::HandlerNormal
I1013 17:06:48.163269 11066 thread.cpp:96] Thread 17829888 construct Actor kNormalForward 37391985279032
I1013 17:06:48.163336 11066 runtime_context.cpp:29] DecreaseCounter constructing_actor_cnt, current val is 97
I1013 17:06:48.163903 11066 naive_actor.cpp:25] actor 37391985279092 switch to &NaiveActor::HandlerNormal
I1013 17:06:48.163956 11066 thread.cpp:96] Thread 17829888 construct Actor kNormalForward 37391985279092
I1013 17:06:48.164012 11066 runtime_context.cpp:29] DecreaseCounter constructing_actor_cnt, current val is 96
I1013 17:06:48.164654 11066 naive_actor.cpp:25] actor 37391985279086 switch to &NaiveActor::HandlerNormal
I1013 17:06:48.164690 11066 thread.cpp:96] Thread 17829888 construct Actor kNormalForward 37391985279086
I1013 17:06:48.164746 11066 runtime_context.cpp:29] DecreaseCounter constructing_actor_cnt, current val is 95
I1013 17:06:48.165243 11066 naive_actor.cpp:25] actor 37391985279010 switch to &NaiveActor::HandlerNormal
I1013 17:06:48.165349 11066 thread.cpp:96] Thread 17829888 construct Actor kNormalForward 37391985279010
I1013 17:06:48.165427 11066 runtime_context.cpp:29] DecreaseCounter constructing_actor_cnt, current val is 94
I1013 17:06:48.166038 11066 naive_actor.cpp:25] actor 37391985279110 switch to &NaiveActor::HandlerNormal
I1013 17:06:48.166077 11066 thread.cpp:96] Thread 17829888 construct Actor kNormalForward 37391985279110
I1013 17:06:48.166133 11066 runtime_context.cpp:29] DecreaseCounter constructing_actor_cnt, current val is 93
I1013 17:06:48.166745 11066 naive_actor.cpp:25] actor 37391985279085 switch to &NaiveActor::HandlerNormal
I1013 17:06:48.166785 11066 thread.cpp:96] Thread 17829888 construct Actor kNormalForward 37391985279085
