I1012 14:19:06.958823 31607 runtime_context.cpp:29] DecreaseCounter constructing_actor_cnt, current val is 71
I1012 14:19:06.959456 31607 naive_actor.cpp:25] actor 37391985279085 switch to &NaiveActor::HandlerNormal
I1012 14:19:06.959499 31607 thread.cpp:96] Thread 17829888 construct Actor kNormalForward 37391985279085
I1012 14:19:06.959548 31607 runtime_context.cpp:29] DecreaseCounter constructing_actor_cnt, current val is 70
I1012 14:19:06.960127 31607 naive_actor.cpp:25] actor 37391985279013 switch to &NaiveActor::HandlerNormal
I1012 14:19:06.960173 31607 thread.cpp:96] Thread 17829888 construct Actor kNormalForward 37391985279013
I1012 14:19:06.960219 31607 runtime_context.cpp:29] DecreaseCounter constructing_actor_cnt, current val is 69
I1012 14:19:06.960815 31607 naive_actor.cpp:25] actor 37391985279037 switch to &NaiveActor::HandlerNormal
I1012 14:19:06.960858 31607 thread.cpp:96] Thread 17829888 construct Actor kNormalForward 37391985279037
I1012 14:19:06.960914 31607 runtime_context.cpp:29] DecreaseCounter constructing_actor_cnt, current val is 68
I1012 14:19:06.961514 31607 naive_actor.cpp:25] actor 37391985279070 switch to &NaiveActor::HandlerNormal
I1012 14:19:06.961556 31607 thread.cpp:96] Thread 17829888 construct Actor kNormalForward 37391985279070
I1012 14:19:06.961620 31607 runtime_context.cpp:29] DecreaseCounter constructing_actor_cnt, current val is 67
I1012 14:19:06.962203 31607 naive_actor.cpp:25] actor 37391985279094 switch to &NaiveActor::HandlerNormal
I1012 14:19:06.962244 31607 thread.cpp:96] Thread 17829888 construct Actor kNormalForward 37391985279094
I1012 14:19:06.962293 31607 runtime_context.cpp:29] DecreaseCounter constructing_actor_cnt, current val is 66
I1012 14:19:06.962896 31607 naive_actor.cpp:25] actor 37391985279082 switch to &NaiveActor::HandlerNormal
I1012 14:19:06.962939 31607 thread.cpp:96] Thread 17829888 construct Actor kNormalForward 37391985279082
I1012 14:19:06.962985 31607 runtime_context.cpp:29] DecreaseCounter constructing_actor_cnt, current val is 65
I1012 14:19:06.963603 31607 naive_actor.cpp:25] actor 37391985279021 switch to &NaiveActor::HandlerNormal
I1012 14:19:06.963649 31607 thread.cpp:96] Thread 17829888 construct Actor kNormalForward 37391985279021
I1012 14:19:06.963708 31607 runtime_context.cpp:29] DecreaseCounter constructing_actor_cnt, current val is 64
I1012 14:19:06.964421 31607 naive_actor.cpp:25] actor 37391985279071 switch to &NaiveActor::HandlerNormal
I1012 14:19:06.964470 31607 thread.cpp:96] Thread 17829888 construct Actor kNormalForward 37391985279071
I1012 14:19:06.964532 31607 runtime_context.cpp:29] DecreaseCounter constructing_actor_cnt, current val is 63
I1012 14:19:06.965260 31607 naive_actor.cpp:25] actor 37391985279086 switch to &NaiveActor::HandlerNormal
I1012 14:19:06.965302 31607 thread.cpp:96] Thread 17829888 construct Actor kNormalForward 37391985279086
I1012 14:19:06.965366 31607 runtime_context.cpp:29] DecreaseCounter constructing_actor_cnt, current val is 62
I1012 14:19:06.965962 31607 naive_actor.cpp:25] actor 37391985279023 switch to &NaiveActor::HandlerNormal
I1012 14:19:06.965991 31607 thread.cpp:96] Thread 17829888 construct Actor kNormalForward 37391985279023
I1012 14:19:06.966037 31607 runtime_context.cpp:29] DecreaseCounter constructing_actor_cnt, current val is 61
I1012 14:19:06.966372 31607 naive_actor.cpp:25] actor 37391985279041 switch to &NaiveActor::HandlerNormal
I1012 14:19:06.966418 31607 thread.cpp:96] Thread 17829888 construct Actor kNormalForward 37391985279041
I1012 14:19:06.966473 31607 runtime_context.cpp:29] DecreaseCounter constructing_actor_cnt, current val is 60
I1012 14:19:06.966723 31607 naive_actor.cpp:25] actor 37391985279145 switch to &NaiveActor::HandlerNormal
I1012 14:19:06.966763 31607 thread.cpp:96] Thread 17829888 construct Actor kNormalForward 37391985279145
I1012 14:19:06.966802 31607 runtime_context.cpp:29] DecreaseCounter constructing_actor_cnt, current val is 59
I1012 14:19:06.967372 31607 naive_actor.cpp:25] actor 37391985279084 switch to &NaiveActor::HandlerNormal
I1012 14:19:06.967412 31607 thread.cpp:96] Thread 17829888 construct Actor kNormalForward 37391985279084
I1012 14:19:06.967480 31607 runtime_context.cpp:29] DecreaseCounter constructing_actor_cnt, current val is 58
I1012 14:19:06.968053 31607 naive_actor.cpp:25] actor 37391985279072 switch to &NaiveActor::HandlerNormal
I1012 14:19:06.968093 31607 thread.cpp:96] Thread 17829888 construct Actor kNormalForward 37391985279072
I1012 14:19:06.968140 31607 runtime_context.cpp:29] DecreaseCounter constructing_actor_cnt, current val is 57
I1012 14:19:06.968789 31607 naive_actor.cpp:25] actor 37391985279063 switch to &NaiveActor::HandlerNormal
I1012 14:19:06.968832 31607 thread.cpp:96] Thread 17829888 construct Actor kNormalForward 37391985279063
I1012 14:19:06.968883 31607 runtime_context.cpp:29] DecreaseCounter constructing_actor_cnt, current val is 56
I1012 14:19:06.969420 31607 naive_actor.cpp:25] actor 37391985279096 switch to &NaiveActor::HandlerNormal
I1012 14:19:06.969455 31607 thread.cpp:96] Thread 17829888 construct Actor kNormalForward 37391985279096
I1012 14:19:06.969499 31607 runtime_context.cpp:29] DecreaseCounter constructing_actor_cnt, current val is 55
I1012 14:19:06.970125 31607 naive_actor.cpp:25] actor 37391985279140 switch to &NaiveActor::HandlerNormal
I1012 14:19:06.970151 31607 thread.cpp:96] Thread 17829888 construct Actor kNormalForward 37391985279140
I1012 14:19:06.970198 31607 runtime_context.cpp:29] DecreaseCounter constructing_actor_cnt, current val is 54
I1012 14:19:06.970778 31607 naive_actor.cpp:25] actor 37391985279081 switch to &NaiveActor::HandlerNormal
I1012 14:19:06.970811 31607 thread.cpp:96] Thread 17829888 construct Actor kNormalForward 37391985279081
I1012 14:19:06.970858 31607 runtime_context.cpp:29] DecreaseCounter constructing_actor_cnt, current val is 53
I1012 14:19:06.971436 31607 naive_actor.cpp:25] actor 37391985279090 switch to &NaiveActor::HandlerNormal
I1012 14:19:06.971475 31607 thread.cpp:96] Thread 17829888 construct Actor kNormalForward 37391985279090
I1012 14:19:06.971534 31607 runtime_context.cpp:29] DecreaseCounter constructing_actor_cnt, current val is 52
I1012 14:19:06.972077 31607 naive_actor.cpp:25] actor 37391985279105 switch to &NaiveActor::HandlerNormal
I1012 14:19:06.972116 31607 thread.cpp:96] Thread 17829888 construct Actor kNormalForward 37391985279105
I1012 14:19:06.972172 31607 runtime_context.cpp:29] DecreaseCounter constructing_actor_cnt, current val is 51
I1012 14:19:06.972723 31607 naive_actor.cpp:25] actor 37391985279054 switch to &NaiveActor::HandlerNormal
I1012 14:19:06.972764 31607 thread.cpp:96] Thread 17829888 construct Actor kNormalForward 37391985279054
I1012 14:19:06.972820 31607 runtime_context.cpp:29] DecreaseCounter constructing_actor_cnt, current val is 50
I1012 14:19:06.973435 31607 naive_actor.cpp:25] actor 37391985279080 switch to &NaiveActor::HandlerNormal
I1012 14:19:06.973474 31607 thread.cpp:96] Thread 17829888 construct Actor kNormalForward 37391985279080
I1012 14:19:06.973532 31607 runtime_context.cpp:29] DecreaseCounter constructing_actor_cnt, current val is 49
I1012 14:19:06.974094 31607 naive_actor.cpp:25] actor 37391985279104 switch to &NaiveActor::HandlerNormal
I1012 14:19:06.974119 31607 thread.cpp:96] Thread 17829888 construct Actor kNormalForward 37391985279104
I1012 14:19:06.974228 31607 runtime_context.cpp:29] DecreaseCounter constructing_actor_cnt, current val is 48
I1012 14:19:06.974472 31607 naive_actor.cpp:25] actor 37391985279123 switch to &NaiveActor::HandlerNormal
I1012 14:19:06.974511 31607 thread.cpp:96] Thread 17829888 construct Actor kNormalForward 37391985279123
I1012 14:19:06.974562 31607 runtime_context.cpp:29] DecreaseCounter constructing_actor_cnt, current val is 47
I1012 14:19:06.974786 31607 naive_actor.cpp:25] actor 37391985279117 switch to &NaiveActor::HandlerNormal
I1012 14:19:06.974817 31607 thread.cpp:96] Thread 17829888 construct Actor kNormalForward 37391985279117
I1012 14:19:06.974856 31607 runtime_context.cpp:29] DecreaseCounter constructing_actor_cnt, current val is 46
I1012 14:19:06.975057 31607 naive_actor.cpp:25] actor 37391985279141 switch to &NaiveActor::HandlerNormal
I1012 14:19:06.975096 31607 thread.cpp:96] Thread 17829888 construct Actor kNormalForward 37391985279141
I1012 14:19:06.975136 31607 runtime_context.cpp:29] DecreaseCounter constructing_actor_cnt, current val is 45
I1012 14:19:06.975345 31607 naive_actor.cpp:25] actor 37391985279127 switch to &NaiveActor::HandlerNormal
I1012 14:19:06.975383 31607 thread.cpp:96] Thread 17829888 construct Actor kNormalForward 37391985279127
I1012 14:19:06.975432 31607 runtime_context.cpp:29] DecreaseCounter constructing_actor_cnt, current val is 44
I1012 14:19:06.975980 31607 naive_actor.cpp:25] actor 37391985279091 switch to &NaiveActor::HandlerNormal
I1012 14:19:06.976022 31607 thread.cpp:96] Thread 17829888 construct Actor kNormalForward 37391985279091
I1012 14:19:06.976068 31607 runtime_context.cpp:29] DecreaseCounter constructing_actor_cnt, current val is 43
I1012 14:19:06.976307 31607 naive_actor.cpp:25] actor 37391985279109 switch to &NaiveActor::HandlerNormal
I1012 14:19:06.976346 31607 thread.cpp:96] Thread 17829888 construct Actor kNormalForward 37391985279109
I1012 14:19:06.976387 31607 runtime_context.cpp:29] DecreaseCounter constructing_actor_cnt, current val is 42
I1012 14:19:06.976969 31607 naive_actor.cpp:25] actor 37391985279076 switch to &NaiveActor::HandlerNormal
I1012 14:19:06.977005 31607 thread.cpp:96] Thread 17829888 construct Actor kNormalForward 37391985279076
I1012 14:19:06.977061 31607 runtime_context.cpp:29] DecreaseCounter constructing_actor_cnt, current val is 41
I1012 14:19:06.977275 31607 naive_actor.cpp:25] actor 37391985279133 switch to &NaiveActor::HandlerNormal
I1012 14:19:06.977313 31607 thread.cpp:96] Thread 17829888 construct Actor kNormalForward 37391985279133
I1012 14:19:06.977352 31607 runtime_context.cpp:29] DecreaseCounter constructing_actor_cnt, current val is 40
I1012 14:19:06.977939 31607 naive_actor.cpp:25] actor 37391985279100 switch to &NaiveActor::HandlerNormal
I1012 14:19:06.977978 31607 thread.cpp:96] Thread 17829888 construct Actor kNormalForward 37391985279100
I1012 14:19:06.978034 31607 runtime_context.cpp:29] DecreaseCounter constructing_actor_cnt, current val is 39
I1012 14:19:06.978237 31607 naive_actor.cpp:25] actor 37391985279125 switch to &NaiveActor::HandlerNormal
I1012 14:19:06.978276 31607 thread.cpp:96] Thread 17829888 construct Actor kNormalForward 37391985279125
I1012 14:19:06.978324 31607 runtime_context.cpp:29] DecreaseCounter constructing_actor_cnt, current val is 38
I1012 14:19:06.978958 31607 naive_actor.cpp:25] actor 37391985279118 switch to &NaiveActor::HandlerNormal
I1012 14:19:06.979022 31607 thread.cpp:96] Thread 17829888 construct Actor kNormalForward 37391985279118
I1012 14:19:06.979081 31607 runtime_context.cpp:29] DecreaseCounter constructing_actor_cnt, current val is 37
I1012 14:19:06.979646 31607 naive_actor.cpp:25] actor 37391985279106 switch to &NaiveActor::HandlerNormal
I1012 14:19:06.979686 31607 thread.cpp:96] Thread 17829888 construct Actor kNormalForward 37391985279106
I1012 14:19:06.979730 31607 runtime_context.cpp:29] DecreaseCounter constructing_actor_cnt, current val is 36
I1012 14:19:06.980257 31607 naive_actor.cpp:25] actor 37391985279095 switch to &NaiveActor::HandlerNormal
I1012 14:19:06.980298 31607 thread.cpp:96] Thread 17829888 construct Actor kNormalForward 37391985279095
I1012 14:19:06.980420 31607 runtime_context.cpp:29] DecreaseCounter constructing_actor_cnt, current val is 35
I1012 14:19:06.981113 31607 naive_actor.cpp:25] actor 37391985279110 switch to &NaiveActor::HandlerNormal
I1012 14:19:06.981154 31607 thread.cpp:96] Thread 17829888 construct Actor kNormalForward 37391985279110
I1012 14:19:06.981212 31607 runtime_context.cpp:29] DecreaseCounter constructing_actor_cnt, current val is 34
I1012 14:19:06.981848 31607 naive_actor.cpp:25] actor 37391985279065 switch to &NaiveActor::HandlerNormal
I1012 14:19:06.981886 31607 thread.cpp:96] Thread 17829888 construct Actor kNormalForward 37391985279065
I1012 14:19:06.981932 31607 runtime_context.cpp:29] DecreaseCounter constructing_actor_cnt, current val is 33
I1012 14:19:06.982548 31607 naive_actor.cpp:25] actor 37391985279108 switch to &NaiveActor::HandlerNormal
I1012 14:19:06.982589 31607 thread.cpp:96] Thread 17829888 construct Actor kNormalForward 37391985279108
I1012 14:19:06.982645 31607 runtime_context.cpp:29] DecreaseCounter constructing_actor_cnt, current val is 32
I1012 14:19:06.983273 31607 naive_actor.cpp:25] actor 37391985279083 switch to &NaiveActor::HandlerNormal
I1012 14:19:06.983314 31607 thread.cpp:96] Thread 17829888 construct Actor kNormalForward 37391985279083
I1012 14:19:06.983363 31607 runtime_context.cpp:29] DecreaseCounter constructing_actor_cnt, current val is 31
I1012 14:19:06.983852 31607 naive_actor.cpp:25] actor 37391985279087 switch to &NaiveActor::HandlerNormal
I1012 14:19:06.983880 31607 thread.cpp:96] Thread 17829888 construct Actor kNormalForward 37391985279087
I1012 14:19:06.983919 31607 runtime_context.cpp:29] DecreaseCounter constructing_actor_cnt, current val is 30
I1012 14:19:06.984148 31607 naive_actor.cpp:25] actor 37391985279107 switch to &NaiveActor::HandlerNormal
I1012 14:19:06.984185 31607 thread.cpp:96] Thread 17829888 construct Actor kNormalForward 37391985279107
I1012 14:19:06.984225 31607 runtime_context.cpp:29] DecreaseCounter constructing_actor_cnt, current val is 29
I1012 14:19:06.984457 31607 naive_actor.cpp:25] actor 37391985279129 switch to &NaiveActor::HandlerNormal
I1012 14:19:06.984493 31607 thread.cpp:96] Thread 17829888 construct Actor kNormalForward 37391985279129
I1012 14:19:06.984542 31607 runtime_context.cpp:29] DecreaseCounter constructing_actor_cnt, current val is 28
I1012 14:19:06.985175 31607 naive_actor.cpp:25] actor 37391985279114 switch to &NaiveActor::HandlerNormal
I1012 14:19:06.985241 31607 thread.cpp:96] Thread 17829888 construct Actor kNormalForward 37391985279114
I1012 14:19:06.985289 31607 runtime_context.cpp:29] DecreaseCounter constructing_actor_cnt, current val is 27
I1012 14:19:06.985833 31607 naive_actor.cpp:25] actor 37391985279078 switch to &NaiveActor::HandlerNormal
I1012 14:19:06.985874 31607 thread.cpp:96] Thread 17829888 construct Actor kNormalForward 37391985279078
I1012 14:19:06.985918 31607 runtime_context.cpp:29] DecreaseCounter constructing_actor_cnt, current val is 26
I1012 14:19:06.986476 31607 naive_actor.cpp:25] actor 37391985279102 switch to &NaiveActor::HandlerNormal
I1012 14:19:06.986515 31607 thread.cpp:96] Thread 17829888 construct Actor kNormalForward 37391985279102
I1012 14:19:06.986567 31607 runtime_context.cpp:29] DecreaseCounter constructing_actor_cnt, current val is 25
I1012 14:19:06.987190 31607 naive_actor.cpp:25] actor 37391985279128 switch to &NaiveActor::HandlerNormal
I1012 14:19:06.987231 31607 thread.cpp:96] Thread 17829888 construct Actor kNormalForward 37391985279128
I1012 14:19:06.987277 31607 runtime_context.cpp:29] DecreaseCounter constructing_actor_cnt, current val is 24
I1012 14:19:06.987510 31607 naive_actor.cpp:25] actor 37391985279147 switch to &NaiveActor::HandlerNormal
I1012 14:19:06.987540 31607 thread.cpp:96] Thread 17829888 construct Actor kDeviceTick 37391985279147
I1012 14:19:06.987576 31607 runtime_context.cpp:29] DecreaseCounter constructing_actor_cnt, current val is 23
I1012 14:19:06.987792 31607 naive_actor.cpp:25] actor 37391985279115 switch to &NaiveActor::HandlerNormal
I1012 14:19:06.987849 31607 thread.cpp:96] Thread 17829888 construct Actor kNormalForward 37391985279115
I1012 14:19:06.987926 31607 runtime_context.cpp:29] DecreaseCounter constructing_actor_cnt, current val is 22
I1012 14:19:06.988548 31607 naive_actor.cpp:25] actor 37391985279124 switch to &NaiveActor::HandlerNormal
I1012 14:19:06.988585 31607 thread.cpp:96] Thread 17829888 construct Actor kNormalForward 37391985279124
I1012 14:19:06.988631 31607 runtime_context.cpp:29] DecreaseCounter constructing_actor_cnt, current val is 21
I1012 14:19:06.989200 31607 naive_actor.cpp:25] actor 37391985279142 switch to &NaiveActor::HandlerNormal
I1012 14:19:06.989240 31607 thread.cpp:96] Thread 17829888 construct Actor kNormalForward 37391985279142
I1012 14:19:06.989295 31607 runtime_context.cpp:29] DecreaseCounter constructing_actor_cnt, current val is 20
I1012 14:19:06.989895 31607 naive_actor.cpp:25] actor 37391985279130 switch to &NaiveActor::HandlerNormal
I1012 14:19:06.989936 31607 thread.cpp:96] Thread 17829888 construct Actor kNormalForward 37391985279130
I1012 14:19:06.989991 31607 runtime_context.cpp:29] DecreaseCounter constructing_actor_cnt, current val is 19
I1012 14:19:06.990602 31607 naive_actor.cpp:25] actor 37391985279064 switch to &NaiveActor::HandlerNormal
I1012 14:19:06.990643 31607 thread.cpp:96] Thread 17829888 construct Actor kNormalForward 37391985279064
I1012 14:19:06.990687 31607 runtime_context.cpp:29] DecreaseCounter constructing_actor_cnt, current val is 18
I1012 14:19:06.990913 31607 naive_actor.cpp:25] actor 37391985279119 switch to &NaiveActor::HandlerNormal
I1012 14:19:06.990954 31607 thread.cpp:96] Thread 17829888 construct Actor kNormalForward 37391985279119
I1012 14:19:06.991005 31607 runtime_context.cpp:29] DecreaseCounter constructing_actor_cnt, current val is 17
I1012 14:19:06.991549 31607 naive_actor.cpp:25] actor 37391985279089 switch to &NaiveActor::HandlerNormal
I1012 14:19:06.991588 31607 thread.cpp:96] Thread 17829888 construct Actor kNormalForward 37391985279089
I1012 14:19:06.991644 31607 runtime_context.cpp:29] DecreaseCounter constructing_actor_cnt, current val is 16
I1012 14:19:06.992225 31607 naive_actor.cpp:25] actor 37391985279132 switch to &NaiveActor::HandlerNormal
I1012 14:19:06.992267 31607 thread.cpp:96] Thread 17829888 construct Actor kNormalForward 37391985279132
I1012 14:19:06.992313 31607 runtime_context.cpp:29] DecreaseCounter constructing_actor_cnt, current val is 15
I1012 14:19:06.992884 31607 naive_actor.cpp:25] actor 37391985279120 switch to &NaiveActor::HandlerNormal
I1012 14:19:06.992908 31607 thread.cpp:96] Thread 17829888 construct Actor kNormalForward 37391985279120
I1012 14:19:06.992950 31607 runtime_context.cpp:29] DecreaseCounter constructing_actor_cnt, current val is 14
I1012 14:19:06.993155 31607 naive_actor.cpp:25] actor 37391985279111 switch to &NaiveActor::HandlerNormal
I1012 14:19:06.993177 31607 thread.cpp:96] Thread 17829888 construct Actor kNormalForward 37391985279111
I1012 14:19:06.993213 31607 runtime_context.cpp:29] DecreaseCounter constructing_actor_cnt, current val is 13
I1012 14:19:06.993407 31607 naive_actor.cpp:25] actor 37391985279144 switch to &NaiveActor::HandlerNormal
I1012 14:19:06.993436 31607 thread.cpp:96] Thread 17829888 construct Actor kNormalForward 37391985279144
I1012 14:19:06.993472 31607 runtime_context.cpp:29] DecreaseCounter constructing_actor_cnt, current val is 12
I1012 14:19:06.993667 31607 naive_actor.cpp:25] actor 37391985279131 switch to &NaiveActor::HandlerNormal
I1012 14:19:06.993690 31607 thread.cpp:96] Thread 17829888 construct Actor kNormalForward 37391985279131
I1012 14:19:06.993726 31607 runtime_context.cpp:29] DecreaseCounter constructing_actor_cnt, current val is 11
I1012 14:19:06.993908 31607 naive_actor.cpp:25] actor 37391985279135 switch to &NaiveActor::HandlerNormal
I1012 14:19:06.993930 31607 thread.cpp:96] Thread 17829888 construct Actor kNormalForward 37391985279135
I1012 14:19:06.993965 31607 runtime_context.cpp:29] DecreaseCounter constructing_actor_cnt, current val is 10
I1012 14:19:06.994696 31607 naive_actor.cpp:25] actor 37391985279138 switch to &NaiveActor::HandlerNormal
I1012 14:19:06.994724 31607 thread.cpp:96] Thread 17829888 construct Actor kNormalForward 37391985279138
I1012 14:19:06.994767 31607 runtime_context.cpp:29] DecreaseCounter constructing_actor_cnt, current val is 9
I1012 14:19:06.995384 31607 naive_actor.cpp:25] actor 37391985279126 switch to &NaiveActor::HandlerNormal
I1012 14:19:06.995407 31607 thread.cpp:96] Thread 17829888 construct Actor kNormalForward 37391985279126
I1012 14:19:06.995458 31607 runtime_context.cpp:29] DecreaseCounter constructing_actor_cnt, current val is 8
I1012 14:19:06.995658 31607 naive_actor.cpp:25] actor 37391985279139 switch to &NaiveActor::HandlerNormal
I1012 14:19:06.995680 31607 thread.cpp:96] Thread 17829888 construct Actor kNormalForward 37391985279139
I1012 14:19:06.995718 31607 runtime_context.cpp:29] DecreaseCounter constructing_actor_cnt, current val is 7
I1012 14:19:06.996294 31607 naive_actor.cpp:25] actor 37391985279088 switch to &NaiveActor::HandlerNormal
I1012 14:19:06.996317 31607 thread.cpp:96] Thread 17829888 construct Actor kNormalForward 37391985279088
I1012 14:19:06.996390 31607 runtime_context.cpp:29] DecreaseCounter constructing_actor_cnt, current val is 6
I1012 14:19:06.996965 31607 naive_actor.cpp:25] actor 37391985279134 switch to &NaiveActor::HandlerNormal
I1012 14:19:06.996989 31607 thread.cpp:96] Thread 17829888 construct Actor kNormalForward 37391985279134
I1012 14:19:06.997031 31607 runtime_context.cpp:29] DecreaseCounter constructing_actor_cnt, current val is 5
I1012 14:19:06.997227 31607 naive_actor.cpp:25] actor 37391985279113 switch to &NaiveActor::HandlerNormal
I1012 14:19:06.997249 31607 thread.cpp:96] Thread 17829888 construct Actor kNormalForward 37391985279113
I1012 14:19:06.997285 31607 runtime_context.cpp:29] DecreaseCounter constructing_actor_cnt, current val is 4
I1012 14:19:06.997478 31607 naive_actor.cpp:25] actor 37391985279137 switch to &NaiveActor::HandlerNormal
I1012 14:19:06.997500 31607 thread.cpp:96] Thread 17829888 construct Actor kNormalForward 37391985279137
I1012 14:19:06.997535 31607 runtime_context.cpp:29] DecreaseCounter constructing_actor_cnt, current val is 3
I1012 14:19:06.997730 31607 naive_actor.cpp:25] actor 37391985279143 switch to &NaiveActor::HandlerNormal
I1012 14:19:06.997751 31607 thread.cpp:96] Thread 17829888 construct Actor kNormalForward 37391985279143
I1012 14:19:06.997786 31607 runtime_context.cpp:29] DecreaseCounter constructing_actor_cnt, current val is 2
I1012 14:19:06.998347 31607 naive_actor.cpp:25] actor 37391985279112 switch to &NaiveActor::HandlerNormal
I1012 14:19:06.998368 31607 thread.cpp:96] Thread 17829888 construct Actor kNormalForward 37391985279112
I1012 14:19:06.998410 31607 runtime_context.cpp:29] DecreaseCounter constructing_actor_cnt, current val is 1
I1012 14:19:06.998998 31607 naive_actor.cpp:25] actor 37391985279136 switch to &NaiveActor::HandlerNormal
I1012 14:19:06.999022 31607 thread.cpp:96] Thread 17829888 construct Actor kNormalForward 37391985279136
I1012 14:19:06.999068 31607 runtime_context.cpp:29] DecreaseCounter constructing_actor_cnt, current val is 0
I1012 14:19:07.000752 31073 runtime.cpp:93] Actors on this machine constructed
I1012 14:19:07.001274 31073 runtime.cpp:95] Actors on every machine constructed
I1012 14:19:07.001322 31073 runtime_context.cpp:21] NewCounter job_0_running_actor_count 210
I1012 14:19:07.001363 31073 global.h:43] DeleteGlobal N7oneflow7JobDescE
I1012 14:19:07.001405 31617 wait_and_send_ids_actor.cpp:73] actor 36283892105216 switch to &WaitAndSendIdsActor::HandlerNormal
I1012 14:21:14.773355 31617 actor.cpp:411] actor 36283892105216 switch to &Actor::HandlerZombie
I1012 14:21:14.773416 31612 actor.cpp:408] actor 36283890008066 switch to nullptr
I1012 14:21:14.773656 31612 thread.cpp:76] thread 17301507 deconstruct actor 36283890008066
I1012 14:21:14.773664 31617 thread.cpp:76] thread 17301508 deconstruct actor 36283892105216
I1012 14:21:14.773893 31612 runtime_context.cpp:29] DecreaseCounter job_0_running_actor_count, current val is 209
I1012 14:21:14.773914 31617 runtime_context.cpp:29] DecreaseCounter job_0_running_actor_count, current val is 208
I1012 14:21:14.773999 31612 actor.cpp:408] actor 36283890008065 switch to nullptr
I1012 14:21:14.774024 31612 thread.cpp:76] thread 17301507 deconstruct actor 36283890008065
I1012 14:21:14.774158 31612 runtime_context.cpp:29] DecreaseCounter job_0_running_actor_count, current val is 207
I1012 14:21:14.774189 31612 actor.cpp:411] actor 36283890008067 switch to &Actor::HandlerZombie
I1012 14:21:14.774219 31612 actor.cpp:408] actor 36283890008064 switch to nullptr
I1012 14:21:14.774230 31607 actor.cpp:411] actor 37391985279038 switch to &Actor::HandlerZombie
I1012 14:21:14.774354 31609 actor.cpp:408] actor 36283883716608 switch to nullptr
I1012 14:21:14.774423 31608 actor.cpp:408] actor 36283885813761 switch to nullptr
I1012 14:21:14.774525 31616 actor.cpp:408] actor 37391987376132 switch to nullptr
I1012 14:21:14.774319 31612 thread.cpp:76] thread 17301507 deconstruct actor 36283890008064
I1012 14:21:14.774600 31609 thread.cpp:76] thread 17301504 deconstruct actor 36283883716608
I1012 14:21:14.774600 31607 actor.cpp:408] actor 37391985279147 switch to nullptr
I1012 14:21:14.774641 31608 thread.cpp:76] thread 17301505 deconstruct actor 36283885813761
I1012 14:21:14.774683 31616 thread.cpp:76] thread 17829889 deconstruct actor 37391987376132
I1012 14:21:14.774797 31612 runtime_context.cpp:29] DecreaseCounter job_0_running_actor_count, current val is 206
I1012 14:21:14.774888 31607 thread.cpp:76] thread 17829888 deconstruct actor 37391985279147
I1012 14:21:14.775053 31612 actor.cpp:408] actor 36283890008068 switch to nullptr
I1012 14:21:14.775097 31612 thread.cpp:76] thread 17301507 deconstruct actor 36283890008068
I1012 14:21:14.775108 31616 runtime_context.cpp:29] DecreaseCounter job_0_running_actor_count, current val is 205
I1012 14:21:14.775211 31612 runtime_context.cpp:29] DecreaseCounter job_0_running_actor_count, current val is 204
I1012 14:21:14.775233 31608 runtime_context.cpp:29] DecreaseCounter job_0_running_actor_count, current val is 203
I1012 14:21:14.775269 31612 actor.cpp:408] actor 36283890008069 switch to nullptr
I1012 14:21:14.775307 31608 actor.cpp:408] actor 36283885813760 switch to nullptr
I1012 14:21:14.775312 31612 thread.cpp:76] thread 17301507 deconstruct actor 36283890008069
I1012 14:21:14.775332 31607 runtime_context.cpp:29] DecreaseCounter job_0_running_actor_count, current val is 202
I1012 14:21:14.775334 31616 actor.cpp:408] actor 37391987376128 switch to nullptr
I1012 14:21:14.775465 31607 actor.cpp:411] actor 37391985279039 switch to &Actor::HandlerZombie
I1012 14:21:14.775494 31612 runtime_context.cpp:29] DecreaseCounter job_0_running_actor_count, current val is 201
I1012 14:21:14.775478 31616 thread.cpp:76] thread 17829889 deconstruct actor 37391987376128
I1012 14:21:14.775328 31613 actor.cpp:408] actor 36283894202368 switch to nullptr
I1012 14:21:14.775377 31608 thread.cpp:76] thread 17301505 deconstruct actor 36283885813760
I1012 14:21:14.775537 31607 actor.cpp:411] actor 37391985279040 switch to &Actor::HandlerZombie
I1012 14:21:14.775629 31616 runtime_context.cpp:29] DecreaseCounter job_0_running_actor_count, current val is 199
I1012 14:21:14.775625 31614 actor.cpp:408] actor 36283887910912 switch to nullptr
I1012 14:21:14.775632 31613 thread.cpp:76] thread 17301509 deconstruct actor 36283894202368
I1012 14:21:14.775645 31609 runtime_context.cpp:29] DecreaseCounter job_0_running_actor_count, current val is 200
I1012 14:21:14.775785 31616 actor.cpp:408] actor 37391987376129 switch to nullptr
I1012 14:21:14.775887 31609 actor.cpp:408] actor 36283883716610 switch to nullptr
I1012 14:21:14.775817 31614 thread.cpp:76] thread 17301506 deconstruct actor 36283887910912
I1012 14:21:14.775928 31608 runtime_context.cpp:29] DecreaseCounter job_0_running_actor_count, current val is 198
I1012 14:21:14.775792 31607 actor.cpp:411] actor 37391985279148 switch to &Actor::HandlerZombie
I1012 14:21:14.775903 31616 thread.cpp:76] thread 17829889 deconstruct actor 37391987376129
I1012 14:21:14.775854 31612 thread.cpp:76] thread 17301507 deconstruct actor 36283890008067
I1012 14:21:14.775928 31609 thread.cpp:76] thread 17301504 deconstruct actor 36283883716610
I1012 14:21:14.775972 31613 runtime_context.cpp:29] DecreaseCounter job_0_running_actor_count, current val is 197
I1012 14:21:14.776015 31614 runtime_context.cpp:29] DecreaseCounter job_0_running_actor_count, current val is 196
I1012 14:21:14.776031 31607 actor.cpp:411] actor 37391985279026 switch to &Actor::HandlerZombie
I1012 14:21:14.776286 31616 runtime_context.cpp:29] DecreaseCounter job_0_running_actor_count, current val is 194
I1012 14:21:14.776378 31607 actor.cpp:408] actor 37391985279146 switch to nullptr
I1012 14:21:14.776401 31616 actor.cpp:408] actor 37391987376131 switch to nullptr
I1012 14:21:14.776291 31612 runtime_context.cpp:29] DecreaseCounter job_0_running_actor_count, current val is 195
I1012 14:21:14.776408 31607 thread.cpp:76] thread 17829888 deconstruct actor 37391985279146
I1012 14:21:14.776437 31616 thread.cpp:76] thread 17829889 deconstruct actor 37391987376131
I1012 14:21:14.776465 31609 runtime_context.cpp:29] DecreaseCounter job_0_running_actor_count, current val is 193
I1012 14:21:14.776582 31609 actor.cpp:408] actor 36283883716609 switch to nullptr
I1012 14:21:14.776607 31609 thread.cpp:76] thread 17301504 deconstruct actor 36283883716609
I1012 14:21:14.776635 31611 actor.cpp:411] actor 37391991570433 switch to &Actor::HandlerZombie
I1012 14:21:14.776590 31616 runtime_context.cpp:29] DecreaseCounter job_0_running_actor_count, current val is 192
I1012 14:21:14.776697 31611 actor.cpp:411] actor 37391991570432 switch to &Actor::HandlerZombie
I1012 14:21:14.776695 31607 runtime_context.cpp:29] DecreaseCounter job_0_running_actor_count, current val is 191
I1012 14:21:14.776722 31616 actor.cpp:408] actor 37391987376130 switch to nullptr
I1012 14:21:14.776736 31611 actor.cpp:411] actor 37391991570448 switch to &Actor::HandlerZombie
I1012 14:21:14.776793 31607 actor.cpp:408] actor 37391985279139 switch to nullptr
I1012 14:21:14.776782 31616 thread.cpp:76] thread 17829889 deconstruct actor 37391987376130
I1012 14:21:14.776818 31611 actor.cpp:411] actor 37391991570436 switch to &Actor::HandlerZombie
I1012 14:21:14.776824 31607 thread.cpp:76] thread 17829888 deconstruct actor 37391985279139
I1012 14:21:14.776893 31616 runtime_context.cpp:29] DecreaseCounter job_0_running_actor_count, current val is 189
I1012 14:21:14.776885 31611 actor.cpp:411] actor 37391991570445 switch to &Actor::HandlerZombie
I1012 14:21:14.776878 31609 runtime_context.cpp:29] DecreaseCounter job_0_running_actor_count, current val is 190
I1012 14:21:14.776968 31611 actor.cpp:411] actor 37391991570434 switch to &Actor::HandlerZombie
I1012 14:21:14.777020 31611 actor.cpp:411] actor 37391991570449 switch to &Actor::HandlerZombie
I1012 14:21:14.777078 31607 runtime_context.cpp:29] DecreaseCounter job_0_running_actor_count, current val is 188
I1012 14:21:14.777176 31611 actor.cpp:411] actor 37391991570440 switch to &Actor::HandlerZombie
I1012 14:21:14.777225 31607 actor.cpp:408] actor 37391985279137 switch to nullptr
I1012 14:21:14.777227 31611 actor.cpp:411] actor 37391991570437 switch to &Actor::HandlerZombie
I1012 14:21:14.777259 31607 thread.cpp:76] thread 17829888 deconstruct actor 37391985279137
I1012 14:21:14.777285 31611 actor.cpp:411] actor 37391991570441 switch to &Actor::HandlerZombie
I1012 14:21:14.777323 31611 actor.cpp:411] actor 37391991570438 switch to &Actor::HandlerZombie
I1012 14:21:14.777354 31611 actor.cpp:411] actor 37391991570442 switch to &Actor::HandlerZombie
I1012 14:21:14.777392 31611 actor.cpp:411] actor 37391991570443 switch to &Actor::HandlerZombie
I1012 14:21:14.777420 31611 actor.cpp:411] actor 37391991570435 switch to &Actor::HandlerZombie
I1012 14:21:14.777454 31611 actor.cpp:411] actor 37391991570439 switch to &Actor::HandlerZombie
I1012 14:21:14.777477 31611 actor.cpp:411] actor 37391991570447 switch to &Actor::HandlerZombie
I1012 14:21:14.777498 31611 actor.cpp:411] actor 37391991570446 switch to &Actor::HandlerZombie
I1012 14:21:14.777493 31607 runtime_context.cpp:29] DecreaseCounter job_0_running_actor_count, current val is 187
I1012 14:21:14.777575 31611 actor.cpp:411] actor 37391991570444 switch to &Actor::HandlerZombie
I1012 14:21:14.777632 31607 actor.cpp:408] actor 37391985279131 switch to nullptr
I1012 14:21:14.777705 31607 thread.cpp:76] thread 17829888 deconstruct actor 37391985279131
I1012 14:21:14.777875 31607 runtime_context.cpp:29] DecreaseCounter job_0_running_actor_count, current val is 186
I1012 14:21:14.777953 31607 actor.cpp:408] actor 37391985279129 switch to nullptr
I1012 14:21:14.777981 31607 thread.cpp:76] thread 17829888 deconstruct actor 37391985279129
I1012 14:21:14.778134 31607 runtime_context.cpp:29] DecreaseCounter job_0_running_actor_count, current val is 185
I1012 14:21:14.778183 31607 actor.cpp:408] actor 37391985279127 switch to nullptr
I1012 14:21:14.778206 31607 thread.cpp:76] thread 17829888 deconstruct actor 37391985279127
I1012 14:21:14.778348 31607 runtime_context.cpp:29] DecreaseCounter job_0_running_actor_count, current val is 184
I1012 14:21:14.778395 31607 actor.cpp:408] actor 37391985279115 switch to nullptr
I1012 14:21:14.778417 31607 thread.cpp:76] thread 17829888 deconstruct actor 37391985279115
I1012 14:21:14.778596 31607 runtime_context.cpp:29] DecreaseCounter job_0_running_actor_count, current val is 183
I1012 14:21:14.778645 31607 actor.cpp:408] actor 37391985279113 switch to nullptr
I1012 14:21:14.778666 31607 thread.cpp:76] thread 17829888 deconstruct actor 37391985279113
I1012 14:21:14.778813 31607 runtime_context.cpp:29] DecreaseCounter job_0_running_actor_count, current val is 182
I1012 14:21:14.778860 31607 actor.cpp:408] actor 37391985279119 switch to nullptr
I1012 14:21:14.778882 31607 thread.cpp:76] thread 17829888 deconstruct actor 37391985279119
I1012 14:21:14.779039 31607 runtime_context.cpp:29] DecreaseCounter job_0_running_actor_count, current val is 181
I1012 14:21:14.779086 31607 actor.cpp:408] actor 37391985279022 switch to nullptr
I1012 14:21:14.779107 31607 thread.cpp:76] thread 17829888 deconstruct actor 37391985279022
I1012 14:21:14.779278 31607 runtime_context.cpp:29] DecreaseCounter job_0_running_actor_count, current val is 180
I1012 14:21:14.779326 31607 actor.cpp:408] actor 37391985279117 switch to nullptr
I1012 14:21:14.779372 31607 thread.cpp:76] thread 17829888 deconstruct actor 37391985279117
I1012 14:21:14.779539 31607 runtime_context.cpp:29] DecreaseCounter job_0_running_actor_count, current val is 179
I1012 14:21:14.779590 31607 actor.cpp:408] actor 37391985279020 switch to nullptr
I1012 14:21:14.779613 31607 thread.cpp:76] thread 17829888 deconstruct actor 37391985279020
I1012 14:21:14.779776 31607 runtime_context.cpp:29] DecreaseCounter job_0_running_actor_count, current val is 178
I1012 14:21:14.779821 31607 actor.cpp:408] actor 37391985279135 switch to nullptr
I1012 14:21:14.779843 31607 thread.cpp:76] thread 17829888 deconstruct actor 37391985279135
I1012 14:21:14.779979 31607 runtime_context.cpp:29] DecreaseCounter job_0_running_actor_count, current val is 177
I1012 14:21:14.780027 31607 actor.cpp:408] actor 37391985278992 switch to nullptr
I1012 14:21:14.780050 31607 thread.cpp:76] thread 17829888 deconstruct actor 37391985278992
I1012 14:21:14.780196 31607 runtime_context.cpp:29] DecreaseCounter job_0_running_actor_count, current val is 176
I1012 14:21:14.780244 31607 actor.cpp:408] actor 37391985279121 switch to nullptr
I1012 14:21:14.780265 31607 thread.cpp:76] thread 17829888 deconstruct actor 37391985279121
I1012 14:21:14.780412 31607 runtime_context.cpp:29] DecreaseCounter job_0_running_actor_count, current val is 175
I1012 14:21:14.780470 31607 actor.cpp:408] actor 37391985278985 switch to nullptr
I1012 14:21:14.780493 31607 thread.cpp:76] thread 17829888 deconstruct actor 37391985278985
I1012 14:21:14.780650 31607 runtime_context.cpp:29] DecreaseCounter job_0_running_actor_count, current val is 174
I1012 14:21:14.780696 31607 actor.cpp:408] actor 37391985279005 switch to nullptr
I1012 14:21:14.780717 31607 thread.cpp:76] thread 17829888 deconstruct actor 37391985279005
I1012 14:21:14.780983 31607 runtime_context.cpp:29] DecreaseCounter job_0_running_actor_count, current val is 173
I1012 14:21:14.781045 31607 actor.cpp:408] actor 37391985279133 switch to nullptr
I1012 14:21:14.781069 31607 thread.cpp:76] thread 17829888 deconstruct actor 37391985279133
I1012 14:21:14.781237 31607 runtime_context.cpp:29] DecreaseCounter job_0_running_actor_count, current val is 172
I1012 14:21:14.781287 31607 actor.cpp:408] actor 37391985278990 switch to nullptr
I1012 14:21:14.781309 31607 thread.cpp:76] thread 17829888 deconstruct actor 37391985278990
I1012 14:21:14.781489 31607 runtime_context.cpp:29] DecreaseCounter job_0_running_actor_count, current val is 171
I1012 14:21:14.781539 31607 actor.cpp:408] actor 37391985279109 switch to nullptr
I1012 14:21:14.781560 31607 thread.cpp:76] thread 17829888 deconstruct actor 37391985279109
I1012 14:21:14.781708 31607 runtime_context.cpp:29] DecreaseCounter job_0_running_actor_count, current val is 170
I1012 14:21:14.781756 31607 actor.cpp:408] actor 37391985279012 switch to nullptr
I1012 14:21:14.781777 31607 thread.cpp:76] thread 17829888 deconstruct actor 37391985279012
I1012 14:21:14.781931 31607 runtime_context.cpp:29] DecreaseCounter job_0_running_actor_count, current val is 169
I1012 14:21:14.781976 31607 actor.cpp:408] actor 37391985279141 switch to nullptr
I1012 14:21:14.781998 31607 thread.cpp:76] thread 17829888 deconstruct actor 37391985279141
I1012 14:21:14.782140 31607 runtime_context.cpp:29] DecreaseCounter job_0_running_actor_count, current val is 168
I1012 14:21:14.782205 31607 actor.cpp:408] actor 37391985278977 switch to nullptr
I1012 14:21:14.782231 31607 thread.cpp:76] thread 17829888 deconstruct actor 37391985278977
I1012 14:21:14.782392 31607 runtime_context.cpp:29] DecreaseCounter job_0_running_actor_count, current val is 167
I1012 14:21:14.782450 31607 actor.cpp:408] actor 37391985279015 switch to nullptr
I1012 14:21:14.782475 31607 thread.cpp:76] thread 17829888 deconstruct actor 37391985279015
I1012 14:21:14.782641 31607 runtime_context.cpp:29] DecreaseCounter job_0_running_actor_count, current val is 166
I1012 14:21:14.782688 31607 actor.cpp:408] actor 37391985279111 switch to nullptr
I1012 14:21:14.782709 31607 thread.cpp:76] thread 17829888 deconstruct actor 37391985279111
I1012 14:21:14.782855 31607 runtime_context.cpp:29] DecreaseCounter job_0_running_actor_count, current val is 165
I1012 14:21:14.782902 31607 actor.cpp:408] actor 37391985278981 switch to nullptr
I1012 14:21:14.782923 31607 thread.cpp:76] thread 17829888 deconstruct actor 37391985278981
I1012 14:21:14.783072 31607 runtime_context.cpp:29] DecreaseCounter job_0_running_actor_count, current val is 164
I1012 14:21:14.783141 31607 actor.cpp:408] actor 37391985279123 switch to nullptr
I1012 14:21:14.783165 31607 thread.cpp:76] thread 17829888 deconstruct actor 37391985279123
I1012 14:21:14.783319 31607 runtime_context.cpp:29] DecreaseCounter job_0_running_actor_count, current val is 163
I1012 14:21:14.783365 31607 actor.cpp:408] actor 37391985278987 switch to nullptr
I1012 14:21:14.783387 31607 thread.cpp:76] thread 17829888 deconstruct actor 37391985278987
I1012 14:21:14.783541 31607 runtime_context.cpp:29] DecreaseCounter job_0_running_actor_count, current val is 162
I1012 14:21:14.783587 31607 actor.cpp:408] actor 37391985278995 switch to nullptr
I1012 14:21:14.783608 31607 thread.cpp:76] thread 17829888 deconstruct actor 37391985278995
I1012 14:21:14.783763 31607 runtime_context.cpp:29] DecreaseCounter job_0_running_actor_count, current val is 161
I1012 14:21:14.783811 31607 actor.cpp:408] actor 37391985279017 switch to nullptr
I1012 14:21:14.783833 31607 thread.cpp:76] thread 17829888 deconstruct actor 37391985279017
I1012 14:21:14.783985 31607 runtime_context.cpp:29] DecreaseCounter job_0_running_actor_count, current val is 160
I1012 14:21:14.784060 31607 actor.cpp:408] actor 37391985279125 switch to nullptr
I1012 14:21:14.784087 31607 thread.cpp:76] thread 17829888 deconstruct actor 37391985279125
I1012 14:21:14.784335 31607 runtime_context.cpp:29] DecreaseCounter job_0_running_actor_count, current val is 159
I1012 14:21:14.784421 31607 actor.cpp:408] actor 37391985278997 switch to nullptr
I1012 14:21:14.784484 31607 thread.cpp:76] thread 17829888 deconstruct actor 37391985278997
I1012 14:21:14.784649 31607 runtime_context.cpp:29] DecreaseCounter job_0_running_actor_count, current val is 158
I1012 14:21:14.784698 31607 actor.cpp:408] actor 37391985279000 switch to nullptr
I1012 14:21:14.784720 31607 thread.cpp:76] thread 17829888 deconstruct actor 37391985279000
I1012 14:21:14.784899 31607 runtime_context.cpp:29] DecreaseCounter job_0_running_actor_count, current val is 157
I1012 14:21:14.784962 31607 actor.cpp:408] actor 37391985279002 switch to nullptr
I1012 14:21:14.784983 31607 thread.cpp:76] thread 17829888 deconstruct actor 37391985279002
I1012 14:21:14.785136 31607 runtime_context.cpp:29] DecreaseCounter job_0_running_actor_count, current val is 156
I1012 14:21:14.785182 31607 actor.cpp:408] actor 37391985279007 switch to nullptr
I1012 14:21:14.785203 31607 thread.cpp:76] thread 17829888 deconstruct actor 37391985279007
I1012 14:21:14.785348 31607 runtime_context.cpp:29] DecreaseCounter job_0_running_actor_count, current val is 155
I1012 14:21:14.785394 31607 actor.cpp:408] actor 37391985279107 switch to nullptr
I1012 14:21:14.785415 31607 thread.cpp:76] thread 17829888 deconstruct actor 37391985279107
I1012 14:21:14.785598 31607 runtime_context.cpp:29] DecreaseCounter job_0_running_actor_count, current val is 154
I1012 14:21:14.785646 31607 actor.cpp:408] actor 37391985279010 switch to nullptr
I1012 14:21:14.785667 31607 thread.cpp:76] thread 17829888 deconstruct actor 37391985279010
I1012 14:21:14.785817 31607 runtime_context.cpp:29] DecreaseCounter job_0_running_actor_count, current val is 153
I1012 14:21:14.785862 31607 actor.cpp:411] actor 37391985278976 switch to &Actor::HandlerZombie
I1012 14:21:14.785895 31607 actor.cpp:411] actor 37391985279028 switch to &Actor::HandlerZombie
I1012 14:21:14.785928 31607 actor.cpp:411] actor 37391985279042 switch to &Actor::HandlerZombie
I1012 14:21:14.785997 31607 actor.cpp:408] actor 37391985279143 switch to nullptr
I1012 14:21:14.786018 31607 thread.cpp:76] thread 17829888 deconstruct actor 37391985279143
I1012 14:21:14.786151 31607 runtime_context.cpp:29] DecreaseCounter job_0_running_actor_count, current val is 152
I1012 14:21:14.786195 31607 actor.cpp:411] actor 37391985279030 switch to &Actor::HandlerZombie
I1012 14:21:14.786229 31607 actor.cpp:411] actor 37391985279027 switch to &Actor::HandlerZombie
I1012 14:21:14.786265 31607 actor.cpp:411] actor 37391985279145 switch to &Actor::HandlerZombie
I1012 14:21:14.786324 31607 actor.cpp:411] actor 37391985279057 switch to &Actor::HandlerZombie
I1012 14:21:14.786363 31607 actor.cpp:411] actor 37391985278978 switch to &Actor::HandlerZombie
I1012 14:21:14.786366 31611 thread.cpp:76] thread 17829891 deconstruct actor 37391991570447
I1012 14:21:14.786384 31607 thread.cpp:76] thread 17829888 deconstruct actor 37391985279145
I1012 14:21:14.786573 31611 runtime_context.cpp:29] DecreaseCounter job_0_running_actor_count, current val is 151
I1012 14:21:14.786619 31607 runtime_context.cpp:29] DecreaseCounter job_0_running_actor_count, current val is 150
I1012 14:21:14.786667 31607 actor.cpp:411] actor 37391985279090 switch to &Actor::HandlerZombie
I1012 14:21:14.786700 31607 actor.cpp:411] actor 37391985279089 switch to &Actor::HandlerZombie
I1012 14:21:14.786731 31607 actor.cpp:411] actor 37391985279144 switch to &Actor::HandlerZombie
I1012 14:21:14.786762 31607 actor.cpp:411] actor 37391985279105 switch to &Actor::HandlerZombie
I1012 14:21:14.786792 31607 actor.cpp:411] actor 37391985279140 switch to &Actor::HandlerZombie
I1012 14:21:14.786824 31607 actor.cpp:411] actor 37391985279093 switch to &Actor::HandlerZombie
I1012 14:21:14.786860 31607 actor.cpp:411] actor 37391985279102 switch to &Actor::HandlerZombie
I1012 14:21:14.786892 31607 actor.cpp:411] actor 37391985279091 switch to &Actor::HandlerZombie
I1012 14:21:14.786924 31607 actor.cpp:411] actor 37391985279106 switch to &Actor::HandlerZombie
I1012 14:21:14.786995 31607 actor.cpp:411] actor 37391985279097 switch to &Actor::HandlerZombie
I1012 14:21:14.787079 31607 actor.cpp:411] actor 37391985279094 switch to &Actor::HandlerZombie
I1012 14:21:14.787114 31607 actor.cpp:411] actor 37391985279138 switch to &Actor::HandlerZombie
I1012 14:21:14.787144 31607 actor.cpp:411] actor 37391985279098 switch to &Actor::HandlerZombie
I1012 14:21:14.787178 31607 actor.cpp:411] actor 37391985279095 switch to &Actor::HandlerZombie
I1012 14:21:14.787210 31607 actor.cpp:411] actor 37391985279099 switch to &Actor::HandlerZombie
I1012 14:21:14.787243 31607 actor.cpp:411] actor 37391985279092 switch to &Actor::HandlerZombie
I1012 14:21:14.787272 31607 actor.cpp:411] actor 37391985279100 switch to &Actor::HandlerZombie
I1012 14:21:14.787304 31607 actor.cpp:411] actor 37391985279096 switch to &Actor::HandlerZombie
I1012 14:21:14.787335 31607 actor.cpp:411] actor 37391985279104 switch to &Actor::HandlerZombie
I1012 14:21:14.787367 31607 actor.cpp:411] actor 37391985279103 switch to &Actor::HandlerZombie
I1012 14:21:14.787400 31607 actor.cpp:411] actor 37391985279101 switch to &Actor::HandlerZombie
I1012 14:21:14.787442 31607 actor.cpp:411] actor 37391985279132 switch to &Actor::HandlerZombie
I1012 14:21:14.787477 31607 actor.cpp:411] actor 37391985279130 switch to &Actor::HandlerZombie
I1012 14:21:14.787508 31607 actor.cpp:411] actor 37391985279128 switch to &Actor::HandlerZombie
I1012 14:21:14.787544 31607 actor.cpp:411] actor 37391985279116 switch to &Actor::HandlerZombie
I1012 14:21:14.787585 31607 actor.cpp:411] actor 37391985279114 switch to &Actor::HandlerZombie
I1012 14:21:14.787614 31607 actor.cpp:411] actor 37391985279120 switch to &Actor::HandlerZombie
I1012 14:21:14.787644 31607 actor.cpp:411] actor 37391985279142 switch to &Actor::HandlerZombie
I1012 14:21:14.787664 31607 thread.cpp:76] thread 17829888 deconstruct actor 37391985279100
I1012 14:21:14.787909 31607 runtime_context.cpp:29] DecreaseCounter job_0_running_actor_count, current val is 149
I1012 14:21:14.787959 31607 actor.cpp:411] actor 37391985279023 switch to &Actor::HandlerZombie
I1012 14:21:14.787999 31607 actor.cpp:411] actor 37391985279053 switch to &Actor::HandlerZombie
I1012 14:21:14.788028 31607 actor.cpp:411] actor 37391985279118 switch to &Actor::HandlerZombie
I1012 14:21:14.788048 31607 thread.cpp:76] thread 17829888 deconstruct actor 37391985279097
I1012 14:21:14.788048 31611 thread.cpp:76] thread 17829891 deconstruct actor 37391991570443
I1012 14:21:14.788167 31611 runtime_context.cpp:29] DecreaseCounter job_0_running_actor_count, current val is 148
I1012 14:21:14.788285 31607 runtime_context.cpp:29] DecreaseCounter job_0_running_actor_count, current val is 147
I1012 14:21:14.788332 31607 actor.cpp:411] actor 37391985279021 switch to &Actor::HandlerZombie
I1012 14:21:14.788369 31607 actor.cpp:411] actor 37391985279055 switch to &Actor::HandlerZombie
I1012 14:21:14.788437 31607 actor.cpp:411] actor 37391985279136 switch to &Actor::HandlerZombie
I1012 14:21:14.788477 31607 actor.cpp:411] actor 37391985278993 switch to &Actor::HandlerZombie
I1012 14:21:14.788497 31607 thread.cpp:76] thread 17829888 deconstruct actor 37391985279090
I1012 14:21:14.788734 31607 runtime_context.cpp:29] DecreaseCounter job_0_running_actor_count, current val is 146
I1012 14:21:14.788785 31607 actor.cpp:411] actor 37391985279079 switch to &Actor::HandlerZombie
I1012 14:21:14.788817 31607 actor.cpp:411] actor 37391985279122 switch to &Actor::HandlerZombie
I1012 14:21:14.788846 31607 actor.cpp:411] actor 37391985279112 switch to &Actor::HandlerZombie
I1012 14:21:14.788838 31611 thread.cpp:76] thread 17829891 deconstruct actor 37391991570433
I1012 14:21:14.788879 31607 actor.cpp:411] actor 37391985278986 switch to &Actor::HandlerZombie
I1012 14:21:14.788929 31607 thread.cpp:76] thread 17829888 deconstruct actor 37391985279093
I1012 14:21:14.788986 31611 runtime_context.cpp:29] DecreaseCounter job_0_running_actor_count, current val is 145
I1012 14:21:14.789163 31607 runtime_context.cpp:29] DecreaseCounter job_0_running_actor_count, current val is 144
I1012 14:21:14.789250 31607 actor.cpp:411] actor 37391985279084 switch to &Actor::HandlerZombie
I1012 14:21:14.789309 31607 thread.cpp:76] thread 17829888 deconstruct actor 37391985279102
I1012 14:21:14.789570 31607 runtime_context.cpp:29] DecreaseCounter job_0_running_actor_count, current val is 143
I1012 14:21:14.789620 31607 actor.cpp:411] actor 37391985279006 switch to &Actor::HandlerZombie
I1012 14:21:14.789654 31607 actor.cpp:411] actor 37391985279068 switch to &Actor::HandlerZombie
I1012 14:21:14.789685 31607 actor.cpp:411] actor 37391985279134 switch to &Actor::HandlerZombie
I1012 14:21:14.789716 31607 actor.cpp:411] actor 37391985278991 switch to &Actor::HandlerZombie
I1012 14:21:14.789733 31607 thread.cpp:76] thread 17829888 deconstruct actor 37391985279096
I1012 14:21:14.789966 31607 runtime_context.cpp:29] DecreaseCounter job_0_running_actor_count, current val is 142
I1012 14:21:14.790014 31607 actor.cpp:411] actor 37391985279080 switch to &Actor::HandlerZombie
I1012 14:21:14.790042 31607 actor.cpp:411] actor 37391985279110 switch to &Actor::HandlerZombie
I1012 14:21:14.790061 31607 thread.cpp:76] thread 17829888 deconstruct actor 37391985279098
I1012 14:21:14.790308 31607 runtime_context.cpp:29] DecreaseCounter job_0_running_actor_count, current val is 141
I1012 14:21:14.790356 31607 actor.cpp:411] actor 37391985279013 switch to &Actor::HandlerZombie
I1012 14:21:14.790390 31607 actor.cpp:411] actor 37391985279063 switch to &Actor::HandlerZombie
