Log file created at: 2021/10/14 10:26:13
Running on machine: oneflow-14
Log line format: [IWEF]mmdd hh:mm:ss.uuuuuu threadid file:line] msg
I1014 10:26:13.165298 47520 global.h:36] NewGlobal 14cudaDeviceProp
I1014 10:26:13.179751 47520 global.h:36] NewGlobal N7oneflow7EnvDescE
I1014 10:26:13.179793 47520 global.h:36] NewGlobal N7oneflow10ProcessCtxE
I1014 10:26:13.179807 47520 env_global_objects_scope.cpp:159] using rpc backend: gRPC
I1014 10:26:13.179814 47520 global.h:36] NewGlobal N7oneflow10CtrlServerE
I1014 10:26:13.181082 47520 ctrl_server.cpp:40] CtrlServer listening on 0.0.0.0:32933
I1014 10:26:13.181244 47520 rank_info_bootstrap_server.cpp:47] RankInfoBootstrapServer listening on 0.0.0.0:29500
I1014 10:26:13.182466 47520 rpc_client.cpp:187] LoadServer 127.0.0.1 Successful at 0 times
I1014 10:26:13.255753 47520 ctrl_bootstrap.cpp:76] 
ctrl_addr {
  host: "127.0.0.1"
  port: 32933
}
ctrl_addr {
  host: "127.0.0.1"
  port: 33624
}
rank: 0
node_size: 1
I1014 10:26:13.258462 47520 rpc_client.cpp:187] LoadServer 127.0.0.1 Successful at 0 times
I1014 10:26:13.259497 47520 rpc_client.cpp:187] LoadServer 127.0.0.1 Successful at 0 times
I1014 10:26:13.259606 47520 global.h:36] NewGlobal N7oneflow12ResourceDescE
I1014 10:26:13.259635 47520 global.h:36] NewGlobal N7oneflow12ResourceDescE
I1014 10:26:13.429752 47520 global.h:36] NewGlobal N7oneflow10ThreadPoolE
I1014 10:26:13.431120 47520 global.h:36] NewGlobal N7oneflow16EagerNcclCommMgrE
I1014 10:26:13.431133 47520 global.h:36] NewGlobal N7oneflow18CudnnConvAlgoCacheE
I1014 10:26:13.431139 47520 global.h:36] NewGlobal N7oneflow2vm19VirtualMachineScopeE
I1014 10:26:13.431147 47520 global.h:36] NewGlobal N7oneflow9OneflowVME
I1014 10:26:13.431728 47520 oneflow_vm.cpp:75] transport stream type: N7oneflow2vm13CpuStreamTypeE
I1014 10:26:13.431746 47520 oneflow_vm.cpp:75] transport stream type: N7oneflow2vm14CudaStreamTypeE
I1014 10:26:13.431751 47520 oneflow_vm.cpp:75] transport stream type: N7oneflow2vm19AsyncCudaStreamTypeE
I1014 10:26:13.432401 47520 global.h:36] NewGlobal N7oneflow27EagerJobBuildAndInferCtxMgrE
I1014 10:26:13.432472 47520 global.h:36] NewGlobal N7oneflow12EpollCommNetE
I1014 10:26:13.432691 47520 epoll_comm_network.cpp:63] CommNet:Epoll listening on 0.0.0.0:37923
I1014 10:26:13.435714 47520 epoll_comm_network.cpp:197] machine 0 sockfd -1
I1014 10:26:13.435732 47520 epoll_comm_network.cpp:197] machine 1 sockfd 42
I1014 10:26:13.435830 47520 global.h:36] NewGlobal N7oneflow9TransportE
I1014 10:26:13.436439 47520 global.h:36] NewGlobal N7oneflow25MultiClientSessionContextE
I1014 10:26:16.827019 47790 eager_nccl_comm_manager.cpp:69]  EagerNcclCommMgr::ncclCommInitRank device_vec.size() = 2, nccl_unique_id = 0200ffffffb07c0b0b010e000000000000000000000000000000000000000000000000000000000000000000000000000000000000000000000000000000000000000000000000000000000000000000000000000000000000000000000000000000000000000000000000000000000000000000000000000000000000000000000000, rank = 0, key = {eager_nccl_unique_id_rpc_key,0:0,1:1}
I1014 10:26:17.176141 47520 version.cpp:22] OneFlow git version: b295ca2324
I1014 10:26:17.176205 47520 device_register_gpu.cpp:56] CUDA runtime version: 11.2
I1014 10:26:17.176232 47520 device_register_gpu.cpp:65] cuDNN version: 8.1.1
I1014 10:26:17.176240 47520 device_register_gpu.cpp:78] NCCL version: 2.9.8
I1014 10:26:17.176249 47520 global.h:43] DeleteGlobal N7oneflow12ResourceDescE
I1014 10:26:17.176266 47520 global.h:36] NewGlobal N7oneflow12ResourceDescE
I1014 10:26:17.176275 47520 global.h:36] NewGlobal N7oneflow5IDMgrE
I1014 10:26:17.176282 47520 global.h:36] NewGlobal N7oneflow26LazyJobBuildAndInferCtxMgrE
I1014 10:26:17.176290 47520 global.h:36] NewGlobal N7oneflow9BufferMgrISt10shared_ptrINS_11JobInstanceEEEE
I1014 10:26:17.176295 47520 global.h:36] NewGlobal N7oneflow10RuntimeCtxE
I1014 10:26:17.176301 47520 global.h:36] NewGlobal N7oneflow15MemoryAllocatorE
I1014 10:26:17.176306 47520 global.h:36] NewGlobal N7oneflow8ChunkMgrE
I1014 10:26:17.176311 47520 global.h:36] NewGlobal N7oneflow8RegstMgrE
I1014 10:26:17.176316 47520 global.h:36] NewGlobal N7oneflow11ActorMsgBusE
I1014 10:26:17.176682 47520 global.h:36] NewGlobal N7oneflow9ThreadMgrE
I1014 10:26:17.176698 47520 global.h:36] NewGlobal N7oneflow15RuntimeJobDescsE
I1014 10:26:17.176724 47520 global.h:36] NewGlobal N7oneflow7summary12EventsWriterE
I1014 10:26:17.176748 47520 global.h:36] NewGlobal N7oneflow6boxing10collective24CollectiveBoxingExecutorE
I1014 10:26:17.176769 47520 global.h:36] NewGlobal N7oneflow6boxing10collective31CollectiveBoxingDeviceCtxPollerE
I1014 10:26:17.182201 47520 global.h:36] NewGlobal N7oneflow7JobDescE
I1014 10:26:17.365933 47520 global.h:43] DeleteGlobal N7oneflow7JobDescE
I1014 10:26:17.366022 47520 global.h:36] NewGlobal N7oneflow7JobDescE
I1014 10:26:17.725389 47520 global.h:43] DeleteGlobal N7oneflow7JobDescE
I1014 10:26:17.766515 47520 global.h:36] NewGlobal N7oneflow7JobDescE
I1014 10:26:18.192428 47520 global.h:36] NewGlobal N7oneflow7OpGraphE
I1014 10:26:18.352902 47520 global.h:43] DeleteGlobal N7oneflow7OpGraphE
I1014 10:26:18.373248 47520 nn_graph.cpp:241] 
job_id: 0 , job_name: WideAndDeepTrainGraph_0 , compile time: 0.606541 seconds.
I1014 10:26:18.375885 47520 plan_util.cpp:928]  Plan: WideAndDeepTrainGraph_0 needs to allocate [ 1140.66 MiB ] device memory in Rank: 0 , Device: 0
I1014 10:26:18.375962 47520 plan_util.cpp:928]  Plan: WideAndDeepTrainGraph_0 needs to allocate [ 1103.33 MiB ] device memory in Rank: 1 , Device: 1
I1014 10:26:19.331311 47520 runtime_context.cpp:21] NewCounter constructing_actor_cnt 237
I1014 10:26:19.332207 48012 naive_actor.cpp:25] actor 2199023255745 switch to &NaiveActor::HandlerNormal
I1014 10:26:19.332278 48014 naive_actor.cpp:25] actor 1099517919235 switch to &NaiveActor::HandlerNormal
I1014 10:26:19.332520 48020 wait_and_send_ids_actor.cpp:53] actor 1099520016384 switch to &WaitAndSendIdsActor::HandlerWaitToStart
I1014 10:26:19.332266 48012 thread.cpp:96] Thread 1048576 construct Actor kDeviceTick 2199023255745
I1014 10:26:19.332379 48014 thread.cpp:96] Thread 524291 construct Actor kDeviceTick 1099517919235
I1014 10:26:19.332681 48020 thread.cpp:96] Thread 524292 construct Actor kWaitAndSendIds 1099520016384
I1014 10:26:19.332976 48014 runtime_context.cpp:29] DecreaseCounter constructing_actor_cnt, current val is 235
I1014 10:26:19.332821 48012 runtime_context.cpp:29] DecreaseCounter constructing_actor_cnt, current val is 236
I1014 10:26:19.333047 48020 runtime_context.cpp:29] DecreaseCounter constructing_actor_cnt, current val is 234
I1014 10:26:19.344036 48016 naive_actor.cpp:25] actor 2199029547021 switch to &NaiveActor::HandlerNormal
I1014 10:26:19.344142 48018 naive_actor.cpp:25] actor 2199025352707 switch to &NaiveActor::HandlerNormal
I1014 10:26:19.344208 48016 thread.cpp:96] Thread 1048579 construct Actor kCollectiveBoxingGeneric 2199029547021
I1014 10:26:19.344329 48019 sink_actor.cpp:21] actor 1099522113536 switch to &SinkActor::HandlerNormal
I1014 10:26:19.344307 48018 thread.cpp:96] Thread 1048577 construct Actor kCopyHd 2199025352707
I1014 10:26:19.344231 48014 naive_actor.cpp:25] actor 1099517919234 switch to &NaiveActor::HandlerNormal
I1014 10:26:19.344588 48018 runtime_context.cpp:29] DecreaseCounter constructing_actor_cnt, current val is 232
I1014 10:26:19.344473 48019 thread.cpp:96] Thread 524293 construct Actor kCallbackNotify 1099522113536
I1014 10:26:19.344388 48016 runtime_context.cpp:29] DecreaseCounter constructing_actor_cnt, current val is 233
I1014 10:26:19.344799 47986 naive_actor.cpp:25] actor 1099513724929 switch to &NaiveActor::HandlerNormal
I1014 10:26:19.344636 48012 naive_actor.cpp:25] actor 2199023255565 switch to &NaiveActor::HandlerNormal
I1014 10:26:19.344610 48014 thread.cpp:96] Thread 524291 construct Actor kSrcSubsetTick 1099517919234
I1014 10:26:19.344830 48019 runtime_context.cpp:29] DecreaseCounter constructing_actor_cnt, current val is 231
I1014 10:26:19.344925 48018 naive_actor.cpp:25] actor 2199025352704 switch to &NaiveActor::HandlerNormal
I1014 10:26:19.344952 47986 thread.cpp:96] Thread 524289 construct Actor kNormalForward 1099513724929
I1014 10:26:19.344996 48016 naive_actor.cpp:25] actor 2199029547010 switch to &NaiveActor::HandlerNormal
I1014 10:26:19.345038 48012 thread.cpp:96] Thread 1048576 construct Actor kNormalForward 2199023255565
I1014 10:26:19.345132 48014 runtime_context.cpp:29] DecreaseCounter constructing_actor_cnt, current val is 230
I1014 10:26:19.345181 48018 thread.cpp:96] Thread 1048577 construct Actor kCopyHd 2199025352704
I1014 10:26:19.345288 47986 runtime_context.cpp:29] DecreaseCounter constructing_actor_cnt, current val is 229
I1014 10:26:19.345338 48016 thread.cpp:96] Thread 1048579 construct Actor kCollectiveBoxingGeneric 2199029547010
I1014 10:26:19.345427 48012 runtime_context.cpp:29] DecreaseCounter constructing_actor_cnt, current val is 228
I1014 10:26:19.345608 48016 runtime_context.cpp:29] DecreaseCounter constructing_actor_cnt, current val is 226
I1014 10:26:19.345506 48018 runtime_context.cpp:29] DecreaseCounter constructing_actor_cnt, current val is 227
I1014 10:26:19.345448 48013 naive_actor.cpp:25] actor 1099511627777 switch to &NaiveActor::HandlerNormal
I1014 10:26:19.345670 48014 naive_actor.cpp:25] actor 1099517919233 switch to &NaiveActor::HandlerNormal
I1014 10:26:19.345798 48016 naive_actor.cpp:25] actor 2199029547012 switch to &NaiveActor::HandlerNormal
I1014 10:26:19.345854 48013 thread.cpp:96] Thread 524288 construct Actor kNormalForward 1099511627777
I1014 10:26:19.345883 48018 naive_actor.cpp:25] actor 2199025352706 switch to &NaiveActor::HandlerNormal
I1014 10:26:19.345930 48014 thread.cpp:96] Thread 524291 construct Actor kDeviceTick 1099517919233
I1014 10:26:19.345974 48016 thread.cpp:96] Thread 1048579 construct Actor kCollectiveBoxingGeneric 2199029547012
I1014 10:26:19.346190 48012 naive_actor.cpp:25] actor 2199023255562 switch to &NaiveActor::HandlerNormal
I1014 10:26:19.346230 48016 runtime_context.cpp:29] DecreaseCounter constructing_actor_cnt, current val is 223
I1014 10:26:19.346135 48018 thread.cpp:96] Thread 1048577 construct Actor kCopyHd 2199025352706
I1014 10:26:19.346206 48014 runtime_context.cpp:29] DecreaseCounter constructing_actor_cnt, current val is 224
I1014 10:26:19.346240 48012 thread.cpp:96] Thread 1048576 construct Actor kNormalForward 2199023255562
I1014 10:26:19.346177 48013 runtime_context.cpp:29] DecreaseCounter constructing_actor_cnt, current val is 225
I1014 10:26:19.346338 48018 runtime_context.cpp:29] DecreaseCounter constructing_actor_cnt, current val is 222
I1014 10:26:19.346406 48016 naive_actor.cpp:25] actor 2199029547013 switch to &NaiveActor::HandlerNormal
I1014 10:26:19.346429 48012 runtime_context.cpp:29] DecreaseCounter constructing_actor_cnt, current val is 221
I1014 10:26:19.346536 48016 thread.cpp:96] Thread 1048579 construct Actor kCollectiveBoxingGeneric 2199029547013
I1014 10:26:19.346588 47986 naive_actor.cpp:25] actor 1099513724928 switch to &NaiveActor::HandlerNormal
I1014 10:26:19.346652 48016 runtime_context.cpp:29] DecreaseCounter constructing_actor_cnt, current val is 220
I1014 10:26:19.346662 48018 naive_actor.cpp:25] actor 2199025352705 switch to &NaiveActor::HandlerNormal
I1014 10:26:19.346697 47986 thread.cpp:96] Thread 524289 construct Actor kNormalForward 1099513724928
I1014 10:26:19.346704 48014 naive_actor.cpp:25] actor 1099517919232 switch to &NaiveActor::HandlerNormal
I1014 10:26:19.346801 48018 thread.cpp:96] Thread 1048577 construct Actor kCopyHd 2199025352705
I1014 10:26:19.346881 48016 naive_actor.cpp:25] actor 2199029547024 switch to &NaiveActor::HandlerNormal
I1014 10:26:19.346992 48018 runtime_context.cpp:29] DecreaseCounter constructing_actor_cnt, current val is 218
I1014 10:26:19.346935 47986 runtime_context.cpp:29] DecreaseCounter constructing_actor_cnt, current val is 219
I1014 10:26:19.346933 48014 thread.cpp:96] Thread 524291 construct Actor kDeviceTick 1099517919232
I1014 10:26:19.347007 48016 thread.cpp:96] Thread 1048579 construct Actor kCollectiveBoxingGeneric 2199029547024
I1014 10:26:19.347115 48012 naive_actor.cpp:25] actor 2199023255555 switch to &NaiveActor::HandlerNormal
I1014 10:26:19.347259 48016 runtime_context.cpp:29] DecreaseCounter constructing_actor_cnt, current val is 216
I1014 10:26:19.347231 48014 runtime_context.cpp:29] DecreaseCounter constructing_actor_cnt, current val is 217
I1014 10:26:19.347208 48018 naive_actor.cpp:25] actor 2199025352708 switch to &NaiveActor::HandlerNormal
I1014 10:26:19.347267 48012 thread.cpp:96] Thread 1048576 construct Actor kNormalForward 2199023255555
I1014 10:26:19.347522 48018 thread.cpp:96] Thread 1048577 construct Actor kCopyHd 2199025352708
I1014 10:26:19.347596 48012 runtime_context.cpp:29] DecreaseCounter constructing_actor_cnt, current val is 215
I1014 10:26:19.347628 48018 runtime_context.cpp:29] DecreaseCounter constructing_actor_cnt, current val is 214
I1014 10:26:19.347549 48016 naive_actor.cpp:25] actor 2199029547018 switch to &NaiveActor::HandlerNormal
I1014 10:26:19.347640 47986 naive_actor.cpp:25] actor 1099513724931 switch to &NaiveActor::HandlerNormal
I1014 10:26:19.347734 48014 naive_actor.cpp:25] actor 1099517919236 switch to &NaiveActor::HandlerNormal
I1014 10:26:19.347741 48016 thread.cpp:96] Thread 1048579 construct Actor kCollectiveBoxingGeneric 2199029547018
I1014 10:26:19.347782 47986 thread.cpp:96] Thread 524289 construct Actor kNormalForward 1099513724931
I1014 10:26:19.347782 48013 naive_actor.cpp:25] actor 1099511627778 switch to &NaiveActor::HandlerNormal
I1014 10:26:19.347828 48014 thread.cpp:96] Thread 524291 construct Actor kTick 1099517919236
I1014 10:26:19.347884 48016 runtime_context.cpp:29] DecreaseCounter constructing_actor_cnt, current val is 213
I1014 10:26:19.347935 47986 runtime_context.cpp:29] DecreaseCounter constructing_actor_cnt, current val is 212
I1014 10:26:19.347963 48013 thread.cpp:96] Thread 524288 construct Actor kNormalForward 1099511627778
I1014 10:26:19.348104 48012 naive_actor.cpp:25] actor 2199023255579 switch to &NaiveActor::HandlerNormal
I1014 10:26:19.348141 48012 thread.cpp:96] Thread 1048576 construct Actor kNormalForward 2199023255579
I1014 10:26:19.348170 48013 runtime_context.cpp:29] DecreaseCounter constructing_actor_cnt, current val is 210
I1014 10:26:19.348059 48014 runtime_context.cpp:29] DecreaseCounter constructing_actor_cnt, current val is 211
I1014 10:26:19.348179 48016 naive_actor.cpp:25] actor 2199029547022 switch to &NaiveActor::HandlerNormal
I1014 10:26:19.348202 48012 runtime_context.cpp:29] DecreaseCounter constructing_actor_cnt, current val is 209
I1014 10:26:19.348275 47986 naive_actor.cpp:25] actor 1099513724930 switch to &NaiveActor::HandlerNormal
I1014 10:26:19.348381 48016 thread.cpp:96] Thread 1048579 construct Actor kCollectiveBoxingGeneric 2199029547022
I1014 10:26:19.348441 47986 thread.cpp:96] Thread 524289 construct Actor kNormalForward 1099513724930
I1014 10:26:19.348500 48016 runtime_context.cpp:29] DecreaseCounter constructing_actor_cnt, current val is 208
I1014 10:26:19.348574 47986 runtime_context.cpp:29] DecreaseCounter constructing_actor_cnt, current val is 207
I1014 10:26:19.348714 48016 naive_actor.cpp:25] actor 2199029547019 switch to &NaiveActor::HandlerNormal
I1014 10:26:19.348762 48016 thread.cpp:96] Thread 1048579 construct Actor kCollectiveBoxingGeneric 2199029547019
I1014 10:26:19.348806 48014 naive_actor.cpp:25] actor 1099517919239 switch to &NaiveActor::HandlerNormal
I1014 10:26:19.348835 48016 runtime_context.cpp:29] DecreaseCounter constructing_actor_cnt, current val is 206
I1014 10:26:19.348840 47986 naive_actor.cpp:25] actor 1099513724932 switch to &NaiveActor::HandlerNormal
I1014 10:26:19.348904 48014 thread.cpp:96] Thread 524291 construct Actor kTick 1099517919239
I1014 10:26:19.348973 47986 thread.cpp:96] Thread 524289 construct Actor kNormalForward 1099513724932
I1014 10:26:19.349043 48012 naive_actor.cpp:25] actor 2199023255556 switch to &NaiveActor::HandlerNormal
I1014 10:26:19.349071 48016 naive_actor.cpp:25] actor 2199029547020 switch to &NaiveActor::HandlerNormal
I1014 10:26:19.349077 47986 runtime_context.cpp:29] DecreaseCounter constructing_actor_cnt, current val is 205
I1014 10:26:19.349083 48012 thread.cpp:96] Thread 1048576 construct Actor kNormalForward 2199023255556
I1014 10:26:19.349081 48014 runtime_context.cpp:29] DecreaseCounter constructing_actor_cnt, current val is 204
I1014 10:26:19.349119 48016 thread.cpp:96] Thread 1048579 construct Actor kCollectiveBoxingGeneric 2199029547020
I1014 10:26:19.349202 48012 runtime_context.cpp:29] DecreaseCounter constructing_actor_cnt, current val is 203
I1014 10:26:19.349380 48016 runtime_context.cpp:29] DecreaseCounter constructing_actor_cnt, current val is 202
I1014 10:26:19.349541 48016 naive_actor.cpp:25] actor 2199029547008 switch to &NaiveActor::HandlerNormal
I1014 10:26:19.349602 48016 thread.cpp:96] Thread 1048579 construct Actor kCollectiveBoxingGeneric 2199029547008
I1014 10:26:19.349606 48012 naive_actor.cpp:25] actor 2199023255561 switch to &NaiveActor::HandlerNormal
I1014 10:26:19.349664 48016 runtime_context.cpp:29] DecreaseCounter constructing_actor_cnt, current val is 201
I1014 10:26:19.349671 48012 thread.cpp:96] Thread 1048576 construct Actor kNormalForward 2199023255561
I1014 10:26:19.349746 48014 naive_actor.cpp:25] actor 1099517919237 switch to &NaiveActor::HandlerNormal
I1014 10:26:19.349754 48012 runtime_context.cpp:29] DecreaseCounter constructing_actor_cnt, current val is 200
I1014 10:26:19.349818 48014 thread.cpp:96] Thread 524291 construct Actor kDstSubsetTick 1099517919237
I1014 10:26:19.349823 48016 naive_actor.cpp:25] actor 2199029547016 switch to &NaiveActor::HandlerNormal
I1014 10:26:19.349928 48016 thread.cpp:96] Thread 1048579 construct Actor kCollectiveBoxingGeneric 2199029547016
I1014 10:26:19.349951 48014 runtime_context.cpp:29] DecreaseCounter constructing_actor_cnt, current val is 199
I1014 10:26:19.349987 48016 runtime_context.cpp:29] DecreaseCounter constructing_actor_cnt, current val is 198
I1014 10:26:19.350041 48012 naive_actor.cpp:25] actor 2199023255557 switch to &NaiveActor::HandlerNormal
I1014 10:26:19.350081 48012 thread.cpp:96] Thread 1048576 construct Actor kNormalForward 2199023255557
I1014 10:26:19.350162 48016 naive_actor.cpp:25] actor 2199029547014 switch to &NaiveActor::HandlerNormal
I1014 10:26:19.350173 48012 runtime_context.cpp:29] DecreaseCounter constructing_actor_cnt, current val is 197
I1014 10:26:19.350214 48016 thread.cpp:96] Thread 1048579 construct Actor kCollectiveBoxingGeneric 2199029547014
I1014 10:26:19.350288 48016 runtime_context.cpp:29] DecreaseCounter constructing_actor_cnt, current val is 196
I1014 10:26:19.350343 48014 naive_actor.cpp:25] actor 1099517919238 switch to &NaiveActor::HandlerNormal
I1014 10:26:19.350406 48014 thread.cpp:96] Thread 524291 construct Actor kTick 1099517919238
I1014 10:26:19.350450 48016 naive_actor.cpp:25] actor 2199029547025 switch to &NaiveActor::HandlerNormal
I1014 10:26:19.350492 48016 thread.cpp:96] Thread 1048579 construct Actor kCollectiveBoxingGeneric 2199029547025
I1014 10:26:19.350497 48014 runtime_context.cpp:29] DecreaseCounter constructing_actor_cnt, current val is 195
I1014 10:26:19.350548 48016 runtime_context.cpp:29] DecreaseCounter constructing_actor_cnt, current val is 194
I1014 10:26:19.350739 48016 naive_actor.cpp:25] actor 2199029547011 switch to &NaiveActor::HandlerNormal
I1014 10:26:19.350754 48012 naive_actor.cpp:25] actor 2199023255559 switch to &NaiveActor::HandlerNormal
I1014 10:26:19.350792 48016 thread.cpp:96] Thread 1048579 construct Actor kCollectiveBoxingGeneric 2199029547011
I1014 10:26:19.350823 48012 thread.cpp:96] Thread 1048576 construct Actor kNormalForward 2199023255559
I1014 10:26:19.350872 48016 runtime_context.cpp:29] DecreaseCounter constructing_actor_cnt, current val is 193
I1014 10:26:19.350901 48012 runtime_context.cpp:29] DecreaseCounter constructing_actor_cnt, current val is 192
I1014 10:26:19.351096 48016 naive_actor.cpp:25] actor 2199029547023 switch to &NaiveActor::HandlerNormal
I1014 10:26:19.351146 48016 thread.cpp:96] Thread 1048579 construct Actor kCollectiveBoxingGeneric 2199029547023
I1014 10:26:19.351234 48016 runtime_context.cpp:29] DecreaseCounter constructing_actor_cnt, current val is 191
I1014 10:26:19.351436 48016 naive_actor.cpp:25] actor 2199029547015 switch to &NaiveActor::HandlerNormal
I1014 10:26:19.351485 48016 thread.cpp:96] Thread 1048579 construct Actor kCollectiveBoxingGeneric 2199029547015
I1014 10:26:19.351603 48012 naive_actor.cpp:25] actor 2199023255560 switch to &NaiveActor::HandlerNormal
I1014 10:26:19.351673 48016 runtime_context.cpp:29] DecreaseCounter constructing_actor_cnt, current val is 190
I1014 10:26:19.351683 48012 thread.cpp:96] Thread 1048576 construct Actor kNormalForward 2199023255560
I1014 10:26:19.351809 48012 runtime_context.cpp:29] DecreaseCounter constructing_actor_cnt, current val is 189
I1014 10:26:19.351941 48016 naive_actor.cpp:25] actor 2199029547009 switch to &NaiveActor::HandlerNormal
I1014 10:26:19.351994 48016 thread.cpp:96] Thread 1048579 construct Actor kCollectiveBoxingGeneric 2199029547009
I1014 10:26:19.352048 48016 runtime_context.cpp:29] DecreaseCounter constructing_actor_cnt, current val is 188
I1014 10:26:19.352283 48016 naive_actor.cpp:25] actor 2199029547017 switch to &NaiveActor::HandlerNormal
I1014 10:26:19.352365 48016 thread.cpp:96] Thread 1048579 construct Actor kCollectiveBoxingGeneric 2199029547017
I1014 10:26:19.352425 48016 runtime_context.cpp:29] DecreaseCounter constructing_actor_cnt, current val is 187
I1014 10:26:19.352972 48012 naive_actor.cpp:25] actor 2199023255552 switch to &NaiveActor::HandlerNormal
I1014 10:26:19.353080 48012 thread.cpp:96] Thread 1048576 construct Actor kNormalForward 2199023255552
I1014 10:26:19.353189 48012 runtime_context.cpp:29] DecreaseCounter constructing_actor_cnt, current val is 186
I1014 10:26:19.353637 48012 naive_actor.cpp:25] actor 2199023255584 switch to &NaiveActor::HandlerNormal
I1014 10:26:19.353698 48012 thread.cpp:96] Thread 1048576 construct Actor kNormalForward 2199023255584
I1014 10:26:19.353785 48012 runtime_context.cpp:29] DecreaseCounter constructing_actor_cnt, current val is 185
I1014 10:26:19.354869 48012 naive_actor.cpp:25] actor 2199023255569 switch to &NaiveActor::HandlerNormal
I1014 10:26:19.354934 48012 thread.cpp:96] Thread 1048576 construct Actor kNormalForward 2199023255569
I1014 10:26:19.355022 48012 runtime_context.cpp:29] DecreaseCounter constructing_actor_cnt, current val is 184
I1014 10:26:19.355947 48012 naive_actor.cpp:25] actor 2199023255593 switch to &NaiveActor::HandlerNormal
I1014 10:26:19.356009 48012 thread.cpp:96] Thread 1048576 construct Actor kNormalForward 2199023255593
I1014 10:26:19.356091 48012 runtime_context.cpp:29] DecreaseCounter constructing_actor_cnt, current val is 183
I1014 10:26:19.357085 48012 naive_actor.cpp:25] actor 2199023255567 switch to &NaiveActor::HandlerNormal
I1014 10:26:19.357154 48012 thread.cpp:96] Thread 1048576 construct Actor kNormalForward 2199023255567
I1014 10:26:19.357250 48012 runtime_context.cpp:29] DecreaseCounter constructing_actor_cnt, current val is 182
I1014 10:26:19.358425 48013 naive_actor.cpp:25] actor 1099511627776 switch to &NaiveActor::HandlerNormal
I1014 10:26:19.358496 48013 thread.cpp:96] Thread 524288 construct Actor kNormalForward 1099511627776
I1014 10:26:19.358618 48013 runtime_context.cpp:29] DecreaseCounter constructing_actor_cnt, current val is 181
I1014 10:26:19.359288 48012 naive_actor.cpp:25] actor 2199023255566 switch to &NaiveActor::HandlerNormal
I1014 10:26:19.359366 48012 thread.cpp:96] Thread 1048576 construct Actor kNormalForward 2199023255566
I1014 10:26:19.359407 48013 naive_actor.cpp:25] actor 1099511627780 switch to &NaiveActor::HandlerNormal
I1014 10:26:19.359459 48012 runtime_context.cpp:29] DecreaseCounter constructing_actor_cnt, current val is 180
I1014 10:26:19.359478 48013 thread.cpp:96] Thread 524288 construct Actor kNormalForward 1099511627780
I1014 10:26:19.359611 48013 runtime_context.cpp:29] DecreaseCounter constructing_actor_cnt, current val is 179
I1014 10:26:19.359894 48012 naive_actor.cpp:25] actor 2199023255568 switch to &NaiveActor::HandlerNormal
I1014 10:26:19.359961 48012 thread.cpp:96] Thread 1048576 construct Actor kNormalForward 2199023255568
I1014 10:26:19.360013 48013 naive_actor.cpp:25] actor 1099511627779 switch to &NaiveActor::HandlerNormal
I1014 10:26:19.360074 48013 thread.cpp:96] Thread 524288 construct Actor kNormalForward 1099511627779
I1014 10:26:19.360074 48012 runtime_context.cpp:29] DecreaseCounter constructing_actor_cnt, current val is 178
I1014 10:26:19.360213 48013 runtime_context.cpp:29] DecreaseCounter constructing_actor_cnt, current val is 177
I1014 10:26:19.361353 48012 naive_actor.cpp:25] actor 2199023255558 switch to &NaiveActor::HandlerNormal
I1014 10:26:19.361418 48012 thread.cpp:96] Thread 1048576 construct Actor kNormalForward 2199023255558
I1014 10:26:19.361521 48012 runtime_context.cpp:29] DecreaseCounter constructing_actor_cnt, current val is 176
I1014 10:26:19.362453 48012 naive_actor.cpp:25] actor 2199023255592 switch to &NaiveActor::HandlerNormal
I1014 10:26:19.362516 48012 thread.cpp:96] Thread 1048576 construct Actor kNormalForward 2199023255592
I1014 10:26:19.362627 48012 runtime_context.cpp:29] DecreaseCounter constructing_actor_cnt, current val is 175
I1014 10:26:19.363363 48012 naive_actor.cpp:25] actor 2199023255616 switch to &NaiveActor::HandlerNormal
I1014 10:26:19.363416 48012 thread.cpp:96] Thread 1048576 construct Actor kNormalForward 2199023255616
I1014 10:26:19.363487 48012 runtime_context.cpp:29] DecreaseCounter constructing_actor_cnt, current val is 174
I1014 10:26:19.363837 48012 naive_actor.cpp:25] actor 2199023255553 switch to &NaiveActor::HandlerNormal
I1014 10:26:19.363896 48012 thread.cpp:96] Thread 1048576 construct Actor kNormalForward 2199023255553
I1014 10:26:19.363977 48012 runtime_context.cpp:29] DecreaseCounter constructing_actor_cnt, current val is 173
I1014 10:26:19.364310 48012 naive_actor.cpp:25] actor 2199023255570 switch to &NaiveActor::HandlerNormal
I1014 10:26:19.364360 48012 thread.cpp:96] Thread 1048576 construct Actor kNormalForward 2199023255570
I1014 10:26:19.364434 48012 runtime_context.cpp:29] DecreaseCounter constructing_actor_cnt, current val is 172
I1014 10:26:19.365191 48012 naive_actor.cpp:25] actor 2199023255632 switch to &NaiveActor::HandlerNormal
I1014 10:26:19.365245 48012 thread.cpp:96] Thread 1048576 construct Actor kNormalForward 2199023255632
I1014 10:26:19.365327 48012 runtime_context.cpp:29] DecreaseCounter constructing_actor_cnt, current val is 171
I1014 10:26:19.366062 48012 naive_actor.cpp:25] actor 2199023255586 switch to &NaiveActor::HandlerNormal
I1014 10:26:19.366117 48012 thread.cpp:96] Thread 1048576 construct Actor kNormalForward 2199023255586
I1014 10:26:19.366189 48012 runtime_context.cpp:29] DecreaseCounter constructing_actor_cnt, current val is 170
I1014 10:26:19.367439 48012 naive_actor.cpp:25] actor 2199023255573 switch to &NaiveActor::HandlerNormal
I1014 10:26:19.367501 48012 thread.cpp:96] Thread 1048576 construct Actor kNormalForward 2199023255573
I1014 10:26:19.367589 48012 runtime_context.cpp:29] DecreaseCounter constructing_actor_cnt, current val is 169
I1014 10:26:19.367903 48012 naive_actor.cpp:25] actor 2199023255603 switch to &NaiveActor::HandlerNormal
I1014 10:26:19.367954 48012 thread.cpp:96] Thread 1048576 construct Actor kNormalForward 2199023255603
I1014 10:26:19.368023 48012 runtime_context.cpp:29] DecreaseCounter constructing_actor_cnt, current val is 168
I1014 10:26:19.369220 48012 naive_actor.cpp:25] actor 2199023255580 switch to &NaiveActor::HandlerNormal
I1014 10:26:19.369275 48012 thread.cpp:96] Thread 1048576 construct Actor kNormalForward 2199023255580
I1014 10:26:19.369351 48012 runtime_context.cpp:29] DecreaseCounter constructing_actor_cnt, current val is 167
I1014 10:26:19.370268 48012 naive_actor.cpp:25] actor 2199023255581 switch to &NaiveActor::HandlerNormal
I1014 10:26:19.370323 48012 thread.cpp:96] Thread 1048576 construct Actor kNormalForward 2199023255581
I1014 10:26:19.370406 48012 runtime_context.cpp:29] DecreaseCounter constructing_actor_cnt, current val is 166
I1014 10:26:19.370731 48012 naive_actor.cpp:25] actor 2199023255575 switch to &NaiveActor::HandlerNormal
I1014 10:26:19.370777 48012 thread.cpp:96] Thread 1048576 construct Actor kNormalForward 2199023255575
I1014 10:26:19.370848 48012 runtime_context.cpp:29] DecreaseCounter constructing_actor_cnt, current val is 165
I1014 10:26:19.371289 48012 naive_actor.cpp:25] actor 2199023255563 switch to &NaiveActor::HandlerNormal
I1014 10:26:19.371345 48012 thread.cpp:96] Thread 1048576 construct Actor kNormalForward 2199023255563
I1014 10:26:19.371420 48012 runtime_context.cpp:29] DecreaseCounter constructing_actor_cnt, current val is 164
I1014 10:26:19.372387 48012 naive_actor.cpp:25] actor 2199023255576 switch to &NaiveActor::HandlerNormal
I1014 10:26:19.372444 48012 thread.cpp:96] Thread 1048576 construct Actor kNormalForward 2199023255576
I1014 10:26:19.372524 48012 runtime_context.cpp:29] DecreaseCounter constructing_actor_cnt, current val is 163
I1014 10:26:19.373673 48012 naive_actor.cpp:25] actor 2199023255608 switch to &NaiveActor::HandlerNormal
I1014 10:26:19.373725 48012 thread.cpp:96] Thread 1048576 construct Actor kNormalForward 2199023255608
I1014 10:26:19.373802 48012 runtime_context.cpp:29] DecreaseCounter constructing_actor_cnt, current val is 162
I1014 10:26:19.374560 48012 naive_actor.cpp:25] actor 2199023255617 switch to &NaiveActor::HandlerNormal
I1014 10:26:19.374624 48012 thread.cpp:96] Thread 1048576 construct Actor kNormalForward 2199023255617
I1014 10:26:19.374701 48012 runtime_context.cpp:29] DecreaseCounter constructing_actor_cnt, current val is 161
I1014 10:26:19.375572 48012 naive_actor.cpp:25] actor 2199023255590 switch to &NaiveActor::HandlerNormal
I1014 10:26:19.375628 48012 thread.cpp:96] Thread 1048576 construct Actor kNormalForward 2199023255590
I1014 10:26:19.375705 48012 runtime_context.cpp:29] DecreaseCounter constructing_actor_cnt, current val is 160
I1014 10:26:19.376036 48012 naive_actor.cpp:25] actor 2199023255591 switch to &NaiveActor::HandlerNormal
I1014 10:26:19.376091 48012 thread.cpp:96] Thread 1048576 construct Actor kNormalForward 2199023255591
I1014 10:26:19.376158 48012 runtime_context.cpp:29] DecreaseCounter constructing_actor_cnt, current val is 159
I1014 10:26:19.376901 48012 naive_actor.cpp:25] actor 2199023255615 switch to &NaiveActor::HandlerNormal
I1014 10:26:19.376961 48012 thread.cpp:96] Thread 1048576 construct Actor kNormalForward 2199023255615
I1014 10:26:19.377032 48012 runtime_context.cpp:29] DecreaseCounter constructing_actor_cnt, current val is 158
I1014 10:26:19.377346 48012 naive_actor.cpp:25] actor 2199023255582 switch to &NaiveActor::HandlerNormal
I1014 10:26:19.377396 48012 thread.cpp:96] Thread 1048576 construct Actor kNormalForward 2199023255582
I1014 10:26:19.377494 48012 runtime_context.cpp:29] DecreaseCounter constructing_actor_cnt, current val is 157
I1014 10:26:19.378365 48012 naive_actor.cpp:25] actor 2199023255554 switch to &NaiveActor::HandlerNormal
I1014 10:26:19.378428 48012 thread.cpp:96] Thread 1048576 construct Actor kNormalForward 2199023255554
I1014 10:26:19.378506 48012 runtime_context.cpp:29] DecreaseCounter constructing_actor_cnt, current val is 156
I1014 10:26:19.379313 48012 naive_actor.cpp:25] actor 2199023255564 switch to &NaiveActor::HandlerNormal
I1014 10:26:19.379369 48012 thread.cpp:96] Thread 1048576 construct Actor kNormalForward 2199023255564
I1014 10:26:19.379447 48012 runtime_context.cpp:29] DecreaseCounter constructing_actor_cnt, current val is 155
I1014 10:26:19.379768 48012 naive_actor.cpp:25] actor 2199023255577 switch to &NaiveActor::HandlerNormal
I1014 10:26:19.379827 48012 thread.cpp:96] Thread 1048576 construct Actor kNormalForward 2199023255577
I1014 10:26:19.379897 48012 runtime_context.cpp:29] DecreaseCounter constructing_actor_cnt, current val is 154
I1014 10:26:19.380187 48012 naive_actor.cpp:25] actor 2199023255589 switch to &NaiveActor::HandlerNormal
I1014 10:26:19.380234 48012 thread.cpp:96] Thread 1048576 construct Actor kNormalForward 2199023255589
I1014 10:26:19.380301 48012 runtime_context.cpp:29] DecreaseCounter constructing_actor_cnt, current val is 153
I1014 10:26:19.381803 48012 naive_actor.cpp:25] actor 2199023255594 switch to &NaiveActor::HandlerNormal
I1014 10:26:19.381857 48012 thread.cpp:96] Thread 1048576 construct Actor kNormalForward 2199023255594
I1014 10:26:19.381932 48012 runtime_context.cpp:29] DecreaseCounter constructing_actor_cnt, current val is 152
I1014 10:26:19.382841 48012 naive_actor.cpp:25] actor 2199023255656 switch to &NaiveActor::HandlerNormal
I1014 10:26:19.382892 48012 thread.cpp:96] Thread 1048576 construct Actor kNormalForward 2199023255656
I1014 10:26:19.382969 48012 runtime_context.cpp:29] DecreaseCounter constructing_actor_cnt, current val is 151
I1014 10:26:19.383719 48012 naive_actor.cpp:25] actor 2199023255571 switch to &NaiveActor::HandlerNormal
I1014 10:26:19.383778 48012 thread.cpp:96] Thread 1048576 construct Actor kNormalForward 2199023255571
I1014 10:26:19.383846 48012 runtime_context.cpp:29] DecreaseCounter constructing_actor_cnt, current val is 150
I1014 10:26:19.384135 48012 naive_actor.cpp:25] actor 2199023255610 switch to &NaiveActor::HandlerNormal
I1014 10:26:19.384184 48012 thread.cpp:96] Thread 1048576 construct Actor kNormalForward 2199023255610
I1014 10:26:19.384251 48012 runtime_context.cpp:29] DecreaseCounter constructing_actor_cnt, current val is 149
I1014 10:26:19.385069 48012 naive_actor.cpp:25] actor 2199023255680 switch to &NaiveActor::HandlerNormal
I1014 10:26:19.385121 48012 thread.cpp:96] Thread 1048576 construct Actor kNormalForward 2199023255680
I1014 10:26:19.385193 48012 runtime_context.cpp:29] DecreaseCounter constructing_actor_cnt, current val is 148
I1014 10:26:19.385962 48012 naive_actor.cpp:25] actor 2199023255627 switch to &NaiveActor::HandlerNormal
I1014 10:26:19.386016 48012 thread.cpp:96] Thread 1048576 construct Actor kNormalForward 2199023255627
I1014 10:26:19.386086 48012 runtime_context.cpp:29] DecreaseCounter constructing_actor_cnt, current val is 147
I1014 10:26:19.386937 48012 naive_actor.cpp:25] actor 2199023255604 switch to &NaiveActor::HandlerNormal
I1014 10:26:19.386991 48012 thread.cpp:96] Thread 1048576 construct Actor kNormalForward 2199023255604
I1014 10:26:19.387063 48012 runtime_context.cpp:29] DecreaseCounter constructing_actor_cnt, current val is 146
I1014 10:26:19.387809 48012 naive_actor.cpp:25] actor 2199023255585 switch to &NaiveActor::HandlerNormal
I1014 10:26:19.387899 48012 thread.cpp:96] Thread 1048576 construct Actor kNormalForward 2199023255585
I1014 10:26:19.387967 48012 runtime_context.cpp:29] DecreaseCounter constructing_actor_cnt, current val is 145
I1014 10:26:19.388729 48012 naive_actor.cpp:25] actor 2199023255583 switch to &NaiveActor::HandlerNormal
I1014 10:26:19.388777 48012 thread.cpp:96] Thread 1048576 construct Actor kNormalForward 2199023255583
I1014 10:26:19.388849 48012 runtime_context.cpp:29] DecreaseCounter constructing_actor_cnt, current val is 144
I1014 10:26:19.389494 48012 naive_actor.cpp:25] actor 2199023255607 switch to &NaiveActor::HandlerNormal
I1014 10:26:19.389571 48012 thread.cpp:96] Thread 1048576 construct Actor kNormalForward 2199023255607
I1014 10:26:19.389637 48012 runtime_context.cpp:29] DecreaseCounter constructing_actor_cnt, current val is 143
I1014 10:26:19.390347 48012 naive_actor.cpp:25] actor 2199023255599 switch to &NaiveActor::HandlerNormal
I1014 10:26:19.390398 48012 thread.cpp:96] Thread 1048576 construct Actor kNormalForward 2199023255599
I1014 10:26:19.390477 48012 runtime_context.cpp:29] DecreaseCounter constructing_actor_cnt, current val is 142
I1014 10:26:19.391608 48012 naive_actor.cpp:25] actor 2199023255587 switch to &NaiveActor::HandlerNormal
I1014 10:26:19.391669 48012 thread.cpp:96] Thread 1048576 construct Actor kNormalForward 2199023255587
I1014 10:26:19.391739 48012 runtime_context.cpp:29] DecreaseCounter constructing_actor_cnt, current val is 141
I1014 10:26:19.392375 48012 naive_actor.cpp:25] actor 2199023255600 switch to &NaiveActor::HandlerNormal
I1014 10:26:19.392429 48012 thread.cpp:96] Thread 1048576 construct Actor kNormalForward 2199023255600
I1014 10:26:19.392501 48012 runtime_context.cpp:29] DecreaseCounter constructing_actor_cnt, current val is 140
I1014 10:26:19.393128 48012 naive_actor.cpp:25] actor 2199023255572 switch to &NaiveActor::HandlerNormal
I1014 10:26:19.393172 48012 thread.cpp:96] Thread 1048576 construct Actor kNormalForward 2199023255572
I1014 10:26:19.393332 48012 runtime_context.cpp:29] DecreaseCounter constructing_actor_cnt, current val is 139
I1014 10:26:19.393651 48012 naive_actor.cpp:25] actor 2199023255596 switch to &NaiveActor::HandlerNormal
I1014 10:26:19.393699 48012 thread.cpp:96] Thread 1048576 construct Actor kNormalForward 2199023255596
I1014 10:26:19.393761 48012 runtime_context.cpp:29] DecreaseCounter constructing_actor_cnt, current val is 138
I1014 10:26:19.394497 48012 naive_actor.cpp:25] actor 2199023255652 switch to &NaiveActor::HandlerNormal
I1014 10:26:19.394542 48012 thread.cpp:96] Thread 1048576 construct Actor kNormalForward 2199023255652
I1014 10:26:19.394615 48012 runtime_context.cpp:29] DecreaseCounter constructing_actor_cnt, current val is 137
I1014 10:26:19.395354 48012 naive_actor.cpp:25] actor 2199023255614 switch to &NaiveActor::HandlerNormal
I1014 10:26:19.395402 48012 thread.cpp:96] Thread 1048576 construct Actor kNormalForward 2199023255614
I1014 10:26:19.395467 48012 runtime_context.cpp:29] DecreaseCounter constructing_actor_cnt, current val is 136
I1014 10:26:19.396236 48012 naive_actor.cpp:25] actor 2199023255633 switch to &NaiveActor::HandlerNormal
I1014 10:26:19.396286 48012 thread.cpp:96] Thread 1048576 construct Actor kNormalForward 2199023255633
I1014 10:26:19.396353 48012 runtime_context.cpp:29] DecreaseCounter constructing_actor_cnt, current val is 135
I1014 10:26:19.397089 48012 naive_actor.cpp:25] actor 2199023255578 switch to &NaiveActor::HandlerNormal
I1014 10:26:19.397135 48012 thread.cpp:96] Thread 1048576 construct Actor kNormalForward 2199023255578
I1014 10:26:19.397202 48012 runtime_context.cpp:29] DecreaseCounter constructing_actor_cnt, current val is 134
I1014 10:26:19.397905 48012 naive_actor.cpp:25] actor 2199023255606 switch to &NaiveActor::HandlerNormal
I1014 10:26:19.397955 48012 thread.cpp:96] Thread 1048576 construct Actor kNormalForward 2199023255606
I1014 10:26:19.398021 48012 runtime_context.cpp:29] DecreaseCounter constructing_actor_cnt, current val is 133
I1014 10:26:19.398820 48012 naive_actor.cpp:25] actor 2199023255602 switch to &NaiveActor::HandlerNormal
I1014 10:26:19.398866 48012 thread.cpp:96] Thread 1048576 construct Actor kNormalForward 2199023255602
I1014 10:26:19.398934 48012 runtime_context.cpp:29] DecreaseCounter constructing_actor_cnt, current val is 132
I1014 10:26:19.399672 48012 naive_actor.cpp:25] actor 2199023255588 switch to &NaiveActor::HandlerNormal
I1014 10:26:19.399720 48012 thread.cpp:96] Thread 1048576 construct Actor kNormalForward 2199023255588
I1014 10:26:19.399786 48012 runtime_context.cpp:29] DecreaseCounter constructing_actor_cnt, current val is 131
I1014 10:26:19.400460 48012 naive_actor.cpp:25] actor 2199023255640 switch to &NaiveActor::HandlerNormal
I1014 10:26:19.400506 48012 thread.cpp:96] Thread 1048576 construct Actor kNormalForward 2199023255640
I1014 10:26:19.400578 48012 runtime_context.cpp:29] DecreaseCounter constructing_actor_cnt, current val is 130
I1014 10:26:19.401659 48012 naive_actor.cpp:25] actor 2199023255601 switch to &NaiveActor::HandlerNormal
I1014 10:26:19.401718 48012 thread.cpp:96] Thread 1048576 construct Actor kNormalForward 2199023255601
I1014 10:26:19.401787 48012 runtime_context.cpp:29] DecreaseCounter constructing_actor_cnt, current val is 129
I1014 10:26:19.402438 48012 naive_actor.cpp:25] actor 2199023255613 switch to &NaiveActor::HandlerNormal
I1014 10:26:19.402485 48012 thread.cpp:96] Thread 1048576 construct Actor kNormalForward 2199023255613
I1014 10:26:19.402551 48012 runtime_context.cpp:29] DecreaseCounter constructing_actor_cnt, current val is 128
I1014 10:26:19.403298 48012 naive_actor.cpp:25] actor 2199023255595 switch to &NaiveActor::HandlerNormal
I1014 10:26:19.403350 48012 thread.cpp:96] Thread 1048576 construct Actor kNormalForward 2199023255595
I1014 10:26:19.403416 48012 runtime_context.cpp:29] DecreaseCounter constructing_actor_cnt, current val is 127
I1014 10:26:19.404106 48012 naive_actor.cpp:25] actor 2199023255597 switch to &NaiveActor::HandlerNormal
I1014 10:26:19.404155 48012 thread.cpp:96] Thread 1048576 construct Actor kNormalForward 2199023255597
I1014 10:26:19.404273 48012 runtime_context.cpp:29] DecreaseCounter constructing_actor_cnt, current val is 126
I1014 10:26:19.404551 48012 naive_actor.cpp:25] actor 2199023255704 switch to &NaiveActor::HandlerNormal
I1014 10:26:19.404601 48012 thread.cpp:96] Thread 1048576 construct Actor kNormalForward 2199023255704
I1014 10:26:19.404662 48012 runtime_context.cpp:29] DecreaseCounter constructing_actor_cnt, current val is 125
I1014 10:26:19.404966 48012 naive_actor.cpp:25] actor 2199023255628 switch to &NaiveActor::HandlerNormal
I1014 10:26:19.405010 48012 thread.cpp:96] Thread 1048576 construct Actor kNormalForward 2199023255628
I1014 10:26:19.405069 48012 runtime_context.cpp:29] DecreaseCounter constructing_actor_cnt, current val is 124
I1014 10:26:19.405639 48012 naive_actor.cpp:25] actor 2199023255634 switch to &NaiveActor::HandlerNormal
I1014 10:26:19.405710 48012 thread.cpp:96] Thread 1048576 construct Actor kNormalForward 2199023255634
I1014 10:26:19.405781 48012 runtime_context.cpp:29] DecreaseCounter constructing_actor_cnt, current val is 123
I1014 10:26:19.406432 48012 naive_actor.cpp:25] actor 2199023255609 switch to &NaiveActor::HandlerNormal
I1014 10:26:19.406483 48012 thread.cpp:96] Thread 1048576 construct Actor kNormalForward 2199023255609
I1014 10:26:19.406548 48012 runtime_context.cpp:29] DecreaseCounter constructing_actor_cnt, current val is 122
I1014 10:26:19.406847 48012 naive_actor.cpp:25] actor 2199023255631 switch to &NaiveActor::HandlerNormal
I1014 10:26:19.406888 48012 thread.cpp:96] Thread 1048576 construct Actor kNormalForward 2199023255631
I1014 10:26:19.406944 48012 runtime_context.cpp:29] DecreaseCounter constructing_actor_cnt, current val is 121
I1014 10:26:19.407727 48012 naive_actor.cpp:25] actor 2199023255650 switch to &NaiveActor::HandlerNormal
I1014 10:26:19.407776 48012 thread.cpp:96] Thread 1048576 construct Actor kNormalForward 2199023255650
I1014 10:26:19.407842 48012 runtime_context.cpp:29] DecreaseCounter constructing_actor_cnt, current val is 120
I1014 10:26:19.408092 48012 naive_actor.cpp:25] actor 2199023255605 switch to &NaiveActor::HandlerNormal
I1014 10:26:19.408133 48012 thread.cpp:96] Thread 1048576 construct Actor kNormalForward 2199023255605
I1014 10:26:19.408196 48012 runtime_context.cpp:29] DecreaseCounter constructing_actor_cnt, current val is 119
I1014 10:26:19.408869 48012 naive_actor.cpp:25] actor 2199023255641 switch to &NaiveActor::HandlerNormal
I1014 10:26:19.408915 48012 thread.cpp:96] Thread 1048576 construct Actor kNormalForward 2199023255641
I1014 10:26:19.408978 48012 runtime_context.cpp:29] DecreaseCounter constructing_actor_cnt, current val is 118
I1014 10:26:19.409613 48012 naive_actor.cpp:25] actor 2199023255623 switch to &NaiveActor::HandlerNormal
I1014 10:26:19.409662 48012 thread.cpp:96] Thread 1048576 construct Actor kNormalForward 2199023255623
I1014 10:26:19.409724 48012 runtime_context.cpp:29] DecreaseCounter constructing_actor_cnt, current val is 117
I1014 10:26:19.410380 48012 naive_actor.cpp:25] actor 2199023255624 switch to &NaiveActor::HandlerNormal
I1014 10:26:19.410427 48012 thread.cpp:96] Thread 1048576 construct Actor kNormalForward 2199023255624
I1014 10:26:19.410488 48012 runtime_context.cpp:29] DecreaseCounter constructing_actor_cnt, current val is 116
I1014 10:26:19.411227 48012 naive_actor.cpp:25] actor 2199023255611 switch to &NaiveActor::HandlerNormal
I1014 10:26:19.411279 48012 thread.cpp:96] Thread 1048576 construct Actor kNormalForward 2199023255611
I1014 10:26:19.411383 48012 runtime_context.cpp:29] DecreaseCounter constructing_actor_cnt, current val is 115
I1014 10:26:19.412041 48012 naive_actor.cpp:25] actor 2199023255636 switch to &NaiveActor::HandlerNormal
I1014 10:26:19.412091 48012 thread.cpp:96] Thread 1048576 construct Actor kNormalForward 2199023255636
I1014 10:26:19.412154 48012 runtime_context.cpp:29] DecreaseCounter constructing_actor_cnt, current val is 114
I1014 10:26:19.412899 48012 naive_actor.cpp:25] actor 2199023255620 switch to &NaiveActor::HandlerNormal
I1014 10:26:19.413056 48012 thread.cpp:96] Thread 1048576 construct Actor kNormalForward 2199023255620
I1014 10:26:19.413130 48012 runtime_context.cpp:29] DecreaseCounter constructing_actor_cnt, current val is 113
I1014 10:26:19.413772 48012 naive_actor.cpp:25] actor 2199023255651 switch to &NaiveActor::HandlerNormal
I1014 10:26:19.413815 48012 thread.cpp:96] Thread 1048576 construct Actor kNormalForward 2199023255651
I1014 10:26:19.413872 48012 runtime_context.cpp:29] DecreaseCounter constructing_actor_cnt, current val is 112
I1014 10:26:19.414499 48012 naive_actor.cpp:25] actor 2199023255676 switch to &NaiveActor::HandlerNormal
I1014 10:26:19.414539 48012 thread.cpp:96] Thread 1048576 construct Actor kNormalForward 2199023255676
I1014 10:26:19.414605 48012 runtime_context.cpp:29] DecreaseCounter constructing_actor_cnt, current val is 111
I1014 10:26:19.415243 48012 naive_actor.cpp:25] actor 2199023255635 switch to &NaiveActor::HandlerNormal
I1014 10:26:19.415290 48012 thread.cpp:96] Thread 1048576 construct Actor kNormalForward 2199023255635
I1014 10:26:19.415352 48012 runtime_context.cpp:29] DecreaseCounter constructing_actor_cnt, current val is 110
I1014 10:26:19.416054 48012 naive_actor.cpp:25] actor 2199023255574 switch to &NaiveActor::HandlerNormal
I1014 10:26:19.416102 48012 thread.cpp:96] Thread 1048576 construct Actor kNormalForward 2199023255574
I1014 10:26:19.416162 48012 runtime_context.cpp:29] DecreaseCounter constructing_actor_cnt, current val is 109
I1014 10:26:19.416797 48012 naive_actor.cpp:25] actor 2199023255626 switch to &NaiveActor::HandlerNormal
I1014 10:26:19.416843 48012 thread.cpp:96] Thread 1048576 construct Actor kNormalForward 2199023255626
I1014 10:26:19.416904 48012 runtime_context.cpp:29] DecreaseCounter constructing_actor_cnt, current val is 108
I1014 10:26:19.417151 48012 naive_actor.cpp:25] actor 2199023255598 switch to &NaiveActor::HandlerNormal
I1014 10:26:19.417196 48012 thread.cpp:96] Thread 1048576 construct Actor kNormalForward 2199023255598
I1014 10:26:19.417253 48012 runtime_context.cpp:29] DecreaseCounter constructing_actor_cnt, current val is 107
I1014 10:26:19.417506 48012 naive_actor.cpp:25] actor 2199023255630 switch to &NaiveActor::HandlerNormal
I1014 10:26:19.417552 48012 thread.cpp:96] Thread 1048576 construct Actor kNormalForward 2199023255630
I1014 10:26:19.417618 48012 runtime_context.cpp:29] DecreaseCounter constructing_actor_cnt, current val is 106
I1014 10:26:19.418185 48012 naive_actor.cpp:25] actor 2199023255622 switch to &NaiveActor::HandlerNormal
I1014 10:26:19.418231 48012 thread.cpp:96] Thread 1048576 construct Actor kNormalForward 2199023255622
I1014 10:26:19.418292 48012 runtime_context.cpp:29] DecreaseCounter constructing_actor_cnt, current val is 105
I1014 10:26:19.418911 48012 naive_actor.cpp:25] actor 2199023255646 switch to &NaiveActor::HandlerNormal
I1014 10:26:19.418958 48012 thread.cpp:96] Thread 1048576 construct Actor kNormalForward 2199023255646
I1014 10:26:19.419024 48012 runtime_context.cpp:29] DecreaseCounter constructing_actor_cnt, current val is 104
I1014 10:26:19.419641 48012 naive_actor.cpp:25] actor 2199023255664 switch to &NaiveActor::HandlerNormal
I1014 10:26:19.419687 48012 thread.cpp:96] Thread 1048576 construct Actor kNormalForward 2199023255664
I1014 10:26:19.419749 48012 runtime_context.cpp:29] DecreaseCounter constructing_actor_cnt, current val is 103
I1014 10:26:19.420380 48012 naive_actor.cpp:25] actor 2199023255618 switch to &NaiveActor::HandlerNormal
I1014 10:26:19.420425 48012 thread.cpp:96] Thread 1048576 construct Actor kNormalForward 2199023255618
I1014 10:26:19.420488 48012 runtime_context.cpp:29] DecreaseCounter constructing_actor_cnt, current val is 102
I1014 10:26:19.421022 48012 naive_actor.cpp:25] actor 2199023255625 switch to &NaiveActor::HandlerNormal
I1014 10:26:19.421067 48012 thread.cpp:96] Thread 1048576 construct Actor kNormalForward 2199023255625
I1014 10:26:19.421123 48012 runtime_context.cpp:29] DecreaseCounter constructing_actor_cnt, current val is 101
I1014 10:26:19.421696 48012 naive_actor.cpp:25] actor 2199023255688 switch to &NaiveActor::HandlerNormal
I1014 10:26:19.421772 48012 thread.cpp:96] Thread 1048576 construct Actor kNormalForward 2199023255688
I1014 10:26:19.421839 48012 runtime_context.cpp:29] DecreaseCounter constructing_actor_cnt, current val is 100
I1014 10:26:19.422433 48012 naive_actor.cpp:25] actor 2199023255619 switch to &NaiveActor::HandlerNormal
I1014 10:26:19.422482 48012 thread.cpp:96] Thread 1048576 construct Actor kNormalForward 2199023255619
I1014 10:26:19.422544 48012 runtime_context.cpp:29] DecreaseCounter constructing_actor_cnt, current val is 99
I1014 10:26:19.423187 48012 naive_actor.cpp:25] actor 2199023255621 switch to &NaiveActor::HandlerNormal
I1014 10:26:19.423230 48012 thread.cpp:96] Thread 1048576 construct Actor kNormalForward 2199023255621
