Log file created at: 2021/10/12 13:26:54
Running on machine: oneflow-14
Log line format: [IWEF]mmdd hh:mm:ss.uuuuuu threadid file:line] msg
I1012 13:26:54.514477 48325 global.h:36] NewGlobal 14cudaDeviceProp
I1012 13:26:54.527552 48325 global.h:36] NewGlobal N7oneflow7EnvDescE
I1012 13:26:54.527576 48325 global.h:36] NewGlobal N7oneflow10ProcessCtxE
I1012 13:26:54.527588 48325 env_global_objects_scope.cpp:159] using rpc backend: gRPC
I1012 13:26:54.527595 48325 global.h:36] NewGlobal N7oneflow10CtrlServerE
I1012 13:26:54.528401 48325 ctrl_server.cpp:40] CtrlServer listening on 0.0.0.0:38223
I1012 13:26:54.528597 48325 rank_info_bootstrap_server.cpp:47] RankInfoBootstrapServer listening on 0.0.0.0:42146
I1012 13:26:54.529165 48325 rpc_client.cpp:190] LoadServer 127.0.0.1 Failed at 0 times error_code 14 error_message failed to connect to all addresses
I1012 13:27:04.530100 48325 rpc_client.cpp:187] LoadServer 127.0.0.1 Successful at 1 times
I1012 13:27:04.531823 48325 ctrl_bootstrap.cpp:76] 
ctrl_addr {
  host: "127.0.0.1"
  port: 36017
}
ctrl_addr {
  host: "127.0.0.1"
  port: 38223
}
rank: 1
node_size: 1
I1012 13:27:04.534891 48325 rpc_client.cpp:187] LoadServer 127.0.0.1 Successful at 0 times
I1012 13:27:04.536275 48325 rpc_client.cpp:187] LoadServer 127.0.0.1 Successful at 0 times
I1012 13:27:04.536446 48325 global.h:36] NewGlobal N7oneflow12ResourceDescE
I1012 13:27:04.536484 48325 global.h:36] NewGlobal N7oneflow12ResourceDescE
I1012 13:27:04.723093 48325 global.h:36] NewGlobal N7oneflow10ThreadPoolE
I1012 13:27:04.726352 48325 global.h:36] NewGlobal N7oneflow16EagerNcclCommMgrE
I1012 13:27:04.726372 48325 global.h:36] NewGlobal N7oneflow18CudnnConvAlgoCacheE
I1012 13:27:04.726382 48325 global.h:36] NewGlobal N7oneflow2vm19VirtualMachineScopeE
I1012 13:27:04.726389 48325 global.h:36] NewGlobal N7oneflow9OneflowVME
I1012 13:27:04.727064 48325 oneflow_vm.cpp:75] transport stream type: N7oneflow2vm13CpuStreamTypeE
I1012 13:27:04.727084 48325 oneflow_vm.cpp:75] transport stream type: N7oneflow2vm14CudaStreamTypeE
I1012 13:27:04.727092 48325 oneflow_vm.cpp:75] transport stream type: N7oneflow2vm19AsyncCudaStreamTypeE
I1012 13:27:04.727366 48325 global.h:36] NewGlobal N7oneflow27EagerJobBuildAndInferCtxMgrE
I1012 13:27:04.727411 48325 global.h:36] NewGlobal N7oneflow12EpollCommNetE
I1012 13:27:04.727699 48325 epoll_comm_network.cpp:63] CommNet:Epoll listening on 0.0.0.0:33353
I1012 13:27:04.728478 48325 epoll_comm_network.cpp:197] machine 0 sockfd 42
I1012 13:27:04.728502 48325 epoll_comm_network.cpp:197] machine 1 sockfd -1
I1012 13:27:04.729238 48325 global.h:36] NewGlobal N7oneflow9TransportE
I1012 13:27:04.729408 48325 global.h:36] NewGlobal N7oneflow25MultiClientSessionContextE
I1012 13:27:08.394651 48698 eager_nccl_comm_manager.cpp:69]  EagerNcclCommMgr::ncclCommInitRank device_vec.size() = 2, nccl_unique_id = 0200ffffffe9ffffff930b0b010e000000000000000000000000000000000000000000000000000000000000000000000000000000000000000000000000000000000000000000000000000000000000000000000000000000000000000000000000000000000000000000000000000000000000000000000000000000000000000000000000, rank = 1, key = {eager_nccl_unique_id_rpc_key,0:0,1:1}
I1012 13:27:08.870122 48325 version.cpp:22] OneFlow git version: b295ca2324
I1012 13:27:08.870193 48325 device_register_gpu.cpp:56] CUDA runtime version: 11.2
I1012 13:27:08.870227 48325 device_register_gpu.cpp:65] cuDNN version: 8.1.1
I1012 13:27:08.870236 48325 device_register_gpu.cpp:78] NCCL version: 2.9.8
I1012 13:27:08.870244 48325 global.h:43] DeleteGlobal N7oneflow12ResourceDescE
I1012 13:27:08.870254 48325 global.h:36] NewGlobal N7oneflow12ResourceDescE
I1012 13:27:08.870270 48325 global.h:36] NewGlobal N7oneflow5IDMgrE
I1012 13:27:08.870280 48325 global.h:36] NewGlobal N7oneflow26LazyJobBuildAndInferCtxMgrE
I1012 13:27:08.870290 48325 global.h:36] NewGlobal N7oneflow9BufferMgrISt10shared_ptrINS_11JobInstanceEEEE
I1012 13:27:08.870296 48325 global.h:36] NewGlobal N7oneflow10RuntimeCtxE
I1012 13:27:08.870301 48325 global.h:36] NewGlobal N7oneflow15MemoryAllocatorE
I1012 13:27:08.870306 48325 global.h:36] NewGlobal N7oneflow8ChunkMgrE
I1012 13:27:08.870575 48325 global.h:36] NewGlobal N7oneflow8RegstMgrE
I1012 13:27:08.870616 48325 global.h:36] NewGlobal N7oneflow11ActorMsgBusE
I1012 13:27:08.870637 48325 global.h:36] NewGlobal N7oneflow9ThreadMgrE
I1012 13:27:08.870657 48325 global.h:36] NewGlobal N7oneflow15RuntimeJobDescsE
I1012 13:27:08.870677 48325 global.h:36] NewGlobal N7oneflow7summary12EventsWriterE
I1012 13:27:08.870700 48325 global.h:36] NewGlobal N7oneflow6boxing10collective24CollectiveBoxingExecutorE
I1012 13:27:08.870719 48325 global.h:36] NewGlobal N7oneflow6boxing10collective31CollectiveBoxingDeviceCtxPollerE
I1012 13:27:08.877588 48325 global.h:36] NewGlobal N7oneflow7JobDescE
I1012 13:27:09.143537 48325 global.h:43] DeleteGlobal N7oneflow7JobDescE
I1012 13:27:09.143666 48325 global.h:36] NewGlobal N7oneflow7JobDescE
I1012 13:27:09.557497 48325 global.h:43] DeleteGlobal N7oneflow7JobDescE
I1012 13:27:09.607143 48325 global.h:36] NewGlobal N7oneflow7JobDescE
I1012 13:27:10.888013 48325 runtime_context.cpp:21] NewCounter constructing_actor_cnt 210
I1012 13:27:10.888767 48882 naive_actor.cpp:25] actor 37391985279148 switch to &NaiveActor::HandlerNormal
I1012 13:27:10.888950 48890 wait_and_send_ids_actor.cpp:53] actor 36283892105216 switch to &WaitAndSendIdsActor::HandlerWaitToStart
I1012 13:27:10.888832 48882 thread.cpp:96] Thread 17829888 construct Actor kDeviceTick 37391985279148
I1012 13:27:10.889161 48890 thread.cpp:96] Thread 17301508 construct Actor kWaitAndSendIds 36283892105216
I1012 13:27:10.889459 48882 runtime_context.cpp:29] DecreaseCounter constructing_actor_cnt, current val is 209
I1012 13:27:10.889505 48890 runtime_context.cpp:29] DecreaseCounter constructing_actor_cnt, current val is 208
I1012 13:27:10.894739 48888 naive_actor.cpp:25] actor 37391987376128 switch to &NaiveActor::HandlerNormal
I1012 13:27:10.894773 48886 naive_actor.cpp:25] actor 37391991570435 switch to &NaiveActor::HandlerNormal
I1012 13:27:10.894925 48888 thread.cpp:96] Thread 17829889 construct Actor kCopyHd 37391987376128
I1012 13:27:10.894996 48886 thread.cpp:96] Thread 17829891 construct Actor kCollectiveBoxingGeneric 37391991570435
I1012 13:27:10.895013 48889 sink_actor.cpp:21] actor 36283894202368 switch to &SinkActor::HandlerNormal
I1012 13:27:10.895081 48892 copy_comm_net_actor.cpp:66] actor 36283887910912 switch to &CopyCommNetActor::HandlerNormal
I1012 13:27:10.895126 48888 runtime_context.cpp:29] DecreaseCounter constructing_actor_cnt, current val is 207
I1012 13:27:10.895141 48886 runtime_context.cpp:29] DecreaseCounter constructing_actor_cnt, current val is 206
I1012 13:27:10.895198 48889 thread.cpp:96] Thread 17301509 construct Actor kCallbackNotify 36283894202368
I1012 13:27:10.895229 48891 naive_actor.cpp:25] actor 36283890008067 switch to &NaiveActor::HandlerNormal
I1012 13:27:10.895233 48892 thread.cpp:96] Thread 17301506 construct Actor kCopyCommNet 36283887910912
I1012 13:27:10.895440 48882 naive_actor.cpp:25] actor 37391985278976 switch to &NaiveActor::HandlerNormal
I1012 13:27:10.895414 48889 runtime_context.cpp:29] DecreaseCounter constructing_actor_cnt, current val is 205
I1012 13:27:10.895452 48886 naive_actor.cpp:25] actor 37391991570441 switch to &NaiveActor::HandlerNormal
I1012 13:27:10.895419 48891 thread.cpp:96] Thread 17301507 construct Actor kDstSubsetTick 36283890008067
I1012 13:27:10.895473 48888 naive_actor.cpp:25] actor 37391987376132 switch to &NaiveActor::HandlerNormal
I1012 13:27:10.895503 48892 runtime_context.cpp:29] DecreaseCounter constructing_actor_cnt, current val is 204
I1012 13:27:10.895507 48882 thread.cpp:96] Thread 17829888 construct Actor kNormalForward 37391985278976
I1012 13:27:10.895546 48883 naive_actor.cpp:25] actor 36283883716609 switch to &NaiveActor::HandlerNormal
I1012 13:27:10.895576 48886 thread.cpp:96] Thread 17829891 construct Actor kCollectiveBoxingGeneric 37391991570441
I1012 13:27:10.895709 48883 thread.cpp:96] Thread 17301504 construct Actor kNormalForward 36283883716609
I1012 13:27:10.895723 48882 runtime_context.cpp:29] DecreaseCounter constructing_actor_cnt, current val is 202
I1012 13:27:10.895671 48884 naive_actor.cpp:25] actor 36283885813760 switch to &NaiveActor::HandlerNormal
I1012 13:27:10.895623 48888 thread.cpp:96] Thread 17829889 construct Actor kCopyHd 37391987376132
I1012 13:27:10.895644 48891 runtime_context.cpp:29] DecreaseCounter constructing_actor_cnt, current val is 203
I1012 13:27:10.895731 48886 runtime_context.cpp:29] DecreaseCounter constructing_actor_cnt, current val is 201
I1012 13:27:10.895783 48883 runtime_context.cpp:29] DecreaseCounter constructing_actor_cnt, current val is 200
I1012 13:27:10.895854 48884 thread.cpp:96] Thread 17301505 construct Actor kNormalForward 36283885813760
I1012 13:27:10.895923 48888 runtime_context.cpp:29] DecreaseCounter constructing_actor_cnt, current val is 199
I1012 13:27:10.896031 48886 naive_actor.cpp:25] actor 37391991570434 switch to &NaiveActor::HandlerNormal
I1012 13:27:10.896085 48886 thread.cpp:96] Thread 17829891 construct Actor kCollectiveBoxingGeneric 37391991570434
I1012 13:27:10.896092 48884 runtime_context.cpp:29] DecreaseCounter constructing_actor_cnt, current val is 198
I1012 13:27:10.896126 48886 runtime_context.cpp:29] DecreaseCounter constructing_actor_cnt, current val is 197
I1012 13:27:10.896198 48891 naive_actor.cpp:25] actor 36283890008066 switch to &NaiveActor::HandlerNormal
I1012 13:27:10.896247 48891 thread.cpp:96] Thread 17301507 construct Actor kTick 36283890008066
I1012 13:27:10.896257 48886 naive_actor.cpp:25] actor 37391991570436 switch to &NaiveActor::HandlerNormal
I1012 13:27:10.896263 48888 naive_actor.cpp:25] actor 37391987376129 switch to &NaiveActor::HandlerNormal
I1012 13:27:10.896303 48886 thread.cpp:96] Thread 17829891 construct Actor kCollectiveBoxingGeneric 37391991570436
I1012 13:27:10.896338 48888 thread.cpp:96] Thread 17829889 construct Actor kCopyHd 37391987376129
I1012 13:27:10.896314 48891 runtime_context.cpp:29] DecreaseCounter constructing_actor_cnt, current val is 196
I1012 13:27:10.896359 48886 runtime_context.cpp:29] DecreaseCounter constructing_actor_cnt, current val is 195
I1012 13:27:10.896401 48888 runtime_context.cpp:29] DecreaseCounter constructing_actor_cnt, current val is 194
I1012 13:27:10.896507 48886 naive_actor.cpp:25] actor 37391991570445 switch to &NaiveActor::HandlerNormal
I1012 13:27:10.896538 48886 thread.cpp:96] Thread 17829891 construct Actor kCollectiveBoxingGeneric 37391991570445
I1012 13:27:10.896564 48886 runtime_context.cpp:29] DecreaseCounter constructing_actor_cnt, current val is 193
I1012 13:27:10.896602 48888 naive_actor.cpp:25] actor 37391987376131 switch to &NaiveActor::HandlerNormal
I1012 13:27:10.896651 48888 thread.cpp:96] Thread 17829889 construct Actor kCopyHd 37391987376131
I1012 13:27:10.896661 48886 naive_actor.cpp:25] actor 37391991570432 switch to &NaiveActor::HandlerNormal
I1012 13:27:10.896706 48886 thread.cpp:96] Thread 17829891 construct Actor kCollectiveBoxingGeneric 37391991570432
I1012 13:27:10.896710 48888 runtime_context.cpp:29] DecreaseCounter constructing_actor_cnt, current val is 192
I1012 13:27:10.896709 48891 naive_actor.cpp:25] actor 36283890008065 switch to &NaiveActor::HandlerNormal
I1012 13:27:10.896728 48882 naive_actor.cpp:25] actor 37391985278988 switch to &NaiveActor::HandlerNormal
I1012 13:27:10.896739 48886 runtime_context.cpp:29] DecreaseCounter constructing_actor_cnt, current val is 191
I1012 13:27:10.896826 48882 thread.cpp:96] Thread 17829888 construct Actor kNormalForward 37391985278988
I1012 13:27:10.896785 48891 thread.cpp:96] Thread 17301507 construct Actor kSrcSubsetTick 36283890008065
I1012 13:27:10.896886 48888 naive_actor.cpp:25] actor 37391987376130 switch to &NaiveActor::HandlerNormal
I1012 13:27:10.896916 48888 thread.cpp:96] Thread 17829889 construct Actor kCopyHd 37391987376130
I1012 13:27:10.896931 48886 naive_actor.cpp:25] actor 37391991570440 switch to &NaiveActor::HandlerNormal
I1012 13:27:10.896929 48891 runtime_context.cpp:29] DecreaseCounter constructing_actor_cnt, current val is 190
I1012 13:27:10.896970 48888 runtime_context.cpp:29] DecreaseCounter constructing_actor_cnt, current val is 188
I1012 13:27:10.896958 48886 thread.cpp:96] Thread 17829891 construct Actor kCollectiveBoxingGeneric 37391991570440
I1012 13:27:10.896934 48882 runtime_context.cpp:29] DecreaseCounter constructing_actor_cnt, current val is 189
I1012 13:27:10.897188 48886 runtime_context.cpp:29] DecreaseCounter constructing_actor_cnt, current val is 187
I1012 13:27:10.897132 48884 naive_actor.cpp:25] actor 36283885813761 switch to &NaiveActor::HandlerNormal
I1012 13:27:10.897226 48891 naive_actor.cpp:25] actor 36283890008068 switch to &NaiveActor::HandlerNormal
I1012 13:27:10.897300 48886 naive_actor.cpp:25] actor 37391991570442 switch to &NaiveActor::HandlerNormal
I1012 13:27:10.897274 48884 thread.cpp:96] Thread 17301505 construct Actor kNormalForward 36283885813761
I1012 13:27:10.897308 48891 thread.cpp:96] Thread 17301507 construct Actor kTick 36283890008068
I1012 13:27:10.897327 48886 thread.cpp:96] Thread 17829891 construct Actor kCollectiveBoxingGeneric 37391991570442
I1012 13:27:10.897415 48891 runtime_context.cpp:29] DecreaseCounter constructing_actor_cnt, current val is 186
I1012 13:27:10.897436 48884 runtime_context.cpp:29] DecreaseCounter constructing_actor_cnt, current val is 184
I1012 13:27:10.897423 48886 runtime_context.cpp:29] DecreaseCounter constructing_actor_cnt, current val is 185
I1012 13:27:10.897517 48882 naive_actor.cpp:25] actor 37391985278997 switch to &NaiveActor::HandlerNormal
I1012 13:27:10.897562 48882 thread.cpp:96] Thread 17829888 construct Actor kNormalForward 37391985278997
I1012 13:27:10.897590 48886 naive_actor.cpp:25] actor 37391991570443 switch to &NaiveActor::HandlerNormal
I1012 13:27:10.897616 48886 thread.cpp:96] Thread 17829891 construct Actor kCollectiveBoxingGeneric 37391991570443
I1012 13:27:10.897641 48882 runtime_context.cpp:29] DecreaseCounter constructing_actor_cnt, current val is 183
I1012 13:27:10.897650 48886 runtime_context.cpp:29] DecreaseCounter constructing_actor_cnt, current val is 182
I1012 13:27:10.897709 48891 naive_actor.cpp:25] actor 36283890008069 switch to &NaiveActor::HandlerNormal
I1012 13:27:10.897750 48891 thread.cpp:96] Thread 17301507 construct Actor kTick 36283890008069
I1012 13:27:10.897755 48886 naive_actor.cpp:25] actor 37391991570448 switch to &NaiveActor::HandlerNormal
I1012 13:27:10.897801 48886 thread.cpp:96] Thread 17829891 construct Actor kCollectiveBoxingGeneric 37391991570448
I1012 13:27:10.897811 48891 runtime_context.cpp:29] DecreaseCounter constructing_actor_cnt, current val is 181
I1012 13:27:10.897823 48886 runtime_context.cpp:29] DecreaseCounter constructing_actor_cnt, current val is 180
I1012 13:27:10.897965 48886 naive_actor.cpp:25] actor 37391991570446 switch to &NaiveActor::HandlerNormal
I1012 13:27:10.898008 48886 thread.cpp:96] Thread 17829891 construct Actor kCollectiveBoxingGeneric 37391991570446
I1012 13:27:10.898052 48886 runtime_context.cpp:29] DecreaseCounter constructing_actor_cnt, current val is 179
I1012 13:27:10.898155 48886 naive_actor.cpp:25] actor 37391991570439 switch to &NaiveActor::HandlerNormal
I1012 13:27:10.898106 48891 naive_actor.cpp:25] actor 36283890008064 switch to &NaiveActor::HandlerNormal
I1012 13:27:10.898238 48886 thread.cpp:96] Thread 17829891 construct Actor kCollectiveBoxingGeneric 37391991570439
I1012 13:27:10.898393 48891 thread.cpp:96] Thread 17301507 construct Actor kDeviceTick 36283890008064
I1012 13:27:10.898433 48882 naive_actor.cpp:25] actor 37391985278983 switch to &NaiveActor::HandlerNormal
I1012 13:27:10.898480 48886 runtime_context.cpp:29] DecreaseCounter constructing_actor_cnt, current val is 178
I1012 13:27:10.898587 48891 runtime_context.cpp:29] DecreaseCounter constructing_actor_cnt, current val is 177
I1012 13:27:10.898597 48882 thread.cpp:96] Thread 17829888 construct Actor kNormalForward 37391985278983
I1012 13:27:10.898705 48886 naive_actor.cpp:25] actor 37391991570447 switch to &NaiveActor::HandlerNormal
I1012 13:27:10.898727 48882 runtime_context.cpp:29] DecreaseCounter constructing_actor_cnt, current val is 176
I1012 13:27:10.898752 48886 thread.cpp:96] Thread 17829891 construct Actor kCollectiveBoxingGeneric 37391991570447
I1012 13:27:10.898928 48886 runtime_context.cpp:29] DecreaseCounter constructing_actor_cnt, current val is 175
I1012 13:27:10.898937 48883 naive_actor.cpp:25] actor 36283883716608 switch to &NaiveActor::HandlerNormal
I1012 13:27:10.899085 48883 thread.cpp:96] Thread 17301504 construct Actor kNormalForward 36283883716608
I1012 13:27:10.899092 48882 naive_actor.cpp:25] actor 37391985278992 switch to &NaiveActor::HandlerNormal
I1012 13:27:10.899120 48886 naive_actor.cpp:25] actor 37391991570433 switch to &NaiveActor::HandlerNormal
I1012 13:27:10.899178 48882 thread.cpp:96] Thread 17829888 construct Actor kNormalForward 37391985278992
I1012 13:27:10.899183 48883 runtime_context.cpp:29] DecreaseCounter constructing_actor_cnt, current val is 174
I1012 13:27:10.899204 48886 thread.cpp:96] Thread 17829891 construct Actor kCollectiveBoxingGeneric 37391991570433
I1012 13:27:10.899271 48882 runtime_context.cpp:29] DecreaseCounter constructing_actor_cnt, current val is 173
I1012 13:27:10.899288 48886 runtime_context.cpp:29] DecreaseCounter constructing_actor_cnt, current val is 172
I1012 13:27:10.899435 48886 naive_actor.cpp:25] actor 37391991570449 switch to &NaiveActor::HandlerNormal
I1012 13:27:10.899480 48886 thread.cpp:96] Thread 17829891 construct Actor kCollectiveBoxingGeneric 37391991570449
I1012 13:27:10.899533 48886 runtime_context.cpp:29] DecreaseCounter constructing_actor_cnt, current val is 171
I1012 13:27:10.899658 48886 naive_actor.cpp:25] actor 37391991570437 switch to &NaiveActor::HandlerNormal
I1012 13:27:10.899744 48886 thread.cpp:96] Thread 17829891 construct Actor kCollectiveBoxingGeneric 37391991570437
I1012 13:27:10.899775 48886 runtime_context.cpp:29] DecreaseCounter constructing_actor_cnt, current val is 170
I1012 13:27:10.899873 48886 naive_actor.cpp:25] actor 37391991570438 switch to &NaiveActor::HandlerNormal
I1012 13:27:10.899888 48886 thread.cpp:96] Thread 17829891 construct Actor kCollectiveBoxingGeneric 37391991570438
I1012 13:27:10.899910 48886 runtime_context.cpp:29] DecreaseCounter constructing_actor_cnt, current val is 169
I1012 13:27:10.900005 48886 naive_actor.cpp:25] actor 37391991570444 switch to &NaiveActor::HandlerNormal
I1012 13:27:10.900028 48886 thread.cpp:96] Thread 17829891 construct Actor kCollectiveBoxingGeneric 37391991570444
I1012 13:27:10.900049 48886 runtime_context.cpp:29] DecreaseCounter constructing_actor_cnt, current val is 168
I1012 13:27:10.900071 48882 naive_actor.cpp:25] actor 37391985278994 switch to &NaiveActor::HandlerNormal
I1012 13:27:10.900110 48882 thread.cpp:96] Thread 17829888 construct Actor kNormalForward 37391985278994
I1012 13:27:10.900192 48882 runtime_context.cpp:29] DecreaseCounter constructing_actor_cnt, current val is 167
I1012 13:27:10.900213 48883 naive_actor.cpp:25] actor 36283883716610 switch to &NaiveActor::HandlerNormal
I1012 13:27:10.900279 48883 thread.cpp:96] Thread 17301504 construct Actor kNormalForward 36283883716610
I1012 13:27:10.900370 48883 runtime_context.cpp:29] DecreaseCounter constructing_actor_cnt, current val is 166
I1012 13:27:10.901010 48882 naive_actor.cpp:25] actor 37391985278986 switch to &NaiveActor::HandlerNormal
I1012 13:27:10.901064 48882 thread.cpp:96] Thread 17829888 construct Actor kNormalForward 37391985278986
I1012 13:27:10.901146 48882 runtime_context.cpp:29] DecreaseCounter constructing_actor_cnt, current val is 165
I1012 13:27:10.901465 48882 naive_actor.cpp:25] actor 37391985279010 switch to &NaiveActor::HandlerNormal
I1012 13:27:10.901501 48882 thread.cpp:96] Thread 17829888 construct Actor kNormalForward 37391985279010
I1012 13:27:10.901556 48882 runtime_context.cpp:29] DecreaseCounter constructing_actor_cnt, current val is 164
I1012 13:27:10.902299 48882 naive_actor.cpp:25] actor 37391985279034 switch to &NaiveActor::HandlerNormal
I1012 13:27:10.902336 48882 thread.cpp:96] Thread 17829888 construct Actor kNormalForward 37391985279034
I1012 13:27:10.902441 48882 runtime_context.cpp:29] DecreaseCounter constructing_actor_cnt, current val is 163
I1012 13:27:10.902745 48882 naive_actor.cpp:25] actor 37391985278990 switch to &NaiveActor::HandlerNormal
I1012 13:27:10.902875 48882 thread.cpp:96] Thread 17829888 construct Actor kNormalForward 37391985278990
I1012 13:27:10.902962 48882 runtime_context.cpp:29] DecreaseCounter constructing_actor_cnt, current val is 162
I1012 13:27:10.903246 48882 naive_actor.cpp:25] actor 37391985278995 switch to &NaiveActor::HandlerNormal
I1012 13:27:10.903276 48882 thread.cpp:96] Thread 17829888 construct Actor kNormalForward 37391985278995
I1012 13:27:10.903345 48882 runtime_context.cpp:29] DecreaseCounter constructing_actor_cnt, current val is 161
I1012 13:27:10.904024 48882 naive_actor.cpp:25] actor 37391985278989 switch to &NaiveActor::HandlerNormal
I1012 13:27:10.904072 48882 thread.cpp:96] Thread 17829888 construct Actor kNormalForward 37391985278989
I1012 13:27:10.904130 48882 runtime_context.cpp:29] DecreaseCounter constructing_actor_cnt, current val is 160
I1012 13:27:10.904821 48882 naive_actor.cpp:25] actor 37391985279019 switch to &NaiveActor::HandlerNormal
I1012 13:27:10.904868 48882 thread.cpp:96] Thread 17829888 construct Actor kNormalForward 37391985279019
I1012 13:27:10.904948 48882 runtime_context.cpp:29] DecreaseCounter constructing_actor_cnt, current val is 159
I1012 13:27:10.905228 48882 naive_actor.cpp:25] actor 37391985278987 switch to &NaiveActor::HandlerNormal
I1012 13:27:10.905270 48882 thread.cpp:96] Thread 17829888 construct Actor kNormalForward 37391985278987
I1012 13:27:10.905336 48882 runtime_context.cpp:29] DecreaseCounter constructing_actor_cnt, current val is 158
I1012 13:27:10.906129 48882 naive_actor.cpp:25] actor 37391985278993 switch to &NaiveActor::HandlerNormal
I1012 13:27:10.906159 48882 thread.cpp:96] Thread 17829888 construct Actor kNormalForward 37391985278993
I1012 13:27:10.906217 48882 runtime_context.cpp:29] DecreaseCounter constructing_actor_cnt, current val is 157
I1012 13:27:10.906518 48882 naive_actor.cpp:25] actor 37391985279017 switch to &NaiveActor::HandlerNormal
I1012 13:27:10.906546 48882 thread.cpp:96] Thread 17829888 construct Actor kNormalForward 37391985279017
I1012 13:27:10.906608 48882 runtime_context.cpp:29] DecreaseCounter constructing_actor_cnt, current val is 156
I1012 13:27:10.907444 48882 naive_actor.cpp:25] actor 37391985278978 switch to &NaiveActor::HandlerNormal
I1012 13:27:10.907491 48882 thread.cpp:96] Thread 17829888 construct Actor kNormalForward 37391985278978
I1012 13:27:10.907565 48882 runtime_context.cpp:29] DecreaseCounter constructing_actor_cnt, current val is 155
I1012 13:27:10.908231 48882 naive_actor.cpp:25] actor 37391985278979 switch to &NaiveActor::HandlerNormal
I1012 13:27:10.908279 48882 thread.cpp:96] Thread 17829888 construct Actor kNormalForward 37391985278979
I1012 13:27:10.908337 48882 runtime_context.cpp:29] DecreaseCounter constructing_actor_cnt, current val is 154
I1012 13:27:10.909037 48882 naive_actor.cpp:25] actor 37391985278984 switch to &NaiveActor::HandlerNormal
I1012 13:27:10.909087 48882 thread.cpp:96] Thread 17829888 construct Actor kNormalForward 37391985278984
I1012 13:27:10.909147 48882 runtime_context.cpp:29] DecreaseCounter constructing_actor_cnt, current val is 153
I1012 13:27:10.909847 48882 naive_actor.cpp:25] actor 37391985279003 switch to &NaiveActor::HandlerNormal
I1012 13:27:10.909893 48882 thread.cpp:96] Thread 17829888 construct Actor kNormalForward 37391985279003
I1012 13:27:10.909961 48882 runtime_context.cpp:29] DecreaseCounter constructing_actor_cnt, current val is 152
I1012 13:27:10.910629 48882 naive_actor.cpp:25] actor 37391985279008 switch to &NaiveActor::HandlerNormal
I1012 13:27:10.910677 48882 thread.cpp:96] Thread 17829888 construct Actor kNormalForward 37391985279008
I1012 13:27:10.910746 48882 runtime_context.cpp:29] DecreaseCounter constructing_actor_cnt, current val is 151
I1012 13:27:10.911412 48882 naive_actor.cpp:25] actor 37391985279027 switch to &NaiveActor::HandlerNormal
I1012 13:27:10.911466 48882 thread.cpp:96] Thread 17829888 construct Actor kNormalForward 37391985279027
I1012 13:27:10.911527 48882 runtime_context.cpp:29] DecreaseCounter constructing_actor_cnt, current val is 150
I1012 13:27:10.911862 48882 naive_actor.cpp:25] actor 37391985278981 switch to &NaiveActor::HandlerNormal
I1012 13:27:10.911908 48882 thread.cpp:96] Thread 17829888 construct Actor kNormalForward 37391985278981
I1012 13:27:10.911973 48882 runtime_context.cpp:29] DecreaseCounter constructing_actor_cnt, current val is 149
I1012 13:27:10.912242 48882 naive_actor.cpp:25] actor 37391985279000 switch to &NaiveActor::HandlerNormal
I1012 13:27:10.912286 48882 thread.cpp:96] Thread 17829888 construct Actor kNormalForward 37391985279000
I1012 13:27:10.912353 48882 runtime_context.cpp:29] DecreaseCounter constructing_actor_cnt, current val is 148
I1012 13:27:10.912636 48882 naive_actor.cpp:25] actor 37391985279012 switch to &NaiveActor::HandlerNormal
I1012 13:27:10.912662 48882 thread.cpp:96] Thread 17829888 construct Actor kNormalForward 37391985279012
I1012 13:27:10.912712 48882 runtime_context.cpp:29] DecreaseCounter constructing_actor_cnt, current val is 147
I1012 13:27:10.913434 48882 naive_actor.cpp:25] actor 37391985279021 switch to &NaiveActor::HandlerNormal
I1012 13:27:10.913482 48882 thread.cpp:96] Thread 17829888 construct Actor kNormalForward 37391985279021
I1012 13:27:10.913543 48882 runtime_context.cpp:29] DecreaseCounter constructing_actor_cnt, current val is 146
I1012 13:27:10.913810 48882 naive_actor.cpp:25] actor 37391985279007 switch to &NaiveActor::HandlerNormal
I1012 13:27:10.913853 48882 thread.cpp:96] Thread 17829888 construct Actor kNormalForward 37391985279007
I1012 13:27:10.913918 48882 runtime_context.cpp:29] DecreaseCounter constructing_actor_cnt, current val is 145
I1012 13:27:10.914582 48882 naive_actor.cpp:25] actor 37391985279031 switch to &NaiveActor::HandlerNormal
I1012 13:27:10.914626 48882 thread.cpp:96] Thread 17829888 construct Actor kNormalForward 37391985279031
I1012 13:27:10.914695 48882 runtime_context.cpp:29] DecreaseCounter constructing_actor_cnt, current val is 144
I1012 13:27:10.915346 48882 naive_actor.cpp:25] actor 37391985279018 switch to &NaiveActor::HandlerNormal
I1012 13:27:10.915391 48882 thread.cpp:96] Thread 17829888 construct Actor kNormalForward 37391985279018
I1012 13:27:10.915464 48882 runtime_context.cpp:29] DecreaseCounter constructing_actor_cnt, current val is 143
I1012 13:27:10.916123 48882 naive_actor.cpp:25] actor 37391985279050 switch to &NaiveActor::HandlerNormal
I1012 13:27:10.916167 48882 thread.cpp:96] Thread 17829888 construct Actor kNormalForward 37391985279050
I1012 13:27:10.916236 48882 runtime_context.cpp:29] DecreaseCounter constructing_actor_cnt, current val is 142
I1012 13:27:10.916841 48882 naive_actor.cpp:25] actor 37391985278999 switch to &NaiveActor::HandlerNormal
I1012 13:27:10.916887 48882 thread.cpp:96] Thread 17829888 construct Actor kNormalForward 37391985278999
I1012 13:27:10.916942 48882 runtime_context.cpp:29] DecreaseCounter constructing_actor_cnt, current val is 141
I1012 13:27:10.917563 48882 naive_actor.cpp:25] actor 37391985279014 switch to &NaiveActor::HandlerNormal
I1012 13:27:10.917606 48882 thread.cpp:96] Thread 17829888 construct Actor kNormalForward 37391985279014
I1012 13:27:10.917670 48882 runtime_context.cpp:29] DecreaseCounter constructing_actor_cnt, current val is 140
I1012 13:27:10.918308 48882 naive_actor.cpp:25] actor 37391985279013 switch to &NaiveActor::HandlerNormal
I1012 13:27:10.918354 48882 thread.cpp:96] Thread 17829888 construct Actor kNormalForward 37391985279013
I1012 13:27:10.918421 48882 runtime_context.cpp:29] DecreaseCounter constructing_actor_cnt, current val is 139
I1012 13:27:10.919054 48882 naive_actor.cpp:25] actor 37391985278998 switch to &NaiveActor::HandlerNormal
I1012 13:27:10.919100 48882 thread.cpp:96] Thread 17829888 construct Actor kNormalForward 37391985278998
I1012 13:27:10.919157 48882 runtime_context.cpp:29] DecreaseCounter constructing_actor_cnt, current val is 138
I1012 13:27:10.919848 48882 naive_actor.cpp:25] actor 37391985278980 switch to &NaiveActor::HandlerNormal
I1012 13:27:10.919894 48882 thread.cpp:96] Thread 17829888 construct Actor kNormalForward 37391985278980
I1012 13:27:10.920019 48882 runtime_context.cpp:29] DecreaseCounter constructing_actor_cnt, current val is 137
I1012 13:27:10.920315 48882 naive_actor.cpp:25] actor 37391985279022 switch to &NaiveActor::HandlerNormal
I1012 13:27:10.920361 48882 thread.cpp:96] Thread 17829888 construct Actor kNormalForward 37391985279022
I1012 13:27:10.920421 48882 runtime_context.cpp:29] DecreaseCounter constructing_actor_cnt, current val is 136
I1012 13:27:10.920706 48882 naive_actor.cpp:25] actor 37391985279002 switch to &NaiveActor::HandlerNormal
I1012 13:27:10.920747 48882 thread.cpp:96] Thread 17829888 construct Actor kNormalForward 37391985279002
I1012 13:27:10.920797 48882 runtime_context.cpp:29] DecreaseCounter constructing_actor_cnt, current val is 135
I1012 13:27:10.921521 48882 naive_actor.cpp:25] actor 37391985278991 switch to &NaiveActor::HandlerNormal
I1012 13:27:10.921548 48882 thread.cpp:96] Thread 17829888 construct Actor kNormalForward 37391985278991
I1012 13:27:10.921604 48882 runtime_context.cpp:29] DecreaseCounter constructing_actor_cnt, current val is 134
I1012 13:27:10.922286 48882 naive_actor.cpp:25] actor 37391985278982 switch to &NaiveActor::HandlerNormal
I1012 13:27:10.922360 48882 thread.cpp:96] Thread 17829888 construct Actor kNormalForward 37391985278982
I1012 13:27:10.922441 48882 runtime_context.cpp:29] DecreaseCounter constructing_actor_cnt, current val is 133
I1012 13:27:10.923182 48882 naive_actor.cpp:25] actor 37391985279059 switch to &NaiveActor::HandlerNormal
I1012 13:27:10.923228 48882 thread.cpp:96] Thread 17829888 construct Actor kNormalForward 37391985279059
I1012 13:27:10.923300 48882 runtime_context.cpp:29] DecreaseCounter constructing_actor_cnt, current val is 132
I1012 13:27:10.923949 48882 naive_actor.cpp:25] actor 37391985279024 switch to &NaiveActor::HandlerNormal
I1012 13:27:10.923993 48882 thread.cpp:96] Thread 17829888 construct Actor kNormalForward 37391985279024
I1012 13:27:10.924049 48882 runtime_context.cpp:29] DecreaseCounter constructing_actor_cnt, current val is 131
I1012 13:27:10.924752 48882 naive_actor.cpp:25] actor 37391985279036 switch to &NaiveActor::HandlerNormal
I1012 13:27:10.924795 48882 thread.cpp:96] Thread 17829888 construct Actor kNormalForward 37391985279036
I1012 13:27:10.924861 48882 runtime_context.cpp:29] DecreaseCounter constructing_actor_cnt, current val is 130
I1012 13:27:10.925583 48882 naive_actor.cpp:25] actor 37391985279052 switch to &NaiveActor::HandlerNormal
I1012 13:27:10.925618 48882 thread.cpp:96] Thread 17829888 construct Actor kNormalForward 37391985279052
I1012 13:27:10.925688 48882 runtime_context.cpp:29] DecreaseCounter constructing_actor_cnt, current val is 129
I1012 13:27:10.926451 48882 naive_actor.cpp:25] actor 37391985279061 switch to &NaiveActor::HandlerNormal
I1012 13:27:10.926498 48882 thread.cpp:96] Thread 17829888 construct Actor kNormalForward 37391985279061
I1012 13:27:10.926568 48882 runtime_context.cpp:29] DecreaseCounter constructing_actor_cnt, current val is 128
I1012 13:27:10.927251 48882 naive_actor.cpp:25] actor 37391985278996 switch to &NaiveActor::HandlerNormal
I1012 13:27:10.927299 48882 thread.cpp:96] Thread 17829888 construct Actor kNormalForward 37391985278996
I1012 13:27:10.927356 48882 runtime_context.cpp:29] DecreaseCounter constructing_actor_cnt, current val is 127
I1012 13:27:10.927994 48882 naive_actor.cpp:25] actor 37391985279074 switch to &NaiveActor::HandlerNormal
I1012 13:27:10.928037 48882 thread.cpp:96] Thread 17829888 construct Actor kNormalForward 37391985279074
I1012 13:27:10.928102 48882 runtime_context.cpp:29] DecreaseCounter constructing_actor_cnt, current val is 126
I1012 13:27:10.928719 48882 naive_actor.cpp:25] actor 37391985279023 switch to &NaiveActor::HandlerNormal
I1012 13:27:10.928745 48882 thread.cpp:96] Thread 17829888 construct Actor kNormalForward 37391985279023
I1012 13:27:10.928800 48882 runtime_context.cpp:29] DecreaseCounter constructing_actor_cnt, current val is 125
I1012 13:27:10.929066 48882 naive_actor.cpp:25] actor 37391985279038 switch to &NaiveActor::HandlerNormal
I1012 13:27:10.929136 48882 thread.cpp:96] Thread 17829888 construct Actor kNormalForward 37391985279038
I1012 13:27:10.929190 48882 runtime_context.cpp:29] DecreaseCounter constructing_actor_cnt, current val is 124
I1012 13:27:10.929817 48882 naive_actor.cpp:25] actor 37391985279058 switch to &NaiveActor::HandlerNormal
I1012 13:27:10.929862 48882 thread.cpp:96] Thread 17829888 construct Actor kNormalForward 37391985279058
I1012 13:27:10.929916 48882 runtime_context.cpp:29] DecreaseCounter constructing_actor_cnt, current val is 123
I1012 13:27:10.930544 48882 naive_actor.cpp:25] actor 37391985279062 switch to &NaiveActor::HandlerNormal
I1012 13:27:10.930588 48882 thread.cpp:96] Thread 17829888 construct Actor kNormalForward 37391985279062
I1012 13:27:10.930652 48882 runtime_context.cpp:29] DecreaseCounter constructing_actor_cnt, current val is 122
I1012 13:27:10.931277 48882 naive_actor.cpp:25] actor 37391985279037 switch to &NaiveActor::HandlerNormal
I1012 13:27:10.931320 48882 thread.cpp:96] Thread 17829888 construct Actor kNormalForward 37391985279037
I1012 13:27:10.931372 48882 runtime_context.cpp:29] DecreaseCounter constructing_actor_cnt, current val is 121
I1012 13:27:10.931635 48882 naive_actor.cpp:25] actor 37391985278985 switch to &NaiveActor::HandlerNormal
I1012 13:27:10.931675 48882 thread.cpp:96] Thread 17829888 construct Actor kNormalForward 37391985278985
I1012 13:27:10.931725 48882 runtime_context.cpp:29] DecreaseCounter constructing_actor_cnt, current val is 120
I1012 13:27:10.932390 48882 naive_actor.cpp:25] actor 37391985279060 switch to &NaiveActor::HandlerNormal
I1012 13:27:10.932438 48882 thread.cpp:96] Thread 17829888 construct Actor kNormalForward 37391985279060
I1012 13:27:10.932502 48882 runtime_context.cpp:29] DecreaseCounter constructing_actor_cnt, current val is 119
I1012 13:27:10.932739 48882 naive_actor.cpp:25] actor 37391985279041 switch to &NaiveActor::HandlerNormal
I1012 13:27:10.932780 48882 thread.cpp:96] Thread 17829888 construct Actor kNormalForward 37391985279041
I1012 13:27:10.932828 48882 runtime_context.cpp:29] DecreaseCounter constructing_actor_cnt, current val is 118
I1012 13:27:10.933383 48882 naive_actor.cpp:25] actor 37391985279004 switch to &NaiveActor::HandlerNormal
I1012 13:27:10.933415 48882 thread.cpp:96] Thread 17829888 construct Actor kNormalForward 37391985279004
I1012 13:27:10.933475 48882 runtime_context.cpp:29] DecreaseCounter constructing_actor_cnt, current val is 117
I1012 13:27:10.934156 48882 naive_actor.cpp:25] actor 37391985279084 switch to &NaiveActor::HandlerNormal
I1012 13:27:10.934198 48882 thread.cpp:96] Thread 17829888 construct Actor kNormalForward 37391985279084
I1012 13:27:10.934252 48882 runtime_context.cpp:29] DecreaseCounter constructing_actor_cnt, current val is 116
I1012 13:27:10.934835 48882 naive_actor.cpp:25] actor 37391985279026 switch to &NaiveActor::HandlerNormal
I1012 13:27:10.934878 48882 thread.cpp:96] Thread 17829888 construct Actor kNormalForward 37391985279026
I1012 13:27:10.934931 48882 runtime_context.cpp:29] DecreaseCounter constructing_actor_cnt, current val is 115
I1012 13:27:10.935529 48882 naive_actor.cpp:25] actor 37391985279042 switch to &NaiveActor::HandlerNormal
I1012 13:27:10.935571 48882 thread.cpp:96] Thread 17829888 construct Actor kNormalForward 37391985279042
I1012 13:27:10.935623 48882 runtime_context.cpp:29] DecreaseCounter constructing_actor_cnt, current val is 114
I1012 13:27:10.936182 48882 naive_actor.cpp:25] actor 37391985279032 switch to &NaiveActor::HandlerNormal
I1012 13:27:10.936224 48882 thread.cpp:96] Thread 17829888 construct Actor kNormalForward 37391985279032
I1012 13:27:10.936287 48882 runtime_context.cpp:29] DecreaseCounter constructing_actor_cnt, current val is 113
I1012 13:27:10.936553 48882 naive_actor.cpp:25] actor 37391985278977 switch to &NaiveActor::HandlerNormal
I1012 13:27:10.936592 48882 thread.cpp:96] Thread 17829888 construct Actor kNormalForward 37391985278977
I1012 13:27:10.936642 48882 runtime_context.cpp:29] DecreaseCounter constructing_actor_cnt, current val is 112
I1012 13:27:10.937440 48882 naive_actor.cpp:25] actor 37391985279006 switch to &NaiveActor::HandlerNormal
I1012 13:27:10.937489 48882 thread.cpp:96] Thread 17829888 construct Actor kNormalForward 37391985279006
I1012 13:27:10.937544 48882 runtime_context.cpp:29] DecreaseCounter constructing_actor_cnt, current val is 111
I1012 13:27:10.937810 48882 naive_actor.cpp:25] actor 37391985279005 switch to &NaiveActor::HandlerNormal
I1012 13:27:10.937849 48882 thread.cpp:96] Thread 17829888 construct Actor kNormalForward 37391985279005
I1012 13:27:10.937898 48882 runtime_context.cpp:29] DecreaseCounter constructing_actor_cnt, current val is 110
I1012 13:27:10.938611 48882 naive_actor.cpp:25] actor 37391985279083 switch to &NaiveActor::HandlerNormal
I1012 13:27:10.938653 48882 thread.cpp:96] Thread 17829888 construct Actor kNormalForward 37391985279083
I1012 13:27:10.938709 48882 runtime_context.cpp:29] DecreaseCounter constructing_actor_cnt, current val is 109
I1012 13:27:10.939330 48882 naive_actor.cpp:25] actor 37391985279016 switch to &NaiveActor::HandlerNormal
I1012 13:27:10.939373 48882 thread.cpp:96] Thread 17829888 construct Actor kNormalForward 37391985279016
I1012 13:27:10.939435 48882 runtime_context.cpp:29] DecreaseCounter constructing_actor_cnt, current val is 108
I1012 13:27:10.940066 48882 naive_actor.cpp:25] actor 37391985279076 switch to &NaiveActor::HandlerNormal
I1012 13:27:10.940109 48882 thread.cpp:96] Thread 17829888 construct Actor kNormalForward 37391985279076
I1012 13:27:10.940161 48882 runtime_context.cpp:29] DecreaseCounter constructing_actor_cnt, current val is 107
I1012 13:27:10.940749 48882 naive_actor.cpp:25] actor 37391985279047 switch to &NaiveActor::HandlerNormal
I1012 13:27:10.940775 48882 thread.cpp:96] Thread 17829888 construct Actor kNormalForward 37391985279047
I1012 13:27:10.940838 48882 runtime_context.cpp:29] DecreaseCounter constructing_actor_cnt, current val is 106
I1012 13:27:10.941483 48882 naive_actor.cpp:25] actor 37391985279085 switch to &NaiveActor::HandlerNormal
I1012 13:27:10.941515 48882 thread.cpp:96] Thread 17829888 construct Actor kNormalForward 37391985279085
I1012 13:27:10.941565 48882 runtime_context.cpp:29] DecreaseCounter constructing_actor_cnt, current val is 105
I1012 13:27:10.942178 48882 naive_actor.cpp:25] actor 37391985279049 switch to &NaiveActor::HandlerNormal
I1012 13:27:10.942209 48882 thread.cpp:96] Thread 17829888 construct Actor kNormalForward 37391985279049
I1012 13:27:10.942256 48882 runtime_context.cpp:29] DecreaseCounter constructing_actor_cnt, current val is 104
I1012 13:27:10.942493 48882 naive_actor.cpp:25] actor 37391985279109 switch to &NaiveActor::HandlerNormal
I1012 13:27:10.942534 48882 thread.cpp:96] Thread 17829888 construct Actor kNormalForward 37391985279109
I1012 13:27:10.942580 48882 runtime_context.cpp:29] DecreaseCounter constructing_actor_cnt, current val is 103
I1012 13:27:10.943198 48882 naive_actor.cpp:25] actor 37391985279073 switch to &NaiveActor::HandlerNormal
I1012 13:27:10.943239 48882 thread.cpp:96] Thread 17829888 construct Actor kNormalForward 37391985279073
I1012 13:27:10.943291 48882 runtime_context.cpp:29] DecreaseCounter constructing_actor_cnt, current val is 102
I1012 13:27:10.943548 48882 naive_actor.cpp:25] actor 37391985279020 switch to &NaiveActor::HandlerNormal
I1012 13:27:10.943588 48882 thread.cpp:96] Thread 17829888 construct Actor kNormalForward 37391985279020
I1012 13:27:10.943634 48882 runtime_context.cpp:29] DecreaseCounter constructing_actor_cnt, current val is 101
I1012 13:27:10.944218 48882 naive_actor.cpp:25] actor 37391985279098 switch to &NaiveActor::HandlerNormal
I1012 13:27:10.944259 48882 thread.cpp:96] Thread 17829888 construct Actor kNormalForward 37391985279098
I1012 13:27:10.944321 48882 runtime_context.cpp:29] DecreaseCounter constructing_actor_cnt, current val is 100
I1012 13:27:10.944919 48882 naive_actor.cpp:25] actor 37391985279082 switch to &NaiveActor::HandlerNormal
I1012 13:27:10.944962 48882 thread.cpp:96] Thread 17829888 construct Actor kNormalForward 37391985279082
I1012 13:27:10.945048 48882 runtime_context.cpp:29] DecreaseCounter constructing_actor_cnt, current val is 99
I1012 13:27:10.945793 48882 naive_actor.cpp:25] actor 37391985279086 switch to &NaiveActor::HandlerNormal
I1012 13:27:10.945837 48882 thread.cpp:96] Thread 17829888 construct Actor kNormalForward 37391985279086
I1012 13:27:10.945904 48882 runtime_context.cpp:29] DecreaseCounter constructing_actor_cnt, current val is 98
I1012 13:27:10.946609 48882 naive_actor.cpp:25] actor 37391985279053 switch to &NaiveActor::HandlerNormal
I1012 13:27:10.946651 48882 thread.cpp:96] Thread 17829888 construct Actor kNormalForward 37391985279053
I1012 13:27:10.946705 48882 runtime_context.cpp:29] DecreaseCounter constructing_actor_cnt, current val is 97
I1012 13:27:10.947316 48882 naive_actor.cpp:25] actor 37391985279077 switch to &NaiveActor::HandlerNormal
I1012 13:27:10.947358 48882 thread.cpp:96] Thread 17829888 construct Actor kNormalForward 37391985279077
I1012 13:27:10.947422 48882 runtime_context.cpp:29] DecreaseCounter constructing_actor_cnt, current val is 96
I1012 13:27:10.948077 48882 naive_actor.cpp:25] actor 37391985279011 switch to &NaiveActor::HandlerNormal
I1012 13:27:10.948102 48882 thread.cpp:96] Thread 17829888 construct Actor kNormalForward 37391985279011
I1012 13:27:10.948150 48882 runtime_context.cpp:29] DecreaseCounter constructing_actor_cnt, current val is 95
I1012 13:27:10.948704 48882 naive_actor.cpp:25] actor 37391985279046 switch to &NaiveActor::HandlerNormal
I1012 13:27:10.948746 48882 thread.cpp:96] Thread 17829888 construct Actor kNormalForward 37391985279046
I1012 13:27:10.948809 48882 runtime_context.cpp:29] DecreaseCounter constructing_actor_cnt, current val is 94
I1012 13:27:10.949333 48882 naive_actor.cpp:25] actor 37391985279009 switch to &NaiveActor::HandlerNormal
I1012 13:27:10.949373 48882 thread.cpp:96] Thread 17829888 construct Actor kNormalForward 37391985279009
I1012 13:27:10.949438 48882 runtime_context.cpp:29] DecreaseCounter constructing_actor_cnt, current val is 93
I1012 13:27:10.950019 48882 naive_actor.cpp:25] actor 37391985279033 switch to &NaiveActor::HandlerNormal
I1012 13:27:10.950049 48882 thread.cpp:96] Thread 17829888 construct Actor kNormalForward 37391985279033
I1012 13:27:10.950096 48882 runtime_context.cpp:29] DecreaseCounter constructing_actor_cnt, current val is 92
I1012 13:27:10.950757 48882 naive_actor.cpp:25] actor 37391985279108 switch to &NaiveActor::HandlerNormal
I1012 13:27:10.950791 48882 thread.cpp:96] Thread 17829888 construct Actor kNormalForward 37391985279108
I1012 13:27:10.950840 48882 runtime_context.cpp:29] DecreaseCounter constructing_actor_cnt, current val is 91
I1012 13:27:10.951066 48882 naive_actor.cpp:25] actor 37391985279015 switch to &NaiveActor::HandlerNormal
I1012 13:27:10.951104 48882 thread.cpp:96] Thread 17829888 construct Actor kNormalForward 37391985279015
I1012 13:27:10.951149 48882 runtime_context.cpp:29] DecreaseCounter constructing_actor_cnt, current val is 90
I1012 13:27:10.951743 48882 naive_actor.cpp:25] actor 37391985279066 switch to &NaiveActor::HandlerNormal
I1012 13:27:10.951783 48882 thread.cpp:96] Thread 17829888 construct Actor kNormalForward 37391985279066
I1012 13:27:10.951833 48882 runtime_context.cpp:29] DecreaseCounter constructing_actor_cnt, current val is 89
I1012 13:27:10.952455 48882 naive_actor.cpp:25] actor 37391985279090 switch to &NaiveActor::HandlerNormal
I1012 13:27:10.952497 48882 thread.cpp:96] Thread 17829888 construct Actor kNormalForward 37391985279090
I1012 13:27:10.952548 48882 runtime_context.cpp:29] DecreaseCounter constructing_actor_cnt, current val is 88
I1012 13:27:10.953102 48882 naive_actor.cpp:25] actor 37391985279030 switch to &NaiveActor::HandlerNormal
I1012 13:27:10.953141 48882 thread.cpp:96] Thread 17829888 construct Actor kNormalForward 37391985279030
I1012 13:27:10.953189 48882 runtime_context.cpp:29] DecreaseCounter constructing_actor_cnt, current val is 87
I1012 13:27:10.953791 48882 naive_actor.cpp:25] actor 37391985279001 switch to &NaiveActor::HandlerNormal
I1012 13:27:10.953830 48882 thread.cpp:96] Thread 17829888 construct Actor kNormalForward 37391985279001
I1012 13:27:10.953963 48882 runtime_context.cpp:29] DecreaseCounter constructing_actor_cnt, current val is 86
I1012 13:27:10.954629 48882 naive_actor.cpp:25] actor 37391985279029 switch to &NaiveActor::HandlerNormal
I1012 13:27:10.954669 48882 thread.cpp:96] Thread 17829888 construct Actor kNormalForward 37391985279029
I1012 13:27:10.954720 48882 runtime_context.cpp:29] DecreaseCounter constructing_actor_cnt, current val is 85
I1012 13:27:10.955374 48882 naive_actor.cpp:25] actor 37391985279043 switch to &NaiveActor::HandlerNormal
I1012 13:27:10.955399 48882 thread.cpp:96] Thread 17829888 construct Actor kNormalForward 37391985279043
I1012 13:27:10.955456 48882 runtime_context.cpp:29] DecreaseCounter constructing_actor_cnt, current val is 84
I1012 13:27:10.955986 48882 naive_actor.cpp:25] actor 37391985279044 switch to &NaiveActor::HandlerNormal
I1012 13:27:10.956017 48882 thread.cpp:96] Thread 17829888 construct Actor kNormalForward 37391985279044
I1012 13:27:10.956064 48882 runtime_context.cpp:29] DecreaseCounter constructing_actor_cnt, current val is 83
I1012 13:27:10.956614 48882 naive_actor.cpp:25] actor 37391985279054 switch to &NaiveActor::HandlerNormal
I1012 13:27:10.956656 48882 thread.cpp:96] Thread 17829888 construct Actor kNormalForward 37391985279054
I1012 13:27:10.956705 48882 runtime_context.cpp:29] DecreaseCounter constructing_actor_cnt, current val is 82
I1012 13:27:10.957300 48882 naive_actor.cpp:25] actor 37391985279100 switch to &NaiveActor::HandlerNormal
I1012 13:27:10.957342 48882 thread.cpp:96] Thread 17829888 construct Actor kNormalForward 37391985279100
I1012 13:27:10.957392 48882 runtime_context.cpp:29] DecreaseCounter constructing_actor_cnt, current val is 81
I1012 13:27:10.958035 48882 naive_actor.cpp:25] actor 37391985279056 switch to &NaiveActor::HandlerNormal
I1012 13:27:10.958077 48882 thread.cpp:96] Thread 17829888 construct Actor kNormalForward 37391985279056
I1012 13:27:10.958138 48882 runtime_context.cpp:29] DecreaseCounter constructing_actor_cnt, current val is 80
I1012 13:27:10.958799 48882 naive_actor.cpp:25] actor 37391985279071 switch to &NaiveActor::HandlerNormal
I1012 13:27:10.958842 48882 thread.cpp:96] Thread 17829888 construct Actor kNormalForward 37391985279071
I1012 13:27:10.958894 48882 runtime_context.cpp:29] DecreaseCounter constructing_actor_cnt, current val is 79
I1012 13:27:10.959525 48882 naive_actor.cpp:25] actor 37391985279063 switch to &NaiveActor::HandlerNormal
I1012 13:27:10.959566 48882 thread.cpp:96] Thread 17829888 construct Actor kNormalForward 37391985279063
I1012 13:27:10.959619 48882 runtime_context.cpp:29] DecreaseCounter constructing_actor_cnt, current val is 78
I1012 13:27:10.959843 48882 naive_actor.cpp:25] actor 37391985279133 switch to &NaiveActor::HandlerNormal
I1012 13:27:10.959887 48882 thread.cpp:96] Thread 17829888 construct Actor kNormalForward 37391985279133
I1012 13:27:10.959931 48882 runtime_context.cpp:29] DecreaseCounter constructing_actor_cnt, current val is 77
I1012 13:27:10.960518 48882 naive_actor.cpp:25] actor 37391985279087 switch to &NaiveActor::HandlerNormal
I1012 13:27:10.960562 48882 thread.cpp:96] Thread 17829888 construct Actor kNormalForward 37391985279087
I1012 13:27:10.960609 48882 runtime_context.cpp:29] DecreaseCounter constructing_actor_cnt, current val is 76
I1012 13:27:10.961203 48882 naive_actor.cpp:25] actor 37391985279055 switch to &NaiveActor::HandlerNormal
I1012 13:27:10.961241 48882 thread.cpp:96] Thread 17829888 construct Actor kNormalForward 37391985279055
I1012 13:27:10.961302 48882 runtime_context.cpp:29] DecreaseCounter constructing_actor_cnt, current val is 75
I1012 13:27:10.961978 48882 naive_actor.cpp:25] actor 37391985279079 switch to &NaiveActor::HandlerNormal
I1012 13:27:10.962018 48882 thread.cpp:96] Thread 17829888 construct Actor kNormalForward 37391985279079
I1012 13:27:10.962070 48882 runtime_context.cpp:29] DecreaseCounter constructing_actor_cnt, current val is 74
I1012 13:27:10.962730 48882 naive_actor.cpp:25] actor 37391985279064 switch to &NaiveActor::HandlerNormal
I1012 13:27:10.962779 48882 thread.cpp:96] Thread 17829888 construct Actor kNormalForward 37391985279064
I1012 13:27:10.962834 48882 runtime_context.cpp:29] DecreaseCounter constructing_actor_cnt, current val is 73
I1012 13:27:10.963515 48882 naive_actor.cpp:25] actor 37391985279122 switch to &NaiveActor::HandlerNormal
I1012 13:27:10.963547 48882 thread.cpp:96] Thread 17829888 construct Actor kNormalForward 37391985279122
I1012 13:27:10.963598 48882 runtime_context.cpp:29] DecreaseCounter constructing_actor_cnt, current val is 72
I1012 13:27:10.964190 48882 naive_actor.cpp:25] actor 37391985279048 switch to &NaiveActor::HandlerNormal
I1012 13:27:10.964213 48882 thread.cpp:96] Thread 17829888 construct Actor kNormalForward 37391985279048
