Log file created at: 2021/10/13 17:06:32
Running on machine: oneflow-14
Log line format: [IWEF]mmdd hh:mm:ss.uuuuuu threadid file:line] msg
I1013 17:06:32.211356 10379 global.h:36] NewGlobal 14cudaDeviceProp
I1013 17:06:32.236390 10379 global.h:36] NewGlobal N7oneflow7EnvDescE
I1013 17:06:32.236428 10379 global.h:36] NewGlobal N7oneflow10ProcessCtxE
I1013 17:06:32.236441 10379 env_global_objects_scope.cpp:159] using rpc backend: gRPC
I1013 17:06:32.236446 10379 global.h:36] NewGlobal N7oneflow10CtrlServerE
I1013 17:06:32.237274 10379 ctrl_server.cpp:40] CtrlServer listening on 0.0.0.0:35644
I1013 17:06:32.237434 10379 rank_info_bootstrap_server.cpp:47] RankInfoBootstrapServer listening on 0.0.0.0:29500
I1013 17:06:32.238601 10379 rpc_client.cpp:187] LoadServer 127.0.0.1 Successful at 0 times
I1013 17:06:42.174510 10379 ctrl_bootstrap.cpp:76] 
ctrl_addr {
  host: "127.0.0.1"
  port: 35644
}
ctrl_addr {
  host: "127.0.0.1"
  port: 33005
}
rank: 0
node_size: 1
I1013 17:06:42.177191 10379 rpc_client.cpp:187] LoadServer 127.0.0.1 Successful at 0 times
I1013 17:06:42.178256 10379 rpc_client.cpp:187] LoadServer 127.0.0.1 Successful at 0 times
I1013 17:06:42.178401 10379 global.h:36] NewGlobal N7oneflow12ResourceDescE
I1013 17:06:42.178429 10379 global.h:36] NewGlobal N7oneflow12ResourceDescE
I1013 17:06:42.360783 10379 global.h:36] NewGlobal N7oneflow10ThreadPoolE
I1013 17:06:42.362380 10379 global.h:36] NewGlobal N7oneflow16EagerNcclCommMgrE
I1013 17:06:42.362397 10379 global.h:36] NewGlobal N7oneflow18CudnnConvAlgoCacheE
I1013 17:06:42.362406 10379 global.h:36] NewGlobal N7oneflow2vm19VirtualMachineScopeE
I1013 17:06:42.362416 10379 global.h:36] NewGlobal N7oneflow9OneflowVME
I1013 17:06:42.363077 10379 oneflow_vm.cpp:75] transport stream type: N7oneflow2vm13CpuStreamTypeE
I1013 17:06:42.363098 10379 oneflow_vm.cpp:75] transport stream type: N7oneflow2vm14CudaStreamTypeE
I1013 17:06:42.363106 10379 oneflow_vm.cpp:75] transport stream type: N7oneflow2vm19AsyncCudaStreamTypeE
I1013 17:06:42.363366 10379 global.h:36] NewGlobal N7oneflow27EagerJobBuildAndInferCtxMgrE
I1013 17:06:42.363406 10379 global.h:36] NewGlobal N7oneflow12EpollCommNetE
I1013 17:06:42.363577 10379 epoll_comm_network.cpp:63] CommNet:Epoll listening on 0.0.0.0:38994
I1013 17:06:42.366117 10379 epoll_comm_network.cpp:197] machine 0 sockfd -1
I1013 17:06:42.366140 10379 epoll_comm_network.cpp:197] machine 1 sockfd 42
I1013 17:06:42.366715 10379 global.h:36] NewGlobal N7oneflow9TransportE
I1013 17:06:42.366904 10379 global.h:36] NewGlobal N7oneflow25MultiClientSessionContextE
I1013 17:06:45.506359 10819 eager_nccl_comm_manager.cpp:69]  EagerNcclCommMgr::ncclCommInitRank device_vec.size() = 2, nccl_unique_id = 0200ffffffa6090b0b010e000000000000000000000000000000000000000000000000000000000000000000000000000000000000000000000000000000000000000000000000000000000000000000000000000000000000000000000000000000000000000000000000000000000000000000000000000000000000000000000000, rank = 0, key = {eager_nccl_unique_id_rpc_key,0:0,1:1}
I1013 17:06:45.995812 10379 version.cpp:22] OneFlow git version: b295ca2324
I1013 17:06:45.995915 10379 device_register_gpu.cpp:56] CUDA runtime version: 11.2
I1013 17:06:45.995950 10379 device_register_gpu.cpp:65] cuDNN version: 8.1.1
I1013 17:06:45.995959 10379 device_register_gpu.cpp:78] NCCL version: 2.9.8
I1013 17:06:45.995967 10379 global.h:43] DeleteGlobal N7oneflow12ResourceDescE
I1013 17:06:45.995986 10379 global.h:36] NewGlobal N7oneflow12ResourceDescE
I1013 17:06:45.995995 10379 global.h:36] NewGlobal N7oneflow5IDMgrE
I1013 17:06:45.996002 10379 global.h:36] NewGlobal N7oneflow26LazyJobBuildAndInferCtxMgrE
I1013 17:06:45.996011 10379 global.h:36] NewGlobal N7oneflow9BufferMgrISt10shared_ptrINS_11JobInstanceEEEE
I1013 17:06:45.996016 10379 global.h:36] NewGlobal N7oneflow10RuntimeCtxE
I1013 17:06:45.996021 10379 global.h:36] NewGlobal N7oneflow15MemoryAllocatorE
I1013 17:06:45.996027 10379 global.h:36] NewGlobal N7oneflow8ChunkMgrE
I1013 17:06:45.996032 10379 global.h:36] NewGlobal N7oneflow8RegstMgrE
I1013 17:06:45.996037 10379 global.h:36] NewGlobal N7oneflow11ActorMsgBusE
I1013 17:06:45.996129 10379 global.h:36] NewGlobal N7oneflow9ThreadMgrE
I1013 17:06:45.996155 10379 global.h:36] NewGlobal N7oneflow15RuntimeJobDescsE
I1013 17:06:45.996163 10379 global.h:36] NewGlobal N7oneflow7summary12EventsWriterE
I1013 17:06:45.996202 10379 global.h:36] NewGlobal N7oneflow6boxing10collective24CollectiveBoxingExecutorE
I1013 17:06:45.996213 10379 global.h:36] NewGlobal N7oneflow6boxing10collective31CollectiveBoxingDeviceCtxPollerE
I1013 17:06:46.000985 10379 global.h:36] NewGlobal N7oneflow7JobDescE
I1013 17:06:46.173429 10379 global.h:43] DeleteGlobal N7oneflow7JobDescE
I1013 17:06:46.173591 10379 global.h:36] NewGlobal N7oneflow7JobDescE
I1013 17:06:46.563230 10379 global.h:43] DeleteGlobal N7oneflow7JobDescE
I1013 17:06:46.603402 10379 global.h:36] NewGlobal N7oneflow7JobDescE
I1013 17:06:46.992904 10379 global.h:36] NewGlobal N7oneflow7OpGraphE
I1013 17:06:47.119844 10379 global.h:43] DeleteGlobal N7oneflow7OpGraphE
I1013 17:06:47.137352 10379 nn_graph.cpp:241] 
job_id: 0 , job_name: WideAndDeepTrainGraph_0 , compile time: 0.533859 seconds.
I1013 17:06:47.139528 10379 plan_util.cpp:928]  Plan: WideAndDeepTrainGraph_0 needs to allocate [ 1107.1 MiB ] device memory in Rank: 1 , Device: 1
I1013 17:06:47.139557 10379 plan_util.cpp:928]  Plan: WideAndDeepTrainGraph_0 needs to allocate [ 1107.1 MiB ] device memory in Rank: 0 , Device: 0
I1013 17:06:48.089143 10379 runtime_context.cpp:21] NewCounter constructing_actor_cnt 237
I1013 17:06:48.089738 11052 naive_actor.cpp:25] actor 1099517919235 switch to &NaiveActor::HandlerNormal
I1013 17:06:48.090009 11059 wait_and_send_ids_actor.cpp:53] actor 1099520016384 switch to &WaitAndSendIdsActor::HandlerWaitToStart
I1013 17:06:48.090171 11049 naive_actor.cpp:25] actor 2199023255745 switch to &NaiveActor::HandlerNormal
I1013 17:06:48.089887 11052 thread.cpp:96] Thread 524291 construct Actor kDeviceTick 1099517919235
I1013 17:06:48.090121 11059 thread.cpp:96] Thread 524292 construct Actor kWaitAndSendIds 1099520016384
I1013 17:06:48.090243 11049 thread.cpp:96] Thread 1048576 construct Actor kDeviceTick 2199023255745
I1013 17:06:48.090366 11059 runtime_context.cpp:29] DecreaseCounter constructing_actor_cnt, current val is 235
I1013 17:06:48.090368 11052 runtime_context.cpp:29] DecreaseCounter constructing_actor_cnt, current val is 236
I1013 17:06:48.090417 11049 runtime_context.cpp:29] DecreaseCounter constructing_actor_cnt, current val is 234
I1013 17:06:48.097978 11055 naive_actor.cpp:25] actor 2199025352704 switch to &NaiveActor::HandlerNormal
I1013 17:06:48.098047 11055 thread.cpp:96] Thread 1048577 construct Actor kCopyHd 2199025352704
I1013 17:06:48.098143 11058 sink_actor.cpp:21] actor 1099522113536 switch to &SinkActor::HandlerNormal
I1013 17:06:48.098302 11058 thread.cpp:96] Thread 524293 construct Actor kCallbackNotify 1099522113536
I1013 17:06:48.098258 11057 naive_actor.cpp:25] actor 2199029547012 switch to &NaiveActor::HandlerNormal
I1013 17:06:48.098377 11058 runtime_context.cpp:29] DecreaseCounter constructing_actor_cnt, current val is 232
I1013 17:06:48.098206 11052 naive_actor.cpp:25] actor 1099517919234 switch to &NaiveActor::HandlerNormal
I1013 17:06:48.098379 11057 thread.cpp:96] Thread 1048579 construct Actor kCollectiveBoxingGeneric 2199029547012
I1013 17:06:48.098208 11055 runtime_context.cpp:29] DecreaseCounter constructing_actor_cnt, current val is 233
I1013 17:06:48.098593 11052 thread.cpp:96] Thread 524291 construct Actor kSrcSubsetTick 1099517919234
I1013 17:06:48.098659 11057 runtime_context.cpp:29] DecreaseCounter constructing_actor_cnt, current val is 231
I1013 17:06:48.098870 11049 naive_actor.cpp:25] actor 2199023255552 switch to &NaiveActor::HandlerNormal
I1013 17:06:48.098860 11052 runtime_context.cpp:29] DecreaseCounter constructing_actor_cnt, current val is 230
I1013 17:06:48.098975 11055 naive_actor.cpp:25] actor 2199025352706 switch to &NaiveActor::HandlerNormal
I1013 17:06:48.098966 11049 thread.cpp:96] Thread 1048576 construct Actor kNormalForward 2199023255552
I1013 17:06:48.098974 11051 naive_actor.cpp:25] actor 1099513724928 switch to &NaiveActor::HandlerNormal
I1013 17:06:48.098891 11050 naive_actor.cpp:25] actor 1099511627777 switch to &NaiveActor::HandlerNormal
I1013 17:06:48.099300 11051 thread.cpp:96] Thread 524289 construct Actor kNormalForward 1099513724928
I1013 17:06:48.099129 11057 naive_actor.cpp:25] actor 2199029547011 switch to &NaiveActor::HandlerNormal
I1013 17:06:48.099139 11049 runtime_context.cpp:29] DecreaseCounter constructing_actor_cnt, current val is 229
I1013 17:06:48.099351 11050 thread.cpp:96] Thread 524288 construct Actor kNormalForward 1099511627777
I1013 17:06:48.099349 11052 naive_actor.cpp:25] actor 1099517919233 switch to &NaiveActor::HandlerNormal
I1013 17:06:48.099045 11055 thread.cpp:96] Thread 1048577 construct Actor kCopyHd 2199025352706
I1013 17:06:48.099474 11051 runtime_context.cpp:29] DecreaseCounter constructing_actor_cnt, current val is 228
I1013 17:06:48.099541 11057 thread.cpp:96] Thread 1048579 construct Actor kCollectiveBoxingGeneric 2199029547011
I1013 17:06:48.099735 11050 runtime_context.cpp:29] DecreaseCounter constructing_actor_cnt, current val is 227
I1013 17:06:48.099979 11057 runtime_context.cpp:29] DecreaseCounter constructing_actor_cnt, current val is 225
I1013 17:06:48.099799 11055 runtime_context.cpp:29] DecreaseCounter constructing_actor_cnt, current val is 226
I1013 17:06:48.099738 11052 thread.cpp:96] Thread 524291 construct Actor kDeviceTick 1099517919233
I1013 17:06:48.100224 11052 runtime_context.cpp:29] DecreaseCounter constructing_actor_cnt, current val is 224
I1013 17:06:48.100263 11057 naive_actor.cpp:25] actor 2199029547010 switch to &NaiveActor::HandlerNormal
I1013 17:06:48.100327 11055 naive_actor.cpp:25] actor 2199025352707 switch to &NaiveActor::HandlerNormal
I1013 17:06:48.100363 11057 thread.cpp:96] Thread 1048579 construct Actor kCollectiveBoxingGeneric 2199029547010
I1013 17:06:48.100425 11055 thread.cpp:96] Thread 1048577 construct Actor kCopyHd 2199025352707
I1013 17:06:48.100489 11057 runtime_context.cpp:29] DecreaseCounter constructing_actor_cnt, current val is 223
I1013 17:06:48.100534 11055 runtime_context.cpp:29] DecreaseCounter constructing_actor_cnt, current val is 222
I1013 17:06:48.100683 11052 naive_actor.cpp:25] actor 1099517919238 switch to &NaiveActor::HandlerNormal
I1013 17:06:48.100724 11055 naive_actor.cpp:25] actor 2199025352705 switch to &NaiveActor::HandlerNormal
I1013 17:06:48.100703 11057 naive_actor.cpp:25] actor 2199029547015 switch to &NaiveActor::HandlerNormal
I1013 17:06:48.100745 11052 thread.cpp:96] Thread 524291 construct Actor kTick 1099517919238
I1013 17:06:48.100790 11055 thread.cpp:96] Thread 1048577 construct Actor kCopyHd 2199025352705
I1013 17:06:48.100849 11051 naive_actor.cpp:25] actor 1099513724929 switch to &NaiveActor::HandlerNormal
I1013 17:06:48.100853 11057 thread.cpp:96] Thread 1048579 construct Actor kCollectiveBoxingGeneric 2199029547015
I1013 17:06:48.100857 11049 naive_actor.cpp:25] actor 2199023255555 switch to &NaiveActor::HandlerNormal
I1013 17:06:48.100945 11052 runtime_context.cpp:29] DecreaseCounter constructing_actor_cnt, current val is 221
I1013 17:06:48.100967 11055 runtime_context.cpp:29] DecreaseCounter constructing_actor_cnt, current val is 220
I1013 17:06:48.100996 11050 naive_actor.cpp:25] actor 1099511627778 switch to &NaiveActor::HandlerNormal
I1013 17:06:48.101006 11051 thread.cpp:96] Thread 524289 construct Actor kNormalForward 1099513724929
I1013 17:06:48.101065 11057 runtime_context.cpp:29] DecreaseCounter constructing_actor_cnt, current val is 219
I1013 17:06:48.101284 11055 naive_actor.cpp:25] actor 2199025352708 switch to &NaiveActor::HandlerNormal
I1013 17:06:48.101233 11050 thread.cpp:96] Thread 524288 construct Actor kNormalForward 1099511627778
I1013 17:06:48.101109 11049 thread.cpp:96] Thread 1048576 construct Actor kNormalForward 2199023255555
I1013 17:06:48.101317 11051 runtime_context.cpp:29] DecreaseCounter constructing_actor_cnt, current val is 218
I1013 17:06:48.101338 11055 thread.cpp:96] Thread 1048577 construct Actor kCopyHd 2199025352708
I1013 17:06:48.101428 11050 runtime_context.cpp:29] DecreaseCounter constructing_actor_cnt, current val is 217
I1013 17:06:48.101461 11057 naive_actor.cpp:25] actor 2199029547024 switch to &NaiveActor::HandlerNormal
I1013 17:06:48.101462 11052 naive_actor.cpp:25] actor 1099517919236 switch to &NaiveActor::HandlerNormal
I1013 17:06:48.101483 11049 runtime_context.cpp:29] DecreaseCounter constructing_actor_cnt, current val is 216
I1013 17:06:48.101547 11055 runtime_context.cpp:29] DecreaseCounter constructing_actor_cnt, current val is 215
I1013 17:06:48.101771 11051 naive_actor.cpp:25] actor 1099513724930 switch to &NaiveActor::HandlerNormal
I1013 17:06:48.101716 11052 thread.cpp:96] Thread 524291 construct Actor kTick 1099517919236
I1013 17:06:48.101662 11057 thread.cpp:96] Thread 1048579 construct Actor kCollectiveBoxingGeneric 2199029547024
I1013 17:06:48.101836 11051 thread.cpp:96] Thread 524289 construct Actor kNormalForward 1099513724930
I1013 17:06:48.101933 11052 runtime_context.cpp:29] DecreaseCounter constructing_actor_cnt, current val is 214
I1013 17:06:48.101960 11057 runtime_context.cpp:29] DecreaseCounter constructing_actor_cnt, current val is 213
I1013 17:06:48.102030 11051 runtime_context.cpp:29] DecreaseCounter constructing_actor_cnt, current val is 212
I1013 17:06:48.102223 11057 naive_actor.cpp:25] actor 2199029547016 switch to &NaiveActor::HandlerNormal
I1013 17:06:48.102291 11057 thread.cpp:96] Thread 1048579 construct Actor kCollectiveBoxingGeneric 2199029547016
I1013 17:06:48.102337 11052 naive_actor.cpp:25] actor 1099517919239 switch to &NaiveActor::HandlerNormal
I1013 17:06:48.102365 11057 runtime_context.cpp:29] DecreaseCounter constructing_actor_cnt, current val is 211
I1013 17:06:48.102399 11051 naive_actor.cpp:25] actor 1099513724932 switch to &NaiveActor::HandlerNormal
I1013 17:06:48.102406 11052 thread.cpp:96] Thread 524291 construct Actor kTick 1099517919239
I1013 17:06:48.102510 11051 thread.cpp:96] Thread 524289 construct Actor kNormalForward 1099513724932
I1013 17:06:48.102617 11052 runtime_context.cpp:29] DecreaseCounter constructing_actor_cnt, current val is 210
I1013 17:06:48.102653 11051 runtime_context.cpp:29] DecreaseCounter constructing_actor_cnt, current val is 209
I1013 17:06:48.102721 11057 naive_actor.cpp:25] actor 2199029547009 switch to &NaiveActor::HandlerNormal
I1013 17:06:48.102773 11057 thread.cpp:96] Thread 1048579 construct Actor kCollectiveBoxingGeneric 2199029547009
I1013 17:06:48.102850 11057 runtime_context.cpp:29] DecreaseCounter constructing_actor_cnt, current val is 208
I1013 17:06:48.102908 11049 naive_actor.cpp:25] actor 2199023255562 switch to &NaiveActor::HandlerNormal
I1013 17:06:48.102980 11049 thread.cpp:96] Thread 1048576 construct Actor kNormalForward 2199023255562
I1013 17:06:48.103003 11052 naive_actor.cpp:25] actor 1099517919232 switch to &NaiveActor::HandlerNormal
I1013 17:06:48.103063 11052 thread.cpp:96] Thread 524291 construct Actor kDeviceTick 1099517919232
I1013 17:06:48.103067 11057 naive_actor.cpp:25] actor 2199029547014 switch to &NaiveActor::HandlerNormal
I1013 17:06:48.103158 11052 runtime_context.cpp:29] DecreaseCounter constructing_actor_cnt, current val is 206
I1013 17:06:48.103117 11049 runtime_context.cpp:29] DecreaseCounter constructing_actor_cnt, current val is 207
I1013 17:06:48.103166 11057 thread.cpp:96] Thread 1048579 construct Actor kCollectiveBoxingGeneric 2199029547014
I1013 17:06:48.103346 11057 runtime_context.cpp:29] DecreaseCounter constructing_actor_cnt, current val is 205
I1013 17:06:48.103518 11051 naive_actor.cpp:25] actor 1099513724931 switch to &NaiveActor::HandlerNormal
I1013 17:06:48.103544 11057 naive_actor.cpp:25] actor 2199029547008 switch to &NaiveActor::HandlerNormal
I1013 17:06:48.103605 11052 naive_actor.cpp:25] actor 1099517919237 switch to &NaiveActor::HandlerNormal
I1013 17:06:48.103582 11051 thread.cpp:96] Thread 524289 construct Actor kNormalForward 1099513724931
I1013 17:06:48.103627 11057 thread.cpp:96] Thread 1048579 construct Actor kCollectiveBoxingGeneric 2199029547008
I1013 17:06:48.103665 11052 thread.cpp:96] Thread 524291 construct Actor kDstSubsetTick 1099517919237
I1013 17:06:48.103749 11051 runtime_context.cpp:29] DecreaseCounter constructing_actor_cnt, current val is 204
I1013 17:06:48.103763 11057 runtime_context.cpp:29] DecreaseCounter constructing_actor_cnt, current val is 203
I1013 17:06:48.103977 11052 runtime_context.cpp:29] DecreaseCounter constructing_actor_cnt, current val is 202
I1013 17:06:48.104089 11049 naive_actor.cpp:25] actor 2199023255586 switch to &NaiveActor::HandlerNormal
I1013 17:06:48.104104 11057 naive_actor.cpp:25] actor 2199029547023 switch to &NaiveActor::HandlerNormal
I1013 17:06:48.104153 11049 thread.cpp:96] Thread 1048576 construct Actor kNormalForward 2199023255586
I1013 17:06:48.104194 11057 thread.cpp:96] Thread 1048579 construct Actor kCollectiveBoxingGeneric 2199029547023
I1013 17:06:48.104285 11049 runtime_context.cpp:29] DecreaseCounter constructing_actor_cnt, current val is 201
I1013 17:06:48.104292 11057 runtime_context.cpp:29] DecreaseCounter constructing_actor_cnt, current val is 200
I1013 17:06:48.104596 11057 naive_actor.cpp:25] actor 2199029547018 switch to &NaiveActor::HandlerNormal
I1013 17:06:48.104683 11057 thread.cpp:96] Thread 1048579 construct Actor kCollectiveBoxingGeneric 2199029547018
I1013 17:06:48.104799 11057 runtime_context.cpp:29] DecreaseCounter constructing_actor_cnt, current val is 199
I1013 17:06:48.105046 11057 naive_actor.cpp:25] actor 2199029547022 switch to &NaiveActor::HandlerNormal
I1013 17:06:48.105099 11057 thread.cpp:96] Thread 1048579 construct Actor kCollectiveBoxingGeneric 2199029547022
I1013 17:06:48.105166 11057 runtime_context.cpp:29] DecreaseCounter constructing_actor_cnt, current val is 198
I1013 17:06:48.105386 11057 naive_actor.cpp:25] actor 2199029547025 switch to &NaiveActor::HandlerNormal
I1013 17:06:48.105465 11057 thread.cpp:96] Thread 1048579 construct Actor kCollectiveBoxingGeneric 2199029547025
I1013 17:06:48.105540 11057 runtime_context.cpp:29] DecreaseCounter constructing_actor_cnt, current val is 197
I1013 17:06:48.105602 11049 naive_actor.cpp:25] actor 2199023255564 switch to &NaiveActor::HandlerNormal
I1013 17:06:48.105674 11049 thread.cpp:96] Thread 1048576 construct Actor kNormalForward 2199023255564
I1013 17:06:48.105754 11057 naive_actor.cpp:25] actor 2199029547017 switch to &NaiveActor::HandlerNormal
I1013 17:06:48.105785 11049 runtime_context.cpp:29] DecreaseCounter constructing_actor_cnt, current val is 196
I1013 17:06:48.105809 11057 thread.cpp:96] Thread 1048579 construct Actor kCollectiveBoxingGeneric 2199029547017
I1013 17:06:48.105919 11057 runtime_context.cpp:29] DecreaseCounter constructing_actor_cnt, current val is 195
I1013 17:06:48.106137 11057 naive_actor.cpp:25] actor 2199029547020 switch to &NaiveActor::HandlerNormal
I1013 17:06:48.106191 11057 thread.cpp:96] Thread 1048579 construct Actor kCollectiveBoxingGeneric 2199029547020
I1013 17:06:48.106259 11057 runtime_context.cpp:29] DecreaseCounter constructing_actor_cnt, current val is 194
I1013 17:06:48.106485 11057 naive_actor.cpp:25] actor 2199029547013 switch to &NaiveActor::HandlerNormal
I1013 17:06:48.106540 11057 thread.cpp:96] Thread 1048579 construct Actor kCollectiveBoxingGeneric 2199029547013
I1013 17:06:48.106652 11057 runtime_context.cpp:29] DecreaseCounter constructing_actor_cnt, current val is 193
I1013 17:06:48.106875 11057 naive_actor.cpp:25] actor 2199029547021 switch to &NaiveActor::HandlerNormal
I1013 17:06:48.106930 11057 thread.cpp:96] Thread 1048579 construct Actor kCollectiveBoxingGeneric 2199029547021
I1013 17:06:48.106998 11057 runtime_context.cpp:29] DecreaseCounter constructing_actor_cnt, current val is 192
I1013 17:06:48.107116 11049 naive_actor.cpp:25] actor 2199023255560 switch to &NaiveActor::HandlerNormal
I1013 17:06:48.107185 11049 thread.cpp:96] Thread 1048576 construct Actor kNormalForward 2199023255560
I1013 17:06:48.107194 11057 naive_actor.cpp:25] actor 2199029547019 switch to &NaiveActor::HandlerNormal
I1013 17:06:48.107275 11057 thread.cpp:96] Thread 1048579 construct Actor kCollectiveBoxingGeneric 2199029547019
I1013 17:06:48.107308 11049 runtime_context.cpp:29] DecreaseCounter constructing_actor_cnt, current val is 191
I1013 17:06:48.107398 11057 runtime_context.cpp:29] DecreaseCounter constructing_actor_cnt, current val is 190
I1013 17:06:48.108549 11049 naive_actor.cpp:25] actor 2199023255569 switch to &NaiveActor::HandlerNormal
I1013 17:06:48.108618 11049 thread.cpp:96] Thread 1048576 construct Actor kNormalForward 2199023255569
I1013 17:06:48.108736 11049 runtime_context.cpp:29] DecreaseCounter constructing_actor_cnt, current val is 189
I1013 17:06:48.109161 11049 naive_actor.cpp:25] actor 2199023255570 switch to &NaiveActor::HandlerNormal
I1013 17:06:48.109225 11049 thread.cpp:96] Thread 1048576 construct Actor kNormalForward 2199023255570
I1013 17:06:48.109325 11049 runtime_context.cpp:29] DecreaseCounter constructing_actor_cnt, current val is 188
I1013 17:06:48.109710 11049 naive_actor.cpp:25] actor 2199023255557 switch to &NaiveActor::HandlerNormal
I1013 17:06:48.109791 11049 thread.cpp:96] Thread 1048576 construct Actor kNormalForward 2199023255557
I1013 17:06:48.109891 11049 runtime_context.cpp:29] DecreaseCounter constructing_actor_cnt, current val is 187
I1013 17:06:48.111162 11049 naive_actor.cpp:25] actor 2199023255567 switch to &NaiveActor::HandlerNormal
I1013 17:06:48.111222 11049 thread.cpp:96] Thread 1048576 construct Actor kNormalForward 2199023255567
I1013 17:06:48.111307 11049 runtime_context.cpp:29] DecreaseCounter constructing_actor_cnt, current val is 186
I1013 17:06:48.111702 11049 naive_actor.cpp:25] actor 2199023255553 switch to &NaiveActor::HandlerNormal
I1013 17:06:48.111740 11050 naive_actor.cpp:25] actor 1099511627776 switch to &NaiveActor::HandlerNormal
I1013 17:06:48.111773 11049 thread.cpp:96] Thread 1048576 construct Actor kNormalForward 2199023255553
I1013 17:06:48.111814 11050 thread.cpp:96] Thread 524288 construct Actor kNormalForward 1099511627776
I1013 17:06:48.111905 11049 runtime_context.cpp:29] DecreaseCounter constructing_actor_cnt, current val is 185
I1013 17:06:48.111930 11050 runtime_context.cpp:29] DecreaseCounter constructing_actor_cnt, current val is 184
I1013 17:06:48.112210 11050 naive_actor.cpp:25] actor 1099511627779 switch to &NaiveActor::HandlerNormal
I1013 17:06:48.112254 11050 thread.cpp:96] Thread 524288 construct Actor kNormalForward 1099511627779
I1013 17:06:48.112322 11050 runtime_context.cpp:29] DecreaseCounter constructing_actor_cnt, current val is 183
I1013 17:06:48.112896 11050 naive_actor.cpp:25] actor 1099511627780 switch to &NaiveActor::HandlerNormal
I1013 17:06:48.112946 11050 thread.cpp:96] Thread 524288 construct Actor kNormalForward 1099511627780
I1013 17:06:48.112955 11049 naive_actor.cpp:25] actor 2199023255554 switch to &NaiveActor::HandlerNormal
I1013 17:06:48.113008 11050 runtime_context.cpp:29] DecreaseCounter constructing_actor_cnt, current val is 182
I1013 17:06:48.113024 11049 thread.cpp:96] Thread 1048576 construct Actor kNormalForward 2199023255554
I1013 17:06:48.113138 11049 runtime_context.cpp:29] DecreaseCounter constructing_actor_cnt, current val is 181
I1013 17:06:48.114086 11049 naive_actor.cpp:25] actor 2199023255558 switch to &NaiveActor::HandlerNormal
I1013 17:06:48.114153 11049 thread.cpp:96] Thread 1048576 construct Actor kNormalForward 2199023255558
I1013 17:06:48.114233 11049 runtime_context.cpp:29] DecreaseCounter constructing_actor_cnt, current val is 180
I1013 17:06:48.115119 11049 naive_actor.cpp:25] actor 2199023255559 switch to &NaiveActor::HandlerNormal
I1013 17:06:48.115175 11049 thread.cpp:96] Thread 1048576 construct Actor kNormalForward 2199023255559
I1013 17:06:48.115257 11049 runtime_context.cpp:29] DecreaseCounter constructing_actor_cnt, current val is 179
I1013 17:06:48.117321 11049 naive_actor.cpp:25] actor 2199023255566 switch to &NaiveActor::HandlerNormal
I1013 17:06:48.117379 11049 thread.cpp:96] Thread 1048576 construct Actor kNormalForward 2199023255566
I1013 17:06:48.117461 11049 runtime_context.cpp:29] DecreaseCounter constructing_actor_cnt, current val is 178
I1013 17:06:48.118386 11049 naive_actor.cpp:25] actor 2199023255556 switch to &NaiveActor::HandlerNormal
I1013 17:06:48.118559 11049 thread.cpp:96] Thread 1048576 construct Actor kNormalForward 2199023255556
I1013 17:06:48.118678 11049 runtime_context.cpp:29] DecreaseCounter constructing_actor_cnt, current val is 177
I1013 17:06:48.119684 11049 naive_actor.cpp:25] actor 2199023255576 switch to &NaiveActor::HandlerNormal
I1013 17:06:48.119736 11049 thread.cpp:96] Thread 1048576 construct Actor kNormalForward 2199023255576
I1013 17:06:48.119822 11049 runtime_context.cpp:29] DecreaseCounter constructing_actor_cnt, current val is 176
I1013 17:06:48.120532 11049 naive_actor.cpp:25] actor 2199023255579 switch to &NaiveActor::HandlerNormal
I1013 17:06:48.120594 11049 thread.cpp:96] Thread 1048576 construct Actor kNormalForward 2199023255579
I1013 17:06:48.120673 11049 runtime_context.cpp:29] DecreaseCounter constructing_actor_cnt, current val is 175
I1013 17:06:48.121039 11049 naive_actor.cpp:25] actor 2199023255610 switch to &NaiveActor::HandlerNormal
I1013 17:06:48.121091 11049 thread.cpp:96] Thread 1048576 construct Actor kNormalForward 2199023255610
I1013 17:06:48.121166 11049 runtime_context.cpp:29] DecreaseCounter constructing_actor_cnt, current val is 174
I1013 17:06:48.122429 11049 naive_actor.cpp:25] actor 2199023255573 switch to &NaiveActor::HandlerNormal
I1013 17:06:48.122485 11049 thread.cpp:96] Thread 1048576 construct Actor kNormalForward 2199023255573
I1013 17:06:48.122576 11049 runtime_context.cpp:29] DecreaseCounter constructing_actor_cnt, current val is 173
I1013 17:06:48.122949 11049 naive_actor.cpp:25] actor 2199023255575 switch to &NaiveActor::HandlerNormal
I1013 17:06:48.122999 11049 thread.cpp:96] Thread 1048576 construct Actor kNormalForward 2199023255575
I1013 17:06:48.123078 11049 runtime_context.cpp:29] DecreaseCounter constructing_actor_cnt, current val is 172
I1013 17:06:48.123391 11049 naive_actor.cpp:25] actor 2199023255568 switch to &NaiveActor::HandlerNormal
I1013 17:06:48.123446 11049 thread.cpp:96] Thread 1048576 construct Actor kNormalForward 2199023255568
I1013 17:06:48.123526 11049 runtime_context.cpp:29] DecreaseCounter constructing_actor_cnt, current val is 171
I1013 17:06:48.124274 11049 naive_actor.cpp:25] actor 2199023255593 switch to &NaiveActor::HandlerNormal
I1013 17:06:48.124323 11049 thread.cpp:96] Thread 1048576 construct Actor kNormalForward 2199023255593
I1013 17:06:48.124397 11049 runtime_context.cpp:29] DecreaseCounter constructing_actor_cnt, current val is 170
I1013 17:06:48.125557 11049 naive_actor.cpp:25] actor 2199023255594 switch to &NaiveActor::HandlerNormal
I1013 17:06:48.125630 11049 thread.cpp:96] Thread 1048576 construct Actor kNormalForward 2199023255594
I1013 17:06:48.125711 11049 runtime_context.cpp:29] DecreaseCounter constructing_actor_cnt, current val is 169
I1013 17:06:48.126058 11049 naive_actor.cpp:25] actor 2199023255561 switch to &NaiveActor::HandlerNormal
I1013 17:06:48.126114 11049 thread.cpp:96] Thread 1048576 construct Actor kNormalForward 2199023255561
I1013 17:06:48.126186 11049 runtime_context.cpp:29] DecreaseCounter constructing_actor_cnt, current val is 168
I1013 17:06:48.127112 11049 naive_actor.cpp:25] actor 2199023255581 switch to &NaiveActor::HandlerNormal
I1013 17:06:48.127163 11049 thread.cpp:96] Thread 1048576 construct Actor kNormalForward 2199023255581
I1013 17:06:48.127240 11049 runtime_context.cpp:29] DecreaseCounter constructing_actor_cnt, current val is 167
I1013 17:06:48.127575 11049 naive_actor.cpp:25] actor 2199023255605 switch to &NaiveActor::HandlerNormal
I1013 17:06:48.127655 11049 thread.cpp:96] Thread 1048576 construct Actor kNormalForward 2199023255605
I1013 17:06:48.127725 11049 runtime_context.cpp:29] DecreaseCounter constructing_actor_cnt, current val is 166
I1013 17:06:48.128451 11049 naive_actor.cpp:25] actor 2199023255644 switch to &NaiveActor::HandlerNormal
I1013 17:06:48.128501 11049 thread.cpp:96] Thread 1048576 construct Actor kNormalForward 2199023255644
I1013 17:06:48.128588 11049 runtime_context.cpp:29] DecreaseCounter constructing_actor_cnt, current val is 165
I1013 17:06:48.128929 11049 naive_actor.cpp:25] actor 2199023255591 switch to &NaiveActor::HandlerNormal
I1013 17:06:48.128993 11049 thread.cpp:96] Thread 1048576 construct Actor kNormalForward 2199023255591
I1013 17:06:48.129071 11049 runtime_context.cpp:29] DecreaseCounter constructing_actor_cnt, current val is 164
I1013 17:06:48.129384 11049 naive_actor.cpp:25] actor 2199023255577 switch to &NaiveActor::HandlerNormal
I1013 17:06:48.129477 11049 thread.cpp:96] Thread 1048576 construct Actor kNormalForward 2199023255577
I1013 17:06:48.129549 11049 runtime_context.cpp:29] DecreaseCounter constructing_actor_cnt, current val is 163
I1013 17:06:48.130267 11049 naive_actor.cpp:25] actor 2199023255565 switch to &NaiveActor::HandlerNormal
I1013 17:06:48.130322 11049 thread.cpp:96] Thread 1048576 construct Actor kNormalForward 2199023255565
I1013 17:06:48.130390 11049 runtime_context.cpp:29] DecreaseCounter constructing_actor_cnt, current val is 162
I1013 17:06:48.131224 11049 naive_actor.cpp:25] actor 2199023255578 switch to &NaiveActor::HandlerNormal
I1013 17:06:48.131548 11049 thread.cpp:96] Thread 1048576 construct Actor kNormalForward 2199023255578
I1013 17:06:48.131824 11049 runtime_context.cpp:29] DecreaseCounter constructing_actor_cnt, current val is 161
I1013 17:06:48.133008 11049 naive_actor.cpp:25] actor 2199023255601 switch to &NaiveActor::HandlerNormal
I1013 17:06:48.133064 11049 thread.cpp:96] Thread 1048576 construct Actor kNormalForward 2199023255601
I1013 17:06:48.133139 11049 runtime_context.cpp:29] DecreaseCounter constructing_actor_cnt, current val is 160
I1013 17:06:48.134042 11049 naive_actor.cpp:25] actor 2199023255574 switch to &NaiveActor::HandlerNormal
I1013 17:06:48.134089 11049 thread.cpp:96] Thread 1048576 construct Actor kNormalForward 2199023255574
I1013 17:06:48.134162 11049 runtime_context.cpp:29] DecreaseCounter constructing_actor_cnt, current val is 159
I1013 17:06:48.134850 11049 naive_actor.cpp:25] actor 2199023255625 switch to &NaiveActor::HandlerNormal
I1013 17:06:48.134902 11049 thread.cpp:96] Thread 1048576 construct Actor kNormalForward 2199023255625
I1013 17:06:48.134974 11049 runtime_context.cpp:29] DecreaseCounter constructing_actor_cnt, current val is 158
I1013 17:06:48.135740 11049 naive_actor.cpp:25] actor 2199023255571 switch to &NaiveActor::HandlerNormal
I1013 17:06:48.135787 11049 thread.cpp:96] Thread 1048576 construct Actor kNormalForward 2199023255571
I1013 17:06:48.135869 11049 runtime_context.cpp:29] DecreaseCounter constructing_actor_cnt, current val is 157
I1013 17:06:48.136668 11049 naive_actor.cpp:25] actor 2199023255595 switch to &NaiveActor::HandlerNormal
I1013 17:06:48.136716 11049 thread.cpp:96] Thread 1048576 construct Actor kNormalForward 2199023255595
I1013 17:06:48.136786 11049 runtime_context.cpp:29] DecreaseCounter constructing_actor_cnt, current val is 156
I1013 17:06:48.138209 11049 naive_actor.cpp:25] actor 2199023255580 switch to &NaiveActor::HandlerNormal
I1013 17:06:48.138263 11049 thread.cpp:96] Thread 1048576 construct Actor kNormalForward 2199023255580
I1013 17:06:48.138330 11049 runtime_context.cpp:29] DecreaseCounter constructing_actor_cnt, current val is 155
I1013 17:06:48.139020 11049 naive_actor.cpp:25] actor 2199023255600 switch to &NaiveActor::HandlerNormal
I1013 17:06:48.139070 11049 thread.cpp:96] Thread 1048576 construct Actor kNormalForward 2199023255600
I1013 17:06:48.139132 11049 runtime_context.cpp:29] DecreaseCounter constructing_actor_cnt, current val is 154
I1013 17:06:48.139433 11049 naive_actor.cpp:25] actor 2199023255603 switch to &NaiveActor::HandlerNormal
I1013 17:06:48.139479 11049 thread.cpp:96] Thread 1048576 construct Actor kNormalForward 2199023255603
I1013 17:06:48.139545 11049 runtime_context.cpp:29] DecreaseCounter constructing_actor_cnt, current val is 153
I1013 17:06:48.139830 11049 naive_actor.cpp:25] actor 2199023255563 switch to &NaiveActor::HandlerNormal
I1013 17:06:48.139876 11049 thread.cpp:96] Thread 1048576 construct Actor kNormalForward 2199023255563
I1013 17:06:48.139940 11049 runtime_context.cpp:29] DecreaseCounter constructing_actor_cnt, current val is 152
I1013 17:06:48.140755 11049 naive_actor.cpp:25] actor 2199023255627 switch to &NaiveActor::HandlerNormal
I1013 17:06:48.140813 11049 thread.cpp:96] Thread 1048576 construct Actor kNormalForward 2199023255627
I1013 17:06:48.140887 11049 runtime_context.cpp:29] DecreaseCounter constructing_actor_cnt, current val is 151
I1013 17:06:48.141705 11049 naive_actor.cpp:25] actor 2199023255588 switch to &NaiveActor::HandlerNormal
I1013 17:06:48.141754 11049 thread.cpp:96] Thread 1048576 construct Actor kNormalForward 2199023255588
I1013 17:06:48.141827 11049 runtime_context.cpp:29] DecreaseCounter constructing_actor_cnt, current val is 150
I1013 17:06:48.142637 11049 naive_actor.cpp:25] actor 2199023255633 switch to &NaiveActor::HandlerNormal
I1013 17:06:48.142693 11049 thread.cpp:96] Thread 1048576 construct Actor kNormalForward 2199023255633
I1013 17:06:48.142767 11049 runtime_context.cpp:29] DecreaseCounter constructing_actor_cnt, current val is 149
I1013 17:06:48.143504 11049 naive_actor.cpp:25] actor 2199023255597 switch to &NaiveActor::HandlerNormal
I1013 17:06:48.143591 11049 thread.cpp:96] Thread 1048576 construct Actor kNormalForward 2199023255597
I1013 17:06:48.143666 11049 runtime_context.cpp:29] DecreaseCounter constructing_actor_cnt, current val is 148
I1013 17:06:48.144407 11049 naive_actor.cpp:25] actor 2199023255599 switch to &NaiveActor::HandlerNormal
I1013 17:06:48.144454 11049 thread.cpp:96] Thread 1048576 construct Actor kNormalForward 2199023255599
I1013 17:06:48.144529 11049 runtime_context.cpp:29] DecreaseCounter constructing_actor_cnt, current val is 147
I1013 17:06:48.145284 11049 naive_actor.cpp:25] actor 2199023255623 switch to &NaiveActor::HandlerNormal
I1013 17:06:48.145329 11049 thread.cpp:96] Thread 1048576 construct Actor kNormalForward 2199023255623
I1013 17:06:48.145396 11049 runtime_context.cpp:29] DecreaseCounter constructing_actor_cnt, current val is 146
I1013 17:06:48.146106 11049 naive_actor.cpp:25] actor 2199023255592 switch to &NaiveActor::HandlerNormal
I1013 17:06:48.146153 11049 thread.cpp:96] Thread 1048576 construct Actor kNormalForward 2199023255592
I1013 17:06:48.146217 11049 runtime_context.cpp:29] DecreaseCounter constructing_actor_cnt, current val is 145
I1013 17:06:48.146950 11049 naive_actor.cpp:25] actor 2199023255617 switch to &NaiveActor::HandlerNormal
I1013 17:06:48.147001 11049 thread.cpp:96] Thread 1048576 construct Actor kNormalForward 2199023255617
I1013 17:06:48.147066 11049 runtime_context.cpp:29] DecreaseCounter constructing_actor_cnt, current val is 144
I1013 17:06:48.147794 11049 naive_actor.cpp:25] actor 2199023255618 switch to &NaiveActor::HandlerNormal
I1013 17:06:48.147838 11049 thread.cpp:96] Thread 1048576 construct Actor kNormalForward 2199023255618
I1013 17:06:48.147903 11049 runtime_context.cpp:29] DecreaseCounter constructing_actor_cnt, current val is 143
I1013 17:06:48.148597 11049 naive_actor.cpp:25] actor 2199023255585 switch to &NaiveActor::HandlerNormal
I1013 17:06:48.148641 11049 thread.cpp:96] Thread 1048576 construct Actor kNormalForward 2199023255585
I1013 17:06:48.148706 11049 runtime_context.cpp:29] DecreaseCounter constructing_actor_cnt, current val is 142
I1013 17:06:48.149435 11049 naive_actor.cpp:25] actor 2199023255609 switch to &NaiveActor::HandlerNormal
I1013 17:06:48.149477 11049 thread.cpp:96] Thread 1048576 construct Actor kNormalForward 2199023255609
I1013 17:06:48.149542 11049 runtime_context.cpp:29] DecreaseCounter constructing_actor_cnt, current val is 141
I1013 17:06:48.149871 11049 naive_actor.cpp:25] actor 2199023255629 switch to &NaiveActor::HandlerNormal
I1013 17:06:48.149921 11049 thread.cpp:96] Thread 1048576 construct Actor kNormalForward 2199023255629
I1013 17:06:48.149981 11049 runtime_context.cpp:29] DecreaseCounter constructing_actor_cnt, current val is 140
I1013 17:06:48.150646 11049 naive_actor.cpp:25] actor 2199023255572 switch to &NaiveActor::HandlerNormal
I1013 17:06:48.150697 11049 thread.cpp:96] Thread 1048576 construct Actor kNormalForward 2199023255572
I1013 17:06:48.150801 11049 runtime_context.cpp:29] DecreaseCounter constructing_actor_cnt, current val is 139
I1013 17:06:48.151541 11049 naive_actor.cpp:25] actor 2199023255642 switch to &NaiveActor::HandlerNormal
I1013 17:06:48.151597 11049 thread.cpp:96] Thread 1048576 construct Actor kNormalForward 2199023255642
I1013 17:06:48.151664 11049 runtime_context.cpp:29] DecreaseCounter constructing_actor_cnt, current val is 138
I1013 17:06:48.152295 11049 naive_actor.cpp:25] actor 2199023255615 switch to &NaiveActor::HandlerNormal
I1013 17:06:48.152339 11049 thread.cpp:96] Thread 1048576 construct Actor kNormalForward 2199023255615
I1013 17:06:48.152400 11049 runtime_context.cpp:29] DecreaseCounter constructing_actor_cnt, current val is 137
I1013 17:06:48.152689 11049 naive_actor.cpp:25] actor 2199023255589 switch to &NaiveActor::HandlerNormal
I1013 17:06:48.152734 11049 thread.cpp:96] Thread 1048576 construct Actor kNormalForward 2199023255589
I1013 17:06:48.152791 11049 runtime_context.cpp:29] DecreaseCounter constructing_actor_cnt, current val is 136
I1013 17:06:48.153580 11049 naive_actor.cpp:25] actor 2199023255602 switch to &NaiveActor::HandlerNormal
I1013 17:06:48.153630 11049 thread.cpp:96] Thread 1048576 construct Actor kNormalForward 2199023255602
I1013 17:06:48.153692 11049 runtime_context.cpp:29] DecreaseCounter constructing_actor_cnt, current val is 135
I1013 17:06:48.153998 11049 naive_actor.cpp:25] actor 2199023255582 switch to &NaiveActor::HandlerNormal
I1013 17:06:48.154043 11049 thread.cpp:96] Thread 1048576 construct Actor kNormalForward 2199023255582
I1013 17:06:48.154104 11049 runtime_context.cpp:29] DecreaseCounter constructing_actor_cnt, current val is 134
I1013 17:06:48.154347 11049 naive_actor.cpp:25] actor 2199023255598 switch to &NaiveActor::HandlerNormal
I1013 17:06:48.154393 11049 thread.cpp:96] Thread 1048576 construct Actor kNormalForward 2199023255598
I1013 17:06:48.154449 11049 runtime_context.cpp:29] DecreaseCounter constructing_actor_cnt, current val is 133
I1013 17:06:48.155172 11049 naive_actor.cpp:25] actor 2199023255583 switch to &NaiveActor::HandlerNormal
I1013 17:06:48.155232 11049 thread.cpp:96] Thread 1048576 construct Actor kNormalForward 2199023255583
I1013 17:06:48.155294 11049 runtime_context.cpp:29] DecreaseCounter constructing_actor_cnt, current val is 132
I1013 17:06:48.155905 11049 naive_actor.cpp:25] actor 2199023255607 switch to &NaiveActor::HandlerNormal
I1013 17:06:48.155948 11049 thread.cpp:96] Thread 1048576 construct Actor kNormalForward 2199023255607
I1013 17:06:48.156004 11049 runtime_context.cpp:29] DecreaseCounter constructing_actor_cnt, current val is 131
I1013 17:06:48.156702 11049 naive_actor.cpp:25] actor 2199023255624 switch to &NaiveActor::HandlerNormal
I1013 17:06:48.156754 11049 thread.cpp:96] Thread 1048576 construct Actor kNormalForward 2199023255624
I1013 17:06:48.156813 11049 runtime_context.cpp:29] DecreaseCounter constructing_actor_cnt, current val is 130
I1013 17:06:48.157474 11049 naive_actor.cpp:25] actor 2199023255653 switch to &NaiveActor::HandlerNormal
I1013 17:06:48.157517 11049 thread.cpp:96] Thread 1048576 construct Actor kNormalForward 2199023255653
I1013 17:06:48.157586 11049 runtime_context.cpp:29] DecreaseCounter constructing_actor_cnt, current val is 129
I1013 17:06:48.158227 11049 naive_actor.cpp:25] actor 2199023255638 switch to &NaiveActor::HandlerNormal
I1013 17:06:48.158272 11049 thread.cpp:96] Thread 1048576 construct Actor kNormalForward 2199023255638
I1013 17:06:48.158334 11049 runtime_context.cpp:29] DecreaseCounter constructing_actor_cnt, current val is 128
I1013 17:06:48.158614 11049 naive_actor.cpp:25] actor 2199023255612 switch to &NaiveActor::HandlerNormal
I1013 17:06:48.158659 11049 thread.cpp:96] Thread 1048576 construct Actor kNormalForward 2199023255612
I1013 17:06:48.158717 11049 runtime_context.cpp:29] DecreaseCounter constructing_actor_cnt, current val is 127
I1013 17:06:48.159407 11049 naive_actor.cpp:25] actor 2199023255657 switch to &NaiveActor::HandlerNormal
I1013 17:06:48.159457 11049 thread.cpp:96] Thread 1048576 construct Actor kNormalForward 2199023255657
I1013 17:06:48.159619 11049 runtime_context.cpp:29] DecreaseCounter constructing_actor_cnt, current val is 126
I1013 17:06:48.160315 11049 naive_actor.cpp:25] actor 2199023255621 switch to &NaiveActor::HandlerNormal
I1013 17:06:48.160356 11049 thread.cpp:96] Thread 1048576 construct Actor kNormalForward 2199023255621
I1013 17:06:48.160415 11049 runtime_context.cpp:29] DecreaseCounter constructing_actor_cnt, current val is 125
I1013 17:06:48.160678 11049 naive_actor.cpp:25] actor 2199023255584 switch to &NaiveActor::HandlerNormal
I1013 17:06:48.160723 11049 thread.cpp:96] Thread 1048576 construct Actor kNormalForward 2199023255584
I1013 17:06:48.160778 11049 runtime_context.cpp:29] DecreaseCounter constructing_actor_cnt, current val is 124
I1013 17:06:48.161424 11049 naive_actor.cpp:25] actor 2199023255681 switch to &NaiveActor::HandlerNormal
I1013 17:06:48.161491 11049 thread.cpp:96] Thread 1048576 construct Actor kNormalForward 2199023255681
I1013 17:06:48.161553 11049 runtime_context.cpp:29] DecreaseCounter constructing_actor_cnt, current val is 123
I1013 17:06:48.162302 11049 naive_actor.cpp:25] actor 2199023255643 switch to &NaiveActor::HandlerNormal
I1013 17:06:48.162362 11049 thread.cpp:96] Thread 1048576 construct Actor kNormalForward 2199023255643
I1013 17:06:48.162428 11049 runtime_context.cpp:29] DecreaseCounter constructing_actor_cnt, current val is 122
I1013 17:06:48.163153 11049 naive_actor.cpp:25] actor 2199023255645 switch to &NaiveActor::HandlerNormal
I1013 17:06:48.163199 11049 thread.cpp:96] Thread 1048576 construct Actor kNormalForward 2199023255645
I1013 17:06:48.163261 11049 runtime_context.cpp:29] DecreaseCounter constructing_actor_cnt, current val is 121
I1013 17:06:48.163899 11049 naive_actor.cpp:25] actor 2199023255640 switch to &NaiveActor::HandlerNormal
I1013 17:06:48.163942 11049 thread.cpp:96] Thread 1048576 construct Actor kNormalForward 2199023255640
I1013 17:06:48.163998 11049 runtime_context.cpp:29] DecreaseCounter constructing_actor_cnt, current val is 120
I1013 17:06:48.164548 11049 naive_actor.cpp:25] actor 2199023255616 switch to &NaiveActor::HandlerNormal
I1013 17:06:48.164605 11049 thread.cpp:96] Thread 1048576 construct Actor kNormalForward 2199023255616
I1013 17:06:48.164662 11049 runtime_context.cpp:29] DecreaseCounter constructing_actor_cnt, current val is 119
I1013 17:06:48.165374 11049 naive_actor.cpp:25] actor 2199023255652 switch to &NaiveActor::HandlerNormal
I1013 17:06:48.165418 11049 thread.cpp:96] Thread 1048576 construct Actor kNormalForward 2199023255652
I1013 17:06:48.165478 11049 runtime_context.cpp:29] DecreaseCounter constructing_actor_cnt, current val is 118
I1013 17:06:48.166169 11049 naive_actor.cpp:25] actor 2199023255676 switch to &NaiveActor::HandlerNormal
I1013 17:06:48.166210 11049 thread.cpp:96] Thread 1048576 construct Actor kNormalForward 2199023255676
I1013 17:06:48.166268 11049 runtime_context.cpp:29] DecreaseCounter constructing_actor_cnt, current val is 117
I1013 17:06:48.166936 11049 naive_actor.cpp:25] actor 2199023255668 switch to &NaiveActor::HandlerNormal
I1013 17:06:48.166978 11049 thread.cpp:96] Thread 1048576 construct Actor kNormalForward 2199023255668
I1013 17:06:48.167035 11049 runtime_context.cpp:29] DecreaseCounter constructing_actor_cnt, current val is 116
I1013 17:06:48.167652 11049 naive_actor.cpp:25] actor 2199023255639 switch to &NaiveActor::HandlerNormal
I1013 17:06:48.167694 11049 thread.cpp:96] Thread 1048576 construct Actor kNormalForward 2199023255639
I1013 17:06:48.167776 11049 runtime_context.cpp:29] DecreaseCounter constructing_actor_cnt, current val is 115
I1013 17:06:48.168030 11049 naive_actor.cpp:25] actor 2199023255596 switch to &NaiveActor::HandlerNormal
I1013 17:06:48.168079 11049 thread.cpp:96] Thread 1048576 construct Actor kNormalForward 2199023255596
I1013 17:06:48.168136 11049 runtime_context.cpp:29] DecreaseCounter constructing_actor_cnt, current val is 114
I1013 17:06:48.168817 11049 naive_actor.cpp:25] actor 2199023255666 switch to &NaiveActor::HandlerNormal
I1013 17:06:48.168912 11049 thread.cpp:96] Thread 1048576 construct Actor kNormalForward 2199023255666
I1013 17:06:48.168980 11049 runtime_context.cpp:29] DecreaseCounter constructing_actor_cnt, current val is 113
I1013 17:06:48.169642 11049 naive_actor.cpp:25] actor 2199023255637 switch to &NaiveActor::HandlerNormal
I1013 17:06:48.169687 11049 thread.cpp:96] Thread 1048576 construct Actor kNormalForward 2199023255637
I1013 17:06:48.169749 11049 runtime_context.cpp:29] DecreaseCounter constructing_actor_cnt, current val is 112
I1013 17:06:48.170440 11049 naive_actor.cpp:25] actor 2199023255661 switch to &NaiveActor::HandlerNormal
I1013 17:06:48.170483 11049 thread.cpp:96] Thread 1048576 construct Actor kNormalForward 2199023255661
I1013 17:06:48.170549 11049 runtime_context.cpp:29] DecreaseCounter constructing_actor_cnt, current val is 111
I1013 17:06:48.171236 11049 naive_actor.cpp:25] actor 2199023255646 switch to &NaiveActor::HandlerNormal
I1013 17:06:48.171278 11049 thread.cpp:96] Thread 1048576 construct Actor kNormalForward 2199023255646
I1013 17:06:48.171339 11049 runtime_context.cpp:29] DecreaseCounter constructing_actor_cnt, current val is 110
I1013 17:06:48.172065 11049 naive_actor.cpp:25] actor 2199023255613 switch to &NaiveActor::HandlerNormal
I1013 17:06:48.172220 11049 thread.cpp:96] Thread 1048576 construct Actor kNormalForward 2199023255613
I1013 17:06:48.172353 11049 runtime_context.cpp:29] DecreaseCounter constructing_actor_cnt, current val is 109
I1013 17:06:48.173367 11049 naive_actor.cpp:25] actor 2199023255626 switch to &NaiveActor::HandlerNormal
I1013 17:06:48.173425 11049 thread.cpp:96] Thread 1048576 construct Actor kNormalForward 2199023255626
I1013 17:06:48.173513 11049 runtime_context.cpp:29] DecreaseCounter constructing_actor_cnt, current val is 108
I1013 17:06:48.174238 11049 naive_actor.cpp:25] actor 2199023255622 switch to &NaiveActor::HandlerNormal
I1013 17:06:48.174288 11049 thread.cpp:96] Thread 1048576 construct Actor kNormalForward 2199023255622
I1013 17:06:48.174355 11049 runtime_context.cpp:29] DecreaseCounter constructing_actor_cnt, current val is 107
I1013 17:06:48.175182 11049 naive_actor.cpp:25] actor 2199023255590 switch to &NaiveActor::HandlerNormal
I1013 17:06:48.175232 11049 thread.cpp:96] Thread 1048576 construct Actor kNormalForward 2199023255590
I1013 17:06:48.175319 11049 runtime_context.cpp:29] DecreaseCounter constructing_actor_cnt, current val is 106
I1013 17:06:48.176121 11049 naive_actor.cpp:25] actor 2199023255636 switch to &NaiveActor::HandlerNormal
I1013 17:06:48.176168 11049 thread.cpp:96] Thread 1048576 construct Actor kNormalForward 2199023255636
I1013 17:06:48.176237 11049 runtime_context.cpp:29] DecreaseCounter constructing_actor_cnt, current val is 105
I1013 17:06:48.176970 11049 naive_actor.cpp:25] actor 2199023255614 switch to &NaiveActor::HandlerNormal
I1013 17:06:48.177017 11049 thread.cpp:96] Thread 1048576 construct Actor kNormalForward 2199023255614
I1013 17:06:48.177084 11049 runtime_context.cpp:29] DecreaseCounter constructing_actor_cnt, current val is 104
I1013 17:06:48.177846 11049 naive_actor.cpp:25] actor 2199023255604 switch to &NaiveActor::HandlerNormal
I1013 17:06:48.177911 11049 thread.cpp:96] Thread 1048576 construct Actor kNormalForward 2199023255604
I1013 17:06:48.177994 11049 runtime_context.cpp:29] DecreaseCounter constructing_actor_cnt, current val is 103
I1013 17:06:48.178313 11049 naive_actor.cpp:25] actor 2199023255631 switch to &NaiveActor::HandlerNormal
I1013 17:06:48.178359 11049 thread.cpp:96] Thread 1048576 construct Actor kNormalForward 2199023255631
I1013 17:06:48.178418 11049 runtime_context.cpp:29] DecreaseCounter constructing_actor_cnt, current val is 102
I1013 17:06:48.179684 11049 naive_actor.cpp:25] actor 2199023255587 switch to &NaiveActor::HandlerNormal
I1013 17:06:48.179738 11049 thread.cpp:96] Thread 1048576 construct Actor kNormalForward 2199023255587
I1013 17:06:48.179808 11049 runtime_context.cpp:29] DecreaseCounter constructing_actor_cnt, current val is 101
I1013 17:06:48.180660 11049 naive_actor.cpp:25] actor 2199023255677 switch to &NaiveActor::HandlerNormal
I1013 17:06:48.180811 11049 thread.cpp:96] Thread 1048576 construct Actor kNormalForward 2199023255677
I1013 17:06:48.180914 11049 runtime_context.cpp:29] DecreaseCounter constructing_actor_cnt, current val is 100
I1013 17:06:48.181768 11049 naive_actor.cpp:25] actor 2199023255662 switch to &NaiveActor::HandlerNormal
I1013 17:06:48.181819 11049 thread.cpp:96] Thread 1048576 construct Actor kNormalForward 2199023255662
I1013 17:06:48.181895 11049 runtime_context.cpp:29] DecreaseCounter constructing_actor_cnt, current val is 99
I1013 17:06:48.183022 11049 naive_actor.cpp:25] actor 2199023255608 switch to &NaiveActor::HandlerNormal
I1013 17:06:48.183068 11049 thread.cpp:96] Thread 1048576 construct Actor kNormalForward 2199023255608
